
<?xml version="1.0" ?>

<verbosegc xmlns="http://www.ibm.com/j9/verbosegc" version="10b4217_CMPRSS">

<gc check installed>
<initialized id="1" timestamp="2019-08-11T07:38:29.084">
  <attribute name="gcPolicy" value="-Xgcpolicy:gencon" />
  <attribute name="elasticGC enabled" value="1" />
  <attribute name= "numThreadsSpecified" value="0" />
  <attribute name="heapSize specified" value="0" />
  <attribute name="Current GC Util" value="0" />
  <attribute name= "Current Time Running" value="0" />
  <attribute name ="GC Interval" value="0" />
  <attribute name="ProportionalT" value="0.000000" />
  <attribute name="ProportionalI" value="0.000000" />
  <attribute name="ProportionalH" value="0.000000" />
  <attribute name="IntegralT" value="0.000000" />
  <attribute name="IntegralI" value="0.000000" />
  <attribute name="IntegralH" value="0.000000" />
  <attribute name="DerivativeT" value="0.000000" />
  <attribute name="DerivativeI" value="0.000000" />
  <attribute name="DerivativeH" value="0.000000" />
  <attribute name="Target GC Util Change" value ="0.000000" />
  <attribute name="Current GC Util Change" value="0.000000"/>
  <attribute name="Current Error" value="0.000000" />
  <attribute name="Loop Time for DT" value="0.000000" />
  <attribute name="Output H" value="0"/>
  <attribute name="Output I" value="0"/>
  <attribute name="Output T" value="0"/>
  <attribute name="GC Util currently" value="0" />
  <attribute name="CPU Util currently" value="0" />
  <attribute name="maxHeapSize" value="0xfa900000" />
  <attribute name="initialHeapSize" value="0x800000" />
  <attribute name="compressedRefs" value="true" />
  <attribute name="compressedRefsDisplacement" value="0x0" />
  <attribute name="compressedRefsShift" value="0x3" />
  <attribute name="pageSize" value="0x1000" />
  <attribute name="pageType" value="not used" />
  <attribute name="requestedPageSize" value="0x1000" />
  <attribute name="requestedPageType" value="not used" />
  <attribute name="gcthreads" value="16" />
  <attribute name="gcthreads Concurrent Mark" value="1" />
  <attribute name="packetListSplit" value="16" />
  <attribute name="cacheListSplit" value="16" />
  <attribute name="splitFreeListSplitAmount" value="2" />
  <attribute name="numaNodes" value="0" />
  <system>
    <attribute name="physicalMemory" value="16815001600" />
    <attribute name="numCPUs" value="16" />
    <attribute name="architecture" value="amd64" />
    <attribute name="os" value="Linux" />
    <attribute name="osVersion" value="4.15.0" />
  </system>
  <vmargs>
    <vmarg name="-Xoptionsfile=/jdk/lib/options.default" />
    <vmarg name="-Xlockword:mode=default,noLockword=java/lang/String,noLockword=java/util/MapEntry,noLockword=java/util/HashMap$Entry,noLockword..." />
    <vmarg name="-Xjcl:jclse29" />
    <vmarg name="-Dcom.ibm.oti.vm.bootstrap.library.path=/jdk/lib/compressedrefs:/jdk/lib" />
    <vmarg name="-Dsun.boot.library.path=/jdk/lib/compressedrefs:/jdk/lib" />
    <vmarg name="-Djava.library.path=/jdk/lib/compressedrefs:/jdk/lib:/usr/lib64:/usr/lib" />
    <vmarg name="-Djava.home=/jdk" />
    <vmarg name="-Duser.dir=/" />
    <vmarg name="-Xgcelastic" />
    <vmarg name="-Xcheck:gc:::elasticGC" />
    <vmarg name="-verbose:gc" />
    <vmarg name="-Djava.class.path=dacapo-9.12-MR1-bach.jar" />
    <vmarg name="-Dsun.java.command=dacapo-9.12-MR1-bach.jar avrora jython pmd sunflow xalan --size=large" />
    <vmarg name="-Dsun.java.launcher=SUN_STANDARD" />
    <vmarg name="-Dsun.java.launcher.pid=1" />
  </vmargs>
</initialized>

<exclusive-start id="2" timestamp="2019-08-11T07:38:29.223" intervalms="138.945">
  <response-info timems="0.035" idlems="0.035" threads="0" lastid="0000000000880F00" lastname="main" />
</exclusive-start>
<af-start id="3" threadId="0000000000881888" totalBytesRequested="15632" timestamp="2019-08-11T07:38:29.223" intervalms="139.019" type="nursery" />
<cycle-start id="4" type="scavenge" contextid="0" timestamp="2019-08-11T07:38:29.223" intervalms="139.042" />
<gc check: start verifying slots before local gc (1)>
<gc check: finished verifying slots before local gc (1)>
<gc-start id="5" type="scavenge" contextid="4" timestamp="2019-08-11T07:38:29.227">
  <mem-info id="6" free="6064760" total="8388608" percent="72">
    <mem type="nursery" free="0" total="2097152" percent="0">
      <mem type="allocate" free="0" total="1048576" percent="0" />
      <mem type="survivor" free="0" total="1048576" percent="0" />
    </mem>
    <mem type="tenure" free="6064760" total="6291456" percent="96">
      <mem type="soa" free="5750392" total="5977088" percent="96" />
      <mem type="loa" free="314368" total="314368" percent="100" />
    </mem>
    <remembered-set count="3125" />
  </mem-info>
</gc-start>
<allocation-stats totalBytes="1254720" >
  <allocated-bytes non-tlh="268280" tlh="986440" />
  <largest-consumer threadName="main" threadId="0000000000880F00" bytes="1157240" />
</allocation-stats>
<gc-op id="7" type="scavenge" timems="1.577" contextid="4" timestamp="2019-08-11T07:38:29.229">
  <scavenger-info tenureage="2" tenuremask="fffc" tiltratio="50" />
  <memory-copied type="nursery" objects="10588" bytes="503816" bytesdiscarded="169240" />
  <finalization candidates="11" enqueued="0" />
  <references type="soft" candidates="62" cleared="0" enqueued="0" dynamicThreshold="32" maxThreshold="32" />
  <references type="weak" candidates="284" cleared="152" enqueued="116" />
  <references type="phantom" candidates="19" cleared="3" enqueued="3" />
</gc-op>
<gc check: start verifying slots after local gc (1)>
<gc check: finished verifying slots after local gc (1)>
<gc-end id="8" type="scavenge" contextid="4" durationms="4.896" usertimems="6.865" systemtimems="0.000" timestamp="2019-08-11T07:38:29.232" activeThreads="16">
  <mem-info id="9" free="6438080" total="8388608" percent="76">
    <mem type="nursery" free="373320" total="2097152" percent="17">
      <mem type="allocate" free="373320" total="1048576" percent="35" />
      <mem type="survivor" free="0" total="1048576" percent="0" />
    </mem>
    <mem type="tenure" free="6064760" total="6291456" percent="96">
      <mem type="soa" free="5750392" total="5977088" percent="96" />
      <mem type="loa" free="314368" total="314368" percent="100" />
    </mem>
    <pending-finalizers system="0" default="0" reference="119" classloader="0" />
    <remembered-set count="3125" />
  </mem-info>
</gc-end>
<cycle-end id="10" type="scavenge" contextid="4" timestamp="2019-08-11T07:38:29.232" />
  <attribute name="elasticGC enabled" value="1" />
  <attribute name= "numThreadsSpecified" value="0" />
  <attribute name="heapSize specified" value="0" />
  <attribute name="Current GC Util" value="0" />
  <attribute name= "Current Time Running" value="67" />
  <attribute name ="GC Interval" value="1" />
  <attribute name="ProportionalT" value="0.000000" />
  <attribute name="ProportionalI" value="0.000000" />
  <attribute name="ProportionalH" value="0.000000" />
  <attribute name="Current Error" value="0.000000" />
  <attribute name="IntegralT" value="0.000000" />
  <attribute name="IntegralI" value="0.000000" />
  <attribute name="IntegralH" value="0.000000" />
  <attribute name="DerivativeT" value="0.000000" />
  <attribute name="DerivativeI" value="0.000000" />
  <attribute name="DerivativeH" value="0.000000" />
  <attribute name="Loop Time for DT" value="0.000000" />
  <attribute name="Output H" value="0"/>
  <attribute name="Output I" value="0"/>
  <attribute name="Output T" value="0"/>
  <attribute name="Target GC Util Change" value ="80.000000" />
  <attribute name="Current GC Util Change" value="0.000000"/>
  <attribute name="GC Util currently" value="0" />
  <attribute name="CPU Util currently" value="8" />
<allocation-satisfied id="11" threadId="0000000000880F00" bytesRequested="15632" />
<af-end id="12" timestamp="2019-08-11T07:38:29.232" threadId="0000000000881888" success="true" from="nursery"/>
<exclusive-end id="13" timestamp="2019-08-11T07:38:29.232" durationms="9.546" />

<exclusive-start id="14" timestamp="2019-08-11T07:38:29.252" intervalms="29.534">
  <response-info timems="0.012" idlems="0.012" threads="0" lastid="0000000000880F00" lastname="main" />
</exclusive-start>
<af-start id="15" threadId="0000000000881888" totalBytesRequested="96" timestamp="2019-08-11T07:38:29.252" intervalms="29.498" type="nursery" />
<cycle-start id="16" type="scavenge" contextid="0" timestamp="2019-08-11T07:38:29.252" intervalms="29.493" />
<gc check: start verifying slots before local gc (2)>
<gc check: finished verifying slots before local gc (2)>
<gc-start id="17" type="scavenge" contextid="16" timestamp="2019-08-11T07:38:29.256">
  <mem-info id="18" free="6054880" total="8388608" percent="72">
    <mem type="nursery" free="0" total="2097152" percent="0">
      <mem type="allocate" free="0" total="1048576" percent="0" />
      <mem type="survivor" free="0" total="1048576" percent="0" />
    </mem>
    <mem type="tenure" free="6054880" total="6291456" percent="96">
      <mem type="soa" free="5740512" total="5977088" percent="96" />
      <mem type="loa" free="314368" total="314368" percent="100" />
    </mem>
    <remembered-set count="3262" />
  </mem-info>
</gc-start>
<allocation-stats totalBytes="381904" >
  <allocated-bytes non-tlh="25512" tlh="356392" />
  <largest-consumer threadName="main" threadId="0000000000880F00" bytes="369928" />
</allocation-stats>
<gc-op id="19" type="scavenge" timems="1.538" contextid="16" timestamp="2019-08-11T07:38:29.258">
  <scavenger-info tenureage="5" tenuremask="7fe0" tiltratio="50" />
  <memory-copied type="nursery" objects="11073" bytes="493688" bytesdiscarded="110360" />
  <finalization candidates="11" enqueued="0" />
  <references type="soft" candidates="62" cleared="0" enqueued="0" dynamicThreshold="32" maxThreshold="32" />
  <references type="weak" candidates="261" cleared="117" enqueued="114" />
  <references type="phantom" candidates="41" cleared="14" enqueued="14" />
</gc-op>
<gc check: start verifying slots after local gc (2)>
<gc check: finished verifying slots after local gc (2)>
<gc-end id="20" type="scavenge" contextid="16" durationms="4.982" usertimems="6.942" systemtimems="0.000" timestamp="2019-08-11T07:38:29.261" activeThreads="16">
  <mem-info id="21" free="6497848" total="8388608" percent="77">
    <mem type="nursery" free="442968" total="2097152" percent="21">
      <mem type="allocate" free="442968" total="1048576" percent="42" />
      <mem type="survivor" free="0" total="1048576" percent="0" />
    </mem>
    <mem type="tenure" free="6054880" total="6291456" percent="96">
      <mem type="soa" free="5740512" total="5977088" percent="96" />
      <mem type="loa" free="314368" total="314368" percent="100" />
    </mem>
    <pending-finalizers system="0" default="0" reference="128" classloader="0" />
    <remembered-set count="3262" />
  </mem-info>
</gc-end>
<cycle-end id="22" type="scavenge" contextid="16" timestamp="2019-08-11T07:38:29.261" />
  <attribute name="elasticGC enabled" value="1" />
  <attribute name= "numThreadsSpecified" value="0" />
  <attribute name="heapSize specified" value="0" />
  <attribute name="Current GC Util" value="42" />
  <attribute name= "Current Time Running" value="96" />
  <attribute name ="GC Interval" value="1" />
  <attribute name="ProportionalT" value="0.000000" />
  <attribute name="ProportionalI" value="0.000000" />
  <attribute name="ProportionalH" value="0.000000" />
  <attribute name="Current Error" value="0.000000" />
  <attribute name="IntegralT" value="0.000000" />
  <attribute name="IntegralI" value="0.000000" />
  <attribute name="IntegralH" value="0.000000" />
  <attribute name="DerivativeT" value="0.000000" />
  <attribute name="DerivativeI" value="0.000000" />
  <attribute name="DerivativeH" value="0.000000" />
  <attribute name="Loop Time for DT" value="67.000000" />
  <attribute name="Output H" value="0"/>
  <attribute name="Output I" value="0"/>
  <attribute name="Output T" value="0"/>
  <attribute name="Target GC Util Change" value ="80.000000" />
  <attribute name="Current GC Util Change" value="42.000000"/>
  <attribute name="GC Util currently" value="42" />
  <attribute name="CPU Util currently" value="5" />
<allocation-satisfied id="23" threadId="0000000000880F00" bytesRequested="96" />
<af-end id="24" timestamp="2019-08-11T07:38:29.262" threadId="0000000000881888" success="true" from="nursery"/>
<exclusive-end id="25" timestamp="2019-08-11T07:38:29.262" durationms="9.223" />

<exclusive-start id="26" timestamp="2019-08-11T07:38:29.281" intervalms="28.602">
  <response-info timems="0.012" idlems="0.012" threads="0" lastid="0000000000880F00" lastname="main" />
</exclusive-start>
<af-start id="27" threadId="0000000000881888" totalBytesRequested="8184" timestamp="2019-08-11T07:38:29.281" intervalms="28.599" type="nursery" />
<cycle-start id="28" type="scavenge" contextid="0" timestamp="2019-08-11T07:38:29.281" intervalms="28.597" />
<gc check: start verifying slots before local gc (3)>
<gc check: finished verifying slots before local gc (3)>
<gc-start id="29" type="scavenge" contextid="28" timestamp="2019-08-11T07:38:29.285">
  <mem-info id="30" free="6052800" total="8388608" percent="72">
    <mem type="nursery" free="0" total="2097152" percent="0">
      <mem type="allocate" free="0" total="1048576" percent="0" />
      <mem type="survivor" free="0" total="1048576" percent="0" />
    </mem>
    <mem type="tenure" free="6052800" total="6291456" percent="96">
      <mem type="soa" free="5738432" total="5977088" percent="96" />
      <mem type="loa" free="314368" total="314368" percent="100" />
    </mem>
    <remembered-set count="3287" />
  </mem-info>
</gc-start>
<allocation-stats totalBytes="431552" >
  <allocated-bytes non-tlh="2176" tlh="429376" />
  <largest-consumer threadName="main" threadId="0000000000880F00" bytes="423360" />
</allocation-stats>
<gc-op id="31" type="scavenge" timems="2.253" contextid="28" timestamp="2019-08-11T07:38:29.287">
  <scavenger-info tenureage="4" tenuremask="7ff0" tiltratio="50" />
  <memory-copied type="nursery" objects="11038" bytes="513064" bytesdiscarded="148216" />
  <finalization candidates="11" enqueued="0" />
  <references type="soft" candidates="62" cleared="0" enqueued="0" dynamicThreshold="32" maxThreshold="32" />
  <references type="weak" candidates="223" cleared="75" enqueued="75" />
  <references type="phantom" candidates="40" cleared="10" enqueued="10" />
</gc-op>
<gc-end id="32" type="scavenge" contextid="28" durationms="2.319" usertimems="2.213" systemtimems="2.718" timestamp="2019-08-11T07:38:29.287" activeThreads="16">
  <mem-info id="33" free="6438528" total="8388608" percent="76">
    <mem type="nursery" free="385728" total="2097152" percent="18">
      <mem type="allocate" free="385728" total="1048576" percent="36" />
      <mem type="survivor" free="0" total="1048576" percent="0" />
    </mem>
    <mem type="tenure" free="6052800" total="6291456" percent="96">
      <mem type="soa" free="5738432" total="5977088" percent="96" />
      <mem type="loa" free="314368" total="314368" percent="100" />
    </mem>
    <pending-finalizers system="0" default="0" reference="85" classloader="0" />
    <remembered-set count="1048" />
  </mem-info>
</gc-end>
<cycle-end id="34" type="scavenge" contextid="28" timestamp="2019-08-11T07:38:29.287" />
  <attribute name="elasticGC enabled" value="1" />
  <attribute name= "numThreadsSpecified" value="16" />
  <attribute name="heapSize specified" value="0" />
  <attribute name="Current GC Util" value="38" />
  <attribute name= "Current Time Running" value="124" />
  <attribute name ="GC Interval" value="200" />
  <attribute name="ProportionalT" value="-21.000000" />
  <attribute name="ProportionalI" value="-21.000000" />
  <attribute name="ProportionalH" value="-21.000000" />
  <attribute name="Current Error" value="-42.000000" />
  <attribute name="IntegralT" value="-588.000000" />
  <attribute name="IntegralI" value="-588.000000" />
  <attribute name="IntegralH" value="-588.000000" />
  <attribute name="DerivativeT" value="-1.500000" />
  <attribute name="DerivativeI" value="-1.500000" />
  <attribute name="DerivativeH" value="-1.500000" />
  <attribute name="Loop Time for DT" value="28.000000" />
  <attribute name="Output H" value="4203675648"/>
  <attribute name="Output I" value="200"/>
  <attribute name="Output T" value="16"/>
  <attribute name="Target GC Util Change" value ="80.000000" />
  <attribute name="Current GC Util Change" value="38.000000"/>
  <attribute name="GC Util currently" value="38" />
  <attribute name="CPU Util currently" value="3" />
<allocation-satisfied id="35" threadId="0000000000880F00" bytesRequested="8184" />
<af-end id="36" timestamp="2019-08-11T07:38:29.287" threadId="0000000000881888" success="true" from="nursery"/>
<exclusive-end id="37" timestamp="2019-08-11T07:38:29.287" durationms="6.428" />

<exclusive-start id="38" timestamp="2019-08-11T07:38:29.314" intervalms="32.624">
  <response-info timems="0.013" idlems="0.013" threads="0" lastid="0000000000880F00" lastname="main" />
</exclusive-start>
<af-start id="39" threadId="0000000000881888" totalBytesRequested="8200" timestamp="2019-08-11T07:38:29.314" intervalms="32.629" type="nursery" />
<cycle-start id="40" type="scavenge" contextid="0" timestamp="2019-08-11T07:38:29.314" intervalms="32.630" />
<gc-start id="41" type="scavenge" contextid="40" timestamp="2019-08-11T07:38:29.314">
  <mem-info id="42" free="6048008" total="8388608" percent="72">
    <mem type="nursery" free="0" total="2097152" percent="0">
      <mem type="allocate" free="0" total="1048576" percent="0" />
      <mem type="survivor" free="0" total="1048576" percent="0" />
    </mem>
    <mem type="tenure" free="6048008" total="6291456" percent="96">
      <mem type="soa" free="5733640" total="5977088" percent="95" />
      <mem type="loa" free="314368" total="314368" percent="100" />
    </mem>
    <remembered-set count="1129" />
  </mem-info>
</gc-start>
<allocation-stats totalBytes="387000" >
  <allocated-bytes non-tlh="12976" tlh="374024" />
  <largest-consumer threadName="main" threadId="0000000000880F00" bytes="387000" />
</allocation-stats>
<gc-op id="43" type="scavenge" timems="2.608" contextid="40" timestamp="2019-08-11T07:38:29.316">
  <scavenger-info tenureage="3" tenuremask="fff8" tiltratio="50" />
  <memory-copied type="nursery" objects="757" bytes="93056" bytesdiscarded="108120" />
  <memory-copied type="tenure" objects="10374" bytes="465608" bytesdiscarded="936" />
  <finalization candidates="14" enqueued="1" />
  <references type="soft" candidates="1" cleared="0" enqueued="0" dynamicThreshold="32" maxThreshold="32" />
  <references type="weak" candidates="66" cleared="51" enqueued="51" />
  <references type="phantom" candidates="24" cleared="10" enqueued="10" />
</gc-op>
<heap-resize id="44" type="expand" space="nursery" amount="131072" count="1" timems="0.019" reason="excessive time being spent scavenging" timestamp="2019-08-11T07:38:29.316" />
<gc-end id="45" type="scavenge" contextid="40" durationms="2.721" usertimems="2.512" systemtimems="4.356" timestamp="2019-08-11T07:38:29.316" activeThreads="16">
  <mem-info id="46" free="6366528" total="8519680" percent="74">
    <mem type="nursery" free="912864" total="2228224" percent="40">
      <mem type="allocate" free="912864" total="1114112" percent="81" />
      <mem type="survivor" free="0" total="1114112" percent="0" />
    </mem>
    <mem type="tenure" free="5453664" total="6291456" percent="86">
      <mem type="soa" free="5139296" total="5977088" percent="85" />
      <mem type="loa" free="314368" total="314368" percent="100" />
    </mem>
    <pending-finalizers system="1" default="0" reference="61" classloader="0" />
    <remembered-set count="242" />
  </mem-info>
</gc-end>
<cycle-end id="47" type="scavenge" contextid="40" timestamp="2019-08-11T07:38:29.316" />
  <attribute name="elasticGC enabled" value="1" />
  <attribute name= "numThreadsSpecified" value="16" />
  <attribute name="heapSize specified" value="0" />
  <attribute name="Current GC Util" value="30" />
  <attribute name= "Current Time Running" value="153" />
  <attribute name ="GC Interval" value="200" />
  <attribute name="ProportionalT" value="-25.000000" />
  <attribute name="ProportionalI" value="-25.000000" />
  <attribute name="ProportionalH" value="-25.000000" />
  <attribute name="Current Error" value="-50.000000" />
  <attribute name="IntegralT" value="-1313.000000" />
  <attribute name="IntegralI" value="-1313.000000" />
  <attribute name="IntegralH" value="-1313.000000" />
  <attribute name="DerivativeT" value="-1.724138" />
  <attribute name="DerivativeI" value="-1.724138" />
  <attribute name="DerivativeH" value="-1.724138" />
  <attribute name="Loop Time for DT" value="29.000000" />
  <attribute name="Output H" value="4203675648"/>
  <attribute name="Output I" value="200"/>
  <attribute name="Output T" value="16"/>
  <attribute name="Target GC Util Change" value ="80.000000" />
  <attribute name="Current GC Util Change" value="30.000000"/>
  <attribute name="GC Util currently" value="30" />
  <attribute name="CPU Util currently" value="40212227049" />
<allocation-satisfied id="48" threadId="0000000000880F00" bytesRequested="8200" />
<af-end id="49" timestamp="2019-08-11T07:38:29.316" threadId="0000000000881888" success="true" from="nursery"/>
<exclusive-end id="50" timestamp="2019-08-11T07:38:29.316" durationms="2.868" />

<exclusive-start id="51" timestamp="2019-08-11T07:38:29.339" intervalms="25.455">
  <response-info timems="0.033" idlems="0.033" threads="0" lastid="0000000000880F00" lastname="main" />
</exclusive-start>
<af-start id="52" threadId="0000000000881888" totalBytesRequested="2056" timestamp="2019-08-11T07:38:29.339" intervalms="25.461" type="nursery" />
<cycle-start id="53" type="scavenge" contextid="0" timestamp="2019-08-11T07:38:29.339" intervalms="25.462" />
<gc-start id="54" type="scavenge" contextid="53" timestamp="2019-08-11T07:38:29.339">
  <mem-info id="55" free="5453176" total="8519680" percent="64">
    <mem type="nursery" free="0" total="2228224" percent="0">
      <mem type="allocate" free="0" total="1114112" percent="0" />
      <mem type="survivor" free="0" total="1114112" percent="0" />
    </mem>
    <mem type="tenure" free="5453176" total="6291456" percent="86">
      <mem type="soa" free="5138808" total="5977088" percent="85" />
      <mem type="loa" free="314368" total="314368" percent="100" />
    </mem>
    <remembered-set count="248" />
  </mem-info>
</gc-start>
<allocation-stats totalBytes="905608" >
  <allocated-bytes non-tlh="8688" tlh="896920" />
  <largest-consumer threadName="main" threadId="0000000000880F00" bytes="905608" />
</allocation-stats>
<gc-op id="56" type="scavenge" timems="1.848" contextid="53" timestamp="2019-08-11T07:38:29.341">
  <scavenger-info tenureage="3" tenuremask="fff8" tiltratio="50" />
  <memory-copied type="nursery" objects="312" bytes="80880" bytesdiscarded="16608" />
  <memory-copied type="tenure" objects="331" bytes="16824" bytesdiscarded="8" />
  <finalization candidates="2" enqueued="0" />
  <references type="soft" candidates="1" cleared="0" enqueued="0" dynamicThreshold="32" maxThreshold="32" />
  <references type="weak" candidates="4" cleared="2" enqueued="2" />
  <references type="phantom" candidates="5" cleared="0" enqueued="0" />
</gc-op>
<gc-end id="57" type="scavenge" contextid="53" durationms="1.918" usertimems="0.691" systemtimems="2.507" timestamp="2019-08-11T07:38:29.341" activeThreads="16">
  <mem-info id="58" free="6437464" total="8519680" percent="75">
    <mem type="nursery" free="1016544" total="2228224" percent="45">
      <mem type="allocate" free="1016544" total="1114112" percent="91" />
      <mem type="survivor" free="0" total="1114112" percent="0" />
    </mem>
    <mem type="tenure" free="5420920" total="6291456" percent="86">
      <mem type="soa" free="5106552" total="5977088" percent="85" />
      <mem type="loa" free="314368" total="314368" percent="100" />
    </mem>
    <pending-finalizers system="0" default="0" reference="2" classloader="0" />
    <remembered-set count="198" />
  </mem-info>
</gc-end>
<cycle-end id="59" type="scavenge" contextid="53" timestamp="2019-08-11T07:38:29.341" />
  <attribute name="elasticGC enabled" value="1" />
  <attribute name= "numThreadsSpecified" value="16" />
  <attribute name="heapSize specified" value="0" />
  <attribute name="Current GC Util" value="27" />
  <attribute name= "Current Time Running" value="178" />
  <attribute name ="GC Interval" value="200" />
  <attribute name="ProportionalT" value="-26.500000" />
  <attribute name="ProportionalI" value="-26.500000" />
  <attribute name="ProportionalH" value="-26.500000" />
  <attribute name="Current Error" value="-53.000000" />
  <attribute name="IntegralT" value="-1975.500000" />
  <attribute name="IntegralI" value="-1975.500000" />
  <attribute name="IntegralH" value="-1975.500000" />
  <attribute name="DerivativeT" value="-2.120000" />
  <attribute name="DerivativeI" value="-2.120000" />
  <attribute name="DerivativeH" value="-2.120000" />
  <attribute name="Loop Time for DT" value="25.000000" />
  <attribute name="Output H" value="4203675648"/>
  <attribute name="Output I" value="200"/>
  <attribute name="Output T" value="16"/>
  <attribute name="Target GC Util Change" value ="80.000000" />
  <attribute name="Current GC Util Change" value="27.000000"/>
  <attribute name="GC Util currently" value="27" />
  <attribute name="CPU Util currently" value="0" />
<allocation-satisfied id="60" threadId="0000000000880F00" bytesRequested="2056" />
<af-end id="61" timestamp="2019-08-11T07:38:29.341" threadId="0000000000881888" success="true" from="nursery"/>
<exclusive-end id="62" timestamp="2019-08-11T07:38:29.341" durationms="2.059" />

<exclusive-start id="63" timestamp="2019-08-11T07:38:29.375" intervalms="35.737">
  <response-info timems="0.047" idlems="0.047" threads="0" lastid="0000000000880F00" lastname="main" />
</exclusive-start>
<af-start id="64" threadId="0000000000881888" totalBytesRequested="2056" timestamp="2019-08-11T07:38:29.375" intervalms="35.736" type="nursery" />
<cycle-start id="65" type="scavenge" contextid="0" timestamp="2019-08-11T07:38:29.375" intervalms="35.734" />
<gc-start id="66" type="scavenge" contextid="65" timestamp="2019-08-11T07:38:29.375">
  <mem-info id="67" free="5420920" total="8519680" percent="63">
    <mem type="nursery" free="0" total="2228224" percent="0">
      <mem type="allocate" free="0" total="1114112" percent="0" />
      <mem type="survivor" free="0" total="1114112" percent="0" />
    </mem>
    <mem type="tenure" free="5420920" total="6291456" percent="86">
      <mem type="soa" free="5106552" total="5977088" percent="85" />
      <mem type="loa" free="314368" total="314368" percent="100" />
    </mem>
    <remembered-set count="198" />
  </mem-info>
</gc-start>
<allocation-stats totalBytes="1010000" >
  <allocated-bytes non-tlh="2056" tlh="1007944" />
  <largest-consumer threadName="main" threadId="0000000000880F00" bytes="1010000" />
</allocation-stats>
<gc-op id="68" type="scavenge" timems="2.473" contextid="65" timestamp="2019-08-11T07:38:29.377">
  <scavenger-info tenureage="5" tenuremask="ffe0" tiltratio="50" />
  <memory-copied type="nursery" objects="307" bytes="82752" bytesdiscarded="14736" />
  <finalization candidates="2" enqueued="0" />
  <references type="soft" candidates="1" cleared="0" enqueued="0" dynamicThreshold="32" maxThreshold="32" />
  <references type="weak" candidates="2" cleared="0" enqueued="0" />
  <references type="phantom" candidates="5" cleared="0" enqueued="0" />
</gc-op>
<gc-end id="69" type="scavenge" contextid="65" durationms="2.539" usertimems="0.772" systemtimems="2.649" timestamp="2019-08-11T07:38:29.377" activeThreads="16">
  <mem-info id="70" free="6568536" total="8519680" percent="77">
    <mem type="nursery" free="1147616" total="2228224" percent="51">
      <mem type="allocate" free="1147616" total="1245184" percent="92" />
      <mem type="survivor" free="0" total="983040" percent="0" />
    </mem>
    <mem type="tenure" free="5420920" total="6291456" percent="86">
      <mem type="soa" free="5106552" total="5977088" percent="85" />
      <mem type="loa" free="314368" total="314368" percent="100" />
    </mem>
    <remembered-set count="121" />
  </mem-info>
</gc-end>
<cycle-end id="71" type="scavenge" contextid="65" timestamp="2019-08-11T07:38:29.377" />
  <attribute name="elasticGC enabled" value="1" />
  <attribute name= "numThreadsSpecified" value="16" />
  <attribute name="heapSize specified" value="0" />
  <attribute name="Current GC Util" value="9" />
  <attribute name= "Current Time Running" value="214" />
  <attribute name ="GC Interval" value="200" />
  <attribute name="ProportionalT" value="-35.500000" />
  <attribute name="ProportionalI" value="-35.500000" />
  <attribute name="ProportionalH" value="-35.500000" />
  <attribute name="Current Error" value="-71.000000" />
  <attribute name="IntegralT" value="-3253.500000" />
  <attribute name="IntegralI" value="-3253.500000" />
  <attribute name="IntegralH" value="-3253.500000" />
  <attribute name="DerivativeT" value="-1.972222" />
  <attribute name="DerivativeI" value="-1.972222" />
  <attribute name="DerivativeH" value="-1.972222" />
  <attribute name="Loop Time for DT" value="36.000000" />
  <attribute name="Output H" value="4203675648"/>
  <attribute name="Output I" value="200"/>
  <attribute name="Output T" value="16"/>
  <attribute name="Target GC Util Change" value ="80.000000" />
  <attribute name="Current GC Util Change" value="9.000000"/>
  <attribute name="GC Util currently" value="9" />
  <attribute name="CPU Util currently" value="32262543325" />
<allocation-satisfied id="72" threadId="0000000000880F00" bytesRequested="2056" />
<af-end id="73" timestamp="2019-08-11T07:38:29.377" threadId="0000000000881888" success="true" from="nursery"/>
<exclusive-end id="74" timestamp="2019-08-11T07:38:29.377" durationms="2.682" />

<exclusive-start id="75" timestamp="2019-08-11T07:38:29.406" intervalms="31.536">
  <response-info timems="0.011" idlems="0.011" threads="0" lastid="0000000000880F00" lastname="main" />
</exclusive-start>
<af-start id="76" threadId="0000000000881888" totalBytesRequested="2056" timestamp="2019-08-11T07:38:29.406" intervalms="31.532" type="nursery" />
<cycle-start id="77" type="scavenge" contextid="0" timestamp="2019-08-11T07:38:29.406" intervalms="31.535" />
<gc-start id="78" type="scavenge" contextid="77" timestamp="2019-08-11T07:38:29.406">
  <mem-info id="79" free="5420920" total="8519680" percent="63">
    <mem type="nursery" free="0" total="2228224" percent="0">
      <mem type="allocate" free="0" total="1245184" percent="0" />
      <mem type="survivor" free="0" total="983040" percent="0" />
    </mem>
    <mem type="tenure" free="5420920" total="6291456" percent="86">
      <mem type="soa" free="5106552" total="5977088" percent="85" />
      <mem type="loa" free="314368" total="314368" percent="100" />
    </mem>
    <remembered-set count="121" />
  </mem-info>
</gc-start>
<allocation-stats totalBytes="1141896" >
  <allocated-bytes non-tlh="2056" tlh="1139840" />
  <largest-consumer threadName="main" threadId="0000000000880F00" bytes="1141896" />
</allocation-stats>
<gc-op id="80" type="scavenge" timems="1.606" contextid="77" timestamp="2019-08-11T07:38:29.408">
  <scavenger-info tenureage="3" tenuremask="fff8" tiltratio="55" />
  <memory-copied type="nursery" objects="29" bytes="19560" bytesdiscarded="12680" />
  <memory-copied type="tenure" objects="277" bytes="61128" bytesdiscarded="0" />
  <finalization candidates="2" enqueued="0" />
  <references type="weak" candidates="1" cleared="0" enqueued="0" />
  <references type="phantom" candidates="3" cleared="0" enqueued="0" />
</gc-op>
<gc-end id="81" type="scavenge" contextid="77" durationms="1.680" usertimems="0.606" systemtimems="2.457" timestamp="2019-08-11T07:38:29.408" activeThreads="16">
  <mem-info id="82" free="6707808" total="8519680" percent="78">
    <mem type="nursery" free="1344000" total="2228224" percent="60">
      <mem type="allocate" free="1344000" total="1376256" percent="97" />
      <mem type="survivor" free="0" total="851968" percent="0" />
    </mem>
    <mem type="tenure" free="5363808" total="6291456" percent="85">
      <mem type="soa" free="5049440" total="5977088" percent="84" />
      <mem type="loa" free="314368" total="314368" percent="100" />
    </mem>
    <remembered-set count="91" />
  </mem-info>
</gc-end>
<cycle-end id="83" type="scavenge" contextid="77" timestamp="2019-08-11T07:38:29.408" />
  <attribute name="elasticGC enabled" value="1" />
  <attribute name= "numThreadsSpecified" value="16" />
  <attribute name="heapSize specified" value="0" />
  <attribute name="Current GC Util" value="11" />
  <attribute name= "Current Time Running" value="246" />
  <attribute name ="GC Interval" value="200" />
  <attribute name="ProportionalT" value="-34.500000" />
  <attribute name="ProportionalI" value="-34.500000" />
  <attribute name="ProportionalH" value="-34.500000" />
  <attribute name="Current Error" value="-69.000000" />
  <attribute name="IntegralT" value="-4357.500000" />
  <attribute name="IntegralI" value="-4357.500000" />
  <attribute name="IntegralH" value="-4357.500000" />
  <attribute name="DerivativeT" value="-2.156250" />
  <attribute name="DerivativeI" value="-2.156250" />
  <attribute name="DerivativeH" value="-2.156250" />
  <attribute name="Loop Time for DT" value="32.000000" />
  <attribute name="Output H" value="4203675648"/>
  <attribute name="Output I" value="200"/>
  <attribute name="Output T" value="16"/>
  <attribute name="Target GC Util Change" value ="80.000000" />
  <attribute name="Current GC Util Change" value="11.000000"/>
  <attribute name="GC Util currently" value="11" />
  <attribute name="CPU Util currently" value="36565281688" />
<allocation-satisfied id="84" threadId="0000000000880F00" bytesRequested="2056" />
<af-end id="85" timestamp="2019-08-11T07:38:29.408" threadId="0000000000881888" success="true" from="nursery"/>
<exclusive-end id="86" timestamp="2019-08-11T07:38:29.408" durationms="1.825" />

<exclusive-start id="87" timestamp="2019-08-11T07:38:29.417" intervalms="11.213">
  <response-info timems="0.011" idlems="0.011" threads="0" lastid="0000000000880F00" lastname="main" />
</exclusive-start>
<sys-start reason="explicit" id="88" timestamp="2019-08-11T07:38:29.418" intervalms="333.677" />
<cycle-start id="89" type="global" contextid="0" timestamp="2019-08-11T07:38:29.418" intervalms="333.690" />
<gc-start id="90" type="global" contextid="89" timestamp="2019-08-11T07:38:29.418">
  <mem-info id="91" free="6238656" total="8519680" percent="73">
    <mem type="nursery" free="881848" total="2228224" percent="39">
      <mem type="allocate" free="881848" total="1376256" percent="64" />
      <mem type="survivor" free="0" total="851968" percent="0" />
    </mem>
    <mem type="tenure" free="5356808" total="6291456" percent="85">
      <mem type="soa" free="5042440" total="5977088" percent="84" />
      <mem type="loa" free="314368" total="314368" percent="100" />
    </mem>
    <remembered-set count="178" />
  </mem-info>
</gc-start>
<allocation-stats totalBytes="468576" >
  <allocated-bytes non-tlh="174240" tlh="294336" />
  <largest-consumer threadName="main" threadId="0000000000880F00" bytes="468576" />
</allocation-stats>
<gc-op id="92" type="mark" timems="4.635" contextid="89" timestamp="2019-08-11T07:38:29.422">
  <trace-info objectcount="17068" scancount="14067" scanbytes="450380" />
  <finalization candidates="13" enqueued="0" />
  <references type="soft" candidates="66" cleared="0" enqueued="0" dynamicThreshold="32" maxThreshold="32" />
  <references type="weak" candidates="172" cleared="43" enqueued="35" />
  <references type="phantom" candidates="37" cleared="4" enqueued="4" />
  <stringconstants candidates="2455" cleared="0"  />
</gc-op>
<gc-op id="93" type="classunload" timems="0.002" contextid="89" timestamp="2019-08-11T07:38:29.422">
  <classunload-info classloadercandidates="6" classloadersunloaded="0" classesunloaded="0" anonymousclassesunloaded="0" quiescems="0.000" setupms="0.002" scanms="0.000" postms="0.000" />
</gc-op>
<gc-op id="94" type="sweep" timems="0.982" contextid="89" timestamp="2019-08-11T07:38:29.423" />
<mem-info id="95" free="6651408" total="8519680" percent="78">
  <mem type="nursery" free="1156088" total="2228224" percent="51">
    <mem type="allocate" free="1156088" total="1376256" percent="84" />
    <mem type="survivor" free="0" total="851968" percent="0" />
  </mem>
  <mem type="tenure" free="5495320" total="6291456" percent="87" micro-fragmented="256" macro-fragmented="0">
    <mem type="soa" free="5180952" total="5977088" percent="86" />
    <mem type="loa" free="314368" total="314368" percent="100" />
  </mem>
  <pending-finalizers system="0" default="0" reference="39" classloader="0" />
  <remembered-set count="173" />
</mem-info>
<gc-op id="96" type="compact" timems="5.010" contextid="89" timestamp="2019-08-11T07:38:29.428">
  <compact-info movecount="12647" movebytes="809408" reason="compact to aid heap contraction" />
</gc-op>
<heap-resize id="97" type="expand" space="tenure" amount="4195155968" count="1" timems="0.029" reason="satisfy allocation request" timestamp="2019-08-11T07:38:29.429" />
<gc-end id="98" type="global" contextid="89" durationms="11.232" usertimems="9.349" systemtimems="9.861" timestamp="2019-08-11T07:38:29.429" activeThreads="16">
  <mem-info id="99" free="4201830424" total="4203675648" percent="99">
    <mem type="nursery" free="1175024" total="2228224" percent="52">
      <mem type="allocate" free="1175024" total="1376256" percent="85" />
      <mem type="survivor" free="0" total="851968" percent="0" />
    </mem>
    <mem type="tenure" free="4200655400" total="4201447424" percent="99">
      <mem type="soa" free="3990583848" total="3991375872" percent="99" />
      <mem type="loa" free="210071552" total="210071552" percent="100" />
    </mem>
    <pending-finalizers system="0" default="0" reference="39" classloader="0" />
    <remembered-set count="173" />
  </mem-info>
</gc-end>
<cycle-end id="100" type="global" contextid="89" timestamp="2019-08-11T07:38:29.429" />
  <attribute name="elasticGC enabled" value="1" />
  <attribute name= "numThreadsSpecified" value="16" />
  <attribute name="heapSize specified" value="8519680" />
  <attribute name="Current GC Util" value="71" />
  <attribute name= "Current Time Running" value="268" />
  <attribute name ="GC Interval" value="200" />
  <attribute name="ProportionalT" value="-4.500000" />
  <attribute name="ProportionalI" value="-4.500000" />
  <attribute name="ProportionalH" value="-4.500000" />
  <attribute name="Current Error" value="-9.000000" />
  <attribute name="IntegralT" value="-27.000000" />
  <attribute name="IntegralI" value="-27.000000" />
  <attribute name="IntegralH" value="-27.000000" />
  <attribute name="DerivativeT" value="-1.500000" />
  <attribute name="DerivativeI" value="-1.500000" />
  <attribute name="DerivativeH" value="-1.500000" />
  <attribute name="Loop Time for DT" value="6.000000" />
  <attribute name="Output H" value="4203675648"/>
  <attribute name="Output I" value="200"/>
  <attribute name="Output T" value="16"/>
  <attribute name="Target GC Util Change" value ="80.000000" />
  <attribute name="Current GC Util Change" value="71.000000"/>
  <attribute name="GC Util currently" value="71" />
  <attribute name="CPU Util currently" value="229424285771" />
<sys-end id="101" timestamp="2019-08-11T07:38:29.429" />
<exclusive-end id="102" timestamp="2019-08-11T07:38:29.429" durationms="11.338" />

===== DaCapo 9.12-MR1 avrora starting =====
<exclusive-start id="103" timestamp="2019-08-11T07:38:29.459" intervalms="41.081">
  <response-info timems="0.013" idlems="0.013" threads="0" lastid="0000000000880F00" lastname="main" />
</exclusive-start>
<af-start id="104" threadId="0000000000881888" totalBytesRequested="2064" timestamp="2019-08-11T07:38:29.459" intervalms="52.294" type="nursery" />
<cycle-start id="105" type="scavenge" contextid="0" timestamp="2019-08-11T07:38:29.459" intervalms="52.293" />
<gc-start id="106" type="scavenge" contextid="105" timestamp="2019-08-11T07:38:29.459">
  <mem-info id="107" free="4200575936" total="4203675648" percent="99">
    <mem type="nursery" free="0" total="2228224" percent="0">
      <mem type="allocate" free="0" total="1376256" percent="0" />
      <mem type="survivor" free="0" total="851968" percent="0" />
    </mem>
    <mem type="tenure" free="4200575936" total="4201447424" percent="99">
      <mem type="soa" free="3990504384" total="3991375872" percent="99" />
      <mem type="loa" free="210071552" total="210071552" percent="100" />
    </mem>
    <remembered-set count="812" />
  </mem-info>
</gc-start>
<allocation-stats totalBytes="1251064" >
  <allocated-bytes non-tlh="79464" tlh="1171600" />
  <largest-consumer threadName="main" threadId="0000000000880F00" bytes="1246968" />
</allocation-stats>
<gc-op id="108" type="scavenge" timems="1.306" contextid="105" timestamp="2019-08-11T07:38:29.460">
  <scavenger-info tenureage="3" tenuremask="ffc8" tiltratio="61" />
  <memory-copied type="nursery" objects="2432" bytes="299448" bytesdiscarded="46432" />
  <references type="soft" candidates="3" cleared="0" enqueued="0" dynamicThreshold="31" maxThreshold="32" />
  <references type="weak" candidates="34" cleared="32" enqueued="32" />
  <references type="phantom" candidates="8" cleared="0" enqueued="0" />
</gc-op>
<gc-end id="109" type="scavenge" contextid="105" durationms="1.374" usertimems="0.173" systemtimems="2.281" timestamp="2019-08-11T07:38:29.460" activeThreads="16">
  <mem-info id="110" free="4201671760" total="4203675648" percent="99">
    <mem type="nursery" free="1095824" total="2228224" percent="49">
      <mem type="allocate" free="1095824" total="1441792" percent="76" />
      <mem type="survivor" free="0" total="786432" percent="0" />
    </mem>
    <mem type="tenure" free="4200575936" total="4201447424" percent="99">
      <mem type="soa" free="3990504384" total="3991375872" percent="99" />
      <mem type="loa" free="210071552" total="210071552" percent="100" />
    </mem>
    <pending-finalizers system="0" default="0" reference="32" classloader="0" />
    <remembered-set count="806" />
  </mem-info>
</gc-end>
<cycle-end id="111" type="scavenge" contextid="105" timestamp="2019-08-11T07:38:29.460" />
  <attribute name="elasticGC enabled" value="1" />
  <attribute name= "numThreadsSpecified" value="16" />
  <attribute name="heapSize specified" value="8519680" />
  <attribute name="Current GC Util" value="21" />
  <attribute name= "Current Time Running" value="298" />
  <attribute name ="GC Interval" value="200" />
  <attribute name="ProportionalT" value="-29.500000" />
  <attribute name="ProportionalI" value="-29.500000" />
  <attribute name="ProportionalH" value="-29.500000" />
  <attribute name="Current Error" value="-59.000000" />
  <attribute name="IntegralT" value="-885.000000" />
  <attribute name="IntegralI" value="-885.000000" />
  <attribute name="IntegralH" value="-885.000000" />
  <attribute name="DerivativeT" value="-1.966667" />
  <attribute name="DerivativeI" value="-1.966667" />
  <attribute name="DerivativeH" value="-1.966667" />
  <attribute name="Loop Time for DT" value="30.000000" />
  <attribute name="Output H" value="4203675648"/>
  <attribute name="Output I" value="200"/>
  <attribute name="Output T" value="16"/>
  <attribute name="Target GC Util Change" value ="80.000000" />
  <attribute name="Current GC Util Change" value="21.000000"/>
  <attribute name="GC Util currently" value="21" />
  <attribute name="CPU Util currently" value="37972069904" />
<allocation-satisfied id="112" threadId="0000000000880F00" bytesRequested="2064" />
<af-end id="113" timestamp="2019-08-11T07:38:29.460" threadId="0000000000881888" success="true" from="nursery"/>
<exclusive-end id="114" timestamp="2019-08-11T07:38:29.460" durationms="1.498" />

<exclusive-start id="115" timestamp="2019-08-11T07:38:29.483" intervalms="24.066">
  <response-info timems="0.030" idlems="0.030" threads="0" lastid="0000000000880F00" lastname="main" />
</exclusive-start>
<af-start id="116" threadId="0000000000881888" totalBytesRequested="1808" timestamp="2019-08-11T07:38:29.483" intervalms="24.061" type="nursery" />
<cycle-start id="117" type="scavenge" contextid="0" timestamp="2019-08-11T07:38:29.483" intervalms="24.060" />
<gc-start id="118" type="scavenge" contextid="117" timestamp="2019-08-11T07:38:29.483">
  <mem-info id="119" free="4200553664" total="4203675648" percent="99">
    <mem type="nursery" free="0" total="2228224" percent="0">
      <mem type="allocate" free="0" total="1441792" percent="0" />
      <mem type="survivor" free="0" total="786432" percent="0" />
    </mem>
    <mem type="tenure" free="4200553664" total="4201447424" percent="99">
      <mem type="soa" free="3990482112" total="3991375872" percent="99" />
      <mem type="loa" free="210071552" total="210071552" percent="100" />
    </mem>
    <remembered-set count="1045" />
  </mem-info>
</gc-start>
<allocation-stats totalBytes="1113624" >
  <allocated-bytes non-tlh="24336" tlh="1089288" />
  <largest-consumer threadName="main" threadId="0000000000880F00" bytes="1113624" />
</allocation-stats>
<gc-op id="120" type="scavenge" timems="1.279" contextid="117" timestamp="2019-08-11T07:38:29.484">
  <scavenger-info tenureage="3" tenuremask="ffe8" tiltratio="64" />
  <memory-copied type="nursery" objects="2499" bytes="352400" bytesdiscarded="79528" />
  <references type="soft" candidates="3" cleared="0" enqueued="0" dynamicThreshold="31" maxThreshold="32" />
  <references type="weak" candidates="2" cleared="1" enqueued="1" />
  <references type="phantom" candidates="7" cleared="0" enqueued="0" />
</gc-op>
<gc-end id="121" type="scavenge" contextid="117" durationms="1.349" usertimems="0.381" systemtimems="2.361" timestamp="2019-08-11T07:38:29.484" activeThreads="16">
  <mem-info id="122" free="4201760056" total="4203675648" percent="99">
    <mem type="nursery" free="1206392" total="2228224" percent="54">
      <mem type="allocate" free="1206392" total="1638400" percent="73" />
      <mem type="survivor" free="0" total="589824" percent="0" />
    </mem>
    <mem type="tenure" free="4200553664" total="4201447424" percent="99">
      <mem type="soa" free="3990482112" total="3991375872" percent="99" />
      <mem type="loa" free="210071552" total="210071552" percent="100" />
    </mem>
    <pending-finalizers system="0" default="0" reference="1" classloader="0" />
    <remembered-set count="1042" />
  </mem-info>
</gc-end>
<cycle-end id="123" type="scavenge" contextid="117" timestamp="2019-08-11T07:38:29.484" />
  <attribute name="elasticGC enabled" value="1" />
  <attribute name= "numThreadsSpecified" value="16" />
  <attribute name="heapSize specified" value="8519680" />
  <attribute name="Current GC Util" value="9" />
  <attribute name= "Current Time Running" value="322" />
  <attribute name ="GC Interval" value="200" />
  <attribute name="ProportionalT" value="-35.500000" />
  <attribute name="ProportionalI" value="-35.500000" />
  <attribute name="ProportionalH" value="-35.500000" />
  <attribute name="Current Error" value="-71.000000" />
  <attribute name="IntegralT" value="-852.000000" />
  <attribute name="IntegralI" value="-852.000000" />
  <attribute name="IntegralH" value="-852.000000" />
  <attribute name="DerivativeT" value="-2.958333" />
  <attribute name="DerivativeI" value="-2.958333" />
  <attribute name="DerivativeH" value="-2.958333" />
  <attribute name="Loop Time for DT" value="24.000000" />
  <attribute name="Output H" value="4203675648"/>
  <attribute name="Output I" value="200"/>
  <attribute name="Output T" value="16"/>
  <attribute name="Target GC Util Change" value ="80.000000" />
  <attribute name="Current GC Util Change" value="9.000000"/>
  <attribute name="GC Util currently" value="9" />
  <attribute name="CPU Util currently" value="47916611955" />
<allocation-satisfied id="124" threadId="0000000000880F00" bytesRequested="1808" />
<af-end id="125" timestamp="2019-08-11T07:38:29.484" threadId="0000000000881888" success="true" from="nursery"/>
<exclusive-end id="126" timestamp="2019-08-11T07:38:29.484" durationms="1.470" />

<exclusive-start id="127" timestamp="2019-08-11T07:38:29.533" intervalms="50.011">
  <response-info timems="0.011" idlems="0.011" threads="0" lastid="0000000000880F00" lastname="main" />
</exclusive-start>
<af-start id="128" threadId="0000000000881888" totalBytesRequested="24" timestamp="2019-08-11T07:38:29.533" intervalms="50.015" type="nursery" />
<cycle-start id="129" type="scavenge" contextid="0" timestamp="2019-08-11T07:38:29.533" intervalms="50.016" />
<gc-start id="130" type="scavenge" contextid="129" timestamp="2019-08-11T07:38:29.533">
  <mem-info id="131" free="4200542560" total="4203675648" percent="99">
    <mem type="nursery" free="0" total="2228224" percent="0">
      <mem type="allocate" free="0" total="1638400" percent="0" />
      <mem type="survivor" free="0" total="589824" percent="0" />
    </mem>
    <mem type="tenure" free="4200542560" total="4201447424" percent="99">
      <mem type="soa" free="3990471008" total="3991375872" percent="99" />
      <mem type="loa" free="210071552" total="210071552" percent="100" />
    </mem>
    <remembered-set count="1216" />
  </mem-info>
</gc-start>
<allocation-stats totalBytes="1217040" >
  <allocated-bytes non-tlh="12912" tlh="1204128" />
  <largest-consumer threadName="main" threadId="0000000000880F00" bytes="1217040" />
</allocation-stats>
<gc-op id="132" type="scavenge" timems="1.661" contextid="129" timestamp="2019-08-11T07:38:29.534">
  <scavenger-info tenureage="3" tenuremask="fff8" tiltratio="73" />
  <memory-copied type="nursery" objects="14353" bytes="589424" bytesdiscarded="344" />
  <memory-copied type="tenure" objects="9056" bytes="372672" bytesdiscarded="8" />
  <copy-failed type="nursery" objects="9056" bytes="372672" />
  <references type="weak" candidates="3" cleared="2" enqueued="2" />
  <references type="phantom" candidates="9" cleared="2" enqueued="2" />
</gc-op>
<gc-end id="133" type="scavenge" contextid="129" durationms="1.741" usertimems="1.344" systemtimems="3.830" timestamp="2019-08-11T07:38:29.534" activeThreads="16">
  <mem-info id="134" free="4200516896" total="4203675648" percent="99">
    <mem type="nursery" free="524288" total="2228224" percent="23">
      <mem type="allocate" free="524288" total="1114112" percent="47" />
      <mem type="survivor" free="0" total="1114112" percent="0" />
    </mem>
    <mem type="tenure" free="4199992608" total="4201447424" percent="99">
      <mem type="soa" free="3989921056" total="3991375872" percent="99" />
      <mem type="loa" free="210071552" total="210071552" percent="100" />
    </mem>
    <pending-finalizers system="0" default="0" reference="4" classloader="0" />
    <remembered-set count="9194" />
  </mem-info>
</gc-end>
<cycle-end id="135" type="scavenge" contextid="129" timestamp="2019-08-11T07:38:29.535" />
  <attribute name="elasticGC enabled" value="1" />
  <attribute name= "numThreadsSpecified" value="16" />
  <attribute name="heapSize specified" value="8519680" />
  <attribute name="Current GC Util" value="5" />
  <attribute name= "Current Time Running" value="372" />
  <attribute name ="GC Interval" value="200" />
  <attribute name="ProportionalT" value="-37.500000" />
  <attribute name="ProportionalI" value="-37.500000" />
  <attribute name="ProportionalH" value="-37.500000" />
  <attribute name="Current Error" value="-75.000000" />
  <attribute name="IntegralT" value="-1875.000000" />
  <attribute name="IntegralI" value="-1875.000000" />
  <attribute name="IntegralH" value="-1875.000000" />
  <attribute name="DerivativeT" value="-1.500000" />
  <attribute name="DerivativeI" value="-1.500000" />
  <attribute name="DerivativeH" value="-1.500000" />
  <attribute name="Loop Time for DT" value="50.000000" />
  <attribute name="Output H" value="4203675648"/>
  <attribute name="Output I" value="200"/>
  <attribute name="Output T" value="16"/>
  <attribute name="Target GC Util Change" value ="80.000000" />
  <attribute name="Current GC Util Change" value="5.000000"/>
  <attribute name="GC Util currently" value="5" />
  <attribute name="CPU Util currently" value="3" />
<allocation-satisfied id="136" threadId="0000000000880F00" bytesRequested="24" />
<af-end id="137" timestamp="2019-08-11T07:38:29.535" threadId="0000000000881888" success="true" from="nursery"/>
<exclusive-end id="138" timestamp="2019-08-11T07:38:29.535" durationms="1.905" />

<exclusive-start id="139" timestamp="2019-08-11T07:38:29.550" intervalms="17.155">
  <response-info timems="0.023" idlems="0.023" threads="0" lastid="0000000000880F00" lastname="main" />
</exclusive-start>
<af-start id="140" threadId="0000000000881888" totalBytesRequested="24" timestamp="2019-08-11T07:38:29.550" intervalms="17.147" type="nursery" />
<cycle-start id="141" type="scavenge" contextid="0" timestamp="2019-08-11T07:38:29.550" intervalms="17.144" />
<gc-start id="142" type="scavenge" contextid="141" timestamp="2019-08-11T07:38:29.550">
  <mem-info id="143" free="4199992576" total="4203675648" percent="99">
    <mem type="nursery" free="0" total="2228224" percent="0">
      <mem type="allocate" free="0" total="1114112" percent="0" />
      <mem type="survivor" free="0" total="1114112" percent="0" />
    </mem>
    <mem type="tenure" free="4199992576" total="4201447424" percent="99">
      <mem type="soa" free="3989921024" total="3991375872" percent="99" />
      <mem type="loa" free="210071552" total="210071552" percent="100" />
    </mem>
    <remembered-set count="9196" />
  </mem-info>
</gc-start>
<allocation-stats totalBytes="523960" >
  <allocated-bytes non-tlh="67336" tlh="456624" />
  <largest-consumer threadName="main" threadId="0000000000880F00" bytes="523960" />
</allocation-stats>
<gc-op id="144" type="scavenge" timems="1.691" contextid="141" timestamp="2019-08-11T07:38:29.552">
  <scavenger-info tenureage="3" tenuremask="fff8" tiltratio="50" />
  <memory-copied type="nursery" objects="23100" bytes="869408" bytesdiscarded="146624" />
  <memory-copied type="tenure" objects="1677" bytes="105504" bytesdiscarded="240" />
  <references type="phantom" candidates="3" cleared="2" enqueued="2" />
</gc-op>
<gc-end id="145" type="scavenge" contextid="141" durationms="1.770" usertimems="1.840" systemtimems="2.927" timestamp="2019-08-11T07:38:29.552" activeThreads="16">
  <mem-info id="146" free="4199992152" total="4203675648" percent="99">
    <mem type="nursery" free="98072" total="2228224" percent="4">
      <mem type="allocate" free="98072" total="1114112" percent="8" />
      <mem type="survivor" free="0" total="1114112" percent="0" />
    </mem>
    <mem type="tenure" free="4199894080" total="4201447424" percent="99">
      <mem type="soa" free="3989822528" total="3991375872" percent="99" />
      <mem type="loa" free="210071552" total="210071552" percent="100" />
    </mem>
    <pending-finalizers system="0" default="0" reference="2" classloader="0" />
    <remembered-set count="8844" />
  </mem-info>
</gc-end>
<cycle-end id="147" type="scavenge" contextid="141" timestamp="2019-08-11T07:38:29.552" />
  <attribute name="elasticGC enabled" value="1" />
  <attribute name= "numThreadsSpecified" value="16" />
  <attribute name="heapSize specified" value="8519680" />
  <attribute name="Current GC Util" value="30" />
  <attribute name= "Current Time Running" value="389" />
  <attribute name ="GC Interval" value="200" />
  <attribute name="ProportionalT" value="-25.000000" />
  <attribute name="ProportionalI" value="-25.000000" />
  <attribute name="ProportionalH" value="-25.000000" />
  <attribute name="Current Error" value="-50.000000" />
  <attribute name="IntegralT" value="-425.000000" />
  <attribute name="IntegralI" value="-425.000000" />
  <attribute name="IntegralH" value="-425.000000" />
  <attribute name="DerivativeT" value="-2.941176" />
  <attribute name="DerivativeI" value="-2.941176" />
  <attribute name="DerivativeH" value="-2.941176" />
  <attribute name="Loop Time for DT" value="17.000000" />
  <attribute name="Output H" value="4203675648"/>
  <attribute name="Output I" value="200"/>
  <attribute name="Output T" value="16"/>
  <attribute name="Target GC Util Change" value ="80.000000" />
  <attribute name="Current GC Util Change" value="30.000000"/>
  <attribute name="GC Util currently" value="30" />
  <attribute name="CPU Util currently" value="67297612829" />
<allocation-satisfied id="148" threadId="0000000000880F00" bytesRequested="24" />
<af-end id="149" timestamp="2019-08-11T07:38:29.552" threadId="0000000000881888" success="true" from="nursery"/>
<exclusive-end id="150" timestamp="2019-08-11T07:38:29.552" durationms="1.886" />

<exclusive-start id="151" timestamp="2019-08-11T07:38:29.555" intervalms="5.436">
  <response-info timems="0.010" idlems="0.010" threads="0" lastid="0000000000880F00" lastname="main" />
</exclusive-start>
<af-start id="152" threadId="0000000000881888" totalBytesRequested="24" timestamp="2019-08-11T07:38:29.555" intervalms="5.430" type="nursery" />
<cycle-start id="153" type="scavenge" contextid="0" timestamp="2019-08-11T07:38:29.555" intervalms="5.428" />
<gc-start id="154" type="scavenge" contextid="153" timestamp="2019-08-11T07:38:29.555">
  <mem-info id="155" free="4199894080" total="4203675648" percent="99">
    <mem type="nursery" free="0" total="2228224" percent="0">
      <mem type="allocate" free="0" total="1114112" percent="0" />
      <mem type="survivor" free="0" total="1114112" percent="0" />
    </mem>
    <mem type="tenure" free="4199894080" total="4201447424" percent="99">
      <mem type="soa" free="3989822528" total="3991375872" percent="99" />
      <mem type="loa" free="210071552" total="210071552" percent="100" />
    </mem>
    <remembered-set count="8845" />
  </mem-info>
</gc-start>
<allocation-stats totalBytes="98056" >
  <allocated-bytes non-tlh="24" tlh="98032" />
  <largest-consumer threadName="main" threadId="0000000000880F00" bytes="98056" />
</allocation-stats>
<gc-op id="156" type="scavenge" timems="1.670" contextid="153" timestamp="2019-08-11T07:38:29.557">
  <scavenger-info tenureage="3" tenuremask="ffe8" tiltratio="50" />
  <memory-copied type="nursery" objects="27258" bytes="915760" bytesdiscarded="142648" />
  <memory-copied type="tenure" objects="73" bytes="47744" bytesdiscarded="0" />
  <references type="phantom" candidates="1" cleared="0" enqueued="0" />
</gc-op>
<gc-end id="157" type="scavenge" contextid="153" durationms="1.741" usertimems="1.077" systemtimems="4.443" timestamp="2019-08-11T07:38:29.557" activeThreads="16">
  <mem-info id="158" free="4199912872" total="4203675648" percent="99">
    <mem type="nursery" free="55696" total="2228224" percent="2">
      <mem type="allocate" free="55696" total="1114112" percent="4" />
      <mem type="survivor" free="0" total="1114112" percent="0" />
    </mem>
    <mem type="tenure" free="4199857176" total="4201447424" percent="99">
      <mem type="soa" free="3989785624" total="3991375872" percent="99" />
      <mem type="loa" free="210071552" total="210071552" percent="100" />
    </mem>
    <remembered-set count="8663" />
  </mem-info>
</gc-end>
<cycle-end id="159" type="scavenge" contextid="153" timestamp="2019-08-11T07:38:29.557" />
  <attribute name="elasticGC enabled" value="1" />
  <attribute name= "numThreadsSpecified" value="16" />
  <attribute name="heapSize specified" value="8519680" />
  <attribute name="Current GC Util" value="89" />
  <attribute name= "Current Time Running" value="395" />
  <attribute name ="GC Interval" value="200" />
  <attribute name="ProportionalT" value="4.500000" />
  <attribute name="ProportionalI" value="4.500000" />
  <attribute name="ProportionalH" value="4.500000" />
  <attribute name="Current Error" value="9.000000" />
  <attribute name="IntegralT" value="27.000000" />
  <attribute name="IntegralI" value="27.000000" />
  <attribute name="IntegralH" value="27.000000" />
  <attribute name="DerivativeT" value="1.500000" />
  <attribute name="DerivativeI" value="1.500000" />
  <attribute name="DerivativeH" value="1.500000" />
  <attribute name="Loop Time for DT" value="6.000000" />
  <attribute name="Output H" value="8388608"/>
  <attribute name="Output I" value="200"/>
  <attribute name="Output T" value="16"/>
  <attribute name="Target GC Util Change" value ="80.000000" />
  <attribute name="Current GC Util Change" value="89.000000"/>
  <attribute name="GC Util currently" value="89" />
  <attribute name="CPU Util currently" value="212771457416" />
<allocation-satisfied id="160" threadId="0000000000880F00" bytesRequested="24" />
<af-end id="161" timestamp="2019-08-11T07:38:29.557" threadId="0000000000881888" success="true" from="nursery"/>
<exclusive-end id="162" timestamp="2019-08-11T07:38:29.557" durationms="1.839" />

<exclusive-start id="163" timestamp="2019-08-11T07:38:29.559" intervalms="4.212">
  <response-info timems="0.031" idlems="0.031" threads="0" lastid="0000000000880F00" lastname="main" />
</exclusive-start>
<af-start id="164" threadId="0000000000881888" totalBytesRequested="16" timestamp="2019-08-11T07:38:29.559" intervalms="4.209" type="nursery" />
<cycle-start id="165" type="scavenge" contextid="0" timestamp="2019-08-11T07:38:29.559" intervalms="4.209" />
<gc-start id="166" type="scavenge" contextid="165" timestamp="2019-08-11T07:38:29.559">
  <mem-info id="167" free="4199857176" total="4203675648" percent="99">
    <mem type="nursery" free="0" total="2228224" percent="0">
      <mem type="allocate" free="0" total="1114112" percent="0" />
      <mem type="survivor" free="0" total="1114112" percent="0" />
    </mem>
    <mem type="tenure" free="4199857176" total="4201447424" percent="99">
      <mem type="soa" free="3989785624" total="3991375872" percent="99" />
      <mem type="loa" free="210071552" total="210071552" percent="100" />
    </mem>
    <remembered-set count="8663" />
  </mem-info>
</gc-start>
<allocation-stats totalBytes="55696" >
  <allocated-bytes non-tlh="24" tlh="55672" />
  <largest-consumer threadName="main" threadId="0000000000880F00" bytes="55696" />
</allocation-stats>
<gc-op id="168" type="scavenge" timems="1.513" contextid="165" timestamp="2019-08-11T07:38:29.561">
  <scavenger-info tenureage="2" tenuremask="fffc" tiltratio="50" />
  <memory-copied type="nursery" objects="5533" bytes="135600" bytesdiscarded="108624" />
  <memory-copied type="tenure" objects="23020" bytes="821200" bytesdiscarded="112" />
</gc-op>
<gc-end id="169" type="scavenge" contextid="165" durationms="1.577" usertimems="5.272" systemtimems="0.569" timestamp="2019-08-11T07:38:29.561" activeThreads="16">
  <mem-info id="170" free="4199872784" total="4203675648" percent="99">
    <mem type="nursery" free="869888" total="2228224" percent="39">
      <mem type="allocate" free="869888" total="1114112" percent="78" />
      <mem type="survivor" free="0" total="1114112" percent="0" />
    </mem>
    <mem type="tenure" free="4199002896" total="4201447424" percent="99">
      <mem type="soa" free="3988931344" total="3991375872" percent="99" />
      <mem type="loa" free="210071552" total="210071552" percent="100" />
    </mem>
    <remembered-set count="94" />
  </mem-info>
</gc-end>
<cycle-end id="171" type="scavenge" contextid="165" timestamp="2019-08-11T07:38:29.561" />
  <attribute name="elasticGC enabled" value="1" />
  <attribute name= "numThreadsSpecified" value="16" />
  <attribute name="heapSize specified" value="8519680" />
  <attribute name="Current GC Util" value="132" />
  <attribute name= "Current Time Running" value="399" />
  <attribute name ="GC Interval" value="200" />
  <attribute name="ProportionalT" value="26.000000" />
  <attribute name="ProportionalI" value="26.000000" />
  <attribute name="ProportionalH" value="26.000000" />
  <attribute name="Current Error" value="52.000000" />
  <attribute name="IntegralT" value="104.000000" />
  <attribute name="IntegralI" value="104.000000" />
  <attribute name="IntegralH" value="104.000000" />
  <attribute name="DerivativeT" value="10.750000" />
  <attribute name="DerivativeI" value="10.750000" />
  <attribute name="DerivativeH" value="10.750000" />
  <attribute name="Loop Time for DT" value="4.000000" />
  <attribute name="Output H" value="8388608"/>
  <attribute name="Output I" value="200"/>
  <attribute name="Output T" value="16"/>
  <attribute name="Target GC Util Change" value ="80.000000" />
  <attribute name="Current GC Util Change" value="132.000000"/>
  <attribute name="GC Util currently" value="132" />
  <attribute name="CPU Util currently" value="274093262285" />
<allocation-satisfied id="172" threadId="0000000000880F00" bytesRequested="16" />
<af-end id="173" timestamp="2019-08-11T07:38:29.561" threadId="0000000000881888" success="true" from="nursery"/>
<exclusive-end id="174" timestamp="2019-08-11T07:38:29.561" durationms="1.670" />

<exclusive-start id="175" timestamp="2019-08-11T07:38:29.588" intervalms="28.748">
  <response-info timems="0.032" idlems="0.032" threads="0" lastid="0000000000880F00" lastname="main" />
</exclusive-start>
<af-start id="176" threadId="0000000000881888" totalBytesRequested="24" timestamp="2019-08-11T07:38:29.588" intervalms="28.761" type="nursery" />
<cycle-start id="177" type="scavenge" contextid="0" timestamp="2019-08-11T07:38:29.588" intervalms="28.764" />
<gc-start id="178" type="scavenge" contextid="177" timestamp="2019-08-11T07:38:29.588">
  <mem-info id="179" free="4199002856" total="4203675648" percent="99">
    <mem type="nursery" free="0" total="2228224" percent="0">
      <mem type="allocate" free="0" total="1114112" percent="0" />
      <mem type="survivor" free="0" total="1114112" percent="0" />
    </mem>
    <mem type="tenure" free="4199002856" total="4201447424" percent="99">
      <mem type="soa" free="3988931304" total="3991375872" percent="99" />
      <mem type="loa" free="210071552" total="210071552" percent="100" />
    </mem>
    <remembered-set count="103" />
  </mem-info>
</gc-start>
<allocation-stats totalBytes="869672" >
  <allocated-bytes non-tlh="148464" tlh="721208" />
  <largest-consumer threadName="main" threadId="0000000000880F00" bytes="869672" />
</allocation-stats>
<gc-op id="180" type="scavenge" timems="1.927" contextid="177" timestamp="2019-08-11T07:38:29.590">
  <scavenger-info tenureage="2" tenuremask="fff4" tiltratio="50" />
  <memory-copied type="nursery" objects="21795" bytes="720896" bytesdiscarded="168512" />
  <memory-copied type="tenure" objects="4233" bytes="94192" bytesdiscarded="0" />
  <references type="phantom" candidates="3" cleared="3" enqueued="3" />
</gc-op>
<gc-end id="181" type="scavenge" contextid="177" durationms="1.999" usertimems="5.464" systemtimems="1.076" timestamp="2019-08-11T07:38:29.590" activeThreads="16">
  <mem-info id="182" free="4198977192" total="4203675648" percent="99">
    <mem type="nursery" free="224704" total="2228224" percent="10">
      <mem type="allocate" free="224704" total="1114112" percent="20" />
      <mem type="survivor" free="0" total="1114112" percent="0" />
    </mem>
    <mem type="tenure" free="4198752488" total="4201447424" percent="99">
      <mem type="soa" free="3988680936" total="3991375872" percent="99" />
      <mem type="loa" free="210071552" total="210071552" percent="100" />
    </mem>
    <pending-finalizers system="0" default="0" reference="3" classloader="0" />
    <remembered-set count="102" />
  </mem-info>
</gc-end>
<cycle-end id="183" type="scavenge" contextid="177" timestamp="2019-08-11T07:38:29.590" />
  <attribute name="elasticGC enabled" value="1" />
  <attribute name= "numThreadsSpecified" value="16" />
  <attribute name="heapSize specified" value="8519680" />
  <attribute name="Current GC Util" value="19" />
  <attribute name= "Current Time Running" value="427" />
  <attribute name ="GC Interval" value="200" />
  <attribute name="ProportionalT" value="-30.500000" />
  <attribute name="ProportionalI" value="-30.500000" />
  <attribute name="ProportionalH" value="-30.500000" />
  <attribute name="Current Error" value="-61.000000" />
  <attribute name="IntegralT" value="-854.000000" />
  <attribute name="IntegralI" value="-854.000000" />
  <attribute name="IntegralH" value="-854.000000" />
  <attribute name="DerivativeT" value="-4.035714" />
  <attribute name="DerivativeI" value="-4.035714" />
  <attribute name="DerivativeH" value="-4.035714" />
  <attribute name="Loop Time for DT" value="28.000000" />
  <attribute name="Output H" value="4203675648"/>
  <attribute name="Output I" value="200"/>
  <attribute name="Output T" value="16"/>
  <attribute name="Target GC Util Change" value ="80.000000" />
  <attribute name="Current GC Util Change" value="19.000000"/>
  <attribute name="GC Util currently" value="19" />
  <attribute name="CPU Util currently" value="40059032352" />
<allocation-satisfied id="184" threadId="0000000000880F00" bytesRequested="24" />
<af-end id="185" timestamp="2019-08-11T07:38:29.590" threadId="0000000000881888" success="true" from="nursery"/>
<exclusive-end id="186" timestamp="2019-08-11T07:38:29.590" durationms="2.123" />

<exclusive-start id="187" timestamp="2019-08-11T07:38:29.599" intervalms="10.440">
  <response-info timems="0.032" idlems="0.032" threads="0" lastid="0000000000880F00" lastname="main" />
</exclusive-start>
<af-start id="188" threadId="0000000000881888" totalBytesRequested="24" timestamp="2019-08-11T07:38:29.599" intervalms="10.436" type="nursery" />
<cycle-start id="189" type="scavenge" contextid="0" timestamp="2019-08-11T07:38:29.599" intervalms="10.436" />
<gc-start id="190" type="scavenge" contextid="189" timestamp="2019-08-11T07:38:29.599">
  <mem-info id="191" free="4198752488" total="4203675648" percent="99">
    <mem type="nursery" free="0" total="2228224" percent="0">
      <mem type="allocate" free="0" total="1114112" percent="0" />
      <mem type="survivor" free="0" total="1114112" percent="0" />
    </mem>
    <mem type="tenure" free="4198752488" total="4201447424" percent="99">
      <mem type="soa" free="3988680936" total="3991375872" percent="99" />
      <mem type="loa" free="210071552" total="210071552" percent="100" />
    </mem>
    <remembered-set count="104" />
  </mem-info>
</gc-start>
<allocation-stats totalBytes="224656" >
  <allocated-bytes non-tlh="40408" tlh="184248" />
  <largest-consumer threadName="main" threadId="0000000000880F00" bytes="224656" />
</allocation-stats>
<gc-op id="192" type="scavenge" timems="1.661" contextid="189" timestamp="2019-08-11T07:38:29.600">
  <scavenger-info tenureage="3" tenuremask="fff8" tiltratio="50" />
  <memory-copied type="nursery" objects="26017" bytes="854504" bytesdiscarded="120840" />
  <references type="phantom" candidates="1" cleared="0" enqueued="0" />
</gc-op>
<gc-end id="193" type="scavenge" contextid="189" durationms="1.735" usertimems="3.492" systemtimems="1.989" timestamp="2019-08-11T07:38:29.600" activeThreads="16">
  <mem-info id="194" free="4198891256" total="4203675648" percent="99">
    <mem type="nursery" free="138768" total="2228224" percent="6">
      <mem type="allocate" free="138768" total="1114112" percent="12" />
      <mem type="survivor" free="0" total="1114112" percent="0" />
    </mem>
    <mem type="tenure" free="4198752488" total="4201447424" percent="99">
      <mem type="soa" free="3988680936" total="3991375872" percent="99" />
      <mem type="loa" free="210071552" total="210071552" percent="100" />
    </mem>
    <remembered-set count="101" />
  </mem-info>
</gc-end>
<cycle-end id="195" type="scavenge" contextid="189" timestamp="2019-08-11T07:38:29.600" />
  <attribute name="elasticGC enabled" value="1" />
  <attribute name= "numThreadsSpecified" value="16" />
  <attribute name="heapSize specified" value="8519680" />
  <attribute name="Current GC Util" value="61" />
  <attribute name= "Current Time Running" value="438" />
  <attribute name ="GC Interval" value="200" />
  <attribute name="ProportionalT" value="-9.500000" />
  <attribute name="ProportionalI" value="-9.500000" />
  <attribute name="ProportionalH" value="-9.500000" />
  <attribute name="Current Error" value="-19.000000" />
  <attribute name="IntegralT" value="-104.500000" />
  <attribute name="IntegralI" value="-104.500000" />
  <attribute name="IntegralH" value="-104.500000" />
  <attribute name="DerivativeT" value="-1.727273" />
  <attribute name="DerivativeI" value="-1.727273" />
  <attribute name="DerivativeH" value="-1.727273" />
  <attribute name="Loop Time for DT" value="11.000000" />
  <attribute name="Output H" value="4203675648"/>
  <attribute name="Output I" value="200"/>
  <attribute name="Output T" value="16"/>
  <attribute name="Target GC Util Change" value ="80.000000" />
  <attribute name="Current GC Util Change" value="61.000000"/>
  <attribute name="GC Util currently" value="61" />
  <attribute name="CPU Util currently" value="110548492488" />
<allocation-satisfied id="196" threadId="0000000000880F00" bytesRequested="24" />
<af-end id="197" timestamp="2019-08-11T07:38:29.601" threadId="0000000000881888" success="true" from="nursery"/>
<exclusive-end id="198" timestamp="2019-08-11T07:38:29.601" durationms="1.898" />

<exclusive-start id="199" timestamp="2019-08-11T07:38:29.605" intervalms="6.195">
  <response-info timems="0.011" idlems="0.011" threads="0" lastid="0000000000880F00" lastname="main" />
</exclusive-start>
<af-start id="200" threadId="0000000000881888" totalBytesRequested="65712" timestamp="2019-08-11T07:38:29.605" intervalms="6.189" type="nursery" />
<cycle-start id="201" type="scavenge" contextid="0" timestamp="2019-08-11T07:38:29.605" intervalms="6.187" />
<gc-start id="202" type="scavenge" contextid="201" timestamp="2019-08-11T07:38:29.605">
  <mem-info id="203" free="4198768352" total="4203675648" percent="99">
    <mem type="nursery" free="15864" total="2228224" percent="0">
      <mem type="allocate" free="15864" total="1114112" percent="1" />
      <mem type="survivor" free="0" total="1114112" percent="0" />
    </mem>
    <mem type="tenure" free="4198752488" total="4201447424" percent="99">
      <mem type="soa" free="3988680936" total="3991375872" percent="99" />
      <mem type="loa" free="210071552" total="210071552" percent="100" />
    </mem>
    <remembered-set count="102" />
  </mem-info>
</gc-start>
<allocation-stats totalBytes="122864" >
  <allocated-bytes non-tlh="24" tlh="122840" />
  <largest-consumer threadName="main" threadId="0000000000880F00" bytes="122864" />
</allocation-stats>
<gc-op id="204" type="scavenge" timems="1.832" contextid="201" timestamp="2019-08-11T07:38:29.607">
  <scavenger-info tenureage="2" tenuremask="fffc" tiltratio="50" />
  <memory-copied type="nursery" objects="6826" bytes="244000" bytesdiscarded="168208" />
  <memory-copied type="tenure" objects="21284" bytes="678976" bytesdiscarded="128" />
  <references type="phantom" candidates="2" cleared="1" enqueued="1" />
</gc-op>
<gc-end id="205" type="scavenge" contextid="201" durationms="1.929" usertimems="2.683" systemtimems="3.223" timestamp="2019-08-11T07:38:29.607" activeThreads="16">
  <mem-info id="206" free="4198802816" total="4203675648" percent="99">
    <mem type="nursery" free="701904" total="2228224" percent="31">
      <mem type="allocate" free="701904" total="1114112" percent="63" />
      <mem type="survivor" free="0" total="1114112" percent="0" />
    </mem>
    <mem type="tenure" free="4198100912" total="4201447424" percent="99">
      <mem type="soa" free="3988029360" total="3991375872" percent="99" />
      <mem type="loa" free="210071552" total="210071552" percent="100" />
    </mem>
    <pending-finalizers system="0" default="0" reference="1" classloader="0" />
    <remembered-set count="117" />
  </mem-info>
</gc-end>
<cycle-end id="207" type="scavenge" contextid="201" timestamp="2019-08-11T07:38:29.607" />
  <attribute name="elasticGC enabled" value="1" />
  <attribute name= "numThreadsSpecified" value="16" />
  <attribute name="heapSize specified" value="8519680" />
  <attribute name="Current GC Util" value="90" />
  <attribute name= "Current Time Running" value="444" />
  <attribute name ="GC Interval" value="200" />
  <attribute name="ProportionalT" value="5.000000" />
  <attribute name="ProportionalI" value="5.000000" />
  <attribute name="ProportionalH" value="5.000000" />
  <attribute name="Current Error" value="10.000000" />
  <attribute name="IntegralT" value="30.000000" />
  <attribute name="IntegralI" value="30.000000" />
  <attribute name="IntegralH" value="30.000000" />
  <attribute name="DerivativeT" value="1.666667" />
  <attribute name="DerivativeI" value="1.666667" />
  <attribute name="DerivativeH" value="1.666667" />
  <attribute name="Loop Time for DT" value="6.000000" />
  <attribute name="Output H" value="8388608"/>
  <attribute name="Output I" value="200"/>
  <attribute name="Output T" value="16"/>
  <attribute name="Target GC Util Change" value ="80.000000" />
  <attribute name="Current GC Util Change" value="90.000000"/>
  <attribute name="GC Util currently" value="90" />
  <attribute name="CPU Util currently" value="186620654826" />
<allocation-satisfied id="208" threadId="0000000000880F00" bytesRequested="65712" />
<af-end id="209" timestamp="2019-08-11T07:38:29.607" threadId="0000000000881888" success="true" from="nursery"/>
<exclusive-end id="210" timestamp="2019-08-11T07:38:29.607" durationms="2.043" />

<exclusive-start id="211" timestamp="2019-08-11T07:38:29.623" intervalms="18.487">
  <response-info timems="0.036" idlems="0.036" threads="0" lastid="0000000000880F00" lastname="main" />
</exclusive-start>
<af-start id="212" threadId="0000000000881888" totalBytesRequested="3584" timestamp="2019-08-11T07:38:29.623" intervalms="18.494" type="nursery" />
<cycle-start id="213" type="scavenge" contextid="0" timestamp="2019-08-11T07:38:29.623" intervalms="18.496" />
<gc-start id="214" type="scavenge" contextid="213" timestamp="2019-08-11T07:38:29.623">
  <mem-info id="215" free="4198095520" total="4203675648" percent="99">
    <mem type="nursery" free="0" total="2228224" percent="0">
      <mem type="allocate" free="0" total="1114112" percent="0" />
      <mem type="survivor" free="0" total="1114112" percent="0" />
    </mem>
    <mem type="tenure" free="4198095520" total="4201447424" percent="99">
      <mem type="soa" free="3988023968" total="3991375872" percent="99" />
      <mem type="loa" free="210071552" total="210071552" percent="100" />
    </mem>
    <remembered-set count="190" />
  </mem-info>
</gc-start>
<allocation-stats totalBytes="700704" >
  <allocated-bytes non-tlh="71104" tlh="629600" />
  <largest-consumer threadName="main" threadId="0000000000880F00" bytes="700704" />
</allocation-stats>
<gc-op id="216" type="scavenge" timems="3.523" contextid="213" timestamp="2019-08-11T07:38:29.627">
  <scavenger-info tenureage="2" tenuremask="fffc" tiltratio="50" />
  <memory-copied type="nursery" objects="11320" bytes="366376" bytesdiscarded="28040" />
  <memory-copied type="tenure" objects="4648" bytes="162296" bytesdiscarded="16" />
  <references type="weak" candidates="5" cleared="5" enqueued="5" />
  <references type="phantom" candidates="1" cleared="1" enqueued="1" />
</gc-op>
<gc-end id="217" type="scavenge" contextid="213" durationms="3.620" usertimems="4.573" systemtimems="1.235" timestamp="2019-08-11T07:38:29.627" activeThreads="16">
  <mem-info id="218" free="4198696464" total="4203675648" percent="99">
    <mem type="nursery" free="719664" total="2228224" percent="32">
      <mem type="allocate" free="719664" total="1114112" percent="64" />
      <mem type="survivor" free="0" total="1114112" percent="0" />
    </mem>
    <mem type="tenure" free="4197976800" total="4201447424" percent="99">
      <mem type="soa" free="3987905248" total="3991375872" percent="99" />
      <mem type="loa" free="210071552" total="210071552" percent="100" />
    </mem>
    <pending-finalizers system="0" default="0" reference="6" classloader="0" />
    <remembered-set count="162" />
  </mem-info>
</gc-end>
<cycle-end id="219" type="scavenge" contextid="213" timestamp="2019-08-11T07:38:29.627" />
  <attribute name="elasticGC enabled" value="1" />
  <attribute name= "numThreadsSpecified" value="16" />
  <attribute name="heapSize specified" value="8519680" />
  <attribute name="Current GC Util" value="32" />
  <attribute name= "Current Time Running" value="463" />
  <attribute name ="GC Interval" value="200" />
  <attribute name="ProportionalT" value="-24.000000" />
  <attribute name="ProportionalI" value="-24.000000" />
  <attribute name="ProportionalH" value="-24.000000" />
  <attribute name="Current Error" value="-48.000000" />
  <attribute name="IntegralT" value="-456.000000" />
  <attribute name="IntegralI" value="-456.000000" />
  <attribute name="IntegralH" value="-456.000000" />
  <attribute name="DerivativeT" value="-3.052632" />
  <attribute name="DerivativeI" value="-3.052632" />
  <attribute name="DerivativeH" value="-3.052632" />
  <attribute name="Loop Time for DT" value="19.000000" />
  <attribute name="Output H" value="4203675648"/>
  <attribute name="Output I" value="200"/>
  <attribute name="Output T" value="16"/>
  <attribute name="Target GC Util Change" value ="80.000000" />
  <attribute name="Current GC Util Change" value="32.000000"/>
  <attribute name="GC Util currently" value="32" />
  <attribute name="CPU Util currently" value="62297519501" />
<allocation-satisfied id="220" threadId="0000000000880F00" bytesRequested="3584" />
<af-end id="221" timestamp="2019-08-11T07:38:29.627" threadId="0000000000881888" success="true" from="nursery"/>
<exclusive-end id="222" timestamp="2019-08-11T07:38:29.627" durationms="3.777" />

<exclusive-start id="223" timestamp="2019-08-11T07:38:29.742" intervalms="118.342">
  <response-info timems="0.016" idlems="0.016" threads="0" lastid="0000000000880F00" lastname="main" />
</exclusive-start>
<af-start id="224" threadId="0000000000881888" totalBytesRequested="2288" timestamp="2019-08-11T07:38:29.742" intervalms="118.349" type="nursery" />
<cycle-start id="225" type="scavenge" contextid="0" timestamp="2019-08-11T07:38:29.742" intervalms="118.351" />
<gc-start id="226" type="scavenge" contextid="225" timestamp="2019-08-11T07:38:29.742">
  <mem-info id="227" free="4197956824" total="4203675648" percent="99">
    <mem type="nursery" free="0" total="2228224" percent="0">
      <mem type="allocate" free="0" total="1114112" percent="0" />
      <mem type="survivor" free="0" total="1114112" percent="0" />
    </mem>
    <mem type="tenure" free="4197956824" total="4201447424" percent="99">
      <mem type="soa" free="3987885272" total="3991375872" percent="99" />
      <mem type="loa" free="210071552" total="210071552" percent="100" />
    </mem>
    <remembered-set count="554" />
  </mem-info>
</gc-start>
<allocation-stats totalBytes="723352" >
  <allocated-bytes non-tlh="118216" tlh="605136" />
  <largest-consumer threadName="main" threadId="0000000000880F00" bytes="723352" />
</allocation-stats>
<gc-op id="228" type="scavenge" timems="2.282" contextid="225" timestamp="2019-08-11T07:38:29.744">
  <scavenger-info tenureage="1" tenuremask="fffe" tiltratio="50" />
  <memory-copied type="nursery" objects="1268" bytes="88176" bytesdiscarded="51616" />
  <memory-copied type="tenure" objects="11277" bytes="364432" bytesdiscarded="664" />
  <references type="weak" candidates="3" cleared="2" enqueued="2" />
  <references type="phantom" candidates="1" cleared="0" enqueued="0" />
</gc-op>
<gc-end id="229" type="scavenge" contextid="225" durationms="2.442" usertimems="2.009" systemtimems="4.054" timestamp="2019-08-11T07:38:29.744" activeThreads="16">
  <mem-info id="230" free="4198702792" total="4203675648" percent="99">
    <mem type="nursery" free="1105368" total="2228224" percent="49">
      <mem type="allocate" free="1105368" total="1245184" percent="88" />
      <mem type="survivor" free="0" total="983040" percent="0" />
    </mem>
    <mem type="tenure" free="4197597424" total="4201447424" percent="99">
      <mem type="soa" free="3987525872" total="3991375872" percent="99" />
      <mem type="loa" free="210071552" total="210071552" percent="100" />
    </mem>
    <pending-finalizers system="0" default="0" reference="2" classloader="0" />
    <remembered-set count="546" />
  </mem-info>
</gc-end>
<cycle-end id="231" type="scavenge" contextid="225" timestamp="2019-08-11T07:38:29.744" />
  <attribute name="elasticGC enabled" value="1" />
  <attribute name= "numThreadsSpecified" value="16" />
  <attribute name="heapSize specified" value="8519680" />
  <attribute name="Current GC Util" value="4" />
  <attribute name= "Current Time Running" value="581" />
  <attribute name ="GC Interval" value="200" />
  <attribute name="ProportionalT" value="-38.000000" />
  <attribute name="ProportionalI" value="-38.000000" />
  <attribute name="ProportionalH" value="-38.000000" />
  <attribute name="Current Error" value="-76.000000" />
  <attribute name="IntegralT" value="-4484.000000" />
  <attribute name="IntegralI" value="-4484.000000" />
  <attribute name="IntegralH" value="-4484.000000" />
  <attribute name="DerivativeT" value="-0.644068" />
  <attribute name="DerivativeI" value="-0.644068" />
  <attribute name="DerivativeH" value="-0.644068" />
  <attribute name="Loop Time for DT" value="118.000000" />
  <attribute name="Output H" value="4203675648"/>
  <attribute name="Output I" value="200"/>
  <attribute name="Output T" value="16"/>
  <attribute name="Target GC Util Change" value ="80.000000" />
  <attribute name="Current GC Util Change" value="4.000000"/>
  <attribute name="GC Util currently" value="4" />
  <attribute name="CPU Util currently" value="0" />
<allocation-satisfied id="232" threadId="0000000000880F00" bytesRequested="2288" />
<af-end id="233" timestamp="2019-08-11T07:38:29.744" threadId="0000000000881888" success="true" from="nursery"/>
<exclusive-end id="234" timestamp="2019-08-11T07:38:29.744" durationms="2.612" />

<exclusive-start id="235" timestamp="2019-08-11T07:38:29.769" intervalms="27.363">
  <response-info timems="0.032" idlems="0.032" threads="0" lastid="0000000000880F00" lastname="main" />
</exclusive-start>
<af-start id="236" threadId="0000000000881888" totalBytesRequested="248" timestamp="2019-08-11T07:38:29.769" intervalms="27.361" type="nursery" />
<cycle-start id="237" type="scavenge" contextid="0" timestamp="2019-08-11T07:38:29.769" intervalms="27.360" />
<gc-start id="238" type="scavenge" contextid="237" timestamp="2019-08-11T07:38:29.769">
  <mem-info id="239" free="4197570896" total="4203675648" percent="99">
    <mem type="nursery" free="0" total="2228224" percent="0">
      <mem type="allocate" free="0" total="1245184" percent="0" />
      <mem type="survivor" free="0" total="983040" percent="0" />
    </mem>
    <mem type="tenure" free="4197570896" total="4201447424" percent="99">
      <mem type="soa" free="3987499344" total="3991375872" percent="99" />
      <mem type="loa" free="210071552" total="210071552" percent="100" />
    </mem>
    <remembered-set count="874" />
  </mem-info>
</gc-start>
<allocation-stats totalBytes="1129864" >
  <allocated-bytes non-tlh="28816" tlh="1101048" />
  <largest-consumer threadName="main" threadId="0000000000880F00" bytes="1129864" />
</allocation-stats>
<gc-op id="240" type="scavenge" timems="0.991" contextid="237" timestamp="2019-08-11T07:38:29.770">
  <scavenger-info tenureage="2" tenuremask="fffc" tiltratio="55" />
  <memory-copied type="nursery" objects="3180" bytes="154368" bytesdiscarded="34832" />
</gc-op>
<gc-end id="241" type="scavenge" contextid="237" durationms="1.055" usertimems="0.584" systemtimems="1.315" timestamp="2019-08-11T07:38:29.770" activeThreads="16">
  <mem-info id="242" free="4198757920" total="4203675648" percent="99">
    <mem type="nursery" free="1187024" total="2228224" percent="53">
      <mem type="allocate" free="1187024" total="1376256" percent="86" />
      <mem type="survivor" free="0" total="851968" percent="0" />
    </mem>
    <mem type="tenure" free="4197570896" total="4201447424" percent="99">
      <mem type="soa" free="3987499344" total="3991375872" percent="99" />
      <mem type="loa" free="210071552" total="210071552" percent="100" />
    </mem>
    <remembered-set count="807" />
  </mem-info>
</gc-end>
<cycle-end id="243" type="scavenge" contextid="237" timestamp="2019-08-11T07:38:29.770" />
  <attribute name="elasticGC enabled" value="1" />
  <attribute name= "numThreadsSpecified" value="16" />
  <attribute name="heapSize specified" value="8519680" />
  <attribute name="Current GC Util" value="22" />
  <attribute name= "Current Time Running" value="608" />
  <attribute name ="GC Interval" value="200" />
  <attribute name="ProportionalT" value="-29.000000" />
  <attribute name="ProportionalI" value="-29.000000" />
  <attribute name="ProportionalH" value="-29.000000" />
  <attribute name="Current Error" value="-58.000000" />
  <attribute name="IntegralT" value="-783.000000" />
  <attribute name="IntegralI" value="-783.000000" />
  <attribute name="IntegralH" value="-783.000000" />
  <attribute name="DerivativeT" value="-2.148148" />
  <attribute name="DerivativeI" value="-2.148148" />
  <attribute name="DerivativeH" value="-2.148148" />
  <attribute name="Loop Time for DT" value="27.000000" />
  <attribute name="Output H" value="4203675648"/>
  <attribute name="Output I" value="200"/>
  <attribute name="Output T" value="16"/>
  <attribute name="Target GC Util Change" value ="80.000000" />
  <attribute name="Current GC Util Change" value="22.000000"/>
  <attribute name="GC Util currently" value="22" />
  <attribute name="CPU Util currently" value="42077047848" />
<allocation-satisfied id="244" threadId="0000000000880F00" bytesRequested="248" />
<af-end id="245" timestamp="2019-08-11T07:38:29.770" threadId="0000000000881888" success="true" from="nursery"/>
<exclusive-end id="246" timestamp="2019-08-11T07:38:29.770" durationms="1.178" />

<exclusive-start id="247" timestamp="2019-08-11T07:38:29.794" intervalms="24.576">
  <response-info timems="0.010" idlems="0.010" threads="0" lastid="0000000000880F00" lastname="main" />
</exclusive-start>
<af-start id="248" threadId="0000000000881888" totalBytesRequested="4360" timestamp="2019-08-11T07:38:29.794" intervalms="24.575" type="nursery" />
<cycle-start id="249" type="scavenge" contextid="0" timestamp="2019-08-11T07:38:29.794" intervalms="24.575" />
<gc-start id="250" type="scavenge" contextid="249" timestamp="2019-08-11T07:38:29.794">
  <mem-info id="251" free="4197563984" total="4203675648" percent="99">
    <mem type="nursery" free="0" total="2228224" percent="0">
      <mem type="allocate" free="0" total="1376256" percent="0" />
      <mem type="survivor" free="0" total="851968" percent="0" />
    </mem>
    <mem type="tenure" free="4197563984" total="4201447424" percent="99">
      <mem type="soa" free="3987492432" total="3991375872" percent="99" />
      <mem type="loa" free="210071552" total="210071552" percent="100" />
    </mem>
    <remembered-set count="908" />
  </mem-info>
</gc-start>
<allocation-stats totalBytes="1190328" >
  <allocated-bytes non-tlh="7160" tlh="1183168" />
  <largest-consumer threadName="main" threadId="0000000000880F00" bytes="1190328" />
</allocation-stats>
<gc-op id="252" type="scavenge" timems="1.616" contextid="249" timestamp="2019-08-11T07:38:29.795">
  <scavenger-info tenureage="2" tenuremask="fffc" tiltratio="61" />
  <memory-copied type="nursery" objects="11254" bytes="681880" bytesdiscarded="169968" />
  <memory-copied type="tenure" objects="3257" bytes="170352" bytesdiscarded="40" />
  <copy-failed type="nursery" objects="2176" bytes="89600" />
</gc-op>
<gc-end id="253" type="scavenge" contextid="249" durationms="1.706" usertimems="2.346" systemtimems="1.858" timestamp="2019-08-11T07:38:29.795" activeThreads="16">
  <mem-info id="254" free="4197656848" total="4203675648" percent="99">
    <mem type="nursery" free="262144" total="2228224" percent="11">
      <mem type="allocate" free="262144" total="1114112" percent="23" />
      <mem type="survivor" free="0" total="1114112" percent="0" />
    </mem>
    <mem type="tenure" free="4197394704" total="4201447424" percent="99">
      <mem type="soa" free="3987323152" total="3991375872" percent="99" />
      <mem type="loa" free="210071552" total="210071552" percent="100" />
    </mem>
    <remembered-set count="1081" />
  </mem-info>
</gc-end>
<cycle-end id="255" type="scavenge" contextid="249" timestamp="2019-08-11T07:38:29.795" />
  <attribute name="elasticGC enabled" value="1" />
  <attribute name= "numThreadsSpecified" value="16" />
  <attribute name="heapSize specified" value="8519680" />
  <attribute name="Current GC Util" value="7" />
  <attribute name= "Current Time Running" value="633" />
  <attribute name ="GC Interval" value="200" />
  <attribute name="ProportionalT" value="-36.500000" />
  <attribute name="ProportionalI" value="-36.500000" />
  <attribute name="ProportionalH" value="-36.500000" />
  <attribute name="Current Error" value="-73.000000" />
  <attribute name="IntegralT" value="-912.500000" />
  <attribute name="IntegralI" value="-912.500000" />
  <attribute name="IntegralH" value="-912.500000" />
  <attribute name="DerivativeT" value="-2.920000" />
  <attribute name="DerivativeI" value="-2.920000" />
  <attribute name="DerivativeH" value="-2.920000" />
  <attribute name="Loop Time for DT" value="25.000000" />
  <attribute name="Output H" value="4203675648"/>
  <attribute name="Output I" value="200"/>
  <attribute name="Output T" value="16"/>
  <attribute name="Target GC Util Change" value ="80.000000" />
  <attribute name="Current GC Util Change" value="7.000000"/>
  <attribute name="GC Util currently" value="7" />
  <attribute name="CPU Util currently" value="46880208726" />
<allocation-satisfied id="256" threadId="0000000000880F00" bytesRequested="4360" />
<af-end id="257" timestamp="2019-08-11T07:38:29.796" threadId="0000000000881888" success="true" from="nursery"/>
<exclusive-end id="258" timestamp="2019-08-11T07:38:29.796" durationms="1.946" />

<exclusive-start id="259" timestamp="2019-08-11T07:38:29.800" intervalms="6.366">
  <response-info timems="0.010" idlems="0.010" threads="0" lastid="0000000000880F00" lastname="main" />
</exclusive-start>
<af-start id="260" threadId="0000000000881888" totalBytesRequested="72" timestamp="2019-08-11T07:38:29.800" intervalms="6.354" type="nursery" />
<cycle-start id="261" type="scavenge" contextid="0" timestamp="2019-08-11T07:38:29.800" intervalms="6.351" />
<gc-start id="262" type="scavenge" contextid="261" timestamp="2019-08-11T07:38:29.800">
  <mem-info id="263" free="4197394704" total="4203675648" percent="99">
    <mem type="nursery" free="0" total="2228224" percent="0">
      <mem type="allocate" free="0" total="1114112" percent="0" />
      <mem type="survivor" free="0" total="1114112" percent="0" />
    </mem>
    <mem type="tenure" free="4197394704" total="4201447424" percent="99">
      <mem type="soa" free="3987323152" total="3991375872" percent="99" />
      <mem type="loa" free="210071552" total="210071552" percent="100" />
    </mem>
    <remembered-set count="1085" />
  </mem-info>
</gc-start>
<allocation-stats totalBytes="262040" >
  <allocated-bytes non-tlh="4360" tlh="257680" />
  <largest-consumer threadName="main" threadId="0000000000880F00" bytes="262040" />
</allocation-stats>
<gc-op id="264" type="scavenge" timems="2.435" contextid="261" timestamp="2019-08-11T07:38:29.802">
  <scavenger-info tenureage="1" tenuremask="fffe" tiltratio="50" />
  <memory-copied type="nursery" objects="3355" bytes="214704" bytesdiscarded="131240" />
  <memory-copied type="tenure" objects="11169" bytes="680520" bytesdiscarded="1016" />
</gc-op>
<gc-end id="265" type="scavenge" contextid="261" durationms="2.500" usertimems="5.387" systemtimems="3.293" timestamp="2019-08-11T07:38:29.803" activeThreads="16">
  <mem-info id="266" free="4197464320" total="4203675648" percent="99">
    <mem type="nursery" free="768136" total="2228224" percent="34">
      <mem type="allocate" free="768136" total="1114112" percent="68" />
      <mem type="survivor" free="0" total="1114112" percent="0" />
    </mem>
    <mem type="tenure" free="4196696184" total="4201447424" percent="99">
      <mem type="soa" free="3986624632" total="3991375872" percent="99" />
      <mem type="loa" free="210071552" total="210071552" percent="100" />
    </mem>
    <remembered-set count="194" />
  </mem-info>
</gc-end>
<cycle-end id="267" type="scavenge" contextid="261" timestamp="2019-08-11T07:38:29.803" />
  <attribute name="elasticGC enabled" value="1" />
  <attribute name= "numThreadsSpecified" value="16" />
  <attribute name="heapSize specified" value="8519680" />
  <attribute name="Current GC Util" value="68" />
  <attribute name= "Current Time Running" value="639" />
  <attribute name ="GC Interval" value="200" />
  <attribute name="ProportionalT" value="-6.000000" />
  <attribute name="ProportionalI" value="-6.000000" />
  <attribute name="ProportionalH" value="-6.000000" />
  <attribute name="Current Error" value="-12.000000" />
  <attribute name="IntegralT" value="-36.000000" />
  <attribute name="IntegralI" value="-36.000000" />
  <attribute name="IntegralH" value="-36.000000" />
  <attribute name="DerivativeT" value="-2.000000" />
  <attribute name="DerivativeI" value="-2.000000" />
  <attribute name="DerivativeH" value="-2.000000" />
  <attribute name="Loop Time for DT" value="6.000000" />
  <attribute name="Output H" value="4203675648"/>
  <attribute name="Output I" value="200"/>
  <attribute name="Output T" value="16"/>
  <attribute name="Target GC Util Change" value ="80.000000" />
  <attribute name="Current GC Util Change" value="68.000000"/>
  <attribute name="GC Util currently" value="68" />
  <attribute name="CPU Util currently" value="182920460334" />
<allocation-satisfied id="268" threadId="0000000000880F00" bytesRequested="72" />
<af-end id="269" timestamp="2019-08-11T07:38:29.803" threadId="0000000000881888" success="true" from="nursery"/>
<exclusive-end id="270" timestamp="2019-08-11T07:38:29.803" durationms="2.601" />

<exclusive-start id="271" timestamp="2019-08-11T07:38:29.823" intervalms="23.466">
  <response-info timems="0.012" idlems="0.012" threads="0" lastid="0000000000880F00" lastname="main" />
</exclusive-start>
<af-start id="272" threadId="0000000000881888" totalBytesRequested="24" timestamp="2019-08-11T07:38:29.823" intervalms="23.475" type="nursery" />
<cycle-start id="273" type="scavenge" contextid="0" timestamp="2019-08-11T07:38:29.823" intervalms="23.477" />
<gc-start id="274" type="scavenge" contextid="273" timestamp="2019-08-11T07:38:29.823">
  <mem-info id="275" free="4196696184" total="4203675648" percent="99">
    <mem type="nursery" free="0" total="2228224" percent="0">
      <mem type="allocate" free="0" total="1114112" percent="0" />
      <mem type="survivor" free="0" total="1114112" percent="0" />
    </mem>
    <mem type="tenure" free="4196696184" total="4201447424" percent="99">
      <mem type="soa" free="3986624632" total="3991375872" percent="99" />
      <mem type="loa" free="210071552" total="210071552" percent="100" />
    </mem>
    <remembered-set count="205" />
  </mem-info>
</gc-start>
<allocation-stats totalBytes="768096" >
  <allocated-bytes non-tlh="279384" tlh="488712" />
  <largest-consumer threadName="main" threadId="0000000000880F00" bytes="768096" />
</allocation-stats>
<gc-op id="276" type="scavenge" timems="1.428" contextid="273" timestamp="2019-08-11T07:38:29.825">
  <scavenger-info tenureage="1" tenuremask="7ffe" tiltratio="50" />
  <memory-copied type="nursery" objects="8238" bytes="650976" bytesdiscarded="229664" />
  <memory-copied type="tenure" objects="3355" bytes="214704" bytesdiscarded="400" />
</gc-op>
<gc-end id="277" type="scavenge" contextid="273" durationms="1.500" usertimems="1.057" systemtimems="3.370" timestamp="2019-08-11T07:38:29.825" activeThreads="16">
  <mem-info id="278" free="4196670944" total="4203675648" percent="99">
    <mem type="nursery" free="233400" total="2228224" percent="10">
      <mem type="allocate" free="233400" total="1114112" percent="20" />
      <mem type="survivor" free="0" total="1114112" percent="0" />
    </mem>
    <mem type="tenure" free="4196437544" total="4201447424" percent="99">
      <mem type="soa" free="3986365992" total="3991375872" percent="99" />
      <mem type="loa" free="210071552" total="210071552" percent="100" />
    </mem>
    <remembered-set count="104" />
  </mem-info>
</gc-end>
<cycle-end id="279" type="scavenge" contextid="273" timestamp="2019-08-11T07:38:29.825" />
  <attribute name="elasticGC enabled" value="1" />
  <attribute name= "numThreadsSpecified" value="16" />
  <attribute name="heapSize specified" value="8519680" />
  <attribute name="Current GC Util" value="37" />
  <attribute name= "Current Time Running" value="663" />
  <attribute name ="GC Interval" value="200" />
  <attribute name="ProportionalT" value="-21.500000" />
  <attribute name="ProportionalI" value="-21.500000" />
  <attribute name="ProportionalH" value="-21.500000" />
  <attribute name="Current Error" value="-43.000000" />
  <attribute name="IntegralT" value="-516.000000" />
  <attribute name="IntegralI" value="-516.000000" />
  <attribute name="IntegralH" value="-516.000000" />
  <attribute name="DerivativeT" value="-1.791667" />
  <attribute name="DerivativeI" value="-1.791667" />
  <attribute name="DerivativeH" value="-1.791667" />
  <attribute name="Loop Time for DT" value="24.000000" />
  <attribute name="Output H" value="4203675648"/>
  <attribute name="Output I" value="200"/>
  <attribute name="Output T" value="16"/>
  <attribute name="Target GC Util Change" value ="80.000000" />
  <attribute name="Current GC Util Change" value="37.000000"/>
  <attribute name="GC Util currently" value="37" />
  <attribute name="CPU Util currently" value="49072914373" />
<allocation-satisfied id="280" threadId="0000000000880F00" bytesRequested="24" />
<af-end id="281" timestamp="2019-08-11T07:38:29.825" threadId="0000000000881888" success="true" from="nursery"/>
<exclusive-end id="282" timestamp="2019-08-11T07:38:29.825" durationms="1.617" />

<exclusive-start id="283" timestamp="2019-08-11T07:38:29.827" intervalms="3.590">
  <response-info timems="0.009" idlems="0.009" threads="0" lastid="0000000000880F00" lastname="main" />
</exclusive-start>
<af-start id="284" threadId="0000000000881888" totalBytesRequested="15264" timestamp="2019-08-11T07:38:29.827" intervalms="3.583" type="nursery" />
<cycle-start id="285" type="scavenge" contextid="0" timestamp="2019-08-11T07:38:29.827" intervalms="3.582" />
<gc-start id="286" type="scavenge" contextid="285" timestamp="2019-08-11T07:38:29.827">
  <mem-info id="287" free="4196437544" total="4203675648" percent="99">
    <mem type="nursery" free="0" total="2228224" percent="0">
      <mem type="allocate" free="0" total="1114112" percent="0" />
      <mem type="survivor" free="0" total="1114112" percent="0" />
    </mem>
    <mem type="tenure" free="4196437544" total="4201447424" percent="99">
      <mem type="soa" free="3986365992" total="3991375872" percent="99" />
      <mem type="loa" free="210071552" total="210071552" percent="100" />
    </mem>
    <remembered-set count="108" />
  </mem-info>
</gc-start>
<allocation-stats totalBytes="221968" >
  <allocated-bytes non-tlh="61056" tlh="160912" />
  <largest-consumer threadName="main" threadId="0000000000880F00" bytes="221968" />
</allocation-stats>
<gc-op id="288" type="scavenge" timems="2.338" contextid="285" timestamp="2019-08-11T07:38:29.829">
  <scavenger-info tenureage="1" tenuremask="7ffe" tiltratio="50" />
  <memory-copied type="nursery" objects="3198" bytes="192688" bytesdiscarded="75672" />
  <memory-copied type="tenure" objects="8233" bytes="650848" bytesdiscarded="168" />
</gc-op>
<gc-end id="289" type="scavenge" contextid="285" durationms="2.428" usertimems="3.874" systemtimems="1.623" timestamp="2019-08-11T07:38:29.829" activeThreads="16">
  <mem-info id="290" free="4196682680" total="4203675648" percent="99">
    <mem type="nursery" free="845720" total="2228224" percent="37">
      <mem type="allocate" free="845720" total="1114112" percent="75" />
      <mem type="survivor" free="0" total="1114112" percent="0" />
    </mem>
    <mem type="tenure" free="4195836960" total="4201447424" percent="99">
      <mem type="soa" free="3985765408" total="3991375872" percent="99" />
      <mem type="loa" free="210071552" total="210071552" percent="100" />
    </mem>
    <remembered-set count="116" />
  </mem-info>
</gc-end>
<cycle-end id="291" type="scavenge" contextid="285" timestamp="2019-08-11T07:38:29.830" />
  <attribute name="elasticGC enabled" value="1" />
  <attribute name= "numThreadsSpecified" value="16" />
  <attribute name="heapSize specified" value="8519680" />
  <attribute name="Current GC Util" value="126" />
  <attribute name= "Current Time Running" value="666" />
  <attribute name ="GC Interval" value="200" />
  <attribute name="ProportionalT" value="23.000000" />
  <attribute name="ProportionalI" value="23.000000" />
  <attribute name="ProportionalH" value="23.000000" />
  <attribute name="Current Error" value="46.000000" />
  <attribute name="IntegralT" value="69.000000" />
  <attribute name="IntegralI" value="69.000000" />
  <attribute name="IntegralH" value="69.000000" />
  <attribute name="DerivativeT" value="15.333333" />
  <attribute name="DerivativeI" value="15.333333" />
  <attribute name="DerivativeH" value="15.333333" />
  <attribute name="Loop Time for DT" value="3.000000" />
  <attribute name="Output H" value="8388608"/>
  <attribute name="Output I" value="200"/>
  <attribute name="Output T" value="16"/>
  <attribute name="Target GC Util Change" value ="80.000000" />
  <attribute name="Current GC Util Change" value="126.000000"/>
  <attribute name="GC Util currently" value="126" />
  <attribute name="CPU Util currently" value="322040435104" />
<allocation-satisfied id="292" threadId="0000000000880F00" bytesRequested="15264" />
<af-end id="293" timestamp="2019-08-11T07:38:29.830" threadId="0000000000881888" success="true" from="nursery"/>
<exclusive-end id="294" timestamp="2019-08-11T07:38:29.830" durationms="2.530" />

<exclusive-start id="295" timestamp="2019-08-11T07:38:29.836" intervalms="8.792">
  <response-info timems="0.011" idlems="0.011" threads="0" lastid="0000000000880F00" lastname="main" />
</exclusive-start>
<af-start id="296" threadId="0000000000881888" totalBytesRequested="16" timestamp="2019-08-11T07:38:29.836" intervalms="8.792" type="nursery" />
<cycle-start id="297" type="scavenge" contextid="0" timestamp="2019-08-11T07:38:29.836" intervalms="8.792" />
<gc-start id="298" type="scavenge" contextid="297" timestamp="2019-08-11T07:38:29.836">
  <mem-info id="299" free="4195836960" total="4203675648" percent="99">
    <mem type="nursery" free="0" total="2228224" percent="0">
      <mem type="allocate" free="0" total="1114112" percent="0" />
      <mem type="survivor" free="0" total="1114112" percent="0" />
    </mem>
    <mem type="tenure" free="4195836960" total="4201447424" percent="99">
      <mem type="soa" free="3985765408" total="3991375872" percent="99" />
      <mem type="loa" free="210071552" total="210071552" percent="100" />
    </mem>
    <remembered-set count="131" />
  </mem-info>
</gc-start>
<allocation-stats totalBytes="845544" >
  <allocated-bytes non-tlh="204608" tlh="640936" />
  <largest-consumer threadName="main" threadId="0000000000880F00" bytes="845544" />
</allocation-stats>
<gc-op id="300" type="scavenge" timems="1.659" contextid="297" timestamp="2019-08-11T07:38:29.838">
  <scavenger-info tenureage="1" tenuremask="7ffe" tiltratio="50" />
  <memory-copied type="nursery" objects="10680" bytes="701728" bytesdiscarded="198832" />
  <memory-copied type="tenure" objects="3038" bytes="190128" bytesdiscarded="688" />
</gc-op>
<gc-end id="301" type="scavenge" contextid="297" durationms="1.744" usertimems="4.247" systemtimems="0.947" timestamp="2019-08-11T07:38:29.838" activeThreads="16">
  <mem-info id="302" free="4195820264" total="4203675648" percent="99">
    <mem type="nursery" free="213464" total="2228224" percent="9">
      <mem type="allocate" free="213464" total="1114112" percent="19" />
      <mem type="survivor" free="0" total="1114112" percent="0" />
    </mem>
    <mem type="tenure" free="4195606800" total="4201447424" percent="99">
      <mem type="soa" free="3985535248" total="3991375872" percent="99" />
      <mem type="loa" free="210071552" total="210071552" percent="100" />
    </mem>
    <remembered-set count="127" />
  </mem-info>
</gc-end>
<cycle-end id="303" type="scavenge" contextid="297" timestamp="2019-08-11T07:38:29.838" />
  <attribute name="elasticGC enabled" value="1" />
  <attribute name= "numThreadsSpecified" value="16" />
  <attribute name="heapSize specified" value="8519680" />
  <attribute name="Current GC Util" value="60" />
  <attribute name= "Current Time Running" value="675" />
  <attribute name ="GC Interval" value="200" />
  <attribute name="ProportionalT" value="-10.000000" />
  <attribute name="ProportionalI" value="-10.000000" />
  <attribute name="ProportionalH" value="-10.000000" />
  <attribute name="Current Error" value="-20.000000" />
  <attribute name="IntegralT" value="-90.000000" />
  <attribute name="IntegralI" value="-90.000000" />
  <attribute name="IntegralH" value="-90.000000" />
  <attribute name="DerivativeT" value="-7.333333" />
  <attribute name="DerivativeI" value="-7.333333" />
  <attribute name="DerivativeH" value="-7.333333" />
  <attribute name="Loop Time for DT" value="9.000000" />
  <attribute name="Output H" value="4203675648"/>
  <attribute name="Output I" value="200"/>
  <attribute name="Output T" value="16"/>
  <attribute name="Target GC Util Change" value ="80.000000" />
  <attribute name="Current GC Util Change" value="60.000000"/>
  <attribute name="GC Util currently" value="60" />
  <attribute name="CPU Util currently" value="130540168942" />
<allocation-satisfied id="304" threadId="0000000000880F00" bytesRequested="16" />
<af-end id="305" timestamp="2019-08-11T07:38:29.838" threadId="0000000000881888" success="true" from="nursery"/>
<exclusive-end id="306" timestamp="2019-08-11T07:38:29.838" durationms="2.074" />

<exclusive-start id="307" timestamp="2019-08-11T07:38:29.840" intervalms="4.013">
  <response-info timems="0.008" idlems="0.008" threads="0" lastid="0000000000880F00" lastname="main" />
</exclusive-start>
<af-start id="308" threadId="0000000000881888" totalBytesRequested="40" timestamp="2019-08-11T07:38:29.840" intervalms="4.009" type="nursery" />
<cycle-start id="309" type="scavenge" contextid="0" timestamp="2019-08-11T07:38:29.840" intervalms="4.008" />
<gc-start id="310" type="scavenge" contextid="309" timestamp="2019-08-11T07:38:29.840">
  <mem-info id="311" free="4195606800" total="4203675648" percent="99">
    <mem type="nursery" free="0" total="2228224" percent="0">
      <mem type="allocate" free="0" total="1114112" percent="0" />
      <mem type="survivor" free="0" total="1114112" percent="0" />
    </mem>
    <mem type="tenure" free="4195606800" total="4201447424" percent="99">
      <mem type="soa" free="3985535248" total="3991375872" percent="99" />
      <mem type="loa" free="210071552" total="210071552" percent="100" />
    </mem>
    <remembered-set count="129" />
  </mem-info>
</gc-start>
<allocation-stats totalBytes="213440" >
  <allocated-bytes non-tlh="66536" tlh="146904" />
  <largest-consumer threadName="main" threadId="0000000000880F00" bytes="213440" />
</allocation-stats>
<gc-op id="312" type="scavenge" timems="1.618" contextid="309" timestamp="2019-08-11T07:38:29.842">
  <scavenger-info tenureage="1" tenuremask="7ffe" tiltratio="50" />
  <memory-copied type="nursery" objects="2440" bytes="181616" bytesdiscarded="109152" />
  <memory-copied type="tenure" objects="10597" bytes="700400" bytesdiscarded="928" />
</gc-op>
<gc-end id="313" type="scavenge" contextid="309" durationms="1.757" usertimems="3.341" systemtimems="1.989" timestamp="2019-08-11T07:38:29.842" activeThreads="16">
  <mem-info id="314" free="4195758296" total="4203675648" percent="99">
    <mem type="nursery" free="823320" total="2228224" percent="36">
      <mem type="allocate" free="823320" total="1114112" percent="73" />
      <mem type="survivor" free="0" total="1114112" percent="0" />
    </mem>
    <mem type="tenure" free="4194934976" total="4201447424" percent="99">
      <mem type="soa" free="3984863424" total="3991375872" percent="99" />
      <mem type="loa" free="210071552" total="210071552" percent="100" />
    </mem>
    <remembered-set count="108" />
  </mem-info>
</gc-end>
<cycle-end id="315" type="scavenge" contextid="309" timestamp="2019-08-11T07:38:29.842" />
  <attribute name="elasticGC enabled" value="1" />
  <attribute name= "numThreadsSpecified" value="16" />
  <attribute name="heapSize specified" value="8519680" />
  <attribute name="Current GC Util" value="133" />
  <attribute name= "Current Time Running" value="679" />
  <attribute name ="GC Interval" value="200" />
  <attribute name="ProportionalT" value="26.500000" />
  <attribute name="ProportionalI" value="26.500000" />
  <attribute name="ProportionalH" value="26.500000" />
  <attribute name="Current Error" value="53.000000" />
  <attribute name="IntegralT" value="106.000000" />
  <attribute name="IntegralI" value="106.000000" />
  <attribute name="IntegralH" value="106.000000" />
  <attribute name="DerivativeT" value="13.250000" />
  <attribute name="DerivativeI" value="13.250000" />
  <attribute name="DerivativeH" value="13.250000" />
  <attribute name="Loop Time for DT" value="4.000000" />
  <attribute name="Output H" value="8388608"/>
  <attribute name="Output I" value="200"/>
  <attribute name="Output T" value="16"/>
  <attribute name="Target GC Util Change" value ="80.000000" />
  <attribute name="Current GC Util Change" value="133.000000"/>
  <attribute name="GC Util currently" value="133" />
  <attribute name="CPU Util currently" value="290764827531" />
<allocation-satisfied id="316" threadId="0000000000880F00" bytesRequested="40" />
<af-end id="317" timestamp="2019-08-11T07:38:29.842" threadId="0000000000881888" success="true" from="nursery"/>
<exclusive-end id="318" timestamp="2019-08-11T07:38:29.842" durationms="1.945" />

<exclusive-start id="319" timestamp="2019-08-11T07:38:29.929" intervalms="88.991">
  <response-info timems="0.193" idlems="0.193" threads="0" lastid="0000000000B7A300" lastname="node-11" />
</exclusive-start>
<af-start id="320" threadId="0000000000B7AC88" totalBytesRequested="208" timestamp="2019-08-11T07:38:29.929" intervalms="89.022" type="nursery" />
<cycle-start id="321" type="scavenge" contextid="0" timestamp="2019-08-11T07:38:29.929" intervalms="89.032" />
<gc-start id="322" type="scavenge" contextid="321" timestamp="2019-08-11T07:38:29.929">
  <mem-info id="323" free="4194934296" total="4203675648" percent="99">
    <mem type="nursery" free="0" total="2228224" percent="0">
      <mem type="allocate" free="0" total="1114112" percent="0" />
      <mem type="survivor" free="0" total="1114112" percent="0" />
    </mem>
    <mem type="tenure" free="4194934296" total="4201447424" percent="99">
      <mem type="soa" free="3984862744" total="3991375872" percent="99" />
      <mem type="loa" free="210071552" total="210071552" percent="100" />
    </mem>
    <remembered-set count="214" />
  </mem-info>
</gc-start>
<allocation-stats totalBytes="822752" >
  <allocated-bytes non-tlh="172064" tlh="650688" />
  <largest-consumer threadName="main" threadId="0000000000880F00" bytes="609560" />
</allocation-stats>
<gc-op id="324" type="scavenge" timems="1.444" contextid="321" timestamp="2019-08-11T07:38:29.930">
  <scavenger-info tenureage="1" tenuremask="7ffe" tiltratio="50" />
  <memory-copied type="nursery" objects="7203" bytes="483920" bytesdiscarded="244432" />
  <memory-copied type="tenure" objects="2363" bytes="180376" bytesdiscarded="56" />
  <references type="weak" candidates="1" cleared="1" enqueued="1" />
</gc-op>
<gc-end id="325" type="scavenge" contextid="321" durationms="1.568" usertimems="3.000" systemtimems="1.545" timestamp="2019-08-11T07:38:29.930" activeThreads="16">
  <mem-info id="326" free="4194982376" total="4203675648" percent="99">
    <mem type="nursery" free="385712" total="2228224" percent="17">
      <mem type="allocate" free="385712" total="1114112" percent="34" />
      <mem type="survivor" free="0" total="1114112" percent="0" />
    </mem>
    <mem type="tenure" free="4194596664" total="4201447424" percent="99">
      <mem type="soa" free="3984525112" total="3991375872" percent="99" />
      <mem type="loa" free="210071552" total="210071552" percent="100" />
    </mem>
    <pending-finalizers system="0" default="0" reference="1" classloader="0" />
    <remembered-set count="207" />
  </mem-info>
</gc-end>
<cycle-end id="327" type="scavenge" contextid="321" timestamp="2019-08-11T07:38:29.931" />
  <attribute name="elasticGC enabled" value="1" />
  <attribute name= "numThreadsSpecified" value="16" />
  <attribute name="heapSize specified" value="8519680" />
  <attribute name="Current GC Util" value="6" />
  <attribute name= "Current Time Running" value="768" />
  <attribute name ="GC Interval" value="200" />
  <attribute name="ProportionalT" value="-37.000000" />
  <attribute name="ProportionalI" value="-37.000000" />
  <attribute name="ProportionalH" value="-37.000000" />
  <attribute name="Current Error" value="-74.000000" />
  <attribute name="IntegralT" value="-3293.000000" />
  <attribute name="IntegralI" value="-3293.000000" />
  <attribute name="IntegralH" value="-3293.000000" />
  <attribute name="DerivativeT" value="-1.426966" />
  <attribute name="DerivativeI" value="-1.426966" />
  <attribute name="DerivativeH" value="-1.426966" />
  <attribute name="Loop Time for DT" value="89.000000" />
  <attribute name="Output H" value="4203675648"/>
  <attribute name="Output I" value="200"/>
  <attribute name="Output T" value="16"/>
  <attribute name="Target GC Util Change" value ="80.000000" />
  <attribute name="Current GC Util Change" value="6.000000"/>
  <attribute name="GC Util currently" value="6" />
  <attribute name="CPU Util currently" value="16" />
<allocation-satisfied id="328" threadId="0000000000B7A300" bytesRequested="208" />
<af-end id="329" timestamp="2019-08-11T07:38:29.931" threadId="0000000000B7AC88" success="true" from="nursery"/>
<exclusive-end id="330" timestamp="2019-08-11T07:38:29.931" durationms="1.745" />

<exclusive-start id="331" timestamp="2019-08-11T07:38:30.241" intervalms="312.180">
  <response-info timems="0.462" idlems="0.462" threads="0" lastid="0000000000B98200" lastname="node-18" />
</exclusive-start>
<af-start id="332" threadId="0000000000B98B88" totalBytesRequested="16" timestamp="2019-08-11T07:38:30.241" intervalms="312.187" type="nursery" />
<cycle-start id="333" type="scavenge" contextid="0" timestamp="2019-08-11T07:38:30.241" intervalms="312.194" />
<gc-start id="334" type="scavenge" contextid="333" timestamp="2019-08-11T07:38:30.241">
  <mem-info id="335" free="4194596056" total="4203675648" percent="99">
    <mem type="nursery" free="0" total="2228224" percent="0">
      <mem type="allocate" free="0" total="1114112" percent="0" />
      <mem type="survivor" free="0" total="1114112" percent="0" />
    </mem>
    <mem type="tenure" free="4194596056" total="4201447424" percent="99">
      <mem type="soa" free="3984524504" total="3991375872" percent="99" />
      <mem type="loa" free="210071552" total="210071552" percent="100" />
    </mem>
    <remembered-set count="261" />
  </mem-info>
</gc-start>
<allocation-stats totalBytes="385720" >
  <allocated-bytes non-tlh="816" tlh="384904" />
  <largest-consumer threadName="node-0" threadId="0000000000B9FA00" bytes="110776" />
</allocation-stats>
<gc-op id="336" type="scavenge" timems="1.962" contextid="333" timestamp="2019-08-11T07:38:30.243">
  <scavenger-info tenureage="1" tenuremask="7ffe" tiltratio="50" />
  <memory-copied type="nursery" objects="4257" bytes="105616" bytesdiscarded="104048" />
  <memory-copied type="tenure" objects="7145" bytes="482024" bytesdiscarded="88" />
  <references type="weak" candidates="1" cleared="1" enqueued="1" />
</gc-op>
<gc-end id="337" type="scavenge" contextid="333" durationms="2.065" usertimems="4.717" systemtimems="3.046" timestamp="2019-08-11T07:38:30.243" activeThreads="16">
  <mem-info id="338" free="4195074480" total="4203675648" percent="99">
    <mem type="nursery" free="904448" total="2228224" percent="40">
      <mem type="allocate" free="904448" total="1114112" percent="81" />
      <mem type="survivor" free="0" total="1114112" percent="0" />
    </mem>
    <mem type="tenure" free="4194170032" total="4201447424" percent="99">
      <mem type="soa" free="3984098480" total="3991375872" percent="99" />
      <mem type="loa" free="210071552" total="210071552" percent="100" />
    </mem>
    <pending-finalizers system="0" default="0" reference="1" classloader="0" />
    <remembered-set count="304" />
  </mem-info>
</gc-end>
<cycle-end id="339" type="scavenge" contextid="333" timestamp="2019-08-11T07:38:30.243" />
  <attribute name="elasticGC enabled" value="1" />
  <attribute name= "numThreadsSpecified" value="16" />
  <attribute name="heapSize specified" value="8519680" />
  <attribute name="Current GC Util" value="1" />
  <attribute name= "Current Time Running" value="1080" />
  <attribute name ="GC Interval" value="200" />
  <attribute name="ProportionalT" value="-39.500000" />
  <attribute name="ProportionalI" value="-39.500000" />
  <attribute name="ProportionalH" value="-39.500000" />
  <attribute name="Current Error" value="-79.000000" />
  <attribute name="IntegralT" value="-12324.000000" />
  <attribute name="IntegralI" value="-12324.000000" />
  <attribute name="IntegralH" value="-12324.000000" />
  <attribute name="DerivativeT" value="-0.253205" />
  <attribute name="DerivativeI" value="-0.253205" />
  <attribute name="DerivativeH" value="-0.253205" />
  <attribute name="Loop Time for DT" value="312.000000" />
  <attribute name="Output H" value="4203675648"/>
  <attribute name="Output I" value="200"/>
  <attribute name="Output T" value="16"/>
  <attribute name="Target GC Util Change" value ="80.000000" />
  <attribute name="Current GC Util Change" value="1.000000"/>
  <attribute name="GC Util currently" value="1" />
  <attribute name="CPU Util currently" value="30" />
<allocation-satisfied id="340" threadId="0000000000B98200" bytesRequested="16" />
<af-end id="341" timestamp="2019-08-11T07:38:30.243" threadId="0000000000B98B88" success="true" from="nursery"/>
<exclusive-end id="342" timestamp="2019-08-11T07:38:30.243" durationms="2.244" />

<exclusive-start id="343" timestamp="2019-08-11T07:38:31.051" intervalms="809.757">
  <response-info timems="0.619" idlems="0.320" threads="1" lastid="0000000000BA3600" lastname="node-17" />
</exclusive-start>
<af-start id="344" threadId="0000000000BA7B88" totalBytesRequested="32" timestamp="2019-08-11T07:38:31.051" intervalms="809.750" type="nursery" />
<cycle-start id="345" type="scavenge" contextid="0" timestamp="2019-08-11T07:38:31.051" intervalms="809.743" />
<gc-start id="346" type="scavenge" contextid="345" timestamp="2019-08-11T07:38:31.051">
  <mem-info id="347" free="4194170032" total="4203675648" percent="99">
    <mem type="nursery" free="0" total="2228224" percent="0">
      <mem type="allocate" free="0" total="1114112" percent="0" />
      <mem type="survivor" free="0" total="1114112" percent="0" />
    </mem>
    <mem type="tenure" free="4194170032" total="4201447424" percent="99">
      <mem type="soa" free="3984098480" total="3991375872" percent="99" />
      <mem type="loa" free="210071552" total="210071552" percent="100" />
    </mem>
    <remembered-set count="405" />
  </mem-info>
</gc-start>
<allocation-stats totalBytes="903152" >
  <allocated-bytes non-tlh="16" tlh="903136" />
  <largest-consumer threadName="node-2" threadId="0000000000B7DF00" bytes="180176" />
</allocation-stats>
<gc-op id="348" type="scavenge" timems="1.250" contextid="345" timestamp="2019-08-11T07:38:31.052">
  <scavenger-info tenureage="2" tenuremask="7ffc" tiltratio="50" />
  <memory-copied type="nursery" objects="8655" bytes="211032" bytesdiscarded="127656" />
</gc-op>
<gc-end id="349" type="scavenge" contextid="345" durationms="1.337" usertimems="2.825" systemtimems="0.282" timestamp="2019-08-11T07:38:31.052" activeThreads="16">
  <mem-info id="350" free="4195076528" total="4203675648" percent="99">
    <mem type="nursery" free="906496" total="2228224" percent="40">
      <mem type="allocate" free="906496" total="1245184" percent="72" />
      <mem type="survivor" free="0" total="983040" percent="0" />
    </mem>
    <mem type="tenure" free="4194170032" total="4201447424" percent="99">
      <mem type="soa" free="3984098480" total="3991375872" percent="99" />
      <mem type="loa" free="210071552" total="210071552" percent="100" />
    </mem>
    <remembered-set count="341" />
  </mem-info>
</gc-end>
<cycle-end id="351" type="scavenge" contextid="345" timestamp="2019-08-11T07:38:31.052" />
  <attribute name="elasticGC enabled" value="1" />
  <attribute name= "numThreadsSpecified" value="16" />
  <attribute name="heapSize specified" value="8519680" />
  <attribute name="Current GC Util" value="0" />
  <attribute name= "Current Time Running" value="1890" />
  <attribute name ="GC Interval" value="200" />
  <attribute name="ProportionalT" value="-40.000000" />
  <attribute name="ProportionalI" value="-40.000000" />
  <attribute name="ProportionalH" value="-40.000000" />
  <attribute name="Current Error" value="-80.000000" />
  <attribute name="IntegralT" value="-32400.000000" />
  <attribute name="IntegralI" value="-32400.000000" />
  <attribute name="IntegralH" value="-32400.000000" />
  <attribute name="DerivativeT" value="-0.098765" />
  <attribute name="DerivativeI" value="-0.098765" />
  <attribute name="DerivativeH" value="-0.098765" />
  <attribute name="Loop Time for DT" value="810.000000" />
  <attribute name="Output H" value="4203675648"/>
  <attribute name="Output I" value="200"/>
  <attribute name="Output T" value="16"/>
  <attribute name="Target GC Util Change" value ="80.000000" />
  <attribute name="Current GC Util Change" value="0.000000"/>
  <attribute name="GC Util currently" value="0" />
  <attribute name="CPU Util currently" value="28" />
<allocation-satisfied id="352" threadId="0000000000BA7200" bytesRequested="32" />
<af-end id="353" timestamp="2019-08-11T07:38:31.052" threadId="0000000000BA7B88" success="true" from="nursery"/>
<exclusive-end id="354" timestamp="2019-08-11T07:38:31.052" durationms="1.720" />

<exclusive-start id="355" timestamp="2019-08-11T07:38:31.563" intervalms="512.040">
  <response-info timems="0.016" idlems="0.016" threads="0" lastid="0000000000B6B300" lastname="node-1" />
</exclusive-start>
<af-start id="356" threadId="0000000000B6BC88" totalBytesRequested="32" timestamp="2019-08-11T07:38:31.563" intervalms="512.048" type="nursery" />
<cycle-start id="357" type="scavenge" contextid="0" timestamp="2019-08-11T07:38:31.563" intervalms="512.053" />
<gc-start id="358" type="scavenge" contextid="357" timestamp="2019-08-11T07:38:31.563">
  <mem-info id="359" free="4194170032" total="4203675648" percent="99">
    <mem type="nursery" free="0" total="2228224" percent="0">
      <mem type="allocate" free="0" total="1245184" percent="0" />
      <mem type="survivor" free="0" total="983040" percent="0" />
    </mem>
    <mem type="tenure" free="4194170032" total="4201447424" percent="99">
      <mem type="soa" free="3984098480" total="3991375872" percent="99" />
      <mem type="loa" free="210071552" total="210071552" percent="100" />
    </mem>
    <remembered-set count="408" />
  </mem-info>
</gc-start>
<allocation-stats totalBytes="904472" >
  <allocated-bytes non-tlh="32" tlh="904440" />
  <largest-consumer threadName="node-17" threadId="0000000000BA3600" bytes="110424" />
</allocation-stats>
<gc-op id="360" type="scavenge" timems="1.264" contextid="357" timestamp="2019-08-11T07:38:31.564">
  <scavenger-info tenureage="2" tenuremask="7ffc" tiltratio="55" />
  <memory-copied type="nursery" objects="6414" bytes="154712" bytesdiscarded="54952" />
  <memory-copied type="tenure" objects="4212" bytes="104448" bytesdiscarded="8" />
</gc-op>
<gc-end id="361" type="scavenge" contextid="357" durationms="1.354" usertimems="2.052" systemtimems="0.515" timestamp="2019-08-11T07:38:31.564" activeThreads="16">
  <mem-info id="362" free="4195223728" total="4203675648" percent="99">
    <mem type="nursery" free="1166592" total="2228224" percent="52">
      <mem type="allocate" free="1166592" total="1376256" percent="84" />
      <mem type="survivor" free="0" total="851968" percent="0" />
    </mem>
    <mem type="tenure" free="4194057136" total="4201447424" percent="99">
      <mem type="soa" free="3983985584" total="3991375872" percent="99" />
      <mem type="loa" free="210071552" total="210071552" percent="100" />
    </mem>
    <remembered-set count="319" />
  </mem-info>
</gc-end>
<cycle-end id="363" type="scavenge" contextid="357" timestamp="2019-08-11T07:38:31.564" />
  <attribute name="elasticGC enabled" value="1" />
  <attribute name= "numThreadsSpecified" value="16" />
  <attribute name="heapSize specified" value="8519680" />
  <attribute name="Current GC Util" value="0" />
  <attribute name= "Current Time Running" value="2402" />
  <attribute name ="GC Interval" value="200" />
  <attribute name="ProportionalT" value="-40.000000" />
  <attribute name="ProportionalI" value="-40.000000" />
  <attribute name="ProportionalH" value="-40.000000" />
  <attribute name="Current Error" value="-80.000000" />
  <attribute name="IntegralT" value="-20480.000000" />
  <attribute name="IntegralI" value="-20480.000000" />
  <attribute name="IntegralH" value="-20480.000000" />
  <attribute name="DerivativeT" value="-0.156250" />
  <attribute name="DerivativeI" value="-0.156250" />
  <attribute name="DerivativeH" value="-0.156250" />
  <attribute name="Loop Time for DT" value="512.000000" />
  <attribute name="Output H" value="4203675648"/>
  <attribute name="Output I" value="200"/>
  <attribute name="Output T" value="16"/>
  <attribute name="Target GC Util Change" value ="80.000000" />
  <attribute name="Current GC Util Change" value="0.000000"/>
  <attribute name="GC Util currently" value="0" />
  <attribute name="CPU Util currently" value="16" />
<allocation-satisfied id="364" threadId="0000000000B6B300" bytesRequested="32" />
<af-end id="365" timestamp="2019-08-11T07:38:31.564" threadId="0000000000B6BC88" success="true" from="nursery"/>
<exclusive-end id="366" timestamp="2019-08-11T07:38:31.564" durationms="1.556" />

<exclusive-start id="367" timestamp="2019-08-11T07:38:32.135" intervalms="572.517">
  <response-info timems="0.205" idlems="0.110" threads="1" lastid="0000000000B9FA00" lastname="node-0" />
</exclusive-start>
<af-start id="368" threadId="0000000000B77088" totalBytesRequested="16" timestamp="2019-08-11T07:38:32.135" intervalms="572.532" type="nursery" />
<cycle-start id="369" type="scavenge" contextid="0" timestamp="2019-08-11T07:38:32.135" intervalms="572.533" />
<gc-start id="370" type="scavenge" contextid="369" timestamp="2019-08-11T07:38:32.135">
  <mem-info id="371" free="4194057136" total="4203675648" percent="99">
    <mem type="nursery" free="0" total="2228224" percent="0">
      <mem type="allocate" free="0" total="1376256" percent="0" />
      <mem type="survivor" free="0" total="851968" percent="0" />
    </mem>
    <mem type="tenure" free="4194057136" total="4201447424" percent="99">
      <mem type="soa" free="3983985584" total="3991375872" percent="99" />
      <mem type="loa" free="210071552" total="210071552" percent="100" />
    </mem>
    <remembered-set count="400" />
  </mem-info>
</gc-start>
<allocation-stats totalBytes="1164264" >
  <allocated-bytes non-tlh="32" tlh="1164232" />
  <largest-consumer threadName="node-7" threadId="0000000000B67700" bytes="135016" />
</allocation-stats>
<gc-op id="372" type="scavenge" timems="1.950" contextid="369" timestamp="2019-08-11T07:38:32.137">
  <scavenger-info tenureage="2" tenuremask="7ffc" tiltratio="61" />
  <memory-copied type="nursery" objects="3960" bytes="96160" bytesdiscarded="65120" />
  <memory-copied type="tenure" objects="4398" bytes="105672" bytesdiscarded="0" />
</gc-op>
<gc-end id="373" type="scavenge" contextid="369" durationms="2.027" usertimems="5.240" systemtimems="1.956" timestamp="2019-08-11T07:38:32.137" activeThreads="16">
  <mem-info id="374" free="4195290288" total="4203675648" percent="99">
    <mem type="nursery" free="1346048" total="2228224" percent="60">
      <mem type="allocate" free="1346048" total="1507328" percent="89" />
      <mem type="survivor" free="0" total="720896" percent="0" />
    </mem>
    <mem type="tenure" free="4193944240" total="4201447424" percent="99">
      <mem type="soa" free="3983872688" total="3991375872" percent="99" />
      <mem type="loa" free="210071552" total="210071552" percent="100" />
    </mem>
    <remembered-set count="297" />
  </mem-info>
</gc-end>
<cycle-end id="375" type="scavenge" contextid="369" timestamp="2019-08-11T07:38:32.138" />
  <attribute name="elasticGC enabled" value="1" />
  <attribute name= "numThreadsSpecified" value="16" />
  <attribute name="heapSize specified" value="8519680" />
  <attribute name="Current GC Util" value="0" />
  <attribute name= "Current Time Running" value="2975" />
  <attribute name ="GC Interval" value="200" />
  <attribute name="ProportionalT" value="-40.000000" />
  <attribute name="ProportionalI" value="-40.000000" />
  <attribute name="ProportionalH" value="-40.000000" />
  <attribute name="Current Error" value="-80.000000" />
  <attribute name="IntegralT" value="-22920.000000" />
  <attribute name="IntegralI" value="-22920.000000" />
  <attribute name="IntegralH" value="-22920.000000" />
  <attribute name="DerivativeT" value="-0.139616" />
  <attribute name="DerivativeI" value="-0.139616" />
  <attribute name="DerivativeH" value="-0.139616" />
  <attribute name="Loop Time for DT" value="573.000000" />
  <attribute name="Output H" value="4203675648"/>
  <attribute name="Output I" value="200"/>
  <attribute name="Output T" value="16"/>
  <attribute name="Target GC Util Change" value ="80.000000" />
  <attribute name="Current GC Util Change" value="0.000000"/>
  <attribute name="GC Util currently" value="0" />
  <attribute name="CPU Util currently" value="13" />
<allocation-satisfied id="376" threadId="0000000000B76700" bytesRequested="16" />
<af-end id="377" timestamp="2019-08-11T07:38:32.138" threadId="0000000000B77088" success="true" from="nursery"/>
<exclusive-end id="378" timestamp="2019-08-11T07:38:32.138" durationms="2.242" />

<exclusive-start id="379" timestamp="2019-08-11T07:38:32.640" intervalms="504.242">
  <response-info timems="0.035" idlems="0.035" threads="0" lastid="0000000000B8CE00" lastname="node-13" />
</exclusive-start>
<af-start id="380" threadId="0000000000B8D788" totalBytesRequested="32" timestamp="2019-08-11T07:38:32.640" intervalms="504.215" type="nursery" />
<cycle-start id="381" type="scavenge" contextid="0" timestamp="2019-08-11T07:38:32.640" intervalms="504.209" />
<gc-start id="382" type="scavenge" contextid="381" timestamp="2019-08-11T07:38:32.640">
  <mem-info id="383" free="4193944240" total="4203675648" percent="99">
    <mem type="nursery" free="0" total="2228224" percent="0">
      <mem type="allocate" free="0" total="1507328" percent="0" />
      <mem type="survivor" free="0" total="720896" percent="0" />
    </mem>
    <mem type="tenure" free="4193944240" total="4201447424" percent="99">
      <mem type="soa" free="3983872688" total="3991375872" percent="99" />
      <mem type="loa" free="210071552" total="210071552" percent="100" />
    </mem>
    <remembered-set count="387" />
  </mem-info>
</gc-start>
<allocation-stats totalBytes="1343472" >
  <allocated-bytes non-tlh="16" tlh="1343456" />
  <largest-consumer threadName="node-7" threadId="0000000000B67700" bytes="129504" />
</allocation-stats>
<gc-op id="384" type="scavenge" timems="1.091" contextid="381" timestamp="2019-08-11T07:38:32.641">
  <scavenger-info tenureage="3" tenuremask="7ff8" tiltratio="67" />
  <memory-copied type="nursery" objects="5608" bytes="135488" bytesdiscarded="106432" />
</gc-op>
<gc-end id="385" type="scavenge" contextid="381" durationms="1.190" usertimems="1.982" systemtimems="1.252" timestamp="2019-08-11T07:38:32.641" activeThreads="16">
  <mem-info id="386" free="4195275184" total="4203675648" percent="99">
    <mem type="nursery" free="1330944" total="2228224" percent="59">
      <mem type="allocate" free="1330944" total="1572864" percent="84" />
      <mem type="survivor" free="0" total="655360" percent="0" />
    </mem>
    <mem type="tenure" free="4193944240" total="4201447424" percent="99">
      <mem type="soa" free="3983872688" total="3991375872" percent="99" />
      <mem type="loa" free="210071552" total="210071552" percent="100" />
    </mem>
    <remembered-set count="330" />
  </mem-info>
</gc-end>
<cycle-end id="387" type="scavenge" contextid="381" timestamp="2019-08-11T07:38:32.641" />
  <attribute name="elasticGC enabled" value="1" />
  <attribute name= "numThreadsSpecified" value="16" />
  <attribute name="heapSize specified" value="8519680" />
  <attribute name="Current GC Util" value="0" />
  <attribute name= "Current Time Running" value="3479" />
  <attribute name ="GC Interval" value="200" />
  <attribute name="ProportionalT" value="-40.000000" />
  <attribute name="ProportionalI" value="-40.000000" />
  <attribute name="ProportionalH" value="-40.000000" />
  <attribute name="Current Error" value="-80.000000" />
  <attribute name="IntegralT" value="-20160.000000" />
  <attribute name="IntegralI" value="-20160.000000" />
  <attribute name="IntegralH" value="-20160.000000" />
  <attribute name="DerivativeT" value="-0.158730" />
  <attribute name="DerivativeI" value="-0.158730" />
  <attribute name="DerivativeH" value="-0.158730" />
  <attribute name="Loop Time for DT" value="504.000000" />
  <attribute name="Output H" value="4203675648"/>
  <attribute name="Output I" value="200"/>
  <attribute name="Output T" value="16"/>
  <attribute name="Target GC Util Change" value ="80.000000" />
  <attribute name="Current GC Util Change" value="0.000000"/>
  <attribute name="GC Util currently" value="0" />
  <attribute name="CPU Util currently" value="11" />
<allocation-satisfied id="388" threadId="0000000000B8CE00" bytesRequested="32" />
<af-end id="389" timestamp="2019-08-11T07:38:32.641" threadId="0000000000B8D788" success="true" from="nursery"/>
<exclusive-end id="390" timestamp="2019-08-11T07:38:32.641" durationms="1.387" />

<exclusive-start id="391" timestamp="2019-08-11T07:38:32.948" intervalms="308.504">
  <response-info timems="0.182" idlems="0.182" threads="0" lastid="0000000000B9FA00" lastname="node-0" />
</exclusive-start>
<af-start id="392" threadId="0000000000BA0388" totalBytesRequested="32" timestamp="2019-08-11T07:38:32.948" intervalms="308.511" type="nursery" />
<cycle-start id="393" type="scavenge" contextid="0" timestamp="2019-08-11T07:38:32.948" intervalms="308.512" />
<gc-start id="394" type="scavenge" contextid="393" timestamp="2019-08-11T07:38:32.948">
  <mem-info id="395" free="4193944240" total="4203675648" percent="99">
    <mem type="nursery" free="0" total="2228224" percent="0">
      <mem type="allocate" free="0" total="1572864" percent="0" />
      <mem type="survivor" free="0" total="655360" percent="0" />
    </mem>
    <mem type="tenure" free="4193944240" total="4201447424" percent="99">
      <mem type="soa" free="3983872688" total="3991375872" percent="99" />
      <mem type="loa" free="210071552" total="210071552" percent="100" />
    </mem>
    <remembered-set count="417" />
  </mem-info>
</gc-start>
<allocation-stats totalBytes="1330408" >
  <allocated-bytes non-tlh="32" tlh="1330376" />
  <largest-consumer threadName="node-9" threadId="0000000000BC5500" bytes="106480" />
</allocation-stats>
<gc-op id="396" type="scavenge" timems="0.947" contextid="393" timestamp="2019-08-11T07:38:32.949">
  <scavenger-info tenureage="3" tenuremask="7ff8" tiltratio="70" />
  <memory-copied type="nursery" objects="4615" bytes="110144" bytesdiscarded="115648" />
  <memory-copied type="tenure" objects="1961" bytes="46992" bytesdiscarded="0" />
</gc-op>
<gc-end id="397" type="scavenge" contextid="393" durationms="1.030" usertimems="0.909" systemtimems="1.862" timestamp="2019-08-11T07:38:32.949" activeThreads="16">
  <mem-info id="398" free="4195374000" total="4203675648" percent="99">
    <mem type="nursery" free="1478144" total="2228224" percent="66">
      <mem type="allocate" free="1478144" total="1703936" percent="86" />
      <mem type="survivor" free="0" total="524288" percent="0" />
    </mem>
    <mem type="tenure" free="4193895856" total="4201447424" percent="99">
      <mem type="soa" free="3983824304" total="3991375872" percent="99" />
      <mem type="loa" free="210071552" total="210071552" percent="100" />
    </mem>
    <remembered-set count="320" />
  </mem-info>
</gc-end>
<cycle-end id="399" type="scavenge" contextid="393" timestamp="2019-08-11T07:38:32.949" />
  <attribute name="elasticGC enabled" value="1" />
  <attribute name= "numThreadsSpecified" value="16" />
  <attribute name="heapSize specified" value="8519680" />
  <attribute name="Current GC Util" value="0" />
  <attribute name= "Current Time Running" value="3787" />
  <attribute name ="GC Interval" value="200" />
  <attribute name="ProportionalT" value="-40.000000" />
  <attribute name="ProportionalI" value="-40.000000" />
  <attribute name="ProportionalH" value="-40.000000" />
  <attribute name="Current Error" value="-80.000000" />
  <attribute name="IntegralT" value="-12320.000000" />
  <attribute name="IntegralI" value="-12320.000000" />
  <attribute name="IntegralH" value="-12320.000000" />
  <attribute name="DerivativeT" value="-0.259740" />
  <attribute name="DerivativeI" value="-0.259740" />
  <attribute name="DerivativeH" value="-0.259740" />
  <attribute name="Loop Time for DT" value="308.000000" />
  <attribute name="Output H" value="4203675648"/>
  <attribute name="Output I" value="200"/>
  <attribute name="Output T" value="16"/>
  <attribute name="Target GC Util Change" value ="80.000000" />
  <attribute name="Current GC Util Change" value="0.000000"/>
  <attribute name="GC Util currently" value="0" />
  <attribute name="CPU Util currently" value="11" />
<allocation-satisfied id="400" threadId="0000000000B9FA00" bytesRequested="32" />
<af-end id="401" timestamp="2019-08-11T07:38:32.949" threadId="0000000000BA0388" success="true" from="nursery"/>
<exclusive-end id="402" timestamp="2019-08-11T07:38:32.949" durationms="1.238" />

<exclusive-start id="403" timestamp="2019-08-11T07:38:33.340" intervalms="392.322">
  <response-info timems="0.019" idlems="0.019" threads="0" lastid="0000000000B9BE00" lastname="node-4" />
</exclusive-start>
<af-start id="404" threadId="0000000000B9C788" totalBytesRequested="16" timestamp="2019-08-11T07:38:33.340" intervalms="392.335" type="nursery" />
<cycle-start id="405" type="scavenge" contextid="0" timestamp="2019-08-11T07:38:33.340" intervalms="392.342" />
<gc-start id="406" type="scavenge" contextid="405" timestamp="2019-08-11T07:38:33.341">
  <mem-info id="407" free="4193895856" total="4203675648" percent="99">
    <mem type="nursery" free="0" total="2228224" percent="0">
      <mem type="allocate" free="0" total="1703936" percent="0" />
      <mem type="survivor" free="0" total="524288" percent="0" />
    </mem>
    <mem type="tenure" free="4193895856" total="4201447424" percent="99">
      <mem type="soa" free="3983824304" total="3991375872" percent="99" />
      <mem type="loa" free="210071552" total="210071552" percent="100" />
    </mem>
    <remembered-set count="422" />
  </mem-info>
</gc-start>
<allocation-stats totalBytes="1473448" >
  <allocated-bytes non-tlh="32" tlh="1473416" />
  <largest-consumer threadName="node-8" threadId="0000000000B76700" bytes="106464" />
</allocation-stats>
<gc-op id="408" type="scavenge" timems="2.312" contextid="405" timestamp="2019-08-11T07:38:33.343">
  <scavenger-info tenureage="3" tenuremask="ffe8" tiltratio="76" />
  <memory-copied type="nursery" objects="3929" bytes="103808" bytesdiscarded="25216" />
  <memory-copied type="tenure" objects="1927" bytes="46224" bytesdiscarded="0" />
</gc-op>
<gc-end id="409" type="scavenge" contextid="405" durationms="2.412" usertimems="1.783" systemtimems="3.122" timestamp="2019-08-11T07:38:33.343" activeThreads="16">
  <mem-info id="410" free="4195487920" total="4203675648" percent="99">
    <mem type="nursery" free="1640448" total="2228224" percent="73">
      <mem type="allocate" free="1640448" total="1769472" percent="92" />
      <mem type="survivor" free="0" total="458752" percent="0" />
    </mem>
    <mem type="tenure" free="4193847472" total="4201447424" percent="99">
      <mem type="soa" free="3983775920" total="3991375872" percent="99" />
      <mem type="loa" free="210071552" total="210071552" percent="100" />
    </mem>
    <remembered-set count="319" />
  </mem-info>
</gc-end>
<cycle-end id="411" type="scavenge" contextid="405" timestamp="2019-08-11T07:38:33.343" />
  <attribute name="elasticGC enabled" value="1" />
  <attribute name= "numThreadsSpecified" value="16" />
  <attribute name="heapSize specified" value="8519680" />
  <attribute name="Current GC Util" value="0" />
  <attribute name= "Current Time Running" value="4180" />
  <attribute name ="GC Interval" value="200" />
  <attribute name="ProportionalT" value="-40.000000" />
  <attribute name="ProportionalI" value="-40.000000" />
  <attribute name="ProportionalH" value="-40.000000" />
  <attribute name="Current Error" value="-80.000000" />
  <attribute name="IntegralT" value="-15720.000000" />
  <attribute name="IntegralI" value="-15720.000000" />
  <attribute name="IntegralH" value="-15720.000000" />
  <attribute name="DerivativeT" value="-0.203562" />
  <attribute name="DerivativeI" value="-0.203562" />
  <attribute name="DerivativeH" value="-0.203562" />
  <attribute name="Loop Time for DT" value="393.000000" />
  <attribute name="Output H" value="4203675648"/>
  <attribute name="Output I" value="200"/>
  <attribute name="Output T" value="16"/>
  <attribute name="Target GC Util Change" value ="80.000000" />
  <attribute name="Current GC Util Change" value="0.000000"/>
  <attribute name="GC Util currently" value="0" />
  <attribute name="CPU Util currently" value="10" />
<allocation-satisfied id="412" threadId="0000000000B9BE00" bytesRequested="16" />
<af-end id="413" timestamp="2019-08-11T07:38:33.343" threadId="0000000000B9C788" success="true" from="nursery"/>
<exclusive-end id="414" timestamp="2019-08-11T07:38:33.343" durationms="2.639" />

<exclusive-start id="415" timestamp="2019-08-11T07:38:34.020" intervalms="680.076">
  <response-info timems="0.114" idlems="0.114" threads="0" lastid="0000000000BAAD00" lastname="node-16" />
</exclusive-start>
<af-start id="416" threadId="0000000000BAB688" totalBytesRequested="720" timestamp="2019-08-11T07:38:34.021" intervalms="680.104" type="nursery" />
<cycle-start id="417" type="scavenge" contextid="0" timestamp="2019-08-11T07:38:34.021" intervalms="680.132" />
<gc-start id="418" type="scavenge" contextid="417" timestamp="2019-08-11T07:38:34.021">
  <mem-info id="419" free="4193847472" total="4203675648" percent="99">
    <mem type="nursery" free="0" total="2228224" percent="0">
      <mem type="allocate" free="0" total="1769472" percent="0" />
      <mem type="survivor" free="0" total="458752" percent="0" />
    </mem>
    <mem type="tenure" free="4193847472" total="4201447424" percent="99">
      <mem type="soa" free="3983775920" total="3991375872" percent="99" />
      <mem type="loa" free="210071552" total="210071552" percent="100" />
    </mem>
    <remembered-set count="402" />
  </mem-info>
</gc-start>
<allocation-stats totalBytes="1637760" >
  <allocated-bytes non-tlh="16" tlh="1637744" />
  <largest-consumer threadName="node-5" threadId="0000000000BA7200" bytes="106488" />
</allocation-stats>
<gc-op id="420" type="scavenge" timems="1.646" contextid="417" timestamp="2019-08-11T07:38:34.022">
  <scavenger-info tenureage="3" tenuremask="ffe8" tiltratio="79" />
  <memory-copied type="nursery" objects="4005" bytes="99800" bytesdiscarded="77608" />
  <memory-copied type="tenure" objects="1640" bytes="39360" bytesdiscarded="0" />
</gc-op>
<gc-end id="421" type="scavenge" contextid="417" durationms="1.805" usertimems="1.481" systemtimems="1.641" timestamp="2019-08-11T07:38:34.022" activeThreads="16">
  <mem-info id="422" free="4195456688" total="4203675648" percent="99">
    <mem type="nursery" free="1657600" total="2228224" percent="74">
      <mem type="allocate" free="1657600" total="1835008" percent="90" />
      <mem type="survivor" free="0" total="393216" percent="0" />
    </mem>
    <mem type="tenure" free="4193799088" total="4201447424" percent="99">
      <mem type="soa" free="3983727536" total="3991375872" percent="99" />
      <mem type="loa" free="210071552" total="210071552" percent="100" />
    </mem>
    <remembered-set count="315" />
  </mem-info>
</gc-end>
<cycle-end id="423" type="scavenge" contextid="417" timestamp="2019-08-11T07:38:34.023" />
  <attribute name="elasticGC enabled" value="1" />
  <attribute name= "numThreadsSpecified" value="16" />
  <attribute name="heapSize specified" value="8519680" />
  <attribute name="Current GC Util" value="0" />
  <attribute name= "Current Time Running" value="4860" />
  <attribute name ="GC Interval" value="200" />
  <attribute name="ProportionalT" value="-40.000000" />
  <attribute name="ProportionalI" value="-40.000000" />
  <attribute name="ProportionalH" value="-40.000000" />
  <attribute name="Current Error" value="-80.000000" />
  <attribute name="IntegralT" value="-27200.000000" />
  <attribute name="IntegralI" value="-27200.000000" />
  <attribute name="IntegralH" value="-27200.000000" />
  <attribute name="DerivativeT" value="-0.117647" />
  <attribute name="DerivativeI" value="-0.117647" />
  <attribute name="DerivativeH" value="-0.117647" />
  <attribute name="Loop Time for DT" value="680.000000" />
  <attribute name="Output H" value="4203675648"/>
  <attribute name="Output I" value="200"/>
  <attribute name="Output T" value="16"/>
  <attribute name="Target GC Util Change" value ="80.000000" />
  <attribute name="Current GC Util Change" value="0.000000"/>
  <attribute name="GC Util currently" value="0" />
  <attribute name="CPU Util currently" value="13" />
<allocation-satisfied id="424" threadId="0000000000BAAD00" bytesRequested="720" />
<af-end id="425" timestamp="2019-08-11T07:38:34.023" threadId="0000000000BAB688" success="true" from="nursery"/>
<exclusive-end id="426" timestamp="2019-08-11T07:38:34.023" durationms="2.256" />

<exclusive-start id="427" timestamp="2019-08-11T07:38:34.558" intervalms="537.931">
  <response-info timems="0.414" idlems="0.414" threads="0" lastid="0000000000B94600" lastname="node-3" />
</exclusive-start>
<af-start id="428" threadId="0000000000B94F88" totalBytesRequested="32" timestamp="2019-08-11T07:38:34.558" intervalms="537.897" type="nursery" />
<cycle-start id="429" type="scavenge" contextid="0" timestamp="2019-08-11T07:38:34.558" intervalms="537.865" />
<gc-start id="430" type="scavenge" contextid="429" timestamp="2019-08-11T07:38:34.559">
  <mem-info id="431" free="4193799088" total="4203675648" percent="99">
    <mem type="nursery" free="0" total="2228224" percent="0">
      <mem type="allocate" free="0" total="1835008" percent="0" />
      <mem type="survivor" free="0" total="393216" percent="0" />
    </mem>
    <mem type="tenure" free="4193799088" total="4201447424" percent="99">
      <mem type="soa" free="3983727536" total="3991375872" percent="99" />
      <mem type="loa" free="210071552" total="210071552" percent="100" />
    </mem>
    <remembered-set count="416" />
  </mem-info>
</gc-start>
<allocation-stats totalBytes="1656328" >
  <allocated-bytes non-tlh="720" tlh="1655608" />
  <largest-consumer threadName="node-0" threadId="0000000000B9FA00" bytes="108496" />
</allocation-stats>
<gc-op id="432" type="scavenge" timems="1.173" contextid="429" timestamp="2019-08-11T07:38:34.560">
  <scavenger-info tenureage="3" tenuremask="ffe8" tiltratio="82" />
  <memory-copied type="nursery" objects="4609" bytes="109872" bytesdiscarded="83664" />
  <memory-copied type="tenure" objects="975" bytes="23392" bytesdiscarded="8" />
</gc-op>
<gc-end id="433" type="scavenge" contextid="429" durationms="1.488" usertimems="4.480" systemtimems="0.902" timestamp="2019-08-11T07:38:34.560" activeThreads="16">
  <mem-info id="434" free="4195473840" total="4203675648" percent="99">
    <mem type="nursery" free="1707008" total="2228224" percent="76">
      <mem type="allocate" free="1707008" total="1900544" percent="89" />
      <mem type="survivor" free="0" total="327680" percent="0" />
    </mem>
    <mem type="tenure" free="4193766832" total="4201447424" percent="99" macro-fragmented="290741">
      <mem type="soa" free="3983695280" total="3991375872" percent="99" />
      <mem type="loa" free="210071552" total="210071552" percent="100" />
    </mem>
    <remembered-set count="319" />
  </mem-info>
</gc-end>
<cycle-end id="435" type="scavenge" contextid="429" timestamp="2019-08-11T07:38:34.560" />
  <attribute name="elasticGC enabled" value="1" />
  <attribute name= "numThreadsSpecified" value="16" />
  <attribute name="heapSize specified" value="8519680" />
  <attribute name="Current GC Util" value="0" />
  <attribute name= "Current Time Running" value="5398" />
  <attribute name ="GC Interval" value="200" />
  <attribute name="ProportionalT" value="-40.000000" />
  <attribute name="ProportionalI" value="-40.000000" />
  <attribute name="ProportionalH" value="-40.000000" />
  <attribute name="Current Error" value="-80.000000" />
  <attribute name="IntegralT" value="-21520.000000" />
  <attribute name="IntegralI" value="-21520.000000" />
  <attribute name="IntegralH" value="-21520.000000" />
  <attribute name="DerivativeT" value="-0.148699" />
  <attribute name="DerivativeI" value="-0.148699" />
  <attribute name="DerivativeH" value="-0.148699" />
  <attribute name="Loop Time for DT" value="538.000000" />
  <attribute name="Output H" value="4203675648"/>
  <attribute name="Output I" value="200"/>
  <attribute name="Output T" value="16"/>
  <attribute name="Target GC Util Change" value ="80.000000" />
  <attribute name="Current GC Util Change" value="0.000000"/>
  <attribute name="GC Util currently" value="0" />
  <attribute name="CPU Util currently" value="19" />
<allocation-satisfied id="436" threadId="0000000000B94600" bytesRequested="32" />
<af-end id="437" timestamp="2019-08-11T07:38:34.560" threadId="0000000000B94F88" success="true" from="nursery"/>
<exclusive-end id="438" timestamp="2019-08-11T07:38:34.560" durationms="1.700" />

<exclusive-start id="439" timestamp="2019-08-11T07:38:34.985" intervalms="426.248">
  <response-info timems="0.134" idlems="0.069" threads="1" lastid="0000000000B7A300" lastname="node-11" />
</exclusive-start>
<af-start id="440" threadId="0000000000B85F88" totalBytesRequested="720" timestamp="2019-08-11T07:38:34.985" intervalms="426.235" type="nursery" />
<cycle-start id="441" type="scavenge" contextid="0" timestamp="2019-08-11T07:38:34.985" intervalms="426.230" />
<gc-start id="442" type="scavenge" contextid="441" timestamp="2019-08-11T07:38:34.985">
  <mem-info id="443" free="4193766832" total="4203675648" percent="99">
    <mem type="nursery" free="0" total="2228224" percent="0">
      <mem type="allocate" free="0" total="1900544" percent="0" />
      <mem type="survivor" free="0" total="327680" percent="0" />
    </mem>
    <mem type="tenure" free="4193766832" total="4201447424" percent="99">
      <mem type="soa" free="3983695280" total="3991375872" percent="99" />
      <mem type="loa" free="210071552" total="210071552" percent="100" />
    </mem>
    <remembered-set count="421" />
  </mem-info>
</gc-start>
<allocation-stats totalBytes="1705048" >
  <allocated-bytes non-tlh="32" tlh="1705016" />
  <largest-consumer threadName="node-8" threadId="0000000000B76700" bytes="106256" />
</allocation-stats>
<gc-op id="444" type="scavenge" timems="1.263" contextid="441" timestamp="2019-08-11T07:38:34.986">
  <scavenger-info tenureage="3" tenuremask="ffe8" tiltratio="85" />
  <memory-copied type="nursery" objects="5026" bytes="131496" bytesdiscarded="62040" />
  <memory-copied type="tenure" objects="1187" bytes="28480" bytesdiscarded="8" />
</gc-op>
<gc-end id="445" type="scavenge" contextid="441" durationms="1.548" usertimems="0.788" systemtimems="2.077" timestamp="2019-08-11T07:38:34.986" activeThreads="16">
  <mem-info id="446" free="4195441584" total="4203675648" percent="99">
    <mem type="nursery" free="1707008" total="2228224" percent="76">
      <mem type="allocate" free="1707008" total="1900544" percent="89" />
      <mem type="survivor" free="0" total="327680" percent="0" />
    </mem>
    <mem type="tenure" free="4193734576" total="4201447424" percent="99" macro-fragmented="2160235">
      <mem type="soa" free="3983663024" total="3991375872" percent="99" />
      <mem type="loa" free="210071552" total="210071552" percent="100" />
    </mem>
    <remembered-set count="329" />
  </mem-info>
</gc-end>
<cycle-end id="447" type="scavenge" contextid="441" timestamp="2019-08-11T07:38:34.986" />
  <attribute name="elasticGC enabled" value="1" />
  <attribute name= "numThreadsSpecified" value="16" />
  <attribute name="heapSize specified" value="8519680" />
  <attribute name="Current GC Util" value="0" />
  <attribute name= "Current Time Running" value="5824" />
  <attribute name ="GC Interval" value="200" />
  <attribute name="ProportionalT" value="-40.000000" />
  <attribute name="ProportionalI" value="-40.000000" />
  <attribute name="ProportionalH" value="-40.000000" />
  <attribute name="Current Error" value="-80.000000" />
  <attribute name="IntegralT" value="-17040.000000" />
  <attribute name="IntegralI" value="-17040.000000" />
  <attribute name="IntegralH" value="-17040.000000" />
  <attribute name="DerivativeT" value="-0.187793" />
  <attribute name="DerivativeI" value="-0.187793" />
  <attribute name="DerivativeH" value="-0.187793" />
  <attribute name="Loop Time for DT" value="426.000000" />
  <attribute name="Output H" value="4203675648"/>
  <attribute name="Output I" value="200"/>
  <attribute name="Output T" value="16"/>
  <attribute name="Target GC Util Change" value ="80.000000" />
  <attribute name="Current GC Util Change" value="0.000000"/>
  <attribute name="GC Util currently" value="0" />
  <attribute name="CPU Util currently" value="14" />
<allocation-satisfied id="448" threadId="0000000000B85600" bytesRequested="720" />
<af-end id="449" timestamp="2019-08-11T07:38:34.986" threadId="0000000000B85F88" success="true" from="nursery"/>
<exclusive-end id="450" timestamp="2019-08-11T07:38:34.986" durationms="1.821" />

<exclusive-start id="451" timestamp="2019-08-11T07:38:35.348" intervalms="363.525">
  <response-info timems="0.354" idlems="0.354" threads="0" lastid="0000000000B9FA00" lastname="node-0" />
</exclusive-start>
<af-start id="452" threadId="0000000000BA0388" totalBytesRequested="24" timestamp="2019-08-11T07:38:35.348" intervalms="363.545" type="nursery" />
<cycle-start id="453" type="scavenge" contextid="0" timestamp="2019-08-11T07:38:35.348" intervalms="363.560" />
<gc-start id="454" type="scavenge" contextid="453" timestamp="2019-08-11T07:38:35.348">
  <mem-info id="455" free="4193734576" total="4203675648" percent="99">
    <mem type="nursery" free="0" total="2228224" percent="0">
      <mem type="allocate" free="0" total="1900544" percent="0" />
      <mem type="survivor" free="0" total="327680" percent="0" />
    </mem>
    <mem type="tenure" free="4193734576" total="4201447424" percent="99">
      <mem type="soa" free="3983663024" total="3991375872" percent="99" />
      <mem type="loa" free="210071552" total="210071552" percent="100" />
    </mem>
    <remembered-set count="422" />
  </mem-info>
</gc-start>
<allocation-stats totalBytes="1704088" >
  <allocated-bytes non-tlh="720" tlh="1703368" />
  <largest-consumer threadName="node-4" threadId="0000000000B9BE00" bytes="90112" />
</allocation-stats>
<gc-op id="456" type="scavenge" timems="1.719" contextid="453" timestamp="2019-08-11T07:38:35.350">
  <scavenger-info tenureage="3" tenuremask="ffe8" tiltratio="85" />
  <memory-copied type="nursery" objects="4473" bytes="108928" bytesdiscarded="84608" />
  <memory-copied type="tenure" objects="1726" bytes="41424" bytesdiscarded="0" />
</gc-op>
<gc-end id="457" type="scavenge" contextid="453" durationms="2.056" usertimems="2.903" systemtimems="1.622" timestamp="2019-08-11T07:38:35.350" activeThreads="16">
  <mem-info id="458" free="4195393200" total="4203675648" percent="99">
    <mem type="nursery" free="1707008" total="2228224" percent="76">
      <mem type="allocate" free="1707008" total="1900544" percent="89" />
      <mem type="survivor" free="0" total="327680" percent="0" />
    </mem>
    <mem type="tenure" free="4193686192" total="4201447424" percent="99" macro-fragmented="5375357">
      <mem type="soa" free="3983614640" total="3991375872" percent="99" />
      <mem type="loa" free="210071552" total="210071552" percent="100" />
    </mem>
    <remembered-set count="341" />
  </mem-info>
</gc-end>
<cycle-end id="459" type="scavenge" contextid="453" timestamp="2019-08-11T07:38:35.350" />
  <attribute name="elasticGC enabled" value="1" />
  <attribute name= "numThreadsSpecified" value="16" />
  <attribute name="heapSize specified" value="8519680" />
  <attribute name="Current GC Util" value="0" />
  <attribute name= "Current Time Running" value="6188" />
  <attribute name ="GC Interval" value="200" />
  <attribute name="ProportionalT" value="-40.000000" />
  <attribute name="ProportionalI" value="-40.000000" />
  <attribute name="ProportionalH" value="-40.000000" />
  <attribute name="Current Error" value="-80.000000" />
  <attribute name="IntegralT" value="-14560.000000" />
  <attribute name="IntegralI" value="-14560.000000" />
  <attribute name="IntegralH" value="-14560.000000" />
  <attribute name="DerivativeT" value="-0.219780" />
  <attribute name="DerivativeI" value="-0.219780" />
  <attribute name="DerivativeH" value="-0.219780" />
  <attribute name="Loop Time for DT" value="364.000000" />
  <attribute name="Output H" value="4203675648"/>
  <attribute name="Output I" value="200"/>
  <attribute name="Output T" value="16"/>
  <attribute name="Target GC Util Change" value ="80.000000" />
  <attribute name="Current GC Util Change" value="0.000000"/>
  <attribute name="GC Util currently" value="0" />
  <attribute name="CPU Util currently" value="10" />
<allocation-satisfied id="460" threadId="0000000000B9FA00" bytesRequested="24" />
<af-end id="461" timestamp="2019-08-11T07:38:35.351" threadId="0000000000BA0388" success="true" from="nursery"/>
<exclusive-end id="462" timestamp="2019-08-11T07:38:35.351" durationms="2.382" />

<exclusive-start id="463" timestamp="2019-08-11T07:38:35.759" intervalms="410.438">
  <response-info timems="0.121" idlems="0.074" threads="1" lastid="0000000000B94600" lastname="node-3" />
</exclusive-start>
<af-start id="464" threadId="0000000000BA7B88" totalBytesRequested="24" timestamp="2019-08-11T07:38:35.759" intervalms="410.424" type="nursery" />
<cycle-start id="465" type="scavenge" contextid="0" timestamp="2019-08-11T07:38:35.759" intervalms="410.569" />
<gc-start id="466" type="scavenge" contextid="465" timestamp="2019-08-11T07:38:35.759">
  <mem-info id="467" free="4193686192" total="4203675648" percent="99">
    <mem type="nursery" free="0" total="2228224" percent="0">
      <mem type="allocate" free="0" total="1900544" percent="0" />
      <mem type="survivor" free="0" total="327680" percent="0" />
    </mem>
    <mem type="tenure" free="4193686192" total="4201447424" percent="99">
      <mem type="soa" free="3983614640" total="3991375872" percent="99" />
      <mem type="loa" free="210071552" total="210071552" percent="100" />
    </mem>
    <remembered-set count="409" />
  </mem-info>
</gc-start>
<allocation-stats totalBytes="1704720" >
  <allocated-bytes non-tlh="24" tlh="1704696" />
  <largest-consumer threadName="node-11" threadId="0000000000B7A300" bytes="90112" />
</allocation-stats>
<gc-op id="468" type="scavenge" timems="1.578" contextid="465" timestamp="2019-08-11T07:38:35.760">
  <scavenger-info tenureage="3" tenuremask="ffe8" tiltratio="85" />
  <memory-copied type="nursery" objects="4180" bytes="101880" bytesdiscarded="59400" />
  <memory-copied type="tenure" objects="1604" bytes="38496" bytesdiscarded="0" />
</gc-op>
<gc-end id="469" type="scavenge" contextid="465" durationms="1.964" usertimems="0.755" systemtimems="3.265" timestamp="2019-08-11T07:38:35.761" activeThreads="16">
  <mem-info id="470" free="4195442608" total="4203675648" percent="99">
    <mem type="nursery" free="1804800" total="2228224" percent="80">
      <mem type="allocate" free="1804800" total="1966080" percent="91" />
      <mem type="survivor" free="0" total="262144" percent="0" />
    </mem>
    <mem type="tenure" free="4193637808" total="4201447424" percent="99" macro-fragmented="602881">
      <mem type="soa" free="3983566256" total="3991375872" percent="99" />
      <mem type="loa" free="210071552" total="210071552" percent="100" />
    </mem>
    <remembered-set count="336" />
  </mem-info>
</gc-end>
<cycle-end id="471" type="scavenge" contextid="465" timestamp="2019-08-11T07:38:35.761" />
  <attribute name="elasticGC enabled" value="1" />
  <attribute name= "numThreadsSpecified" value="16" />
  <attribute name="heapSize specified" value="8519680" />
  <attribute name="Current GC Util" value="1" />
  <attribute name= "Current Time Running" value="6598" />
  <attribute name ="GC Interval" value="200" />
  <attribute name="ProportionalT" value="-39.500000" />
  <attribute name="ProportionalI" value="-39.500000" />
  <attribute name="ProportionalH" value="-39.500000" />
  <attribute name="Current Error" value="-79.000000" />
  <attribute name="IntegralT" value="-16195.000000" />
  <attribute name="IntegralI" value="-16195.000000" />
  <attribute name="IntegralH" value="-16195.000000" />
  <attribute name="DerivativeT" value="-0.192683" />
  <attribute name="DerivativeI" value="-0.192683" />
  <attribute name="DerivativeH" value="-0.192683" />
  <attribute name="Loop Time for DT" value="410.000000" />
  <attribute name="Output H" value="4203675648"/>
  <attribute name="Output I" value="200"/>
  <attribute name="Output T" value="16"/>
  <attribute name="Target GC Util Change" value ="80.000000" />
  <attribute name="Current GC Util Change" value="1.000000"/>
  <attribute name="GC Util currently" value="1" />
  <attribute name="CPU Util currently" value="9" />
<allocation-satisfied id="472" threadId="0000000000BA7200" bytesRequested="24" />
<af-end id="473" timestamp="2019-08-11T07:38:35.761" threadId="0000000000BA7B88" success="true" from="nursery"/>
<exclusive-end id="474" timestamp="2019-08-11T07:38:35.761" durationms="2.322" />

<exclusive-start id="475" timestamp="2019-08-11T07:38:36.094" intervalms="334.965">
  <response-info timems="0.160" idlems="0.160" threads="0" lastid="0000000000B9FA00" lastname="node-0" />
</exclusive-start>
<af-start id="476" threadId="0000000000BA0388" totalBytesRequested="24" timestamp="2019-08-11T07:38:36.094" intervalms="334.963" type="nursery" />
<cycle-start id="477" type="scavenge" contextid="0" timestamp="2019-08-11T07:38:36.094" intervalms="334.806" />
<gc-start id="478" type="scavenge" contextid="477" timestamp="2019-08-11T07:38:36.094">
  <mem-info id="479" free="4193637808" total="4203675648" percent="99">
    <mem type="nursery" free="0" total="2228224" percent="0">
      <mem type="allocate" free="0" total="1966080" percent="0" />
      <mem type="survivor" free="0" total="262144" percent="0" />
    </mem>
    <mem type="tenure" free="4193637808" total="4201447424" percent="99">
      <mem type="soa" free="3983566256" total="3991375872" percent="99" />
      <mem type="loa" free="210071552" total="210071552" percent="100" />
    </mem>
    <remembered-set count="412" />
  </mem-info>
</gc-start>
<allocation-stats totalBytes="1795632" >
  <allocated-bytes non-tlh="24" tlh="1795608" />
  <largest-consumer threadName="node-7" threadId="0000000000B67700" bytes="90112" />
</allocation-stats>
<gc-op id="480" type="scavenge" timems="1.287" contextid="477" timestamp="2019-08-11T07:38:36.095">
  <scavenger-info tenureage="3" tenuremask="ffe8" tiltratio="88" />
  <memory-copied type="nursery" objects="3715" bytes="90800" bytesdiscarded="38224" />
  <memory-copied type="tenure" objects="1541" bytes="36976" bytesdiscarded="8" />
</gc-op>
<gc-end id="481" type="scavenge" contextid="477" durationms="1.709" usertimems="1.643" systemtimems="1.766" timestamp="2019-08-11T07:38:36.095" activeThreads="16">
  <mem-info id="482" free="4195442608" total="4203675648" percent="99">
    <mem type="nursery" free="1837056" total="2228224" percent="82">
      <mem type="allocate" free="1837056" total="1966080" percent="93" />
      <mem type="survivor" free="0" total="262144" percent="0" />
    </mem>
    <mem type="tenure" free="4193605552" total="4201447424" percent="99" macro-fragmented="1500163">
      <mem type="soa" free="3983534000" total="3991375872" percent="99" />
      <mem type="loa" free="210071552" total="210071552" percent="100" />
    </mem>
    <remembered-set count="337" />
  </mem-info>
</gc-end>
<cycle-end id="483" type="scavenge" contextid="477" timestamp="2019-08-11T07:38:36.095" />
  <attribute name="elasticGC enabled" value="1" />
  <attribute name= "numThreadsSpecified" value="16" />
  <attribute name="heapSize specified" value="8519680" />
  <attribute name="Current GC Util" value="1" />
  <attribute name= "Current Time Running" value="6933" />
  <attribute name ="GC Interval" value="200" />
  <attribute name="ProportionalT" value="-39.500000" />
  <attribute name="ProportionalI" value="-39.500000" />
  <attribute name="ProportionalH" value="-39.500000" />
  <attribute name="Current Error" value="-79.000000" />
  <attribute name="IntegralT" value="-13232.500000" />
  <attribute name="IntegralI" value="-13232.500000" />
  <attribute name="IntegralH" value="-13232.500000" />
  <attribute name="DerivativeT" value="-0.235821" />
  <attribute name="DerivativeI" value="-0.235821" />
  <attribute name="DerivativeH" value="-0.235821" />
  <attribute name="Loop Time for DT" value="335.000000" />
  <attribute name="Output H" value="4203675648"/>
  <attribute name="Output I" value="200"/>
  <attribute name="Output T" value="16"/>
  <attribute name="Target GC Util Change" value ="80.000000" />
  <attribute name="Current GC Util Change" value="1.000000"/>
  <attribute name="GC Util currently" value="1" />
  <attribute name="CPU Util currently" value="9" />
<allocation-satisfied id="484" threadId="0000000000B9FA00" bytesRequested="24" />
<af-end id="485" timestamp="2019-08-11T07:38:36.095" threadId="0000000000BA0388" success="true" from="nursery"/>
<exclusive-end id="486" timestamp="2019-08-11T07:38:36.095" durationms="1.903" />

<exclusive-start id="487" timestamp="2019-08-11T07:38:36.450" intervalms="356.680">
  <response-info timems="0.197" idlems="0.197" threads="0" lastid="0000000000BA7200" lastname="node-5" />
</exclusive-start>
<af-start id="488" threadId="0000000000BA7B88" totalBytesRequested="24" timestamp="2019-08-11T07:38:36.450" intervalms="356.710" type="nursery" />
<cycle-start id="489" type="scavenge" contextid="0" timestamp="2019-08-11T07:38:36.450" intervalms="356.725" />
<gc-start id="490" type="scavenge" contextid="489" timestamp="2019-08-11T07:38:36.450">
  <mem-info id="491" free="4193605552" total="4203675648" percent="99">
    <mem type="nursery" free="0" total="2228224" percent="0">
      <mem type="allocate" free="0" total="1966080" percent="0" />
      <mem type="survivor" free="0" total="262144" percent="0" />
    </mem>
    <mem type="tenure" free="4193605552" total="4201447424" percent="99">
      <mem type="soa" free="3983534000" total="3991375872" percent="99" />
      <mem type="loa" free="210071552" total="210071552" percent="100" />
    </mem>
    <remembered-set count="397" />
  </mem-info>
</gc-start>
<allocation-stats totalBytes="1831088" >
  <allocated-bytes non-tlh="24" tlh="1831064" />
  <largest-consumer threadName="node-20" threadId="0000000000BAE900" bytes="90040" />
</allocation-stats>
<gc-op id="492" type="scavenge" timems="2.176" contextid="489" timestamp="2019-08-11T07:38:36.453">
  <scavenger-info tenureage="3" tenuremask="ffe8" tiltratio="88" />
  <memory-copied type="nursery" objects="3581" bytes="87584" bytesdiscarded="105952" />
  <memory-copied type="tenure" objects="1201" bytes="28824" bytesdiscarded="0" />
</gc-op>
<gc-end id="493" type="scavenge" contextid="489" durationms="2.536" usertimems="5.475" systemtimems="0.000" timestamp="2019-08-11T07:38:36.453" activeThreads="16">
  <mem-info id="494" free="4195345840" total="4203675648" percent="99">
    <mem type="nursery" free="1772544" total="2228224" percent="79">
      <mem type="allocate" free="1772544" total="1966080" percent="90" />
      <mem type="survivor" free="0" total="262144" percent="0" />
    </mem>
    <mem type="tenure" free="4193573296" total="4201447424" percent="99" macro-fragmented="83168">
      <mem type="soa" free="3983501744" total="3991375872" percent="99" />
      <mem type="loa" free="210071552" total="210071552" percent="100" />
    </mem>
    <remembered-set count="333" />
  </mem-info>
</gc-end>
<cycle-end id="495" type="scavenge" contextid="489" timestamp="2019-08-11T07:38:36.453" />
  <attribute name="elasticGC enabled" value="1" />
  <attribute name= "numThreadsSpecified" value="16" />
  <attribute name="heapSize specified" value="8519680" />
  <attribute name="Current GC Util" value="0" />
  <attribute name= "Current Time Running" value="7290" />
  <attribute name ="GC Interval" value="200" />
  <attribute name="ProportionalT" value="-40.000000" />
  <attribute name="ProportionalI" value="-40.000000" />
  <attribute name="ProportionalH" value="-40.000000" />
  <attribute name="Current Error" value="-80.000000" />
  <attribute name="IntegralT" value="-14280.000000" />
  <attribute name="IntegralI" value="-14280.000000" />
  <attribute name="IntegralH" value="-14280.000000" />
  <attribute name="DerivativeT" value="-0.224090" />
  <attribute name="DerivativeI" value="-0.224090" />
  <attribute name="DerivativeH" value="-0.224090" />
  <attribute name="Loop Time for DT" value="357.000000" />
  <attribute name="Output H" value="4203675648"/>
  <attribute name="Output I" value="200"/>
  <attribute name="Output T" value="16"/>
  <attribute name="Target GC Util Change" value ="80.000000" />
  <attribute name="Current GC Util Change" value="0.000000"/>
  <attribute name="GC Util currently" value="0" />
  <attribute name="CPU Util currently" value="10" />
<allocation-satisfied id="496" threadId="0000000000BA7200" bytesRequested="24" />
<af-end id="497" timestamp="2019-08-11T07:38:36.453" threadId="0000000000BA7B88" success="true" from="nursery"/>
<exclusive-end id="498" timestamp="2019-08-11T07:38:36.453" durationms="2.821" />

<exclusive-start id="499" timestamp="2019-08-11T07:38:36.791" intervalms="340.702">
  <response-info timems="0.088" idlems="0.088" threads="0" lastid="0000000000B9BE00" lastname="node-4" />
</exclusive-start>
<af-start id="500" threadId="0000000000B9C788" totalBytesRequested="16" timestamp="2019-08-11T07:38:36.791" intervalms="340.659" type="nursery" />
<cycle-start id="501" type="scavenge" contextid="0" timestamp="2019-08-11T07:38:36.791" intervalms="340.641" />
<gc-start id="502" type="scavenge" contextid="501" timestamp="2019-08-11T07:38:36.791">
  <mem-info id="503" free="4193573296" total="4203675648" percent="99">
    <mem type="nursery" free="0" total="2228224" percent="0">
      <mem type="allocate" free="0" total="1966080" percent="0" />
      <mem type="survivor" free="0" total="262144" percent="0" />
    </mem>
    <mem type="tenure" free="4193573296" total="4201447424" percent="99">
      <mem type="soa" free="3983501744" total="3991375872" percent="99" />
      <mem type="loa" free="210071552" total="210071552" percent="100" />
    </mem>
    <remembered-set count="397" />
  </mem-info>
</gc-start>
<allocation-stats totalBytes="1771536" >
  <allocated-bytes non-tlh="24" tlh="1771512" />
  <largest-consumer threadName="node-20" threadId="0000000000BAE900" bytes="90096" />
</allocation-stats>
<gc-op id="504" type="scavenge" timems="1.636" contextid="501" timestamp="2019-08-11T07:38:36.793">
  <scavenger-info tenureage="3" tenuremask="ffe8" tiltratio="88" />
  <memory-copied type="nursery" objects="3228" bytes="82576" bytesdiscarded="46448" />
  <memory-copied type="tenure" objects="1310" bytes="31440" bytesdiscarded="0" />
</gc-op>
<gc-end id="505" type="scavenge" contextid="501" durationms="1.967" usertimems="3.124" systemtimems="3.122" timestamp="2019-08-11T07:38:36.793" activeThreads="16">
  <mem-info id="506" free="4195378096" total="4203675648" percent="99">
    <mem type="nursery" free="1837056" total="2228224" percent="82">
      <mem type="allocate" free="1837056" total="1966080" percent="93" />
      <mem type="survivor" free="0" total="262144" percent="0" />
    </mem>
    <mem type="tenure" free="4193541040" total="4201447424" percent="99" macro-fragmented="4479464">
      <mem type="soa" free="3983469488" total="3991375872" percent="99" />
      <mem type="loa" free="210071552" total="210071552" percent="100" />
    </mem>
    <remembered-set count="312" />
  </mem-info>
</gc-end>
<cycle-end id="507" type="scavenge" contextid="501" timestamp="2019-08-11T07:38:36.793" />
  <attribute name="elasticGC enabled" value="1" />
  <attribute name= "numThreadsSpecified" value="16" />
  <attribute name="heapSize specified" value="8519680" />
  <attribute name="Current GC Util" value="1" />
  <attribute name= "Current Time Running" value="7630" />
  <attribute name ="GC Interval" value="200" />
  <attribute name="ProportionalT" value="-39.500000" />
  <attribute name="ProportionalI" value="-39.500000" />
  <attribute name="ProportionalH" value="-39.500000" />
  <attribute name="Current Error" value="-79.000000" />
  <attribute name="IntegralT" value="-13430.000000" />
  <attribute name="IntegralI" value="-13430.000000" />
  <attribute name="IntegralH" value="-13430.000000" />
  <attribute name="DerivativeT" value="-0.232353" />
  <attribute name="DerivativeI" value="-0.232353" />
  <attribute name="DerivativeH" value="-0.232353" />
  <attribute name="Loop Time for DT" value="340.000000" />
  <attribute name="Output H" value="4203675648"/>
  <attribute name="Output I" value="200"/>
  <attribute name="Output T" value="16"/>
  <attribute name="Target GC Util Change" value ="80.000000" />
  <attribute name="Current GC Util Change" value="1.000000"/>
  <attribute name="GC Util currently" value="1" />
  <attribute name="CPU Util currently" value="9" />
<allocation-satisfied id="508" threadId="0000000000B9BE00" bytesRequested="16" />
<af-end id="509" timestamp="2019-08-11T07:38:36.793" threadId="0000000000B9C788" success="true" from="nursery"/>
<exclusive-end id="510" timestamp="2019-08-11T07:38:36.793" durationms="2.137" />

<exclusive-start id="511" timestamp="2019-08-11T07:38:37.105" intervalms="314.297">
  <response-info timems="0.171" idlems="0.171" threads="0" lastid="0000000000BBDD00" lastname="node-25" />
</exclusive-start>
<af-start id="512" threadId="0000000000BBE688" totalBytesRequested="32" timestamp="2019-08-11T07:38:37.105" intervalms="314.314" type="nursery" />
<cycle-start id="513" type="scavenge" contextid="0" timestamp="2019-08-11T07:38:37.105" intervalms="314.317" />
<gc-start id="514" type="scavenge" contextid="513" timestamp="2019-08-11T07:38:37.105">
  <mem-info id="515" free="4193541040" total="4203675648" percent="99">
    <mem type="nursery" free="0" total="2228224" percent="0">
      <mem type="allocate" free="0" total="1966080" percent="0" />
      <mem type="survivor" free="0" total="262144" percent="0" />
    </mem>
    <mem type="tenure" free="4193541040" total="4201447424" percent="99">
      <mem type="soa" free="3983469488" total="3991375872" percent="99" />
      <mem type="loa" free="210071552" total="210071552" percent="100" />
    </mem>
    <remembered-set count="393" />
  </mem-info>
</gc-start>
<allocation-stats totalBytes="1833944" >
  <allocated-bytes non-tlh="16" tlh="1833928" />
  <largest-consumer threadName="node-10" threadId="0000000000BB6100" bytes="90104" />
</allocation-stats>
<gc-op id="516" type="scavenge" timems="1.589" contextid="513" timestamp="2019-08-11T07:38:37.107">
  <scavenger-info tenureage="3" tenuremask="4008" tiltratio="88" />
  <memory-copied type="nursery" objects="2951" bytes="69944" bytesdiscarded="26824" />
  <memory-copied type="tenure" objects="1069" bytes="25656" bytesdiscarded="0" />
</gc-op>
<gc-end id="517" type="scavenge" contextid="513" durationms="1.865" usertimems="2.928" systemtimems="1.682" timestamp="2019-08-11T07:38:37.107" activeThreads="16">
  <mem-info id="518" free="4195378096" total="4203675648" percent="99">
    <mem type="nursery" free="1869312" total="2228224" percent="83">
      <mem type="allocate" free="1869312" total="1966080" percent="95" />
      <mem type="survivor" free="0" total="262144" percent="0" />
    </mem>
    <mem type="tenure" free="4193508784" total="4201447424" percent="99" macro-fragmented="5375357">
      <mem type="soa" free="3983437232" total="3991375872" percent="99" />
      <mem type="loa" free="210071552" total="210071552" percent="100" />
    </mem>
    <remembered-set count="305" />
  </mem-info>
</gc-end>
<cycle-end id="519" type="scavenge" contextid="513" timestamp="2019-08-11T07:38:37.107" />
  <attribute name="elasticGC enabled" value="1" />
  <attribute name= "numThreadsSpecified" value="16" />
  <attribute name="heapSize specified" value="8519680" />
  <attribute name="Current GC Util" value="0" />
  <attribute name= "Current Time Running" value="7945" />
  <attribute name ="GC Interval" value="200" />
  <attribute name="ProportionalT" value="-40.000000" />
  <attribute name="ProportionalI" value="-40.000000" />
  <attribute name="ProportionalH" value="-40.000000" />
  <attribute name="Current Error" value="-80.000000" />
  <attribute name="IntegralT" value="-12600.000000" />
  <attribute name="IntegralI" value="-12600.000000" />
  <attribute name="IntegralH" value="-12600.000000" />
  <attribute name="DerivativeT" value="-0.253968" />
  <attribute name="DerivativeI" value="-0.253968" />
  <attribute name="DerivativeH" value="-0.253968" />
  <attribute name="Loop Time for DT" value="315.000000" />
  <attribute name="Output H" value="4203675648"/>
  <attribute name="Output I" value="200"/>
  <attribute name="Output T" value="16"/>
  <attribute name="Target GC Util Change" value ="80.000000" />
  <attribute name="Current GC Util Change" value="0.000000"/>
  <attribute name="GC Util currently" value="0" />
  <attribute name="CPU Util currently" value="9" />
<allocation-satisfied id="520" threadId="0000000000BBDD00" bytesRequested="32" />
<af-end id="521" timestamp="2019-08-11T07:38:37.107" threadId="0000000000BBE688" success="true" from="nursery"/>
<exclusive-end id="522" timestamp="2019-08-11T07:38:37.107" durationms="2.056" />

<exclusive-start id="523" timestamp="2019-08-11T07:38:37.395" intervalms="290.067">
  <response-info timems="0.284" idlems="0.284" threads="0" lastid="0000000000BAAD00" lastname="node-16" />
</exclusive-start>
<af-start id="524" threadId="0000000000BAB688" totalBytesRequested="32" timestamp="2019-08-11T07:38:37.395" intervalms="290.071" type="nursery" />
<cycle-start id="525" type="scavenge" contextid="0" timestamp="2019-08-11T07:38:37.395" intervalms="290.072" />
<gc-start id="526" type="scavenge" contextid="525" timestamp="2019-08-11T07:38:37.395">
  <mem-info id="527" free="4193508784" total="4203675648" percent="99">
    <mem type="nursery" free="0" total="2228224" percent="0">
      <mem type="allocate" free="0" total="1966080" percent="0" />
      <mem type="survivor" free="0" total="262144" percent="0" />
    </mem>
    <mem type="tenure" free="4193508784" total="4201447424" percent="99">
      <mem type="soa" free="3983437232" total="3991375872" percent="99" />
      <mem type="loa" free="210071552" total="210071552" percent="100" />
    </mem>
    <remembered-set count="392" />
  </mem-info>
</gc-start>
<allocation-stats totalBytes="1868384" >
  <allocated-bytes non-tlh="32" tlh="1868352" />
  <largest-consumer threadName="node-25" threadId="0000000000BBDD00" bytes="90136" />
</allocation-stats>
<gc-op id="528" type="scavenge" timems="1.282" contextid="525" timestamp="2019-08-11T07:38:37.397">
  <scavenger-info tenureage="2" tenuremask="400c" tiltratio="88" />
  <memory-copied type="nursery" objects="1707" bytes="42608" bytesdiscarded="21904" />
  <memory-copied type="tenure" objects="2012" bytes="48288" bytesdiscarded="0" />
</gc-op>
<gc-end id="529" type="scavenge" contextid="525" durationms="1.610" usertimems="2.433" systemtimems="1.172" timestamp="2019-08-11T07:38:37.397" activeThreads="16">
  <mem-info id="530" free="4195361968" total="4203675648" percent="99">
    <mem type="nursery" free="1901568" total="2228224" percent="85">
      <mem type="allocate" free="1901568" total="1966080" percent="96" />
      <mem type="survivor" free="0" total="262144" percent="0" />
    </mem>
    <mem type="tenure" free="4193460400" total="4201447424" percent="99" macro-fragmented="1041779">
      <mem type="soa" free="3983388848" total="3991375872" percent="99" />
      <mem type="loa" free="210071552" total="210071552" percent="100" />
    </mem>
    <remembered-set count="311" />
  </mem-info>
</gc-end>
<cycle-end id="531" type="scavenge" contextid="525" timestamp="2019-08-11T07:38:37.397" />
  <attribute name="elasticGC enabled" value="1" />
  <attribute name= "numThreadsSpecified" value="16" />
  <attribute name="heapSize specified" value="8519680" />
  <attribute name="Current GC Util" value="1" />
  <attribute name= "Current Time Running" value="8235" />
  <attribute name ="GC Interval" value="200" />
  <attribute name="ProportionalT" value="-39.500000" />
  <attribute name="ProportionalI" value="-39.500000" />
  <attribute name="ProportionalH" value="-39.500000" />
  <attribute name="Current Error" value="-79.000000" />
  <attribute name="IntegralT" value="-11455.000000" />
  <attribute name="IntegralI" value="-11455.000000" />
  <attribute name="IntegralH" value="-11455.000000" />
  <attribute name="DerivativeT" value="-0.272414" />
  <attribute name="DerivativeI" value="-0.272414" />
  <attribute name="DerivativeH" value="-0.272414" />
  <attribute name="Loop Time for DT" value="290.000000" />
  <attribute name="Output H" value="4203675648"/>
  <attribute name="Output I" value="200"/>
  <attribute name="Output T" value="16"/>
  <attribute name="Target GC Util Change" value ="80.000000" />
  <attribute name="Current GC Util Change" value="1.000000"/>
  <attribute name="GC Util currently" value="1" />
  <attribute name="CPU Util currently" value="8" />
<allocation-satisfied id="532" threadId="0000000000BAAD00" bytesRequested="32" />
<af-end id="533" timestamp="2019-08-11T07:38:37.397" threadId="0000000000BAB688" success="true" from="nursery"/>
<exclusive-end id="534" timestamp="2019-08-11T07:38:37.397" durationms="1.812" />

<exclusive-start id="535" timestamp="2019-08-11T07:38:37.802" intervalms="406.793">
  <response-info timems="0.019" idlems="0.019" threads="0" lastid="0000000000B8CE00" lastname="node-13" />
</exclusive-start>
<af-start id="536" threadId="0000000000B8D788" totalBytesRequested="32" timestamp="2019-08-11T07:38:37.802" intervalms="406.789" type="nursery" />
<cycle-start id="537" type="scavenge" contextid="0" timestamp="2019-08-11T07:38:37.802" intervalms="406.789" />
<gc-start id="538" type="scavenge" contextid="537" timestamp="2019-08-11T07:38:37.802">
  <mem-info id="539" free="4193460400" total="4203675648" percent="99">
    <mem type="nursery" free="0" total="2228224" percent="0">
      <mem type="allocate" free="0" total="1966080" percent="0" />
      <mem type="survivor" free="0" total="262144" percent="0" />
    </mem>
    <mem type="tenure" free="4193460400" total="4201447424" percent="99">
      <mem type="soa" free="3983388848" total="3991375872" percent="99" />
      <mem type="loa" free="210071552" total="210071552" percent="100" />
    </mem>
    <remembered-set count="388" />
  </mem-info>
</gc-start>
<allocation-stats totalBytes="1898488" >
  <allocated-bytes non-tlh="32" tlh="1898456" />
  <largest-consumer threadName="node-25" threadId="0000000000BBDD00" bytes="90112" />
</allocation-stats>
<gc-op id="540" type="scavenge" timems="1.033" contextid="537" timestamp="2019-08-11T07:38:37.803">
  <scavenger-info tenureage="2" tenuremask="4004" tiltratio="88" />
  <memory-copied type="nursery" objects="1975" bytes="46480" bytesdiscarded="18032" />
  <memory-copied type="tenure" objects="829" bytes="19896" bytesdiscarded="0" />
</gc-op>
<gc-end id="541" type="scavenge" contextid="537" durationms="1.320" usertimems="0.906" systemtimems="2.217" timestamp="2019-08-11T07:38:37.804" activeThreads="16">
  <mem-info id="542" free="4195329712" total="4203675648" percent="99">
    <mem type="nursery" free="1901568" total="2228224" percent="85">
      <mem type="allocate" free="1901568" total="1966080" percent="96" />
      <mem type="survivor" free="0" total="262144" percent="0" />
    </mem>
    <mem type="tenure" free="4193428144" total="4201447424" percent="99" macro-fragmented="11146343">
      <mem type="soa" free="3983356592" total="3991375872" percent="99" />
      <mem type="loa" free="210071552" total="210071552" percent="100" />
    </mem>
    <remembered-set count="294" />
  </mem-info>
</gc-end>
<cycle-end id="543" type="scavenge" contextid="537" timestamp="2019-08-11T07:38:37.804" />
  <attribute name="elasticGC enabled" value="1" />
  <attribute name= "numThreadsSpecified" value="16" />
  <attribute name="heapSize specified" value="8519680" />
  <attribute name="Current GC Util" value="0" />
  <attribute name= "Current Time Running" value="8641" />
  <attribute name ="GC Interval" value="200" />
  <attribute name="ProportionalT" value="-40.000000" />
  <attribute name="ProportionalI" value="-40.000000" />
  <attribute name="ProportionalH" value="-40.000000" />
  <attribute name="Current Error" value="-80.000000" />
  <attribute name="IntegralT" value="-16240.000000" />
  <attribute name="IntegralI" value="-16240.000000" />
  <attribute name="IntegralH" value="-16240.000000" />
  <attribute name="DerivativeT" value="-0.197044" />
  <attribute name="DerivativeI" value="-0.197044" />
  <attribute name="DerivativeH" value="-0.197044" />
  <attribute name="Loop Time for DT" value="406.000000" />
  <attribute name="Output H" value="4203675648"/>
  <attribute name="Output I" value="200"/>
  <attribute name="Output T" value="16"/>
  <attribute name="Target GC Util Change" value ="80.000000" />
  <attribute name="Current GC Util Change" value="0.000000"/>
  <attribute name="GC Util currently" value="0" />
  <attribute name="CPU Util currently" value="10" />
<allocation-satisfied id="544" threadId="0000000000B8CE00" bytesRequested="32" />
<af-end id="545" timestamp="2019-08-11T07:38:37.804" threadId="0000000000B8D788" success="true" from="nursery"/>
<exclusive-end id="546" timestamp="2019-08-11T07:38:37.804" durationms="1.612" />

<exclusive-start id="547" timestamp="2019-08-11T07:38:38.161" intervalms="358.877">
  <response-info timems="0.463" idlems="0.463" threads="0" lastid="0000000000B6B300" lastname="node-1" />
</exclusive-start>
<af-start id="548" threadId="0000000000B6BC88" totalBytesRequested="32" timestamp="2019-08-11T07:38:38.161" intervalms="358.879" type="nursery" />
<cycle-start id="549" type="scavenge" contextid="0" timestamp="2019-08-11T07:38:38.161" intervalms="358.887" />
<gc-start id="550" type="scavenge" contextid="549" timestamp="2019-08-11T07:38:38.161">
  <mem-info id="551" free="4193428144" total="4203675648" percent="99">
    <mem type="nursery" free="0" total="2228224" percent="0">
      <mem type="allocate" free="0" total="1966080" percent="0" />
      <mem type="survivor" free="0" total="262144" percent="0" />
    </mem>
    <mem type="tenure" free="4193428144" total="4201447424" percent="99">
      <mem type="soa" free="3983356592" total="3991375872" percent="99" />
      <mem type="loa" free="210071552" total="210071552" percent="100" />
    </mem>
    <remembered-set count="386" />
  </mem-info>
</gc-start>
<allocation-stats totalBytes="1900976" >
  <allocated-bytes non-tlh="32" tlh="1900944" />
  <largest-consumer threadName="node-13" threadId="0000000000B8CE00" bytes="90136" />
</allocation-stats>
<gc-op id="552" type="scavenge" timems="1.619" contextid="549" timestamp="2019-08-11T07:38:38.163">
  <scavenger-info tenureage="2" tenuremask="4004" tiltratio="88" />
  <memory-copied type="nursery" objects="2321" bytes="54784" bytesdiscarded="58112" />
  <memory-copied type="tenure" objects="742" bytes="17808" bytesdiscarded="0" />
</gc-op>
<gc-end id="553" type="scavenge" contextid="549" durationms="2.295" usertimems="7.884" systemtimems="0.000" timestamp="2019-08-11T07:38:38.163" activeThreads="16">
  <mem-info id="554" free="4195265200" total="4203675648" percent="99">
    <mem type="nursery" free="1853184" total="2228224" percent="83">
      <mem type="allocate" free="1853184" total="1966080" percent="94" />
      <mem type="survivor" free="0" total="262144" percent="0" />
    </mem>
    <mem type="tenure" free="4193412016" total="4201447424" percent="99" macro-fragmented="3110739">
      <mem type="soa" free="3983340464" total="3991375872" percent="99" />
      <mem type="loa" free="210071552" total="210071552" percent="100" />
    </mem>
    <remembered-set count="298" />
  </mem-info>
</gc-end>
<cycle-end id="555" type="scavenge" contextid="549" timestamp="2019-08-11T07:38:38.163" />
  <attribute name="elasticGC enabled" value="1" />
  <attribute name= "numThreadsSpecified" value="16" />
  <attribute name="heapSize specified" value="8519680" />
  <attribute name="Current GC Util" value="0" />
  <attribute name= "Current Time Running" value="9000" />
  <attribute name ="GC Interval" value="200" />
  <attribute name="ProportionalT" value="-40.000000" />
  <attribute name="ProportionalI" value="-40.000000" />
  <attribute name="ProportionalH" value="-40.000000" />
  <attribute name="Current Error" value="-80.000000" />
  <attribute name="IntegralT" value="-14360.000000" />
  <attribute name="IntegralI" value="-14360.000000" />
  <attribute name="IntegralH" value="-14360.000000" />
  <attribute name="DerivativeT" value="-0.222841" />
  <attribute name="DerivativeI" value="-0.222841" />
  <attribute name="DerivativeH" value="-0.222841" />
  <attribute name="Loop Time for DT" value="359.000000" />
  <attribute name="Output H" value="4203675648"/>
  <attribute name="Output I" value="200"/>
  <attribute name="Output T" value="16"/>
  <attribute name="Target GC Util Change" value ="80.000000" />
  <attribute name="Current GC Util Change" value="0.000000"/>
  <attribute name="GC Util currently" value="0" />
  <attribute name="CPU Util currently" value="11" />
<allocation-satisfied id="556" threadId="0000000000B6B300" bytesRequested="32" />
<af-end id="557" timestamp="2019-08-11T07:38:38.163" threadId="0000000000B6BC88" success="true" from="nursery"/>
<exclusive-end id="558" timestamp="2019-08-11T07:38:38.164" durationms="2.545" />

<exclusive-start id="559" timestamp="2019-08-11T07:38:38.494" intervalms="333.275">
  <response-info timems="0.016" idlems="0.016" threads="0" lastid="0000000000BC1900" lastname="node-15" />
</exclusive-start>
<af-start id="560" threadId="0000000000BC2288" totalBytesRequested="32" timestamp="2019-08-11T07:38:38.494" intervalms="333.280" type="nursery" />
<cycle-start id="561" type="scavenge" contextid="0" timestamp="2019-08-11T07:38:38.494" intervalms="333.275" />
<gc-start id="562" type="scavenge" contextid="561" timestamp="2019-08-11T07:38:38.494">
  <mem-info id="563" free="4193412016" total="4203675648" percent="99">
    <mem type="nursery" free="0" total="2228224" percent="0">
      <mem type="allocate" free="0" total="1966080" percent="0" />
      <mem type="survivor" free="0" total="262144" percent="0" />
    </mem>
    <mem type="tenure" free="4193412016" total="4201447424" percent="99">
      <mem type="soa" free="3983340464" total="3991375872" percent="99" />
      <mem type="loa" free="210071552" total="210071552" percent="100" />
    </mem>
    <remembered-set count="388" />
  </mem-info>
</gc-start>
<allocation-stats totalBytes="1845800" >
  <allocated-bytes non-tlh="32" tlh="1845768" />
  <largest-consumer threadName="node-7" threadId="0000000000B67700" bytes="90104" />
</allocation-stats>
<gc-op id="564" type="scavenge" timems="1.343" contextid="561" timestamp="2019-08-11T07:38:38.496">
  <scavenger-info tenureage="2" tenuremask="4004" tiltratio="88" />
  <memory-copied type="nursery" objects="2187" bytes="51568" bytesdiscarded="77456" />
  <memory-copied type="tenure" objects="1118" bytes="26832" bytesdiscarded="0" />
</gc-op>
<gc-end id="565" type="scavenge" contextid="561" durationms="1.826" usertimems="4.870" systemtimems="0.000" timestamp="2019-08-11T07:38:38.496" activeThreads="16">
  <mem-info id="566" free="4195216816" total="4203675648" percent="99">
    <mem type="nursery" free="1837056" total="2228224" percent="82">
      <mem type="allocate" free="1837056" total="1966080" percent="93" />
      <mem type="survivor" free="0" total="262144" percent="0" />
    </mem>
    <mem type="tenure" free="4193379760" total="4201447424" percent="99" macro-fragmented="242284">
      <mem type="soa" free="3983308208" total="3991375872" percent="99" />
      <mem type="loa" free="210071552" total="210071552" percent="100" />
    </mem>
    <remembered-set count="293" />
  </mem-info>
</gc-end>
<cycle-end id="567" type="scavenge" contextid="561" timestamp="2019-08-11T07:38:38.496" />
  <attribute name="elasticGC enabled" value="1" />
  <attribute name= "numThreadsSpecified" value="16" />
  <attribute name="heapSize specified" value="8519680" />
  <attribute name="Current GC Util" value="1" />
  <attribute name= "Current Time Running" value="9334" />
  <attribute name ="GC Interval" value="200" />
  <attribute name="ProportionalT" value="-39.500000" />
  <attribute name="ProportionalI" value="-39.500000" />
  <attribute name="ProportionalH" value="-39.500000" />
  <attribute name="Current Error" value="-79.000000" />
  <attribute name="IntegralT" value="-13193.000000" />
  <attribute name="IntegralI" value="-13193.000000" />
  <attribute name="IntegralH" value="-13193.000000" />
  <attribute name="DerivativeT" value="-0.236527" />
  <attribute name="DerivativeI" value="-0.236527" />
  <attribute name="DerivativeH" value="-0.236527" />
  <attribute name="Loop Time for DT" value="334.000000" />
  <attribute name="Output H" value="4203675648"/>
  <attribute name="Output I" value="200"/>
  <attribute name="Output T" value="16"/>
  <attribute name="Target GC Util Change" value ="80.000000" />
  <attribute name="Current GC Util Change" value="1.000000"/>
  <attribute name="GC Util currently" value="1" />
  <attribute name="CPU Util currently" value="14" />
<allocation-satisfied id="568" threadId="0000000000BC1900" bytesRequested="32" />
<af-end id="569" timestamp="2019-08-11T07:38:38.496" threadId="0000000000BC2288" success="true" from="nursery"/>
<exclusive-end id="570" timestamp="2019-08-11T07:38:38.496" durationms="2.069" />

<exclusive-start id="571" timestamp="2019-08-11T07:38:38.881" intervalms="386.901">
  <response-info timems="0.064" idlems="0.064" threads="0" lastid="0000000000BBDD00" lastname="node-25" />
</exclusive-start>
<af-start id="572" threadId="0000000000BBE688" totalBytesRequested="32" timestamp="2019-08-11T07:38:38.881" intervalms="386.899" type="nursery" />
<cycle-start id="573" type="scavenge" contextid="0" timestamp="2019-08-11T07:38:38.881" intervalms="386.897" />
<gc-start id="574" type="scavenge" contextid="573" timestamp="2019-08-11T07:38:38.881">
  <mem-info id="575" free="4193379760" total="4203675648" percent="99">
    <mem type="nursery" free="0" total="2228224" percent="0">
      <mem type="allocate" free="0" total="1966080" percent="0" />
      <mem type="survivor" free="0" total="262144" percent="0" />
    </mem>
    <mem type="tenure" free="4193379760" total="4201447424" percent="99">
      <mem type="soa" free="3983308208" total="3991375872" percent="99" />
      <mem type="loa" free="210071552" total="210071552" percent="100" />
    </mem>
    <remembered-set count="381" />
  </mem-info>
</gc-start>
<allocation-stats totalBytes="1835040" >
  <allocated-bytes non-tlh="32" tlh="1835008" />
  <largest-consumer threadName="node-15" threadId="0000000000BC1900" bytes="90120" />
</allocation-stats>
<gc-op id="576" type="scavenge" timems="1.473" contextid="573" timestamp="2019-08-11T07:38:38.883">
  <scavenger-info tenureage="2" tenuremask="4004" tiltratio="88" />
  <memory-copied type="nursery" objects="2484" bytes="60016" bytesdiscarded="52880" />
  <memory-copied type="tenure" objects="1088" bytes="26112" bytesdiscarded="0" />
</gc-op>
<gc-end id="577" type="scavenge" contextid="573" durationms="2.164" usertimems="1.520" systemtimems="1.540" timestamp="2019-08-11T07:38:38.883" activeThreads="16">
  <mem-info id="578" free="4195200688" total="4203675648" percent="99">
    <mem type="nursery" free="1853184" total="2228224" percent="83">
      <mem type="allocate" free="1853184" total="1966080" percent="94" />
      <mem type="survivor" free="0" total="262144" percent="0" />
    </mem>
    <mem type="tenure" free="4193347504" total="4201447424" percent="99" macro-fragmented="140211">
      <mem type="soa" free="3983275952" total="3991375872" percent="99" />
      <mem type="loa" free="210071552" total="210071552" percent="100" />
    </mem>
    <remembered-set count="295" />
  </mem-info>
</gc-end>
<cycle-end id="579" type="scavenge" contextid="573" timestamp="2019-08-11T07:38:38.884" />
  <attribute name="elasticGC enabled" value="1" />
  <attribute name= "numThreadsSpecified" value="16" />
  <attribute name="heapSize specified" value="8519680" />
  <attribute name="Current GC Util" value="0" />
  <attribute name= "Current Time Running" value="9721" />
  <attribute name ="GC Interval" value="200" />
  <attribute name="ProportionalT" value="-40.000000" />
  <attribute name="ProportionalI" value="-40.000000" />
  <attribute name="ProportionalH" value="-40.000000" />
  <attribute name="Current Error" value="-80.000000" />
  <attribute name="IntegralT" value="-15480.000000" />
  <attribute name="IntegralI" value="-15480.000000" />
  <attribute name="IntegralH" value="-15480.000000" />
  <attribute name="DerivativeT" value="-0.206718" />
  <attribute name="DerivativeI" value="-0.206718" />
  <attribute name="DerivativeH" value="-0.206718" />
  <attribute name="Loop Time for DT" value="387.000000" />
  <attribute name="Output H" value="4203675648"/>
  <attribute name="Output I" value="200"/>
  <attribute name="Output T" value="16"/>
  <attribute name="Target GC Util Change" value ="80.000000" />
  <attribute name="Current GC Util Change" value="0.000000"/>
  <attribute name="GC Util currently" value="0" />
  <attribute name="CPU Util currently" value="10" />
<allocation-satisfied id="580" threadId="0000000000BBDD00" bytesRequested="32" />
<af-end id="581" timestamp="2019-08-11T07:38:38.884" threadId="0000000000BBE688" success="true" from="nursery"/>
<exclusive-end id="582" timestamp="2019-08-11T07:38:38.884" durationms="2.425" />

<exclusive-start id="583" timestamp="2019-08-11T07:38:39.233" intervalms="351.888">
  <response-info timems="1.255" idlems="0.630" threads="1" lastid="0000000000B7DF00" lastname="node-2" />
</exclusive-start>
<af-start id="584" threadId="0000000000BC9A88" totalBytesRequested="16" timestamp="2019-08-11T07:38:39.233" intervalms="351.880" type="nursery" />
<cycle-start id="585" type="scavenge" contextid="0" timestamp="2019-08-11T07:38:39.233" intervalms="351.877" />
<gc-start id="586" type="scavenge" contextid="585" timestamp="2019-08-11T07:38:39.233">
  <mem-info id="587" free="4193347504" total="4203675648" percent="99">
    <mem type="nursery" free="0" total="2228224" percent="0">
      <mem type="allocate" free="0" total="1966080" percent="0" />
      <mem type="survivor" free="0" total="262144" percent="0" />
    </mem>
    <mem type="tenure" free="4193347504" total="4201447424" percent="99">
      <mem type="soa" free="3983275952" total="3991375872" percent="99" />
      <mem type="loa" free="210071552" total="210071552" percent="100" />
    </mem>
    <remembered-set count="382" />
  </mem-info>
</gc-start>
<allocation-stats totalBytes="1840936" >
  <allocated-bytes non-tlh="32" tlh="1840904" />
  <largest-consumer threadName="node-9" threadId="0000000000BC5500" bytes="90088" />
</allocation-stats>
<gc-op id="588" type="scavenge" timems="1.201" contextid="585" timestamp="2019-08-11T07:38:39.234">
  <scavenger-info tenureage="2" tenuremask="4004" tiltratio="88" />
  <memory-copied type="nursery" objects="2528" bytes="83216" bytesdiscarded="78064" />
  <memory-copied type="tenure" objects="984" bytes="23616" bytesdiscarded="0" />
</gc-op>
<gc-end id="589" type="scavenge" contextid="585" durationms="1.675" usertimems="1.358" systemtimems="1.369" timestamp="2019-08-11T07:38:39.235" activeThreads="16">
  <mem-info id="590" free="4195120048" total="4203675648" percent="99">
    <mem type="nursery" free="1804800" total="2228224" percent="80">
      <mem type="allocate" free="1804800" total="1966080" percent="91" />
      <mem type="survivor" free="0" total="262144" percent="0" />
    </mem>
    <mem type="tenure" free="4193315248" total="4201447424" percent="99" macro-fragmented="418667">
      <mem type="soa" free="3983243696" total="3991375872" percent="99" />
      <mem type="loa" free="210071552" total="210071552" percent="100" />
    </mem>
    <remembered-set count="297" />
  </mem-info>
</gc-end>
<cycle-end id="591" type="scavenge" contextid="585" timestamp="2019-08-11T07:38:39.235" />
  <attribute name="elasticGC enabled" value="1" />
  <attribute name= "numThreadsSpecified" value="16" />
  <attribute name="heapSize specified" value="8519680" />
  <attribute name="Current GC Util" value="0" />
  <attribute name= "Current Time Running" value="10072" />
  <attribute name ="GC Interval" value="200" />
  <attribute name="ProportionalT" value="-40.000000" />
  <attribute name="ProportionalI" value="-40.000000" />
  <attribute name="ProportionalH" value="-40.000000" />
  <attribute name="Current Error" value="-80.000000" />
  <attribute name="IntegralT" value="-14040.000000" />
  <attribute name="IntegralI" value="-14040.000000" />
  <attribute name="IntegralH" value="-14040.000000" />
  <attribute name="DerivativeT" value="-0.227920" />
  <attribute name="DerivativeI" value="-0.227920" />
  <attribute name="DerivativeH" value="-0.227920" />
  <attribute name="Loop Time for DT" value="351.000000" />
  <attribute name="Output H" value="4203675648"/>
  <attribute name="Output I" value="200"/>
  <attribute name="Output T" value="16"/>
  <attribute name="Target GC Util Change" value ="80.000000" />
  <attribute name="Current GC Util Change" value="0.000000"/>
  <attribute name="GC Util currently" value="0" />
  <attribute name="CPU Util currently" value="9" />
<allocation-satisfied id="592" threadId="0000000000BC9100" bytesRequested="16" />
<af-end id="593" timestamp="2019-08-11T07:38:39.235" threadId="0000000000BC9A88" success="true" from="nursery"/>
<exclusive-end id="594" timestamp="2019-08-11T07:38:39.235" durationms="1.866" />

<exclusive-start id="595" timestamp="2019-08-11T07:38:39.496" intervalms="262.746">
  <response-info timems="0.059" idlems="0.059" threads="0" lastid="0000000000BAE900" lastname="node-20" />
</exclusive-start>
<af-start id="596" threadId="0000000000BAF288" totalBytesRequested="32" timestamp="2019-08-11T07:38:39.496" intervalms="262.746" type="nursery" />
<cycle-start id="597" type="scavenge" contextid="0" timestamp="2019-08-11T07:38:39.496" intervalms="262.747" />
<gc-start id="598" type="scavenge" contextid="597" timestamp="2019-08-11T07:38:39.496">
  <mem-info id="599" free="4193315248" total="4203675648" percent="99">
    <mem type="nursery" free="0" total="2228224" percent="0">
      <mem type="allocate" free="0" total="1966080" percent="0" />
      <mem type="survivor" free="0" total="262144" percent="0" />
    </mem>
    <mem type="tenure" free="4193315248" total="4201447424" percent="99">
      <mem type="soa" free="3983243696" total="3991375872" percent="99" />
      <mem type="loa" free="210071552" total="210071552" percent="100" />
    </mem>
    <remembered-set count="379" />
  </mem-info>
</gc-start>
<allocation-stats totalBytes="1803384" >
  <allocated-bytes non-tlh="16" tlh="1803368" />
  <largest-consumer threadName="node-14" threadId="0000000000BC9100" bytes="90104" />
</allocation-stats>
<gc-op id="600" type="scavenge" timems="1.400" contextid="597" timestamp="2019-08-11T07:38:39.497">
  <scavenger-info tenureage="2" tenuremask="4004" tiltratio="88" />
  <memory-copied type="nursery" objects="1856" bytes="43624" bytesdiscarded="20888" />
  <memory-copied type="tenure" objects="1377" bytes="33048" bytesdiscarded="0" />
</gc-op>
<gc-end id="601" type="scavenge" contextid="597" durationms="1.952" usertimems="1.383" systemtimems="1.398" timestamp="2019-08-11T07:38:39.498" activeThreads="16">
  <mem-info id="602" free="4195168432" total="4203675648" percent="99">
    <mem type="nursery" free="1901568" total="2228224" percent="85">
      <mem type="allocate" free="1901568" total="1966080" percent="96" />
      <mem type="survivor" free="0" total="262144" percent="0" />
    </mem>
    <mem type="tenure" free="4193266864" total="4201447424" percent="99" macro-fragmented="348889">
      <mem type="soa" free="3983195312" total="3991375872" percent="99" />
      <mem type="loa" free="210071552" total="210071552" percent="100" />
    </mem>
    <remembered-set count="289" />
  </mem-info>
</gc-end>
<cycle-end id="603" type="scavenge" contextid="597" timestamp="2019-08-11T07:38:39.498" />
  <attribute name="elasticGC enabled" value="1" />
  <attribute name= "numThreadsSpecified" value="16" />
  <attribute name="heapSize specified" value="8519680" />
  <attribute name="Current GC Util" value="1" />
  <attribute name= "Current Time Running" value="10335" />
  <attribute name ="GC Interval" value="200" />
  <attribute name="ProportionalT" value="-39.500000" />
  <attribute name="ProportionalI" value="-39.500000" />
  <attribute name="ProportionalH" value="-39.500000" />
  <attribute name="Current Error" value="-79.000000" />
  <attribute name="IntegralT" value="-10388.500000" />
  <attribute name="IntegralI" value="-10388.500000" />
  <attribute name="IntegralH" value="-10388.500000" />
  <attribute name="DerivativeT" value="-0.300380" />
  <attribute name="DerivativeI" value="-0.300380" />
  <attribute name="DerivativeH" value="-0.300380" />
  <attribute name="Loop Time for DT" value="263.000000" />
  <attribute name="Output H" value="4203675648"/>
  <attribute name="Output I" value="200"/>
  <attribute name="Output T" value="16"/>
  <attribute name="Target GC Util Change" value ="80.000000" />
  <attribute name="Current GC Util Change" value="1.000000"/>
  <attribute name="GC Util currently" value="1" />
  <attribute name="CPU Util currently" value="7" />
<allocation-satisfied id="604" threadId="0000000000BAE900" bytesRequested="32" />
<af-end id="605" timestamp="2019-08-11T07:38:39.498" threadId="0000000000BAF288" success="true" from="nursery"/>
<exclusive-end id="606" timestamp="2019-08-11T07:38:39.498" durationms="2.187" />

<exclusive-start id="607" timestamp="2019-08-11T07:38:39.867" intervalms="371.296">
  <response-info timems="0.024" idlems="0.024" threads="0" lastid="0000000000B9BE00" lastname="node-4" />
</exclusive-start>
<af-start id="608" threadId="0000000000B9C788" totalBytesRequested="16" timestamp="2019-08-11T07:38:39.867" intervalms="371.299" type="nursery" />
<cycle-start id="609" type="scavenge" contextid="0" timestamp="2019-08-11T07:38:39.867" intervalms="371.297" />
<gc-start id="610" type="scavenge" contextid="609" timestamp="2019-08-11T07:38:39.867">
  <mem-info id="611" free="4193266864" total="4203675648" percent="99">
    <mem type="nursery" free="0" total="2228224" percent="0">
      <mem type="allocate" free="0" total="1966080" percent="0" />
      <mem type="survivor" free="0" total="262144" percent="0" />
    </mem>
    <mem type="tenure" free="4193266864" total="4201447424" percent="99">
      <mem type="soa" free="3983195312" total="3991375872" percent="99" />
      <mem type="loa" free="210071552" total="210071552" percent="100" />
    </mem>
    <remembered-set count="379" />
  </mem-info>
</gc-start>
<allocation-stats totalBytes="1898256" >
  <allocated-bytes non-tlh="32" tlh="1898224" />
  <largest-consumer threadName="node-20" threadId="0000000000BAE900" bytes="90136" />
</allocation-stats>
<gc-op id="612" type="scavenge" timems="2.015" contextid="609" timestamp="2019-08-11T07:38:39.869">
  <scavenger-info tenureage="2" tenuremask="4004" tiltratio="88" />
  <memory-copied type="nursery" objects="1999" bytes="63392" bytesdiscarded="33376" />
  <memory-copied type="tenure" objects="967" bytes="23208" bytesdiscarded="16" />
</gc-op>
<gc-end id="613" type="scavenge" contextid="609" durationms="2.484" usertimems="4.593" systemtimems="1.995" timestamp="2019-08-11T07:38:39.870" activeThreads="16">
  <mem-info id="614" free="4195096240" total="4203675648" percent="99">
    <mem type="nursery" free="1869312" total="2228224" percent="83">
      <mem type="allocate" free="1869312" total="1966080" percent="95" />
      <mem type="survivor" free="0" total="262144" percent="0" />
    </mem>
    <mem type="tenure" free="4193226928" total="4201447424" percent="99" macro-fragmented="67617">
      <mem type="soa" free="3983155376" total="3991375872" percent="99" />
      <mem type="loa" free="210071552" total="210071552" percent="100" />
    </mem>
    <remembered-set count="292" />
  </mem-info>
</gc-end>
<cycle-end id="615" type="scavenge" contextid="609" timestamp="2019-08-11T07:38:39.870" />
  <attribute name="elasticGC enabled" value="1" />
  <attribute name= "numThreadsSpecified" value="16" />
  <attribute name="heapSize specified" value="8519680" />
  <attribute name="Current GC Util" value="0" />
  <attribute name= "Current Time Running" value="10706" />
  <attribute name ="GC Interval" value="200" />
  <attribute name="ProportionalT" value="-40.000000" />
  <attribute name="ProportionalI" value="-40.000000" />
  <attribute name="ProportionalH" value="-40.000000" />
  <attribute name="Current Error" value="-80.000000" />
  <attribute name="IntegralT" value="-14840.000000" />
  <attribute name="IntegralI" value="-14840.000000" />
  <attribute name="IntegralH" value="-14840.000000" />
  <attribute name="DerivativeT" value="-0.215633" />
  <attribute name="DerivativeI" value="-0.215633" />
  <attribute name="DerivativeH" value="-0.215633" />
  <attribute name="Loop Time for DT" value="371.000000" />
  <attribute name="Output H" value="4203675648"/>
  <attribute name="Output I" value="200"/>
  <attribute name="Output T" value="16"/>
  <attribute name="Target GC Util Change" value ="80.000000" />
  <attribute name="Current GC Util Change" value="0.000000"/>
  <attribute name="GC Util currently" value="0" />
  <attribute name="CPU Util currently" value="9" />
<allocation-satisfied id="616" threadId="0000000000B9BE00" bytesRequested="16" />
<af-end id="617" timestamp="2019-08-11T07:38:39.870" threadId="0000000000B9C788" success="true" from="nursery"/>
<exclusive-end id="618" timestamp="2019-08-11T07:38:39.870" durationms="2.769" />

<exclusive-start id="619" timestamp="2019-08-11T07:38:40.268" intervalms="400.438">
  <response-info timems="0.230" idlems="0.117" threads="1" lastid="0000000000BAAD00" lastname="node-16" />
</exclusive-start>
<af-start id="620" threadId="0000000000B8D788" totalBytesRequested="368" timestamp="2019-08-11T07:38:40.268" intervalms="400.447" type="nursery" />
<cycle-start id="621" type="scavenge" contextid="0" timestamp="2019-08-11T07:38:40.268" intervalms="400.456" />
<gc-start id="622" type="scavenge" contextid="621" timestamp="2019-08-11T07:38:40.268">
  <mem-info id="623" free="4193226928" total="4203675648" percent="99">
    <mem type="nursery" free="0" total="2228224" percent="0">
      <mem type="allocate" free="0" total="1966080" percent="0" />
      <mem type="survivor" free="0" total="262144" percent="0" />
    </mem>
    <mem type="tenure" free="4193226928" total="4201447424" percent="99">
      <mem type="soa" free="3983155376" total="3991375872" percent="99" />
      <mem type="loa" free="210071552" total="210071552" percent="100" />
    </mem>
    <remembered-set count="381" />
  </mem-info>
</gc-start>
<allocation-stats totalBytes="1867424" >
  <allocated-bytes non-tlh="16" tlh="1867408" />
  <largest-consumer threadName="node-7" threadId="0000000000B67700" bytes="90104" />
</allocation-stats>
<gc-op id="624" type="scavenge" timems="1.525" contextid="621" timestamp="2019-08-11T07:38:40.269">
  <scavenger-info tenureage="2" tenuremask="4004" tiltratio="88" />
  <memory-copied type="nursery" objects="2293" bytes="63352" bytesdiscarded="81800" />
  <memory-copied type="tenure" objects="774" bytes="18576" bytesdiscarded="0" />
</gc-op>
<gc-end id="625" type="scavenge" contextid="621" durationms="1.991" usertimems="3.049" systemtimems="1.663" timestamp="2019-08-11T07:38:40.270" activeThreads="16">
  <mem-info id="626" free="4195031728" total="4203675648" percent="99">
    <mem type="nursery" free="1820928" total="2228224" percent="81">
      <mem type="allocate" free="1820928" total="1966080" percent="92" />
      <mem type="survivor" free="0" total="262144" percent="0" />
    </mem>
    <mem type="tenure" free="4193210800" total="4201447424" percent="99" macro-fragmented="602881">
      <mem type="soa" free="3983139248" total="3991375872" percent="99" />
      <mem type="loa" free="210071552" total="210071552" percent="100" />
    </mem>
    <remembered-set count="297" />
  </mem-info>
</gc-end>
<cycle-end id="627" type="scavenge" contextid="621" timestamp="2019-08-11T07:38:40.270" />
  <attribute name="elasticGC enabled" value="1" />
  <attribute name= "numThreadsSpecified" value="16" />
  <attribute name="heapSize specified" value="8519680" />
  <attribute name="Current GC Util" value="1" />
  <attribute name= "Current Time Running" value="11107" />
  <attribute name ="GC Interval" value="200" />
  <attribute name="ProportionalT" value="-39.500000" />
  <attribute name="ProportionalI" value="-39.500000" />
  <attribute name="ProportionalH" value="-39.500000" />
  <attribute name="Current Error" value="-79.000000" />
  <attribute name="IntegralT" value="-15839.500000" />
  <attribute name="IntegralI" value="-15839.500000" />
  <attribute name="IntegralH" value="-15839.500000" />
  <attribute name="DerivativeT" value="-0.197007" />
  <attribute name="DerivativeI" value="-0.197007" />
  <attribute name="DerivativeH" value="-0.197007" />
  <attribute name="Loop Time for DT" value="401.000000" />
  <attribute name="Output H" value="4203675648"/>
  <attribute name="Output I" value="200"/>
  <attribute name="Output T" value="16"/>
  <attribute name="Target GC Util Change" value ="80.000000" />
  <attribute name="Current GC Util Change" value="1.000000"/>
  <attribute name="GC Util currently" value="1" />
  <attribute name="CPU Util currently" value="10" />
<allocation-satisfied id="628" threadId="0000000000B8CE00" bytesRequested="368" />
<af-end id="629" timestamp="2019-08-11T07:38:40.270" threadId="0000000000B8D788" success="true" from="nursery"/>
<exclusive-end id="630" timestamp="2019-08-11T07:38:40.270" durationms="2.230" />

<exclusive-start id="631" timestamp="2019-08-11T07:38:40.632" intervalms="364.589">
  <response-info timems="0.185" idlems="0.125" threads="2" lastid="0000000000B90A00" lastname="node-23" />
</exclusive-start>
<af-start id="632" threadId="0000000000B85F88" totalBytesRequested="368" timestamp="2019-08-11T07:38:40.632" intervalms="364.586" type="nursery" />
<cycle-start id="633" type="scavenge" contextid="0" timestamp="2019-08-11T07:38:40.632" intervalms="364.582" />
<gc-start id="634" type="scavenge" contextid="633" timestamp="2019-08-11T07:38:40.632">
  <mem-info id="635" free="4193210800" total="4203675648" percent="99">
    <mem type="nursery" free="0" total="2228224" percent="0">
      <mem type="allocate" free="0" total="1966080" percent="0" />
      <mem type="survivor" free="0" total="262144" percent="0" />
    </mem>
    <mem type="tenure" free="4193210800" total="4201447424" percent="99">
      <mem type="soa" free="3983139248" total="3991375872" percent="99" />
      <mem type="loa" free="210071552" total="210071552" percent="100" />
    </mem>
    <remembered-set count="383" />
  </mem-info>
</gc-start>
<allocation-stats totalBytes="1818080" >
  <allocated-bytes non-tlh="368" tlh="1817712" />
  <largest-consumer threadName="node-25" threadId="0000000000BBDD00" bytes="90096" />
</allocation-stats>
<gc-op id="636" type="scavenge" timems="1.328" contextid="633" timestamp="2019-08-11T07:38:40.634">
  <scavenger-info tenureage="2" tenuremask="4004" tiltratio="88" />
  <memory-copied type="nursery" objects="2337" bytes="67888" bytesdiscarded="77264" />
  <memory-copied type="tenure" objects="1046" bytes="25104" bytesdiscarded="0" />
</gc-op>
<gc-end id="637" type="scavenge" contextid="633" durationms="1.806" usertimems="2.949" systemtimems="1.527" timestamp="2019-08-11T07:38:40.634" activeThreads="16">
  <mem-info id="638" free="4194999472" total="4203675648" percent="99">
    <mem type="nursery" free="1820928" total="2228224" percent="81">
      <mem type="allocate" free="1820928" total="1966080" percent="92" />
      <mem type="survivor" free="0" total="262144" percent="0" />
    </mem>
    <mem type="tenure" free="4193178544" total="4201447424" percent="99" macro-fragmented="0">
      <mem type="soa" free="3983106992" total="3991375872" percent="99" />
      <mem type="loa" free="210071552" total="210071552" percent="100" />
    </mem>
    <remembered-set count="299" />
  </mem-info>
</gc-end>
<cycle-end id="639" type="scavenge" contextid="633" timestamp="2019-08-11T07:38:40.634" />
  <attribute name="elasticGC enabled" value="1" />
  <attribute name= "numThreadsSpecified" value="16" />
  <attribute name="heapSize specified" value="8519680" />
  <attribute name="Current GC Util" value="0" />
  <attribute name= "Current Time Running" value="11471" />
  <attribute name ="GC Interval" value="200" />
  <attribute name="ProportionalT" value="-40.000000" />
  <attribute name="ProportionalI" value="-40.000000" />
  <attribute name="ProportionalH" value="-40.000000" />
  <attribute name="Current Error" value="-80.000000" />
  <attribute name="IntegralT" value="-14560.000000" />
  <attribute name="IntegralI" value="-14560.000000" />
  <attribute name="IntegralH" value="-14560.000000" />
  <attribute name="DerivativeT" value="-0.219780" />
  <attribute name="DerivativeI" value="-0.219780" />
  <attribute name="DerivativeH" value="-0.219780" />
  <attribute name="Loop Time for DT" value="364.000000" />
  <attribute name="Output H" value="4203675648"/>
  <attribute name="Output I" value="200"/>
  <attribute name="Output T" value="16"/>
  <attribute name="Target GC Util Change" value ="80.000000" />
  <attribute name="Current GC Util Change" value="0.000000"/>
  <attribute name="GC Util currently" value="0" />
  <attribute name="CPU Util currently" value="7" />
<allocation-satisfied id="640" threadId="0000000000B85600" bytesRequested="368" />
<af-end id="641" timestamp="2019-08-11T07:38:40.634" threadId="0000000000B85F88" success="true" from="nursery"/>
<exclusive-end id="642" timestamp="2019-08-11T07:38:40.634" durationms="2.237" />

<exclusive-start id="643" timestamp="2019-08-11T07:38:41.016" intervalms="383.653">
  <response-info timems="0.344" idlems="0.344" threads="0" lastid="0000000000BC9100" lastname="node-14" />
</exclusive-start>
<af-start id="644" threadId="0000000000BC9A88" totalBytesRequested="720" timestamp="2019-08-11T07:38:41.016" intervalms="383.655" type="nursery" />
<cycle-start id="645" type="scavenge" contextid="0" timestamp="2019-08-11T07:38:41.016" intervalms="383.653" />
<gc-start id="646" type="scavenge" contextid="645" timestamp="2019-08-11T07:38:41.016">
  <mem-info id="647" free="4193178544" total="4203675648" percent="99">
    <mem type="nursery" free="0" total="2228224" percent="0">
      <mem type="allocate" free="0" total="1966080" percent="0" />
      <mem type="survivor" free="0" total="262144" percent="0" />
    </mem>
    <mem type="tenure" free="4193178544" total="4201447424" percent="99">
      <mem type="soa" free="3983106992" total="3991375872" percent="99" />
      <mem type="loa" free="210071552" total="210071552" percent="100" />
    </mem>
    <remembered-set count="386" />
  </mem-info>
</gc-start>
<allocation-stats totalBytes="1818864" >
  <allocated-bytes non-tlh="368" tlh="1818496" />
  <largest-consumer threadName="node-15" threadId="0000000000BC1900" bytes="90112" />
</allocation-stats>
<gc-op id="648" type="scavenge" timems="2.062" contextid="645" timestamp="2019-08-11T07:38:41.018">
  <scavenger-info tenureage="2" tenuremask="4004" tiltratio="88" />
  <memory-copied type="nursery" objects="2295" bytes="65128" bytesdiscarded="63896" />
  <memory-copied type="tenure" objects="1086" bytes="26064" bytesdiscarded="0" />
</gc-op>
<gc-end id="649" type="scavenge" contextid="645" durationms="2.627" usertimems="2.224" systemtimems="2.164" timestamp="2019-08-11T07:38:41.019" activeThreads="16">
  <mem-info id="650" free="4194983344" total="4203675648" percent="99">
    <mem type="nursery" free="1837056" total="2228224" percent="82">
      <mem type="allocate" free="1837056" total="1966080" percent="93" />
      <mem type="survivor" free="0" total="262144" percent="0" />
    </mem>
    <mem type="tenure" free="4193146288" total="4201447424" percent="99" macro-fragmented="0">
      <mem type="soa" free="3983074736" total="3991375872" percent="99" />
      <mem type="loa" free="210071552" total="210071552" percent="100" />
    </mem>
    <remembered-set count="298" />
  </mem-info>
</gc-end>
<cycle-end id="651" type="scavenge" contextid="645" timestamp="2019-08-11T07:38:41.019" />
  <attribute name="elasticGC enabled" value="1" />
  <attribute name= "numThreadsSpecified" value="16" />
  <attribute name="heapSize specified" value="8519680" />
  <attribute name="Current GC Util" value="1" />
  <attribute name= "Current Time Running" value="11855" />
  <attribute name ="GC Interval" value="200" />
  <attribute name="ProportionalT" value="-39.500000" />
  <attribute name="ProportionalI" value="-39.500000" />
  <attribute name="ProportionalH" value="-39.500000" />
  <attribute name="Current Error" value="-79.000000" />
  <attribute name="IntegralT" value="-15168.000000" />
  <attribute name="IntegralI" value="-15168.000000" />
  <attribute name="IntegralH" value="-15168.000000" />
  <attribute name="DerivativeT" value="-0.205729" />
  <attribute name="DerivativeI" value="-0.205729" />
  <attribute name="DerivativeH" value="-0.205729" />
  <attribute name="Loop Time for DT" value="384.000000" />
  <attribute name="Output H" value="4203675648"/>
  <attribute name="Output I" value="200"/>
  <attribute name="Output T" value="16"/>
  <attribute name="Target GC Util Change" value ="80.000000" />
  <attribute name="Current GC Util Change" value="1.000000"/>
  <attribute name="GC Util currently" value="1" />
  <attribute name="CPU Util currently" value="9" />
<allocation-satisfied id="652" threadId="0000000000BC9100" bytesRequested="720" />
<af-end id="653" timestamp="2019-08-11T07:38:41.019" threadId="0000000000BC9A88" success="true" from="nursery"/>
<exclusive-end id="654" timestamp="2019-08-11T07:38:41.019" durationms="2.837" />

<exclusive-start id="655" timestamp="2019-08-11T07:38:41.373" intervalms="357.007">
  <response-info timems="0.068" idlems="0.068" threads="0" lastid="0000000000B90A00" lastname="node-23" />
</exclusive-start>
<af-start id="656" threadId="0000000000B91388" totalBytesRequested="24" timestamp="2019-08-11T07:38:41.373" intervalms="357.009" type="nursery" />
<cycle-start id="657" type="scavenge" contextid="0" timestamp="2019-08-11T07:38:41.373" intervalms="357.013" />
<gc-start id="658" type="scavenge" contextid="657" timestamp="2019-08-11T07:38:41.373">
  <mem-info id="659" free="4193146288" total="4203675648" percent="99">
    <mem type="nursery" free="0" total="2228224" percent="0">
      <mem type="allocate" free="0" total="1966080" percent="0" />
      <mem type="survivor" free="0" total="262144" percent="0" />
    </mem>
    <mem type="tenure" free="4193146288" total="4201447424" percent="99">
      <mem type="soa" free="3983074736" total="3991375872" percent="99" />
      <mem type="loa" free="210071552" total="210071552" percent="100" />
    </mem>
    <remembered-set count="383" />
  </mem-info>
</gc-start>
<allocation-stats totalBytes="1835456" >
  <allocated-bytes non-tlh="720" tlh="1834736" />
  <largest-consumer threadName="node-15" threadId="0000000000BC1900" bytes="90096" />
</allocation-stats>
<gc-op id="660" type="scavenge" timems="1.862" contextid="657" timestamp="2019-08-11T07:38:41.375">
  <scavenger-info tenureage="2" tenuremask="4004" tiltratio="88" />
  <memory-copied type="nursery" objects="2108" bytes="52304" bytesdiscarded="76720" />
  <memory-copied type="tenure" objects="1079" bytes="25896" bytesdiscarded="0" />
</gc-op>
<gc-end id="661" type="scavenge" contextid="657" durationms="2.363" usertimems="5.844" systemtimems="3.437" timestamp="2019-08-11T07:38:41.375" activeThreads="16">
  <mem-info id="662" free="4194951088" total="4203675648" percent="99">
    <mem type="nursery" free="1837056" total="2228224" percent="82">
      <mem type="allocate" free="1837056" total="1966080" percent="93" />
      <mem type="survivor" free="0" total="262144" percent="0" />
    </mem>
    <mem type="tenure" free="4193114032" total="4201447424" percent="99" macro-fragmented="868149">
      <mem type="soa" free="3983042480" total="3991375872" percent="99" />
      <mem type="loa" free="210071552" total="210071552" percent="100" />
    </mem>
    <remembered-set count="317" />
  </mem-info>
</gc-end>
<cycle-end id="663" type="scavenge" contextid="657" timestamp="2019-08-11T07:38:41.375" />
  <attribute name="elasticGC enabled" value="1" />
  <attribute name= "numThreadsSpecified" value="16" />
  <attribute name="heapSize specified" value="8519680" />
  <attribute name="Current GC Util" value="0" />
  <attribute name= "Current Time Running" value="12212" />
  <attribute name ="GC Interval" value="200" />
  <attribute name="ProportionalT" value="-40.000000" />
  <attribute name="ProportionalI" value="-40.000000" />
  <attribute name="ProportionalH" value="-40.000000" />
  <attribute name="Current Error" value="-80.000000" />
  <attribute name="IntegralT" value="-14280.000000" />
  <attribute name="IntegralI" value="-14280.000000" />
  <attribute name="IntegralH" value="-14280.000000" />
  <attribute name="DerivativeT" value="-0.224090" />
  <attribute name="DerivativeI" value="-0.224090" />
  <attribute name="DerivativeH" value="-0.224090" />
  <attribute name="Loop Time for DT" value="357.000000" />
  <attribute name="Output H" value="4203675648"/>
  <attribute name="Output I" value="200"/>
  <attribute name="Output T" value="16"/>
  <attribute name="Target GC Util Change" value ="80.000000" />
  <attribute name="Current GC Util Change" value="0.000000"/>
  <attribute name="GC Util currently" value="0" />
  <attribute name="CPU Util currently" value="8" />
<allocation-satisfied id="664" threadId="0000000000B90A00" bytesRequested="24" />
<af-end id="665" timestamp="2019-08-11T07:38:41.375" threadId="0000000000B91388" success="true" from="nursery"/>
<exclusive-end id="666" timestamp="2019-08-11T07:38:41.375" durationms="2.607" />

<exclusive-start id="667" timestamp="2019-08-11T07:38:41.773" intervalms="399.764">
  <response-info timems="0.040" idlems="0.040" threads="0" lastid="0000000000B6B300" lastname="node-1" />
</exclusive-start>
<af-start id="668" threadId="0000000000B6BC88" totalBytesRequested="32" timestamp="2019-08-11T07:38:41.773" intervalms="399.753" type="nursery" />
<cycle-start id="669" type="scavenge" contextid="0" timestamp="2019-08-11T07:38:41.773" intervalms="399.755" />
<gc-start id="670" type="scavenge" contextid="669" timestamp="2019-08-11T07:38:41.773">
  <mem-info id="671" free="4193114032" total="4203675648" percent="99">
    <mem type="nursery" free="0" total="2228224" percent="0">
      <mem type="allocate" free="0" total="1966080" percent="0" />
      <mem type="survivor" free="0" total="262144" percent="0" />
    </mem>
    <mem type="tenure" free="4193114032" total="4201447424" percent="99">
      <mem type="soa" free="3983042480" total="3991375872" percent="99" />
      <mem type="loa" free="210071552" total="210071552" percent="100" />
    </mem>
    <remembered-set count="381" />
  </mem-info>
</gc-start>
<allocation-stats totalBytes="1835984" >
  <allocated-bytes non-tlh="24" tlh="1835960" />
  <largest-consumer threadName="node-9" threadId="0000000000BC5500" bytes="90104" />
</allocation-stats>
<gc-op id="672" type="scavenge" timems="1.293" contextid="669" timestamp="2019-08-11T07:38:41.774">
  <scavenger-info tenureage="2" tenuremask="4004" tiltratio="88" />
  <memory-copied type="nursery" objects="2133" bytes="50272" bytesdiscarded="46496" />
  <memory-copied type="tenure" objects="1048" bytes="25152" bytesdiscarded="0" />
</gc-op>
<gc-end id="673" type="scavenge" contextid="669" durationms="1.906" usertimems="3.592" systemtimems="3.542" timestamp="2019-08-11T07:38:41.775" activeThreads="16">
  <mem-info id="674" free="4194951088" total="4203675648" percent="99">
    <mem type="nursery" free="1869312" total="2228224" percent="83">
      <mem type="allocate" free="1869312" total="1966080" percent="95" />
      <mem type="survivor" free="0" total="262144" percent="0" />
    </mem>
    <mem type="tenure" free="4193081776" total="4201447424" percent="99" macro-fragmented="1500163">
      <mem type="soa" free="3983010224" total="3991375872" percent="99" />
      <mem type="loa" free="210071552" total="210071552" percent="100" />
    </mem>
    <remembered-set count="293" />
  </mem-info>
</gc-end>
<cycle-end id="675" type="scavenge" contextid="669" timestamp="2019-08-11T07:38:41.775" />
  <attribute name="elasticGC enabled" value="1" />
  <attribute name= "numThreadsSpecified" value="16" />
  <attribute name="heapSize specified" value="8519680" />
  <attribute name="Current GC Util" value="0" />
  <attribute name= "Current Time Running" value="12612" />
  <attribute name ="GC Interval" value="200" />
  <attribute name="ProportionalT" value="-40.000000" />
  <attribute name="ProportionalI" value="-40.000000" />
  <attribute name="ProportionalH" value="-40.000000" />
  <attribute name="Current Error" value="-80.000000" />
  <attribute name="IntegralT" value="-16000.000000" />
  <attribute name="IntegralI" value="-16000.000000" />
  <attribute name="IntegralH" value="-16000.000000" />
  <attribute name="DerivativeT" value="-0.200000" />
  <attribute name="DerivativeI" value="-0.200000" />
  <attribute name="DerivativeH" value="-0.200000" />
  <attribute name="Loop Time for DT" value="400.000000" />
  <attribute name="Output H" value="4203675648"/>
  <attribute name="Output I" value="200"/>
  <attribute name="Output T" value="16"/>
  <attribute name="Target GC Util Change" value ="80.000000" />
  <attribute name="Current GC Util Change" value="0.000000"/>
  <attribute name="GC Util currently" value="0" />
  <attribute name="CPU Util currently" value="10" />
<allocation-satisfied id="676" threadId="0000000000B6B300" bytesRequested="32" />
<af-end id="677" timestamp="2019-08-11T07:38:41.775" threadId="0000000000B6BC88" success="true" from="nursery"/>
<exclusive-end id="678" timestamp="2019-08-11T07:38:41.775" durationms="2.784" />

<exclusive-start id="679" timestamp="2019-08-11T07:38:42.199" intervalms="425.973">
  <response-info timems="0.115" idlems="0.115" threads="0" lastid="0000000000B72B00" lastname="node-12" />
</exclusive-start>
<af-start id="680" threadId="0000000000B73488" totalBytesRequested="24" timestamp="2019-08-11T07:38:42.199" intervalms="425.979" type="nursery" />
<cycle-start id="681" type="scavenge" contextid="0" timestamp="2019-08-11T07:38:42.199" intervalms="426.102" />
<gc-start id="682" type="scavenge" contextid="681" timestamp="2019-08-11T07:38:42.199">
  <mem-info id="683" free="4193081776" total="4203675648" percent="99">
    <mem type="nursery" free="0" total="2228224" percent="0">
      <mem type="allocate" free="0" total="1966080" percent="0" />
      <mem type="survivor" free="0" total="262144" percent="0" />
    </mem>
    <mem type="tenure" free="4193081776" total="4201447424" percent="99">
      <mem type="soa" free="3983010224" total="3991375872" percent="99" />
      <mem type="loa" free="210071552" total="210071552" percent="100" />
    </mem>
    <remembered-set count="384" />
  </mem-info>
</gc-start>
<allocation-stats totalBytes="1865280" >
  <allocated-bytes non-tlh="32" tlh="1865248" />
  <largest-consumer threadName="node-8" threadId="0000000000B76700" bytes="90104" />
</allocation-stats>
<gc-op id="684" type="scavenge" timems="1.092" contextid="681" timestamp="2019-08-11T07:38:42.200">
  <scavenger-info tenureage="2" tenuremask="4004" tiltratio="88" />
  <memory-copied type="nursery" objects="2477" bytes="61160" bytesdiscarded="67864" />
  <memory-copied type="tenure" objects="920" bytes="22080" bytesdiscarded="0" />
</gc-op>
<gc-end id="685" type="scavenge" contextid="681" durationms="1.655" usertimems="0.688" systemtimems="2.111" timestamp="2019-08-11T07:38:42.200" activeThreads="16">
  <mem-info id="686" free="4194886576" total="4203675648" percent="99">
    <mem type="nursery" free="1837056" total="2228224" percent="82">
      <mem type="allocate" free="1837056" total="1966080" percent="93" />
      <mem type="survivor" free="0" total="262144" percent="0" />
    </mem>
    <mem type="tenure" free="4193049520" total="4201447424" percent="99" macro-fragmented="2160235">
      <mem type="soa" free="3982977968" total="3991375872" percent="99" />
      <mem type="loa" free="210071552" total="210071552" percent="100" />
    </mem>
    <remembered-set count="319" />
  </mem-info>
</gc-end>
<cycle-end id="687" type="scavenge" contextid="681" timestamp="2019-08-11T07:38:42.201" />
  <attribute name="elasticGC enabled" value="1" />
  <attribute name= "numThreadsSpecified" value="16" />
  <attribute name="heapSize specified" value="8519680" />
  <attribute name="Current GC Util" value="0" />
  <attribute name= "Current Time Running" value="13038" />
  <attribute name ="GC Interval" value="200" />
  <attribute name="ProportionalT" value="-40.000000" />
  <attribute name="ProportionalI" value="-40.000000" />
  <attribute name="ProportionalH" value="-40.000000" />
  <attribute name="Current Error" value="-80.000000" />
  <attribute name="IntegralT" value="-17040.000000" />
  <attribute name="IntegralI" value="-17040.000000" />
  <attribute name="IntegralH" value="-17040.000000" />
  <attribute name="DerivativeT" value="-0.187793" />
  <attribute name="DerivativeI" value="-0.187793" />
  <attribute name="DerivativeH" value="-0.187793" />
  <attribute name="Loop Time for DT" value="426.000000" />
  <attribute name="Output H" value="4203675648"/>
  <attribute name="Output I" value="200"/>
  <attribute name="Output T" value="16"/>
  <attribute name="Target GC Util Change" value ="80.000000" />
  <attribute name="Current GC Util Change" value="0.000000"/>
  <attribute name="GC Util currently" value="0" />
  <attribute name="CPU Util currently" value="11" />
<allocation-satisfied id="688" threadId="0000000000B72B00" bytesRequested="24" />
<af-end id="689" timestamp="2019-08-11T07:38:42.201" threadId="0000000000B73488" success="true" from="nursery"/>
<exclusive-end id="690" timestamp="2019-08-11T07:38:42.201" durationms="2.916" />

<exclusive-start id="691" timestamp="2019-08-11T07:38:42.586" intervalms="387.091">
  <response-info timems="1.117" idlems="1.117" threads="0" lastid="0000000000B81B00" lastname="node-19" />
</exclusive-start>
<af-start id="692" threadId="0000000000B82488" totalBytesRequested="24" timestamp="2019-08-11T07:38:42.586" intervalms="387.082" type="nursery" />
<cycle-start id="693" type="scavenge" contextid="0" timestamp="2019-08-11T07:38:42.586" intervalms="386.950" />
<gc-start id="694" type="scavenge" contextid="693" timestamp="2019-08-11T07:38:42.586">
  <mem-info id="695" free="4193049520" total="4203675648" percent="99">
    <mem type="nursery" free="0" total="2228224" percent="0">
      <mem type="allocate" free="0" total="1966080" percent="0" />
      <mem type="survivor" free="0" total="262144" percent="0" />
    </mem>
    <mem type="tenure" free="4193049520" total="4201447424" percent="99">
      <mem type="soa" free="3982977968" total="3991375872" percent="99" />
      <mem type="loa" free="210071552" total="210071552" percent="100" />
    </mem>
    <remembered-set count="387" />
  </mem-info>
</gc-start>
<allocation-stats totalBytes="1831544" >
  <allocated-bytes non-tlh="24" tlh="1831520" />
  <largest-consumer threadName="node-8" threadId="0000000000B76700" bytes="90112" />
</allocation-stats>
<gc-op id="696" type="scavenge" timems="1.037" contextid="693" timestamp="2019-08-11T07:38:42.587">
  <scavenger-info tenureage="2" tenuremask="4004" tiltratio="88" />
  <memory-copied type="nursery" objects="2637" bytes="65000" bytesdiscarded="80152" />
  <memory-copied type="tenure" objects="1098" bytes="26352" bytesdiscarded="0" />
</gc-op>
<gc-end id="697" type="scavenge" contextid="693" durationms="1.557" usertimems="1.198" systemtimems="1.180" timestamp="2019-08-11T07:38:42.587" activeThreads="16">
  <mem-info id="698" free="4194838192" total="4203675648" percent="99">
    <mem type="nursery" free="1820928" total="2228224" percent="81">
      <mem type="allocate" free="1820928" total="1966080" percent="92" />
      <mem type="survivor" free="0" total="262144" percent="0" />
    </mem>
    <mem type="tenure" free="4193017264" total="4201447424" percent="99" macro-fragmented="348889">
      <mem type="soa" free="3982945712" total="3991375872" percent="99" />
      <mem type="loa" free="210071552" total="210071552" percent="100" />
    </mem>
    <remembered-set count="319" />
  </mem-info>
</gc-end>
<cycle-end id="699" type="scavenge" contextid="693" timestamp="2019-08-11T07:38:42.588" />
  <attribute name="elasticGC enabled" value="1" />
  <attribute name= "numThreadsSpecified" value="16" />
  <attribute name="heapSize specified" value="8519680" />
  <attribute name="Current GC Util" value="0" />
  <attribute name= "Current Time Running" value="13425" />
  <attribute name ="GC Interval" value="200" />
  <attribute name="ProportionalT" value="-40.000000" />
  <attribute name="ProportionalI" value="-40.000000" />
  <attribute name="ProportionalH" value="-40.000000" />
  <attribute name="Current Error" value="-80.000000" />
  <attribute name="IntegralT" value="-15480.000000" />
  <attribute name="IntegralI" value="-15480.000000" />
  <attribute name="IntegralH" value="-15480.000000" />
  <attribute name="DerivativeT" value="-0.206718" />
  <attribute name="DerivativeI" value="-0.206718" />
  <attribute name="DerivativeH" value="-0.206718" />
  <attribute name="Loop Time for DT" value="387.000000" />
  <attribute name="Output H" value="4203675648"/>
  <attribute name="Output I" value="200"/>
  <attribute name="Output T" value="16"/>
  <attribute name="Target GC Util Change" value ="80.000000" />
  <attribute name="Current GC Util Change" value="0.000000"/>
  <attribute name="GC Util currently" value="0" />
  <attribute name="CPU Util currently" value="8" />
<allocation-satisfied id="700" threadId="0000000000B81B00" bytesRequested="24" />
<af-end id="701" timestamp="2019-08-11T07:38:42.588" threadId="0000000000B82488" success="true" from="nursery"/>
<exclusive-end id="702" timestamp="2019-08-11T07:38:42.588" durationms="2.021" />

<exclusive-start id="703" timestamp="2019-08-11T07:38:42.891" intervalms="305.547">
  <response-info timems="1.485" idlems="1.007" threads="1" lastid="0000000000B76700" lastname="node-8" />
</exclusive-start>
<af-start id="704" threadId="0000000000B85F88" totalBytesRequested="368" timestamp="2019-08-11T07:38:42.891" intervalms="305.553" type="nursery" />
<cycle-start id="705" type="scavenge" contextid="0" timestamp="2019-08-11T07:38:42.891" intervalms="305.553" />
<gc-start id="706" type="scavenge" contextid="705" timestamp="2019-08-11T07:38:42.891">
  <mem-info id="707" free="4193017264" total="4203675648" percent="99">
    <mem type="nursery" free="0" total="2228224" percent="0">
      <mem type="allocate" free="0" total="1966080" percent="0" />
      <mem type="survivor" free="0" total="262144" percent="0" />
    </mem>
    <mem type="tenure" free="4193017264" total="4201447424" percent="99">
      <mem type="soa" free="3982945712" total="3991375872" percent="99" />
      <mem type="loa" free="210071552" total="210071552" percent="100" />
    </mem>
    <remembered-set count="382" />
  </mem-info>
</gc-start>
<allocation-stats totalBytes="1819048" >
  <allocated-bytes non-tlh="24" tlh="1819024" />
  <largest-consumer threadName="node-4" threadId="0000000000B9BE00" bytes="90096" />
</allocation-stats>
<gc-op id="708" type="scavenge" timems="1.323" contextid="705" timestamp="2019-08-11T07:38:42.893">
  <scavenger-info tenureage="2" tenuremask="4004" tiltratio="88" />
  <memory-copied type="nursery" objects="2325" bytes="67144" bytesdiscarded="61880" />
  <memory-copied type="tenure" objects="1239" bytes="29736" bytesdiscarded="0" />
</gc-op>
<gc-end id="709" type="scavenge" contextid="705" durationms="1.839" usertimems="1.433" systemtimems="1.470" timestamp="2019-08-11T07:38:42.893" activeThreads="16">
  <mem-info id="710" free="4194822064" total="4203675648" percent="99">
    <mem type="nursery" free="1837056" total="2228224" percent="82">
      <mem type="allocate" free="1837056" total="1966080" percent="93" />
      <mem type="survivor" free="0" total="262144" percent="0" />
    </mem>
    <mem type="tenure" free="4192985008" total="4201447424" percent="99" macro-fragmented="207920">
      <mem type="soa" free="3982913456" total="3991375872" percent="99" />
      <mem type="loa" free="210071552" total="210071552" percent="100" />
    </mem>
    <remembered-set count="296" />
  </mem-info>
</gc-end>
<cycle-end id="711" type="scavenge" contextid="705" timestamp="2019-08-11T07:38:42.893" />
  <attribute name="elasticGC enabled" value="1" />
  <attribute name= "numThreadsSpecified" value="16" />
  <attribute name="heapSize specified" value="8519680" />
  <attribute name="Current GC Util" value="0" />
  <attribute name= "Current Time Running" value="13730" />
  <attribute name ="GC Interval" value="200" />
  <attribute name="ProportionalT" value="-40.000000" />
  <attribute name="ProportionalI" value="-40.000000" />
  <attribute name="ProportionalH" value="-40.000000" />
  <attribute name="Current Error" value="-80.000000" />
  <attribute name="IntegralT" value="-12200.000000" />
  <attribute name="IntegralI" value="-12200.000000" />
  <attribute name="IntegralH" value="-12200.000000" />
  <attribute name="DerivativeT" value="-0.262295" />
  <attribute name="DerivativeI" value="-0.262295" />
  <attribute name="DerivativeH" value="-0.262295" />
  <attribute name="Loop Time for DT" value="305.000000" />
  <attribute name="Output H" value="4203675648"/>
  <attribute name="Output I" value="200"/>
  <attribute name="Output T" value="16"/>
  <attribute name="Target GC Util Change" value ="80.000000" />
  <attribute name="Current GC Util Change" value="0.000000"/>
  <attribute name="GC Util currently" value="0" />
  <attribute name="CPU Util currently" value="7" />
<allocation-satisfied id="712" threadId="0000000000B85600" bytesRequested="368" />
<af-end id="713" timestamp="2019-08-11T07:38:42.893" threadId="0000000000B85F88" success="true" from="nursery"/>
<exclusive-end id="714" timestamp="2019-08-11T07:38:42.893" durationms="2.053" />

<exclusive-start id="715" timestamp="2019-08-11T07:38:43.307" intervalms="415.490">
  <response-info timems="0.160" idlems="0.160" threads="0" lastid="0000000000BC1900" lastname="node-15" />
</exclusive-start>
<af-start id="716" threadId="0000000000BC2288" totalBytesRequested="32" timestamp="2019-08-11T07:38:43.307" intervalms="415.484" type="nursery" />
<cycle-start id="717" type="scavenge" contextid="0" timestamp="2019-08-11T07:38:43.307" intervalms="415.703" />
<gc-start id="718" type="scavenge" contextid="717" timestamp="2019-08-11T07:38:43.307">
  <mem-info id="719" free="4192985008" total="4203675648" percent="99">
    <mem type="nursery" free="0" total="2228224" percent="0">
      <mem type="allocate" free="0" total="1966080" percent="0" />
      <mem type="survivor" free="0" total="262144" percent="0" />
    </mem>
    <mem type="tenure" free="4192985008" total="4201447424" percent="99">
      <mem type="soa" free="3982913456" total="3991375872" percent="99" />
      <mem type="loa" free="210071552" total="210071552" percent="100" />
    </mem>
    <remembered-set count="386" />
  </mem-info>
</gc-start>
<allocation-stats totalBytes="1835216" >
  <allocated-bytes non-tlh="368" tlh="1834848" />
  <largest-consumer threadName="node-21" threadId="0000000000B85600" bytes="90384" />
</allocation-stats>
<gc-op id="720" type="scavenge" timems="1.398" contextid="717" timestamp="2019-08-11T07:38:43.308">
  <scavenger-info tenureage="2" tenuremask="4004" tiltratio="88" />
  <memory-copied type="nursery" objects="2212" bytes="54800" bytesdiscarded="74224" />
  <memory-copied type="tenure" objects="1257" bytes="30168" bytesdiscarded="0" />
</gc-op>
<gc-end id="721" type="scavenge" contextid="717" durationms="1.861" usertimems="0.914" systemtimems="3.382" timestamp="2019-08-11T07:38:43.309" activeThreads="16">
  <mem-info id="722" free="4194789808" total="4203675648" percent="99">
    <mem type="nursery" free="1837056" total="2228224" percent="82">
      <mem type="allocate" free="1837056" total="1966080" percent="93" />
      <mem type="survivor" free="0" total="262144" percent="0" />
    </mem>
    <mem type="tenure" free="4192952752" total="4201447424" percent="99" macro-fragmented="0">
      <mem type="soa" free="3982881200" total="3991375872" percent="99" />
      <mem type="loa" free="210071552" total="210071552" percent="100" />
    </mem>
    <remembered-set count="317" />
  </mem-info>
</gc-end>
<cycle-end id="723" type="scavenge" contextid="717" timestamp="2019-08-11T07:38:43.309" />
  <attribute name="elasticGC enabled" value="1" />
  <attribute name= "numThreadsSpecified" value="16" />
  <attribute name="heapSize specified" value="8519680" />
  <attribute name="Current GC Util" value="0" />
  <attribute name= "Current Time Running" value="14146" />
  <attribute name ="GC Interval" value="200" />
  <attribute name="ProportionalT" value="-40.000000" />
  <attribute name="ProportionalI" value="-40.000000" />
  <attribute name="ProportionalH" value="-40.000000" />
  <attribute name="Current Error" value="-80.000000" />
  <attribute name="IntegralT" value="-16640.000000" />
  <attribute name="IntegralI" value="-16640.000000" />
  <attribute name="IntegralH" value="-16640.000000" />
  <attribute name="DerivativeT" value="-0.192308" />
  <attribute name="DerivativeI" value="-0.192308" />
  <attribute name="DerivativeH" value="-0.192308" />
  <attribute name="Loop Time for DT" value="416.000000" />
  <attribute name="Output H" value="4203675648"/>
  <attribute name="Output I" value="200"/>
  <attribute name="Output T" value="16"/>
  <attribute name="Target GC Util Change" value ="80.000000" />
  <attribute name="Current GC Util Change" value="0.000000"/>
  <attribute name="GC Util currently" value="0" />
  <attribute name="CPU Util currently" value="9" />
<allocation-satisfied id="724" threadId="0000000000BC1900" bytesRequested="32" />
<af-end id="725" timestamp="2019-08-11T07:38:43.309" threadId="0000000000BC2288" success="true" from="nursery"/>
<exclusive-end id="726" timestamp="2019-08-11T07:38:43.309" durationms="2.473" />

<exclusive-start id="727" timestamp="2019-08-11T07:38:43.657" intervalms="350.108">
  <response-info timems="0.037" idlems="0.037" threads="0" lastid="0000000000B89200" lastname="node-24" />
</exclusive-start>
<af-start id="728" threadId="0000000000B89B88" totalBytesRequested="720" timestamp="2019-08-11T07:38:43.657" intervalms="350.115" type="nursery" />
<cycle-start id="729" type="scavenge" contextid="0" timestamp="2019-08-11T07:38:43.657" intervalms="349.897" />
<gc-start id="730" type="scavenge" contextid="729" timestamp="2019-08-11T07:38:43.657">
  <mem-info id="731" free="4192952752" total="4203675648" percent="99">
    <mem type="nursery" free="0" total="2228224" percent="0">
      <mem type="allocate" free="0" total="1966080" percent="0" />
      <mem type="survivor" free="0" total="262144" percent="0" />
    </mem>
    <mem type="tenure" free="4192952752" total="4201447424" percent="99">
      <mem type="soa" free="3982881200" total="3991375872" percent="99" />
      <mem type="loa" free="210071552" total="210071552" percent="100" />
    </mem>
    <remembered-set count="383" />
  </mem-info>
</gc-start>
<allocation-stats totalBytes="1834304" >
  <allocated-bytes non-tlh="32" tlh="1834272" />
  <largest-consumer threadName="node-15" threadId="0000000000BC1900" bytes="90136" />
</allocation-stats>
<gc-op id="732" type="scavenge" timems="1.594" contextid="729" timestamp="2019-08-11T07:38:43.658">
  <scavenger-info tenureage="2" tenuremask="4004" tiltratio="88" />
  <memory-copied type="nursery" objects="2285" bytes="70792" bytesdiscarded="90488" />
  <memory-copied type="tenure" objects="900" bytes="21600" bytesdiscarded="0" />
</gc-op>
<gc-end id="733" type="scavenge" contextid="729" durationms="2.060" usertimems="3.794" systemtimems="1.553" timestamp="2019-08-11T07:38:43.659" activeThreads="16">
  <mem-info id="734" free="4194725296" total="4203675648" percent="99">
    <mem type="nursery" free="1804800" total="2228224" percent="80">
      <mem type="allocate" free="1804800" total="1966080" percent="91" />
      <mem type="survivor" free="0" total="262144" percent="0" />
    </mem>
    <mem type="tenure" free="4192920496" total="4201447424" percent="99" macro-fragmented="242284">
      <mem type="soa" free="3982848944" total="3991375872" percent="99" />
      <mem type="loa" free="210071552" total="210071552" percent="100" />
    </mem>
    <remembered-set count="298" />
  </mem-info>
</gc-end>
<cycle-end id="735" type="scavenge" contextid="729" timestamp="2019-08-11T07:38:43.659" />
  <attribute name="elasticGC enabled" value="1" />
  <attribute name= "numThreadsSpecified" value="16" />
  <attribute name="heapSize specified" value="8519680" />
  <attribute name="Current GC Util" value="1" />
  <attribute name= "Current Time Running" value="14496" />
  <attribute name ="GC Interval" value="200" />
  <attribute name="ProportionalT" value="-39.500000" />
  <attribute name="ProportionalI" value="-39.500000" />
  <attribute name="ProportionalH" value="-39.500000" />
  <attribute name="Current Error" value="-79.000000" />
  <attribute name="IntegralT" value="-13825.000000" />
  <attribute name="IntegralI" value="-13825.000000" />
  <attribute name="IntegralH" value="-13825.000000" />
  <attribute name="DerivativeT" value="-0.225714" />
  <attribute name="DerivativeI" value="-0.225714" />
  <attribute name="DerivativeH" value="-0.225714" />
  <attribute name="Loop Time for DT" value="350.000000" />
  <attribute name="Output H" value="4203675648"/>
  <attribute name="Output I" value="200"/>
  <attribute name="Output T" value="16"/>
  <attribute name="Target GC Util Change" value ="80.000000" />
  <attribute name="Current GC Util Change" value="1.000000"/>
  <attribute name="GC Util currently" value="1" />
  <attribute name="CPU Util currently" value="7" />
<allocation-satisfied id="736" threadId="0000000000B89200" bytesRequested="720" />
<af-end id="737" timestamp="2019-08-11T07:38:43.659" threadId="0000000000B89B88" success="true" from="nursery"/>
<exclusive-end id="738" timestamp="2019-08-11T07:38:43.659" durationms="2.407" />

<exclusive-start id="739" timestamp="2019-08-11T07:38:43.975" intervalms="317.894">
  <response-info timems="0.342" idlems="0.255" threads="2" lastid="0000000000B81B00" lastname="node-19" />
</exclusive-start>
<af-start id="740" threadId="0000000000BAB688" totalBytesRequested="16" timestamp="2019-08-11T07:38:43.975" intervalms="317.921" type="nursery" />
<cycle-start id="741" type="scavenge" contextid="0" timestamp="2019-08-11T07:38:43.975" intervalms="317.924" />
<gc-start id="742" type="scavenge" contextid="741" timestamp="2019-08-11T07:38:43.975">
  <mem-info id="743" free="4192920496" total="4203675648" percent="99">
    <mem type="nursery" free="0" total="2228224" percent="0">
      <mem type="allocate" free="0" total="1966080" percent="0" />
      <mem type="survivor" free="0" total="262144" percent="0" />
    </mem>
    <mem type="tenure" free="4192920496" total="4201447424" percent="99">
      <mem type="soa" free="3982848944" total="3991375872" percent="99" />
      <mem type="loa" free="210071552" total="210071552" percent="100" />
    </mem>
    <remembered-set count="379" />
  </mem-info>
</gc-start>
<allocation-stats totalBytes="1804280" >
  <allocated-bytes non-tlh="720" tlh="1803560" />
  <largest-consumer threadName="node-4" threadId="0000000000B9BE00" bytes="90112" />
</allocation-stats>
<gc-op id="744" type="scavenge" timems="1.504" contextid="741" timestamp="2019-08-11T07:38:43.977">
  <scavenger-info tenureage="2" tenuremask="4004" tiltratio="88" />
  <memory-copied type="nursery" objects="2159" bytes="66232" bytesdiscarded="62792" />
  <memory-copied type="tenure" objects="1170" bytes="28080" bytesdiscarded="0" />
</gc-op>
<gc-end id="745" type="scavenge" contextid="741" durationms="2.233" usertimems="2.855" systemtimems="3.293" timestamp="2019-08-11T07:38:43.977" activeThreads="16">
  <mem-info id="746" free="4194725296" total="4203675648" percent="99">
    <mem type="nursery" free="1837056" total="2228224" percent="82">
      <mem type="allocate" free="1837056" total="1966080" percent="93" />
      <mem type="survivor" free="0" total="262144" percent="0" />
    </mem>
    <mem type="tenure" free="4192888240" total="4201447424" percent="99" macro-fragmented="1041779">
      <mem type="soa" free="3982816688" total="3991375872" percent="99" />
      <mem type="loa" free="210071552" total="210071552" percent="100" />
    </mem>
    <remembered-set count="293" />
  </mem-info>
</gc-end>
<cycle-end id="747" type="scavenge" contextid="741" timestamp="2019-08-11T07:38:43.977" />
  <attribute name="elasticGC enabled" value="1" />
  <attribute name= "numThreadsSpecified" value="16" />
  <attribute name="heapSize specified" value="8519680" />
  <attribute name="Current GC Util" value="1" />
  <attribute name= "Current Time Running" value="14814" />
  <attribute name ="GC Interval" value="200" />
  <attribute name="ProportionalT" value="-39.500000" />
  <attribute name="ProportionalI" value="-39.500000" />
  <attribute name="ProportionalH" value="-39.500000" />
  <attribute name="Current Error" value="-79.000000" />
  <attribute name="IntegralT" value="-12561.000000" />
  <attribute name="IntegralI" value="-12561.000000" />
  <attribute name="IntegralH" value="-12561.000000" />
  <attribute name="DerivativeT" value="-0.248428" />
  <attribute name="DerivativeI" value="-0.248428" />
  <attribute name="DerivativeH" value="-0.248428" />
  <attribute name="Loop Time for DT" value="318.000000" />
  <attribute name="Output H" value="4203675648"/>
  <attribute name="Output I" value="200"/>
  <attribute name="Output T" value="16"/>
  <attribute name="Target GC Util Change" value ="80.000000" />
  <attribute name="Current GC Util Change" value="1.000000"/>
  <attribute name="GC Util currently" value="1" />
  <attribute name="CPU Util currently" value="8" />
<allocation-satisfied id="748" threadId="0000000000BAAD00" bytesRequested="16" />
<af-end id="749" timestamp="2019-08-11T07:38:43.977" threadId="0000000000BAB688" success="true" from="nursery"/>
<exclusive-end id="750" timestamp="2019-08-11T07:38:43.977" durationms="2.690" />

<exclusive-start id="751" timestamp="2019-08-11T07:38:44.377" intervalms="401.976">
  <response-info timems="0.049" idlems="0.049" threads="0" lastid="0000000000BB2500" lastname="node-6" />
</exclusive-start>
<af-start id="752" threadId="0000000000BB2E88" totalBytesRequested="24" timestamp="2019-08-11T07:38:44.377" intervalms="401.946" type="nursery" />
<cycle-start id="753" type="scavenge" contextid="0" timestamp="2019-08-11T07:38:44.377" intervalms="401.950" />
<gc-start id="754" type="scavenge" contextid="753" timestamp="2019-08-11T07:38:44.377">
  <mem-info id="755" free="4192888240" total="4203675648" percent="99">
    <mem type="nursery" free="0" total="2228224" percent="0">
      <mem type="allocate" free="0" total="1966080" percent="0" />
      <mem type="survivor" free="0" total="262144" percent="0" />
    </mem>
    <mem type="tenure" free="4192888240" total="4201447424" percent="99">
      <mem type="soa" free="3982816688" total="3991375872" percent="99" />
      <mem type="loa" free="210071552" total="210071552" percent="100" />
    </mem>
    <remembered-set count="380" />
  </mem-info>
</gc-start>
<allocation-stats totalBytes="1835640" >
  <allocated-bytes non-tlh="16" tlh="1835624" />
  <largest-consumer threadName="node-25" threadId="0000000000BBDD00" bytes="90112" />
</allocation-stats>
<gc-op id="756" type="scavenge" timems="1.286" contextid="753" timestamp="2019-08-11T07:38:44.378">
  <scavenger-info tenureage="2" tenuremask="4004" tiltratio="88" />
  <memory-copied type="nursery" objects="2301" bytes="56936" bytesdiscarded="55960" />
  <memory-copied type="tenure" objects="928" bytes="22272" bytesdiscarded="0" />
</gc-op>
<gc-end id="757" type="scavenge" contextid="753" durationms="1.769" usertimems="1.898" systemtimems="1.698" timestamp="2019-08-11T07:38:44.378" activeThreads="16">
  <mem-info id="758" free="4194709168" total="4203675648" percent="99">
    <mem type="nursery" free="1853184" total="2228224" percent="83">
      <mem type="allocate" free="1853184" total="1966080" percent="94" />
      <mem type="survivor" free="0" total="262144" percent="0" />
    </mem>
    <mem type="tenure" free="4192855984" total="4201447424" percent="99" macro-fragmented="0">
      <mem type="soa" free="3982784432" total="3991375872" percent="99" />
      <mem type="loa" free="210071552" total="210071552" percent="100" />
    </mem>
    <remembered-set count="315" />
  </mem-info>
</gc-end>
<cycle-end id="759" type="scavenge" contextid="753" timestamp="2019-08-11T07:38:44.379" />
  <attribute name="elasticGC enabled" value="1" />
  <attribute name= "numThreadsSpecified" value="16" />
  <attribute name="heapSize specified" value="8519680" />
  <attribute name="Current GC Util" value="0" />
  <attribute name= "Current Time Running" value="15216" />
  <attribute name ="GC Interval" value="200" />
  <attribute name="ProportionalT" value="-40.000000" />
  <attribute name="ProportionalI" value="-40.000000" />
  <attribute name="ProportionalH" value="-40.000000" />
  <attribute name="Current Error" value="-80.000000" />
  <attribute name="IntegralT" value="-16080.000000" />
  <attribute name="IntegralI" value="-16080.000000" />
  <attribute name="IntegralH" value="-16080.000000" />
  <attribute name="DerivativeT" value="-0.199005" />
  <attribute name="DerivativeI" value="-0.199005" />
  <attribute name="DerivativeH" value="-0.199005" />
  <attribute name="Loop Time for DT" value="402.000000" />
  <attribute name="Output H" value="4203675648"/>
  <attribute name="Output I" value="200"/>
  <attribute name="Output T" value="16"/>
  <attribute name="Target GC Util Change" value ="80.000000" />
  <attribute name="Current GC Util Change" value="0.000000"/>
  <attribute name="GC Util currently" value="0" />
  <attribute name="CPU Util currently" value="9" />
<allocation-satisfied id="760" threadId="0000000000BB2500" bytesRequested="24" />
<af-end id="761" timestamp="2019-08-11T07:38:44.379" threadId="0000000000BB2E88" success="true" from="nursery"/>
<exclusive-end id="762" timestamp="2019-08-11T07:38:44.379" durationms="2.027" />

<exclusive-start id="763" timestamp="2019-08-11T07:38:44.669" intervalms="292.865">
  <response-info timems="0.270" idlems="0.270" threads="0" lastid="0000000000BC1900" lastname="node-15" />
</exclusive-start>
<af-start id="764" threadId="0000000000BC2288" totalBytesRequested="24" timestamp="2019-08-11T07:38:44.670" intervalms="292.876" type="nursery" />
<cycle-start id="765" type="scavenge" contextid="0" timestamp="2019-08-11T07:38:44.670" intervalms="292.876" />
<gc-start id="766" type="scavenge" contextid="765" timestamp="2019-08-11T07:38:44.670">
  <mem-info id="767" free="4192855984" total="4203675648" percent="99">
    <mem type="nursery" free="0" total="2228224" percent="0">
      <mem type="allocate" free="0" total="1966080" percent="0" />
      <mem type="survivor" free="0" total="262144" percent="0" />
    </mem>
    <mem type="tenure" free="4192855984" total="4201447424" percent="99">
      <mem type="soa" free="3982784432" total="3991375872" percent="99" />
      <mem type="loa" free="210071552" total="210071552" percent="100" />
    </mem>
    <remembered-set count="380" />
  </mem-info>
</gc-start>
<allocation-stats totalBytes="1852192" >
  <allocated-bytes non-tlh="24" tlh="1852168" />
  <largest-consumer threadName="node-11" threadId="0000000000B7A300" bytes="90112" />
</allocation-stats>
<gc-op id="768" type="scavenge" timems="1.868" contextid="765" timestamp="2019-08-11T07:38:44.671">
  <scavenger-info tenureage="2" tenuremask="4004" tiltratio="88" />
  <memory-copied type="nursery" objects="2063" bytes="51224" bytesdiscarded="29416" />
  <memory-copied type="tenure" objects="1053" bytes="25272" bytesdiscarded="0" />
</gc-op>
<gc-end id="769" type="scavenge" contextid="765" durationms="2.570" usertimems="5.375" systemtimems="0.000" timestamp="2019-08-11T07:38:44.672" activeThreads="16">
  <mem-info id="770" free="4194709168" total="4203675648" percent="99">
    <mem type="nursery" free="1885440" total="2228224" percent="84">
      <mem type="allocate" free="1885440" total="1966080" percent="95" />
      <mem type="survivor" free="0" total="262144" percent="0" />
    </mem>
    <mem type="tenure" free="4192823728" total="4201447424" percent="99" macro-fragmented="32800">
      <mem type="soa" free="3982752176" total="3991375872" percent="99" />
      <mem type="loa" free="210071552" total="210071552" percent="100" />
    </mem>
    <remembered-set count="314" />
  </mem-info>
</gc-end>
<cycle-end id="771" type="scavenge" contextid="765" timestamp="2019-08-11T07:38:44.672" />
  <attribute name="elasticGC enabled" value="1" />
  <attribute name= "numThreadsSpecified" value="16" />
  <attribute name="heapSize specified" value="8519680" />
  <attribute name="Current GC Util" value="1" />
  <attribute name= "Current Time Running" value="15509" />
  <attribute name ="GC Interval" value="200" />
  <attribute name="ProportionalT" value="-39.500000" />
  <attribute name="ProportionalI" value="-39.500000" />
  <attribute name="ProportionalH" value="-39.500000" />
  <attribute name="Current Error" value="-79.000000" />
  <attribute name="IntegralT" value="-11573.500000" />
  <attribute name="IntegralI" value="-11573.500000" />
  <attribute name="IntegralH" value="-11573.500000" />
  <attribute name="DerivativeT" value="-0.269625" />
  <attribute name="DerivativeI" value="-0.269625" />
  <attribute name="DerivativeH" value="-0.269625" />
  <attribute name="Loop Time for DT" value="293.000000" />
  <attribute name="Output H" value="4203675648"/>
  <attribute name="Output I" value="200"/>
  <attribute name="Output T" value="16"/>
  <attribute name="Target GC Util Change" value ="80.000000" />
  <attribute name="Current GC Util Change" value="1.000000"/>
  <attribute name="GC Util currently" value="1" />
  <attribute name="CPU Util currently" value="5" />
<allocation-satisfied id="772" threadId="0000000000BC1900" bytesRequested="24" />
<af-end id="773" timestamp="2019-08-11T07:38:44.672" threadId="0000000000BC2288" success="true" from="nursery"/>
<exclusive-end id="774" timestamp="2019-08-11T07:38:44.672" durationms="2.908" />

<exclusive-start id="775" timestamp="2019-08-11T07:38:44.955" intervalms="285.555">
  <response-info timems="0.316" idlems="0.316" threads="0" lastid="0000000000BB2500" lastname="node-6" />
</exclusive-start>
<af-start id="776" threadId="0000000000BB2E88" totalBytesRequested="32" timestamp="2019-08-11T07:38:44.955" intervalms="285.550" type="nursery" />
<cycle-start id="777" type="scavenge" contextid="0" timestamp="2019-08-11T07:38:44.955" intervalms="285.547" />
<gc-start id="778" type="scavenge" contextid="777" timestamp="2019-08-11T07:38:44.955">
  <mem-info id="779" free="4192823728" total="4203675648" percent="99">
    <mem type="nursery" free="0" total="2228224" percent="0">
      <mem type="allocate" free="0" total="1966080" percent="0" />
      <mem type="survivor" free="0" total="262144" percent="0" />
    </mem>
    <mem type="tenure" free="4192823728" total="4201447424" percent="99">
      <mem type="soa" free="3982752176" total="3991375872" percent="99" />
      <mem type="loa" free="210071552" total="210071552" percent="100" />
    </mem>
    <remembered-set count="385" />
  </mem-info>
</gc-start>
<allocation-stats totalBytes="1882072" >
  <allocated-bytes non-tlh="24" tlh="1882048" />
  <largest-consumer threadName="node-14" threadId="0000000000BC9100" bytes="90104" />
</allocation-stats>
<gc-op id="780" type="scavenge" timems="1.101" contextid="777" timestamp="2019-08-11T07:38:44.956">
  <scavenger-info tenureage="2" tenuremask="4004" tiltratio="88" />
  <memory-copied type="nursery" objects="1708" bytes="42704" bytesdiscarded="54064" />
  <memory-copied type="tenure" objects="1107" bytes="26568" bytesdiscarded="0" />
</gc-op>
<gc-end id="781" type="scavenge" contextid="777" durationms="1.674" usertimems="3.020" systemtimems="0.583" timestamp="2019-08-11T07:38:44.957" activeThreads="16">
  <mem-info id="782" free="4194660784" total="4203675648" percent="99">
    <mem type="nursery" free="1869312" total="2228224" percent="83">
      <mem type="allocate" free="1869312" total="1966080" percent="95" />
      <mem type="survivor" free="0" total="262144" percent="0" />
    </mem>
    <mem type="tenure" free="4192791472" total="4201447424" percent="99" macro-fragmented="3732887">
      <mem type="soa" free="3982719920" total="3991375872" percent="99" />
      <mem type="loa" free="210071552" total="210071552" percent="100" />
    </mem>
    <remembered-set count="317" />
  </mem-info>
</gc-end>
<cycle-end id="783" type="scavenge" contextid="777" timestamp="2019-08-11T07:38:44.957" />
  <attribute name="elasticGC enabled" value="1" />
  <attribute name= "numThreadsSpecified" value="16" />
  <attribute name="heapSize specified" value="8519680" />
  <attribute name="Current GC Util" value="1" />
  <attribute name= "Current Time Running" value="15794" />
  <attribute name ="GC Interval" value="200" />
  <attribute name="ProportionalT" value="-39.500000" />
  <attribute name="ProportionalI" value="-39.500000" />
  <attribute name="ProportionalH" value="-39.500000" />
  <attribute name="Current Error" value="-79.000000" />
  <attribute name="IntegralT" value="-11257.500000" />
  <attribute name="IntegralI" value="-11257.500000" />
  <attribute name="IntegralH" value="-11257.500000" />
  <attribute name="DerivativeT" value="-0.277193" />
  <attribute name="DerivativeI" value="-0.277193" />
  <attribute name="DerivativeH" value="-0.277193" />
  <attribute name="Loop Time for DT" value="285.000000" />
  <attribute name="Output H" value="4203675648"/>
  <attribute name="Output I" value="200"/>
  <attribute name="Output T" value="16"/>
  <attribute name="Target GC Util Change" value ="80.000000" />
  <attribute name="Current GC Util Change" value="1.000000"/>
  <attribute name="GC Util currently" value="1" />
  <attribute name="CPU Util currently" value="6" />
<allocation-satisfied id="784" threadId="0000000000BB2500" bytesRequested="32" />
<af-end id="785" timestamp="2019-08-11T07:38:44.957" threadId="0000000000BB2E88" success="true" from="nursery"/>
<exclusive-end id="786" timestamp="2019-08-11T07:38:44.957" durationms="2.026" />

<exclusive-start id="787" timestamp="2019-08-11T07:38:45.362" intervalms="406.530">
  <response-info timems="0.889" idlems="0.472" threads="1" lastid="0000000000B67700" lastname="node-7" />
</exclusive-start>
<af-start id="788" threadId="0000000000BA0388" totalBytesRequested="720" timestamp="2019-08-11T07:38:45.362" intervalms="406.583" type="nursery" />
<cycle-start id="789" type="scavenge" contextid="0" timestamp="2019-08-11T07:38:45.362" intervalms="406.589" />
<gc-start id="790" type="scavenge" contextid="789" timestamp="2019-08-11T07:38:45.362">
  <mem-info id="791" free="4192791472" total="4203675648" percent="99">
    <mem type="nursery" free="0" total="2228224" percent="0">
      <mem type="allocate" free="0" total="1966080" percent="0" />
      <mem type="survivor" free="0" total="262144" percent="0" />
    </mem>
    <mem type="tenure" free="4192791472" total="4201447424" percent="99">
      <mem type="soa" free="3982719920" total="3991375872" percent="99" />
      <mem type="loa" free="210071552" total="210071552" percent="100" />
    </mem>
    <remembered-set count="383" />
  </mem-info>
</gc-start>
<allocation-stats totalBytes="1867008" >
  <allocated-bytes non-tlh="32" tlh="1866976" />
  <largest-consumer threadName="node-9" threadId="0000000000BC5500" bytes="90104" />
</allocation-stats>
<gc-op id="792" type="scavenge" timems="1.212" contextid="789" timestamp="2019-08-11T07:38:45.363">
  <scavenger-info tenureage="2" tenuremask="4004" tiltratio="88" />
  <memory-copied type="nursery" objects="2120" bytes="63256" bytesdiscarded="81896" />
  <memory-copied type="tenure" objects="815" bytes="19560" bytesdiscarded="192" />
</gc-op>
<gc-end id="793" type="scavenge" contextid="789" durationms="1.985" usertimems="6.051" systemtimems="0.000" timestamp="2019-08-11T07:38:45.364" activeThreads="16">
  <mem-info id="794" free="4194596272" total="4203675648" percent="99">
    <mem type="nursery" free="1820928" total="2228224" percent="81">
      <mem type="allocate" free="1820928" total="1966080" percent="92" />
      <mem type="survivor" free="0" total="262144" percent="0" />
    </mem>
    <mem type="tenure" free="4192775344" total="4201447424" percent="99" macro-fragmented="0">
      <mem type="soa" free="3982703792" total="3991375872" percent="99" />
      <mem type="loa" free="210071552" total="210071552" percent="100" />
    </mem>
    <remembered-set count="296" />
  </mem-info>
</gc-end>
<cycle-end id="795" type="scavenge" contextid="789" timestamp="2019-08-11T07:38:45.364" />
  <attribute name="elasticGC enabled" value="1" />
  <attribute name= "numThreadsSpecified" value="16" />
  <attribute name="heapSize specified" value="8519680" />
  <attribute name="Current GC Util" value="0" />
  <attribute name= "Current Time Running" value="16201" />
  <attribute name ="GC Interval" value="200" />
  <attribute name="ProportionalT" value="-40.000000" />
  <attribute name="ProportionalI" value="-40.000000" />
  <attribute name="ProportionalH" value="-40.000000" />
  <attribute name="Current Error" value="-80.000000" />
  <attribute name="IntegralT" value="-16280.000000" />
  <attribute name="IntegralI" value="-16280.000000" />
  <attribute name="IntegralH" value="-16280.000000" />
  <attribute name="DerivativeT" value="-0.196560" />
  <attribute name="DerivativeI" value="-0.196560" />
  <attribute name="DerivativeH" value="-0.196560" />
  <attribute name="Loop Time for DT" value="407.000000" />
  <attribute name="Output H" value="4203675648"/>
  <attribute name="Output I" value="200"/>
  <attribute name="Output T" value="16"/>
  <attribute name="Target GC Util Change" value ="80.000000" />
  <attribute name="Current GC Util Change" value="0.000000"/>
  <attribute name="GC Util currently" value="0" />
  <attribute name="CPU Util currently" value="10" />
<allocation-satisfied id="796" threadId="0000000000B9FA00" bytesRequested="720" />
<af-end id="797" timestamp="2019-08-11T07:38:45.364" threadId="0000000000BA0388" success="true" from="nursery"/>
<exclusive-end id="798" timestamp="2019-08-11T07:38:45.364" durationms="2.306" />

<exclusive-start id="799" timestamp="2019-08-11T07:38:45.756" intervalms="394.122">
  <response-info timems="0.019" idlems="0.017" threads="1" lastid="0000000000B9FA00" lastname="node-0" />
</exclusive-start>
<af-start id="800" threadId="0000000000B7AC88" totalBytesRequested="16" timestamp="2019-08-11T07:38:45.756" intervalms="394.059" type="nursery" />
<cycle-start id="801" type="scavenge" contextid="0" timestamp="2019-08-11T07:38:45.756" intervalms="394.103" />
<gc-start id="802" type="scavenge" contextid="801" timestamp="2019-08-11T07:38:45.756">
  <mem-info id="803" free="4192775344" total="4203675648" percent="99">
    <mem type="nursery" free="0" total="2228224" percent="0">
      <mem type="allocate" free="0" total="1966080" percent="0" />
      <mem type="survivor" free="0" total="262144" percent="0" />
    </mem>
    <mem type="tenure" free="4192775344" total="4201447424" percent="99">
      <mem type="soa" free="3982703792" total="3991375872" percent="99" />
      <mem type="loa" free="210071552" total="210071552" percent="100" />
    </mem>
    <remembered-set count="384" />
  </mem-info>
</gc-start>
<allocation-stats totalBytes="1819112" >
  <allocated-bytes non-tlh="720" tlh="1818392" />
  <largest-consumer threadName="node-10" threadId="0000000000BB6100" bytes="90112" />
</allocation-stats>
<gc-op id="804" type="scavenge" timems="3.190" contextid="801" timestamp="2019-08-11T07:38:45.759">
  <scavenger-info tenureage="2" tenuremask="4004" tiltratio="88" />
  <memory-copied type="nursery" objects="2445" bytes="69184" bytesdiscarded="108224" />
  <memory-copied type="tenure" objects="751" bytes="18024" bytesdiscarded="0" />
</gc-op>
<gc-end id="805" type="scavenge" contextid="801" durationms="3.676" usertimems="0.000" systemtimems="8.428" timestamp="2019-08-11T07:38:45.760" activeThreads="16">
  <mem-info id="806" free="4194564016" total="4203675648" percent="99">
    <mem type="nursery" free="1788672" total="2228224" percent="80">
      <mem type="allocate" free="1788672" total="1966080" percent="90" />
      <mem type="survivor" free="0" total="262144" percent="0" />
    </mem>
    <mem type="tenure" free="4192775344" total="4201447424" percent="99" macro-fragmented="7740515">
      <mem type="soa" free="3982703792" total="3991375872" percent="99" />
      <mem type="loa" free="210071552" total="210071552" percent="100" />
    </mem>
    <remembered-set count="319" />
  </mem-info>
</gc-end>
<cycle-end id="807" type="scavenge" contextid="801" timestamp="2019-08-11T07:38:45.760" />
  <attribute name="elasticGC enabled" value="1" />
  <attribute name= "numThreadsSpecified" value="16" />
  <attribute name="heapSize specified" value="8519680" />
  <attribute name="Current GC Util" value="0" />
  <attribute name= "Current Time Running" value="16595" />
  <attribute name ="GC Interval" value="200" />
  <attribute name="ProportionalT" value="-40.000000" />
  <attribute name="ProportionalI" value="-40.000000" />
  <attribute name="ProportionalH" value="-40.000000" />
  <attribute name="Current Error" value="-80.000000" />
  <attribute name="IntegralT" value="-15760.000000" />
  <attribute name="IntegralI" value="-15760.000000" />
  <attribute name="IntegralH" value="-15760.000000" />
  <attribute name="DerivativeT" value="-0.203046" />
  <attribute name="DerivativeI" value="-0.203046" />
  <attribute name="DerivativeH" value="-0.203046" />
  <attribute name="Loop Time for DT" value="394.000000" />
  <attribute name="Output H" value="4203675648"/>
  <attribute name="Output I" value="200"/>
  <attribute name="Output T" value="16"/>
  <attribute name="Target GC Util Change" value ="80.000000" />
  <attribute name="Current GC Util Change" value="0.000000"/>
  <attribute name="GC Util currently" value="0" />
  <attribute name="CPU Util currently" value="9" />
<allocation-satisfied id="808" threadId="0000000000B7A300" bytesRequested="16" />
<af-end id="809" timestamp="2019-08-11T07:38:45.760" threadId="0000000000B7AC88" success="true" from="nursery"/>
<exclusive-end id="810" timestamp="2019-08-11T07:38:45.760" durationms="4.054" />

<exclusive-start id="811" timestamp="2019-08-11T07:38:46.126" intervalms="370.213">
  <response-info timems="0.081" idlems="0.081" threads="0" lastid="0000000000B8CE00" lastname="node-13" />
</exclusive-start>
<af-start id="812" threadId="0000000000B8D788" totalBytesRequested="32" timestamp="2019-08-11T07:38:46.126" intervalms="370.217" type="nursery" />
<cycle-start id="813" type="scavenge" contextid="0" timestamp="2019-08-11T07:38:46.126" intervalms="370.168" />
<gc-start id="814" type="scavenge" contextid="813" timestamp="2019-08-11T07:38:46.126">
  <mem-info id="815" free="4192775344" total="4203675648" percent="99">
    <mem type="nursery" free="0" total="2228224" percent="0">
      <mem type="allocate" free="0" total="1966080" percent="0" />
      <mem type="survivor" free="0" total="262144" percent="0" />
    </mem>
    <mem type="tenure" free="4192775344" total="4201447424" percent="99">
      <mem type="soa" free="3982703792" total="3991375872" percent="99" />
      <mem type="loa" free="210071552" total="210071552" percent="100" />
    </mem>
    <remembered-set count="388" />
  </mem-info>
</gc-start>
<allocation-stats totalBytes="1784816" >
  <allocated-bytes non-tlh="16" tlh="1784800" />
  <largest-consumer threadName="node-11" threadId="0000000000B7A300" bytes="90104" />
</allocation-stats>
<gc-op id="816" type="scavenge" timems="1.376" contextid="813" timestamp="2019-08-11T07:38:46.127">
  <scavenger-info tenureage="2" tenuremask="4004" tiltratio="88" />
  <memory-copied type="nursery" objects="2125" bytes="52712" bytesdiscarded="60184" />
  <memory-copied type="tenure" objects="1196" bytes="28704" bytesdiscarded="0" />
</gc-op>
<gc-end id="817" type="scavenge" contextid="813" durationms="2.019" usertimems="1.990" systemtimems="2.232" timestamp="2019-08-11T07:38:46.128" activeThreads="16">
  <mem-info id="818" free="4194596272" total="4203675648" percent="99">
    <mem type="nursery" free="1853184" total="2228224" percent="83">
      <mem type="allocate" free="1853184" total="1966080" percent="94" />
      <mem type="survivor" free="0" total="262144" percent="0" />
    </mem>
    <mem type="tenure" free="4192743088" total="4201447424" percent="99" macro-fragmented="868149">
      <mem type="soa" free="3982671536" total="3991375872" percent="99" />
      <mem type="loa" free="210071552" total="210071552" percent="100" />
    </mem>
    <remembered-set count="318" />
  </mem-info>
</gc-end>
<cycle-end id="819" type="scavenge" contextid="813" timestamp="2019-08-11T07:38:46.128" />
  <attribute name="elasticGC enabled" value="1" />
  <attribute name= "numThreadsSpecified" value="16" />
  <attribute name="heapSize specified" value="8519680" />
  <attribute name="Current GC Util" value="1" />
  <attribute name= "Current Time Running" value="16965" />
  <attribute name ="GC Interval" value="200" />
  <attribute name="ProportionalT" value="-39.500000" />
  <attribute name="ProportionalI" value="-39.500000" />
  <attribute name="ProportionalH" value="-39.500000" />
  <attribute name="Current Error" value="-79.000000" />
  <attribute name="IntegralT" value="-14615.000000" />
  <attribute name="IntegralI" value="-14615.000000" />
  <attribute name="IntegralH" value="-14615.000000" />
  <attribute name="DerivativeT" value="-0.213514" />
  <attribute name="DerivativeI" value="-0.213514" />
  <attribute name="DerivativeH" value="-0.213514" />
  <attribute name="Loop Time for DT" value="370.000000" />
  <attribute name="Output H" value="4203675648"/>
  <attribute name="Output I" value="200"/>
  <attribute name="Output T" value="16"/>
  <attribute name="Target GC Util Change" value ="80.000000" />
  <attribute name="Current GC Util Change" value="1.000000"/>
  <attribute name="GC Util currently" value="1" />
  <attribute name="CPU Util currently" value="7" />
<allocation-satisfied id="820" threadId="0000000000B8CE00" bytesRequested="32" />
<af-end id="821" timestamp="2019-08-11T07:38:46.128" threadId="0000000000B8D788" success="true" from="nursery"/>
<exclusive-end id="822" timestamp="2019-08-11T07:38:46.128" durationms="2.245" />

<exclusive-start id="823" timestamp="2019-08-11T07:38:46.486" intervalms="360.402">
  <response-info timems="0.067" idlems="0.067" threads="0" lastid="0000000000B9FA00" lastname="node-0" />
</exclusive-start>
<af-start id="824" threadId="0000000000BA0388" totalBytesRequested="32" timestamp="2019-08-11T07:38:46.486" intervalms="360.403" type="nursery" />
<cycle-start id="825" type="scavenge" contextid="0" timestamp="2019-08-11T07:38:46.486" intervalms="360.400" />
<gc-start id="826" type="scavenge" contextid="825" timestamp="2019-08-11T07:38:46.486">
  <mem-info id="827" free="4192743088" total="4203675648" percent="99">
    <mem type="nursery" free="0" total="2228224" percent="0">
      <mem type="allocate" free="0" total="1966080" percent="0" />
      <mem type="survivor" free="0" total="262144" percent="0" />
    </mem>
    <mem type="tenure" free="4192743088" total="4201447424" percent="99">
      <mem type="soa" free="3982671536" total="3991375872" percent="99" />
      <mem type="loa" free="210071552" total="210071552" percent="100" />
    </mem>
    <remembered-set count="381" />
  </mem-info>
</gc-start>
<allocation-stats totalBytes="1852272" >
  <allocated-bytes non-tlh="32" tlh="1852240" />
  <largest-consumer threadName="node-14" threadId="0000000000BC9100" bytes="90104" />
</allocation-stats>
<gc-op id="828" type="scavenge" timems="1.254" contextid="825" timestamp="2019-08-11T07:38:46.488">
  <scavenger-info tenureage="2" tenuremask="4004" tiltratio="88" />
  <memory-copied type="nursery" objects="1894" bytes="44536" bytesdiscarded="52232" />
  <memory-copied type="tenure" objects="1064" bytes="25536" bytesdiscarded="0" />
</gc-op>
<gc-end id="829" type="scavenge" contextid="825" durationms="1.719" usertimems="3.532" systemtimems="0.000" timestamp="2019-08-11T07:38:46.488" activeThreads="16">
  <mem-info id="830" free="4194580144" total="4203675648" percent="99">
    <mem type="nursery" free="1869312" total="2228224" percent="83">
      <mem type="allocate" free="1869312" total="1966080" percent="95" />
      <mem type="survivor" free="0" total="262144" percent="0" />
    </mem>
    <mem type="tenure" free="4192710832" total="4201447424" percent="99" macro-fragmented="0">
      <mem type="soa" free="3982639280" total="3991375872" percent="99" />
      <mem type="loa" free="210071552" total="210071552" percent="100" />
    </mem>
    <remembered-set count="292" />
  </mem-info>
</gc-end>
<cycle-end id="831" type="scavenge" contextid="825" timestamp="2019-08-11T07:38:46.488" />
  <attribute name="elasticGC enabled" value="1" />
  <attribute name= "numThreadsSpecified" value="16" />
  <attribute name="heapSize specified" value="8519680" />
  <attribute name="Current GC Util" value="0" />
  <attribute name= "Current Time Running" value="17326" />
  <attribute name ="GC Interval" value="200" />
  <attribute name="ProportionalT" value="-40.000000" />
  <attribute name="ProportionalI" value="-40.000000" />
  <attribute name="ProportionalH" value="-40.000000" />
  <attribute name="Current Error" value="-80.000000" />
  <attribute name="IntegralT" value="-14440.000000" />
  <attribute name="IntegralI" value="-14440.000000" />
  <attribute name="IntegralH" value="-14440.000000" />
  <attribute name="DerivativeT" value="-0.221607" />
  <attribute name="DerivativeI" value="-0.221607" />
  <attribute name="DerivativeH" value="-0.221607" />
  <attribute name="Loop Time for DT" value="361.000000" />
  <attribute name="Output H" value="4203675648"/>
  <attribute name="Output I" value="200"/>
  <attribute name="Output T" value="16"/>
  <attribute name="Target GC Util Change" value ="80.000000" />
  <attribute name="Current GC Util Change" value="0.000000"/>
  <attribute name="GC Util currently" value="0" />
  <attribute name="CPU Util currently" value="7" />
<allocation-satisfied id="832" threadId="0000000000B9FA00" bytesRequested="32" />
<af-end id="833" timestamp="2019-08-11T07:38:46.488" threadId="0000000000BA0388" success="true" from="nursery"/>
<exclusive-end id="834" timestamp="2019-08-11T07:38:46.488" durationms="1.923" />

<exclusive-start id="835" timestamp="2019-08-11T07:38:46.919" intervalms="432.457">
  <response-info timems="0.119" idlems="0.119" threads="0" lastid="0000000000B8CE00" lastname="node-13" />
</exclusive-start>
<af-start id="836" threadId="0000000000B8D788" totalBytesRequested="32" timestamp="2019-08-11T07:38:46.919" intervalms="432.463" type="nursery" />
<cycle-start id="837" type="scavenge" contextid="0" timestamp="2019-08-11T07:38:46.919" intervalms="432.460" />
<gc-start id="838" type="scavenge" contextid="837" timestamp="2019-08-11T07:38:46.919">
  <mem-info id="839" free="4192710832" total="4203675648" percent="99">
    <mem type="nursery" free="0" total="2228224" percent="0">
      <mem type="allocate" free="0" total="1966080" percent="0" />
      <mem type="survivor" free="0" total="262144" percent="0" />
    </mem>
    <mem type="tenure" free="4192710832" total="4201447424" percent="99">
      <mem type="soa" free="3982639280" total="3991375872" percent="99" />
      <mem type="loa" free="210071552" total="210071552" percent="100" />
    </mem>
    <remembered-set count="380" />
  </mem-info>
</gc-start>
<allocation-stats totalBytes="1867992" >
  <allocated-bytes non-tlh="32" tlh="1867960" />
  <largest-consumer threadName="node-11" threadId="0000000000B7A300" bytes="90096" />
</allocation-stats>
<gc-op id="840" type="scavenge" timems="1.184" contextid="837" timestamp="2019-08-11T07:38:46.920">
  <scavenger-info tenureage="2" tenuremask="4004" tiltratio="88" />
  <memory-copied type="nursery" objects="2392" bytes="56488" bytesdiscarded="56408" />
  <memory-copied type="tenure" objects="919" bytes="22056" bytesdiscarded="0" />
</gc-op>
<gc-end id="841" type="scavenge" contextid="837" durationms="1.671" usertimems="0.767" systemtimems="2.347" timestamp="2019-08-11T07:38:46.921" activeThreads="16">
  <mem-info id="842" free="4194547888" total="4203675648" percent="99">
    <mem type="nursery" free="1853184" total="2228224" percent="83">
      <mem type="allocate" free="1853184" total="1966080" percent="94" />
      <mem type="survivor" free="0" total="262144" percent="0" />
    </mem>
    <mem type="tenure" free="4192694704" total="4201447424" percent="99" macro-fragmented="97368">
      <mem type="soa" free="3982623152" total="3991375872" percent="99" />
      <mem type="loa" free="210071552" total="210071552" percent="100" />
    </mem>
    <remembered-set count="294" />
  </mem-info>
</gc-end>
<cycle-end id="843" type="scavenge" contextid="837" timestamp="2019-08-11T07:38:46.921" />
  <attribute name="elasticGC enabled" value="1" />
  <attribute name= "numThreadsSpecified" value="16" />
  <attribute name="heapSize specified" value="8519680" />
  <attribute name="Current GC Util" value="0" />
  <attribute name= "Current Time Running" value="17758" />
  <attribute name ="GC Interval" value="200" />
  <attribute name="ProportionalT" value="-40.000000" />
  <attribute name="ProportionalI" value="-40.000000" />
  <attribute name="ProportionalH" value="-40.000000" />
  <attribute name="Current Error" value="-80.000000" />
  <attribute name="IntegralT" value="-17280.000000" />
  <attribute name="IntegralI" value="-17280.000000" />
  <attribute name="IntegralH" value="-17280.000000" />
  <attribute name="DerivativeT" value="-0.185185" />
  <attribute name="DerivativeI" value="-0.185185" />
  <attribute name="DerivativeH" value="-0.185185" />
  <attribute name="Loop Time for DT" value="432.000000" />
  <attribute name="Output H" value="4203675648"/>
  <attribute name="Output I" value="200"/>
  <attribute name="Output T" value="16"/>
  <attribute name="Target GC Util Change" value ="80.000000" />
  <attribute name="Current GC Util Change" value="0.000000"/>
  <attribute name="GC Util currently" value="0" />
  <attribute name="CPU Util currently" value="8" />
<allocation-satisfied id="844" threadId="0000000000B8CE00" bytesRequested="32" />
<af-end id="845" timestamp="2019-08-11T07:38:46.921" threadId="0000000000B8D788" success="true" from="nursery"/>
<exclusive-end id="846" timestamp="2019-08-11T07:38:46.921" durationms="1.932" />

<exclusive-start id="847" timestamp="2019-08-11T07:38:47.332" intervalms="413.704">
  <response-info timems="0.191" idlems="0.191" threads="0" lastid="0000000000B72B00" lastname="node-12" />
</exclusive-start>
<af-start id="848" threadId="0000000000B73488" totalBytesRequested="32" timestamp="2019-08-11T07:38:47.333" intervalms="413.700" type="nursery" />
<cycle-start id="849" type="scavenge" contextid="0" timestamp="2019-08-11T07:38:47.333" intervalms="413.703" />
<gc-start id="850" type="scavenge" contextid="849" timestamp="2019-08-11T07:38:47.333">
  <mem-info id="851" free="4192694704" total="4203675648" percent="99">
    <mem type="nursery" free="0" total="2228224" percent="0">
      <mem type="allocate" free="0" total="1966080" percent="0" />
      <mem type="survivor" free="0" total="262144" percent="0" />
    </mem>
    <mem type="tenure" free="4192694704" total="4201447424" percent="99">
      <mem type="soa" free="3982623152" total="3991375872" percent="99" />
      <mem type="loa" free="210071552" total="210071552" percent="100" />
    </mem>
    <remembered-set count="383" />
  </mem-info>
</gc-start>
<allocation-stats totalBytes="1851552" >
  <allocated-bytes non-tlh="32" tlh="1851520" />
  <largest-consumer threadName="node-13" threadId="0000000000B8CE00" bytes="90120" />
</allocation-stats>
<gc-op id="852" type="scavenge" timems="1.165" contextid="849" timestamp="2019-08-11T07:38:47.334">
  <scavenger-info tenureage="2" tenuremask="4004" tiltratio="88" />
  <memory-copied type="nursery" objects="2798" bytes="66232" bytesdiscarded="78920" />
  <memory-copied type="tenure" objects="860" bytes="20640" bytesdiscarded="0" />
</gc-op>
<gc-end id="853" type="scavenge" contextid="849" durationms="1.663" usertimems="2.650" systemtimems="1.380" timestamp="2019-08-11T07:38:47.334" activeThreads="16">
  <mem-info id="854" free="4194499504" total="4203675648" percent="99">
    <mem type="nursery" free="1820928" total="2228224" percent="81">
      <mem type="allocate" free="1820928" total="1966080" percent="92" />
      <mem type="survivor" free="0" total="262144" percent="0" />
    </mem>
    <mem type="tenure" free="4192678576" total="4201447424" percent="99" macro-fragmented="97368">
      <mem type="soa" free="3982607024" total="3991375872" percent="99" />
      <mem type="loa" free="210071552" total="210071552" percent="100" />
    </mem>
    <remembered-set count="293" />
  </mem-info>
</gc-end>
<cycle-end id="855" type="scavenge" contextid="849" timestamp="2019-08-11T07:38:47.334" />
  <attribute name="elasticGC enabled" value="1" />
  <attribute name= "numThreadsSpecified" value="16" />
  <attribute name="heapSize specified" value="8519680" />
  <attribute name="Current GC Util" value="0" />
  <attribute name= "Current Time Running" value="18172" />
  <attribute name ="GC Interval" value="200" />
  <attribute name="ProportionalT" value="-40.000000" />
  <attribute name="ProportionalI" value="-40.000000" />
  <attribute name="ProportionalH" value="-40.000000" />
  <attribute name="Current Error" value="-80.000000" />
  <attribute name="IntegralT" value="-16560.000000" />
  <attribute name="IntegralI" value="-16560.000000" />
  <attribute name="IntegralH" value="-16560.000000" />
  <attribute name="DerivativeT" value="-0.193237" />
  <attribute name="DerivativeI" value="-0.193237" />
  <attribute name="DerivativeH" value="-0.193237" />
  <attribute name="Loop Time for DT" value="414.000000" />
  <attribute name="Output H" value="4203675648"/>
  <attribute name="Output I" value="200"/>
  <attribute name="Output T" value="16"/>
  <attribute name="Target GC Util Change" value ="80.000000" />
  <attribute name="Current GC Util Change" value="0.000000"/>
  <attribute name="GC Util currently" value="0" />
  <attribute name="CPU Util currently" value="8" />
<allocation-satisfied id="856" threadId="0000000000B72B00" bytesRequested="32" />
<af-end id="857" timestamp="2019-08-11T07:38:47.334" threadId="0000000000B73488" success="true" from="nursery"/>
<exclusive-end id="858" timestamp="2019-08-11T07:38:47.334" durationms="1.959" />

<exclusive-start id="859" timestamp="2019-08-11T07:38:47.776" intervalms="443.933">
  <response-info timems="0.022" idlems="0.022" threads="0" lastid="0000000000B8CE00" lastname="node-13" />
</exclusive-start>
<af-start id="860" threadId="0000000000B8D788" totalBytesRequested="432" timestamp="2019-08-11T07:38:47.776" intervalms="443.927" type="nursery" />
<cycle-start id="861" type="scavenge" contextid="0" timestamp="2019-08-11T07:38:47.776" intervalms="443.923" />
<gc-start id="862" type="scavenge" contextid="861" timestamp="2019-08-11T07:38:47.776">
  <mem-info id="863" free="4192678576" total="4203675648" percent="99">
    <mem type="nursery" free="0" total="2228224" percent="0">
      <mem type="allocate" free="0" total="1966080" percent="0" />
      <mem type="survivor" free="0" total="262144" percent="0" />
    </mem>
    <mem type="tenure" free="4192678576" total="4201447424" percent="99">
      <mem type="soa" free="3982607024" total="3991375872" percent="99" />
      <mem type="loa" free="210071552" total="210071552" percent="100" />
    </mem>
    <remembered-set count="383" />
  </mem-info>
</gc-start>
<allocation-stats totalBytes="1815616" >
  <allocated-bytes non-tlh="32" tlh="1815584" />
  <largest-consumer threadName="node-7" threadId="0000000000B67700" bytes="90104" />
</allocation-stats>
<gc-op id="864" type="scavenge" timems="1.731" contextid="861" timestamp="2019-08-11T07:38:47.778">
  <scavenger-info tenureage="2" tenuremask="4004" tiltratio="88" />
  <memory-copied type="nursery" objects="2478" bytes="62392" bytesdiscarded="18248" />
  <memory-copied type="tenure" objects="1417" bytes="34008" bytesdiscarded="0" />
</gc-op>
<gc-end id="865" type="scavenge" contextid="861" durationms="2.199" usertimems="0.697" systemtimems="3.570" timestamp="2019-08-11T07:38:47.779" activeThreads="16">
  <mem-info id="866" free="4194531760" total="4203675648" percent="99">
    <mem type="nursery" free="1885440" total="2228224" percent="84">
      <mem type="allocate" free="1885440" total="1966080" percent="95" />
      <mem type="survivor" free="0" total="262144" percent="0" />
    </mem>
    <mem type="tenure" free="4192646320" total="4201447424" percent="99" macro-fragmented="140211">
      <mem type="soa" free="3982574768" total="3991375872" percent="99" />
      <mem type="loa" free="210071552" total="210071552" percent="100" />
    </mem>
    <remembered-set count="293" />
  </mem-info>
</gc-end>
<cycle-end id="867" type="scavenge" contextid="861" timestamp="2019-08-11T07:38:47.779" />
  <attribute name="elasticGC enabled" value="1" />
  <attribute name= "numThreadsSpecified" value="16" />
  <attribute name="heapSize specified" value="8519680" />
  <attribute name="Current GC Util" value="0" />
  <attribute name= "Current Time Running" value="18616" />
  <attribute name ="GC Interval" value="200" />
  <attribute name="ProportionalT" value="-40.000000" />
  <attribute name="ProportionalI" value="-40.000000" />
  <attribute name="ProportionalH" value="-40.000000" />
  <attribute name="Current Error" value="-80.000000" />
  <attribute name="IntegralT" value="-17760.000000" />
  <attribute name="IntegralI" value="-17760.000000" />
  <attribute name="IntegralH" value="-17760.000000" />
  <attribute name="DerivativeT" value="-0.180180" />
  <attribute name="DerivativeI" value="-0.180180" />
  <attribute name="DerivativeH" value="-0.180180" />
  <attribute name="Loop Time for DT" value="444.000000" />
  <attribute name="Output H" value="4203675648"/>
  <attribute name="Output I" value="200"/>
  <attribute name="Output T" value="16"/>
  <attribute name="Target GC Util Change" value ="80.000000" />
  <attribute name="Current GC Util Change" value="0.000000"/>
  <attribute name="GC Util currently" value="0" />
  <attribute name="CPU Util currently" value="9" />
<allocation-satisfied id="868" threadId="0000000000B8CE00" bytesRequested="432" />
<af-end id="869" timestamp="2019-08-11T07:38:47.779" threadId="0000000000B8D788" success="true" from="nursery"/>
<exclusive-end id="870" timestamp="2019-08-11T07:38:47.779" durationms="2.406" />

<exclusive-start id="871" timestamp="2019-08-11T07:38:48.111" intervalms="335.043">
  <response-info timems="0.137" idlems="0.137" threads="0" lastid="0000000000B89200" lastname="node-24" />
</exclusive-start>
<af-start id="872" threadId="0000000000B89B88" totalBytesRequested="24" timestamp="2019-08-11T07:38:48.111" intervalms="335.046" type="nursery" />
<cycle-start id="873" type="scavenge" contextid="0" timestamp="2019-08-11T07:38:48.112" intervalms="335.056" />
<gc-start id="874" type="scavenge" contextid="873" timestamp="2019-08-11T07:38:48.112">
  <mem-info id="875" free="4192646320" total="4203675648" percent="99">
    <mem type="nursery" free="0" total="2228224" percent="0">
      <mem type="allocate" free="0" total="1966080" percent="0" />
      <mem type="survivor" free="0" total="262144" percent="0" />
    </mem>
    <mem type="tenure" free="4192646320" total="4201447424" percent="99">
      <mem type="soa" free="3982574768" total="3991375872" percent="99" />
      <mem type="loa" free="210071552" total="210071552" percent="100" />
    </mem>
    <remembered-set count="385" />
  </mem-info>
</gc-start>
<allocation-stats totalBytes="1882488" >
  <allocated-bytes non-tlh="432" tlh="1882056" />
  <largest-consumer threadName="node-21" threadId="0000000000B85600" bytes="90104" />
</allocation-stats>
<gc-op id="876" type="scavenge" timems="1.832" contextid="873" timestamp="2019-08-11T07:38:48.113">
  <scavenger-info tenureage="2" tenuremask="4004" tiltratio="88" />
  <memory-copied type="nursery" objects="2081" bytes="51656" bytesdiscarded="45112" />
  <memory-copied type="tenure" objects="1266" bytes="30384" bytesdiscarded="0" />
</gc-op>
<gc-end id="877" type="scavenge" contextid="873" durationms="2.349" usertimems="3.671" systemtimems="0.980" timestamp="2019-08-11T07:38:48.114" activeThreads="16">
  <mem-info id="878" free="4194483376" total="4203675648" percent="99">
    <mem type="nursery" free="1869312" total="2228224" percent="83">
      <mem type="allocate" free="1869312" total="1966080" percent="95" />
      <mem type="survivor" free="0" total="262144" percent="0" />
    </mem>
    <mem type="tenure" free="4192614064" total="4201447424" percent="99" macro-fragmented="0">
      <mem type="soa" free="3982542512" total="3991375872" percent="99" />
      <mem type="loa" free="210071552" total="210071552" percent="100" />
    </mem>
    <remembered-set count="316" />
  </mem-info>
</gc-end>
<cycle-end id="879" type="scavenge" contextid="873" timestamp="2019-08-11T07:38:48.114" />
  <attribute name="elasticGC enabled" value="1" />
  <attribute name= "numThreadsSpecified" value="16" />
  <attribute name="heapSize specified" value="8519680" />
  <attribute name="Current GC Util" value="1" />
  <attribute name= "Current Time Running" value="18951" />
  <attribute name ="GC Interval" value="200" />
  <attribute name="ProportionalT" value="-39.500000" />
  <attribute name="ProportionalI" value="-39.500000" />
  <attribute name="ProportionalH" value="-39.500000" />
  <attribute name="Current Error" value="-79.000000" />
  <attribute name="IntegralT" value="-13232.500000" />
  <attribute name="IntegralI" value="-13232.500000" />
  <attribute name="IntegralH" value="-13232.500000" />
  <attribute name="DerivativeT" value="-0.235821" />
  <attribute name="DerivativeI" value="-0.235821" />
  <attribute name="DerivativeH" value="-0.235821" />
  <attribute name="Loop Time for DT" value="335.000000" />
  <attribute name="Output H" value="4203675648"/>
  <attribute name="Output I" value="200"/>
  <attribute name="Output T" value="16"/>
  <attribute name="Target GC Util Change" value ="80.000000" />
  <attribute name="Current GC Util Change" value="1.000000"/>
  <attribute name="GC Util currently" value="1" />
  <attribute name="CPU Util currently" value="5" />
<allocation-satisfied id="880" threadId="0000000000B89200" bytesRequested="24" />
<af-end id="881" timestamp="2019-08-11T07:38:48.114" threadId="0000000000B89B88" success="true" from="nursery"/>
<exclusive-end id="882" timestamp="2019-08-11T07:38:48.114" durationms="2.590" />

<exclusive-start id="883" timestamp="2019-08-11T07:38:48.379" intervalms="267.869">
  <response-info timems="0.272" idlems="0.272" threads="0" lastid="0000000000B89200" lastname="node-24" />
</exclusive-start>
<af-start id="884" threadId="0000000000B89B88" totalBytesRequested="32" timestamp="2019-08-11T07:38:48.379" intervalms="267.890" type="nursery" />
<cycle-start id="885" type="scavenge" contextid="0" timestamp="2019-08-11T07:38:48.379" intervalms="267.894" />
<gc-start id="886" type="scavenge" contextid="885" timestamp="2019-08-11T07:38:48.379">
  <mem-info id="887" free="4192614064" total="4203675648" percent="99">
    <mem type="nursery" free="0" total="2228224" percent="0">
      <mem type="allocate" free="0" total="1966080" percent="0" />
      <mem type="survivor" free="0" total="262144" percent="0" />
    </mem>
    <mem type="tenure" free="4192614064" total="4201447424" percent="99">
      <mem type="soa" free="3982542512" total="3991375872" percent="99" />
      <mem type="loa" free="210071552" total="210071552" percent="100" />
    </mem>
    <remembered-set count="378" />
  </mem-info>
</gc-start>
<allocation-stats totalBytes="1867560" >
  <allocated-bytes non-tlh="24" tlh="1867536" />
  <largest-consumer threadName="node-15" threadId="0000000000BC1900" bytes="90104" />
</allocation-stats>
<gc-op id="888" type="scavenge" timems="1.134" contextid="885" timestamp="2019-08-11T07:38:48.381">
  <scavenger-info tenureage="2" tenuremask="4004" tiltratio="88" />
  <memory-copied type="nursery" objects="1683" bytes="39472" bytesdiscarded="89552" />
  <memory-copied type="tenure" objects="1081" bytes="25944" bytesdiscarded="0" />
</gc-op>
<gc-end id="889" type="scavenge" contextid="885" durationms="1.649" usertimems="1.520" systemtimems="1.613" timestamp="2019-08-11T07:38:48.381" activeThreads="16">
  <mem-info id="890" free="4194434992" total="4203675648" percent="99">
    <mem type="nursery" free="1837056" total="2228224" percent="82">
      <mem type="allocate" free="1837056" total="1966080" percent="93" />
      <mem type="survivor" free="0" total="262144" percent="0" />
    </mem>
    <mem type="tenure" free="4192597936" total="4201447424" percent="99" macro-fragmented="723458">
      <mem type="soa" free="3982526384" total="3991375872" percent="99" />
      <mem type="loa" free="210071552" total="210071552" percent="100" />
    </mem>
    <remembered-set count="290" />
  </mem-info>
</gc-end>
<cycle-end id="891" type="scavenge" contextid="885" timestamp="2019-08-11T07:38:48.381" />
  <attribute name="elasticGC enabled" value="1" />
  <attribute name= "numThreadsSpecified" value="16" />
  <attribute name="heapSize specified" value="8519680" />
  <attribute name="Current GC Util" value="1" />
  <attribute name= "Current Time Running" value="19219" />
  <attribute name ="GC Interval" value="200" />
  <attribute name="ProportionalT" value="-39.500000" />
  <attribute name="ProportionalI" value="-39.500000" />
  <attribute name="ProportionalH" value="-39.500000" />
  <attribute name="Current Error" value="-79.000000" />
  <attribute name="IntegralT" value="-10586.000000" />
  <attribute name="IntegralI" value="-10586.000000" />
  <attribute name="IntegralH" value="-10586.000000" />
  <attribute name="DerivativeT" value="-0.294776" />
  <attribute name="DerivativeI" value="-0.294776" />
  <attribute name="DerivativeH" value="-0.294776" />
  <attribute name="Loop Time for DT" value="268.000000" />
  <attribute name="Output H" value="4203675648"/>
  <attribute name="Output I" value="200"/>
  <attribute name="Output T" value="16"/>
  <attribute name="Target GC Util Change" value ="80.000000" />
  <attribute name="Current GC Util Change" value="1.000000"/>
  <attribute name="GC Util currently" value="1" />
  <attribute name="CPU Util currently" value="5" />
<allocation-satisfied id="892" threadId="0000000000B89200" bytesRequested="32" />
<af-end id="893" timestamp="2019-08-11T07:38:48.381" threadId="0000000000B89B88" success="true" from="nursery"/>
<exclusive-end id="894" timestamp="2019-08-11T07:38:48.381" durationms="1.932" />

<exclusive-start id="895" timestamp="2019-08-11T07:38:48.738" intervalms="358.431">
  <response-info timems="0.203" idlems="0.114" threads="1" lastid="0000000000BA7200" lastname="node-5" />
</exclusive-start>
<af-start id="896" threadId="0000000000B91388" totalBytesRequested="24" timestamp="2019-08-11T07:38:48.738" intervalms="358.516" type="nursery" />
<cycle-start id="897" type="scavenge" contextid="0" timestamp="2019-08-11T07:38:48.738" intervalms="358.551" />
<gc-start id="898" type="scavenge" contextid="897" timestamp="2019-08-11T07:38:48.738">
  <mem-info id="899" free="4192597936" total="4203675648" percent="99">
    <mem type="nursery" free="0" total="2228224" percent="0">
      <mem type="allocate" free="0" total="1966080" percent="0" />
      <mem type="survivor" free="0" total="262144" percent="0" />
    </mem>
    <mem type="tenure" free="4192597936" total="4201447424" percent="99">
      <mem type="soa" free="3982526384" total="3991375872" percent="99" />
      <mem type="loa" free="210071552" total="210071552" percent="100" />
    </mem>
    <remembered-set count="380" />
  </mem-info>
</gc-start>
<allocation-stats totalBytes="1835192" >
  <allocated-bytes non-tlh="32" tlh="1835160" />
  <largest-consumer threadName="node-14" threadId="0000000000BC9100" bytes="90104" />
</allocation-stats>
<gc-op id="900" type="scavenge" timems="1.768" contextid="897" timestamp="2019-08-11T07:38:48.740">
  <scavenger-info tenureage="2" tenuremask="4004" tiltratio="88" />
  <memory-copied type="nursery" objects="1789" bytes="44648" bytesdiscarded="84376" />
  <memory-copied type="tenure" objects="859" bytes="20616" bytesdiscarded="0" />
</gc-op>
<gc-end id="901" type="scavenge" contextid="897" durationms="2.104" usertimems="0.372" systemtimems="4.429" timestamp="2019-08-11T07:38:48.740" activeThreads="16">
  <mem-info id="902" free="4194418864" total="4203675648" percent="99">
    <mem type="nursery" free="1837056" total="2228224" percent="82">
      <mem type="allocate" free="1837056" total="1966080" percent="93" />
      <mem type="survivor" free="0" total="262144" percent="0" />
    </mem>
    <mem type="tenure" free="4192581808" total="4201447424" percent="99" macro-fragmented="0">
      <mem type="soa" free="3982510256" total="3991375872" percent="99" />
      <mem type="loa" free="210071552" total="210071552" percent="100" />
    </mem>
    <remembered-set count="315" />
  </mem-info>
</gc-end>
<cycle-end id="903" type="scavenge" contextid="897" timestamp="2019-08-11T07:38:48.740" />
  <attribute name="elasticGC enabled" value="1" />
  <attribute name= "numThreadsSpecified" value="16" />
  <attribute name="heapSize specified" value="8519680" />
  <attribute name="Current GC Util" value="0" />
  <attribute name= "Current Time Running" value="19577" />
  <attribute name ="GC Interval" value="200" />
  <attribute name="ProportionalT" value="-40.000000" />
  <attribute name="ProportionalI" value="-40.000000" />
  <attribute name="ProportionalH" value="-40.000000" />
  <attribute name="Current Error" value="-80.000000" />
  <attribute name="IntegralT" value="-14320.000000" />
  <attribute name="IntegralI" value="-14320.000000" />
  <attribute name="IntegralH" value="-14320.000000" />
  <attribute name="DerivativeT" value="-0.223464" />
  <attribute name="DerivativeI" value="-0.223464" />
  <attribute name="DerivativeH" value="-0.223464" />
  <attribute name="Loop Time for DT" value="358.000000" />
  <attribute name="Output H" value="4203675648"/>
  <attribute name="Output I" value="200"/>
  <attribute name="Output T" value="16"/>
  <attribute name="Target GC Util Change" value ="80.000000" />
  <attribute name="Current GC Util Change" value="0.000000"/>
  <attribute name="GC Util currently" value="0" />
  <attribute name="CPU Util currently" value="8" />
<allocation-satisfied id="904" threadId="0000000000B90A00" bytesRequested="24" />
<af-end id="905" timestamp="2019-08-11T07:38:48.740" threadId="0000000000B91388" success="true" from="nursery"/>
<exclusive-end id="906" timestamp="2019-08-11T07:38:48.740" durationms="2.568" />

<exclusive-start id="907" timestamp="2019-08-11T07:38:49.129" intervalms="391.573">
  <response-info timems="0.021" idlems="0.021" threads="0" lastid="0000000000B85600" lastname="node-21" />
</exclusive-start>
<af-start id="908" threadId="0000000000B85F88" totalBytesRequested="32" timestamp="2019-08-11T07:38:49.129" intervalms="391.469" type="nursery" />
<cycle-start id="909" type="scavenge" contextid="0" timestamp="2019-08-11T07:38:49.129" intervalms="391.427" />
<gc-start id="910" type="scavenge" contextid="909" timestamp="2019-08-11T07:38:49.129">
  <mem-info id="911" free="4192581808" total="4203675648" percent="99">
    <mem type="nursery" free="0" total="2228224" percent="0">
      <mem type="allocate" free="0" total="1966080" percent="0" />
      <mem type="survivor" free="0" total="262144" percent="0" />
    </mem>
    <mem type="tenure" free="4192581808" total="4201447424" percent="99">
      <mem type="soa" free="3982510256" total="3991375872" percent="99" />
      <mem type="loa" free="210071552" total="210071552" percent="100" />
    </mem>
    <remembered-set count="377" />
  </mem-info>
</gc-start>
<allocation-stats totalBytes="1836320" >
  <allocated-bytes non-tlh="24" tlh="1836296" />
  <largest-consumer threadName="node-4" threadId="0000000000B9BE00" bytes="90096" />
</allocation-stats>
<gc-op id="912" type="scavenge" timems="1.245" contextid="909" timestamp="2019-08-11T07:38:49.131">
  <scavenger-info tenureage="2" tenuremask="4004" tiltratio="88" />
  <memory-copied type="nursery" objects="2244" bytes="52936" bytesdiscarded="59960" />
  <memory-copied type="tenure" objects="709" bytes="17016" bytesdiscarded="0" />
</gc-op>
<gc-end id="913" type="scavenge" contextid="909" durationms="1.586" usertimems="1.252" systemtimems="1.232" timestamp="2019-08-11T07:38:49.131" activeThreads="16">
  <mem-info id="914" free="4194418864" total="4203675648" percent="99">
    <mem type="nursery" free="1853184" total="2228224" percent="83">
      <mem type="allocate" free="1853184" total="1966080" percent="94" />
      <mem type="survivor" free="0" total="262144" percent="0" />
    </mem>
    <mem type="tenure" free="4192565680" total="4201447424" percent="99" macro-fragmented="0">
      <mem type="soa" free="3982494128" total="3991375872" percent="99" />
      <mem type="loa" free="210071552" total="210071552" percent="100" />
    </mem>
    <remembered-set count="291" />
  </mem-info>
</gc-end>
<cycle-end id="915" type="scavenge" contextid="909" timestamp="2019-08-11T07:38:49.131" />
  <attribute name="elasticGC enabled" value="1" />
  <attribute name= "numThreadsSpecified" value="16" />
  <attribute name="heapSize specified" value="8519680" />
  <attribute name="Current GC Util" value="1" />
  <attribute name= "Current Time Running" value="19969" />
  <attribute name ="GC Interval" value="200" />
  <attribute name="ProportionalT" value="-39.500000" />
  <attribute name="ProportionalI" value="-39.500000" />
  <attribute name="ProportionalH" value="-39.500000" />
  <attribute name="Current Error" value="-79.000000" />
  <attribute name="IntegralT" value="-15484.000000" />
  <attribute name="IntegralI" value="-15484.000000" />
  <attribute name="IntegralH" value="-15484.000000" />
  <attribute name="DerivativeT" value="-0.201531" />
  <attribute name="DerivativeI" value="-0.201531" />
  <attribute name="DerivativeH" value="-0.201531" />
  <attribute name="Loop Time for DT" value="392.000000" />
  <attribute name="Output H" value="4203675648"/>
  <attribute name="Output I" value="200"/>
  <attribute name="Output T" value="16"/>
  <attribute name="Target GC Util Change" value ="80.000000" />
  <attribute name="Current GC Util Change" value="1.000000"/>
  <attribute name="GC Util currently" value="1" />
  <attribute name="CPU Util currently" value="8" />
<allocation-satisfied id="916" threadId="0000000000B85600" bytesRequested="32" />
<af-end id="917" timestamp="2019-08-11T07:38:49.131" threadId="0000000000B85F88" success="true" from="nursery"/>
<exclusive-end id="918" timestamp="2019-08-11T07:38:49.131" durationms="1.837" />

<exclusive-start id="919" timestamp="2019-08-11T07:38:49.456" intervalms="326.617">
  <response-info timems="0.230" idlems="0.230" threads="0" lastid="0000000000BB2500" lastname="node-6" />
</exclusive-start>
<af-start id="920" threadId="0000000000BB2E88" totalBytesRequested="16" timestamp="2019-08-11T07:38:49.456" intervalms="326.617" type="nursery" />
<cycle-start id="921" type="scavenge" contextid="0" timestamp="2019-08-11T07:38:49.456" intervalms="326.615" />
<gc-start id="922" type="scavenge" contextid="921" timestamp="2019-08-11T07:38:49.456">
  <mem-info id="923" free="4192565680" total="4203675648" percent="99">
    <mem type="nursery" free="0" total="2228224" percent="0">
      <mem type="allocate" free="0" total="1966080" percent="0" />
      <mem type="survivor" free="0" total="262144" percent="0" />
    </mem>
    <mem type="tenure" free="4192565680" total="4201447424" percent="99">
      <mem type="soa" free="3982494128" total="3991375872" percent="99" />
      <mem type="loa" free="210071552" total="210071552" percent="100" />
    </mem>
    <remembered-set count="382" />
  </mem-info>
</gc-start>
<allocation-stats totalBytes="1852176" >
  <allocated-bytes non-tlh="32" tlh="1852144" />
  <largest-consumer threadName="node-16" threadId="0000000000BAAD00" bytes="90112" />
</allocation-stats>
<gc-op id="924" type="scavenge" timems="1.237" contextid="921" timestamp="2019-08-11T07:38:49.457">
  <scavenger-info tenureage="2" tenuremask="4004" tiltratio="88" />
  <memory-copied type="nursery" objects="2316" bytes="55288" bytesdiscarded="57608" />
  <memory-copied type="tenure" objects="939" bytes="22536" bytesdiscarded="0" />
</gc-op>
<gc-end id="925" type="scavenge" contextid="921" durationms="1.558" usertimems="0.971" systemtimems="2.710" timestamp="2019-08-11T07:38:49.458" activeThreads="16">
  <mem-info id="926" free="4194402736" total="4203675648" percent="99">
    <mem type="nursery" free="1853184" total="2228224" percent="83">
      <mem type="allocate" free="1853184" total="1966080" percent="94" />
      <mem type="survivor" free="0" total="262144" percent="0" />
    </mem>
    <mem type="tenure" free="4192549552" total="4201447424" percent="99" macro-fragmented="868149">
      <mem type="soa" free="3982478000" total="3991375872" percent="99" />
      <mem type="loa" free="210071552" total="210071552" percent="100" />
    </mem>
    <remembered-set count="295" />
  </mem-info>
</gc-end>
<cycle-end id="927" type="scavenge" contextid="921" timestamp="2019-08-11T07:38:49.458" />
  <attribute name="elasticGC enabled" value="1" />
  <attribute name= "numThreadsSpecified" value="16" />
  <attribute name="heapSize specified" value="8519680" />
  <attribute name="Current GC Util" value="0" />
  <attribute name= "Current Time Running" value="20295" />
  <attribute name ="GC Interval" value="200" />
  <attribute name="ProportionalT" value="-40.000000" />
  <attribute name="ProportionalI" value="-40.000000" />
  <attribute name="ProportionalH" value="-40.000000" />
  <attribute name="Current Error" value="-80.000000" />
  <attribute name="IntegralT" value="-13040.000000" />
  <attribute name="IntegralI" value="-13040.000000" />
  <attribute name="IntegralH" value="-13040.000000" />
  <attribute name="DerivativeT" value="-0.245399" />
  <attribute name="DerivativeI" value="-0.245399" />
  <attribute name="DerivativeH" value="-0.245399" />
  <attribute name="Loop Time for DT" value="326.000000" />
  <attribute name="Output H" value="4203675648"/>
  <attribute name="Output I" value="200"/>
  <attribute name="Output T" value="16"/>
  <attribute name="Target GC Util Change" value ="80.000000" />
  <attribute name="Current GC Util Change" value="0.000000"/>
  <attribute name="GC Util currently" value="0" />
  <attribute name="CPU Util currently" value="6" />
<allocation-satisfied id="928" threadId="0000000000BB2500" bytesRequested="16" />
<af-end id="929" timestamp="2019-08-11T07:38:49.458" threadId="0000000000BB2E88" success="true" from="nursery"/>
<exclusive-end id="930" timestamp="2019-08-11T07:38:49.458" durationms="1.778" />

<exclusive-start id="931" timestamp="2019-08-11T07:38:49.810" intervalms="353.844">
  <response-info timems="0.327" idlems="0.195" threads="2" lastid="0000000000B67700" lastname="node-7" />
</exclusive-start>
<af-start id="932" threadId="0000000000B8D788" totalBytesRequested="16" timestamp="2019-08-11T07:38:49.810" intervalms="353.908" type="nursery" />
<cycle-start id="933" type="scavenge" contextid="0" timestamp="2019-08-11T07:38:49.810" intervalms="353.910" />
<gc-start id="934" type="scavenge" contextid="933" timestamp="2019-08-11T07:38:49.810">
  <mem-info id="935" free="4192549552" total="4203675648" percent="99">
    <mem type="nursery" free="0" total="2228224" percent="0">
      <mem type="allocate" free="0" total="1966080" percent="0" />
      <mem type="survivor" free="0" total="262144" percent="0" />
    </mem>
    <mem type="tenure" free="4192549552" total="4201447424" percent="99">
      <mem type="soa" free="3982478000" total="3991375872" percent="99" />
      <mem type="loa" free="210071552" total="210071552" percent="100" />
    </mem>
    <remembered-set count="383" />
  </mem-info>
</gc-start>
<allocation-stats totalBytes="1851192" >
  <allocated-bytes non-tlh="16" tlh="1851176" />
  <largest-consumer threadName="node-16" threadId="0000000000BAAD00" bytes="90096" />
</allocation-stats>
<gc-op id="936" type="scavenge" timems="1.619" contextid="933" timestamp="2019-08-11T07:38:49.812">
  <scavenger-info tenureage="2" tenuremask="4004" tiltratio="88" />
  <memory-copied type="nursery" objects="2281" bytes="69544" bytesdiscarded="91736" />
  <memory-copied type="tenure" objects="1190" bytes="28560" bytesdiscarded="0" />
</gc-op>
<gc-end id="937" type="scavenge" contextid="933" durationms="1.991" usertimems="0.992" systemtimems="4.052" timestamp="2019-08-11T07:38:49.812" activeThreads="16">
  <mem-info id="938" free="4194322096" total="4203675648" percent="99">
    <mem type="nursery" free="1804800" total="2228224" percent="80">
      <mem type="allocate" free="1804800" total="1966080" percent="91" />
      <mem type="survivor" free="0" total="262144" percent="0" />
    </mem>
    <mem type="tenure" free="4192517296" total="4201447424" percent="99" macro-fragmented="2160235">
      <mem type="soa" free="3982445744" total="3991375872" percent="99" />
      <mem type="loa" free="210071552" total="210071552" percent="100" />
    </mem>
    <remembered-set count="296" />
  </mem-info>
</gc-end>
<cycle-end id="939" type="scavenge" contextid="933" timestamp="2019-08-11T07:38:49.812" />
  <attribute name="elasticGC enabled" value="1" />
  <attribute name= "numThreadsSpecified" value="16" />
  <attribute name="heapSize specified" value="8519680" />
  <attribute name="Current GC Util" value="0" />
  <attribute name= "Current Time Running" value="20649" />
  <attribute name ="GC Interval" value="200" />
  <attribute name="ProportionalT" value="-40.000000" />
  <attribute name="ProportionalI" value="-40.000000" />
  <attribute name="ProportionalH" value="-40.000000" />
  <attribute name="Current Error" value="-80.000000" />
  <attribute name="IntegralT" value="-14160.000000" />
  <attribute name="IntegralI" value="-14160.000000" />
  <attribute name="IntegralH" value="-14160.000000" />
  <attribute name="DerivativeT" value="-0.225989" />
  <attribute name="DerivativeI" value="-0.225989" />
  <attribute name="DerivativeH" value="-0.225989" />
  <attribute name="Loop Time for DT" value="354.000000" />
  <attribute name="Output H" value="4203675648"/>
  <attribute name="Output I" value="200"/>
  <attribute name="Output T" value="16"/>
  <attribute name="Target GC Util Change" value ="80.000000" />
  <attribute name="Current GC Util Change" value="0.000000"/>
  <attribute name="GC Util currently" value="0" />
  <attribute name="CPU Util currently" value="7" />
<allocation-satisfied id="940" threadId="0000000000B8CE00" bytesRequested="16" />
<af-end id="941" timestamp="2019-08-11T07:38:49.812" threadId="0000000000B8D788" success="true" from="nursery"/>
<exclusive-end id="942" timestamp="2019-08-11T07:38:49.812" durationms="2.380" />

<exclusive-start id="943" timestamp="2019-08-11T07:38:50.181" intervalms="371.452">
  <response-info timems="0.028" idlems="0.028" threads="0" lastid="0000000000BBDD00" lastname="node-25" />
</exclusive-start>
<af-start id="944" threadId="0000000000BBE688" totalBytesRequested="24" timestamp="2019-08-11T07:38:50.181" intervalms="371.391" type="nursery" />
<cycle-start id="945" type="scavenge" contextid="0" timestamp="2019-08-11T07:38:50.181" intervalms="371.389" />
<gc-start id="946" type="scavenge" contextid="945" timestamp="2019-08-11T07:38:50.181">
  <mem-info id="947" free="4192517296" total="4203675648" percent="99">
    <mem type="nursery" free="0" total="2228224" percent="0">
      <mem type="allocate" free="0" total="1966080" percent="0" />
      <mem type="survivor" free="0" total="262144" percent="0" />
    </mem>
    <mem type="tenure" free="4192517296" total="4201447424" percent="99">
      <mem type="soa" free="3982445744" total="3991375872" percent="99" />
      <mem type="loa" free="210071552" total="210071552" percent="100" />
    </mem>
    <remembered-set count="386" />
  </mem-info>
</gc-start>
<allocation-stats totalBytes="1801704" >
  <allocated-bytes non-tlh="16" tlh="1801688" />
  <largest-consumer threadName="node-14" threadId="0000000000BC9100" bytes="90104" />
</allocation-stats>
<gc-op id="948" type="scavenge" timems="1.517" contextid="945" timestamp="2019-08-11T07:38:50.183">
  <scavenger-info tenureage="2" tenuremask="4004" tiltratio="88" />
  <memory-copied type="nursery" objects="2460" bytes="60752" bytesdiscarded="52144" />
  <memory-copied type="tenure" objects="1005" bytes="24120" bytesdiscarded="0" />
</gc-op>
<gc-end id="949" type="scavenge" contextid="945" durationms="1.857" usertimems="3.000" systemtimems="0.047" timestamp="2019-08-11T07:38:50.183" activeThreads="16">
  <mem-info id="950" free="4194354352" total="4203675648" percent="99">
    <mem type="nursery" free="1853184" total="2228224" percent="83">
      <mem type="allocate" free="1853184" total="1966080" percent="94" />
      <mem type="survivor" free="0" total="262144" percent="0" />
    </mem>
    <mem type="tenure" free="4192501168" total="4201447424" percent="99" macro-fragmented="0">
      <mem type="soa" free="3982429616" total="3991375872" percent="99" />
      <mem type="loa" free="210071552" total="210071552" percent="100" />
    </mem>
    <remembered-set count="318" />
  </mem-info>
</gc-end>
<cycle-end id="951" type="scavenge" contextid="945" timestamp="2019-08-11T07:38:50.183" />
  <attribute name="elasticGC enabled" value="1" />
  <attribute name= "numThreadsSpecified" value="16" />
  <attribute name="heapSize specified" value="8519680" />
  <attribute name="Current GC Util" value="0" />
  <attribute name= "Current Time Running" value="21021" />
  <attribute name ="GC Interval" value="200" />
  <attribute name="ProportionalT" value="-40.000000" />
  <attribute name="ProportionalI" value="-40.000000" />
  <attribute name="ProportionalH" value="-40.000000" />
  <attribute name="Current Error" value="-80.000000" />
  <attribute name="IntegralT" value="-14880.000000" />
  <attribute name="IntegralI" value="-14880.000000" />
  <attribute name="IntegralH" value="-14880.000000" />
  <attribute name="DerivativeT" value="-0.215054" />
  <attribute name="DerivativeI" value="-0.215054" />
  <attribute name="DerivativeH" value="-0.215054" />
  <attribute name="Loop Time for DT" value="372.000000" />
  <attribute name="Output H" value="4203675648"/>
  <attribute name="Output I" value="200"/>
  <attribute name="Output T" value="16"/>
  <attribute name="Target GC Util Change" value ="80.000000" />
  <attribute name="Current GC Util Change" value="0.000000"/>
  <attribute name="GC Util currently" value="0" />
  <attribute name="CPU Util currently" value="7" />
<allocation-satisfied id="952" threadId="0000000000BBDD00" bytesRequested="24" />
<af-end id="953" timestamp="2019-08-11T07:38:50.183" threadId="0000000000BBE688" success="true" from="nursery"/>
<exclusive-end id="954" timestamp="2019-08-11T07:38:50.183" durationms="2.062" />

<exclusive-start id="955" timestamp="2019-08-11T07:38:50.497" intervalms="315.329">
  <response-info timems="0.167" idlems="0.167" threads="0" lastid="0000000000BB6100" lastname="node-10" />
</exclusive-start>
<af-start id="956" threadId="0000000000BB6A88" totalBytesRequested="24" timestamp="2019-08-11T07:38:50.497" intervalms="315.317" type="nursery" />
<cycle-start id="957" type="scavenge" contextid="0" timestamp="2019-08-11T07:38:50.497" intervalms="315.313" />
<gc-start id="958" type="scavenge" contextid="957" timestamp="2019-08-11T07:38:50.497">
  <mem-info id="959" free="4192501168" total="4203675648" percent="99">
    <mem type="nursery" free="0" total="2228224" percent="0">
      <mem type="allocate" free="0" total="1966080" percent="0" />
      <mem type="survivor" free="0" total="262144" percent="0" />
    </mem>
    <mem type="tenure" free="4192501168" total="4201447424" percent="99">
      <mem type="soa" free="3982429616" total="3991375872" percent="99" />
      <mem type="loa" free="210071552" total="210071552" percent="100" />
    </mem>
    <remembered-set count="385" />
  </mem-info>
</gc-start>
<allocation-stats totalBytes="1850208" >
  <allocated-bytes non-tlh="24" tlh="1850184" />
  <largest-consumer threadName="node-14" threadId="0000000000BC9100" bytes="90088" />
</allocation-stats>
<gc-op id="960" type="scavenge" timems="0.967" contextid="957" timestamp="2019-08-11T07:38:50.498">
  <scavenger-info tenureage="2" tenuremask="4004" tiltratio="88" />
  <memory-copied type="nursery" objects="2319" bytes="67344" bytesdiscarded="61680" />
  <memory-copied type="tenure" objects="1095" bytes="26280" bytesdiscarded="0" />
</gc-op>
<gc-end id="961" type="scavenge" contextid="957" durationms="1.306" usertimems="0.864" systemtimems="1.954" timestamp="2019-08-11T07:38:50.498" activeThreads="16">
  <mem-info id="962" free="4194305968" total="4203675648" percent="99">
    <mem type="nursery" free="1837056" total="2228224" percent="82">
      <mem type="allocate" free="1837056" total="1966080" percent="93" />
      <mem type="survivor" free="0" total="262144" percent="0" />
    </mem>
    <mem type="tenure" free="4192468912" total="4201447424" percent="99" macro-fragmented="0">
      <mem type="soa" free="3982397360" total="3991375872" percent="99" />
      <mem type="loa" free="210071552" total="210071552" percent="100" />
    </mem>
    <remembered-set count="297" />
  </mem-info>
</gc-end>
<cycle-end id="963" type="scavenge" contextid="957" timestamp="2019-08-11T07:38:50.498" />
  <attribute name="elasticGC enabled" value="1" />
  <attribute name= "numThreadsSpecified" value="16" />
  <attribute name="heapSize specified" value="8519680" />
  <attribute name="Current GC Util" value="1" />
  <attribute name= "Current Time Running" value="21336" />
  <attribute name ="GC Interval" value="200" />
  <attribute name="ProportionalT" value="-39.500000" />
  <attribute name="ProportionalI" value="-39.500000" />
  <attribute name="ProportionalH" value="-39.500000" />
  <attribute name="Current Error" value="-79.000000" />
  <attribute name="IntegralT" value="-12442.500000" />
  <attribute name="IntegralI" value="-12442.500000" />
  <attribute name="IntegralH" value="-12442.500000" />
  <attribute name="DerivativeT" value="-0.250794" />
  <attribute name="DerivativeI" value="-0.250794" />
  <attribute name="DerivativeH" value="-0.250794" />
  <attribute name="Loop Time for DT" value="315.000000" />
  <attribute name="Output H" value="4203675648"/>
  <attribute name="Output I" value="200"/>
  <attribute name="Output T" value="16"/>
  <attribute name="Target GC Util Change" value ="80.000000" />
  <attribute name="Current GC Util Change" value="1.000000"/>
  <attribute name="GC Util currently" value="1" />
  <attribute name="CPU Util currently" value="7" />
<allocation-satisfied id="964" threadId="0000000000BB6100" bytesRequested="24" />
<af-end id="965" timestamp="2019-08-11T07:38:50.498" threadId="0000000000BB6A88" success="true" from="nursery"/>
<exclusive-end id="966" timestamp="2019-08-11T07:38:50.498" durationms="1.511" />

<exclusive-start id="967" timestamp="2019-08-11T07:38:50.842" intervalms="345.530">
  <response-info timems="0.444" idlems="0.225" threads="1" lastid="0000000000BAE900" lastname="node-20" />
</exclusive-start>
<af-start id="968" threadId="0000000000B91388" totalBytesRequested="16" timestamp="2019-08-11T07:38:50.842" intervalms="345.607" type="nursery" />
<cycle-start id="969" type="scavenge" contextid="0" timestamp="2019-08-11T07:38:50.842" intervalms="345.673" />
<gc-start id="970" type="scavenge" contextid="969" timestamp="2019-08-11T07:38:50.842">
  <mem-info id="971" free="4192468912" total="4203675648" percent="99">
    <mem type="nursery" free="0" total="2228224" percent="0">
      <mem type="allocate" free="0" total="1966080" percent="0" />
      <mem type="survivor" free="0" total="262144" percent="0" />
    </mem>
    <mem type="tenure" free="4192468912" total="4201447424" percent="99">
      <mem type="soa" free="3982397360" total="3991375872" percent="99" />
      <mem type="loa" free="210071552" total="210071552" percent="100" />
    </mem>
    <remembered-set count="378" />
  </mem-info>
</gc-start>
<allocation-stats totalBytes="1833984" >
  <allocated-bytes non-tlh="24" tlh="1833960" />
  <largest-consumer threadName="node-21" threadId="0000000000B85600" bytes="90096" />
</allocation-stats>
<gc-op id="972" type="scavenge" timems="1.786" contextid="969" timestamp="2019-08-11T07:38:50.844">
  <scavenger-info tenureage="2" tenuremask="4004" tiltratio="88" />
  <memory-copied type="nursery" objects="2243" bytes="62008" bytesdiscarded="34760" />
  <memory-copied type="tenure" objects="1224" bytes="29376" bytesdiscarded="0" />
</gc-op>
<gc-end id="973" type="scavenge" contextid="969" durationms="2.625" usertimems="2.613" systemtimems="1.955" timestamp="2019-08-11T07:38:50.845" activeThreads="16">
  <mem-info id="974" free="4194305968" total="4203675648" percent="99">
    <mem type="nursery" free="1869312" total="2228224" percent="83">
      <mem type="allocate" free="1869312" total="1966080" percent="95" />
      <mem type="survivor" free="0" total="262144" percent="0" />
    </mem>
    <mem type="tenure" free="4192436656" total="4201447424" percent="99" macro-fragmented="0">
      <mem type="soa" free="3982365104" total="3991375872" percent="99" />
      <mem type="loa" free="210071552" total="210071552" percent="100" />
    </mem>
    <remembered-set count="296" />
  </mem-info>
</gc-end>
<cycle-end id="975" type="scavenge" contextid="969" timestamp="2019-08-11T07:38:50.845" />
  <attribute name="elasticGC enabled" value="1" />
  <attribute name= "numThreadsSpecified" value="16" />
  <attribute name="heapSize specified" value="8519680" />
  <attribute name="Current GC Util" value="0" />
  <attribute name= "Current Time Running" value="21682" />
  <attribute name ="GC Interval" value="200" />
  <attribute name="ProportionalT" value="-40.000000" />
  <attribute name="ProportionalI" value="-40.000000" />
  <attribute name="ProportionalH" value="-40.000000" />
  <attribute name="Current Error" value="-80.000000" />
  <attribute name="IntegralT" value="-13840.000000" />
  <attribute name="IntegralI" value="-13840.000000" />
  <attribute name="IntegralH" value="-13840.000000" />
  <attribute name="DerivativeT" value="-0.231214" />
  <attribute name="DerivativeI" value="-0.231214" />
  <attribute name="DerivativeH" value="-0.231214" />
  <attribute name="Loop Time for DT" value="346.000000" />
  <attribute name="Output H" value="4203675648"/>
  <attribute name="Output I" value="200"/>
  <attribute name="Output T" value="16"/>
  <attribute name="Target GC Util Change" value ="80.000000" />
  <attribute name="Current GC Util Change" value="0.000000"/>
  <attribute name="GC Util currently" value="0" />
  <attribute name="CPU Util currently" value="6" />
<allocation-satisfied id="976" threadId="0000000000B90A00" bytesRequested="16" />
<af-end id="977" timestamp="2019-08-11T07:38:50.845" threadId="0000000000B91388" success="true" from="nursery"/>
<exclusive-end id="978" timestamp="2019-08-11T07:38:50.845" durationms="3.083" />

<exclusive-start id="979" timestamp="2019-08-11T07:38:51.192" intervalms="350.208">
  <response-info timems="0.296" idlems="0.296" threads="0" lastid="0000000000BAAD00" lastname="node-16" />
</exclusive-start>
<af-start id="980" threadId="0000000000BAB688" totalBytesRequested="24" timestamp="2019-08-11T07:38:51.192" intervalms="350.177" type="nursery" />
<cycle-start id="981" type="scavenge" contextid="0" timestamp="2019-08-11T07:38:51.192" intervalms="350.141" />
<gc-start id="982" type="scavenge" contextid="981" timestamp="2019-08-11T07:38:51.193">
  <mem-info id="983" free="4192436656" total="4203675648" percent="99">
    <mem type="nursery" free="0" total="2228224" percent="0">
      <mem type="allocate" free="0" total="1966080" percent="0" />
      <mem type="survivor" free="0" total="262144" percent="0" />
    </mem>
    <mem type="tenure" free="4192436656" total="4201447424" percent="99">
      <mem type="soa" free="3982365104" total="3991375872" percent="99" />
      <mem type="loa" free="210071552" total="210071552" percent="100" />
    </mem>
    <remembered-set count="384" />
  </mem-info>
</gc-start>
<allocation-stats totalBytes="1865648" >
  <allocated-bytes non-tlh="16" tlh="1865632" />
  <largest-consumer threadName="node-19" threadId="0000000000B81B00" bytes="93920" />
</allocation-stats>
<gc-op id="984" type="scavenge" timems="1.407" contextid="981" timestamp="2019-08-11T07:38:51.194">
  <scavenger-info tenureage="2" tenuremask="4004" tiltratio="88" />
  <memory-copied type="nursery" objects="2237" bytes="55400" bytesdiscarded="57496" />
  <memory-copied type="tenure" objects="926" bytes="22224" bytesdiscarded="0" />
</gc-op>
<gc-end id="985" type="scavenge" contextid="981" durationms="1.930" usertimems="0.000" systemtimems="2.662" timestamp="2019-08-11T07:38:51.194" activeThreads="16">
  <mem-info id="986" free="4194273712" total="4203675648" percent="99">
    <mem type="nursery" free="1853184" total="2228224" percent="83">
      <mem type="allocate" free="1853184" total="1966080" percent="94" />
      <mem type="survivor" free="0" total="262144" percent="0" />
    </mem>
    <mem type="tenure" free="4192420528" total="4201447424" percent="99" macro-fragmented="0">
      <mem type="soa" free="3982348976" total="3991375872" percent="99" />
      <mem type="loa" free="210071552" total="210071552" percent="100" />
    </mem>
    <remembered-set count="316" />
  </mem-info>
</gc-end>
<cycle-end id="987" type="scavenge" contextid="981" timestamp="2019-08-11T07:38:51.195" />
  <attribute name="elasticGC enabled" value="1" />
  <attribute name= "numThreadsSpecified" value="16" />
  <attribute name="heapSize specified" value="8519680" />
  <attribute name="Current GC Util" value="1" />
  <attribute name= "Current Time Running" value="22032" />
  <attribute name ="GC Interval" value="200" />
  <attribute name="ProportionalT" value="-39.500000" />
  <attribute name="ProportionalI" value="-39.500000" />
  <attribute name="ProportionalH" value="-39.500000" />
  <attribute name="Current Error" value="-79.000000" />
  <attribute name="IntegralT" value="-13825.000000" />
  <attribute name="IntegralI" value="-13825.000000" />
  <attribute name="IntegralH" value="-13825.000000" />
  <attribute name="DerivativeT" value="-0.225714" />
  <attribute name="DerivativeI" value="-0.225714" />
  <attribute name="DerivativeH" value="-0.225714" />
  <attribute name="Loop Time for DT" value="350.000000" />
  <attribute name="Output H" value="4203675648"/>
  <attribute name="Output I" value="200"/>
  <attribute name="Output T" value="16"/>
  <attribute name="Target GC Util Change" value ="80.000000" />
  <attribute name="Current GC Util Change" value="1.000000"/>
  <attribute name="GC Util currently" value="1" />
  <attribute name="CPU Util currently" value="6" />
<allocation-satisfied id="988" threadId="0000000000BAAD00" bytesRequested="24" />
<af-end id="989" timestamp="2019-08-11T07:38:51.195" threadId="0000000000BAB688" success="true" from="nursery"/>
<exclusive-end id="990" timestamp="2019-08-11T07:38:51.195" durationms="2.337" />

<exclusive-start id="991" timestamp="2019-08-11T07:38:51.486" intervalms="293.380">
  <response-info timems="0.019" idlems="0.019" threads="0" lastid="0000000000B9BE00" lastname="node-4" />
</exclusive-start>
<af-start id="992" threadId="0000000000B9C788" totalBytesRequested="32" timestamp="2019-08-11T07:38:51.486" intervalms="293.347" type="nursery" />
<cycle-start id="993" type="scavenge" contextid="0" timestamp="2019-08-11T07:38:51.486" intervalms="293.317" />
<gc-start id="994" type="scavenge" contextid="993" timestamp="2019-08-11T07:38:51.486">
  <mem-info id="995" free="4192420528" total="4203675648" percent="99">
    <mem type="nursery" free="0" total="2228224" percent="0">
      <mem type="allocate" free="0" total="1966080" percent="0" />
      <mem type="survivor" free="0" total="262144" percent="0" />
    </mem>
    <mem type="tenure" free="4192420528" total="4201447424" percent="99">
      <mem type="soa" free="3982348976" total="3991375872" percent="99" />
      <mem type="loa" free="210071552" total="210071552" percent="100" />
    </mem>
    <remembered-set count="382" />
  </mem-info>
</gc-start>
<allocation-stats totalBytes="1850016" >
  <allocated-bytes non-tlh="24" tlh="1849992" />
  <largest-consumer threadName="node-9" threadId="0000000000BC5500" bytes="90112" />
</allocation-stats>
<gc-op id="996" type="scavenge" timems="1.292" contextid="993" timestamp="2019-08-11T07:38:51.487">
  <scavenger-info tenureage="2" tenuremask="4004" tiltratio="88" />
  <memory-copied type="nursery" objects="1970" bytes="48992" bytesdiscarded="80032" />
  <memory-copied type="tenure" objects="1146" bytes="27504" bytesdiscarded="0" />
</gc-op>
<gc-end id="997" type="scavenge" contextid="993" durationms="1.595" usertimems="0.841" systemtimems="2.567" timestamp="2019-08-11T07:38:51.487" activeThreads="16">
  <mem-info id="998" free="4194241456" total="4203675648" percent="99">
    <mem type="nursery" free="1837056" total="2228224" percent="82">
      <mem type="allocate" free="1837056" total="1966080" percent="93" />
      <mem type="survivor" free="0" total="262144" percent="0" />
    </mem>
    <mem type="tenure" free="4192404400" total="4201447424" percent="99" macro-fragmented="2160235">
      <mem type="soa" free="3982332848" total="3991375872" percent="99" />
      <mem type="loa" free="210071552" total="210071552" percent="100" />
    </mem>
    <remembered-set count="316" />
  </mem-info>
</gc-end>
<cycle-end id="999" type="scavenge" contextid="993" timestamp="2019-08-11T07:38:51.487" />
  <attribute name="elasticGC enabled" value="1" />
  <attribute name= "numThreadsSpecified" value="16" />
  <attribute name="heapSize specified" value="8519680" />
  <attribute name="Current GC Util" value="0" />
  <attribute name= "Current Time Running" value="22325" />
  <attribute name ="GC Interval" value="200" />
  <attribute name="ProportionalT" value="-40.000000" />
  <attribute name="ProportionalI" value="-40.000000" />
  <attribute name="ProportionalH" value="-40.000000" />
  <attribute name="Current Error" value="-80.000000" />
  <attribute name="IntegralT" value="-11720.000000" />
  <attribute name="IntegralI" value="-11720.000000" />
  <attribute name="IntegralH" value="-11720.000000" />
  <attribute name="DerivativeT" value="-0.273038" />
  <attribute name="DerivativeI" value="-0.273038" />
  <attribute name="DerivativeH" value="-0.273038" />
  <attribute name="Loop Time for DT" value="293.000000" />
  <attribute name="Output H" value="4203675648"/>
  <attribute name="Output I" value="200"/>
  <attribute name="Output T" value="16"/>
  <attribute name="Target GC Util Change" value ="80.000000" />
  <attribute name="Current GC Util Change" value="0.000000"/>
  <attribute name="GC Util currently" value="0" />
  <attribute name="CPU Util currently" value="5" />
<allocation-satisfied id="1000" threadId="0000000000B9BE00" bytesRequested="32" />
<af-end id="1001" timestamp="2019-08-11T07:38:51.487" threadId="0000000000B9C788" success="true" from="nursery"/>
<exclusive-end id="1002" timestamp="2019-08-11T07:38:51.487" durationms="1.804" />

<exclusive-start id="1003" timestamp="2019-08-11T07:38:51.828" intervalms="342.675">
  <response-info timems="0.226" idlems="0.226" threads="0" lastid="0000000000B89200" lastname="node-24" />
</exclusive-start>
<af-start id="1004" threadId="0000000000B89B88" totalBytesRequested="24" timestamp="2019-08-11T07:38:51.828" intervalms="342.673" type="nursery" />
<cycle-start id="1005" type="scavenge" contextid="0" timestamp="2019-08-11T07:38:51.828" intervalms="342.679" />
<gc-start id="1006" type="scavenge" contextid="1005" timestamp="2019-08-11T07:38:51.828">
  <mem-info id="1007" free="4192404400" total="4203675648" percent="99">
    <mem type="nursery" free="0" total="2228224" percent="0">
      <mem type="allocate" free="0" total="1966080" percent="0" />
      <mem type="survivor" free="0" total="262144" percent="0" />
    </mem>
    <mem type="tenure" free="4192404400" total="4201447424" percent="99">
      <mem type="soa" free="3982332848" total="3991375872" percent="99" />
      <mem type="loa" free="210071552" total="210071552" percent="100" />
    </mem>
    <remembered-set count="383" />
  </mem-info>
</gc-start>
<allocation-stats totalBytes="1835144" >
  <allocated-bytes non-tlh="32" tlh="1835112" />
  <largest-consumer threadName="node-15" threadId="0000000000BC1900" bytes="90104" />
</allocation-stats>
<gc-op id="1008" type="scavenge" timems="0.967" contextid="1005" timestamp="2019-08-11T07:38:51.829">
  <scavenger-info tenureage="2" tenuremask="4004" tiltratio="88" />
  <memory-copied type="nursery" objects="1956" bytes="48656" bytesdiscarded="80368" />
  <memory-copied type="tenure" objects="950" bytes="22800" bytesdiscarded="0" />
</gc-op>
<gc-end id="1009" type="scavenge" contextid="1005" durationms="1.245" usertimems="1.773" systemtimems="0.711" timestamp="2019-08-11T07:38:51.830" activeThreads="16">
  <mem-info id="1010" free="4194241456" total="4203675648" percent="99">
    <mem type="nursery" free="1837056" total="2228224" percent="82">
      <mem type="allocate" free="1837056" total="1966080" percent="93" />
      <mem type="survivor" free="0" total="262144" percent="0" />
    </mem>
    <mem type="tenure" free="4192404400" total="4201447424" percent="99" macro-fragmented="0">
      <mem type="soa" free="3982332848" total="3991375872" percent="99" />
      <mem type="loa" free="210071552" total="210071552" percent="100" />
    </mem>
    <remembered-set count="316" />
  </mem-info>
</gc-end>
<cycle-end id="1011" type="scavenge" contextid="1005" timestamp="2019-08-11T07:38:51.830" />
  <attribute name="elasticGC enabled" value="1" />
  <attribute name= "numThreadsSpecified" value="16" />
  <attribute name="heapSize specified" value="8519680" />
  <attribute name="Current GC Util" value="1" />
  <attribute name= "Current Time Running" value="22668" />
  <attribute name ="GC Interval" value="200" />
  <attribute name="ProportionalT" value="-39.500000" />
  <attribute name="ProportionalI" value="-39.500000" />
  <attribute name="ProportionalH" value="-39.500000" />
  <attribute name="Current Error" value="-79.000000" />
  <attribute name="IntegralT" value="-13548.500000" />
  <attribute name="IntegralI" value="-13548.500000" />
  <attribute name="IntegralH" value="-13548.500000" />
  <attribute name="DerivativeT" value="-0.230321" />
  <attribute name="DerivativeI" value="-0.230321" />
  <attribute name="DerivativeH" value="-0.230321" />
  <attribute name="Loop Time for DT" value="343.000000" />
  <attribute name="Output H" value="4203675648"/>
  <attribute name="Output I" value="200"/>
  <attribute name="Output T" value="16"/>
  <attribute name="Target GC Util Change" value ="80.000000" />
  <attribute name="Current GC Util Change" value="1.000000"/>
  <attribute name="GC Util currently" value="1" />
  <attribute name="CPU Util currently" value="6" />
<allocation-satisfied id="1012" threadId="0000000000B89200" bytesRequested="24" />
<af-end id="1013" timestamp="2019-08-11T07:38:51.830" threadId="0000000000B89B88" success="true" from="nursery"/>
<exclusive-end id="1014" timestamp="2019-08-11T07:38:51.830" durationms="1.465" />

<exclusive-start id="1015" timestamp="2019-08-11T07:38:52.183" intervalms="355.146">
  <response-info timems="0.184" idlems="0.184" threads="0" lastid="0000000000B9BE00" lastname="node-4" />
</exclusive-start>
<af-start id="1016" threadId="0000000000B9C788" totalBytesRequested="832" timestamp="2019-08-11T07:38:52.184" intervalms="355.175" type="nursery" />
<cycle-start id="1017" type="scavenge" contextid="0" timestamp="2019-08-11T07:38:52.184" intervalms="355.172" />
<gc-start id="1018" type="scavenge" contextid="1017" timestamp="2019-08-11T07:38:52.184">
  <mem-info id="1019" free="4192404400" total="4203675648" percent="99">
    <mem type="nursery" free="0" total="2228224" percent="0">
      <mem type="allocate" free="0" total="1966080" percent="0" />
      <mem type="survivor" free="0" total="262144" percent="0" />
    </mem>
    <mem type="tenure" free="4192404400" total="4201447424" percent="99">
      <mem type="soa" free="3982332848" total="3991375872" percent="99" />
      <mem type="loa" free="210071552" total="210071552" percent="100" />
    </mem>
    <remembered-set count="382" />
  </mem-info>
</gc-start>
<allocation-stats totalBytes="1835480" >
  <allocated-bytes non-tlh="24" tlh="1835456" />
  <largest-consumer threadName="node-20" threadId="0000000000BAE900" bytes="90104" />
</allocation-stats>
<gc-op id="1020" type="scavenge" timems="1.314" contextid="1017" timestamp="2019-08-11T07:38:52.185">
  <scavenger-info tenureage="2" tenuremask="4004" tiltratio="88" />
  <memory-copied type="nursery" objects="2110" bytes="64032" bytesdiscarded="48864" />
  <memory-copied type="tenure" objects="878" bytes="21072" bytesdiscarded="0" />
</gc-op>
<gc-end id="1021" type="scavenge" contextid="1017" durationms="1.700" usertimems="3.325" systemtimems="0.000" timestamp="2019-08-11T07:38:52.185" activeThreads="16">
  <mem-info id="1022" free="4194225328" total="4203675648" percent="99">
    <mem type="nursery" free="1853184" total="2228224" percent="83">
      <mem type="allocate" free="1853184" total="1966080" percent="94" />
      <mem type="survivor" free="0" total="262144" percent="0" />
    </mem>
    <mem type="tenure" free="4192372144" total="4201447424" percent="99" macro-fragmented="0">
      <mem type="soa" free="3982300592" total="3991375872" percent="99" />
      <mem type="loa" free="210071552" total="210071552" percent="100" />
    </mem>
    <remembered-set count="299" />
  </mem-info>
</gc-end>
<cycle-end id="1023" type="scavenge" contextid="1017" timestamp="2019-08-11T07:38:52.185" />
  <attribute name="elasticGC enabled" value="1" />
  <attribute name= "numThreadsSpecified" value="16" />
  <attribute name="heapSize specified" value="8519680" />
  <attribute name="Current GC Util" value="0" />
  <attribute name= "Current Time Running" value="23023" />
  <attribute name ="GC Interval" value="200" />
  <attribute name="ProportionalT" value="-40.000000" />
  <attribute name="ProportionalI" value="-40.000000" />
  <attribute name="ProportionalH" value="-40.000000" />
  <attribute name="Current Error" value="-80.000000" />
  <attribute name="IntegralT" value="-14200.000000" />
  <attribute name="IntegralI" value="-14200.000000" />
  <attribute name="IntegralH" value="-14200.000000" />
  <attribute name="DerivativeT" value="-0.225352" />
  <attribute name="DerivativeI" value="-0.225352" />
  <attribute name="DerivativeH" value="-0.225352" />
  <attribute name="Loop Time for DT" value="355.000000" />
  <attribute name="Output H" value="4203675648"/>
  <attribute name="Output I" value="200"/>
  <attribute name="Output T" value="16"/>
  <attribute name="Target GC Util Change" value ="80.000000" />
  <attribute name="Current GC Util Change" value="0.000000"/>
  <attribute name="GC Util currently" value="0" />
  <attribute name="CPU Util currently" value="7" />
<allocation-satisfied id="1024" threadId="0000000000B9BE00" bytesRequested="832" />
<af-end id="1025" timestamp="2019-08-11T07:38:52.185" threadId="0000000000B9C788" success="true" from="nursery"/>
<exclusive-end id="1026" timestamp="2019-08-11T07:38:52.185" durationms="1.985" />

<exclusive-start id="1027" timestamp="2019-08-11T07:38:52.621" intervalms="437.334">
  <response-info timems="0.150" idlems="0.150" threads="0" lastid="0000000000B72B00" lastname="node-12" />
</exclusive-start>
<af-start id="1028" threadId="0000000000B73488" totalBytesRequested="136" timestamp="2019-08-11T07:38:52.621" intervalms="437.313" type="nursery" />
<cycle-start id="1029" type="scavenge" contextid="0" timestamp="2019-08-11T07:38:52.621" intervalms="437.316" />
<gc-start id="1030" type="scavenge" contextid="1029" timestamp="2019-08-11T07:38:52.621">
  <mem-info id="1031" free="4192372144" total="4203675648" percent="99">
    <mem type="nursery" free="0" total="2228224" percent="0">
      <mem type="allocate" free="0" total="1966080" percent="0" />
      <mem type="survivor" free="0" total="262144" percent="0" />
    </mem>
    <mem type="tenure" free="4192372144" total="4201447424" percent="99">
      <mem type="soa" free="3982300592" total="3991375872" percent="99" />
      <mem type="loa" free="210071552" total="210071552" percent="100" />
    </mem>
    <remembered-set count="387" />
  </mem-info>
</gc-start>
<allocation-stats totalBytes="1851336" >
  <allocated-bytes non-tlh="832" tlh="1850504" />
  <largest-consumer threadName="node-4" threadId="0000000000B9BE00" bytes="90920" />
</allocation-stats>
<gc-op id="1032" type="scavenge" timems="2.783" contextid="1029" timestamp="2019-08-11T07:38:52.624">
  <scavenger-info tenureage="2" tenuremask="4004" tiltratio="88" />
  <memory-copied type="nursery" objects="2416" bytes="58464" bytesdiscarded="22176" />
  <memory-copied type="tenure" objects="937" bytes="22488" bytesdiscarded="0" />
</gc-op>
<gc-end id="1033" type="scavenge" contextid="1029" durationms="3.114" usertimems="7.421" systemtimems="0.683" timestamp="2019-08-11T07:38:52.624" activeThreads="16">
  <mem-info id="1034" free="4194225328" total="4203675648" percent="99">
    <mem type="nursery" free="1885440" total="2228224" percent="84">
      <mem type="allocate" free="1885440" total="1966080" percent="95" />
      <mem type="survivor" free="0" total="262144" percent="0" />
    </mem>
    <mem type="tenure" free="4192339888" total="4201447424" percent="99" macro-fragmented="0">
      <mem type="soa" free="3982268336" total="3991375872" percent="99" />
      <mem type="loa" free="210071552" total="210071552" percent="100" />
    </mem>
    <remembered-set count="309" />
  </mem-info>
</gc-end>
<cycle-end id="1035" type="scavenge" contextid="1029" timestamp="2019-08-11T07:38:52.624" />
  <attribute name="elasticGC enabled" value="1" />
  <attribute name= "numThreadsSpecified" value="16" />
  <attribute name="heapSize specified" value="8519680" />
  <attribute name="Current GC Util" value="0" />
  <attribute name= "Current Time Running" value="23460" />
  <attribute name ="GC Interval" value="200" />
  <attribute name="ProportionalT" value="-40.000000" />
  <attribute name="ProportionalI" value="-40.000000" />
  <attribute name="ProportionalH" value="-40.000000" />
  <attribute name="Current Error" value="-80.000000" />
  <attribute name="IntegralT" value="-17480.000000" />
  <attribute name="IntegralI" value="-17480.000000" />
  <attribute name="IntegralH" value="-17480.000000" />
  <attribute name="DerivativeT" value="-0.183066" />
  <attribute name="DerivativeI" value="-0.183066" />
  <attribute name="DerivativeH" value="-0.183066" />
  <attribute name="Loop Time for DT" value="437.000000" />
  <attribute name="Output H" value="4203675648"/>
  <attribute name="Output I" value="200"/>
  <attribute name="Output T" value="16"/>
  <attribute name="Target GC Util Change" value ="80.000000" />
  <attribute name="Current GC Util Change" value="0.000000"/>
  <attribute name="GC Util currently" value="0" />
  <attribute name="CPU Util currently" value="8" />
<allocation-satisfied id="1036" threadId="0000000000B72B00" bytesRequested="136" />
<af-end id="1037" timestamp="2019-08-11T07:38:52.624" threadId="0000000000B73488" success="true" from="nursery"/>
<exclusive-end id="1038" timestamp="2019-08-11T07:38:52.624" durationms="3.372" />

<exclusive-start id="1039" timestamp="2019-08-11T07:38:52.969" intervalms="348.628">
  <response-info timems="0.246" idlems="0.246" threads="0" lastid="0000000000B7DF00" lastname="node-2" />
</exclusive-start>
<af-start id="1040" threadId="0000000000B7E888" totalBytesRequested="24" timestamp="2019-08-11T07:38:52.970" intervalms="348.625" type="nursery" />
<cycle-start id="1041" type="scavenge" contextid="0" timestamp="2019-08-11T07:38:52.970" intervalms="348.626" />
<gc-start id="1042" type="scavenge" contextid="1041" timestamp="2019-08-11T07:38:52.970">
  <mem-info id="1043" free="4192339888" total="4203675648" percent="99">
    <mem type="nursery" free="0" total="2228224" percent="0">
      <mem type="allocate" free="0" total="1966080" percent="0" />
      <mem type="survivor" free="0" total="262144" percent="0" />
    </mem>
    <mem type="tenure" free="4192339888" total="4201447424" percent="99">
      <mem type="soa" free="3982268336" total="3991375872" percent="99" />
      <mem type="loa" free="210071552" total="210071552" percent="100" />
    </mem>
    <remembered-set count="385" />
  </mem-info>
</gc-start>
<allocation-stats totalBytes="1874320" >
  <allocated-bytes non-tlh="136" tlh="1874184" />
  <largest-consumer threadName="node-21" threadId="0000000000B85600" bytes="89824" />
</allocation-stats>
<gc-op id="1044" type="scavenge" timems="3.599" contextid="1041" timestamp="2019-08-11T07:38:52.973">
  <scavenger-info tenureage="2" tenuremask="4004" tiltratio="88" />
  <memory-copied type="nursery" objects="2408" bytes="59504" bytesdiscarded="69520" />
  <memory-copied type="tenure" objects="999" bytes="23976" bytesdiscarded="0" />
</gc-op>
<gc-end id="1045" type="scavenge" contextid="1041" durationms="4.166" usertimems="2.878" systemtimems="3.619" timestamp="2019-08-11T07:38:52.974" activeThreads="16">
  <mem-info id="1046" free="4194144688" total="4203675648" percent="99">
    <mem type="nursery" free="1837056" total="2228224" percent="82">
      <mem type="allocate" free="1837056" total="1966080" percent="93" />
      <mem type="survivor" free="0" total="262144" percent="0" />
    </mem>
    <mem type="tenure" free="4192307632" total="4201447424" percent="99" macro-fragmented="0">
      <mem type="soa" free="3982236080" total="3991375872" percent="99" />
      <mem type="loa" free="210071552" total="210071552" percent="100" />
    </mem>
    <remembered-set count="306" />
  </mem-info>
</gc-end>
<cycle-end id="1047" type="scavenge" contextid="1041" timestamp="2019-08-11T07:38:52.974" />
  <attribute name="elasticGC enabled" value="1" />
  <attribute name= "numThreadsSpecified" value="16" />
  <attribute name="heapSize specified" value="8519680" />
  <attribute name="Current GC Util" value="1" />
  <attribute name= "Current Time Running" value="23809" />
  <attribute name ="GC Interval" value="200" />
  <attribute name="ProportionalT" value="-39.500000" />
  <attribute name="ProportionalI" value="-39.500000" />
  <attribute name="ProportionalH" value="-39.500000" />
  <attribute name="Current Error" value="-79.000000" />
  <attribute name="IntegralT" value="-13785.500000" />
  <attribute name="IntegralI" value="-13785.500000" />
  <attribute name="IntegralH" value="-13785.500000" />
  <attribute name="DerivativeT" value="-0.226361" />
  <attribute name="DerivativeI" value="-0.226361" />
  <attribute name="DerivativeH" value="-0.226361" />
  <attribute name="Loop Time for DT" value="349.000000" />
  <attribute name="Output H" value="4203675648"/>
  <attribute name="Output I" value="200"/>
  <attribute name="Output T" value="16"/>
  <attribute name="Target GC Util Change" value ="80.000000" />
  <attribute name="Current GC Util Change" value="1.000000"/>
  <attribute name="GC Util currently" value="1" />
  <attribute name="CPU Util currently" value="6" />
<allocation-satisfied id="1048" threadId="0000000000B7DF00" bytesRequested="24" />
<af-end id="1049" timestamp="2019-08-11T07:38:52.974" threadId="0000000000B7E888" success="true" from="nursery"/>
<exclusive-end id="1050" timestamp="2019-08-11T07:38:52.974" durationms="4.481" />

<exclusive-start id="1051" timestamp="2019-08-11T07:38:53.368" intervalms="398.278">
  <response-info timems="0.124" idlems="0.124" threads="0" lastid="0000000000B85600" lastname="node-21" />
</exclusive-start>
<af-start id="1052" threadId="0000000000B85F88" totalBytesRequested="24" timestamp="2019-08-11T07:38:53.368" intervalms="398.321" type="nursery" />
<cycle-start id="1053" type="scavenge" contextid="0" timestamp="2019-08-11T07:38:53.368" intervalms="398.315" />
<gc-start id="1054" type="scavenge" contextid="1053" timestamp="2019-08-11T07:38:53.368">
  <mem-info id="1055" free="4192307632" total="4203675648" percent="99">
    <mem type="nursery" free="0" total="2228224" percent="0">
      <mem type="allocate" free="0" total="1966080" percent="0" />
      <mem type="survivor" free="0" total="262144" percent="0" />
    </mem>
    <mem type="tenure" free="4192307632" total="4201447424" percent="99">
      <mem type="soa" free="3982236080" total="3991375872" percent="99" />
      <mem type="loa" free="210071552" total="210071552" percent="100" />
    </mem>
    <remembered-set count="386" />
  </mem-info>
</gc-start>
<allocation-stats totalBytes="1835320" >
  <allocated-bytes non-tlh="24" tlh="1835296" />
  <largest-consumer threadName="node-14" threadId="0000000000BC9100" bytes="90104" />
</allocation-stats>
<gc-op id="1056" type="scavenge" timems="1.059" contextid="1053" timestamp="2019-08-11T07:38:53.369">
  <scavenger-info tenureage="2" tenuremask="4004" tiltratio="88" />
  <memory-copied type="nursery" objects="2133" bytes="52904" bytesdiscarded="76120" />
  <memory-copied type="tenure" objects="1286" bytes="30864" bytesdiscarded="0" />
</gc-op>
<gc-end id="1057" type="scavenge" contextid="1053" durationms="1.510" usertimems="1.938" systemtimems="0.980" timestamp="2019-08-11T07:38:53.369" activeThreads="16">
  <mem-info id="1058" free="4194112432" total="4203675648" percent="99">
    <mem type="nursery" free="1837056" total="2228224" percent="82">
      <mem type="allocate" free="1837056" total="1966080" percent="93" />
      <mem type="survivor" free="0" total="262144" percent="0" />
    </mem>
    <mem type="tenure" free="4192275376" total="4201447424" percent="99" macro-fragmented="0">
      <mem type="soa" free="3982203824" total="3991375872" percent="99" />
      <mem type="loa" free="210071552" total="210071552" percent="100" />
    </mem>
    <remembered-set count="319" />
  </mem-info>
</gc-end>
<cycle-end id="1059" type="scavenge" contextid="1053" timestamp="2019-08-11T07:38:53.369" />
  <attribute name="elasticGC enabled" value="1" />
  <attribute name= "numThreadsSpecified" value="16" />
  <attribute name="heapSize specified" value="8519680" />
  <attribute name="Current GC Util" value="1" />
  <attribute name= "Current Time Running" value="24207" />
  <attribute name ="GC Interval" value="200" />
  <attribute name="ProportionalT" value="-39.500000" />
  <attribute name="ProportionalI" value="-39.500000" />
  <attribute name="ProportionalH" value="-39.500000" />
  <attribute name="Current Error" value="-79.000000" />
  <attribute name="IntegralT" value="-15721.000000" />
  <attribute name="IntegralI" value="-15721.000000" />
  <attribute name="IntegralH" value="-15721.000000" />
  <attribute name="DerivativeT" value="-0.198492" />
  <attribute name="DerivativeI" value="-0.198492" />
  <attribute name="DerivativeH" value="-0.198492" />
  <attribute name="Loop Time for DT" value="398.000000" />
  <attribute name="Output H" value="4203675648"/>
  <attribute name="Output I" value="200"/>
  <attribute name="Output T" value="16"/>
  <attribute name="Target GC Util Change" value ="80.000000" />
  <attribute name="Current GC Util Change" value="1.000000"/>
  <attribute name="GC Util currently" value="1" />
  <attribute name="CPU Util currently" value="7" />
<allocation-satisfied id="1060" threadId="0000000000B85600" bytesRequested="24" />
<af-end id="1061" timestamp="2019-08-11T07:38:53.369" threadId="0000000000B85F88" success="true" from="nursery"/>
<exclusive-end id="1062" timestamp="2019-08-11T07:38:53.369" durationms="1.773" />

<exclusive-start id="1063" timestamp="2019-08-11T07:38:53.814" intervalms="446.423">
  <response-info timems="0.558" idlems="0.558" threads="0" lastid="0000000000BB6100" lastname="node-10" />
</exclusive-start>
<af-start id="1064" threadId="0000000000BB6A88" totalBytesRequested="24" timestamp="2019-08-11T07:38:53.814" intervalms="446.378" type="nursery" />
<cycle-start id="1065" type="scavenge" contextid="0" timestamp="2019-08-11T07:38:53.814" intervalms="446.382" />
<gc-start id="1066" type="scavenge" contextid="1065" timestamp="2019-08-11T07:38:53.814">
  <mem-info id="1067" free="4192275376" total="4203675648" percent="99">
    <mem type="nursery" free="0" total="2228224" percent="0">
      <mem type="allocate" free="0" total="1966080" percent="0" />
      <mem type="survivor" free="0" total="262144" percent="0" />
    </mem>
    <mem type="tenure" free="4192275376" total="4201447424" percent="99">
      <mem type="soa" free="3982203824" total="3991375872" percent="99" />
      <mem type="loa" free="210071552" total="210071552" percent="100" />
    </mem>
    <remembered-set count="385" />
  </mem-info>
</gc-start>
<allocation-stats totalBytes="1835352" >
  <allocated-bytes non-tlh="24" tlh="1835328" />
  <largest-consumer threadName="node-21" threadId="0000000000B85600" bytes="90104" />
</allocation-stats>
<gc-op id="1068" type="scavenge" timems="0.962" contextid="1065" timestamp="2019-08-11T07:38:53.815">
  <scavenger-info tenureage="2" tenuremask="4004" tiltratio="88" />
  <memory-copied type="nursery" objects="2397" bytes="59624" bytesdiscarded="85528" />
  <memory-copied type="tenure" objects="982" bytes="23568" bytesdiscarded="0" />
</gc-op>
<gc-end id="1069" type="scavenge" contextid="1065" durationms="1.415" usertimems="2.786" systemtimems="0.267" timestamp="2019-08-11T07:38:53.816" activeThreads="16">
  <mem-info id="1070" free="4194064048" total="4203675648" percent="99">
    <mem type="nursery" free="1820928" total="2228224" percent="81">
      <mem type="allocate" free="1820928" total="1966080" percent="92" />
      <mem type="survivor" free="0" total="262144" percent="0" />
    </mem>
    <mem type="tenure" free="4192243120" total="4201447424" percent="99" macro-fragmented="0">
      <mem type="soa" free="3982171568" total="3991375872" percent="99" />
      <mem type="loa" free="210071552" total="210071552" percent="100" />
    </mem>
    <remembered-set count="303" />
  </mem-info>
</gc-end>
<cycle-end id="1071" type="scavenge" contextid="1065" timestamp="2019-08-11T07:38:53.816" />
  <attribute name="elasticGC enabled" value="1" />
  <attribute name= "numThreadsSpecified" value="16" />
  <attribute name="heapSize specified" value="8519680" />
  <attribute name="Current GC Util" value="0" />
  <attribute name= "Current Time Running" value="24654" />
  <attribute name ="GC Interval" value="200" />
  <attribute name="ProportionalT" value="-40.000000" />
  <attribute name="ProportionalI" value="-40.000000" />
  <attribute name="ProportionalH" value="-40.000000" />
  <attribute name="Current Error" value="-80.000000" />
  <attribute name="IntegralT" value="-17880.000000" />
  <attribute name="IntegralI" value="-17880.000000" />
  <attribute name="IntegralH" value="-17880.000000" />
  <attribute name="DerivativeT" value="-0.178971" />
  <attribute name="DerivativeI" value="-0.178971" />
  <attribute name="DerivativeH" value="-0.178971" />
  <attribute name="Loop Time for DT" value="447.000000" />
  <attribute name="Output H" value="4203675648"/>
  <attribute name="Output I" value="200"/>
  <attribute name="Output T" value="16"/>
  <attribute name="Target GC Util Change" value ="80.000000" />
  <attribute name="Current GC Util Change" value="0.000000"/>
  <attribute name="GC Util currently" value="0" />
  <attribute name="CPU Util currently" value="7" />
<allocation-satisfied id="1072" threadId="0000000000BB6100" bytesRequested="24" />
<af-end id="1073" timestamp="2019-08-11T07:38:53.816" threadId="0000000000BB6A88" success="true" from="nursery"/>
<exclusive-end id="1074" timestamp="2019-08-11T07:38:53.816" durationms="1.652" />

<exclusive-start id="1075" timestamp="2019-08-11T07:38:54.125" intervalms="311.244">
  <response-info timems="0.049" idlems="0.049" threads="0" lastid="0000000000B89200" lastname="node-24" />
</exclusive-start>
<af-start id="1076" threadId="0000000000B89B88" totalBytesRequested="32" timestamp="2019-08-11T07:38:54.125" intervalms="311.233" type="nursery" />
<cycle-start id="1077" type="scavenge" contextid="0" timestamp="2019-08-11T07:38:54.125" intervalms="311.228" />
<gc-start id="1078" type="scavenge" contextid="1077" timestamp="2019-08-11T07:38:54.126">
  <mem-info id="1079" free="4192243120" total="4203675648" percent="99">
    <mem type="nursery" free="0" total="2228224" percent="0">
      <mem type="allocate" free="0" total="1966080" percent="0" />
      <mem type="survivor" free="0" total="262144" percent="0" />
    </mem>
    <mem type="tenure" free="4192243120" total="4201447424" percent="99">
      <mem type="soa" free="3982171568" total="3991375872" percent="99" />
      <mem type="loa" free="210071552" total="210071552" percent="100" />
    </mem>
    <remembered-set count="382" />
  </mem-info>
</gc-start>
<allocation-stats totalBytes="1818280" >
  <allocated-bytes non-tlh="24" tlh="1818256" />
  <largest-consumer threadName="node-10" threadId="0000000000BB6100" bytes="90120" />
</allocation-stats>
<gc-op id="1080" type="scavenge" timems="1.046" contextid="1077" timestamp="2019-08-11T07:38:54.127">
  <scavenger-info tenureage="2" tenuremask="4004" tiltratio="88" />
  <memory-copied type="nursery" objects="2314" bytes="54784" bytesdiscarded="41984" />
  <memory-copied type="tenure" objects="1010" bytes="24240" bytesdiscarded="0" />
</gc-op>
<gc-end id="1081" type="scavenge" contextid="1077" durationms="1.552" usertimems="1.201" systemtimems="1.139" timestamp="2019-08-11T07:38:54.127" activeThreads="16">
  <mem-info id="1082" free="4194080176" total="4203675648" percent="99">
    <mem type="nursery" free="1869312" total="2228224" percent="83">
      <mem type="allocate" free="1869312" total="1966080" percent="95" />
      <mem type="survivor" free="0" total="262144" percent="0" />
    </mem>
    <mem type="tenure" free="4192210864" total="4201447424" percent="99" macro-fragmented="0">
      <mem type="soa" free="3982139312" total="3991375872" percent="99" />
      <mem type="loa" free="210071552" total="210071552" percent="100" />
    </mem>
    <remembered-set count="295" />
  </mem-info>
</gc-end>
<cycle-end id="1083" type="scavenge" contextid="1077" timestamp="2019-08-11T07:38:54.127" />
  <attribute name="elasticGC enabled" value="1" />
  <attribute name= "numThreadsSpecified" value="16" />
  <attribute name="heapSize specified" value="8519680" />
  <attribute name="Current GC Util" value="0" />
  <attribute name= "Current Time Running" value="24965" />
  <attribute name ="GC Interval" value="200" />
  <attribute name="ProportionalT" value="-40.000000" />
  <attribute name="ProportionalI" value="-40.000000" />
  <attribute name="ProportionalH" value="-40.000000" />
  <attribute name="Current Error" value="-80.000000" />
  <attribute name="IntegralT" value="-12440.000000" />
  <attribute name="IntegralI" value="-12440.000000" />
  <attribute name="IntegralH" value="-12440.000000" />
  <attribute name="DerivativeT" value="-0.257235" />
  <attribute name="DerivativeI" value="-0.257235" />
  <attribute name="DerivativeH" value="-0.257235" />
  <attribute name="Loop Time for DT" value="311.000000" />
  <attribute name="Output H" value="4203675648"/>
  <attribute name="Output I" value="200"/>
  <attribute name="Output T" value="16"/>
  <attribute name="Target GC Util Change" value ="80.000000" />
  <attribute name="Current GC Util Change" value="0.000000"/>
  <attribute name="GC Util currently" value="0" />
  <attribute name="CPU Util currently" value="5" />
<allocation-satisfied id="1084" threadId="0000000000B89200" bytesRequested="32" />
<af-end id="1085" timestamp="2019-08-11T07:38:54.127" threadId="0000000000B89B88" success="true" from="nursery"/>
<exclusive-end id="1086" timestamp="2019-08-11T07:38:54.127" durationms="1.747" />

<exclusive-start id="1087" timestamp="2019-08-11T07:38:54.620" intervalms="494.689">
  <response-info timems="0.458" idlems="0.279" threads="2" lastid="0000000000BA7200" lastname="node-5" />
</exclusive-start>
<af-start id="1088" threadId="0000000000BC9A88" totalBytesRequested="16" timestamp="2019-08-11T07:38:54.620" intervalms="494.708" type="nursery" />
<cycle-start id="1089" type="scavenge" contextid="0" timestamp="2019-08-11T07:38:54.620" intervalms="494.720" />
<gc-start id="1090" type="scavenge" contextid="1089" timestamp="2019-08-11T07:38:54.620">
  <mem-info id="1091" free="4192210864" total="4203675648" percent="99">
    <mem type="nursery" free="0" total="2228224" percent="0">
      <mem type="allocate" free="0" total="1966080" percent="0" />
      <mem type="survivor" free="0" total="262144" percent="0" />
    </mem>
    <mem type="tenure" free="4192210864" total="4201447424" percent="99">
      <mem type="soa" free="3982139312" total="3991375872" percent="99" />
      <mem type="loa" free="210071552" total="210071552" percent="100" />
    </mem>
    <remembered-set count="384" />
  </mem-info>
</gc-start>
<allocation-stats totalBytes="1867048" >
  <allocated-bytes non-tlh="32" tlh="1867016" />
  <largest-consumer threadName="node-9" threadId="0000000000BC5500" bytes="90096" />
</allocation-stats>
<gc-op id="1092" type="scavenge" timems="1.312" contextid="1089" timestamp="2019-08-11T07:38:54.622">
  <scavenger-info tenureage="2" tenuremask="4004" tiltratio="88" />
  <memory-copied type="nursery" objects="2615" bytes="72696" bytesdiscarded="40200" />
  <memory-copied type="tenure" objects="1239" bytes="29736" bytesdiscarded="0" />
</gc-op>
<gc-end id="1093" type="scavenge" contextid="1089" durationms="1.819" usertimems="3.085" systemtimems="0.000" timestamp="2019-08-11T07:38:54.622" activeThreads="16">
  <mem-info id="1094" free="4194047920" total="4203675648" percent="99">
    <mem type="nursery" free="1853184" total="2228224" percent="83">
      <mem type="allocate" free="1853184" total="1966080" percent="94" />
      <mem type="survivor" free="0" total="262144" percent="0" />
    </mem>
    <mem type="tenure" free="4192194736" total="4201447424" percent="99" macro-fragmented="0">
      <mem type="soa" free="3982123184" total="3991375872" percent="99" />
      <mem type="loa" free="210071552" total="210071552" percent="100" />
    </mem>
    <remembered-set count="296" />
  </mem-info>
</gc-end>
<cycle-end id="1095" type="scavenge" contextid="1089" timestamp="2019-08-11T07:38:54.622" />
  <attribute name="elasticGC enabled" value="1" />
  <attribute name= "numThreadsSpecified" value="16" />
  <attribute name="heapSize specified" value="8519680" />
  <attribute name="Current GC Util" value="0" />
  <attribute name= "Current Time Running" value="25460" />
  <attribute name ="GC Interval" value="200" />
  <attribute name="ProportionalT" value="-40.000000" />
  <attribute name="ProportionalI" value="-40.000000" />
  <attribute name="ProportionalH" value="-40.000000" />
  <attribute name="Current Error" value="-80.000000" />
  <attribute name="IntegralT" value="-19800.000000" />
  <attribute name="IntegralI" value="-19800.000000" />
  <attribute name="IntegralH" value="-19800.000000" />
  <attribute name="DerivativeT" value="-0.161616" />
  <attribute name="DerivativeI" value="-0.161616" />
  <attribute name="DerivativeH" value="-0.161616" />
  <attribute name="Loop Time for DT" value="495.000000" />
  <attribute name="Output H" value="4203675648"/>
  <attribute name="Output I" value="200"/>
  <attribute name="Output T" value="16"/>
  <attribute name="Target GC Util Change" value ="80.000000" />
  <attribute name="Current GC Util Change" value="0.000000"/>
  <attribute name="GC Util currently" value="0" />
  <attribute name="CPU Util currently" value="7" />
<allocation-satisfied id="1096" threadId="0000000000BC9100" bytesRequested="16" />
<af-end id="1097" timestamp="2019-08-11T07:38:54.622" threadId="0000000000BC9A88" success="true" from="nursery"/>
<exclusive-end id="1098" timestamp="2019-08-11T07:38:54.622" durationms="2.100" />

<exclusive-start id="1099" timestamp="2019-08-11T07:38:55.038" intervalms="418.377">
  <response-info timems="0.027" idlems="0.027" threads="0" lastid="0000000000B90A00" lastname="node-23" />
</exclusive-start>
<af-start id="1100" threadId="0000000000B91388" totalBytesRequested="432" timestamp="2019-08-11T07:38:55.039" intervalms="418.367" type="nursery" />
<cycle-start id="1101" type="scavenge" contextid="0" timestamp="2019-08-11T07:38:55.039" intervalms="418.363" />
<gc-start id="1102" type="scavenge" contextid="1101" timestamp="2019-08-11T07:38:55.039">
  <mem-info id="1103" free="4192194736" total="4203675648" percent="99">
    <mem type="nursery" free="0" total="2228224" percent="0">
      <mem type="allocate" free="0" total="1966080" percent="0" />
      <mem type="survivor" free="0" total="262144" percent="0" />
    </mem>
    <mem type="tenure" free="4192194736" total="4201447424" percent="99">
      <mem type="soa" free="3982123184" total="3991375872" percent="99" />
      <mem type="loa" free="210071552" total="210071552" percent="100" />
    </mem>
    <remembered-set count="383" />
  </mem-info>
</gc-start>
<allocation-stats totalBytes="1847488" >
  <allocated-bytes non-tlh="16" tlh="1847472" />
  <largest-consumer threadName="node-19" threadId="0000000000B81B00" bytes="90112" />
</allocation-stats>
<gc-op id="1104" type="scavenge" timems="1.306" contextid="1101" timestamp="2019-08-11T07:38:55.040">
  <scavenger-info tenureage="2" tenuremask="4004" tiltratio="88" />
  <memory-copied type="nursery" objects="2683" bytes="64552" bytesdiscarded="80600" />
  <memory-copied type="tenure" objects="957" bytes="22968" bytesdiscarded="0" />
</gc-op>
<gc-end id="1105" type="scavenge" contextid="1101" durationms="1.718" usertimems="3.008" systemtimems="0.000" timestamp="2019-08-11T07:38:55.040" activeThreads="16">
  <mem-info id="1106" free="4193983408" total="4203675648" percent="99">
    <mem type="nursery" free="1820928" total="2228224" percent="81">
      <mem type="allocate" free="1820928" total="1966080" percent="92" />
      <mem type="survivor" free="0" total="262144" percent="0" />
    </mem>
    <mem type="tenure" free="4192162480" total="4201447424" percent="99" macro-fragmented="0">
      <mem type="soa" free="3982090928" total="3991375872" percent="99" />
      <mem type="loa" free="210071552" total="210071552" percent="100" />
    </mem>
    <remembered-set count="278" />
  </mem-info>
</gc-end>
<cycle-end id="1107" type="scavenge" contextid="1101" timestamp="2019-08-11T07:38:55.040" />
  <attribute name="elasticGC enabled" value="1" />
  <attribute name= "numThreadsSpecified" value="16" />
  <attribute name="heapSize specified" value="8519680" />
  <attribute name="Current GC Util" value="0" />
  <attribute name= "Current Time Running" value="25878" />
  <attribute name ="GC Interval" value="200" />
  <attribute name="ProportionalT" value="-40.000000" />
  <attribute name="ProportionalI" value="-40.000000" />
  <attribute name="ProportionalH" value="-40.000000" />
  <attribute name="Current Error" value="-80.000000" />
  <attribute name="IntegralT" value="-16720.000000" />
  <attribute name="IntegralI" value="-16720.000000" />
  <attribute name="IntegralH" value="-16720.000000" />
  <attribute name="DerivativeT" value="-0.191388" />
  <attribute name="DerivativeI" value="-0.191388" />
  <attribute name="DerivativeH" value="-0.191388" />
  <attribute name="Loop Time for DT" value="418.000000" />
  <attribute name="Output H" value="4203675648"/>
  <attribute name="Output I" value="200"/>
  <attribute name="Output T" value="16"/>
  <attribute name="Target GC Util Change" value ="80.000000" />
  <attribute name="Current GC Util Change" value="0.000000"/>
  <attribute name="GC Util currently" value="0" />
  <attribute name="CPU Util currently" value="6" />
<allocation-satisfied id="1108" threadId="0000000000B90A00" bytesRequested="432" />
<af-end id="1109" timestamp="2019-08-11T07:38:55.040" threadId="0000000000B91388" success="true" from="nursery"/>
<exclusive-end id="1110" timestamp="2019-08-11T07:38:55.040" durationms="1.953" />

<exclusive-start id="1111" timestamp="2019-08-11T07:38:55.385" intervalms="346.464">
  <response-info timems="0.196" idlems="0.196" threads="0" lastid="0000000000B81B00" lastname="node-19" />
</exclusive-start>
<af-start id="1112" threadId="0000000000B82488" totalBytesRequested="368" timestamp="2019-08-11T07:38:55.385" intervalms="346.456" type="nursery" />
<cycle-start id="1113" type="scavenge" contextid="0" timestamp="2019-08-11T07:38:55.385" intervalms="346.449" />
<gc-start id="1114" type="scavenge" contextid="1113" timestamp="2019-08-11T07:38:55.385">
  <mem-info id="1115" free="4192162480" total="4203675648" percent="99">
    <mem type="nursery" free="0" total="2228224" percent="0">
      <mem type="allocate" free="0" total="1966080" percent="0" />
      <mem type="survivor" free="0" total="262144" percent="0" />
    </mem>
    <mem type="tenure" free="4192162480" total="4201447424" percent="99">
      <mem type="soa" free="3982090928" total="3991375872" percent="99" />
      <mem type="loa" free="210071552" total="210071552" percent="100" />
    </mem>
    <remembered-set count="383" />
  </mem-info>
</gc-start>
<allocation-stats totalBytes="1818208" >
  <allocated-bytes non-tlh="432" tlh="1817776" />
  <largest-consumer threadName="node-23" threadId="0000000000B90A00" bytes="90456" />
</allocation-stats>
<gc-op id="1116" type="scavenge" timems="1.339" contextid="1113" timestamp="2019-08-11T07:38:55.386">
  <scavenger-info tenureage="2" tenuremask="4004" tiltratio="88" />
  <memory-copied type="nursery" objects="2205" bytes="64256" bytesdiscarded="80896" />
  <memory-copied type="tenure" objects="1479" bytes="35496" bytesdiscarded="0" />
</gc-op>
<gc-end id="1117" type="scavenge" contextid="1113" durationms="1.649" usertimems="1.816" systemtimems="2.118" timestamp="2019-08-11T07:38:55.387" activeThreads="16">
  <mem-info id="1118" free="4193951152" total="4203675648" percent="99">
    <mem type="nursery" free="1820928" total="2228224" percent="81">
      <mem type="allocate" free="1820928" total="1966080" percent="92" />
      <mem type="survivor" free="0" total="262144" percent="0" />
    </mem>
    <mem type="tenure" free="4192130224" total="4201447424" percent="99" macro-fragmented="0">
      <mem type="soa" free="3982058672" total="3991375872" percent="99" />
      <mem type="loa" free="210071552" total="210071552" percent="100" />
    </mem>
    <remembered-set count="294" />
  </mem-info>
</gc-end>
<cycle-end id="1119" type="scavenge" contextid="1113" timestamp="2019-08-11T07:38:55.387" />
  <attribute name="elasticGC enabled" value="1" />
  <attribute name= "numThreadsSpecified" value="16" />
  <attribute name="heapSize specified" value="8519680" />
  <attribute name="Current GC Util" value="0" />
  <attribute name= "Current Time Running" value="26224" />
  <attribute name ="GC Interval" value="200" />
  <attribute name="ProportionalT" value="-40.000000" />
  <attribute name="ProportionalI" value="-40.000000" />
  <attribute name="ProportionalH" value="-40.000000" />
  <attribute name="Current Error" value="-80.000000" />
  <attribute name="IntegralT" value="-13840.000000" />
  <attribute name="IntegralI" value="-13840.000000" />
  <attribute name="IntegralH" value="-13840.000000" />
  <attribute name="DerivativeT" value="-0.231214" />
  <attribute name="DerivativeI" value="-0.231214" />
  <attribute name="DerivativeH" value="-0.231214" />
  <attribute name="Loop Time for DT" value="346.000000" />
  <attribute name="Output H" value="4203675648"/>
  <attribute name="Output I" value="200"/>
  <attribute name="Output T" value="16"/>
  <attribute name="Target GC Util Change" value ="80.000000" />
  <attribute name="Current GC Util Change" value="0.000000"/>
  <attribute name="GC Util currently" value="0" />
  <attribute name="CPU Util currently" value="6" />
<allocation-satisfied id="1120" threadId="0000000000B81B00" bytesRequested="368" />
<af-end id="1121" timestamp="2019-08-11T07:38:55.387" threadId="0000000000B82488" success="true" from="nursery"/>
<exclusive-end id="1122" timestamp="2019-08-11T07:38:55.387" durationms="1.882" />

<exclusive-start id="1123" timestamp="2019-08-11T07:38:55.828" intervalms="443.113">
  <response-info timems="0.200" idlems="0.200" threads="0" lastid="0000000000BC1900" lastname="node-15" />
</exclusive-start>
<af-start id="1124" threadId="0000000000BC2288" totalBytesRequested="832" timestamp="2019-08-11T07:38:55.828" intervalms="443.121" type="nursery" />
<cycle-start id="1125" type="scavenge" contextid="0" timestamp="2019-08-11T07:38:55.828" intervalms="443.123" />
<gc-start id="1126" type="scavenge" contextid="1125" timestamp="2019-08-11T07:38:55.828">
  <mem-info id="1127" free="4192130224" total="4203675648" percent="99">
    <mem type="nursery" free="0" total="2228224" percent="0">
      <mem type="allocate" free="0" total="1966080" percent="0" />
      <mem type="survivor" free="0" total="262144" percent="0" />
    </mem>
    <mem type="tenure" free="4192130224" total="4201447424" percent="99">
      <mem type="soa" free="3982058672" total="3991375872" percent="99" />
      <mem type="loa" free="210071552" total="210071552" percent="100" />
    </mem>
    <remembered-set count="383" />
  </mem-info>
</gc-start>
<allocation-stats totalBytes="1817608" >
  <allocated-bytes non-tlh="368" tlh="1817240" />
  <largest-consumer threadName="node-4" threadId="0000000000B9BE00" bytes="94192" />
</allocation-stats>
<gc-op id="1128" type="scavenge" timems="1.036" contextid="1125" timestamp="2019-08-11T07:38:55.829">
  <scavenger-info tenureage="2" tenuremask="4004" tiltratio="88" />
  <memory-copied type="nursery" objects="2307" bytes="62280" bytesdiscarded="66744" />
  <memory-copied type="tenure" objects="1082" bytes="25968" bytesdiscarded="0" />
</gc-op>
<gc-end id="1129" type="scavenge" contextid="1125" durationms="1.340" usertimems="0.961" systemtimems="2.859" timestamp="2019-08-11T07:38:55.829" activeThreads="16">
  <mem-info id="1130" free="4193951152" total="4203675648" percent="99">
    <mem type="nursery" free="1837056" total="2228224" percent="82">
      <mem type="allocate" free="1837056" total="1966080" percent="93" />
      <mem type="survivor" free="0" total="262144" percent="0" />
    </mem>
    <mem type="tenure" free="4192114096" total="4201447424" percent="99" macro-fragmented="0">
      <mem type="soa" free="3982042544" total="3991375872" percent="99" />
      <mem type="loa" free="210071552" total="210071552" percent="100" />
    </mem>
    <remembered-set count="298" />
  </mem-info>
</gc-end>
<cycle-end id="1131" type="scavenge" contextid="1125" timestamp="2019-08-11T07:38:55.830" />
  <attribute name="elasticGC enabled" value="1" />
  <attribute name= "numThreadsSpecified" value="16" />
  <attribute name="heapSize specified" value="8519680" />
  <attribute name="Current GC Util" value="0" />
  <attribute name= "Current Time Running" value="26667" />
  <attribute name ="GC Interval" value="200" />
  <attribute name="ProportionalT" value="-40.000000" />
  <attribute name="ProportionalI" value="-40.000000" />
  <attribute name="ProportionalH" value="-40.000000" />
  <attribute name="Current Error" value="-80.000000" />
  <attribute name="IntegralT" value="-17720.000000" />
  <attribute name="IntegralI" value="-17720.000000" />
  <attribute name="IntegralH" value="-17720.000000" />
  <attribute name="DerivativeT" value="-0.180587" />
  <attribute name="DerivativeI" value="-0.180587" />
  <attribute name="DerivativeH" value="-0.180587" />
  <attribute name="Loop Time for DT" value="443.000000" />
  <attribute name="Output H" value="4203675648"/>
  <attribute name="Output I" value="200"/>
  <attribute name="Output T" value="16"/>
  <attribute name="Target GC Util Change" value ="80.000000" />
  <attribute name="Current GC Util Change" value="0.000000"/>
  <attribute name="GC Util currently" value="0" />
  <attribute name="CPU Util currently" value="7" />
<allocation-satisfied id="1132" threadId="0000000000BC1900" bytesRequested="832" />
<af-end id="1133" timestamp="2019-08-11T07:38:55.830" threadId="0000000000BC2288" success="true" from="nursery"/>
<exclusive-end id="1134" timestamp="2019-08-11T07:38:55.830" durationms="1.549" />

<exclusive-start id="1135" timestamp="2019-08-11T07:38:56.135" intervalms="306.786">
  <response-info timems="0.210" idlems="0.210" threads="0" lastid="0000000000B7DF00" lastname="node-2" />
</exclusive-start>
<af-start id="1136" threadId="0000000000B7E888" totalBytesRequested="16" timestamp="2019-08-11T07:38:56.135" intervalms="306.945" type="nursery" />
<cycle-start id="1137" type="scavenge" contextid="0" timestamp="2019-08-11T07:38:56.135" intervalms="306.976" />
<gc-start id="1138" type="scavenge" contextid="1137" timestamp="2019-08-11T07:38:56.135">
  <mem-info id="1139" free="4192114096" total="4203675648" percent="99">
    <mem type="nursery" free="0" total="2228224" percent="0">
      <mem type="allocate" free="0" total="1966080" percent="0" />
      <mem type="survivor" free="0" total="262144" percent="0" />
    </mem>
    <mem type="tenure" free="4192114096" total="4201447424" percent="99">
      <mem type="soa" free="3982042544" total="3991375872" percent="99" />
      <mem type="loa" free="210071552" total="210071552" percent="100" />
    </mem>
    <remembered-set count="385" />
  </mem-info>
</gc-start>
<allocation-stats totalBytes="1835048" >
  <allocated-bytes non-tlh="832" tlh="1834216" />
  <largest-consumer threadName="node-9" threadId="0000000000BC5500" bytes="94176" />
</allocation-stats>
<gc-op id="1140" type="scavenge" timems="1.157" contextid="1137" timestamp="2019-08-11T07:38:56.136">
  <scavenger-info tenureage="2" tenuremask="4004" tiltratio="88" />
  <memory-copied type="nursery" objects="2192" bytes="62368" bytesdiscarded="82784" />
  <memory-copied type="tenure" objects="953" bytes="22872" bytesdiscarded="0" />
</gc-op>
<gc-end id="1141" type="scavenge" contextid="1137" durationms="1.562" usertimems="4.241" systemtimems="0.000" timestamp="2019-08-11T07:38:56.137" activeThreads="16">
  <mem-info id="1142" free="4193918896" total="4203675648" percent="99">
    <mem type="nursery" free="1820928" total="2228224" percent="81">
      <mem type="allocate" free="1820928" total="1966080" percent="92" />
      <mem type="survivor" free="0" total="262144" percent="0" />
    </mem>
    <mem type="tenure" free="4192097968" total="4201447424" percent="99" macro-fragmented="0">
      <mem type="soa" free="3982026416" total="3991375872" percent="99" />
      <mem type="loa" free="210071552" total="210071552" percent="100" />
    </mem>
    <remembered-set count="299" />
  </mem-info>
</gc-end>
<cycle-end id="1143" type="scavenge" contextid="1137" timestamp="2019-08-11T07:38:56.137" />
  <attribute name="elasticGC enabled" value="1" />
  <attribute name= "numThreadsSpecified" value="16" />
  <attribute name="heapSize specified" value="8519680" />
  <attribute name="Current GC Util" value="0" />
  <attribute name= "Current Time Running" value="26975" />
  <attribute name ="GC Interval" value="200" />
  <attribute name="ProportionalT" value="-40.000000" />
  <attribute name="ProportionalI" value="-40.000000" />
  <attribute name="ProportionalH" value="-40.000000" />
  <attribute name="Current Error" value="-80.000000" />
  <attribute name="IntegralT" value="-12320.000000" />
  <attribute name="IntegralI" value="-12320.000000" />
  <attribute name="IntegralH" value="-12320.000000" />
  <attribute name="DerivativeT" value="-0.259740" />
  <attribute name="DerivativeI" value="-0.259740" />
  <attribute name="DerivativeH" value="-0.259740" />
  <attribute name="Loop Time for DT" value="308.000000" />
  <attribute name="Output H" value="4203675648"/>
  <attribute name="Output I" value="200"/>
  <attribute name="Output T" value="16"/>
  <attribute name="Target GC Util Change" value ="80.000000" />
  <attribute name="Current GC Util Change" value="0.000000"/>
  <attribute name="GC Util currently" value="0" />
  <attribute name="CPU Util currently" value="4" />
<allocation-satisfied id="1144" threadId="0000000000B7DF00" bytesRequested="16" />
<af-end id="1145" timestamp="2019-08-11T07:38:56.137" threadId="0000000000B7E888" success="true" from="nursery"/>
<exclusive-end id="1146" timestamp="2019-08-11T07:38:56.137" durationms="2.308" />

<exclusive-start id="1147" timestamp="2019-08-11T07:38:56.492" intervalms="357.546">
  <response-info timems="0.032" idlems="0.032" threads="0" lastid="0000000000B8CE00" lastname="node-13" />
</exclusive-start>
<af-start id="1148" threadId="0000000000B8D788" totalBytesRequested="24" timestamp="2019-08-11T07:38:56.492" intervalms="357.377" type="nursery" />
<cycle-start id="1149" type="scavenge" contextid="0" timestamp="2019-08-11T07:38:56.492" intervalms="357.342" />
<gc-start id="1150" type="scavenge" contextid="1149" timestamp="2019-08-11T07:38:56.492">
  <mem-info id="1151" free="4192097968" total="4203675648" percent="99">
    <mem type="nursery" free="0" total="2228224" percent="0">
      <mem type="allocate" free="0" total="1966080" percent="0" />
      <mem type="survivor" free="0" total="262144" percent="0" />
    </mem>
    <mem type="tenure" free="4192097968" total="4201447424" percent="99">
      <mem type="soa" free="3982026416" total="3991375872" percent="99" />
      <mem type="loa" free="210071552" total="210071552" percent="100" />
    </mem>
    <remembered-set count="386" />
  </mem-info>
</gc-start>
<allocation-stats totalBytes="1818576" >
  <allocated-bytes non-tlh="16" tlh="1818560" />
  <largest-consumer threadName="node-19" threadId="0000000000B81B00" bytes="90112" />
</allocation-stats>
<gc-op id="1152" type="scavenge" timems="1.242" contextid="1149" timestamp="2019-08-11T07:38:56.494">
  <scavenger-info tenureage="2" tenuremask="4004" tiltratio="88" />
  <memory-copied type="nursery" objects="1908" bytes="47560" bytesdiscarded="65336" />
  <memory-copied type="tenure" objects="1194" bytes="28656" bytesdiscarded="0" />
</gc-op>
<gc-end id="1153" type="scavenge" contextid="1149" durationms="1.767" usertimems="1.927" systemtimems="1.490" timestamp="2019-08-11T07:38:56.494" activeThreads="16">
  <mem-info id="1154" free="4193918896" total="4203675648" percent="99">
    <mem type="nursery" free="1853184" total="2228224" percent="83">
      <mem type="allocate" free="1853184" total="1966080" percent="94" />
      <mem type="survivor" free="0" total="262144" percent="0" />
    </mem>
    <mem type="tenure" free="4192065712" total="4201447424" percent="99" macro-fragmented="0">
      <mem type="soa" free="3981994160" total="3991375872" percent="99" />
      <mem type="loa" free="210071552" total="210071552" percent="100" />
    </mem>
    <remembered-set count="314" />
  </mem-info>
</gc-end>
<cycle-end id="1155" type="scavenge" contextid="1149" timestamp="2019-08-11T07:38:56.494" />
  <attribute name="elasticGC enabled" value="1" />
  <attribute name= "numThreadsSpecified" value="16" />
  <attribute name="heapSize specified" value="8519680" />
  <attribute name="Current GC Util" value="0" />
  <attribute name= "Current Time Running" value="27332" />
  <attribute name ="GC Interval" value="200" />
  <attribute name="ProportionalT" value="-40.000000" />
  <attribute name="ProportionalI" value="-40.000000" />
  <attribute name="ProportionalH" value="-40.000000" />
  <attribute name="Current Error" value="-80.000000" />
  <attribute name="IntegralT" value="-14280.000000" />
  <attribute name="IntegralI" value="-14280.000000" />
  <attribute name="IntegralH" value="-14280.000000" />
  <attribute name="DerivativeT" value="-0.224090" />
  <attribute name="DerivativeI" value="-0.224090" />
  <attribute name="DerivativeH" value="-0.224090" />
  <attribute name="Loop Time for DT" value="357.000000" />
  <attribute name="Output H" value="4203675648"/>
  <attribute name="Output I" value="200"/>
  <attribute name="Output T" value="16"/>
  <attribute name="Target GC Util Change" value ="80.000000" />
  <attribute name="Current GC Util Change" value="0.000000"/>
  <attribute name="GC Util currently" value="0" />
  <attribute name="CPU Util currently" value="5" />
<allocation-satisfied id="1156" threadId="0000000000B8CE00" bytesRequested="24" />
<af-end id="1157" timestamp="2019-08-11T07:38:56.494" threadId="0000000000B8D788" success="true" from="nursery"/>
<exclusive-end id="1158" timestamp="2019-08-11T07:38:56.494" durationms="2.017" />

<exclusive-start id="1159" timestamp="2019-08-11T07:38:56.869" intervalms="376.632">
  <response-info timems="1.308" idlems="1.308" threads="0" lastid="0000000000B85600" lastname="node-21" />
</exclusive-start>
<af-start id="1160" threadId="0000000000B85F88" totalBytesRequested="24" timestamp="2019-08-11T07:38:56.869" intervalms="376.646" type="nursery" />
<cycle-start id="1161" type="scavenge" contextid="0" timestamp="2019-08-11T07:38:56.869" intervalms="376.935" />
<gc-start id="1162" type="scavenge" contextid="1161" timestamp="2019-08-11T07:38:56.869">
  <mem-info id="1163" free="4192065712" total="4203675648" percent="99">
    <mem type="nursery" free="0" total="2228224" percent="0">
      <mem type="allocate" free="0" total="1966080" percent="0" />
      <mem type="survivor" free="0" total="262144" percent="0" />
    </mem>
    <mem type="tenure" free="4192065712" total="4201447424" percent="99">
      <mem type="soa" free="3981994160" total="3991375872" percent="99" />
      <mem type="loa" free="210071552" total="210071552" percent="100" />
    </mem>
    <remembered-set count="377" />
  </mem-info>
</gc-start>
<allocation-stats totalBytes="1852600" >
  <allocated-bytes non-tlh="24" tlh="1852576" />
  <largest-consumer threadName="node-13" threadId="0000000000B8CE00" bytes="90112" />
</allocation-stats>
<gc-op id="1164" type="scavenge" timems="1.281" contextid="1161" timestamp="2019-08-11T07:38:56.871">
  <scavenger-info tenureage="2" tenuremask="4004" tiltratio="88" />
  <memory-copied type="nursery" objects="2239" bytes="55504" bytesdiscarded="105776" />
  <memory-copied type="tenure" objects="834" bytes="20016" bytesdiscarded="0" />
</gc-op>
<gc-end id="1165" type="scavenge" contextid="1161" durationms="1.904" usertimems="1.361" systemtimems="1.390" timestamp="2019-08-11T07:38:56.871" activeThreads="16">
  <mem-info id="1166" free="4193854384" total="4203675648" percent="99">
    <mem type="nursery" free="1804800" total="2228224" percent="80">
      <mem type="allocate" free="1804800" total="1966080" percent="91" />
      <mem type="survivor" free="0" total="262144" percent="0" />
    </mem>
    <mem type="tenure" free="4192049584" total="4201447424" percent="99" macro-fragmented="0">
      <mem type="soa" free="3981978032" total="3991375872" percent="99" />
      <mem type="loa" free="210071552" total="210071552" percent="100" />
    </mem>
    <remembered-set count="313" />
  </mem-info>
</gc-end>
<cycle-end id="1167" type="scavenge" contextid="1161" timestamp="2019-08-11T07:38:56.871" />
  <attribute name="elasticGC enabled" value="1" />
  <attribute name= "numThreadsSpecified" value="16" />
  <attribute name="heapSize specified" value="8519680" />
  <attribute name="Current GC Util" value="0" />
  <attribute name= "Current Time Running" value="27709" />
  <attribute name ="GC Interval" value="200" />
  <attribute name="ProportionalT" value="-40.000000" />
  <attribute name="ProportionalI" value="-40.000000" />
  <attribute name="ProportionalH" value="-40.000000" />
  <attribute name="Current Error" value="-80.000000" />
  <attribute name="IntegralT" value="-15080.000000" />
  <attribute name="IntegralI" value="-15080.000000" />
  <attribute name="IntegralH" value="-15080.000000" />
  <attribute name="DerivativeT" value="-0.212202" />
  <attribute name="DerivativeI" value="-0.212202" />
  <attribute name="DerivativeH" value="-0.212202" />
  <attribute name="Loop Time for DT" value="377.000000" />
  <attribute name="Output H" value="4203675648"/>
  <attribute name="Output I" value="200"/>
  <attribute name="Output T" value="16"/>
  <attribute name="Target GC Util Change" value ="80.000000" />
  <attribute name="Current GC Util Change" value="0.000000"/>
  <attribute name="GC Util currently" value="0" />
  <attribute name="CPU Util currently" value="5" />
<allocation-satisfied id="1168" threadId="0000000000B85600" bytesRequested="24" />
<af-end id="1169" timestamp="2019-08-11T07:38:56.871" threadId="0000000000B85F88" success="true" from="nursery"/>
<exclusive-end id="1170" timestamp="2019-08-11T07:38:56.871" durationms="2.458" />

<exclusive-start id="1171" timestamp="2019-08-11T07:38:57.343" intervalms="473.507">
  <response-info timems="0.140" idlems="0.140" threads="0" lastid="0000000000B81B00" lastname="node-19" />
</exclusive-start>
<af-start id="1172" threadId="0000000000B82488" totalBytesRequested="24" timestamp="2019-08-11T07:38:57.343" intervalms="473.502" type="nursery" />
<cycle-start id="1173" type="scavenge" contextid="0" timestamp="2019-08-11T07:38:57.343" intervalms="473.217" />
<gc-start id="1174" type="scavenge" contextid="1173" timestamp="2019-08-11T07:38:57.343">
  <mem-info id="1175" free="4192049584" total="4203675648" percent="99">
    <mem type="nursery" free="0" total="2228224" percent="0">
      <mem type="allocate" free="0" total="1966080" percent="0" />
      <mem type="survivor" free="0" total="262144" percent="0" />
    </mem>
    <mem type="tenure" free="4192049584" total="4201447424" percent="99">
      <mem type="soa" free="3981978032" total="3991375872" percent="99" />
      <mem type="loa" free="210071552" total="210071552" percent="100" />
    </mem>
    <remembered-set count="381" />
  </mem-info>
</gc-start>
<allocation-stats totalBytes="1800688" >
  <allocated-bytes non-tlh="24" tlh="1800664" />
  <largest-consumer threadName="node-13" threadId="0000000000B8CE00" bytes="90088" />
</allocation-stats>
<gc-op id="1176" type="scavenge" timems="1.144" contextid="1173" timestamp="2019-08-11T07:38:57.344">
  <scavenger-info tenureage="2" tenuremask="4004" tiltratio="88" />
  <memory-copied type="nursery" objects="2664" bytes="65648" bytesdiscarded="63376" />
  <memory-copied type="tenure" objects="925" bytes="22200" bytesdiscarded="0" />
</gc-op>
<gc-end id="1177" type="scavenge" contextid="1173" durationms="1.419" usertimems="2.167" systemtimems="1.031" timestamp="2019-08-11T07:38:57.344" activeThreads="16">
  <mem-info id="1178" free="4193854384" total="4203675648" percent="99">
    <mem type="nursery" free="1837056" total="2228224" percent="82">
      <mem type="allocate" free="1837056" total="1966080" percent="93" />
      <mem type="survivor" free="0" total="262144" percent="0" />
    </mem>
    <mem type="tenure" free="4192017328" total="4201447424" percent="99" macro-fragmented="0">
      <mem type="soa" free="3981945776" total="3991375872" percent="99" />
      <mem type="loa" free="210071552" total="210071552" percent="100" />
    </mem>
    <remembered-set count="319" />
  </mem-info>
</gc-end>
<cycle-end id="1179" type="scavenge" contextid="1173" timestamp="2019-08-11T07:38:57.344" />
  <attribute name="elasticGC enabled" value="1" />
  <attribute name= "numThreadsSpecified" value="16" />
  <attribute name="heapSize specified" value="8519680" />
  <attribute name="Current GC Util" value="0" />
  <attribute name= "Current Time Running" value="28182" />
  <attribute name ="GC Interval" value="200" />
  <attribute name="ProportionalT" value="-40.000000" />
  <attribute name="ProportionalI" value="-40.000000" />
  <attribute name="ProportionalH" value="-40.000000" />
  <attribute name="Current Error" value="-80.000000" />
  <attribute name="IntegralT" value="-18920.000000" />
  <attribute name="IntegralI" value="-18920.000000" />
  <attribute name="IntegralH" value="-18920.000000" />
  <attribute name="DerivativeT" value="-0.169133" />
  <attribute name="DerivativeI" value="-0.169133" />
  <attribute name="DerivativeH" value="-0.169133" />
  <attribute name="Loop Time for DT" value="473.000000" />
  <attribute name="Output H" value="4203675648"/>
  <attribute name="Output I" value="200"/>
  <attribute name="Output T" value="16"/>
  <attribute name="Target GC Util Change" value ="80.000000" />
  <attribute name="Current GC Util Change" value="0.000000"/>
  <attribute name="GC Util currently" value="0" />
  <attribute name="CPU Util currently" value="8" />
<allocation-satisfied id="1180" threadId="0000000000B81B00" bytesRequested="24" />
<af-end id="1181" timestamp="2019-08-11T07:38:57.344" threadId="0000000000B82488" success="true" from="nursery"/>
<exclusive-end id="1182" timestamp="2019-08-11T07:38:57.344" durationms="1.636" />

<exclusive-start id="1183" timestamp="2019-08-11T07:38:57.731" intervalms="388.102">
  <response-info timems="0.025" idlems="0.025" threads="0" lastid="0000000000BAAD00" lastname="node-16" />
</exclusive-start>
<af-start id="1184" threadId="0000000000BAB688" totalBytesRequested="32" timestamp="2019-08-11T07:38:57.731" intervalms="388.110" type="nursery" />
<cycle-start id="1185" type="scavenge" contextid="0" timestamp="2019-08-11T07:38:57.731" intervalms="388.138" />
<gc-start id="1186" type="scavenge" contextid="1185" timestamp="2019-08-11T07:38:57.731">
  <mem-info id="1187" free="4192017328" total="4203675648" percent="99">
    <mem type="nursery" free="0" total="2228224" percent="0">
      <mem type="allocate" free="0" total="1966080" percent="0" />
      <mem type="survivor" free="0" total="262144" percent="0" />
    </mem>
    <mem type="tenure" free="4192017328" total="4201447424" percent="99">
      <mem type="soa" free="3981945776" total="3991375872" percent="99" />
      <mem type="loa" free="210071552" total="210071552" percent="100" />
    </mem>
    <remembered-set count="383" />
  </mem-info>
</gc-start>
<allocation-stats totalBytes="1836344" >
  <allocated-bytes non-tlh="24" tlh="1836320" />
  <largest-consumer threadName="node-0" threadId="0000000000B9FA00" bytes="90104" />
</allocation-stats>
<gc-op id="1188" type="scavenge" timems="1.209" contextid="1185" timestamp="2019-08-11T07:38:57.732">
  <scavenger-info tenureage="2" tenuremask="4004" tiltratio="88" />
  <memory-copied type="nursery" objects="2391" bytes="56464" bytesdiscarded="88688" />
  <memory-copied type="tenure" objects="1167" bytes="28008" bytesdiscarded="0" />
</gc-op>
<gc-end id="1189" type="scavenge" contextid="1185" durationms="1.586" usertimems="0.511" systemtimems="2.156" timestamp="2019-08-11T07:38:57.732" activeThreads="16">
  <mem-info id="1190" free="4193806000" total="4203675648" percent="99">
    <mem type="nursery" free="1820928" total="2228224" percent="81">
      <mem type="allocate" free="1820928" total="1966080" percent="92" />
      <mem type="survivor" free="0" total="262144" percent="0" />
    </mem>
    <mem type="tenure" free="4191985072" total="4201447424" percent="99" macro-fragmented="97368">
      <mem type="soa" free="3981913520" total="3991375872" percent="99" />
      <mem type="loa" free="210071552" total="210071552" percent="100" />
    </mem>
    <remembered-set count="296" />
  </mem-info>
</gc-end>
<cycle-end id="1191" type="scavenge" contextid="1185" timestamp="2019-08-11T07:38:57.733" />
  <attribute name="elasticGC enabled" value="1" />
  <attribute name= "numThreadsSpecified" value="16" />
  <attribute name="heapSize specified" value="8519680" />
  <attribute name="Current GC Util" value="0" />
  <attribute name= "Current Time Running" value="28570" />
  <attribute name ="GC Interval" value="200" />
  <attribute name="ProportionalT" value="-40.000000" />
  <attribute name="ProportionalI" value="-40.000000" />
  <attribute name="ProportionalH" value="-40.000000" />
  <attribute name="Current Error" value="-80.000000" />
  <attribute name="IntegralT" value="-15520.000000" />
  <attribute name="IntegralI" value="-15520.000000" />
  <attribute name="IntegralH" value="-15520.000000" />
  <attribute name="DerivativeT" value="-0.206186" />
  <attribute name="DerivativeI" value="-0.206186" />
  <attribute name="DerivativeH" value="-0.206186" />
  <attribute name="Loop Time for DT" value="388.000000" />
  <attribute name="Output H" value="4203675648"/>
  <attribute name="Output I" value="200"/>
  <attribute name="Output T" value="16"/>
  <attribute name="Target GC Util Change" value ="80.000000" />
  <attribute name="Current GC Util Change" value="0.000000"/>
  <attribute name="GC Util currently" value="0" />
  <attribute name="CPU Util currently" value="8" />
<allocation-satisfied id="1192" threadId="0000000000BAAD00" bytesRequested="32" />
<af-end id="1193" timestamp="2019-08-11T07:38:57.733" threadId="0000000000BAB688" success="true" from="nursery"/>
<exclusive-end id="1194" timestamp="2019-08-11T07:38:57.733" durationms="1.949" />

<exclusive-start id="1195" timestamp="2019-08-11T07:38:58.141" intervalms="409.933">
  <response-info timems="0.315" idlems="0.315" threads="0" lastid="0000000000BC9100" lastname="node-14" />
</exclusive-start>
<af-start id="1196" threadId="0000000000BC9A88" totalBytesRequested="16" timestamp="2019-08-11T07:38:58.141" intervalms="409.923" type="nursery" />
<cycle-start id="1197" type="scavenge" contextid="0" timestamp="2019-08-11T07:38:58.141" intervalms="409.895" />
<gc-start id="1198" type="scavenge" contextid="1197" timestamp="2019-08-11T07:38:58.141">
  <mem-info id="1199" free="4191985072" total="4203675648" percent="99">
    <mem type="nursery" free="0" total="2228224" percent="0">
      <mem type="allocate" free="0" total="1966080" percent="0" />
      <mem type="survivor" free="0" total="262144" percent="0" />
    </mem>
    <mem type="tenure" free="4191985072" total="4201447424" percent="99">
      <mem type="soa" free="3981913520" total="3991375872" percent="99" />
      <mem type="loa" free="210071552" total="210071552" percent="100" />
    </mem>
    <remembered-set count="388" />
  </mem-info>
</gc-start>
<allocation-stats totalBytes="1817928" >
  <allocated-bytes non-tlh="32" tlh="1817896" />
  <largest-consumer threadName="node-16" threadId="0000000000BAAD00" bytes="90128" />
</allocation-stats>
<gc-op id="1200" type="scavenge" timems="1.266" contextid="1197" timestamp="2019-08-11T07:38:58.142">
  <scavenger-info tenureage="2" tenuremask="4004" tiltratio="88" />
  <memory-copied type="nursery" objects="2423" bytes="73040" bytesdiscarded="39856" />
  <memory-copied type="tenure" objects="1357" bytes="32568" bytesdiscarded="0" />
</gc-op>
<gc-end id="1201" type="scavenge" contextid="1197" durationms="1.707" usertimems="0.703" systemtimems="3.393" timestamp="2019-08-11T07:38:58.142" activeThreads="16">
  <mem-info id="1202" free="4193806000" total="4203675648" percent="99">
    <mem type="nursery" free="1853184" total="2228224" percent="83">
      <mem type="allocate" free="1853184" total="1966080" percent="94" />
      <mem type="survivor" free="0" total="262144" percent="0" />
    </mem>
    <mem type="tenure" free="4191952816" total="4201447424" percent="99" macro-fragmented="49176">
      <mem type="soa" free="3981881264" total="3991375872" percent="99" />
      <mem type="loa" free="210071552" total="210071552" percent="100" />
    </mem>
    <remembered-set count="299" />
  </mem-info>
</gc-end>
<cycle-end id="1203" type="scavenge" contextid="1197" timestamp="2019-08-11T07:38:58.142" />
  <attribute name="elasticGC enabled" value="1" />
  <attribute name= "numThreadsSpecified" value="16" />
  <attribute name="heapSize specified" value="8519680" />
  <attribute name="Current GC Util" value="0" />
  <attribute name= "Current Time Running" value="28980" />
  <attribute name ="GC Interval" value="200" />
  <attribute name="ProportionalT" value="-40.000000" />
  <attribute name="ProportionalI" value="-40.000000" />
  <attribute name="ProportionalH" value="-40.000000" />
  <attribute name="Current Error" value="-80.000000" />
  <attribute name="IntegralT" value="-16400.000000" />
  <attribute name="IntegralI" value="-16400.000000" />
  <attribute name="IntegralH" value="-16400.000000" />
  <attribute name="DerivativeT" value="-0.195122" />
  <attribute name="DerivativeI" value="-0.195122" />
  <attribute name="DerivativeH" value="-0.195122" />
  <attribute name="Loop Time for DT" value="410.000000" />
  <attribute name="Output H" value="4203675648"/>
  <attribute name="Output I" value="200"/>
  <attribute name="Output T" value="16"/>
  <attribute name="Target GC Util Change" value ="80.000000" />
  <attribute name="Current GC Util Change" value="0.000000"/>
  <attribute name="GC Util currently" value="0" />
  <attribute name="CPU Util currently" value="7" />
<allocation-satisfied id="1204" threadId="0000000000BC9100" bytesRequested="16" />
<af-end id="1205" timestamp="2019-08-11T07:38:58.143" threadId="0000000000BC9A88" success="true" from="nursery"/>
<exclusive-end id="1206" timestamp="2019-08-11T07:38:58.143" durationms="1.997" />

<exclusive-start id="1207" timestamp="2019-08-11T07:38:58.513" intervalms="372.641">
  <response-info timems="0.490" idlems="0.490" threads="0" lastid="0000000000B94600" lastname="node-3" />
</exclusive-start>
<af-start id="1208" threadId="0000000000B94F88" totalBytesRequested="32" timestamp="2019-08-11T07:38:58.513" intervalms="372.632" type="nursery" />
<cycle-start id="1209" type="scavenge" contextid="0" timestamp="2019-08-11T07:38:58.513" intervalms="372.629" />
<gc-start id="1210" type="scavenge" contextid="1209" timestamp="2019-08-11T07:38:58.513">
  <mem-info id="1211" free="4191952816" total="4203675648" percent="99">
    <mem type="nursery" free="0" total="2228224" percent="0">
      <mem type="allocate" free="0" total="1966080" percent="0" />
      <mem type="survivor" free="0" total="262144" percent="0" />
    </mem>
    <mem type="tenure" free="4191952816" total="4201447424" percent="99">
      <mem type="soa" free="3981881264" total="3991375872" percent="99" />
      <mem type="loa" free="210071552" total="210071552" percent="100" />
    </mem>
    <remembered-set count="385" />
  </mem-info>
</gc-start>
<allocation-stats totalBytes="1849824" >
  <allocated-bytes non-tlh="16" tlh="1849808" />
  <largest-consumer threadName="node-11" threadId="0000000000B7A300" bytes="90104" />
</allocation-stats>
<gc-op id="1212" type="scavenge" timems="1.424" contextid="1209" timestamp="2019-08-11T07:38:58.515">
  <scavenger-info tenureage="2" tenuremask="4004" tiltratio="88" />
  <memory-copied type="nursery" objects="2403" bytes="56752" bytesdiscarded="23888" />
  <memory-copied type="tenure" objects="919" bytes="22056" bytesdiscarded="0" />
</gc-op>
<gc-end id="1213" type="scavenge" contextid="1209" durationms="1.882" usertimems="3.435" systemtimems="0.465" timestamp="2019-08-11T07:38:58.515" activeThreads="16">
  <mem-info id="1214" free="4193822128" total="4203675648" percent="99">
    <mem type="nursery" free="1885440" total="2228224" percent="84">
      <mem type="allocate" free="1885440" total="1966080" percent="95" />
      <mem type="survivor" free="0" total="262144" percent="0" />
    </mem>
    <mem type="tenure" free="4191936688" total="4201447424" percent="99" macro-fragmented="18870">
      <mem type="soa" free="3981865136" total="3991375872" percent="99" />
      <mem type="loa" free="210071552" total="210071552" percent="100" />
    </mem>
    <remembered-set count="294" />
  </mem-info>
</gc-end>
<cycle-end id="1215" type="scavenge" contextid="1209" timestamp="2019-08-11T07:38:58.515" />
  <attribute name="elasticGC enabled" value="1" />
  <attribute name= "numThreadsSpecified" value="16" />
  <attribute name="heapSize specified" value="8519680" />
  <attribute name="Current GC Util" value="0" />
  <attribute name= "Current Time Running" value="29353" />
  <attribute name ="GC Interval" value="200" />
  <attribute name="ProportionalT" value="-40.000000" />
  <attribute name="ProportionalI" value="-40.000000" />
  <attribute name="ProportionalH" value="-40.000000" />
  <attribute name="Current Error" value="-80.000000" />
  <attribute name="IntegralT" value="-14920.000000" />
  <attribute name="IntegralI" value="-14920.000000" />
  <attribute name="IntegralH" value="-14920.000000" />
  <attribute name="DerivativeT" value="-0.214477" />
  <attribute name="DerivativeI" value="-0.214477" />
  <attribute name="DerivativeH" value="-0.214477" />
  <attribute name="Loop Time for DT" value="373.000000" />
  <attribute name="Output H" value="4203675648"/>
  <attribute name="Output I" value="200"/>
  <attribute name="Output T" value="16"/>
  <attribute name="Target GC Util Change" value ="80.000000" />
  <attribute name="Current GC Util Change" value="0.000000"/>
  <attribute name="GC Util currently" value="0" />
  <attribute name="CPU Util currently" value="7" />
<allocation-satisfied id="1216" threadId="0000000000B94600" bytesRequested="32" />
<af-end id="1217" timestamp="2019-08-11T07:38:58.515" threadId="0000000000B94F88" success="true" from="nursery"/>
<exclusive-end id="1218" timestamp="2019-08-11T07:38:58.515" durationms="2.070" />

<exclusive-start id="1219" timestamp="2019-08-11T07:38:58.888" intervalms="374.740">
  <response-info timems="0.816" idlems="0.816" threads="0" lastid="0000000000B94600" lastname="node-3" />
</exclusive-start>
<af-start id="1220" threadId="0000000000B94F88" totalBytesRequested="16" timestamp="2019-08-11T07:38:58.888" intervalms="374.752" type="nursery" />
<cycle-start id="1221" type="scavenge" contextid="0" timestamp="2019-08-11T07:38:58.888" intervalms="374.756" />
<gc-start id="1222" type="scavenge" contextid="1221" timestamp="2019-08-11T07:38:58.888">
  <mem-info id="1223" free="4191936688" total="4203675648" percent="99">
    <mem type="nursery" free="0" total="2228224" percent="0">
      <mem type="allocate" free="0" total="1966080" percent="0" />
      <mem type="survivor" free="0" total="262144" percent="0" />
    </mem>
    <mem type="tenure" free="4191936688" total="4201447424" percent="99">
      <mem type="soa" free="3981865136" total="3991375872" percent="99" />
      <mem type="loa" free="210071552" total="210071552" percent="100" />
    </mem>
    <remembered-set count="387" />
  </mem-info>
</gc-start>
<allocation-stats totalBytes="1882944" >
  <allocated-bytes non-tlh="32" tlh="1882912" />
  <largest-consumer threadName="node-1" threadId="0000000000B6B300" bytes="90112" />
</allocation-stats>
<gc-op id="1224" type="scavenge" timems="0.885" contextid="1221" timestamp="2019-08-11T07:38:58.889">
  <scavenger-info tenureage="2" tenuremask="4004" tiltratio="88" />
  <memory-copied type="nursery" objects="2194" bytes="58536" bytesdiscarded="70488" />
  <memory-copied type="tenure" objects="1318" bytes="31632" bytesdiscarded="0" />
</gc-op>
<gc-end id="1225" type="scavenge" contextid="1221" durationms="1.342" usertimems="0.296" systemtimems="1.809" timestamp="2019-08-11T07:38:58.889" activeThreads="16">
  <mem-info id="1226" free="4193741488" total="4203675648" percent="99">
    <mem type="nursery" free="1837056" total="2228224" percent="82">
      <mem type="allocate" free="1837056" total="1966080" percent="93" />
      <mem type="survivor" free="0" total="262144" percent="0" />
    </mem>
    <mem type="tenure" free="4191904432" total="4201447424" percent="99" macro-fragmented="22644">
      <mem type="soa" free="3981832880" total="3991375872" percent="99" />
      <mem type="loa" free="210071552" total="210071552" percent="100" />
    </mem>
    <remembered-set count="298" />
  </mem-info>
</gc-end>
<cycle-end id="1227" type="scavenge" contextid="1221" timestamp="2019-08-11T07:38:58.889" />
  <attribute name="elasticGC enabled" value="1" />
  <attribute name= "numThreadsSpecified" value="16" />
  <attribute name="heapSize specified" value="8519680" />
  <attribute name="Current GC Util" value="0" />
  <attribute name= "Current Time Running" value="29727" />
  <attribute name ="GC Interval" value="200" />
  <attribute name="ProportionalT" value="-40.000000" />
  <attribute name="ProportionalI" value="-40.000000" />
  <attribute name="ProportionalH" value="-40.000000" />
  <attribute name="Current Error" value="-80.000000" />
  <attribute name="IntegralT" value="-14960.000000" />
  <attribute name="IntegralI" value="-14960.000000" />
  <attribute name="IntegralH" value="-14960.000000" />
  <attribute name="DerivativeT" value="-0.213904" />
  <attribute name="DerivativeI" value="-0.213904" />
  <attribute name="DerivativeH" value="-0.213904" />
  <attribute name="Loop Time for DT" value="374.000000" />
  <attribute name="Output H" value="4203675648"/>
  <attribute name="Output I" value="200"/>
  <attribute name="Output T" value="16"/>
  <attribute name="Target GC Util Change" value ="80.000000" />
  <attribute name="Current GC Util Change" value="0.000000"/>
  <attribute name="GC Util currently" value="0" />
  <attribute name="CPU Util currently" value="6" />
<allocation-satisfied id="1228" threadId="0000000000B94600" bytesRequested="16" />
<af-end id="1229" timestamp="2019-08-11T07:38:58.889" threadId="0000000000B94F88" success="true" from="nursery"/>
<exclusive-end id="1230" timestamp="2019-08-11T07:38:58.889" durationms="1.542" />

<exclusive-start id="1231" timestamp="2019-08-11T07:38:59.236" intervalms="347.771">
  <response-info timems="0.131" idlems="0.086" threads="2" lastid="0000000000B85600" lastname="node-21" />
</exclusive-start>
<af-start id="1232" threadId="0000000000B8D788" totalBytesRequested="368" timestamp="2019-08-11T07:38:59.236" intervalms="347.761" type="nursery" />
<cycle-start id="1233" type="scavenge" contextid="0" timestamp="2019-08-11T07:38:59.236" intervalms="347.897" />
<gc-start id="1234" type="scavenge" contextid="1233" timestamp="2019-08-11T07:38:59.236">
  <mem-info id="1235" free="4191904432" total="4203675648" percent="99">
    <mem type="nursery" free="0" total="2228224" percent="0">
      <mem type="allocate" free="0" total="1966080" percent="0" />
      <mem type="survivor" free="0" total="262144" percent="0" />
    </mem>
    <mem type="tenure" free="4191904432" total="4201447424" percent="99">
      <mem type="soa" free="3981832880" total="3991375872" percent="99" />
      <mem type="loa" free="210071552" total="210071552" percent="100" />
    </mem>
    <remembered-set count="383" />
  </mem-info>
</gc-start>
<allocation-stats totalBytes="1833296" >
  <allocated-bytes non-tlh="16" tlh="1833280" />
  <largest-consumer threadName="node-19" threadId="0000000000B81B00" bytes="90088" />
</allocation-stats>
<gc-op id="1236" type="scavenge" timems="1.192" contextid="1233" timestamp="2019-08-11T07:38:59.237">
  <scavenger-info tenureage="2" tenuremask="4004" tiltratio="88" />
  <memory-copied type="nursery" objects="2201" bytes="62312" bytesdiscarded="50584" />
  <memory-copied type="tenure" objects="970" bytes="23280" bytesdiscarded="0" />
</gc-op>
<gc-end id="1237" type="scavenge" contextid="1233" durationms="1.714" usertimems="0.539" systemtimems="2.215" timestamp="2019-08-11T07:38:59.238" activeThreads="16">
  <mem-info id="1238" free="4193741488" total="4203675648" percent="99">
    <mem type="nursery" free="1853184" total="2228224" percent="83">
      <mem type="allocate" free="1853184" total="1966080" percent="94" />
      <mem type="survivor" free="0" total="262144" percent="0" />
    </mem>
    <mem type="tenure" free="4191888304" total="4201447424" percent="99" macro-fragmented="207920">
      <mem type="soa" free="3981816752" total="3991375872" percent="99" />
      <mem type="loa" free="210071552" total="210071552" percent="100" />
    </mem>
    <remembered-set count="296" />
  </mem-info>
</gc-end>
<cycle-end id="1239" type="scavenge" contextid="1233" timestamp="2019-08-11T07:38:59.238" />
  <attribute name="elasticGC enabled" value="1" />
  <attribute name= "numThreadsSpecified" value="16" />
  <attribute name="heapSize specified" value="8519680" />
  <attribute name="Current GC Util" value="0" />
  <attribute name= "Current Time Running" value="30075" />
  <attribute name ="GC Interval" value="200" />
  <attribute name="ProportionalT" value="-40.000000" />
  <attribute name="ProportionalI" value="-40.000000" />
  <attribute name="ProportionalH" value="-40.000000" />
  <attribute name="Current Error" value="-80.000000" />
  <attribute name="IntegralT" value="-13920.000000" />
  <attribute name="IntegralI" value="-13920.000000" />
  <attribute name="IntegralH" value="-13920.000000" />
  <attribute name="DerivativeT" value="-0.229885" />
  <attribute name="DerivativeI" value="-0.229885" />
  <attribute name="DerivativeH" value="-0.229885" />
  <attribute name="Loop Time for DT" value="348.000000" />
  <attribute name="Output H" value="4203675648"/>
  <attribute name="Output I" value="200"/>
  <attribute name="Output T" value="16"/>
  <attribute name="Target GC Util Change" value ="80.000000" />
  <attribute name="Current GC Util Change" value="0.000000"/>
  <attribute name="GC Util currently" value="0" />
  <attribute name="CPU Util currently" value="5" />
<allocation-satisfied id="1240" threadId="0000000000B8CE00" bytesRequested="368" />
<af-end id="1241" timestamp="2019-08-11T07:38:59.238" threadId="0000000000B8D788" success="true" from="nursery"/>
<exclusive-end id="1242" timestamp="2019-08-11T07:38:59.238" durationms="2.070" />

<exclusive-start id="1243" timestamp="2019-08-11T07:38:59.549" intervalms="313.550">
  <response-info timems="0.137" idlems="0.137" threads="0" lastid="0000000000BC1900" lastname="node-15" />
</exclusive-start>
<af-start id="1244" threadId="0000000000BC2288" totalBytesRequested="32" timestamp="2019-08-11T07:38:59.549" intervalms="313.556" type="nursery" />
<cycle-start id="1245" type="scavenge" contextid="0" timestamp="2019-08-11T07:38:59.549" intervalms="313.417" />
<gc-start id="1246" type="scavenge" contextid="1245" timestamp="2019-08-11T07:38:59.549">
  <mem-info id="1247" free="4191888304" total="4203675648" percent="99">
    <mem type="nursery" free="0" total="2228224" percent="0">
      <mem type="allocate" free="0" total="1966080" percent="0" />
      <mem type="survivor" free="0" total="262144" percent="0" />
    </mem>
    <mem type="tenure" free="4191888304" total="4201447424" percent="99">
      <mem type="soa" free="3981816752" total="3991375872" percent="99" />
      <mem type="loa" free="210071552" total="210071552" percent="100" />
    </mem>
    <remembered-set count="384" />
  </mem-info>
</gc-start>
<allocation-stats totalBytes="1851560" >
  <allocated-bytes non-tlh="368" tlh="1851192" />
  <largest-consumer threadName="node-13" threadId="0000000000B8CE00" bytes="90448" />
</allocation-stats>
<gc-op id="1248" type="scavenge" timems="0.947" contextid="1245" timestamp="2019-08-11T07:38:59.550">
  <scavenger-info tenureage="2" tenuremask="4004" tiltratio="88" />
  <memory-copied type="nursery" objects="1887" bytes="44648" bytesdiscarded="84376" />
  <memory-copied type="tenure" objects="1070" bytes="25680" bytesdiscarded="0" />
</gc-op>
<gc-end id="1249" type="scavenge" contextid="1245" durationms="1.690" usertimems="1.923" systemtimems="1.014" timestamp="2019-08-11T07:38:59.551" activeThreads="16">
  <mem-info id="1250" free="4193693104" total="4203675648" percent="99">
    <mem type="nursery" free="1837056" total="2228224" percent="82">
      <mem type="allocate" free="1837056" total="1966080" percent="93" />
      <mem type="survivor" free="0" total="262144" percent="0" />
    </mem>
    <mem type="tenure" free="4191856048" total="4201447424" percent="99" macro-fragmented="290741">
      <mem type="soa" free="3981784496" total="3991375872" percent="99" />
      <mem type="loa" free="210071552" total="210071552" percent="100" />
    </mem>
    <remembered-set count="293" />
  </mem-info>
</gc-end>
<cycle-end id="1251" type="scavenge" contextid="1245" timestamp="2019-08-11T07:38:59.551" />
  <attribute name="elasticGC enabled" value="1" />
  <attribute name= "numThreadsSpecified" value="16" />
  <attribute name="heapSize specified" value="8519680" />
  <attribute name="Current GC Util" value="0" />
  <attribute name= "Current Time Running" value="30389" />
  <attribute name ="GC Interval" value="200" />
  <attribute name="ProportionalT" value="-40.000000" />
  <attribute name="ProportionalI" value="-40.000000" />
  <attribute name="ProportionalH" value="-40.000000" />
  <attribute name="Current Error" value="-80.000000" />
  <attribute name="IntegralT" value="-12560.000000" />
  <attribute name="IntegralI" value="-12560.000000" />
  <attribute name="IntegralH" value="-12560.000000" />
  <attribute name="DerivativeT" value="-0.254777" />
  <attribute name="DerivativeI" value="-0.254777" />
  <attribute name="DerivativeH" value="-0.254777" />
  <attribute name="Loop Time for DT" value="314.000000" />
  <attribute name="Output H" value="4203675648"/>
  <attribute name="Output I" value="200"/>
  <attribute name="Output T" value="16"/>
  <attribute name="Target GC Util Change" value ="80.000000" />
  <attribute name="Current GC Util Change" value="0.000000"/>
  <attribute name="GC Util currently" value="0" />
  <attribute name="CPU Util currently" value="4" />
<allocation-satisfied id="1252" threadId="0000000000BC1900" bytesRequested="32" />
<af-end id="1253" timestamp="2019-08-11T07:38:59.551" threadId="0000000000BC2288" success="true" from="nursery"/>
<exclusive-end id="1254" timestamp="2019-08-11T07:38:59.551" durationms="1.930" />

<exclusive-start id="1255" timestamp="2019-08-11T07:38:59.850" intervalms="300.905">
  <response-info timems="0.099" idlems="0.099" threads="0" lastid="0000000000B7A300" lastname="node-11" />
</exclusive-start>
<af-start id="1256" threadId="0000000000B7AC88" totalBytesRequested="32" timestamp="2019-08-11T07:38:59.850" intervalms="300.899" type="nursery" />
<cycle-start id="1257" type="scavenge" contextid="0" timestamp="2019-08-11T07:38:59.850" intervalms="300.899" />
<gc-start id="1258" type="scavenge" contextid="1257" timestamp="2019-08-11T07:38:59.850">
  <mem-info id="1259" free="4191856048" total="4203675648" percent="99">
    <mem type="nursery" free="0" total="2228224" percent="0">
      <mem type="allocate" free="0" total="1966080" percent="0" />
      <mem type="survivor" free="0" total="262144" percent="0" />
    </mem>
    <mem type="tenure" free="4191856048" total="4201447424" percent="99">
      <mem type="soa" free="3981784496" total="3991375872" percent="99" />
      <mem type="loa" free="210071552" total="210071552" percent="100" />
    </mem>
    <remembered-set count="379" />
  </mem-info>
</gc-start>
<allocation-stats totalBytes="1826600" >
  <allocated-bytes non-tlh="32" tlh="1826568" />
  <largest-consumer threadName="node-15" threadId="0000000000BC1900" bytes="90072" />
</allocation-stats>
<gc-op id="1260" type="scavenge" timems="1.256" contextid="1257" timestamp="2019-08-11T07:38:59.852">
  <scavenger-info tenureage="2" tenuremask="4004" tiltratio="88" />
  <memory-copied type="nursery" objects="1764" bytes="41416" bytesdiscarded="87608" />
  <memory-copied type="tenure" objects="967" bytes="23208" bytesdiscarded="0" />
</gc-op>
<gc-end id="1261" type="scavenge" contextid="1257" durationms="1.615" usertimems="4.520" systemtimems="0.000" timestamp="2019-08-11T07:38:59.852" activeThreads="16">
  <mem-info id="1262" free="4193693104" total="4203675648" percent="99">
    <mem type="nursery" free="1837056" total="2228224" percent="82">
      <mem type="allocate" free="1837056" total="1966080" percent="93" />
      <mem type="survivor" free="0" total="262144" percent="0" />
    </mem>
    <mem type="tenure" free="4191856048" total="4201447424" percent="99" macro-fragmented="242284">
      <mem type="soa" free="3981784496" total="3991375872" percent="99" />
      <mem type="loa" free="210071552" total="210071552" percent="100" />
    </mem>
    <remembered-set count="291" />
  </mem-info>
</gc-end>
<cycle-end id="1263" type="scavenge" contextid="1257" timestamp="2019-08-11T07:38:59.852" />
  <attribute name="elasticGC enabled" value="1" />
  <attribute name= "numThreadsSpecified" value="16" />
  <attribute name="heapSize specified" value="8519680" />
  <attribute name="Current GC Util" value="0" />
  <attribute name= "Current Time Running" value="30689" />
  <attribute name ="GC Interval" value="200" />
  <attribute name="ProportionalT" value="-40.000000" />
  <attribute name="ProportionalI" value="-40.000000" />
  <attribute name="ProportionalH" value="-40.000000" />
  <attribute name="Current Error" value="-80.000000" />
  <attribute name="IntegralT" value="-12000.000000" />
  <attribute name="IntegralI" value="-12000.000000" />
  <attribute name="IntegralH" value="-12000.000000" />
  <attribute name="DerivativeT" value="-0.266667" />
  <attribute name="DerivativeI" value="-0.266667" />
  <attribute name="DerivativeH" value="-0.266667" />
  <attribute name="Loop Time for DT" value="300.000000" />
  <attribute name="Output H" value="4203675648"/>
  <attribute name="Output I" value="200"/>
  <attribute name="Output T" value="16"/>
  <attribute name="Target GC Util Change" value ="80.000000" />
  <attribute name="Current GC Util Change" value="0.000000"/>
  <attribute name="GC Util currently" value="0" />
  <attribute name="CPU Util currently" value="4" />
<allocation-satisfied id="1264" threadId="0000000000B7A300" bytesRequested="32" />
<af-end id="1265" timestamp="2019-08-11T07:38:59.852" threadId="0000000000B7AC88" success="true" from="nursery"/>
<exclusive-end id="1266" timestamp="2019-08-11T07:38:59.852" durationms="1.843" />

<exclusive-start id="1267" timestamp="2019-08-11T07:39:00.120" intervalms="269.485">
  <response-info timems="0.167" idlems="0.167" threads="0" lastid="0000000000B72B00" lastname="node-12" />
</exclusive-start>
<af-start id="1268" threadId="0000000000B73488" totalBytesRequested="16" timestamp="2019-08-11T07:39:00.120" intervalms="269.523" type="nursery" />
<cycle-start id="1269" type="scavenge" contextid="0" timestamp="2019-08-11T07:39:00.120" intervalms="269.578" />
<gc-start id="1270" type="scavenge" contextid="1269" timestamp="2019-08-11T07:39:00.120">
  <mem-info id="1271" free="4191856048" total="4203675648" percent="99">
    <mem type="nursery" free="0" total="2228224" percent="0">
      <mem type="allocate" free="0" total="1966080" percent="0" />
      <mem type="survivor" free="0" total="262144" percent="0" />
    </mem>
    <mem type="tenure" free="4191856048" total="4201447424" percent="99">
      <mem type="soa" free="3981784496" total="3991375872" percent="99" />
      <mem type="loa" free="210071552" total="210071552" percent="100" />
    </mem>
    <remembered-set count="375" />
  </mem-info>
</gc-start>
<allocation-stats totalBytes="1836064" >
  <allocated-bytes non-tlh="32" tlh="1836032" />
  <largest-consumer threadName="node-16" threadId="0000000000BAAD00" bytes="90112" />
</allocation-stats>
<gc-op id="1272" type="scavenge" timems="1.378" contextid="1269" timestamp="2019-08-11T07:39:00.121">
  <scavenger-info tenureage="2" tenuremask="4004" tiltratio="88" />
  <memory-copied type="nursery" objects="1932" bytes="61168" bytesdiscarded="35600" />
  <memory-copied type="tenure" objects="801" bytes="19224" bytesdiscarded="0" />
</gc-op>
<gc-end id="1273" type="scavenge" contextid="1269" durationms="1.691" usertimems="2.293" systemtimems="1.636" timestamp="2019-08-11T07:39:00.122" activeThreads="16">
  <mem-info id="1274" free="4193709232" total="4203675648" percent="99">
    <mem type="nursery" free="1869312" total="2228224" percent="83">
      <mem type="allocate" free="1869312" total="1966080" percent="95" />
      <mem type="survivor" free="0" total="262144" percent="0" />
    </mem>
    <mem type="tenure" free="4191839920" total="4201447424" percent="99" macro-fragmented="56347">
      <mem type="soa" free="3981768368" total="3991375872" percent="99" />
      <mem type="loa" free="210071552" total="210071552" percent="100" />
    </mem>
    <remembered-set count="293" />
  </mem-info>
</gc-end>
<cycle-end id="1275" type="scavenge" contextid="1269" timestamp="2019-08-11T07:39:00.122" />
  <attribute name="elasticGC enabled" value="1" />
  <attribute name= "numThreadsSpecified" value="16" />
  <attribute name="heapSize specified" value="8519680" />
  <attribute name="Current GC Util" value="0" />
  <attribute name= "Current Time Running" value="30959" />
  <attribute name ="GC Interval" value="200" />
  <attribute name="ProportionalT" value="-40.000000" />
  <attribute name="ProportionalI" value="-40.000000" />
  <attribute name="ProportionalH" value="-40.000000" />
  <attribute name="Current Error" value="-80.000000" />
  <attribute name="IntegralT" value="-10800.000000" />
  <attribute name="IntegralI" value="-10800.000000" />
  <attribute name="IntegralH" value="-10800.000000" />
  <attribute name="DerivativeT" value="-0.296296" />
  <attribute name="DerivativeI" value="-0.296296" />
  <attribute name="DerivativeH" value="-0.296296" />
  <attribute name="Loop Time for DT" value="270.000000" />
  <attribute name="Output H" value="4203675648"/>
  <attribute name="Output I" value="200"/>
  <attribute name="Output T" value="16"/>
  <attribute name="Target GC Util Change" value ="80.000000" />
  <attribute name="Current GC Util Change" value="0.000000"/>
  <attribute name="GC Util currently" value="0" />
  <attribute name="CPU Util currently" value="3" />
<allocation-satisfied id="1276" threadId="0000000000B72B00" bytesRequested="16" />
<af-end id="1277" timestamp="2019-08-11T07:39:00.122" threadId="0000000000B73488" success="true" from="nursery"/>
<exclusive-end id="1278" timestamp="2019-08-11T07:39:00.122" durationms="2.111" />

<exclusive-start id="1279" timestamp="2019-08-11T07:39:00.425" intervalms="305.165">
  <response-info timems="0.534" idlems="0.534" threads="0" lastid="0000000000B85600" lastname="node-21" />
</exclusive-start>
<af-start id="1280" threadId="0000000000B85F88" totalBytesRequested="432" timestamp="2019-08-11T07:39:00.425" intervalms="305.127" type="nursery" />
<cycle-start id="1281" type="scavenge" contextid="0" timestamp="2019-08-11T07:39:00.425" intervalms="305.082" />
<gc-start id="1282" type="scavenge" contextid="1281" timestamp="2019-08-11T07:39:00.425">
  <mem-info id="1283" free="4191839920" total="4203675648" percent="99">
    <mem type="nursery" free="0" total="2228224" percent="0">
      <mem type="allocate" free="0" total="1966080" percent="0" />
      <mem type="survivor" free="0" total="262144" percent="0" />
    </mem>
    <mem type="tenure" free="4191839920" total="4201447424" percent="99">
      <mem type="soa" free="3981768368" total="3991375872" percent="99" />
      <mem type="loa" free="210071552" total="210071552" percent="100" />
    </mem>
    <remembered-set count="379" />
  </mem-info>
</gc-start>
<allocation-stats totalBytes="1860784" >
  <allocated-bytes non-tlh="16" tlh="1860768" />
  <largest-consumer threadName="node-1" threadId="0000000000B6B300" bytes="90096" />
</allocation-stats>
<gc-op id="1284" type="scavenge" timems="1.052" contextid="1281" timestamp="2019-08-11T07:39:00.426">
  <scavenger-info tenureage="2" tenuremask="4004" tiltratio="88" />
  <memory-copied type="nursery" objects="1988" bytes="66272" bytesdiscarded="62752" />
  <memory-copied type="tenure" objects="848" bytes="20352" bytesdiscarded="0" />
</gc-op>
<gc-end id="1285" type="scavenge" contextid="1281" durationms="1.305" usertimems="0.639" systemtimems="2.393" timestamp="2019-08-11T07:39:00.426" activeThreads="16">
  <mem-info id="1286" free="4193660848" total="4203675648" percent="99">
    <mem type="nursery" free="1837056" total="2228224" percent="82">
      <mem type="allocate" free="1837056" total="1966080" percent="93" />
      <mem type="survivor" free="0" total="262144" percent="0" />
    </mem>
    <mem type="tenure" free="4191823792" total="4201447424" percent="99" macro-fragmented="348889">
      <mem type="soa" free="3981752240" total="3991375872" percent="99" />
      <mem type="loa" free="210071552" total="210071552" percent="100" />
    </mem>
    <remembered-set count="294" />
  </mem-info>
</gc-end>
<cycle-end id="1287" type="scavenge" contextid="1281" timestamp="2019-08-11T07:39:00.426" />
  <attribute name="elasticGC enabled" value="1" />
  <attribute name= "numThreadsSpecified" value="16" />
  <attribute name="heapSize specified" value="8519680" />
  <attribute name="Current GC Util" value="1" />
  <attribute name= "Current Time Running" value="31264" />
  <attribute name ="GC Interval" value="200" />
  <attribute name="ProportionalT" value="-39.500000" />
  <attribute name="ProportionalI" value="-39.500000" />
  <attribute name="ProportionalH" value="-39.500000" />
  <attribute name="Current Error" value="-79.000000" />
  <attribute name="IntegralT" value="-12047.500000" />
  <attribute name="IntegralI" value="-12047.500000" />
  <attribute name="IntegralH" value="-12047.500000" />
  <attribute name="DerivativeT" value="-0.259016" />
  <attribute name="DerivativeI" value="-0.259016" />
  <attribute name="DerivativeH" value="-0.259016" />
  <attribute name="Loop Time for DT" value="305.000000" />
  <attribute name="Output H" value="4203675648"/>
  <attribute name="Output I" value="200"/>
  <attribute name="Output T" value="16"/>
  <attribute name="Target GC Util Change" value ="80.000000" />
  <attribute name="Current GC Util Change" value="1.000000"/>
  <attribute name="GC Util currently" value="1" />
  <attribute name="CPU Util currently" value="4" />
<allocation-satisfied id="1288" threadId="0000000000B85600" bytesRequested="432" />
<af-end id="1289" timestamp="2019-08-11T07:39:00.426" threadId="0000000000B85F88" success="true" from="nursery"/>
<exclusive-end id="1290" timestamp="2019-08-11T07:39:00.426" durationms="1.520" />

<exclusive-start id="1291" timestamp="2019-08-11T07:39:00.775" intervalms="350.106">
  <response-info timems="0.021" idlems="0.021" threads="0" lastid="0000000000BBDD00" lastname="node-25" />
</exclusive-start>
<af-start id="1292" threadId="0000000000BBE688" totalBytesRequested="32" timestamp="2019-08-11T07:39:00.775" intervalms="350.107" type="nursery" />
<cycle-start id="1293" type="scavenge" contextid="0" timestamp="2019-08-11T07:39:00.775" intervalms="350.097" />
<gc-start id="1294" type="scavenge" contextid="1293" timestamp="2019-08-11T07:39:00.775">
  <mem-info id="1295" free="4191823792" total="4203675648" percent="99">
    <mem type="nursery" free="0" total="2228224" percent="0">
      <mem type="allocate" free="0" total="1966080" percent="0" />
      <mem type="survivor" free="0" total="262144" percent="0" />
    </mem>
    <mem type="tenure" free="4191823792" total="4201447424" percent="99">
      <mem type="soa" free="3981752240" total="3991375872" percent="99" />
      <mem type="loa" free="210071552" total="210071552" percent="100" />
    </mem>
    <remembered-set count="380" />
  </mem-info>
</gc-start>
<allocation-stats totalBytes="1836384" >
  <allocated-bytes non-tlh="432" tlh="1835952" />
  <largest-consumer threadName="node-13" threadId="0000000000B8CE00" bytes="90096" />
</allocation-stats>
<gc-op id="1296" type="scavenge" timems="1.119" contextid="1293" timestamp="2019-08-11T07:39:00.776">
  <scavenger-info tenureage="2" tenuremask="4004" tiltratio="88" />
  <memory-copied type="nursery" objects="2132" bytes="52880" bytesdiscarded="60016" />
  <memory-copied type="tenure" objects="903" bytes="21672" bytesdiscarded="0" />
</gc-op>
<gc-end id="1297" type="scavenge" contextid="1293" durationms="1.398" usertimems="0.302" systemtimems="3.143" timestamp="2019-08-11T07:39:00.776" activeThreads="16">
  <mem-info id="1298" free="4193644720" total="4203675648" percent="99">
    <mem type="nursery" free="1853184" total="2228224" percent="83">
      <mem type="allocate" free="1853184" total="1966080" percent="94" />
      <mem type="survivor" free="0" total="262144" percent="0" />
    </mem>
    <mem type="tenure" free="4191791536" total="4201447424" percent="99" macro-fragmented="0">
      <mem type="soa" free="3981719984" total="3991375872" percent="99" />
      <mem type="loa" free="210071552" total="210071552" percent="100" />
    </mem>
    <remembered-set count="316" />
  </mem-info>
</gc-end>
<cycle-end id="1299" type="scavenge" contextid="1293" timestamp="2019-08-11T07:39:00.776" />
  <attribute name="elasticGC enabled" value="1" />
  <attribute name= "numThreadsSpecified" value="16" />
  <attribute name="heapSize specified" value="8519680" />
  <attribute name="Current GC Util" value="0" />
  <attribute name= "Current Time Running" value="31614" />
  <attribute name ="GC Interval" value="200" />
  <attribute name="ProportionalT" value="-40.000000" />
  <attribute name="ProportionalI" value="-40.000000" />
  <attribute name="ProportionalH" value="-40.000000" />
  <attribute name="Current Error" value="-80.000000" />
  <attribute name="IntegralT" value="-14000.000000" />
  <attribute name="IntegralI" value="-14000.000000" />
  <attribute name="IntegralH" value="-14000.000000" />
  <attribute name="DerivativeT" value="-0.228571" />
  <attribute name="DerivativeI" value="-0.228571" />
  <attribute name="DerivativeH" value="-0.228571" />
  <attribute name="Loop Time for DT" value="350.000000" />
  <attribute name="Output H" value="4203675648"/>
  <attribute name="Output I" value="200"/>
  <attribute name="Output T" value="16"/>
  <attribute name="Target GC Util Change" value ="80.000000" />
  <attribute name="Current GC Util Change" value="0.000000"/>
  <attribute name="GC Util currently" value="0" />
  <attribute name="CPU Util currently" value="7" />
<allocation-satisfied id="1300" threadId="0000000000BBDD00" bytesRequested="32" />
<af-end id="1301" timestamp="2019-08-11T07:39:00.776" threadId="0000000000BBE688" success="true" from="nursery"/>
<exclusive-end id="1302" timestamp="2019-08-11T07:39:00.776" durationms="1.583" />

<exclusive-start id="1303" timestamp="2019-08-11T07:39:01.116" intervalms="341.371">
  <response-info timems="3.165" idlems="3.165" threads="0" lastid="0000000000BA7200" lastname="node-5" />
</exclusive-start>
<af-start id="1304" threadId="0000000000BA7B88" totalBytesRequested="16" timestamp="2019-08-11T07:39:01.116" intervalms="341.386" type="nursery" />
<cycle-start id="1305" type="scavenge" contextid="0" timestamp="2019-08-11T07:39:01.116" intervalms="341.432" />
<gc-start id="1306" type="scavenge" contextid="1305" timestamp="2019-08-11T07:39:01.116">
  <mem-info id="1307" free="4191791536" total="4203675648" percent="99">
    <mem type="nursery" free="0" total="2228224" percent="0">
      <mem type="allocate" free="0" total="1966080" percent="0" />
      <mem type="survivor" free="0" total="262144" percent="0" />
    </mem>
    <mem type="tenure" free="4191791536" total="4201447424" percent="99">
      <mem type="soa" free="3981719984" total="3991375872" percent="99" />
      <mem type="loa" free="210071552" total="210071552" percent="100" />
    </mem>
    <remembered-set count="380" />
  </mem-info>
</gc-start>
<allocation-stats totalBytes="1851904" >
  <allocated-bytes non-tlh="32" tlh="1851872" />
  <largest-consumer threadName="node-25" threadId="0000000000BBDD00" bytes="90128" />
</allocation-stats>
<gc-op id="1308" type="scavenge" timems="0.986" contextid="1305" timestamp="2019-08-11T07:39:01.117">
  <scavenger-info tenureage="2" tenuremask="4004" tiltratio="88" />
  <memory-copied type="nursery" objects="2189" bytes="67920" bytesdiscarded="93360" />
  <memory-copied type="tenure" objects="903" bytes="21672" bytesdiscarded="16" />
</gc-op>
<gc-end id="1309" type="scavenge" contextid="1305" durationms="1.097" usertimems="1.317" systemtimems="0.409" timestamp="2019-08-11T07:39:01.118" activeThreads="16">
  <mem-info id="1310" free="4193580208" total="4203675648" percent="99">
    <mem type="nursery" free="1804800" total="2228224" percent="80">
      <mem type="allocate" free="1804800" total="1966080" percent="91" />
      <mem type="survivor" free="0" total="262144" percent="0" />
    </mem>
    <mem type="tenure" free="4191775408" total="4201447424" percent="99" macro-fragmented="0">
      <mem type="soa" free="3981703856" total="3991375872" percent="99" />
      <mem type="loa" free="210071552" total="210071552" percent="100" />
    </mem>
    <remembered-set count="294" />
  </mem-info>
</gc-end>
<cycle-end id="1311" type="scavenge" contextid="1305" timestamp="2019-08-11T07:39:01.118" />
  <attribute name="elasticGC enabled" value="1" />
  <attribute name= "numThreadsSpecified" value="16" />
  <attribute name="heapSize specified" value="8519680" />
  <attribute name="Current GC Util" value="0" />
  <attribute name= "Current Time Running" value="31956" />
  <attribute name ="GC Interval" value="200" />
  <attribute name="ProportionalT" value="-40.000000" />
  <attribute name="ProportionalI" value="-40.000000" />
  <attribute name="ProportionalH" value="-40.000000" />
  <attribute name="Current Error" value="-80.000000" />
  <attribute name="IntegralT" value="-13680.000000" />
  <attribute name="IntegralI" value="-13680.000000" />
  <attribute name="IntegralH" value="-13680.000000" />
  <attribute name="DerivativeT" value="-0.233918" />
  <attribute name="DerivativeI" value="-0.233918" />
  <attribute name="DerivativeH" value="-0.233918" />
  <attribute name="Loop Time for DT" value="342.000000" />
  <attribute name="Output H" value="4203675648"/>
  <attribute name="Output I" value="200"/>
  <attribute name="Output T" value="16"/>
  <attribute name="Target GC Util Change" value ="80.000000" />
  <attribute name="Current GC Util Change" value="0.000000"/>
  <attribute name="GC Util currently" value="0" />
  <attribute name="CPU Util currently" value="5" />
<allocation-satisfied id="1312" threadId="0000000000BA7200" bytesRequested="16" />
<af-end id="1313" timestamp="2019-08-11T07:39:01.118" threadId="0000000000BA7B88" success="true" from="nursery"/>
<exclusive-end id="1314" timestamp="2019-08-11T07:39:01.118" durationms="1.380" />

<exclusive-start id="1315" timestamp="2019-08-11T07:39:01.547" intervalms="430.338">
  <response-info timems="0.024" idlems="0.024" threads="0" lastid="0000000000B6B300" lastname="node-1" />
</exclusive-start>
<af-start id="1316" threadId="0000000000B6BC88" totalBytesRequested="376" timestamp="2019-08-11T07:39:01.547" intervalms="430.327" type="nursery" />
<cycle-start id="1317" type="scavenge" contextid="0" timestamp="2019-08-11T07:39:01.547" intervalms="430.283" />
<gc-start id="1318" type="scavenge" contextid="1317" timestamp="2019-08-11T07:39:01.547">
  <mem-info id="1319" free="4191775408" total="4203675648" percent="99">
    <mem type="nursery" free="0" total="2228224" percent="0">
      <mem type="allocate" free="0" total="1966080" percent="0" />
      <mem type="survivor" free="0" total="262144" percent="0" />
    </mem>
    <mem type="tenure" free="4191775408" total="4201447424" percent="99">
      <mem type="soa" free="3981703856" total="3991375872" percent="99" />
      <mem type="loa" free="210071552" total="210071552" percent="100" />
    </mem>
    <remembered-set count="382" />
  </mem-info>
</gc-start>
<allocation-stats totalBytes="1798728" >
  <allocated-bytes non-tlh="16" tlh="1798712" />
  <largest-consumer threadName="node-8" threadId="0000000000B76700" bytes="90080" />
</allocation-stats>
<gc-op id="1320" type="scavenge" timems="1.438" contextid="1317" timestamp="2019-08-11T07:39:01.548">
  <scavenger-info tenureage="2" tenuremask="4004" tiltratio="88" />
  <memory-copied type="nursery" objects="2317" bytes="66968" bytesdiscarded="78184" />
  <memory-copied type="tenure" objects="1085" bytes="26040" bytesdiscarded="0" />
</gc-op>
<gc-end id="1321" type="scavenge" contextid="1317" durationms="1.624" usertimems="0.000" systemtimems="2.422" timestamp="2019-08-11T07:39:01.548" activeThreads="16">
  <mem-info id="1322" free="4193580208" total="4203675648" percent="99">
    <mem type="nursery" free="1820928" total="2228224" percent="81">
      <mem type="allocate" free="1820928" total="1966080" percent="92" />
      <mem type="survivor" free="0" total="262144" percent="0" />
    </mem>
    <mem type="tenure" free="4191759280" total="4201447424" percent="99" macro-fragmented="0">
      <mem type="soa" free="3981687728" total="3991375872" percent="99" />
      <mem type="loa" free="210071552" total="210071552" percent="100" />
    </mem>
    <remembered-set count="298" />
  </mem-info>
</gc-end>
<cycle-end id="1323" type="scavenge" contextid="1317" timestamp="2019-08-11T07:39:01.548" />
  <attribute name="elasticGC enabled" value="1" />
  <attribute name= "numThreadsSpecified" value="16" />
  <attribute name="heapSize specified" value="8519680" />
  <attribute name="Current GC Util" value="0" />
  <attribute name= "Current Time Running" value="32386" />
  <attribute name ="GC Interval" value="200" />
  <attribute name="ProportionalT" value="-40.000000" />
  <attribute name="ProportionalI" value="-40.000000" />
  <attribute name="ProportionalH" value="-40.000000" />
  <attribute name="Current Error" value="-80.000000" />
  <attribute name="IntegralT" value="-17200.000000" />
  <attribute name="IntegralI" value="-17200.000000" />
  <attribute name="IntegralH" value="-17200.000000" />
  <attribute name="DerivativeT" value="-0.186047" />
  <attribute name="DerivativeI" value="-0.186047" />
  <attribute name="DerivativeH" value="-0.186047" />
  <attribute name="Loop Time for DT" value="430.000000" />
  <attribute name="Output H" value="4203675648"/>
  <attribute name="Output I" value="200"/>
  <attribute name="Output T" value="16"/>
  <attribute name="Target GC Util Change" value ="80.000000" />
  <attribute name="Current GC Util Change" value="0.000000"/>
  <attribute name="GC Util currently" value="0" />
  <attribute name="CPU Util currently" value="7" />
<allocation-satisfied id="1324" threadId="0000000000B6B300" bytesRequested="376" />
<af-end id="1325" timestamp="2019-08-11T07:39:01.548" threadId="0000000000B6BC88" success="true" from="nursery"/>
<exclusive-end id="1326" timestamp="2019-08-11T07:39:01.548" durationms="1.830" />

<exclusive-start id="1327" timestamp="2019-08-11T07:39:01.912" intervalms="364.950">
  <response-info timems="0.076" idlems="0.068" threads="1" lastid="0000000000B94600" lastname="node-3" />
</exclusive-start>
<af-start id="1328" threadId="0000000000BA7B88" totalBytesRequested="16" timestamp="2019-08-11T07:39:01.912" intervalms="364.949" type="nursery" />
<cycle-start id="1329" type="scavenge" contextid="0" timestamp="2019-08-11T07:39:01.912" intervalms="364.947" />
<gc-start id="1330" type="scavenge" contextid="1329" timestamp="2019-08-11T07:39:01.912">
  <mem-info id="1331" free="4191759280" total="4203675648" percent="99">
    <mem type="nursery" free="0" total="2228224" percent="0">
      <mem type="allocate" free="0" total="1966080" percent="0" />
      <mem type="survivor" free="0" total="262144" percent="0" />
    </mem>
    <mem type="tenure" free="4191759280" total="4201447424" percent="99">
      <mem type="soa" free="3981687728" total="3991375872" percent="99" />
      <mem type="loa" free="210071552" total="210071552" percent="100" />
    </mem>
    <remembered-set count="387" />
  </mem-info>
</gc-start>
<allocation-stats totalBytes="1820360" >
  <allocated-bytes non-tlh="376" tlh="1819984" />
  <largest-consumer threadName="node-8" threadId="0000000000B76700" bytes="90112" />
</allocation-stats>
<gc-op id="1332" type="scavenge" timems="1.278" contextid="1329" timestamp="2019-08-11T07:39:01.913">
  <scavenger-info tenureage="2" tenuremask="4004" tiltratio="88" />
  <memory-copied type="nursery" objects="2486" bytes="73528" bytesdiscarded="71624" />
  <memory-copied type="tenure" objects="922" bytes="22128" bytesdiscarded="0" />
</gc-op>
<gc-end id="1333" type="scavenge" contextid="1329" durationms="1.377" usertimems="0.664" systemtimems="2.839" timestamp="2019-08-11T07:39:01.913" activeThreads="16">
  <mem-info id="1334" free="4193564080" total="4203675648" percent="99">
    <mem type="nursery" free="1820928" total="2228224" percent="81">
      <mem type="allocate" free="1820928" total="1966080" percent="92" />
      <mem type="survivor" free="0" total="262144" percent="0" />
    </mem>
    <mem type="tenure" free="4191743152" total="4201447424" percent="99" macro-fragmented="0">
      <mem type="soa" free="3981671600" total="3991375872" percent="99" />
      <mem type="loa" free="210071552" total="210071552" percent="100" />
    </mem>
    <remembered-set count="300" />
  </mem-info>
</gc-end>
<cycle-end id="1335" type="scavenge" contextid="1329" timestamp="2019-08-11T07:39:01.913" />
  <attribute name="elasticGC enabled" value="1" />
  <attribute name= "numThreadsSpecified" value="16" />
  <attribute name="heapSize specified" value="8519680" />
  <attribute name="Current GC Util" value="0" />
  <attribute name= "Current Time Running" value="32751" />
  <attribute name ="GC Interval" value="200" />
  <attribute name="ProportionalT" value="-40.000000" />
  <attribute name="ProportionalI" value="-40.000000" />
  <attribute name="ProportionalH" value="-40.000000" />
  <attribute name="Current Error" value="-80.000000" />
  <attribute name="IntegralT" value="-14600.000000" />
  <attribute name="IntegralI" value="-14600.000000" />
  <attribute name="IntegralH" value="-14600.000000" />
  <attribute name="DerivativeT" value="-0.219178" />
  <attribute name="DerivativeI" value="-0.219178" />
  <attribute name="DerivativeH" value="-0.219178" />
  <attribute name="Loop Time for DT" value="365.000000" />
  <attribute name="Output H" value="4203675648"/>
  <attribute name="Output I" value="200"/>
  <attribute name="Output T" value="16"/>
  <attribute name="Target GC Util Change" value ="80.000000" />
  <attribute name="Current GC Util Change" value="0.000000"/>
  <attribute name="GC Util currently" value="0" />
  <attribute name="CPU Util currently" value="5" />
<allocation-satisfied id="1336" threadId="0000000000BA7200" bytesRequested="16" />
<af-end id="1337" timestamp="2019-08-11T07:39:01.913" threadId="0000000000BA7B88" success="true" from="nursery"/>
<exclusive-end id="1338" timestamp="2019-08-11T07:39:01.913" durationms="1.607" />

<exclusive-start id="1339" timestamp="2019-08-11T07:39:02.282" intervalms="370.778">
  <response-info timems="0.118" idlems="0.118" threads="0" lastid="0000000000BBDD00" lastname="node-25" />
</exclusive-start>
<af-start id="1340" threadId="0000000000BBE688" totalBytesRequested="32" timestamp="2019-08-11T07:39:02.282" intervalms="370.784" type="nursery" />
<cycle-start id="1341" type="scavenge" contextid="0" timestamp="2019-08-11T07:39:02.283" intervalms="371.351" />
<gc-start id="1342" type="scavenge" contextid="1341" timestamp="2019-08-11T07:39:02.283">
  <mem-info id="1343" free="4191743152" total="4203675648" percent="99">
    <mem type="nursery" free="0" total="2228224" percent="0">
      <mem type="allocate" free="0" total="1966080" percent="0" />
      <mem type="survivor" free="0" total="262144" percent="0" />
    </mem>
    <mem type="tenure" free="4191743152" total="4201447424" percent="99">
      <mem type="soa" free="3981671600" total="3991375872" percent="99" />
      <mem type="loa" free="210071552" total="210071552" percent="100" />
    </mem>
    <remembered-set count="385" />
  </mem-info>
</gc-start>
<allocation-stats totalBytes="1817984" >
  <allocated-bytes non-tlh="16" tlh="1817968" />
  <largest-consumer threadName="node-5" threadId="0000000000BA7200" bytes="90112" />
</allocation-stats>
<gc-op id="1344" type="scavenge" timems="1.049" contextid="1341" timestamp="2019-08-11T07:39:02.284">
  <scavenger-info tenureage="2" tenuremask="4004" tiltratio="88" />
  <memory-copied type="nursery" objects="2346" bytes="58016" bytesdiscarded="87136" />
  <memory-copied type="tenure" objects="1231" bytes="29544" bytesdiscarded="0" />
</gc-op>
<gc-end id="1345" type="scavenge" contextid="1341" durationms="1.398" usertimems="0.784" systemtimems="2.653" timestamp="2019-08-11T07:39:02.284" activeThreads="16">
  <mem-info id="1346" free="4193547952" total="4203675648" percent="99">
    <mem type="nursery" free="1820928" total="2228224" percent="81">
      <mem type="allocate" free="1820928" total="1966080" percent="92" />
      <mem type="survivor" free="0" total="262144" percent="0" />
    </mem>
    <mem type="tenure" free="4191727024" total="4201447424" percent="99" macro-fragmented="0">
      <mem type="soa" free="3981655472" total="3991375872" percent="99" />
      <mem type="loa" free="210071552" total="210071552" percent="100" />
    </mem>
    <remembered-set count="319" />
  </mem-info>
</gc-end>
<cycle-end id="1347" type="scavenge" contextid="1341" timestamp="2019-08-11T07:39:02.285" />
  <attribute name="elasticGC enabled" value="1" />
  <attribute name= "numThreadsSpecified" value="16" />
  <attribute name="heapSize specified" value="8519680" />
  <attribute name="Current GC Util" value="0" />
  <attribute name= "Current Time Running" value="33122" />
  <attribute name ="GC Interval" value="200" />
  <attribute name="ProportionalT" value="-40.000000" />
  <attribute name="ProportionalI" value="-40.000000" />
  <attribute name="ProportionalH" value="-40.000000" />
  <attribute name="Current Error" value="-80.000000" />
  <attribute name="IntegralT" value="-14840.000000" />
  <attribute name="IntegralI" value="-14840.000000" />
  <attribute name="IntegralH" value="-14840.000000" />
  <attribute name="DerivativeT" value="-0.215633" />
  <attribute name="DerivativeI" value="-0.215633" />
  <attribute name="DerivativeH" value="-0.215633" />
  <attribute name="Loop Time for DT" value="371.000000" />
  <attribute name="Output H" value="4203675648"/>
  <attribute name="Output I" value="200"/>
  <attribute name="Output T" value="16"/>
  <attribute name="Target GC Util Change" value ="80.000000" />
  <attribute name="Current GC Util Change" value="0.000000"/>
  <attribute name="GC Util currently" value="0" />
  <attribute name="CPU Util currently" value="6" />
<allocation-satisfied id="1348" threadId="0000000000BBDD00" bytesRequested="32" />
<af-end id="1349" timestamp="2019-08-11T07:39:02.285" threadId="0000000000BBE688" success="true" from="nursery"/>
<exclusive-end id="1350" timestamp="2019-08-11T07:39:02.285" durationms="2.248" />

<exclusive-start id="1351" timestamp="2019-08-11T07:39:02.609" intervalms="326.982">
  <response-info timems="0.252" idlems="0.252" threads="0" lastid="0000000000B85600" lastname="node-21" />
</exclusive-start>
<af-start id="1352" threadId="0000000000B85F88" totalBytesRequested="32" timestamp="2019-08-11T07:39:02.609" intervalms="326.972" type="nursery" />
<cycle-start id="1353" type="scavenge" contextid="0" timestamp="2019-08-11T07:39:02.609" intervalms="326.405" />
<gc-start id="1354" type="scavenge" contextid="1353" timestamp="2019-08-11T07:39:02.609">
  <mem-info id="1355" free="4191727024" total="4203675648" percent="99">
    <mem type="nursery" free="0" total="2228224" percent="0">
      <mem type="allocate" free="0" total="1966080" percent="0" />
      <mem type="survivor" free="0" total="262144" percent="0" />
    </mem>
    <mem type="tenure" free="4191727024" total="4201447424" percent="99">
      <mem type="soa" free="3981655472" total="3991375872" percent="99" />
      <mem type="loa" free="210071552" total="210071552" percent="100" />
    </mem>
    <remembered-set count="384" />
  </mem-info>
</gc-start>
<allocation-stats totalBytes="1819136" >
  <allocated-bytes non-tlh="32" tlh="1819104" />
  <largest-consumer threadName="node-4" threadId="0000000000B9BE00" bytes="90104" />
</allocation-stats>
<gc-op id="1356" type="scavenge" timems="1.063" contextid="1353" timestamp="2019-08-11T07:39:02.611">
  <scavenger-info tenureage="2" tenuremask="4004" tiltratio="88" />
  <memory-copied type="nursery" objects="2157" bytes="53680" bytesdiscarded="91472" />
  <memory-copied type="tenure" objects="1075" bytes="25800" bytesdiscarded="0" />
</gc-op>
<gc-end id="1357" type="scavenge" contextid="1353" durationms="1.344" usertimems="3.990" systemtimems="0.000" timestamp="2019-08-11T07:39:02.611" activeThreads="16">
  <mem-info id="1358" free="4193515696" total="4203675648" percent="99">
    <mem type="nursery" free="1820928" total="2228224" percent="81">
      <mem type="allocate" free="1820928" total="1966080" percent="92" />
      <mem type="survivor" free="0" total="262144" percent="0" />
    </mem>
    <mem type="tenure" free="4191694768" total="4201447424" percent="99" macro-fragmented="0">
      <mem type="soa" free="3981623216" total="3991375872" percent="99" />
      <mem type="loa" free="210071552" total="210071552" percent="100" />
    </mem>
    <remembered-set count="299" />
  </mem-info>
</gc-end>
<cycle-end id="1359" type="scavenge" contextid="1353" timestamp="2019-08-11T07:39:02.611" />
  <attribute name="elasticGC enabled" value="1" />
  <attribute name= "numThreadsSpecified" value="16" />
  <attribute name="heapSize specified" value="8519680" />
  <attribute name="Current GC Util" value="0" />
  <attribute name= "Current Time Running" value="33449" />
  <attribute name ="GC Interval" value="200" />
  <attribute name="ProportionalT" value="-40.000000" />
  <attribute name="ProportionalI" value="-40.000000" />
  <attribute name="ProportionalH" value="-40.000000" />
  <attribute name="Current Error" value="-80.000000" />
  <attribute name="IntegralT" value="-13080.000000" />
  <attribute name="IntegralI" value="-13080.000000" />
  <attribute name="IntegralH" value="-13080.000000" />
  <attribute name="DerivativeT" value="-0.244648" />
  <attribute name="DerivativeI" value="-0.244648" />
  <attribute name="DerivativeH" value="-0.244648" />
  <attribute name="Loop Time for DT" value="327.000000" />
  <attribute name="Output H" value="4203675648"/>
  <attribute name="Output I" value="200"/>
  <attribute name="Output T" value="16"/>
  <attribute name="Target GC Util Change" value ="80.000000" />
  <attribute name="Current GC Util Change" value="0.000000"/>
  <attribute name="GC Util currently" value="0" />
  <attribute name="CPU Util currently" value="4" />
<allocation-satisfied id="1360" threadId="0000000000B85600" bytesRequested="32" />
<af-end id="1361" timestamp="2019-08-11T07:39:02.611" threadId="0000000000B85F88" success="true" from="nursery"/>
<exclusive-end id="1362" timestamp="2019-08-11T07:39:02.611" durationms="1.543" />

<exclusive-start id="1363" timestamp="2019-08-11T07:39:02.899" intervalms="290.055">
  <response-info timems="0.070" idlems="0.070" threads="0" lastid="0000000000BB2500" lastname="node-6" />
</exclusive-start>
<af-start id="1364" threadId="0000000000BB2E88" totalBytesRequested="24" timestamp="2019-08-11T07:39:02.899" intervalms="290.055" type="nursery" />
<cycle-start id="1365" type="scavenge" contextid="0" timestamp="2019-08-11T07:39:02.899" intervalms="290.055" />
<gc-start id="1366" type="scavenge" contextid="1365" timestamp="2019-08-11T07:39:02.899">
  <mem-info id="1367" free="4191694768" total="4203675648" percent="99">
    <mem type="nursery" free="0" total="2228224" percent="0">
      <mem type="allocate" free="0" total="1966080" percent="0" />
      <mem type="survivor" free="0" total="262144" percent="0" />
    </mem>
    <mem type="tenure" free="4191694768" total="4201447424" percent="99">
      <mem type="soa" free="3981623216" total="3991375872" percent="99" />
      <mem type="loa" free="210071552" total="210071552" percent="100" />
    </mem>
    <remembered-set count="382" />
  </mem-info>
</gc-start>
<allocation-stats totalBytes="1820048" >
  <allocated-bytes non-tlh="32" tlh="1820016" />
  <largest-consumer threadName="node-21" threadId="0000000000B85600" bytes="90120" />
</allocation-stats>
<gc-op id="1368" type="scavenge" timems="1.027" contextid="1365" timestamp="2019-08-11T07:39:02.901">
  <scavenger-info tenureage="2" tenuremask="4004" tiltratio="88" />
  <memory-copied type="nursery" objects="1842" bytes="45808" bytesdiscarded="99344" />
  <memory-copied type="tenure" objects="1129" bytes="27096" bytesdiscarded="0" />
</gc-op>
<gc-end id="1369" type="scavenge" contextid="1365" durationms="1.330" usertimems="3.368" systemtimems="0.000" timestamp="2019-08-11T07:39:02.901" activeThreads="16">
  <mem-info id="1370" free="4193483440" total="4203675648" percent="99">
    <mem type="nursery" free="1820928" total="2228224" percent="81">
      <mem type="allocate" free="1820928" total="1966080" percent="92" />
      <mem type="survivor" free="0" total="262144" percent="0" />
    </mem>
    <mem type="tenure" free="4191662512" total="4201447424" percent="99" macro-fragmented="0">
      <mem type="soa" free="3981590960" total="3991375872" percent="99" />
      <mem type="loa" free="210071552" total="210071552" percent="100" />
    </mem>
    <remembered-set count="294" />
  </mem-info>
</gc-end>
<cycle-end id="1371" type="scavenge" contextid="1365" timestamp="2019-08-11T07:39:02.901" />
  <attribute name="elasticGC enabled" value="1" />
  <attribute name= "numThreadsSpecified" value="16" />
  <attribute name="heapSize specified" value="8519680" />
  <attribute name="Current GC Util" value="0" />
  <attribute name= "Current Time Running" value="33739" />
  <attribute name ="GC Interval" value="200" />
  <attribute name="ProportionalT" value="-40.000000" />
  <attribute name="ProportionalI" value="-40.000000" />
  <attribute name="ProportionalH" value="-40.000000" />
  <attribute name="Current Error" value="-80.000000" />
  <attribute name="IntegralT" value="-11600.000000" />
  <attribute name="IntegralI" value="-11600.000000" />
  <attribute name="IntegralH" value="-11600.000000" />
  <attribute name="DerivativeT" value="-0.275862" />
  <attribute name="DerivativeI" value="-0.275862" />
  <attribute name="DerivativeH" value="-0.275862" />
  <attribute name="Loop Time for DT" value="290.000000" />
  <attribute name="Output H" value="4203675648"/>
  <attribute name="Output I" value="200"/>
  <attribute name="Output T" value="16"/>
  <attribute name="Target GC Util Change" value ="80.000000" />
  <attribute name="Current GC Util Change" value="0.000000"/>
  <attribute name="GC Util currently" value="0" />
  <attribute name="CPU Util currently" value="3" />
<allocation-satisfied id="1372" threadId="0000000000BB2500" bytesRequested="24" />
<af-end id="1373" timestamp="2019-08-11T07:39:02.901" threadId="0000000000BB2E88" success="true" from="nursery"/>
<exclusive-end id="1374" timestamp="2019-08-11T07:39:02.901" durationms="1.527" />

<exclusive-start id="1375" timestamp="2019-08-11T07:39:03.319" intervalms="419.340">
  <response-info timems="0.054" idlems="0.054" threads="0" lastid="0000000000B85600" lastname="node-21" />
</exclusive-start>
<af-start id="1376" threadId="0000000000B85F88" totalBytesRequested="24" timestamp="2019-08-11T07:39:03.319" intervalms="419.397" type="nursery" />
<cycle-start id="1377" type="scavenge" contextid="0" timestamp="2019-08-11T07:39:03.319" intervalms="419.419" />
<gc-start id="1378" type="scavenge" contextid="1377" timestamp="2019-08-11T07:39:03.319">
  <mem-info id="1379" free="4191662512" total="4203675648" percent="99">
    <mem type="nursery" free="0" total="2228224" percent="0">
      <mem type="allocate" free="0" total="1966080" percent="0" />
      <mem type="survivor" free="0" total="262144" percent="0" />
    </mem>
    <mem type="tenure" free="4191662512" total="4201447424" percent="99">
      <mem type="soa" free="3981590960" total="3991375872" percent="99" />
      <mem type="loa" free="210071552" total="210071552" percent="100" />
    </mem>
    <remembered-set count="380" />
  </mem-info>
</gc-start>
<allocation-stats totalBytes="1816112" >
  <allocated-bytes non-tlh="24" tlh="1816088" />
  <largest-consumer threadName="node-9" threadId="0000000000BC5500" bytes="90080" />
</allocation-stats>
<gc-op id="1380" type="scavenge" timems="1.027" contextid="1377" timestamp="2019-08-11T07:39:03.320">
  <scavenger-info tenureage="2" tenuremask="4004" tiltratio="88" />
  <memory-copied type="nursery" objects="2218" bytes="54944" bytesdiscarded="74080" />
  <memory-copied type="tenure" objects="882" bytes="21168" bytesdiscarded="0" />
</gc-op>
<gc-end id="1381" type="scavenge" contextid="1377" durationms="1.319" usertimems="1.233" systemtimems="1.172" timestamp="2019-08-11T07:39:03.320" activeThreads="16">
  <mem-info id="1382" free="4193483440" total="4203675648" percent="99">
    <mem type="nursery" free="1837056" total="2228224" percent="82">
      <mem type="allocate" free="1837056" total="1966080" percent="93" />
      <mem type="survivor" free="0" total="262144" percent="0" />
    </mem>
    <mem type="tenure" free="4191646384" total="4201447424" percent="99" macro-fragmented="0">
      <mem type="soa" free="3981574832" total="3991375872" percent="99" />
      <mem type="loa" free="210071552" total="210071552" percent="100" />
    </mem>
    <remembered-set count="315" />
  </mem-info>
</gc-end>
<cycle-end id="1383" type="scavenge" contextid="1377" timestamp="2019-08-11T07:39:03.320" />
  <attribute name="elasticGC enabled" value="1" />
  <attribute name= "numThreadsSpecified" value="16" />
  <attribute name="heapSize specified" value="8519680" />
  <attribute name="Current GC Util" value="0" />
  <attribute name= "Current Time Running" value="34158" />
  <attribute name ="GC Interval" value="200" />
  <attribute name="ProportionalT" value="-40.000000" />
  <attribute name="ProportionalI" value="-40.000000" />
  <attribute name="ProportionalH" value="-40.000000" />
  <attribute name="Current Error" value="-80.000000" />
  <attribute name="IntegralT" value="-16760.000000" />
  <attribute name="IntegralI" value="-16760.000000" />
  <attribute name="IntegralH" value="-16760.000000" />
  <attribute name="DerivativeT" value="-0.190931" />
  <attribute name="DerivativeI" value="-0.190931" />
  <attribute name="DerivativeH" value="-0.190931" />
  <attribute name="Loop Time for DT" value="419.000000" />
  <attribute name="Output H" value="4203675648"/>
  <attribute name="Output I" value="200"/>
  <attribute name="Output T" value="16"/>
  <attribute name="Target GC Util Change" value ="80.000000" />
  <attribute name="Current GC Util Change" value="0.000000"/>
  <attribute name="GC Util currently" value="0" />
  <attribute name="CPU Util currently" value="6" />
<allocation-satisfied id="1384" threadId="0000000000B85600" bytesRequested="24" />
<af-end id="1385" timestamp="2019-08-11T07:39:03.320" threadId="0000000000B85F88" success="true" from="nursery"/>
<exclusive-end id="1386" timestamp="2019-08-11T07:39:03.320" durationms="1.599" />

<exclusive-start id="1387" timestamp="2019-08-11T07:39:03.646" intervalms="327.150">
  <response-info timems="0.051" idlems="0.051" threads="0" lastid="0000000000B85600" lastname="node-21" />
</exclusive-start>
<af-start id="1388" threadId="0000000000B85F88" totalBytesRequested="32" timestamp="2019-08-11T07:39:03.646" intervalms="327.093" type="nursery" />
<cycle-start id="1389" type="scavenge" contextid="0" timestamp="2019-08-11T07:39:03.646" intervalms="327.071" />
<gc-start id="1390" type="scavenge" contextid="1389" timestamp="2019-08-11T07:39:03.646">
  <mem-info id="1391" free="4191646384" total="4203675648" percent="99">
    <mem type="nursery" free="0" total="2228224" percent="0">
      <mem type="allocate" free="0" total="1966080" percent="0" />
      <mem type="survivor" free="0" total="262144" percent="0" />
    </mem>
    <mem type="tenure" free="4191646384" total="4201447424" percent="99">
      <mem type="soa" free="3981574832" total="3991375872" percent="99" />
      <mem type="loa" free="210071552" total="210071552" percent="100" />
    </mem>
    <remembered-set count="382" />
  </mem-info>
</gc-start>
<allocation-stats totalBytes="1833296" >
  <allocated-bytes non-tlh="24" tlh="1833272" />
  <largest-consumer threadName="node-5" threadId="0000000000BA7200" bytes="90104" />
</allocation-stats>
<gc-op id="1392" type="scavenge" timems="1.132" contextid="1389" timestamp="2019-08-11T07:39:03.647">
  <scavenger-info tenureage="2" tenuremask="4004" tiltratio="88" />
  <memory-copied type="nursery" objects="2280" bytes="56432" bytesdiscarded="72592" />
  <memory-copied type="tenure" objects="821" bytes="19704" bytesdiscarded="0" />
</gc-op>
<gc-end id="1393" type="scavenge" contextid="1389" durationms="1.415" usertimems="0.410" systemtimems="2.027" timestamp="2019-08-11T07:39:03.647" activeThreads="16">
  <mem-info id="1394" free="4193451184" total="4203675648" percent="99">
    <mem type="nursery" free="1837056" total="2228224" percent="82">
      <mem type="allocate" free="1837056" total="1966080" percent="93" />
      <mem type="survivor" free="0" total="262144" percent="0" />
    </mem>
    <mem type="tenure" free="4191614128" total="4201447424" percent="99" macro-fragmented="0">
      <mem type="soa" free="3981542576" total="3991375872" percent="99" />
      <mem type="loa" free="210071552" total="210071552" percent="100" />
    </mem>
    <remembered-set count="318" />
  </mem-info>
</gc-end>
<cycle-end id="1395" type="scavenge" contextid="1389" timestamp="2019-08-11T07:39:03.647" />
  <attribute name="elasticGC enabled" value="1" />
  <attribute name= "numThreadsSpecified" value="16" />
  <attribute name="heapSize specified" value="8519680" />
  <attribute name="Current GC Util" value="0" />
  <attribute name= "Current Time Running" value="34485" />
  <attribute name ="GC Interval" value="200" />
  <attribute name="ProportionalT" value="-40.000000" />
  <attribute name="ProportionalI" value="-40.000000" />
  <attribute name="ProportionalH" value="-40.000000" />
  <attribute name="Current Error" value="-80.000000" />
  <attribute name="IntegralT" value="-13080.000000" />
  <attribute name="IntegralI" value="-13080.000000" />
  <attribute name="IntegralH" value="-13080.000000" />
  <attribute name="DerivativeT" value="-0.244648" />
  <attribute name="DerivativeI" value="-0.244648" />
  <attribute name="DerivativeH" value="-0.244648" />
  <attribute name="Loop Time for DT" value="327.000000" />
  <attribute name="Output H" value="4203675648"/>
  <attribute name="Output I" value="200"/>
  <attribute name="Output T" value="16"/>
  <attribute name="Target GC Util Change" value ="80.000000" />
  <attribute name="Current GC Util Change" value="0.000000"/>
  <attribute name="GC Util currently" value="0" />
  <attribute name="CPU Util currently" value="3" />
<allocation-satisfied id="1396" threadId="0000000000B85600" bytesRequested="32" />
<af-end id="1397" timestamp="2019-08-11T07:39:03.648" threadId="0000000000B85F88" success="true" from="nursery"/>
<exclusive-end id="1398" timestamp="2019-08-11T07:39:03.648" durationms="1.639" />

<exclusive-start id="1399" timestamp="2019-08-11T07:39:04.019" intervalms="372.983">
  <response-info timems="0.476" idlems="0.291" threads="2" lastid="0000000000BAAD00" lastname="node-16" />
</exclusive-start>
<af-start id="1400" threadId="0000000000BB6A88" totalBytesRequested="720" timestamp="2019-08-11T07:39:04.019" intervalms="373.039" type="nursery" />
<cycle-start id="1401" type="scavenge" contextid="0" timestamp="2019-08-11T07:39:04.019" intervalms="373.046" />
<gc-start id="1402" type="scavenge" contextid="1401" timestamp="2019-08-11T07:39:04.019">
  <mem-info id="1403" free="4191614128" total="4203675648" percent="99">
    <mem type="nursery" free="0" total="2228224" percent="0">
      <mem type="allocate" free="0" total="1966080" percent="0" />
      <mem type="survivor" free="0" total="262144" percent="0" />
    </mem>
    <mem type="tenure" free="4191614128" total="4201447424" percent="99">
      <mem type="soa" free="3981542576" total="3991375872" percent="99" />
      <mem type="loa" free="210071552" total="210071552" percent="100" />
    </mem>
    <remembered-set count="382" />
  </mem-info>
</gc-start>
<allocation-stats totalBytes="1830032" >
  <allocated-bytes non-tlh="32" tlh="1830000" />
  <largest-consumer threadName="node-24" threadId="0000000000B89200" bytes="90096" />
</allocation-stats>
<gc-op id="1404" type="scavenge" timems="1.096" contextid="1401" timestamp="2019-08-11T07:39:04.020">
  <scavenger-info tenureage="2" tenuremask="4004" tiltratio="88" />
  <memory-copied type="nursery" objects="2065" bytes="65872" bytesdiscarded="63152" />
  <memory-copied type="tenure" objects="1257" bytes="30168" bytesdiscarded="624" />
</gc-op>
<gc-end id="1405" type="scavenge" contextid="1401" durationms="1.378" usertimems="0.837" systemtimems="2.768" timestamp="2019-08-11T07:39:04.020" activeThreads="16">
  <mem-info id="1406" free="4193435056" total="4203675648" percent="99">
    <mem type="nursery" free="1837056" total="2228224" percent="82">
      <mem type="allocate" free="1837056" total="1966080" percent="93" />
      <mem type="survivor" free="0" total="262144" percent="0" />
    </mem>
    <mem type="tenure" free="4191598000" total="4201447424" percent="99" macro-fragmented="0">
      <mem type="soa" free="3981526448" total="3991375872" percent="99" />
      <mem type="loa" free="210071552" total="210071552" percent="100" />
    </mem>
    <remembered-set count="297" />
  </mem-info>
</gc-end>
<cycle-end id="1407" type="scavenge" contextid="1401" timestamp="2019-08-11T07:39:04.020" />
  <attribute name="elasticGC enabled" value="1" />
  <attribute name= "numThreadsSpecified" value="16" />
  <attribute name="heapSize specified" value="8519680" />
  <attribute name="Current GC Util" value="0" />
  <attribute name= "Current Time Running" value="34858" />
  <attribute name ="GC Interval" value="200" />
  <attribute name="ProportionalT" value="-40.000000" />
  <attribute name="ProportionalI" value="-40.000000" />
  <attribute name="ProportionalH" value="-40.000000" />
  <attribute name="Current Error" value="-80.000000" />
  <attribute name="IntegralT" value="-14920.000000" />
  <attribute name="IntegralI" value="-14920.000000" />
  <attribute name="IntegralH" value="-14920.000000" />
  <attribute name="DerivativeT" value="-0.214477" />
  <attribute name="DerivativeI" value="-0.214477" />
  <attribute name="DerivativeH" value="-0.214477" />
  <attribute name="Loop Time for DT" value="373.000000" />
  <attribute name="Output H" value="4203675648"/>
  <attribute name="Output I" value="200"/>
  <attribute name="Output T" value="16"/>
  <attribute name="Target GC Util Change" value ="80.000000" />
  <attribute name="Current GC Util Change" value="0.000000"/>
  <attribute name="GC Util currently" value="0" />
  <attribute name="CPU Util currently" value="5" />
<allocation-satisfied id="1408" threadId="0000000000BB6100" bytesRequested="720" />
<af-end id="1409" timestamp="2019-08-11T07:39:04.021" threadId="0000000000BB6A88" success="true" from="nursery"/>
<exclusive-end id="1410" timestamp="2019-08-11T07:39:04.021" durationms="1.653" />

<exclusive-start id="1411" timestamp="2019-08-11T07:39:04.404" intervalms="385.224">
  <response-info timems="0.166" idlems="0.166" threads="0" lastid="0000000000B85600" lastname="node-21" />
</exclusive-start>
<af-start id="1412" threadId="0000000000B85F88" totalBytesRequested="32" timestamp="2019-08-11T07:39:04.404" intervalms="385.178" type="nursery" />
<cycle-start id="1413" type="scavenge" contextid="0" timestamp="2019-08-11T07:39:04.404" intervalms="385.176" />
<gc-start id="1414" type="scavenge" contextid="1413" timestamp="2019-08-11T07:39:04.404">
  <mem-info id="1415" free="4191598000" total="4203675648" percent="99">
    <mem type="nursery" free="0" total="2228224" percent="0">
      <mem type="allocate" free="0" total="1966080" percent="0" />
      <mem type="survivor" free="0" total="262144" percent="0" />
    </mem>
    <mem type="tenure" free="4191598000" total="4201447424" percent="99">
      <mem type="soa" free="3981526448" total="3991375872" percent="99" />
      <mem type="loa" free="210071552" total="210071552" percent="100" />
    </mem>
    <remembered-set count="384" />
  </mem-info>
</gc-start>
<allocation-stats totalBytes="1835992" >
  <allocated-bytes non-tlh="720" tlh="1835272" />
  <largest-consumer threadName="node-10" threadId="0000000000BB6100" bytes="90808" />
</allocation-stats>
<gc-op id="1416" type="scavenge" timems="1.109" contextid="1413" timestamp="2019-08-11T07:39:04.405">
  <scavenger-info tenureage="2" tenuremask="4004" tiltratio="88" />
  <memory-copied type="nursery" objects="2215" bytes="54872" bytesdiscarded="58024" />
  <memory-copied type="tenure" objects="881" bytes="21144" bytesdiscarded="0" />
</gc-op>
<gc-end id="1417" type="scavenge" contextid="1413" durationms="1.395" usertimems="2.011" systemtimems="1.203" timestamp="2019-08-11T07:39:04.406" activeThreads="16">
  <mem-info id="1418" free="4193435056" total="4203675648" percent="99">
    <mem type="nursery" free="1853184" total="2228224" percent="83">
      <mem type="allocate" free="1853184" total="1966080" percent="94" />
      <mem type="survivor" free="0" total="262144" percent="0" />
    </mem>
    <mem type="tenure" free="4191581872" total="4201447424" percent="99" macro-fragmented="0">
      <mem type="soa" free="3981510320" total="3991375872" percent="99" />
      <mem type="loa" free="210071552" total="210071552" percent="100" />
    </mem>
    <remembered-set count="319" />
  </mem-info>
</gc-end>
<cycle-end id="1419" type="scavenge" contextid="1413" timestamp="2019-08-11T07:39:04.406" />
  <attribute name="elasticGC enabled" value="1" />
  <attribute name= "numThreadsSpecified" value="16" />
  <attribute name="heapSize specified" value="8519680" />
  <attribute name="Current GC Util" value="0" />
  <attribute name= "Current Time Running" value="35243" />
  <attribute name ="GC Interval" value="200" />
  <attribute name="ProportionalT" value="-40.000000" />
  <attribute name="ProportionalI" value="-40.000000" />
  <attribute name="ProportionalH" value="-40.000000" />
  <attribute name="Current Error" value="-80.000000" />
  <attribute name="IntegralT" value="-15400.000000" />
  <attribute name="IntegralI" value="-15400.000000" />
  <attribute name="IntegralH" value="-15400.000000" />
  <attribute name="DerivativeT" value="-0.207792" />
  <attribute name="DerivativeI" value="-0.207792" />
  <attribute name="DerivativeH" value="-0.207792" />
  <attribute name="Loop Time for DT" value="385.000000" />
  <attribute name="Output H" value="4203675648"/>
  <attribute name="Output I" value="200"/>
  <attribute name="Output T" value="16"/>
  <attribute name="Target GC Util Change" value ="80.000000" />
  <attribute name="Current GC Util Change" value="0.000000"/>
  <attribute name="GC Util currently" value="0" />
  <attribute name="CPU Util currently" value="6" />
<allocation-satisfied id="1420" threadId="0000000000B85600" bytesRequested="32" />
<af-end id="1421" timestamp="2019-08-11T07:39:04.406" threadId="0000000000B85F88" success="true" from="nursery"/>
<exclusive-end id="1422" timestamp="2019-08-11T07:39:04.406" durationms="1.655" />

<exclusive-start id="1423" timestamp="2019-08-11T07:39:04.727" intervalms="322.755">
  <response-info timems="0.024" idlems="0.024" threads="0" lastid="0000000000B85600" lastname="node-21" />
</exclusive-start>
<af-start id="1424" threadId="0000000000B85F88" totalBytesRequested="32" timestamp="2019-08-11T07:39:04.727" intervalms="322.746" type="nursery" />
<cycle-start id="1425" type="scavenge" contextid="0" timestamp="2019-08-11T07:39:04.727" intervalms="322.741" />
<gc-start id="1426" type="scavenge" contextid="1425" timestamp="2019-08-11T07:39:04.727">
  <mem-info id="1427" free="4191581872" total="4203675648" percent="99">
    <mem type="nursery" free="0" total="2228224" percent="0">
      <mem type="allocate" free="0" total="1966080" percent="0" />
      <mem type="survivor" free="0" total="262144" percent="0" />
    </mem>
    <mem type="tenure" free="4191581872" total="4201447424" percent="99">
      <mem type="soa" free="3981510320" total="3991375872" percent="99" />
      <mem type="loa" free="210071552" total="210071552" percent="100" />
    </mem>
    <remembered-set count="384" />
  </mem-info>
</gc-start>
<allocation-stats totalBytes="1849496" >
  <allocated-bytes non-tlh="32" tlh="1849464" />
  <largest-consumer threadName="node-5" threadId="0000000000BA7200" bytes="90112" />
</allocation-stats>
<gc-op id="1428" type="scavenge" timems="0.884" contextid="1425" timestamp="2019-08-11T07:39:04.728">
  <scavenger-info tenureage="2" tenuremask="4004" tiltratio="88" />
  <memory-copied type="nursery" objects="2056" bytes="48424" bytesdiscarded="64472" />
  <memory-copied type="tenure" objects="998" bytes="23952" bytesdiscarded="0" />
</gc-op>
<gc-end id="1429" type="scavenge" contextid="1425" durationms="1.137" usertimems="2.104" systemtimems="0.000" timestamp="2019-08-11T07:39:04.728" activeThreads="16">
  <mem-info id="1430" free="4193418928" total="4203675648" percent="99">
    <mem type="nursery" free="1853184" total="2228224" percent="83">
      <mem type="allocate" free="1853184" total="1966080" percent="94" />
      <mem type="survivor" free="0" total="262144" percent="0" />
    </mem>
    <mem type="tenure" free="4191565744" total="4201447424" percent="99" macro-fragmented="0">
      <mem type="soa" free="3981494192" total="3991375872" percent="99" />
      <mem type="loa" free="210071552" total="210071552" percent="100" />
    </mem>
    <remembered-set count="294" />
  </mem-info>
</gc-end>
<cycle-end id="1431" type="scavenge" contextid="1425" timestamp="2019-08-11T07:39:04.728" />
  <attribute name="elasticGC enabled" value="1" />
  <attribute name= "numThreadsSpecified" value="16" />
  <attribute name="heapSize specified" value="8519680" />
  <attribute name="Current GC Util" value="0" />
  <attribute name= "Current Time Running" value="35566" />
  <attribute name ="GC Interval" value="200" />
  <attribute name="ProportionalT" value="-40.000000" />
  <attribute name="ProportionalI" value="-40.000000" />
  <attribute name="ProportionalH" value="-40.000000" />
  <attribute name="Current Error" value="-80.000000" />
  <attribute name="IntegralT" value="-12920.000000" />
  <attribute name="IntegralI" value="-12920.000000" />
  <attribute name="IntegralH" value="-12920.000000" />
  <attribute name="DerivativeT" value="-0.247678" />
  <attribute name="DerivativeI" value="-0.247678" />
  <attribute name="DerivativeH" value="-0.247678" />
  <attribute name="Loop Time for DT" value="323.000000" />
  <attribute name="Output H" value="4203675648"/>
  <attribute name="Output I" value="200"/>
  <attribute name="Output T" value="16"/>
  <attribute name="Target GC Util Change" value ="80.000000" />
  <attribute name="Current GC Util Change" value="0.000000"/>
  <attribute name="GC Util currently" value="0" />
  <attribute name="CPU Util currently" value="4" />
<allocation-satisfied id="1432" threadId="0000000000B85600" bytesRequested="32" />
<af-end id="1433" timestamp="2019-08-11T07:39:04.728" threadId="0000000000B85F88" success="true" from="nursery"/>
<exclusive-end id="1434" timestamp="2019-08-11T07:39:04.728" durationms="1.319" />

<exclusive-start id="1435" timestamp="2019-08-11T07:39:05.184" intervalms="456.844">
  <response-info timems="0.022" idlems="0.022" threads="0" lastid="0000000000BBDD00" lastname="node-25" />
</exclusive-start>
<af-start id="1436" threadId="0000000000BBE688" totalBytesRequested="16" timestamp="2019-08-11T07:39:05.184" intervalms="456.845" type="nursery" />
<cycle-start id="1437" type="scavenge" contextid="0" timestamp="2019-08-11T07:39:05.184" intervalms="456.854" />
<gc-start id="1438" type="scavenge" contextid="1437" timestamp="2019-08-11T07:39:05.184">
  <mem-info id="1439" free="4191565744" total="4203675648" percent="99">
    <mem type="nursery" free="0" total="2228224" percent="0">
      <mem type="allocate" free="0" total="1966080" percent="0" />
      <mem type="survivor" free="0" total="262144" percent="0" />
    </mem>
    <mem type="tenure" free="4191565744" total="4201447424" percent="99">
      <mem type="soa" free="3981494192" total="3991375872" percent="99" />
      <mem type="loa" free="210071552" total="210071552" percent="100" />
    </mem>
    <remembered-set count="386" />
  </mem-info>
</gc-start>
<allocation-stats totalBytes="1852232" >
  <allocated-bytes non-tlh="32" tlh="1852200" />
  <largest-consumer threadName="node-16" threadId="0000000000BAAD00" bytes="90112" />
</allocation-stats>
<gc-op id="1440" type="scavenge" timems="1.374" contextid="1437" timestamp="2019-08-11T07:39:05.185">
  <scavenger-info tenureage="2" tenuremask="4004" tiltratio="88" />
  <memory-copied type="nursery" objects="2507" bytes="70344" bytesdiscarded="74808" />
  <memory-copied type="tenure" objects="1075" bytes="25800" bytesdiscarded="0" />
</gc-op>
<gc-end id="1441" type="scavenge" contextid="1437" durationms="1.638" usertimems="0.672" systemtimems="2.496" timestamp="2019-08-11T07:39:05.185" activeThreads="16">
  <mem-info id="1442" free="4193354416" total="4203675648" percent="99">
    <mem type="nursery" free="1820928" total="2228224" percent="81">
      <mem type="allocate" free="1820928" total="1966080" percent="92" />
      <mem type="survivor" free="0" total="262144" percent="0" />
    </mem>
    <mem type="tenure" free="4191533488" total="4201447424" percent="99" macro-fragmented="0">
      <mem type="soa" free="3981461936" total="3991375872" percent="99" />
      <mem type="loa" free="210071552" total="210071552" percent="100" />
    </mem>
    <remembered-set count="299" />
  </mem-info>
</gc-end>
<cycle-end id="1443" type="scavenge" contextid="1437" timestamp="2019-08-11T07:39:05.185" />
  <attribute name="elasticGC enabled" value="1" />
  <attribute name= "numThreadsSpecified" value="16" />
  <attribute name="heapSize specified" value="8519680" />
  <attribute name="Current GC Util" value="0" />
  <attribute name= "Current Time Running" value="36023" />
  <attribute name ="GC Interval" value="200" />
  <attribute name="ProportionalT" value="-40.000000" />
  <attribute name="ProportionalI" value="-40.000000" />
  <attribute name="ProportionalH" value="-40.000000" />
  <attribute name="Current Error" value="-80.000000" />
  <attribute name="IntegralT" value="-18280.000000" />
  <attribute name="IntegralI" value="-18280.000000" />
  <attribute name="IntegralH" value="-18280.000000" />
  <attribute name="DerivativeT" value="-0.175055" />
  <attribute name="DerivativeI" value="-0.175055" />
  <attribute name="DerivativeH" value="-0.175055" />
  <attribute name="Loop Time for DT" value="457.000000" />
  <attribute name="Output H" value="4203675648"/>
  <attribute name="Output I" value="200"/>
  <attribute name="Output T" value="16"/>
  <attribute name="Target GC Util Change" value ="80.000000" />
  <attribute name="Current GC Util Change" value="0.000000"/>
  <attribute name="GC Util currently" value="0" />
  <attribute name="CPU Util currently" value="6" />
<allocation-satisfied id="1444" threadId="0000000000BBDD00" bytesRequested="16" />
<af-end id="1445" timestamp="2019-08-11T07:39:05.186" threadId="0000000000BBE688" success="true" from="nursery"/>
<exclusive-end id="1446" timestamp="2019-08-11T07:39:05.186" durationms="1.835" />

<exclusive-start id="1447" timestamp="2019-08-11T07:39:05.582" intervalms="398.662">
  <response-info timems="0.060" idlems="0.060" threads="0" lastid="0000000000B90A00" lastname="node-23" />
</exclusive-start>
<af-start id="1448" threadId="0000000000B91388" totalBytesRequested="24" timestamp="2019-08-11T07:39:05.582" intervalms="398.661" type="nursery" />
<cycle-start id="1449" type="scavenge" contextid="0" timestamp="2019-08-11T07:39:05.582" intervalms="398.653" />
<gc-start id="1450" type="scavenge" contextid="1449" timestamp="2019-08-11T07:39:05.582">
  <mem-info id="1451" free="4191533488" total="4203675648" percent="99">
    <mem type="nursery" free="0" total="2228224" percent="0">
      <mem type="allocate" free="0" total="1966080" percent="0" />
      <mem type="survivor" free="0" total="262144" percent="0" />
    </mem>
    <mem type="tenure" free="4191533488" total="4201447424" percent="99">
      <mem type="soa" free="3981461936" total="3991375872" percent="99" />
      <mem type="loa" free="210071552" total="210071552" percent="100" />
    </mem>
    <remembered-set count="389" />
  </mem-info>
</gc-start>
<allocation-stats totalBytes="1814184" >
  <allocated-bytes non-tlh="16" tlh="1814168" />
  <largest-consumer threadName="node-9" threadId="0000000000BC5500" bytes="90096" />
</allocation-stats>
<gc-op id="1452" type="scavenge" timems="1.469" contextid="1449" timestamp="2019-08-11T07:39:05.584">
  <scavenger-info tenureage="2" tenuremask="4004" tiltratio="88" />
  <memory-copied type="nursery" objects="2792" bytes="68720" bytesdiscarded="76432" />
  <memory-copied type="tenure" objects="866" bytes="20784" bytesdiscarded="0" />
</gc-op>
<gc-end id="1453" type="scavenge" contextid="1449" durationms="1.815" usertimems="2.206" systemtimems="3.520" timestamp="2019-08-11T07:39:05.584" activeThreads="16">
  <mem-info id="1454" free="4193338288" total="4203675648" percent="99">
    <mem type="nursery" free="1820928" total="2228224" percent="81">
      <mem type="allocate" free="1820928" total="1966080" percent="92" />
      <mem type="survivor" free="0" total="262144" percent="0" />
    </mem>
    <mem type="tenure" free="4191517360" total="4201447424" percent="99" macro-fragmented="0">
      <mem type="soa" free="3981445808" total="3991375872" percent="99" />
      <mem type="loa" free="210071552" total="210071552" percent="100" />
    </mem>
    <remembered-set count="320" />
  </mem-info>
</gc-end>
<cycle-end id="1455" type="scavenge" contextid="1449" timestamp="2019-08-11T07:39:05.584" />
  <attribute name="elasticGC enabled" value="1" />
  <attribute name= "numThreadsSpecified" value="16" />
  <attribute name="heapSize specified" value="8519680" />
  <attribute name="Current GC Util" value="0" />
  <attribute name= "Current Time Running" value="36422" />
  <attribute name ="GC Interval" value="200" />
  <attribute name="ProportionalT" value="-40.000000" />
  <attribute name="ProportionalI" value="-40.000000" />
  <attribute name="ProportionalH" value="-40.000000" />
  <attribute name="Current Error" value="-80.000000" />
  <attribute name="IntegralT" value="-15960.000000" />
  <attribute name="IntegralI" value="-15960.000000" />
  <attribute name="IntegralH" value="-15960.000000" />
  <attribute name="DerivativeT" value="-0.200501" />
  <attribute name="DerivativeI" value="-0.200501" />
  <attribute name="DerivativeH" value="-0.200501" />
  <attribute name="Loop Time for DT" value="399.000000" />
  <attribute name="Output H" value="4203675648"/>
  <attribute name="Output I" value="200"/>
  <attribute name="Output T" value="16"/>
  <attribute name="Target GC Util Change" value ="80.000000" />
  <attribute name="Current GC Util Change" value="0.000000"/>
  <attribute name="GC Util currently" value="0" />
  <attribute name="CPU Util currently" value="6" />
<allocation-satisfied id="1456" threadId="0000000000B90A00" bytesRequested="24" />
<af-end id="1457" timestamp="2019-08-11T07:39:05.584" threadId="0000000000B91388" success="true" from="nursery"/>
<exclusive-end id="1458" timestamp="2019-08-11T07:39:05.584" durationms="2.056" />

<exclusive-start id="1459" timestamp="2019-08-11T07:39:05.891" intervalms="308.233">
  <response-info timems="0.089" idlems="0.089" threads="0" lastid="0000000000B89200" lastname="node-24" />
</exclusive-start>
<af-start id="1460" threadId="0000000000B89B88" totalBytesRequested="32" timestamp="2019-08-11T07:39:05.891" intervalms="308.239" type="nursery" />
<cycle-start id="1461" type="scavenge" contextid="0" timestamp="2019-08-11T07:39:05.891" intervalms="308.241" />
<gc-start id="1462" type="scavenge" contextid="1461" timestamp="2019-08-11T07:39:05.891">
  <mem-info id="1463" free="4191517360" total="4203675648" percent="99">
    <mem type="nursery" free="0" total="2228224" percent="0">
      <mem type="allocate" free="0" total="1966080" percent="0" />
      <mem type="survivor" free="0" total="262144" percent="0" />
    </mem>
    <mem type="tenure" free="4191517360" total="4201447424" percent="99">
      <mem type="soa" free="3981445808" total="3991375872" percent="99" />
      <mem type="loa" free="210071552" total="210071552" percent="100" />
    </mem>
    <remembered-set count="383" />
  </mem-info>
</gc-start>
<allocation-stats totalBytes="1819280" >
  <allocated-bytes non-tlh="24" tlh="1819256" />
  <largest-consumer threadName="node-23" threadId="0000000000B90A00" bytes="90120" />
</allocation-stats>
<gc-op id="1464" type="scavenge" timems="1.572" contextid="1461" timestamp="2019-08-11T07:39:05.892">
  <scavenger-info tenureage="2" tenuremask="4004" tiltratio="88" />
  <memory-copied type="nursery" objects="2177" bytes="51328" bytesdiscarded="93824" />
  <memory-copied type="tenure" objects="1461" bytes="35064" bytesdiscarded="0" />
</gc-op>
<gc-end id="1465" type="scavenge" contextid="1461" durationms="1.844" usertimems="5.967" systemtimems="0.000" timestamp="2019-08-11T07:39:05.893" activeThreads="16">
  <mem-info id="1466" free="4193306032" total="4203675648" percent="99">
    <mem type="nursery" free="1820928" total="2228224" percent="81">
      <mem type="allocate" free="1820928" total="1966080" percent="92" />
      <mem type="survivor" free="0" total="262144" percent="0" />
    </mem>
    <mem type="tenure" free="4191485104" total="4201447424" percent="99" macro-fragmented="0">
      <mem type="soa" free="3981413552" total="3991375872" percent="99" />
      <mem type="loa" free="210071552" total="210071552" percent="100" />
    </mem>
    <remembered-set count="292" />
  </mem-info>
</gc-end>
<cycle-end id="1467" type="scavenge" contextid="1461" timestamp="2019-08-11T07:39:05.893" />
  <attribute name="elasticGC enabled" value="1" />
  <attribute name= "numThreadsSpecified" value="16" />
  <attribute name="heapSize specified" value="8519680" />
  <attribute name="Current GC Util" value="0" />
  <attribute name= "Current Time Running" value="36730" />
  <attribute name ="GC Interval" value="200" />
  <attribute name="ProportionalT" value="-40.000000" />
  <attribute name="ProportionalI" value="-40.000000" />
  <attribute name="ProportionalH" value="-40.000000" />
  <attribute name="Current Error" value="-80.000000" />
  <attribute name="IntegralT" value="-12320.000000" />
  <attribute name="IntegralI" value="-12320.000000" />
  <attribute name="IntegralH" value="-12320.000000" />
  <attribute name="DerivativeT" value="-0.259740" />
  <attribute name="DerivativeI" value="-0.259740" />
  <attribute name="DerivativeH" value="-0.259740" />
  <attribute name="Loop Time for DT" value="308.000000" />
  <attribute name="Output H" value="4203675648"/>
  <attribute name="Output I" value="200"/>
  <attribute name="Output T" value="16"/>
  <attribute name="Target GC Util Change" value ="80.000000" />
  <attribute name="Current GC Util Change" value="0.000000"/>
  <attribute name="GC Util currently" value="0" />
  <attribute name="CPU Util currently" value="4" />
<allocation-satisfied id="1468" threadId="0000000000B89200" bytesRequested="32" />
<af-end id="1469" timestamp="2019-08-11T07:39:05.893" threadId="0000000000B89B88" success="true" from="nursery"/>
<exclusive-end id="1470" timestamp="2019-08-11T07:39:05.893" durationms="2.084" />

<exclusive-start id="1471" timestamp="2019-08-11T07:39:06.278" intervalms="387.701">
  <response-info timems="0.062" idlems="0.062" threads="0" lastid="0000000000B8CE00" lastname="node-13" />
</exclusive-start>
<af-start id="1472" threadId="0000000000B8D788" totalBytesRequested="32" timestamp="2019-08-11T07:39:06.278" intervalms="387.704" type="nursery" />
<cycle-start id="1473" type="scavenge" contextid="0" timestamp="2019-08-11T07:39:06.278" intervalms="387.708" />
<gc-start id="1474" type="scavenge" contextid="1473" timestamp="2019-08-11T07:39:06.278">
  <mem-info id="1475" free="4191485104" total="4203675648" percent="99">
    <mem type="nursery" free="0" total="2228224" percent="0">
      <mem type="allocate" free="0" total="1966080" percent="0" />
      <mem type="survivor" free="0" total="262144" percent="0" />
    </mem>
    <mem type="tenure" free="4191485104" total="4201447424" percent="99">
      <mem type="soa" free="3981413552" total="3991375872" percent="99" />
      <mem type="loa" free="210071552" total="210071552" percent="100" />
    </mem>
    <remembered-set count="383" />
  </mem-info>
</gc-start>
<allocation-stats totalBytes="1820272" >
  <allocated-bytes non-tlh="32" tlh="1820240" />
  <largest-consumer threadName="node-15" threadId="0000000000BC1900" bytes="90096" />
</allocation-stats>
<gc-op id="1476" type="scavenge" timems="1.715" contextid="1473" timestamp="2019-08-11T07:39:06.280">
  <scavenger-info tenureage="2" tenuremask="4004" tiltratio="88" />
  <memory-copied type="nursery" objects="2314" bytes="57248" bytesdiscarded="71776" />
  <memory-copied type="tenure" objects="1190" bytes="28560" bytesdiscarded="0" />
</gc-op>
<gc-end id="1477" type="scavenge" contextid="1473" durationms="2.123" usertimems="3.850" systemtimems="0.120" timestamp="2019-08-11T07:39:06.281" activeThreads="16">
  <mem-info id="1478" free="4193289904" total="4203675648" percent="99">
    <mem type="nursery" free="1837056" total="2228224" percent="82">
      <mem type="allocate" free="1837056" total="1966080" percent="93" />
      <mem type="survivor" free="0" total="262144" percent="0" />
    </mem>
    <mem type="tenure" free="4191452848" total="4201447424" percent="99" macro-fragmented="0">
      <mem type="soa" free="3981381296" total="3991375872" percent="99" />
      <mem type="loa" free="210071552" total="210071552" percent="100" />
    </mem>
    <remembered-set count="315" />
  </mem-info>
</gc-end>
<cycle-end id="1479" type="scavenge" contextid="1473" timestamp="2019-08-11T07:39:06.281" />
  <attribute name="elasticGC enabled" value="1" />
  <attribute name= "numThreadsSpecified" value="16" />
  <attribute name="heapSize specified" value="8519680" />
  <attribute name="Current GC Util" value="0" />
  <attribute name= "Current Time Running" value="37118" />
  <attribute name ="GC Interval" value="200" />
  <attribute name="ProportionalT" value="-40.000000" />
  <attribute name="ProportionalI" value="-40.000000" />
  <attribute name="ProportionalH" value="-40.000000" />
  <attribute name="Current Error" value="-80.000000" />
  <attribute name="IntegralT" value="-15520.000000" />
  <attribute name="IntegralI" value="-15520.000000" />
  <attribute name="IntegralH" value="-15520.000000" />
  <attribute name="DerivativeT" value="-0.206186" />
  <attribute name="DerivativeI" value="-0.206186" />
  <attribute name="DerivativeH" value="-0.206186" />
  <attribute name="Loop Time for DT" value="388.000000" />
  <attribute name="Output H" value="4203675648"/>
  <attribute name="Output I" value="200"/>
  <attribute name="Output T" value="16"/>
  <attribute name="Target GC Util Change" value ="80.000000" />
  <attribute name="Current GC Util Change" value="0.000000"/>
  <attribute name="GC Util currently" value="0" />
  <attribute name="CPU Util currently" value="6" />
<allocation-satisfied id="1480" threadId="0000000000B8CE00" bytesRequested="32" />
<af-end id="1481" timestamp="2019-08-11T07:39:06.281" threadId="0000000000B8D788" success="true" from="nursery"/>
<exclusive-end id="1482" timestamp="2019-08-11T07:39:06.281" durationms="2.407" />

<exclusive-start id="1483" timestamp="2019-08-11T07:39:06.597" intervalms="318.622">
  <response-info timems="0.025" idlems="0.025" threads="0" lastid="0000000000B7A300" lastname="node-11" />
</exclusive-start>
<af-start id="1484" threadId="0000000000B7AC88" totalBytesRequested="264" timestamp="2019-08-11T07:39:06.597" intervalms="318.619" type="nursery" />
<cycle-start id="1485" type="scavenge" contextid="0" timestamp="2019-08-11T07:39:06.597" intervalms="318.613" />
<gc-start id="1486" type="scavenge" contextid="1485" timestamp="2019-08-11T07:39:06.597">
  <mem-info id="1487" free="4191452848" total="4203675648" percent="99">
    <mem type="nursery" free="0" total="2228224" percent="0">
      <mem type="allocate" free="0" total="1966080" percent="0" />
      <mem type="survivor" free="0" total="262144" percent="0" />
    </mem>
    <mem type="tenure" free="4191452848" total="4201447424" percent="99">
      <mem type="soa" free="3981381296" total="3991375872" percent="99" />
      <mem type="loa" free="210071552" total="210071552" percent="100" />
    </mem>
    <remembered-set count="375" />
  </mem-info>
</gc-start>
<allocation-stats totalBytes="1836224" >
  <allocated-bytes non-tlh="32" tlh="1836192" />
  <largest-consumer threadName="node-13" threadId="0000000000B8CE00" bytes="90128" />
</allocation-stats>
<gc-op id="1488" type="scavenge" timems="1.078" contextid="1485" timestamp="2019-08-11T07:39:06.598">
  <scavenger-info tenureage="2" tenuremask="4004" tiltratio="88" />
  <memory-copied type="nursery" objects="2311" bytes="57040" bytesdiscarded="104240" />
  <memory-copied type="tenure" objects="872" bytes="20928" bytesdiscarded="0" />
</gc-op>
<gc-end id="1489" type="scavenge" contextid="1485" durationms="1.423" usertimems="0.361" systemtimems="1.957" timestamp="2019-08-11T07:39:06.598" activeThreads="16">
  <mem-info id="1490" free="4193241520" total="4203675648" percent="99">
    <mem type="nursery" free="1804800" total="2228224" percent="80">
      <mem type="allocate" free="1804800" total="1966080" percent="91" />
      <mem type="survivor" free="0" total="262144" percent="0" />
    </mem>
    <mem type="tenure" free="4191436720" total="4201447424" percent="99" macro-fragmented="0">
      <mem type="soa" free="3981365168" total="3991375872" percent="99" />
      <mem type="loa" free="210071552" total="210071552" percent="100" />
    </mem>
    <remembered-set count="289" />
  </mem-info>
</gc-end>
<cycle-end id="1491" type="scavenge" contextid="1485" timestamp="2019-08-11T07:39:06.598" />
  <attribute name="elasticGC enabled" value="1" />
  <attribute name= "numThreadsSpecified" value="16" />
  <attribute name="heapSize specified" value="8519680" />
  <attribute name="Current GC Util" value="1" />
  <attribute name= "Current Time Running" value="37436" />
  <attribute name ="GC Interval" value="200" />
  <attribute name="ProportionalT" value="-39.500000" />
  <attribute name="ProportionalI" value="-39.500000" />
  <attribute name="ProportionalH" value="-39.500000" />
  <attribute name="Current Error" value="-79.000000" />
  <attribute name="IntegralT" value="-12561.000000" />
  <attribute name="IntegralI" value="-12561.000000" />
  <attribute name="IntegralH" value="-12561.000000" />
  <attribute name="DerivativeT" value="-0.248428" />
  <attribute name="DerivativeI" value="-0.248428" />
  <attribute name="DerivativeH" value="-0.248428" />
  <attribute name="Loop Time for DT" value="318.000000" />
  <attribute name="Output H" value="4203675648"/>
  <attribute name="Output I" value="200"/>
  <attribute name="Output T" value="16"/>
  <attribute name="Target GC Util Change" value ="80.000000" />
  <attribute name="Current GC Util Change" value="1.000000"/>
  <attribute name="GC Util currently" value="1" />
  <attribute name="CPU Util currently" value="4" />
<allocation-satisfied id="1492" threadId="0000000000B7A300" bytesRequested="264" />
<af-end id="1493" timestamp="2019-08-11T07:39:06.599" threadId="0000000000B7AC88" success="true" from="nursery"/>
<exclusive-end id="1494" timestamp="2019-08-11T07:39:06.599" durationms="1.669" />

<exclusive-start id="1495" timestamp="2019-08-11T07:39:06.927" intervalms="329.739">
  <response-info timems="0.592" idlems="0.592" threads="0" lastid="0000000000BC9100" lastname="node-14" />
</exclusive-start>
<af-start id="1496" threadId="0000000000BC9A88" totalBytesRequested="32" timestamp="2019-08-11T07:39:06.927" intervalms="329.759" type="nursery" />
<cycle-start id="1497" type="scavenge" contextid="0" timestamp="2019-08-11T07:39:06.927" intervalms="329.762" />
<gc-start id="1498" type="scavenge" contextid="1497" timestamp="2019-08-11T07:39:06.927">
  <mem-info id="1499" free="4191436720" total="4203675648" percent="99">
    <mem type="nursery" free="0" total="2228224" percent="0">
      <mem type="allocate" free="0" total="1966080" percent="0" />
      <mem type="survivor" free="0" total="262144" percent="0" />
    </mem>
    <mem type="tenure" free="4191436720" total="4201447424" percent="99">
      <mem type="soa" free="3981365168" total="3991375872" percent="99" />
      <mem type="loa" free="210071552" total="210071552" percent="100" />
    </mem>
    <remembered-set count="366" />
  </mem-info>
</gc-start>
<allocation-stats totalBytes="1803408" >
  <allocated-bytes non-tlh="264" tlh="1803144" />
  <largest-consumer threadName="node-11" threadId="0000000000B7A300" bytes="90352" />
</allocation-stats>
<gc-op id="1500" type="scavenge" timems="1.055" contextid="1497" timestamp="2019-08-11T07:39:06.928">
  <scavenger-info tenureage="2" tenuremask="4004" tiltratio="88" />
  <memory-copied type="nursery" objects="2037" bytes="47968" bytesdiscarded="32672" />
  <memory-copied type="tenure" objects="1299" bytes="31176" bytesdiscarded="0" />
</gc-op>
<gc-end id="1501" type="scavenge" contextid="1497" durationms="1.167" usertimems="1.902" systemtimems="1.030" timestamp="2019-08-11T07:39:06.928" activeThreads="16">
  <mem-info id="1502" free="4193289904" total="4203675648" percent="99">
    <mem type="nursery" free="1885440" total="2228224" percent="84">
      <mem type="allocate" free="1885440" total="1966080" percent="95" />
      <mem type="survivor" free="0" total="262144" percent="0" />
    </mem>
    <mem type="tenure" free="4191404464" total="4201447424" percent="99" macro-fragmented="0">
      <mem type="soa" free="3981332912" total="3991375872" percent="99" />
      <mem type="loa" free="210071552" total="210071552" percent="100" />
    </mem>
    <remembered-set count="288" />
  </mem-info>
</gc-end>
<cycle-end id="1503" type="scavenge" contextid="1497" timestamp="2019-08-11T07:39:06.928" />
  <attribute name="elasticGC enabled" value="1" />
  <attribute name= "numThreadsSpecified" value="16" />
  <attribute name="heapSize specified" value="8519680" />
  <attribute name="Current GC Util" value="0" />
  <attribute name= "Current Time Running" value="37766" />
  <attribute name ="GC Interval" value="200" />
  <attribute name="ProportionalT" value="-40.000000" />
  <attribute name="ProportionalI" value="-40.000000" />
  <attribute name="ProportionalH" value="-40.000000" />
  <attribute name="Current Error" value="-80.000000" />
  <attribute name="IntegralT" value="-13200.000000" />
  <attribute name="IntegralI" value="-13200.000000" />
  <attribute name="IntegralH" value="-13200.000000" />
  <attribute name="DerivativeT" value="-0.242424" />
  <attribute name="DerivativeI" value="-0.242424" />
  <attribute name="DerivativeH" value="-0.242424" />
  <attribute name="Loop Time for DT" value="330.000000" />
  <attribute name="Output H" value="4203675648"/>
  <attribute name="Output I" value="200"/>
  <attribute name="Output T" value="16"/>
  <attribute name="Target GC Util Change" value ="80.000000" />
  <attribute name="Current GC Util Change" value="0.000000"/>
  <attribute name="GC Util currently" value="0" />
  <attribute name="CPU Util currently" value="5" />
<allocation-satisfied id="1504" threadId="0000000000BC9100" bytesRequested="32" />
<af-end id="1505" timestamp="2019-08-11T07:39:06.928" threadId="0000000000BC9A88" success="true" from="nursery"/>
<exclusive-end id="1506" timestamp="2019-08-11T07:39:06.928" durationms="1.718" />

<exclusive-start id="1507" timestamp="2019-08-11T07:39:07.282" intervalms="354.935">
  <response-info timems="0.028" idlems="0.028" threads="0" lastid="0000000000BB2500" lastname="node-6" />
</exclusive-start>
<af-start id="1508" threadId="0000000000BB2E88" totalBytesRequested="24" timestamp="2019-08-11T07:39:07.282" intervalms="354.932" type="nursery" />
<cycle-start id="1509" type="scavenge" contextid="0" timestamp="2019-08-11T07:39:07.282" intervalms="354.937" />
<gc-start id="1510" type="scavenge" contextid="1509" timestamp="2019-08-11T07:39:07.282">
  <mem-info id="1511" free="4191404464" total="4203675648" percent="99">
    <mem type="nursery" free="0" total="2228224" percent="0">
      <mem type="allocate" free="0" total="1966080" percent="0" />
      <mem type="survivor" free="0" total="262144" percent="0" />
    </mem>
    <mem type="tenure" free="4191404464" total="4201447424" percent="99">
      <mem type="soa" free="3981332912" total="3991375872" percent="99" />
      <mem type="loa" free="210071552" total="210071552" percent="100" />
    </mem>
    <remembered-set count="378" />
  </mem-info>
</gc-start>
<allocation-stats totalBytes="1884824" >
  <allocated-bytes non-tlh="32" tlh="1884792" />
  <largest-consumer threadName="node-14" threadId="0000000000BC9100" bytes="90104" />
</allocation-stats>
<gc-op id="1512" type="scavenge" timems="2.553" contextid="1509" timestamp="2019-08-11T07:39:07.284">
  <scavenger-info tenureage="2" tenuremask="4004" tiltratio="88" />
  <memory-copied type="nursery" objects="2267" bytes="56176" bytesdiscarded="56720" />
  <memory-copied type="tenure" objects="881" bytes="21144" bytesdiscarded="0" />
</gc-op>
<gc-end id="1513" type="scavenge" contextid="1509" durationms="2.658" usertimems="6.533" systemtimems="2.523" timestamp="2019-08-11T07:39:07.284" activeThreads="16">
  <mem-info id="1514" free="4193241520" total="4203675648" percent="99">
    <mem type="nursery" free="1853184" total="2228224" percent="83">
      <mem type="allocate" free="1853184" total="1966080" percent="94" />
      <mem type="survivor" free="0" total="262144" percent="0" />
    </mem>
    <mem type="tenure" free="4191388336" total="4201447424" percent="99" macro-fragmented="0">
      <mem type="soa" free="3981316784" total="3991375872" percent="99" />
      <mem type="loa" free="210071552" total="210071552" percent="100" />
    </mem>
    <remembered-set count="312" />
  </mem-info>
</gc-end>
<cycle-end id="1515" type="scavenge" contextid="1509" timestamp="2019-08-11T07:39:07.284" />
  <attribute name="elasticGC enabled" value="1" />
  <attribute name= "numThreadsSpecified" value="16" />
  <attribute name="heapSize specified" value="8519680" />
  <attribute name="Current GC Util" value="0" />
  <attribute name= "Current Time Running" value="38121" />
  <attribute name ="GC Interval" value="200" />
  <attribute name="ProportionalT" value="-40.000000" />
  <attribute name="ProportionalI" value="-40.000000" />
  <attribute name="ProportionalH" value="-40.000000" />
  <attribute name="Current Error" value="-80.000000" />
  <attribute name="IntegralT" value="-14200.000000" />
  <attribute name="IntegralI" value="-14200.000000" />
  <attribute name="IntegralH" value="-14200.000000" />
  <attribute name="DerivativeT" value="-0.225352" />
  <attribute name="DerivativeI" value="-0.225352" />
  <attribute name="DerivativeH" value="-0.225352" />
  <attribute name="Loop Time for DT" value="355.000000" />
  <attribute name="Output H" value="4203675648"/>
  <attribute name="Output I" value="200"/>
  <attribute name="Output T" value="16"/>
  <attribute name="Target GC Util Change" value ="80.000000" />
  <attribute name="Current GC Util Change" value="0.000000"/>
  <attribute name="GC Util currently" value="0" />
  <attribute name="CPU Util currently" value="5" />
<allocation-satisfied id="1516" threadId="0000000000BB2500" bytesRequested="24" />
<af-end id="1517" timestamp="2019-08-11T07:39:07.284" threadId="0000000000BB2E88" success="true" from="nursery"/>
<exclusive-end id="1518" timestamp="2019-08-11T07:39:07.284" durationms="2.883" />

<exclusive-start id="1519" timestamp="2019-08-11T07:39:07.692" intervalms="410.921">
  <response-info timems="0.158" idlems="0.158" threads="0" lastid="0000000000BB6100" lastname="node-10" />
</exclusive-start>
<af-start id="1520" threadId="0000000000BB6A88" totalBytesRequested="24" timestamp="2019-08-11T07:39:07.693" intervalms="410.896" type="nursery" />
<cycle-start id="1521" type="scavenge" contextid="0" timestamp="2019-08-11T07:39:07.693" intervalms="410.887" />
<gc-start id="1522" type="scavenge" contextid="1521" timestamp="2019-08-11T07:39:07.693">
  <mem-info id="1523" free="4191388336" total="4203675648" percent="99">
    <mem type="nursery" free="0" total="2228224" percent="0">
      <mem type="allocate" free="0" total="1966080" percent="0" />
      <mem type="survivor" free="0" total="262144" percent="0" />
    </mem>
    <mem type="tenure" free="4191388336" total="4201447424" percent="99">
      <mem type="soa" free="3981316784" total="3991375872" percent="99" />
      <mem type="loa" free="210071552" total="210071552" percent="100" />
    </mem>
    <remembered-set count="378" />
  </mem-info>
</gc-start>
<allocation-stats totalBytes="1852336" >
  <allocated-bytes non-tlh="24" tlh="1852312" />
  <largest-consumer threadName="node-21" threadId="0000000000B85600" bytes="90104" />
</allocation-stats>
<gc-op id="1524" type="scavenge" timems="0.748" contextid="1521" timestamp="2019-08-11T07:39:07.693">
  <scavenger-info tenureage="2" tenuremask="4004" tiltratio="88" />
  <memory-copied type="nursery" objects="2321" bytes="57416" bytesdiscarded="87736" />
  <memory-copied type="tenure" objects="1041" bytes="24984" bytesdiscarded="0" />
</gc-op>
<gc-end id="1525" type="scavenge" contextid="1521" durationms="0.984" usertimems="0.563" systemtimems="1.297" timestamp="2019-08-11T07:39:07.694" activeThreads="16">
  <mem-info id="1526" free="4193177008" total="4203675648" percent="99">
    <mem type="nursery" free="1820928" total="2228224" percent="81">
      <mem type="allocate" free="1820928" total="1966080" percent="92" />
      <mem type="survivor" free="0" total="262144" percent="0" />
    </mem>
    <mem type="tenure" free="4191356080" total="4201447424" percent="99" macro-fragmented="0">
      <mem type="soa" free="3981284528" total="3991375872" percent="99" />
      <mem type="loa" free="210071552" total="210071552" percent="100" />
    </mem>
    <remembered-set count="296" />
  </mem-info>
</gc-end>
<cycle-end id="1527" type="scavenge" contextid="1521" timestamp="2019-08-11T07:39:07.694" />
  <attribute name="elasticGC enabled" value="1" />
  <attribute name= "numThreadsSpecified" value="16" />
  <attribute name="heapSize specified" value="8519680" />
  <attribute name="Current GC Util" value="0" />
  <attribute name= "Current Time Running" value="38532" />
  <attribute name ="GC Interval" value="200" />
  <attribute name="ProportionalT" value="-40.000000" />
  <attribute name="ProportionalI" value="-40.000000" />
  <attribute name="ProportionalH" value="-40.000000" />
  <attribute name="Current Error" value="-80.000000" />
  <attribute name="IntegralT" value="-16440.000000" />
  <attribute name="IntegralI" value="-16440.000000" />
  <attribute name="IntegralH" value="-16440.000000" />
  <attribute name="DerivativeT" value="-0.194647" />
  <attribute name="DerivativeI" value="-0.194647" />
  <attribute name="DerivativeH" value="-0.194647" />
  <attribute name="Loop Time for DT" value="411.000000" />
  <attribute name="Output H" value="4203675648"/>
  <attribute name="Output I" value="200"/>
  <attribute name="Output T" value="16"/>
  <attribute name="Target GC Util Change" value ="80.000000" />
  <attribute name="Current GC Util Change" value="0.000000"/>
  <attribute name="GC Util currently" value="0" />
  <attribute name="CPU Util currently" value="8" />
<allocation-satisfied id="1528" threadId="0000000000BB6100" bytesRequested="24" />
<af-end id="1529" timestamp="2019-08-11T07:39:07.694" threadId="0000000000BB6A88" success="true" from="nursery"/>
<exclusive-end id="1530" timestamp="2019-08-11T07:39:07.694" durationms="1.200" />

<exclusive-start id="1531" timestamp="2019-08-11T07:39:08.055" intervalms="362.794">
  <response-info timems="0.629" idlems="0.393" threads="1" lastid="0000000000B72B00" lastname="node-12" />
</exclusive-start>
<af-start id="1532" threadId="0000000000BC5E88" totalBytesRequested="368" timestamp="2019-08-11T07:39:08.056" intervalms="363.089" type="nursery" />
<cycle-start id="1533" type="scavenge" contextid="0" timestamp="2019-08-11T07:39:08.056" intervalms="363.093" />
<gc-start id="1534" type="scavenge" contextid="1533" timestamp="2019-08-11T07:39:08.056">
  <mem-info id="1535" free="4191356080" total="4203675648" percent="99">
    <mem type="nursery" free="0" total="2228224" percent="0">
      <mem type="allocate" free="0" total="1966080" percent="0" />
      <mem type="survivor" free="0" total="262144" percent="0" />
    </mem>
    <mem type="tenure" free="4191356080" total="4201447424" percent="99">
      <mem type="soa" free="3981284528" total="3991375872" percent="99" />
      <mem type="loa" free="210071552" total="210071552" percent="100" />
    </mem>
    <remembered-set count="379" />
  </mem-info>
</gc-start>
<allocation-stats totalBytes="1819256" >
  <allocated-bytes non-tlh="24" tlh="1819232" />
  <largest-consumer threadName="node-10" threadId="0000000000BB6100" bytes="90120" />
</allocation-stats>
<gc-op id="1536" type="scavenge" timems="5.312" contextid="1533" timestamp="2019-08-11T07:39:08.061">
  <scavenger-info tenureage="2" tenuremask="4004" tiltratio="88" />
  <memory-copied type="nursery" objects="2384" bytes="73080" bytesdiscarded="39816" />
  <memory-copied type="tenure" objects="1079" bytes="25896" bytesdiscarded="0" />
</gc-op>
<gc-end id="1537" type="scavenge" contextid="1533" durationms="5.426" usertimems="1.928" systemtimems="6.357" timestamp="2019-08-11T07:39:08.061" activeThreads="16">
  <mem-info id="1538" free="4193177008" total="4203675648" percent="99">
    <mem type="nursery" free="1853184" total="2228224" percent="83">
      <mem type="allocate" free="1853184" total="1966080" percent="94" />
      <mem type="survivor" free="0" total="262144" percent="0" />
    </mem>
    <mem type="tenure" free="4191323824" total="4201447424" percent="99" macro-fragmented="0">
      <mem type="soa" free="3981252272" total="3991375872" percent="99" />
      <mem type="loa" free="210071552" total="210071552" percent="100" />
    </mem>
    <remembered-set count="298" />
  </mem-info>
</gc-end>
<cycle-end id="1539" type="scavenge" contextid="1533" timestamp="2019-08-11T07:39:08.061" />
  <attribute name="elasticGC enabled" value="1" />
  <attribute name= "numThreadsSpecified" value="16" />
  <attribute name="heapSize specified" value="8519680" />
  <attribute name="Current GC Util" value="0" />
  <attribute name= "Current Time Running" value="38895" />
  <attribute name ="GC Interval" value="200" />
  <attribute name="ProportionalT" value="-40.000000" />
  <attribute name="ProportionalI" value="-40.000000" />
  <attribute name="ProportionalH" value="-40.000000" />
  <attribute name="Current Error" value="-80.000000" />
  <attribute name="IntegralT" value="-14520.000000" />
  <attribute name="IntegralI" value="-14520.000000" />
  <attribute name="IntegralH" value="-14520.000000" />
  <attribute name="DerivativeT" value="-0.220386" />
  <attribute name="DerivativeI" value="-0.220386" />
  <attribute name="DerivativeH" value="-0.220386" />
  <attribute name="Loop Time for DT" value="363.000000" />
  <attribute name="Output H" value="4203675648"/>
  <attribute name="Output I" value="200"/>
  <attribute name="Output T" value="16"/>
  <attribute name="Target GC Util Change" value ="80.000000" />
  <attribute name="Current GC Util Change" value="0.000000"/>
  <attribute name="GC Util currently" value="0" />
  <attribute name="CPU Util currently" value="5" />
<allocation-satisfied id="1540" threadId="0000000000BC5500" bytesRequested="368" />
<af-end id="1541" timestamp="2019-08-11T07:39:08.061" threadId="0000000000BC5E88" success="true" from="nursery"/>
<exclusive-end id="1542" timestamp="2019-08-11T07:39:08.061" durationms="5.986" />

<exclusive-start id="1543" timestamp="2019-08-11T07:39:08.525" intervalms="469.241">
  <response-info timems="0.163" idlems="0.163" threads="0" lastid="0000000000BAE900" lastname="node-20" />
</exclusive-start>
<af-start id="1544" threadId="0000000000BAF288" totalBytesRequested="32" timestamp="2019-08-11T07:39:08.525" intervalms="468.965" type="nursery" />
<cycle-start id="1545" type="scavenge" contextid="0" timestamp="2019-08-11T07:39:08.525" intervalms="468.968" />
<gc-start id="1546" type="scavenge" contextid="1545" timestamp="2019-08-11T07:39:08.525">
  <mem-info id="1547" free="4191323824" total="4203675648" percent="99">
    <mem type="nursery" free="0" total="2228224" percent="0">
      <mem type="allocate" free="0" total="1966080" percent="0" />
      <mem type="survivor" free="0" total="262144" percent="0" />
    </mem>
    <mem type="tenure" free="4191323824" total="4201447424" percent="99">
      <mem type="soa" free="3981252272" total="3991375872" percent="99" />
      <mem type="loa" free="210071552" total="210071552" percent="100" />
    </mem>
    <remembered-set count="385" />
  </mem-info>
</gc-start>
<allocation-stats totalBytes="1849968" >
  <allocated-bytes non-tlh="368" tlh="1849600" />
  <largest-consumer threadName="node-2" threadId="0000000000B7DF00" bytes="90104" />
</allocation-stats>
<gc-op id="1548" type="scavenge" timems="1.392" contextid="1545" timestamp="2019-08-11T07:39:08.526">
  <scavenger-info tenureage="2" tenuremask="4004" tiltratio="88" />
  <memory-copied type="nursery" objects="2568" bytes="60712" bytesdiscarded="36056" />
  <memory-copied type="tenure" objects="1101" bytes="26424" bytesdiscarded="0" />
</gc-op>
<gc-end id="1549" type="scavenge" contextid="1545" durationms="1.499" usertimems="1.157" systemtimems="2.350" timestamp="2019-08-11T07:39:08.526" activeThreads="16">
  <mem-info id="1550" free="4193177008" total="4203675648" percent="99">
    <mem type="nursery" free="1869312" total="2228224" percent="83">
      <mem type="allocate" free="1869312" total="1966080" percent="95" />
      <mem type="survivor" free="0" total="262144" percent="0" />
    </mem>
    <mem type="tenure" free="4191307696" total="4201447424" percent="99" macro-fragmented="0">
      <mem type="soa" free="3981236144" total="3991375872" percent="99" />
      <mem type="loa" free="210071552" total="210071552" percent="100" />
    </mem>
    <remembered-set count="292" />
  </mem-info>
</gc-end>
<cycle-end id="1551" type="scavenge" contextid="1545" timestamp="2019-08-11T07:39:08.526" />
  <attribute name="elasticGC enabled" value="1" />
  <attribute name= "numThreadsSpecified" value="16" />
  <attribute name="heapSize specified" value="8519680" />
  <attribute name="Current GC Util" value="1" />
  <attribute name= "Current Time Running" value="39364" />
  <attribute name ="GC Interval" value="200" />
  <attribute name="ProportionalT" value="-39.500000" />
  <attribute name="ProportionalI" value="-39.500000" />
  <attribute name="ProportionalH" value="-39.500000" />
  <attribute name="Current Error" value="-79.000000" />
  <attribute name="IntegralT" value="-18525.500000" />
  <attribute name="IntegralI" value="-18525.500000" />
  <attribute name="IntegralH" value="-18525.500000" />
  <attribute name="DerivativeT" value="-0.168443" />
  <attribute name="DerivativeI" value="-0.168443" />
  <attribute name="DerivativeH" value="-0.168443" />
  <attribute name="Loop Time for DT" value="469.000000" />
  <attribute name="Output H" value="4203675648"/>
  <attribute name="Output I" value="200"/>
  <attribute name="Output T" value="16"/>
  <attribute name="Target GC Util Change" value ="80.000000" />
  <attribute name="Current GC Util Change" value="1.000000"/>
  <attribute name="GC Util currently" value="1" />
  <attribute name="CPU Util currently" value="6" />
<allocation-satisfied id="1552" threadId="0000000000BAE900" bytesRequested="32" />
<af-end id="1553" timestamp="2019-08-11T07:39:08.526" threadId="0000000000BAF288" success="true" from="nursery"/>
<exclusive-end id="1554" timestamp="2019-08-11T07:39:08.526" durationms="1.722" />

<exclusive-start id="1555" timestamp="2019-08-11T07:39:08.921" intervalms="396.494">
  <response-info timems="0.278" idlems="0.278" threads="0" lastid="0000000000B89200" lastname="node-24" />
</exclusive-start>
<af-start id="1556" threadId="0000000000B89B88" totalBytesRequested="32" timestamp="2019-08-11T07:39:08.921" intervalms="396.484" type="nursery" />
<cycle-start id="1557" type="scavenge" contextid="0" timestamp="2019-08-11T07:39:08.921" intervalms="396.484" />
<gc-start id="1558" type="scavenge" contextid="1557" timestamp="2019-08-11T07:39:08.921">
  <mem-info id="1559" free="4191307696" total="4203675648" percent="99">
    <mem type="nursery" free="0" total="2228224" percent="0">
      <mem type="allocate" free="0" total="1966080" percent="0" />
      <mem type="survivor" free="0" total="262144" percent="0" />
    </mem>
    <mem type="tenure" free="4191307696" total="4201447424" percent="99">
      <mem type="soa" free="3981236144" total="3991375872" percent="99" />
      <mem type="loa" free="210071552" total="210071552" percent="100" />
    </mem>
    <remembered-set count="383" />
  </mem-info>
</gc-start>
<allocation-stats totalBytes="1863072" >
  <allocated-bytes non-tlh="32" tlh="1863040" />
  <largest-consumer threadName="node-15" threadId="0000000000BC1900" bytes="90088" />
</allocation-stats>
<gc-op id="1560" type="scavenge" timems="1.296" contextid="1557" timestamp="2019-08-11T07:39:08.922">
  <scavenger-info tenureage="2" tenuremask="4004" tiltratio="88" />
  <memory-copied type="nursery" objects="2520" bytes="59560" bytesdiscarded="37208" />
  <memory-copied type="tenure" objects="1101" bytes="26424" bytesdiscarded="0" />
</gc-op>
<gc-end id="1561" type="scavenge" contextid="1557" durationms="1.395" usertimems="4.225" systemtimems="1.789" timestamp="2019-08-11T07:39:08.923" activeThreads="16">
  <mem-info id="1562" free="4193144752" total="4203675648" percent="99">
    <mem type="nursery" free="1869312" total="2228224" percent="83">
      <mem type="allocate" free="1869312" total="1966080" percent="95" />
      <mem type="survivor" free="0" total="262144" percent="0" />
    </mem>
    <mem type="tenure" free="4191275440" total="4201447424" percent="99" macro-fragmented="0">
      <mem type="soa" free="3981203888" total="3991375872" percent="99" />
      <mem type="loa" free="210071552" total="210071552" percent="100" />
    </mem>
    <remembered-set count="297" />
  </mem-info>
</gc-end>
<cycle-end id="1563" type="scavenge" contextid="1557" timestamp="2019-08-11T07:39:08.923" />
  <attribute name="elasticGC enabled" value="1" />
  <attribute name= "numThreadsSpecified" value="16" />
  <attribute name="heapSize specified" value="8519680" />
  <attribute name="Current GC Util" value="0" />
  <attribute name= "Current Time Running" value="39760" />
  <attribute name ="GC Interval" value="200" />
  <attribute name="ProportionalT" value="-40.000000" />
  <attribute name="ProportionalI" value="-40.000000" />
  <attribute name="ProportionalH" value="-40.000000" />
  <attribute name="Current Error" value="-80.000000" />
  <attribute name="IntegralT" value="-15840.000000" />
  <attribute name="IntegralI" value="-15840.000000" />
  <attribute name="IntegralH" value="-15840.000000" />
  <attribute name="DerivativeT" value="-0.202020" />
  <attribute name="DerivativeI" value="-0.202020" />
  <attribute name="DerivativeH" value="-0.202020" />
  <attribute name="Loop Time for DT" value="396.000000" />
  <attribute name="Output H" value="4203675648"/>
  <attribute name="Output I" value="200"/>
  <attribute name="Output T" value="16"/>
  <attribute name="Target GC Util Change" value ="80.000000" />
  <attribute name="Current GC Util Change" value="0.000000"/>
  <attribute name="GC Util currently" value="0" />
  <attribute name="CPU Util currently" value="5" />
<allocation-satisfied id="1564" threadId="0000000000B89200" bytesRequested="32" />
<af-end id="1565" timestamp="2019-08-11T07:39:08.923" threadId="0000000000B89B88" success="true" from="nursery"/>
<exclusive-end id="1566" timestamp="2019-08-11T07:39:08.923" durationms="1.618" />

<exclusive-start id="1567" timestamp="2019-08-11T07:39:09.167" intervalms="246.126">
  <response-info timems="0.158" idlems="0.056" threads="2" lastid="0000000000B81B00" lastname="node-19" />
</exclusive-start>
<af-start id="1568" threadId="0000000000BC5E88" totalBytesRequested="16" timestamp="2019-08-11T07:39:09.167" intervalms="246.117" type="nursery" />
<cycle-start id="1569" type="scavenge" contextid="0" timestamp="2019-08-11T07:39:09.167" intervalms="246.109" />
<gc-start id="1570" type="scavenge" contextid="1569" timestamp="2019-08-11T07:39:09.167">
  <mem-info id="1571" free="4191275440" total="4203675648" percent="99">
    <mem type="nursery" free="0" total="2228224" percent="0">
      <mem type="allocate" free="0" total="1966080" percent="0" />
      <mem type="survivor" free="0" total="262144" percent="0" />
    </mem>
    <mem type="tenure" free="4191275440" total="4201447424" percent="99">
      <mem type="soa" free="3981203888" total="3991375872" percent="99" />
      <mem type="loa" free="210071552" total="210071552" percent="100" />
    </mem>
    <remembered-set count="385" />
  </mem-info>
</gc-start>
<allocation-stats totalBytes="1860688" >
  <allocated-bytes non-tlh="32" tlh="1860656" />
  <largest-consumer threadName="node-8" threadId="0000000000B76700" bytes="90104" />
</allocation-stats>
<gc-op id="1572" type="scavenge" timems="1.042" contextid="1569" timestamp="2019-08-11T07:39:09.168">
  <scavenger-info tenureage="2" tenuremask="4004" tiltratio="88" />
  <memory-copied type="nursery" objects="1981" bytes="70520" bytesdiscarded="74632" />
  <memory-copied type="tenure" objects="1352" bytes="32448" bytesdiscarded="0" />
</gc-op>
<gc-end id="1573" type="scavenge" contextid="1569" durationms="1.302" usertimems="2.352" systemtimems="0.000" timestamp="2019-08-11T07:39:09.169" activeThreads="16">
  <mem-info id="1574" free="4193080240" total="4203675648" percent="99">
    <mem type="nursery" free="1820928" total="2228224" percent="81">
      <mem type="allocate" free="1820928" total="1966080" percent="92" />
      <mem type="survivor" free="0" total="262144" percent="0" />
    </mem>
    <mem type="tenure" free="4191259312" total="4201447424" percent="99" macro-fragmented="0">
      <mem type="soa" free="3981187760" total="3991375872" percent="99" />
      <mem type="loa" free="210071552" total="210071552" percent="100" />
    </mem>
    <remembered-set count="296" />
  </mem-info>
</gc-end>
<cycle-end id="1575" type="scavenge" contextid="1569" timestamp="2019-08-11T07:39:09.169" />
  <attribute name="elasticGC enabled" value="1" />
  <attribute name= "numThreadsSpecified" value="16" />
  <attribute name="heapSize specified" value="8519680" />
  <attribute name="Current GC Util" value="1" />
  <attribute name= "Current Time Running" value="40006" />
  <attribute name ="GC Interval" value="200" />
  <attribute name="ProportionalT" value="-39.500000" />
  <attribute name="ProportionalI" value="-39.500000" />
  <attribute name="ProportionalH" value="-39.500000" />
  <attribute name="Current Error" value="-79.000000" />
  <attribute name="IntegralT" value="-9717.000000" />
  <attribute name="IntegralI" value="-9717.000000" />
  <attribute name="IntegralH" value="-9717.000000" />
  <attribute name="DerivativeT" value="-0.321138" />
  <attribute name="DerivativeI" value="-0.321138" />
  <attribute name="DerivativeH" value="-0.321138" />
  <attribute name="Loop Time for DT" value="246.000000" />
  <attribute name="Output H" value="4203675648"/>
  <attribute name="Output I" value="200"/>
  <attribute name="Output T" value="16"/>
  <attribute name="Target GC Util Change" value ="80.000000" />
  <attribute name="Current GC Util Change" value="1.000000"/>
  <attribute name="GC Util currently" value="1" />
  <attribute name="CPU Util currently" value="0" />
<allocation-satisfied id="1576" threadId="0000000000BC5500" bytesRequested="16" />
<af-end id="1577" timestamp="2019-08-11T07:39:09.169" threadId="0000000000BC5E88" success="true" from="nursery"/>
<exclusive-end id="1578" timestamp="2019-08-11T07:39:09.169" durationms="1.493" />

<exclusive-start id="1579" timestamp="2019-08-11T07:39:09.441" intervalms="273.576">
  <response-info timems="0.149" idlems="0.149" threads="0" lastid="0000000000BA7200" lastname="node-5" />
</exclusive-start>
<af-start id="1580" threadId="0000000000BA7B88" totalBytesRequested="16" timestamp="2019-08-11T07:39:09.441" intervalms="273.655" type="nursery" />
<cycle-start id="1581" type="scavenge" contextid="0" timestamp="2019-08-11T07:39:09.441" intervalms="273.660" />
<gc-start id="1582" type="scavenge" contextid="1581" timestamp="2019-08-11T07:39:09.441">
  <mem-info id="1583" free="4191259312" total="4203675648" percent="99">
    <mem type="nursery" free="0" total="2228224" percent="0">
      <mem type="allocate" free="0" total="1966080" percent="0" />
      <mem type="survivor" free="0" total="262144" percent="0" />
    </mem>
    <mem type="tenure" free="4191259312" total="4201447424" percent="99">
      <mem type="soa" free="3981187760" total="3991375872" percent="99" />
      <mem type="loa" free="210071552" total="210071552" percent="100" />
    </mem>
    <remembered-set count="377" />
  </mem-info>
</gc-start>
<allocation-stats totalBytes="1818744" >
  <allocated-bytes non-tlh="16" tlh="1818728" />
  <largest-consumer threadName="node-14" threadId="0000000000BC9100" bytes="90104" />
</allocation-stats>
<gc-op id="1584" type="scavenge" timems="0.768" contextid="1581" timestamp="2019-08-11T07:39:09.442">
  <scavenger-info tenureage="2" tenuremask="4004" tiltratio="88" />
  <memory-copied type="nursery" objects="1656" bytes="52344" bytesdiscarded="76680" />
  <memory-copied type="tenure" objects="1053" bytes="25272" bytesdiscarded="0" />
</gc-op>
<gc-end id="1585" type="scavenge" contextid="1581" durationms="1.112" usertimems="1.684" systemtimems="0.649" timestamp="2019-08-11T07:39:09.442" activeThreads="16">
  <mem-info id="1586" free="4193064112" total="4203675648" percent="99">
    <mem type="nursery" free="1837056" total="2228224" percent="82">
      <mem type="allocate" free="1837056" total="1966080" percent="93" />
      <mem type="survivor" free="0" total="262144" percent="0" />
    </mem>
    <mem type="tenure" free="4191227056" total="4201447424" percent="99" macro-fragmented="0">
      <mem type="soa" free="3981155504" total="3991375872" percent="99" />
      <mem type="loa" free="210071552" total="210071552" percent="100" />
    </mem>
    <remembered-set count="290" />
  </mem-info>
</gc-end>
<cycle-end id="1587" type="scavenge" contextid="1581" timestamp="2019-08-11T07:39:09.442" />
  <attribute name="elasticGC enabled" value="1" />
  <attribute name= "numThreadsSpecified" value="16" />
  <attribute name="heapSize specified" value="8519680" />
  <attribute name="Current GC Util" value="0" />
  <attribute name= "Current Time Running" value="40280" />
  <attribute name ="GC Interval" value="200" />
  <attribute name="ProportionalT" value="-40.000000" />
  <attribute name="ProportionalI" value="-40.000000" />
  <attribute name="ProportionalH" value="-40.000000" />
  <attribute name="Current Error" value="-80.000000" />
  <attribute name="IntegralT" value="-10960.000000" />
  <attribute name="IntegralI" value="-10960.000000" />
  <attribute name="IntegralH" value="-10960.000000" />
  <attribute name="DerivativeT" value="-0.291971" />
  <attribute name="DerivativeI" value="-0.291971" />
  <attribute name="DerivativeH" value="-0.291971" />
  <attribute name="Loop Time for DT" value="274.000000" />
  <attribute name="Output H" value="4203675648"/>
  <attribute name="Output I" value="200"/>
  <attribute name="Output T" value="16"/>
  <attribute name="Target GC Util Change" value ="80.000000" />
  <attribute name="Current GC Util Change" value="0.000000"/>
  <attribute name="GC Util currently" value="0" />
  <attribute name="CPU Util currently" value="1" />
<allocation-satisfied id="1588" threadId="0000000000BA7200" bytesRequested="16" />
<af-end id="1589" timestamp="2019-08-11T07:39:09.442" threadId="0000000000BA7B88" success="true" from="nursery"/>
<exclusive-end id="1590" timestamp="2019-08-11T07:39:09.442" durationms="1.385" />

<exclusive-start id="1591" timestamp="2019-08-11T07:39:09.818" intervalms="377.545">
  <response-info timems="0.107" idlems="0.107" threads="0" lastid="0000000000B6B300" lastname="node-1" />
</exclusive-start>
<af-start id="1592" threadId="0000000000B6BC88" totalBytesRequested="24" timestamp="2019-08-11T07:39:09.818" intervalms="377.476" type="nursery" />
<cycle-start id="1593" type="scavenge" contextid="0" timestamp="2019-08-11T07:39:09.818" intervalms="377.476" />
<gc-start id="1594" type="scavenge" contextid="1593" timestamp="2019-08-11T07:39:09.818">
  <mem-info id="1595" free="4191227056" total="4203675648" percent="99">
    <mem type="nursery" free="0" total="2228224" percent="0">
      <mem type="allocate" free="0" total="1966080" percent="0" />
      <mem type="survivor" free="0" total="262144" percent="0" />
    </mem>
    <mem type="tenure" free="4191227056" total="4201447424" percent="99">
      <mem type="soa" free="3981155504" total="3991375872" percent="99" />
      <mem type="loa" free="210071552" total="210071552" percent="100" />
    </mem>
    <remembered-set count="378" />
  </mem-info>
</gc-start>
<allocation-stats totalBytes="1835344" >
  <allocated-bytes non-tlh="16" tlh="1835328" />
  <largest-consumer threadName="node-7" threadId="0000000000B67700" bytes="90112" />
</allocation-stats>
<gc-op id="1596" type="scavenge" timems="0.881" contextid="1593" timestamp="2019-08-11T07:39:09.819">
  <scavenger-info tenureage="2" tenuremask="4004" tiltratio="88" />
  <memory-copied type="nursery" objects="2054" bytes="51064" bytesdiscarded="77960" />
  <memory-copied type="tenure" objects="745" bytes="17880" bytesdiscarded="0" />
</gc-op>
<gc-end id="1597" type="scavenge" contextid="1593" durationms="1.163" usertimems="2.263" systemtimems="0.000" timestamp="2019-08-11T07:39:09.820" activeThreads="16">
  <mem-info id="1598" free="4193047984" total="4203675648" percent="99">
    <mem type="nursery" free="1837056" total="2228224" percent="82">
      <mem type="allocate" free="1837056" total="1966080" percent="93" />
      <mem type="survivor" free="0" total="262144" percent="0" />
    </mem>
    <mem type="tenure" free="4191210928" total="4201447424" percent="99" macro-fragmented="0">
      <mem type="soa" free="3981139376" total="3991375872" percent="99" />
      <mem type="loa" free="210071552" total="210071552" percent="100" />
    </mem>
    <remembered-set count="313" />
  </mem-info>
</gc-end>
<cycle-end id="1599" type="scavenge" contextid="1593" timestamp="2019-08-11T07:39:09.820" />
  <attribute name="elasticGC enabled" value="1" />
  <attribute name= "numThreadsSpecified" value="16" />
  <attribute name="heapSize specified" value="8519680" />
  <attribute name="Current GC Util" value="0" />
  <attribute name= "Current Time Running" value="40658" />
  <attribute name ="GC Interval" value="200" />
  <attribute name="ProportionalT" value="-40.000000" />
  <attribute name="ProportionalI" value="-40.000000" />
  <attribute name="ProportionalH" value="-40.000000" />
  <attribute name="Current Error" value="-80.000000" />
  <attribute name="IntegralT" value="-15120.000000" />
  <attribute name="IntegralI" value="-15120.000000" />
  <attribute name="IntegralH" value="-15120.000000" />
  <attribute name="DerivativeT" value="-0.211640" />
  <attribute name="DerivativeI" value="-0.211640" />
  <attribute name="DerivativeH" value="-0.211640" />
  <attribute name="Loop Time for DT" value="378.000000" />
  <attribute name="Output H" value="4203675648"/>
  <attribute name="Output I" value="200"/>
  <attribute name="Output T" value="16"/>
  <attribute name="Target GC Util Change" value ="80.000000" />
  <attribute name="Current GC Util Change" value="0.000000"/>
  <attribute name="GC Util currently" value="0" />
  <attribute name="CPU Util currently" value="3" />
<allocation-satisfied id="1600" threadId="0000000000B6B300" bytesRequested="24" />
<af-end id="1601" timestamp="2019-08-11T07:39:09.820" threadId="0000000000B6BC88" success="true" from="nursery"/>
<exclusive-end id="1602" timestamp="2019-08-11T07:39:09.820" durationms="1.391" />

<exclusive-start id="1603" timestamp="2019-08-11T07:39:10.120" intervalms="301.369">
  <response-info timems="0.077" idlems="0.077" threads="0" lastid="0000000000B85600" lastname="node-21" />
</exclusive-start>
<af-start id="1604" threadId="0000000000B85F88" totalBytesRequested="16" timestamp="2019-08-11T07:39:10.120" intervalms="301.423" type="nursery" />
<cycle-start id="1605" type="scavenge" contextid="0" timestamp="2019-08-11T07:39:10.120" intervalms="301.466" />
<gc-start id="1606" type="scavenge" contextid="1605" timestamp="2019-08-11T07:39:10.120">
  <mem-info id="1607" free="4191210928" total="4203675648" percent="99">
    <mem type="nursery" free="0" total="2228224" percent="0">
      <mem type="allocate" free="0" total="1966080" percent="0" />
      <mem type="survivor" free="0" total="262144" percent="0" />
    </mem>
    <mem type="tenure" free="4191210928" total="4201447424" percent="99">
      <mem type="soa" free="3981139376" total="3991375872" percent="99" />
      <mem type="loa" free="210071552" total="210071552" percent="100" />
    </mem>
    <remembered-set count="376" />
  </mem-info>
</gc-start>
<allocation-stats totalBytes="1833616" >
  <allocated-bytes non-tlh="24" tlh="1833592" />
  <largest-consumer threadName="node-14" threadId="0000000000BC9100" bytes="90112" />
</allocation-stats>
<gc-op id="1608" type="scavenge" timems="1.190" contextid="1605" timestamp="2019-08-11T07:39:10.121">
  <scavenger-info tenureage="2" tenuremask="4004" tiltratio="88" />
  <memory-copied type="nursery" objects="2140" bytes="53072" bytesdiscarded="59824" />
  <memory-copied type="tenure" objects="737" bytes="17688" bytesdiscarded="0" />
</gc-op>
<gc-end id="1609" type="scavenge" contextid="1605" durationms="1.490" usertimems="0.812" systemtimems="2.788" timestamp="2019-08-11T07:39:10.121" activeThreads="16">
  <mem-info id="1610" free="4193047984" total="4203675648" percent="99">
    <mem type="nursery" free="1853184" total="2228224" percent="83">
      <mem type="allocate" free="1853184" total="1966080" percent="94" />
      <mem type="survivor" free="0" total="262144" percent="0" />
    </mem>
    <mem type="tenure" free="4191194800" total="4201447424" percent="99" macro-fragmented="0">
      <mem type="soa" free="3981123248" total="3991375872" percent="99" />
      <mem type="loa" free="210071552" total="210071552" percent="100" />
    </mem>
    <remembered-set count="310" />
  </mem-info>
</gc-end>
<cycle-end id="1611" type="scavenge" contextid="1605" timestamp="2019-08-11T07:39:10.121" />
  <attribute name="elasticGC enabled" value="1" />
  <attribute name= "numThreadsSpecified" value="16" />
  <attribute name="heapSize specified" value="8519680" />
  <attribute name="Current GC Util" value="0" />
  <attribute name= "Current Time Running" value="40959" />
  <attribute name ="GC Interval" value="200" />
  <attribute name="ProportionalT" value="-40.000000" />
  <attribute name="ProportionalI" value="-40.000000" />
  <attribute name="ProportionalH" value="-40.000000" />
  <attribute name="Current Error" value="-80.000000" />
  <attribute name="IntegralT" value="-12040.000000" />
  <attribute name="IntegralI" value="-12040.000000" />
  <attribute name="IntegralH" value="-12040.000000" />
  <attribute name="DerivativeT" value="-0.265781" />
  <attribute name="DerivativeI" value="-0.265781" />
  <attribute name="DerivativeH" value="-0.265781" />
  <attribute name="Loop Time for DT" value="301.000000" />
  <attribute name="Output H" value="4203675648"/>
  <attribute name="Output I" value="200"/>
  <attribute name="Output T" value="16"/>
  <attribute name="Target GC Util Change" value ="80.000000" />
  <attribute name="Current GC Util Change" value="0.000000"/>
  <attribute name="GC Util currently" value="0" />
  <attribute name="CPU Util currently" value="3" />
<allocation-satisfied id="1612" threadId="0000000000B85600" bytesRequested="16" />
<af-end id="1613" timestamp="2019-08-11T07:39:10.122" threadId="0000000000B85F88" success="true" from="nursery"/>
<exclusive-end id="1614" timestamp="2019-08-11T07:39:10.122" durationms="1.882" />

<exclusive-start id="1615" timestamp="2019-08-11T07:39:10.491" intervalms="371.580">
  <response-info timems="0.081" idlems="0.081" threads="0" lastid="0000000000B9BE00" lastname="node-4" />
</exclusive-start>
<af-start id="1616" threadId="0000000000B9C788" totalBytesRequested="24" timestamp="2019-08-11T07:39:10.491" intervalms="371.524" type="nursery" />
<cycle-start id="1617" type="scavenge" contextid="0" timestamp="2019-08-11T07:39:10.491" intervalms="371.479" />
<gc-start id="1618" type="scavenge" contextid="1617" timestamp="2019-08-11T07:39:10.491">
  <mem-info id="1619" free="4191194800" total="4203675648" percent="99">
    <mem type="nursery" free="0" total="2228224" percent="0">
      <mem type="allocate" free="0" total="1966080" percent="0" />
      <mem type="survivor" free="0" total="262144" percent="0" />
    </mem>
    <mem type="tenure" free="4191194800" total="4201447424" percent="99">
      <mem type="soa" free="3981123248" total="3991375872" percent="99" />
      <mem type="loa" free="210071552" total="210071552" percent="100" />
    </mem>
    <remembered-set count="382" />
  </mem-info>
</gc-start>
<allocation-stats totalBytes="1848984" >
  <allocated-bytes non-tlh="16" tlh="1848968" />
  <largest-consumer threadName="node-11" threadId="0000000000B7A300" bytes="90088" />
</allocation-stats>
<gc-op id="1620" type="scavenge" timems="1.528" contextid="1617" timestamp="2019-08-11T07:39:10.493">
  <scavenger-info tenureage="2" tenuremask="4004" tiltratio="88" />
  <memory-copied type="nursery" objects="1967" bytes="48920" bytesdiscarded="63976" />
  <memory-copied type="tenure" objects="1172" bytes="28128" bytesdiscarded="0" />
</gc-op>
<gc-end id="1621" type="scavenge" contextid="1617" durationms="1.824" usertimems="1.369" systemtimems="1.406" timestamp="2019-08-11T07:39:10.493" activeThreads="16">
  <mem-info id="1622" free="4193031856" total="4203675648" percent="99">
    <mem type="nursery" free="1853184" total="2228224" percent="83">
      <mem type="allocate" free="1853184" total="1966080" percent="94" />
      <mem type="survivor" free="0" total="262144" percent="0" />
    </mem>
    <mem type="tenure" free="4191178672" total="4201447424" percent="99" macro-fragmented="0">
      <mem type="soa" free="3981107120" total="3991375872" percent="99" />
      <mem type="loa" free="210071552" total="210071552" percent="100" />
    </mem>
    <remembered-set count="317" />
  </mem-info>
</gc-end>
<cycle-end id="1623" type="scavenge" contextid="1617" timestamp="2019-08-11T07:39:10.493" />
  <attribute name="elasticGC enabled" value="1" />
  <attribute name= "numThreadsSpecified" value="16" />
  <attribute name="heapSize specified" value="8519680" />
  <attribute name="Current GC Util" value="0" />
  <attribute name= "Current Time Running" value="41331" />
  <attribute name ="GC Interval" value="200" />
  <attribute name="ProportionalT" value="-40.000000" />
  <attribute name="ProportionalI" value="-40.000000" />
  <attribute name="ProportionalH" value="-40.000000" />
  <attribute name="Current Error" value="-80.000000" />
  <attribute name="IntegralT" value="-14880.000000" />
  <attribute name="IntegralI" value="-14880.000000" />
  <attribute name="IntegralH" value="-14880.000000" />
  <attribute name="DerivativeT" value="-0.215054" />
  <attribute name="DerivativeI" value="-0.215054" />
  <attribute name="DerivativeH" value="-0.215054" />
  <attribute name="Loop Time for DT" value="372.000000" />
  <attribute name="Output H" value="4203675648"/>
  <attribute name="Output I" value="200"/>
  <attribute name="Output T" value="16"/>
  <attribute name="Target GC Util Change" value ="80.000000" />
  <attribute name="Current GC Util Change" value="0.000000"/>
  <attribute name="GC Util currently" value="0" />
  <attribute name="CPU Util currently" value="4" />
<allocation-satisfied id="1624" threadId="0000000000B9BE00" bytesRequested="24" />
<af-end id="1625" timestamp="2019-08-11T07:39:10.493" threadId="0000000000B9C788" success="true" from="nursery"/>
<exclusive-end id="1626" timestamp="2019-08-11T07:39:10.493" durationms="2.047" />

<exclusive-start id="1627" timestamp="2019-08-11T07:39:10.749" intervalms="257.331">
  <response-info timems="0.401" idlems="0.151" threads="2" lastid="0000000000B9FA00" lastname="node-0" />
</exclusive-start>
<af-start id="1628" threadId="0000000000B7E888" totalBytesRequested="16" timestamp="2019-08-11T07:39:10.749" intervalms="257.338" type="nursery" />
<cycle-start id="1629" type="scavenge" contextid="0" timestamp="2019-08-11T07:39:10.749" intervalms="257.595" />
<gc-start id="1630" type="scavenge" contextid="1629" timestamp="2019-08-11T07:39:10.749">
  <mem-info id="1631" free="4191178672" total="4203675648" percent="99">
    <mem type="nursery" free="0" total="2228224" percent="0">
      <mem type="allocate" free="0" total="1966080" percent="0" />
      <mem type="survivor" free="0" total="262144" percent="0" />
    </mem>
    <mem type="tenure" free="4191178672" total="4201447424" percent="99">
      <mem type="soa" free="3981107120" total="3991375872" percent="99" />
      <mem type="loa" free="210071552" total="210071552" percent="100" />
    </mem>
    <remembered-set count="380" />
  </mem-info>
</gc-start>
<allocation-stats totalBytes="1849104" >
  <allocated-bytes non-tlh="24" tlh="1849080" />
  <largest-consumer threadName="node-9" threadId="0000000000BC5500" bytes="93968" />
</allocation-stats>
<gc-op id="1632" type="scavenge" timems="1.047" contextid="1629" timestamp="2019-08-11T07:39:10.750">
  <scavenger-info tenureage="2" tenuremask="4004" tiltratio="88" />
  <memory-copied type="nursery" objects="1880" bytes="69088" bytesdiscarded="43808" />
  <memory-copied type="tenure" objects="826" bytes="19824" bytesdiscarded="0" />
</gc-op>
<gc-end id="1633" type="scavenge" contextid="1629" durationms="1.348" usertimems="0.359" systemtimems="1.974" timestamp="2019-08-11T07:39:10.750" activeThreads="16">
  <mem-info id="1634" free="4192999600" total="4203675648" percent="99">
    <mem type="nursery" free="1853184" total="2228224" percent="83">
      <mem type="allocate" free="1853184" total="1966080" percent="94" />
      <mem type="survivor" free="0" total="262144" percent="0" />
    </mem>
    <mem type="tenure" free="4191146416" total="4201447424" percent="99" macro-fragmented="0">
      <mem type="soa" free="3981074864" total="3991375872" percent="99" />
      <mem type="loa" free="210071552" total="210071552" percent="100" />
    </mem>
    <remembered-set count="296" />
  </mem-info>
</gc-end>
<cycle-end id="1635" type="scavenge" contextid="1629" timestamp="2019-08-11T07:39:10.752" />
  <attribute name="elasticGC enabled" value="1" />
  <attribute name= "numThreadsSpecified" value="16" />
  <attribute name="heapSize specified" value="8519680" />
  <attribute name="Current GC Util" value="0" />
  <attribute name= "Current Time Running" value="41588" />
  <attribute name ="GC Interval" value="200" />
  <attribute name="ProportionalT" value="-40.000000" />
  <attribute name="ProportionalI" value="-40.000000" />
  <attribute name="ProportionalH" value="-40.000000" />
  <attribute name="Current Error" value="-80.000000" />
  <attribute name="IntegralT" value="-10280.000000" />
  <attribute name="IntegralI" value="-10280.000000" />
  <attribute name="IntegralH" value="-10280.000000" />
  <attribute name="DerivativeT" value="-0.311284" />
  <attribute name="DerivativeI" value="-0.311284" />
  <attribute name="DerivativeH" value="-0.311284" />
  <attribute name="Loop Time for DT" value="257.000000" />
  <attribute name="Output H" value="4203675648"/>
  <attribute name="Output I" value="200"/>
  <attribute name="Output T" value="16"/>
  <attribute name="Target GC Util Change" value ="80.000000" />
  <attribute name="Current GC Util Change" value="0.000000"/>
  <attribute name="GC Util currently" value="0" />
  <attribute name="CPU Util currently" value="1" />
<allocation-satisfied id="1636" threadId="0000000000B7DF00" bytesRequested="16" />
<af-end id="1637" timestamp="2019-08-11T07:39:10.752" threadId="0000000000B7E888" success="true" from="nursery"/>
<exclusive-end id="1638" timestamp="2019-08-11T07:39:10.752" durationms="3.183" />

<exclusive-start id="1639" timestamp="2019-08-11T07:39:10.999" intervalms="250.652">
  <response-info timems="0.242" idlems="0.242" threads="0" lastid="0000000000B81B00" lastname="node-19" />
</exclusive-start>
<af-start id="1640" threadId="0000000000B82488" totalBytesRequested="32" timestamp="2019-08-11T07:39:10.999" intervalms="250.750" type="nursery" />
<cycle-start id="1641" type="scavenge" contextid="0" timestamp="2019-08-11T07:39:10.999" intervalms="250.511" />
<gc-start id="1642" type="scavenge" contextid="1641" timestamp="2019-08-11T07:39:10.999">
  <mem-info id="1643" free="4191146416" total="4203675648" percent="99">
    <mem type="nursery" free="0" total="2228224" percent="0">
      <mem type="allocate" free="0" total="1966080" percent="0" />
      <mem type="survivor" free="0" total="262144" percent="0" />
    </mem>
    <mem type="tenure" free="4191146416" total="4201447424" percent="99">
      <mem type="soa" free="3981074864" total="3991375872" percent="99" />
      <mem type="loa" free="210071552" total="210071552" percent="100" />
    </mem>
    <remembered-set count="379" />
  </mem-info>
</gc-start>
<allocation-stats totalBytes="1848440" >
  <allocated-bytes non-tlh="16" tlh="1848424" />
  <largest-consumer threadName="node-2" threadId="0000000000B7DF00" bytes="90096" />
</allocation-stats>
<gc-op id="1644" type="scavenge" timems="1.711" contextid="1641" timestamp="2019-08-11T07:39:11.001">
  <scavenger-info tenureage="2" tenuremask="4004" tiltratio="88" />
  <memory-copied type="nursery" objects="1466" bytes="34264" bytesdiscarded="46376" />
  <memory-copied type="tenure" objects="1001" bytes="24024" bytesdiscarded="720" />
</gc-op>
<gc-end id="1645" type="scavenge" contextid="1641" durationms="2.085" usertimems="0.262" systemtimems="4.448" timestamp="2019-08-11T07:39:11.002" activeThreads="16">
  <mem-info id="1646" free="4193015728" total="4203675648" percent="99">
    <mem type="nursery" free="1885440" total="2228224" percent="84">
      <mem type="allocate" free="1885440" total="1966080" percent="95" />
      <mem type="survivor" free="0" total="262144" percent="0" />
    </mem>
    <mem type="tenure" free="4191130288" total="4201447424" percent="99" macro-fragmented="0">
      <mem type="soa" free="3981058736" total="3991375872" percent="99" />
      <mem type="loa" free="210071552" total="210071552" percent="100" />
    </mem>
    <remembered-set count="290" />
  </mem-info>
</gc-end>
<cycle-end id="1647" type="scavenge" contextid="1641" timestamp="2019-08-11T07:39:11.002" />
  <attribute name="elasticGC enabled" value="1" />
  <attribute name= "numThreadsSpecified" value="16" />
  <attribute name="heapSize specified" value="8519680" />
  <attribute name="Current GC Util" value="0" />
  <attribute name= "Current Time Running" value="41839" />
  <attribute name ="GC Interval" value="200" />
  <attribute name="ProportionalT" value="-40.000000" />
  <attribute name="ProportionalI" value="-40.000000" />
  <attribute name="ProportionalH" value="-40.000000" />
  <attribute name="Current Error" value="-80.000000" />
  <attribute name="IntegralT" value="-10040.000000" />
  <attribute name="IntegralI" value="-10040.000000" />
  <attribute name="IntegralH" value="-10040.000000" />
  <attribute name="DerivativeT" value="-0.318725" />
  <attribute name="DerivativeI" value="-0.318725" />
  <attribute name="DerivativeH" value="-0.318725" />
  <attribute name="Loop Time for DT" value="251.000000" />
  <attribute name="Output H" value="4203675648"/>
  <attribute name="Output I" value="200"/>
  <attribute name="Output T" value="16"/>
  <attribute name="Target GC Util Change" value ="80.000000" />
  <attribute name="Current GC Util Change" value="0.000000"/>
  <attribute name="GC Util currently" value="0" />
  <attribute name="CPU Util currently" value="4602347523" />
<allocation-satisfied id="1648" threadId="0000000000B81B00" bytesRequested="32" />
<af-end id="1649" timestamp="2019-08-11T07:39:11.002" threadId="0000000000B82488" success="true" from="nursery"/>
<exclusive-end id="1650" timestamp="2019-08-11T07:39:11.002" durationms="2.411" />

<exclusive-start id="1651" timestamp="2019-08-11T07:39:11.341" intervalms="341.447">
  <response-info timems="5.214" idlems="5.214" threads="0" lastid="0000000000B6B300" lastname="node-1" />
</exclusive-start>
<af-start id="1652" threadId="0000000000B6BC88" totalBytesRequested="24" timestamp="2019-08-11T07:39:11.341" intervalms="341.378" type="nursery" />
<cycle-start id="1653" type="scavenge" contextid="0" timestamp="2019-08-11T07:39:11.341" intervalms="341.358" />
<gc-start id="1654" type="scavenge" contextid="1653" timestamp="2019-08-11T07:39:11.341">
  <mem-info id="1655" free="4191130288" total="4203675648" percent="99">
    <mem type="nursery" free="0" total="2228224" percent="0">
      <mem type="allocate" free="0" total="1966080" percent="0" />
      <mem type="survivor" free="0" total="262144" percent="0" />
    </mem>
    <mem type="tenure" free="4191130288" total="4201447424" percent="99">
      <mem type="soa" free="3981058736" total="3991375872" percent="99" />
      <mem type="loa" free="210071552" total="210071552" percent="100" />
    </mem>
    <remembered-set count="382" />
  </mem-info>
</gc-start>
<allocation-stats totalBytes="1877432" >
  <allocated-bytes non-tlh="32" tlh="1877400" />
  <largest-consumer threadName="node-8" threadId="0000000000B76700" bytes="90104" />
</allocation-stats>
<gc-op id="1656" type="scavenge" timems="2.223" contextid="1653" timestamp="2019-08-11T07:39:11.343">
  <scavenger-info tenureage="2" tenuremask="4004" tiltratio="88" />
  <memory-copied type="nursery" objects="1726" bytes="43136" bytesdiscarded="69760" />
  <memory-copied type="tenure" objects="693" bytes="16632" bytesdiscarded="0" />
</gc-op>
<gc-end id="1657" type="scavenge" contextid="1653" durationms="2.511" usertimems="6.361" systemtimems="2.176" timestamp="2019-08-11T07:39:11.343" activeThreads="16">
  <mem-info id="1658" free="4192967344" total="4203675648" percent="99">
    <mem type="nursery" free="1853184" total="2228224" percent="83">
      <mem type="allocate" free="1853184" total="1966080" percent="94" />
      <mem type="survivor" free="0" total="262144" percent="0" />
    </mem>
    <mem type="tenure" free="4191114160" total="4201447424" percent="99" macro-fragmented="0">
      <mem type="soa" free="3981042608" total="3991375872" percent="99" />
      <mem type="loa" free="210071552" total="210071552" percent="100" />
    </mem>
    <remembered-set count="313" />
  </mem-info>
</gc-end>
<cycle-end id="1659" type="scavenge" contextid="1653" timestamp="2019-08-11T07:39:11.343" />
  <attribute name="elasticGC enabled" value="1" />
  <attribute name= "numThreadsSpecified" value="16" />
  <attribute name="heapSize specified" value="8519680" />
  <attribute name="Current GC Util" value="1" />
  <attribute name= "Current Time Running" value="42180" />
  <attribute name ="GC Interval" value="200" />
  <attribute name="ProportionalT" value="-39.500000" />
  <attribute name="ProportionalI" value="-39.500000" />
  <attribute name="ProportionalH" value="-39.500000" />
  <attribute name="Current Error" value="-79.000000" />
  <attribute name="IntegralT" value="-13469.500000" />
  <attribute name="IntegralI" value="-13469.500000" />
  <attribute name="IntegralH" value="-13469.500000" />
  <attribute name="DerivativeT" value="-0.231672" />
  <attribute name="DerivativeI" value="-0.231672" />
  <attribute name="DerivativeH" value="-0.231672" />
  <attribute name="Loop Time for DT" value="341.000000" />
  <attribute name="Output H" value="4203675648"/>
  <attribute name="Output I" value="200"/>
  <attribute name="Output T" value="16"/>
  <attribute name="Target GC Util Change" value ="80.000000" />
  <attribute name="Current GC Util Change" value="1.000000"/>
  <attribute name="GC Util currently" value="1" />
  <attribute name="CPU Util currently" value="4" />
<allocation-satisfied id="1660" threadId="0000000000B6B300" bytesRequested="24" />
<af-end id="1661" timestamp="2019-08-11T07:39:11.343" threadId="0000000000B6BC88" success="true" from="nursery"/>
<exclusive-end id="1662" timestamp="2019-08-11T07:39:11.343" durationms="2.738" />

<exclusive-start id="1663" timestamp="2019-08-11T07:39:11.695" intervalms="354.210">
  <response-info timems="0.122" idlems="0.064" threads="1" lastid="0000000000BC5500" lastname="node-9" />
</exclusive-start>
<af-start id="1664" threadId="0000000000BC9A88" totalBytesRequested="720" timestamp="2019-08-11T07:39:11.695" intervalms="354.207" type="nursery" />
<cycle-start id="1665" type="scavenge" contextid="0" timestamp="2019-08-11T07:39:11.695" intervalms="354.231" />
<gc-start id="1666" type="scavenge" contextid="1665" timestamp="2019-08-11T07:39:11.695">
  <mem-info id="1667" free="4191114160" total="4203675648" percent="99">
    <mem type="nursery" free="0" total="2228224" percent="0">
      <mem type="allocate" free="0" total="1966080" percent="0" />
      <mem type="survivor" free="0" total="262144" percent="0" />
    </mem>
    <mem type="tenure" free="4191114160" total="4201447424" percent="99">
      <mem type="soa" free="3981042608" total="3991375872" percent="99" />
      <mem type="loa" free="210071552" total="210071552" percent="100" />
    </mem>
    <remembered-set count="374" />
  </mem-info>
</gc-start>
<allocation-stats totalBytes="1850888" >
  <allocated-bytes non-tlh="24" tlh="1850864" />
  <largest-consumer threadName="node-9" threadId="0000000000BC5500" bytes="90104" />
</allocation-stats>
<gc-op id="1668" type="scavenge" timems="1.262" contextid="1665" timestamp="2019-08-11T07:39:11.696">
  <scavenger-info tenureage="2" tenuremask="4004" tiltratio="88" />
  <memory-copied type="nursery" objects="2323" bytes="69864" bytesdiscarded="43032" />
  <memory-copied type="tenure" objects="658" bytes="15792" bytesdiscarded="0" />
</gc-op>
<gc-end id="1669" type="scavenge" contextid="1665" durationms="1.716" usertimems="1.766" systemtimems="0.801" timestamp="2019-08-11T07:39:11.697" activeThreads="16">
  <mem-info id="1670" free="4192951216" total="4203675648" percent="99">
    <mem type="nursery" free="1853184" total="2228224" percent="83">
      <mem type="allocate" free="1853184" total="1966080" percent="94" />
      <mem type="survivor" free="0" total="262144" percent="0" />
    </mem>
    <mem type="tenure" free="4191098032" total="4201447424" percent="99" macro-fragmented="0">
      <mem type="soa" free="3981026480" total="3991375872" percent="99" />
      <mem type="loa" free="210071552" total="210071552" percent="100" />
    </mem>
    <remembered-set count="296" />
  </mem-info>
</gc-end>
<cycle-end id="1671" type="scavenge" contextid="1665" timestamp="2019-08-11T07:39:11.697" />
  <attribute name="elasticGC enabled" value="1" />
  <attribute name= "numThreadsSpecified" value="16" />
  <attribute name="heapSize specified" value="8519680" />
  <attribute name="Current GC Util" value="0" />
  <attribute name= "Current Time Running" value="42534" />
  <attribute name ="GC Interval" value="200" />
  <attribute name="ProportionalT" value="-40.000000" />
  <attribute name="ProportionalI" value="-40.000000" />
  <attribute name="ProportionalH" value="-40.000000" />
  <attribute name="Current Error" value="-80.000000" />
  <attribute name="IntegralT" value="-14160.000000" />
  <attribute name="IntegralI" value="-14160.000000" />
  <attribute name="IntegralH" value="-14160.000000" />
  <attribute name="DerivativeT" value="-0.225989" />
  <attribute name="DerivativeI" value="-0.225989" />
  <attribute name="DerivativeH" value="-0.225989" />
  <attribute name="Loop Time for DT" value="354.000000" />
  <attribute name="Output H" value="4203675648"/>
  <attribute name="Output I" value="200"/>
  <attribute name="Output T" value="16"/>
  <attribute name="Target GC Util Change" value ="80.000000" />
  <attribute name="Current GC Util Change" value="0.000000"/>
  <attribute name="GC Util currently" value="0" />
  <attribute name="CPU Util currently" value="4" />
<allocation-satisfied id="1672" threadId="0000000000BC9100" bytesRequested="720" />
<af-end id="1673" timestamp="2019-08-11T07:39:11.697" threadId="0000000000BC9A88" success="true" from="nursery"/>
<exclusive-end id="1674" timestamp="2019-08-11T07:39:11.697" durationms="2.114" />

<exclusive-start id="1675" timestamp="2019-08-11T07:39:12.025" intervalms="330.251">
  <response-info timems="0.506" idlems="0.263" threads="1" lastid="0000000000BC1900" lastname="node-15" />
</exclusive-start>
<af-start id="1676" threadId="0000000000BC9A88" totalBytesRequested="720" timestamp="2019-08-11T07:39:12.025" intervalms="330.213" type="nursery" />
<cycle-start id="1677" type="scavenge" contextid="0" timestamp="2019-08-11T07:39:12.025" intervalms="330.188" />
<gc-start id="1678" type="scavenge" contextid="1677" timestamp="2019-08-11T07:39:12.025">
  <mem-info id="1679" free="4191098032" total="4203675648" percent="99">
    <mem type="nursery" free="0" total="2228224" percent="0">
      <mem type="allocate" free="0" total="1966080" percent="0" />
      <mem type="survivor" free="0" total="262144" percent="0" />
    </mem>
    <mem type="tenure" free="4191098032" total="4201447424" percent="99">
      <mem type="soa" free="3981026480" total="3991375872" percent="99" />
      <mem type="loa" free="210071552" total="210071552" percent="100" />
    </mem>
    <remembered-set count="383" />
  </mem-info>
</gc-start>
<allocation-stats totalBytes="1845792" >
  <allocated-bytes non-tlh="720" tlh="1845072" />
  <largest-consumer threadName="node-23" threadId="0000000000B90A00" bytes="90112" />
</allocation-stats>
<gc-op id="1680" type="scavenge" timems="1.032" contextid="1677" timestamp="2019-08-11T07:39:12.026">
  <scavenger-info tenureage="2" tenuremask="4004" tiltratio="88" />
  <memory-copied type="nursery" objects="2336" bytes="67504" bytesdiscarded="61520" />
  <memory-copied type="tenure" objects="927" bytes="22248" bytesdiscarded="0" />
</gc-op>
<gc-end id="1681" type="scavenge" contextid="1677" durationms="1.126" usertimems="1.572" systemtimems="0.448" timestamp="2019-08-11T07:39:12.026" activeThreads="16">
  <mem-info id="1682" free="4192902832" total="4203675648" percent="99">
    <mem type="nursery" free="1837056" total="2228224" percent="82">
      <mem type="allocate" free="1837056" total="1966080" percent="93" />
      <mem type="survivor" free="0" total="262144" percent="0" />
    </mem>
    <mem type="tenure" free="4191065776" total="4201447424" percent="99" macro-fragmented="0">
      <mem type="soa" free="3980994224" total="3991375872" percent="99" />
      <mem type="loa" free="210071552" total="210071552" percent="100" />
    </mem>
    <remembered-set count="297" />
  </mem-info>
</gc-end>
<cycle-end id="1683" type="scavenge" contextid="1677" timestamp="2019-08-11T07:39:12.026" />
  <attribute name="elasticGC enabled" value="1" />
  <attribute name= "numThreadsSpecified" value="16" />
  <attribute name="heapSize specified" value="8519680" />
  <attribute name="Current GC Util" value="0" />
  <attribute name= "Current Time Running" value="42864" />
  <attribute name ="GC Interval" value="200" />
  <attribute name="ProportionalT" value="-40.000000" />
  <attribute name="ProportionalI" value="-40.000000" />
  <attribute name="ProportionalH" value="-40.000000" />
  <attribute name="Current Error" value="-80.000000" />
  <attribute name="IntegralT" value="-13200.000000" />
  <attribute name="IntegralI" value="-13200.000000" />
  <attribute name="IntegralH" value="-13200.000000" />
  <attribute name="DerivativeT" value="-0.242424" />
  <attribute name="DerivativeI" value="-0.242424" />
  <attribute name="DerivativeH" value="-0.242424" />
  <attribute name="Loop Time for DT" value="330.000000" />
  <attribute name="Output H" value="4203675648"/>
  <attribute name="Output I" value="200"/>
  <attribute name="Output T" value="16"/>
  <attribute name="Target GC Util Change" value ="80.000000" />
  <attribute name="Current GC Util Change" value="0.000000"/>
  <attribute name="GC Util currently" value="0" />
  <attribute name="CPU Util currently" value="2" />
<allocation-satisfied id="1684" threadId="0000000000BC9100" bytesRequested="720" />
<af-end id="1685" timestamp="2019-08-11T07:39:12.026" threadId="0000000000BC9A88" success="true" from="nursery"/>
<exclusive-end id="1686" timestamp="2019-08-11T07:39:12.026" durationms="1.326" />

<exclusive-start id="1687" timestamp="2019-08-11T07:39:12.401" intervalms="376.297">
  <response-info timems="0.442" idlems="0.223" threads="1" lastid="0000000000BB6100" lastname="node-10" />
</exclusive-start>
<af-start id="1688" threadId="0000000000B6BC88" totalBytesRequested="16" timestamp="2019-08-11T07:39:12.401" intervalms="376.296" type="nursery" />
<cycle-start id="1689" type="scavenge" contextid="0" timestamp="2019-08-11T07:39:12.401" intervalms="376.296" />
<gc-start id="1690" type="scavenge" contextid="1689" timestamp="2019-08-11T07:39:12.402">
  <mem-info id="1691" free="4191065776" total="4203675648" percent="99">
    <mem type="nursery" free="0" total="2228224" percent="0">
      <mem type="allocate" free="0" total="1966080" percent="0" />
      <mem type="survivor" free="0" total="262144" percent="0" />
    </mem>
    <mem type="tenure" free="4191065776" total="4201447424" percent="99">
      <mem type="soa" free="3980994224" total="3991375872" percent="99" />
      <mem type="loa" free="210071552" total="210071552" percent="100" />
    </mem>
    <remembered-set count="382" />
  </mem-info>
</gc-start>
<allocation-stats totalBytes="1835552" >
  <allocated-bytes non-tlh="720" tlh="1834832" />
  <largest-consumer threadName="node-10" threadId="0000000000BB6100" bytes="90104" />
</allocation-stats>
<gc-op id="1692" type="scavenge" timems="1.683" contextid="1689" timestamp="2019-08-11T07:39:12.403">
  <scavenger-info tenureage="2" tenuremask="4004" tiltratio="88" />
  <memory-copied type="nursery" objects="2143" bytes="63560" bytesdiscarded="65464" />
  <memory-copied type="tenure" objects="1217" bytes="29208" bytesdiscarded="0" />
</gc-op>
<gc-end id="1693" type="scavenge" contextid="1689" durationms="1.778" usertimems="1.537" systemtimems="1.711" timestamp="2019-08-11T07:39:12.403" activeThreads="16">
  <mem-info id="1694" free="4192870576" total="4203675648" percent="99">
    <mem type="nursery" free="1837056" total="2228224" percent="82">
      <mem type="allocate" free="1837056" total="1966080" percent="93" />
      <mem type="survivor" free="0" total="262144" percent="0" />
    </mem>
    <mem type="tenure" free="4191033520" total="4201447424" percent="99" macro-fragmented="0">
      <mem type="soa" free="3980961968" total="3991375872" percent="99" />
      <mem type="loa" free="210071552" total="210071552" percent="100" />
    </mem>
    <remembered-set count="297" />
  </mem-info>
</gc-end>
<cycle-end id="1695" type="scavenge" contextid="1689" timestamp="2019-08-11T07:39:12.403" />
  <attribute name="elasticGC enabled" value="1" />
  <attribute name= "numThreadsSpecified" value="16" />
  <attribute name="heapSize specified" value="8519680" />
  <attribute name="Current GC Util" value="0" />
  <attribute name= "Current Time Running" value="43241" />
  <attribute name ="GC Interval" value="200" />
  <attribute name="ProportionalT" value="-40.000000" />
  <attribute name="ProportionalI" value="-40.000000" />
  <attribute name="ProportionalH" value="-40.000000" />
  <attribute name="Current Error" value="-80.000000" />
  <attribute name="IntegralT" value="-15080.000000" />
  <attribute name="IntegralI" value="-15080.000000" />
  <attribute name="IntegralH" value="-15080.000000" />
  <attribute name="DerivativeT" value="-0.212202" />
  <attribute name="DerivativeI" value="-0.212202" />
  <attribute name="DerivativeH" value="-0.212202" />
  <attribute name="Loop Time for DT" value="377.000000" />
  <attribute name="Output H" value="4203675648"/>
  <attribute name="Output I" value="200"/>
  <attribute name="Output T" value="16"/>
  <attribute name="Target GC Util Change" value ="80.000000" />
  <attribute name="Current GC Util Change" value="0.000000"/>
  <attribute name="GC Util currently" value="0" />
  <attribute name="CPU Util currently" value="3" />
<allocation-satisfied id="1696" threadId="0000000000B6B300" bytesRequested="16" />
<af-end id="1697" timestamp="2019-08-11T07:39:12.403" threadId="0000000000B6BC88" success="true" from="nursery"/>
<exclusive-end id="1698" timestamp="2019-08-11T07:39:12.403" durationms="1.974" />

<exclusive-start id="1699" timestamp="2019-08-11T07:39:12.824" intervalms="423.059">
  <response-info timems="0.241" idlems="0.241" threads="0" lastid="0000000000BBDD00" lastname="node-25" />
</exclusive-start>
<af-start id="1700" threadId="0000000000BBE688" totalBytesRequested="32" timestamp="2019-08-11T07:39:12.825" intervalms="423.065" type="nursery" />
<cycle-start id="1701" type="scavenge" contextid="0" timestamp="2019-08-11T07:39:12.825" intervalms="423.067" />
<gc-start id="1702" type="scavenge" contextid="1701" timestamp="2019-08-11T07:39:12.825">
  <mem-info id="1703" free="4191033520" total="4203675648" percent="99">
    <mem type="nursery" free="0" total="2228224" percent="0">
      <mem type="allocate" free="0" total="1966080" percent="0" />
      <mem type="survivor" free="0" total="262144" percent="0" />
    </mem>
    <mem type="tenure" free="4191033520" total="4201447424" percent="99">
      <mem type="soa" free="3980961968" total="3991375872" percent="99" />
      <mem type="loa" free="210071552" total="210071552" percent="100" />
    </mem>
    <remembered-set count="383" />
  </mem-info>
</gc-start>
<allocation-stats totalBytes="1836040" >
  <allocated-bytes non-tlh="16" tlh="1836024" />
  <largest-consumer threadName="node-14" threadId="0000000000BC9100" bytes="90104" />
</allocation-stats>
<gc-op id="1704" type="scavenge" timems="1.547" contextid="1701" timestamp="2019-08-11T07:39:12.826">
  <scavenger-info tenureage="2" tenuremask="4004" tiltratio="88" />
  <memory-copied type="nursery" objects="2462" bytes="58168" bytesdiscarded="38600" />
  <memory-copied type="tenure" objects="947" bytes="22728" bytesdiscarded="0" />
</gc-op>
<gc-end id="1705" type="scavenge" contextid="1701" durationms="1.673" usertimems="0.875" systemtimems="2.925" timestamp="2019-08-11T07:39:12.826" activeThreads="16">
  <mem-info id="1706" free="4192886704" total="4203675648" percent="99">
    <mem type="nursery" free="1869312" total="2228224" percent="83">
      <mem type="allocate" free="1869312" total="1966080" percent="95" />
      <mem type="survivor" free="0" total="262144" percent="0" />
    </mem>
    <mem type="tenure" free="4191017392" total="4201447424" percent="99" macro-fragmented="0">
      <mem type="soa" free="3980945840" total="3991375872" percent="99" />
      <mem type="loa" free="210071552" total="210071552" percent="100" />
    </mem>
    <remembered-set count="293" />
  </mem-info>
</gc-end>
<cycle-end id="1707" type="scavenge" contextid="1701" timestamp="2019-08-11T07:39:12.826" />
  <attribute name="elasticGC enabled" value="1" />
  <attribute name= "numThreadsSpecified" value="16" />
  <attribute name="heapSize specified" value="8519680" />
  <attribute name="Current GC Util" value="0" />
  <attribute name= "Current Time Running" value="43664" />
  <attribute name ="GC Interval" value="200" />
  <attribute name="ProportionalT" value="-40.000000" />
  <attribute name="ProportionalI" value="-40.000000" />
  <attribute name="ProportionalH" value="-40.000000" />
  <attribute name="Current Error" value="-80.000000" />
  <attribute name="IntegralT" value="-16920.000000" />
  <attribute name="IntegralI" value="-16920.000000" />
  <attribute name="IntegralH" value="-16920.000000" />
  <attribute name="DerivativeT" value="-0.189125" />
  <attribute name="DerivativeI" value="-0.189125" />
  <attribute name="DerivativeH" value="-0.189125" />
  <attribute name="Loop Time for DT" value="423.000000" />
  <attribute name="Output H" value="4203675648"/>
  <attribute name="Output I" value="200"/>
  <attribute name="Output T" value="16"/>
  <attribute name="Target GC Util Change" value ="80.000000" />
  <attribute name="Current GC Util Change" value="0.000000"/>
  <attribute name="GC Util currently" value="0" />
  <attribute name="CPU Util currently" value="5" />
<allocation-satisfied id="1708" threadId="0000000000BBDD00" bytesRequested="32" />
<af-end id="1709" timestamp="2019-08-11T07:39:12.826" threadId="0000000000BBE688" success="true" from="nursery"/>
<exclusive-end id="1710" timestamp="2019-08-11T07:39:12.826" durationms="1.949" />

<exclusive-start id="1711" timestamp="2019-08-11T07:39:13.335" intervalms="510.660">
  <response-info timems="0.084" idlems="0.084" threads="0" lastid="0000000000B94600" lastname="node-3" />
</exclusive-start>
<af-start id="1712" threadId="0000000000B94F88" totalBytesRequested="32" timestamp="2019-08-11T07:39:13.335" intervalms="510.655" type="nursery" />
<cycle-start id="1713" type="scavenge" contextid="0" timestamp="2019-08-11T07:39:13.335" intervalms="510.654" />
<gc-start id="1714" type="scavenge" contextid="1713" timestamp="2019-08-11T07:39:13.335">
  <mem-info id="1715" free="4191017392" total="4203675648" percent="99">
    <mem type="nursery" free="0" total="2228224" percent="0">
      <mem type="allocate" free="0" total="1966080" percent="0" />
      <mem type="survivor" free="0" total="262144" percent="0" />
    </mem>
    <mem type="tenure" free="4191017392" total="4201447424" percent="99">
      <mem type="soa" free="3980945840" total="3991375872" percent="99" />
      <mem type="loa" free="210071552" total="210071552" percent="100" />
    </mem>
    <remembered-set count="385" />
  </mem-info>
</gc-start>
<allocation-stats totalBytes="1868288" >
  <allocated-bytes non-tlh="32" tlh="1868256" />
  <largest-consumer threadName="node-13" threadId="0000000000B8CE00" bytes="90112" />
</allocation-stats>
<gc-op id="1716" type="scavenge" timems="1.341" contextid="1713" timestamp="2019-08-11T07:39:13.337">
  <scavenger-info tenureage="2" tenuremask="4004" tiltratio="88" />
  <memory-copied type="nursery" objects="2832" bytes="67048" bytesdiscarded="61976" />
  <memory-copied type="tenure" objects="1022" bytes="24528" bytesdiscarded="0" />
</gc-op>
<gc-end id="1717" type="scavenge" contextid="1713" durationms="1.624" usertimems="3.890" systemtimems="0.000" timestamp="2019-08-11T07:39:13.337" activeThreads="16">
  <mem-info id="1718" free="4192822192" total="4203675648" percent="99">
    <mem type="nursery" free="1837056" total="2228224" percent="82">
      <mem type="allocate" free="1837056" total="1966080" percent="93" />
      <mem type="survivor" free="0" total="262144" percent="0" />
    </mem>
    <mem type="tenure" free="4190985136" total="4201447424" percent="99" macro-fragmented="0">
      <mem type="soa" free="3980913584" total="3991375872" percent="99" />
      <mem type="loa" free="210071552" total="210071552" percent="100" />
    </mem>
    <remembered-set count="297" />
  </mem-info>
</gc-end>
<cycle-end id="1719" type="scavenge" contextid="1713" timestamp="2019-08-11T07:39:13.337" />
  <attribute name="elasticGC enabled" value="1" />
  <attribute name= "numThreadsSpecified" value="16" />
  <attribute name="heapSize specified" value="8519680" />
  <attribute name="Current GC Util" value="0" />
  <attribute name= "Current Time Running" value="44174" />
  <attribute name ="GC Interval" value="200" />
  <attribute name="ProportionalT" value="-40.000000" />
  <attribute name="ProportionalI" value="-40.000000" />
  <attribute name="ProportionalH" value="-40.000000" />
  <attribute name="Current Error" value="-80.000000" />
  <attribute name="IntegralT" value="-20400.000000" />
  <attribute name="IntegralI" value="-20400.000000" />
  <attribute name="IntegralH" value="-20400.000000" />
  <attribute name="DerivativeT" value="-0.156863" />
  <attribute name="DerivativeI" value="-0.156863" />
  <attribute name="DerivativeH" value="-0.156863" />
  <attribute name="Loop Time for DT" value="510.000000" />
  <attribute name="Output H" value="4203675648"/>
  <attribute name="Output I" value="200"/>
  <attribute name="Output T" value="16"/>
  <attribute name="Target GC Util Change" value ="80.000000" />
  <attribute name="Current GC Util Change" value="0.000000"/>
  <attribute name="GC Util currently" value="0" />
  <attribute name="CPU Util currently" value="6" />
<allocation-satisfied id="1720" threadId="0000000000B94600" bytesRequested="32" />
<af-end id="1721" timestamp="2019-08-11T07:39:13.337" threadId="0000000000B94F88" success="true" from="nursery"/>
<exclusive-end id="1722" timestamp="2019-08-11T07:39:13.337" durationms="1.833" />

<exclusive-start id="1723" timestamp="2019-08-11T07:39:13.629" intervalms="293.592">
  <response-info timems="0.170" idlems="0.170" threads="0" lastid="0000000000B7DF00" lastname="node-2" />
</exclusive-start>
<af-start id="1724" threadId="0000000000B7E888" totalBytesRequested="32" timestamp="2019-08-11T07:39:13.629" intervalms="293.645" type="nursery" />
<cycle-start id="1725" type="scavenge" contextid="0" timestamp="2019-08-11T07:39:13.629" intervalms="293.652" />
<gc-start id="1726" type="scavenge" contextid="1725" timestamp="2019-08-11T07:39:13.629">
  <mem-info id="1727" free="4190985136" total="4203675648" percent="99">
    <mem type="nursery" free="0" total="2228224" percent="0">
      <mem type="allocate" free="0" total="1966080" percent="0" />
      <mem type="survivor" free="0" total="262144" percent="0" />
    </mem>
    <mem type="tenure" free="4190985136" total="4201447424" percent="99">
      <mem type="soa" free="3980913584" total="3991375872" percent="99" />
      <mem type="loa" free="210071552" total="210071552" percent="100" />
    </mem>
    <remembered-set count="385" />
  </mem-info>
</gc-start>
<allocation-stats totalBytes="1833704" >
  <allocated-bytes non-tlh="32" tlh="1833672" />
  <largest-consumer threadName="node-14" threadId="0000000000BC9100" bytes="90112" />
</allocation-stats>
<gc-op id="1728" type="scavenge" timems="1.015" contextid="1725" timestamp="2019-08-11T07:39:13.630">
  <scavenger-info tenureage="2" tenuremask="4004" tiltratio="88" />
  <memory-copied type="nursery" objects="2337" bytes="57856" bytesdiscarded="71168" />
  <memory-copied type="tenure" objects="1325" bytes="31800" bytesdiscarded="0" />
</gc-op>
<gc-end id="1729" type="scavenge" contextid="1725" durationms="1.113" usertimems="1.616" systemtimems="1.857" timestamp="2019-08-11T07:39:13.630" activeThreads="16">
  <mem-info id="1730" free="4192789936" total="4203675648" percent="99">
    <mem type="nursery" free="1837056" total="2228224" percent="82">
      <mem type="allocate" free="1837056" total="1966080" percent="93" />
      <mem type="survivor" free="0" total="262144" percent="0" />
    </mem>
    <mem type="tenure" free="4190952880" total="4201447424" percent="99" macro-fragmented="0">
      <mem type="soa" free="3980881328" total="3991375872" percent="99" />
      <mem type="loa" free="210071552" total="210071552" percent="100" />
    </mem>
    <remembered-set count="317" />
  </mem-info>
</gc-end>
<cycle-end id="1731" type="scavenge" contextid="1725" timestamp="2019-08-11T07:39:13.630" />
  <attribute name="elasticGC enabled" value="1" />
  <attribute name= "numThreadsSpecified" value="16" />
  <attribute name="heapSize specified" value="8519680" />
  <attribute name="Current GC Util" value="1" />
  <attribute name= "Current Time Running" value="44468" />
  <attribute name ="GC Interval" value="200" />
  <attribute name="ProportionalT" value="-39.500000" />
  <attribute name="ProportionalI" value="-39.500000" />
  <attribute name="ProportionalH" value="-39.500000" />
  <attribute name="Current Error" value="-79.000000" />
  <attribute name="IntegralT" value="-11613.000000" />
  <attribute name="IntegralI" value="-11613.000000" />
  <attribute name="IntegralH" value="-11613.000000" />
  <attribute name="DerivativeT" value="-0.268707" />
  <attribute name="DerivativeI" value="-0.268707" />
  <attribute name="DerivativeH" value="-0.268707" />
  <attribute name="Loop Time for DT" value="294.000000" />
  <attribute name="Output H" value="4203675648"/>
  <attribute name="Output I" value="200"/>
  <attribute name="Output T" value="16"/>
  <attribute name="Target GC Util Change" value ="80.000000" />
  <attribute name="Current GC Util Change" value="1.000000"/>
  <attribute name="GC Util currently" value="1" />
  <attribute name="CPU Util currently" value="2" />
<allocation-satisfied id="1732" threadId="0000000000B7DF00" bytesRequested="32" />
<af-end id="1733" timestamp="2019-08-11T07:39:13.630" threadId="0000000000B7E888" success="true" from="nursery"/>
<exclusive-end id="1734" timestamp="2019-08-11T07:39:13.630" durationms="1.399" />

<exclusive-start id="1735" timestamp="2019-08-11T07:39:13.929" intervalms="300.383">
  <response-info timems="0.030" idlems="0.030" threads="0" lastid="0000000000BB6100" lastname="node-10" />
</exclusive-start>
<af-start id="1736" threadId="0000000000BB6A88" totalBytesRequested="32" timestamp="2019-08-11T07:39:13.929" intervalms="300.324" type="nursery" />
<cycle-start id="1737" type="scavenge" contextid="0" timestamp="2019-08-11T07:39:13.929" intervalms="300.317" />
<gc-start id="1738" type="scavenge" contextid="1737" timestamp="2019-08-11T07:39:13.929">
  <mem-info id="1739" free="4190952880" total="4203675648" percent="99">
    <mem type="nursery" free="0" total="2228224" percent="0">
      <mem type="allocate" free="0" total="1966080" percent="0" />
      <mem type="survivor" free="0" total="262144" percent="0" />
    </mem>
    <mem type="tenure" free="4190952880" total="4201447424" percent="99">
      <mem type="soa" free="3980881328" total="3991375872" percent="99" />
      <mem type="loa" free="210071552" total="210071552" percent="100" />
    </mem>
    <remembered-set count="380" />
  </mem-info>
</gc-start>
<allocation-stats totalBytes="1833408" >
  <allocated-bytes non-tlh="32" tlh="1833376" />
  <largest-consumer threadName="node-14" threadId="0000000000BC9100" bytes="90104" />
</allocation-stats>
<gc-op id="1740" type="scavenge" timems="0.957" contextid="1737" timestamp="2019-08-11T07:39:13.930">
  <scavenger-info tenureage="2" tenuremask="4004" tiltratio="88" />
  <memory-copied type="nursery" objects="1821" bytes="42784" bytesdiscarded="21728" />
  <memory-copied type="tenure" objects="1392" bytes="33408" bytesdiscarded="0" />
</gc-op>
<gc-end id="1741" type="scavenge" contextid="1737" durationms="1.226" usertimems="2.808" systemtimems="1.609" timestamp="2019-08-11T07:39:13.930" activeThreads="16">
  <mem-info id="1742" free="4192822192" total="4203675648" percent="99">
    <mem type="nursery" free="1901568" total="2228224" percent="85">
      <mem type="allocate" free="1901568" total="1966080" percent="96" />
      <mem type="survivor" free="0" total="262144" percent="0" />
    </mem>
    <mem type="tenure" free="4190920624" total="4201447424" percent="99" macro-fragmented="0">
      <mem type="soa" free="3980849072" total="3991375872" percent="99" />
      <mem type="loa" free="210071552" total="210071552" percent="100" />
    </mem>
    <remembered-set count="290" />
  </mem-info>
</gc-end>
<cycle-end id="1743" type="scavenge" contextid="1737" timestamp="2019-08-11T07:39:13.930" />
  <attribute name="elasticGC enabled" value="1" />
  <attribute name= "numThreadsSpecified" value="16" />
  <attribute name="heapSize specified" value="8519680" />
  <attribute name="Current GC Util" value="0" />
  <attribute name= "Current Time Running" value="44768" />
  <attribute name ="GC Interval" value="200" />
  <attribute name="ProportionalT" value="-40.000000" />
  <attribute name="ProportionalI" value="-40.000000" />
  <attribute name="ProportionalH" value="-40.000000" />
  <attribute name="Current Error" value="-80.000000" />
  <attribute name="IntegralT" value="-12000.000000" />
  <attribute name="IntegralI" value="-12000.000000" />
  <attribute name="IntegralH" value="-12000.000000" />
  <attribute name="DerivativeT" value="-0.266667" />
  <attribute name="DerivativeI" value="-0.266667" />
  <attribute name="DerivativeH" value="-0.266667" />
  <attribute name="Loop Time for DT" value="300.000000" />
  <attribute name="Output H" value="4203675648"/>
  <attribute name="Output I" value="200"/>
  <attribute name="Output T" value="16"/>
  <attribute name="Target GC Util Change" value ="80.000000" />
  <attribute name="Current GC Util Change" value="0.000000"/>
  <attribute name="GC Util currently" value="0" />
  <attribute name="CPU Util currently" value="2" />
<allocation-satisfied id="1744" threadId="0000000000BB6100" bytesRequested="32" />
<af-end id="1745" timestamp="2019-08-11T07:39:13.931" threadId="0000000000BB6A88" success="true" from="nursery"/>
<exclusive-end id="1746" timestamp="2019-08-11T07:39:13.931" durationms="1.408" />

<exclusive-start id="1747" timestamp="2019-08-11T07:39:14.221" intervalms="292.242">
  <response-info timems="0.145" idlems="0.145" threads="0" lastid="0000000000B72B00" lastname="node-12" />
</exclusive-start>
<af-start id="1748" threadId="0000000000B73488" totalBytesRequested="32" timestamp="2019-08-11T07:39:14.221" intervalms="292.261" type="nursery" />
<cycle-start id="1749" type="scavenge" contextid="0" timestamp="2019-08-11T07:39:14.221" intervalms="292.264" />
<gc-start id="1750" type="scavenge" contextid="1749" timestamp="2019-08-11T07:39:14.221">
  <mem-info id="1751" free="4190920624" total="4203675648" percent="99">
    <mem type="nursery" free="0" total="2228224" percent="0">
      <mem type="allocate" free="0" total="1966080" percent="0" />
      <mem type="survivor" free="0" total="262144" percent="0" />
    </mem>
    <mem type="tenure" free="4190920624" total="4201447424" percent="99">
      <mem type="soa" free="3980849072" total="3991375872" percent="99" />
      <mem type="loa" free="210071552" total="210071552" percent="100" />
    </mem>
    <remembered-set count="378" />
  </mem-info>
</gc-start>
<allocation-stats totalBytes="1896176" >
  <allocated-bytes non-tlh="32" tlh="1896144" />
  <largest-consumer threadName="node-4" threadId="0000000000B9BE00" bytes="90096" />
</allocation-stats>
<gc-op id="1752" type="scavenge" timems="0.952" contextid="1749" timestamp="2019-08-11T07:39:14.222">
  <scavenger-info tenureage="2" tenuremask="4004" tiltratio="88" />
  <memory-copied type="nursery" objects="1872" bytes="44008" bytesdiscarded="52760" />
  <memory-copied type="tenure" objects="800" bytes="19200" bytesdiscarded="0" />
</gc-op>
<gc-end id="1753" type="scavenge" contextid="1749" durationms="1.208" usertimems="3.503" systemtimems="0.000" timestamp="2019-08-11T07:39:14.223" activeThreads="16">
  <mem-info id="1754" free="4192773808" total="4203675648" percent="99">
    <mem type="nursery" free="1869312" total="2228224" percent="83">
      <mem type="allocate" free="1869312" total="1966080" percent="95" />
      <mem type="survivor" free="0" total="262144" percent="0" />
    </mem>
    <mem type="tenure" free="4190904496" total="4201447424" percent="99" macro-fragmented="0">
      <mem type="soa" free="3980832944" total="3991375872" percent="99" />
      <mem type="loa" free="210071552" total="210071552" percent="100" />
    </mem>
    <remembered-set count="274" />
  </mem-info>
</gc-end>
<cycle-end id="1755" type="scavenge" contextid="1749" timestamp="2019-08-11T07:39:14.223" />
  <attribute name="elasticGC enabled" value="1" />
  <attribute name= "numThreadsSpecified" value="16" />
  <attribute name="heapSize specified" value="8519680" />
  <attribute name="Current GC Util" value="0" />
  <attribute name= "Current Time Running" value="45061" />
  <attribute name ="GC Interval" value="200" />
  <attribute name="ProportionalT" value="-40.000000" />
  <attribute name="ProportionalI" value="-40.000000" />
  <attribute name="ProportionalH" value="-40.000000" />
  <attribute name="Current Error" value="-80.000000" />
  <attribute name="IntegralT" value="-11720.000000" />
  <attribute name="IntegralI" value="-11720.000000" />
  <attribute name="IntegralH" value="-11720.000000" />
  <attribute name="DerivativeT" value="-0.273038" />
  <attribute name="DerivativeI" value="-0.273038" />
  <attribute name="DerivativeH" value="-0.273038" />
  <attribute name="Loop Time for DT" value="293.000000" />
  <attribute name="Output H" value="4203675648"/>
  <attribute name="Output I" value="200"/>
  <attribute name="Output T" value="16"/>
  <attribute name="Target GC Util Change" value ="80.000000" />
  <attribute name="Current GC Util Change" value="0.000000"/>
  <attribute name="GC Util currently" value="0" />
  <attribute name="CPU Util currently" value="2" />
<allocation-satisfied id="1756" threadId="0000000000B72B00" bytesRequested="32" />
<af-end id="1757" timestamp="2019-08-11T07:39:14.223" threadId="0000000000B73488" success="true" from="nursery"/>
<exclusive-end id="1758" timestamp="2019-08-11T07:39:14.223" durationms="1.449" />

<exclusive-start id="1759" timestamp="2019-08-11T07:39:14.593" intervalms="371.736">
  <response-info timems="0.279" idlems="0.279" threads="0" lastid="0000000000B9FA00" lastname="node-0" />
</exclusive-start>
<af-start id="1760" threadId="0000000000BA0388" totalBytesRequested="16" timestamp="2019-08-11T07:39:14.593" intervalms="371.721" type="nursery" />
<cycle-start id="1761" type="scavenge" contextid="0" timestamp="2019-08-11T07:39:14.593" intervalms="371.716" />
<gc-start id="1762" type="scavenge" contextid="1761" timestamp="2019-08-11T07:39:14.593">
  <mem-info id="1763" free="4190904496" total="4203675648" percent="99">
    <mem type="nursery" free="0" total="2228224" percent="0">
      <mem type="allocate" free="0" total="1966080" percent="0" />
      <mem type="survivor" free="0" total="262144" percent="0" />
    </mem>
    <mem type="tenure" free="4190904496" total="4201447424" percent="99">
      <mem type="soa" free="3980832944" total="3991375872" percent="99" />
      <mem type="loa" free="210071552" total="210071552" percent="100" />
    </mem>
    <remembered-set count="384" />
  </mem-info>
</gc-start>
<allocation-stats totalBytes="1867072" >
  <allocated-bytes non-tlh="32" tlh="1867040" />
  <largest-consumer threadName="node-12" threadId="0000000000B72B00" bytes="90112" />
</allocation-stats>
<gc-op id="1764" type="scavenge" timems="1.623" contextid="1761" timestamp="2019-08-11T07:39:14.595">
  <scavenger-info tenureage="2" tenuremask="4004" tiltratio="88" />
  <memory-copied type="nursery" objects="2042" bytes="64432" bytesdiscarded="48464" />
  <memory-copied type="tenure" objects="906" bytes="21744" bytesdiscarded="0" />
</gc-op>
<gc-end id="1765" type="scavenge" contextid="1761" durationms="1.918" usertimems="4.394" systemtimems="0.000" timestamp="2019-08-11T07:39:14.595" activeThreads="16">
  <mem-info id="1766" free="4192733872" total="4203675648" percent="99">
    <mem type="nursery" free="1853184" total="2228224" percent="83">
      <mem type="allocate" free="1853184" total="1966080" percent="94" />
      <mem type="survivor" free="0" total="262144" percent="0" />
    </mem>
    <mem type="tenure" free="4190880688" total="4201447424" percent="99" macro-fragmented="0">
      <mem type="soa" free="3980809136" total="3991375872" percent="99" />
      <mem type="loa" free="210071552" total="210071552" percent="100" />
    </mem>
    <remembered-set count="294" />
  </mem-info>
</gc-end>
<cycle-end id="1767" type="scavenge" contextid="1761" timestamp="2019-08-11T07:39:14.595" />
  <attribute name="elasticGC enabled" value="1" />
  <attribute name= "numThreadsSpecified" value="16" />
  <attribute name="heapSize specified" value="8519680" />
  <attribute name="Current GC Util" value="0" />
  <attribute name= "Current Time Running" value="45432" />
  <attribute name ="GC Interval" value="200" />
  <attribute name="ProportionalT" value="-40.000000" />
  <attribute name="ProportionalI" value="-40.000000" />
  <attribute name="ProportionalH" value="-40.000000" />
  <attribute name="Current Error" value="-80.000000" />
  <attribute name="IntegralT" value="-14840.000000" />
  <attribute name="IntegralI" value="-14840.000000" />
  <attribute name="IntegralH" value="-14840.000000" />
  <attribute name="DerivativeT" value="-0.215633" />
  <attribute name="DerivativeI" value="-0.215633" />
  <attribute name="DerivativeH" value="-0.215633" />
  <attribute name="Loop Time for DT" value="371.000000" />
  <attribute name="Output H" value="4203675648"/>
  <attribute name="Output I" value="200"/>
  <attribute name="Output T" value="16"/>
  <attribute name="Target GC Util Change" value ="80.000000" />
  <attribute name="Current GC Util Change" value="0.000000"/>
  <attribute name="GC Util currently" value="0" />
  <attribute name="CPU Util currently" value="5" />
<allocation-satisfied id="1768" threadId="0000000000B9FA00" bytesRequested="16" />
<af-end id="1769" timestamp="2019-08-11T07:39:14.595" threadId="0000000000BA0388" success="true" from="nursery"/>
<exclusive-end id="1770" timestamp="2019-08-11T07:39:14.595" durationms="2.151" />

<exclusive-start id="1771" timestamp="2019-08-11T07:39:14.919" intervalms="325.522">
  <response-info timems="0.154" idlems="0.154" threads="0" lastid="0000000000B72B00" lastname="node-12" />
</exclusive-start>
<af-start id="1772" threadId="0000000000B73488" totalBytesRequested="24" timestamp="2019-08-11T07:39:14.919" intervalms="325.537" type="nursery" />
<cycle-start id="1773" type="scavenge" contextid="0" timestamp="2019-08-11T07:39:14.919" intervalms="325.541" />
<gc-start id="1774" type="scavenge" contextid="1773" timestamp="2019-08-11T07:39:14.919">
  <mem-info id="1775" free="4190880688" total="4203675648" percent="99">
    <mem type="nursery" free="0" total="2228224" percent="0">
      <mem type="allocate" free="0" total="1966080" percent="0" />
      <mem type="survivor" free="0" total="262144" percent="0" />
    </mem>
    <mem type="tenure" free="4190880688" total="4201447424" percent="99">
      <mem type="soa" free="3980809136" total="3991375872" percent="99" />
      <mem type="loa" free="210071552" total="210071552" percent="100" />
    </mem>
    <remembered-set count="382" />
  </mem-info>
</gc-start>
<allocation-stats totalBytes="1850752" >
  <allocated-bytes non-tlh="16" tlh="1850736" />
  <largest-consumer threadName="node-23" threadId="0000000000B90A00" bytes="90112" />
</allocation-stats>
<gc-op id="1776" type="scavenge" timems="1.358" contextid="1773" timestamp="2019-08-11T07:39:14.920">
  <scavenger-info tenureage="2" tenuremask="4004" tiltratio="88" />
  <memory-copied type="nursery" objects="2045" bytes="50792" bytesdiscarded="45976" />
  <memory-copied type="tenure" objects="851" bytes="20424" bytesdiscarded="0" />
</gc-op>
<gc-end id="1777" type="scavenge" contextid="1773" durationms="1.708" usertimems="0.347" systemtimems="3.505" timestamp="2019-08-11T07:39:14.920" activeThreads="16">
  <mem-info id="1778" free="4192733872" total="4203675648" percent="99">
    <mem type="nursery" free="1869312" total="2228224" percent="83">
      <mem type="allocate" free="1869312" total="1966080" percent="95" />
      <mem type="survivor" free="0" total="262144" percent="0" />
    </mem>
    <mem type="tenure" free="4190864560" total="4201447424" percent="99" macro-fragmented="0">
      <mem type="soa" free="3980793008" total="3991375872" percent="99" />
      <mem type="loa" free="210071552" total="210071552" percent="100" />
    </mem>
    <remembered-set count="307" />
  </mem-info>
</gc-end>
<cycle-end id="1779" type="scavenge" contextid="1773" timestamp="2019-08-11T07:39:14.921" />
  <attribute name="elasticGC enabled" value="1" />
  <attribute name= "numThreadsSpecified" value="16" />
  <attribute name="heapSize specified" value="8519680" />
  <attribute name="Current GC Util" value="1" />
  <attribute name= "Current Time Running" value="45758" />
  <attribute name ="GC Interval" value="200" />
  <attribute name="ProportionalT" value="-39.500000" />
  <attribute name="ProportionalI" value="-39.500000" />
  <attribute name="ProportionalH" value="-39.500000" />
  <attribute name="Current Error" value="-79.000000" />
  <attribute name="IntegralT" value="-12877.000000" />
  <attribute name="IntegralI" value="-12877.000000" />
  <attribute name="IntegralH" value="-12877.000000" />
  <attribute name="DerivativeT" value="-0.242331" />
  <attribute name="DerivativeI" value="-0.242331" />
  <attribute name="DerivativeH" value="-0.242331" />
  <attribute name="Loop Time for DT" value="326.000000" />
  <attribute name="Output H" value="4203675648"/>
  <attribute name="Output I" value="200"/>
  <attribute name="Output T" value="16"/>
  <attribute name="Target GC Util Change" value ="80.000000" />
  <attribute name="Current GC Util Change" value="1.000000"/>
  <attribute name="GC Util currently" value="1" />
  <attribute name="CPU Util currently" value="2" />
<allocation-satisfied id="1780" threadId="0000000000B72B00" bytesRequested="24" />
<af-end id="1781" timestamp="2019-08-11T07:39:14.921" threadId="0000000000B73488" success="true" from="nursery"/>
<exclusive-end id="1782" timestamp="2019-08-11T07:39:14.921" durationms="1.952" />

<exclusive-start id="1783" timestamp="2019-08-11T07:39:15.237" intervalms="318.381">
  <response-info timems="0.031" idlems="0.031" threads="0" lastid="0000000000BC9100" lastname="node-14" />
</exclusive-start>
<af-start id="1784" threadId="0000000000BC9A88" totalBytesRequested="24" timestamp="2019-08-11T07:39:15.237" intervalms="318.381" type="nursery" />
<cycle-start id="1785" type="scavenge" contextid="0" timestamp="2019-08-11T07:39:15.237" intervalms="318.387" />
<gc-start id="1786" type="scavenge" contextid="1785" timestamp="2019-08-11T07:39:15.237">
  <mem-info id="1787" free="4190864560" total="4203675648" percent="99">
    <mem type="nursery" free="0" total="2228224" percent="0">
      <mem type="allocate" free="0" total="1966080" percent="0" />
      <mem type="survivor" free="0" total="262144" percent="0" />
    </mem>
    <mem type="tenure" free="4190864560" total="4201447424" percent="99">
      <mem type="soa" free="3980793008" total="3991375872" percent="99" />
      <mem type="loa" free="210071552" total="210071552" percent="100" />
    </mem>
    <remembered-set count="383" />
  </mem-info>
</gc-start>
<allocation-stats totalBytes="1867304" >
  <allocated-bytes non-tlh="24" tlh="1867280" />
  <largest-consumer threadName="node-24" threadId="0000000000B89200" bytes="90104" />
</allocation-stats>
<gc-op id="1788" type="scavenge" timems="1.093" contextid="1785" timestamp="2019-08-11T07:39:15.238">
  <scavenger-info tenureage="2" tenuremask="4004" tiltratio="88" />
  <memory-copied type="nursery" objects="1893" bytes="47136" bytesdiscarded="65760" />
  <memory-copied type="tenure" objects="1014" bytes="24336" bytesdiscarded="0" />
</gc-op>
<gc-end id="1789" type="scavenge" contextid="1785" durationms="1.576" usertimems="2.385" systemtimems="0.000" timestamp="2019-08-11T07:39:15.239" activeThreads="16">
  <mem-info id="1790" free="4192701616" total="4203675648" percent="99">
    <mem type="nursery" free="1853184" total="2228224" percent="83">
      <mem type="allocate" free="1853184" total="1966080" percent="94" />
      <mem type="survivor" free="0" total="262144" percent="0" />
    </mem>
    <mem type="tenure" free="4190848432" total="4201447424" percent="99" macro-fragmented="0">
      <mem type="soa" free="3980776880" total="3991375872" percent="99" />
      <mem type="loa" free="210071552" total="210071552" percent="100" />
    </mem>
    <remembered-set count="304" />
  </mem-info>
</gc-end>
<cycle-end id="1791" type="scavenge" contextid="1785" timestamp="2019-08-11T07:39:15.239" />
  <attribute name="elasticGC enabled" value="1" />
  <attribute name= "numThreadsSpecified" value="16" />
  <attribute name="heapSize specified" value="8519680" />
  <attribute name="Current GC Util" value="1" />
  <attribute name= "Current Time Running" value="46076" />
  <attribute name ="GC Interval" value="200" />
  <attribute name="ProportionalT" value="-39.500000" />
  <attribute name="ProportionalI" value="-39.500000" />
  <attribute name="ProportionalH" value="-39.500000" />
  <attribute name="Current Error" value="-79.000000" />
  <attribute name="IntegralT" value="-12561.000000" />
  <attribute name="IntegralI" value="-12561.000000" />
  <attribute name="IntegralH" value="-12561.000000" />
  <attribute name="DerivativeT" value="-0.248428" />
  <attribute name="DerivativeI" value="-0.248428" />
  <attribute name="DerivativeH" value="-0.248428" />
  <attribute name="Loop Time for DT" value="318.000000" />
  <attribute name="Output H" value="4203675648"/>
  <attribute name="Output I" value="200"/>
  <attribute name="Output T" value="16"/>
  <attribute name="Target GC Util Change" value ="80.000000" />
  <attribute name="Current GC Util Change" value="1.000000"/>
  <attribute name="GC Util currently" value="1" />
  <attribute name="CPU Util currently" value="3" />
<allocation-satisfied id="1792" threadId="0000000000BC9100" bytesRequested="24" />
<af-end id="1793" timestamp="2019-08-11T07:39:15.239" threadId="0000000000BC9A88" success="true" from="nursery"/>
<exclusive-end id="1794" timestamp="2019-08-11T07:39:15.239" durationms="2.191" />

<exclusive-start id="1795" timestamp="2019-08-11T07:39:15.501" intervalms="264.142">
  <response-info timems="0.019" idlems="0.019" threads="0" lastid="0000000000B9BE00" lastname="node-4" />
</exclusive-start>
<af-start id="1796" threadId="0000000000B9C788" totalBytesRequested="376" timestamp="2019-08-11T07:39:15.501" intervalms="264.140" type="nursery" />
<cycle-start id="1797" type="scavenge" contextid="0" timestamp="2019-08-11T07:39:15.501" intervalms="264.131" />
<gc-start id="1798" type="scavenge" contextid="1797" timestamp="2019-08-11T07:39:15.501">
  <mem-info id="1799" free="4190848432" total="4203675648" percent="99">
    <mem type="nursery" free="0" total="2228224" percent="0">
      <mem type="allocate" free="0" total="1966080" percent="0" />
      <mem type="survivor" free="0" total="262144" percent="0" />
    </mem>
    <mem type="tenure" free="4190848432" total="4201447424" percent="99">
      <mem type="soa" free="3980776880" total="3991375872" percent="99" />
      <mem type="loa" free="210071552" total="210071552" percent="100" />
    </mem>
    <remembered-set count="379" />
  </mem-info>
</gc-start>
<allocation-stats totalBytes="1851344" >
  <allocated-bytes non-tlh="24" tlh="1851320" />
  <largest-consumer threadName="node-14" threadId="0000000000BC9100" bytes="90136" />
</allocation-stats>
<gc-op id="1800" type="scavenge" timems="1.278" contextid="1797" timestamp="2019-08-11T07:39:15.503">
  <scavenger-info tenureage="2" tenuremask="4004" tiltratio="88" />
  <memory-copied type="nursery" objects="1833" bytes="55352" bytesdiscarded="57544" />
  <memory-copied type="tenure" objects="890" bytes="21360" bytesdiscarded="0" />
</gc-op>
<gc-end id="1801" type="scavenge" contextid="1797" durationms="1.538" usertimems="0.861" systemtimems="1.587" timestamp="2019-08-11T07:39:15.503" activeThreads="16">
  <mem-info id="1802" free="4192669360" total="4203675648" percent="99">
    <mem type="nursery" free="1853184" total="2228224" percent="83">
      <mem type="allocate" free="1853184" total="1966080" percent="94" />
      <mem type="survivor" free="0" total="262144" percent="0" />
    </mem>
    <mem type="tenure" free="4190816176" total="4201447424" percent="99" macro-fragmented="0">
      <mem type="soa" free="3980744624" total="3991375872" percent="99" />
      <mem type="loa" free="210071552" total="210071552" percent="100" />
    </mem>
    <remembered-set count="289" />
  </mem-info>
</gc-end>
<cycle-end id="1803" type="scavenge" contextid="1797" timestamp="2019-08-11T07:39:15.503" />
  <attribute name="elasticGC enabled" value="1" />
  <attribute name= "numThreadsSpecified" value="16" />
  <attribute name="heapSize specified" value="8519680" />
  <attribute name="Current GC Util" value="0" />
  <attribute name= "Current Time Running" value="46340" />
  <attribute name ="GC Interval" value="200" />
  <attribute name="ProportionalT" value="-40.000000" />
  <attribute name="ProportionalI" value="-40.000000" />
  <attribute name="ProportionalH" value="-40.000000" />
  <attribute name="Current Error" value="-80.000000" />
  <attribute name="IntegralT" value="-10560.000000" />
  <attribute name="IntegralI" value="-10560.000000" />
  <attribute name="IntegralH" value="-10560.000000" />
  <attribute name="DerivativeT" value="-0.303030" />
  <attribute name="DerivativeI" value="-0.303030" />
  <attribute name="DerivativeH" value="-0.303030" />
  <attribute name="Loop Time for DT" value="264.000000" />
  <attribute name="Output H" value="4203675648"/>
  <attribute name="Output I" value="200"/>
  <attribute name="Output T" value="16"/>
  <attribute name="Target GC Util Change" value ="80.000000" />
  <attribute name="Current GC Util Change" value="0.000000"/>
  <attribute name="GC Util currently" value="0" />
  <attribute name="CPU Util currently" value="4367408873" />
<allocation-satisfied id="1804" threadId="0000000000B9BE00" bytesRequested="376" />
<af-end id="1805" timestamp="2019-08-11T07:39:15.503" threadId="0000000000B9C788" success="true" from="nursery"/>
<exclusive-end id="1806" timestamp="2019-08-11T07:39:15.503" durationms="1.742" />

<exclusive-start id="1807" timestamp="2019-08-11T07:39:15.830" intervalms="329.302">
  <response-info timems="0.194" idlems="0.194" threads="0" lastid="0000000000B7DF00" lastname="node-2" />
</exclusive-start>
<af-start id="1808" threadId="0000000000B7E888" totalBytesRequested="32" timestamp="2019-08-11T07:39:15.830" intervalms="329.297" type="nursery" />
<cycle-start id="1809" type="scavenge" contextid="0" timestamp="2019-08-11T07:39:15.831" intervalms="329.300" />
<gc-start id="1810" type="scavenge" contextid="1809" timestamp="2019-08-11T07:39:15.831">
  <mem-info id="1811" free="4190816176" total="4203675648" percent="99">
    <mem type="nursery" free="0" total="2228224" percent="0">
      <mem type="allocate" free="0" total="1966080" percent="0" />
      <mem type="survivor" free="0" total="262144" percent="0" />
    </mem>
    <mem type="tenure" free="4190816176" total="4201447424" percent="99">
      <mem type="soa" free="3980744624" total="3991375872" percent="99" />
      <mem type="loa" free="210071552" total="210071552" percent="100" />
    </mem>
    <remembered-set count="377" />
  </mem-info>
</gc-start>
<allocation-stats totalBytes="1850704" >
  <allocated-bytes non-tlh="376" tlh="1850328" />
  <largest-consumer threadName="node-21" threadId="0000000000B85600" bytes="90104" />
</allocation-stats>
<gc-op id="1812" type="scavenge" timems="0.882" contextid="1809" timestamp="2019-08-11T07:39:15.831">
  <scavenger-info tenureage="2" tenuremask="4004" tiltratio="88" />
  <memory-copied type="nursery" objects="1942" bytes="45688" bytesdiscarded="18824" />
  <memory-copied type="tenure" objects="861" bytes="20664" bytesdiscarded="0" />
</gc-op>
<gc-end id="1813" type="scavenge" contextid="1809" durationms="1.184" usertimems="1.843" systemtimems="1.154" timestamp="2019-08-11T07:39:15.832" activeThreads="16">
  <mem-info id="1814" free="4192701616" total="4203675648" percent="99">
    <mem type="nursery" free="1901568" total="2228224" percent="85">
      <mem type="allocate" free="1901568" total="1966080" percent="96" />
      <mem type="survivor" free="0" total="262144" percent="0" />
    </mem>
    <mem type="tenure" free="4190800048" total="4201447424" percent="99" macro-fragmented="0">
      <mem type="soa" free="3980728496" total="3991375872" percent="99" />
      <mem type="loa" free="210071552" total="210071552" percent="100" />
    </mem>
    <remembered-set count="290" />
  </mem-info>
</gc-end>
<cycle-end id="1815" type="scavenge" contextid="1809" timestamp="2019-08-11T07:39:15.832" />
  <attribute name="elasticGC enabled" value="1" />
  <attribute name= "numThreadsSpecified" value="16" />
  <attribute name="heapSize specified" value="8519680" />
  <attribute name="Current GC Util" value="0" />
  <attribute name= "Current Time Running" value="46670" />
  <attribute name ="GC Interval" value="200" />
  <attribute name="ProportionalT" value="-40.000000" />
  <attribute name="ProportionalI" value="-40.000000" />
  <attribute name="ProportionalH" value="-40.000000" />
  <attribute name="Current Error" value="-80.000000" />
  <attribute name="IntegralT" value="-13200.000000" />
  <attribute name="IntegralI" value="-13200.000000" />
  <attribute name="IntegralH" value="-13200.000000" />
  <attribute name="DerivativeT" value="-0.242424" />
  <attribute name="DerivativeI" value="-0.242424" />
  <attribute name="DerivativeH" value="-0.242424" />
  <attribute name="Loop Time for DT" value="330.000000" />
  <attribute name="Output H" value="4203675648"/>
  <attribute name="Output I" value="200"/>
  <attribute name="Output T" value="16"/>
  <attribute name="Target GC Util Change" value ="80.000000" />
  <attribute name="Current GC Util Change" value="0.000000"/>
  <attribute name="GC Util currently" value="0" />
  <attribute name="CPU Util currently" value="3" />
<allocation-satisfied id="1816" threadId="0000000000B7DF00" bytesRequested="32" />
<af-end id="1817" timestamp="2019-08-11T07:39:15.832" threadId="0000000000B7E888" success="true" from="nursery"/>
<exclusive-end id="1818" timestamp="2019-08-11T07:39:15.832" durationms="1.456" />

<exclusive-start id="1819" timestamp="2019-08-11T07:39:16.228" intervalms="397.735">
  <response-info timems="0.058" idlems="0.058" threads="0" lastid="0000000000BB6100" lastname="node-10" />
</exclusive-start>
<af-start id="1820" threadId="0000000000BB6A88" totalBytesRequested="24" timestamp="2019-08-11T07:39:16.228" intervalms="397.752" type="nursery" />
<cycle-start id="1821" type="scavenge" contextid="0" timestamp="2019-08-11T07:39:16.228" intervalms="397.762" />
<gc-start id="1822" type="scavenge" contextid="1821" timestamp="2019-08-11T07:39:16.228">
  <mem-info id="1823" free="4190800048" total="4203675648" percent="99">
    <mem type="nursery" free="0" total="2228224" percent="0">
      <mem type="allocate" free="0" total="1966080" percent="0" />
      <mem type="survivor" free="0" total="262144" percent="0" />
    </mem>
    <mem type="tenure" free="4190800048" total="4201447424" percent="99">
      <mem type="soa" free="3980728496" total="3991375872" percent="99" />
      <mem type="loa" free="210071552" total="210071552" percent="100" />
    </mem>
    <remembered-set count="379" />
  </mem-info>
</gc-start>
<allocation-stats totalBytes="1898128" >
  <allocated-bytes non-tlh="32" tlh="1898096" />
  <largest-consumer threadName="node-13" threadId="0000000000B8CE00" bytes="90104" />
</allocation-stats>
<gc-op id="1824" type="scavenge" timems="0.989" contextid="1821" timestamp="2019-08-11T07:39:16.229">
  <scavenger-info tenureage="2" tenuremask="4004" tiltratio="88" />
  <memory-copied type="nursery" objects="2397" bytes="59248" bytesdiscarded="21392" />
  <memory-copied type="tenure" objects="809" bytes="19408" bytesdiscarded="8" />
</gc-op>
<gc-end id="1825" type="scavenge" contextid="1821" durationms="1.336" usertimems="2.110" systemtimems="0.318" timestamp="2019-08-11T07:39:16.230" activeThreads="16">
  <mem-info id="1826" free="4192669360" total="4203675648" percent="99">
    <mem type="nursery" free="1885440" total="2228224" percent="84">
      <mem type="allocate" free="1885440" total="1966080" percent="95" />
      <mem type="survivor" free="0" total="262144" percent="0" />
    </mem>
    <mem type="tenure" free="4190783920" total="4201447424" percent="99" macro-fragmented="0">
      <mem type="soa" free="3980712368" total="3991375872" percent="99" />
      <mem type="loa" free="210071552" total="210071552" percent="100" />
    </mem>
    <remembered-set count="314" />
  </mem-info>
</gc-end>
<cycle-end id="1827" type="scavenge" contextid="1821" timestamp="2019-08-11T07:39:16.230" />
  <attribute name="elasticGC enabled" value="1" />
  <attribute name= "numThreadsSpecified" value="16" />
  <attribute name="heapSize specified" value="8519680" />
  <attribute name="Current GC Util" value="0" />
  <attribute name= "Current Time Running" value="47068" />
  <attribute name ="GC Interval" value="200" />
  <attribute name="ProportionalT" value="-40.000000" />
  <attribute name="ProportionalI" value="-40.000000" />
  <attribute name="ProportionalH" value="-40.000000" />
  <attribute name="Current Error" value="-80.000000" />
  <attribute name="IntegralT" value="-15920.000000" />
  <attribute name="IntegralI" value="-15920.000000" />
  <attribute name="IntegralH" value="-15920.000000" />
  <attribute name="DerivativeT" value="-0.201005" />
  <attribute name="DerivativeI" value="-0.201005" />
  <attribute name="DerivativeH" value="-0.201005" />
  <attribute name="Loop Time for DT" value="398.000000" />
  <attribute name="Output H" value="4203675648"/>
  <attribute name="Output I" value="200"/>
  <attribute name="Output T" value="16"/>
  <attribute name="Target GC Util Change" value ="80.000000" />
  <attribute name="Current GC Util Change" value="0.000000"/>
  <attribute name="GC Util currently" value="0" />
  <attribute name="CPU Util currently" value="4" />
<allocation-satisfied id="1828" threadId="0000000000BB6100" bytesRequested="24" />
<af-end id="1829" timestamp="2019-08-11T07:39:16.230" threadId="0000000000BB6A88" success="true" from="nursery"/>
<exclusive-end id="1830" timestamp="2019-08-11T07:39:16.230" durationms="1.752" />

<exclusive-start id="1831" timestamp="2019-08-11T07:39:16.642" intervalms="413.998">
  <response-info timems="0.160" idlems="0.160" threads="0" lastid="0000000000B9FA00" lastname="node-0" />
</exclusive-start>
<af-start id="1832" threadId="0000000000BA0388" totalBytesRequested="32" timestamp="2019-08-11T07:39:16.642" intervalms="414.002" type="nursery" />
<cycle-start id="1833" type="scavenge" contextid="0" timestamp="2019-08-11T07:39:16.642" intervalms="413.994" />
<gc-start id="1834" type="scavenge" contextid="1833" timestamp="2019-08-11T07:39:16.642">
  <mem-info id="1835" free="4190783920" total="4203675648" percent="99">
    <mem type="nursery" free="0" total="2228224" percent="0">
      <mem type="allocate" free="0" total="1966080" percent="0" />
      <mem type="survivor" free="0" total="262144" percent="0" />
    </mem>
    <mem type="tenure" free="4190783920" total="4201447424" percent="99">
      <mem type="soa" free="3980712368" total="3991375872" percent="99" />
      <mem type="loa" free="210071552" total="210071552" percent="100" />
    </mem>
    <remembered-set count="383" />
  </mem-info>
</gc-start>
<allocation-stats totalBytes="1884112" >
  <allocated-bytes non-tlh="24" tlh="1884088" />
  <largest-consumer threadName="node-3" threadId="0000000000B94600" bytes="90112" />
</allocation-stats>
<gc-op id="1836" type="scavenge" timems="3.675" contextid="1833" timestamp="2019-08-11T07:39:16.646">
  <scavenger-info tenureage="2" tenuremask="4004" tiltratio="88" />
  <memory-copied type="nursery" objects="2681" bytes="66056" bytesdiscarded="30712" />
  <memory-copied type="tenure" objects="1019" bytes="24456" bytesdiscarded="456" />
</gc-op>
<gc-end id="1837" type="scavenge" contextid="1833" durationms="3.802" usertimems="3.608" systemtimems="2.151" timestamp="2019-08-11T07:39:16.646" activeThreads="16">
  <mem-info id="1838" free="4192637104" total="4203675648" percent="99">
    <mem type="nursery" free="1869312" total="2228224" percent="83">
      <mem type="allocate" free="1869312" total="1966080" percent="95" />
      <mem type="survivor" free="0" total="262144" percent="0" />
    </mem>
    <mem type="tenure" free="4190767792" total="4201447424" percent="99" macro-fragmented="0">
      <mem type="soa" free="3980696240" total="3991375872" percent="99" />
      <mem type="loa" free="210071552" total="210071552" percent="100" />
    </mem>
    <remembered-set count="319" />
  </mem-info>
</gc-end>
<cycle-end id="1839" type="scavenge" contextid="1833" timestamp="2019-08-11T07:39:16.646" />
  <attribute name="elasticGC enabled" value="1" />
  <attribute name= "numThreadsSpecified" value="16" />
  <attribute name="heapSize specified" value="8519680" />
  <attribute name="Current GC Util" value="0" />
  <attribute name= "Current Time Running" value="47482" />
  <attribute name ="GC Interval" value="200" />
  <attribute name="ProportionalT" value="-40.000000" />
  <attribute name="ProportionalI" value="-40.000000" />
  <attribute name="ProportionalH" value="-40.000000" />
  <attribute name="Current Error" value="-80.000000" />
  <attribute name="IntegralT" value="-16560.000000" />
  <attribute name="IntegralI" value="-16560.000000" />
  <attribute name="IntegralH" value="-16560.000000" />
  <attribute name="DerivativeT" value="-0.193237" />
  <attribute name="DerivativeI" value="-0.193237" />
  <attribute name="DerivativeH" value="-0.193237" />
  <attribute name="Loop Time for DT" value="414.000000" />
  <attribute name="Output H" value="4203675648"/>
  <attribute name="Output I" value="200"/>
  <attribute name="Output T" value="16"/>
  <attribute name="Target GC Util Change" value ="80.000000" />
  <attribute name="Current GC Util Change" value="0.000000"/>
  <attribute name="GC Util currently" value="0" />
  <attribute name="CPU Util currently" value="4" />
<allocation-satisfied id="1840" threadId="0000000000B9FA00" bytesRequested="32" />
<af-end id="1841" timestamp="2019-08-11T07:39:16.646" threadId="0000000000BA0388" success="true" from="nursery"/>
<exclusive-end id="1842" timestamp="2019-08-11T07:39:16.646" durationms="4.142" />

<exclusive-start id="1843" timestamp="2019-08-11T07:39:17.053" intervalms="410.381">
  <response-info timems="0.118" idlems="0.118" threads="0" lastid="0000000000B89200" lastname="node-24" />
</exclusive-start>
<af-start id="1844" threadId="0000000000B89B88" totalBytesRequested="16" timestamp="2019-08-11T07:39:17.053" intervalms="410.362" type="nursery" />
<cycle-start id="1845" type="scavenge" contextid="0" timestamp="2019-08-11T07:39:17.053" intervalms="410.362" />
<gc-start id="1846" type="scavenge" contextid="1845" timestamp="2019-08-11T07:39:17.053">
  <mem-info id="1847" free="4190767792" total="4203675648" percent="99">
    <mem type="nursery" free="0" total="2228224" percent="0">
      <mem type="allocate" free="0" total="1966080" percent="0" />
      <mem type="survivor" free="0" total="262144" percent="0" />
    </mem>
    <mem type="tenure" free="4190767792" total="4201447424" percent="99">
      <mem type="soa" free="3980696240" total="3991375872" percent="99" />
      <mem type="loa" free="210071552" total="210071552" percent="100" />
    </mem>
    <remembered-set count="385" />
  </mem-info>
</gc-start>
<allocation-stats totalBytes="1868408" >
  <allocated-bytes non-tlh="32" tlh="1868376" />
  <largest-consumer threadName="node-7" threadId="0000000000B67700" bytes="90104" />
</allocation-stats>
<gc-op id="1848" type="scavenge" timems="1.567" contextid="1845" timestamp="2019-08-11T07:39:17.054">
  <scavenger-info tenureage="2" tenuremask="4004" tiltratio="88" />
  <memory-copied type="nursery" objects="2590" bytes="61232" bytesdiscarded="19408" />
  <memory-copied type="tenure" objects="1238" bytes="29712" bytesdiscarded="168" />
</gc-op>
<gc-end id="1849" type="scavenge" contextid="1845" durationms="1.701" usertimems="3.181" systemtimems="1.162" timestamp="2019-08-11T07:39:17.054" activeThreads="16">
  <mem-info id="1850" free="4192637104" total="4203675648" percent="99">
    <mem type="nursery" free="1885440" total="2228224" percent="84">
      <mem type="allocate" free="1885440" total="1966080" percent="95" />
      <mem type="survivor" free="0" total="262144" percent="0" />
    </mem>
    <mem type="tenure" free="4190751664" total="4201447424" percent="99" macro-fragmented="0">
      <mem type="soa" free="3980680112" total="3991375872" percent="99" />
      <mem type="loa" free="210071552" total="210071552" percent="100" />
    </mem>
    <remembered-set count="291" />
  </mem-info>
</gc-end>
<cycle-end id="1851" type="scavenge" contextid="1845" timestamp="2019-08-11T07:39:17.054" />
  <attribute name="elasticGC enabled" value="1" />
  <attribute name= "numThreadsSpecified" value="16" />
  <attribute name="heapSize specified" value="8519680" />
  <attribute name="Current GC Util" value="0" />
  <attribute name= "Current Time Running" value="47892" />
  <attribute name ="GC Interval" value="200" />
  <attribute name="ProportionalT" value="-40.000000" />
  <attribute name="ProportionalI" value="-40.000000" />
  <attribute name="ProportionalH" value="-40.000000" />
  <attribute name="Current Error" value="-80.000000" />
  <attribute name="IntegralT" value="-16400.000000" />
  <attribute name="IntegralI" value="-16400.000000" />
  <attribute name="IntegralH" value="-16400.000000" />
  <attribute name="DerivativeT" value="-0.195122" />
  <attribute name="DerivativeI" value="-0.195122" />
  <attribute name="DerivativeH" value="-0.195122" />
  <attribute name="Loop Time for DT" value="410.000000" />
  <attribute name="Output H" value="4203675648"/>
  <attribute name="Output I" value="200"/>
  <attribute name="Output T" value="16"/>
  <attribute name="Target GC Util Change" value ="80.000000" />
  <attribute name="Current GC Util Change" value="0.000000"/>
  <attribute name="GC Util currently" value="0" />
  <attribute name="CPU Util currently" value="5" />
<allocation-satisfied id="1852" threadId="0000000000B89200" bytesRequested="16" />
<af-end id="1853" timestamp="2019-08-11T07:39:17.054" threadId="0000000000B89B88" success="true" from="nursery"/>
<exclusive-end id="1854" timestamp="2019-08-11T07:39:17.054" durationms="1.944" />

<exclusive-start id="1855" timestamp="2019-08-11T07:39:17.362" intervalms="309.662">
  <response-info timems="0.306" idlems="0.306" threads="0" lastid="0000000000BA7200" lastname="node-5" />
</exclusive-start>
<af-start id="1856" threadId="0000000000BA7B88" totalBytesRequested="24" timestamp="2019-08-11T07:39:17.362" intervalms="309.660" type="nursery" />
<cycle-start id="1857" type="scavenge" contextid="0" timestamp="2019-08-11T07:39:17.362" intervalms="309.659" />
<gc-start id="1858" type="scavenge" contextid="1857" timestamp="2019-08-11T07:39:17.362">
  <mem-info id="1859" free="4190751664" total="4203675648" percent="99">
    <mem type="nursery" free="0" total="2228224" percent="0">
      <mem type="allocate" free="0" total="1966080" percent="0" />
      <mem type="survivor" free="0" total="262144" percent="0" />
    </mem>
    <mem type="tenure" free="4190751664" total="4201447424" percent="99">
      <mem type="soa" free="3980680112" total="3991375872" percent="99" />
      <mem type="loa" free="210071552" total="210071552" percent="100" />
    </mem>
    <remembered-set count="387" />
  </mem-info>
</gc-start>
<allocation-stats totalBytes="1881608" >
  <allocated-bytes non-tlh="16" tlh="1881592" />
  <largest-consumer threadName="node-4" threadId="0000000000B9BE00" bytes="90096" />
</allocation-stats>
<gc-op id="1860" type="scavenge" timems="0.962" contextid="1857" timestamp="2019-08-11T07:39:17.363">
  <scavenger-info tenureage="2" tenuremask="4004" tiltratio="88" />
  <memory-copied type="nursery" objects="2215" bytes="54928" bytesdiscarded="41840" />
  <memory-copied type="tenure" objects="1301" bytes="31224" bytesdiscarded="0" />
</gc-op>
<gc-end id="1861" type="scavenge" contextid="1857" durationms="1.048" usertimems="1.272" systemtimems="1.222" timestamp="2019-08-11T07:39:17.363" activeThreads="16">
  <mem-info id="1862" free="4192588720" total="4203675648" percent="99">
    <mem type="nursery" free="1869312" total="2228224" percent="83">
      <mem type="allocate" free="1869312" total="1966080" percent="95" />
      <mem type="survivor" free="0" total="262144" percent="0" />
    </mem>
    <mem type="tenure" free="4190719408" total="4201447424" percent="99" macro-fragmented="0">
      <mem type="soa" free="3980647856" total="3991375872" percent="99" />
      <mem type="loa" free="210071552" total="210071552" percent="100" />
    </mem>
    <remembered-set count="316" />
  </mem-info>
</gc-end>
<cycle-end id="1863" type="scavenge" contextid="1857" timestamp="2019-08-11T07:39:17.363" />
  <attribute name="elasticGC enabled" value="1" />
  <attribute name= "numThreadsSpecified" value="16" />
  <attribute name="heapSize specified" value="8519680" />
  <attribute name="Current GC Util" value="1" />
  <attribute name= "Current Time Running" value="48202" />
  <attribute name ="GC Interval" value="200" />
  <attribute name="ProportionalT" value="-39.500000" />
  <attribute name="ProportionalI" value="-39.500000" />
  <attribute name="ProportionalH" value="-39.500000" />
  <attribute name="Current Error" value="-79.000000" />
  <attribute name="IntegralT" value="-12245.000000" />
  <attribute name="IntegralI" value="-12245.000000" />
  <attribute name="IntegralH" value="-12245.000000" />
  <attribute name="DerivativeT" value="-0.254839" />
  <attribute name="DerivativeI" value="-0.254839" />
  <attribute name="DerivativeH" value="-0.254839" />
  <attribute name="Loop Time for DT" value="310.000000" />
  <attribute name="Output H" value="4203675648"/>
  <attribute name="Output I" value="200"/>
  <attribute name="Output T" value="16"/>
  <attribute name="Target GC Util Change" value ="80.000000" />
  <attribute name="Current GC Util Change" value="1.000000"/>
  <attribute name="GC Util currently" value="1" />
  <attribute name="CPU Util currently" value="1" />
<allocation-satisfied id="1864" threadId="0000000000BA7200" bytesRequested="24" />
<af-end id="1865" timestamp="2019-08-11T07:39:17.363" threadId="0000000000BA7B88" success="true" from="nursery"/>
<exclusive-end id="1866" timestamp="2019-08-11T07:39:17.363" durationms="1.249" />

<exclusive-start id="1867" timestamp="2019-08-11T07:39:17.746" intervalms="383.528">
  <response-info timems="0.237" idlems="0.237" threads="0" lastid="0000000000B9BE00" lastname="node-4" />
</exclusive-start>
<af-start id="1868" threadId="0000000000B9C788" totalBytesRequested="24" timestamp="2019-08-11T07:39:17.746" intervalms="383.653" type="nursery" />
<cycle-start id="1869" type="scavenge" contextid="0" timestamp="2019-08-11T07:39:17.746" intervalms="383.699" />
<gc-start id="1870" type="scavenge" contextid="1869" timestamp="2019-08-11T07:39:17.746">
  <mem-info id="1871" free="4190719408" total="4203675648" percent="99">
    <mem type="nursery" free="0" total="2228224" percent="0">
      <mem type="allocate" free="0" total="1966080" percent="0" />
      <mem type="survivor" free="0" total="262144" percent="0" />
    </mem>
    <mem type="tenure" free="4190719408" total="4201447424" percent="99">
      <mem type="soa" free="3980647856" total="3991375872" percent="99" />
      <mem type="loa" free="210071552" total="210071552" percent="100" />
    </mem>
    <remembered-set count="385" />
  </mem-info>
</gc-start>
<allocation-stats totalBytes="1867216" >
  <allocated-bytes non-tlh="24" tlh="1867192" />
  <largest-consumer threadName="node-5" threadId="0000000000BA7200" bytes="90120" />
</allocation-stats>
<gc-op id="1872" type="scavenge" timems="1.131" contextid="1869" timestamp="2019-08-11T07:39:17.747">
  <scavenger-info tenureage="2" tenuremask="4004" tiltratio="88" />
  <memory-copied type="nursery" objects="2034" bytes="50696" bytesdiscarded="78328" />
  <memory-copied type="tenure" objects="1173" bytes="28152" bytesdiscarded="384" />
</gc-op>
<gc-end id="1873" type="scavenge" contextid="1869" durationms="1.266" usertimems="0.527" systemtimems="2.309" timestamp="2019-08-11T07:39:17.747" activeThreads="16">
  <mem-info id="1874" free="4192540336" total="4203675648" percent="99">
    <mem type="nursery" free="1837056" total="2228224" percent="82">
      <mem type="allocate" free="1837056" total="1966080" percent="93" />
      <mem type="survivor" free="0" total="262144" percent="0" />
    </mem>
    <mem type="tenure" free="4190703280" total="4201447424" percent="99" macro-fragmented="0">
      <mem type="soa" free="3980631728" total="3991375872" percent="99" />
      <mem type="loa" free="210071552" total="210071552" percent="100" />
    </mem>
    <remembered-set count="315" />
  </mem-info>
</gc-end>
<cycle-end id="1875" type="scavenge" contextid="1869" timestamp="2019-08-11T07:39:17.747" />
  <attribute name="elasticGC enabled" value="1" />
  <attribute name= "numThreadsSpecified" value="16" />
  <attribute name="heapSize specified" value="8519680" />
  <attribute name="Current GC Util" value="0" />
  <attribute name= "Current Time Running" value="48585" />
  <attribute name ="GC Interval" value="200" />
  <attribute name="ProportionalT" value="-40.000000" />
  <attribute name="ProportionalI" value="-40.000000" />
  <attribute name="ProportionalH" value="-40.000000" />
  <attribute name="Current Error" value="-80.000000" />
  <attribute name="IntegralT" value="-15320.000000" />
  <attribute name="IntegralI" value="-15320.000000" />
  <attribute name="IntegralH" value="-15320.000000" />
  <attribute name="DerivativeT" value="-0.208877" />
  <attribute name="DerivativeI" value="-0.208877" />
  <attribute name="DerivativeH" value="-0.208877" />
  <attribute name="Loop Time for DT" value="383.000000" />
  <attribute name="Output H" value="4203675648"/>
  <attribute name="Output I" value="200"/>
  <attribute name="Output T" value="16"/>
  <attribute name="Target GC Util Change" value ="80.000000" />
  <attribute name="Current GC Util Change" value="0.000000"/>
  <attribute name="GC Util currently" value="0" />
  <attribute name="CPU Util currently" value="6" />
<allocation-satisfied id="1876" threadId="0000000000B9BE00" bytesRequested="24" />
<af-end id="1877" timestamp="2019-08-11T07:39:17.747" threadId="0000000000B9C788" success="true" from="nursery"/>
<exclusive-end id="1878" timestamp="2019-08-11T07:39:17.747" durationms="1.716" />

<exclusive-start id="1879" timestamp="2019-08-11T07:39:18.048" intervalms="302.005">
  <response-info timems="0.089" idlems="0.089" threads="0" lastid="0000000000BAAD00" lastname="node-16" />
</exclusive-start>
<af-start id="1880" threadId="0000000000BAB688" totalBytesRequested="24" timestamp="2019-08-11T07:39:18.048" intervalms="301.989" type="nursery" />
<cycle-start id="1881" type="scavenge" contextid="0" timestamp="2019-08-11T07:39:18.048" intervalms="301.950" />
<gc-start id="1882" type="scavenge" contextid="1881" timestamp="2019-08-11T07:39:18.048">
  <mem-info id="1883" free="4190703280" total="4203675648" percent="99">
    <mem type="nursery" free="0" total="2228224" percent="0">
      <mem type="allocate" free="0" total="1966080" percent="0" />
      <mem type="survivor" free="0" total="262144" percent="0" />
    </mem>
    <mem type="tenure" free="4190703280" total="4201447424" percent="99">
      <mem type="soa" free="3980631728" total="3991375872" percent="99" />
      <mem type="loa" free="210071552" total="210071552" percent="100" />
    </mem>
    <remembered-set count="377" />
  </mem-info>
</gc-start>
<allocation-stats totalBytes="1833152" >
  <allocated-bytes non-tlh="24" tlh="1833128" />
  <largest-consumer threadName="node-25" threadId="0000000000BBDD00" bytes="90112" />
</allocation-stats>
<gc-op id="1884" type="scavenge" timems="0.971" contextid="1881" timestamp="2019-08-11T07:39:18.049">
  <scavenger-info tenureage="2" tenuremask="4004" tiltratio="88" />
  <memory-copied type="nursery" objects="2191" bytes="54296" bytesdiscarded="58600" />
  <memory-copied type="tenure" objects="895" bytes="21480" bytesdiscarded="0" />
</gc-op>
<gc-end id="1885" type="scavenge" contextid="1881" durationms="1.077" usertimems="1.035" systemtimems="0.782" timestamp="2019-08-11T07:39:18.049" activeThreads="16">
  <mem-info id="1886" free="4192540336" total="4203675648" percent="99">
    <mem type="nursery" free="1853184" total="2228224" percent="83">
      <mem type="allocate" free="1853184" total="1966080" percent="94" />
      <mem type="survivor" free="0" total="262144" percent="0" />
    </mem>
    <mem type="tenure" free="4190687152" total="4201447424" percent="99" macro-fragmented="0">
      <mem type="soa" free="3980615600" total="3991375872" percent="99" />
      <mem type="loa" free="210071552" total="210071552" percent="100" />
    </mem>
    <remembered-set count="316" />
  </mem-info>
</gc-end>
<cycle-end id="1887" type="scavenge" contextid="1881" timestamp="2019-08-11T07:39:18.049" />
  <attribute name="elasticGC enabled" value="1" />
  <attribute name= "numThreadsSpecified" value="16" />
  <attribute name="heapSize specified" value="8519680" />
  <attribute name="Current GC Util" value="0" />
  <attribute name= "Current Time Running" value="48887" />
  <attribute name ="GC Interval" value="200" />
  <attribute name="ProportionalT" value="-40.000000" />
  <attribute name="ProportionalI" value="-40.000000" />
  <attribute name="ProportionalH" value="-40.000000" />
  <attribute name="Current Error" value="-80.000000" />
  <attribute name="IntegralT" value="-12080.000000" />
  <attribute name="IntegralI" value="-12080.000000" />
  <attribute name="IntegralH" value="-12080.000000" />
  <attribute name="DerivativeT" value="-0.264901" />
  <attribute name="DerivativeI" value="-0.264901" />
  <attribute name="DerivativeH" value="-0.264901" />
  <attribute name="Loop Time for DT" value="302.000000" />
  <attribute name="Output H" value="4203675648"/>
  <attribute name="Output I" value="200"/>
  <attribute name="Output T" value="16"/>
  <attribute name="Target GC Util Change" value ="80.000000" />
  <attribute name="Current GC Util Change" value="0.000000"/>
  <attribute name="GC Util currently" value="0" />
  <attribute name="CPU Util currently" value="1" />
<allocation-satisfied id="1888" threadId="0000000000BAAD00" bytesRequested="24" />
<af-end id="1889" timestamp="2019-08-11T07:39:18.049" threadId="0000000000BAB688" success="true" from="nursery"/>
<exclusive-end id="1890" timestamp="2019-08-11T07:39:18.049" durationms="1.471" />

<exclusive-start id="1891" timestamp="2019-08-11T07:39:18.368" intervalms="319.975">
  <response-info timems="0.241" idlems="0.241" threads="0" lastid="0000000000BA7200" lastname="node-5" />
</exclusive-start>
<af-start id="1892" threadId="0000000000BA7B88" totalBytesRequested="24" timestamp="2019-08-11T07:39:18.368" intervalms="319.997" type="nursery" />
<cycle-start id="1893" type="scavenge" contextid="0" timestamp="2019-08-11T07:39:18.368" intervalms="320.006" />
<gc-start id="1894" type="scavenge" contextid="1893" timestamp="2019-08-11T07:39:18.368">
  <mem-info id="1895" free="4190687152" total="4203675648" percent="99">
    <mem type="nursery" free="0" total="2228224" percent="0">
      <mem type="allocate" free="0" total="1966080" percent="0" />
      <mem type="survivor" free="0" total="262144" percent="0" />
    </mem>
    <mem type="tenure" free="4190687152" total="4201447424" percent="99">
      <mem type="soa" free="3980615600" total="3991375872" percent="99" />
      <mem type="loa" free="210071552" total="210071552" percent="100" />
    </mem>
    <remembered-set count="382" />
  </mem-info>
</gc-start>
<allocation-stats totalBytes="1852448" >
  <allocated-bytes non-tlh="24" tlh="1852424" />
  <largest-consumer threadName="node-9" threadId="0000000000BC5500" bytes="90112" />
</allocation-stats>
<gc-op id="1896" type="scavenge" timems="0.911" contextid="1893" timestamp="2019-08-11T07:39:18.369">
  <scavenger-info tenureage="2" tenuremask="4004" tiltratio="88" />
  <memory-copied type="nursery" objects="2252" bytes="55760" bytesdiscarded="57136" />
  <memory-copied type="tenure" objects="991" bytes="23784" bytesdiscarded="0" />
</gc-op>
<gc-end id="1897" type="scavenge" contextid="1893" durationms="1.198" usertimems="1.355" systemtimems="1.377" timestamp="2019-08-11T07:39:18.369" activeThreads="16">
  <mem-info id="1898" free="4192524208" total="4203675648" percent="99">
    <mem type="nursery" free="1853184" total="2228224" percent="83">
      <mem type="allocate" free="1853184" total="1966080" percent="94" />
      <mem type="survivor" free="0" total="262144" percent="0" />
    </mem>
    <mem type="tenure" free="4190671024" total="4201447424" percent="99" macro-fragmented="0">
      <mem type="soa" free="3980599472" total="3991375872" percent="99" />
      <mem type="loa" free="210071552" total="210071552" percent="100" />
    </mem>
    <remembered-set count="300" />
  </mem-info>
</gc-end>
<cycle-end id="1899" type="scavenge" contextid="1893" timestamp="2019-08-11T07:39:18.369" />
  <attribute name="elasticGC enabled" value="1" />
  <attribute name= "numThreadsSpecified" value="16" />
  <attribute name="heapSize specified" value="8519680" />
  <attribute name="Current GC Util" value="0" />
  <attribute name= "Current Time Running" value="49207" />
  <attribute name ="GC Interval" value="200" />
  <attribute name="ProportionalT" value="-40.000000" />
  <attribute name="ProportionalI" value="-40.000000" />
  <attribute name="ProportionalH" value="-40.000000" />
  <attribute name="Current Error" value="-80.000000" />
  <attribute name="IntegralT" value="-12800.000000" />
  <attribute name="IntegralI" value="-12800.000000" />
  <attribute name="IntegralH" value="-12800.000000" />
  <attribute name="DerivativeT" value="-0.250000" />
  <attribute name="DerivativeI" value="-0.250000" />
  <attribute name="DerivativeH" value="-0.250000" />
  <attribute name="Loop Time for DT" value="320.000000" />
  <attribute name="Output H" value="4203675648"/>
  <attribute name="Output I" value="200"/>
  <attribute name="Output T" value="16"/>
  <attribute name="Target GC Util Change" value ="80.000000" />
  <attribute name="Current GC Util Change" value="0.000000"/>
  <attribute name="GC Util currently" value="0" />
  <attribute name="CPU Util currently" value="3" />
<allocation-satisfied id="1900" threadId="0000000000BA7200" bytesRequested="24" />
<af-end id="1901" timestamp="2019-08-11T07:39:18.369" threadId="0000000000BA7B88" success="true" from="nursery"/>
<exclusive-end id="1902" timestamp="2019-08-11T07:39:18.369" durationms="1.639" />

<exclusive-start id="1903" timestamp="2019-08-11T07:39:18.590" intervalms="221.981">
  <response-info timems="0.016" idlems="0.016" threads="0" lastid="0000000000B89200" lastname="node-24" />
</exclusive-start>
<af-start id="1904" threadId="0000000000B89B88" totalBytesRequested="32" timestamp="2019-08-11T07:39:18.590" intervalms="221.837" type="nursery" />
<cycle-start id="1905" type="scavenge" contextid="0" timestamp="2019-08-11T07:39:18.590" intervalms="221.815" />
<gc-start id="1906" type="scavenge" contextid="1905" timestamp="2019-08-11T07:39:18.590">
  <mem-info id="1907" free="4190671024" total="4203675648" percent="99">
    <mem type="nursery" free="0" total="2228224" percent="0">
      <mem type="allocate" free="0" total="1966080" percent="0" />
      <mem type="survivor" free="0" total="262144" percent="0" />
    </mem>
    <mem type="tenure" free="4190671024" total="4201447424" percent="99">
      <mem type="soa" free="3980599472" total="3991375872" percent="99" />
      <mem type="loa" free="210071552" total="210071552" percent="100" />
    </mem>
    <remembered-set count="380" />
  </mem-info>
</gc-start>
<allocation-stats totalBytes="1849152" >
  <allocated-bytes non-tlh="24" tlh="1849128" />
  <largest-consumer threadName="node-3" threadId="0000000000B94600" bytes="94200" />
</allocation-stats>
<gc-op id="1908" type="scavenge" timems="1.081" contextid="1905" timestamp="2019-08-11T07:39:18.591">
  <scavenger-info tenureage="2" tenuremask="4004" tiltratio="88" />
  <memory-copied type="nursery" objects="1828" bytes="45584" bytesdiscarded="51184" />
  <memory-copied type="tenure" objects="1060" bytes="25440" bytesdiscarded="0" />
</gc-op>
<gc-end id="1909" type="scavenge" contextid="1905" durationms="1.246" usertimems="0.197" systemtimems="1.696" timestamp="2019-08-11T07:39:18.591" activeThreads="16">
  <mem-info id="1910" free="4192508080" total="4203675648" percent="99">
    <mem type="nursery" free="1869312" total="2228224" percent="83">
      <mem type="allocate" free="1869312" total="1966080" percent="95" />
      <mem type="survivor" free="0" total="262144" percent="0" />
    </mem>
    <mem type="tenure" free="4190638768" total="4201447424" percent="99" macro-fragmented="0">
      <mem type="soa" free="3980567216" total="3991375872" percent="99" />
      <mem type="loa" free="210071552" total="210071552" percent="100" />
    </mem>
    <remembered-set count="316" />
  </mem-info>
</gc-end>
<cycle-end id="1911" type="scavenge" contextid="1905" timestamp="2019-08-11T07:39:18.591" />
  <attribute name="elasticGC enabled" value="1" />
  <attribute name= "numThreadsSpecified" value="16" />
  <attribute name="heapSize specified" value="8519680" />
  <attribute name="Current GC Util" value="0" />
  <attribute name= "Current Time Running" value="49429" />
  <attribute name ="GC Interval" value="200" />
  <attribute name="ProportionalT" value="-40.000000" />
  <attribute name="ProportionalI" value="-40.000000" />
  <attribute name="ProportionalH" value="-40.000000" />
  <attribute name="Current Error" value="-80.000000" />
  <attribute name="IntegralT" value="-8880.000000" />
  <attribute name="IntegralI" value="-8880.000000" />
  <attribute name="IntegralH" value="-8880.000000" />
  <attribute name="DerivativeT" value="-0.360360" />
  <attribute name="DerivativeI" value="-0.360360" />
  <attribute name="DerivativeH" value="-0.360360" />
  <attribute name="Loop Time for DT" value="222.000000" />
  <attribute name="Output H" value="4203675648"/>
  <attribute name="Output I" value="200"/>
  <attribute name="Output T" value="16"/>
  <attribute name="Target GC Util Change" value ="80.000000" />
  <attribute name="Current GC Util Change" value="0.000000"/>
  <attribute name="GC Util currently" value="0" />
  <attribute name="CPU Util currently" value="5196266237" />
<allocation-satisfied id="1912" threadId="0000000000B89200" bytesRequested="32" />
<af-end id="1913" timestamp="2019-08-11T07:39:18.591" threadId="0000000000B89B88" success="true" from="nursery"/>
<exclusive-end id="1914" timestamp="2019-08-11T07:39:18.591" durationms="1.629" />

<exclusive-start id="1915" timestamp="2019-08-11T07:39:18.892" intervalms="301.978">
  <response-info timems="0.116" idlems="0.116" threads="0" lastid="0000000000BC9100" lastname="node-14" />
</exclusive-start>
<af-start id="1916" threadId="0000000000BC9A88" totalBytesRequested="32" timestamp="2019-08-11T07:39:18.892" intervalms="301.983" type="nursery" />
<cycle-start id="1917" type="scavenge" contextid="0" timestamp="2019-08-11T07:39:18.892" intervalms="301.989" />
<gc-start id="1918" type="scavenge" contextid="1917" timestamp="2019-08-11T07:39:18.892">
  <mem-info id="1919" free="4190638768" total="4203675648" percent="99">
    <mem type="nursery" free="0" total="2228224" percent="0">
      <mem type="allocate" free="0" total="1966080" percent="0" />
      <mem type="survivor" free="0" total="262144" percent="0" />
    </mem>
    <mem type="tenure" free="4190638768" total="4201447424" percent="99">
      <mem type="soa" free="3980567216" total="3991375872" percent="99" />
      <mem type="loa" free="210071552" total="210071552" percent="100" />
    </mem>
    <remembered-set count="382" />
  </mem-info>
</gc-start>
<allocation-stats totalBytes="1867568" >
  <allocated-bytes non-tlh="32" tlh="1867536" />
  <largest-consumer threadName="node-10" threadId="0000000000BB6100" bytes="90096" />
</allocation-stats>
<gc-op id="1920" type="scavenge" timems="0.880" contextid="1917" timestamp="2019-08-11T07:39:18.893">
  <scavenger-info tenureage="2" tenuremask="4004" tiltratio="88" />
  <memory-copied type="nursery" objects="1746" bytes="40984" bytesdiscarded="88040" />
  <memory-copied type="tenure" objects="1051" bytes="25224" bytesdiscarded="0" />
</gc-op>
<gc-end id="1921" type="scavenge" contextid="1917" durationms="0.988" usertimems="1.653" systemtimems="0.603" timestamp="2019-08-11T07:39:18.893" activeThreads="16">
  <mem-info id="1922" free="4192443568" total="4203675648" percent="99">
    <mem type="nursery" free="1837056" total="2228224" percent="82">
      <mem type="allocate" free="1837056" total="1966080" percent="93" />
      <mem type="survivor" free="0" total="262144" percent="0" />
    </mem>
    <mem type="tenure" free="4190606512" total="4201447424" percent="99" macro-fragmented="0">
      <mem type="soa" free="3980534960" total="3991375872" percent="99" />
      <mem type="loa" free="210071552" total="210071552" percent="100" />
    </mem>
    <remembered-set count="283" />
  </mem-info>
</gc-end>
<cycle-end id="1923" type="scavenge" contextid="1917" timestamp="2019-08-11T07:39:18.893" />
  <attribute name="elasticGC enabled" value="1" />
  <attribute name= "numThreadsSpecified" value="16" />
  <attribute name="heapSize specified" value="8519680" />
  <attribute name="Current GC Util" value="0" />
  <attribute name= "Current Time Running" value="49731" />
  <attribute name ="GC Interval" value="200" />
  <attribute name="ProportionalT" value="-40.000000" />
  <attribute name="ProportionalI" value="-40.000000" />
  <attribute name="ProportionalH" value="-40.000000" />
  <attribute name="Current Error" value="-80.000000" />
  <attribute name="IntegralT" value="-12080.000000" />
  <attribute name="IntegralI" value="-12080.000000" />
  <attribute name="IntegralH" value="-12080.000000" />
  <attribute name="DerivativeT" value="-0.264901" />
  <attribute name="DerivativeI" value="-0.264901" />
  <attribute name="DerivativeH" value="-0.264901" />
  <attribute name="Loop Time for DT" value="302.000000" />
  <attribute name="Output H" value="4203675648"/>
  <attribute name="Output I" value="200"/>
  <attribute name="Output T" value="16"/>
  <attribute name="Target GC Util Change" value ="80.000000" />
  <attribute name="Current GC Util Change" value="0.000000"/>
  <attribute name="GC Util currently" value="0" />
  <attribute name="CPU Util currently" value="0" />
<allocation-satisfied id="1924" threadId="0000000000BC9100" bytesRequested="32" />
<af-end id="1925" timestamp="2019-08-11T07:39:18.893" threadId="0000000000BC9A88" success="true" from="nursery"/>
<exclusive-end id="1926" timestamp="2019-08-11T07:39:18.893" durationms="1.265" />

<exclusive-start id="1927" timestamp="2019-08-11T07:39:19.240" intervalms="347.957">
  <response-info timems="0.029" idlems="0.029" threads="0" lastid="0000000000B90A00" lastname="node-23" />
</exclusive-start>
<af-start id="1928" threadId="0000000000B91388" totalBytesRequested="32" timestamp="2019-08-11T07:39:19.240" intervalms="347.951" type="nursery" />
<cycle-start id="1929" type="scavenge" contextid="0" timestamp="2019-08-11T07:39:19.240" intervalms="347.946" />
<gc-start id="1930" type="scavenge" contextid="1929" timestamp="2019-08-11T07:39:19.240">
  <mem-info id="1931" free="4190606512" total="4203675648" percent="99">
    <mem type="nursery" free="0" total="2228224" percent="0">
      <mem type="allocate" free="0" total="1966080" percent="0" />
      <mem type="survivor" free="0" total="262144" percent="0" />
    </mem>
    <mem type="tenure" free="4190606512" total="4201447424" percent="99">
      <mem type="soa" free="3980534960" total="3991375872" percent="99" />
      <mem type="loa" free="210071552" total="210071552" percent="100" />
    </mem>
    <remembered-set count="382" />
  </mem-info>
</gc-start>
<allocation-stats totalBytes="1836280" >
  <allocated-bytes non-tlh="32" tlh="1836248" />
  <largest-consumer threadName="node-14" threadId="0000000000BC9100" bytes="90104" />
</allocation-stats>
<gc-op id="1932" type="scavenge" timems="0.847" contextid="1929" timestamp="2019-08-11T07:39:19.241">
  <scavenger-info tenureage="2" tenuremask="4004" tiltratio="88" />
  <memory-copied type="nursery" objects="2291" bytes="54064" bytesdiscarded="91088" />
  <memory-copied type="tenure" objects="635" bytes="15240" bytesdiscarded="8" />
</gc-op>
<gc-end id="1933" type="scavenge" contextid="1929" durationms="0.937" usertimems="0.943" systemtimems="0.610" timestamp="2019-08-11T07:39:19.241" activeThreads="16">
  <mem-info id="1934" free="4192411312" total="4203675648" percent="99">
    <mem type="nursery" free="1820928" total="2228224" percent="81">
      <mem type="allocate" free="1820928" total="1966080" percent="92" />
      <mem type="survivor" free="0" total="262144" percent="0" />
    </mem>
    <mem type="tenure" free="4190590384" total="4201447424" percent="99" macro-fragmented="0">
      <mem type="soa" free="3980518832" total="3991375872" percent="99" />
      <mem type="loa" free="210071552" total="210071552" percent="100" />
    </mem>
    <remembered-set count="295" />
  </mem-info>
</gc-end>
<cycle-end id="1935" type="scavenge" contextid="1929" timestamp="2019-08-11T07:39:19.241" />
  <attribute name="elasticGC enabled" value="1" />
  <attribute name= "numThreadsSpecified" value="16" />
  <attribute name="heapSize specified" value="8519680" />
  <attribute name="Current GC Util" value="0" />
  <attribute name= "Current Time Running" value="50079" />
  <attribute name ="GC Interval" value="200" />
  <attribute name="ProportionalT" value="-40.000000" />
  <attribute name="ProportionalI" value="-40.000000" />
  <attribute name="ProportionalH" value="-40.000000" />
  <attribute name="Current Error" value="-80.000000" />
  <attribute name="IntegralT" value="-13920.000000" />
  <attribute name="IntegralI" value="-13920.000000" />
  <attribute name="IntegralH" value="-13920.000000" />
  <attribute name="DerivativeT" value="-0.229885" />
  <attribute name="DerivativeI" value="-0.229885" />
  <attribute name="DerivativeH" value="-0.229885" />
  <attribute name="Loop Time for DT" value="348.000000" />
  <attribute name="Output H" value="4203675648"/>
  <attribute name="Output I" value="200"/>
  <attribute name="Output T" value="16"/>
  <attribute name="Target GC Util Change" value ="80.000000" />
  <attribute name="Current GC Util Change" value="0.000000"/>
  <attribute name="GC Util currently" value="0" />
  <attribute name="CPU Util currently" value="2" />
<allocation-satisfied id="1936" threadId="0000000000B90A00" bytesRequested="32" />
<af-end id="1937" timestamp="2019-08-11T07:39:19.241" threadId="0000000000B91388" success="true" from="nursery"/>
<exclusive-end id="1938" timestamp="2019-08-11T07:39:19.241" durationms="1.174" />

<exclusive-start id="1939" timestamp="2019-08-11T07:39:19.652" intervalms="412.807">
  <response-info timems="0.059" idlems="0.059" threads="0" lastid="0000000000BC9100" lastname="node-14" />
</exclusive-start>
<af-start id="1940" threadId="0000000000BC9A88" totalBytesRequested="24" timestamp="2019-08-11T07:39:19.652" intervalms="412.805" type="nursery" />
<cycle-start id="1941" type="scavenge" contextid="0" timestamp="2019-08-11T07:39:19.652" intervalms="412.805" />
<gc-start id="1942" type="scavenge" contextid="1941" timestamp="2019-08-11T07:39:19.653">
  <mem-info id="1943" free="4190590384" total="4203675648" percent="99">
    <mem type="nursery" free="0" total="2228224" percent="0">
      <mem type="allocate" free="0" total="1966080" percent="0" />
      <mem type="survivor" free="0" total="262144" percent="0" />
    </mem>
    <mem type="tenure" free="4190590384" total="4201447424" percent="99">
      <mem type="soa" free="3980518832" total="3991375872" percent="99" />
      <mem type="loa" free="210071552" total="210071552" percent="100" />
    </mem>
    <remembered-set count="384" />
  </mem-info>
</gc-start>
<allocation-stats totalBytes="1819856" >
  <allocated-bytes non-tlh="32" tlh="1819824" />
  <largest-consumer threadName="node-23" threadId="0000000000B90A00" bytes="90112" />
</allocation-stats>
<gc-op id="1944" type="scavenge" timems="0.805" contextid="1941" timestamp="2019-08-11T07:39:19.653">
  <scavenger-info tenureage="2" tenuremask="4004" tiltratio="88" />
  <memory-copied type="nursery" objects="2641" bytes="65152" bytesdiscarded="63872" />
  <memory-copied type="tenure" objects="996" bytes="23904" bytesdiscarded="0" />
</gc-op>
<gc-end id="1945" type="scavenge" contextid="1941" durationms="0.893" usertimems="0.000" systemtimems="2.481" timestamp="2019-08-11T07:39:19.653" activeThreads="16">
  <mem-info id="1946" free="4192411312" total="4203675648" percent="99">
    <mem type="nursery" free="1837056" total="2228224" percent="82">
      <mem type="allocate" free="1837056" total="1966080" percent="93" />
      <mem type="survivor" free="0" total="262144" percent="0" />
    </mem>
    <mem type="tenure" free="4190574256" total="4201447424" percent="99" macro-fragmented="0">
      <mem type="soa" free="3980502704" total="3991375872" percent="99" />
      <mem type="loa" free="210071552" total="210071552" percent="100" />
    </mem>
    <remembered-set count="307" />
  </mem-info>
</gc-end>
<cycle-end id="1947" type="scavenge" contextid="1941" timestamp="2019-08-11T07:39:19.653" />
  <attribute name="elasticGC enabled" value="1" />
  <attribute name= "numThreadsSpecified" value="16" />
  <attribute name="heapSize specified" value="8519680" />
  <attribute name="Current GC Util" value="0" />
  <attribute name= "Current Time Running" value="50492" />
  <attribute name ="GC Interval" value="200" />
  <attribute name="ProportionalT" value="-40.000000" />
  <attribute name="ProportionalI" value="-40.000000" />
  <attribute name="ProportionalH" value="-40.000000" />
  <attribute name="Current Error" value="-80.000000" />
  <attribute name="IntegralT" value="-16520.000000" />
  <attribute name="IntegralI" value="-16520.000000" />
  <attribute name="IntegralH" value="-16520.000000" />
  <attribute name="DerivativeT" value="-0.193705" />
  <attribute name="DerivativeI" value="-0.193705" />
  <attribute name="DerivativeH" value="-0.193705" />
  <attribute name="Loop Time for DT" value="413.000000" />
  <attribute name="Output H" value="4203675648"/>
  <attribute name="Output I" value="200"/>
  <attribute name="Output T" value="16"/>
  <attribute name="Target GC Util Change" value ="80.000000" />
  <attribute name="Current GC Util Change" value="0.000000"/>
  <attribute name="GC Util currently" value="0" />
  <attribute name="CPU Util currently" value="5" />
<allocation-satisfied id="1948" threadId="0000000000BC9100" bytesRequested="24" />
<af-end id="1949" timestamp="2019-08-11T07:39:19.653" threadId="0000000000BC9A88" success="true" from="nursery"/>
<exclusive-end id="1950" timestamp="2019-08-11T07:39:19.653" durationms="1.050" />

<exclusive-start id="1951" timestamp="2019-08-11T07:39:20.081" intervalms="428.786">
  <response-info timems="0.041" idlems="0.041" threads="0" lastid="0000000000BC9100" lastname="node-14" />
</exclusive-start>
<af-start id="1952" threadId="0000000000BC9A88" totalBytesRequested="24" timestamp="2019-08-11T07:39:20.081" intervalms="428.787" type="nursery" />
<cycle-start id="1953" type="scavenge" contextid="0" timestamp="2019-08-11T07:39:20.081" intervalms="428.788" />
<gc-start id="1954" type="scavenge" contextid="1953" timestamp="2019-08-11T07:39:20.081">
  <mem-info id="1955" free="4190574256" total="4203675648" percent="99">
    <mem type="nursery" free="0" total="2228224" percent="0">
      <mem type="allocate" free="0" total="1966080" percent="0" />
      <mem type="survivor" free="0" total="262144" percent="0" />
    </mem>
    <mem type="tenure" free="4190574256" total="4201447424" percent="99">
      <mem type="soa" free="3980502704" total="3991375872" percent="99" />
      <mem type="loa" free="210071552" total="210071552" percent="100" />
    </mem>
    <remembered-set count="384" />
  </mem-info>
</gc-start>
<allocation-stats totalBytes="1836432" >
  <allocated-bytes non-tlh="24" tlh="1836408" />
  <largest-consumer threadName="node-0" threadId="0000000000B9FA00" bytes="90096" />
</allocation-stats>
<gc-op id="1956" type="scavenge" timems="1.110" contextid="1953" timestamp="2019-08-11T07:39:20.083">
  <scavenger-info tenureage="2" tenuremask="4004" tiltratio="88" />
  <memory-copied type="nursery" objects="2882" bytes="70880" bytesdiscarded="74272" />
  <memory-copied type="tenure" objects="1180" bytes="28320" bytesdiscarded="0" />
</gc-op>
<gc-end id="1957" type="scavenge" contextid="1953" durationms="1.259" usertimems="1.995" systemtimems="0.084" timestamp="2019-08-11T07:39:20.083" activeThreads="16">
  <mem-info id="1958" free="4192362928" total="4203675648" percent="99">
    <mem type="nursery" free="1820928" total="2228224" percent="81">
      <mem type="allocate" free="1820928" total="1966080" percent="92" />
      <mem type="survivor" free="0" total="262144" percent="0" />
    </mem>
    <mem type="tenure" free="4190542000" total="4201447424" percent="99" macro-fragmented="0">
      <mem type="soa" free="3980470448" total="3991375872" percent="99" />
      <mem type="loa" free="210071552" total="210071552" percent="100" />
    </mem>
    <remembered-set count="319" />
  </mem-info>
</gc-end>
<cycle-end id="1959" type="scavenge" contextid="1953" timestamp="2019-08-11T07:39:20.083" />
  <attribute name="elasticGC enabled" value="1" />
  <attribute name= "numThreadsSpecified" value="16" />
  <attribute name="heapSize specified" value="8519680" />
  <attribute name="Current GC Util" value="0" />
  <attribute name= "Current Time Running" value="50921" />
  <attribute name ="GC Interval" value="200" />
  <attribute name="ProportionalT" value="-40.000000" />
  <attribute name="ProportionalI" value="-40.000000" />
  <attribute name="ProportionalH" value="-40.000000" />
  <attribute name="Current Error" value="-80.000000" />
  <attribute name="IntegralT" value="-17160.000000" />
  <attribute name="IntegralI" value="-17160.000000" />
  <attribute name="IntegralH" value="-17160.000000" />
  <attribute name="DerivativeT" value="-0.186480" />
  <attribute name="DerivativeI" value="-0.186480" />
  <attribute name="DerivativeH" value="-0.186480" />
  <attribute name="Loop Time for DT" value="429.000000" />
  <attribute name="Output H" value="4203675648"/>
  <attribute name="Output I" value="200"/>
  <attribute name="Output T" value="16"/>
  <attribute name="Target GC Util Change" value ="80.000000" />
  <attribute name="Current GC Util Change" value="0.000000"/>
  <attribute name="GC Util currently" value="0" />
  <attribute name="CPU Util currently" value="5" />
<allocation-satisfied id="1960" threadId="0000000000BC9100" bytesRequested="24" />
<af-end id="1961" timestamp="2019-08-11T07:39:20.083" threadId="0000000000BC9A88" success="true" from="nursery"/>
<exclusive-end id="1962" timestamp="2019-08-11T07:39:20.083" durationms="1.504" />

<exclusive-start id="1963" timestamp="2019-08-11T07:39:20.413" intervalms="331.923">
  <response-info timems="0.055" idlems="0.030" threads="1" lastid="0000000000B8CE00" lastname="node-13" />
</exclusive-start>
<af-start id="1964" threadId="0000000000B89B88" totalBytesRequested="720" timestamp="2019-08-11T07:39:20.413" intervalms="331.931" type="nursery" />
<cycle-start id="1965" type="scavenge" contextid="0" timestamp="2019-08-11T07:39:20.413" intervalms="331.933" />
<gc-start id="1966" type="scavenge" contextid="1965" timestamp="2019-08-11T07:39:20.413">
  <mem-info id="1967" free="4190542000" total="4203675648" percent="99">
    <mem type="nursery" free="0" total="2228224" percent="0">
      <mem type="allocate" free="0" total="1966080" percent="0" />
      <mem type="survivor" free="0" total="262144" percent="0" />
    </mem>
    <mem type="tenure" free="4190542000" total="4201447424" percent="99">
      <mem type="soa" free="3980470448" total="3991375872" percent="99" />
      <mem type="loa" free="210071552" total="210071552" percent="100" />
    </mem>
    <remembered-set count="384" />
  </mem-info>
</gc-start>
<allocation-stats totalBytes="1817504" >
  <allocated-bytes non-tlh="24" tlh="1817480" />
  <largest-consumer threadName="node-23" threadId="0000000000B90A00" bytes="90088" />
</allocation-stats>
<gc-op id="1968" type="scavenge" timems="1.128" contextid="1965" timestamp="2019-08-11T07:39:20.414">
  <scavenger-info tenureage="2" tenuremask="4004" tiltratio="88" />
  <memory-copied type="nursery" objects="2552" bytes="76864" bytesdiscarded="36032" />
  <memory-copied type="tenure" objects="1316" bytes="31584" bytesdiscarded="0" />
</gc-op>
<gc-end id="1969" type="scavenge" contextid="1965" durationms="1.223" usertimems="2.725" systemtimems="0.122" timestamp="2019-08-11T07:39:20.414" activeThreads="16">
  <mem-info id="1970" free="4192362928" total="4203675648" percent="99">
    <mem type="nursery" free="1853184" total="2228224" percent="83">
      <mem type="allocate" free="1853184" total="1966080" percent="94" />
      <mem type="survivor" free="0" total="262144" percent="0" />
    </mem>
    <mem type="tenure" free="4190509744" total="4201447424" percent="99" macro-fragmented="0">
      <mem type="soa" free="3980438192" total="3991375872" percent="99" />
      <mem type="loa" free="210071552" total="210071552" percent="100" />
    </mem>
    <remembered-set count="299" />
  </mem-info>
</gc-end>
<cycle-end id="1971" type="scavenge" contextid="1965" timestamp="2019-08-11T07:39:20.415" />
  <attribute name="elasticGC enabled" value="1" />
  <attribute name= "numThreadsSpecified" value="16" />
  <attribute name="heapSize specified" value="8519680" />
  <attribute name="Current GC Util" value="0" />
  <attribute name= "Current Time Running" value="51252" />
  <attribute name ="GC Interval" value="200" />
  <attribute name="ProportionalT" value="-40.000000" />
  <attribute name="ProportionalI" value="-40.000000" />
  <attribute name="ProportionalH" value="-40.000000" />
  <attribute name="Current Error" value="-80.000000" />
  <attribute name="IntegralT" value="-13240.000000" />
  <attribute name="IntegralI" value="-13240.000000" />
  <attribute name="IntegralH" value="-13240.000000" />
  <attribute name="DerivativeT" value="-0.241692" />
  <attribute name="DerivativeI" value="-0.241692" />
  <attribute name="DerivativeH" value="-0.241692" />
  <attribute name="Loop Time for DT" value="331.000000" />
  <attribute name="Output H" value="4203675648"/>
  <attribute name="Output I" value="200"/>
  <attribute name="Output T" value="16"/>
  <attribute name="Target GC Util Change" value ="80.000000" />
  <attribute name="Current GC Util Change" value="0.000000"/>
  <attribute name="GC Util currently" value="0" />
  <attribute name="CPU Util currently" value="3" />
<allocation-satisfied id="1972" threadId="0000000000B89200" bytesRequested="720" />
<af-end id="1973" timestamp="2019-08-11T07:39:20.415" threadId="0000000000B89B88" success="true" from="nursery"/>
<exclusive-end id="1974" timestamp="2019-08-11T07:39:20.415" durationms="1.442" />

<exclusive-start id="1975" timestamp="2019-08-11T07:39:20.694" intervalms="281.020">
  <response-info timems="0.102" idlems="0.055" threads="1" lastid="0000000000B7A300" lastname="node-11" />
</exclusive-start>
<af-start id="1976" threadId="0000000000B82488" totalBytesRequested="16" timestamp="2019-08-11T07:39:20.694" intervalms="281.024" type="nursery" />
<cycle-start id="1977" type="scavenge" contextid="0" timestamp="2019-08-11T07:39:20.694" intervalms="281.030" />
<gc-start id="1978" type="scavenge" contextid="1977" timestamp="2019-08-11T07:39:20.694">
  <mem-info id="1979" free="4190509744" total="4203675648" percent="99">
    <mem type="nursery" free="0" total="2228224" percent="0">
      <mem type="allocate" free="0" total="1966080" percent="0" />
      <mem type="survivor" free="0" total="262144" percent="0" />
    </mem>
    <mem type="tenure" free="4190509744" total="4201447424" percent="99">
      <mem type="soa" free="3980438192" total="3991375872" percent="99" />
      <mem type="loa" free="210071552" total="210071552" percent="100" />
    </mem>
    <remembered-set count="386" />
  </mem-info>
</gc-start>
<allocation-stats totalBytes="1849208" >
  <allocated-bytes non-tlh="720" tlh="1848488" />
  <largest-consumer threadName="node-24" threadId="0000000000B89200" bytes="90408" />
</allocation-stats>
<gc-op id="1980" type="scavenge" timems="1.348" contextid="1977" timestamp="2019-08-11T07:39:20.696">
  <scavenger-info tenureage="2" tenuremask="4004" tiltratio="88" />
  <memory-copied type="nursery" objects="1931" bytes="61160" bytesdiscarded="51736" />
  <memory-copied type="tenure" objects="1425" bytes="34200" bytesdiscarded="0" />
</gc-op>
<gc-end id="1981" type="scavenge" contextid="1977" durationms="1.438" usertimems="0.622" systemtimems="2.662" timestamp="2019-08-11T07:39:20.696" activeThreads="16">
  <mem-info id="1982" free="4192330672" total="4203675648" percent="99">
    <mem type="nursery" free="1853184" total="2228224" percent="83">
      <mem type="allocate" free="1853184" total="1966080" percent="94" />
      <mem type="survivor" free="0" total="262144" percent="0" />
    </mem>
    <mem type="tenure" free="4190477488" total="4201447424" percent="99" macro-fragmented="0">
      <mem type="soa" free="3980405936" total="3991375872" percent="99" />
      <mem type="loa" free="210071552" total="210071552" percent="100" />
    </mem>
    <remembered-set count="298" />
  </mem-info>
</gc-end>
<cycle-end id="1983" type="scavenge" contextid="1977" timestamp="2019-08-11T07:39:20.696" />
  <attribute name="elasticGC enabled" value="1" />
  <attribute name= "numThreadsSpecified" value="16" />
  <attribute name="heapSize specified" value="8519680" />
  <attribute name="Current GC Util" value="0" />
  <attribute name= "Current Time Running" value="51534" />
  <attribute name ="GC Interval" value="200" />
  <attribute name="ProportionalT" value="-40.000000" />
  <attribute name="ProportionalI" value="-40.000000" />
  <attribute name="ProportionalH" value="-40.000000" />
  <attribute name="Current Error" value="-80.000000" />
  <attribute name="IntegralT" value="-11280.000000" />
  <attribute name="IntegralI" value="-11280.000000" />
  <attribute name="IntegralH" value="-11280.000000" />
  <attribute name="DerivativeT" value="-0.283688" />
  <attribute name="DerivativeI" value="-0.283688" />
  <attribute name="DerivativeH" value="-0.283688" />
  <attribute name="Loop Time for DT" value="282.000000" />
  <attribute name="Output H" value="4203675648"/>
  <attribute name="Output I" value="200"/>
  <attribute name="Output T" value="16"/>
  <attribute name="Target GC Util Change" value ="80.000000" />
  <attribute name="Current GC Util Change" value="0.000000"/>
  <attribute name="GC Util currently" value="0" />
  <attribute name="CPU Util currently" value="0" />
<allocation-satisfied id="1984" threadId="0000000000B81B00" bytesRequested="16" />
<af-end id="1985" timestamp="2019-08-11T07:39:20.696" threadId="0000000000B82488" success="true" from="nursery"/>
<exclusive-end id="1986" timestamp="2019-08-11T07:39:20.696" durationms="1.666" />

<exclusive-start id="1987" timestamp="2019-08-11T07:39:21.035" intervalms="341.222">
  <response-info timems="0.200" idlems="0.200" threads="0" lastid="0000000000BAAD00" lastname="node-16" />
</exclusive-start>
<af-start id="1988" threadId="0000000000BAB688" totalBytesRequested="32" timestamp="2019-08-11T07:39:21.035" intervalms="341.270" type="nursery" />
<cycle-start id="1989" type="scavenge" contextid="0" timestamp="2019-08-11T07:39:21.036" intervalms="341.276" />
<gc-start id="1990" type="scavenge" contextid="1989" timestamp="2019-08-11T07:39:21.036">
  <mem-info id="1991" free="4190477488" total="4203675648" percent="99">
    <mem type="nursery" free="0" total="2228224" percent="0">
      <mem type="allocate" free="0" total="1966080" percent="0" />
      <mem type="survivor" free="0" total="262144" percent="0" />
    </mem>
    <mem type="tenure" free="4190477488" total="4201447424" percent="99">
      <mem type="soa" free="3980405936" total="3991375872" percent="99" />
      <mem type="loa" free="210071552" total="210071552" percent="100" />
    </mem>
    <remembered-set count="383" />
  </mem-info>
</gc-start>
<allocation-stats totalBytes="1847120" >
  <allocated-bytes non-tlh="16" tlh="1847104" />
  <largest-consumer threadName="node-9" threadId="0000000000BC5500" bytes="90088" />
</allocation-stats>
<gc-op id="1992" type="scavenge" timems="2.018" contextid="1989" timestamp="2019-08-11T07:39:21.038">
  <scavenger-info tenureage="2" tenuremask="4004" tiltratio="88" />
  <memory-copied type="nursery" objects="1801" bytes="42304" bytesdiscarded="38336" />
  <memory-copied type="tenure" objects="943" bytes="22632" bytesdiscarded="0" />
</gc-op>
<gc-end id="1993" type="scavenge" contextid="1989" durationms="2.402" usertimems="4.718" systemtimems="0.000" timestamp="2019-08-11T07:39:21.038" activeThreads="16">
  <mem-info id="1994" free="4192330672" total="4203675648" percent="99">
    <mem type="nursery" free="1885440" total="2228224" percent="84">
      <mem type="allocate" free="1885440" total="1966080" percent="95" />
      <mem type="survivor" free="0" total="262144" percent="0" />
    </mem>
    <mem type="tenure" free="4190445232" total="4201447424" percent="99" macro-fragmented="0">
      <mem type="soa" free="3980373680" total="3991375872" percent="99" />
      <mem type="loa" free="210071552" total="210071552" percent="100" />
    </mem>
    <remembered-set count="292" />
  </mem-info>
</gc-end>
<cycle-end id="1995" type="scavenge" contextid="1989" timestamp="2019-08-11T07:39:21.038" />
  <attribute name="elasticGC enabled" value="1" />
  <attribute name= "numThreadsSpecified" value="16" />
  <attribute name="heapSize specified" value="8519680" />
  <attribute name="Current GC Util" value="0" />
  <attribute name= "Current Time Running" value="51875" />
  <attribute name ="GC Interval" value="200" />
  <attribute name="ProportionalT" value="-40.000000" />
  <attribute name="ProportionalI" value="-40.000000" />
  <attribute name="ProportionalH" value="-40.000000" />
  <attribute name="Current Error" value="-80.000000" />
  <attribute name="IntegralT" value="-13640.000000" />
  <attribute name="IntegralI" value="-13640.000000" />
  <attribute name="IntegralH" value="-13640.000000" />
  <attribute name="DerivativeT" value="-0.234604" />
  <attribute name="DerivativeI" value="-0.234604" />
  <attribute name="DerivativeH" value="-0.234604" />
  <attribute name="Loop Time for DT" value="341.000000" />
  <attribute name="Output H" value="4203675648"/>
  <attribute name="Output I" value="200"/>
  <attribute name="Output T" value="16"/>
  <attribute name="Target GC Util Change" value ="80.000000" />
  <attribute name="Current GC Util Change" value="0.000000"/>
  <attribute name="GC Util currently" value="0" />
  <attribute name="CPU Util currently" value="2" />
<allocation-satisfied id="1996" threadId="0000000000BAAD00" bytesRequested="32" />
<af-end id="1997" timestamp="2019-08-11T07:39:21.038" threadId="0000000000BAB688" success="true" from="nursery"/>
<exclusive-end id="1998" timestamp="2019-08-11T07:39:21.038" durationms="2.977" />

<exclusive-start id="1999" timestamp="2019-08-11T07:39:21.352" intervalms="316.259">
  <response-info timems="0.141" idlems="0.141" threads="0" lastid="0000000000B9FA00" lastname="node-0" />
</exclusive-start>
<af-start id="2000" threadId="0000000000BA0388" totalBytesRequested="16" timestamp="2019-08-11T07:39:21.352" intervalms="316.200" type="nursery" />
<cycle-start id="2001" type="scavenge" contextid="0" timestamp="2019-08-11T07:39:21.352" intervalms="316.360" />
<gc-start id="2002" type="scavenge" contextid="2001" timestamp="2019-08-11T07:39:21.352">
  <mem-info id="2003" free="4190445232" total="4203675648" percent="99">
    <mem type="nursery" free="0" total="2228224" percent="0">
      <mem type="allocate" free="0" total="1966080" percent="0" />
      <mem type="survivor" free="0" total="262144" percent="0" />
    </mem>
    <mem type="tenure" free="4190445232" total="4201447424" percent="99">
      <mem type="soa" free="3980373680" total="3991375872" percent="99" />
      <mem type="loa" free="210071552" total="210071552" percent="100" />
    </mem>
    <remembered-set count="379" />
  </mem-info>
</gc-start>
<allocation-stats totalBytes="1884496" >
  <allocated-bytes non-tlh="32" tlh="1884464" />
  <largest-consumer threadName="node-16" threadId="0000000000BAAD00" bytes="90120" />
</allocation-stats>
<gc-op id="2004" type="scavenge" timems="1.034" contextid="2001" timestamp="2019-08-11T07:39:21.353">
  <scavenger-info tenureage="2" tenuremask="4004" tiltratio="88" />
  <memory-copied type="nursery" objects="1869" bytes="46624" bytesdiscarded="50144" />
  <memory-copied type="tenure" objects="806" bytes="19344" bytesdiscarded="0" />
</gc-op>
<gc-end id="2005" type="scavenge" contextid="2001" durationms="1.364" usertimems="0.000" systemtimems="2.626" timestamp="2019-08-11T07:39:21.353" activeThreads="16">
  <mem-info id="2006" free="4192282288" total="4203675648" percent="99">
    <mem type="nursery" free="1869312" total="2228224" percent="83">
      <mem type="allocate" free="1869312" total="1966080" percent="95" />
      <mem type="survivor" free="0" total="262144" percent="0" />
    </mem>
    <mem type="tenure" free="4190412976" total="4201447424" percent="99" macro-fragmented="0">
      <mem type="soa" free="3980341424" total="3991375872" percent="99" />
      <mem type="loa" free="210071552" total="210071552" percent="100" />
    </mem>
    <remembered-set count="294" />
  </mem-info>
</gc-end>
<cycle-end id="2007" type="scavenge" contextid="2001" timestamp="2019-08-11T07:39:21.353" />
  <attribute name="elasticGC enabled" value="1" />
  <attribute name= "numThreadsSpecified" value="16" />
  <attribute name="heapSize specified" value="8519680" />
  <attribute name="Current GC Util" value="1" />
  <attribute name= "Current Time Running" value="52191" />
  <attribute name ="GC Interval" value="200" />
  <attribute name="ProportionalT" value="-39.500000" />
  <attribute name="ProportionalI" value="-39.500000" />
  <attribute name="ProportionalH" value="-39.500000" />
  <attribute name="Current Error" value="-79.000000" />
  <attribute name="IntegralT" value="-12482.000000" />
  <attribute name="IntegralI" value="-12482.000000" />
  <attribute name="IntegralH" value="-12482.000000" />
  <attribute name="DerivativeT" value="-0.250000" />
  <attribute name="DerivativeI" value="-0.250000" />
  <attribute name="DerivativeH" value="-0.250000" />
  <attribute name="Loop Time for DT" value="316.000000" />
  <attribute name="Output H" value="4203675648"/>
  <attribute name="Output I" value="200"/>
  <attribute name="Output T" value="16"/>
  <attribute name="Target GC Util Change" value ="80.000000" />
  <attribute name="Current GC Util Change" value="1.000000"/>
  <attribute name="GC Util currently" value="1" />
  <attribute name="CPU Util currently" value="1" />
<allocation-satisfied id="2008" threadId="0000000000B9FA00" bytesRequested="16" />
<af-end id="2009" timestamp="2019-08-11T07:39:21.353" threadId="0000000000BA0388" success="true" from="nursery"/>
<exclusive-end id="2010" timestamp="2019-08-11T07:39:21.353" durationms="1.860" />

<exclusive-start id="2011" timestamp="2019-08-11T07:39:21.694" intervalms="342.277">
  <response-info timems="0.041" idlems="0.041" threads="0" lastid="0000000000B9FA00" lastname="node-0" />
</exclusive-start>
<af-start id="2012" threadId="0000000000BA0388" totalBytesRequested="32" timestamp="2019-08-11T07:39:21.694" intervalms="342.283" type="nursery" />
<cycle-start id="2013" type="scavenge" contextid="0" timestamp="2019-08-11T07:39:21.694" intervalms="342.109" />
<gc-start id="2014" type="scavenge" contextid="2013" timestamp="2019-08-11T07:39:21.694">
  <mem-info id="2015" free="4190412976" total="4203675648" percent="99">
    <mem type="nursery" free="0" total="2228224" percent="0">
      <mem type="allocate" free="0" total="1966080" percent="0" />
      <mem type="survivor" free="0" total="262144" percent="0" />
    </mem>
    <mem type="tenure" free="4190412976" total="4201447424" percent="99">
      <mem type="soa" free="3980341424" total="3991375872" percent="99" />
      <mem type="loa" free="210071552" total="210071552" percent="100" />
    </mem>
    <remembered-set count="383" />
  </mem-info>
</gc-start>
<allocation-stats totalBytes="1867968" >
  <allocated-bytes non-tlh="16" tlh="1867952" />
  <largest-consumer threadName="node-8" threadId="0000000000B76700" bytes="90112" />
</allocation-stats>
<gc-op id="2016" type="scavenge" timems="1.223" contextid="2013" timestamp="2019-08-11T07:39:21.695">
  <scavenger-info tenureage="2" tenuremask="4004" tiltratio="88" />
  <memory-copied type="nursery" objects="2090" bytes="51872" bytesdiscarded="77152" />
  <memory-copied type="tenure" objects="880" bytes="21120" bytesdiscarded="0" />
</gc-op>
<gc-end id="2017" type="scavenge" contextid="2013" durationms="1.646" usertimems="0.314" systemtimems="1.923" timestamp="2019-08-11T07:39:21.696" activeThreads="16">
  <mem-info id="2018" free="4192233904" total="4203675648" percent="99">
    <mem type="nursery" free="1837056" total="2228224" percent="82">
      <mem type="allocate" free="1837056" total="1966080" percent="93" />
      <mem type="survivor" free="0" total="262144" percent="0" />
    </mem>
    <mem type="tenure" free="4190396848" total="4201447424" percent="99" macro-fragmented="0">
      <mem type="soa" free="3980325296" total="3991375872" percent="99" />
      <mem type="loa" free="210071552" total="210071552" percent="100" />
    </mem>
    <remembered-set count="316" />
  </mem-info>
</gc-end>
<cycle-end id="2019" type="scavenge" contextid="2013" timestamp="2019-08-11T07:39:21.696" />
  <attribute name="elasticGC enabled" value="1" />
  <attribute name= "numThreadsSpecified" value="16" />
  <attribute name="heapSize specified" value="8519680" />
  <attribute name="Current GC Util" value="0" />
  <attribute name= "Current Time Running" value="52533" />
  <attribute name ="GC Interval" value="200" />
  <attribute name="ProportionalT" value="-40.000000" />
  <attribute name="ProportionalI" value="-40.000000" />
  <attribute name="ProportionalH" value="-40.000000" />
  <attribute name="Current Error" value="-80.000000" />
  <attribute name="IntegralT" value="-13680.000000" />
  <attribute name="IntegralI" value="-13680.000000" />
  <attribute name="IntegralH" value="-13680.000000" />
  <attribute name="DerivativeT" value="-0.233918" />
  <attribute name="DerivativeI" value="-0.233918" />
  <attribute name="DerivativeH" value="-0.233918" />
  <attribute name="Loop Time for DT" value="342.000000" />
  <attribute name="Output H" value="4203675648"/>
  <attribute name="Output I" value="200"/>
  <attribute name="Output T" value="16"/>
  <attribute name="Target GC Util Change" value ="80.000000" />
  <attribute name="Current GC Util Change" value="0.000000"/>
  <attribute name="GC Util currently" value="0" />
  <attribute name="CPU Util currently" value="2" />
<allocation-satisfied id="2020" threadId="0000000000B9FA00" bytesRequested="32" />
<af-end id="2021" timestamp="2019-08-11T07:39:21.696" threadId="0000000000BA0388" success="true" from="nursery"/>
<exclusive-end id="2022" timestamp="2019-08-11T07:39:21.696" durationms="2.112" />

<exclusive-start id="2023" timestamp="2019-08-11T07:39:21.998" intervalms="303.975">
  <response-info timems="0.183" idlems="0.183" threads="0" lastid="0000000000BAAD00" lastname="node-16" />
</exclusive-start>
<af-start id="2024" threadId="0000000000BAB688" totalBytesRequested="32" timestamp="2019-08-11T07:39:21.998" intervalms="303.983" type="nursery" />
<cycle-start id="2025" type="scavenge" contextid="0" timestamp="2019-08-11T07:39:21.998" intervalms="303.987" />
<gc-start id="2026" type="scavenge" contextid="2025" timestamp="2019-08-11T07:39:21.998">
  <mem-info id="2027" free="4190396848" total="4203675648" percent="99">
    <mem type="nursery" free="0" total="2228224" percent="0">
      <mem type="allocate" free="0" total="1966080" percent="0" />
      <mem type="survivor" free="0" total="262144" percent="0" />
    </mem>
    <mem type="tenure" free="4190396848" total="4201447424" percent="99">
      <mem type="soa" free="3980325296" total="3991375872" percent="99" />
      <mem type="loa" free="210071552" total="210071552" percent="100" />
    </mem>
    <remembered-set count="382" />
  </mem-info>
</gc-start>
<allocation-stats totalBytes="1835008" >
  <allocated-bytes non-tlh="32" tlh="1834976" />
  <largest-consumer threadName="node-25" threadId="0000000000BBDD00" bytes="90112" />
</allocation-stats>
<gc-op id="2028" type="scavenge" timems="0.930" contextid="2025" timestamp="2019-08-11T07:39:21.999">
  <scavenger-info tenureage="2" tenuremask="4004" tiltratio="88" />
  <memory-copied type="nursery" objects="2074" bytes="51488" bytesdiscarded="77536" />
  <memory-copied type="tenure" objects="844" bytes="20256" bytesdiscarded="0" />
</gc-op>
<gc-end id="2029" type="scavenge" contextid="2025" durationms="1.218" usertimems="1.633" systemtimems="1.898" timestamp="2019-08-11T07:39:21.999" activeThreads="16">
  <mem-info id="2030" free="4192217776" total="4203675648" percent="99">
    <mem type="nursery" free="1837056" total="2228224" percent="82">
      <mem type="allocate" free="1837056" total="1966080" percent="93" />
      <mem type="survivor" free="0" total="262144" percent="0" />
    </mem>
    <mem type="tenure" free="4190380720" total="4201447424" percent="99" macro-fragmented="0">
      <mem type="soa" free="3980309168" total="3991375872" percent="99" />
      <mem type="loa" free="210071552" total="210071552" percent="100" />
    </mem>
    <remembered-set count="309" />
  </mem-info>
</gc-end>
<cycle-end id="2031" type="scavenge" contextid="2025" timestamp="2019-08-11T07:39:21.999" />
  <attribute name="elasticGC enabled" value="1" />
  <attribute name= "numThreadsSpecified" value="16" />
  <attribute name="heapSize specified" value="8519680" />
  <attribute name="Current GC Util" value="0" />
  <attribute name= "Current Time Running" value="52837" />
  <attribute name ="GC Interval" value="200" />
  <attribute name="ProportionalT" value="-40.000000" />
  <attribute name="ProportionalI" value="-40.000000" />
  <attribute name="ProportionalH" value="-40.000000" />
  <attribute name="Current Error" value="-80.000000" />
  <attribute name="IntegralT" value="-12160.000000" />
  <attribute name="IntegralI" value="-12160.000000" />
  <attribute name="IntegralH" value="-12160.000000" />
  <attribute name="DerivativeT" value="-0.263158" />
  <attribute name="DerivativeI" value="-0.263158" />
  <attribute name="DerivativeH" value="-0.263158" />
  <attribute name="Loop Time for DT" value="304.000000" />
  <attribute name="Output H" value="4203675648"/>
  <attribute name="Output I" value="200"/>
  <attribute name="Output T" value="16"/>
  <attribute name="Target GC Util Change" value ="80.000000" />
  <attribute name="Current GC Util Change" value="0.000000"/>
  <attribute name="GC Util currently" value="0" />
  <attribute name="CPU Util currently" value="0" />
<allocation-satisfied id="2032" threadId="0000000000BAAD00" bytesRequested="32" />
<af-end id="2033" timestamp="2019-08-11T07:39:21.999" threadId="0000000000BAB688" success="true" from="nursery"/>
<exclusive-end id="2034" timestamp="2019-08-11T07:39:21.999" durationms="1.445" />

<exclusive-start id="2035" timestamp="2019-08-11T07:39:22.288" intervalms="290.498">
  <response-info timems="0.047" idlems="0.047" threads="0" lastid="0000000000BBDD00" lastname="node-25" />
</exclusive-start>
<af-start id="2036" threadId="0000000000BBE688" totalBytesRequested="24" timestamp="2019-08-11T07:39:22.288" intervalms="290.505" type="nursery" />
<cycle-start id="2037" type="scavenge" contextid="0" timestamp="2019-08-11T07:39:22.288" intervalms="290.510" />
<gc-start id="2038" type="scavenge" contextid="2037" timestamp="2019-08-11T07:39:22.289">
  <mem-info id="2039" free="4190380720" total="4203675648" percent="99">
    <mem type="nursery" free="0" total="2228224" percent="0">
      <mem type="allocate" free="0" total="1966080" percent="0" />
      <mem type="survivor" free="0" total="262144" percent="0" />
    </mem>
    <mem type="tenure" free="4190380720" total="4201447424" percent="99">
      <mem type="soa" free="3980309168" total="3991375872" percent="99" />
      <mem type="loa" free="210071552" total="210071552" percent="100" />
    </mem>
    <remembered-set count="377" />
  </mem-info>
</gc-start>
<allocation-stats totalBytes="1833992" >
  <allocated-bytes non-tlh="32" tlh="1833960" />
  <largest-consumer threadName="node-9" threadId="0000000000BC5500" bytes="90112" />
</allocation-stats>
<gc-op id="2040" type="scavenge" timems="1.031" contextid="2037" timestamp="2019-08-11T07:39:22.290">
  <scavenger-info tenureage="2" tenuremask="4004" tiltratio="88" />
  <memory-copied type="nursery" objects="2007" bytes="49824" bytesdiscarded="79200" />
  <memory-copied type="tenure" objects="1104" bytes="26496" bytesdiscarded="0" />
</gc-op>
<gc-end id="2041" type="scavenge" contextid="2037" durationms="1.329" usertimems="1.096" systemtimems="0.890" timestamp="2019-08-11T07:39:22.290" activeThreads="16">
  <mem-info id="2042" free="4192185520" total="4203675648" percent="99">
    <mem type="nursery" free="1837056" total="2228224" percent="82">
      <mem type="allocate" free="1837056" total="1966080" percent="93" />
      <mem type="survivor" free="0" total="262144" percent="0" />
    </mem>
    <mem type="tenure" free="4190348464" total="4201447424" percent="99" macro-fragmented="0">
      <mem type="soa" free="3980276912" total="3991375872" percent="99" />
      <mem type="loa" free="210071552" total="210071552" percent="100" />
    </mem>
    <remembered-set count="297" />
  </mem-info>
</gc-end>
<cycle-end id="2043" type="scavenge" contextid="2037" timestamp="2019-08-11T07:39:22.290" />
  <attribute name="elasticGC enabled" value="1" />
  <attribute name= "numThreadsSpecified" value="16" />
  <attribute name="heapSize specified" value="8519680" />
  <attribute name="Current GC Util" value="0" />
  <attribute name= "Current Time Running" value="53128" />
  <attribute name ="GC Interval" value="200" />
  <attribute name="ProportionalT" value="-40.000000" />
  <attribute name="ProportionalI" value="-40.000000" />
  <attribute name="ProportionalH" value="-40.000000" />
  <attribute name="Current Error" value="-80.000000" />
  <attribute name="IntegralT" value="-11640.000000" />
  <attribute name="IntegralI" value="-11640.000000" />
  <attribute name="IntegralH" value="-11640.000000" />
  <attribute name="DerivativeT" value="-0.274914" />
  <attribute name="DerivativeI" value="-0.274914" />
  <attribute name="DerivativeH" value="-0.274914" />
  <attribute name="Loop Time for DT" value="291.000000" />
  <attribute name="Output H" value="4203675648"/>
  <attribute name="Output I" value="200"/>
  <attribute name="Output T" value="16"/>
  <attribute name="Target GC Util Change" value ="80.000000" />
  <attribute name="Current GC Util Change" value="0.000000"/>
  <attribute name="GC Util currently" value="0" />
  <attribute name="CPU Util currently" value="1" />
<allocation-satisfied id="2044" threadId="0000000000BBDD00" bytesRequested="24" />
<af-end id="2045" timestamp="2019-08-11T07:39:22.290" threadId="0000000000BBE688" success="true" from="nursery"/>
<exclusive-end id="2046" timestamp="2019-08-11T07:39:22.290" durationms="1.620" />

<exclusive-start id="2047" timestamp="2019-08-11T07:39:22.793" intervalms="504.183">
  <response-info timems="0.114" idlems="0.114" threads="0" lastid="0000000000BB6100" lastname="node-10" />
</exclusive-start>
<af-start id="2048" threadId="0000000000BB6A88" totalBytesRequested="24" timestamp="2019-08-11T07:39:22.793" intervalms="504.224" type="nursery" />
<cycle-start id="2049" type="scavenge" contextid="0" timestamp="2019-08-11T07:39:22.793" intervalms="504.229" />
<gc-start id="2050" type="scavenge" contextid="2049" timestamp="2019-08-11T07:39:22.793">
  <mem-info id="2051" free="4190348464" total="4203675648" percent="99">
    <mem type="nursery" free="0" total="2228224" percent="0">
      <mem type="allocate" free="0" total="1966080" percent="0" />
      <mem type="survivor" free="0" total="262144" percent="0" />
    </mem>
    <mem type="tenure" free="4190348464" total="4201447424" percent="99">
      <mem type="soa" free="3980276912" total="3991375872" percent="99" />
      <mem type="loa" free="210071552" total="210071552" percent="100" />
    </mem>
    <remembered-set count="379" />
  </mem-info>
</gc-start>
<allocation-stats totalBytes="1834576" >
  <allocated-bytes non-tlh="24" tlh="1834552" />
  <largest-consumer threadName="node-9" threadId="0000000000BC5500" bytes="90096" />
</allocation-stats>
<gc-op id="2052" type="scavenge" timems="1.806" contextid="2049" timestamp="2019-08-11T07:39:22.795">
  <scavenger-info tenureage="2" tenuremask="4004" tiltratio="88" />
  <memory-copied type="nursery" objects="2857" bytes="70280" bytesdiscarded="58744" />
  <memory-copied type="tenure" objects="828" bytes="19872" bytesdiscarded="0" />
</gc-op>
<gc-end id="2053" type="scavenge" contextid="2049" durationms="2.662" usertimems="3.808" systemtimems="0.000" timestamp="2019-08-11T07:39:22.795" activeThreads="16">
  <mem-info id="2054" free="4192153264" total="4203675648" percent="99">
    <mem type="nursery" free="1837056" total="2228224" percent="82">
      <mem type="allocate" free="1837056" total="1966080" percent="93" />
      <mem type="survivor" free="0" total="262144" percent="0" />
    </mem>
    <mem type="tenure" free="4190316208" total="4201447424" percent="99" macro-fragmented="0">
      <mem type="soa" free="3980244656" total="3991375872" percent="99" />
      <mem type="loa" free="210071552" total="210071552" percent="100" />
    </mem>
    <remembered-set count="317" />
  </mem-info>
</gc-end>
<cycle-end id="2055" type="scavenge" contextid="2049" timestamp="2019-08-11T07:39:22.796" />
  <attribute name="elasticGC enabled" value="1" />
  <attribute name= "numThreadsSpecified" value="16" />
  <attribute name="heapSize specified" value="8519680" />
  <attribute name="Current GC Util" value="0" />
  <attribute name= "Current Time Running" value="53633" />
  <attribute name ="GC Interval" value="200" />
  <attribute name="ProportionalT" value="-40.000000" />
  <attribute name="ProportionalI" value="-40.000000" />
  <attribute name="ProportionalH" value="-40.000000" />
  <attribute name="Current Error" value="-80.000000" />
  <attribute name="IntegralT" value="-20200.000000" />
  <attribute name="IntegralI" value="-20200.000000" />
  <attribute name="IntegralH" value="-20200.000000" />
  <attribute name="DerivativeT" value="-0.158416" />
  <attribute name="DerivativeI" value="-0.158416" />
  <attribute name="DerivativeH" value="-0.158416" />
  <attribute name="Loop Time for DT" value="505.000000" />
  <attribute name="Output H" value="4203675648"/>
  <attribute name="Output I" value="200"/>
  <attribute name="Output T" value="16"/>
  <attribute name="Target GC Util Change" value ="80.000000" />
  <attribute name="Current GC Util Change" value="0.000000"/>
  <attribute name="GC Util currently" value="0" />
  <attribute name="CPU Util currently" value="5" />
<allocation-satisfied id="2056" threadId="0000000000BB6100" bytesRequested="24" />
<af-end id="2057" timestamp="2019-08-11T07:39:22.796" threadId="0000000000BB6A88" success="true" from="nursery"/>
<exclusive-end id="2058" timestamp="2019-08-11T07:39:22.796" durationms="3.059" />

<exclusive-start id="2059" timestamp="2019-08-11T07:39:23.137" intervalms="344.648">
  <response-info timems="0.118" idlems="0.118" threads="0" lastid="0000000000B89200" lastname="node-24" />
</exclusive-start>
<af-start id="2060" threadId="0000000000B89B88" totalBytesRequested="32" timestamp="2019-08-11T07:39:23.137" intervalms="344.620" type="nursery" />
<cycle-start id="2061" type="scavenge" contextid="0" timestamp="2019-08-11T07:39:23.137" intervalms="344.614" />
<gc-start id="2062" type="scavenge" contextid="2061" timestamp="2019-08-11T07:39:23.137">
  <mem-info id="2063" free="4190316208" total="4203675648" percent="99">
    <mem type="nursery" free="0" total="2228224" percent="0">
      <mem type="allocate" free="0" total="1966080" percent="0" />
      <mem type="survivor" free="0" total="262144" percent="0" />
    </mem>
    <mem type="tenure" free="4190316208" total="4201447424" percent="99">
      <mem type="soa" free="3980244656" total="3991375872" percent="99" />
      <mem type="loa" free="210071552" total="210071552" percent="100" />
    </mem>
    <remembered-set count="383" />
  </mem-info>
</gc-start>
<allocation-stats totalBytes="1831432" >
  <allocated-bytes non-tlh="24" tlh="1831408" />
  <largest-consumer threadName="node-9" threadId="0000000000BC5500" bytes="90104" />
</allocation-stats>
<gc-op id="2064" type="scavenge" timems="1.155" contextid="2061" timestamp="2019-08-11T07:39:23.139">
  <scavenger-info tenureage="2" tenuremask="4004" tiltratio="88" />
  <memory-copied type="nursery" objects="2772" bytes="65608" bytesdiscarded="47288" />
  <memory-copied type="tenure" objects="1035" bytes="24840" bytesdiscarded="0" />
</gc-op>
<gc-end id="2065" type="scavenge" contextid="2061" durationms="1.271" usertimems="1.988" systemtimems="1.383" timestamp="2019-08-11T07:39:23.139" activeThreads="16">
  <mem-info id="2066" free="4192137136" total="4203675648" percent="99">
    <mem type="nursery" free="1853184" total="2228224" percent="83">
      <mem type="allocate" free="1853184" total="1966080" percent="94" />
      <mem type="survivor" free="0" total="262144" percent="0" />
    </mem>
    <mem type="tenure" free="4190283952" total="4201447424" percent="99" macro-fragmented="0">
      <mem type="soa" free="3980212400" total="3991375872" percent="99" />
      <mem type="loa" free="210071552" total="210071552" percent="100" />
    </mem>
    <remembered-set count="297" />
  </mem-info>
</gc-end>
<cycle-end id="2067" type="scavenge" contextid="2061" timestamp="2019-08-11T07:39:23.139" />
  <attribute name="elasticGC enabled" value="1" />
  <attribute name= "numThreadsSpecified" value="16" />
  <attribute name="heapSize specified" value="8519680" />
  <attribute name="Current GC Util" value="0" />
  <attribute name= "Current Time Running" value="53977" />
  <attribute name ="GC Interval" value="200" />
  <attribute name="ProportionalT" value="-40.000000" />
  <attribute name="ProportionalI" value="-40.000000" />
  <attribute name="ProportionalH" value="-40.000000" />
  <attribute name="Current Error" value="-80.000000" />
  <attribute name="IntegralT" value="-13760.000000" />
  <attribute name="IntegralI" value="-13760.000000" />
  <attribute name="IntegralH" value="-13760.000000" />
  <attribute name="DerivativeT" value="-0.232558" />
  <attribute name="DerivativeI" value="-0.232558" />
  <attribute name="DerivativeH" value="-0.232558" />
  <attribute name="Loop Time for DT" value="344.000000" />
  <attribute name="Output H" value="4203675648"/>
  <attribute name="Output I" value="200"/>
  <attribute name="Output T" value="16"/>
  <attribute name="Target GC Util Change" value ="80.000000" />
  <attribute name="Current GC Util Change" value="0.000000"/>
  <attribute name="GC Util currently" value="0" />
  <attribute name="CPU Util currently" value="2" />
<allocation-satisfied id="2068" threadId="0000000000B89200" bytesRequested="32" />
<af-end id="2069" timestamp="2019-08-11T07:39:23.139" threadId="0000000000B89B88" success="true" from="nursery"/>
<exclusive-end id="2070" timestamp="2019-08-11T07:39:23.139" durationms="1.494" />

<exclusive-start id="2071" timestamp="2019-08-11T07:39:23.531" intervalms="394.145">
  <response-info timems="0.066" idlems="0.066" threads="0" lastid="0000000000BAAD00" lastname="node-16" />
</exclusive-start>
<af-start id="2072" threadId="0000000000BAB688" totalBytesRequested="24" timestamp="2019-08-11T07:39:23.531" intervalms="394.123" type="nursery" />
<cycle-start id="2073" type="scavenge" contextid="0" timestamp="2019-08-11T07:39:23.531" intervalms="394.121" />
<gc-start id="2074" type="scavenge" contextid="2073" timestamp="2019-08-11T07:39:23.531">
  <mem-info id="2075" free="4190283952" total="4203675648" percent="99">
    <mem type="nursery" free="0" total="2228224" percent="0">
      <mem type="allocate" free="0" total="1966080" percent="0" />
      <mem type="survivor" free="0" total="262144" percent="0" />
    </mem>
    <mem type="tenure" free="4190283952" total="4201447424" percent="99">
      <mem type="soa" free="3980212400" total="3991375872" percent="99" />
      <mem type="loa" free="210071552" total="210071552" percent="100" />
    </mem>
    <remembered-set count="388" />
  </mem-info>
</gc-start>
<allocation-stats totalBytes="1852312" >
  <allocated-bytes non-tlh="32" tlh="1852280" />
  <largest-consumer threadName="node-21" threadId="0000000000B85600" bytes="90104" />
</allocation-stats>
<gc-op id="2076" type="scavenge" timems="1.103" contextid="2073" timestamp="2019-08-11T07:39:23.533">
  <scavenger-info tenureage="2" tenuremask="4004" tiltratio="88" />
  <memory-copied type="nursery" objects="2332" bytes="57680" bytesdiscarded="87472" />
  <memory-copied type="tenure" objects="1681" bytes="40344" bytesdiscarded="0" />
</gc-op>
<gc-end id="2077" type="scavenge" contextid="2073" durationms="1.201" usertimems="1.505" systemtimems="1.664" timestamp="2019-08-11T07:39:23.533" activeThreads="16">
  <mem-info id="2078" free="4192072624" total="4203675648" percent="99">
    <mem type="nursery" free="1820928" total="2228224" percent="81">
      <mem type="allocate" free="1820928" total="1966080" percent="92" />
      <mem type="survivor" free="0" total="262144" percent="0" />
    </mem>
    <mem type="tenure" free="4190251696" total="4201447424" percent="99" macro-fragmented="0">
      <mem type="soa" free="3980180144" total="3991375872" percent="99" />
      <mem type="loa" free="210071552" total="210071552" percent="100" />
    </mem>
    <remembered-set count="307" />
  </mem-info>
</gc-end>
<cycle-end id="2079" type="scavenge" contextid="2073" timestamp="2019-08-11T07:39:23.533" />
  <attribute name="elasticGC enabled" value="1" />
  <attribute name= "numThreadsSpecified" value="16" />
  <attribute name="heapSize specified" value="8519680" />
  <attribute name="Current GC Util" value="0" />
  <attribute name= "Current Time Running" value="54371" />
  <attribute name ="GC Interval" value="200" />
  <attribute name="ProportionalT" value="-40.000000" />
  <attribute name="ProportionalI" value="-40.000000" />
  <attribute name="ProportionalH" value="-40.000000" />
  <attribute name="Current Error" value="-80.000000" />
  <attribute name="IntegralT" value="-15760.000000" />
  <attribute name="IntegralI" value="-15760.000000" />
  <attribute name="IntegralH" value="-15760.000000" />
  <attribute name="DerivativeT" value="-0.203046" />
  <attribute name="DerivativeI" value="-0.203046" />
  <attribute name="DerivativeH" value="-0.203046" />
  <attribute name="Loop Time for DT" value="394.000000" />
  <attribute name="Output H" value="4203675648"/>
  <attribute name="Output I" value="200"/>
  <attribute name="Output T" value="16"/>
  <attribute name="Target GC Util Change" value ="80.000000" />
  <attribute name="Current GC Util Change" value="0.000000"/>
  <attribute name="GC Util currently" value="0" />
  <attribute name="CPU Util currently" value="4" />
<allocation-satisfied id="2080" threadId="0000000000BAAD00" bytesRequested="24" />
<af-end id="2081" timestamp="2019-08-11T07:39:23.533" threadId="0000000000BAB688" success="true" from="nursery"/>
<exclusive-end id="2082" timestamp="2019-08-11T07:39:23.533" durationms="1.388" />

<exclusive-start id="2083" timestamp="2019-08-11T07:39:23.898" intervalms="366.857">
  <response-info timems="0.078" idlems="0.078" threads="0" lastid="0000000000B90A00" lastname="node-23" />
</exclusive-start>
<af-start id="2084" threadId="0000000000B91388" totalBytesRequested="24" timestamp="2019-08-11T07:39:23.898" intervalms="366.859" type="nursery" />
<cycle-start id="2085" type="scavenge" contextid="0" timestamp="2019-08-11T07:39:23.898" intervalms="366.857" />
<gc-start id="2086" type="scavenge" contextid="2085" timestamp="2019-08-11T07:39:23.898">
  <mem-info id="2087" free="4190251696" total="4203675648" percent="99">
    <mem type="nursery" free="0" total="2228224" percent="0">
      <mem type="allocate" free="0" total="1966080" percent="0" />
      <mem type="survivor" free="0" total="262144" percent="0" />
    </mem>
    <mem type="tenure" free="4190251696" total="4201447424" percent="99">
      <mem type="soa" free="3980180144" total="3991375872" percent="99" />
      <mem type="loa" free="210071552" total="210071552" percent="100" />
    </mem>
    <remembered-set count="387" />
  </mem-info>
</gc-start>
<allocation-stats totalBytes="1819824" >
  <allocated-bytes non-tlh="24" tlh="1819800" />
  <largest-consumer threadName="node-16" threadId="0000000000BAAD00" bytes="90128" />
</allocation-stats>
<gc-op id="2088" type="scavenge" timems="1.086" contextid="2085" timestamp="2019-08-11T07:39:23.899">
  <scavenger-info tenureage="2" tenuremask="4004" tiltratio="88" />
  <memory-copied type="nursery" objects="2480" bytes="61232" bytesdiscarded="67792" />
  <memory-copied type="tenure" objects="976" bytes="23424" bytesdiscarded="0" />
</gc-op>
<gc-end id="2089" type="scavenge" contextid="2085" durationms="1.167" usertimems="2.898" systemtimems="0.440" timestamp="2019-08-11T07:39:23.900" activeThreads="16">
  <mem-info id="2090" free="4192072624" total="4203675648" percent="99">
    <mem type="nursery" free="1837056" total="2228224" percent="82">
      <mem type="allocate" free="1837056" total="1966080" percent="93" />
      <mem type="survivor" free="0" total="262144" percent="0" />
    </mem>
    <mem type="tenure" free="4190235568" total="4201447424" percent="99" macro-fragmented="0">
      <mem type="soa" free="3980164016" total="3991375872" percent="99" />
      <mem type="loa" free="210071552" total="210071552" percent="100" />
    </mem>
    <remembered-set count="319" />
  </mem-info>
</gc-end>
<cycle-end id="2091" type="scavenge" contextid="2085" timestamp="2019-08-11T07:39:23.900" />
  <attribute name="elasticGC enabled" value="1" />
  <attribute name= "numThreadsSpecified" value="16" />
  <attribute name="heapSize specified" value="8519680" />
  <attribute name="Current GC Util" value="0" />
  <attribute name= "Current Time Running" value="54738" />
  <attribute name ="GC Interval" value="200" />
  <attribute name="ProportionalT" value="-40.000000" />
  <attribute name="ProportionalI" value="-40.000000" />
  <attribute name="ProportionalH" value="-40.000000" />
  <attribute name="Current Error" value="-80.000000" />
  <attribute name="IntegralT" value="-14680.000000" />
  <attribute name="IntegralI" value="-14680.000000" />
  <attribute name="IntegralH" value="-14680.000000" />
  <attribute name="DerivativeT" value="-0.217984" />
  <attribute name="DerivativeI" value="-0.217984" />
  <attribute name="DerivativeH" value="-0.217984" />
  <attribute name="Loop Time for DT" value="367.000000" />
  <attribute name="Output H" value="4203675648"/>
  <attribute name="Output I" value="200"/>
  <attribute name="Output T" value="16"/>
  <attribute name="Target GC Util Change" value ="80.000000" />
  <attribute name="Current GC Util Change" value="0.000000"/>
  <attribute name="GC Util currently" value="0" />
  <attribute name="CPU Util currently" value="2" />
<allocation-satisfied id="2092" threadId="0000000000B90A00" bytesRequested="24" />
<af-end id="2093" timestamp="2019-08-11T07:39:23.900" threadId="0000000000B91388" success="true" from="nursery"/>
<exclusive-end id="2094" timestamp="2019-08-11T07:39:23.900" durationms="1.367" />

<exclusive-start id="2095" timestamp="2019-08-11T07:39:24.283" intervalms="384.469">
  <response-info timems="0.096" idlems="0.094" threads="1" lastid="0000000000B90A00" lastname="node-23" />
</exclusive-start>
<af-start id="2096" threadId="0000000000B82488" totalBytesRequested="32" timestamp="2019-08-11T07:39:24.283" intervalms="384.539" type="nursery" />
<cycle-start id="2097" type="scavenge" contextid="0" timestamp="2019-08-11T07:39:24.283" intervalms="384.566" />
<gc-start id="2098" type="scavenge" contextid="2097" timestamp="2019-08-11T07:39:24.283">
  <mem-info id="2099" free="4190235568" total="4203675648" percent="99">
    <mem type="nursery" free="0" total="2228224" percent="0">
      <mem type="allocate" free="0" total="1966080" percent="0" />
      <mem type="survivor" free="0" total="262144" percent="0" />
    </mem>
    <mem type="tenure" free="4190235568" total="4201447424" percent="99">
      <mem type="soa" free="3980164016" total="3991375872" percent="99" />
      <mem type="loa" free="210071552" total="210071552" percent="100" />
    </mem>
    <remembered-set count="384" />
  </mem-info>
</gc-start>
<allocation-stats totalBytes="1836096" >
  <allocated-bytes non-tlh="24" tlh="1836072" />
  <largest-consumer threadName="node-11" threadId="0000000000B7A300" bytes="90112" />
</allocation-stats>
<gc-op id="2100" type="scavenge" timems="1.214" contextid="2097" timestamp="2019-08-11T07:39:24.284">
  <scavenger-info tenureage="2" tenuremask="4004" tiltratio="88" />
  <memory-copied type="nursery" objects="2405" bytes="59432" bytesdiscarded="69592" />
  <memory-copied type="tenure" objects="1216" bytes="29184" bytesdiscarded="0" />
</gc-op>
<gc-end id="2101" type="scavenge" contextid="2097" durationms="1.411" usertimems="0.396" systemtimems="2.087" timestamp="2019-08-11T07:39:24.284" activeThreads="16">
  <mem-info id="2102" free="4192040368" total="4203675648" percent="99">
    <mem type="nursery" free="1837056" total="2228224" percent="82">
      <mem type="allocate" free="1837056" total="1966080" percent="93" />
      <mem type="survivor" free="0" total="262144" percent="0" />
    </mem>
    <mem type="tenure" free="4190203312" total="4201447424" percent="99" macro-fragmented="0">
      <mem type="soa" free="3980131760" total="3991375872" percent="99" />
      <mem type="loa" free="210071552" total="210071552" percent="100" />
    </mem>
    <remembered-set count="314" />
  </mem-info>
</gc-end>
<cycle-end id="2103" type="scavenge" contextid="2097" timestamp="2019-08-11T07:39:24.284" />
  <attribute name="elasticGC enabled" value="1" />
  <attribute name= "numThreadsSpecified" value="16" />
  <attribute name="heapSize specified" value="8519680" />
  <attribute name="Current GC Util" value="0" />
  <attribute name= "Current Time Running" value="55122" />
  <attribute name ="GC Interval" value="200" />
  <attribute name="ProportionalT" value="-40.000000" />
  <attribute name="ProportionalI" value="-40.000000" />
  <attribute name="ProportionalH" value="-40.000000" />
  <attribute name="Current Error" value="-80.000000" />
  <attribute name="IntegralT" value="-15360.000000" />
  <attribute name="IntegralI" value="-15360.000000" />
  <attribute name="IntegralH" value="-15360.000000" />
  <attribute name="DerivativeT" value="-0.208333" />
  <attribute name="DerivativeI" value="-0.208333" />
  <attribute name="DerivativeH" value="-0.208333" />
  <attribute name="Loop Time for DT" value="384.000000" />
  <attribute name="Output H" value="4203675648"/>
  <attribute name="Output I" value="200"/>
  <attribute name="Output T" value="16"/>
  <attribute name="Target GC Util Change" value ="80.000000" />
  <attribute name="Current GC Util Change" value="0.000000"/>
  <attribute name="GC Util currently" value="0" />
  <attribute name="CPU Util currently" value="3" />
<allocation-satisfied id="2104" threadId="0000000000B81B00" bytesRequested="32" />
<af-end id="2105" timestamp="2019-08-11T07:39:24.284" threadId="0000000000B82488" success="true" from="nursery"/>
<exclusive-end id="2106" timestamp="2019-08-11T07:39:24.284" durationms="1.809" />

<exclusive-start id="2107" timestamp="2019-08-11T07:39:24.621" intervalms="338.229">
  <response-info timems="0.278" idlems="0.142" threads="1" lastid="0000000000B7DF00" lastname="node-2" />
</exclusive-start>
<af-start id="2108" threadId="0000000000BBE688" totalBytesRequested="832" timestamp="2019-08-11T07:39:24.621" intervalms="338.179" type="nursery" />
<cycle-start id="2109" type="scavenge" contextid="0" timestamp="2019-08-11T07:39:24.621" intervalms="338.156" />
<gc-start id="2110" type="scavenge" contextid="2109" timestamp="2019-08-11T07:39:24.621">
  <mem-info id="2111" free="4190203312" total="4203675648" percent="99">
    <mem type="nursery" free="0" total="2228224" percent="0">
      <mem type="allocate" free="0" total="1966080" percent="0" />
      <mem type="survivor" free="0" total="262144" percent="0" />
    </mem>
    <mem type="tenure" free="4190203312" total="4201447424" percent="99">
      <mem type="soa" free="3980131760" total="3991375872" percent="99" />
      <mem type="loa" free="210071552" total="210071552" percent="100" />
    </mem>
    <remembered-set count="381" />
  </mem-info>
</gc-start>
<allocation-stats totalBytes="1831992" >
  <allocated-bytes non-tlh="32" tlh="1831960" />
  <largest-consumer threadName="node-12" threadId="0000000000B72B00" bytes="90080" />
</allocation-stats>
<gc-op id="2112" type="scavenge" timems="1.115" contextid="2109" timestamp="2019-08-11T07:39:24.622">
  <scavenger-info tenureage="2" tenuremask="4004" tiltratio="88" />
  <memory-copied type="nursery" objects="2264" bytes="73800" bytesdiscarded="55224" />
  <memory-copied type="tenure" objects="1124" bytes="26976" bytesdiscarded="0" />
</gc-op>
<gc-end id="2113" type="scavenge" contextid="2109" durationms="1.417" usertimems="1.248" systemtimems="5.039" timestamp="2019-08-11T07:39:24.622" activeThreads="16">
  <mem-info id="2114" free="4192008112" total="4203675648" percent="99">
    <mem type="nursery" free="1837056" total="2228224" percent="82">
      <mem type="allocate" free="1837056" total="1966080" percent="93" />
      <mem type="survivor" free="0" total="262144" percent="0" />
    </mem>
    <mem type="tenure" free="4190171056" total="4201447424" percent="99" macro-fragmented="0">
      <mem type="soa" free="3980099504" total="3991375872" percent="99" />
      <mem type="loa" free="210071552" total="210071552" percent="100" />
    </mem>
    <remembered-set count="297" />
  </mem-info>
</gc-end>
<cycle-end id="2115" type="scavenge" contextid="2109" timestamp="2019-08-11T07:39:24.623" />
  <attribute name="elasticGC enabled" value="1" />
  <attribute name= "numThreadsSpecified" value="16" />
  <attribute name="heapSize specified" value="8519680" />
  <attribute name="Current GC Util" value="0" />
  <attribute name= "Current Time Running" value="55460" />
  <attribute name ="GC Interval" value="200" />
  <attribute name="ProportionalT" value="-40.000000" />
  <attribute name="ProportionalI" value="-40.000000" />
  <attribute name="ProportionalH" value="-40.000000" />
  <attribute name="Current Error" value="-80.000000" />
  <attribute name="IntegralT" value="-13520.000000" />
  <attribute name="IntegralI" value="-13520.000000" />
  <attribute name="IntegralH" value="-13520.000000" />
  <attribute name="DerivativeT" value="-0.236686" />
  <attribute name="DerivativeI" value="-0.236686" />
  <attribute name="DerivativeH" value="-0.236686" />
  <attribute name="Loop Time for DT" value="338.000000" />
  <attribute name="Output H" value="4203675648"/>
  <attribute name="Output I" value="200"/>
  <attribute name="Output T" value="16"/>
  <attribute name="Target GC Util Change" value ="80.000000" />
  <attribute name="Current GC Util Change" value="0.000000"/>
  <attribute name="GC Util currently" value="0" />
  <attribute name="CPU Util currently" value="1" />
<allocation-satisfied id="2116" threadId="0000000000BBDD00" bytesRequested="832" />
<af-end id="2117" timestamp="2019-08-11T07:39:24.623" threadId="0000000000BBE688" success="true" from="nursery"/>
<exclusive-end id="2118" timestamp="2019-08-11T07:39:24.623" durationms="1.685" />

<exclusive-start id="2119" timestamp="2019-08-11T07:39:24.961" intervalms="339.632">
  <response-info timems="0.302" idlems="0.171" threads="1" lastid="0000000000B8CE00" lastname="node-13" />
</exclusive-start>
<af-start id="2120" threadId="0000000000B85F88" totalBytesRequested="32" timestamp="2019-08-11T07:39:24.961" intervalms="339.643" type="nursery" />
<cycle-start id="2121" type="scavenge" contextid="0" timestamp="2019-08-11T07:39:24.961" intervalms="339.637" />
<gc-start id="2122" type="scavenge" contextid="2121" timestamp="2019-08-11T07:39:24.961">
  <mem-info id="2123" free="4190171056" total="4203675648" percent="99">
    <mem type="nursery" free="0" total="2228224" percent="0">
      <mem type="allocate" free="0" total="1966080" percent="0" />
      <mem type="survivor" free="0" total="262144" percent="0" />
    </mem>
    <mem type="tenure" free="4190171056" total="4201447424" percent="99">
      <mem type="soa" free="3980099504" total="3991375872" percent="99" />
      <mem type="loa" free="210071552" total="210071552" percent="100" />
    </mem>
    <remembered-set count="381" />
  </mem-info>
</gc-start>
<allocation-stats totalBytes="1836496" >
  <allocated-bytes non-tlh="832" tlh="1835664" />
  <largest-consumer threadName="node-14" threadId="0000000000BC9100" bytes="90112" />
</allocation-stats>
<gc-op id="2124" type="scavenge" timems="0.970" contextid="2121" timestamp="2019-08-11T07:39:24.962">
  <scavenger-info tenureage="2" tenuremask="4004" tiltratio="88" />
  <memory-copied type="nursery" objects="2070" bytes="51392" bytesdiscarded="77632" />
  <memory-copied type="tenure" objects="1137" bytes="27288" bytesdiscarded="0" />
</gc-op>
<gc-end id="2125" type="scavenge" contextid="2121" durationms="1.245" usertimems="4.850" systemtimems="0.538" timestamp="2019-08-11T07:39:24.962" activeThreads="16">
  <mem-info id="2126" free="4191975856" total="4203675648" percent="99">
    <mem type="nursery" free="1837056" total="2228224" percent="82">
      <mem type="allocate" free="1837056" total="1966080" percent="93" />
      <mem type="survivor" free="0" total="262144" percent="0" />
    </mem>
    <mem type="tenure" free="4190138800" total="4201447424" percent="99" macro-fragmented="0">
      <mem type="soa" free="3980067248" total="3991375872" percent="99" />
      <mem type="loa" free="210071552" total="210071552" percent="100" />
    </mem>
    <remembered-set count="315" />
  </mem-info>
</gc-end>
<cycle-end id="2127" type="scavenge" contextid="2121" timestamp="2019-08-11T07:39:24.962" />
  <attribute name="elasticGC enabled" value="1" />
  <attribute name= "numThreadsSpecified" value="16" />
  <attribute name="heapSize specified" value="8519680" />
  <attribute name="Current GC Util" value="0" />
  <attribute name= "Current Time Running" value="55800" />
  <attribute name ="GC Interval" value="200" />
  <attribute name="ProportionalT" value="-40.000000" />
  <attribute name="ProportionalI" value="-40.000000" />
  <attribute name="ProportionalH" value="-40.000000" />
  <attribute name="Current Error" value="-80.000000" />
  <attribute name="IntegralT" value="-13600.000000" />
  <attribute name="IntegralI" value="-13600.000000" />
  <attribute name="IntegralH" value="-13600.000000" />
  <attribute name="DerivativeT" value="-0.235294" />
  <attribute name="DerivativeI" value="-0.235294" />
  <attribute name="DerivativeH" value="-0.235294" />
  <attribute name="Loop Time for DT" value="340.000000" />
  <attribute name="Output H" value="4203675648"/>
  <attribute name="Output I" value="200"/>
  <attribute name="Output T" value="16"/>
  <attribute name="Target GC Util Change" value ="80.000000" />
  <attribute name="Current GC Util Change" value="0.000000"/>
  <attribute name="GC Util currently" value="0" />
  <attribute name="CPU Util currently" value="1" />
<allocation-satisfied id="2128" threadId="0000000000B85600" bytesRequested="32" />
<af-end id="2129" timestamp="2019-08-11T07:39:24.962" threadId="0000000000B85F88" success="true" from="nursery"/>
<exclusive-end id="2130" timestamp="2019-08-11T07:39:24.962" durationms="1.495" />

<exclusive-start id="2131" timestamp="2019-08-11T07:39:25.407" intervalms="446.569">
  <response-info timems="0.340" idlems="0.340" threads="0" lastid="0000000000B90A00" lastname="node-23" />
</exclusive-start>
<af-start id="2132" threadId="0000000000B91388" totalBytesRequested="24" timestamp="2019-08-11T07:39:25.407" intervalms="446.538" type="nursery" />
<cycle-start id="2133" type="scavenge" contextid="0" timestamp="2019-08-11T07:39:25.407" intervalms="446.542" />
<gc-start id="2134" type="scavenge" contextid="2133" timestamp="2019-08-11T07:39:25.407">
  <mem-info id="2135" free="4190138800" total="4203675648" percent="99">
    <mem type="nursery" free="0" total="2228224" percent="0">
      <mem type="allocate" free="0" total="1966080" percent="0" />
      <mem type="survivor" free="0" total="262144" percent="0" />
    </mem>
    <mem type="tenure" free="4190138800" total="4201447424" percent="99">
      <mem type="soa" free="3980067248" total="3991375872" percent="99" />
      <mem type="loa" free="210071552" total="210071552" percent="100" />
    </mem>
    <remembered-set count="384" />
  </mem-info>
</gc-start>
<allocation-stats totalBytes="1833280" >
  <allocated-bytes non-tlh="32" tlh="1833248" />
  <largest-consumer threadName="node-8" threadId="0000000000B76700" bytes="90104" />
</allocation-stats>
<gc-op id="2136" type="scavenge" timems="1.297" contextid="2133" timestamp="2019-08-11T07:39:25.409">
  <scavenger-info tenureage="2" tenuremask="4004" tiltratio="88" />
  <memory-copied type="nursery" objects="2475" bytes="61112" bytesdiscarded="19528" />
  <memory-copied type="tenure" objects="939" bytes="22536" bytesdiscarded="0" />
</gc-op>
<gc-end id="2137" type="scavenge" contextid="2133" durationms="1.700" usertimems="3.736" systemtimems="0.000" timestamp="2019-08-11T07:39:25.409" activeThreads="16">
  <mem-info id="2138" free="4191991984" total="4203675648" percent="99">
    <mem type="nursery" free="1885440" total="2228224" percent="84">
      <mem type="allocate" free="1885440" total="1966080" percent="95" />
      <mem type="survivor" free="0" total="262144" percent="0" />
    </mem>
    <mem type="tenure" free="4190106544" total="4201447424" percent="99" macro-fragmented="0">
      <mem type="soa" free="3980034992" total="3991375872" percent="99" />
      <mem type="loa" free="210071552" total="210071552" percent="100" />
    </mem>
    <remembered-set count="316" />
  </mem-info>
</gc-end>
<cycle-end id="2139" type="scavenge" contextid="2133" timestamp="2019-08-11T07:39:25.409" />
  <attribute name="elasticGC enabled" value="1" />
  <attribute name= "numThreadsSpecified" value="16" />
  <attribute name="heapSize specified" value="8519680" />
  <attribute name="Current GC Util" value="0" />
  <attribute name= "Current Time Running" value="56247" />
  <attribute name ="GC Interval" value="200" />
  <attribute name="ProportionalT" value="-40.000000" />
  <attribute name="ProportionalI" value="-40.000000" />
  <attribute name="ProportionalH" value="-40.000000" />
  <attribute name="Current Error" value="-80.000000" />
  <attribute name="IntegralT" value="-17880.000000" />
  <attribute name="IntegralI" value="-17880.000000" />
  <attribute name="IntegralH" value="-17880.000000" />
  <attribute name="DerivativeT" value="-0.178971" />
  <attribute name="DerivativeI" value="-0.178971" />
  <attribute name="DerivativeH" value="-0.178971" />
  <attribute name="Loop Time for DT" value="447.000000" />
  <attribute name="Output H" value="4203675648"/>
  <attribute name="Output I" value="200"/>
  <attribute name="Output T" value="16"/>
  <attribute name="Target GC Util Change" value ="80.000000" />
  <attribute name="Current GC Util Change" value="0.000000"/>
  <attribute name="GC Util currently" value="0" />
  <attribute name="CPU Util currently" value="4" />
<allocation-satisfied id="2140" threadId="0000000000B90A00" bytesRequested="24" />
<af-end id="2141" timestamp="2019-08-11T07:39:25.409" threadId="0000000000B91388" success="true" from="nursery"/>
<exclusive-end id="2142" timestamp="2019-08-11T07:39:25.409" durationms="1.928" />

===== DaCapo 9.12-MR1 avrora PASSED in 56202 msec =====
<exclusive-start id="2143" timestamp="2019-08-11T07:39:25.699" intervalms="291.602">
  <response-info timems="0.040" idlems="0.040" threads="0" lastid="0000000000880F00" lastname="main" />
</exclusive-start>
<af-start id="2144" threadId="0000000000881888" totalBytesRequested="8200" timestamp="2019-08-11T07:39:25.699" intervalms="291.598" type="nursery" />
<cycle-start id="2145" type="scavenge" contextid="0" timestamp="2019-08-11T07:39:25.699" intervalms="291.591" />
<gc-start id="2146" type="scavenge" contextid="2145" timestamp="2019-08-11T07:39:25.699">
  <mem-info id="2147" free="4190105408" total="4203675648" percent="99">
    <mem type="nursery" free="0" total="2228224" percent="0">
      <mem type="allocate" free="0" total="1966080" percent="0" />
      <mem type="survivor" free="0" total="262144" percent="0" />
    </mem>
    <mem type="tenure" free="4190105408" total="4201447424" percent="99">
      <mem type="soa" free="3980033856" total="3991375872" percent="99" />
      <mem type="loa" free="210071552" total="210071552" percent="100" />
    </mem>
    <remembered-set count="449" />
  </mem-info>
</gc-start>
<allocation-stats totalBytes="1881768" >
  <allocated-bytes non-tlh="60600" tlh="1821168" />
  <largest-consumer threadName="main" threadId="0000000000880F00" bytes="469544" />
</allocation-stats>
<gc-op id="2148" type="scavenge" timems="1.427" contextid="2145" timestamp="2019-08-11T07:39:25.700">
  <scavenger-info tenureage="2" tenuremask="4004" tiltratio="88" />
  <memory-copied type="nursery" objects="2350" bytes="167752" bytesdiscarded="13240" />
  <memory-copied type="tenure" objects="989" bytes="23736" bytesdiscarded="0" />
  <references type="soft" candidates="1" cleared="0" enqueued="0" dynamicThreshold="31" maxThreshold="32" />
  <references type="weak" candidates="12" cleared="12" enqueued="12" />
  <references type="phantom" candidates="9" cleared="8" enqueued="8" />
</gc-op>
<gc-end id="2149" type="scavenge" contextid="2145" durationms="1.535" usertimems="0.939" systemtimems="1.787" timestamp="2019-08-11T07:39:25.700" activeThreads="16">
  <mem-info id="2150" free="4191808832" total="4203675648" percent="99">
    <mem type="nursery" free="1719552" total="2228224" percent="77">
      <mem type="allocate" free="1719552" total="1900544" percent="90" />
      <mem type="survivor" free="0" total="327680" percent="0" />
    </mem>
    <mem type="tenure" free="4190089280" total="4201447424" percent="99" macro-fragmented="0">
      <mem type="soa" free="3980017728" total="3991375872" percent="99" />
      <mem type="loa" free="210071552" total="210071552" percent="100" />
    </mem>
    <pending-finalizers system="0" default="0" reference="20" classloader="0" />
    <remembered-set count="336" />
  </mem-info>
</gc-end>
<cycle-end id="2151" type="scavenge" contextid="2145" timestamp="2019-08-11T07:39:25.700" />
  <attribute name="elasticGC enabled" value="1" />
  <attribute name= "numThreadsSpecified" value="16" />
  <attribute name="heapSize specified" value="8519680" />
  <attribute name="Current GC Util" value="0" />
  <attribute name= "Current Time Running" value="56538" />
  <attribute name ="GC Interval" value="200" />
  <attribute name="ProportionalT" value="-40.000000" />
  <attribute name="ProportionalI" value="-40.000000" />
  <attribute name="ProportionalH" value="-40.000000" />
  <attribute name="Current Error" value="-80.000000" />
  <attribute name="IntegralT" value="-11640.000000" />
  <attribute name="IntegralI" value="-11640.000000" />
  <attribute name="IntegralH" value="-11640.000000" />
  <attribute name="DerivativeT" value="-0.274914" />
  <attribute name="DerivativeI" value="-0.274914" />
  <attribute name="DerivativeH" value="-0.274914" />
  <attribute name="Loop Time for DT" value="291.000000" />
  <attribute name="Output H" value="4203675648"/>
  <attribute name="Output I" value="200"/>
  <attribute name="Output T" value="16"/>
  <attribute name="Target GC Util Change" value ="80.000000" />
  <attribute name="Current GC Util Change" value="0.000000"/>
  <attribute name="GC Util currently" value="0" />
  <attribute name="CPU Util currently" value="0" />
<allocation-satisfied id="2152" threadId="0000000000880F00" bytesRequested="8200" />
<af-end id="2153" timestamp="2019-08-11T07:39:25.701" threadId="0000000000881888" success="true" from="nursery"/>
<exclusive-end id="2154" timestamp="2019-08-11T07:39:25.701" durationms="1.831" />

<exclusive-start id="2155" timestamp="2019-08-11T07:39:25.800" intervalms="100.915">
  <response-info timems="0.018" idlems="0.018" threads="0" lastid="0000000000880F00" lastname="main" />
</exclusive-start>
<af-start id="2156" threadId="0000000000881888" totalBytesRequested="2056" timestamp="2019-08-11T07:39:25.800" intervalms="100.900" type="nursery" />
<cycle-start id="2157" type="scavenge" contextid="0" timestamp="2019-08-11T07:39:25.800" intervalms="100.913" />
<gc-start id="2158" type="scavenge" contextid="2157" timestamp="2019-08-11T07:39:25.800">
  <mem-info id="2159" free="4190089280" total="4203675648" percent="99">
    <mem type="nursery" free="0" total="2228224" percent="0">
      <mem type="allocate" free="0" total="1900544" percent="0" />
      <mem type="survivor" free="0" total="327680" percent="0" />
    </mem>
    <mem type="tenure" free="4190089280" total="4201447424" percent="99">
      <mem type="soa" free="3980017728" total="3991375872" percent="99" />
      <mem type="loa" free="210071552" total="210071552" percent="100" />
    </mem>
    <remembered-set count="342" />
  </mem-info>
</gc-start>
<allocation-stats totalBytes="1690648" >
  <allocated-bytes non-tlh="8200" tlh="1682448" />
  <largest-consumer threadName="main" threadId="0000000000880F00" bytes="1690648" />
</allocation-stats>
<gc-op id="2160" type="scavenge" timems="2.527" contextid="2157" timestamp="2019-08-11T07:39:25.802">
  <scavenger-info tenureage="2" tenuremask="4004" tiltratio="85" />
  <memory-copied type="nursery" objects="1060" bytes="72824" bytesdiscarded="40064" />
  <memory-copied type="tenure" objects="1350" bytes="32368" bytesdiscarded="8" />
  <finalization candidates="1" enqueued="1" />
  <references type="soft" candidates="1" cleared="0" enqueued="0" dynamicThreshold="31" maxThreshold="32" />
  <references type="weak" candidates="4" cleared="3" enqueued="3" />
  <references type="phantom" candidates="6" cleared="3" enqueued="3" />
</gc-op>
<gc-end id="2161" type="scavenge" contextid="2157" durationms="2.655" usertimems="0.802" systemtimems="4.328" timestamp="2019-08-11T07:39:25.802" activeThreads="16">
  <mem-info id="2162" free="4191844648" total="4203675648" percent="99">
    <mem type="nursery" free="1787624" total="2228224" percent="80">
      <mem type="allocate" free="1787624" total="1900544" percent="94" />
      <mem type="survivor" free="0" total="327680" percent="0" />
    </mem>
    <mem type="tenure" free="4190057024" total="4201447424" percent="99" macro-fragmented="0">
      <mem type="soa" free="3979985472" total="3991375872" percent="99" />
      <mem type="loa" free="210071552" total="210071552" percent="100" />
    </mem>
    <pending-finalizers system="1" default="0" reference="6" classloader="0" />
    <remembered-set count="267" />
  </mem-info>
</gc-end>
<cycle-end id="2163" type="scavenge" contextid="2157" timestamp="2019-08-11T07:39:25.803" />
  <attribute name="elasticGC enabled" value="1" />
  <attribute name= "numThreadsSpecified" value="16" />
  <attribute name="heapSize specified" value="8519680" />
  <attribute name="Current GC Util" value="2" />
  <attribute name= "Current Time Running" value="56639" />
  <attribute name ="GC Interval" value="200" />
  <attribute name="ProportionalT" value="-39.000000" />
  <attribute name="ProportionalI" value="-39.000000" />
  <attribute name="ProportionalH" value="-39.000000" />
  <attribute name="Current Error" value="-78.000000" />
  <attribute name="IntegralT" value="-3939.000000" />
  <attribute name="IntegralI" value="-3939.000000" />
  <attribute name="IntegralH" value="-3939.000000" />
  <attribute name="DerivativeT" value="-0.772277" />
  <attribute name="DerivativeI" value="-0.772277" />
  <attribute name="DerivativeH" value="-0.772277" />
  <attribute name="Loop Time for DT" value="101.000000" />
  <attribute name="Output H" value="4203675648"/>
  <attribute name="Output I" value="200"/>
  <attribute name="Output T" value="16"/>
  <attribute name="Target GC Util Change" value ="80.000000" />
  <attribute name="Current GC Util Change" value="2.000000"/>
  <attribute name="GC Util currently" value="2" />
  <attribute name="CPU Util currently" value="11423598937" />
<allocation-satisfied id="2164" threadId="0000000000880F00" bytesRequested="2056" />
<af-end id="2165" timestamp="2019-08-11T07:39:25.803" threadId="0000000000881888" success="true" from="nursery"/>
<exclusive-end id="2166" timestamp="2019-08-11T07:39:25.803" durationms="2.969" />

<exclusive-start id="2167" timestamp="2019-08-11T07:39:25.866" intervalms="65.922">
  <response-info timems="0.016" idlems="0.016" threads="0" lastid="0000000000880F00" lastname="main" />
</exclusive-start>
<af-start id="2168" threadId="0000000000881888" totalBytesRequested="2056" timestamp="2019-08-11T07:39:25.866" intervalms="65.924" type="nursery" />
<cycle-start id="2169" type="scavenge" contextid="0" timestamp="2019-08-11T07:39:25.866" intervalms="65.908" />
<gc-start id="2170" type="scavenge" contextid="2169" timestamp="2019-08-11T07:39:25.866">
  <mem-info id="2171" free="4190057024" total="4203675648" percent="99">
    <mem type="nursery" free="0" total="2228224" percent="0">
      <mem type="allocate" free="0" total="1900544" percent="0" />
      <mem type="survivor" free="0" total="327680" percent="0" />
    </mem>
    <mem type="tenure" free="4190057024" total="4201447424" percent="99">
      <mem type="soa" free="3979985472" total="3991375872" percent="99" />
      <mem type="loa" free="210071552" total="210071552" percent="100" />
    </mem>
    <remembered-set count="269" />
  </mem-info>
</gc-start>
<allocation-stats totalBytes="1774192" >
  <allocated-bytes non-tlh="2056" tlh="1772136" />
  <largest-consumer threadName="main" threadId="0000000000880F00" bytes="1774192" />
</allocation-stats>
<gc-op id="2172" type="scavenge" timems="0.998" contextid="2169" timestamp="2019-08-11T07:39:25.867">
  <scavenger-info tenureage="2" tenuremask="4004" tiltratio="85" />
  <memory-copied type="nursery" objects="120" bytes="26016" bytesdiscarded="38216" />
  <memory-copied type="tenure" objects="922" bytes="23616" bytesdiscarded="0" />
  <references type="weak" candidates="1" cleared="0" enqueued="0" />
  <references type="phantom" candidates="3" cleared="0" enqueued="0" />
</gc-op>
<gc-end id="2173" type="scavenge" contextid="2169" durationms="1.081" usertimems="1.535" systemtimems="0.380" timestamp="2019-08-11T07:39:25.867" activeThreads="16">
  <mem-info id="2174" free="4191918904" total="4203675648" percent="99">
    <mem type="nursery" free="1901816" total="2228224" percent="85">
      <mem type="allocate" free="1901816" total="1966080" percent="96" />
      <mem type="survivor" free="0" total="262144" percent="0" />
    </mem>
    <mem type="tenure" free="4190017088" total="4201447424" percent="99" macro-fragmented="0">
      <mem type="soa" free="3979945536" total="3991375872" percent="99" />
      <mem type="loa" free="210071552" total="210071552" percent="100" />
    </mem>
    <remembered-set count="96" />
  </mem-info>
</gc-end>
<cycle-end id="2175" type="scavenge" contextid="2169" timestamp="2019-08-11T07:39:25.867" />
  <attribute name="elasticGC enabled" value="1" />
  <attribute name= "numThreadsSpecified" value="16" />
  <attribute name="heapSize specified" value="8519680" />
  <attribute name="Current GC Util" value="7" />
  <attribute name= "Current Time Running" value="56705" />
  <attribute name ="GC Interval" value="200" />
  <attribute name="ProportionalT" value="-36.500000" />
  <attribute name="ProportionalI" value="-36.500000" />
  <attribute name="ProportionalH" value="-36.500000" />
  <attribute name="Current Error" value="-73.000000" />
  <attribute name="IntegralT" value="-2409.000000" />
  <attribute name="IntegralI" value="-2409.000000" />
  <attribute name="IntegralH" value="-2409.000000" />
  <attribute name="DerivativeT" value="-1.106061" />
  <attribute name="DerivativeI" value="-1.106061" />
  <attribute name="DerivativeH" value="-1.106061" />
  <attribute name="Loop Time for DT" value="66.000000" />
  <attribute name="Output H" value="4203675648"/>
  <attribute name="Output I" value="200"/>
  <attribute name="Output T" value="16"/>
  <attribute name="Target GC Util Change" value ="80.000000" />
  <attribute name="Current GC Util Change" value="7.000000"/>
  <attribute name="GC Util currently" value="7" />
  <attribute name="CPU Util currently" value="17501308232" />
<allocation-satisfied id="2176" threadId="0000000000880F00" bytesRequested="2056" />
<af-end id="2177" timestamp="2019-08-11T07:39:25.867" threadId="0000000000881888" success="true" from="nursery"/>
<exclusive-end id="2178" timestamp="2019-08-11T07:39:25.867" durationms="1.314" />

<exclusive-start id="2179" timestamp="2019-08-11T07:39:25.950" intervalms="84.383">
  <response-info timems="0.019" idlems="0.019" threads="0" lastid="0000000000880F00" lastname="main" />
</exclusive-start>
<af-start id="2180" threadId="0000000000881888" totalBytesRequested="2056" timestamp="2019-08-11T07:39:25.950" intervalms="84.384" type="nursery" />
<cycle-start id="2181" type="scavenge" contextid="0" timestamp="2019-08-11T07:39:25.950" intervalms="84.383" />
<gc-start id="2182" type="scavenge" contextid="2181" timestamp="2019-08-11T07:39:25.950">
  <mem-info id="2183" free="4190017088" total="4203675648" percent="99">
    <mem type="nursery" free="0" total="2228224" percent="0">
      <mem type="allocate" free="0" total="1966080" percent="0" />
      <mem type="survivor" free="0" total="262144" percent="0" />
    </mem>
    <mem type="tenure" free="4190017088" total="4201447424" percent="99">
      <mem type="soa" free="3979945536" total="3991375872" percent="99" />
      <mem type="loa" free="210071552" total="210071552" percent="100" />
    </mem>
    <remembered-set count="96" />
  </mem-info>
</gc-start>
<allocation-stats totalBytes="1883272" >
  <allocated-bytes non-tlh="2056" tlh="1881216" />
  <largest-consumer threadName="main" threadId="0000000000880F00" bytes="1883272" />
</allocation-stats>
<gc-op id="2184" type="scavenge" timems="0.926" contextid="2181" timestamp="2019-08-11T07:39:25.951">
  <scavenger-info tenureage="2" tenuremask="4004" tiltratio="88" />
  <memory-copied type="nursery" objects="14" bytes="2616" bytesdiscarded="29624" />
  <memory-copied type="tenure" objects="106" bytes="23472" bytesdiscarded="0" />
  <references type="phantom" candidates="1" cleared="0" enqueued="0" />
</gc-op>
<gc-end id="2185" type="scavenge" contextid="2181" durationms="1.179" usertimems="0.221" systemtimems="1.752" timestamp="2019-08-11T07:39:25.951" activeThreads="16">
  <mem-info id="2186" free="4191942712" total="4203675648" percent="99">
    <mem type="nursery" free="1933824" total="2228224" percent="86">
      <mem type="allocate" free="1933824" total="1966080" percent="98" />
      <mem type="survivor" free="0" total="262144" percent="0" />
    </mem>
    <mem type="tenure" free="4190008888" total="4201447424" percent="99" macro-fragmented="1250136">
      <mem type="soa" free="3979937336" total="3991375872" percent="99" />
      <mem type="loa" free="210071552" total="210071552" percent="100" />
    </mem>
    <remembered-set count="88" />
  </mem-info>
</gc-end>
<cycle-end id="2187" type="scavenge" contextid="2181" timestamp="2019-08-11T07:39:25.951" />
  <attribute name="elasticGC enabled" value="1" />
  <attribute name= "numThreadsSpecified" value="16" />
  <attribute name="heapSize specified" value="8519680" />
  <attribute name="Current GC Util" value="2" />
  <attribute name= "Current Time Running" value="56789" />
  <attribute name ="GC Interval" value="200" />
  <attribute name="ProportionalT" value="-39.000000" />
  <attribute name="ProportionalI" value="-39.000000" />
  <attribute name="ProportionalH" value="-39.000000" />
  <attribute name="Current Error" value="-78.000000" />
  <attribute name="IntegralT" value="-3276.000000" />
  <attribute name="IntegralI" value="-3276.000000" />
  <attribute name="IntegralH" value="-3276.000000" />
  <attribute name="DerivativeT" value="-0.928571" />
  <attribute name="DerivativeI" value="-0.928571" />
  <attribute name="DerivativeH" value="-0.928571" />
  <attribute name="Loop Time for DT" value="84.000000" />
  <attribute name="Output H" value="4203675648"/>
  <attribute name="Output I" value="200"/>
  <attribute name="Output T" value="16"/>
  <attribute name="Target GC Util Change" value ="80.000000" />
  <attribute name="Current GC Util Change" value="2.000000"/>
  <attribute name="GC Util currently" value="2" />
  <attribute name="CPU Util currently" value="13662269492" />
<allocation-satisfied id="2188" threadId="0000000000880F00" bytesRequested="2056" />
<af-end id="2189" timestamp="2019-08-11T07:39:25.951" threadId="0000000000881888" success="true" from="nursery"/>
<exclusive-end id="2190" timestamp="2019-08-11T07:39:25.951" durationms="1.337" />

<exclusive-start id="2191" timestamp="2019-08-11T07:39:26.006" intervalms="55.565">
  <response-info timems="0.051" idlems="0.051" threads="0" lastid="0000000000880F00" lastname="main" />
</exclusive-start>
<af-start id="2192" threadId="0000000000881888" totalBytesRequested="2056" timestamp="2019-08-11T07:39:26.006" intervalms="55.605" type="nursery" />
<cycle-start id="2193" type="scavenge" contextid="0" timestamp="2019-08-11T07:39:26.006" intervalms="55.611" />
<gc-start id="2194" type="scavenge" contextid="2193" timestamp="2019-08-11T07:39:26.006">
  <mem-info id="2195" free="4190008888" total="4203675648" percent="99">
    <mem type="nursery" free="0" total="2228224" percent="0">
      <mem type="allocate" free="0" total="1966080" percent="0" />
      <mem type="survivor" free="0" total="262144" percent="0" />
    </mem>
    <mem type="tenure" free="4190008888" total="4201447424" percent="99">
      <mem type="soa" free="3979937336" total="3991375872" percent="99" />
      <mem type="loa" free="210071552" total="210071552" percent="100" />
    </mem>
    <remembered-set count="88" />
  </mem-info>
</gc-start>
<allocation-stats totalBytes="1917904" >
  <allocated-bytes non-tlh="2056" tlh="1915848" />
  <largest-consumer threadName="main" threadId="0000000000880F00" bytes="1917904" />
</allocation-stats>
<gc-op id="2196" type="scavenge" timems="1.527" contextid="2193" timestamp="2019-08-11T07:39:26.007">
  <scavenger-info tenureage="2" tenuremask="4004" tiltratio="88" />
  <memory-copied type="nursery" objects="13" bytes="592" bytesdiscarded="31648" />
  <references type="phantom" candidates="1" cleared="0" enqueued="0" />
</gc-op>
<gc-end id="2197" type="scavenge" contextid="2193" durationms="2.023" usertimems="0.922" systemtimems="1.891" timestamp="2019-08-11T07:39:26.008" activeThreads="16">
  <mem-info id="2198" free="4191942712" total="4203675648" percent="99">
    <mem type="nursery" free="1933824" total="2228224" percent="86">
      <mem type="allocate" free="1933824" total="1966080" percent="98" />
      <mem type="survivor" free="0" total="262144" percent="0" />
    </mem>
    <mem type="tenure" free="4190008888" total="4201447424" percent="99" macro-fragmented="1500163">
      <mem type="soa" free="3979937336" total="3991375872" percent="99" />
      <mem type="loa" free="210071552" total="210071552" percent="100" />
    </mem>
    <remembered-set count="88" />
  </mem-info>
</gc-end>
<cycle-end id="2199" type="scavenge" contextid="2193" timestamp="2019-08-11T07:39:26.008" />
  <attribute name="elasticGC enabled" value="1" />
  <attribute name= "numThreadsSpecified" value="16" />
  <attribute name="heapSize specified" value="8519680" />
  <attribute name="Current GC Util" value="3" />
  <attribute name= "Current Time Running" value="56845" />
  <attribute name ="GC Interval" value="200" />
  <attribute name="ProportionalT" value="-38.500000" />
  <attribute name="ProportionalI" value="-38.500000" />
  <attribute name="ProportionalH" value="-38.500000" />
  <attribute name="Current Error" value="-77.000000" />
  <attribute name="IntegralT" value="-2156.000000" />
  <attribute name="IntegralI" value="-2156.000000" />
  <attribute name="IntegralH" value="-2156.000000" />
  <attribute name="DerivativeT" value="-1.375000" />
  <attribute name="DerivativeI" value="-1.375000" />
  <attribute name="DerivativeH" value="-1.375000" />
  <attribute name="Loop Time for DT" value="56.000000" />
  <attribute name="Output H" value="4203675648"/>
  <attribute name="Output I" value="200"/>
  <attribute name="Output T" value="16"/>
  <attribute name="Target GC Util Change" value ="80.000000" />
  <attribute name="Current GC Util Change" value="3.000000"/>
  <attribute name="GC Util currently" value="3" />
  <attribute name="CPU Util currently" value="20606337663" />
<allocation-satisfied id="2200" threadId="0000000000880F00" bytesRequested="2056" />
<af-end id="2201" timestamp="2019-08-11T07:39:26.008" threadId="0000000000881888" success="true" from="nursery"/>
<exclusive-end id="2202" timestamp="2019-08-11T07:39:26.008" durationms="2.541" />

<exclusive-start id="2203" timestamp="2019-08-11T07:39:26.061" intervalms="55.706">
  <response-info timems="0.119" idlems="0.119" threads="0" lastid="0000000000880F00" lastname="main" />
</exclusive-start>
<af-start id="2204" threadId="0000000000881888" totalBytesRequested="314600" timestamp="2019-08-11T07:39:26.061" intervalms="55.676" type="nursery" />
<cycle-start id="2205" type="scavenge" contextid="0" timestamp="2019-08-11T07:39:26.061" intervalms="55.673" />
<gc-start id="2206" type="scavenge" contextid="2205" timestamp="2019-08-11T07:39:26.061">
  <mem-info id="2207" free="4190322664" total="4203675648" percent="99">
    <mem type="nursery" free="313848" total="2228224" percent="14">
      <mem type="allocate" free="313848" total="1966080" percent="15" />
      <mem type="survivor" free="0" total="262144" percent="0" />
    </mem>
    <mem type="tenure" free="4190008816" total="4201447424" percent="99">
      <mem type="soa" free="3979937264" total="3991375872" percent="99" />
      <mem type="loa" free="210071552" total="210071552" percent="100" />
    </mem>
    <remembered-set count="92" />
  </mem-info>
</gc-start>
<allocation-stats totalBytes="1610016" >
  <allocated-bytes non-tlh="2128" tlh="1607888" />
  <largest-consumer threadName="main" threadId="0000000000880F00" bytes="1610016" />
</allocation-stats>
<gc-op id="2208" type="scavenge" timems="1.350" contextid="2205" timestamp="2019-08-11T07:39:26.063">
  <scavenger-info tenureage="14" tenuremask="4000" tiltratio="88" />
  <memory-copied type="nursery" objects="35" bytes="1440" bytesdiscarded="30816" />
  <references type="phantom" candidates="2" cleared="0" enqueued="0" />
</gc-op>
<gc-end id="2209" type="scavenge" contextid="2205" durationms="1.665" usertimems="1.320" systemtimems="1.312" timestamp="2019-08-11T07:39:26.063" activeThreads="16">
  <mem-info id="2210" free="4191942640" total="4203675648" percent="99">
    <mem type="nursery" free="1933824" total="2228224" percent="86">
      <mem type="allocate" free="1933824" total="1966080" percent="98" />
      <mem type="survivor" free="0" total="262144" percent="0" />
    </mem>
    <mem type="tenure" free="4190008816" total="4201447424" percent="99" macro-fragmented="2160235">
      <mem type="soa" free="3979937264" total="3991375872" percent="99" />
      <mem type="loa" free="210071552" total="210071552" percent="100" />
    </mem>
    <remembered-set count="91" />
  </mem-info>
</gc-end>
<cycle-end id="2211" type="scavenge" contextid="2205" timestamp="2019-08-11T07:39:26.063" />
  <attribute name="elasticGC enabled" value="1" />
  <attribute name= "numThreadsSpecified" value="16" />
  <attribute name="heapSize specified" value="8519680" />
  <attribute name="Current GC Util" value="5" />
  <attribute name= "Current Time Running" value="56901" />
  <attribute name ="GC Interval" value="200" />
  <attribute name="ProportionalT" value="-37.500000" />
  <attribute name="ProportionalI" value="-37.500000" />
  <attribute name="ProportionalH" value="-37.500000" />
  <attribute name="Current Error" value="-75.000000" />
  <attribute name="IntegralT" value="-2100.000000" />
  <attribute name="IntegralI" value="-2100.000000" />
  <attribute name="IntegralH" value="-2100.000000" />
  <attribute name="DerivativeT" value="-1.339286" />
  <attribute name="DerivativeI" value="-1.339286" />
  <attribute name="DerivativeH" value="-1.339286" />
  <attribute name="Loop Time for DT" value="56.000000" />
  <attribute name="Output H" value="4203675648"/>
  <attribute name="Output I" value="200"/>
  <attribute name="Output T" value="16"/>
  <attribute name="Target GC Util Change" value ="80.000000" />
  <attribute name="Current GC Util Change" value="5.000000"/>
  <attribute name="GC Util currently" value="5" />
  <attribute name="CPU Util currently" value="20832718993" />
<allocation-satisfied id="2212" threadId="0000000000880F00" bytesRequested="314600" />
<af-end id="2213" timestamp="2019-08-11T07:39:26.063" threadId="0000000000881888" success="true" from="nursery"/>
<exclusive-end id="2214" timestamp="2019-08-11T07:39:26.063" durationms="1.850" />

<exclusive-start id="2215" timestamp="2019-08-11T07:39:26.081" intervalms="19.888">
  <response-info timems="0.034" idlems="0.034" threads="0" lastid="0000000000880F00" lastname="main" />
</exclusive-start>
<af-start id="2216" threadId="0000000000881888" totalBytesRequested="25488" timestamp="2019-08-11T07:39:26.081" intervalms="19.875" type="nursery" />
<cycle-start id="2217" type="scavenge" contextid="0" timestamp="2019-08-11T07:39:26.081" intervalms="19.872" />
<gc-start id="2218" type="scavenge" contextid="2217" timestamp="2019-08-11T07:39:26.081">
  <mem-info id="2219" free="4190002224" total="4203675648" percent="99">
    <mem type="nursery" free="0" total="2228224" percent="0">
      <mem type="allocate" free="0" total="1966080" percent="0" />
      <mem type="survivor" free="0" total="262144" percent="0" />
    </mem>
    <mem type="tenure" free="4190002224" total="4201447424" percent="99">
      <mem type="soa" free="3979930672" total="3991375872" percent="99" />
      <mem type="loa" free="210071552" total="210071552" percent="100" />
    </mem>
    <remembered-set count="159" />
  </mem-info>
</gc-start>
<allocation-stats totalBytes="1845840" >
  <allocated-bytes non-tlh="776408" tlh="1069432" />
  <largest-consumer threadName="main" threadId="0000000000880F00" bytes="1845840" />
</allocation-stats>
<gc-op id="2220" type="scavenge" timems="1.335" contextid="2217" timestamp="2019-08-11T07:39:26.083">
  <scavenger-info tenureage="14" tenuremask="c000" tiltratio="88" />
  <memory-copied type="nursery" objects="411" bytes="258816" bytesdiscarded="2960" />
  <memory-copied type="tenure" objects="138" bytes="371488" bytesdiscarded="608" />
  <copy-failed type="nursery" objects="138" bytes="371504" />
  <references type="soft" candidates="1" cleared="0" enqueued="0" dynamicThreshold="31" maxThreshold="32" />
  <references type="weak" candidates="14" cleared="14" enqueued="14" />
  <references type="phantom" candidates="29" cleared="1" enqueued="1" />
</gc-op>
<gc-end id="2221" type="scavenge" contextid="2217" durationms="1.657" usertimems="2.729" systemtimems="0.000" timestamp="2019-08-11T07:39:26.083" activeThreads="16">
  <mem-info id="2222" free="4190478688" total="4203675648" percent="99">
    <mem type="nursery" free="851968" total="2228224" percent="38">
      <mem type="allocate" free="851968" total="1114112" percent="76" />
      <mem type="survivor" free="0" total="1114112" percent="0" />
    </mem>
    <mem type="tenure" free="4189626720" total="4201447424" percent="99" macro-fragmented="1041779">
      <mem type="soa" free="3979555168" total="3991375872" percent="99" />
      <mem type="loa" free="210071552" total="210071552" percent="100" />
    </mem>
    <pending-finalizers system="0" default="0" reference="15" classloader="0" />
    <remembered-set count="179" />
  </mem-info>
</gc-end>
<cycle-end id="2223" type="scavenge" contextid="2217" timestamp="2019-08-11T07:39:26.083" />
  <attribute name="elasticGC enabled" value="1" />
  <attribute name= "numThreadsSpecified" value="16" />
  <attribute name="heapSize specified" value="8519680" />
  <attribute name="Current GC Util" value="13" />
  <attribute name= "Current Time Running" value="56920" />
  <attribute name ="GC Interval" value="200" />
  <attribute name="ProportionalT" value="-33.500000" />
  <attribute name="ProportionalI" value="-33.500000" />
  <attribute name="ProportionalH" value="-33.500000" />
  <attribute name="Current Error" value="-67.000000" />
  <attribute name="IntegralT" value="-636.500000" />
  <attribute name="IntegralI" value="-636.500000" />
  <attribute name="IntegralH" value="-636.500000" />
  <attribute name="DerivativeT" value="-3.526316" />
  <attribute name="DerivativeI" value="-3.526316" />
  <attribute name="DerivativeH" value="-3.526316" />
  <attribute name="Loop Time for DT" value="19.000000" />
  <attribute name="Output H" value="4203675648"/>
  <attribute name="Output I" value="200"/>
  <attribute name="Output T" value="16"/>
  <attribute name="Target GC Util Change" value ="80.000000" />
  <attribute name="Current GC Util Change" value="13.000000"/>
  <attribute name="GC Util currently" value="13" />
  <attribute name="CPU Util currently" value="58038154705" />
<allocation-satisfied id="2224" threadId="0000000000880F00" bytesRequested="25488" />
<af-end id="2225" timestamp="2019-08-11T07:39:26.083" threadId="0000000000881888" success="true" from="nursery"/>
<exclusive-end id="2226" timestamp="2019-08-11T07:39:26.083" durationms="1.926" />

<exclusive-start id="2227" timestamp="2019-08-11T07:39:26.102" intervalms="21.189">
  <response-info timems="0.017" idlems="0.017" threads="0" lastid="0000000000880F00" lastname="main" />
</exclusive-start>
<af-start id="2228" threadId="0000000000881888" totalBytesRequested="22680" timestamp="2019-08-11T07:39:26.102" intervalms="21.190" type="nursery" />
<cycle-start id="2229" type="scavenge" contextid="0" timestamp="2019-08-11T07:39:26.102" intervalms="21.191" />
<gc-start id="2230" type="scavenge" contextid="2229" timestamp="2019-08-11T07:39:26.102">
  <mem-info id="2231" free="4189615928" total="4203675648" percent="99">
    <mem type="nursery" free="0" total="2228224" percent="0">
      <mem type="allocate" free="0" total="1114112" percent="0" />
      <mem type="survivor" free="0" total="1114112" percent="0" />
    </mem>
    <mem type="tenure" free="4189615928" total="4201447424" percent="99">
      <mem type="soa" free="3979544376" total="3991375872" percent="99" />
      <mem type="loa" free="210071552" total="210071552" percent="100" />
    </mem>
    <remembered-set count="303" />
  </mem-info>
</gc-start>
<allocation-stats totalBytes="817464" >
  <allocated-bytes non-tlh="36280" tlh="781184" />
  <largest-consumer threadName="main" threadId="0000000000880F00" bytes="813368" />
</allocation-stats>
<gc-op id="2232" type="scavenge" timems="1.253" contextid="2229" timestamp="2019-08-11T07:39:26.104">
  <scavenger-info tenureage="3" tenuremask="fff8" tiltratio="50" />
  <memory-copied type="nursery" objects="508" bytes="299664" bytesdiscarded="39672" />
  <references type="soft" candidates="1" cleared="0" enqueued="0" dynamicThreshold="31" maxThreshold="32" />
  <references type="weak" candidates="16" cleared="15" enqueued="15" />
  <references type="phantom" candidates="29" cleared="0" enqueued="0" />
</gc-op>
<gc-end id="2233" type="scavenge" contextid="2229" durationms="1.567" usertimems="1.260" systemtimems="1.199" timestamp="2019-08-11T07:39:26.104" activeThreads="16">
  <mem-info id="2234" free="4190390696" total="4203675648" percent="99">
    <mem type="nursery" free="774768" total="2228224" percent="34">
      <mem type="allocate" free="774768" total="1114112" percent="69" />
      <mem type="survivor" free="0" total="1114112" percent="0" />
    </mem>
    <mem type="tenure" free="4189615928" total="4201447424" percent="99" macro-fragmented="2160235">
      <mem type="soa" free="3979544376" total="3991375872" percent="99" />
      <mem type="loa" free="210071552" total="210071552" percent="100" />
    </mem>
    <pending-finalizers system="0" default="0" reference="15" classloader="0" />
    <remembered-set count="300" />
  </mem-info>
</gc-end>
<cycle-end id="2235" type="scavenge" contextid="2229" timestamp="2019-08-11T07:39:26.104" />
  <attribute name="elasticGC enabled" value="1" />
  <attribute name= "numThreadsSpecified" value="16" />
  <attribute name="heapSize specified" value="8519680" />
  <attribute name="Current GC Util" value="13" />
  <attribute name= "Current Time Running" value="56942" />
  <attribute name ="GC Interval" value="200" />
  <attribute name="ProportionalT" value="-33.500000" />
  <attribute name="ProportionalI" value="-33.500000" />
  <attribute name="ProportionalH" value="-33.500000" />
  <attribute name="Current Error" value="-67.000000" />
  <attribute name="IntegralT" value="-737.000000" />
  <attribute name="IntegralI" value="-737.000000" />
  <attribute name="IntegralH" value="-737.000000" />
  <attribute name="DerivativeT" value="-3.045455" />
  <attribute name="DerivativeI" value="-3.045455" />
  <attribute name="DerivativeH" value="-3.045455" />
  <attribute name="Loop Time for DT" value="22.000000" />
  <attribute name="Output H" value="4203675648"/>
  <attribute name="Output I" value="200"/>
  <attribute name="Output T" value="16"/>
  <attribute name="Target GC Util Change" value ="80.000000" />
  <attribute name="Current GC Util Change" value="13.000000"/>
  <attribute name="GC Util currently" value="13" />
  <attribute name="CPU Util currently" value="54385662725" />
<allocation-satisfied id="2236" threadId="0000000000880F00" bytesRequested="22680" />
<af-end id="2237" timestamp="2019-08-11T07:39:26.104" threadId="0000000000881888" success="true" from="nursery"/>
<exclusive-end id="2238" timestamp="2019-08-11T07:39:26.104" durationms="1.718" />

<exclusive-start id="2239" timestamp="2019-08-11T07:39:26.121" intervalms="18.753">
  <response-info timems="0.021" idlems="0.021" threads="0" lastid="0000000000880F00" lastname="main" />
</exclusive-start>
<af-start id="2240" threadId="0000000000881888" totalBytesRequested="18376" timestamp="2019-08-11T07:39:26.121" intervalms="18.764" type="nursery" />
<cycle-start id="2241" type="scavenge" contextid="0" timestamp="2019-08-11T07:39:26.121" intervalms="18.772" />
<gc-start id="2242" type="scavenge" contextid="2241" timestamp="2019-08-11T07:39:26.121">
  <mem-info id="2243" free="4189603280" total="4203675648" percent="99">
    <mem type="nursery" free="0" total="2228224" percent="0">
      <mem type="allocate" free="0" total="1114112" percent="0" />
      <mem type="survivor" free="0" total="1114112" percent="0" />
    </mem>
    <mem type="tenure" free="4189603280" total="4201447424" percent="99">
      <mem type="soa" free="3979531728" total="3991375872" percent="99" />
      <mem type="loa" free="210071552" total="210071552" percent="100" />
    </mem>
    <remembered-set count="432" />
  </mem-info>
</gc-start>
<allocation-stats totalBytes="786672" >
  <allocated-bytes non-tlh="35328" tlh="751344" />
  <largest-consumer threadName="main" threadId="0000000000880F00" bytes="786672" />
</allocation-stats>
<gc-op id="2244" type="scavenge" timems="1.172" contextid="2241" timestamp="2019-08-11T07:39:26.122">
  <scavenger-info tenureage="2" tenuremask="fffc" tiltratio="50" />
  <memory-copied type="nursery" objects="264" bytes="8784" bytesdiscarded="23456" />
  <memory-copied type="tenure" objects="354" bytes="256256" bytesdiscarded="1264" />
  <references type="soft" candidates="1" cleared="0" enqueued="0" dynamicThreshold="31" maxThreshold="32" />
  <references type="weak" candidates="16" cleared="16" enqueued="16" />
  <references type="phantom" candidates="2" cleared="1" enqueued="1" />
</gc-op>
<gc-end id="2245" type="scavenge" contextid="2241" durationms="1.473" usertimems="2.336" systemtimems="0.000" timestamp="2019-08-11T07:39:26.123" activeThreads="16">
  <mem-info id="2246" free="4190435080" total="4203675648" percent="99">
    <mem type="nursery" free="1081856" total="2228224" percent="48">
      <mem type="allocate" free="1081856" total="1114112" percent="97" />
      <mem type="survivor" free="0" total="1114112" percent="0" />
    </mem>
    <mem type="tenure" free="4189353224" total="4201447424" percent="99" macro-fragmented="0">
      <mem type="soa" free="3979281672" total="3991375872" percent="99" />
      <mem type="loa" free="210071552" total="210071552" percent="100" />
    </mem>
    <pending-finalizers system="0" default="0" reference="17" classloader="0" />
    <remembered-set count="358" />
  </mem-info>
</gc-end>
<cycle-end id="2247" type="scavenge" contextid="2241" timestamp="2019-08-11T07:39:26.123" />
  <attribute name="elasticGC enabled" value="1" />
  <attribute name= "numThreadsSpecified" value="16" />
  <attribute name="heapSize specified" value="8519680" />
  <attribute name="Current GC Util" value="13" />
  <attribute name= "Current Time Running" value="56960" />
  <attribute name ="GC Interval" value="200" />
  <attribute name="ProportionalT" value="-33.500000" />
  <attribute name="ProportionalI" value="-33.500000" />
  <attribute name="ProportionalH" value="-33.500000" />
  <attribute name="Current Error" value="-67.000000" />
  <attribute name="IntegralT" value="-603.000000" />
  <attribute name="IntegralI" value="-603.000000" />
  <attribute name="IntegralH" value="-603.000000" />
  <attribute name="DerivativeT" value="-3.722222" />
  <attribute name="DerivativeI" value="-3.722222" />
  <attribute name="DerivativeH" value="-3.722222" />
  <attribute name="Loop Time for DT" value="18.000000" />
  <attribute name="Output H" value="4203675648"/>
  <attribute name="Output I" value="200"/>
  <attribute name="Output T" value="16"/>
  <attribute name="Target GC Util Change" value ="80.000000" />
  <attribute name="Current GC Util Change" value="13.000000"/>
  <attribute name="GC Util currently" value="13" />
  <attribute name="CPU Util currently" value="61315680572" />
<allocation-satisfied id="2248" threadId="0000000000880F00" bytesRequested="18376" />
<af-end id="2249" timestamp="2019-08-11T07:39:26.123" threadId="0000000000881888" success="true" from="nursery"/>
<exclusive-end id="2250" timestamp="2019-08-11T07:39:26.123" durationms="1.689" />

WARNING: An illegal reflective access operation has occurred
WARNING: Illegal reflective access by com.google.common.base.internal.Finalizer (file:/./scratch/jar/guava-r07.jar) to field java.lang.Thread.inheritableThreadLocals
WARNING: Please consider reporting this to the maintainers of com.google.common.base.internal.Finalizer
WARNING: Use --illegal-access=warn to enable warnings of further illegal reflective access operations
WARNING: All illegal access operations will be denied in a future release
<exclusive-start id="2251" timestamp="2019-08-11T07:39:26.160" intervalms="38.790">
  <response-info timems="0.053" idlems="0.053" threads="0" lastid="0000000000880F00" lastname="main" />
</exclusive-start>
<af-start id="2252" threadId="0000000000881888" totalBytesRequested="37320" timestamp="2019-08-11T07:39:26.160" intervalms="38.779" type="nursery" />
<cycle-start id="2253" type="scavenge" contextid="0" timestamp="2019-08-11T07:39:26.160" intervalms="38.770" />
<gc-start id="2254" type="scavenge" contextid="2253" timestamp="2019-08-11T07:39:26.160">
  <mem-info id="2255" free="4189329672" total="4203675648" percent="99">
    <mem type="nursery" free="0" total="2228224" percent="0">
      <mem type="allocate" free="0" total="1114112" percent="0" />
      <mem type="survivor" free="0" total="1114112" percent="0" />
    </mem>
    <mem type="tenure" free="4189329672" total="4201447424" percent="99">
      <mem type="soa" free="3979258120" total="3991375872" percent="99" />
      <mem type="loa" free="210071552" total="210071552" percent="100" />
    </mem>
    <remembered-set count="739" />
  </mem-info>
</gc-start>
<allocation-stats totalBytes="1088200" >
  <allocated-bytes non-tlh="41928" tlh="1046272" />
  <largest-consumer threadName="main" threadId="0000000000880F00" bytes="1084104" />
</allocation-stats>
<gc-op id="2256" type="scavenge" timems="1.591" contextid="2253" timestamp="2019-08-11T07:39:26.162">
  <scavenger-info tenureage="5" tenuremask="ffe0" tiltratio="50" />
  <memory-copied type="nursery" objects="2900" bytes="111384" bytesdiscarded="49712" />
  <finalization candidates="39" enqueued="1" />
  <ownableSynchronizers candidates="17" cleared="0" />
  <references type="soft" candidates="6" cleared="0" enqueued="0" dynamicThreshold="31" maxThreshold="32" />
  <references type="weak" candidates="751" cleared="361" enqueued="257" />
  <references type="phantom" candidates="6" cleared="1" enqueued="1" />
</gc-op>
<gc-end id="2257" type="scavenge" contextid="2253" durationms="2.116" usertimems="1.469" systemtimems="1.588" timestamp="2019-08-11T07:39:26.162" activeThreads="16">
  <mem-info id="2258" free="4190413576" total="4203675648" percent="99">
    <mem type="nursery" free="1083904" total="2228224" percent="48">
      <mem type="allocate" free="1083904" total="1245184" percent="87" />
      <mem type="survivor" free="0" total="983040" percent="0" />
    </mem>
    <mem type="tenure" free="4189329672" total="4201447424" percent="99" macro-fragmented="0">
      <mem type="soa" free="3979258120" total="3991375872" percent="99" />
      <mem type="loa" free="210071552" total="210071552" percent="100" />
    </mem>
    <pending-finalizers system="1" default="0" reference="258" classloader="0" />
    <remembered-set count="655" />
  </mem-info>
</gc-end>
<cycle-end id="2259" type="scavenge" contextid="2253" timestamp="2019-08-11T07:39:26.162" />
  <attribute name="elasticGC enabled" value="1" />
  <attribute name= "numThreadsSpecified" value="16" />
  <attribute name="heapSize specified" value="8519680" />
  <attribute name="Current GC Util" value="6" />
  <attribute name= "Current Time Running" value="56999" />
  <attribute name ="GC Interval" value="200" />
  <attribute name="ProportionalT" value="-37.000000" />
  <attribute name="ProportionalI" value="-37.000000" />
  <attribute name="ProportionalH" value="-37.000000" />
  <attribute name="Current Error" value="-74.000000" />
  <attribute name="IntegralT" value="-1443.000000" />
  <attribute name="IntegralI" value="-1443.000000" />
  <attribute name="IntegralH" value="-1443.000000" />
  <attribute name="DerivativeT" value="-1.897436" />
  <attribute name="DerivativeI" value="-1.897436" />
  <attribute name="DerivativeH" value="-1.897436" />
  <attribute name="Loop Time for DT" value="39.000000" />
  <attribute name="Output H" value="4203675648"/>
  <attribute name="Output I" value="200"/>
  <attribute name="Output T" value="16"/>
  <attribute name="Target GC Util Change" value ="80.000000" />
  <attribute name="Current GC Util Change" value="6.000000"/>
  <attribute name="GC Util currently" value="6" />
  <attribute name="CPU Util currently" value="29766953579" />
<allocation-satisfied id="2260" threadId="0000000000880F00" bytesRequested="37320" />
<af-end id="2261" timestamp="2019-08-11T07:39:26.162" threadId="0000000000881888" success="true" from="nursery"/>
<exclusive-end id="2262" timestamp="2019-08-11T07:39:26.162" durationms="2.329" />

<exclusive-start id="2263" timestamp="2019-08-11T07:39:26.198" intervalms="37.894">
  <response-info timems="0.014" idlems="0.014" threads="0" lastid="0000000000880F00" lastname="main" />
</exclusive-start>
<af-start id="2264" threadId="0000000000881888" totalBytesRequested="72" timestamp="2019-08-11T07:39:26.198" intervalms="37.893" type="nursery" />
<cycle-start id="2265" type="scavenge" contextid="0" timestamp="2019-08-11T07:39:26.198" intervalms="37.895" />
<gc-start id="2266" type="scavenge" contextid="2265" timestamp="2019-08-11T07:39:26.198">
  <mem-info id="2267" free="4189296104" total="4203675648" percent="99">
    <mem type="nursery" free="0" total="2228224" percent="0">
      <mem type="allocate" free="0" total="1245184" percent="0" />
      <mem type="survivor" free="0" total="983040" percent="0" />
    </mem>
    <mem type="tenure" free="4189296104" total="4201447424" percent="99">
      <mem type="soa" free="3979224552" total="3991375872" percent="99" />
      <mem type="loa" free="210071552" total="210071552" percent="100" />
    </mem>
    <remembered-set count="1031" />
  </mem-info>
</gc-start>
<allocation-stats totalBytes="1115336" >
  <allocated-bytes non-tlh="108208" tlh="1007128" />
  <largest-consumer threadName="main" threadId="0000000000880F00" bytes="1103504" />
</allocation-stats>
<gc-op id="2268" type="scavenge" timems="1.733" contextid="2265" timestamp="2019-08-11T07:39:26.200">
  <scavenger-info tenureage="3" tenuremask="fff8" tiltratio="55" />
  <memory-copied type="nursery" objects="3154" bytes="132000" bytesdiscarded="29064" />
  <memory-copied type="tenure" objects="73" bytes="2016" bytesdiscarded="0" />
  <finalization candidates="38" enqueued="0" />
  <ownableSynchronizers candidates="17" cleared="0" />
  <references type="soft" candidates="6" cleared="0" enqueued="0" dynamicThreshold="31" maxThreshold="32" />
  <references type="weak" candidates="586" cleared="4" enqueued="4" />
  <references type="phantom" candidates="5" cleared="0" enqueued="0" />
</gc-op>
<gc-end id="2269" type="scavenge" contextid="2265" durationms="2.256" usertimems="1.320" systemtimems="2.641" timestamp="2019-08-11T07:39:26.200" activeThreads="16">
  <mem-info id="2270" free="4190511080" total="4203675648" percent="99">
    <mem type="nursery" free="1214976" total="2228224" percent="54">
      <mem type="allocate" free="1214976" total="1376256" percent="88" />
      <mem type="survivor" free="0" total="851968" percent="0" />
    </mem>
    <mem type="tenure" free="4189296104" total="4201447424" percent="99" macro-fragmented="1800196">
      <mem type="soa" free="3979224552" total="3991375872" percent="99" />
      <mem type="loa" free="210071552" total="210071552" percent="100" />
    </mem>
    <pending-finalizers system="0" default="0" reference="4" classloader="0" />
    <remembered-set count="919" />
  </mem-info>
</gc-end>
<cycle-end id="2271" type="scavenge" contextid="2265" timestamp="2019-08-11T07:39:26.200" />
  <attribute name="elasticGC enabled" value="1" />
  <attribute name= "numThreadsSpecified" value="16" />
  <attribute name="heapSize specified" value="8519680" />
  <attribute name="Current GC Util" value="7" />
  <attribute name= "Current Time Running" value="57037" />
  <attribute name ="GC Interval" value="200" />
  <attribute name="ProportionalT" value="-36.500000" />
  <attribute name="ProportionalI" value="-36.500000" />
  <attribute name="ProportionalH" value="-36.500000" />
  <attribute name="Current Error" value="-73.000000" />
  <attribute name="IntegralT" value="-1387.000000" />
  <attribute name="IntegralI" value="-1387.000000" />
  <attribute name="IntegralH" value="-1387.000000" />
  <attribute name="DerivativeT" value="-1.921053" />
  <attribute name="DerivativeI" value="-1.921053" />
  <attribute name="DerivativeH" value="-1.921053" />
  <attribute name="Loop Time for DT" value="38.000000" />
  <attribute name="Output H" value="4203675648"/>
  <attribute name="Output I" value="200"/>
  <attribute name="Output T" value="16"/>
  <attribute name="Target GC Util Change" value ="80.000000" />
  <attribute name="Current GC Util Change" value="7.000000"/>
  <attribute name="GC Util currently" value="7" />
  <attribute name="CPU Util currently" value="30418214313" />
<allocation-satisfied id="2272" threadId="0000000000880F00" bytesRequested="72" />
<af-end id="2273" timestamp="2019-08-11T07:39:26.200" threadId="0000000000881888" success="true" from="nursery"/>
<exclusive-end id="2274" timestamp="2019-08-11T07:39:26.200" durationms="2.419" />

<exclusive-start id="2275" timestamp="2019-08-11T07:39:26.253" intervalms="55.310">
  <response-info timems="0.014" idlems="0.014" threads="0" lastid="0000000000880F00" lastname="main" />
</exclusive-start>
<af-start id="2276" threadId="0000000000881888" totalBytesRequested="1056" timestamp="2019-08-11T07:39:26.253" intervalms="55.334" type="nursery" />
<cycle-start id="2277" type="scavenge" contextid="0" timestamp="2019-08-11T07:39:26.253" intervalms="55.341" />
<gc-start id="2278" type="scavenge" contextid="2277" timestamp="2019-08-11T07:39:26.253">
  <mem-info id="2279" free="4189192104" total="4203675648" percent="99">
    <mem type="nursery" free="0" total="2228224" percent="0">
      <mem type="allocate" free="0" total="1376256" percent="0" />
      <mem type="survivor" free="0" total="851968" percent="0" />
    </mem>
    <mem type="tenure" free="4189192104" total="4201447424" percent="99">
      <mem type="soa" free="3979120552" total="3991375872" percent="99" />
      <mem type="loa" free="210071552" total="210071552" percent="100" />
    </mem>
    <remembered-set count="2285" />
  </mem-info>
</gc-start>
<allocation-stats totalBytes="1317216" >
  <allocated-bytes non-tlh="104072" tlh="1213144" />
  <largest-consumer threadName="main" threadId="0000000000880F00" bytes="1317216" />
</allocation-stats>
<gc-op id="2280" type="scavenge" timems="3.286" contextid="2277" timestamp="2019-08-11T07:39:26.256">
  <scavenger-info tenureage="3" tenuremask="ffe8" tiltratio="61" />
  <memory-copied type="nursery" objects="9821" bytes="323312" bytesdiscarded="74984" />
  <memory-copied type="tenure" objects="107" bytes="2992" bytesdiscarded="0" />
  <finalization candidates="49" enqueued="0" />
  <ownableSynchronizers candidates="17" cleared="0" />
  <references type="soft" candidates="38" cleared="0" enqueued="0" dynamicThreshold="31" maxThreshold="32" />
  <references type="weak" candidates="957" cleared="67" enqueued="51" />
  <references type="phantom" candidates="5" cleared="0" enqueued="0" />
</gc-op>
<gc-end id="2281" type="scavenge" contextid="2277" durationms="3.657" usertimems="4.454" systemtimems="2.357" timestamp="2019-08-11T07:39:26.257" activeThreads="16">
  <mem-info id="2282" free="4190235304" total="4203675648" percent="99">
    <mem type="nursery" free="1043200" total="2228224" percent="46">
      <mem type="allocate" free="1043200" total="1441792" percent="72" />
      <mem type="survivor" free="0" total="786432" percent="0" />
    </mem>
    <mem type="tenure" free="4189192104" total="4201447424" percent="99" macro-fragmented="602881">
      <mem type="soa" free="3979120552" total="3991375872" percent="99" />
      <mem type="loa" free="210071552" total="210071552" percent="100" />
    </mem>
    <pending-finalizers system="0" default="0" reference="51" classloader="0" />
    <remembered-set count="2071" />
  </mem-info>
</gc-end>
<cycle-end id="2283" type="scavenge" contextid="2277" timestamp="2019-08-11T07:39:26.257" />
  <attribute name="elasticGC enabled" value="1" />
  <attribute name= "numThreadsSpecified" value="16" />
  <attribute name="heapSize specified" value="8519680" />
  <attribute name="Current GC Util" value="6" />
  <attribute name= "Current Time Running" value="57092" />
  <attribute name ="GC Interval" value="200" />
  <attribute name="ProportionalT" value="-37.000000" />
  <attribute name="ProportionalI" value="-37.000000" />
  <attribute name="ProportionalH" value="-37.000000" />
  <attribute name="Current Error" value="-74.000000" />
  <attribute name="IntegralT" value="-2035.000000" />
  <attribute name="IntegralI" value="-2035.000000" />
  <attribute name="IntegralH" value="-2035.000000" />
  <attribute name="DerivativeT" value="-1.345455" />
  <attribute name="DerivativeI" value="-1.345455" />
  <attribute name="DerivativeH" value="-1.345455" />
  <attribute name="Loop Time for DT" value="55.000000" />
  <attribute name="Output H" value="4203675648"/>
  <attribute name="Output I" value="200"/>
  <attribute name="Output T" value="16"/>
  <attribute name="Target GC Util Change" value ="80.000000" />
  <attribute name="Current GC Util Change" value="6.000000"/>
  <attribute name="GC Util currently" value="6" />
  <attribute name="CPU Util currently" value="20826497596" />
<allocation-satisfied id="2284" threadId="0000000000880F00" bytesRequested="1056" />
<af-end id="2285" timestamp="2019-08-11T07:39:26.257" threadId="0000000000881888" success="true" from="nursery"/>
<exclusive-end id="2286" timestamp="2019-08-11T07:39:26.257" durationms="3.856" />

<exclusive-start id="2287" timestamp="2019-08-11T07:39:26.278" intervalms="25.325">
  <response-info timems="0.016" idlems="0.016" threads="0" lastid="0000000000880F00" lastname="main" />
</exclusive-start>
<af-start id="2288" threadId="0000000000881888" totalBytesRequested="176" timestamp="2019-08-11T07:39:26.278" intervalms="25.305" type="nursery" />
<cycle-start id="2289" type="scavenge" contextid="0" timestamp="2019-08-11T07:39:26.278" intervalms="25.305" />
<gc-start id="2290" type="scavenge" contextid="2289" timestamp="2019-08-11T07:39:26.278">
  <mem-info id="2291" free="4189157680" total="4203675648" percent="99">
    <mem type="nursery" free="0" total="2228224" percent="0">
      <mem type="allocate" free="0" total="1441792" percent="0" />
      <mem type="survivor" free="0" total="786432" percent="0" />
    </mem>
    <mem type="tenure" free="4189157680" total="4201447424" percent="99">
      <mem type="soa" free="3979086128" total="3991375872" percent="99" />
      <mem type="loa" free="210071552" total="210071552" percent="100" />
    </mem>
    <remembered-set count="2436" />
  </mem-info>
</gc-start>
<allocation-stats totalBytes="1075408" >
  <allocated-bytes non-tlh="35480" tlh="1039928" />
  <largest-consumer threadName="main" threadId="0000000000880F00" bytes="1063576" />
</allocation-stats>
<gc-op id="2292" type="scavenge" timems="2.416" contextid="2289" timestamp="2019-08-11T07:39:26.281">
  <scavenger-info tenureage="3" tenuremask="ffe8" tiltratio="64" />
  <memory-copied type="nursery" objects="8278" bytes="259536" bytesdiscarded="84104" />
  <memory-copied type="tenure" objects="2454" bytes="97784" bytesdiscarded="424" />
  <finalization candidates="49" enqueued="0" />
  <ownableSynchronizers candidates="17" cleared="0" />
  <references type="soft" candidates="40" cleared="0" enqueued="0" dynamicThreshold="31" maxThreshold="32" />
  <references type="weak" candidates="580" cleared="10" enqueued="10" />
  <references type="phantom" candidates="7" cleared="3" enqueued="3" />
</gc-op>
<gc-end id="2293" type="scavenge" contextid="2289" durationms="2.832" usertimems="1.683" systemtimems="3.488" timestamp="2019-08-11T07:39:26.281" activeThreads="16">
  <mem-info id="2294" free="4190225192" total="4203675648" percent="99">
    <mem type="nursery" free="1163512" total="2228224" percent="52">
      <mem type="allocate" free="1163512" total="1507328" percent="77" />
      <mem type="survivor" free="0" total="720896" percent="0" />
    </mem>
    <mem type="tenure" free="4189061680" total="4201447424" percent="99" macro-fragmented="1500163">
      <mem type="soa" free="3978990128" total="3991375872" percent="99" />
      <mem type="loa" free="210071552" total="210071552" percent="100" />
    </mem>
    <pending-finalizers system="0" default="0" reference="13" classloader="0" />
    <remembered-set count="1901" />
  </mem-info>
</gc-end>
<cycle-end id="2295" type="scavenge" contextid="2289" timestamp="2019-08-11T07:39:26.281" />
  <attribute name="elasticGC enabled" value="1" />
  <attribute name= "numThreadsSpecified" value="16" />
  <attribute name="heapSize specified" value="8519680" />
  <attribute name="Current GC Util" value="27" />
  <attribute name= "Current Time Running" value="57118" />
  <attribute name ="GC Interval" value="200" />
  <attribute name="ProportionalT" value="-26.500000" />
  <attribute name="ProportionalI" value="-26.500000" />
  <attribute name="ProportionalH" value="-26.500000" />
  <attribute name="Current Error" value="-53.000000" />
  <attribute name="IntegralT" value="-689.000000" />
  <attribute name="IntegralI" value="-689.000000" />
  <attribute name="IntegralH" value="-689.000000" />
  <attribute name="DerivativeT" value="-2.038462" />
  <attribute name="DerivativeI" value="-2.038462" />
  <attribute name="DerivativeH" value="-2.038462" />
  <attribute name="Loop Time for DT" value="26.000000" />
  <attribute name="Output H" value="4203675648"/>
  <attribute name="Output I" value="200"/>
  <attribute name="Output T" value="16"/>
  <attribute name="Target GC Util Change" value ="80.000000" />
  <attribute name="Current GC Util Change" value="27.000000"/>
  <attribute name="GC Util currently" value="27" />
  <attribute name="CPU Util currently" value="45572402893" />
<allocation-satisfied id="2296" threadId="0000000000880F00" bytesRequested="176" />
<af-end id="2297" timestamp="2019-08-11T07:39:26.281" threadId="0000000000881888" success="true" from="nursery"/>
<exclusive-end id="2298" timestamp="2019-08-11T07:39:26.281" durationms="3.013" />

<exclusive-start id="2299" timestamp="2019-08-11T07:39:26.319" intervalms="40.386">
  <response-info timems="0.050" idlems="0.050" threads="0" lastid="0000000000880F00" lastname="main" />
</exclusive-start>
<af-start id="2300" threadId="0000000000881888" totalBytesRequested="88" timestamp="2019-08-11T07:39:26.319" intervalms="40.414" type="nursery" />
<cycle-start id="2301" type="scavenge" contextid="0" timestamp="2019-08-11T07:39:26.319" intervalms="40.413" />
<gc-start id="2302" type="scavenge" contextid="2301" timestamp="2019-08-11T07:39:26.319">
  <mem-info id="2303" free="4189042112" total="4203675648" percent="99">
    <mem type="nursery" free="0" total="2228224" percent="0">
      <mem type="allocate" free="0" total="1507328" percent="0" />
      <mem type="survivor" free="0" total="720896" percent="0" />
    </mem>
    <mem type="tenure" free="4189042112" total="4201447424" percent="99">
      <mem type="soa" free="3978970560" total="3991375872" percent="99" />
      <mem type="loa" free="210071552" total="210071552" percent="100" />
    </mem>
    <remembered-set count="2199" />
  </mem-info>
</gc-start>
<allocation-stats totalBytes="1182576" >
  <allocated-bytes non-tlh="19744" tlh="1162832" />
  <largest-consumer threadName="main" threadId="0000000000880F00" bytes="1174384" />
</allocation-stats>
<gc-op id="2304" type="scavenge" timems="2.004" contextid="2301" timestamp="2019-08-11T07:39:26.321">
  <scavenger-info tenureage="3" tenuremask="ffe8" tiltratio="67" />
  <memory-copied type="nursery" objects="10495" bytes="351704" bytesdiscarded="93456" />
  <memory-copied type="tenure" objects="418" bytes="25904" bytesdiscarded="0" />
  <finalization candidates="11" enqueued="0" />
  <references type="soft" candidates="330" cleared="0" enqueued="0" dynamicThreshold="31" maxThreshold="32" />
  <references type="weak" candidates="496" cleared="16" enqueued="16" />
  <references type="phantom" candidates="4" cleared="0" enqueued="0" />
</gc-op>
<gc-end id="2305" type="scavenge" contextid="2301" durationms="2.314" usertimems="4.534" systemtimems="0.000" timestamp="2019-08-11T07:39:26.321" activeThreads="16">
  <mem-info id="2306" free="4190211264" total="4203675648" percent="99">
    <mem type="nursery" free="1192960" total="2228224" percent="53">
      <mem type="allocate" free="1192960" total="1638400" percent="72" />
      <mem type="survivor" free="0" total="589824" percent="0" />
    </mem>
    <mem type="tenure" free="4189018304" total="4201447424" percent="99" macro-fragmented="7740515">
      <mem type="soa" free="3978946752" total="3991375872" percent="99" />
      <mem type="loa" free="210071552" total="210071552" percent="100" />
    </mem>
    <pending-finalizers system="0" default="0" reference="16" classloader="0" />
    <remembered-set count="1028" />
  </mem-info>
</gc-end>
<cycle-end id="2307" type="scavenge" contextid="2301" timestamp="2019-08-11T07:39:26.321" />
  <attribute name="elasticGC enabled" value="1" />
  <attribute name= "numThreadsSpecified" value="16" />
  <attribute name="heapSize specified" value="8519680" />
  <attribute name="Current GC Util" value="12" />
  <attribute name= "Current Time Running" value="57158" />
  <attribute name ="GC Interval" value="200" />
  <attribute name="ProportionalT" value="-34.000000" />
  <attribute name="ProportionalI" value="-34.000000" />
  <attribute name="ProportionalH" value="-34.000000" />
  <attribute name="Current Error" value="-68.000000" />
  <attribute name="IntegralT" value="-1360.000000" />
  <attribute name="IntegralI" value="-1360.000000" />
  <attribute name="IntegralH" value="-1360.000000" />
  <attribute name="DerivativeT" value="-1.700000" />
  <attribute name="DerivativeI" value="-1.700000" />
  <attribute name="DerivativeH" value="-1.700000" />
  <attribute name="Loop Time for DT" value="40.000000" />
  <attribute name="Output H" value="4203675648"/>
  <attribute name="Output I" value="200"/>
  <attribute name="Output T" value="16"/>
  <attribute name="Target GC Util Change" value ="80.000000" />
  <attribute name="Current GC Util Change" value="12.000000"/>
  <attribute name="GC Util currently" value="12" />
  <attribute name="CPU Util currently" value="28533669028" />
<allocation-satisfied id="2308" threadId="0000000000880F00" bytesRequested="88" />
<af-end id="2309" timestamp="2019-08-11T07:39:26.321" threadId="0000000000881888" success="true" from="nursery"/>
<exclusive-end id="2310" timestamp="2019-08-11T07:39:26.321" durationms="2.514" />

<exclusive-start id="2311" timestamp="2019-08-11T07:39:27.014" intervalms="695.342">
  <response-info timems="0.040" idlems="0.040" threads="0" lastid="0000000000880F00" lastname="main" />
</exclusive-start>
<af-start id="2312" threadId="0000000000881888" totalBytesRequested="24" timestamp="2019-08-11T07:39:27.014" intervalms="695.356" type="nursery" />
<cycle-start id="2313" type="scavenge" contextid="0" timestamp="2019-08-11T07:39:27.014" intervalms="695.365" />
<gc-start id="2314" type="scavenge" contextid="2313" timestamp="2019-08-11T07:39:27.014">
  <mem-info id="2315" free="4188995016" total="4203675648" percent="99">
    <mem type="nursery" free="0" total="2228224" percent="0">
      <mem type="allocate" free="0" total="1638400" percent="0" />
      <mem type="survivor" free="0" total="589824" percent="0" />
    </mem>
    <mem type="tenure" free="4188995016" total="4201447424" percent="99">
      <mem type="soa" free="3978923464" total="3991375872" percent="99" />
      <mem type="loa" free="210071552" total="210071552" percent="100" />
    </mem>
    <remembered-set count="1353" />
  </mem-info>
</gc-start>
<allocation-stats totalBytes="1215048" >
  <allocated-bytes non-tlh="23376" tlh="1191672" />
  <largest-consumer threadName="main" threadId="0000000000880F00" bytes="1215048" />
</allocation-stats>
<gc-op id="2316" type="scavenge" timems="3.534" contextid="2313" timestamp="2019-08-11T07:39:27.018">
  <scavenger-info tenureage="3" tenuremask="ffe8" tiltratio="73" />
  <memory-copied type="nursery" objects="6661" bytes="250400" bytesdiscarded="86600" />
  <memory-copied type="tenure" objects="6764" bytes="192344" bytesdiscarded="168" />
  <finalization candidates="11" enqueued="0" />
  <references type="soft" candidates="451" cleared="0" enqueued="0" dynamicThreshold="31" maxThreshold="32" />
  <references type="weak" candidates="266" cleared="12" enqueued="12" />
  <references type="phantom" candidates="5" cleared="2" enqueued="2" />
</gc-op>
<gc-end id="2317" type="scavenge" contextid="2313" durationms="3.913" usertimems="6.727" systemtimems="0.000" timestamp="2019-08-11T07:39:27.018" activeThreads="16">
  <mem-info id="2318" free="4190160216" total="4203675648" percent="99">
    <mem type="nursery" free="1301136" total="2228224" percent="58">
      <mem type="allocate" free="1301136" total="1638400" percent="79" />
      <mem type="survivor" free="0" total="589824" percent="0" />
    </mem>
    <mem type="tenure" free="4188859080" total="4201447424" percent="99" macro-fragmented="3110739">
      <mem type="soa" free="3978787528" total="3991375872" percent="99" />
      <mem type="loa" free="210071552" total="210071552" percent="100" />
    </mem>
    <pending-finalizers system="0" default="0" reference="14" classloader="0" />
    <remembered-set count="814" />
  </mem-info>
</gc-end>
<cycle-end id="2319" type="scavenge" contextid="2313" timestamp="2019-08-11T07:39:27.018" />
  <attribute name="elasticGC enabled" value="1" />
  <attribute name= "numThreadsSpecified" value="16" />
  <attribute name="heapSize specified" value="8519680" />
  <attribute name="Current GC Util" value="0" />
  <attribute name= "Current Time Running" value="57854" />
  <attribute name ="GC Interval" value="200" />
  <attribute name="ProportionalT" value="-40.000000" />
  <attribute name="ProportionalI" value="-40.000000" />
  <attribute name="ProportionalH" value="-40.000000" />
  <attribute name="Current Error" value="-80.000000" />
  <attribute name="IntegralT" value="-27840.000000" />
  <attribute name="IntegralI" value="-27840.000000" />
  <attribute name="IntegralH" value="-27840.000000" />
  <attribute name="DerivativeT" value="-0.114943" />
  <attribute name="DerivativeI" value="-0.114943" />
  <attribute name="DerivativeH" value="-0.114943" />
  <attribute name="Loop Time for DT" value="696.000000" />
  <attribute name="Output H" value="4203675648"/>
  <attribute name="Output I" value="200"/>
  <attribute name="Output T" value="16"/>
  <attribute name="Target GC Util Change" value ="80.000000" />
  <attribute name="Current GC Util Change" value="0.000000"/>
  <attribute name="GC Util currently" value="0" />
  <attribute name="CPU Util currently" value="1" />
<allocation-satisfied id="2320" threadId="0000000000880F00" bytesRequested="24" />
<af-end id="2321" timestamp="2019-08-11T07:39:27.018" threadId="0000000000881888" success="true" from="nursery"/>
<exclusive-end id="2322" timestamp="2019-08-11T07:39:27.018" durationms="4.247" />

<exclusive-start id="2323" timestamp="2019-08-11T07:39:27.050" intervalms="35.836">
  <response-info timems="0.016" idlems="0.016" threads="0" lastid="0000000000880F00" lastname="main" />
</exclusive-start>
<af-start id="2324" threadId="0000000000881888" totalBytesRequested="23264" timestamp="2019-08-11T07:39:27.050" intervalms="35.836" type="nursery" />
<cycle-start id="2325" type="scavenge" contextid="0" timestamp="2019-08-11T07:39:27.050" intervalms="35.836" />
<gc-start id="2326" type="scavenge" contextid="2325" timestamp="2019-08-11T07:39:27.050">
  <mem-info id="2327" free="4188825184" total="4203675648" percent="99">
    <mem type="nursery" free="0" total="2228224" percent="0">
      <mem type="allocate" free="0" total="1638400" percent="0" />
      <mem type="survivor" free="0" total="589824" percent="0" />
    </mem>
    <mem type="tenure" free="4188825184" total="4201447424" percent="99">
      <mem type="soa" free="3978753632" total="3991375872" percent="99" />
      <mem type="loa" free="210071552" total="210071552" percent="100" />
    </mem>
    <remembered-set count="1109" />
  </mem-info>
</gc-start>
<allocation-stats totalBytes="1316808" >
  <allocated-bytes non-tlh="33920" tlh="1282888" />
  <largest-consumer threadName="main" threadId="0000000000880F00" bytes="1316808" />
</allocation-stats>
<gc-op id="2328" type="scavenge" timems="2.254" contextid="2325" timestamp="2019-08-11T07:39:27.052">
  <scavenger-info tenureage="5" tenuremask="ffe0" tiltratio="73" />
  <memory-copied type="nursery" objects="6397" bytes="239248" bytesdiscarded="59344" />
  <references type="soft" candidates="479" cleared="0" enqueued="0" dynamicThreshold="31" maxThreshold="32" />
  <references type="weak" candidates="454" cleared="0" enqueued="0" />
  <references type="phantom" candidates="3" cleared="0" enqueued="0" />
</gc-op>
<gc-end id="2329" type="scavenge" contextid="2325" durationms="2.606" usertimems="5.913" systemtimems="0.000" timestamp="2019-08-11T07:39:27.053" activeThreads="16">
  <mem-info id="2330" free="4190230232" total="4203675648" percent="99">
    <mem type="nursery" free="1405048" total="2228224" percent="63">
      <mem type="allocate" free="1405048" total="1703936" percent="82" />
      <mem type="survivor" free="0" total="524288" percent="0" />
    </mem>
    <mem type="tenure" free="4188825184" total="4201447424" percent="99" macro-fragmented="0">
      <mem type="soa" free="3978753632" total="3991375872" percent="99" />
      <mem type="loa" free="210071552" total="210071552" percent="100" />
    </mem>
    <remembered-set count="859" />
  </mem-info>
</gc-end>
<cycle-end id="2331" type="scavenge" contextid="2325" timestamp="2019-08-11T07:39:27.053" />
  <attribute name="elasticGC enabled" value="1" />
  <attribute name= "numThreadsSpecified" value="16" />
  <attribute name="heapSize specified" value="8519680" />
  <attribute name="Current GC Util" value="19" />
  <attribute name= "Current Time Running" value="57889" />
  <attribute name ="GC Interval" value="200" />
  <attribute name="ProportionalT" value="-30.500000" />
  <attribute name="ProportionalI" value="-30.500000" />
  <attribute name="ProportionalH" value="-30.500000" />
  <attribute name="Current Error" value="-61.000000" />
  <attribute name="IntegralT" value="-1067.500000" />
  <attribute name="IntegralI" value="-1067.500000" />
  <attribute name="IntegralH" value="-1067.500000" />
  <attribute name="DerivativeT" value="-1.742857" />
  <attribute name="DerivativeI" value="-1.742857" />
  <attribute name="DerivativeH" value="-1.742857" />
  <attribute name="Loop Time for DT" value="35.000000" />
  <attribute name="Output H" value="4203675648"/>
  <attribute name="Output I" value="200"/>
  <attribute name="Output T" value="16"/>
  <attribute name="Target GC Util Change" value ="80.000000" />
  <attribute name="Current GC Util Change" value="19.000000"/>
  <attribute name="GC Util currently" value="19" />
  <attribute name="CPU Util currently" value="32172208685" />
<allocation-satisfied id="2332" threadId="0000000000880F00" bytesRequested="23264" />
<af-end id="2333" timestamp="2019-08-11T07:39:27.053" threadId="0000000000881888" success="true" from="nursery"/>
<exclusive-end id="2334" timestamp="2019-08-11T07:39:27.053" durationms="2.902" />

<exclusive-start id="2335" timestamp="2019-08-11T07:39:27.075" intervalms="24.868">
  <response-info timems="0.068" idlems="0.068" threads="0" lastid="0000000000880F00" lastname="main" />
</exclusive-start>
<af-start id="2336" threadId="0000000000881888" totalBytesRequested="4808" timestamp="2019-08-11T07:39:27.075" intervalms="24.833" type="nursery" />
<cycle-start id="2337" type="scavenge" contextid="0" timestamp="2019-08-11T07:39:27.075" intervalms="24.816" />
<gc-start id="2338" type="scavenge" contextid="2337" timestamp="2019-08-11T07:39:27.075">
  <mem-info id="2339" free="4188807784" total="4203675648" percent="99">
    <mem type="nursery" free="0" total="2228224" percent="0">
      <mem type="allocate" free="0" total="1703936" percent="0" />
      <mem type="survivor" free="0" total="524288" percent="0" />
    </mem>
    <mem type="tenure" free="4188807784" total="4201447424" percent="99">
      <mem type="soa" free="3978736232" total="3991375872" percent="99" />
      <mem type="loa" free="210071552" total="210071552" percent="100" />
    </mem>
    <remembered-set count="1084" />
  </mem-info>
</gc-start>
<allocation-stats totalBytes="1367224" >
  <allocated-bytes non-tlh="40664" tlh="1326560" />
  <largest-consumer threadName="main" threadId="0000000000880F00" bytes="1367224" />
</allocation-stats>
<gc-op id="2340" type="scavenge" timems="2.392" contextid="2337" timestamp="2019-08-11T07:39:27.077">
  <scavenger-info tenureage="3" tenuremask="fff8" tiltratio="76" />
  <memory-copied type="nursery" objects="4320" bytes="183936" bytesdiscarded="24488" />
  <memory-copied type="tenure" objects="3308" bytes="126672" bytesdiscarded="344" />
  <finalization candidates="3" enqueued="0" />
  <references type="soft" candidates="227" cleared="0" enqueued="0" dynamicThreshold="31" maxThreshold="32" />
  <references type="weak" candidates="341" cleared="23" enqueued="23" />
  <references type="phantom" candidates="3" cleared="1" enqueued="1" />
</gc-op>
<gc-end id="2341" type="scavenge" contextid="2337" durationms="2.881" usertimems="4.902" systemtimems="0.000" timestamp="2019-08-11T07:39:27.078" activeThreads="16">
  <mem-info id="2342" free="4190240352" total="4203675648" percent="99">
    <mem type="nursery" free="1560824" total="2228224" percent="70">
      <mem type="allocate" free="1560824" total="1769472" percent="88" />
      <mem type="survivor" free="0" total="458752" percent="0" />
    </mem>
    <mem type="tenure" free="4188679528" total="4201447424" percent="99" macro-fragmented="9100">
      <mem type="soa" free="3978607976" total="3991375872" percent="99" />
      <mem type="loa" free="210071552" total="210071552" percent="100" />
    </mem>
    <pending-finalizers system="0" default="0" reference="24" classloader="0" />
    <remembered-set count="667" />
  </mem-info>
</gc-end>
<cycle-end id="2343" type="scavenge" contextid="2337" timestamp="2019-08-11T07:39:27.078" />
  <attribute name="elasticGC enabled" value="1" />
  <attribute name= "numThreadsSpecified" value="16" />
  <attribute name="heapSize specified" value="8519680" />
  <attribute name="Current GC Util" value="23" />
  <attribute name= "Current Time Running" value="57914" />
  <attribute name ="GC Interval" value="200" />
  <attribute name="ProportionalT" value="-28.500000" />
  <attribute name="ProportionalI" value="-28.500000" />
  <attribute name="ProportionalH" value="-28.500000" />
  <attribute name="Current Error" value="-57.000000" />
  <attribute name="IntegralT" value="-712.500000" />
  <attribute name="IntegralI" value="-712.500000" />
  <attribute name="IntegralH" value="-712.500000" />
  <attribute name="DerivativeT" value="-2.280000" />
  <attribute name="DerivativeI" value="-2.280000" />
  <attribute name="DerivativeH" value="-2.280000" />
  <attribute name="Loop Time for DT" value="25.000000" />
  <attribute name="Output H" value="4203675648"/>
  <attribute name="Output I" value="200"/>
  <attribute name="Output T" value="16"/>
  <attribute name="Target GC Util Change" value ="80.000000" />
  <attribute name="Current GC Util Change" value="23.000000"/>
  <attribute name="GC Util currently" value="23" />
  <attribute name="CPU Util currently" value="46617916865" />
<allocation-satisfied id="2344" threadId="0000000000880F00" bytesRequested="4808" />
<af-end id="2345" timestamp="2019-08-11T07:39:27.078" threadId="0000000000881888" success="true" from="nursery"/>
<exclusive-end id="2346" timestamp="2019-08-11T07:39:27.078" durationms="3.098" />

<exclusive-start id="2347" timestamp="2019-08-11T07:39:27.130" intervalms="54.804">
  <response-info timems="0.021" idlems="0.021" threads="0" lastid="0000000000880F00" lastname="main" />
</exclusive-start>
<af-start id="2348" threadId="0000000000881888" totalBytesRequested="1096" timestamp="2019-08-11T07:39:27.130" intervalms="54.806" type="nursery" />
<cycle-start id="2349" type="scavenge" contextid="0" timestamp="2019-08-11T07:39:27.130" intervalms="54.814" />
<gc-start id="2350" type="scavenge" contextid="2349" timestamp="2019-08-11T07:39:27.130">
  <mem-info id="2351" free="4188634000" total="4203675648" percent="99">
    <mem type="nursery" free="0" total="2228224" percent="0">
      <mem type="allocate" free="0" total="1769472" percent="0" />
      <mem type="survivor" free="0" total="458752" percent="0" />
    </mem>
    <mem type="tenure" free="4188634000" total="4201447424" percent="99">
      <mem type="soa" free="3978562448" total="3991375872" percent="99" />
      <mem type="loa" free="210071552" total="210071552" percent="100" />
    </mem>
    <remembered-set count="1093" />
  </mem-info>
</gc-start>
<allocation-stats totalBytes="1603000" >
  <allocated-bytes non-tlh="50336" tlh="1552664" />
  <largest-consumer threadName="main" threadId="0000000000880F00" bytes="1598904" />
</allocation-stats>
<gc-op id="2352" type="scavenge" timems="3.907" contextid="2349" timestamp="2019-08-11T07:39:27.134">
  <scavenger-info tenureage="3" tenuremask="ffc8" tiltratio="79" />
  <memory-copied type="nursery" objects="2971" bytes="129616" bytesdiscarded="16464" />
  <memory-copied type="tenure" objects="2304" bytes="81720" bytesdiscarded="120" />
  <finalization candidates="3" enqueued="0" />
  <references type="soft" candidates="73" cleared="0" enqueued="0" dynamicThreshold="31" maxThreshold="32" />
  <references type="weak" candidates="617" cleared="2" enqueued="2" />
  <references type="phantom" candidates="1" cleared="0" enqueued="0" />
</gc-op>
<gc-end id="2353" type="scavenge" contextid="2349" durationms="4.657" usertimems="8.358" systemtimems="0.000" timestamp="2019-08-11T07:39:27.134" activeThreads="16">
  <mem-info id="2354" free="4190192656" total="4203675648" percent="99">
    <mem type="nursery" free="1623168" total="2228224" percent="72">
      <mem type="allocate" free="1623168" total="1769472" percent="91" />
      <mem type="survivor" free="0" total="458752" percent="0" />
    </mem>
    <mem type="tenure" free="4188569488" total="4201447424" percent="99" macro-fragmented="27173">
      <mem type="soa" free="3978497936" total="3991375872" percent="99" />
      <mem type="loa" free="210071552" total="210071552" percent="100" />
    </mem>
    <pending-finalizers system="0" default="0" reference="2" classloader="0" />
    <remembered-set count="791" />
  </mem-info>
</gc-end>
<cycle-end id="2355" type="scavenge" contextid="2349" timestamp="2019-08-11T07:39:27.134" />
  <attribute name="elasticGC enabled" value="1" />
  <attribute name= "numThreadsSpecified" value="16" />
  <attribute name="heapSize specified" value="8519680" />
  <attribute name="Current GC Util" value="8" />
  <attribute name= "Current Time Running" value="57969" />
  <attribute name ="GC Interval" value="200" />
  <attribute name="ProportionalT" value="-36.000000" />
  <attribute name="ProportionalI" value="-36.000000" />
  <attribute name="ProportionalH" value="-36.000000" />
  <attribute name="Current Error" value="-72.000000" />
  <attribute name="IntegralT" value="-1980.000000" />
  <attribute name="IntegralI" value="-1980.000000" />
  <attribute name="IntegralH" value="-1980.000000" />
  <attribute name="DerivativeT" value="-1.309091" />
  <attribute name="DerivativeI" value="-1.309091" />
  <attribute name="DerivativeH" value="-1.309091" />
  <attribute name="Loop Time for DT" value="55.000000" />
  <attribute name="Output H" value="4203675648"/>
  <attribute name="Output I" value="200"/>
  <attribute name="Output T" value="16"/>
  <attribute name="Target GC Util Change" value ="80.000000" />
  <attribute name="Current GC Util Change" value="8.000000"/>
  <attribute name="GC Util currently" value="8" />
  <attribute name="CPU Util currently" value="20982027587" />
<allocation-satisfied id="2356" threadId="0000000000880F00" bytesRequested="1096" />
<af-end id="2357" timestamp="2019-08-11T07:39:27.134" threadId="0000000000881888" success="true" from="nursery"/>
<exclusive-end id="2358" timestamp="2019-08-11T07:39:27.134" durationms="4.887" />

<exclusive-start id="2359" timestamp="2019-08-11T07:39:27.170" intervalms="40.324">
  <response-info timems="0.017" idlems="0.017" threads="0" lastid="0000000000880F00" lastname="main" />
</exclusive-start>
<af-start id="2360" threadId="0000000000881888" totalBytesRequested="22744" timestamp="2019-08-11T07:39:27.170" intervalms="40.312" type="nursery" />
<cycle-start id="2361" type="scavenge" contextid="0" timestamp="2019-08-11T07:39:27.170" intervalms="40.306" />
<gc-start id="2362" type="scavenge" contextid="2361" timestamp="2019-08-11T07:39:27.170">
  <mem-info id="2363" free="4188519912" total="4203675648" percent="99">
    <mem type="nursery" free="0" total="2228224" percent="0">
      <mem type="allocate" free="0" total="1769472" percent="0" />
      <mem type="survivor" free="0" total="458752" percent="0" />
    </mem>
    <mem type="tenure" free="4188519912" total="4201447424" percent="99">
      <mem type="soa" free="3978448360" total="3991375872" percent="99" />
      <mem type="loa" free="210071552" total="210071552" percent="100" />
    </mem>
    <remembered-set count="1246" />
  </mem-info>
</gc-start>
<allocation-stats totalBytes="1668040" >
  <allocated-bytes non-tlh="50672" tlh="1617368" />
  <largest-consumer threadName="main" threadId="0000000000880F00" bytes="1668040" />
</allocation-stats>
<gc-op id="2364" type="scavenge" timems="2.615" contextid="2361" timestamp="2019-08-11T07:39:27.173">
  <scavenger-info tenureage="3" tenuremask="ffe8" tiltratio="79" />
  <memory-copied type="nursery" objects="3568" bytes="187472" bytesdiscarded="54864" />
  <memory-copied type="tenure" objects="717" bytes="27608" bytesdiscarded="232" />
  <finalization candidates="3" enqueued="0" />
  <ownableSynchronizers candidates="1" cleared="0" />
  <references type="soft" candidates="81" cleared="0" enqueued="0" dynamicThreshold="31" maxThreshold="32" />
  <references type="weak" candidates="714" cleared="1" enqueued="1" />
  <references type="phantom" candidates="2" cleared="0" enqueued="0" />
</gc-op>
<gc-end id="2365" type="scavenge" contextid="2361" durationms="3.089" usertimems="5.625" systemtimems="0.000" timestamp="2019-08-11T07:39:27.173" activeThreads="16">
  <mem-info id="2366" free="4190072320" total="4203675648" percent="99">
    <mem type="nursery" free="1592344" total="2228224" percent="71">
      <mem type="allocate" free="1592344" total="1835008" percent="86" />
      <mem type="survivor" free="0" total="393216" percent="0" />
    </mem>
    <mem type="tenure" free="4188479976" total="4201447424" percent="99" macro-fragmented="3110739">
      <mem type="soa" free="3978408424" total="3991375872" percent="99" />
      <mem type="loa" free="210071552" total="210071552" percent="100" />
    </mem>
    <pending-finalizers system="0" default="0" reference="1" classloader="0" />
    <remembered-set count="1100" />
  </mem-info>
</gc-end>
<cycle-end id="2367" type="scavenge" contextid="2361" timestamp="2019-08-11T07:39:27.173" />
  <attribute name="elasticGC enabled" value="1" />
  <attribute name= "numThreadsSpecified" value="16" />
  <attribute name="heapSize specified" value="8519680" />
  <attribute name="Current GC Util" value="20" />
  <attribute name= "Current Time Running" value="58009" />
  <attribute name ="GC Interval" value="200" />
  <attribute name="ProportionalT" value="-30.000000" />
  <attribute name="ProportionalI" value="-30.000000" />
  <attribute name="ProportionalH" value="-30.000000" />
  <attribute name="Current Error" value="-60.000000" />
  <attribute name="IntegralT" value="-1200.000000" />
  <attribute name="IntegralI" value="-1200.000000" />
  <attribute name="IntegralH" value="-1200.000000" />
  <attribute name="DerivativeT" value="-1.500000" />
  <attribute name="DerivativeI" value="-1.500000" />
  <attribute name="DerivativeH" value="-1.500000" />
  <attribute name="Loop Time for DT" value="40.000000" />
  <attribute name="Output H" value="4203675648"/>
  <attribute name="Output I" value="200"/>
  <attribute name="Output T" value="16"/>
  <attribute name="Target GC Util Change" value ="80.000000" />
  <attribute name="Current GC Util Change" value="20.000000"/>
  <attribute name="GC Util currently" value="20" />
  <attribute name="CPU Util currently" value="28696353167" />
<allocation-satisfied id="2368" threadId="0000000000880F00" bytesRequested="22744" />
<af-end id="2369" timestamp="2019-08-11T07:39:27.173" threadId="0000000000881888" success="true" from="nursery"/>
<exclusive-end id="2370" timestamp="2019-08-11T07:39:27.173" durationms="3.254" />

<exclusive-start id="2371" timestamp="2019-08-11T07:39:27.227" intervalms="56.620">
  <response-info timems="0.039" idlems="0.039" threads="0" lastid="0000000000880F00" lastname="main" />
</exclusive-start>
<af-start id="2372" threadId="0000000000881888" totalBytesRequested="520" timestamp="2019-08-11T07:39:27.227" intervalms="56.617" type="nursery" />
<cycle-start id="2373" type="scavenge" contextid="0" timestamp="2019-08-11T07:39:27.227" intervalms="56.616" />
<gc-start id="2374" type="scavenge" contextid="2373" timestamp="2019-08-11T07:39:27.227">
  <mem-info id="2375" free="4188426128" total="4203675648" percent="99">
    <mem type="nursery" free="0" total="2228224" percent="0">
      <mem type="allocate" free="0" total="1835008" percent="0" />
      <mem type="survivor" free="0" total="393216" percent="0" />
    </mem>
    <mem type="tenure" free="4188426128" total="4201447424" percent="99">
      <mem type="soa" free="3978354576" total="3991375872" percent="99" />
      <mem type="loa" free="210071552" total="210071552" percent="100" />
    </mem>
    <remembered-set count="1980" />
  </mem-info>
</gc-start>
<allocation-stats totalBytes="1644512" >
  <allocated-bytes non-tlh="76592" tlh="1567920" />
  <largest-consumer threadName="main" threadId="0000000000880F00" bytes="1597160" />
</allocation-stats>
<gc-op id="2376" type="scavenge" timems="2.570" contextid="2373" timestamp="2019-08-11T07:39:27.229">
  <scavenger-info tenureage="3" tenuremask="ffe8" tiltratio="82" />
  <memory-copied type="nursery" objects="8636" bytes="351816" bytesdiscarded="40096" />
  <memory-copied type="tenure" objects="1226" bytes="63384" bytesdiscarded="32" />
  <copy-failed type="nursery" objects="59" bytes="2392" />
  <finalization candidates="17" enqueued="0" />
  <ownableSynchronizers candidates="4" cleared="0" />
  <references type="soft" candidates="241" cleared="0" enqueued="0" dynamicThreshold="31" maxThreshold="32" />
  <references type="weak" candidates="1982" cleared="416" enqueued="278" />
  <references type="phantom" candidates="2" cleared="1" enqueued="1" />
</gc-op>
<gc-end id="2377" type="scavenge" contextid="2373" durationms="3.091" usertimems="7.841" systemtimems="0.000" timestamp="2019-08-11T07:39:27.230" activeThreads="16">
  <mem-info id="2378" free="4189558160" total="4203675648" percent="99">
    <mem type="nursery" free="1179648" total="2228224" percent="52">
      <mem type="allocate" free="1179648" total="1572864" percent="75" />
      <mem type="survivor" free="0" total="655360" percent="0" />
    </mem>
    <mem type="tenure" free="4188378512" total="4201447424" percent="99" macro-fragmented="140211">
      <mem type="soa" free="3978306960" total="3991375872" percent="99" />
      <mem type="loa" free="210071552" total="210071552" percent="100" />
    </mem>
    <pending-finalizers system="0" default="0" reference="279" classloader="0" />
    <remembered-set count="1493" />
  </mem-info>
</gc-end>
<cycle-end id="2379" type="scavenge" contextid="2373" timestamp="2019-08-11T07:39:27.230" />
  <attribute name="elasticGC enabled" value="1" />
  <attribute name= "numThreadsSpecified" value="16" />
  <attribute name="heapSize specified" value="8519680" />
  <attribute name="Current GC Util" value="9" />
  <attribute name= "Current Time Running" value="58066" />
  <attribute name ="GC Interval" value="200" />
  <attribute name="ProportionalT" value="-35.500000" />
  <attribute name="ProportionalI" value="-35.500000" />
  <attribute name="ProportionalH" value="-35.500000" />
  <attribute name="Current Error" value="-71.000000" />
  <attribute name="IntegralT" value="-2023.500000" />
  <attribute name="IntegralI" value="-2023.500000" />
  <attribute name="IntegralH" value="-2023.500000" />
  <attribute name="DerivativeT" value="-1.245614" />
  <attribute name="DerivativeI" value="-1.245614" />
  <attribute name="DerivativeH" value="-1.245614" />
  <attribute name="Loop Time for DT" value="57.000000" />
  <attribute name="Output H" value="4203675648"/>
  <attribute name="Output I" value="200"/>
  <attribute name="Output T" value="16"/>
  <attribute name="Target GC Util Change" value ="80.000000" />
  <attribute name="Current GC Util Change" value="9.000000"/>
  <attribute name="GC Util currently" value="9" />
  <attribute name="CPU Util currently" value="20340691154" />
<allocation-satisfied id="2380" threadId="0000000000880F00" bytesRequested="520" />
<af-end id="2381" timestamp="2019-08-11T07:39:27.230" threadId="0000000000881888" success="true" from="nursery"/>
<exclusive-end id="2382" timestamp="2019-08-11T07:39:27.230" durationms="3.310" />

<exclusive-start id="2383" timestamp="2019-08-11T07:39:27.254" intervalms="27.845">
  <response-info timems="0.019" idlems="0.019" threads="0" lastid="0000000000880F00" lastname="main" />
</exclusive-start>
<af-start id="2384" threadId="0000000000881888" totalBytesRequested="200008" timestamp="2019-08-11T07:39:27.254" intervalms="27.846" type="nursery" />
<cycle-start id="2385" type="scavenge" contextid="0" timestamp="2019-08-11T07:39:27.254" intervalms="27.845" />
<gc-start id="2386" type="scavenge" contextid="2385" timestamp="2019-08-11T07:39:27.254">
  <mem-info id="2387" free="4188440568" total="4203675648" percent="99">
    <mem type="nursery" free="76792" total="2228224" percent="3">
      <mem type="allocate" free="76792" total="1572864" percent="4" />
      <mem type="survivor" free="0" total="655360" percent="0" />
    </mem>
    <mem type="tenure" free="4188363776" total="4201447424" percent="99">
      <mem type="soa" free="3978292224" total="3991375872" percent="99" />
      <mem type="loa" free="210071552" total="210071552" percent="100" />
    </mem>
    <remembered-set count="1758" />
  </mem-info>
</gc-start>
<allocation-stats totalBytes="1116624" >
  <allocated-bytes non-tlh="327064" tlh="789560" />
  <largest-consumer threadName="main" threadId="0000000000880F00" bytes="1104792" />
</allocation-stats>
<gc-op id="2388" type="scavenge" timems="3.462" contextid="2385" timestamp="2019-08-11T07:39:27.258">
  <scavenger-info tenureage="3" tenuremask="ffe8" tiltratio="70" />
  <memory-copied type="nursery" objects="8004" bytes="639176" bytesdiscarded="15456" />
  <memory-copied type="tenure" objects="2000" bytes="73952" bytesdiscarded="120" />
  <copy-failed type="nursery" objects="969" bytes="35896" />
  <finalization candidates="15" enqueued="0" />
  <ownableSynchronizers candidates="4" cleared="0" />
  <references type="soft" candidates="265" cleared="0" enqueued="0" dynamicThreshold="31" maxThreshold="32" />
  <references type="weak" candidates="1165" cleared="29" enqueued="21" />
  <references type="phantom" candidates="6" cleared="1" enqueued="1" />
</gc-op>
<gc-end id="2389" type="scavenge" contextid="2385" durationms="3.928" usertimems="7.414" systemtimems="0.000" timestamp="2019-08-11T07:39:27.258" activeThreads="16">
  <mem-info id="2390" free="4188726528" total="4203675648" percent="99">
    <mem type="nursery" free="458752" total="2228224" percent="20">
      <mem type="allocate" free="458752" total="1114112" percent="41" />
      <mem type="survivor" free="0" total="1114112" percent="0" />
    </mem>
    <mem type="tenure" free="4188267776" total="4201447424" percent="99" macro-fragmented="2592282">
      <mem type="soa" free="3978196224" total="3991375872" percent="99" />
      <mem type="loa" free="210071552" total="210071552" percent="100" />
    </mem>
    <pending-finalizers system="0" default="0" reference="22" classloader="0" />
    <remembered-set count="1513" />
  </mem-info>
</gc-end>
<cycle-end id="2391" type="scavenge" contextid="2385" timestamp="2019-08-11T07:39:27.258" />
  <attribute name="elasticGC enabled" value="1" />
  <attribute name= "numThreadsSpecified" value="16" />
  <attribute name="heapSize specified" value="8519680" />
  <attribute name="Current GC Util" value="19" />
  <attribute name= "Current Time Running" value="58094" />
  <attribute name ="GC Interval" value="200" />
  <attribute name="ProportionalT" value="-30.500000" />
  <attribute name="ProportionalI" value="-30.500000" />
  <attribute name="ProportionalH" value="-30.500000" />
  <attribute name="Current Error" value="-61.000000" />
  <attribute name="IntegralT" value="-854.000000" />
  <attribute name="IntegralI" value="-854.000000" />
  <attribute name="IntegralH" value="-854.000000" />
  <attribute name="DerivativeT" value="-2.178571" />
  <attribute name="DerivativeI" value="-2.178571" />
  <attribute name="DerivativeH" value="-2.178571" />
  <attribute name="Loop Time for DT" value="28.000000" />
  <attribute name="Output H" value="4203675648"/>
  <attribute name="Output I" value="200"/>
  <attribute name="Output T" value="16"/>
  <attribute name="Target GC Util Change" value ="80.000000" />
  <attribute name="Current GC Util Change" value="19.000000"/>
  <attribute name="GC Util currently" value="19" />
  <attribute name="CPU Util currently" value="41502559031" />
<allocation-satisfied id="2392" threadId="0000000000880F00" bytesRequested="200008" />
<af-end id="2393" timestamp="2019-08-11T07:39:27.258" threadId="0000000000881888" success="true" from="nursery"/>
<exclusive-end id="2394" timestamp="2019-08-11T07:39:27.258" durationms="4.105" />

<exclusive-start id="2395" timestamp="2019-08-11T07:39:27.263" intervalms="8.665">
  <response-info timems="0.093" idlems="0.061" threads="1" lastid="0000000000888700" lastname="JIT Compilation Thread-1" />
</exclusive-start>
<af-start id="2396" threadId="0000000000881888" totalBytesRequested="1728" timestamp="2019-08-11T07:39:27.263" intervalms="8.666" type="nursery" />
<cycle-start id="2397" type="scavenge" contextid="0" timestamp="2019-08-11T07:39:27.263" intervalms="8.666" />
<gc check: start verifying slots before local gc (199)>
<gc check: finished verifying slots before local gc (199)>
<gc-start id="2398" type="scavenge" contextid="2397" timestamp="2019-08-11T07:39:27.312">
  <mem-info id="2399" free="4188267096" total="4203675648" percent="99">
    <mem type="nursery" free="0" total="2228224" percent="0">
      <mem type="allocate" free="0" total="1114112" percent="0" />
      <mem type="survivor" free="0" total="1114112" percent="0" />
    </mem>
    <mem type="tenure" free="4188267096" total="4201447424" percent="99">
      <mem type="soa" free="3978195544" total="3991375872" percent="99" />
      <mem type="loa" free="210071552" total="210071552" percent="100" />
    </mem>
    <remembered-set count="1529" />
  </mem-info>
</gc-start>
<allocation-stats totalBytes="429376" >
  <allocated-bytes non-tlh="200688" tlh="228688" />
  <largest-consumer threadName="main" threadId="0000000000880F00" bytes="421184" />
</allocation-stats>
<gc-op id="2400" type="scavenge" timems="2.125" contextid="2397" timestamp="2019-08-11T07:39:27.314">
  <scavenger-info tenureage="3" tenuremask="ffe8" tiltratio="50" />
  <memory-copied type="nursery" objects="6786" bytes="831424" bytesdiscarded="170344" />
  <memory-copied type="tenure" objects="1200" bytes="43112" bytesdiscarded="104" />
  <finalization candidates="15" enqueued="0" />
  <ownableSynchronizers candidates="4" cleared="0" />
  <references type="soft" candidates="229" cleared="0" enqueued="0" dynamicThreshold="31" maxThreshold="32" />
  <references type="weak" candidates="920" cleared="0" enqueued="0" />
  <references type="phantom" candidates="6" cleared="0" enqueued="0" />
</gc-op>
<gc check: start verifying slots after local gc (199)>
<gc check: finished verifying slots after local gc (199)>
<gc-end id="2401" type="scavenge" contextid="2397" durationms="51.394" usertimems="53.050" systemtimems="0.000" timestamp="2019-08-11T07:39:27.363" activeThreads="16">
  <mem-info id="2402" free="4188308200" total="4203675648" percent="99">
    <mem type="nursery" free="111760" total="2228224" percent="5">
      <mem type="allocate" free="111760" total="1114112" percent="10" />
      <mem type="survivor" free="0" total="1114112" percent="0" />
    </mem>
    <mem type="tenure" free="4188196440" total="4201447424" percent="99" macro-fragmented="0">
      <mem type="soa" free="3978124888" total="3991375872" percent="99" />
      <mem type="loa" free="210071552" total="210071552" percent="100" />
    </mem>
    <remembered-set count="921" />
  </mem-info>
</gc-end>
<cycle-end id="2403" type="scavenge" contextid="2397" timestamp="2019-08-11T07:39:27.363" />
  <attribute name="elasticGC enabled" value="1" />
  <attribute name= "numThreadsSpecified" value="16" />
  <attribute name="heapSize specified" value="8519680" />
  <attribute name="Current GC Util" value="12" />
  <attribute name= "Current Time Running" value="58151" />
  <attribute name ="GC Interval" value="200" />
  <attribute name="ProportionalT" value="-34.000000" />
  <attribute name="ProportionalI" value="-34.000000" />
  <attribute name="ProportionalH" value="-34.000000" />
  <attribute name="Current Error" value="-68.000000" />
  <attribute name="IntegralT" value="-1938.000000" />
  <attribute name="IntegralI" value="-1938.000000" />
  <attribute name="IntegralH" value="-1938.000000" />
  <attribute name="DerivativeT" value="-1.192982" />
  <attribute name="DerivativeI" value="-1.192982" />
  <attribute name="DerivativeH" value="-1.192982" />
  <attribute name="Loop Time for DT" value="57.000000" />
  <attribute name="Output H" value="4203675648"/>
  <attribute name="Output I" value="200"/>
  <attribute name="Output T" value="16"/>
  <attribute name="Target GC Util Change" value ="80.000000" />
  <attribute name="Current GC Util Change" value="12.000000"/>
  <attribute name="GC Util currently" value="12" />
  <attribute name="CPU Util currently" value="20186878097" />
<allocation-satisfied id="2404" threadId="0000000000880F00" bytesRequested="1728" />
<af-end id="2405" timestamp="2019-08-11T07:39:27.363" threadId="0000000000881888" success="true" from="nursery"/>
<exclusive-end id="2406" timestamp="2019-08-11T07:39:27.363" durationms="100.015" />

<exclusive-start id="2407" timestamp="2019-08-11T07:39:27.365" intervalms="101.504">
  <response-info timems="0.012" idlems="0.012" threads="0" lastid="0000000000880F00" lastname="main" />
</exclusive-start>
<af-start id="2408" threadId="0000000000881888" totalBytesRequested="7552" timestamp="2019-08-11T07:39:27.365" intervalms="101.495" type="nursery" />
<cycle-start id="2409" type="scavenge" contextid="0" timestamp="2019-08-11T07:39:27.365" intervalms="101.492" />
<gc-start id="2410" type="scavenge" contextid="2409" timestamp="2019-08-11T07:39:27.365">
  <mem-info id="2411" free="4188195712" total="4203675648" percent="99">
    <mem type="nursery" free="0" total="2228224" percent="0">
      <mem type="allocate" free="0" total="1114112" percent="0" />
      <mem type="survivor" free="0" total="1114112" percent="0" />
    </mem>
    <mem type="tenure" free="4188195712" total="4201447424" percent="99">
      <mem type="soa" free="3978124160" total="3991375872" percent="99" />
      <mem type="loa" free="210071552" total="210071552" percent="100" />
    </mem>
    <remembered-set count="933" />
  </mem-info>
</gc-start>
<allocation-stats totalBytes="91184" >
  <allocated-bytes non-tlh="2456" tlh="88728" />
  <largest-consumer threadName="main" threadId="0000000000880F00" bytes="91184" />
</allocation-stats>
<gc-op id="2412" type="scavenge" timems="2.455" contextid="2409" timestamp="2019-08-11T07:39:27.367">
  <scavenger-info tenureage="3" tenuremask="7008" tiltratio="50" />
  <memory-copied type="nursery" objects="1498" bytes="615184" bytesdiscarded="88536" />
  <memory-copied type="tenure" objects="5292" bytes="228224" bytesdiscarded="1016" />
  <finalization candidates="15" enqueued="0" />
  <ownableSynchronizers candidates="3" cleared="0" />
  <references type="soft" candidates="97" cleared="0" enqueued="0" dynamicThreshold="31" maxThreshold="32" />
  <references type="weak" candidates="72" cleared="0" enqueued="0" />
  <references type="phantom" candidates="5" cleared="0" enqueued="0" />
</gc-op>
<gc-end id="2413" type="scavenge" contextid="2409" durationms="2.938" usertimems="4.765" systemtimems="0.000" timestamp="2019-08-11T07:39:27.368" activeThreads="16">
  <mem-info id="2414" free="4188445192" total="4203675648" percent="99">
    <mem type="nursery" free="410264" total="2228224" percent="18">
      <mem type="allocate" free="410264" total="1114112" percent="36" />
      <mem type="survivor" free="0" total="1114112" percent="0" />
    </mem>
    <mem type="tenure" free="4188034928" total="4201447424" percent="99" macro-fragmented="1041779">
      <mem type="soa" free="3977963376" total="3991375872" percent="99" />
      <mem type="loa" free="210071552" total="210071552" percent="100" />
    </mem>
    <remembered-set count="237" />
  </mem-info>
</gc-end>
<cycle-end id="2415" type="scavenge" contextid="2409" timestamp="2019-08-11T07:39:27.368" />
  <attribute name="elasticGC enabled" value="1" />
  <attribute name= "numThreadsSpecified" value="16" />
  <attribute name="heapSize specified" value="8519680" />
  <attribute name="Current GC Util" value="191" />
  <attribute name= "Current Time Running" value="58204" />
  <attribute name ="GC Interval" value="3000" />
  <attribute name="ProportionalT" value="55.500000" />
  <attribute name="ProportionalI" value="55.500000" />
  <attribute name="ProportionalH" value="55.500000" />
  <attribute name="Current Error" value="111.000000" />
  <attribute name="IntegralT" value="2941.500000" />
  <attribute name="IntegralI" value="2941.500000" />
  <attribute name="IntegralH" value="2941.500000" />
  <attribute name="DerivativeT" value="2.094340" />
  <attribute name="DerivativeI" value="2.094340" />
  <attribute name="DerivativeH" value="2.094340" />
  <attribute name="Loop Time for DT" value="53.000000" />
  <attribute name="Output H" value="8388608"/>
  <attribute name="Output I" value="3000"/>
  <attribute name="Output T" value="16"/>
  <attribute name="Target GC Util Change" value ="80.000000" />
  <attribute name="Current GC Util Change" value="191.000000"/>
  <attribute name="GC Util currently" value="191" />
  <attribute name="CPU Util currently" value="21731945514" />
<allocation-satisfied id="2416" threadId="0000000000880F00" bytesRequested="7552" />
<af-end id="2417" timestamp="2019-08-11T07:39:27.368" threadId="0000000000881888" success="true" from="nursery"/>
<exclusive-end id="2418" timestamp="2019-08-11T07:39:27.368" durationms="3.115" />

<exclusive-start id="2419" timestamp="2019-08-11T07:39:27.373" intervalms="8.826">
  <response-info timems="0.018" idlems="0.018" threads="0" lastid="0000000000880F00" lastname="main" />
</exclusive-start>
<af-start id="2420" threadId="0000000000881888" totalBytesRequested="131080" timestamp="2019-08-11T07:39:27.373" intervalms="8.833" type="nursery" />
<cycle-start id="2421" type="scavenge" contextid="0" timestamp="2019-08-11T07:39:27.373" intervalms="8.837" />
<gc-start id="2422" type="scavenge" contextid="2421" timestamp="2019-08-11T07:39:27.373">
  <mem-info id="2423" free="4188057864" total="4203675648" percent="99">
    <mem type="nursery" free="29352" total="2228224" percent="1">
      <mem type="allocate" free="29352" total="1114112" percent="2" />
      <mem type="survivor" free="0" total="1114112" percent="0" />
    </mem>
    <mem type="tenure" free="4188028512" total="4201447424" percent="99">
      <mem type="soa" free="3977956960" total="3991375872" percent="99" />
      <mem type="loa" free="210071552" total="210071552" percent="100" />
    </mem>
    <remembered-set count="303" />
  </mem-info>
</gc-start>
<allocation-stats totalBytes="386760" >
  <allocated-bytes non-tlh="272640" tlh="114120" />
  <largest-consumer threadName="main" threadId="0000000000880F00" bytes="386760" />
</allocation-stats>
<gc-op id="2424" type="scavenge" timems="2.034" contextid="2421" timestamp="2019-08-11T07:39:27.376">
  <scavenger-info tenureage="3" tenuremask="7808" tiltratio="50" />
  <memory-copied type="nursery" objects="97" bytes="394696" bytesdiscarded="41616" />
  <memory-copied type="tenure" objects="1451" bytes="338888" bytesdiscarded="48" />
  <finalization candidates="1" enqueued="0" />
</gc-op>
<gc-end id="2425" type="scavenge" contextid="2421" durationms="2.513" usertimems="5.055" systemtimems="0.000" timestamp="2019-08-11T07:39:27.376" activeThreads="16">
  <mem-info id="2426" free="4188355312" total="4203675648" percent="99">
    <mem type="nursery" free="677792" total="2228224" percent="30">
      <mem type="allocate" free="677792" total="1114112" percent="60" />
      <mem type="survivor" free="0" total="1114112" percent="0" />
    </mem>
    <mem type="tenure" free="4187677520" total="4201447424" percent="99" macro-fragmented="5375357">
      <mem type="soa" free="3977605968" total="3991375872" percent="99" />
      <mem type="loa" free="210071552" total="210071552" percent="100" />
    </mem>
    <remembered-set count="192" />
  </mem-info>
</gc-end>
<cycle-end id="2427" type="scavenge" contextid="2421" timestamp="2019-08-11T07:39:27.376" />
  <attribute name="elasticGC enabled" value="1" />
  <attribute name= "numThreadsSpecified" value="16" />
  <attribute name="heapSize specified" value="8519680" />
  <attribute name="Current GC Util" value="52" />
  <attribute name= "Current Time Running" value="58213" />
  <attribute name ="GC Interval" value="200" />
  <attribute name="ProportionalT" value="-14.000000" />
  <attribute name="ProportionalI" value="-14.000000" />
  <attribute name="ProportionalH" value="-14.000000" />
  <attribute name="Current Error" value="-28.000000" />
  <attribute name="IntegralT" value="-126.000000" />
  <attribute name="IntegralI" value="-126.000000" />
  <attribute name="IntegralH" value="-126.000000" />
  <attribute name="DerivativeT" value="-15.444444" />
  <attribute name="DerivativeI" value="-15.444444" />
  <attribute name="DerivativeH" value="-15.444444" />
  <attribute name="Loop Time for DT" value="9.000000" />
  <attribute name="Output H" value="4203675648"/>
  <attribute name="Output I" value="200"/>
  <attribute name="Output T" value="16"/>
  <attribute name="Target GC Util Change" value ="80.000000" />
  <attribute name="Current GC Util Change" value="52.000000"/>
  <attribute name="GC Util currently" value="52" />
  <attribute name="CPU Util currently" value="130483465637" />
<allocation-satisfied id="2428" threadId="0000000000880F00" bytesRequested="131080" />
<af-end id="2429" timestamp="2019-08-11T07:39:27.376" threadId="0000000000881888" success="true" from="nursery"/>
<exclusive-end id="2430" timestamp="2019-08-11T07:39:27.376" durationms="2.685" />

<exclusive-start id="2431" timestamp="2019-08-11T07:39:27.383" intervalms="9.246">
  <response-info timems="0.042" idlems="0.042" threads="0" lastid="0000000000880F00" lastname="main" />
</exclusive-start>
<af-start id="2432" threadId="0000000000881888" totalBytesRequested="261128" timestamp="2019-08-11T07:39:27.383" intervalms="9.244" type="nursery" />
<cycle-start id="2433" type="scavenge" contextid="0" timestamp="2019-08-11T07:39:27.383" intervalms="9.242" />
<gc-start id="2434" type="scavenge" contextid="2433" timestamp="2019-08-11T07:39:27.383">
  <mem-info id="2435" free="4187794376" total="4203675648" percent="99">
    <mem type="nursery" free="123776" total="2228224" percent="5">
      <mem type="allocate" free="123776" total="1114112" percent="11" />
      <mem type="survivor" free="0" total="1114112" percent="0" />
    </mem>
    <mem type="tenure" free="4187670600" total="4201447424" percent="99">
      <mem type="soa" free="3977599048" total="3991375872" percent="99" />
      <mem type="loa" free="210071552" total="210071552" percent="100" />
    </mem>
    <remembered-set count="349" />
  </mem-info>
</gc-start>
<allocation-stats totalBytes="553760" >
  <allocated-bytes non-tlh="364328" tlh="189432" />
  <largest-consumer threadName="main" threadId="0000000000880F00" bytes="553760" />
</allocation-stats>
<gc-op id="2436" type="scavenge" timems="1.296" contextid="2433" timestamp="2019-08-11T07:39:27.384">
  <scavenger-info tenureage="3" tenuremask="7c08" tiltratio="50" />
  <memory-copied type="nursery" objects="382" bytes="427600" bytesdiscarded="20672" />
  <memory-copied type="tenure" objects="18" bytes="259992" bytesdiscarded="0" />
  <references type="weak" candidates="2" cleared="1" enqueued="1" />
  <references type="phantom" candidates="1" cleared="0" enqueued="0" />
</gc-op>
<gc-end id="2437" type="scavenge" contextid="2433" durationms="1.765" usertimems="3.563" systemtimems="0.000" timestamp="2019-08-11T07:39:27.384" activeThreads="16">
  <mem-info id="2438" free="4188210128" total="4203675648" percent="99">
    <mem type="nursery" free="796904" total="2228224" percent="35">
      <mem type="allocate" free="796904" total="1245184" percent="63" />
      <mem type="survivor" free="0" total="983040" percent="0" />
    </mem>
    <mem type="tenure" free="4187413224" total="4201447424" percent="99" macro-fragmented="0">
      <mem type="soa" free="3977341672" total="3991375872" percent="99" />
      <mem type="loa" free="210071552" total="210071552" percent="100" />
    </mem>
    <pending-finalizers system="0" default="0" reference="1" classloader="0" />
    <remembered-set count="326" />
  </mem-info>
</gc-end>
<cycle-end id="2439" type="scavenge" contextid="2433" timestamp="2019-08-11T07:39:27.385" />
  <attribute name="elasticGC enabled" value="1" />
  <attribute name= "numThreadsSpecified" value="16" />
  <attribute name="heapSize specified" value="8519680" />
  <attribute name="Current GC Util" value="51" />
  <attribute name= "Current Time Running" value="58222" />
  <attribute name ="GC Interval" value="200" />
  <attribute name="ProportionalT" value="-14.500000" />
  <attribute name="ProportionalI" value="-14.500000" />
  <attribute name="ProportionalH" value="-14.500000" />
  <attribute name="Current Error" value="-29.000000" />
  <attribute name="IntegralT" value="-130.500000" />
  <attribute name="IntegralI" value="-130.500000" />
  <attribute name="IntegralH" value="-130.500000" />
  <attribute name="DerivativeT" value="-3.222222" />
  <attribute name="DerivativeI" value="-3.222222" />
  <attribute name="DerivativeH" value="-3.222222" />
  <attribute name="Loop Time for DT" value="9.000000" />
  <attribute name="Output H" value="4203675648"/>
  <attribute name="Output I" value="200"/>
  <attribute name="Output T" value="16"/>
  <attribute name="Target GC Util Change" value ="80.000000" />
  <attribute name="Current GC Util Change" value="51.000000"/>
  <attribute name="GC Util currently" value="51" />
  <attribute name="CPU Util currently" value="124676891274" />
<allocation-satisfied id="2440" threadId="0000000000880F00" bytesRequested="261128" />
<af-end id="2441" timestamp="2019-08-11T07:39:27.385" threadId="0000000000881888" success="true" from="nursery"/>
<exclusive-end id="2442" timestamp="2019-08-11T07:39:27.385" durationms="1.945" />

<exclusive-start id="2443" timestamp="2019-08-11T07:39:27.394" intervalms="11.641">
  <response-info timems="0.016" idlems="0.016" threads="0" lastid="0000000000880F00" lastname="main" />
</exclusive-start>
<af-start id="2444" threadId="0000000000881888" totalBytesRequested="3080" timestamp="2019-08-11T07:39:27.394" intervalms="11.645" type="nursery" />
<cycle-start id="2445" type="scavenge" contextid="0" timestamp="2019-08-11T07:39:27.394" intervalms="11.646" />
<gc-start id="2446" type="scavenge" contextid="2445" timestamp="2019-08-11T07:39:27.394">
  <mem-info id="2447" free="4187410384" total="4203675648" percent="99">
    <mem type="nursery" free="0" total="2228224" percent="0">
      <mem type="allocate" free="0" total="1245184" percent="0" />
      <mem type="survivor" free="0" total="983040" percent="0" />
    </mem>
    <mem type="tenure" free="4187410384" total="4201447424" percent="99">
      <mem type="soa" free="3977338832" total="3991375872" percent="99" />
      <mem type="loa" free="210071552" total="210071552" percent="100" />
    </mem>
    <remembered-set count="364" />
  </mem-info>
</gc-start>
<allocation-stats totalBytes="788872" >
  <allocated-bytes non-tlh="526136" tlh="262736" />
  <largest-consumer threadName="main" threadId="0000000000880F00" bytes="788872" />
</allocation-stats>
<gc-op id="2448" type="scavenge" timems="1.478" contextid="2445" timestamp="2019-08-11T07:39:27.396">
  <scavenger-info tenureage="2" tenuremask="7e04" tiltratio="55" />
  <memory-copied type="nursery" objects="338" bytes="164240" bytesdiscarded="39024" />
  <memory-copied type="tenure" objects="68" bytes="134352" bytesdiscarded="32" />
  <references type="weak" candidates="1" cleared="0" enqueued="0" />
  <references type="phantom" candidates="1" cleared="0" enqueued="0" />
</gc-op>
<gc-end id="2449" type="scavenge" contextid="2445" durationms="1.948" usertimems="3.057" systemtimems="0.000" timestamp="2019-08-11T07:39:27.396" activeThreads="16">
  <mem-info id="2450" free="4188370624" total="4203675648" percent="99">
    <mem type="nursery" free="1107448" total="2228224" percent="49">
      <mem type="allocate" free="1107448" total="1310720" percent="84" />
      <mem type="survivor" free="0" total="917504" percent="0" />
    </mem>
    <mem type="tenure" free="4187263176" total="4201447424" percent="99" macro-fragmented="348889">
      <mem type="soa" free="3977191624" total="3991375872" percent="99" />
      <mem type="loa" free="210071552" total="210071552" percent="100" />
    </mem>
    <remembered-set count="299" />
  </mem-info>
</gc-end>
<cycle-end id="2451" type="scavenge" contextid="2445" timestamp="2019-08-11T07:39:27.396" />
  <attribute name="elasticGC enabled" value="1" />
  <attribute name= "numThreadsSpecified" value="16" />
  <attribute name="heapSize specified" value="8519680" />
  <attribute name="Current GC Util" value="22" />
  <attribute name= "Current Time Running" value="58234" />
  <attribute name ="GC Interval" value="200" />
  <attribute name="ProportionalT" value="-29.000000" />
  <attribute name="ProportionalI" value="-29.000000" />
  <attribute name="ProportionalH" value="-29.000000" />
  <attribute name="Current Error" value="-58.000000" />
  <attribute name="IntegralT" value="-348.000000" />
  <attribute name="IntegralI" value="-348.000000" />
  <attribute name="IntegralH" value="-348.000000" />
  <attribute name="DerivativeT" value="-4.833333" />
  <attribute name="DerivativeI" value="-4.833333" />
  <attribute name="DerivativeH" value="-4.833333" />
  <attribute name="Loop Time for DT" value="12.000000" />
  <attribute name="Output H" value="4203675648"/>
  <attribute name="Output I" value="200"/>
  <attribute name="Output T" value="16"/>
  <attribute name="Target GC Util Change" value ="80.000000" />
  <attribute name="Current GC Util Change" value="22.000000"/>
  <attribute name="GC Util currently" value="22" />
  <attribute name="CPU Util currently" value="99057319058" />
<allocation-satisfied id="2452" threadId="0000000000880F00" bytesRequested="3080" />
<af-end id="2453" timestamp="2019-08-11T07:39:27.396" threadId="0000000000881888" success="true" from="nursery"/>
<exclusive-end id="2454" timestamp="2019-08-11T07:39:27.396" durationms="2.113" />

<exclusive-start id="2455" timestamp="2019-08-11T07:39:27.424" intervalms="29.412">
  <response-info timems="0.016" idlems="0.016" threads="0" lastid="0000000000880F00" lastname="main" />
</exclusive-start>
<af-start id="2456" threadId="0000000000881888" totalBytesRequested="16" timestamp="2019-08-11T07:39:27.424" intervalms="29.415" type="nursery" />
<cycle-start id="2457" type="scavenge" contextid="0" timestamp="2019-08-11T07:39:27.424" intervalms="29.416" />
<gc-start id="2458" type="scavenge" contextid="2457" timestamp="2019-08-11T07:39:27.424">
  <mem-info id="2459" free="4187246288" total="4203675648" percent="99">
    <mem type="nursery" free="0" total="2228224" percent="0">
      <mem type="allocate" free="0" total="1310720" percent="0" />
      <mem type="survivor" free="0" total="917504" percent="0" />
    </mem>
    <mem type="tenure" free="4187246288" total="4201447424" percent="99">
      <mem type="soa" free="3977174736" total="3991375872" percent="99" />
      <mem type="loa" free="210071552" total="210071552" percent="100" />
    </mem>
    <remembered-set count="585" />
  </mem-info>
</gc-start>
<allocation-stats totalBytes="1121432" >
  <allocated-bytes non-tlh="19968" tlh="1101464" />
  <largest-consumer threadName="main" threadId="0000000000880F00" bytes="1121432" />
</allocation-stats>
<gc-op id="2460" type="scavenge" timems="1.721" contextid="2457" timestamp="2019-08-11T07:39:27.426">
  <scavenger-info tenureage="9" tenuremask="7e00" tiltratio="58" />
  <memory-copied type="nursery" objects="1849" bytes="200848" bytesdiscarded="19056" />
  <references type="weak" candidates="2" cleared="2" enqueued="2" />
</gc-op>
<gc-end id="2461" type="scavenge" contextid="2457" durationms="2.083" usertimems="3.693" systemtimems="0.000" timestamp="2019-08-11T07:39:27.426" activeThreads="16">
  <mem-info id="2462" free="4188468168" total="4203675648" percent="99">
    <mem type="nursery" free="1221880" total="2228224" percent="54">
      <mem type="allocate" free="1221880" total="1441792" percent="84" />
      <mem type="survivor" free="0" total="786432" percent="0" />
    </mem>
    <mem type="tenure" free="4187246288" total="4201447424" percent="99" macro-fragmented="5375357">
      <mem type="soa" free="3977174736" total="3991375872" percent="99" />
      <mem type="loa" free="210071552" total="210071552" percent="100" />
    </mem>
    <pending-finalizers system="0" default="0" reference="2" classloader="0" />
    <remembered-set count="429" />
  </mem-info>
</gc-end>
<cycle-end id="2463" type="scavenge" contextid="2457" timestamp="2019-08-11T07:39:27.426" />
  <attribute name="elasticGC enabled" value="1" />
  <attribute name= "numThreadsSpecified" value="16" />
  <attribute name="heapSize specified" value="8519680" />
  <attribute name="Current GC Util" value="10" />
  <attribute name= "Current Time Running" value="58263" />
  <attribute name ="GC Interval" value="200" />
  <attribute name="ProportionalT" value="-35.000000" />
  <attribute name="ProportionalI" value="-35.000000" />
  <attribute name="ProportionalH" value="-35.000000" />
  <attribute name="Current Error" value="-70.000000" />
  <attribute name="IntegralT" value="-1015.000000" />
  <attribute name="IntegralI" value="-1015.000000" />
  <attribute name="IntegralH" value="-1015.000000" />
  <attribute name="DerivativeT" value="-2.413793" />
  <attribute name="DerivativeI" value="-2.413793" />
  <attribute name="DerivativeH" value="-2.413793" />
  <attribute name="Loop Time for DT" value="29.000000" />
  <attribute name="Output H" value="4203675648"/>
  <attribute name="Output I" value="200"/>
  <attribute name="Output T" value="16"/>
  <attribute name="Target GC Util Change" value ="80.000000" />
  <attribute name="Current GC Util Change" value="10.000000"/>
  <attribute name="GC Util currently" value="10" />
  <attribute name="CPU Util currently" value="39178779298" />
<allocation-satisfied id="2464" threadId="0000000000880F00" bytesRequested="16" />
<af-end id="2465" timestamp="2019-08-11T07:39:27.426" threadId="0000000000881888" success="true" from="nursery"/>
<exclusive-end id="2466" timestamp="2019-08-11T07:39:27.426" durationms="2.259" />

<exclusive-start id="2467" timestamp="2019-08-11T07:39:27.473" intervalms="49.378">
  <response-info timems="0.014" idlems="0.014" threads="0" lastid="0000000000880F00" lastname="main" />
</exclusive-start>
<af-start id="2468" threadId="0000000000881888" totalBytesRequested="23272" timestamp="2019-08-11T07:39:27.473" intervalms="49.375" type="nursery" />
<cycle-start id="2469" type="scavenge" contextid="0" timestamp="2019-08-11T07:39:27.473" intervalms="49.375" />
<gc-start id="2470" type="scavenge" contextid="2469" timestamp="2019-08-11T07:39:27.473">
  <mem-info id="2471" free="4187223744" total="4203675648" percent="99">
    <mem type="nursery" free="0" total="2228224" percent="0">
      <mem type="allocate" free="0" total="1441792" percent="0" />
      <mem type="survivor" free="0" total="786432" percent="0" />
    </mem>
    <mem type="tenure" free="4187223744" total="4201447424" percent="99">
      <mem type="soa" free="3977152192" total="3991375872" percent="99" />
      <mem type="loa" free="210071552" total="210071552" percent="100" />
    </mem>
    <remembered-set count="760" />
  </mem-info>
</gc-start>
<allocation-stats totalBytes="1223600" >
  <allocated-bytes non-tlh="22560" tlh="1201040" />
  <largest-consumer threadName="main" threadId="0000000000880F00" bytes="1223600" />
</allocation-stats>
<gc-op id="2472" type="scavenge" timems="2.446" contextid="2469" timestamp="2019-08-11T07:39:27.476">
  <scavenger-info tenureage="3" tenuremask="7e08" tiltratio="64" />
  <memory-copied type="nursery" objects="5868" bytes="306368" bytesdiscarded="22304" />
  <memory-copied type="tenure" objects="280" bytes="149280" bytesdiscarded="0" />
  <references type="soft" candidates="54" cleared="0" enqueued="0" dynamicThreshold="31" maxThreshold="32" />
  <references type="weak" candidates="97" cleared="0" enqueued="0" />
  <references type="phantom" candidates="1" cleared="0" enqueued="0" />
</gc-op>
<gc-end id="2473" type="scavenge" contextid="2469" durationms="2.921" usertimems="5.343" systemtimems="0.000" timestamp="2019-08-11T07:39:27.476" activeThreads="16">
  <mem-info id="2474" free="4188216696" total="4203675648" percent="99">
    <mem type="nursery" free="1178560" total="2228224" percent="52">
      <mem type="allocate" free="1178560" total="1507328" percent="78" />
      <mem type="survivor" free="0" total="720896" percent="0" />
    </mem>
    <mem type="tenure" free="4187038136" total="4201447424" percent="99" macro-fragmented="0">
      <mem type="soa" free="3976966584" total="3991375872" percent="99" />
      <mem type="loa" free="210071552" total="210071552" percent="100" />
    </mem>
    <remembered-set count="735" />
  </mem-info>
</gc-end>
<cycle-end id="2475" type="scavenge" contextid="2469" timestamp="2019-08-11T07:39:27.476" />
  <attribute name="elasticGC enabled" value="1" />
  <attribute name= "numThreadsSpecified" value="16" />
  <attribute name="heapSize specified" value="8519680" />
  <attribute name="Current GC Util" value="7" />
  <attribute name= "Current Time Running" value="58312" />
  <attribute name ="GC Interval" value="200" />
  <attribute name="ProportionalT" value="-36.500000" />
  <attribute name="ProportionalI" value="-36.500000" />
  <attribute name="ProportionalH" value="-36.500000" />
  <attribute name="Current Error" value="-73.000000" />
  <attribute name="IntegralT" value="-1788.500000" />
  <attribute name="IntegralI" value="-1788.500000" />
  <attribute name="IntegralH" value="-1788.500000" />
  <attribute name="DerivativeT" value="-1.489796" />
  <attribute name="DerivativeI" value="-1.489796" />
  <attribute name="DerivativeH" value="-1.489796" />
  <attribute name="Loop Time for DT" value="49.000000" />
  <attribute name="Output H" value="4203675648"/>
  <attribute name="Output I" value="200"/>
  <attribute name="Output T" value="16"/>
  <attribute name="Target GC Util Change" value ="80.000000" />
  <attribute name="Current GC Util Change" value="7.000000"/>
  <attribute name="GC Util currently" value="7" />
  <attribute name="CPU Util currently" value="23355269877" />
<allocation-satisfied id="2476" threadId="0000000000880F00" bytesRequested="23272" />
<af-end id="2477" timestamp="2019-08-11T07:39:27.476" threadId="0000000000881888" success="true" from="nursery"/>
<exclusive-end id="2478" timestamp="2019-08-11T07:39:27.476" durationms="3.106" />

<exclusive-start id="2479" timestamp="2019-08-11T07:39:27.505" intervalms="31.536">
  <response-info timems="0.022" idlems="0.022" threads="0" lastid="0000000000880F00" lastname="main" />
</exclusive-start>
<af-start id="2480" threadId="0000000000881888" totalBytesRequested="152" timestamp="2019-08-11T07:39:27.505" intervalms="31.550" type="nursery" />
<cycle-start id="2481" type="scavenge" contextid="0" timestamp="2019-08-11T07:39:27.505" intervalms="31.560" />
<gc-start id="2482" type="scavenge" contextid="2481" timestamp="2019-08-11T07:39:27.505">
  <mem-info id="2483" free="4187019312" total="4203675648" percent="99">
    <mem type="nursery" free="0" total="2228224" percent="0">
      <mem type="allocate" free="0" total="1507328" percent="0" />
      <mem type="survivor" free="0" total="720896" percent="0" />
    </mem>
    <mem type="tenure" free="4187019312" total="4201447424" percent="99">
      <mem type="soa" free="3976947760" total="3991375872" percent="99" />
      <mem type="loa" free="210071552" total="210071552" percent="100" />
    </mem>
    <remembered-set count="957" />
  </mem-info>
</gc-start>
<allocation-stats totalBytes="1196048" >
  <allocated-bytes non-tlh="42096" tlh="1153952" />
  <largest-consumer threadName="main" threadId="0000000000880F00" bytes="1196048" />
</allocation-stats>
<gc-op id="2484" type="scavenge" timems="2.306" contextid="2481" timestamp="2019-08-11T07:39:27.507">
  <scavenger-info tenureage="9" tenuremask="7e00" tiltratio="67" />
  <memory-copied type="nursery" objects="6344" bytes="283160" bytesdiscarded="30416" />
  <references type="soft" candidates="54" cleared="0" enqueued="0" dynamicThreshold="31" maxThreshold="32" />
  <references type="weak" candidates="222" cleared="0" enqueued="0" />
</gc-op>
<gc-end id="2485" type="scavenge" contextid="2481" durationms="3.262" usertimems="5.972" systemtimems="0.000" timestamp="2019-08-11T07:39:27.508" activeThreads="16">
  <mem-info id="2486" free="4188278400" total="4203675648" percent="99">
    <mem type="nursery" free="1259088" total="2228224" percent="56">
      <mem type="allocate" free="1259088" total="1572864" percent="80" />
      <mem type="survivor" free="0" total="655360" percent="0" />
    </mem>
    <mem type="tenure" free="4187019312" total="4201447424" percent="99" macro-fragmented="2592282">
      <mem type="soa" free="3976947760" total="3991375872" percent="99" />
      <mem type="loa" free="210071552" total="210071552" percent="100" />
    </mem>
    <remembered-set count="697" />
  </mem-info>
</gc-end>
<cycle-end id="2487" type="scavenge" contextid="2481" timestamp="2019-08-11T07:39:27.508" />
  <attribute name="elasticGC enabled" value="1" />
  <attribute name= "numThreadsSpecified" value="16" />
  <attribute name="heapSize specified" value="8519680" />
  <attribute name="Current GC Util" value="16" />
  <attribute name= "Current Time Running" value="58344" />
  <attribute name ="GC Interval" value="200" />
  <attribute name="ProportionalT" value="-32.000000" />
  <attribute name="ProportionalI" value="-32.000000" />
  <attribute name="ProportionalH" value="-32.000000" />
  <attribute name="Current Error" value="-64.000000" />
  <attribute name="IntegralT" value="-1024.000000" />
  <attribute name="IntegralI" value="-1024.000000" />
  <attribute name="IntegralH" value="-1024.000000" />
  <attribute name="DerivativeT" value="-2.000000" />
  <attribute name="DerivativeI" value="-2.000000" />
  <attribute name="DerivativeH" value="-2.000000" />
  <attribute name="Loop Time for DT" value="32.000000" />
  <attribute name="Output H" value="4203675648"/>
  <attribute name="Output I" value="200"/>
  <attribute name="Output T" value="16"/>
  <attribute name="Target GC Util Change" value ="80.000000" />
  <attribute name="Current GC Util Change" value="16.000000"/>
  <attribute name="GC Util currently" value="16" />
  <attribute name="CPU Util currently" value="36224302836" />
<allocation-satisfied id="2488" threadId="0000000000880F00" bytesRequested="152" />
<af-end id="2489" timestamp="2019-08-11T07:39:27.508" threadId="0000000000881888" success="true" from="nursery"/>
<exclusive-end id="2490" timestamp="2019-08-11T07:39:27.508" durationms="3.754" />

<exclusive-start id="2491" timestamp="2019-08-11T07:39:27.536" intervalms="31.520">
  <response-info timems="0.051" idlems="0.051" threads="0" lastid="0000000000880F00" lastname="main" />
</exclusive-start>
<af-start id="2492" threadId="0000000000881888" totalBytesRequested="23264" timestamp="2019-08-11T07:39:27.536" intervalms="31.512" type="nursery" />
<cycle-start id="2493" type="scavenge" contextid="0" timestamp="2019-08-11T07:39:27.536" intervalms="31.529" />
<gc-start id="2494" type="scavenge" contextid="2493" timestamp="2019-08-11T07:39:27.536">
  <mem-info id="2495" free="4186998208" total="4203675648" percent="99">
    <mem type="nursery" free="0" total="2228224" percent="0">
      <mem type="allocate" free="0" total="1572864" percent="0" />
      <mem type="survivor" free="0" total="655360" percent="0" />
    </mem>
    <mem type="tenure" free="4186998208" total="4201447424" percent="99">
      <mem type="soa" free="3976926656" total="3991375872" percent="99" />
      <mem type="loa" free="210071552" total="210071552" percent="100" />
    </mem>
    <remembered-set count="938" />
  </mem-info>
</gc-start>
<allocation-stats totalBytes="1248456" >
  <allocated-bytes non-tlh="21256" tlh="1227200" />
  <largest-consumer threadName="main" threadId="0000000000880F00" bytes="1248456" />
</allocation-stats>
<gc-op id="2496" type="scavenge" timems="3.368" contextid="2493" timestamp="2019-08-11T07:39:27.540">
  <scavenger-info tenureage="3" tenuremask="7e08" tiltratio="70" />
  <memory-copied type="nursery" objects="5604" bytes="307432" bytesdiscarded="116896" />
  <memory-copied type="tenure" objects="1498" bytes="42480" bytesdiscarded="320" />
  <references type="soft" candidates="54" cleared="0" enqueued="0" dynamicThreshold="31" maxThreshold="32" />
  <references type="weak" candidates="425" cleared="0" enqueued="0" />
  <references type="phantom" candidates="1" cleared="0" enqueued="0" />
</gc-op>
<gc-end id="2497" type="scavenge" contextid="2493" durationms="4.108" usertimems="7.637" systemtimems="0.000" timestamp="2019-08-11T07:39:27.540" activeThreads="16">
  <mem-info id="2498" free="4188212016" total="4203675648" percent="99">
    <mem type="nursery" free="1213808" total="2228224" percent="54">
      <mem type="allocate" free="1213808" total="1638400" percent="74" />
      <mem type="survivor" free="0" total="589824" percent="0" />
    </mem>
    <mem type="tenure" free="4186998208" total="4201447424" percent="99" macro-fragmented="0">
      <mem type="soa" free="3976926656" total="3991375872" percent="99" />
      <mem type="loa" free="210071552" total="210071552" percent="100" />
    </mem>
    <remembered-set count="617" />
  </mem-info>
</gc-end>
<cycle-end id="2499" type="scavenge" contextid="2493" timestamp="2019-08-11T07:39:27.540" />
  <attribute name="elasticGC enabled" value="1" />
  <attribute name= "numThreadsSpecified" value="16" />
  <attribute name="heapSize specified" value="8519680" />
  <attribute name="Current GC Util" value="19" />
  <attribute name= "Current Time Running" value="58375" />
  <attribute name ="GC Interval" value="200" />
  <attribute name="ProportionalT" value="-30.500000" />
  <attribute name="ProportionalI" value="-30.500000" />
  <attribute name="ProportionalH" value="-30.500000" />
  <attribute name="Current Error" value="-61.000000" />
  <attribute name="IntegralT" value="-945.500000" />
  <attribute name="IntegralI" value="-945.500000" />
  <attribute name="IntegralH" value="-945.500000" />
  <attribute name="DerivativeT" value="-1.967742" />
  <attribute name="DerivativeI" value="-1.967742" />
  <attribute name="DerivativeH" value="-1.967742" />
  <attribute name="Loop Time for DT" value="31.000000" />
  <attribute name="Output H" value="4203675648"/>
  <attribute name="Output I" value="200"/>
  <attribute name="Output T" value="16"/>
  <attribute name="Target GC Util Change" value ="80.000000" />
  <attribute name="Current GC Util Change" value="19.000000"/>
  <attribute name="GC Util currently" value="19" />
  <attribute name="CPU Util currently" value="36860789823" />
<allocation-satisfied id="2500" threadId="0000000000880F00" bytesRequested="23264" />
<af-end id="2501" timestamp="2019-08-11T07:39:27.540" threadId="0000000000881888" success="true" from="nursery"/>
<exclusive-end id="2502" timestamp="2019-08-11T07:39:27.541" durationms="4.386" />

<exclusive-start id="2503" timestamp="2019-08-11T07:39:27.578" intervalms="41.605">
  <response-info timems="0.049" idlems="0.049" threads="0" lastid="0000000000880F00" lastname="main" />
</exclusive-start>
<af-start id="2504" threadId="0000000000881888" totalBytesRequested="32" timestamp="2019-08-11T07:39:27.578" intervalms="41.639" type="nursery" />
<cycle-start id="2505" type="scavenge" contextid="0" timestamp="2019-08-11T07:39:27.578" intervalms="41.629" />
<gc-start id="2506" type="scavenge" contextid="2505" timestamp="2019-08-11T07:39:27.578">
  <mem-info id="2507" free="4186984328" total="4203675648" percent="99">
    <mem type="nursery" free="0" total="2228224" percent="0">
      <mem type="allocate" free="0" total="1638400" percent="0" />
      <mem type="survivor" free="0" total="589824" percent="0" />
    </mem>
    <mem type="tenure" free="4186984328" total="4201447424" percent="99">
      <mem type="soa" free="3976912776" total="3991375872" percent="99" />
      <mem type="loa" free="210071552" total="210071552" percent="100" />
    </mem>
    <remembered-set count="772" />
  </mem-info>
</gc-start>
<allocation-stats totalBytes="1226488" >
  <allocated-bytes non-tlh="37144" tlh="1189344" />
  <largest-consumer threadName="main" threadId="0000000000880F00" bytes="1226488" />
</allocation-stats>
<gc-op id="2508" type="scavenge" timems="1.580" contextid="2505" timestamp="2019-08-11T07:39:27.579">
  <scavenger-info tenureage="3" tenuremask="7e08" tiltratio="73" />
  <memory-copied type="nursery" objects="2370" bytes="82208" bytesdiscarded="92640" />
  <memory-copied type="tenure" objects="4291" bytes="222408" bytesdiscarded="168" />
  <references type="weak" candidates="436" cleared="0" enqueued="0" />
</gc-op>
<gc-end id="2509" type="scavenge" contextid="2505" durationms="2.420" usertimems="4.166" systemtimems="0.000" timestamp="2019-08-11T07:39:27.580" activeThreads="16">
  <mem-info id="2510" free="4188204504" total="4203675648" percent="99">
    <mem type="nursery" free="1463296" total="2228224" percent="65">
      <mem type="allocate" free="1463296" total="1638400" percent="89" />
      <mem type="survivor" free="0" total="589824" percent="0" />
    </mem>
    <mem type="tenure" free="4186741208" total="4201447424" percent="99" macro-fragmented="5375357">
      <mem type="soa" free="3976669656" total="3991375872" percent="99" />
      <mem type="loa" free="210071552" total="210071552" percent="100" />
    </mem>
    <remembered-set count="685" />
  </mem-info>
</gc-end>
<cycle-end id="2511" type="scavenge" contextid="2505" timestamp="2019-08-11T07:39:27.580" />
  <attribute name="elasticGC enabled" value="1" />
  <attribute name= "numThreadsSpecified" value="16" />
  <attribute name="heapSize specified" value="8519680" />
  <attribute name="Current GC Util" value="16" />
  <attribute name= "Current Time Running" value="58417" />
  <attribute name ="GC Interval" value="200" />
  <attribute name="ProportionalT" value="-32.000000" />
  <attribute name="ProportionalI" value="-32.000000" />
  <attribute name="ProportionalH" value="-32.000000" />
  <attribute name="Current Error" value="-64.000000" />
  <attribute name="IntegralT" value="-1344.000000" />
  <attribute name="IntegralI" value="-1344.000000" />
  <attribute name="IntegralH" value="-1344.000000" />
  <attribute name="DerivativeT" value="-1.523810" />
  <attribute name="DerivativeI" value="-1.523810" />
  <attribute name="DerivativeH" value="-1.523810" />
  <attribute name="Loop Time for DT" value="42.000000" />
  <attribute name="Output H" value="4203675648"/>
  <attribute name="Output I" value="200"/>
  <attribute name="Output T" value="16"/>
  <attribute name="Target GC Util Change" value ="80.000000" />
  <attribute name="Current GC Util Change" value="16.000000"/>
  <attribute name="GC Util currently" value="16" />
  <attribute name="CPU Util currently" value="27676495772" />
<allocation-satisfied id="2512" threadId="0000000000880F00" bytesRequested="32" />
<af-end id="2513" timestamp="2019-08-11T07:39:27.580" threadId="0000000000881888" success="true" from="nursery"/>
<exclusive-end id="2514" timestamp="2019-08-11T07:39:27.580" durationms="2.696" />

<exclusive-start id="2515" timestamp="2019-08-11T07:39:27.620" intervalms="42.167">
  <response-info timems="0.022" idlems="0.022" threads="0" lastid="0000000000880F00" lastname="main" />
</exclusive-start>
<af-start id="2516" threadId="0000000000881888" totalBytesRequested="23304" timestamp="2019-08-11T07:39:27.620" intervalms="42.142" type="nursery" />
<cycle-start id="2517" type="scavenge" contextid="0" timestamp="2019-08-11T07:39:27.620" intervalms="42.125" />
<gc-start id="2518" type="scavenge" contextid="2517" timestamp="2019-08-11T07:39:27.620">
  <mem-info id="2519" free="4186720704" total="4203675648" percent="99">
    <mem type="nursery" free="0" total="2228224" percent="0">
      <mem type="allocate" free="0" total="1638400" percent="0" />
      <mem type="survivor" free="0" total="589824" percent="0" />
    </mem>
    <mem type="tenure" free="4186720704" total="4201447424" percent="99">
      <mem type="soa" free="3976649152" total="3991375872" percent="99" />
      <mem type="loa" free="210071552" total="210071552" percent="100" />
    </mem>
    <remembered-set count="970" />
  </mem-info>
</gc-start>
<allocation-stats totalBytes="1467576" >
  <allocated-bytes non-tlh="20536" tlh="1447040" />
  <largest-consumer threadName="main" threadId="0000000000880F00" bytes="1467576" />
</allocation-stats>
<gc-op id="2520" type="scavenge" timems="3.334" contextid="2517" timestamp="2019-08-11T07:39:27.623">
  <scavenger-info tenureage="3" tenuremask="7c08" tiltratio="73" />
  <memory-copied type="nursery" objects="3033" bytes="144984" bytesdiscarded="23248" />
  <memory-copied type="tenure" objects="500" bytes="16624" bytesdiscarded="8" />
  <references type="weak" candidates="473" cleared="0" enqueued="0" />
  <references type="phantom" candidates="1" cleared="0" enqueued="0" />
</gc-op>
<gc-end id="2521" type="scavenge" contextid="2517" durationms="3.834" usertimems="5.911" systemtimems="0.000" timestamp="2019-08-11T07:39:27.624" activeThreads="16">
  <mem-info id="2522" free="4188240048" total="4203675648" percent="99">
    <mem type="nursery" free="1535472" total="2228224" percent="68">
      <mem type="allocate" free="1535472" total="1703936" percent="90" />
      <mem type="survivor" free="0" total="524288" percent="0" />
    </mem>
    <mem type="tenure" free="4186704576" total="4201447424" percent="99" macro-fragmented="32800">
      <mem type="soa" free="3976633024" total="3991375872" percent="99" />
      <mem type="loa" free="210071552" total="210071552" percent="100" />
    </mem>
    <remembered-set count="685" />
  </mem-info>
</gc-end>
<cycle-end id="2523" type="scavenge" contextid="2517" timestamp="2019-08-11T07:39:27.624" />
  <attribute name="elasticGC enabled" value="1" />
  <attribute name= "numThreadsSpecified" value="16" />
  <attribute name="heapSize specified" value="8519680" />
  <attribute name="Current GC Util" value="8" />
  <attribute name= "Current Time Running" value="58459" />
  <attribute name ="GC Interval" value="200" />
  <attribute name="ProportionalT" value="-36.000000" />
  <attribute name="ProportionalI" value="-36.000000" />
  <attribute name="ProportionalH" value="-36.000000" />
  <attribute name="Current Error" value="-72.000000" />
  <attribute name="IntegralT" value="-1512.000000" />
  <attribute name="IntegralI" value="-1512.000000" />
  <attribute name="IntegralH" value="-1512.000000" />
  <attribute name="DerivativeT" value="-1.714286" />
  <attribute name="DerivativeI" value="-1.714286" />
  <attribute name="DerivativeH" value="-1.714286" />
  <attribute name="Loop Time for DT" value="42.000000" />
  <attribute name="Output H" value="4203675648"/>
  <attribute name="Output I" value="200"/>
  <attribute name="Output T" value="16"/>
  <attribute name="Target GC Util Change" value ="80.000000" />
  <attribute name="Current GC Util Change" value="8.000000"/>
  <attribute name="GC Util currently" value="8" />
  <attribute name="CPU Util currently" value="27385910502" />
<allocation-satisfied id="2524" threadId="0000000000880F00" bytesRequested="23304" />
<af-end id="2525" timestamp="2019-08-11T07:39:27.624" threadId="0000000000881888" success="true" from="nursery"/>
<exclusive-end id="2526" timestamp="2019-08-11T07:39:27.624" durationms="4.038" />

<exclusive-start id="2527" timestamp="2019-08-11T07:39:27.662" intervalms="42.113">
  <response-info timems="0.024" idlems="0.024" threads="0" lastid="0000000000880F00" lastname="main" />
</exclusive-start>
<af-start id="2528" threadId="0000000000881888" totalBytesRequested="24" timestamp="2019-08-11T07:39:27.662" intervalms="42.112" type="nursery" />
<cycle-start id="2529" type="scavenge" contextid="0" timestamp="2019-08-11T07:39:27.662" intervalms="42.122" />
<gc-start id="2530" type="scavenge" contextid="2529" timestamp="2019-08-11T07:39:27.662">
  <mem-info id="2531" free="4186695320" total="4203675648" percent="99">
    <mem type="nursery" free="0" total="2228224" percent="0">
      <mem type="allocate" free="0" total="1703936" percent="0" />
      <mem type="survivor" free="0" total="524288" percent="0" />
    </mem>
    <mem type="tenure" free="4186695320" total="4201447424" percent="99">
      <mem type="soa" free="3976623768" total="3991375872" percent="99" />
      <mem type="loa" free="210071552" total="210071552" percent="100" />
    </mem>
    <remembered-set count="935" />
  </mem-info>
</gc-start>
<allocation-stats totalBytes="1544424" >
  <allocated-bytes non-tlh="32560" tlh="1511864" />
  <largest-consumer threadName="main" threadId="0000000000880F00" bytes="1544424" />
</allocation-stats>
<gc-op id="2532" type="scavenge" timems="1.308" contextid="2529" timestamp="2019-08-11T07:39:27.663">
  <scavenger-info tenureage="3" tenuremask="7808" tiltratio="76" />
  <memory-copied type="nursery" objects="4227" bytes="147928" bytesdiscarded="13176" />
  <memory-copied type="tenure" objects="696" bytes="25504" bytesdiscarded="24" />
  <references type="weak" candidates="358" cleared="0" enqueued="0" />
</gc-op>
<gc-end id="2533" type="scavenge" contextid="2529" durationms="1.859" usertimems="2.591" systemtimems="0.000" timestamp="2019-08-11T07:39:27.664" activeThreads="16">
  <mem-info id="2534" free="4188287384" total="4203675648" percent="99">
    <mem type="nursery" free="1608192" total="2228224" percent="72">
      <mem type="allocate" free="1608192" total="1769472" percent="90" />
      <mem type="survivor" free="0" total="458752" percent="0" />
    </mem>
    <mem type="tenure" free="4186679192" total="4201447424" percent="99" macro-fragmented="2160235">
      <mem type="soa" free="3976607640" total="3991375872" percent="99" />
      <mem type="loa" free="210071552" total="210071552" percent="100" />
    </mem>
    <remembered-set count="770" />
  </mem-info>
</gc-end>
<cycle-end id="2535" type="scavenge" contextid="2529" timestamp="2019-08-11T07:39:27.664" />
  <attribute name="elasticGC enabled" value="1" />
  <attribute name= "numThreadsSpecified" value="16" />
  <attribute name="heapSize specified" value="8519680" />
  <attribute name="Current GC Util" value="13" />
  <attribute name= "Current Time Running" value="58501" />
  <attribute name ="GC Interval" value="200" />
  <attribute name="ProportionalT" value="-33.500000" />
  <attribute name="ProportionalI" value="-33.500000" />
  <attribute name="ProportionalH" value="-33.500000" />
  <attribute name="Current Error" value="-67.000000" />
  <attribute name="IntegralT" value="-1407.000000" />
  <attribute name="IntegralI" value="-1407.000000" />
  <attribute name="IntegralH" value="-1407.000000" />
  <attribute name="DerivativeT" value="-1.595238" />
  <attribute name="DerivativeI" value="-1.595238" />
  <attribute name="DerivativeH" value="-1.595238" />
  <attribute name="Loop Time for DT" value="42.000000" />
  <attribute name="Output H" value="4203675648"/>
  <attribute name="Output I" value="200"/>
  <attribute name="Output T" value="16"/>
  <attribute name="Target GC Util Change" value ="80.000000" />
  <attribute name="Current GC Util Change" value="13.000000"/>
  <attribute name="GC Util currently" value="13" />
  <attribute name="CPU Util currently" value="27367702450" />
<allocation-satisfied id="2536" threadId="0000000000880F00" bytesRequested="24" />
<af-end id="2537" timestamp="2019-08-11T07:39:27.664" threadId="0000000000881888" success="true" from="nursery"/>
<exclusive-end id="2538" timestamp="2019-08-11T07:39:27.664" durationms="2.062" />

<exclusive-start id="2539" timestamp="2019-08-11T07:39:27.691" intervalms="29.408">
  <response-info timems="0.018" idlems="0.018" threads="0" lastid="0000000000880F00" lastname="main" />
</exclusive-start>
<af-start id="2540" threadId="0000000000881888" totalBytesRequested="23288" timestamp="2019-08-11T07:39:27.691" intervalms="29.396" type="nursery" />
<cycle-start id="2541" type="scavenge" contextid="0" timestamp="2019-08-11T07:39:27.691" intervalms="29.385" />
<gc-start id="2542" type="scavenge" contextid="2541" timestamp="2019-08-11T07:39:27.692">
  <mem-info id="2543" free="4186671184" total="4203675648" percent="99">
    <mem type="nursery" free="0" total="2228224" percent="0">
      <mem type="allocate" free="0" total="1769472" percent="0" />
      <mem type="survivor" free="0" total="458752" percent="0" />
    </mem>
    <mem type="tenure" free="4186671184" total="4201447424" percent="99">
      <mem type="soa" free="3976599632" total="3991375872" percent="99" />
      <mem type="loa" free="210071552" total="210071552" percent="100" />
    </mem>
    <remembered-set count="1015" />
  </mem-info>
</gc-start>
<allocation-stats totalBytes="1606288" >
  <allocated-bytes non-tlh="8032" tlh="1598256" />
  <largest-consumer threadName="main" threadId="0000000000880F00" bytes="1606288" />
</allocation-stats>
<gc-op id="2544" type="scavenge" timems="1.960" contextid="2541" timestamp="2019-08-11T07:39:27.694">
  <scavenger-info tenureage="3" tenuremask="7008" tiltratio="79" />
  <memory-copied type="nursery" objects="5028" bytes="218312" bytesdiscarded="46760" />
  <memory-copied type="tenure" objects="1081" bytes="37216" bytesdiscarded="24" />
  <references type="weak" candidates="309" cleared="0" enqueued="0" />
  <references type="phantom" candidates="1" cleared="0" enqueued="0" />
</gc-op>
<gc-end id="2545" type="scavenge" contextid="2541" durationms="2.470" usertimems="4.017" systemtimems="0.000" timestamp="2019-08-11T07:39:27.694" activeThreads="16">
  <mem-info id="2546" free="4188135512" total="4203675648" percent="99">
    <mem type="nursery" free="1504264" total="2228224" percent="67">
      <mem type="allocate" free="1504264" total="1769472" percent="85" />
      <mem type="survivor" free="0" total="458752" percent="0" />
    </mem>
    <mem type="tenure" free="4186631248" total="4201447424" percent="99" macro-fragmented="0">
      <mem type="soa" free="3976559696" total="3991375872" percent="99" />
      <mem type="loa" free="210071552" total="210071552" percent="100" />
    </mem>
    <remembered-set count="713" />
  </mem-info>
</gc-end>
<cycle-end id="2547" type="scavenge" contextid="2541" timestamp="2019-08-11T07:39:27.694" />
  <attribute name="elasticGC enabled" value="1" />
  <attribute name= "numThreadsSpecified" value="16" />
  <attribute name="heapSize specified" value="8519680" />
  <attribute name="Current GC Util" value="8" />
  <attribute name= "Current Time Running" value="58531" />
  <attribute name ="GC Interval" value="200" />
  <attribute name="ProportionalT" value="-36.000000" />
  <attribute name="ProportionalI" value="-36.000000" />
  <attribute name="ProportionalH" value="-36.000000" />
  <attribute name="Current Error" value="-72.000000" />
  <attribute name="IntegralT" value="-1080.000000" />
  <attribute name="IntegralI" value="-1080.000000" />
  <attribute name="IntegralH" value="-1080.000000" />
  <attribute name="DerivativeT" value="-2.400000" />
  <attribute name="DerivativeI" value="-2.400000" />
  <attribute name="DerivativeH" value="-2.400000" />
  <attribute name="Loop Time for DT" value="30.000000" />
  <attribute name="Output H" value="4203675648"/>
  <attribute name="Output I" value="200"/>
  <attribute name="Output T" value="16"/>
  <attribute name="Target GC Util Change" value ="80.000000" />
  <attribute name="Current GC Util Change" value="8.000000"/>
  <attribute name="GC Util currently" value="8" />
  <attribute name="CPU Util currently" value="39182958936" />
<allocation-satisfied id="2548" threadId="0000000000880F00" bytesRequested="23288" />
<af-end id="2549" timestamp="2019-08-11T07:39:27.694" threadId="0000000000881888" success="true" from="nursery"/>
<exclusive-end id="2550" timestamp="2019-08-11T07:39:27.694" durationms="2.687" />

<exclusive-start id="2551" timestamp="2019-08-11T07:39:27.716" intervalms="24.464">
  <response-info timems="0.038" idlems="0.038" threads="0" lastid="0000000000880F00" lastname="main" />
</exclusive-start>
<af-start id="2552" threadId="0000000000881888" totalBytesRequested="776" timestamp="2019-08-11T07:39:27.716" intervalms="24.462" type="nursery" />
<cycle-start id="2553" type="scavenge" contextid="0" timestamp="2019-08-11T07:39:27.716" intervalms="24.462" />
<gc-start id="2554" type="scavenge" contextid="2553" timestamp="2019-08-11T07:39:27.716">
  <mem-info id="2555" free="4186622496" total="4203675648" percent="99">
    <mem type="nursery" free="0" total="2228224" percent="0">
      <mem type="allocate" free="0" total="1769472" percent="0" />
      <mem type="survivor" free="0" total="458752" percent="0" />
    </mem>
    <mem type="tenure" free="4186622496" total="4201447424" percent="99">
      <mem type="soa" free="3976550944" total="3991375872" percent="99" />
      <mem type="loa" free="210071552" total="210071552" percent="100" />
    </mem>
    <remembered-set count="958" />
  </mem-info>
</gc-start>
<allocation-stats totalBytes="1512288" >
  <allocated-bytes non-tlh="32040" tlh="1480248" />
  <largest-consumer threadName="main" threadId="0000000000880F00" bytes="1512288" />
</allocation-stats>
<gc-op id="2556" type="scavenge" timems="1.490" contextid="2553" timestamp="2019-08-11T07:39:27.718">
  <scavenger-info tenureage="3" tenuremask="7008" tiltratio="79" />
  <memory-copied type="nursery" objects="5815" bytes="208448" bytesdiscarded="17232" />
  <memory-copied type="tenure" objects="1094" bytes="37696" bytesdiscarded="24" />
  <references type="weak" candidates="210" cleared="0" enqueued="0" />
</gc-op>
<gc-end id="2557" type="scavenge" contextid="2553" durationms="2.009" usertimems="4.262" systemtimems="0.000" timestamp="2019-08-11T07:39:27.718" activeThreads="16">
  <mem-info id="2558" free="4188183328" total="4203675648" percent="99">
    <mem type="nursery" free="1609216" total="2228224" percent="72">
      <mem type="allocate" free="1609216" total="1835008" percent="87" />
      <mem type="survivor" free="0" total="393216" percent="0" />
    </mem>
    <mem type="tenure" free="4186574112" total="4201447424" percent="99" macro-fragmented="5375357">
      <mem type="soa" free="3976502560" total="3991375872" percent="99" />
      <mem type="loa" free="210071552" total="210071552" percent="100" />
    </mem>
    <remembered-set count="797" />
  </mem-info>
</gc-end>
<cycle-end id="2559" type="scavenge" contextid="2553" timestamp="2019-08-11T07:39:27.718" />
  <attribute name="elasticGC enabled" value="1" />
  <attribute name= "numThreadsSpecified" value="16" />
  <attribute name="heapSize specified" value="8519680" />
  <attribute name="Current GC Util" value="16" />
  <attribute name= "Current Time Running" value="58555" />
  <attribute name ="GC Interval" value="200" />
  <attribute name="ProportionalT" value="-32.000000" />
  <attribute name="ProportionalI" value="-32.000000" />
  <attribute name="ProportionalH" value="-32.000000" />
  <attribute name="Current Error" value="-64.000000" />
  <attribute name="IntegralT" value="-768.000000" />
  <attribute name="IntegralI" value="-768.000000" />
  <attribute name="IntegralH" value="-768.000000" />
  <attribute name="DerivativeT" value="-2.666667" />
  <attribute name="DerivativeI" value="-2.666667" />
  <attribute name="DerivativeH" value="-2.666667" />
  <attribute name="Loop Time for DT" value="24.000000" />
  <attribute name="Output H" value="4203675648"/>
  <attribute name="Output I" value="200"/>
  <attribute name="Output T" value="16"/>
  <attribute name="Target GC Util Change" value ="80.000000" />
  <attribute name="Current GC Util Change" value="16.000000"/>
  <attribute name="GC Util currently" value="16" />
  <attribute name="CPU Util currently" value="47167143989" />
<allocation-satisfied id="2560" threadId="0000000000880F00" bytesRequested="776" />
<af-end id="2561" timestamp="2019-08-11T07:39:27.718" threadId="0000000000881888" success="true" from="nursery"/>
<exclusive-end id="2562" timestamp="2019-08-11T07:39:27.718" durationms="2.274" />

<exclusive-start id="2563" timestamp="2019-08-11T07:39:27.736" intervalms="20.196">
  <response-info timems="0.035" idlems="0.035" threads="0" lastid="0000000000880F00" lastname="main" />
</exclusive-start>
<af-start id="2564" threadId="0000000000881888" totalBytesRequested="32" timestamp="2019-08-11T07:39:27.736" intervalms="20.196" type="nursery" />
<cycle-start id="2565" type="scavenge" contextid="0" timestamp="2019-08-11T07:39:27.736" intervalms="20.228" />
<gc-start id="2566" type="scavenge" contextid="2565" timestamp="2019-08-11T07:39:27.736">
  <mem-info id="2567" free="4186569048" total="4203675648" percent="99">
    <mem type="nursery" free="0" total="2228224" percent="0">
      <mem type="allocate" free="0" total="1835008" percent="0" />
      <mem type="survivor" free="0" total="393216" percent="0" />
    </mem>
    <mem type="tenure" free="4186569048" total="4201447424" percent="99">
      <mem type="soa" free="3976497496" total="3991375872" percent="99" />
      <mem type="loa" free="210071552" total="210071552" percent="100" />
    </mem>
    <remembered-set count="1041" />
  </mem-info>
</gc-start>
<allocation-stats totalBytes="1613632" >
  <allocated-bytes non-tlh="5840" tlh="1607792" />
  <largest-consumer threadName="main" threadId="0000000000880F00" bytes="1613632" />
</allocation-stats>
<gc-op id="2568" type="scavenge" timems="1.925" contextid="2565" timestamp="2019-08-11T07:39:27.738">
  <scavenger-info tenureage="3" tenuremask="7008" tiltratio="82" />
  <memory-copied type="nursery" objects="6100" bytes="219896" bytesdiscarded="38072" />
  <memory-copied type="tenure" objects="1855" bytes="67032" bytesdiscarded="80" />
  <references type="weak" candidates="162" cleared="0" enqueued="0" />
</gc-op>
<gc-end id="2569" type="scavenge" contextid="2565" durationms="2.441" usertimems="6.688" systemtimems="0.000" timestamp="2019-08-11T07:39:27.739" activeThreads="16">
  <mem-info id="2570" free="4188065368" total="4203675648" percent="99">
    <mem type="nursery" free="1576960" total="2228224" percent="70">
      <mem type="allocate" free="1576960" total="1835008" percent="85" />
      <mem type="survivor" free="0" total="393216" percent="0" />
    </mem>
    <mem type="tenure" free="4186488408" total="4201447424" percent="99" macro-fragmented="41584">
      <mem type="soa" free="3976416856" total="3991375872" percent="99" />
      <mem type="loa" free="210071552" total="210071552" percent="100" />
    </mem>
    <remembered-set count="785" />
  </mem-info>
</gc-end>
<cycle-end id="2571" type="scavenge" contextid="2565" timestamp="2019-08-11T07:39:27.739" />
  <attribute name="elasticGC enabled" value="1" />
  <attribute name= "numThreadsSpecified" value="16" />
  <attribute name="heapSize specified" value="8519680" />
  <attribute name="Current GC Util" value="17" />
  <attribute name= "Current Time Running" value="58575" />
  <attribute name ="GC Interval" value="200" />
  <attribute name="ProportionalT" value="-31.500000" />
  <attribute name="ProportionalI" value="-31.500000" />
  <attribute name="ProportionalH" value="-31.500000" />
  <attribute name="Current Error" value="-63.000000" />
  <attribute name="IntegralT" value="-630.000000" />
  <attribute name="IntegralI" value="-630.000000" />
  <attribute name="IntegralH" value="-630.000000" />
  <attribute name="DerivativeT" value="-3.150000" />
  <attribute name="DerivativeI" value="-3.150000" />
  <attribute name="DerivativeH" value="-3.150000" />
  <attribute name="Loop Time for DT" value="20.000000" />
  <attribute name="Output H" value="4203675648"/>
  <attribute name="Output I" value="200"/>
  <attribute name="Output T" value="16"/>
  <attribute name="Target GC Util Change" value ="80.000000" />
  <attribute name="Current GC Util Change" value="17.000000"/>
  <attribute name="GC Util currently" value="17" />
  <attribute name="CPU Util currently" value="56962178523" />
<allocation-satisfied id="2572" threadId="0000000000880F00" bytesRequested="32" />
<af-end id="2573" timestamp="2019-08-11T07:39:27.739" threadId="0000000000881888" success="true" from="nursery"/>
<exclusive-end id="2574" timestamp="2019-08-11T07:39:27.739" durationms="2.737" />

<exclusive-start id="2575" timestamp="2019-08-11T07:39:27.763" intervalms="27.368">
  <response-info timems="0.089" idlems="0.089" threads="0" lastid="0000000000880F00" lastname="main" />
</exclusive-start>
<af-start id="2576" threadId="0000000000881888" totalBytesRequested="152" timestamp="2019-08-11T07:39:27.764" intervalms="27.408" type="nursery" />
<cycle-start id="2577" type="scavenge" contextid="0" timestamp="2019-08-11T07:39:27.764" intervalms="27.416" />
<gc-start id="2578" type="scavenge" contextid="2577" timestamp="2019-08-11T07:39:27.764">
  <mem-info id="2579" free="4186472576" total="4203675648" percent="99">
    <mem type="nursery" free="0" total="2228224" percent="0">
      <mem type="allocate" free="0" total="1835008" percent="0" />
      <mem type="survivor" free="0" total="393216" percent="0" />
    </mem>
    <mem type="tenure" free="4186472576" total="4201447424" percent="99">
      <mem type="soa" free="3976401024" total="3991375872" percent="99" />
      <mem type="loa" free="210071552" total="210071552" percent="100" />
    </mem>
    <remembered-set count="1030" />
  </mem-info>
</gc-start>
<allocation-stats totalBytes="1592184" >
  <allocated-bytes non-tlh="15864" tlh="1576320" />
  <largest-consumer threadName="main" threadId="0000000000880F00" bytes="1592184" />
</allocation-stats>
<gc-op id="2580" type="scavenge" timems="1.677" contextid="2577" timestamp="2019-08-11T07:39:27.765">
  <scavenger-info tenureage="3" tenuremask="7008" tiltratio="82" />
  <memory-copied type="nursery" objects="5999" bytes="231200" bytesdiscarded="46976" />
  <memory-copied type="tenure" objects="1939" bytes="69968" bytesdiscarded="16" />
  <references type="soft" candidates="2" cleared="0" enqueued="0" dynamicThreshold="31" maxThreshold="32" />
  <references type="weak" candidates="143" cleared="5" enqueued="5" />
</gc-op>
<gc-end id="2581" type="scavenge" contextid="2577" durationms="2.342" usertimems="4.364" systemtimems="0.000" timestamp="2019-08-11T07:39:27.766" activeThreads="16">
  <mem-info id="2582" free="4187997048" total="4203675648" percent="99">
    <mem type="nursery" free="1556728" total="2228224" percent="69">
      <mem type="allocate" free="1556728" total="1835008" percent="84" />
      <mem type="survivor" free="0" total="393216" percent="0" />
    </mem>
    <mem type="tenure" free="4186440320" total="4201447424" percent="99" macro-fragmented="24600">
      <mem type="soa" free="3976368768" total="3991375872" percent="99" />
      <mem type="loa" free="210071552" total="210071552" percent="100" />
    </mem>
    <pending-finalizers system="0" default="0" reference="5" classloader="0" />
    <remembered-set count="785" />
  </mem-info>
</gc-end>
<cycle-end id="2583" type="scavenge" contextid="2577" timestamp="2019-08-11T07:39:27.766" />
  <attribute name="elasticGC enabled" value="1" />
  <attribute name= "numThreadsSpecified" value="16" />
  <attribute name="heapSize specified" value="8519680" />
  <attribute name="Current GC Util" value="16" />
  <attribute name= "Current Time Running" value="58603" />
  <attribute name ="GC Interval" value="200" />
  <attribute name="ProportionalT" value="-32.000000" />
  <attribute name="ProportionalI" value="-32.000000" />
  <attribute name="ProportionalH" value="-32.000000" />
  <attribute name="Current Error" value="-64.000000" />
  <attribute name="IntegralT" value="-896.000000" />
  <attribute name="IntegralI" value="-896.000000" />
  <attribute name="IntegralH" value="-896.000000" />
  <attribute name="DerivativeT" value="-2.285714" />
  <attribute name="DerivativeI" value="-2.285714" />
  <attribute name="DerivativeH" value="-2.285714" />
  <attribute name="Loop Time for DT" value="28.000000" />
  <attribute name="Output H" value="4203675648"/>
  <attribute name="Output I" value="200"/>
  <attribute name="Output T" value="16"/>
  <attribute name="Target GC Util Change" value ="80.000000" />
  <attribute name="Current GC Util Change" value="16.000000"/>
  <attribute name="GC Util currently" value="16" />
  <attribute name="CPU Util currently" value="41931139348" />
<allocation-satisfied id="2584" threadId="0000000000880F00" bytesRequested="152" />
<af-end id="2585" timestamp="2019-08-11T07:39:27.766" threadId="0000000000881888" success="true" from="nursery"/>
<exclusive-end id="2586" timestamp="2019-08-11T07:39:27.766" durationms="2.671" />

<exclusive-start id="2587" timestamp="2019-08-11T07:39:27.792" intervalms="28.865">
  <response-info timems="0.024" idlems="0.024" threads="0" lastid="0000000000880F00" lastname="main" />
</exclusive-start>
<af-start id="2588" threadId="0000000000881888" totalBytesRequested="16" timestamp="2019-08-11T07:39:27.792" intervalms="28.827" type="nursery" />
<cycle-start id="2589" type="scavenge" contextid="0" timestamp="2019-08-11T07:39:27.792" intervalms="28.807" />
<gc-start id="2590" type="scavenge" contextid="2589" timestamp="2019-08-11T07:39:27.792">
  <mem-info id="2591" free="4186439688" total="4203675648" percent="99">
    <mem type="nursery" free="0" total="2228224" percent="0">
      <mem type="allocate" free="0" total="1835008" percent="0" />
      <mem type="survivor" free="0" total="393216" percent="0" />
    </mem>
    <mem type="tenure" free="4186439688" total="4201447424" percent="99">
      <mem type="soa" free="3976368136" total="3991375872" percent="99" />
      <mem type="loa" free="210071552" total="210071552" percent="100" />
    </mem>
    <remembered-set count="840" />
  </mem-info>
</gc-start>
<allocation-stats totalBytes="1557040" >
  <allocated-bytes non-tlh="784" tlh="1556256" />
  <largest-consumer threadName="main" threadId="0000000000880F00" bytes="1557040" />
</allocation-stats>
<gc-op id="2592" type="scavenge" timems="1.744" contextid="2589" timestamp="2019-08-11T07:39:27.794">
  <scavenger-info tenureage="3" tenuremask="7008" tiltratio="82" />
  <memory-copied type="nursery" objects="6658" bytes="304424" bytesdiscarded="88744" />
  <memory-copied type="tenure" objects="2172" bytes="80536" bytesdiscarded="112" />
  <copy-failed type="nursery" objects="422" bytes="17664" />
  <references type="soft" candidates="2" cleared="0" enqueued="0" dynamicThreshold="31" maxThreshold="32" />
  <references type="weak" candidates="74" cleared="0" enqueued="0" />
</gc-op>
<gc-end id="2593" type="scavenge" contextid="2589" durationms="2.240" usertimems="5.671" systemtimems="0.000" timestamp="2019-08-11T07:39:27.795" activeThreads="16">
  <mem-info id="2594" free="4187685896" total="4203675648" percent="99">
    <mem type="nursery" free="1310720" total="2228224" percent="58">
      <mem type="allocate" free="1310720" total="1703936" percent="76" />
      <mem type="survivor" free="0" total="524288" percent="0" />
    </mem>
    <mem type="tenure" free="4186375176" total="4201447424" percent="99" macro-fragmented="7740515">
      <mem type="soa" free="3976303624" total="3991375872" percent="99" />
      <mem type="loa" free="210071552" total="210071552" percent="100" />
    </mem>
    <remembered-set count="681" />
  </mem-info>
</gc-end>
<cycle-end id="2595" type="scavenge" contextid="2589" timestamp="2019-08-11T07:39:27.795" />
  <attribute name="elasticGC enabled" value="1" />
  <attribute name= "numThreadsSpecified" value="16" />
  <attribute name="heapSize specified" value="8519680" />
  <attribute name="Current GC Util" value="12" />
  <attribute name= "Current Time Running" value="58632" />
  <attribute name ="GC Interval" value="200" />
  <attribute name="ProportionalT" value="-34.000000" />
  <attribute name="ProportionalI" value="-34.000000" />
  <attribute name="ProportionalH" value="-34.000000" />
  <attribute name="Current Error" value="-68.000000" />
  <attribute name="IntegralT" value="-986.000000" />
  <attribute name="IntegralI" value="-986.000000" />
  <attribute name="IntegralH" value="-986.000000" />
  <attribute name="DerivativeT" value="-2.344828" />
  <attribute name="DerivativeI" value="-2.344828" />
  <attribute name="DerivativeH" value="-2.344828" />
  <attribute name="Loop Time for DT" value="29.000000" />
  <attribute name="Output H" value="4203675648"/>
  <attribute name="Output I" value="200"/>
  <attribute name="Output T" value="16"/>
  <attribute name="Target GC Util Change" value ="80.000000" />
  <attribute name="Current GC Util Change" value="12.000000"/>
  <attribute name="GC Util currently" value="12" />
  <attribute name="CPU Util currently" value="40147002344" />
<allocation-satisfied id="2596" threadId="0000000000880F00" bytesRequested="16" />
<af-end id="2597" timestamp="2019-08-11T07:39:27.795" threadId="0000000000881888" success="true" from="nursery"/>
<exclusive-end id="2598" timestamp="2019-08-11T07:39:27.795" durationms="2.504" />

<exclusive-start id="2599" timestamp="2019-08-11T07:39:27.819" intervalms="26.907">
  <response-info timems="0.032" idlems="0.032" threads="0" lastid="0000000000880F00" lastname="main" />
</exclusive-start>
<af-start id="2600" threadId="0000000000881888" totalBytesRequested="65544" timestamp="2019-08-11T07:39:27.819" intervalms="26.908" type="nursery" />
<cycle-start id="2601" type="scavenge" contextid="0" timestamp="2019-08-11T07:39:27.819" intervalms="26.918" />
<gc-start id="2602" type="scavenge" contextid="2601" timestamp="2019-08-11T07:39:27.819">
  <mem-info id="2603" free="4186357584" total="4203675648" percent="99">
    <mem type="nursery" free="0" total="2228224" percent="0">
      <mem type="allocate" free="0" total="1703936" percent="0" />
      <mem type="survivor" free="0" total="524288" percent="0" />
    </mem>
    <mem type="tenure" free="4186357584" total="4201447424" percent="99">
      <mem type="soa" free="3976286032" total="3991375872" percent="99" />
      <mem type="loa" free="210071552" total="210071552" percent="100" />
    </mem>
    <remembered-set count="962" />
  </mem-info>
</gc-start>
<allocation-stats totalBytes="1324040" >
  <allocated-bytes non-tlh="17608" tlh="1306432" />
  <largest-consumer threadName="main" threadId="0000000000880F00" bytes="1324040" />
</allocation-stats>
<gc-op id="2604" type="scavenge" timems="2.117" contextid="2601" timestamp="2019-08-11T07:39:27.822">
  <scavenger-info tenureage="12" tenuremask="7000" tiltratio="76" />
  <memory-copied type="nursery" objects="4062" bytes="224936" bytesdiscarded="49288" />
  <references type="soft" candidates="73" cleared="0" enqueued="0" dynamicThreshold="31" maxThreshold="32" />
  <references type="weak" candidates="82" cleared="0" enqueued="0" />
  <references type="phantom" candidates="1" cleared="0" enqueued="0" />
</gc-op>
<gc-end id="2605" type="scavenge" contextid="2601" durationms="2.677" usertimems="4.477" systemtimems="0.000" timestamp="2019-08-11T07:39:27.822" activeThreads="16">
  <mem-info id="2606" free="4187787192" total="4203675648" percent="99">
    <mem type="nursery" free="1429608" total="2228224" percent="64">
      <mem type="allocate" free="1429608" total="1703936" percent="83" />
      <mem type="survivor" free="0" total="524288" percent="0" />
    </mem>
    <mem type="tenure" free="4186357584" total="4201447424" percent="99" macro-fragmented="1032">
      <mem type="soa" free="3976286032" total="3991375872" percent="99" />
      <mem type="loa" free="210071552" total="210071552" percent="100" />
    </mem>
    <remembered-set count="776" />
  </mem-info>
</gc-end>
<cycle-end id="2607" type="scavenge" contextid="2601" timestamp="2019-08-11T07:39:27.822" />
  <attribute name="elasticGC enabled" value="1" />
  <attribute name= "numThreadsSpecified" value="16" />
  <attribute name="heapSize specified" value="8519680" />
  <attribute name="Current GC Util" value="20" />
  <attribute name= "Current Time Running" value="58659" />
  <attribute name ="GC Interval" value="200" />
  <attribute name="ProportionalT" value="-30.000000" />
  <attribute name="ProportionalI" value="-30.000000" />
  <attribute name="ProportionalH" value="-30.000000" />
  <attribute name="Current Error" value="-60.000000" />
  <attribute name="IntegralT" value="-810.000000" />
  <attribute name="IntegralI" value="-810.000000" />
  <attribute name="IntegralH" value="-810.000000" />
  <attribute name="DerivativeT" value="-2.222222" />
  <attribute name="DerivativeI" value="-2.222222" />
  <attribute name="DerivativeH" value="-2.222222" />
  <attribute name="Loop Time for DT" value="27.000000" />
  <attribute name="Output H" value="4203675648"/>
  <attribute name="Output I" value="200"/>
  <attribute name="Output T" value="16"/>
  <attribute name="Target GC Util Change" value ="80.000000" />
  <attribute name="Current GC Util Change" value="20.000000"/>
  <attribute name="GC Util currently" value="20" />
  <attribute name="CPU Util currently" value="42785605275" />
<allocation-satisfied id="2608" threadId="0000000000880F00" bytesRequested="65544" />
<af-end id="2609" timestamp="2019-08-11T07:39:27.822" threadId="0000000000881888" success="true" from="nursery"/>
<exclusive-end id="2610" timestamp="2019-08-11T07:39:27.822" durationms="2.994" />

<exclusive-start id="2611" timestamp="2019-08-11T07:39:27.856" intervalms="36.344">
  <response-info timems="0.059" idlems="0.059" threads="0" lastid="0000000000880F00" lastname="main" />
</exclusive-start>
<af-start id="2612" threadId="0000000000881888" totalBytesRequested="32" timestamp="2019-08-11T07:39:27.856" intervalms="36.351" type="nursery" />
<cycle-start id="2613" type="scavenge" contextid="0" timestamp="2019-08-11T07:39:27.856" intervalms="36.326" />
<gc-start id="2614" type="scavenge" contextid="2613" timestamp="2019-08-11T07:39:27.856">
  <mem-info id="2615" free="4186356464" total="4203675648" percent="99">
    <mem type="nursery" free="0" total="2228224" percent="0">
      <mem type="allocate" free="0" total="1703936" percent="0" />
      <mem type="survivor" free="0" total="524288" percent="0" />
    </mem>
    <mem type="tenure" free="4186356464" total="4201447424" percent="99">
      <mem type="soa" free="3976284912" total="3991375872" percent="99" />
      <mem type="loa" free="210071552" total="210071552" percent="100" />
    </mem>
    <remembered-set count="804" />
  </mem-info>
</gc-start>
<allocation-stats totalBytes="1429616" >
  <allocated-bytes non-tlh="379832" tlh="1049784" />
  <largest-consumer threadName="main" threadId="0000000000880F00" bytes="1429616" />
</allocation-stats>
<gc-op id="2616" type="scavenge" timems="2.885" contextid="2613" timestamp="2019-08-11T07:39:27.859">
  <scavenger-info tenureage="4" tenuremask="7010" tiltratio="76" />
  <memory-copied type="nursery" objects="3535" bytes="515000" bytesdiscarded="9192" />
  <memory-copied type="tenure" objects="5592" bytes="253328" bytesdiscarded="128" />
  <copy-failed type="nursery" objects="3576" bytes="178656" />
  <references type="soft" candidates="35" cleared="0" enqueued="0" dynamicThreshold="31" maxThreshold="32" />
  <references type="weak" candidates="44" cleared="2" enqueued="2" />
  <references type="phantom" candidates="3" cleared="1" enqueued="1" />
</gc-op>
<gc-end id="2617" type="scavenge" contextid="2613" durationms="3.434" usertimems="6.762" systemtimems="0.000" timestamp="2019-08-11T07:39:27.859" activeThreads="16">
  <mem-info id="2618" free="4186662896" total="4203675648" percent="99">
    <mem type="nursery" free="589824" total="2228224" percent="26">
      <mem type="allocate" free="589824" total="1114112" percent="52" />
      <mem type="survivor" free="0" total="1114112" percent="0" />
    </mem>
    <mem type="tenure" free="4186073072" total="4201447424" percent="99" macro-fragmented="6450429">
      <mem type="soa" free="3976001520" total="3991375872" percent="99" />
      <mem type="loa" free="210071552" total="210071552" percent="100" />
    </mem>
    <pending-finalizers system="0" default="0" reference="3" classloader="0" />
    <remembered-set count="2709" />
  </mem-info>
</gc-end>
<cycle-end id="2619" type="scavenge" contextid="2613" timestamp="2019-08-11T07:39:27.859" />
  <attribute name="elasticGC enabled" value="1" />
  <attribute name= "numThreadsSpecified" value="16" />
  <attribute name="heapSize specified" value="8519680" />
  <attribute name="Current GC Util" value="12" />
  <attribute name= "Current Time Running" value="58695" />
  <attribute name ="GC Interval" value="200" />
  <attribute name="ProportionalT" value="-34.000000" />
  <attribute name="ProportionalI" value="-34.000000" />
  <attribute name="ProportionalH" value="-34.000000" />
  <attribute name="Current Error" value="-68.000000" />
  <attribute name="IntegralT" value="-1224.000000" />
  <attribute name="IntegralI" value="-1224.000000" />
  <attribute name="IntegralH" value="-1224.000000" />
  <attribute name="DerivativeT" value="-1.888889" />
  <attribute name="DerivativeI" value="-1.888889" />
  <attribute name="DerivativeH" value="-1.888889" />
  <attribute name="Loop Time for DT" value="36.000000" />
  <attribute name="Output H" value="4203675648"/>
  <attribute name="Output I" value="200"/>
  <attribute name="Output T" value="16"/>
  <attribute name="Target GC Util Change" value ="80.000000" />
  <attribute name="Current GC Util Change" value="12.000000"/>
  <attribute name="GC Util currently" value="12" />
  <attribute name="CPU Util currently" value="31654103771" />
<allocation-satisfied id="2620" threadId="0000000000880F00" bytesRequested="32" />
<af-end id="2621" timestamp="2019-08-11T07:39:27.859" threadId="0000000000881888" success="true" from="nursery"/>
<exclusive-end id="2622" timestamp="2019-08-11T07:39:27.859" durationms="3.783" />

<exclusive-start id="2623" timestamp="2019-08-11T07:39:27.867" intervalms="11.010">
  <response-info timems="0.042" idlems="0.042" threads="0" lastid="0000000000880F00" lastname="main" />
</exclusive-start>
<af-start id="2624" threadId="0000000000881888" totalBytesRequested="15368" timestamp="2019-08-11T07:39:27.867" intervalms="11.003" type="nursery" />
<cycle-start id="2625" type="scavenge" contextid="0" timestamp="2019-08-11T07:39:27.867" intervalms="11.023" />
<gc-start id="2626" type="scavenge" contextid="2625" timestamp="2019-08-11T07:39:27.867">
  <mem-info id="2627" free="4186067992" total="4203675648" percent="99">
    <mem type="nursery" free="0" total="2228224" percent="0">
      <mem type="allocate" free="0" total="1114112" percent="0" />
      <mem type="survivor" free="0" total="1114112" percent="0" />
    </mem>
    <mem type="tenure" free="4186067992" total="4201447424" percent="99">
      <mem type="soa" free="3975996440" total="3991375872" percent="99" />
      <mem type="loa" free="210071552" total="210071552" percent="100" />
    </mem>
    <remembered-set count="2769" />
  </mem-info>
</gc-start>
<allocation-stats totalBytes="562648" >
  <allocated-bytes non-tlh="5112" tlh="557536" />
  <largest-consumer threadName="main" threadId="0000000000880F00" bytes="558552" />
</allocation-stats>
<gc-op id="2628" type="scavenge" timems="2.052" contextid="2625" timestamp="2019-08-11T07:39:27.869">
  <scavenger-info tenureage="3" tenuremask="ffd8" tiltratio="50" />
  <memory-copied type="nursery" objects="3523" bytes="547960" bytesdiscarded="114448" />
  <memory-copied type="tenure" objects="555" bytes="21208" bytesdiscarded="8" />
  <references type="soft" candidates="35" cleared="0" enqueued="0" dynamicThreshold="31" maxThreshold="32" />
  <references type="weak" candidates="43" cleared="0" enqueued="0" />
  <references type="phantom" candidates="3" cleared="0" enqueued="0" />
</gc-op>
<gc-end id="2629" type="scavenge" contextid="2625" durationms="2.572" usertimems="5.048" systemtimems="0.000" timestamp="2019-08-11T07:39:27.869" activeThreads="16">
  <mem-info id="2630" free="4186495800" total="4203675648" percent="99">
    <mem type="nursery" free="451616" total="2228224" percent="20">
      <mem type="allocate" free="451616" total="1114112" percent="40" />
      <mem type="survivor" free="0" total="1114112" percent="0" />
    </mem>
    <mem type="tenure" free="4186044184" total="4201447424" percent="99" macro-fragmented="0">
      <mem type="soa" free="3975972632" total="3991375872" percent="99" />
      <mem type="loa" free="210071552" total="210071552" percent="100" />
    </mem>
    <remembered-set count="2378" />
  </mem-info>
</gc-end>
<cycle-end id="2631" type="scavenge" contextid="2625" timestamp="2019-08-11T07:39:27.869" />
  <attribute name="elasticGC enabled" value="1" />
  <attribute name= "numThreadsSpecified" value="16" />
  <attribute name="heapSize specified" value="8519680" />
  <attribute name="Current GC Util" value="58" />
  <attribute name= "Current Time Running" value="58706" />
  <attribute name ="GC Interval" value="200" />
  <attribute name="ProportionalT" value="-11.000000" />
  <attribute name="ProportionalI" value="-11.000000" />
  <attribute name="ProportionalH" value="-11.000000" />
  <attribute name="Current Error" value="-22.000000" />
  <attribute name="IntegralT" value="-121.000000" />
  <attribute name="IntegralI" value="-121.000000" />
  <attribute name="IntegralH" value="-121.000000" />
  <attribute name="DerivativeT" value="-2.000000" />
  <attribute name="DerivativeI" value="-2.000000" />
  <attribute name="DerivativeH" value="-2.000000" />
  <attribute name="Loop Time for DT" value="11.000000" />
  <attribute name="Output H" value="4203675648"/>
  <attribute name="Output I" value="200"/>
  <attribute name="Output T" value="16"/>
  <attribute name="Target GC Util Change" value ="80.000000" />
  <attribute name="Current GC Util Change" value="58.000000"/>
  <attribute name="GC Util currently" value="58" />
  <attribute name="CPU Util currently" value="104962659188" />
<allocation-satisfied id="2632" threadId="0000000000880F00" bytesRequested="15368" />
<af-end id="2633" timestamp="2019-08-11T07:39:27.869" threadId="0000000000881888" success="true" from="nursery"/>
<exclusive-end id="2634" timestamp="2019-08-11T07:39:27.869" durationms="2.865" />

<exclusive-start id="2635" timestamp="2019-08-11T07:39:27.873" intervalms="6.832">
  <response-info timems="0.031" idlems="0.031" threads="0" lastid="0000000000880F00" lastname="main" />
</exclusive-start>
<af-start id="2636" threadId="0000000000881888" totalBytesRequested="24" timestamp="2019-08-11T07:39:27.873" intervalms="6.825" type="nursery" />
<cycle-start id="2637" type="scavenge" contextid="0" timestamp="2019-08-11T07:39:27.873" intervalms="6.798" />
<gc-start id="2638" type="scavenge" contextid="2637" timestamp="2019-08-11T07:39:27.874">
  <mem-info id="2639" free="4186044000" total="4203675648" percent="99">
    <mem type="nursery" free="0" total="2228224" percent="0">
      <mem type="allocate" free="0" total="1114112" percent="0" />
      <mem type="survivor" free="0" total="1114112" percent="0" />
    </mem>
    <mem type="tenure" free="4186044000" total="4201447424" percent="99">
      <mem type="soa" free="3975972448" total="3991375872" percent="99" />
      <mem type="loa" free="210071552" total="210071552" percent="100" />
    </mem>
    <remembered-set count="2383" />
  </mem-info>
</gc-start>
<allocation-stats totalBytes="451680" >
  <allocated-bytes non-tlh="15552" tlh="436128" />
  <largest-consumer threadName="main" threadId="0000000000880F00" bytes="451680" />
</allocation-stats>
<gc-op id="2640" type="scavenge" timems="1.545" contextid="2637" timestamp="2019-08-11T07:39:27.875">
  <scavenger-info tenureage="2" tenuremask="ffcc" tiltratio="50" />
  <memory-copied type="nursery" objects="1406" bytes="52952" bytesdiscarded="50704" />
  <memory-copied type="tenure" objects="2900" bytes="491136" bytesdiscarded="784" />
  <references type="weak" candidates="38" cleared="0" enqueued="0" />
</gc-op>
<gc-end id="2641" type="scavenge" contextid="2637" durationms="2.030" usertimems="3.934" systemtimems="0.000" timestamp="2019-08-11T07:39:27.876" activeThreads="16">
  <mem-info id="2642" free="4186581880" total="4203675648" percent="99">
    <mem type="nursery" free="1010432" total="2228224" percent="45">
      <mem type="allocate" free="1010432" total="1114112" percent="90" />
      <mem type="survivor" free="0" total="1114112" percent="0" />
    </mem>
    <mem type="tenure" free="4185571448" total="4201447424" percent="99" macro-fragmented="1500163">
      <mem type="soa" free="3975499896" total="3991375872" percent="99" />
      <mem type="loa" free="210071552" total="210071552" percent="100" />
    </mem>
    <remembered-set count="300" />
  </mem-info>
</gc-end>
<cycle-end id="2643" type="scavenge" contextid="2637" timestamp="2019-08-11T07:39:27.876" />
  <attribute name="elasticGC enabled" value="1" />
  <attribute name= "numThreadsSpecified" value="16" />
  <attribute name="heapSize specified" value="8519680" />
  <attribute name="Current GC Util" value="74" />
  <attribute name= "Current Time Running" value="58713" />
  <attribute name ="GC Interval" value="200" />
  <attribute name="ProportionalT" value="-3.000000" />
  <attribute name="ProportionalI" value="-3.000000" />
  <attribute name="ProportionalH" value="-3.000000" />
  <attribute name="Current Error" value="-6.000000" />
  <attribute name="IntegralT" value="-21.000000" />
  <attribute name="IntegralI" value="-21.000000" />
  <attribute name="IntegralH" value="-21.000000" />
  <attribute name="DerivativeT" value="-0.857143" />
  <attribute name="DerivativeI" value="-0.857143" />
  <attribute name="DerivativeH" value="-0.857143" />
  <attribute name="Loop Time for DT" value="7.000000" />
  <attribute name="Output H" value="4203675648"/>
  <attribute name="Output I" value="200"/>
  <attribute name="Output T" value="16"/>
  <attribute name="Target GC Util Change" value ="80.000000" />
  <attribute name="Current GC Util Change" value="74.000000"/>
  <attribute name="GC Util currently" value="74" />
  <attribute name="CPU Util currently" value="171951566792" />
<allocation-satisfied id="2644" threadId="0000000000880F00" bytesRequested="24" />
<af-end id="2645" timestamp="2019-08-11T07:39:27.876" threadId="0000000000881888" success="true" from="nursery"/>
<exclusive-end id="2646" timestamp="2019-08-11T07:39:27.876" durationms="2.290" />

<exclusive-start id="2647" timestamp="2019-08-11T07:39:27.883" intervalms="10.013">
  <response-info timems="0.037" idlems="0.037" threads="0" lastid="0000000000880F00" lastname="main" />
</exclusive-start>
<af-start id="2648" threadId="0000000000881888" totalBytesRequested="32" timestamp="2019-08-11T07:39:27.883" intervalms="10.014" type="nursery" />
<cycle-start id="2649" type="scavenge" contextid="0" timestamp="2019-08-11T07:39:27.883" intervalms="10.015" />
<gc-start id="2650" type="scavenge" contextid="2649" timestamp="2019-08-11T07:39:27.884">
  <mem-info id="2651" free="4185571448" total="4203675648" percent="99">
    <mem type="nursery" free="0" total="2228224" percent="0">
      <mem type="allocate" free="0" total="1114112" percent="0" />
      <mem type="survivor" free="0" total="1114112" percent="0" />
    </mem>
    <mem type="tenure" free="4185571448" total="4201447424" percent="99">
      <mem type="soa" free="3975499896" total="3991375872" percent="99" />
      <mem type="loa" free="210071552" total="210071552" percent="100" />
    </mem>
    <remembered-set count="455" />
  </mem-info>
</gc-start>
<allocation-stats totalBytes="1010208" >
  <allocated-bytes non-tlh="24" tlh="1010184" />
  <largest-consumer threadName="main" threadId="0000000000880F00" bytes="1010208" />
</allocation-stats>
<gc-op id="2652" type="scavenge" timems="1.570" contextid="2649" timestamp="2019-08-11T07:39:27.885">
  <scavenger-info tenureage="5" tenuremask="ffe0" tiltratio="50" />
  <memory-copied type="nursery" objects="2974" bytes="110560" bytesdiscarded="18448" />
  <references type="weak" candidates="38" cleared="0" enqueued="0" />
</gc-op>
<gc-end id="2653" type="scavenge" contextid="2649" durationms="2.068" usertimems="5.669" systemtimems="0.000" timestamp="2019-08-11T07:39:27.886" activeThreads="16">
  <mem-info id="2654" free="4186687608" total="4203675648" percent="99">
    <mem type="nursery" free="1116160" total="2228224" percent="50">
      <mem type="allocate" free="1116160" total="1245184" percent="89" />
      <mem type="survivor" free="0" total="983040" percent="0" />
    </mem>
    <mem type="tenure" free="4185571448" total="4201447424" percent="99" macro-fragmented="2592282">
      <mem type="soa" free="3975499896" total="3991375872" percent="99" />
      <mem type="loa" free="210071552" total="210071552" percent="100" />
    </mem>
    <remembered-set count="405" />
  </mem-info>
</gc-end>
<cycle-end id="2655" type="scavenge" contextid="2649" timestamp="2019-08-11T07:39:27.886" />
  <attribute name="elasticGC enabled" value="1" />
  <attribute name= "numThreadsSpecified" value="16" />
  <attribute name="heapSize specified" value="8519680" />
  <attribute name="Current GC Util" value="39" />
  <attribute name= "Current Time Running" value="58723" />
  <attribute name ="GC Interval" value="200" />
  <attribute name="ProportionalT" value="-20.500000" />
  <attribute name="ProportionalI" value="-20.500000" />
  <attribute name="ProportionalH" value="-20.500000" />
  <attribute name="Current Error" value="-41.000000" />
  <attribute name="IntegralT" value="-205.000000" />
  <attribute name="IntegralI" value="-205.000000" />
  <attribute name="IntegralH" value="-205.000000" />
  <attribute name="DerivativeT" value="-4.100000" />
  <attribute name="DerivativeI" value="-4.100000" />
  <attribute name="DerivativeH" value="-4.100000" />
  <attribute name="Loop Time for DT" value="10.000000" />
  <attribute name="Output H" value="4203675648"/>
  <attribute name="Output I" value="200"/>
  <attribute name="Output T" value="16"/>
  <attribute name="Target GC Util Change" value ="80.000000" />
  <attribute name="Current GC Util Change" value="39.000000"/>
  <attribute name="GC Util currently" value="39" />
  <attribute name="CPU Util currently" value="115093969613" />
<allocation-satisfied id="2656" threadId="0000000000880F00" bytesRequested="32" />
<af-end id="2657" timestamp="2019-08-11T07:39:27.886" threadId="0000000000881888" success="true" from="nursery"/>
<exclusive-end id="2658" timestamp="2019-08-11T07:39:27.886" durationms="2.280" />

<exclusive-start id="2659" timestamp="2019-08-11T07:39:27.897" intervalms="13.716">
  <response-info timems="0.017" idlems="0.017" threads="0" lastid="0000000000880F00" lastname="main" />
</exclusive-start>
<af-start id="2660" threadId="0000000000881888" totalBytesRequested="24" timestamp="2019-08-11T07:39:27.897" intervalms="13.723" type="nursery" />
<cycle-start id="2661" type="scavenge" contextid="0" timestamp="2019-08-11T07:39:27.897" intervalms="13.749" />
<gc-start id="2662" type="scavenge" contextid="2661" timestamp="2019-08-11T07:39:27.897">
  <mem-info id="2663" free="4185568920" total="4203675648" percent="99">
    <mem type="nursery" free="0" total="2228224" percent="0">
      <mem type="allocate" free="0" total="1245184" percent="0" />
      <mem type="survivor" free="0" total="983040" percent="0" />
    </mem>
    <mem type="tenure" free="4185568920" total="4201447424" percent="99">
      <mem type="soa" free="3975497368" total="3991375872" percent="99" />
      <mem type="loa" free="210071552" total="210071552" percent="100" />
    </mem>
    <remembered-set count="571" />
  </mem-info>
</gc-start>
<allocation-stats totalBytes="1118488" >
  <allocated-bytes non-tlh="2560" tlh="1115928" />
  <largest-consumer threadName="main" threadId="0000000000880F00" bytes="1118488" />
</allocation-stats>
<gc-op id="2664" type="scavenge" timems="2.969" contextid="2661" timestamp="2019-08-11T07:39:27.900">
  <scavenger-info tenureage="3" tenuremask="fff8" tiltratio="55" />
  <memory-copied type="nursery" objects="3825" bytes="149952" bytesdiscarded="27432" />
  <memory-copied type="tenure" objects="465" bytes="20688" bytesdiscarded="24" />
  <references type="weak" candidates="22" cleared="0" enqueued="0" />
</gc-op>
<gc-end id="2665" type="scavenge" contextid="2661" durationms="3.538" usertimems="7.297" systemtimems="0.000" timestamp="2019-08-11T07:39:27.901" activeThreads="16">
  <mem-info id="2666" free="4186751640" total="4203675648" percent="99">
    <mem type="nursery" free="1198848" total="2228224" percent="53">
      <mem type="allocate" free="1198848" total="1376256" percent="87" />
      <mem type="survivor" free="0" total="851968" percent="0" />
    </mem>
    <mem type="tenure" free="4185552792" total="4201447424" percent="99" macro-fragmented="41584">
      <mem type="soa" free="3975481240" total="3991375872" percent="99" />
      <mem type="loa" free="210071552" total="210071552" percent="100" />
    </mem>
    <remembered-set count="530" />
  </mem-info>
</gc-end>
<cycle-end id="2667" type="scavenge" contextid="2661" timestamp="2019-08-11T07:39:27.901" />
  <attribute name="elasticGC enabled" value="1" />
  <attribute name= "numThreadsSpecified" value="16" />
  <attribute name="heapSize specified" value="8519680" />
  <attribute name="Current GC Util" value="23" />
  <attribute name= "Current Time Running" value="58737" />
  <attribute name ="GC Interval" value="200" />
  <attribute name="ProportionalT" value="-28.500000" />
  <attribute name="ProportionalI" value="-28.500000" />
  <attribute name="ProportionalH" value="-28.500000" />
  <attribute name="Current Error" value="-57.000000" />
  <attribute name="IntegralT" value="-399.000000" />
  <attribute name="IntegralI" value="-399.000000" />
  <attribute name="IntegralH" value="-399.000000" />
  <attribute name="DerivativeT" value="-4.071429" />
  <attribute name="DerivativeI" value="-4.071429" />
  <attribute name="DerivativeH" value="-4.071429" />
  <attribute name="Loop Time for DT" value="14.000000" />
  <attribute name="Output H" value="4203675648"/>
  <attribute name="Output I" value="200"/>
  <attribute name="Output T" value="16"/>
  <attribute name="Target GC Util Change" value ="80.000000" />
  <attribute name="Current GC Util Change" value="23.000000"/>
  <attribute name="GC Util currently" value="23" />
  <attribute name="CPU Util currently" value="83591750652" />
<allocation-satisfied id="2668" threadId="0000000000880F00" bytesRequested="24" />
<af-end id="2669" timestamp="2019-08-11T07:39:27.901" threadId="0000000000881888" success="true" from="nursery"/>
<exclusive-end id="2670" timestamp="2019-08-11T07:39:27.901" durationms="3.817" />

<exclusive-start id="2671" timestamp="2019-08-11T07:39:27.911" intervalms="13.795">
  <response-info timems="0.042" idlems="0.042" threads="0" lastid="0000000000880F00" lastname="main" />
</exclusive-start>
<af-start id="2672" threadId="0000000000881888" totalBytesRequested="32" timestamp="2019-08-11T07:39:27.911" intervalms="13.797" type="nursery" />
<cycle-start id="2673" type="scavenge" contextid="0" timestamp="2019-08-11T07:39:27.911" intervalms="13.799" />
<gc-start id="2674" type="scavenge" contextid="2673" timestamp="2019-08-11T07:39:27.911">
  <mem-info id="2675" free="4185550560" total="4203675648" percent="99">
    <mem type="nursery" free="0" total="2228224" percent="0">
      <mem type="allocate" free="0" total="1376256" percent="0" />
      <mem type="survivor" free="0" total="851968" percent="0" />
    </mem>
    <mem type="tenure" free="4185550560" total="4201447424" percent="99">
      <mem type="soa" free="3975479008" total="3991375872" percent="99" />
      <mem type="loa" free="210071552" total="210071552" percent="100" />
    </mem>
    <remembered-set count="666" />
  </mem-info>
</gc-start>
<allocation-stats totalBytes="1200728" >
  <allocated-bytes non-tlh="2256" tlh="1198472" />
  <largest-consumer threadName="main" threadId="0000000000880F00" bytes="1200728" />
</allocation-stats>
<gc-op id="2676" type="scavenge" timems="1.452" contextid="2673" timestamp="2019-08-11T07:39:27.913">
  <scavenger-info tenureage="3" tenuremask="ffe8" tiltratio="61" />
  <memory-copied type="nursery" objects="4412" bytes="175384" bytesdiscarded="19832" />
  <memory-copied type="tenure" objects="798" bytes="27304" bytesdiscarded="32" />
  <references type="weak" candidates="38" cleared="0" enqueued="0" />
</gc-op>
<gc-end id="2677" type="scavenge" contextid="2673" durationms="2.011" usertimems="3.589" systemtimems="0.000" timestamp="2019-08-11T07:39:27.913" activeThreads="16">
  <mem-info id="2678" free="4186846520" total="4203675648" percent="99">
    <mem type="nursery" free="1312088" total="2228224" percent="58">
      <mem type="allocate" free="1312088" total="1507328" percent="87" />
      <mem type="survivor" free="0" total="720896" percent="0" />
    </mem>
    <mem type="tenure" free="4185534432" total="4201447424" percent="99" macro-fragmented="124752">
      <mem type="soa" free="3975462880" total="3991375872" percent="99" />
      <mem type="loa" free="210071552" total="210071552" percent="100" />
    </mem>
    <remembered-set count="591" />
  </mem-info>
</gc-end>
<cycle-end id="2679" type="scavenge" contextid="2673" timestamp="2019-08-11T07:39:27.913" />
  <attribute name="elasticGC enabled" value="1" />
  <attribute name= "numThreadsSpecified" value="16" />
  <attribute name="heapSize specified" value="8519680" />
  <attribute name="Current GC Util" value="51" />
  <attribute name= "Current Time Running" value="58750" />
  <attribute name ="GC Interval" value="200" />
  <attribute name="ProportionalT" value="-14.500000" />
  <attribute name="ProportionalI" value="-14.500000" />
  <attribute name="ProportionalH" value="-14.500000" />
  <attribute name="Current Error" value="-29.000000" />
  <attribute name="IntegralT" value="-188.500000" />
  <attribute name="IntegralI" value="-188.500000" />
  <attribute name="IntegralH" value="-188.500000" />
  <attribute name="DerivativeT" value="-2.230769" />
  <attribute name="DerivativeI" value="-2.230769" />
  <attribute name="DerivativeH" value="-2.230769" />
  <attribute name="Loop Time for DT" value="13.000000" />
  <attribute name="Output H" value="4203675648"/>
  <attribute name="Output I" value="200"/>
  <attribute name="Output T" value="16"/>
  <attribute name="Target GC Util Change" value ="80.000000" />
  <attribute name="Current GC Util Change" value="51.000000"/>
  <attribute name="GC Util currently" value="51" />
  <attribute name="CPU Util currently" value="83511316966" />
<allocation-satisfied id="2680" threadId="0000000000880F00" bytesRequested="32" />
<af-end id="2681" timestamp="2019-08-11T07:39:27.913" threadId="0000000000881888" success="true" from="nursery"/>
<exclusive-end id="2682" timestamp="2019-08-11T07:39:27.913" durationms="2.321" />

<exclusive-start id="2683" timestamp="2019-08-11T07:39:27.922" intervalms="11.533">
  <response-info timems="0.043" idlems="0.043" threads="0" lastid="0000000000880F00" lastname="main" />
</exclusive-start>
<af-start id="2684" threadId="0000000000881888" totalBytesRequested="40" timestamp="2019-08-11T07:39:27.922" intervalms="11.534" type="nursery" />
<cycle-start id="2685" type="scavenge" contextid="0" timestamp="2019-08-11T07:39:27.923" intervalms="11.535" />
<gc-start id="2686" type="scavenge" contextid="2685" timestamp="2019-08-11T07:39:27.923">
  <mem-info id="2687" free="4185534432" total="4203675648" percent="99">
    <mem type="nursery" free="0" total="2228224" percent="0">
      <mem type="allocate" free="0" total="1507328" percent="0" />
      <mem type="survivor" free="0" total="720896" percent="0" />
    </mem>
    <mem type="tenure" free="4185534432" total="4201447424" percent="99">
      <mem type="soa" free="3975462880" total="3991375872" percent="99" />
      <mem type="loa" free="210071552" total="210071552" percent="100" />
    </mem>
    <remembered-set count="789" />
  </mem-info>
</gc-start>
<allocation-stats totalBytes="1311904" >
  <allocated-bytes non-tlh="32" tlh="1311872" />
  <largest-consumer threadName="main" threadId="0000000000880F00" bytes="1311904" />
</allocation-stats>
<gc-op id="2688" type="scavenge" timems="1.563" contextid="2685" timestamp="2019-08-11T07:39:27.924">
  <scavenger-info tenureage="3" tenuremask="ffe8" tiltratio="67" />
  <memory-copied type="nursery" objects="5099" bytes="199360" bytesdiscarded="15552" />
  <memory-copied type="tenure" objects="1595" bytes="58680" bytesdiscarded="56" />
  <references type="weak" candidates="38" cleared="0" enqueued="0" />
</gc-op>
<gc-end id="2689" type="scavenge" contextid="2685" durationms="2.098" usertimems="3.574" systemtimems="0.000" timestamp="2019-08-11T07:39:27.925" activeThreads="16">
  <mem-info id="2690" free="4186827856" total="4203675648" percent="99">
    <mem type="nursery" free="1357936" total="2228224" percent="60">
      <mem type="allocate" free="1357936" total="1572864" percent="86" />
      <mem type="survivor" free="0" total="655360" percent="0" />
    </mem>
    <mem type="tenure" free="4185469920" total="4201447424" percent="99" macro-fragmented="602881">
      <mem type="soa" free="3975398368" total="3991375872" percent="99" />
      <mem type="loa" free="210071552" total="210071552" percent="100" />
    </mem>
    <remembered-set count="588" />
  </mem-info>
</gc-end>
<cycle-end id="2691" type="scavenge" contextid="2685" timestamp="2019-08-11T07:39:27.925" />
  <attribute name="elasticGC enabled" value="1" />
  <attribute name= "numThreadsSpecified" value="16" />
  <attribute name="heapSize specified" value="8519680" />
  <attribute name="Current GC Util" value="28" />
  <attribute name= "Current Time Running" value="58762" />
  <attribute name ="GC Interval" value="200" />
  <attribute name="ProportionalT" value="-26.000000" />
  <attribute name="ProportionalI" value="-26.000000" />
  <attribute name="ProportionalH" value="-26.000000" />
  <attribute name="Current Error" value="-52.000000" />
  <attribute name="IntegralT" value="-312.000000" />
  <attribute name="IntegralI" value="-312.000000" />
  <attribute name="IntegralH" value="-312.000000" />
  <attribute name="DerivativeT" value="-4.333333" />
  <attribute name="DerivativeI" value="-4.333333" />
  <attribute name="DerivativeH" value="-4.333333" />
  <attribute name="Loop Time for DT" value="12.000000" />
  <attribute name="Output H" value="4203675648"/>
  <attribute name="Output I" value="200"/>
  <attribute name="Output T" value="16"/>
  <attribute name="Target GC Util Change" value ="80.000000" />
  <attribute name="Current GC Util Change" value="28.000000"/>
  <attribute name="GC Util currently" value="28" />
  <attribute name="CPU Util currently" value="100198968825" />
<allocation-satisfied id="2692" threadId="0000000000880F00" bytesRequested="40" />
<af-end id="2693" timestamp="2019-08-11T07:39:27.925" threadId="0000000000881888" success="true" from="nursery"/>
<exclusive-end id="2694" timestamp="2019-08-11T07:39:27.925" durationms="2.392" />

<exclusive-start id="2695" timestamp="2019-08-11T07:39:27.937" intervalms="14.472">
  <response-info timems="0.014" idlems="0.014" threads="0" lastid="0000000000880F00" lastname="main" />
</exclusive-start>
<af-start id="2696" threadId="0000000000881888" totalBytesRequested="32" timestamp="2019-08-11T07:39:27.937" intervalms="14.486" type="nursery" />
<cycle-start id="2697" type="scavenge" contextid="0" timestamp="2019-08-11T07:39:27.937" intervalms="14.508" />
<gc-start id="2698" type="scavenge" contextid="2697" timestamp="2019-08-11T07:39:27.937">
  <mem-info id="2699" free="4185469920" total="4203675648" percent="99">
    <mem type="nursery" free="0" total="2228224" percent="0">
      <mem type="allocate" free="0" total="1572864" percent="0" />
      <mem type="survivor" free="0" total="655360" percent="0" />
    </mem>
    <mem type="tenure" free="4185469920" total="4201447424" percent="99">
      <mem type="soa" free="3975398368" total="3991375872" percent="99" />
      <mem type="loa" free="210071552" total="210071552" percent="100" />
    </mem>
    <remembered-set count="783" />
  </mem-info>
</gc-start>
<allocation-stats totalBytes="1357560" >
  <allocated-bytes non-tlh="40" tlh="1357520" />
  <largest-consumer threadName="main" threadId="0000000000880F00" bytes="1357560" />
</allocation-stats>
<gc-op id="2700" type="scavenge" timems="2.114" contextid="2697" timestamp="2019-08-11T07:39:27.939">
  <scavenger-info tenureage="3" tenuremask="ffe8" tiltratio="70" />
  <memory-copied type="nursery" objects="5779" bytes="221200" bytesdiscarded="36840" />
  <memory-copied type="tenure" objects="1385" bytes="62248" bytesdiscarded="88" />
  <references type="weak" candidates="20" cleared="0" enqueued="0" />
</gc-op>
<gc-end id="2701" type="scavenge" contextid="2697" durationms="2.684" usertimems="4.106" systemtimems="0.000" timestamp="2019-08-11T07:39:27.940" activeThreads="16">
  <mem-info id="2702" free="4186785760" total="4203675648" percent="99">
    <mem type="nursery" free="1380352" total="2228224" percent="61">
      <mem type="allocate" free="1380352" total="1638400" percent="84" />
      <mem type="survivor" free="0" total="589824" percent="0" />
    </mem>
    <mem type="tenure" free="4185405408" total="4201447424" percent="99" macro-fragmented="1032">
      <mem type="soa" free="3975333856" total="3991375872" percent="99" />
      <mem type="loa" free="210071552" total="210071552" percent="100" />
    </mem>
    <remembered-set count="618" />
  </mem-info>
</gc-end>
<cycle-end id="2703" type="scavenge" contextid="2697" timestamp="2019-08-11T07:39:27.940" />
  <attribute name="elasticGC enabled" value="1" />
  <attribute name= "numThreadsSpecified" value="16" />
  <attribute name="heapSize specified" value="8519680" />
  <attribute name="Current GC Util" value="22" />
  <attribute name= "Current Time Running" value="58776" />
  <attribute name ="GC Interval" value="200" />
  <attribute name="ProportionalT" value="-29.000000" />
  <attribute name="ProportionalI" value="-29.000000" />
  <attribute name="ProportionalH" value="-29.000000" />
  <attribute name="Current Error" value="-58.000000" />
  <attribute name="IntegralT" value="-406.000000" />
  <attribute name="IntegralI" value="-406.000000" />
  <attribute name="IntegralH" value="-406.000000" />
  <attribute name="DerivativeT" value="-4.142857" />
  <attribute name="DerivativeI" value="-4.142857" />
  <attribute name="DerivativeH" value="-4.142857" />
  <attribute name="Loop Time for DT" value="14.000000" />
  <attribute name="Output H" value="4203675648"/>
  <attribute name="Output I" value="200"/>
  <attribute name="Output T" value="16"/>
  <attribute name="Target GC Util Change" value ="80.000000" />
  <attribute name="Current GC Util Change" value="22.000000"/>
  <attribute name="GC Util currently" value="22" />
  <attribute name="CPU Util currently" value="79279413102" />
<allocation-satisfied id="2704" threadId="0000000000880F00" bytesRequested="32" />
<af-end id="2705" timestamp="2019-08-11T07:39:27.940" threadId="0000000000881888" success="true" from="nursery"/>
<exclusive-end id="2706" timestamp="2019-08-11T07:39:27.940" durationms="3.042" />

<exclusive-start id="2707" timestamp="2019-08-11T07:39:27.952" intervalms="14.897">
  <response-info timems="0.041" idlems="0.041" threads="0" lastid="0000000000880F00" lastname="main" />
</exclusive-start>
<af-start id="2708" threadId="0000000000881888" totalBytesRequested="32" timestamp="2019-08-11T07:39:27.952" intervalms="14.879" type="nursery" />
<cycle-start id="2709" type="scavenge" contextid="0" timestamp="2019-08-11T07:39:27.952" intervalms="14.830" />
<gc-start id="2710" type="scavenge" contextid="2709" timestamp="2019-08-11T07:39:27.952">
  <mem-info id="2711" free="4185403528" total="4203675648" percent="99">
    <mem type="nursery" free="0" total="2228224" percent="0">
      <mem type="allocate" free="0" total="1638400" percent="0" />
      <mem type="survivor" free="0" total="589824" percent="0" />
    </mem>
    <mem type="tenure" free="4185403528" total="4201447424" percent="99">
      <mem type="soa" free="3975331976" total="3991375872" percent="99" />
      <mem type="loa" free="210071552" total="210071552" percent="100" />
    </mem>
    <remembered-set count="841" />
  </mem-info>
</gc-start>
<allocation-stats totalBytes="1381984" >
  <allocated-bytes non-tlh="1912" tlh="1380072" />
  <largest-consumer threadName="main" threadId="0000000000880F00" bytes="1381984" />
</allocation-stats>
<gc-op id="2712" type="scavenge" timems="1.170" contextid="2709" timestamp="2019-08-11T07:39:27.953">
  <scavenger-info tenureage="3" tenuremask="ffe8" tiltratio="73" />
  <memory-copied type="nursery" objects="6421" bytes="246520" bytesdiscarded="11512" />
  <memory-copied type="tenure" objects="1252" bytes="48880" bytesdiscarded="24" />
  <references type="weak" candidates="16" cleared="0" enqueued="0" />
</gc-op>
<gc-end id="2713" type="scavenge" contextid="2709" durationms="1.716" usertimems="4.259" systemtimems="0.000" timestamp="2019-08-11T07:39:27.954" activeThreads="16">
  <mem-info id="2714" free="4186817160" total="4203675648" percent="99">
    <mem type="nursery" free="1445888" total="2228224" percent="64">
      <mem type="allocate" free="1445888" total="1703936" percent="84" />
      <mem type="survivor" free="0" total="524288" percent="0" />
    </mem>
    <mem type="tenure" free="4185371272" total="4201447424" percent="99" macro-fragmented="65568">
      <mem type="soa" free="3975299720" total="3991375872" percent="99" />
      <mem type="loa" free="210071552" total="210071552" percent="100" />
    </mem>
    <remembered-set count="740" />
  </mem-info>
</gc-end>
<cycle-end id="2715" type="scavenge" contextid="2709" timestamp="2019-08-11T07:39:27.954" />
  <attribute name="elasticGC enabled" value="1" />
  <attribute name= "numThreadsSpecified" value="16" />
  <attribute name="heapSize specified" value="8519680" />
  <attribute name="Current GC Util" value="27" />
  <attribute name= "Current Time Running" value="58791" />
  <attribute name ="GC Interval" value="200" />
  <attribute name="ProportionalT" value="-26.500000" />
  <attribute name="ProportionalI" value="-26.500000" />
  <attribute name="ProportionalH" value="-26.500000" />
  <attribute name="Current Error" value="-53.000000" />
  <attribute name="IntegralT" value="-397.500000" />
  <attribute name="IntegralI" value="-397.500000" />
  <attribute name="IntegralH" value="-397.500000" />
  <attribute name="DerivativeT" value="-3.533333" />
  <attribute name="DerivativeI" value="-3.533333" />
  <attribute name="DerivativeH" value="-3.533333" />
  <attribute name="Loop Time for DT" value="15.000000" />
  <attribute name="Output H" value="4203675648"/>
  <attribute name="Output I" value="200"/>
  <attribute name="Output T" value="16"/>
  <attribute name="Target GC Util Change" value ="80.000000" />
  <attribute name="Current GC Util Change" value="27.000000"/>
  <attribute name="GC Util currently" value="27" />
  <attribute name="CPU Util currently" value="77903501675" />
<allocation-satisfied id="2716" threadId="0000000000880F00" bytesRequested="32" />
<af-end id="2717" timestamp="2019-08-11T07:39:27.954" threadId="0000000000881888" success="true" from="nursery"/>
<exclusive-end id="2718" timestamp="2019-08-11T07:39:27.954" durationms="2.176" />

<exclusive-start id="2719" timestamp="2019-08-11T07:39:27.972" intervalms="20.512">
  <response-info timems="1.408" idlems="0.719" threads="1" lastid="00000000008A6600" lastname="IProfiler" />
</exclusive-start>
<af-start id="2720" threadId="0000000000881888" totalBytesRequested="16" timestamp="2019-08-11T07:39:27.972" intervalms="20.514" type="nursery" />
<cycle-start id="2721" type="scavenge" contextid="0" timestamp="2019-08-11T07:39:27.972" intervalms="20.538" />
<gc-start id="2722" type="scavenge" contextid="2721" timestamp="2019-08-11T07:39:27.972">
  <mem-info id="2723" free="4185370984" total="4203675648" percent="99">
    <mem type="nursery" free="0" total="2228224" percent="0">
      <mem type="allocate" free="0" total="1703936" percent="0" />
      <mem type="survivor" free="0" total="524288" percent="0" />
    </mem>
    <mem type="tenure" free="4185370984" total="4201447424" percent="99">
      <mem type="soa" free="3975299432" total="3991375872" percent="99" />
      <mem type="loa" free="210071552" total="210071552" percent="100" />
    </mem>
    <remembered-set count="905" />
  </mem-info>
</gc-start>
<allocation-stats totalBytes="1445632" >
  <allocated-bytes non-tlh="320" tlh="1445312" />
  <largest-consumer threadName="main" threadId="0000000000880F00" bytes="1445632" />
</allocation-stats>
<gc-op id="2724" type="scavenge" timems="1.589" contextid="2721" timestamp="2019-08-11T07:39:27.974">
  <scavenger-info tenureage="3" tenuremask="ffe8" tiltratio="76" />
  <memory-copied type="nursery" objects="9448" bytes="399360" bytesdiscarded="37120" />
  <memory-copied type="tenure" objects="2246" bytes="81984" bytesdiscarded="48" />
  <references type="weak" candidates="16" cleared="0" enqueued="0" />
</gc-op>
<gc-end id="2725" type="scavenge" contextid="2721" durationms="2.155" usertimems="5.972" systemtimems="0.000" timestamp="2019-08-11T07:39:27.975" activeThreads="16">
  <mem-info id="2726" free="4186419040" total="4203675648" percent="99">
    <mem type="nursery" free="1136376" total="2228224" percent="50">
      <mem type="allocate" free="1136376" total="1572864" percent="72" />
      <mem type="survivor" free="0" total="655360" percent="0" />
    </mem>
    <mem type="tenure" free="4185282664" total="4201447424" percent="99" macro-fragmented="0">
      <mem type="soa" free="3975211112" total="3991375872" percent="99" />
      <mem type="loa" free="210071552" total="210071552" percent="100" />
    </mem>
    <remembered-set count="703" />
  </mem-info>
</gc-end>
<cycle-end id="2727" type="scavenge" contextid="2721" timestamp="2019-08-11T07:39:27.975" />
  <attribute name="elasticGC enabled" value="1" />
  <attribute name= "numThreadsSpecified" value="16" />
  <attribute name="heapSize specified" value="8519680" />
  <attribute name="Current GC Util" value="13" />
  <attribute name= "Current Time Running" value="58812" />
  <attribute name ="GC Interval" value="200" />
  <attribute name="ProportionalT" value="-33.500000" />
  <attribute name="ProportionalI" value="-33.500000" />
  <attribute name="ProportionalH" value="-33.500000" />
  <attribute name="Current Error" value="-67.000000" />
  <attribute name="IntegralT" value="-703.500000" />
  <attribute name="IntegralI" value="-703.500000" />
  <attribute name="IntegralH" value="-703.500000" />
  <attribute name="DerivativeT" value="-3.190476" />
  <attribute name="DerivativeI" value="-3.190476" />
  <attribute name="DerivativeH" value="-3.190476" />
  <attribute name="Loop Time for DT" value="21.000000" />
  <attribute name="Output H" value="4203675648"/>
  <attribute name="Output I" value="200"/>
  <attribute name="Output T" value="16"/>
  <attribute name="Target GC Util Change" value ="80.000000" />
  <attribute name="Current GC Util Change" value="13.000000"/>
  <attribute name="GC Util currently" value="13" />
  <attribute name="CPU Util currently" value="56100893663" />
<allocation-satisfied id="2728" threadId="0000000000880F00" bytesRequested="16" />
<af-end id="2729" timestamp="2019-08-11T07:39:27.975" threadId="0000000000881888" success="true" from="nursery"/>
<exclusive-end id="2730" timestamp="2019-08-11T07:39:27.975" durationms="2.475" />

<exclusive-start id="2731" timestamp="2019-08-11T07:39:27.990" intervalms="17.223">
  <response-info timems="0.044" idlems="0.044" threads="0" lastid="0000000000880F00" lastname="main" />
</exclusive-start>
<af-start id="2732" threadId="0000000000881888" totalBytesRequested="16" timestamp="2019-08-11T07:39:27.990" intervalms="17.221" type="nursery" />
<cycle-start id="2733" type="scavenge" contextid="0" timestamp="2019-08-11T07:39:27.990" intervalms="17.197" />
<gc-start id="2734" type="scavenge" contextid="2733" timestamp="2019-08-11T07:39:27.990">
  <mem-info id="2735" free="4185282664" total="4203675648" percent="99">
    <mem type="nursery" free="0" total="2228224" percent="0">
      <mem type="allocate" free="0" total="1572864" percent="0" />
      <mem type="survivor" free="0" total="655360" percent="0" />
    </mem>
    <mem type="tenure" free="4185282664" total="4201447424" percent="99">
      <mem type="soa" free="3975211112" total="3991375872" percent="99" />
      <mem type="loa" free="210071552" total="210071552" percent="100" />
    </mem>
    <remembered-set count="742" />
  </mem-info>
</gc-start>
<allocation-stats totalBytes="1135928" >
  <allocated-bytes non-tlh="16" tlh="1135912" />
  <largest-consumer threadName="main" threadId="0000000000880F00" bytes="1135928" />
</allocation-stats>
<gc-op id="2736" type="scavenge" timems="1.772" contextid="2733" timestamp="2019-08-11T07:39:27.991">
  <scavenger-info tenureage="3" tenuremask="ffe8" tiltratio="70" />
  <memory-copied type="nursery" objects="10215" bytes="471496" bytesdiscarded="32536" />
  <memory-copied type="tenure" objects="1951" bytes="81944" bytesdiscarded="456" />
  <references type="weak" candidates="16" cleared="0" enqueued="0" />
</gc-op>
<gc-end id="2737" type="scavenge" contextid="2733" durationms="2.296" usertimems="4.447" systemtimems="0.000" timestamp="2019-08-11T07:39:27.992" activeThreads="16">
  <mem-info id="2738" free="4186226304" total="4203675648" percent="99">
    <mem type="nursery" free="1068824" total="2228224" percent="47">
      <mem type="allocate" free="1068824" total="1572864" percent="67" />
      <mem type="survivor" free="0" total="655360" percent="0" />
    </mem>
    <mem type="tenure" free="4185157480" total="4201447424" percent="99" macro-fragmented="83168">
      <mem type="soa" free="3975085928" total="3991375872" percent="99" />
      <mem type="loa" free="210071552" total="210071552" percent="100" />
    </mem>
    <remembered-set count="547" />
  </mem-info>
</gc-end>
<cycle-end id="2739" type="scavenge" contextid="2733" timestamp="2019-08-11T07:39:27.992" />
  <attribute name="elasticGC enabled" value="1" />
  <attribute name= "numThreadsSpecified" value="16" />
  <attribute name="heapSize specified" value="8519680" />
  <attribute name="Current GC Util" value="22" />
  <attribute name= "Current Time Running" value="58829" />
  <attribute name ="GC Interval" value="200" />
  <attribute name="ProportionalT" value="-29.000000" />
  <attribute name="ProportionalI" value="-29.000000" />
  <attribute name="ProportionalH" value="-29.000000" />
  <attribute name="Current Error" value="-58.000000" />
  <attribute name="IntegralT" value="-493.000000" />
  <attribute name="IntegralI" value="-493.000000" />
  <attribute name="IntegralH" value="-493.000000" />
  <attribute name="DerivativeT" value="-3.411765" />
  <attribute name="DerivativeI" value="-3.411765" />
  <attribute name="DerivativeH" value="-3.411765" />
  <attribute name="Loop Time for DT" value="17.000000" />
  <attribute name="Output H" value="4203675648"/>
  <attribute name="Output I" value="200"/>
  <attribute name="Output T" value="16"/>
  <attribute name="Target GC Util Change" value ="80.000000" />
  <attribute name="Current GC Util Change" value="22.000000"/>
  <attribute name="GC Util currently" value="22" />
  <attribute name="CPU Util currently" value="67051752888" />
<allocation-satisfied id="2740" threadId="0000000000880F00" bytesRequested="16" />
<af-end id="2741" timestamp="2019-08-11T07:39:27.992" threadId="0000000000881888" success="true" from="nursery"/>
<exclusive-end id="2742" timestamp="2019-08-11T07:39:27.992" durationms="2.548" />

<exclusive-start id="2743" timestamp="2019-08-11T07:39:28.010" intervalms="20.360">
  <response-info timems="0.057" idlems="0.057" threads="0" lastid="0000000000880F00" lastname="main" />
</exclusive-start>
<af-start id="2744" threadId="0000000000881888" totalBytesRequested="880" timestamp="2019-08-11T07:39:28.010" intervalms="20.378" type="nursery" />
<cycle-start id="2745" type="scavenge" contextid="0" timestamp="2019-08-11T07:39:28.010" intervalms="20.420" />
<gc-start id="2746" type="scavenge" contextid="2745" timestamp="2019-08-11T07:39:28.010">
  <mem-info id="2747" free="4185130160" total="4203675648" percent="99">
    <mem type="nursery" free="0" total="2228224" percent="0">
      <mem type="allocate" free="0" total="1572864" percent="0" />
      <mem type="survivor" free="0" total="655360" percent="0" />
    </mem>
    <mem type="tenure" free="4185130160" total="4201447424" percent="99">
      <mem type="soa" free="3975058608" total="3991375872" percent="99" />
      <mem type="loa" free="210071552" total="210071552" percent="100" />
    </mem>
    <remembered-set count="697" />
  </mem-info>
</gc-start>
<allocation-stats totalBytes="1053640" >
  <allocated-bytes non-tlh="27336" tlh="1026304" />
  <largest-consumer threadName="main" threadId="0000000000880F00" bytes="1053640" />
</allocation-stats>
<gc-op id="2748" type="scavenge" timems="1.934" contextid="2745" timestamp="2019-08-11T07:39:28.013">
  <scavenger-info tenureage="3" tenuremask="f008" tiltratio="70" />
  <memory-copied type="nursery" objects="2102" bytes="119552" bytesdiscarded="48544" />
  <memory-copied type="tenure" objects="1894" bytes="74872" bytesdiscarded="24" />
  <references type="soft" candidates="10" cleared="0" enqueued="0" dynamicThreshold="31" maxThreshold="32" />
  <references type="weak" candidates="6" cleared="0" enqueued="0" />
</gc-op>
<gc-end id="2749" type="scavenge" contextid="2745" durationms="3.265" usertimems="5.454" systemtimems="0.000" timestamp="2019-08-11T07:39:28.013" activeThreads="16">
  <mem-info id="2750" free="4186502624" total="4203675648" percent="99">
    <mem type="nursery" free="1404720" total="2228224" percent="63">
      <mem type="allocate" free="1404720" total="1572864" percent="89" />
      <mem type="survivor" free="0" total="655360" percent="0" />
    </mem>
    <mem type="tenure" free="4185097904" total="4201447424" percent="99" macro-fragmented="3110739">
      <mem type="soa" free="3975026352" total="3991375872" percent="99" />
      <mem type="loa" free="210071552" total="210071552" percent="100" />
    </mem>
    <remembered-set count="519" />
  </mem-info>
</gc-end>
<cycle-end id="2751" type="scavenge" contextid="2745" timestamp="2019-08-11T07:39:28.013" />
  <attribute name="elasticGC enabled" value="1" />
  <attribute name= "numThreadsSpecified" value="16" />
  <attribute name="heapSize specified" value="8519680" />
  <attribute name="Current GC Util" value="17" />
  <attribute name= "Current Time Running" value="58850" />
  <attribute name ="GC Interval" value="200" />
  <attribute name="ProportionalT" value="-31.500000" />
  <attribute name="ProportionalI" value="-31.500000" />
  <attribute name="ProportionalH" value="-31.500000" />
  <attribute name="Current Error" value="-63.000000" />
  <attribute name="IntegralT" value="-661.500000" />
  <attribute name="IntegralI" value="-661.500000" />
  <attribute name="IntegralH" value="-661.500000" />
  <attribute name="DerivativeT" value="-3.000000" />
  <attribute name="DerivativeI" value="-3.000000" />
  <attribute name="DerivativeH" value="-3.000000" />
  <attribute name="Loop Time for DT" value="21.000000" />
  <attribute name="Output H" value="4203675648"/>
  <attribute name="Output I" value="200"/>
  <attribute name="Output T" value="16"/>
  <attribute name="Target GC Util Change" value ="80.000000" />
  <attribute name="Current GC Util Change" value="17.000000"/>
  <attribute name="GC Util currently" value="17" />
  <attribute name="CPU Util currently" value="54490162757" />
<allocation-satisfied id="2752" threadId="0000000000880F00" bytesRequested="880" />
<af-end id="2753" timestamp="2019-08-11T07:39:28.014" threadId="0000000000881888" success="true" from="nursery"/>
<exclusive-end id="2754" timestamp="2019-08-11T07:39:28.014" durationms="3.618" />

<exclusive-start id="2755" timestamp="2019-08-11T07:39:28.052" intervalms="41.753">
  <response-info timems="0.072" idlems="0.072" threads="0" lastid="0000000000880F00" lastname="main" />
</exclusive-start>
<af-start id="2756" threadId="0000000000881888" totalBytesRequested="48" timestamp="2019-08-11T07:39:28.052" intervalms="41.737" type="nursery" />
<cycle-start id="2757" type="scavenge" contextid="0" timestamp="2019-08-11T07:39:28.052" intervalms="41.695" />
<gc-start id="2758" type="scavenge" contextid="2757" timestamp="2019-08-11T07:39:28.052">
  <mem-info id="2759" free="4185067888" total="4203675648" percent="99">
    <mem type="nursery" free="0" total="2228224" percent="0">
      <mem type="allocate" free="0" total="1572864" percent="0" />
      <mem type="survivor" free="0" total="655360" percent="0" />
    </mem>
    <mem type="tenure" free="4185067888" total="4201447424" percent="99">
      <mem type="soa" free="3974996336" total="3991375872" percent="99" />
      <mem type="loa" free="210071552" total="210071552" percent="100" />
    </mem>
    <remembered-set count="990" />
  </mem-info>
</gc-start>
<allocation-stats totalBytes="1432912" >
  <allocated-bytes non-tlh="296448" tlh="1136464" />
  <largest-consumer threadName="main" threadId="0000000000880F00" bytes="1432912" />
</allocation-stats>
<gc-op id="2760" type="scavenge" timems="1.886" contextid="2757" timestamp="2019-08-11T07:39:28.054">
  <scavenger-info tenureage="5" tenuremask="ffe0" tiltratio="70" />
  <memory-copied type="nursery" objects="7792" bytes="624152" bytesdiscarded="31000" />
  <memory-copied type="tenure" objects="2" bytes="24592" bytesdiscarded="0" />
  <copy-failed type="nursery" objects="2" bytes="24592" />
  <references type="soft" candidates="224" cleared="0" enqueued="0" dynamicThreshold="31" maxThreshold="32" />
  <references type="weak" candidates="416" cleared="18" enqueued="12" />
  <references type="phantom" candidates="1" cleared="0" enqueued="0" />
</gc-op>
<gc-end id="2761" type="scavenge" contextid="2757" durationms="2.444" usertimems="6.585" systemtimems="0.000" timestamp="2019-08-11T07:39:28.054" activeThreads="16">
  <mem-info id="2762" free="4185502048" total="4203675648" percent="99">
    <mem type="nursery" free="458752" total="2228224" percent="20">
      <mem type="allocate" free="458752" total="1114112" percent="41" />
      <mem type="survivor" free="0" total="1114112" percent="0" />
    </mem>
    <mem type="tenure" free="4185043296" total="4201447424" percent="99" macro-fragmented="0">
      <mem type="soa" free="3974971744" total="3991375872" percent="99" />
      <mem type="loa" free="210071552" total="210071552" percent="100" />
    </mem>
    <pending-finalizers system="0" default="0" reference="12" classloader="0" />
    <remembered-set count="986" />
  </mem-info>
</gc-end>
<cycle-end id="2763" type="scavenge" contextid="2757" timestamp="2019-08-11T07:39:28.054" />
  <attribute name="elasticGC enabled" value="1" />
  <attribute name= "numThreadsSpecified" value="16" />
  <attribute name="heapSize specified" value="8519680" />
  <attribute name="Current GC Util" value="10" />
  <attribute name= "Current Time Running" value="58891" />
  <attribute name ="GC Interval" value="200" />
  <attribute name="ProportionalT" value="-35.000000" />
  <attribute name="ProportionalI" value="-35.000000" />
  <attribute name="ProportionalH" value="-35.000000" />
  <attribute name="Current Error" value="-70.000000" />
  <attribute name="IntegralT" value="-1435.000000" />
  <attribute name="IntegralI" value="-1435.000000" />
  <attribute name="IntegralH" value="-1435.000000" />
  <attribute name="DerivativeT" value="-1.707317" />
  <attribute name="DerivativeI" value="-1.707317" />
  <attribute name="DerivativeH" value="-1.707317" />
  <attribute name="Loop Time for DT" value="41.000000" />
  <attribute name="Output H" value="4203675648"/>
  <attribute name="Output I" value="200"/>
  <attribute name="Output T" value="16"/>
  <attribute name="Target GC Util Change" value ="80.000000" />
  <attribute name="Current GC Util Change" value="10.000000"/>
  <attribute name="GC Util currently" value="10" />
  <attribute name="CPU Util currently" value="28145525434" />
<allocation-satisfied id="2764" threadId="0000000000880F00" bytesRequested="48" />
<af-end id="2765" timestamp="2019-08-11T07:39:28.054" threadId="0000000000881888" success="true" from="nursery"/>
<exclusive-end id="2766" timestamp="2019-08-11T07:39:28.054" durationms="2.672" />

<exclusive-start id="2767" timestamp="2019-08-11T07:39:28.060" intervalms="8.268">
  <response-info timems="0.574" idlems="0.309" threads="1" lastid="0000000000888700" lastname="JIT Compilation Thread-1" />
</exclusive-start>
<af-start id="2768" threadId="0000000000881888" totalBytesRequested="32" timestamp="2019-08-11T07:39:28.060" intervalms="8.267" type="nursery" />
<cycle-start id="2769" type="scavenge" contextid="0" timestamp="2019-08-11T07:39:28.060" intervalms="8.286" />
<gc-start id="2770" type="scavenge" contextid="2769" timestamp="2019-08-11T07:39:28.060">
  <mem-info id="2771" free="4185043264" total="4203675648" percent="99">
    <mem type="nursery" free="0" total="2228224" percent="0">
      <mem type="allocate" free="0" total="1114112" percent="0" />
      <mem type="survivor" free="0" total="1114112" percent="0" />
    </mem>
    <mem type="tenure" free="4185043264" total="4201447424" percent="99">
      <mem type="soa" free="3974971712" total="3991375872" percent="99" />
      <mem type="loa" free="210071552" total="210071552" percent="100" />
    </mem>
    <remembered-set count="989" />
  </mem-info>
</gc-start>
<allocation-stats totalBytes="458696" >
  <allocated-bytes non-tlh="80" tlh="458616" />
  <largest-consumer threadName="main" threadId="0000000000880F00" bytes="454600" />
</allocation-stats>
<gc-op id="2772" type="scavenge" timems="2.646" contextid="2769" timestamp="2019-08-11T07:39:28.063">
  <scavenger-info tenureage="2" tenuremask="fffc" tiltratio="50" />
  <memory-copied type="nursery" objects="7681" bytes="613072" bytesdiscarded="143480" />
  <memory-copied type="tenure" objects="2089" bytes="119176" bytesdiscarded="32" />
  <references type="soft" candidates="214" cleared="0" enqueued="0" dynamicThreshold="31" maxThreshold="32" />
  <references type="weak" candidates="392" cleared="0" enqueued="0" />
  <references type="phantom" candidates="1" cleared="0" enqueued="0" />
</gc-op>
<gc-end id="2773" type="scavenge" contextid="2769" durationms="3.174" usertimems="7.019" systemtimems="0.000" timestamp="2019-08-11T07:39:28.063" activeThreads="16">
  <mem-info id="2774" free="4185266368" total="4203675648" percent="99">
    <mem type="nursery" free="357456" total="2228224" percent="16">
      <mem type="allocate" free="357456" total="1114112" percent="32" />
      <mem type="survivor" free="0" total="1114112" percent="0" />
    </mem>
    <mem type="tenure" free="4184908912" total="4201447424" percent="99" macro-fragmented="24600">
      <mem type="soa" free="3974837360" total="3991375872" percent="99" />
      <mem type="loa" free="210071552" total="210071552" percent="100" />
    </mem>
    <remembered-set count="586" />
  </mem-info>
</gc-end>
<cycle-end id="2775" type="scavenge" contextid="2769" timestamp="2019-08-11T07:39:28.063" />
  <attribute name="elasticGC enabled" value="1" />
  <attribute name= "numThreadsSpecified" value="16" />
  <attribute name="heapSize specified" value="8519680" />
  <attribute name="Current GC Util" value="53" />
  <attribute name= "Current Time Running" value="58899" />
  <attribute name ="GC Interval" value="200" />
  <attribute name="ProportionalT" value="-13.500000" />
  <attribute name="ProportionalI" value="-13.500000" />
  <attribute name="ProportionalH" value="-13.500000" />
  <attribute name="Current Error" value="-27.000000" />
  <attribute name="IntegralT" value="-108.000000" />
  <attribute name="IntegralI" value="-108.000000" />
  <attribute name="IntegralH" value="-108.000000" />
  <attribute name="DerivativeT" value="-3.375000" />
  <attribute name="DerivativeI" value="-3.375000" />
  <attribute name="DerivativeH" value="-3.375000" />
  <attribute name="Loop Time for DT" value="8.000000" />
  <attribute name="Output H" value="4203675648"/>
  <attribute name="Output I" value="200"/>
  <attribute name="Output T" value="16"/>
  <attribute name="Target GC Util Change" value ="80.000000" />
  <attribute name="Current GC Util Change" value="53.000000"/>
  <attribute name="GC Util currently" value="53" />
  <attribute name="CPU Util currently" value="139698480225" />
<allocation-satisfied id="2776" threadId="0000000000880F00" bytesRequested="32" />
<af-end id="2777" timestamp="2019-08-11T07:39:28.063" threadId="0000000000881888" success="true" from="nursery"/>
<exclusive-end id="2778" timestamp="2019-08-11T07:39:28.063" durationms="3.404" />

<exclusive-start id="2779" timestamp="2019-08-11T07:39:28.066" intervalms="6.502">
  <response-info timems="0.075" idlems="0.075" threads="0" lastid="0000000000880F00" lastname="main" />
</exclusive-start>
<af-start id="2780" threadId="0000000000881888" totalBytesRequested="24" timestamp="2019-08-11T07:39:28.066" intervalms="6.488" type="nursery" />
<cycle-start id="2781" type="scavenge" contextid="0" timestamp="2019-08-11T07:39:28.067" intervalms="6.466" />
<gc-start id="2782" type="scavenge" contextid="2781" timestamp="2019-08-11T07:39:28.067">
  <mem-info id="2783" free="4184908912" total="4203675648" percent="99">
    <mem type="nursery" free="0" total="2228224" percent="0">
      <mem type="allocate" free="0" total="1114112" percent="0" />
      <mem type="survivor" free="0" total="1114112" percent="0" />
    </mem>
    <mem type="tenure" free="4184908912" total="4201447424" percent="99">
      <mem type="soa" free="3974837360" total="3991375872" percent="99" />
      <mem type="loa" free="210071552" total="210071552" percent="100" />
    </mem>
    <remembered-set count="586" />
  </mem-info>
</gc-start>
<allocation-stats totalBytes="357376" >
  <allocated-bytes non-tlh="32" tlh="357344" />
  <largest-consumer threadName="main" threadId="0000000000880F00" bytes="357376" />
</allocation-stats>
<gc-op id="2784" type="scavenge" timems="2.770" contextid="2781" timestamp="2019-08-11T07:39:28.069">
  <scavenger-info tenureage="6" tenuremask="ffc0" tiltratio="50" />
  <memory-copied type="nursery" objects="8055" bytes="626680" bytesdiscarded="121856" />
  <references type="soft" candidates="214" cleared="0" enqueued="0" dynamicThreshold="31" maxThreshold="32" />
  <references type="weak" candidates="392" cleared="0" enqueued="0" />
  <references type="phantom" candidates="1" cleared="0" enqueued="0" />
</gc-op>
<gc-end id="2785" type="scavenge" contextid="2781" durationms="3.285" usertimems="5.613" systemtimems="0.000" timestamp="2019-08-11T07:39:28.070" activeThreads="16">
  <mem-info id="2786" free="4185274384" total="4203675648" percent="99">
    <mem type="nursery" free="365472" total="2228224" percent="16">
      <mem type="allocate" free="365472" total="1114112" percent="32" />
      <mem type="survivor" free="0" total="1114112" percent="0" />
    </mem>
    <mem type="tenure" free="4184908912" total="4201447424" percent="99" macro-fragmented="1250136">
      <mem type="soa" free="3974837360" total="3991375872" percent="99" />
      <mem type="loa" free="210071552" total="210071552" percent="100" />
    </mem>
    <remembered-set count="215" />
  </mem-info>
</gc-end>
<cycle-end id="2787" type="scavenge" contextid="2781" timestamp="2019-08-11T07:39:28.070" />
  <attribute name="elasticGC enabled" value="1" />
  <attribute name= "numThreadsSpecified" value="16" />
  <attribute name="heapSize specified" value="8519680" />
  <attribute name="Current GC Util" value="107" />
  <attribute name= "Current Time Running" value="58906" />
  <attribute name ="GC Interval" value="200" />
  <attribute name="ProportionalT" value="13.500000" />
  <attribute name="ProportionalI" value="13.500000" />
  <attribute name="ProportionalH" value="13.500000" />
  <attribute name="Current Error" value="27.000000" />
  <attribute name="IntegralT" value="94.500000" />
  <attribute name="IntegralI" value="94.500000" />
  <attribute name="IntegralH" value="94.500000" />
  <attribute name="DerivativeT" value="3.857143" />
  <attribute name="DerivativeI" value="3.857143" />
  <attribute name="DerivativeH" value="3.857143" />
  <attribute name="Loop Time for DT" value="7.000000" />
  <attribute name="Output H" value="8388608"/>
  <attribute name="Output I" value="200"/>
  <attribute name="Output T" value="16"/>
  <attribute name="Target GC Util Change" value ="80.000000" />
  <attribute name="Current GC Util Change" value="107.000000"/>
  <attribute name="GC Util currently" value="107" />
  <attribute name="CPU Util currently" value="178202523409" />
<allocation-satisfied id="2788" threadId="0000000000880F00" bytesRequested="24" />
<af-end id="2789" timestamp="2019-08-11T07:39:28.070" threadId="0000000000881888" success="true" from="nursery"/>
<exclusive-end id="2790" timestamp="2019-08-11T07:39:28.070" durationms="3.545" />

<exclusive-start id="2791" timestamp="2019-08-11T07:39:28.073" intervalms="6.411">
  <response-info timems="0.014" idlems="0.014" threads="0" lastid="0000000000880F00" lastname="main" />
</exclusive-start>
<af-start id="2792" threadId="0000000000881888" totalBytesRequested="32" timestamp="2019-08-11T07:39:28.073" intervalms="6.417" type="nursery" />
<cycle-start id="2793" type="scavenge" contextid="0" timestamp="2019-08-11T07:39:28.073" intervalms="6.418" />
<gc-start id="2794" type="scavenge" contextid="2793" timestamp="2019-08-11T07:39:28.073">
  <mem-info id="2795" free="4184908912" total="4203675648" percent="99">
    <mem type="nursery" free="0" total="2228224" percent="0">
      <mem type="allocate" free="0" total="1114112" percent="0" />
      <mem type="survivor" free="0" total="1114112" percent="0" />
    </mem>
    <mem type="tenure" free="4184908912" total="4201447424" percent="99">
      <mem type="soa" free="3974837360" total="3991375872" percent="99" />
      <mem type="loa" free="210071552" total="210071552" percent="100" />
    </mem>
    <remembered-set count="215" />
  </mem-info>
</gc-start>
<allocation-stats totalBytes="365328" >
  <allocated-bytes non-tlh="24" tlh="365304" />
  <largest-consumer threadName="main" threadId="0000000000880F00" bytes="365328" />
</allocation-stats>
<gc-op id="2796" type="scavenge" timems="1.265" contextid="2793" timestamp="2019-08-11T07:39:28.074">
  <scavenger-info tenureage="3" tenuremask="fff8" tiltratio="50" />
  <memory-copied type="nursery" objects="3030" bytes="155224" bytesdiscarded="152576" />
  <memory-copied type="tenure" objects="5676" bytes="495360" bytesdiscarded="496" />
</gc-op>
<gc-end id="2797" type="scavenge" contextid="2793" durationms="1.754" usertimems="3.682" systemtimems="0.000" timestamp="2019-08-11T07:39:28.075" activeThreads="8">
  <mem-info id="2798" free="4185180352" total="4203675648" percent="99">
    <mem type="nursery" free="806312" total="2228224" percent="36">
      <mem type="allocate" free="806312" total="1114112" percent="72" />
      <mem type="survivor" free="0" total="1114112" percent="0" />
    </mem>
    <mem type="tenure" free="4184374040" total="4201447424" percent="99" macro-fragmented="0">
      <mem type="soa" free="3974302488" total="3991375872" percent="99" />
      <mem type="loa" free="210071552" total="210071552" percent="100" />
    </mem>
    <remembered-set count="246" />
  </mem-info>
</gc-end>
<cycle-end id="2799" type="scavenge" contextid="2793" timestamp="2019-08-11T07:39:28.075" />
  <attribute name="elasticGC enabled" value="1" />
  <attribute name= "numThreadsSpecified" value="8" />
  <attribute name="heapSize specified" value="8519680" />
  <attribute name="Current GC Util" value="83" />
  <attribute name= "Current Time Running" value="58912" />
  <attribute name ="GC Interval" value="200" />
  <attribute name="ProportionalT" value="1.500000" />
  <attribute name="ProportionalI" value="1.500000" />
  <attribute name="ProportionalH" value="1.500000" />
  <attribute name="Current Error" value="3.000000" />
  <attribute name="IntegralT" value="9.000000" />
  <attribute name="IntegralI" value="9.000000" />
  <attribute name="IntegralH" value="9.000000" />
  <attribute name="DerivativeT" value="-4.000000" />
  <attribute name="DerivativeI" value="-4.000000" />
  <attribute name="DerivativeH" value="-4.000000" />
  <attribute name="Loop Time for DT" value="6.000000" />
  <attribute name="Output H" value="8388608"/>
  <attribute name="Output I" value="200"/>
  <attribute name="Output T" value="8"/>
  <attribute name="Target GC Util Change" value ="80.000000" />
  <attribute name="Current GC Util Change" value="83.000000"/>
  <attribute name="GC Util currently" value="83" />
  <attribute name="CPU Util currently" value="180294699288" />
<allocation-satisfied id="2800" threadId="0000000000880F00" bytesRequested="32" />
<af-end id="2801" timestamp="2019-08-11T07:39:28.075" threadId="0000000000881888" success="true" from="nursery"/>
<exclusive-end id="2802" timestamp="2019-08-11T07:39:28.075" durationms="1.979" />

<exclusive-start id="2803" timestamp="2019-08-11T07:39:28.080" intervalms="7.498">
  <response-info timems="0.057" idlems="0.057" threads="0" lastid="0000000000880F00" lastname="main" />
</exclusive-start>
<af-start id="2804" threadId="0000000000881888" totalBytesRequested="32" timestamp="2019-08-11T07:39:28.080" intervalms="7.502" type="nursery" />
<cycle-start id="2805" type="scavenge" contextid="0" timestamp="2019-08-11T07:39:28.080" intervalms="7.504" />
<gc-start id="2806" type="scavenge" contextid="2805" timestamp="2019-08-11T07:39:28.080">
  <mem-info id="2807" free="4184374040" total="4203675648" percent="99">
    <mem type="nursery" free="0" total="2228224" percent="0">
      <mem type="allocate" free="0" total="1114112" percent="0" />
      <mem type="survivor" free="0" total="1114112" percent="0" />
    </mem>
    <mem type="tenure" free="4184374040" total="4201447424" percent="99">
      <mem type="soa" free="3974302488" total="3991375872" percent="99" />
      <mem type="loa" free="210071552" total="210071552" percent="100" />
    </mem>
    <remembered-set count="372" />
  </mem-info>
</gc-start>
<allocation-stats totalBytes="806208" >
  <allocated-bytes non-tlh="32" tlh="806176" />
  <largest-consumer threadName="main" threadId="0000000000880F00" bytes="806208" />
</allocation-stats>
<gc-op id="2808" type="scavenge" timems="1.478" contextid="2805" timestamp="2019-08-11T07:39:28.082">
  <scavenger-info tenureage="3" tenuremask="ffe8" tiltratio="50" />
  <memory-copied type="nursery" objects="2885" bytes="106056" bytesdiscarded="6840" />
  <memory-copied type="tenure" objects="1825" bytes="111856" bytesdiscarded="536" />
</gc-op>
<gc-end id="2809" type="scavenge" contextid="2805" durationms="2.019" usertimems="3.046" systemtimems="0.000" timestamp="2019-08-11T07:39:28.082" activeThreads="16">
  <mem-info id="2810" free="4185437632" total="4203675648" percent="99">
    <mem type="nursery" free="1197824" total="2228224" percent="53">
      <mem type="allocate" free="1197824" total="1310720" percent="91" />
      <mem type="survivor" free="0" total="917504" percent="0" />
    </mem>
    <mem type="tenure" free="4184239808" total="4201447424" percent="99" macro-fragmented="0">
      <mem type="soa" free="3974168256" total="3991375872" percent="99" />
      <mem type="loa" free="210071552" total="210071552" percent="100" />
    </mem>
    <remembered-set count="362" />
  </mem-info>
</gc-end>
<cycle-end id="2811" type="scavenge" contextid="2805" timestamp="2019-08-11T07:39:28.083" />
  <attribute name="elasticGC enabled" value="1" />
  <attribute name= "numThreadsSpecified" value="16" />
  <attribute name="heapSize specified" value="8519680" />
  <attribute name="Current GC Util" value="46" />
  <attribute name= "Current Time Running" value="58920" />
  <attribute name ="GC Interval" value="200" />
  <attribute name="ProportionalT" value="-17.000000" />
  <attribute name="ProportionalI" value="-17.000000" />
  <attribute name="ProportionalH" value="-17.000000" />
  <attribute name="Current Error" value="-34.000000" />
  <attribute name="IntegralT" value="-136.000000" />
  <attribute name="IntegralI" value="-136.000000" />
  <attribute name="IntegralH" value="-136.000000" />
  <attribute name="DerivativeT" value="-4.625000" />
  <attribute name="DerivativeI" value="-4.625000" />
  <attribute name="DerivativeH" value="-4.625000" />
  <attribute name="Loop Time for DT" value="8.000000" />
  <attribute name="Output H" value="4203675648"/>
  <attribute name="Output I" value="200"/>
  <attribute name="Output T" value="16"/>
  <attribute name="Target GC Util Change" value ="80.000000" />
  <attribute name="Current GC Util Change" value="46.000000"/>
  <attribute name="GC Util currently" value="46" />
  <attribute name="CPU Util currently" value="152993130097" />
<allocation-satisfied id="2812" threadId="0000000000880F00" bytesRequested="32" />
<af-end id="2813" timestamp="2019-08-11T07:39:28.083" threadId="0000000000881888" success="true" from="nursery"/>
<exclusive-end id="2814" timestamp="2019-08-11T07:39:28.083" durationms="2.270" />

<exclusive-start id="2815" timestamp="2019-08-11T07:39:28.090" intervalms="10.011">
  <response-info timems="0.017" idlems="0.017" threads="0" lastid="0000000000880F00" lastname="main" />
</exclusive-start>
<af-start id="2816" threadId="0000000000881888" totalBytesRequested="48" timestamp="2019-08-11T07:39:28.090" intervalms="10.013" type="nursery" />
<cycle-start id="2817" type="scavenge" contextid="0" timestamp="2019-08-11T07:39:28.090" intervalms="10.012" />
<gc-start id="2818" type="scavenge" contextid="2817" timestamp="2019-08-11T07:39:28.091">
  <mem-info id="2819" free="4184239808" total="4203675648" percent="99">
    <mem type="nursery" free="0" total="2228224" percent="0">
      <mem type="allocate" free="0" total="1310720" percent="0" />
      <mem type="survivor" free="0" total="917504" percent="0" />
    </mem>
    <mem type="tenure" free="4184239808" total="4201447424" percent="99">
      <mem type="soa" free="3974168256" total="3991375872" percent="99" />
      <mem type="loa" free="210071552" total="210071552" percent="100" />
    </mem>
    <remembered-set count="564" />
  </mem-info>
</gc-start>
<allocation-stats totalBytes="1197616" >
  <allocated-bytes non-tlh="32" tlh="1197584" />
  <largest-consumer threadName="main" threadId="0000000000880F00" bytes="1197616" />
</allocation-stats>
<gc-op id="2820" type="scavenge" timems="0.986" contextid="2817" timestamp="2019-08-11T07:39:28.092">
  <scavenger-info tenureage="3" tenuremask="ffe8" tiltratio="58" />
  <memory-copied type="nursery" objects="4570" bytes="168048" bytesdiscarded="25488" />
  <memory-copied type="tenure" objects="529" bytes="18504" bytesdiscarded="8" />
</gc-op>
<gc-end id="2821" type="scavenge" contextid="2817" durationms="1.566" usertimems="2.510" systemtimems="0.000" timestamp="2019-08-11T07:39:28.092" activeThreads="16">
  <mem-info id="2822" free="4185406400" total="4203675648" percent="99">
    <mem type="nursery" free="1182720" total="2228224" percent="53">
      <mem type="allocate" free="1182720" total="1376256" percent="85" />
      <mem type="survivor" free="0" total="851968" percent="0" />
    </mem>
    <mem type="tenure" free="4184223680" total="4201447424" percent="99" macro-fragmented="723458">
      <mem type="soa" free="3974152128" total="3991375872" percent="99" />
      <mem type="loa" free="210071552" total="210071552" percent="100" />
    </mem>
    <remembered-set count="499" />
  </mem-info>
</gc-end>
<cycle-end id="2823" type="scavenge" contextid="2817" timestamp="2019-08-11T07:39:28.092" />
  <attribute name="elasticGC enabled" value="1" />
  <attribute name= "numThreadsSpecified" value="16" />
  <attribute name="heapSize specified" value="8519680" />
  <attribute name="Current GC Util" value="31" />
  <attribute name= "Current Time Running" value="58930" />
  <attribute name ="GC Interval" value="200" />
  <attribute name="ProportionalT" value="-24.500000" />
  <attribute name="ProportionalI" value="-24.500000" />
  <attribute name="ProportionalH" value="-24.500000" />
  <attribute name="Current Error" value="-49.000000" />
  <attribute name="IntegralT" value="-245.000000" />
  <attribute name="IntegralI" value="-245.000000" />
  <attribute name="IntegralH" value="-245.000000" />
  <attribute name="DerivativeT" value="-4.900000" />
  <attribute name="DerivativeI" value="-4.900000" />
  <attribute name="DerivativeH" value="-4.900000" />
  <attribute name="Loop Time for DT" value="10.000000" />
  <attribute name="Output H" value="4203675648"/>
  <attribute name="Output I" value="200"/>
  <attribute name="Output T" value="16"/>
  <attribute name="Target GC Util Change" value ="80.000000" />
  <attribute name="Current GC Util Change" value="31.000000"/>
  <attribute name="GC Util currently" value="31" />
  <attribute name="CPU Util currently" value="115144488590" />
<allocation-satisfied id="2824" threadId="0000000000880F00" bytesRequested="48" />
<af-end id="2825" timestamp="2019-08-11T07:39:28.092" threadId="0000000000881888" success="true" from="nursery"/>
<exclusive-end id="2826" timestamp="2019-08-11T07:39:28.092" durationms="1.796" />

<exclusive-start id="2827" timestamp="2019-08-11T07:39:28.101" intervalms="10.346">
  <response-info timems="0.023" idlems="0.023" threads="0" lastid="0000000000880F00" lastname="main" />
</exclusive-start>
<af-start id="2828" threadId="0000000000881888" totalBytesRequested="32" timestamp="2019-08-11T07:39:28.101" intervalms="10.423" type="nursery" />
<cycle-start id="2829" type="scavenge" contextid="0" timestamp="2019-08-11T07:39:28.101" intervalms="10.456" />
<gc-start id="2830" type="scavenge" contextid="2829" timestamp="2019-08-11T07:39:28.101">
  <mem-info id="2831" free="4184221336" total="4203675648" percent="99">
    <mem type="nursery" free="0" total="2228224" percent="0">
      <mem type="allocate" free="0" total="1376256" percent="0" />
      <mem type="survivor" free="0" total="851968" percent="0" />
    </mem>
    <mem type="tenure" free="4184221336" total="4201447424" percent="99">
      <mem type="soa" free="3974149784" total="3991375872" percent="99" />
      <mem type="loa" free="210071552" total="210071552" percent="100" />
    </mem>
    <remembered-set count="690" />
  </mem-info>
</gc-start>
<allocation-stats totalBytes="1184856" >
  <allocated-bytes non-tlh="2392" tlh="1182464" />
  <largest-consumer threadName="main" threadId="0000000000880F00" bytes="1184856" />
</allocation-stats>
<gc-op id="2832" type="scavenge" timems="1.857" contextid="2829" timestamp="2019-08-11T07:39:28.103">
  <scavenger-info tenureage="3" tenuremask="ffe8" tiltratio="61" />
  <memory-copied type="nursery" objects="5544" bytes="206312" bytesdiscarded="27144" />
  <memory-copied type="tenure" objects="642" bytes="23608" bytesdiscarded="0" />
  <references type="weak" candidates="18" cleared="0" enqueued="0" />
</gc-op>
<gc-end id="2833" type="scavenge" contextid="2829" durationms="2.474" usertimems="3.091" systemtimems="0.000" timestamp="2019-08-11T07:39:28.103" activeThreads="16">
  <mem-info id="2834" free="4185471384" total="4203675648" percent="99">
    <mem type="nursery" free="1273856" total="2228224" percent="57">
      <mem type="allocate" free="1273856" total="1507328" percent="84" />
      <mem type="survivor" free="0" total="720896" percent="0" />
    </mem>
    <mem type="tenure" free="4184197528" total="4201447424" percent="99" macro-fragmented="83168">
      <mem type="soa" free="3974125976" total="3991375872" percent="99" />
      <mem type="loa" free="210071552" total="210071552" percent="100" />
    </mem>
    <remembered-set count="630" />
  </mem-info>
</gc-end>
<cycle-end id="2835" type="scavenge" contextid="2829" timestamp="2019-08-11T07:39:28.103" />
  <attribute name="elasticGC enabled" value="1" />
  <attribute name= "numThreadsSpecified" value="16" />
  <attribute name="heapSize specified" value="8519680" />
  <attribute name="Current GC Util" value="21" />
  <attribute name= "Current Time Running" value="58940" />
  <attribute name ="GC Interval" value="200" />
  <attribute name="ProportionalT" value="-29.500000" />
  <attribute name="ProportionalI" value="-29.500000" />
  <attribute name="ProportionalH" value="-29.500000" />
  <attribute name="Current Error" value="-59.000000" />
  <attribute name="IntegralT" value="-295.000000" />
  <attribute name="IntegralI" value="-295.000000" />
  <attribute name="IntegralH" value="-295.000000" />
  <attribute name="DerivativeT" value="-5.900000" />
  <attribute name="DerivativeI" value="-5.900000" />
  <attribute name="DerivativeH" value="-5.900000" />
  <attribute name="Loop Time for DT" value="10.000000" />
  <attribute name="Output H" value="4203675648"/>
  <attribute name="Output I" value="200"/>
  <attribute name="Output T" value="16"/>
  <attribute name="Target GC Util Change" value ="80.000000" />
  <attribute name="Current GC Util Change" value="21.000000"/>
  <attribute name="GC Util currently" value="21" />
  <attribute name="CPU Util currently" value="109721616342" />
<allocation-satisfied id="2836" threadId="0000000000880F00" bytesRequested="32" />
<af-end id="2837" timestamp="2019-08-11T07:39:28.104" threadId="0000000000881888" success="true" from="nursery"/>
<exclusive-end id="2838" timestamp="2019-08-11T07:39:28.104" durationms="2.821" />

<exclusive-start id="2839" timestamp="2019-08-11T07:39:28.116" intervalms="15.639">
  <response-info timems="0.047" idlems="0.047" threads="0" lastid="0000000000880F00" lastname="main" />
</exclusive-start>
<af-start id="2840" threadId="0000000000881888" totalBytesRequested="48" timestamp="2019-08-11T07:39:28.116" intervalms="15.569" type="nursery" />
<cycle-start id="2841" type="scavenge" contextid="0" timestamp="2019-08-11T07:39:28.116" intervalms="15.562" />
<gc-start id="2842" type="scavenge" contextid="2841" timestamp="2019-08-11T07:39:28.116">
  <mem-info id="2843" free="4184197528" total="4203675648" percent="99">
    <mem type="nursery" free="0" total="2228224" percent="0">
      <mem type="allocate" free="0" total="1507328" percent="0" />
      <mem type="survivor" free="0" total="720896" percent="0" />
    </mem>
    <mem type="tenure" free="4184197528" total="4201447424" percent="99">
      <mem type="soa" free="3974125976" total="3991375872" percent="99" />
      <mem type="loa" free="210071552" total="210071552" percent="100" />
    </mem>
    <remembered-set count="811" />
  </mem-info>
</gc-start>
<allocation-stats totalBytes="1273632" >
  <allocated-bytes non-tlh="32" tlh="1273600" />
  <largest-consumer threadName="main" threadId="0000000000880F00" bytes="1273632" />
</allocation-stats>
<gc-op id="2844" type="scavenge" timems="1.447" contextid="2841" timestamp="2019-08-11T07:39:28.118">
  <scavenger-info tenureage="3" tenuremask="ffe8" tiltratio="67" />
  <memory-copied type="nursery" objects="5995" bytes="222232" bytesdiscarded="37504" />
  <memory-copied type="tenure" objects="1584" bytes="59608" bytesdiscarded="72" />
  <references type="weak" candidates="18" cleared="0" enqueued="0" />
</gc-op>
<gc-end id="2845" type="scavenge" contextid="2841" durationms="1.972" usertimems="3.113" systemtimems="0.000" timestamp="2019-08-11T07:39:28.118" activeThreads="16">
  <mem-info id="2846" free="4185454584" total="4203675648" percent="99">
    <mem type="nursery" free="1313120" total="2228224" percent="58">
      <mem type="allocate" free="1313120" total="1572864" percent="83" />
      <mem type="survivor" free="0" total="655360" percent="0" />
    </mem>
    <mem type="tenure" free="4184141464" total="4201447424" percent="99" macro-fragmented="3732887">
      <mem type="soa" free="3974069912" total="3991375872" percent="99" />
      <mem type="loa" free="210071552" total="210071552" percent="100" />
    </mem>
    <remembered-set count="685" />
  </mem-info>
</gc-end>
<cycle-end id="2847" type="scavenge" contextid="2841" timestamp="2019-08-11T07:39:28.118" />
  <attribute name="elasticGC enabled" value="1" />
  <attribute name= "numThreadsSpecified" value="16" />
  <attribute name="heapSize specified" value="8519680" />
  <attribute name="Current GC Util" value="17" />
  <attribute name= "Current Time Running" value="58956" />
  <attribute name ="GC Interval" value="200" />
  <attribute name="ProportionalT" value="-31.500000" />
  <attribute name="ProportionalI" value="-31.500000" />
  <attribute name="ProportionalH" value="-31.500000" />
  <attribute name="Current Error" value="-63.000000" />
  <attribute name="IntegralT" value="-504.000000" />
  <attribute name="IntegralI" value="-504.000000" />
  <attribute name="IntegralH" value="-504.000000" />
  <attribute name="DerivativeT" value="-3.937500" />
  <attribute name="DerivativeI" value="-3.937500" />
  <attribute name="DerivativeH" value="-3.937500" />
  <attribute name="Loop Time for DT" value="16.000000" />
  <attribute name="Output H" value="4203675648"/>
  <attribute name="Output I" value="200"/>
  <attribute name="Output T" value="16"/>
  <attribute name="Target GC Util Change" value ="80.000000" />
  <attribute name="Current GC Util Change" value="17.000000"/>
  <attribute name="GC Util currently" value="17" />
  <attribute name="CPU Util currently" value="74459301732" />
<allocation-satisfied id="2848" threadId="0000000000880F00" bytesRequested="48" />
<af-end id="2849" timestamp="2019-08-11T07:39:28.119" threadId="0000000000881888" success="true" from="nursery"/>
<exclusive-end id="2850" timestamp="2019-08-11T07:39:28.119" durationms="2.225" />

<exclusive-start id="2851" timestamp="2019-08-11T07:39:28.142" intervalms="25.673">
  <response-info timems="0.022" idlems="0.022" threads="0" lastid="0000000000880F00" lastname="main" />
</exclusive-start>
<af-start id="2852" threadId="0000000000881888" totalBytesRequested="56" timestamp="2019-08-11T07:39:28.142" intervalms="25.670" type="nursery" />
<cycle-start id="2853" type="scavenge" contextid="0" timestamp="2019-08-11T07:39:28.142" intervalms="25.644" />
<gc-start id="2854" type="scavenge" contextid="2853" timestamp="2019-08-11T07:39:28.142">
  <mem-info id="2855" free="4184141256" total="4203675648" percent="99">
    <mem type="nursery" free="0" total="2228224" percent="0">
      <mem type="allocate" free="0" total="1572864" percent="0" />
      <mem type="survivor" free="0" total="655360" percent="0" />
    </mem>
    <mem type="tenure" free="4184141256" total="4201447424" percent="99">
      <mem type="soa" free="3974069704" total="3991375872" percent="99" />
      <mem type="loa" free="210071552" total="210071552" percent="100" />
    </mem>
    <remembered-set count="833" />
  </mem-info>
</gc-start>
<allocation-stats totalBytes="1312608" >
  <allocated-bytes non-tlh="256" tlh="1312352" />
  <largest-consumer threadName="main" threadId="0000000000880F00" bytes="1312608" />
</allocation-stats>
<gc-op id="2856" type="scavenge" timems="1.521" contextid="2853" timestamp="2019-08-11T07:39:28.144">
  <scavenger-info tenureage="3" tenuremask="ffe8" tiltratio="70" />
  <memory-copied type="nursery" objects="7571" bytes="320248" bytesdiscarded="33544" />
  <memory-copied type="tenure" objects="2134" bytes="78984" bytesdiscarded="64" />
  <references type="weak" candidates="18" cleared="0" enqueued="0" />
</gc-op>
<gc-end id="2857" type="scavenge" contextid="2853" durationms="2.129" usertimems="4.199" systemtimems="0.000" timestamp="2019-08-11T07:39:28.144" activeThreads="16">
  <mem-info id="2858" free="4185337536" total="4203675648" percent="99">
    <mem type="nursery" free="1284600" total="2228224" percent="57">
      <mem type="allocate" free="1284600" total="1638400" percent="78" />
      <mem type="survivor" free="0" total="589824" percent="0" />
    </mem>
    <mem type="tenure" free="4184052936" total="4201447424" percent="99" macro-fragmented="0">
      <mem type="soa" free="3973981384" total="3991375872" percent="99" />
      <mem type="loa" free="210071552" total="210071552" percent="100" />
    </mem>
    <remembered-set count="644" />
  </mem-info>
</gc-end>
<cycle-end id="2859" type="scavenge" contextid="2853" timestamp="2019-08-11T07:39:28.144" />
  <attribute name="elasticGC enabled" value="1" />
  <attribute name= "numThreadsSpecified" value="16" />
  <attribute name="heapSize specified" value="8519680" />
  <attribute name="Current GC Util" value="11" />
  <attribute name= "Current Time Running" value="58981" />
  <attribute name ="GC Interval" value="200" />
  <attribute name="ProportionalT" value="-34.500000" />
  <attribute name="ProportionalI" value="-34.500000" />
  <attribute name="ProportionalH" value="-34.500000" />
  <attribute name="Current Error" value="-69.000000" />
  <attribute name="IntegralT" value="-862.500000" />
  <attribute name="IntegralI" value="-862.500000" />
  <attribute name="IntegralH" value="-862.500000" />
  <attribute name="DerivativeT" value="-2.760000" />
  <attribute name="DerivativeI" value="-2.760000" />
  <attribute name="DerivativeH" value="-2.760000" />
  <attribute name="Loop Time for DT" value="25.000000" />
  <attribute name="Output H" value="4203675648"/>
  <attribute name="Output I" value="200"/>
  <attribute name="Output T" value="16"/>
  <attribute name="Target GC Util Change" value ="80.000000" />
  <attribute name="Current GC Util Change" value="11.000000"/>
  <attribute name="GC Util currently" value="11" />
  <attribute name="CPU Util currently" value="44836456310" />
<allocation-satisfied id="2860" threadId="0000000000880F00" bytesRequested="56" />
<af-end id="2861" timestamp="2019-08-11T07:39:28.144" threadId="0000000000881888" success="true" from="nursery"/>
<exclusive-end id="2862" timestamp="2019-08-11T07:39:28.144" durationms="2.390" />

<exclusive-start id="2863" timestamp="2019-08-11T07:39:28.167" intervalms="25.407">
  <response-info timems="0.049" idlems="0.049" threads="0" lastid="0000000000880F00" lastname="main" />
</exclusive-start>
<af-start id="2864" threadId="0000000000881888" totalBytesRequested="200008" timestamp="2019-08-11T07:39:28.167" intervalms="25.415" type="nursery" />
<cycle-start id="2865" type="scavenge" contextid="0" timestamp="2019-08-11T07:39:28.168" intervalms="25.443" />
<gc-start id="2866" type="scavenge" contextid="2865" timestamp="2019-08-11T07:39:28.168">
  <mem-info id="2867" free="4184042520" total="4203675648" percent="99">
    <mem type="nursery" free="0" total="2228224" percent="0">
      <mem type="allocate" free="0" total="1638400" percent="0" />
      <mem type="survivor" free="0" total="589824" percent="0" />
    </mem>
    <mem type="tenure" free="4184042520" total="4201447424" percent="99">
      <mem type="soa" free="3973970968" total="3991375872" percent="99" />
      <mem type="loa" free="210071552" total="210071552" percent="100" />
    </mem>
    <remembered-set count="755" />
  </mem-info>
</gc-start>
<allocation-stats totalBytes="1294304" >
  <allocated-bytes non-tlh="10472" tlh="1283832" />
  <largest-consumer threadName="main" threadId="0000000000880F00" bytes="1294304" />
</allocation-stats>
<gc-op id="2868" type="scavenge" timems="4.096" contextid="2865" timestamp="2019-08-11T07:39:28.172">
  <scavenger-info tenureage="11" tenuremask="7800" tiltratio="73" />
  <memory-copied type="nursery" objects="4768" bytes="247648" bytesdiscarded="33736" />
  <references type="soft" candidates="1" cleared="0" enqueued="0" dynamicThreshold="31" maxThreshold="32" />
  <references type="weak" candidates="18" cleared="0" enqueued="0" />
  <references type="phantom" candidates="1" cleared="0" enqueued="0" />
</gc-op>
<gc-end id="2869" type="scavenge" contextid="2865" durationms="4.648" usertimems="6.273" systemtimems="0.000" timestamp="2019-08-11T07:39:28.172" activeThreads="16">
  <mem-info id="2870" free="4185399480" total="4203675648" percent="99">
    <mem type="nursery" free="1356960" total="2228224" percent="60">
      <mem type="allocate" free="1356960" total="1638400" percent="82" />
      <mem type="survivor" free="0" total="589824" percent="0" />
    </mem>
    <mem type="tenure" free="4184042520" total="4201447424" percent="99" macro-fragmented="124752">
      <mem type="soa" free="3973970968" total="3991375872" percent="99" />
      <mem type="loa" free="210071552" total="210071552" percent="100" />
    </mem>
    <remembered-set count="751" />
  </mem-info>
</gc-end>
<cycle-end id="2871" type="scavenge" contextid="2865" timestamp="2019-08-11T07:39:28.172" />
  <attribute name="elasticGC enabled" value="1" />
  <attribute name= "numThreadsSpecified" value="16" />
  <attribute name="heapSize specified" value="8519680" />
  <attribute name="Current GC Util" value="16" />
  <attribute name= "Current Time Running" value="59007" />
  <attribute name ="GC Interval" value="200" />
  <attribute name="ProportionalT" value="-32.000000" />
  <attribute name="ProportionalI" value="-32.000000" />
  <attribute name="ProportionalH" value="-32.000000" />
  <attribute name="Current Error" value="-64.000000" />
  <attribute name="IntegralT" value="-832.000000" />
  <attribute name="IntegralI" value="-832.000000" />
  <attribute name="IntegralH" value="-832.000000" />
  <attribute name="DerivativeT" value="-2.461538" />
  <attribute name="DerivativeI" value="-2.461538" />
  <attribute name="DerivativeH" value="-2.461538" />
  <attribute name="Loop Time for DT" value="26.000000" />
  <attribute name="Output H" value="4203675648"/>
  <attribute name="Output I" value="200"/>
  <attribute name="Output T" value="16"/>
  <attribute name="Target GC Util Change" value ="80.000000" />
  <attribute name="Current GC Util Change" value="16.000000"/>
  <attribute name="GC Util currently" value="16" />
  <attribute name="CPU Util currently" value="45381803633" />
<allocation-satisfied id="2872" threadId="0000000000880F00" bytesRequested="200008" />
<af-end id="2873" timestamp="2019-08-11T07:39:28.172" threadId="0000000000881888" success="true" from="nursery"/>
<exclusive-end id="2874" timestamp="2019-08-11T07:39:28.172" durationms="5.023" />

<exclusive-start id="2875" timestamp="2019-08-11T07:39:28.177" intervalms="9.414">
  <response-info timems="0.013" idlems="0.013" threads="0" lastid="0000000000880F00" lastname="main" />
</exclusive-start>
<af-start id="2876" threadId="0000000000881888" totalBytesRequested="32" timestamp="2019-08-11T07:39:28.177" intervalms="9.401" type="nursery" />
<cycle-start id="2877" type="scavenge" contextid="0" timestamp="2019-08-11T07:39:28.177" intervalms="9.393" />
<gc-start id="2878" type="scavenge" contextid="2877" timestamp="2019-08-11T07:39:28.177">
  <mem-info id="2879" free="4184042520" total="4203675648" percent="99">
    <mem type="nursery" free="0" total="2228224" percent="0">
      <mem type="allocate" free="0" total="1638400" percent="0" />
      <mem type="survivor" free="0" total="589824" percent="0" />
    </mem>
    <mem type="tenure" free="4184042520" total="4201447424" percent="99">
      <mem type="soa" free="3973970968" total="3991375872" percent="99" />
      <mem type="loa" free="210071552" total="210071552" percent="100" />
    </mem>
    <remembered-set count="751" />
  </mem-info>
</gc-start>
<allocation-stats totalBytes="1356824" >
  <allocated-bytes non-tlh="200008" tlh="1156816" />
  <largest-consumer threadName="main" threadId="0000000000880F00" bytes="1356824" />
</allocation-stats>
<gc-op id="2880" type="scavenge" timems="1.810" contextid="2877" timestamp="2019-08-11T07:39:28.179">
  <scavenger-info tenureage="11" tenuremask="7800" tiltratio="73" />
  <memory-copied type="nursery" objects="6675" bytes="525784" bytesdiscarded="25744" />
  <references type="soft" candidates="1" cleared="0" enqueued="0" dynamicThreshold="31" maxThreshold="32" />
  <references type="weak" candidates="18" cleared="0" enqueued="0" />
  <references type="phantom" candidates="1" cleared="0" enqueued="0" />
</gc-op>
<gc-end id="2881" type="scavenge" contextid="2877" durationms="2.326" usertimems="3.718" systemtimems="0.000" timestamp="2019-08-11T07:39:28.179" activeThreads="16">
  <mem-info id="2882" free="4184801648" total="4203675648" percent="99">
    <mem type="nursery" free="759128" total="2228224" percent="34">
      <mem type="allocate" free="759128" total="1310720" percent="57" />
      <mem type="survivor" free="0" total="917504" percent="0" />
    </mem>
    <mem type="tenure" free="4184042520" total="4201447424" percent="99" macro-fragmented="0">
      <mem type="soa" free="3973970968" total="3991375872" percent="99" />
      <mem type="loa" free="210071552" total="210071552" percent="100" />
    </mem>
    <remembered-set count="746" />
  </mem-info>
</gc-end>
<cycle-end id="2883" type="scavenge" contextid="2877" timestamp="2019-08-11T07:39:28.179" />
  <attribute name="elasticGC enabled" value="1" />
  <attribute name= "numThreadsSpecified" value="16" />
  <attribute name="heapSize specified" value="8519680" />
  <attribute name="Current GC Util" value="66" />
  <attribute name= "Current Time Running" value="59016" />
  <attribute name ="GC Interval" value="200" />
  <attribute name="ProportionalT" value="-7.000000" />
  <attribute name="ProportionalI" value="-7.000000" />
  <attribute name="ProportionalH" value="-7.000000" />
  <attribute name="Current Error" value="-14.000000" />
  <attribute name="IntegralT" value="-63.000000" />
  <attribute name="IntegralI" value="-63.000000" />
  <attribute name="IntegralH" value="-63.000000" />
  <attribute name="DerivativeT" value="-1.555556" />
  <attribute name="DerivativeI" value="-1.555556" />
  <attribute name="DerivativeH" value="-1.555556" />
  <attribute name="Loop Time for DT" value="9.000000" />
  <attribute name="Output H" value="4203675648"/>
  <attribute name="Output I" value="200"/>
  <attribute name="Output T" value="16"/>
  <attribute name="Target GC Util Change" value ="80.000000" />
  <attribute name="Current GC Util Change" value="66.000000"/>
  <attribute name="GC Util currently" value="66" />
  <attribute name="CPU Util currently" value="122578132802" />
<allocation-satisfied id="2884" threadId="0000000000880F00" bytesRequested="32" />
<af-end id="2885" timestamp="2019-08-11T07:39:28.179" threadId="0000000000881888" success="true" from="nursery"/>
<exclusive-end id="2886" timestamp="2019-08-11T07:39:28.179" durationms="2.558" />

<exclusive-start id="2887" timestamp="2019-08-11T07:39:28.195" intervalms="17.917">
  <response-info timems="0.018" idlems="0.018" threads="0" lastid="0000000000880F00" lastname="main" />
</exclusive-start>
<af-start id="2888" threadId="0000000000881888" totalBytesRequested="704" timestamp="2019-08-11T07:39:28.195" intervalms="17.916" type="nursery" />
<cycle-start id="2889" type="scavenge" contextid="0" timestamp="2019-08-11T07:39:28.195" intervalms="17.914" />
<gc-start id="2890" type="scavenge" contextid="2889" timestamp="2019-08-11T07:39:28.195">
  <mem-info id="2891" free="4184033064" total="4203675648" percent="99">
    <mem type="nursery" free="0" total="2228224" percent="0">
      <mem type="allocate" free="0" total="1310720" percent="0" />
      <mem type="survivor" free="0" total="917504" percent="0" />
    </mem>
    <mem type="tenure" free="4184033064" total="4201447424" percent="99">
      <mem type="soa" free="3973961512" total="3991375872" percent="99" />
      <mem type="loa" free="210071552" total="210071552" percent="100" />
    </mem>
    <remembered-set count="937" />
  </mem-info>
</gc-start>
<allocation-stats totalBytes="768048" >
  <allocated-bytes non-tlh="9488" tlh="758560" />
  <largest-consumer threadName="main" threadId="0000000000880F00" bytes="768048" />
</allocation-stats>
<gc-op id="2892" type="scavenge" timems="2.361" contextid="2889" timestamp="2019-08-11T07:39:28.197">
  <scavenger-info tenureage="3" tenuremask="7c38" tiltratio="58" />
  <memory-copied type="nursery" objects="1680" bytes="89504" bytesdiscarded="45840" />
  <memory-copied type="tenure" objects="4309" bytes="165640" bytesdiscarded="264" />
  <references type="soft" candidates="76" cleared="0" enqueued="0" dynamicThreshold="31" maxThreshold="32" />
  <references type="weak" candidates="62" cleared="2" enqueued="2" />
</gc-op>
<gc-end id="2893" type="scavenge" contextid="2889" durationms="2.928" usertimems="4.593" systemtimems="0.000" timestamp="2019-08-11T07:39:28.198" activeThreads="16">
  <mem-info id="2894" free="4185112536" total="4203675648" percent="99">
    <mem type="nursery" free="1240752" total="2228224" percent="55">
      <mem type="allocate" free="1240752" total="1376256" percent="90" />
      <mem type="survivor" free="0" total="851968" percent="0" />
    </mem>
    <mem type="tenure" free="4183871784" total="4201447424" percent="99" macro-fragmented="0">
      <mem type="soa" free="3973800232" total="3991375872" percent="99" />
      <mem type="loa" free="210071552" total="210071552" percent="100" />
    </mem>
    <pending-finalizers system="0" default="0" reference="2" classloader="0" />
    <remembered-set count="369" />
  </mem-info>
</gc-end>
<cycle-end id="2895" type="scavenge" contextid="2889" timestamp="2019-08-11T07:39:28.198" />
  <attribute name="elasticGC enabled" value="1" />
  <attribute name= "numThreadsSpecified" value="16" />
  <attribute name="heapSize specified" value="8519680" />
  <attribute name="Current GC Util" value="20" />
  <attribute name= "Current Time Running" value="59034" />
  <attribute name ="GC Interval" value="200" />
  <attribute name="ProportionalT" value="-30.000000" />
  <attribute name="ProportionalI" value="-30.000000" />
  <attribute name="ProportionalH" value="-30.000000" />
  <attribute name="Current Error" value="-60.000000" />
  <attribute name="IntegralT" value="-540.000000" />
  <attribute name="IntegralI" value="-540.000000" />
  <attribute name="IntegralH" value="-540.000000" />
  <attribute name="DerivativeT" value="-3.333333" />
  <attribute name="DerivativeI" value="-3.333333" />
  <attribute name="DerivativeH" value="-3.333333" />
  <attribute name="Loop Time for DT" value="18.000000" />
  <attribute name="Output H" value="4203675648"/>
  <attribute name="Output I" value="200"/>
  <attribute name="Output T" value="16"/>
  <attribute name="Target GC Util Change" value ="80.000000" />
  <attribute name="Current GC Util Change" value="20.000000"/>
  <attribute name="GC Util currently" value="20" />
  <attribute name="CPU Util currently" value="64637510463" />
<allocation-satisfied id="2896" threadId="0000000000880F00" bytesRequested="704" />
<af-end id="2897" timestamp="2019-08-11T07:39:28.198" threadId="0000000000881888" success="true" from="nursery"/>
<exclusive-end id="2898" timestamp="2019-08-11T07:39:28.198" durationms="3.191" />

<exclusive-start id="2899" timestamp="2019-08-11T07:39:28.239" intervalms="44.567">
  <response-info timems="0.017" idlems="0.017" threads="0" lastid="0000000000880F00" lastname="main" />
</exclusive-start>
<af-start id="2900" threadId="0000000000881888" totalBytesRequested="200008" timestamp="2019-08-11T07:39:28.239" intervalms="44.569" type="nursery" />
<cycle-start id="2901" type="scavenge" contextid="0" timestamp="2019-08-11T07:39:28.239" intervalms="44.551" />
<gc-start id="2902" type="scavenge" contextid="2901" timestamp="2019-08-11T07:39:28.239">
  <mem-info id="2903" free="4184048672" total="4203675648" percent="99">
    <mem type="nursery" free="188080" total="2228224" percent="8">
      <mem type="allocate" free="188080" total="1376256" percent="13" />
      <mem type="survivor" free="0" total="851968" percent="0" />
    </mem>
    <mem type="tenure" free="4183860592" total="4201447424" percent="99">
      <mem type="soa" free="3973789040" total="3991375872" percent="99" />
      <mem type="loa" free="210071552" total="210071552" percent="100" />
    </mem>
    <remembered-set count="642" />
  </mem-info>
</gc-start>
<allocation-stats totalBytes="1062992" >
  <allocated-bytes non-tlh="11896" tlh="1051096" />
  <largest-consumer threadName="main" threadId="0000000000880F00" bytes="1062992" />
</allocation-stats>
<gc-op id="2904" type="scavenge" timems="3.545" contextid="2901" timestamp="2019-08-11T07:39:28.243">
  <scavenger-info tenureage="11" tenuremask="7800" tiltratio="61" />
  <memory-copied type="nursery" objects="5081" bytes="251064" bytesdiscarded="62344" />
  <references type="soft" candidates="321" cleared="0" enqueued="0" dynamicThreshold="31" maxThreshold="32" />
  <references type="weak" candidates="280" cleared="31" enqueued="23" />
  <references type="phantom" candidates="1" cleared="0" enqueued="0" />
</gc-op>
<gc-end id="2905" type="scavenge" contextid="2901" durationms="4.180" usertimems="5.646" systemtimems="0.000" timestamp="2019-08-11T07:39:28.244" activeThreads="16">
  <mem-info id="2906" free="4184988688" total="4203675648" percent="99">
    <mem type="nursery" free="1128096" total="2228224" percent="50">
      <mem type="allocate" free="1128096" total="1441792" percent="78" />
      <mem type="survivor" free="0" total="786432" percent="0" />
    </mem>
    <mem type="tenure" free="4183860592" total="4201447424" percent="99" macro-fragmented="418667">
      <mem type="soa" free="3973789040" total="3991375872" percent="99" />
      <mem type="loa" free="210071552" total="210071552" percent="100" />
    </mem>
    <pending-finalizers system="0" default="0" reference="23" classloader="0" />
    <remembered-set count="632" />
  </mem-info>
</gc-end>
<cycle-end id="2907" type="scavenge" contextid="2901" timestamp="2019-08-11T07:39:28.244" />
  <attribute name="elasticGC enabled" value="1" />
  <attribute name= "numThreadsSpecified" value="16" />
  <attribute name="heapSize specified" value="8519680" />
  <attribute name="Current GC Util" value="9" />
  <attribute name= "Current Time Running" value="59079" />
  <attribute name ="GC Interval" value="200" />
  <attribute name="ProportionalT" value="-35.500000" />
  <attribute name="ProportionalI" value="-35.500000" />
  <attribute name="ProportionalH" value="-35.500000" />
  <attribute name="Current Error" value="-71.000000" />
  <attribute name="IntegralT" value="-1597.500000" />
  <attribute name="IntegralI" value="-1597.500000" />
  <attribute name="IntegralH" value="-1597.500000" />
  <attribute name="DerivativeT" value="-1.577778" />
  <attribute name="DerivativeI" value="-1.577778" />
  <attribute name="DerivativeH" value="-1.577778" />
  <attribute name="Loop Time for DT" value="45.000000" />
  <attribute name="Output H" value="4203675648"/>
  <attribute name="Output I" value="200"/>
  <attribute name="Output T" value="16"/>
  <attribute name="Target GC Util Change" value ="80.000000" />
  <attribute name="Current GC Util Change" value="9.000000"/>
  <attribute name="GC Util currently" value="9" />
  <attribute name="CPU Util currently" value="25859101529" />
<allocation-satisfied id="2908" threadId="0000000000880F00" bytesRequested="200008" />
<af-end id="2909" timestamp="2019-08-11T07:39:28.244" threadId="0000000000881888" success="true" from="nursery"/>
<exclusive-end id="2910" timestamp="2019-08-11T07:39:28.244" durationms="4.530" />

<exclusive-start id="2911" timestamp="2019-08-11T07:39:28.247" intervalms="7.441">
  <response-info timems="0.028" idlems="0.028" threads="0" lastid="0000000000880F00" lastname="main" />
</exclusive-start>
<sys-start reason="explicit" id="2912" timestamp="2019-08-11T07:39:28.247" intervalms="58829.289" />
<cycle-start id="2913" type="global" contextid="0" timestamp="2019-08-11T07:39:28.247" intervalms="58829.310" />
<gc-start id="2914" type="global" contextid="2913" timestamp="2019-08-11T07:39:28.247">
  <mem-info id="2915" free="4184598928" total="4203675648" percent="99">
    <mem type="nursery" free="739672" total="2228224" percent="33">
      <mem type="allocate" free="739672" total="1441792" percent="51" />
      <mem type="survivor" free="0" total="786432" percent="0" />
    </mem>
    <mem type="tenure" free="4183859256" total="4201447424" percent="99">
      <mem type="soa" free="3973787704" total="3991375872" percent="99" />
      <mem type="loa" free="210071552" total="210071552" percent="100" />
    </mem>
    <remembered-set count="656" />
  </mem-info>
</gc-start>
<allocation-stats totalBytes="377912" >
  <allocated-bytes non-tlh="201344" tlh="176568" />
  <largest-consumer threadName="main" threadId="0000000000880F00" bytes="373816" />
</allocation-stats>
<gc-op id="2916" type="mark" timems="13.103" contextid="2913" timestamp="2019-08-11T07:39:28.260">
  <trace-info objectcount="75637" scancount="63033" scanbytes="2140896" />
  <finalization candidates="80" enqueued="0" />
  <ownableSynchronizers candidates="21" cleared="0" />
  <references type="soft" candidates="1641" cleared="0" enqueued="0" dynamicThreshold="31" maxThreshold="32" />
  <references type="weak" candidates="4449" cleared="81" enqueued="42" />
  <references type="phantom" candidates="78" cleared="5" enqueued="5" />
  <stringconstants candidates="10077" cleared="1394"  />
</gc-op>
<gc-op id="2917" type="classunload" timems="4.461" contextid="2913" timestamp="2019-08-11T07:39:28.265">
  <classunload-info classloadercandidates="18" classloadersunloaded="2" classesunloaded="509" anonymousclassesunloaded="0" quiescems="0.000" setupms="1.402" scanms="3.055" postms="0.004" />
</gc-op>
<gc-op id="2918" type="sweep" timems="3.807" contextid="2913" timestamp="2019-08-11T07:39:28.269" />
<mem-info id="2919" free="4198206488" total="4203675648" percent="99">
  <mem type="nursery" free="1256304" total="2228224" percent="56">
    <mem type="allocate" free="1256304" total="1441792" percent="87" />
    <mem type="survivor" free="0" total="786432" percent="0" />
  </mem>
  <mem type="tenure" free="4196950184" total="4201447424" percent="99" micro-fragmented="105200" macro-fragmented="1800196">
    <mem type="soa" free="3986878632" total="3991375872" percent="99" />
    <mem type="loa" free="210071552" total="210071552" percent="100" />
  </mem>
  <pending-finalizers system="0" default="0" reference="47" classloader="0" />
  <remembered-set count="562" />
</mem-info>
<gc-op id="2920" type="compact" timems="28.573" contextid="2913" timestamp="2019-08-11T07:39:28.298">
  <compact-info movecount="69738" movebytes="4300888" reason="compact to aid heap contraction" />
</gc-op>
<heap-resize id="2921" type="contract" space="tenure" amount="210042880" count="1" timems="0.119" reason="heap reconfiguration" timestamp="2019-08-11T07:39:28.298" />
<gc-end id="2922" type="global" contextid="2913" durationms="51.422" usertimems="129.268" systemtimems="12.758" timestamp="2019-08-11T07:39:28.298" activeThreads="16">
  <mem-info id="2923" free="3988266600" total="3993632768" percent="99">
    <mem type="nursery" free="1260104" total="2228224" percent="56">
      <mem type="allocate" free="1260104" total="1441792" percent="87" />
      <mem type="survivor" free="0" total="786432" percent="0" />
    </mem>
    <mem type="tenure" free="3987006496" total="3991404544" percent="99">
      <mem type="soa" free="3787465760" total="3791835136" percent="99" />
      <mem type="loa" free="199540736" total="199569408" percent="99" />
    </mem>
    <pending-finalizers system="0" default="0" reference="47" classloader="0" />
    <remembered-set count="562" />
  </mem-info>
</gc-end>
<cycle-end id="2924" type="global" contextid="2913" timestamp="2019-08-11T07:39:28.299" />
  <attribute name="elasticGC enabled" value="1" />
  <attribute name= "numThreadsSpecified" value="16" />
  <attribute name="heapSize specified" value="-91291648" />
  <attribute name="Current GC Util" value="207" />
  <attribute name= "Current Time Running" value="59137" />
  <attribute name ="GC Interval" value="200" />
  <attribute name="ProportionalT" value="63.500000" />
  <attribute name="ProportionalI" value="63.500000" />
  <attribute name="ProportionalH" value="63.500000" />
  <attribute name="Current Error" value="127.000000" />
  <attribute name="IntegralT" value="1841.500000" />
  <attribute name="IntegralI" value="1841.500000" />
  <attribute name="IntegralH" value="1841.500000" />
  <attribute name="DerivativeT" value="-8.310345" />
  <attribute name="DerivativeI" value="-8.310345" />
  <attribute name="DerivativeH" value="-8.310345" />
  <attribute name="Loop Time for DT" value="29.000000" />
  <attribute name="Output H" value="8388608"/>
  <attribute name="Output I" value="1896"/>
  <attribute name="Output T" value="16"/>
  <attribute name="Target GC Util Change" value ="80.000000" />
  <attribute name="Current GC Util Change" value="207.000000"/>
  <attribute name="GC Util currently" value="207" />
  <attribute name="CPU Util currently" value="40290763898" />
<sys-end id="2925" timestamp="2019-08-11T07:39:28.299" />
<exclusive-end id="2926" timestamp="2019-08-11T07:39:28.299" durationms="52.291" />

===== DaCapo 9.12-MR1 jython starting =====
<exclusive-start id="2927" timestamp="2019-08-11T07:39:28.321" intervalms="74.064">
  <response-info timems="0.048" idlems="0.048" threads="0" lastid="0000000000880F00" lastname="main" />
</exclusive-start>
<af-start id="2928" threadId="0000000000881888" totalBytesRequested="48" timestamp="2019-08-11T07:39:28.321" intervalms="81.508" type="nursery" />
<cycle-start id="2929" type="scavenge" contextid="0" timestamp="2019-08-11T07:39:28.321" intervalms="81.510" />
<gc-start id="2930" type="scavenge" contextid="2929" timestamp="2019-08-11T07:39:28.321">
  <mem-info id="2931" free="3987006440" total="3993632768" percent="99">
    <mem type="nursery" free="0" total="2228224" percent="0">
      <mem type="allocate" free="0" total="1441792" percent="0" />
      <mem type="survivor" free="0" total="786432" percent="0" />
    </mem>
    <mem type="tenure" free="3987006440" total="3991404544" percent="99">
      <mem type="soa" free="3787465704" total="3791835136" percent="99" />
      <mem type="loa" free="199540736" total="199569408" percent="99" />
    </mem>
    <remembered-set count="631" />
  </mem-info>
</gc-start>
<allocation-stats totalBytes="1259248" >
  <allocated-bytes non-tlh="527760" tlh="731488" />
  <largest-consumer threadName="main" threadId="0000000000880F00" bytes="1246904" />
</allocation-stats>
<gc-op id="2932" type="scavenge" timems="2.964" contextid="2929" timestamp="2019-08-11T07:39:28.324">
  <scavenger-info tenureage="4" tenuremask="7810" tiltratio="64" />
  <memory-copied type="nursery" objects="3204" bytes="742776" bytesdiscarded="43432" />
  <memory-copied type="tenure" objects="6690" bytes="275568" bytesdiscarded="192" />
  <copy-failed type="nursery" objects="6327" bytes="264224" />
  <ownableSynchronizers candidates="42" cleared="42" />
  <references type="soft" candidates="286" cleared="0" enqueued="0" dynamicThreshold="31" maxThreshold="32" />
  <references type="weak" candidates="251" cleared="4" enqueued="4" />
  <references type="phantom" candidates="5" cleared="1" enqueued="1" />
</gc-op>
<gc-end id="2933" type="scavenge" contextid="2929" durationms="3.674" usertimems="3.215" systemtimems="3.848" timestamp="2019-08-11T07:39:28.325" activeThreads="16">
  <mem-info id="2934" free="3987009256" total="3993632768" percent="99">
    <mem type="nursery" free="327680" total="2228224" percent="14">
      <mem type="allocate" free="327680" total="1114112" percent="29" />
      <mem type="survivor" free="0" total="1114112" percent="0" />
    </mem>
    <mem type="tenure" free="3986681576" total="3991404544" percent="99" macro-fragmented="0">
      <mem type="soa" free="3787140840" total="3791835136" percent="99" />
      <mem type="loa" free="199540736" total="199569408" percent="99" />
    </mem>
    <pending-finalizers system="0" default="0" reference="5" classloader="0" />
    <remembered-set count="3797" />
  </mem-info>
</gc-end>
<cycle-end id="2935" type="scavenge" contextid="2929" timestamp="2019-08-11T07:39:28.325" />
  <attribute name="elasticGC enabled" value="1" />
  <attribute name= "numThreadsSpecified" value="16" />
  <attribute name="heapSize specified" value="-91291648" />
  <attribute name="Current GC Util" value="96" />
  <attribute name= "Current Time Running" value="59160" />
  <attribute name ="GC Interval" value="200" />
  <attribute name="ProportionalT" value="8.000000" />
  <attribute name="ProportionalI" value="8.000000" />
  <attribute name="ProportionalH" value="8.000000" />
  <attribute name="Current Error" value="16.000000" />
  <attribute name="IntegralT" value="184.000000" />
  <attribute name="IntegralI" value="184.000000" />
  <attribute name="IntegralH" value="184.000000" />
  <attribute name="DerivativeT" value="-4.826087" />
  <attribute name="DerivativeI" value="-4.826087" />
  <attribute name="DerivativeH" value="-4.826087" />
  <attribute name="Loop Time for DT" value="23.000000" />
  <attribute name="Output H" value="8388608"/>
  <attribute name="Output I" value="200"/>
  <attribute name="Output T" value="16"/>
  <attribute name="Target GC Util Change" value ="80.000000" />
  <attribute name="Current GC Util Change" value="96.000000"/>
  <attribute name="GC Util currently" value="96" />
  <attribute name="CPU Util currently" value="49394291690" />
<allocation-satisfied id="2936" threadId="0000000000880F00" bytesRequested="48" />
<af-end id="2937" timestamp="2019-08-11T07:39:28.325" threadId="0000000000881888" success="true" from="nursery"/>
<exclusive-end id="2938" timestamp="2019-08-11T07:39:28.325" durationms="3.969" />

<exclusive-start id="2939" timestamp="2019-08-11T07:39:28.330" intervalms="9.566">
  <response-info timems="0.013" idlems="0.013" threads="0" lastid="0000000000880F00" lastname="main" />
</exclusive-start>
<af-start id="2940" threadId="0000000000881888" totalBytesRequested="24" timestamp="2019-08-11T07:39:28.330" intervalms="9.552" type="nursery" />
<cycle-start id="2941" type="scavenge" contextid="0" timestamp="2019-08-11T07:39:28.330" intervalms="9.549" />
<gc-start id="2942" type="scavenge" contextid="2941" timestamp="2019-08-11T07:39:28.330">
  <mem-info id="2943" free="3986681576" total="3993632768" percent="99">
    <mem type="nursery" free="0" total="2228224" percent="0">
      <mem type="allocate" free="0" total="1114112" percent="0" />
      <mem type="survivor" free="0" total="1114112" percent="0" />
    </mem>
    <mem type="tenure" free="3986681576" total="3991404544" percent="99">
      <mem type="soa" free="3787140840" total="3791835136" percent="99" />
      <mem type="loa" free="199540736" total="199569408" percent="99" />
    </mem>
    <remembered-set count="3798" />
  </mem-info>
</gc-start>
<allocation-stats totalBytes="327648" >
  <allocated-bytes non-tlh="48" tlh="327600" />
  <largest-consumer threadName="main" threadId="0000000000880F00" bytes="327648" />
</allocation-stats>
<gc-op id="2944" type="scavenge" timems="2.701" contextid="2941" timestamp="2019-08-11T07:39:28.333">
  <scavenger-info tenureage="3" tenuremask="ffd8" tiltratio="50" />
  <memory-copied type="nursery" objects="4473" bytes="825512" bytesdiscarded="159488" />
  <memory-copied type="tenure" objects="619" bytes="23024" bytesdiscarded="8" />
  <references type="soft" candidates="213" cleared="0" enqueued="0" dynamicThreshold="31" maxThreshold="32" />
  <references type="weak" candidates="189" cleared="0" enqueued="0" />
  <references type="phantom" candidates="4" cleared="0" enqueued="0" />
</gc-op>
<heap-resize id="2945" type="expand" space="nursery" amount="131072" count="1" timems="0.020" reason="excessive time being spent scavenging" timestamp="2019-08-11T07:39:28.334" />
<gc-end id="2946" type="scavenge" contextid="2941" durationms="3.326" usertimems="5.176" systemtimems="1.895" timestamp="2019-08-11T07:39:28.334" activeThreads="16">
  <mem-info id="2947" free="3986780816" total="3993763840" percent="99">
    <mem type="nursery" free="194472" total="2359296" percent="8">
      <mem type="allocate" free="194472" total="1179648" percent="16" />
      <mem type="survivor" free="0" total="1179648" percent="0" />
    </mem>
    <mem type="tenure" free="3986586344" total="3991404544" percent="99" macro-fragmented="0">
      <mem type="soa" free="3787045608" total="3791835136" percent="99" />
      <mem type="loa" free="199540736" total="199569408" percent="99" />
    </mem>
    <remembered-set count="3537" />
  </mem-info>
</gc-end>
<cycle-end id="2948" type="scavenge" contextid="2941" timestamp="2019-08-11T07:39:28.334" />
  <attribute name="elasticGC enabled" value="1" />
  <attribute name= "numThreadsSpecified" value="16" />
  <attribute name="heapSize specified" value="-91291648" />
  <attribute name="Current GC Util" value="72" />
  <attribute name= "Current Time Running" value="59170" />
  <attribute name ="GC Interval" value="200" />
  <attribute name="ProportionalT" value="-4.000000" />
  <attribute name="ProportionalI" value="-4.000000" />
  <attribute name="ProportionalH" value="-4.000000" />
  <attribute name="Current Error" value="-8.000000" />
  <attribute name="IntegralT" value="-40.000000" />
  <attribute name="IntegralI" value="-40.000000" />
  <attribute name="IntegralH" value="-40.000000" />
  <attribute name="DerivativeT" value="-2.400000" />
  <attribute name="DerivativeI" value="-2.400000" />
  <attribute name="DerivativeH" value="-2.400000" />
  <attribute name="Loop Time for DT" value="10.000000" />
  <attribute name="Output H" value="4203675648"/>
  <attribute name="Output I" value="200"/>
  <attribute name="Output T" value="16"/>
  <attribute name="Target GC Util Change" value ="80.000000" />
  <attribute name="Current GC Util Change" value="72.000000"/>
  <attribute name="GC Util currently" value="72" />
  <attribute name="CPU Util currently" value="121177078234" />
<allocation-satisfied id="2949" threadId="0000000000880F00" bytesRequested="24" />
<af-end id="2950" timestamp="2019-08-11T07:39:28.334" threadId="0000000000881888" success="true" from="nursery"/>
<exclusive-end id="2951" timestamp="2019-08-11T07:39:28.334" durationms="3.523" />

<exclusive-start id="2952" timestamp="2019-08-11T07:39:28.337" intervalms="6.131">
  <response-info timems="0.044" idlems="0.044" threads="0" lastid="0000000000880F00" lastname="main" />
</exclusive-start>
<af-start id="2953" threadId="0000000000881888" totalBytesRequested="24" timestamp="2019-08-11T07:39:28.337" intervalms="6.132" type="nursery" />
<cycle-start id="2954" type="scavenge" contextid="0" timestamp="2019-08-11T07:39:28.337" intervalms="6.130" />
<gc-start id="2955" type="scavenge" contextid="2954" timestamp="2019-08-11T07:39:28.337">
  <mem-info id="2956" free="3986585768" total="3993763840" percent="99">
    <mem type="nursery" free="0" total="2359296" percent="0">
      <mem type="allocate" free="0" total="1179648" percent="0" />
      <mem type="survivor" free="0" total="1179648" percent="0" />
    </mem>
    <mem type="tenure" free="3986585768" total="3991404544" percent="99">
      <mem type="soa" free="3787045032" total="3791835136" percent="99" />
      <mem type="loa" free="199540736" total="199569408" percent="99" />
    </mem>
    <remembered-set count="3549" />
  </mem-info>
</gc-start>
<allocation-stats totalBytes="194992" >
  <allocated-bytes non-tlh="600" tlh="194392" />
  <largest-consumer threadName="main" threadId="0000000000880F00" bytes="194992" />
</allocation-stats>
<gc-op id="2957" type="scavenge" timems="1.577" contextid="2954" timestamp="2019-08-11T07:39:28.338">
  <scavenger-info tenureage="2" tenuremask="ffec" tiltratio="50" />
  <memory-copied type="nursery" objects="2478" bytes="133712" bytesdiscarded="173984" />
  <memory-copied type="tenure" objects="2571" bytes="717328" bytesdiscarded="112" />
  <references type="weak" candidates="2" cleared="0" enqueued="0" />
</gc-op>
<heap-resize id="2958" type="expand" space="nursery" amount="393216" count="1" timems="0.011" reason="excessive time being spent scavenging" timestamp="2019-08-11T07:39:28.338" />
<gc-end id="2959" type="scavenge" contextid="2954" durationms="2.174" usertimems="2.071" systemtimems="2.901" timestamp="2019-08-11T07:39:28.339" activeThreads="16">
  <mem-info id="2960" free="3986817600" total="3994157056" percent="99">
    <mem type="nursery" free="1068552" total="2752512" percent="38">
      <mem type="allocate" free="1068552" total="1376256" percent="77" />
      <mem type="survivor" free="0" total="1376256" percent="0" />
    </mem>
    <mem type="tenure" free="3985749048" total="3991404544" percent="99" macro-fragmented="0">
      <mem type="soa" free="3786208312" total="3791835136" percent="99" />
      <mem type="loa" free="199540736" total="199569408" percent="99" />
    </mem>
    <remembered-set count="137" />
  </mem-info>
</gc-end>
<cycle-end id="2961" type="scavenge" contextid="2954" timestamp="2019-08-11T07:39:28.339" />
  <attribute name="elasticGC enabled" value="1" />
  <attribute name= "numThreadsSpecified" value="16" />
  <attribute name="heapSize specified" value="-91291648" />
  <attribute name="Current GC Util" value="113" />
  <attribute name= "Current Time Running" value="59176" />
  <attribute name ="GC Interval" value="200" />
  <attribute name="ProportionalT" value="16.500000" />
  <attribute name="ProportionalI" value="16.500000" />
  <attribute name="ProportionalH" value="16.500000" />
  <attribute name="Current Error" value="33.000000" />
  <attribute name="IntegralT" value="99.000000" />
  <attribute name="IntegralI" value="99.000000" />
  <attribute name="IntegralH" value="99.000000" />
  <attribute name="DerivativeT" value="5.500000" />
  <attribute name="DerivativeI" value="5.500000" />
  <attribute name="DerivativeH" value="5.500000" />
  <attribute name="Loop Time for DT" value="6.000000" />
  <attribute name="Output H" value="8388608"/>
  <attribute name="Output I" value="200"/>
  <attribute name="Output T" value="16"/>
  <attribute name="Target GC Util Change" value ="80.000000" />
  <attribute name="Current GC Util Change" value="113.000000"/>
  <attribute name="GC Util currently" value="113" />
  <attribute name="CPU Util currently" value="187250156714" />
<allocation-satisfied id="2962" threadId="0000000000880F00" bytesRequested="24" />
<af-end id="2963" timestamp="2019-08-11T07:39:28.339" threadId="0000000000881888" success="true" from="nursery"/>
<exclusive-end id="2964" timestamp="2019-08-11T07:39:28.339" durationms="2.378" />

<exclusive-start id="2965" timestamp="2019-08-11T07:39:28.344" intervalms="7.610">
  <response-info timems="0.031" idlems="0.031" threads="0" lastid="0000000000880F00" lastname="main" />
</exclusive-start>
<af-start id="2966" threadId="0000000000881888" totalBytesRequested="32" timestamp="2019-08-11T07:39:28.344" intervalms="7.615" type="nursery" />
<cycle-start id="2967" type="scavenge" contextid="0" timestamp="2019-08-11T07:39:28.344" intervalms="7.662" />
<gc-start id="2968" type="scavenge" contextid="2967" timestamp="2019-08-11T07:39:28.344">
  <mem-info id="2969" free="3985748840" total="3994157056" percent="99">
    <mem type="nursery" free="0" total="2752512" percent="0">
      <mem type="allocate" free="0" total="1376256" percent="0" />
      <mem type="survivor" free="0" total="1376256" percent="0" />
    </mem>
    <mem type="tenure" free="3985748840" total="3991404544" percent="99">
      <mem type="soa" free="3786208104" total="3791835136" percent="99" />
      <mem type="loa" free="199540736" total="199569408" percent="99" />
    </mem>
    <remembered-set count="288" />
  </mem-info>
</gc-start>
<allocation-stats totalBytes="1068560" >
  <allocated-bytes non-tlh="232" tlh="1068328" />
  <largest-consumer threadName="main" threadId="0000000000880F00" bytes="1068560" />
</allocation-stats>
<gc-op id="2970" type="scavenge" timems="1.574" contextid="2967" timestamp="2019-08-11T07:39:28.346">
  <scavenger-info tenureage="2" tenuremask="ffe4" tiltratio="50" />
  <memory-copied type="nursery" objects="2202" bytes="83256" bytesdiscarded="84928" />
  <memory-copied type="tenure" objects="1902" bytes="108184" bytesdiscarded="72" />
  <references type="weak" candidates="2" cleared="0" enqueued="0" />
</gc-op>
<heap-resize id="2971" type="expand" space="nursery" amount="262144" count="1" timems="0.012" reason="excessive time being spent scavenging" timestamp="2019-08-11T07:39:28.346" />
<gc-end id="2972" type="scavenge" contextid="2967" durationms="2.167" usertimems="5.109" systemtimems="0.000" timestamp="2019-08-11T07:39:28.346" activeThreads="16">
  <mem-info id="2973" free="3986952808" total="3994419200" percent="99">
    <mem type="nursery" free="1339136" total="3014656" percent="44">
      <mem type="allocate" free="1339136" total="1507328" percent="88" />
      <mem type="survivor" free="0" total="1507328" percent="0" />
    </mem>
    <mem type="tenure" free="3985613672" total="3991404544" percent="99" macro-fragmented="0">
      <mem type="soa" free="3786072936" total="3791835136" percent="99" />
      <mem type="loa" free="199540736" total="199569408" percent="99" />
    </mem>
    <remembered-set count="281" />
  </mem-info>
</gc-end>
<cycle-end id="2974" type="scavenge" contextid="2967" timestamp="2019-08-11T07:39:28.347" />
  <attribute name="elasticGC enabled" value="1" />
  <attribute name= "numThreadsSpecified" value="16" />
  <attribute name="heapSize specified" value="-91291648" />
  <attribute name="Current GC Util" value="63" />
  <attribute name= "Current Time Running" value="59184" />
  <attribute name ="GC Interval" value="200" />
  <attribute name="ProportionalT" value="-8.500000" />
  <attribute name="ProportionalI" value="-8.500000" />
  <attribute name="ProportionalH" value="-8.500000" />
  <attribute name="Current Error" value="-17.000000" />
  <attribute name="IntegralT" value="-68.000000" />
  <attribute name="IntegralI" value="-68.000000" />
  <attribute name="IntegralH" value="-68.000000" />
  <attribute name="DerivativeT" value="-6.250000" />
  <attribute name="DerivativeI" value="-6.250000" />
  <attribute name="DerivativeH" value="-6.250000" />
  <attribute name="Loop Time for DT" value="8.000000" />
  <attribute name="Output H" value="4203675648"/>
  <attribute name="Output I" value="200"/>
  <attribute name="Output T" value="16"/>
  <attribute name="Target GC Util Change" value ="80.000000" />
  <attribute name="Current GC Util Change" value="63.000000"/>
  <attribute name="GC Util currently" value="63" />
  <attribute name="CPU Util currently" value="150249087424" />
<allocation-satisfied id="2975" threadId="0000000000880F00" bytesRequested="32" />
<af-end id="2976" timestamp="2019-08-11T07:39:28.347" threadId="0000000000881888" success="true" from="nursery"/>
<exclusive-end id="2977" timestamp="2019-08-11T07:39:28.347" durationms="2.415" />

<exclusive-start id="2978" timestamp="2019-08-11T07:39:28.353" intervalms="8.984">
  <response-info timems="0.021" idlems="0.021" threads="0" lastid="0000000000880F00" lastname="main" />
</exclusive-start>
<af-start id="2979" threadId="0000000000881888" totalBytesRequested="32" timestamp="2019-08-11T07:39:28.353" intervalms="8.996" type="nursery" />
<cycle-start id="2980" type="scavenge" contextid="0" timestamp="2019-08-11T07:39:28.353" intervalms="8.987" />
<gc-start id="2981" type="scavenge" contextid="2980" timestamp="2019-08-11T07:39:28.353">
  <mem-info id="2982" free="3985613672" total="3994419200" percent="99">
    <mem type="nursery" free="0" total="3014656" percent="0">
      <mem type="allocate" free="0" total="1507328" percent="0" />
      <mem type="survivor" free="0" total="1507328" percent="0" />
    </mem>
    <mem type="tenure" free="3985613672" total="3991404544" percent="99">
      <mem type="soa" free="3786072936" total="3791835136" percent="99" />
      <mem type="loa" free="199540736" total="199569408" percent="99" />
    </mem>
    <remembered-set count="480" />
  </mem-info>
</gc-start>
<allocation-stats totalBytes="1338888" >
  <allocated-bytes non-tlh="32" tlh="1338856" />
  <largest-consumer threadName="main" threadId="0000000000880F00" bytes="1338888" />
</allocation-stats>
<gc-op id="2983" type="scavenge" timems="1.743" contextid="2980" timestamp="2019-08-11T07:39:28.355">
  <scavenger-info tenureage="4" tenuremask="fff0" tiltratio="50" />
  <memory-copied type="nursery" objects="4265" bytes="161952" bytesdiscarded="70744" />
  <references type="weak" candidates="2" cleared="0" enqueued="0" />
</gc-op>
<heap-resize id="2984" type="expand" space="nursery" amount="393216" count="1" timems="0.010" reason="excessive time being spent scavenging" timestamp="2019-08-11T07:39:28.355" />
<gc-end id="2985" type="scavenge" contextid="2980" durationms="2.293" usertimems="3.135" systemtimems="0.834" timestamp="2019-08-11T07:39:28.356" activeThreads="16">
  <mem-info id="2986" free="3987347048" total="3994812416" percent="99">
    <mem type="nursery" free="1733376" total="3407872" percent="50">
      <mem type="allocate" free="1733376" total="1966080" percent="88" />
      <mem type="survivor" free="0" total="1441792" percent="0" />
    </mem>
    <mem type="tenure" free="3985613672" total="3991404544" percent="99" macro-fragmented="0">
      <mem type="soa" free="3786072936" total="3791835136" percent="99" />
      <mem type="loa" free="199540736" total="199569408" percent="99" />
    </mem>
    <remembered-set count="464" />
  </mem-info>
</gc-end>
<cycle-end id="2987" type="scavenge" contextid="2980" timestamp="2019-08-11T07:39:28.356" />
  <attribute name="elasticGC enabled" value="1" />
  <attribute name= "numThreadsSpecified" value="16" />
  <attribute name="heapSize specified" value="-91291648" />
  <attribute name="Current GC Util" value="56" />
  <attribute name= "Current Time Running" value="59193" />
  <attribute name ="GC Interval" value="200" />
  <attribute name="ProportionalT" value="-12.000000" />
  <attribute name="ProportionalI" value="-12.000000" />
  <attribute name="ProportionalH" value="-12.000000" />
  <attribute name="Current Error" value="-24.000000" />
  <attribute name="IntegralT" value="-108.000000" />
  <attribute name="IntegralI" value="-108.000000" />
  <attribute name="IntegralH" value="-108.000000" />
  <attribute name="DerivativeT" value="-2.666667" />
  <attribute name="DerivativeI" value="-2.666667" />
  <attribute name="DerivativeH" value="-2.666667" />
  <attribute name="Loop Time for DT" value="9.000000" />
  <attribute name="Output H" value="4203675648"/>
  <attribute name="Output I" value="200"/>
  <attribute name="Output T" value="16"/>
  <attribute name="Target GC Util Change" value ="80.000000" />
  <attribute name="Current GC Util Change" value="56.000000"/>
  <attribute name="GC Util currently" value="56" />
  <attribute name="CPU Util currently" value="127837523484" />
<allocation-satisfied id="2988" threadId="0000000000880F00" bytesRequested="32" />
<af-end id="2989" timestamp="2019-08-11T07:39:28.356" threadId="0000000000881888" success="true" from="nursery"/>
<exclusive-end id="2990" timestamp="2019-08-11T07:39:28.356" durationms="2.579" />

<exclusive-start id="2991" timestamp="2019-08-11T07:39:28.361" intervalms="7.956">
  <response-info timems="0.011" idlems="0.011" threads="0" lastid="0000000000880F00" lastname="main" />
</exclusive-start>
<af-start id="2992" threadId="0000000000881888" totalBytesRequested="32" timestamp="2019-08-11T07:39:28.361" intervalms="7.940" type="nursery" />
<cycle-start id="2993" type="scavenge" contextid="0" timestamp="2019-08-11T07:39:28.361" intervalms="7.902" />
<gc-start id="2994" type="scavenge" contextid="2993" timestamp="2019-08-11T07:39:28.361">
  <mem-info id="2995" free="3985613672" total="3994812416" percent="99">
    <mem type="nursery" free="0" total="3407872" percent="0">
      <mem type="allocate" free="0" total="1966080" percent="0" />
      <mem type="survivor" free="0" total="1441792" percent="0" />
    </mem>
    <mem type="tenure" free="3985613672" total="3991404544" percent="99">
      <mem type="soa" free="3786072936" total="3791835136" percent="99" />
      <mem type="loa" free="199540736" total="199569408" percent="99" />
    </mem>
    <remembered-set count="720" />
  </mem-info>
</gc-start>
<allocation-stats totalBytes="1733160" >
  <allocated-bytes non-tlh="32" tlh="1733128" />
  <largest-consumer threadName="main" threadId="0000000000880F00" bytes="1733160" />
</allocation-stats>
<gc-op id="2996" type="scavenge" timems="2.026" contextid="2993" timestamp="2019-08-11T07:39:28.363">
  <scavenger-info tenureage="3" tenuremask="fff8" tiltratio="57" />
  <memory-copied type="nursery" objects="6421" bytes="239992" bytesdiscarded="28728" />
  <memory-copied type="tenure" objects="546" bytes="24552" bytesdiscarded="0" />
</gc-op>
<heap-resize id="2997" type="expand" space="nursery" amount="524288" count="1" timems="0.015" reason="excessive time being spent scavenging" timestamp="2019-08-11T07:39:28.364" />
<gc-end id="2998" type="scavenge" contextid="2993" durationms="2.848" usertimems="2.622" systemtimems="1.271" timestamp="2019-08-11T07:39:28.364" activeThreads="16">
  <mem-info id="2999" free="3987950264" total="3995336704" percent="99">
    <mem type="nursery" free="2352720" total="3932160" percent="59">
      <mem type="allocate" free="2352720" total="2621440" percent="89" />
      <mem type="survivor" free="0" total="1310720" percent="0" />
    </mem>
    <mem type="tenure" free="3985597544" total="3991404544" percent="99" macro-fragmented="24600">
      <mem type="soa" free="3786056808" total="3791835136" percent="99" />
      <mem type="loa" free="199540736" total="199569408" percent="99" />
    </mem>
    <remembered-set count="698" />
  </mem-info>
</gc-end>
<cycle-end id="3000" type="scavenge" contextid="2993" timestamp="2019-08-11T07:39:28.364" />
  <attribute name="elasticGC enabled" value="1" />
  <attribute name= "numThreadsSpecified" value="16" />
  <attribute name="heapSize specified" value="-91291648" />
  <attribute name="Current GC Util" value="50" />
  <attribute name= "Current Time Running" value="59200" />
  <attribute name ="GC Interval" value="200" />
  <attribute name="ProportionalT" value="-15.000000" />
  <attribute name="ProportionalI" value="-15.000000" />
  <attribute name="ProportionalH" value="-15.000000" />
  <attribute name="Current Error" value="-30.000000" />
  <attribute name="IntegralT" value="-105.000000" />
  <attribute name="IntegralI" value="-105.000000" />
  <attribute name="IntegralH" value="-105.000000" />
  <attribute name="DerivativeT" value="-4.285714" />
  <attribute name="DerivativeI" value="-4.285714" />
  <attribute name="DerivativeH" value="-4.285714" />
  <attribute name="Loop Time for DT" value="7.000000" />
  <attribute name="Output H" value="4203675648"/>
  <attribute name="Output I" value="200"/>
  <attribute name="Output T" value="16"/>
  <attribute name="Target GC Util Change" value ="80.000000" />
  <attribute name="Current GC Util Change" value="50.000000"/>
  <attribute name="GC Util currently" value="50" />
  <attribute name="CPU Util currently" value="146656095714" />
<allocation-satisfied id="3001" threadId="0000000000880F00" bytesRequested="32" />
<af-end id="3002" timestamp="2019-08-11T07:39:28.364" threadId="0000000000881888" success="true" from="nursery"/>
<exclusive-end id="3003" timestamp="2019-08-11T07:39:28.364" durationms="3.199" />

<exclusive-start id="3004" timestamp="2019-08-11T07:39:28.373" intervalms="11.942">
  <response-info timems="0.016" idlems="0.016" threads="0" lastid="0000000000880F00" lastname="main" />
</exclusive-start>
<af-start id="3005" threadId="0000000000881888" totalBytesRequested="32" timestamp="2019-08-11T07:39:28.373" intervalms="11.951" type="nursery" />
<cycle-start id="3006" type="scavenge" contextid="0" timestamp="2019-08-11T07:39:28.373" intervalms="11.954" />
<gc-start id="3007" type="scavenge" contextid="3006" timestamp="2019-08-11T07:39:28.373">
  <mem-info id="3008" free="3985597544" total="3995336704" percent="99">
    <mem type="nursery" free="0" total="3932160" percent="0">
      <mem type="allocate" free="0" total="2621440" percent="0" />
      <mem type="survivor" free="0" total="1310720" percent="0" />
    </mem>
    <mem type="tenure" free="3985597544" total="3991404544" percent="99">
      <mem type="soa" free="3786056808" total="3791835136" percent="99" />
      <mem type="loa" free="199540736" total="199569408" percent="99" />
    </mem>
    <remembered-set count="1084" />
  </mem-info>
</gc-start>
<allocation-stats totalBytes="2352312" >
  <allocated-bytes non-tlh="32" tlh="2352280" />
  <largest-consumer threadName="main" threadId="0000000000880F00" bytes="2352312" />
</allocation-stats>
<gc-op id="3009" type="scavenge" timems="1.446" contextid="3006" timestamp="2019-08-11T07:39:28.375">
  <scavenger-info tenureage="3" tenuremask="ffe8" tiltratio="66" />
  <memory-copied type="nursery" objects="8877" bytes="331800" bytesdiscarded="46024" />
  <memory-copied type="tenure" objects="1494" bytes="53656" bytesdiscarded="112" />
</gc-op>
<heap-resize id="3010" type="expand" space="nursery" amount="262144" count="1" timems="0.012" reason="excessive time being spent scavenging" timestamp="2019-08-11T07:39:28.375" />
<gc-end id="3011" type="scavenge" contextid="3006" durationms="2.060" usertimems="3.312" systemtimems="0.000" timestamp="2019-08-11T07:39:28.375" activeThreads="16">
  <mem-info id="3012" free="3988309384" total="3995598848" percent="99">
    <mem type="nursery" free="2767904" total="4194304" percent="65">
      <mem type="allocate" free="2767904" total="3145728" percent="87" />
      <mem type="survivor" free="0" total="1048576" percent="0" />
    </mem>
    <mem type="tenure" free="3985541480" total="3991404544" percent="99" macro-fragmented="6319">
      <mem type="soa" free="3786000744" total="3791835136" percent="99" />
      <mem type="loa" free="199540736" total="199569408" percent="99" />
    </mem>
    <remembered-set count="951" />
  </mem-info>
</gc-end>
<cycle-end id="3013" type="scavenge" contextid="3006" timestamp="2019-08-11T07:39:28.375" />
  <attribute name="elasticGC enabled" value="1" />
  <attribute name= "numThreadsSpecified" value="16" />
  <attribute name="heapSize specified" value="-91291648" />
  <attribute name="Current GC Util" value="31" />
  <attribute name= "Current Time Running" value="59212" />
  <attribute name ="GC Interval" value="200" />
  <attribute name="ProportionalT" value="-24.500000" />
  <attribute name="ProportionalI" value="-24.500000" />
  <attribute name="ProportionalH" value="-24.500000" />
  <attribute name="Current Error" value="-49.000000" />
  <attribute name="IntegralT" value="-294.000000" />
  <attribute name="IntegralI" value="-294.000000" />
  <attribute name="IntegralH" value="-294.000000" />
  <attribute name="DerivativeT" value="-4.083333" />
  <attribute name="DerivativeI" value="-4.083333" />
  <attribute name="DerivativeH" value="-4.083333" />
  <attribute name="Loop Time for DT" value="12.000000" />
  <attribute name="Output H" value="4203675648"/>
  <attribute name="Output I" value="200"/>
  <attribute name="Output T" value="16"/>
  <attribute name="Target GC Util Change" value ="80.000000" />
  <attribute name="Current GC Util Change" value="31.000000"/>
  <attribute name="GC Util currently" value="31" />
  <attribute name="CPU Util currently" value="96412185357" />
<allocation-satisfied id="3014" threadId="0000000000880F00" bytesRequested="32" />
<af-end id="3015" timestamp="2019-08-11T07:39:28.375" threadId="0000000000881888" success="true" from="nursery"/>
<exclusive-end id="3016" timestamp="2019-08-11T07:39:28.375" durationms="2.300" />

<exclusive-start id="3017" timestamp="2019-08-11T07:39:28.382" intervalms="9.213">
  <response-info timems="0.028" idlems="0.028" threads="0" lastid="0000000000880F00" lastname="main" />
</exclusive-start>
<af-start id="3018" threadId="0000000000881888" totalBytesRequested="32" timestamp="2019-08-11T07:39:28.382" intervalms="9.209" type="nursery" />
<cycle-start id="3019" type="scavenge" contextid="0" timestamp="2019-08-11T07:39:28.382" intervalms="9.209" />
<gc-start id="3020" type="scavenge" contextid="3019" timestamp="2019-08-11T07:39:28.382">
  <mem-info id="3021" free="3985541480" total="3995598848" percent="99">
    <mem type="nursery" free="0" total="4194304" percent="0">
      <mem type="allocate" free="0" total="3145728" percent="0" />
      <mem type="survivor" free="0" total="1048576" percent="0" />
    </mem>
    <mem type="tenure" free="3985541480" total="3991404544" percent="99">
      <mem type="soa" free="3786000744" total="3791835136" percent="99" />
      <mem type="loa" free="199540736" total="199569408" percent="99" />
    </mem>
    <remembered-set count="1305" />
  </mem-info>
</gc-start>
<allocation-stats totalBytes="2767576" >
  <allocated-bytes non-tlh="32" tlh="2767544" />
  <largest-consumer threadName="main" threadId="0000000000880F00" bytes="2767576" />
</allocation-stats>
<gc-op id="3022" type="scavenge" timems="1.629" contextid="3019" timestamp="2019-08-11T07:39:28.384">
  <scavenger-info tenureage="3" tenuremask="ffe8" tiltratio="75" />
  <memory-copied type="nursery" objects="10297" bytes="382896" bytesdiscarded="43344" />
  <memory-copied type="tenure" objects="2068" bytes="78416" bytesdiscarded="32" />
</gc-op>
<heap-resize id="3023" type="expand" space="nursery" amount="262144" count="1" timems="0.013" reason="excessive time being spent scavenging" timestamp="2019-08-11T07:39:28.384" />
<gc-end id="3024" type="scavenge" contextid="3019" durationms="2.217" usertimems="3.837" systemtimems="0.000" timestamp="2019-08-11T07:39:28.385" activeThreads="16">
  <mem-info id="3025" free="3988582760" total="3995860992" percent="99">
    <mem type="nursery" free="3112704" total="4456448" percent="69">
      <mem type="allocate" free="3112704" total="3538944" percent="87" />
      <mem type="survivor" free="0" total="917504" percent="0" />
    </mem>
    <mem type="tenure" free="3985470056" total="3991404544" percent="99" macro-fragmented="4479464">
      <mem type="soa" free="3785929320" total="3791835136" percent="99" />
      <mem type="loa" free="199540736" total="199569408" percent="99" />
    </mem>
    <remembered-set count="1123" />
  </mem-info>
</gc-end>
<cycle-end id="3026" type="scavenge" contextid="3019" timestamp="2019-08-11T07:39:28.385" />
  <attribute name="elasticGC enabled" value="1" />
  <attribute name= "numThreadsSpecified" value="16" />
  <attribute name="heapSize specified" value="-91291648" />
  <attribute name="Current GC Util" value="35" />
  <attribute name= "Current Time Running" value="59222" />
  <attribute name ="GC Interval" value="200" />
  <attribute name="ProportionalT" value="-22.500000" />
  <attribute name="ProportionalI" value="-22.500000" />
  <attribute name="ProportionalH" value="-22.500000" />
  <attribute name="Current Error" value="-45.000000" />
  <attribute name="IntegralT" value="-225.000000" />
  <attribute name="IntegralI" value="-225.000000" />
  <attribute name="IntegralH" value="-225.000000" />
  <attribute name="DerivativeT" value="-4.500000" />
  <attribute name="DerivativeI" value="-4.500000" />
  <attribute name="DerivativeH" value="-4.500000" />
  <attribute name="Loop Time for DT" value="10.000000" />
  <attribute name="Output H" value="4203675648"/>
  <attribute name="Output I" value="200"/>
  <attribute name="Output T" value="16"/>
  <attribute name="Target GC Util Change" value ="80.000000" />
  <attribute name="Current GC Util Change" value="35.000000"/>
  <attribute name="GC Util currently" value="35" />
  <attribute name="CPU Util currently" value="125200600394" />
<allocation-satisfied id="3027" threadId="0000000000880F00" bytesRequested="32" />
<af-end id="3028" timestamp="2019-08-11T07:39:28.385" threadId="0000000000881888" success="true" from="nursery"/>
<exclusive-end id="3029" timestamp="2019-08-11T07:39:28.385" durationms="2.439" />

<exclusive-start id="3030" timestamp="2019-08-11T07:39:28.404" intervalms="21.918">
  <response-info timems="0.040" idlems="0.040" threads="0" lastid="0000000000880F00" lastname="main" />
</exclusive-start>
<af-start id="3031" threadId="0000000000881888" totalBytesRequested="56" timestamp="2019-08-11T07:39:28.404" intervalms="21.937" type="nursery" />
<cycle-start id="3032" type="scavenge" contextid="0" timestamp="2019-08-11T07:39:28.404" intervalms="21.944" />
<gc-start id="3033" type="scavenge" contextid="3032" timestamp="2019-08-11T07:39:28.404">
  <mem-info id="3034" free="3985470056" total="3995860992" percent="99">
    <mem type="nursery" free="0" total="4456448" percent="0">
      <mem type="allocate" free="0" total="3538944" percent="0" />
      <mem type="survivor" free="0" total="917504" percent="0" />
    </mem>
    <mem type="tenure" free="3985470056" total="3991404544" percent="99">
      <mem type="soa" free="3785929320" total="3791835136" percent="99" />
      <mem type="loa" free="199540736" total="199569408" percent="99" />
    </mem>
    <remembered-set count="1389" />
  </mem-info>
</gc-start>
<allocation-stats totalBytes="3112208" >
  <allocated-bytes non-tlh="32" tlh="3112176" />
  <largest-consumer threadName="main" threadId="0000000000880F00" bytes="3112208" />
</allocation-stats>
<gc-op id="3035" type="scavenge" timems="1.313" contextid="3032" timestamp="2019-08-11T07:39:28.406">
  <scavenger-info tenureage="5" tenuremask="ffe0" tiltratio="79" />
  <memory-copied type="nursery" objects="16355" bytes="665192" bytesdiscarded="56744" />
</gc-op>
<gc-end id="3036" type="scavenge" contextid="3032" durationms="1.814" usertimems="4.039" systemtimems="0.000" timestamp="2019-08-11T07:39:28.406" activeThreads="16">
  <mem-info id="3037" free="3988090456" total="3995860992" percent="99">
    <mem type="nursery" free="2620400" total="4456448" percent="58">
      <mem type="allocate" free="2620400" total="3342336" percent="78" />
      <mem type="survivor" free="0" total="1114112" percent="0" />
    </mem>
    <mem type="tenure" free="3985470056" total="3991404544" percent="99" macro-fragmented="0">
      <mem type="soa" free="3785929320" total="3791835136" percent="99" />
      <mem type="loa" free="199540736" total="199569408" percent="99" />
    </mem>
    <remembered-set count="1386" />
  </mem-info>
</gc-end>
<cycle-end id="3038" type="scavenge" contextid="3032" timestamp="2019-08-11T07:39:28.406" />
  <attribute name="elasticGC enabled" value="1" />
  <attribute name= "numThreadsSpecified" value="16" />
  <attribute name="heapSize specified" value="-91291648" />
  <attribute name="Current GC Util" value="17" />
  <attribute name= "Current Time Running" value="59244" />
  <attribute name ="GC Interval" value="200" />
  <attribute name="ProportionalT" value="-31.500000" />
  <attribute name="ProportionalI" value="-31.500000" />
  <attribute name="ProportionalH" value="-31.500000" />
  <attribute name="Current Error" value="-63.000000" />
  <attribute name="IntegralT" value="-693.000000" />
  <attribute name="IntegralI" value="-693.000000" />
  <attribute name="IntegralH" value="-693.000000" />
  <attribute name="DerivativeT" value="-2.863636" />
  <attribute name="DerivativeI" value="-2.863636" />
  <attribute name="DerivativeH" value="-2.863636" />
  <attribute name="Loop Time for DT" value="22.000000" />
  <attribute name="Output H" value="4203675648"/>
  <attribute name="Output I" value="200"/>
  <attribute name="Output T" value="16"/>
  <attribute name="Target GC Util Change" value ="80.000000" />
  <attribute name="Current GC Util Change" value="17.000000"/>
  <attribute name="GC Util currently" value="17" />
  <attribute name="CPU Util currently" value="52530542932" />
<allocation-satisfied id="3039" threadId="0000000000880F00" bytesRequested="56" />
<af-end id="3040" timestamp="2019-08-11T07:39:28.406" threadId="0000000000881888" success="true" from="nursery"/>
<exclusive-end id="3041" timestamp="2019-08-11T07:39:28.406" durationms="2.061" />

<exclusive-start id="3042" timestamp="2019-08-11T07:39:28.452" intervalms="47.973">
  <response-info timems="0.044" idlems="0.044" threads="0" lastid="0000000000880F00" lastname="main" />
</exclusive-start>
<af-start id="3043" threadId="0000000000881888" totalBytesRequested="200008" timestamp="2019-08-11T07:39:28.452" intervalms="47.998" type="nursery" />
<cycle-start id="3044" type="scavenge" contextid="0" timestamp="2019-08-11T07:39:28.452" intervalms="48.007" />
<gc-start id="3045" type="scavenge" contextid="3044" timestamp="2019-08-11T07:39:28.452">
  <mem-info id="3046" free="3985523968" total="3995860992" percent="99">
    <mem type="nursery" free="195568" total="4456448" percent="4">
      <mem type="allocate" free="195568" total="3342336" percent="5" />
      <mem type="survivor" free="0" total="1114112" percent="0" />
    </mem>
    <mem type="tenure" free="3985328400" total="3991404544" percent="99">
      <mem type="soa" free="3785787664" total="3791835136" percent="99" />
      <mem type="loa" free="199540736" total="199569408" percent="99" />
    </mem>
    <remembered-set count="3764" />
  </mem-info>
</gc-start>
<allocation-stats totalBytes="2548976" >
  <allocated-bytes non-tlh="141712" tlh="2407264" />
  <largest-consumer threadName="main" threadId="0000000000880F00" bytes="2548976" />
</allocation-stats>
<gc-op id="3047" type="scavenge" timems="2.755" contextid="3044" timestamp="2019-08-11T07:39:28.455">
  <scavenger-info tenureage="5" tenuremask="ffe0" tiltratio="75" />
  <memory-copied type="nursery" objects="19381" bytes="796680" bytesdiscarded="101760" />
  <references type="soft" candidates="57" cleared="0" enqueued="0" dynamicThreshold="31" maxThreshold="32" />
  <references type="weak" candidates="123" cleared="29" enqueued="20" />
  <references type="phantom" candidates="1" cleared="0" enqueued="0" />
</gc-op>
<gc-end id="3048" type="scavenge" contextid="3044" durationms="3.465" usertimems="10.492" systemtimems="0.000" timestamp="2019-08-11T07:39:28.456" activeThreads="16">
  <mem-info id="3049" free="3987772160" total="3995860992" percent="99">
    <mem type="nursery" free="2443760" total="4456448" percent="54">
      <mem type="allocate" free="2443760" total="3342336" percent="73" />
      <mem type="survivor" free="0" total="1114112" percent="0" />
    </mem>
    <mem type="tenure" free="3985328400" total="3991404544" percent="99" macro-fragmented="140211">
      <mem type="soa" free="3785787664" total="3791835136" percent="99" />
      <mem type="loa" free="199540736" total="199569408" percent="99" />
    </mem>
    <pending-finalizers system="0" default="0" reference="20" classloader="0" />
    <remembered-set count="3745" />
  </mem-info>
</gc-end>
<cycle-end id="3050" type="scavenge" contextid="3044" timestamp="2019-08-11T07:39:28.456" />
  <attribute name="elasticGC enabled" value="1" />
  <attribute name= "numThreadsSpecified" value="16" />
  <attribute name="heapSize specified" value="-91291648" />
  <attribute name="Current GC Util" value="8" />
  <attribute name= "Current Time Running" value="59292" />
  <attribute name ="GC Interval" value="200" />
  <attribute name="ProportionalT" value="-36.000000" />
  <attribute name="ProportionalI" value="-36.000000" />
  <attribute name="ProportionalH" value="-36.000000" />
  <attribute name="Current Error" value="-72.000000" />
  <attribute name="IntegralT" value="-1728.000000" />
  <attribute name="IntegralI" value="-1728.000000" />
  <attribute name="IntegralH" value="-1728.000000" />
  <attribute name="DerivativeT" value="-1.500000" />
  <attribute name="DerivativeI" value="-1.500000" />
  <attribute name="DerivativeH" value="-1.500000" />
  <attribute name="Loop Time for DT" value="48.000000" />
  <attribute name="Output H" value="4203675648"/>
  <attribute name="Output I" value="200"/>
  <attribute name="Output T" value="16"/>
  <attribute name="Target GC Util Change" value ="80.000000" />
  <attribute name="Current GC Util Change" value="8.000000"/>
  <attribute name="GC Util currently" value="8" />
  <attribute name="CPU Util currently" value="24005187848" />
<allocation-satisfied id="3051" threadId="0000000000880F00" bytesRequested="200008" />
<af-end id="3052" timestamp="2019-08-11T07:39:28.456" threadId="0000000000881888" success="true" from="nursery"/>
<exclusive-end id="3053" timestamp="2019-08-11T07:39:28.456" durationms="3.869" />

<exclusive-start id="3054" timestamp="2019-08-11T07:39:28.474" intervalms="21.625">
  <response-info timems="0.036" idlems="0.036" threads="0" lastid="0000000000880F00" lastname="main" />
</exclusive-start>
<af-start id="3055" threadId="0000000000881888" totalBytesRequested="40" timestamp="2019-08-11T07:39:28.474" intervalms="21.596" type="nursery" />
<cycle-start id="3056" type="scavenge" contextid="0" timestamp="2019-08-11T07:39:28.474" intervalms="21.602" />
<gc-start id="3057" type="scavenge" contextid="3056" timestamp="2019-08-11T07:39:28.474">
  <mem-info id="3058" free="3985328400" total="3995860992" percent="99">
    <mem type="nursery" free="0" total="4456448" percent="0">
      <mem type="allocate" free="0" total="3342336" percent="0" />
      <mem type="survivor" free="0" total="1114112" percent="0" />
    </mem>
    <mem type="tenure" free="3985328400" total="3991404544" percent="99">
      <mem type="soa" free="3785787664" total="3791835136" percent="99" />
      <mem type="loa" free="199540736" total="199569408" percent="99" />
    </mem>
    <remembered-set count="3747" />
  </mem-info>
</gc-start>
<allocation-stats totalBytes="2443536" >
  <allocated-bytes non-tlh="265552" tlh="2177984" />
  <largest-consumer threadName="main" threadId="0000000000880F00" bytes="2439440" />
</allocation-stats>
<gc-op id="3059" type="scavenge" timems="2.121" contextid="3056" timestamp="2019-08-11T07:39:28.476">
  <scavenger-info tenureage="4" tenuremask="fff0" tiltratio="75" />
  <memory-copied type="nursery" objects="16018" bytes="1010016" bytesdiscarded="103992" />
  <memory-copied type="tenure" objects="8316" bytes="299712" bytesdiscarded="272" />
  <copy-failed type="nursery" objects="2097" bytes="62440" />
  <references type="soft" candidates="57" cleared="0" enqueued="0" dynamicThreshold="31" maxThreshold="32" />
  <references type="weak" candidates="94" cleared="0" enqueued="0" />
  <references type="phantom" candidates="1" cleared="0" enqueued="0" />
</gc-op>
<heap-resize id="3060" type="expand" space="nursery" amount="262144" count="1" timems="0.012" reason="excessive time being spent scavenging" timestamp="2019-08-11T07:39:28.476" />
<gc-end id="3061" type="scavenge" contextid="3056" durationms="2.713" usertimems="6.312" systemtimems="0.000" timestamp="2019-08-11T07:39:28.477" activeThreads="16">
  <mem-info id="3062" free="3986867728" total="3996123136" percent="99">
    <mem type="nursery" free="1835008" total="4718592" percent="38">
      <mem type="allocate" free="1835008" total="2949120" percent="62" />
      <mem type="survivor" free="0" total="1769472" percent="0" />
    </mem>
    <mem type="tenure" free="3985032720" total="3991404544" percent="99" macro-fragmented="1500163">
      <mem type="soa" free="3785491984" total="3791835136" percent="99" />
      <mem type="loa" free="199540736" total="199569408" percent="99" />
    </mem>
    <remembered-set count="3550" />
  </mem-info>
</gc-end>
<cycle-end id="3063" type="scavenge" contextid="3056" timestamp="2019-08-11T07:39:28.477" />
  <attribute name="elasticGC enabled" value="1" />
  <attribute name= "numThreadsSpecified" value="16" />
  <attribute name="heapSize specified" value="-91291648" />
  <attribute name="Current GC Util" value="35" />
  <attribute name= "Current Time Running" value="59313" />
  <attribute name ="GC Interval" value="200" />
  <attribute name="ProportionalT" value="-22.500000" />
  <attribute name="ProportionalI" value="-22.500000" />
  <attribute name="ProportionalH" value="-22.500000" />
  <attribute name="Current Error" value="-45.000000" />
  <attribute name="IntegralT" value="-472.500000" />
  <attribute name="IntegralI" value="-472.500000" />
  <attribute name="IntegralH" value="-472.500000" />
  <attribute name="DerivativeT" value="-2.142857" />
  <attribute name="DerivativeI" value="-2.142857" />
  <attribute name="DerivativeH" value="-2.142857" />
  <attribute name="Loop Time for DT" value="21.000000" />
  <attribute name="Output H" value="4203675648"/>
  <attribute name="Output I" value="200"/>
  <attribute name="Output T" value="16"/>
  <attribute name="Target GC Util Change" value ="80.000000" />
  <attribute name="Current GC Util Change" value="35.000000"/>
  <attribute name="GC Util currently" value="35" />
  <attribute name="CPU Util currently" value="53448467428" />
<allocation-satisfied id="3064" threadId="0000000000880F00" bytesRequested="40" />
<af-end id="3065" timestamp="2019-08-11T07:39:28.477" threadId="0000000000881888" success="true" from="nursery"/>
<exclusive-end id="3066" timestamp="2019-08-11T07:39:28.477" durationms="2.970" />

<exclusive-start id="3067" timestamp="2019-08-11T07:39:28.483" intervalms="9.426">
  <response-info timems="0.099" idlems="0.099" threads="0" lastid="0000000000880F00" lastname="main" />
</exclusive-start>
<af-start id="3068" threadId="0000000000881888" totalBytesRequested="48" timestamp="2019-08-11T07:39:28.483" intervalms="9.413" type="nursery" />
<cycle-start id="3069" type="scavenge" contextid="0" timestamp="2019-08-11T07:39:28.483" intervalms="9.416" />
<gc-start id="3070" type="scavenge" contextid="3069" timestamp="2019-08-11T07:39:28.483">
  <mem-info id="3071" free="3985032720" total="3996123136" percent="99">
    <mem type="nursery" free="0" total="4718592" percent="0">
      <mem type="allocate" free="0" total="2949120" percent="0" />
      <mem type="survivor" free="0" total="1769472" percent="0" />
    </mem>
    <mem type="tenure" free="3985032720" total="3991404544" percent="99">
      <mem type="soa" free="3785491984" total="3791835136" percent="99" />
      <mem type="loa" free="199540736" total="199569408" percent="99" />
    </mem>
    <remembered-set count="3550" />
  </mem-info>
</gc-start>
<allocation-stats totalBytes="1834768" >
  <allocated-bytes non-tlh="40" tlh="1834728" />
  <largest-consumer threadName="main" threadId="0000000000880F00" bytes="1834768" />
</allocation-stats>
<gc-op id="3072" type="scavenge" timems="2.024" contextid="3069" timestamp="2019-08-11T07:39:28.485">
  <scavenger-info tenureage="3" tenuremask="7018" tiltratio="62" />
  <memory-copied type="nursery" objects="14900" bytes="974864" bytesdiscarded="179072" />
  <memory-copied type="tenure" objects="4730" bytes="176528" bytesdiscarded="40" />
  <references type="soft" candidates="57" cleared="0" enqueued="0" dynamicThreshold="31" maxThreshold="32" />
  <references type="weak" candidates="94" cleared="0" enqueued="0" />
  <references type="phantom" candidates="1" cleared="0" enqueued="0" />
</gc-op>
<heap-resize id="3073" type="expand" space="nursery" amount="524288" count="1" timems="0.015" reason="excessive time being spent scavenging" timestamp="2019-08-11T07:39:28.486" />
<gc-end id="3074" type="scavenge" contextid="3069" durationms="2.710" usertimems="5.917" systemtimems="0.000" timestamp="2019-08-11T07:39:28.486" activeThreads="16">
  <mem-info id="3075" free="3987148568" total="3996647424" percent="99">
    <mem type="nursery" free="2319368" total="5242880" percent="44">
      <mem type="allocate" free="2319368" total="3473408" percent="66" />
      <mem type="survivor" free="0" total="1769472" percent="0" />
    </mem>
    <mem type="tenure" free="3984829200" total="3991404544" percent="99" macro-fragmented="0">
      <mem type="soa" free="3785288464" total="3791835136" percent="99" />
      <mem type="loa" free="199540736" total="199569408" percent="99" />
    </mem>
    <remembered-set count="356" />
  </mem-info>
</gc-end>
<cycle-end id="3076" type="scavenge" contextid="3069" timestamp="2019-08-11T07:39:28.486" />
  <attribute name="elasticGC enabled" value="1" />
  <attribute name= "numThreadsSpecified" value="16" />
  <attribute name="heapSize specified" value="-91291648" />
  <attribute name="Current GC Util" value="66" />
  <attribute name= "Current Time Running" value="59323" />
  <attribute name ="GC Interval" value="200" />
  <attribute name="ProportionalT" value="-7.000000" />
  <attribute name="ProportionalI" value="-7.000000" />
  <attribute name="ProportionalH" value="-7.000000" />
  <attribute name="Current Error" value="-14.000000" />
  <attribute name="IntegralT" value="-70.000000" />
  <attribute name="IntegralI" value="-70.000000" />
  <attribute name="IntegralH" value="-70.000000" />
  <attribute name="DerivativeT" value="-1.400000" />
  <attribute name="DerivativeI" value="-1.400000" />
  <attribute name="DerivativeH" value="-1.400000" />
  <attribute name="Loop Time for DT" value="10.000000" />
  <attribute name="Output H" value="4203675648"/>
  <attribute name="Output I" value="200"/>
  <attribute name="Output T" value="16"/>
  <attribute name="Target GC Util Change" value ="80.000000" />
  <attribute name="Current GC Util Change" value="66.000000"/>
  <attribute name="GC Util currently" value="66" />
  <attribute name="CPU Util currently" value="122114322837" />
<allocation-satisfied id="3077" threadId="0000000000880F00" bytesRequested="48" />
<af-end id="3078" timestamp="2019-08-11T07:39:28.486" threadId="0000000000881888" success="true" from="nursery"/>
<exclusive-end id="3079" timestamp="2019-08-11T07:39:28.486" durationms="2.967" />

<exclusive-start id="3080" timestamp="2019-08-11T07:39:28.505" intervalms="22.001">
  <response-info timems="0.042" idlems="0.042" threads="0" lastid="0000000000880F00" lastname="main" />
</exclusive-start>
<af-start id="3081" threadId="0000000000881888" totalBytesRequested="31848" timestamp="2019-08-11T07:39:28.505" intervalms="22.002" type="nursery" />
<cycle-start id="3082" type="scavenge" contextid="0" timestamp="2019-08-11T07:39:28.505" intervalms="22.002" />
<gc-start id="3083" type="scavenge" contextid="3082" timestamp="2019-08-11T07:39:28.505">
  <mem-info id="3084" free="3984829160" total="3996647424" percent="99">
    <mem type="nursery" free="0" total="5242880" percent="0">
      <mem type="allocate" free="0" total="3473408" percent="0" />
      <mem type="survivor" free="0" total="1769472" percent="0" />
    </mem>
    <mem type="tenure" free="3984829160" total="3991404544" percent="99">
      <mem type="soa" free="3785288424" total="3791835136" percent="99" />
      <mem type="loa" free="199540736" total="199569408" percent="99" />
    </mem>
    <remembered-set count="358" />
  </mem-info>
</gc-start>
<allocation-stats totalBytes="2284528" >
  <allocated-bytes non-tlh="88" tlh="2284440" />
  <largest-consumer threadName="main" threadId="0000000000880F00" bytes="2284528" />
</allocation-stats>
<gc-op id="3085" type="scavenge" timems="1.867" contextid="3082" timestamp="2019-08-11T07:39:28.507">
  <scavenger-info tenureage="2" tenuremask="700c" tiltratio="66" />
  <memory-copied type="nursery" objects="28" bytes="32840" bytesdiscarded="15136" />
  <memory-copied type="tenure" objects="6797" bytes="370656" bytesdiscarded="440" />
</gc-op>
<heap-resize id="3086" type="expand" space="nursery" amount="262144" count="1" timems="0.015" reason="excessive time being spent scavenging" timestamp="2019-08-11T07:39:28.508" />
<gc-end id="3087" type="scavenge" contextid="3082" durationms="2.663" usertimems="6.885" systemtimems="0.000" timestamp="2019-08-11T07:39:28.508" activeThreads="16">
  <mem-info id="3088" free="3988283552" total="3996909568" percent="99">
    <mem type="nursery" free="3818648" total="5505024" percent="69">
      <mem type="allocate" free="3818648" total="3866624" percent="98" />
      <mem type="survivor" free="0" total="1638400" percent="0" />
    </mem>
    <mem type="tenure" free="3984464904" total="3991404544" percent="99" macro-fragmented="0">
      <mem type="soa" free="3784924168" total="3791835136" percent="99" />
      <mem type="loa" free="199540736" total="199569408" percent="99" />
    </mem>
    <remembered-set count="112" />
  </mem-info>
</gc-end>
<cycle-end id="3089" type="scavenge" contextid="3082" timestamp="2019-08-11T07:39:28.508" />
  <attribute name="elasticGC enabled" value="1" />
  <attribute name= "numThreadsSpecified" value="16" />
  <attribute name="heapSize specified" value="-91291648" />
  <attribute name="Current GC Util" value="26" />
  <attribute name= "Current Time Running" value="59345" />
  <attribute name ="GC Interval" value="200" />
  <attribute name="ProportionalT" value="-27.000000" />
  <attribute name="ProportionalI" value="-27.000000" />
  <attribute name="ProportionalH" value="-27.000000" />
  <attribute name="Current Error" value="-54.000000" />
  <attribute name="IntegralT" value="-594.000000" />
  <attribute name="IntegralI" value="-594.000000" />
  <attribute name="IntegralH" value="-594.000000" />
  <attribute name="DerivativeT" value="-2.454545" />
  <attribute name="DerivativeI" value="-2.454545" />
  <attribute name="DerivativeH" value="-2.454545" />
  <attribute name="Loop Time for DT" value="22.000000" />
  <attribute name="Output H" value="4203675648"/>
  <attribute name="Output I" value="200"/>
  <attribute name="Output T" value="16"/>
  <attribute name="Target GC Util Change" value ="80.000000" />
  <attribute name="Current GC Util Change" value="26.000000"/>
  <attribute name="GC Util currently" value="26" />
  <attribute name="CPU Util currently" value="52336022759" />
<allocation-satisfied id="3090" threadId="0000000000880F00" bytesRequested="31848" />
<af-end id="3091" timestamp="2019-08-11T07:39:28.508" threadId="0000000000881888" success="true" from="nursery"/>
<exclusive-end id="3092" timestamp="2019-08-11T07:39:28.508" durationms="2.988" />

<exclusive-start id="3093" timestamp="2019-08-11T07:39:28.537" intervalms="31.767">
  <response-info timems="0.043" idlems="0.043" threads="0" lastid="0000000000880F00" lastname="main" />
</exclusive-start>
<af-start id="3094" threadId="0000000000881888" totalBytesRequested="40" timestamp="2019-08-11T07:39:28.537" intervalms="31.801" type="nursery" />
<cycle-start id="3095" type="scavenge" contextid="0" timestamp="2019-08-11T07:39:28.537" intervalms="31.797" />
<gc-start id="3096" type="scavenge" contextid="3095" timestamp="2019-08-11T07:39:28.537">
  <mem-info id="3097" free="3984445312" total="3996909568" percent="99">
    <mem type="nursery" free="0" total="5505024" percent="0">
      <mem type="allocate" free="0" total="3866624" percent="0" />
      <mem type="survivor" free="0" total="1638400" percent="0" />
    </mem>
    <mem type="tenure" free="3984445312" total="3991404544" percent="99">
      <mem type="soa" free="3784904576" total="3791835136" percent="99" />
      <mem type="loa" free="199540736" total="199569408" percent="99" />
    </mem>
    <remembered-set count="233" />
  </mem-info>
</gc-start>
<allocation-stats totalBytes="3837200" >
  <allocated-bytes non-tlh="251448" tlh="3585752" />
  <largest-consumer threadName="main" threadId="0000000000880F00" bytes="3837200" />
</allocation-stats>
<gc-op id="3098" type="scavenge" timems="2.169" contextid="3095" timestamp="2019-08-11T07:39:28.539">
  <scavenger-info tenureage="5" tenuremask="ffe0" tiltratio="70" />
  <memory-copied type="nursery" objects="6723" bytes="600248" bytesdiscarded="159712" />
  <references type="soft" candidates="32" cleared="0" enqueued="0" dynamicThreshold="31" maxThreshold="32" />
  <references type="weak" candidates="8" cleared="2" enqueued="2" />
  <references type="phantom" candidates="1" cleared="0" enqueued="0" />
</gc-op>
<gc-end id="3099" type="scavenge" contextid="3095" durationms="2.880" usertimems="8.073" systemtimems="0.000" timestamp="2019-08-11T07:39:28.540" activeThreads="16">
  <mem-info id="3100" free="3987682992" total="3996909568" percent="99">
    <mem type="nursery" free="3237680" total="5505024" percent="58">
      <mem type="allocate" free="3237680" total="3997696" percent="80" />
      <mem type="survivor" free="0" total="1507328" percent="0" />
    </mem>
    <mem type="tenure" free="3984445312" total="3991404544" percent="99" macro-fragmented="0">
      <mem type="soa" free="3784904576" total="3791835136" percent="99" />
      <mem type="loa" free="199540736" total="199569408" percent="99" />
    </mem>
    <pending-finalizers system="0" default="0" reference="2" classloader="0" />
    <remembered-set count="233" />
  </mem-info>
</gc-end>
<cycle-end id="3101" type="scavenge" contextid="3095" timestamp="2019-08-11T07:39:28.540" />
  <attribute name="elasticGC enabled" value="1" />
  <attribute name= "numThreadsSpecified" value="16" />
  <attribute name="heapSize specified" value="-91291648" />
  <attribute name="Current GC Util" value="14" />
  <attribute name= "Current Time Running" value="59376" />
  <attribute name ="GC Interval" value="200" />
  <attribute name="ProportionalT" value="-33.000000" />
  <attribute name="ProportionalI" value="-33.000000" />
  <attribute name="ProportionalH" value="-33.000000" />
  <attribute name="Current Error" value="-66.000000" />
  <attribute name="IntegralT" value="-1023.000000" />
  <attribute name="IntegralI" value="-1023.000000" />
  <attribute name="IntegralH" value="-1023.000000" />
  <attribute name="DerivativeT" value="-2.129032" />
  <attribute name="DerivativeI" value="-2.129032" />
  <attribute name="DerivativeH" value="-2.129032" />
  <attribute name="Loop Time for DT" value="31.000000" />
  <attribute name="Output H" value="4203675648"/>
  <attribute name="Output I" value="200"/>
  <attribute name="Output T" value="16"/>
  <attribute name="Target GC Util Change" value ="80.000000" />
  <attribute name="Current GC Util Change" value="14.000000"/>
  <attribute name="GC Util currently" value="14" />
  <attribute name="CPU Util currently" value="36260661071" />
<allocation-satisfied id="3102" threadId="0000000000880F00" bytesRequested="40" />
<af-end id="3103" timestamp="2019-08-11T07:39:28.540" threadId="0000000000881888" success="true" from="nursery"/>
<exclusive-end id="3104" timestamp="2019-08-11T07:39:28.540" durationms="3.205" />

<exclusive-start id="3105" timestamp="2019-08-11T07:39:28.570" intervalms="33.250">
  <response-info timems="0.039" idlems="0.039" threads="0" lastid="0000000000880F00" lastname="main" />
</exclusive-start>
<af-start id="3106" threadId="0000000000881888" totalBytesRequested="48" timestamp="2019-08-11T07:39:28.570" intervalms="33.220" type="nursery" />
<cycle-start id="3107" type="scavenge" contextid="0" timestamp="2019-08-11T07:39:28.570" intervalms="33.226" />
<gc-start id="3108" type="scavenge" contextid="3107" timestamp="2019-08-11T07:39:28.570">
  <mem-info id="3109" free="3984430136" total="3996909568" percent="99">
    <mem type="nursery" free="0" total="5505024" percent="0">
      <mem type="allocate" free="0" total="3997696" percent="0" />
      <mem type="survivor" free="0" total="1507328" percent="0" />
    </mem>
    <mem type="tenure" free="3984430136" total="3991404544" percent="99">
      <mem type="soa" free="3784889400" total="3791835136" percent="99" />
      <mem type="loa" free="199540736" total="199569408" percent="99" />
    </mem>
    <remembered-set count="285" />
  </mem-info>
</gc-start>
<allocation-stats totalBytes="3252272" >
  <allocated-bytes non-tlh="215224" tlh="3037048" />
  <largest-consumer threadName="main" threadId="0000000000880F00" bytes="3248176" />
</allocation-stats>
<gc-op id="3110" type="scavenge" timems="2.195" contextid="3107" timestamp="2019-08-11T07:39:28.573">
  <scavenger-info tenureage="2" tenuremask="6004" tiltratio="72" />
  <memory-copied type="nursery" objects="5530" bytes="579192" bytesdiscarded="99992" />
  <memory-copied type="tenure" objects="28" bytes="32840" bytesdiscarded="0" />
  <references type="soft" candidates="33" cleared="0" enqueued="0" dynamicThreshold="31" maxThreshold="32" />
  <references type="weak" candidates="4" cleared="0" enqueued="0" />
  <references type="phantom" candidates="1" cleared="0" enqueued="0" />
</gc-op>
<gc-end id="3111" type="scavenge" contextid="3107" durationms="2.826" usertimems="6.901" systemtimems="0.000" timestamp="2019-08-11T07:39:28.573" activeThreads="16">
  <mem-info id="3112" free="3987847792" total="3996909568" percent="99">
    <mem type="nursery" free="3449504" total="5505024" percent="62">
      <mem type="allocate" free="3449504" total="4128768" percent="83" />
      <mem type="survivor" free="0" total="1376256" percent="0" />
    </mem>
    <mem type="tenure" free="3984398288" total="3991404544" percent="99" macro-fragmented="1048608">
      <mem type="soa" free="3784857552" total="3791835136" percent="99" />
      <mem type="loa" free="199540736" total="199569408" percent="99" />
    </mem>
    <remembered-set count="267" />
  </mem-info>
</gc-end>
<cycle-end id="3113" type="scavenge" contextid="3107" timestamp="2019-08-11T07:39:28.573" />
  <attribute name="elasticGC enabled" value="1" />
  <attribute name= "numThreadsSpecified" value="16" />
  <attribute name="heapSize specified" value="-91291648" />
  <attribute name="Current GC Util" value="16" />
  <attribute name= "Current Time Running" value="59410" />
  <attribute name ="GC Interval" value="200" />
  <attribute name="ProportionalT" value="-32.000000" />
  <attribute name="ProportionalI" value="-32.000000" />
  <attribute name="ProportionalH" value="-32.000000" />
  <attribute name="Current Error" value="-64.000000" />
  <attribute name="IntegralT" value="-1088.000000" />
  <attribute name="IntegralI" value="-1088.000000" />
  <attribute name="IntegralH" value="-1088.000000" />
  <attribute name="DerivativeT" value="-1.882353" />
  <attribute name="DerivativeI" value="-1.882353" />
  <attribute name="DerivativeH" value="-1.882353" />
  <attribute name="Loop Time for DT" value="34.000000" />
  <attribute name="Output H" value="4203675648"/>
  <attribute name="Output I" value="200"/>
  <attribute name="Output T" value="16"/>
  <attribute name="Target GC Util Change" value ="80.000000" />
  <attribute name="Current GC Util Change" value="16.000000"/>
  <attribute name="GC Util currently" value="16" />
  <attribute name="CPU Util currently" value="34730234424" />
<allocation-satisfied id="3114" threadId="0000000000880F00" bytesRequested="48" />
<af-end id="3115" timestamp="2019-08-11T07:39:28.573" threadId="0000000000881888" success="true" from="nursery"/>
<exclusive-end id="3116" timestamp="2019-08-11T07:39:28.573" durationms="3.097" />

<exclusive-start id="3117" timestamp="2019-08-11T07:39:28.585" intervalms="15.303">
  <response-info timems="0.017" idlems="0.017" threads="0" lastid="0000000000880F00" lastname="main" />
</exclusive-start>
<af-start id="3118" threadId="0000000000881888" totalBytesRequested="24" timestamp="2019-08-11T07:39:28.586" intervalms="15.299" type="nursery" />
<cycle-start id="3119" type="scavenge" contextid="0" timestamp="2019-08-11T07:39:28.586" intervalms="15.303" />
<gc-start id="3120" type="scavenge" contextid="3119" timestamp="2019-08-11T07:39:28.586">
  <mem-info id="3121" free="3984395744" total="3996909568" percent="99">
    <mem type="nursery" free="0" total="5505024" percent="0">
      <mem type="allocate" free="0" total="4128768" percent="0" />
      <mem type="survivor" free="0" total="1376256" percent="0" />
    </mem>
    <mem type="tenure" free="3984395744" total="3991404544" percent="99">
      <mem type="soa" free="3784855008" total="3791835136" percent="99" />
      <mem type="loa" free="199540736" total="199569408" percent="99" />
    </mem>
    <remembered-set count="310" />
  </mem-info>
</gc-start>
<allocation-stats totalBytes="3451624" >
  <allocated-bytes non-tlh="2592" tlh="3449032" />
  <largest-consumer threadName="main" threadId="0000000000880F00" bytes="3451624" />
</allocation-stats>
<gc-op id="3122" type="scavenge" timems="2.570" contextid="3119" timestamp="2019-08-11T07:39:28.588">
  <scavenger-info tenureage="13" tenuremask="6000" tiltratio="75" />
  <memory-copied type="nursery" objects="9331" bytes="748208" bytesdiscarded="150856" />
  <references type="soft" candidates="33" cleared="0" enqueued="0" dynamicThreshold="31" maxThreshold="32" />
  <references type="weak" candidates="24" cleared="0" enqueued="0" />
  <references type="phantom" candidates="1" cleared="0" enqueued="0" />
</gc-op>
<heap-resize id="3123" type="expand" space="nursery" amount="524288" count="1" timems="0.012" reason="excessive time being spent scavenging" timestamp="2019-08-11T07:39:28.589" />
<gc-end id="3124" type="scavenge" contextid="3119" durationms="3.222" usertimems="6.628" systemtimems="0.000" timestamp="2019-08-11T07:39:28.589" activeThreads="16">
  <mem-info id="3125" free="3988084104" total="3997433856" percent="99">
    <mem type="nursery" free="3688360" total="6029312" percent="61">
      <mem type="allocate" free="3688360" total="4587520" percent="80" />
      <mem type="survivor" free="0" total="1441792" percent="0" />
    </mem>
    <mem type="tenure" free="3984395744" total="3991404544" percent="99" macro-fragmented="6450429">
      <mem type="soa" free="3784855008" total="3791835136" percent="99" />
      <mem type="loa" free="199540736" total="199569408" percent="99" />
    </mem>
    <remembered-set count="196" />
  </mem-info>
</gc-end>
<cycle-end id="3126" type="scavenge" contextid="3119" timestamp="2019-08-11T07:39:28.589" />
  <attribute name="elasticGC enabled" value="1" />
  <attribute name= "numThreadsSpecified" value="16" />
  <attribute name="heapSize specified" value="-91291648" />
  <attribute name="Current GC Util" value="31" />
  <attribute name= "Current Time Running" value="59425" />
  <attribute name ="GC Interval" value="200" />
  <attribute name="ProportionalT" value="-24.500000" />
  <attribute name="ProportionalI" value="-24.500000" />
  <attribute name="ProportionalH" value="-24.500000" />
  <attribute name="Current Error" value="-49.000000" />
  <attribute name="IntegralT" value="-367.500000" />
  <attribute name="IntegralI" value="-367.500000" />
  <attribute name="IntegralH" value="-367.500000" />
  <attribute name="DerivativeT" value="-3.266667" />
  <attribute name="DerivativeI" value="-3.266667" />
  <attribute name="DerivativeH" value="-3.266667" />
  <attribute name="Loop Time for DT" value="15.000000" />
  <attribute name="Output H" value="4203675648"/>
  <attribute name="Output I" value="200"/>
  <attribute name="Output T" value="16"/>
  <attribute name="Target GC Util Change" value ="80.000000" />
  <attribute name="Current GC Util Change" value="31.000000"/>
  <attribute name="GC Util currently" value="31" />
  <attribute name="CPU Util currently" value="75247155923" />
<allocation-satisfied id="3127" threadId="0000000000880F00" bytesRequested="24" />
<af-end id="3128" timestamp="2019-08-11T07:39:28.589" threadId="0000000000881888" success="true" from="nursery"/>
<exclusive-end id="3129" timestamp="2019-08-11T07:39:28.589" durationms="3.472" />

<exclusive-start id="3130" timestamp="2019-08-11T07:39:28.596" intervalms="10.663">
  <response-info timems="0.018" idlems="0.018" threads="0" lastid="0000000000880F00" lastname="main" />
</exclusive-start>
<af-start id="3131" threadId="0000000000881888" totalBytesRequested="32" timestamp="2019-08-11T07:39:28.596" intervalms="10.682" type="nursery" />
<cycle-start id="3132" type="scavenge" contextid="0" timestamp="2019-08-11T07:39:28.596" intervalms="10.678" />
<gc-start id="3133" type="scavenge" contextid="3132" timestamp="2019-08-11T07:39:28.596">
  <mem-info id="3134" free="3984395744" total="3997433856" percent="99">
    <mem type="nursery" free="0" total="6029312" percent="0">
      <mem type="allocate" free="0" total="4587520" percent="0" />
      <mem type="survivor" free="0" total="1441792" percent="0" />
    </mem>
    <mem type="tenure" free="3984395744" total="3991404544" percent="99">
      <mem type="soa" free="3784855008" total="3791835136" percent="99" />
      <mem type="loa" free="199540736" total="199569408" percent="99" />
    </mem>
    <remembered-set count="196" />
  </mem-info>
</gc-start>
<allocation-stats totalBytes="3687944" >
  <allocated-bytes non-tlh="24" tlh="3687920" />
  <largest-consumer threadName="main" threadId="0000000000880F00" bytes="3687944" />
</allocation-stats>
<gc-op id="3135" type="scavenge" timems="2.194" contextid="3132" timestamp="2019-08-11T07:39:28.599">
  <scavenger-info tenureage="2" tenuremask="6004" tiltratio="76" />
  <memory-copied type="nursery" objects="7138" bytes="295464" bytesdiscarded="188976" />
  <memory-copied type="tenure" objects="4988" bytes="557024" bytesdiscarded="672" />
  <references type="soft" candidates="32" cleared="0" enqueued="0" dynamicThreshold="31" maxThreshold="32" />
  <references type="weak" candidates="24" cleared="0" enqueued="0" />
</gc-op>
<heap-resize id="3136" type="expand" space="nursery" amount="655360" count="1" timems="0.014" reason="excessive time being spent scavenging" timestamp="2019-08-11T07:39:28.599" />
<gc-end id="3137" type="scavenge" contextid="3132" durationms="2.812" usertimems="4.860" systemtimems="0.000" timestamp="2019-08-11T07:39:28.599" activeThreads="16">
  <mem-info id="3138" free="3988607088" total="3998089216" percent="99">
    <mem type="nursery" free="4823944" total="6684672" percent="72">
      <mem type="allocate" free="4823944" total="5308416" percent="90" />
      <mem type="survivor" free="0" total="1376256" percent="0" />
    </mem>
    <mem type="tenure" free="3983783144" total="3991404544" percent="99" macro-fragmented="418667">
      <mem type="soa" free="3784242408" total="3791835136" percent="99" />
      <mem type="loa" free="199540736" total="199569408" percent="99" />
    </mem>
    <remembered-set count="667" />
  </mem-info>
</gc-end>
<cycle-end id="3139" type="scavenge" contextid="3132" timestamp="2019-08-11T07:39:28.599" />
  <attribute name="elasticGC enabled" value="1" />
  <attribute name= "numThreadsSpecified" value="16" />
  <attribute name="heapSize specified" value="-91291648" />
  <attribute name="Current GC Util" value="61" />
  <attribute name= "Current Time Running" value="59436" />
  <attribute name ="GC Interval" value="200" />
  <attribute name="ProportionalT" value="-9.500000" />
  <attribute name="ProportionalI" value="-9.500000" />
  <attribute name="ProportionalH" value="-9.500000" />
  <attribute name="Current Error" value="-19.000000" />
  <attribute name="IntegralT" value="-104.500000" />
  <attribute name="IntegralI" value="-104.500000" />
  <attribute name="IntegralH" value="-104.500000" />
  <attribute name="DerivativeT" value="-1.727273" />
  <attribute name="DerivativeI" value="-1.727273" />
  <attribute name="DerivativeH" value="-1.727273" />
  <attribute name="Loop Time for DT" value="11.000000" />
  <attribute name="Output H" value="4203675648"/>
  <attribute name="Output I" value="200"/>
  <attribute name="Output T" value="16"/>
  <attribute name="Target GC Util Change" value ="80.000000" />
  <attribute name="Current GC Util Change" value="61.000000"/>
  <attribute name="GC Util currently" value="61" />
  <attribute name="CPU Util currently" value="108008752335" />
<allocation-satisfied id="3140" threadId="0000000000880F00" bytesRequested="32" />
<af-end id="3141" timestamp="2019-08-11T07:39:28.599" threadId="0000000000881888" success="true" from="nursery"/>
<exclusive-end id="3142" timestamp="2019-08-11T07:39:28.599" durationms="3.111" />

<exclusive-start id="3143" timestamp="2019-08-11T07:39:28.610" intervalms="14.222">
  <response-info timems="0.017" idlems="0.017" threads="0" lastid="0000000000880F00" lastname="main" />
</exclusive-start>
<af-start id="3144" threadId="0000000000881888" totalBytesRequested="24" timestamp="2019-08-11T07:39:28.610" intervalms="14.206" type="nursery" />
<cycle-start id="3145" type="scavenge" contextid="0" timestamp="2019-08-11T07:39:28.610" intervalms="14.210" />
<gc-start id="3146" type="scavenge" contextid="3145" timestamp="2019-08-11T07:39:28.611">
  <mem-info id="3147" free="3983783144" total="3998089216" percent="99">
    <mem type="nursery" free="0" total="6684672" percent="0">
      <mem type="allocate" free="0" total="5308416" percent="0" />
      <mem type="survivor" free="0" total="1376256" percent="0" />
    </mem>
    <mem type="tenure" free="3983783144" total="3991404544" percent="99">
      <mem type="soa" free="3784242408" total="3791835136" percent="99" />
      <mem type="loa" free="199540736" total="199569408" percent="99" />
    </mem>
    <remembered-set count="1164" />
  </mem-info>
</gc-start>
<allocation-stats totalBytes="4823416" >
  <allocated-bytes non-tlh="32" tlh="4823384" />
  <largest-consumer threadName="main" threadId="0000000000880F00" bytes="4823416" />
</allocation-stats>
<gc-op id="3148" type="scavenge" timems="2.350" contextid="3145" timestamp="2019-08-11T07:39:28.613">
  <scavenger-info tenureage="4" tenuremask="4010" tiltratio="79" />
  <memory-copied type="nursery" objects="11656" bytes="464072" bytesdiscarded="128552" />
  <memory-copied type="tenure" objects="540" bytes="20112" bytesdiscarded="0" />
  <references type="weak" candidates="20" cleared="0" enqueued="0" />
</gc-op>
<heap-resize id="3149" type="expand" space="nursery" amount="524288" count="1" timems="0.016" reason="excessive time being spent scavenging" timestamp="2019-08-11T07:39:28.613" />
<gc-end id="3150" type="scavenge" contextid="3145" durationms="3.062" usertimems="5.478" systemtimems="0.000" timestamp="2019-08-11T07:39:28.614" activeThreads="16">
  <mem-info id="3151" free="3989154288" total="3998613504" percent="99">
    <mem type="nursery" free="5371144" total="7208960" percent="74">
      <mem type="allocate" free="5371144" total="5963776" percent="90" />
      <mem type="survivor" free="0" total="1245184" percent="0" />
    </mem>
    <mem type="tenure" free="3983783144" total="3991404544" percent="99" macro-fragmented="168253">
      <mem type="soa" free="3784242408" total="3791835136" percent="99" />
      <mem type="loa" free="199540736" total="199569408" percent="99" />
    </mem>
    <remembered-set count="1111" />
  </mem-info>
</gc-end>
<cycle-end id="3152" type="scavenge" contextid="3145" timestamp="2019-08-11T07:39:28.614" />
  <attribute name="elasticGC enabled" value="1" />
  <attribute name= "numThreadsSpecified" value="16" />
  <attribute name="heapSize specified" value="-91291648" />
  <attribute name="Current GC Util" value="33" />
  <attribute name= "Current Time Running" value="59450" />
  <attribute name ="GC Interval" value="200" />
  <attribute name="ProportionalT" value="-23.500000" />
  <attribute name="ProportionalI" value="-23.500000" />
  <attribute name="ProportionalH" value="-23.500000" />
  <attribute name="Current Error" value="-47.000000" />
  <attribute name="IntegralT" value="-329.000000" />
  <attribute name="IntegralI" value="-329.000000" />
  <attribute name="IntegralH" value="-329.000000" />
  <attribute name="DerivativeT" value="-3.357143" />
  <attribute name="DerivativeI" value="-3.357143" />
  <attribute name="DerivativeH" value="-3.357143" />
  <attribute name="Loop Time for DT" value="14.000000" />
  <attribute name="Output H" value="4203675648"/>
  <attribute name="Output I" value="200"/>
  <attribute name="Output T" value="16"/>
  <attribute name="Target GC Util Change" value ="80.000000" />
  <attribute name="Current GC Util Change" value="33.000000"/>
  <attribute name="GC Util currently" value="33" />
  <attribute name="CPU Util currently" value="81113494463" />
<allocation-satisfied id="3153" threadId="0000000000880F00" bytesRequested="24" />
<af-end id="3154" timestamp="2019-08-11T07:39:28.614" threadId="0000000000881888" success="true" from="nursery"/>
<exclusive-end id="3155" timestamp="2019-08-11T07:39:28.614" durationms="3.356" />

<exclusive-start id="3156" timestamp="2019-08-11T07:39:28.641" intervalms="30.719">
  <response-info timems="0.021" idlems="0.021" threads="0" lastid="0000000000880F00" lastname="main" />
</exclusive-start>
<af-start id="3157" threadId="0000000000881888" totalBytesRequested="24" timestamp="2019-08-11T07:39:28.641" intervalms="30.724" type="nursery" />
<cycle-start id="3158" type="scavenge" contextid="0" timestamp="2019-08-11T07:39:28.641" intervalms="30.719" />
<gc-start id="3159" type="scavenge" contextid="3158" timestamp="2019-08-11T07:39:28.641">
  <mem-info id="3160" free="3983779384" total="3998613504" percent="99">
    <mem type="nursery" free="0" total="7208960" percent="0">
      <mem type="allocate" free="0" total="5963776" percent="0" />
      <mem type="survivor" free="0" total="1245184" percent="0" />
    </mem>
    <mem type="tenure" free="3983779384" total="3991404544" percent="99">
      <mem type="soa" free="3784238648" total="3791835136" percent="99" />
      <mem type="loa" free="199540736" total="199569408" percent="99" />
    </mem>
    <remembered-set count="1335" />
  </mem-info>
</gc-start>
<allocation-stats totalBytes="5374208" >
  <allocated-bytes non-tlh="203792" tlh="5170416" />
  <largest-consumer threadName="main" threadId="0000000000880F00" bytes="5374208" />
</allocation-stats>
<gc-op id="3161" type="scavenge" timems="2.561" contextid="3158" timestamp="2019-08-11T07:39:28.644">
  <scavenger-info tenureage="14" tenuremask="4000" tiltratio="82" />
  <memory-copied type="nursery" objects="15770" bytes="927408" bytesdiscarded="110216" />
  <references type="soft" candidates="10" cleared="0" enqueued="0" dynamicThreshold="31" maxThreshold="32" />
  <references type="weak" candidates="22" cleared="0" enqueued="0" />
  <references type="phantom" candidates="1" cleared="0" enqueued="0" />
</gc-op>
<gc-end id="3162" type="scavenge" contextid="3158" durationms="3.115" usertimems="6.179" systemtimems="0.000" timestamp="2019-08-11T07:39:28.644" activeThreads="16">
  <mem-info id="3163" free="3988377776" total="3998613504" percent="99">
    <mem type="nursery" free="4598392" total="7208960" percent="63">
      <mem type="allocate" free="4598392" total="5636096" percent="81" />
      <mem type="survivor" free="0" total="1572864" percent="0" />
    </mem>
    <mem type="tenure" free="3983779384" total="3991404544" percent="99" macro-fragmented="0">
      <mem type="soa" free="3784238648" total="3791835136" percent="99" />
      <mem type="loa" free="199540736" total="199569408" percent="99" />
    </mem>
    <remembered-set count="1322" />
  </mem-info>
</gc-end>
<cycle-end id="3164" type="scavenge" contextid="3158" timestamp="2019-08-11T07:39:28.644" />
  <attribute name="elasticGC enabled" value="1" />
  <attribute name= "numThreadsSpecified" value="16" />
  <attribute name="heapSize specified" value="-91291648" />
  <attribute name="Current GC Util" value="17" />
  <attribute name= "Current Time Running" value="59480" />
  <attribute name ="GC Interval" value="200" />
  <attribute name="ProportionalT" value="-31.500000" />
  <attribute name="ProportionalI" value="-31.500000" />
  <attribute name="ProportionalH" value="-31.500000" />
  <attribute name="Current Error" value="-63.000000" />
  <attribute name="IntegralT" value="-945.000000" />
  <attribute name="IntegralI" value="-945.000000" />
  <attribute name="IntegralH" value="-945.000000" />
  <attribute name="DerivativeT" value="-2.100000" />
  <attribute name="DerivativeI" value="-2.100000" />
  <attribute name="DerivativeH" value="-2.100000" />
  <attribute name="Loop Time for DT" value="30.000000" />
  <attribute name="Output H" value="4203675648"/>
  <attribute name="Output I" value="200"/>
  <attribute name="Output T" value="16"/>
  <attribute name="Target GC Util Change" value ="80.000000" />
  <attribute name="Current GC Util Change" value="17.000000"/>
  <attribute name="GC Util currently" value="17" />
  <attribute name="CPU Util currently" value="37597936086" />
<allocation-satisfied id="3165" threadId="0000000000880F00" bytesRequested="24" />
<af-end id="3166" timestamp="2019-08-11T07:39:28.645" threadId="0000000000881888" success="true" from="nursery"/>
<exclusive-end id="3167" timestamp="2019-08-11T07:39:28.645" durationms="3.423" />

<exclusive-start id="3168" timestamp="2019-08-11T07:39:28.656" intervalms="15.154">
  <response-info timems="0.031" idlems="0.031" threads="0" lastid="0000000000880F00" lastname="main" />
</exclusive-start>
<af-start id="3169" threadId="0000000000881888" totalBytesRequested="56" timestamp="2019-08-11T07:39:28.656" intervalms="15.174" type="nursery" />
<cycle-start id="3170" type="scavenge" contextid="0" timestamp="2019-08-11T07:39:28.656" intervalms="15.164" />
<gc-start id="3171" type="scavenge" contextid="3170" timestamp="2019-08-11T07:39:28.656">
  <mem-info id="3172" free="3983776856" total="3998613504" percent="99">
    <mem type="nursery" free="0" total="7208960" percent="0">
      <mem type="allocate" free="0" total="5636096" percent="0" />
      <mem type="survivor" free="0" total="1572864" percent="0" />
    </mem>
    <mem type="tenure" free="3983776856" total="3991404544" percent="99">
      <mem type="soa" free="3784236120" total="3791835136" percent="99" />
      <mem type="loa" free="199540736" total="199569408" percent="99" />
    </mem>
    <remembered-set count="1358" />
  </mem-info>
</gc-start>
<allocation-stats totalBytes="4600048" >
  <allocated-bytes non-tlh="2552" tlh="4597496" />
  <largest-consumer threadName="main" threadId="0000000000880F00" bytes="4600048" />
</allocation-stats>
<gc-op id="3173" type="scavenge" timems="2.054" contextid="3170" timestamp="2019-08-11T07:39:28.659">
  <scavenger-info tenureage="14" tenuremask="4000" tiltratio="78" />
  <memory-copied type="nursery" objects="18869" bytes="798648" bytesdiscarded="94760" />
  <references type="soft" candidates="10" cleared="0" enqueued="0" dynamicThreshold="31" maxThreshold="32" />
  <references type="weak" candidates="42" cleared="0" enqueued="0" />
</gc-op>
<heap-resize id="3174" type="expand" space="nursery" amount="655360" count="1" timems="0.011" reason="excessive time being spent scavenging" timestamp="2019-08-11T07:39:28.659" />
<gc-end id="3175" type="scavenge" contextid="3170" durationms="2.612" usertimems="4.941" systemtimems="0.000" timestamp="2019-08-11T07:39:28.659" activeThreads="16">
  <mem-info id="3176" free="3989109304" total="3999268864" percent="99">
    <mem type="nursery" free="5332448" total="7864320" percent="67">
      <mem type="allocate" free="5332448" total="6225920" percent="85" />
      <mem type="survivor" free="0" total="1638400" percent="0" />
    </mem>
    <mem type="tenure" free="3983776856" total="3991404544" percent="99" macro-fragmented="0">
      <mem type="soa" free="3784236120" total="3791835136" percent="99" />
      <mem type="loa" free="199540736" total="199569408" percent="99" />
    </mem>
    <remembered-set count="1348" />
  </mem-info>
</gc-end>
<cycle-end id="3177" type="scavenge" contextid="3170" timestamp="2019-08-11T07:39:28.659" />
  <attribute name="elasticGC enabled" value="1" />
  <attribute name= "numThreadsSpecified" value="16" />
  <attribute name="heapSize specified" value="-91291648" />
  <attribute name="Current GC Util" value="40" />
  <attribute name= "Current Time Running" value="59496" />
  <attribute name ="GC Interval" value="200" />
  <attribute name="ProportionalT" value="-20.000000" />
  <attribute name="ProportionalI" value="-20.000000" />
  <attribute name="ProportionalH" value="-20.000000" />
  <attribute name="Current Error" value="-40.000000" />
  <attribute name="IntegralT" value="-320.000000" />
  <attribute name="IntegralI" value="-320.000000" />
  <attribute name="IntegralH" value="-320.000000" />
  <attribute name="DerivativeT" value="-2.500000" />
  <attribute name="DerivativeI" value="-2.500000" />
  <attribute name="DerivativeH" value="-2.500000" />
  <attribute name="Loop Time for DT" value="16.000000" />
  <attribute name="Output H" value="4203675648"/>
  <attribute name="Output I" value="200"/>
  <attribute name="Output T" value="16"/>
  <attribute name="Target GC Util Change" value ="80.000000" />
  <attribute name="Current GC Util Change" value="40.000000"/>
  <attribute name="GC Util currently" value="40" />
  <attribute name="CPU Util currently" value="75798131902" />
<allocation-satisfied id="3178" threadId="0000000000880F00" bytesRequested="56" />
<af-end id="3179" timestamp="2019-08-11T07:39:28.659" threadId="0000000000881888" success="true" from="nursery"/>
<exclusive-end id="3180" timestamp="2019-08-11T07:39:28.659" durationms="2.887" />

<exclusive-start id="3181" timestamp="2019-08-11T07:39:28.708" intervalms="51.646">
  <response-info timems="0.048" idlems="0.048" threads="0" lastid="0000000000880F00" lastname="main" />
</exclusive-start>
<af-start id="3182" threadId="0000000000881888" totalBytesRequested="32" timestamp="2019-08-11T07:39:28.708" intervalms="51.631" type="nursery" />
<cycle-start id="3183" type="scavenge" contextid="0" timestamp="2019-08-11T07:39:28.708" intervalms="51.654" />
<gc-start id="3184" type="scavenge" contextid="3183" timestamp="2019-08-11T07:39:28.708">
  <mem-info id="3185" free="3983766088" total="3999268864" percent="99">
    <mem type="nursery" free="0" total="7864320" percent="0">
      <mem type="allocate" free="0" total="6225920" percent="0" />
      <mem type="survivor" free="0" total="1638400" percent="0" />
    </mem>
    <mem type="tenure" free="3983766088" total="3991404544" percent="99">
      <mem type="soa" free="3784225352" total="3791835136" percent="99" />
      <mem type="loa" free="199540736" total="199569408" percent="99" />
    </mem>
    <remembered-set count="1535" />
  </mem-info>
</gc-start>
<allocation-stats totalBytes="5342256" >
  <allocated-bytes non-tlh="293512" tlh="5048744" />
  <largest-consumer threadName="main" threadId="0000000000880F00" bytes="5342256" />
</allocation-stats>
<gc-op id="3186" type="scavenge" timems="2.810" contextid="3183" timestamp="2019-08-11T07:39:28.711">
  <scavenger-info tenureage="3" tenuremask="4038" tiltratio="79" />
  <memory-copied type="nursery" objects="16877" bytes="1102688" bytesdiscarded="108696" />
  <memory-copied type="tenure" objects="10935" bytes="447992" bytesdiscarded="448" />
  <references type="soft" candidates="11" cleared="0" enqueued="0" dynamicThreshold="31" maxThreshold="32" />
  <references type="weak" candidates="211" cleared="0" enqueued="0" />
  <references type="phantom" candidates="1" cleared="0" enqueued="0" />
</gc-op>
<gc-end id="3187" type="scavenge" contextid="3183" durationms="3.516" usertimems="8.744" systemtimems="0.000" timestamp="2019-08-11T07:39:28.712" activeThreads="16">
  <mem-info id="3188" free="3988298976" total="3999268864" percent="99">
    <mem type="nursery" free="4948880" total="7864320" percent="62">
      <mem type="allocate" free="4948880" total="6160384" percent="80" />
      <mem type="survivor" free="0" total="1703936" percent="0" />
    </mem>
    <mem type="tenure" free="3983350096" total="3991404544" percent="99" macro-fragmented="7740515">
      <mem type="soa" free="3783809360" total="3791835136" percent="99" />
      <mem type="loa" free="199540736" total="199569408" percent="99" />
    </mem>
    <remembered-set count="757" />
  </mem-info>
</gc-end>
<cycle-end id="3189" type="scavenge" contextid="3183" timestamp="2019-08-11T07:39:28.712" />
  <attribute name="elasticGC enabled" value="1" />
  <attribute name= "numThreadsSpecified" value="16" />
  <attribute name="heapSize specified" value="-91291648" />
  <attribute name="Current GC Util" value="9" />
  <attribute name= "Current Time Running" value="59547" />
  <attribute name ="GC Interval" value="200" />
  <attribute name="ProportionalT" value="-35.500000" />
  <attribute name="ProportionalI" value="-35.500000" />
  <attribute name="ProportionalH" value="-35.500000" />
  <attribute name="Current Error" value="-71.000000" />
  <attribute name="IntegralT" value="-1810.500000" />
  <attribute name="IntegralI" value="-1810.500000" />
  <attribute name="IntegralH" value="-1810.500000" />
  <attribute name="DerivativeT" value="-1.392157" />
  <attribute name="DerivativeI" value="-1.392157" />
  <attribute name="DerivativeH" value="-1.392157" />
  <attribute name="Loop Time for DT" value="51.000000" />
  <attribute name="Output H" value="4203675648"/>
  <attribute name="Output I" value="200"/>
  <attribute name="Output T" value="16"/>
  <attribute name="Target GC Util Change" value ="80.000000" />
  <attribute name="Current GC Util Change" value="9.000000"/>
  <attribute name="GC Util currently" value="9" />
  <attribute name="CPU Util currently" value="22288811989" />
<allocation-satisfied id="3190" threadId="0000000000880F00" bytesRequested="32" />
<af-end id="3191" timestamp="2019-08-11T07:39:28.712" threadId="0000000000881888" success="true" from="nursery"/>
<exclusive-end id="3192" timestamp="2019-08-11T07:39:28.712" durationms="3.875" />

<exclusive-start id="3193" timestamp="2019-08-11T07:39:28.725" intervalms="17.215">
  <response-info timems="0.053" idlems="0.053" threads="0" lastid="0000000000880F00" lastname="main" />
</exclusive-start>
<af-start id="3194" threadId="0000000000881888" totalBytesRequested="48" timestamp="2019-08-11T07:39:28.725" intervalms="17.211" type="nursery" />
<cycle-start id="3195" type="scavenge" contextid="0" timestamp="2019-08-11T07:39:28.725" intervalms="17.178" />
<gc-start id="3196" type="scavenge" contextid="3195" timestamp="2019-08-11T07:39:28.725">
  <mem-info id="3197" free="3983350096" total="3999268864" percent="99">
    <mem type="nursery" free="0" total="7864320" percent="0">
      <mem type="allocate" free="0" total="6160384" percent="0" />
      <mem type="survivor" free="0" total="1703936" percent="0" />
    </mem>
    <mem type="tenure" free="3983350096" total="3991404544" percent="99">
      <mem type="soa" free="3783809360" total="3791835136" percent="99" />
      <mem type="loa" free="199540736" total="199569408" percent="99" />
    </mem>
    <remembered-set count="757" />
  </mem-info>
</gc-start>
<allocation-stats totalBytes="4948416" >
  <allocated-bytes non-tlh="32" tlh="4948384" />
  <largest-consumer threadName="main" threadId="0000000000880F00" bytes="4948416" />
</allocation-stats>
<gc-op id="3198" type="scavenge" timems="3.145" contextid="3195" timestamp="2019-08-11T07:39:28.728">
  <scavenger-info tenureage="14" tenuremask="4000" tiltratio="78" />
  <memory-copied type="nursery" objects="24873" bytes="1393352" bytesdiscarded="89400" />
  <references type="soft" candidates="11" cleared="0" enqueued="0" dynamicThreshold="31" maxThreshold="32" />
  <references type="weak" candidates="211" cleared="0" enqueued="0" />
  <references type="phantom" candidates="1" cleared="0" enqueued="0" />
</gc-op>
<heap-resize id="3199" type="expand" space="nursery" amount="786432" count="1" timems="0.016" reason="excessive time being spent scavenging" timestamp="2019-08-11T07:39:28.729" />
<gc-end id="3200" type="scavenge" contextid="3195" durationms="3.786" usertimems="9.690" systemtimems="0.000" timestamp="2019-08-11T07:39:28.729" activeThreads="16">
  <mem-info id="3201" free="3988355304" total="4000055296" percent="99">
    <mem type="nursery" free="5005208" total="8650752" percent="57">
      <mem type="allocate" free="5005208" total="6488064" percent="77" />
      <mem type="survivor" free="0" total="2162688" percent="0" />
    </mem>
    <mem type="tenure" free="3983350096" total="3991404544" percent="99" macro-fragmented="3732887">
      <mem type="soa" free="3783809360" total="3791835136" percent="99" />
      <mem type="loa" free="199540736" total="199569408" percent="99" />
    </mem>
    <remembered-set count="729" />
  </mem-info>
</gc-end>
<cycle-end id="3202" type="scavenge" contextid="3195" timestamp="2019-08-11T07:39:28.729" />
  <attribute name="elasticGC enabled" value="1" />
  <attribute name= "numThreadsSpecified" value="16" />
  <attribute name="heapSize specified" value="-91291648" />
  <attribute name="Current GC Util" value="43" />
  <attribute name= "Current Time Running" value="59565" />
  <attribute name ="GC Interval" value="200" />
  <attribute name="ProportionalT" value="-18.500000" />
  <attribute name="ProportionalI" value="-18.500000" />
  <attribute name="ProportionalH" value="-18.500000" />
  <attribute name="Current Error" value="-37.000000" />
  <attribute name="IntegralT" value="-333.000000" />
  <attribute name="IntegralI" value="-333.000000" />
  <attribute name="IntegralH" value="-333.000000" />
  <attribute name="DerivativeT" value="-2.055556" />
  <attribute name="DerivativeI" value="-2.055556" />
  <attribute name="DerivativeH" value="-2.055556" />
  <attribute name="Loop Time for DT" value="18.000000" />
  <attribute name="Output H" value="4203675648"/>
  <attribute name="Output I" value="200"/>
  <attribute name="Output T" value="16"/>
  <attribute name="Target GC Util Change" value ="80.000000" />
  <attribute name="Current GC Util Change" value="43.000000"/>
  <attribute name="GC Util currently" value="43" />
  <attribute name="CPU Util currently" value="67375025120" />
<allocation-satisfied id="3203" threadId="0000000000880F00" bytesRequested="48" />
<af-end id="3204" timestamp="2019-08-11T07:39:28.729" threadId="0000000000881888" success="true" from="nursery"/>
<exclusive-end id="3205" timestamp="2019-08-11T07:39:28.729" durationms="4.061" />

<exclusive-start id="3206" timestamp="2019-08-11T07:39:28.747" intervalms="21.597">
  <response-info timems="0.021" idlems="0.021" threads="0" lastid="0000000000880F00" lastname="main" />
</exclusive-start>
<af-start id="3207" threadId="0000000000881888" totalBytesRequested="32" timestamp="2019-08-11T07:39:28.747" intervalms="21.593" type="nursery" />
<cycle-start id="3208" type="scavenge" contextid="0" timestamp="2019-08-11T07:39:28.747" intervalms="21.625" />
<gc-start id="3209" type="scavenge" contextid="3208" timestamp="2019-08-11T07:39:28.747">
  <mem-info id="3210" free="3983350096" total="4000055296" percent="99">
    <mem type="nursery" free="0" total="8650752" percent="0">
      <mem type="allocate" free="0" total="6488064" percent="0" />
      <mem type="survivor" free="0" total="2162688" percent="0" />
    </mem>
    <mem type="tenure" free="3983350096" total="3991404544" percent="99">
      <mem type="soa" free="3783809360" total="3791835136" percent="99" />
      <mem type="loa" free="199540736" total="199569408" percent="99" />
    </mem>
    <remembered-set count="729" />
  </mem-info>
</gc-start>
<allocation-stats totalBytes="5004576" >
  <allocated-bytes non-tlh="48" tlh="5004528" />
  <largest-consumer threadName="main" threadId="0000000000880F00" bytes="5004576" />
</allocation-stats>
<gc-op id="3211" type="scavenge" timems="3.517" contextid="3208" timestamp="2019-08-11T07:39:28.750">
  <scavenger-info tenureage="2" tenuremask="4014" tiltratio="75" />
  <memory-copied type="nursery" objects="14401" bytes="522696" bytesdiscarded="163120" />
  <memory-copied type="tenure" objects="16753" bytes="1098600" bytesdiscarded="528" />
  <references type="weak" candidates="20" cleared="0" enqueued="0" />
</gc-op>
<heap-resize id="3212" type="expand" space="nursery" amount="655360" count="1" timems="0.012" reason="excessive time being spent scavenging" timestamp="2019-08-11T07:39:28.751" />
<gc-end id="3213" type="scavenge" contextid="3208" durationms="4.095" usertimems="8.669" systemtimems="0.000" timestamp="2019-08-11T07:39:28.751" activeThreads="16">
  <mem-info id="3214" free="3988856304" total="4000710656" percent="99">
    <mem type="nursery" free="6523136" total="9306112" percent="70">
      <mem type="allocate" free="6523136" total="7208960" percent="90" />
      <mem type="survivor" free="0" total="2097152" percent="0" />
    </mem>
    <mem type="tenure" free="3982333168" total="3991404544" percent="99" macro-fragmented="168253">
      <mem type="soa" free="3782792432" total="3791835136" percent="99" />
      <mem type="loa" free="199540736" total="199569408" percent="99" />
    </mem>
    <remembered-set count="1494" />
  </mem-info>
</gc-end>
<cycle-end id="3215" type="scavenge" contextid="3208" timestamp="2019-08-11T07:39:28.751" />
  <attribute name="elasticGC enabled" value="1" />
  <attribute name= "numThreadsSpecified" value="16" />
  <attribute name="heapSize specified" value="-91291648" />
  <attribute name="Current GC Util" value="40" />
  <attribute name= "Current Time Running" value="59586" />
  <attribute name ="GC Interval" value="200" />
  <attribute name="ProportionalT" value="-20.000000" />
  <attribute name="ProportionalI" value="-20.000000" />
  <attribute name="ProportionalH" value="-20.000000" />
  <attribute name="Current Error" value="-40.000000" />
  <attribute name="IntegralT" value="-420.000000" />
  <attribute name="IntegralI" value="-420.000000" />
  <attribute name="IntegralH" value="-420.000000" />
  <attribute name="DerivativeT" value="-1.904762" />
  <attribute name="DerivativeI" value="-1.904762" />
  <attribute name="DerivativeH" value="-1.904762" />
  <attribute name="Loop Time for DT" value="21.000000" />
  <attribute name="Output H" value="4203675648"/>
  <attribute name="Output I" value="200"/>
  <attribute name="Output T" value="16"/>
  <attribute name="Target GC Util Change" value ="80.000000" />
  <attribute name="Current GC Util Change" value="40.000000"/>
  <attribute name="GC Util currently" value="40" />
  <attribute name="CPU Util currently" value="53346602746" />
<allocation-satisfied id="3216" threadId="0000000000880F00" bytesRequested="32" />
<af-end id="3217" timestamp="2019-08-11T07:39:28.751" threadId="0000000000881888" success="true" from="nursery"/>
<exclusive-end id="3218" timestamp="2019-08-11T07:39:28.751" durationms="4.391" />

<exclusive-start id="3219" timestamp="2019-08-11T07:39:28.795" intervalms="47.803">
  <response-info timems="0.039" idlems="0.039" threads="0" lastid="0000000000880F00" lastname="main" />
</exclusive-start>
<af-start id="3220" threadId="0000000000881888" totalBytesRequested="192" timestamp="2019-08-11T07:39:28.795" intervalms="47.798" type="nursery" />
<cycle-start id="3221" type="scavenge" contextid="0" timestamp="2019-08-11T07:39:28.795" intervalms="47.786" />
<gc-start id="3222" type="scavenge" contextid="3221" timestamp="2019-08-11T07:39:28.795">
  <mem-info id="3223" free="3982321136" total="4000710656" percent="99">
    <mem type="nursery" free="0" total="9306112" percent="0">
      <mem type="allocate" free="0" total="7208960" percent="0" />
      <mem type="survivor" free="0" total="2097152" percent="0" />
    </mem>
    <mem type="tenure" free="3982321136" total="3991404544" percent="99">
      <mem type="soa" free="3782780400" total="3791835136" percent="99" />
      <mem type="loa" free="199540736" total="199569408" percent="99" />
    </mem>
    <remembered-set count="2084" />
  </mem-info>
</gc-start>
<allocation-stats totalBytes="6533608" >
  <allocated-bytes non-tlh="12064" tlh="6521544" />
  <largest-consumer threadName="main" threadId="0000000000880F00" bytes="6533608" />
</allocation-stats>
<gc-op id="3224" type="scavenge" timems="2.631" contextid="3221" timestamp="2019-08-11T07:39:28.797">
  <scavenger-info tenureage="2" tenuremask="4004" tiltratio="77" />
  <memory-copied type="nursery" objects="10490" bytes="438880" bytesdiscarded="71840" />
  <memory-copied type="tenure" objects="7454" bytes="278496" bytesdiscarded="296" />
  <references type="soft" candidates="1" cleared="0" enqueued="0" dynamicThreshold="31" maxThreshold="32" />
  <references type="weak" candidates="82" cleared="2" enqueued="2" />
</gc-op>
<gc-end id="3225" type="scavenge" contextid="3221" durationms="3.165" usertimems="6.477" systemtimems="0.000" timestamp="2019-08-11T07:39:28.798" activeThreads="16">
  <mem-info id="3226" free="3989228480" total="4000710656" percent="99">
    <mem type="nursery" free="7156944" total="9306112" percent="76">
      <mem type="allocate" free="7156944" total="7667712" percent="93" />
      <mem type="survivor" free="0" total="1638400" percent="0" />
    </mem>
    <mem type="tenure" free="3982071536" total="3991404544" percent="99" macro-fragmented="655400">
      <mem type="soa" free="3782530800" total="3791835136" percent="99" />
      <mem type="loa" free="199540736" total="199569408" percent="99" />
    </mem>
    <pending-finalizers system="0" default="0" reference="2" classloader="0" />
    <remembered-set count="1475" />
  </mem-info>
</gc-end>
<cycle-end id="3227" type="scavenge" contextid="3221" timestamp="2019-08-11T07:39:28.798" />
  <attribute name="elasticGC enabled" value="1" />
  <attribute name= "numThreadsSpecified" value="16" />
  <attribute name="heapSize specified" value="-91291648" />
  <attribute name="Current GC Util" value="17" />
  <attribute name= "Current Time Running" value="59634" />
  <attribute name ="GC Interval" value="200" />
  <attribute name="ProportionalT" value="-31.500000" />
  <attribute name="ProportionalI" value="-31.500000" />
  <attribute name="ProportionalH" value="-31.500000" />
  <attribute name="Current Error" value="-63.000000" />
  <attribute name="IntegralT" value="-1512.000000" />
  <attribute name="IntegralI" value="-1512.000000" />
  <attribute name="IntegralH" value="-1512.000000" />
  <attribute name="DerivativeT" value="-1.312500" />
  <attribute name="DerivativeI" value="-1.312500" />
  <attribute name="DerivativeH" value="-1.312500" />
  <attribute name="Loop Time for DT" value="48.000000" />
  <attribute name="Output H" value="4203675648"/>
  <attribute name="Output I" value="200"/>
  <attribute name="Output T" value="16"/>
  <attribute name="Target GC Util Change" value ="80.000000" />
  <attribute name="Current GC Util Change" value="17.000000"/>
  <attribute name="GC Util currently" value="17" />
  <attribute name="CPU Util currently" value="24104727967" />
<allocation-satisfied id="3228" threadId="0000000000880F00" bytesRequested="192" />
<af-end id="3229" timestamp="2019-08-11T07:39:28.798" threadId="0000000000881888" success="true" from="nursery"/>
<exclusive-end id="3230" timestamp="2019-08-11T07:39:28.798" durationms="3.399" />

<exclusive-start id="3231" timestamp="2019-08-11T07:39:28.872" intervalms="77.451">
  <response-info timems="0.042" idlems="0.042" threads="0" lastid="0000000000880F00" lastname="main" />
</exclusive-start>
<af-start id="3232" threadId="0000000000881888" totalBytesRequested="160" timestamp="2019-08-11T07:39:28.872" intervalms="77.451" type="nursery" />
<cycle-start id="3233" type="scavenge" contextid="0" timestamp="2019-08-11T07:39:28.872" intervalms="77.459" />
<gc-start id="3234" type="scavenge" contextid="3233" timestamp="2019-08-11T07:39:28.872">
  <mem-info id="3235" free="3982045168" total="4000710656" percent="99">
    <mem type="nursery" free="0" total="9306112" percent="0">
      <mem type="allocate" free="0" total="7667712" percent="0" />
      <mem type="survivor" free="0" total="1638400" percent="0" />
    </mem>
    <mem type="tenure" free="3982045168" total="3991404544" percent="99">
      <mem type="soa" free="3782504432" total="3791835136" percent="99" />
      <mem type="loa" free="199540736" total="199569408" percent="99" />
    </mem>
    <remembered-set count="1818" />
  </mem-info>
</gc-start>
<allocation-stats totalBytes="7181008" >
  <allocated-bytes non-tlh="426576" tlh="6754432" />
  <largest-consumer threadName="main" threadId="0000000000880F00" bytes="7176912" />
</allocation-stats>
<gc-op id="3236" type="scavenge" timems="3.028" contextid="3233" timestamp="2019-08-11T07:39:28.875">
  <scavenger-info tenureage="14" tenuremask="4000" tiltratio="82" />
  <memory-copied type="nursery" objects="11943" bytes="493224" bytesdiscarded="58280" />
  <finalization candidates="1" enqueued="1" />
  <references type="soft" candidates="26" cleared="0" enqueued="0" dynamicThreshold="31" maxThreshold="32" />
  <references type="weak" candidates="405" cleared="13" enqueued="13" />
</gc-op>
<gc-end id="3237" type="scavenge" contextid="3233" durationms="3.606" usertimems="6.754" systemtimems="0.000" timestamp="2019-08-11T07:39:28.876" activeThreads="16">
  <mem-info id="3238" free="3989292216" total="4000710656" percent="99">
    <mem type="nursery" free="7247048" total="9306112" percent="77">
      <mem type="allocate" free="7247048" total="7798784" percent="92" />
      <mem type="survivor" free="0" total="1507328" percent="0" />
    </mem>
    <mem type="tenure" free="3982045168" total="3991404544" percent="99" macro-fragmented="7740515">
      <mem type="soa" free="3782504432" total="3791835136" percent="99" />
      <mem type="loa" free="199540736" total="199569408" percent="99" />
    </mem>
    <pending-finalizers system="0" default="1" reference="13" classloader="0" />
    <remembered-set count="1797" />
  </mem-info>
</gc-end>
<cycle-end id="3239" type="scavenge" contextid="3233" timestamp="2019-08-11T07:39:28.876" />
  <attribute name="elasticGC enabled" value="1" />
  <attribute name= "numThreadsSpecified" value="16" />
  <attribute name="heapSize specified" value="-91291648" />
  <attribute name="Current GC Util" value="6" />
  <attribute name= "Current Time Running" value="59711" />
  <attribute name ="GC Interval" value="200" />
  <attribute name="ProportionalT" value="-37.000000" />
  <attribute name="ProportionalI" value="-37.000000" />
  <attribute name="ProportionalH" value="-37.000000" />
  <attribute name="Current Error" value="-74.000000" />
  <attribute name="IntegralT" value="-2849.000000" />
  <attribute name="IntegralI" value="-2849.000000" />
  <attribute name="IntegralH" value="-2849.000000" />
  <attribute name="DerivativeT" value="-0.961039" />
  <attribute name="DerivativeI" value="-0.961039" />
  <attribute name="DerivativeH" value="-0.961039" />
  <attribute name="Loop Time for DT" value="77.000000" />
  <attribute name="Output H" value="4203675648"/>
  <attribute name="Output I" value="200"/>
  <attribute name="Output T" value="16"/>
  <attribute name="Target GC Util Change" value ="80.000000" />
  <attribute name="Current GC Util Change" value="6.000000"/>
  <attribute name="GC Util currently" value="6" />
  <attribute name="CPU Util currently" value="14889748986" />
<allocation-satisfied id="3240" threadId="0000000000880F00" bytesRequested="160" />
<af-end id="3241" timestamp="2019-08-11T07:39:28.876" threadId="0000000000881888" success="true" from="nursery"/>
<exclusive-end id="3242" timestamp="2019-08-11T07:39:28.876" durationms="3.942" />

<exclusive-start id="3243" timestamp="2019-08-11T07:39:28.907" intervalms="35.313">
  <response-info timems="0.042" idlems="0.042" threads="0" lastid="0000000000880F00" lastname="main" />
</exclusive-start>
<af-start id="3244" threadId="0000000000881888" totalBytesRequested="32" timestamp="2019-08-11T07:39:28.907" intervalms="35.347" type="nursery" />
<cycle-start id="3245" type="scavenge" contextid="0" timestamp="2019-08-11T07:39:28.907" intervalms="35.335" />
<gc-start id="3246" type="scavenge" contextid="3245" timestamp="2019-08-11T07:39:28.907">
  <mem-info id="3247" free="3982045048" total="4000710656" percent="99">
    <mem type="nursery" free="0" total="9306112" percent="0">
      <mem type="allocate" free="0" total="7798784" percent="0" />
      <mem type="survivor" free="0" total="1507328" percent="0" />
    </mem>
    <mem type="tenure" free="3982045048" total="3991404544" percent="99">
      <mem type="soa" free="3782504312" total="3791835136" percent="99" />
      <mem type="loa" free="199540736" total="199569408" percent="99" />
    </mem>
    <remembered-set count="1804" />
  </mem-info>
</gc-start>
<allocation-stats totalBytes="7245600" >
  <allocated-bytes non-tlh="265832" tlh="6979768" />
  <largest-consumer threadName="main" threadId="0000000000880F00" bytes="7237288" />
</allocation-stats>
<gc-op id="3248" type="scavenge" timems="3.389" contextid="3245" timestamp="2019-08-11T07:39:28.911">
  <scavenger-info tenureage="2" tenuremask="400c" tiltratio="83" />
  <memory-copied type="nursery" objects="14535" bytes="915048" bytesdiscarded="144640" />
  <memory-copied type="tenure" objects="10374" bytes="434968" bytesdiscarded="632" />
  <references type="soft" candidates="25" cleared="0" enqueued="0" dynamicThreshold="31" maxThreshold="32" />
  <references type="weak" candidates="347" cleared="8" enqueued="8" />
  <references type="phantom" candidates="1" cleared="0" enqueued="0" />
</gc-op>
<heap-resize id="3249" type="expand" space="nursery" amount="524288" count="1" timems="0.020" reason="excessive time being spent scavenging" timestamp="2019-08-11T07:39:28.911" />
<gc-end id="3250" type="scavenge" contextid="3245" durationms="4.190" usertimems="8.338" systemtimems="0.000" timestamp="2019-08-11T07:39:28.912" activeThreads="16">
  <mem-info id="3251" free="3988643120" total="4001234944" percent="99">
    <mem type="nursery" free="7066600" total="9830400" percent="71">
      <mem type="allocate" free="7066600" total="8126464" percent="86" />
      <mem type="survivor" free="0" total="1703936" percent="0" />
    </mem>
    <mem type="tenure" free="3981576520" total="3991404544" percent="99" macro-fragmented="786456">
      <mem type="soa" free="3782035784" total="3791835136" percent="99" />
      <mem type="loa" free="199540736" total="199569408" percent="99" />
    </mem>
    <pending-finalizers system="0" default="0" reference="8" classloader="0" />
    <remembered-set count="487" />
  </mem-info>
</gc-end>
<cycle-end id="3252" type="scavenge" contextid="3245" timestamp="2019-08-11T07:39:28.912" />
  <attribute name="elasticGC enabled" value="1" />
  <attribute name= "numThreadsSpecified" value="16" />
  <attribute name="heapSize specified" value="-91291648" />
  <attribute name="Current GC Util" value="18" />
  <attribute name= "Current Time Running" value="59747" />
  <attribute name ="GC Interval" value="200" />
  <attribute name="ProportionalT" value="-31.000000" />
  <attribute name="ProportionalI" value="-31.000000" />
  <attribute name="ProportionalH" value="-31.000000" />
  <attribute name="Current Error" value="-62.000000" />
  <attribute name="IntegralT" value="-1116.000000" />
  <attribute name="IntegralI" value="-1116.000000" />
  <attribute name="IntegralH" value="-1116.000000" />
  <attribute name="DerivativeT" value="-1.722222" />
  <attribute name="DerivativeI" value="-1.722222" />
  <attribute name="DerivativeH" value="-1.722222" />
  <attribute name="Loop Time for DT" value="36.000000" />
  <attribute name="Output H" value="4203675648"/>
  <attribute name="Output I" value="200"/>
  <attribute name="Output T" value="16"/>
  <attribute name="Target GC Util Change" value ="80.000000" />
  <attribute name="Current GC Util Change" value="18.000000"/>
  <attribute name="GC Util currently" value="18" />
  <attribute name="CPU Util currently" value="32611728655" />
<allocation-satisfied id="3253" threadId="0000000000880F00" bytesRequested="32" />
<af-end id="3254" timestamp="2019-08-11T07:39:28.912" threadId="0000000000881888" success="true" from="nursery"/>
<exclusive-end id="3255" timestamp="2019-08-11T07:39:28.912" durationms="4.578" />

<exclusive-start id="3256" timestamp="2019-08-11T07:39:28.961" intervalms="53.572">
  <response-info timems="0.037" idlems="0.037" threads="0" lastid="0000000000880F00" lastname="main" />
</exclusive-start>
<af-start id="3257" threadId="0000000000881888" totalBytesRequested="16392" timestamp="2019-08-11T07:39:28.961" intervalms="53.539" type="nursery" />
<cycle-start id="3258" type="scavenge" contextid="0" timestamp="2019-08-11T07:39:28.961" intervalms="53.542" />
<gc-start id="3259" type="scavenge" contextid="3258" timestamp="2019-08-11T07:39:28.961">
  <mem-info id="3260" free="3981560112" total="4001234944" percent="99">
    <mem type="nursery" free="0" total="9830400" percent="0">
      <mem type="allocate" free="0" total="8126464" percent="0" />
      <mem type="survivor" free="0" total="1703936" percent="0" />
    </mem>
    <mem type="tenure" free="3981560112" total="3991404544" percent="99">
      <mem type="soa" free="3782019376" total="3791835136" percent="99" />
      <mem type="loa" free="199540736" total="199569408" percent="99" />
    </mem>
    <remembered-set count="623" />
  </mem-info>
</gc-start>
<allocation-stats totalBytes="7062768" >
  <allocated-bytes non-tlh="682008" tlh="6380760" />
  <largest-consumer threadName="main" threadId="0000000000880F00" bytes="7062768" />
</allocation-stats>
<gc-op id="3261" type="scavenge" timems="2.629" contextid="3258" timestamp="2019-08-11T07:39:28.964">
  <scavenger-info tenureage="14" tenuremask="4000" tiltratio="82" />
  <memory-copied type="nursery" objects="4066" bytes="671672" bytesdiscarded="78288" />
  <references type="soft" candidates="50" cleared="0" enqueued="0" dynamicThreshold="31" maxThreshold="32" />
  <references type="weak" candidates="345" cleared="2" enqueued="2" />
  <references type="phantom" candidates="2" cleared="0" enqueued="0" />
</gc-op>
<gc-end id="3262" type="scavenge" contextid="3258" durationms="3.265" usertimems="7.584" systemtimems="0.000" timestamp="2019-08-11T07:39:28.964" activeThreads="16">
  <mem-info id="3263" free="3989132968" total="4001234944" percent="99">
    <mem type="nursery" free="7572856" total="9830400" percent="77">
      <mem type="allocate" free="7572856" total="8323072" percent="90" />
      <mem type="survivor" free="0" total="1507328" percent="0" />
    </mem>
    <mem type="tenure" free="3981560112" total="3991404544" percent="99" macro-fragmented="2160235">
      <mem type="soa" free="3782019376" total="3791835136" percent="99" />
      <mem type="loa" free="199540736" total="199569408" percent="99" />
    </mem>
    <pending-finalizers system="0" default="0" reference="2" classloader="0" />
    <remembered-set count="340" />
  </mem-info>
</gc-end>
<cycle-end id="3264" type="scavenge" contextid="3258" timestamp="2019-08-11T07:39:28.964" />
  <attribute name="elasticGC enabled" value="1" />
  <attribute name= "numThreadsSpecified" value="16" />
  <attribute name="heapSize specified" value="-91291648" />
  <attribute name="Current GC Util" value="15" />
  <attribute name= "Current Time Running" value="59800" />
  <attribute name ="GC Interval" value="200" />
  <attribute name="ProportionalT" value="-32.500000" />
  <attribute name="ProportionalI" value="-32.500000" />
  <attribute name="ProportionalH" value="-32.500000" />
  <attribute name="Current Error" value="-65.000000" />
  <attribute name="IntegralT" value="-1722.500000" />
  <attribute name="IntegralI" value="-1722.500000" />
  <attribute name="IntegralH" value="-1722.500000" />
  <attribute name="DerivativeT" value="-1.226415" />
  <attribute name="DerivativeI" value="-1.226415" />
  <attribute name="DerivativeH" value="-1.226415" />
  <attribute name="Loop Time for DT" value="53.000000" />
  <attribute name="Output H" value="4203675648"/>
  <attribute name="Output I" value="200"/>
  <attribute name="Output T" value="16"/>
  <attribute name="Target GC Util Change" value ="80.000000" />
  <attribute name="Current GC Util Change" value="15.000000"/>
  <attribute name="GC Util currently" value="15" />
  <attribute name="CPU Util currently" value="21549635254" />
<allocation-satisfied id="3265" threadId="0000000000880F00" bytesRequested="16392" />
<af-end id="3266" timestamp="2019-08-11T07:39:28.964" threadId="0000000000881888" success="true" from="nursery"/>
<exclusive-end id="3267" timestamp="2019-08-11T07:39:28.964" durationms="3.530" />

<exclusive-start id="3268" timestamp="2019-08-11T07:39:28.986" intervalms="25.353">
  <response-info timems="0.062" idlems="0.062" threads="0" lastid="0000000000880F00" lastname="main" />
</exclusive-start>
<af-start id="3269" threadId="0000000000881888" totalBytesRequested="24" timestamp="2019-08-11T07:39:28.986" intervalms="25.366" type="nursery" />
<cycle-start id="3270" type="scavenge" contextid="0" timestamp="2019-08-11T07:39:28.986" intervalms="25.348" />
<gc-start id="3271" type="scavenge" contextid="3270" timestamp="2019-08-11T07:39:28.986">
  <mem-info id="3272" free="3981560024" total="4001234944" percent="99">
    <mem type="nursery" free="0" total="9830400" percent="0">
      <mem type="allocate" free="0" total="8323072" percent="0" />
      <mem type="survivor" free="0" total="1507328" percent="0" />
    </mem>
    <mem type="tenure" free="3981560024" total="3991404544" percent="99">
      <mem type="soa" free="3782019288" total="3791835136" percent="99" />
      <mem type="loa" free="199540736" total="199569408" percent="99" />
    </mem>
    <remembered-set count="342" />
  </mem-info>
</gc-start>
<allocation-stats totalBytes="7572144" >
  <allocated-bytes non-tlh="311424" tlh="7260720" />
  <largest-consumer threadName="main" threadId="0000000000880F00" bytes="7572144" />
</allocation-stats>
<gc-op id="3273" type="scavenge" timems="3.170" contextid="3270" timestamp="2019-08-11T07:39:28.990">
  <scavenger-info tenureage="14" tenuremask="4000" tiltratio="84" />
  <memory-copied type="nursery" objects="16263" bytes="1395144" bytesdiscarded="111928" />
  <memory-copied type="tenure" objects="4321" bytes="183944" bytesdiscarded="104" />
  <copy-failed type="nursery" objects="4321" bytes="183944" />
  <references type="soft" candidates="50" cleared="0" enqueued="0" dynamicThreshold="31" maxThreshold="32" />
  <references type="weak" candidates="343" cleared="0" enqueued="0" />
  <references type="phantom" candidates="2" cleared="0" enqueued="0" />
</gc-op>
<heap-resize id="3274" type="expand" space="nursery" amount="655360" count="1" timems="0.014" reason="excessive time being spent scavenging" timestamp="2019-08-11T07:39:28.990" />
<gc-end id="3275" type="scavenge" contextid="3270" durationms="3.781" usertimems="7.804" systemtimems="0.000" timestamp="2019-08-11T07:39:28.990" activeThreads="16">
  <mem-info id="3276" free="3987152088" total="4001890304" percent="99">
    <mem type="nursery" free="5767168" total="10485760" percent="55">
      <mem type="allocate" free="5767168" total="7274496" percent="79" />
      <mem type="survivor" free="0" total="3211264" percent="0" />
    </mem>
    <mem type="tenure" free="3981384920" total="3991404544" percent="99" macro-fragmented="5375357">
      <mem type="soa" free="3781844184" total="3791835136" percent="99" />
      <mem type="loa" free="199540736" total="199569408" percent="99" />
    </mem>
    <remembered-set count="2612" />
  </mem-info>
</gc-end>
<cycle-end id="3277" type="scavenge" contextid="3270" timestamp="2019-08-11T07:39:28.990" />
  <attribute name="elasticGC enabled" value="1" />
  <attribute name= "numThreadsSpecified" value="16" />
  <attribute name="heapSize specified" value="-91291648" />
  <attribute name="Current GC Util" value="23" />
  <attribute name= "Current Time Running" value="59826" />
  <attribute name ="GC Interval" value="200" />
  <attribute name="ProportionalT" value="-28.500000" />
  <attribute name="ProportionalI" value="-28.500000" />
  <attribute name="ProportionalH" value="-28.500000" />
  <attribute name="Current Error" value="-57.000000" />
  <attribute name="IntegralT" value="-741.000000" />
  <attribute name="IntegralI" value="-741.000000" />
  <attribute name="IntegralH" value="-741.000000" />
  <attribute name="DerivativeT" value="-2.192308" />
  <attribute name="DerivativeI" value="-2.192308" />
  <attribute name="DerivativeH" value="-2.192308" />
  <attribute name="Loop Time for DT" value="26.000000" />
  <attribute name="Output H" value="4203675648"/>
  <attribute name="Output I" value="200"/>
  <attribute name="Output T" value="16"/>
  <attribute name="Target GC Util Change" value ="80.000000" />
  <attribute name="Current GC Util Change" value="23.000000"/>
  <attribute name="GC Util currently" value="23" />
  <attribute name="CPU Util currently" value="45481035009" />
<allocation-satisfied id="3278" threadId="0000000000880F00" bytesRequested="24" />
<af-end id="3279" timestamp="2019-08-11T07:39:28.990" threadId="0000000000881888" success="true" from="nursery"/>
<exclusive-end id="3280" timestamp="2019-08-11T07:39:28.990" durationms="4.044" />

<exclusive-start id="3281" timestamp="2019-08-11T07:39:29.020" intervalms="34.104">
  <response-info timems="0.040" idlems="0.040" threads="0" lastid="0000000000880F00" lastname="main" />
</exclusive-start>
<af-start id="3282" threadId="0000000000881888" totalBytesRequested="2056" timestamp="2019-08-11T07:39:29.020" intervalms="34.088" type="nursery" />
<cycle-start id="3283" type="scavenge" contextid="0" timestamp="2019-08-11T07:39:29.020" intervalms="34.107" />
<gc-start id="3284" type="scavenge" contextid="3283" timestamp="2019-08-11T07:39:29.020">
  <mem-info id="3285" free="3981346848" total="4001890304" percent="99">
    <mem type="nursery" free="0" total="10485760" percent="0">
      <mem type="allocate" free="0" total="7274496" percent="0" />
      <mem type="survivor" free="0" total="3211264" percent="0" />
    </mem>
    <mem type="tenure" free="3981346848" total="3991404544" percent="99">
      <mem type="soa" free="3781806112" total="3791835136" percent="99" />
      <mem type="loa" free="199540736" total="199569408" percent="99" />
    </mem>
    <remembered-set count="2806" />
  </mem-info>
</gc-start>
<allocation-stats totalBytes="5803864" >
  <allocated-bytes non-tlh="38096" tlh="5765768" />
  <largest-consumer threadName="main" threadId="0000000000880F00" bytes="5803864" />
</allocation-stats>
<gc-op id="3286" type="scavenge" timems="2.499" contextid="3283" timestamp="2019-08-11T07:39:29.023">
  <scavenger-info tenureage="9" tenuremask="4200" tiltratio="69" />
  <memory-copied type="nursery" objects="7134" bytes="675712" bytesdiscarded="143384" />
  <memory-copied type="tenure" objects="68" bytes="2112" bytesdiscarded="0" />
  <references type="soft" candidates="137" cleared="0" enqueued="0" dynamicThreshold="31" maxThreshold="32" />
  <references type="weak" candidates="326" cleared="1" enqueued="1" />
  <references type="phantom" candidates="1" cleared="0" enqueued="0" />
</gc-op>
<gc-end id="3287" type="scavenge" contextid="3283" durationms="3.022" usertimems="8.298" systemtimems="0.000" timestamp="2019-08-11T07:39:29.023" activeThreads="16">
  <mem-info id="3288" free="3988195192" total="4001890304" percent="99">
    <mem type="nursery" free="6848344" total="10485760" percent="65">
      <mem type="allocate" free="6848344" total="7667712" percent="89" />
      <mem type="survivor" free="0" total="2818048" percent="0" />
    </mem>
    <mem type="tenure" free="3981346848" total="3991404544" percent="99" macro-fragmented="723458">
      <mem type="soa" free="3781806112" total="3791835136" percent="99" />
      <mem type="loa" free="199540736" total="199569408" percent="99" />
    </mem>
    <pending-finalizers system="0" default="0" reference="1" classloader="0" />
    <remembered-set count="2675" />
  </mem-info>
</gc-end>
<cycle-end id="3289" type="scavenge" contextid="3283" timestamp="2019-08-11T07:39:29.024" />
  <attribute name="elasticGC enabled" value="1" />
  <attribute name= "numThreadsSpecified" value="16" />
  <attribute name="heapSize specified" value="-91291648" />
  <attribute name="Current GC Util" value="21" />
  <attribute name= "Current Time Running" value="59860" />
  <attribute name ="GC Interval" value="200" />
  <attribute name="ProportionalT" value="-29.500000" />
  <attribute name="ProportionalI" value="-29.500000" />
  <attribute name="ProportionalH" value="-29.500000" />
  <attribute name="Current Error" value="-59.000000" />
  <attribute name="IntegralT" value="-1003.000000" />
  <attribute name="IntegralI" value="-1003.000000" />
  <attribute name="IntegralH" value="-1003.000000" />
  <attribute name="DerivativeT" value="-1.735294" />
  <attribute name="DerivativeI" value="-1.735294" />
  <attribute name="DerivativeH" value="-1.735294" />
  <attribute name="Loop Time for DT" value="34.000000" />
  <attribute name="Output H" value="4203675648"/>
  <attribute name="Output I" value="200"/>
  <attribute name="Output T" value="16"/>
  <attribute name="Target GC Util Change" value ="80.000000" />
  <attribute name="Current GC Util Change" value="21.000000"/>
  <attribute name="GC Util currently" value="21" />
  <attribute name="CPU Util currently" value="33764880540" />
<allocation-satisfied id="3290" threadId="0000000000880F00" bytesRequested="2056" />
<af-end id="3291" timestamp="2019-08-11T07:39:29.024" threadId="0000000000881888" success="true" from="nursery"/>
<exclusive-end id="3292" timestamp="2019-08-11T07:39:29.024" durationms="3.273" />

<exclusive-start id="3293" timestamp="2019-08-11T07:39:29.051" intervalms="31.028">
  <response-info timems="0.010" idlems="0.010" threads="0" lastid="0000000000880F00" lastname="main" />
</exclusive-start>
<af-start id="3294" threadId="0000000000881888" totalBytesRequested="2376" timestamp="2019-08-11T07:39:29.051" intervalms="31.029" type="nursery" />
<cycle-start id="3295" type="scavenge" contextid="0" timestamp="2019-08-11T07:39:29.051" intervalms="31.033" />
<gc-start id="3296" type="scavenge" contextid="3295" timestamp="2019-08-11T07:39:29.051">
  <mem-info id="3297" free="3981332992" total="4001890304" percent="99">
    <mem type="nursery" free="0" total="10485760" percent="0">
      <mem type="allocate" free="0" total="7667712" percent="0" />
      <mem type="survivor" free="0" total="2818048" percent="0" />
    </mem>
    <mem type="tenure" free="3981332992" total="3991404544" percent="99">
      <mem type="soa" free="3781792256" total="3791835136" percent="99" />
      <mem type="loa" free="199540736" total="199569408" percent="99" />
    </mem>
    <remembered-set count="2965" />
  </mem-info>
</gc-start>
<allocation-stats totalBytes="6860200" >
  <allocated-bytes non-tlh="215920" tlh="6644280" />
  <largest-consumer threadName="main" threadId="0000000000880F00" bytes="6860200" />
</allocation-stats>
<gc-op id="3298" type="scavenge" timems="1.823" contextid="3295" timestamp="2019-08-11T07:39:29.053">
  <scavenger-info tenureage="5" tenuremask="4020" tiltratio="73" />
  <memory-copied type="nursery" objects="6887" bytes="652992" bytesdiscarded="231072" />
  <memory-copied type="tenure" objects="1419" bytes="53632" bytesdiscarded="56" />
  <references type="soft" candidates="116" cleared="0" enqueued="0" dynamicThreshold="31" maxThreshold="32" />
  <references type="weak" candidates="210" cleared="8" enqueued="8" />
  <references type="phantom" candidates="1" cleared="0" enqueued="0" />
</gc-op>
<heap-resize id="3299" type="expand" space="nursery" amount="393216" count="1" timems="0.013" reason="excessive time being spent scavenging" timestamp="2019-08-11T07:39:29.054" />
<gc-end id="3300" type="scavenge" contextid="3295" durationms="2.390" usertimems="4.786" systemtimems="0.000" timestamp="2019-08-11T07:39:29.054" activeThreads="16">
  <mem-info id="3301" free="3988723392" total="4002283520" percent="99">
    <mem type="nursery" free="7438784" total="10878976" percent="68">
      <mem type="allocate" free="7438784" total="8323072" percent="89" />
      <mem type="survivor" free="0" total="2555904" percent="0" />
    </mem>
    <mem type="tenure" free="3981284608" total="3991404544" percent="99" macro-fragmented="0">
      <mem type="soa" free="3781743872" total="3791835136" percent="99" />
      <mem type="loa" free="199540736" total="199569408" percent="99" />
    </mem>
    <pending-finalizers system="0" default="0" reference="8" classloader="0" />
    <remembered-set count="2869" />
  </mem-info>
</gc-end>
<cycle-end id="3302" type="scavenge" contextid="3295" timestamp="2019-08-11T07:39:29.054" />
  <attribute name="elasticGC enabled" value="1" />
  <attribute name= "numThreadsSpecified" value="16" />
  <attribute name="heapSize specified" value="-91291648" />
  <attribute name="Current GC Util" value="18" />
  <attribute name= "Current Time Running" value="59891" />
  <attribute name ="GC Interval" value="200" />
  <attribute name="ProportionalT" value="-31.000000" />
  <attribute name="ProportionalI" value="-31.000000" />
  <attribute name="ProportionalH" value="-31.000000" />
  <attribute name="Current Error" value="-62.000000" />
  <attribute name="IntegralT" value="-961.000000" />
  <attribute name="IntegralI" value="-961.000000" />
  <attribute name="IntegralH" value="-961.000000" />
  <attribute name="DerivativeT" value="-2.000000" />
  <attribute name="DerivativeI" value="-2.000000" />
  <attribute name="DerivativeH" value="-2.000000" />
  <attribute name="Loop Time for DT" value="31.000000" />
  <attribute name="Output H" value="4203675648"/>
  <attribute name="Output I" value="200"/>
  <attribute name="Output T" value="16"/>
  <attribute name="Target GC Util Change" value ="80.000000" />
  <attribute name="Current GC Util Change" value="18.000000"/>
  <attribute name="GC Util currently" value="18" />
  <attribute name="CPU Util currently" value="37227955773" />
<allocation-satisfied id="3303" threadId="0000000000880F00" bytesRequested="2376" />
<af-end id="3304" timestamp="2019-08-11T07:39:29.054" threadId="0000000000881888" success="true" from="nursery"/>
<exclusive-end id="3305" timestamp="2019-08-11T07:39:29.054" durationms="2.620" />

<exclusive-start id="3306" timestamp="2019-08-11T07:39:29.083" intervalms="31.873">
  <response-info timems="0.039" idlems="0.039" threads="0" lastid="0000000000880F00" lastname="main" />
</exclusive-start>
<af-start id="3307" threadId="0000000000881888" totalBytesRequested="32" timestamp="2019-08-11T07:39:29.083" intervalms="31.875" type="nursery" />
<cycle-start id="3308" type="scavenge" contextid="0" timestamp="2019-08-11T07:39:29.083" intervalms="31.872" />
<gc-start id="3309" type="scavenge" contextid="3308" timestamp="2019-08-11T07:39:29.083">
  <mem-info id="3310" free="3981275608" total="4002283520" percent="99">
    <mem type="nursery" free="0" total="10878976" percent="0">
      <mem type="allocate" free="0" total="8323072" percent="0" />
      <mem type="survivor" free="0" total="2555904" percent="0" />
    </mem>
    <mem type="tenure" free="3981275608" total="3991404544" percent="99">
      <mem type="soa" free="3781734872" total="3791835136" percent="99" />
      <mem type="loa" free="199540736" total="199569408" percent="99" />
    </mem>
    <remembered-set count="2933" />
  </mem-info>
</gc-start>
<allocation-stats totalBytes="7445208" >
  <allocated-bytes non-tlh="611400" tlh="6833808" />
  <largest-consumer threadName="main" threadId="0000000000880F00" bytes="7445208" />
</allocation-stats>
<gc-op id="3311" type="scavenge" timems="2.358" contextid="3308" timestamp="2019-08-11T07:39:29.086">
  <scavenger-info tenureage="3" tenuremask="4018" tiltratio="76" />
  <memory-copied type="nursery" objects="5972" bytes="447032" bytesdiscarded="96496" />
  <memory-copied type="tenure" objects="2761" bytes="266752" bytesdiscarded="456" />
  <references type="soft" candidates="94" cleared="0" enqueued="0" dynamicThreshold="31" maxThreshold="32" />
  <references type="weak" candidates="256" cleared="1" enqueued="1" />
  <references type="phantom" candidates="1" cleared="0" enqueued="0" />
</gc-op>
<gc-end id="3312" type="scavenge" contextid="3308" durationms="2.896" usertimems="8.882" systemtimems="0.000" timestamp="2019-08-11T07:39:29.086" activeThreads="16">
  <mem-info id="3313" free="3989269880" total="4002283520" percent="99">
    <mem type="nursery" free="8238000" total="10878976" percent="75">
      <mem type="allocate" free="8238000" total="8781824" percent="93" />
      <mem type="survivor" free="0" total="2097152" percent="0" />
    </mem>
    <mem type="tenure" free="3981031880" total="3991404544" percent="99" macro-fragmented="1250136">
      <mem type="soa" free="3781491144" total="3791835136" percent="99" />
      <mem type="loa" free="199540736" total="199569408" percent="99" />
    </mem>
    <pending-finalizers system="0" default="0" reference="1" classloader="0" />
    <remembered-set count="837" />
  </mem-info>
</gc-end>
<cycle-end id="3314" type="scavenge" contextid="3308" timestamp="2019-08-11T07:39:29.086" />
  <attribute name="elasticGC enabled" value="1" />
  <attribute name= "numThreadsSpecified" value="16" />
  <attribute name="heapSize specified" value="-91291648" />
  <attribute name="Current GC Util" value="14" />
  <attribute name= "Current Time Running" value="59923" />
  <attribute name ="GC Interval" value="200" />
  <attribute name="ProportionalT" value="-33.000000" />
  <attribute name="ProportionalI" value="-33.000000" />
  <attribute name="ProportionalH" value="-33.000000" />
  <attribute name="Current Error" value="-66.000000" />
  <attribute name="IntegralT" value="-1056.000000" />
  <attribute name="IntegralI" value="-1056.000000" />
  <attribute name="IntegralH" value="-1056.000000" />
  <attribute name="DerivativeT" value="-2.062500" />
  <attribute name="DerivativeI" value="-2.062500" />
  <attribute name="DerivativeH" value="-2.062500" />
  <attribute name="Loop Time for DT" value="32.000000" />
  <attribute name="Output H" value="4203675648"/>
  <attribute name="Output I" value="200"/>
  <attribute name="Output T" value="16"/>
  <attribute name="Target GC Util Change" value ="80.000000" />
  <attribute name="Current GC Util Change" value="14.000000"/>
  <attribute name="GC Util currently" value="14" />
  <attribute name="CPU Util currently" value="36144623361" />
<allocation-satisfied id="3315" threadId="0000000000880F00" bytesRequested="32" />
<af-end id="3316" timestamp="2019-08-11T07:39:29.086" threadId="0000000000881888" success="true" from="nursery"/>
<exclusive-end id="3317" timestamp="2019-08-11T07:39:29.086" durationms="3.150" />

<exclusive-start id="3318" timestamp="2019-08-11T07:39:29.123" intervalms="40.220">
  <response-info timems="0.023" idlems="0.023" threads="0" lastid="0000000000880F00" lastname="main" />
</exclusive-start>
<af-start id="3319" threadId="0000000000881888" totalBytesRequested="56" timestamp="2019-08-11T07:39:29.123" intervalms="40.227" type="nursery" />
<cycle-start id="3320" type="scavenge" contextid="0" timestamp="2019-08-11T07:39:29.124" intervalms="40.236" />
<gc-start id="3321" type="scavenge" contextid="3320" timestamp="2019-08-11T07:39:29.124">
  <mem-info id="3322" free="3981026224" total="4002283520" percent="99">
    <mem type="nursery" free="0" total="10878976" percent="0">
      <mem type="allocate" free="0" total="8781824" percent="0" />
      <mem type="survivor" free="0" total="2097152" percent="0" />
    </mem>
    <mem type="tenure" free="3981026224" total="3991404544" percent="99">
      <mem type="soa" free="3781485488" total="3791835136" percent="99" />
      <mem type="loa" free="199540736" total="199569408" percent="99" />
    </mem>
    <remembered-set count="899" />
  </mem-info>
</gc-start>
<allocation-stats totalBytes="8242224" >
  <allocated-bytes non-tlh="205696" tlh="8036528" />
  <largest-consumer threadName="main" threadId="0000000000880F00" bytes="8242224" />
</allocation-stats>
<gc-op id="3323" type="scavenge" timems="2.024" contextid="3320" timestamp="2019-08-11T07:39:29.126">
  <scavenger-info tenureage="14" tenuremask="4000" tiltratio="80" />
  <memory-copied type="nursery" objects="13009" bytes="519800" bytesdiscarded="104960" />
  <references type="soft" candidates="95" cleared="0" enqueued="0" dynamicThreshold="31" maxThreshold="32" />
  <references type="weak" candidates="275" cleared="0" enqueued="0" />
</gc-op>
<gc-end id="3324" type="scavenge" contextid="3320" durationms="2.540" usertimems="4.869" systemtimems="0.000" timestamp="2019-08-11T07:39:29.126" activeThreads="16">
  <mem-info id="3325" free="3989445168" total="4002283520" percent="99">
    <mem type="nursery" free="8418944" total="10878976" percent="77">
      <mem type="allocate" free="8418944" total="9043968" percent="93" />
      <mem type="survivor" free="0" total="1835008" percent="0" />
    </mem>
    <mem type="tenure" free="3981026224" total="3991404544" percent="99" macro-fragmented="4479464">
      <mem type="soa" free="3781485488" total="3791835136" percent="99" />
      <mem type="loa" free="199540736" total="199569408" percent="99" />
    </mem>
    <remembered-set count="610" />
  </mem-info>
</gc-end>
<cycle-end id="3326" type="scavenge" contextid="3320" timestamp="2019-08-11T07:39:29.126" />
  <attribute name="elasticGC enabled" value="1" />
  <attribute name= "numThreadsSpecified" value="16" />
  <attribute name="heapSize specified" value="-91291648" />
  <attribute name="Current GC Util" value="15" />
  <attribute name= "Current Time Running" value="59963" />
  <attribute name ="GC Interval" value="200" />
  <attribute name="ProportionalT" value="-32.500000" />
  <attribute name="ProportionalI" value="-32.500000" />
  <attribute name="ProportionalH" value="-32.500000" />
  <attribute name="Current Error" value="-65.000000" />
  <attribute name="IntegralT" value="-1300.000000" />
  <attribute name="IntegralI" value="-1300.000000" />
  <attribute name="IntegralH" value="-1300.000000" />
  <attribute name="DerivativeT" value="-1.625000" />
  <attribute name="DerivativeI" value="-1.625000" />
  <attribute name="DerivativeH" value="-1.625000" />
  <attribute name="Loop Time for DT" value="40.000000" />
  <attribute name="Output H" value="4203675648"/>
  <attribute name="Output I" value="200"/>
  <attribute name="Output T" value="16"/>
  <attribute name="Target GC Util Change" value ="80.000000" />
  <attribute name="Current GC Util Change" value="15.000000"/>
  <attribute name="GC Util currently" value="15" />
  <attribute name="CPU Util currently" value="28640522123" />
<allocation-satisfied id="3327" threadId="0000000000880F00" bytesRequested="56" />
<af-end id="3328" timestamp="2019-08-11T07:39:29.126" threadId="0000000000881888" success="true" from="nursery"/>
<exclusive-end id="3329" timestamp="2019-08-11T07:39:29.126" durationms="2.847" />

<exclusive-start id="3330" timestamp="2019-08-11T07:39:29.162" intervalms="38.480">
  <response-info timems="0.098" idlems="0.098" threads="0" lastid="0000000000880F00" lastname="main" />
</exclusive-start>
<af-start id="3331" threadId="0000000000881888" totalBytesRequested="32" timestamp="2019-08-11T07:39:29.162" intervalms="38.473" type="nursery" />
<cycle-start id="3332" type="scavenge" contextid="0" timestamp="2019-08-11T07:39:29.162" intervalms="38.440" />
<gc-start id="3333" type="scavenge" contextid="3332" timestamp="2019-08-11T07:39:29.162">
  <mem-info id="3334" free="3981009048" total="4002283520" percent="99">
    <mem type="nursery" free="0" total="10878976" percent="0">
      <mem type="allocate" free="0" total="9043968" percent="0" />
      <mem type="survivor" free="0" total="1835008" percent="0" />
    </mem>
    <mem type="tenure" free="3981009048" total="3991404544" percent="99">
      <mem type="soa" free="3781468312" total="3791835136" percent="99" />
      <mem type="loa" free="199540736" total="199569408" percent="99" />
    </mem>
    <remembered-set count="775" />
  </mem-info>
</gc-start>
<allocation-stats totalBytes="8433584" >
  <allocated-bytes non-tlh="617256" tlh="7816328" />
  <largest-consumer threadName="main" threadId="0000000000880F00" bytes="8433584" />
</allocation-stats>
<gc-op id="3335" type="scavenge" timems="2.438" contextid="3332" timestamp="2019-08-11T07:39:29.165">
  <scavenger-info tenureage="4" tenuremask="4010" tiltratio="83" />
  <memory-copied type="nursery" objects="14454" bytes="898528" bytesdiscarded="177064" />
  <memory-copied type="tenure" objects="1601" bytes="57824" bytesdiscarded="64" />
  <references type="soft" candidates="44" cleared="0" enqueued="0" dynamicThreshold="31" maxThreshold="32" />
  <references type="weak" candidates="330" cleared="2" enqueued="2" />
  <references type="phantom" candidates="1" cleared="0" enqueued="0" />
</gc-op>
<gc-end id="3336" type="scavenge" contextid="3332" durationms="3.019" usertimems="6.719" systemtimems="0.000" timestamp="2019-08-11T07:39:29.165" activeThreads="16">
  <mem-info id="3337" free="3988979560" total="4002283520" percent="99">
    <mem type="nursery" free="8033488" total="10878976" percent="73">
      <mem type="allocate" free="8033488" total="9109504" percent="88" />
      <mem type="survivor" free="0" total="1769472" percent="0" />
    </mem>
    <mem type="tenure" free="3980946072" total="3991404544" percent="99" macro-fragmented="418667">
      <mem type="soa" free="3781405336" total="3791835136" percent="99" />
      <mem type="loa" free="199540736" total="199569408" percent="99" />
    </mem>
    <pending-finalizers system="0" default="0" reference="2" classloader="0" />
    <remembered-set count="618" />
  </mem-info>
</gc-end>
<cycle-end id="3338" type="scavenge" contextid="3332" timestamp="2019-08-11T07:39:29.165" />
  <attribute name="elasticGC enabled" value="1" />
  <attribute name= "numThreadsSpecified" value="16" />
  <attribute name="heapSize specified" value="-91291648" />
  <attribute name="Current GC Util" value="12" />
  <attribute name= "Current Time Running" value="60001" />
  <attribute name ="GC Interval" value="200" />
  <attribute name="ProportionalT" value="-34.000000" />
  <attribute name="ProportionalI" value="-34.000000" />
  <attribute name="ProportionalH" value="-34.000000" />
  <attribute name="Current Error" value="-68.000000" />
  <attribute name="IntegralT" value="-1292.000000" />
  <attribute name="IntegralI" value="-1292.000000" />
  <attribute name="IntegralH" value="-1292.000000" />
  <attribute name="DerivativeT" value="-1.789474" />
  <attribute name="DerivativeI" value="-1.789474" />
  <attribute name="DerivativeH" value="-1.789474" />
  <attribute name="Loop Time for DT" value="38.000000" />
  <attribute name="Output H" value="4203675648"/>
  <attribute name="Output I" value="200"/>
  <attribute name="Output T" value="16"/>
  <attribute name="Target GC Util Change" value ="80.000000" />
  <attribute name="Current GC Util Change" value="12.000000"/>
  <attribute name="GC Util currently" value="12" />
  <attribute name="CPU Util currently" value="29984228393" />
<allocation-satisfied id="3339" threadId="0000000000880F00" bytesRequested="32" />
<af-end id="3340" timestamp="2019-08-11T07:39:29.165" threadId="0000000000881888" success="true" from="nursery"/>
<exclusive-end id="3341" timestamp="2019-08-11T07:39:29.165" durationms="3.377" />

<exclusive-start id="3342" timestamp="2019-08-11T07:39:29.189" intervalms="26.819">
  <response-info timems="0.062" idlems="0.062" threads="0" lastid="0000000000880F00" lastname="main" />
</exclusive-start>
<af-start id="3343" threadId="0000000000881888" totalBytesRequested="32" timestamp="2019-08-11T07:39:29.189" intervalms="26.891" type="nursery" />
<cycle-start id="3344" type="scavenge" contextid="0" timestamp="2019-08-11T07:39:29.189" intervalms="26.913" />
<gc-start id="3345" type="scavenge" contextid="3344" timestamp="2019-08-11T07:39:29.189">
  <mem-info id="3346" free="3980946072" total="4002283520" percent="99">
    <mem type="nursery" free="0" total="10878976" percent="0">
      <mem type="allocate" free="0" total="9109504" percent="0" />
      <mem type="survivor" free="0" total="1769472" percent="0" />
    </mem>
    <mem type="tenure" free="3980946072" total="3991404544" percent="99">
      <mem type="soa" free="3781405336" total="3791835136" percent="99" />
      <mem type="loa" free="199540736" total="199569408" percent="99" />
    </mem>
    <remembered-set count="619" />
  </mem-info>
</gc-start>
<allocation-stats totalBytes="8032760" >
  <allocated-bytes non-tlh="32" tlh="8032728" />
  <largest-consumer threadName="main" threadId="0000000000880F00" bytes="8028664" />
</allocation-stats>
<gc-op id="3347" type="scavenge" timems="2.802" contextid="3344" timestamp="2019-08-11T07:39:29.192">
  <scavenger-info tenureage="14" tenuremask="4000" tiltratio="83" />
  <memory-copied type="nursery" objects="22125" bytes="1182112" bytesdiscarded="102672" />
  <references type="soft" candidates="44" cleared="0" enqueued="0" dynamicThreshold="31" maxThreshold="32" />
  <references type="weak" candidates="326" cleared="0" enqueued="0" />
  <references type="phantom" candidates="1" cleared="0" enqueued="0" />
</gc-op>
<heap-resize id="3348" type="expand" space="nursery" amount="786432" count="1" timems="0.015" reason="excessive time being spent scavenging" timestamp="2019-08-11T07:39:29.192" />
<gc-end id="3349" type="scavenge" contextid="3344" durationms="3.480" usertimems="7.579" systemtimems="0.000" timestamp="2019-08-11T07:39:29.192" activeThreads="16">
  <mem-info id="3350" free="3989425776" total="4003069952" percent="99">
    <mem type="nursery" free="8479704" total="11665408" percent="72">
      <mem type="allocate" free="8479704" total="9764864" percent="86" />
      <mem type="survivor" free="0" total="1900544" percent="0" />
    </mem>
    <mem type="tenure" free="3980946072" total="3991404544" percent="99" macro-fragmented="0">
      <mem type="soa" free="3781405336" total="3791835136" percent="99" />
      <mem type="loa" free="199540736" total="199569408" percent="99" />
    </mem>
    <remembered-set count="576" />
  </mem-info>
</gc-end>
<cycle-end id="3351" type="scavenge" contextid="3344" timestamp="2019-08-11T07:39:29.193" />
  <attribute name="elasticGC enabled" value="1" />
  <attribute name= "numThreadsSpecified" value="16" />
  <attribute name="heapSize specified" value="-91291648" />
  <attribute name="Current GC Util" value="24" />
  <attribute name= "Current Time Running" value="60028" />
  <attribute name ="GC Interval" value="200" />
  <attribute name="ProportionalT" value="-28.000000" />
  <attribute name="ProportionalI" value="-28.000000" />
  <attribute name="ProportionalH" value="-28.000000" />
  <attribute name="Current Error" value="-56.000000" />
  <attribute name="IntegralT" value="-756.000000" />
  <attribute name="IntegralI" value="-756.000000" />
  <attribute name="IntegralH" value="-756.000000" />
  <attribute name="DerivativeT" value="-2.074074" />
  <attribute name="DerivativeI" value="-2.074074" />
  <attribute name="DerivativeH" value="-2.074074" />
  <attribute name="Loop Time for DT" value="27.000000" />
  <attribute name="Output H" value="4203675648"/>
  <attribute name="Output I" value="200"/>
  <attribute name="Output T" value="16"/>
  <attribute name="Target GC Util Change" value ="80.000000" />
  <attribute name="Current GC Util Change" value="24.000000"/>
  <attribute name="GC Util currently" value="24" />
  <attribute name="CPU Util currently" value="42735567103" />
<allocation-satisfied id="3352" threadId="0000000000880F00" bytesRequested="32" />
<af-end id="3353" timestamp="2019-08-11T07:39:29.193" threadId="0000000000881888" success="true" from="nursery"/>
<exclusive-end id="3354" timestamp="2019-08-11T07:39:29.193" durationms="3.875" />

<exclusive-start id="3355" timestamp="2019-08-11T07:39:29.216" intervalms="27.280">
  <response-info timems="0.018" idlems="0.018" threads="0" lastid="0000000000880F00" lastname="main" />
</exclusive-start>
<af-start id="3356" threadId="0000000000881888" totalBytesRequested="48" timestamp="2019-08-11T07:39:29.216" intervalms="27.208" type="nursery" />
<cycle-start id="3357" type="scavenge" contextid="0" timestamp="2019-08-11T07:39:29.216" intervalms="27.208" />
<gc-start id="3358" type="scavenge" contextid="3357" timestamp="2019-08-11T07:39:29.216">
  <mem-info id="3359" free="3980945312" total="4003069952" percent="99">
    <mem type="nursery" free="0" total="11665408" percent="0">
      <mem type="allocate" free="0" total="9764864" percent="0" />
      <mem type="survivor" free="0" total="1900544" percent="0" />
    </mem>
    <mem type="tenure" free="3980945312" total="3991404544" percent="99">
      <mem type="soa" free="3781404576" total="3791835136" percent="99" />
      <mem type="loa" free="199540736" total="199569408" percent="99" />
    </mem>
    <remembered-set count="588" />
  </mem-info>
</gc-start>
<allocation-stats totalBytes="8479152" >
  <allocated-bytes non-tlh="266344" tlh="8212808" />
  <largest-consumer threadName="main" threadId="0000000000880F00" bytes="8479152" />
</allocation-stats>
<gc-op id="3360" type="scavenge" timems="3.401" contextid="3357" timestamp="2019-08-11T07:39:29.220">
  <scavenger-info tenureage="5" tenuremask="4020" tiltratio="83" />
  <memory-copied type="nursery" objects="7193" bytes="617088" bytesdiscarded="33496" />
  <memory-copied type="tenure" objects="1552" bytes="44424" bytesdiscarded="24" />
  <references type="soft" candidates="41" cleared="0" enqueued="0" dynamicThreshold="31" maxThreshold="32" />
  <references type="weak" candidates="141" cleared="0" enqueued="0" />
  <references type="phantom" candidates="1" cleared="0" enqueued="0" />
</gc-op>
<heap-resize id="3361" type="expand" space="nursery" amount="655360" count="1" timems="0.012" reason="excessive time being spent scavenging" timestamp="2019-08-11T07:39:29.220" />
<gc-end id="3362" type="scavenge" contextid="3357" durationms="3.997" usertimems="7.909" systemtimems="0.000" timestamp="2019-08-11T07:39:29.220" activeThreads="16">
  <mem-info id="3363" free="3990731768" total="4003725312" percent="99">
    <mem type="nursery" free="9834840" total="12320768" percent="79">
      <mem type="allocate" free="9834840" total="10485760" percent="93" />
      <mem type="survivor" free="0" total="1835008" percent="0" />
    </mem>
    <mem type="tenure" free="3980896928" total="3991404544" percent="99" macro-fragmented="3110739">
      <mem type="soa" free="3781356192" total="3791835136" percent="99" />
      <mem type="loa" free="199540736" total="199569408" percent="99" />
    </mem>
    <remembered-set count="424" />
  </mem-info>
</gc-end>
<cycle-end id="3364" type="scavenge" contextid="3357" timestamp="2019-08-11T07:39:29.220" />
  <attribute name="elasticGC enabled" value="1" />
  <attribute name= "numThreadsSpecified" value="16" />
  <attribute name="heapSize specified" value="-91291648" />
  <attribute name="Current GC Util" value="26" />
  <attribute name= "Current Time Running" value="60055" />
  <attribute name ="GC Interval" value="200" />
  <attribute name="ProportionalT" value="-27.000000" />
  <attribute name="ProportionalI" value="-27.000000" />
  <attribute name="ProportionalH" value="-27.000000" />
  <attribute name="Current Error" value="-54.000000" />
  <attribute name="IntegralT" value="-729.000000" />
  <attribute name="IntegralI" value="-729.000000" />
  <attribute name="IntegralH" value="-729.000000" />
  <attribute name="DerivativeT" value="-2.000000" />
  <attribute name="DerivativeI" value="-2.000000" />
  <attribute name="DerivativeH" value="-2.000000" />
  <attribute name="Loop Time for DT" value="27.000000" />
  <attribute name="Output H" value="4203675648"/>
  <attribute name="Output I" value="200"/>
  <attribute name="Output T" value="16"/>
  <attribute name="Target GC Util Change" value ="80.000000" />
  <attribute name="Current GC Util Change" value="26.000000"/>
  <attribute name="GC Util currently" value="26" />
  <attribute name="CPU Util currently" value="42493526918" />
<allocation-satisfied id="3365" threadId="0000000000880F00" bytesRequested="48" />
<af-end id="3366" timestamp="2019-08-11T07:39:29.220" threadId="0000000000881888" success="true" from="nursery"/>
<exclusive-end id="3367" timestamp="2019-08-11T07:39:29.220" durationms="4.271" />

<exclusive-start id="3368" timestamp="2019-08-11T07:39:29.239" intervalms="22.842">
  <response-info timems="0.038" idlems="0.038" threads="0" lastid="0000000000880F00" lastname="main" />
</exclusive-start>
<af-start id="3369" threadId="0000000000881888" totalBytesRequested="32" timestamp="2019-08-11T07:39:29.239" intervalms="22.842" type="nursery" />
<cycle-start id="3370" type="scavenge" contextid="0" timestamp="2019-08-11T07:39:29.239" intervalms="22.840" />
<gc-start id="3371" type="scavenge" contextid="3370" timestamp="2019-08-11T07:39:29.239">
  <mem-info id="3372" free="3980896928" total="4003725312" percent="99">
    <mem type="nursery" free="0" total="12320768" percent="0">
      <mem type="allocate" free="0" total="10485760" percent="0" />
      <mem type="survivor" free="0" total="1835008" percent="0" />
    </mem>
    <mem type="tenure" free="3980896928" total="3991404544" percent="99">
      <mem type="soa" free="3781356192" total="3791835136" percent="99" />
      <mem type="loa" free="199540736" total="199569408" percent="99" />
    </mem>
    <remembered-set count="424" />
  </mem-info>
</gc-start>
<allocation-stats totalBytes="9833760" >
  <allocated-bytes non-tlh="48" tlh="9833712" />
  <largest-consumer threadName="main" threadId="0000000000880F00" bytes="9833760" />
</allocation-stats>
<gc-op id="3373" type="scavenge" timems="3.088" contextid="3370" timestamp="2019-08-11T07:39:29.242">
  <scavenger-info tenureage="5" tenuremask="4020" tiltratio="85" />
  <memory-copied type="nursery" objects="22559" bytes="1247976" bytesdiscarded="253344" />
  <memory-copied type="tenure" objects="1238" bytes="36824" bytesdiscarded="80" />
  <references type="soft" candidates="38" cleared="0" enqueued="0" dynamicThreshold="31" maxThreshold="32" />
  <references type="weak" candidates="86" cleared="0" enqueued="0" />
  <references type="phantom" candidates="1" cleared="0" enqueued="0" />
</gc-op>
<heap-resize id="3374" type="expand" space="nursery" amount="786432" count="1" timems="0.012" reason="excessive time being spent scavenging" timestamp="2019-08-11T07:39:29.242" />
<gc-end id="3375" type="scavenge" contextid="3370" durationms="3.663" usertimems="8.396" systemtimems="0.000" timestamp="2019-08-11T07:39:29.243" activeThreads="16">
  <mem-info id="3376" free="3990087240" total="4004511744" percent="99">
    <mem type="nursery" free="9246376" total="13107200" percent="70">
      <mem type="allocate" free="9246376" total="10747904" percent="86" />
      <mem type="survivor" free="0" total="2359296" percent="0" />
    </mem>
    <mem type="tenure" free="3980840864" total="3991404544" percent="99" macro-fragmented="0">
      <mem type="soa" free="3781300128" total="3791835136" percent="99" />
      <mem type="loa" free="199540736" total="199569408" percent="99" />
    </mem>
    <remembered-set count="193" />
  </mem-info>
</gc-end>
<cycle-end id="3377" type="scavenge" contextid="3370" timestamp="2019-08-11T07:39:29.243" />
  <attribute name="elasticGC enabled" value="1" />
  <attribute name= "numThreadsSpecified" value="16" />
  <attribute name="heapSize specified" value="-91291648" />
  <attribute name="Current GC Util" value="33" />
  <attribute name= "Current Time Running" value="60078" />
  <attribute name ="GC Interval" value="200" />
  <attribute name="ProportionalT" value="-23.500000" />
  <attribute name="ProportionalI" value="-23.500000" />
  <attribute name="ProportionalH" value="-23.500000" />
  <attribute name="Current Error" value="-47.000000" />
  <attribute name="IntegralT" value="-540.500000" />
  <attribute name="IntegralI" value="-540.500000" />
  <attribute name="IntegralH" value="-540.500000" />
  <attribute name="DerivativeT" value="-2.043478" />
  <attribute name="DerivativeI" value="-2.043478" />
  <attribute name="DerivativeH" value="-2.043478" />
  <attribute name="Loop Time for DT" value="23.000000" />
  <attribute name="Output H" value="4203675648"/>
  <attribute name="Output I" value="200"/>
  <attribute name="Output T" value="16"/>
  <attribute name="Target GC Util Change" value ="80.000000" />
  <attribute name="Current GC Util Change" value="33.000000"/>
  <attribute name="GC Util currently" value="33" />
  <attribute name="CPU Util currently" value="50549773749" />
<allocation-satisfied id="3378" threadId="0000000000880F00" bytesRequested="32" />
<af-end id="3379" timestamp="2019-08-11T07:39:29.243" threadId="0000000000881888" success="true" from="nursery"/>
<exclusive-end id="3380" timestamp="2019-08-11T07:39:29.243" durationms="3.896" />

<exclusive-start id="3381" timestamp="2019-08-11T07:39:29.284" intervalms="45.403">
  <response-info timems="0.015" idlems="0.015" threads="0" lastid="0000000000880F00" lastname="main" />
</exclusive-start>
<af-start id="3382" threadId="0000000000881888" totalBytesRequested="32" timestamp="2019-08-11T07:39:29.284" intervalms="45.404" type="nursery" />
<cycle-start id="3383" type="scavenge" contextid="0" timestamp="2019-08-11T07:39:29.284" intervalms="45.401" />
<gc-start id="3384" type="scavenge" contextid="3383" timestamp="2019-08-11T07:39:29.284">
  <mem-info id="3385" free="3980840488" total="4004511744" percent="99">
    <mem type="nursery" free="0" total="13107200" percent="0">
      <mem type="allocate" free="0" total="10747904" percent="0" />
      <mem type="survivor" free="0" total="2359296" percent="0" />
    </mem>
    <mem type="tenure" free="3980840488" total="3991404544" percent="99">
      <mem type="soa" free="3781299752" total="3791835136" percent="99" />
      <mem type="loa" free="199540736" total="199569408" percent="99" />
    </mem>
    <remembered-set count="199" />
  </mem-info>
</gc-start>
<allocation-stats totalBytes="9245664" >
  <allocated-bytes non-tlh="200416" tlh="9045248" />
  <largest-consumer threadName="main" threadId="0000000000880F00" bytes="9245664" />
</allocation-stats>
<gc-op id="3386" type="scavenge" timems="2.931" contextid="3383" timestamp="2019-08-11T07:39:29.287">
  <scavenger-info tenureage="14" tenuremask="4000" tiltratio="82" />
  <memory-copied type="nursery" objects="9390" bytes="648480" bytesdiscarded="91904" />
  <references type="soft" candidates="39" cleared="0" enqueued="0" dynamicThreshold="31" maxThreshold="32" />
  <references type="weak" candidates="98" cleared="0" enqueued="0" />
  <references type="phantom" candidates="1" cleared="0" enqueued="0" />
</gc-op>
<gc-end id="3387" type="scavenge" contextid="3383" durationms="3.438" usertimems="7.896" systemtimems="0.000" timestamp="2019-08-11T07:39:29.288" activeThreads="16">
  <mem-info id="3388" free="3991175456" total="4004511744" percent="99">
    <mem type="nursery" free="10334968" total="13107200" percent="78">
      <mem type="allocate" free="10334968" total="11075584" percent="93" />
      <mem type="survivor" free="0" total="2031616" percent="0" />
    </mem>
    <mem type="tenure" free="3980840488" total="3991404544" percent="99" macro-fragmented="0">
      <mem type="soa" free="3781299752" total="3791835136" percent="99" />
      <mem type="loa" free="199540736" total="199569408" percent="99" />
    </mem>
    <remembered-set count="189" />
  </mem-info>
</gc-end>
<cycle-end id="3389" type="scavenge" contextid="3383" timestamp="2019-08-11T07:39:29.288" />
  <attribute name="elasticGC enabled" value="1" />
  <attribute name= "numThreadsSpecified" value="16" />
  <attribute name="heapSize specified" value="-91291648" />
  <attribute name="Current GC Util" value="17" />
  <attribute name= "Current Time Running" value="60124" />
  <attribute name ="GC Interval" value="200" />
  <attribute name="ProportionalT" value="-31.500000" />
  <attribute name="ProportionalI" value="-31.500000" />
  <attribute name="ProportionalH" value="-31.500000" />
  <attribute name="Current Error" value="-63.000000" />
  <attribute name="IntegralT" value="-1449.000000" />
  <attribute name="IntegralI" value="-1449.000000" />
  <attribute name="IntegralH" value="-1449.000000" />
  <attribute name="DerivativeT" value="-1.369565" />
  <attribute name="DerivativeI" value="-1.369565" />
  <attribute name="DerivativeH" value="-1.369565" />
  <attribute name="Loop Time for DT" value="46.000000" />
  <attribute name="Output H" value="4203675648"/>
  <attribute name="Output I" value="200"/>
  <attribute name="Output T" value="16"/>
  <attribute name="Target GC Util Change" value ="80.000000" />
  <attribute name="Current GC Util Change" value="17.000000"/>
  <attribute name="GC Util currently" value="17" />
  <attribute name="CPU Util currently" value="25403733060" />
<allocation-satisfied id="3390" threadId="0000000000880F00" bytesRequested="32" />
<af-end id="3391" timestamp="2019-08-11T07:39:29.288" threadId="0000000000881888" success="true" from="nursery"/>
<exclusive-end id="3392" timestamp="2019-08-11T07:39:29.288" durationms="3.672" />

<exclusive-start id="3393" timestamp="2019-08-11T07:39:29.306" intervalms="21.307">
  <response-info timems="0.040" idlems="0.040" threads="0" lastid="0000000000880F00" lastname="main" />
</exclusive-start>
<af-start id="3394" threadId="0000000000881888" totalBytesRequested="24" timestamp="2019-08-11T07:39:29.306" intervalms="21.309" type="nursery" />
<cycle-start id="3395" type="scavenge" contextid="0" timestamp="2019-08-11T07:39:29.306" intervalms="21.316" />
<gc-start id="3396" type="scavenge" contextid="3395" timestamp="2019-08-11T07:39:29.306">
  <mem-info id="3397" free="3980840488" total="4004511744" percent="99">
    <mem type="nursery" free="0" total="13107200" percent="0">
      <mem type="allocate" free="0" total="11075584" percent="0" />
      <mem type="survivor" free="0" total="2031616" percent="0" />
    </mem>
    <mem type="tenure" free="3980840488" total="3991404544" percent="99">
      <mem type="soa" free="3781299752" total="3791835136" percent="99" />
      <mem type="loa" free="199540736" total="199569408" percent="99" />
    </mem>
    <remembered-set count="189" />
  </mem-info>
</gc-start>
<allocation-stats totalBytes="10333584" >
  <allocated-bytes non-tlh="32" tlh="10333552" />
  <largest-consumer threadName="main" threadId="0000000000880F00" bytes="10333584" />
</allocation-stats>
<gc-op id="3398" type="scavenge" timems="1.546" contextid="3395" timestamp="2019-08-11T07:39:29.307">
  <scavenger-info tenureage="14" tenuremask="4000" tiltratio="84" />
  <memory-copied type="nursery" objects="4622" bytes="223672" bytesdiscarded="65680" />
  <references type="soft" candidates="39" cleared="0" enqueued="0" dynamicThreshold="31" maxThreshold="32" />
  <references type="weak" candidates="98" cleared="0" enqueued="0" />
</gc-op>
<gc-end id="3399" type="scavenge" contextid="3395" durationms="2.104" usertimems="3.809" systemtimems="0.000" timestamp="2019-08-11T07:39:29.308" activeThreads="16">
  <mem-info id="3400" free="3991888664" total="4004511744" percent="99">
    <mem type="nursery" free="11048176" total="13107200" percent="84">
      <mem type="allocate" free="11048176" total="11337728" percent="97" />
      <mem type="survivor" free="0" total="1769472" percent="0" />
    </mem>
    <mem type="tenure" free="3980840488" total="3991404544" percent="99" macro-fragmented="67617">
      <mem type="soa" free="3781299752" total="3791835136" percent="99" />
      <mem type="loa" free="199540736" total="199569408" percent="99" />
    </mem>
    <remembered-set count="185" />
  </mem-info>
</gc-end>
<cycle-end id="3401" type="scavenge" contextid="3395" timestamp="2019-08-11T07:39:29.308" />
  <attribute name="elasticGC enabled" value="1" />
  <attribute name= "numThreadsSpecified" value="16" />
  <attribute name="heapSize specified" value="-91291648" />
  <attribute name="Current GC Util" value="36" />
  <attribute name= "Current Time Running" value="60145" />
  <attribute name ="GC Interval" value="200" />
  <attribute name="ProportionalT" value="-22.000000" />
  <attribute name="ProportionalI" value="-22.000000" />
  <attribute name="ProportionalH" value="-22.000000" />
  <attribute name="Current Error" value="-44.000000" />
  <attribute name="IntegralT" value="-462.000000" />
  <attribute name="IntegralI" value="-462.000000" />
  <attribute name="IntegralH" value="-462.000000" />
  <attribute name="DerivativeT" value="-2.095238" />
  <attribute name="DerivativeI" value="-2.095238" />
  <attribute name="DerivativeH" value="-2.095238" />
  <attribute name="Loop Time for DT" value="21.000000" />
  <attribute name="Output H" value="4203675648"/>
  <attribute name="Output I" value="200"/>
  <attribute name="Output T" value="16"/>
  <attribute name="Target GC Util Change" value ="80.000000" />
  <attribute name="Current GC Util Change" value="36.000000"/>
  <attribute name="GC Util currently" value="36" />
  <attribute name="CPU Util currently" value="53897639528" />
<allocation-satisfied id="3402" threadId="0000000000880F00" bytesRequested="24" />
<af-end id="3403" timestamp="2019-08-11T07:39:29.308" threadId="0000000000881888" success="true" from="nursery"/>
<exclusive-end id="3404" timestamp="2019-08-11T07:39:29.308" durationms="2.366" />

<exclusive-start id="3405" timestamp="2019-08-11T07:39:29.337" intervalms="31.235">
  <response-info timems="0.026" idlems="0.026" threads="0" lastid="0000000000880F00" lastname="main" />
</exclusive-start>
<af-start id="3406" threadId="0000000000881888" totalBytesRequested="10128" timestamp="2019-08-11T07:39:29.337" intervalms="31.231" type="nursery" />
<cycle-start id="3407" type="scavenge" contextid="0" timestamp="2019-08-11T07:39:29.337" intervalms="31.226" />
<gc-start id="3408" type="scavenge" contextid="3407" timestamp="2019-08-11T07:39:29.337">
  <mem-info id="3409" free="3980838040" total="4004511744" percent="99">
    <mem type="nursery" free="0" total="13107200" percent="0">
      <mem type="allocate" free="0" total="11337728" percent="0" />
      <mem type="survivor" free="0" total="1769472" percent="0" />
    </mem>
    <mem type="tenure" free="3980838040" total="3991404544" percent="99">
      <mem type="soa" free="3781297304" total="3791835136" percent="99" />
      <mem type="loa" free="199540736" total="199569408" percent="99" />
    </mem>
    <remembered-set count="209" />
  </mem-info>
</gc-start>
<allocation-stats totalBytes="11048664" >
  <allocated-bytes non-tlh="402488" tlh="10646176" />
  <largest-consumer threadName="main" threadId="0000000000880F00" bytes="11048664" />
</allocation-stats>
<gc-op id="3410" type="scavenge" timems="2.475" contextid="3407" timestamp="2019-08-11T07:39:29.339">
  <scavenger-info tenureage="6" tenuremask="4040" tiltratio="86" />
  <memory-copied type="nursery" objects="3836" bytes="425296" bytesdiscarded="119920" />
  <memory-copied type="tenure" objects="1277" bytes="44304" bytesdiscarded="960" />
  <references type="soft" candidates="5" cleared="0" enqueued="0" dynamicThreshold="31" maxThreshold="32" />
  <references type="weak" candidates="55" cleared="0" enqueued="0" />
  <references type="phantom" candidates="1" cleared="0" enqueued="0" />
</gc-op>
<heap-resize id="3411" type="expand" space="nursery" amount="524288" count="1" timems="0.054" reason="excessive time being spent scavenging" timestamp="2019-08-11T07:39:29.340" />
<gc-end id="3412" type="scavenge" contextid="3407" durationms="3.164" usertimems="5.942" systemtimems="0.000" timestamp="2019-08-11T07:39:29.340" activeThreads="16">
  <mem-info id="3413" free="3992253496" total="4005036032" percent="99">
    <mem type="nursery" free="11447712" total="13631488" percent="83">
      <mem type="allocate" free="11447712" total="11993088" percent="95" />
      <mem type="survivor" free="0" total="1638400" percent="0" />
    </mem>
    <mem type="tenure" free="3980805784" total="3991404544" percent="99" macro-fragmented="1310760">
      <mem type="soa" free="3781265048" total="3791835136" percent="99" />
      <mem type="loa" free="199540736" total="199569408" percent="99" />
    </mem>
    <remembered-set count="215" />
  </mem-info>
</gc-end>
<cycle-end id="3414" type="scavenge" contextid="3407" timestamp="2019-08-11T07:39:29.340" />
  <attribute name="elasticGC enabled" value="1" />
  <attribute name= "numThreadsSpecified" value="16" />
  <attribute name="heapSize specified" value="-91291648" />
  <attribute name="Current GC Util" value="12" />
  <attribute name= "Current Time Running" value="60176" />
  <attribute name ="GC Interval" value="200" />
  <attribute name="ProportionalT" value="-34.000000" />
  <attribute name="ProportionalI" value="-34.000000" />
  <attribute name="ProportionalH" value="-34.000000" />
  <attribute name="Current Error" value="-68.000000" />
  <attribute name="IntegralT" value="-1054.000000" />
  <attribute name="IntegralI" value="-1054.000000" />
  <attribute name="IntegralH" value="-1054.000000" />
  <attribute name="DerivativeT" value="-2.193548" />
  <attribute name="DerivativeI" value="-2.193548" />
  <attribute name="DerivativeH" value="-2.193548" />
  <attribute name="Loop Time for DT" value="31.000000" />
  <attribute name="Output H" value="4203675648"/>
  <attribute name="Output I" value="200"/>
  <attribute name="Output T" value="16"/>
  <attribute name="Target GC Util Change" value ="80.000000" />
  <attribute name="Current GC Util Change" value="12.000000"/>
  <attribute name="GC Util currently" value="12" />
  <attribute name="CPU Util currently" value="36956768526" />
<allocation-satisfied id="3415" threadId="0000000000880F00" bytesRequested="10128" />
<af-end id="3416" timestamp="2019-08-11T07:39:29.340" threadId="0000000000881888" success="true" from="nursery"/>
<exclusive-end id="3417" timestamp="2019-08-11T07:39:29.340" durationms="3.532" />

<exclusive-start id="3418" timestamp="2019-08-11T07:39:29.367" intervalms="30.126">
  <response-info timems="0.021" idlems="0.021" threads="0" lastid="0000000000880F00" lastname="main" />
</exclusive-start>
<af-start id="3419" threadId="0000000000881888" totalBytesRequested="32" timestamp="2019-08-11T07:39:29.367" intervalms="30.161" type="nursery" />
<cycle-start id="3420" type="scavenge" contextid="0" timestamp="2019-08-11T07:39:29.367" intervalms="30.158" />
<gc-start id="3421" type="scavenge" contextid="3420" timestamp="2019-08-11T07:39:29.367">
  <mem-info id="3422" free="3980805784" total="4005036032" percent="99">
    <mem type="nursery" free="0" total="13631488" percent="0">
      <mem type="allocate" free="0" total="11993088" percent="0" />
      <mem type="survivor" free="0" total="1638400" percent="0" />
    </mem>
    <mem type="tenure" free="3980805784" total="3991404544" percent="99">
      <mem type="soa" free="3781265048" total="3791835136" percent="99" />
      <mem type="loa" free="199540736" total="199569408" percent="99" />
    </mem>
    <remembered-set count="215" />
  </mem-info>
</gc-start>
<allocation-stats totalBytes="11446096" >
  <allocated-bytes non-tlh="10128" tlh="11435968" />
  <largest-consumer threadName="main" threadId="0000000000880F00" bytes="11446096" />
</allocation-stats>
<gc-op id="3423" type="scavenge" timems="3.001" contextid="3420" timestamp="2019-08-11T07:39:29.370">
  <scavenger-info tenureage="8" tenuremask="4100" tiltratio="87" />
  <memory-copied type="nursery" objects="20487" bytes="1094616" bytesdiscarded="150256" />
  <memory-copied type="tenure" objects="258" bytes="8424" bytesdiscarded="0" />
  <references type="soft" candidates="4" cleared="0" enqueued="0" dynamicThreshold="31" maxThreshold="32" />
  <references type="weak" candidates="30" cleared="0" enqueued="0" />
  <references type="phantom" candidates="1" cleared="0" enqueued="0" />
</gc-op>
<heap-resize id="3424" type="expand" space="nursery" amount="655360" count="1" timems="0.013" reason="excessive time being spent scavenging" timestamp="2019-08-11T07:39:29.370" />
<gc-end id="3425" type="scavenge" contextid="3420" durationms="3.604" usertimems="8.738" systemtimems="0.000" timestamp="2019-08-11T07:39:29.371" activeThreads="16">
  <mem-info id="3426" free="3991684944" total="4005691392" percent="99">
    <mem type="nursery" free="10879160" total="14286848" percent="76">
      <mem type="allocate" free="10879160" total="12124160" percent="89" />
      <mem type="survivor" free="0" total="2162688" percent="0" />
    </mem>
    <mem type="tenure" free="3980805784" total="3991404544" percent="99" macro-fragmented="1048608">
      <mem type="soa" free="3781265048" total="3791835136" percent="99" />
      <mem type="loa" free="199540736" total="199569408" percent="99" />
    </mem>
    <remembered-set count="132" />
  </mem-info>
</gc-end>
<cycle-end id="3427" type="scavenge" contextid="3420" timestamp="2019-08-11T07:39:29.371" />
  <attribute name="elasticGC enabled" value="1" />
  <attribute name= "numThreadsSpecified" value="16" />
  <attribute name="heapSize specified" value="-91291648" />
  <attribute name="Current GC Util" value="19" />
  <attribute name= "Current Time Running" value="60206" />
  <attribute name ="GC Interval" value="200" />
  <attribute name="ProportionalT" value="-30.500000" />
  <attribute name="ProportionalI" value="-30.500000" />
  <attribute name="ProportionalH" value="-30.500000" />
  <attribute name="Current Error" value="-61.000000" />
  <attribute name="IntegralT" value="-915.000000" />
  <attribute name="IntegralI" value="-915.000000" />
  <attribute name="IntegralH" value="-915.000000" />
  <attribute name="DerivativeT" value="-2.033333" />
  <attribute name="DerivativeI" value="-2.033333" />
  <attribute name="DerivativeH" value="-2.033333" />
  <attribute name="Loop Time for DT" value="30.000000" />
  <attribute name="Output H" value="4203675648"/>
  <attribute name="Output I" value="200"/>
  <attribute name="Output T" value="16"/>
  <attribute name="Target GC Util Change" value ="80.000000" />
  <attribute name="Current GC Util Change" value="19.000000"/>
  <attribute name="GC Util currently" value="19" />
  <attribute name="CPU Util currently" value="38202368258" />
<allocation-satisfied id="3428" threadId="0000000000880F00" bytesRequested="32" />
<af-end id="3429" timestamp="2019-08-11T07:39:29.371" threadId="0000000000881888" success="true" from="nursery"/>
<exclusive-end id="3430" timestamp="2019-08-11T07:39:29.371" durationms="3.977" />

<exclusive-start id="3431" timestamp="2019-08-11T07:39:29.394" intervalms="26.770">
  <response-info timems="0.027" idlems="0.027" threads="0" lastid="0000000000880F00" lastname="main" />
</exclusive-start>
<af-start id="3432" threadId="0000000000881888" totalBytesRequested="32" timestamp="2019-08-11T07:39:29.394" intervalms="26.733" type="nursery" />
<cycle-start id="3433" type="scavenge" contextid="0" timestamp="2019-08-11T07:39:29.394" intervalms="26.748" />
<gc-start id="3434" type="scavenge" contextid="3433" timestamp="2019-08-11T07:39:29.394">
  <mem-info id="3435" free="3980804472" total="4005691392" percent="99">
    <mem type="nursery" free="0" total="14286848" percent="0">
      <mem type="allocate" free="0" total="12124160" percent="0" />
      <mem type="survivor" free="0" total="2162688" percent="0" />
    </mem>
    <mem type="tenure" free="3980804472" total="3991404544" percent="99">
      <mem type="soa" free="3781263736" total="3791835136" percent="99" />
      <mem type="loa" free="199540736" total="199569408" percent="99" />
    </mem>
    <remembered-set count="159" />
  </mem-info>
</gc-start>
<allocation-stats totalBytes="10878664" >
  <allocated-bytes non-tlh="401360" tlh="10477304" />
  <largest-consumer threadName="main" threadId="0000000000880F00" bytes="10878664" />
</allocation-stats>
<gc-op id="3436" type="scavenge" timems="2.143" contextid="3433" timestamp="2019-08-11T07:39:29.396">
  <scavenger-info tenureage="14" tenuremask="4000" tiltratio="84" />
  <memory-copied type="nursery" objects="2846" bytes="345040" bytesdiscarded="119776" />
  <references type="soft" candidates="6" cleared="0" enqueued="0" dynamicThreshold="31" maxThreshold="32" />
  <references type="weak" candidates="42" cleared="0" enqueued="0" />
  <references type="phantom" candidates="1" cleared="0" enqueued="0" />
</gc-op>
<gc-end id="3437" type="scavenge" contextid="3433" durationms="2.676" usertimems="5.030" systemtimems="0.000" timestamp="2019-08-11T07:39:29.397" activeThreads="16">
  <mem-info id="3438" free="3992725784" total="4005691392" percent="99">
    <mem type="nursery" free="11921312" total="14286848" percent="83">
      <mem type="allocate" free="11921312" total="12386304" percent="96" />
      <mem type="survivor" free="0" total="1900544" percent="0" />
    </mem>
    <mem type="tenure" free="3980804472" total="3991404544" percent="99" macro-fragmented="0">
      <mem type="soa" free="3781263736" total="3791835136" percent="99" />
      <mem type="loa" free="199540736" total="199569408" percent="99" />
    </mem>
    <remembered-set count="140" />
  </mem-info>
</gc-end>
<cycle-end id="3439" type="scavenge" contextid="3433" timestamp="2019-08-11T07:39:29.397" />
  <attribute name="elasticGC enabled" value="1" />
  <attribute name= "numThreadsSpecified" value="16" />
  <attribute name="heapSize specified" value="-91291648" />
  <attribute name="Current GC Util" value="32" />
  <attribute name= "Current Time Running" value="60233" />
  <attribute name ="GC Interval" value="200" />
  <attribute name="ProportionalT" value="-24.000000" />
  <attribute name="ProportionalI" value="-24.000000" />
  <attribute name="ProportionalH" value="-24.000000" />
  <attribute name="Current Error" value="-48.000000" />
  <attribute name="IntegralT" value="-648.000000" />
  <attribute name="IntegralI" value="-648.000000" />
  <attribute name="IntegralH" value="-648.000000" />
  <attribute name="DerivativeT" value="-1.777778" />
  <attribute name="DerivativeI" value="-1.777778" />
  <attribute name="DerivativeH" value="-1.777778" />
  <attribute name="Loop Time for DT" value="27.000000" />
  <attribute name="Output H" value="4203675648"/>
  <attribute name="Output I" value="200"/>
  <attribute name="Output T" value="16"/>
  <attribute name="Target GC Util Change" value ="80.000000" />
  <attribute name="Current GC Util Change" value="32.000000"/>
  <attribute name="GC Util currently" value="32" />
  <attribute name="CPU Util currently" value="43124082998" />
<allocation-satisfied id="3440" threadId="0000000000880F00" bytesRequested="32" />
<af-end id="3441" timestamp="2019-08-11T07:39:29.397" threadId="0000000000881888" success="true" from="nursery"/>
<exclusive-end id="3442" timestamp="2019-08-11T07:39:29.397" durationms="2.954" />

<exclusive-start id="3443" timestamp="2019-08-11T07:39:29.418" intervalms="24.045">
  <response-info timems="0.036" idlems="0.036" threads="0" lastid="0000000000880F00" lastname="main" />
</exclusive-start>
<af-start id="3444" threadId="0000000000881888" totalBytesRequested="224" timestamp="2019-08-11T07:39:29.418" intervalms="24.089" type="nursery" />
<cycle-start id="3445" type="scavenge" contextid="0" timestamp="2019-08-11T07:39:29.418" intervalms="24.058" />
<gc-start id="3446" type="scavenge" contextid="3445" timestamp="2019-08-11T07:39:29.418">
  <mem-info id="3447" free="3980804120" total="4005691392" percent="99">
    <mem type="nursery" free="0" total="14286848" percent="0">
      <mem type="allocate" free="0" total="12386304" percent="0" />
      <mem type="survivor" free="0" total="1900544" percent="0" />
    </mem>
    <mem type="tenure" free="3980804120" total="3991404544" percent="99">
      <mem type="soa" free="3781263384" total="3791835136" percent="99" />
      <mem type="loa" free="199540736" total="199569408" percent="99" />
    </mem>
    <remembered-set count="147" />
  </mem-info>
</gc-start>
<allocation-stats totalBytes="11919656" >
  <allocated-bytes non-tlh="200392" tlh="11719264" />
  <largest-consumer threadName="main" threadId="0000000000880F00" bytes="11919656" />
</allocation-stats>
<gc-op id="3448" type="scavenge" timems="2.012" contextid="3445" timestamp="2019-08-11T07:39:29.420">
  <scavenger-info tenureage="14" tenuremask="4000" tiltratio="86" />
  <memory-copied type="nursery" objects="9374" bytes="377232" bytesdiscarded="97736" />
  <references type="soft" candidates="7" cleared="0" enqueued="0" dynamicThreshold="31" maxThreshold="32" />
  <references type="weak" candidates="47" cleared="0" enqueued="0" />
</gc-op>
<heap-resize id="3449" type="expand" space="nursery" amount="786432" count="1" timems="0.017" reason="excessive time being spent scavenging" timestamp="2019-08-11T07:39:29.420" />
<gc-end id="3450" type="scavenge" contextid="3445" durationms="2.614" usertimems="4.463" systemtimems="0.000" timestamp="2019-08-11T07:39:29.421" activeThreads="16">
  <mem-info id="3451" free="3993632776" total="4006477824" percent="99">
    <mem type="nursery" free="12828656" total="15073280" percent="85">
      <mem type="allocate" free="12828656" total="13303808" percent="96" />
      <mem type="survivor" free="0" total="1769472" percent="0" />
    </mem>
    <mem type="tenure" free="3980804120" total="3991404544" percent="99" macro-fragmented="0">
      <mem type="soa" free="3781263384" total="3791835136" percent="99" />
      <mem type="loa" free="199540736" total="199569408" percent="99" />
    </mem>
    <remembered-set count="143" />
  </mem-info>
</gc-end>
<cycle-end id="3452" type="scavenge" contextid="3445" timestamp="2019-08-11T07:39:29.421" />
  <attribute name="elasticGC enabled" value="1" />
  <attribute name= "numThreadsSpecified" value="16" />
  <attribute name="heapSize specified" value="-91291648" />
  <attribute name="Current GC Util" value="19" />
  <attribute name= "Current Time Running" value="60257" />
  <attribute name ="GC Interval" value="200" />
  <attribute name="ProportionalT" value="-30.500000" />
  <attribute name="ProportionalI" value="-30.500000" />
  <attribute name="ProportionalH" value="-30.500000" />
  <attribute name="Current Error" value="-61.000000" />
  <attribute name="IntegralT" value="-732.000000" />
  <attribute name="IntegralI" value="-732.000000" />
  <attribute name="IntegralH" value="-732.000000" />
  <attribute name="DerivativeT" value="-2.541667" />
  <attribute name="DerivativeI" value="-2.541667" />
  <attribute name="DerivativeH" value="-2.541667" />
  <attribute name="Loop Time for DT" value="24.000000" />
  <attribute name="Output H" value="4203675648"/>
  <attribute name="Output I" value="200"/>
  <attribute name="Output T" value="16"/>
  <attribute name="Target GC Util Change" value ="80.000000" />
  <attribute name="Current GC Util Change" value="19.000000"/>
  <attribute name="GC Util currently" value="19" />
  <attribute name="CPU Util currently" value="47929414186" />
<allocation-satisfied id="3453" threadId="0000000000880F00" bytesRequested="224" />
<af-end id="3454" timestamp="2019-08-11T07:39:29.421" threadId="0000000000881888" success="true" from="nursery"/>
<exclusive-end id="3455" timestamp="2019-08-11T07:39:29.421" durationms="2.930" />

<exclusive-start id="3456" timestamp="2019-08-11T07:39:29.461" intervalms="43.633">
  <response-info timems="0.053" idlems="0.053" threads="0" lastid="0000000000880F00" lastname="main" />
</exclusive-start>
<af-start id="3457" threadId="0000000000881888" totalBytesRequested="48" timestamp="2019-08-11T07:39:29.461" intervalms="43.627" type="nursery" />
<cycle-start id="3458" type="scavenge" contextid="0" timestamp="2019-08-11T07:39:29.462" intervalms="43.665" />
<gc-start id="3459" type="scavenge" contextid="3458" timestamp="2019-08-11T07:39:29.462">
  <mem-info id="3460" free="3980803696" total="4006477824" percent="99">
    <mem type="nursery" free="0" total="15073280" percent="0">
      <mem type="allocate" free="0" total="13303808" percent="0" />
      <mem type="survivor" free="0" total="1769472" percent="0" />
    </mem>
    <mem type="tenure" free="3980803696" total="3991404544" percent="99">
      <mem type="soa" free="3781262960" total="3791835136" percent="99" />
      <mem type="loa" free="199540736" total="199569408" percent="99" />
    </mem>
    <remembered-set count="154" />
  </mem-info>
</gc-start>
<allocation-stats totalBytes="12827480" >
  <allocated-bytes non-tlh="200656" tlh="12626824" />
  <largest-consumer threadName="main" threadId="0000000000880F00" bytes="12827480" />
</allocation-stats>
<gc-op id="3461" type="scavenge" timems="3.058" contextid="3458" timestamp="2019-08-11T07:39:29.465">
  <scavenger-info tenureage="14" tenuremask="4000" tiltratio="88" />
  <memory-copied type="nursery" objects="16547" bytes="930776" bytesdiscarded="136696" />
  <references type="soft" candidates="8" cleared="0" enqueued="0" dynamicThreshold="31" maxThreshold="32" />
  <references type="weak" candidates="53" cleared="0" enqueued="0" />
  <references type="phantom" candidates="1" cleared="0" enqueued="0" />
</gc-op>
<gc-end id="3462" type="scavenge" contextid="3458" durationms="3.768" usertimems="8.610" systemtimems="0.000" timestamp="2019-08-11T07:39:29.465" activeThreads="16">
  <mem-info id="3463" free="3993039800" total="4006477824" percent="99">
    <mem type="nursery" free="12236104" total="15073280" percent="81">
      <mem type="allocate" free="12236104" total="13303808" percent="91" />
      <mem type="survivor" free="0" total="1769472" percent="0" />
    </mem>
    <mem type="tenure" free="3980803696" total="3991404544" percent="99" macro-fragmented="0">
      <mem type="soa" free="3781262960" total="3791835136" percent="99" />
      <mem type="loa" free="199540736" total="199569408" percent="99" />
    </mem>
    <remembered-set count="130" />
  </mem-info>
</gc-end>
<cycle-end id="3464" type="scavenge" contextid="3458" timestamp="2019-08-11T07:39:29.465" />
  <attribute name="elasticGC enabled" value="1" />
  <attribute name= "numThreadsSpecified" value="16" />
  <attribute name="heapSize specified" value="-91291648" />
  <attribute name="Current GC Util" value="10" />
  <attribute name= "Current Time Running" value="60301" />
  <attribute name ="GC Interval" value="200" />
  <attribute name="ProportionalT" value="-35.000000" />
  <attribute name="ProportionalI" value="-35.000000" />
  <attribute name="ProportionalH" value="-35.000000" />
  <attribute name="Current Error" value="-70.000000" />
  <attribute name="IntegralT" value="-1540.000000" />
  <attribute name="IntegralI" value="-1540.000000" />
  <attribute name="IntegralH" value="-1540.000000" />
  <attribute name="DerivativeT" value="-1.590909" />
  <attribute name="DerivativeI" value="-1.590909" />
  <attribute name="DerivativeH" value="-1.590909" />
  <attribute name="Loop Time for DT" value="44.000000" />
  <attribute name="Output H" value="4203675648"/>
  <attribute name="Output I" value="200"/>
  <attribute name="Output T" value="16"/>
  <attribute name="Target GC Util Change" value ="80.000000" />
  <attribute name="Current GC Util Change" value="10.000000"/>
  <attribute name="GC Util currently" value="10" />
  <attribute name="CPU Util currently" value="26393429823" />
<allocation-satisfied id="3465" threadId="0000000000880F00" bytesRequested="48" />
<af-end id="3466" timestamp="2019-08-11T07:39:29.465" threadId="0000000000881888" success="true" from="nursery"/>
<exclusive-end id="3467" timestamp="2019-08-11T07:39:29.465" durationms="4.131" />

<exclusive-start id="3468" timestamp="2019-08-11T07:39:29.492" intervalms="31.134">
  <response-info timems="0.033" idlems="0.033" threads="0" lastid="0000000000880F00" lastname="main" />
</exclusive-start>
<af-start id="3469" threadId="0000000000881888" totalBytesRequested="32" timestamp="2019-08-11T07:39:29.493" intervalms="31.100" type="nursery" />
<cycle-start id="3470" type="scavenge" contextid="0" timestamp="2019-08-11T07:39:29.493" intervalms="31.084" />
<gc-start id="3471" type="scavenge" contextid="3470" timestamp="2019-08-11T07:39:29.493">
  <mem-info id="3472" free="3980803336" total="4006477824" percent="99">
    <mem type="nursery" free="0" total="15073280" percent="0">
      <mem type="allocate" free="0" total="13303808" percent="0" />
      <mem type="survivor" free="0" total="1769472" percent="0" />
    </mem>
    <mem type="tenure" free="3980803336" total="3991404544" percent="99">
      <mem type="soa" free="3781262600" total="3791835136" percent="99" />
      <mem type="loa" free="199540736" total="199569408" percent="99" />
    </mem>
    <remembered-set count="137" />
  </mem-info>
</gc-start>
<allocation-stats totalBytes="12234880" >
  <allocated-bytes non-tlh="200416" tlh="12034464" />
  <largest-consumer threadName="main" threadId="0000000000880F00" bytes="12234880" />
</allocation-stats>
<gc-op id="3473" type="scavenge" timems="2.923" contextid="3470" timestamp="2019-08-11T07:39:29.496">
  <scavenger-info tenureage="7" tenuremask="4080" tiltratio="88" />
  <memory-copied type="nursery" objects="12847" bytes="796296" bytesdiscarded="200864" />
  <memory-copied type="tenure" objects="830" bytes="25440" bytesdiscarded="360" />
  <references type="soft" candidates="8" cleared="0" enqueued="0" dynamicThreshold="31" maxThreshold="32" />
  <references type="weak" candidates="41" cleared="0" enqueued="0" />
  <references type="phantom" candidates="1" cleared="0" enqueued="0" />
</gc-op>
<heap-resize id="3474" type="expand" space="nursery" amount="917504" count="1" timems="0.014" reason="excessive time being spent scavenging" timestamp="2019-08-11T07:39:29.496" />
<gc-end id="3475" type="scavenge" contextid="3470" durationms="3.590" usertimems="7.244" systemtimems="0.000" timestamp="2019-08-11T07:39:29.496" activeThreads="16">
  <mem-info id="3476" free="3993987320" total="4007395328" percent="99">
    <mem type="nursery" free="13223920" total="15990784" percent="82">
      <mem type="allocate" free="13223920" total="14221312" percent="92" />
      <mem type="survivor" free="0" total="1769472" percent="0" />
    </mem>
    <mem type="tenure" free="3980763400" total="3991404544" percent="99" macro-fragmented="142704">
      <mem type="soa" free="3781222664" total="3791835136" percent="99" />
      <mem type="loa" free="199540736" total="199569408" percent="99" />
    </mem>
    <remembered-set count="185" />
  </mem-info>
</gc-end>
<cycle-end id="3477" type="scavenge" contextid="3470" timestamp="2019-08-11T07:39:29.496" />
  <attribute name="elasticGC enabled" value="1" />
  <attribute name= "numThreadsSpecified" value="16" />
  <attribute name="heapSize specified" value="-91291648" />
  <attribute name="Current GC Util" value="27" />
  <attribute name= "Current Time Running" value="60332" />
  <attribute name ="GC Interval" value="200" />
  <attribute name="ProportionalT" value="-26.500000" />
  <attribute name="ProportionalI" value="-26.500000" />
  <attribute name="ProportionalH" value="-26.500000" />
  <attribute name="Current Error" value="-53.000000" />
  <attribute name="IntegralT" value="-821.500000" />
  <attribute name="IntegralI" value="-821.500000" />
  <attribute name="IntegralH" value="-821.500000" />
  <attribute name="DerivativeT" value="-1.709677" />
  <attribute name="DerivativeI" value="-1.709677" />
  <attribute name="DerivativeH" value="-1.709677" />
  <attribute name="Loop Time for DT" value="31.000000" />
  <attribute name="Output H" value="4203675648"/>
  <attribute name="Output I" value="200"/>
  <attribute name="Output T" value="16"/>
  <attribute name="Target GC Util Change" value ="80.000000" />
  <attribute name="Current GC Util Change" value="27.000000"/>
  <attribute name="GC Util currently" value="27" />
  <attribute name="CPU Util currently" value="37112292463" />
<allocation-satisfied id="3478" threadId="0000000000880F00" bytesRequested="32" />
<af-end id="3479" timestamp="2019-08-11T07:39:29.496" threadId="0000000000881888" success="true" from="nursery"/>
<exclusive-end id="3480" timestamp="2019-08-11T07:39:29.496" durationms="3.850" />

<exclusive-start id="3481" timestamp="2019-08-11T07:39:29.539" intervalms="46.681">
  <response-info timems="0.035" idlems="0.035" threads="0" lastid="0000000000880F00" lastname="main" />
</exclusive-start>
<af-start id="3482" threadId="0000000000881888" totalBytesRequested="32" timestamp="2019-08-11T07:39:29.539" intervalms="46.683" type="nursery" />
<cycle-start id="3483" type="scavenge" contextid="0" timestamp="2019-08-11T07:39:29.539" intervalms="46.693" />
<gc-start id="3484" type="scavenge" contextid="3483" timestamp="2019-08-11T07:39:29.539">
  <mem-info id="3485" free="3980762112" total="4007395328" percent="99">
    <mem type="nursery" free="0" total="15990784" percent="0">
      <mem type="allocate" free="0" total="14221312" percent="0" />
      <mem type="survivor" free="0" total="1769472" percent="0" />
    </mem>
    <mem type="tenure" free="3980762112" total="3991404544" percent="99">
      <mem type="soa" free="3781221376" total="3791835136" percent="99" />
      <mem type="loa" free="199540736" total="199569408" percent="99" />
    </mem>
    <remembered-set count="212" />
  </mem-info>
</gc-start>
<allocation-stats totalBytes="13223816" >
  <allocated-bytes non-tlh="401336" tlh="12822480" />
  <largest-consumer threadName="main" threadId="0000000000880F00" bytes="13223816" />
</allocation-stats>
<gc-op id="3486" type="scavenge" timems="2.427" contextid="3483" timestamp="2019-08-11T07:39:29.542">
  <scavenger-info tenureage="10" tenuremask="4400" tiltratio="88" />
  <memory-copied type="nursery" objects="4297" bytes="398808" bytesdiscarded="92472" />
  <memory-copied type="tenure" objects="139" bytes="4904" bytesdiscarded="0" />
  <references type="soft" candidates="9" cleared="0" enqueued="0" dynamicThreshold="31" maxThreshold="32" />
  <references type="weak" candidates="55" cleared="0" enqueued="0" />
  <references type="phantom" candidates="1" cleared="0" enqueued="0" />
</gc-op>
<gc-end id="3487" type="scavenge" contextid="3483" durationms="3.007" usertimems="8.298" systemtimems="0.000" timestamp="2019-08-11T07:39:29.542" activeThreads="16">
  <mem-info id="3488" free="3994622960" total="4007395328" percent="99">
    <mem type="nursery" free="13860848" total="15990784" percent="86">
      <mem type="allocate" free="13860848" total="14352384" percent="96" />
      <mem type="survivor" free="0" total="1638400" percent="0" />
    </mem>
    <mem type="tenure" free="3980762112" total="3991404544" percent="99" macro-fragmented="3110739">
      <mem type="soa" free="3781221376" total="3791835136" percent="99" />
      <mem type="loa" free="199540736" total="199569408" percent="99" />
    </mem>
    <remembered-set count="150" />
  </mem-info>
</gc-end>
<cycle-end id="3489" type="scavenge" contextid="3483" timestamp="2019-08-11T07:39:29.542" />
  <attribute name="elasticGC enabled" value="1" />
  <attribute name= "numThreadsSpecified" value="16" />
  <attribute name="heapSize specified" value="-91291648" />
  <attribute name="Current GC Util" value="15" />
  <attribute name= "Current Time Running" value="60379" />
  <attribute name ="GC Interval" value="200" />
  <attribute name="ProportionalT" value="-32.500000" />
  <attribute name="ProportionalI" value="-32.500000" />
  <attribute name="ProportionalH" value="-32.500000" />
  <attribute name="Current Error" value="-65.000000" />
  <attribute name="IntegralT" value="-1527.500000" />
  <attribute name="IntegralI" value="-1527.500000" />
  <attribute name="IntegralH" value="-1527.500000" />
  <attribute name="DerivativeT" value="-1.382979" />
  <attribute name="DerivativeI" value="-1.382979" />
  <attribute name="DerivativeH" value="-1.382979" />
  <attribute name="Loop Time for DT" value="47.000000" />
  <attribute name="Output H" value="4203675648"/>
  <attribute name="Output I" value="200"/>
  <attribute name="Output T" value="16"/>
  <attribute name="Target GC Util Change" value ="80.000000" />
  <attribute name="Current GC Util Change" value="15.000000"/>
  <attribute name="GC Util currently" value="15" />
  <attribute name="CPU Util currently" value="24689340620" />
<allocation-satisfied id="3490" threadId="0000000000880F00" bytesRequested="32" />
<af-end id="3491" timestamp="2019-08-11T07:39:29.542" threadId="0000000000881888" success="true" from="nursery"/>
<exclusive-end id="3492" timestamp="2019-08-11T07:39:29.543" durationms="3.324" />

<exclusive-start id="3493" timestamp="2019-08-11T07:39:29.577" intervalms="38.056">
  <response-info timems="0.040" idlems="0.040" threads="0" lastid="0000000000880F00" lastname="main" />
</exclusive-start>
<af-start id="3494" threadId="0000000000881888" totalBytesRequested="32" timestamp="2019-08-11T07:39:29.577" intervalms="38.057" type="nursery" />
<cycle-start id="3495" type="scavenge" contextid="0" timestamp="2019-08-11T07:39:29.577" intervalms="38.052" />
<gc-start id="3496" type="scavenge" contextid="3495" timestamp="2019-08-11T07:39:29.577">
  <mem-info id="3497" free="3980761032" total="4007395328" percent="99">
    <mem type="nursery" free="0" total="15990784" percent="0">
      <mem type="allocate" free="0" total="14352384" percent="0" />
      <mem type="survivor" free="0" total="1638400" percent="0" />
    </mem>
    <mem type="tenure" free="3980761032" total="3991404544" percent="99">
      <mem type="soa" free="3781220296" total="3791835136" percent="99" />
      <mem type="loa" free="199540736" total="199569408" percent="99" />
    </mem>
    <remembered-set count="168" />
  </mem-info>
</gc-start>
<allocation-stats totalBytes="13859416" >
  <allocated-bytes non-tlh="601136" tlh="13258280" />
  <largest-consumer threadName="main" threadId="0000000000880F00" bytes="13859416" />
</allocation-stats>
<gc-op id="3498" type="scavenge" timems="2.975" contextid="3495" timestamp="2019-08-11T07:39:29.580">
  <scavenger-info tenureage="14" tenuremask="4000" tiltratio="89" />
  <memory-copied type="nursery" objects="18358" bytes="999696" bytesdiscarded="141152" />
  <references type="soft" candidates="12" cleared="0" enqueued="0" dynamicThreshold="31" maxThreshold="32" />
  <references type="weak" candidates="61" cleared="0" enqueued="0" />
  <references type="phantom" candidates="1" cleared="0" enqueued="0" />
</gc-op>
<heap-resize id="3499" type="expand" space="nursery" amount="655360" count="1" timems="0.014" reason="excessive time being spent scavenging" timestamp="2019-08-11T07:39:29.581" />
<gc-end id="3500" type="scavenge" contextid="3495" durationms="3.573" usertimems="11.920" systemtimems="0.000" timestamp="2019-08-11T07:39:29.581" activeThreads="16">
  <mem-info id="3501" free="3994299920" total="4008050688" percent="99">
    <mem type="nursery" free="13538888" total="16646144" percent="81">
      <mem type="allocate" free="13538888" total="14680064" percent="92" />
      <mem type="survivor" free="0" total="1966080" percent="0" />
    </mem>
    <mem type="tenure" free="3980761032" total="3991404544" percent="99" macro-fragmented="2160235">
      <mem type="soa" free="3781220296" total="3791835136" percent="99" />
      <mem type="loa" free="199540736" total="199569408" percent="99" />
    </mem>
    <remembered-set count="162" />
  </mem-info>
</gc-end>
<cycle-end id="3502" type="scavenge" contextid="3495" timestamp="2019-08-11T07:39:29.581" />
  <attribute name="elasticGC enabled" value="1" />
  <attribute name= "numThreadsSpecified" value="16" />
  <attribute name="heapSize specified" value="-91291648" />
  <attribute name="Current GC Util" value="13" />
  <attribute name= "Current Time Running" value="60417" />
  <attribute name ="GC Interval" value="200" />
  <attribute name="ProportionalT" value="-33.500000" />
  <attribute name="ProportionalI" value="-33.500000" />
  <attribute name="ProportionalH" value="-33.500000" />
  <attribute name="Current Error" value="-67.000000" />
  <attribute name="IntegralT" value="-1273.000000" />
  <attribute name="IntegralI" value="-1273.000000" />
  <attribute name="IntegralH" value="-1273.000000" />
  <attribute name="DerivativeT" value="-1.763158" />
  <attribute name="DerivativeI" value="-1.763158" />
  <attribute name="DerivativeH" value="-1.763158" />
  <attribute name="Loop Time for DT" value="38.000000" />
  <attribute name="Output H" value="4203675648"/>
  <attribute name="Output I" value="200"/>
  <attribute name="Output T" value="16"/>
  <attribute name="Target GC Util Change" value ="80.000000" />
  <attribute name="Current GC Util Change" value="13.000000"/>
  <attribute name="GC Util currently" value="13" />
  <attribute name="CPU Util currently" value="30306072655" />
<allocation-satisfied id="3503" threadId="0000000000880F00" bytesRequested="32" />
<af-end id="3504" timestamp="2019-08-11T07:39:29.581" threadId="0000000000881888" success="true" from="nursery"/>
<exclusive-end id="3505" timestamp="2019-08-11T07:39:29.581" durationms="3.872" />

<exclusive-start id="3506" timestamp="2019-08-11T07:39:29.613" intervalms="35.539">
  <response-info timems="0.031" idlems="0.031" threads="0" lastid="0000000000880F00" lastname="main" />
</exclusive-start>
<af-start id="3507" threadId="0000000000881888" totalBytesRequested="24" timestamp="2019-08-11T07:39:29.613" intervalms="35.534" type="nursery" />
<cycle-start id="3508" type="scavenge" contextid="0" timestamp="2019-08-11T07:39:29.613" intervalms="35.529" />
<gc-start id="3509" type="scavenge" contextid="3508" timestamp="2019-08-11T07:39:29.613">
  <mem-info id="3510" free="3980759872" total="4008050688" percent="99">
    <mem type="nursery" free="0" total="16646144" percent="0">
      <mem type="allocate" free="0" total="14680064" percent="0" />
      <mem type="survivor" free="0" total="1966080" percent="0" />
    </mem>
    <mem type="tenure" free="3980759872" total="3991404544" percent="99">
      <mem type="soa" free="3781219136" total="3791835136" percent="99" />
      <mem type="loa" free="199540736" total="199569408" percent="99" />
    </mem>
    <remembered-set count="187" />
  </mem-info>
</gc-start>
<allocation-stats totalBytes="13537976" >
  <allocated-bytes non-tlh="201200" tlh="13336776" />
  <largest-consumer threadName="main" threadId="0000000000880F00" bytes="13537976" />
</allocation-stats>
<gc-op id="3511" type="scavenge" timems="3.301" contextid="3508" timestamp="2019-08-11T07:39:29.616">
  <scavenger-info tenureage="14" tenuremask="4000" tiltratio="88" />
  <memory-copied type="nursery" objects="16401" bytes="994416" bytesdiscarded="109184" />
  <references type="soft" candidates="13" cleared="0" enqueued="0" dynamicThreshold="31" maxThreshold="32" />
  <references type="weak" candidates="77" cleared="0" enqueued="0" />
  <references type="phantom" candidates="1" cleared="0" enqueued="0" />
</gc-op>
<heap-resize id="3512" type="expand" space="nursery" amount="655360" count="1" timems="0.014" reason="excessive time being spent scavenging" timestamp="2019-08-11T07:39:29.617" />
<gc-end id="3513" type="scavenge" contextid="3508" durationms="3.876" usertimems="9.873" systemtimems="0.000" timestamp="2019-08-11T07:39:29.617" activeThreads="16">
  <mem-info id="3514" free="3995187952" total="4008706048" percent="99">
    <mem type="nursery" free="14428080" total="17301504" percent="83">
      <mem type="allocate" free="14428080" total="15532032" percent="92" />
      <mem type="survivor" free="0" total="1769472" percent="0" />
    </mem>
    <mem type="tenure" free="3980759872" total="3991404544" percent="99" macro-fragmented="868149">
      <mem type="soa" free="3781219136" total="3791835136" percent="99" />
      <mem type="loa" free="199540736" total="199569408" percent="99" />
    </mem>
    <remembered-set count="163" />
  </mem-info>
</gc-end>
<cycle-end id="3515" type="scavenge" contextid="3508" timestamp="2019-08-11T07:39:29.617" />
  <attribute name="elasticGC enabled" value="1" />
  <attribute name= "numThreadsSpecified" value="16" />
  <attribute name="heapSize specified" value="-91291648" />
  <attribute name="Current GC Util" value="21" />
  <attribute name= "Current Time Running" value="60452" />
  <attribute name ="GC Interval" value="200" />
  <attribute name="ProportionalT" value="-29.500000" />
  <attribute name="ProportionalI" value="-29.500000" />
  <attribute name="ProportionalH" value="-29.500000" />
  <attribute name="Current Error" value="-59.000000" />
  <attribute name="IntegralT" value="-1032.500000" />
  <attribute name="IntegralI" value="-1032.500000" />
  <attribute name="IntegralH" value="-1032.500000" />
  <attribute name="DerivativeT" value="-1.685714" />
  <attribute name="DerivativeI" value="-1.685714" />
  <attribute name="DerivativeH" value="-1.685714" />
  <attribute name="Loop Time for DT" value="35.000000" />
  <attribute name="Output H" value="4203675648"/>
  <attribute name="Output I" value="200"/>
  <attribute name="Output T" value="16"/>
  <attribute name="Target GC Util Change" value ="80.000000" />
  <attribute name="Current GC Util Change" value="21.000000"/>
  <attribute name="GC Util currently" value="21" />
  <attribute name="CPU Util currently" value="32401590580" />
<allocation-satisfied id="3516" threadId="0000000000880F00" bytesRequested="24" />
<af-end id="3517" timestamp="2019-08-11T07:39:29.617" threadId="0000000000881888" success="true" from="nursery"/>
<exclusive-end id="3518" timestamp="2019-08-11T07:39:29.617" durationms="4.185" />

<exclusive-start id="3519" timestamp="2019-08-11T07:39:29.646" intervalms="33.191">
  <response-info timems="0.038" idlems="0.038" threads="0" lastid="0000000000880F00" lastname="main" />
</exclusive-start>
<af-start id="3520" threadId="0000000000881888" totalBytesRequested="32" timestamp="2019-08-11T07:39:29.646" intervalms="33.193" type="nursery" />
<cycle-start id="3521" type="scavenge" contextid="0" timestamp="2019-08-11T07:39:29.646" intervalms="33.193" />
<gc-start id="3522" type="scavenge" contextid="3521" timestamp="2019-08-11T07:39:29.646">
  <mem-info id="3523" free="3980759264" total="4008706048" percent="99">
    <mem type="nursery" free="0" total="17301504" percent="0">
      <mem type="allocate" free="0" total="15532032" percent="0" />
      <mem type="survivor" free="0" total="1769472" percent="0" />
    </mem>
    <mem type="tenure" free="3980759264" total="3991404544" percent="99">
      <mem type="soa" free="3781218528" total="3791835136" percent="99" />
      <mem type="loa" free="199540736" total="199569408" percent="99" />
    </mem>
    <remembered-set count="174" />
  </mem-info>
</gc-start>
<allocation-stats totalBytes="14426928" >
  <allocated-bytes non-tlh="200640" tlh="14226288" />
  <largest-consumer threadName="main" threadId="0000000000880F00" bytes="14426928" />
</allocation-stats>
<gc-op id="3524" type="scavenge" timems="2.899" contextid="3521" timestamp="2019-08-11T07:39:29.649">
  <scavenger-info tenureage="9" tenuremask="4200" tiltratio="89" />
  <memory-copied type="nursery" objects="9965" bytes="692776" bytesdiscarded="135232" />
  <memory-copied type="tenure" objects="451" bytes="16280" bytesdiscarded="0" />
  <references type="soft" candidates="12" cleared="0" enqueued="0" dynamicThreshold="31" maxThreshold="32" />
  <references type="weak" candidates="73" cleared="0" enqueued="0" />
  <references type="phantom" candidates="1" cleared="0" enqueued="0" />
</gc-op>
<heap-resize id="3525" type="expand" space="nursery" amount="786432" count="1" timems="0.012" reason="excessive time being spent scavenging" timestamp="2019-08-11T07:39:29.649" />
<gc-end id="3526" type="scavenge" contextid="3521" durationms="3.482" usertimems="10.372" systemtimems="0.000" timestamp="2019-08-11T07:39:29.650" activeThreads="16">
  <mem-info id="3527" free="3996118320" total="4009492480" percent="99">
    <mem type="nursery" free="15359056" total="18087936" percent="84">
      <mem type="allocate" free="15359056" total="16187392" percent="94" />
      <mem type="survivor" free="0" total="1900544" percent="0" />
    </mem>
    <mem type="tenure" free="3980759264" total="3991404544" percent="99" macro-fragmented="4479464">
      <mem type="soa" free="3781218528" total="3791835136" percent="99" />
      <mem type="loa" free="199540736" total="199569408" percent="99" />
    </mem>
    <remembered-set count="159" />
  </mem-info>
</gc-end>
<cycle-end id="3528" type="scavenge" contextid="3521" timestamp="2019-08-11T07:39:29.650" />
  <attribute name="elasticGC enabled" value="1" />
  <attribute name= "numThreadsSpecified" value="16" />
  <attribute name="heapSize specified" value="-91291648" />
  <attribute name="Current GC Util" value="29" />
  <attribute name= "Current Time Running" value="60485" />
  <attribute name ="GC Interval" value="200" />
  <attribute name="ProportionalT" value="-25.500000" />
  <attribute name="ProportionalI" value="-25.500000" />
  <attribute name="ProportionalH" value="-25.500000" />
  <attribute name="Current Error" value="-51.000000" />
  <attribute name="IntegralT" value="-841.500000" />
  <attribute name="IntegralI" value="-841.500000" />
  <attribute name="IntegralH" value="-841.500000" />
  <attribute name="DerivativeT" value="-1.545455" />
  <attribute name="DerivativeI" value="-1.545455" />
  <attribute name="DerivativeH" value="-1.545455" />
  <attribute name="Loop Time for DT" value="33.000000" />
  <attribute name="Output H" value="4203675648"/>
  <attribute name="Output I" value="200"/>
  <attribute name="Output T" value="16"/>
  <attribute name="Target GC Util Change" value ="80.000000" />
  <attribute name="Current GC Util Change" value="29.000000"/>
  <attribute name="GC Util currently" value="29" />
  <attribute name="CPU Util currently" value="34784066340" />
<allocation-satisfied id="3529" threadId="0000000000880F00" bytesRequested="32" />
<af-end id="3530" timestamp="2019-08-11T07:39:29.650" threadId="0000000000881888" success="true" from="nursery"/>
<exclusive-end id="3531" timestamp="2019-08-11T07:39:29.650" durationms="3.758" />

<exclusive-start id="3532" timestamp="2019-08-11T07:39:29.677" intervalms="31.408">
  <response-info timems="0.052" idlems="0.052" threads="0" lastid="0000000000880F00" lastname="main" />
</exclusive-start>
<af-start id="3533" threadId="0000000000881888" totalBytesRequested="24" timestamp="2019-08-11T07:39:29.677" intervalms="31.407" type="nursery" />
<cycle-start id="3534" type="scavenge" contextid="0" timestamp="2019-08-11T07:39:29.677" intervalms="31.384" />
<gc-start id="3535" type="scavenge" contextid="3534" timestamp="2019-08-11T07:39:29.678">
  <mem-info id="3536" free="3980758088" total="4009492480" percent="99">
    <mem type="nursery" free="0" total="18087936" percent="0">
      <mem type="allocate" free="0" total="16187392" percent="0" />
      <mem type="survivor" free="0" total="1900544" percent="0" />
    </mem>
    <mem type="tenure" free="3980758088" total="3991404544" percent="99">
      <mem type="soa" free="3781217352" total="3791835136" percent="99" />
      <mem type="loa" free="199540736" total="199569408" percent="99" />
    </mem>
    <remembered-set count="182" />
  </mem-info>
</gc-start>
<allocation-stats totalBytes="15358032" >
  <allocated-bytes non-tlh="201216" tlh="15156816" />
  <largest-consumer threadName="main" threadId="0000000000880F00" bytes="15358032" />
</allocation-stats>
<gc-op id="3537" type="scavenge" timems="2.868" contextid="3534" timestamp="2019-08-11T07:39:29.680">
  <scavenger-info tenureage="14" tenuremask="4000" tiltratio="89" />
  <memory-copied type="nursery" objects="9947" bytes="641320" bytesdiscarded="87256" />
  <references type="soft" candidates="13" cleared="0" enqueued="0" dynamicThreshold="31" maxThreshold="32" />
  <references type="weak" candidates="73" cleared="0" enqueued="0" />
  <references type="phantom" candidates="1" cleared="0" enqueued="0" />
</gc-op>
<heap-resize id="3538" type="expand" space="nursery" amount="786432" count="1" timems="0.013" reason="excessive time being spent scavenging" timestamp="2019-08-11T07:39:29.681" />
<gc-end id="3539" type="scavenge" contextid="3534" durationms="3.517" usertimems="9.380" systemtimems="0.000" timestamp="2019-08-11T07:39:29.681" activeThreads="16">
  <mem-info id="3540" free="3996937448" total="4010278912" percent="99">
    <mem type="nursery" free="16179360" total="18874368" percent="85">
      <mem type="allocate" free="16179360" total="16908288" percent="95" />
      <mem type="survivor" free="0" total="1966080" percent="0" />
    </mem>
    <mem type="tenure" free="3980758088" total="3991404544" percent="99" macro-fragmented="201903">
      <mem type="soa" free="3781217352" total="3791835136" percent="99" />
      <mem type="loa" free="199540736" total="199569408" percent="99" />
    </mem>
    <remembered-set count="159" />
  </mem-info>
</gc-end>
<cycle-end id="3541" type="scavenge" contextid="3534" timestamp="2019-08-11T07:39:29.681" />
  <attribute name="elasticGC enabled" value="1" />
  <attribute name= "numThreadsSpecified" value="16" />
  <attribute name="heapSize specified" value="-91291648" />
  <attribute name="Current GC Util" value="23" />
  <attribute name= "Current Time Running" value="60517" />
  <attribute name ="GC Interval" value="200" />
  <attribute name="ProportionalT" value="-28.500000" />
  <attribute name="ProportionalI" value="-28.500000" />
  <attribute name="ProportionalH" value="-28.500000" />
  <attribute name="Current Error" value="-57.000000" />
  <attribute name="IntegralT" value="-912.000000" />
  <attribute name="IntegralI" value="-912.000000" />
  <attribute name="IntegralH" value="-912.000000" />
  <attribute name="DerivativeT" value="-1.781250" />
  <attribute name="DerivativeI" value="-1.781250" />
  <attribute name="DerivativeH" value="-1.781250" />
  <attribute name="Loop Time for DT" value="32.000000" />
  <attribute name="Output H" value="4203675648"/>
  <attribute name="Output I" value="200"/>
  <attribute name="Output T" value="16"/>
  <attribute name="Target GC Util Change" value ="80.000000" />
  <attribute name="Current GC Util Change" value="23.000000"/>
  <attribute name="GC Util currently" value="23" />
  <attribute name="CPU Util currently" value="36771087815" />
<allocation-satisfied id="3542" threadId="0000000000880F00" bytesRequested="24" />
<af-end id="3543" timestamp="2019-08-11T07:39:29.681" threadId="0000000000881888" success="true" from="nursery"/>
<exclusive-end id="3544" timestamp="2019-08-11T07:39:29.681" durationms="3.782" />

<exclusive-start id="3545" timestamp="2019-08-11T07:39:29.748" intervalms="70.145">
  <response-info timems="0.251" idlems="0.251" threads="0" lastid="0000000000880F00" lastname="main" />
</exclusive-start>
<af-start id="3546" threadId="0000000000881888" totalBytesRequested="2008" timestamp="2019-08-11T07:39:29.748" intervalms="70.149" type="nursery" />
<cycle-start id="3547" type="scavenge" contextid="0" timestamp="2019-08-11T07:39:29.748" intervalms="70.243" />
<gc-start id="3548" type="scavenge" contextid="3547" timestamp="2019-08-11T07:39:29.748">
  <mem-info id="3549" free="3980706840" total="4010278912" percent="99">
    <mem type="nursery" free="0" total="18874368" percent="0">
      <mem type="allocate" free="0" total="16908288" percent="0" />
      <mem type="survivor" free="0" total="1966080" percent="0" />
    </mem>
    <mem type="tenure" free="3980706840" total="3991404544" percent="99">
      <mem type="soa" free="3781166104" total="3791835136" percent="99" />
      <mem type="loa" free="199540736" total="199569408" percent="99" />
    </mem>
    <remembered-set count="850" />
  </mem-info>
</gc-start>
<allocation-stats totalBytes="16212424" >
  <allocated-bytes non-tlh="716840" tlh="15495584" />
  <largest-consumer threadName="main" threadId="0000000000880F00" bytes="16212424" />
</allocation-stats>
<gc-op id="3550" type="scavenge" timems="2.995" contextid="3547" timestamp="2019-08-11T07:39:29.751">
  <scavenger-info tenureage="14" tenuremask="4000" tiltratio="89" />
  <memory-copied type="nursery" objects="9870" bytes="635792" bytesdiscarded="156944" />
  <references type="soft" candidates="790" cleared="0" enqueued="0" dynamicThreshold="31" maxThreshold="32" />
  <references type="weak" candidates="171" cleared="20" enqueued="20" />
  <references type="phantom" candidates="1" cleared="0" enqueued="0" />
</gc-op>
<gc-end id="3551" type="scavenge" contextid="3547" durationms="3.500" usertimems="9.884" systemtimems="0.000" timestamp="2019-08-11T07:39:29.751" activeThreads="16">
  <mem-info id="3552" free="3996887224" total="4010278912" percent="99">
    <mem type="nursery" free="16180384" total="18874368" percent="85">
      <mem type="allocate" free="16180384" total="16973824" percent="95" />
      <mem type="survivor" free="0" total="1900544" percent="0" />
    </mem>
    <mem type="tenure" free="3980706840" total="3991404544" percent="99" macro-fragmented="2160235">
      <mem type="soa" free="3781166104" total="3791835136" percent="99" />
      <mem type="loa" free="199540736" total="199569408" percent="99" />
    </mem>
    <pending-finalizers system="0" default="0" reference="20" classloader="0" />
    <remembered-set count="838" />
  </mem-info>
</gc-end>
<cycle-end id="3553" type="scavenge" contextid="3547" timestamp="2019-08-11T07:39:29.752" />
  <attribute name="elasticGC enabled" value="1" />
  <attribute name= "numThreadsSpecified" value="16" />
  <attribute name="heapSize specified" value="-91291648" />
  <attribute name="Current GC Util" value="9" />
  <attribute name= "Current Time Running" value="60587" />
  <attribute name ="GC Interval" value="200" />
  <attribute name="ProportionalT" value="-35.500000" />
  <attribute name="ProportionalI" value="-35.500000" />
  <attribute name="ProportionalH" value="-35.500000" />
  <attribute name="Current Error" value="-71.000000" />
  <attribute name="IntegralT" value="-2485.000000" />
  <attribute name="IntegralI" value="-2485.000000" />
  <attribute name="IntegralH" value="-2485.000000" />
  <attribute name="DerivativeT" value="-1.014286" />
  <attribute name="DerivativeI" value="-1.014286" />
  <attribute name="DerivativeH" value="-1.014286" />
  <attribute name="Loop Time for DT" value="70.000000" />
  <attribute name="Output H" value="4203675648"/>
  <attribute name="Output I" value="200"/>
  <attribute name="Output T" value="16"/>
  <attribute name="Target GC Util Change" value ="80.000000" />
  <attribute name="Current GC Util Change" value="9.000000"/>
  <attribute name="GC Util currently" value="9" />
  <attribute name="CPU Util currently" value="16365648774" />
<allocation-satisfied id="3554" threadId="0000000000880F00" bytesRequested="2008" />
<af-end id="3555" timestamp="2019-08-11T07:39:29.752" threadId="0000000000881888" success="true" from="nursery"/>
<exclusive-end id="3556" timestamp="2019-08-11T07:39:29.752" durationms="4.053" />

<exclusive-start id="3557" timestamp="2019-08-11T07:39:29.975" intervalms="227.605">
  <response-info timems="0.061" idlems="0.061" threads="0" lastid="0000000000880F00" lastname="main" />
</exclusive-start>
<af-start id="3558" threadId="0000000000881888" totalBytesRequested="32" timestamp="2019-08-11T07:39:29.975" intervalms="227.603" type="nursery" />
<cycle-start id="3559" type="scavenge" contextid="0" timestamp="2019-08-11T07:39:29.975" intervalms="227.534" />
<gc-start id="3560" type="scavenge" contextid="3559" timestamp="2019-08-11T07:39:29.975">
  <mem-info id="3561" free="3980691840" total="4010278912" percent="99">
    <mem type="nursery" free="0" total="18874368" percent="0">
      <mem type="allocate" free="0" total="16973824" percent="0" />
      <mem type="survivor" free="0" total="1900544" percent="0" />
    </mem>
    <mem type="tenure" free="3980691840" total="3991404544" percent="99">
      <mem type="soa" free="3781151104" total="3791835136" percent="99" />
      <mem type="loa" free="199540736" total="199569408" percent="99" />
    </mem>
    <remembered-set count="938" />
  </mem-info>
</gc-start>
<allocation-stats totalBytes="16185576" >
  <allocated-bytes non-tlh="2916144" tlh="13269432" />
  <largest-consumer threadName="main" threadId="0000000000880F00" bytes="16185576" />
</allocation-stats>
<gc-op id="3562" type="scavenge" timems="4.054" contextid="3559" timestamp="2019-08-11T07:39:29.979">
  <scavenger-info tenureage="9" tenuremask="4200" tiltratio="89" />
  <memory-copied type="nursery" objects="22809" bytes="723328" bytesdiscarded="109920" />
  <memory-copied type="tenure" objects="162" bytes="1938608" bytesdiscarded="736" />
  <copy-failed type="nursery" objects="1" bytes="1932752" />
  <finalization candidates="3" enqueued="2" />
  <references type="soft" candidates="790" cleared="0" enqueued="0" dynamicThreshold="31" maxThreshold="32" />
  <references type="weak" candidates="192" cleared="3" enqueued="3" />
  <references type="phantom" candidates="2" cleared="0" enqueued="0" />
</gc-op>
<gc-end id="3563" type="scavenge" contextid="3559" durationms="4.603" usertimems="11.243" systemtimems="0.000" timestamp="2019-08-11T07:39:29.980" activeThreads="16">
  <mem-info id="3564" free="3991163560" total="4010278912" percent="99">
    <mem type="nursery" free="12404472" total="18874368" percent="65">
      <mem type="allocate" free="12404472" total="13238272" percent="93" />
      <mem type="survivor" free="0" total="5636096" percent="0" />
    </mem>
    <mem type="tenure" free="3978759088" total="3991404544" percent="99" macro-fragmented="1800196">
      <mem type="soa" free="3779218352" total="3791835136" percent="99" />
      <mem type="loa" free="199540736" total="199569408" percent="99" />
    </mem>
    <pending-finalizers system="0" default="2" reference="3" classloader="0" />
    <remembered-set count="925" />
  </mem-info>
</gc-end>
<cycle-end id="3565" type="scavenge" contextid="3559" timestamp="2019-08-11T07:39:29.980" />
  <attribute name="elasticGC enabled" value="1" />
  <attribute name= "numThreadsSpecified" value="16" />
  <attribute name="heapSize specified" value="-91291648" />
  <attribute name="Current GC Util" value="3" />
  <attribute name= "Current Time Running" value="60815" />
  <attribute name ="GC Interval" value="200" />
  <attribute name="ProportionalT" value="-38.500000" />
  <attribute name="ProportionalI" value="-38.500000" />
  <attribute name="ProportionalH" value="-38.500000" />
  <attribute name="Current Error" value="-77.000000" />
  <attribute name="IntegralT" value="-8778.000000" />
  <attribute name="IntegralI" value="-8778.000000" />
  <attribute name="IntegralH" value="-8778.000000" />
  <attribute name="DerivativeT" value="-0.337719" />
  <attribute name="DerivativeI" value="-0.337719" />
  <attribute name="DerivativeH" value="-0.337719" />
  <attribute name="Loop Time for DT" value="228.000000" />
  <attribute name="Output H" value="4203675648"/>
  <attribute name="Output I" value="200"/>
  <attribute name="Output T" value="16"/>
  <attribute name="Target GC Util Change" value ="80.000000" />
  <attribute name="Current GC Util Change" value="3.000000"/>
  <attribute name="GC Util currently" value="3" />
  <attribute name="CPU Util currently" value="5071396491" />
<allocation-satisfied id="3566" threadId="0000000000880F00" bytesRequested="32" />
<af-end id="3567" timestamp="2019-08-11T07:39:29.980" threadId="0000000000881888" success="true" from="nursery"/>
<exclusive-end id="3568" timestamp="2019-08-11T07:39:29.980" durationms="4.870" />

<exclusive-start id="3569" timestamp="2019-08-11T07:39:30.126" intervalms="150.882">
  <response-info timems="0.075" idlems="0.075" threads="0" lastid="0000000000880F00" lastname="main" />
</exclusive-start>
<af-start id="3570" threadId="0000000000881888" totalBytesRequested="128" timestamp="2019-08-11T07:39:30.126" intervalms="150.882" type="nursery" />
<cycle-start id="3571" type="scavenge" contextid="0" timestamp="2019-08-11T07:39:30.126" intervalms="150.883" />
<gc-start id="3572" type="scavenge" contextid="3571" timestamp="2019-08-11T07:39:30.126">
  <mem-info id="3573" free="3978759088" total="4010278912" percent="99">
    <mem type="nursery" free="0" total="18874368" percent="0">
      <mem type="allocate" free="0" total="13238272" percent="0" />
      <mem type="survivor" free="0" total="5636096" percent="0" />
    </mem>
    <mem type="tenure" free="3978759088" total="3991404544" percent="99">
      <mem type="soa" free="3779218352" total="3791835136" percent="99" />
      <mem type="loa" free="199540736" total="199569408" percent="99" />
    </mem>
    <remembered-set count="926" />
  </mem-info>
</gc-start>
<allocation-stats totalBytes="12389488" >
  <allocated-bytes non-tlh="32" tlh="12389456" />
  <largest-consumer threadName="main" threadId="0000000000880F00" bytes="12385392" />
</allocation-stats>
<gc-op id="3574" type="scavenge" timems="3.785" contextid="3571" timestamp="2019-08-11T07:39:30.130">
  <scavenger-info tenureage="7" tenuremask="4280" tiltratio="70" />
  <memory-copied type="nursery" objects="45743" bytes="1282464" bytesdiscarded="172720" />
  <memory-copied type="tenure" objects="543" bytes="18664" bytesdiscarded="0" />
  <finalization candidates="1" enqueued="0" />
  <references type="soft" candidates="787" cleared="0" enqueued="0" dynamicThreshold="31" maxThreshold="32" />
  <references type="weak" candidates="171" cleared="0" enqueued="0" />
  <references type="phantom" candidates="2" cleared="0" enqueued="0" />
</gc-op>
<gc-end id="3575" type="scavenge" contextid="3571" durationms="4.287" usertimems="16.434" systemtimems="0.000" timestamp="2019-08-11T07:39:30.130" activeThreads="16">
  <mem-info id="3576" free="3990984352" total="4010278912" percent="99">
    <mem type="nursery" free="12241392" total="18874368" percent="64">
      <mem type="allocate" free="12241392" total="13697024" percent="89" />
      <mem type="survivor" free="0" total="5177344" percent="0" />
    </mem>
    <mem type="tenure" free="3978742960" total="3991404544" percent="99" macro-fragmented="1310760">
      <mem type="soa" free="3779202224" total="3791835136" percent="99" />
      <mem type="loa" free="199540736" total="199569408" percent="99" />
    </mem>
    <remembered-set count="308" />
  </mem-info>
</gc-end>
<cycle-end id="3577" type="scavenge" contextid="3571" timestamp="2019-08-11T07:39:30.131" />
  <attribute name="elasticGC enabled" value="1" />
  <attribute name= "numThreadsSpecified" value="16" />
  <attribute name="heapSize specified" value="-91291648" />
  <attribute name="Current GC Util" value="6" />
  <attribute name= "Current Time Running" value="60965" />
  <attribute name ="GC Interval" value="200" />
  <attribute name="ProportionalT" value="-37.000000" />
  <attribute name="ProportionalI" value="-37.000000" />
  <attribute name="ProportionalH" value="-37.000000" />
  <attribute name="Current Error" value="-74.000000" />
  <attribute name="IntegralT" value="-5550.000000" />
  <attribute name="IntegralI" value="-5550.000000" />
  <attribute name="IntegralH" value="-5550.000000" />
  <attribute name="DerivativeT" value="-0.493333" />
  <attribute name="DerivativeI" value="-0.493333" />
  <attribute name="DerivativeH" value="-0.493333" />
  <attribute name="Loop Time for DT" value="150.000000" />
  <attribute name="Output H" value="4203675648"/>
  <attribute name="Output I" value="200"/>
  <attribute name="Output T" value="16"/>
  <attribute name="Target GC Util Change" value ="80.000000" />
  <attribute name="Current GC Util Change" value="6.000000"/>
  <attribute name="GC Util currently" value="6" />
  <attribute name="CPU Util currently" value="7641095762" />
<allocation-satisfied id="3578" threadId="0000000000880F00" bytesRequested="128" />
<af-end id="3579" timestamp="2019-08-11T07:39:30.131" threadId="0000000000881888" success="true" from="nursery"/>
<exclusive-end id="3580" timestamp="2019-08-11T07:39:30.131" durationms="4.621" />

<exclusive-start id="3581" timestamp="2019-08-11T07:39:30.232" intervalms="106.402">
  <response-info timems="0.027" idlems="0.027" threads="0" lastid="0000000000880F00" lastname="main" />
</exclusive-start>
<af-start id="3582" threadId="0000000000881888" totalBytesRequested="104" timestamp="2019-08-11T07:39:30.233" intervalms="106.611" type="nursery" />
<cycle-start id="3583" type="scavenge" contextid="0" timestamp="2019-08-11T07:39:30.233" intervalms="106.592" />
<gc-start id="3584" type="scavenge" contextid="3583" timestamp="2019-08-11T07:39:30.233">
  <mem-info id="3585" free="3978742960" total="4010278912" percent="99">
    <mem type="nursery" free="0" total="18874368" percent="0">
      <mem type="allocate" free="0" total="13697024" percent="0" />
      <mem type="survivor" free="0" total="5177344" percent="0" />
    </mem>
    <mem type="tenure" free="3978742960" total="3991404544" percent="99">
      <mem type="soa" free="3779202224" total="3791835136" percent="99" />
      <mem type="loa" free="199540736" total="199569408" percent="99" />
    </mem>
    <remembered-set count="308" />
  </mem-info>
</gc-start>
<allocation-stats totalBytes="12228736" >
  <allocated-bytes non-tlh="128" tlh="12228608" />
  <largest-consumer threadName="main" threadId="0000000000880F00" bytes="12228736" />
</allocation-stats>
<gc-op id="3586" type="scavenge" timems="5.944" contextid="3583" timestamp="2019-08-11T07:39:30.239">
  <scavenger-info tenureage="3" tenuremask="5208" tiltratio="72" />
  <memory-copied type="nursery" objects="63691" bytes="1621984" bytesdiscarded="147568" />
  <memory-copied type="tenure" objects="7921" bytes="300384" bytesdiscarded="264" />
  <finalization candidates="1" enqueued="0" />
  <references type="soft" candidates="7" cleared="0" enqueued="0" dynamicThreshold="31" maxThreshold="32" />
  <references type="weak" candidates="77" cleared="0" enqueued="0" />
  <references type="phantom" candidates="2" cleared="0" enqueued="0" />
</gc-op>
<gc-end id="3587" type="scavenge" contextid="3583" durationms="6.700" usertimems="21.005" systemtimems="0.000" timestamp="2019-08-11T07:39:30.240" activeThreads="16">
  <mem-info id="3588" free="3990837016" total="4010278912" percent="99">
    <mem type="nursery" free="12517096" total="18874368" percent="66">
      <mem type="allocate" free="12517096" total="14286848" percent="87" />
      <mem type="survivor" free="0" total="4587520" percent="0" />
    </mem>
    <mem type="tenure" free="3978319920" total="3991404544" percent="99" macro-fragmented="2592282">
      <mem type="soa" free="3778779184" total="3791835136" percent="99" />
      <mem type="loa" free="199540736" total="199569408" percent="99" />
    </mem>
    <remembered-set count="176" />
  </mem-info>
</gc-end>
<cycle-end id="3589" type="scavenge" contextid="3583" timestamp="2019-08-11T07:39:30.240" />
  <attribute name="elasticGC enabled" value="1" />
  <attribute name= "numThreadsSpecified" value="16" />
  <attribute name="heapSize specified" value="-91291648" />
  <attribute name="Current GC Util" value="11" />
  <attribute name= "Current Time Running" value="61073" />
  <attribute name ="GC Interval" value="200" />
  <attribute name="ProportionalT" value="-34.500000" />
  <attribute name="ProportionalI" value="-34.500000" />
  <attribute name="ProportionalH" value="-34.500000" />
  <attribute name="Current Error" value="-69.000000" />
  <attribute name="IntegralT" value="-3726.000000" />
  <attribute name="IntegralI" value="-3726.000000" />
  <attribute name="IntegralH" value="-3726.000000" />
  <attribute name="DerivativeT" value="-0.638889" />
  <attribute name="DerivativeI" value="-0.638889" />
  <attribute name="DerivativeH" value="-0.638889" />
  <attribute name="Loop Time for DT" value="108.000000" />
  <attribute name="Output H" value="4203675648"/>
  <attribute name="Output I" value="200"/>
  <attribute name="Output T" value="16"/>
  <attribute name="Target GC Util Change" value ="80.000000" />
  <attribute name="Current GC Util Change" value="11.000000"/>
  <attribute name="GC Util currently" value="11" />
  <attribute name="CPU Util currently" value="10744942592" />
<allocation-satisfied id="3590" threadId="0000000000880F00" bytesRequested="104" />
<af-end id="3591" timestamp="2019-08-11T07:39:30.240" threadId="0000000000881888" success="true" from="nursery"/>
<exclusive-end id="3592" timestamp="2019-08-11T07:39:30.240" durationms="7.718" />

<exclusive-start id="3593" timestamp="2019-08-11T07:39:30.308" intervalms="75.984">
  <response-info timems="0.072" idlems="0.072" threads="0" lastid="0000000000880F00" lastname="main" />
</exclusive-start>
<af-start id="3594" threadId="0000000000881888" totalBytesRequested="16" timestamp="2019-08-11T07:39:30.308" intervalms="75.776" type="nursery" />
<cycle-start id="3595" type="scavenge" contextid="0" timestamp="2019-08-11T07:39:30.308" intervalms="75.796" />
<gc-start id="3596" type="scavenge" contextid="3595" timestamp="2019-08-11T07:39:30.309">
  <mem-info id="3597" free="3978319920" total="4010278912" percent="99">
    <mem type="nursery" free="0" total="18874368" percent="0">
      <mem type="allocate" free="0" total="14286848" percent="0" />
      <mem type="survivor" free="0" total="4587520" percent="0" />
    </mem>
    <mem type="tenure" free="3978319920" total="3991404544" percent="99">
      <mem type="soa" free="3778779184" total="3791835136" percent="99" />
      <mem type="loa" free="199540736" total="199569408" percent="99" />
    </mem>
    <remembered-set count="176" />
  </mem-info>
</gc-start>
<allocation-stats totalBytes="12506496" >
  <allocated-bytes non-tlh="104" tlh="12506392" />
  <largest-consumer threadName="main" threadId="0000000000880F00" bytes="12506496" />
</allocation-stats>
<gc-op id="3598" type="scavenge" timems="3.731" contextid="3595" timestamp="2019-08-11T07:39:30.312">
  <scavenger-info tenureage="3" tenuremask="4108" tiltratio="75" />
  <memory-copied type="nursery" objects="75873" bytes="1925808" bytesdiscarded="158744" />
  <memory-copied type="tenure" objects="13035" bytes="343776" bytesdiscarded="104" />
  <finalization candidates="1" enqueued="0" />
  <references type="soft" candidates="3" cleared="0" enqueued="0" dynamicThreshold="31" maxThreshold="32" />
  <references type="weak" candidates="24" cleared="0" enqueued="0" />
</gc-op>
<heap-resize id="3599" type="expand" space="nursery" amount="786432" count="1" timems="0.015" reason="excessive time being spent scavenging" timestamp="2019-08-11T07:39:30.313" />
<gc-end id="3600" type="scavenge" contextid="3595" durationms="4.302" usertimems="19.340" systemtimems="0.000" timestamp="2019-08-11T07:39:30.313" activeThreads="16">
  <mem-info id="3601" free="3991215648" total="4011065344" percent="99">
    <mem type="nursery" free="13185264" total="19660800" percent="67">
      <mem type="allocate" free="13185264" total="15269888" percent="86" />
      <mem type="survivor" free="0" total="4390912" percent="0" />
    </mem>
    <mem type="tenure" free="3978030384" total="3991404544" percent="99" macro-fragmented="524320">
      <mem type="soa" free="3778489648" total="3791835136" percent="99" />
      <mem type="loa" free="199540736" total="199569408" percent="99" />
    </mem>
    <remembered-set count="189" />
  </mem-info>
</gc-end>
<cycle-end id="3602" type="scavenge" contextid="3595" timestamp="2019-08-11T07:39:30.313" />
  <attribute name="elasticGC enabled" value="1" />
  <attribute name= "numThreadsSpecified" value="16" />
  <attribute name="heapSize specified" value="-91291648" />
  <attribute name="Current GC Util" value="26" />
  <attribute name= "Current Time Running" value="61148" />
  <attribute name ="GC Interval" value="200" />
  <attribute name="ProportionalT" value="-27.000000" />
  <attribute name="ProportionalI" value="-27.000000" />
  <attribute name="ProportionalH" value="-27.000000" />
  <attribute name="Current Error" value="-54.000000" />
  <attribute name="IntegralT" value="-2025.000000" />
  <attribute name="IntegralI" value="-2025.000000" />
  <attribute name="IntegralH" value="-2025.000000" />
  <attribute name="DerivativeT" value="-0.720000" />
  <attribute name="DerivativeI" value="-0.720000" />
  <attribute name="DerivativeH" value="-0.720000" />
  <attribute name="Loop Time for DT" value="75.000000" />
  <attribute name="Output H" value="4203675648"/>
  <attribute name="Output I" value="200"/>
  <attribute name="Output T" value="16"/>
  <attribute name="Target GC Util Change" value ="80.000000" />
  <attribute name="Current GC Util Change" value="26.000000"/>
  <attribute name="GC Util currently" value="26" />
  <attribute name="CPU Util currently" value="15357839404" />
<allocation-satisfied id="3603" threadId="0000000000880F00" bytesRequested="16" />
<af-end id="3604" timestamp="2019-08-11T07:39:30.313" threadId="0000000000881888" success="true" from="nursery"/>
<exclusive-end id="3605" timestamp="2019-08-11T07:39:30.313" durationms="4.576" />

<exclusive-start id="3606" timestamp="2019-08-11T07:39:30.356" intervalms="47.674">
  <response-info timems="0.057" idlems="0.057" threads="0" lastid="0000000000880F00" lastname="main" />
</exclusive-start>
<af-start id="3607" threadId="0000000000881888" totalBytesRequested="680" timestamp="2019-08-11T07:39:30.356" intervalms="47.676" type="nursery" />
<cycle-start id="3608" type="scavenge" contextid="0" timestamp="2019-08-11T07:39:30.356" intervalms="47.673" />
<gc-start id="3609" type="scavenge" contextid="3608" timestamp="2019-08-11T07:39:30.356">
  <mem-info id="3610" free="3978030384" total="4011065344" percent="99">
    <mem type="nursery" free="0" total="19660800" percent="0">
      <mem type="allocate" free="0" total="15269888" percent="0" />
      <mem type="survivor" free="0" total="4390912" percent="0" />
    </mem>
    <mem type="tenure" free="3978030384" total="3991404544" percent="99">
      <mem type="soa" free="3778489648" total="3791835136" percent="99" />
      <mem type="loa" free="199540736" total="199569408" percent="99" />
    </mem>
    <remembered-set count="211" />
  </mem-info>
</gc-start>
<allocation-stats totalBytes="13171808" >
  <allocated-bytes non-tlh="16" tlh="13171792" />
  <largest-consumer threadName="main" threadId="0000000000880F00" bytes="13171808" />
</allocation-stats>
<gc-op id="3611" type="scavenge" timems="3.325" contextid="3608" timestamp="2019-08-11T07:39:30.360">
  <scavenger-info tenureage="3" tenuremask="4108" tiltratio="77" />
  <memory-copied type="nursery" objects="78510" bytes="1981320" bytesdiscarded="177752" />
  <memory-copied type="tenure" objects="23628" bytes="587928" bytesdiscarded="200" />
  <references type="soft" candidates="2" cleared="0" enqueued="0" dynamicThreshold="31" maxThreshold="32" />
  <references type="weak" candidates="8" cleared="0" enqueued="0" />
</gc-op>
<gc-end id="3612" type="scavenge" contextid="3608" durationms="3.917" usertimems="19.988" systemtimems="0.000" timestamp="2019-08-11T07:39:30.360" activeThreads="16">
  <mem-info id="3613" free="3990945824" total="4011065344" percent="99">
    <mem type="nursery" free="13635056" total="19660800" percent="69">
      <mem type="allocate" free="13635056" total="15794176" percent="86" />
      <mem type="survivor" free="0" total="3866624" percent="0" />
    </mem>
    <mem type="tenure" free="3977310768" total="3991404544" percent="99" macro-fragmented="2160235">
      <mem type="soa" free="3777770032" total="3791835136" percent="99" />
      <mem type="loa" free="199540736" total="199569408" percent="99" />
    </mem>
    <remembered-set count="389" />
  </mem-info>
</gc-end>
<cycle-end id="3614" type="scavenge" contextid="3608" timestamp="2019-08-11T07:39:30.360" />
  <attribute name="elasticGC enabled" value="1" />
  <attribute name= "numThreadsSpecified" value="16" />
  <attribute name="heapSize specified" value="-91291648" />
  <attribute name="Current GC Util" value="35" />
  <attribute name= "Current Time Running" value="61196" />
  <attribute name ="GC Interval" value="200" />
  <attribute name="ProportionalT" value="-22.500000" />
  <attribute name="ProportionalI" value="-22.500000" />
  <attribute name="ProportionalH" value="-22.500000" />
  <attribute name="Current Error" value="-45.000000" />
  <attribute name="IntegralT" value="-1080.000000" />
  <attribute name="IntegralI" value="-1080.000000" />
  <attribute name="IntegralH" value="-1080.000000" />
  <attribute name="DerivativeT" value="-0.937500" />
  <attribute name="DerivativeI" value="-0.937500" />
  <attribute name="DerivativeH" value="-0.937500" />
  <attribute name="Loop Time for DT" value="48.000000" />
  <attribute name="Output H" value="4203675648"/>
  <attribute name="Output I" value="200"/>
  <attribute name="Output T" value="16"/>
  <attribute name="Target GC Util Change" value ="80.000000" />
  <attribute name="Current GC Util Change" value="35.000000"/>
  <attribute name="GC Util currently" value="35" />
  <attribute name="CPU Util currently" value="24160448385" />
<allocation-satisfied id="3615" threadId="0000000000880F00" bytesRequested="680" />
<af-end id="3616" timestamp="2019-08-11T07:39:30.360" threadId="0000000000881888" success="true" from="nursery"/>
<exclusive-end id="3617" timestamp="2019-08-11T07:39:30.360" durationms="4.264" />

<exclusive-start id="3618" timestamp="2019-08-11T07:39:30.398" intervalms="41.869">
  <response-info timems="0.020" idlems="0.020" threads="0" lastid="0000000000880F00" lastname="main" />
</exclusive-start>
<af-start id="3619" threadId="0000000000881888" totalBytesRequested="16" timestamp="2019-08-11T07:39:30.398" intervalms="41.873" type="nursery" />
<cycle-start id="3620" type="scavenge" contextid="0" timestamp="2019-08-11T07:39:30.398" intervalms="41.880" />
<gc-start id="3621" type="scavenge" contextid="3620" timestamp="2019-08-11T07:39:30.398">
  <mem-info id="3622" free="3977310768" total="4011065344" percent="99">
    <mem type="nursery" free="0" total="19660800" percent="0">
      <mem type="allocate" free="0" total="15794176" percent="0" />
      <mem type="survivor" free="0" total="3866624" percent="0" />
    </mem>
    <mem type="tenure" free="3977310768" total="3991404544" percent="99">
      <mem type="soa" free="3777770032" total="3791835136" percent="99" />
      <mem type="loa" free="199540736" total="199569408" percent="99" />
    </mem>
    <remembered-set count="468" />
  </mem-info>
</gc-start>
<allocation-stats totalBytes="13621752" >
  <allocated-bytes non-tlh="680" tlh="13621072" />
  <largest-consumer threadName="main" threadId="0000000000880F00" bytes="13621752" />
</allocation-stats>
<gc-op id="3623" type="scavenge" timems="3.561" contextid="3620" timestamp="2019-08-11T07:39:30.402">
  <scavenger-info tenureage="2" tenuremask="400c" tiltratio="80" />
  <memory-copied type="nursery" objects="55034" bytes="1374528" bytesdiscarded="170640" />
  <memory-copied type="tenure" objects="51703" bytes="1319504" bytesdiscarded="328" />
  <references type="soft" candidates="2" cleared="0" enqueued="0" dynamicThreshold="31" maxThreshold="32" />
  <references type="weak" candidates="8" cleared="0" enqueued="0" />
</gc-op>
<heap-resize id="3624" type="expand" space="nursery" amount="917504" count="1" timems="0.014" reason="excessive time being spent scavenging" timestamp="2019-08-11T07:39:30.402" />
<gc-end id="3625" type="scavenge" contextid="3620" durationms="4.227" usertimems="19.501" systemtimems="0.000" timestamp="2019-08-11T07:39:30.402" activeThreads="16">
  <mem-info id="3626" free="3991326208" total="4011982848" percent="99">
    <mem type="nursery" free="15232000" total="20578304" percent="74">
      <mem type="allocate" free="15232000" total="16777216" percent="90" />
      <mem type="survivor" free="0" total="3801088" percent="0" />
    </mem>
    <mem type="tenure" free="3976094208" total="3991404544" percent="99" macro-fragmented="39130">
      <mem type="soa" free="3776553472" total="3791835136" percent="99" />
      <mem type="loa" free="199540736" total="199569408" percent="99" />
    </mem>
    <remembered-set count="836" />
  </mem-info>
</gc-end>
<cycle-end id="3627" type="scavenge" contextid="3620" timestamp="2019-08-11T07:39:30.402" />
  <attribute name="elasticGC enabled" value="1" />
  <attribute name= "numThreadsSpecified" value="16" />
  <attribute name="heapSize specified" value="-91291648" />
  <attribute name="Current GC Util" value="42" />
  <attribute name= "Current Time Running" value="61237" />
  <attribute name ="GC Interval" value="200" />
  <attribute name="ProportionalT" value="-19.000000" />
  <attribute name="ProportionalI" value="-19.000000" />
  <attribute name="ProportionalH" value="-19.000000" />
  <attribute name="Current Error" value="-38.000000" />
  <attribute name="IntegralT" value="-779.000000" />
  <attribute name="IntegralI" value="-779.000000" />
  <attribute name="IntegralH" value="-779.000000" />
  <attribute name="DerivativeT" value="-0.926829" />
  <attribute name="DerivativeI" value="-0.926829" />
  <attribute name="DerivativeH" value="-0.926829" />
  <attribute name="Loop Time for DT" value="41.000000" />
  <attribute name="Output H" value="4203675648"/>
  <attribute name="Output I" value="200"/>
  <attribute name="Output T" value="16"/>
  <attribute name="Target GC Util Change" value ="80.000000" />
  <attribute name="Current GC Util Change" value="42.000000"/>
  <attribute name="GC Util currently" value="42" />
  <attribute name="CPU Util currently" value="27518645360" />
<allocation-satisfied id="3628" threadId="0000000000880F00" bytesRequested="16" />
<af-end id="3629" timestamp="2019-08-11T07:39:30.403" threadId="0000000000881888" success="true" from="nursery"/>
<exclusive-end id="3630" timestamp="2019-08-11T07:39:30.403" durationms="4.592" />

<exclusive-start id="3631" timestamp="2019-08-11T07:39:30.437" intervalms="38.933">
  <response-info timems="0.071" idlems="0.071" threads="0" lastid="0000000000880F00" lastname="main" />
</exclusive-start>
<af-start id="3632" threadId="0000000000881888" totalBytesRequested="32" timestamp="2019-08-11T07:39:30.437" intervalms="38.924" type="nursery" />
<cycle-start id="3633" type="scavenge" contextid="0" timestamp="2019-08-11T07:39:30.437" intervalms="38.892" />
<gc-start id="3634" type="scavenge" contextid="3633" timestamp="2019-08-11T07:39:30.437">
  <mem-info id="3635" free="3976094208" total="4011982848" percent="99">
    <mem type="nursery" free="0" total="20578304" percent="0">
      <mem type="allocate" free="0" total="16777216" percent="0" />
      <mem type="survivor" free="0" total="3801088" percent="0" />
    </mem>
    <mem type="tenure" free="3976094208" total="3991404544" percent="99">
      <mem type="soa" free="3776553472" total="3791835136" percent="99" />
      <mem type="loa" free="199540736" total="199569408" percent="99" />
    </mem>
    <remembered-set count="1317" />
  </mem-info>
</gc-start>
<allocation-stats totalBytes="15218984" >
  <allocated-bytes non-tlh="16" tlh="15218968" />
  <largest-consumer threadName="main" threadId="0000000000880F00" bytes="15218984" />
</allocation-stats>
<gc-op id="3636" type="scavenge" timems="2.675" contextid="3633" timestamp="2019-08-11T07:39:30.440">
  <scavenger-info tenureage="2" tenuremask="4304" tiltratio="81" />
  <memory-copied type="nursery" objects="61966" bytes="1668560" bytesdiscarded="115264" />
  <memory-copied type="tenure" objects="26662" bytes="657528" bytesdiscarded="248" />
</gc-op>
<gc-end id="3637" type="scavenge" contextid="3633" durationms="3.284" usertimems="14.731" systemtimems="0.000" timestamp="2019-08-11T07:39:30.440" activeThreads="16">
  <mem-info id="3638" free="3990863600" total="4011982848" percent="99">
    <mem type="nursery" free="15452144" total="20578304" percent="75">
      <mem type="allocate" free="15452144" total="17235968" percent="89" />
      <mem type="survivor" free="0" total="3342336" percent="0" />
    </mem>
    <mem type="tenure" free="3975411456" total="3991404544" percent="99" macro-fragmented="4479464">
      <mem type="soa" free="3775870720" total="3791835136" percent="99" />
      <mem type="loa" free="199540736" total="199569408" percent="99" />
    </mem>
    <remembered-set count="1092" />
  </mem-info>
</gc-end>
<cycle-end id="3639" type="scavenge" contextid="3633" timestamp="2019-08-11T07:39:30.440" />
  <attribute name="elasticGC enabled" value="1" />
  <attribute name= "numThreadsSpecified" value="16" />
  <attribute name="heapSize specified" value="-91291648" />
  <attribute name="Current GC Util" value="50" />
  <attribute name= "Current Time Running" value="61276" />
  <attribute name ="GC Interval" value="200" />
  <attribute name="ProportionalT" value="-15.000000" />
  <attribute name="ProportionalI" value="-15.000000" />
  <attribute name="ProportionalH" value="-15.000000" />
  <attribute name="Current Error" value="-30.000000" />
  <attribute name="IntegralT" value="-585.000000" />
  <attribute name="IntegralI" value="-585.000000" />
  <attribute name="IntegralH" value="-585.000000" />
  <attribute name="DerivativeT" value="-0.769231" />
  <attribute name="DerivativeI" value="-0.769231" />
  <attribute name="DerivativeH" value="-0.769231" />
  <attribute name="Loop Time for DT" value="39.000000" />
  <attribute name="Output H" value="4203675648"/>
  <attribute name="Output I" value="200"/>
  <attribute name="Output T" value="16"/>
  <attribute name="Target GC Util Change" value ="80.000000" />
  <attribute name="Current GC Util Change" value="50.000000"/>
  <attribute name="GC Util currently" value="50" />
  <attribute name="CPU Util currently" value="29673745852" />
<allocation-satisfied id="3640" threadId="0000000000880F00" bytesRequested="32" />
<af-end id="3641" timestamp="2019-08-11T07:39:30.440" threadId="0000000000881888" success="true" from="nursery"/>
<exclusive-end id="3642" timestamp="2019-08-11T07:39:30.440" durationms="3.537" />

<exclusive-start id="3643" timestamp="2019-08-11T07:39:30.473" intervalms="36.615">
  <response-info timems="0.019" idlems="0.019" threads="0" lastid="0000000000880F00" lastname="main" />
</exclusive-start>
<af-start id="3644" threadId="0000000000881888" totalBytesRequested="88" timestamp="2019-08-11T07:39:30.474" intervalms="36.617" type="nursery" />
<cycle-start id="3645" type="scavenge" contextid="0" timestamp="2019-08-11T07:39:30.474" intervalms="36.619" />
<gc-start id="3646" type="scavenge" contextid="3645" timestamp="2019-08-11T07:39:30.474">
  <mem-info id="3647" free="3975411456" total="4011982848" percent="99">
    <mem type="nursery" free="0" total="20578304" percent="0">
      <mem type="allocate" free="0" total="17235968" percent="0" />
      <mem type="survivor" free="0" total="3342336" percent="0" />
    </mem>
    <mem type="tenure" free="3975411456" total="3991404544" percent="99">
      <mem type="soa" free="3775870720" total="3791835136" percent="99" />
      <mem type="loa" free="199540736" total="199569408" percent="99" />
    </mem>
    <remembered-set count="1300" />
  </mem-info>
</gc-start>
<allocation-stats totalBytes="15437224" >
  <allocated-bytes non-tlh="32" tlh="15437192" />
  <largest-consumer threadName="main" threadId="0000000000880F00" bytes="15437224" />
</allocation-stats>
<gc-op id="3648" type="scavenge" timems="2.816" contextid="3645" timestamp="2019-08-11T07:39:30.476">
  <scavenger-info tenureage="2" tenuremask="4004" tiltratio="83" />
  <memory-copied type="nursery" objects="65617" bytes="1735792" bytesdiscarded="154784" />
  <memory-copied type="tenure" objects="28179" bytes="711400" bytesdiscarded="264" />
</gc-op>
<heap-resize id="3649" type="expand" space="nursery" amount="1048576" count="1" timems="0.014" reason="excessive time being spent scavenging" timestamp="2019-08-11T07:39:30.477" />
<gc-end id="3650" type="scavenge" contextid="3645" durationms="3.373" usertimems="16.034" systemtimems="0.000" timestamp="2019-08-11T07:39:30.477" activeThreads="16">
  <mem-info id="3651" free="3991154928" total="4013031424" percent="99">
    <mem type="nursery" free="16393968" total="21626880" percent="75">
      <mem type="allocate" free="16393968" total="18284544" percent="89" />
      <mem type="survivor" free="0" total="3342336" percent="0" />
    </mem>
    <mem type="tenure" free="3974760960" total="3991404544" percent="99" macro-fragmented="3110739">
      <mem type="soa" free="3775220224" total="3791835136" percent="99" />
      <mem type="loa" free="199540736" total="199569408" percent="99" />
    </mem>
    <remembered-set count="1045" />
  </mem-info>
</gc-end>
<cycle-end id="3652" type="scavenge" contextid="3645" timestamp="2019-08-11T07:39:30.477" />
  <attribute name="elasticGC enabled" value="1" />
  <attribute name= "numThreadsSpecified" value="16" />
  <attribute name="heapSize specified" value="-91291648" />
  <attribute name="Current GC Util" value="39" />
  <attribute name= "Current Time Running" value="61313" />
  <attribute name ="GC Interval" value="200" />
  <attribute name="ProportionalT" value="-20.500000" />
  <attribute name="ProportionalI" value="-20.500000" />
  <attribute name="ProportionalH" value="-20.500000" />
  <attribute name="Current Error" value="-41.000000" />
  <attribute name="IntegralT" value="-758.500000" />
  <attribute name="IntegralI" value="-758.500000" />
  <attribute name="IntegralH" value="-758.500000" />
  <attribute name="DerivativeT" value="-1.108108" />
  <attribute name="DerivativeI" value="-1.108108" />
  <attribute name="DerivativeH" value="-1.108108" />
  <attribute name="Loop Time for DT" value="37.000000" />
  <attribute name="Output H" value="4203675648"/>
  <attribute name="Output I" value="200"/>
  <attribute name="Output T" value="16"/>
  <attribute name="Target GC Util Change" value ="80.000000" />
  <attribute name="Current GC Util Change" value="39.000000"/>
  <attribute name="GC Util currently" value="39" />
  <attribute name="CPU Util currently" value="31478834231" />
<allocation-satisfied id="3653" threadId="0000000000880F00" bytesRequested="88" />
<af-end id="3654" timestamp="2019-08-11T07:39:30.477" threadId="0000000000881888" success="true" from="nursery"/>
<exclusive-end id="3655" timestamp="2019-08-11T07:39:30.477" durationms="3.627" />

<exclusive-start id="3656" timestamp="2019-08-11T07:39:30.512" intervalms="38.809">
  <response-info timems="0.020" idlems="0.020" threads="0" lastid="0000000000880F00" lastname="main" />
</exclusive-start>
<af-start id="3657" threadId="0000000000881888" totalBytesRequested="16" timestamp="2019-08-11T07:39:30.512" intervalms="38.817" type="nursery" />
<cycle-start id="3658" type="scavenge" contextid="0" timestamp="2019-08-11T07:39:30.512" intervalms="38.840" />
<gc-start id="3659" type="scavenge" contextid="3658" timestamp="2019-08-11T07:39:30.513">
  <mem-info id="3660" free="3974760960" total="4013031424" percent="99">
    <mem type="nursery" free="0" total="21626880" percent="0">
      <mem type="allocate" free="0" total="18284544" percent="0" />
      <mem type="survivor" free="0" total="3342336" percent="0" />
    </mem>
    <mem type="tenure" free="3974760960" total="3991404544" percent="99">
      <mem type="soa" free="3775220224" total="3791835136" percent="99" />
      <mem type="loa" free="199540736" total="199569408" percent="99" />
    </mem>
    <remembered-set count="1329" />
  </mem-info>
</gc-start>
<allocation-stats totalBytes="16382648" >
  <allocated-bytes non-tlh="88" tlh="16382560" />
  <largest-consumer threadName="main" threadId="0000000000880F00" bytes="16382648" />
</allocation-stats>
<gc-op id="3661" type="scavenge" timems="2.904" contextid="3658" timestamp="2019-08-11T07:39:30.515">
  <scavenger-info tenureage="2" tenuremask="4004" tiltratio="84" />
  <memory-copied type="nursery" objects="65617" bytes="1609984" bytesdiscarded="157952" />
  <memory-copied type="tenure" objects="33720" bytes="954584" bytesdiscarded="480" />
</gc-op>
<gc-end id="3662" type="scavenge" contextid="3658" durationms="3.420" usertimems="14.813" systemtimems="0.000" timestamp="2019-08-11T07:39:30.516" activeThreads="16">
  <mem-info id="3663" free="3990717248" total="4013031424" percent="99">
    <mem type="nursery" free="16975360" total="21626880" percent="78">
      <mem type="allocate" free="16975360" total="18743296" percent="90" />
      <mem type="survivor" free="0" total="2883584" percent="0" />
    </mem>
    <mem type="tenure" free="3973741888" total="3991404544" percent="99" macro-fragmented="1800196">
      <mem type="soa" free="3774201152" total="3791835136" percent="99" />
      <mem type="loa" free="199540736" total="199569408" percent="99" />
    </mem>
    <remembered-set count="971" />
  </mem-info>
</gc-end>
<cycle-end id="3664" type="scavenge" contextid="3658" timestamp="2019-08-11T07:39:30.516" />
  <attribute name="elasticGC enabled" value="1" />
  <attribute name= "numThreadsSpecified" value="16" />
  <attribute name="heapSize specified" value="-91291648" />
  <attribute name="Current GC Util" value="40" />
  <attribute name= "Current Time Running" value="61352" />
  <attribute name ="GC Interval" value="200" />
  <attribute name="ProportionalT" value="-20.000000" />
  <attribute name="ProportionalI" value="-20.000000" />
  <attribute name="ProportionalH" value="-20.000000" />
  <attribute name="Current Error" value="-40.000000" />
  <attribute name="IntegralT" value="-780.000000" />
  <attribute name="IntegralI" value="-780.000000" />
  <attribute name="IntegralH" value="-780.000000" />
  <attribute name="DerivativeT" value="-1.025641" />
  <attribute name="DerivativeI" value="-1.025641" />
  <attribute name="DerivativeH" value="-1.025641" />
  <attribute name="Loop Time for DT" value="39.000000" />
  <attribute name="Output H" value="4203675648"/>
  <attribute name="Output I" value="200"/>
  <attribute name="Output T" value="16"/>
  <attribute name="Target GC Util Change" value ="80.000000" />
  <attribute name="Current GC Util Change" value="40.000000"/>
  <attribute name="GC Util currently" value="40" />
  <attribute name="CPU Util currently" value="29656008687" />
<allocation-satisfied id="3665" threadId="0000000000880F00" bytesRequested="16" />
<af-end id="3666" timestamp="2019-08-11T07:39:30.516" threadId="0000000000881888" success="true" from="nursery"/>
<exclusive-end id="3667" timestamp="2019-08-11T07:39:30.516" durationms="3.768" />

<exclusive-start id="3668" timestamp="2019-08-11T07:39:30.552" intervalms="39.852">
  <response-info timems="0.020" idlems="0.020" threads="0" lastid="0000000000880F00" lastname="main" />
</exclusive-start>
<af-start id="3669" threadId="0000000000881888" totalBytesRequested="656" timestamp="2019-08-11T07:39:30.552" intervalms="39.858" type="nursery" />
<cycle-start id="3670" type="scavenge" contextid="0" timestamp="2019-08-11T07:39:30.552" intervalms="39.856" />
<gc-start id="3671" type="scavenge" contextid="3670" timestamp="2019-08-11T07:39:30.552">
  <mem-info id="3672" free="3973741888" total="4013031424" percent="99">
    <mem type="nursery" free="0" total="21626880" percent="0">
      <mem type="allocate" free="0" total="18743296" percent="0" />
      <mem type="survivor" free="0" total="2883584" percent="0" />
    </mem>
    <mem type="tenure" free="3973741888" total="3991404544" percent="99">
      <mem type="soa" free="3774201152" total="3791835136" percent="99" />
      <mem type="loa" free="199540736" total="199569408" percent="99" />
    </mem>
    <remembered-set count="2314" />
  </mem-info>
</gc-start>
<allocation-stats totalBytes="16959280" >
  <allocated-bytes non-tlh="16" tlh="16959264" />
  <largest-consumer threadName="main" threadId="0000000000880F00" bytes="16959280" />
</allocation-stats>
<gc-op id="3673" type="scavenge" timems="4.114" contextid="3670" timestamp="2019-08-11T07:39:30.556">
  <scavenger-info tenureage="2" tenuremask="4004" tiltratio="86" />
  <memory-copied type="nursery" objects="67824" bytes="1651136" bytesdiscarded="162112" />
  <memory-copied type="tenure" objects="31826" bytes="778568" bytesdiscarded="544" />
</gc-op>
<heap-resize id="3674" type="expand" space="nursery" amount="1310720" count="1" timems="0.013" reason="excessive time being spent scavenging" timestamp="2019-08-11T07:39:30.557" />
<gc-end id="3675" type="scavenge" contextid="3670" durationms="4.711" usertimems="18.721" systemtimems="0.000" timestamp="2019-08-11T07:39:30.557" activeThreads="16">
  <mem-info id="3676" free="3991232064" total="4014342144" percent="99">
    <mem type="nursery" free="18175232" total="22937600" percent="79">
      <mem type="allocate" free="18175232" total="19988480" percent="90" />
      <mem type="survivor" free="0" total="2949120" percent="0" />
    </mem>
    <mem type="tenure" free="3973056832" total="3991404544" percent="99" macro-fragmented="348889">
      <mem type="soa" free="3773516096" total="3791835136" percent="99" />
      <mem type="loa" free="199540736" total="199569408" percent="99" />
    </mem>
    <remembered-set count="2082" />
  </mem-info>
</gc-end>
<cycle-end id="3677" type="scavenge" contextid="3670" timestamp="2019-08-11T07:39:30.557" />
  <attribute name="elasticGC enabled" value="1" />
  <attribute name= "numThreadsSpecified" value="16" />
  <attribute name="heapSize specified" value="-91291648" />
  <attribute name="Current GC Util" value="37" />
  <attribute name= "Current Time Running" value="61392" />
  <attribute name ="GC Interval" value="200" />
  <attribute name="ProportionalT" value="-21.500000" />
  <attribute name="ProportionalI" value="-21.500000" />
  <attribute name="ProportionalH" value="-21.500000" />
  <attribute name="Current Error" value="-43.000000" />
  <attribute name="IntegralT" value="-860.000000" />
  <attribute name="IntegralI" value="-860.000000" />
  <attribute name="IntegralH" value="-860.000000" />
  <attribute name="DerivativeT" value="-1.075000" />
  <attribute name="DerivativeI" value="-1.075000" />
  <attribute name="DerivativeH" value="-1.075000" />
  <attribute name="Loop Time for DT" value="40.000000" />
  <attribute name="Output H" value="4203675648"/>
  <attribute name="Output I" value="200"/>
  <attribute name="Output T" value="16"/>
  <attribute name="Target GC Util Change" value ="80.000000" />
  <attribute name="Current GC Util Change" value="37.000000"/>
  <attribute name="GC Util currently" value="37" />
  <attribute name="CPU Util currently" value="28956921152" />
<allocation-satisfied id="3678" threadId="0000000000880F00" bytesRequested="656" />
<af-end id="3679" timestamp="2019-08-11T07:39:30.557" threadId="0000000000881888" success="true" from="nursery"/>
<exclusive-end id="3680" timestamp="2019-08-11T07:39:30.557" durationms="4.978" />

<exclusive-start id="3681" timestamp="2019-08-11T07:39:30.596" intervalms="44.158">
  <response-info timems="0.021" idlems="0.021" threads="0" lastid="0000000000880F00" lastname="main" />
</exclusive-start>
<af-start id="3682" threadId="0000000000881888" totalBytesRequested="48" timestamp="2019-08-11T07:39:30.596" intervalms="44.143" type="nursery" />
<cycle-start id="3683" type="scavenge" contextid="0" timestamp="2019-08-11T07:39:30.596" intervalms="44.120" />
<gc-start id="3684" type="scavenge" contextid="3683" timestamp="2019-08-11T07:39:30.596">
  <mem-info id="3685" free="3973056832" total="4014342144" percent="98">
    <mem type="nursery" free="0" total="22937600" percent="0">
      <mem type="allocate" free="0" total="19988480" percent="0" />
      <mem type="survivor" free="0" total="2949120" percent="0" />
    </mem>
    <mem type="tenure" free="3973056832" total="3991404544" percent="99">
      <mem type="soa" free="3773516096" total="3791835136" percent="99" />
      <mem type="loa" free="199540736" total="199569408" percent="99" />
    </mem>
    <remembered-set count="2716" />
  </mem-info>
</gc-start>
<allocation-stats totalBytes="18154936" >
  <allocated-bytes non-tlh="262816" tlh="17892120" />
  <largest-consumer threadName="main" threadId="0000000000880F00" bytes="18154936" />
</allocation-stats>
<gc-op id="3686" type="scavenge" timems="3.161" contextid="3683" timestamp="2019-08-11T07:39:30.600">
  <scavenger-info tenureage="2" tenuremask="4004" tiltratio="87" />
  <memory-copied type="nursery" objects="72808" bytes="2063464" bytesdiscarded="154792" />
  <memory-copied type="tenure" objects="33653" bytes="827256" bytesdiscarded="360" />
</gc-op>
<gc-end id="3687" type="scavenge" contextid="3683" durationms="3.692" usertimems="17.880" systemtimems="0.000" timestamp="2019-08-11T07:39:30.600" activeThreads="16">
  <mem-info id="3688" free="3989764912" total="4014342144" percent="99">
    <mem type="nursery" free="17770224" total="22937600" percent="77">
      <mem type="allocate" free="17770224" total="19988480" percent="88" />
      <mem type="survivor" free="0" total="2949120" percent="0" />
    </mem>
    <mem type="tenure" free="3971994688" total="3991404544" percent="99" macro-fragmented="116842">
      <mem type="soa" free="3772453952" total="3791835136" percent="99" />
      <mem type="loa" free="199540736" total="199569408" percent="99" />
    </mem>
    <remembered-set count="2327" />
  </mem-info>
</gc-end>
<cycle-end id="3689" type="scavenge" contextid="3683" timestamp="2019-08-11T07:39:30.600" />
  <attribute name="elasticGC enabled" value="1" />
  <attribute name= "numThreadsSpecified" value="16" />
  <attribute name="heapSize specified" value="-91291648" />
  <attribute name="Current GC Util" value="40" />
  <attribute name= "Current Time Running" value="61436" />
  <attribute name ="GC Interval" value="200" />
  <attribute name="ProportionalT" value="-20.000000" />
  <attribute name="ProportionalI" value="-20.000000" />
  <attribute name="ProportionalH" value="-20.000000" />
  <attribute name="Current Error" value="-40.000000" />
  <attribute name="IntegralT" value="-880.000000" />
  <attribute name="IntegralI" value="-880.000000" />
  <attribute name="IntegralH" value="-880.000000" />
  <attribute name="DerivativeT" value="-0.909091" />
  <attribute name="DerivativeI" value="-0.909091" />
  <attribute name="DerivativeH" value="-0.909091" />
  <attribute name="Loop Time for DT" value="44.000000" />
  <attribute name="Output H" value="4203675648"/>
  <attribute name="Output I" value="200"/>
  <attribute name="Output T" value="16"/>
  <attribute name="Target GC Util Change" value ="80.000000" />
  <attribute name="Current GC Util Change" value="40.000000"/>
  <attribute name="GC Util currently" value="40" />
  <attribute name="CPU Util currently" value="26138713681" />
<allocation-satisfied id="3690" threadId="0000000000880F00" bytesRequested="48" />
<af-end id="3691" timestamp="2019-08-11T07:39:30.600" threadId="0000000000881888" success="true" from="nursery"/>
<exclusive-end id="3692" timestamp="2019-08-11T07:39:30.600" durationms="3.963" />

<exclusive-start id="3693" timestamp="2019-08-11T07:39:30.644" intervalms="47.583">
  <response-info timems="0.019" idlems="0.019" threads="0" lastid="0000000000880F00" lastname="main" />
</exclusive-start>
<af-start id="3694" threadId="0000000000881888" totalBytesRequested="88" timestamp="2019-08-11T07:39:30.644" intervalms="47.595" type="nursery" />
<cycle-start id="3695" type="scavenge" contextid="0" timestamp="2019-08-11T07:39:30.644" intervalms="47.653" />
<gc-start id="3696" type="scavenge" contextid="3695" timestamp="2019-08-11T07:39:30.644">
  <mem-info id="3697" free="3971994688" total="4014342144" percent="98">
    <mem type="nursery" free="0" total="22937600" percent="0">
      <mem type="allocate" free="0" total="19988480" percent="0" />
      <mem type="survivor" free="0" total="2949120" percent="0" />
    </mem>
    <mem type="tenure" free="3971994688" total="3991404544" percent="99">
      <mem type="soa" free="3772453952" total="3791835136" percent="99" />
      <mem type="loa" free="199540736" total="199569408" percent="99" />
    </mem>
    <remembered-set count="3287" />
  </mem-info>
</gc-start>
<allocation-stats totalBytes="17752720" >
  <allocated-bytes non-tlh="48" tlh="17752672" />
  <largest-consumer threadName="main" threadId="0000000000880F00" bytes="17752720" />
</allocation-stats>
<gc-op id="3698" type="scavenge" timems="3.154" contextid="3695" timestamp="2019-08-11T07:39:30.647">
  <scavenger-info tenureage="2" tenuremask="4004" tiltratio="87" />
  <memory-copied type="nursery" objects="75869" bytes="2164688" bytesdiscarded="111168" />
  <memory-copied type="tenure" objects="34016" bytes="820080" bytesdiscarded="176" />
</gc-op>
<heap-resize id="3699" type="expand" space="nursery" amount="917504" count="1" timems="0.013" reason="excessive time being spent scavenging" timestamp="2019-08-11T07:39:30.648" />
<gc-end id="3700" type="scavenge" contextid="3695" durationms="3.838" usertimems="16.096" systemtimems="0.000" timestamp="2019-08-11T07:39:30.648" activeThreads="16">
  <mem-info id="3701" free="3989900592" total="4015259648" percent="99">
    <mem type="nursery" free="18630128" total="23855104" percent="78">
      <mem type="allocate" free="18630128" total="20905984" percent="89" />
      <mem type="survivor" free="0" total="2949120" percent="0" />
    </mem>
    <mem type="tenure" free="3971270464" total="3991404544" percent="99" macro-fragmented="2160235">
      <mem type="soa" free="3771729728" total="3791835136" percent="99" />
      <mem type="loa" free="199540736" total="199569408" percent="99" />
    </mem>
    <remembered-set count="1920" />
  </mem-info>
</gc-end>
<cycle-end id="3702" type="scavenge" contextid="3695" timestamp="2019-08-11T07:39:30.648" />
  <attribute name="elasticGC enabled" value="1" />
  <attribute name= "numThreadsSpecified" value="16" />
  <attribute name="heapSize specified" value="-91291648" />
  <attribute name="Current GC Util" value="38" />
  <attribute name= "Current Time Running" value="61483" />
  <attribute name ="GC Interval" value="200" />
  <attribute name="ProportionalT" value="-21.000000" />
  <attribute name="ProportionalI" value="-21.000000" />
  <attribute name="ProportionalH" value="-21.000000" />
  <attribute name="Current Error" value="-42.000000" />
  <attribute name="IntegralT" value="-987.000000" />
  <attribute name="IntegralI" value="-987.000000" />
  <attribute name="IntegralH" value="-987.000000" />
  <attribute name="DerivativeT" value="-0.893617" />
  <attribute name="DerivativeI" value="-0.893617" />
  <attribute name="DerivativeH" value="-0.893617" />
  <attribute name="Loop Time for DT" value="47.000000" />
  <attribute name="Output H" value="4203675648"/>
  <attribute name="Output I" value="200"/>
  <attribute name="Output T" value="16"/>
  <attribute name="Target GC Util Change" value ="80.000000" />
  <attribute name="Current GC Util Change" value="38.000000"/>
  <attribute name="GC Util currently" value="38" />
  <attribute name="CPU Util currently" value="24147913740" />
<allocation-satisfied id="3703" threadId="0000000000880F00" bytesRequested="88" />
<af-end id="3704" timestamp="2019-08-11T07:39:30.648" threadId="0000000000881888" success="true" from="nursery"/>
<exclusive-end id="3705" timestamp="2019-08-11T07:39:30.648" durationms="4.200" />

<exclusive-start id="3706" timestamp="2019-08-11T07:39:30.689" intervalms="45.462">
  <response-info timems="0.017" idlems="0.017" threads="0" lastid="0000000000880F00" lastname="main" />
</exclusive-start>
<af-start id="3707" threadId="0000000000881888" totalBytesRequested="24" timestamp="2019-08-11T07:39:30.689" intervalms="45.463" type="nursery" />
<cycle-start id="3708" type="scavenge" contextid="0" timestamp="2019-08-11T07:39:30.689" intervalms="45.432" />
<gc-start id="3709" type="scavenge" contextid="3708" timestamp="2019-08-11T07:39:30.690">
  <mem-info id="3710" free="3971270464" total="4015259648" percent="98">
    <mem type="nursery" free="0" total="23855104" percent="0">
      <mem type="allocate" free="0" total="20905984" percent="0" />
      <mem type="survivor" free="0" total="2949120" percent="0" />
    </mem>
    <mem type="tenure" free="3971270464" total="3991404544" percent="99">
      <mem type="soa" free="3771729728" total="3791835136" percent="99" />
      <mem type="loa" free="199540736" total="199569408" percent="99" />
    </mem>
    <remembered-set count="2252" />
  </mem-info>
</gc-start>
<allocation-stats totalBytes="18612192" >
  <allocated-bytes non-tlh="88" tlh="18612104" />
  <largest-consumer threadName="main" threadId="0000000000880F00" bytes="18612192" />
</allocation-stats>
<gc-op id="3711" type="scavenge" timems="3.097" contextid="3708" timestamp="2019-08-11T07:39:30.693">
  <scavenger-info tenureage="2" tenuremask="4004" tiltratio="87" />
  <memory-copied type="nursery" objects="75969" bytes="1905944" bytesdiscarded="202216" />
  <memory-copied type="tenure" objects="38717" bytes="1240400" bytesdiscarded="232" />
</gc-op>
<gc-end id="3712" type="scavenge" contextid="3708" durationms="3.624" usertimems="18.954" systemtimems="0.000" timestamp="2019-08-11T07:39:30.693" activeThreads="16">
  <mem-info id="3713" free="3989014320" total="4015259648" percent="99">
    <mem type="nursery" free="18994432" total="23855104" percent="79">
      <mem type="allocate" free="18994432" total="21102592" percent="90" />
      <mem type="survivor" free="0" total="2752512" percent="0" />
    </mem>
    <mem type="tenure" free="3970019888" total="3991404544" percent="99" macro-fragmented="0">
      <mem type="soa" free="3770479152" total="3791835136" percent="99" />
      <mem type="loa" free="199540736" total="199569408" percent="99" />
    </mem>
    <remembered-set count="1730" />
  </mem-info>
</gc-end>
<cycle-end id="3714" type="scavenge" contextid="3708" timestamp="2019-08-11T07:39:30.693" />
  <attribute name="elasticGC enabled" value="1" />
  <attribute name= "numThreadsSpecified" value="16" />
  <attribute name="heapSize specified" value="-91291648" />
  <attribute name="Current GC Util" value="35" />
  <attribute name= "Current Time Running" value="61529" />
  <attribute name ="GC Interval" value="200" />
  <attribute name="ProportionalT" value="-22.500000" />
  <attribute name="ProportionalI" value="-22.500000" />
  <attribute name="ProportionalH" value="-22.500000" />
  <attribute name="Current Error" value="-45.000000" />
  <attribute name="IntegralT" value="-1035.000000" />
  <attribute name="IntegralI" value="-1035.000000" />
  <attribute name="IntegralH" value="-1035.000000" />
  <attribute name="DerivativeT" value="-0.978261" />
  <attribute name="DerivativeI" value="-0.978261" />
  <attribute name="DerivativeH" value="-0.978261" />
  <attribute name="Loop Time for DT" value="46.000000" />
  <attribute name="Output H" value="4203675648"/>
  <attribute name="Output I" value="200"/>
  <attribute name="Output T" value="16"/>
  <attribute name="Target GC Util Change" value ="80.000000" />
  <attribute name="Current GC Util Change" value="35.000000"/>
  <attribute name="GC Util currently" value="35" />
  <attribute name="CPU Util currently" value="25423693753" />
<allocation-satisfied id="3715" threadId="0000000000880F00" bytesRequested="24" />
<af-end id="3716" timestamp="2019-08-11T07:39:30.693" threadId="0000000000881888" success="true" from="nursery"/>
<exclusive-end id="3717" timestamp="2019-08-11T07:39:30.693" durationms="3.954" />

<exclusive-start id="3718" timestamp="2019-08-11T07:39:30.756" intervalms="67.144">
  <response-info timems="0.039" idlems="0.039" threads="0" lastid="0000000000880F00" lastname="main" />
</exclusive-start>
<af-start id="3719" threadId="0000000000881888" totalBytesRequested="48" timestamp="2019-08-11T07:39:30.757" intervalms="67.134" type="nursery" />
<cycle-start id="3720" type="scavenge" contextid="0" timestamp="2019-08-11T07:39:30.757" intervalms="67.127" />
<gc-start id="3721" type="scavenge" contextid="3720" timestamp="2019-08-11T07:39:30.757">
  <mem-info id="3722" free="3970019888" total="4015259648" percent="98">
    <mem type="nursery" free="0" total="23855104" percent="0">
      <mem type="allocate" free="0" total="21102592" percent="0" />
      <mem type="survivor" free="0" total="2752512" percent="0" />
    </mem>
    <mem type="tenure" free="3970019888" total="3991404544" percent="99">
      <mem type="soa" free="3770479152" total="3791835136" percent="99" />
      <mem type="loa" free="199540736" total="199569408" percent="99" />
    </mem>
    <remembered-set count="2360" />
  </mem-info>
</gc-start>
<allocation-stats totalBytes="18984040" >
  <allocated-bytes non-tlh="1809536" tlh="17174504" />
  <largest-consumer threadName="main" threadId="0000000000880F00" bytes="18984040" />
</allocation-stats>
<gc-op id="3723" type="scavenge" timems="4.161" contextid="3720" timestamp="2019-08-11T07:39:30.761">
  <scavenger-info tenureage="2" tenuremask="4004" tiltratio="88" />
  <memory-copied type="nursery" objects="59599" bytes="2709360" bytesdiscarded="43152" />
  <memory-copied type="tenure" objects="54635" bytes="1333760" bytesdiscarded="384" />
  <copy-failed type="nursery" objects="17553" bytes="412128" />
  <finalization candidates="1" enqueued="1" />
  <references type="weak" candidates="3" cleared="0" enqueued="0" />
</gc-op>
<gc-end id="3724" type="scavenge" contextid="3720" durationms="4.675" usertimems="22.207" systemtimems="0.000" timestamp="2019-08-11T07:39:30.761" activeThreads="16">
  <mem-info id="3725" free="3984686128" total="4015259648" percent="99">
    <mem type="nursery" free="15859712" total="23855104" percent="66">
      <mem type="allocate" free="15859712" total="18612224" percent="85" />
      <mem type="survivor" free="0" total="5242880" percent="0" />
    </mem>
    <mem type="tenure" free="3968826416" total="3991404544" percent="99" macro-fragmented="0">
      <mem type="soa" free="3769285680" total="3791835136" percent="99" />
      <mem type="loa" free="199540736" total="199569408" percent="99" />
    </mem>
    <pending-finalizers system="0" default="1" reference="0" classloader="0" />
    <remembered-set count="4072" />
  </mem-info>
</gc-end>
<cycle-end id="3726" type="scavenge" contextid="3720" timestamp="2019-08-11T07:39:30.761" />
  <attribute name="elasticGC enabled" value="1" />
  <attribute name= "numThreadsSpecified" value="16" />
  <attribute name="heapSize specified" value="-91291648" />
  <attribute name="Current GC Util" value="28" />
  <attribute name= "Current Time Running" value="61596" />
  <attribute name ="GC Interval" value="200" />
  <attribute name="ProportionalT" value="-26.000000" />
  <attribute name="ProportionalI" value="-26.000000" />
  <attribute name="ProportionalH" value="-26.000000" />
  <attribute name="Current Error" value="-52.000000" />
  <attribute name="IntegralT" value="-1742.000000" />
  <attribute name="IntegralI" value="-1742.000000" />
  <attribute name="IntegralH" value="-1742.000000" />
  <attribute name="DerivativeT" value="-0.776119" />
  <attribute name="DerivativeI" value="-0.776119" />
  <attribute name="DerivativeH" value="-0.776119" />
  <attribute name="Loop Time for DT" value="67.000000" />
  <attribute name="Output H" value="4203675648"/>
  <attribute name="Output I" value="200"/>
  <attribute name="Output T" value="16"/>
  <attribute name="Target GC Util Change" value ="80.000000" />
  <attribute name="Current GC Util Change" value="28.000000"/>
  <attribute name="GC Util currently" value="28" />
  <attribute name="CPU Util currently" value="17179624312" />
<allocation-satisfied id="3727" threadId="0000000000880F00" bytesRequested="48" />
<af-end id="3728" timestamp="2019-08-11T07:39:30.761" threadId="0000000000881888" success="true" from="nursery"/>
<exclusive-end id="3729" timestamp="2019-08-11T07:39:30.761" durationms="4.965" />

<exclusive-start id="3730" timestamp="2019-08-11T07:39:30.814" intervalms="57.418">
  <response-info timems="0.046" idlems="0.046" threads="0" lastid="0000000000880F00" lastname="main" />
</exclusive-start>
<af-start id="3731" threadId="0000000000881888" totalBytesRequested="120" timestamp="2019-08-11T07:39:30.814" intervalms="57.421" type="nursery" />
<cycle-start id="3732" type="scavenge" contextid="0" timestamp="2019-08-11T07:39:30.814" intervalms="57.403" />
<gc-start id="3733" type="scavenge" contextid="3732" timestamp="2019-08-11T07:39:30.814">
  <mem-info id="3734" free="3968826416" total="4015259648" percent="98">
    <mem type="nursery" free="0" total="23855104" percent="0">
      <mem type="allocate" free="0" total="18612224" percent="0" />
      <mem type="survivor" free="0" total="5242880" percent="0" />
    </mem>
    <mem type="tenure" free="3968826416" total="3991404544" percent="99">
      <mem type="soa" free="3769285680" total="3791835136" percent="99" />
      <mem type="loa" free="199540736" total="199569408" percent="99" />
    </mem>
    <remembered-set count="4073" />
  </mem-info>
</gc-start>
<allocation-stats totalBytes="15857600" >
  <allocated-bytes non-tlh="196672" tlh="15660928" />
  <largest-consumer threadName="main" threadId="0000000000880F00" bytes="15857600" />
</allocation-stats>
<gc-op id="3735" type="scavenge" timems="3.945" contextid="3732" timestamp="2019-08-11T07:39:30.818">
  <scavenger-info tenureage="2" tenuremask="4004" tiltratio="78" />
  <memory-copied type="nursery" objects="71244" bytes="2969696" bytesdiscarded="391400" />
  <memory-copied type="tenure" objects="27431" bytes="713376" bytesdiscarded="272" />
  <references type="weak" candidates="3" cleared="0" enqueued="0" />
</gc-op>
<heap-resize id="3736" type="expand" space="nursery" amount="1179648" count="1" timems="0.014" reason="excessive time being spent scavenging" timestamp="2019-08-11T07:39:30.818" />
<gc-end id="3737" type="scavenge" contextid="3732" durationms="4.511" usertimems="22.830" systemtimems="0.000" timestamp="2019-08-11T07:39:30.819" activeThreads="16">
  <mem-info id="3738" free="3984483304" total="4016439296" percent="99">
    <mem type="nursery" free="16496312" total="25034752" percent="65">
      <mem type="allocate" free="16496312" total="19857408" percent="83" />
      <mem type="survivor" free="0" total="5177344" percent="0" />
    </mem>
    <mem type="tenure" free="3967986992" total="3991404544" percent="99" macro-fragmented="0">
      <mem type="soa" free="3768446256" total="3791835136" percent="99" />
      <mem type="loa" free="199540736" total="199569408" percent="99" />
    </mem>
    <remembered-set count="2136" />
  </mem-info>
</gc-end>
<cycle-end id="3739" type="scavenge" contextid="3732" timestamp="2019-08-11T07:39:30.819" />
  <attribute name="elasticGC enabled" value="1" />
  <attribute name= "numThreadsSpecified" value="16" />
  <attribute name="heapSize specified" value="-91291648" />
  <attribute name="Current GC Util" value="38" />
  <attribute name= "Current Time Running" value="61653" />
  <attribute name ="GC Interval" value="200" />
  <attribute name="ProportionalT" value="-21.000000" />
  <attribute name="ProportionalI" value="-21.000000" />
  <attribute name="ProportionalH" value="-21.000000" />
  <attribute name="Current Error" value="-42.000000" />
  <attribute name="IntegralT" value="-1197.000000" />
  <attribute name="IntegralI" value="-1197.000000" />
  <attribute name="IntegralH" value="-1197.000000" />
  <attribute name="DerivativeT" value="-0.736842" />
  <attribute name="DerivativeI" value="-0.736842" />
  <attribute name="DerivativeH" value="-0.736842" />
  <attribute name="Loop Time for DT" value="57.000000" />
  <attribute name="Output H" value="4203675648"/>
  <attribute name="Output I" value="200"/>
  <attribute name="Output T" value="16"/>
  <attribute name="Target GC Util Change" value ="80.000000" />
  <attribute name="Current GC Util Change" value="38.000000"/>
  <attribute name="GC Util currently" value="38" />
  <attribute name="CPU Util currently" value="20076655122" />
<allocation-satisfied id="3740" threadId="0000000000880F00" bytesRequested="120" />
<af-end id="3741" timestamp="2019-08-11T07:39:30.819" threadId="0000000000881888" success="true" from="nursery"/>
<exclusive-end id="3742" timestamp="2019-08-11T07:39:30.819" durationms="4.780" />

-------------------------------------------------------------------------------
PYBENCH 2.0
-------------------------------------------------------------------------------
* using Python 2.5.2
* system check interval set to maximum: 2147483647
* using timer: time.time

Calibrating tests. Please wait...

Running 4 round(s) of the suite at warp factor 10:

<exclusive-start id="3743" timestamp="2019-08-11T07:39:30.945" intervalms="130.968">
  <response-info timems="0.053" idlems="0.053" threads="0" lastid="0000000000880F00" lastname="main" />
</exclusive-start>
<af-start id="3744" threadId="0000000000881888" totalBytesRequested="32" timestamp="2019-08-11T07:39:30.945" intervalms="131.009" type="nursery" />
<cycle-start id="3745" type="scavenge" contextid="0" timestamp="2019-08-11T07:39:30.945" intervalms="131.037" />
<gc-start id="3746" type="scavenge" contextid="3745" timestamp="2019-08-11T07:39:30.945">
  <mem-info id="3747" free="3967968456" total="4016439296" percent="98">
    <mem type="nursery" free="0" total="25034752" percent="0">
      <mem type="allocate" free="0" total="19857408" percent="0" />
      <mem type="survivor" free="0" total="5177344" percent="0" />
    </mem>
    <mem type="tenure" free="3967968456" total="3991404544" percent="99">
      <mem type="soa" free="3768427720" total="3791835136" percent="99" />
      <mem type="loa" free="199540736" total="199569408" percent="99" />
    </mem>
    <remembered-set count="2696" />
  </mem-info>
</gc-start>
<allocation-stats totalBytes="16513264" >
  <allocated-bytes non-tlh="18656" tlh="16494608" />
  <largest-consumer threadName="main" threadId="0000000000880F00" bytes="16513264" />
</allocation-stats>
<gc-op id="3748" type="scavenge" timems="3.987" contextid="3745" timestamp="2019-08-11T07:39:30.949">
  <scavenger-info tenureage="2" tenuremask="4004" tiltratio="79" />
  <memory-copied type="nursery" objects="69071" bytes="1740656" bytesdiscarded="206720" />
  <memory-copied type="tenure" objects="31815" bytes="748280" bytesdiscarded="192" />
  <references type="soft" candidates="2139" cleared="0" enqueued="0" dynamicThreshold="31" maxThreshold="32" />
  <references type="weak" candidates="76" cleared="6" enqueued="4" />
</gc-op>
<gc-end id="3749" type="scavenge" contextid="3745" durationms="4.522" usertimems="20.242" systemtimems="0.000" timestamp="2019-08-11T07:39:30.950" activeThreads="16">
  <mem-info id="3750" free="3985654720" total="4016439296" percent="99">
    <mem type="nursery" free="18434296" total="25034752" percent="73">
      <mem type="allocate" free="18434296" total="20381696" percent="90" />
      <mem type="survivor" free="0" total="4653056" percent="0" />
    </mem>
    <mem type="tenure" free="3967220424" total="3991404544" percent="99" macro-fragmented="0">
      <mem type="soa" free="3767679688" total="3791835136" percent="99" />
      <mem type="loa" free="199540736" total="199569408" percent="99" />
    </mem>
    <pending-finalizers system="0" default="0" reference="4" classloader="0" />
    <remembered-set count="1234" />
  </mem-info>
</gc-end>
<cycle-end id="3751" type="scavenge" contextid="3745" timestamp="2019-08-11T07:39:30.950" />
  <attribute name="elasticGC enabled" value="1" />
  <attribute name= "numThreadsSpecified" value="16" />
  <attribute name="heapSize specified" value="-91291648" />
  <attribute name="Current GC Util" value="15" />
  <attribute name= "Current Time Running" value="61784" />
  <attribute name ="GC Interval" value="200" />
  <attribute name="ProportionalT" value="-32.500000" />
  <attribute name="ProportionalI" value="-32.500000" />
  <attribute name="ProportionalH" value="-32.500000" />
  <attribute name="Current Error" value="-65.000000" />
  <attribute name="IntegralT" value="-4257.500000" />
  <attribute name="IntegralI" value="-4257.500000" />
  <attribute name="IntegralH" value="-4257.500000" />
  <attribute name="DerivativeT" value="-0.496183" />
  <attribute name="DerivativeI" value="-0.496183" />
  <attribute name="DerivativeH" value="-0.496183" />
  <attribute name="Loop Time for DT" value="131.000000" />
  <attribute name="Output H" value="4203675648"/>
  <attribute name="Output I" value="200"/>
  <attribute name="Output T" value="16"/>
  <attribute name="Target GC Util Change" value ="80.000000" />
  <attribute name="Current GC Util Change" value="15.000000"/>
  <attribute name="GC Util currently" value="15" />
  <attribute name="CPU Util currently" value="8799305629" />
<allocation-satisfied id="3752" threadId="0000000000880F00" bytesRequested="32" />
<af-end id="3753" timestamp="2019-08-11T07:39:30.950" threadId="0000000000881888" success="true" from="nursery"/>
<exclusive-end id="3754" timestamp="2019-08-11T07:39:30.950" durationms="5.015" />

<exclusive-start id="3755" timestamp="2019-08-11T07:39:31.066" intervalms="120.808">
  <response-info timems="0.045" idlems="0.045" threads="0" lastid="0000000000880F00" lastname="main" />
</exclusive-start>
<af-start id="3756" threadId="0000000000881888" totalBytesRequested="32" timestamp="2019-08-11T07:39:31.066" intervalms="120.767" type="nursery" />
<cycle-start id="3757" type="scavenge" contextid="0" timestamp="2019-08-11T07:39:31.066" intervalms="120.765" />
<gc-start id="3758" type="scavenge" contextid="3757" timestamp="2019-08-11T07:39:31.066">
  <mem-info id="3759" free="3967220424" total="4016439296" percent="98">
    <mem type="nursery" free="0" total="25034752" percent="0">
      <mem type="allocate" free="0" total="20381696" percent="0" />
      <mem type="survivor" free="0" total="4653056" percent="0" />
    </mem>
    <mem type="tenure" free="3967220424" total="3991404544" percent="99">
      <mem type="soa" free="3767679688" total="3791835136" percent="99" />
      <mem type="loa" free="199540736" total="199569408" percent="99" />
    </mem>
    <remembered-set count="1235" />
  </mem-info>
</gc-start>
<allocation-stats totalBytes="18433784" >
  <allocated-bytes non-tlh="32" tlh="18433752" />
  <largest-consumer threadName="main" threadId="0000000000880F00" bytes="18429688" />
</allocation-stats>
<gc-op id="3760" type="scavenge" timems="3.162" contextid="3757" timestamp="2019-08-11T07:39:31.069">
  <scavenger-info tenureage="2" tenuremask="4004" tiltratio="81" />
  <memory-copied type="nursery" objects="29704" bytes="727888" bytesdiscarded="66968" />
  <memory-copied type="tenure" objects="39376" bytes="1013520" bytesdiscarded="624" />
  <references type="soft" candidates="2139" cleared="0" enqueued="0" dynamicThreshold="31" maxThreshold="32" />
  <references type="weak" candidates="72" cleared="0" enqueued="0" />
</gc-op>
<gc-end id="3761" type="scavenge" contextid="3757" durationms="3.677" usertimems="16.435" systemtimems="0.000" timestamp="2019-08-11T07:39:31.070" activeThreads="16">
  <mem-info id="3762" free="3986328512" total="4016439296" percent="99">
    <mem type="nursery" free="20045568" total="25034752" percent="80">
      <mem type="allocate" free="20045568" total="20840448" percent="96" />
      <mem type="survivor" free="0" total="4194304" percent="0" />
    </mem>
    <mem type="tenure" free="3966282944" total="3991404544" percent="99" macro-fragmented="3110739">
      <mem type="soa" free="3766742208" total="3791835136" percent="99" />
      <mem type="loa" free="199540736" total="199569408" percent="99" />
    </mem>
    <remembered-set count="1779" />
  </mem-info>
</gc-end>
<cycle-end id="3763" type="scavenge" contextid="3757" timestamp="2019-08-11T07:39:31.070" />
  <attribute name="elasticGC enabled" value="1" />
  <attribute name= "numThreadsSpecified" value="16" />
  <attribute name="heapSize specified" value="-91291648" />
  <attribute name="Current GC Util" value="15" />
  <attribute name= "Current Time Running" value="61905" />
  <attribute name ="GC Interval" value="200" />
  <attribute name="ProportionalT" value="-32.500000" />
  <attribute name="ProportionalI" value="-32.500000" />
  <attribute name="ProportionalH" value="-32.500000" />
  <attribute name="Current Error" value="-65.000000" />
  <attribute name="IntegralT" value="-3932.500000" />
  <attribute name="IntegralI" value="-3932.500000" />
  <attribute name="IntegralH" value="-3932.500000" />
  <attribute name="DerivativeT" value="-0.537190" />
  <attribute name="DerivativeI" value="-0.537190" />
  <attribute name="DerivativeH" value="-0.537190" />
  <attribute name="Loop Time for DT" value="121.000000" />
  <attribute name="Output H" value="4203675648"/>
  <attribute name="Output I" value="200"/>
  <attribute name="Output T" value="16"/>
  <attribute name="Target GC Util Change" value ="80.000000" />
  <attribute name="Current GC Util Change" value="15.000000"/>
  <attribute name="GC Util currently" value="15" />
  <attribute name="CPU Util currently" value="9545255784" />
<allocation-satisfied id="3764" threadId="0000000000880F00" bytesRequested="32" />
<af-end id="3765" timestamp="2019-08-11T07:39:31.070" threadId="0000000000881888" success="true" from="nursery"/>
<exclusive-end id="3766" timestamp="2019-08-11T07:39:31.070" durationms="3.950" />

<exclusive-start id="3767" timestamp="2019-08-11T07:39:31.237" intervalms="171.068">
  <response-info timems="0.062" idlems="0.062" threads="0" lastid="0000000000880F00" lastname="main" />
</exclusive-start>
<af-start id="3768" threadId="0000000000881888" totalBytesRequested="32" timestamp="2019-08-11T07:39:31.237" intervalms="171.090" type="nursery" />
<cycle-start id="3769" type="scavenge" contextid="0" timestamp="2019-08-11T07:39:31.237" intervalms="171.122" />
<gc-start id="3770" type="scavenge" contextid="3769" timestamp="2019-08-11T07:39:31.237">
  <mem-info id="3771" free="3966282944" total="4016439296" percent="98">
    <mem type="nursery" free="0" total="25034752" percent="0">
      <mem type="allocate" free="0" total="20840448" percent="0" />
      <mem type="survivor" free="0" total="4194304" percent="0" />
    </mem>
    <mem type="tenure" free="3966282944" total="3991404544" percent="99">
      <mem type="soa" free="3766742208" total="3791835136" percent="99" />
      <mem type="loa" free="199540736" total="199569408" percent="99" />
    </mem>
    <remembered-set count="1779" />
  </mem-info>
</gc-start>
<allocation-stats totalBytes="20042536" >
  <allocated-bytes non-tlh="32" tlh="20042504" />
  <largest-consumer threadName="main" threadId="0000000000880F00" bytes="20042536" />
</allocation-stats>
<gc-op id="3772" type="scavenge" timems="2.638" contextid="3769" timestamp="2019-08-11T07:39:31.240">
  <scavenger-info tenureage="2" tenuremask="4004" tiltratio="83" />
  <memory-copied type="nursery" objects="27" bytes="1336" bytesdiscarded="62408" />
  <memory-copied type="tenure" objects="29677" bytes="726552" bytesdiscarded="664" />
  <references type="weak" candidates="2" cleared="0" enqueued="0" />
</gc-op>
<gc-end id="3773" type="scavenge" contextid="3769" durationms="3.234" usertimems="13.596" systemtimems="0.000" timestamp="2019-08-11T07:39:31.240" activeThreads="16">
  <mem-info id="3774" free="3987067056" total="4016439296" percent="99">
    <mem type="nursery" free="21432064" total="25034752" percent="85">
      <mem type="allocate" free="21432064" total="21495808" percent="99" />
      <mem type="survivor" free="0" total="3538944" percent="0" />
    </mem>
    <mem type="tenure" free="3965634992" total="3991404544" percent="99" macro-fragmented="0">
      <mem type="soa" free="3766094256" total="3791835136" percent="99" />
      <mem type="loa" free="199540736" total="199569408" percent="99" />
    </mem>
    <remembered-set count="115" />
  </mem-info>
</gc-end>
<cycle-end id="3775" type="scavenge" contextid="3769" timestamp="2019-08-11T07:39:31.240" />
  <attribute name="elasticGC enabled" value="1" />
  <attribute name= "numThreadsSpecified" value="16" />
  <attribute name="heapSize specified" value="-91291648" />
  <attribute name="Current GC Util" value="7" />
  <attribute name= "Current Time Running" value="62076" />
  <attribute name ="GC Interval" value="200" />
  <attribute name="ProportionalT" value="-36.500000" />
  <attribute name="ProportionalI" value="-36.500000" />
  <attribute name="ProportionalH" value="-36.500000" />
  <attribute name="Current Error" value="-73.000000" />
  <attribute name="IntegralT" value="-6241.500000" />
  <attribute name="IntegralI" value="-6241.500000" />
  <attribute name="IntegralH" value="-6241.500000" />
  <attribute name="DerivativeT" value="-0.426901" />
  <attribute name="DerivativeI" value="-0.426901" />
  <attribute name="DerivativeH" value="-0.426901" />
  <attribute name="Loop Time for DT" value="171.000000" />
  <attribute name="Output H" value="4203675648"/>
  <attribute name="Output I" value="200"/>
  <attribute name="Output T" value="16"/>
  <attribute name="Target GC Util Change" value ="80.000000" />
  <attribute name="Current GC Util Change" value="7.000000"/>
  <attribute name="GC Util currently" value="7" />
  <attribute name="CPU Util currently" value="6735858932" />
<allocation-satisfied id="3776" threadId="0000000000880F00" bytesRequested="32" />
<af-end id="3777" timestamp="2019-08-11T07:39:31.240" threadId="0000000000881888" success="true" from="nursery"/>
<exclusive-end id="3778" timestamp="2019-08-11T07:39:31.240" durationms="3.625" />

<exclusive-start id="3779" timestamp="2019-08-11T07:39:33.112" intervalms="1875.708">
  <response-info timems="0.042" idlems="0.042" threads="0" lastid="0000000000880F00" lastname="main" />
</exclusive-start>
<af-start id="3780" threadId="0000000000881888" totalBytesRequested="1168" timestamp="2019-08-11T07:39:33.113" intervalms="1875.684" type="nursery" />
<cycle-start id="3781" type="scavenge" contextid="0" timestamp="2019-08-11T07:39:33.113" intervalms="1875.625" />
<gc-start id="3782" type="scavenge" contextid="3781" timestamp="2019-08-11T07:39:33.113">
  <mem-info id="3783" free="3965634928" total="4016439296" percent="98">
    <mem type="nursery" free="0" total="25034752" percent="0">
      <mem type="allocate" free="0" total="21495808" percent="0" />
      <mem type="survivor" free="0" total="3538944" percent="0" />
    </mem>
    <mem type="tenure" free="3965634928" total="3991404544" percent="99">
      <mem type="soa" free="3766094192" total="3791835136" percent="99" />
      <mem type="loa" free="199540736" total="199569408" percent="99" />
    </mem>
    <remembered-set count="133" />
  </mem-info>
</gc-start>
<allocation-stats totalBytes="21394088" >
  <allocated-bytes non-tlh="96" tlh="21393992" />
  <largest-consumer threadName="main" threadId="0000000000880F00" bytes="21394088" />
</allocation-stats>
<gc-op id="3784" type="scavenge" timems="1.695" contextid="3781" timestamp="2019-08-11T07:39:33.114">
  <scavenger-info tenureage="14" tenuremask="4000" tiltratio="85" />
  <memory-copied type="nursery" objects="90" bytes="3888" bytesdiscarded="59856" />
  <references type="weak" candidates="2" cleared="0" enqueued="0" />
</gc-op>
<gc-end id="3785" type="scavenge" contextid="3781" durationms="1.977" usertimems="3.472" systemtimems="0.000" timestamp="2019-08-11T07:39:33.115" activeThreads="16">
  <mem-info id="3786" free="3987787888" total="4016439296" percent="99">
    <mem type="nursery" free="22152960" total="25034752" percent="88">
      <mem type="allocate" free="22152960" total="22216704" percent="99" />
      <mem type="survivor" free="0" total="2818048" percent="0" />
    </mem>
    <mem type="tenure" free="3965634928" total="3991404544" percent="99" macro-fragmented="418667">
      <mem type="soa" free="3766094192" total="3791835136" percent="99" />
      <mem type="loa" free="199540736" total="199569408" percent="99" />
    </mem>
    <remembered-set count="133" />
  </mem-info>
</gc-end>
<cycle-end id="3787" type="scavenge" contextid="3781" timestamp="2019-08-11T07:39:33.115" />
  <attribute name="elasticGC enabled" value="1" />
  <attribute name= "numThreadsSpecified" value="16" />
  <attribute name="heapSize specified" value="-91291648" />
  <attribute name="Current GC Util" value="0" />
  <attribute name= "Current Time Running" value="63952" />
  <attribute name ="GC Interval" value="200" />
  <attribute name="ProportionalT" value="-40.000000" />
  <attribute name="ProportionalI" value="-40.000000" />
  <attribute name="ProportionalH" value="-40.000000" />
  <attribute name="Current Error" value="-80.000000" />
  <attribute name="IntegralT" value="-75040.000000" />
  <attribute name="IntegralI" value="-75040.000000" />
  <attribute name="IntegralH" value="-75040.000000" />
  <attribute name="DerivativeT" value="-0.042644" />
  <attribute name="DerivativeI" value="-0.042644" />
  <attribute name="DerivativeH" value="-0.042644" />
  <attribute name="Loop Time for DT" value="1876.000000" />
  <attribute name="Output H" value="4203675648"/>
  <attribute name="Output I" value="200"/>
  <attribute name="Output T" value="16"/>
  <attribute name="Target GC Util Change" value ="80.000000" />
  <attribute name="Current GC Util Change" value="0.000000"/>
  <attribute name="GC Util currently" value="0" />
  <attribute name="CPU Util currently" value="8" />
<allocation-satisfied id="3788" threadId="0000000000880F00" bytesRequested="1168" />
<af-end id="3789" timestamp="2019-08-11T07:39:33.115" threadId="0000000000881888" success="true" from="nursery"/>
<exclusive-end id="3790" timestamp="2019-08-11T07:39:33.115" durationms="2.187" />

<exclusive-start id="3791" timestamp="2019-08-11T07:39:33.127" intervalms="14.475">
  <response-info timems="0.041" idlems="0.041" threads="0" lastid="0000000000880F00" lastname="main" />
</exclusive-start>
<af-start id="3792" threadId="0000000000881888" totalBytesRequested="1168" timestamp="2019-08-11T07:39:33.127" intervalms="14.477" type="nursery" />
<cycle-start id="3793" type="scavenge" contextid="0" timestamp="2019-08-11T07:39:33.127" intervalms="14.478" />
<gc-start id="3794" type="scavenge" contextid="3793" timestamp="2019-08-11T07:39:33.127">
  <mem-info id="3795" free="3965634928" total="4016439296" percent="98">
    <mem type="nursery" free="0" total="25034752" percent="0">
      <mem type="allocate" free="0" total="22216704" percent="0" />
      <mem type="survivor" free="0" total="2818048" percent="0" />
    </mem>
    <mem type="tenure" free="3965634928" total="3991404544" percent="99">
      <mem type="soa" free="3766094192" total="3791835136" percent="99" />
      <mem type="loa" free="199540736" total="199569408" percent="99" />
    </mem>
    <remembered-set count="133" />
  </mem-info>
</gc-start>
<allocation-stats totalBytes="22067584" >
  <allocated-bytes non-tlh="1168" tlh="22066416" />
  <largest-consumer threadName="main" threadId="0000000000880F00" bytes="22067584" />
</allocation-stats>
<gc-op id="3796" type="scavenge" timems="2.138" contextid="3793" timestamp="2019-08-11T07:39:33.129">
  <scavenger-info tenureage="14" tenuremask="4000" tiltratio="88" />
  <memory-copied type="nursery" objects="90" bytes="3888" bytesdiscarded="59856" />
  <references type="weak" candidates="2" cleared="0" enqueued="0" />
</gc-op>
<heap-resize id="3797" type="expand" space="nursery" amount="1703936" count="1" timems="0.158" reason="excessive time being spent scavenging" timestamp="2019-08-11T07:39:33.129" />
<gc-end id="3798" type="scavenge" contextid="3793" durationms="2.587" usertimems="8.141" systemtimems="0.000" timestamp="2019-08-11T07:39:33.130" activeThreads="16">
  <mem-info id="3799" free="3989557360" total="4018143232" percent="99">
    <mem type="nursery" free="23922432" total="26738688" percent="89">
      <mem type="allocate" free="23922432" total="23986176" percent="99" />
      <mem type="survivor" free="0" total="2752512" percent="0" />
    </mem>
    <mem type="tenure" free="3965634928" total="3991404544" percent="99" macro-fragmented="2592282">
      <mem type="soa" free="3766094192" total="3791835136" percent="99" />
      <mem type="loa" free="199540736" total="199569408" percent="99" />
    </mem>
    <remembered-set count="132" />
  </mem-info>
</gc-end>
<cycle-end id="3800" type="scavenge" contextid="3793" timestamp="2019-08-11T07:39:33.130" />
  <attribute name="elasticGC enabled" value="1" />
  <attribute name= "numThreadsSpecified" value="16" />
  <attribute name="heapSize specified" value="-91291648" />
  <attribute name="Current GC Util" value="23" />
  <attribute name= "Current Time Running" value="63966" />
  <attribute name ="GC Interval" value="200" />
  <attribute name="ProportionalT" value="-28.500000" />
  <attribute name="ProportionalI" value="-28.500000" />
  <attribute name="ProportionalH" value="-28.500000" />
  <attribute name="Current Error" value="-57.000000" />
  <attribute name="IntegralT" value="-399.000000" />
  <attribute name="IntegralI" value="-399.000000" />
  <attribute name="IntegralH" value="-399.000000" />
  <attribute name="DerivativeT" value="-4.071429" />
  <attribute name="DerivativeI" value="-4.071429" />
  <attribute name="DerivativeH" value="-4.071429" />
  <attribute name="Loop Time for DT" value="14.000000" />
  <attribute name="Output H" value="4203675648"/>
  <attribute name="Output I" value="200"/>
  <attribute name="Output T" value="16"/>
  <attribute name="Target GC Util Change" value ="80.000000" />
  <attribute name="Current GC Util Change" value="23.000000"/>
  <attribute name="GC Util currently" value="23" />
  <attribute name="CPU Util currently" value="79575125081" />
<allocation-satisfied id="3801" threadId="0000000000880F00" bytesRequested="1168" />
<af-end id="3802" timestamp="2019-08-11T07:39:33.130" threadId="0000000000881888" success="true" from="nursery"/>
<exclusive-end id="3803" timestamp="2019-08-11T07:39:33.130" durationms="2.795" />

<exclusive-start id="3804" timestamp="2019-08-11T07:39:33.142" intervalms="15.193">
  <response-info timems="0.042" idlems="0.042" threads="0" lastid="0000000000880F00" lastname="main" />
</exclusive-start>
<af-start id="3805" threadId="0000000000881888" totalBytesRequested="1168" timestamp="2019-08-11T07:39:33.142" intervalms="15.188" type="nursery" />
<cycle-start id="3806" type="scavenge" contextid="0" timestamp="2019-08-11T07:39:33.142" intervalms="15.187" />
<gc-start id="3807" type="scavenge" contextid="3806" timestamp="2019-08-11T07:39:33.142">
  <mem-info id="3808" free="3965634928" total="4018143232" percent="98">
    <mem type="nursery" free="0" total="26738688" percent="0">
      <mem type="allocate" free="0" total="23986176" percent="0" />
      <mem type="survivor" free="0" total="2752512" percent="0" />
    </mem>
    <mem type="tenure" free="3965634928" total="3991404544" percent="99">
      <mem type="soa" free="3766094192" total="3791835136" percent="99" />
      <mem type="loa" free="199540736" total="199569408" percent="99" />
    </mem>
    <remembered-set count="132" />
  </mem-info>
</gc-start>
<allocation-stats totalBytes="23830720" >
  <allocated-bytes non-tlh="1168" tlh="23829552" />
  <largest-consumer threadName="main" threadId="0000000000880F00" bytes="23830720" />
</allocation-stats>
<gc-op id="3809" type="scavenge" timems="1.878" contextid="3806" timestamp="2019-08-11T07:39:33.144">
  <scavenger-info tenureage="14" tenuremask="4000" tiltratio="89" />
  <memory-copied type="nursery" objects="91" bytes="3912" bytesdiscarded="59832" />
  <references type="weak" candidates="2" cleared="0" enqueued="0" />
</gc-op>
<heap-resize id="3810" type="expand" space="nursery" amount="1835008" count="1" timems="0.014" reason="excessive time being spent scavenging" timestamp="2019-08-11T07:39:33.144" />
<gc-end id="3811" type="scavenge" contextid="3806" durationms="2.228" usertimems="5.529" systemtimems="0.000" timestamp="2019-08-11T07:39:33.144" activeThreads="16">
  <mem-info id="3812" free="3991261296" total="4019978240" percent="99">
    <mem type="nursery" free="25626368" total="28573696" percent="89">
      <mem type="allocate" free="25626368" total="25690112" percent="99" />
      <mem type="survivor" free="0" total="2883584" percent="0" />
    </mem>
    <mem type="tenure" free="3965634928" total="3991404544" percent="99" macro-fragmented="2592282">
      <mem type="soa" free="3766094192" total="3791835136" percent="99" />
      <mem type="loa" free="199540736" total="199569408" percent="99" />
    </mem>
    <remembered-set count="131" />
  </mem-info>
</gc-end>
<cycle-end id="3813" type="scavenge" contextid="3806" timestamp="2019-08-11T07:39:33.145" />
  <attribute name="elasticGC enabled" value="1" />
  <attribute name= "numThreadsSpecified" value="16" />
  <attribute name="heapSize specified" value="-91291648" />
  <attribute name="Current GC Util" value="38" />
  <attribute name= "Current Time Running" value="63981" />
  <attribute name ="GC Interval" value="200" />
  <attribute name="ProportionalT" value="-21.000000" />
  <attribute name="ProportionalI" value="-21.000000" />
  <attribute name="ProportionalH" value="-21.000000" />
  <attribute name="Current Error" value="-42.000000" />
  <attribute name="IntegralT" value="-315.000000" />
  <attribute name="IntegralI" value="-315.000000" />
  <attribute name="IntegralH" value="-315.000000" />
  <attribute name="DerivativeT" value="-2.800000" />
  <attribute name="DerivativeI" value="-2.800000" />
  <attribute name="DerivativeH" value="-2.800000" />
  <attribute name="Loop Time for DT" value="15.000000" />
  <attribute name="Output H" value="4203675648"/>
  <attribute name="Output I" value="200"/>
  <attribute name="Output T" value="16"/>
  <attribute name="Target GC Util Change" value ="80.000000" />
  <attribute name="Current GC Util Change" value="38.000000"/>
  <attribute name="GC Util currently" value="38" />
  <attribute name="CPU Util currently" value="75975477831" />
<allocation-satisfied id="3814" threadId="0000000000880F00" bytesRequested="1168" />
<af-end id="3815" timestamp="2019-08-11T07:39:33.145" threadId="0000000000881888" success="true" from="nursery"/>
<exclusive-end id="3816" timestamp="2019-08-11T07:39:33.145" durationms="2.452" />

<exclusive-start id="3817" timestamp="2019-08-11T07:39:33.157" intervalms="14.870">
  <response-info timems="0.041" idlems="0.041" threads="0" lastid="0000000000880F00" lastname="main" />
</exclusive-start>
<af-start id="3818" threadId="0000000000881888" totalBytesRequested="1168" timestamp="2019-08-11T07:39:33.157" intervalms="14.868" type="nursery" />
<cycle-start id="3819" type="scavenge" contextid="0" timestamp="2019-08-11T07:39:33.157" intervalms="14.868" />
<gc-start id="3820" type="scavenge" contextid="3819" timestamp="2019-08-11T07:39:33.157">
  <mem-info id="3821" free="3965634928" total="4019978240" percent="98">
    <mem type="nursery" free="0" total="28573696" percent="0">
      <mem type="allocate" free="0" total="25690112" percent="0" />
      <mem type="survivor" free="0" total="2883584" percent="0" />
    </mem>
    <mem type="tenure" free="3965634928" total="3991404544" percent="99">
      <mem type="soa" free="3766094192" total="3791835136" percent="99" />
      <mem type="loa" free="199540736" total="199569408" percent="99" />
    </mem>
    <remembered-set count="131" />
  </mem-info>
</gc-start>
<allocation-stats totalBytes="25538232" >
  <allocated-bytes non-tlh="1168" tlh="25537064" />
  <largest-consumer threadName="main" threadId="0000000000880F00" bytes="25538232" />
</allocation-stats>
<gc-op id="3822" type="scavenge" timems="2.766" contextid="3819" timestamp="2019-08-11T07:39:33.160">
  <scavenger-info tenureage="14" tenuremask="4000" tiltratio="89" />
  <memory-copied type="nursery" objects="91" bytes="3912" bytesdiscarded="36024" />
  <references type="weak" candidates="2" cleared="0" enqueued="0" />
</gc-op>
<heap-resize id="3823" type="expand" space="nursery" amount="1703936" count="1" timems="0.014" reason="excessive time being spent scavenging" timestamp="2019-08-11T07:39:33.160" />
<gc-end id="3824" type="scavenge" contextid="3819" durationms="3.104" usertimems="6.608" systemtimems="0.000" timestamp="2019-08-11T07:39:33.160" activeThreads="16">
  <mem-info id="3825" free="3992792432" total="4021682176" percent="99">
    <mem type="nursery" free="27157504" total="30277632" percent="89">
      <mem type="allocate" free="27157504" total="27197440" percent="99" />
      <mem type="survivor" free="0" total="3080192" percent="0" />
    </mem>
    <mem type="tenure" free="3965634928" total="3991404544" percent="99" macro-fragmented="3110739">
      <mem type="soa" free="3766094192" total="3791835136" percent="99" />
      <mem type="loa" free="199540736" total="199569408" percent="99" />
    </mem>
    <remembered-set count="131" />
  </mem-info>
</gc-end>
<cycle-end id="3826" type="scavenge" contextid="3819" timestamp="2019-08-11T07:39:33.160" />
  <attribute name="elasticGC enabled" value="1" />
  <attribute name= "numThreadsSpecified" value="16" />
  <attribute name="heapSize specified" value="-91291648" />
  <attribute name="Current GC Util" value="29" />
  <attribute name= "Current Time Running" value="63996" />
  <attribute name ="GC Interval" value="200" />
  <attribute name="ProportionalT" value="-25.500000" />
  <attribute name="ProportionalI" value="-25.500000" />
  <attribute name="ProportionalH" value="-25.500000" />
  <attribute name="Current Error" value="-51.000000" />
  <attribute name="IntegralT" value="-382.500000" />
  <attribute name="IntegralI" value="-382.500000" />
  <attribute name="IntegralH" value="-382.500000" />
  <attribute name="DerivativeT" value="-3.400000" />
  <attribute name="DerivativeI" value="-3.400000" />
  <attribute name="DerivativeH" value="-3.400000" />
  <attribute name="Loop Time for DT" value="15.000000" />
  <attribute name="Output H" value="4203675648"/>
  <attribute name="Output I" value="200"/>
  <attribute name="Output T" value="16"/>
  <attribute name="Target GC Util Change" value ="80.000000" />
  <attribute name="Current GC Util Change" value="29.000000"/>
  <attribute name="GC Util currently" value="29" />
  <attribute name="CPU Util currently" value="77520554027" />
<allocation-satisfied id="3827" threadId="0000000000880F00" bytesRequested="1168" />
<af-end id="3828" timestamp="2019-08-11T07:39:33.160" threadId="0000000000881888" success="true" from="nursery"/>
<exclusive-end id="3829" timestamp="2019-08-11T07:39:33.160" durationms="3.311" />

<exclusive-start id="3830" timestamp="2019-08-11T07:39:33.176" intervalms="19.287">
  <response-info timems="0.039" idlems="0.039" threads="0" lastid="0000000000880F00" lastname="main" />
</exclusive-start>
<af-start id="3831" threadId="0000000000881888" totalBytesRequested="1168" timestamp="2019-08-11T07:39:33.176" intervalms="19.310" type="nursery" />
<cycle-start id="3832" type="scavenge" contextid="0" timestamp="2019-08-11T07:39:33.176" intervalms="19.315" />
<gc-start id="3833" type="scavenge" contextid="3832" timestamp="2019-08-11T07:39:33.176">
  <mem-info id="3834" free="3965634928" total="4021682176" percent="98">
    <mem type="nursery" free="0" total="30277632" percent="0">
      <mem type="allocate" free="0" total="27197440" percent="0" />
      <mem type="survivor" free="0" total="3080192" percent="0" />
    </mem>
    <mem type="tenure" free="3965634928" total="3991404544" percent="99">
      <mem type="soa" free="3766094192" total="3791835136" percent="99" />
      <mem type="loa" free="199540736" total="199569408" percent="99" />
    </mem>
    <remembered-set count="131" />
  </mem-info>
</gc-start>
<allocation-stats totalBytes="27064024" >
  <allocated-bytes non-tlh="1168" tlh="27062856" />
  <largest-consumer threadName="main" threadId="0000000000880F00" bytes="27064024" />
</allocation-stats>
<gc-op id="3835" type="scavenge" timems="2.199" contextid="3832" timestamp="2019-08-11T07:39:33.179">
  <scavenger-info tenureage="14" tenuremask="4000" tiltratio="89" />
  <memory-copied type="nursery" objects="91" bytes="3912" bytesdiscarded="52152" />
  <references type="weak" candidates="2" cleared="0" enqueued="0" />
</gc-op>
<heap-resize id="3836" type="expand" space="nursery" amount="1572864" count="1" timems="0.019" reason="excessive time being spent scavenging" timestamp="2019-08-11T07:39:33.179" />
<gc-end id="3837" type="scavenge" contextid="3832" durationms="2.781" usertimems="3.305" systemtimems="0.000" timestamp="2019-08-11T07:39:33.179" activeThreads="16">
  <mem-info id="3838" free="3994152560" total="4023255040" percent="99">
    <mem type="nursery" free="28517632" total="31850496" percent="89">
      <mem type="allocate" free="28517632" total="28573696" percent="99" />
      <mem type="survivor" free="0" total="3276800" percent="0" />
    </mem>
    <mem type="tenure" free="3965634928" total="3991404544" percent="99" macro-fragmented="1800196">
      <mem type="soa" free="3766094192" total="3791835136" percent="99" />
      <mem type="loa" free="199540736" total="199569408" percent="99" />
    </mem>
    <remembered-set count="131" />
  </mem-info>
</gc-end>
<cycle-end id="3839" type="scavenge" contextid="3832" timestamp="2019-08-11T07:39:33.179" />
  <attribute name="elasticGC enabled" value="1" />
  <attribute name= "numThreadsSpecified" value="16" />
  <attribute name="heapSize specified" value="-91291648" />
  <attribute name="Current GC Util" value="34" />
  <attribute name= "Current Time Running" value="64016" />
  <attribute name ="GC Interval" value="200" />
  <attribute name="ProportionalT" value="-23.000000" />
  <attribute name="ProportionalI" value="-23.000000" />
  <attribute name="ProportionalH" value="-23.000000" />
  <attribute name="Current Error" value="-46.000000" />
  <attribute name="IntegralT" value="-460.000000" />
  <attribute name="IntegralI" value="-460.000000" />
  <attribute name="IntegralH" value="-460.000000" />
  <attribute name="DerivativeT" value="-2.300000" />
  <attribute name="DerivativeI" value="-2.300000" />
  <attribute name="DerivativeH" value="-2.300000" />
  <attribute name="Loop Time for DT" value="20.000000" />
  <attribute name="Output H" value="4203675648"/>
  <attribute name="Output I" value="200"/>
  <attribute name="Output T" value="16"/>
  <attribute name="Target GC Util Change" value ="80.000000" />
  <attribute name="Current GC Util Change" value="34.000000"/>
  <attribute name="GC Util currently" value="34" />
  <attribute name="CPU Util currently" value="59684049236" />
<allocation-satisfied id="3840" threadId="0000000000880F00" bytesRequested="1168" />
<af-end id="3841" timestamp="2019-08-11T07:39:33.179" threadId="0000000000881888" success="true" from="nursery"/>
<exclusive-end id="3842" timestamp="2019-08-11T07:39:33.179" durationms="3.138" />

<exclusive-start id="3843" timestamp="2019-08-11T07:39:33.191" intervalms="14.797">
  <response-info timems="0.042" idlems="0.042" threads="0" lastid="0000000000880F00" lastname="main" />
</exclusive-start>
<af-start id="3844" threadId="0000000000881888" totalBytesRequested="1168" timestamp="2019-08-11T07:39:33.191" intervalms="14.779" type="nursery" />
<cycle-start id="3845" type="scavenge" contextid="0" timestamp="2019-08-11T07:39:33.191" intervalms="14.775" />
<gc-start id="3846" type="scavenge" contextid="3845" timestamp="2019-08-11T07:39:33.191">
  <mem-info id="3847" free="3965634928" total="4023255040" percent="98">
    <mem type="nursery" free="0" total="31850496" percent="0">
      <mem type="allocate" free="0" total="28573696" percent="0" />
      <mem type="survivor" free="0" total="3276800" percent="0" />
    </mem>
    <mem type="tenure" free="3965634928" total="3991404544" percent="99">
      <mem type="soa" free="3766094192" total="3791835136" percent="99" />
      <mem type="loa" free="199540736" total="199569408" percent="99" />
    </mem>
    <remembered-set count="131" />
  </mem-info>
</gc-start>
<allocation-stats totalBytes="28419752" >
  <allocated-bytes non-tlh="1168" tlh="28418584" />
  <largest-consumer threadName="main" threadId="0000000000880F00" bytes="28419752" />
</allocation-stats>
<gc-op id="3848" type="scavenge" timems="1.762" contextid="3845" timestamp="2019-08-11T07:39:33.193">
  <scavenger-info tenureage="3" tenuremask="fff8" tiltratio="89" />
  <memory-copied type="nursery" objects="2" bytes="56" bytesdiscarded="23752" />
  <memory-copied type="tenure" objects="89" bytes="3856" bytesdiscarded="328" />
</gc-op>
<gc-end id="3849" type="scavenge" contextid="3845" durationms="2.106" usertimems="3.813" systemtimems="0.000" timestamp="2019-08-11T07:39:33.193" activeThreads="16">
  <mem-info id="3850" free="3994250352" total="4023255040" percent="99">
    <mem type="nursery" free="28615424" total="31850496" percent="89">
      <mem type="allocate" free="28615424" total="28639232" percent="99" />
      <mem type="survivor" free="0" total="3211264" percent="0" />
    </mem>
    <mem type="tenure" free="3965634928" total="3991404544" percent="99" macro-fragmented="0">
      <mem type="soa" free="3766094192" total="3791835136" percent="99" />
      <mem type="loa" free="199540736" total="199569408" percent="99" />
    </mem>
    <remembered-set count="119" />
  </mem-info>
</gc-end>
<cycle-end id="3851" type="scavenge" contextid="3845" timestamp="2019-08-11T07:39:33.193" />
  <attribute name="elasticGC enabled" value="1" />
  <attribute name= "numThreadsSpecified" value="16" />
  <attribute name="heapSize specified" value="-91291648" />
  <attribute name="Current GC Util" value="23" />
  <attribute name= "Current Time Running" value="64030" />
  <attribute name ="GC Interval" value="200" />
  <attribute name="ProportionalT" value="-28.500000" />
  <attribute name="ProportionalI" value="-28.500000" />
  <attribute name="ProportionalH" value="-28.500000" />
  <attribute name="Current Error" value="-57.000000" />
  <attribute name="IntegralT" value="-399.000000" />
  <attribute name="IntegralI" value="-399.000000" />
  <attribute name="IntegralH" value="-399.000000" />
  <attribute name="DerivativeT" value="-4.071429" />
  <attribute name="DerivativeI" value="-4.071429" />
  <attribute name="DerivativeH" value="-4.071429" />
  <attribute name="Loop Time for DT" value="14.000000" />
  <attribute name="Output H" value="4203675648"/>
  <attribute name="Output I" value="200"/>
  <attribute name="Output T" value="16"/>
  <attribute name="Target GC Util Change" value ="80.000000" />
  <attribute name="Current GC Util Change" value="23.000000"/>
  <attribute name="GC Util currently" value="23" />
  <attribute name="CPU Util currently" value="78036105213" />
<allocation-satisfied id="3852" threadId="0000000000880F00" bytesRequested="1168" />
<af-end id="3853" timestamp="2019-08-11T07:39:33.193" threadId="0000000000881888" success="true" from="nursery"/>
<exclusive-end id="3854" timestamp="2019-08-11T07:39:33.193" durationms="2.331" />

<exclusive-start id="3855" timestamp="2019-08-11T07:39:33.206" intervalms="14.591">
  <response-info timems="0.045" idlems="0.045" threads="0" lastid="0000000000880F00" lastname="main" />
</exclusive-start>
<af-start id="3856" threadId="0000000000881888" totalBytesRequested="1168" timestamp="2019-08-11T07:39:33.206" intervalms="14.594" type="nursery" />
<cycle-start id="3857" type="scavenge" contextid="0" timestamp="2019-08-11T07:39:33.206" intervalms="14.598" />
<gc-start id="3858" type="scavenge" contextid="3857" timestamp="2019-08-11T07:39:33.206">
  <mem-info id="3859" free="3965634928" total="4023255040" percent="98">
    <mem type="nursery" free="0" total="31850496" percent="0">
      <mem type="allocate" free="0" total="28639232" percent="0" />
      <mem type="survivor" free="0" total="3211264" percent="0" />
    </mem>
    <mem type="tenure" free="3965634928" total="3991404544" percent="99">
      <mem type="soa" free="3766094192" total="3791835136" percent="99" />
      <mem type="loa" free="199540736" total="199569408" percent="99" />
    </mem>
    <remembered-set count="119" />
  </mem-info>
</gc-start>
<allocation-stats totalBytes="28518360" >
  <allocated-bytes non-tlh="1168" tlh="28517192" />
  <largest-consumer threadName="main" threadId="0000000000880F00" bytes="28518360" />
</allocation-stats>
<gc-op id="3860" type="scavenge" timems="1.130" contextid="3857" timestamp="2019-08-11T07:39:33.207">
  <scavenger-info tenureage="3" tenuremask="feb8" tiltratio="89" />
  <memory-copied type="nursery" objects="2" bytes="56" bytesdiscarded="32200" />
</gc-op>
<heap-resize id="3861" type="expand" space="nursery" amount="1441792" count="1" timems="0.012" reason="excessive time being spent scavenging" timestamp="2019-08-11T07:39:33.207" />
<gc-end id="3862" type="scavenge" contextid="3857" durationms="1.437" usertimems="3.478" systemtimems="0.000" timestamp="2019-08-11T07:39:33.207" activeThreads="16">
  <mem-info id="3863" free="3995487088" total="4024696832" percent="99">
    <mem type="nursery" free="29852160" total="33292288" percent="89">
      <mem type="allocate" free="29852160" total="29884416" percent="99" />
      <mem type="survivor" free="0" total="3407872" percent="0" />
    </mem>
    <mem type="tenure" free="3965634928" total="3991404544" percent="99" macro-fragmented="1800196">
      <mem type="soa" free="3766094192" total="3791835136" percent="99" />
      <mem type="loa" free="199540736" total="199569408" percent="99" />
    </mem>
    <remembered-set count="119" />
  </mem-info>
</gc-end>
<cycle-end id="3864" type="scavenge" contextid="3857" timestamp="2019-08-11T07:39:33.207" />
  <attribute name="elasticGC enabled" value="1" />
  <attribute name= "numThreadsSpecified" value="16" />
  <attribute name="heapSize specified" value="-91291648" />
  <attribute name="Current GC Util" value="26" />
  <attribute name= "Current Time Running" value="64045" />
  <attribute name ="GC Interval" value="200" />
  <attribute name="ProportionalT" value="-27.000000" />
  <attribute name="ProportionalI" value="-27.000000" />
  <attribute name="ProportionalH" value="-27.000000" />
  <attribute name="Current Error" value="-54.000000" />
  <attribute name="IntegralT" value="-405.000000" />
  <attribute name="IntegralI" value="-405.000000" />
  <attribute name="IntegralH" value="-405.000000" />
  <attribute name="DerivativeT" value="-3.600000" />
  <attribute name="DerivativeI" value="-3.600000" />
  <attribute name="DerivativeH" value="-3.600000" />
  <attribute name="Loop Time for DT" value="15.000000" />
  <attribute name="Output H" value="4203675648"/>
  <attribute name="Output I" value="200"/>
  <attribute name="Output T" value="16"/>
  <attribute name="Target GC Util Change" value ="80.000000" />
  <attribute name="Current GC Util Change" value="26.000000"/>
  <attribute name="GC Util currently" value="26" />
  <attribute name="CPU Util currently" value="78772065120" />
<allocation-satisfied id="3865" threadId="0000000000880F00" bytesRequested="1168" />
<af-end id="3866" timestamp="2019-08-11T07:39:33.207" threadId="0000000000881888" success="true" from="nursery"/>
<exclusive-end id="3867" timestamp="2019-08-11T07:39:33.207" durationms="1.700" />

<exclusive-start id="3868" timestamp="2019-08-11T07:39:33.219" intervalms="13.750">
  <response-info timems="0.030" idlems="0.030" threads="0" lastid="0000000000880F00" lastname="main" />
</exclusive-start>
<af-start id="3869" threadId="0000000000881888" totalBytesRequested="1168" timestamp="2019-08-11T07:39:33.219" intervalms="13.754" type="nursery" />
<cycle-start id="3870" type="scavenge" contextid="0" timestamp="2019-08-11T07:39:33.220" intervalms="13.758" />
<gc-start id="3871" type="scavenge" contextid="3870" timestamp="2019-08-11T07:39:33.220">
  <mem-info id="3872" free="3965634928" total="4024696832" percent="98">
    <mem type="nursery" free="0" total="33292288" percent="0">
      <mem type="allocate" free="0" total="29884416" percent="0" />
      <mem type="survivor" free="0" total="3407872" percent="0" />
    </mem>
    <mem type="tenure" free="3965634928" total="3991404544" percent="99">
      <mem type="soa" free="3766094192" total="3791835136" percent="99" />
      <mem type="loa" free="199540736" total="199569408" percent="99" />
    </mem>
    <remembered-set count="119" />
  </mem-info>
</gc-start>
<allocation-stats totalBytes="29750816" >
  <allocated-bytes non-tlh="1168" tlh="29749648" />
  <largest-consumer threadName="main" threadId="0000000000880F00" bytes="29750816" />
</allocation-stats>
<gc-op id="3873" type="scavenge" timems="0.878" contextid="3870" timestamp="2019-08-11T07:39:33.221">
  <scavenger-info tenureage="3" tenuremask="fff8" tiltratio="89" />
  <memory-copied type="nursery" objects="2" bytes="56" bytesdiscarded="32200" />
</gc-op>
<gc-end id="3874" type="scavenge" contextid="3870" durationms="1.298" usertimems="2.124" systemtimems="0.000" timestamp="2019-08-11T07:39:33.221" activeThreads="16">
  <mem-info id="3875" free="3995552624" total="4024696832" percent="99">
    <mem type="nursery" free="29917696" total="33292288" percent="89">
      <mem type="allocate" free="29917696" total="29949952" percent="99" />
      <mem type="survivor" free="0" total="3342336" percent="0" />
    </mem>
    <mem type="tenure" free="3965634928" total="3991404544" percent="99" macro-fragmented="0">
      <mem type="soa" free="3766094192" total="3791835136" percent="99" />
      <mem type="loa" free="199540736" total="199569408" percent="99" />
    </mem>
    <remembered-set count="119" />
  </mem-info>
</gc-end>
<cycle-end id="3876" type="scavenge" contextid="3870" timestamp="2019-08-11T07:39:33.221" />
  <attribute name="elasticGC enabled" value="1" />
  <attribute name= "numThreadsSpecified" value="16" />
  <attribute name="heapSize specified" value="-91291648" />
  <attribute name="Current GC Util" value="16" />
  <attribute name= "Current Time Running" value="64059" />
  <attribute name ="GC Interval" value="200" />
  <attribute name="ProportionalT" value="-32.000000" />
  <attribute name="ProportionalI" value="-32.000000" />
  <attribute name="ProportionalH" value="-32.000000" />
  <attribute name="Current Error" value="-64.000000" />
  <attribute name="IntegralT" value="-448.000000" />
  <attribute name="IntegralI" value="-448.000000" />
  <attribute name="IntegralH" value="-448.000000" />
  <attribute name="DerivativeT" value="-4.571429" />
  <attribute name="DerivativeI" value="-4.571429" />
  <attribute name="DerivativeH" value="-4.571429" />
  <attribute name="Loop Time for DT" value="14.000000" />
  <attribute name="Output H" value="4203675648"/>
  <attribute name="Output I" value="200"/>
  <attribute name="Output T" value="16"/>
  <attribute name="Target GC Util Change" value ="80.000000" />
  <attribute name="Current GC Util Change" value="16.000000"/>
  <attribute name="GC Util currently" value="16" />
  <attribute name="CPU Util currently" value="83604176656" />
<allocation-satisfied id="3877" threadId="0000000000880F00" bytesRequested="1168" />
<af-end id="3878" timestamp="2019-08-11T07:39:33.221" threadId="0000000000881888" success="true" from="nursery"/>
<exclusive-end id="3879" timestamp="2019-08-11T07:39:33.221" durationms="1.572" />

<exclusive-start id="3880" timestamp="2019-08-11T07:39:33.235" intervalms="15.539">
  <response-info timems="0.043" idlems="0.043" threads="0" lastid="0000000000880F00" lastname="main" />
</exclusive-start>
<af-start id="3881" threadId="0000000000881888" totalBytesRequested="1168" timestamp="2019-08-11T07:39:33.235" intervalms="15.529" type="nursery" />
<cycle-start id="3882" type="scavenge" contextid="0" timestamp="2019-08-11T07:39:33.235" intervalms="15.519" />
<gc-start id="3883" type="scavenge" contextid="3882" timestamp="2019-08-11T07:39:33.235">
  <mem-info id="3884" free="3965634928" total="4024696832" percent="98">
    <mem type="nursery" free="0" total="33292288" percent="0">
      <mem type="allocate" free="0" total="29949952" percent="0" />
      <mem type="survivor" free="0" total="3342336" percent="0" />
    </mem>
    <mem type="tenure" free="3965634928" total="3991404544" percent="99">
      <mem type="soa" free="3766094192" total="3791835136" percent="99" />
      <mem type="loa" free="199540736" total="199569408" percent="99" />
    </mem>
    <remembered-set count="119" />
  </mem-info>
</gc-start>
<allocation-stats totalBytes="29816160" >
  <allocated-bytes non-tlh="1168" tlh="29814992" />
  <largest-consumer threadName="main" threadId="0000000000880F00" bytes="29816160" />
</allocation-stats>
<gc-op id="3885" type="scavenge" timems="1.087" contextid="3882" timestamp="2019-08-11T07:39:33.236">
  <scavenger-info tenureage="3" tenuremask="fff8" tiltratio="89" />
  <memory-copied type="nursery" objects="2" bytes="56" bytesdiscarded="32200" />
</gc-op>
<heap-resize id="3886" type="expand" space="nursery" amount="1441792" count="1" timems="0.012" reason="excessive time being spent scavenging" timestamp="2019-08-11T07:39:33.236" />
<gc-end id="3887" type="scavenge" contextid="3882" durationms="1.408" usertimems="3.662" systemtimems="0.000" timestamp="2019-08-11T07:39:33.237" activeThreads="16">
  <mem-info id="3888" free="3996797808" total="4026138624" percent="99">
    <mem type="nursery" free="31162880" total="34734080" percent="89">
      <mem type="allocate" free="31162880" total="31195136" percent="99" />
      <mem type="survivor" free="0" total="3538944" percent="0" />
    </mem>
    <mem type="tenure" free="3965634928" total="3991404544" percent="99" macro-fragmented="3110739">
      <mem type="soa" free="3766094192" total="3791835136" percent="99" />
      <mem type="loa" free="199540736" total="199569408" percent="99" />
    </mem>
    <remembered-set count="119" />
  </mem-info>
</gc-end>
<cycle-end id="3889" type="scavenge" contextid="3882" timestamp="2019-08-11T07:39:33.237" />
  <attribute name="elasticGC enabled" value="1" />
  <attribute name= "numThreadsSpecified" value="16" />
  <attribute name="heapSize specified" value="-91291648" />
  <attribute name="Current GC Util" value="14" />
  <attribute name= "Current Time Running" value="64074" />
  <attribute name ="GC Interval" value="200" />
  <attribute name="ProportionalT" value="-33.000000" />
  <attribute name="ProportionalI" value="-33.000000" />
  <attribute name="ProportionalH" value="-33.000000" />
  <attribute name="Current Error" value="-66.000000" />
  <attribute name="IntegralT" value="-495.000000" />
  <attribute name="IntegralI" value="-495.000000" />
  <attribute name="IntegralH" value="-495.000000" />
  <attribute name="DerivativeT" value="-4.400000" />
  <attribute name="DerivativeI" value="-4.400000" />
  <attribute name="DerivativeH" value="-4.400000" />
  <attribute name="Loop Time for DT" value="15.000000" />
  <attribute name="Output H" value="4203675648"/>
  <attribute name="Output I" value="200"/>
  <attribute name="Output T" value="16"/>
  <attribute name="Target GC Util Change" value ="80.000000" />
  <attribute name="Current GC Util Change" value="14.000000"/>
  <attribute name="GC Util currently" value="14" />
  <attribute name="CPU Util currently" value="74397799400" />
<allocation-satisfied id="3890" threadId="0000000000880F00" bytesRequested="1168" />
<af-end id="3891" timestamp="2019-08-11T07:39:33.237" threadId="0000000000881888" success="true" from="nursery"/>
<exclusive-end id="3892" timestamp="2019-08-11T07:39:33.237" durationms="1.642" />

<exclusive-start id="3893" timestamp="2019-08-11T07:39:33.249" intervalms="14.188">
  <response-info timems="0.015" idlems="0.015" threads="0" lastid="0000000000880F00" lastname="main" />
</exclusive-start>
<af-start id="3894" threadId="0000000000881888" totalBytesRequested="1168" timestamp="2019-08-11T07:39:33.249" intervalms="14.190" type="nursery" />
<cycle-start id="3895" type="scavenge" contextid="0" timestamp="2019-08-11T07:39:33.249" intervalms="14.190" />
<gc-start id="3896" type="scavenge" contextid="3895" timestamp="2019-08-11T07:39:33.249">
  <mem-info id="3897" free="3965634928" total="4026138624" percent="98">
    <mem type="nursery" free="0" total="34734080" percent="0">
      <mem type="allocate" free="0" total="31195136" percent="0" />
      <mem type="survivor" free="0" total="3538944" percent="0" />
    </mem>
    <mem type="tenure" free="3965634928" total="3991404544" percent="99">
      <mem type="soa" free="3766094192" total="3791835136" percent="99" />
      <mem type="loa" free="199540736" total="199569408" percent="99" />
    </mem>
    <remembered-set count="119" />
  </mem-info>
</gc-start>
<allocation-stats totalBytes="31057264" >
  <allocated-bytes non-tlh="1168" tlh="31056096" />
  <largest-consumer threadName="main" threadId="0000000000880F00" bytes="31057264" />
</allocation-stats>
<gc-op id="3898" type="scavenge" timems="1.874" contextid="3895" timestamp="2019-08-11T07:39:33.251">
  <scavenger-info tenureage="3" tenuremask="fff8" tiltratio="89" />
  <memory-copied type="nursery" objects="2" bytes="56" bytesdiscarded="32200" />
</gc-op>
<gc-end id="3899" type="scavenge" contextid="3895" durationms="2.168" usertimems="4.283" systemtimems="0.000" timestamp="2019-08-11T07:39:33.251" activeThreads="16">
  <mem-info id="3900" free="3996863344" total="4026138624" percent="99">
    <mem type="nursery" free="31228416" total="34734080" percent="89">
      <mem type="allocate" free="31228416" total="31260672" percent="99" />
      <mem type="survivor" free="0" total="3473408" percent="0" />
    </mem>
    <mem type="tenure" free="3965634928" total="3991404544" percent="99" macro-fragmented="0">
      <mem type="soa" free="3766094192" total="3791835136" percent="99" />
      <mem type="loa" free="199540736" total="199569408" percent="99" />
    </mem>
    <remembered-set count="119" />
  </mem-info>
</gc-end>
<cycle-end id="3901" type="scavenge" contextid="3895" timestamp="2019-08-11T07:39:33.251" />
  <attribute name="elasticGC enabled" value="1" />
  <attribute name= "numThreadsSpecified" value="16" />
  <attribute name="heapSize specified" value="-91291648" />
  <attribute name="Current GC Util" value="18" />
  <attribute name= "Current Time Running" value="64089" />
  <attribute name ="GC Interval" value="200" />
  <attribute name="ProportionalT" value="-31.000000" />
  <attribute name="ProportionalI" value="-31.000000" />
  <attribute name="ProportionalH" value="-31.000000" />
  <attribute name="Current Error" value="-62.000000" />
  <attribute name="IntegralT" value="-465.000000" />
  <attribute name="IntegralI" value="-465.000000" />
  <attribute name="IntegralH" value="-465.000000" />
  <attribute name="DerivativeT" value="-4.133333" />
  <attribute name="DerivativeI" value="-4.133333" />
  <attribute name="DerivativeH" value="-4.133333" />
  <attribute name="Loop Time for DT" value="15.000000" />
  <attribute name="Output H" value="4203675648"/>
  <attribute name="Output I" value="200"/>
  <attribute name="Output T" value="16"/>
  <attribute name="Target GC Util Change" value ="80.000000" />
  <attribute name="Current GC Util Change" value="18.000000"/>
  <attribute name="GC Util currently" value="18" />
  <attribute name="CPU Util currently" value="81561651462" />
<allocation-satisfied id="3902" threadId="0000000000880F00" bytesRequested="1168" />
<af-end id="3903" timestamp="2019-08-11T07:39:33.252" threadId="0000000000881888" success="true" from="nursery"/>
<exclusive-end id="3904" timestamp="2019-08-11T07:39:33.252" durationms="2.370" />

<exclusive-start id="3905" timestamp="2019-08-11T07:39:33.265" intervalms="15.389">
  <response-info timems="0.068" idlems="0.068" threads="0" lastid="0000000000880F00" lastname="main" />
</exclusive-start>
<af-start id="3906" threadId="0000000000881888" totalBytesRequested="1168" timestamp="2019-08-11T07:39:33.265" intervalms="15.409" type="nursery" />
<cycle-start id="3907" type="scavenge" contextid="0" timestamp="2019-08-11T07:39:33.265" intervalms="15.416" />
<gc-start id="3908" type="scavenge" contextid="3907" timestamp="2019-08-11T07:39:33.265">
  <mem-info id="3909" free="3965634928" total="4026138624" percent="98">
    <mem type="nursery" free="0" total="34734080" percent="0">
      <mem type="allocate" free="0" total="31260672" percent="0" />
      <mem type="survivor" free="0" total="3473408" percent="0" />
    </mem>
    <mem type="tenure" free="3965634928" total="3991404544" percent="99">
      <mem type="soa" free="3766094192" total="3791835136" percent="99" />
      <mem type="loa" free="199540736" total="199569408" percent="99" />
    </mem>
    <remembered-set count="119" />
  </mem-info>
</gc-start>
<allocation-stats totalBytes="31122584" >
  <allocated-bytes non-tlh="1168" tlh="31121416" />
  <largest-consumer threadName="main" threadId="0000000000880F00" bytes="31122584" />
</allocation-stats>
<gc-op id="3910" type="scavenge" timems="2.270" contextid="3907" timestamp="2019-08-11T07:39:33.267">
  <scavenger-info tenureage="3" tenuremask="fff8" tiltratio="90" />
  <memory-copied type="nursery" objects="2" bytes="56" bytesdiscarded="32200" />
</gc-op>
<heap-resize id="3911" type="expand" space="nursery" amount="2621440" count="1" timems="0.018" reason="excessive time being spent scavenging" timestamp="2019-08-11T07:39:33.267" />
<gc-end id="3912" type="scavenge" contextid="3907" durationms="3.671" usertimems="5.674" systemtimems="0.000" timestamp="2019-08-11T07:39:33.268" activeThreads="16">
  <mem-info id="3913" free="3999222640" total="4028760064" percent="99">
    <mem type="nursery" free="33587712" total="37355520" percent="89">
      <mem type="allocate" free="33587712" total="33619968" percent="99" />
      <mem type="survivor" free="0" total="3735552" percent="0" />
    </mem>
    <mem type="tenure" free="3965634928" total="3991404544" percent="99" macro-fragmented="1500163">
      <mem type="soa" free="3766094192" total="3791835136" percent="99" />
      <mem type="loa" free="199540736" total="199569408" percent="99" />
    </mem>
    <remembered-set count="119" />
  </mem-info>
</gc-end>
<cycle-end id="3914" type="scavenge" contextid="3907" timestamp="2019-08-11T07:39:33.269" />
  <attribute name="elasticGC enabled" value="1" />
  <attribute name= "numThreadsSpecified" value="16" />
  <attribute name="heapSize specified" value="-91291648" />
  <attribute name="Current GC Util" value="28" />
  <attribute name= "Current Time Running" value="64104" />
  <attribute name ="GC Interval" value="200" />
  <attribute name="ProportionalT" value="-26.000000" />
  <attribute name="ProportionalI" value="-26.000000" />
  <attribute name="ProportionalH" value="-26.000000" />
  <attribute name="Current Error" value="-52.000000" />
  <attribute name="IntegralT" value="-390.000000" />
  <attribute name="IntegralI" value="-390.000000" />
  <attribute name="IntegralH" value="-390.000000" />
  <attribute name="DerivativeT" value="-3.466667" />
  <attribute name="DerivativeI" value="-3.466667" />
  <attribute name="DerivativeH" value="-3.466667" />
  <attribute name="Loop Time for DT" value="15.000000" />
  <attribute name="Output H" value="4203675648"/>
  <attribute name="Output I" value="200"/>
  <attribute name="Output T" value="16"/>
  <attribute name="Target GC Util Change" value ="80.000000" />
  <attribute name="Current GC Util Change" value="28.000000"/>
  <attribute name="GC Util currently" value="28" />
  <attribute name="CPU Util currently" value="74607746763" />
<allocation-satisfied id="3915" threadId="0000000000880F00" bytesRequested="1168" />
<af-end id="3916" timestamp="2019-08-11T07:39:33.269" threadId="0000000000881888" success="true" from="nursery"/>
<exclusive-end id="3917" timestamp="2019-08-11T07:39:33.269" durationms="4.070" />

<exclusive-start id="3918" timestamp="2019-08-11T07:39:33.278" intervalms="13.571">
  <response-info timems="0.027" idlems="0.027" threads="0" lastid="0000000000880F00" lastname="main" />
</exclusive-start>
<af-start id="3919" threadId="0000000000881888" totalBytesRequested="1168" timestamp="2019-08-11T07:39:33.278" intervalms="13.551" type="nursery" />
<cycle-start id="3920" type="scavenge" contextid="0" timestamp="2019-08-11T07:39:33.278" intervalms="13.546" />
<gc-start id="3921" type="scavenge" contextid="3920" timestamp="2019-08-11T07:39:33.278">
  <mem-info id="3922" free="3965634928" total="4028760064" percent="98">
    <mem type="nursery" free="0" total="37355520" percent="0">
      <mem type="allocate" free="0" total="33619968" percent="0" />
      <mem type="survivor" free="0" total="3735552" percent="0" />
    </mem>
    <mem type="tenure" free="3965634928" total="3991404544" percent="99">
      <mem type="soa" free="3766094192" total="3791835136" percent="99" />
      <mem type="loa" free="199540736" total="199569408" percent="99" />
    </mem>
    <remembered-set count="119" />
  </mem-info>
</gc-start>
<allocation-stats totalBytes="33474176" >
  <allocated-bytes non-tlh="1168" tlh="33473008" />
  <largest-consumer threadName="main" threadId="0000000000880F00" bytes="33474176" />
</allocation-stats>
<gc-op id="3923" type="scavenge" timems="1.086" contextid="3920" timestamp="2019-08-11T07:39:33.279">
  <scavenger-info tenureage="3" tenuremask="fff8" tiltratio="90" />
  <memory-copied type="nursery" objects="2" bytes="56" bytesdiscarded="32200" />
</gc-op>
<gc-end id="3924" type="scavenge" contextid="3920" durationms="1.384" usertimems="1.972" systemtimems="0.000" timestamp="2019-08-11T07:39:33.280" activeThreads="16">
  <mem-info id="3925" free="3999222640" total="4028760064" percent="99">
    <mem type="nursery" free="33587712" total="37355520" percent="89">
      <mem type="allocate" free="33587712" total="33619968" percent="99" />
      <mem type="survivor" free="0" total="3735552" percent="0" />
    </mem>
    <mem type="tenure" free="3965634928" total="3991404544" percent="99" macro-fragmented="0">
      <mem type="soa" free="3766094192" total="3791835136" percent="99" />
      <mem type="loa" free="199540736" total="199569408" percent="99" />
    </mem>
    <remembered-set count="119" />
  </mem-info>
</gc-end>
<cycle-end id="3926" type="scavenge" contextid="3920" timestamp="2019-08-11T07:39:33.280" />
  <attribute name="elasticGC enabled" value="1" />
  <attribute name= "numThreadsSpecified" value="16" />
  <attribute name="heapSize specified" value="-91291648" />
  <attribute name="Current GC Util" value="42" />
  <attribute name= "Current Time Running" value="64118" />
  <attribute name ="GC Interval" value="200" />
  <attribute name="ProportionalT" value="-19.000000" />
  <attribute name="ProportionalI" value="-19.000000" />
  <attribute name="ProportionalH" value="-19.000000" />
  <attribute name="Current Error" value="-38.000000" />
  <attribute name="IntegralT" value="-266.000000" />
  <attribute name="IntegralI" value="-266.000000" />
  <attribute name="IntegralH" value="-266.000000" />
  <attribute name="DerivativeT" value="-2.714286" />
  <attribute name="DerivativeI" value="-2.714286" />
  <attribute name="DerivativeH" value="-2.714286" />
  <attribute name="Loop Time for DT" value="14.000000" />
  <attribute name="Output H" value="4203675648"/>
  <attribute name="Output I" value="200"/>
  <attribute name="Output T" value="16"/>
  <attribute name="Target GC Util Change" value ="80.000000" />
  <attribute name="Current GC Util Change" value="42.000000"/>
  <attribute name="GC Util currently" value="42" />
  <attribute name="CPU Util currently" value="85016310812" />
<allocation-satisfied id="3927" threadId="0000000000880F00" bytesRequested="1168" />
<af-end id="3928" timestamp="2019-08-11T07:39:33.280" threadId="0000000000881888" success="true" from="nursery"/>
<exclusive-end id="3929" timestamp="2019-08-11T07:39:33.280" durationms="1.779" />

<exclusive-start id="3930" timestamp="2019-08-11T07:39:33.288" intervalms="9.500">
  <response-info timems="0.021" idlems="0.021" threads="0" lastid="0000000000880F00" lastname="main" />
</exclusive-start>
<af-start id="3931" threadId="0000000000881888" totalBytesRequested="1168" timestamp="2019-08-11T07:39:33.288" intervalms="9.501" type="nursery" />
<cycle-start id="3932" type="scavenge" contextid="0" timestamp="2019-08-11T07:39:33.288" intervalms="9.499" />
<gc-start id="3933" type="scavenge" contextid="3932" timestamp="2019-08-11T07:39:33.288">
  <mem-info id="3934" free="3965634928" total="4028760064" percent="98">
    <mem type="nursery" free="0" total="37355520" percent="0">
      <mem type="allocate" free="0" total="33619968" percent="0" />
      <mem type="survivor" free="0" total="3735552" percent="0" />
    </mem>
    <mem type="tenure" free="3965634928" total="3991404544" percent="99">
      <mem type="soa" free="3766094192" total="3791835136" percent="99" />
      <mem type="loa" free="199540736" total="199569408" percent="99" />
    </mem>
    <remembered-set count="119" />
  </mem-info>
</gc-start>
<allocation-stats totalBytes="33474152" >
  <allocated-bytes non-tlh="1168" tlh="33472984" />
  <largest-consumer threadName="main" threadId="0000000000880F00" bytes="33474152" />
</allocation-stats>
<gc-op id="3935" type="scavenge" timems="1.134" contextid="3932" timestamp="2019-08-11T07:39:33.289">
  <scavenger-info tenureage="3" tenuremask="fff8" tiltratio="90" />
  <memory-copied type="nursery" objects="2" bytes="56" bytesdiscarded="16072" />
</gc-op>
<heap-resize id="3936" type="expand" space="nursery" amount="2490368" count="1" timems="0.017" reason="excessive time being spent scavenging" timestamp="2019-08-11T07:39:33.289" />
<gc-end id="3937" type="scavenge" contextid="3932" durationms="1.658" usertimems="2.137" systemtimems="0.000" timestamp="2019-08-11T07:39:33.290" activeThreads="16">
  <mem-info id="3938" free="4001466992" total="4031250432" percent="99">
    <mem type="nursery" free="35832064" total="39845888" percent="89">
      <mem type="allocate" free="35832064" total="35848192" percent="99" />
      <mem type="survivor" free="0" total="3997696" percent="0" />
    </mem>
    <mem type="tenure" free="3965634928" total="3991404544" percent="99" macro-fragmented="2160235">
      <mem type="soa" free="3766094192" total="3791835136" percent="99" />
      <mem type="loa" free="199540736" total="199569408" percent="99" />
    </mem>
    <remembered-set count="119" />
  </mem-info>
</gc-end>
<cycle-end id="3939" type="scavenge" contextid="3932" timestamp="2019-08-11T07:39:33.290" />
  <attribute name="elasticGC enabled" value="1" />
  <attribute name= "numThreadsSpecified" value="16" />
  <attribute name="heapSize specified" value="-91291648" />
  <attribute name="Current GC Util" value="20" />
  <attribute name= "Current Time Running" value="64127" />
  <attribute name ="GC Interval" value="200" />
  <attribute name="ProportionalT" value="-30.000000" />
  <attribute name="ProportionalI" value="-30.000000" />
  <attribute name="ProportionalH" value="-30.000000" />
  <attribute name="Current Error" value="-60.000000" />
  <attribute name="IntegralT" value="-270.000000" />
  <attribute name="IntegralI" value="-270.000000" />
  <attribute name="IntegralH" value="-270.000000" />
  <attribute name="DerivativeT" value="-6.666667" />
  <attribute name="DerivativeI" value="-6.666667" />
  <attribute name="DerivativeH" value="-6.666667" />
  <attribute name="Loop Time for DT" value="9.000000" />
  <attribute name="Output H" value="4203675648"/>
  <attribute name="Output I" value="200"/>
  <attribute name="Output T" value="16"/>
  <attribute name="Target GC Util Change" value ="80.000000" />
  <attribute name="Current GC Util Change" value="20.000000"/>
  <attribute name="GC Util currently" value="20" />
  <attribute name="CPU Util currently" value="119968984264" />
<allocation-satisfied id="3940" threadId="0000000000880F00" bytesRequested="1168" />
<af-end id="3941" timestamp="2019-08-11T07:39:33.290" threadId="0000000000881888" success="true" from="nursery"/>
<exclusive-end id="3942" timestamp="2019-08-11T07:39:33.290" durationms="2.012" />

<exclusive-start id="3943" timestamp="2019-08-11T07:39:33.301" intervalms="13.060">
  <response-info timems="0.075" idlems="0.075" threads="0" lastid="0000000000880F00" lastname="main" />
</exclusive-start>
<af-start id="3944" threadId="0000000000881888" totalBytesRequested="1168" timestamp="2019-08-11T07:39:33.301" intervalms="13.112" type="nursery" />
<cycle-start id="3945" type="scavenge" contextid="0" timestamp="2019-08-11T07:39:33.301" intervalms="13.120" />
<gc-start id="3946" type="scavenge" contextid="3945" timestamp="2019-08-11T07:39:33.301">
  <mem-info id="3947" free="3965634928" total="4031250432" percent="98">
    <mem type="nursery" free="0" total="39845888" percent="0">
      <mem type="allocate" free="0" total="35848192" percent="0" />
      <mem type="survivor" free="0" total="3997696" percent="0" />
    </mem>
    <mem type="tenure" free="3965634928" total="3991404544" percent="99">
      <mem type="soa" free="3766094192" total="3791835136" percent="99" />
      <mem type="loa" free="199540736" total="199569408" percent="99" />
    </mem>
    <remembered-set count="119" />
  </mem-info>
</gc-start>
<allocation-stats totalBytes="35711096" >
  <allocated-bytes non-tlh="1168" tlh="35709928" />
  <largest-consumer threadName="main" threadId="0000000000880F00" bytes="35711096" />
</allocation-stats>
<gc-op id="3948" type="scavenge" timems="1.246" contextid="3945" timestamp="2019-08-11T07:39:33.302">
  <scavenger-info tenureage="3" tenuremask="fff8" tiltratio="89" />
  <memory-copied type="nursery" objects="2" bytes="56" bytesdiscarded="32200" />
</gc-op>
<gc-end id="3949" type="scavenge" contextid="3945" durationms="1.572" usertimems="3.152" systemtimems="0.000" timestamp="2019-08-11T07:39:33.302" activeThreads="16">
  <mem-info id="3950" free="4001450864" total="4031250432" percent="99">
    <mem type="nursery" free="35815936" total="39845888" percent="89">
      <mem type="allocate" free="35815936" total="35848192" percent="99" />
      <mem type="survivor" free="0" total="3997696" percent="0" />
    </mem>
    <mem type="tenure" free="3965634928" total="3991404544" percent="99" macro-fragmented="1000040">
      <mem type="soa" free="3766094192" total="3791835136" percent="99" />
      <mem type="loa" free="199540736" total="199569408" percent="99" />
    </mem>
    <remembered-set count="119" />
  </mem-info>
</gc-end>
<cycle-end id="3951" type="scavenge" contextid="3945" timestamp="2019-08-11T07:39:33.302" />
  <attribute name="elasticGC enabled" value="1" />
  <attribute name= "numThreadsSpecified" value="16" />
  <attribute name="heapSize specified" value="-91291648" />
  <attribute name="Current GC Util" value="17" />
  <attribute name= "Current Time Running" value="64140" />
  <attribute name ="GC Interval" value="200" />
  <attribute name="ProportionalT" value="-31.500000" />
  <attribute name="ProportionalI" value="-31.500000" />
  <attribute name="ProportionalH" value="-31.500000" />
  <attribute name="Current Error" value="-63.000000" />
  <attribute name="IntegralT" value="-409.500000" />
  <attribute name="IntegralI" value="-409.500000" />
  <attribute name="IntegralH" value="-409.500000" />
  <attribute name="DerivativeT" value="-4.846154" />
  <attribute name="DerivativeI" value="-4.846154" />
  <attribute name="DerivativeH" value="-4.846154" />
  <attribute name="Loop Time for DT" value="13.000000" />
  <attribute name="Output H" value="4203675648"/>
  <attribute name="Output I" value="200"/>
  <attribute name="Output T" value="16"/>
  <attribute name="Target GC Util Change" value ="80.000000" />
  <attribute name="Current GC Util Change" value="17.000000"/>
  <attribute name="GC Util currently" value="17" />
  <attribute name="CPU Util currently" value="88414326681" />
<allocation-satisfied id="3952" threadId="0000000000880F00" bytesRequested="1168" />
<af-end id="3953" timestamp="2019-08-11T07:39:33.303" threadId="0000000000881888" success="true" from="nursery"/>
<exclusive-end id="3954" timestamp="2019-08-11T07:39:33.303" durationms="2.021" />

<exclusive-start id="3955" timestamp="2019-08-11T07:39:33.314" intervalms="13.392">
  <response-info timems="0.060" idlems="0.060" threads="0" lastid="0000000000880F00" lastname="main" />
</exclusive-start>
<af-start id="3956" threadId="0000000000881888" totalBytesRequested="1168" timestamp="2019-08-11T07:39:33.314" intervalms="13.462" type="nursery" />
<cycle-start id="3957" type="scavenge" contextid="0" timestamp="2019-08-11T07:39:33.314" intervalms="13.594" />
<gc-start id="3958" type="scavenge" contextid="3957" timestamp="2019-08-11T07:39:33.315">
  <mem-info id="3959" free="3965634928" total="4031250432" percent="98">
    <mem type="nursery" free="0" total="39845888" percent="0">
      <mem type="allocate" free="0" total="35848192" percent="0" />
      <mem type="survivor" free="0" total="3997696" percent="0" />
    </mem>
    <mem type="tenure" free="3965634928" total="3991404544" percent="99">
      <mem type="soa" free="3766094192" total="3791835136" percent="99" />
      <mem type="loa" free="199540736" total="199569408" percent="99" />
    </mem>
    <remembered-set count="119" />
  </mem-info>
</gc-start>
<allocation-stats totalBytes="35695080" >
  <allocated-bytes non-tlh="1168" tlh="35693912" />
  <largest-consumer threadName="main" threadId="0000000000880F00" bytes="35695080" />
</allocation-stats>
<gc-op id="3960" type="scavenge" timems="2.445" contextid="3957" timestamp="2019-08-11T07:39:33.317">
  <scavenger-info tenureage="3" tenuremask="fff8" tiltratio="89" />
  <memory-copied type="nursery" objects="2" bytes="56" bytesdiscarded="16072" />
</gc-op>
<heap-resize id="3961" type="expand" space="nursery" amount="3276800" count="1" timems="0.016" reason="excessive time being spent scavenging" timestamp="2019-08-11T07:39:33.317" />
<gc-end id="3962" type="scavenge" contextid="3957" durationms="2.837" usertimems="3.454" systemtimems="0.000" timestamp="2019-08-11T07:39:33.317" activeThreads="16">
  <mem-info id="3963" free="4004416112" total="4034527232" percent="99">
    <mem type="nursery" free="38781184" total="43122688" percent="89">
      <mem type="allocate" free="38781184" total="38797312" percent="99" />
      <mem type="survivor" free="0" total="4325376" percent="0" />
    </mem>
    <mem type="tenure" free="3965634928" total="3991404544" percent="99" macro-fragmented="2160235">
      <mem type="soa" free="3766094192" total="3791835136" percent="99" />
      <mem type="loa" free="199540736" total="199569408" percent="99" />
    </mem>
    <remembered-set count="119" />
  </mem-info>
</gc-end>
<cycle-end id="3964" type="scavenge" contextid="3957" timestamp="2019-08-11T07:39:33.317" />
  <attribute name="elasticGC enabled" value="1" />
  <attribute name= "numThreadsSpecified" value="16" />
  <attribute name="heapSize specified" value="-91291648" />
  <attribute name="Current GC Util" value="23" />
  <attribute name= "Current Time Running" value="64154" />
  <attribute name ="GC Interval" value="200" />
  <attribute name="ProportionalT" value="-28.500000" />
  <attribute name="ProportionalI" value="-28.500000" />
  <attribute name="ProportionalH" value="-28.500000" />
  <attribute name="Current Error" value="-57.000000" />
  <attribute name="IntegralT" value="-399.000000" />
  <attribute name="IntegralI" value="-399.000000" />
  <attribute name="IntegralH" value="-399.000000" />
  <attribute name="DerivativeT" value="-4.071429" />
  <attribute name="DerivativeI" value="-4.071429" />
  <attribute name="DerivativeH" value="-4.071429" />
  <attribute name="Loop Time for DT" value="14.000000" />
  <attribute name="Output H" value="4203675648"/>
  <attribute name="Output I" value="200"/>
  <attribute name="Output T" value="16"/>
  <attribute name="Target GC Util Change" value ="80.000000" />
  <attribute name="Current GC Util Change" value="23.000000"/>
  <attribute name="GC Util currently" value="23" />
  <attribute name="CPU Util currently" value="84416544842" />
<allocation-satisfied id="3965" threadId="0000000000880F00" bytesRequested="1168" />
<af-end id="3966" timestamp="2019-08-11T07:39:33.317" threadId="0000000000881888" success="true" from="nursery"/>
<exclusive-end id="3967" timestamp="2019-08-11T07:39:33.317" durationms="3.396" />

<exclusive-start id="3968" timestamp="2019-08-11T07:39:33.326" intervalms="11.865">
  <response-info timems="0.182" idlems="0.182" threads="0" lastid="0000000000880F00" lastname="main" />
</exclusive-start>
<af-start id="3969" threadId="0000000000881888" totalBytesRequested="1168" timestamp="2019-08-11T07:39:33.326" intervalms="11.741" type="nursery" />
<cycle-start id="3970" type="scavenge" contextid="0" timestamp="2019-08-11T07:39:33.326" intervalms="11.600" />
<gc-start id="3971" type="scavenge" contextid="3970" timestamp="2019-08-11T07:39:33.326">
  <mem-info id="3972" free="3965634928" total="4034527232" percent="98">
    <mem type="nursery" free="0" total="43122688" percent="0">
      <mem type="allocate" free="0" total="38797312" percent="0" />
      <mem type="survivor" free="0" total="4325376" percent="0" />
    </mem>
    <mem type="tenure" free="3965634928" total="3991404544" percent="99">
      <mem type="soa" free="3766094192" total="3791835136" percent="99" />
      <mem type="loa" free="199540736" total="199569408" percent="99" />
    </mem>
    <remembered-set count="119" />
  </mem-info>
</gc-start>
<allocation-stats totalBytes="38650592" >
  <allocated-bytes non-tlh="1168" tlh="38649424" />
  <largest-consumer threadName="main" threadId="0000000000880F00" bytes="38650592" />
</allocation-stats>
<gc-op id="3973" type="scavenge" timems="1.870" contextid="3970" timestamp="2019-08-11T07:39:33.328">
  <scavenger-info tenureage="3" tenuremask="fff8" tiltratio="89" />
  <memory-copied type="nursery" objects="2" bytes="56" bytesdiscarded="32200" />
</gc-op>
<heap-resize id="3974" type="expand" space="nursery" amount="1835008" count="1" timems="0.012" reason="excessive time being spent scavenging" timestamp="2019-08-11T07:39:33.328" />
<gc-end id="3975" type="scavenge" contextid="3970" durationms="2.206" usertimems="4.415" systemtimems="0.000" timestamp="2019-08-11T07:39:33.328" activeThreads="16">
  <mem-info id="3976" free="4006038384" total="4036362240" percent="99">
    <mem type="nursery" free="40403456" total="44957696" percent="89">
      <mem type="allocate" free="40403456" total="40435712" percent="99" />
      <mem type="survivor" free="0" total="4521984" percent="0" />
    </mem>
    <mem type="tenure" free="3965634928" total="3991404544" percent="99" macro-fragmented="3732887">
      <mem type="soa" free="3766094192" total="3791835136" percent="99" />
      <mem type="loa" free="199540736" total="199569408" percent="99" />
    </mem>
    <remembered-set count="119" />
  </mem-info>
</gc-end>
<cycle-end id="3977" type="scavenge" contextid="3970" timestamp="2019-08-11T07:39:33.328" />
  <attribute name="elasticGC enabled" value="1" />
  <attribute name= "numThreadsSpecified" value="16" />
  <attribute name="heapSize specified" value="-91291648" />
  <attribute name="Current GC Util" value="31" />
  <attribute name= "Current Time Running" value="64165" />
  <attribute name ="GC Interval" value="200" />
  <attribute name="ProportionalT" value="-24.500000" />
  <attribute name="ProportionalI" value="-24.500000" />
  <attribute name="ProportionalH" value="-24.500000" />
  <attribute name="Current Error" value="-49.000000" />
  <attribute name="IntegralT" value="-269.500000" />
  <attribute name="IntegralI" value="-269.500000" />
  <attribute name="IntegralH" value="-269.500000" />
  <attribute name="DerivativeT" value="-4.454545" />
  <attribute name="DerivativeI" value="-4.454545" />
  <attribute name="DerivativeH" value="-4.454545" />
  <attribute name="Loop Time for DT" value="11.000000" />
  <attribute name="Output H" value="4203675648"/>
  <attribute name="Output I" value="200"/>
  <attribute name="Output T" value="16"/>
  <attribute name="Target GC Util Change" value ="80.000000" />
  <attribute name="Current GC Util Change" value="31.000000"/>
  <attribute name="GC Util currently" value="31" />
  <attribute name="CPU Util currently" value="100574192451" />
<allocation-satisfied id="3978" threadId="0000000000880F00" bytesRequested="1168" />
<af-end id="3979" timestamp="2019-08-11T07:39:33.328" threadId="0000000000881888" success="true" from="nursery"/>
<exclusive-end id="3980" timestamp="2019-08-11T07:39:33.328" durationms="2.429" />

<exclusive-start id="3981" timestamp="2019-08-11T07:39:33.338" intervalms="12.370">
  <response-info timems="0.059" idlems="0.059" threads="0" lastid="0000000000880F00" lastname="main" />
</exclusive-start>
<af-start id="3982" threadId="0000000000881888" totalBytesRequested="1168" timestamp="2019-08-11T07:39:33.338" intervalms="12.377" type="nursery" />
<cycle-start id="3983" type="scavenge" contextid="0" timestamp="2019-08-11T07:39:33.338" intervalms="12.379" />
<gc-start id="3984" type="scavenge" contextid="3983" timestamp="2019-08-11T07:39:33.338">
  <mem-info id="3985" free="3965634928" total="4036362240" percent="98">
    <mem type="nursery" free="0" total="44957696" percent="0">
      <mem type="allocate" free="0" total="40435712" percent="0" />
      <mem type="survivor" free="0" total="4521984" percent="0" />
    </mem>
    <mem type="tenure" free="3965634928" total="3991404544" percent="99">
      <mem type="soa" free="3766094192" total="3791835136" percent="99" />
      <mem type="loa" free="199540736" total="199569408" percent="99" />
    </mem>
    <remembered-set count="119" />
  </mem-info>
</gc-start>
<allocation-stats totalBytes="40267576" >
  <allocated-bytes non-tlh="1168" tlh="40266408" />
  <largest-consumer threadName="main" threadId="0000000000880F00" bytes="40267576" />
</allocation-stats>
<gc-op id="3986" type="scavenge" timems="1.386" contextid="3983" timestamp="2019-08-11T07:39:33.340">
  <scavenger-info tenureage="9" tenuremask="fe00" tiltratio="89" />
  <memory-copied type="nursery" objects="2" bytes="56" bytesdiscarded="32200" />
</gc-op>
<heap-resize id="3987" type="expand" space="nursery" amount="1835008" count="1" timems="0.014" reason="excessive time being spent scavenging" timestamp="2019-08-11T07:39:33.340" />
<gc-end id="3988" type="scavenge" contextid="3983" durationms="1.696" usertimems="2.979" systemtimems="0.000" timestamp="2019-08-11T07:39:33.340" activeThreads="16">
  <mem-info id="3989" free="4007676784" total="4038197248" percent="99">
    <mem type="nursery" free="42041856" total="46792704" percent="89">
      <mem type="allocate" free="42041856" total="42074112" percent="99" />
      <mem type="survivor" free="0" total="4718592" percent="0" />
    </mem>
    <mem type="tenure" free="3965634928" total="3991404544" percent="99" macro-fragmented="1000040">
      <mem type="soa" free="3766094192" total="3791835136" percent="99" />
      <mem type="loa" free="199540736" total="199569408" percent="99" />
    </mem>
    <remembered-set count="119" />
  </mem-info>
</gc-end>
<cycle-end id="3990" type="scavenge" contextid="3983" timestamp="2019-08-11T07:39:33.340" />
  <attribute name="elasticGC enabled" value="1" />
  <attribute name= "numThreadsSpecified" value="16" />
  <attribute name="heapSize specified" value="-91291648" />
  <attribute name="Current GC Util" value="35" />
  <attribute name= "Current Time Running" value="64178" />
  <attribute name ="GC Interval" value="200" />
  <attribute name="ProportionalT" value="-22.500000" />
  <attribute name="ProportionalI" value="-22.500000" />
  <attribute name="ProportionalH" value="-22.500000" />
  <attribute name="Current Error" value="-45.000000" />
  <attribute name="IntegralT" value="-292.500000" />
  <attribute name="IntegralI" value="-292.500000" />
  <attribute name="IntegralH" value="-292.500000" />
  <attribute name="DerivativeT" value="-3.461538" />
  <attribute name="DerivativeI" value="-3.461538" />
  <attribute name="DerivativeH" value="-3.461538" />
  <attribute name="Loop Time for DT" value="13.000000" />
  <attribute name="Output H" value="4203675648"/>
  <attribute name="Output I" value="200"/>
  <attribute name="Output T" value="16"/>
  <attribute name="Target GC Util Change" value ="80.000000" />
  <attribute name="Current GC Util Change" value="35.000000"/>
  <attribute name="GC Util currently" value="35" />
  <attribute name="CPU Util currently" value="93166931651" />
<allocation-satisfied id="3991" threadId="0000000000880F00" bytesRequested="1168" />
<af-end id="3992" timestamp="2019-08-11T07:39:33.340" threadId="0000000000881888" success="true" from="nursery"/>
<exclusive-end id="3993" timestamp="2019-08-11T07:39:33.340" durationms="1.976" />

<exclusive-start id="3994" timestamp="2019-08-11T07:39:33.350" intervalms="11.608">
  <response-info timems="0.068" idlems="0.068" threads="0" lastid="0000000000880F00" lastname="main" />
</exclusive-start>
<af-start id="3995" threadId="0000000000881888" totalBytesRequested="1168" timestamp="2019-08-11T07:39:33.350" intervalms="11.608" type="nursery" />
<cycle-start id="3996" type="scavenge" contextid="0" timestamp="2019-08-11T07:39:33.350" intervalms="11.616" />
<gc-start id="3997" type="scavenge" contextid="3996" timestamp="2019-08-11T07:39:33.350">
  <mem-info id="3998" free="3965634928" total="4038197248" percent="98">
    <mem type="nursery" free="0" total="46792704" percent="0">
      <mem type="allocate" free="0" total="42074112" percent="0" />
      <mem type="survivor" free="0" total="4718592" percent="0" />
    </mem>
    <mem type="tenure" free="3965634928" total="3991404544" percent="99">
      <mem type="soa" free="3766094192" total="3791835136" percent="99" />
      <mem type="loa" free="199540736" total="199569408" percent="99" />
    </mem>
    <remembered-set count="119" />
  </mem-info>
</gc-start>
<allocation-stats totalBytes="41900624" >
  <allocated-bytes non-tlh="1168" tlh="41899456" />
  <largest-consumer threadName="main" threadId="0000000000880F00" bytes="41900624" />
</allocation-stats>
<gc-op id="3999" type="scavenge" timems="1.024" contextid="3996" timestamp="2019-08-11T07:39:33.351">
  <scavenger-info tenureage="9" tenuremask="fe00" tiltratio="89" />
  <memory-copied type="nursery" objects="2" bytes="56" bytesdiscarded="32200" />
</gc-op>
<heap-resize id="4000" type="expand" space="nursery" amount="1835008" count="1" timems="0.012" reason="excessive time being spent scavenging" timestamp="2019-08-11T07:39:33.351" />
<gc-end id="4001" type="scavenge" contextid="3996" durationms="1.315" usertimems="1.978" systemtimems="0.000" timestamp="2019-08-11T07:39:33.351" activeThreads="16">
  <mem-info id="4002" free="4009315184" total="4040032256" percent="99">
    <mem type="nursery" free="43680256" total="48627712" percent="89">
      <mem type="allocate" free="43680256" total="43712512" percent="99" />
      <mem type="survivor" free="0" total="4915200" percent="0" />
    </mem>
    <mem type="tenure" free="3965634928" total="3991404544" percent="99" macro-fragmented="2160235">
      <mem type="soa" free="3766094192" total="3791835136" percent="99" />
      <mem type="loa" free="199540736" total="199569408" percent="99" />
    </mem>
    <remembered-set count="119" />
  </mem-info>
</gc-end>
<cycle-end id="4003" type="scavenge" contextid="3996" timestamp="2019-08-11T07:39:33.351" />
  <attribute name="elasticGC enabled" value="1" />
  <attribute name= "numThreadsSpecified" value="16" />
  <attribute name="heapSize specified" value="-91291648" />
  <attribute name="Current GC Util" value="27" />
  <attribute name= "Current Time Running" value="64189" />
  <attribute name ="GC Interval" value="200" />
  <attribute name="ProportionalT" value="-26.500000" />
  <attribute name="ProportionalI" value="-26.500000" />
  <attribute name="ProportionalH" value="-26.500000" />
  <attribute name="Current Error" value="-53.000000" />
  <attribute name="IntegralT" value="-291.500000" />
  <attribute name="IntegralI" value="-291.500000" />
  <attribute name="IntegralH" value="-291.500000" />
  <attribute name="DerivativeT" value="-4.818182" />
  <attribute name="DerivativeI" value="-4.818182" />
  <attribute name="DerivativeH" value="-4.818182" />
  <attribute name="Loop Time for DT" value="11.000000" />
  <attribute name="Output H" value="4203675648"/>
  <attribute name="Output I" value="200"/>
  <attribute name="Output T" value="16"/>
  <attribute name="Target GC Util Change" value ="80.000000" />
  <attribute name="Current GC Util Change" value="27.000000"/>
  <attribute name="GC Util currently" value="27" />
  <attribute name="CPU Util currently" value="99348811117" />
<allocation-satisfied id="4004" threadId="0000000000880F00" bytesRequested="1168" />
<af-end id="4005" timestamp="2019-08-11T07:39:33.351" threadId="0000000000881888" success="true" from="nursery"/>
<exclusive-end id="4006" timestamp="2019-08-11T07:39:33.351" durationms="1.545" />

<exclusive-start id="4007" timestamp="2019-08-11T07:39:33.363" intervalms="13.192">
  <response-info timems="0.264" idlems="0.264" threads="0" lastid="0000000000880F00" lastname="main" />
</exclusive-start>
<af-start id="4008" threadId="0000000000881888" totalBytesRequested="1168" timestamp="2019-08-11T07:39:33.363" intervalms="13.196" type="nursery" />
<cycle-start id="4009" type="scavenge" contextid="0" timestamp="2019-08-11T07:39:33.363" intervalms="13.190" />
<gc-start id="4010" type="scavenge" contextid="4009" timestamp="2019-08-11T07:39:33.363">
  <mem-info id="4011" free="3965634928" total="4040032256" percent="98">
    <mem type="nursery" free="0" total="48627712" percent="0">
      <mem type="allocate" free="0" total="43712512" percent="0" />
      <mem type="survivor" free="0" total="4915200" percent="0" />
    </mem>
    <mem type="tenure" free="3965634928" total="3991404544" percent="99">
      <mem type="soa" free="3766094192" total="3791835136" percent="99" />
      <mem type="loa" free="199540736" total="199569408" percent="99" />
    </mem>
    <remembered-set count="119" />
  </mem-info>
</gc-start>
<allocation-stats totalBytes="43533672" >
  <allocated-bytes non-tlh="1168" tlh="43532504" />
  <largest-consumer threadName="main" threadId="0000000000880F00" bytes="43533672" />
</allocation-stats>
<gc-op id="4012" type="scavenge" timems="1.563" contextid="4009" timestamp="2019-08-11T07:39:33.365">
  <scavenger-info tenureage="9" tenuremask="fe00" tiltratio="89" />
  <memory-copied type="nursery" objects="2" bytes="56" bytesdiscarded="32200" />
</gc-op>
<gc-end id="4013" type="scavenge" contextid="4009" durationms="1.868" usertimems="5.576" systemtimems="0.000" timestamp="2019-08-11T07:39:33.365" activeThreads="16">
  <mem-info id="4014" free="4009315184" total="4040032256" percent="99">
    <mem type="nursery" free="43680256" total="48627712" percent="89">
      <mem type="allocate" free="43680256" total="43712512" percent="99" />
      <mem type="survivor" free="0" total="4915200" percent="0" />
    </mem>
    <mem type="tenure" free="3965634928" total="3991404544" percent="99" macro-fragmented="1500163">
      <mem type="soa" free="3766094192" total="3791835136" percent="99" />
      <mem type="loa" free="199540736" total="199569408" percent="99" />
    </mem>
    <remembered-set count="119" />
  </mem-info>
</gc-end>
<cycle-end id="4015" type="scavenge" contextid="4009" timestamp="2019-08-11T07:39:33.365" />
  <attribute name="elasticGC enabled" value="1" />
  <attribute name= "numThreadsSpecified" value="16" />
  <attribute name="heapSize specified" value="-91291648" />
  <attribute name="Current GC Util" value="16" />
  <attribute name= "Current Time Running" value="64202" />
  <attribute name ="GC Interval" value="200" />
  <attribute name="ProportionalT" value="-32.000000" />
  <attribute name="ProportionalI" value="-32.000000" />
  <attribute name="ProportionalH" value="-32.000000" />
  <attribute name="Current Error" value="-64.000000" />
  <attribute name="IntegralT" value="-416.000000" />
  <attribute name="IntegralI" value="-416.000000" />
  <attribute name="IntegralH" value="-416.000000" />
  <attribute name="DerivativeT" value="-4.923077" />
  <attribute name="DerivativeI" value="-4.923077" />
  <attribute name="DerivativeH" value="-4.923077" />
  <attribute name="Loop Time for DT" value="13.000000" />
  <attribute name="Output H" value="4203675648"/>
  <attribute name="Output I" value="200"/>
  <attribute name="Output T" value="16"/>
  <attribute name="Target GC Util Change" value ="80.000000" />
  <attribute name="Current GC Util Change" value="16.000000"/>
  <attribute name="GC Util currently" value="16" />
  <attribute name="CPU Util currently" value="87393291715" />
<allocation-satisfied id="4016" threadId="0000000000880F00" bytesRequested="1168" />
<af-end id="4017" timestamp="2019-08-11T07:39:33.365" threadId="0000000000881888" success="true" from="nursery"/>
<exclusive-end id="4018" timestamp="2019-08-11T07:39:33.365" durationms="2.106" />

<exclusive-start id="4019" timestamp="2019-08-11T07:39:33.382" intervalms="18.623">
  <response-info timems="0.039" idlems="0.039" threads="0" lastid="0000000000880F00" lastname="main" />
</exclusive-start>
<af-start id="4020" threadId="0000000000881888" totalBytesRequested="1168" timestamp="2019-08-11T07:39:33.382" intervalms="18.628" type="nursery" />
<cycle-start id="4021" type="scavenge" contextid="0" timestamp="2019-08-11T07:39:33.382" intervalms="18.627" />
<gc-start id="4022" type="scavenge" contextid="4021" timestamp="2019-08-11T07:39:33.382">
  <mem-info id="4023" free="3965634928" total="4040032256" percent="98">
    <mem type="nursery" free="0" total="48627712" percent="0">
      <mem type="allocate" free="0" total="43712512" percent="0" />
      <mem type="survivor" free="0" total="4915200" percent="0" />
    </mem>
    <mem type="tenure" free="3965634928" total="3991404544" percent="99">
      <mem type="soa" free="3766094192" total="3791835136" percent="99" />
      <mem type="loa" free="199540736" total="199569408" percent="99" />
    </mem>
    <remembered-set count="124" />
  </mem-info>
</gc-start>
<allocation-stats totalBytes="43480808" >
  <allocated-bytes non-tlh="1168" tlh="43479640" />
  <largest-consumer threadName="main" threadId="0000000000880F00" bytes="43480808" />
</allocation-stats>
<gc-op id="4024" type="scavenge" timems="1.115" contextid="4021" timestamp="2019-08-11T07:39:33.383">
  <scavenger-info tenureage="9" tenuremask="fe00" tiltratio="89" />
  <memory-copied type="nursery" objects="28" bytes="1960" bytesdiscarded="30296" />
</gc-op>
<heap-resize id="4025" type="expand" space="nursery" amount="1835008" count="1" timems="0.015" reason="excessive time being spent scavenging" timestamp="2019-08-11T07:39:33.383" />
<gc-end id="4026" type="scavenge" contextid="4021" durationms="1.759" usertimems="3.716" systemtimems="0.000" timestamp="2019-08-11T07:39:33.384" activeThreads="16">
  <mem-info id="4027" free="4010953584" total="4041867264" percent="99">
    <mem type="nursery" free="45318656" total="50462720" percent="89">
      <mem type="allocate" free="45318656" total="45350912" percent="99" />
      <mem type="survivor" free="0" total="5111808" percent="0" />
    </mem>
    <mem type="tenure" free="3965634928" total="3991404544" percent="99" macro-fragmented="0">
      <mem type="soa" free="3766094192" total="3791835136" percent="99" />
      <mem type="loa" free="199540736" total="199569408" percent="99" />
    </mem>
    <remembered-set count="124" />
  </mem-info>
</gc-end>
<cycle-end id="4028" type="scavenge" contextid="4021" timestamp="2019-08-11T07:39:33.384" />
  <attribute name="elasticGC enabled" value="1" />
  <attribute name= "numThreadsSpecified" value="16" />
  <attribute name="heapSize specified" value="-91291648" />
  <attribute name="Current GC Util" value="19" />
  <attribute name= "Current Time Running" value="64221" />
  <attribute name ="GC Interval" value="200" />
  <attribute name="ProportionalT" value="-30.500000" />
  <attribute name="ProportionalI" value="-30.500000" />
  <attribute name="ProportionalH" value="-30.500000" />
  <attribute name="Current Error" value="-61.000000" />
  <attribute name="IntegralT" value="-579.500000" />
  <attribute name="IntegralI" value="-579.500000" />
  <attribute name="IntegralH" value="-579.500000" />
  <attribute name="DerivativeT" value="-3.210526" />
  <attribute name="DerivativeI" value="-3.210526" />
  <attribute name="DerivativeH" value="-3.210526" />
  <attribute name="Loop Time for DT" value="19.000000" />
  <attribute name="Output H" value="4203675648"/>
  <attribute name="Output I" value="200"/>
  <attribute name="Output T" value="16"/>
  <attribute name="Target GC Util Change" value ="80.000000" />
  <attribute name="Current GC Util Change" value="19.000000"/>
  <attribute name="GC Util currently" value="19" />
  <attribute name="CPU Util currently" value="61843003752" />
<allocation-satisfied id="4029" threadId="0000000000880F00" bytesRequested="1168" />
<af-end id="4030" timestamp="2019-08-11T07:39:33.384" threadId="0000000000881888" success="true" from="nursery"/>
<exclusive-end id="4031" timestamp="2019-08-11T07:39:33.384" durationms="2.009" />

<exclusive-start id="4032" timestamp="2019-08-11T07:39:33.410" intervalms="27.938">
  <response-info timems="0.050" idlems="0.050" threads="0" lastid="0000000000880F00" lastname="main" />
</exclusive-start>
<af-start id="4033" threadId="0000000000881888" totalBytesRequested="1168" timestamp="2019-08-11T07:39:33.410" intervalms="27.969" type="nursery" />
<cycle-start id="4034" type="scavenge" contextid="0" timestamp="2019-08-11T07:39:33.410" intervalms="28.070" />
<gc-start id="4035" type="scavenge" contextid="4034" timestamp="2019-08-11T07:39:33.410">
  <mem-info id="4036" free="3965634928" total="4041867264" percent="98">
    <mem type="nursery" free="0" total="50462720" percent="0">
      <mem type="allocate" free="0" total="45350912" percent="0" />
      <mem type="survivor" free="0" total="5111808" percent="0" />
    </mem>
    <mem type="tenure" free="3965634928" total="3991404544" percent="99">
      <mem type="soa" free="3766094192" total="3791835136" percent="99" />
      <mem type="loa" free="199540736" total="199569408" percent="99" />
    </mem>
    <remembered-set count="124" />
  </mem-info>
</gc-start>
<allocation-stats totalBytes="45020624" >
  <allocated-bytes non-tlh="1168" tlh="45019456" />
  <largest-consumer threadName="main" threadId="0000000000880F00" bytes="45020624" />
</allocation-stats>
<gc-op id="4037" type="scavenge" timems="1.519" contextid="4034" timestamp="2019-08-11T07:39:33.412">
  <scavenger-info tenureage="3" tenuremask="fff8" tiltratio="89" />
  <memory-copied type="nursery" objects="29" bytes="1984" bytesdiscarded="30272" />
</gc-op>
<gc-end id="4038" type="scavenge" contextid="4034" durationms="1.833" usertimems="4.722" systemtimems="0.000" timestamp="2019-08-11T07:39:33.412" activeThreads="16">
  <mem-info id="4039" free="4011019120" total="4041867264" percent="99">
    <mem type="nursery" free="45384192" total="50462720" percent="89">
      <mem type="allocate" free="45384192" total="45416448" percent="99" />
      <mem type="survivor" free="0" total="5046272" percent="0" />
    </mem>
    <mem type="tenure" free="3965634928" total="3991404544" percent="99" macro-fragmented="4479464">
      <mem type="soa" free="3766094192" total="3791835136" percent="99" />
      <mem type="loa" free="199540736" total="199569408" percent="99" />
    </mem>
    <remembered-set count="114" />
  </mem-info>
</gc-end>
<cycle-end id="4040" type="scavenge" contextid="4034" timestamp="2019-08-11T07:39:33.412" />
  <attribute name="elasticGC enabled" value="1" />
  <attribute name= "numThreadsSpecified" value="16" />
  <attribute name="heapSize specified" value="-91291648" />
  <attribute name="Current GC Util" value="9" />
  <attribute name= "Current Time Running" value="64249" />
  <attribute name ="GC Interval" value="200" />
  <attribute name="ProportionalT" value="-35.500000" />
  <attribute name="ProportionalI" value="-35.500000" />
  <attribute name="ProportionalH" value="-35.500000" />
  <attribute name="Current Error" value="-71.000000" />
  <attribute name="IntegralT" value="-994.000000" />
  <attribute name="IntegralI" value="-994.000000" />
  <attribute name="IntegralH" value="-994.000000" />
  <attribute name="DerivativeT" value="-2.535714" />
  <attribute name="DerivativeI" value="-2.535714" />
  <attribute name="DerivativeH" value="-2.535714" />
  <attribute name="Loop Time for DT" value="28.000000" />
  <attribute name="Output H" value="4203675648"/>
  <attribute name="Output I" value="200"/>
  <attribute name="Output T" value="16"/>
  <attribute name="Target GC Util Change" value ="80.000000" />
  <attribute name="Current GC Util Change" value="9.000000"/>
  <attribute name="GC Util currently" value="9" />
  <attribute name="CPU Util currently" value="41014154293" />
<allocation-satisfied id="4041" threadId="0000000000880F00" bytesRequested="1168" />
<af-end id="4042" timestamp="2019-08-11T07:39:33.412" threadId="0000000000881888" success="true" from="nursery"/>
<exclusive-end id="4043" timestamp="2019-08-11T07:39:33.412" durationms="2.235" />

<exclusive-start id="4044" timestamp="2019-08-11T07:39:33.435" intervalms="25.106">
  <response-info timems="0.055" idlems="0.055" threads="0" lastid="0000000000880F00" lastname="main" />
</exclusive-start>
<af-start id="4045" threadId="0000000000881888" totalBytesRequested="1168" timestamp="2019-08-11T07:39:33.435" intervalms="25.617" type="nursery" />
<cycle-start id="4046" type="scavenge" contextid="0" timestamp="2019-08-11T07:39:33.435" intervalms="25.524" />
<gc-start id="4047" type="scavenge" contextid="4046" timestamp="2019-08-11T07:39:33.435">
  <mem-info id="4048" free="3965634928" total="4041867264" percent="98">
    <mem type="nursery" free="0" total="50462720" percent="0">
      <mem type="allocate" free="0" total="45416448" percent="0" />
      <mem type="survivor" free="0" total="5046272" percent="0" />
    </mem>
    <mem type="tenure" free="3965634928" total="3991404544" percent="99">
      <mem type="soa" free="3766094192" total="3791835136" percent="99" />
      <mem type="loa" free="199540736" total="199569408" percent="99" />
    </mem>
    <remembered-set count="114" />
  </mem-info>
</gc-start>
<allocation-stats totalBytes="45100128" >
  <allocated-bytes non-tlh="1168" tlh="45098960" />
  <largest-consumer threadName="main" threadId="0000000000880F00" bytes="45100128" />
</allocation-stats>
<gc-op id="4049" type="scavenge" timems="1.722" contextid="4046" timestamp="2019-08-11T07:39:33.437">
  <scavenger-info tenureage="3" tenuremask="fff8" tiltratio="90" />
  <memory-copied type="nursery" objects="29" bytes="1984" bytesdiscarded="30272" />
</gc-op>
<gc-end id="4050" type="scavenge" contextid="4046" durationms="2.061" usertimems="5.807" systemtimems="0.000" timestamp="2019-08-11T07:39:33.438" activeThreads="16">
  <mem-info id="4051" free="4011019120" total="4041867264" percent="99">
    <mem type="nursery" free="45384192" total="50462720" percent="89">
      <mem type="allocate" free="45384192" total="45416448" percent="99" />
      <mem type="survivor" free="0" total="5046272" percent="0" />
    </mem>
    <mem type="tenure" free="3965634928" total="3991404544" percent="99" macro-fragmented="1310760">
      <mem type="soa" free="3766094192" total="3791835136" percent="99" />
      <mem type="loa" free="199540736" total="199569408" percent="99" />
    </mem>
    <remembered-set count="114" />
  </mem-info>
</gc-end>
<cycle-end id="4052" type="scavenge" contextid="4046" timestamp="2019-08-11T07:39:33.438" />
  <attribute name="elasticGC enabled" value="1" />
  <attribute name= "numThreadsSpecified" value="16" />
  <attribute name="heapSize specified" value="-91291648" />
  <attribute name="Current GC Util" value="11" />
  <attribute name= "Current Time Running" value="64275" />
  <attribute name ="GC Interval" value="200" />
  <attribute name="ProportionalT" value="-34.500000" />
  <attribute name="ProportionalI" value="-34.500000" />
  <attribute name="ProportionalH" value="-34.500000" />
  <attribute name="Current Error" value="-69.000000" />
  <attribute name="IntegralT" value="-897.000000" />
  <attribute name="IntegralI" value="-897.000000" />
  <attribute name="IntegralH" value="-897.000000" />
  <attribute name="DerivativeT" value="-2.653846" />
  <attribute name="DerivativeI" value="-2.653846" />
  <attribute name="DerivativeH" value="-2.653846" />
  <attribute name="Loop Time for DT" value="26.000000" />
  <attribute name="Output H" value="4203675648"/>
  <attribute name="Output I" value="200"/>
  <attribute name="Output T" value="16"/>
  <attribute name="Target GC Util Change" value ="80.000000" />
  <attribute name="Current GC Util Change" value="11.000000"/>
  <attribute name="GC Util currently" value="11" />
  <attribute name="CPU Util currently" value="45142450917" />
<allocation-satisfied id="4053" threadId="0000000000880F00" bytesRequested="1168" />
<af-end id="4054" timestamp="2019-08-11T07:39:33.438" threadId="0000000000881888" success="true" from="nursery"/>
<exclusive-end id="4055" timestamp="2019-08-11T07:39:33.438" durationms="2.881" />

<exclusive-start id="4056" timestamp="2019-08-11T07:39:33.458" intervalms="23.642">
  <response-info timems="0.035" idlems="0.035" threads="0" lastid="0000000000880F00" lastname="main" />
</exclusive-start>
<af-start id="4057" threadId="0000000000881888" totalBytesRequested="1168" timestamp="2019-08-11T07:39:33.458" intervalms="23.084" type="nursery" />
<cycle-start id="4058" type="scavenge" contextid="0" timestamp="2019-08-11T07:39:33.458" intervalms="23.074" />
<gc-start id="4059" type="scavenge" contextid="4058" timestamp="2019-08-11T07:39:33.459">
  <mem-info id="4060" free="3965634928" total="4041867264" percent="98">
    <mem type="nursery" free="0" total="50462720" percent="0">
      <mem type="allocate" free="0" total="45416448" percent="0" />
      <mem type="survivor" free="0" total="5046272" percent="0" />
    </mem>
    <mem type="tenure" free="3965634928" total="3991404544" percent="99">
      <mem type="soa" free="3766094192" total="3791835136" percent="99" />
      <mem type="loa" free="199540736" total="199569408" percent="99" />
    </mem>
    <remembered-set count="114" />
  </mem-info>
</gc-start>
<allocation-stats totalBytes="45100128" >
  <allocated-bytes non-tlh="1168" tlh="45098960" />
  <largest-consumer threadName="main" threadId="0000000000880F00" bytes="45100128" />
</allocation-stats>
<gc-op id="4061" type="scavenge" timems="0.996" contextid="4058" timestamp="2019-08-11T07:39:33.460">
  <scavenger-info tenureage="3" tenuremask="fff8" tiltratio="90" />
  <memory-copied type="nursery" objects="2" bytes="64" bytesdiscarded="32192" />
  <memory-copied type="tenure" objects="27" bytes="1920" bytesdiscarded="0" />
</gc-op>
<gc-end id="4062" type="scavenge" contextid="4058" durationms="1.388" usertimems="4.220" systemtimems="0.000" timestamp="2019-08-11T07:39:33.460" activeThreads="16">
  <mem-info id="4063" free="4011002992" total="4041867264" percent="99">
    <mem type="nursery" free="45384192" total="50462720" percent="89">
      <mem type="allocate" free="45384192" total="45416448" percent="99" />
      <mem type="survivor" free="0" total="5046272" percent="0" />
    </mem>
    <mem type="tenure" free="3965618800" total="3991404544" percent="99" macro-fragmented="0">
      <mem type="soa" free="3766078064" total="3791835136" percent="99" />
      <mem type="loa" free="199540736" total="199569408" percent="99" />
    </mem>
    <remembered-set count="119" />
  </mem-info>
</gc-end>
<cycle-end id="4064" type="scavenge" contextid="4058" timestamp="2019-08-11T07:39:33.460" />
  <attribute name="elasticGC enabled" value="1" />
  <attribute name= "numThreadsSpecified" value="16" />
  <attribute name="heapSize specified" value="-91291648" />
  <attribute name="Current GC Util" value="14" />
  <attribute name= "Current Time Running" value="64298" />
  <attribute name ="GC Interval" value="200" />
  <attribute name="ProportionalT" value="-33.000000" />
  <attribute name="ProportionalI" value="-33.000000" />
  <attribute name="ProportionalH" value="-33.000000" />
  <attribute name="Current Error" value="-66.000000" />
  <attribute name="IntegralT" value="-759.000000" />
  <attribute name="IntegralI" value="-759.000000" />
  <attribute name="IntegralH" value="-759.000000" />
  <attribute name="DerivativeT" value="-2.869565" />
  <attribute name="DerivativeI" value="-2.869565" />
  <attribute name="DerivativeH" value="-2.869565" />
  <attribute name="Loop Time for DT" value="23.000000" />
  <attribute name="Output H" value="4203675648"/>
  <attribute name="Output I" value="200"/>
  <attribute name="Output T" value="16"/>
  <attribute name="Target GC Util Change" value ="80.000000" />
  <attribute name="Current GC Util Change" value="14.000000"/>
  <attribute name="GC Util currently" value="14" />
  <attribute name="CPU Util currently" value="50074075753" />
<allocation-satisfied id="4065" threadId="0000000000880F00" bytesRequested="1168" />
<af-end id="4066" timestamp="2019-08-11T07:39:33.460" threadId="0000000000881888" success="true" from="nursery"/>
<exclusive-end id="4067" timestamp="2019-08-11T07:39:33.460" durationms="1.593" />

<exclusive-start id="4068" timestamp="2019-08-11T07:39:33.480" intervalms="22.041">
  <response-info timems="0.043" idlems="0.043" threads="0" lastid="0000000000880F00" lastname="main" />
</exclusive-start>
<af-start id="4069" threadId="0000000000881888" totalBytesRequested="1168" timestamp="2019-08-11T07:39:33.480" intervalms="22.042" type="nursery" />
<cycle-start id="4070" type="scavenge" contextid="0" timestamp="2019-08-11T07:39:33.481" intervalms="22.045" />
<gc-start id="4071" type="scavenge" contextid="4070" timestamp="2019-08-11T07:39:33.481">
  <mem-info id="4072" free="3965618800" total="4041867264" percent="98">
    <mem type="nursery" free="0" total="50462720" percent="0">
      <mem type="allocate" free="0" total="45416448" percent="0" />
      <mem type="survivor" free="0" total="5046272" percent="0" />
    </mem>
    <mem type="tenure" free="3965618800" total="3991404544" percent="99">
      <mem type="soa" free="3766078064" total="3791835136" percent="99" />
      <mem type="loa" free="199540736" total="199569408" percent="99" />
    </mem>
    <remembered-set count="119" />
  </mem-info>
</gc-start>
<allocation-stats totalBytes="45100128" >
  <allocated-bytes non-tlh="1168" tlh="45098960" />
  <largest-consumer threadName="main" threadId="0000000000880F00" bytes="45100128" />
</allocation-stats>
<gc-op id="4073" type="scavenge" timems="1.174" contextid="4070" timestamp="2019-08-11T07:39:33.482">
  <scavenger-info tenureage="3" tenuremask="ffe8" tiltratio="90" />
  <memory-copied type="nursery" objects="2" bytes="64" bytesdiscarded="16064" />
</gc-op>
<gc-end id="4074" type="scavenge" contextid="4070" durationms="1.456" usertimems="4.126" systemtimems="0.000" timestamp="2019-08-11T07:39:33.482" activeThreads="16">
  <mem-info id="4075" free="4011019120" total="4041867264" percent="99">
    <mem type="nursery" free="45400320" total="50462720" percent="89">
      <mem type="allocate" free="45400320" total="45416448" percent="99" />
      <mem type="survivor" free="0" total="5046272" percent="0" />
    </mem>
    <mem type="tenure" free="3965618800" total="3991404544" percent="99" macro-fragmented="0">
      <mem type="soa" free="3766078064" total="3791835136" percent="99" />
      <mem type="loa" free="199540736" total="199569408" percent="99" />
    </mem>
    <remembered-set count="119" />
  </mem-info>
</gc-end>
<cycle-end id="4076" type="scavenge" contextid="4070" timestamp="2019-08-11T07:39:33.482" />
  <attribute name="elasticGC enabled" value="1" />
  <attribute name= "numThreadsSpecified" value="16" />
  <attribute name="heapSize specified" value="-91291648" />
  <attribute name="Current GC Util" value="10" />
  <attribute name= "Current Time Running" value="64320" />
  <attribute name ="GC Interval" value="200" />
  <attribute name="ProportionalT" value="-35.000000" />
  <attribute name="ProportionalI" value="-35.000000" />
  <attribute name="ProportionalH" value="-35.000000" />
  <attribute name="Current Error" value="-70.000000" />
  <attribute name="IntegralT" value="-770.000000" />
  <attribute name="IntegralI" value="-770.000000" />
  <attribute name="IntegralH" value="-770.000000" />
  <attribute name="DerivativeT" value="-3.181818" />
  <attribute name="DerivativeI" value="-3.181818" />
  <attribute name="DerivativeH" value="-3.181818" />
  <attribute name="Loop Time for DT" value="22.000000" />
  <attribute name="Output H" value="4203675648"/>
  <attribute name="Output I" value="200"/>
  <attribute name="Output T" value="16"/>
  <attribute name="Target GC Util Change" value ="80.000000" />
  <attribute name="Current GC Util Change" value="10.000000"/>
  <attribute name="GC Util currently" value="10" />
  <attribute name="CPU Util currently" value="52320672576" />
<allocation-satisfied id="4077" threadId="0000000000880F00" bytesRequested="1168" />
<af-end id="4078" timestamp="2019-08-11T07:39:33.482" threadId="0000000000881888" success="true" from="nursery"/>
<exclusive-end id="4079" timestamp="2019-08-11T07:39:33.482" durationms="1.658" />

<exclusive-start id="4080" timestamp="2019-08-11T07:39:33.503" intervalms="22.099">
  <response-info timems="0.038" idlems="0.038" threads="0" lastid="0000000000880F00" lastname="main" />
</exclusive-start>
<af-start id="4081" threadId="0000000000881888" totalBytesRequested="1168" timestamp="2019-08-11T07:39:33.503" intervalms="22.100" type="nursery" />
<cycle-start id="4082" type="scavenge" contextid="0" timestamp="2019-08-11T07:39:33.503" intervalms="22.098" />
<gc-start id="4083" type="scavenge" contextid="4082" timestamp="2019-08-11T07:39:33.503">
  <mem-info id="4084" free="3965618800" total="4041867264" percent="98">
    <mem type="nursery" free="0" total="50462720" percent="0">
      <mem type="allocate" free="0" total="45416448" percent="0" />
      <mem type="survivor" free="0" total="5046272" percent="0" />
    </mem>
    <mem type="tenure" free="3965618800" total="3991404544" percent="99">
      <mem type="soa" free="3766078064" total="3791835136" percent="99" />
      <mem type="loa" free="199540736" total="199569408" percent="99" />
    </mem>
    <remembered-set count="119" />
  </mem-info>
</gc-start>
<allocation-stats totalBytes="45116248" >
  <allocated-bytes non-tlh="1168" tlh="45115080" />
  <largest-consumer threadName="main" threadId="0000000000880F00" bytes="45116248" />
</allocation-stats>
<gc-op id="4085" type="scavenge" timems="1.189" contextid="4082" timestamp="2019-08-11T07:39:33.504">
  <scavenger-info tenureage="3" tenuremask="fff8" tiltratio="90" />
  <memory-copied type="nursery" objects="2" bytes="64" bytesdiscarded="16064" />
</gc-op>
<gc-end id="4086" type="scavenge" contextid="4082" durationms="1.460" usertimems="4.545" systemtimems="0.000" timestamp="2019-08-11T07:39:33.504" activeThreads="16">
  <mem-info id="4087" free="4011019120" total="4041867264" percent="99">
    <mem type="nursery" free="45400320" total="50462720" percent="89">
      <mem type="allocate" free="45400320" total="45416448" percent="99" />
      <mem type="survivor" free="0" total="5046272" percent="0" />
    </mem>
    <mem type="tenure" free="3965618800" total="3991404544" percent="99" macro-fragmented="0">
      <mem type="soa" free="3766078064" total="3791835136" percent="99" />
      <mem type="loa" free="199540736" total="199569408" percent="99" />
    </mem>
    <remembered-set count="119" />
  </mem-info>
</gc-end>
<cycle-end id="4088" type="scavenge" contextid="4082" timestamp="2019-08-11T07:39:33.504" />
  <attribute name="elasticGC enabled" value="1" />
  <attribute name= "numThreadsSpecified" value="16" />
  <attribute name="heapSize specified" value="-91291648" />
  <attribute name="Current GC Util" value="12" />
  <attribute name= "Current Time Running" value="64342" />
  <attribute name ="GC Interval" value="200" />
  <attribute name="ProportionalT" value="-34.000000" />
  <attribute name="ProportionalI" value="-34.000000" />
  <attribute name="ProportionalH" value="-34.000000" />
  <attribute name="Current Error" value="-68.000000" />
  <attribute name="IntegralT" value="-748.000000" />
  <attribute name="IntegralI" value="-748.000000" />
  <attribute name="IntegralH" value="-748.000000" />
  <attribute name="DerivativeT" value="-3.090909" />
  <attribute name="DerivativeI" value="-3.090909" />
  <attribute name="DerivativeH" value="-3.090909" />
  <attribute name="Loop Time for DT" value="22.000000" />
  <attribute name="Output H" value="4203675648"/>
  <attribute name="Output I" value="200"/>
  <attribute name="Output T" value="16"/>
  <attribute name="Target GC Util Change" value ="80.000000" />
  <attribute name="Current GC Util Change" value="12.000000"/>
  <attribute name="GC Util currently" value="12" />
  <attribute name="CPU Util currently" value="52058096168" />
<allocation-satisfied id="4089" threadId="0000000000880F00" bytesRequested="1168" />
<af-end id="4090" timestamp="2019-08-11T07:39:33.504" threadId="0000000000881888" success="true" from="nursery"/>
<exclusive-end id="4091" timestamp="2019-08-11T07:39:33.504" durationms="1.739" />

<exclusive-start id="4092" timestamp="2019-08-11T07:39:33.525" intervalms="22.361">
  <response-info timems="0.077" idlems="0.077" threads="0" lastid="0000000000880F00" lastname="main" />
</exclusive-start>
<af-start id="4093" threadId="0000000000881888" totalBytesRequested="1168" timestamp="2019-08-11T07:39:33.525" intervalms="22.426" type="nursery" />
<cycle-start id="4094" type="scavenge" contextid="0" timestamp="2019-08-11T07:39:33.525" intervalms="22.426" />
<gc-start id="4095" type="scavenge" contextid="4094" timestamp="2019-08-11T07:39:33.525">
  <mem-info id="4096" free="3965618800" total="4041867264" percent="98">
    <mem type="nursery" free="0" total="50462720" percent="0">
      <mem type="allocate" free="0" total="45416448" percent="0" />
      <mem type="survivor" free="0" total="5046272" percent="0" />
    </mem>
    <mem type="tenure" free="3965618800" total="3991404544" percent="99">
      <mem type="soa" free="3766078064" total="3791835136" percent="99" />
      <mem type="loa" free="199540736" total="199569408" percent="99" />
    </mem>
    <remembered-set count="119" />
  </mem-info>
</gc-start>
<allocation-stats totalBytes="45115032" >
  <allocated-bytes non-tlh="1168" tlh="45113864" />
  <largest-consumer threadName="main" threadId="0000000000880F00" bytes="45115032" />
</allocation-stats>
<gc-op id="4097" type="scavenge" timems="1.850" contextid="4094" timestamp="2019-08-11T07:39:33.527">
  <scavenger-info tenureage="3" tenuremask="fff8" tiltratio="90" />
  <memory-copied type="nursery" objects="2" bytes="64" bytesdiscarded="16064" />
</gc-op>
<gc-end id="4098" type="scavenge" contextid="4094" durationms="2.183" usertimems="6.177" systemtimems="0.000" timestamp="2019-08-11T07:39:33.527" activeThreads="16">
  <mem-info id="4099" free="4011019120" total="4041867264" percent="99">
    <mem type="nursery" free="45400320" total="50462720" percent="89">
      <mem type="allocate" free="45400320" total="45416448" percent="99" />
      <mem type="survivor" free="0" total="5046272" percent="0" />
    </mem>
    <mem type="tenure" free="3965618800" total="3991404544" percent="99" macro-fragmented="0">
      <mem type="soa" free="3766078064" total="3791835136" percent="99" />
      <mem type="loa" free="199540736" total="199569408" percent="99" />
    </mem>
    <remembered-set count="119" />
  </mem-info>
</gc-end>
<cycle-end id="4100" type="scavenge" contextid="4094" timestamp="2019-08-11T07:39:33.527" />
  <attribute name="elasticGC enabled" value="1" />
  <attribute name= "numThreadsSpecified" value="16" />
  <attribute name="heapSize specified" value="-91291648" />
  <attribute name="Current GC Util" value="11" />
  <attribute name= "Current Time Running" value="64364" />
  <attribute name ="GC Interval" value="200" />
  <attribute name="ProportionalT" value="-34.500000" />
  <attribute name="ProportionalI" value="-34.500000" />
  <attribute name="ProportionalH" value="-34.500000" />
  <attribute name="Current Error" value="-69.000000" />
  <attribute name="IntegralT" value="-759.000000" />
  <attribute name="IntegralI" value="-759.000000" />
  <attribute name="IntegralH" value="-759.000000" />
  <attribute name="DerivativeT" value="-3.136364" />
  <attribute name="DerivativeI" value="-3.136364" />
  <attribute name="DerivativeH" value="-3.136364" />
  <attribute name="Loop Time for DT" value="22.000000" />
  <attribute name="Output H" value="4203675648"/>
  <attribute name="Output I" value="200"/>
  <attribute name="Output T" value="16"/>
  <attribute name="Target GC Util Change" value ="80.000000" />
  <attribute name="Current GC Util Change" value="11.000000"/>
  <attribute name="GC Util currently" value="11" />
  <attribute name="CPU Util currently" value="51539955740" />
<allocation-satisfied id="4101" threadId="0000000000880F00" bytesRequested="1168" />
<af-end id="4102" timestamp="2019-08-11T07:39:33.527" threadId="0000000000881888" success="true" from="nursery"/>
<exclusive-end id="4103" timestamp="2019-08-11T07:39:33.527" durationms="2.466" />

<exclusive-start id="4104" timestamp="2019-08-11T07:39:33.548" intervalms="22.692">
  <response-info timems="0.042" idlems="0.042" threads="0" lastid="0000000000880F00" lastname="main" />
</exclusive-start>
<af-start id="4105" threadId="0000000000881888" totalBytesRequested="1168" timestamp="2019-08-11T07:39:33.548" intervalms="22.627" type="nursery" />
<cycle-start id="4106" type="scavenge" contextid="0" timestamp="2019-08-11T07:39:33.548" intervalms="22.627" />
<gc-start id="4107" type="scavenge" contextid="4106" timestamp="2019-08-11T07:39:33.548">
  <mem-info id="4108" free="3965618800" total="4041867264" percent="98">
    <mem type="nursery" free="0" total="50462720" percent="0">
      <mem type="allocate" free="0" total="45416448" percent="0" />
      <mem type="survivor" free="0" total="5046272" percent="0" />
    </mem>
    <mem type="tenure" free="3965618800" total="3991404544" percent="99">
      <mem type="soa" free="3766078064" total="3791835136" percent="99" />
      <mem type="loa" free="199540736" total="199569408" percent="99" />
    </mem>
    <remembered-set count="119" />
  </mem-info>
</gc-start>
<allocation-stats totalBytes="45116248" >
  <allocated-bytes non-tlh="1168" tlh="45115080" />
  <largest-consumer threadName="main" threadId="0000000000880F00" bytes="45116248" />
</allocation-stats>
<gc-op id="4109" type="scavenge" timems="1.972" contextid="4106" timestamp="2019-08-11T07:39:33.550">
  <scavenger-info tenureage="3" tenuremask="fff8" tiltratio="90" />
  <memory-copied type="nursery" objects="2" bytes="64" bytesdiscarded="16064" />
</gc-op>
<heap-resize id="4110" type="expand" space="nursery" amount="2621440" count="1" timems="0.016" reason="excessive time being spent scavenging" timestamp="2019-08-11T07:39:33.550" />
<gc-end id="4111" type="scavenge" contextid="4106" durationms="2.298" usertimems="7.628" systemtimems="0.000" timestamp="2019-08-11T07:39:33.550" activeThreads="16">
  <mem-info id="4112" free="4013378416" total="4044488704" percent="99">
    <mem type="nursery" free="47759616" total="53084160" percent="89">
      <mem type="allocate" free="47759616" total="47775744" percent="99" />
      <mem type="survivor" free="0" total="5308416" percent="0" />
    </mem>
    <mem type="tenure" free="3965618800" total="3991404544" percent="99" macro-fragmented="0">
      <mem type="soa" free="3766078064" total="3791835136" percent="99" />
      <mem type="loa" free="199540736" total="199569408" percent="99" />
    </mem>
    <remembered-set count="119" />
  </mem-info>
</gc-end>
<cycle-end id="4113" type="scavenge" contextid="4106" timestamp="2019-08-11T07:39:33.550" />
  <attribute name="elasticGC enabled" value="1" />
  <attribute name= "numThreadsSpecified" value="16" />
  <attribute name="heapSize specified" value="-91291648" />
  <attribute name="Current GC Util" value="18" />
  <attribute name= "Current Time Running" value="64387" />
  <attribute name ="GC Interval" value="200" />
  <attribute name="ProportionalT" value="-31.000000" />
  <attribute name="ProportionalI" value="-31.000000" />
  <attribute name="ProportionalH" value="-31.000000" />
  <attribute name="Current Error" value="-62.000000" />
  <attribute name="IntegralT" value="-713.000000" />
  <attribute name="IntegralI" value="-713.000000" />
  <attribute name="IntegralH" value="-713.000000" />
  <attribute name="DerivativeT" value="-2.695652" />
  <attribute name="DerivativeI" value="-2.695652" />
  <attribute name="DerivativeH" value="-2.695652" />
  <attribute name="Loop Time for DT" value="23.000000" />
  <attribute name="Output H" value="4203675648"/>
  <attribute name="Output I" value="200"/>
  <attribute name="Output T" value="16"/>
  <attribute name="Target GC Util Change" value ="80.000000" />
  <attribute name="Current GC Util Change" value="18.000000"/>
  <attribute name="GC Util currently" value="18" />
  <attribute name="CPU Util currently" value="50872596972" />
<allocation-satisfied id="4114" threadId="0000000000880F00" bytesRequested="1168" />
<af-end id="4115" timestamp="2019-08-11T07:39:33.550" threadId="0000000000881888" success="true" from="nursery"/>
<exclusive-end id="4116" timestamp="2019-08-11T07:39:33.550" durationms="2.617" />

<exclusive-start id="4117" timestamp="2019-08-11T07:39:33.666" intervalms="118.869">
  <response-info timems="0.070" idlems="0.070" threads="0" lastid="0000000000880F00" lastname="main" />
</exclusive-start>
<af-start id="4118" threadId="0000000000881888" totalBytesRequested="80" timestamp="2019-08-11T07:39:33.667" intervalms="118.869" type="nursery" />
<cycle-start id="4119" type="scavenge" contextid="0" timestamp="2019-08-11T07:39:33.667" intervalms="118.870" />
<gc-start id="4120" type="scavenge" contextid="4119" timestamp="2019-08-11T07:39:33.667">
  <mem-info id="4121" free="3965618800" total="4044488704" percent="98">
    <mem type="nursery" free="0" total="53084160" percent="0">
      <mem type="allocate" free="0" total="47775744" percent="0" />
      <mem type="survivor" free="0" total="5308416" percent="0" />
    </mem>
    <mem type="tenure" free="3965618800" total="3991404544" percent="99">
      <mem type="soa" free="3766078064" total="3791835136" percent="99" />
      <mem type="loa" free="199540736" total="199569408" percent="99" />
    </mem>
    <remembered-set count="124" />
  </mem-info>
</gc-start>
<allocation-stats totalBytes="47746704" >
  <allocated-bytes non-tlh="1168" tlh="47745536" />
  <largest-consumer threadName="main" threadId="0000000000880F00" bytes="47746704" />
</allocation-stats>
<gc-op id="4122" type="scavenge" timems="2.707" contextid="4119" timestamp="2019-08-11T07:39:33.669">
  <scavenger-info tenureage="3" tenuremask="fff8" tiltratio="90" />
  <memory-copied type="nursery" objects="156" bytes="5128" bytesdiscarded="11000" />
</gc-op>
<gc-end id="4123" type="scavenge" contextid="4119" durationms="3.111" usertimems="5.602" systemtimems="0.000" timestamp="2019-08-11T07:39:33.670" activeThreads="16">
  <mem-info id="4124" free="4013378416" total="4044488704" percent="99">
    <mem type="nursery" free="47759616" total="53084160" percent="89">
      <mem type="allocate" free="47759616" total="47775744" percent="99" />
      <mem type="survivor" free="0" total="5308416" percent="0" />
    </mem>
    <mem type="tenure" free="3965618800" total="3991404544" percent="99" macro-fragmented="2160235">
      <mem type="soa" free="3766078064" total="3791835136" percent="99" />
      <mem type="loa" free="199540736" total="199569408" percent="99" />
    </mem>
    <remembered-set count="124" />
  </mem-info>
</gc-end>
<cycle-end id="4125" type="scavenge" contextid="4119" timestamp="2019-08-11T07:39:33.670" />
  <attribute name="elasticGC enabled" value="1" />
  <attribute name= "numThreadsSpecified" value="16" />
  <attribute name="heapSize specified" value="-91291648" />
  <attribute name="Current GC Util" value="3" />
  <attribute name= "Current Time Running" value="64506" />
  <attribute name ="GC Interval" value="200" />
  <attribute name="ProportionalT" value="-38.500000" />
  <attribute name="ProportionalI" value="-38.500000" />
  <attribute name="ProportionalH" value="-38.500000" />
  <attribute name="Current Error" value="-77.000000" />
  <attribute name="IntegralT" value="-4581.500000" />
  <attribute name="IntegralI" value="-4581.500000" />
  <attribute name="IntegralH" value="-4581.500000" />
  <attribute name="DerivativeT" value="-0.647059" />
  <attribute name="DerivativeI" value="-0.647059" />
  <attribute name="DerivativeH" value="-0.647059" />
  <attribute name="Loop Time for DT" value="119.000000" />
  <attribute name="Output H" value="4203675648"/>
  <attribute name="Output I" value="200"/>
  <attribute name="Output T" value="16"/>
  <attribute name="Target GC Util Change" value ="80.000000" />
  <attribute name="Current GC Util Change" value="3.000000"/>
  <attribute name="GC Util currently" value="3" />
  <attribute name="CPU Util currently" value="9701543098" />
<allocation-satisfied id="4126" threadId="0000000000880F00" bytesRequested="80" />
<af-end id="4127" timestamp="2019-08-11T07:39:33.670" threadId="0000000000881888" success="true" from="nursery"/>
<exclusive-end id="4128" timestamp="2019-08-11T07:39:33.670" durationms="3.375" />

<exclusive-start id="4129" timestamp="2019-08-11T07:39:34.014" intervalms="347.885">
  <response-info timems="0.042" idlems="0.042" threads="0" lastid="0000000000880F00" lastname="main" />
</exclusive-start>
<af-start id="4130" threadId="0000000000881888" totalBytesRequested="24" timestamp="2019-08-11T07:39:34.014" intervalms="347.882" type="nursery" />
<cycle-start id="4131" type="scavenge" contextid="0" timestamp="2019-08-11T07:39:34.014" intervalms="347.883" />
<gc-start id="4132" type="scavenge" contextid="4131" timestamp="2019-08-11T07:39:34.014">
  <mem-info id="4133" free="3965618800" total="4044488704" percent="98">
    <mem type="nursery" free="0" total="53084160" percent="0">
      <mem type="allocate" free="0" total="47775744" percent="0" />
      <mem type="survivor" free="0" total="5308416" percent="0" />
    </mem>
    <mem type="tenure" free="3965618800" total="3991404544" percent="99">
      <mem type="soa" free="3766078064" total="3791835136" percent="99" />
      <mem type="loa" free="199540736" total="199569408" percent="99" />
    </mem>
    <remembered-set count="130" />
  </mem-info>
</gc-start>
<allocation-stats totalBytes="47752912" >
  <allocated-bytes non-tlh="80" tlh="47752832" />
  <largest-consumer threadName="main" threadId="0000000000880F00" bytes="47752912" />
</allocation-stats>
<gc-op id="4134" type="scavenge" timems="4.737" contextid="4131" timestamp="2019-08-11T07:39:34.019">
  <scavenger-info tenureage="3" tenuremask="fff8" tiltratio="90" />
  <memory-copied type="nursery" objects="239" bytes="7680" bytesdiscarded="48336" />
  <references type="weak" candidates="37" cleared="0" enqueued="0" />
</gc-op>
<gc-end id="4135" type="scavenge" contextid="4131" durationms="5.068" usertimems="11.724" systemtimems="0.000" timestamp="2019-08-11T07:39:34.020" activeThreads="16">
  <mem-info id="4136" free="4013338480" total="4044488704" percent="99">
    <mem type="nursery" free="47719680" total="53084160" percent="89">
      <mem type="allocate" free="47719680" total="47775744" percent="99" />
      <mem type="survivor" free="0" total="5308416" percent="0" />
    </mem>
    <mem type="tenure" free="3965618800" total="3991404544" percent="99" macro-fragmented="0">
      <mem type="soa" free="3766078064" total="3791835136" percent="99" />
      <mem type="loa" free="199540736" total="199569408" percent="99" />
    </mem>
    <remembered-set count="120" />
  </mem-info>
</gc-end>
<cycle-end id="4137" type="scavenge" contextid="4131" timestamp="2019-08-11T07:39:34.020" />
  <attribute name="elasticGC enabled" value="1" />
  <attribute name= "numThreadsSpecified" value="16" />
  <attribute name="heapSize specified" value="-91291648" />
  <attribute name="Current GC Util" value="1" />
  <attribute name= "Current Time Running" value="64854" />
  <attribute name ="GC Interval" value="200" />
  <attribute name="ProportionalT" value="-39.500000" />
  <attribute name="ProportionalI" value="-39.500000" />
  <attribute name="ProportionalH" value="-39.500000" />
  <attribute name="Current Error" value="-79.000000" />
  <attribute name="IntegralT" value="-13746.000000" />
  <attribute name="IntegralI" value="-13746.000000" />
  <attribute name="IntegralH" value="-13746.000000" />
  <attribute name="DerivativeT" value="-0.227011" />
  <attribute name="DerivativeI" value="-0.227011" />
  <attribute name="DerivativeH" value="-0.227011" />
  <attribute name="Loop Time for DT" value="348.000000" />
  <attribute name="Output H" value="4203675648"/>
  <attribute name="Output I" value="200"/>
  <attribute name="Output T" value="16"/>
  <attribute name="Target GC Util Change" value ="80.000000" />
  <attribute name="Current GC Util Change" value="1.000000"/>
  <attribute name="GC Util currently" value="1" />
  <attribute name="CPU Util currently" value="3314057623" />
<allocation-satisfied id="4138" threadId="0000000000880F00" bytesRequested="24" />
<af-end id="4139" timestamp="2019-08-11T07:39:34.020" threadId="0000000000881888" success="true" from="nursery"/>
<exclusive-end id="4140" timestamp="2019-08-11T07:39:34.020" durationms="5.315" />

<exclusive-start id="4141" timestamp="2019-08-11T07:39:34.110" intervalms="95.359">
  <response-info timems="0.084" idlems="0.084" threads="0" lastid="0000000000880F00" lastname="main" />
</exclusive-start>
<af-start id="4142" threadId="0000000000881888" totalBytesRequested="32" timestamp="2019-08-11T07:39:34.110" intervalms="95.361" type="nursery" />
<cycle-start id="4143" type="scavenge" contextid="0" timestamp="2019-08-11T07:39:34.110" intervalms="95.385" />
<gc-start id="4144" type="scavenge" contextid="4143" timestamp="2019-08-11T07:39:34.110">
  <mem-info id="4145" free="3965618800" total="4044488704" percent="98">
    <mem type="nursery" free="0" total="53084160" percent="0">
      <mem type="allocate" free="0" total="47775744" percent="0" />
      <mem type="survivor" free="0" total="5308416" percent="0" />
    </mem>
    <mem type="tenure" free="3965618800" total="3991404544" percent="99">
      <mem type="soa" free="3766078064" total="3791835136" percent="99" />
      <mem type="loa" free="199540736" total="199569408" percent="99" />
    </mem>
    <remembered-set count="122" />
  </mem-info>
</gc-start>
<allocation-stats totalBytes="47710064" >
  <allocated-bytes non-tlh="24" tlh="47710040" />
  <largest-consumer threadName="main" threadId="0000000000880F00" bytes="47710064" />
</allocation-stats>
<gc-op id="4146" type="scavenge" timems="1.739" contextid="4143" timestamp="2019-08-11T07:39:34.112">
  <scavenger-info tenureage="3" tenuremask="fff8" tiltratio="90" />
  <memory-copied type="nursery" objects="80" bytes="2576" bytesdiscarded="68848" />
  <references type="weak" candidates="37" cleared="7" enqueued="3" />
</gc-op>
<gc-end id="4147" type="scavenge" contextid="4143" durationms="2.064" usertimems="4.718" systemtimems="0.000" timestamp="2019-08-11T07:39:34.112" activeThreads="16">
  <mem-info id="4148" free="4013323120" total="4044488704" percent="99">
    <mem type="nursery" free="47704320" total="53084160" percent="89">
      <mem type="allocate" free="47704320" total="47775744" percent="99" />
      <mem type="survivor" free="0" total="5308416" percent="0" />
    </mem>
    <mem type="tenure" free="3965618800" total="3991404544" percent="99" macro-fragmented="0">
      <mem type="soa" free="3766078064" total="3791835136" percent="99" />
      <mem type="loa" free="199540736" total="199569408" percent="99" />
    </mem>
    <pending-finalizers system="0" default="0" reference="3" classloader="0" />
    <remembered-set count="122" />
  </mem-info>
</gc-end>
<cycle-end id="4149" type="scavenge" contextid="4143" timestamp="2019-08-11T07:39:34.112" />
  <attribute name="elasticGC enabled" value="1" />
  <attribute name= "numThreadsSpecified" value="16" />
  <attribute name="heapSize specified" value="-91291648" />
  <attribute name="Current GC Util" value="6" />
  <attribute name= "Current Time Running" value="64949" />
  <attribute name ="GC Interval" value="200" />
  <attribute name="ProportionalT" value="-37.000000" />
  <attribute name="ProportionalI" value="-37.000000" />
  <attribute name="ProportionalH" value="-37.000000" />
  <attribute name="Current Error" value="-74.000000" />
  <attribute name="IntegralT" value="-3515.000000" />
  <attribute name="IntegralI" value="-3515.000000" />
  <attribute name="IntegralH" value="-3515.000000" />
  <attribute name="DerivativeT" value="-0.778947" />
  <attribute name="DerivativeI" value="-0.778947" />
  <attribute name="DerivativeH" value="-0.778947" />
  <attribute name="Loop Time for DT" value="95.000000" />
  <attribute name="Output H" value="4203675648"/>
  <attribute name="Output I" value="200"/>
  <attribute name="Output T" value="16"/>
  <attribute name="Target GC Util Change" value ="80.000000" />
  <attribute name="Current GC Util Change" value="6.000000"/>
  <attribute name="GC Util currently" value="6" />
  <attribute name="CPU Util currently" value="12087595504" />
<allocation-satisfied id="4150" threadId="0000000000880F00" bytesRequested="32" />
<af-end id="4151" timestamp="2019-08-11T07:39:34.112" threadId="0000000000881888" success="true" from="nursery"/>
<exclusive-end id="4152" timestamp="2019-08-11T07:39:34.112" durationms="2.321" />

<exclusive-start id="4153" timestamp="2019-08-11T07:39:34.158" intervalms="48.350">
  <response-info timems="0.119" idlems="0.119" threads="0" lastid="0000000000880F00" lastname="main" />
</exclusive-start>
<af-start id="4154" threadId="0000000000881888" totalBytesRequested="168" timestamp="2019-08-11T07:39:34.158" intervalms="48.352" type="nursery" />
<cycle-start id="4155" type="scavenge" contextid="0" timestamp="2019-08-11T07:39:34.158" intervalms="48.327" />
<gc-start id="4156" type="scavenge" contextid="4155" timestamp="2019-08-11T07:39:34.158">
  <mem-info id="4157" free="3965618800" total="4044488704" percent="98">
    <mem type="nursery" free="0" total="53084160" percent="0">
      <mem type="allocate" free="0" total="47775744" percent="0" />
      <mem type="survivor" free="0" total="5308416" percent="0" />
    </mem>
    <mem type="tenure" free="3965618800" total="3991404544" percent="99">
      <mem type="soa" free="3766078064" total="3791835136" percent="99" />
      <mem type="loa" free="199540736" total="199569408" percent="99" />
    </mem>
    <remembered-set count="123" />
  </mem-info>
</gc-start>
<allocation-stats totalBytes="47678928" >
  <allocated-bytes non-tlh="32" tlh="47678896" />
  <largest-consumer threadName="main" threadId="0000000000880F00" bytes="47674832" />
</allocation-stats>
<gc-op id="4158" type="scavenge" timems="1.280" contextid="4155" timestamp="2019-08-11T07:39:34.160">
  <scavenger-info tenureage="3" tenuremask="fff8" tiltratio="90" />
  <memory-copied type="nursery" objects="75" bytes="2832" bytesdiscarded="100848" />
  <memory-copied type="tenure" objects="8" bytes="184" bytesdiscarded="0" />
  <references type="weak" candidates="30" cleared="0" enqueued="0" />
</gc-op>
<gc-end id="4159" type="scavenge" contextid="4155" durationms="1.610" usertimems="3.545" systemtimems="0.000" timestamp="2019-08-11T07:39:34.160" activeThreads="16">
  <mem-info id="4160" free="4013290864" total="4044488704" percent="99">
    <mem type="nursery" free="47672064" total="53084160" percent="89">
      <mem type="allocate" free="47672064" total="47775744" percent="99" />
      <mem type="survivor" free="0" total="5308416" percent="0" />
    </mem>
    <mem type="tenure" free="3965618800" total="3991404544" percent="99" macro-fragmented="4479464">
      <mem type="soa" free="3766078064" total="3791835136" percent="99" />
      <mem type="loa" free="199540736" total="199569408" percent="99" />
    </mem>
    <remembered-set count="119" />
  </mem-info>
</gc-end>
<cycle-end id="4161" type="scavenge" contextid="4155" timestamp="2019-08-11T07:39:34.160" />
  <attribute name="elasticGC enabled" value="1" />
  <attribute name= "numThreadsSpecified" value="16" />
  <attribute name="heapSize specified" value="-91291648" />
  <attribute name="Current GC Util" value="8" />
  <attribute name= "Current Time Running" value="64997" />
  <attribute name ="GC Interval" value="200" />
  <attribute name="ProportionalT" value="-36.000000" />
  <attribute name="ProportionalI" value="-36.000000" />
  <attribute name="ProportionalH" value="-36.000000" />
  <attribute name="Current Error" value="-72.000000" />
  <attribute name="IntegralT" value="-1728.000000" />
  <attribute name="IntegralI" value="-1728.000000" />
  <attribute name="IntegralH" value="-1728.000000" />
  <attribute name="DerivativeT" value="-1.500000" />
  <attribute name="DerivativeI" value="-1.500000" />
  <attribute name="DerivativeH" value="-1.500000" />
  <attribute name="Loop Time for DT" value="48.000000" />
  <attribute name="Output H" value="4203675648"/>
  <attribute name="Output I" value="200"/>
  <attribute name="Output T" value="16"/>
  <attribute name="Target GC Util Change" value ="80.000000" />
  <attribute name="Current GC Util Change" value="8.000000"/>
  <attribute name="GC Util currently" value="8" />
  <attribute name="CPU Util currently" value="23850814030" />
<allocation-satisfied id="4162" threadId="0000000000880F00" bytesRequested="168" />
<af-end id="4163" timestamp="2019-08-11T07:39:34.160" threadId="0000000000881888" success="true" from="nursery"/>
<exclusive-end id="4164" timestamp="2019-08-11T07:39:34.160" durationms="1.820" />

<exclusive-start id="4165" timestamp="2019-08-11T07:39:34.199" intervalms="41.048">
  <response-info timems="0.019" idlems="0.019" threads="0" lastid="0000000000880F00" lastname="main" />
</exclusive-start>
<af-start id="4166" threadId="0000000000881888" totalBytesRequested="184" timestamp="2019-08-11T07:39:34.199" intervalms="41.044" type="nursery" />
<cycle-start id="4167" type="scavenge" contextid="0" timestamp="2019-08-11T07:39:34.199" intervalms="41.043" />
<gc-start id="4168" type="scavenge" contextid="4167" timestamp="2019-08-11T07:39:34.199">
  <mem-info id="4169" free="3965618800" total="4044488704" percent="98">
    <mem type="nursery" free="0" total="53084160" percent="0">
      <mem type="allocate" free="0" total="47775744" percent="0" />
      <mem type="survivor" free="0" total="5308416" percent="0" />
    </mem>
    <mem type="tenure" free="3965618800" total="3991404544" percent="99">
      <mem type="soa" free="3766078064" total="3791835136" percent="99" />
      <mem type="loa" free="199540736" total="199569408" percent="99" />
    </mem>
    <remembered-set count="119" />
  </mem-info>
</gc-start>
<allocation-stats totalBytes="47647232" >
  <allocated-bytes non-tlh="168" tlh="47647064" />
  <largest-consumer threadName="main" threadId="0000000000880F00" bytes="47647232" />
</allocation-stats>
<gc-op id="4170" type="scavenge" timems="1.820" contextid="4167" timestamp="2019-08-11T07:39:34.201">
  <scavenger-info tenureage="3" tenuremask="ffe8" tiltratio="90" />
  <memory-copied type="nursery" objects="25" bytes="1384" bytesdiscarded="46232" />
  <memory-copied type="tenure" objects="50" bytes="1464" bytesdiscarded="0" />
</gc-op>
<gc-end id="4171" type="scavenge" contextid="4167" durationms="2.106" usertimems="3.255" systemtimems="0.000" timestamp="2019-08-11T07:39:34.201" activeThreads="16">
  <mem-info id="4172" free="4013346928" total="4044488704" percent="99">
    <mem type="nursery" free="47728128" total="53084160" percent="89">
      <mem type="allocate" free="47728128" total="47775744" percent="99" />
      <mem type="survivor" free="0" total="5308416" percent="0" />
    </mem>
    <mem type="tenure" free="3965618800" total="3991404544" percent="99" macro-fragmented="1048608">
      <mem type="soa" free="3766078064" total="3791835136" percent="99" />
      <mem type="loa" free="199540736" total="199569408" percent="99" />
    </mem>
    <remembered-set count="113" />
  </mem-info>
</gc-end>
<cycle-end id="4173" type="scavenge" contextid="4167" timestamp="2019-08-11T07:39:34.201" />
  <attribute name="elasticGC enabled" value="1" />
  <attribute name= "numThreadsSpecified" value="16" />
  <attribute name="heapSize specified" value="-91291648" />
  <attribute name="Current GC Util" value="7" />
  <attribute name= "Current Time Running" value="65038" />
  <attribute name ="GC Interval" value="200" />
  <attribute name="ProportionalT" value="-36.500000" />
  <attribute name="ProportionalI" value="-36.500000" />
  <attribute name="ProportionalH" value="-36.500000" />
  <attribute name="Current Error" value="-73.000000" />
  <attribute name="IntegralT" value="-1496.500000" />
  <attribute name="IntegralI" value="-1496.500000" />
  <attribute name="IntegralH" value="-1496.500000" />
  <attribute name="DerivativeT" value="-1.780488" />
  <attribute name="DerivativeI" value="-1.780488" />
  <attribute name="DerivativeH" value="-1.780488" />
  <attribute name="Loop Time for DT" value="41.000000" />
  <attribute name="Output H" value="4203675648"/>
  <attribute name="Output I" value="200"/>
  <attribute name="Output T" value="16"/>
  <attribute name="Target GC Util Change" value ="80.000000" />
  <attribute name="Current GC Util Change" value="7.000000"/>
  <attribute name="GC Util currently" value="7" />
  <attribute name="CPU Util currently" value="28104230883" />
<allocation-satisfied id="4174" threadId="0000000000880F00" bytesRequested="184" />
<af-end id="4175" timestamp="2019-08-11T07:39:34.201" threadId="0000000000881888" success="true" from="nursery"/>
<exclusive-end id="4176" timestamp="2019-08-11T07:39:34.201" durationms="2.319" />

<exclusive-start id="4177" timestamp="2019-08-11T07:39:34.248" intervalms="49.029">
  <response-info timems="0.083" idlems="0.083" threads="0" lastid="0000000000880F00" lastname="main" />
</exclusive-start>
<af-start id="4178" threadId="0000000000881888" totalBytesRequested="192" timestamp="2019-08-11T07:39:34.248" intervalms="49.075" type="nursery" />
<cycle-start id="4179" type="scavenge" contextid="0" timestamp="2019-08-11T07:39:34.248" intervalms="49.080" />
<gc-start id="4180" type="scavenge" contextid="4179" timestamp="2019-08-11T07:39:34.248">
  <mem-info id="4181" free="3965618800" total="4044488704" percent="98">
    <mem type="nursery" free="0" total="53084160" percent="0">
      <mem type="allocate" free="0" total="47775744" percent="0" />
      <mem type="survivor" free="0" total="5308416" percent="0" />
    </mem>
    <mem type="tenure" free="3965618800" total="3991404544" percent="99">
      <mem type="soa" free="3766078064" total="3791835136" percent="99" />
      <mem type="loa" free="199540736" total="199569408" percent="99" />
    </mem>
    <remembered-set count="113" />
  </mem-info>
</gc-start>
<allocation-stats totalBytes="47703272" >
  <allocated-bytes non-tlh="184" tlh="47703088" />
  <largest-consumer threadName="main" threadId="0000000000880F00" bytes="47703272" />
</allocation-stats>
<gc-op id="4182" type="scavenge" timems="4.310" contextid="4179" timestamp="2019-08-11T07:39:34.253">
  <scavenger-info tenureage="3" tenuremask="ffe8" tiltratio="90" />
  <memory-copied type="nursery" objects="7" bytes="832" bytesdiscarded="15296" />
  <memory-copied type="tenure" objects="18" bytes="568" bytesdiscarded="0" />
</gc-op>
<gc-end id="4183" type="scavenge" contextid="4179" durationms="4.720" usertimems="9.463" systemtimems="0.000" timestamp="2019-08-11T07:39:34.253" activeThreads="16">
  <mem-info id="4184" free="4013378416" total="4044488704" percent="99">
    <mem type="nursery" free="47759616" total="53084160" percent="89">
      <mem type="allocate" free="47759616" total="47775744" percent="99" />
      <mem type="survivor" free="0" total="5308416" percent="0" />
    </mem>
    <mem type="tenure" free="3965618800" total="3991404544" percent="99" macro-fragmented="3110739">
      <mem type="soa" free="3766078064" total="3791835136" percent="99" />
      <mem type="loa" free="199540736" total="199569408" percent="99" />
    </mem>
    <remembered-set count="115" />
  </mem-info>
</gc-end>
<cycle-end id="4185" type="scavenge" contextid="4179" timestamp="2019-08-11T07:39:34.253" />
  <attribute name="elasticGC enabled" value="1" />
  <attribute name= "numThreadsSpecified" value="16" />
  <attribute name="heapSize specified" value="-91291648" />
  <attribute name="Current GC Util" value="6" />
  <attribute name= "Current Time Running" value="65088" />
  <attribute name ="GC Interval" value="200" />
  <attribute name="ProportionalT" value="-37.000000" />
  <attribute name="ProportionalI" value="-37.000000" />
  <attribute name="ProportionalH" value="-37.000000" />
  <attribute name="Current Error" value="-74.000000" />
  <attribute name="IntegralT" value="-1850.000000" />
  <attribute name="IntegralI" value="-1850.000000" />
  <attribute name="IntegralH" value="-1850.000000" />
  <attribute name="DerivativeT" value="-1.480000" />
  <attribute name="DerivativeI" value="-1.480000" />
  <attribute name="DerivativeH" value="-1.480000" />
  <attribute name="Loop Time for DT" value="50.000000" />
  <attribute name="Output H" value="4203675648"/>
  <attribute name="Output I" value="200"/>
  <attribute name="Output T" value="16"/>
  <attribute name="Target GC Util Change" value ="80.000000" />
  <attribute name="Current GC Util Change" value="6.000000"/>
  <attribute name="GC Util currently" value="6" />
  <attribute name="CPU Util currently" value="23462006901" />
<allocation-satisfied id="4186" threadId="0000000000880F00" bytesRequested="192" />
<af-end id="4187" timestamp="2019-08-11T07:39:34.253" threadId="0000000000881888" success="true" from="nursery"/>
<exclusive-end id="4188" timestamp="2019-08-11T07:39:34.253" durationms="5.046" />

<exclusive-start id="4189" timestamp="2019-08-11T07:39:34.291" intervalms="43.235">
  <response-info timems="0.041" idlems="0.041" threads="0" lastid="0000000000880F00" lastname="main" />
</exclusive-start>
<af-start id="4190" threadId="0000000000881888" totalBytesRequested="152" timestamp="2019-08-11T07:39:34.291" intervalms="43.189" type="nursery" />
<cycle-start id="4191" type="scavenge" contextid="0" timestamp="2019-08-11T07:39:34.291" intervalms="43.185" />
<gc-start id="4192" type="scavenge" contextid="4191" timestamp="2019-08-11T07:39:34.291">
  <mem-info id="4193" free="3965618800" total="4044488704" percent="98">
    <mem type="nursery" free="0" total="53084160" percent="0">
      <mem type="allocate" free="0" total="47775744" percent="0" />
      <mem type="survivor" free="0" total="5308416" percent="0" />
    </mem>
    <mem type="tenure" free="3965618800" total="3991404544" percent="99">
      <mem type="soa" free="3766078064" total="3791835136" percent="99" />
      <mem type="loa" free="199540736" total="199569408" percent="99" />
    </mem>
    <remembered-set count="115" />
  </mem-info>
</gc-start>
<allocation-stats totalBytes="47734864" >
  <allocated-bytes non-tlh="192" tlh="47734672" />
  <largest-consumer threadName="main" threadId="0000000000880F00" bytes="47734864" />
</allocation-stats>
<gc-op id="4194" type="scavenge" timems="1.124" contextid="4191" timestamp="2019-08-11T07:39:34.293">
  <scavenger-info tenureage="3" tenuremask="ffe8" tiltratio="90" />
  <memory-copied type="nursery" objects="6" bytes="264" bytesdiscarded="31992" />
  <memory-copied type="tenure" objects="1" bytes="520" bytesdiscarded="0" />
</gc-op>
<gc-end id="4195" type="scavenge" contextid="4191" durationms="1.478" usertimems="3.506" systemtimems="0.000" timestamp="2019-08-11T07:39:34.293" activeThreads="16">
  <mem-info id="4196" free="4013362288" total="4044488704" percent="99">
    <mem type="nursery" free="47743488" total="53084160" percent="89">
      <mem type="allocate" free="47743488" total="47775744" percent="99" />
      <mem type="survivor" free="0" total="5308416" percent="0" />
    </mem>
    <mem type="tenure" free="3965618800" total="3991404544" percent="99" macro-fragmented="0">
      <mem type="soa" free="3766078064" total="3791835136" percent="99" />
      <mem type="loa" free="199540736" total="199569408" percent="99" />
    </mem>
    <remembered-set count="114" />
  </mem-info>
</gc-end>
<cycle-end id="4197" type="scavenge" contextid="4191" timestamp="2019-08-11T07:39:34.293" />
  <attribute name="elasticGC enabled" value="1" />
  <attribute name= "numThreadsSpecified" value="16" />
  <attribute name="heapSize specified" value="-91291648" />
  <attribute name="Current GC Util" value="13" />
  <attribute name= "Current Time Running" value="65131" />
  <attribute name ="GC Interval" value="200" />
  <attribute name="ProportionalT" value="-33.500000" />
  <attribute name="ProportionalI" value="-33.500000" />
  <attribute name="ProportionalH" value="-33.500000" />
  <attribute name="Current Error" value="-67.000000" />
  <attribute name="IntegralT" value="-1440.500000" />
  <attribute name="IntegralI" value="-1440.500000" />
  <attribute name="IntegralH" value="-1440.500000" />
  <attribute name="DerivativeT" value="-1.558140" />
  <attribute name="DerivativeI" value="-1.558140" />
  <attribute name="DerivativeH" value="-1.558140" />
  <attribute name="Loop Time for DT" value="43.000000" />
  <attribute name="Output H" value="4203675648"/>
  <attribute name="Output I" value="200"/>
  <attribute name="Output T" value="16"/>
  <attribute name="Target GC Util Change" value ="80.000000" />
  <attribute name="Current GC Util Change" value="13.000000"/>
  <attribute name="GC Util currently" value="13" />
  <attribute name="CPU Util currently" value="26734986132" />
<allocation-satisfied id="4198" threadId="0000000000880F00" bytesRequested="152" />
<af-end id="4199" timestamp="2019-08-11T07:39:34.293" threadId="0000000000881888" success="true" from="nursery"/>
<exclusive-end id="4200" timestamp="2019-08-11T07:39:34.293" durationms="1.682" />

<exclusive-start id="4201" timestamp="2019-08-11T07:39:34.346" intervalms="54.185">
  <response-info timems="0.047" idlems="0.047" threads="0" lastid="0000000000880F00" lastname="main" />
</exclusive-start>
<af-start id="4202" threadId="0000000000881888" totalBytesRequested="40" timestamp="2019-08-11T07:39:34.346" intervalms="54.186" type="nursery" />
<cycle-start id="4203" type="scavenge" contextid="0" timestamp="2019-08-11T07:39:34.346" intervalms="54.184" />
<gc-start id="4204" type="scavenge" contextid="4203" timestamp="2019-08-11T07:39:34.346">
  <mem-info id="4205" free="3965618800" total="4044488704" percent="98">
    <mem type="nursery" free="0" total="53084160" percent="0">
      <mem type="allocate" free="0" total="47775744" percent="0" />
      <mem type="survivor" free="0" total="5308416" percent="0" />
    </mem>
    <mem type="tenure" free="3965618800" total="3991404544" percent="99">
      <mem type="soa" free="3766078064" total="3791835136" percent="99" />
      <mem type="loa" free="199540736" total="199569408" percent="99" />
    </mem>
    <remembered-set count="119" />
  </mem-info>
</gc-start>
<allocation-stats totalBytes="47714296" >
  <allocated-bytes non-tlh="152" tlh="47714144" />
  <largest-consumer threadName="main" threadId="0000000000880F00" bytes="47714296" />
</allocation-stats>
<gc-op id="4206" type="scavenge" timems="1.792" contextid="4203" timestamp="2019-08-11T07:39:34.348">
  <scavenger-info tenureage="3" tenuremask="ffe8" tiltratio="90" />
  <memory-copied type="nursery" objects="28" bytes="1184" bytesdiscarded="31072" />
</gc-op>
<gc-end id="4207" type="scavenge" contextid="4203" durationms="2.122" usertimems="6.784" systemtimems="0.000" timestamp="2019-08-11T07:39:34.348" activeThreads="16">
  <mem-info id="4208" free="4013362288" total="4044488704" percent="99">
    <mem type="nursery" free="47743488" total="53084160" percent="89">
      <mem type="allocate" free="47743488" total="47775744" percent="99" />
      <mem type="survivor" free="0" total="5308416" percent="0" />
    </mem>
    <mem type="tenure" free="3965618800" total="3991404544" percent="99" macro-fragmented="2592282">
      <mem type="soa" free="3766078064" total="3791835136" percent="99" />
      <mem type="loa" free="199540736" total="199569408" percent="99" />
    </mem>
    <remembered-set count="119" />
  </mem-info>
</gc-end>
<cycle-end id="4209" type="scavenge" contextid="4203" timestamp="2019-08-11T07:39:34.348" />
  <attribute name="elasticGC enabled" value="1" />
  <attribute name= "numThreadsSpecified" value="16" />
  <attribute name="heapSize specified" value="-91291648" />
  <attribute name="Current GC Util" value="4" />
  <attribute name= "Current Time Running" value="65185" />
  <attribute name ="GC Interval" value="200" />
  <attribute name="ProportionalT" value="-38.000000" />
  <attribute name="ProportionalI" value="-38.000000" />
  <attribute name="ProportionalH" value="-38.000000" />
  <attribute name="Current Error" value="-76.000000" />
  <attribute name="IntegralT" value="-2052.000000" />
  <attribute name="IntegralI" value="-2052.000000" />
  <attribute name="IntegralH" value="-2052.000000" />
  <attribute name="DerivativeT" value="-1.407407" />
  <attribute name="DerivativeI" value="-1.407407" />
  <attribute name="DerivativeH" value="-1.407407" />
  <attribute name="Loop Time for DT" value="54.000000" />
  <attribute name="Output H" value="4203675648"/>
  <attribute name="Output I" value="200"/>
  <attribute name="Output T" value="16"/>
  <attribute name="Target GC Util Change" value ="80.000000" />
  <attribute name="Current GC Util Change" value="4.000000"/>
  <attribute name="GC Util currently" value="4" />
  <attribute name="CPU Util currently" value="21268798716" />
<allocation-satisfied id="4210" threadId="0000000000880F00" bytesRequested="40" />
<af-end id="4211" timestamp="2019-08-11T07:39:34.348" threadId="0000000000881888" success="true" from="nursery"/>
<exclusive-end id="4212" timestamp="2019-08-11T07:39:34.348" durationms="2.339" />

<exclusive-start id="4213" timestamp="2019-08-11T07:39:34.387" intervalms="41.558">
  <response-info timems="0.047" idlems="0.047" threads="0" lastid="0000000000880F00" lastname="main" />
</exclusive-start>
<af-start id="4214" threadId="0000000000881888" totalBytesRequested="40" timestamp="2019-08-11T07:39:34.387" intervalms="41.558" type="nursery" />
<cycle-start id="4215" type="scavenge" contextid="0" timestamp="2019-08-11T07:39:34.387" intervalms="41.559" />
<gc-start id="4216" type="scavenge" contextid="4215" timestamp="2019-08-11T07:39:34.387">
  <mem-info id="4217" free="3965618800" total="4044488704" percent="98">
    <mem type="nursery" free="0" total="53084160" percent="0">
      <mem type="allocate" free="0" total="47775744" percent="0" />
      <mem type="survivor" free="0" total="5308416" percent="0" />
    </mem>
    <mem type="tenure" free="3965618800" total="3991404544" percent="99">
      <mem type="soa" free="3766078064" total="3791835136" percent="99" />
      <mem type="loa" free="199540736" total="199569408" percent="99" />
    </mem>
    <remembered-set count="119" />
  </mem-info>
</gc-start>
<allocation-stats totalBytes="47700152" >
  <allocated-bytes non-tlh="40" tlh="47700112" />
  <largest-consumer threadName="main" threadId="0000000000880F00" bytes="47700152" />
</allocation-stats>
<gc-op id="4218" type="scavenge" timems="2.075" contextid="4215" timestamp="2019-08-11T07:39:34.389">
  <scavenger-info tenureage="3" tenuremask="fff8" tiltratio="90" />
  <memory-copied type="nursery" objects="28" bytes="1168" bytesdiscarded="14960" />
</gc-op>
<gc-end id="4219" type="scavenge" contextid="4215" durationms="2.367" usertimems="6.425" systemtimems="0.000" timestamp="2019-08-11T07:39:34.390" activeThreads="16">
  <mem-info id="4220" free="4013378416" total="4044488704" percent="99">
    <mem type="nursery" free="47759616" total="53084160" percent="89">
      <mem type="allocate" free="47759616" total="47775744" percent="99" />
      <mem type="survivor" free="0" total="5308416" percent="0" />
    </mem>
    <mem type="tenure" free="3965618800" total="3991404544" percent="99" macro-fragmented="0">
      <mem type="soa" free="3766078064" total="3791835136" percent="99" />
      <mem type="loa" free="199540736" total="199569408" percent="99" />
    </mem>
    <remembered-set count="114" />
  </mem-info>
</gc-end>
<cycle-end id="4221" type="scavenge" contextid="4215" timestamp="2019-08-11T07:39:34.390" />
  <attribute name="elasticGC enabled" value="1" />
  <attribute name= "numThreadsSpecified" value="16" />
  <attribute name="heapSize specified" value="-91291648" />
  <attribute name="Current GC Util" value="9" />
  <attribute name= "Current Time Running" value="65226" />
  <attribute name ="GC Interval" value="200" />
  <attribute name="ProportionalT" value="-35.500000" />
  <attribute name="ProportionalI" value="-35.500000" />
  <attribute name="ProportionalH" value="-35.500000" />
  <attribute name="Current Error" value="-71.000000" />
  <attribute name="IntegralT" value="-1455.500000" />
  <attribute name="IntegralI" value="-1455.500000" />
  <attribute name="IntegralH" value="-1455.500000" />
  <attribute name="DerivativeT" value="-1.731707" />
  <attribute name="DerivativeI" value="-1.731707" />
  <attribute name="DerivativeH" value="-1.731707" />
  <attribute name="Loop Time for DT" value="41.000000" />
  <attribute name="Output H" value="4203675648"/>
  <attribute name="Output I" value="200"/>
  <attribute name="Output T" value="16"/>
  <attribute name="Target GC Util Change" value ="80.000000" />
  <attribute name="Current GC Util Change" value="9.000000"/>
  <attribute name="GC Util currently" value="9" />
  <attribute name="CPU Util currently" value="27747973997" />
<allocation-satisfied id="4222" threadId="0000000000880F00" bytesRequested="40" />
<af-end id="4223" timestamp="2019-08-11T07:39:34.390" threadId="0000000000881888" success="true" from="nursery"/>
<exclusive-end id="4224" timestamp="2019-08-11T07:39:34.390" durationms="2.576" />

<exclusive-start id="4225" timestamp="2019-08-11T07:39:34.475" intervalms="87.980">
  <response-info timems="0.069" idlems="0.069" threads="0" lastid="0000000000880F00" lastname="main" />
</exclusive-start>
<af-start id="4226" threadId="0000000000881888" totalBytesRequested="64" timestamp="2019-08-11T07:39:34.475" intervalms="87.994" type="nursery" />
<cycle-start id="4227" type="scavenge" contextid="0" timestamp="2019-08-11T07:39:34.475" intervalms="88.000" />
<gc-start id="4228" type="scavenge" contextid="4227" timestamp="2019-08-11T07:39:34.475">
  <mem-info id="4229" free="3965618800" total="4044488704" percent="98">
    <mem type="nursery" free="0" total="53084160" percent="0">
      <mem type="allocate" free="0" total="47775744" percent="0" />
      <mem type="survivor" free="0" total="5308416" percent="0" />
    </mem>
    <mem type="tenure" free="3965618800" total="3991404544" percent="99">
      <mem type="soa" free="3766078064" total="3791835136" percent="99" />
      <mem type="loa" free="199540736" total="199569408" percent="99" />
    </mem>
    <remembered-set count="116" />
  </mem-info>
</gc-start>
<allocation-stats totalBytes="47731216" >
  <allocated-bytes non-tlh="40" tlh="47731176" />
  <largest-consumer threadName="main" threadId="0000000000880F00" bytes="47731216" />
</allocation-stats>
<gc-op id="4230" type="scavenge" timems="1.787" contextid="4227" timestamp="2019-08-11T07:39:34.477">
  <scavenger-info tenureage="3" tenuremask="fff8" tiltratio="90" />
  <memory-copied type="nursery" objects="43" bytes="1664" bytesdiscarded="30592" />
</gc-op>
<gc-end id="4231" type="scavenge" contextid="4227" durationms="2.092" usertimems="7.862" systemtimems="0.000" timestamp="2019-08-11T07:39:34.477" activeThreads="16">
  <mem-info id="4232" free="4013362288" total="4044488704" percent="99">
    <mem type="nursery" free="47743488" total="53084160" percent="89">
      <mem type="allocate" free="47743488" total="47775744" percent="99" />
      <mem type="survivor" free="0" total="5308416" percent="0" />
    </mem>
    <mem type="tenure" free="3965618800" total="3991404544" percent="99" macro-fragmented="0">
      <mem type="soa" free="3766078064" total="3791835136" percent="99" />
      <mem type="loa" free="199540736" total="199569408" percent="99" />
    </mem>
    <remembered-set count="116" />
  </mem-info>
</gc-end>
<cycle-end id="4233" type="scavenge" contextid="4227" timestamp="2019-08-11T07:39:34.477" />
  <attribute name="elasticGC enabled" value="1" />
  <attribute name= "numThreadsSpecified" value="16" />
  <attribute name="heapSize specified" value="-91291648" />
  <attribute name="Current GC Util" value="5" />
  <attribute name= "Current Time Running" value="65315" />
  <attribute name ="GC Interval" value="200" />
  <attribute name="ProportionalT" value="-37.500000" />
  <attribute name="ProportionalI" value="-37.500000" />
  <attribute name="ProportionalH" value="-37.500000" />
  <attribute name="Current Error" value="-75.000000" />
  <attribute name="IntegralT" value="-3337.500000" />
  <attribute name="IntegralI" value="-3337.500000" />
  <attribute name="IntegralH" value="-3337.500000" />
  <attribute name="DerivativeT" value="-0.842697" />
  <attribute name="DerivativeI" value="-0.842697" />
  <attribute name="DerivativeH" value="-0.842697" />
  <attribute name="Loop Time for DT" value="89.000000" />
  <attribute name="Output H" value="4203675648"/>
  <attribute name="Output I" value="200"/>
  <attribute name="Output T" value="16"/>
  <attribute name="Target GC Util Change" value ="80.000000" />
  <attribute name="Current GC Util Change" value="5.000000"/>
  <attribute name="GC Util currently" value="5" />
  <attribute name="CPU Util currently" value="13099837812" />
<allocation-satisfied id="4234" threadId="0000000000880F00" bytesRequested="64" />
<af-end id="4235" timestamp="2019-08-11T07:39:34.477" threadId="0000000000881888" success="true" from="nursery"/>
<exclusive-end id="4236" timestamp="2019-08-11T07:39:34.477" durationms="2.344" />

<exclusive-start id="4237" timestamp="2019-08-11T07:39:34.605" intervalms="129.984">
  <response-info timems="0.054" idlems="0.054" threads="0" lastid="0000000000880F00" lastname="main" />
</exclusive-start>
<af-start id="4238" threadId="0000000000881888" totalBytesRequested="24" timestamp="2019-08-11T07:39:34.605" intervalms="129.980" type="nursery" />
<cycle-start id="4239" type="scavenge" contextid="0" timestamp="2019-08-11T07:39:34.605" intervalms="129.980" />
<gc-start id="4240" type="scavenge" contextid="4239" timestamp="2019-08-11T07:39:34.605">
  <mem-info id="4241" free="3965618800" total="4044488704" percent="98">
    <mem type="nursery" free="0" total="53084160" percent="0">
      <mem type="allocate" free="0" total="47775744" percent="0" />
      <mem type="survivor" free="0" total="5308416" percent="0" />
    </mem>
    <mem type="tenure" free="3965618800" total="3991404544" percent="99">
      <mem type="soa" free="3766078064" total="3791835136" percent="99" />
      <mem type="loa" free="199540736" total="199569408" percent="99" />
    </mem>
    <remembered-set count="116" />
  </mem-info>
</gc-start>
<allocation-stats totalBytes="47733256" >
  <allocated-bytes non-tlh="64" tlh="47733192" />
  <largest-consumer threadName="main" threadId="0000000000880F00" bytes="47733256" />
</allocation-stats>
<gc-op id="4242" type="scavenge" timems="2.134" contextid="4239" timestamp="2019-08-11T07:39:34.607">
  <scavenger-info tenureage="4" tenuremask="fff0" tiltratio="90" />
  <memory-copied type="nursery" objects="53" bytes="2232" bytesdiscarded="30024" />
</gc-op>
<gc-end id="4243" type="scavenge" contextid="4239" durationms="2.501" usertimems="6.952" systemtimems="0.000" timestamp="2019-08-11T07:39:34.608" activeThreads="16">
  <mem-info id="4244" free="4013362288" total="4044488704" percent="99">
    <mem type="nursery" free="47743488" total="53084160" percent="89">
      <mem type="allocate" free="47743488" total="47775744" percent="99" />
      <mem type="survivor" free="0" total="5308416" percent="0" />
    </mem>
    <mem type="tenure" free="3965618800" total="3991404544" percent="99" macro-fragmented="3657">
      <mem type="soa" free="3766078064" total="3791835136" percent="99" />
      <mem type="loa" free="199540736" total="199569408" percent="99" />
    </mem>
    <remembered-set count="116" />
  </mem-info>
</gc-end>
<cycle-end id="4245" type="scavenge" contextid="4239" timestamp="2019-08-11T07:39:34.608" />
  <attribute name="elasticGC enabled" value="1" />
  <attribute name= "numThreadsSpecified" value="16" />
  <attribute name="heapSize specified" value="-91291648" />
  <attribute name="Current GC Util" value="2" />
  <attribute name= "Current Time Running" value="65444" />
  <attribute name ="GC Interval" value="200" />
  <attribute name="ProportionalT" value="-39.000000" />
  <attribute name="ProportionalI" value="-39.000000" />
  <attribute name="ProportionalH" value="-39.000000" />
  <attribute name="Current Error" value="-78.000000" />
  <attribute name="IntegralT" value="-5031.000000" />
  <attribute name="IntegralI" value="-5031.000000" />
  <attribute name="IntegralH" value="-5031.000000" />
  <attribute name="DerivativeT" value="-0.604651" />
  <attribute name="DerivativeI" value="-0.604651" />
  <attribute name="DerivativeH" value="-0.604651" />
  <attribute name="Loop Time for DT" value="129.000000" />
  <attribute name="Output H" value="4203675648"/>
  <attribute name="Output I" value="200"/>
  <attribute name="Output T" value="16"/>
  <attribute name="Target GC Util Change" value ="80.000000" />
  <attribute name="Current GC Util Change" value="2.000000"/>
  <attribute name="GC Util currently" value="2" />
  <attribute name="CPU Util currently" value="8870253891" />
<allocation-satisfied id="4246" threadId="0000000000880F00" bytesRequested="24" />
<af-end id="4247" timestamp="2019-08-11T07:39:34.608" threadId="0000000000881888" success="true" from="nursery"/>
<exclusive-end id="4248" timestamp="2019-08-11T07:39:34.608" durationms="2.893" />

<exclusive-start id="4249" timestamp="2019-08-11T07:39:35.911" intervalms="1306.377">
  <response-info timems="0.044" idlems="0.044" threads="0" lastid="0000000000880F00" lastname="main" />
</exclusive-start>
<af-start id="4250" threadId="0000000000881888" totalBytesRequested="18240" timestamp="2019-08-11T07:39:35.912" intervalms="1306.367" type="nursery" />
<cycle-start id="4251" type="scavenge" contextid="0" timestamp="2019-08-11T07:39:35.912" intervalms="1306.361" />
<gc-start id="4252" type="scavenge" contextid="4251" timestamp="2019-08-11T07:39:35.912">
  <mem-info id="4253" free="3965618800" total="4044488704" percent="98">
    <mem type="nursery" free="0" total="53084160" percent="0">
      <mem type="allocate" free="0" total="47775744" percent="0" />
      <mem type="survivor" free="0" total="5308416" percent="0" />
    </mem>
    <mem type="tenure" free="3965618800" total="3991404544" percent="99">
      <mem type="soa" free="3766078064" total="3791835136" percent="99" />
      <mem type="loa" free="199540736" total="199569408" percent="99" />
    </mem>
    <remembered-set count="128" />
  </mem-info>
</gc-start>
<allocation-stats totalBytes="45795656" >
  <allocated-bytes non-tlh="24" tlh="45795632" />
  <largest-consumer threadName="main" threadId="0000000000880F00" bytes="45795656" />
</allocation-stats>
<gc-op id="4254" type="scavenge" timems="1.133" contextid="4251" timestamp="2019-08-11T07:39:35.913">
  <scavenger-info tenureage="3" tenuremask="fff8" tiltratio="90" />
  <memory-copied type="nursery" objects="80" bytes="40744" bytesdiscarded="29784" />
  <memory-copied type="tenure" objects="12" bytes="560" bytesdiscarded="0" />
</gc-op>
<gc-end id="4255" type="scavenge" contextid="4251" durationms="1.505" usertimems="4.735" systemtimems="0.000" timestamp="2019-08-11T07:39:35.913" activeThreads="16">
  <mem-info id="4256" free="4013324016" total="4044488704" percent="99">
    <mem type="nursery" free="47705216" total="53084160" percent="89">
      <mem type="allocate" free="47705216" total="47775744" percent="99" />
      <mem type="survivor" free="0" total="5308416" percent="0" />
    </mem>
    <mem type="tenure" free="3965618800" total="3991404544" percent="99" macro-fragmented="0">
      <mem type="soa" free="3766078064" total="3791835136" percent="99" />
      <mem type="loa" free="199540736" total="199569408" percent="99" />
    </mem>
    <remembered-set count="124" />
  </mem-info>
</gc-end>
<cycle-end id="4257" type="scavenge" contextid="4251" timestamp="2019-08-11T07:39:35.913" />
  <attribute name="elasticGC enabled" value="1" />
  <attribute name= "numThreadsSpecified" value="16" />
  <attribute name="heapSize specified" value="-91291648" />
  <attribute name="Current GC Util" value="0" />
  <attribute name= "Current Time Running" value="66751" />
  <attribute name ="GC Interval" value="200" />
  <attribute name="ProportionalT" value="-40.000000" />
  <attribute name="ProportionalI" value="-40.000000" />
  <attribute name="ProportionalH" value="-40.000000" />
  <attribute name="Current Error" value="-80.000000" />
  <attribute name="IntegralT" value="-52280.000000" />
  <attribute name="IntegralI" value="-52280.000000" />
  <attribute name="IntegralH" value="-52280.000000" />
  <attribute name="DerivativeT" value="-0.061209" />
  <attribute name="DerivativeI" value="-0.061209" />
  <attribute name="DerivativeH" value="-0.061209" />
  <attribute name="Loop Time for DT" value="1307.000000" />
  <attribute name="Output H" value="4203675648"/>
  <attribute name="Output I" value="200"/>
  <attribute name="Output T" value="16"/>
  <attribute name="Target GC Util Change" value ="80.000000" />
  <attribute name="Current GC Util Change" value="0.000000"/>
  <attribute name="GC Util currently" value="0" />
  <attribute name="CPU Util currently" value="9" />
<allocation-satisfied id="4258" threadId="0000000000880F00" bytesRequested="18240" />
<af-end id="4259" timestamp="2019-08-11T07:39:35.913" threadId="0000000000881888" success="true" from="nursery"/>
<exclusive-end id="4260" timestamp="2019-08-11T07:39:35.913" durationms="1.931" />

<exclusive-start id="4261" timestamp="2019-08-11T07:39:36.238" intervalms="326.347">
  <response-info timems="0.020" idlems="0.020" threads="0" lastid="0000000000880F00" lastname="main" />
</exclusive-start>
<af-start id="4262" threadId="0000000000881888" totalBytesRequested="32" timestamp="2019-08-11T07:39:36.238" intervalms="326.347" type="nursery" />
<cycle-start id="4263" type="scavenge" contextid="0" timestamp="2019-08-11T07:39:36.238" intervalms="326.345" />
<gc-start id="4264" type="scavenge" contextid="4263" timestamp="2019-08-11T07:39:36.238">
  <mem-info id="4265" free="3965618800" total="4044488704" percent="98">
    <mem type="nursery" free="0" total="53084160" percent="0">
      <mem type="allocate" free="0" total="47775744" percent="0" />
      <mem type="survivor" free="0" total="5308416" percent="0" />
    </mem>
    <mem type="tenure" free="3965618800" total="3991404544" percent="99">
      <mem type="soa" free="3766078064" total="3791835136" percent="99" />
      <mem type="loa" free="199540736" total="199569408" percent="99" />
    </mem>
    <remembered-set count="126" />
  </mem-info>
</gc-start>
<allocation-stats totalBytes="47700608" >
  <allocated-bytes non-tlh="18240" tlh="47682368" />
  <largest-consumer threadName="main" threadId="0000000000880F00" bytes="47700608" />
</allocation-stats>
<gc-op id="4266" type="scavenge" timems="1.260" contextid="4263" timestamp="2019-08-11T07:39:36.239">
  <scavenger-info tenureage="4" tenuremask="ffd0" tiltratio="90" />
  <memory-copied type="nursery" objects="182" bytes="8504" bytesdiscarded="39880" />
</gc-op>
<gc-end id="4267" type="scavenge" contextid="4263" durationms="1.571" usertimems="2.337" systemtimems="0.000" timestamp="2019-08-11T07:39:36.239" activeThreads="16">
  <mem-info id="4268" free="4013346160" total="4044488704" percent="99">
    <mem type="nursery" free="47727360" total="53084160" percent="89">
      <mem type="allocate" free="47727360" total="47775744" percent="99" />
      <mem type="survivor" free="0" total="5308416" percent="0" />
    </mem>
    <mem type="tenure" free="3965618800" total="3991404544" percent="99" macro-fragmented="3732887">
      <mem type="soa" free="3766078064" total="3791835136" percent="99" />
      <mem type="loa" free="199540736" total="199569408" percent="99" />
    </mem>
    <remembered-set count="126" />
  </mem-info>
</gc-end>
<cycle-end id="4269" type="scavenge" contextid="4263" timestamp="2019-08-11T07:39:36.240" />
  <attribute name="elasticGC enabled" value="1" />
  <attribute name= "numThreadsSpecified" value="16" />
  <attribute name="heapSize specified" value="-91291648" />
  <attribute name="Current GC Util" value="0" />
  <attribute name= "Current Time Running" value="67077" />
  <attribute name ="GC Interval" value="200" />
  <attribute name="ProportionalT" value="-40.000000" />
  <attribute name="ProportionalI" value="-40.000000" />
  <attribute name="ProportionalH" value="-40.000000" />
  <attribute name="Current Error" value="-80.000000" />
  <attribute name="IntegralT" value="-13040.000000" />
  <attribute name="IntegralI" value="-13040.000000" />
  <attribute name="IntegralH" value="-13040.000000" />
  <attribute name="DerivativeT" value="-0.245399" />
  <attribute name="DerivativeI" value="-0.245399" />
  <attribute name="DerivativeH" value="-0.245399" />
  <attribute name="Loop Time for DT" value="326.000000" />
  <attribute name="Output H" value="4203675648"/>
  <attribute name="Output I" value="200"/>
  <attribute name="Output T" value="16"/>
  <attribute name="Target GC Util Change" value ="80.000000" />
  <attribute name="Current GC Util Change" value="0.000000"/>
  <attribute name="GC Util currently" value="0" />
  <attribute name="CPU Util currently" value="3533879253" />
<allocation-satisfied id="4270" threadId="0000000000880F00" bytesRequested="32" />
<af-end id="4271" timestamp="2019-08-11T07:39:36.240" threadId="0000000000881888" success="true" from="nursery"/>
<exclusive-end id="4272" timestamp="2019-08-11T07:39:36.240" durationms="1.796" />

<exclusive-start id="4273" timestamp="2019-08-11T07:39:36.852" intervalms="614.248">
  <response-info timems="0.063" idlems="0.063" threads="0" lastid="0000000000880F00" lastname="main" />
</exclusive-start>
<af-start id="4274" threadId="0000000000881888" totalBytesRequested="32" timestamp="2019-08-11T07:39:36.852" intervalms="614.252" type="nursery" />
<cycle-start id="4275" type="scavenge" contextid="0" timestamp="2019-08-11T07:39:36.852" intervalms="614.255" />
<gc-start id="4276" type="scavenge" contextid="4275" timestamp="2019-08-11T07:39:36.852">
  <mem-info id="4277" free="3965618800" total="4044488704" percent="98">
    <mem type="nursery" free="0" total="53084160" percent="0">
      <mem type="allocate" free="0" total="47775744" percent="0" />
      <mem type="survivor" free="0" total="5308416" percent="0" />
    </mem>
    <mem type="tenure" free="3965618800" total="3991404544" percent="99">
      <mem type="soa" free="3766078064" total="3791835136" percent="99" />
      <mem type="loa" free="199540736" total="199569408" percent="99" />
    </mem>
    <remembered-set count="134" />
  </mem-info>
</gc-start>
<allocation-stats totalBytes="47721560" >
  <allocated-bytes non-tlh="32" tlh="47721528" />
  <largest-consumer threadName="main" threadId="0000000000880F00" bytes="47721560" />
</allocation-stats>
<gc-op id="4278" type="scavenge" timems="1.110" contextid="4275" timestamp="2019-08-11T07:39:36.853">
  <scavenger-info tenureage="3" tenuremask="fff8" tiltratio="90" />
  <memory-copied type="nursery" objects="97" bytes="2672" bytesdiscarded="29584" />
  <memory-copied type="tenure" objects="7" bytes="160" bytesdiscarded="0" />
</gc-op>
<gc-end id="4279" type="scavenge" contextid="4275" durationms="1.398" usertimems="3.268" systemtimems="0.000" timestamp="2019-08-11T07:39:36.854" activeThreads="16">
  <mem-info id="4280" free="4013362288" total="4044488704" percent="99">
    <mem type="nursery" free="47743488" total="53084160" percent="89">
      <mem type="allocate" free="47743488" total="47775744" percent="99" />
      <mem type="survivor" free="0" total="5308416" percent="0" />
    </mem>
    <mem type="tenure" free="3965618800" total="3991404544" percent="99" macro-fragmented="0">
      <mem type="soa" free="3766078064" total="3791835136" percent="99" />
      <mem type="loa" free="199540736" total="199569408" percent="99" />
    </mem>
    <remembered-set count="132" />
  </mem-info>
</gc-end>
<cycle-end id="4281" type="scavenge" contextid="4275" timestamp="2019-08-11T07:39:36.854" />
  <attribute name="elasticGC enabled" value="1" />
  <attribute name= "numThreadsSpecified" value="16" />
  <attribute name="heapSize specified" value="-91291648" />
  <attribute name="Current GC Util" value="0" />
  <attribute name= "Current Time Running" value="67691" />
  <attribute name ="GC Interval" value="200" />
  <attribute name="ProportionalT" value="-40.000000" />
  <attribute name="ProportionalI" value="-40.000000" />
  <attribute name="ProportionalH" value="-40.000000" />
  <attribute name="Current Error" value="-80.000000" />
  <attribute name="IntegralT" value="-24560.000000" />
  <attribute name="IntegralI" value="-24560.000000" />
  <attribute name="IntegralH" value="-24560.000000" />
  <attribute name="DerivativeT" value="-0.130293" />
  <attribute name="DerivativeI" value="-0.130293" />
  <attribute name="DerivativeH" value="-0.130293" />
  <attribute name="Loop Time for DT" value="614.000000" />
  <attribute name="Output H" value="4203675648"/>
  <attribute name="Output I" value="200"/>
  <attribute name="Output T" value="16"/>
  <attribute name="Target GC Util Change" value ="80.000000" />
  <attribute name="Current GC Util Change" value="0.000000"/>
  <attribute name="GC Util currently" value="0" />
  <attribute name="CPU Util currently" value="1876908163" />
<allocation-satisfied id="4282" threadId="0000000000880F00" bytesRequested="32" />
<af-end id="4283" timestamp="2019-08-11T07:39:36.854" threadId="0000000000881888" success="true" from="nursery"/>
<exclusive-end id="4284" timestamp="2019-08-11T07:39:36.854" durationms="1.632" />

<exclusive-start id="4285" timestamp="2019-08-11T07:39:37.167" intervalms="314.628">
  <response-info timems="0.089" idlems="0.089" threads="0" lastid="0000000000880F00" lastname="main" />
</exclusive-start>
<af-start id="4286" threadId="0000000000881888" totalBytesRequested="16" timestamp="2019-08-11T07:39:37.167" intervalms="314.622" type="nursery" />
<cycle-start id="4287" type="scavenge" contextid="0" timestamp="2019-08-11T07:39:37.167" intervalms="314.621" />
<gc-start id="4288" type="scavenge" contextid="4287" timestamp="2019-08-11T07:39:37.167">
  <mem-info id="4289" free="3965618768" total="4044488704" percent="98">
    <mem type="nursery" free="0" total="53084160" percent="0">
      <mem type="allocate" free="0" total="47775744" percent="0" />
      <mem type="survivor" free="0" total="5308416" percent="0" />
    </mem>
    <mem type="tenure" free="3965618768" total="3991404544" percent="99">
      <mem type="soa" free="3766078032" total="3791835136" percent="99" />
      <mem type="loa" free="199540736" total="199569408" percent="99" />
    </mem>
    <remembered-set count="137" />
  </mem-info>
</gc-start>
<allocation-stats totalBytes="47733928" >
  <allocated-bytes non-tlh="64" tlh="47733864" />
  <largest-consumer threadName="main" threadId="0000000000880F00" bytes="47733928" />
</allocation-stats>
<gc-op id="4290" type="scavenge" timems="0.966" contextid="4287" timestamp="2019-08-11T07:39:37.168">
  <scavenger-info tenureage="3" tenuremask="ffd8" tiltratio="90" />
  <memory-copied type="nursery" objects="84" bytes="2808" bytesdiscarded="29448" />
  <memory-copied type="tenure" objects="42" bytes="960" bytesdiscarded="0" />
</gc-op>
<gc-end id="4291" type="scavenge" contextid="4287" durationms="1.257" usertimems="4.161" systemtimems="0.000" timestamp="2019-08-11T07:39:37.168" activeThreads="16">
  <mem-info id="4292" free="4013362256" total="4044488704" percent="99">
    <mem type="nursery" free="47743488" total="53084160" percent="89">
      <mem type="allocate" free="47743488" total="47775744" percent="99" />
      <mem type="survivor" free="0" total="5308416" percent="0" />
    </mem>
    <mem type="tenure" free="3965618768" total="3991404544" percent="99" macro-fragmented="3110739">
      <mem type="soa" free="3766078032" total="3791835136" percent="99" />
      <mem type="loa" free="199540736" total="199569408" percent="99" />
    </mem>
    <remembered-set count="125" />
  </mem-info>
</gc-end>
<cycle-end id="4293" type="scavenge" contextid="4287" timestamp="2019-08-11T07:39:37.168" />
  <attribute name="elasticGC enabled" value="1" />
  <attribute name= "numThreadsSpecified" value="16" />
  <attribute name="heapSize specified" value="-91291648" />
  <attribute name="Current GC Util" value="0" />
  <attribute name= "Current Time Running" value="68006" />
  <attribute name ="GC Interval" value="200" />
  <attribute name="ProportionalT" value="-40.000000" />
  <attribute name="ProportionalI" value="-40.000000" />
  <attribute name="ProportionalH" value="-40.000000" />
  <attribute name="Current Error" value="-80.000000" />
  <attribute name="IntegralT" value="-12600.000000" />
  <attribute name="IntegralI" value="-12600.000000" />
  <attribute name="IntegralH" value="-12600.000000" />
  <attribute name="DerivativeT" value="-0.253968" />
  <attribute name="DerivativeI" value="-0.253968" />
  <attribute name="DerivativeH" value="-0.253968" />
  <attribute name="Loop Time for DT" value="315.000000" />
  <attribute name="Output H" value="4203675648"/>
  <attribute name="Output I" value="200"/>
  <attribute name="Output T" value="16"/>
  <attribute name="Target GC Util Change" value ="80.000000" />
  <attribute name="Current GC Util Change" value="0.000000"/>
  <attribute name="GC Util currently" value="0" />
  <attribute name="CPU Util currently" value="3664506924" />
<allocation-satisfied id="4294" threadId="0000000000880F00" bytesRequested="16" />
<af-end id="4295" timestamp="2019-08-11T07:39:37.168" threadId="0000000000881888" success="true" from="nursery"/>
<exclusive-end id="4296" timestamp="2019-08-11T07:39:37.168" durationms="1.469" />

<exclusive-start id="4297" timestamp="2019-08-11T07:39:37.668" intervalms="501.425">
  <response-info timems="0.073" idlems="0.073" threads="0" lastid="0000000000880F00" lastname="main" />
</exclusive-start>
<af-start id="4298" threadId="0000000000881888" totalBytesRequested="16" timestamp="2019-08-11T07:39:37.668" intervalms="501.426" type="nursery" />
<cycle-start id="4299" type="scavenge" contextid="0" timestamp="2019-08-11T07:39:37.668" intervalms="501.442" />
<gc-start id="4300" type="scavenge" contextid="4299" timestamp="2019-08-11T07:39:37.668">
  <mem-info id="4301" free="3965618768" total="4044488704" percent="98">
    <mem type="nursery" free="0" total="53084160" percent="0">
      <mem type="allocate" free="0" total="47775744" percent="0" />
      <mem type="survivor" free="0" total="5308416" percent="0" />
    </mem>
    <mem type="tenure" free="3965618768" total="3991404544" percent="99">
      <mem type="soa" free="3766078032" total="3791835136" percent="99" />
      <mem type="loa" free="199540736" total="199569408" percent="99" />
    </mem>
    <remembered-set count="128" />
  </mem-info>
</gc-start>
<allocation-stats totalBytes="47726496" >
  <allocated-bytes non-tlh="16" tlh="47726480" />
  <largest-consumer threadName="main" threadId="0000000000880F00" bytes="47726496" />
</allocation-stats>
<gc-op id="4302" type="scavenge" timems="1.412" contextid="4299" timestamp="2019-08-11T07:39:37.670">
  <scavenger-info tenureage="3" tenuremask="ffe8" tiltratio="90" />
  <memory-copied type="nursery" objects="74" bytes="2152" bytesdiscarded="30104" />
  <memory-copied type="tenure" objects="7" bytes="160" bytesdiscarded="0" />
</gc-op>
<gc-end id="4303" type="scavenge" contextid="4299" durationms="1.810" usertimems="3.959" systemtimems="0.000" timestamp="2019-08-11T07:39:37.670" activeThreads="16">
  <mem-info id="4304" free="4013362256" total="4044488704" percent="99">
    <mem type="nursery" free="47743488" total="53084160" percent="89">
      <mem type="allocate" free="47743488" total="47775744" percent="99" />
      <mem type="survivor" free="0" total="5308416" percent="0" />
    </mem>
    <mem type="tenure" free="3965618768" total="3991404544" percent="99" macro-fragmented="1500163">
      <mem type="soa" free="3766078032" total="3791835136" percent="99" />
      <mem type="loa" free="199540736" total="199569408" percent="99" />
    </mem>
    <remembered-set count="125" />
  </mem-info>
</gc-end>
<cycle-end id="4305" type="scavenge" contextid="4299" timestamp="2019-08-11T07:39:37.670" />
  <attribute name="elasticGC enabled" value="1" />
  <attribute name= "numThreadsSpecified" value="16" />
  <attribute name="heapSize specified" value="-91291648" />
  <attribute name="Current GC Util" value="0" />
  <attribute name= "Current Time Running" value="68507" />
  <attribute name ="GC Interval" value="200" />
  <attribute name="ProportionalT" value="-40.000000" />
  <attribute name="ProportionalI" value="-40.000000" />
  <attribute name="ProportionalH" value="-40.000000" />
  <attribute name="Current Error" value="-80.000000" />
  <attribute name="IntegralT" value="-20040.000000" />
  <attribute name="IntegralI" value="-20040.000000" />
  <attribute name="IntegralH" value="-20040.000000" />
  <attribute name="DerivativeT" value="-0.159681" />
  <attribute name="DerivativeI" value="-0.159681" />
  <attribute name="DerivativeH" value="-0.159681" />
  <attribute name="Loop Time for DT" value="501.000000" />
  <attribute name="Output H" value="4203675648"/>
  <attribute name="Output I" value="200"/>
  <attribute name="Output T" value="16"/>
  <attribute name="Target GC Util Change" value ="80.000000" />
  <attribute name="Current GC Util Change" value="0.000000"/>
  <attribute name="GC Util currently" value="0" />
  <attribute name="CPU Util currently" value="2299323831" />
<allocation-satisfied id="4306" threadId="0000000000880F00" bytesRequested="16" />
<af-end id="4307" timestamp="2019-08-11T07:39:37.670" threadId="0000000000881888" success="true" from="nursery"/>
<exclusive-end id="4308" timestamp="2019-08-11T07:39:37.670" durationms="2.037" />

<exclusive-start id="4309" timestamp="2019-08-11T07:39:37.826" intervalms="158.262">
  <response-info timems="0.089" idlems="0.089" threads="0" lastid="0000000000880F00" lastname="main" />
</exclusive-start>
<af-start id="4310" threadId="0000000000881888" totalBytesRequested="32" timestamp="2019-08-11T07:39:37.826" intervalms="158.260" type="nursery" />
<cycle-start id="4311" type="scavenge" contextid="0" timestamp="2019-08-11T07:39:37.826" intervalms="158.245" />
<gc-start id="4312" type="scavenge" contextid="4311" timestamp="2019-08-11T07:39:37.826">
  <mem-info id="4313" free="3965618768" total="4044488704" percent="98">
    <mem type="nursery" free="0" total="53084160" percent="0">
      <mem type="allocate" free="0" total="47775744" percent="0" />
      <mem type="survivor" free="0" total="5308416" percent="0" />
    </mem>
    <mem type="tenure" free="3965618768" total="3991404544" percent="99">
      <mem type="soa" free="3766078032" total="3791835136" percent="99" />
      <mem type="loa" free="199540736" total="199569408" percent="99" />
    </mem>
    <remembered-set count="127" />
  </mem-info>
</gc-start>
<allocation-stats totalBytes="47739840" >
  <allocated-bytes non-tlh="16" tlh="47739824" />
  <largest-consumer threadName="main" threadId="0000000000880F00" bytes="47739840" />
</allocation-stats>
<gc-op id="4314" type="scavenge" timems="1.804" contextid="4311" timestamp="2019-08-11T07:39:37.828">
  <scavenger-info tenureage="3" tenuremask="ffe8" tiltratio="90" />
  <memory-copied type="nursery" objects="48" bytes="1344" bytesdiscarded="30912" />
  <memory-copied type="tenure" objects="31" bytes="912" bytesdiscarded="0" />
</gc-op>
<gc-end id="4315" type="scavenge" contextid="4311" durationms="2.138" usertimems="5.190" systemtimems="0.000" timestamp="2019-08-11T07:39:37.829" activeThreads="16">
  <mem-info id="4316" free="4013362256" total="4044488704" percent="99">
    <mem type="nursery" free="47743488" total="53084160" percent="89">
      <mem type="allocate" free="47743488" total="47775744" percent="99" />
      <mem type="survivor" free="0" total="5308416" percent="0" />
    </mem>
    <mem type="tenure" free="3965618768" total="3991404544" percent="99" macro-fragmented="2160235">
      <mem type="soa" free="3766078032" total="3791835136" percent="99" />
      <mem type="loa" free="199540736" total="199569408" percent="99" />
    </mem>
    <remembered-set count="119" />
  </mem-info>
</gc-end>
<cycle-end id="4317" type="scavenge" contextid="4311" timestamp="2019-08-11T07:39:37.829" />
  <attribute name="elasticGC enabled" value="1" />
  <attribute name= "numThreadsSpecified" value="16" />
  <attribute name="heapSize specified" value="-91291648" />
  <attribute name="Current GC Util" value="1" />
  <attribute name= "Current Time Running" value="68666" />
  <attribute name ="GC Interval" value="200" />
  <attribute name="ProportionalT" value="-39.500000" />
  <attribute name="ProportionalI" value="-39.500000" />
  <attribute name="ProportionalH" value="-39.500000" />
  <attribute name="Current Error" value="-79.000000" />
  <attribute name="IntegralT" value="-6280.500000" />
  <attribute name="IntegralI" value="-6280.500000" />
  <attribute name="IntegralH" value="-6280.500000" />
  <attribute name="DerivativeT" value="-0.496855" />
  <attribute name="DerivativeI" value="-0.496855" />
  <attribute name="DerivativeH" value="-0.496855" />
  <attribute name="Loop Time for DT" value="159.000000" />
  <attribute name="Output H" value="4203675648"/>
  <attribute name="Output I" value="200"/>
  <attribute name="Output T" value="16"/>
  <attribute name="Target GC Util Change" value ="80.000000" />
  <attribute name="Current GC Util Change" value="1.000000"/>
  <attribute name="GC Util currently" value="1" />
  <attribute name="CPU Util currently" value="7285483213" />
<allocation-satisfied id="4318" threadId="0000000000880F00" bytesRequested="32" />
<af-end id="4319" timestamp="2019-08-11T07:39:37.829" threadId="0000000000881888" success="true" from="nursery"/>
<exclusive-end id="4320" timestamp="2019-08-11T07:39:37.829" durationms="2.394" />

<exclusive-start id="4321" timestamp="2019-08-11T07:39:37.944" intervalms="117.552">
  <response-info timems="0.058" idlems="0.058" threads="0" lastid="0000000000880F00" lastname="main" />
</exclusive-start>
<af-start id="4322" threadId="0000000000881888" totalBytesRequested="24" timestamp="2019-08-11T07:39:37.944" intervalms="117.551" type="nursery" />
<cycle-start id="4323" type="scavenge" contextid="0" timestamp="2019-08-11T07:39:37.944" intervalms="117.575" />
<gc-start id="4324" type="scavenge" contextid="4323" timestamp="2019-08-11T07:39:37.944">
  <mem-info id="4325" free="3965618768" total="4044488704" percent="98">
    <mem type="nursery" free="0" total="53084160" percent="0">
      <mem type="allocate" free="0" total="47775744" percent="0" />
      <mem type="survivor" free="0" total="5308416" percent="0" />
    </mem>
    <mem type="tenure" free="3965618768" total="3991404544" percent="99">
      <mem type="soa" free="3766078032" total="3791835136" percent="99" />
      <mem type="loa" free="199540736" total="199569408" percent="99" />
    </mem>
    <remembered-set count="121" />
  </mem-info>
</gc-start>
<allocation-stats totalBytes="47736112" >
  <allocated-bytes non-tlh="32" tlh="47736080" />
  <largest-consumer threadName="main" threadId="0000000000880F00" bytes="47736112" />
</allocation-stats>
<gc-op id="4326" type="scavenge" timems="1.186" contextid="4323" timestamp="2019-08-11T07:39:37.945">
  <scavenger-info tenureage="3" tenuremask="ffe8" tiltratio="90" />
  <memory-copied type="nursery" objects="43" bytes="1216" bytesdiscarded="31040" />
  <memory-copied type="tenure" objects="15" bytes="368" bytesdiscarded="0" />
</gc-op>
<gc-end id="4327" type="scavenge" contextid="4323" durationms="1.629" usertimems="3.505" systemtimems="0.000" timestamp="2019-08-11T07:39:37.946" activeThreads="16">
  <mem-info id="4328" free="4013362256" total="4044488704" percent="99">
    <mem type="nursery" free="47743488" total="53084160" percent="89">
      <mem type="allocate" free="47743488" total="47775744" percent="99" />
      <mem type="survivor" free="0" total="5308416" percent="0" />
    </mem>
    <mem type="tenure" free="3965618768" total="3991404544" percent="99" macro-fragmented="1500163">
      <mem type="soa" free="3766078032" total="3791835136" percent="99" />
      <mem type="loa" free="199540736" total="199569408" percent="99" />
    </mem>
    <remembered-set count="116" />
  </mem-info>
</gc-end>
<cycle-end id="4329" type="scavenge" contextid="4323" timestamp="2019-08-11T07:39:37.946" />
  <attribute name="elasticGC enabled" value="1" />
  <attribute name= "numThreadsSpecified" value="16" />
  <attribute name="heapSize specified" value="-91291648" />
  <attribute name="Current GC Util" value="2" />
  <attribute name= "Current Time Running" value="68783" />
  <attribute name ="GC Interval" value="200" />
  <attribute name="ProportionalT" value="-39.000000" />
  <attribute name="ProportionalI" value="-39.000000" />
  <attribute name="ProportionalH" value="-39.000000" />
  <attribute name="Current Error" value="-78.000000" />
  <attribute name="IntegralT" value="-4563.000000" />
  <attribute name="IntegralI" value="-4563.000000" />
  <attribute name="IntegralH" value="-4563.000000" />
  <attribute name="DerivativeT" value="-0.666667" />
  <attribute name="DerivativeI" value="-0.666667" />
  <attribute name="DerivativeH" value="-0.666667" />
  <attribute name="Loop Time for DT" value="117.000000" />
  <attribute name="Output H" value="4203675648"/>
  <attribute name="Output I" value="200"/>
  <attribute name="Output T" value="16"/>
  <attribute name="Target GC Util Change" value ="80.000000" />
  <attribute name="Current GC Util Change" value="2.000000"/>
  <attribute name="GC Util currently" value="2" />
  <attribute name="CPU Util currently" value="9801558776" />
<allocation-satisfied id="4330" threadId="0000000000880F00" bytesRequested="24" />
<af-end id="4331" timestamp="2019-08-11T07:39:37.946" threadId="0000000000881888" success="true" from="nursery"/>
<exclusive-end id="4332" timestamp="2019-08-11T07:39:37.946" durationms="1.919" />

<exclusive-start id="4333" timestamp="2019-08-11T07:39:38.671" intervalms="726.778">
  <response-info timems="0.047" idlems="0.047" threads="0" lastid="0000000000880F00" lastname="main" />
</exclusive-start>
<af-start id="4334" threadId="0000000000881888" totalBytesRequested="24" timestamp="2019-08-11T07:39:38.671" intervalms="726.783" type="nursery" />
<cycle-start id="4335" type="scavenge" contextid="0" timestamp="2019-08-11T07:39:38.671" intervalms="726.772" />
<gc-start id="4336" type="scavenge" contextid="4335" timestamp="2019-08-11T07:39:38.671">
  <mem-info id="4337" free="3965618768" total="4044488704" percent="98">
    <mem type="nursery" free="0" total="53084160" percent="0">
      <mem type="allocate" free="0" total="47775744" percent="0" />
      <mem type="survivor" free="0" total="5308416" percent="0" />
    </mem>
    <mem type="tenure" free="3965618768" total="3991404544" percent="99">
      <mem type="soa" free="3766078032" total="3791835136" percent="99" />
      <mem type="loa" free="199540736" total="199569408" percent="99" />
    </mem>
    <remembered-set count="122" />
  </mem-info>
</gc-start>
<allocation-stats totalBytes="47741192" >
  <allocated-bytes non-tlh="24" tlh="47741168" />
  <largest-consumer threadName="main" threadId="0000000000880F00" bytes="47741192" />
</allocation-stats>
<gc-op id="4338" type="scavenge" timems="1.088" contextid="4335" timestamp="2019-08-11T07:39:38.672">
  <scavenger-info tenureage="3" tenuremask="ffe8" tiltratio="90" />
  <memory-copied type="nursery" objects="48" bytes="1264" bytesdiscarded="30992" />
  <memory-copied type="tenure" objects="7" bytes="160" bytesdiscarded="0" />
</gc-op>
<gc-end id="4339" type="scavenge" contextid="4335" durationms="1.571" usertimems="3.364" systemtimems="0.000" timestamp="2019-08-11T07:39:38.672" activeThreads="16">
  <mem-info id="4340" free="4013362256" total="4044488704" percent="99">
    <mem type="nursery" free="47743488" total="53084160" percent="89">
      <mem type="allocate" free="47743488" total="47775744" percent="99" />
      <mem type="survivor" free="0" total="5308416" percent="0" />
    </mem>
    <mem type="tenure" free="3965618768" total="3991404544" percent="99" macro-fragmented="3110739">
      <mem type="soa" free="3766078032" total="3791835136" percent="99" />
      <mem type="loa" free="199540736" total="199569408" percent="99" />
    </mem>
    <remembered-set count="120" />
  </mem-info>
</gc-end>
<cycle-end id="4341" type="scavenge" contextid="4335" timestamp="2019-08-11T07:39:38.672" />
  <attribute name="elasticGC enabled" value="1" />
  <attribute name= "numThreadsSpecified" value="16" />
  <attribute name="heapSize specified" value="-91291648" />
  <attribute name="Current GC Util" value="0" />
  <attribute name= "Current Time Running" value="69510" />
  <attribute name ="GC Interval" value="200" />
  <attribute name="ProportionalT" value="-40.000000" />
  <attribute name="ProportionalI" value="-40.000000" />
  <attribute name="ProportionalH" value="-40.000000" />
  <attribute name="Current Error" value="-80.000000" />
  <attribute name="IntegralT" value="-29080.000000" />
  <attribute name="IntegralI" value="-29080.000000" />
  <attribute name="IntegralH" value="-29080.000000" />
  <attribute name="DerivativeT" value="-0.110041" />
  <attribute name="DerivativeI" value="-0.110041" />
  <attribute name="DerivativeH" value="-0.110041" />
  <attribute name="Loop Time for DT" value="727.000000" />
  <attribute name="Output H" value="4203675648"/>
  <attribute name="Output I" value="200"/>
  <attribute name="Output T" value="16"/>
  <attribute name="Target GC Util Change" value ="80.000000" />
  <attribute name="Current GC Util Change" value="0.000000"/>
  <attribute name="GC Util currently" value="0" />
  <attribute name="CPU Util currently" value="1586467320" />
<allocation-satisfied id="4342" threadId="0000000000880F00" bytesRequested="24" />
<af-end id="4343" timestamp="2019-08-11T07:39:38.672" threadId="0000000000881888" success="true" from="nursery"/>
<exclusive-end id="4344" timestamp="2019-08-11T07:39:38.672" durationms="1.800" />

<exclusive-start id="4345" timestamp="2019-08-11T07:39:40.219" intervalms="1547.953">
  <response-info timems="0.116" idlems="0.116" threads="0" lastid="0000000000880F00" lastname="main" />
</exclusive-start>
<af-start id="4346" threadId="0000000000881888" totalBytesRequested="24" timestamp="2019-08-11T07:39:40.219" intervalms="1547.951" type="nursery" />
<cycle-start id="4347" type="scavenge" contextid="0" timestamp="2019-08-11T07:39:40.219" intervalms="1547.937" />
<gc-start id="4348" type="scavenge" contextid="4347" timestamp="2019-08-11T07:39:40.219">
  <mem-info id="4349" free="3965618768" total="4044488704" percent="98">
    <mem type="nursery" free="0" total="53084160" percent="0">
      <mem type="allocate" free="0" total="47775744" percent="0" />
      <mem type="survivor" free="0" total="5308416" percent="0" />
    </mem>
    <mem type="tenure" free="3965618768" total="3991404544" percent="99">
      <mem type="soa" free="3766078032" total="3791835136" percent="99" />
      <mem type="loa" free="199540736" total="199569408" percent="99" />
    </mem>
    <remembered-set count="129" />
  </mem-info>
</gc-start>
<allocation-stats totalBytes="47740280" >
  <allocated-bytes non-tlh="24" tlh="47740256" />
  <largest-consumer threadName="main" threadId="0000000000880F00" bytes="47740280" />
</allocation-stats>
<gc-op id="4350" type="scavenge" timems="1.339" contextid="4347" timestamp="2019-08-11T07:39:40.220">
  <scavenger-info tenureage="3" tenuremask="ffe8" tiltratio="90" />
  <memory-copied type="nursery" objects="75" bytes="1904" bytesdiscarded="46480" />
  <memory-copied type="tenure" objects="7" bytes="160" bytesdiscarded="0" />
  <references type="weak" candidates="2" cleared="0" enqueued="0" />
</gc-op>
<gc-end id="4351" type="scavenge" contextid="4347" durationms="1.708" usertimems="5.917" systemtimems="0.000" timestamp="2019-08-11T07:39:40.221" activeThreads="16">
  <mem-info id="4352" free="4013346128" total="4044488704" percent="99">
    <mem type="nursery" free="47727360" total="53084160" percent="89">
      <mem type="allocate" free="47727360" total="47775744" percent="99" />
      <mem type="survivor" free="0" total="5308416" percent="0" />
    </mem>
    <mem type="tenure" free="3965618768" total="3991404544" percent="99" macro-fragmented="2592282">
      <mem type="soa" free="3766078032" total="3791835136" percent="99" />
      <mem type="loa" free="199540736" total="199569408" percent="99" />
    </mem>
    <remembered-set count="127" />
  </mem-info>
</gc-end>
<cycle-end id="4353" type="scavenge" contextid="4347" timestamp="2019-08-11T07:39:40.221" />
  <attribute name="elasticGC enabled" value="1" />
  <attribute name= "numThreadsSpecified" value="16" />
  <attribute name="heapSize specified" value="-91291648" />
  <attribute name="Current GC Util" value="0" />
  <attribute name= "Current Time Running" value="71058" />
  <attribute name ="GC Interval" value="200" />
  <attribute name="ProportionalT" value="-40.000000" />
  <attribute name="ProportionalI" value="-40.000000" />
  <attribute name="ProportionalH" value="-40.000000" />
  <attribute name="Current Error" value="-80.000000" />
  <attribute name="IntegralT" value="-61920.000000" />
  <attribute name="IntegralI" value="-61920.000000" />
  <attribute name="IntegralH" value="-61920.000000" />
  <attribute name="DerivativeT" value="-0.051680" />
  <attribute name="DerivativeI" value="-0.051680" />
  <attribute name="DerivativeH" value="-0.051680" />
  <attribute name="Loop Time for DT" value="1548.000000" />
  <attribute name="Output H" value="4203675648"/>
  <attribute name="Output I" value="200"/>
  <attribute name="Output T" value="16"/>
  <attribute name="Target GC Util Change" value ="80.000000" />
  <attribute name="Current GC Util Change" value="0.000000"/>
  <attribute name="GC Util currently" value="0" />
  <attribute name="CPU Util currently" value="9" />
<allocation-satisfied id="4354" threadId="0000000000880F00" bytesRequested="24" />
<af-end id="4355" timestamp="2019-08-11T07:39:40.221" threadId="0000000000881888" success="true" from="nursery"/>
<exclusive-end id="4356" timestamp="2019-08-11T07:39:40.221" durationms="2.019" />

<exclusive-start id="4357" timestamp="2019-08-11T07:39:40.374" intervalms="155.787">
  <response-info timems="0.119" idlems="0.119" threads="0" lastid="0000000000880F00" lastname="main" />
</exclusive-start>
<af-start id="4358" threadId="0000000000881888" totalBytesRequested="32" timestamp="2019-08-11T07:39:40.374" intervalms="155.789" type="nursery" />
<cycle-start id="4359" type="scavenge" contextid="0" timestamp="2019-08-11T07:39:40.375" intervalms="155.882" />
<gc-start id="4360" type="scavenge" contextid="4359" timestamp="2019-08-11T07:39:40.375">
  <mem-info id="4361" free="3965618768" total="4044488704" percent="98">
    <mem type="nursery" free="0" total="53084160" percent="0">
      <mem type="allocate" free="0" total="47775744" percent="0" />
      <mem type="survivor" free="0" total="5308416" percent="0" />
    </mem>
    <mem type="tenure" free="3965618768" total="3991404544" percent="99">
      <mem type="soa" free="3766078032" total="3791835136" percent="99" />
      <mem type="loa" free="199540736" total="199569408" percent="99" />
    </mem>
    <remembered-set count="129" />
  </mem-info>
</gc-start>
<allocation-stats totalBytes="47723704" >
  <allocated-bytes non-tlh="24" tlh="47723680" />
  <largest-consumer threadName="main" threadId="0000000000880F00" bytes="47723704" />
</allocation-stats>
<gc-op id="4362" type="scavenge" timems="1.677" contextid="4359" timestamp="2019-08-11T07:39:40.376">
  <scavenger-info tenureage="3" tenuremask="ffe8" tiltratio="90" />
  <memory-copied type="nursery" objects="82" bytes="2112" bytesdiscarded="46272" />
  <memory-copied type="tenure" objects="7" bytes="160" bytesdiscarded="0" />
  <references type="weak" candidates="2" cleared="0" enqueued="0" />
</gc-op>
<gc-end id="4363" type="scavenge" contextid="4359" durationms="2.310" usertimems="9.154" systemtimems="0.000" timestamp="2019-08-11T07:39:40.377" activeThreads="16">
  <mem-info id="4364" free="4013346128" total="4044488704" percent="99">
    <mem type="nursery" free="47727360" total="53084160" percent="89">
      <mem type="allocate" free="47727360" total="47775744" percent="99" />
      <mem type="survivor" free="0" total="5308416" percent="0" />
    </mem>
    <mem type="tenure" free="3965618768" total="3991404544" percent="99" macro-fragmented="3732887">
      <mem type="soa" free="3766078032" total="3791835136" percent="99" />
      <mem type="loa" free="199540736" total="199569408" percent="99" />
    </mem>
    <remembered-set count="127" />
  </mem-info>
</gc-end>
<cycle-end id="4365" type="scavenge" contextid="4359" timestamp="2019-08-11T07:39:40.377" />
  <attribute name="elasticGC enabled" value="1" />
  <attribute name= "numThreadsSpecified" value="16" />
  <attribute name="heapSize specified" value="-91291648" />
  <attribute name="Current GC Util" value="2" />
  <attribute name= "Current Time Running" value="71214" />
  <attribute name ="GC Interval" value="200" />
  <attribute name="ProportionalT" value="-39.000000" />
  <attribute name="ProportionalI" value="-39.000000" />
  <attribute name="ProportionalH" value="-39.000000" />
  <attribute name="Current Error" value="-78.000000" />
  <attribute name="IntegralT" value="-6084.000000" />
  <attribute name="IntegralI" value="-6084.000000" />
  <attribute name="IntegralH" value="-6084.000000" />
  <attribute name="DerivativeT" value="-0.500000" />
  <attribute name="DerivativeI" value="-0.500000" />
  <attribute name="DerivativeH" value="-0.500000" />
  <attribute name="Loop Time for DT" value="156.000000" />
  <attribute name="Output H" value="4203675648"/>
  <attribute name="Output I" value="200"/>
  <attribute name="Output T" value="16"/>
  <attribute name="Target GC Util Change" value ="80.000000" />
  <attribute name="Current GC Util Change" value="2.000000"/>
  <attribute name="GC Util currently" value="2" />
  <attribute name="CPU Util currently" value="7391777075" />
<allocation-satisfied id="4366" threadId="0000000000880F00" bytesRequested="32" />
<af-end id="4367" timestamp="2019-08-11T07:39:40.377" threadId="0000000000881888" success="true" from="nursery"/>
<exclusive-end id="4368" timestamp="2019-08-11T07:39:40.377" durationms="2.716" />

<exclusive-start id="4369" timestamp="2019-08-11T07:39:40.613" intervalms="238.347">
  <response-info timems="0.099" idlems="0.099" threads="0" lastid="0000000000880F00" lastname="main" />
</exclusive-start>
<af-start id="4370" threadId="0000000000881888" totalBytesRequested="32" timestamp="2019-08-11T07:39:40.613" intervalms="238.347" type="nursery" />
<cycle-start id="4371" type="scavenge" contextid="0" timestamp="2019-08-11T07:39:40.613" intervalms="238.253" />
<gc-start id="4372" type="scavenge" contextid="4371" timestamp="2019-08-11T07:39:40.613">
  <mem-info id="4373" free="3965618768" total="4044488704" percent="98">
    <mem type="nursery" free="0" total="53084160" percent="0">
      <mem type="allocate" free="0" total="47775744" percent="0" />
      <mem type="survivor" free="0" total="5308416" percent="0" />
    </mem>
    <mem type="tenure" free="3965618768" total="3991404544" percent="99">
      <mem type="soa" free="3766078032" total="3791835136" percent="99" />
      <mem type="loa" free="199540736" total="199569408" percent="99" />
    </mem>
    <remembered-set count="129" />
  </mem-info>
</gc-start>
<allocation-stats totalBytes="47724216" >
  <allocated-bytes non-tlh="32" tlh="47724184" />
  <largest-consumer threadName="main" threadId="0000000000880F00" bytes="47724216" />
</allocation-stats>
<gc-op id="4374" type="scavenge" timems="2.121" contextid="4371" timestamp="2019-08-11T07:39:40.615">
  <scavenger-info tenureage="3" tenuremask="ffe8" tiltratio="90" />
  <memory-copied type="nursery" objects="63" bytes="1680" bytesdiscarded="54384" />
  <memory-copied type="tenure" objects="21" bytes="480" bytesdiscarded="0" />
  <references type="weak" candidates="2" cleared="0" enqueued="0" />
</gc-op>
<gc-end id="4375" type="scavenge" contextid="4371" durationms="2.596" usertimems="8.249" systemtimems="0.000" timestamp="2019-08-11T07:39:40.615" activeThreads="16">
  <mem-info id="4376" free="4013338448" total="4044488704" percent="99">
    <mem type="nursery" free="47719680" total="53084160" percent="89">
      <mem type="allocate" free="47719680" total="47775744" percent="99" />
      <mem type="survivor" free="0" total="5308416" percent="0" />
    </mem>
    <mem type="tenure" free="3965618768" total="3991404544" percent="99" macro-fragmented="0">
      <mem type="soa" free="3766078032" total="3791835136" percent="99" />
      <mem type="loa" free="199540736" total="199569408" percent="99" />
    </mem>
    <remembered-set count="123" />
  </mem-info>
</gc-end>
<cycle-end id="4377" type="scavenge" contextid="4371" timestamp="2019-08-11T07:39:40.616" />
  <attribute name="elasticGC enabled" value="1" />
  <attribute name= "numThreadsSpecified" value="16" />
  <attribute name="heapSize specified" value="-91291648" />
  <attribute name="Current GC Util" value="1" />
  <attribute name= "Current Time Running" value="71452" />
  <attribute name ="GC Interval" value="200" />
  <attribute name="ProportionalT" value="-39.500000" />
  <attribute name="ProportionalI" value="-39.500000" />
  <attribute name="ProportionalH" value="-39.500000" />
  <attribute name="Current Error" value="-79.000000" />
  <attribute name="IntegralT" value="-9401.000000" />
  <attribute name="IntegralI" value="-9401.000000" />
  <attribute name="IntegralH" value="-9401.000000" />
  <attribute name="DerivativeT" value="-0.331933" />
  <attribute name="DerivativeI" value="-0.331933" />
  <attribute name="DerivativeH" value="-0.331933" />
  <attribute name="Loop Time for DT" value="238.000000" />
  <attribute name="Output H" value="4203675648"/>
  <attribute name="Output I" value="200"/>
  <attribute name="Output T" value="16"/>
  <attribute name="Target GC Util Change" value ="80.000000" />
  <attribute name="Current GC Util Change" value="1.000000"/>
  <attribute name="GC Util currently" value="1" />
  <attribute name="CPU Util currently" value="4842048464" />
<allocation-satisfied id="4378" threadId="0000000000880F00" bytesRequested="32" />
<af-end id="4379" timestamp="2019-08-11T07:39:40.616" threadId="0000000000881888" success="true" from="nursery"/>
<exclusive-end id="4380" timestamp="2019-08-11T07:39:40.616" durationms="2.820" />

<exclusive-start id="4381" timestamp="2019-08-11T07:39:41.475" intervalms="862.631">
  <response-info timems="0.057" idlems="0.057" threads="0" lastid="0000000000880F00" lastname="main" />
</exclusive-start>
<af-start id="4382" threadId="0000000000881888" totalBytesRequested="32" timestamp="2019-08-11T07:39:41.475" intervalms="862.636" type="nursery" />
<cycle-start id="4383" type="scavenge" contextid="0" timestamp="2019-08-11T07:39:41.475" intervalms="862.645" />
<gc-start id="4384" type="scavenge" contextid="4383" timestamp="2019-08-11T07:39:41.476">
  <mem-info id="4385" free="3965618408" total="4044488704" percent="98">
    <mem type="nursery" free="0" total="53084160" percent="0">
      <mem type="allocate" free="0" total="47775744" percent="0" />
      <mem type="survivor" free="0" total="5308416" percent="0" />
    </mem>
    <mem type="tenure" free="3965618408" total="3991404544" percent="99">
      <mem type="soa" free="3766077672" total="3791835136" percent="99" />
      <mem type="loa" free="199540736" total="199569408" percent="99" />
    </mem>
    <remembered-set count="135" />
  </mem-info>
</gc-start>
<allocation-stats totalBytes="47715352" >
  <allocated-bytes non-tlh="392" tlh="47714960" />
  <largest-consumer threadName="main" threadId="0000000000880F00" bytes="47715352" />
</allocation-stats>
<gc-op id="4386" type="scavenge" timems="1.487" contextid="4383" timestamp="2019-08-11T07:39:41.477">
  <scavenger-info tenureage="3" tenuremask="ffe8" tiltratio="90" />
  <memory-copied type="nursery" objects="69" bytes="2744" bytesdiscarded="53320" />
  <memory-copied type="tenure" objects="30" bytes="704" bytesdiscarded="0" />
  <references type="weak" candidates="4" cleared="0" enqueued="0" />
</gc-op>
<gc-end id="4387" type="scavenge" contextid="4383" durationms="1.976" usertimems="7.246" systemtimems="0.000" timestamp="2019-08-11T07:39:41.478" activeThreads="16">
  <mem-info id="4388" free="4013338088" total="4044488704" percent="99">
    <mem type="nursery" free="47719680" total="53084160" percent="89">
      <mem type="allocate" free="47719680" total="47775744" percent="99" />
      <mem type="survivor" free="0" total="5308416" percent="0" />
    </mem>
    <mem type="tenure" free="3965618408" total="3991404544" percent="99" macro-fragmented="2160235">
      <mem type="soa" free="3766077672" total="3791835136" percent="99" />
      <mem type="loa" free="199540736" total="199569408" percent="99" />
    </mem>
    <remembered-set count="127" />
  </mem-info>
</gc-end>
<cycle-end id="4389" type="scavenge" contextid="4383" timestamp="2019-08-11T07:39:41.478" />
  <attribute name="elasticGC enabled" value="1" />
  <attribute name= "numThreadsSpecified" value="16" />
  <attribute name="heapSize specified" value="-91291648" />
  <attribute name="Current GC Util" value="0" />
  <attribute name= "Current Time Running" value="72315" />
  <attribute name ="GC Interval" value="200" />
  <attribute name="ProportionalT" value="-40.000000" />
  <attribute name="ProportionalI" value="-40.000000" />
  <attribute name="ProportionalH" value="-40.000000" />
  <attribute name="Current Error" value="-80.000000" />
  <attribute name="IntegralT" value="-34520.000000" />
  <attribute name="IntegralI" value="-34520.000000" />
  <attribute name="IntegralH" value="-34520.000000" />
  <attribute name="DerivativeT" value="-0.092700" />
  <attribute name="DerivativeI" value="-0.092700" />
  <attribute name="DerivativeH" value="-0.092700" />
  <attribute name="Loop Time for DT" value="863.000000" />
  <attribute name="Output H" value="4203675648"/>
  <attribute name="Output I" value="200"/>
  <attribute name="Output T" value="16"/>
  <attribute name="Target GC Util Change" value ="80.000000" />
  <attribute name="Current GC Util Change" value="0.000000"/>
  <attribute name="GC Util currently" value="0" />
  <attribute name="CPU Util currently" value="6" />
<allocation-satisfied id="4390" threadId="0000000000880F00" bytesRequested="32" />
<af-end id="4391" timestamp="2019-08-11T07:39:41.478" threadId="0000000000881888" success="true" from="nursery"/>
<exclusive-end id="4392" timestamp="2019-08-11T07:39:41.478" durationms="2.240" />

<exclusive-start id="4393" timestamp="2019-08-11T07:39:41.657" intervalms="181.272">
  <response-info timems="0.209" idlems="0.209" threads="0" lastid="0000000000880F00" lastname="main" />
</exclusive-start>
<af-start id="4394" threadId="0000000000881888" totalBytesRequested="32" timestamp="2019-08-11T07:39:41.657" intervalms="181.272" type="nursery" />
<cycle-start id="4395" type="scavenge" contextid="0" timestamp="2019-08-11T07:39:41.657" intervalms="181.293" />
<gc-start id="4396" type="scavenge" contextid="4395" timestamp="2019-08-11T07:39:41.657">
  <mem-info id="4397" free="3965618408" total="4044488704" percent="98">
    <mem type="nursery" free="0" total="53084160" percent="0">
      <mem type="allocate" free="0" total="47775744" percent="0" />
      <mem type="survivor" free="0" total="5308416" percent="0" />
    </mem>
    <mem type="tenure" free="3965618408" total="3991404544" percent="99">
      <mem type="soa" free="3766077672" total="3791835136" percent="99" />
      <mem type="loa" free="199540736" total="199569408" percent="99" />
    </mem>
    <remembered-set count="127" />
  </mem-info>
</gc-start>
<allocation-stats totalBytes="47696488" >
  <allocated-bytes non-tlh="32" tlh="47696456" />
  <largest-consumer threadName="main" threadId="0000000000880F00" bytes="47696488" />
</allocation-stats>
<gc-op id="4398" type="scavenge" timems="1.517" contextid="4395" timestamp="2019-08-11T07:39:41.658">
  <scavenger-info tenureage="3" tenuremask="ffe8" tiltratio="90" />
  <memory-copied type="nursery" objects="63" bytes="2608" bytesdiscarded="29648" />
  <memory-copied type="tenure" objects="7" bytes="160" bytesdiscarded="0" />
  <references type="weak" candidates="4" cleared="0" enqueued="0" />
</gc-op>
<gc-end id="4399" type="scavenge" contextid="4395" durationms="1.967" usertimems="6.365" systemtimems="0.000" timestamp="2019-08-11T07:39:41.659" activeThreads="16">
  <mem-info id="4400" free="4013361896" total="4044488704" percent="99">
    <mem type="nursery" free="47743488" total="53084160" percent="89">
      <mem type="allocate" free="47743488" total="47775744" percent="99" />
      <mem type="survivor" free="0" total="5308416" percent="0" />
    </mem>
    <mem type="tenure" free="3965618408" total="3991404544" percent="99" macro-fragmented="0">
      <mem type="soa" free="3766077672" total="3791835136" percent="99" />
      <mem type="loa" free="199540736" total="199569408" percent="99" />
    </mem>
    <remembered-set count="125" />
  </mem-info>
</gc-end>
<cycle-end id="4401" type="scavenge" contextid="4395" timestamp="2019-08-11T07:39:41.659" />
  <attribute name="elasticGC enabled" value="1" />
  <attribute name= "numThreadsSpecified" value="16" />
  <attribute name="heapSize specified" value="-91291648" />
  <attribute name="Current GC Util" value="1" />
  <attribute name= "Current Time Running" value="72496" />
  <attribute name ="GC Interval" value="200" />
  <attribute name="ProportionalT" value="-39.500000" />
  <attribute name="ProportionalI" value="-39.500000" />
  <attribute name="ProportionalH" value="-39.500000" />
  <attribute name="Current Error" value="-79.000000" />
  <attribute name="IntegralT" value="-7149.500000" />
  <attribute name="IntegralI" value="-7149.500000" />
  <attribute name="IntegralH" value="-7149.500000" />
  <attribute name="DerivativeT" value="-0.436464" />
  <attribute name="DerivativeI" value="-0.436464" />
  <attribute name="DerivativeH" value="-0.436464" />
  <attribute name="Loop Time for DT" value="181.000000" />
  <attribute name="Output H" value="4203675648"/>
  <attribute name="Output I" value="200"/>
  <attribute name="Output T" value="16"/>
  <attribute name="Target GC Util Change" value ="80.000000" />
  <attribute name="Current GC Util Change" value="1.000000"/>
  <attribute name="GC Util currently" value="1" />
  <attribute name="CPU Util currently" value="6358951322" />
<allocation-satisfied id="4402" threadId="0000000000880F00" bytesRequested="32" />
<af-end id="4403" timestamp="2019-08-11T07:39:41.659" threadId="0000000000881888" success="true" from="nursery"/>
<exclusive-end id="4404" timestamp="2019-08-11T07:39:41.659" durationms="2.265" />

<exclusive-start id="4405" timestamp="2019-08-11T07:39:41.994" intervalms="336.913">
  <response-info timems="0.068" idlems="0.068" threads="0" lastid="0000000000880F00" lastname="main" />
</exclusive-start>
<af-start id="4406" threadId="0000000000881888" totalBytesRequested="32" timestamp="2019-08-11T07:39:41.994" intervalms="336.916" type="nursery" />
<cycle-start id="4407" type="scavenge" contextid="0" timestamp="2019-08-11T07:39:41.994" intervalms="336.896" />
<gc-start id="4408" type="scavenge" contextid="4407" timestamp="2019-08-11T07:39:41.994">
  <mem-info id="4409" free="3965618408" total="4044488704" percent="98">
    <mem type="nursery" free="0" total="53084160" percent="0">
      <mem type="allocate" free="0" total="47775744" percent="0" />
      <mem type="survivor" free="0" total="5308416" percent="0" />
    </mem>
    <mem type="tenure" free="3965618408" total="3991404544" percent="99">
      <mem type="soa" free="3766077672" total="3791835136" percent="99" />
      <mem type="loa" free="199540736" total="199569408" percent="99" />
    </mem>
    <remembered-set count="127" />
  </mem-info>
</gc-start>
<allocation-stats totalBytes="47725224" >
  <allocated-bytes non-tlh="32" tlh="47725192" />
  <largest-consumer threadName="main" threadId="0000000000880F00" bytes="47725224" />
</allocation-stats>
<gc-op id="4410" type="scavenge" timems="1.813" contextid="4407" timestamp="2019-08-11T07:39:41.996">
  <scavenger-info tenureage="3" tenuremask="ffe8" tiltratio="90" />
  <memory-copied type="nursery" objects="65" bytes="1832" bytesdiscarded="70360" />
  <memory-copied type="tenure" objects="7" bytes="160" bytesdiscarded="0" />
  <references type="weak" candidates="18" cleared="0" enqueued="0" />
</gc-op>
<gc-end id="4411" type="scavenge" contextid="4407" durationms="2.625" usertimems="7.700" systemtimems="0.000" timestamp="2019-08-11T07:39:41.996" activeThreads="16">
  <mem-info id="4412" free="4013321960" total="4044488704" percent="99">
    <mem type="nursery" free="47703552" total="53084160" percent="89">
      <mem type="allocate" free="47703552" total="47775744" percent="99" />
      <mem type="survivor" free="0" total="5308416" percent="0" />
    </mem>
    <mem type="tenure" free="3965618408" total="3991404544" percent="99" macro-fragmented="0">
      <mem type="soa" free="3766077672" total="3791835136" percent="99" />
      <mem type="loa" free="199540736" total="199569408" percent="99" />
    </mem>
    <remembered-set count="122" />
  </mem-info>
</gc-end>
<cycle-end id="4413" type="scavenge" contextid="4407" timestamp="2019-08-11T07:39:41.996" />
  <attribute name="elasticGC enabled" value="1" />
  <attribute name= "numThreadsSpecified" value="16" />
  <attribute name="heapSize specified" value="-91291648" />
  <attribute name="Current GC Util" value="1" />
  <attribute name= "Current Time Running" value="72833" />
  <attribute name ="GC Interval" value="200" />
  <attribute name="ProportionalT" value="-39.500000" />
  <attribute name="ProportionalI" value="-39.500000" />
  <attribute name="ProportionalH" value="-39.500000" />
  <attribute name="Current Error" value="-79.000000" />
  <attribute name="IntegralT" value="-13311.500000" />
  <attribute name="IntegralI" value="-13311.500000" />
  <attribute name="IntegralH" value="-13311.500000" />
  <attribute name="DerivativeT" value="-0.234421" />
  <attribute name="DerivativeI" value="-0.234421" />
  <attribute name="DerivativeH" value="-0.234421" />
  <attribute name="Loop Time for DT" value="337.000000" />
  <attribute name="Output H" value="4203675648"/>
  <attribute name="Output I" value="200"/>
  <attribute name="Output T" value="16"/>
  <attribute name="Target GC Util Change" value ="80.000000" />
  <attribute name="Current GC Util Change" value="1.000000"/>
  <attribute name="GC Util currently" value="1" />
  <attribute name="CPU Util currently" value="3421772356" />
<allocation-satisfied id="4414" threadId="0000000000880F00" bytesRequested="32" />
<af-end id="4415" timestamp="2019-08-11T07:39:41.996" threadId="0000000000881888" success="true" from="nursery"/>
<exclusive-end id="4416" timestamp="2019-08-11T07:39:41.996" durationms="2.890" />

<exclusive-start id="4417" timestamp="2019-08-11T07:39:42.106" intervalms="112.863">
  <response-info timems="0.146" idlems="0.146" threads="0" lastid="0000000000880F00" lastname="main" />
</exclusive-start>
<af-start id="4418" threadId="0000000000881888" totalBytesRequested="16" timestamp="2019-08-11T07:39:42.107" intervalms="112.868" type="nursery" />
<cycle-start id="4419" type="scavenge" contextid="0" timestamp="2019-08-11T07:39:42.107" intervalms="112.861" />
<gc-start id="4420" type="scavenge" contextid="4419" timestamp="2019-08-11T07:39:42.107">
  <mem-info id="4421" free="3965618408" total="4044488704" percent="98">
    <mem type="nursery" free="0" total="53084160" percent="0">
      <mem type="allocate" free="0" total="47775744" percent="0" />
      <mem type="survivor" free="0" total="5308416" percent="0" />
    </mem>
    <mem type="tenure" free="3965618408" total="3991404544" percent="99">
      <mem type="soa" free="3766077672" total="3791835136" percent="99" />
      <mem type="loa" free="199540736" total="199569408" percent="99" />
    </mem>
    <remembered-set count="124" />
  </mem-info>
</gc-start>
<allocation-stats totalBytes="47651624" >
  <allocated-bytes non-tlh="32" tlh="47651592" />
  <largest-consumer threadName="main" threadId="0000000000880F00" bytes="47651624" />
</allocation-stats>
<gc-op id="4422" type="scavenge" timems="2.326" contextid="4419" timestamp="2019-08-11T07:39:42.109">
  <scavenger-info tenureage="5" tenuremask="ffe0" tiltratio="90" />
  <memory-copied type="nursery" objects="70" bytes="2496" bytesdiscarded="53568" />
  <references type="weak" candidates="18" cleared="0" enqueued="0" />
</gc-op>
<gc-end id="4423" type="scavenge" contextid="4419" durationms="2.932" usertimems="16.451" systemtimems="0.000" timestamp="2019-08-11T07:39:42.110" activeThreads="16">
  <mem-info id="4424" free="4013338088" total="4044488704" percent="99">
    <mem type="nursery" free="47719680" total="53084160" percent="89">
      <mem type="allocate" free="47719680" total="47775744" percent="99" />
      <mem type="survivor" free="0" total="5308416" percent="0" />
    </mem>
    <mem type="tenure" free="3965618408" total="3991404544" percent="99" macro-fragmented="0">
      <mem type="soa" free="3766077672" total="3791835136" percent="99" />
      <mem type="loa" free="199540736" total="199569408" percent="99" />
    </mem>
    <remembered-set count="124" />
  </mem-info>
</gc-end>
<cycle-end id="4425" type="scavenge" contextid="4419" timestamp="2019-08-11T07:39:42.110" />
  <attribute name="elasticGC enabled" value="1" />
  <attribute name= "numThreadsSpecified" value="16" />
  <attribute name="heapSize specified" value="-91291648" />
  <attribute name="Current GC Util" value="4" />
  <attribute name= "Current Time Running" value="72946" />
  <attribute name ="GC Interval" value="200" />
  <attribute name="ProportionalT" value="-38.000000" />
  <attribute name="ProportionalI" value="-38.000000" />
  <attribute name="ProportionalH" value="-38.000000" />
  <attribute name="Current Error" value="-76.000000" />
  <attribute name="IntegralT" value="-4294.000000" />
  <attribute name="IntegralI" value="-4294.000000" />
  <attribute name="IntegralH" value="-4294.000000" />
  <attribute name="DerivativeT" value="-0.672566" />
  <attribute name="DerivativeI" value="-0.672566" />
  <attribute name="DerivativeH" value="-0.672566" />
  <attribute name="Loop Time for DT" value="113.000000" />
  <attribute name="Output H" value="4203675648"/>
  <attribute name="Output I" value="200"/>
  <attribute name="Output T" value="16"/>
  <attribute name="Target GC Util Change" value ="80.000000" />
  <attribute name="Current GC Util Change" value="4.000000"/>
  <attribute name="GC Util currently" value="4" />
  <attribute name="CPU Util currently" value="10219741668" />
<allocation-satisfied id="4426" threadId="0000000000880F00" bytesRequested="16" />
<af-end id="4427" timestamp="2019-08-11T07:39:42.110" threadId="0000000000881888" success="true" from="nursery"/>
<exclusive-end id="4428" timestamp="2019-08-11T07:39:42.110" durationms="3.203" />

<exclusive-start id="4429" timestamp="2019-08-11T07:39:42.134" intervalms="27.834">
  <response-info timems="0.043" idlems="0.043" threads="0" lastid="0000000000880F00" lastname="main" />
</exclusive-start>
<af-start id="4430" threadId="0000000000881888" totalBytesRequested="32" timestamp="2019-08-11T07:39:42.134" intervalms="27.821" type="nursery" />
<cycle-start id="4431" type="scavenge" contextid="0" timestamp="2019-08-11T07:39:42.134" intervalms="27.819" />
<gc-start id="4432" type="scavenge" contextid="4431" timestamp="2019-08-11T07:39:42.134">
  <mem-info id="4433" free="3965618408" total="4044488704" percent="98">
    <mem type="nursery" free="0" total="53084160" percent="0">
      <mem type="allocate" free="0" total="47775744" percent="0" />
      <mem type="survivor" free="0" total="5308416" percent="0" />
    </mem>
    <mem type="tenure" free="3965618408" total="3991404544" percent="99">
      <mem type="soa" free="3766077672" total="3791835136" percent="99" />
      <mem type="loa" free="199540736" total="199569408" percent="99" />
    </mem>
    <remembered-set count="124" />
  </mem-info>
</gc-start>
<allocation-stats totalBytes="47635744" >
  <allocated-bytes non-tlh="16" tlh="47635728" />
  <largest-consumer threadName="main" threadId="0000000000880F00" bytes="47635744" />
</allocation-stats>
<gc-op id="4434" type="scavenge" timems="1.192" contextid="4431" timestamp="2019-08-11T07:39:42.136">
  <scavenger-info tenureage="3" tenuremask="fff8" tiltratio="90" />
  <memory-copied type="nursery" objects="44" bytes="1856" bytesdiscarded="78016" />
  <memory-copied type="tenure" objects="25" bytes="608" bytesdiscarded="0" />
  <references type="weak" candidates="14" cleared="0" enqueued="0" />
</gc-op>
<gc-end id="4435" type="scavenge" contextid="4431" durationms="1.725" usertimems="4.431" systemtimems="0.000" timestamp="2019-08-11T07:39:42.136" activeThreads="16">
  <mem-info id="4436" free="4013314280" total="4044488704" percent="99">
    <mem type="nursery" free="47695872" total="53084160" percent="89">
      <mem type="allocate" free="47695872" total="47775744" percent="99" />
      <mem type="survivor" free="0" total="5308416" percent="0" />
    </mem>
    <mem type="tenure" free="3965618408" total="3991404544" percent="99" macro-fragmented="0">
      <mem type="soa" free="3766077672" total="3791835136" percent="99" />
      <mem type="loa" free="199540736" total="199569408" percent="99" />
    </mem>
    <remembered-set count="118" />
  </mem-info>
</gc-end>
<cycle-end id="4437" type="scavenge" contextid="4431" timestamp="2019-08-11T07:39:42.136" />
  <attribute name="elasticGC enabled" value="1" />
  <attribute name= "numThreadsSpecified" value="16" />
  <attribute name="heapSize specified" value="-91291648" />
  <attribute name="Current GC Util" value="22" />
  <attribute name= "Current Time Running" value="72974" />
  <attribute name ="GC Interval" value="200" />
  <attribute name="ProportionalT" value="-29.000000" />
  <attribute name="ProportionalI" value="-29.000000" />
  <attribute name="ProportionalH" value="-29.000000" />
  <attribute name="Current Error" value="-58.000000" />
  <attribute name="IntegralT" value="-812.000000" />
  <attribute name="IntegralI" value="-812.000000" />
  <attribute name="IntegralH" value="-812.000000" />
  <attribute name="DerivativeT" value="-2.071429" />
  <attribute name="DerivativeI" value="-2.071429" />
  <attribute name="DerivativeH" value="-2.071429" />
  <attribute name="Loop Time for DT" value="28.000000" />
  <attribute name="Output H" value="4203675648"/>
  <attribute name="Output I" value="200"/>
  <attribute name="Output T" value="16"/>
  <attribute name="Target GC Util Change" value ="80.000000" />
  <attribute name="Current GC Util Change" value="22.000000"/>
  <attribute name="GC Util currently" value="22" />
  <attribute name="CPU Util currently" value="41426812621" />
<allocation-satisfied id="4438" threadId="0000000000880F00" bytesRequested="32" />
<af-end id="4439" timestamp="2019-08-11T07:39:42.136" threadId="0000000000881888" success="true" from="nursery"/>
<exclusive-end id="4440" timestamp="2019-08-11T07:39:42.136" durationms="1.985" />

<exclusive-start id="4441" timestamp="2019-08-11T07:39:42.158" intervalms="23.953">
  <response-info timems="0.142" idlems="0.142" threads="0" lastid="0000000000880F00" lastname="main" />
</exclusive-start>
<af-start id="4442" threadId="0000000000881888" totalBytesRequested="584" timestamp="2019-08-11T07:39:42.158" intervalms="23.954" type="nursery" />
<cycle-start id="4443" type="scavenge" contextid="0" timestamp="2019-08-11T07:39:42.158" intervalms="23.958" />
<gc-start id="4444" type="scavenge" contextid="4443" timestamp="2019-08-11T07:39:42.158">
  <mem-info id="4445" free="3965618408" total="4044488704" percent="98">
    <mem type="nursery" free="0" total="53084160" percent="0">
      <mem type="allocate" free="0" total="47775744" percent="0" />
      <mem type="survivor" free="0" total="5308416" percent="0" />
    </mem>
    <mem type="tenure" free="3965618408" total="3991404544" percent="99">
      <mem type="soa" free="3766077672" total="3791835136" percent="99" />
      <mem type="loa" free="199540736" total="199569408" percent="99" />
    </mem>
    <remembered-set count="118" />
  </mem-info>
</gc-start>
<allocation-stats totalBytes="47610952" >
  <allocated-bytes non-tlh="32" tlh="47610920" />
  <largest-consumer threadName="main" threadId="0000000000880F00" bytes="47610952" />
</allocation-stats>
<gc-op id="4446" type="scavenge" timems="1.261" contextid="4443" timestamp="2019-08-11T07:39:42.160">
  <scavenger-info tenureage="3" tenuremask="ffd8" tiltratio="90" />
  <memory-copied type="nursery" objects="25" bytes="1296" bytesdiscarded="30960" />
  <memory-copied type="tenure" objects="21" bytes="608" bytesdiscarded="0" />
</gc-op>
<gc-end id="4447" type="scavenge" contextid="4443" durationms="1.940" usertimems="6.036" systemtimems="0.000" timestamp="2019-08-11T07:39:42.160" activeThreads="16">
  <mem-info id="4448" free="4013361896" total="4044488704" percent="99">
    <mem type="nursery" free="47743488" total="53084160" percent="89">
      <mem type="allocate" free="47743488" total="47775744" percent="99" />
      <mem type="survivor" free="0" total="5308416" percent="0" />
    </mem>
    <mem type="tenure" free="3965618408" total="3991404544" percent="99" macro-fragmented="0">
      <mem type="soa" free="3766077672" total="3791835136" percent="99" />
      <mem type="loa" free="199540736" total="199569408" percent="99" />
    </mem>
    <remembered-set count="115" />
  </mem-info>
</gc-end>
<cycle-end id="4449" type="scavenge" contextid="4443" timestamp="2019-08-11T07:39:42.160" />
  <attribute name="elasticGC enabled" value="1" />
  <attribute name= "numThreadsSpecified" value="16" />
  <attribute name="heapSize specified" value="-91291648" />
  <attribute name="Current GC Util" value="10" />
  <attribute name= "Current Time Running" value="72998" />
  <attribute name ="GC Interval" value="200" />
  <attribute name="ProportionalT" value="-35.000000" />
  <attribute name="ProportionalI" value="-35.000000" />
  <attribute name="ProportionalH" value="-35.000000" />
  <attribute name="Current Error" value="-70.000000" />
  <attribute name="IntegralT" value="-840.000000" />
  <attribute name="IntegralI" value="-840.000000" />
  <attribute name="IntegralH" value="-840.000000" />
  <attribute name="DerivativeT" value="-2.916667" />
  <attribute name="DerivativeI" value="-2.916667" />
  <attribute name="DerivativeH" value="-2.916667" />
  <attribute name="Loop Time for DT" value="24.000000" />
  <attribute name="Output H" value="4203675648"/>
  <attribute name="Output I" value="200"/>
  <attribute name="Output T" value="16"/>
  <attribute name="Target GC Util Change" value ="80.000000" />
  <attribute name="Current GC Util Change" value="10.000000"/>
  <attribute name="GC Util currently" value="10" />
  <attribute name="CPU Util currently" value="48012256873" />
<allocation-satisfied id="4450" threadId="0000000000880F00" bytesRequested="584" />
<af-end id="4451" timestamp="2019-08-11T07:39:42.160" threadId="0000000000881888" success="true" from="nursery"/>
<exclusive-end id="4452" timestamp="2019-08-11T07:39:42.160" durationms="2.218" />

<exclusive-start id="4453" timestamp="2019-08-11T07:39:42.196" intervalms="37.249">
  <response-info timems="0.066" idlems="0.066" threads="0" lastid="0000000000880F00" lastname="main" />
</exclusive-start>
<af-start id="4454" threadId="0000000000881888" totalBytesRequested="544" timestamp="2019-08-11T07:39:42.196" intervalms="37.255" type="nursery" />
<cycle-start id="4455" type="scavenge" contextid="0" timestamp="2019-08-11T07:39:42.196" intervalms="37.255" />
<gc-start id="4456" type="scavenge" contextid="4455" timestamp="2019-08-11T07:39:42.196">
  <mem-info id="4457" free="3965618408" total="4044488704" percent="98">
    <mem type="nursery" free="0" total="53084160" percent="0">
      <mem type="allocate" free="0" total="47775744" percent="0" />
      <mem type="survivor" free="0" total="5308416" percent="0" />
    </mem>
    <mem type="tenure" free="3965618408" total="3991404544" percent="99">
      <mem type="soa" free="3766077672" total="3791835136" percent="99" />
      <mem type="loa" free="199540736" total="199569408" percent="99" />
    </mem>
    <remembered-set count="115" />
  </mem-info>
</gc-start>
<allocation-stats totalBytes="47658152" >
  <allocated-bytes non-tlh="584" tlh="47657568" />
  <largest-consumer threadName="main" threadId="0000000000880F00" bytes="47658152" />
</allocation-stats>
<gc-op id="4458" type="scavenge" timems="1.809" contextid="4455" timestamp="2019-08-11T07:39:42.197">
  <scavenger-info tenureage="3" tenuremask="c008" tiltratio="90" />
  <memory-copied type="nursery" objects="3" bytes="72" bytesdiscarded="32184" />
  <memory-copied type="tenure" objects="22" bytes="1224" bytesdiscarded="336" />
</gc-op>
<gc-end id="4459" type="scavenge" contextid="4455" durationms="2.305" usertimems="8.401" systemtimems="0.000" timestamp="2019-08-11T07:39:42.198" activeThreads="16">
  <mem-info id="4460" free="4013361896" total="4044488704" percent="99">
    <mem type="nursery" free="47743488" total="53084160" percent="89">
      <mem type="allocate" free="47743488" total="47775744" percent="99" />
      <mem type="survivor" free="0" total="5308416" percent="0" />
    </mem>
    <mem type="tenure" free="3965618408" total="3991404544" percent="99" macro-fragmented="0">
      <mem type="soa" free="3766077672" total="3791835136" percent="99" />
      <mem type="loa" free="199540736" total="199569408" percent="99" />
    </mem>
    <remembered-set count="121" />
  </mem-info>
</gc-end>
<cycle-end id="4461" type="scavenge" contextid="4455" timestamp="2019-08-11T07:39:42.198" />
  <attribute name="elasticGC enabled" value="1" />
  <attribute name= "numThreadsSpecified" value="16" />
  <attribute name="heapSize specified" value="-91291648" />
  <attribute name="Current GC Util" value="7" />
  <attribute name= "Current Time Running" value="73035" />
  <attribute name ="GC Interval" value="200" />
  <attribute name="ProportionalT" value="-36.500000" />
  <attribute name="ProportionalI" value="-36.500000" />
  <attribute name="ProportionalH" value="-36.500000" />
  <attribute name="Current Error" value="-73.000000" />
  <attribute name="IntegralT" value="-1350.500000" />
  <attribute name="IntegralI" value="-1350.500000" />
  <attribute name="IntegralH" value="-1350.500000" />
  <attribute name="DerivativeT" value="-1.972973" />
  <attribute name="DerivativeI" value="-1.972973" />
  <attribute name="DerivativeH" value="-1.972973" />
  <attribute name="Loop Time for DT" value="37.000000" />
  <attribute name="Output H" value="4203675648"/>
  <attribute name="Output I" value="200"/>
  <attribute name="Output T" value="16"/>
  <attribute name="Target GC Util Change" value ="80.000000" />
  <attribute name="Current GC Util Change" value="7.000000"/>
  <attribute name="GC Util currently" value="7" />
  <attribute name="CPU Util currently" value="30990032391" />
<allocation-satisfied id="4462" threadId="0000000000880F00" bytesRequested="544" />
<af-end id="4463" timestamp="2019-08-11T07:39:42.198" threadId="0000000000881888" success="true" from="nursery"/>
<exclusive-end id="4464" timestamp="2019-08-11T07:39:42.198" durationms="2.558" />

<exclusive-start id="4465" timestamp="2019-08-11T07:39:42.415" intervalms="219.445">
  <response-info timems="0.089" idlems="0.089" threads="0" lastid="0000000000880F00" lastname="main" />
</exclusive-start>
<af-start id="4466" threadId="0000000000881888" totalBytesRequested="32" timestamp="2019-08-11T07:39:42.415" intervalms="219.438" type="nursery" />
<cycle-start id="4467" type="scavenge" contextid="0" timestamp="2019-08-11T07:39:42.415" intervalms="219.434" />
<gc-start id="4468" type="scavenge" contextid="4467" timestamp="2019-08-11T07:39:42.415">
  <mem-info id="4469" free="3965618408" total="4044488704" percent="98">
    <mem type="nursery" free="0" total="53084160" percent="0">
      <mem type="allocate" free="0" total="47775744" percent="0" />
      <mem type="survivor" free="0" total="5308416" percent="0" />
    </mem>
    <mem type="tenure" free="3965618408" total="3991404544" percent="99">
      <mem type="soa" free="3766077672" total="3791835136" percent="99" />
      <mem type="loa" free="199540736" total="199569408" percent="99" />
    </mem>
    <remembered-set count="128" />
  </mem-info>
</gc-start>
<allocation-stats totalBytes="47690352" >
  <allocated-bytes non-tlh="544" tlh="47689808" />
  <largest-consumer threadName="main" threadId="0000000000880F00" bytes="47690352" />
</allocation-stats>
<gc-op id="4470" type="scavenge" timems="0.975" contextid="4467" timestamp="2019-08-11T07:39:42.416">
  <scavenger-info tenureage="14" tenuremask="c000" tiltratio="90" />
  <memory-copied type="nursery" objects="39" bytes="1992" bytesdiscarded="30264" />
</gc-op>
<gc-end id="4471" type="scavenge" contextid="4467" durationms="1.440" usertimems="2.823" systemtimems="0.000" timestamp="2019-08-11T07:39:42.417" activeThreads="16">
  <mem-info id="4472" free="4013361896" total="4044488704" percent="99">
    <mem type="nursery" free="47743488" total="53084160" percent="89">
      <mem type="allocate" free="47743488" total="47775744" percent="99" />
      <mem type="survivor" free="0" total="5308416" percent="0" />
    </mem>
    <mem type="tenure" free="3965618408" total="3991404544" percent="99" macro-fragmented="400016">
      <mem type="soa" free="3766077672" total="3791835136" percent="99" />
      <mem type="loa" free="199540736" total="199569408" percent="99" />
    </mem>
    <remembered-set count="128" />
  </mem-info>
</gc-end>
<cycle-end id="4473" type="scavenge" contextid="4467" timestamp="2019-08-11T07:39:42.417" />
  <attribute name="elasticGC enabled" value="1" />
  <attribute name= "numThreadsSpecified" value="16" />
  <attribute name="heapSize specified" value="-91291648" />
  <attribute name="Current GC Util" value="2" />
  <attribute name= "Current Time Running" value="73254" />
  <attribute name ="GC Interval" value="200" />
  <attribute name="ProportionalT" value="-39.000000" />
  <attribute name="ProportionalI" value="-39.000000" />
  <attribute name="ProportionalH" value="-39.000000" />
  <attribute name="Current Error" value="-78.000000" />
  <attribute name="IntegralT" value="-8541.000000" />
  <attribute name="IntegralI" value="-8541.000000" />
  <attribute name="IntegralH" value="-8541.000000" />
  <attribute name="DerivativeT" value="-0.356164" />
  <attribute name="DerivativeI" value="-0.356164" />
  <attribute name="DerivativeH" value="-0.356164" />
  <attribute name="Loop Time for DT" value="219.000000" />
  <attribute name="Output H" value="4203675648"/>
  <attribute name="Output I" value="200"/>
  <attribute name="Output T" value="16"/>
  <attribute name="Target GC Util Change" value ="80.000000" />
  <attribute name="Current GC Util Change" value="2.000000"/>
  <attribute name="GC Util currently" value="2" />
  <attribute name="CPU Util currently" value="5254905172" />
<allocation-satisfied id="4474" threadId="0000000000880F00" bytesRequested="32" />
<af-end id="4475" timestamp="2019-08-11T07:39:42.417" threadId="0000000000881888" success="true" from="nursery"/>
<exclusive-end id="4476" timestamp="2019-08-11T07:39:42.417" durationms="1.651" />

<exclusive-start id="4477" timestamp="2019-08-11T07:39:42.512" intervalms="97.290">
  <response-info timems="0.112" idlems="0.112" threads="0" lastid="0000000000880F00" lastname="main" />
</exclusive-start>
<af-start id="4478" threadId="0000000000881888" totalBytesRequested="208" timestamp="2019-08-11T07:39:42.512" intervalms="97.311" type="nursery" />
<cycle-start id="4479" type="scavenge" contextid="0" timestamp="2019-08-11T07:39:42.512" intervalms="97.317" />
<gc-start id="4480" type="scavenge" contextid="4479" timestamp="2019-08-11T07:39:42.512">
  <mem-info id="4481" free="3965618408" total="4044488704" percent="98">
    <mem type="nursery" free="0" total="53084160" percent="0">
      <mem type="allocate" free="0" total="47775744" percent="0" />
      <mem type="survivor" free="0" total="5308416" percent="0" />
    </mem>
    <mem type="tenure" free="3965618408" total="3991404544" percent="99">
      <mem type="soa" free="3766077672" total="3791835136" percent="99" />
      <mem type="loa" free="199540736" total="199569408" percent="99" />
    </mem>
    <remembered-set count="130" />
  </mem-info>
</gc-start>
<allocation-stats totalBytes="47722880" >
  <allocated-bytes non-tlh="32" tlh="47722848" />
  <largest-consumer threadName="main" threadId="0000000000880F00" bytes="47722880" />
</allocation-stats>
<gc-op id="4482" type="scavenge" timems="1.228" contextid="4479" timestamp="2019-08-11T07:39:42.514">
  <scavenger-info tenureage="14" tenuremask="c000" tiltratio="90" />
  <memory-copied type="nursery" objects="45" bytes="1720" bytesdiscarded="30536" />
</gc-op>
<gc-end id="4483" type="scavenge" contextid="4479" durationms="1.753" usertimems="6.781" systemtimems="0.000" timestamp="2019-08-11T07:39:42.514" activeThreads="16">
  <mem-info id="4484" free="4013361896" total="4044488704" percent="99">
    <mem type="nursery" free="47743488" total="53084160" percent="89">
      <mem type="allocate" free="47743488" total="47775744" percent="99" />
      <mem type="survivor" free="0" total="5308416" percent="0" />
    </mem>
    <mem type="tenure" free="3965618408" total="3991404544" percent="99" macro-fragmented="0">
      <mem type="soa" free="3766077672" total="3791835136" percent="99" />
      <mem type="loa" free="199540736" total="199569408" percent="99" />
    </mem>
    <remembered-set count="118" />
  </mem-info>
</gc-end>
<cycle-end id="4485" type="scavenge" contextid="4479" timestamp="2019-08-11T07:39:42.514" />
  <attribute name="elasticGC enabled" value="1" />
  <attribute name= "numThreadsSpecified" value="16" />
  <attribute name="heapSize specified" value="-91291648" />
  <attribute name="Current GC Util" value="2" />
  <attribute name= "Current Time Running" value="73352" />
  <attribute name ="GC Interval" value="200" />
  <attribute name="ProportionalT" value="-39.000000" />
  <attribute name="ProportionalI" value="-39.000000" />
  <attribute name="ProportionalH" value="-39.000000" />
  <attribute name="Current Error" value="-78.000000" />
  <attribute name="IntegralT" value="-3822.000000" />
  <attribute name="IntegralI" value="-3822.000000" />
  <attribute name="IntegralH" value="-3822.000000" />
  <attribute name="DerivativeT" value="-0.795918" />
  <attribute name="DerivativeI" value="-0.795918" />
  <attribute name="DerivativeH" value="-0.795918" />
  <attribute name="Loop Time for DT" value="98.000000" />
  <attribute name="Output H" value="4203675648"/>
  <attribute name="Output I" value="200"/>
  <attribute name="Output T" value="16"/>
  <attribute name="Target GC Util Change" value ="80.000000" />
  <attribute name="Current GC Util Change" value="2.000000"/>
  <attribute name="GC Util currently" value="2" />
  <attribute name="CPU Util currently" value="11844057350" />
<allocation-satisfied id="4486" threadId="0000000000880F00" bytesRequested="208" />
<af-end id="4487" timestamp="2019-08-11T07:39:42.514" threadId="0000000000881888" success="true" from="nursery"/>
<exclusive-end id="4488" timestamp="2019-08-11T07:39:42.514" durationms="2.017" />

<exclusive-start id="4489" timestamp="2019-08-11T07:39:42.550" intervalms="37.912">
  <response-info timems="0.056" idlems="0.056" threads="0" lastid="0000000000880F00" lastname="main" />
</exclusive-start>
<af-start id="4490" threadId="0000000000881888" totalBytesRequested="408" timestamp="2019-08-11T07:39:42.550" intervalms="37.890" type="nursery" />
<cycle-start id="4491" type="scavenge" contextid="0" timestamp="2019-08-11T07:39:42.550" intervalms="37.885" />
<gc-start id="4492" type="scavenge" contextid="4491" timestamp="2019-08-11T07:39:42.550">
  <mem-info id="4493" free="3965618408" total="4044488704" percent="98">
    <mem type="nursery" free="0" total="53084160" percent="0">
      <mem type="allocate" free="0" total="47775744" percent="0" />
      <mem type="survivor" free="0" total="5308416" percent="0" />
    </mem>
    <mem type="tenure" free="3965618408" total="3991404544" percent="99">
      <mem type="soa" free="3766077672" total="3791835136" percent="99" />
      <mem type="loa" free="199540736" total="199569408" percent="99" />
    </mem>
    <remembered-set count="118" />
  </mem-info>
</gc-start>
<allocation-stats totalBytes="47708608" >
  <allocated-bytes non-tlh="208" tlh="47708400" />
  <largest-consumer threadName="main" threadId="0000000000880F00" bytes="47708608" />
</allocation-stats>
<gc-op id="4494" type="scavenge" timems="0.912" contextid="4491" timestamp="2019-08-11T07:39:42.551">
  <scavenger-info tenureage="14" tenuremask="c000" tiltratio="90" />
  <memory-copied type="nursery" objects="45" bytes="2080" bytesdiscarded="30176" />
</gc-op>
<gc-end id="4495" type="scavenge" contextid="4491" durationms="1.361" usertimems="4.252" systemtimems="0.000" timestamp="2019-08-11T07:39:42.552" activeThreads="16">
  <mem-info id="4496" free="4013361896" total="4044488704" percent="99">
    <mem type="nursery" free="47743488" total="53084160" percent="89">
      <mem type="allocate" free="47743488" total="47775744" percent="99" />
      <mem type="survivor" free="0" total="5308416" percent="0" />
    </mem>
    <mem type="tenure" free="3965618408" total="3991404544" percent="99" macro-fragmented="3110739">
      <mem type="soa" free="3766077672" total="3791835136" percent="99" />
      <mem type="loa" free="199540736" total="199569408" percent="99" />
    </mem>
    <remembered-set count="118" />
  </mem-info>
</gc-end>
<cycle-end id="4497" type="scavenge" contextid="4491" timestamp="2019-08-11T07:39:42.552" />
  <attribute name="elasticGC enabled" value="1" />
  <attribute name= "numThreadsSpecified" value="16" />
  <attribute name="heapSize specified" value="-91291648" />
  <attribute name="Current GC Util" value="7" />
  <attribute name= "Current Time Running" value="73390" />
  <attribute name ="GC Interval" value="200" />
  <attribute name="ProportionalT" value="-36.500000" />
  <attribute name="ProportionalI" value="-36.500000" />
  <attribute name="ProportionalH" value="-36.500000" />
  <attribute name="Current Error" value="-73.000000" />
  <attribute name="IntegralT" value="-1387.000000" />
  <attribute name="IntegralI" value="-1387.000000" />
  <attribute name="IntegralH" value="-1387.000000" />
  <attribute name="DerivativeT" value="-1.921053" />
  <attribute name="DerivativeI" value="-1.921053" />
  <attribute name="DerivativeH" value="-1.921053" />
  <attribute name="Loop Time for DT" value="38.000000" />
  <attribute name="Output H" value="4203675648"/>
  <attribute name="Output I" value="200"/>
  <attribute name="Output T" value="16"/>
  <attribute name="Target GC Util Change" value ="80.000000" />
  <attribute name="Current GC Util Change" value="7.000000"/>
  <attribute name="GC Util currently" value="7" />
  <attribute name="CPU Util currently" value="30439379011" />
<allocation-satisfied id="4498" threadId="0000000000880F00" bytesRequested="408" />
<af-end id="4499" timestamp="2019-08-11T07:39:42.552" threadId="0000000000881888" success="true" from="nursery"/>
<exclusive-end id="4500" timestamp="2019-08-11T07:39:42.552" durationms="1.576" />

<exclusive-start id="4501" timestamp="2019-08-11T07:39:42.718" intervalms="167.957">
  <response-info timems="0.039" idlems="0.039" threads="0" lastid="0000000000880F00" lastname="main" />
</exclusive-start>
<af-start id="4502" threadId="0000000000881888" totalBytesRequested="2016" timestamp="2019-08-11T07:39:42.718" intervalms="167.960" type="nursery" />
<cycle-start id="4503" type="scavenge" contextid="0" timestamp="2019-08-11T07:39:42.718" intervalms="167.961" />
<gc-start id="4504" type="scavenge" contextid="4503" timestamp="2019-08-11T07:39:42.718">
  <mem-info id="4505" free="3965613552" total="4044488704" percent="98">
    <mem type="nursery" free="0" total="53084160" percent="0">
      <mem type="allocate" free="0" total="47775744" percent="0" />
      <mem type="survivor" free="0" total="5308416" percent="0" />
    </mem>
    <mem type="tenure" free="3965613552" total="3991404544" percent="99">
      <mem type="soa" free="3766072816" total="3791835136" percent="99" />
      <mem type="loa" free="199540736" total="199569408" percent="99" />
    </mem>
    <remembered-set count="216" />
  </mem-info>
</gc-start>
<allocation-stats totalBytes="47672488" >
  <allocated-bytes non-tlh="5264" tlh="47667224" />
  <largest-consumer threadName="main" threadId="0000000000880F00" bytes="47672488" />
</allocation-stats>
<gc-op id="4506" type="scavenge" timems="3.144" contextid="4503" timestamp="2019-08-11T07:39:42.721">
  <scavenger-info tenureage="3" tenuremask="c008" tiltratio="90" />
  <memory-copied type="nursery" objects="902" bytes="51520" bytesdiscarded="68280" />
  <memory-copied type="tenure" objects="15" bytes="344" bytesdiscarded="0" />
  <references type="soft" candidates="9" cleared="0" enqueued="0" dynamicThreshold="31" maxThreshold="32" />
  <references type="weak" candidates="62" cleared="18" enqueued="11" />
</gc-op>
<gc-end id="4507" type="scavenge" contextid="4503" durationms="3.788" usertimems="4.997" systemtimems="0.000" timestamp="2019-08-11T07:39:42.722" activeThreads="16">
  <mem-info id="4508" free="4013269496" total="4044488704" percent="99">
    <mem type="nursery" free="47655944" total="53084160" percent="89">
      <mem type="allocate" free="47655944" total="47775744" percent="99" />
      <mem type="survivor" free="0" total="5308416" percent="0" />
    </mem>
    <mem type="tenure" free="3965613552" total="3991404544" percent="99" macro-fragmented="0">
      <mem type="soa" free="3766072816" total="3791835136" percent="99" />
      <mem type="loa" free="199540736" total="199569408" percent="99" />
    </mem>
    <pending-finalizers system="0" default="0" reference="11" classloader="0" />
    <remembered-set count="210" />
  </mem-info>
</gc-end>
<cycle-end id="4509" type="scavenge" contextid="4503" timestamp="2019-08-11T07:39:42.722" />
  <attribute name="elasticGC enabled" value="1" />
  <attribute name= "numThreadsSpecified" value="16" />
  <attribute name="heapSize specified" value="-91291648" />
  <attribute name="Current GC Util" value="1" />
  <attribute name= "Current Time Running" value="73557" />
  <attribute name ="GC Interval" value="200" />
  <attribute name="ProportionalT" value="-39.500000" />
  <attribute name="ProportionalI" value="-39.500000" />
  <attribute name="ProportionalH" value="-39.500000" />
  <attribute name="Current Error" value="-79.000000" />
  <attribute name="IntegralT" value="-6596.500000" />
  <attribute name="IntegralI" value="-6596.500000" />
  <attribute name="IntegralH" value="-6596.500000" />
  <attribute name="DerivativeT" value="-0.473054" />
  <attribute name="DerivativeI" value="-0.473054" />
  <attribute name="DerivativeH" value="-0.473054" />
  <attribute name="Loop Time for DT" value="167.000000" />
  <attribute name="Output H" value="4203675648"/>
  <attribute name="Output I" value="200"/>
  <attribute name="Output T" value="16"/>
  <attribute name="Target GC Util Change" value ="80.000000" />
  <attribute name="Current GC Util Change" value="1.000000"/>
  <attribute name="GC Util currently" value="1" />
  <attribute name="CPU Util currently" value="6863771627" />
<allocation-satisfied id="4510" threadId="0000000000880F00" bytesRequested="2016" />
<af-end id="4511" timestamp="2019-08-11T07:39:42.722" threadId="0000000000881888" success="true" from="nursery"/>
<exclusive-end id="4512" timestamp="2019-08-11T07:39:42.722" durationms="4.021" />

<exclusive-start id="4513" timestamp="2019-08-11T07:39:42.940" intervalms="221.561">
  <response-info timems="0.087" idlems="0.087" threads="0" lastid="0000000000880F00" lastname="main" />
</exclusive-start>
<af-start id="4514" threadId="0000000000881888" totalBytesRequested="32" timestamp="2019-08-11T07:39:42.940" intervalms="221.558" type="nursery" />
<cycle-start id="4515" type="scavenge" contextid="0" timestamp="2019-08-11T07:39:42.940" intervalms="221.555" />
<gc-start id="4516" type="scavenge" contextid="4515" timestamp="2019-08-11T07:39:42.940">
  <mem-info id="4517" free="3965613552" total="4044488704" percent="98">
    <mem type="nursery" free="0" total="53084160" percent="0">
      <mem type="allocate" free="0" total="47775744" percent="0" />
      <mem type="survivor" free="0" total="5308416" percent="0" />
    </mem>
    <mem type="tenure" free="3965613552" total="3991404544" percent="99">
      <mem type="soa" free="3766072816" total="3791835136" percent="99" />
      <mem type="loa" free="199540736" total="199569408" percent="99" />
    </mem>
    <remembered-set count="214" />
  </mem-info>
</gc-start>
<allocation-stats totalBytes="47601640" >
  <allocated-bytes non-tlh="2016" tlh="47599624" />
  <largest-consumer threadName="main" threadId="0000000000880F00" bytes="47597544" />
</allocation-stats>
<gc-op id="4518" type="scavenge" timems="1.328" contextid="4515" timestamp="2019-08-11T07:39:42.941">
  <scavenger-info tenureage="5" tenuremask="ffe0" tiltratio="90" />
  <memory-copied type="nursery" objects="910" bytes="47056" bytesdiscarded="78768" />
  <references type="soft" candidates="9" cleared="0" enqueued="0" dynamicThreshold="31" maxThreshold="32" />
  <references type="weak" candidates="62" cleared="0" enqueued="0" />
</gc-op>
<gc-end id="4519" type="scavenge" contextid="4515" durationms="1.789" usertimems="4.252" systemtimems="0.000" timestamp="2019-08-11T07:39:42.942" activeThreads="16">
  <mem-info id="4520" free="4013263472" total="4044488704" percent="99">
    <mem type="nursery" free="47649920" total="53084160" percent="89">
      <mem type="allocate" free="47649920" total="47775744" percent="99" />
      <mem type="survivor" free="0" total="5308416" percent="0" />
    </mem>
    <mem type="tenure" free="3965613552" total="3991404544" percent="99" macro-fragmented="0">
      <mem type="soa" free="3766072816" total="3791835136" percent="99" />
      <mem type="loa" free="199540736" total="199569408" percent="99" />
    </mem>
    <remembered-set count="213" />
  </mem-info>
</gc-end>
<cycle-end id="4521" type="scavenge" contextid="4515" timestamp="2019-08-11T07:39:42.942" />
  <attribute name="elasticGC enabled" value="1" />
  <attribute name= "numThreadsSpecified" value="16" />
  <attribute name="heapSize specified" value="-91291648" />
  <attribute name="Current GC Util" value="2" />
  <attribute name= "Current Time Running" value="73779" />
  <attribute name ="GC Interval" value="200" />
  <attribute name="ProportionalT" value="-39.000000" />
  <attribute name="ProportionalI" value="-39.000000" />
  <attribute name="ProportionalH" value="-39.000000" />
  <attribute name="Current Error" value="-78.000000" />
  <attribute name="IntegralT" value="-8658.000000" />
  <attribute name="IntegralI" value="-8658.000000" />
  <attribute name="IntegralH" value="-8658.000000" />
  <attribute name="DerivativeT" value="-0.351351" />
  <attribute name="DerivativeI" value="-0.351351" />
  <attribute name="DerivativeH" value="-0.351351" />
  <attribute name="Loop Time for DT" value="222.000000" />
  <attribute name="Output H" value="4203675648"/>
  <attribute name="Output I" value="200"/>
  <attribute name="Output T" value="16"/>
  <attribute name="Target GC Util Change" value ="80.000000" />
  <attribute name="Current GC Util Change" value="2.000000"/>
  <attribute name="GC Util currently" value="2" />
  <attribute name="CPU Util currently" value="5203323357" />
<allocation-satisfied id="4522" threadId="0000000000880F00" bytesRequested="32" />
<af-end id="4523" timestamp="2019-08-11T07:39:42.942" threadId="0000000000881888" success="true" from="nursery"/>
<exclusive-end id="4524" timestamp="2019-08-11T07:39:42.942" durationms="2.030" />

<exclusive-start id="4525" timestamp="2019-08-11T07:39:43.402" intervalms="461.838">
  <response-info timems="0.115" idlems="0.115" threads="0" lastid="0000000000880F00" lastname="main" />
</exclusive-start>
<af-start id="4526" threadId="0000000000881888" totalBytesRequested="40" timestamp="2019-08-11T07:39:43.402" intervalms="461.845" type="nursery" />
<cycle-start id="4527" type="scavenge" contextid="0" timestamp="2019-08-11T07:39:43.402" intervalms="461.848" />
<gc-start id="4528" type="scavenge" contextid="4527" timestamp="2019-08-11T07:39:43.402">
  <mem-info id="4529" free="3965613552" total="4044488704" percent="98">
    <mem type="nursery" free="0" total="53084160" percent="0">
      <mem type="allocate" free="0" total="47775744" percent="0" />
      <mem type="survivor" free="0" total="5308416" percent="0" />
    </mem>
    <mem type="tenure" free="3965613552" total="3991404544" percent="99">
      <mem type="soa" free="3766072816" total="3791835136" percent="99" />
      <mem type="loa" free="199540736" total="199569408" percent="99" />
    </mem>
    <remembered-set count="215" />
  </mem-info>
</gc-start>
<allocation-stats totalBytes="47642504" >
  <allocated-bytes non-tlh="32" tlh="47642472" />
  <largest-consumer threadName="main" threadId="0000000000880F00" bytes="47642504" />
</allocation-stats>
<gc-op id="4530" type="scavenge" timems="2.233" contextid="4527" timestamp="2019-08-11T07:39:43.404">
  <scavenger-info tenureage="3" tenuremask="fff8" tiltratio="90" />
  <memory-copied type="nursery" objects="930" bytes="47784" bytesdiscarded="78040" />
  <memory-copied type="tenure" objects="7" bytes="160" bytesdiscarded="0" />
  <references type="soft" candidates="9" cleared="0" enqueued="0" dynamicThreshold="31" maxThreshold="32" />
  <references type="weak" candidates="78" cleared="0" enqueued="0" />
</gc-op>
<gc-end id="4531" type="scavenge" contextid="4527" durationms="2.728" usertimems="10.237" systemtimems="0.000" timestamp="2019-08-11T07:39:43.404" activeThreads="16">
  <mem-info id="4532" free="4013263472" total="4044488704" percent="99">
    <mem type="nursery" free="47649920" total="53084160" percent="89">
      <mem type="allocate" free="47649920" total="47775744" percent="99" />
      <mem type="survivor" free="0" total="5308416" percent="0" />
    </mem>
    <mem type="tenure" free="3965613552" total="3991404544" percent="99" macro-fragmented="0">
      <mem type="soa" free="3766072816" total="3791835136" percent="99" />
      <mem type="loa" free="199540736" total="199569408" percent="99" />
    </mem>
    <remembered-set count="170" />
  </mem-info>
</gc-end>
<cycle-end id="4533" type="scavenge" contextid="4527" timestamp="2019-08-11T07:39:43.404" />
  <attribute name="elasticGC enabled" value="1" />
  <attribute name= "numThreadsSpecified" value="16" />
  <attribute name="heapSize specified" value="-91291648" />
  <attribute name="Current GC Util" value="0" />
  <attribute name= "Current Time Running" value="74241" />
  <attribute name ="GC Interval" value="200" />
  <attribute name="ProportionalT" value="-40.000000" />
  <attribute name="ProportionalI" value="-40.000000" />
  <attribute name="ProportionalH" value="-40.000000" />
  <attribute name="Current Error" value="-80.000000" />
  <attribute name="IntegralT" value="-18480.000000" />
  <attribute name="IntegralI" value="-18480.000000" />
  <attribute name="IntegralH" value="-18480.000000" />
  <attribute name="DerivativeT" value="-0.173160" />
  <attribute name="DerivativeI" value="-0.173160" />
  <attribute name="DerivativeH" value="-0.173160" />
  <attribute name="Loop Time for DT" value="462.000000" />
  <attribute name="Output H" value="4203675648"/>
  <attribute name="Output I" value="200"/>
  <attribute name="Output T" value="16"/>
  <attribute name="Target GC Util Change" value ="80.000000" />
  <attribute name="Current GC Util Change" value="0.000000"/>
  <attribute name="GC Util currently" value="0" />
  <attribute name="CPU Util currently" value="2496282006" />
<allocation-satisfied id="4534" threadId="0000000000880F00" bytesRequested="40" />
<af-end id="4535" timestamp="2019-08-11T07:39:43.404" threadId="0000000000881888" success="true" from="nursery"/>
<exclusive-end id="4536" timestamp="2019-08-11T07:39:43.404" durationms="2.960" />

<exclusive-start id="4537" timestamp="2019-08-11T07:39:43.577" intervalms="175.268">
  <response-info timems="0.131" idlems="0.131" threads="0" lastid="0000000000880F00" lastname="main" />
</exclusive-start>
<af-start id="4538" threadId="0000000000881888" totalBytesRequested="80" timestamp="2019-08-11T07:39:43.577" intervalms="175.330" type="nursery" />
<cycle-start id="4539" type="scavenge" contextid="0" timestamp="2019-08-11T07:39:43.577" intervalms="175.489" />
<gc-start id="4540" type="scavenge" contextid="4539" timestamp="2019-08-11T07:39:43.577">
  <mem-info id="4541" free="3965613552" total="4044488704" percent="98">
    <mem type="nursery" free="0" total="53084160" percent="0">
      <mem type="allocate" free="0" total="47775744" percent="0" />
      <mem type="survivor" free="0" total="5308416" percent="0" />
    </mem>
    <mem type="tenure" free="3965613552" total="3991404544" percent="99">
      <mem type="soa" free="3766072816" total="3791835136" percent="99" />
      <mem type="loa" free="199540736" total="199569408" percent="99" />
    </mem>
    <remembered-set count="170" />
  </mem-info>
</gc-start>
<allocation-stats totalBytes="47641448" >
  <allocated-bytes non-tlh="40" tlh="47641408" />
  <largest-consumer threadName="main" threadId="0000000000880F00" bytes="47641448" />
</allocation-stats>
<gc-op id="4542" type="scavenge" timems="1.564" contextid="4539" timestamp="2019-08-11T07:39:43.579">
  <scavenger-info tenureage="3" tenuremask="ffd8" tiltratio="90" />
  <memory-copied type="nursery" objects="80" bytes="5000" bytesdiscarded="83320" />
  <memory-copied type="tenure" objects="854" bytes="42936" bytesdiscarded="56" />
  <references type="weak" candidates="34" cleared="0" enqueued="0" />
</gc-op>
<gc-end id="4543" type="scavenge" contextid="4539" durationms="2.134" usertimems="4.092" systemtimems="0.000" timestamp="2019-08-11T07:39:43.579" activeThreads="16">
  <mem-info id="4544" free="4013255912" total="4044488704" percent="99">
    <mem type="nursery" free="47687424" total="53084160" percent="89">
      <mem type="allocate" free="47687424" total="47775744" percent="99" />
      <mem type="survivor" free="0" total="5308416" percent="0" />
    </mem>
    <mem type="tenure" free="3965568488" total="3991404544" percent="99" macro-fragmented="800032">
      <mem type="soa" free="3766027752" total="3791835136" percent="99" />
      <mem type="loa" free="199540736" total="199569408" percent="99" />
    </mem>
    <remembered-set count="120" />
  </mem-info>
</gc-end>
<cycle-end id="4545" type="scavenge" contextid="4539" timestamp="2019-08-11T07:39:43.579" />
  <attribute name="elasticGC enabled" value="1" />
  <attribute name= "numThreadsSpecified" value="16" />
  <attribute name="heapSize specified" value="-91291648" />
  <attribute name="Current GC Util" value="2" />
  <attribute name= "Current Time Running" value="74416" />
  <attribute name ="GC Interval" value="200" />
  <attribute name="ProportionalT" value="-39.000000" />
  <attribute name="ProportionalI" value="-39.000000" />
  <attribute name="ProportionalH" value="-39.000000" />
  <attribute name="Current Error" value="-78.000000" />
  <attribute name="IntegralT" value="-6825.000000" />
  <attribute name="IntegralI" value="-6825.000000" />
  <attribute name="IntegralH" value="-6825.000000" />
  <attribute name="DerivativeT" value="-0.445714" />
  <attribute name="DerivativeI" value="-0.445714" />
  <attribute name="DerivativeH" value="-0.445714" />
  <attribute name="Loop Time for DT" value="175.000000" />
  <attribute name="Output H" value="4203675648"/>
  <attribute name="Output I" value="200"/>
  <attribute name="Output T" value="16"/>
  <attribute name="Target GC Util Change" value ="80.000000" />
  <attribute name="Current GC Util Change" value="2.000000"/>
  <attribute name="GC Util currently" value="2" />
  <attribute name="CPU Util currently" value="6570976715" />
<allocation-satisfied id="4546" threadId="0000000000880F00" bytesRequested="80" />
<af-end id="4547" timestamp="2019-08-11T07:39:43.579" threadId="0000000000881888" success="true" from="nursery"/>
<exclusive-end id="4548" timestamp="2019-08-11T07:39:43.579" durationms="2.621" />

<exclusive-start id="4549" timestamp="2019-08-11T07:39:43.685" intervalms="108.346">
  <response-info timems="0.015" idlems="0.015" threads="0" lastid="0000000000880F00" lastname="main" />
</exclusive-start>
<af-start id="4550" threadId="0000000000881888" totalBytesRequested="16" timestamp="2019-08-11T07:39:43.685" intervalms="108.279" type="nursery" />
<cycle-start id="4551" type="scavenge" contextid="0" timestamp="2019-08-11T07:39:43.685" intervalms="108.117" />
<gc-start id="4552" type="scavenge" contextid="4551" timestamp="2019-08-11T07:39:43.685">
  <mem-info id="4553" free="3965568488" total="4044488704" percent="98">
    <mem type="nursery" free="0" total="53084160" percent="0">
      <mem type="allocate" free="0" total="47775744" percent="0" />
      <mem type="survivor" free="0" total="5308416" percent="0" />
    </mem>
    <mem type="tenure" free="3965568488" total="3991404544" percent="99">
      <mem type="soa" free="3766027752" total="3791835136" percent="99" />
      <mem type="loa" free="199540736" total="199569408" percent="99" />
    </mem>
    <remembered-set count="120" />
  </mem-info>
</gc-start>
<allocation-stats totalBytes="47678808" >
  <allocated-bytes non-tlh="80" tlh="47678728" />
  <largest-consumer threadName="main" threadId="0000000000880F00" bytes="47678808" />
</allocation-stats>
<gc-op id="4554" type="scavenge" timems="1.521" contextid="4551" timestamp="2019-08-11T07:39:43.687">
  <scavenger-info tenureage="3" tenuremask="ffe8" tiltratio="90" />
  <memory-copied type="nursery" objects="38" bytes="1224" bytesdiscarded="78648" />
  <memory-copied type="tenure" objects="30" bytes="3336" bytesdiscarded="0" />
  <references type="weak" candidates="16" cleared="0" enqueued="0" />
</gc-op>
<gc-end id="4555" type="scavenge" contextid="4551" durationms="1.979" usertimems="3.171" systemtimems="0.000" timestamp="2019-08-11T07:39:43.687" activeThreads="16">
  <mem-info id="4556" free="4013264360" total="4044488704" percent="99">
    <mem type="nursery" free="47695872" total="53084160" percent="89">
      <mem type="allocate" free="47695872" total="47775744" percent="99" />
      <mem type="survivor" free="0" total="5308416" percent="0" />
    </mem>
    <mem type="tenure" free="3965568488" total="3991404544" percent="99" macro-fragmented="0">
      <mem type="soa" free="3766027752" total="3791835136" percent="99" />
      <mem type="loa" free="199540736" total="199569408" percent="99" />
    </mem>
    <remembered-set count="113" />
  </mem-info>
</gc-end>
<cycle-end id="4557" type="scavenge" contextid="4551" timestamp="2019-08-11T07:39:43.687" />
  <attribute name="elasticGC enabled" value="1" />
  <attribute name= "numThreadsSpecified" value="16" />
  <attribute name="heapSize specified" value="-91291648" />
  <attribute name="Current GC Util" value="3" />
  <attribute name= "Current Time Running" value="74524" />
  <attribute name ="GC Interval" value="200" />
  <attribute name="ProportionalT" value="-38.500000" />
  <attribute name="ProportionalI" value="-38.500000" />
  <attribute name="ProportionalH" value="-38.500000" />
  <attribute name="Current Error" value="-77.000000" />
  <attribute name="IntegralT" value="-4158.000000" />
  <attribute name="IntegralI" value="-4158.000000" />
  <attribute name="IntegralH" value="-4158.000000" />
  <attribute name="DerivativeT" value="-0.712963" />
  <attribute name="DerivativeI" value="-0.712963" />
  <attribute name="DerivativeH" value="-0.712963" />
  <attribute name="Loop Time for DT" value="108.000000" />
  <attribute name="Output H" value="4203675648"/>
  <attribute name="Output I" value="200"/>
  <attribute name="Output T" value="16"/>
  <attribute name="Target GC Util Change" value ="80.000000" />
  <attribute name="Current GC Util Change" value="3.000000"/>
  <attribute name="GC Util currently" value="3" />
  <attribute name="CPU Util currently" value="10664417189" />
<allocation-satisfied id="4558" threadId="0000000000880F00" bytesRequested="16" />
<af-end id="4559" timestamp="2019-08-11T07:39:43.687" threadId="0000000000881888" success="true" from="nursery"/>
<exclusive-end id="4560" timestamp="2019-08-11T07:39:43.687" durationms="2.195" />

<exclusive-start id="4561" timestamp="2019-08-11T07:39:43.786" intervalms="101.078">
  <response-info timems="0.019" idlems="0.019" threads="0" lastid="0000000000880F00" lastname="main" />
</exclusive-start>
<af-start id="4562" threadId="0000000000881888" totalBytesRequested="40" timestamp="2019-08-11T07:39:43.786" intervalms="101.076" type="nursery" />
<cycle-start id="4563" type="scavenge" contextid="0" timestamp="2019-08-11T07:39:43.786" intervalms="101.077" />
<gc-start id="4564" type="scavenge" contextid="4563" timestamp="2019-08-11T07:39:43.786">
  <mem-info id="4565" free="3965568488" total="4044488704" percent="98">
    <mem type="nursery" free="0" total="53084160" percent="0">
      <mem type="allocate" free="0" total="47775744" percent="0" />
      <mem type="survivor" free="0" total="5308416" percent="0" />
    </mem>
    <mem type="tenure" free="3965568488" total="3991404544" percent="99">
      <mem type="soa" free="3766027752" total="3791835136" percent="99" />
      <mem type="loa" free="199540736" total="199569408" percent="99" />
    </mem>
    <remembered-set count="113" />
  </mem-info>
</gc-start>
<allocation-stats totalBytes="47686768" >
  <allocated-bytes non-tlh="16" tlh="47686752" />
  <largest-consumer threadName="main" threadId="0000000000880F00" bytes="47686768" />
</allocation-stats>
<gc-op id="4566" type="scavenge" timems="0.811" contextid="4563" timestamp="2019-08-11T07:39:43.787">
  <scavenger-info tenureage="3" tenuremask="ffe8" tiltratio="90" />
  <memory-copied type="nursery" objects="9" bytes="312" bytesdiscarded="15816" />
  <memory-copied type="tenure" objects="37" bytes="1200" bytesdiscarded="0" />
</gc-op>
<gc-end id="4567" type="scavenge" contextid="4563" durationms="1.291" usertimems="2.118" systemtimems="0.000" timestamp="2019-08-11T07:39:43.788" activeThreads="16">
  <mem-info id="4568" free="4013311976" total="4044488704" percent="99">
    <mem type="nursery" free="47759616" total="53084160" percent="89">
      <mem type="allocate" free="47759616" total="47775744" percent="99" />
      <mem type="survivor" free="0" total="5308416" percent="0" />
    </mem>
    <mem type="tenure" free="3965552360" total="3991404544" percent="99" macro-fragmented="0">
      <mem type="soa" free="3766011624" total="3791835136" percent="99" />
      <mem type="loa" free="199540736" total="199569408" percent="99" />
    </mem>
    <remembered-set count="115" />
  </mem-info>
</gc-end>
<cycle-end id="4569" type="scavenge" contextid="4563" timestamp="2019-08-11T07:39:43.788" />
  <attribute name="elasticGC enabled" value="1" />
  <attribute name= "numThreadsSpecified" value="16" />
  <attribute name="heapSize specified" value="-91291648" />
  <attribute name="Current GC Util" value="3" />
  <attribute name= "Current Time Running" value="74626" />
  <attribute name ="GC Interval" value="200" />
  <attribute name="ProportionalT" value="-38.500000" />
  <attribute name="ProportionalI" value="-38.500000" />
  <attribute name="ProportionalH" value="-38.500000" />
  <attribute name="Current Error" value="-77.000000" />
  <attribute name="IntegralT" value="-3927.000000" />
  <attribute name="IntegralI" value="-3927.000000" />
  <attribute name="IntegralH" value="-3927.000000" />
  <attribute name="DerivativeT" value="-0.754902" />
  <attribute name="DerivativeI" value="-0.754902" />
  <attribute name="DerivativeH" value="-0.754902" />
  <attribute name="Loop Time for DT" value="102.000000" />
  <attribute name="Output H" value="4203675648"/>
  <attribute name="Output I" value="200"/>
  <attribute name="Output T" value="16"/>
  <attribute name="Target GC Util Change" value ="80.000000" />
  <attribute name="Current GC Util Change" value="3.000000"/>
  <attribute name="GC Util currently" value="3" />
  <attribute name="CPU Util currently" value="11406743915" />
<allocation-satisfied id="4570" threadId="0000000000880F00" bytesRequested="40" />
<af-end id="4571" timestamp="2019-08-11T07:39:43.788" threadId="0000000000881888" success="true" from="nursery"/>
<exclusive-end id="4572" timestamp="2019-08-11T07:39:43.788" durationms="1.502" />

<exclusive-start id="4573" timestamp="2019-08-11T07:39:43.864" intervalms="78.068">
  <response-info timems="0.025" idlems="0.025" threads="0" lastid="0000000000880F00" lastname="main" />
</exclusive-start>
<af-start id="4574" threadId="0000000000881888" totalBytesRequested="32" timestamp="2019-08-11T07:39:43.864" intervalms="78.072" type="nursery" />
<cycle-start id="4575" type="scavenge" contextid="0" timestamp="2019-08-11T07:39:43.864" intervalms="78.073" />
<gc-start id="4576" type="scavenge" contextid="4575" timestamp="2019-08-11T07:39:43.864">
  <mem-info id="4577" free="3965552360" total="4044488704" percent="98">
    <mem type="nursery" free="0" total="53084160" percent="0">
      <mem type="allocate" free="0" total="47775744" percent="0" />
      <mem type="survivor" free="0" total="5308416" percent="0" />
    </mem>
    <mem type="tenure" free="3965552360" total="3991404544" percent="99">
      <mem type="soa" free="3766011624" total="3791835136" percent="99" />
      <mem type="loa" free="199540736" total="199569408" percent="99" />
    </mem>
    <remembered-set count="119" />
  </mem-info>
</gc-start>
<allocation-stats totalBytes="47718232" >
  <allocated-bytes non-tlh="40" tlh="47718192" />
  <largest-consumer threadName="main" threadId="0000000000880F00" bytes="47718232" />
</allocation-stats>
<gc-op id="4578" type="scavenge" timems="1.103" contextid="4575" timestamp="2019-08-11T07:39:43.866">
  <scavenger-info tenureage="3" tenuremask="ffe8" tiltratio="90" />
  <memory-copied type="nursery" objects="24" bytes="1280" bytesdiscarded="30976" />
</gc-op>
<gc-end id="4579" type="scavenge" contextid="4575" durationms="1.592" usertimems="3.020" systemtimems="0.000" timestamp="2019-08-11T07:39:43.866" activeThreads="16">
  <mem-info id="4580" free="4013295848" total="4044488704" percent="99">
    <mem type="nursery" free="47743488" total="53084160" percent="89">
      <mem type="allocate" free="47743488" total="47775744" percent="99" />
      <mem type="survivor" free="0" total="5308416" percent="0" />
    </mem>
    <mem type="tenure" free="3965552360" total="3991404544" percent="99" macro-fragmented="4479464">
      <mem type="soa" free="3766011624" total="3791835136" percent="99" />
      <mem type="loa" free="199540736" total="199569408" percent="99" />
    </mem>
    <remembered-set count="119" />
  </mem-info>
</gc-end>
<cycle-end id="4581" type="scavenge" contextid="4575" timestamp="2019-08-11T07:39:43.866" />
  <attribute name="elasticGC enabled" value="1" />
  <attribute name= "numThreadsSpecified" value="16" />
  <attribute name="heapSize specified" value="-91291648" />
  <attribute name="Current GC Util" value="2" />
  <attribute name= "Current Time Running" value="74704" />
  <attribute name ="GC Interval" value="200" />
  <attribute name="ProportionalT" value="-39.000000" />
  <attribute name="ProportionalI" value="-39.000000" />
  <attribute name="ProportionalH" value="-39.000000" />
  <attribute name="Current Error" value="-78.000000" />
  <attribute name="IntegralT" value="-3042.000000" />
  <attribute name="IntegralI" value="-3042.000000" />
  <attribute name="IntegralH" value="-3042.000000" />
  <attribute name="DerivativeT" value="-1.000000" />
  <attribute name="DerivativeI" value="-1.000000" />
  <attribute name="DerivativeH" value="-1.000000" />
  <attribute name="Loop Time for DT" value="78.000000" />
  <attribute name="Output H" value="4203675648"/>
  <attribute name="Output I" value="200"/>
  <attribute name="Output T" value="16"/>
  <attribute name="Target GC Util Change" value ="80.000000" />
  <attribute name="Current GC Util Change" value="2.000000"/>
  <attribute name="GC Util currently" value="2" />
  <attribute name="CPU Util currently" value="14768862745" />
<allocation-satisfied id="4582" threadId="0000000000880F00" bytesRequested="32" />
<af-end id="4583" timestamp="2019-08-11T07:39:43.866" threadId="0000000000881888" success="true" from="nursery"/>
<exclusive-end id="4584" timestamp="2019-08-11T07:39:43.866" durationms="1.829" />

<exclusive-start id="4585" timestamp="2019-08-11T07:39:43.892" intervalms="27.275">
  <response-info timems="0.042" idlems="0.042" threads="0" lastid="0000000000880F00" lastname="main" />
</exclusive-start>
<af-start id="4586" threadId="0000000000881888" totalBytesRequested="584" timestamp="2019-08-11T07:39:43.892" intervalms="27.280" type="nursery" />
<cycle-start id="4587" type="scavenge" contextid="0" timestamp="2019-08-11T07:39:43.892" intervalms="27.287" />
<gc-start id="4588" type="scavenge" contextid="4587" timestamp="2019-08-11T07:39:43.892">
  <mem-info id="4589" free="3965552360" total="4044488704" percent="98">
    <mem type="nursery" free="0" total="53084160" percent="0">
      <mem type="allocate" free="0" total="47775744" percent="0" />
      <mem type="survivor" free="0" total="5308416" percent="0" />
    </mem>
    <mem type="tenure" free="3965552360" total="3991404544" percent="99">
      <mem type="soa" free="3766011624" total="3791835136" percent="99" />
      <mem type="loa" free="199540736" total="199569408" percent="99" />
    </mem>
    <remembered-set count="119" />
  </mem-info>
</gc-start>
<allocation-stats totalBytes="47677664" >
  <allocated-bytes non-tlh="32" tlh="47677632" />
  <largest-consumer threadName="main" threadId="0000000000880F00" bytes="47677664" />
</allocation-stats>
<gc-op id="4590" type="scavenge" timems="1.816" contextid="4587" timestamp="2019-08-11T07:39:43.894">
  <scavenger-info tenureage="3" tenuremask="fff8" tiltratio="90" />
  <memory-copied type="nursery" objects="27" bytes="1368" bytesdiscarded="30888" />
</gc-op>
<heap-resize id="4591" type="expand" space="nursery" amount="1966080" count="1" timems="0.013" reason="excessive time being spent scavenging" timestamp="2019-08-11T07:39:43.894" />
<gc-end id="4592" type="scavenge" contextid="4587" durationms="2.394" usertimems="4.547" systemtimems="0.000" timestamp="2019-08-11T07:39:43.894" activeThreads="16">
  <mem-info id="4593" free="4015065320" total="4046454784" percent="99">
    <mem type="nursery" free="49512960" total="55050240" percent="89">
      <mem type="allocate" free="49512960" total="49545216" percent="99" />
      <mem type="survivor" free="0" total="5505024" percent="0" />
    </mem>
    <mem type="tenure" free="3965552360" total="3991404544" percent="99" macro-fragmented="348889">
      <mem type="soa" free="3766011624" total="3791835136" percent="99" />
      <mem type="loa" free="199540736" total="199569408" percent="99" />
    </mem>
    <remembered-set count="114" />
  </mem-info>
</gc-end>
<cycle-end id="4594" type="scavenge" contextid="4587" timestamp="2019-08-11T07:39:43.894" />
  <attribute name="elasticGC enabled" value="1" />
  <attribute name= "numThreadsSpecified" value="16" />
  <attribute name="heapSize specified" value="-91291648" />
  <attribute name="Current GC Util" value="10" />
  <attribute name= "Current Time Running" value="74731" />
  <attribute name ="GC Interval" value="200" />
  <attribute name="ProportionalT" value="-35.000000" />
  <attribute name="ProportionalI" value="-35.000000" />
  <attribute name="ProportionalH" value="-35.000000" />
  <attribute name="Current Error" value="-70.000000" />
  <attribute name="IntegralT" value="-945.000000" />
  <attribute name="IntegralI" value="-945.000000" />
  <attribute name="IntegralH" value="-945.000000" />
  <attribute name="DerivativeT" value="-2.592593" />
  <attribute name="DerivativeI" value="-2.592593" />
  <attribute name="DerivativeH" value="-2.592593" />
  <attribute name="Loop Time for DT" value="27.000000" />
  <attribute name="Output H" value="4203675648"/>
  <attribute name="Output I" value="200"/>
  <attribute name="Output T" value="16"/>
  <attribute name="Target GC Util Change" value ="80.000000" />
  <attribute name="Current GC Util Change" value="10.000000"/>
  <attribute name="GC Util currently" value="10" />
  <attribute name="CPU Util currently" value="42138807913" />
<allocation-satisfied id="4595" threadId="0000000000880F00" bytesRequested="584" />
<af-end id="4596" timestamp="2019-08-11T07:39:43.894" threadId="0000000000881888" success="true" from="nursery"/>
<exclusive-end id="4597" timestamp="2019-08-11T07:39:43.894" durationms="2.661" />

<exclusive-start id="4598" timestamp="2019-08-11T07:39:43.919" intervalms="27.244">
  <response-info timems="0.106" idlems="0.106" threads="0" lastid="0000000000880F00" lastname="main" />
</exclusive-start>
<af-start id="4599" threadId="0000000000881888" totalBytesRequested="544" timestamp="2019-08-11T07:39:43.919" intervalms="27.235" type="nursery" />
<cycle-start id="4600" type="scavenge" contextid="0" timestamp="2019-08-11T07:39:43.919" intervalms="27.226" />
<gc-start id="4601" type="scavenge" contextid="4600" timestamp="2019-08-11T07:39:43.919">
  <mem-info id="4602" free="3965552360" total="4046454784" percent="98">
    <mem type="nursery" free="0" total="55050240" percent="0">
      <mem type="allocate" free="0" total="49545216" percent="0" />
      <mem type="survivor" free="0" total="5505024" percent="0" />
    </mem>
    <mem type="tenure" free="3965552360" total="3991404544" percent="99">
      <mem type="soa" free="3766011624" total="3791835136" percent="99" />
      <mem type="loa" free="199540736" total="199569408" percent="99" />
    </mem>
    <remembered-set count="114" />
  </mem-info>
</gc-start>
<allocation-stats totalBytes="49445016" >
  <allocated-bytes non-tlh="584" tlh="49444432" />
  <largest-consumer threadName="main" threadId="0000000000880F00" bytes="49445016" />
</allocation-stats>
<gc-op id="4603" type="scavenge" timems="0.969" contextid="4600" timestamp="2019-08-11T07:39:43.920">
  <scavenger-info tenureage="3" tenuremask="fff8" tiltratio="90" />
  <memory-copied type="nursery" objects="27" bytes="1368" bytesdiscarded="30888" />
</gc-op>
<gc-end id="4604" type="scavenge" contextid="4600" durationms="1.581" usertimems="3.482" systemtimems="0.000" timestamp="2019-08-11T07:39:43.920" activeThreads="16">
  <mem-info id="4605" free="4015065320" total="4046454784" percent="99">
    <mem type="nursery" free="49512960" total="55050240" percent="89">
      <mem type="allocate" free="49512960" total="49545216" percent="99" />
      <mem type="survivor" free="0" total="5505024" percent="0" />
    </mem>
    <mem type="tenure" free="3965552360" total="3991404544" percent="99" macro-fragmented="2160235">
      <mem type="soa" free="3766011624" total="3791835136" percent="99" />
      <mem type="loa" free="199540736" total="199569408" percent="99" />
    </mem>
    <remembered-set count="114" />
  </mem-info>
</gc-end>
<cycle-end id="4606" type="scavenge" contextid="4600" timestamp="2019-08-11T07:39:43.921" />
  <attribute name="elasticGC enabled" value="1" />
  <attribute name= "numThreadsSpecified" value="16" />
  <attribute name="heapSize specified" value="-91291648" />
  <attribute name="Current GC Util" value="16" />
  <attribute name= "Current Time Running" value="74758" />
  <attribute name ="GC Interval" value="200" />
  <attribute name="ProportionalT" value="-32.000000" />
  <attribute name="ProportionalI" value="-32.000000" />
  <attribute name="ProportionalH" value="-32.000000" />
  <attribute name="Current Error" value="-64.000000" />
  <attribute name="IntegralT" value="-864.000000" />
  <attribute name="IntegralI" value="-864.000000" />
  <attribute name="IntegralH" value="-864.000000" />
  <attribute name="DerivativeT" value="-2.370370" />
  <attribute name="DerivativeI" value="-2.370370" />
  <attribute name="DerivativeH" value="-2.370370" />
  <attribute name="Loop Time for DT" value="27.000000" />
  <attribute name="Output H" value="4203675648"/>
  <attribute name="Output I" value="200"/>
  <attribute name="Output T" value="16"/>
  <attribute name="Target GC Util Change" value ="80.000000" />
  <attribute name="Current GC Util Change" value="16.000000"/>
  <attribute name="GC Util currently" value="16" />
  <attribute name="CPU Util currently" value="42429625151" />
<allocation-satisfied id="4607" threadId="0000000000880F00" bytesRequested="544" />
<af-end id="4608" timestamp="2019-08-11T07:39:43.921" threadId="0000000000881888" success="true" from="nursery"/>
<exclusive-end id="4609" timestamp="2019-08-11T07:39:43.921" durationms="1.822" />

<exclusive-start id="4610" timestamp="2019-08-11T07:39:43.956" intervalms="37.362">
  <response-info timems="0.052" idlems="0.052" threads="0" lastid="0000000000880F00" lastname="main" />
</exclusive-start>
<af-start id="4611" threadId="0000000000881888" totalBytesRequested="544" timestamp="2019-08-11T07:39:43.956" intervalms="37.380" type="nursery" />
<cycle-start id="4612" type="scavenge" contextid="0" timestamp="2019-08-11T07:39:43.956" intervalms="37.383" />
<gc-start id="4613" type="scavenge" contextid="4612" timestamp="2019-08-11T07:39:43.956">
  <mem-info id="4614" free="3965552360" total="4046454784" percent="98">
    <mem type="nursery" free="0" total="55050240" percent="0">
      <mem type="allocate" free="0" total="49545216" percent="0" />
      <mem type="survivor" free="0" total="5505024" percent="0" />
    </mem>
    <mem type="tenure" free="3965552360" total="3991404544" percent="99">
      <mem type="soa" free="3766011624" total="3791835136" percent="99" />
      <mem type="loa" free="199540736" total="199569408" percent="99" />
    </mem>
    <remembered-set count="114" />
  </mem-info>
</gc-start>
<allocation-stats totalBytes="49444304" >
  <allocated-bytes non-tlh="544" tlh="49443760" />
  <largest-consumer threadName="main" threadId="0000000000880F00" bytes="49444304" />
</allocation-stats>
<gc-op id="4615" type="scavenge" timems="1.706" contextid="4612" timestamp="2019-08-11T07:39:43.958">
  <scavenger-info tenureage="3" tenuremask="fff8" tiltratio="90" />
  <memory-copied type="nursery" objects="4" bytes="112" bytesdiscarded="16016" />
  <memory-copied type="tenure" objects="23" bytes="1256" bytesdiscarded="240" />
</gc-op>
<gc-end id="4616" type="scavenge" contextid="4612" durationms="2.147" usertimems="6.616" systemtimems="0.000" timestamp="2019-08-11T07:39:43.958" activeThreads="16">
  <mem-info id="4617" free="4015081448" total="4046454784" percent="99">
    <mem type="nursery" free="49529088" total="55050240" percent="89">
      <mem type="allocate" free="49529088" total="49545216" percent="99" />
      <mem type="survivor" free="0" total="5505024" percent="0" />
    </mem>
    <mem type="tenure" free="3965552360" total="3991404544" percent="99" macro-fragmented="400016">
      <mem type="soa" free="3766011624" total="3791835136" percent="99" />
      <mem type="loa" free="199540736" total="199569408" percent="99" />
    </mem>
    <remembered-set count="118" />
  </mem-info>
</gc-end>
<cycle-end id="4618" type="scavenge" contextid="4612" timestamp="2019-08-11T07:39:43.958" />
  <attribute name="elasticGC enabled" value="1" />
  <attribute name= "numThreadsSpecified" value="16" />
  <attribute name="heapSize specified" value="-91291648" />
  <attribute name="Current GC Util" value="6" />
  <attribute name= "Current Time Running" value="74796" />
  <attribute name ="GC Interval" value="200" />
  <attribute name="ProportionalT" value="-37.000000" />
  <attribute name="ProportionalI" value="-37.000000" />
  <attribute name="ProportionalH" value="-37.000000" />
  <attribute name="Current Error" value="-74.000000" />
  <attribute name="IntegralT" value="-1406.000000" />
  <attribute name="IntegralI" value="-1406.000000" />
  <attribute name="IntegralH" value="-1406.000000" />
  <attribute name="DerivativeT" value="-1.947368" />
  <attribute name="DerivativeI" value="-1.947368" />
  <attribute name="DerivativeH" value="-1.947368" />
  <attribute name="Loop Time for DT" value="38.000000" />
  <attribute name="Output H" value="4203675648"/>
  <attribute name="Output I" value="200"/>
  <attribute name="Output T" value="16"/>
  <attribute name="Target GC Util Change" value ="80.000000" />
  <attribute name="Current GC Util Change" value="6.000000"/>
  <attribute name="GC Util currently" value="6" />
  <attribute name="CPU Util currently" value="30845064719" />
<allocation-satisfied id="4619" threadId="0000000000880F00" bytesRequested="544" />
<af-end id="4620" timestamp="2019-08-11T07:39:43.959" threadId="0000000000881888" success="true" from="nursery"/>
<exclusive-end id="4621" timestamp="2019-08-11T07:39:43.959" durationms="2.383" />

* Round 1 done in 13.095 seconds.
<exclusive-start id="4622" timestamp="2019-08-11T07:39:44.003" intervalms="46.746">
  <response-info timems="0.021" idlems="0.021" threads="0" lastid="0000000000880F00" lastname="main" />
</exclusive-start>
<af-start id="4623" threadId="0000000000881888" totalBytesRequested="32" timestamp="2019-08-11T07:39:44.003" intervalms="46.731" type="nursery" />
<cycle-start id="4624" type="scavenge" contextid="0" timestamp="2019-08-11T07:39:44.003" intervalms="46.728" />
<gc-start id="4625" type="scavenge" contextid="4624" timestamp="2019-08-11T07:39:44.003">
  <mem-info id="4626" free="3965549320" total="4046454784" percent="98">
    <mem type="nursery" free="0" total="55050240" percent="0">
      <mem type="allocate" free="0" total="49545216" percent="0" />
      <mem type="survivor" free="0" total="5505024" percent="0" />
    </mem>
    <mem type="tenure" free="3965549320" total="3991404544" percent="99">
      <mem type="soa" free="3766008584" total="3791835136" percent="99" />
      <mem type="loa" free="199540736" total="199569408" percent="99" />
    </mem>
    <remembered-set count="188" />
  </mem-info>
</gc-start>
<allocation-stats totalBytes="49513520" >
  <allocated-bytes non-tlh="3584" tlh="49509936" />
  <largest-consumer threadName="main" threadId="0000000000880F00" bytes="49513520" />
</allocation-stats>
<gc-op id="4627" type="scavenge" timems="1.200" contextid="4624" timestamp="2019-08-11T07:39:44.004">
  <scavenger-info tenureage="3" tenuremask="ffe8" tiltratio="90" />
  <memory-copied type="nursery" objects="165" bytes="5624" bytesdiscarded="26632" />
  <references type="soft" candidates="4" cleared="0" enqueued="0" dynamicThreshold="31" maxThreshold="32" />
  <references type="weak" candidates="14" cleared="6" enqueued="4" />
</gc-op>
<gc-end id="4628" type="scavenge" contextid="4624" durationms="1.639" usertimems="2.993" systemtimems="0.000" timestamp="2019-08-11T07:39:44.005" activeThreads="16">
  <mem-info id="4629" free="4015062280" total="4046454784" percent="99">
    <mem type="nursery" free="49512960" total="55050240" percent="89">
      <mem type="allocate" free="49512960" total="49545216" percent="99" />
      <mem type="survivor" free="0" total="5505024" percent="0" />
    </mem>
    <mem type="tenure" free="3965549320" total="3991404544" percent="99" macro-fragmented="201903">
      <mem type="soa" free="3766008584" total="3791835136" percent="99" />
      <mem type="loa" free="199540736" total="199569408" percent="99" />
    </mem>
    <pending-finalizers system="0" default="0" reference="4" classloader="0" />
    <remembered-set count="188" />
  </mem-info>
</gc-end>
<cycle-end id="4630" type="scavenge" contextid="4624" timestamp="2019-08-11T07:39:44.005" />
  <attribute name="elasticGC enabled" value="1" />
  <attribute name= "numThreadsSpecified" value="16" />
  <attribute name="heapSize specified" value="-91291648" />
  <attribute name="Current GC Util" value="10" />
  <attribute name= "Current Time Running" value="74842" />
  <attribute name ="GC Interval" value="200" />
  <attribute name="ProportionalT" value="-35.000000" />
  <attribute name="ProportionalI" value="-35.000000" />
  <attribute name="ProportionalH" value="-35.000000" />
  <attribute name="Current Error" value="-70.000000" />
  <attribute name="IntegralT" value="-1610.000000" />
  <attribute name="IntegralI" value="-1610.000000" />
  <attribute name="IntegralH" value="-1610.000000" />
  <attribute name="DerivativeT" value="-1.521739" />
  <attribute name="DerivativeI" value="-1.521739" />
  <attribute name="DerivativeH" value="-1.521739" />
  <attribute name="Loop Time for DT" value="46.000000" />
  <attribute name="Output H" value="4203675648"/>
  <attribute name="Output I" value="200"/>
  <attribute name="Output T" value="16"/>
  <attribute name="Target GC Util Change" value ="80.000000" />
  <attribute name="Current GC Util Change" value="10.000000"/>
  <attribute name="GC Util currently" value="10" />
  <attribute name="CPU Util currently" value="24672719515" />
<allocation-satisfied id="4631" threadId="0000000000880F00" bytesRequested="32" />
<af-end id="4632" timestamp="2019-08-11T07:39:44.005" threadId="0000000000881888" success="true" from="nursery"/>
<exclusive-end id="4633" timestamp="2019-08-11T07:39:44.005" durationms="1.838" />

<exclusive-start id="4634" timestamp="2019-08-11T07:39:44.198" intervalms="195.118">
  <response-info timems="0.023" idlems="0.023" threads="0" lastid="0000000000880F00" lastname="main" />
</exclusive-start>
<af-start id="4635" threadId="0000000000881888" totalBytesRequested="1168" timestamp="2019-08-11T07:39:44.198" intervalms="195.121" type="nursery" />
<cycle-start id="4636" type="scavenge" contextid="0" timestamp="2019-08-11T07:39:44.198" intervalms="195.125" />
<gc-start id="4637" type="scavenge" contextid="4636" timestamp="2019-08-11T07:39:44.198">
  <mem-info id="4638" free="3965549320" total="4046454784" percent="98">
    <mem type="nursery" free="0" total="55050240" percent="0">
      <mem type="allocate" free="0" total="49545216" percent="0" />
      <mem type="survivor" free="0" total="5505024" percent="0" />
    </mem>
    <mem type="tenure" free="3965549320" total="3991404544" percent="99">
      <mem type="soa" free="3766008584" total="3791835136" percent="99" />
      <mem type="loa" free="199540736" total="199569408" percent="99" />
    </mem>
    <remembered-set count="205" />
  </mem-info>
</gc-start>
<allocation-stats totalBytes="49399824" >
  <allocated-bytes non-tlh="32" tlh="49399792" />
  <largest-consumer threadName="main" threadId="0000000000880F00" bytes="49395728" />
</allocation-stats>
<gc-op id="4639" type="scavenge" timems="2.801" contextid="4636" timestamp="2019-08-11T07:39:44.201">
  <scavenger-info tenureage="3" tenuremask="fff8" tiltratio="90" />
  <memory-copied type="nursery" objects="211" bytes="8224" bytesdiscarded="24032" />
  <references type="soft" candidates="4" cleared="0" enqueued="0" dynamicThreshold="31" maxThreshold="32" />
  <references type="weak" candidates="8" cleared="0" enqueued="0" />
</gc-op>
<gc-end id="4640" type="scavenge" contextid="4636" durationms="3.116" usertimems="6.629" systemtimems="0.000" timestamp="2019-08-11T07:39:44.201" activeThreads="16">
  <mem-info id="4641" free="4015062280" total="4046454784" percent="99">
    <mem type="nursery" free="49512960" total="55050240" percent="89">
      <mem type="allocate" free="49512960" total="49545216" percent="99" />
      <mem type="survivor" free="0" total="5505024" percent="0" />
    </mem>
    <mem type="tenure" free="3965549320" total="3991404544" percent="99" macro-fragmented="67617">
      <mem type="soa" free="3766008584" total="3791835136" percent="99" />
      <mem type="loa" free="199540736" total="199569408" percent="99" />
    </mem>
    <remembered-set count="194" />
  </mem-info>
</gc-end>
<cycle-end id="4642" type="scavenge" contextid="4636" timestamp="2019-08-11T07:39:44.201" />
  <attribute name="elasticGC enabled" value="1" />
  <attribute name= "numThreadsSpecified" value="16" />
  <attribute name="heapSize specified" value="-91291648" />
  <attribute name="Current GC Util" value="1" />
  <attribute name= "Current Time Running" value="75037" />
  <attribute name ="GC Interval" value="200" />
  <attribute name="ProportionalT" value="-39.500000" />
  <attribute name="ProportionalI" value="-39.500000" />
  <attribute name="ProportionalH" value="-39.500000" />
  <attribute name="Current Error" value="-79.000000" />
  <attribute name="IntegralT" value="-7702.500000" />
  <attribute name="IntegralI" value="-7702.500000" />
  <attribute name="IntegralH" value="-7702.500000" />
  <attribute name="DerivativeT" value="-0.405128" />
  <attribute name="DerivativeI" value="-0.405128" />
  <attribute name="DerivativeH" value="-0.405128" />
  <attribute name="Loop Time for DT" value="195.000000" />
  <attribute name="Output H" value="4203675648"/>
  <attribute name="Output I" value="200"/>
  <attribute name="Output T" value="16"/>
  <attribute name="Target GC Util Change" value ="80.000000" />
  <attribute name="Current GC Util Change" value="1.000000"/>
  <attribute name="GC Util currently" value="1" />
  <attribute name="CPU Util currently" value="5908217753" />
<allocation-satisfied id="4643" threadId="0000000000880F00" bytesRequested="1168" />
<af-end id="4644" timestamp="2019-08-11T07:39:44.201" threadId="0000000000881888" success="true" from="nursery"/>
<exclusive-end id="4645" timestamp="2019-08-11T07:39:44.201" durationms="3.366" />

<exclusive-start id="4646" timestamp="2019-08-11T07:39:44.206" intervalms="8.356">
  <response-info timems="0.017" idlems="0.017" threads="0" lastid="0000000000880F00" lastname="main" />
</exclusive-start>
<af-start id="4647" threadId="0000000000881888" totalBytesRequested="1168" timestamp="2019-08-11T07:39:44.206" intervalms="8.352" type="nursery" />
<cycle-start id="4648" type="scavenge" contextid="0" timestamp="2019-08-11T07:39:44.206" intervalms="8.369" />
<gc-start id="4649" type="scavenge" contextid="4648" timestamp="2019-08-11T07:39:44.207">
  <mem-info id="4650" free="3965549320" total="4046454784" percent="98">
    <mem type="nursery" free="0" total="55050240" percent="0">
      <mem type="allocate" free="0" total="49545216" percent="0" />
      <mem type="survivor" free="0" total="5505024" percent="0" />
    </mem>
    <mem type="tenure" free="3965549320" total="3991404544" percent="99">
      <mem type="soa" free="3766008584" total="3791835136" percent="99" />
      <mem type="loa" free="199540736" total="199569408" percent="99" />
    </mem>
    <remembered-set count="194" />
  </mem-info>
</gc-start>
<allocation-stats totalBytes="49337288" >
  <allocated-bytes non-tlh="1168" tlh="49336120" />
  <largest-consumer threadName="main" threadId="0000000000880F00" bytes="49337288" />
</allocation-stats>
<gc-op id="4651" type="scavenge" timems="0.727" contextid="4648" timestamp="2019-08-11T07:39:44.207">
  <scavenger-info tenureage="3" tenuremask="fff8" tiltratio="90" />
  <memory-copied type="nursery" objects="212" bytes="8248" bytesdiscarded="7880" />
  <references type="soft" candidates="4" cleared="0" enqueued="0" dynamicThreshold="31" maxThreshold="32" />
  <references type="weak" candidates="8" cleared="0" enqueued="0" />
</gc-op>
<gc-end id="4652" type="scavenge" contextid="4648" durationms="1.054" usertimems="2.389" systemtimems="0.000" timestamp="2019-08-11T07:39:44.208" activeThreads="1">
  <mem-info id="4653" free="4015078408" total="4046454784" percent="99">
    <mem type="nursery" free="49529088" total="55050240" percent="89">
      <mem type="allocate" free="49529088" total="49545216" percent="99" />
      <mem type="survivor" free="0" total="5505024" percent="0" />
    </mem>
    <mem type="tenure" free="3965549320" total="3991404544" percent="99" macro-fragmented="3110739">
      <mem type="soa" free="3766008584" total="3791835136" percent="99" />
      <mem type="loa" free="199540736" total="199569408" percent="99" />
    </mem>
    <remembered-set count="162" />
  </mem-info>
</gc-end>
<cycle-end id="4654" type="scavenge" contextid="4648" timestamp="2019-08-11T07:39:44.208" />
  <attribute name="elasticGC enabled" value="1" />
  <attribute name= "numThreadsSpecified" value="1" />
  <attribute name="heapSize specified" value="-91291648" />
  <attribute name="Current GC Util" value="80" />
  <attribute name= "Current Time Running" value="75046" />
  <attribute name ="GC Interval" value="200" />
  <attribute name="ProportionalT" value="0.000000" />
  <attribute name="ProportionalI" value="0.000000" />
  <attribute name="ProportionalH" value="0.000000" />
  <attribute name="Current Error" value="0.000000" />
  <attribute name="IntegralT" value="0.000000" />
  <attribute name="IntegralI" value="0.000000" />
  <attribute name="IntegralH" value="0.000000" />
  <attribute name="DerivativeT" value="0.000000" />
  <attribute name="DerivativeI" value="0.000000" />
  <attribute name="DerivativeH" value="0.000000" />
  <attribute name="Loop Time for DT" value="9.000000" />
  <attribute name="Output H" value="8388608"/>
  <attribute name="Output I" value="200"/>
  <attribute name="Output T" value="1"/>
  <attribute name="Target GC Util Change" value ="80.000000" />
  <attribute name="Current GC Util Change" value="80.000000"/>
  <attribute name="GC Util currently" value="80" />
  <attribute name="CPU Util currently" value="137486400065" />
<allocation-satisfied id="4655" threadId="0000000000880F00" bytesRequested="1168" />
<af-end id="4656" timestamp="2019-08-11T07:39:44.208" threadId="0000000000881888" success="true" from="nursery"/>
<exclusive-end id="4657" timestamp="2019-08-11T07:39:44.208" durationms="1.295" />

<exclusive-start id="4658" timestamp="2019-08-11T07:39:44.213" intervalms="6.539">
  <response-info timems="0.024" idlems="0.024" threads="0" lastid="0000000000880F00" lastname="main" />
</exclusive-start>
<af-start id="4659" threadId="0000000000881888" totalBytesRequested="1168" timestamp="2019-08-11T07:39:44.213" intervalms="6.538" type="nursery" />
<cycle-start id="4660" type="scavenge" contextid="0" timestamp="2019-08-11T07:39:44.213" intervalms="6.540" />
<gc-start id="4661" type="scavenge" contextid="4660" timestamp="2019-08-11T07:39:44.213">
  <mem-info id="4662" free="3965549320" total="4046454784" percent="98">
    <mem type="nursery" free="0" total="55050240" percent="0">
      <mem type="allocate" free="0" total="49545216" percent="0" />
      <mem type="survivor" free="0" total="5505024" percent="0" />
    </mem>
    <mem type="tenure" free="3965549320" total="3991404544" percent="99">
      <mem type="soa" free="3766008584" total="3791835136" percent="99" />
      <mem type="loa" free="199540736" total="199569408" percent="99" />
    </mem>
    <remembered-set count="162" />
  </mem-info>
</gc-start>
<allocation-stats totalBytes="49363288" >
  <allocated-bytes non-tlh="1168" tlh="49362120" />
  <largest-consumer threadName="main" threadId="0000000000880F00" bytes="49363288" />
</allocation-stats>
<gc-op id="4663" type="scavenge" timems="1.024" contextid="4660" timestamp="2019-08-11T07:39:44.214">
  <scavenger-info tenureage="2" tenuremask="fffc" tiltratio="90" />
  <memory-copied type="nursery" objects="2" bytes="56" bytesdiscarded="32200" />
  <memory-copied type="tenure" objects="210" bytes="8192" bytesdiscarded="416" />
</gc-op>
<heap-resize id="4664" type="expand" space="nursery" amount="4456448" count="1" timems="0.013" reason="excessive time being spent scavenging" timestamp="2019-08-11T07:39:44.214" />
<gc-end id="4665" type="scavenge" contextid="4660" durationms="1.385" usertimems="2.328" systemtimems="0.000" timestamp="2019-08-11T07:39:44.214" activeThreads="16">
  <mem-info id="4666" free="4019059976" total="4050911232" percent="99">
    <mem type="nursery" free="53510656" total="59506688" percent="89">
      <mem type="allocate" free="53510656" total="53542912" percent="99" />
      <mem type="survivor" free="0" total="5963776" percent="0" />
    </mem>
    <mem type="tenure" free="3965549320" total="3991404544" percent="99" macro-fragmented="116842">
      <mem type="soa" free="3766008584" total="3791835136" percent="99" />
      <mem type="loa" free="199540736" total="199569408" percent="99" />
    </mem>
    <remembered-set count="120" />
  </mem-info>
</gc-end>
<cycle-end id="4667" type="scavenge" contextid="4660" timestamp="2019-08-11T07:39:44.215" />
  <attribute name="elasticGC enabled" value="1" />
  <attribute name= "numThreadsSpecified" value="16" />
  <attribute name="heapSize specified" value="-91291648" />
  <attribute name="Current GC Util" value="14" />
  <attribute name= "Current Time Running" value="75052" />
  <attribute name ="GC Interval" value="200" />
  <attribute name="ProportionalT" value="-33.000000" />
  <attribute name="ProportionalI" value="-33.000000" />
  <attribute name="ProportionalH" value="-33.000000" />
  <attribute name="Current Error" value="-66.000000" />
  <attribute name="IntegralT" value="-198.000000" />
  <attribute name="IntegralI" value="-198.000000" />
  <attribute name="IntegralH" value="-198.000000" />
  <attribute name="DerivativeT" value="-11.000000" />
  <attribute name="DerivativeI" value="-11.000000" />
  <attribute name="DerivativeH" value="-11.000000" />
  <attribute name="Loop Time for DT" value="6.000000" />
  <attribute name="Output H" value="4203675648"/>
  <attribute name="Output I" value="200"/>
  <attribute name="Output T" value="16"/>
  <attribute name="Target GC Util Change" value ="80.000000" />
  <attribute name="Current GC Util Change" value="14.000000"/>
  <attribute name="GC Util currently" value="14" />
  <attribute name="CPU Util currently" value="176108565469" />
<allocation-satisfied id="4668" threadId="0000000000880F00" bytesRequested="1168" />
<af-end id="4669" timestamp="2019-08-11T07:39:44.215" threadId="0000000000881888" success="true" from="nursery"/>
<exclusive-end id="4670" timestamp="2019-08-11T07:39:44.215" durationms="1.658" />

<exclusive-start id="4671" timestamp="2019-08-11T07:39:44.220" intervalms="7.391">
  <response-info timems="0.021" idlems="0.021" threads="0" lastid="0000000000880F00" lastname="main" />
</exclusive-start>
<af-start id="4672" threadId="0000000000881888" totalBytesRequested="1168" timestamp="2019-08-11T07:39:44.220" intervalms="7.390" type="nursery" />
<cycle-start id="4673" type="scavenge" contextid="0" timestamp="2019-08-11T07:39:44.220" intervalms="7.366" />
<gc-start id="4674" type="scavenge" contextid="4673" timestamp="2019-08-11T07:39:44.220">
  <mem-info id="4675" free="3965549320" total="4050911232" percent="97">
    <mem type="nursery" free="0" total="59506688" percent="0">
      <mem type="allocate" free="0" total="53542912" percent="0" />
      <mem type="survivor" free="0" total="5963776" percent="0" />
    </mem>
    <mem type="tenure" free="3965549320" total="3991404544" percent="99">
      <mem type="soa" free="3766008584" total="3791835136" percent="99" />
      <mem type="loa" free="199540736" total="199569408" percent="99" />
    </mem>
    <remembered-set count="120" />
  </mem-info>
</gc-start>
<allocation-stats totalBytes="53331888" >
  <allocated-bytes non-tlh="1168" tlh="53330720" />
  <largest-consumer threadName="main" threadId="0000000000880F00" bytes="53331888" />
</allocation-stats>
<gc-op id="4676" type="scavenge" timems="1.664" contextid="4673" timestamp="2019-08-11T07:39:44.222">
  <scavenger-info tenureage="5" tenuremask="ffe0" tiltratio="89" />
  <memory-copied type="nursery" objects="2" bytes="56" bytesdiscarded="32200" />
</gc-op>
<heap-resize id="4677" type="expand" space="nursery" amount="3276800" count="1" timems="0.013" reason="excessive time being spent scavenging" timestamp="2019-08-11T07:39:44.222" />
<gc-end id="4678" type="scavenge" contextid="4673" durationms="2.001" usertimems="3.418" systemtimems="0.000" timestamp="2019-08-11T07:39:44.222" activeThreads="16">
  <mem-info id="4679" free="4022009096" total="4054188032" percent="99">
    <mem type="nursery" free="56459776" total="62783488" percent="89">
      <mem type="allocate" free="56459776" total="56492032" percent="99" />
      <mem type="survivor" free="0" total="6291456" percent="0" />
    </mem>
    <mem type="tenure" free="3965549320" total="3991404544" percent="99" macro-fragmented="131088">
      <mem type="soa" free="3766008584" total="3791835136" percent="99" />
      <mem type="loa" free="199540736" total="199569408" percent="99" />
    </mem>
    <remembered-set count="120" />
  </mem-info>
</gc-end>
<cycle-end id="4680" type="scavenge" contextid="4673" timestamp="2019-08-11T07:39:44.222" />
  <attribute name="elasticGC enabled" value="1" />
  <attribute name= "numThreadsSpecified" value="16" />
  <attribute name="heapSize specified" value="-91291648" />
  <attribute name="Current GC Util" value="55" />
  <attribute name= "Current Time Running" value="75060" />
  <attribute name ="GC Interval" value="200" />
  <attribute name="ProportionalT" value="-12.500000" />
  <attribute name="ProportionalI" value="-12.500000" />
  <attribute name="ProportionalH" value="-12.500000" />
  <attribute name="Current Error" value="-25.000000" />
  <attribute name="IntegralT" value="-100.000000" />
  <attribute name="IntegralI" value="-100.000000" />
  <attribute name="IntegralH" value="-100.000000" />
  <attribute name="DerivativeT" value="-3.125000" />
  <attribute name="DerivativeI" value="-3.125000" />
  <attribute name="DerivativeH" value="-3.125000" />
  <attribute name="Loop Time for DT" value="8.000000" />
  <attribute name="Output H" value="4203675648"/>
  <attribute name="Output I" value="200"/>
  <attribute name="Output T" value="16"/>
  <attribute name="Target GC Util Change" value ="80.000000" />
  <attribute name="Current GC Util Change" value="55.000000"/>
  <attribute name="GC Util currently" value="55" />
  <attribute name="CPU Util currently" value="156233538616" />
<allocation-satisfied id="4681" threadId="0000000000880F00" bytesRequested="1168" />
<af-end id="4682" timestamp="2019-08-11T07:39:44.223" threadId="0000000000881888" success="true" from="nursery"/>
<exclusive-end id="4683" timestamp="2019-08-11T07:39:44.223" durationms="2.388" />

<exclusive-start id="4684" timestamp="2019-08-11T07:39:44.231" intervalms="10.507">
  <response-info timems="0.023" idlems="0.023" threads="0" lastid="0000000000880F00" lastname="main" />
</exclusive-start>
<af-start id="4685" threadId="0000000000881888" totalBytesRequested="1168" timestamp="2019-08-11T07:39:44.231" intervalms="10.518" type="nursery" />
<cycle-start id="4686" type="scavenge" contextid="0" timestamp="2019-08-11T07:39:44.231" intervalms="10.640" />
<gc-start id="4687" type="scavenge" contextid="4686" timestamp="2019-08-11T07:39:44.231">
  <mem-info id="4688" free="3965549320" total="4054188032" percent="97">
    <mem type="nursery" free="0" total="62783488" percent="0">
      <mem type="allocate" free="0" total="56492032" percent="0" />
      <mem type="survivor" free="0" total="6291456" percent="0" />
    </mem>
    <mem type="tenure" free="3965549320" total="3991404544" percent="99">
      <mem type="soa" free="3766008584" total="3791835136" percent="99" />
      <mem type="loa" free="199540736" total="199569408" percent="99" />
    </mem>
    <remembered-set count="120" />
  </mem-info>
</gc-start>
<allocation-stats totalBytes="56271336" >
  <allocated-bytes non-tlh="1168" tlh="56270168" />
  <largest-consumer threadName="main" threadId="0000000000880F00" bytes="56271336" />
</allocation-stats>
<gc-op id="4689" type="scavenge" timems="1.812" contextid="4686" timestamp="2019-08-11T07:39:44.233">
  <scavenger-info tenureage="3" tenuremask="fff8" tiltratio="89" />
  <memory-copied type="nursery" objects="2" bytes="56" bytesdiscarded="32200" />
</gc-op>
<heap-resize id="4690" type="expand" space="nursery" amount="5898240" count="1" timems="0.017" reason="excessive time being spent scavenging" timestamp="2019-08-11T07:39:44.233" />
<gc-end id="4691" type="scavenge" contextid="4686" durationms="2.148" usertimems="3.757" systemtimems="0.000" timestamp="2019-08-11T07:39:44.233" activeThreads="16">
  <mem-info id="4692" free="4027317512" total="4060086272" percent="99">
    <mem type="nursery" free="61768192" total="68681728" percent="89">
      <mem type="allocate" free="61768192" total="61800448" percent="99" />
      <mem type="survivor" free="0" total="6881280" percent="0" />
    </mem>
    <mem type="tenure" free="3965549320" total="3991404544" percent="99" macro-fragmented="1800196">
      <mem type="soa" free="3766008584" total="3791835136" percent="99" />
      <mem type="loa" free="199540736" total="199569408" percent="99" />
    </mem>
    <remembered-set count="120" />
  </mem-info>
</gc-end>
<cycle-end id="4693" type="scavenge" contextid="4686" timestamp="2019-08-11T07:39:44.233" />
  <attribute name="elasticGC enabled" value="1" />
  <attribute name= "numThreadsSpecified" value="16" />
  <attribute name="heapSize specified" value="-91291648" />
  <attribute name="Current GC Util" value="32" />
  <attribute name= "Current Time Running" value="75070" />
  <attribute name ="GC Interval" value="200" />
  <attribute name="ProportionalT" value="-24.000000" />
  <attribute name="ProportionalI" value="-24.000000" />
  <attribute name="ProportionalH" value="-24.000000" />
  <attribute name="Current Error" value="-48.000000" />
  <attribute name="IntegralT" value="-240.000000" />
  <attribute name="IntegralI" value="-240.000000" />
  <attribute name="IntegralH" value="-240.000000" />
  <attribute name="DerivativeT" value="-4.800000" />
  <attribute name="DerivativeI" value="-4.800000" />
  <attribute name="DerivativeH" value="-4.800000" />
  <attribute name="Loop Time for DT" value="10.000000" />
  <attribute name="Output H" value="4203675648"/>
  <attribute name="Output I" value="200"/>
  <attribute name="Output T" value="16"/>
  <attribute name="Target GC Util Change" value ="80.000000" />
  <attribute name="Current GC Util Change" value="32.000000"/>
  <attribute name="GC Util currently" value="32" />
  <attribute name="CPU Util currently" value="107304249230" />
<allocation-satisfied id="4694" threadId="0000000000880F00" bytesRequested="1168" />
<af-end id="4695" timestamp="2019-08-11T07:39:44.233" threadId="0000000000881888" success="true" from="nursery"/>
<exclusive-end id="4696" timestamp="2019-08-11T07:39:44.233" durationms="2.607" />

<exclusive-start id="4697" timestamp="2019-08-11T07:39:44.240" intervalms="9.492">
  <response-info timems="0.021" idlems="0.021" threads="0" lastid="0000000000880F00" lastname="main" />
</exclusive-start>
<af-start id="4698" threadId="0000000000881888" totalBytesRequested="1168" timestamp="2019-08-11T07:39:44.240" intervalms="9.483" type="nursery" />
<cycle-start id="4699" type="scavenge" contextid="0" timestamp="2019-08-11T07:39:44.240" intervalms="9.362" />
<gc-start id="4700" type="scavenge" contextid="4699" timestamp="2019-08-11T07:39:44.240">
  <mem-info id="4701" free="3965549320" total="4060086272" percent="97">
    <mem type="nursery" free="0" total="68681728" percent="0">
      <mem type="allocate" free="0" total="61800448" percent="0" />
      <mem type="survivor" free="0" total="6881280" percent="0" />
    </mem>
    <mem type="tenure" free="3965549320" total="3991404544" percent="99">
      <mem type="soa" free="3766008584" total="3791835136" percent="99" />
      <mem type="loa" free="199540736" total="199569408" percent="99" />
    </mem>
    <remembered-set count="120" />
  </mem-info>
</gc-start>
<allocation-stats totalBytes="61562376" >
  <allocated-bytes non-tlh="1168" tlh="61561208" />
  <largest-consumer threadName="main" threadId="0000000000880F00" bytes="61562376" />
</allocation-stats>
<gc-op id="4702" type="scavenge" timems="0.961" contextid="4699" timestamp="2019-08-11T07:39:44.241">
  <scavenger-info tenureage="3" tenuremask="fff8" tiltratio="89" />
  <memory-copied type="nursery" objects="2" bytes="56" bytesdiscarded="32200" />
</gc-op>
<heap-resize id="4703" type="expand" space="nursery" amount="3801088" count="1" timems="0.013" reason="excessive time being spent scavenging" timestamp="2019-08-11T07:39:44.241" />
<gc-end id="4704" type="scavenge" contextid="4699" durationms="1.257" usertimems="2.179" systemtimems="0.000" timestamp="2019-08-11T07:39:44.242" activeThreads="16">
  <mem-info id="4705" free="4030725384" total="4063887360" percent="99">
    <mem type="nursery" free="65176064" total="72482816" percent="89">
      <mem type="allocate" free="65176064" total="65208320" percent="99" />
      <mem type="survivor" free="0" total="7274496" percent="0" />
    </mem>
    <mem type="tenure" free="3965549320" total="3991404544" percent="99" macro-fragmented="0">
      <mem type="soa" free="3766008584" total="3791835136" percent="99" />
      <mem type="loa" free="199540736" total="199569408" percent="99" />
    </mem>
    <remembered-set count="120" />
  </mem-info>
</gc-end>
<cycle-end id="4706" type="scavenge" contextid="4699" timestamp="2019-08-11T07:39:44.242" />
  <attribute name="elasticGC enabled" value="1" />
  <attribute name= "numThreadsSpecified" value="16" />
  <attribute name="heapSize specified" value="-91291648" />
  <attribute name="Current GC Util" value="43" />
  <attribute name= "Current Time Running" value="75080" />
  <attribute name ="GC Interval" value="200" />
  <attribute name="ProportionalT" value="-18.500000" />
  <attribute name="ProportionalI" value="-18.500000" />
  <attribute name="ProportionalH" value="-18.500000" />
  <attribute name="Current Error" value="-37.000000" />
  <attribute name="IntegralT" value="-185.000000" />
  <attribute name="IntegralI" value="-185.000000" />
  <attribute name="IntegralH" value="-185.000000" />
  <attribute name="DerivativeT" value="-3.700000" />
  <attribute name="DerivativeI" value="-3.700000" />
  <attribute name="DerivativeH" value="-3.700000" />
  <attribute name="Loop Time for DT" value="10.000000" />
  <attribute name="Output H" value="4203675648"/>
  <attribute name="Output I" value="200"/>
  <attribute name="Output T" value="16"/>
  <attribute name="Target GC Util Change" value ="80.000000" />
  <attribute name="Current GC Util Change" value="43.000000"/>
  <attribute name="GC Util currently" value="43" />
  <attribute name="CPU Util currently" value="125171334341" />
<allocation-satisfied id="4707" threadId="0000000000880F00" bytesRequested="1168" />
<af-end id="4708" timestamp="2019-08-11T07:39:44.242" threadId="0000000000881888" success="true" from="nursery"/>
<exclusive-end id="4709" timestamp="2019-08-11T07:39:44.242" durationms="1.470" />

<exclusive-start id="4710" timestamp="2019-08-11T07:39:44.250" intervalms="9.899">
  <response-info timems="0.021" idlems="0.021" threads="0" lastid="0000000000880F00" lastname="main" />
</exclusive-start>
<af-start id="4711" threadId="0000000000881888" totalBytesRequested="1168" timestamp="2019-08-11T07:39:44.250" intervalms="9.900" type="nursery" />
<cycle-start id="4712" type="scavenge" contextid="0" timestamp="2019-08-11T07:39:44.250" intervalms="9.901" />
<gc-start id="4713" type="scavenge" contextid="4712" timestamp="2019-08-11T07:39:44.250">
  <mem-info id="4714" free="3965549320" total="4063887360" percent="97">
    <mem type="nursery" free="0" total="72482816" percent="0">
      <mem type="allocate" free="0" total="65208320" percent="0" />
      <mem type="survivor" free="0" total="7274496" percent="0" />
    </mem>
    <mem type="tenure" free="3965549320" total="3991404544" percent="99">
      <mem type="soa" free="3766008584" total="3791835136" percent="99" />
      <mem type="loa" free="199540736" total="199569408" percent="99" />
    </mem>
    <remembered-set count="120" />
  </mem-info>
</gc-start>
<allocation-stats totalBytes="64959088" >
  <allocated-bytes non-tlh="1168" tlh="64957920" />
  <largest-consumer threadName="main" threadId="0000000000880F00" bytes="64959088" />
</allocation-stats>
<gc-op id="4715" type="scavenge" timems="1.147" contextid="4712" timestamp="2019-08-11T07:39:44.251">
  <scavenger-info tenureage="3" tenuremask="fff8" tiltratio="89" />
  <memory-copied type="nursery" objects="2" bytes="56" bytesdiscarded="32200" />
</gc-op>
<heap-resize id="4716" type="expand" space="nursery" amount="3145728" count="1" timems="0.011" reason="excessive time being spent scavenging" timestamp="2019-08-11T07:39:44.252" />
<gc-end id="4717" type="scavenge" contextid="4712" durationms="1.433" usertimems="2.442" systemtimems="0.000" timestamp="2019-08-11T07:39:44.252" activeThreads="16">
  <mem-info id="4718" free="4033543432" total="4067033088" percent="99">
    <mem type="nursery" free="67994112" total="75628544" percent="89">
      <mem type="allocate" free="67994112" total="68026368" percent="99" />
      <mem type="survivor" free="0" total="7602176" percent="0" />
    </mem>
    <mem type="tenure" free="3965549320" total="3991404544" percent="99" macro-fragmented="81960">
      <mem type="soa" free="3766008584" total="3791835136" percent="99" />
      <mem type="loa" free="199540736" total="199569408" percent="99" />
    </mem>
    <remembered-set count="120" />
  </mem-info>
</gc-end>
<cycle-end id="4719" type="scavenge" contextid="4712" timestamp="2019-08-11T07:39:44.252" />
  <attribute name="elasticGC enabled" value="1" />
  <attribute name= "numThreadsSpecified" value="16" />
  <attribute name="heapSize specified" value="-91291648" />
  <attribute name="Current GC Util" value="23" />
  <attribute name= "Current Time Running" value="75090" />
  <attribute name ="GC Interval" value="200" />
  <attribute name="ProportionalT" value="-28.500000" />
  <attribute name="ProportionalI" value="-28.500000" />
  <attribute name="ProportionalH" value="-28.500000" />
  <attribute name="Current Error" value="-57.000000" />
  <attribute name="IntegralT" value="-285.000000" />
  <attribute name="IntegralI" value="-285.000000" />
  <attribute name="IntegralH" value="-285.000000" />
  <attribute name="DerivativeT" value="-5.700000" />
  <attribute name="DerivativeI" value="-5.700000" />
  <attribute name="DerivativeH" value="-5.700000" />
  <attribute name="Loop Time for DT" value="10.000000" />
  <attribute name="Output H" value="4203675648"/>
  <attribute name="Output I" value="200"/>
  <attribute name="Output T" value="16"/>
  <attribute name="Target GC Util Change" value ="80.000000" />
  <attribute name="Current GC Util Change" value="23.000000"/>
  <attribute name="GC Util currently" value="23" />
  <attribute name="CPU Util currently" value="116459786699" />
<allocation-satisfied id="4720" threadId="0000000000880F00" bytesRequested="1168" />
<af-end id="4721" timestamp="2019-08-11T07:39:44.252" threadId="0000000000881888" success="true" from="nursery"/>
<exclusive-end id="4722" timestamp="2019-08-11T07:39:44.252" durationms="1.658" />

<exclusive-start id="4723" timestamp="2019-08-11T07:39:44.259" intervalms="8.746">
  <response-info timems="0.019" idlems="0.019" threads="0" lastid="0000000000880F00" lastname="main" />
</exclusive-start>
<af-start id="4724" threadId="0000000000881888" totalBytesRequested="1168" timestamp="2019-08-11T07:39:44.259" intervalms="8.747" type="nursery" />
<cycle-start id="4725" type="scavenge" contextid="0" timestamp="2019-08-11T07:39:44.259" intervalms="8.746" />
<gc-start id="4726" type="scavenge" contextid="4725" timestamp="2019-08-11T07:39:44.259">
  <mem-info id="4727" free="3965549320" total="4067033088" percent="97">
    <mem type="nursery" free="0" total="75628544" percent="0">
      <mem type="allocate" free="0" total="68026368" percent="0" />
      <mem type="survivor" free="0" total="7602176" percent="0" />
    </mem>
    <mem type="tenure" free="3965549320" total="3991404544" percent="99">
      <mem type="soa" free="3766008584" total="3791835136" percent="99" />
      <mem type="loa" free="199540736" total="199569408" percent="99" />
    </mem>
    <remembered-set count="120" />
  </mem-info>
</gc-start>
<allocation-stats totalBytes="67767920" >
  <allocated-bytes non-tlh="1168" tlh="67766752" />
  <largest-consumer threadName="main" threadId="0000000000880F00" bytes="67767920" />
</allocation-stats>
<gc-op id="4728" type="scavenge" timems="1.063" contextid="4725" timestamp="2019-08-11T07:39:44.260">
  <scavenger-info tenureage="3" tenuremask="fff8" tiltratio="89" />
  <memory-copied type="nursery" objects="2" bytes="56" bytesdiscarded="32200" />
</gc-op>
<heap-resize id="4729" type="expand" space="nursery" amount="4194304" count="1" timems="0.012" reason="excessive time being spent scavenging" timestamp="2019-08-11T07:39:44.260" />
<gc-end id="4730" type="scavenge" contextid="4725" durationms="1.380" usertimems="2.361" systemtimems="0.000" timestamp="2019-08-11T07:39:44.260" activeThreads="16">
  <mem-info id="4731" free="4037278984" total="4071227392" percent="99">
    <mem type="nursery" free="71729664" total="79822848" percent="89">
      <mem type="allocate" free="71729664" total="71761920" percent="99" />
      <mem type="survivor" free="0" total="8060928" percent="0" />
    </mem>
    <mem type="tenure" free="3965549320" total="3991404544" percent="99" macro-fragmented="142704">
      <mem type="soa" free="3766008584" total="3791835136" percent="99" />
      <mem type="loa" free="199540736" total="199569408" percent="99" />
    </mem>
    <remembered-set count="120" />
  </mem-info>
</gc-end>
<cycle-end id="4732" type="scavenge" contextid="4725" timestamp="2019-08-11T07:39:44.260" />
  <attribute name="elasticGC enabled" value="1" />
  <attribute name= "numThreadsSpecified" value="16" />
  <attribute name="heapSize specified" value="-91291648" />
  <attribute name="Current GC Util" value="29" />
  <attribute name= "Current Time Running" value="75098" />
  <attribute name ="GC Interval" value="200" />
  <attribute name="ProportionalT" value="-25.500000" />
  <attribute name="ProportionalI" value="-25.500000" />
  <attribute name="ProportionalH" value="-25.500000" />
  <attribute name="Current Error" value="-51.000000" />
  <attribute name="IntegralT" value="-204.000000" />
  <attribute name="IntegralI" value="-204.000000" />
  <attribute name="IntegralH" value="-204.000000" />
  <attribute name="DerivativeT" value="-6.375000" />
  <attribute name="DerivativeI" value="-6.375000" />
  <attribute name="DerivativeH" value="-6.375000" />
  <attribute name="Loop Time for DT" value="8.000000" />
  <attribute name="Output H" value="4203675648"/>
  <attribute name="Output I" value="200"/>
  <attribute name="Output T" value="16"/>
  <attribute name="Target GC Util Change" value ="80.000000" />
  <attribute name="Current GC Util Change" value="29.000000"/>
  <attribute name="GC Util currently" value="29" />
  <attribute name="CPU Util currently" value="131908882646" />
<allocation-satisfied id="4733" threadId="0000000000880F00" bytesRequested="1168" />
<af-end id="4734" timestamp="2019-08-11T07:39:44.261" threadId="0000000000881888" success="true" from="nursery"/>
<exclusive-end id="4735" timestamp="2019-08-11T07:39:44.261" durationms="1.588" />

<exclusive-start id="4736" timestamp="2019-08-11T07:39:44.270" intervalms="10.618">
  <response-info timems="0.033" idlems="0.033" threads="0" lastid="0000000000880F00" lastname="main" />
</exclusive-start>
<af-start id="4737" threadId="0000000000881888" totalBytesRequested="1168" timestamp="2019-08-11T07:39:44.270" intervalms="10.656" type="nursery" />
<cycle-start id="4738" type="scavenge" contextid="0" timestamp="2019-08-11T07:39:44.270" intervalms="10.664" />
<gc-start id="4739" type="scavenge" contextid="4738" timestamp="2019-08-11T07:39:44.270">
  <mem-info id="4740" free="3965549320" total="4071227392" percent="97">
    <mem type="nursery" free="0" total="79822848" percent="0">
      <mem type="allocate" free="0" total="71761920" percent="0" />
      <mem type="survivor" free="0" total="8060928" percent="0" />
    </mem>
    <mem type="tenure" free="3965549320" total="3991404544" percent="99">
      <mem type="soa" free="3766008584" total="3791835136" percent="99" />
      <mem type="loa" free="199540736" total="199569408" percent="99" />
    </mem>
    <remembered-set count="120" />
  </mem-info>
</gc-start>
<allocation-stats totalBytes="71491232" >
  <allocated-bytes non-tlh="1168" tlh="71490064" />
  <largest-consumer threadName="main" threadId="0000000000880F00" bytes="71491232" />
</allocation-stats>
<gc-op id="4741" type="scavenge" timems="3.154" contextid="4738" timestamp="2019-08-11T07:39:44.273">
  <scavenger-info tenureage="3" tenuremask="fff8" tiltratio="89" />
  <memory-copied type="nursery" objects="2" bytes="56" bytesdiscarded="32200" />
</gc-op>
<heap-resize id="4742" type="expand" space="nursery" amount="9437184" count="1" timems="0.023" reason="excessive time being spent scavenging" timestamp="2019-08-11T07:39:44.273" />
<gc-end id="4743" type="scavenge" contextid="4738" durationms="3.577" usertimems="4.710" systemtimems="0.000" timestamp="2019-08-11T07:39:44.273" activeThreads="16">
  <mem-info id="4744" free="4045798664" total="4080664576" percent="99">
    <mem type="nursery" free="80249344" total="89260032" percent="89">
      <mem type="allocate" free="80249344" total="80281600" percent="99" />
      <mem type="survivor" free="0" total="8978432" percent="0" />
    </mem>
    <mem type="tenure" free="3965549320" total="3991404544" percent="99" macro-fragmented="4479464">
      <mem type="soa" free="3766008584" total="3791835136" percent="99" />
      <mem type="loa" free="199540736" total="199569408" percent="99" />
    </mem>
    <remembered-set count="120" />
  </mem-info>
</gc-end>
<cycle-end id="4745" type="scavenge" contextid="4738" timestamp="2019-08-11T07:39:44.273" />
  <attribute name="elasticGC enabled" value="1" />
  <attribute name= "numThreadsSpecified" value="16" />
  <attribute name="heapSize specified" value="-91291648" />
  <attribute name="Current GC Util" value="23" />
  <attribute name= "Current Time Running" value="75109" />
  <attribute name ="GC Interval" value="200" />
  <attribute name="ProportionalT" value="-28.500000" />
  <attribute name="ProportionalI" value="-28.500000" />
  <attribute name="ProportionalH" value="-28.500000" />
  <attribute name="Current Error" value="-57.000000" />
  <attribute name="IntegralT" value="-313.500000" />
  <attribute name="IntegralI" value="-313.500000" />
  <attribute name="IntegralH" value="-313.500000" />
  <attribute name="DerivativeT" value="-5.181818" />
  <attribute name="DerivativeI" value="-5.181818" />
  <attribute name="DerivativeH" value="-5.181818" />
  <attribute name="Loop Time for DT" value="11.000000" />
  <attribute name="Output H" value="4203675648"/>
  <attribute name="Output I" value="200"/>
  <attribute name="Output T" value="16"/>
  <attribute name="Target GC Util Change" value ="80.000000" />
  <attribute name="Current GC Util Change" value="23.000000"/>
  <attribute name="GC Util currently" value="23" />
  <attribute name="CPU Util currently" value="107716561917" />
<allocation-satisfied id="4746" threadId="0000000000880F00" bytesRequested="1168" />
<af-end id="4747" timestamp="2019-08-11T07:39:44.273" threadId="0000000000881888" success="true" from="nursery"/>
<exclusive-end id="4748" timestamp="2019-08-11T07:39:44.273" durationms="3.944" />

<exclusive-start id="4749" timestamp="2019-08-11T07:39:44.284" intervalms="14.792">
  <response-info timems="0.024" idlems="0.024" threads="0" lastid="0000000000880F00" lastname="main" />
</exclusive-start>
<af-start id="4750" threadId="0000000000881888" totalBytesRequested="1168" timestamp="2019-08-11T07:39:44.284" intervalms="14.762" type="nursery" />
<cycle-start id="4751" type="scavenge" contextid="0" timestamp="2019-08-11T07:39:44.284" intervalms="14.762" />
<gc-start id="4752" type="scavenge" contextid="4751" timestamp="2019-08-11T07:39:44.285">
  <mem-info id="4753" free="3965549320" total="4080664576" percent="97">
    <mem type="nursery" free="0" total="89260032" percent="0">
      <mem type="allocate" free="0" total="80281600" percent="0" />
      <mem type="survivor" free="0" total="8978432" percent="0" />
    </mem>
    <mem type="tenure" free="3965549320" total="3991404544" percent="99">
      <mem type="soa" free="3766008584" total="3791835136" percent="99" />
      <mem type="loa" free="199540736" total="199569408" percent="99" />
    </mem>
    <remembered-set count="120" />
  </mem-info>
</gc-start>
<allocation-stats totalBytes="79983024" >
  <allocated-bytes non-tlh="1168" tlh="79981856" />
  <largest-consumer threadName="main" threadId="0000000000880F00" bytes="79983024" />
</allocation-stats>
<gc-op id="4754" type="scavenge" timems="2.042" contextid="4751" timestamp="2019-08-11T07:39:44.287">
  <scavenger-info tenureage="3" tenuremask="fff8" tiltratio="89" />
  <memory-copied type="nursery" objects="2" bytes="56" bytesdiscarded="32200" />
</gc-op>
<heap-resize id="4755" type="expand" space="nursery" amount="6291456" count="1" timems="0.018" reason="excessive time being spent scavenging" timestamp="2019-08-11T07:39:44.287" />
<gc-end id="4756" type="scavenge" contextid="4751" durationms="2.434" usertimems="3.896" systemtimems="0.000" timestamp="2019-08-11T07:39:44.287" activeThreads="16">
  <mem-info id="4757" free="4051434760" total="4086956032" percent="99">
    <mem type="nursery" free="85885440" total="95551488" percent="89">
      <mem type="allocate" free="85885440" total="85917696" percent="99" />
      <mem type="survivor" free="0" total="9633792" percent="0" />
    </mem>
    <mem type="tenure" free="3965549320" total="3991404544" percent="99" macro-fragmented="4479464">
      <mem type="soa" free="3766008584" total="3791835136" percent="99" />
      <mem type="loa" free="199540736" total="199569408" percent="99" />
    </mem>
    <remembered-set count="120" />
  </mem-info>
</gc-end>
<cycle-end id="4758" type="scavenge" contextid="4751" timestamp="2019-08-11T07:39:44.287" />
  <attribute name="elasticGC enabled" value="1" />
  <attribute name= "numThreadsSpecified" value="16" />
  <attribute name="heapSize specified" value="-91291648" />
  <attribute name="Current GC Util" value="33" />
  <attribute name= "Current Time Running" value="75124" />
  <attribute name ="GC Interval" value="200" />
  <attribute name="ProportionalT" value="-23.500000" />
  <attribute name="ProportionalI" value="-23.500000" />
  <attribute name="ProportionalH" value="-23.500000" />
  <attribute name="Current Error" value="-47.000000" />
  <attribute name="IntegralT" value="-352.500000" />
  <attribute name="IntegralI" value="-352.500000" />
  <attribute name="IntegralH" value="-352.500000" />
  <attribute name="DerivativeT" value="-3.133333" />
  <attribute name="DerivativeI" value="-3.133333" />
  <attribute name="DerivativeH" value="-3.133333" />
  <attribute name="Loop Time for DT" value="15.000000" />
  <attribute name="Output H" value="4203675648"/>
  <attribute name="Output I" value="200"/>
  <attribute name="Output T" value="16"/>
  <attribute name="Target GC Util Change" value ="80.000000" />
  <attribute name="Current GC Util Change" value="33.000000"/>
  <attribute name="GC Util currently" value="33" />
  <attribute name="CPU Util currently" value="78236979756" />
<allocation-satisfied id="4759" threadId="0000000000880F00" bytesRequested="1168" />
<af-end id="4760" timestamp="2019-08-11T07:39:44.287" threadId="0000000000881888" success="true" from="nursery"/>
<exclusive-end id="4761" timestamp="2019-08-11T07:39:44.287" durationms="2.762" />

<exclusive-start id="4762" timestamp="2019-08-11T07:39:44.303" intervalms="18.742">
  <response-info timems="0.026" idlems="0.026" threads="0" lastid="0000000000880F00" lastname="main" />
</exclusive-start>
<af-start id="4763" threadId="0000000000881888" totalBytesRequested="1168" timestamp="2019-08-11T07:39:44.303" intervalms="18.758" type="nursery" />
<cycle-start id="4764" type="scavenge" contextid="0" timestamp="2019-08-11T07:39:44.303" intervalms="18.758" />
<gc-start id="4765" type="scavenge" contextid="4764" timestamp="2019-08-11T07:39:44.303">
  <mem-info id="4766" free="3965549320" total="4086956032" percent="97">
    <mem type="nursery" free="0" total="95551488" percent="0">
      <mem type="allocate" free="0" total="85917696" percent="0" />
      <mem type="survivor" free="0" total="9633792" percent="0" />
    </mem>
    <mem type="tenure" free="3965549320" total="3991404544" percent="99">
      <mem type="soa" free="3766008584" total="3791835136" percent="99" />
      <mem type="loa" free="199540736" total="199569408" percent="99" />
    </mem>
    <remembered-set count="125" />
  </mem-info>
</gc-start>
<allocation-stats totalBytes="85423712" >
  <allocated-bytes non-tlh="1168" tlh="85422544" />
  <largest-consumer threadName="main" threadId="0000000000880F00" bytes="85423712" />
</allocation-stats>
<gc-op id="4767" type="scavenge" timems="1.025" contextid="4764" timestamp="2019-08-11T07:39:44.304">
  <scavenger-info tenureage="3" tenuremask="fff8" tiltratio="89" />
  <memory-copied type="nursery" objects="27" bytes="1936" bytesdiscarded="30320" />
</gc-op>
<gc-end id="4768" type="scavenge" contextid="4764" durationms="1.383" usertimems="2.428" systemtimems="0.000" timestamp="2019-08-11T07:39:44.305" activeThreads="16">
  <mem-info id="4769" free="4051500296" total="4086956032" percent="99">
    <mem type="nursery" free="85950976" total="95551488" percent="89">
      <mem type="allocate" free="85950976" total="85983232" percent="99" />
      <mem type="survivor" free="0" total="9568256" percent="0" />
    </mem>
    <mem type="tenure" free="3965549320" total="3991404544" percent="99" macro-fragmented="6450429">
      <mem type="soa" free="3766008584" total="3791835136" percent="99" />
      <mem type="loa" free="199540736" total="199569408" percent="99" />
    </mem>
    <remembered-set count="125" />
  </mem-info>
</gc-end>
<cycle-end id="4770" type="scavenge" contextid="4764" timestamp="2019-08-11T07:39:44.305" />
  <attribute name="elasticGC enabled" value="1" />
  <attribute name= "numThreadsSpecified" value="16" />
  <attribute name="heapSize specified" value="-91291648" />
  <attribute name="Current GC Util" value="22" />
  <attribute name= "Current Time Running" value="75143" />
  <attribute name ="GC Interval" value="200" />
  <attribute name="ProportionalT" value="-29.000000" />
  <attribute name="ProportionalI" value="-29.000000" />
  <attribute name="ProportionalH" value="-29.000000" />
  <attribute name="Current Error" value="-58.000000" />
  <attribute name="IntegralT" value="-551.000000" />
  <attribute name="IntegralI" value="-551.000000" />
  <attribute name="IntegralH" value="-551.000000" />
  <attribute name="DerivativeT" value="-3.052632" />
  <attribute name="DerivativeI" value="-3.052632" />
  <attribute name="DerivativeH" value="-3.052632" />
  <attribute name="Loop Time for DT" value="19.000000" />
  <attribute name="Output H" value="4203675648"/>
  <attribute name="Output I" value="200"/>
  <attribute name="Output T" value="16"/>
  <attribute name="Target GC Util Change" value ="80.000000" />
  <attribute name="Current GC Util Change" value="22.000000"/>
  <attribute name="GC Util currently" value="22" />
  <attribute name="CPU Util currently" value="61413883943" />
<allocation-satisfied id="4771" threadId="0000000000880F00" bytesRequested="1168" />
<af-end id="4772" timestamp="2019-08-11T07:39:44.305" threadId="0000000000881888" success="true" from="nursery"/>
<exclusive-end id="4773" timestamp="2019-08-11T07:39:44.305" durationms="1.654" />

<exclusive-start id="4774" timestamp="2019-08-11T07:39:44.316" intervalms="13.142">
  <response-info timems="0.038" idlems="0.038" threads="0" lastid="0000000000880F00" lastname="main" />
</exclusive-start>
<af-start id="4775" threadId="0000000000881888" totalBytesRequested="1168" timestamp="2019-08-11T07:39:44.316" intervalms="13.124" type="nursery" />
<cycle-start id="4776" type="scavenge" contextid="0" timestamp="2019-08-11T07:39:44.316" intervalms="13.122" />
<gc-start id="4777" type="scavenge" contextid="4776" timestamp="2019-08-11T07:39:44.316">
  <mem-info id="4778" free="3965549320" total="4086956032" percent="97">
    <mem type="nursery" free="0" total="95551488" percent="0">
      <mem type="allocate" free="0" total="85983232" percent="0" />
      <mem type="survivor" free="0" total="9568256" percent="0" />
    </mem>
    <mem type="tenure" free="3965549320" total="3991404544" percent="99">
      <mem type="soa" free="3766008584" total="3791835136" percent="99" />
      <mem type="loa" free="199540736" total="199569408" percent="99" />
    </mem>
    <remembered-set count="125" />
  </mem-info>
</gc-start>
<allocation-stats totalBytes="85410952" >
  <allocated-bytes non-tlh="1168" tlh="85409784" />
  <largest-consumer threadName="main" threadId="0000000000880F00" bytes="85410952" />
</allocation-stats>
<gc-op id="4779" type="scavenge" timems="1.158" contextid="4776" timestamp="2019-08-11T07:39:44.318">
  <scavenger-info tenureage="3" tenuremask="fff8" tiltratio="89" />
  <memory-copied type="nursery" objects="28" bytes="1960" bytesdiscarded="14168" />
</gc-op>
<heap-resize id="4780" type="expand" space="nursery" amount="4063232" count="1" timems="0.016" reason="excessive time being spent scavenging" timestamp="2019-08-11T07:39:44.318" />
<gc-end id="4781" type="scavenge" contextid="4776" durationms="1.595" usertimems="2.572" systemtimems="0.000" timestamp="2019-08-11T07:39:44.318" activeThreads="16">
  <mem-info id="4782" free="4055120904" total="4091019264" percent="99">
    <mem type="nursery" free="89571584" total="99614720" percent="89">
      <mem type="allocate" free="89571584" total="89587712" percent="99" />
      <mem type="survivor" free="0" total="10027008" percent="0" />
    </mem>
    <mem type="tenure" free="3965549320" total="3991404544" percent="99" macro-fragmented="1250136">
      <mem type="soa" free="3766008584" total="3791835136" percent="99" />
      <mem type="loa" free="199540736" total="199569408" percent="99" />
    </mem>
    <remembered-set count="115" />
  </mem-info>
</gc-end>
<cycle-end id="4783" type="scavenge" contextid="4776" timestamp="2019-08-11T07:39:44.318" />
  <attribute name="elasticGC enabled" value="1" />
  <attribute name= "numThreadsSpecified" value="16" />
  <attribute name="heapSize specified" value="-91291648" />
  <attribute name="Current GC Util" value="19" />
  <attribute name= "Current Time Running" value="75156" />
  <attribute name ="GC Interval" value="200" />
  <attribute name="ProportionalT" value="-30.500000" />
  <attribute name="ProportionalI" value="-30.500000" />
  <attribute name="ProportionalH" value="-30.500000" />
  <attribute name="Current Error" value="-61.000000" />
  <attribute name="IntegralT" value="-396.500000" />
  <attribute name="IntegralI" value="-396.500000" />
  <attribute name="IntegralH" value="-396.500000" />
  <attribute name="DerivativeT" value="-4.692308" />
  <attribute name="DerivativeI" value="-4.692308" />
  <attribute name="DerivativeH" value="-4.692308" />
  <attribute name="Loop Time for DT" value="13.000000" />
  <attribute name="Output H" value="4203675648"/>
  <attribute name="Output I" value="200"/>
  <attribute name="Output T" value="16"/>
  <attribute name="Target GC Util Change" value ="80.000000" />
  <attribute name="Current GC Util Change" value="19.000000"/>
  <attribute name="GC Util currently" value="19" />
  <attribute name="CPU Util currently" value="87960533331" />
<allocation-satisfied id="4784" threadId="0000000000880F00" bytesRequested="1168" />
<af-end id="4785" timestamp="2019-08-11T07:39:44.318" threadId="0000000000881888" success="true" from="nursery"/>
<exclusive-end id="4786" timestamp="2019-08-11T07:39:44.318" durationms="1.847" />

<exclusive-start id="4787" timestamp="2019-08-11T07:39:44.329" intervalms="13.128">
  <response-info timems="0.025" idlems="0.025" threads="0" lastid="0000000000880F00" lastname="main" />
</exclusive-start>
<af-start id="4788" threadId="0000000000881888" totalBytesRequested="1168" timestamp="2019-08-11T07:39:44.329" intervalms="13.121" type="nursery" />
<cycle-start id="4789" type="scavenge" contextid="0" timestamp="2019-08-11T07:39:44.329" intervalms="13.118" />
<gc-start id="4790" type="scavenge" contextid="4789" timestamp="2019-08-11T07:39:44.330">
  <mem-info id="4791" free="3965549320" total="4091019264" percent="96">
    <mem type="nursery" free="0" total="99614720" percent="0">
      <mem type="allocate" free="0" total="89587712" percent="0" />
      <mem type="survivor" free="0" total="10027008" percent="0" />
    </mem>
    <mem type="tenure" free="3965549320" total="3991404544" percent="99">
      <mem type="soa" free="3766008584" total="3791835136" percent="99" />
      <mem type="loa" free="199540736" total="199569408" percent="99" />
    </mem>
    <remembered-set count="115" />
  </mem-info>
</gc-start>
<allocation-stats totalBytes="89010640" >
  <allocated-bytes non-tlh="1168" tlh="89009472" />
  <largest-consumer threadName="main" threadId="0000000000880F00" bytes="89010640" />
</allocation-stats>
<gc-op id="4792" type="scavenge" timems="1.122" contextid="4789" timestamp="2019-08-11T07:39:44.331">
  <scavenger-info tenureage="3" tenuremask="fff8" tiltratio="89" />
  <memory-copied type="nursery" objects="28" bytes="1960" bytesdiscarded="30296" />
</gc-op>
<gc-end id="4793" type="scavenge" contextid="4789" durationms="1.428" usertimems="2.950" systemtimems="0.000" timestamp="2019-08-11T07:39:44.331" activeThreads="16">
  <mem-info id="4794" free="4055170312" total="4091019264" percent="99">
    <mem type="nursery" free="89620992" total="99614720" percent="89">
      <mem type="allocate" free="89620992" total="89653248" percent="99" />
      <mem type="survivor" free="0" total="9961472" percent="0" />
    </mem>
    <mem type="tenure" free="3965549320" total="3991404544" percent="99" macro-fragmented="5375357">
      <mem type="soa" free="3766008584" total="3791835136" percent="99" />
      <mem type="loa" free="199540736" total="199569408" percent="99" />
    </mem>
    <remembered-set count="115" />
  </mem-info>
</gc-end>
<cycle-end id="4795" type="scavenge" contextid="4789" timestamp="2019-08-11T07:39:44.331" />
  <attribute name="elasticGC enabled" value="1" />
  <attribute name= "numThreadsSpecified" value="16" />
  <attribute name="heapSize specified" value="-91291648" />
  <attribute name="Current GC Util" value="20" />
  <attribute name= "Current Time Running" value="75169" />
  <attribute name ="GC Interval" value="200" />
  <attribute name="ProportionalT" value="-30.000000" />
  <attribute name="ProportionalI" value="-30.000000" />
  <attribute name="ProportionalH" value="-30.000000" />
  <attribute name="Current Error" value="-60.000000" />
  <attribute name="IntegralT" value="-390.000000" />
  <attribute name="IntegralI" value="-390.000000" />
  <attribute name="IntegralH" value="-390.000000" />
  <attribute name="DerivativeT" value="-4.615385" />
  <attribute name="DerivativeI" value="-4.615385" />
  <attribute name="DerivativeH" value="-4.615385" />
  <attribute name="Loop Time for DT" value="13.000000" />
  <attribute name="Output H" value="4203675648"/>
  <attribute name="Output I" value="200"/>
  <attribute name="Output T" value="16"/>
  <attribute name="Target GC Util Change" value ="80.000000" />
  <attribute name="Current GC Util Change" value="20.000000"/>
  <attribute name="GC Util currently" value="20" />
  <attribute name="CPU Util currently" value="87856852639" />
<allocation-satisfied id="4796" threadId="0000000000880F00" bytesRequested="1168" />
<af-end id="4797" timestamp="2019-08-11T07:39:44.331" threadId="0000000000881888" success="true" from="nursery"/>
<exclusive-end id="4798" timestamp="2019-08-11T07:39:44.331" durationms="1.646" />

<exclusive-start id="4799" timestamp="2019-08-11T07:39:44.342" intervalms="12.639">
  <response-info timems="0.014" idlems="0.014" threads="0" lastid="0000000000880F00" lastname="main" />
</exclusive-start>
<af-start id="4800" threadId="0000000000881888" totalBytesRequested="1168" timestamp="2019-08-11T07:39:44.342" intervalms="12.639" type="nursery" />
<cycle-start id="4801" type="scavenge" contextid="0" timestamp="2019-08-11T07:39:44.342" intervalms="12.636" />
<gc-start id="4802" type="scavenge" contextid="4801" timestamp="2019-08-11T07:39:44.342">
  <mem-info id="4803" free="3965549320" total="4091019264" percent="96">
    <mem type="nursery" free="0" total="99614720" percent="0">
      <mem type="allocate" free="0" total="89653248" percent="0" />
      <mem type="survivor" free="0" total="9961472" percent="0" />
    </mem>
    <mem type="tenure" free="3965549320" total="3991404544" percent="99">
      <mem type="soa" free="3766008584" total="3791835136" percent="99" />
      <mem type="loa" free="199540736" total="199569408" percent="99" />
    </mem>
    <remembered-set count="115" />
  </mem-info>
</gc-start>
<allocation-stats totalBytes="89059024" >
  <allocated-bytes non-tlh="1168" tlh="89057856" />
  <largest-consumer threadName="main" threadId="0000000000880F00" bytes="89059024" />
</allocation-stats>
<gc-op id="4804" type="scavenge" timems="1.331" contextid="4801" timestamp="2019-08-11T07:39:44.343">
  <scavenger-info tenureage="3" tenuremask="fff8" tiltratio="90" />
  <memory-copied type="nursery" objects="2" bytes="64" bytesdiscarded="16064" />
  <memory-copied type="tenure" objects="26" bytes="1896" bytesdiscarded="0" />
</gc-op>
<heap-resize id="4805" type="expand" space="nursery" amount="4980736" count="1" timems="0.016" reason="excessive time being spent scavenging" timestamp="2019-08-11T07:39:44.344" />
<gc-end id="4806" type="scavenge" contextid="4801" durationms="1.705" usertimems="2.950" systemtimems="0.000" timestamp="2019-08-11T07:39:44.344" activeThreads="16">
  <mem-info id="4807" free="4059642888" total="4096000000" percent="99">
    <mem type="nursery" free="94093568" total="104595456" percent="89">
      <mem type="allocate" free="94093568" total="94109696" percent="99" />
      <mem type="survivor" free="0" total="10485760" percent="0" />
    </mem>
    <mem type="tenure" free="3965549320" total="3991404544" percent="99" macro-fragmented="0">
      <mem type="soa" free="3766008584" total="3791835136" percent="99" />
      <mem type="loa" free="199540736" total="199569408" percent="99" />
    </mem>
    <remembered-set count="120" />
  </mem-info>
</gc-end>
<cycle-end id="4808" type="scavenge" contextid="4801" timestamp="2019-08-11T07:39:44.344" />
  <attribute name="elasticGC enabled" value="1" />
  <attribute name= "numThreadsSpecified" value="16" />
  <attribute name="heapSize specified" value="-91291648" />
  <attribute name="Current GC Util" value="21" />
  <attribute name= "Current Time Running" value="75181" />
  <attribute name ="GC Interval" value="200" />
  <attribute name="ProportionalT" value="-29.500000" />
  <attribute name="ProportionalI" value="-29.500000" />
  <attribute name="ProportionalH" value="-29.500000" />
  <attribute name="Current Error" value="-59.000000" />
  <attribute name="IntegralT" value="-354.000000" />
  <attribute name="IntegralI" value="-354.000000" />
  <attribute name="IntegralH" value="-354.000000" />
  <attribute name="DerivativeT" value="-4.916667" />
  <attribute name="DerivativeI" value="-4.916667" />
  <attribute name="DerivativeH" value="-4.916667" />
  <attribute name="Loop Time for DT" value="12.000000" />
  <attribute name="Output H" value="4203675648"/>
  <attribute name="Output I" value="200"/>
  <attribute name="Output T" value="16"/>
  <attribute name="Target GC Util Change" value ="80.000000" />
  <attribute name="Current GC Util Change" value="21.000000"/>
  <attribute name="GC Util currently" value="21" />
  <attribute name="CPU Util currently" value="90944095714" />
<allocation-satisfied id="4809" threadId="0000000000880F00" bytesRequested="1168" />
<af-end id="4810" timestamp="2019-08-11T07:39:44.344" threadId="0000000000881888" success="true" from="nursery"/>
<exclusive-end id="4811" timestamp="2019-08-11T07:39:44.344" durationms="2.083" />

<exclusive-start id="4812" timestamp="2019-08-11T07:39:44.395" intervalms="53.202">
  <response-info timems="0.019" idlems="0.019" threads="0" lastid="0000000000880F00" lastname="main" />
</exclusive-start>
<af-start id="4813" threadId="0000000000881888" totalBytesRequested="40" timestamp="2019-08-11T07:39:44.395" intervalms="53.202" type="nursery" />
<cycle-start id="4814" type="scavenge" contextid="0" timestamp="2019-08-11T07:39:44.395" intervalms="53.203" />
<gc-start id="4815" type="scavenge" contextid="4814" timestamp="2019-08-11T07:39:44.395">
  <mem-info id="4816" free="3965549320" total="4096000000" percent="96">
    <mem type="nursery" free="0" total="104595456" percent="0">
      <mem type="allocate" free="0" total="94109696" percent="0" />
      <mem type="survivor" free="0" total="10485760" percent="0" />
    </mem>
    <mem type="tenure" free="3965549320" total="3991404544" percent="99">
      <mem type="soa" free="3766008584" total="3791835136" percent="99" />
      <mem type="loa" free="199540736" total="199569408" percent="99" />
    </mem>
    <remembered-set count="125" />
  </mem-info>
</gc-start>
<allocation-stats totalBytes="94073352" >
  <allocated-bytes non-tlh="1168" tlh="94072184" />
  <largest-consumer threadName="main" threadId="0000000000880F00" bytes="94073352" />
</allocation-stats>
<gc-op id="4817" type="scavenge" timems="1.631" contextid="4814" timestamp="2019-08-11T07:39:44.398">
  <scavenger-info tenureage="3" tenuremask="ffe8" tiltratio="89" />
  <memory-copied type="nursery" objects="157" bytes="5208" bytesdiscarded="27048" />
</gc-op>
<gc-end id="4818" type="scavenge" contextid="4814" durationms="2.497" usertimems="4.649" systemtimems="0.000" timestamp="2019-08-11T07:39:44.398" activeThreads="16">
  <mem-info id="4819" free="4059626760" total="4096000000" percent="99">
    <mem type="nursery" free="94077440" total="104595456" percent="89">
      <mem type="allocate" free="94077440" total="94109696" percent="99" />
      <mem type="survivor" free="0" total="10485760" percent="0" />
    </mem>
    <mem type="tenure" free="3965549320" total="3991404544" percent="99" macro-fragmented="0">
      <mem type="soa" free="3766008584" total="3791835136" percent="99" />
      <mem type="loa" free="199540736" total="199569408" percent="99" />
    </mem>
    <remembered-set count="125" />
  </mem-info>
</gc-end>
<cycle-end id="4820" type="scavenge" contextid="4814" timestamp="2019-08-11T07:39:44.398" />
  <attribute name="elasticGC enabled" value="1" />
  <attribute name= "numThreadsSpecified" value="16" />
  <attribute name="heapSize specified" value="-91291648" />
  <attribute name="Current GC Util" value="5" />
  <attribute name= "Current Time Running" value="75235" />
  <attribute name ="GC Interval" value="200" />
  <attribute name="ProportionalT" value="-37.500000" />
  <attribute name="ProportionalI" value="-37.500000" />
  <attribute name="ProportionalH" value="-37.500000" />
  <attribute name="Current Error" value="-75.000000" />
  <attribute name="IntegralT" value="-2025.000000" />
  <attribute name="IntegralI" value="-2025.000000" />
  <attribute name="IntegralH" value="-2025.000000" />
  <attribute name="DerivativeT" value="-1.388889" />
  <attribute name="DerivativeI" value="-1.388889" />
  <attribute name="DerivativeH" value="-1.388889" />
  <attribute name="Loop Time for DT" value="54.000000" />
  <attribute name="Output H" value="4203675648"/>
  <attribute name="Output I" value="200"/>
  <attribute name="Output T" value="16"/>
  <attribute name="Target GC Util Change" value ="80.000000" />
  <attribute name="Current GC Util Change" value="5.000000"/>
  <attribute name="GC Util currently" value="5" />
  <attribute name="CPU Util currently" value="21451438658" />
<allocation-satisfied id="4821" threadId="0000000000880F00" bytesRequested="40" />
<af-end id="4822" timestamp="2019-08-11T07:39:44.398" threadId="0000000000881888" success="true" from="nursery"/>
<exclusive-end id="4823" timestamp="2019-08-11T07:39:44.398" durationms="2.729" />

<exclusive-start id="4824" timestamp="2019-08-11T07:39:44.463" intervalms="67.705">
  <response-info timems="0.022" idlems="0.022" threads="0" lastid="0000000000880F00" lastname="main" />
</exclusive-start>
<af-start id="4825" threadId="0000000000881888" totalBytesRequested="32" timestamp="2019-08-11T07:39:44.463" intervalms="67.701" type="nursery" />
<cycle-start id="4826" type="scavenge" contextid="0" timestamp="2019-08-11T07:39:44.463" intervalms="67.701" />
<gc-start id="4827" type="scavenge" contextid="4826" timestamp="2019-08-11T07:39:44.463">
  <mem-info id="4828" free="3965549320" total="4096000000" percent="96">
    <mem type="nursery" free="0" total="104595456" percent="0">
      <mem type="allocate" free="0" total="94109696" percent="0" />
      <mem type="survivor" free="0" total="10485760" percent="0" />
    </mem>
    <mem type="tenure" free="3965549320" total="3991404544" percent="99">
      <mem type="soa" free="3766008584" total="3791835136" percent="99" />
      <mem type="loa" free="199540736" total="199569408" percent="99" />
    </mem>
    <remembered-set count="133" />
  </mem-info>
</gc-start>
<allocation-stats totalBytes="94048336" >
  <allocated-bytes non-tlh="40" tlh="94048296" />
  <largest-consumer threadName="main" threadId="0000000000880F00" bytes="94048336" />
</allocation-stats>
<gc-op id="4829" type="scavenge" timems="1.574" contextid="4826" timestamp="2019-08-11T07:39:44.465">
  <scavenger-info tenureage="3" tenuremask="fff8" tiltratio="89" />
  <memory-copied type="nursery" objects="78" bytes="2456" bytesdiscarded="77368" />
  <references type="weak" candidates="37" cleared="7" enqueued="3" />
</gc-op>
<gc-end id="4830" type="scavenge" contextid="4826" durationms="1.893" usertimems="4.193" systemtimems="0.000" timestamp="2019-08-11T07:39:44.465" activeThreads="16">
  <mem-info id="4831" free="4059579144" total="4096000000" percent="99">
    <mem type="nursery" free="94029824" total="104595456" percent="89">
      <mem type="allocate" free="94029824" total="94109696" percent="99" />
      <mem type="survivor" free="0" total="10485760" percent="0" />
    </mem>
    <mem type="tenure" free="3965549320" total="3991404544" percent="99" macro-fragmented="168253">
      <mem type="soa" free="3766008584" total="3791835136" percent="99" />
      <mem type="loa" free="199540736" total="199569408" percent="99" />
    </mem>
    <pending-finalizers system="0" default="0" reference="3" classloader="0" />
    <remembered-set count="123" />
  </mem-info>
</gc-end>
<cycle-end id="4832" type="scavenge" contextid="4826" timestamp="2019-08-11T07:39:44.465" />
  <attribute name="elasticGC enabled" value="1" />
  <attribute name= "numThreadsSpecified" value="16" />
  <attribute name="heapSize specified" value="-91291648" />
  <attribute name="Current GC Util" value="7" />
  <attribute name= "Current Time Running" value="75302" />
  <attribute name ="GC Interval" value="200" />
  <attribute name="ProportionalT" value="-36.500000" />
  <attribute name="ProportionalI" value="-36.500000" />
  <attribute name="ProportionalH" value="-36.500000" />
  <attribute name="Current Error" value="-73.000000" />
  <attribute name="IntegralT" value="-2445.500000" />
  <attribute name="IntegralI" value="-2445.500000" />
  <attribute name="IntegralH" value="-2445.500000" />
  <attribute name="DerivativeT" value="-1.089552" />
  <attribute name="DerivativeI" value="-1.089552" />
  <attribute name="DerivativeH" value="-1.089552" />
  <attribute name="Loop Time for DT" value="67.000000" />
  <attribute name="Output H" value="4203675648"/>
  <attribute name="Output I" value="200"/>
  <attribute name="Output T" value="16"/>
  <attribute name="Target GC Util Change" value ="80.000000" />
  <attribute name="Current GC Util Change" value="7.000000"/>
  <attribute name="GC Util currently" value="7" />
  <attribute name="CPU Util currently" value="17182711072" />
<allocation-satisfied id="4833" threadId="0000000000880F00" bytesRequested="32" />
<af-end id="4834" timestamp="2019-08-11T07:39:44.465" threadId="0000000000881888" success="true" from="nursery"/>
<exclusive-end id="4835" timestamp="2019-08-11T07:39:44.465" durationms="2.102" />

<exclusive-start id="4836" timestamp="2019-08-11T07:39:44.481" intervalms="18.435">
  <response-info timems="0.021" idlems="0.021" threads="0" lastid="0000000000880F00" lastname="main" />
</exclusive-start>
<af-start id="4837" threadId="0000000000881888" totalBytesRequested="136" timestamp="2019-08-11T07:39:44.481" intervalms="18.446" type="nursery" />
<cycle-start id="4838" type="scavenge" contextid="0" timestamp="2019-08-11T07:39:44.481" intervalms="18.456" />
<gc-start id="4839" type="scavenge" contextid="4838" timestamp="2019-08-11T07:39:44.482">
  <mem-info id="4840" free="3965549320" total="4096000000" percent="96">
    <mem type="nursery" free="0" total="104595456" percent="0">
      <mem type="allocate" free="0" total="94109696" percent="0" />
      <mem type="survivor" free="0" total="10485760" percent="0" />
    </mem>
    <mem type="tenure" free="3965549320" total="3991404544" percent="99">
      <mem type="soa" free="3766008584" total="3791835136" percent="99" />
      <mem type="loa" free="199540736" total="199569408" percent="99" />
    </mem>
    <remembered-set count="124" />
  </mem-info>
</gc-start>
<allocation-stats totalBytes="93981888" >
  <allocated-bytes non-tlh="32" tlh="93981856" />
  <largest-consumer threadName="main" threadId="0000000000880F00" bytes="93981888" />
</allocation-stats>
<gc-op id="4841" type="scavenge" timems="1.336" contextid="4838" timestamp="2019-08-11T07:39:44.483">
  <scavenger-info tenureage="3" tenuremask="fff8" tiltratio="89" />
  <memory-copied type="nursery" objects="79" bytes="2392" bytesdiscarded="69800" />
  <references type="weak" candidates="30" cleared="0" enqueued="0" />
</gc-op>
<gc-end id="4842" type="scavenge" contextid="4838" durationms="1.599" usertimems="2.851" systemtimems="0.000" timestamp="2019-08-11T07:39:44.483" activeThreads="16">
  <mem-info id="4843" free="4059586824" total="4096000000" percent="99">
    <mem type="nursery" free="94037504" total="104595456" percent="89">
      <mem type="allocate" free="94037504" total="94109696" percent="99" />
      <mem type="survivor" free="0" total="10485760" percent="0" />
    </mem>
    <mem type="tenure" free="3965549320" total="3991404544" percent="99" macro-fragmented="0">
      <mem type="soa" free="3766008584" total="3791835136" percent="99" />
      <mem type="loa" free="199540736" total="199569408" percent="99" />
    </mem>
    <remembered-set count="124" />
  </mem-info>
</gc-end>
<cycle-end id="4844" type="scavenge" contextid="4838" timestamp="2019-08-11T07:39:44.483" />
  <attribute name="elasticGC enabled" value="1" />
  <attribute name= "numThreadsSpecified" value="16" />
  <attribute name="heapSize specified" value="-91291648" />
  <attribute name="Current GC Util" value="22" />
  <attribute name= "Current Time Running" value="75321" />
  <attribute name ="GC Interval" value="200" />
  <attribute name="ProportionalT" value="-29.000000" />
  <attribute name="ProportionalI" value="-29.000000" />
  <attribute name="ProportionalH" value="-29.000000" />
  <attribute name="Current Error" value="-58.000000" />
  <attribute name="IntegralT" value="-551.000000" />
  <attribute name="IntegralI" value="-551.000000" />
  <attribute name="IntegralH" value="-551.000000" />
  <attribute name="DerivativeT" value="-3.052632" />
  <attribute name="DerivativeI" value="-3.052632" />
  <attribute name="DerivativeH" value="-3.052632" />
  <attribute name="Loop Time for DT" value="19.000000" />
  <attribute name="Output H" value="4203675648"/>
  <attribute name="Output I" value="200"/>
  <attribute name="Output T" value="16"/>
  <attribute name="Target GC Util Change" value ="80.000000" />
  <attribute name="Current GC Util Change" value="22.000000"/>
  <attribute name="GC Util currently" value="22" />
  <attribute name="CPU Util currently" value="62376485856" />
<allocation-satisfied id="4845" threadId="0000000000880F00" bytesRequested="136" />
<af-end id="4846" timestamp="2019-08-11T07:39:44.483" threadId="0000000000881888" success="true" from="nursery"/>
<exclusive-end id="4847" timestamp="2019-08-11T07:39:44.483" durationms="1.846" />

<exclusive-start id="4848" timestamp="2019-08-11T07:39:44.500" intervalms="18.691">
  <response-info timems="0.018" idlems="0.018" threads="0" lastid="0000000000880F00" lastname="main" />
</exclusive-start>
<af-start id="4849" threadId="0000000000881888" totalBytesRequested="32" timestamp="2019-08-11T07:39:44.500" intervalms="18.681" type="nursery" />
<cycle-start id="4850" type="scavenge" contextid="0" timestamp="2019-08-11T07:39:44.500" intervalms="18.674" />
<gc-start id="4851" type="scavenge" contextid="4850" timestamp="2019-08-11T07:39:44.500">
  <mem-info id="4852" free="3965549320" total="4096000000" percent="96">
    <mem type="nursery" free="0" total="104595456" percent="0">
      <mem type="allocate" free="0" total="94109696" percent="0" />
      <mem type="survivor" free="0" total="10485760" percent="0" />
    </mem>
    <mem type="tenure" free="3965549320" total="3991404544" percent="99">
      <mem type="soa" free="3766008584" total="3791835136" percent="99" />
      <mem type="loa" free="199540736" total="199569408" percent="99" />
    </mem>
    <remembered-set count="124" />
  </mem-info>
</gc-start>
<allocation-stats totalBytes="93989776" >
  <allocated-bytes non-tlh="136" tlh="93989640" />
  <largest-consumer threadName="main" threadId="0000000000880F00" bytes="93989776" />
</allocation-stats>
<gc-op id="4853" type="scavenge" timems="1.237" contextid="4850" timestamp="2019-08-11T07:39:44.501">
  <scavenger-info tenureage="3" tenuremask="fff8" tiltratio="89" />
  <memory-copied type="nursery" objects="71" bytes="2240" bytesdiscarded="86080" />
  <memory-copied type="tenure" objects="7" bytes="160" bytesdiscarded="0" />
  <references type="weak" candidates="30" cleared="0" enqueued="0" />
</gc-op>
<gc-end id="4854" type="scavenge" contextid="4850" durationms="1.564" usertimems="2.437" systemtimems="0.000" timestamp="2019-08-11T07:39:44.502" activeThreads="16">
  <mem-info id="4855" free="4059570696" total="4096000000" percent="99">
    <mem type="nursery" free="94021376" total="104595456" percent="89">
      <mem type="allocate" free="94021376" total="94109696" percent="99" />
      <mem type="survivor" free="0" total="10485760" percent="0" />
    </mem>
    <mem type="tenure" free="3965549320" total="3991404544" percent="99" macro-fragmented="56347">
      <mem type="soa" free="3766008584" total="3791835136" percent="99" />
      <mem type="loa" free="199540736" total="199569408" percent="99" />
    </mem>
    <remembered-set count="120" />
  </mem-info>
</gc-end>
<cycle-end id="4856" type="scavenge" contextid="4850" timestamp="2019-08-11T07:39:44.502" />
  <attribute name="elasticGC enabled" value="1" />
  <attribute name= "numThreadsSpecified" value="16" />
  <attribute name="heapSize specified" value="-91291648" />
  <attribute name="Current GC Util" value="16" />
  <attribute name= "Current Time Running" value="75339" />
  <attribute name ="GC Interval" value="200" />
  <attribute name="ProportionalT" value="-32.000000" />
  <attribute name="ProportionalI" value="-32.000000" />
  <attribute name="ProportionalH" value="-32.000000" />
  <attribute name="Current Error" value="-64.000000" />
  <attribute name="IntegralT" value="-576.000000" />
  <attribute name="IntegralI" value="-576.000000" />
  <attribute name="IntegralH" value="-576.000000" />
  <attribute name="DerivativeT" value="-3.555556" />
  <attribute name="DerivativeI" value="-3.555556" />
  <attribute name="DerivativeH" value="-3.555556" />
  <attribute name="Loop Time for DT" value="18.000000" />
  <attribute name="Output H" value="4203675648"/>
  <attribute name="Output I" value="200"/>
  <attribute name="Output T" value="16"/>
  <attribute name="Target GC Util Change" value ="80.000000" />
  <attribute name="Current GC Util Change" value="16.000000"/>
  <attribute name="GC Util currently" value="16" />
  <attribute name="CPU Util currently" value="61657238678" />
<allocation-satisfied id="4857" threadId="0000000000880F00" bytesRequested="32" />
<af-end id="4858" timestamp="2019-08-11T07:39:44.502" threadId="0000000000881888" success="true" from="nursery"/>
<exclusive-end id="4859" timestamp="2019-08-11T07:39:44.502" durationms="1.822" />

<exclusive-start id="4860" timestamp="2019-08-11T07:39:44.520" intervalms="19.837">
  <response-info timems="0.017" idlems="0.017" threads="0" lastid="0000000000880F00" lastname="main" />
</exclusive-start>
<af-start id="4861" threadId="0000000000881888" totalBytesRequested="248" timestamp="2019-08-11T07:39:44.520" intervalms="19.843" type="nursery" />
<cycle-start id="4862" type="scavenge" contextid="0" timestamp="2019-08-11T07:39:44.520" intervalms="19.846" />
<gc check: start verifying slots before local gc (398)>
<gc check: finished verifying slots before local gc (398)>
<gc-start id="4863" type="scavenge" contextid="4862" timestamp="2019-08-11T07:39:44.775">
  <mem-info id="4864" free="3965549320" total="4096000000" percent="96">
    <mem type="nursery" free="0" total="104595456" percent="0">
      <mem type="allocate" free="0" total="94109696" percent="0" />
      <mem type="survivor" free="0" total="10485760" percent="0" />
    </mem>
    <mem type="tenure" free="3965549320" total="3991404544" percent="99">
      <mem type="soa" free="3766008584" total="3791835136" percent="99" />
      <mem type="loa" free="199540736" total="199569408" percent="99" />
    </mem>
    <remembered-set count="122" />
  </mem-info>
</gc-start>
<allocation-stats totalBytes="93938248" >
  <allocated-bytes non-tlh="32" tlh="93938216" />
  <largest-consumer threadName="main" threadId="0000000000880F00" bytes="93938248" />
</allocation-stats>
<gc-op id="4865" type="scavenge" timems="1.792" contextid="4862" timestamp="2019-08-11T07:39:44.777">
  <scavenger-info tenureage="3" tenuremask="ffe8" tiltratio="89" />
  <memory-copied type="nursery" objects="23" bytes="920" bytesdiscarded="31336" />
  <memory-copied type="tenure" objects="55" bytes="1576" bytesdiscarded="0" />
</gc-op>
<gc check: start verifying slots after local gc (398)>
<gc check: finished verifying slots after local gc (398)>
<gc-end id="4866" type="scavenge" contextid="4862" durationms="100.246" usertimems="102.361" systemtimems="0.000" timestamp="2019-08-11T07:39:44.875" activeThreads="16">
  <mem-info id="4867" free="4059626760" total="4096000000" percent="99">
    <mem type="nursery" free="94077440" total="104595456" percent="89">
      <mem type="allocate" free="94077440" total="94109696" percent="99" />
      <mem type="survivor" free="0" total="10485760" percent="0" />
    </mem>
    <mem type="tenure" free="3965549320" total="3991404544" percent="99" macro-fragmented="0">
      <mem type="soa" free="3766008584" total="3791835136" percent="99" />
      <mem type="loa" free="199540736" total="199569408" percent="99" />
    </mem>
    <remembered-set count="113" />
  </mem-info>
</gc-end>
<cycle-end id="4868" type="scavenge" contextid="4862" timestamp="2019-08-11T07:39:44.875" />
  <attribute name="elasticGC enabled" value="1" />
  <attribute name= "numThreadsSpecified" value="16" />
  <attribute name="heapSize specified" value="-91291648" />
  <attribute name="Current GC Util" value="0" />
  <attribute name= "Current Time Running" value="75614" />
  <attribute name ="GC Interval" value="200" />
  <attribute name="ProportionalT" value="-40.000000" />
  <attribute name="ProportionalI" value="-40.000000" />
  <attribute name="ProportionalH" value="-40.000000" />
  <attribute name="Current Error" value="-80.000000" />
  <attribute name="IntegralT" value="-11000.000000" />
  <attribute name="IntegralI" value="-11000.000000" />
  <attribute name="IntegralH" value="-11000.000000" />
  <attribute name="DerivativeT" value="-0.290909" />
  <attribute name="DerivativeI" value="-0.290909" />
  <attribute name="DerivativeH" value="-0.290909" />
  <attribute name="Loop Time for DT" value="275.000000" />
  <attribute name="Output H" value="4203675648"/>
  <attribute name="Output I" value="200"/>
  <attribute name="Output T" value="16"/>
  <attribute name="Target GC Util Change" value ="80.000000" />
  <attribute name="Current GC Util Change" value="0.000000"/>
  <attribute name="GC Util currently" value="0" />
  <attribute name="CPU Util currently" value="4197520291" />
<allocation-satisfied id="4869" threadId="0000000000880F00" bytesRequested="248" />
<af-end id="4870" timestamp="2019-08-11T07:39:44.875" threadId="0000000000881888" success="true" from="nursery"/>
<exclusive-end id="4871" timestamp="2019-08-11T07:39:44.875" durationms="355.363" />

<exclusive-start id="4872" timestamp="2019-08-11T07:39:45.088" intervalms="567.775">
  <response-info timems="0.038" idlems="0.038" threads="0" lastid="0000000000880F00" lastname="main" />
</exclusive-start>
<af-start id="4873" threadId="0000000000881888" totalBytesRequested="3144" timestamp="2019-08-11T07:39:45.088" intervalms="567.766" type="nursery" />
<cycle-start id="4874" type="scavenge" contextid="0" timestamp="2019-08-11T07:39:45.088" intervalms="567.759" />
<gc-start id="4875" type="scavenge" contextid="4874" timestamp="2019-08-11T07:39:45.088">
  <mem-info id="4876" free="3965549320" total="4096000000" percent="96">
    <mem type="nursery" free="0" total="104595456" percent="0">
      <mem type="allocate" free="0" total="94109696" percent="0" />
      <mem type="survivor" free="0" total="10485760" percent="0" />
    </mem>
    <mem type="tenure" free="3965549320" total="3991404544" percent="99">
      <mem type="soa" free="3766008584" total="3791835136" percent="99" />
      <mem type="loa" free="199540736" total="199569408" percent="99" />
    </mem>
    <remembered-set count="127" />
  </mem-info>
</gc-start>
<allocation-stats totalBytes="93736360" >
  <allocated-bytes non-tlh="248" tlh="93736112" />
  <largest-consumer threadName="main" threadId="0000000000880F00" bytes="93736360" />
</allocation-stats>
<gc-op id="4877" type="scavenge" timems="2.136" contextid="4874" timestamp="2019-08-11T07:39:45.090">
  <scavenger-info tenureage="3" tenuremask="ffe8" tiltratio="89" />
  <memory-copied type="nursery" objects="79" bytes="9592" bytesdiscarded="22664" />
</gc-op>
<gc-end id="4878" type="scavenge" contextid="4874" durationms="2.418" usertimems="5.141" systemtimems="0.000" timestamp="2019-08-11T07:39:45.090" activeThreads="16">
  <mem-info id="4879" free="4059626760" total="4096000000" percent="99">
    <mem type="nursery" free="94077440" total="104595456" percent="89">
      <mem type="allocate" free="94077440" total="94109696" percent="99" />
      <mem type="survivor" free="0" total="10485760" percent="0" />
    </mem>
    <mem type="tenure" free="3965549320" total="3991404544" percent="99" macro-fragmented="0">
      <mem type="soa" free="3766008584" total="3791835136" percent="99" />
      <mem type="loa" free="199540736" total="199569408" percent="99" />
    </mem>
    <remembered-set count="127" />
  </mem-info>
</gc-end>
<cycle-end id="4880" type="scavenge" contextid="4874" timestamp="2019-08-11T07:39:45.090" />
  <attribute name="elasticGC enabled" value="1" />
  <attribute name= "numThreadsSpecified" value="16" />
  <attribute name="heapSize specified" value="-91291648" />
  <attribute name="Current GC Util" value="114" />
  <attribute name= "Current Time Running" value="75927" />
  <attribute name ="GC Interval" value="4000" />
  <attribute name="ProportionalT" value="17.000000" />
  <attribute name="ProportionalI" value="17.000000" />
  <attribute name="ProportionalH" value="17.000000" />
  <attribute name="Current Error" value="34.000000" />
  <attribute name="IntegralT" value="5321.000000" />
  <attribute name="IntegralI" value="5321.000000" />
  <attribute name="IntegralH" value="5321.000000" />
  <attribute name="DerivativeT" value="0.108626" />
  <attribute name="DerivativeI" value="0.108626" />
  <attribute name="DerivativeH" value="0.108626" />
  <attribute name="Loop Time for DT" value="313.000000" />
  <attribute name="Output H" value="8388608"/>
  <attribute name="Output I" value="4000"/>
  <attribute name="Output T" value="16"/>
  <attribute name="Target GC Util Change" value ="80.000000" />
  <attribute name="Current GC Util Change" value="114.000000"/>
  <attribute name="GC Util currently" value="114" />
  <attribute name="CPU Util currently" value="3684230676" />
<allocation-satisfied id="4881" threadId="0000000000880F00" bytesRequested="3144" />
<af-end id="4882" timestamp="2019-08-11T07:39:45.090" threadId="0000000000881888" success="true" from="nursery"/>
<exclusive-end id="4883" timestamp="2019-08-11T07:39:45.090" durationms="2.666" />

<exclusive-start id="4884" timestamp="2019-08-11T07:39:45.245" intervalms="157.353">
  <response-info timems="0.014" idlems="0.014" threads="0" lastid="0000000000880F00" lastname="main" />
</exclusive-start>
<af-start id="4885" threadId="0000000000881888" totalBytesRequested="16" timestamp="2019-08-11T07:39:45.245" intervalms="157.358" type="nursery" />
<cycle-start id="4886" type="scavenge" contextid="0" timestamp="2019-08-11T07:39:45.245" intervalms="157.359" />
<gc-start id="4887" type="scavenge" contextid="4886" timestamp="2019-08-11T07:39:45.245">
  <mem-info id="4888" free="3965549320" total="4096000000" percent="96">
    <mem type="nursery" free="0" total="104595456" percent="0">
      <mem type="allocate" free="0" total="94109696" percent="0" />
      <mem type="survivor" free="0" total="10485760" percent="0" />
    </mem>
    <mem type="tenure" free="3965549320" total="3991404544" percent="99">
      <mem type="soa" free="3766008584" total="3791835136" percent="99" />
      <mem type="loa" free="199540736" total="199569408" percent="99" />
    </mem>
    <remembered-set count="139" />
  </mem-info>
</gc-start>
<allocation-stats totalBytes="94067328" >
  <allocated-bytes non-tlh="3144" tlh="94064184" />
  <largest-consumer threadName="main" threadId="0000000000880F00" bytes="94067328" />
</allocation-stats>
<gc-op id="4889" type="scavenge" timems="1.030" contextid="4886" timestamp="2019-08-11T07:39:45.246">
  <scavenger-info tenureage="3" tenuremask="fff8" tiltratio="89" />
  <memory-copied type="nursery" objects="94" bytes="2472" bytesdiscarded="29784" />
</gc-op>
<gc-end id="4890" type="scavenge" contextid="4886" durationms="1.330" usertimems="1.609" systemtimems="0.000" timestamp="2019-08-11T07:39:45.246" activeThreads="16">
  <mem-info id="4891" free="4059626760" total="4096000000" percent="99">
    <mem type="nursery" free="94077440" total="104595456" percent="89">
      <mem type="allocate" free="94077440" total="94109696" percent="99" />
      <mem type="survivor" free="0" total="10485760" percent="0" />
    </mem>
    <mem type="tenure" free="3965549320" total="3991404544" percent="99" macro-fragmented="0">
      <mem type="soa" free="3766008584" total="3791835136" percent="99" />
      <mem type="loa" free="199540736" total="199569408" percent="99" />
    </mem>
    <remembered-set count="139" />
  </mem-info>
</gc-end>
<cycle-end id="4892" type="scavenge" contextid="4886" timestamp="2019-08-11T07:39:45.247" />
  <attribute name="elasticGC enabled" value="1" />
  <attribute name= "numThreadsSpecified" value="16" />
  <attribute name="heapSize specified" value="-91291648" />
  <attribute name="Current GC Util" value="3" />
  <attribute name= "Current Time Running" value="76084" />
  <attribute name ="GC Interval" value="200" />
  <attribute name="ProportionalT" value="-38.500000" />
  <attribute name="ProportionalI" value="-38.500000" />
  <attribute name="ProportionalH" value="-38.500000" />
  <attribute name="Current Error" value="-77.000000" />
  <attribute name="IntegralT" value="-6044.500000" />
  <attribute name="IntegralI" value="-6044.500000" />
  <attribute name="IntegralH" value="-6044.500000" />
  <attribute name="DerivativeT" value="-0.707006" />
  <attribute name="DerivativeI" value="-0.707006" />
  <attribute name="DerivativeH" value="-0.707006" />
  <attribute name="Loop Time for DT" value="157.000000" />
  <attribute name="Output H" value="4203675648"/>
  <attribute name="Output I" value="200"/>
  <attribute name="Output T" value="16"/>
  <attribute name="Target GC Util Change" value ="80.000000" />
  <attribute name="Current GC Util Change" value="3.000000"/>
  <attribute name="GC Util currently" value="3" />
  <attribute name="CPU Util currently" value="7328798859" />
<allocation-satisfied id="4893" threadId="0000000000880F00" bytesRequested="16" />
<af-end id="4894" timestamp="2019-08-11T07:39:45.247" threadId="0000000000881888" success="true" from="nursery"/>
<exclusive-end id="4895" timestamp="2019-08-11T07:39:45.247" durationms="1.561" />

<exclusive-start id="4896" timestamp="2019-08-11T07:39:45.319" intervalms="73.857">
  <response-info timems="0.016" idlems="0.016" threads="0" lastid="0000000000880F00" lastname="main" />
</exclusive-start>
<af-start id="4897" threadId="0000000000881888" totalBytesRequested="80" timestamp="2019-08-11T07:39:45.319" intervalms="73.855" type="nursery" />
<cycle-start id="4898" type="scavenge" contextid="0" timestamp="2019-08-11T07:39:45.319" intervalms="73.855" />
<gc-start id="4899" type="scavenge" contextid="4898" timestamp="2019-08-11T07:39:45.319">
  <mem-info id="4900" free="3965549320" total="4096000000" percent="96">
    <mem type="nursery" free="0" total="104595456" percent="0">
      <mem type="allocate" free="0" total="94109696" percent="0" />
      <mem type="survivor" free="0" total="10485760" percent="0" />
    </mem>
    <mem type="tenure" free="3965549320" total="3991404544" percent="99">
      <mem type="soa" free="3766008584" total="3791835136" percent="99" />
      <mem type="loa" free="199540736" total="199569408" percent="99" />
    </mem>
    <remembered-set count="143" />
  </mem-info>
</gc-start>
<allocation-stats totalBytes="94056344" >
  <allocated-bytes non-tlh="16" tlh="94056328" />
  <largest-consumer threadName="main" threadId="0000000000880F00" bytes="94056344" />
</allocation-stats>
<gc-op id="4901" type="scavenge" timems="0.865" contextid="4898" timestamp="2019-08-11T07:39:45.320">
  <scavenger-info tenureage="3" tenuremask="fff8" tiltratio="89" />
  <memory-copied type="nursery" objects="99" bytes="2600" bytesdiscarded="29656" />
  <memory-copied type="tenure" objects="6" bytes="136" bytesdiscarded="0" />
</gc-op>
<gc-end id="4902" type="scavenge" contextid="4898" durationms="1.131" usertimems="1.952" systemtimems="0.000" timestamp="2019-08-11T07:39:45.320" activeThreads="16">
  <mem-info id="4903" free="4059626760" total="4096000000" percent="99">
    <mem type="nursery" free="94077440" total="104595456" percent="89">
      <mem type="allocate" free="94077440" total="94109696" percent="99" />
      <mem type="survivor" free="0" total="10485760" percent="0" />
    </mem>
    <mem type="tenure" free="3965549320" total="3991404544" percent="99" macro-fragmented="0">
      <mem type="soa" free="3766008584" total="3791835136" percent="99" />
      <mem type="loa" free="199540736" total="199569408" percent="99" />
    </mem>
    <remembered-set count="141" />
  </mem-info>
</gc-end>
<cycle-end id="4904" type="scavenge" contextid="4898" timestamp="2019-08-11T07:39:45.320" />
  <attribute name="elasticGC enabled" value="1" />
  <attribute name= "numThreadsSpecified" value="16" />
  <attribute name="heapSize specified" value="-91291648" />
  <attribute name="Current GC Util" value="2" />
  <attribute name= "Current Time Running" value="76158" />
  <attribute name ="GC Interval" value="200" />
  <attribute name="ProportionalT" value="-39.000000" />
  <attribute name="ProportionalI" value="-39.000000" />
  <attribute name="ProportionalH" value="-39.000000" />
  <attribute name="Current Error" value="-78.000000" />
  <attribute name="IntegralT" value="-2886.000000" />
  <attribute name="IntegralI" value="-2886.000000" />
  <attribute name="IntegralH" value="-2886.000000" />
  <attribute name="DerivativeT" value="-1.054054" />
  <attribute name="DerivativeI" value="-1.054054" />
  <attribute name="DerivativeH" value="-1.054054" />
  <attribute name="Loop Time for DT" value="74.000000" />
  <attribute name="Output H" value="4203675648"/>
  <attribute name="Output I" value="200"/>
  <attribute name="Output T" value="16"/>
  <attribute name="Target GC Util Change" value ="80.000000" />
  <attribute name="Current GC Util Change" value="2.000000"/>
  <attribute name="GC Util currently" value="2" />
  <attribute name="CPU Util currently" value="15611010314" />
<allocation-satisfied id="4905" threadId="0000000000880F00" bytesRequested="80" />
<af-end id="4906" timestamp="2019-08-11T07:39:45.320" threadId="0000000000881888" success="true" from="nursery"/>
<exclusive-end id="4907" timestamp="2019-08-11T07:39:45.320" durationms="1.359" />

<exclusive-start id="4908" timestamp="2019-08-11T07:39:45.422" intervalms="103.148">
  <response-info timems="0.019" idlems="0.019" threads="0" lastid="0000000000880F00" lastname="main" />
</exclusive-start>
<af-start id="4909" threadId="0000000000881888" totalBytesRequested="40" timestamp="2019-08-11T07:39:45.422" intervalms="103.151" type="nursery" />
<cycle-start id="4910" type="scavenge" contextid="0" timestamp="2019-08-11T07:39:45.422" intervalms="103.150" />
<gc-start id="4911" type="scavenge" contextid="4910" timestamp="2019-08-11T07:39:45.422">
  <mem-info id="4912" free="3965549320" total="4096000000" percent="96">
    <mem type="nursery" free="0" total="104595456" percent="0">
      <mem type="allocate" free="0" total="94109696" percent="0" />
      <mem type="survivor" free="0" total="10485760" percent="0" />
    </mem>
    <mem type="tenure" free="3965549320" total="3991404544" percent="99">
      <mem type="soa" free="3766008584" total="3791835136" percent="99" />
      <mem type="loa" free="199540736" total="199569408" percent="99" />
    </mem>
    <remembered-set count="147" />
  </mem-info>
</gc-start>
<allocation-stats totalBytes="94061920" >
  <allocated-bytes non-tlh="80" tlh="94061840" />
  <largest-consumer threadName="main" threadId="0000000000880F00" bytes="94061920" />
</allocation-stats>
<gc-op id="4913" type="scavenge" timems="5.574" contextid="4910" timestamp="2019-08-11T07:39:45.428">
  <scavenger-info tenureage="3" tenuremask="ffe8" tiltratio="89" />
  <memory-copied type="nursery" objects="83" bytes="2208" bytesdiscarded="30048" />
  <memory-copied type="tenure" objects="42" bytes="952" bytesdiscarded="0" />
</gc-op>
<gc-end id="4914" type="scavenge" contextid="4910" durationms="5.941" usertimems="2.009" systemtimems="0.000" timestamp="2019-08-11T07:39:45.428" activeThreads="16">
  <mem-info id="4915" free="4059626760" total="4096000000" percent="99">
    <mem type="nursery" free="94077440" total="104595456" percent="89">
      <mem type="allocate" free="94077440" total="94109696" percent="99" />
      <mem type="survivor" free="0" total="10485760" percent="0" />
    </mem>
    <mem type="tenure" free="3965549320" total="3991404544" percent="99" macro-fragmented="0">
      <mem type="soa" free="3766008584" total="3791835136" percent="99" />
      <mem type="loa" free="199540736" total="199569408" percent="99" />
    </mem>
    <remembered-set count="133" />
  </mem-info>
</gc-end>
<cycle-end id="4916" type="scavenge" contextid="4910" timestamp="2019-08-11T07:39:45.428" />
  <attribute name="elasticGC enabled" value="1" />
  <attribute name= "numThreadsSpecified" value="16" />
  <attribute name="heapSize specified" value="-91291648" />
  <attribute name="Current GC Util" value="2" />
  <attribute name= "Current Time Running" value="76261" />
  <attribute name ="GC Interval" value="200" />
  <attribute name="ProportionalT" value="-39.000000" />
  <attribute name="ProportionalI" value="-39.000000" />
  <attribute name="ProportionalH" value="-39.000000" />
  <attribute name="Current Error" value="-78.000000" />
  <attribute name="IntegralT" value="-4017.000000" />
  <attribute name="IntegralI" value="-4017.000000" />
  <attribute name="IntegralH" value="-4017.000000" />
  <attribute name="DerivativeT" value="-0.757282" />
  <attribute name="DerivativeI" value="-0.757282" />
  <attribute name="DerivativeH" value="-0.757282" />
  <attribute name="Loop Time for DT" value="103.000000" />
  <attribute name="Output H" value="4203675648"/>
  <attribute name="Output I" value="200"/>
  <attribute name="Output T" value="16"/>
  <attribute name="Target GC Util Change" value ="80.000000" />
  <attribute name="Current GC Util Change" value="2.000000"/>
  <attribute name="GC Util currently" value="2" />
  <attribute name="CPU Util currently" value="11176949423" />
<allocation-satisfied id="4917" threadId="0000000000880F00" bytesRequested="40" />
<af-end id="4918" timestamp="2019-08-11T07:39:45.428" threadId="0000000000881888" success="true" from="nursery"/>
<exclusive-end id="4919" timestamp="2019-08-11T07:39:45.428" durationms="6.151" />

<exclusive-start id="4920" timestamp="2019-08-11T07:39:45.522" intervalms="99.990">
  <response-info timems="0.021" idlems="0.021" threads="0" lastid="0000000000880F00" lastname="main" />
</exclusive-start>
<af-start id="4921" threadId="0000000000881888" totalBytesRequested="24" timestamp="2019-08-11T07:39:45.522" intervalms="99.988" type="nursery" />
<cycle-start id="4922" type="scavenge" contextid="0" timestamp="2019-08-11T07:39:45.522" intervalms="99.989" />
<gc-start id="4923" type="scavenge" contextid="4922" timestamp="2019-08-11T07:39:45.522">
  <mem-info id="4924" free="3965549320" total="4096000000" percent="96">
    <mem type="nursery" free="0" total="104595456" percent="0">
      <mem type="allocate" free="0" total="94109696" percent="0" />
      <mem type="survivor" free="0" total="10485760" percent="0" />
    </mem>
    <mem type="tenure" free="3965549320" total="3991404544" percent="99">
      <mem type="soa" free="3766008584" total="3791835136" percent="99" />
      <mem type="loa" free="199540736" total="199569408" percent="99" />
    </mem>
    <remembered-set count="139" />
  </mem-info>
</gc-start>
<allocation-stats totalBytes="94070152" >
  <allocated-bytes non-tlh="40" tlh="94070112" />
  <largest-consumer threadName="main" threadId="0000000000880F00" bytes="94070152" />
</allocation-stats>
<gc-op id="4925" type="scavenge" timems="1.223" contextid="4922" timestamp="2019-08-11T07:39:45.523">
  <scavenger-info tenureage="3" tenuremask="ffe8" tiltratio="89" />
  <memory-copied type="nursery" objects="62" bytes="1600" bytesdiscarded="30656" />
  <memory-copied type="tenure" objects="28" bytes="712" bytesdiscarded="0" />
</gc-op>
<gc-end id="4926" type="scavenge" contextid="4922" durationms="1.513" usertimems="2.905" systemtimems="0.000" timestamp="2019-08-11T07:39:45.524" activeThreads="16">
  <mem-info id="4927" free="4059626760" total="4096000000" percent="99">
    <mem type="nursery" free="94077440" total="104595456" percent="89">
      <mem type="allocate" free="94077440" total="94109696" percent="99" />
      <mem type="survivor" free="0" total="10485760" percent="0" />
    </mem>
    <mem type="tenure" free="3965549320" total="3991404544" percent="99" macro-fragmented="9288619">
      <mem type="soa" free="3766008584" total="3791835136" percent="99" />
      <mem type="loa" free="199540736" total="199569408" percent="99" />
    </mem>
    <remembered-set count="128" />
  </mem-info>
</gc-end>
<cycle-end id="4928" type="scavenge" contextid="4922" timestamp="2019-08-11T07:39:45.524" />
  <attribute name="elasticGC enabled" value="1" />
  <attribute name= "numThreadsSpecified" value="16" />
  <attribute name="heapSize specified" value="-91291648" />
  <attribute name="Current GC Util" value="1" />
  <attribute name= "Current Time Running" value="76361" />
  <attribute name ="GC Interval" value="200" />
  <attribute name="ProportionalT" value="-39.500000" />
  <attribute name="ProportionalI" value="-39.500000" />
  <attribute name="ProportionalH" value="-39.500000" />
  <attribute name="Current Error" value="-79.000000" />
  <attribute name="IntegralT" value="-3950.000000" />
  <attribute name="IntegralI" value="-3950.000000" />
  <attribute name="IntegralH" value="-3950.000000" />
  <attribute name="DerivativeT" value="-0.790000" />
  <attribute name="DerivativeI" value="-0.790000" />
  <attribute name="DerivativeH" value="-0.790000" />
  <attribute name="Loop Time for DT" value="100.000000" />
  <attribute name="Output H" value="4203675648"/>
  <attribute name="Output I" value="200"/>
  <attribute name="Output T" value="16"/>
  <attribute name="Target GC Util Change" value ="80.000000" />
  <attribute name="Current GC Util Change" value="1.000000"/>
  <attribute name="GC Util currently" value="1" />
  <attribute name="CPU Util currently" value="11531081094" />
<allocation-satisfied id="4929" threadId="0000000000880F00" bytesRequested="24" />
<af-end id="4930" timestamp="2019-08-11T07:39:45.524" threadId="0000000000881888" success="true" from="nursery"/>
<exclusive-end id="4931" timestamp="2019-08-11T07:39:45.524" durationms="1.918" />

<exclusive-start id="4932" timestamp="2019-08-11T07:39:45.661" intervalms="139.506">
  <response-info timems="0.019" idlems="0.019" threads="0" lastid="0000000000880F00" lastname="main" />
</exclusive-start>
<af-start id="4933" threadId="0000000000881888" totalBytesRequested="16" timestamp="2019-08-11T07:39:45.662" intervalms="139.509" type="nursery" />
<cycle-start id="4934" type="scavenge" contextid="0" timestamp="2019-08-11T07:39:45.662" intervalms="139.510" />
<gc-start id="4935" type="scavenge" contextid="4934" timestamp="2019-08-11T07:39:45.662">
  <mem-info id="4936" free="3965549320" total="4096000000" percent="96">
    <mem type="nursery" free="0" total="104595456" percent="0">
      <mem type="allocate" free="0" total="94109696" percent="0" />
      <mem type="survivor" free="0" total="10485760" percent="0" />
    </mem>
    <mem type="tenure" free="3965549320" total="3991404544" percent="99">
      <mem type="soa" free="3766008584" total="3791835136" percent="99" />
      <mem type="loa" free="199540736" total="199569408" percent="99" />
    </mem>
    <remembered-set count="138" />
  </mem-info>
</gc-start>
<allocation-stats totalBytes="94070792" >
  <allocated-bytes non-tlh="24" tlh="94070768" />
  <largest-consumer threadName="main" threadId="0000000000880F00" bytes="94070792" />
</allocation-stats>
<gc-op id="4937" type="scavenge" timems="0.820" contextid="4934" timestamp="2019-08-11T07:39:45.662">
  <scavenger-info tenureage="3" tenuremask="ffe8" tiltratio="89" />
  <memory-copied type="nursery" objects="91" bytes="2272" bytesdiscarded="29984" />
  <memory-copied type="tenure" objects="13" bytes="320" bytesdiscarded="0" />
</gc-op>
<gc-end id="4938" type="scavenge" contextid="4934" durationms="1.107" usertimems="1.700" systemtimems="0.000" timestamp="2019-08-11T07:39:45.663" activeThreads="16">
  <mem-info id="4939" free="4059626760" total="4096000000" percent="99">
    <mem type="nursery" free="94077440" total="104595456" percent="89">
      <mem type="allocate" free="94077440" total="94109696" percent="99" />
      <mem type="survivor" free="0" total="10485760" percent="0" />
    </mem>
    <mem type="tenure" free="3965549320" total="3991404544" percent="99" macro-fragmented="0">
      <mem type="soa" free="3766008584" total="3791835136" percent="99" />
      <mem type="loa" free="199540736" total="199569408" percent="99" />
    </mem>
    <remembered-set count="133" />
  </mem-info>
</gc-end>
<cycle-end id="4940" type="scavenge" contextid="4934" timestamp="2019-08-11T07:39:45.663" />
  <attribute name="elasticGC enabled" value="1" />
  <attribute name= "numThreadsSpecified" value="16" />
  <attribute name="heapSize specified" value="-91291648" />
  <attribute name="Current GC Util" value="2" />
  <attribute name= "Current Time Running" value="76501" />
  <attribute name ="GC Interval" value="200" />
  <attribute name="ProportionalT" value="-39.000000" />
  <attribute name="ProportionalI" value="-39.000000" />
  <attribute name="ProportionalH" value="-39.000000" />
  <attribute name="Current Error" value="-78.000000" />
  <attribute name="IntegralT" value="-5460.000000" />
  <attribute name="IntegralI" value="-5460.000000" />
  <attribute name="IntegralH" value="-5460.000000" />
  <attribute name="DerivativeT" value="-0.557143" />
  <attribute name="DerivativeI" value="-0.557143" />
  <attribute name="DerivativeH" value="-0.557143" />
  <attribute name="Loop Time for DT" value="140.000000" />
  <attribute name="Output H" value="4203675648"/>
  <attribute name="Output I" value="200"/>
  <attribute name="Output T" value="16"/>
  <attribute name="Target GC Util Change" value ="80.000000" />
  <attribute name="Current GC Util Change" value="2.000000"/>
  <attribute name="GC Util currently" value="2" />
  <attribute name="CPU Util currently" value="8263814537" />
<allocation-satisfied id="4941" threadId="0000000000880F00" bytesRequested="16" />
<af-end id="4942" timestamp="2019-08-11T07:39:45.663" threadId="0000000000881888" success="true" from="nursery"/>
<exclusive-end id="4943" timestamp="2019-08-11T07:39:45.663" durationms="1.320" />

<exclusive-start id="4944" timestamp="2019-08-11T07:39:45.791" intervalms="129.720">
  <response-info timems="0.017" idlems="0.017" threads="0" lastid="0000000000880F00" lastname="main" />
</exclusive-start>
<af-start id="4945" threadId="0000000000881888" totalBytesRequested="520" timestamp="2019-08-11T07:39:45.791" intervalms="129.725" type="nursery" />
<cycle-start id="4946" type="scavenge" contextid="0" timestamp="2019-08-11T07:39:45.791" intervalms="129.727" />
<gc-start id="4947" type="scavenge" contextid="4946" timestamp="2019-08-11T07:39:45.791">
  <mem-info id="4948" free="3965549320" total="4096000000" percent="96">
    <mem type="nursery" free="0" total="104595456" percent="0">
      <mem type="allocate" free="0" total="94109696" percent="0" />
      <mem type="survivor" free="0" total="10485760" percent="0" />
    </mem>
    <mem type="tenure" free="3965549320" total="3991404544" percent="99">
      <mem type="soa" free="3766008584" total="3791835136" percent="99" />
      <mem type="loa" free="199540736" total="199569408" percent="99" />
    </mem>
    <remembered-set count="141" />
  </mem-info>
</gc-start>
<allocation-stats totalBytes="94060288" >
  <allocated-bytes non-tlh="16" tlh="94060272" />
  <largest-consumer threadName="main" threadId="0000000000880F00" bytes="94060288" />
</allocation-stats>
<gc-op id="4949" type="scavenge" timems="1.244" contextid="4946" timestamp="2019-08-11T07:39:45.793">
  <scavenger-info tenureage="3" tenuremask="ffe8" tiltratio="89" />
  <memory-copied type="nursery" objects="101" bytes="3248" bytesdiscarded="29008" />
  <memory-copied type="tenure" objects="18" bytes="408" bytesdiscarded="0" />
</gc-op>
<gc-end id="4950" type="scavenge" contextid="4946" durationms="1.609" usertimems="2.637" systemtimems="0.000" timestamp="2019-08-11T07:39:45.793" activeThreads="16">
  <mem-info id="4951" free="4059626760" total="4096000000" percent="99">
    <mem type="nursery" free="94077440" total="104595456" percent="89">
      <mem type="allocate" free="94077440" total="94109696" percent="99" />
      <mem type="survivor" free="0" total="10485760" percent="0" />
    </mem>
    <mem type="tenure" free="3965549320" total="3991404544" percent="99" macro-fragmented="3732887">
      <mem type="soa" free="3766008584" total="3791835136" percent="99" />
      <mem type="loa" free="199540736" total="199569408" percent="99" />
    </mem>
    <remembered-set count="135" />
  </mem-info>
</gc-end>
<cycle-end id="4952" type="scavenge" contextid="4946" timestamp="2019-08-11T07:39:45.793" />
  <attribute name="elasticGC enabled" value="1" />
  <attribute name= "numThreadsSpecified" value="16" />
  <attribute name="heapSize specified" value="-91291648" />
  <attribute name="Current GC Util" value="1" />
  <attribute name= "Current Time Running" value="76631" />
  <attribute name ="GC Interval" value="200" />
  <attribute name="ProportionalT" value="-39.500000" />
  <attribute name="ProportionalI" value="-39.500000" />
  <attribute name="ProportionalH" value="-39.500000" />
  <attribute name="Current Error" value="-79.000000" />
  <attribute name="IntegralT" value="-5135.000000" />
  <attribute name="IntegralI" value="-5135.000000" />
  <attribute name="IntegralH" value="-5135.000000" />
  <attribute name="DerivativeT" value="-0.607692" />
  <attribute name="DerivativeI" value="-0.607692" />
  <attribute name="DerivativeH" value="-0.607692" />
  <attribute name="Loop Time for DT" value="130.000000" />
  <attribute name="Output H" value="4203675648"/>
  <attribute name="Output I" value="200"/>
  <attribute name="Output T" value="16"/>
  <attribute name="Target GC Util Change" value ="80.000000" />
  <attribute name="Current GC Util Change" value="1.000000"/>
  <attribute name="GC Util currently" value="1" />
  <attribute name="CPU Util currently" value="8886859132" />
<allocation-satisfied id="4953" threadId="0000000000880F00" bytesRequested="520" />
<af-end id="4954" timestamp="2019-08-11T07:39:45.793" threadId="0000000000881888" success="true" from="nursery"/>
<exclusive-end id="4955" timestamp="2019-08-11T07:39:45.793" durationms="1.858" />

<exclusive-start id="4956" timestamp="2019-08-11T07:39:45.895" intervalms="104.006">
  <response-info timems="0.018" idlems="0.018" threads="0" lastid="0000000000880F00" lastname="main" />
</exclusive-start>
<af-start id="4957" threadId="0000000000881888" totalBytesRequested="64" timestamp="2019-08-11T07:39:45.895" intervalms="103.995" type="nursery" />
<cycle-start id="4958" type="scavenge" contextid="0" timestamp="2019-08-11T07:39:45.895" intervalms="103.992" />
<gc-start id="4959" type="scavenge" contextid="4958" timestamp="2019-08-11T07:39:45.895">
  <mem-info id="4960" free="3965549320" total="4096000000" percent="96">
    <mem type="nursery" free="0" total="104595456" percent="0">
      <mem type="allocate" free="0" total="94109696" percent="0" />
      <mem type="survivor" free="0" total="10485760" percent="0" />
    </mem>
    <mem type="tenure" free="3965549320" total="3991404544" percent="99">
      <mem type="soa" free="3766008584" total="3791835136" percent="99" />
      <mem type="loa" free="199540736" total="199569408" percent="99" />
    </mem>
    <remembered-set count="139" />
  </mem-info>
</gc-start>
<allocation-stats totalBytes="94041184" >
  <allocated-bytes non-tlh="520" tlh="94040664" />
  <largest-consumer threadName="main" threadId="0000000000880F00" bytes="94041184" />
</allocation-stats>
<gc-op id="4961" type="scavenge" timems="0.917" contextid="4958" timestamp="2019-08-11T07:39:45.896">
  <scavenger-info tenureage="3" tenuremask="ffe8" tiltratio="89" />
  <memory-copied type="nursery" objects="83" bytes="2608" bytesdiscarded="13520" />
  <memory-copied type="tenure" objects="18" bytes="408" bytesdiscarded="568" />
</gc-op>
<gc-end id="4962" type="scavenge" contextid="4958" durationms="1.198" usertimems="2.021" systemtimems="0.000" timestamp="2019-08-11T07:39:45.897" activeThreads="16">
  <mem-info id="4963" free="4059642888" total="4096000000" percent="99">
    <mem type="nursery" free="94093568" total="104595456" percent="89">
      <mem type="allocate" free="94093568" total="94109696" percent="99" />
      <mem type="survivor" free="0" total="10485760" percent="0" />
    </mem>
    <mem type="tenure" free="3965549320" total="3991404544" percent="99" macro-fragmented="1500163">
      <mem type="soa" free="3766008584" total="3791835136" percent="99" />
      <mem type="loa" free="199540736" total="199569408" percent="99" />
    </mem>
    <remembered-set count="133" />
  </mem-info>
</gc-end>
<cycle-end id="4964" type="scavenge" contextid="4958" timestamp="2019-08-11T07:39:45.897" />
  <attribute name="elasticGC enabled" value="1" />
  <attribute name= "numThreadsSpecified" value="16" />
  <attribute name="heapSize specified" value="-91291648" />
  <attribute name="Current GC Util" value="2" />
  <attribute name= "Current Time Running" value="76735" />
  <attribute name ="GC Interval" value="200" />
  <attribute name="ProportionalT" value="-39.000000" />
  <attribute name="ProportionalI" value="-39.000000" />
  <attribute name="ProportionalH" value="-39.000000" />
  <attribute name="Current Error" value="-78.000000" />
  <attribute name="IntegralT" value="-4056.000000" />
  <attribute name="IntegralI" value="-4056.000000" />
  <attribute name="IntegralH" value="-4056.000000" />
  <attribute name="DerivativeT" value="-0.750000" />
  <attribute name="DerivativeI" value="-0.750000" />
  <attribute name="DerivativeH" value="-0.750000" />
  <attribute name="Loop Time for DT" value="104.000000" />
  <attribute name="Output H" value="4203675648"/>
  <attribute name="Output I" value="200"/>
  <attribute name="Output T" value="16"/>
  <attribute name="Target GC Util Change" value ="80.000000" />
  <attribute name="Current GC Util Change" value="2.000000"/>
  <attribute name="GC Util currently" value="2" />
  <attribute name="CPU Util currently" value="11087179585" />
<allocation-satisfied id="4965" threadId="0000000000880F00" bytesRequested="64" />
<af-end id="4966" timestamp="2019-08-11T07:39:45.897" threadId="0000000000881888" success="true" from="nursery"/>
<exclusive-end id="4967" timestamp="2019-08-11T07:39:45.897" durationms="1.681" />

<exclusive-start id="4968" timestamp="2019-08-11T07:39:45.911" intervalms="15.323">
  <response-info timems="0.023" idlems="0.023" threads="0" lastid="0000000000880F00" lastname="main" />
</exclusive-start>
<af-start id="4969" threadId="0000000000881888" totalBytesRequested="488" timestamp="2019-08-11T07:39:45.911" intervalms="15.334" type="nursery" />
<cycle-start id="4970" type="scavenge" contextid="0" timestamp="2019-08-11T07:39:45.911" intervalms="15.337" />
<gc-start id="4971" type="scavenge" contextid="4970" timestamp="2019-08-11T07:39:45.911">
  <mem-info id="4972" free="3965549320" total="4096000000" percent="96">
    <mem type="nursery" free="0" total="104595456" percent="0">
      <mem type="allocate" free="0" total="94109696" percent="0" />
      <mem type="survivor" free="0" total="10485760" percent="0" />
    </mem>
    <mem type="tenure" free="3965549320" total="3991404544" percent="99">
      <mem type="soa" free="3766008584" total="3791835136" percent="99" />
      <mem type="loa" free="199540736" total="199569408" percent="99" />
    </mem>
    <remembered-set count="133" />
  </mem-info>
</gc-start>
<allocation-stats totalBytes="93932344" >
  <allocated-bytes non-tlh="64" tlh="93932280" />
  <largest-consumer threadName="main" threadId="0000000000880F00" bytes="93932344" />
</allocation-stats>
<gc-op id="4973" type="scavenge" timems="0.977" contextid="4970" timestamp="2019-08-11T07:39:45.912">
  <scavenger-info tenureage="3" tenuremask="ffe8" tiltratio="89" />
  <memory-copied type="nursery" objects="54" bytes="1952" bytesdiscarded="30304" />
  <memory-copied type="tenure" objects="30" bytes="680" bytesdiscarded="0" />
</gc-op>
<heap-resize id="4974" type="expand" space="nursery" amount="3932160" count="1" timems="0.017" reason="excessive time being spent scavenging" timestamp="2019-08-11T07:39:45.912" />
<gc-end id="4975" type="scavenge" contextid="4970" durationms="1.448" usertimems="2.476" systemtimems="0.000" timestamp="2019-08-11T07:39:45.912" activeThreads="16">
  <mem-info id="4976" free="4063149576" total="4099932160" percent="99">
    <mem type="nursery" free="97616384" total="108527616" percent="89">
      <mem type="allocate" free="97616384" total="97648640" percent="99" />
      <mem type="survivor" free="0" total="10878976" percent="0" />
    </mem>
    <mem type="tenure" free="3965533192" total="3991404544" percent="99" macro-fragmented="1800196">
      <mem type="soa" free="3765992456" total="3791835136" percent="99" />
      <mem type="loa" free="199540736" total="199569408" percent="99" />
    </mem>
    <remembered-set count="123" />
  </mem-info>
</gc-end>
<cycle-end id="4977" type="scavenge" contextid="4970" timestamp="2019-08-11T07:39:45.912" />
  <attribute name="elasticGC enabled" value="1" />
  <attribute name= "numThreadsSpecified" value="16" />
  <attribute name="heapSize specified" value="-91291648" />
  <attribute name="Current GC Util" value="12" />
  <attribute name= "Current Time Running" value="76750" />
  <attribute name ="GC Interval" value="200" />
  <attribute name="ProportionalT" value="-34.000000" />
  <attribute name="ProportionalI" value="-34.000000" />
  <attribute name="ProportionalH" value="-34.000000" />
  <attribute name="Current Error" value="-68.000000" />
  <attribute name="IntegralT" value="-510.000000" />
  <attribute name="IntegralI" value="-510.000000" />
  <attribute name="IntegralH" value="-510.000000" />
  <attribute name="DerivativeT" value="-4.533333" />
  <attribute name="DerivativeI" value="-4.533333" />
  <attribute name="DerivativeH" value="-4.533333" />
  <attribute name="Loop Time for DT" value="15.000000" />
  <attribute name="Output H" value="4203675648"/>
  <attribute name="Output I" value="200"/>
  <attribute name="Output T" value="16"/>
  <attribute name="Target GC Util Change" value ="80.000000" />
  <attribute name="Current GC Util Change" value="12.000000"/>
  <attribute name="GC Util currently" value="12" />
  <attribute name="CPU Util currently" value="75053635737" />
<allocation-satisfied id="4978" threadId="0000000000880F00" bytesRequested="488" />
<af-end id="4979" timestamp="2019-08-11T07:39:45.912" threadId="0000000000881888" success="true" from="nursery"/>
<exclusive-end id="4980" timestamp="2019-08-11T07:39:45.912" durationms="1.766" />

<exclusive-start id="4981" timestamp="2019-08-11T07:39:45.925" intervalms="14.858">
  <response-info timems="0.022" idlems="0.022" threads="0" lastid="0000000000880F00" lastname="main" />
</exclusive-start>
<af-start id="4982" threadId="0000000000881888" totalBytesRequested="544" timestamp="2019-08-11T07:39:45.925" intervalms="14.859" type="nursery" />
<cycle-start id="4983" type="scavenge" contextid="0" timestamp="2019-08-11T07:39:45.925" intervalms="14.857" />
<gc-start id="4984" type="scavenge" contextid="4983" timestamp="2019-08-11T07:39:45.926">
  <mem-info id="4985" free="3965533192" total="4099932160" percent="96">
    <mem type="nursery" free="0" total="108527616" percent="0">
      <mem type="allocate" free="0" total="97648640" percent="0" />
      <mem type="survivor" free="0" total="10878976" percent="0" />
    </mem>
    <mem type="tenure" free="3965533192" total="3991404544" percent="99">
      <mem type="soa" free="3765992456" total="3791835136" percent="99" />
      <mem type="loa" free="199540736" total="199569408" percent="99" />
    </mem>
    <remembered-set count="123" />
  </mem-info>
</gc-start>
<allocation-stats totalBytes="97442504" >
  <allocated-bytes non-tlh="488" tlh="97442016" />
  <largest-consumer threadName="main" threadId="0000000000880F00" bytes="97442504" />
</allocation-stats>
<gc-op id="4986" type="scavenge" timems="0.796" contextid="4983" timestamp="2019-08-11T07:39:45.926">
  <scavenger-info tenureage="3" tenuremask="ffe8" tiltratio="89" />
  <memory-copied type="nursery" objects="30" bytes="1408" bytesdiscarded="30848" />
  <memory-copied type="tenure" objects="24" bytes="544" bytesdiscarded="0" />
</gc-op>
<gc-end id="4987" type="scavenge" contextid="4983" durationms="1.087" usertimems="1.805" systemtimems="0.000" timestamp="2019-08-11T07:39:45.927" activeThreads="16">
  <mem-info id="4988" free="4063149576" total="4099932160" percent="99">
    <mem type="nursery" free="97616384" total="108527616" percent="89">
      <mem type="allocate" free="97616384" total="97648640" percent="99" />
      <mem type="survivor" free="0" total="10878976" percent="0" />
    </mem>
    <mem type="tenure" free="3965533192" total="3991404544" percent="99" macro-fragmented="0">
      <mem type="soa" free="3765992456" total="3791835136" percent="99" />
      <mem type="loa" free="199540736" total="199569408" percent="99" />
    </mem>
    <remembered-set count="115" />
  </mem-info>
</gc-end>
<cycle-end id="4989" type="scavenge" contextid="4983" timestamp="2019-08-11T07:39:45.927" />
  <attribute name="elasticGC enabled" value="1" />
  <attribute name= "numThreadsSpecified" value="16" />
  <attribute name="heapSize specified" value="-91291648" />
  <attribute name="Current GC Util" value="17" />
  <attribute name= "Current Time Running" value="76765" />
  <attribute name ="GC Interval" value="200" />
  <attribute name="ProportionalT" value="-31.500000" />
  <attribute name="ProportionalI" value="-31.500000" />
  <attribute name="ProportionalH" value="-31.500000" />
  <attribute name="Current Error" value="-63.000000" />
  <attribute name="IntegralT" value="-472.500000" />
  <attribute name="IntegralI" value="-472.500000" />
  <attribute name="IntegralH" value="-472.500000" />
  <attribute name="DerivativeT" value="-4.200000" />
  <attribute name="DerivativeI" value="-4.200000" />
  <attribute name="DerivativeH" value="-4.200000" />
  <attribute name="Loop Time for DT" value="15.000000" />
  <attribute name="Output H" value="4203675648"/>
  <attribute name="Output I" value="200"/>
  <attribute name="Output T" value="16"/>
  <attribute name="Target GC Util Change" value ="80.000000" />
  <attribute name="Current GC Util Change" value="17.000000"/>
  <attribute name="GC Util currently" value="17" />
  <attribute name="CPU Util currently" value="77647248685" />
<allocation-satisfied id="4990" threadId="0000000000880F00" bytesRequested="544" />
<af-end id="4991" timestamp="2019-08-11T07:39:45.927" threadId="0000000000881888" success="true" from="nursery"/>
<exclusive-end id="4992" timestamp="2019-08-11T07:39:45.927" durationms="1.349" />

<exclusive-start id="4993" timestamp="2019-08-11T07:39:46.020" intervalms="94.875">
  <response-info timems="0.020" idlems="0.020" threads="0" lastid="0000000000880F00" lastname="main" />
</exclusive-start>
<af-start id="4994" threadId="0000000000881888" totalBytesRequested="408" timestamp="2019-08-11T07:39:46.020" intervalms="94.866" type="nursery" />
<cycle-start id="4995" type="scavenge" contextid="0" timestamp="2019-08-11T07:39:46.020" intervalms="94.864" />
<gc-start id="4996" type="scavenge" contextid="4995" timestamp="2019-08-11T07:39:46.020">
  <mem-info id="4997" free="3965533192" total="4099932160" percent="96">
    <mem type="nursery" free="0" total="108527616" percent="0">
      <mem type="allocate" free="0" total="97648640" percent="0" />
      <mem type="survivor" free="0" total="10878976" percent="0" />
    </mem>
    <mem type="tenure" free="3965533192" total="3991404544" percent="99">
      <mem type="soa" free="3765992456" total="3791835136" percent="99" />
      <mem type="loa" free="199540736" total="199569408" percent="99" />
    </mem>
    <remembered-set count="121" />
  </mem-info>
</gc-start>
<allocation-stats totalBytes="97502992" >
  <allocated-bytes non-tlh="544" tlh="97502448" />
  <largest-consumer threadName="main" threadId="0000000000880F00" bytes="97502992" />
</allocation-stats>
<gc-op id="4998" type="scavenge" timems="2.342" contextid="4995" timestamp="2019-08-11T07:39:46.023">
  <scavenger-info tenureage="3" tenuremask="ffe8" tiltratio="89" />
  <memory-copied type="nursery" objects="41" bytes="1608" bytesdiscarded="14520" />
  <memory-copied type="tenure" objects="12" bytes="272" bytesdiscarded="0" />
</gc-op>
<gc-end id="4999" type="scavenge" contextid="4995" durationms="2.645" usertimems="4.884" systemtimems="0.000" timestamp="2019-08-11T07:39:46.023" activeThreads="16">
  <mem-info id="5000" free="4063165704" total="4099932160" percent="99">
    <mem type="nursery" free="97632512" total="108527616" percent="89">
      <mem type="allocate" free="97632512" total="97648640" percent="99" />
      <mem type="survivor" free="0" total="10878976" percent="0" />
    </mem>
    <mem type="tenure" free="3965533192" total="3991404544" percent="99" macro-fragmented="0">
      <mem type="soa" free="3765992456" total="3791835136" percent="99" />
      <mem type="loa" free="199540736" total="199569408" percent="99" />
    </mem>
    <remembered-set count="117" />
  </mem-info>
</gc-end>
<cycle-end id="5001" type="scavenge" contextid="4995" timestamp="2019-08-11T07:39:46.023" />
  <attribute name="elasticGC enabled" value="1" />
  <attribute name= "numThreadsSpecified" value="16" />
  <attribute name="heapSize specified" value="-91291648" />
  <attribute name="Current GC Util" value="2" />
  <attribute name= "Current Time Running" value="76860" />
  <attribute name ="GC Interval" value="200" />
  <attribute name="ProportionalT" value="-39.000000" />
  <attribute name="ProportionalI" value="-39.000000" />
  <attribute name="ProportionalH" value="-39.000000" />
  <attribute name="Current Error" value="-78.000000" />
  <attribute name="IntegralT" value="-3705.000000" />
  <attribute name="IntegralI" value="-3705.000000" />
  <attribute name="IntegralH" value="-3705.000000" />
  <attribute name="DerivativeT" value="-0.821053" />
  <attribute name="DerivativeI" value="-0.821053" />
  <attribute name="DerivativeH" value="-0.821053" />
  <attribute name="Loop Time for DT" value="95.000000" />
  <attribute name="Output H" value="4203675648"/>
  <attribute name="Output I" value="200"/>
  <attribute name="Output T" value="16"/>
  <attribute name="Target GC Util Change" value ="80.000000" />
  <attribute name="Current GC Util Change" value="2.000000"/>
  <attribute name="GC Util currently" value="2" />
  <attribute name="CPU Util currently" value="12155290522" />
<allocation-satisfied id="5002" threadId="0000000000880F00" bytesRequested="408" />
<af-end id="5003" timestamp="2019-08-11T07:39:46.023" threadId="0000000000881888" success="true" from="nursery"/>
<exclusive-end id="5004" timestamp="2019-08-11T07:39:46.023" durationms="2.864" />

<exclusive-start id="5005" timestamp="2019-08-11T07:39:46.119" intervalms="98.415">
  <response-info timems="0.036" idlems="0.036" threads="0" lastid="0000000000880F00" lastname="main" />
</exclusive-start>
<af-start id="5006" threadId="0000000000881888" totalBytesRequested="1008" timestamp="2019-08-11T07:39:46.119" intervalms="98.411" type="nursery" />
<cycle-start id="5007" type="scavenge" contextid="0" timestamp="2019-08-11T07:39:46.119" intervalms="98.412" />
<gc-start id="5008" type="scavenge" contextid="5007" timestamp="2019-08-11T07:39:46.119">
  <mem-info id="5009" free="3965533192" total="4099932160" percent="96">
    <mem type="nursery" free="0" total="108527616" percent="0">
      <mem type="allocate" free="0" total="97648640" percent="0" />
      <mem type="survivor" free="0" total="10878976" percent="0" />
    </mem>
    <mem type="tenure" free="3965533192" total="3991404544" percent="99">
      <mem type="soa" free="3765992456" total="3791835136" percent="99" />
      <mem type="loa" free="199540736" total="199569408" percent="99" />
    </mem>
    <remembered-set count="119" />
  </mem-info>
</gc-start>
<allocation-stats totalBytes="97516456" >
  <allocated-bytes non-tlh="408" tlh="97516048" />
  <largest-consumer threadName="main" threadId="0000000000880F00" bytes="97516456" />
</allocation-stats>
<gc-op id="5010" type="scavenge" timems="1.327" contextid="5007" timestamp="2019-08-11T07:39:46.120">
  <scavenger-info tenureage="3" tenuremask="ffe8" tiltratio="89" />
  <memory-copied type="nursery" objects="53" bytes="4592" bytesdiscarded="28672" />
</gc-op>
<gc-end id="5011" type="scavenge" contextid="5007" durationms="1.615" usertimems="3.589" systemtimems="0.000" timestamp="2019-08-11T07:39:46.120" activeThreads="16">
  <mem-info id="5012" free="4063148568" total="4099932160" percent="99">
    <mem type="nursery" free="97615376" total="108527616" percent="89">
      <mem type="allocate" free="97615376" total="97648640" percent="99" />
      <mem type="survivor" free="0" total="10878976" percent="0" />
    </mem>
    <mem type="tenure" free="3965533192" total="3991404544" percent="99" macro-fragmented="201903">
      <mem type="soa" free="3765992456" total="3791835136" percent="99" />
      <mem type="loa" free="199540736" total="199569408" percent="99" />
    </mem>
    <remembered-set count="118" />
  </mem-info>
</gc-end>
<cycle-end id="5013" type="scavenge" contextid="5007" timestamp="2019-08-11T07:39:46.120" />
  <attribute name="elasticGC enabled" value="1" />
  <attribute name= "numThreadsSpecified" value="16" />
  <attribute name="heapSize specified" value="-91291648" />
  <attribute name="Current GC Util" value="4" />
  <attribute name= "Current Time Running" value="76958" />
  <attribute name ="GC Interval" value="200" />
  <attribute name="ProportionalT" value="-38.000000" />
  <attribute name="ProportionalI" value="-38.000000" />
  <attribute name="ProportionalH" value="-38.000000" />
  <attribute name="Current Error" value="-76.000000" />
  <attribute name="IntegralT" value="-3724.000000" />
  <attribute name="IntegralI" value="-3724.000000" />
  <attribute name="IntegralH" value="-3724.000000" />
  <attribute name="DerivativeT" value="-0.775510" />
  <attribute name="DerivativeI" value="-0.775510" />
  <attribute name="DerivativeH" value="-0.775510" />
  <attribute name="Loop Time for DT" value="98.000000" />
  <attribute name="Output H" value="4203675648"/>
  <attribute name="Output I" value="200"/>
  <attribute name="Output T" value="16"/>
  <attribute name="Target GC Util Change" value ="80.000000" />
  <attribute name="Current GC Util Change" value="4.000000"/>
  <attribute name="GC Util currently" value="4" />
  <attribute name="CPU Util currently" value="11713144302" />
<allocation-satisfied id="5014" threadId="0000000000880F00" bytesRequested="1008" />
<af-end id="5015" timestamp="2019-08-11T07:39:46.121" threadId="0000000000881888" success="true" from="nursery"/>
<exclusive-end id="5016" timestamp="2019-08-11T07:39:46.121" durationms="1.853" />

<exclusive-start id="5017" timestamp="2019-08-11T07:39:46.309" intervalms="189.895">
  <response-info timems="0.040" idlems="0.040" threads="0" lastid="0000000000880F00" lastname="main" />
</exclusive-start>
<af-start id="5018" threadId="0000000000881888" totalBytesRequested="16" timestamp="2019-08-11T07:39:46.309" intervalms="189.900" type="nursery" />
<cycle-start id="5019" type="scavenge" contextid="0" timestamp="2019-08-11T07:39:46.309" intervalms="189.902" />
<gc-start id="5020" type="scavenge" contextid="5019" timestamp="2019-08-11T07:39:46.309">
  <mem-info id="5021" free="3965533192" total="4099932160" percent="96">
    <mem type="nursery" free="0" total="108527616" percent="0">
      <mem type="allocate" free="0" total="97648640" percent="0" />
      <mem type="survivor" free="0" total="10878976" percent="0" />
    </mem>
    <mem type="tenure" free="3965533192" total="3991404544" percent="99">
      <mem type="soa" free="3765992456" total="3791835136" percent="99" />
      <mem type="loa" free="199540736" total="199569408" percent="99" />
    </mem>
    <remembered-set count="122" />
  </mem-info>
</gc-start>
<allocation-stats totalBytes="97580160" >
  <allocated-bytes non-tlh="1008" tlh="97579152" />
  <largest-consumer threadName="main" threadId="0000000000880F00" bytes="97580160" />
</allocation-stats>
<gc-op id="5022" type="scavenge" timems="1.399" contextid="5019" timestamp="2019-08-11T07:39:46.310">
  <scavenger-info tenureage="3" tenuremask="fff8" tiltratio="89" />
  <memory-copied type="nursery" objects="58" bytes="1640" bytesdiscarded="30616" />
</gc-op>
<gc-end id="5023" type="scavenge" contextid="5019" durationms="1.857" usertimems="5.589" systemtimems="0.000" timestamp="2019-08-11T07:39:46.311" activeThreads="16">
  <mem-info id="5024" free="4063149576" total="4099932160" percent="99">
    <mem type="nursery" free="97616384" total="108527616" percent="89">
      <mem type="allocate" free="97616384" total="97648640" percent="99" />
      <mem type="survivor" free="0" total="10878976" percent="0" />
    </mem>
    <mem type="tenure" free="3965533192" total="3991404544" percent="99" macro-fragmented="4479464">
      <mem type="soa" free="3765992456" total="3791835136" percent="99" />
      <mem type="loa" free="199540736" total="199569408" percent="99" />
    </mem>
    <remembered-set count="122" />
  </mem-info>
</gc-end>
<cycle-end id="5025" type="scavenge" contextid="5019" timestamp="2019-08-11T07:39:46.311" />
  <attribute name="elasticGC enabled" value="1" />
  <attribute name= "numThreadsSpecified" value="16" />
  <attribute name="heapSize specified" value="-91291648" />
  <attribute name="Current GC Util" value="1" />
  <attribute name= "Current Time Running" value="77148" />
  <attribute name ="GC Interval" value="200" />
  <attribute name="ProportionalT" value="-39.500000" />
  <attribute name="ProportionalI" value="-39.500000" />
  <attribute name="ProportionalH" value="-39.500000" />
  <attribute name="Current Error" value="-79.000000" />
  <attribute name="IntegralT" value="-7505.000000" />
  <attribute name="IntegralI" value="-7505.000000" />
  <attribute name="IntegralH" value="-7505.000000" />
  <attribute name="DerivativeT" value="-0.415789" />
  <attribute name="DerivativeI" value="-0.415789" />
  <attribute name="DerivativeH" value="-0.415789" />
  <attribute name="Loop Time for DT" value="190.000000" />
  <attribute name="Output H" value="4203675648"/>
  <attribute name="Output I" value="200"/>
  <attribute name="Output T" value="16"/>
  <attribute name="Target GC Util Change" value ="80.000000" />
  <attribute name="Current GC Util Change" value="1.000000"/>
  <attribute name="GC Util currently" value="1" />
  <attribute name="CPU Util currently" value="6071175984" />
<allocation-satisfied id="5026" threadId="0000000000880F00" bytesRequested="16" />
<af-end id="5027" timestamp="2019-08-11T07:39:46.311" threadId="0000000000881888" success="true" from="nursery"/>
<exclusive-end id="5028" timestamp="2019-08-11T07:39:46.311" durationms="2.082" />

<exclusive-start id="5029" timestamp="2019-08-11T07:39:46.479" intervalms="170.599">
  <response-info timems="0.019" idlems="0.019" threads="0" lastid="0000000000880F00" lastname="main" />
</exclusive-start>
<af-start id="5030" threadId="0000000000881888" totalBytesRequested="80" timestamp="2019-08-11T07:39:46.479" intervalms="170.594" type="nursery" />
<cycle-start id="5031" type="scavenge" contextid="0" timestamp="2019-08-11T07:39:46.479" intervalms="170.591" />
<gc-start id="5032" type="scavenge" contextid="5031" timestamp="2019-08-11T07:39:46.479">
  <mem-info id="5033" free="3965533192" total="4099932160" percent="96">
    <mem type="nursery" free="0" total="108527616" percent="0">
      <mem type="allocate" free="0" total="97648640" percent="0" />
      <mem type="survivor" free="0" total="10878976" percent="0" />
    </mem>
    <mem type="tenure" free="3965533192" total="3991404544" percent="99">
      <mem type="soa" free="3765992456" total="3791835136" percent="99" />
      <mem type="loa" free="199540736" total="199569408" percent="99" />
    </mem>
    <remembered-set count="122" />
  </mem-info>
</gc-start>
<allocation-stats totalBytes="97598808" >
  <allocated-bytes non-tlh="16" tlh="97598792" />
  <largest-consumer threadName="main" threadId="0000000000880F00" bytes="97598808" />
</allocation-stats>
<gc-op id="5034" type="scavenge" timems="1.661" contextid="5031" timestamp="2019-08-11T07:39:46.481">
  <scavenger-info tenureage="3" tenuremask="fff8" tiltratio="89" />
  <memory-copied type="nursery" objects="33" bytes="960" bytesdiscarded="31296" />
  <memory-copied type="tenure" objects="18" bytes="408" bytesdiscarded="0" />
</gc-op>
<gc-end id="5035" type="scavenge" contextid="5031" durationms="2.161" usertimems="2.667" systemtimems="0.000" timestamp="2019-08-11T07:39:46.481" activeThreads="16">
  <mem-info id="5036" free="4063149576" total="4099932160" percent="99">
    <mem type="nursery" free="97616384" total="108527616" percent="89">
      <mem type="allocate" free="97616384" total="97648640" percent="99" />
      <mem type="survivor" free="0" total="10878976" percent="0" />
    </mem>
    <mem type="tenure" free="3965533192" total="3991404544" percent="99" macro-fragmented="1250136">
      <mem type="soa" free="3765992456" total="3791835136" percent="99" />
      <mem type="loa" free="199540736" total="199569408" percent="99" />
    </mem>
    <remembered-set count="116" />
  </mem-info>
</gc-end>
<cycle-end id="5037" type="scavenge" contextid="5031" timestamp="2019-08-11T07:39:46.482" />
  <attribute name="elasticGC enabled" value="1" />
  <attribute name= "numThreadsSpecified" value="16" />
  <attribute name="heapSize specified" value="-91291648" />
  <attribute name="Current GC Util" value="1" />
  <attribute name= "Current Time Running" value="77319" />
  <attribute name ="GC Interval" value="200" />
  <attribute name="ProportionalT" value="-39.500000" />
  <attribute name="ProportionalI" value="-39.500000" />
  <attribute name="ProportionalH" value="-39.500000" />
  <attribute name="Current Error" value="-79.000000" />
  <attribute name="IntegralT" value="-6754.500000" />
  <attribute name="IntegralI" value="-6754.500000" />
  <attribute name="IntegralH" value="-6754.500000" />
  <attribute name="DerivativeT" value="-0.461988" />
  <attribute name="DerivativeI" value="-0.461988" />
  <attribute name="DerivativeH" value="-0.461988" />
  <attribute name="Loop Time for DT" value="171.000000" />
  <attribute name="Output H" value="4203675648"/>
  <attribute name="Output I" value="200"/>
  <attribute name="Output T" value="16"/>
  <attribute name="Target GC Util Change" value ="80.000000" />
  <attribute name="Current GC Util Change" value="1.000000"/>
  <attribute name="GC Util currently" value="1" />
  <attribute name="CPU Util currently" value="6757582430" />
<allocation-satisfied id="5038" threadId="0000000000880F00" bytesRequested="80" />
<af-end id="5039" timestamp="2019-08-11T07:39:46.482" threadId="0000000000881888" success="true" from="nursery"/>
<exclusive-end id="5040" timestamp="2019-08-11T07:39:46.482" durationms="2.386" />

<exclusive-start id="5041" timestamp="2019-08-11T07:39:46.564" intervalms="84.961">
  <response-info timems="0.019" idlems="0.019" threads="0" lastid="0000000000880F00" lastname="main" />
</exclusive-start>
<af-start id="5042" threadId="0000000000881888" totalBytesRequested="544" timestamp="2019-08-11T07:39:46.564" intervalms="84.991" type="nursery" />
<cycle-start id="5043" type="scavenge" contextid="0" timestamp="2019-08-11T07:39:46.564" intervalms="84.994" />
<gc-start id="5044" type="scavenge" contextid="5043" timestamp="2019-08-11T07:39:46.564">
  <mem-info id="5045" free="3965533192" total="4099932160" percent="96">
    <mem type="nursery" free="0" total="108527616" percent="0">
      <mem type="allocate" free="0" total="97648640" percent="0" />
      <mem type="survivor" free="0" total="10878976" percent="0" />
    </mem>
    <mem type="tenure" free="3965533192" total="3991404544" percent="99">
      <mem type="soa" free="3765992456" total="3791835136" percent="99" />
      <mem type="loa" free="199540736" total="199569408" percent="99" />
    </mem>
    <remembered-set count="118" />
  </mem-info>
</gc-start>
<allocation-stats totalBytes="97533080" >
  <allocated-bytes non-tlh="80" tlh="97533000" />
  <largest-consumer threadName="main" threadId="0000000000880F00" bytes="97533080" />
</allocation-stats>
<gc-op id="5046" type="scavenge" timems="1.356" contextid="5043" timestamp="2019-08-11T07:39:46.566">
  <scavenger-info tenureage="3" tenuremask="ffe8" tiltratio="89" />
  <memory-copied type="nursery" objects="37" bytes="1592" bytesdiscarded="30664" />
  <memory-copied type="tenure" objects="6" bytes="136" bytesdiscarded="0" />
</gc-op>
<gc-end id="5047" type="scavenge" contextid="5043" durationms="1.870" usertimems="3.014" systemtimems="0.000" timestamp="2019-08-11T07:39:46.566" activeThreads="16">
  <mem-info id="5048" free="4063149576" total="4099932160" percent="99">
    <mem type="nursery" free="97616384" total="108527616" percent="89">
      <mem type="allocate" free="97616384" total="97648640" percent="99" />
      <mem type="survivor" free="0" total="10878976" percent="0" />
    </mem>
    <mem type="tenure" free="3965533192" total="3991404544" percent="99" macro-fragmented="262176">
      <mem type="soa" free="3765992456" total="3791835136" percent="99" />
      <mem type="loa" free="199540736" total="199569408" percent="99" />
    </mem>
    <remembered-set count="116" />
  </mem-info>
</gc-end>
<cycle-end id="5049" type="scavenge" contextid="5043" timestamp="2019-08-11T07:39:46.566" />
  <attribute name="elasticGC enabled" value="1" />
  <attribute name= "numThreadsSpecified" value="16" />
  <attribute name="heapSize specified" value="-91291648" />
  <attribute name="Current GC Util" value="3" />
  <attribute name= "Current Time Running" value="77404" />
  <attribute name ="GC Interval" value="200" />
  <attribute name="ProportionalT" value="-38.500000" />
  <attribute name="ProportionalI" value="-38.500000" />
  <attribute name="ProportionalH" value="-38.500000" />
  <attribute name="Current Error" value="-77.000000" />
  <attribute name="IntegralT" value="-3272.500000" />
  <attribute name="IntegralI" value="-3272.500000" />
  <attribute name="IntegralH" value="-3272.500000" />
  <attribute name="DerivativeT" value="-0.905882" />
  <attribute name="DerivativeI" value="-0.905882" />
  <attribute name="DerivativeH" value="-0.905882" />
  <attribute name="Loop Time for DT" value="85.000000" />
  <attribute name="Output H" value="4203675648"/>
  <attribute name="Output I" value="200"/>
  <attribute name="Output T" value="16"/>
  <attribute name="Target GC Util Change" value ="80.000000" />
  <attribute name="Current GC Util Change" value="3.000000"/>
  <attribute name="GC Util currently" value="3" />
  <attribute name="CPU Util currently" value="13570734284" />
<allocation-satisfied id="5050" threadId="0000000000880F00" bytesRequested="544" />
<af-end id="5051" timestamp="2019-08-11T07:39:46.566" threadId="0000000000881888" success="true" from="nursery"/>
<exclusive-end id="5052" timestamp="2019-08-11T07:39:46.566" durationms="2.110" />

<exclusive-start id="5053" timestamp="2019-08-11T07:39:46.581" intervalms="17.200">
  <response-info timems="0.013" idlems="0.013" threads="0" lastid="0000000000880F00" lastname="main" />
</exclusive-start>
<af-start id="5054" threadId="0000000000881888" totalBytesRequested="584" timestamp="2019-08-11T07:39:46.581" intervalms="17.174" type="nursery" />
<cycle-start id="5055" type="scavenge" contextid="0" timestamp="2019-08-11T07:39:46.581" intervalms="17.171" />
<gc-start id="5056" type="scavenge" contextid="5055" timestamp="2019-08-11T07:39:46.581">
  <mem-info id="5057" free="3965533192" total="4099932160" percent="96">
    <mem type="nursery" free="0" total="108527616" percent="0">
      <mem type="allocate" free="0" total="97648640" percent="0" />
      <mem type="survivor" free="0" total="10878976" percent="0" />
    </mem>
    <mem type="tenure" free="3965533192" total="3991404544" percent="99">
      <mem type="soa" free="3765992456" total="3791835136" percent="99" />
      <mem type="loa" free="199540736" total="199569408" percent="99" />
    </mem>
    <remembered-set count="116" />
  </mem-info>
</gc-start>
<allocation-stats totalBytes="97481328" >
  <allocated-bytes non-tlh="544" tlh="97480784" />
  <largest-consumer threadName="main" threadId="0000000000880F00" bytes="97481328" />
</allocation-stats>
<gc-op id="5058" type="scavenge" timems="1.025" contextid="5055" timestamp="2019-08-11T07:39:46.583">
  <scavenger-info tenureage="5" tenuremask="ffe0" tiltratio="89" />
  <memory-copied type="nursery" objects="37" bytes="1592" bytesdiscarded="30664" />
</gc-op>
<gc-end id="5059" type="scavenge" contextid="5055" durationms="1.516" usertimems="2.497" systemtimems="0.000" timestamp="2019-08-11T07:39:46.583" activeThreads="16">
  <mem-info id="5060" free="4063149576" total="4099932160" percent="99">
    <mem type="nursery" free="97616384" total="108527616" percent="89">
      <mem type="allocate" free="97616384" total="97648640" percent="99" />
      <mem type="survivor" free="0" total="10878976" percent="0" />
    </mem>
    <mem type="tenure" free="3965533192" total="3991404544" percent="99" macro-fragmented="0">
      <mem type="soa" free="3765992456" total="3791835136" percent="99" />
      <mem type="loa" free="199540736" total="199569408" percent="99" />
    </mem>
    <remembered-set count="116" />
  </mem-info>
</gc-end>
<cycle-end id="5061" type="scavenge" contextid="5055" timestamp="2019-08-11T07:39:46.583" />
  <attribute name="elasticGC enabled" value="1" />
  <attribute name= "numThreadsSpecified" value="16" />
  <attribute name="heapSize specified" value="-91291648" />
  <attribute name="Current GC Util" value="17" />
  <attribute name= "Current Time Running" value="77421" />
  <attribute name ="GC Interval" value="200" />
  <attribute name="ProportionalT" value="-31.500000" />
  <attribute name="ProportionalI" value="-31.500000" />
  <attribute name="ProportionalH" value="-31.500000" />
  <attribute name="Current Error" value="-63.000000" />
  <attribute name="IntegralT" value="-535.500000" />
  <attribute name="IntegralI" value="-535.500000" />
  <attribute name="IntegralH" value="-535.500000" />
  <attribute name="DerivativeT" value="-3.705882" />
  <attribute name="DerivativeI" value="-3.705882" />
  <attribute name="DerivativeH" value="-3.705882" />
  <attribute name="Loop Time for DT" value="17.000000" />
  <attribute name="Output H" value="4203675648"/>
  <attribute name="Output I" value="200"/>
  <attribute name="Output T" value="16"/>
  <attribute name="Target GC Util Change" value ="80.000000" />
  <attribute name="Current GC Util Change" value="17.000000"/>
  <attribute name="GC Util currently" value="17" />
  <attribute name="CPU Util currently" value="67150937080" />
<allocation-satisfied id="5062" threadId="0000000000880F00" bytesRequested="584" />
<af-end id="5063" timestamp="2019-08-11T07:39:46.583" threadId="0000000000881888" success="true" from="nursery"/>
<exclusive-end id="5064" timestamp="2019-08-11T07:39:46.583" durationms="1.746" />

* Round 2 done in 2.616 seconds.
<exclusive-start id="5065" timestamp="2019-08-11T07:39:46.812" intervalms="230.181">
  <response-info timems="0.017" idlems="0.017" threads="0" lastid="0000000000880F00" lastname="main" />
</exclusive-start>
<af-start id="5066" threadId="0000000000881888" totalBytesRequested="1168" timestamp="2019-08-11T07:39:46.812" intervalms="230.206" type="nursery" />
<cycle-start id="5067" type="scavenge" contextid="0" timestamp="2019-08-11T07:39:46.812" intervalms="230.208" />
<gc-start id="5068" type="scavenge" contextid="5067" timestamp="2019-08-11T07:39:46.812">
  <mem-info id="5069" free="3965533192" total="4099932160" percent="96">
    <mem type="nursery" free="0" total="108527616" percent="0">
      <mem type="allocate" free="0" total="97648640" percent="0" />
      <mem type="survivor" free="0" total="10878976" percent="0" />
    </mem>
    <mem type="tenure" free="3965533192" total="3991404544" percent="99">
      <mem type="soa" free="3765992456" total="3791835136" percent="99" />
      <mem type="loa" free="199540736" total="199569408" percent="99" />
    </mem>
    <remembered-set count="137" />
  </mem-info>
</gc-start>
<allocation-stats totalBytes="97538360" >
  <allocated-bytes non-tlh="584" tlh="97537776" />
  <largest-consumer threadName="main" threadId="0000000000880F00" bytes="97538360" />
</allocation-stats>
<gc-op id="5070" type="scavenge" timems="1.757" contextid="5067" timestamp="2019-08-11T07:39:46.813">
  <scavenger-info tenureage="4" tenuremask="e010" tiltratio="89" />
  <memory-copied type="nursery" objects="93" bytes="3680" bytesdiscarded="12448" />
  <memory-copied type="tenure" objects="12" bytes="272" bytesdiscarded="0" />
</gc-op>
<gc-end id="5071" type="scavenge" contextid="5067" durationms="2.136" usertimems="3.942" systemtimems="0.000" timestamp="2019-08-11T07:39:46.814" activeThreads="16">
  <mem-info id="5072" free="4063165704" total="4099932160" percent="99">
    <mem type="nursery" free="97632512" total="108527616" percent="89">
      <mem type="allocate" free="97632512" total="97648640" percent="99" />
      <mem type="survivor" free="0" total="10878976" percent="0" />
    </mem>
    <mem type="tenure" free="3965533192" total="3991404544" percent="99" macro-fragmented="0">
      <mem type="soa" free="3765992456" total="3791835136" percent="99" />
      <mem type="loa" free="199540736" total="199569408" percent="99" />
    </mem>
    <remembered-set count="133" />
  </mem-info>
</gc-end>
<cycle-end id="5073" type="scavenge" contextid="5067" timestamp="2019-08-11T07:39:46.814" />
  <attribute name="elasticGC enabled" value="1" />
  <attribute name= "numThreadsSpecified" value="16" />
  <attribute name="heapSize specified" value="-91291648" />
  <attribute name="Current GC Util" value="1" />
  <attribute name= "Current Time Running" value="77651" />
  <attribute name ="GC Interval" value="200" />
  <attribute name="ProportionalT" value="-39.500000" />
  <attribute name="ProportionalI" value="-39.500000" />
  <attribute name="ProportionalH" value="-39.500000" />
  <attribute name="Current Error" value="-79.000000" />
  <attribute name="IntegralT" value="-9085.000000" />
  <attribute name="IntegralI" value="-9085.000000" />
  <attribute name="IntegralH" value="-9085.000000" />
  <attribute name="DerivativeT" value="-0.343478" />
  <attribute name="DerivativeI" value="-0.343478" />
  <attribute name="DerivativeH" value="-0.343478" />
  <attribute name="Loop Time for DT" value="230.000000" />
  <attribute name="Output H" value="4203675648"/>
  <attribute name="Output I" value="200"/>
  <attribute name="Output T" value="16"/>
  <attribute name="Target GC Util Change" value ="80.000000" />
  <attribute name="Current GC Util Change" value="1.000000"/>
  <attribute name="GC Util currently" value="1" />
  <attribute name="CPU Util currently" value="5007487402" />
<allocation-satisfied id="5074" threadId="0000000000880F00" bytesRequested="1168" />
<af-end id="5075" timestamp="2019-08-11T07:39:46.814" threadId="0000000000881888" success="true" from="nursery"/>
<exclusive-end id="5076" timestamp="2019-08-11T07:39:46.814" durationms="2.484" />

<exclusive-start id="5077" timestamp="2019-08-11T07:39:46.825" intervalms="13.460">
  <response-info timems="0.019" idlems="0.019" threads="0" lastid="0000000000880F00" lastname="main" />
</exclusive-start>
<af-start id="5078" threadId="0000000000881888" totalBytesRequested="1168" timestamp="2019-08-11T07:39:46.825" intervalms="13.437" type="nursery" />
<cycle-start id="5079" type="scavenge" contextid="0" timestamp="2019-08-11T07:39:46.825" intervalms="13.437" />
<gc-start id="5080" type="scavenge" contextid="5079" timestamp="2019-08-11T07:39:46.825">
  <mem-info id="5081" free="3965533192" total="4099932160" percent="96">
    <mem type="nursery" free="0" total="108527616" percent="0">
      <mem type="allocate" free="0" total="97648640" percent="0" />
      <mem type="survivor" free="0" total="10878976" percent="0" />
    </mem>
    <mem type="tenure" free="3965533192" total="3991404544" percent="99">
      <mem type="soa" free="3765992456" total="3791835136" percent="99" />
      <mem type="loa" free="199540736" total="199569408" percent="99" />
    </mem>
    <remembered-set count="133" />
  </mem-info>
</gc-start>
<allocation-stats totalBytes="97290600" >
  <allocated-bytes non-tlh="1168" tlh="97289432" />
  <largest-consumer threadName="main" threadId="0000000000880F00" bytes="97290600" />
</allocation-stats>
<gc-op id="5082" type="scavenge" timems="1.071" contextid="5079" timestamp="2019-08-11T07:39:46.826">
  <scavenger-info tenureage="13" tenuremask="e000" tiltratio="89" />
  <memory-copied type="nursery" objects="94" bytes="3704" bytesdiscarded="12424" />
</gc-op>
<heap-resize id="5083" type="expand" space="nursery" amount="4980736" count="1" timems="0.016" reason="excessive time being spent scavenging" timestamp="2019-08-11T07:39:46.826" />
<gc-end id="5084" type="scavenge" contextid="5079" durationms="1.442" usertimems="2.304" systemtimems="0.000" timestamp="2019-08-11T07:39:46.827" activeThreads="16">
  <mem-info id="5085" free="4067622152" total="4104912896" percent="99">
    <mem type="nursery" free="102088960" total="113508352" percent="89">
      <mem type="allocate" free="102088960" total="102105088" percent="99" />
      <mem type="survivor" free="0" total="11403264" percent="0" />
    </mem>
    <mem type="tenure" free="3965533192" total="3991404544" percent="99" macro-fragmented="0">
      <mem type="soa" free="3765992456" total="3791835136" percent="99" />
      <mem type="loa" free="199540736" total="199569408" percent="99" />
    </mem>
    <remembered-set count="132" />
  </mem-info>
</gc-end>
<cycle-end id="5086" type="scavenge" contextid="5079" timestamp="2019-08-11T07:39:46.827" />
  <attribute name="elasticGC enabled" value="1" />
  <attribute name= "numThreadsSpecified" value="16" />
  <attribute name="heapSize specified" value="-91291648" />
  <attribute name="Current GC Util" value="30" />
  <attribute name= "Current Time Running" value="77664" />
  <attribute name ="GC Interval" value="200" />
  <attribute name="ProportionalT" value="-25.000000" />
  <attribute name="ProportionalI" value="-25.000000" />
  <attribute name="ProportionalH" value="-25.000000" />
  <attribute name="Current Error" value="-50.000000" />
  <attribute name="IntegralT" value="-325.000000" />
  <attribute name="IntegralI" value="-325.000000" />
  <attribute name="IntegralH" value="-325.000000" />
  <attribute name="DerivativeT" value="-3.846154" />
  <attribute name="DerivativeI" value="-3.846154" />
  <attribute name="DerivativeH" value="-3.846154" />
  <attribute name="Loop Time for DT" value="13.000000" />
  <attribute name="Output H" value="4203675648"/>
  <attribute name="Output I" value="200"/>
  <attribute name="Output T" value="16"/>
  <attribute name="Target GC Util Change" value ="80.000000" />
  <attribute name="Current GC Util Change" value="30.000000"/>
  <attribute name="GC Util currently" value="30" />
  <attribute name="CPU Util currently" value="85734463806" />
<allocation-satisfied id="5087" threadId="0000000000880F00" bytesRequested="1168" />
<af-end id="5088" timestamp="2019-08-11T07:39:46.827" threadId="0000000000881888" success="true" from="nursery"/>
<exclusive-end id="5089" timestamp="2019-08-11T07:39:46.827" durationms="1.730" />

<exclusive-start id="5090" timestamp="2019-08-11T07:39:46.838" intervalms="12.918">
  <response-info timems="0.021" idlems="0.021" threads="0" lastid="0000000000880F00" lastname="main" />
</exclusive-start>
<af-start id="5091" threadId="0000000000881888" totalBytesRequested="1168" timestamp="2019-08-11T07:39:46.838" intervalms="12.917" type="nursery" />
<cycle-start id="5092" type="scavenge" contextid="0" timestamp="2019-08-11T07:39:46.838" intervalms="12.915" />
<gc-start id="5093" type="scavenge" contextid="5092" timestamp="2019-08-11T07:39:46.838">
  <mem-info id="5094" free="3965533192" total="4104912896" percent="96">
    <mem type="nursery" free="0" total="113508352" percent="0">
      <mem type="allocate" free="0" total="102105088" percent="0" />
      <mem type="survivor" free="0" total="11403264" percent="0" />
    </mem>
    <mem type="tenure" free="3965533192" total="3991404544" percent="99">
      <mem type="soa" free="3765992456" total="3791835136" percent="99" />
      <mem type="loa" free="199540736" total="199569408" percent="99" />
    </mem>
    <remembered-set count="132" />
  </mem-info>
</gc-start>
<allocation-stats totalBytes="101751080" >
  <allocated-bytes non-tlh="1168" tlh="101749912" />
  <largest-consumer threadName="main" threadId="0000000000880F00" bytes="101751080" />
</allocation-stats>
<gc-op id="5095" type="scavenge" timems="1.118" contextid="5092" timestamp="2019-08-11T07:39:46.839">
  <scavenger-info tenureage="2" tenuremask="fe14" tiltratio="89" />
  <memory-copied type="nursery" objects="2" bytes="56" bytesdiscarded="32200" />
  <memory-copied type="tenure" objects="92" bytes="3648" bytesdiscarded="0" />
</gc-op>
<gc-end id="5096" type="scavenge" contextid="5092" durationms="1.409" usertimems="2.770" systemtimems="0.000" timestamp="2019-08-11T07:39:46.839" activeThreads="16">
  <mem-info id="5097" free="4067606024" total="4104912896" percent="99">
    <mem type="nursery" free="102072832" total="113508352" percent="89">
      <mem type="allocate" free="102072832" total="102105088" percent="99" />
      <mem type="survivor" free="0" total="11403264" percent="0" />
    </mem>
    <mem type="tenure" free="3965533192" total="3991404544" percent="99" macro-fragmented="0">
      <mem type="soa" free="3765992456" total="3791835136" percent="99" />
      <mem type="loa" free="199540736" total="199569408" percent="99" />
    </mem>
    <remembered-set count="119" />
  </mem-info>
</gc-end>
<cycle-end id="5098" type="scavenge" contextid="5092" timestamp="2019-08-11T07:39:46.840" />
  <attribute name="elasticGC enabled" value="1" />
  <attribute name= "numThreadsSpecified" value="16" />
  <attribute name="heapSize specified" value="-91291648" />
  <attribute name="Current GC Util" value="19" />
  <attribute name= "Current Time Running" value="77677" />
  <attribute name ="GC Interval" value="200" />
  <attribute name="ProportionalT" value="-30.500000" />
  <attribute name="ProportionalI" value="-30.500000" />
  <attribute name="ProportionalH" value="-30.500000" />
  <attribute name="Current Error" value="-61.000000" />
  <attribute name="IntegralT" value="-396.500000" />
  <attribute name="IntegralI" value="-396.500000" />
  <attribute name="IntegralH" value="-396.500000" />
  <attribute name="DerivativeT" value="-4.692308" />
  <attribute name="DerivativeI" value="-4.692308" />
  <attribute name="DerivativeH" value="-4.692308" />
  <attribute name="Loop Time for DT" value="13.000000" />
  <attribute name="Output H" value="4203675648"/>
  <attribute name="Output I" value="200"/>
  <attribute name="Output T" value="16"/>
  <attribute name="Target GC Util Change" value ="80.000000" />
  <attribute name="Current GC Util Change" value="19.000000"/>
  <attribute name="GC Util currently" value="19" />
  <attribute name="CPU Util currently" value="89317419669" />
<allocation-satisfied id="5099" threadId="0000000000880F00" bytesRequested="1168" />
<af-end id="5100" timestamp="2019-08-11T07:39:46.840" threadId="0000000000881888" success="true" from="nursery"/>
<exclusive-end id="5101" timestamp="2019-08-11T07:39:46.840" durationms="1.665" />

<exclusive-start id="5102" timestamp="2019-08-11T07:39:46.852" intervalms="13.613">
  <response-info timems="0.017" idlems="0.017" threads="0" lastid="0000000000880F00" lastname="main" />
</exclusive-start>
<af-start id="5103" threadId="0000000000881888" totalBytesRequested="1168" timestamp="2019-08-11T07:39:46.852" intervalms="13.610" type="nursery" />
<cycle-start id="5104" type="scavenge" contextid="0" timestamp="2019-08-11T07:39:46.852" intervalms="13.610" />
<gc-start id="5105" type="scavenge" contextid="5104" timestamp="2019-08-11T07:39:46.852">
  <mem-info id="5106" free="3965533192" total="4104912896" percent="96">
    <mem type="nursery" free="0" total="113508352" percent="0">
      <mem type="allocate" free="0" total="102105088" percent="0" />
      <mem type="survivor" free="0" total="11403264" percent="0" />
    </mem>
    <mem type="tenure" free="3965533192" total="3991404544" percent="99">
      <mem type="soa" free="3765992456" total="3791835136" percent="99" />
      <mem type="loa" free="199540736" total="199569408" percent="99" />
    </mem>
    <remembered-set count="119" />
  </mem-info>
</gc-start>
<allocation-stats totalBytes="101735064" >
  <allocated-bytes non-tlh="1168" tlh="101733896" />
  <largest-consumer threadName="main" threadId="0000000000880F00" bytes="101735064" />
</allocation-stats>
<gc-op id="5107" type="scavenge" timems="1.121" contextid="5104" timestamp="2019-08-11T07:39:46.853">
  <scavenger-info tenureage="4" tenuremask="ffd0" tiltratio="89" />
  <memory-copied type="nursery" objects="2" bytes="56" bytesdiscarded="32200" />
</gc-op>
<heap-resize id="5108" type="expand" space="nursery" amount="5505024" count="1" timems="0.016" reason="excessive time being spent scavenging" timestamp="2019-08-11T07:39:46.853" />
<gc-end id="5109" type="scavenge" contextid="5104" durationms="1.580" usertimems="2.360" systemtimems="0.000" timestamp="2019-08-11T07:39:46.853" activeThreads="16">
  <mem-info id="5110" free="4072521224" total="4110417920" percent="99">
    <mem type="nursery" free="106988032" total="119013376" percent="89">
      <mem type="allocate" free="106988032" total="107020288" percent="99" />
      <mem type="survivor" free="0" total="11993088" percent="0" />
    </mem>
    <mem type="tenure" free="3965533192" total="3991404544" percent="99" macro-fragmented="3110739">
      <mem type="soa" free="3765992456" total="3791835136" percent="99" />
      <mem type="loa" free="199540736" total="199569408" percent="99" />
    </mem>
    <remembered-set count="119" />
  </mem-info>
</gc-end>
<cycle-end id="5111" type="scavenge" contextid="5104" timestamp="2019-08-11T07:39:46.853" />
  <attribute name="elasticGC enabled" value="1" />
  <attribute name= "numThreadsSpecified" value="16" />
  <attribute name="heapSize specified" value="-91291648" />
  <attribute name="Current GC Util" value="20" />
  <attribute name= "Current Time Running" value="77691" />
  <attribute name ="GC Interval" value="200" />
  <attribute name="ProportionalT" value="-30.000000" />
  <attribute name="ProportionalI" value="-30.000000" />
  <attribute name="ProportionalH" value="-30.000000" />
  <attribute name="Current Error" value="-60.000000" />
  <attribute name="IntegralT" value="-420.000000" />
  <attribute name="IntegralI" value="-420.000000" />
  <attribute name="IntegralH" value="-420.000000" />
  <attribute name="DerivativeT" value="-4.285714" />
  <attribute name="DerivativeI" value="-4.285714" />
  <attribute name="DerivativeH" value="-4.285714" />
  <attribute name="Loop Time for DT" value="14.000000" />
  <attribute name="Output H" value="4203675648"/>
  <attribute name="Output I" value="200"/>
  <attribute name="Output T" value="16"/>
  <attribute name="Target GC Util Change" value ="80.000000" />
  <attribute name="Current GC Util Change" value="20.000000"/>
  <attribute name="GC Util currently" value="20" />
  <attribute name="CPU Util currently" value="84474809291" />
<allocation-satisfied id="5112" threadId="0000000000880F00" bytesRequested="1168" />
<af-end id="5113" timestamp="2019-08-11T07:39:46.853" threadId="0000000000881888" success="true" from="nursery"/>
<exclusive-end id="5114" timestamp="2019-08-11T07:39:46.853" durationms="1.820" />

<exclusive-start id="5115" timestamp="2019-08-11T07:39:46.865" intervalms="13.015">
  <response-info timems="0.022" idlems="0.022" threads="0" lastid="0000000000880F00" lastname="main" />
</exclusive-start>
<af-start id="5116" threadId="0000000000881888" totalBytesRequested="1168" timestamp="2019-08-11T07:39:46.865" intervalms="13.018" type="nursery" />
<cycle-start id="5117" type="scavenge" contextid="0" timestamp="2019-08-11T07:39:46.865" intervalms="13.021" />
<gc-start id="5118" type="scavenge" contextid="5117" timestamp="2019-08-11T07:39:46.865">
  <mem-info id="5119" free="3965533192" total="4110417920" percent="96">
    <mem type="nursery" free="0" total="119013376" percent="0">
      <mem type="allocate" free="0" total="107020288" percent="0" />
      <mem type="survivor" free="0" total="11993088" percent="0" />
    </mem>
    <mem type="tenure" free="3965533192" total="3991404544" percent="99">
      <mem type="soa" free="3765992456" total="3791835136" percent="99" />
      <mem type="loa" free="199540736" total="199569408" percent="99" />
    </mem>
    <remembered-set count="119" />
  </mem-info>
</gc-start>
<allocation-stats totalBytes="106634184" >
  <allocated-bytes non-tlh="1168" tlh="106633016" />
  <largest-consumer threadName="main" threadId="0000000000880F00" bytes="106634184" />
</allocation-stats>
<gc-op id="5120" type="scavenge" timems="0.885" contextid="5117" timestamp="2019-08-11T07:39:46.866">
  <scavenger-info tenureage="3" tenuremask="fff8" tiltratio="89" />
  <memory-copied type="nursery" objects="2" bytes="56" bytesdiscarded="32200" />
</gc-op>
<gc-end id="5121" type="scavenge" contextid="5117" durationms="1.259" usertimems="2.005" systemtimems="0.000" timestamp="2019-08-11T07:39:46.866" activeThreads="16">
  <mem-info id="5122" free="4072586760" total="4110417920" percent="99">
    <mem type="nursery" free="107053568" total="119013376" percent="89">
      <mem type="allocate" free="107053568" total="107085824" percent="99" />
      <mem type="survivor" free="0" total="11927552" percent="0" />
    </mem>
    <mem type="tenure" free="3965533192" total="3991404544" percent="99" macro-fragmented="0">
      <mem type="soa" free="3765992456" total="3791835136" percent="99" />
      <mem type="loa" free="199540736" total="199569408" percent="99" />
    </mem>
    <remembered-set count="119" />
  </mem-info>
</gc-end>
<cycle-end id="5123" type="scavenge" contextid="5117" timestamp="2019-08-11T07:39:46.866" />
  <attribute name="elasticGC enabled" value="1" />
  <attribute name= "numThreadsSpecified" value="16" />
  <attribute name="heapSize specified" value="-91291648" />
  <attribute name="Current GC Util" value="19" />
  <attribute name= "Current Time Running" value="77704" />
  <attribute name ="GC Interval" value="200" />
  <attribute name="ProportionalT" value="-30.500000" />
  <attribute name="ProportionalI" value="-30.500000" />
  <attribute name="ProportionalH" value="-30.500000" />
  <attribute name="Current Error" value="-61.000000" />
  <attribute name="IntegralT" value="-396.500000" />
  <attribute name="IntegralI" value="-396.500000" />
  <attribute name="IntegralH" value="-396.500000" />
  <attribute name="DerivativeT" value="-4.692308" />
  <attribute name="DerivativeI" value="-4.692308" />
  <attribute name="DerivativeH" value="-4.692308" />
  <attribute name="Loop Time for DT" value="13.000000" />
  <attribute name="Output H" value="4203675648"/>
  <attribute name="Output I" value="200"/>
  <attribute name="Output T" value="16"/>
  <attribute name="Target GC Util Change" value ="80.000000" />
  <attribute name="Current GC Util Change" value="19.000000"/>
  <attribute name="GC Util currently" value="19" />
  <attribute name="CPU Util currently" value="88753188321" />
<allocation-satisfied id="5124" threadId="0000000000880F00" bytesRequested="1168" />
<af-end id="5125" timestamp="2019-08-11T07:39:46.866" threadId="0000000000881888" success="true" from="nursery"/>
<exclusive-end id="5126" timestamp="2019-08-11T07:39:46.866" durationms="1.480" />

<exclusive-start id="5127" timestamp="2019-08-11T07:39:46.878" intervalms="13.380">
  <response-info timems="0.043" idlems="0.043" threads="0" lastid="0000000000880F00" lastname="main" />
</exclusive-start>
<af-start id="5128" threadId="0000000000881888" totalBytesRequested="1168" timestamp="2019-08-11T07:39:46.878" intervalms="13.390" type="nursery" />
<cycle-start id="5129" type="scavenge" contextid="0" timestamp="2019-08-11T07:39:46.878" intervalms="13.434" />
<gc-start id="5130" type="scavenge" contextid="5129" timestamp="2019-08-11T07:39:46.878">
  <mem-info id="5131" free="3965533192" total="4110417920" percent="96">
    <mem type="nursery" free="0" total="119013376" percent="0">
      <mem type="allocate" free="0" total="107085824" percent="0" />
      <mem type="survivor" free="0" total="11927552" percent="0" />
    </mem>
    <mem type="tenure" free="3965533192" total="3991404544" percent="99">
      <mem type="soa" free="3765992456" total="3791835136" percent="99" />
      <mem type="loa" free="199540736" total="199569408" percent="99" />
    </mem>
    <remembered-set count="119" />
  </mem-info>
</gc-start>
<allocation-stats totalBytes="106699480" >
  <allocated-bytes non-tlh="1168" tlh="106698312" />
  <largest-consumer threadName="main" threadId="0000000000880F00" bytes="106699480" />
</allocation-stats>
<gc-op id="5132" type="scavenge" timems="1.001" contextid="5129" timestamp="2019-08-11T07:39:46.879">
  <scavenger-info tenureage="3" tenuremask="fff8" tiltratio="89" />
  <memory-copied type="nursery" objects="2" bytes="56" bytesdiscarded="32200" />
</gc-op>
<heap-resize id="5133" type="expand" space="nursery" amount="5767168" count="1" timems="0.018" reason="excessive time being spent scavenging" timestamp="2019-08-11T07:39:46.879" />
<gc-end id="5134" type="scavenge" contextid="5129" durationms="1.323" usertimems="2.170" systemtimems="0.000" timestamp="2019-08-11T07:39:46.879" activeThreads="16">
  <mem-info id="5135" free="4077764104" total="4116185088" percent="99">
    <mem type="nursery" free="112230912" total="124780544" percent="89">
      <mem type="allocate" free="112230912" total="112263168" percent="99" />
      <mem type="survivor" free="0" total="12517376" percent="0" />
    </mem>
    <mem type="tenure" free="3965533192" total="3991404544" percent="99" macro-fragmented="1800196">
      <mem type="soa" free="3765992456" total="3791835136" percent="99" />
      <mem type="loa" free="199540736" total="199569408" percent="99" />
    </mem>
    <remembered-set count="119" />
  </mem-info>
</gc-end>
<cycle-end id="5136" type="scavenge" contextid="5129" timestamp="2019-08-11T07:39:46.879" />
  <attribute name="elasticGC enabled" value="1" />
  <attribute name= "numThreadsSpecified" value="16" />
  <attribute name="heapSize specified" value="-91291648" />
  <attribute name="Current GC Util" value="16" />
  <attribute name= "Current Time Running" value="77717" />
  <attribute name ="GC Interval" value="200" />
  <attribute name="ProportionalT" value="-32.000000" />
  <attribute name="ProportionalI" value="-32.000000" />
  <attribute name="ProportionalH" value="-32.000000" />
  <attribute name="Current Error" value="-64.000000" />
  <attribute name="IntegralT" value="-416.000000" />
  <attribute name="IntegralI" value="-416.000000" />
  <attribute name="IntegralH" value="-416.000000" />
  <attribute name="DerivativeT" value="-4.923077" />
  <attribute name="DerivativeI" value="-4.923077" />
  <attribute name="DerivativeH" value="-4.923077" />
  <attribute name="Loop Time for DT" value="13.000000" />
  <attribute name="Output H" value="4203675648"/>
  <attribute name="Output I" value="200"/>
  <attribute name="Output T" value="16"/>
  <attribute name="Target GC Util Change" value ="80.000000" />
  <attribute name="Current GC Util Change" value="16.000000"/>
  <attribute name="GC Util currently" value="16" />
  <attribute name="CPU Util currently" value="85960641621" />
<allocation-satisfied id="5137" threadId="0000000000880F00" bytesRequested="1168" />
<af-end id="5138" timestamp="2019-08-11T07:39:46.880" threadId="0000000000881888" success="true" from="nursery"/>
<exclusive-end id="5139" timestamp="2019-08-11T07:39:46.880" durationms="1.611" />

<exclusive-start id="5140" timestamp="2019-08-11T07:39:46.892" intervalms="14.276">
  <response-info timems="0.026" idlems="0.026" threads="0" lastid="0000000000880F00" lastname="main" />
</exclusive-start>
<af-start id="5141" threadId="0000000000881888" totalBytesRequested="1168" timestamp="2019-08-11T07:39:46.892" intervalms="14.283" type="nursery" />
<cycle-start id="5142" type="scavenge" contextid="0" timestamp="2019-08-11T07:39:46.892" intervalms="14.246" />
<gc-start id="5143" type="scavenge" contextid="5142" timestamp="2019-08-11T07:39:46.892">
  <mem-info id="5144" free="3965533192" total="4116185088" percent="96">
    <mem type="nursery" free="0" total="124780544" percent="0">
      <mem type="allocate" free="0" total="112263168" percent="0" />
      <mem type="survivor" free="0" total="12517376" percent="0" />
    </mem>
    <mem type="tenure" free="3965533192" total="3991404544" percent="99">
      <mem type="soa" free="3765992456" total="3791835136" percent="99" />
      <mem type="loa" free="199540736" total="199569408" percent="99" />
    </mem>
    <remembered-set count="124" />
  </mem-info>
</gc-start>
<allocation-stats totalBytes="111807384" >
  <allocated-bytes non-tlh="1168" tlh="111806216" />
  <largest-consumer threadName="main" threadId="0000000000880F00" bytes="111807384" />
</allocation-stats>
<gc-op id="5145" type="scavenge" timems="1.427" contextid="5142" timestamp="2019-08-11T07:39:46.894">
  <scavenger-info tenureage="3" tenuremask="fff8" tiltratio="89" />
  <memory-copied type="nursery" objects="27" bytes="1944" bytesdiscarded="30312" />
</gc-op>
<gc-end id="5146" type="scavenge" contextid="5142" durationms="1.797" usertimems="3.195" systemtimems="0.000" timestamp="2019-08-11T07:39:46.894" activeThreads="16">
  <mem-info id="5147" free="4077764104" total="4116185088" percent="99">
    <mem type="nursery" free="112230912" total="124780544" percent="89">
      <mem type="allocate" free="112230912" total="112263168" percent="99" />
      <mem type="survivor" free="0" total="12517376" percent="0" />
    </mem>
    <mem type="tenure" free="3965533192" total="3991404544" percent="99" macro-fragmented="0">
      <mem type="soa" free="3765992456" total="3791835136" percent="99" />
      <mem type="loa" free="199540736" total="199569408" percent="99" />
    </mem>
    <remembered-set count="124" />
  </mem-info>
</gc-end>
<cycle-end id="5148" type="scavenge" contextid="5142" timestamp="2019-08-11T07:39:46.894" />
  <attribute name="elasticGC enabled" value="1" />
  <attribute name= "numThreadsSpecified" value="16" />
  <attribute name="heapSize specified" value="-91291648" />
  <attribute name="Current GC Util" value="16" />
  <attribute name= "Current Time Running" value="77732" />
  <attribute name ="GC Interval" value="200" />
  <attribute name="ProportionalT" value="-32.000000" />
  <attribute name="ProportionalI" value="-32.000000" />
  <attribute name="ProportionalH" value="-32.000000" />
  <attribute name="Current Error" value="-64.000000" />
  <attribute name="IntegralT" value="-480.000000" />
  <attribute name="IntegralI" value="-480.000000" />
  <attribute name="IntegralH" value="-480.000000" />
  <attribute name="DerivativeT" value="-4.266667" />
  <attribute name="DerivativeI" value="-4.266667" />
  <attribute name="DerivativeH" value="-4.266667" />
  <attribute name="Loop Time for DT" value="15.000000" />
  <attribute name="Output H" value="4203675648"/>
  <attribute name="Output I" value="200"/>
  <attribute name="Output T" value="16"/>
  <attribute name="Target GC Util Change" value ="80.000000" />
  <attribute name="Current GC Util Change" value="16.000000"/>
  <attribute name="GC Util currently" value="16" />
  <attribute name="CPU Util currently" value="80843973860" />
<allocation-satisfied id="5149" threadId="0000000000880F00" bytesRequested="1168" />
<af-end id="5150" timestamp="2019-08-11T07:39:46.894" threadId="0000000000881888" success="true" from="nursery"/>
<exclusive-end id="5151" timestamp="2019-08-11T07:39:46.894" durationms="2.076" />

<exclusive-start id="5152" timestamp="2019-08-11T07:39:46.909" intervalms="16.643">
  <response-info timems="0.042" idlems="0.042" threads="0" lastid="0000000000880F00" lastname="main" />
</exclusive-start>
<af-start id="5153" threadId="0000000000881888" totalBytesRequested="1168" timestamp="2019-08-11T07:39:46.909" intervalms="16.627" type="nursery" />
<cycle-start id="5154" type="scavenge" contextid="0" timestamp="2019-08-11T07:39:46.909" intervalms="16.618" />
<gc-start id="5155" type="scavenge" contextid="5154" timestamp="2019-08-11T07:39:46.909">
  <mem-info id="5156" free="3965533192" total="4116185088" percent="96">
    <mem type="nursery" free="0" total="124780544" percent="0">
      <mem type="allocate" free="0" total="112263168" percent="0" />
      <mem type="survivor" free="0" total="12517376" percent="0" />
    </mem>
    <mem type="tenure" free="3965533192" total="3991404544" percent="99">
      <mem type="soa" free="3765992456" total="3791835136" percent="99" />
      <mem type="loa" free="199540736" total="199569408" percent="99" />
    </mem>
    <remembered-set count="124" />
  </mem-info>
</gc-start>
<allocation-stats totalBytes="111512928" >
  <allocated-bytes non-tlh="1168" tlh="111511760" />
  <largest-consumer threadName="main" threadId="0000000000880F00" bytes="111512928" />
</allocation-stats>
<gc-op id="5157" type="scavenge" timems="0.908" contextid="5154" timestamp="2019-08-11T07:39:46.910">
  <scavenger-info tenureage="3" tenuremask="fff8" tiltratio="89" />
  <memory-copied type="nursery" objects="28" bytes="1968" bytesdiscarded="30288" />
</gc-op>
<heap-resize id="5158" type="expand" space="nursery" amount="4849664" count="1" timems="0.013" reason="excessive time being spent scavenging" timestamp="2019-08-11T07:39:46.910" />
<gc-end id="5159" type="scavenge" contextid="5154" durationms="1.255" usertimems="2.085" systemtimems="0.000" timestamp="2019-08-11T07:39:46.910" activeThreads="16">
  <mem-info id="5160" free="4082089480" total="4121034752" percent="99">
    <mem type="nursery" free="116556288" total="129630208" percent="89">
      <mem type="allocate" free="116556288" total="116588544" percent="99" />
      <mem type="survivor" free="0" total="13041664" percent="0" />
    </mem>
    <mem type="tenure" free="3965533192" total="3991404544" percent="99" macro-fragmented="3732887">
      <mem type="soa" free="3765992456" total="3791835136" percent="99" />
      <mem type="loa" free="199540736" total="199569408" percent="99" />
    </mem>
    <remembered-set count="114" />
  </mem-info>
</gc-end>
<cycle-end id="5161" type="scavenge" contextid="5154" timestamp="2019-08-11T07:39:46.910" />
  <attribute name="elasticGC enabled" value="1" />
  <attribute name= "numThreadsSpecified" value="16" />
  <attribute name="heapSize specified" value="-91291648" />
  <attribute name="Current GC Util" value="20" />
  <attribute name= "Current Time Running" value="77748" />
  <attribute name ="GC Interval" value="200" />
  <attribute name="ProportionalT" value="-30.000000" />
  <attribute name="ProportionalI" value="-30.000000" />
  <attribute name="ProportionalH" value="-30.000000" />
  <attribute name="Current Error" value="-60.000000" />
  <attribute name="IntegralT" value="-480.000000" />
  <attribute name="IntegralI" value="-480.000000" />
  <attribute name="IntegralH" value="-480.000000" />
  <attribute name="DerivativeT" value="-3.750000" />
  <attribute name="DerivativeI" value="-3.750000" />
  <attribute name="DerivativeH" value="-3.750000" />
  <attribute name="Loop Time for DT" value="16.000000" />
  <attribute name="Output H" value="4203675648"/>
  <attribute name="Output I" value="200"/>
  <attribute name="Output T" value="16"/>
  <attribute name="Target GC Util Change" value ="80.000000" />
  <attribute name="Current GC Util Change" value="20.000000"/>
  <attribute name="GC Util currently" value="20" />
  <attribute name="CPU Util currently" value="69472629441" />
<allocation-satisfied id="5162" threadId="0000000000880F00" bytesRequested="1168" />
<af-end id="5163" timestamp="2019-08-11T07:39:46.910" threadId="0000000000881888" success="true" from="nursery"/>
<exclusive-end id="5164" timestamp="2019-08-11T07:39:46.910" durationms="1.510" />

<exclusive-start id="5165" timestamp="2019-08-11T07:39:46.923" intervalms="13.819">
  <response-info timems="0.024" idlems="0.024" threads="0" lastid="0000000000880F00" lastname="main" />
</exclusive-start>
<af-start id="5166" threadId="0000000000881888" totalBytesRequested="1168" timestamp="2019-08-11T07:39:46.923" intervalms="13.825" type="nursery" />
<cycle-start id="5167" type="scavenge" contextid="0" timestamp="2019-08-11T07:39:46.923" intervalms="13.825" />
<gc-start id="5168" type="scavenge" contextid="5167" timestamp="2019-08-11T07:39:46.923">
  <mem-info id="5169" free="3965533192" total="4121034752" percent="96">
    <mem type="nursery" free="0" total="129630208" percent="0">
      <mem type="allocate" free="0" total="116588544" percent="0" />
      <mem type="survivor" free="0" total="13041664" percent="0" />
    </mem>
    <mem type="tenure" free="3965533192" total="3991404544" percent="99">
      <mem type="soa" free="3765992456" total="3791835136" percent="99" />
      <mem type="loa" free="199540736" total="199569408" percent="99" />
    </mem>
    <remembered-set count="114" />
  </mem-info>
</gc-start>
<allocation-stats totalBytes="115826088" >
  <allocated-bytes non-tlh="1168" tlh="115824920" />
  <largest-consumer threadName="main" threadId="0000000000880F00" bytes="115826088" />
</allocation-stats>
<gc-op id="5170" type="scavenge" timems="0.900" contextid="5167" timestamp="2019-08-11T07:39:46.924">
  <scavenger-info tenureage="3" tenuremask="fff8" tiltratio="89" />
  <memory-copied type="nursery" objects="28" bytes="1968" bytesdiscarded="30288" />
</gc-op>
<gc-end id="5171" type="scavenge" contextid="5167" durationms="1.187" usertimems="2.156" systemtimems="0.000" timestamp="2019-08-11T07:39:46.924" activeThreads="16">
  <mem-info id="5172" free="4082155016" total="4121034752" percent="99">
    <mem type="nursery" free="116621824" total="129630208" percent="89">
      <mem type="allocate" free="116621824" total="116654080" percent="99" />
      <mem type="survivor" free="0" total="12976128" percent="0" />
    </mem>
    <mem type="tenure" free="3965533192" total="3991404544" percent="99" macro-fragmented="1800196">
      <mem type="soa" free="3765992456" total="3791835136" percent="99" />
      <mem type="loa" free="199540736" total="199569408" percent="99" />
    </mem>
    <remembered-set count="114" />
  </mem-info>
</gc-end>
<cycle-end id="5173" type="scavenge" contextid="5167" timestamp="2019-08-11T07:39:46.924" />
  <attribute name="elasticGC enabled" value="1" />
  <attribute name= "numThreadsSpecified" value="16" />
  <attribute name="heapSize specified" value="-91291648" />
  <attribute name="Current GC Util" value="16" />
  <attribute name= "Current Time Running" value="77762" />
  <attribute name ="GC Interval" value="200" />
  <attribute name="ProportionalT" value="-32.000000" />
  <attribute name="ProportionalI" value="-32.000000" />
  <attribute name="ProportionalH" value="-32.000000" />
  <attribute name="Current Error" value="-64.000000" />
  <attribute name="IntegralT" value="-448.000000" />
  <attribute name="IntegralI" value="-448.000000" />
  <attribute name="IntegralH" value="-448.000000" />
  <attribute name="DerivativeT" value="-4.571429" />
  <attribute name="DerivativeI" value="-4.571429" />
  <attribute name="DerivativeH" value="-4.571429" />
  <attribute name="Loop Time for DT" value="14.000000" />
  <attribute name="Output H" value="4203675648"/>
  <attribute name="Output I" value="200"/>
  <attribute name="Output T" value="16"/>
  <attribute name="Target GC Util Change" value ="80.000000" />
  <attribute name="Current GC Util Change" value="16.000000"/>
  <attribute name="GC Util currently" value="16" />
  <attribute name="CPU Util currently" value="83434521001" />
<allocation-satisfied id="5174" threadId="0000000000880F00" bytesRequested="1168" />
<af-end id="5175" timestamp="2019-08-11T07:39:46.924" threadId="0000000000881888" success="true" from="nursery"/>
<exclusive-end id="5176" timestamp="2019-08-11T07:39:46.924" durationms="1.422" />

<exclusive-start id="5177" timestamp="2019-08-11T07:39:46.938" intervalms="15.323">
  <response-info timems="0.021" idlems="0.021" threads="0" lastid="0000000000880F00" lastname="main" />
</exclusive-start>
<af-start id="5178" threadId="0000000000881888" totalBytesRequested="1168" timestamp="2019-08-11T07:39:46.938" intervalms="15.384" type="nursery" />
<cycle-start id="5179" type="scavenge" contextid="0" timestamp="2019-08-11T07:39:46.938" intervalms="15.436" />
<gc-start id="5180" type="scavenge" contextid="5179" timestamp="2019-08-11T07:39:46.938">
  <mem-info id="5181" free="3965533192" total="4121034752" percent="96">
    <mem type="nursery" free="0" total="129630208" percent="0">
      <mem type="allocate" free="0" total="116654080" percent="0" />
      <mem type="survivor" free="0" total="12976128" percent="0" />
    </mem>
    <mem type="tenure" free="3965533192" total="3991404544" percent="99">
      <mem type="soa" free="3765992456" total="3791835136" percent="99" />
      <mem type="loa" free="199540736" total="199569408" percent="99" />
    </mem>
    <remembered-set count="114" />
  </mem-info>
</gc-start>
<allocation-stats totalBytes="115891856" >
  <allocated-bytes non-tlh="1168" tlh="115890688" />
  <largest-consumer threadName="main" threadId="0000000000880F00" bytes="115891856" />
</allocation-stats>
<gc-op id="5182" type="scavenge" timems="1.971" contextid="5179" timestamp="2019-08-11T07:39:46.940">
  <scavenger-info tenureage="3" tenuremask="fff8" tiltratio="89" />
  <memory-copied type="nursery" objects="2" bytes="64" bytesdiscarded="32192" />
  <memory-copied type="tenure" objects="26" bytes="1904" bytesdiscarded="0" />
</gc-op>
<heap-resize id="5183" type="expand" space="nursery" amount="7208960" count="1" timems="0.012" reason="excessive time being spent scavenging" timestamp="2019-08-11T07:39:46.940" />
<gc-end id="5184" type="scavenge" contextid="5179" durationms="2.291" usertimems="4.954" systemtimems="0.000" timestamp="2019-08-11T07:39:46.941" activeThreads="16">
  <mem-info id="5185" free="4088643080" total="4128243712" percent="99">
    <mem type="nursery" free="123109888" total="136839168" percent="89">
      <mem type="allocate" free="123109888" total="123142144" percent="99" />
      <mem type="survivor" free="0" total="13697024" percent="0" />
    </mem>
    <mem type="tenure" free="3965533192" total="3991404544" percent="99" macro-fragmented="0">
      <mem type="soa" free="3765992456" total="3791835136" percent="99" />
      <mem type="loa" free="199540736" total="199569408" percent="99" />
    </mem>
    <remembered-set count="119" />
  </mem-info>
</gc-end>
<cycle-end id="5186" type="scavenge" contextid="5179" timestamp="2019-08-11T07:39:46.941" />
  <attribute name="elasticGC enabled" value="1" />
  <attribute name= "numThreadsSpecified" value="16" />
  <attribute name="heapSize specified" value="-91291648" />
  <attribute name="Current GC Util" value="12" />
  <attribute name= "Current Time Running" value="77778" />
  <attribute name ="GC Interval" value="200" />
  <attribute name="ProportionalT" value="-34.000000" />
  <attribute name="ProportionalI" value="-34.000000" />
  <attribute name="ProportionalH" value="-34.000000" />
  <attribute name="Current Error" value="-68.000000" />
  <attribute name="IntegralT" value="-544.000000" />
  <attribute name="IntegralI" value="-544.000000" />
  <attribute name="IntegralH" value="-544.000000" />
  <attribute name="DerivativeT" value="-4.250000" />
  <attribute name="DerivativeI" value="-4.250000" />
  <attribute name="DerivativeH" value="-4.250000" />
  <attribute name="Loop Time for DT" value="16.000000" />
  <attribute name="Output H" value="4203675648"/>
  <attribute name="Output I" value="200"/>
  <attribute name="Output T" value="16"/>
  <attribute name="Target GC Util Change" value ="80.000000" />
  <attribute name="Current GC Util Change" value="12.000000"/>
  <attribute name="GC Util currently" value="12" />
  <attribute name="CPU Util currently" value="74531628570" />
<allocation-satisfied id="5187" threadId="0000000000880F00" bytesRequested="1168" />
<af-end id="5188" timestamp="2019-08-11T07:39:46.941" threadId="0000000000881888" success="true" from="nursery"/>
<exclusive-end id="5189" timestamp="2019-08-11T07:39:46.941" durationms="2.732" />

<exclusive-start id="5190" timestamp="2019-08-11T07:39:47.042" intervalms="103.874">
  <response-info timems="0.020" idlems="0.020" threads="0" lastid="0000000000880F00" lastname="main" />
</exclusive-start>
<af-start id="5191" threadId="0000000000881888" totalBytesRequested="32" timestamp="2019-08-11T07:39:47.042" intervalms="103.825" type="nursery" />
<cycle-start id="5192" type="scavenge" contextid="0" timestamp="2019-08-11T07:39:47.042" intervalms="103.776" />
<gc-start id="5193" type="scavenge" contextid="5192" timestamp="2019-08-11T07:39:47.042">
  <mem-info id="5194" free="3965533192" total="4128243712" percent="96">
    <mem type="nursery" free="0" total="136839168" percent="0">
      <mem type="allocate" free="0" total="123142144" percent="0" />
      <mem type="survivor" free="0" total="13697024" percent="0" />
    </mem>
    <mem type="tenure" free="3965533192" total="3991404544" percent="99">
      <mem type="soa" free="3765992456" total="3791835136" percent="99" />
      <mem type="loa" free="199540736" total="199569408" percent="99" />
    </mem>
    <remembered-set count="131" />
  </mem-info>
</gc-start>
<allocation-stats totalBytes="123079192" >
  <allocated-bytes non-tlh="1168" tlh="123078024" />
  <largest-consumer threadName="main" threadId="0000000000880F00" bytes="123079192" />
</allocation-stats>
<gc-op id="5195" type="scavenge" timems="1.020" contextid="5192" timestamp="2019-08-11T07:39:47.043">
  <scavenger-info tenureage="3" tenuremask="ffe8" tiltratio="89" />
  <memory-copied type="nursery" objects="78" bytes="2480" bytesdiscarded="85792" />
  <references type="weak" candidates="37" cleared="7" enqueued="3" />
</gc-op>
<gc-end id="5196" type="scavenge" contextid="5192" durationms="1.288" usertimems="2.558" systemtimems="0.000" timestamp="2019-08-11T07:39:47.043" activeThreads="16">
  <mem-info id="5197" free="4088587016" total="4128243712" percent="99">
    <mem type="nursery" free="123053824" total="136839168" percent="89">
      <mem type="allocate" free="123053824" total="123142144" percent="99" />
      <mem type="survivor" free="0" total="13697024" percent="0" />
    </mem>
    <mem type="tenure" free="3965533192" total="3991404544" percent="99" macro-fragmented="348889">
      <mem type="soa" free="3765992456" total="3791835136" percent="99" />
      <mem type="loa" free="199540736" total="199569408" percent="99" />
    </mem>
    <pending-finalizers system="0" default="0" reference="3" classloader="0" />
    <remembered-set count="131" />
  </mem-info>
</gc-end>
<cycle-end id="5198" type="scavenge" contextid="5192" timestamp="2019-08-11T07:39:47.043" />
  <attribute name="elasticGC enabled" value="1" />
  <attribute name= "numThreadsSpecified" value="16" />
  <attribute name="heapSize specified" value="-91291648" />
  <attribute name="Current GC Util" value="4" />
  <attribute name= "Current Time Running" value="77881" />
  <attribute name ="GC Interval" value="200" />
  <attribute name="ProportionalT" value="-38.000000" />
  <attribute name="ProportionalI" value="-38.000000" />
  <attribute name="ProportionalH" value="-38.000000" />
  <attribute name="Current Error" value="-76.000000" />
  <attribute name="IntegralT" value="-3914.000000" />
  <attribute name="IntegralI" value="-3914.000000" />
  <attribute name="IntegralH" value="-3914.000000" />
  <attribute name="DerivativeT" value="-0.737864" />
  <attribute name="DerivativeI" value="-0.737864" />
  <attribute name="DerivativeH" value="-0.737864" />
  <attribute name="Loop Time for DT" value="103.000000" />
  <attribute name="Output H" value="4203675648"/>
  <attribute name="Output I" value="200"/>
  <attribute name="Output T" value="16"/>
  <attribute name="Target GC Util Change" value ="80.000000" />
  <attribute name="Current GC Util Change" value="4.000000"/>
  <attribute name="GC Util currently" value="4" />
  <attribute name="CPU Util currently" value="11113471384" />
<allocation-satisfied id="5199" threadId="0000000000880F00" bytesRequested="32" />
<af-end id="5200" timestamp="2019-08-11T07:39:47.043" threadId="0000000000881888" success="true" from="nursery"/>
<exclusive-end id="5201" timestamp="2019-08-11T07:39:47.043" durationms="1.591" />

<exclusive-start id="5202" timestamp="2019-08-11T07:39:47.069" intervalms="26.713">
  <response-info timems="0.022" idlems="0.022" threads="0" lastid="0000000000880F00" lastname="main" />
</exclusive-start>
<af-start id="5203" threadId="0000000000881888" totalBytesRequested="152" timestamp="2019-08-11T07:39:47.069" intervalms="26.699" type="nursery" />
<cycle-start id="5204" type="scavenge" contextid="0" timestamp="2019-08-11T07:39:47.069" intervalms="26.733" />
<gc-start id="5205" type="scavenge" contextid="5204" timestamp="2019-08-11T07:39:47.069">
  <mem-info id="5206" free="3965533192" total="4128243712" percent="96">
    <mem type="nursery" free="0" total="136839168" percent="0">
      <mem type="allocate" free="0" total="123142144" percent="0" />
      <mem type="survivor" free="0" total="13697024" percent="0" />
    </mem>
    <mem type="tenure" free="3965533192" total="3991404544" percent="99">
      <mem type="soa" free="3765992456" total="3791835136" percent="99" />
      <mem type="loa" free="199540736" total="199569408" percent="99" />
    </mem>
    <remembered-set count="132" />
  </mem-info>
</gc-start>
<allocation-stats totalBytes="122991096" >
  <allocated-bytes non-tlh="32" tlh="122991064" />
  <largest-consumer threadName="main" threadId="0000000000880F00" bytes="122991096" />
</allocation-stats>
<gc-op id="5207" type="scavenge" timems="1.190" contextid="5204" timestamp="2019-08-11T07:39:47.070">
  <scavenger-info tenureage="3" tenuremask="fff8" tiltratio="89" />
  <memory-copied type="nursery" objects="79" bytes="2432" bytesdiscarded="77440" />
  <references type="weak" candidates="30" cleared="0" enqueued="0" />
</gc-op>
<gc-end id="5208" type="scavenge" contextid="5204" durationms="1.459" usertimems="2.325" systemtimems="0.000" timestamp="2019-08-11T07:39:47.070" activeThreads="16">
  <mem-info id="5209" free="4088595464" total="4128243712" percent="99">
    <mem type="nursery" free="123062272" total="136839168" percent="89">
      <mem type="allocate" free="123062272" total="123142144" percent="99" />
      <mem type="survivor" free="0" total="13697024" percent="0" />
    </mem>
    <mem type="tenure" free="3965533192" total="3991404544" percent="99" macro-fragmented="800032">
      <mem type="soa" free="3765992456" total="3791835136" percent="99" />
      <mem type="loa" free="199540736" total="199569408" percent="99" />
    </mem>
    <remembered-set count="122" />
  </mem-info>
</gc-end>
<cycle-end id="5210" type="scavenge" contextid="5204" timestamp="2019-08-11T07:39:47.070" />
  <attribute name="elasticGC enabled" value="1" />
  <attribute name= "numThreadsSpecified" value="16" />
  <attribute name="heapSize specified" value="-91291648" />
  <attribute name="Current GC Util" value="10" />
  <attribute name= "Current Time Running" value="77908" />
  <attribute name ="GC Interval" value="200" />
  <attribute name="ProportionalT" value="-35.000000" />
  <attribute name="ProportionalI" value="-35.000000" />
  <attribute name="ProportionalH" value="-35.000000" />
  <attribute name="Current Error" value="-70.000000" />
  <attribute name="IntegralT" value="-945.000000" />
  <attribute name="IntegralI" value="-945.000000" />
  <attribute name="IntegralH" value="-945.000000" />
  <attribute name="DerivativeT" value="-2.592593" />
  <attribute name="DerivativeI" value="-2.592593" />
  <attribute name="DerivativeH" value="-2.592593" />
  <attribute name="Loop Time for DT" value="27.000000" />
  <attribute name="Output H" value="4203675648"/>
  <attribute name="Output I" value="200"/>
  <attribute name="Output T" value="16"/>
  <attribute name="Target GC Util Change" value ="80.000000" />
  <attribute name="Current GC Util Change" value="10.000000"/>
  <attribute name="GC Util currently" value="10" />
  <attribute name="CPU Util currently" value="43031276107" />
<allocation-satisfied id="5211" threadId="0000000000880F00" bytesRequested="152" />
<af-end id="5212" timestamp="2019-08-11T07:39:47.070" threadId="0000000000881888" success="true" from="nursery"/>
<exclusive-end id="5213" timestamp="2019-08-11T07:39:47.070" durationms="1.791" />

<exclusive-start id="5214" timestamp="2019-08-11T07:39:47.093" intervalms="24.825">
  <response-info timems="0.014" idlems="0.014" threads="0" lastid="0000000000880F00" lastname="main" />
</exclusive-start>
<af-start id="5215" threadId="0000000000881888" totalBytesRequested="40" timestamp="2019-08-11T07:39:47.093" intervalms="24.819" type="nursery" />
<cycle-start id="5216" type="scavenge" contextid="0" timestamp="2019-08-11T07:39:47.093" intervalms="24.781" />
<gc-start id="5217" type="scavenge" contextid="5216" timestamp="2019-08-11T07:39:47.094">
  <mem-info id="5218" free="3965533192" total="4128243712" percent="96">
    <mem type="nursery" free="0" total="136839168" percent="0">
      <mem type="allocate" free="0" total="123142144" percent="0" />
      <mem type="survivor" free="0" total="13697024" percent="0" />
    </mem>
    <mem type="tenure" free="3965533192" total="3991404544" percent="99">
      <mem type="soa" free="3765992456" total="3791835136" percent="99" />
      <mem type="loa" free="199540736" total="199569408" percent="99" />
    </mem>
    <remembered-set count="124" />
  </mem-info>
</gc-start>
<allocation-stats totalBytes="122988688" >
  <allocated-bytes non-tlh="152" tlh="122988536" />
  <largest-consumer threadName="main" threadId="0000000000880F00" bytes="122988688" />
</allocation-stats>
<gc-op id="5219" type="scavenge" timems="2.025" contextid="5216" timestamp="2019-08-11T07:39:47.096">
  <scavenger-info tenureage="3" tenuremask="fff8" tiltratio="89" />
  <memory-copied type="nursery" objects="84" bytes="2712" bytesdiscarded="77160" />
  <references type="weak" candidates="30" cleared="0" enqueued="0" />
</gc-op>
<heap-resize id="5220" type="expand" space="nursery" amount="5111808" count="1" timems="0.018" reason="excessive time being spent scavenging" timestamp="2019-08-11T07:39:47.096" />
<gc-end id="5221" type="scavenge" contextid="5216" durationms="2.387" usertimems="4.800" systemtimems="0.000" timestamp="2019-08-11T07:39:47.096" activeThreads="16">
  <mem-info id="5222" free="4093182984" total="4133355520" percent="99">
    <mem type="nursery" free="127649792" total="141950976" percent="89">
      <mem type="allocate" free="127649792" total="127729664" percent="99" />
      <mem type="survivor" free="0" total="14221312" percent="0" />
    </mem>
    <mem type="tenure" free="3965533192" total="3991404544" percent="99" macro-fragmented="2160235">
      <mem type="soa" free="3765992456" total="3791835136" percent="99" />
      <mem type="loa" free="199540736" total="199569408" percent="99" />
    </mem>
    <remembered-set count="124" />
  </mem-info>
</gc-end>
<cycle-end id="5223" type="scavenge" contextid="5216" timestamp="2019-08-11T07:39:47.096" />
  <attribute name="elasticGC enabled" value="1" />
  <attribute name= "numThreadsSpecified" value="16" />
  <attribute name="heapSize specified" value="-91291648" />
  <attribute name="Current GC Util" value="9" />
  <attribute name= "Current Time Running" value="77933" />
  <attribute name ="GC Interval" value="200" />
  <attribute name="ProportionalT" value="-35.500000" />
  <attribute name="ProportionalI" value="-35.500000" />
  <attribute name="ProportionalH" value="-35.500000" />
  <attribute name="Current Error" value="-71.000000" />
  <attribute name="IntegralT" value="-887.500000" />
  <attribute name="IntegralI" value="-887.500000" />
  <attribute name="IntegralH" value="-887.500000" />
  <attribute name="DerivativeT" value="-2.840000" />
  <attribute name="DerivativeI" value="-2.840000" />
  <attribute name="DerivativeH" value="-2.840000" />
  <attribute name="Loop Time for DT" value="25.000000" />
  <attribute name="Output H" value="4203675648"/>
  <attribute name="Output I" value="200"/>
  <attribute name="Output T" value="16"/>
  <attribute name="Target GC Util Change" value ="80.000000" />
  <attribute name="Current GC Util Change" value="9.000000"/>
  <attribute name="GC Util currently" value="9" />
  <attribute name="CPU Util currently" value="46593784230" />
<allocation-satisfied id="5224" threadId="0000000000880F00" bytesRequested="40" />
<af-end id="5225" timestamp="2019-08-11T07:39:47.096" threadId="0000000000881888" success="true" from="nursery"/>
<exclusive-end id="5226" timestamp="2019-08-11T07:39:47.096" durationms="2.608" />

<exclusive-start id="5227" timestamp="2019-08-11T07:39:47.134" intervalms="40.961">
  <response-info timems="0.019" idlems="0.019" threads="0" lastid="0000000000880F00" lastname="main" />
</exclusive-start>
<af-start id="5228" threadId="0000000000881888" totalBytesRequested="24" timestamp="2019-08-11T07:39:47.134" intervalms="40.961" type="nursery" />
<cycle-start id="5229" type="scavenge" contextid="0" timestamp="2019-08-11T07:39:47.134" intervalms="40.961" />
<gc-start id="5230" type="scavenge" contextid="5229" timestamp="2019-08-11T07:39:47.134">
  <mem-info id="5231" free="3965533192" total="4133355520" percent="95">
    <mem type="nursery" free="0" total="141950976" percent="0">
      <mem type="allocate" free="0" total="127729664" percent="0" />
      <mem type="survivor" free="0" total="14221312" percent="0" />
    </mem>
    <mem type="tenure" free="3965533192" total="3991404544" percent="99">
      <mem type="soa" free="3765992456" total="3791835136" percent="99" />
      <mem type="loa" free="199540736" total="199569408" percent="99" />
    </mem>
    <remembered-set count="126" />
  </mem-info>
</gc-start>
<allocation-stats totalBytes="127581360" >
  <allocated-bytes non-tlh="40" tlh="127581320" />
  <largest-consumer threadName="main" threadId="0000000000880F00" bytes="127581360" />
</allocation-stats>
<gc-op id="5232" type="scavenge" timems="1.037" contextid="5229" timestamp="2019-08-11T07:39:47.136">
  <scavenger-info tenureage="4" tenuremask="fff0" tiltratio="89" />
  <memory-copied type="nursery" objects="109" bytes="3592" bytesdiscarded="76280" />
  <references type="weak" candidates="30" cleared="0" enqueued="0" />
</gc-op>
<gc-end id="5233" type="scavenge" contextid="5229" durationms="1.383" usertimems="2.366" systemtimems="0.000" timestamp="2019-08-11T07:39:47.136" activeThreads="16">
  <mem-info id="5234" free="4093182984" total="4133355520" percent="99">
    <mem type="nursery" free="127649792" total="141950976" percent="89">
      <mem type="allocate" free="127649792" total="127729664" percent="99" />
      <mem type="survivor" free="0" total="14221312" percent="0" />
    </mem>
    <mem type="tenure" free="3965533192" total="3991404544" percent="99" macro-fragmented="2160235">
      <mem type="soa" free="3765992456" total="3791835136" percent="99" />
      <mem type="loa" free="199540736" total="199569408" percent="99" />
    </mem>
    <remembered-set count="126" />
  </mem-info>
</gc-end>
<cycle-end id="5235" type="scavenge" contextid="5229" timestamp="2019-08-11T07:39:47.136" />
  <attribute name="elasticGC enabled" value="1" />
  <attribute name= "numThreadsSpecified" value="16" />
  <attribute name="heapSize specified" value="-91291648" />
  <attribute name="Current GC Util" value="12" />
  <attribute name= "Current Time Running" value="77974" />
  <attribute name ="GC Interval" value="200" />
  <attribute name="ProportionalT" value="-34.000000" />
  <attribute name="ProportionalI" value="-34.000000" />
  <attribute name="ProportionalH" value="-34.000000" />
  <attribute name="Current Error" value="-68.000000" />
  <attribute name="IntegralT" value="-1394.000000" />
  <attribute name="IntegralI" value="-1394.000000" />
  <attribute name="IntegralH" value="-1394.000000" />
  <attribute name="DerivativeT" value="-1.658537" />
  <attribute name="DerivativeI" value="-1.658537" />
  <attribute name="DerivativeH" value="-1.658537" />
  <attribute name="Loop Time for DT" value="41.000000" />
  <attribute name="Output H" value="4203675648"/>
  <attribute name="Output I" value="200"/>
  <attribute name="Output T" value="16"/>
  <attribute name="Target GC Util Change" value ="80.000000" />
  <attribute name="Current GC Util Change" value="12.000000"/>
  <attribute name="GC Util currently" value="12" />
  <attribute name="CPU Util currently" value="28127747448" />
<allocation-satisfied id="5236" threadId="0000000000880F00" bytesRequested="24" />
<af-end id="5237" timestamp="2019-08-11T07:39:47.136" threadId="0000000000881888" success="true" from="nursery"/>
<exclusive-end id="5238" timestamp="2019-08-11T07:39:47.136" durationms="1.627" />

<exclusive-start id="5239" timestamp="2019-08-11T07:39:47.488" intervalms="353.574">
  <response-info timems="0.022" idlems="0.022" threads="0" lastid="0000000000880F00" lastname="main" />
</exclusive-start>
<af-start id="5240" threadId="0000000000881888" totalBytesRequested="24" timestamp="2019-08-11T07:39:47.488" intervalms="353.634" type="nursery" />
<cycle-start id="5241" type="scavenge" contextid="0" timestamp="2019-08-11T07:39:47.488" intervalms="353.641" />
<gc-start id="5242" type="scavenge" contextid="5241" timestamp="2019-08-11T07:39:47.488">
  <mem-info id="5243" free="3965533192" total="4133355520" percent="95">
    <mem type="nursery" free="0" total="141950976" percent="0">
      <mem type="allocate" free="0" total="127729664" percent="0" />
      <mem type="survivor" free="0" total="14221312" percent="0" />
    </mem>
    <mem type="tenure" free="3965533192" total="3991404544" percent="99">
      <mem type="soa" free="3765992456" total="3791835136" percent="99" />
      <mem type="loa" free="199540736" total="199569408" percent="99" />
    </mem>
    <remembered-set count="150" />
  </mem-info>
</gc-start>
<allocation-stats totalBytes="127634968" >
  <allocated-bytes non-tlh="24" tlh="127634944" />
  <largest-consumer threadName="main" threadId="0000000000880F00" bytes="127634968" />
</allocation-stats>
<gc-op id="5244" type="scavenge" timems="1.955" contextid="5241" timestamp="2019-08-11T07:39:47.490">
  <scavenger-info tenureage="3" tenuremask="fff8" tiltratio="89" />
  <memory-copied type="nursery" objects="90" bytes="2448" bytesdiscarded="45168" />
  <memory-copied type="tenure" objects="62" bytes="1760" bytesdiscarded="0" />
</gc-op>
<gc-end id="5245" type="scavenge" contextid="5241" durationms="2.320" usertimems="3.522" systemtimems="0.000" timestamp="2019-08-11T07:39:47.490" activeThreads="16">
  <mem-info id="5246" free="4093215240" total="4133355520" percent="99">
    <mem type="nursery" free="127682048" total="141950976" percent="89">
      <mem type="allocate" free="127682048" total="127729664" percent="99" />
      <mem type="survivor" free="0" total="14221312" percent="0" />
    </mem>
    <mem type="tenure" free="3965533192" total="3991404544" percent="99" macro-fragmented="142704">
      <mem type="soa" free="3765992456" total="3791835136" percent="99" />
      <mem type="loa" free="199540736" total="199569408" percent="99" />
    </mem>
    <remembered-set count="138" />
  </mem-info>
</gc-end>
<cycle-end id="5247" type="scavenge" contextid="5241" timestamp="2019-08-11T07:39:47.491" />
  <attribute name="elasticGC enabled" value="1" />
  <attribute name= "numThreadsSpecified" value="16" />
  <attribute name="heapSize specified" value="-91291648" />
  <attribute name="Current GC Util" value="0" />
  <attribute name= "Current Time Running" value="78327" />
  <attribute name ="GC Interval" value="200" />
  <attribute name="ProportionalT" value="-40.000000" />
  <attribute name="ProportionalI" value="-40.000000" />
  <attribute name="ProportionalH" value="-40.000000" />
  <attribute name="Current Error" value="-80.000000" />
  <attribute name="IntegralT" value="-14120.000000" />
  <attribute name="IntegralI" value="-14120.000000" />
  <attribute name="IntegralH" value="-14120.000000" />
  <attribute name="DerivativeT" value="-0.226629" />
  <attribute name="DerivativeI" value="-0.226629" />
  <attribute name="DerivativeH" value="-0.226629" />
  <attribute name="Loop Time for DT" value="353.000000" />
  <attribute name="Output H" value="4203675648"/>
  <attribute name="Output I" value="200"/>
  <attribute name="Output T" value="16"/>
  <attribute name="Target GC Util Change" value ="80.000000" />
  <attribute name="Current GC Util Change" value="0.000000"/>
  <attribute name="GC Util currently" value="0" />
  <attribute name="CPU Util currently" value="3260472031" />
<allocation-satisfied id="5248" threadId="0000000000880F00" bytesRequested="24" />
<af-end id="5249" timestamp="2019-08-11T07:39:47.491" threadId="0000000000881888" success="true" from="nursery"/>
<exclusive-end id="5250" timestamp="2019-08-11T07:39:47.491" durationms="2.756" />

<exclusive-start id="5251" timestamp="2019-08-11T07:39:47.635" intervalms="147.191">
  <response-info timems="0.022" idlems="0.022" threads="0" lastid="0000000000880F00" lastname="main" />
</exclusive-start>
<af-start id="5252" threadId="0000000000881888" totalBytesRequested="32" timestamp="2019-08-11T07:39:47.635" intervalms="147.148" type="nursery" />
<cycle-start id="5253" type="scavenge" contextid="0" timestamp="2019-08-11T07:39:47.635" intervalms="147.142" />
<gc-start id="5254" type="scavenge" contextid="5253" timestamp="2019-08-11T07:39:47.635">
  <mem-info id="5255" free="3965533192" total="4133355520" percent="95">
    <mem type="nursery" free="0" total="141950976" percent="0">
      <mem type="allocate" free="0" total="127729664" percent="0" />
      <mem type="survivor" free="0" total="14221312" percent="0" />
    </mem>
    <mem type="tenure" free="3965533192" total="3991404544" percent="99">
      <mem type="soa" free="3765992456" total="3791835136" percent="99" />
      <mem type="loa" free="199540736" total="199569408" percent="99" />
    </mem>
    <remembered-set count="144" />
  </mem-info>
</gc-start>
<allocation-stats totalBytes="127652848" >
  <allocated-bytes non-tlh="24" tlh="127652824" />
  <largest-consumer threadName="main" threadId="0000000000880F00" bytes="127652848" />
</allocation-stats>
<gc-op id="5256" type="scavenge" timems="0.865" contextid="5253" timestamp="2019-08-11T07:39:47.636">
  <scavenger-info tenureage="3" tenuremask="ffd8" tiltratio="89" />
  <memory-copied type="nursery" objects="110" bytes="2936" bytesdiscarded="13192" />
  <memory-copied type="tenure" objects="6" bytes="144" bytesdiscarded="0" />
</gc-op>
<gc-end id="5257" type="scavenge" contextid="5253" durationms="1.153" usertimems="2.037" systemtimems="0.000" timestamp="2019-08-11T07:39:47.636" activeThreads="16">
  <mem-info id="5258" free="4093246728" total="4133355520" percent="99">
    <mem type="nursery" free="127713536" total="141950976" percent="89">
      <mem type="allocate" free="127713536" total="127729664" percent="99" />
      <mem type="survivor" free="0" total="14221312" percent="0" />
    </mem>
    <mem type="tenure" free="3965533192" total="3991404544" percent="99" macro-fragmented="47568">
      <mem type="soa" free="3765992456" total="3791835136" percent="99" />
      <mem type="loa" free="199540736" total="199569408" percent="99" />
    </mem>
    <remembered-set count="142" />
  </mem-info>
</gc-end>
<cycle-end id="5259" type="scavenge" contextid="5253" timestamp="2019-08-11T07:39:47.636" />
  <attribute name="elasticGC enabled" value="1" />
  <attribute name= "numThreadsSpecified" value="16" />
  <attribute name="heapSize specified" value="-91291648" />
  <attribute name="Current GC Util" value="2" />
  <attribute name= "Current Time Running" value="78475" />
  <attribute name ="GC Interval" value="200" />
  <attribute name="ProportionalT" value="-39.000000" />
  <attribute name="ProportionalI" value="-39.000000" />
  <attribute name="ProportionalH" value="-39.000000" />
  <attribute name="Current Error" value="-78.000000" />
  <attribute name="IntegralT" value="-5772.000000" />
  <attribute name="IntegralI" value="-5772.000000" />
  <attribute name="IntegralH" value="-5772.000000" />
  <attribute name="DerivativeT" value="-0.527027" />
  <attribute name="DerivativeI" value="-0.527027" />
  <attribute name="DerivativeH" value="-0.527027" />
  <attribute name="Loop Time for DT" value="148.000000" />
  <attribute name="Output H" value="4203675648"/>
  <attribute name="Output I" value="200"/>
  <attribute name="Output T" value="16"/>
  <attribute name="Target GC Util Change" value ="80.000000" />
  <attribute name="Current GC Util Change" value="2.000000"/>
  <attribute name="GC Util currently" value="2" />
  <attribute name="CPU Util currently" value="7836480881" />
<allocation-satisfied id="5260" threadId="0000000000880F00" bytesRequested="32" />
<af-end id="5261" timestamp="2019-08-11T07:39:47.636" threadId="0000000000881888" success="true" from="nursery"/>
<exclusive-end id="5262" timestamp="2019-08-11T07:39:47.636" durationms="1.378" />

<exclusive-start id="5263" timestamp="2019-08-11T07:39:47.773" intervalms="137.918">
  <response-info timems="0.020" idlems="0.020" threads="0" lastid="0000000000880F00" lastname="main" />
</exclusive-start>
<af-start id="5264" threadId="0000000000881888" totalBytesRequested="24" timestamp="2019-08-11T07:39:47.773" intervalms="137.902" type="nursery" />
<cycle-start id="5265" type="scavenge" contextid="0" timestamp="2019-08-11T07:39:47.773" intervalms="137.902" />
<gc-start id="5266" type="scavenge" contextid="5265" timestamp="2019-08-11T07:39:47.773">
  <mem-info id="5267" free="3965533192" total="4133355520" percent="95">
    <mem type="nursery" free="0" total="141950976" percent="0">
      <mem type="allocate" free="0" total="127729664" percent="0" />
      <mem type="survivor" free="0" total="14221312" percent="0" />
    </mem>
    <mem type="tenure" free="3965533192" total="3991404544" percent="99">
      <mem type="soa" free="3765992456" total="3791835136" percent="99" />
      <mem type="loa" free="199540736" total="199569408" percent="99" />
    </mem>
    <remembered-set count="152" />
  </mem-info>
</gc-start>
<allocation-stats totalBytes="127700472" >
  <allocated-bytes non-tlh="32" tlh="127700440" />
  <largest-consumer threadName="main" threadId="0000000000880F00" bytes="127700472" />
</allocation-stats>
<gc-op id="5268" type="scavenge" timems="0.635" contextid="5265" timestamp="2019-08-11T07:39:47.774">
  <scavenger-info tenureage="3" tenuremask="ffe8" tiltratio="89" />
  <memory-copied type="nursery" objects="126" bytes="3272" bytesdiscarded="28984" />
  <memory-copied type="tenure" objects="6" bytes="144" bytesdiscarded="0" />
</gc-op>
<gc-end id="5269" type="scavenge" contextid="5265" durationms="0.900" usertimems="1.453" systemtimems="0.000" timestamp="2019-08-11T07:39:47.774" activeThreads="16">
  <mem-info id="5270" free="4093230600" total="4133355520" percent="99">
    <mem type="nursery" free="127697408" total="141950976" percent="89">
      <mem type="allocate" free="127697408" total="127729664" percent="99" />
      <mem type="survivor" free="0" total="14221312" percent="0" />
    </mem>
    <mem type="tenure" free="3965533192" total="3991404544" percent="99" macro-fragmented="348889">
      <mem type="soa" free="3765992456" total="3791835136" percent="99" />
      <mem type="loa" free="199540736" total="199569408" percent="99" />
    </mem>
    <remembered-set count="150" />
  </mem-info>
</gc-end>
<cycle-end id="5271" type="scavenge" contextid="5265" timestamp="2019-08-11T07:39:47.774" />
  <attribute name="elasticGC enabled" value="1" />
  <attribute name= "numThreadsSpecified" value="16" />
  <attribute name="heapSize specified" value="-91291648" />
  <attribute name="Current GC Util" value="1" />
  <attribute name= "Current Time Running" value="78612" />
  <attribute name ="GC Interval" value="200" />
  <attribute name="ProportionalT" value="-39.500000" />
  <attribute name="ProportionalI" value="-39.500000" />
  <attribute name="ProportionalH" value="-39.500000" />
  <attribute name="Current Error" value="-79.000000" />
  <attribute name="IntegralT" value="-5411.500000" />
  <attribute name="IntegralI" value="-5411.500000" />
  <attribute name="IntegralH" value="-5411.500000" />
  <attribute name="DerivativeT" value="-0.576642" />
  <attribute name="DerivativeI" value="-0.576642" />
  <attribute name="DerivativeH" value="-0.576642" />
  <attribute name="Loop Time for DT" value="137.000000" />
  <attribute name="Output H" value="4203675648"/>
  <attribute name="Output I" value="200"/>
  <attribute name="Output T" value="16"/>
  <attribute name="Target GC Util Change" value ="80.000000" />
  <attribute name="Current GC Util Change" value="1.000000"/>
  <attribute name="GC Util currently" value="1" />
  <attribute name="CPU Util currently" value="8360186357" />
<allocation-satisfied id="5272" threadId="0000000000880F00" bytesRequested="24" />
<af-end id="5273" timestamp="2019-08-11T07:39:47.774" threadId="0000000000881888" success="true" from="nursery"/>
<exclusive-end id="5274" timestamp="2019-08-11T07:39:47.774" durationms="1.257" />

<exclusive-start id="5275" timestamp="2019-08-11T07:39:47.954" intervalms="180.845">
  <response-info timems="0.017" idlems="0.017" threads="0" lastid="0000000000880F00" lastname="main" />
</exclusive-start>
<af-start id="5276" threadId="0000000000881888" totalBytesRequested="48" timestamp="2019-08-11T07:39:47.954" intervalms="180.853" type="nursery" />
<cycle-start id="5277" type="scavenge" contextid="0" timestamp="2019-08-11T07:39:47.954" intervalms="180.853" />
<gc-start id="5278" type="scavenge" contextid="5277" timestamp="2019-08-11T07:39:47.954">
  <mem-info id="5279" free="3965533192" total="4133355520" percent="95">
    <mem type="nursery" free="0" total="141950976" percent="0">
      <mem type="allocate" free="0" total="127729664" percent="0" />
      <mem type="survivor" free="0" total="14221312" percent="0" />
    </mem>
    <mem type="tenure" free="3965533192" total="3991404544" percent="99">
      <mem type="soa" free="3765992456" total="3791835136" percent="99" />
      <mem type="loa" free="199540736" total="199569408" percent="99" />
    </mem>
    <remembered-set count="162" />
  </mem-info>
</gc-start>
<allocation-stats totalBytes="127688520" >
  <allocated-bytes non-tlh="24" tlh="127688496" />
  <largest-consumer threadName="main" threadId="0000000000880F00" bytes="127688520" />
</allocation-stats>
<gc-op id="5280" type="scavenge" timems="0.891" contextid="5277" timestamp="2019-08-11T07:39:47.955">
  <scavenger-info tenureage="3" tenuremask="ffe8" tiltratio="89" />
  <memory-copied type="nursery" objects="112" bytes="2904" bytesdiscarded="29352" />
  <memory-copied type="tenure" objects="64" bytes="1608" bytesdiscarded="0" />
</gc-op>
<gc-end id="5281" type="scavenge" contextid="5277" durationms="1.145" usertimems="2.245" systemtimems="0.000" timestamp="2019-08-11T07:39:47.955" activeThreads="16">
  <mem-info id="5282" free="4093230600" total="4133355520" percent="99">
    <mem type="nursery" free="127697408" total="141950976" percent="89">
      <mem type="allocate" free="127697408" total="127729664" percent="99" />
      <mem type="survivor" free="0" total="14221312" percent="0" />
    </mem>
    <mem type="tenure" free="3965533192" total="3991404544" percent="99" macro-fragmented="3657">
      <mem type="soa" free="3765992456" total="3791835136" percent="99" />
      <mem type="loa" free="199540736" total="199569408" percent="99" />
    </mem>
    <remembered-set count="139" />
  </mem-info>
</gc-end>
<cycle-end id="5283" type="scavenge" contextid="5277" timestamp="2019-08-11T07:39:47.955" />
  <attribute name="elasticGC enabled" value="1" />
  <attribute name= "numThreadsSpecified" value="16" />
  <attribute name="heapSize specified" value="-91291648" />
  <attribute name="Current GC Util" value="0" />
  <attribute name= "Current Time Running" value="78793" />
  <attribute name ="GC Interval" value="200" />
  <attribute name="ProportionalT" value="-40.000000" />
  <attribute name="ProportionalI" value="-40.000000" />
  <attribute name="ProportionalH" value="-40.000000" />
  <attribute name="Current Error" value="-80.000000" />
  <attribute name="IntegralT" value="-7240.000000" />
  <attribute name="IntegralI" value="-7240.000000" />
  <attribute name="IntegralH" value="-7240.000000" />
  <attribute name="DerivativeT" value="-0.441989" />
  <attribute name="DerivativeI" value="-0.441989" />
  <attribute name="DerivativeH" value="-0.441989" />
  <attribute name="Loop Time for DT" value="181.000000" />
  <attribute name="Output H" value="4203675648"/>
  <attribute name="Output I" value="200"/>
  <attribute name="Output T" value="16"/>
  <attribute name="Target GC Util Change" value ="80.000000" />
  <attribute name="Current GC Util Change" value="0.000000"/>
  <attribute name="GC Util currently" value="0" />
  <attribute name="CPU Util currently" value="6375576387" />
<allocation-satisfied id="5284" threadId="0000000000880F00" bytesRequested="48" />
<af-end id="5285" timestamp="2019-08-11T07:39:47.955" threadId="0000000000881888" success="true" from="nursery"/>
<exclusive-end id="5286" timestamp="2019-08-11T07:39:47.955" durationms="1.359" />

<exclusive-start id="5287" timestamp="2019-08-11T07:39:48.100" intervalms="146.209">
  <response-info timems="0.018" idlems="0.018" threads="0" lastid="0000000000880F00" lastname="main" />
</exclusive-start>
<af-start id="5288" threadId="0000000000881888" totalBytesRequested="208" timestamp="2019-08-11T07:39:48.100" intervalms="146.200" type="nursery" />
<cycle-start id="5289" type="scavenge" contextid="0" timestamp="2019-08-11T07:39:48.100" intervalms="146.204" />
<gc-start id="5290" type="scavenge" contextid="5289" timestamp="2019-08-11T07:39:48.100">
  <mem-info id="5291" free="3965533192" total="4133355520" percent="95">
    <mem type="nursery" free="0" total="141950976" percent="0">
      <mem type="allocate" free="0" total="127729664" percent="0" />
      <mem type="survivor" free="0" total="14221312" percent="0" />
    </mem>
    <mem type="tenure" free="3965533192" total="3991404544" percent="99">
      <mem type="soa" free="3765992456" total="3791835136" percent="99" />
      <mem type="loa" free="199540736" total="199569408" percent="99" />
    </mem>
    <remembered-set count="145" />
  </mem-info>
</gc-start>
<allocation-stats totalBytes="127658056" >
  <allocated-bytes non-tlh="48" tlh="127658008" />
  <largest-consumer threadName="main" threadId="0000000000880F00" bytes="127658056" />
</allocation-stats>
<gc-op id="5292" type="scavenge" timems="0.950" contextid="5289" timestamp="2019-08-11T07:39:48.101">
  <scavenger-info tenureage="3" tenuremask="fe08" tiltratio="89" />
  <memory-copied type="nursery" objects="115" bytes="3856" bytesdiscarded="28400" />
  <memory-copied type="tenure" objects="19" bytes="480" bytesdiscarded="0" />
</gc-op>
<gc-end id="5293" type="scavenge" contextid="5289" durationms="1.206" usertimems="1.803" systemtimems="0.000" timestamp="2019-08-11T07:39:48.101" activeThreads="16">
  <mem-info id="5294" free="4093230600" total="4133355520" percent="99">
    <mem type="nursery" free="127697408" total="141950976" percent="89">
      <mem type="allocate" free="127697408" total="127729664" percent="99" />
      <mem type="survivor" free="0" total="14221312" percent="0" />
    </mem>
    <mem type="tenure" free="3965533192" total="3991404544" percent="99" macro-fragmented="3657">
      <mem type="soa" free="3765992456" total="3791835136" percent="99" />
      <mem type="loa" free="199540736" total="199569408" percent="99" />
    </mem>
    <remembered-set count="138" />
  </mem-info>
</gc-end>
<cycle-end id="5295" type="scavenge" contextid="5289" timestamp="2019-08-11T07:39:48.101" />
  <attribute name="elasticGC enabled" value="1" />
  <attribute name= "numThreadsSpecified" value="16" />
  <attribute name="heapSize specified" value="-91291648" />
  <attribute name="Current GC Util" value="1" />
  <attribute name= "Current Time Running" value="78939" />
  <attribute name ="GC Interval" value="200" />
  <attribute name="ProportionalT" value="-39.500000" />
  <attribute name="ProportionalI" value="-39.500000" />
  <attribute name="ProportionalH" value="-39.500000" />
  <attribute name="Current Error" value="-79.000000" />
  <attribute name="IntegralT" value="-5767.000000" />
  <attribute name="IntegralI" value="-5767.000000" />
  <attribute name="IntegralH" value="-5767.000000" />
  <attribute name="DerivativeT" value="-0.541096" />
  <attribute name="DerivativeI" value="-0.541096" />
  <attribute name="DerivativeH" value="-0.541096" />
  <attribute name="Loop Time for DT" value="146.000000" />
  <attribute name="Output H" value="4203675648"/>
  <attribute name="Output I" value="200"/>
  <attribute name="Output T" value="16"/>
  <attribute name="Target GC Util Change" value ="80.000000" />
  <attribute name="Current GC Util Change" value="1.000000"/>
  <attribute name="GC Util currently" value="1" />
  <attribute name="CPU Util currently" value="7884846013" />
<allocation-satisfied id="5296" threadId="0000000000880F00" bytesRequested="208" />
<af-end id="5297" timestamp="2019-08-11T07:39:48.102" threadId="0000000000881888" success="true" from="nursery"/>
<exclusive-end id="5298" timestamp="2019-08-11T07:39:48.102" durationms="1.427" />

<exclusive-start id="5299" timestamp="2019-08-11T07:39:48.172" intervalms="72.180">
  <response-info timems="0.019" idlems="0.019" threads="0" lastid="0000000000880F00" lastname="main" />
</exclusive-start>
<af-start id="5300" threadId="0000000000881888" totalBytesRequested="544" timestamp="2019-08-11T07:39:48.172" intervalms="72.192" type="nursery" />
<cycle-start id="5301" type="scavenge" contextid="0" timestamp="2019-08-11T07:39:48.172" intervalms="72.194" />
<gc-start id="5302" type="scavenge" contextid="5301" timestamp="2019-08-11T07:39:48.172">
  <mem-info id="5303" free="3965533192" total="4133355520" percent="95">
    <mem type="nursery" free="0" total="141950976" percent="0">
      <mem type="allocate" free="0" total="127729664" percent="0" />
      <mem type="survivor" free="0" total="14221312" percent="0" />
    </mem>
    <mem type="tenure" free="3965533192" total="3991404544" percent="99">
      <mem type="soa" free="3765992456" total="3791835136" percent="99" />
      <mem type="loa" free="199540736" total="199569408" percent="99" />
    </mem>
    <remembered-set count="142" />
  </mem-info>
</gc-start>
<allocation-stats totalBytes="127543216" >
  <allocated-bytes non-tlh="208" tlh="127543008" />
  <largest-consumer threadName="main" threadId="0000000000880F00" bytes="127543216" />
</allocation-stats>
<gc-op id="5304" type="scavenge" timems="0.780" contextid="5301" timestamp="2019-08-11T07:39:48.173">
  <scavenger-info tenureage="3" tenuremask="f808" tiltratio="89" />
  <memory-copied type="nursery" objects="84" bytes="2720" bytesdiscarded="29536" />
  <memory-copied type="tenure" objects="30" bytes="720" bytesdiscarded="0" />
</gc-op>
<gc-end id="5305" type="scavenge" contextid="5301" durationms="1.037" usertimems="1.713" systemtimems="0.000" timestamp="2019-08-11T07:39:48.173" activeThreads="16">
  <mem-info id="5306" free="4093230600" total="4133355520" percent="99">
    <mem type="nursery" free="127697408" total="141950976" percent="89">
      <mem type="allocate" free="127697408" total="127729664" percent="99" />
      <mem type="survivor" free="0" total="14221312" percent="0" />
    </mem>
    <mem type="tenure" free="3965533192" total="3991404544" percent="99" macro-fragmented="3657">
      <mem type="soa" free="3765992456" total="3791835136" percent="99" />
      <mem type="loa" free="199540736" total="199569408" percent="99" />
    </mem>
    <remembered-set count="132" />
  </mem-info>
</gc-end>
<cycle-end id="5307" type="scavenge" contextid="5301" timestamp="2019-08-11T07:39:48.174" />
  <attribute name="elasticGC enabled" value="1" />
  <attribute name= "numThreadsSpecified" value="16" />
  <attribute name="heapSize specified" value="-91291648" />
  <attribute name="Current GC Util" value="2" />
  <attribute name= "Current Time Running" value="79012" />
  <attribute name ="GC Interval" value="200" />
  <attribute name="ProportionalT" value="-39.000000" />
  <attribute name="ProportionalI" value="-39.000000" />
  <attribute name="ProportionalH" value="-39.000000" />
  <attribute name="Current Error" value="-78.000000" />
  <attribute name="IntegralT" value="-2847.000000" />
  <attribute name="IntegralI" value="-2847.000000" />
  <attribute name="IntegralH" value="-2847.000000" />
  <attribute name="DerivativeT" value="-1.068493" />
  <attribute name="DerivativeI" value="-1.068493" />
  <attribute name="DerivativeH" value="-1.068493" />
  <attribute name="Loop Time for DT" value="73.000000" />
  <attribute name="Output H" value="4203675648"/>
  <attribute name="Output I" value="200"/>
  <attribute name="Output T" value="16"/>
  <attribute name="Target GC Util Change" value ="80.000000" />
  <attribute name="Current GC Util Change" value="2.000000"/>
  <attribute name="GC Util currently" value="2" />
  <attribute name="CPU Util currently" value="15970574929" />
<allocation-satisfied id="5308" threadId="0000000000880F00" bytesRequested="544" />
<af-end id="5309" timestamp="2019-08-11T07:39:48.174" threadId="0000000000881888" success="true" from="nursery"/>
<exclusive-end id="5310" timestamp="2019-08-11T07:39:48.174" durationms="1.266" />

<exclusive-start id="5311" timestamp="2019-08-11T07:39:48.213" intervalms="40.774">
  <response-info timems="0.017" idlems="0.017" threads="0" lastid="0000000000880F00" lastname="main" />
</exclusive-start>
<af-start id="5312" threadId="0000000000881888" totalBytesRequested="16" timestamp="2019-08-11T07:39:48.213" intervalms="40.760" type="nursery" />
<cycle-start id="5313" type="scavenge" contextid="0" timestamp="2019-08-11T07:39:48.213" intervalms="40.753" />
<gc-start id="5314" type="scavenge" contextid="5313" timestamp="2019-08-11T07:39:48.213">
  <mem-info id="5315" free="3965533192" total="4133355520" percent="95">
    <mem type="nursery" free="0" total="141950976" percent="0">
      <mem type="allocate" free="0" total="127729664" percent="0" />
      <mem type="survivor" free="0" total="14221312" percent="0" />
    </mem>
    <mem type="tenure" free="3965533192" total="3991404544" percent="99">
      <mem type="soa" free="3765992456" total="3791835136" percent="99" />
      <mem type="loa" free="199540736" total="199569408" percent="99" />
    </mem>
    <remembered-set count="136" />
  </mem-info>
</gc-start>
<allocation-stats totalBytes="127479096" >
  <allocated-bytes non-tlh="544" tlh="127478552" />
  <largest-consumer threadName="main" threadId="0000000000880F00" bytes="127479096" />
</allocation-stats>
<gc-op id="5316" type="scavenge" timems="1.628" contextid="5313" timestamp="2019-08-11T07:39:48.215">
  <scavenger-info tenureage="3" tenuremask="f008" tiltratio="89" />
  <memory-copied type="nursery" objects="69" bytes="2680" bytesdiscarded="29576" />
  <memory-copied type="tenure" objects="36" bytes="864" bytesdiscarded="0" />
</gc-op>
<gc-end id="5317" type="scavenge" contextid="5313" durationms="1.962" usertimems="3.828" systemtimems="0.000" timestamp="2019-08-11T07:39:48.215" activeThreads="16">
  <mem-info id="5318" free="4093230600" total="4133355520" percent="99">
    <mem type="nursery" free="127697408" total="141950976" percent="89">
      <mem type="allocate" free="127697408" total="127729664" percent="99" />
      <mem type="survivor" free="0" total="14221312" percent="0" />
    </mem>
    <mem type="tenure" free="3965533192" total="3991404544" percent="99" macro-fragmented="10920">
      <mem type="soa" free="3765992456" total="3791835136" percent="99" />
      <mem type="loa" free="199540736" total="199569408" percent="99" />
    </mem>
    <remembered-set count="124" />
  </mem-info>
</gc-end>
<cycle-end id="5319" type="scavenge" contextid="5313" timestamp="2019-08-11T07:39:48.215" />
  <attribute name="elasticGC enabled" value="1" />
  <attribute name= "numThreadsSpecified" value="16" />
  <attribute name="heapSize specified" value="-91291648" />
  <attribute name="Current GC Util" value="4" />
  <attribute name= "Current Time Running" value="79052" />
  <attribute name ="GC Interval" value="200" />
  <attribute name="ProportionalT" value="-38.000000" />
  <attribute name="ProportionalI" value="-38.000000" />
  <attribute name="ProportionalH" value="-38.000000" />
  <attribute name="Current Error" value="-76.000000" />
  <attribute name="IntegralT" value="-1520.000000" />
  <attribute name="IntegralI" value="-1520.000000" />
  <attribute name="IntegralH" value="-1520.000000" />
  <attribute name="DerivativeT" value="-1.900000" />
  <attribute name="DerivativeI" value="-1.900000" />
  <attribute name="DerivativeH" value="-1.900000" />
  <attribute name="Loop Time for DT" value="40.000000" />
  <attribute name="Output H" value="4203675648"/>
  <attribute name="Output I" value="200"/>
  <attribute name="Output T" value="16"/>
  <attribute name="Target GC Util Change" value ="80.000000" />
  <attribute name="Current GC Util Change" value="4.000000"/>
  <attribute name="GC Util currently" value="4" />
  <attribute name="CPU Util currently" value="28285315011" />
<allocation-satisfied id="5320" threadId="0000000000880F00" bytesRequested="16" />
<af-end id="5321" timestamp="2019-08-11T07:39:48.215" threadId="0000000000881888" success="true" from="nursery"/>
<exclusive-end id="5322" timestamp="2019-08-11T07:39:48.215" durationms="2.177" />

<exclusive-start id="5323" timestamp="2019-08-11T07:39:48.315" intervalms="101.800">
  <response-info timems="0.015" idlems="0.015" threads="0" lastid="0000000000880F00" lastname="main" />
</exclusive-start>
<af-start id="5324" threadId="0000000000881888" totalBytesRequested="1016" timestamp="2019-08-11T07:39:48.315" intervalms="101.799" type="nursery" />
<cycle-start id="5325" type="scavenge" contextid="0" timestamp="2019-08-11T07:39:48.315" intervalms="101.819" />
<gc-start id="5326" type="scavenge" contextid="5325" timestamp="2019-08-11T07:39:48.315">
  <mem-info id="5327" free="3965533192" total="4133355520" percent="95">
    <mem type="nursery" free="0" total="141950976" percent="0">
      <mem type="allocate" free="0" total="127729664" percent="0" />
      <mem type="survivor" free="0" total="14221312" percent="0" />
    </mem>
    <mem type="tenure" free="3965533192" total="3991404544" percent="99">
      <mem type="soa" free="3765992456" total="3791835136" percent="99" />
      <mem type="loa" free="199540736" total="199569408" percent="99" />
    </mem>
    <remembered-set count="128" />
  </mem-info>
</gc-start>
<allocation-stats totalBytes="127568712" >
  <allocated-bytes non-tlh="16" tlh="127568696" />
  <largest-consumer threadName="main" threadId="0000000000880F00" bytes="127568712" />
</allocation-stats>
<gc-op id="5328" type="scavenge" timems="0.646" contextid="5325" timestamp="2019-08-11T07:39:48.316">
  <scavenger-info tenureage="12" tenuremask="f000" tiltratio="89" />
  <memory-copied type="nursery" objects="84" bytes="6352" bytesdiscarded="35600" />
</gc-op>
<gc-end id="5329" type="scavenge" contextid="5325" durationms="0.949" usertimems="1.476" systemtimems="0.000" timestamp="2019-08-11T07:39:48.316" activeThreads="16">
  <mem-info id="5330" free="4093220904" total="4133355520" percent="99">
    <mem type="nursery" free="127687712" total="141950976" percent="89">
      <mem type="allocate" free="127687712" total="127729664" percent="99" />
      <mem type="survivor" free="0" total="14221312" percent="0" />
    </mem>
    <mem type="tenure" free="3965533192" total="3991404544" percent="99" macro-fragmented="142704">
      <mem type="soa" free="3765992456" total="3791835136" percent="99" />
      <mem type="loa" free="199540736" total="199569408" percent="99" />
    </mem>
    <remembered-set count="128" />
  </mem-info>
</gc-end>
<cycle-end id="5331" type="scavenge" contextid="5325" timestamp="2019-08-11T07:39:48.316" />
  <attribute name="elasticGC enabled" value="1" />
  <attribute name= "numThreadsSpecified" value="16" />
  <attribute name="heapSize specified" value="-91291648" />
  <attribute name="Current GC Util" value="3" />
  <attribute name= "Current Time Running" value="79154" />
  <attribute name ="GC Interval" value="200" />
  <attribute name="ProportionalT" value="-38.500000" />
  <attribute name="ProportionalI" value="-38.500000" />
  <attribute name="ProportionalH" value="-38.500000" />
  <attribute name="Current Error" value="-77.000000" />
  <attribute name="IntegralT" value="-3927.000000" />
  <attribute name="IntegralI" value="-3927.000000" />
  <attribute name="IntegralH" value="-3927.000000" />
  <attribute name="DerivativeT" value="-0.754902" />
  <attribute name="DerivativeI" value="-0.754902" />
  <attribute name="DerivativeH" value="-0.754902" />
  <attribute name="Loop Time for DT" value="102.000000" />
  <attribute name="Output H" value="4203675648"/>
  <attribute name="Output I" value="200"/>
  <attribute name="Output T" value="16"/>
  <attribute name="Target GC Util Change" value ="80.000000" />
  <attribute name="Current GC Util Change" value="3.000000"/>
  <attribute name="GC Util currently" value="3" />
  <attribute name="CPU Util currently" value="11324308223" />
<allocation-satisfied id="5332" threadId="0000000000880F00" bytesRequested="1016" />
<af-end id="5333" timestamp="2019-08-11T07:39:48.316" threadId="0000000000881888" success="true" from="nursery"/>
<exclusive-end id="5334" timestamp="2019-08-11T07:39:48.316" durationms="1.187" />

<exclusive-start id="5335" timestamp="2019-08-11T07:39:48.522" intervalms="206.928">
  <response-info timems="0.019" idlems="0.019" threads="0" lastid="0000000000880F00" lastname="main" />
</exclusive-start>
<af-start id="5336" threadId="0000000000881888" totalBytesRequested="16" timestamp="2019-08-11T07:39:48.522" intervalms="206.941" type="nursery" />
<cycle-start id="5337" type="scavenge" contextid="0" timestamp="2019-08-11T07:39:48.522" intervalms="206.939" />
<gc-start id="5338" type="scavenge" contextid="5337" timestamp="2019-08-11T07:39:48.522">
  <mem-info id="5339" free="3965533192" total="4133355520" percent="95">
    <mem type="nursery" free="0" total="141950976" percent="0">
      <mem type="allocate" free="0" total="127729664" percent="0" />
      <mem type="survivor" free="0" total="14221312" percent="0" />
    </mem>
    <mem type="tenure" free="3965533192" total="3991404544" percent="99">
      <mem type="soa" free="3765992456" total="3791835136" percent="99" />
      <mem type="loa" free="199540736" total="199569408" percent="99" />
    </mem>
    <remembered-set count="132" />
  </mem-info>
</gc-start>
<allocation-stats totalBytes="127591912" >
  <allocated-bytes non-tlh="1016" tlh="127590896" />
  <largest-consumer threadName="main" threadId="0000000000880F00" bytes="127591912" />
</allocation-stats>
<gc-op id="5340" type="scavenge" timems="1.175" contextid="5337" timestamp="2019-08-11T07:39:48.523">
  <scavenger-info tenureage="3" tenuremask="e818" tiltratio="89" />
  <memory-copied type="nursery" objects="63" bytes="1856" bytesdiscarded="30400" />
  <memory-copied type="tenure" objects="30" bytes="720" bytesdiscarded="0" />
</gc-op>
<gc-end id="5341" type="scavenge" contextid="5337" durationms="1.449" usertimems="3.642" systemtimems="0.000" timestamp="2019-08-11T07:39:48.523" activeThreads="16">
  <mem-info id="5342" free="4093230600" total="4133355520" percent="99">
    <mem type="nursery" free="127697408" total="141950976" percent="89">
      <mem type="allocate" free="127697408" total="127729664" percent="99" />
      <mem type="survivor" free="0" total="14221312" percent="0" />
    </mem>
    <mem type="tenure" free="3965533192" total="3991404544" percent="99" macro-fragmented="4388">
      <mem type="soa" free="3765992456" total="3791835136" percent="99" />
      <mem type="loa" free="199540736" total="199569408" percent="99" />
    </mem>
    <remembered-set count="122" />
  </mem-info>
</gc-end>
<cycle-end id="5343" type="scavenge" contextid="5337" timestamp="2019-08-11T07:39:48.523" />
  <attribute name="elasticGC enabled" value="1" />
  <attribute name= "numThreadsSpecified" value="16" />
  <attribute name="heapSize specified" value="-91291648" />
  <attribute name="Current GC Util" value="0" />
  <attribute name= "Current Time Running" value="79361" />
  <attribute name ="GC Interval" value="200" />
  <attribute name="ProportionalT" value="-40.000000" />
  <attribute name="ProportionalI" value="-40.000000" />
  <attribute name="ProportionalH" value="-40.000000" />
  <attribute name="Current Error" value="-80.000000" />
  <attribute name="IntegralT" value="-8280.000000" />
  <attribute name="IntegralI" value="-8280.000000" />
  <attribute name="IntegralH" value="-8280.000000" />
  <attribute name="DerivativeT" value="-0.386473" />
  <attribute name="DerivativeI" value="-0.386473" />
  <attribute name="DerivativeH" value="-0.386473" />
  <attribute name="Loop Time for DT" value="207.000000" />
  <attribute name="Output H" value="4203675648"/>
  <attribute name="Output I" value="200"/>
  <attribute name="Output T" value="16"/>
  <attribute name="Target GC Util Change" value ="80.000000" />
  <attribute name="Current GC Util Change" value="0.000000"/>
  <attribute name="GC Util currently" value="0" />
  <attribute name="CPU Util currently" value="5569950009" />
<allocation-satisfied id="5344" threadId="0000000000880F00" bytesRequested="16" />
<af-end id="5345" timestamp="2019-08-11T07:39:48.523" threadId="0000000000881888" success="true" from="nursery"/>
<exclusive-end id="5346" timestamp="2019-08-11T07:39:48.523" durationms="1.688" />

<exclusive-start id="5347" timestamp="2019-08-11T07:39:48.739" intervalms="217.364">
  <response-info timems="0.018" idlems="0.018" threads="0" lastid="0000000000880F00" lastname="main" />
</exclusive-start>
<af-start id="5348" threadId="0000000000881888" totalBytesRequested="16" timestamp="2019-08-11T07:39:48.739" intervalms="217.352" type="nursery" />
<cycle-start id="5349" type="scavenge" contextid="0" timestamp="2019-08-11T07:39:48.739" intervalms="217.335" />
<gc-start id="5350" type="scavenge" contextid="5349" timestamp="2019-08-11T07:39:48.739">
  <mem-info id="5351" free="3965533192" total="4133355520" percent="95">
    <mem type="nursery" free="0" total="141950976" percent="0">
      <mem type="allocate" free="0" total="127729664" percent="0" />
      <mem type="survivor" free="0" total="14221312" percent="0" />
    </mem>
    <mem type="tenure" free="3965533192" total="3991404544" percent="99">
      <mem type="soa" free="3765992456" total="3791835136" percent="99" />
      <mem type="loa" free="199540736" total="199569408" percent="99" />
    </mem>
    <remembered-set count="122" />
  </mem-info>
</gc-start>
<allocation-stats totalBytes="127674016" >
  <allocated-bytes non-tlh="16" tlh="127674000" />
  <largest-consumer threadName="main" threadId="0000000000880F00" bytes="127674016" />
</allocation-stats>
<gc-op id="5352" type="scavenge" timems="0.972" contextid="5349" timestamp="2019-08-11T07:39:48.740">
  <scavenger-info tenureage="12" tenuremask="d000" tiltratio="89" />
  <memory-copied type="nursery" objects="57" bytes="1672" bytesdiscarded="30584" />
</gc-op>
<gc-end id="5353" type="scavenge" contextid="5349" durationms="1.307" usertimems="2.055" systemtimems="0.000" timestamp="2019-08-11T07:39:48.741" activeThreads="16">
  <mem-info id="5354" free="4093230600" total="4133355520" percent="99">
    <mem type="nursery" free="127697408" total="141950976" percent="89">
      <mem type="allocate" free="127697408" total="127729664" percent="99" />
      <mem type="survivor" free="0" total="14221312" percent="0" />
    </mem>
    <mem type="tenure" free="3965533192" total="3991404544" percent="99" macro-fragmented="4388">
      <mem type="soa" free="3765992456" total="3791835136" percent="99" />
      <mem type="loa" free="199540736" total="199569408" percent="99" />
    </mem>
    <remembered-set count="122" />
  </mem-info>
</gc-end>
<cycle-end id="5355" type="scavenge" contextid="5349" timestamp="2019-08-11T07:39:48.741" />
  <attribute name="elasticGC enabled" value="1" />
  <attribute name= "numThreadsSpecified" value="16" />
  <attribute name="heapSize specified" value="-91291648" />
  <attribute name="Current GC Util" value="1" />
  <attribute name= "Current Time Running" value="79579" />
  <attribute name ="GC Interval" value="200" />
  <attribute name="ProportionalT" value="-39.500000" />
  <attribute name="ProportionalI" value="-39.500000" />
  <attribute name="ProportionalH" value="-39.500000" />
  <attribute name="Current Error" value="-79.000000" />
  <attribute name="IntegralT" value="-8611.000000" />
  <attribute name="IntegralI" value="-8611.000000" />
  <attribute name="IntegralH" value="-8611.000000" />
  <attribute name="DerivativeT" value="-0.362385" />
  <attribute name="DerivativeI" value="-0.362385" />
  <attribute name="DerivativeH" value="-0.362385" />
  <attribute name="Loop Time for DT" value="218.000000" />
  <attribute name="Output H" value="4203675648"/>
  <attribute name="Output I" value="200"/>
  <attribute name="Output T" value="16"/>
  <attribute name="Target GC Util Change" value ="80.000000" />
  <attribute name="Current GC Util Change" value="1.000000"/>
  <attribute name="GC Util currently" value="1" />
  <attribute name="CPU Util currently" value="5304359698" />
<allocation-satisfied id="5356" threadId="0000000000880F00" bytesRequested="16" />
<af-end id="5357" timestamp="2019-08-11T07:39:48.741" threadId="0000000000881888" success="true" from="nursery"/>
<exclusive-end id="5358" timestamp="2019-08-11T07:39:48.741" durationms="1.517" />

<exclusive-start id="5359" timestamp="2019-08-11T07:39:48.810" intervalms="71.001">
  <response-info timems="0.014" idlems="0.014" threads="0" lastid="0000000000880F00" lastname="main" />
</exclusive-start>
<af-start id="5360" threadId="0000000000881888" totalBytesRequested="584" timestamp="2019-08-11T07:39:48.810" intervalms="71.020" type="nursery" />
<cycle-start id="5361" type="scavenge" contextid="0" timestamp="2019-08-11T07:39:48.810" intervalms="71.020" />
<gc-start id="5362" type="scavenge" contextid="5361" timestamp="2019-08-11T07:39:48.810">
  <mem-info id="5363" free="3965533192" total="4133355520" percent="95">
    <mem type="nursery" free="0" total="141950976" percent="0">
      <mem type="allocate" free="0" total="127729664" percent="0" />
      <mem type="survivor" free="0" total="14221312" percent="0" />
    </mem>
    <mem type="tenure" free="3965533192" total="3991404544" percent="99">
      <mem type="soa" free="3765992456" total="3791835136" percent="99" />
      <mem type="loa" free="199540736" total="199569408" percent="99" />
    </mem>
    <remembered-set count="124" />
  </mem-info>
</gc-start>
<allocation-stats totalBytes="127557304" >
  <allocated-bytes non-tlh="16" tlh="127557288" />
  <largest-consumer threadName="main" threadId="0000000000880F00" bytes="127557304" />
</allocation-stats>
<gc-op id="5364" type="scavenge" timems="1.063" contextid="5361" timestamp="2019-08-11T07:39:48.811">
  <scavenger-info tenureage="4" tenuremask="e010" tiltratio="89" />
  <memory-copied type="nursery" objects="49" bytes="1904" bytesdiscarded="30352" />
  <memory-copied type="tenure" objects="12" bytes="288" bytesdiscarded="0" />
</gc-op>
<gc-end id="5365" type="scavenge" contextid="5361" durationms="1.315" usertimems="2.122" systemtimems="0.000" timestamp="2019-08-11T07:39:48.812" activeThreads="16">
  <mem-info id="5366" free="4093230600" total="4133355520" percent="99">
    <mem type="nursery" free="127697408" total="141950976" percent="89">
      <mem type="allocate" free="127697408" total="127729664" percent="99" />
      <mem type="survivor" free="0" total="14221312" percent="0" />
    </mem>
    <mem type="tenure" free="3965533192" total="3991404544" percent="99" macro-fragmented="5266">
      <mem type="soa" free="3765992456" total="3791835136" percent="99" />
      <mem type="loa" free="199540736" total="199569408" percent="99" />
    </mem>
    <remembered-set count="120" />
  </mem-info>
</gc-end>
<cycle-end id="5367" type="scavenge" contextid="5361" timestamp="2019-08-11T07:39:48.812" />
  <attribute name="elasticGC enabled" value="1" />
  <attribute name= "numThreadsSpecified" value="16" />
  <attribute name="heapSize specified" value="-91291648" />
  <attribute name="Current GC Util" value="3" />
  <attribute name= "Current Time Running" value="79650" />
  <attribute name ="GC Interval" value="200" />
  <attribute name="ProportionalT" value="-38.500000" />
  <attribute name="ProportionalI" value="-38.500000" />
  <attribute name="ProportionalH" value="-38.500000" />
  <attribute name="Current Error" value="-77.000000" />
  <attribute name="IntegralT" value="-2733.500000" />
  <attribute name="IntegralI" value="-2733.500000" />
  <attribute name="IntegralH" value="-2733.500000" />
  <attribute name="DerivativeT" value="-1.084507" />
  <attribute name="DerivativeI" value="-1.084507" />
  <attribute name="DerivativeH" value="-1.084507" />
  <attribute name="Loop Time for DT" value="71.000000" />
  <attribute name="Output H" value="4203675648"/>
  <attribute name="Output I" value="200"/>
  <attribute name="Output T" value="16"/>
  <attribute name="Target GC Util Change" value ="80.000000" />
  <attribute name="Current GC Util Change" value="3.000000"/>
  <attribute name="GC Util currently" value="3" />
  <attribute name="CPU Util currently" value="16251264556" />
<allocation-satisfied id="5368" threadId="0000000000880F00" bytesRequested="584" />
<af-end id="5369" timestamp="2019-08-11T07:39:48.812" threadId="0000000000881888" success="true" from="nursery"/>
<exclusive-end id="5370" timestamp="2019-08-11T07:39:48.812" durationms="1.562" />

* Round 3 done in 2.236 seconds.
<exclusive-start id="5371" timestamp="2019-08-11T07:39:48.869" intervalms="59.137">
  <response-info timems="0.017" idlems="0.017" threads="0" lastid="0000000000880F00" lastname="main" />
</exclusive-start>
<af-start id="5372" threadId="0000000000881888" totalBytesRequested="32" timestamp="2019-08-11T07:39:48.869" intervalms="59.119" type="nursery" />
<cycle-start id="5373" type="scavenge" contextid="0" timestamp="2019-08-11T07:39:48.869" intervalms="59.118" />
<gc-start id="5374" type="scavenge" contextid="5373" timestamp="2019-08-11T07:39:48.869">
  <mem-info id="5375" free="3965533192" total="4133355520" percent="95">
    <mem type="nursery" free="0" total="141950976" percent="0">
      <mem type="allocate" free="0" total="127729664" percent="0" />
      <mem type="survivor" free="0" total="14221312" percent="0" />
    </mem>
    <mem type="tenure" free="3965533192" total="3991404544" percent="99">
      <mem type="soa" free="3765992456" total="3791835136" percent="99" />
      <mem type="loa" free="199540736" total="199569408" percent="99" />
    </mem>
    <remembered-set count="125" />
  </mem-info>
</gc-start>
<allocation-stats totalBytes="127575072" >
  <allocated-bytes non-tlh="584" tlh="127574488" />
  <largest-consumer threadName="main" threadId="0000000000880F00" bytes="127575072" />
</allocation-stats>
<gc-op id="5376" type="scavenge" timems="0.701" contextid="5373" timestamp="2019-08-11T07:39:48.870">
  <scavenger-info tenureage="4" tenuremask="4010" tiltratio="89" />
  <memory-copied type="nursery" objects="54" bytes="1680" bytesdiscarded="30576" />
  <memory-copied type="tenure" objects="12" bytes="288" bytesdiscarded="0" />
</gc-op>
<gc-end id="5377" type="scavenge" contextid="5373" durationms="0.975" usertimems="1.464" systemtimems="0.000" timestamp="2019-08-11T07:39:48.870" activeThreads="16">
  <mem-info id="5378" free="4093230600" total="4133355520" percent="99">
    <mem type="nursery" free="127697408" total="141950976" percent="89">
      <mem type="allocate" free="127697408" total="127729664" percent="99" />
      <mem type="survivor" free="0" total="14221312" percent="0" />
    </mem>
    <mem type="tenure" free="3965533192" total="3991404544" percent="99" macro-fragmented="5266">
      <mem type="soa" free="3765992456" total="3791835136" percent="99" />
      <mem type="loa" free="199540736" total="199569408" percent="99" />
    </mem>
    <remembered-set count="121" />
  </mem-info>
</gc-end>
<cycle-end id="5379" type="scavenge" contextid="5373" timestamp="2019-08-11T07:39:48.870" />
  <attribute name="elasticGC enabled" value="1" />
  <attribute name= "numThreadsSpecified" value="16" />
  <attribute name="heapSize specified" value="-91291648" />
  <attribute name="Current GC Util" value="3" />
  <attribute name= "Current Time Running" value="79709" />
  <attribute name ="GC Interval" value="200" />
  <attribute name="ProportionalT" value="-38.500000" />
  <attribute name="ProportionalI" value="-38.500000" />
  <attribute name="ProportionalH" value="-38.500000" />
  <attribute name="Current Error" value="-77.000000" />
  <attribute name="IntegralT" value="-2271.500000" />
  <attribute name="IntegralI" value="-2271.500000" />
  <attribute name="IntegralH" value="-2271.500000" />
  <attribute name="DerivativeT" value="-1.305085" />
  <attribute name="DerivativeI" value="-1.305085" />
  <attribute name="DerivativeH" value="-1.305085" />
  <attribute name="Loop Time for DT" value="59.000000" />
  <attribute name="Output H" value="4203675648"/>
  <attribute name="Output I" value="200"/>
  <attribute name="Output T" value="16"/>
  <attribute name="Target GC Util Change" value ="80.000000" />
  <attribute name="Current GC Util Change" value="3.000000"/>
  <attribute name="GC Util currently" value="3" />
  <attribute name="CPU Util currently" value="19502546152" />
<allocation-satisfied id="5380" threadId="0000000000880F00" bytesRequested="32" />
<af-end id="5381" timestamp="2019-08-11T07:39:48.870" threadId="0000000000881888" success="true" from="nursery"/>
<exclusive-end id="5382" timestamp="2019-08-11T07:39:48.870" durationms="1.182" />

<exclusive-start id="5383" timestamp="2019-08-11T07:39:49.069" intervalms="199.324">
  <response-info timems="0.023" idlems="0.023" threads="0" lastid="0000000000880F00" lastname="main" />
</exclusive-start>
<af-start id="5384" threadId="0000000000881888" totalBytesRequested="32" timestamp="2019-08-11T07:39:49.069" intervalms="199.483" type="nursery" />
<cycle-start id="5385" type="scavenge" contextid="0" timestamp="2019-08-11T07:39:49.069" intervalms="199.496" />
<gc-start id="5386" type="scavenge" contextid="5385" timestamp="2019-08-11T07:39:49.069">
  <mem-info id="5387" free="3965533192" total="4133355520" percent="95">
    <mem type="nursery" free="0" total="141950976" percent="0">
      <mem type="allocate" free="0" total="127729664" percent="0" />
      <mem type="survivor" free="0" total="14221312" percent="0" />
    </mem>
    <mem type="tenure" free="3965533192" total="3991404544" percent="99">
      <mem type="soa" free="3765992456" total="3791835136" percent="99" />
      <mem type="loa" free="199540736" total="199569408" percent="99" />
    </mem>
    <remembered-set count="137" />
  </mem-info>
</gc-start>
<allocation-stats totalBytes="127309512" >
  <allocated-bytes non-tlh="32" tlh="127309480" />
  <largest-consumer threadName="main" threadId="0000000000880F00" bytes="127309512" />
</allocation-stats>
<gc-op id="5388" type="scavenge" timems="0.760" contextid="5385" timestamp="2019-08-11T07:39:49.070">
  <scavenger-info tenureage="14" tenuremask="c000" tiltratio="89" />
  <memory-copied type="nursery" objects="105" bytes="3984" bytesdiscarded="28272" />
</gc-op>
<gc-end id="5389" type="scavenge" contextid="5385" durationms="1.087" usertimems="1.660" systemtimems="0.000" timestamp="2019-08-11T07:39:49.070" activeThreads="16">
  <mem-info id="5390" free="4093230600" total="4133355520" percent="99">
    <mem type="nursery" free="127697408" total="141950976" percent="89">
      <mem type="allocate" free="127697408" total="127729664" percent="99" />
      <mem type="survivor" free="0" total="14221312" percent="0" />
    </mem>
    <mem type="tenure" free="3965533192" total="3991404544" percent="99" macro-fragmented="32800">
      <mem type="soa" free="3765992456" total="3791835136" percent="99" />
      <mem type="loa" free="199540736" total="199569408" percent="99" />
    </mem>
    <remembered-set count="136" />
  </mem-info>
</gc-end>
<cycle-end id="5391" type="scavenge" contextid="5385" timestamp="2019-08-11T07:39:49.070" />
  <attribute name="elasticGC enabled" value="1" />
  <attribute name= "numThreadsSpecified" value="16" />
  <attribute name="heapSize specified" value="-91291648" />
  <attribute name="Current GC Util" value="0" />
  <attribute name= "Current Time Running" value="79908" />
  <attribute name ="GC Interval" value="200" />
  <attribute name="ProportionalT" value="-40.000000" />
  <attribute name="ProportionalI" value="-40.000000" />
  <attribute name="ProportionalH" value="-40.000000" />
  <attribute name="Current Error" value="-80.000000" />
  <attribute name="IntegralT" value="-7960.000000" />
  <attribute name="IntegralI" value="-7960.000000" />
  <attribute name="IntegralH" value="-7960.000000" />
  <attribute name="DerivativeT" value="-0.402010" />
  <attribute name="DerivativeI" value="-0.402010" />
  <attribute name="DerivativeH" value="-0.402010" />
  <attribute name="Loop Time for DT" value="199.000000" />
  <attribute name="Output H" value="4203675648"/>
  <attribute name="Output I" value="200"/>
  <attribute name="Output T" value="16"/>
  <attribute name="Target GC Util Change" value ="80.000000" />
  <attribute name="Current GC Util Change" value="0.000000"/>
  <attribute name="GC Util currently" value="0" />
  <attribute name="CPU Util currently" value="5778011109" />
<allocation-satisfied id="5392" threadId="0000000000880F00" bytesRequested="32" />
<af-end id="5393" timestamp="2019-08-11T07:39:49.070" threadId="0000000000881888" success="true" from="nursery"/>
<exclusive-end id="5394" timestamp="2019-08-11T07:39:49.070" durationms="1.536" />

<exclusive-start id="5395" timestamp="2019-08-11T07:39:49.083" intervalms="14.633">
  <response-info timems="0.023" idlems="0.023" threads="0" lastid="0000000000880F00" lastname="main" />
</exclusive-start>
<af-start id="5396" threadId="0000000000881888" totalBytesRequested="1168" timestamp="2019-08-11T07:39:49.083" intervalms="14.476" type="nursery" />
<cycle-start id="5397" type="scavenge" contextid="0" timestamp="2019-08-11T07:39:49.083" intervalms="14.464" />
<gc-start id="5398" type="scavenge" contextid="5397" timestamp="2019-08-11T07:39:49.083">
  <mem-info id="5399" free="3965533192" total="4133355520" percent="95">
    <mem type="nursery" free="0" total="141950976" percent="0">
      <mem type="allocate" free="0" total="127729664" percent="0" />
      <mem type="survivor" free="0" total="14221312" percent="0" />
    </mem>
    <mem type="tenure" free="3965533192" total="3991404544" percent="99">
      <mem type="soa" free="3765992456" total="3791835136" percent="99" />
      <mem type="loa" free="199540736" total="199569408" percent="99" />
    </mem>
    <remembered-set count="136" />
  </mem-info>
</gc-start>
<allocation-stats totalBytes="127275768" >
  <allocated-bytes non-tlh="32" tlh="127275736" />
  <largest-consumer threadName="main" threadId="0000000000880F00" bytes="127275768" />
</allocation-stats>
<gc-op id="5400" type="scavenge" timems="0.917" contextid="5397" timestamp="2019-08-11T07:39:49.084">
  <scavenger-info tenureage="14" tenuremask="c000" tiltratio="89" />
  <memory-copied type="nursery" objects="106" bytes="4016" bytesdiscarded="28240" />
</gc-op>
<gc-end id="5401" type="scavenge" contextid="5397" durationms="1.194" usertimems="2.094" systemtimems="0.000" timestamp="2019-08-11T07:39:49.085" activeThreads="16">
  <mem-info id="5402" free="4093230600" total="4133355520" percent="99">
    <mem type="nursery" free="127697408" total="141950976" percent="89">
      <mem type="allocate" free="127697408" total="127729664" percent="99" />
      <mem type="survivor" free="0" total="14221312" percent="0" />
    </mem>
    <mem type="tenure" free="3965533192" total="3991404544" percent="99" macro-fragmented="47568">
      <mem type="soa" free="3765992456" total="3791835136" percent="99" />
      <mem type="loa" free="199540736" total="199569408" percent="99" />
    </mem>
    <remembered-set count="136" />
  </mem-info>
</gc-end>
<cycle-end id="5403" type="scavenge" contextid="5397" timestamp="2019-08-11T07:39:49.085" />
  <attribute name="elasticGC enabled" value="1" />
  <attribute name= "numThreadsSpecified" value="16" />
  <attribute name="heapSize specified" value="-91291648" />
  <attribute name="Current GC Util" value="12" />
  <attribute name= "Current Time Running" value="79923" />
  <attribute name ="GC Interval" value="200" />
  <attribute name="ProportionalT" value="-34.000000" />
  <attribute name="ProportionalI" value="-34.000000" />
  <attribute name="ProportionalH" value="-34.000000" />
  <attribute name="Current Error" value="-68.000000" />
  <attribute name="IntegralT" value="-510.000000" />
  <attribute name="IntegralI" value="-510.000000" />
  <attribute name="IntegralH" value="-510.000000" />
  <attribute name="DerivativeT" value="-4.533333" />
  <attribute name="DerivativeI" value="-4.533333" />
  <attribute name="DerivativeH" value="-4.533333" />
  <attribute name="Loop Time for DT" value="15.000000" />
  <attribute name="Output H" value="4203675648"/>
  <attribute name="Output I" value="200"/>
  <attribute name="Output T" value="16"/>
  <attribute name="Target GC Util Change" value ="80.000000" />
  <attribute name="Current GC Util Change" value="12.000000"/>
  <attribute name="GC Util currently" value="12" />
  <attribute name="CPU Util currently" value="79845542653" />
<allocation-satisfied id="5404" threadId="0000000000880F00" bytesRequested="1168" />
<af-end id="5405" timestamp="2019-08-11T07:39:49.085" threadId="0000000000881888" success="true" from="nursery"/>
<exclusive-end id="5406" timestamp="2019-08-11T07:39:49.085" durationms="1.470" />

<exclusive-start id="5407" timestamp="2019-08-11T07:39:49.098" intervalms="14.845">
  <response-info timems="0.021" idlems="0.021" threads="0" lastid="0000000000880F00" lastname="main" />
</exclusive-start>
<af-start id="5408" threadId="0000000000881888" totalBytesRequested="1168" timestamp="2019-08-11T07:39:49.098" intervalms="14.855" type="nursery" />
<cycle-start id="5409" type="scavenge" contextid="0" timestamp="2019-08-11T07:39:49.098" intervalms="14.854" />
<gc-start id="5410" type="scavenge" contextid="5409" timestamp="2019-08-11T07:39:49.098">
  <mem-info id="5411" free="3965533192" total="4133355520" percent="95">
    <mem type="nursery" free="0" total="141950976" percent="0">
      <mem type="allocate" free="0" total="127729664" percent="0" />
      <mem type="survivor" free="0" total="14221312" percent="0" />
    </mem>
    <mem type="tenure" free="3965533192" total="3991404544" percent="99">
      <mem type="soa" free="3765992456" total="3791835136" percent="99" />
      <mem type="loa" free="199540736" total="199569408" percent="99" />
    </mem>
    <remembered-set count="136" />
  </mem-info>
</gc-start>
<allocation-stats totalBytes="127275736" >
  <allocated-bytes non-tlh="1168" tlh="127274568" />
  <largest-consumer threadName="main" threadId="0000000000880F00" bytes="127275736" />
</allocation-stats>
<gc-op id="5412" type="scavenge" timems="0.905" contextid="5409" timestamp="2019-08-11T07:39:49.099">
  <scavenger-info tenureage="2" tenuremask="c04c" tiltratio="89" />
  <memory-copied type="nursery" objects="8" bytes="200" bytesdiscarded="32056" />
  <memory-copied type="tenure" objects="98" bytes="3816" bytesdiscarded="0" />
</gc-op>
<heap-resize id="5413" type="expand" space="nursery" amount="6160384" count="1" timems="0.014" reason="excessive time being spent scavenging" timestamp="2019-08-11T07:39:49.099" />
<gc-end id="5414" type="scavenge" contextid="5409" durationms="1.219" usertimems="1.883" systemtimems="0.000" timestamp="2019-08-11T07:39:49.099" activeThreads="16">
  <mem-info id="5415" free="4098735624" total="4139515904" percent="99">
    <mem type="nursery" free="133202432" total="148111360" percent="89">
      <mem type="allocate" free="133202432" total="133234688" percent="99" />
      <mem type="survivor" free="0" total="14876672" percent="0" />
    </mem>
    <mem type="tenure" free="3965533192" total="3991404544" percent="99" macro-fragmented="0">
      <mem type="soa" free="3765992456" total="3791835136" percent="99" />
      <mem type="loa" free="199540736" total="199569408" percent="99" />
    </mem>
    <remembered-set count="121" />
  </mem-info>
</gc-end>
<cycle-end id="5416" type="scavenge" contextid="5409" timestamp="2019-08-11T07:39:49.099" />
  <attribute name="elasticGC enabled" value="1" />
  <attribute name= "numThreadsSpecified" value="16" />
  <attribute name="heapSize specified" value="-91291648" />
  <attribute name="Current GC Util" value="13" />
  <attribute name= "Current Time Running" value="79937" />
  <attribute name ="GC Interval" value="200" />
  <attribute name="ProportionalT" value="-33.500000" />
  <attribute name="ProportionalI" value="-33.500000" />
  <attribute name="ProportionalH" value="-33.500000" />
  <attribute name="Current Error" value="-67.000000" />
  <attribute name="IntegralT" value="-469.000000" />
  <attribute name="IntegralI" value="-469.000000" />
  <attribute name="IntegralH" value="-469.000000" />
  <attribute name="DerivativeT" value="-4.785714" />
  <attribute name="DerivativeI" value="-4.785714" />
  <attribute name="DerivativeH" value="-4.785714" />
  <attribute name="Loop Time for DT" value="14.000000" />
  <attribute name="Output H" value="4203675648"/>
  <attribute name="Output I" value="200"/>
  <attribute name="Output T" value="16"/>
  <attribute name="Target GC Util Change" value ="80.000000" />
  <attribute name="Current GC Util Change" value="13.000000"/>
  <attribute name="GC Util currently" value="13" />
  <attribute name="CPU Util currently" value="77458940550" />
<allocation-satisfied id="5417" threadId="0000000000880F00" bytesRequested="1168" />
<af-end id="5418" timestamp="2019-08-11T07:39:49.100" threadId="0000000000881888" success="true" from="nursery"/>
<exclusive-end id="5419" timestamp="2019-08-11T07:39:49.100" durationms="1.446" />

<exclusive-start id="5420" timestamp="2019-08-11T07:39:49.115" intervalms="16.830">
  <response-info timems="0.023" idlems="0.023" threads="0" lastid="0000000000880F00" lastname="main" />
</exclusive-start>
<af-start id="5421" threadId="0000000000881888" totalBytesRequested="1168" timestamp="2019-08-11T07:39:49.115" intervalms="16.838" type="nursery" />
<cycle-start id="5422" type="scavenge" contextid="0" timestamp="2019-08-11T07:39:49.115" intervalms="16.839" />
<gc-start id="5423" type="scavenge" contextid="5422" timestamp="2019-08-11T07:39:49.115">
  <mem-info id="5424" free="3965533192" total="4139515904" percent="95">
    <mem type="nursery" free="0" total="148111360" percent="0">
      <mem type="allocate" free="0" total="133234688" percent="0" />
      <mem type="survivor" free="0" total="14876672" percent="0" />
    </mem>
    <mem type="tenure" free="3965533192" total="3991404544" percent="99">
      <mem type="soa" free="3765992456" total="3791835136" percent="99" />
      <mem type="loa" free="199540736" total="199569408" percent="99" />
    </mem>
    <remembered-set count="121" />
  </mem-info>
</gc-start>
<allocation-stats totalBytes="132762760" >
  <allocated-bytes non-tlh="1168" tlh="132761592" />
  <largest-consumer threadName="main" threadId="0000000000880F00" bytes="132762760" />
</allocation-stats>
<gc-op id="5425" type="scavenge" timems="0.848" contextid="5422" timestamp="2019-08-11T07:39:49.116">
  <scavenger-info tenureage="5" tenuremask="c020" tiltratio="89" />
  <memory-copied type="nursery" objects="2" bytes="56" bytesdiscarded="32200" />
  <memory-copied type="tenure" objects="6" bytes="144" bytesdiscarded="0" />
</gc-op>
<gc-end id="5426" type="scavenge" contextid="5422" durationms="1.156" usertimems="2.061" systemtimems="0.000" timestamp="2019-08-11T07:39:49.116" activeThreads="16">
  <mem-info id="5427" free="4098801160" total="4139515904" percent="99">
    <mem type="nursery" free="133267968" total="148111360" percent="89">
      <mem type="allocate" free="133267968" total="133300224" percent="99" />
      <mem type="survivor" free="0" total="14811136" percent="0" />
    </mem>
    <mem type="tenure" free="3965533192" total="3991404544" percent="99" macro-fragmented="0">
      <mem type="soa" free="3765992456" total="3791835136" percent="99" />
      <mem type="loa" free="199540736" total="199569408" percent="99" />
    </mem>
    <remembered-set count="119" />
  </mem-info>
</gc-end>
<cycle-end id="5428" type="scavenge" contextid="5422" timestamp="2019-08-11T07:39:49.116" />
  <attribute name="elasticGC enabled" value="1" />
  <attribute name= "numThreadsSpecified" value="16" />
  <attribute name="heapSize specified" value="-91291648" />
  <attribute name="Current GC Util" value="12" />
  <attribute name= "Current Time Running" value="79954" />
  <attribute name ="GC Interval" value="200" />
  <attribute name="ProportionalT" value="-34.000000" />
  <attribute name="ProportionalI" value="-34.000000" />
  <attribute name="ProportionalH" value="-34.000000" />
  <attribute name="Current Error" value="-68.000000" />
  <attribute name="IntegralT" value="-578.000000" />
  <attribute name="IntegralI" value="-578.000000" />
  <attribute name="IntegralH" value="-578.000000" />
  <attribute name="DerivativeT" value="-4.000000" />
  <attribute name="DerivativeI" value="-4.000000" />
  <attribute name="DerivativeH" value="-4.000000" />
  <attribute name="Loop Time for DT" value="17.000000" />
  <attribute name="Output H" value="4203675648"/>
  <attribute name="Output I" value="200"/>
  <attribute name="Output T" value="16"/>
  <attribute name="Target GC Util Change" value ="80.000000" />
  <attribute name="Current GC Util Change" value="12.000000"/>
  <attribute name="GC Util currently" value="12" />
  <attribute name="CPU Util currently" value="68408589137" />
<allocation-satisfied id="5429" threadId="0000000000880F00" bytesRequested="1168" />
<af-end id="5430" timestamp="2019-08-11T07:39:49.116" threadId="0000000000881888" success="true" from="nursery"/>
<exclusive-end id="5431" timestamp="2019-08-11T07:39:49.116" durationms="1.418" />

<exclusive-start id="5432" timestamp="2019-08-11T07:39:49.130" intervalms="15.310">
  <response-info timems="0.018" idlems="0.018" threads="0" lastid="0000000000880F00" lastname="main" />
</exclusive-start>
<af-start id="5433" threadId="0000000000881888" totalBytesRequested="1168" timestamp="2019-08-11T07:39:49.130" intervalms="15.293" type="nursery" />
<cycle-start id="5434" type="scavenge" contextid="0" timestamp="2019-08-11T07:39:49.130" intervalms="15.293" />
<gc-start id="5435" type="scavenge" contextid="5434" timestamp="2019-08-11T07:39:49.130">
  <mem-info id="5436" free="3965533192" total="4139515904" percent="95">
    <mem type="nursery" free="0" total="148111360" percent="0">
      <mem type="allocate" free="0" total="133300224" percent="0" />
      <mem type="survivor" free="0" total="14811136" percent="0" />
    </mem>
    <mem type="tenure" free="3965533192" total="3991404544" percent="99">
      <mem type="soa" free="3765992456" total="3791835136" percent="99" />
      <mem type="loa" free="199540736" total="199569408" percent="99" />
    </mem>
    <remembered-set count="124" />
  </mem-info>
</gc-start>
<allocation-stats totalBytes="132782656" >
  <allocated-bytes non-tlh="1168" tlh="132781488" />
  <largest-consumer threadName="main" threadId="0000000000880F00" bytes="132782656" />
</allocation-stats>
<gc-op id="5437" type="scavenge" timems="0.956" contextid="5434" timestamp="2019-08-11T07:39:49.131">
  <scavenger-info tenureage="13" tenuremask="e000" tiltratio="90" />
  <memory-copied type="nursery" objects="27" bytes="1944" bytesdiscarded="30312" />
</gc-op>
<gc-end id="5438" type="scavenge" contextid="5434" durationms="1.240" usertimems="1.755" systemtimems="0.000" timestamp="2019-08-11T07:39:49.132" activeThreads="16">
  <mem-info id="5439" free="4098801160" total="4139515904" percent="99">
    <mem type="nursery" free="133267968" total="148111360" percent="89">
      <mem type="allocate" free="133267968" total="133300224" percent="99" />
      <mem type="survivor" free="0" total="14811136" percent="0" />
    </mem>
    <mem type="tenure" free="3965533192" total="3991404544" percent="99" macro-fragmented="0">
      <mem type="soa" free="3765992456" total="3791835136" percent="99" />
      <mem type="loa" free="199540736" total="199569408" percent="99" />
    </mem>
    <remembered-set count="124" />
  </mem-info>
</gc-end>
<cycle-end id="5440" type="scavenge" contextid="5434" timestamp="2019-08-11T07:39:49.132" />
  <attribute name="elasticGC enabled" value="1" />
  <attribute name= "numThreadsSpecified" value="16" />
  <attribute name="heapSize specified" value="-91291648" />
  <attribute name="Current GC Util" value="13" />
  <attribute name= "Current Time Running" value="79970" />
  <attribute name ="GC Interval" value="200" />
  <attribute name="ProportionalT" value="-33.500000" />
  <attribute name="ProportionalI" value="-33.500000" />
  <attribute name="ProportionalH" value="-33.500000" />
  <attribute name="Current Error" value="-67.000000" />
  <attribute name="IntegralT" value="-536.000000" />
  <attribute name="IntegralI" value="-536.000000" />
  <attribute name="IntegralH" value="-536.000000" />
  <attribute name="DerivativeT" value="-4.187500" />
  <attribute name="DerivativeI" value="-4.187500" />
  <attribute name="DerivativeH" value="-4.187500" />
  <attribute name="Loop Time for DT" value="16.000000" />
  <attribute name="Output H" value="4203675648"/>
  <attribute name="Output I" value="200"/>
  <attribute name="Output T" value="16"/>
  <attribute name="Target GC Util Change" value ="80.000000" />
  <attribute name="Current GC Util Change" value="13.000000"/>
  <attribute name="GC Util currently" value="13" />
  <attribute name="CPU Util currently" value="75482137439" />
<allocation-satisfied id="5441" threadId="0000000000880F00" bytesRequested="1168" />
<af-end id="5442" timestamp="2019-08-11T07:39:49.132" threadId="0000000000881888" success="true" from="nursery"/>
<exclusive-end id="5443" timestamp="2019-08-11T07:39:49.132" durationms="1.498" />

<exclusive-start id="5444" timestamp="2019-08-11T07:39:49.148" intervalms="18.237">
  <response-info timems="0.019" idlems="0.019" threads="0" lastid="0000000000880F00" lastname="main" />
</exclusive-start>
<af-start id="5445" threadId="0000000000881888" totalBytesRequested="1168" timestamp="2019-08-11T07:39:49.149" intervalms="18.243" type="nursery" />
<cycle-start id="5446" type="scavenge" contextid="0" timestamp="2019-08-11T07:39:49.149" intervalms="18.269" />
<gc-start id="5447" type="scavenge" contextid="5446" timestamp="2019-08-11T07:39:49.149">
  <mem-info id="5448" free="3965533192" total="4139515904" percent="95">
    <mem type="nursery" free="0" total="148111360" percent="0">
      <mem type="allocate" free="0" total="133300224" percent="0" />
      <mem type="survivor" free="0" total="14811136" percent="0" />
    </mem>
    <mem type="tenure" free="3965533192" total="3991404544" percent="99">
      <mem type="soa" free="3765992456" total="3791835136" percent="99" />
      <mem type="loa" free="199540736" total="199569408" percent="99" />
    </mem>
    <remembered-set count="124" />
  </mem-info>
</gc-start>
<allocation-stats totalBytes="132417608" >
  <allocated-bytes non-tlh="1168" tlh="132416440" />
  <largest-consumer threadName="main" threadId="0000000000880F00" bytes="132417608" />
</allocation-stats>
<gc-op id="5449" type="scavenge" timems="1.203" contextid="5446" timestamp="2019-08-11T07:39:49.150">
  <scavenger-info tenureage="14" tenuremask="c000" tiltratio="90" />
  <memory-copied type="nursery" objects="28" bytes="1968" bytesdiscarded="30288" />
</gc-op>
<gc-end id="5450" type="scavenge" contextid="5446" durationms="1.496" usertimems="2.249" systemtimems="0.000" timestamp="2019-08-11T07:39:49.150" activeThreads="16">
  <mem-info id="5451" free="4098801160" total="4139515904" percent="99">
    <mem type="nursery" free="133267968" total="148111360" percent="89">
      <mem type="allocate" free="133267968" total="133300224" percent="99" />
      <mem type="survivor" free="0" total="14811136" percent="0" />
    </mem>
    <mem type="tenure" free="3965533192" total="3991404544" percent="99" macro-fragmented="0">
      <mem type="soa" free="3765992456" total="3791835136" percent="99" />
      <mem type="loa" free="199540736" total="199569408" percent="99" />
    </mem>
    <remembered-set count="114" />
  </mem-info>
</gc-end>
<cycle-end id="5452" type="scavenge" contextid="5446" timestamp="2019-08-11T07:39:49.150" />
  <attribute name="elasticGC enabled" value="1" />
  <attribute name= "numThreadsSpecified" value="16" />
  <attribute name="heapSize specified" value="-91291648" />
  <attribute name="Current GC Util" value="10" />
  <attribute name= "Current Time Running" value="79988" />
  <attribute name ="GC Interval" value="200" />
  <attribute name="ProportionalT" value="-35.000000" />
  <attribute name="ProportionalI" value="-35.000000" />
  <attribute name="ProportionalH" value="-35.000000" />
  <attribute name="Current Error" value="-70.000000" />
  <attribute name="IntegralT" value="-630.000000" />
  <attribute name="IntegralI" value="-630.000000" />
  <attribute name="IntegralH" value="-630.000000" />
  <attribute name="DerivativeT" value="-3.888889" />
  <attribute name="DerivativeI" value="-3.888889" />
  <attribute name="DerivativeH" value="-3.888889" />
  <attribute name="Loop Time for DT" value="18.000000" />
  <attribute name="Output H" value="4203675648"/>
  <attribute name="Output I" value="200"/>
  <attribute name="Output T" value="16"/>
  <attribute name="Target GC Util Change" value ="80.000000" />
  <attribute name="Current GC Util Change" value="10.000000"/>
  <attribute name="GC Util currently" value="10" />
  <attribute name="CPU Util currently" value="63069016538" />
<allocation-satisfied id="5453" threadId="0000000000880F00" bytesRequested="1168" />
<af-end id="5454" timestamp="2019-08-11T07:39:49.150" threadId="0000000000881888" success="true" from="nursery"/>
<exclusive-end id="5455" timestamp="2019-08-11T07:39:49.150" durationms="1.772" />

<exclusive-start id="5456" timestamp="2019-08-11T07:39:49.164" intervalms="15.980">
  <response-info timems="0.019" idlems="0.019" threads="0" lastid="0000000000880F00" lastname="main" />
</exclusive-start>
<af-start id="5457" threadId="0000000000881888" totalBytesRequested="1168" timestamp="2019-08-11T07:39:49.164" intervalms="15.992" type="nursery" />
<cycle-start id="5458" type="scavenge" contextid="0" timestamp="2019-08-11T07:39:49.165" intervalms="15.967" />
<gc-start id="5459" type="scavenge" contextid="5458" timestamp="2019-08-11T07:39:49.165">
  <mem-info id="5460" free="3965533192" total="4139515904" percent="95">
    <mem type="nursery" free="0" total="148111360" percent="0">
      <mem type="allocate" free="0" total="133300224" percent="0" />
      <mem type="survivor" free="0" total="14811136" percent="0" />
    </mem>
    <mem type="tenure" free="3965533192" total="3991404544" percent="99">
      <mem type="soa" free="3765992456" total="3791835136" percent="99" />
      <mem type="loa" free="199540736" total="199569408" percent="99" />
    </mem>
    <remembered-set count="114" />
  </mem-info>
</gc-start>
<allocation-stats totalBytes="132433640" >
  <allocated-bytes non-tlh="1168" tlh="132432472" />
  <largest-consumer threadName="main" threadId="0000000000880F00" bytes="132433640" />
</allocation-stats>
<gc-op id="5461" type="scavenge" timems="1.452" contextid="5458" timestamp="2019-08-11T07:39:49.166">
  <scavenger-info tenureage="13" tenuremask="e000" tiltratio="90" />
  <memory-copied type="nursery" objects="28" bytes="1968" bytesdiscarded="30288" />
</gc-op>
<heap-resize id="5462" type="expand" space="nursery" amount="6029312" count="1" timems="0.015" reason="excessive time being spent scavenging" timestamp="2019-08-11T07:39:49.166" />
<gc-end id="5463" type="scavenge" contextid="5458" durationms="1.749" usertimems="3.056" systemtimems="0.000" timestamp="2019-08-11T07:39:49.166" activeThreads="16">
  <mem-info id="5464" free="4104175112" total="4145545216" percent="99">
    <mem type="nursery" free="138641920" total="154140672" percent="89">
      <mem type="allocate" free="138641920" total="138674176" percent="99" />
      <mem type="survivor" free="0" total="15466496" percent="0" />
    </mem>
    <mem type="tenure" free="3965533192" total="3991404544" percent="99" macro-fragmented="0">
      <mem type="soa" free="3765992456" total="3791835136" percent="99" />
      <mem type="loa" free="199540736" total="199569408" percent="99" />
    </mem>
    <remembered-set count="114" />
  </mem-info>
</gc-end>
<cycle-end id="5465" type="scavenge" contextid="5458" timestamp="2019-08-11T07:39:49.166" />
  <attribute name="elasticGC enabled" value="1" />
  <attribute name= "numThreadsSpecified" value="16" />
  <attribute name="heapSize specified" value="-91291648" />
  <attribute name="Current GC Util" value="14" />
  <attribute name= "Current Time Running" value="80004" />
  <attribute name ="GC Interval" value="200" />
  <attribute name="ProportionalT" value="-33.000000" />
  <attribute name="ProportionalI" value="-33.000000" />
  <attribute name="ProportionalH" value="-33.000000" />
  <attribute name="Current Error" value="-66.000000" />
  <attribute name="IntegralT" value="-528.000000" />
  <attribute name="IntegralI" value="-528.000000" />
  <attribute name="IntegralH" value="-528.000000" />
  <attribute name="DerivativeT" value="-4.125000" />
  <attribute name="DerivativeI" value="-4.125000" />
  <attribute name="DerivativeH" value="-4.125000" />
  <attribute name="Loop Time for DT" value="16.000000" />
  <attribute name="Output H" value="4203675648"/>
  <attribute name="Output I" value="200"/>
  <attribute name="Output T" value="16"/>
  <attribute name="Target GC Util Change" value ="80.000000" />
  <attribute name="Current GC Util Change" value="14.000000"/>
  <attribute name="GC Util currently" value="14" />
  <attribute name="CPU Util currently" value="72447054848" />
<allocation-satisfied id="5466" threadId="0000000000880F00" bytesRequested="1168" />
<af-end id="5467" timestamp="2019-08-11T07:39:49.166" threadId="0000000000881888" success="true" from="nursery"/>
<exclusive-end id="5468" timestamp="2019-08-11T07:39:49.166" durationms="2.013" />

<exclusive-start id="5469" timestamp="2019-08-11T07:39:49.224" intervalms="59.647">
  <response-info timems="0.019" idlems="0.019" threads="0" lastid="0000000000880F00" lastname="main" />
</exclusive-start>
<af-start id="5470" threadId="0000000000881888" totalBytesRequested="24" timestamp="2019-08-11T07:39:49.224" intervalms="59.634" type="nursery" />
<cycle-start id="5471" type="scavenge" contextid="0" timestamp="2019-08-11T07:39:49.224" intervalms="59.652" />
<gc-start id="5472" type="scavenge" contextid="5471" timestamp="2019-08-11T07:39:49.224">
  <mem-info id="5473" free="3965533192" total="4145545216" percent="95">
    <mem type="nursery" free="0" total="154140672" percent="0">
      <mem type="allocate" free="0" total="138674176" percent="0" />
      <mem type="survivor" free="0" total="15466496" percent="0" />
    </mem>
    <mem type="tenure" free="3965533192" total="3991404544" percent="99">
      <mem type="soa" free="3765992456" total="3791835136" percent="99" />
      <mem type="loa" free="199540736" total="199569408" percent="99" />
    </mem>
    <remembered-set count="122" />
  </mem-info>
</gc-start>
<allocation-stats totalBytes="138612720" >
  <allocated-bytes non-tlh="1168" tlh="138611552" />
  <largest-consumer threadName="main" threadId="0000000000880F00" bytes="138612720" />
</allocation-stats>
<gc-op id="5474" type="scavenge" timems="1.068" contextid="5471" timestamp="2019-08-11T07:39:49.225">
  <scavenger-info tenureage="3" tenuremask="fff8" tiltratio="89" />
  <memory-copied type="nursery" objects="231" bytes="7512" bytesdiscarded="72312" />
  <memory-copied type="tenure" objects="7" bytes="168" bytesdiscarded="0" />
  <references type="weak" candidates="37" cleared="0" enqueued="0" />
</gc-op>
<gc-end id="5475" type="scavenge" contextid="5471" durationms="1.423" usertimems="2.344" systemtimems="0.000" timestamp="2019-08-11T07:39:49.226" activeThreads="16">
  <mem-info id="5476" free="4104127496" total="4145545216" percent="99">
    <mem type="nursery" free="138594304" total="154140672" percent="89">
      <mem type="allocate" free="138594304" total="138674176" percent="99" />
      <mem type="survivor" free="0" total="15466496" percent="0" />
    </mem>
    <mem type="tenure" free="3965533192" total="3991404544" percent="99" macro-fragmented="0">
      <mem type="soa" free="3765992456" total="3791835136" percent="99" />
      <mem type="loa" free="199540736" total="199569408" percent="99" />
    </mem>
    <remembered-set count="118" />
  </mem-info>
</gc-end>
<cycle-end id="5477" type="scavenge" contextid="5471" timestamp="2019-08-11T07:39:49.226" />
  <attribute name="elasticGC enabled" value="1" />
  <attribute name= "numThreadsSpecified" value="16" />
  <attribute name="heapSize specified" value="-91291648" />
  <attribute name="Current GC Util" value="5" />
  <attribute name= "Current Time Running" value="80063" />
  <attribute name ="GC Interval" value="200" />
  <attribute name="ProportionalT" value="-37.500000" />
  <attribute name="ProportionalI" value="-37.500000" />
  <attribute name="ProportionalH" value="-37.500000" />
  <attribute name="Current Error" value="-75.000000" />
  <attribute name="IntegralT" value="-2212.500000" />
  <attribute name="IntegralI" value="-2212.500000" />
  <attribute name="IntegralH" value="-2212.500000" />
  <attribute name="DerivativeT" value="-1.271186" />
  <attribute name="DerivativeI" value="-1.271186" />
  <attribute name="DerivativeH" value="-1.271186" />
  <attribute name="Loop Time for DT" value="59.000000" />
  <attribute name="Output H" value="4203675648"/>
  <attribute name="Output I" value="200"/>
  <attribute name="Output T" value="16"/>
  <attribute name="Target GC Util Change" value ="80.000000" />
  <attribute name="Current GC Util Change" value="5.000000"/>
  <attribute name="GC Util currently" value="5" />
  <attribute name="CPU Util currently" value="19316989343" />
<allocation-satisfied id="5478" threadId="0000000000880F00" bytesRequested="24" />
<af-end id="5479" timestamp="2019-08-11T07:39:49.226" threadId="0000000000881888" success="true" from="nursery"/>
<exclusive-end id="5480" timestamp="2019-08-11T07:39:49.226" durationms="1.723" />

<exclusive-start id="5481" timestamp="2019-08-11T07:39:49.294" intervalms="69.593">
  <response-info timems="0.019" idlems="0.019" threads="0" lastid="0000000000880F00" lastname="main" />
</exclusive-start>
<af-start id="5482" threadId="0000000000881888" totalBytesRequested="16" timestamp="2019-08-11T07:39:49.294" intervalms="69.588" type="nursery" />
<cycle-start id="5483" type="scavenge" contextid="0" timestamp="2019-08-11T07:39:49.294" intervalms="69.569" />
<gc-start id="5484" type="scavenge" contextid="5483" timestamp="2019-08-11T07:39:49.294">
  <mem-info id="5485" free="3965533192" total="4145545216" percent="95">
    <mem type="nursery" free="0" total="154140672" percent="0">
      <mem type="allocate" free="0" total="138674176" percent="0" />
      <mem type="survivor" free="0" total="15466496" percent="0" />
    </mem>
    <mem type="tenure" free="3965533192" total="3991404544" percent="99">
      <mem type="soa" free="3765992456" total="3791835136" percent="99" />
      <mem type="loa" free="199540736" total="199569408" percent="99" />
    </mem>
    <remembered-set count="120" />
  </mem-info>
</gc-start>
<allocation-stats totalBytes="138539824" >
  <allocated-bytes non-tlh="24" tlh="138539800" />
  <largest-consumer threadName="main" threadId="0000000000880F00" bytes="138539824" />
</allocation-stats>
<gc-op id="5486" type="scavenge" timems="0.862" contextid="5483" timestamp="2019-08-11T07:39:49.295">
  <scavenger-info tenureage="3" tenuremask="ffe8" tiltratio="89" />
  <memory-copied type="nursery" objects="80" bytes="2768" bytesdiscarded="69424" />
  <references type="weak" candidates="37" cleared="7" enqueued="3" />
</gc-op>
<gc-end id="5487" type="scavenge" contextid="5483" durationms="1.167" usertimems="1.846" systemtimems="0.000" timestamp="2019-08-11T07:39:49.295" activeThreads="16">
  <mem-info id="5488" free="4104135176" total="4145545216" percent="99">
    <mem type="nursery" free="138601984" total="154140672" percent="89">
      <mem type="allocate" free="138601984" total="138674176" percent="99" />
      <mem type="survivor" free="0" total="15466496" percent="0" />
    </mem>
    <mem type="tenure" free="3965533192" total="3991404544" percent="99" macro-fragmented="0">
      <mem type="soa" free="3765992456" total="3791835136" percent="99" />
      <mem type="loa" free="199540736" total="199569408" percent="99" />
    </mem>
    <pending-finalizers system="0" default="0" reference="3" classloader="0" />
    <remembered-set count="120" />
  </mem-info>
</gc-end>
<cycle-end id="5489" type="scavenge" contextid="5483" timestamp="2019-08-11T07:39:49.295" />
  <attribute name="elasticGC enabled" value="1" />
  <attribute name= "numThreadsSpecified" value="16" />
  <attribute name="heapSize specified" value="-91291648" />
  <attribute name="Current GC Util" value="3" />
  <attribute name= "Current Time Running" value="80133" />
  <attribute name ="GC Interval" value="200" />
  <attribute name="ProportionalT" value="-38.500000" />
  <attribute name="ProportionalI" value="-38.500000" />
  <attribute name="ProportionalH" value="-38.500000" />
  <attribute name="Current Error" value="-77.000000" />
  <attribute name="IntegralT" value="-2695.000000" />
  <attribute name="IntegralI" value="-2695.000000" />
  <attribute name="IntegralH" value="-2695.000000" />
  <attribute name="DerivativeT" value="-1.100000" />
  <attribute name="DerivativeI" value="-1.100000" />
  <attribute name="DerivativeH" value="-1.100000" />
  <attribute name="Loop Time for DT" value="70.000000" />
  <attribute name="Output H" value="4203675648"/>
  <attribute name="Output I" value="200"/>
  <attribute name="Output T" value="16"/>
  <attribute name="Target GC Util Change" value ="80.000000" />
  <attribute name="Current GC Util Change" value="3.000000"/>
  <attribute name="GC Util currently" value="3" />
  <attribute name="CPU Util currently" value="16568932616" />
<allocation-satisfied id="5490" threadId="0000000000880F00" bytesRequested="16" />
<af-end id="5491" timestamp="2019-08-11T07:39:49.295" threadId="0000000000881888" success="true" from="nursery"/>
<exclusive-end id="5492" timestamp="2019-08-11T07:39:49.295" durationms="1.417" />

<exclusive-start id="5493" timestamp="2019-08-11T07:39:49.321" intervalms="27.690">
  <response-info timems="0.014" idlems="0.014" threads="0" lastid="0000000000880F00" lastname="main" />
</exclusive-start>
<af-start id="5494" threadId="0000000000881888" totalBytesRequested="288" timestamp="2019-08-11T07:39:49.321" intervalms="27.707" type="nursery" />
<cycle-start id="5495" type="scavenge" contextid="0" timestamp="2019-08-11T07:39:49.321" intervalms="27.706" />
<gc-start id="5496" type="scavenge" contextid="5495" timestamp="2019-08-11T07:39:49.322">
  <mem-info id="5497" free="3965533192" total="4145545216" percent="95">
    <mem type="nursery" free="0" total="154140672" percent="0">
      <mem type="allocate" free="0" total="138674176" percent="0" />
      <mem type="survivor" free="0" total="15466496" percent="0" />
    </mem>
    <mem type="tenure" free="3965533192" total="3991404544" percent="99">
      <mem type="soa" free="3765992456" total="3791835136" percent="99" />
      <mem type="loa" free="199540736" total="199569408" percent="99" />
    </mem>
    <remembered-set count="121" />
  </mem-info>
</gc-start>
<allocation-stats totalBytes="138532072" >
  <allocated-bytes non-tlh="16" tlh="138532056" />
  <largest-consumer threadName="main" threadId="0000000000880F00" bytes="138532072" />
</allocation-stats>
<gc-op id="5498" type="scavenge" timems="1.598" contextid="5495" timestamp="2019-08-11T07:39:49.323">
  <scavenger-info tenureage="3" tenuremask="fff8" tiltratio="89" />
  <memory-copied type="nursery" objects="78" bytes="2544" bytesdiscarded="78096" />
  <references type="weak" candidates="30" cleared="0" enqueued="0" />
</gc-op>
<gc-end id="5499" type="scavenge" contextid="5495" durationms="1.874" usertimems="3.071" systemtimems="0.000" timestamp="2019-08-11T07:39:49.323" activeThreads="16">
  <mem-info id="5500" free="4104126728" total="4145545216" percent="99">
    <mem type="nursery" free="138593536" total="154140672" percent="89">
      <mem type="allocate" free="138593536" total="138674176" percent="99" />
      <mem type="survivor" free="0" total="15466496" percent="0" />
    </mem>
    <mem type="tenure" free="3965533192" total="3991404544" percent="99" macro-fragmented="0">
      <mem type="soa" free="3765992456" total="3791835136" percent="99" />
      <mem type="loa" free="199540736" total="199569408" percent="99" />
    </mem>
    <remembered-set count="121" />
  </mem-info>
</gc-end>
<cycle-end id="5501" type="scavenge" contextid="5495" timestamp="2019-08-11T07:39:49.323" />
  <attribute name="elasticGC enabled" value="1" />
  <attribute name= "numThreadsSpecified" value="16" />
  <attribute name="heapSize specified" value="-91291648" />
  <attribute name="Current GC Util" value="7" />
  <attribute name= "Current Time Running" value="80161" />
  <attribute name ="GC Interval" value="200" />
  <attribute name="ProportionalT" value="-36.500000" />
  <attribute name="ProportionalI" value="-36.500000" />
  <attribute name="ProportionalH" value="-36.500000" />
  <attribute name="Current Error" value="-73.000000" />
  <attribute name="IntegralT" value="-1022.000000" />
  <attribute name="IntegralI" value="-1022.000000" />
  <attribute name="IntegralH" value="-1022.000000" />
  <attribute name="DerivativeT" value="-2.607143" />
  <attribute name="DerivativeI" value="-2.607143" />
  <attribute name="DerivativeH" value="-2.607143" />
  <attribute name="Loop Time for DT" value="28.000000" />
  <attribute name="Output H" value="4203675648"/>
  <attribute name="Output I" value="200"/>
  <attribute name="Output T" value="16"/>
  <attribute name="Target GC Util Change" value ="80.000000" />
  <attribute name="Current GC Util Change" value="7.000000"/>
  <attribute name="GC Util currently" value="7" />
  <attribute name="CPU Util currently" value="41658968352" />
<allocation-satisfied id="5502" threadId="0000000000880F00" bytesRequested="288" />
<af-end id="5503" timestamp="2019-08-11T07:39:49.323" threadId="0000000000881888" success="true" from="nursery"/>
<exclusive-end id="5504" timestamp="2019-08-11T07:39:49.323" durationms="2.107" />

<exclusive-start id="5505" timestamp="2019-08-11T07:39:49.358" intervalms="36.629">
  <response-info timems="0.017" idlems="0.017" threads="0" lastid="0000000000880F00" lastname="main" />
</exclusive-start>
<af-start id="5506" threadId="0000000000881888" totalBytesRequested="136" timestamp="2019-08-11T07:39:49.358" intervalms="36.612" type="nursery" />
<cycle-start id="5507" type="scavenge" contextid="0" timestamp="2019-08-11T07:39:49.358" intervalms="36.631" />
<gc-start id="5508" type="scavenge" contextid="5507" timestamp="2019-08-11T07:39:49.358">
  <mem-info id="5509" free="3965533192" total="4145545216" percent="95">
    <mem type="nursery" free="0" total="154140672" percent="0">
      <mem type="allocate" free="0" total="138674176" percent="0" />
      <mem type="survivor" free="0" total="15466496" percent="0" />
    </mem>
    <mem type="tenure" free="3965533192" total="3991404544" percent="99">
      <mem type="soa" free="3765992456" total="3791835136" percent="99" />
      <mem type="loa" free="199540736" total="199569408" percent="99" />
    </mem>
    <remembered-set count="125" />
  </mem-info>
</gc-start>
<allocation-stats totalBytes="138498584" >
  <allocated-bytes non-tlh="288" tlh="138498296" />
  <largest-consumer threadName="main" threadId="0000000000880F00" bytes="138498584" />
</allocation-stats>
<gc-op id="5510" type="scavenge" timems="1.008" contextid="5507" timestamp="2019-08-11T07:39:49.359">
  <scavenger-info tenureage="3" tenuremask="fff8" tiltratio="89" />
  <memory-copied type="nursery" objects="49" bytes="1712" bytesdiscarded="30544" />
  <memory-copied type="tenure" objects="53" bytes="1528" bytesdiscarded="568" />
  <references type="weak" candidates="2" cleared="0" enqueued="0" />
</gc-op>
<gc-end id="5511" type="scavenge" contextid="5507" durationms="1.283" usertimems="2.542" systemtimems="0.000" timestamp="2019-08-11T07:39:49.359" activeThreads="16">
  <mem-info id="5512" free="4104175112" total="4145545216" percent="99">
    <mem type="nursery" free="138641920" total="154140672" percent="89">
      <mem type="allocate" free="138641920" total="138674176" percent="99" />
      <mem type="survivor" free="0" total="15466496" percent="0" />
    </mem>
    <mem type="tenure" free="3965533192" total="3991404544" percent="99" macro-fragmented="0">
      <mem type="soa" free="3765992456" total="3791835136" percent="99" />
      <mem type="loa" free="199540736" total="199569408" percent="99" />
    </mem>
    <remembered-set count="117" />
  </mem-info>
</gc-end>
<cycle-end id="5513" type="scavenge" contextid="5507" timestamp="2019-08-11T07:39:49.359" />
  <attribute name="elasticGC enabled" value="1" />
  <attribute name= "numThreadsSpecified" value="16" />
  <attribute name="heapSize specified" value="-91291648" />
  <attribute name="Current GC Util" value="8" />
  <attribute name= "Current Time Running" value="80197" />
  <attribute name ="GC Interval" value="200" />
  <attribute name="ProportionalT" value="-36.000000" />
  <attribute name="ProportionalI" value="-36.000000" />
  <attribute name="ProportionalH" value="-36.000000" />
  <attribute name="Current Error" value="-72.000000" />
  <attribute name="IntegralT" value="-1296.000000" />
  <attribute name="IntegralI" value="-1296.000000" />
  <attribute name="IntegralH" value="-1296.000000" />
  <attribute name="DerivativeT" value="-2.000000" />
  <attribute name="DerivativeI" value="-2.000000" />
  <attribute name="DerivativeH" value="-2.000000" />
  <attribute name="Loop Time for DT" value="36.000000" />
  <attribute name="Output H" value="4203675648"/>
  <attribute name="Output I" value="200"/>
  <attribute name="Output T" value="16"/>
  <attribute name="Target GC Util Change" value ="80.000000" />
  <attribute name="Current GC Util Change" value="8.000000"/>
  <attribute name="GC Util currently" value="8" />
  <attribute name="CPU Util currently" value="31466197846" />
<allocation-satisfied id="5514" threadId="0000000000880F00" bytesRequested="136" />
<af-end id="5515" timestamp="2019-08-11T07:39:49.360" threadId="0000000000881888" success="true" from="nursery"/>
<exclusive-end id="5516" timestamp="2019-08-11T07:39:49.360" durationms="1.526" />

<exclusive-start id="5517" timestamp="2019-08-11T07:39:49.725" intervalms="366.540">
  <response-info timems="0.017" idlems="0.017" threads="0" lastid="0000000000880F00" lastname="main" />
</exclusive-start>
<af-start id="5518" threadId="0000000000881888" totalBytesRequested="80" timestamp="2019-08-11T07:39:49.725" intervalms="366.538" type="nursery" />
<cycle-start id="5519" type="scavenge" contextid="0" timestamp="2019-08-11T07:39:49.725" intervalms="366.539" />
<gc-start id="5520" type="scavenge" contextid="5519" timestamp="2019-08-11T07:39:49.725">
  <mem-info id="5521" free="3965533192" total="4145545216" percent="95">
    <mem type="nursery" free="0" total="154140672" percent="0">
      <mem type="allocate" free="0" total="138674176" percent="0" />
      <mem type="survivor" free="0" total="15466496" percent="0" />
    </mem>
    <mem type="tenure" free="3965533192" total="3991404544" percent="99">
      <mem type="soa" free="3765992456" total="3791835136" percent="99" />
      <mem type="loa" free="199540736" total="199569408" percent="99" />
    </mem>
    <remembered-set count="141" />
  </mem-info>
</gc-start>
<allocation-stats totalBytes="138623584" >
  <allocated-bytes non-tlh="136" tlh="138623448" />
  <largest-consumer threadName="main" threadId="0000000000880F00" bytes="138623584" />
</allocation-stats>
<gc-op id="5522" type="scavenge" timems="0.894" contextid="5519" timestamp="2019-08-11T07:39:49.726">
  <scavenger-info tenureage="5" tenuremask="ffe0" tiltratio="89" />
  <memory-copied type="nursery" objects="97" bytes="2576" bytesdiscarded="29680" />
  <references type="weak" candidates="2" cleared="0" enqueued="0" />
</gc-op>
<gc-end id="5523" type="scavenge" contextid="5519" durationms="1.207" usertimems="2.011" systemtimems="0.000" timestamp="2019-08-11T07:39:49.726" activeThreads="16">
  <mem-info id="5524" free="4104175112" total="4145545216" percent="99">
    <mem type="nursery" free="138641920" total="154140672" percent="89">
      <mem type="allocate" free="138641920" total="138674176" percent="99" />
      <mem type="survivor" free="0" total="15466496" percent="0" />
    </mem>
    <mem type="tenure" free="3965533192" total="3991404544" percent="99" macro-fragmented="0">
      <mem type="soa" free="3765992456" total="3791835136" percent="99" />
      <mem type="loa" free="199540736" total="199569408" percent="99" />
    </mem>
    <remembered-set count="141" />
  </mem-info>
</gc-end>
<cycle-end id="5525" type="scavenge" contextid="5519" timestamp="2019-08-11T07:39:49.726" />
  <attribute name="elasticGC enabled" value="1" />
  <attribute name= "numThreadsSpecified" value="16" />
  <attribute name="heapSize specified" value="-91291648" />
  <attribute name="Current GC Util" value="0" />
  <attribute name= "Current Time Running" value="80564" />
  <attribute name ="GC Interval" value="200" />
  <attribute name="ProportionalT" value="-40.000000" />
  <attribute name="ProportionalI" value="-40.000000" />
  <attribute name="ProportionalH" value="-40.000000" />
  <attribute name="Current Error" value="-80.000000" />
  <attribute name="IntegralT" value="-14680.000000" />
  <attribute name="IntegralI" value="-14680.000000" />
  <attribute name="IntegralH" value="-14680.000000" />
  <attribute name="DerivativeT" value="-0.217984" />
  <attribute name="DerivativeI" value="-0.217984" />
  <attribute name="DerivativeH" value="-0.217984" />
  <attribute name="Loop Time for DT" value="367.000000" />
  <attribute name="Output H" value="4203675648"/>
  <attribute name="Output I" value="200"/>
  <attribute name="Output T" value="16"/>
  <attribute name="Target GC Util Change" value ="80.000000" />
  <attribute name="Current GC Util Change" value="0.000000"/>
  <attribute name="GC Util currently" value="0" />
  <attribute name="CPU Util currently" value="3145243044" />
<allocation-satisfied id="5526" threadId="0000000000880F00" bytesRequested="80" />
<af-end id="5527" timestamp="2019-08-11T07:39:49.726" threadId="0000000000881888" success="true" from="nursery"/>
<exclusive-end id="5528" timestamp="2019-08-11T07:39:49.726" durationms="1.427" />

<exclusive-start id="5529" timestamp="2019-08-11T07:39:49.846" intervalms="121.823">
  <response-info timems="0.013" idlems="0.013" threads="0" lastid="0000000000880F00" lastname="main" />
</exclusive-start>
<af-start id="5530" threadId="0000000000881888" totalBytesRequested="32" timestamp="2019-08-11T07:39:49.846" intervalms="121.822" type="nursery" />
<cycle-start id="5531" type="scavenge" contextid="0" timestamp="2019-08-11T07:39:49.846" intervalms="121.802" />
<gc-start id="5532" type="scavenge" contextid="5531" timestamp="2019-08-11T07:39:49.846">
  <mem-info id="5533" free="3965533192" total="4145545216" percent="95">
    <mem type="nursery" free="0" total="154140672" percent="0">
      <mem type="allocate" free="0" total="138674176" percent="0" />
      <mem type="survivor" free="0" total="15466496" percent="0" />
    </mem>
    <mem type="tenure" free="3965533192" total="3991404544" percent="99">
      <mem type="soa" free="3765992456" total="3791835136" percent="99" />
      <mem type="loa" free="199540736" total="199569408" percent="99" />
    </mem>
    <remembered-set count="147" />
  </mem-info>
</gc-start>
<allocation-stats totalBytes="138611184" >
  <allocated-bytes non-tlh="80" tlh="138611104" />
  <largest-consumer threadName="main" threadId="0000000000880F00" bytes="138611184" />
</allocation-stats>
<gc-op id="5534" type="scavenge" timems="1.384" contextid="5531" timestamp="2019-08-11T07:39:49.848">
  <scavenger-info tenureage="3" tenuremask="fff8" tiltratio="89" />
  <memory-copied type="nursery" objects="114" bytes="3032" bytesdiscarded="29224" />
  <memory-copied type="tenure" objects="8" bytes="208" bytesdiscarded="0" />
</gc-op>
<gc-end id="5535" type="scavenge" contextid="5531" durationms="1.667" usertimems="2.502" systemtimems="0.000" timestamp="2019-08-11T07:39:49.848" activeThreads="16">
  <mem-info id="5536" free="4104151304" total="4145545216" percent="99">
    <mem type="nursery" free="138641920" total="154140672" percent="89">
      <mem type="allocate" free="138641920" total="138674176" percent="99" />
      <mem type="survivor" free="0" total="15466496" percent="0" />
    </mem>
    <mem type="tenure" free="3965509384" total="3991404544" percent="99" macro-fragmented="0">
      <mem type="soa" free="3765968648" total="3791835136" percent="99" />
      <mem type="loa" free="199540736" total="199569408" percent="99" />
    </mem>
    <remembered-set count="144" />
  </mem-info>
</gc-end>
<cycle-end id="5537" type="scavenge" contextid="5531" timestamp="2019-08-11T07:39:49.848" />
  <attribute name="elasticGC enabled" value="1" />
  <attribute name= "numThreadsSpecified" value="16" />
  <attribute name="heapSize specified" value="-91291648" />
  <attribute name="Current GC Util" value="1" />
  <attribute name= "Current Time Running" value="80686" />
  <attribute name ="GC Interval" value="200" />
  <attribute name="ProportionalT" value="-39.500000" />
  <attribute name="ProportionalI" value="-39.500000" />
  <attribute name="ProportionalH" value="-39.500000" />
  <attribute name="Current Error" value="-79.000000" />
  <attribute name="IntegralT" value="-4819.000000" />
  <attribute name="IntegralI" value="-4819.000000" />
  <attribute name="IntegralH" value="-4819.000000" />
  <attribute name="DerivativeT" value="-0.647541" />
  <attribute name="DerivativeI" value="-0.647541" />
  <attribute name="DerivativeH" value="-0.647541" />
  <attribute name="Loop Time for DT" value="122.000000" />
  <attribute name="Output H" value="4203675648"/>
  <attribute name="Output I" value="200"/>
  <attribute name="Output T" value="16"/>
  <attribute name="Target GC Util Change" value ="80.000000" />
  <attribute name="Current GC Util Change" value="1.000000"/>
  <attribute name="GC Util currently" value="1" />
  <attribute name="CPU Util currently" value="9465610599" />
<allocation-satisfied id="5538" threadId="0000000000880F00" bytesRequested="32" />
<af-end id="5539" timestamp="2019-08-11T07:39:49.848" threadId="0000000000881888" success="true" from="nursery"/>
<exclusive-end id="5540" timestamp="2019-08-11T07:39:49.848" durationms="1.998" />

<exclusive-start id="5541" timestamp="2019-08-11T07:39:49.997" intervalms="150.152">
  <response-info timems="0.015" idlems="0.015" threads="0" lastid="0000000000880F00" lastname="main" />
</exclusive-start>
<af-start id="5542" threadId="0000000000881888" totalBytesRequested="24" timestamp="2019-08-11T07:39:49.997" intervalms="150.152" type="nursery" />
<cycle-start id="5543" type="scavenge" contextid="0" timestamp="2019-08-11T07:39:49.997" intervalms="150.153" />
<gc-start id="5544" type="scavenge" contextid="5543" timestamp="2019-08-11T07:39:49.997">
  <mem-info id="5545" free="3965509384" total="4145545216" percent="95">
    <mem type="nursery" free="0" total="154140672" percent="0">
      <mem type="allocate" free="0" total="138674176" percent="0" />
      <mem type="survivor" free="0" total="15466496" percent="0" />
    </mem>
    <mem type="tenure" free="3965509384" total="3991404544" percent="99">
      <mem type="soa" free="3765968648" total="3791835136" percent="99" />
      <mem type="loa" free="199540736" total="199569408" percent="99" />
    </mem>
    <remembered-set count="154" />
  </mem-info>
</gc-start>
<allocation-stats totalBytes="138628720" >
  <allocated-bytes non-tlh="32" tlh="138628688" />
  <largest-consumer threadName="main" threadId="0000000000880F00" bytes="138628720" />
</allocation-stats>
<gc-op id="5546" type="scavenge" timems="0.699" contextid="5543" timestamp="2019-08-11T07:39:49.997">
  <scavenger-info tenureage="3" tenuremask="ffd8" tiltratio="89" />
  <memory-copied type="nursery" objects="126" bytes="3272" bytesdiscarded="28984" />
  <memory-copied type="tenure" objects="12" bytes="288" bytesdiscarded="0" />
</gc-op>
<gc-end id="5547" type="scavenge" contextid="5543" durationms="0.981" usertimems="1.591" systemtimems="0.000" timestamp="2019-08-11T07:39:49.998" activeThreads="16">
  <mem-info id="5548" free="4104151304" total="4145545216" percent="99">
    <mem type="nursery" free="138641920" total="154140672" percent="89">
      <mem type="allocate" free="138641920" total="138674176" percent="99" />
      <mem type="survivor" free="0" total="15466496" percent="0" />
    </mem>
    <mem type="tenure" free="3965509384" total="3991404544" percent="99" macro-fragmented="0">
      <mem type="soa" free="3765968648" total="3791835136" percent="99" />
      <mem type="loa" free="199540736" total="199569408" percent="99" />
    </mem>
    <remembered-set count="150" />
  </mem-info>
</gc-end>
<cycle-end id="5549" type="scavenge" contextid="5543" timestamp="2019-08-11T07:39:49.998" />
  <attribute name="elasticGC enabled" value="1" />
  <attribute name= "numThreadsSpecified" value="16" />
  <attribute name="heapSize specified" value="-91291648" />
  <attribute name="Current GC Util" value="1" />
  <attribute name= "Current Time Running" value="80836" />
  <attribute name ="GC Interval" value="200" />
  <attribute name="ProportionalT" value="-39.500000" />
  <attribute name="ProportionalI" value="-39.500000" />
  <attribute name="ProportionalH" value="-39.500000" />
  <attribute name="Current Error" value="-79.000000" />
  <attribute name="IntegralT" value="-5925.000000" />
  <attribute name="IntegralI" value="-5925.000000" />
  <attribute name="IntegralH" value="-5925.000000" />
  <attribute name="DerivativeT" value="-0.526667" />
  <attribute name="DerivativeI" value="-0.526667" />
  <attribute name="DerivativeH" value="-0.526667" />
  <attribute name="Loop Time for DT" value="150.000000" />
  <attribute name="Output H" value="4203675648"/>
  <attribute name="Output I" value="200"/>
  <attribute name="Output T" value="16"/>
  <attribute name="Target GC Util Change" value ="80.000000" />
  <attribute name="Current GC Util Change" value="1.000000"/>
  <attribute name="GC Util currently" value="1" />
  <attribute name="CPU Util currently" value="7679231036" />
<allocation-satisfied id="5550" threadId="0000000000880F00" bytesRequested="24" />
<af-end id="5551" timestamp="2019-08-11T07:39:49.998" threadId="0000000000881888" success="true" from="nursery"/>
<exclusive-end id="5552" timestamp="2019-08-11T07:39:49.998" durationms="1.209" />

<exclusive-start id="5553" timestamp="2019-08-11T07:39:50.178" intervalms="181.361">
  <response-info timems="0.019" idlems="0.019" threads="0" lastid="0000000000880F00" lastname="main" />
</exclusive-start>
<af-start id="5554" threadId="0000000000881888" totalBytesRequested="32" timestamp="2019-08-11T07:39:50.178" intervalms="181.373" type="nursery" />
<cycle-start id="5555" type="scavenge" contextid="0" timestamp="2019-08-11T07:39:50.178" intervalms="181.399" />
<gc-start id="5556" type="scavenge" contextid="5555" timestamp="2019-08-11T07:39:50.178">
  <mem-info id="5557" free="3965509384" total="4145545216" percent="95">
    <mem type="nursery" free="0" total="154140672" percent="0">
      <mem type="allocate" free="0" total="138674176" percent="0" />
      <mem type="survivor" free="0" total="15466496" percent="0" />
    </mem>
    <mem type="tenure" free="3965509384" total="3991404544" percent="99">
      <mem type="soa" free="3765968648" total="3791835136" percent="99" />
      <mem type="loa" free="199540736" total="199569408" percent="99" />
    </mem>
    <remembered-set count="162" />
  </mem-info>
</gc-start>
<allocation-stats totalBytes="138632152" >
  <allocated-bytes non-tlh="24" tlh="138632128" />
  <largest-consumer threadName="main" threadId="0000000000880F00" bytes="138632152" />
</allocation-stats>
<gc-op id="5558" type="scavenge" timems="1.035" contextid="5555" timestamp="2019-08-11T07:39:50.179">
  <scavenger-info tenureage="3" tenuremask="ffe8" tiltratio="89" />
  <memory-copied type="nursery" objects="106" bytes="2776" bytesdiscarded="29480" />
  <memory-copied type="tenure" objects="64" bytes="1608" bytesdiscarded="0" />
</gc-op>
<gc-end id="5559" type="scavenge" contextid="5555" durationms="1.300" usertimems="2.166" systemtimems="0.000" timestamp="2019-08-11T07:39:50.179" activeThreads="16">
  <mem-info id="5560" free="4104151304" total="4145545216" percent="99">
    <mem type="nursery" free="138641920" total="154140672" percent="89">
      <mem type="allocate" free="138641920" total="138674176" percent="99" />
      <mem type="survivor" free="0" total="15466496" percent="0" />
    </mem>
    <mem type="tenure" free="3965509384" total="3991404544" percent="99" macro-fragmented="0">
      <mem type="soa" free="3765968648" total="3791835136" percent="99" />
      <mem type="loa" free="199540736" total="199569408" percent="99" />
    </mem>
    <remembered-set count="139" />
  </mem-info>
</gc-end>
<cycle-end id="5561" type="scavenge" contextid="5555" timestamp="2019-08-11T07:39:50.179" />
  <attribute name="elasticGC enabled" value="1" />
  <attribute name= "numThreadsSpecified" value="16" />
  <attribute name="heapSize specified" value="-91291648" />
  <attribute name="Current GC Util" value="0" />
  <attribute name= "Current Time Running" value="81017" />
  <attribute name ="GC Interval" value="200" />
  <attribute name="ProportionalT" value="-40.000000" />
  <attribute name="ProportionalI" value="-40.000000" />
  <attribute name="ProportionalH" value="-40.000000" />
  <attribute name="Current Error" value="-80.000000" />
  <attribute name="IntegralT" value="-7240.000000" />
  <attribute name="IntegralI" value="-7240.000000" />
  <attribute name="IntegralH" value="-7240.000000" />
  <attribute name="DerivativeT" value="-0.441989" />
  <attribute name="DerivativeI" value="-0.441989" />
  <attribute name="DerivativeH" value="-0.441989" />
  <attribute name="Loop Time for DT" value="181.000000" />
  <attribute name="Output H" value="4203675648"/>
  <attribute name="Output I" value="200"/>
  <attribute name="Output T" value="16"/>
  <attribute name="Target GC Util Change" value ="80.000000" />
  <attribute name="Current GC Util Change" value="0.000000"/>
  <attribute name="GC Util currently" value="0" />
  <attribute name="CPU Util currently" value="6355956875" />
<allocation-satisfied id="5562" threadId="0000000000880F00" bytesRequested="32" />
<af-end id="5563" timestamp="2019-08-11T07:39:50.179" threadId="0000000000881888" success="true" from="nursery"/>
<exclusive-end id="5564" timestamp="2019-08-11T07:39:50.179" durationms="1.547" />

<exclusive-start id="5565" timestamp="2019-08-11T07:39:50.363" intervalms="185.058">
  <response-info timems="0.015" idlems="0.015" threads="0" lastid="0000000000880F00" lastname="main" />
</exclusive-start>
<af-start id="5566" threadId="0000000000881888" totalBytesRequested="32" timestamp="2019-08-11T07:39:50.363" intervalms="185.052" type="nursery" />
<cycle-start id="5567" type="scavenge" contextid="0" timestamp="2019-08-11T07:39:50.363" intervalms="185.029" />
<gc-start id="5568" type="scavenge" contextid="5567" timestamp="2019-08-11T07:39:50.363">
  <mem-info id="5569" free="3965509384" total="4145545216" percent="95">
    <mem type="nursery" free="0" total="154140672" percent="0">
      <mem type="allocate" free="0" total="138674176" percent="0" />
      <mem type="survivor" free="0" total="15466496" percent="0" />
    </mem>
    <mem type="tenure" free="3965509384" total="3991404544" percent="99">
      <mem type="soa" free="3765968648" total="3791835136" percent="99" />
      <mem type="loa" free="199540736" total="199569408" percent="99" />
    </mem>
    <remembered-set count="148" />
  </mem-info>
</gc-start>
<allocation-stats totalBytes="138596416" >
  <allocated-bytes non-tlh="32" tlh="138596384" />
  <largest-consumer threadName="main" threadId="0000000000880F00" bytes="138596416" />
</allocation-stats>
<gc-op id="5570" type="scavenge" timems="1.158" contextid="5567" timestamp="2019-08-11T07:39:50.364">
  <scavenger-info tenureage="3" tenuremask="ffe8" tiltratio="89" />
  <memory-copied type="nursery" objects="111" bytes="2840" bytesdiscarded="53224" />
  <memory-copied type="tenure" objects="19" bytes="480" bytesdiscarded="0" />
  <references type="weak" candidates="2" cleared="0" enqueued="0" />
</gc-op>
<gc-end id="5571" type="scavenge" contextid="5567" durationms="1.440" usertimems="2.570" systemtimems="0.000" timestamp="2019-08-11T07:39:50.364" activeThreads="16">
  <mem-info id="5572" free="4104127496" total="4145545216" percent="99">
    <mem type="nursery" free="138618112" total="154140672" percent="89">
      <mem type="allocate" free="138618112" total="138674176" percent="99" />
      <mem type="survivor" free="0" total="15466496" percent="0" />
    </mem>
    <mem type="tenure" free="3965509384" total="3991404544" percent="99" macro-fragmented="0">
      <mem type="soa" free="3765968648" total="3791835136" percent="99" />
      <mem type="loa" free="199540736" total="199569408" percent="99" />
    </mem>
    <remembered-set count="141" />
  </mem-info>
</gc-end>
<cycle-end id="5573" type="scavenge" contextid="5567" timestamp="2019-08-11T07:39:50.365" />
  <attribute name="elasticGC enabled" value="1" />
  <attribute name= "numThreadsSpecified" value="16" />
  <attribute name="heapSize specified" value="-91291648" />
  <attribute name="Current GC Util" value="1" />
  <attribute name= "Current Time Running" value="81202" />
  <attribute name ="GC Interval" value="200" />
  <attribute name="ProportionalT" value="-39.500000" />
  <attribute name="ProportionalI" value="-39.500000" />
  <attribute name="ProportionalH" value="-39.500000" />
  <attribute name="Current Error" value="-79.000000" />
  <attribute name="IntegralT" value="-7307.500000" />
  <attribute name="IntegralI" value="-7307.500000" />
  <attribute name="IntegralH" value="-7307.500000" />
  <attribute name="DerivativeT" value="-0.427027" />
  <attribute name="DerivativeI" value="-0.427027" />
  <attribute name="DerivativeH" value="-0.427027" />
  <attribute name="Loop Time for DT" value="185.000000" />
  <attribute name="Output H" value="4203675648"/>
  <attribute name="Output I" value="200"/>
  <attribute name="Output T" value="16"/>
  <attribute name="Target GC Util Change" value ="80.000000" />
  <attribute name="Current GC Util Change" value="1.000000"/>
  <attribute name="GC Util currently" value="1" />
  <attribute name="CPU Util currently" value="6230666778" />
<allocation-satisfied id="5574" threadId="0000000000880F00" bytesRequested="32" />
<af-end id="5575" timestamp="2019-08-11T07:39:50.365" threadId="0000000000881888" success="true" from="nursery"/>
<exclusive-end id="5576" timestamp="2019-08-11T07:39:50.365" durationms="1.658" />

<exclusive-start id="5577" timestamp="2019-08-11T07:39:50.398" intervalms="35.528">
  <response-info timems="0.020" idlems="0.020" threads="0" lastid="0000000000880F00" lastname="main" />
</exclusive-start>
<af-start id="5578" threadId="0000000000881888" totalBytesRequested="544" timestamp="2019-08-11T07:39:50.399" intervalms="35.528" type="nursery" />
<cycle-start id="5579" type="scavenge" contextid="0" timestamp="2019-08-11T07:39:50.399" intervalms="35.528" />
<gc-start id="5580" type="scavenge" contextid="5579" timestamp="2019-08-11T07:39:50.399">
  <mem-info id="5581" free="3965509384" total="4145545216" percent="95">
    <mem type="nursery" free="0" total="154140672" percent="0">
      <mem type="allocate" free="0" total="138674176" percent="0" />
      <mem type="survivor" free="0" total="15466496" percent="0" />
    </mem>
    <mem type="tenure" free="3965509384" total="3991404544" percent="99">
      <mem type="soa" free="3765968648" total="3791835136" percent="99" />
      <mem type="loa" free="199540736" total="199569408" percent="99" />
    </mem>
    <remembered-set count="143" />
  </mem-info>
</gc-start>
<allocation-stats totalBytes="138400496" >
  <allocated-bytes non-tlh="32" tlh="138400464" />
  <largest-consumer threadName="main" threadId="0000000000880F00" bytes="138400496" />
</allocation-stats>
<gc-op id="5582" type="scavenge" timems="2.984" contextid="5579" timestamp="2019-08-11T07:39:50.402">
  <scavenger-info tenureage="3" tenuremask="ffe8" tiltratio="89" />
  <memory-copied type="nursery" objects="86" bytes="2784" bytesdiscarded="45600" />
  <memory-copied type="tenure" objects="30" bytes="720" bytesdiscarded="0" />
  <references type="weak" candidates="2" cleared="0" enqueued="0" />
</gc-op>
<heap-resize id="5583" type="expand" space="nursery" amount="5505024" count="1" timems="0.033" reason="excessive time being spent scavenging" timestamp="2019-08-11T07:39:50.402" />
<gc-end id="5584" type="scavenge" contextid="5579" durationms="3.136" usertimems="7.229" systemtimems="0.000" timestamp="2019-08-11T07:39:50.402" activeThreads="16">
  <mem-info id="5585" free="4109050376" total="4151050240" percent="98">
    <mem type="nursery" free="143540992" total="159645696" percent="89">
      <mem type="allocate" free="143540992" total="143589376" percent="99" />
      <mem type="survivor" free="0" total="16056320" percent="0" />
    </mem>
    <mem type="tenure" free="3965509384" total="3991404544" percent="99" macro-fragmented="0">
      <mem type="soa" free="3765968648" total="3791835136" percent="99" />
      <mem type="loa" free="199540736" total="199569408" percent="99" />
    </mem>
    <remembered-set count="133" />
  </mem-info>
</gc-end>
<cycle-end id="5586" type="scavenge" contextid="5579" timestamp="2019-08-11T07:39:50.402" />
  <attribute name="elasticGC enabled" value="1" />
  <attribute name= "numThreadsSpecified" value="16" />
  <attribute name="heapSize specified" value="-91291648" />
  <attribute name="Current GC Util" value="7" />
  <attribute name= "Current Time Running" value="81238" />
  <attribute name ="GC Interval" value="200" />
  <attribute name="ProportionalT" value="-36.500000" />
  <attribute name="ProportionalI" value="-36.500000" />
  <attribute name="ProportionalH" value="-36.500000" />
  <attribute name="Current Error" value="-73.000000" />
  <attribute name="IntegralT" value="-1314.000000" />
  <attribute name="IntegralI" value="-1314.000000" />
  <attribute name="IntegralH" value="-1314.000000" />
  <attribute name="DerivativeT" value="-2.027778" />
  <attribute name="DerivativeI" value="-2.027778" />
  <attribute name="DerivativeH" value="-2.027778" />
  <attribute name="Loop Time for DT" value="36.000000" />
  <attribute name="Output H" value="4203675648"/>
  <attribute name="Output I" value="200"/>
  <attribute name="Output T" value="16"/>
  <attribute name="Target GC Util Change" value ="80.000000" />
  <attribute name="Current GC Util Change" value="7.000000"/>
  <attribute name="GC Util currently" value="7" />
  <attribute name="CPU Util currently" value="32397033404" />
<allocation-satisfied id="5587" threadId="0000000000880F00" bytesRequested="544" />
<af-end id="5588" timestamp="2019-08-11T07:39:50.402" threadId="0000000000881888" success="true" from="nursery"/>
<exclusive-end id="5589" timestamp="2019-08-11T07:39:50.402" durationms="3.388" />

<exclusive-start id="5590" timestamp="2019-08-11T07:39:50.503" intervalms="104.142">
  <response-info timems="0.015" idlems="0.015" threads="0" lastid="0000000000880F00" lastname="main" />
</exclusive-start>
<af-start id="5591" threadId="0000000000881888" totalBytesRequested="112" timestamp="2019-08-11T07:39:50.503" intervalms="104.136" type="nursery" />
<cycle-start id="5592" type="scavenge" contextid="0" timestamp="2019-08-11T07:39:50.503" intervalms="104.132" />
<gc-start id="5593" type="scavenge" contextid="5592" timestamp="2019-08-11T07:39:50.503">
  <mem-info id="5594" free="3965509384" total="4151050240" percent="95">
    <mem type="nursery" free="0" total="159645696" percent="0">
      <mem type="allocate" free="0" total="143589376" percent="0" />
      <mem type="survivor" free="0" total="16056320" percent="0" />
    </mem>
    <mem type="tenure" free="3965509384" total="3991404544" percent="99">
      <mem type="soa" free="3765968648" total="3791835136" percent="99" />
      <mem type="loa" free="199540736" total="199569408" percent="99" />
    </mem>
    <remembered-set count="139" />
  </mem-info>
</gc-start>
<allocation-stats totalBytes="143323976" >
  <allocated-bytes non-tlh="544" tlh="143323432" />
  <largest-consumer threadName="main" threadId="0000000000880F00" bytes="143323976" />
</allocation-stats>
<gc-op id="5595" type="scavenge" timems="2.613" contextid="5592" timestamp="2019-08-11T07:39:50.505">
  <scavenger-info tenureage="3" tenuremask="ffe8" tiltratio="89" />
  <memory-copied type="nursery" objects="73" bytes="2592" bytesdiscarded="61152" />
  <memory-copied type="tenure" objects="36" bytes="864" bytesdiscarded="0" />
  <references type="weak" candidates="2" cleared="0" enqueued="0" />
</gc-op>
<gc-end id="5596" type="scavenge" contextid="5592" durationms="2.704" usertimems="3.720" systemtimems="0.000" timestamp="2019-08-11T07:39:50.505" activeThreads="16">
  <mem-info id="5597" free="4109100552" total="4151050240" percent="98">
    <mem type="nursery" free="143591168" total="159645696" percent="89">
      <mem type="allocate" free="143591168" total="143654912" percent="99" />
      <mem type="survivor" free="0" total="15990784" percent="0" />
    </mem>
    <mem type="tenure" free="3965509384" total="3991404544" percent="99" macro-fragmented="0">
      <mem type="soa" free="3765968648" total="3791835136" percent="99" />
      <mem type="loa" free="199540736" total="199569408" percent="99" />
    </mem>
    <remembered-set count="127" />
  </mem-info>
</gc-end>
<cycle-end id="5598" type="scavenge" contextid="5592" timestamp="2019-08-11T07:39:50.505" />
  <attribute name="elasticGC enabled" value="1" />
  <attribute name= "numThreadsSpecified" value="16" />
  <attribute name="heapSize specified" value="-91291648" />
  <attribute name="Current GC Util" value="7" />
  <attribute name= "Current Time Running" value="81342" />
  <attribute name ="GC Interval" value="200" />
  <attribute name="ProportionalT" value="-36.500000" />
  <attribute name="ProportionalI" value="-36.500000" />
  <attribute name="ProportionalH" value="-36.500000" />
  <attribute name="Current Error" value="-73.000000" />
  <attribute name="IntegralT" value="-3796.000000" />
  <attribute name="IntegralI" value="-3796.000000" />
  <attribute name="IntegralH" value="-3796.000000" />
  <attribute name="DerivativeT" value="-0.701923" />
  <attribute name="DerivativeI" value="-0.701923" />
  <attribute name="DerivativeH" value="-0.701923" />
  <attribute name="Loop Time for DT" value="104.000000" />
  <attribute name="Output H" value="4203675648"/>
  <attribute name="Output I" value="200"/>
  <attribute name="Output T" value="16"/>
  <attribute name="Target GC Util Change" value ="80.000000" />
  <attribute name="Current GC Util Change" value="7.000000"/>
  <attribute name="GC Util currently" value="7" />
  <attribute name="CPU Util currently" value="11078942625" />
<allocation-satisfied id="5599" threadId="0000000000880F00" bytesRequested="112" />
<af-end id="5600" timestamp="2019-08-11T07:39:50.506" threadId="0000000000881888" success="true" from="nursery"/>
<exclusive-end id="5601" timestamp="2019-08-11T07:39:50.506" durationms="2.925" />

<exclusive-start id="5602" timestamp="2019-08-11T07:39:50.634" intervalms="131.064">
  <response-info timems="0.019" idlems="0.019" threads="0" lastid="0000000000880F00" lastname="main" />
</exclusive-start>
<af-start id="5603" threadId="0000000000881888" totalBytesRequested="32" timestamp="2019-08-11T07:39:50.634" intervalms="131.080" type="nursery" />
<cycle-start id="5604" type="scavenge" contextid="0" timestamp="2019-08-11T07:39:50.634" intervalms="131.083" />
<gc-start id="5605" type="scavenge" contextid="5604" timestamp="2019-08-11T07:39:50.634">
  <mem-info id="5606" free="3965509384" total="4151050240" percent="95">
    <mem type="nursery" free="0" total="159645696" percent="0">
      <mem type="allocate" free="0" total="143654912" percent="0" />
      <mem type="survivor" free="0" total="15990784" percent="0" />
    </mem>
    <mem type="tenure" free="3965509384" total="3991404544" percent="99">
      <mem type="soa" free="3765968648" total="3791835136" percent="99" />
      <mem type="loa" free="199540736" total="199569408" percent="99" />
    </mem>
    <remembered-set count="131" />
  </mem-info>
</gc-start>
<allocation-stats totalBytes="143443864" >
  <allocated-bytes non-tlh="112" tlh="143443752" />
  <largest-consumer threadName="main" threadId="0000000000880F00" bytes="143443864" />
</allocation-stats>
<gc-op id="5607" type="scavenge" timems="1.195" contextid="5604" timestamp="2019-08-11T07:39:50.635">
  <scavenger-info tenureage="3" tenuremask="ffe8" tiltratio="89" />
  <memory-copied type="nursery" objects="55" bytes="1488" bytesdiscarded="30768" />
  <memory-copied type="tenure" objects="26" bytes="640" bytesdiscarded="0" />
</gc-op>
<gc-end id="5608" type="scavenge" contextid="5604" durationms="1.280" usertimems="2.801" systemtimems="0.000" timestamp="2019-08-11T07:39:50.635" activeThreads="16">
  <mem-info id="5609" free="4109132040" total="4151050240" percent="98">
    <mem type="nursery" free="143622656" total="159645696" percent="89">
      <mem type="allocate" free="143622656" total="143654912" percent="99" />
      <mem type="survivor" free="0" total="15990784" percent="0" />
    </mem>
    <mem type="tenure" free="3965509384" total="3991404544" percent="99" macro-fragmented="0">
      <mem type="soa" free="3765968648" total="3791835136" percent="99" />
      <mem type="loa" free="199540736" total="199569408" percent="99" />
    </mem>
    <remembered-set count="122" />
  </mem-info>
</gc-end>
<cycle-end id="5610" type="scavenge" contextid="5604" timestamp="2019-08-11T07:39:50.635" />
  <attribute name="elasticGC enabled" value="1" />
  <attribute name= "numThreadsSpecified" value="16" />
  <attribute name="heapSize specified" value="-91291648" />
  <attribute name="Current GC Util" value="2" />
  <attribute name= "Current Time Running" value="81473" />
  <attribute name ="GC Interval" value="200" />
  <attribute name="ProportionalT" value="-39.000000" />
  <attribute name="ProportionalI" value="-39.000000" />
  <attribute name="ProportionalH" value="-39.000000" />
  <attribute name="Current Error" value="-78.000000" />
  <attribute name="IntegralT" value="-5109.000000" />
  <attribute name="IntegralI" value="-5109.000000" />
  <attribute name="IntegralH" value="-5109.000000" />
  <attribute name="DerivativeT" value="-0.595420" />
  <attribute name="DerivativeI" value="-0.595420" />
  <attribute name="DerivativeH" value="-0.595420" />
  <attribute name="Loop Time for DT" value="131.000000" />
  <attribute name="Output H" value="4203675648"/>
  <attribute name="Output I" value="200"/>
  <attribute name="Output T" value="16"/>
  <attribute name="Target GC Util Change" value ="80.000000" />
  <attribute name="Current GC Util Change" value="2.000000"/>
  <attribute name="GC Util currently" value="2" />
  <attribute name="CPU Util currently" value="8793692744" />
<allocation-satisfied id="5611" threadId="0000000000880F00" bytesRequested="32" />
<af-end id="5612" timestamp="2019-08-11T07:39:50.635" threadId="0000000000881888" success="true" from="nursery"/>
<exclusive-end id="5613" timestamp="2019-08-11T07:39:50.635" durationms="1.551" />

<exclusive-start id="5614" timestamp="2019-08-11T07:39:50.911" intervalms="277.305">
  <response-info timems="0.021" idlems="0.021" threads="0" lastid="0000000000880F00" lastname="main" />
</exclusive-start>
<af-start id="5615" threadId="0000000000881888" totalBytesRequested="80" timestamp="2019-08-11T07:39:50.911" intervalms="277.293" type="nursery" />
<cycle-start id="5616" type="scavenge" contextid="0" timestamp="2019-08-11T07:39:50.911" intervalms="277.292" />
<gc-start id="5617" type="scavenge" contextid="5616" timestamp="2019-08-11T07:39:50.911">
  <mem-info id="5618" free="3965509384" total="4151050240" percent="95">
    <mem type="nursery" free="0" total="159645696" percent="0">
      <mem type="allocate" free="0" total="143654912" percent="0" />
      <mem type="survivor" free="0" total="15990784" percent="0" />
    </mem>
    <mem type="tenure" free="3965509384" total="3991404544" percent="99">
      <mem type="soa" free="3765968648" total="3791835136" percent="99" />
      <mem type="loa" free="199540736" total="199569408" percent="99" />
    </mem>
    <remembered-set count="124" />
  </mem-info>
</gc-start>
<allocation-stats totalBytes="143597920" >
  <allocated-bytes non-tlh="32" tlh="143597888" />
  <largest-consumer threadName="main" threadId="0000000000880F00" bytes="143597920" />
</allocation-stats>
<gc-op id="5619" type="scavenge" timems="1.004" contextid="5616" timestamp="2019-08-11T07:39:50.912">
  <scavenger-info tenureage="3" tenuremask="ffe8" tiltratio="89" />
  <memory-copied type="nursery" objects="55" bytes="1632" bytesdiscarded="30624" />
  <memory-copied type="tenure" objects="6" bytes="144" bytesdiscarded="0" />
</gc-op>
<gc-end id="5620" type="scavenge" contextid="5616" durationms="1.137" usertimems="2.131" systemtimems="0.000" timestamp="2019-08-11T07:39:50.912" activeThreads="16">
  <mem-info id="5621" free="4109132040" total="4151050240" percent="98">
    <mem type="nursery" free="143622656" total="159645696" percent="89">
      <mem type="allocate" free="143622656" total="143654912" percent="99" />
      <mem type="survivor" free="0" total="15990784" percent="0" />
    </mem>
    <mem type="tenure" free="3965509384" total="3991404544" percent="99" macro-fragmented="0">
      <mem type="soa" free="3765968648" total="3791835136" percent="99" />
      <mem type="loa" free="199540736" total="199569408" percent="99" />
    </mem>
    <remembered-set count="122" />
  </mem-info>
</gc-end>
<cycle-end id="5622" type="scavenge" contextid="5616" timestamp="2019-08-11T07:39:50.912" />
  <attribute name="elasticGC enabled" value="1" />
  <attribute name= "numThreadsSpecified" value="16" />
  <attribute name="heapSize specified" value="-91291648" />
  <attribute name="Current GC Util" value="1" />
  <attribute name= "Current Time Running" value="81750" />
  <attribute name ="GC Interval" value="200" />
  <attribute name="ProportionalT" value="-39.500000" />
  <attribute name="ProportionalI" value="-39.500000" />
  <attribute name="ProportionalH" value="-39.500000" />
  <attribute name="Current Error" value="-79.000000" />
  <attribute name="IntegralT" value="-10941.500000" />
  <attribute name="IntegralI" value="-10941.500000" />
  <attribute name="IntegralH" value="-10941.500000" />
  <attribute name="DerivativeT" value="-0.285199" />
  <attribute name="DerivativeI" value="-0.285199" />
  <attribute name="DerivativeH" value="-0.285199" />
  <attribute name="Loop Time for DT" value="277.000000" />
  <attribute name="Output H" value="4203675648"/>
  <attribute name="Output I" value="200"/>
  <attribute name="Output T" value="16"/>
  <attribute name="Target GC Util Change" value ="80.000000" />
  <attribute name="Current GC Util Change" value="1.000000"/>
  <attribute name="GC Util currently" value="1" />
  <attribute name="CPU Util currently" value="4157378544" />
<allocation-satisfied id="5623" threadId="0000000000880F00" bytesRequested="80" />
<af-end id="5624" timestamp="2019-08-11T07:39:50.912" threadId="0000000000881888" success="true" from="nursery"/>
<exclusive-end id="5625" timestamp="2019-08-11T07:39:50.912" durationms="1.447" />

<exclusive-start id="5626" timestamp="2019-08-11T07:39:51.083" intervalms="172.315">
  <response-info timems="1.109" idlems="1.109" threads="0" lastid="0000000000880F00" lastname="main" />
</exclusive-start>
<af-start id="5627" threadId="0000000000881888" totalBytesRequested="64" timestamp="2019-08-11T07:39:51.083" intervalms="172.321" type="nursery" />
<cycle-start id="5628" type="scavenge" contextid="0" timestamp="2019-08-11T07:39:51.083" intervalms="172.325" />
<gc-start id="5629" type="scavenge" contextid="5628" timestamp="2019-08-11T07:39:51.083">
  <mem-info id="5630" free="3965509384" total="4151050240" percent="95">
    <mem type="nursery" free="0" total="159645696" percent="0">
      <mem type="allocate" free="0" total="143654912" percent="0" />
      <mem type="survivor" free="0" total="15990784" percent="0" />
    </mem>
    <mem type="tenure" free="3965509384" total="3991404544" percent="99">
      <mem type="soa" free="3765968648" total="3791835136" percent="99" />
      <mem type="loa" free="199540736" total="199569408" percent="99" />
    </mem>
    <remembered-set count="124" />
  </mem-info>
</gc-start>
<allocation-stats totalBytes="143507824" >
  <allocated-bytes non-tlh="80" tlh="143507744" />
  <largest-consumer threadName="main" threadId="0000000000880F00" bytes="143507824" />
</allocation-stats>
<gc-op id="5631" type="scavenge" timems="1.209" contextid="5628" timestamp="2019-08-11T07:39:51.085">
  <scavenger-info tenureage="3" tenuremask="ffe8" tiltratio="89" />
  <memory-copied type="nursery" objects="43" bytes="1760" bytesdiscarded="30496" />
  <memory-copied type="tenure" objects="18" bytes="432" bytesdiscarded="0" />
</gc-op>
<gc-end id="5632" type="scavenge" contextid="5628" durationms="1.728" usertimems="2.485" systemtimems="0.000" timestamp="2019-08-11T07:39:51.085" activeThreads="16">
  <mem-info id="5633" free="4109132040" total="4151050240" percent="98">
    <mem type="nursery" free="143622656" total="159645696" percent="89">
      <mem type="allocate" free="143622656" total="143654912" percent="99" />
      <mem type="survivor" free="0" total="15990784" percent="0" />
    </mem>
    <mem type="tenure" free="3965509384" total="3991404544" percent="99" macro-fragmented="0">
      <mem type="soa" free="3765968648" total="3791835136" percent="99" />
      <mem type="loa" free="199540736" total="199569408" percent="99" />
    </mem>
    <remembered-set count="118" />
  </mem-info>
</gc-end>
<cycle-end id="5634" type="scavenge" contextid="5628" timestamp="2019-08-11T07:39:51.085" />
  <attribute name="elasticGC enabled" value="1" />
  <attribute name= "numThreadsSpecified" value="16" />
  <attribute name="heapSize specified" value="-91291648" />
  <attribute name="Current GC Util" value="1" />
  <attribute name= "Current Time Running" value="81923" />
  <attribute name ="GC Interval" value="200" />
  <attribute name="ProportionalT" value="-39.500000" />
  <attribute name="ProportionalI" value="-39.500000" />
  <attribute name="ProportionalH" value="-39.500000" />
  <attribute name="Current Error" value="-79.000000" />
  <attribute name="IntegralT" value="-6833.500000" />
  <attribute name="IntegralI" value="-6833.500000" />
  <attribute name="IntegralH" value="-6833.500000" />
  <attribute name="DerivativeT" value="-0.456647" />
  <attribute name="DerivativeI" value="-0.456647" />
  <attribute name="DerivativeH" value="-0.456647" />
  <attribute name="Loop Time for DT" value="173.000000" />
  <attribute name="Output H" value="4203675648"/>
  <attribute name="Output I" value="200"/>
  <attribute name="Output T" value="16"/>
  <attribute name="Target GC Util Change" value ="80.000000" />
  <attribute name="Current GC Util Change" value="1.000000"/>
  <attribute name="GC Util currently" value="1" />
  <attribute name="CPU Util currently" value="6675475713" />
<allocation-satisfied id="5635" threadId="0000000000880F00" bytesRequested="64" />
<af-end id="5636" timestamp="2019-08-11T07:39:51.085" threadId="0000000000881888" success="true" from="nursery"/>
<exclusive-end id="5637" timestamp="2019-08-11T07:39:51.085" durationms="1.951" />

* Round 4 done in 2.281 seconds.

-------------------------------------------------------------------------------
Benchmark: 2019-08-11 07:39:30
-------------------------------------------------------------------------------

    Rounds: 4
    Warp:   10
    Timer:  time.time

Test                             minimum  average  operation  overhead
-------------------------------------------------------------------------------
          BuiltinFunctionCalls:     14ms     48ms    0.09us    0.000ms
           BuiltinMethodLookup:     44ms    104ms    0.10us    0.000ms
                 CompareFloats:     15ms    107ms    0.09us    0.000ms
         CompareFloatsIntegers:     20ms     94ms    0.10us    0.000ms
               CompareIntegers:     23ms     66ms    0.04us    0.000ms
        CompareInternedStrings:     36ms    136ms    0.09us    0.000ms
                  CompareLongs:     17ms     53ms    0.05us    0.000ms
                CompareStrings:     27ms     68ms    0.07us    0.000ms
                CompareUnicode:     22ms     54ms    0.07us    0.000ms
                 ConcatStrings:     72ms    129ms    0.26us    0.000ms
                 ConcatUnicode:     50ms     91ms    0.30us    0.000ms
               CreateInstances:     37ms    104ms    0.93us    0.000ms
            CreateNewInstances:     54ms    103ms    1.22us    0.000ms
       CreateStringsWithConcat:     46ms     89ms    0.09us    0.000ms
       CreateUnicodeWithConcat:     19ms    127ms    0.32us    0.000ms
                  DictCreation:     29ms     82ms    0.20us    0.000ms
             DictWithFloatKeys:     15ms    110ms    0.12us    0.000ms
           DictWithIntegerKeys:     19ms     55ms    0.05us    0.000ms
            DictWithStringKeys:     20ms     58ms    0.05us    0.000ms
                      ForLoops:    102ms    137ms    5.50us    0.000ms
                    IfThenElse:     22ms     91ms    0.07us    0.000ms
                   ListSlicing:      7ms     18ms    1.29us    0.000ms
                NestedForLoops:     84ms    147ms    0.10us    0.000ms
          NormalClassAttribute:     25ms     66ms    0.05us    0.000ms
       NormalInstanceAttribute:     24ms     65ms    0.05us    0.000ms
           PythonFunctionCalls:     27ms     85ms    0.26us    0.000ms
             PythonMethodCalls:     32ms     78ms    0.34us    0.000ms
                     Recursion:     40ms    135ms    2.70us    0.000ms
                  SecondImport:     33ms     91ms    0.91us    0.000ms
           SecondPackageImport:     34ms     46ms    0.46us    0.000ms
         SecondSubmoduleImport:     54ms     72ms    0.72us    0.000ms
       SimpleComplexArithmetic:     14ms     71ms    0.08us    0.000ms
        SimpleDictManipulation:     26ms    124ms    0.10us    0.000ms
         SimpleFloatArithmetic:     22ms    116ms    0.09us    0.000ms
      SimpleIntFloatArithmetic:     20ms    121ms    0.09us    0.000ms
       SimpleIntegerArithmetic:     20ms     81ms    0.06us    0.000ms
        SimpleListManipulation:     40ms    128ms    0.11us    0.000ms
          SimpleLongArithmetic:     21ms     75ms    0.11us    0.000ms
                    SmallLists:     44ms     77ms    0.11us    0.000ms
                   SmallTuples:     45ms    114ms    0.21us    0.000ms
         SpecialClassAttribute:     25ms     73ms    0.06us    0.000ms
      SpecialInstanceAttribute:     24ms     66ms    0.06us    0.000ms
                StringMappings:     67ms    195ms    0.77us    0.000ms
              StringPredicates:     43ms    116ms    0.17us    0.000ms
                 StringSlicing:     31ms     56ms    0.10us    0.000ms
                     TryExcept:      3ms     24ms    0.01us    0.000ms
                TryRaiseExcept:     80ms    111ms    1.73us    0.000ms
                  TupleSlicing:     20ms     33ms    0.12us    0.000ms
               UnicodeMappings:     93ms    137ms    3.81us    0.000ms
             UnicodePredicates:     52ms     96ms    0.18us    0.000ms
             UnicodeProperties:    346ms    475ms    1.19us    0.000ms
                UnicodeSlicing:     32ms     60ms    0.12us    0.000ms
-------------------------------------------------------------------------------
Totals:                           2131ms   5057ms

===== DaCapo 9.12-MR1 jython PASSED in 22835 msec =====
<exclusive-start id="5638" timestamp="2019-08-11T07:39:52.485" intervalms="1401.959">
  <response-info timems="0.090" idlems="0.090" threads="0" lastid="0000000000880F00" lastname="main" />
</exclusive-start>
<af-start id="5639" threadId="0000000000881888" totalBytesRequested="26744" timestamp="2019-08-11T07:39:52.485" intervalms="1401.959" type="nursery" />
<cycle-start id="5640" type="scavenge" contextid="0" timestamp="2019-08-11T07:39:52.485" intervalms="1401.963" />
<gc-start id="5641" type="scavenge" contextid="5640" timestamp="2019-08-11T07:39:52.485">
  <mem-info id="5642" free="3965472288" total="4151050240" percent="95">
    <mem type="nursery" free="0" total="159645696" percent="0">
      <mem type="allocate" free="0" total="143654912" percent="0" />
      <mem type="survivor" free="0" total="15990784" percent="0" />
    </mem>
    <mem type="tenure" free="3965472288" total="3991404544" percent="99">
      <mem type="soa" free="3765931552" total="3791835136" percent="99" />
      <mem type="loa" free="199540736" total="199569408" percent="99" />
    </mem>
    <remembered-set count="662" />
  </mem-info>
</gc-start>
<allocation-stats totalBytes="139515696" >
  <allocated-bytes non-tlh="205296" tlh="139310400" />
  <largest-consumer threadName="main" threadId="0000000000880F00" bytes="139515696" />
</allocation-stats>
<gc-op id="5643" type="scavenge" timems="2.451" contextid="5640" timestamp="2019-08-11T07:39:52.488">
  <scavenger-info tenureage="3" tenuremask="ffe8" tiltratio="89" />
  <memory-copied type="nursery" objects="3988" bytes="599184" bytesdiscarded="102160" />
  <memory-copied type="tenure" objects="12" bytes="288" bytesdiscarded="0" />
  <finalization candidates="1" enqueued="1" />
  <ownableSynchronizers candidates="3" cleared="3" />
  <references type="soft" candidates="7" cleared="0" enqueued="0" dynamicThreshold="31" maxThreshold="32" />
  <references type="weak" candidates="77" cleared="62" enqueued="60" />
  <references type="phantom" candidates="38" cleared="11" enqueued="11" />
</gc-op>
<gc-end id="5644" type="scavenge" contextid="5640" durationms="2.786" usertimems="7.044" systemtimems="0.000" timestamp="2019-08-11T07:39:52.488" activeThreads="16">
  <mem-info id="5645" free="4108425728" total="4151050240" percent="98">
    <mem type="nursery" free="142953440" total="159645696" percent="89">
      <mem type="allocate" free="142953440" total="143654912" percent="99" />
      <mem type="survivor" free="0" total="15990784" percent="0" />
    </mem>
    <mem type="tenure" free="3965472288" total="3991404544" percent="99" macro-fragmented="0">
      <mem type="soa" free="3765931552" total="3791835136" percent="99" />
      <mem type="loa" free="199540736" total="199569408" percent="99" />
    </mem>
    <pending-finalizers system="1" default="0" reference="71" classloader="0" />
    <remembered-set count="647" />
  </mem-info>
</gc-end>
<cycle-end id="5646" type="scavenge" contextid="5640" timestamp="2019-08-11T07:39:52.488" />
  <attribute name="elasticGC enabled" value="1" />
  <attribute name= "numThreadsSpecified" value="16" />
  <attribute name="heapSize specified" value="-91291648" />
  <attribute name="Current GC Util" value="0" />
  <attribute name= "Current Time Running" value="83325" />
  <attribute name ="GC Interval" value="200" />
  <attribute name="ProportionalT" value="-40.000000" />
  <attribute name="ProportionalI" value="-40.000000" />
  <attribute name="ProportionalH" value="-40.000000" />
  <attribute name="Current Error" value="-80.000000" />
  <attribute name="IntegralT" value="-56080.000000" />
  <attribute name="IntegralI" value="-56080.000000" />
  <attribute name="IntegralH" value="-56080.000000" />
  <attribute name="DerivativeT" value="-0.057061" />
  <attribute name="DerivativeI" value="-0.057061" />
  <attribute name="DerivativeH" value="-0.057061" />
  <attribute name="Loop Time for DT" value="1402.000000" />
  <attribute name="Output H" value="4203675648"/>
  <attribute name="Output I" value="200"/>
  <attribute name="Output T" value="16"/>
  <attribute name="Target GC Util Change" value ="80.000000" />
  <attribute name="Current GC Util Change" value="0.000000"/>
  <attribute name="GC Util currently" value="0" />
  <attribute name="CPU Util currently" value="822597742" />
<allocation-satisfied id="5647" threadId="0000000000880F00" bytesRequested="26744" />
<af-end id="5648" timestamp="2019-08-11T07:39:52.488" threadId="0000000000881888" success="true" from="nursery"/>
<exclusive-end id="5649" timestamp="2019-08-11T07:39:52.488" durationms="3.200" />

<exclusive-start id="5650" timestamp="2019-08-11T07:39:52.500" intervalms="15.199">
  <response-info timems="0.113" idlems="0.113" threads="0" lastid="0000000000880F00" lastname="main" />
</exclusive-start>
<af-start id="5651" threadId="0000000000881888" totalBytesRequested="71912" timestamp="2019-08-11T07:39:52.500" intervalms="15.191" type="nursery" />
<cycle-start id="5652" type="scavenge" contextid="0" timestamp="2019-08-11T07:39:52.501" intervalms="15.183" />
<gc-start id="5653" type="scavenge" contextid="5652" timestamp="2019-08-11T07:39:52.501">
  <mem-info id="5654" free="3965540544" total="4151050240" percent="95">
    <mem type="nursery" free="68256" total="159645696" percent="0">
      <mem type="allocate" free="68256" total="143654912" percent="0" />
      <mem type="survivor" free="0" total="15990784" percent="0" />
    </mem>
    <mem type="tenure" free="3965472288" total="3991404544" percent="99">
      <mem type="soa" free="3765931552" total="3791835136" percent="99" />
      <mem type="loa" free="199540736" total="199569408" percent="99" />
    </mem>
    <remembered-set count="650" />
  </mem-info>
</gc-start>
<allocation-stats totalBytes="132384688" >
  <allocated-bytes non-tlh="67436864" tlh="64947824" />
  <largest-consumer threadName="main" threadId="0000000000880F00" bytes="132380592" />
</allocation-stats>
<gc-op id="5655" type="scavenge" timems="2.212" contextid="5652" timestamp="2019-08-11T07:39:52.503">
  <scavenger-info tenureage="3" tenuremask="ffe8" tiltratio="89" />
  <memory-copied type="nursery" objects="3758" bytes="625112" bytesdiscarded="87288" />
  <memory-copied type="tenure" objects="6" bytes="144" bytesdiscarded="0" />
  <references type="soft" candidates="7" cleared="0" enqueued="0" dynamicThreshold="31" maxThreshold="32" />
  <references type="weak" candidates="15" cleared="0" enqueued="0" />
  <references type="phantom" candidates="26" cleared="0" enqueued="0" />
</gc-op>
<heap-resize id="5656" type="expand" space="nursery" amount="10223616" count="1" timems="0.015" reason="excessive time being spent scavenging" timestamp="2019-08-11T07:39:52.503" />
<gc-end id="5657" type="scavenge" contextid="5652" durationms="2.527" usertimems="7.607" systemtimems="0.000" timestamp="2019-08-11T07:39:52.503" activeThreads="16">
  <mem-info id="5658" free="4117589712" total="4161273856" percent="98">
    <mem type="nursery" free="152117424" total="169869312" percent="89">
      <mem type="allocate" free="152117424" total="152829952" percent="99" />
      <mem type="survivor" free="0" total="17039360" percent="0" />
    </mem>
    <mem type="tenure" free="3965472288" total="3991404544" percent="99" macro-fragmented="0">
      <mem type="soa" free="3765931552" total="3791835136" percent="99" />
      <mem type="loa" free="199540736" total="199569408" percent="99" />
    </mem>
    <remembered-set count="617" />
  </mem-info>
</gc-end>
<cycle-end id="5659" type="scavenge" contextid="5652" timestamp="2019-08-11T07:39:52.503" />
  <attribute name="elasticGC enabled" value="1" />
  <attribute name= "numThreadsSpecified" value="16" />
  <attribute name="heapSize specified" value="-91291648" />
  <attribute name="Current GC Util" value="35" />
  <attribute name= "Current Time Running" value="83340" />
  <attribute name ="GC Interval" value="200" />
  <attribute name="ProportionalT" value="-22.500000" />
  <attribute name="ProportionalI" value="-22.500000" />
  <attribute name="ProportionalH" value="-22.500000" />
  <attribute name="Current Error" value="-45.000000" />
  <attribute name="IntegralT" value="-337.500000" />
  <attribute name="IntegralI" value="-337.500000" />
  <attribute name="IntegralH" value="-337.500000" />
  <attribute name="DerivativeT" value="-3.000000" />
  <attribute name="DerivativeI" value="-3.000000" />
  <attribute name="DerivativeH" value="-3.000000" />
  <attribute name="Loop Time for DT" value="15.000000" />
  <attribute name="Output H" value="4203675648"/>
  <attribute name="Output I" value="200"/>
  <attribute name="Output T" value="16"/>
  <attribute name="Target GC Util Change" value ="80.000000" />
  <attribute name="Current GC Util Change" value="35.000000"/>
  <attribute name="GC Util currently" value="35" />
  <attribute name="CPU Util currently" value="76049111471" />
<allocation-satisfied id="5660" threadId="0000000000880F00" bytesRequested="71912" />
<af-end id="5661" timestamp="2019-08-11T07:39:52.503" threadId="0000000000881888" success="true" from="nursery"/>
<exclusive-end id="5662" timestamp="2019-08-11T07:39:52.503" durationms="2.815" />

<exclusive-start id="5663" timestamp="2019-08-11T07:39:52.506" intervalms="5.465">
  <response-info timems="0.196" idlems="0.196" threads="0" lastid="0000000000880F00" lastname="main" />
</exclusive-start>
<sys-start reason="explicit" id="5664" timestamp="2019-08-11T07:39:52.506" intervalms="24259.150" />
<cycle-start id="5665" type="global" contextid="0" timestamp="2019-08-11T07:39:52.506" intervalms="24259.134" />
<gc-start id="5666" type="global" contextid="5665" timestamp="2019-08-11T07:39:52.506">
  <mem-info id="5667" free="4111060992" total="4161273856" percent="98">
    <mem type="nursery" free="145588704" total="169869312" percent="85">
      <mem type="allocate" free="145588704" total="152829952" percent="95" />
      <mem type="survivor" free="0" total="17039360" percent="0" />
    </mem>
    <mem type="tenure" free="3965472288" total="3991404544" percent="99">
      <mem type="soa" free="3765931552" total="3791835136" percent="99" />
      <mem type="loa" free="199540736" total="199569408" percent="99" />
    </mem>
    <remembered-set count="617" />
  </mem-info>
</gc-start>
<allocation-stats totalBytes="6528720" >
  <allocated-bytes non-tlh="6463184" tlh="65536" />
  <largest-consumer threadName="main" threadId="0000000000880F00" bytes="6528720" />
</allocation-stats>
<gc-op id="5668" type="mark" timems="18.256" contextid="5665" timestamp="2019-08-11T07:39:52.524">
  <trace-info objectcount="610946" scancount="530272" scanbytes="13717660" />
  <finalization candidates="81" enqueued="1" />
  <ownableSynchronizers candidates="21" cleared="0" />
  <references type="soft" candidates="4875" cleared="0" enqueued="0" dynamicThreshold="31" maxThreshold="32" />
  <references type="weak" candidates="5635" cleared="13" enqueued="8" />
  <references type="phantom" candidates="99" cleared="1" enqueued="1" />
  <stringconstants candidates="14288" cleared="32"  />
</gc-op>
<gc-op id="5669" type="classunload" timems="0.494" contextid="5665" timestamp="2019-08-11T07:39:52.525">
  <classunload-info classloadercandidates="60" classloadersunloaded="5" classesunloaded="5" anonymousclassesunloaded="0" quiescems="0.000" setupms="0.443" scanms="0.046" postms="0.005" />
</gc-op>
<gc-op id="5670" type="sweep" timems="4.040" contextid="5665" timestamp="2019-08-11T07:39:52.529" />
<mem-info id="5671" free="4125285392" total="4161273856" percent="99">
  <mem type="nursery" free="152376640" total="169869312" percent="89">
    <mem type="allocate" free="152376640" total="152829952" percent="99" />
    <mem type="survivor" free="0" total="17039360" percent="0" />
  </mem>
  <mem type="tenure" free="3972908752" total="3991404544" percent="99" micro-fragmented="128186" macro-fragmented="0">
    <mem type="soa" free="3773339344" total="3791835136" percent="99" />
    <mem type="loa" free="199569408" total="199569408" percent="100" />
  </mem>
  <pending-finalizers system="0" default="1" reference="9" classloader="0" />
  <remembered-set count="601" />
</mem-info>
<gc-op id="5672" type="compact" timems="67.563" contextid="5665" timestamp="2019-08-11T07:39:52.597">
  <compact-info movecount="602324" movebytes="18365984" reason="compact to aid heap contraction" />
</gc-op>
<heap-resize id="5673" type="contract" space="tenure" amount="199557120" count="1" timems="0.126" reason="heap reconfiguration" timestamp="2019-08-11T07:39:52.597" />
<gc-end id="5674" type="global" contextid="5665" durationms="91.496" usertimems="343.126" systemtimems="0.000" timestamp="2019-08-11T07:39:52.598" activeThreads="16">
  <mem-info id="5675" free="3925872272" total="3961716736" percent="99">
    <mem type="nursery" free="152378432" total="169869312" percent="89">
      <mem type="allocate" free="152378432" total="152829952" percent="99" />
      <mem type="survivor" free="0" total="17039360" percent="0" />
    </mem>
    <mem type="tenure" free="3773493840" total="3791847424" percent="99">
      <mem type="soa" free="3583914576" total="3602255872" percent="99" />
      <mem type="loa" free="189579264" total="189591552" percent="99" />
    </mem>
    <pending-finalizers system="0" default="1" reference="9" classloader="0" />
    <remembered-set count="601" />
  </mem-info>
</gc-end>
<cycle-end id="5676" type="global" contextid="5665" timestamp="2019-08-11T07:39:52.598" />
  <attribute name="elasticGC enabled" value="1" />
  <attribute name= "numThreadsSpecified" value="16" />
  <attribute name="heapSize specified" value="-133693440" />
  <attribute name="Current GC Util" value="347" />
  <attribute name= "Current Time Running" value="83436" />
  <attribute name ="GC Interval" value="200" />
  <attribute name="ProportionalT" value="133.500000" />
  <attribute name="ProportionalI" value="133.500000" />
  <attribute name="ProportionalH" value="133.500000" />
  <attribute name="Current Error" value="267.000000" />
  <attribute name="IntegralT" value="9078.000000" />
  <attribute name="IntegralI" value="9078.000000" />
  <attribute name="IntegralH" value="9078.000000" />
  <attribute name="DerivativeT" value="-2.779412" />
  <attribute name="DerivativeI" value="-2.779412" />
  <attribute name="DerivativeH" value="-2.779412" />
  <attribute name="Loop Time for DT" value="68.000000" />
  <attribute name="Output H" value="8388608"/>
  <attribute name="Output I" value="4000"/>
  <attribute name="Output T" value="16"/>
  <attribute name="Target GC Util Change" value ="80.000000" />
  <attribute name="Current GC Util Change" value="347.000000"/>
  <attribute name="GC Util currently" value="347" />
  <attribute name="CPU Util currently" value="17049047358" />
<sys-end id="5677" timestamp="2019-08-11T07:39:52.598" />
<exclusive-end id="5678" timestamp="2019-08-11T07:39:52.598" durationms="91.687" />

===== DaCapo 9.12-MR1 pmd starting =====
<exclusive-start id="5679" timestamp="2019-08-11T07:39:53.608" intervalms="1101.696">
  <response-info timems="0.127" idlems="0.049" threads="2" lastid="0000000000B6EF00" lastname="PmdThread 5" />
</exclusive-start>
<af-start id="5680" threadId="0000000000BA0388" totalBytesRequested="40" timestamp="2019-08-11T07:39:53.608" intervalms="1107.168" type="nursery" />
<cycle-start id="5681" type="scavenge" contextid="0" timestamp="2019-08-11T07:39:53.608" intervalms="1107.171" />
<gc-start id="5682" type="scavenge" contextid="5681" timestamp="2019-08-11T07:39:53.608">
  <mem-info id="5683" free="3773284776" total="3961716736" percent="95">
    <mem type="nursery" free="0" total="169869312" percent="0">
      <mem type="allocate" free="0" total="152829952" percent="0" />
      <mem type="survivor" free="0" total="17039360" percent="0" />
    </mem>
    <mem type="tenure" free="3773284776" total="3791847424" percent="99">
      <mem type="soa" free="3583705512" total="3602255872" percent="99" />
      <mem type="loa" free="189579264" total="189591552" percent="99" />
    </mem>
    <remembered-set count="3215" />
  </mem-info>
</gc-start>
<allocation-stats totalBytes="152483352" >
  <allocated-bytes non-tlh="616584" tlh="151866768" />
  <largest-consumer threadName="PmdThread 1" threadId="0000000000BB2500" bytes="12780528" />
</allocation-stats>
<gc-op id="5684" type="scavenge" timems="9.961" contextid="5681" timestamp="2019-08-11T07:39:53.618">
  <scavenger-info tenureage="3" tenuremask="ffe8" tiltratio="89" />
  <memory-copied type="nursery" objects="323677" bytes="14863856" bytesdiscarded="286176" />
  <finalization candidates="4" enqueued="0" />
  <ownableSynchronizers candidates="61" cleared="42" />
  <references type="soft" candidates="160" cleared="0" enqueued="0" dynamicThreshold="31" maxThreshold="32" />
  <references type="weak" candidates="2037" cleared="1626" enqueued="1558" />
  <references type="phantom" candidates="490" cleared="229" enqueued="229" />
</gc-op>
<gc-end id="5685" type="scavenge" contextid="5681" durationms="10.282" usertimems="66.686" systemtimems="0.000" timestamp="2019-08-11T07:39:53.618" activeThreads="16">
  <mem-info id="5686" free="3899857736" total="3961716736" percent="98">
    <mem type="nursery" free="126572960" total="169869312" percent="74">
      <mem type="allocate" free="126572960" total="141754368" percent="89" />
      <mem type="survivor" free="0" total="28114944" percent="0" />
    </mem>
    <mem type="tenure" free="3773284776" total="3791847424" percent="99" macro-fragmented="0">
      <mem type="soa" free="3583705512" total="3602255872" percent="99" />
      <mem type="loa" free="189579264" total="189591552" percent="99" />
    </mem>
    <pending-finalizers system="0" default="0" reference="1787" classloader="0" />
    <remembered-set count="2752" />
  </mem-info>
</gc-end>
<cycle-end id="5687" type="scavenge" contextid="5681" timestamp="2019-08-11T07:39:53.618" />
  <attribute name="elasticGC enabled" value="1" />
  <attribute name= "numThreadsSpecified" value="16" />
  <attribute name="heapSize specified" value="-133693440" />
  <attribute name="Current GC Util" value="2" />
  <attribute name= "Current Time Running" value="84447" />
  <attribute name ="GC Interval" value="200" />
  <attribute name="ProportionalT" value="-39.000000" />
  <attribute name="ProportionalI" value="-39.000000" />
  <attribute name="ProportionalH" value="-39.000000" />
  <attribute name="Current Error" value="-78.000000" />
  <attribute name="IntegralT" value="-39429.000000" />
  <attribute name="IntegralI" value="-39429.000000" />
  <attribute name="IntegralH" value="-39429.000000" />
  <attribute name="DerivativeT" value="-0.341246" />
  <attribute name="DerivativeI" value="-0.341246" />
  <attribute name="DerivativeH" value="-0.341246" />
  <attribute name="Loop Time for DT" value="1011.000000" />
  <attribute name="Output H" value="4203675648"/>
  <attribute name="Output I" value="200"/>
  <attribute name="Output T" value="16"/>
  <attribute name="Target GC Util Change" value ="80.000000" />
  <attribute name="Current GC Util Change" value="2.000000"/>
  <attribute name="GC Util currently" value="2" />
  <attribute name="CPU Util currently" value="27" />
<allocation-satisfied id="5688" threadId="0000000000B9FA00" bytesRequested="40" />
<af-end id="5689" timestamp="2019-08-11T07:39:53.618" threadId="0000000000BA0388" success="true" from="nursery"/>
<exclusive-end id="5690" timestamp="2019-08-11T07:39:53.618" durationms="10.554" />

<exclusive-start id="5691" timestamp="2019-08-11T07:39:53.991" intervalms="383.089">
  <response-info timems="3.822" idlems="1.914" threads="1" lastid="0000000000BA7200" lastname="PmdThread 4" />
</exclusive-start>
<af-start id="5692" threadId="0000000000B94F88" totalBytesRequested="24" timestamp="2019-08-11T07:39:53.991" intervalms="383.090" type="nursery" />
<cycle-start id="5693" type="scavenge" contextid="0" timestamp="2019-08-11T07:39:53.991" intervalms="383.104" />
<gc-start id="5694" type="scavenge" contextid="5693" timestamp="2019-08-11T07:39:53.991">
  <mem-info id="5695" free="3773261256" total="3961716736" percent="95">
    <mem type="nursery" free="0" total="169869312" percent="0">
      <mem type="allocate" free="0" total="141754368" percent="0" />
      <mem type="survivor" free="0" total="28114944" percent="0" />
    </mem>
    <mem type="tenure" free="3773261256" total="3791847424" percent="99">
      <mem type="soa" free="3583681992" total="3602255872" percent="99" />
      <mem type="loa" free="189579264" total="189591552" percent="99" />
    </mem>
    <remembered-set count="3027" />
  </mem-info>
</gc-start>
<allocation-stats totalBytes="126543248" >
  <allocated-bytes non-tlh="23560" tlh="126519688" />
  <largest-consumer threadName="PmdThread 5" threadId="0000000000B6EF00" bytes="22115392" />
</allocation-stats>
<gc-op id="5696" type="scavenge" timems="13.925" contextid="5693" timestamp="2019-08-11T07:39:54.005">
  <scavenger-info tenureage="5" tenuremask="ffe0" tiltratio="83" />
  <memory-copied type="nursery" objects="500406" bytes="21104016" bytesdiscarded="249528" />
  <finalization candidates="4" enqueued="0" />
  <ownableSynchronizers candidates="19" cleared="0" />
  <references type="soft" candidates="160" cleared="0" enqueued="0" dynamicThreshold="31" maxThreshold="32" />
  <references type="weak" candidates="1670" cleared="1257" enqueued="1256" />
  <references type="phantom" candidates="406" cleared="144" enqueued="144" />
</gc-op>
<gc-end id="5697" type="scavenge" contextid="5693" durationms="14.220" usertimems="89.592" systemtimems="0.000" timestamp="2019-08-11T07:39:54.005" activeThreads="16">
  <mem-info id="5698" free="3889797680" total="3961716736" percent="98">
    <mem type="nursery" free="116536424" total="169869312" percent="68">
      <mem type="allocate" free="116536424" total="137953280" percent="84" />
      <mem type="survivor" free="0" total="31916032" percent="0" />
    </mem>
    <mem type="tenure" free="3773261256" total="3791847424" percent="99" macro-fragmented="0">
      <mem type="soa" free="3583681992" total="3602255872" percent="99" />
      <mem type="loa" free="189579264" total="189591552" percent="99" />
    </mem>
    <pending-finalizers system="0" default="0" reference="1400" classloader="0" />
    <remembered-set count="3027" />
  </mem-info>
</gc-end>
<cycle-end id="5699" type="scavenge" contextid="5693" timestamp="2019-08-11T07:39:54.005" />
  <attribute name="elasticGC enabled" value="1" />
  <attribute name= "numThreadsSpecified" value="16" />
  <attribute name="heapSize specified" value="-133693440" />
  <attribute name="Current GC Util" value="17" />
  <attribute name= "Current Time Running" value="84830" />
  <attribute name ="GC Interval" value="200" />
  <attribute name="ProportionalT" value="-31.500000" />
  <attribute name="ProportionalI" value="-31.500000" />
  <attribute name="ProportionalH" value="-31.500000" />
  <attribute name="Current Error" value="-63.000000" />
  <attribute name="IntegralT" value="-12064.500000" />
  <attribute name="IntegralI" value="-12064.500000" />
  <attribute name="IntegralH" value="-12064.500000" />
  <attribute name="DerivativeT" value="-0.164491" />
  <attribute name="DerivativeI" value="-0.164491" />
  <attribute name="DerivativeH" value="-0.164491" />
  <attribute name="Loop Time for DT" value="383.000000" />
  <attribute name="Output H" value="4203675648"/>
  <attribute name="Output I" value="200"/>
  <attribute name="Output T" value="16"/>
  <attribute name="Target GC Util Change" value ="80.000000" />
  <attribute name="Current GC Util Change" value="17.000000"/>
  <attribute name="GC Util currently" value="17" />
  <attribute name="CPU Util currently" value="0" />
<allocation-satisfied id="5700" threadId="0000000000B94600" bytesRequested="24" />
<af-end id="5701" timestamp="2019-08-11T07:39:54.005" threadId="0000000000B94F88" success="true" from="nursery"/>
<exclusive-end id="5702" timestamp="2019-08-11T07:39:54.005" durationms="14.791" />

<exclusive-start id="5703" timestamp="2019-08-11T07:39:54.322" intervalms="330.872">
  <response-info timems="21.443" idlems="21.443" threads="0" lastid="0000000000BB6100" lastname="PmdThread 8" />
</exclusive-start>
<af-start id="5704" threadId="0000000000BB6A88" totalBytesRequested="24" timestamp="2019-08-11T07:39:54.322" intervalms="330.903" type="nursery" />
<cycle-start id="5705" type="scavenge" contextid="0" timestamp="2019-08-11T07:39:54.322" intervalms="330.932" />
<gc-start id="5706" type="scavenge" contextid="5705" timestamp="2019-08-11T07:39:54.322">
  <mem-info id="5707" free="3773241536" total="3961716736" percent="95">
    <mem type="nursery" free="0" total="169869312" percent="0">
      <mem type="allocate" free="0" total="137953280" percent="0" />
      <mem type="survivor" free="0" total="31916032" percent="0" />
    </mem>
    <mem type="tenure" free="3773241536" total="3791847424" percent="99">
      <mem type="soa" free="3583662272" total="3602255872" percent="99" />
      <mem type="loa" free="189579264" total="189591552" percent="99" />
    </mem>
    <remembered-set count="3227" />
  </mem-info>
</gc-start>
<allocation-stats totalBytes="116507704" >
  <allocated-bytes non-tlh="462944" tlh="116044760" />
  <largest-consumer threadName="PmdThread 5" threadId="0000000000B6EF00" bytes="15347176" />
</allocation-stats>
<gc-op id="5708" type="scavenge" timems="17.605" contextid="5705" timestamp="2019-08-11T07:39:54.339">
  <scavenger-info tenureage="3" tenuremask="fff8" tiltratio="81" />
  <memory-copied type="nursery" objects="499863" bytes="20978792" bytesdiscarded="202656" />
  <memory-copied type="tenure" objects="1971" bytes="373152" bytesdiscarded="640" />
  <finalization candidates="4" enqueued="0" />
  <ownableSynchronizers candidates="19" cleared="0" />
  <references type="soft" candidates="153" cleared="0" enqueued="0" dynamicThreshold="31" maxThreshold="32" />
  <references type="weak" candidates="1535" cleared="1133" enqueued="1125" />
  <references type="phantom" candidates="389" cleared="153" enqueued="153" />
</gc-op>
<gc-end id="5709" type="scavenge" contextid="5705" durationms="18.188" usertimems="97.883" systemtimems="0.000" timestamp="2019-08-11T07:39:54.340" activeThreads="16">
  <mem-info id="5710" free="3894303136" total="3961716736" percent="98">
    <mem type="nursery" free="121987272" total="169869312" percent="71">
      <mem type="allocate" free="121987272" total="143196160" percent="85" />
      <mem type="survivor" free="0" total="26673152" percent="0" />
    </mem>
    <mem type="tenure" free="3772315864" total="3791847424" percent="99" macro-fragmented="524320">
      <mem type="soa" free="3582736600" total="3602255872" percent="99" />
      <mem type="loa" free="189579264" total="189591552" percent="99" />
    </mem>
    <pending-finalizers system="0" default="0" reference="1278" classloader="0" />
    <remembered-set count="1417" />
  </mem-info>
</gc-end>
<cycle-end id="5711" type="scavenge" contextid="5705" timestamp="2019-08-11T07:39:54.340" />
  <attribute name="elasticGC enabled" value="1" />
  <attribute name= "numThreadsSpecified" value="16" />
  <attribute name="heapSize specified" value="-133693440" />
  <attribute name="Current GC Util" value="27" />
  <attribute name= "Current Time Running" value="85161" />
  <attribute name ="GC Interval" value="200" />
  <attribute name="ProportionalT" value="-26.500000" />
  <attribute name="ProportionalI" value="-26.500000" />
  <attribute name="ProportionalH" value="-26.500000" />
  <attribute name="Current Error" value="-53.000000" />
  <attribute name="IntegralT" value="-8771.500000" />
  <attribute name="IntegralI" value="-8771.500000" />
  <attribute name="IntegralH" value="-8771.500000" />
  <attribute name="DerivativeT" value="-0.160121" />
  <attribute name="DerivativeI" value="-0.160121" />
  <attribute name="DerivativeH" value="-0.160121" />
  <attribute name="Loop Time for DT" value="331.000000" />
  <attribute name="Output H" value="4203675648"/>
  <attribute name="Output I" value="200"/>
  <attribute name="Output T" value="16"/>
  <attribute name="Target GC Util Change" value ="80.000000" />
  <attribute name="Current GC Util Change" value="27.000000"/>
  <attribute name="GC Util currently" value="27" />
  <attribute name="CPU Util currently" value="3483160271" />
<allocation-satisfied id="5712" threadId="0000000000BB6100" bytesRequested="24" />
<af-end id="5713" timestamp="2019-08-11T07:39:54.340" threadId="0000000000BB6A88" success="true" from="nursery"/>
<exclusive-end id="5714" timestamp="2019-08-11T07:39:54.340" durationms="18.911" />

<exclusive-start id="5715" timestamp="2019-08-11T07:39:54.611" intervalms="289.632">
  <response-info timems="0.100" idlems="0.100" threads="0" lastid="0000000000B67700" lastname="PmdThread 10" />
</exclusive-start>
<af-start id="5716" threadId="0000000000B68088" totalBytesRequested="16" timestamp="2019-08-11T07:39:54.611" intervalms="289.593" type="nursery" />
<cycle-start id="5717" type="scavenge" contextid="0" timestamp="2019-08-11T07:39:54.611" intervalms="289.549" />
<gc-start id="5718" type="scavenge" contextid="5717" timestamp="2019-08-11T07:39:54.611">
  <mem-info id="5719" free="3772289304" total="3961716736" percent="95">
    <mem type="nursery" free="0" total="169869312" percent="0">
      <mem type="allocate" free="0" total="143196160" percent="0" />
      <mem type="survivor" free="0" total="26673152" percent="0" />
    </mem>
    <mem type="tenure" free="3772289304" total="3791847424" percent="99">
      <mem type="soa" free="3582710040" total="3602255872" percent="99" />
      <mem type="loa" free="189579264" total="189591552" percent="99" />
    </mem>
    <remembered-set count="1717" />
  </mem-info>
</gc-start>
<allocation-stats totalBytes="121965208" >
  <allocated-bytes non-tlh="26584" tlh="121938624" />
  <largest-consumer threadName="PmdThread 6" threadId="0000000000B9FA00" bytes="12770328" />
</allocation-stats>
<gc-op id="5720" type="scavenge" timems="15.023" contextid="5717" timestamp="2019-08-11T07:39:54.626">
  <scavenger-info tenureage="6" tenuremask="ffc0" tiltratio="84" />
  <memory-copied type="nursery" objects="515309" bytes="21342744" bytesdiscarded="273392" />
  <finalization candidates="4" enqueued="0" />
  <ownableSynchronizers candidates="19" cleared="0" />
  <references type="soft" candidates="155" cleared="0" enqueued="0" dynamicThreshold="31" maxThreshold="32" />
  <references type="weak" candidates="2217" cleared="1813" enqueued="1806" />
  <references type="phantom" candidates="420" cleared="185" enqueued="185" />
</gc-op>
<gc-end id="5721" type="scavenge" contextid="5717" durationms="15.519" usertimems="86.125" systemtimems="0.000" timestamp="2019-08-11T07:39:54.627" activeThreads="16">
  <mem-info id="5722" free="3894299768" total="3961716736" percent="98">
    <mem type="nursery" free="122010464" total="169869312" percent="71">
      <mem type="allocate" free="122010464" total="143654912" percent="84" />
      <mem type="survivor" free="0" total="26214400" percent="0" />
    </mem>
    <mem type="tenure" free="3772289304" total="3791847424" percent="99" macro-fragmented="2160235">
      <mem type="soa" free="3582710040" total="3602255872" percent="99" />
      <mem type="loa" free="189579264" total="189591552" percent="99" />
    </mem>
    <pending-finalizers system="0" default="0" reference="1991" classloader="0" />
    <remembered-set count="1596" />
  </mem-info>
</gc-end>
<cycle-end id="5723" type="scavenge" contextid="5717" timestamp="2019-08-11T07:39:54.627" />
  <attribute name="elasticGC enabled" value="1" />
  <attribute name= "numThreadsSpecified" value="16" />
  <attribute name="heapSize specified" value="-133693440" />
  <attribute name="Current GC Util" value="30" />
  <attribute name= "Current Time Running" value="85451" />
  <attribute name ="GC Interval" value="200" />
  <attribute name="ProportionalT" value="-25.000000" />
  <attribute name="ProportionalI" value="-25.000000" />
  <attribute name="ProportionalH" value="-25.000000" />
  <attribute name="Current Error" value="-50.000000" />
  <attribute name="IntegralT" value="-7250.000000" />
  <attribute name="IntegralI" value="-7250.000000" />
  <attribute name="IntegralH" value="-7250.000000" />
  <attribute name="DerivativeT" value="-0.172414" />
  <attribute name="DerivativeI" value="-0.172414" />
  <attribute name="DerivativeH" value="-0.172414" />
  <attribute name="Loop Time for DT" value="290.000000" />
  <attribute name="Output H" value="4203675648"/>
  <attribute name="Output I" value="200"/>
  <attribute name="Output T" value="16"/>
  <attribute name="Target GC Util Change" value ="80.000000" />
  <attribute name="Current GC Util Change" value="30.000000"/>
  <attribute name="GC Util currently" value="30" />
  <attribute name="CPU Util currently" value="3982575249" />
<allocation-satisfied id="5724" threadId="0000000000B67700" bytesRequested="16" />
<af-end id="5725" timestamp="2019-08-11T07:39:54.627" threadId="0000000000B68088" success="true" from="nursery"/>
<exclusive-end id="5726" timestamp="2019-08-11T07:39:54.627" durationms="16.119" />

===== DaCapo 9.12-MR1 pmd PASSED in 2407 msec =====
Using scaled threading model. 16 processors detected, 16 threads used to drive the workload, in a possible range of [1,512]
<exclusive-start id="5727" timestamp="2019-08-11T07:39:55.144" intervalms="532.694">
  <response-info timems="0.021" idlems="0.021" threads="0" lastid="0000000000880F00" lastname="main" />
</exclusive-start>
<sys-start reason="explicit" id="5728" timestamp="2019-08-11T07:39:55.144" intervalms="2637.996" />
<cycle-start id="5729" type="global" contextid="0" timestamp="2019-08-11T07:39:55.144" intervalms="2638.000" />
<gc-start id="5730" type="global" contextid="5729" timestamp="2019-08-11T07:39:55.144">
  <mem-info id="5731" free="3790325672" total="3961716736" percent="95">
    <mem type="nursery" free="18078520" total="169869312" percent="10">
      <mem type="allocate" free="18078520" total="143654912" percent="12" />
      <mem type="survivor" free="0" total="26214400" percent="0" />
    </mem>
    <mem type="tenure" free="3772247152" total="3791847424" percent="99">
      <mem type="soa" free="3582667888" total="3602255872" percent="99" />
      <mem type="loa" free="189579264" total="189591552" percent="99" />
    </mem>
    <remembered-set count="2327" />
  </mem-info>
</gc-start>
<allocation-stats totalBytes="103902024" >
  <allocated-bytes non-tlh="2925776" tlh="100976248" />
  <largest-consumer threadName="main" threadId="0000000000880F00" bytes="9792440" />
</allocation-stats>
<gc-op id="5732" type="mark" timems="16.228" contextid="5729" timestamp="2019-08-11T07:39:55.160">
  <trace-info objectcount="624505" scancount="541593" scanbytes="14095772" />
  <finalization candidates="152" enqueued="1" />
  <ownableSynchronizers candidates="42" cleared="19" />
  <references type="soft" candidates="4909" cleared="0" enqueued="0" dynamicThreshold="31" maxThreshold="32" />
  <references type="weak" candidates="7770" cleared="1688" enqueued="1663" />
  <references type="phantom" candidates="364" cleared="36" enqueued="36" />
  <stringconstants candidates="16395" cleared="1775"  />
</gc-op>
<gc-op id="5733" type="classunload" timems="13.951" contextid="5729" timestamp="2019-08-11T07:39:55.174">
  <classunload-info classloadercandidates="63" classloadersunloaded="8" classesunloaded="1010" anonymousclassesunloaded="0" quiescems="0.000" setupms="6.848" scanms="7.094" postms="0.009" />
</gc-op>
<gc-op id="5734" type="sweep" timems="4.434" contextid="5729" timestamp="2019-08-11T07:39:55.179" />
<mem-info id="5735" free="3913750048" total="3961716736" percent="98">
  <mem type="nursery" free="140666936" total="169869312" percent="82">
    <mem type="allocate" free="140666936" total="143654912" percent="97" />
    <mem type="survivor" free="0" total="26214400" percent="0" />
  </mem>
  <mem type="tenure" free="3773083112" total="3791847424" percent="99" micro-fragmented="22342" macro-fragmented="1041779">
    <mem type="soa" free="3583491560" total="3602255872" percent="99" />
    <mem type="loa" free="189591552" total="189591552" percent="100" />
  </mem>
  <pending-finalizers system="1" default="0" reference="1699" classloader="0" />
  <remembered-set count="1018" />
</mem-info>
<gc-op id="5736" type="compact" timems="46.082" contextid="5729" timestamp="2019-08-11T07:39:55.225">
  <compact-info movecount="290046" movebytes="12808640" reason="compact to aid heap contraction" />
</gc-op>
<heap-resize id="5737" type="contract" space="tenure" amount="189530112" count="1" timems="0.115" reason="heap reconfiguration" timestamp="2019-08-11T07:39:55.226" />
<gc-end id="5738" type="global" contextid="5729" durationms="81.964" usertimems="282.365" systemtimems="0.000" timestamp="2019-08-11T07:39:55.226" activeThreads="16">
  <mem-info id="5739" free="3724418048" total="3772186624" percent="98">
    <mem type="nursery" free="140901080" total="169869312" percent="82">
      <mem type="allocate" free="140901080" total="143654912" percent="98" />
      <mem type="survivor" free="0" total="26214400" percent="0" />
    </mem>
    <mem type="tenure" free="3583516968" total="3602317312" percent="99">
      <mem type="soa" free="3403462952" total="3422201856" percent="99" />
      <mem type="loa" free="180054016" total="180115456" percent="99" />
    </mem>
    <pending-finalizers system="1" default="0" reference="1699" classloader="0" />
    <remembered-set count="1018" />
  </mem-info>
</gc-end>
<cycle-end id="5740" type="global" contextid="5729" timestamp="2019-08-11T07:39:55.228" />
  <attribute name="elasticGC enabled" value="1" />
  <attribute name= "numThreadsSpecified" value="16" />
  <attribute name="heapSize specified" value="-333250560" />
  <attribute name="Current GC Util" value="329" />
  <attribute name= "Current Time Running" value="86065" />
  <attribute name ="GC Interval" value="200" />
  <attribute name="ProportionalT" value="124.500000" />
  <attribute name="ProportionalI" value="124.500000" />
  <attribute name="ProportionalH" value="124.500000" />
  <attribute name="Current Error" value="249.000000" />
  <attribute name="IntegralT" value="5851.500000" />
  <attribute name="IntegralI" value="5851.500000" />
  <attribute name="IntegralH" value="5851.500000" />
  <attribute name="DerivativeT" value="-4.829787" />
  <attribute name="DerivativeI" value="-4.829787" />
  <attribute name="DerivativeH" value="-4.829787" />
  <attribute name="Loop Time for DT" value="47.000000" />
  <attribute name="Output H" value="8388608"/>
  <attribute name="Output I" value="4000"/>
  <attribute name="Output T" value="16"/>
  <attribute name="Target GC Util Change" value ="80.000000" />
  <attribute name="Current GC Util Change" value="329.000000"/>
  <attribute name="GC Util currently" value="329" />
  <attribute name="CPU Util currently" value="25008297086" />
<sys-end id="5741" timestamp="2019-08-11T07:39:55.228" />
<exclusive-end id="5742" timestamp="2019-08-11T07:39:55.228" durationms="84.057" />

===== DaCapo 9.12-MR1 sunflow starting =====
<exclusive-start id="5743" timestamp="2019-08-11T07:39:55.612" intervalms="467.971">
  <response-info timems="0.230" idlems="0.118" threads="1" lastid="0000000000B94600" lastname="Thread-23" />
</exclusive-start>
<af-start id="5744" threadId="0000000000BB6A88" totalBytesRequested="40" timestamp="2019-08-11T07:39:55.612" intervalms="1000.715" type="nursery" />
