<?xml version="1.0" ?>

<verbosegc xmlns="http://www.ibm.com/j9/verbosegc" version="10b4217_CMPRSS">

<initialized id="1" timestamp="2019-06-16T02:00:25.610">
  <attribute name="gcPolicy" value="-Xgcpolicy:optthruput" />
  <attribute name="elasticGC enabled" value="1" />
  <attribute name= "numThreadsSpecified" value="0" />
  <attribute name="heapSize specified" value="0" />
  <attribute name="Current GC Util" value="0" />
  <attribute name= "Current Time Running" value="0" />
  <attribute name ="GC Interval" value="0" />
  <attribute name="ProportionalT" value="0.000000" />
  <attribute name="ProportionalI" value="0.000000" />
  <attribute name="ProportionalH" value="0.000000" />
  <attribute name="IntegralT" value="0.000000" />
  <attribute name="IntegralI" value="0.000000" />
  <attribute name="IntegralH" value="0.000000" />
  <attribute name="DerivativeT" value="0.000000" />
  <attribute name="DerivativeI" value="0.000000" />
  <attribute name="DerivativeH" value="0.000000" />
  <attribute name="Target GC Util Change" value ="0.000000" />
  <attribute name="Current GC Util Change" value="0.000000"/>
  <attribute name="Current Error" value="0.000000" />
  <attribute name="Loop Time for DT" value="0.000000" />
  <attribute name="Output H" value="0"/>
  <attribute name="Output I" value="0"/>
  <attribute name="Output T" value="0"/>
  <attribute name="GC Util currently" value="0" />
  <attribute name="CPU Util currently" value="0" />
  <attribute name="maxHeapSize" value="0x7cbc0000" />
  <attribute name="initialHeapSize" value="0x800000" />
  <attribute name="compressedRefs" value="true" />
  <attribute name="compressedRefsDisplacement" value="0x0" />
  <attribute name="compressedRefsShift" value="0x0" />
  <attribute name="pageSize" value="0x1000" />
  <attribute name="pageType" value="not used" />
  <attribute name="requestedPageSize" value="0x1000" />
  <attribute name="requestedPageType" value="not used" />
  <attribute name="gcthreads" value="4" />
  <attribute name="packetListSplit" value="4" />
  <attribute name="cacheListSplit" value="4" />
  <attribute name="splitFreeListSplitAmount" value="1" />
  <attribute name="numaNodes" value="0" />
  <system>
    <attribute name="physicalMemory" value="8370958336" />
    <attribute name="numCPUs" value="4" />
    <attribute name="architecture" value="amd64" />
    <attribute name="os" value="Linux" />
    <attribute name="osVersion" value="4.4.0-150-generic" />
  </system>
  <vmargs>
    <vmarg name="-Xoptionsfile=/vagrant/jdk/lib/options.default" />
    <vmarg name="-Xlockword:mode=default,noLockword=java/lang/String,noLockword=java/util/MapEntry,noLockword=java/util/HashMap$Entry,noLockword..." />
    <vmarg name="-Xjcl:jclse29" />
    <vmarg name="-Dcom.ibm.oti.vm.bootstrap.library.path=/vagrant/jdk/lib/compressedrefs:/vagrant/jdk/lib" />
    <vmarg name="-Dsun.boot.library.path=/vagrant/jdk/lib/compressedrefs:/vagrant/jdk/lib" />
    <vmarg name="-Djava.library.path=/vagrant/jdk/lib/compressedrefs:/vagrant/jdk/lib:/usr/lib64:/usr/lib" />
    <vmarg name="-Djava.home=/vagrant/jdk" />
    <vmarg name="-Duser.dir=/vagrant" />
    <vmarg name="-Xgcpolicy:optthruput" />
    <vmarg name="-Xgcelastic" />
    <vmarg name="-Xcheck:gc:::elasticGC" />
    <vmarg name="-verbose:gc" />
    <vmarg name="-Xloggc:jdk1.5-1-1-default-OTT-4CORE-elasticverbose3xalan.txt" />
    <vmarg name="-Djava.class.path=dacapo-9.12-MR1-bach.jar" />
    <vmarg name="-Dsun.java.command=dacapo-9.12-MR1-bach.jar xalan --size=default" />
    <vmarg name="-Dsun.java.launcher=SUN_STANDARD" />
    <vmarg name="-Dsun.java.launcher.pid=22582" />
  </vmargs>
</initialized>

<exclusive-start id="2" timestamp="2019-06-16T02:00:26.996" intervalms="1386.269">
  <response-info timems="0.029" idlems="0.029" threads="0" lastid="0000000001171700" lastname="main" />
</exclusive-start>
<af-start id="3" threadId="0000000001172088" totalBytesRequested="88" timestamp="2019-06-16T02:00:26.997" intervalms="1386.528" />
<cycle-start id="4" type="global" contextid="0" timestamp="2019-06-16T02:00:26.997" intervalms="1386.771" />
<gc-start id="5" type="global" contextid="4" timestamp="2019-06-16T02:00:26.997">
  <mem-info id="6" free="418816" total="8388608" percent="4">
    <mem type="tenure" free="418816" total="8388608" percent="4">
      <mem type="soa" free="0" total="7969792" percent="0" />
      <mem type="loa" free="418816" total="418816" percent="100" />
    </mem>
  </mem-info>
</gc-start>
<allocation-stats totalBytes="7881432" >
  <allocated-bytes non-tlh="758040" tlh="7123392" />
  <largest-consumer threadName="main" threadId="0000000001171700" bytes="7810488" />
</allocation-stats>
<gc-op id="7" type="mark" timems="7.381" contextid="4" timestamp="2019-06-16T02:00:27.004">
  <trace-info objectcount="21466" scancount="17490" scanbytes="560488" />
  <finalization candidates="15" enqueued="1" />
  <references type="soft" candidates="74" cleared="0" enqueued="0" dynamicThreshold="32" maxThreshold="32" />
  <references type="weak" candidates="575" cleared="432" enqueued="393" />
  <references type="phantom" candidates="127" cleared="44" enqueued="44" />
  <stringconstants candidates="2930" cleared="0"  />
</gc-op>
<gc-op id="8" type="sweep" timems="2.330" contextid="4" timestamp="2019-06-16T02:00:27.007" />
<mem-info id="9" free="6520232" total="8388608" percent="77">
  <mem type="tenure" free="6520232" total="8388608" percent="77" micro-fragmented="208582" macro-fragmented="0">
    <mem type="soa" free="6101416" total="7969792" percent="76" />
    <mem type="loa" free="418816" total="418816" percent="100" />
  </mem>
  <pending-finalizers system="1" default="0" reference="437" classloader="0" />
</mem-info>
<gc-op id="10" type="compact" timems="7.596" contextid="4" timestamp="2019-06-16T02:00:27.015">
  <compact-info movecount="21465" movebytes="1537112" reason="compact to aid heap contraction" />
</gc-op>
<heap-resize id="11" type="expand" space="tenure" amount="2084241408" count="1" timems="0.148" reason="satisfy allocation request" timestamp="2019-06-16T02:00:27.016" />
<gc-end id="12" type="global" contextid="4" durationms="18.927" usertimems="20.000" systemtimems="8.000" timestamp="2019-06-16T02:00:27.016" activeThreads="4">
  <mem-info id="13" free="2091092728" total="2092630016" percent="99">
    <mem type="tenure" free="2091092728" total="2092630016" percent="99">
      <mem type="soa" free="1986461432" total="1987998720" percent="99" />
      <mem type="loa" free="104631296" total="104631296" percent="100" />
    </mem>
    <pending-finalizers system="1" default="0" reference="437" classloader="0" />
  </mem-info>
</gc-end>
<cycle-end id="14" type="global" contextid="4" timestamp="2019-06-16T02:00:27.016" />
  <attribute name="elasticGC enabled" value="1" />
  <attribute name= "numThreadsSpecified" value="4" />
  <attribute name="heapSize specified" value="8388608" />
  <attribute name="Current GC Util" value="104" />
  <attribute name= "Current Time Running" value="1241" />
  <attribute name ="GC Interval" value="0" />
  <attribute name="ProportionalT" value="126.000000" />
  <attribute name="ProportionalI" value="126.000000" />
  <attribute name="ProportionalH" value="126.000000" />
  <attribute name="Current Error" value="84.000000" />
  <attribute name="IntegralT" value="-23086.000000" />
  <attribute name="IntegralI" value="-23086.000000" />
  <attribute name="IntegralH" value="-23086.000000" />
  <attribute name="DerivativeT" value="4.625000" />
  <attribute name="DerivativeI" value="4.625000" />
  <attribute name="DerivativeH" value="4.625000" />
  <attribute name="Loop Time for DT" value="8.000000" />
  <attribute name="Output H" value="2092630016"/>
  <attribute name="Output I" value="200"/>
  <attribute name="Output T" value="4"/>
  <attribute name="Target GC Util Change" value ="20.000000" />
  <attribute name="Current GC Util Change" value="104.000000"/>
  <attribute name="GC Util currently" value="104" />
  <attribute name="CPU Util currently" value="596855220528" />
<allocation-satisfied id="15" threadId="0000000001171700" bytesRequested="88" />
<af-end id="16" timestamp="2019-06-16T02:00:27.016" threadId="0000000001172088" success="true" />
<exclusive-end id="17" timestamp="2019-06-16T02:00:27.016" durationms="20.004" />

<exclusive-start id="18" timestamp="2019-06-16T02:00:27.229" intervalms="232.491">
  <response-info timems="0.125" idlems="0.125" threads="0" lastid="0000000001171700" lastname="main" />
</exclusive-start>
<sys-start reason="explicit" id="19" timestamp="2019-06-16T02:00:27.229" intervalms="1619.099" />
<cycle-start id="20" type="global" contextid="0" timestamp="2019-06-16T02:00:27.235" intervalms="238.402" />
<gc-start id="21" type="global" contextid="20" timestamp="2019-06-16T02:00:27.235">
  <mem-info id="22" free="2085094112" total="2092630016" percent="99">
    <mem type="tenure" free="2085094112" total="2092630016" percent="99">
      <mem type="soa" free="1980462816" total="1987998720" percent="99" />
      <mem type="loa" free="104631296" total="104631296" percent="100" />
    </mem>
  </mem-info>
</gc-start>
<allocation-stats totalBytes="5983440" >
  <allocated-bytes non-tlh="137328" tlh="5846112" />
  <largest-consumer threadName="main" threadId="0000000001171700" bytes="5959128" />
</allocation-stats>
<gc-op id="23" type="mark" timems="9.261" contextid="20" timestamp="2019-06-16T02:00:27.245">
  <trace-info objectcount="29510" scancount="23889" scanbytes="871008" />
  <finalization candidates="15" enqueued="0" />
  <references type="soft" candidates="133" cleared="0" enqueued="0" dynamicThreshold="31" maxThreshold="32" />
  <references type="weak" candidates="178" cleared="33" enqueued="33" />
  <references type="phantom" candidates="85" cleared="2" enqueued="2" />
  <stringconstants candidates="3535" cleared="22"  />
</gc-op>
<gc-op id="24" type="classunload" timems="0.128" contextid="20" timestamp="2019-06-16T02:00:27.245">
  <classunload-info classloadercandidates="19" classloadersunloaded="0" classesunloaded="0" anonymousclassesunloaded="0" quiescems="0.000" setupms="0.128" scanms="0.000" postms="0.000" />
</gc-op>
<gc-op id="25" type="sweep" timems="2.493" contextid="20" timestamp="2019-06-16T02:00:27.248" />
<mem-info id="26" free="2090304512" total="2092630016" percent="99">
  <mem type="tenure" free="2090304512" total="2092630016" percent="99" micro-fragmented="223232" macro-fragmented="0">
    <mem type="soa" free="1985673216" total="1987998720" percent="99" />
    <mem type="loa" free="104631296" total="104631296" percent="100" />
  </mem>
  <pending-finalizers system="0" default="0" reference="35" classloader="0" />
</mem-info>
<gc-op id="27" type="compact" timems="16.423" contextid="20" timestamp="2019-06-16T02:00:27.265">
  <compact-info movecount="28763" movebytes="1934152" reason="compact to aid heap contraction" />
</gc-op>
<gc-end id="28" type="global" contextid="20" durationms="30.130" usertimems="28.000" systemtimems="16.000" timestamp="2019-06-16T02:00:27.265" activeThreads="4">
  <mem-info id="29" free="2090674968" total="2092630016" percent="99">
    <mem type="tenure" free="2090674968" total="2092630016" percent="99">
      <mem type="soa" free="1986043672" total="1987998720" percent="99" />
      <mem type="loa" free="104631296" total="104631296" percent="100" />
    </mem>
    <pending-finalizers system="0" default="0" reference="35" classloader="0" />
  </mem-info>
</gc-end>
<cycle-end id="30" type="global" contextid="20" timestamp="2019-06-16T02:00:27.266" />
  <attribute name="elasticGC enabled" value="1" />
  <attribute name= "numThreadsSpecified" value="4" />
  <attribute name="heapSize specified" value="2092630016" />
  <attribute name="Current GC Util" value="139" />
  <attribute name= "Current Time Running" value="1491" />
  <attribute name ="GC Interval" value="0" />
  <attribute name="ProportionalT" value="178.500000" />
  <attribute name="ProportionalI" value="178.500000" />
  <attribute name="ProportionalH" value="178.500000" />
  <attribute name="Current Error" value="119.000000" />
  <attribute name="IntegralT" value="2023.000000" />
  <attribute name="IntegralI" value="2023.000000" />
  <attribute name="IntegralH" value="2023.000000" />
  <attribute name="DerivativeT" value="0.000000" />
  <attribute name="DerivativeI" value="0.000000" />
  <attribute name="DerivativeH" value="0.000000" />
  <attribute name="Loop Time for DT" value="17.000000" />
  <attribute name="Output H" value="8388608"/>
  <attribute name="Output I" value="2208"/>
  <attribute name="Output T" value="4"/>
  <attribute name="Target GC Util Change" value ="20.000000" />
  <attribute name="Current GC Util Change" value="139.000000"/>
  <attribute name="GC Util currently" value="139" />
  <attribute name="CPU Util currently" value="278013099306" />
<sys-end id="31" timestamp="2019-06-16T02:00:27.266" />
<exclusive-end id="32" timestamp="2019-06-16T02:00:27.266" durationms="37.162" />

</verbosegc>

