<?xml version="1.0" ?>

<verbosegc xmlns="http://www.ibm.com/j9/verbosegc" version="10b4217_CMPRSS">

<initialized id="1" timestamp="2019-06-15T03:56:48.760">
  <attribute name="gcPolicy" value="-Xgcpolicy:balanced" />
  <attribute name="elasticGC enabled" value="1" />
  <attribute name= "numThreadsSpecified" value="0" />
  <attribute name="heapSize specified" value="0" />
  <attribute name="Current GC Util" value="0" />
  <attribute name= "Current Time Running" value="0" />
  <attribute name ="GC Interval" value="0" />
  <attribute name="ProportionalT" value="0.000000" />
  <attribute name="ProportionalI" value="0.000000" />
  <attribute name="ProportionalH" value="0.000000" />
  <attribute name="IntegralT" value="0.000000" />
  <attribute name="IntegralI" value="0.000000" />
  <attribute name="IntegralH" value="0.000000" />
  <attribute name="DerivativeT" value="0.000000" />
  <attribute name="DerivativeI" value="0.000000" />
  <attribute name="DerivativeH" value="0.000000" />
  <attribute name="Target GC Util Change" value ="0.000000" />
  <attribute name="Current GC Util Change" value="0.000000"/>
  <attribute name="Current Error" value="0.000000" />
  <attribute name="Loop Time for DT" value="0.000000" />
  <attribute name="Output H" value="0"/>
  <attribute name="Output I" value="0"/>
  <attribute name="Output T" value="0"/>
  <attribute name="GC Util currently" value="0" />
  <attribute name="CPU Util currently" value="0" />
  <attribute name="maxHeapSize" value="0x7cb00000" />
  <attribute name="initialHeapSize" value="0x800000" />
  <attribute name="compressedRefs" value="true" />
  <attribute name="compressedRefsDisplacement" value="0x0" />
  <attribute name="compressedRefsShift" value="0x0" />
  <attribute name="pageSize" value="0x1000" />
  <attribute name="pageType" value="not used" />
  <attribute name="requestedPageSize" value="0x1000" />
  <attribute name="requestedPageType" value="not used" />
  <attribute name="gcthreads" value="4" />
  <attribute name="packetListSplit" value="4" />
  <attribute name="cacheListSplit" value="4" />
  <attribute name="splitFreeListSplitAmount" value="1" />
  <attribute name="numaNodes" value="0" />
  <region>
    <attribute name="regionSize" value="1048576" />
    <attribute name="regionCount" value="1995" />
    <attribute name="arrayletLeafSize" value="1048576" />
  </region>
  <system>
    <attribute name="physicalMemory" value="8370962432" />
    <attribute name="numCPUs" value="4" />
    <attribute name="architecture" value="amd64" />
    <attribute name="os" value="Linux" />
    <attribute name="osVersion" value="4.4.0-148-generic" />
  </system>
  <vmargs>
    <vmarg name="-Xoptionsfile=/vagrant/jdk/lib/options.default" />
    <vmarg name="-Xlockword:mode=default,noLockword=java/lang/String,noLockword=java/util/MapEntry,noLockword=java/util/HashMap$Entry,noLockword..." />
    <vmarg name="-Xjcl:jclse29" />
    <vmarg name="-Dcom.ibm.oti.vm.bootstrap.library.path=/vagrant/jdk/lib/compressedrefs:/vagrant/jdk/lib" />
    <vmarg name="-Dsun.boot.library.path=/vagrant/jdk/lib/compressedrefs:/vagrant/jdk/lib" />
    <vmarg name="-Djava.library.path=/vagrant/jdk/lib/compressedrefs:/vagrant/jdk/lib:/usr/lib64:/usr/lib" />
    <vmarg name="-Djava.home=/vagrant/jdk" />
    <vmarg name="-Duser.dir=/vagrant" />
    <vmarg name="-Xgcpolicy:balanced" />
    <vmarg name="-Xgcelastic" />
    <vmarg name="-Xcheck:gc:::elasticGC" />
    <vmarg name="-verbose:gc" />
    <vmarg name="-Xloggc:small-Balanced-jdk0.5-1-1.5-verbose10pmd.txt" />
    <vmarg name="-Djava.class.path=dacapo-9.12-MR1-bach.jar" />
    <vmarg name="-Dsun.java.command=dacapo-9.12-MR1-bach.jar pmd --size=small" />
    <vmarg name="-Dsun.java.launcher=SUN_STANDARD" />
    <vmarg name="-Dsun.java.launcher.pid=6786" />
  </vmargs>
</initialized>

<exclusive-start id="2" timestamp="2019-06-15T03:56:49.578" intervalms="817.781">
  <response-info timems="0.023" idlems="0.023" threads="0" lastid="0000000002197700" lastname="main" />
</exclusive-start>
<sys-start reason="explicit" id="3" timestamp="2019-06-15T03:56:49.579" intervalms="818.024" />
<cycle-start id="4" type="global garbage collect" contextid="0" timestamp="2019-06-15T03:56:49.579" intervalms="818.343" />
<gc-start id="5" type="global garbage collect" contextid="4" timestamp="2019-06-15T03:56:49.579">
  <mem-info id="6" free="1429032" total="8388608" percent="17">
    <mem type="eden" free="380536" total="7340032" percent="5" />
    <remembered-set count="0" freebytes="334848" totalbytes="334848" percent="100" regionsoverflowed="0" regionsstable="0" regionsrebuilding="0"/>
  </mem-info>
</gc-start>
<allocation-stats totalBytes="6937680" >
  <allocated-bytes non-tlh="449560" tlh="6488120" arrayletleaf="0"/>
  <largest-consumer threadName="main" threadId="0000000002197700" bytes="6861152" />
</allocation-stats>
<gc-op id="7" type="global mark" timems="3.227" contextid="4" timestamp="2019-06-15T03:56:49.583">
  <trace-info objectcount="20017" scancount="15956" scanbytes="532844" />
  <finalization candidates="46" enqueued="1" />
  <ownableSynchronizers candidates="4" cleared="3" />
  <references type="soft" candidates="66" cleared="0" enqueued="0" dynamicThreshold="32" maxThreshold="32" />
  <references type="weak" candidates="911" cleared="529" enqueued="452" />
  <references type="phantom" candidates="125" cleared="44" enqueued="44" />
  <stringconstants candidates="2485" cleared="0"  />
</gc-op>
<gc-op id="8" type="classunload" timems="0.085" contextid="4" timestamp="2019-06-15T03:56:49.583">
  <classunload-info classloadercandidates="6" classloadersunloaded="0" classesunloaded="0" anonymousclassesunloaded="0" quiescems="0.000" setupms="0.085" scanms="0.000" postms="0.000" />
</gc-op>
<gc-op id="9" type="sweep" timems="0.540" contextid="4" timestamp="2019-06-15T03:56:49.584" />
<gc-op id="10" type="compact" timems="4.430" contextid="4" timestamp="2019-06-15T03:56:49.589">
  <compact-info movecount="20017" movebytes="1291048" />
  <remembered-set-cleared processed="1502" cleared="1502" durationms="0.126" />
</gc-op>
<gc-end id="11" type="global garbage collect" contextid="4" durationms="10.246" usertimems="4.000" systemtimems="8.000" timestamp="2019-06-15T03:56:49.589" activeThreads="4">
  <mem-info id="12" free="6291456" total="8388608" percent="75">
    <pending-finalizers system="1" default="0" reference="496" classloader="0" />
    <remembered-set count="1536" freebytes="328704" totalbytes="334848" percent="98" regionsoverflowed="0" regionsstable="0" regionsrebuilding="0"/>
  </mem-info>
</gc-end>
<cycle-end id="13" type="global garbage collect" contextid="4" timestamp="2019-06-15T03:56:49.590" />
  <attribute name="elasticGC enabled" value="1" />
  <attribute name= "numThreadsSpecified" value="4" />
  <attribute name="heapSize specified" value="0" />
  <attribute name="Current GC Util" value="36" />
  <attribute name= "Current Time Running" value="705" />
  <attribute name ="GC Interval" value="0" />
  <attribute name="ProportionalT" value="8.000000" />
  <attribute name="ProportionalI" value="8.000000" />
  <attribute name="ProportionalH" value="8.000000" />
  <attribute name="Current Error" value="16.000000" />
  <attribute name="IntegralT" value="-13732.000000" />
  <attribute name="IntegralI" value="-13732.000000" />
  <attribute name="IntegralH" value="-13732.000000" />
  <attribute name="DerivativeT" value="-70.500000" />
  <attribute name="DerivativeI" value="-70.500000" />
  <attribute name="DerivativeH" value="-70.500000" />
  <attribute name="Loop Time for DT" value="1.000000" />
  <attribute name="Output H" value="2091843584"/>
  <attribute name="Output I" value="200"/>
  <attribute name="Output T" value="4"/>
  <attribute name="Target GC Util Change" value ="20.000000" />
  <attribute name="Current GC Util Change" value="36.000000"/>
  <attribute name="GC Util currently" value="36" />
  <attribute name="CPU Util currently" value="5967626165059" />
<sys-end id="14" timestamp="2019-06-15T03:56:49.590" />
<exclusive-end id="15" timestamp="2019-06-15T03:56:49.590" durationms="11.734" />

<exclusive-start id="16" timestamp="2019-06-15T03:56:49.792" intervalms="213.395">
  <response-info timems="0.090" idlems="0.090" threads="0" lastid="0000000002197700" lastname="main" />
</exclusive-start>
<allocation-taxation id="17" taxation-threshold="6291456" timestamp="2019-06-15T03:56:49.792" intervalms="1031.459" />
<cycle-start id="18" type="partial gc" contextid="0" timestamp="2019-06-15T03:56:49.792" intervalms="1031.709" />
<gc-start id="19" type="partial gc" contextid="18" timestamp="2019-06-15T03:56:49.792">
  <mem-info id="20" free="0" total="8388608" percent="0">
    <mem type="eden" free="0" total="6291456" percent="0" />
    <remembered-set count="1536" freebytes="328704" totalbytes="334848" percent="98" regionsoverflowed="0" regionsstable="0" regionsrebuilding="0"/>
  </mem-info>
</gc-start>
<allocation-stats totalBytes="6283832" >
  <allocated-bytes non-tlh="123960" tlh="6159872" arrayletleaf="0"/>
  <largest-consumer threadName="main" threadId="0000000002197700" bytes="6267760" />
</allocation-stats>
<gc-op id="21" type="mark" timems="2.014" contextid="18" timestamp="2019-06-15T03:56:49.795">
  <trace-info objectcount="4784" scancount="3460" scanbytes="119152" />
  <cardclean-info objects="1664" bytes="59284" />
  <remembered-set-cleared processed="248" cleared="93" durationms="0.059" />
  <finalization candidates="5" enqueued="0" />
  <references type="soft" candidates="3" cleared="0" enqueued="0" dynamicThreshold="24" maxThreshold="32" />
  <references type="weak" candidates="169" cleared="85" enqueued="80" />
  <references type="phantom" candidates="8" cleared="3" enqueued="3" />
  <stringconstants candidates="3393" cleared="4"  />
  <warning details="Mark invoked due to insufficient free space for Copy-Forward" />
</gc-op>
<gc-op id="22" type="classunload" timems="0.001" contextid="18" timestamp="2019-06-15T03:56:49.795">
  <classunload-info classloadercandidates="6" classloadersunloaded="0" classesunloaded="0" anonymousclassesunloaded="0" quiescems="0.000" setupms="0.001" scanms="0.000" postms="0.000" />
</gc-op>
<gc-op id="23" type="sweep" timems="0.316" contextid="18" timestamp="2019-06-15T03:56:49.795" />
<gc-op id="24" type="compact" timems="1.701" contextid="18" timestamp="2019-06-15T03:56:49.797">
  <compact-info movecount="4770" movebytes="301440" />
  <remembered-set-cleared processed="1725" cleared="1370" durationms="0.059" />
</gc-op>
<gc-end id="25" type="partial gc" contextid="18" durationms="5.335" usertimems="0.000" systemtimems="8.000" timestamp="2019-06-15T03:56:49.798" activeThreads="4">
  <mem-info id="26" free="5242880" total="8388608" percent="62">
    <mem type="eden" free="746368" total="1048576" percent="71" />
    <pending-finalizers system="0" default="0" reference="83" classloader="0" />
    <remembered-set count="1760" freebytes="327808" totalbytes="334848" percent="97" regionsoverflowed="0" regionsstable="0" regionsrebuilding="0"/>
  </mem-info>
</gc-end>
<cycle-end id="27" type="partial gc" contextid="18" timestamp="2019-06-15T03:56:49.798" />
  <attribute name="elasticGC enabled" value="1" />
  <attribute name= "numThreadsSpecified" value="4" />
  <attribute name="heapSize specified" value="0" />
  <attribute name="Current GC Util" value="30" />
  <attribute name= "Current Time Running" value="916" />
  <attribute name ="GC Interval" value="0" />
  <attribute name="ProportionalT" value="5.000000" />
  <attribute name="ProportionalI" value="5.000000" />
  <attribute name="ProportionalH" value="5.000000" />
  <attribute name="Current Error" value="10.000000" />
  <attribute name="IntegralT" value="0.000000" />
  <attribute name="IntegralI" value="0.000000" />
  <attribute name="IntegralH" value="0.000000" />
  <attribute name="DerivativeT" value="-inf" />
  <attribute name="DerivativeI" value="-inf" />
  <attribute name="DerivativeH" value="-inf" />
  <attribute name="Loop Time for DT" value="0.000000" />
  <attribute name="Output H" value="2091843584"/>
  <attribute name="Output I" value="200"/>
  <attribute name="Output T" value="4"/>
  <attribute name="Target GC Util Change" value ="20.000000" />
  <attribute name="Current GC Util Change" value="30.000000"/>
  <attribute name="GC Util currently" value="30" />
  <attribute name="CPU Util currently" value="9644751217018" />
<exclusive-end id="28" timestamp="2019-06-15T03:56:49.798" durationms="6.372" />

<exclusive-start id="29" timestamp="2019-06-15T03:56:49.866" intervalms="74.311">
  <response-info timems="0.021" idlems="0.021" threads="0" lastid="00000000024A7C00" lastname="PmdThread 1" />
</exclusive-start>
<allocation-taxation id="30" taxation-threshold="2097152" timestamp="2019-06-15T03:56:49.866" intervalms="74.123" />
<cycle-start id="31" type="global mark phase" contextid="0" timestamp="2019-06-15T03:56:49.866" intervalms="1105.663" />
<gc-start id="32" type="global mark phase" contextid="31" timestamp="2019-06-15T03:56:49.866">
  <mem-info id="33" free="3145728" total="8388608" percent="37">
    <remembered-set count="1312" freebytes="329600" totalbytes="334848" percent="98" regionsoverflowed="0" regionsstable="0" regionsrebuilding="0"/>
  </mem-info>
</gc-start>
<gc-op id="34" type="mark increment" timems="0.509" contextid="31" timestamp="2019-06-15T03:56:49.867">
  <trace-info objectcount="131" scancount="0" scanbytes="0" />
</gc-op>
<gc-end id="35" type="global mark phase" contextid="31" durationms="0.603" usertimems="0.000" systemtimems="0.000" timestamp="2019-06-15T03:56:49.867" activeThreads="1">
  <mem-info id="36" free="3145728" total="8388608" percent="37">
    <remembered-set count="1312" freebytes="329600" totalbytes="334848" percent="98" regionsoverflowed="0" regionsstable="0" regionsrebuilding="0"/>
  </mem-info>
</gc-end>
<concurrent-start id="37" type="GMP work packet processing" contextid="31" timestamp="2019-06-15T03:56:49.867">
  <concurrent-mark-start scanTarget="18446744073709551615" />
</concurrent-start>
<exclusive-end id="38" timestamp="2019-06-15T03:56:49.867" durationms="1.016" />

<concurrent-end id="39" type="GMP work packet processing" contextid="31" timestamp="2019-06-15T03:56:49.868">
  <concurrent-mark-end bytesScanned="681752" reasonForTermination="Completed all work in GC phase" />
</concurrent-end>

<exclusive-start id="40" timestamp="2019-06-15T03:56:49.939" intervalms="72.608">
  <response-info timems="0.047" idlems="0.047" threads="0" lastid="00000000024A7C00" lastname="PmdThread 1" />
</exclusive-start>
<allocation-taxation id="41" taxation-threshold="2097152" timestamp="2019-06-15T03:56:49.939" intervalms="72.669" />
<cycle-start id="42" type="partial gc" contextid="0" timestamp="2019-06-15T03:56:49.939" intervalms="146.686" />
<gc-start id="43" type="partial gc" contextid="42" timestamp="2019-06-15T03:56:49.939">
  <mem-info id="44" free="1048576" total="8388608" percent="12">
    <mem type="eden" free="0" total="4194304" percent="0" />
    <remembered-set count="1312" freebytes="329600" totalbytes="334848" percent="98" regionsoverflowed="0" regionsstable="0" regionsrebuilding="0"/>
  </mem-info>
</gc-start>
<allocation-stats totalBytes="4129304" >
  <allocated-bytes non-tlh="433952" tlh="3695352" arrayletleaf="0"/>
  <largest-consumer threadName="PmdThread 1" threadId="00000000024A7C00" bytes="2095792" />
</allocation-stats>
<gc-op id="45" type="copy forward" timems="6.015" contextid="42" timestamp="2019-06-15T03:56:49.946">
  <memory-copied type="eden" objects="9862" bytes="500496" bytesdiscarded="62024" />
  <memory-copied type="other" objects="4391" bytes="278896" bytesdiscarded="25784" />
  <memory-cardclean objects="679" bytes="30064" />
  <regions eden="4" other="1" />
  <remembered-set-cleared processed="776" cleared="583" durationms="0.087" />
  <finalization candidates="7" enqueued="0" />
  <ownableSynchronizers candidates="4" cleared="0" />
  <references type="soft" candidates="31" cleared="0" enqueued="0" dynamicThreshold="12" maxThreshold="32" />
  <references type="weak" candidates="528" cleared="0" enqueued="0" />
  <references type="phantom" candidates="12" cleared="0" enqueued="0" />
  <stringconstants candidates="4497" cleared="4"  />
  <heap-resize type="expand" space="default" amount="1048576" count="1" timems="0.359" reason="continue current collection" />
</gc-op>
<gc-op id="46" type="classunload" timems="0.002" contextid="42" timestamp="2019-06-15T03:56:49.946">
  <classunload-info classloadercandidates="6" classloadersunloaded="0" classesunloaded="0" anonymousclassesunloaded="0" quiescems="0.000" setupms="0.002" scanms="0.000" postms="0.000" />
</gc-op>
<gc-op id="47" type="compact" timems="0.895" contextid="42" timestamp="2019-06-15T03:56:49.947">
  <compact-info movecount="0" movebytes="0" />
  <remembered-set-cleared processed="2037" cleared="583" durationms="0.087" />
</gc-op>
<gc-end id="48" type="partial gc" contextid="42" durationms="8.584" usertimems="4.000" systemtimems="8.000" timestamp="2019-06-15T03:56:49.948" activeThreads="4">
  <mem-info id="49" free="5242880" total="9437184" percent="55">
    <mem type="eden" free="485384" total="1048576" percent="46" />
    <remembered-set count="1536" freebytes="370560" totalbytes="376704" percent="98" regionsoverflowed="0" regionsstable="0" regionsrebuilding="0"/>
  </mem-info>
</gc-end>
<cycle-end id="50" type="partial gc" contextid="42" timestamp="2019-06-15T03:56:49.948" />
  <attribute name="elasticGC enabled" value="1" />
  <attribute name= "numThreadsSpecified" value="4" />
  <attribute name="heapSize specified" value="0" />
  <attribute name="Current GC Util" value="125" />
  <attribute name= "Current Time Running" value="1067" />
  <attribute name ="GC Interval" value="0" />
  <attribute name="ProportionalT" value="52.500000" />
  <attribute name="ProportionalI" value="52.500000" />
  <attribute name="ProportionalH" value="52.500000" />
  <attribute name="Current Error" value="105.000000" />
  <attribute name="IntegralT" value="630.000000" />
  <attribute name="IntegralI" value="630.000000" />
  <attribute name="IntegralH" value="630.000000" />
  <attribute name="DerivativeT" value="9.750000" />
  <attribute name="DerivativeI" value="9.750000" />
  <attribute name="DerivativeH" value="9.750000" />
  <attribute name="Loop Time for DT" value="6.000000" />
  <attribute name="Output H" value="8388608"/>
  <attribute name="Output I" value="696"/>
  <attribute name="Output T" value="4"/>
  <attribute name="Target GC Util Change" value ="20.000000" />
  <attribute name="Current GC Util Change" value="125.000000"/>
  <attribute name="GC Util currently" value="125" />
  <attribute name="CPU Util currently" value="745826960898" />
<exclusive-end id="51" timestamp="2019-06-15T03:56:49.948" durationms="9.420" />

<exclusive-start id="52" timestamp="2019-06-15T03:56:50.024" intervalms="85.695">
  <response-info timems="0.028" idlems="0.028" threads="0" lastid="0000000002197700" lastname="main" />
</exclusive-start>
<allocation-taxation id="53" taxation-threshold="2097152" timestamp="2019-06-15T03:56:50.024" intervalms="85.622" />
<gc-start id="54" type="global mark phase" contextid="31" timestamp="2019-06-15T03:56:50.024">
  <mem-info id="55" free="3145728" total="9437184" percent="33">
    <remembered-set count="704" freebytes="373888" totalbytes="376704" percent="99" regionsoverflowed="0" regionsstable="1" regionsrebuilding="0"/>
  </mem-info>
</gc-start>
<gc-op id="56" type="mark increment" timems="3.323" contextid="31" timestamp="2019-06-15T03:56:50.028">
  <trace-info objectcount="16004" scancount="12337" scanbytes="331848" />
  <cardclean-info objects="2737" bytes="104416" />
  <finalization candidates="58" enqueued="0" />
  <ownableSynchronizers candidates="5" cleared="0" />
  <references type="soft" candidates="201" cleared="0" enqueued="0" dynamicThreshold="17" maxThreshold="32" />
  <references type="weak" candidates="950" cleared="262" enqueued="186" />
  <references type="phantom" candidates="94" cleared="7" enqueued="7" />
  <stringconstants candidates="4945" cleared="0"  />
</gc-op>
<gc-op id="57" type="classunload" timems="0.002" contextid="31" timestamp="2019-06-15T03:56:50.028">
  <classunload-info classloadercandidates="8" classloadersunloaded="0" classesunloaded="0" anonymousclassesunloaded="0" quiescems="0.000" setupms="0.002" scanms="0.000" postms="0.000" />
</gc-op>
<gc-end id="58" type="global mark phase" contextid="31" durationms="3.579" usertimems="4.000" systemtimems="0.000" timestamp="2019-06-15T03:56:50.028" activeThreads="4">
  <mem-info id="59" free="3145728" total="9437184" percent="33">
    <pending-finalizers system="0" default="0" reference="193" classloader="0" />
    <remembered-set count="704" freebytes="373888" totalbytes="376704" percent="99" regionsoverflowed="0" regionsstable="1" regionsrebuilding="0"/>
  </mem-info>
</gc-end>
<cycle-end id="60" type="global mark phase" contextid="31" timestamp="2019-06-15T03:56:50.028" />
  <attribute name="elasticGC enabled" value="1" />
  <attribute name= "numThreadsSpecified" value="4" />
  <attribute name="heapSize specified" value="0" />
  <attribute name="Current GC Util" value="81" />
  <attribute name= "Current Time Running" value="1147" />
  <attribute name ="GC Interval" value="0" />
  <attribute name="ProportionalT" value="30.500000" />
  <attribute name="ProportionalI" value="30.500000" />
  <attribute name="ProportionalH" value="30.500000" />
  <attribute name="Current Error" value="61.000000" />
  <attribute name="IntegralT" value="61.000000" />
  <attribute name="IntegralI" value="61.000000" />
  <attribute name="IntegralH" value="61.000000" />
  <attribute name="DerivativeT" value="-13.500000" />
  <attribute name="DerivativeI" value="-13.500000" />
  <attribute name="DerivativeH" value="-13.500000" />
  <attribute name="Loop Time for DT" value="1.000000" />
  <attribute name="Output H" value="8388608"/>
  <attribute name="Output I" value="200"/>
  <attribute name="Output T" value="4"/>
  <attribute name="Target GC Util Change" value ="20.000000" />
  <attribute name="Current GC Util Change" value="81.000000"/>
  <attribute name="GC Util currently" value="81" />
  <attribute name="CPU Util currently" value="4604213379364" />
<exclusive-end id="61" timestamp="2019-06-15T03:56:50.028" durationms="4.021" />

</verbosegc>

