<?xml version="1.0" ?>

<verbosegc xmlns="http://www.ibm.com/j9/verbosegc" version="08cc62e_CMPRSS">

<initialized id="1" timestamp="2019-08-02T20:26:22.648">
  <attribute name="gcPolicy" value="-Xgcpolicy:balanced" />
  <attribute name="elasticGC enabled" value="1" />
  <attribute name= "numThreadsSpecified" value="0" />
  <attribute name="heapSize specified" value="0" />
  <attribute name= "numCores" value="0" />
  <attribute name ="GC Interval" value="0" />
  <attribute name="GC Util Range Max" value="0" />
  <attribute name="Current GC Util" value="0" />
  <attribute name= "Current Time Running" value="0" />
  <attribute name="maxHeapSize" value="0x7cb00000" />
  <attribute name="initialHeapSize" value="0x800000" />
  <attribute name="compressedRefs" value="true" />
  <attribute name="compressedRefsDisplacement" value="0x0" />
  <attribute name="compressedRefsShift" value="0x0" />
  <attribute name="pageSize" value="0x1000" />
  <attribute name="pageType" value="not used" />
  <attribute name="requestedPageSize" value="0x1000" />
  <attribute name="requestedPageType" value="not used" />
  <attribute name="gcthreads" value="8" />
  <attribute name="packetListSplit" value="8" />
  <attribute name="cacheListSplit" value="8" />
  <attribute name="splitFreeListSplitAmount" value="1" />
  <attribute name="numaNodes" value="0" />
  <region>
    <attribute name="regionSize" value="1048576" />
    <attribute name="regionCount" value="1995" />
    <attribute name="arrayletLeafSize" value="1048576" />
  </region>
  <system>
    <attribute name="physicalMemory" value="8370401280" />
    <attribute name="numCPUs" value="8" />
    <attribute name="architecture" value="amd64" />
    <attribute name="os" value="Linux" />
    <attribute name="osVersion" value="4.4.0-154-generic" />
  </system>
  <vmargs>
    <vmarg name="-Xoptionsfile=/vagrant/jdk/lib/options.default" />
    <vmarg name="-Xlockword:mode=default,noLockword=java/lang/String,noLockword=java/util/MapEntry,noLockword=java/util/HashMap$Entry,noLockword..." />
    <vmarg name="-Xjcl:jclse29" />
    <vmarg name="-Dcom.ibm.oti.vm.bootstrap.library.path=/vagrant/jdk/lib/compressedrefs:/vagrant/jdk/lib" />
    <vmarg name="-Dsun.boot.library.path=/vagrant/jdk/lib/compressedrefs:/vagrant/jdk/lib" />
    <vmarg name="-Djava.library.path=/vagrant/jdk/lib/compressedrefs:/vagrant/jdk/lib:/usr/lib64:/usr/lib" />
    <vmarg name="-Djava.home=/vagrant/jdk" />
    <vmarg name="-Duser.dir=/vagrant" />
    <vmarg name="-Xgcpolicy:balanced" />
    <vmarg name="-Xgcelastic" />
    <vmarg name="-Xcheck:gc:::elasticGC" />
    <vmarg name="-verbose:gc" />
    <vmarg name="-Xloggc:jdkB-small-BAL-8core-verbose10sunflow.txt" />
    <vmarg name="-Djava.class.path=dacapo-9.12-MR1-bach.jar" />
    <vmarg name="-Dsun.java.command=dacapo-9.12-MR1-bach.jar sunflow --size=small" />
    <vmarg name="-Dsun.java.launcher=SUN_STANDARD" />
    <vmarg name="-Dsun.java.launcher.pid=23233" />
  </vmargs>
</initialized>

<exclusive-start id="2" timestamp="2019-08-02T20:26:23.045" intervalms="396.753">
  <response-info timems="0.034" idlems="0.034" threads="0" lastid="0000000001DFEA00" lastname="main" />
</exclusive-start>
<sys-start reason="explicit" id="3" timestamp="2019-08-02T20:26:23.045" intervalms="397.104" />
<cycle-start id="4" type="global garbage collect" contextid="0" timestamp="2019-08-02T20:26:23.045" intervalms="397.315" />
<gc-start id="5" type="global garbage collect" contextid="4" timestamp="2019-08-02T20:26:23.046">
  <mem-info id="6" free="4216088" total="8388608" percent="50">
    <mem type="eden" free="22048" total="4194304" percent="0" />
    <remembered-set count="0" freebytes="334848" totalbytes="334848" percent="100" regionsoverflowed="0" regionsstable="0" regionsrebuilding="0"/>
  </mem-info>
</gc-start>
<allocation-stats totalBytes="4168968" >
  <allocated-bytes non-tlh="501912" tlh="3667056" arrayletleaf="0"/>
  <largest-consumer threadName="main" threadId="0000000001DFEA00" bytes="4076016" />
</allocation-stats>
<gc-op id="7" type="global mark" timems="4.275" contextid="4" timestamp="2019-08-02T20:26:23.051">
  <trace-info objectcount="30325" scancount="23649" scanbytes="766004" />
  <finalization candidates="125" enqueued="1" />
  <ownableSynchronizers candidates="3" cleared="0" />
  <references type="soft" candidates="131" cleared="0" enqueued="0" dynamicThreshold="32" maxThreshold="32" />
  <references type="weak" candidates="1322" cleared="569" enqueued="479" />
  <references type="phantom" candidates="106" cleared="42" enqueued="42" />
  <stringconstants candidates="3958" cleared="0"  />
</gc-op>
<gc-op id="8" type="classunload" timems="0.039" contextid="4" timestamp="2019-08-02T20:26:23.051">
  <classunload-info classloadercandidates="7" classloadersunloaded="0" classesunloaded="0" anonymousclassesunloaded="0" quiescems="0.000" setupms="0.039" scanms="0.000" postms="0.000" />
</gc-op>
<gc-op id="9" type="sweep" timems="0.644" contextid="4" timestamp="2019-08-02T20:26:23.052" />
<gc-op id="10" type="compact" timems="3.860" contextid="4" timestamp="2019-08-02T20:26:23.056">
  <compact-info movecount="30226" movebytes="1343176" />
  <remembered-set-cleared processed="3748" cleared="3748" durationms="0.147" />
</gc-op>
<gc-end id="11" type="global garbage collect" contextid="4" durationms="10.413" usertimems="16.000" systemtimems="0.000" timestamp="2019-08-02T20:26:23.056" activeThreads="8">
  <mem-info id="12" free="6291456" total="8388608" percent="75">
    <pending-finalizers system="1" default="0" reference="521" classloader="0" />
    <remembered-set count="2560" freebytes="324608" totalbytes="334848" percent="96" regionsoverflowed="0" regionsstable="0" regionsrebuilding="0"/>
  </mem-info>
</gc-end>
<cycle-end id="13" type="global garbage collect" contextid="4" timestamp="2019-08-02T20:26:23.056" />
  <attribute name="elasticGC enabled" value="1" />
  <attribute name= "numThreadsSpecified" value="0" />
  <attribute name="heapSize specified" value="0" />
  <attribute name= "numCores" value="8" />
  <attribute name ="GC Interval" value="0" />
  <attribute name ="Control flow" value="2" />
  <attribute name="GC Util Range Max" value="104" />
  <attribute name="Current GC Util" value="83" />
  <attribute name= "Current Time Running" value="5" />
<sys-end id="14" timestamp="2019-08-02T20:26:23.056" />
<exclusive-end id="15" timestamp="2019-08-02T20:26:23.057" durationms="11.632" />

<exclusive-start id="16" timestamp="2019-08-02T20:26:23.221" intervalms="176.256">
  <response-info timems="0.075" idlems="0.075" threads="0" lastid="000000000216DF00" lastname="Thread-7" />
</exclusive-start>
<allocation-taxation id="17" taxation-threshold="6291456" timestamp="2019-08-02T20:26:23.221" intervalms="573.355" />
<cycle-start id="18" type="partial gc" contextid="0" timestamp="2019-08-02T20:26:23.222" intervalms="573.608" />
<gc-start id="19" type="partial gc" contextid="18" timestamp="2019-08-02T20:26:23.222">
  <mem-info id="20" free="0" total="8388608" percent="0">
    <mem type="eden" free="184080" total="6291456" percent="2" />
    <remembered-set count="2112" freebytes="326400" totalbytes="334848" percent="97" regionsoverflowed="0" regionsstable="0" regionsrebuilding="0"/>
  </mem-info>
</gc-start>
<allocation-stats totalBytes="6054592" >
  <allocated-bytes non-tlh="1038432" tlh="5016160" arrayletleaf="0"/>
  <largest-consumer threadName="main" threadId="0000000001DFEA00" bytes="2988480" />
</allocation-stats>
<gc-op id="21" type="mark" timems="3.143" contextid="18" timestamp="2019-08-02T20:26:23.226">
  <trace-info objectcount="15326" scancount="12434" scanbytes="464008" />
  <cardclean-info objects="1318" bytes="48368" />
  <remembered-set-cleared processed="400" cleared="46" durationms="0.054" />
  <references type="soft" candidates="17" cleared="0" enqueued="0" dynamicThreshold="24" maxThreshold="32" />
  <references type="weak" candidates="45" cleared="29" enqueued="28" />
  <references type="phantom" candidates="2" cleared="0" enqueued="0" />
  <stringconstants candidates="4534" cleared="1"  />
  <warning details="Mark invoked due to insufficient free space for Copy-Forward" />
</gc-op>
<gc-op id="22" type="classunload" timems="0.002" contextid="18" timestamp="2019-08-02T20:26:23.226">
  <classunload-info classloadercandidates="8" classloadersunloaded="0" classesunloaded="0" anonymousclassesunloaded="0" quiescems="0.000" setupms="0.002" scanms="0.000" postms="0.000" />
</gc-op>
<gc-op id="23" type="sweep" timems="0.378" contextid="18" timestamp="2019-08-02T20:26:23.226" />
<gc-op id="24" type="compact" timems="2.128" contextid="18" timestamp="2019-08-02T20:26:23.229">
  <compact-info movecount="15326" movebytes="1664568" />
  <remembered-set-cleared processed="2163" cleared="1431" durationms="0.054" />
</gc-op>
<heap-resize id="25" type="expand" space="default" amount="1048576" count="1" timems="0.055" reason="insufficient free space following gc" timestamp="2019-08-02T20:26:23.229" />
<gc-end id="26" type="partial gc" contextid="18" durationms="7.517" usertimems="12.000" systemtimems="0.000" timestamp="2019-08-02T20:26:23.230" activeThreads="8">
  <mem-info id="27" free="5242880" total="9437184" percent="55">
    <mem type="eden" free="432512" total="2097152" percent="20" />
    <pending-finalizers system="0" default="0" reference="28" classloader="0" />
    <remembered-set count="3072" freebytes="364416" totalbytes="376704" percent="96" regionsoverflowed="0" regionsstable="0" regionsrebuilding="0"/>
  </mem-info>
</gc-end>
<cycle-end id="28" type="partial gc" contextid="18" timestamp="2019-08-02T20:26:23.230" />
  <attribute name="elasticGC enabled" value="1" />
  <attribute name= "numThreadsSpecified" value="0" />
  <attribute name="heapSize specified" value="0" />
  <attribute name= "numCores" value="8" />
  <attribute name ="GC Interval" value="0" />
  <attribute name ="Control flow" value="2" />
  <attribute name="GC Util Range Max" value="104" />
  <attribute name="Current GC Util" value="49" />
  <attribute name= "Current Time Running" value="180" />
<exclusive-end id="29" timestamp="2019-08-02T20:26:23.230" durationms="8.668" />

<exclusive-start id="30" timestamp="2019-08-02T20:26:23.286" intervalms="64.922">
  <response-info timems="0.108" idlems="0.108" threads="0" lastid="000000000216DF00" lastname="Thread-7" />
</exclusive-start>
<allocation-taxation id="31" taxation-threshold="2097152" timestamp="2019-08-02T20:26:23.286" intervalms="64.787" />
<cycle-start id="32" type="global mark phase" contextid="0" timestamp="2019-08-02T20:26:23.287" intervalms="638.372" />
<gc-start id="33" type="global mark phase" contextid="32" timestamp="2019-08-02T20:26:23.287">
  <mem-info id="34" free="3145728" total="9437184" percent="33">
    <remembered-set count="2816" freebytes="365440" totalbytes="376704" percent="97" regionsoverflowed="0" regionsstable="0" regionsrebuilding="0"/>
  </mem-info>
</gc-start>
<gc-op id="35" type="mark increment" timems="0.667" contextid="32" timestamp="2019-08-02T20:26:23.287">
  <trace-info objectcount="203" scancount="0" scanbytes="0" />
</gc-op>
<gc-end id="36" type="global mark phase" contextid="32" durationms="0.897" usertimems="0.000" systemtimems="0.000" timestamp="2019-08-02T20:26:23.288" activeThreads="8">
  <mem-info id="37" free="3145728" total="9437184" percent="33">
    <remembered-set count="2816" freebytes="365440" totalbytes="376704" percent="97" regionsoverflowed="0" regionsstable="0" regionsrebuilding="0"/>
  </mem-info>
</gc-end>
<concurrent-start id="38" type="GMP work packet processing" contextid="32" timestamp="2019-08-02T20:26:23.288">
  <concurrent-mark-start scanTarget="18446744073709551615" />
</concurrent-start>
<exclusive-end id="39" timestamp="2019-08-02T20:26:23.288" durationms="1.653" />

<concurrent-end id="40" type="GMP work packet processing" contextid="32" timestamp="2019-08-02T20:26:23.289">
  <concurrent-mark-end bytesScanned="1204528" reasonForTermination="Completed all work in GC phase" />
</concurrent-end>

<exclusive-start id="41" timestamp="2019-08-02T20:26:23.292" intervalms="5.631">
  <response-info timems="0.059" idlems="0.059" threads="0" lastid="000000000216DF00" lastname="Thread-7" />
</exclusive-start>
<allocation-taxation id="42" taxation-threshold="2097152" timestamp="2019-08-02T20:26:23.292" intervalms="5.606" />
<cycle-start id="43" type="partial gc" contextid="0" timestamp="2019-08-02T20:26:23.292" intervalms="70.338" />
<gc-start id="44" type="partial gc" contextid="43" timestamp="2019-08-02T20:26:23.292">
  <mem-info id="45" free="1048576" total="9437184" percent="11">
    <mem type="eden" free="0" total="4194304" percent="0" />
    <remembered-set count="2816" freebytes="365440" totalbytes="376704" percent="97" regionsoverflowed="0" regionsstable="0" regionsrebuilding="0"/>
  </mem-info>
</gc-start>
<allocation-stats totalBytes="4163032" >
  <allocated-bytes non-tlh="487480" tlh="3675552" arrayletleaf="0"/>
  <largest-consumer threadName="Thread-7" threadId="000000000216DF00" bytes="2089360" />
</allocation-stats>
<gc-op id="46" type="copy forward" timems="4.509" contextid="43" timestamp="2019-08-02T20:26:23.297">
  <memory-copied type="eden" objects="8" bytes="149016" bytesdiscarded="0" />
  <memory-copied type="other" objects="15215" bytes="1456072" bytesdiscarded="277656" />
  <memory-cardclean objects="100" bytes="8344" />
  <regions eden="4" other="2" />
  <remembered-set-cleared processed="990" cleared="611" durationms="0.063" />
  <references type="soft" candidates="17" cleared="0" enqueued="0" dynamicThreshold="10" maxThreshold="32" />
  <references type="weak" candidates="16" cleared="0" enqueued="0" />
  <references type="phantom" candidates="2" cleared="0" enqueued="0" />
  <stringconstants candidates="4533" cleared="0"  />
  <heap-resize type="expand" space="default" amount="2097152" count="2" timems="0.416" reason="continue current collection" />
</gc-op>
<gc-op id="47" type="classunload" timems="0.002" contextid="43" timestamp="2019-08-02T20:26:23.297">
  <classunload-info classloadercandidates="8" classloadersunloaded="0" classesunloaded="0" anonymousclassesunloaded="0" quiescems="0.000" setupms="0.002" scanms="0.000" postms="0.000" />
</gc-op>
<gc-op id="48" type="compact" timems="1.093" contextid="43" timestamp="2019-08-02T20:26:23.299">
  <compact-info movecount="0" movebytes="0" />
  <remembered-set-cleared processed="1755" cleared="611" durationms="0.063" />
</gc-op>
<gc-end id="49" type="partial gc" contextid="43" durationms="6.577" usertimems="0.000" systemtimems="12.000" timestamp="2019-08-02T20:26:23.299" activeThreads="8">
  <mem-info id="50" free="6291456" total="11534336" percent="54">
    <mem type="eden" free="899560" total="1048576" percent="85" />
    <remembered-set count="2208" freebytes="451584" totalbytes="460416" percent="98" regionsoverflowed="0" regionsstable="0" regionsrebuilding="0"/>
  </mem-info>
</gc-end>
<cycle-end id="51" type="partial gc" contextid="43" timestamp="2019-08-02T20:26:23.299" />
  <attribute name="elasticGC enabled" value="1" />
  <attribute name= "numThreadsSpecified" value="0" />
  <attribute name="heapSize specified" value="0" />
  <attribute name= "numCores" value="8" />
  <attribute name ="GC Interval" value="0" />
  <attribute name ="Control flow" value="2" />
  <attribute name="GC Util Range Max" value="104" />
  <attribute name="Current GC Util" value="176" />
  <attribute name= "Current Time Running" value="251" />
<exclusive-end id="52" timestamp="2019-08-02T20:26:23.299" durationms="7.396" />

<exclusive-start id="53" timestamp="2019-08-02T20:26:23.343" intervalms="51.145">
  <response-info timems="0.103" idlems="0.103" threads="0" lastid="0000000002175700" lastname="Thread-11" />
</exclusive-start>
<allocation-taxation id="54" taxation-threshold="3145728" timestamp="2019-08-02T20:26:23.343" intervalms="51.121" />
<gc-start id="55" type="global mark phase" contextid="32" timestamp="2019-08-02T20:26:23.343">
  <mem-info id="56" free="3145728" total="11534336" percent="27">
    <remembered-set count="1568" freebytes="454144" totalbytes="460416" percent="98" regionsoverflowed="0" regionsstable="1" regionsrebuilding="0"/>
  </mem-info>
</gc-start>
<gc-op id="57" type="mark increment" timems="1.567" contextid="32" timestamp="2019-08-02T20:26:23.345">
  <trace-info objectcount="5661" scancount="5578" scanbytes="274740" />
  <cardclean-info objects="723" bytes="32936" />
  <finalization candidates="124" enqueued="0" />
  <ownableSynchronizers candidates="3" cleared="0" />
  <references type="soft" candidates="148" cleared="0" enqueued="0" dynamicThreshold="17" maxThreshold="32" />
  <references type="weak" candidates="769" cleared="0" enqueued="0" />
  <references type="phantom" candidates="65" cleared="2" enqueued="2" />
  <stringconstants candidates="4596" cleared="0"  />
</gc-op>
<gc-op id="58" type="classunload" timems="0.004" contextid="32" timestamp="2019-08-02T20:26:23.345">
  <classunload-info classloadercandidates="8" classloadersunloaded="0" classesunloaded="0" anonymousclassesunloaded="0" quiescems="0.000" setupms="0.004" scanms="0.000" postms="0.000" />
</gc-op>
<gc-end id="59" type="global mark phase" contextid="32" durationms="1.936" usertimems="4.000" systemtimems="0.000" timestamp="2019-08-02T20:26:23.345" activeThreads="8">
  <mem-info id="60" free="3145728" total="11534336" percent="27">
    <pending-finalizers system="0" default="0" reference="2" classloader="0" />
    <remembered-set count="1568" freebytes="454144" totalbytes="460416" percent="98" regionsoverflowed="0" regionsstable="1" regionsrebuilding="0"/>
  </mem-info>
</gc-end>
<cycle-end id="61" type="global mark phase" contextid="32" timestamp="2019-08-02T20:26:23.345" />
  <attribute name="elasticGC enabled" value="1" />
  <attribute name= "numThreadsSpecified" value="0" />
  <attribute name="heapSize specified" value="0" />
  <attribute name= "numCores" value="8" />
  <attribute name ="GC Interval" value="0" />
  <attribute name ="Control flow" value="2" />
  <attribute name="GC Util Range Max" value="104" />
  <attribute name="Current GC Util" value="65" />
  <attribute name= "Current Time Running" value="297" />
<exclusive-end id="62" timestamp="2019-08-02T20:26:23.346" durationms="2.702" />

<exclusive-start id="63" timestamp="2019-08-02T20:26:23.397" intervalms="54.291">
  <response-info timems="0.021" idlems="0.021" threads="0" lastid="0000000002175700" lastname="Thread-11" />
</exclusive-start>
<allocation-taxation id="64" taxation-threshold="3145728" timestamp="2019-08-02T20:26:23.397" intervalms="54.254" />
<cycle-start id="65" type="partial gc" contextid="0" timestamp="2019-08-02T20:26:23.397" intervalms="105.276" />
<gc-start id="66" type="partial gc" contextid="65" timestamp="2019-08-02T20:26:23.398">
  <mem-info id="67" free="0" total="11534336" percent="0">
    <mem type="eden" free="0" total="6291456" percent="0" />
    <remembered-set count="1568" freebytes="454144" totalbytes="460416" percent="98" regionsoverflowed="0" regionsstable="1" regionsrebuilding="0"/>
  </mem-info>
</gc-start>
<allocation-stats totalBytes="6258792" >
  <allocated-bytes non-tlh="607424" tlh="5651368" arrayletleaf="0"/>
  <largest-consumer threadName="Thread-11" threadId="0000000002175700" bytes="3145280" />
</allocation-stats>
<gc-op id="68" type="sweep" timems="0.566" contextid="65" timestamp="2019-08-02T20:26:23.398" />
<gc-op id="69" type="mark" timems="1.810" contextid="65" timestamp="2019-08-02T20:26:23.401">
  <trace-info objectcount="5884" scancount="5801" scanbytes="280092" />
  <cardclean-info objects="302" bytes="14768" />
  <remembered-set-cleared processed="269" cleared="36" durationms="0.080" />
  <stringconstants candidates="4596" cleared="0"  />
  <warning details="Mark invoked due to insufficient free space for Copy-Forward" />
</gc-op>
<gc-op id="70" type="classunload" timems="0.002" contextid="65" timestamp="2019-08-02T20:26:23.401">
  <classunload-info classloadercandidates="8" classloadersunloaded="0" classesunloaded="0" anonymousclassesunloaded="0" quiescems="0.000" setupms="0.002" scanms="0.000" postms="0.000" />
</gc-op>
<gc-op id="71" type="sweep" timems="0.472" contextid="65" timestamp="2019-08-02T20:26:23.401" />
<gc-op id="72" type="compact" timems="1.659" contextid="65" timestamp="2019-08-02T20:26:23.403">
  <compact-info movecount="5884" movebytes="439688" />
  <remembered-set-cleared processed="640" cleared="162" durationms="0.080" />
</gc-op>
<gc-end id="73" type="partial gc" contextid="65" durationms="5.943" usertimems="4.000" systemtimems="0.000" timestamp="2019-08-02T20:26:23.404" activeThreads="8">
  <mem-info id="74" free="6291456" total="11534336" percent="54">
    <mem type="eden" free="608888" total="1048576" percent="58" />
    <remembered-set count="3104" freebytes="448000" totalbytes="460416" percent="97" regionsoverflowed="0" regionsstable="1" regionsrebuilding="0"/>
  </mem-info>
</gc-end>
<cycle-end id="75" type="partial gc" contextid="65" timestamp="2019-08-02T20:26:23.404" />
  <attribute name="elasticGC enabled" value="1" />
  <attribute name= "numThreadsSpecified" value="0" />
  <attribute name="heapSize specified" value="0" />
  <attribute name= "numCores" value="8" />
  <attribute name ="GC Interval" value="0" />
  <attribute name ="Control flow" value="2" />
  <attribute name="GC Util Range Max" value="104" />
  <attribute name="Current GC Util" value="47" />
  <attribute name= "Current Time Running" value="355" />
<exclusive-end id="76" timestamp="2019-08-02T20:26:23.404" durationms="6.620" />

<exclusive-start id="77" timestamp="2019-08-02T20:26:23.449" intervalms="51.640">
  <response-info timems="0.142" idlems="0.142" threads="0" lastid="0000000002175700" lastname="Thread-11" />
</exclusive-start>
<allocation-taxation id="78" taxation-threshold="6291456" timestamp="2019-08-02T20:26:23.449" intervalms="51.670" />
<cycle-start id="79" type="partial gc" contextid="0" timestamp="2019-08-02T20:26:23.449" intervalms="51.685" />
<gc-start id="80" type="partial gc" contextid="79" timestamp="2019-08-02T20:26:23.449">
  <mem-info id="81" free="0" total="11534336" percent="0">
    <mem type="eden" free="0" total="6291456" percent="0" />
    <remembered-set count="2688" freebytes="449664" totalbytes="460416" percent="97" regionsoverflowed="0" regionsstable="1" regionsrebuilding="0"/>
  </mem-info>
</gc-start>
<allocation-stats totalBytes="6290704" >
  <allocated-bytes non-tlh="0" tlh="6290704" arrayletleaf="0"/>
  <largest-consumer threadName="Thread-11" threadId="0000000002175700" bytes="6290704" />
</allocation-stats>
<gc-op id="82" type="mark" timems="1.781" contextid="79" timestamp="2019-08-02T20:26:23.452">
  <trace-info objectcount="6228" scancount="6145" scanbytes="288348" />
  <cardclean-info objects="45" bytes="3308" />
  <remembered-set-cleared processed="353" cleared="104" durationms="0.080" />
  <stringconstants candidates="4596" cleared="0"  />
  <warning details="Mark invoked due to insufficient free space for Copy-Forward" />
</gc-op>
<gc-op id="83" type="classunload" timems="0.002" contextid="79" timestamp="2019-08-02T20:26:23.452">
  <classunload-info classloadercandidates="8" classloadersunloaded="0" classesunloaded="0" anonymousclassesunloaded="0" quiescems="0.000" setupms="0.002" scanms="0.000" postms="0.000" />
</gc-op>
<gc-op id="84" type="sweep" timems="0.355" contextid="79" timestamp="2019-08-02T20:26:23.452" />
<gc-op id="85" type="compact" timems="1.550" contextid="79" timestamp="2019-08-02T20:26:23.454">
  <compact-info movecount="6199" movebytes="447248" />
  <remembered-set-cleared processed="764" cleared="266" durationms="0.080" />
</gc-op>
<gc-end id="86" type="partial gc" contextid="79" durationms="4.802" usertimems="4.000" systemtimems="0.000" timestamp="2019-08-02T20:26:23.454" activeThreads="8">
  <mem-info id="87" free="5242880" total="11534336" percent="45">
    <mem type="eden" free="1038032" total="1048576" percent="98" />
    <remembered-set count="2112" freebytes="451968" totalbytes="460416" percent="98" regionsoverflowed="0" regionsstable="1" regionsrebuilding="0"/>
  </mem-info>
</gc-end>
<cycle-end id="88" type="partial gc" contextid="79" timestamp="2019-08-02T20:26:23.454" />
  <attribute name="elasticGC enabled" value="1" />
  <attribute name= "numThreadsSpecified" value="0" />
  <attribute name="heapSize specified" value="0" />
  <attribute name= "numCores" value="8" />
  <attribute name ="GC Interval" value="0" />
  <attribute name ="Control flow" value="2" />
  <attribute name="GC Util Range Max" value="104" />
  <attribute name="Current GC Util" value="63" />
  <attribute name= "Current Time Running" value="405" />
<exclusive-end id="89" timestamp="2019-08-02T20:26:23.454" durationms="5.619" />

<exclusive-start id="90" timestamp="2019-08-02T20:26:23.461" intervalms="12.670">
  <response-info timems="0.083" idlems="0.083" threads="0" lastid="0000000002175700" lastname="Thread-11" />
</exclusive-start>
<allocation-taxation id="91" taxation-threshold="2097152" timestamp="2019-08-02T20:26:23.462" intervalms="12.632" />
<cycle-start id="92" type="global mark phase" contextid="0" timestamp="2019-08-02T20:26:23.462" intervalms="175.143" />
<gc-start id="93" type="global mark phase" contextid="92" timestamp="2019-08-02T20:26:23.462">
  <mem-info id="94" free="3145728" total="11534336" percent="27">
    <remembered-set count="2112" freebytes="451968" totalbytes="460416" percent="98" regionsoverflowed="0" regionsstable="1" regionsrebuilding="0"/>
  </mem-info>
</gc-start>
<gc-op id="95" type="mark increment" timems="0.449" contextid="92" timestamp="2019-08-02T20:26:23.462">
  <trace-info objectcount="145" scancount="0" scanbytes="0" />
</gc-op>
<gc-end id="96" type="global mark phase" contextid="92" durationms="0.567" usertimems="0.000" systemtimems="0.000" timestamp="2019-08-02T20:26:23.462" activeThreads="8">
  <mem-info id="97" free="3145728" total="11534336" percent="27">
    <remembered-set count="2112" freebytes="451968" totalbytes="460416" percent="98" regionsoverflowed="0" regionsstable="0" regionsrebuilding="1"/>
  </mem-info>
</gc-end>
<concurrent-start id="98" type="GMP work packet processing" contextid="92" timestamp="2019-08-02T20:26:23.462">
  <concurrent-mark-start scanTarget="18446744073709551615" />
</concurrent-start>
<concurrent-end id="99" type="GMP work packet processing" contextid="92" timestamp="2019-08-02T20:26:23.463">
  <concurrent-mark-end bytesScanned="1460752" reasonForTermination="Completed all work in GC phase" />
</concurrent-end>

<exclusive-end id="100" timestamp="2019-08-02T20:26:23.463" durationms="1.858" />

<exclusive-start id="101" timestamp="2019-08-02T20:26:23.470" intervalms="9.001">
  <response-info timems="0.032" idlems="0.032" threads="0" lastid="0000000002175700" lastname="Thread-11" />
</exclusive-start>
<allocation-taxation id="102" taxation-threshold="2097152" timestamp="2019-08-02T20:26:23.471" intervalms="8.988" />
<cycle-start id="103" type="partial gc" contextid="0" timestamp="2019-08-02T20:26:23.471" intervalms="21.604" />
<gc-start id="104" type="partial gc" contextid="103" timestamp="2019-08-02T20:26:23.471">
  <mem-info id="105" free="1048576" total="11534336" percent="9">
    <mem type="eden" free="0" total="4194304" percent="0" />
    <remembered-set count="3968" freebytes="444544" totalbytes="460416" percent="96" regionsoverflowed="0" regionsstable="0" regionsrebuilding="1"/>
  </mem-info>
</gc-start>
<allocation-stats totalBytes="4193808" >
  <allocated-bytes non-tlh="0" tlh="4193808" arrayletleaf="0"/>
  <largest-consumer threadName="Thread-11" threadId="0000000002175700" bytes="2096936" />
</allocation-stats>
<gc-op id="106" type="copy forward" timems="1.603" contextid="103" timestamp="2019-08-02T20:26:23.473">
  <memory-copied type="eden" objects="198" bytes="4920" bytesdiscarded="0" />
  <memory-copied type="other" objects="338" bytes="8112" bytesdiscarded="0" />
  <memory-cardclean objects="894" bytes="43376" />
  <regions eden="4" other="1" />
  <remembered-set-cleared processed="2018" cleared="84" durationms="0.061" />
  <stringconstants candidates="4596" cleared="0"  />
  <heap-resize type="expand" space="default" amount="1048576" count="1" timems="0.074" reason="continue current collection" />
</gc-op>
<gc-op id="107" type="classunload" timems="0.003" contextid="103" timestamp="2019-08-02T20:26:23.473">
  <classunload-info classloadercandidates="8" classloadersunloaded="0" classesunloaded="0" anonymousclassesunloaded="0" quiescems="0.000" setupms="0.002" scanms="0.000" postms="0.000" />
</gc-op>
<gc-op id="108" type="compact" timems="0.892" contextid="103" timestamp="2019-08-02T20:26:23.474">
  <compact-info movecount="0" movebytes="0" />
  <remembered-set-cleared processed="4213" cleared="84" durationms="0.061" />
</gc-op>
<heap-resize id="109" type="expand" space="default" amount="3145728" count="1" timems="0.064" reason="excessive time being spent in gc" timestamp="2019-08-02T20:26:23.474" />
<gc-end id="110" type="partial gc" contextid="103" durationms="3.596" usertimems="4.000" systemtimems="0.000" timestamp="2019-08-02T20:26:23.474" activeThreads="8">
  <mem-info id="111" free="8388608" total="15728640" percent="53">
    <mem type="eden" free="1043656" total="1048576" percent="99" />
    <remembered-set count="3808" freebytes="612608" totalbytes="627840" percent="97" regionsoverflowed="0" regionsstable="0" regionsrebuilding="1"/>
  </mem-info>
</gc-end>
<cycle-end id="112" type="partial gc" contextid="103" timestamp="2019-08-02T20:26:23.475" />
  <attribute name="elasticGC enabled" value="1" />
  <attribute name= "numThreadsSpecified" value="0" />
  <attribute name="heapSize specified" value="0" />
  <attribute name= "numCores" value="8" />
  <attribute name ="GC Interval" value="0" />
  <attribute name ="Control flow" value="2" />
  <attribute name="GC Util Range Max" value="104" />
  <attribute name="Current GC Util" value="178" />
  <attribute name= "Current Time Running" value="426" />
<exclusive-end id="113" timestamp="2019-08-02T20:26:23.475" durationms="4.183" />

<exclusive-start id="114" timestamp="2019-08-02T20:26:23.488" intervalms="17.849">
  <response-info timems="0.083" idlems="0.083" threads="0" lastid="0000000002175700" lastname="Thread-11" />
</exclusive-start>
<allocation-taxation id="115" taxation-threshold="4194304" timestamp="2019-08-02T20:26:23.488" intervalms="17.856" />
<gc-start id="116" type="global mark phase" contextid="92" timestamp="2019-08-02T20:26:23.489">
  <mem-info id="117" free="4194304" total="15728640" percent="26">
    <remembered-set count="3808" freebytes="612608" totalbytes="627840" percent="97" regionsoverflowed="0" regionsstable="0" regionsrebuilding="1"/>
  </mem-info>
</gc-start>
<gc-op id="118" type="mark increment" timems="1.192" contextid="92" timestamp="2019-08-02T20:26:23.490">
  <trace-info objectcount="350" scancount="350" scanbytes="8792" />
  <cardclean-info objects="1550" bytes="71256" />
  <finalization candidates="124" enqueued="0" />
  <ownableSynchronizers candidates="3" cleared="0" />
  <references type="soft" candidates="148" cleared="0" enqueued="0" dynamicThreshold="17" maxThreshold="32" />
  <references type="weak" candidates="769" cleared="0" enqueued="0" />
  <references type="phantom" candidates="63" cleared="0" enqueued="0" />
  <stringconstants candidates="4596" cleared="0"  />
</gc-op>
<gc-op id="119" type="classunload" timems="0.002" contextid="92" timestamp="2019-08-02T20:26:23.490">
  <classunload-info classloadercandidates="8" classloadersunloaded="0" classesunloaded="0" anonymousclassesunloaded="0" quiescems="0.000" setupms="0.002" scanms="0.000" postms="0.000" />
</gc-op>
<gc-end id="120" type="global mark phase" contextid="92" durationms="1.417" usertimems="0.000" systemtimems="4.000" timestamp="2019-08-02T20:26:23.490" activeThreads="8">
  <mem-info id="121" free="4194304" total="15728640" percent="26">
    <remembered-set count="4832" freebytes="608512" totalbytes="627840" percent="96" regionsoverflowed="0" regionsstable="0" regionsrebuilding="0"/>
  </mem-info>
</gc-end>
<cycle-end id="122" type="global mark phase" contextid="92" timestamp="2019-08-02T20:26:23.490" />
  <attribute name="elasticGC enabled" value="1" />
  <attribute name= "numThreadsSpecified" value="0" />
  <attribute name="heapSize specified" value="0" />
  <attribute name= "numCores" value="8" />
  <attribute name ="GC Interval" value="0" />
  <attribute name ="Control flow" value="2" />
  <attribute name="GC Util Range Max" value="104" />
  <attribute name="Current GC Util" value="70" />
  <attribute name= "Current Time Running" value="442" />
<exclusive-end id="123" timestamp="2019-08-02T20:26:23.490" durationms="1.752" />

<exclusive-start id="124" timestamp="2019-08-02T20:26:23.504" intervalms="15.804">
  <response-info timems="0.087" idlems="0.087" threads="0" lastid="0000000002175700" lastname="Thread-11" />
</exclusive-start>
<allocation-taxation id="125" taxation-threshold="4194304" timestamp="2019-08-02T20:26:23.504" intervalms="15.805" />
<cycle-start id="126" type="partial gc" contextid="0" timestamp="2019-08-02T20:26:23.504" intervalms="33.667" />
<gc-start id="127" type="partial gc" contextid="126" timestamp="2019-08-02T20:26:23.504">
  <mem-info id="128" free="0" total="15728640" percent="0">
    <mem type="eden" free="0" total="8388608" percent="0" />
    <remembered-set count="3040" freebytes="615680" totalbytes="627840" percent="98" regionsoverflowed="0" regionsstable="1" regionsrebuilding="0"/>
  </mem-info>
</gc-start>
<allocation-stats totalBytes="8387440" >
  <allocated-bytes non-tlh="0" tlh="8387440" arrayletleaf="0"/>
  <largest-consumer threadName="Thread-11" threadId="0000000002175700" bytes="4193768" />
</allocation-stats>
<gc-op id="129" type="sweep" timems="0.444" contextid="126" timestamp="2019-08-02T20:26:23.505" />
<gc-op id="130" type="mark" timems="1.344" contextid="126" timestamp="2019-08-02T20:26:23.507">
  <trace-info objectcount="600" scancount="600" scanbytes="14520" />
  <cardclean-info objects="1239" bytes="59936" />
  <remembered-set-cleared processed="550" cleared="145" durationms="0.078" />
  <stringconstants candidates="4596" cleared="0"  />
  <warning details="Mark invoked due to insufficient free space for Copy-Forward" />
</gc-op>
<gc-op id="131" type="classunload" timems="0.002" contextid="126" timestamp="2019-08-02T20:26:23.507">
  <classunload-info classloadercandidates="8" classloadersunloaded="0" classesunloaded="0" anonymousclassesunloaded="0" quiescems="0.000" setupms="0.002" scanms="0.000" postms="0.000" />
</gc-op>
<gc-op id="132" type="sweep" timems="0.306" contextid="126" timestamp="2019-08-02T20:26:23.507" />
<gc-op id="133" type="compact" timems="2.325" contextid="126" timestamp="2019-08-02T20:26:23.510">
  <compact-info movecount="14642" movebytes="999624" />
  <remembered-set-cleared processed="898" cleared="346" durationms="0.078" />
</gc-op>
<heap-resize id="134" type="expand" space="default" amount="3145728" count="1" timems="0.064" reason="excessive time being spent in gc" timestamp="2019-08-02T20:26:23.510" />
<gc-end id="135" type="partial gc" contextid="126" durationms="5.802" usertimems="8.000" systemtimems="0.000" timestamp="2019-08-02T20:26:23.510" activeThreads="8">
  <mem-info id="136" free="11534336" total="18874368" percent="61">
    <mem type="eden" free="1038184" total="1048576" percent="99" />
    <remembered-set count="3424" freebytes="739712" totalbytes="753408" percent="98" regionsoverflowed="0" regionsstable="1" regionsrebuilding="0"/>
  </mem-info>
</gc-end>
<cycle-end id="137" type="partial gc" contextid="126" timestamp="2019-08-02T20:26:23.510" />
  <attribute name="elasticGC enabled" value="1" />
  <attribute name= "numThreadsSpecified" value="0" />
  <attribute name="heapSize specified" value="0" />
  <attribute name= "numCores" value="8" />
  <attribute name ="GC Interval" value="0" />
  <attribute name ="Control flow" value="2" />
  <attribute name="GC Util Range Max" value="104" />
  <attribute name="Current GC Util" value="72" />
  <attribute name= "Current Time Running" value="461" />
<exclusive-end id="138" timestamp="2019-08-02T20:26:23.510" durationms="6.320" />

<exclusive-start id="139" timestamp="2019-08-02T20:26:23.527" intervalms="22.754">
  <response-info timems="0.086" idlems="0.086" threads="0" lastid="0000000002175700" lastname="Thread-11" />
</exclusive-start>
<allocation-taxation id="140" taxation-threshold="5242880" timestamp="2019-08-02T20:26:23.527" intervalms="22.815" />
<cycle-start id="141" type="global mark phase" contextid="0" timestamp="2019-08-02T20:26:23.527" intervalms="65.554" />
<gc-start id="142" type="global mark phase" contextid="141" timestamp="2019-08-02T20:26:23.527">
  <mem-info id="143" free="6291456" total="18874368" percent="33">
    <remembered-set count="3392" freebytes="739840" totalbytes="753408" percent="98" regionsoverflowed="0" regionsstable="1" regionsrebuilding="0"/>
  </mem-info>
</gc-start>
<gc-op id="144" type="mark increment" timems="0.432" contextid="141" timestamp="2019-08-02T20:26:23.528">
  <trace-info objectcount="136" scancount="0" scanbytes="0" />
</gc-op>
<gc-end id="145" type="global mark phase" contextid="141" durationms="0.574" usertimems="4.000" systemtimems="0.000" timestamp="2019-08-02T20:26:23.528" activeThreads="8">
  <mem-info id="146" free="6291456" total="18874368" percent="33">
    <remembered-set count="3392" freebytes="739840" totalbytes="753408" percent="98" regionsoverflowed="0" regionsstable="0" regionsrebuilding="1"/>
  </mem-info>
</gc-end>
<concurrent-start id="147" type="GMP work packet processing" contextid="141" timestamp="2019-08-02T20:26:23.528">
  <concurrent-mark-start scanTarget="18446744073709551615" />
</concurrent-start>
<exclusive-end id="148" timestamp="2019-08-02T20:26:23.529" durationms="1.819" />

<concurrent-end id="149" type="GMP work packet processing" contextid="141" timestamp="2019-08-02T20:26:23.529">
  <concurrent-mark-end bytesScanned="1477640" reasonForTermination="Completed all work in GC phase" />
</concurrent-end>

<exclusive-start id="150" timestamp="2019-08-02T20:26:23.548" intervalms="20.716">
  <response-info timems="0.085" idlems="0.085" threads="0" lastid="0000000002175700" lastname="Thread-11" />
</exclusive-start>
<allocation-taxation id="151" taxation-threshold="5242880" timestamp="2019-08-02T20:26:23.548" intervalms="20.650" />
<cycle-start id="152" type="partial gc" contextid="0" timestamp="2019-08-02T20:26:23.548" intervalms="43.466" />
<gc-start id="153" type="partial gc" contextid="152" timestamp="2019-08-02T20:26:23.548">
  <mem-info id="154" free="1048576" total="18874368" percent="5">
    <mem type="eden" free="0" total="10485760" percent="0" />
    <remembered-set count="4608" freebytes="734976" totalbytes="753408" percent="97" regionsoverflowed="0" regionsstable="0" regionsrebuilding="1"/>
  </mem-info>
</gc-start>
<allocation-stats totalBytes="10484576" >
  <allocated-bytes non-tlh="0" tlh="10484576" arrayletleaf="0"/>
  <largest-consumer threadName="Thread-11" threadId="0000000002175700" bytes="5242240" />
</allocation-stats>
<gc-op id="155" type="copy forward" timems="1.680" contextid="152" timestamp="2019-08-02T20:26:23.550">
  <memory-copied type="eden" objects="640" bytes="15752" bytesdiscarded="0" />
  <memory-copied type="other" objects="416" bytes="9984" bytesdiscarded="0" />
  <memory-cardclean objects="1676" bytes="99968" />
  <regions eden="10" other="1" />
  <remembered-set-cleared processed="2217" cleared="187" durationms="0.085" />
  <stringconstants candidates="4596" cleared="0"  />
  <heap-resize type="expand" space="default" amount="1048576" count="1" timems="0.072" reason="continue current collection" />
</gc-op>
<gc-op id="156" type="classunload" timems="0.003" contextid="152" timestamp="2019-08-02T20:26:23.550">
  <classunload-info classloadercandidates="8" classloadersunloaded="0" classesunloaded="0" anonymousclassesunloaded="0" quiescems="0.000" setupms="0.002" scanms="0.000" postms="0.000" />
</gc-op>
<heap-resize id="157" type="expand" space="default" amount="1048576" count="1" timems="0.051" reason="excessive time being spent in gc" timestamp="2019-08-02T20:26:23.550" />
<gc-end id="158" type="partial gc" contextid="152" durationms="2.561" usertimems="8.000" systemtimems="0.000" timestamp="2019-08-02T20:26:23.550" activeThreads="8">
  <mem-info id="159" free="12582912" total="20971520" percent="60">
    <mem type="eden" free="1032824" total="1048576" percent="98" />
    <remembered-set count="3616" freebytes="822656" totalbytes="837120" percent="98" regionsoverflowed="0" regionsstable="0" regionsrebuilding="1"/>
  </mem-info>
</gc-end>
<cycle-end id="160" type="partial gc" contextid="152" timestamp="2019-08-02T20:26:23.551" />
  <attribute name="elasticGC enabled" value="1" />
  <attribute name= "numThreadsSpecified" value="0" />
  <attribute name="heapSize specified" value="0" />
  <attribute name= "numCores" value="8" />
  <attribute name ="GC Interval" value="0" />
  <attribute name ="Control flow" value="2" />
  <attribute name="GC Util Range Max" value="104" />
  <attribute name="Current GC Util" value="117" />
  <attribute name= "Current Time Running" value="502" />
<exclusive-end id="161" timestamp="2019-08-02T20:26:23.551" durationms="3.123" />

<exclusive-start id="162" timestamp="2019-08-02T20:26:23.570" intervalms="22.309">
  <response-info timems="0.075" idlems="0.075" threads="0" lastid="0000000002175700" lastname="Thread-11" />
</exclusive-start>
<allocation-taxation id="163" taxation-threshold="5242880" timestamp="2019-08-02T20:26:23.570" intervalms="22.308" />
<gc-start id="164" type="global mark phase" contextid="141" timestamp="2019-08-02T20:26:23.570">
  <mem-info id="165" free="7340032" total="20971520" percent="35">
    <remembered-set count="3616" freebytes="822656" totalbytes="837120" percent="98" regionsoverflowed="0" regionsstable="0" regionsrebuilding="1"/>
  </mem-info>
</gc-start>
<gc-op id="166" type="mark increment" timems="1.047" contextid="141" timestamp="2019-08-02T20:26:23.571">
  <trace-info objectcount="606" scancount="606" scanbytes="14696" />
  <cardclean-info objects="2023" bytes="96680" />
  <finalization candidates="124" enqueued="0" />
  <ownableSynchronizers candidates="3" cleared="0" />
  <references type="soft" candidates="148" cleared="0" enqueued="0" dynamicThreshold="19" maxThreshold="32" />
  <references type="weak" candidates="769" cleared="0" enqueued="0" />
  <references type="phantom" candidates="63" cleared="0" enqueued="0" />
  <stringconstants candidates="4596" cleared="0"  />
</gc-op>
<gc-op id="167" type="classunload" timems="0.002" contextid="141" timestamp="2019-08-02T20:26:23.571">
  <classunload-info classloadercandidates="8" classloadersunloaded="0" classesunloaded="0" anonymousclassesunloaded="0" quiescems="0.000" setupms="0.002" scanms="0.000" postms="0.000" />
</gc-op>
<gc-end id="168" type="global mark phase" contextid="141" durationms="1.235" usertimems="0.000" systemtimems="0.000" timestamp="2019-08-02T20:26:23.571" activeThreads="8">
  <mem-info id="169" free="7340032" total="20971520" percent="35">
    <remembered-set count="4640" freebytes="818560" totalbytes="837120" percent="97" regionsoverflowed="0" regionsstable="0" regionsrebuilding="0"/>
  </mem-info>
</gc-end>
<cycle-end id="170" type="global mark phase" contextid="141" timestamp="2019-08-02T20:26:23.571" />
  <attribute name="elasticGC enabled" value="1" />
  <attribute name= "numThreadsSpecified" value="0" />
  <attribute name="heapSize specified" value="0" />
  <attribute name= "numCores" value="8" />
  <attribute name ="GC Interval" value="0" />
  <attribute name ="Control flow" value="2" />
  <attribute name="GC Util Range Max" value="104" />
  <attribute name="Current GC Util" value="80" />
  <attribute name= "Current Time Running" value="524" />
<exclusive-end id="171" timestamp="2019-08-02T20:26:23.571" durationms="1.567" />

<exclusive-start id="172" timestamp="2019-08-02T20:26:23.592" intervalms="22.027">
  <response-info timems="0.075" idlems="0.075" threads="0" lastid="0000000002175700" lastname="Thread-11" />
</exclusive-start>
<allocation-taxation id="173" taxation-threshold="5242880" timestamp="2019-08-02T20:26:23.592" intervalms="22.033" />
<cycle-start id="174" type="partial gc" contextid="0" timestamp="2019-08-02T20:26:23.592" intervalms="44.347" />
<gc-start id="175" type="partial gc" contextid="174" timestamp="2019-08-02T20:26:23.592">
  <mem-info id="176" free="2097152" total="20971520" percent="10">
    <mem type="eden" free="0" total="10485760" percent="0" />
    <remembered-set count="2848" freebytes="825728" totalbytes="837120" percent="98" regionsoverflowed="0" regionsstable="1" regionsrebuilding="0"/>
  </mem-info>
</gc-start>
<allocation-stats totalBytes="10484592" >
  <allocated-bytes non-tlh="0" tlh="10484592" arrayletleaf="0"/>
  <largest-consumer threadName="Thread-11" threadId="0000000002175700" bytes="5242312" />
</allocation-stats>
<gc-op id="177" type="sweep" timems="0.446" contextid="174" timestamp="2019-08-02T20:26:23.593" />
<gc-op id="178" type="copy forward" timems="1.553" contextid="174" timestamp="2019-08-02T20:26:23.595">
  <memory-copied type="eden" objects="385" bytes="9616" bytesdiscarded="0" />
  <memory-copied type="other" objects="867" bytes="20808" bytesdiscarded="0" />
  <memory-cardclean objects="1905" bytes="91984" />
  <regions eden="5" other="6" />
  <remembered-set-cleared processed="761" cleared="208" durationms="0.062" />
  <stringconstants candidates="4596" cleared="0"  />
</gc-op>
<gc-op id="179" type="classunload" timems="0.002" contextid="174" timestamp="2019-08-02T20:26:23.595">
  <classunload-info classloadercandidates="8" classloadersunloaded="0" classesunloaded="0" anonymousclassesunloaded="0" quiescems="0.000" setupms="0.002" scanms="0.000" postms="0.000" />
</gc-op>
<gc-end id="180" type="partial gc" contextid="174" durationms="3.030" usertimems="0.000" systemtimems="4.000" timestamp="2019-08-02T20:26:23.595" activeThreads="8">
  <mem-info id="181" free="11534336" total="20971520" percent="55">
    <mem type="eden" free="1031688" total="1048576" percent="98" />
    <remembered-set count="1632" freebytes="830592" totalbytes="837120" percent="99" regionsoverflowed="0" regionsstable="1" regionsrebuilding="0"/>
  </mem-info>
</gc-end>
<cycle-end id="182" type="partial gc" contextid="174" timestamp="2019-08-02T20:26:23.595" />
  <attribute name="elasticGC enabled" value="1" />
  <attribute name= "numThreadsSpecified" value="0" />
  <attribute name="heapSize specified" value="0" />
  <attribute name= "numCores" value="8" />
  <attribute name ="GC Interval" value="0" />
  <attribute name ="Control flow" value="2" />
  <attribute name="GC Util Range Max" value="104" />
  <attribute name="Current GC Util" value="90" />
  <attribute name= "Current Time Running" value="547" />
<exclusive-end id="183" timestamp="2019-08-02T20:26:23.595" durationms="3.556" />

<exclusive-start id="184" timestamp="2019-08-02T20:26:23.637" intervalms="44.630">
  <response-info timems="0.098" idlems="0.098" threads="0" lastid="0000000002175700" lastname="Thread-11" />
</exclusive-start>
<allocation-taxation id="185" taxation-threshold="11534336" timestamp="2019-08-02T20:26:23.637" intervalms="44.636" />
<cycle-start id="186" type="partial gc" contextid="0" timestamp="2019-08-02T20:26:23.637" intervalms="44.628" />
<gc-start id="187" type="partial gc" contextid="186" timestamp="2019-08-02T20:26:23.637">
  <mem-info id="188" free="0" total="20971520" percent="0">
    <mem type="eden" free="0" total="11534336" percent="0" />
    <remembered-set count="1632" freebytes="830592" totalbytes="837120" percent="99" regionsoverflowed="0" regionsstable="1" regionsrebuilding="0"/>
  </mem-info>
</gc-start>
<allocation-stats totalBytes="11532864" >
  <allocated-bytes non-tlh="0" tlh="11532864" arrayletleaf="0"/>
  <largest-consumer threadName="Thread-11" threadId="0000000002175700" bytes="11532864" />
</allocation-stats>
<gc-op id="189" type="mark" timems="1.527" contextid="186" timestamp="2019-08-02T20:26:23.639">
  <trace-info objectcount="1494" scancount="1494" scanbytes="36248" />
  <cardclean-info objects="2113" bytes="101888" />
  <remembered-set-cleared processed="935" cleared="186" durationms="0.128" />
  <stringconstants candidates="4596" cleared="0"  />
  <warning details="Mark invoked due to insufficient free space for Copy-Forward" />
</gc-op>
<gc-op id="190" type="classunload" timems="0.003" contextid="186" timestamp="2019-08-02T20:26:23.639">
  <classunload-info classloadercandidates="8" classloadersunloaded="0" classesunloaded="0" anonymousclassesunloaded="0" quiescems="0.000" setupms="0.002" scanms="0.000" postms="0.000" />
</gc-op>
<gc-op id="191" type="sweep" timems="0.335" contextid="186" timestamp="2019-08-02T20:26:23.639" />
<gc-op id="192" type="compact" timems="1.329" contextid="186" timestamp="2019-08-02T20:26:23.641">
  <compact-info movecount="1494" movebytes="36248" />
  <remembered-set-cleared processed="1936" cleared="435" durationms="0.128" />
</gc-op>
<gc-end id="193" type="partial gc" contextid="186" durationms="4.266" usertimems="4.000" systemtimems="0.000" timestamp="2019-08-02T20:26:23.641" activeThreads="8">
  <mem-info id="194" free="10485760" total="20971520" percent="50">
    <mem type="eden" free="1027016" total="1048576" percent="97" />
    <remembered-set count="2816" freebytes="825856" totalbytes="837120" percent="98" regionsoverflowed="0" regionsstable="1" regionsrebuilding="0"/>
  </mem-info>
</gc-end>
<cycle-end id="195" type="partial gc" contextid="186" timestamp="2019-08-02T20:26:23.641" />
  <attribute name="elasticGC enabled" value="1" />
  <attribute name= "numThreadsSpecified" value="0" />
  <attribute name="heapSize specified" value="0" />
  <attribute name= "numCores" value="8" />
  <attribute name ="GC Interval" value="0" />
  <attribute name ="Control flow" value="2" />
  <attribute name="GC Util Range Max" value="104" />
  <attribute name="Current GC Util" value="66" />
  <attribute name= "Current Time Running" value="593" />
<exclusive-end id="196" timestamp="2019-08-02T20:26:23.641" durationms="4.825" />

<exclusive-start id="197" timestamp="2019-08-02T20:26:23.677" intervalms="40.124">
  <response-info timems="0.104" idlems="0.104" threads="0" lastid="0000000002175700" lastname="Thread-11" />
</exclusive-start>
<allocation-taxation id="198" taxation-threshold="10485760" timestamp="2019-08-02T20:26:23.677" intervalms="40.142" />
<cycle-start id="199" type="partial gc" contextid="0" timestamp="2019-08-02T20:26:23.677" intervalms="40.145" />
<gc-start id="200" type="partial gc" contextid="199" timestamp="2019-08-02T20:26:23.677">
  <mem-info id="201" free="0" total="20971520" percent="0">
    <mem type="eden" free="0" total="10485760" percent="0" />
    <remembered-set count="2816" freebytes="825856" totalbytes="837120" percent="98" regionsoverflowed="0" regionsstable="1" regionsrebuilding="0"/>
  </mem-info>
</gc-start>
<allocation-stats totalBytes="10484576" >
  <allocated-bytes non-tlh="0" tlh="10484576" arrayletleaf="0"/>
  <largest-consumer threadName="Thread-11" threadId="0000000002175700" bytes="10484576" />
</allocation-stats>
<gc-op id="202" type="mark" timems="1.226" contextid="199" timestamp="2019-08-02T20:26:23.679">
  <trace-info objectcount="1272" scancount="1272" scanbytes="30744" />
  <cardclean-info objects="1933" bytes="93248" />
  <remembered-set-cleared processed="1127" cleared="192" durationms="0.065" />
  <stringconstants candidates="4596" cleared="0"  />
  <warning details="Mark invoked due to insufficient free space for Copy-Forward" />
</gc-op>
<gc-op id="203" type="classunload" timems="0.002" contextid="199" timestamp="2019-08-02T20:26:23.679">
  <classunload-info classloadercandidates="8" classloadersunloaded="0" classesunloaded="0" anonymousclassesunloaded="0" quiescems="0.000" setupms="0.002" scanms="0.000" postms="0.000" />
</gc-op>
<gc-op id="204" type="sweep" timems="0.303" contextid="199" timestamp="2019-08-02T20:26:23.679" />
<gc-op id="205" type="compact" timems="1.002" contextid="199" timestamp="2019-08-02T20:26:23.680">
  <compact-info movecount="1242" movebytes="30024" />
  <remembered-set-cleared processed="2306" cleared="432" durationms="0.065" />
</gc-op>
<gc-end id="206" type="partial gc" contextid="199" durationms="3.509" usertimems="4.000" systemtimems="0.000" timestamp="2019-08-02T20:26:23.681" activeThreads="8">
  <mem-info id="207" free="9437184" total="20971520" percent="45">
    <mem type="eden" free="1036984" total="1048576" percent="98" />
    <remembered-set count="3072" freebytes="824832" totalbytes="837120" percent="98" regionsoverflowed="0" regionsstable="1" regionsrebuilding="0"/>
  </mem-info>
</gc-end>
<cycle-end id="208" type="partial gc" contextid="199" timestamp="2019-08-02T20:26:23.681" />
  <attribute name="elasticGC enabled" value="1" />
  <attribute name= "numThreadsSpecified" value="0" />
  <attribute name="heapSize specified" value="0" />
  <attribute name= "numCores" value="8" />
  <attribute name ="GC Interval" value="0" />
  <attribute name ="Control flow" value="2" />
  <attribute name="GC Util Range Max" value="104" />
  <attribute name="Current GC Util" value="71" />
  <attribute name= "Current Time Running" value="633" />
<exclusive-end id="209" timestamp="2019-08-02T20:26:23.681" durationms="4.138" />

<exclusive-start id="210" timestamp="2019-08-02T20:26:23.694" intervalms="17.691">
  <response-info timems="0.124" idlems="0.124" threads="0" lastid="0000000002175700" lastname="Thread-11" />
</exclusive-start>
<allocation-taxation id="211" taxation-threshold="4194304" timestamp="2019-08-02T20:26:23.694" intervalms="17.697" />
<cycle-start id="212" type="global mark phase" contextid="0" timestamp="2019-08-02T20:26:23.695" intervalms="167.381" />
<gc-start id="213" type="global mark phase" contextid="212" timestamp="2019-08-02T20:26:23.695">
  <mem-info id="214" free="5242880" total="20971520" percent="25">
    <remembered-set count="3072" freebytes="824832" totalbytes="837120" percent="98" regionsoverflowed="0" regionsstable="1" regionsrebuilding="0"/>
  </mem-info>
</gc-start>
<gc-op id="215" type="mark increment" timems="0.433" contextid="212" timestamp="2019-08-02T20:26:23.695">
  <trace-info objectcount="145" scancount="0" scanbytes="0" />
</gc-op>
<gc-end id="216" type="global mark phase" contextid="212" durationms="0.574" usertimems="0.000" systemtimems="0.000" timestamp="2019-08-02T20:26:23.695" activeThreads="8">
  <mem-info id="217" free="5242880" total="20971520" percent="25">
    <remembered-set count="3072" freebytes="824832" totalbytes="837120" percent="98" regionsoverflowed="0" regionsstable="0" regionsrebuilding="1"/>
  </mem-info>
</gc-end>
<concurrent-start id="218" type="GMP work packet processing" contextid="212" timestamp="2019-08-02T20:26:23.695">
  <concurrent-mark-start scanTarget="18446744073709551615" />
</concurrent-start>
<exclusive-end id="219" timestamp="2019-08-02T20:26:23.696" durationms="1.993" />

<concurrent-end id="220" type="GMP work packet processing" contextid="212" timestamp="2019-08-02T20:26:23.697">
  <concurrent-mark-end bytesScanned="1535328" reasonForTermination="Completed all work in GC phase" />
</concurrent-end>

<exclusive-start id="221" timestamp="2019-08-02T20:26:23.708" intervalms="13.788">
  <response-info timems="0.126" idlems="0.126" threads="0" lastid="0000000002175700" lastname="Thread-11" />
</exclusive-start>
<allocation-taxation id="222" taxation-threshold="4194304" timestamp="2019-08-02T20:26:23.708" intervalms="13.779" />
<cycle-start id="223" type="partial gc" contextid="0" timestamp="2019-08-02T20:26:23.708" intervalms="31.475" />
<gc-start id="224" type="partial gc" contextid="223" timestamp="2019-08-02T20:26:23.709">
  <mem-info id="225" free="1048576" total="20971520" percent="5">
    <mem type="eden" free="0" total="8388608" percent="0" />
    <remembered-set count="5760" freebytes="814080" totalbytes="837120" percent="97" regionsoverflowed="0" regionsstable="0" regionsrebuilding="1"/>
  </mem-info>
</gc-start>
<allocation-stats totalBytes="8387576" >
  <allocated-bytes non-tlh="0" tlh="8387576" arrayletleaf="0"/>
  <largest-consumer threadName="Thread-11" threadId="0000000002175700" bytes="4193800" />
</allocation-stats>
<gc-op id="226" type="copy forward" timems="1.766" contextid="223" timestamp="2019-08-02T20:26:23.711">
  <memory-copied type="eden" objects="550" bytes="13592" bytesdiscarded="0" />
  <memory-copied type="other" objects="436" bytes="10464" bytesdiscarded="0" />
  <memory-cardclean objects="1614" bytes="77936" />
  <regions eden="8" other="1" />
  <remembered-set-cleared processed="2957" cleared="180" durationms="0.068" />
  <stringconstants candidates="4596" cleared="0"  />
  <heap-resize type="expand" space="default" amount="1048576" count="1" timems="0.073" reason="continue current collection" />
</gc-op>
<gc-op id="227" type="classunload" timems="0.002" contextid="223" timestamp="2019-08-02T20:26:23.711">
  <classunload-info classloadercandidates="8" classloadersunloaded="0" classesunloaded="0" anonymousclassesunloaded="0" quiescems="0.000" setupms="0.002" scanms="0.000" postms="0.000" />
</gc-op>
<heap-resize id="228" type="expand" space="default" amount="4194304" count="1" timems="0.071" reason="excessive time being spent in gc" timestamp="2019-08-02T20:26:23.711" />
<gc-end id="229" type="partial gc" contextid="223" durationms="2.696" usertimems="4.000" systemtimems="0.000" timestamp="2019-08-02T20:26:23.711" activeThreads="8">
  <mem-info id="230" free="13631488" total="26214400" percent="52">
    <mem type="eden" free="1034984" total="1048576" percent="98" />
    <remembered-set count="4032" freebytes="1030272" totalbytes="1046400" percent="98" regionsoverflowed="0" regionsstable="0" regionsrebuilding="1"/>
  </mem-info>
</gc-end>
<cycle-end id="231" type="partial gc" contextid="223" timestamp="2019-08-02T20:26:23.711" />
  <attribute name="elasticGC enabled" value="1" />
  <attribute name= "numThreadsSpecified" value="0" />
  <attribute name="heapSize specified" value="0" />
  <attribute name= "numCores" value="8" />
  <attribute name ="GC Interval" value="0" />
  <attribute name ="Control flow" value="2" />
  <attribute name="GC Util Range Max" value="104" />
  <attribute name="Current GC Util" value="101" />
  <attribute name= "Current Time Running" value="662" />
<exclusive-end id="232" timestamp="2019-08-02T20:26:23.712" durationms="3.380" />

<exclusive-start id="233" timestamp="2019-08-02T20:26:23.725" intervalms="16.520">
  <response-info timems="0.078" idlems="0.078" threads="0" lastid="0000000002175700" lastname="Thread-11" />
</exclusive-start>
<allocation-taxation id="234" taxation-threshold="6291456" timestamp="2019-08-02T20:26:23.725" intervalms="16.521" />
<gc-start id="235" type="global mark phase" contextid="212" timestamp="2019-08-02T20:26:23.725">
  <mem-info id="236" free="7340032" total="26214400" percent="28">
    <remembered-set count="4032" freebytes="1030272" totalbytes="1046400" percent="98" regionsoverflowed="0" regionsstable="0" regionsrebuilding="1"/>
  </mem-info>
</gc-start>
<gc-op id="237" type="mark increment" timems="2.727" contextid="212" timestamp="2019-08-02T20:26:23.728">
  <trace-info objectcount="897" scancount="897" scanbytes="21904" />
  <cardclean-info objects="2194" bytes="104848" />
  <finalization candidates="124" enqueued="0" />
  <ownableSynchronizers candidates="3" cleared="0" />
  <references type="soft" candidates="148" cleared="0" enqueued="0" dynamicThreshold="16" maxThreshold="32" />
  <references type="weak" candidates="769" cleared="0" enqueued="0" />
  <references type="phantom" candidates="63" cleared="0" enqueued="0" />
  <stringconstants candidates="4596" cleared="0"  />
</gc-op>
<gc-op id="238" type="classunload" timems="0.004" contextid="212" timestamp="2019-08-02T20:26:23.728">
  <classunload-info classloadercandidates="8" classloadersunloaded="0" classesunloaded="0" anonymousclassesunloaded="0" quiescems="0.000" setupms="0.004" scanms="0.000" postms="0.000" />
</gc-op>
<gc-end id="239" type="global mark phase" contextid="212" durationms="2.950" usertimems="8.000" systemtimems="0.000" timestamp="2019-08-02T20:26:23.728" activeThreads="8">
  <mem-info id="240" free="7340032" total="26214400" percent="28">
    <remembered-set count="4544" freebytes="1028224" totalbytes="1046400" percent="98" regionsoverflowed="0" regionsstable="0" regionsrebuilding="0"/>
  </mem-info>
</gc-end>
<cycle-end id="241" type="global mark phase" contextid="212" timestamp="2019-08-02T20:26:23.728" />
  <attribute name="elasticGC enabled" value="1" />
  <attribute name= "numThreadsSpecified" value="0" />
  <attribute name="heapSize specified" value="0" />
  <attribute name= "numCores" value="8" />
  <attribute name ="GC Interval" value="0" />
  <attribute name ="Control flow" value="2" />
  <attribute name="GC Util Range Max" value="104" />
  <attribute name="Current GC Util" value="181" />
  <attribute name= "Current Time Running" value="679" />
<exclusive-end id="242" timestamp="2019-08-02T20:26:23.728" durationms="3.297" />

</verbosegc>

