<?xml version="1.0" ?>

<verbosegc xmlns="http://www.ibm.com/j9/verbosegc" version="08cc62e_CMPRSS">

<initialized id="1" timestamp="2019-08-02T20:26:26.398">
  <attribute name="gcPolicy" value="-Xgcpolicy:balanced" />
  <attribute name="elasticGC enabled" value="1" />
  <attribute name= "numThreadsSpecified" value="0" />
  <attribute name="heapSize specified" value="0" />
  <attribute name= "numCores" value="0" />
  <attribute name ="GC Interval" value="0" />
  <attribute name="GC Util Range Max" value="0" />
  <attribute name="Current GC Util" value="0" />
  <attribute name= "Current Time Running" value="0" />
  <attribute name="maxHeapSize" value="0x7cb00000" />
  <attribute name="initialHeapSize" value="0x800000" />
  <attribute name="compressedRefs" value="true" />
  <attribute name="compressedRefsDisplacement" value="0x0" />
  <attribute name="compressedRefsShift" value="0x0" />
  <attribute name="pageSize" value="0x1000" />
  <attribute name="pageType" value="not used" />
  <attribute name="requestedPageSize" value="0x1000" />
  <attribute name="requestedPageType" value="not used" />
  <attribute name="gcthreads" value="8" />
  <attribute name="packetListSplit" value="8" />
  <attribute name="cacheListSplit" value="8" />
  <attribute name="splitFreeListSplitAmount" value="1" />
  <attribute name="numaNodes" value="0" />
  <region>
    <attribute name="regionSize" value="1048576" />
    <attribute name="regionCount" value="1995" />
    <attribute name="arrayletLeafSize" value="1048576" />
  </region>
  <system>
    <attribute name="physicalMemory" value="8370401280" />
    <attribute name="numCPUs" value="8" />
    <attribute name="architecture" value="amd64" />
    <attribute name="os" value="Linux" />
    <attribute name="osVersion" value="4.4.0-154-generic" />
  </system>
  <vmargs>
    <vmarg name="-Xoptionsfile=/vagrant/jdk/lib/options.default" />
    <vmarg name="-Xlockword:mode=default,noLockword=java/lang/String,noLockword=java/util/MapEntry,noLockword=java/util/HashMap$Entry,noLockword..." />
    <vmarg name="-Xjcl:jclse29" />
    <vmarg name="-Dcom.ibm.oti.vm.bootstrap.library.path=/vagrant/jdk/lib/compressedrefs:/vagrant/jdk/lib" />
    <vmarg name="-Dsun.boot.library.path=/vagrant/jdk/lib/compressedrefs:/vagrant/jdk/lib" />
    <vmarg name="-Djava.library.path=/vagrant/jdk/lib/compressedrefs:/vagrant/jdk/lib:/usr/lib64:/usr/lib" />
    <vmarg name="-Djava.home=/vagrant/jdk" />
    <vmarg name="-Duser.dir=/vagrant" />
    <vmarg name="-Xgcpolicy:balanced" />
    <vmarg name="-Xgcelastic" />
    <vmarg name="-Xcheck:gc:::elasticGC" />
    <vmarg name="-verbose:gc" />
    <vmarg name="-Xloggc:jdkB-small-BAL-8core-verbose13sunflow.txt" />
    <vmarg name="-Djava.class.path=dacapo-9.12-MR1-bach.jar" />
    <vmarg name="-Dsun.java.command=dacapo-9.12-MR1-bach.jar sunflow --size=small" />
    <vmarg name="-Dsun.java.launcher=SUN_STANDARD" />
    <vmarg name="-Dsun.java.launcher.pid=23371" />
  </vmargs>
</initialized>

<exclusive-start id="2" timestamp="2019-08-02T20:26:26.800" intervalms="401.912">
  <response-info timems="0.028" idlems="0.028" threads="0" lastid="00000000016F7A00" lastname="main" />
</exclusive-start>
<sys-start reason="explicit" id="3" timestamp="2019-08-02T20:26:26.800" intervalms="402.258" />
<cycle-start id="4" type="global garbage collect" contextid="0" timestamp="2019-08-02T20:26:26.800" intervalms="402.481" />
<gc-start id="5" type="global garbage collect" contextid="4" timestamp="2019-08-02T20:26:26.801">
  <mem-info id="6" free="4216088" total="8388608" percent="50">
    <mem type="eden" free="22048" total="4194304" percent="0" />
    <remembered-set count="0" freebytes="334848" totalbytes="334848" percent="100" regionsoverflowed="0" regionsstable="0" regionsrebuilding="0"/>
  </mem-info>
</gc-start>
<allocation-stats totalBytes="4167960" >
  <allocated-bytes non-tlh="501912" tlh="3666048" arrayletleaf="0"/>
  <largest-consumer threadName="main" threadId="00000000016F7A00" bytes="4075008" />
</allocation-stats>
<gc-op id="7" type="global mark" timems="4.825" contextid="4" timestamp="2019-08-02T20:26:26.806">
  <trace-info objectcount="30325" scancount="23649" scanbytes="766004" />
  <finalization candidates="125" enqueued="1" />
  <ownableSynchronizers candidates="3" cleared="0" />
  <references type="soft" candidates="131" cleared="0" enqueued="0" dynamicThreshold="32" maxThreshold="32" />
  <references type="weak" candidates="1322" cleared="569" enqueued="479" />
  <references type="phantom" candidates="106" cleared="42" enqueued="42" />
  <stringconstants candidates="3958" cleared="0"  />
</gc-op>
<gc-op id="8" type="classunload" timems="0.047" contextid="4" timestamp="2019-08-02T20:26:26.806">
  <classunload-info classloadercandidates="7" classloadersunloaded="0" classesunloaded="0" anonymousclassesunloaded="0" quiescems="0.000" setupms="0.046" scanms="0.000" postms="0.000" />
</gc-op>
<gc-op id="9" type="sweep" timems="0.620" contextid="4" timestamp="2019-08-02T20:26:26.807" />
<gc-op id="10" type="compact" timems="5.683" contextid="4" timestamp="2019-08-02T20:26:26.813">
  <compact-info movecount="30324" movebytes="1347576" />
  <remembered-set-cleared processed="3712" cleared="3712" durationms="0.225" />
</gc-op>
<gc-end id="11" type="global garbage collect" contextid="4" durationms="12.938" usertimems="8.000" systemtimems="8.000" timestamp="2019-08-02T20:26:26.813" activeThreads="8">
  <mem-info id="12" free="6291456" total="8388608" percent="75">
    <pending-finalizers system="1" default="0" reference="521" classloader="0" />
    <remembered-set count="2560" freebytes="324608" totalbytes="334848" percent="96" regionsoverflowed="0" regionsstable="0" regionsrebuilding="0"/>
  </mem-info>
</gc-end>
<cycle-end id="13" type="global garbage collect" contextid="4" timestamp="2019-08-02T20:26:26.814" />
  <attribute name="elasticGC enabled" value="1" />
  <attribute name= "numThreadsSpecified" value="0" />
  <attribute name="heapSize specified" value="0" />
  <attribute name= "numCores" value="8" />
  <attribute name ="GC Interval" value="0" />
  <attribute name ="Control flow" value="2" />
  <attribute name="GC Util Range Max" value="96" />
  <attribute name="Current GC Util" value="71" />
  <attribute name= "Current Time Running" value="6" />
<sys-end id="14" timestamp="2019-08-02T20:26:26.814" />
<exclusive-end id="15" timestamp="2019-08-02T20:26:26.814" durationms="14.156" />

<exclusive-start id="16" timestamp="2019-08-02T20:26:26.996" intervalms="196.657">
  <response-info timems="0.081" idlems="0.081" threads="0" lastid="0000000001A66F00" lastname="Thread-7" />
</exclusive-start>
<allocation-taxation id="17" taxation-threshold="6291456" timestamp="2019-08-02T20:26:26.997" intervalms="598.915" />
<cycle-start id="18" type="partial gc" contextid="0" timestamp="2019-08-02T20:26:26.997" intervalms="599.255" />
<gc-start id="19" type="partial gc" contextid="18" timestamp="2019-08-02T20:26:26.997">
  <mem-info id="20" free="0" total="8388608" percent="0">
    <mem type="eden" free="184080" total="6291456" percent="2" />
    <remembered-set count="2560" freebytes="324608" totalbytes="334848" percent="96" regionsoverflowed="0" regionsstable="0" regionsrebuilding="0"/>
  </mem-info>
</gc-start>
<allocation-stats totalBytes="6053896" >
  <allocated-bytes non-tlh="1038344" tlh="5015552" arrayletleaf="0"/>
  <largest-consumer threadName="main" threadId="00000000016F7A00" bytes="2987856" />
</allocation-stats>
<gc-op id="21" type="mark" timems="2.749" contextid="18" timestamp="2019-08-02T20:26:27.001">
  <trace-info objectcount="15326" scancount="12434" scanbytes="464008" />
  <cardclean-info objects="1343" bytes="48968" />
  <remembered-set-cleared processed="509" cleared="31" durationms="0.054" />
  <references type="soft" candidates="17" cleared="0" enqueued="0" dynamicThreshold="24" maxThreshold="32" />
  <references type="weak" candidates="45" cleared="29" enqueued="28" />
  <references type="phantom" candidates="2" cleared="0" enqueued="0" />
  <stringconstants candidates="4534" cleared="1"  />
  <warning details="Mark invoked due to insufficient free space for Copy-Forward" />
</gc-op>
<gc-op id="22" type="classunload" timems="0.002" contextid="18" timestamp="2019-08-02T20:26:27.001">
  <classunload-info classloadercandidates="8" classloadersunloaded="0" classesunloaded="0" anonymousclassesunloaded="0" quiescems="0.000" setupms="0.002" scanms="0.000" postms="0.000" />
</gc-op>
<gc-op id="23" type="sweep" timems="0.388" contextid="18" timestamp="2019-08-02T20:26:27.002" />
<gc-op id="24" type="compact" timems="2.625" contextid="18" timestamp="2019-08-02T20:26:27.004">
  <compact-info movecount="15326" movebytes="1664576" />
  <remembered-set-cleared processed="2418" cleared="1460" durationms="0.057" />
</gc-op>
<heap-resize id="25" type="expand" space="default" amount="1048576" count="1" timems="0.059" reason="insufficient free space following gc" timestamp="2019-08-02T20:26:27.005" />
<gc-end id="26" type="partial gc" contextid="18" durationms="7.925" usertimems="8.000" systemtimems="4.000" timestamp="2019-08-02T20:26:27.005" activeThreads="8">
  <mem-info id="27" free="5242880" total="9437184" percent="55">
    <mem type="eden" free="429960" total="2097152" percent="20" />
    <pending-finalizers system="0" default="0" reference="28" classloader="0" />
    <remembered-set count="2656" freebytes="366080" totalbytes="376704" percent="97" regionsoverflowed="0" regionsstable="0" regionsrebuilding="0"/>
  </mem-info>
</gc-end>
<cycle-end id="28" type="partial gc" contextid="18" timestamp="2019-08-02T20:26:27.005" />
  <attribute name="elasticGC enabled" value="1" />
  <attribute name= "numThreadsSpecified" value="0" />
  <attribute name="heapSize specified" value="0" />
  <attribute name= "numCores" value="8" />
  <attribute name ="GC Interval" value="0" />
  <attribute name ="Control flow" value="2" />
  <attribute name="GC Util Range Max" value="96" />
  <attribute name="Current GC Util" value="37" />
  <attribute name= "Current Time Running" value="200" />
<exclusive-end id="29" timestamp="2019-08-02T20:26:27.006" durationms="9.316" />

<exclusive-start id="30" timestamp="2019-08-02T20:26:27.068" intervalms="72.018">
  <response-info timems="0.078" idlems="0.078" threads="0" lastid="0000000001A66F00" lastname="Thread-7" />
</exclusive-start>
<allocation-taxation id="31" taxation-threshold="2097152" timestamp="2019-08-02T20:26:27.069" intervalms="71.851" />
<cycle-start id="32" type="global mark phase" contextid="0" timestamp="2019-08-02T20:26:27.069" intervalms="670.985" />
<gc-start id="33" type="global mark phase" contextid="32" timestamp="2019-08-02T20:26:27.069">
  <mem-info id="34" free="3145728" total="9437184" percent="33">
    <remembered-set count="2656" freebytes="366080" totalbytes="376704" percent="97" regionsoverflowed="0" regionsstable="0" regionsrebuilding="0"/>
  </mem-info>
</gc-start>
<gc-op id="35" type="mark increment" timems="1.510" contextid="32" timestamp="2019-08-02T20:26:27.071">
  <trace-info objectcount="200" scancount="0" scanbytes="0" />
</gc-op>
<gc-end id="36" type="global mark phase" contextid="32" durationms="1.778" usertimems="0.000" systemtimems="0.000" timestamp="2019-08-02T20:26:27.071" activeThreads="8">
  <mem-info id="37" free="3145728" total="9437184" percent="33">
    <remembered-set count="2656" freebytes="366080" totalbytes="376704" percent="97" regionsoverflowed="0" regionsstable="0" regionsrebuilding="0"/>
  </mem-info>
</gc-end>
<concurrent-start id="38" type="GMP work packet processing" contextid="32" timestamp="2019-08-02T20:26:27.071">
  <concurrent-mark-start scanTarget="18446744073709551615" />
</concurrent-start>
<exclusive-end id="39" timestamp="2019-08-02T20:26:27.071" durationms="2.586" />

<concurrent-end id="40" type="GMP work packet processing" contextid="32" timestamp="2019-08-02T20:26:27.073">
  <concurrent-mark-end bytesScanned="1204456" reasonForTermination="Completed all work in GC phase" />
</concurrent-end>

<exclusive-start id="41" timestamp="2019-08-02T20:26:27.075" intervalms="7.059">
  <response-info timems="0.056" idlems="0.056" threads="0" lastid="0000000001A66F00" lastname="Thread-7" />
</exclusive-start>
<allocation-taxation id="42" taxation-threshold="2097152" timestamp="2019-08-02T20:26:27.076" intervalms="7.030" />
<cycle-start id="43" type="partial gc" contextid="0" timestamp="2019-08-02T20:26:27.076" intervalms="78.750" />
<gc-start id="44" type="partial gc" contextid="43" timestamp="2019-08-02T20:26:27.076">
  <mem-info id="45" free="1048576" total="9437184" percent="11">
    <mem type="eden" free="0" total="4194304" percent="0" />
    <remembered-set count="2656" freebytes="366080" totalbytes="376704" percent="97" regionsoverflowed="0" regionsstable="0" regionsrebuilding="0"/>
  </mem-info>
</gc-start>
<allocation-stats totalBytes="4179752" >
  <allocated-bytes non-tlh="487480" tlh="3692272" arrayletleaf="0"/>
  <largest-consumer threadName="Thread-7" threadId="0000000001A66F00" bytes="2087480" />
</allocation-stats>
<gc-op id="46" type="copy forward" timems="7.122" contextid="43" timestamp="2019-08-02T20:26:27.084">
  <memory-copied type="eden" objects="10" bytes="149056" bytesdiscarded="0" />
  <memory-copied type="other" objects="15215" bytes="1456080" bytesdiscarded="241368" />
  <memory-cardclean objects="110" bytes="8832" />
  <regions eden="4" other="2" />
  <remembered-set-cleared processed="1099" cleared="618" durationms="0.083" />
  <references type="soft" candidates="17" cleared="0" enqueued="0" dynamicThreshold="10" maxThreshold="32" />
  <references type="weak" candidates="16" cleared="0" enqueued="0" />
  <references type="phantom" candidates="2" cleared="0" enqueued="0" />
  <stringconstants candidates="4533" cleared="0"  />
  <heap-resize type="expand" space="default" amount="2097152" count="2" timems="0.368" reason="continue current collection" />
</gc-op>
<gc-op id="47" type="classunload" timems="0.003" contextid="43" timestamp="2019-08-02T20:26:27.084">
  <classunload-info classloadercandidates="8" classloadersunloaded="0" classesunloaded="0" anonymousclassesunloaded="0" quiescems="0.000" setupms="0.002" scanms="0.000" postms="0.000" />
</gc-op>
<gc-op id="48" type="compact" timems="1.933" contextid="43" timestamp="2019-08-02T20:26:27.087">
  <compact-info movecount="0" movebytes="0" />
  <remembered-set-cleared processed="1990" cleared="618" durationms="0.083" />
</gc-op>
<gc-end id="49" type="partial gc" contextid="43" durationms="10.862" usertimems="8.000" systemtimems="8.000" timestamp="2019-08-02T20:26:27.087" activeThreads="8">
  <mem-info id="50" free="6291456" total="11534336" percent="54">
    <mem type="eden" free="899520" total="1048576" percent="85" />
    <remembered-set count="2848" freebytes="449024" totalbytes="460416" percent="97" regionsoverflowed="0" regionsstable="0" regionsrebuilding="0"/>
  </mem-info>
</gc-end>
<cycle-end id="51" type="partial gc" contextid="43" timestamp="2019-08-02T20:26:27.087" />
  <attribute name="elasticGC enabled" value="1" />
  <attribute name= "numThreadsSpecified" value="0" />
  <attribute name="heapSize specified" value="0" />
  <attribute name= "numCores" value="8" />
  <attribute name ="GC Interval" value="0" />
  <attribute name ="Control flow" value="2" />
  <attribute name="GC Util Range Max" value="96" />
  <attribute name="Current GC Util" value="160" />
  <attribute name= "Current Time Running" value="283" />
<exclusive-end id="52" timestamp="2019-08-02T20:26:27.087" durationms="11.843" />

<exclusive-start id="53" timestamp="2019-08-02T20:26:27.151" intervalms="75.918">
  <response-info timems="0.096" idlems="0.096" threads="0" lastid="0000000001A6AB00" lastname="Thread-11" />
</exclusive-start>
<allocation-taxation id="54" taxation-threshold="3145728" timestamp="2019-08-02T20:26:27.151" intervalms="75.895" />
<gc-start id="55" type="global mark phase" contextid="32" timestamp="2019-08-02T20:26:27.152">
  <mem-info id="56" free="3145728" total="11534336" percent="27">
    <remembered-set count="2016" freebytes="452352" totalbytes="460416" percent="98" regionsoverflowed="0" regionsstable="1" regionsrebuilding="0"/>
  </mem-info>
</gc-start>
<gc-op id="57" type="mark increment" timems="5.052" contextid="32" timestamp="2019-08-02T20:26:27.157">
  <trace-info objectcount="5602" scancount="5519" scanbytes="273052" />
  <cardclean-info objects="724" bytes="32916" />
  <finalization candidates="124" enqueued="0" />
  <ownableSynchronizers candidates="3" cleared="0" />
  <references type="soft" candidates="148" cleared="0" enqueued="0" dynamicThreshold="17" maxThreshold="32" />
  <references type="weak" candidates="769" cleared="0" enqueued="0" />
  <references type="phantom" candidates="65" cleared="2" enqueued="2" />
  <stringconstants candidates="4596" cleared="0"  />
</gc-op>
<gc-op id="58" type="classunload" timems="0.005" contextid="32" timestamp="2019-08-02T20:26:27.157">
  <classunload-info classloadercandidates="8" classloadersunloaded="0" classesunloaded="0" anonymousclassesunloaded="0" quiescems="0.000" setupms="0.004" scanms="0.000" postms="0.000" />
</gc-op>
<gc-end id="59" type="global mark phase" contextid="32" durationms="5.640" usertimems="4.000" systemtimems="4.000" timestamp="2019-08-02T20:26:27.157" activeThreads="8">
  <mem-info id="60" free="3145728" total="11534336" percent="27">
    <pending-finalizers system="0" default="0" reference="2" classloader="0" />
    <remembered-set count="2016" freebytes="452352" totalbytes="460416" percent="98" regionsoverflowed="0" regionsstable="1" regionsrebuilding="0"/>
  </mem-info>
</gc-end>
<cycle-end id="61" type="global mark phase" contextid="32" timestamp="2019-08-02T20:26:27.157" />
  <attribute name="elasticGC enabled" value="1" />
  <attribute name= "numThreadsSpecified" value="0" />
  <attribute name="heapSize specified" value="0" />
  <attribute name= "numCores" value="8" />
  <attribute name ="GC Interval" value="0" />
  <attribute name ="Control flow" value="2" />
  <attribute name="GC Util Range Max" value="96" />
  <attribute name="Current GC Util" value="113" />
  <attribute name= "Current Time Running" value="352" />
<exclusive-end id="62" timestamp="2019-08-02T20:26:27.158" durationms="6.216" />

<exclusive-start id="63" timestamp="2019-08-02T20:26:27.222" intervalms="70.589">
  <response-info timems="0.039" idlems="0.039" threads="0" lastid="0000000001A6AB00" lastname="Thread-11" />
</exclusive-start>
<allocation-taxation id="64" taxation-threshold="3145728" timestamp="2019-08-02T20:26:27.222" intervalms="70.668" />
<cycle-start id="65" type="partial gc" contextid="0" timestamp="2019-08-02T20:26:27.222" intervalms="146.534" />
<gc-start id="66" type="partial gc" contextid="65" timestamp="2019-08-02T20:26:27.223">
  <mem-info id="67" free="0" total="11534336" percent="0">
    <mem type="eden" free="0" total="6291456" percent="0" />
    <remembered-set count="2016" freebytes="452352" totalbytes="460416" percent="98" regionsoverflowed="0" regionsstable="1" regionsrebuilding="0"/>
  </mem-info>
</gc-start>
<allocation-stats totalBytes="6267736" >
  <allocated-bytes non-tlh="559584" tlh="5708152" arrayletleaf="0"/>
  <largest-consumer threadName="Thread-11" threadId="0000000001A6AB00" bytes="3145304" />
</allocation-stats>
<gc-op id="68" type="sweep" timems="2.370" contextid="65" timestamp="2019-08-02T20:26:27.225" />
<gc-op id="69" type="copy forward" timems="5.364" contextid="65" timestamp="2019-08-02T20:26:27.232">
  <memory-copied type="eden" objects="159" bytes="3816" bytesdiscarded="4262" />
  <memory-copied type="other" objects="5588" bytes="432120" bytesdiscarded="34690" />
  <memory-cardclean objects="320" bytes="15800" />
  <memory-traced type="eden" objects="144" bytes="3848" />
  <memory-traced type="other" objects="0" bytes="0" />
  <regions eden="3" other="3" evacuated="5" marked="1" />
  <remembered-set-cleared processed="252" cleared="26" durationms="0.273" />
  <stringconstants candidates="4596" cleared="0"  />
</gc-op>
<gc-op id="70" type="classunload" timems="0.002" contextid="65" timestamp="2019-08-02T20:26:27.232">
  <classunload-info classloadercandidates="8" classloadersunloaded="0" classesunloaded="0" anonymousclassesunloaded="0" quiescems="0.000" setupms="0.002" scanms="0.000" postms="0.000" />
</gc-op>
<gc-op id="71" type="sweep" timems="1.788" contextid="65" timestamp="2019-08-02T20:26:27.234" />
<gc-op id="72" type="compact" timems="2.544" contextid="65" timestamp="2019-08-02T20:26:27.237">
  <compact-info movecount="144" movebytes="3848" />
  <remembered-set-cleared processed="570" cleared="47" durationms="0.273" />
</gc-op>
<heap-resize id="73" type="expand" space="default" amount="2097152" count="1" timems="0.064" reason="excessive time being spent in gc" timestamp="2019-08-02T20:26:27.237" />
<gc-end id="74" type="partial gc" contextid="65" durationms="14.640" usertimems="24.000" systemtimems="0.000" timestamp="2019-08-02T20:26:27.237" activeThreads="8">
  <mem-info id="75" free="7340032" total="13631488" percent="53">
    <mem type="eden" free="1618344" total="2097152" percent="77" />
    <remembered-set count="2208" freebytes="535296" totalbytes="544128" percent="98" regionsoverflowed="0" regionsstable="1" regionsrebuilding="0"/>
  </mem-info>
</gc-end>
<cycle-end id="76" type="partial gc" contextid="65" timestamp="2019-08-02T20:26:27.237" />
  <attribute name="elasticGC enabled" value="1" />
  <attribute name= "numThreadsSpecified" value="0" />
  <attribute name="heapSize specified" value="0" />
  <attribute name= "numCores" value="8" />
  <attribute name ="GC Interval" value="0" />
  <attribute name ="Control flow" value="2" />
  <attribute name="GC Util Range Max" value="96" />
  <attribute name="Current GC Util" value="132" />
  <attribute name= "Current Time Running" value="433" />
<exclusive-end id="77" timestamp="2019-08-02T20:26:27.238" durationms="15.644" />

<exclusive-start id="78" timestamp="2019-08-02T20:26:27.270" intervalms="48.298">
  <response-info timems="0.068" idlems="0.068" threads="0" lastid="0000000001A6AB00" lastname="Thread-11" />
</exclusive-start>
<allocation-taxation id="79" taxation-threshold="7340032" timestamp="2019-08-02T20:26:27.270" intervalms="48.267" />
<cycle-start id="80" type="partial gc" contextid="0" timestamp="2019-08-02T20:26:27.271" intervalms="48.274" />
<gc-start id="81" type="partial gc" contextid="80" timestamp="2019-08-02T20:26:27.271">
  <mem-info id="82" free="0" total="13631488" percent="0">
    <mem type="eden" free="1044728" total="8388608" percent="12" />
    <remembered-set count="2208" freebytes="535296" totalbytes="544128" percent="98" regionsoverflowed="0" regionsstable="1" regionsrebuilding="0"/>
  </mem-info>
</gc-start>
<allocation-stats totalBytes="7338976" >
  <allocated-bytes non-tlh="0" tlh="7338976" arrayletleaf="0"/>
  <largest-consumer threadName="Thread-11" threadId="0000000001A6AB00" bytes="7338976" />
</allocation-stats>
<gc-op id="83" type="mark" timems="3.776" contextid="80" timestamp="2019-08-02T20:26:27.276">
  <trace-info objectcount="6223" scancount="6140" scanbytes="287972" />
  <cardclean-info objects="40" bytes="2940" />
  <remembered-set-cleared processed="313" cleared="77" durationms="0.062" />
  <stringconstants candidates="4596" cleared="0"  />
  <warning details="Mark invoked due to insufficient free space for Copy-Forward" />
</gc-op>
<gc-op id="84" type="classunload" timems="0.003" contextid="80" timestamp="2019-08-02T20:26:27.276">
  <classunload-info classloadercandidates="8" classloadersunloaded="0" classesunloaded="0" anonymousclassesunloaded="0" quiescems="0.000" setupms="0.002" scanms="0.000" postms="0.000" />
</gc-op>
<gc-op id="85" type="sweep" timems="1.505" contextid="80" timestamp="2019-08-02T20:26:27.278" />
<gc-op id="86" type="compact" timems="2.365" contextid="80" timestamp="2019-08-02T20:26:27.280">
  <compact-info movecount="6177" movebytes="446464" />
  <remembered-set-cleared processed="685" cleared="213" durationms="0.062" />
</gc-op>
<heap-resize id="87" type="expand" space="default" amount="2097152" count="1" timems="0.065" reason="excessive time being spent in gc" timestamp="2019-08-02T20:26:27.280" />
<gc-end id="88" type="partial gc" contextid="80" durationms="9.714" usertimems="16.000" systemtimems="0.000" timestamp="2019-08-02T20:26:27.281" activeThreads="8">
  <mem-info id="89" free="9437184" total="15728640" percent="60">
    <mem type="eden" free="1649584" total="2097152" percent="78" />
    <remembered-set count="3040" freebytes="615680" totalbytes="627840" percent="98" regionsoverflowed="0" regionsstable="1" regionsrebuilding="0"/>
  </mem-info>
</gc-end>
<cycle-end id="90" type="partial gc" contextid="80" timestamp="2019-08-02T20:26:27.281" />
  <attribute name="elasticGC enabled" value="1" />
  <attribute name= "numThreadsSpecified" value="0" />
  <attribute name="heapSize specified" value="0" />
  <attribute name= "numCores" value="8" />
  <attribute name ="GC Interval" value="0" />
  <attribute name ="Control flow" value="2" />
  <attribute name="GC Util Range Max" value="96" />
  <attribute name="Current GC Util" value="118" />
  <attribute name= "Current Time Running" value="476" />
<exclusive-end id="91" timestamp="2019-08-02T20:26:27.281" durationms="10.781" />

<exclusive-start id="92" timestamp="2019-08-02T20:26:27.312" intervalms="41.812">
  <response-info timems="0.066" idlems="0.066" threads="0" lastid="0000000001A6AB00" lastname="Thread-11" />
</exclusive-start>
<allocation-taxation id="93" taxation-threshold="9437184" timestamp="2019-08-02T20:26:27.312" intervalms="41.786" />
<cycle-start id="94" type="partial gc" contextid="0" timestamp="2019-08-02T20:26:27.312" intervalms="41.726" />
<gc-start id="95" type="partial gc" contextid="94" timestamp="2019-08-02T20:26:27.313">
  <mem-info id="96" free="0" total="15728640" percent="0">
    <mem type="eden" free="0" total="9437184" percent="0" />
    <remembered-set count="3040" freebytes="615680" totalbytes="627840" percent="98" regionsoverflowed="0" regionsstable="1" regionsrebuilding="0"/>
  </mem-info>
</gc-start>
<allocation-stats totalBytes="9436040" >
  <allocated-bytes non-tlh="0" tlh="9436040" arrayletleaf="0"/>
  <largest-consumer threadName="Thread-11" threadId="0000000001A6AB00" bytes="9436040" />
</allocation-stats>
<gc-op id="97" type="mark" timems="4.095" contextid="94" timestamp="2019-08-02T20:26:27.318">
  <trace-info objectcount="835" scancount="835" scanbytes="20296" />
  <cardclean-info objects="1324" bytes="63816" />
  <remembered-set-cleared processed="383" cleared="86" durationms="0.082" />
  <stringconstants candidates="4596" cleared="0"  />
  <warning details="Mark invoked due to insufficient free space for Copy-Forward" />
</gc-op>
<gc-op id="98" type="classunload" timems="0.002" contextid="94" timestamp="2019-08-02T20:26:27.318">
  <classunload-info classloadercandidates="8" classloadersunloaded="0" classesunloaded="0" anonymousclassesunloaded="0" quiescems="0.000" setupms="0.002" scanms="0.000" postms="0.000" />
</gc-op>
<gc-op id="99" type="sweep" timems="1.579" contextid="94" timestamp="2019-08-02T20:26:27.320" />
<gc-op id="100" type="compact" timems="2.319" contextid="94" timestamp="2019-08-02T20:26:27.322">
  <compact-info movecount="745" movebytes="18136" />
  <remembered-set-cleared processed="815" cleared="219" durationms="0.082" />
</gc-op>
<heap-resize id="101" type="expand" space="default" amount="3145728" count="1" timems="0.068" reason="excessive time being spent in gc" timestamp="2019-08-02T20:26:27.322" />
<gc-end id="102" type="partial gc" contextid="94" durationms="10.034" usertimems="12.000" systemtimems="4.000" timestamp="2019-08-02T20:26:27.323" activeThreads="8">
  <mem-info id="103" free="11534336" total="18874368" percent="61">
    <mem type="eden" free="1037664" total="1048576" percent="98" />
    <remembered-set count="2336" freebytes="744064" totalbytes="753408" percent="98" regionsoverflowed="0" regionsstable="1" regionsrebuilding="0"/>
  </mem-info>
</gc-end>
<cycle-end id="104" type="partial gc" contextid="94" timestamp="2019-08-02T20:26:27.323" />
  <attribute name="elasticGC enabled" value="1" />
  <attribute name= "numThreadsSpecified" value="0" />
  <attribute name="heapSize specified" value="0" />
  <attribute name= "numCores" value="8" />
  <attribute name ="GC Interval" value="0" />
  <attribute name ="Control flow" value="2" />
  <attribute name="GC Util Range Max" value="96" />
  <attribute name="Current GC Util" value="144" />
  <attribute name= "Current Time Running" value="518" />
<exclusive-end id="105" timestamp="2019-08-02T20:26:27.323" durationms="10.901" />

<exclusive-start id="106" timestamp="2019-08-02T20:26:27.360" intervalms="48.412">
  <response-info timems="0.063" idlems="0.063" threads="0" lastid="0000000001A6AB00" lastname="Thread-11" />
</exclusive-start>
<allocation-taxation id="107" taxation-threshold="11534336" timestamp="2019-08-02T20:26:27.361" intervalms="48.421" />
<cycle-start id="108" type="partial gc" contextid="0" timestamp="2019-08-02T20:26:27.361" intervalms="48.420" />
<gc-start id="109" type="partial gc" contextid="108" timestamp="2019-08-02T20:26:27.361">
  <mem-info id="110" free="0" total="18874368" percent="0">
    <mem type="eden" free="0" total="11534336" percent="0" />
    <remembered-set count="2336" freebytes="744064" totalbytes="753408" percent="98" regionsoverflowed="0" regionsstable="1" regionsrebuilding="0"/>
  </mem-info>
</gc-start>
<allocation-stats totalBytes="11533120" >
  <allocated-bytes non-tlh="0" tlh="11533120" arrayletleaf="0"/>
  <largest-consumer threadName="Thread-11" threadId="0000000001A6AB00" bytes="11533120" />
</allocation-stats>
<gc-op id="111" type="mark" timems="3.543" contextid="108" timestamp="2019-08-02T20:26:27.366">
  <trace-info objectcount="1123" scancount="1123" scanbytes="27328" />
  <cardclean-info objects="1781" bytes="84712" />
  <remembered-set-cleared processed="542" cleared="168" durationms="0.069" />
  <stringconstants candidates="4596" cleared="0"  />
  <warning details="Mark invoked due to insufficient free space for Copy-Forward" />
</gc-op>
<gc-op id="112" type="classunload" timems="0.002" contextid="108" timestamp="2019-08-02T20:26:27.366">
  <classunload-info classloadercandidates="8" classloadersunloaded="0" classesunloaded="0" anonymousclassesunloaded="0" quiescems="0.000" setupms="0.002" scanms="0.000" postms="0.000" />
</gc-op>
<gc-op id="113" type="sweep" timems="1.526" contextid="108" timestamp="2019-08-02T20:26:27.367" />
<gc-op id="114" type="compact" timems="2.705" contextid="108" timestamp="2019-08-02T20:26:27.370">
  <compact-info movecount="899" movebytes="21952" />
  <remembered-set-cleared processed="1139" cleared="387" durationms="0.069" />
</gc-op>
<heap-resize id="115" type="expand" space="default" amount="2097152" count="1" timems="0.061" reason="excessive time being spent in gc" timestamp="2019-08-02T20:26:27.371" />
<gc-end id="116" type="partial gc" contextid="108" durationms="9.895" usertimems="12.000" systemtimems="4.000" timestamp="2019-08-02T20:26:27.371" activeThreads="8">
  <mem-info id="117" free="12582912" total="20971520" percent="60">
    <mem type="eden" free="1031232" total="1048576" percent="98" />
    <remembered-set count="2560" freebytes="826880" totalbytes="837120" percent="98" regionsoverflowed="0" regionsstable="1" regionsrebuilding="0"/>
  </mem-info>
</gc-end>
<cycle-end id="118" type="partial gc" contextid="108" timestamp="2019-08-02T20:26:27.371" />
  <attribute name="elasticGC enabled" value="1" />
  <attribute name= "numThreadsSpecified" value="0" />
  <attribute name="heapSize specified" value="0" />
  <attribute name= "numCores" value="8" />
  <attribute name ="GC Interval" value="0" />
  <attribute name ="Control flow" value="2" />
  <attribute name="GC Util Range Max" value="96" />
  <attribute name="Current GC Util" value="119" />
  <attribute name= "Current Time Running" value="566" />
<exclusive-end id="119" timestamp="2019-08-02T20:26:27.371" durationms="10.736" />

<exclusive-start id="120" timestamp="2019-08-02T20:26:27.414" intervalms="53.589">
  <response-info timems="0.029" idlems="0.029" threads="0" lastid="0000000001A6AB00" lastname="Thread-11" />
</exclusive-start>
<allocation-taxation id="121" taxation-threshold="11534336" timestamp="2019-08-02T20:26:27.414" intervalms="53.580" />
<cycle-start id="122" type="partial gc" contextid="0" timestamp="2019-08-02T20:26:27.414" intervalms="53.587" />
<gc-start id="123" type="partial gc" contextid="122" timestamp="2019-08-02T20:26:27.415">
  <mem-info id="124" free="1048576" total="20971520" percent="5">
    <mem type="eden" free="0" total="11534336" percent="0" />
    <remembered-set count="2080" freebytes="828800" totalbytes="837120" percent="99" regionsoverflowed="0" regionsstable="1" regionsrebuilding="0"/>
  </mem-info>
</gc-start>
<allocation-stats totalBytes="11533008" >
  <allocated-bytes non-tlh="0" tlh="11533008" arrayletleaf="0"/>
  <largest-consumer threadName="Thread-11" threadId="0000000001A6AB00" bytes="11533008" />
</allocation-stats>
<gc-op id="125" type="copy forward" timems="4.512" contextid="122" timestamp="2019-08-02T20:26:27.420">
  <memory-copied type="eden" objects="673" bytes="16272" bytesdiscarded="0" />
  <memory-copied type="other" objects="629" bytes="15096" bytesdiscarded="0" />
  <memory-cardclean objects="2078" bytes="99808" />
  <regions eden="11" other="1" />
  <remembered-set-cleared processed="714" cleared="207" durationms="0.086" />
  <stringconstants candidates="4596" cleared="0"  />
  <heap-resize type="expand" space="default" amount="1048576" count="1" timems="0.071" reason="continue current collection" />
</gc-op>
<gc-op id="126" type="classunload" timems="0.003" contextid="122" timestamp="2019-08-02T20:26:27.421">
  <classunload-info classloadercandidates="8" classloadersunloaded="0" classesunloaded="0" anonymousclassesunloaded="0" quiescems="0.000" setupms="0.002" scanms="0.000" postms="0.000" />
</gc-op>
<heap-resize id="127" type="expand" space="default" amount="2097152" count="1" timems="0.061" reason="excessive time being spent in gc" timestamp="2019-08-02T20:26:27.421" />
<gc-end id="128" type="partial gc" contextid="122" durationms="6.271" usertimems="12.000" systemtimems="0.000" timestamp="2019-08-02T20:26:27.421" activeThreads="8">
  <mem-info id="129" free="14680064" total="24117248" percent="60">
    <mem type="eden" free="1032304" total="1048576" percent="98" />
    <remembered-set count="2848" freebytes="951296" totalbytes="962688" percent="98" regionsoverflowed="0" regionsstable="1" regionsrebuilding="0"/>
  </mem-info>
</gc-end>
<cycle-end id="130" type="partial gc" contextid="122" timestamp="2019-08-02T20:26:27.421" />
  <attribute name="elasticGC enabled" value="1" />
  <attribute name= "numThreadsSpecified" value="0" />
  <attribute name="heapSize specified" value="0" />
  <attribute name= "numCores" value="8" />
  <attribute name ="GC Interval" value="0" />
  <attribute name ="Control flow" value="2" />
  <attribute name="GC Util Range Max" value="96" />
  <attribute name="Current GC Util" value="128" />
  <attribute name= "Current Time Running" value="614" />
<exclusive-end id="131" timestamp="2019-08-02T20:26:27.421" durationms="7.257" />

<exclusive-start id="132" timestamp="2019-08-02T20:26:27.464" intervalms="50.434">
  <response-info timems="0.041" idlems="0.041" threads="0" lastid="0000000001A6AB00" lastname="Thread-11" />
</exclusive-start>
<allocation-taxation id="133" taxation-threshold="12582912" timestamp="2019-08-02T20:26:27.465" intervalms="50.468" />
<cycle-start id="134" type="partial gc" contextid="0" timestamp="2019-08-02T20:26:27.465" intervalms="50.530" />
<gc-start id="135" type="partial gc" contextid="134" timestamp="2019-08-02T20:26:27.465">
  <mem-info id="136" free="2097152" total="24117248" percent="8">
    <mem type="eden" free="0" total="12582912" percent="0" />
    <remembered-set count="2848" freebytes="951296" totalbytes="962688" percent="98" regionsoverflowed="0" regionsstable="1" regionsrebuilding="0"/>
  </mem-info>
</gc-start>
<allocation-stats totalBytes="12581472" >
  <allocated-bytes non-tlh="0" tlh="12581472" arrayletleaf="0"/>
  <largest-consumer threadName="Thread-11" threadId="0000000001A6AB00" bytes="12581472" />
</allocation-stats>
<gc-op id="137" type="copy forward" timems="2.629" contextid="134" timestamp="2019-08-02T20:26:27.469">
  <memory-copied type="eden" objects="947" bytes="23360" bytesdiscarded="0" />
  <memory-copied type="other" objects="664" bytes="15936" bytesdiscarded="0" />
  <memory-cardclean objects="2244" bytes="107952" />
  <regions eden="12" other="1" />
  <remembered-set-cleared processed="909" cleared="195" durationms="0.069" />
  <stringconstants candidates="4596" cleared="0"  />
</gc-op>
<gc-op id="138" type="classunload" timems="0.002" contextid="134" timestamp="2019-08-02T20:26:27.469">
  <classunload-info classloadercandidates="8" classloadersunloaded="0" classesunloaded="0" anonymousclassesunloaded="0" quiescems="0.000" setupms="0.002" scanms="0.000" postms="0.000" />
</gc-op>
<heap-resize id="139" type="expand" space="default" amount="2097152" count="1" timems="0.063" reason="excessive time being spent in gc" timestamp="2019-08-02T20:26:27.469" />
<gc-end id="140" type="partial gc" contextid="134" durationms="4.152" usertimems="8.000" systemtimems="0.000" timestamp="2019-08-02T20:26:27.469" activeThreads="8">
  <mem-info id="141" free="15728640" total="26214400" percent="60">
    <mem type="eden" free="1025216" total="1048576" percent="97" />
    <remembered-set count="2592" freebytes="1036032" totalbytes="1046400" percent="99" regionsoverflowed="0" regionsstable="1" regionsrebuilding="0"/>
  </mem-info>
</gc-end>
<cycle-end id="142" type="partial gc" contextid="134" timestamp="2019-08-02T20:26:27.469" />
  <attribute name="elasticGC enabled" value="1" />
  <attribute name= "numThreadsSpecified" value="0" />
  <attribute name="heapSize specified" value="0" />
  <attribute name= "numCores" value="8" />
  <attribute name ="GC Interval" value="0" />
  <attribute name ="Control flow" value="2" />
  <attribute name="GC Util Range Max" value="96" />
  <attribute name="Current GC Util" value="140" />
  <attribute name= "Current Time Running" value="665" />
<exclusive-end id="143" timestamp="2019-08-02T20:26:27.469" durationms="5.055" />

<exclusive-start id="144" timestamp="2019-08-02T20:26:27.511" intervalms="46.065">
  <response-info timems="0.041" idlems="0.041" threads="0" lastid="0000000001A6AB00" lastname="Thread-11" />
</exclusive-start>
<allocation-taxation id="145" taxation-threshold="13631488" timestamp="2019-08-02T20:26:27.511" intervalms="46.043" />
<cycle-start id="146" type="partial gc" contextid="0" timestamp="2019-08-02T20:26:27.511" intervalms="46.050" />
<gc-start id="147" type="partial gc" contextid="146" timestamp="2019-08-02T20:26:27.511">
  <mem-info id="148" free="2097152" total="26214400" percent="8">
    <mem type="eden" free="0" total="13631488" percent="0" />
    <remembered-set count="2592" freebytes="1036032" totalbytes="1046400" percent="99" regionsoverflowed="0" regionsstable="1" regionsrebuilding="0"/>
  </mem-info>
</gc-start>
<allocation-stats totalBytes="13629768" >
  <allocated-bytes non-tlh="0" tlh="13629768" arrayletleaf="0"/>
  <largest-consumer threadName="Thread-11" threadId="0000000001A6AB00" bytes="13629768" />
</allocation-stats>
<gc-op id="149" type="copy forward" timems="3.557" contextid="146" timestamp="2019-08-02T20:26:27.516">
  <memory-copied type="eden" objects="655" bytes="15984" bytesdiscarded="0" />
  <memory-copied type="other" objects="839" bytes="20136" bytesdiscarded="0" />
  <memory-cardclean objects="2103" bytes="101424" />
  <regions eden="13" other="1" />
  <remembered-set-cleared processed="1107" cleared="193" durationms="0.067" />
  <stringconstants candidates="4596" cleared="0"  />
</gc-op>
<gc-op id="150" type="classunload" timems="0.002" contextid="146" timestamp="2019-08-02T20:26:27.516">
  <classunload-info classloadercandidates="8" classloadersunloaded="0" classesunloaded="0" anonymousclassesunloaded="0" quiescems="0.000" setupms="0.002" scanms="0.000" postms="0.000" />
</gc-op>
<heap-resize id="151" type="expand" space="default" amount="3145728" count="1" timems="0.068" reason="excessive time being spent in gc" timestamp="2019-08-02T20:26:27.516" />
<gc-end id="152" type="partial gc" contextid="146" durationms="5.018" usertimems="8.000" systemtimems="0.000" timestamp="2019-08-02T20:26:27.516" activeThreads="8">
  <mem-info id="153" free="17825792" total="29360128" percent="60">
    <mem type="eden" free="1032592" total="1048576" percent="98" />
    <remembered-set count="2848" freebytes="1160576" totalbytes="1171968" percent="99" regionsoverflowed="0" regionsstable="1" regionsrebuilding="0"/>
  </mem-info>
</gc-end>
<cycle-end id="154" type="partial gc" contextid="146" timestamp="2019-08-02T20:26:27.516" />
  <attribute name="elasticGC enabled" value="1" />
  <attribute name= "numThreadsSpecified" value="0" />
  <attribute name="heapSize specified" value="0" />
  <attribute name= "numCores" value="8" />
  <attribute name ="GC Interval" value="0" />
  <attribute name ="Control flow" value="2" />
  <attribute name="GC Util Range Max" value="96" />
  <attribute name="Current GC Util" value="160" />
  <attribute name= "Current Time Running" value="711" />
<exclusive-end id="155" timestamp="2019-08-02T20:26:27.517" durationms="6.035" />

</verbosegc>

