<?xml version="1.0" ?>

<verbosegc xmlns="http://www.ibm.com/j9/verbosegc" version="08cc62e_CMPRSS">

<initialized id="1" timestamp="2019-08-03T01:07:05.250">
  <attribute name="gcPolicy" value="-Xgcpolicy:optavgpause" />
  <attribute name="elasticGC enabled" value="1" />
  <attribute name= "numThreadsSpecified" value="0" />
  <attribute name="heapSize specified" value="0" />
  <attribute name= "numCores" value="0" />
  <attribute name ="GC Interval" value="0" />
  <attribute name="GC Util Range Max" value="0" />
  <attribute name="Current GC Util" value="0" />
  <attribute name= "Current Time Running" value="0" />
  <attribute name="maxHeapSize" value="0x7cba0000" />
  <attribute name="initialHeapSize" value="0x800000" />
  <attribute name="compressedRefs" value="true" />
  <attribute name="compressedRefsDisplacement" value="0x0" />
  <attribute name="compressedRefsShift" value="0x0" />
  <attribute name="pageSize" value="0x1000" />
  <attribute name="pageType" value="not used" />
  <attribute name="requestedPageSize" value="0x1000" />
  <attribute name="requestedPageType" value="not used" />
  <attribute name="gcthreads" value="8" />
  <attribute name="packetListSplit" value="8" />
  <attribute name="cacheListSplit" value="8" />
  <attribute name="splitFreeListSplitAmount" value="1" />
  <attribute name="numaNodes" value="0" />
  <system>
    <attribute name="physicalMemory" value="8370401280" />
    <attribute name="numCPUs" value="8" />
    <attribute name="architecture" value="amd64" />
    <attribute name="os" value="Linux" />
    <attribute name="osVersion" value="4.4.0-154-generic" />
  </system>
  <vmargs>
    <vmarg name="-Xoptionsfile=/vagrant/jdk/lib/options.default" />
    <vmarg name="-Xlockword:mode=default,noLockword=java/lang/String,noLockword=java/util/MapEntry,noLockword=java/util/HashMap$Entry,noLockword..." />
    <vmarg name="-Xjcl:jclse29" />
    <vmarg name="-Dcom.ibm.oti.vm.bootstrap.library.path=/vagrant/jdk/lib/compressedrefs:/vagrant/jdk/lib" />
    <vmarg name="-Dsun.boot.library.path=/vagrant/jdk/lib/compressedrefs:/vagrant/jdk/lib" />
    <vmarg name="-Djava.library.path=/vagrant/jdk/lib/compressedrefs:/vagrant/jdk/lib:/usr/lib64:/usr/lib" />
    <vmarg name="-Djava.home=/vagrant/jdk" />
    <vmarg name="-Duser.dir=/vagrant" />
    <vmarg name="-Xgcpolicy:optavgpause" />
    <vmarg name="-Xgcelastic" />
    <vmarg name="-Xcheck:gc:::elasticGC" />
    <vmarg name="-verbose:gc" />
    <vmarg name="-Xloggc:jdkP-small-OAP-8core-verbose16avrora.txt" />
    <vmarg name="-Djava.class.path=dacapo-9.12-MR1-bach.jar" />
    <vmarg name="-Dsun.java.command=dacapo-9.12-MR1-bach.jar avrora --size=small" />
    <vmarg name="-Dsun.java.launcher=SUN_STANDARD" />
    <vmarg name="-Dsun.java.launcher.pid=32231" />
  </vmargs>
</initialized>

<exclusive-start id="2" timestamp="2019-08-03T01:07:06.027" intervalms="776.585">
  <response-info timems="0.022" idlems="0.022" threads="0" lastid="0000000001C36A00" lastname="main" />
</exclusive-start>
<sys-start reason="explicit" id="3" timestamp="2019-08-03T01:07:06.027" intervalms="776.834" />
<cycle-start id="4" type="global" contextid="0" timestamp="2019-08-03T01:07:06.027" intervalms="777.065" />
<gc-start id="5" type="global" contextid="4" timestamp="2019-08-03T01:07:06.027">
  <mem-info id="6" free="1673832" total="8388608" percent="19">
    <mem type="tenure" free="1673832" total="8388608" percent="19">
      <mem type="soa" free="1255016" total="7969792" percent="15" />
      <mem type="loa" free="418816" total="418816" percent="100" />
    </mem>
  </mem-info>
</gc-start>
<allocation-stats totalBytes="6672432" >
  <allocated-bytes non-tlh="529816" tlh="6142616" />
  <largest-consumer threadName="main" threadId="0000000001C36A00" bytes="6579480" />
</allocation-stats>
<gc-op id="7" type="mark" timems="2.476" contextid="4" timestamp="2019-08-03T01:07:06.030">
  <trace-info objectcount="17834" scancount="14744" scanbytes="464960" />
  <finalization candidates="14" enqueued="1" />
  <references type="soft" candidates="66" cleared="0" enqueued="0" dynamicThreshold="32" maxThreshold="32" />
  <references type="weak" candidates="553" cleared="411" enqueued="372" />
  <references type="phantom" candidates="99" cleared="41" enqueued="41" />
  <stringconstants candidates="2456" cleared="0"  />
</gc-op>
<gc-op id="8" type="classunload" timems="0.067" contextid="4" timestamp="2019-08-03T01:07:06.030">
  <classunload-info classloadercandidates="6" classloadersunloaded="0" classesunloaded="0" anonymousclassesunloaded="0" quiescems="0.000" setupms="0.066" scanms="0.000" postms="0.001" />
</gc-op>
<gc-op id="9" type="sweep" timems="0.600" contextid="4" timestamp="2019-08-03T01:07:06.031" />
<gc-end id="10" type="global" contextid="4" durationms="4.191" usertimems="0.000" systemtimems="4.000" timestamp="2019-08-03T01:07:06.032" activeThreads="8">
  <mem-info id="11" free="7129336" total="8388608" percent="84">
    <mem type="tenure" free="7129336" total="8388608" percent="84" micro-fragmented="189004">
      <mem type="soa" free="6710520" total="7969792" percent="84" />
      <mem type="loa" free="418816" total="418816" percent="100" />
    </mem>
    <pending-finalizers system="1" default="0" reference="413" classloader="0" />
  </mem-info>
</gc-end>
<cycle-end id="12" type="global" contextid="4" timestamp="2019-08-03T01:07:06.032" />
  <attribute name="elasticGC enabled" value="1" />
  <attribute name= "numThreadsSpecified" value="0" />
  <attribute name="heapSize specified" value="0" />
  <attribute name= "numCores" value="8" />
  <attribute name ="GC Interval" value="0" />
  <attribute name ="Control flow" value="1" />
  <attribute name="GC Util Range Max" value="84" />
  <attribute name="Current GC Util" value="27" />
  <attribute name= "Current Time Running" value="3" />
<sys-end id="13" timestamp="2019-08-03T01:07:06.032" />
<exclusive-end id="14" timestamp="2019-08-03T01:07:06.032" durationms="4.935" />

<exclusive-start id="15" timestamp="2019-08-03T01:07:06.924" intervalms="897.573">
  <response-info timems="0.025" idlems="0.025" threads="0" lastid="0000000001EFF300" lastname="node-2" />
</exclusive-start>
<af-start id="16" threadId="0000000001EFFC88" totalBytesRequested="32" timestamp="2019-08-03T01:07:06.925" intervalms="1674.253" />
<cycle-start id="17" type="global" contextid="0" timestamp="2019-08-03T01:07:06.925" intervalms="897.252" />
<gc-start id="18" type="global" contextid="17" timestamp="2019-08-03T01:07:06.925">
  <mem-info id="19" free="418816" total="8388608" percent="4">
    <mem type="tenure" free="418816" total="8388608" percent="4">
      <mem type="soa" free="0" total="7969792" percent="0" />
      <mem type="loa" free="418816" total="418816" percent="100" />
    </mem>
  </mem-info>
</gc-start>
<allocation-stats totalBytes="6621040" >
  <allocated-bytes non-tlh="694904" tlh="5926136" />
  <largest-consumer threadName="main" threadId="0000000001C36A00" bytes="5886840" />
</allocation-stats>
<gc-op id="20" type="mark" timems="2.267" contextid="17" timestamp="2019-08-03T01:07:06.927">
  <trace-info objectcount="40751" scancount="34987" scanbytes="1185692" />
  <finalization candidates="13" enqueued="0" />
  <references type="soft" candidates="66" cleared="0" enqueued="0" dynamicThreshold="27" maxThreshold="32" />
  <references type="weak" candidates="187" cleared="44" enqueued="44" />
  <references type="phantom" candidates="61" cleared="4" enqueued="4" />
  <stringconstants candidates="3831" cleared="0"  />
</gc-op>
<gc-op id="21" type="sweep" timems="0.243" contextid="17" timestamp="2019-08-03T01:07:06.927" />
<gc-end id="22" type="global" contextid="17" durationms="3.473" usertimems="4.000" systemtimems="0.000" timestamp="2019-08-03T01:07:06.928" activeThreads="8">
  <mem-info id="23" free="5703112" total="8388608" percent="67">
    <mem type="tenure" free="5703112" total="8388608" percent="67" micro-fragmented="406589">
      <mem type="soa" free="5430880" total="7969792" percent="68" />
      <mem type="loa" free="272232" total="418816" percent="65" />
    </mem>
    <pending-finalizers system="0" default="0" reference="48" classloader="0" />
  </mem-info>
</gc-end>
<cycle-end id="24" type="global" contextid="17" timestamp="2019-08-03T01:07:06.928" />
  <attribute name="elasticGC enabled" value="1" />
  <attribute name= "numThreadsSpecified" value="1" />
  <attribute name="heapSize specified" value="0" />
  <attribute name= "numCores" value="8" />
  <attribute name ="GC Interval" value="0" />
  <attribute name ="Control flow" value="2" />
  <attribute name="GC Util Range Max" value="84" />
  <attribute name="Current GC Util" value="32" />
  <attribute name= "Current Time Running" value="899" />
<allocation-satisfied id="25" threadId="0000000001EFF300" bytesRequested="32" />
<af-end id="26" timestamp="2019-08-03T01:07:06.928" threadId="0000000001EFFC88" success="true" />
<exclusive-end id="27" timestamp="2019-08-03T01:07:06.928" durationms="4.057" />

<concurrent-kickoff id="28" timestamp="2019-08-03T01:07:08.908">
  <kickoff reason="threshold reached" targetBytes="2489738" thresholdFreeBytes="343258" remainingFree="336864" tenureFreeBytes="336864" />
</concurrent-kickoff>
<exclusive-start id="29" timestamp="2019-08-03T01:07:08.908" intervalms="1983.696">
  <response-info timems="0.028" idlems="0.028" threads="0" lastid="0000000001EFB700" lastname="node-0" />
</exclusive-start>
<cycle-start id="30" type="global" contextid="0" timestamp="2019-08-03T01:07:08.908" intervalms="1983.596" />
<exclusive-end id="31" timestamp="2019-08-03T01:07:08.908" durationms="0.114" />

<exclusive-start id="32" timestamp="2019-08-03T01:07:08.965" intervalms="57.026">
  <response-info timems="0.059" idlems="0.059" threads="0" lastid="0000000001F02F00" lastname="node-1" />
</exclusive-start>
<af-start id="33" threadId="0000000001F03888" totalBytesRequested="24" timestamp="2019-08-03T01:07:08.965" intervalms="2040.777" />
<gc-start id="34" type="global" contextid="30" timestamp="2019-08-03T01:07:08.966">
  <mem-info id="35" free="418816" total="8388608" percent="4">
    <mem type="tenure" free="418816" total="8388608" percent="4">
      <mem type="soa" free="0" total="7969792" percent="0" />
      <mem type="loa" free="418816" total="418816" percent="100" />
    </mem>
  </mem-info>
</gc-start>
<allocation-stats totalBytes="5415168" >
  <allocated-bytes non-tlh="0" tlh="5415168" />
  <largest-consumer threadName="node-0" threadId="0000000001EFB700" bytes="1848488" />
</allocation-stats>
<concurrent-halted id="36" timestamp="2019-08-03T01:07:08.966">
  <halted state="Complete" status="trace only" />
  <traced bytesTarget="2489738" bytesTotal="548276" bytesByMutator="5184" bytesByHelper="543092" percent="22" />
  <cards cleaned="0" thresholdBytes="135222" />
</concurrent-halted>
<gc-op id="37" type="card-cleaning" timems="0.587" contextid="30" timestamp="2019-08-03T01:07:08.966">
  <card-cleaning cardsCleaned="38" bytesTraced="401796" workStackOverflowCount="0" />
</gc-op>
<gc-op id="38" type="mark" timems="1.068" contextid="30" timestamp="2019-08-03T01:07:08.968">
  <trace-info objectcount="6004" scancount="6245" scanbytes="260468" />
  <finalization candidates="13" enqueued="0" />
  <references type="soft" candidates="66" cleared="0" enqueued="0" dynamicThreshold="21" maxThreshold="32" />
  <references type="weak" candidates="143" cleared="0" enqueued="0" />
  <references type="phantom" candidates="57" cleared="0" enqueued="0" />
  <stringconstants candidates="3831" cleared="0"  />
</gc-op>
<gc-op id="39" type="sweep" timems="0.191" contextid="30" timestamp="2019-08-03T01:07:08.968" />
<gc-end id="40" type="global" contextid="30" durationms="2.817" usertimems="0.000" systemtimems="4.000" timestamp="2019-08-03T01:07:08.968" activeThreads="8">
  <mem-info id="41" free="5754080" total="8388608" percent="68">
    <mem type="tenure" free="5754080" total="8388608" percent="68" micro-fragmented="450985">
      <mem type="soa" free="5408552" total="7969792" percent="67" />
      <mem type="loa" free="345528" total="418816" percent="82" />
    </mem>
  </mem-info>
</gc-end>
<cycle-end id="42" type="global" contextid="30" timestamp="2019-08-03T01:07:08.969" />
  <attribute name="elasticGC enabled" value="1" />
  <attribute name= "numThreadsSpecified" value="2" />
  <attribute name="heapSize specified" value="0" />
  <attribute name= "numCores" value="8" />
  <attribute name ="GC Interval" value="0" />
  <attribute name ="Control flow" value="1" />
  <attribute name="GC Util Range Max" value="84" />
  <attribute name="Current GC Util" value="4" />
  <attribute name= "Current Time Running" value="2940" />
<allocation-satisfied id="43" threadId="0000000001F02F00" bytesRequested="24" />
<af-end id="44" timestamp="2019-08-03T01:07:08.969" threadId="0000000001F03888" success="true" />
<exclusive-end id="45" timestamp="2019-08-03T01:07:08.969" durationms="3.589" />

<exclusive-start id="46" timestamp="2019-08-03T01:07:10.860" intervalms="1895.334">
  <response-info timems="0.033" idlems="0.033" threads="0" lastid="0000000001EFF300" lastname="node-2" />
</exclusive-start>
<af-start id="47" threadId="0000000001EFFC88" totalBytesRequested="24" timestamp="2019-08-03T01:07:10.861" intervalms="1895.272" />
<cycle-start id="48" type="global" contextid="0" timestamp="2019-08-03T01:07:10.861" intervalms="1952.575" />
<gc-start id="49" type="global" contextid="48" timestamp="2019-08-03T01:07:10.861">
  <mem-info id="50" free="418816" total="8388608" percent="4">
    <mem type="tenure" free="418816" total="8388608" percent="4">
      <mem type="soa" free="0" total="7969792" percent="0" />
      <mem type="loa" free="418816" total="418816" percent="100" />
    </mem>
  </mem-info>
</gc-start>
<allocation-stats totalBytes="5396720" >
  <allocated-bytes non-tlh="0" tlh="5396720" />
  <largest-consumer threadName="node-0" threadId="0000000001EFB700" bytes="1800824" />
</allocation-stats>
<gc-op id="51" type="mark" timems="1.095" contextid="48" timestamp="2019-08-03T01:07:10.862">
  <trace-info objectcount="40579" scancount="34864" scanbytes="1182428" />
  <finalization candidates="13" enqueued="0" />
  <references type="soft" candidates="66" cleared="0" enqueued="0" dynamicThreshold="21" maxThreshold="32" />
  <references type="weak" candidates="143" cleared="0" enqueued="0" />
  <references type="phantom" candidates="57" cleared="0" enqueued="0" />
  <stringconstants candidates="3831" cleared="0"  />
</gc-op>
<gc-op id="52" type="sweep" timems="0.191" contextid="48" timestamp="2019-08-03T01:07:10.862" />
<gc-end id="53" type="global" contextid="48" durationms="2.089" usertimems="4.000" systemtimems="0.000" timestamp="2019-08-03T01:07:10.863" activeThreads="4">
  <mem-info id="54" free="5837592" total="8388608" percent="69">
    <mem type="tenure" free="5837592" total="8388608" percent="69" micro-fragmented="420869">
      <mem type="soa" free="5455416" total="7969792" percent="68" />
      <mem type="loa" free="382176" total="418816" percent="91" />
    </mem>
  </mem-info>
</gc-end>
<cycle-end id="55" type="global" contextid="48" timestamp="2019-08-03T01:07:10.863" />
  <attribute name="elasticGC enabled" value="1" />
  <attribute name= "numThreadsSpecified" value="4" />
  <attribute name="heapSize specified" value="0" />
  <attribute name= "numCores" value="8" />
  <attribute name ="GC Interval" value="0" />
  <attribute name ="Control flow" value="1" />
  <attribute name="GC Util Range Max" value="84" />
  <attribute name="Current GC Util" value="37" />
  <attribute name= "Current Time Running" value="4834" />
<allocation-satisfied id="56" threadId="0000000001EFF300" bytesRequested="24" />
<af-end id="57" timestamp="2019-08-03T01:07:10.863" threadId="0000000001EFFC88" success="true" />
<exclusive-end id="58" timestamp="2019-08-03T01:07:10.863" durationms="2.901" />

<exclusive-start id="59" timestamp="2019-08-03T01:07:12.682" intervalms="1821.293">
  <response-info timems="0.027" idlems="0.027" threads="0" lastid="0000000001EFB700" lastname="node-0" />
</exclusive-start>
<af-start id="60" threadId="0000000001EFC088" totalBytesRequested="24" timestamp="2019-08-03T01:07:12.682" intervalms="1821.312" />
<cycle-start id="61" type="global" contextid="0" timestamp="2019-08-03T01:07:12.682" intervalms="1821.306" />
<gc-start id="62" type="global" contextid="61" timestamp="2019-08-03T01:07:12.682">
  <mem-info id="63" free="418816" total="8388608" percent="4">
    <mem type="tenure" free="418816" total="8388608" percent="4">
      <mem type="soa" free="0" total="7969792" percent="0" />
      <mem type="loa" free="418816" total="418816" percent="100" />
    </mem>
  </mem-info>
</gc-start>
<allocation-stats totalBytes="5440304" >
  <allocated-bytes non-tlh="0" tlh="5440304" />
  <largest-consumer threadName="node-2" threadId="0000000001EFF300" bytes="1819952" />
</allocation-stats>
<gc-op id="64" type="mark" timems="1.084" contextid="61" timestamp="2019-08-03T01:07:12.683">
  <trace-info objectcount="40578" scancount="34863" scanbytes="1182404" />
  <finalization candidates="13" enqueued="0" />
  <references type="soft" candidates="66" cleared="0" enqueued="0" dynamicThreshold="22" maxThreshold="32" />
  <references type="weak" candidates="143" cleared="0" enqueued="0" />
  <references type="phantom" candidates="57" cleared="0" enqueued="0" />
  <stringconstants candidates="3831" cleared="0"  />
</gc-op>
<gc-op id="65" type="sweep" timems="0.217" contextid="61" timestamp="2019-08-03T01:07:12.684" />
<gc-end id="66" type="global" contextid="61" durationms="2.157" usertimems="4.000" systemtimems="0.000" timestamp="2019-08-03T01:07:12.684" activeThreads="8">
  <mem-info id="67" free="5845360" total="8388608" percent="69">
    <mem type="tenure" free="5845360" total="8388608" percent="69" micro-fragmented="420741">
      <mem type="soa" free="5455856" total="7969792" percent="68" />
      <mem type="loa" free="389504" total="418816" percent="93" />
    </mem>
  </mem-info>
</gc-end>
<cycle-end id="68" type="global" contextid="61" timestamp="2019-08-03T01:07:12.684" />
  <attribute name="elasticGC enabled" value="1" />
  <attribute name= "numThreadsSpecified" value="4" />
  <attribute name="heapSize specified" value="0" />
  <attribute name= "numCores" value="8" />
  <attribute name ="GC Interval" value="0" />
  <attribute name ="Control flow" value="1" />
  <attribute name="GC Util Range Max" value="84" />
  <attribute name="Current GC Util" value="14" />
  <attribute name= "Current Time Running" value="6656" />
<allocation-satisfied id="69" threadId="0000000001EFB700" bytesRequested="24" />
<af-end id="70" timestamp="2019-08-03T01:07:12.685" threadId="0000000001EFC088" success="true" />
<exclusive-end id="71" timestamp="2019-08-03T01:07:12.685" durationms="2.867" />

<exclusive-start id="72" timestamp="2019-08-03T01:07:14.441" intervalms="1758.757">
  <response-info timems="0.027" idlems="0.027" threads="0" lastid="0000000001EFB700" lastname="node-0" />
</exclusive-start>
<af-start id="73" threadId="0000000001EFC088" totalBytesRequested="32" timestamp="2019-08-03T01:07:14.441" intervalms="1758.752" />
<cycle-start id="74" type="global" contextid="0" timestamp="2019-08-03T01:07:14.441" intervalms="1758.802" />
<gc-start id="75" type="global" contextid="74" timestamp="2019-08-03T01:07:14.441">
  <mem-info id="76" free="418816" total="8388608" percent="4">
    <mem type="tenure" free="418816" total="8388608" percent="4">
      <mem type="soa" free="0" total="7969792" percent="0" />
      <mem type="loa" free="418816" total="418816" percent="100" />
    </mem>
  </mem-info>
</gc-start>
<allocation-stats totalBytes="5443192" >
  <allocated-bytes non-tlh="0" tlh="5443192" />
  <largest-consumer threadName="node-2" threadId="0000000001EFF300" bytes="1870416" />
</allocation-stats>
<gc-op id="77" type="mark" timems="1.170" contextid="74" timestamp="2019-08-03T01:07:14.442">
  <trace-info objectcount="40577" scancount="34861" scanbytes="1182380" />
  <finalization candidates="13" enqueued="0" />
  <references type="soft" candidates="66" cleared="0" enqueued="0" dynamicThreshold="22" maxThreshold="32" />
  <references type="weak" candidates="143" cleared="0" enqueued="0" />
  <references type="phantom" candidates="57" cleared="0" enqueued="0" />
  <stringconstants candidates="3831" cleared="0"  />
</gc-op>
<gc-op id="78" type="sweep" timems="0.232" contextid="74" timestamp="2019-08-03T01:07:14.443" />
<gc-end id="79" type="global" contextid="74" durationms="2.218" usertimems="4.000" systemtimems="0.000" timestamp="2019-08-03T01:07:14.443" activeThreads="5">
  <mem-info id="80" free="5850424" total="8388608" percent="69">
    <mem type="tenure" free="5850424" total="8388608" percent="69" micro-fragmented="420869">
      <mem type="soa" free="5455056" total="7969792" percent="68" />
      <mem type="loa" free="395368" total="418816" percent="94" />
    </mem>
  </mem-info>
</gc-end>
<cycle-end id="81" type="global" contextid="74" timestamp="2019-08-03T01:07:14.443" />
  <attribute name="elasticGC enabled" value="1" />
  <attribute name= "numThreadsSpecified" value="5" />
  <attribute name="heapSize specified" value="0" />
  <attribute name= "numCores" value="8" />
  <attribute name ="GC Interval" value="0" />
  <attribute name ="Control flow" value="2" />
  <attribute name="GC Util Range Max" value="84" />
  <attribute name="Current GC Util" value="24" />
  <attribute name= "Current Time Running" value="8415" />
<allocation-satisfied id="82" threadId="0000000001EFB700" bytesRequested="32" />
<af-end id="83" timestamp="2019-08-03T01:07:14.443" threadId="0000000001EFC088" success="true" />
<exclusive-end id="84" timestamp="2019-08-03T01:07:14.444" durationms="3.044" />

</verbosegc>

