
<?xml version="1.0" ?>

<verbosegc xmlns="http://www.ibm.com/j9/verbosegc" version="6fe7bac_CMPRSS">

<gc check installed>
<initialized id="1" timestamp="2019-08-09T08:29:03.745">
  <attribute name="gcPolicy" value="-Xgcpolicy:balanced" />
  <attribute name="elasticGC enabled" value="1" />
  <attribute name= "numThreadsSpecified" value="0" />
  <attribute name="heapSize specified" value="0" />
  <attribute name="Current GC Util" value="0" />
  <attribute name= "Current Time Running" value="0" />
  <attribute name ="GC Interval" value="0" />
  <attribute name="Target GC Util Change" value ="0.000000" />
  <attribute name="Current GC Util Change" value="0.000000"/>
  <attribute name="Current Error" value="0.000000" />
  <attribute name="Output H" value="0"/>
  <attribute name="Output I" value="0"/>
  <attribute name="Output T" value="0"/>
  <attribute name= "Current Time Running" value="0" />
  <attribute name="GC Util currently" value="0" />
  <attribute name="CPU Util currently" value="0" />
  <attribute name="maxHeapSize" value="0xfa800000" />
  <attribute name="initialHeapSize" value="0x800000" />
  <attribute name="compressedRefs" value="true" />
  <attribute name="compressedRefsDisplacement" value="0x0" />
  <attribute name="compressedRefsShift" value="0x3" />
  <attribute name="pageSize" value="0x1000" />
  <attribute name="pageType" value="not used" />
  <attribute name="requestedPageSize" value="0x1000" />
  <attribute name="requestedPageType" value="not used" />
  <attribute name="gcthreads" value="16" />
  <attribute name="packetListSplit" value="16" />
  <attribute name="cacheListSplit" value="16" />
  <attribute name="splitFreeListSplitAmount" value="2" />
  <attribute name="numaNodes" value="0" />
  <region>
    <attribute name="regionSize" value="2097152" />
    <attribute name="regionCount" value="2004" />
    <attribute name="arrayletLeafSize" value="2097152" />
  </region>
  <system>
    <attribute name="physicalMemory" value="16815001600" />
    <attribute name="numCPUs" value="16" />
    <attribute name="architecture" value="amd64" />
    <attribute name="os" value="Linux" />
    <attribute name="osVersion" value="4.15.0" />
  </system>
  <vmargs>
    <vmarg name="-Xoptionsfile=/jdk/lib/options.default" />
    <vmarg name="-Xlockword:mode=default,noLockword=java/lang/String,noLockword=java/util/MapEntry,noLockword=java/util/HashMap$Entry,noLockword..." />
    <vmarg name="-Xjcl:jclse29" />
    <vmarg name="-Dcom.ibm.oti.vm.bootstrap.library.path=/jdk/lib/compressedrefs:/jdk/lib" />
    <vmarg name="-Dsun.boot.library.path=/jdk/lib/compressedrefs:/jdk/lib" />
    <vmarg name="-Djava.library.path=/jdk/lib/compressedrefs:/jdk/lib:/usr/lib64:/usr/lib" />
    <vmarg name="-Djava.home=/jdk" />
    <vmarg name="-Duser.dir=/" />
    <vmarg name="-Xgcelastic" />
    <vmarg name="-Xcheck:gc:::elasticGC" />
    <vmarg name="-Xgcpolicy:balanced" />
    <vmarg name="-verbose:gc" />
    <vmarg name="-Djava.class.path=dacapo-9.12-MR1-bach.jar" />
    <vmarg name="-Dsun.java.command=dacapo-9.12-MR1-bach.jar avrora jython pmd sunflow xalan --size=large" />
    <vmarg name="-Dsun.java.launcher=SUN_STANDARD" />
    <vmarg name="-Dsun.java.launcher.pid=1" />
  </vmargs>
</initialized>

<exclusive-start id="2" timestamp="2019-08-09T08:29:03.964" intervalms="219.239">
  <response-info timems="0.013" idlems="0.013" threads="0" lastid="0000000001033F00" lastname="main" />
</exclusive-start>
<sys-start reason="explicit" id="3" timestamp="2019-08-09T08:29:03.964" intervalms="219.288" />
<cycle-start id="4" type="global garbage collect" contextid="0" timestamp="2019-08-09T08:29:03.964" intervalms="219.339" />
<gc-start id="5" type="global garbage collect" contextid="4" timestamp="2019-08-09T08:29:03.964">
  <mem-info id="6" free="2318184" total="8388608" percent="27">
    <mem type="eden" free="221032" total="6291456" percent="3" />
    <remembered-set count="0" freebytes="335360" totalbytes="335360" percent="100" regionsoverflowed="0" regionsstable="0" regionsrebuilding="0"/>
  </mem-info>
</gc-start>
<allocation-stats totalBytes="6041264" >
  <allocated-bytes non-tlh="455456" tlh="5585808" arrayletleaf="0"/>
  <largest-consumer threadName="main" threadId="0000000001033F00" bytes="5956552" />
</allocation-stats>
<gc-op id="7" type="global mark" timems="4.270" contextid="4" timestamp="2019-08-09T08:29:03.969">
  <trace-info objectcount="17980" scancount="14220" scanbytes="467692" />
  <finalization candidates="14" enqueued="1" />
  <references type="soft" candidates="66" cleared="0" enqueued="0" dynamicThreshold="32" maxThreshold="32" />
  <references type="weak" candidates="553" cleared="411" enqueued="372" />
  <references type="phantom" candidates="99" cleared="41" enqueued="41" />
  <stringconstants candidates="2455" cleared="0"  />
</gc-op>
<gc-op id="8" type="classunload" timems="0.002" contextid="4" timestamp="2019-08-09T08:29:03.969">
  <classunload-info classloadercandidates="6" classloadersunloaded="0" classesunloaded="0" anonymousclassesunloaded="0" quiescems="0.000" setupms="0.002" scanms="0.000" postms="0.000" />
</gc-op>
<gc-op id="9" type="sweep" timems="1.047" contextid="4" timestamp="2019-08-09T08:29:03.970" />
<gc-op id="10" type="compact" timems="4.807" contextid="4" timestamp="2019-08-09T08:29:03.975">
  <compact-info movecount="17980" movebytes="1028856" />
  <remembered-set-cleared processed="278" cleared="278" durationms="0.060" />
</gc-op>
<gc-end id="11" type="global garbage collect" contextid="4" durationms="10.761" usertimems="13.911" systemtimems="0.432" timestamp="2019-08-09T08:29:03.975" activeThreads="16">
  <mem-info id="12" free="6291456" total="8388608" percent="75">
    <pending-finalizers system="1" default="0" reference="413" classloader="0" />
    <remembered-set count="0" freebytes="335360" totalbytes="335360" percent="100" regionsoverflowed="0" regionsstable="0" regionsrebuilding="0"/>
  </mem-info>
</gc-end>
<cycle-end id="13" type="global garbage collect" contextid="4" timestamp="2019-08-09T08:29:03.975" />
  <attribute name="elasticGC enabled" value="1" />
  <attribute name= "numThreadsSpecified" value="16" />
  <attribute name="heapSize specified" value="0" />
  <attribute name="Current GC Util" value="60" />
  <attribute name= "Current Time Running" value="168" />
  <attribute name ="GC Interval" value="0" />
  <attribute name="Target GC Util Change" value ="80.000000" />
  <attribute name="Current GC Util Change" value="60.000000"/>
  <attribute name="Current Error" value="34.000000" />
  <attribute name="Output H" value="8426472"/>
  <attribute name="Output I" value="2024"/>
  <attribute name="Output T" value="16"/>
  <attribute name= "Current Time Running" value="168" />
  <attribute name="GC Util currently" value="60" />
  <attribute name="CPU Util currently" value="977259168943" />
<sys-end id="14" timestamp="2019-08-09T08:29:03.975" />
<exclusive-end id="15" timestamp="2019-08-09T08:29:03.975" durationms="11.208" />

===== DaCapo 9.12-MR1 avrora starting =====
<exclusive-start id="16" timestamp="2019-08-09T08:29:04.153" intervalms="188.473">
  <response-info timems="0.028" idlems="0.028" threads="0" lastid="0000000001033F00" lastname="main" />
</exclusive-start>
<allocation-taxation id="17" taxation-threshold="6291456" timestamp="2019-08-09T08:29:04.153" intervalms="407.752" />
<cycle-start id="18" type="partial gc" contextid="0" timestamp="2019-08-09T08:29:04.153" intervalms="407.875" />
<gc-start id="19" type="partial gc" contextid="18" timestamp="2019-08-09T08:29:04.153">
  <mem-info id="20" free="0" total="8388608" percent="0">
    <mem type="eden" free="0" total="6291456" percent="0" />
    <remembered-set count="0" freebytes="335360" totalbytes="335360" percent="100" regionsoverflowed="0" regionsstable="0" regionsrebuilding="0"/>
  </mem-info>
</gc-start>
<allocation-stats totalBytes="6270816" >
  <allocated-bytes non-tlh="252944" tlh="6017872" arrayletleaf="0"/>
  <largest-consumer threadName="main" threadId="0000000001033F00" bytes="6254744" />
</allocation-stats>
<gc-op id="21" type="mark" timems="4.880" contextid="18" timestamp="2019-08-09T08:29:04.159">
  <trace-info objectcount="76643" scancount="73346" scanbytes="2183640" />
  <cardclean-info objects="1147" bytes="40072" />
  <remembered-set-cleared processed="0" cleared="0" durationms="0.055" />
  <references type="weak" candidates="41" cleared="40" enqueued="40" />
  <references type="phantom" candidates="13" cleared="11" enqueued="11" />
  <stringconstants candidates="3257" cleared="0"  />
  <warning details="Mark invoked due to insufficient free space for Copy-Forward" />
</gc-op>
<gc-op id="22" type="classunload" timems="0.001" contextid="18" timestamp="2019-08-09T08:29:04.159">
  <classunload-info classloadercandidates="6" classloadersunloaded="0" classesunloaded="0" anonymousclassesunloaded="0" quiescems="0.000" setupms="0.001" scanms="0.000" postms="0.000" />
</gc-op>
<gc-op id="23" type="sweep" timems="1.016" contextid="18" timestamp="2019-08-09T08:29:04.160" />
<gc-op id="24" type="compact" timems="9.419" contextid="18" timestamp="2019-08-09T08:29:04.169">
  <compact-info movecount="76643" movebytes="2558144" />
  <remembered-set-cleared processed="595" cleared="595" durationms="0.055" />
</gc-op>
<heap-resize id="25" type="expand" space="default" amount="4194304" count="1" timems="0.077" reason="insufficient free space following gc" timestamp="2019-08-09T08:29:04.170" />
<gc-end id="26" type="partial gc" contextid="18" durationms="16.555" usertimems="22.579" systemtimems="8.917" timestamp="2019-08-09T08:29:04.170" activeThreads="16">
  <mem-info id="27" free="6291456" total="12582912" percent="50">
    <mem type="eden" free="1635928" total="4194304" percent="39" />
    <pending-finalizers system="0" default="0" reference="51" classloader="0" />
    <remembered-set count="2560" freebytes="492800" totalbytes="503040" percent="97" regionsoverflowed="0" regionsstable="0" regionsrebuilding="0"/>
  </mem-info>
</gc-end>
<cycle-end id="28" type="partial gc" contextid="18" timestamp="2019-08-09T08:29:04.170" />
  <attribute name="elasticGC enabled" value="1" />
  <attribute name= "numThreadsSpecified" value="16" />
  <attribute name="heapSize specified" value="0" />
  <attribute name="Current GC Util" value="95" />
  <attribute name= "Current Time Running" value="358" />
  <attribute name ="GC Interval" value="0" />
  <attribute name="Target GC Util Change" value ="80.000000" />
  <attribute name="Current GC Util Change" value="95.000000"/>
  <attribute name="Current Error" value="-143.000000" />
  <attribute name="Output H" value="8426368"/>
  <attribute name="Output I" value="1920"/>
  <attribute name="Output T" value="16"/>
  <attribute name= "Current Time Running" value="358" />
  <attribute name="GC Util currently" value="95" />
  <attribute name="CPU Util currently" value="932505240704" />
<exclusive-end id="29" timestamp="2019-08-09T08:29:04.170" durationms="17.078" />

<exclusive-start id="30" timestamp="2019-08-09T08:29:04.302" intervalms="149.145">
  <response-info timems="0.014" idlems="0.014" threads="0" lastid="0000000001033F00" lastname="main" />
</exclusive-start>
<allocation-taxation id="31" taxation-threshold="2097152" timestamp="2019-08-09T08:29:04.302" intervalms="149.146" />
<cycle-start id="32" type="global mark phase" contextid="0" timestamp="2019-08-09T08:29:04.302" intervalms="556.990" />
<gc-start id="33" type="global mark phase" contextid="32" timestamp="2019-08-09T08:29:04.302">
  <mem-info id="34" free="4194304" total="12582912" percent="33">
    <remembered-set count="2560" freebytes="492800" totalbytes="503040" percent="97" regionsoverflowed="0" regionsstable="0" regionsrebuilding="0"/>
  </mem-info>
</gc-start>
<gc-op id="35" type="mark increment" timems="2.148" contextid="32" timestamp="2019-08-09T08:29:04.304">
  <trace-info objectcount="136" scancount="0" scanbytes="0" />
</gc-op>
<gc-end id="36" type="global mark phase" contextid="32" durationms="2.179" usertimems="4.736" systemtimems="0.620" timestamp="2019-08-09T08:29:04.304" activeThreads="16">
  <mem-info id="37" free="4194304" total="12582912" percent="33">
    <remembered-set count="2560" freebytes="492800" totalbytes="503040" percent="97" regionsoverflowed="0" regionsstable="0" regionsrebuilding="0"/>
  </mem-info>
</gc-end>
<concurrent-start id="38" type="GMP work packet processing" contextid="32" timestamp="2019-08-09T08:29:04.304">
  <concurrent-mark-start scanTarget="18446744073709551615" />
</concurrent-start>
<exclusive-end id="39" timestamp="2019-08-09T08:29:04.304" durationms="2.455" />

<concurrent-end id="40" type="GMP work packet processing" contextid="32" timestamp="2019-08-09T08:29:04.307">
  <concurrent-mark-end bytesScanned="2774328" reasonForTermination="Completed all work in GC phase" />
</concurrent-end>

<exclusive-start id="41" timestamp="2019-08-09T08:29:04.354" intervalms="52.244">
  <response-info timems="0.018" idlems="0.018" threads="0" lastid="0000000001033F00" lastname="main" />
</exclusive-start>
<allocation-taxation id="42" taxation-threshold="2097152" timestamp="2019-08-09T08:29:04.354" intervalms="52.244" />
<cycle-start id="43" type="partial gc" contextid="0" timestamp="2019-08-09T08:29:04.354" intervalms="201.350" />
<gc-start id="44" type="partial gc" contextid="43" timestamp="2019-08-09T08:29:04.354">
  <mem-info id="45" free="2097152" total="12582912" percent="16">
    <mem type="eden" free="0" total="4194304" percent="0" />
    <remembered-set count="2560" freebytes="492800" totalbytes="503040" percent="97" regionsoverflowed="0" regionsstable="0" regionsrebuilding="0"/>
  </mem-info>
</gc-start>
<allocation-stats totalBytes="4167328" >
  <allocated-bytes non-tlh="99992" tlh="4067336" arrayletleaf="0"/>
  <largest-consumer threadName="main" threadId="0000000001033F00" bytes="2073784" />
</allocation-stats>
<gc-op id="46" type="copy forward" timems="8.848" contextid="43" timestamp="2019-08-09T08:29:04.364">
  <memory-copied type="eden" objects="28104" bytes="1790320" bytesdiscarded="282088" />
  <memory-copied type="other" objects="76434" bytes="2522632" bytesdiscarded="185104" />
  <memory-cardclean objects="104" bytes="6152" />
  <regions eden="2" other="2" />
  <remembered-set-cleared processed="237" cleared="237" durationms="0.223" />
  <references type="weak" candidates="3" cleared="0" enqueued="0" />
  <references type="phantom" candidates="2" cleared="0" enqueued="0" />
  <stringconstants candidates="3823" cleared="0"  />
  <heap-resize type="expand" space="default" amount="4194304" count="2" timems="0.499" reason="continue current collection" />
</gc-op>
<gc-op id="47" type="classunload" timems="0.001" contextid="43" timestamp="2019-08-09T08:29:04.364">
  <classunload-info classloadercandidates="6" classloadersunloaded="0" classesunloaded="0" anonymousclassesunloaded="0" quiescems="0.000" setupms="0.001" scanms="0.000" postms="0.000" />
</gc-op>
<gc-op id="48" type="compact" timems="3.343" contextid="43" timestamp="2019-08-09T08:29:04.367">
  <compact-info movecount="0" movebytes="0" />
  <remembered-set-cleared processed="1540" cleared="237" durationms="0.320" />
</gc-op>
<heap-resize id="49" type="expand" space="default" amount="2097152" count="1" timems="0.058" reason="insufficient free space following gc" timestamp="2019-08-09T08:29:04.368" />
<gc-end id="50" type="partial gc" contextid="43" durationms="13.281" usertimems="25.477" systemtimems="13.136" timestamp="2019-08-09T08:29:04.368" activeThreads="16">
  <mem-info id="51" free="10485760" total="18874368" percent="55">
    <mem type="eden" free="24480" total="2097152" percent="1" />
    <remembered-set count="3264" freebytes="741504" totalbytes="754560" percent="98" regionsoverflowed="0" regionsstable="0" regionsrebuilding="0"/>
  </mem-info>
</gc-end>
<cycle-end id="52" type="partial gc" contextid="43" timestamp="2019-08-09T08:29:04.368" />
  <attribute name="elasticGC enabled" value="1" />
  <attribute name= "numThreadsSpecified" value="16" />
  <attribute name="heapSize specified" value="0" />
  <attribute name="Current GC Util" value="279" />
  <attribute name= "Current Time Running" value="562" />
  <attribute name ="GC Interval" value="0" />
  <attribute name="Target GC Util Change" value ="80.000000" />
  <attribute name="Current GC Util Change" value="279.000000"/>
  <attribute name="Current Error" value="-237.000000" />
  <attribute name="Output H" value="16814920"/>
  <attribute name="Output I" value="1864"/>
  <attribute name="Output T" value="16"/>
  <attribute name= "Current Time Running" value="562" />
  <attribute name="GC Util currently" value="279" />
  <attribute name="CPU Util currently" value="128115699161" />
<exclusive-end id="53" timestamp="2019-08-09T08:29:04.368" durationms="13.858" />

<exclusive-start id="54" timestamp="2019-08-09T08:29:06.511" intervalms="2156.535">
  <response-info timems="0.067" idlems="0.067" threads="0" lastid="000000000131E300" lastname="node-8" />
</exclusive-start>
<allocation-taxation id="55" taxation-threshold="4194304" timestamp="2019-08-09T08:29:06.511" intervalms="2156.611" />
<gc-start id="56" type="global mark phase" contextid="32" timestamp="2019-08-09T08:29:06.511">
  <mem-info id="57" free="6291456" total="18874368" percent="33">
    <remembered-set count="3264" freebytes="741504" totalbytes="754560" percent="98" regionsoverflowed="0" regionsstable="0" regionsrebuilding="0"/>
  </mem-info>
</gc-start>
<gc-op id="58" type="mark increment" timems="6.450" contextid="32" timestamp="2019-08-09T08:29:06.517">
  <trace-info objectcount="56599" scancount="53865" scanbytes="2765356" />
  <cardclean-info objects="2218" bytes="73312" />
  <finalization candidates="13" enqueued="0" />
  <references type="soft" candidates="66" cleared="0" enqueued="0" dynamicThreshold="17" maxThreshold="32" />
  <references type="weak" candidates="147" cleared="4" enqueued="4" />
  <references type="phantom" candidates="59" cleared="2" enqueued="2" />
  <stringconstants candidates="3837" cleared="0"  />
</gc-op>
<gc-op id="59" type="classunload" timems="0.002" contextid="32" timestamp="2019-08-09T08:29:06.517">
  <classunload-info classloadercandidates="6" classloadersunloaded="0" classesunloaded="0" anonymousclassesunloaded="0" quiescems="0.000" setupms="0.002" scanms="0.000" postms="0.000" />
</gc-op>
<gc-end id="60" type="global mark phase" contextid="32" durationms="6.559" usertimems="17.597" systemtimems="4.109" timestamp="2019-08-09T08:29:06.517" activeThreads="16">
  <mem-info id="61" free="6291456" total="18874368" percent="33">
    <pending-finalizers system="0" default="0" reference="6" classloader="0" />
    <remembered-set count="3264" freebytes="741504" totalbytes="754560" percent="98" regionsoverflowed="0" regionsstable="0" regionsrebuilding="0"/>
  </mem-info>
</gc-end>
<cycle-end id="62" type="global mark phase" contextid="32" timestamp="2019-08-09T08:29:06.518" />
  <attribute name="elasticGC enabled" value="1" />
  <attribute name= "numThreadsSpecified" value="16" />
  <attribute name="heapSize specified" value="0" />
  <attribute name="Current GC Util" value="258" />
  <attribute name= "Current Time Running" value="2712" />
  <attribute name ="GC Interval" value="0" />
  <attribute name="Target GC Util Change" value ="80.000000" />
  <attribute name="Current GC Util Change" value="258.000000"/>
  <attribute name="Current Error" value="-481.000000" />
  <attribute name="Output H" value="18911936"/>
  <attribute name="Output I" value="1728"/>
  <attribute name="Output T" value="16"/>
  <attribute name= "Current Time Running" value="2712" />
  <attribute name="GC Util currently" value="258" />
  <attribute name="CPU Util currently" value="449389211592" />
<exclusive-end id="63" timestamp="2019-08-09T08:29:06.518" durationms="7.068" />

<exclusive-start id="64" timestamp="2019-08-09T08:29:08.359" intervalms="1848.791">
  <response-info timems="0.016" idlems="0.016" threads="0" lastid="0000000001321F00" lastname="node-7" />
</exclusive-start>
<allocation-taxation id="65" taxation-threshold="4194304" timestamp="2019-08-09T08:29:08.359" intervalms="1848.725" />
<cycle-start id="66" type="partial gc" contextid="0" timestamp="2019-08-09T08:29:08.359" intervalms="4005.317" />
<gc-start id="67" type="partial gc" contextid="66" timestamp="2019-08-09T08:29:08.360">
  <mem-info id="68" free="2097152" total="18874368" percent="11">
    <mem type="eden" free="0" total="8388608" percent="0" />
    <remembered-set count="3264" freebytes="741504" totalbytes="754560" percent="98" regionsoverflowed="0" regionsstable="0" regionsrebuilding="0"/>
  </mem-info>
</gc-start>
<allocation-stats totalBytes="8375216" >
  <allocated-bytes non-tlh="383896" tlh="7991320" arrayletleaf="0"/>
  <largest-consumer threadName="node-2" threadId="000000000135DD00" bytes="355760" />
</allocation-stats>
<gc-op id="69" type="sweep" timems="1.140" contextid="66" timestamp="2019-08-09T08:29:08.361" />
<gc-op id="70" type="copy forward" timems="7.772" contextid="66" timestamp="2019-08-09T08:29:08.369">
  <memory-copied type="eden" objects="5062" bytes="122712" bytesdiscarded="23268" />
  <memory-copied type="other" objects="60981" bytes="3574184" bytesdiscarded="702716" />
  <memory-cardclean objects="397" bytes="17800" />
  <regions eden="2" other="3" />
  <remembered-set-cleared processed="1283" cleared="486" durationms="0.131" />
  <stringconstants candidates="3837" cleared="0"  />
  <heap-resize type="expand" space="default" amount="4194304" count="2" timems="0.123" reason="continue current collection" />
</gc-op>
<gc-op id="71" type="classunload" timems="0.002" contextid="66" timestamp="2019-08-09T08:29:08.369">
  <classunload-info classloadercandidates="6" classloadersunloaded="0" classesunloaded="0" anonymousclassesunloaded="0" quiescems="0.000" setupms="0.002" scanms="0.000" postms="0.000" />
</gc-op>
<gc-op id="72" type="compact" timems="2.548" contextid="66" timestamp="2019-08-09T08:29:08.372">
  <compact-info movecount="0" movebytes="0" />
  <remembered-set-cleared processed="3384" cleared="486" durationms="0.131" />
</gc-op>
<gc-end id="73" type="partial gc" contextid="66" durationms="12.496" usertimems="21.023" systemtimems="10.190" timestamp="2019-08-09T08:29:08.372" activeThreads="16">
  <mem-info id="74" free="10485760" total="23068672" percent="45">
    <mem type="eden" free="1849064" total="4194304" percent="44" />
    <remembered-set count="3648" freebytes="907648" totalbytes="922240" percent="98" regionsoverflowed="0" regionsstable="0" regionsrebuilding="0"/>
  </mem-info>
</gc-end>
<cycle-end id="75" type="partial gc" contextid="66" timestamp="2019-08-09T08:29:08.372" />
  <attribute name="elasticGC enabled" value="1" />
  <attribute name= "numThreadsSpecified" value="16" />
  <attribute name="heapSize specified" value="0" />
  <attribute name="Current GC Util" value="235" />
  <attribute name= "Current Time Running" value="4567" />
  <attribute name ="GC Interval" value="0" />
  <attribute name="Target GC Util Change" value ="80.000000" />
  <attribute name="Current GC Util Change" value="235.000000"/>
  <attribute name="Current Error" value="-239.000000" />
  <attribute name="Output H" value="23106376"/>
  <attribute name="Output I" value="1864"/>
  <attribute name="Output T" value="16"/>
  <attribute name= "Current Time Running" value="4567" />
  <attribute name="GC Util currently" value="235" />
  <attribute name="CPU Util currently" value="145646202672" />
<exclusive-end id="76" timestamp="2019-08-09T08:29:08.372" durationms="12.904" />

<exclusive-start id="77" timestamp="2019-08-09T08:29:11.655" intervalms="3295.636">
  <response-info timems="0.269" idlems="0.269" threads="0" lastid="000000000134EE00" lastname="node-23" />
</exclusive-start>
<allocation-taxation id="78" taxation-threshold="10485760" timestamp="2019-08-09T08:29:11.655" intervalms="3295.646" />
<cycle-start id="79" type="partial gc" contextid="0" timestamp="2019-08-09T08:29:11.655" intervalms="3295.652" />
<gc-start id="80" type="partial gc" contextid="79" timestamp="2019-08-09T08:29:11.655">
  <mem-info id="81" free="0" total="23068672" percent="0">
    <mem type="eden" free="0" total="10485760" percent="0" />
    <remembered-set count="3648" freebytes="907648" totalbytes="922240" percent="98" regionsoverflowed="0" regionsstable="0" regionsrebuilding="0"/>
  </mem-info>
</gc-start>
<allocation-stats totalBytes="10475464" >
  <allocated-bytes non-tlh="0" tlh="10475464" arrayletleaf="0"/>
  <largest-consumer threadName="node-9" threadId="0000000001370900" bytes="601608" />
</allocation-stats>
<gc-op id="82" type="mark" timems="7.024" contextid="79" timestamp="2019-08-09T08:29:11.663">
  <trace-info objectcount="47226" scancount="45904" scanbytes="1831324" />
  <cardclean-info objects="708" bytes="33064" />
  <remembered-set-cleared processed="2038" cleared="883" durationms="0.087" />
  <stringconstants candidates="3837" cleared="0"  />
  <warning details="Mark invoked due to insufficient free space for Copy-Forward" />
</gc-op>
<gc-op id="83" type="classunload" timems="0.001" contextid="79" timestamp="2019-08-09T08:29:11.663">
  <classunload-info classloadercandidates="6" classloadersunloaded="0" classesunloaded="0" anonymousclassesunloaded="0" quiescems="0.000" setupms="0.001" scanms="0.000" postms="0.000" />
</gc-op>
<gc-op id="84" type="sweep" timems="1.262" contextid="79" timestamp="2019-08-09T08:29:11.664" />
<gc-op id="85" type="compact" timems="7.977" contextid="79" timestamp="2019-08-09T08:29:11.672">
  <compact-info movecount="36889" movebytes="1878216" />
  <remembered-set-cleared processed="4318" cleared="1981" durationms="0.087" />
</gc-op>
<gc-end id="86" type="partial gc" contextid="79" durationms="17.243" usertimems="23.333" systemtimems="10.466" timestamp="2019-08-09T08:29:11.673" activeThreads="16">
  <mem-info id="87" free="10485760" total="23068672" percent="45">
    <mem type="eden" free="1871952" total="2097152" percent="89" />
    <remembered-set count="6784" freebytes="895104" totalbytes="922240" percent="97" regionsoverflowed="0" regionsstable="0" regionsrebuilding="0"/>
  </mem-info>
</gc-end>
<cycle-end id="88" type="partial gc" contextid="79" timestamp="2019-08-09T08:29:11.673" />
  <attribute name="elasticGC enabled" value="1" />
  <attribute name= "numThreadsSpecified" value="16" />
  <attribute name="heapSize specified" value="0" />
  <attribute name="Current GC Util" value="124" />
  <attribute name= "Current Time Running" value="7862" />
  <attribute name ="GC Interval" value="0" />
  <attribute name="Target GC Util Change" value ="80.000000" />
  <attribute name="Current GC Util Change" value="124.000000"/>
  <attribute name="Current Error" value="-44.000000" />
  <attribute name="Output H" value="23106488"/>
  <attribute name="Output I" value="1976"/>
  <attribute name="Output T" value="16"/>
  <attribute name= "Current Time Running" value="7862" />
  <attribute name="GC Util currently" value="124" />
  <attribute name="CPU Util currently" value="827372689398" />
<exclusive-end id="89" timestamp="2019-08-09T08:29:11.673" durationms="17.904" />

<exclusive-start id="90" timestamp="2019-08-09T08:29:14.333" intervalms="2677.930">
  <response-info timems="0.269" idlems="0.269" threads="0" lastid="0000000001369100" lastname="node-6" />
</exclusive-start>
<allocation-taxation id="91" taxation-threshold="10485760" timestamp="2019-08-09T08:29:14.333" intervalms="2677.926" />
<cycle-start id="92" type="partial gc" contextid="0" timestamp="2019-08-09T08:29:14.333" intervalms="2677.912" />
<gc-start id="93" type="partial gc" contextid="92" timestamp="2019-08-09T08:29:14.333">
  <mem-info id="94" free="0" total="23068672" percent="0">
    <mem type="eden" free="1871952" total="12582912" percent="14" />
    <remembered-set count="6368" freebytes="896768" totalbytes="922240" percent="97" regionsoverflowed="0" regionsstable="0" regionsrebuilding="0"/>
  </mem-info>
</gc-start>
<allocation-stats totalBytes="10473832" >
  <allocated-bytes non-tlh="0" tlh="10473832" arrayletleaf="0"/>
  <largest-consumer threadName="node-7" threadId="0000000001321F00" bytes="516024" />
</allocation-stats>
<gc-op id="95" type="mark" timems="4.033" contextid="92" timestamp="2019-08-09T08:29:14.338">
  <trace-info objectcount="16211" scancount="16188" scanbytes="460496" />
  <cardclean-info objects="1972" bytes="101448" />
  <remembered-set-cleared processed="2202" cleared="369" durationms="0.063" />
  <stringconstants candidates="3837" cleared="0"  />
  <warning details="Mark invoked due to insufficient free space for Copy-Forward" />
</gc-op>
<gc-op id="96" type="classunload" timems="0.002" contextid="92" timestamp="2019-08-09T08:29:14.338">
  <classunload-info classloadercandidates="6" classloadersunloaded="0" classesunloaded="0" anonymousclassesunloaded="0" quiescems="0.000" setupms="0.001" scanms="0.000" postms="0.000" />
</gc-op>
<gc-op id="97" type="sweep" timems="1.158" contextid="92" timestamp="2019-08-09T08:29:14.339" />
<gc-op id="98" type="compact" timems="3.331" contextid="92" timestamp="2019-08-09T08:29:14.343">
  <compact-info movecount="16191" movebytes="390296" />
  <remembered-set-cleared processed="4600" cleared="903" durationms="0.068" />
</gc-op>
<heap-resize id="99" type="expand" space="default" amount="2097152" count="1" timems="0.059" reason="insufficient free space following gc" timestamp="2019-08-09T08:29:14.343" />
<gc-end id="100" type="partial gc" contextid="92" durationms="9.694" usertimems="13.638" systemtimems="9.646" timestamp="2019-08-09T08:29:14.343" activeThreads="16">
  <mem-info id="101" free="10485760" total="25165824" percent="41">
    <mem type="eden" free="3803528" total="4194304" percent="90" />
    <remembered-set count="6112" freebytes="981632" totalbytes="1006080" percent="97" regionsoverflowed="0" regionsstable="0" regionsrebuilding="0"/>
  </mem-info>
</gc-end>
<cycle-end id="102" type="partial gc" contextid="92" timestamp="2019-08-09T08:29:14.343" />
  <attribute name="elasticGC enabled" value="1" />
  <attribute name= "numThreadsSpecified" value="16" />
  <attribute name="heapSize specified" value="0" />
  <attribute name="Current GC Util" value="134" />
  <attribute name= "Current Time Running" value="10537" />
  <attribute name ="GC Interval" value="0" />
  <attribute name="Target GC Util Change" value ="80.000000" />
  <attribute name="Current GC Util Change" value="134.000000"/>
  <attribute name="Current Error" value="-200.000000" />
  <attribute name="Output H" value="23106400"/>
  <attribute name="Output I" value="1888"/>
  <attribute name="Output T" value="16"/>
  <attribute name= "Current Time Running" value="10537" />
  <attribute name="GC Util currently" value="134" />
  <attribute name="CPU Util currently" value="890176891998" />
<exclusive-end id="103" timestamp="2019-08-09T08:29:14.343" durationms="10.274" />

<exclusive-start id="104" timestamp="2019-08-09T08:29:15.497" intervalms="1163.693">
  <response-info timems="0.151" idlems="0.078" threads="1" lastid="000000000135A200" lastname="node-5" />
</exclusive-start>
<allocation-taxation id="105" taxation-threshold="4194304" timestamp="2019-08-09T08:29:15.497" intervalms="1163.687" />
<cycle-start id="106" type="global mark phase" contextid="0" timestamp="2019-08-09T08:29:15.497" intervalms="11194.808" />
<gc-start id="107" type="global mark phase" contextid="106" timestamp="2019-08-09T08:29:15.497">
  <mem-info id="108" free="6291456" total="25165824" percent="25">
    <remembered-set count="6112" freebytes="981632" totalbytes="1006080" percent="97" regionsoverflowed="0" regionsstable="0" regionsrebuilding="0"/>
  </mem-info>
</gc-start>
<gc-op id="109" type="mark increment" timems="1.456" contextid="106" timestamp="2019-08-09T08:29:15.498">
  <trace-info objectcount="405" scancount="0" scanbytes="0" />
</gc-op>
<gc-end id="110" type="global mark phase" contextid="106" durationms="1.526" usertimems="2.562" systemtimems="0.971" timestamp="2019-08-09T08:29:15.498" activeThreads="16">
  <mem-info id="111" free="6291456" total="25165824" percent="25">
    <remembered-set count="6112" freebytes="981632" totalbytes="1006080" percent="97" regionsoverflowed="0" regionsstable="0" regionsrebuilding="0"/>
  </mem-info>
</gc-end>
<concurrent-start id="112" type="GMP work packet processing" contextid="106" timestamp="2019-08-09T08:29:15.498">
  <concurrent-mark-start scanTarget="18446744073709551615" />
</concurrent-start>
<exclusive-end id="113" timestamp="2019-08-09T08:29:15.498" durationms="1.823" />

<concurrent-end id="114" type="GMP work packet processing" contextid="106" timestamp="2019-08-09T08:29:15.505">
  <concurrent-mark-end bytesScanned="5319968" reasonForTermination="Completed all work in GC phase" />
</concurrent-end>

<exclusive-start id="115" timestamp="2019-08-09T08:29:16.745" intervalms="1248.102">
  <response-info timems="0.305" idlems="0.305" threads="0" lastid="0000000001356600" lastname="node-16" />
</exclusive-start>
<allocation-taxation id="116" taxation-threshold="4194304" timestamp="2019-08-09T08:29:16.745" intervalms="1248.186" />
<cycle-start id="117" type="partial gc" contextid="0" timestamp="2019-08-09T08:29:16.745" intervalms="2411.901" />
<gc-start id="118" type="partial gc" contextid="117" timestamp="2019-08-09T08:29:16.745">
  <mem-info id="119" free="2097152" total="25165824" percent="8">
    <mem type="eden" free="0" total="8388608" percent="0" />
    <remembered-set count="6112" freebytes="981632" totalbytes="1006080" percent="97" regionsoverflowed="0" regionsstable="0" regionsrebuilding="0"/>
  </mem-info>
</gc-start>
<allocation-stats totalBytes="8383960" >
  <allocated-bytes non-tlh="0" tlh="8383960" arrayletleaf="0"/>
  <largest-consumer threadName="node-19" threadId="000000000133FE00" bytes="237552" />
</allocation-stats>
<gc-op id="120" type="copy forward" timems="7.817" contextid="117" timestamp="2019-08-09T08:29:16.754">
  <memory-copied type="eden" objects="6149" bytes="149288" bytesdiscarded="10448" />
  <memory-copied type="other" objects="6760" bytes="162240" bytesdiscarded="4688" />
  <memory-cardclean objects="1878" bytes="174016" />
  <regions eden="4" other="1" />
  <remembered-set-cleared processed="2344" cleared="362" durationms="0.079" />
  <stringconstants candidates="3837" cleared="0"  />
  <heap-resize type="expand" space="default" amount="4194304" count="2" timems="0.372" reason="continue current collection" />
</gc-op>
<gc-op id="121" type="classunload" timems="0.002" contextid="117" timestamp="2019-08-09T08:29:16.754">
  <classunload-info classloadercandidates="6" classloadersunloaded="0" classesunloaded="0" anonymousclassesunloaded="0" quiescems="0.000" setupms="0.002" scanms="0.000" postms="0.000" />
</gc-op>
<heap-resize id="122" type="expand" space="default" amount="2097152" count="1" timems="0.062" reason="insufficient free space following gc" timestamp="2019-08-09T08:29:16.754" />
<gc-end id="123" type="partial gc" contextid="117" durationms="8.960" usertimems="14.634" systemtimems="7.788" timestamp="2019-08-09T08:29:16.754" activeThreads="16">
  <mem-info id="124" free="12582912" total="31457280" percent="40">
    <mem type="eden" free="4034568" total="4194304" percent="96" />
    <remembered-set count="7872" freebytes="1226112" totalbytes="1257600" percent="97" regionsoverflowed="0" regionsstable="0" regionsrebuilding="0"/>
  </mem-info>
</gc-end>
<cycle-end id="125" type="partial gc" contextid="117" timestamp="2019-08-09T08:29:16.756" />
  <attribute name="elasticGC enabled" value="1" />
  <attribute name= "numThreadsSpecified" value="16" />
  <attribute name="heapSize specified" value="0" />
  <attribute name="Current GC Util" value="143" />
  <attribute name= "Current Time Running" value="12944" />
  <attribute name ="GC Interval" value="0" />
  <attribute name="Target GC Util Change" value ="80.000000" />
  <attribute name="Current GC Util Change" value="143.000000"/>
  <attribute name="Current Error" value="-235.000000" />
  <attribute name="Output H" value="25203536"/>
  <attribute name="Output I" value="1872"/>
  <attribute name="Output T" value="16"/>
  <attribute name= "Current Time Running" value="12944" />
  <attribute name="GC Util currently" value="143" />
  <attribute name="CPU Util currently" value="1877832419064" />
<exclusive-end id="126" timestamp="2019-08-09T08:29:16.756" durationms="11.484" />

<exclusive-start id="127" timestamp="2019-08-09T08:29:18.374" intervalms="1629.306">
  <response-info timems="0.382" idlems="0.382" threads="0" lastid="0000000001329700" lastname="node-13" />
</exclusive-start>
<allocation-taxation id="128" taxation-threshold="6291456" timestamp="2019-08-09T08:29:18.374" intervalms="1629.228" />
<gc-start id="129" type="global mark phase" contextid="106" timestamp="2019-08-09T08:29:18.374">
  <mem-info id="130" free="6291456" total="31457280" percent="20">
    <remembered-set count="7392" freebytes="1228032" totalbytes="1257600" percent="97" regionsoverflowed="0" regionsstable="0" regionsrebuilding="0"/>
  </mem-info>
</gc-start>
<gc-op id="131" type="mark increment" timems="4.800" contextid="106" timestamp="2019-08-09T08:29:18.379">
  <trace-info objectcount="7311" scancount="7288" scanbytes="246896" />
  <cardclean-info objects="1806" bytes="99152" />
  <finalization candidates="13" enqueued="0" />
  <references type="soft" candidates="66" cleared="0" enqueued="0" dynamicThreshold="12" maxThreshold="32" />
  <references type="weak" candidates="143" cleared="0" enqueued="0" />
  <references type="phantom" candidates="57" cleared="0" enqueued="0" />
  <stringconstants candidates="3837" cleared="0"  />
</gc-op>
<gc-op id="132" type="classunload" timems="0.002" contextid="106" timestamp="2019-08-09T08:29:18.379">
  <classunload-info classloadercandidates="6" classloadersunloaded="0" classesunloaded="0" anonymousclassesunloaded="0" quiescems="0.000" setupms="0.002" scanms="0.000" postms="0.000" />
</gc-op>
<gc-end id="133" type="global mark phase" contextid="106" durationms="4.900" usertimems="4.140" systemtimems="5.857" timestamp="2019-08-09T08:29:18.379" activeThreads="16">
  <mem-info id="134" free="6291456" total="31457280" percent="20">
    <remembered-set count="7392" freebytes="1228032" totalbytes="1257600" percent="97" regionsoverflowed="0" regionsstable="0" regionsrebuilding="0"/>
  </mem-info>
</gc-end>
<cycle-end id="135" type="global mark phase" contextid="106" timestamp="2019-08-09T08:29:18.379" />
  <attribute name="elasticGC enabled" value="1" />
  <attribute name= "numThreadsSpecified" value="16" />
  <attribute name="heapSize specified" value="0" />
  <attribute name="Current GC Util" value="129" />
  <attribute name= "Current Time Running" value="14574" />
  <attribute name ="GC Interval" value="0" />
  <attribute name="Target GC Util Change" value ="80.000000" />
  <attribute name="Current GC Util Change" value="129.000000"/>
  <attribute name="Current Error" value="-49.000000" />
  <attribute name="Output H" value="31495096"/>
  <attribute name="Output I" value="1976"/>
  <attribute name="Output T" value="16"/>
  <attribute name= "Current Time Running" value="14574" />
  <attribute name="GC Util currently" value="129" />
  <attribute name="CPU Util currently" value="1050340042854" />
<exclusive-end id="136" timestamp="2019-08-09T08:29:18.379" durationms="5.408" />

<exclusive-start id="137" timestamp="2019-08-09T08:29:19.929" intervalms="1554.718">
  <response-info timems="0.083" idlems="0.083" threads="0" lastid="0000000001356600" lastname="node-16" />
</exclusive-start>
<allocation-taxation id="138" taxation-threshold="6291456" timestamp="2019-08-09T08:29:19.929" intervalms="1554.737" />
<cycle-start id="139" type="partial gc" contextid="0" timestamp="2019-08-09T08:29:19.929" intervalms="3183.952" />
<gc-start id="140" type="partial gc" contextid="139" timestamp="2019-08-09T08:29:19.929">
  <mem-info id="141" free="0" total="31457280" percent="0">
    <mem type="eden" free="2088080" total="14680064" percent="14" />
    <remembered-set count="7392" freebytes="1228032" totalbytes="1257600" percent="97" regionsoverflowed="0" regionsstable="0" regionsrebuilding="0"/>
  </mem-info>
</gc-start>
<allocation-stats totalBytes="12574736" >
  <allocated-bytes non-tlh="0" tlh="12574736" arrayletleaf="0"/>
  <largest-consumer threadName="node-11" threadId="0000000001325B00" bytes="327624" />
</allocation-stats>
<gc-op id="142" type="sweep" timems="1.749" contextid="139" timestamp="2019-08-09T08:29:19.931" />
<gc-op id="143" type="copy forward" timems="6.605" contextid="139" timestamp="2019-08-09T08:29:19.938">
  <memory-copied type="eden" objects="4141" bytes="101096" bytesdiscarded="5771" />
  <memory-copied type="other" objects="7161" bytes="171864" bytesdiscarded="2293" />
  <memory-cardclean objects="1742" bytes="170032" />
  <regions eden="3" other="5" />
  <remembered-set-cleared processed="2331" cleared="471" durationms="0.075" />
  <stringconstants candidates="3837" cleared="0"  />
  <heap-resize type="expand" space="default" amount="2097152" count="1" timems="0.064" reason="continue current collection" />
</gc-op>
<gc-op id="144" type="classunload" timems="0.002" contextid="139" timestamp="2019-08-09T08:29:19.938">
  <classunload-info classloadercandidates="6" classloadersunloaded="0" classesunloaded="0" anonymousclassesunloaded="0" quiescems="0.000" setupms="0.001" scanms="0.000" postms="0.000" />
</gc-op>
<gc-end id="145" type="partial gc" contextid="139" durationms="9.202" usertimems="11.514" systemtimems="8.285" timestamp="2019-08-09T08:29:19.938" activeThreads="16">
  <mem-info id="146" free="16777216" total="33554432" percent="50">
    <mem type="eden" free="3988120" total="4194304" percent="95" />
    <remembered-set count="7776" freebytes="1310336" totalbytes="1341440" percent="97" regionsoverflowed="0" regionsstable="0" regionsrebuilding="0"/>
  </mem-info>
</gc-end>
<cycle-end id="147" type="partial gc" contextid="139" timestamp="2019-08-09T08:29:19.938" />
  <attribute name="elasticGC enabled" value="1" />
  <attribute name= "numThreadsSpecified" value="16" />
  <attribute name="heapSize specified" value="0" />
  <attribute name="Current GC Util" value="0" />
  <attribute name= "Current Time Running" value="16129" />
  <attribute name ="GC Interval" value="0" />
  <attribute name="Target GC Util Change" value ="80.000000" />
  <attribute name="Current GC Util Change" value="0.000000"/>
  <attribute name="Current Error" value="66.000000" />
  <attribute name="Output H" value="31495160"/>
  <attribute name="Output I" value="2040"/>
  <attribute name="Output T" value="16"/>
  <attribute name= "Current Time Running" value="16129" />
  <attribute name="GC Util currently" value="0" />
  <attribute name="CPU Util currently" value="4144888652302" />
<exclusive-end id="148" timestamp="2019-08-09T08:29:19.939" durationms="9.796" />

<exclusive-start id="149" timestamp="2019-08-09T08:29:23.084" intervalms="3155.372">
  <response-info timems="0.657" idlems="0.351" threads="1" lastid="0000000001369100" lastname="node-6" />
</exclusive-start>
<allocation-taxation id="150" taxation-threshold="14680064" timestamp="2019-08-09T08:29:23.084" intervalms="3155.376" />
<cycle-start id="151" type="partial gc" contextid="0" timestamp="2019-08-09T08:29:23.084" intervalms="3155.379" />
<gc-start id="152" type="partial gc" contextid="151" timestamp="2019-08-09T08:29:23.084">
  <mem-info id="153" free="2097152" total="33554432" percent="6">
    <mem type="eden" free="0" total="14680064" percent="0" />
    <remembered-set count="7776" freebytes="1310336" totalbytes="1341440" percent="97" regionsoverflowed="0" regionsstable="0" regionsrebuilding="0"/>
  </mem-info>
</gc-start>
<allocation-stats totalBytes="14665840" >
  <allocated-bytes non-tlh="0" tlh="14665840" arrayletleaf="0"/>
  <largest-consumer threadName="node-13" threadId="0000000001329700" bytes="675768" />
</allocation-stats>
<gc-op id="154" type="copy forward" timems="5.864" contextid="151" timestamp="2019-08-09T08:29:23.091">
  <memory-copied type="eden" objects="8209" bytes="208456" bytesdiscarded="8328" />
  <memory-copied type="other" objects="8100" bytes="194400" bytesdiscarded="4360" />
  <memory-cardclean objects="1863" bytes="172160" />
  <regions eden="7" other="2" />
  <remembered-set-cleared processed="2217" cleared="326" durationms="0.085" />
  <stringconstants candidates="3837" cleared="0"  />
  <heap-resize type="expand" space="default" amount="2097152" count="1" timems="0.070" reason="continue current collection" />
</gc-op>
<gc-op id="155" type="classunload" timems="0.002" contextid="151" timestamp="2019-08-09T08:29:23.091">
  <classunload-info classloadercandidates="6" classloadersunloaded="0" classesunloaded="0" anonymousclassesunloaded="0" quiescems="0.000" setupms="0.001" scanms="0.000" postms="0.000" />
</gc-op>
<gc-end id="156" type="partial gc" contextid="151" durationms="6.770" usertimems="5.204" systemtimems="12.407" timestamp="2019-08-09T08:29:23.091" activeThreads="16">
  <mem-info id="157" free="18874368" total="35651584" percent="52">
    <mem type="eden" free="1880368" total="2097152" percent="89" />
    <remembered-set count="7872" freebytes="1393792" totalbytes="1425280" percent="97" regionsoverflowed="0" regionsstable="0" regionsrebuilding="0"/>
  </mem-info>
</gc-end>
<cycle-end id="158" type="partial gc" contextid="151" timestamp="2019-08-09T08:29:23.091" />
  <attribute name="elasticGC enabled" value="1" />
  <attribute name= "numThreadsSpecified" value="16" />
  <attribute name="heapSize specified" value="0" />
  <attribute name="Current GC Util" value="123" />
  <attribute name= "Current Time Running" value="19283" />
  <attribute name ="GC Interval" value="0" />
  <attribute name="Target GC Util Change" value ="80.000000" />
  <attribute name="Current GC Util Change" value="123.000000"/>
  <attribute name="Current Error" value="103.000000" />
  <attribute name="Output H" value="33592336"/>
  <attribute name="Output I" value="2064"/>
  <attribute name="Output T" value="16"/>
  <attribute name= "Current Time Running" value="19283" />
  <attribute name="GC Util currently" value="123" />
  <attribute name="CPU Util currently" value="2284822637671" />
<exclusive-end id="159" timestamp="2019-08-09T08:29:23.091" durationms="7.326" />

<exclusive-start id="160" timestamp="2019-08-09T08:29:27.025" intervalms="3940.474">
  <response-info timems="0.474" idlems="0.474" threads="0" lastid="000000000132D300" lastname="node-25" />
</exclusive-start>
<allocation-taxation id="161" taxation-threshold="16777216" timestamp="2019-08-09T08:29:27.025" intervalms="3940.450" />
<cycle-start id="162" type="partial gc" contextid="0" timestamp="2019-08-09T08:29:27.025" intervalms="3940.439" />
<gc-start id="163" type="partial gc" contextid="162" timestamp="2019-08-09T08:29:27.025">
  <mem-info id="164" free="2097152" total="35651584" percent="5">
    <mem type="eden" free="0" total="16777216" percent="0" />
    <remembered-set count="7392" freebytes="1395712" totalbytes="1425280" percent="97" regionsoverflowed="0" regionsstable="0" regionsrebuilding="0"/>
  </mem-info>
</gc-start>
<allocation-stats totalBytes="16769536" >
  <allocated-bytes non-tlh="0" tlh="16769536" arrayletleaf="0"/>
  <largest-consumer threadName="node-8" threadId="000000000131E300" bytes="810872" />
</allocation-stats>
<gc-op id="165" type="copy forward" timems="6.641" contextid="162" timestamp="2019-08-09T08:29:27.032">
  <memory-copied type="eden" objects="10729" bytes="269992" bytesdiscarded="19464" />
  <memory-copied type="other" objects="8038" bytes="192912" bytesdiscarded="6632" />
  <memory-cardclean objects="1881" bytes="174072" />
  <regions eden="8" other="1" />
  <remembered-set-cleared processed="2318" cleared="334" durationms="0.077" />
  <stringconstants candidates="3837" cleared="0"  />
  <heap-resize type="expand" space="default" amount="2097152" count="1" timems="0.072" reason="continue current collection" />
</gc-op>
<gc-op id="166" type="classunload" timems="0.002" contextid="162" timestamp="2019-08-09T08:29:27.032">
  <classunload-info classloadercandidates="6" classloadersunloaded="0" classesunloaded="0" anonymousclassesunloaded="0" quiescems="0.000" setupms="0.002" scanms="0.000" postms="0.000" />
</gc-op>
<gc-end id="167" type="partial gc" contextid="162" durationms="7.541" usertimems="4.556" systemtimems="12.890" timestamp="2019-08-09T08:29:27.033" activeThreads="16">
  <mem-info id="168" free="18874368" total="37748736" percent="50">
    <mem type="eden" free="1807696" total="2097152" percent="86" />
    <remembered-set count="7616" freebytes="1478656" totalbytes="1509120" percent="97" regionsoverflowed="0" regionsstable="0" regionsrebuilding="0"/>
  </mem-info>
</gc-end>
<cycle-end id="169" type="partial gc" contextid="162" timestamp="2019-08-09T08:29:27.033" />
  <attribute name="elasticGC enabled" value="1" />
  <attribute name= "numThreadsSpecified" value="16" />
  <attribute name="heapSize specified" value="0" />
  <attribute name="Current GC Util" value="136" />
  <attribute name= "Current Time Running" value="23223" />
  <attribute name ="GC Interval" value="0" />
  <attribute name="Target GC Util Change" value ="80.000000" />
  <attribute name="Current GC Util Change" value="136.000000"/>
  <attribute name="Current Error" value="24.000000" />
  <attribute name="Output H" value="35689440"/>
  <attribute name="Output I" value="2016"/>
  <attribute name="Output T" value="16"/>
  <attribute name= "Current Time Running" value="23223" />
  <attribute name="GC Util currently" value="136" />
  <attribute name="CPU Util currently" value="2294736481163" />
<exclusive-end id="170" timestamp="2019-08-09T08:29:27.033" durationms="8.183" />

<exclusive-start id="171" timestamp="2019-08-09T08:29:31.226" intervalms="4201.353">
  <response-info timems="0.679" idlems="0.679" threads="0" lastid="000000000132D300" lastname="node-25" />
</exclusive-start>
<allocation-taxation id="172" taxation-threshold="16777216" timestamp="2019-08-09T08:29:31.226" intervalms="4201.361" />
<cycle-start id="173" type="partial gc" contextid="0" timestamp="2019-08-09T08:29:31.226" intervalms="4201.364" />
<gc-start id="174" type="partial gc" contextid="173" timestamp="2019-08-09T08:29:31.226">
  <mem-info id="175" free="2097152" total="37748736" percent="5">
    <mem type="eden" free="0" total="16777216" percent="0" />
    <remembered-set count="7200" freebytes="1480320" totalbytes="1509120" percent="98" regionsoverflowed="0" regionsstable="0" regionsrebuilding="0"/>
  </mem-info>
</gc-start>
<allocation-stats totalBytes="16768112" >
  <allocated-bytes non-tlh="0" tlh="16768112" arrayletleaf="0"/>
  <largest-consumer threadName="node-23" threadId="000000000134EE00" bytes="765840" />
</allocation-stats>
<gc-op id="176" type="copy forward" timems="6.433" contextid="173" timestamp="2019-08-09T08:29:31.233">
  <memory-copied type="eden" objects="10543" bytes="257512" bytesdiscarded="10344" />
  <memory-copied type="other" objects="10556" bytes="253344" bytesdiscarded="6360" />
  <memory-cardclean objects="1922" bytes="175056" />
  <regions eden="8" other="1" />
  <remembered-set-cleared processed="2434" cleared="351" durationms="0.078" />
  <stringconstants candidates="3837" cleared="0"  />
  <heap-resize type="expand" space="default" amount="2097152" count="1" timems="0.069" reason="continue current collection" />
</gc-op>
<gc-op id="177" type="classunload" timems="0.003" contextid="173" timestamp="2019-08-09T08:29:31.234">
  <classunload-info classloadercandidates="6" classloadersunloaded="0" classesunloaded="0" anonymousclassesunloaded="0" quiescems="0.000" setupms="0.002" scanms="0.000" postms="0.000" />
</gc-op>
<gc-end id="178" type="partial gc" contextid="173" durationms="7.416" usertimems="11.406" systemtimems="5.574" timestamp="2019-08-09T08:29:31.234" activeThreads="16">
  <mem-info id="179" free="18874368" total="39845888" percent="47">
    <mem type="eden" free="1829296" total="2097152" percent="87" />
    <remembered-set count="9312" freebytes="1555712" totalbytes="1592960" percent="97" regionsoverflowed="0" regionsstable="0" regionsrebuilding="0"/>
  </mem-info>
</gc-end>
<cycle-end id="180" type="partial gc" contextid="173" timestamp="2019-08-09T08:29:31.234" />
  <attribute name="elasticGC enabled" value="1" />
  <attribute name= "numThreadsSpecified" value="16" />
  <attribute name="heapSize specified" value="0" />
  <attribute name="Current GC Util" value="183" />
  <attribute name= "Current Time Running" value="27425" />
  <attribute name ="GC Interval" value="0" />
  <attribute name="Target GC Util Change" value ="80.000000" />
  <attribute name="Current GC Util Change" value="183.000000"/>
  <attribute name="Current Error" value="1.000000" />
  <attribute name="Output H" value="37786576"/>
  <attribute name="Output I" value="2000"/>
  <attribute name="Output T" value="16"/>
  <attribute name= "Current Time Running" value="27425" />
  <attribute name="GC Util currently" value="183" />
  <attribute name="CPU Util currently" value="2059123005379" />
<exclusive-end id="181" timestamp="2019-08-09T08:29:31.234" durationms="8.027" />

<exclusive-start id="182" timestamp="2019-08-09T08:29:35.479" intervalms="4253.372">
  <response-info timems="0.799" idlems="0.799" threads="0" lastid="000000000131E300" lastname="node-8" />
</exclusive-start>
<allocation-taxation id="183" taxation-threshold="16777216" timestamp="2019-08-09T08:29:35.479" intervalms="4253.355" />
<cycle-start id="184" type="partial gc" contextid="0" timestamp="2019-08-09T08:29:35.479" intervalms="4253.362" />
<gc-start id="185" type="partial gc" contextid="184" timestamp="2019-08-09T08:29:35.480">
  <mem-info id="186" free="2097152" total="39845888" percent="5">
    <mem type="eden" free="0" total="16777216" percent="0" />
    <remembered-set count="9312" freebytes="1555712" totalbytes="1592960" percent="97" regionsoverflowed="0" regionsstable="0" regionsrebuilding="0"/>
  </mem-info>
</gc-start>
<allocation-stats totalBytes="16767984" >
  <allocated-bytes non-tlh="0" tlh="16767984" arrayletleaf="0"/>
  <largest-consumer threadName="node-16" threadId="0000000001356600" bytes="765856" />
</allocation-stats>
<gc-op id="187" type="copy forward" timems="6.772" contextid="184" timestamp="2019-08-09T08:29:35.487">
  <memory-copied type="eden" objects="11186" bytes="273632" bytesdiscarded="16528" />
  <memory-copied type="other" objects="10392" bytes="249408" bytesdiscarded="10952" />
  <memory-cardclean objects="1923" bytes="175080" />
  <regions eden="8" other="1" />
  <remembered-set-cleared processed="2543" cleared="353" durationms="0.090" />
  <stringconstants candidates="3837" cleared="0"  />
  <heap-resize type="expand" space="default" amount="2097152" count="1" timems="0.073" reason="continue current collection" />
</gc-op>
<gc-op id="188" type="classunload" timems="0.002" contextid="184" timestamp="2019-08-09T08:29:35.487">
  <classunload-info classloadercandidates="6" classloadersunloaded="0" classesunloaded="0" anonymousclassesunloaded="0" quiescems="0.000" setupms="0.002" scanms="0.000" postms="0.000" />
</gc-op>
<gc-end id="189" type="partial gc" contextid="184" durationms="7.844" usertimems="17.128" systemtimems="1.029" timestamp="2019-08-09T08:29:35.488" activeThreads="16">
  <mem-info id="190" free="18874368" total="41943040" percent="45">
    <mem type="eden" free="1806992" total="2097152" percent="86" />
    <remembered-set count="9504" freebytes="1638784" totalbytes="1676800" percent="97" regionsoverflowed="0" regionsstable="0" regionsrebuilding="0"/>
  </mem-info>
</gc-end>
<cycle-end id="191" type="partial gc" contextid="184" timestamp="2019-08-09T08:29:35.488" />
  <attribute name="elasticGC enabled" value="1" />
  <attribute name= "numThreadsSpecified" value="16" />
  <attribute name="heapSize specified" value="0" />
  <attribute name="Current GC Util" value="100" />
  <attribute name= "Current Time Running" value="31678" />
  <attribute name ="GC Interval" value="0" />
  <attribute name="Target GC Util Change" value ="80.000000" />
  <attribute name="Current GC Util Change" value="100.000000"/>
  <attribute name="Current Error" value="61.000000" />
  <attribute name="Output H" value="39883768"/>
  <attribute name="Output I" value="2040"/>
  <attribute name="Output T" value="16"/>
  <attribute name= "Current Time Running" value="31678" />
  <attribute name="GC Util currently" value="100" />
  <attribute name="CPU Util currently" value="1945356730924" />
<exclusive-end id="192" timestamp="2019-08-09T08:29:35.488" durationms="8.424" />

<exclusive-start id="193" timestamp="2019-08-09T08:29:39.260" intervalms="3780.714">
  <response-info timems="0.136" idlems="0.136" threads="0" lastid="0000000001321F00" lastname="node-7" />
</exclusive-start>
<allocation-taxation id="194" taxation-threshold="16777216" timestamp="2019-08-09T08:29:39.260" intervalms="3780.718" />
<cycle-start id="195" type="partial gc" contextid="0" timestamp="2019-08-09T08:29:39.260" intervalms="3780.694" />
<gc-start id="196" type="partial gc" contextid="195" timestamp="2019-08-09T08:29:39.260">
  <mem-info id="197" free="2097152" total="41943040" percent="5">
    <mem type="eden" free="0" total="16777216" percent="0" />
    <remembered-set count="9088" freebytes="1640448" totalbytes="1676800" percent="97" regionsoverflowed="0" regionsstable="0" regionsrebuilding="0"/>
  </mem-info>
</gc-start>
<allocation-stats totalBytes="16765072" >
  <allocated-bytes non-tlh="0" tlh="16765072" arrayletleaf="0"/>
  <largest-consumer threadName="node-16" threadId="0000000001356600" bytes="765848" />
</allocation-stats>
<gc-op id="198" type="copy forward" timems="6.391" contextid="195" timestamp="2019-08-09T08:29:39.268">
  <memory-copied type="eden" objects="9885" bytes="241720" bytesdiscarded="18112" />
  <memory-copied type="other" objects="11032" bytes="264768" bytesdiscarded="6624" />
  <memory-cardclean objects="1943" bytes="175560" />
  <regions eden="8" other="1" />
  <remembered-set-cleared processed="2647" cleared="346" durationms="0.206" />
  <stringconstants candidates="3837" cleared="0"  />
  <heap-resize type="expand" space="default" amount="2097152" count="1" timems="0.067" reason="continue current collection" />
</gc-op>
<gc-op id="199" type="classunload" timems="0.002" contextid="195" timestamp="2019-08-09T08:29:39.268">
  <classunload-info classloadercandidates="6" classloadersunloaded="0" classesunloaded="0" anonymousclassesunloaded="0" quiescems="0.000" setupms="0.002" scanms="0.000" postms="0.000" />
</gc-op>
<gc-end id="200" type="partial gc" contextid="195" durationms="7.508" usertimems="10.410" systemtimems="8.441" timestamp="2019-08-09T08:29:39.268" activeThreads="16">
  <mem-info id="201" free="18874368" total="44040192" percent="42">
    <mem type="eden" free="1837320" total="2097152" percent="87" />
    <remembered-set count="8224" freebytes="1727744" totalbytes="1760640" percent="98" regionsoverflowed="0" regionsstable="0" regionsrebuilding="0"/>
  </mem-info>
</gc-end>
<cycle-end id="202" type="partial gc" contextid="195" timestamp="2019-08-09T08:29:39.268" />
  <attribute name="elasticGC enabled" value="1" />
  <attribute name= "numThreadsSpecified" value="16" />
  <attribute name="heapSize specified" value="0" />
  <attribute name="Current GC Util" value="96" />
  <attribute name= "Current Time Running" value="35459" />
  <attribute name ="GC Interval" value="0" />
  <attribute name="Target GC Util Change" value ="80.000000" />
  <attribute name="Current GC Util Change" value="96.000000"/>
  <attribute name="Current Error" value="64.000000" />
  <attribute name="Output H" value="41980920"/>
  <attribute name="Output I" value="2040"/>
  <attribute name="Output T" value="16"/>
  <attribute name= "Current Time Running" value="35459" />
  <attribute name="GC Util currently" value="96" />
  <attribute name="CPU Util currently" value="1664556115873" />
<exclusive-end id="203" timestamp="2019-08-09T08:29:39.268" durationms="8.052" />

<exclusive-start id="204" timestamp="2019-08-09T08:29:43.702" intervalms="4441.759">
  <response-info timems="0.418" idlems="0.252" threads="1" lastid="0000000001361900" lastname="node-24" />
</exclusive-start>
<allocation-taxation id="205" taxation-threshold="18874368" timestamp="2019-08-09T08:29:43.702" intervalms="4441.787" />
<cycle-start id="206" type="partial gc" contextid="0" timestamp="2019-08-09T08:29:43.702" intervalms="4441.840" />
<gc-start id="207" type="partial gc" contextid="206" timestamp="2019-08-09T08:29:43.702">
  <mem-info id="208" free="0" total="44040192" percent="0">
    <mem type="eden" free="0" total="18874368" percent="0" />
    <remembered-set count="7776" freebytes="1729536" totalbytes="1760640" percent="98" regionsoverflowed="0" regionsstable="0" regionsrebuilding="0"/>
  </mem-info>
</gc-start>
<allocation-stats totalBytes="18864000" >
  <allocated-bytes non-tlh="0" tlh="18864000" arrayletleaf="0"/>
  <largest-consumer threadName="node-8" threadId="000000000131E300" bytes="859960" />
</allocation-stats>
<gc-op id="209" type="mark" timems="5.070" contextid="206" timestamp="2019-08-09T08:29:43.708">
  <trace-info objectcount="21776" scancount="21753" scanbytes="594056" />
  <cardclean-info objects="1943" bytes="102608" />
  <remembered-set-cleared processed="2754" cleared="347" durationms="0.105" />
  <stringconstants candidates="3837" cleared="0"  />
  <warning details="Mark invoked due to insufficient free space for Copy-Forward" />
</gc-op>
<gc-op id="210" type="classunload" timems="0.002" contextid="206" timestamp="2019-08-09T08:29:43.708">
  <classunload-info classloadercandidates="6" classloadersunloaded="0" classesunloaded="0" anonymousclassesunloaded="0" quiescems="0.000" setupms="0.002" scanms="0.000" postms="0.000" />
</gc-op>
<gc-op id="211" type="sweep" timems="1.246" contextid="206" timestamp="2019-08-09T08:29:43.709" />
<gc-op id="212" type="compact" timems="4.061" contextid="206" timestamp="2019-08-09T08:29:43.714">
  <compact-info movecount="21775" movebytes="524312" />
  <remembered-set-cleared processed="5766" cleared="916" durationms="0.108" />
</gc-op>
<gc-end id="213" type="partial gc" contextid="206" durationms="11.512" usertimems="25.471" systemtimems="1.478" timestamp="2019-08-09T08:29:43.714" activeThreads="16">
  <mem-info id="214" free="16777216" total="44040192" percent="38">
    <mem type="eden" free="1806432" total="2097152" percent="86" />
    <remembered-set count="7424" freebytes="1730944" totalbytes="1760640" percent="98" regionsoverflowed="0" regionsstable="0" regionsrebuilding="0"/>
  </mem-info>
</gc-end>
<cycle-end id="215" type="partial gc" contextid="206" timestamp="2019-08-09T08:29:43.714" />
  <attribute name="elasticGC enabled" value="1" />
  <attribute name= "numThreadsSpecified" value="16" />
  <attribute name="heapSize specified" value="0" />
  <attribute name="Current GC Util" value="114" />
  <attribute name= "Current Time Running" value="39907" />
  <attribute name ="GC Interval" value="0" />
  <attribute name="Target GC Util Change" value ="80.000000" />
  <attribute name="Current GC Util Change" value="114.000000"/>
  <attribute name="Current Error" value="-22.000000" />
  <attribute name="Output H" value="44078024"/>
  <attribute name="Output I" value="1992"/>
  <attribute name="Output T" value="16"/>
  <attribute name= "Current Time Running" value="39907" />
  <attribute name="GC Util currently" value="114" />
  <attribute name="CPU Util currently" value="815471316768" />
<exclusive-end id="216" timestamp="2019-08-09T08:29:43.714" durationms="12.103" />

<exclusive-start id="217" timestamp="2019-08-09T08:29:45.480" intervalms="1778.429">
  <response-info timems="0.026" idlems="0.026" threads="0" lastid="0000000001370900" lastname="node-9" />
</exclusive-start>
<allocation-taxation id="218" taxation-threshold="8388608" timestamp="2019-08-09T08:29:45.480" intervalms="1778.408" />
<cycle-start id="219" type="global mark phase" contextid="0" timestamp="2019-08-09T08:29:45.480" intervalms="29983.644" />
<gc-start id="220" type="global mark phase" contextid="219" timestamp="2019-08-09T08:29:45.480">
  <mem-info id="221" free="8388608" total="44040192" percent="19">
    <remembered-set count="7424" freebytes="1730944" totalbytes="1760640" percent="98" regionsoverflowed="0" regionsstable="0" regionsrebuilding="0"/>
  </mem-info>
</gc-start>
<gc-op id="222" type="mark increment" timems="3.080" contextid="219" timestamp="2019-08-09T08:29:45.484">
  <trace-info objectcount="374" scancount="0" scanbytes="0" />
</gc-op>
<gc-end id="223" type="global mark phase" contextid="219" durationms="3.115" usertimems="1.710" systemtimems="6.057" timestamp="2019-08-09T08:29:45.484" activeThreads="16">
  <mem-info id="224" free="8388608" total="44040192" percent="19">
    <remembered-set count="7424" freebytes="1730944" totalbytes="1760640" percent="98" regionsoverflowed="0" regionsstable="0" regionsrebuilding="0"/>
  </mem-info>
</gc-end>
<concurrent-start id="225" type="GMP work packet processing" contextid="219" timestamp="2019-08-09T08:29:45.484">
  <concurrent-mark-start scanTarget="18446744073709551615" />
</concurrent-start>
<exclusive-end id="226" timestamp="2019-08-09T08:29:45.484" durationms="3.387" />

<concurrent-end id="227" type="GMP work packet processing" contextid="219" timestamp="2019-08-09T08:29:45.488">
  <concurrent-mark-end bytesScanned="5293240" reasonForTermination="Completed all work in GC phase" />
</concurrent-end>

<exclusive-start id="228" timestamp="2019-08-09T08:29:47.506" intervalms="2025.731">
  <response-info timems="0.196" idlems="0.196" threads="0" lastid="000000000131E300" lastname="node-8" />
</exclusive-start>
<allocation-taxation id="229" taxation-threshold="8388608" timestamp="2019-08-09T08:29:47.506" intervalms="2025.731" />
<cycle-start id="230" type="partial gc" contextid="0" timestamp="2019-08-09T08:29:47.506" intervalms="3804.070" />
<gc-start id="231" type="partial gc" contextid="230" timestamp="2019-08-09T08:29:47.506">
  <mem-info id="232" free="0" total="44040192" percent="0">
    <mem type="eden" free="0" total="16777216" percent="0" />
    <remembered-set count="7424" freebytes="1730944" totalbytes="1760640" percent="98" regionsoverflowed="0" regionsstable="0" regionsrebuilding="0"/>
  </mem-info>
</gc-start>
<allocation-stats totalBytes="16771248" >
  <allocated-bytes non-tlh="0" tlh="16771248" arrayletleaf="0"/>
  <largest-consumer threadName="node-7" threadId="0000000001321F00" bytes="430064" />
</allocation-stats>
<gc-op id="233" type="mark" timems="7.562" contextid="230" timestamp="2019-08-09T08:29:47.515">
  <trace-info objectcount="22496" scancount="22473" scanbytes="611336" />
  <cardclean-info objects="1922" bytes="102104" />
  <remembered-set-cleared processed="2925" cleared="405" durationms="0.073" />
  <stringconstants candidates="3837" cleared="0"  />
  <warning details="Mark invoked due to insufficient free space for Copy-Forward" />
</gc-op>
<gc-op id="234" type="classunload" timems="0.001" contextid="230" timestamp="2019-08-09T08:29:47.515">
  <classunload-info classloadercandidates="6" classloadersunloaded="0" classesunloaded="0" anonymousclassesunloaded="0" quiescems="0.000" setupms="0.001" scanms="0.000" postms="0.000" />
</gc-op>
<gc-op id="235" type="sweep" timems="2.489" contextid="230" timestamp="2019-08-09T08:29:47.517" />
<gc-op id="236" type="compact" timems="6.083" contextid="230" timestamp="2019-08-09T08:29:47.523">
  <compact-info movecount="18722" movebytes="451040" />
  <remembered-set-cleared processed="6072" cleared="986" durationms="0.159" />
</gc-op>
<heap-resize id="237" type="expand" space="default" amount="2097152" count="1" timems="0.064" reason="insufficient free space following gc" timestamp="2019-08-09T08:29:47.524" />
<gc-end id="238" type="partial gc" contextid="230" durationms="17.387" usertimems="25.949" systemtimems="19.640" timestamp="2019-08-09T08:29:47.524" activeThreads="16">
  <mem-info id="239" free="16777216" total="46137344" percent="36">
    <mem type="eden" free="1841184" total="2097152" percent="87" />
    <remembered-set count="8224" freebytes="1811584" totalbytes="1844480" percent="98" regionsoverflowed="0" regionsstable="0" regionsrebuilding="0"/>
  </mem-info>
</gc-end>
<cycle-end id="240" type="partial gc" contextid="230" timestamp="2019-08-09T08:29:47.524" />
  <attribute name="elasticGC enabled" value="1" />
  <attribute name= "numThreadsSpecified" value="16" />
  <attribute name="heapSize specified" value="0" />
  <attribute name="Current GC Util" value="169" />
  <attribute name= "Current Time Running" value="43715" />
  <attribute name ="GC Interval" value="0" />
  <attribute name="Target GC Util Change" value ="80.000000" />
  <attribute name="Current GC Util Change" value="169.000000"/>
  <attribute name="Current Error" value="-89.000000" />
  <attribute name="Output H" value="44077984"/>
  <attribute name="Output I" value="1952"/>
  <attribute name="Output T" value="16"/>
  <attribute name= "Current Time Running" value="43715" />
  <attribute name="GC Util currently" value="169" />
  <attribute name="CPU Util currently" value="434553911935" />
<exclusive-end id="241" timestamp="2019-08-09T08:29:47.524" durationms="17.971" />

<exclusive-start id="242" timestamp="2019-08-09T08:29:49.195" intervalms="1689.134">
  <response-info timems="0.120" idlems="0.120" threads="0" lastid="0000000001321F00" lastname="node-7" />
</exclusive-start>
<allocation-taxation id="243" taxation-threshold="8388608" timestamp="2019-08-09T08:29:49.195" intervalms="1689.155" />
<gc-start id="244" type="global mark phase" contextid="219" timestamp="2019-08-09T08:29:49.195">
  <mem-info id="245" free="8388608" total="46137344" percent="18">
    <remembered-set count="7776" freebytes="1813376" totalbytes="1844480" percent="98" regionsoverflowed="0" regionsstable="0" regionsrebuilding="0"/>
  </mem-info>
</gc-start>
<gc-op id="246" type="mark increment" timems="6.411" contextid="219" timestamp="2019-08-09T08:29:49.202">
  <trace-info objectcount="9885" scancount="9860" scanbytes="308808" />
  <cardclean-info objects="1779" bytes="98216" />
  <finalization candidates="13" enqueued="0" />
  <references type="soft" candidates="66" cleared="0" enqueued="0" dynamicThreshold="11" maxThreshold="32" />
  <references type="weak" candidates="143" cleared="0" enqueued="0" />
  <references type="phantom" candidates="57" cleared="0" enqueued="0" />
  <stringconstants candidates="3837" cleared="0"  />
</gc-op>
<gc-op id="247" type="classunload" timems="0.003" contextid="219" timestamp="2019-08-09T08:29:49.202">
  <classunload-info classloadercandidates="6" classloadersunloaded="0" classesunloaded="0" anonymousclassesunloaded="0" quiescems="0.000" setupms="0.003" scanms="0.000" postms="0.000" />
</gc-op>
<gc-end id="248" type="global mark phase" contextid="219" durationms="6.533" usertimems="8.760" systemtimems="8.339" timestamp="2019-08-09T08:29:49.202" activeThreads="16">
  <mem-info id="249" free="8388608" total="46137344" percent="18">
    <remembered-set count="7776" freebytes="1813376" totalbytes="1844480" percent="98" regionsoverflowed="0" regionsstable="0" regionsrebuilding="0"/>
  </mem-info>
</gc-end>
<cycle-end id="250" type="global mark phase" contextid="219" timestamp="2019-08-09T08:29:49.202" />
  <attribute name="elasticGC enabled" value="1" />
  <attribute name= "numThreadsSpecified" value="16" />
  <attribute name="heapSize specified" value="0" />
  <attribute name="Current GC Util" value="161" />
  <attribute name= "Current Time Running" value="45396" />
  <attribute name ="GC Interval" value="0" />
  <attribute name="Target GC Util Change" value ="80.000000" />
  <attribute name="Current GC Util Change" value="161.000000"/>
  <attribute name="Current Error" value="-125.000000" />
  <attribute name="Output H" value="46175112"/>
  <attribute name="Output I" value="1928"/>
  <attribute name="Output T" value="16"/>
  <attribute name= "Current Time Running" value="45396" />
  <attribute name="GC Util currently" value="161" />
  <attribute name="CPU Util currently" value="761795754680" />
<exclusive-end id="251" timestamp="2019-08-09T08:29:49.202" durationms="6.996" />

<exclusive-start id="252" timestamp="2019-08-09T08:29:50.762" intervalms="1566.993">
  <response-info timems="0.079" idlems="0.079" threads="0" lastid="0000000001325B00" lastname="node-11" />
</exclusive-start>
<allocation-taxation id="253" taxation-threshold="8388608" timestamp="2019-08-09T08:29:50.762" intervalms="1566.975" />
<cycle-start id="254" type="partial gc" contextid="0" timestamp="2019-08-09T08:29:50.762" intervalms="3256.273" />
<gc-start id="255" type="partial gc" contextid="254" timestamp="2019-08-09T08:29:50.763">
  <mem-info id="256" free="0" total="46137344" percent="0">
    <mem type="eden" free="1841184" total="18874368" percent="9" />
    <remembered-set count="7776" freebytes="1813376" totalbytes="1844480" percent="98" regionsoverflowed="0" regionsstable="0" regionsrebuilding="0"/>
  </mem-info>
</gc-start>
<allocation-stats totalBytes="16768376" >
  <allocated-bytes non-tlh="0" tlh="16768376" arrayletleaf="0"/>
  <largest-consumer threadName="node-8" threadId="000000000131E300" bytes="429552" />
</allocation-stats>
<gc-op id="257" type="sweep" timems="1.709" contextid="254" timestamp="2019-08-09T08:29:50.764" />
<gc-op id="258" type="copy forward" timems="8.277" contextid="254" timestamp="2019-08-09T08:29:50.773">
  <memory-copied type="eden" objects="4199" bytes="99856" bytesdiscarded="17468" />
  <memory-copied type="other" objects="9695" bytes="232680" bytesdiscarded="5916" />
  <memory-cardclean objects="1820" bytes="172608" />
  <regions eden="4" other="5" />
  <remembered-set-cleared processed="2985" cleared="1117" durationms="0.068" />
  <stringconstants candidates="3837" cleared="0"  />
</gc-op>
<gc-op id="259" type="classunload" timems="0.002" contextid="254" timestamp="2019-08-09T08:29:50.774">
  <classunload-info classloadercandidates="6" classloadersunloaded="0" classesunloaded="0" anonymousclassesunloaded="0" quiescems="0.000" setupms="0.002" scanms="0.000" postms="0.000" />
</gc-op>
<gc-end id="260" type="partial gc" contextid="254" durationms="11.146" usertimems="5.558" systemtimems="17.699" timestamp="2019-08-09T08:29:50.774" activeThreads="16">
  <mem-info id="261" free="31457280" total="46137344" percent="68">
    <mem type="eden" free="3838384" total="4194304" percent="91" />
    <remembered-set count="6368" freebytes="1819008" totalbytes="1844480" percent="98" regionsoverflowed="0" regionsstable="0" regionsrebuilding="0"/>
  </mem-info>
</gc-end>
<cycle-end id="262" type="partial gc" contextid="254" timestamp="2019-08-09T08:29:50.774" />
  <attribute name="elasticGC enabled" value="1" />
  <attribute name= "numThreadsSpecified" value="16" />
  <attribute name="heapSize specified" value="0" />
  <attribute name="Current GC Util" value="110" />
  <attribute name= "Current Time Running" value="46963" />
  <attribute name ="GC Interval" value="0" />
  <attribute name="Target GC Util Change" value ="80.000000" />
  <attribute name="Current GC Util Change" value="110.000000"/>
  <attribute name="Current Error" value="-30.000000" />
  <attribute name="Output H" value="46175168"/>
  <attribute name="Output I" value="1984"/>
  <attribute name="Output T" value="16"/>
  <attribute name= "Current Time Running" value="46963" />
  <attribute name="GC Util currently" value="110" />
  <attribute name="CPU Util currently" value="2001797923998" />
<exclusive-end id="263" timestamp="2019-08-09T08:29:50.774" durationms="12.197" />

<exclusive-start id="264" timestamp="2019-08-09T08:29:55.195" intervalms="4432.431">
  <response-info timems="0.059" idlems="0.059" threads="0" lastid="000000000133FE00" lastname="node-19" />
</exclusive-start>
<allocation-taxation id="265" taxation-threshold="18874368" timestamp="2019-08-09T08:29:55.195" intervalms="4432.434" />
<cycle-start id="266" type="partial gc" contextid="0" timestamp="2019-08-09T08:29:55.195" intervalms="4432.322" />
<gc-start id="267" type="partial gc" contextid="266" timestamp="2019-08-09T08:29:55.195">
  <mem-info id="268" free="12582912" total="46137344" percent="27">
    <mem type="eden" free="0" total="18874368" percent="0" />
    <remembered-set count="6368" freebytes="1819008" totalbytes="1844480" percent="98" regionsoverflowed="0" regionsstable="0" regionsrebuilding="0"/>
  </mem-info>
</gc-start>
<allocation-stats totalBytes="18866608" >
  <allocated-bytes non-tlh="0" tlh="18866608" arrayletleaf="0"/>
  <largest-consumer threadName="node-8" threadId="000000000131E300" bytes="888528" />
</allocation-stats>
<gc-op id="269" type="copy forward" timems="10.605" contextid="266" timestamp="2019-08-09T08:29:55.206">
  <memory-copied type="eden" objects="10908" bytes="277192" bytesdiscarded="19032" />
  <memory-copied type="other" objects="8380" bytes="201120" bytesdiscarded="6752" />
  <memory-cardclean objects="1923" bytes="175080" />
  <regions eden="9" other="1" />
  <remembered-set-cleared processed="2242" cleared="322" durationms="0.067" />
  <stringconstants candidates="3837" cleared="0"  />
</gc-op>
<gc-op id="270" type="classunload" timems="0.002" contextid="266" timestamp="2019-08-09T08:29:55.206">
  <classunload-info classloadercandidates="6" classloadersunloaded="0" classesunloaded="0" anonymousclassesunloaded="0" quiescems="0.000" setupms="0.002" scanms="0.000" postms="0.000" />
</gc-op>
<heap-resize id="271" type="contract" space="default" amount="2097152" count="1" timems="0.153" reason="excess free space following gc" timestamp="2019-08-09T08:29:55.207" />
<gc-end id="272" type="partial gc" contextid="266" durationms="11.794" usertimems="9.693" systemtimems="12.488" timestamp="2019-08-09T08:29:55.207" activeThreads="16">
  <mem-info id="273" free="27262976" total="44040192" percent="61">
    <mem type="eden" free="1800928" total="2097152" percent="85" />
    <remembered-set count="6976" freebytes="1816576" totalbytes="1844480" percent="98" regionsoverflowed="0" regionsstable="0" regionsrebuilding="0"/>
  </mem-info>
</gc-end>
<cycle-end id="274" type="partial gc" contextid="266" timestamp="2019-08-09T08:29:55.207" />
  <attribute name="elasticGC enabled" value="1" />
  <attribute name= "numThreadsSpecified" value="16" />
  <attribute name="heapSize specified" value="0" />
  <attribute name="Current GC Util" value="136" />
  <attribute name= "Current Time Running" value="51393" />
  <attribute name ="GC Interval" value="0" />
  <attribute name="Target GC Util Change" value ="80.000000" />
  <attribute name="Current GC Util Change" value="136.000000"/>
  <attribute name="Current Error" value="-6.000000" />
  <attribute name="Output H" value="46175184"/>
  <attribute name="Output I" value="2000"/>
  <attribute name="Output T" value="16"/>
  <attribute name= "Current Time Running" value="51393" />
  <attribute name="GC Util currently" value="136" />
  <attribute name="CPU Util currently" value="1850456709701" />
<exclusive-end id="275" timestamp="2019-08-09T08:29:55.207" durationms="12.434" />

<exclusive-start id="276" timestamp="2019-08-09T08:29:59.617" intervalms="4422.047">
  <response-info timems="1.124" idlems="1.124" threads="0" lastid="0000000001361900" lastname="node-24" />
</exclusive-start>
<allocation-taxation id="277" taxation-threshold="18874368" timestamp="2019-08-09T08:29:59.617" intervalms="4422.108" />
<cycle-start id="278" type="partial gc" contextid="0" timestamp="2019-08-09T08:29:59.617" intervalms="4422.768" />
<gc-start id="279" type="partial gc" contextid="278" timestamp="2019-08-09T08:29:59.618">
  <mem-info id="280" free="8388608" total="44040192" percent="19">
    <mem type="eden" free="0" total="18874368" percent="0" />
    <remembered-set count="6528" freebytes="1818368" totalbytes="1844480" percent="98" regionsoverflowed="0" regionsstable="0" regionsrebuilding="0"/>
  </mem-info>
</gc-start>
<allocation-stats totalBytes="18865592" >
  <allocated-bytes non-tlh="0" tlh="18865592" arrayletleaf="0"/>
  <largest-consumer threadName="node-23" threadId="000000000134EE00" bytes="860072" />
</allocation-stats>
<gc-op id="281" type="copy forward" timems="8.973" contextid="278" timestamp="2019-08-09T08:29:59.628">
  <memory-copied type="eden" objects="11728" bytes="283184" bytesdiscarded="17232" />
  <memory-copied type="other" objects="10729" bytes="257496" bytesdiscarded="18056" />
  <memory-cardclean objects="1966" bytes="176032" />
  <regions eden="9" other="1" />
  <remembered-set-cleared processed="2376" cleared="355" durationms="0.071" />
  <stringconstants candidates="3837" cleared="0"  />
</gc-op>
<gc-op id="282" type="classunload" timems="0.002" contextid="278" timestamp="2019-08-09T08:29:59.628">
  <classunload-info classloadercandidates="6" classloadersunloaded="0" classesunloaded="0" anonymousclassesunloaded="0" quiescems="0.000" setupms="0.002" scanms="0.000" postms="0.000" />
</gc-op>
<gc-end id="283" type="partial gc" contextid="278" durationms="10.498" usertimems="8.242" systemtimems="15.175" timestamp="2019-08-09T08:29:59.628" activeThreads="16">
  <mem-info id="284" free="23068672" total="44040192" percent="52">
    <mem type="eden" free="3893888" total="4194304" percent="92" />
    <remembered-set count="8640" freebytes="1726080" totalbytes="1760640" percent="98" regionsoverflowed="0" regionsstable="0" regionsrebuilding="0"/>
  </mem-info>
</gc-end>
<cycle-end id="285" type="partial gc" contextid="278" timestamp="2019-08-09T08:29:59.628" />
  <attribute name="elasticGC enabled" value="1" />
  <attribute name= "numThreadsSpecified" value="16" />
  <attribute name="heapSize specified" value="0" />
  <attribute name="Current GC Util" value="97" />
  <attribute name= "Current Time Running" value="55817" />
  <attribute name ="GC Interval" value="0" />
  <attribute name="Target GC Util Change" value ="80.000000" />
  <attribute name="Current GC Util Change" value="97.000000"/>
  <attribute name="Current Error" value="57.000000" />
  <attribute name="Output H" value="44078064"/>
  <attribute name="Output I" value="2032"/>
  <attribute name="Output T" value="16"/>
  <attribute name= "Current Time Running" value="55817" />
  <attribute name="GC Util currently" value="97" />
  <attribute name="CPU Util currently" value="1009427364024" />
<exclusive-end id="286" timestamp="2019-08-09T08:29:59.628" durationms="11.716" />

<exclusive-start id="287" timestamp="2019-08-09T08:30:01.699" intervalms="2082.781">
  <response-info timems="0.162" idlems="0.162" threads="0" lastid="0000000001325B00" lastname="node-11" />
</exclusive-start>
<allocation-taxation id="288" taxation-threshold="8388608" timestamp="2019-08-09T08:30:01.699" intervalms="2082.722" />
<cycle-start id="289" type="global mark phase" contextid="0" timestamp="2019-08-09T08:30:01.699" intervalms="16219.103" />
<gc-start id="290" type="global mark phase" contextid="289" timestamp="2019-08-09T08:30:01.700">
  <mem-info id="291" free="14680064" total="44040192" percent="33">
    <remembered-set count="8160" freebytes="1728000" totalbytes="1760640" percent="98" regionsoverflowed="0" regionsstable="0" regionsrebuilding="0"/>
  </mem-info>
</gc-start>
<gc-op id="292" type="mark increment" timems="3.808" contextid="289" timestamp="2019-08-09T08:30:01.703">
  <trace-info objectcount="66524" scancount="45999" scanbytes="1870788" />
</gc-op>
<gc-end id="293" type="global mark phase" contextid="289" durationms="3.868" usertimems="5.263" systemtimems="9.143" timestamp="2019-08-09T08:30:01.703" activeThreads="16">
  <mem-info id="294" free="14680064" total="44040192" percent="33">
    <remembered-set count="8160" freebytes="1728000" totalbytes="1760640" percent="98" regionsoverflowed="0" regionsstable="0" regionsrebuilding="0"/>
  </mem-info>
</gc-end>
<concurrent-start id="295" type="GMP work packet processing" contextid="289" timestamp="2019-08-09T08:30:01.703">
  <concurrent-mark-start scanTarget="14214711" />
</concurrent-start>
<exclusive-end id="296" timestamp="2019-08-09T08:30:01.704" durationms="4.233" />

<concurrent-end id="297" type="GMP work packet processing" contextid="289" timestamp="2019-08-09T08:30:01.706">
  <concurrent-mark-end bytesScanned="3410004" reasonForTermination="Completed all work in GC phase" />
</concurrent-end>

<exclusive-start id="298" timestamp="2019-08-09T08:30:03.430" intervalms="1730.253">
  <response-info timems="0.142" idlems="0.142" threads="0" lastid="0000000001325B00" lastname="node-11" />
</exclusive-start>
<allocation-taxation id="299" taxation-threshold="8388608" timestamp="2019-08-09T08:30:03.430" intervalms="1730.249" />
<cycle-start id="300" type="partial gc" contextid="0" timestamp="2019-08-09T08:30:03.430" intervalms="3812.314" />
<gc-start id="301" type="partial gc" contextid="300" timestamp="2019-08-09T08:30:03.430">
  <mem-info id="302" free="6291456" total="44040192" percent="14">
    <mem type="eden" free="0" total="16777216" percent="0" />
    <remembered-set count="8160" freebytes="1728000" totalbytes="1760640" percent="98" regionsoverflowed="0" regionsstable="0" regionsrebuilding="0"/>
  </mem-info>
</gc-start>
<allocation-stats totalBytes="16772696" >
  <allocated-bytes non-tlh="0" tlh="16772696" arrayletleaf="0"/>
  <largest-consumer threadName="node-7" threadId="0000000001321F00" bytes="430056" />
</allocation-stats>
<gc-op id="303" type="copy forward" timems="8.175" contextid="300" timestamp="2019-08-09T08:30:03.439">
  <memory-copied type="eden" objects="10416" bytes="251696" bytesdiscarded="15432" />
  <memory-copied type="other" objects="11586" bytes="278064" bytesdiscarded="7888" />
  <memory-cardclean objects="1937" bytes="175416" />
  <regions eden="8" other="2" />
  <remembered-set-cleared processed="2501" cleared="362" durationms="0.076" />
  <stringconstants candidates="3837" cleared="0"  />
</gc-op>
<gc-op id="304" type="classunload" timems="0.003" contextid="300" timestamp="2019-08-09T08:30:03.439">
  <classunload-info classloadercandidates="6" classloadersunloaded="0" classesunloaded="0" anonymousclassesunloaded="0" quiescems="0.000" setupms="0.003" scanms="0.000" postms="0.000" />
</gc-op>
<gc-end id="305" type="partial gc" contextid="300" durationms="9.460" usertimems="12.530" systemtimems="8.734" timestamp="2019-08-09T08:30:03.439" activeThreads="16">
  <mem-info id="306" free="23068672" total="44040192" percent="52">
    <mem type="eden" free="1830024" total="2097152" percent="87" />
    <remembered-set count="7872" freebytes="1729152" totalbytes="1760640" percent="98" regionsoverflowed="0" regionsstable="0" regionsrebuilding="0"/>
  </mem-info>
</gc-end>
<cycle-end id="307" type="partial gc" contextid="300" timestamp="2019-08-09T08:30:03.439" />
  <attribute name="elasticGC enabled" value="1" />
  <attribute name= "numThreadsSpecified" value="16" />
  <attribute name="heapSize specified" value="0" />
  <attribute name="Current GC Util" value="92" />
  <attribute name= "Current Time Running" value="59629" />
  <attribute name ="GC Interval" value="0" />
  <attribute name="Target GC Util Change" value ="80.000000" />
  <attribute name="Current GC Util Change" value="92.000000"/>
  <attribute name="Current Error" value="-462.000000" />
  <attribute name="Output H" value="44077768"/>
  <attribute name="Output I" value="1736"/>
  <attribute name="Output T" value="16"/>
  <attribute name= "Current Time Running" value="59629" />
  <attribute name="GC Util currently" value="92" />
  <attribute name="CPU Util currently" value="1262750487605" />
<exclusive-end id="308" timestamp="2019-08-09T08:30:03.440" durationms="9.970" />

<exclusive-start id="309" timestamp="2019-08-09T08:30:05.482" intervalms="2052.397">
  <response-info timems="0.019" idlems="0.019" threads="0" lastid="0000000001334B00" lastname="node-0" />
</exclusive-start>
<allocation-taxation id="310" taxation-threshold="8388608" timestamp="2019-08-09T08:30:05.482" intervalms="2052.390" />
<gc-start id="311" type="global mark phase" contextid="289" timestamp="2019-08-09T08:30:05.482">
  <mem-info id="312" free="14680064" total="44040192" percent="33">
    <remembered-set count="7392" freebytes="1731072" totalbytes="1760640" percent="98" regionsoverflowed="0" regionsstable="0" regionsrebuilding="0"/>
  </mem-info>
</gc-start>
<gc-op id="313" type="mark increment" timems="9.151" contextid="289" timestamp="2019-08-09T08:30:05.491">
  <trace-info objectcount="10352" scancount="10317" scanbytes="319592" />
  <cardclean-info objects="1815" bytes="97504" />
  <finalization candidates="13" enqueued="0" />
  <references type="soft" candidates="66" cleared="0" enqueued="0" dynamicThreshold="16" maxThreshold="32" />
  <references type="weak" candidates="143" cleared="0" enqueued="0" />
  <references type="phantom" candidates="57" cleared="0" enqueued="0" />
  <stringconstants candidates="3837" cleared="0"  />
</gc-op>
<gc-op id="314" type="classunload" timems="0.002" contextid="289" timestamp="2019-08-09T08:30:05.491">
  <classunload-info classloadercandidates="6" classloadersunloaded="0" classesunloaded="0" anonymousclassesunloaded="0" quiescems="0.000" setupms="0.002" scanms="0.000" postms="0.000" />
</gc-op>
<gc-end id="315" type="global mark phase" contextid="289" durationms="9.258" usertimems="13.050" systemtimems="7.069" timestamp="2019-08-09T08:30:05.491" activeThreads="16">
  <mem-info id="316" free="14680064" total="44040192" percent="33">
    <remembered-set count="7392" freebytes="1731072" totalbytes="1760640" percent="98" regionsoverflowed="0" regionsstable="0" regionsrebuilding="0"/>
  </mem-info>
</gc-end>
<cycle-end id="317" type="global mark phase" contextid="289" timestamp="2019-08-09T08:30:05.491" />
  <attribute name="elasticGC enabled" value="1" />
  <attribute name= "numThreadsSpecified" value="16" />
  <attribute name="heapSize specified" value="0" />
  <attribute name="Current GC Util" value="133" />
  <attribute name= "Current Time Running" value="61683" />
  <attribute name ="GC Interval" value="0" />
  <attribute name="Target GC Util Change" value ="80.000000" />
  <attribute name="Current GC Util Change" value="133.000000"/>
  <attribute name="Current Error" value="-286.000000" />
  <attribute name="Output H" value="44077872"/>
  <attribute name="Output I" value="1840"/>
  <attribute name="Output T" value="16"/>
  <attribute name= "Current Time Running" value="61683" />
  <attribute name="GC Util currently" value="133" />
  <attribute name="CPU Util currently" value="758079056668" />
<exclusive-end id="318" timestamp="2019-08-09T08:30:05.492" durationms="9.579" />

===== DaCapo 9.12-MR1 avrora PASSED in 63044 msec =====
<exclusive-start id="319" timestamp="2019-08-09T08:30:07.135" intervalms="1653.436">
  <response-info timems="0.051" idlems="0.051" threads="0" lastid="0000000001033F00" lastname="main" />
</exclusive-start>
<allocation-taxation id="320" taxation-threshold="8388608" timestamp="2019-08-09T08:30:07.135" intervalms="1653.425" />
<cycle-start id="321" type="partial gc" contextid="0" timestamp="2019-08-09T08:30:07.136" intervalms="3705.801" />
<gc-start id="322" type="partial gc" contextid="321" timestamp="2019-08-09T08:30:07.136">
  <mem-info id="323" free="6291456" total="44040192" percent="14">
    <mem type="eden" free="0" total="16777216" percent="0" />
    <remembered-set count="7392" freebytes="1731072" totalbytes="1760640" percent="98" regionsoverflowed="0" regionsstable="0" regionsrebuilding="0"/>
  </mem-info>
</gc-start>
<allocation-stats totalBytes="16759120" >
  <allocated-bytes non-tlh="60576" tlh="16698544" arrayletleaf="0"/>
  <largest-consumer threadName="main" threadId="0000000001033F00" bytes="1040848" />
</allocation-stats>
<gc-op id="324" type="sweep" timems="2.309" contextid="321" timestamp="2019-08-09T08:30:07.138" />
<gc-op id="325" type="copy forward" timems="6.597" contextid="321" timestamp="2019-08-09T08:30:07.146">
  <memory-copied type="eden" objects="4497" bytes="275096" bytesdiscarded="7889" />
  <memory-copied type="other" objects="10163" bytes="243912" bytesdiscarded="6551" />
  <memory-cardclean objects="2289" bytes="191712" />
  <regions eden="4" other="5" />
  <remembered-set-cleared processed="2561" cleared="739" durationms="0.076" />
  <finalization candidates="1" enqueued="1" />
  <references type="soft" candidates="2" cleared="0" enqueued="0" dynamicThreshold="10" maxThreshold="32" />
  <references type="weak" candidates="16" cleared="0" enqueued="0" />
  <references type="phantom" candidates="15" cleared="0" enqueued="0" />
  <stringconstants candidates="3849" cleared="0"  />
</gc-op>
<gc-op id="326" type="classunload" timems="0.002" contextid="321" timestamp="2019-08-09T08:30:07.146">
  <classunload-info classloadercandidates="6" classloadersunloaded="0" classesunloaded="0" anonymousclassesunloaded="0" quiescems="0.000" setupms="0.001" scanms="0.000" postms="0.000" />
</gc-op>
<heap-resize id="327" type="contract" space="default" amount="4194304" count="1" timems="0.229" reason="excess free space following gc" timestamp="2019-08-09T08:30:07.146" />
<gc-end id="328" type="partial gc" contextid="321" durationms="10.450" usertimems="8.987" systemtimems="15.253" timestamp="2019-08-09T08:30:07.146" activeThreads="16">
  <mem-info id="329" free="25165824" total="39845888" percent="63">
    <mem type="eden" free="1680720" total="2097152" percent="80" />
    <pending-finalizers system="1" default="0" reference="0" classloader="0" />
    <remembered-set count="7040" freebytes="1732480" totalbytes="1760640" percent="98" regionsoverflowed="0" regionsstable="0" regionsrebuilding="0"/>
  </mem-info>
</gc-end>
<cycle-end id="330" type="partial gc" contextid="321" timestamp="2019-08-09T08:30:07.146" />
  <attribute name="elasticGC enabled" value="1" />
  <attribute name= "numThreadsSpecified" value="16" />
  <attribute name="heapSize specified" value="0" />
  <attribute name="Current GC Util" value="128" />
  <attribute name= "Current Time Running" value="63337" />
  <attribute name ="GC Interval" value="0" />
  <attribute name="Target GC Util Change" value ="80.000000" />
  <attribute name="Current GC Util Change" value="128.000000"/>
  <attribute name="Current Error" value="-340.000000" />
  <attribute name="Output H" value="44077840"/>
  <attribute name="Output I" value="1808"/>
  <attribute name="Output T" value="16"/>
  <attribute name= "Current Time Running" value="63337" />
  <attribute name="GC Util currently" value="128" />
  <attribute name="CPU Util currently" value="2258172970416" />
<exclusive-end id="331" timestamp="2019-08-09T08:30:07.146" durationms="11.024" />

<exclusive-start id="332" timestamp="2019-08-09T08:30:07.492" intervalms="356.239">
  <response-info timems="0.041" idlems="0.041" threads="0" lastid="0000000001033F00" lastname="main" />
</exclusive-start>
<allocation-taxation id="333" taxation-threshold="8388608" timestamp="2019-08-09T08:30:07.492" intervalms="356.237" />
<cycle-start id="334" type="global mark phase" contextid="0" timestamp="2019-08-09T08:30:07.492" intervalms="5792.337" />
<gc-start id="335" type="global mark phase" contextid="334" timestamp="2019-08-09T08:30:07.492">
  <mem-info id="336" free="16777216" total="39845888" percent="42">
    <remembered-set count="6656" freebytes="1734016" totalbytes="1760640" percent="98" regionsoverflowed="0" regionsstable="0" regionsrebuilding="0"/>
  </mem-info>
</gc-start>
<gc-op id="337" type="mark increment" timems="2.530" contextid="334" timestamp="2019-08-09T08:30:07.494">
  <trace-info objectcount="111" scancount="0" scanbytes="0" />
</gc-op>
<gc-end id="338" type="global mark phase" contextid="334" durationms="2.577" usertimems="5.176" systemtimems="2.197" timestamp="2019-08-09T08:30:07.494" activeThreads="16">
  <mem-info id="339" free="16777216" total="39845888" percent="42">
    <remembered-set count="6656" freebytes="1734016" totalbytes="1760640" percent="98" regionsoverflowed="0" regionsstable="0" regionsrebuilding="0"/>
  </mem-info>
</gc-end>
<concurrent-start id="340" type="GMP work packet processing" contextid="334" timestamp="2019-08-09T08:30:07.495">
  <concurrent-mark-start scanTarget="5817128" />
</concurrent-start>
<exclusive-end id="341" timestamp="2019-08-09T08:30:07.495" durationms="2.965" />

<concurrent-end id="342" type="GMP work packet processing" contextid="334" timestamp="2019-08-09T08:30:07.497">
  <concurrent-mark-end bytesScanned="466284" reasonForTermination="Completed all work in GC phase" />
</concurrent-end>

WARNING: An illegal reflective access operation has occurred
WARNING: Illegal reflective access by com.google.common.base.internal.Finalizer (file:/./scratch/jar/guava-r07.jar) to field java.lang.Thread.inheritableThreadLocals
WARNING: Please consider reporting this to the maintainers of com.google.common.base.internal.Finalizer
WARNING: Use --illegal-access=warn to enable warnings of further illegal reflective access operations
WARNING: All illegal access operations will be denied in a future release
<exclusive-start id="343" timestamp="2019-08-09T08:30:07.681" intervalms="189.068">
  <response-info timems="0.019" idlems="0.019" threads="0" lastid="0000000001033F00" lastname="main" />
</exclusive-start>
<allocation-taxation id="344" taxation-threshold="8388608" timestamp="2019-08-09T08:30:07.681" intervalms="189.084" />
<cycle-start id="345" type="partial gc" contextid="0" timestamp="2019-08-09T08:30:07.681" intervalms="545.314" />
<gc-start id="346" type="partial gc" contextid="345" timestamp="2019-08-09T08:30:07.681">
  <mem-info id="347" free="8388608" total="39845888" percent="21">
    <mem type="eden" free="0" total="16777216" percent="0" />
    <remembered-set count="6656" freebytes="1734016" totalbytes="1760640" percent="98" regionsoverflowed="0" regionsstable="0" regionsrebuilding="0"/>
  </mem-info>
</gc-start>
<allocation-stats totalBytes="16716520" >
  <allocated-bytes non-tlh="677024" tlh="16039496" arrayletleaf="0"/>
  <largest-consumer threadName="main" threadId="0000000001033F00" bytes="8370544" />
</allocation-stats>
<gc-op id="348" type="copy forward" timems="9.342" contextid="345" timestamp="2019-08-09T08:30:07.691">
  <memory-copied type="eden" objects="17552" bytes="1268032" bytesdiscarded="131608" />
  <memory-copied type="other" objects="9935" bytes="383472" bytesdiscarded="34808" />
  <memory-cardclean objects="7602" bytes="866992" />
  <regions eden="8" other="1" />
  <remembered-set-cleared processed="1380" cleared="242" durationms="0.078" />
  <finalization candidates="50" enqueued="1" />
  <ownableSynchronizers candidates="17" cleared="0" />
  <references type="soft" candidates="51" cleared="0" enqueued="0" dynamicThreshold="13" maxThreshold="32" />
  <references type="weak" candidates="1490" cleared="0" enqueued="0" />
  <references type="phantom" candidates="55" cleared="0" enqueued="0" />
  <stringconstants candidates="5773" cleared="0"  />
</gc-op>
<gc-op id="349" type="classunload" timems="0.004" contextid="345" timestamp="2019-08-09T08:30:07.691">
  <classunload-info classloadercandidates="8" classloadersunloaded="0" classesunloaded="0" anonymousclassesunloaded="0" quiescems="0.000" setupms="0.003" scanms="0.000" postms="0.000" />
</gc-op>
<heap-resize id="350" type="contract" space="default" amount="2097152" count="1" timems="0.103" reason="insufficient time being spent in gc" timestamp="2019-08-09T08:30:07.691" />
<gc-end id="351" type="partial gc" contextid="345" durationms="10.484" usertimems="30.961" systemtimems="0.000" timestamp="2019-08-09T08:30:07.692" activeThreads="16">
  <mem-info id="352" free="20971520" total="37748736" percent="55">
    <mem type="eden" free="695808" total="2097152" percent="33" />
    <pending-finalizers system="1" default="0" reference="0" classloader="0" />
    <remembered-set count="9280" freebytes="1555840" totalbytes="1592960" percent="97" regionsoverflowed="0" regionsstable="0" regionsrebuilding="0"/>
  </mem-info>
</gc-end>
<cycle-end id="353" type="partial gc" contextid="345" timestamp="2019-08-09T08:30:07.692" />
  <attribute name="elasticGC enabled" value="1" />
  <attribute name= "numThreadsSpecified" value="16" />
  <attribute name="heapSize specified" value="0" />
  <attribute name="Current GC Util" value="104" />
  <attribute name= "Current Time Running" value="63880" />
  <attribute name ="GC Interval" value="0" />
  <attribute name="Target GC Util Change" value ="80.000000" />
  <attribute name="Current GC Util Change" value="104.000000"/>
  <attribute name="Current Error" value="-250.000000" />
  <attribute name="Output H" value="39883584"/>
  <attribute name="Output I" value="1856"/>
  <attribute name="Output T" value="16"/>
  <attribute name= "Current Time Running" value="63880" />
  <attribute name="GC Util currently" value="104" />
  <attribute name="CPU Util currently" value="1966895728209" />
<exclusive-end id="354" timestamp="2019-08-09T08:30:07.692" durationms="11.189" />

<exclusive-start id="355" timestamp="2019-08-09T08:30:08.907" intervalms="1226.203">
  <response-info timems="0.031" idlems="0.031" threads="0" lastid="0000000001033F00" lastname="main" />
</exclusive-start>
<allocation-taxation id="356" taxation-threshold="8388608" timestamp="2019-08-09T08:30:08.907" intervalms="1226.189" />
<gc-start id="357" type="global mark phase" contextid="334" timestamp="2019-08-09T08:30:08.907">
  <mem-info id="358" free="12582912" total="37748736" percent="33">
    <remembered-set count="9024" freebytes="1556864" totalbytes="1592960" percent="97" regionsoverflowed="0" regionsstable="0" regionsrebuilding="0"/>
  </mem-info>
</gc-start>
<gc-op id="359" type="mark increment" timems="6.733" contextid="334" timestamp="2019-08-09T08:30:08.914">
  <trace-info objectcount="30348" scancount="24747" scanbytes="841804" />
  <cardclean-info objects="1571" bytes="76324" />
  <finalization candidates="65" enqueued="0" />
  <ownableSynchronizers candidates="18" cleared="0" />
  <references type="soft" candidates="790" cleared="0" enqueued="0" dynamicThreshold="17" maxThreshold="32" />
  <references type="weak" candidates="2653" cleared="555" enqueued="433" />
  <references type="phantom" candidates="114" cleared="21" enqueued="21" />
  <stringconstants candidates="7088" cleared="1396"  />
</gc-op>
<gc-op id="360" type="classunload" timems="4.936" contextid="334" timestamp="2019-08-09T08:30:08.919">
  <classunload-info classloadercandidates="12" classloadersunloaded="1" classesunloaded="508" anonymousclassesunloaded="0" quiescems="0.000" setupms="1.496" scanms="3.425" postms="0.015" />
</gc-op>
<gc-end id="361" type="global mark phase" contextid="334" durationms="11.889" usertimems="22.057" systemtimems="0.000" timestamp="2019-08-09T08:30:08.919" activeThreads="16">
  <mem-info id="362" free="12582912" total="37748736" percent="33">
    <pending-finalizers system="0" default="0" reference="454" classloader="0" />
    <remembered-set count="9024" freebytes="1556864" totalbytes="1592960" percent="97" regionsoverflowed="0" regionsstable="0" regionsrebuilding="0"/>
  </mem-info>
</gc-end>
<cycle-end id="363" type="global mark phase" contextid="334" timestamp="2019-08-09T08:30:08.919" />
  <attribute name="elasticGC enabled" value="1" />
  <attribute name= "numThreadsSpecified" value="16" />
  <attribute name="heapSize specified" value="0" />
  <attribute name="Current GC Util" value="304" />
  <attribute name= "Current Time Running" value="65108" />
  <attribute name ="GC Interval" value="0" />
  <attribute name="Target GC Util Change" value ="80.000000" />
  <attribute name="Current GC Util Change" value="304.000000"/>
  <attribute name="Current Error" value="-224.000000" />
  <attribute name="Output H" value="37786448"/>
  <attribute name="Output I" value="1872"/>
  <attribute name="Output T" value="16"/>
  <attribute name= "Current Time Running" value="65108" />
  <attribute name="GC Util currently" value="304" />
  <attribute name="CPU Util currently" value="718828286580" />
<exclusive-end id="364" timestamp="2019-08-09T08:30:08.920" durationms="12.711" />

<exclusive-start id="365" timestamp="2019-08-09T08:30:09.130" intervalms="223.373">
  <response-info timems="0.018" idlems="0.018" threads="0" lastid="0000000001033F00" lastname="main" />
</exclusive-start>
<allocation-taxation id="366" taxation-threshold="8388608" timestamp="2019-08-09T08:30:09.130" intervalms="223.376" />
<cycle-start id="367" type="partial gc" contextid="0" timestamp="2019-08-09T08:30:09.130" intervalms="1449.605" />
<gc-start id="368" type="partial gc" contextid="367" timestamp="2019-08-09T08:30:09.131">
  <mem-info id="369" free="4194304" total="37748736" percent="11">
    <mem type="eden" free="0" total="16777216" percent="0" />
    <remembered-set count="9024" freebytes="1556864" totalbytes="1592960" percent="97" regionsoverflowed="0" regionsstable="0" regionsrebuilding="0"/>
  </mem-info>
</gc-start>
<allocation-stats totalBytes="16699728" >
  <allocated-bytes non-tlh="1812184" tlh="14887544" arrayletleaf="0"/>
  <largest-consumer threadName="main" threadId="0000000001033F00" bytes="8239952" />
</allocation-stats>
<gc-op id="370" type="sweep" timems="1.915" contextid="367" timestamp="2019-08-09T08:30:09.133" />
<gc-op id="371" type="copy forward" timems="12.565" contextid="367" timestamp="2019-08-09T08:30:09.146">
  <memory-copied type="eden" objects="16254" bytes="1516984" bytesdiscarded="221491" />
  <memory-copied type="other" objects="29397" bytes="1783648" bytesdiscarded="273557" />
  <memory-cardclean objects="913" bytes="43424" />
  <regions eden="4" other="5" />
  <remembered-set-cleared processed="2149" cleared="743" durationms="0.214" />
  <finalization candidates="67" enqueued="0" />
  <ownableSynchronizers candidates="21" cleared="0" />
  <references type="soft" candidates="959" cleared="0" enqueued="0" dynamicThreshold="10" maxThreshold="32" />
  <references type="weak" candidates="3403" cleared="0" enqueued="0" />
  <references type="phantom" candidates="47" cleared="0" enqueued="0" />
  <stringconstants candidates="6994" cleared="0"  />
</gc-op>
<gc-op id="372" type="classunload" timems="0.005" contextid="367" timestamp="2019-08-09T08:30:09.146">
  <classunload-info classloadercandidates="11" classloadersunloaded="0" classesunloaded="0" anonymousclassesunloaded="0" quiescems="0.000" setupms="0.005" scanms="0.000" postms="0.000" />
</gc-op>
<heap-resize id="373" type="contract" space="default" amount="2097152" count="1" timems="0.129" reason="insufficient time being spent in gc" timestamp="2019-08-09T08:30:09.147" />
<gc-end id="374" type="partial gc" contextid="367" durationms="16.087" usertimems="44.115" systemtimems="0.000" timestamp="2019-08-09T08:30:09.147" activeThreads="16">
  <mem-info id="375" free="16777216" total="35651584" percent="47">
    <mem type="eden" free="1815664" total="4194304" percent="43" />
    <remembered-set count="11648" freebytes="1462528" totalbytes="1509120" percent="96" regionsoverflowed="0" regionsstable="0" regionsrebuilding="0"/>
  </mem-info>
</gc-end>
<cycle-end id="376" type="partial gc" contextid="367" timestamp="2019-08-09T08:30:09.147" />
  <attribute name="elasticGC enabled" value="1" />
  <attribute name= "numThreadsSpecified" value="16" />
  <attribute name="heapSize specified" value="0" />
  <attribute name="Current GC Util" value="96" />
  <attribute name= "Current Time Running" value="65332" />
  <attribute name ="GC Interval" value="0" />
  <attribute name="Target GC Util Change" value ="80.000000" />
  <attribute name="Current GC Util Change" value="96.000000"/>
  <attribute name="Current Error" value="-262.000000" />
  <attribute name="Output H" value="37786432"/>
  <attribute name="Output I" value="1856"/>
  <attribute name="Output T" value="16"/>
  <attribute name= "Current Time Running" value="65332" />
  <attribute name="GC Util currently" value="96" />
  <attribute name="CPU Util currently" value="1427715289946" />
<exclusive-end id="377" timestamp="2019-08-09T08:30:09.147" durationms="16.642" />

<exclusive-start id="378" timestamp="2019-08-09T08:30:09.314" intervalms="183.773">
  <response-info timems="0.019" idlems="0.019" threads="0" lastid="0000000001033F00" lastname="main" />
</exclusive-start>
<allocation-taxation id="379" taxation-threshold="8388608" timestamp="2019-08-09T08:30:09.314" intervalms="183.777" />
<cycle-start id="380" type="global mark phase" contextid="0" timestamp="2019-08-09T08:30:09.314" intervalms="1822.392" />
<gc-start id="381" type="global mark phase" contextid="380" timestamp="2019-08-09T08:30:09.314">
  <mem-info id="382" free="8388608" total="35651584" percent="23">
    <remembered-set count="11584" freebytes="1462784" totalbytes="1509120" percent="96" regionsoverflowed="0" regionsstable="0" regionsrebuilding="0"/>
  </mem-info>
</gc-start>
<gc-op id="383" type="mark increment" timems="4.670" contextid="380" timestamp="2019-08-09T08:30:09.319">
  <trace-info objectcount="189" scancount="0" scanbytes="0" />
</gc-op>
<gc-end id="384" type="global mark phase" contextid="380" durationms="4.713" usertimems="10.216" systemtimems="0.000" timestamp="2019-08-09T08:30:09.319" activeThreads="16">
  <mem-info id="385" free="8388608" total="35651584" percent="23">
    <remembered-set count="11584" freebytes="1462784" totalbytes="1509120" percent="96" regionsoverflowed="0" regionsstable="0" regionsrebuilding="0"/>
  </mem-info>
</gc-end>
<concurrent-start id="386" type="GMP work packet processing" contextid="380" timestamp="2019-08-09T08:30:09.319">
  <concurrent-mark-start scanTarget="7926722" />
</concurrent-start>
<exclusive-end id="387" timestamp="2019-08-09T08:30:09.319" durationms="4.995" />

<concurrent-end id="388" type="GMP work packet processing" contextid="380" timestamp="2019-08-09T08:30:09.322">
  <concurrent-mark-end bytesScanned="2072228" reasonForTermination="Completed all work in GC phase" />
</concurrent-end>

<exclusive-start id="389" timestamp="2019-08-09T08:30:09.450" intervalms="135.520">
  <response-info timems="0.050" idlems="0.050" threads="0" lastid="0000000001033F00" lastname="main" />
</exclusive-start>
<allocation-taxation id="390" taxation-threshold="8388608" timestamp="2019-08-09T08:30:09.450" intervalms="135.513" />
<cycle-start id="391" type="partial gc" contextid="0" timestamp="2019-08-09T08:30:09.450" intervalms="319.266" />
<gc-start id="392" type="partial gc" contextid="391" timestamp="2019-08-09T08:30:09.450">
  <mem-info id="393" free="0" total="35651584" percent="0">
    <mem type="eden" free="0" total="16777216" percent="0" />
    <remembered-set count="11584" freebytes="1462784" totalbytes="1509120" percent="96" regionsoverflowed="0" regionsstable="0" regionsrebuilding="0"/>
  </mem-info>
</gc-start>
<allocation-stats totalBytes="16768640" >
  <allocated-bytes non-tlh="328904" tlh="16439736" arrayletleaf="0"/>
  <largest-consumer threadName="main" threadId="0000000001033F00" bytes="8385296" />
</allocation-stats>
<gc-op id="394" type="mark" timems="11.860" contextid="391" timestamp="2019-08-09T08:30:09.465">
  <trace-info objectcount="36609" scancount="30642" scanbytes="1188368" />
  <cardclean-info objects="1043" bytes="73488" />
  <remembered-set-cleared processed="5108" cleared="3170" durationms="0.321" />
  <finalization candidates="18" enqueued="0" />
  <ownableSynchronizers candidates="4" cleared="0" />
  <references type="soft" candidates="983" cleared="0" enqueued="0" dynamicThreshold="7" maxThreshold="32" />
  <references type="weak" candidates="3207" cleared="463" enqueued="315" />
  <references type="phantom" candidates="10" cleared="3" enqueued="3" />
  <stringconstants candidates="7831" cleared="0"  />
  <warning details="Mark invoked due to insufficient free space for Copy-Forward" />
</gc-op>
<gc-op id="395" type="classunload" timems="0.005" contextid="391" timestamp="2019-08-09T08:30:09.465">
  <classunload-info classloadercandidates="12" classloadersunloaded="0" classesunloaded="0" anonymousclassesunloaded="0" quiescems="0.000" setupms="0.005" scanms="0.000" postms="0.000" />
</gc-op>
<gc-op id="396" type="sweep" timems="2.200" contextid="391" timestamp="2019-08-09T08:30:09.467" />
<gc-op id="397" type="compact" timems="8.886" contextid="391" timestamp="2019-08-09T08:30:09.476">
  <compact-info movecount="37586" movebytes="2527920" />
  <remembered-set-cleared processed="16660" cleared="13725" durationms="0.321" />
</gc-op>
<gc-end id="398" type="partial gc" contextid="391" durationms="26.607" usertimems="72.604" systemtimems="0.000" timestamp="2019-08-09T08:30:09.477" activeThreads="16">
  <mem-info id="399" free="18874368" total="35651584" percent="52">
    <mem type="eden" free="1236936" total="2097152" percent="58" />
    <pending-finalizers system="0" default="0" reference="318" classloader="0" />
    <remembered-set count="10976" freebytes="1381376" totalbytes="1425280" percent="96" regionsoverflowed="0" regionsstable="0" regionsrebuilding="0"/>
  </mem-info>
</gc-end>
<cycle-end id="400" type="partial gc" contextid="391" timestamp="2019-08-09T08:30:09.477" />
  <attribute name="elasticGC enabled" value="1" />
  <attribute name= "numThreadsSpecified" value="16" />
  <attribute name="heapSize specified" value="0" />
  <attribute name="Current GC Util" value="151" />
  <attribute name= "Current Time Running" value="65665" />
  <attribute name ="GC Interval" value="0" />
  <attribute name="Target GC Util Change" value ="80.000000" />
  <attribute name="Current GC Util Change" value="151.000000"/>
  <attribute name="Current Error" value="-543.000000" />
  <attribute name="Output H" value="35689112"/>
  <attribute name="Output I" value="1688"/>
  <attribute name="Output T" value="16"/>
  <attribute name= "Current Time Running" value="65665" />
  <attribute name="GC Util currently" value="151" />
  <attribute name="CPU Util currently" value="490934759906" />
<exclusive-end id="401" timestamp="2019-08-09T08:30:09.477" durationms="27.155" />

<exclusive-start id="402" timestamp="2019-08-09T08:30:09.586" intervalms="136.271">
  <response-info timems="0.022" idlems="0.022" threads="0" lastid="0000000001033F00" lastname="main" />
</exclusive-start>
<allocation-taxation id="403" taxation-threshold="8388608" timestamp="2019-08-09T08:30:09.586" intervalms="136.277" />
<gc-start id="404" type="global mark phase" contextid="380" timestamp="2019-08-09T08:30:09.586">
  <mem-info id="405" free="10485760" total="35651584" percent="29">
    <remembered-set count="10560" freebytes="1383040" totalbytes="1425280" percent="97" regionsoverflowed="0" regionsstable="0" regionsrebuilding="0"/>
  </mem-info>
</gc-start>
<gc-op id="406" type="mark increment" timems="14.414" contextid="380" timestamp="2019-08-09T08:30:09.600">
  <trace-info objectcount="49631" scancount="41749" scanbytes="1608424" />
  <cardclean-info objects="2989" bytes="141548" />
  <finalization candidates="80" enqueued="0" />
  <ownableSynchronizers candidates="21" cleared="0" />
  <references type="soft" candidates="1096" cleared="0" enqueued="0" dynamicThreshold="16" maxThreshold="32" />
  <references type="weak" candidates="3866" cleared="0" enqueued="0" />
  <references type="phantom" candidates="95" cleared="0" enqueued="0" />
  <stringconstants candidates="7880" cleared="0"  />
</gc-op>
<gc-op id="407" type="classunload" timems="0.005" contextid="380" timestamp="2019-08-09T08:30:09.600">
  <classunload-info classloadercandidates="12" classloadersunloaded="0" classesunloaded="0" anonymousclassesunloaded="0" quiescems="0.000" setupms="0.005" scanms="0.000" postms="0.000" />
</gc-op>
<gc-end id="408" type="global mark phase" contextid="380" durationms="14.525" usertimems="40.241" systemtimems="0.000" timestamp="2019-08-09T08:30:09.601" activeThreads="16">
  <mem-info id="409" free="10485760" total="35651584" percent="29">
    <remembered-set count="10560" freebytes="1383040" totalbytes="1425280" percent="97" regionsoverflowed="0" regionsstable="0" regionsrebuilding="0"/>
  </mem-info>
</gc-end>
<cycle-end id="410" type="global mark phase" contextid="380" timestamp="2019-08-09T08:30:09.601" />
  <attribute name="elasticGC enabled" value="1" />
  <attribute name= "numThreadsSpecified" value="16" />
  <attribute name="heapSize specified" value="0" />
  <attribute name="Current GC Util" value="286" />
  <attribute name= "Current Time Running" value="65788" />
  <attribute name ="GC Interval" value="0" />
  <attribute name="Target GC Util Change" value ="80.000000" />
  <attribute name="Current GC Util Change" value="286.000000"/>
  <attribute name="Current Error" value="-349.000000" />
  <attribute name="Output H" value="35689224"/>
  <attribute name="Output I" value="1800"/>
  <attribute name="Output T" value="16"/>
  <attribute name= "Current Time Running" value="65788" />
  <attribute name="GC Util currently" value="286" />
  <attribute name="CPU Util currently" value="505241193306" />
<exclusive-end id="411" timestamp="2019-08-09T08:30:09.601" durationms="14.794" />

<exclusive-start id="412" timestamp="2019-08-09T08:30:09.719" intervalms="133.570">
  <response-info timems="0.036" idlems="0.036" threads="0" lastid="0000000001033F00" lastname="main" />
</exclusive-start>
<allocation-taxation id="413" taxation-threshold="8388608" timestamp="2019-08-09T08:30:09.720" intervalms="133.563" />
<cycle-start id="414" type="partial gc" contextid="0" timestamp="2019-08-09T08:30:09.720" intervalms="269.832" />
<gc-start id="415" type="partial gc" contextid="414" timestamp="2019-08-09T08:30:09.720">
  <mem-info id="416" free="2097152" total="35651584" percent="5">
    <mem type="eden" free="0" total="16777216" percent="0" />
    <remembered-set count="10560" freebytes="1383040" totalbytes="1425280" percent="97" regionsoverflowed="0" regionsstable="0" regionsrebuilding="0"/>
  </mem-info>
</gc-start>
<allocation-stats totalBytes="16772880" >
  <allocated-bytes non-tlh="331480" tlh="16441400" arrayletleaf="0"/>
  <largest-consumer threadName="main" threadId="0000000001033F00" bytes="8386104" />
</allocation-stats>
<gc-op id="417" type="sweep" timems="3.704" contextid="414" timestamp="2019-08-09T08:30:09.724" />
<gc-op id="418" type="copy forward" timems="9.406" contextid="414" timestamp="2019-08-09T08:30:09.735">
  <memory-copied type="eden" objects="0" bytes="0" bytesdiscarded="0" />
  <memory-copied type="other" objects="6196" bytes="273432" bytesdiscarded="46144" />
  <memory-cardclean objects="1086" bytes="73928" />
  <memory-traced type="eden" objects="11971" bytes="455888" />
  <memory-traced type="other" objects="0" bytes="0" />
  <regions eden="4" other="5" evacuated="5" marked="4" />
  <remembered-set-cleared processed="5531" cleared="1711" durationms="0.195" />
  <references type="soft" candidates="297" cleared="0" enqueued="0" dynamicThreshold="9" maxThreshold="32" />
  <references type="weak" candidates="1272" cleared="0" enqueued="0" />
  <references type="phantom" candidates="1" cleared="0" enqueued="0" />
  <stringconstants candidates="8320" cleared="0"  />
  <heap-resize type="expand" space="default" amount="2097152" count="1" timems="0.140" reason="continue current collection" />
</gc-op>
<gc-op id="419" type="classunload" timems="0.006" contextid="414" timestamp="2019-08-09T08:30:09.735">
  <classunload-info classloadercandidates="14" classloadersunloaded="0" classesunloaded="0" anonymousclassesunloaded="0" quiescems="0.000" setupms="0.005" scanms="0.000" postms="0.000" />
</gc-op>
<gc-op id="420" type="sweep" timems="2.023" contextid="414" timestamp="2019-08-09T08:30:09.737" />
<gc-op id="421" type="compact" timems="5.435" contextid="414" timestamp="2019-08-09T08:30:09.743">
  <compact-info movecount="14953" movebytes="913760" />
  <remembered-set-cleared processed="15348" cleared="6288" durationms="0.195" />
</gc-op>
<gc-end id="422" type="partial gc" contextid="414" durationms="23.047" usertimems="56.010" systemtimems="0.000" timestamp="2019-08-09T08:30:09.743" activeThreads="16">
  <mem-info id="423" free="16777216" total="37748736" percent="44">
    <mem type="eden" free="3243176" total="4194304" percent="77" />
    <remembered-set count="11968" freebytes="1461248" totalbytes="1509120" percent="96" regionsoverflowed="0" regionsstable="0" regionsrebuilding="0"/>
  </mem-info>
</gc-end>
<cycle-end id="424" type="partial gc" contextid="414" timestamp="2019-08-09T08:30:09.743" />
  <attribute name="elasticGC enabled" value="1" />
  <attribute name= "numThreadsSpecified" value="16" />
  <attribute name="heapSize specified" value="0" />
  <attribute name="Current GC Util" value="181" />
  <attribute name= "Current Time Running" value="65935" />
  <attribute name ="GC Interval" value="0" />
  <attribute name="Target GC Util Change" value ="80.000000" />
  <attribute name="Current GC Util Change" value="181.000000"/>
  <attribute name="Current Error" value="-101.000000" />
  <attribute name="Output H" value="37786520"/>
  <attribute name="Output I" value="1944"/>
  <attribute name="Output T" value="16"/>
  <attribute name= "Current Time Running" value="65935" />
  <attribute name="GC Util currently" value="181" />
  <attribute name="CPU Util currently" value="538529932313" />
<exclusive-end id="425" timestamp="2019-08-09T08:30:09.743" durationms="23.528" />

<exclusive-start id="426" timestamp="2019-08-09T08:30:09.829" intervalms="109.451">
  <response-info timems="0.042" idlems="0.042" threads="0" lastid="0000000001033F00" lastname="main" />
</exclusive-start>
<sys-start reason="explicit" id="427" timestamp="2019-08-09T08:30:09.829" intervalms="65864.712" />
<cycle-start id="428" type="global garbage collect" contextid="0" timestamp="2019-08-09T08:30:09.829" intervalms="65864.747" />
<gc-start id="429" type="global garbage collect" contextid="428" timestamp="2019-08-09T08:30:09.829">
  <mem-info id="430" free="8692208" total="37748736" percent="23">
    <mem type="eden" free="303600" total="8388608" percent="3" />
    <remembered-set count="11968" freebytes="1461248" totalbytes="1509120" percent="96" regionsoverflowed="0" regionsstable="0" regionsrebuilding="0"/>
  </mem-info>
</gc-start>
<allocation-stats totalBytes="8083256" >
  <allocated-bytes non-tlh="433728" tlh="7649528" arrayletleaf="0"/>
  <largest-consumer threadName="main" threadId="0000000001033F00" bytes="8083256" />
</allocation-stats>
<gc-op id="431" type="global mark" timems="9.627" contextid="428" timestamp="2019-08-09T08:30:09.839">
  <trace-info objectcount="75683" scancount="61360" scanbytes="2118432" />
  <finalization candidates="80" enqueued="0" />
  <ownableSynchronizers candidates="21" cleared="0" />
  <references type="soft" candidates="1641" cleared="0" enqueued="0" dynamicThreshold="14" maxThreshold="32" />
  <references type="weak" candidates="4538" cleared="30" enqueued="27" />
  <references type="phantom" candidates="94" cleared="0" enqueued="0" />
  <stringconstants candidates="8698" cleared="15"  />
</gc-op>
<gc-op id="432" type="classunload" timems="0.396" contextid="428" timestamp="2019-08-09T08:30:09.839">
  <classunload-info classloadercandidates="17" classloadersunloaded="1" classesunloaded="1" anonymousclassesunloaded="0" quiescems="0.000" setupms="0.381" scanms="0.009" postms="0.006" />
</gc-op>
<gc-op id="433" type="sweep" timems="2.145" contextid="428" timestamp="2019-08-09T08:30:09.842" />
<gc-op id="434" type="compact" timems="14.315" contextid="428" timestamp="2019-08-09T08:30:09.856">
  <compact-info movecount="75317" movebytes="4315320" />
  <remembered-set-cleared processed="19686" cleared="19686" durationms="0.119" />
</gc-op>
<gc-end id="435" type="global garbage collect" contextid="428" durationms="27.125" usertimems="82.230" systemtimems="0.000" timestamp="2019-08-09T08:30:09.856" activeThreads="16">
  <mem-info id="436" free="16777216" total="37748736" percent="44">
    <pending-finalizers system="0" default="0" reference="27" classloader="0" />
    <remembered-set count="11776" freebytes="1462016" totalbytes="1509120" percent="96" regionsoverflowed="0" regionsstable="0" regionsrebuilding="0"/>
  </mem-info>
</gc-end>
<cycle-end id="437" type="global garbage collect" contextid="428" timestamp="2019-08-09T08:30:09.856" />
  <attribute name="elasticGC enabled" value="1" />
  <attribute name= "numThreadsSpecified" value="16" />
  <attribute name="heapSize specified" value="0" />
  <attribute name="Current GC Util" value="194" />
  <attribute name= "Current Time Running" value="66040" />
  <attribute name ="GC Interval" value="0" />
  <attribute name="Target GC Util Change" value ="80.000000" />
  <attribute name="Current GC Util Change" value="194.000000"/>
  <attribute name="Current Error" value="-349.000000" />
  <attribute name="Output H" value="37786376"/>
  <attribute name="Output I" value="1800"/>
  <attribute name="Output T" value="16"/>
  <attribute name= "Current Time Running" value="66040" />
  <attribute name="GC Util currently" value="194" />
  <attribute name="CPU Util currently" value="497864606502" />
<sys-end id="438" timestamp="2019-08-09T08:30:09.857" />
<exclusive-end id="439" timestamp="2019-08-09T08:30:09.857" durationms="27.654" />

===== DaCapo 9.12-MR1 jython starting =====
<exclusive-start id="440" timestamp="2019-08-09T08:30:10.116" intervalms="287.047">
  <response-info timems="0.017" idlems="0.017" threads="0" lastid="0000000001033F00" lastname="main" />
</exclusive-start>
<allocation-taxation id="441" taxation-threshold="16777216" timestamp="2019-08-09T08:30:10.116" intervalms="396.500" />
<cycle-start id="442" type="partial gc" contextid="0" timestamp="2019-08-09T08:30:10.116" intervalms="396.504" />
<gc-start id="443" type="partial gc" contextid="442" timestamp="2019-08-09T08:30:10.116">
  <mem-info id="444" free="0" total="37748736" percent="0">
    <mem type="eden" free="0" total="16777216" percent="0" />
    <remembered-set count="11776" freebytes="1462016" totalbytes="1509120" percent="96" regionsoverflowed="0" regionsstable="0" regionsrebuilding="0"/>
  </mem-info>
</gc-start>
<allocation-stats totalBytes="16771880" >
  <allocated-bytes non-tlh="669080" tlh="16102800" arrayletleaf="0"/>
  <largest-consumer threadName="main" threadId="0000000001033F00" bytes="16763632" />
</allocation-stats>
<gc-op id="445" type="mark" timems="6.992" contextid="442" timestamp="2019-08-09T08:30:10.124">
  <trace-info objectcount="12373" scancount="8353" scanbytes="222744" />
  <cardclean-info objects="942" bytes="46924" />
  <remembered-set-cleared processed="6875" cleared="250" durationms="0.077" />
  <references type="soft" candidates="59" cleared="0" enqueued="0" dynamicThreshold="14" maxThreshold="32" />
  <references type="weak" candidates="127" cleared="22" enqueued="19" />
  <references type="phantom" candidates="5" cleared="1" enqueued="1" />
  <stringconstants candidates="10904" cleared="12"  />
  <warning details="Mark invoked due to insufficient free space for Copy-Forward" />
</gc-op>
<gc-op id="446" type="classunload" timems="0.006" contextid="442" timestamp="2019-08-09T08:30:10.124">
  <classunload-info classloadercandidates="17" classloadersunloaded="0" classesunloaded="0" anonymousclassesunloaded="0" quiescems="0.000" setupms="0.006" scanms="0.000" postms="0.000" />
</gc-op>
<gc-op id="447" type="sweep" timems="1.920" contextid="442" timestamp="2019-08-09T08:30:10.126" />
<gc-op id="448" type="compact" timems="5.734" contextid="442" timestamp="2019-08-09T08:30:10.132">
  <compact-info movecount="12373" movebytes="779392" />
  <remembered-set-cleared processed="15521" cleared="2228" durationms="0.093" />
</gc-op>
<heap-resize id="449" type="expand" space="default" amount="2097152" count="1" timems="0.052" reason="insufficient free space following gc" timestamp="2019-08-09T08:30:10.132" />
<gc-end id="450" type="partial gc" contextid="442" durationms="15.998" usertimems="40.176" systemtimems="0.000" timestamp="2019-08-09T08:30:10.132" activeThreads="16">
  <mem-info id="451" free="16777216" total="39845888" percent="42">
    <mem type="eden" free="1317760" total="2097152" percent="62" />
    <pending-finalizers system="0" default="0" reference="20" classloader="0" />
    <remembered-set count="13760" freebytes="1537920" totalbytes="1592960" percent="96" regionsoverflowed="0" regionsstable="0" regionsrebuilding="0"/>
  </mem-info>
</gc-end>
<cycle-end id="452" type="partial gc" contextid="442" timestamp="2019-08-09T08:30:10.132" />
  <attribute name="elasticGC enabled" value="1" />
  <attribute name= "numThreadsSpecified" value="16" />
  <attribute name="heapSize specified" value="0" />
  <attribute name="Current GC Util" value="163" />
  <attribute name= "Current Time Running" value="66324" />
  <attribute name ="GC Interval" value="0" />
  <attribute name="Target GC Util Change" value ="80.000000" />
  <attribute name="Current GC Util Change" value="163.000000"/>
  <attribute name="Current Error" value="-260.000000" />
  <attribute name="Output H" value="37786432"/>
  <attribute name="Output I" value="1856"/>
  <attribute name="Output T" value="16"/>
  <attribute name= "Current Time Running" value="66324" />
  <attribute name="GC Util currently" value="163" />
  <attribute name="CPU Util currently" value="558937228642" />
<exclusive-end id="453" timestamp="2019-08-09T08:30:10.132" durationms="16.501" />

<exclusive-start id="454" timestamp="2019-08-09T08:30:10.231" intervalms="115.363">
  <response-info timems="0.034" idlems="0.034" threads="0" lastid="0000000001033F00" lastname="main" />
</exclusive-start>
<allocation-taxation id="455" taxation-threshold="16777216" timestamp="2019-08-09T08:30:10.232" intervalms="115.882" />
<cycle-start id="456" type="partial gc" contextid="0" timestamp="2019-08-09T08:30:10.232" intervalms="115.986" />
<gc-start id="457" type="partial gc" contextid="456" timestamp="2019-08-09T08:30:10.232">
  <mem-info id="458" free="0" total="39845888" percent="0">
    <mem type="eden" free="0" total="16777216" percent="0" />
    <remembered-set count="13760" freebytes="1537920" totalbytes="1592960" percent="96" regionsoverflowed="0" regionsstable="0" regionsrebuilding="0"/>
  </mem-info>
</gc-start>
<allocation-stats totalBytes="16774424" >
  <allocated-bytes non-tlh="703496" tlh="16070928" arrayletleaf="0"/>
  <largest-consumer threadName="main" threadId="0000000001033F00" bytes="16770328" />
</allocation-stats>
<gc-op id="459" type="mark" timems="6.644" contextid="456" timestamp="2019-08-09T08:30:10.240">
  <trace-info objectcount="22087" scancount="17252" scanbytes="641220" />
  <cardclean-info objects="624" bytes="48860" />
  <remembered-set-cleared processed="7406" cleared="791" durationms="0.210" />
  <references type="soft" candidates="92" cleared="0" enqueued="0" dynamicThreshold="13" maxThreshold="32" />
  <references type="weak" candidates="134" cleared="2" enqueued="2" />
  <references type="phantom" candidates="4" cleared="0" enqueued="0" />
  <stringconstants candidates="11076" cleared="0"  />
  <warning details="Mark invoked due to insufficient free space for Copy-Forward" />
</gc-op>
<gc-op id="460" type="classunload" timems="0.008" contextid="456" timestamp="2019-08-09T08:30:10.240">
  <classunload-info classloadercandidates="19" classloadersunloaded="0" classesunloaded="0" anonymousclassesunloaded="0" quiescems="0.000" setupms="0.008" scanms="0.000" postms="0.000" />
</gc-op>
<gc-op id="461" type="sweep" timems="1.551" contextid="456" timestamp="2019-08-09T08:30:10.242" />
<gc-op id="462" type="compact" timems="4.791" contextid="456" timestamp="2019-08-09T08:30:10.247">
  <compact-info movecount="21918" movebytes="1516256" />
  <remembered-set-cleared processed="17567" cleared="4311" durationms="0.231" />
</gc-op>
<gc-end id="463" type="partial gc" contextid="456" durationms="14.710" usertimems="37.982" systemtimems="0.000" timestamp="2019-08-09T08:30:10.247" activeThreads="16">
  <mem-info id="464" free="14680064" total="39845888" percent="36">
    <mem type="eden" free="1306696" total="2097152" percent="62" />
    <pending-finalizers system="0" default="0" reference="2" classloader="0" />
    <remembered-set count="15776" freebytes="1529856" totalbytes="1592960" percent="96" regionsoverflowed="0" regionsstable="0" regionsrebuilding="0"/>
  </mem-info>
</gc-end>
<cycle-end id="465" type="partial gc" contextid="456" timestamp="2019-08-09T08:30:10.247" />
  <attribute name="elasticGC enabled" value="1" />
  <attribute name= "numThreadsSpecified" value="16" />
  <attribute name="heapSize specified" value="0" />
  <attribute name="Current GC Util" value="153" />
  <attribute name= "Current Time Running" value="66440" />
  <attribute name ="GC Interval" value="0" />
  <attribute name="Target GC Util Change" value ="80.000000" />
  <attribute name="Current GC Util Change" value="153.000000"/>
  <attribute name="Current Error" value="-538.000000" />
  <attribute name="Output H" value="39883424"/>
  <attribute name="Output I" value="1696"/>
  <attribute name="Output T" value="16"/>
  <attribute name= "Current Time Running" value="66440" />
  <attribute name="GC Util currently" value="153" />
  <attribute name="CPU Util currently" value="685107493229" />
<exclusive-end id="466" timestamp="2019-08-09T08:30:10.247" durationms="15.817" />

<exclusive-start id="467" timestamp="2019-08-09T08:30:10.297" intervalms="65.597">
  <response-info timems="0.046" idlems="0.046" threads="0" lastid="0000000001033F00" lastname="main" />
</exclusive-start>
<allocation-taxation id="468" taxation-threshold="14680064" timestamp="2019-08-09T08:30:10.297" intervalms="65.108" />
<cycle-start id="469" type="partial gc" contextid="0" timestamp="2019-08-09T08:30:10.297" intervalms="65.144" />
<gc-start id="470" type="partial gc" contextid="469" timestamp="2019-08-09T08:30:10.297">
  <mem-info id="471" free="0" total="39845888" percent="0">
    <mem type="eden" free="0" total="14680064" percent="0" />
    <remembered-set count="15776" freebytes="1529856" totalbytes="1592960" percent="96" regionsoverflowed="0" regionsstable="0" regionsrebuilding="0"/>
  </mem-info>
</gc-start>
<allocation-stats totalBytes="14678632" >
  <allocated-bytes non-tlh="203768" tlh="14474864" arrayletleaf="0"/>
  <largest-consumer threadName="main" threadId="0000000001033F00" bytes="14674536" />
</allocation-stats>
<gc-op id="472" type="mark" timems="6.374" contextid="469" timestamp="2019-08-09T08:30:10.304">
  <trace-info objectcount="3913" scancount="3547" scanbytes="153256" />
  <cardclean-info objects="351" bytes="30260" />
  <remembered-set-cleared processed="8133" cleared="855" durationms="0.188" />
  <references type="soft" candidates="43" cleared="0" enqueued="0" dynamicThreshold="11" maxThreshold="32" />
  <references type="weak" candidates="28" cleared="0" enqueued="0" />
  <references type="phantom" candidates="1" cleared="0" enqueued="0" />
  <stringconstants candidates="11140" cleared="0"  />
  <warning details="Mark invoked due to insufficient free space for Copy-Forward" />
</gc-op>
<gc-op id="473" type="classunload" timems="0.006" contextid="469" timestamp="2019-08-09T08:30:10.305">
  <classunload-info classloadercandidates="20" classloadersunloaded="0" classesunloaded="0" anonymousclassesunloaded="0" quiescems="0.000" setupms="0.006" scanms="0.000" postms="0.000" />
</gc-op>
<gc-op id="474" type="sweep" timems="1.960" contextid="469" timestamp="2019-08-09T08:30:10.307" />
<gc-op id="475" type="compact" timems="4.505" contextid="469" timestamp="2019-08-09T08:30:10.311">
  <compact-info movecount="3588" movebytes="425336" />
  <remembered-set-cleared processed="16566" cleared="1986" durationms="0.188" />
</gc-op>
<heap-resize id="476" type="expand" space="default" amount="4194304" count="1" timems="0.055" reason="insufficient free space following gc" timestamp="2019-08-09T08:30:10.311" />
<gc-end id="477" type="partial gc" contextid="469" durationms="14.034" usertimems="36.590" systemtimems="0.000" timestamp="2019-08-09T08:30:10.311" activeThreads="16">
  <mem-info id="478" free="16777216" total="44040192" percent="38">
    <mem type="eden" free="1739152" total="2097152" percent="82" />
    <remembered-set count="14240" freebytes="1703680" totalbytes="1760640" percent="96" regionsoverflowed="0" regionsstable="0" regionsrebuilding="0"/>
  </mem-info>
</gc-end>
<cycle-end id="479" type="partial gc" contextid="469" timestamp="2019-08-09T08:30:10.312" />
  <attribute name="elasticGC enabled" value="1" />
  <attribute name= "numThreadsSpecified" value="16" />
  <attribute name="heapSize specified" value="0" />
  <attribute name="Current GC Util" value="223" />
  <attribute name= "Current Time Running" value="66504" />
  <attribute name ="GC Interval" value="0" />
  <attribute name="Target GC Util Change" value ="80.000000" />
  <attribute name="Current GC Util Change" value="223.000000"/>
  <attribute name="Current Error" value="-322.000000" />
  <attribute name="Output H" value="39883544"/>
  <attribute name="Output I" value="1816"/>
  <attribute name="Output T" value="16"/>
  <attribute name= "Current Time Running" value="66504" />
  <attribute name="GC Util currently" value="223" />
  <attribute name="CPU Util currently" value="546202754914" />
<exclusive-end id="480" timestamp="2019-08-09T08:30:10.312" durationms="14.818" />

<exclusive-start id="481" timestamp="2019-08-09T08:30:10.366" intervalms="69.030">
  <response-info timems="0.020" idlems="0.020" threads="0" lastid="0000000001033F00" lastname="main" />
</exclusive-start>
<allocation-taxation id="482" taxation-threshold="8388608" timestamp="2019-08-09T08:30:10.366" intervalms="69.006" />
<cycle-start id="483" type="global mark phase" contextid="0" timestamp="2019-08-09T08:30:10.366" intervalms="1051.840" />
<gc-start id="484" type="global mark phase" contextid="483" timestamp="2019-08-09T08:30:10.366">
  <mem-info id="485" free="8388608" total="44040192" percent="19">
    <remembered-set count="14240" freebytes="1703680" totalbytes="1760640" percent="96" regionsoverflowed="0" regionsstable="0" regionsrebuilding="0"/>
  </mem-info>
</gc-start>
<gc-op id="486" type="mark increment" timems="2.529" contextid="483" timestamp="2019-08-09T08:30:10.369">
  <trace-info objectcount="308" scancount="0" scanbytes="0" />
</gc-op>
<gc-end id="487" type="global mark phase" contextid="483" durationms="2.565" usertimems="6.091" systemtimems="0.000" timestamp="2019-08-09T08:30:10.369" activeThreads="16">
  <mem-info id="488" free="8388608" total="44040192" percent="19">
    <remembered-set count="14240" freebytes="1703680" totalbytes="1760640" percent="96" regionsoverflowed="0" regionsstable="0" regionsrebuilding="0"/>
  </mem-info>
</gc-end>
<concurrent-start id="489" type="GMP work packet processing" contextid="483" timestamp="2019-08-09T08:30:10.369">
  <concurrent-mark-start scanTarget="18446744073709551615" />
</concurrent-start>
<exclusive-end id="490" timestamp="2019-08-09T08:30:10.369" durationms="2.789" />

<concurrent-end id="491" type="GMP work packet processing" contextid="483" timestamp="2019-08-09T08:30:10.373">
  <concurrent-mark-end bytesScanned="2939904" reasonForTermination="Completed all work in GC phase" />
</concurrent-end>

<exclusive-start id="492" timestamp="2019-08-09T08:30:10.391" intervalms="25.315">
  <response-info timems="0.019" idlems="0.019" threads="0" lastid="0000000001033F00" lastname="main" />
</exclusive-start>
<allocation-taxation id="493" taxation-threshold="8388608" timestamp="2019-08-09T08:30:10.391" intervalms="25.309" />
<cycle-start id="494" type="partial gc" contextid="0" timestamp="2019-08-09T08:30:10.391" intervalms="94.171" />
<gc-start id="495" type="partial gc" contextid="494" timestamp="2019-08-09T08:30:10.392">
  <mem-info id="496" free="0" total="44040192" percent="0">
    <mem type="eden" free="0" total="16777216" percent="0" />
    <remembered-set count="14240" freebytes="1703680" totalbytes="1760640" percent="96" regionsoverflowed="0" regionsstable="0" regionsrebuilding="0"/>
  </mem-info>
</gc-start>
<allocation-stats totalBytes="16774712" >
  <allocated-bytes non-tlh="213304" tlh="16561408" arrayletleaf="0"/>
  <largest-consumer threadName="main" threadId="0000000001033F00" bytes="8387792" />
</allocation-stats>
<gc-op id="497" type="mark" timems="10.701" contextid="494" timestamp="2019-08-09T08:30:10.403">
  <trace-info objectcount="25087" scancount="22643" scanbytes="981980" />
  <cardclean-info objects="356" bytes="28888" />
  <remembered-set-cleared processed="8012" cleared="385" durationms="0.432" />
  <references type="soft" candidates="11" cleared="0" enqueued="0" dynamicThreshold="6" maxThreshold="32" />
  <references type="weak" candidates="215" cleared="0" enqueued="0" />
  <references type="phantom" candidates="1" cleared="0" enqueued="0" />
  <stringconstants candidates="11326" cleared="0"  />
  <warning details="Mark invoked due to insufficient free space for Copy-Forward" />
</gc-op>
<gc-op id="498" type="classunload" timems="0.007" contextid="494" timestamp="2019-08-09T08:30:10.403">
  <classunload-info classloadercandidates="21" classloadersunloaded="0" classesunloaded="0" anonymousclassesunloaded="0" quiescems="0.000" setupms="0.007" scanms="0.000" postms="0.000" />
</gc-op>
<gc-op id="499" type="sweep" timems="2.195" contextid="494" timestamp="2019-08-09T08:30:10.405" />
<gc-op id="500" type="compact" timems="7.135" contextid="494" timestamp="2019-08-09T08:30:10.413">
  <compact-info movecount="24896" movebytes="1359824" />
  <remembered-set-cleared processed="20339" cleared="5065" durationms="0.432" />
</gc-op>
<heap-resize id="501" type="expand" space="default" amount="4194304" count="1" timems="0.108" reason="insufficient free space following gc" timestamp="2019-08-09T08:30:10.413" />
<gc-end id="502" type="partial gc" contextid="494" durationms="21.378" usertimems="54.909" systemtimems="0.000" timestamp="2019-08-09T08:30:10.413" activeThreads="16">
  <mem-info id="503" free="18874368" total="48234496" percent="39">
    <mem type="eden" free="743320" total="2097152" percent="35" />
    <remembered-set count="16320" freebytes="1863040" totalbytes="1928320" percent="96" regionsoverflowed="0" regionsstable="0" regionsrebuilding="0"/>
  </mem-info>
</gc-end>
<cycle-end id="504" type="partial gc" contextid="494" timestamp="2019-08-09T08:30:10.413" />
  <attribute name="elasticGC enabled" value="1" />
  <attribute name= "numThreadsSpecified" value="16" />
  <attribute name="heapSize specified" value="0" />
  <attribute name="Current GC Util" value="136" />
  <attribute name= "Current Time Running" value="66603" />
  <attribute name ="GC Interval" value="0" />
  <attribute name="Target GC Util Change" value ="80.000000" />
  <attribute name="Current GC Util Change" value="136.000000"/>
  <attribute name="Current Error" value="-481.000000" />
  <attribute name="Output H" value="44077760"/>
  <attribute name="Output I" value="1728"/>
  <attribute name="Output T" value="16"/>
  <attribute name= "Current Time Running" value="66603" />
  <attribute name="GC Util currently" value="136" />
  <attribute name="CPU Util currently" value="496511263791" />
<exclusive-end id="505" timestamp="2019-08-09T08:30:10.413" durationms="21.839" />

<exclusive-start id="506" timestamp="2019-08-09T08:30:10.443" intervalms="51.285">
  <response-info timems="0.019" idlems="0.019" threads="0" lastid="0000000001033F00" lastname="main" />
</exclusive-start>
<allocation-taxation id="507" taxation-threshold="8388608" timestamp="2019-08-09T08:30:10.443" intervalms="51.285" />
<gc-start id="508" type="global mark phase" contextid="483" timestamp="2019-08-09T08:30:10.443">
  <mem-info id="509" free="10485760" total="48234496" percent="21">
    <remembered-set count="16320" freebytes="1863040" totalbytes="1928320" percent="96" regionsoverflowed="0" regionsstable="0" regionsrebuilding="0"/>
  </mem-info>
</gc-start>
<gc-op id="510" type="mark increment" timems="10.812" contextid="483" timestamp="2019-08-09T08:30:10.454">
  <trace-info objectcount="32701" scancount="28116" scanbytes="1109220" />
  <cardclean-info objects="287" bytes="25800" />
  <finalization candidates="80" enqueued="0" />
  <ownableSynchronizers candidates="21" cleared="0" />
  <references type="soft" candidates="1744" cleared="11" enqueued="11" dynamicThreshold="12" maxThreshold="32" />
  <references type="weak" candidates="4828" cleared="0" enqueued="0" />
  <references type="phantom" candidates="97" cleared="1" enqueued="1" />
  <stringconstants candidates="11326" cleared="0"  />
</gc-op>
<gc-op id="511" type="classunload" timems="0.008" contextid="483" timestamp="2019-08-09T08:30:10.454">
  <classunload-info classloadercandidates="21" classloadersunloaded="0" classesunloaded="0" anonymousclassesunloaded="0" quiescems="0.000" setupms="0.007" scanms="0.000" postms="0.000" />
</gc-op>
<gc-end id="512" type="global mark phase" contextid="483" durationms="10.929" usertimems="31.325" systemtimems="0.000" timestamp="2019-08-09T08:30:10.454" activeThreads="16">
  <mem-info id="513" free="10485760" total="48234496" percent="21">
    <pending-finalizers system="0" default="0" reference="12" classloader="0" />
    <remembered-set count="16320" freebytes="1863040" totalbytes="1928320" percent="96" regionsoverflowed="0" regionsstable="0" regionsrebuilding="0"/>
  </mem-info>
</gc-end>
<cycle-end id="514" type="global mark phase" contextid="483" timestamp="2019-08-09T08:30:10.454" />
  <attribute name="elasticGC enabled" value="1" />
  <attribute name= "numThreadsSpecified" value="16" />
  <attribute name="heapSize specified" value="0" />
  <attribute name="Current GC Util" value="171" />
  <attribute name= "Current Time Running" value="66644" />
  <attribute name ="GC Interval" value="0" />
  <attribute name="Target GC Util Change" value ="80.000000" />
  <attribute name="Current GC Util Change" value="171.000000"/>
  <attribute name="Current Error" value="-342.000000" />
  <attribute name="Output H" value="48272144"/>
  <attribute name="Output I" value="1808"/>
  <attribute name="Output T" value="16"/>
  <attribute name= "Current Time Running" value="66644" />
  <attribute name="GC Util currently" value="171" />
  <attribute name="CPU Util currently" value="573238574590" />
<exclusive-end id="515" timestamp="2019-08-09T08:30:10.454" durationms="11.198" />

<exclusive-start id="516" timestamp="2019-08-09T08:30:10.552" intervalms="109.838">
  <response-info timems="0.018" idlems="0.018" threads="0" lastid="0000000001033F00" lastname="main" />
</exclusive-start>
<allocation-taxation id="517" taxation-threshold="8388608" timestamp="2019-08-09T08:30:10.552" intervalms="109.840" />
<cycle-start id="518" type="partial gc" contextid="0" timestamp="2019-08-09T08:30:10.553" intervalms="161.140" />
<gc-start id="519" type="partial gc" contextid="518" timestamp="2019-08-09T08:30:10.553">
  <mem-info id="520" free="2097152" total="48234496" percent="4">
    <mem type="eden" free="121080" total="16777216" percent="0" />
    <remembered-set count="16320" freebytes="1863040" totalbytes="1928320" percent="96" regionsoverflowed="0" regionsstable="0" regionsrebuilding="0"/>
  </mem-info>
</gc-start>
<allocation-stats totalBytes="16653384" >
  <allocated-bytes non-tlh="438416" tlh="16214968" arrayletleaf="0"/>
  <largest-consumer threadName="main" threadId="0000000001033F00" bytes="8265688" />
</allocation-stats>
<gc-op id="521" type="sweep" timems="2.225" contextid="518" timestamp="2019-08-09T08:30:10.555" />
<gc-op id="522" type="copy forward" timems="10.160" contextid="518" timestamp="2019-08-09T08:30:10.566">
  <memory-copied type="eden" objects="3482" bytes="168752" bytesdiscarded="34488" />
  <memory-copied type="other" objects="1266" bytes="41752" bytesdiscarded="16504" />
  <memory-cardclean objects="1069" bytes="62520" />
  <memory-traced type="eden" objects="0" bytes="0" />
  <memory-traced type="other" objects="0" bytes="0" />
  <regions eden="4" other="5" evacuated="8" marked="1" />
  <remembered-set-cleared processed="10581" cleared="3044" durationms="0.122" />
  <finalization candidates="1" enqueued="1" />
  <references type="soft" candidates="26" cleared="0" enqueued="0" dynamicThreshold="6" maxThreshold="32" />
  <references type="weak" candidates="588" cleared="0" enqueued="0" />
  <references type="phantom" candidates="1" cleared="0" enqueued="0" />
  <stringconstants candidates="11676" cleared="0"  />
  <heap-resize type="expand" space="default" amount="2097152" count="1" timems="0.065" reason="continue current collection" />
</gc-op>
<gc-op id="523" type="classunload" timems="0.008" contextid="518" timestamp="2019-08-09T08:30:10.566">
  <classunload-info classloadercandidates="26" classloadersunloaded="0" classesunloaded="0" anonymousclassesunloaded="0" quiescems="0.000" setupms="0.008" scanms="0.000" postms="0.000" />
</gc-op>
<gc-op id="524" type="sweep" timems="2.687" contextid="518" timestamp="2019-08-09T08:30:10.569" />
<gc-op id="525" type="compact" timems="4.780" contextid="518" timestamp="2019-08-09T08:30:10.574">
  <compact-info movecount="0" movebytes="0" />
  <remembered-set-cleared processed="19693" cleared="3044" durationms="0.321" />
</gc-op>
<heap-resize id="526" type="expand" space="default" amount="2097152" count="1" timems="0.067" reason="insufficient free space following gc" timestamp="2019-08-09T08:30:10.574" />
<gc-end id="527" type="partial gc" contextid="518" durationms="21.423" usertimems="49.920" systemtimems="0.000" timestamp="2019-08-09T08:30:10.574" activeThreads="16">
  <mem-info id="528" free="20971520" total="52428800" percent="40">
    <mem type="eden" free="1893552" total="2097152" percent="90" />
    <pending-finalizers system="0" default="1" reference="0" classloader="0" />
    <remembered-set count="15328" freebytes="2034688" totalbytes="2096000" percent="97" regionsoverflowed="0" regionsstable="0" regionsrebuilding="0"/>
  </mem-info>
</gc-end>
<cycle-end id="529" type="partial gc" contextid="518" timestamp="2019-08-09T08:30:10.574" />
  <attribute name="elasticGC enabled" value="1" />
  <attribute name= "numThreadsSpecified" value="16" />
  <attribute name="heapSize specified" value="0" />
  <attribute name="Current GC Util" value="206" />
  <attribute name= "Current Time Running" value="66767" />
  <attribute name ="GC Interval" value="0" />
  <attribute name="Target GC Util Change" value ="80.000000" />
  <attribute name="Current GC Util Change" value="206.000000"/>
  <attribute name="Current Error" value="-126.000000" />
  <attribute name="Output H" value="50369416"/>
  <attribute name="Output I" value="1928"/>
  <attribute name="Output T" value="16"/>
  <attribute name= "Current Time Running" value="66767" />
  <attribute name="GC Util currently" value="206" />
  <attribute name="CPU Util currently" value="411174983795" />
<exclusive-end id="530" timestamp="2019-08-09T08:30:10.574" durationms="22.031" />

<exclusive-start id="531" timestamp="2019-08-09T08:30:10.681" intervalms="128.864">
  <response-info timems="0.016" idlems="0.016" threads="0" lastid="0000000001033F00" lastname="main" />
</exclusive-start>
<allocation-taxation id="532" taxation-threshold="20971520" timestamp="2019-08-09T08:30:10.681" intervalms="128.864" />
<cycle-start id="533" type="partial gc" contextid="0" timestamp="2019-08-09T08:30:10.681" intervalms="128.854" />
<gc-start id="534" type="partial gc" contextid="533" timestamp="2019-08-09T08:30:10.682">
  <mem-info id="535" free="0" total="52428800" percent="0">
    <mem type="eden" free="0" total="20971520" percent="0" />
    <remembered-set count="15328" freebytes="2034688" totalbytes="2096000" percent="97" regionsoverflowed="0" regionsstable="0" regionsrebuilding="0"/>
  </mem-info>
</gc-start>
<allocation-stats totalBytes="20966720" >
  <allocated-bytes non-tlh="1275456" tlh="19691264" arrayletleaf="0"/>
  <largest-consumer threadName="main" threadId="0000000001033F00" bytes="20962504" />
</allocation-stats>
<gc-op id="536" type="mark" timems="6.040" contextid="533" timestamp="2019-08-09T08:30:10.688">
  <trace-info objectcount="21542" scancount="19407" scanbytes="828624" />
  <cardclean-info objects="507" bytes="42868" />
  <remembered-set-cleared processed="9134" cleared="1230" durationms="0.193" />
  <references type="soft" candidates="50" cleared="0" enqueued="0" dynamicThreshold="12" maxThreshold="32" />
  <references type="weak" candidates="396" cleared="15" enqueued="15" />
  <references type="phantom" candidates="2" cleared="0" enqueued="0" />
  <stringconstants candidates="11804" cleared="6"  />
  <warning details="Mark invoked due to insufficient free space for Copy-Forward" />
</gc-op>
<gc-op id="537" type="classunload" timems="0.416" contextid="533" timestamp="2019-08-09T08:30:10.689">
  <classunload-info classloadercandidates="28" classloadersunloaded="1" classesunloaded="1" anonymousclassesunloaded="0" quiescems="0.000" setupms="0.404" scanms="0.008" postms="0.004" />
</gc-op>
<gc-op id="538" type="sweep" timems="2.117" contextid="533" timestamp="2019-08-09T08:30:10.691" />
<gc-op id="539" type="compact" timems="4.828" contextid="533" timestamp="2019-08-09T08:30:10.696">
  <compact-info movecount="21542" movebytes="1622112" />
  <remembered-set-cleared processed="21640" cleared="5899" durationms="0.193" />
</gc-op>
<heap-resize id="540" type="expand" space="default" amount="10485760" count="1" timems="0.103" reason="excessive time being spent in gc" timestamp="2019-08-09T08:30:10.696" />
<gc-end id="541" type="partial gc" contextid="533" durationms="14.637" usertimems="37.441" systemtimems="0.000" timestamp="2019-08-09T08:30:10.696" activeThreads="16">
  <mem-info id="542" free="29360128" total="62914560" percent="46">
    <mem type="eden" free="600696" total="2097152" percent="28" />
    <pending-finalizers system="0" default="0" reference="15" classloader="0" />
    <remembered-set count="18432" freebytes="2441472" totalbytes="2515200" percent="97" regionsoverflowed="0" regionsstable="0" regionsrebuilding="0"/>
  </mem-info>
</gc-end>
<cycle-end id="543" type="partial gc" contextid="533" timestamp="2019-08-09T08:30:10.696" />
  <attribute name="elasticGC enabled" value="1" />
  <attribute name= "numThreadsSpecified" value="16" />
  <attribute name="heapSize specified" value="0" />
  <attribute name="Current GC Util" value="168" />
  <attribute name= "Current Time Running" value="66889" />
  <attribute name ="GC Interval" value="0" />
  <attribute name="Target GC Util Change" value ="80.000000" />
  <attribute name="Current GC Util Change" value="168.000000"/>
  <attribute name="Current Error" value="-362.000000" />
  <attribute name="Output H" value="52466432"/>
  <attribute name="Output I" value="1792"/>
  <attribute name="Output T" value="16"/>
  <attribute name= "Current Time Running" value="66889" />
  <attribute name="GC Util currently" value="168" />
  <attribute name="CPU Util currently" value="513588753883" />
<exclusive-end id="544" timestamp="2019-08-09T08:30:10.696" durationms="15.172" />

<exclusive-start id="545" timestamp="2019-08-09T08:30:10.823" intervalms="141.657">
  <response-info timems="0.074" idlems="0.074" threads="0" lastid="0000000001033F00" lastname="main" />
</exclusive-start>
<allocation-taxation id="546" taxation-threshold="23068672" timestamp="2019-08-09T08:30:10.823" intervalms="141.664" />
<cycle-start id="547" type="partial gc" contextid="0" timestamp="2019-08-09T08:30:10.823" intervalms="141.717" />
<gc-start id="548" type="partial gc" contextid="547" timestamp="2019-08-09T08:30:10.823">
  <mem-info id="549" free="6291456" total="62914560" percent="10">
    <mem type="eden" free="128120" total="23068672" percent="0" />
    <remembered-set count="18432" freebytes="2441472" totalbytes="2515200" percent="97" regionsoverflowed="0" regionsstable="0" regionsrebuilding="0"/>
  </mem-info>
</gc-start>
<allocation-stats totalBytes="22928296" >
  <allocated-bytes non-tlh="863912" tlh="22064384" arrayletleaf="0"/>
  <largest-consumer threadName="main" threadId="0000000001033F00" bytes="22924200" />
</allocation-stats>
<gc-op id="550" type="copy forward" timems="11.843" contextid="547" timestamp="2019-08-09T08:30:10.837">
  <memory-copied type="eden" objects="5217" bytes="235056" bytesdiscarded="65448" />
  <memory-copied type="other" objects="961" bytes="41840" bytesdiscarded="39808" />
  <memory-cardclean objects="548" bytes="37184" />
  <regions eden="11" other="2" />
  <remembered-set-cleared processed="11051" cleared="2185" durationms="0.108" />
  <references type="soft" candidates="119" cleared="0" enqueued="0" dynamicThreshold="14" maxThreshold="32" />
  <references type="weak" candidates="259" cleared="0" enqueued="0" />
  <references type="phantom" candidates="1" cleared="0" enqueued="0" />
  <stringconstants candidates="12323" cleared="3"  />
</gc-op>
<gc-op id="551" type="classunload" timems="0.591" contextid="547" timestamp="2019-08-09T08:30:10.837">
  <classunload-info classloadercandidates="34" classloadersunloaded="1" classesunloaded="1" anonymousclassesunloaded="0" quiescems="0.000" setupms="0.573" scanms="0.012" postms="0.005" />
</gc-op>
<gc-end id="552" type="partial gc" contextid="547" durationms="14.053" usertimems="30.480" systemtimems="0.000" timestamp="2019-08-09T08:30:10.837" activeThreads="16">
  <mem-info id="553" free="29360128" total="62914560" percent="46">
    <mem type="eden" free="1796224" total="2097152" percent="85" />
    <remembered-set count="18560" freebytes="2440960" totalbytes="2515200" percent="97" regionsoverflowed="0" regionsstable="0" regionsrebuilding="0"/>
  </mem-info>
</gc-end>
<cycle-end id="554" type="partial gc" contextid="547" timestamp="2019-08-09T08:30:10.837" />
  <attribute name="elasticGC enabled" value="1" />
  <attribute name= "numThreadsSpecified" value="16" />
  <attribute name="heapSize specified" value="0" />
  <attribute name="Current GC Util" value="215" />
  <attribute name= "Current Time Running" value="67022" />
  <attribute name ="GC Interval" value="0" />
  <attribute name="Target GC Util Change" value ="80.000000" />
  <attribute name="Current GC Util Change" value="215.000000"/>
  <attribute name="Current Error" value="-135.000000" />
  <attribute name="Output H" value="62952328"/>
  <attribute name="Output I" value="1928"/>
  <attribute name="Output T" value="16"/>
  <attribute name= "Current Time Running" value="67022" />
  <attribute name="GC Util currently" value="215" />
  <attribute name="CPU Util currently" value="1079675248046" />
<exclusive-end id="555" timestamp="2019-08-09T08:30:10.839" durationms="15.962" />

<exclusive-start id="556" timestamp="2019-08-09T08:30:10.911" intervalms="88.121">
  <response-info timems="0.034" idlems="0.034" threads="0" lastid="0000000001033F00" lastname="main" />
</exclusive-start>
<allocation-taxation id="557" taxation-threshold="23068672" timestamp="2019-08-09T08:30:10.911" intervalms="88.116" />
<cycle-start id="558" type="partial gc" contextid="0" timestamp="2019-08-09T08:30:10.911" intervalms="88.110" />
<gc-start id="559" type="partial gc" contextid="558" timestamp="2019-08-09T08:30:10.911">
  <mem-info id="560" free="6291456" total="62914560" percent="10">
    <mem type="eden" free="0" total="23068672" percent="0" />
    <remembered-set count="18304" freebytes="2441984" totalbytes="2515200" percent="97" regionsoverflowed="0" regionsstable="0" regionsrebuilding="0"/>
  </mem-info>
</gc-start>
<allocation-stats totalBytes="23064616" >
  <allocated-bytes non-tlh="819912" tlh="22244704" arrayletleaf="0"/>
  <largest-consumer threadName="main" threadId="0000000001033F00" bytes="23064616" />
</allocation-stats>
<gc-op id="561" type="copy forward" timems="12.987" contextid="558" timestamp="2019-08-09T08:30:10.925">
  <memory-copied type="eden" objects="19972" bytes="1132120" bytesdiscarded="102024" />
  <memory-copied type="other" objects="5441" bytes="207136" bytesdiscarded="16784" />
  <memory-cardclean objects="5007" bytes="318992" />
  <regions eden="11" other="2" />
  <remembered-set-cleared processed="9344" cleared="2752" durationms="0.312" />
  <references type="soft" candidates="131" cleared="0" enqueued="0" dynamicThreshold="14" maxThreshold="32" />
  <references type="weak" candidates="329" cleared="0" enqueued="0" />
  <references type="phantom" candidates="1" cleared="0" enqueued="0" />
  <stringconstants candidates="12479" cleared="0"  />
</gc-op>
<gc-op id="562" type="classunload" timems="0.009" contextid="558" timestamp="2019-08-09T08:30:10.925">
  <classunload-info classloadercandidates="36" classloadersunloaded="0" classesunloaded="0" anonymousclassesunloaded="0" quiescems="0.000" setupms="0.009" scanms="0.000" postms="0.000" />
</gc-op>
<heap-resize id="563" type="expand" space="default" amount="12582912" count="1" timems="0.105" reason="excessive time being spent in gc" timestamp="2019-08-09T08:30:10.925" />
<gc-end id="564" type="partial gc" contextid="558" durationms="14.102" usertimems="30.242" systemtimems="0.000" timestamp="2019-08-09T08:30:10.926" activeThreads="16">
  <mem-info id="565" free="41943040" total="75497472" percent="55">
    <mem type="eden" free="862776" total="2097152" percent="41" />
    <remembered-set count="20800" freebytes="2935040" totalbytes="3018240" percent="97" regionsoverflowed="0" regionsstable="0" regionsrebuilding="0"/>
  </mem-info>
</gc-end>
<cycle-end id="566" type="partial gc" contextid="558" timestamp="2019-08-09T08:30:10.926" />
  <attribute name="elasticGC enabled" value="1" />
  <attribute name= "numThreadsSpecified" value="16" />
  <attribute name="heapSize specified" value="0" />
  <attribute name="Current GC Util" value="144" />
  <attribute name= "Current Time Running" value="67110" />
  <attribute name ="GC Interval" value="0" />
  <attribute name="Target GC Util Change" value ="80.000000" />
  <attribute name="Current GC Util Change" value="144.000000"/>
  <attribute name="Current Error" value="-151.000000" />
  <attribute name="Output H" value="62952320"/>
  <attribute name="Output I" value="1920"/>
  <attribute name="Output T" value="16"/>
  <attribute name= "Current Time Running" value="67110" />
  <attribute name="GC Util currently" value="144" />
  <attribute name="CPU Util currently" value="2082871589118" />
<exclusive-end id="567" timestamp="2019-08-09T08:30:10.926" durationms="14.677" />

<exclusive-start id="568" timestamp="2019-08-09T08:30:10.998" intervalms="86.756">
  <response-info timems="0.049" idlems="0.049" threads="0" lastid="0000000001033F00" lastname="main" />
</exclusive-start>
<allocation-taxation id="569" taxation-threshold="25165824" timestamp="2019-08-09T08:30:10.998" intervalms="86.751" />
<cycle-start id="570" type="partial gc" contextid="0" timestamp="2019-08-09T08:30:10.998" intervalms="86.730" />
<gc-start id="571" type="partial gc" contextid="570" timestamp="2019-08-09T08:30:10.998">
  <mem-info id="572" free="16777216" total="75497472" percent="22">
    <mem type="eden" free="0" total="25165824" percent="0" />
    <remembered-set count="20800" freebytes="2935040" totalbytes="3018240" percent="97" regionsoverflowed="0" regionsstable="0" regionsrebuilding="0"/>
  </mem-info>
</gc-start>
<allocation-stats totalBytes="25162784" >
  <allocated-bytes non-tlh="401152" tlh="24761632" arrayletleaf="0"/>
  <largest-consumer threadName="main" threadId="0000000001033F00" bytes="25162784" />
</allocation-stats>
<gc-op id="573" type="copy forward" timems="9.451" contextid="570" timestamp="2019-08-09T08:30:11.009">
  <memory-copied type="eden" objects="6353" bytes="541264" bytesdiscarded="53056" />
  <memory-copied type="other" objects="2898" bytes="158400" bytesdiscarded="44552" />
  <memory-cardclean objects="556" bytes="41960" />
  <regions eden="12" other="2" />
  <remembered-set-cleared processed="11488" cleared="1663" durationms="0.201" />
  <references type="soft" candidates="38" cleared="0" enqueued="0" dynamicThreshold="17" maxThreshold="32" />
  <references type="weak" candidates="102" cleared="0" enqueued="0" />
  <references type="phantom" candidates="1" cleared="0" enqueued="0" />
  <stringconstants candidates="12495" cleared="0"  />
</gc-op>
<gc-op id="574" type="classunload" timems="0.008" contextid="570" timestamp="2019-08-09T08:30:11.009">
  <classunload-info classloadercandidates="38" classloadersunloaded="0" classesunloaded="0" anonymousclassesunloaded="0" quiescems="0.000" setupms="0.008" scanms="0.000" postms="0.000" />
</gc-op>
<heap-resize id="575" type="expand" space="default" amount="8388608" count="1" timems="0.135" reason="excessive time being spent in gc" timestamp="2019-08-09T08:30:11.009" />
<gc-end id="576" type="partial gc" contextid="570" durationms="10.806" usertimems="26.789" systemtimems="0.000" timestamp="2019-08-09T08:30:11.009" activeThreads="16">
  <mem-info id="577" free="50331648" total="83886080" percent="60">
    <mem type="eden" free="1502752" total="2097152" percent="71" />
    <remembered-set count="19456" freebytes="3275776" totalbytes="3353600" percent="97" regionsoverflowed="0" regionsstable="0" regionsrebuilding="0"/>
  </mem-info>
</gc-end>
<cycle-end id="578" type="partial gc" contextid="570" timestamp="2019-08-09T08:30:11.009" />
  <attribute name="elasticGC enabled" value="1" />
  <attribute name= "numThreadsSpecified" value="16" />
  <attribute name="heapSize specified" value="0" />
  <attribute name="Current GC Util" value="215" />
  <attribute name= "Current Time Running" value="67197" />
  <attribute name ="GC Interval" value="0" />
  <attribute name="Target GC Util Change" value ="80.000000" />
  <attribute name="Current GC Util Change" value="215.000000"/>
  <attribute name="Current Error" value="-240.000000" />
  <attribute name="Output H" value="75535176"/>
  <attribute name="Output I" value="1864"/>
  <attribute name="Output T" value="16"/>
  <attribute name= "Current Time Running" value="67197" />
  <attribute name="GC Util currently" value="215" />
  <attribute name="CPU Util currently" value="1440028647869" />
<exclusive-end id="579" timestamp="2019-08-09T08:30:11.009" durationms="11.330" />

<exclusive-start id="580" timestamp="2019-08-09T08:30:11.071" intervalms="73.204">
  <response-info timems="0.036" idlems="0.036" threads="0" lastid="0000000001033F00" lastname="main" />
</exclusive-start>
<allocation-taxation id="581" taxation-threshold="27262976" timestamp="2019-08-09T08:30:11.071" intervalms="73.206" />
<cycle-start id="582" type="partial gc" contextid="0" timestamp="2019-08-09T08:30:11.071" intervalms="73.191" />
<gc-start id="583" type="partial gc" contextid="582" timestamp="2019-08-09T08:30:11.071">
  <mem-info id="584" free="23068672" total="83886080" percent="27">
    <mem type="eden" free="0" total="27262976" percent="0" />
    <remembered-set count="19168" freebytes="3276928" totalbytes="3353600" percent="97" regionsoverflowed="0" regionsstable="0" regionsrebuilding="0"/>
  </mem-info>
</gc-start>
<allocation-stats totalBytes="27259832" >
  <allocated-bytes non-tlh="402464" tlh="26857368" arrayletleaf="0"/>
  <largest-consumer threadName="main" threadId="0000000001033F00" bytes="27259832" />
</allocation-stats>
<gc-op id="585" type="copy forward" timems="10.282" contextid="582" timestamp="2019-08-09T08:30:11.083">
  <memory-copied type="eden" objects="11570" bytes="780696" bytesdiscarded="92960" />
  <memory-copied type="other" objects="6812" bytes="245752" bytesdiscarded="16424" />
  <memory-cardclean objects="1260" bytes="78656" />
  <regions eden="13" other="2" />
  <remembered-set-cleared processed="11053" cleared="2325" durationms="0.114" />
  <references type="soft" candidates="325" cleared="0" enqueued="0" dynamicThreshold="19" maxThreshold="32" />
  <references type="weak" candidates="287" cleared="0" enqueued="0" />
  <references type="phantom" candidates="1" cleared="0" enqueued="0" />
  <stringconstants candidates="12514" cleared="0"  />
</gc-op>
<gc-op id="586" type="classunload" timems="0.009" contextid="582" timestamp="2019-08-09T08:30:11.083">
  <classunload-info classloadercandidates="40" classloadersunloaded="0" classesunloaded="0" anonymousclassesunloaded="0" quiescems="0.000" setupms="0.008" scanms="0.000" postms="0.000" />
</gc-op>
<gc-end id="587" type="partial gc" contextid="582" durationms="12.053" usertimems="41.900" systemtimems="0.000" timestamp="2019-08-09T08:30:11.083" activeThreads="16">
  <mem-info id="588" free="50331648" total="83886080" percent="60">
    <mem type="eden" free="1223416" total="2097152" percent="58" />
    <remembered-set count="20736" freebytes="3270656" totalbytes="3353600" percent="97" regionsoverflowed="0" regionsstable="0" regionsrebuilding="0"/>
  </mem-info>
</gc-end>
<cycle-end id="589" type="partial gc" contextid="582" timestamp="2019-08-09T08:30:11.083" />
  <attribute name="elasticGC enabled" value="1" />
  <attribute name= "numThreadsSpecified" value="16" />
  <attribute name="heapSize specified" value="0" />
  <attribute name="Current GC Util" value="174" />
  <attribute name= "Current Time Running" value="67271" />
  <attribute name ="GC Interval" value="0" />
  <attribute name="Target GC Util Change" value ="80.000000" />
  <attribute name="Current GC Util Change" value="174.000000"/>
  <attribute name="Current Error" value="-94.000000" />
  <attribute name="Output H" value="83923872"/>
  <attribute name="Output I" value="1952"/>
  <attribute name="Output T" value="16"/>
  <attribute name= "Current Time Running" value="67271" />
  <attribute name="GC Util currently" value="174" />
  <attribute name="CPU Util currently" value="875339185522" />
<exclusive-end id="590" timestamp="2019-08-09T08:30:11.084" durationms="12.641" />

<exclusive-start id="591" timestamp="2019-08-09T08:30:11.164" intervalms="92.659">
  <response-info timems="0.040" idlems="0.040" threads="0" lastid="0000000001033F00" lastname="main" />
</exclusive-start>
<allocation-taxation id="592" taxation-threshold="27262976" timestamp="2019-08-09T08:30:11.164" intervalms="92.659" />
<cycle-start id="593" type="partial gc" contextid="0" timestamp="2019-08-09T08:30:11.164" intervalms="92.640" />
<gc-start id="594" type="partial gc" contextid="593" timestamp="2019-08-09T08:30:11.164">
  <mem-info id="595" free="23068672" total="83886080" percent="27">
    <mem type="eden" free="0" total="27262976" percent="0" />
    <remembered-set count="20416" freebytes="3271936" totalbytes="3353600" percent="97" regionsoverflowed="0" regionsstable="0" regionsrebuilding="0"/>
  </mem-info>
</gc-start>
<allocation-stats totalBytes="27257816" >
  <allocated-bytes non-tlh="601688" tlh="26656128" arrayletleaf="0"/>
  <largest-consumer threadName="main" threadId="0000000001033F00" bytes="27257816" />
</allocation-stats>
<gc-op id="596" type="copy forward" timems="12.167" contextid="593" timestamp="2019-08-09T08:30:11.178">
  <memory-copied type="eden" objects="8314" bytes="589080" bytesdiscarded="84112" />
  <memory-copied type="other" objects="6362" bytes="252488" bytesdiscarded="24744" />
  <memory-cardclean objects="2986" bytes="142136" />
  <regions eden="13" other="2" />
  <remembered-set-cleared processed="11331" cleared="3029" durationms="0.145" />
  <references type="soft" candidates="229" cleared="0" enqueued="0" dynamicThreshold="19" maxThreshold="32" />
  <references type="weak" candidates="451" cleared="0" enqueued="0" />
  <references type="phantom" candidates="1" cleared="0" enqueued="0" />
  <stringconstants candidates="12541" cleared="0"  />
</gc-op>
<gc-op id="597" type="classunload" timems="0.008" contextid="593" timestamp="2019-08-09T08:30:11.178">
  <classunload-info classloadercandidates="43" classloadersunloaded="0" classesunloaded="0" anonymousclassesunloaded="0" quiescems="0.000" setupms="0.008" scanms="0.000" postms="0.000" />
</gc-op>
<gc-end id="598" type="partial gc" contextid="593" durationms="13.740" usertimems="33.132" systemtimems="0.000" timestamp="2019-08-09T08:30:11.178" activeThreads="16">
  <mem-info id="599" free="50331648" total="83886080" percent="60">
    <mem type="eden" free="1423840" total="2097152" percent="67" />
    <remembered-set count="21344" freebytes="3268224" totalbytes="3353600" percent="97" regionsoverflowed="0" regionsstable="0" regionsrebuilding="0"/>
  </mem-info>
</gc-end>
<cycle-end id="600" type="partial gc" contextid="593" timestamp="2019-08-09T08:30:11.178" />
  <attribute name="elasticGC enabled" value="1" />
  <attribute name= "numThreadsSpecified" value="16" />
  <attribute name="heapSize specified" value="0" />
  <attribute name="Current GC Util" value="224" />
  <attribute name= "Current Time Running" value="67363" />
  <attribute name ="GC Interval" value="0" />
  <attribute name="Target GC Util Change" value ="80.000000" />
  <attribute name="Current GC Util Change" value="224.000000"/>
  <attribute name="Current Error" value="-188.000000" />
  <attribute name="Output H" value="83923816"/>
  <attribute name="Output I" value="1896"/>
  <attribute name="Output T" value="16"/>
  <attribute name= "Current Time Running" value="67363" />
  <attribute name="GC Util currently" value="224" />
  <attribute name="CPU Util currently" value="1008173931736" />
<exclusive-end id="601" timestamp="2019-08-09T08:30:11.178" durationms="14.546" />

<exclusive-start id="602" timestamp="2019-08-09T08:30:11.234" intervalms="70.017">
  <response-info timems="0.032" idlems="0.032" threads="0" lastid="0000000001033F00" lastname="main" />
</exclusive-start>
<allocation-taxation id="603" taxation-threshold="27262976" timestamp="2019-08-09T08:30:11.234" intervalms="70.020" />
<cycle-start id="604" type="partial gc" contextid="0" timestamp="2019-08-09T08:30:11.234" intervalms="70.054" />
<gc-start id="605" type="partial gc" contextid="604" timestamp="2019-08-09T08:30:11.234">
  <mem-info id="606" free="23068672" total="83886080" percent="27">
    <mem type="eden" free="0" total="27262976" percent="0" />
    <remembered-set count="21120" freebytes="3269120" totalbytes="3353600" percent="97" regionsoverflowed="0" regionsstable="0" regionsrebuilding="0"/>
  </mem-info>
</gc-start>
<allocation-stats totalBytes="27259584" >
  <allocated-bytes non-tlh="400800" tlh="26858784" arrayletleaf="0"/>
  <largest-consumer threadName="main" threadId="0000000001033F00" bytes="27259584" />
</allocation-stats>
<gc-op id="607" type="copy forward" timems="8.820" contextid="604" timestamp="2019-08-09T08:30:11.244">
  <memory-copied type="eden" objects="11117" bytes="733432" bytesdiscarded="29208" />
  <memory-copied type="other" objects="6388" bytes="272768" bytesdiscarded="18912" />
  <memory-cardclean objects="4291" bytes="201208" />
  <regions eden="13" other="2" />
  <remembered-set-cleared processed="11231" cleared="3638" durationms="0.132" />
  <references type="soft" candidates="78" cleared="0" enqueued="0" dynamicThreshold="19" maxThreshold="32" />
  <references type="weak" candidates="831" cleared="0" enqueued="0" />
  <references type="phantom" candidates="1" cleared="0" enqueued="0" />
  <stringconstants candidates="12552" cleared="0"  />
</gc-op>
<gc-op id="608" type="classunload" timems="0.007" contextid="604" timestamp="2019-08-09T08:30:11.244">
  <classunload-info classloadercandidates="45" classloadersunloaded="0" classesunloaded="0" anonymousclassesunloaded="0" quiescems="0.000" setupms="0.007" scanms="0.000" postms="0.000" />
</gc-op>
<gc-end id="609" type="partial gc" contextid="604" durationms="10.439" usertimems="27.204" systemtimems="0.000" timestamp="2019-08-09T08:30:11.245" activeThreads="16">
  <mem-info id="610" free="50331648" total="83886080" percent="60">
    <mem type="eden" free="1334432" total="2097152" percent="63" />
    <remembered-set count="20192" freebytes="3272832" totalbytes="3353600" percent="97" regionsoverflowed="0" regionsstable="0" regionsrebuilding="0"/>
  </mem-info>
</gc-end>
<cycle-end id="611" type="partial gc" contextid="604" timestamp="2019-08-09T08:30:11.245" />
  <attribute name="elasticGC enabled" value="1" />
  <attribute name= "numThreadsSpecified" value="16" />
  <attribute name="heapSize specified" value="0" />
  <attribute name="Current GC Util" value="365" />
  <attribute name= "Current Time Running" value="67433" />
  <attribute name ="GC Interval" value="0" />
  <attribute name="Target GC Util Change" value ="80.000000" />
  <attribute name="Current GC Util Change" value="365.000000"/>
  <attribute name="Current Error" value="-432.000000" />
  <attribute name="Output H" value="83923672"/>
  <attribute name="Output I" value="1752"/>
  <attribute name="Output T" value="16"/>
  <attribute name= "Current Time Running" value="67433" />
  <attribute name="GC Util currently" value="365" />
  <attribute name="CPU Util currently" value="944320989167" />
<exclusive-end id="612" timestamp="2019-08-09T08:30:11.245" durationms="11.120" />

<exclusive-start id="613" timestamp="2019-08-09T08:30:11.322" intervalms="88.224">
  <response-info timems="0.036" idlems="0.036" threads="0" lastid="0000000001033F00" lastname="main" />
</exclusive-start>
<allocation-taxation id="614" taxation-threshold="27262976" timestamp="2019-08-09T08:30:11.322" intervalms="88.219" />
<cycle-start id="615" type="partial gc" contextid="0" timestamp="2019-08-09T08:30:11.322" intervalms="88.226" />
<gc-start id="616" type="partial gc" contextid="615" timestamp="2019-08-09T08:30:11.322">
  <mem-info id="617" free="23068672" total="83886080" percent="27">
    <mem type="eden" free="0" total="27262976" percent="0" />
    <remembered-set count="20096" freebytes="3273216" totalbytes="3353600" percent="97" regionsoverflowed="0" regionsstable="0" regionsrebuilding="0"/>
  </mem-info>
</gc-start>
<allocation-stats totalBytes="27259096" >
  <allocated-bytes non-tlh="1002408" tlh="26256688" arrayletleaf="0"/>
  <largest-consumer threadName="main" threadId="0000000001033F00" bytes="27259096" />
</allocation-stats>
<gc-op id="618" type="copy forward" timems="10.835" contextid="615" timestamp="2019-08-09T08:30:11.335">
  <memory-copied type="eden" objects="15917" bytes="910808" bytesdiscarded="65312" />
  <memory-copied type="other" objects="16324" bytes="766864" bytesdiscarded="103672" />
  <memory-cardclean objects="22492" bytes="994280" />
  <regions eden="13" other="2" />
  <remembered-set-cleared processed="8244" cleared="5414" durationms="0.211" />
  <finalization candidates="13" enqueued="0" />
  <references type="soft" candidates="57" cleared="0" enqueued="0" dynamicThreshold="19" maxThreshold="32" />
  <references type="weak" candidates="180" cleared="0" enqueued="0" />
  <references type="phantom" candidates="52" cleared="0" enqueued="0" />
  <stringconstants candidates="12587" cleared="4"  />
</gc-op>
<gc-op id="619" type="classunload" timems="0.739" contextid="615" timestamp="2019-08-09T08:30:11.335">
  <classunload-info classloadercandidates="50" classloadersunloaded="2" classesunloaded="2" anonymousclassesunloaded="0" quiescems="0.000" setupms="0.711" scanms="0.018" postms="0.009" />
</gc-op>
<heap-resize id="620" type="expand" space="default" amount="6291456" count="1" timems="0.094" reason="excessive time being spent in gc" timestamp="2019-08-09T08:30:11.336" />
<gc-end id="621" type="partial gc" contextid="615" durationms="13.371" usertimems="35.344" systemtimems="0.000" timestamp="2019-08-09T08:30:11.336" activeThreads="16">
  <mem-info id="622" free="54525952" total="90177536" percent="60">
    <mem type="eden" free="3218080" total="4194304" percent="76" />
    <remembered-set count="19200" freebytes="3528320" totalbytes="3605120" percent="97" regionsoverflowed="0" regionsstable="0" regionsrebuilding="0"/>
  </mem-info>
</gc-end>
<cycle-end id="623" type="partial gc" contextid="615" timestamp="2019-08-09T08:30:11.336" />
  <attribute name="elasticGC enabled" value="1" />
  <attribute name= "numThreadsSpecified" value="16" />
  <attribute name="heapSize specified" value="0" />
  <attribute name="Current GC Util" value="210" />
  <attribute name= "Current Time Running" value="67521" />
  <attribute name ="GC Interval" value="0" />
  <attribute name="Target GC Util Change" value ="80.000000" />
  <attribute name="Current GC Util Change" value="210.000000"/>
  <attribute name="Current Error" value="-130.000000" />
  <attribute name="Output H" value="83923848"/>
  <attribute name="Output I" value="1928"/>
  <attribute name="Output T" value="16"/>
  <attribute name= "Current Time Running" value="67521" />
  <attribute name="GC Util currently" value="210" />
  <attribute name="CPU Util currently" value="995018952779" />
<exclusive-end id="624" timestamp="2019-08-09T08:30:11.336" durationms="14.100" />

<exclusive-start id="625" timestamp="2019-08-09T08:30:11.403" intervalms="80.724">
  <response-info timems="0.038" idlems="0.038" threads="0" lastid="0000000001033F00" lastname="main" />
</exclusive-start>
<allocation-taxation id="626" taxation-threshold="29360128" timestamp="2019-08-09T08:30:11.403" intervalms="80.725" />
<cycle-start id="627" type="partial gc" contextid="0" timestamp="2019-08-09T08:30:11.403" intervalms="80.709" />
<gc-start id="628" type="partial gc" contextid="627" timestamp="2019-08-09T08:30:11.403">
  <mem-info id="629" free="25165824" total="90177536" percent="27">
    <mem type="eden" free="0" total="29360128" percent="0" />
    <remembered-set count="18944" freebytes="3529344" totalbytes="3605120" percent="97" regionsoverflowed="0" regionsstable="0" regionsrebuilding="0"/>
  </mem-info>
</gc-start>
<allocation-stats totalBytes="29356920" >
  <allocated-bytes non-tlh="401784" tlh="28955136" arrayletleaf="0"/>
  <largest-consumer threadName="main" threadId="0000000001033F00" bytes="29356920" />
</allocation-stats>
<gc-op id="630" type="copy forward" timems="8.631" contextid="627" timestamp="2019-08-09T08:30:11.413">
  <memory-copied type="eden" objects="9203" bytes="666360" bytesdiscarded="69096" />
  <memory-copied type="other" objects="1030" bytes="34344" bytesdiscarded="7984" />
  <memory-cardclean objects="720" bytes="38624" />
  <regions eden="14" other="3" />
  <remembered-set-cleared processed="10156" cleared="1582" durationms="0.206" />
  <references type="soft" candidates="15" cleared="0" enqueued="0" dynamicThreshold="19" maxThreshold="32" />
  <references type="weak" candidates="54" cleared="0" enqueued="0" />
  <references type="phantom" candidates="1" cleared="0" enqueued="0" />
  <stringconstants candidates="12615" cleared="0"  />
</gc-op>
<gc-op id="631" type="classunload" timems="0.007" contextid="627" timestamp="2019-08-09T08:30:11.413">
  <classunload-info classloadercandidates="50" classloadersunloaded="0" classesunloaded="0" anonymousclassesunloaded="0" quiescems="0.000" setupms="0.007" scanms="0.000" postms="0.000" />
</gc-op>
<gc-end id="632" type="partial gc" contextid="627" durationms="9.963" usertimems="36.368" systemtimems="0.000" timestamp="2019-08-09T08:30:11.413" activeThreads="16">
  <mem-info id="633" free="54525952" total="90177536" percent="60">
    <mem type="eden" free="1361616" total="2097152" percent="64" />
    <remembered-set count="18400" freebytes="3531520" totalbytes="3605120" percent="97" regionsoverflowed="0" regionsstable="0" regionsrebuilding="0"/>
  </mem-info>
</gc-end>
<cycle-end id="634" type="partial gc" contextid="627" timestamp="2019-08-09T08:30:11.413" />
  <attribute name="elasticGC enabled" value="1" />
  <attribute name= "numThreadsSpecified" value="16" />
  <attribute name="heapSize specified" value="0" />
  <attribute name="Current GC Util" value="244" />
  <attribute name= "Current Time Running" value="67602" />
  <attribute name ="GC Interval" value="0" />
  <attribute name="Target GC Util Change" value ="80.000000" />
  <attribute name="Current GC Util Change" value="244.000000"/>
  <attribute name="Current Error" value="-254.000000" />
  <attribute name="Output H" value="90215232"/>
  <attribute name="Output I" value="1856"/>
  <attribute name="Output T" value="16"/>
  <attribute name= "Current Time Running" value="67602" />
  <attribute name="GC Util currently" value="244" />
  <attribute name="CPU Util currently" value="1242811570507" />
<exclusive-end id="635" timestamp="2019-08-09T08:30:11.413" durationms="10.513" />

<exclusive-start id="636" timestamp="2019-08-09T08:30:11.518" intervalms="115.531">
  <response-info timems="0.044" idlems="0.044" threads="0" lastid="0000000001033F00" lastname="main" />
</exclusive-start>
<allocation-taxation id="637" taxation-threshold="29360128" timestamp="2019-08-09T08:30:11.518" intervalms="115.533" />
<cycle-start id="638" type="partial gc" contextid="0" timestamp="2019-08-09T08:30:11.518" intervalms="115.546" />
<gc-start id="639" type="partial gc" contextid="638" timestamp="2019-08-09T08:30:11.519">
  <mem-info id="640" free="25165824" total="90177536" percent="27">
    <mem type="eden" free="0" total="29360128" percent="0" />
    <remembered-set count="17984" freebytes="3533184" totalbytes="3605120" percent="98" regionsoverflowed="0" regionsstable="0" regionsrebuilding="0"/>
  </mem-info>
</gc-start>
<allocation-stats totalBytes="29354496" >
  <allocated-bytes non-tlh="632944" tlh="28721552" arrayletleaf="0"/>
  <largest-consumer threadName="main" threadId="0000000001033F00" bytes="29354496" />
</allocation-stats>
<gc-op id="641" type="copy forward" timems="13.843" contextid="638" timestamp="2019-08-09T08:30:11.534">
  <memory-copied type="eden" objects="24556" bytes="1069584" bytesdiscarded="72000" />
  <memory-copied type="other" objects="2083" bytes="98944" bytesdiscarded="10888" />
  <memory-cardclean objects="1307" bytes="65648" />
  <regions eden="14" other="2" />
  <remembered-set-cleared processed="9639" cleared="1274" durationms="0.107" />
  <references type="soft" candidates="669" cleared="0" enqueued="0" dynamicThreshold="19" maxThreshold="32" />
  <references type="weak" candidates="143" cleared="0" enqueued="0" />
  <stringconstants candidates="13128" cleared="0"  />
</gc-op>
<gc-op id="642" type="classunload" timems="0.030" contextid="638" timestamp="2019-08-09T08:30:11.534">
  <classunload-info classloadercandidates="53" classloadersunloaded="0" classesunloaded="0" anonymousclassesunloaded="0" quiescems="0.000" setupms="0.030" scanms="0.000" postms="0.000" />
</gc-op>
<gc-end id="643" type="partial gc" contextid="638" durationms="15.566" usertimems="35.108" systemtimems="0.000" timestamp="2019-08-09T08:30:11.534" activeThreads="16">
  <mem-info id="644" free="52428800" total="90177536" percent="58">
    <mem type="eden" free="955216" total="2097152" percent="45" />
    <remembered-set count="19264" freebytes="3528064" totalbytes="3605120" percent="97" regionsoverflowed="0" regionsstable="0" regionsrebuilding="0"/>
  </mem-info>
</gc-end>
<cycle-end id="645" type="partial gc" contextid="638" timestamp="2019-08-09T08:30:11.534" />
  <attribute name="elasticGC enabled" value="1" />
  <attribute name= "numThreadsSpecified" value="16" />
  <attribute name="heapSize specified" value="0" />
  <attribute name="Current GC Util" value="219" />
  <attribute name= "Current Time Running" value="67718" />
  <attribute name ="GC Interval" value="0" />
  <attribute name="Target GC Util Change" value ="80.000000" />
  <attribute name="Current GC Util Change" value="219.000000"/>
  <attribute name="Current Error" value="-334.000000" />
  <attribute name="Output H" value="90215184"/>
  <attribute name="Output I" value="1808"/>
  <attribute name="Output T" value="16"/>
  <attribute name= "Current Time Running" value="67718" />
  <attribute name="GC Util currently" value="219" />
  <attribute name="CPU Util currently" value="1020765985255" />
<exclusive-end id="646" timestamp="2019-08-09T08:30:11.534" durationms="16.161" />

<exclusive-start id="647" timestamp="2019-08-09T08:30:11.942" intervalms="423.480">
  <response-info timems="0.041" idlems="0.041" threads="0" lastid="0000000001033F00" lastname="main" />
</exclusive-start>
<allocation-taxation id="648" taxation-threshold="29360128" timestamp="2019-08-09T08:30:11.942" intervalms="423.478" />
<cycle-start id="649" type="partial gc" contextid="0" timestamp="2019-08-09T08:30:11.942" intervalms="423.482" />
<gc-start id="650" type="partial gc" contextid="649" timestamp="2019-08-09T08:30:11.942">
  <mem-info id="651" free="23068672" total="90177536" percent="25">
    <mem type="eden" free="0" total="29360128" percent="0" />
    <remembered-set count="19136" freebytes="3528576" totalbytes="3605120" percent="97" regionsoverflowed="0" regionsstable="0" regionsrebuilding="0"/>
  </mem-info>
</gc-start>
<allocation-stats totalBytes="29333832" >
  <allocated-bytes non-tlh="3133648" tlh="26200184" arrayletleaf="0"/>
  <largest-consumer threadName="main" threadId="0000000001033F00" bytes="29333832" />
</allocation-stats>
<gc-op id="652" type="copy forward" timems="7.364" contextid="649" timestamp="2019-08-09T08:30:11.950">
  <memory-copied type="eden" objects="37634" bytes="2957808" bytesdiscarded="93280" />
  <memory-copied type="other" objects="19211" bytes="999072" bytesdiscarded="111112" />
  <memory-cardclean objects="2656" bytes="131832" />
  <regions eden="14" other="2" />
  <remembered-set-cleared processed="11662" cleared="3821" durationms="0.423" />
  <finalization candidates="3" enqueued="2" />
  <references type="soft" candidates="838" cleared="0" enqueued="0" dynamicThreshold="18" maxThreshold="32" />
  <references type="weak" candidates="300" cleared="0" enqueued="0" />
  <references type="phantom" candidates="5" cleared="0" enqueued="0" />
  <stringconstants candidates="13328" cleared="0"  />
</gc-op>
<gc-op id="653" type="classunload" timems="0.010" contextid="649" timestamp="2019-08-09T08:30:11.950">
  <classunload-info classloadercandidates="55" classloadersunloaded="0" classesunloaded="0" anonymousclassesunloaded="0" quiescems="0.000" setupms="0.010" scanms="0.000" postms="0.000" />
</gc-op>
<gc-end id="654" type="partial gc" contextid="649" durationms="8.575" usertimems="22.679" systemtimems="0.000" timestamp="2019-08-09T08:30:11.951" activeThreads="8">
  <mem-info id="655" free="48234496" total="90177536" percent="53">
    <mem type="eden" free="1142920" total="4194304" percent="27" />
    <pending-finalizers system="0" default="2" reference="0" classloader="0" />
    <remembered-set count="21984" freebytes="3517184" totalbytes="3605120" percent="97" regionsoverflowed="0" regionsstable="0" regionsrebuilding="0"/>
  </mem-info>
</gc-end>
<cycle-end id="656" type="partial gc" contextid="649" timestamp="2019-08-09T08:30:11.951" />
  <attribute name="elasticGC enabled" value="1" />
  <attribute name= "numThreadsSpecified" value="8" />
  <attribute name="heapSize specified" value="0" />
  <attribute name="Current GC Util" value="91" />
  <attribute name= "Current Time Running" value="68141" />
  <attribute name ="GC Interval" value="0" />
  <attribute name="Target GC Util Change" value ="80.000000" />
  <attribute name="Current GC Util Change" value="91.000000"/>
  <attribute name="Current Error" value="-11.000000" />
  <attribute name="Output H" value="90215376"/>
  <attribute name="Output I" value="2000"/>
  <attribute name="Output T" value="8"/>
  <attribute name= "Current Time Running" value="68141" />
  <attribute name="GC Util currently" value="91" />
  <attribute name="CPU Util currently" value="1493042562844" />
<exclusive-end id="657" timestamp="2019-08-09T08:30:11.951" durationms="9.289" />

<exclusive-start id="658" timestamp="2019-08-09T08:30:12.120" intervalms="178.298">
  <response-info timems="0.056" idlems="0.056" threads="0" lastid="0000000001033F00" lastname="main" />
</exclusive-start>
<allocation-taxation id="659" taxation-threshold="29360128" timestamp="2019-08-09T08:30:12.120" intervalms="178.301" />
<cycle-start id="660" type="partial gc" contextid="0" timestamp="2019-08-09T08:30:12.120" intervalms="178.284" />
<gc-start id="661" type="partial gc" contextid="660" timestamp="2019-08-09T08:30:12.120">
  <mem-info id="662" free="18874368" total="90177536" percent="20">
    <mem type="eden" free="0" total="29360128" percent="0" />
    <remembered-set count="21952" freebytes="3517312" totalbytes="3605120" percent="97" regionsoverflowed="0" regionsstable="0" regionsrebuilding="0"/>
  </mem-info>
</gc-start>
<allocation-stats totalBytes="29331536" >
  <allocated-bytes non-tlh="0" tlh="29331536" arrayletleaf="0"/>
  <largest-consumer threadName="main" threadId="0000000001033F00" bytes="29327440" />
</allocation-stats>
<gc-op id="663" type="copy forward" timems="10.543" contextid="660" timestamp="2019-08-09T08:30:12.132">
  <memory-copied type="eden" objects="61453" bytes="1556288" bytesdiscarded="113368" />
  <memory-copied type="other" objects="36942" bytes="2914024" bytesdiscarded="81832" />
  <memory-cardclean objects="289" bytes="29344" />
  <regions eden="14" other="2" />
  <remembered-set-cleared processed="12774" cleared="2610" durationms="0.126" />
  <finalization candidates="1" enqueued="0" />
  <references type="soft" candidates="145" cleared="0" enqueued="0" dynamicThreshold="17" maxThreshold="32" />
  <references type="weak" candidates="105" cleared="0" enqueued="0" />
  <references type="phantom" candidates="2" cleared="0" enqueued="0" />
  <stringconstants candidates="13328" cleared="0"  />
</gc-op>
<gc-op id="664" type="classunload" timems="0.009" contextid="660" timestamp="2019-08-09T08:30:12.132">
  <classunload-info classloadercandidates="55" classloadersunloaded="0" classesunloaded="0" anonymousclassesunloaded="0" quiescems="0.000" setupms="0.009" scanms="0.000" postms="0.000" />
</gc-op>
<heap-resize id="665" type="contract" space="default" amount="6291456" count="1" timems="0.072" reason="insufficient time being spent in gc" timestamp="2019-08-09T08:30:12.132" />
<gc-end id="666" type="partial gc" contextid="660" durationms="11.811" usertimems="43.050" systemtimems="0.000" timestamp="2019-08-09T08:30:12.132" activeThreads="16">
  <mem-info id="667" free="39845888" total="83886080" percent="47">
    <mem type="eden" free="427496" total="2097152" percent="20" />
    <remembered-set count="25952" freebytes="3501312" totalbytes="3605120" percent="97" regionsoverflowed="0" regionsstable="0" regionsrebuilding="0"/>
  </mem-info>
</gc-end>
<cycle-end id="668" type="partial gc" contextid="660" timestamp="2019-08-09T08:30:12.132" />
  <attribute name="elasticGC enabled" value="1" />
  <attribute name= "numThreadsSpecified" value="16" />
  <attribute name="heapSize specified" value="0" />
  <attribute name="Current GC Util" value="288" />
  <attribute name= "Current Time Running" value="68319" />
  <attribute name ="GC Interval" value="0" />
  <attribute name="Target GC Util Change" value ="80.000000" />
  <attribute name="Current GC Util Change" value="288.000000"/>
  <attribute name="Current Error" value="-150.000000" />
  <attribute name="Output H" value="90215296"/>
  <attribute name="Output I" value="1920"/>
  <attribute name="Output T" value="16"/>
  <attribute name= "Current Time Running" value="68319" />
  <attribute name="GC Util currently" value="288" />
  <attribute name="CPU Util currently" value="1621594833492" />
<exclusive-end id="669" timestamp="2019-08-09T08:30:12.132" durationms="12.329" />

<exclusive-start id="670" timestamp="2019-08-09T08:30:12.231" intervalms="111.114">
  <response-info timems="0.018" idlems="0.018" threads="0" lastid="0000000001033F00" lastname="main" />
</exclusive-start>
<allocation-taxation id="671" taxation-threshold="27262976" timestamp="2019-08-09T08:30:12.231" intervalms="111.115" />
<cycle-start id="672" type="partial gc" contextid="0" timestamp="2019-08-09T08:30:12.231" intervalms="111.100" />
<gc-start id="673" type="partial gc" contextid="672" timestamp="2019-08-09T08:30:12.231">
  <mem-info id="674" free="12582912" total="83886080" percent="15">
    <mem type="eden" free="0" total="27262976" percent="0" />
    <remembered-set count="25664" freebytes="3502464" totalbytes="3605120" percent="97" regionsoverflowed="0" regionsstable="0" regionsrebuilding="0"/>
  </mem-info>
</gc-start>
<allocation-stats totalBytes="27234432" >
  <allocated-bytes non-tlh="65544" tlh="27168888" arrayletleaf="0"/>
  <largest-consumer threadName="main" threadId="0000000001033F00" bytes="27234432" />
</allocation-stats>
<gc-op id="675" type="copy forward" timems="11.365" contextid="672" timestamp="2019-08-09T08:30:12.245">
  <memory-copied type="eden" objects="57015" bytes="1547656" bytesdiscarded="83704" />
  <memory-copied type="other" objects="60748" bytes="1473816" bytesdiscarded="95080" />
  <memory-cardclean objects="1578" bytes="51472" />
  <regions eden="13" other="1" />
  <remembered-set-cleared processed="16074" cleared="3455" durationms="0.131" />
  <references type="weak" candidates="2" cleared="0" enqueued="0" />
  <stringconstants candidates="13328" cleared="0"  />
</gc-op>
<gc-op id="676" type="classunload" timems="0.010" contextid="672" timestamp="2019-08-09T08:30:12.245">
  <classunload-info classloadercandidates="55" classloadersunloaded="0" classesunloaded="0" anonymousclassesunloaded="0" quiescems="0.000" setupms="0.010" scanms="0.000" postms="0.000" />
</gc-op>
<gc-end id="677" type="partial gc" contextid="672" durationms="13.359" usertimems="43.118" systemtimems="0.000" timestamp="2019-08-09T08:30:12.245" activeThreads="16">
  <mem-info id="678" free="37748736" total="83886080" percent="45">
    <mem type="eden" free="465792" total="2097152" percent="22" />
    <remembered-set count="28704" freebytes="3238784" totalbytes="3353600" percent="96" regionsoverflowed="0" regionsstable="0" regionsrebuilding="0"/>
  </mem-info>
</gc-end>
<cycle-end id="679" type="partial gc" contextid="672" timestamp="2019-08-09T08:30:12.245" />
  <attribute name="elasticGC enabled" value="1" />
  <attribute name= "numThreadsSpecified" value="16" />
  <attribute name="heapSize specified" value="0" />
  <attribute name="Current GC Util" value="233" />
  <attribute name= "Current Time Running" value="68431" />
  <attribute name ="GC Interval" value="0" />
  <attribute name="Target GC Util Change" value ="80.000000" />
  <attribute name="Current GC Util Change" value="233.000000"/>
  <attribute name="Current Error" value="-257.000000" />
  <attribute name="Output H" value="83923776"/>
  <attribute name="Output I" value="1856"/>
  <attribute name="Output T" value="16"/>
  <attribute name= "Current Time Running" value="68431" />
  <attribute name="GC Util currently" value="233" />
  <attribute name="CPU Util currently" value="752808365241" />
<exclusive-end id="680" timestamp="2019-08-09T08:30:12.245" durationms="13.920" />

<exclusive-start id="681" timestamp="2019-08-09T08:30:12.273" intervalms="42.372">
  <response-info timems="0.021" idlems="0.021" threads="0" lastid="0000000001033F00" lastname="main" />
</exclusive-start>
<allocation-taxation id="682" taxation-threshold="12582912" timestamp="2019-08-09T08:30:12.273" intervalms="42.383" />
<cycle-start id="683" type="global mark phase" contextid="0" timestamp="2019-08-09T08:30:12.274" intervalms="1907.482" />
<gc-start id="684" type="global mark phase" contextid="683" timestamp="2019-08-09T08:30:12.274">
  <mem-info id="685" free="25165824" total="83886080" percent="30">
    <remembered-set count="28416" freebytes="3239936" totalbytes="3353600" percent="96" regionsoverflowed="0" regionsstable="0" regionsrebuilding="0"/>
  </mem-info>
</gc-start>
<gc-op id="686" type="mark increment" timems="3.905" contextid="683" timestamp="2019-08-09T08:30:12.278">
  <trace-info objectcount="195" scancount="0" scanbytes="0" />
</gc-op>
<gc-end id="687" type="global mark phase" contextid="683" durationms="3.943" usertimems="9.013" systemtimems="0.000" timestamp="2019-08-09T08:30:12.278" activeThreads="16">
  <mem-info id="688" free="25165824" total="83886080" percent="30">
    <remembered-set count="28416" freebytes="3239936" totalbytes="3353600" percent="96" regionsoverflowed="0" regionsstable="0" regionsrebuilding="0"/>
  </mem-info>
</gc-end>
<concurrent-start id="689" type="GMP work packet processing" contextid="683" timestamp="2019-08-09T08:30:12.278">
  <concurrent-mark-start scanTarget="9585622" />
</concurrent-start>
<exclusive-end id="690" timestamp="2019-08-09T08:30:12.278" durationms="4.314" />

<concurrent-end id="691" type="GMP work packet processing" contextid="683" timestamp="2019-08-09T08:30:12.285">
  <concurrent-mark-end bytesScanned="6880220" reasonForTermination="Completed all work in GC phase" />
</concurrent-end>

<exclusive-start id="692" timestamp="2019-08-09T08:30:12.310" intervalms="36.628">
  <response-info timems="0.014" idlems="0.014" threads="0" lastid="0000000001033F00" lastname="main" />
</exclusive-start>
<allocation-taxation id="693" taxation-threshold="12582912" timestamp="2019-08-09T08:30:12.310" intervalms="36.617" />
<cycle-start id="694" type="partial gc" contextid="0" timestamp="2019-08-09T08:30:12.310" intervalms="79.020" />
<gc-start id="695" type="partial gc" contextid="694" timestamp="2019-08-09T08:30:12.310">
  <mem-info id="696" free="12582912" total="83886080" percent="15">
    <mem type="eden" free="0" total="25165824" percent="0" />
    <remembered-set count="28416" freebytes="3239936" totalbytes="3353600" percent="96" regionsoverflowed="0" regionsstable="0" regionsrebuilding="0"/>
  </mem-info>
</gc-start>
<allocation-stats totalBytes="25138184" >
  <allocated-bytes non-tlh="0" tlh="25138184" arrayletleaf="0"/>
  <largest-consumer threadName="main" threadId="0000000001033F00" bytes="12571968" />
</allocation-stats>
<gc-op id="697" type="copy forward" timems="15.361" contextid="694" timestamp="2019-08-09T08:30:12.327">
  <memory-copied type="eden" objects="52684" bytes="1290064" bytesdiscarded="81960" />
  <memory-copied type="other" objects="56962" bytes="1545432" bytesdiscarded="76488" />
  <memory-cardclean objects="3964" bytes="106728" />
  <regions eden="12" other="1" />
  <remembered-set-cleared processed="19839" cleared="3966" durationms="0.137" />
  <stringconstants candidates="13328" cleared="0"  />
</gc-op>
<gc-op id="698" type="classunload" timems="0.011" contextid="694" timestamp="2019-08-09T08:30:12.327">
  <classunload-info classloadercandidates="55" classloadersunloaded="0" classesunloaded="0" anonymousclassesunloaded="0" quiescems="0.000" setupms="0.011" scanms="0.000" postms="0.000" />
</gc-op>
<heap-resize id="699" type="expand" space="default" amount="14680064" count="1" timems="0.099" reason="excessive time being spent in gc" timestamp="2019-08-09T08:30:12.327" />
<gc-end id="700" type="partial gc" contextid="694" durationms="16.549" usertimems="50.970" systemtimems="0.000" timestamp="2019-08-09T08:30:12.327" activeThreads="16">
  <mem-info id="701" free="50331648" total="98566144" percent="51">
    <mem type="eden" free="725128" total="2097152" percent="34" />
    <remembered-set count="33568" freebytes="3806208" totalbytes="3940480" percent="96" regionsoverflowed="0" regionsstable="0" regionsrebuilding="0"/>
  </mem-info>
</gc-end>
<cycle-end id="702" type="partial gc" contextid="694" timestamp="2019-08-09T08:30:12.327" />
  <attribute name="elasticGC enabled" value="1" />
  <attribute name= "numThreadsSpecified" value="16" />
  <attribute name="heapSize specified" value="0" />
  <attribute name="Current GC Util" value="155" />
  <attribute name= "Current Time Running" value="68509" />
  <attribute name ="GC Interval" value="0" />
  <attribute name="Target GC Util Change" value ="80.000000" />
  <attribute name="Current GC Util Change" value="155.000000"/>
  <attribute name="Current Error" value="-606.000000" />
  <attribute name="Output H" value="83923576"/>
  <attribute name="Output I" value="1656"/>
  <attribute name="Output T" value="16"/>
  <attribute name= "Current Time Running" value="68509" />
  <attribute name="GC Util currently" value="155" />
  <attribute name="CPU Util currently" value="1987103618900" />
<exclusive-end id="703" timestamp="2019-08-09T08:30:12.327" durationms="17.154" />

<exclusive-start id="704" timestamp="2019-08-09T08:30:12.359" intervalms="49.199">
  <response-info timems="0.019" idlems="0.019" threads="0" lastid="0000000001033F00" lastname="main" />
</exclusive-start>
<allocation-taxation id="705" taxation-threshold="14680064" timestamp="2019-08-09T08:30:12.359" intervalms="49.239" />
<gc-start id="706" type="global mark phase" contextid="683" timestamp="2019-08-09T08:30:12.359">
  <mem-info id="707" free="35651584" total="98566144" percent="36">
    <remembered-set count="33184" freebytes="3807744" totalbytes="3940480" percent="96" regionsoverflowed="0" regionsstable="0" regionsrebuilding="0"/>
  </mem-info>
</gc-start>
<gc-op id="708" type="mark increment" timems="11.112" contextid="683" timestamp="2019-08-09T08:30:12.371">
  <trace-info objectcount="54583" scancount="46351" scanbytes="1184344" />
  <cardclean-info objects="14547" bytes="403848" />
  <finalization candidates="81" enqueued="0" />
  <ownableSynchronizers candidates="21" cleared="0" />
  <references type="soft" candidates="2706" cleared="0" enqueued="0" dynamicThreshold="16" maxThreshold="32" />
  <references type="weak" candidates="5571" cleared="36" enqueued="36" />
  <references type="phantom" candidates="98" cleared="0" enqueued="0" />
  <stringconstants candidates="13328" cleared="12"  />
</gc-op>
<gc-op id="709" type="classunload" timems="0.008" contextid="683" timestamp="2019-08-09T08:30:12.371">
  <classunload-info classloadercandidates="55" classloadersunloaded="0" classesunloaded="0" anonymousclassesunloaded="0" quiescems="0.000" setupms="0.008" scanms="0.000" postms="0.000" />
</gc-op>
<gc-end id="710" type="global mark phase" contextid="683" durationms="11.224" usertimems="27.790" systemtimems="0.000" timestamp="2019-08-09T08:30:12.371" activeThreads="16">
  <mem-info id="711" free="35651584" total="98566144" percent="36">
    <pending-finalizers system="0" default="0" reference="36" classloader="0" />
    <remembered-set count="33184" freebytes="3807744" totalbytes="3940480" percent="96" regionsoverflowed="0" regionsstable="0" regionsrebuilding="0"/>
  </mem-info>
</gc-end>
<cycle-end id="712" type="global mark phase" contextid="683" timestamp="2019-08-09T08:30:12.371" />
  <attribute name="elasticGC enabled" value="1" />
  <attribute name= "numThreadsSpecified" value="16" />
  <attribute name="heapSize specified" value="0" />
  <attribute name="Current GC Util" value="335" />
  <attribute name= "Current Time Running" value="68561" />
  <attribute name ="GC Interval" value="0" />
  <attribute name="Target GC Util Change" value ="80.000000" />
  <attribute name="Current GC Util Change" value="335.000000"/>
  <attribute name="Current Error" value="-415.000000" />
  <attribute name="Output H" value="98603752"/>
  <attribute name="Output I" value="1768"/>
  <attribute name="Output T" value="16"/>
  <attribute name= "Current Time Running" value="68561" />
  <attribute name="GC Util currently" value="335" />
  <attribute name="CPU Util currently" value="613974594477" />
<exclusive-end id="713" timestamp="2019-08-09T08:30:12.371" durationms="11.534" />

<exclusive-start id="714" timestamp="2019-08-09T08:30:12.405" intervalms="46.104">
  <response-info timems="0.017" idlems="0.017" threads="0" lastid="0000000001033F00" lastname="main" />
</exclusive-start>
<allocation-taxation id="715" taxation-threshold="14680064" timestamp="2019-08-09T08:30:12.405" intervalms="46.061" />
<cycle-start id="716" type="partial gc" contextid="0" timestamp="2019-08-09T08:30:12.405" intervalms="95.303" />
<gc-start id="717" type="partial gc" contextid="716" timestamp="2019-08-09T08:30:12.406">
  <mem-info id="718" free="20971520" total="98566144" percent="21">
    <mem type="eden" free="0" total="29360128" percent="0" />
    <remembered-set count="33184" freebytes="3807744" totalbytes="3940480" percent="96" regionsoverflowed="0" regionsstable="0" regionsrebuilding="0"/>
  </mem-info>
</gc-start>
<allocation-stats totalBytes="29335064" >
  <allocated-bytes non-tlh="0" tlh="29335064" arrayletleaf="0"/>
  <largest-consumer threadName="main" threadId="0000000001033F00" bytes="14660952" />
</allocation-stats>
<gc-op id="719" type="sweep" timems="3.428" contextid="716" timestamp="2019-08-09T08:30:12.409" />
<gc-op id="720" type="copy forward" timems="10.721" contextid="716" timestamp="2019-08-09T08:30:12.421">
  <memory-copied type="eden" objects="30047" bytes="735472" bytesdiscarded="47814" />
  <memory-copied type="other" objects="82847" bytes="2030952" bytesdiscarded="114386" />
  <memory-cardclean objects="7220" bytes="334552" />
  <regions eden="7" other="9" />
  <remembered-set-cleared processed="22556" cleared="3954" durationms="0.235" />
  <references type="soft" candidates="2" cleared="0" enqueued="0" dynamicThreshold="11" maxThreshold="32" />
  <references type="weak" candidates="10" cleared="0" enqueued="0" />
  <stringconstants candidates="13316" cleared="0"  />
</gc-op>
<gc-op id="721" type="classunload" timems="0.011" contextid="716" timestamp="2019-08-09T08:30:12.421">
  <classunload-info classloadercandidates="55" classloadersunloaded="0" classesunloaded="0" anonymousclassesunloaded="0" quiescems="0.000" setupms="0.011" scanms="0.000" postms="0.000" />
</gc-op>
<heap-resize id="722" type="expand" space="default" amount="16777216" count="1" timems="0.118" reason="excessive time being spent in gc" timestamp="2019-08-09T08:30:12.421" />
<gc-end id="723" type="partial gc" contextid="716" durationms="15.814" usertimems="44.286" systemtimems="0.000" timestamp="2019-08-09T08:30:12.422" activeThreads="16">
  <mem-info id="724" free="65011712" total="115343360" percent="56">
    <mem type="eden" free="547232" total="2097152" percent="26" />
    <remembered-set count="36704" freebytes="4464384" totalbytes="4611200" percent="96" regionsoverflowed="0" regionsstable="0" regionsrebuilding="0"/>
  </mem-info>
</gc-end>
<cycle-end id="725" type="partial gc" contextid="716" timestamp="2019-08-09T08:30:12.422" />
  <attribute name="elasticGC enabled" value="1" />
  <attribute name= "numThreadsSpecified" value="16" />
  <attribute name="heapSize specified" value="0" />
  <attribute name="Current GC Util" value="116" />
  <attribute name= "Current Time Running" value="68608" />
  <attribute name ="GC Interval" value="0" />
  <attribute name="Target GC Util Change" value ="80.000000" />
  <attribute name="Current GC Util Change" value="116.000000"/>
  <attribute name="Current Error" value="-452.000000" />
  <attribute name="Output H" value="98603728"/>
  <attribute name="Output I" value="1744"/>
  <attribute name="Output T" value="16"/>
  <attribute name= "Current Time Running" value="68608" />
  <attribute name="GC Util currently" value="116" />
  <attribute name="CPU Util currently" value="1740395462547" />
<exclusive-end id="726" timestamp="2019-08-09T08:30:12.422" durationms="16.397" />

<exclusive-start id="727" timestamp="2019-08-09T08:30:12.522" intervalms="116.246">
  <response-info timems="0.020" idlems="0.020" threads="0" lastid="0000000001033F00" lastname="main" />
</exclusive-start>
<allocation-taxation id="728" taxation-threshold="35651584" timestamp="2019-08-09T08:30:12.522" intervalms="116.250" />
<cycle-start id="729" type="partial gc" contextid="0" timestamp="2019-08-09T08:30:12.522" intervalms="116.283" />
<gc-start id="730" type="partial gc" contextid="729" timestamp="2019-08-09T08:30:12.522">
  <mem-info id="731" free="29360128" total="115343360" percent="25">
    <mem type="eden" free="0" total="35651584" percent="0" />
    <remembered-set count="36640" freebytes="4464640" totalbytes="4611200" percent="96" regionsoverflowed="0" regionsstable="0" regionsrebuilding="0"/>
  </mem-info>
</gc-start>
<allocation-stats totalBytes="35619472" >
  <allocated-bytes non-tlh="262160" tlh="35357312" arrayletleaf="0"/>
  <largest-consumer threadName="main" threadId="0000000001033F00" bytes="35619472" />
</allocation-stats>
<gc-op id="732" type="copy forward" timems="14.365" contextid="729" timestamp="2019-08-09T08:30:12.537">
  <memory-copied type="eden" objects="75111" bytes="2131376" bytesdiscarded="124000" />
  <memory-copied type="other" objects="76009" bytes="2678552" bytesdiscarded="255984" />
  <memory-cardclean objects="102396" bytes="3731344" />
  <regions eden="17" other="3" />
  <remembered-set-cleared processed="15068" cleared="11137" durationms="0.158" />
  <finalization candidates="49" enqueued="0" />
  <ownableSynchronizers candidates="17" cleared="0" />
  <references type="soft" candidates="59" cleared="0" enqueued="0" dynamicThreshold="18" maxThreshold="32" />
  <references type="weak" candidates="901" cleared="0" enqueued="0" />
  <references type="phantom" candidates="37" cleared="0" enqueued="0" />
  <stringconstants candidates="13316" cleared="0"  />
</gc-op>
<gc-op id="733" type="classunload" timems="0.009" contextid="729" timestamp="2019-08-09T08:30:12.537">
  <classunload-info classloadercandidates="55" classloadersunloaded="0" classesunloaded="0" anonymousclassesunloaded="0" quiescems="0.000" setupms="0.009" scanms="0.000" postms="0.000" />
</gc-op>
<heap-resize id="734" type="expand" space="default" amount="20971520" count="1" timems="0.155" reason="excessive time being spent in gc" timestamp="2019-08-09T08:30:12.538" />
<gc-end id="735" type="partial gc" contextid="729" durationms="15.724" usertimems="66.724" systemtimems="0.000" timestamp="2019-08-09T08:30:12.538" activeThreads="16">
  <mem-info id="736" free="81788928" total="136314880" percent="60">
    <mem type="eden" free="1938928" total="4194304" percent="46" />
    <remembered-set count="40896" freebytes="5286016" totalbytes="5449600" percent="96" regionsoverflowed="0" regionsstable="0" regionsrebuilding="0"/>
  </mem-info>
</gc-end>
<cycle-end id="737" type="partial gc" contextid="729" timestamp="2019-08-09T08:30:12.538" />
  <attribute name="elasticGC enabled" value="1" />
  <attribute name= "numThreadsSpecified" value="16" />
  <attribute name="heapSize specified" value="0" />
  <attribute name="Current GC Util" value="137" />
  <attribute name= "Current Time Running" value="68721" />
  <attribute name ="GC Interval" value="0" />
  <attribute name="Target GC Util Change" value ="80.000000" />
  <attribute name="Current GC Util Change" value="137.000000"/>
  <attribute name="Current Error" value="-57.000000" />
  <attribute name="Output H" value="115381168"/>
  <attribute name="Output I" value="1968"/>
  <attribute name="Output T" value="16"/>
  <attribute name= "Current Time Running" value="68721" />
  <attribute name="GC Util currently" value="137" />
  <attribute name="CPU Util currently" value="1663746604273" />
<exclusive-end id="738" timestamp="2019-08-09T08:30:12.538" durationms="16.512" />

<exclusive-start id="739" timestamp="2019-08-09T08:30:12.656" intervalms="133.929">
  <response-info timems="0.082" idlems="0.082" threads="0" lastid="0000000001033F00" lastname="main" />
</exclusive-start>
<allocation-taxation id="740" taxation-threshold="41943040" timestamp="2019-08-09T08:30:12.656" intervalms="133.936" />
<cycle-start id="741" type="partial gc" contextid="0" timestamp="2019-08-09T08:30:12.656" intervalms="133.890" />
<gc-start id="742" type="partial gc" contextid="741" timestamp="2019-08-09T08:30:12.656">
  <mem-info id="743" free="39845888" total="136314880" percent="29">
    <mem type="eden" free="0" total="41943040" percent="0" />
    <remembered-set count="40864" freebytes="5286144" totalbytes="5449600" percent="97" regionsoverflowed="0" regionsstable="0" regionsrebuilding="0"/>
  </mem-info>
</gc-start>
<allocation-stats totalBytes="41910256" >
  <allocated-bytes non-tlh="1809512" tlh="40100744" arrayletleaf="0"/>
  <largest-consumer threadName="main" threadId="0000000001033F00" bytes="41910256" />
</allocation-stats>
<gc-op id="744" type="copy forward" timems="16.301" contextid="741" timestamp="2019-08-09T08:30:12.673">
  <memory-copied type="eden" objects="85400" bytes="3335648" bytesdiscarded="241280" />
  <memory-copied type="other" objects="75532" bytes="2147488" bytesdiscarded="121704" />
  <memory-cardclean objects="10894" bytes="431216" />
  <regions eden="20" other="3" />
  <remembered-set-cleared processed="30186" cleared="6527" durationms="0.177" />
  <finalization candidates="1" enqueued="1" />
  <references type="soft" candidates="2" cleared="0" enqueued="0" dynamicThreshold="19" maxThreshold="32" />
  <references type="weak" candidates="20" cleared="0" enqueued="0" />
  <stringconstants candidates="13316" cleared="0"  />
</gc-op>
<gc-op id="745" type="classunload" timems="0.008" contextid="741" timestamp="2019-08-09T08:30:12.673">
  <classunload-info classloadercandidates="55" classloadersunloaded="0" classesunloaded="0" anonymousclassesunloaded="0" quiescems="0.000" setupms="0.008" scanms="0.000" postms="0.000" />
</gc-op>
<heap-resize id="746" type="expand" space="default" amount="10485760" count="1" timems="0.102" reason="excessive time being spent in gc" timestamp="2019-08-09T08:30:12.673" />
<gc-end id="747" type="partial gc" contextid="741" durationms="17.586" usertimems="68.289" systemtimems="0.000" timestamp="2019-08-09T08:30:12.673" activeThreads="16">
  <mem-info id="748" free="88080384" total="146800640" percent="60">
    <mem type="eden" free="617352" total="4194304" percent="14" />
    <pending-finalizers system="0" default="1" reference="0" classloader="0" />
    <remembered-set count="47584" freebytes="5678464" totalbytes="5868800" percent="96" regionsoverflowed="0" regionsstable="0" regionsrebuilding="0"/>
  </mem-info>
</gc-end>
<cycle-end id="749" type="partial gc" contextid="741" timestamp="2019-08-09T08:30:12.674" />
  <attribute name="elasticGC enabled" value="1" />
  <attribute name= "numThreadsSpecified" value="16" />
  <attribute name="heapSize specified" value="0" />
  <attribute name="Current GC Util" value="129" />
  <attribute name= "Current Time Running" value="68855" />
  <attribute name ="GC Interval" value="0" />
  <attribute name="Target GC Util Change" value ="80.000000" />
  <attribute name="Current GC Util Change" value="129.000000"/>
  <attribute name="Current Error" value="-75.000000" />
  <attribute name="Output H" value="136352680"/>
  <attribute name="Output I" value="1960"/>
  <attribute name="Output T" value="16"/>
  <attribute name= "Current Time Running" value="68855" />
  <attribute name="GC Util currently" value="129" />
  <attribute name="CPU Util currently" value="1799834042918" />
<exclusive-end id="750" timestamp="2019-08-09T08:30:12.674" durationms="18.167" />

-------------------------------------------------------------------------------
PYBENCH 2.0
-------------------------------------------------------------------------------
* using Python 2.5.2
* system check interval set to maximum: 2147483647
* using timer: time.time

Calibrating tests. Please wait...

Running 4 round(s) of the suite at warp factor 10:

<exclusive-start id="751" timestamp="2019-08-09T08:30:12.910" intervalms="254.697">
  <response-info timems="0.125" idlems="0.125" threads="0" lastid="0000000001033F00" lastname="main" />
</exclusive-start>
<allocation-taxation id="752" taxation-threshold="44040192" timestamp="2019-08-09T08:30:12.910" intervalms="254.704" />
<cycle-start id="753" type="partial gc" contextid="0" timestamp="2019-08-09T08:30:12.910" intervalms="254.744" />
<gc-start id="754" type="partial gc" contextid="753" timestamp="2019-08-09T08:30:12.911">
  <mem-info id="755" free="44040192" total="146800640" percent="30">
    <mem type="eden" free="0" total="44040192" percent="0" />
    <remembered-set count="47264" freebytes="5679744" totalbytes="5868800" percent="96" regionsoverflowed="0" regionsstable="0" regionsrebuilding="0"/>
  </mem-info>
</gc-start>
<allocation-stats totalBytes="44036440" >
  <allocated-bytes non-tlh="149376" tlh="43887064" arrayletleaf="0"/>
  <largest-consumer threadName="main" threadId="0000000001033F00" bytes="44036440" />
</allocation-stats>
<gc-op id="756" type="copy forward" timems="11.961" contextid="753" timestamp="2019-08-09T08:30:12.924">
  <memory-copied type="eden" objects="72527" bytes="1815584" bytesdiscarded="170488" />
  <memory-copied type="other" objects="85621" bytes="2097752" bytesdiscarded="193560" />
  <memory-cardclean objects="6432" bytes="457648" />
  <regions eden="21" other="3" />
  <remembered-set-cleared processed="34872" cleared="6129" durationms="0.389" />
  <references type="soft" candidates="2141" cleared="0" enqueued="0" dynamicThreshold="19" maxThreshold="32" />
  <references type="weak" candidates="108" cleared="0" enqueued="0" />
  <stringconstants candidates="13775" cleared="5"  />
</gc-op>
<gc-op id="757" type="classunload" timems="0.013" contextid="753" timestamp="2019-08-09T08:30:12.924">
  <classunload-info classloadercandidates="55" classloadersunloaded="0" classesunloaded="0" anonymousclassesunloaded="0" quiescems="0.000" setupms="0.012" scanms="0.000" postms="0.000" />
</gc-op>
<gc-end id="758" type="partial gc" contextid="753" durationms="14.061" usertimems="54.114" systemtimems="0.000" timestamp="2019-08-09T08:30:12.925" activeThreads="16">
  <mem-info id="759" free="85983232" total="146800640" percent="58">
    <mem type="eden" free="111040" total="2097152" percent="5" />
    <remembered-set count="50624" freebytes="5666304" totalbytes="5868800" percent="96" regionsoverflowed="0" regionsstable="0" regionsrebuilding="0"/>
  </mem-info>
</gc-end>
<cycle-end id="760" type="partial gc" contextid="753" timestamp="2019-08-09T08:30:12.925" />
  <attribute name="elasticGC enabled" value="1" />
  <attribute name= "numThreadsSpecified" value="16" />
  <attribute name="heapSize specified" value="0" />
  <attribute name="Current GC Util" value="103" />
  <attribute name= "Current Time Running" value="69110" />
  <attribute name ="GC Interval" value="0" />
  <attribute name="Target GC Util Change" value ="80.000000" />
  <attribute name="Current GC Util Change" value="103.000000"/>
  <attribute name="Current Error" value="-43.000000" />
  <attribute name="Output H" value="146838456"/>
  <attribute name="Output I" value="1976"/>
  <attribute name="Output T" value="16"/>
  <attribute name= "Current Time Running" value="69110" />
  <attribute name="GC Util currently" value="103" />
  <attribute name="CPU Util currently" value="783810320186" />
<exclusive-end id="761" timestamp="2019-08-09T08:30:12.925" durationms="15.134" />

<exclusive-start id="762" timestamp="2019-08-09T08:30:14.900" intervalms="1989.914">
  <response-info timems="0.046" idlems="0.046" threads="0" lastid="0000000001033F00" lastname="main" />
</exclusive-start>
<allocation-taxation id="763" taxation-threshold="44040192" timestamp="2019-08-09T08:30:14.900" intervalms="1989.904" />
<cycle-start id="764" type="partial gc" contextid="0" timestamp="2019-08-09T08:30:14.900" intervalms="1989.860" />
<gc-start id="765" type="partial gc" contextid="764" timestamp="2019-08-09T08:30:14.900">
  <mem-info id="766" free="41943040" total="146800640" percent="28">
    <mem type="eden" free="0" total="44040192" percent="0" />
    <remembered-set count="50432" freebytes="5667072" totalbytes="5868800" percent="96" regionsoverflowed="0" regionsstable="0" regionsrebuilding="0"/>
  </mem-info>
</gc-start>
<allocation-stats totalBytes="44018160" >
  <allocated-bytes non-tlh="64" tlh="44018096" arrayletleaf="0"/>
  <largest-consumer threadName="main" threadId="0000000001033F00" bytes="44018160" />
</allocation-stats>
<gc-op id="767" type="copy forward" timems="11.100" contextid="764" timestamp="2019-08-09T08:30:14.913">
  <memory-copied type="eden" objects="93" bytes="3496" bytesdiscarded="19400" />
  <memory-copied type="other" objects="73121" bytes="1836536" bytesdiscarded="130672" />
  <memory-cardclean objects="1174" bytes="54456" />
  <regions eden="21" other="2" />
  <remembered-set-cleared processed="39104" cleared="4057" durationms="0.210" />
  <references type="soft" candidates="2142" cleared="0" enqueued="0" dynamicThreshold="18" maxThreshold="32" />
  <references type="weak" candidates="97" cleared="0" enqueued="0" />
  <stringconstants candidates="13771" cleared="0"  />
</gc-op>
<gc-op id="768" type="classunload" timems="0.011" contextid="764" timestamp="2019-08-09T08:30:14.913">
  <classunload-info classloadercandidates="55" classloadersunloaded="0" classesunloaded="0" anonymousclassesunloaded="0" quiescems="0.000" setupms="0.011" scanms="0.000" postms="0.000" />
</gc-op>
<gc-end id="769" type="partial gc" contextid="764" durationms="12.372" usertimems="34.004" systemtimems="0.000" timestamp="2019-08-09T08:30:14.913" activeThreads="16">
  <mem-info id="770" free="83886080" total="146800640" percent="57">
    <mem type="eden" free="2074256" total="2097152" percent="98" />
    <remembered-set count="49856" freebytes="5669376" totalbytes="5868800" percent="96" regionsoverflowed="0" regionsstable="0" regionsrebuilding="0"/>
  </mem-info>
</gc-end>
<cycle-end id="771" type="partial gc" contextid="764" timestamp="2019-08-09T08:30:14.913" />
  <attribute name="elasticGC enabled" value="1" />
  <attribute name= "numThreadsSpecified" value="16" />
  <attribute name="heapSize specified" value="0" />
  <attribute name="Current GC Util" value="147" />
  <attribute name= "Current Time Running" value="71099" />
  <attribute name ="GC Interval" value="0" />
  <attribute name="Target GC Util Change" value ="80.000000" />
  <attribute name="Current GC Util Change" value="147.000000"/>
  <attribute name="Current Error" value="-67.000000" />
  <attribute name="Output H" value="146838448"/>
  <attribute name="Output I" value="1968"/>
  <attribute name="Output T" value="16"/>
  <attribute name= "Current Time Running" value="71099" />
  <attribute name="GC Util currently" value="147" />
  <attribute name="CPU Util currently" value="1466164633595" />
<exclusive-end id="772" timestamp="2019-08-09T08:30:14.913" durationms="12.882" />

<exclusive-start id="773" timestamp="2019-08-09T08:30:14.955" intervalms="54.434">
  <response-info timems="0.017" idlems="0.017" threads="0" lastid="0000000001033F00" lastname="main" />
</exclusive-start>
<allocation-taxation id="774" taxation-threshold="44040192" timestamp="2019-08-09T08:30:14.955" intervalms="54.437" />
<cycle-start id="775" type="partial gc" contextid="0" timestamp="2019-08-09T08:30:14.955" intervalms="54.430" />
<gc-start id="776" type="partial gc" contextid="775" timestamp="2019-08-09T08:30:14.955">
  <mem-info id="777" free="39845888" total="146800640" percent="27">
    <mem type="eden" free="0" total="44040192" percent="0" />
    <remembered-set count="49664" freebytes="5670144" totalbytes="5868800" percent="96" regionsoverflowed="0" regionsstable="0" regionsrebuilding="0"/>
  </mem-info>
</gc-start>
<allocation-stats totalBytes="43875216" >
  <allocated-bytes non-tlh="0" tlh="43875216" arrayletleaf="0"/>
  <largest-consumer threadName="main" threadId="0000000001033F00" bytes="43875216" />
</allocation-stats>
<gc-op id="778" type="copy forward" timems="17.878" contextid="775" timestamp="2019-08-09T08:30:14.974">
  <memory-copied type="eden" objects="1" bytes="32" bytesdiscarded="0" />
  <memory-copied type="other" objects="13006" bytes="764296" bytesdiscarded="98232" />
  <memory-cardclean objects="3039" bytes="130168" />
  <regions eden="21" other="3" />
  <remembered-set-cleared processed="39004" cleared="1742" durationms="0.318" />
  <references type="soft" candidates="62" cleared="0" enqueued="0" dynamicThreshold="18" maxThreshold="32" />
  <references type="weak" candidates="132" cleared="0" enqueued="0" />
  <references type="phantom" candidates="3" cleared="0" enqueued="0" />
  <stringconstants candidates="13771" cleared="0"  />
</gc-op>
<gc-op id="779" type="classunload" timems="0.009" contextid="775" timestamp="2019-08-09T08:30:14.974">
  <classunload-info classloadercandidates="55" classloadersunloaded="0" classesunloaded="0" anonymousclassesunloaded="0" quiescems="0.000" setupms="0.009" scanms="0.000" postms="0.000" />
</gc-op>
<heap-resize id="780" type="contract" space="default" amount="8388608" count="1" timems="0.072" reason="insufficient time being spent in gc" timestamp="2019-08-09T08:30:14.974" />
<gc-end id="781" type="partial gc" contextid="775" durationms="19.048" usertimems="43.371" systemtimems="0.000" timestamp="2019-08-09T08:30:14.974" activeThreads="16">
  <mem-info id="782" free="73400320" total="138412032" percent="53">
    <mem type="eden" free="2097120" total="2097152" percent="99" />
    <remembered-set count="51328" freebytes="5663488" totalbytes="5868800" percent="96" regionsoverflowed="0" regionsstable="0" regionsrebuilding="0"/>
  </mem-info>
</gc-end>
<cycle-end id="783" type="partial gc" contextid="775" timestamp="2019-08-09T08:30:14.974" />
  <attribute name="elasticGC enabled" value="1" />
  <attribute name= "numThreadsSpecified" value="16" />
  <attribute name="heapSize specified" value="0" />
  <attribute name="Current GC Util" value="188" />
  <attribute name= "Current Time Running" value="71154" />
  <attribute name ="GC Interval" value="0" />
  <attribute name="Target GC Util Change" value ="80.000000" />
  <attribute name="Current GC Util Change" value="188.000000"/>
  <attribute name="Current Error" value="-156.000000" />
  <attribute name="Output H" value="146838392"/>
  <attribute name="Output I" value="1912"/>
  <attribute name="Output T" value="16"/>
  <attribute name= "Current Time Running" value="71154" />
  <attribute name="GC Util currently" value="188" />
  <attribute name="CPU Util currently" value="1835669327337" />
<exclusive-end id="784" timestamp="2019-08-09T08:30:14.974" durationms="19.657" />

<exclusive-start id="785" timestamp="2019-08-09T08:30:15.005" intervalms="50.398">
  <response-info timems="0.044" idlems="0.044" threads="0" lastid="0000000001033F00" lastname="main" />
</exclusive-start>
<allocation-taxation id="786" taxation-threshold="41943040" timestamp="2019-08-09T08:30:15.005" intervalms="50.395" />
<cycle-start id="787" type="partial gc" contextid="0" timestamp="2019-08-09T08:30:15.005" intervalms="50.444" />
<gc-start id="788" type="partial gc" contextid="787" timestamp="2019-08-09T08:30:15.005">
  <mem-info id="789" free="31457280" total="138412032" percent="22">
    <mem type="eden" free="2097120" total="44040192" percent="4" />
    <remembered-set count="50848" freebytes="5665408" totalbytes="5868800" percent="96" regionsoverflowed="0" regionsstable="0" regionsrebuilding="0"/>
  </mem-info>
</gc-start>
<allocation-stats totalBytes="41799352" >
  <allocated-bytes non-tlh="0" tlh="41799352" arrayletleaf="0"/>
  <largest-consumer threadName="main" threadId="0000000001033F00" bytes="41799352" />
</allocation-stats>
<gc-op id="790" type="copy forward" timems="14.011" contextid="787" timestamp="2019-08-09T08:30:15.021">
  <memory-copied type="eden" objects="2" bytes="56" bytesdiscarded="0" />
  <memory-copied type="other" objects="26706" bytes="1381400" bytesdiscarded="178504" />
  <memory-cardclean objects="48923" bytes="1959704" />
  <regions eden="20" other="4" />
  <remembered-set-cleared processed="33391" cleared="12480" durationms="0.203" />
  <finalization candidates="18" enqueued="0" />
  <ownableSynchronizers candidates="4" cleared="0" />
  <references type="soft" candidates="945" cleared="0" enqueued="0" dynamicThreshold="16" maxThreshold="32" />
  <references type="weak" candidates="1890" cleared="0" enqueued="0" />
  <references type="phantom" candidates="5" cleared="0" enqueued="0" />
  <stringconstants candidates="13771" cleared="0"  />
</gc-op>
<gc-op id="791" type="classunload" timems="0.010" contextid="787" timestamp="2019-08-09T08:30:15.021">
  <classunload-info classloadercandidates="55" classloadersunloaded="0" classesunloaded="0" anonymousclassesunloaded="0" quiescems="0.000" setupms="0.009" scanms="0.000" postms="0.000" />
</gc-op>
<heap-resize id="792" type="contract" space="default" amount="8388608" count="1" timems="0.087" reason="insufficient time being spent in gc" timestamp="2019-08-09T08:30:15.021" />
<gc-end id="793" type="partial gc" contextid="787" durationms="16.019" usertimems="45.361" systemtimems="0.000" timestamp="2019-08-09T08:30:15.021" activeThreads="16">
  <mem-info id="794" free="69206016" total="130023424" percent="53">
    <mem type="eden" free="2097096" total="2097152" percent="99" />
    <remembered-set count="49856" freebytes="5334016" totalbytes="5533440" percent="96" regionsoverflowed="0" regionsstable="0" regionsrebuilding="0"/>
  </mem-info>
</gc-end>
<cycle-end id="795" type="partial gc" contextid="787" timestamp="2019-08-09T08:30:15.022" />
  <attribute name="elasticGC enabled" value="1" />
  <attribute name= "numThreadsSpecified" value="16" />
  <attribute name="heapSize specified" value="0" />
  <attribute name="Current GC Util" value="59" />
  <attribute name= "Current Time Running" value="71205" />
  <attribute name ="GC Interval" value="0" />
  <attribute name="Target GC Util Change" value ="80.000000" />
  <attribute name="Current GC Util Change" value="59.000000"/>
  <attribute name="Current Error" value="-139.000000" />
  <attribute name="Output H" value="138449792"/>
  <attribute name="Output I" value="1920"/>
  <attribute name="Output T" value="16"/>
  <attribute name= "Current Time Running" value="71205" />
  <attribute name="GC Util currently" value="59" />
  <attribute name="CPU Util currently" value="835980416187" />
<exclusive-end id="796" timestamp="2019-08-09T08:30:15.022" durationms="16.674" />

<exclusive-start id="797" timestamp="2019-08-09T08:30:15.050" intervalms="45.326">
  <response-info timems="0.025" idlems="0.025" threads="0" lastid="0000000001033F00" lastname="main" />
</exclusive-start>
<allocation-taxation id="798" taxation-threshold="39845888" timestamp="2019-08-09T08:30:15.050" intervalms="45.321" />
<cycle-start id="799" type="partial gc" contextid="0" timestamp="2019-08-09T08:30:15.050" intervalms="45.317" />
<gc-start id="800" type="partial gc" contextid="799" timestamp="2019-08-09T08:30:15.051">
  <mem-info id="801" free="29360128" total="130023424" percent="22">
    <mem type="eden" free="2097096" total="41943040" percent="4" />
    <remembered-set count="49568" freebytes="5335168" totalbytes="5533440" percent="96" regionsoverflowed="0" regionsstable="0" regionsrebuilding="0"/>
  </mem-info>
</gc-start>
<allocation-stats totalBytes="39711752" >
  <allocated-bytes non-tlh="0" tlh="39711752" arrayletleaf="0"/>
  <largest-consumer threadName="main" threadId="0000000001033F00" bytes="39711752" />
</allocation-stats>
<gc-op id="802" type="copy forward" timems="9.936" contextid="799" timestamp="2019-08-09T08:30:15.062">
  <memory-copied type="eden" objects="2" bytes="56" bytesdiscarded="0" />
  <memory-copied type="other" objects="1234" bytes="40720" bytesdiscarded="5416" />
  <memory-cardclean objects="30372" bytes="1239280" />
  <regions eden="19" other="2" />
  <remembered-set-cleared processed="35841" cleared="6859" durationms="0.262" />
  <references type="soft" candidates="1" cleared="0" enqueued="0" dynamicThreshold="17" maxThreshold="32" />
  <references type="weak" candidates="171" cleared="0" enqueued="0" />
  <stringconstants candidates="13771" cleared="0"  />
</gc-op>
<gc-op id="803" type="classunload" timems="0.012" contextid="799" timestamp="2019-08-09T08:30:15.062">
  <classunload-info classloadercandidates="55" classloadersunloaded="0" classesunloaded="0" anonymousclassesunloaded="0" quiescems="0.000" setupms="0.011" scanms="0.000" postms="0.000" />
</gc-op>
<heap-resize id="804" type="expand" space="default" amount="23068672" count="1" timems="0.118" reason="excessive time being spent in gc" timestamp="2019-08-09T08:30:15.062" />
<gc-end id="805" type="partial gc" contextid="799" durationms="11.697" usertimems="27.279" systemtimems="0.000" timestamp="2019-08-09T08:30:15.062" activeThreads="16">
  <mem-info id="806" free="92274688" total="153092096" percent="60">
    <mem type="eden" free="2097096" total="2097152" percent="99" />
    <remembered-set count="49472" freebytes="5922432" totalbytes="6120320" percent="96" regionsoverflowed="0" regionsstable="0" regionsrebuilding="0"/>
  </mem-info>
</gc-end>
<cycle-end id="807" type="partial gc" contextid="799" timestamp="2019-08-09T08:30:15.062" />
  <attribute name="elasticGC enabled" value="1" />
  <attribute name= "numThreadsSpecified" value="16" />
  <attribute name="heapSize specified" value="0" />
  <attribute name="Current GC Util" value="115" />
  <attribute name= "Current Time Running" value="71250" />
  <attribute name ="GC Interval" value="0" />
  <attribute name="Target GC Util Change" value ="80.000000" />
  <attribute name="Current GC Util Change" value="115.000000"/>
  <attribute name="Current Error" value="-35.000000" />
  <attribute name="Output H" value="130061248"/>
  <attribute name="Output I" value="1984"/>
  <attribute name="Output T" value="16"/>
  <attribute name= "Current Time Running" value="71250" />
  <attribute name="GC Util currently" value="115" />
  <attribute name="CPU Util currently" value="1022935084195" />
<exclusive-end id="808" timestamp="2019-08-09T08:30:15.063" durationms="12.287" />

<exclusive-start id="809" timestamp="2019-08-09T08:30:15.091" intervalms="40.265">
  <response-info timems="0.033" idlems="0.033" threads="0" lastid="0000000001033F00" lastname="main" />
</exclusive-start>
<allocation-taxation id="810" taxation-threshold="46137344" timestamp="2019-08-09T08:30:15.091" intervalms="40.286" />
<cycle-start id="811" type="partial gc" contextid="0" timestamp="2019-08-09T08:30:15.091" intervalms="40.321" />
<gc-start id="812" type="partial gc" contextid="811" timestamp="2019-08-09T08:30:15.091">
  <mem-info id="813" free="46137344" total="153092096" percent="30">
    <mem type="eden" free="2097096" total="48234496" percent="4" />
    <remembered-set count="49312" freebytes="5923072" totalbytes="6120320" percent="96" regionsoverflowed="0" regionsstable="0" regionsrebuilding="0"/>
  </mem-info>
</gc-start>
<allocation-stats totalBytes="45982592" >
  <allocated-bytes non-tlh="0" tlh="45982592" arrayletleaf="0"/>
  <largest-consumer threadName="main" threadId="0000000001033F00" bytes="45982592" />
</allocation-stats>
<gc-op id="814" type="copy forward" timems="10.928" contextid="811" timestamp="2019-08-09T08:30:15.103">
  <memory-copied type="eden" objects="2" bytes="56" bytesdiscarded="0" />
  <memory-copied type="other" objects="946" bytes="40992" bytesdiscarded="7080" />
  <memory-cardclean objects="932" bytes="47112" />
  <regions eden="22" other="2" />
  <remembered-set-cleared processed="38830" cleared="571" durationms="0.313" />
  <references type="soft" candidates="25" cleared="0" enqueued="0" dynamicThreshold="19" maxThreshold="32" />
  <references type="weak" candidates="7" cleared="0" enqueued="0" />
  <stringconstants candidates="13771" cleared="0"  />
</gc-op>
<gc-op id="815" type="classunload" timems="0.008" contextid="811" timestamp="2019-08-09T08:30:15.103">
  <classunload-info classloadercandidates="55" classloadersunloaded="0" classesunloaded="0" anonymousclassesunloaded="0" quiescems="0.000" setupms="0.008" scanms="0.000" postms="0.000" />
</gc-op>
<gc-end id="816" type="partial gc" contextid="811" durationms="12.359" usertimems="27.981" systemtimems="0.000" timestamp="2019-08-09T08:30:15.103" activeThreads="16">
  <mem-info id="817" free="92274688" total="153092096" percent="60">
    <mem type="eden" free="2097096" total="2097152" percent="99" />
    <remembered-set count="49312" freebytes="5923072" totalbytes="6120320" percent="96" regionsoverflowed="0" regionsstable="0" regionsrebuilding="0"/>
  </mem-info>
</gc-end>
<cycle-end id="818" type="partial gc" contextid="811" timestamp="2019-08-09T08:30:15.104" />
  <attribute name="elasticGC enabled" value="1" />
  <attribute name= "numThreadsSpecified" value="16" />
  <attribute name="heapSize specified" value="0" />
  <attribute name="Current GC Util" value="155" />
  <attribute name= "Current Time Running" value="71290" />
  <attribute name ="GC Interval" value="0" />
  <attribute name="Target GC Util Change" value ="80.000000" />
  <attribute name="Current GC Util Change" value="155.000000"/>
  <attribute name="Current Error" value="-96.000000" />
  <attribute name="Output H" value="153129888"/>
  <attribute name="Output I" value="1952"/>
  <attribute name="Output T" value="16"/>
  <attribute name= "Current Time Running" value="71290" />
  <attribute name="GC Util currently" value="155" />
  <attribute name="CPU Util currently" value="1204851808921" />
<exclusive-end id="819" timestamp="2019-08-09T08:30:15.104" durationms="13.116" />

<exclusive-start id="820" timestamp="2019-08-09T08:30:15.129" intervalms="38.643">
  <response-info timems="0.041" idlems="0.041" threads="0" lastid="0000000001033F00" lastname="main" />
</exclusive-start>
<allocation-taxation id="821" taxation-threshold="46137344" timestamp="2019-08-09T08:30:15.129" intervalms="38.622" />
<cycle-start id="822" type="partial gc" contextid="0" timestamp="2019-08-09T08:30:15.129" intervalms="38.556" />
<gc-start id="823" type="partial gc" contextid="822" timestamp="2019-08-09T08:30:15.130">
  <mem-info id="824" free="46137344" total="153092096" percent="30">
    <mem type="eden" free="2097096" total="48234496" percent="4" />
    <remembered-set count="49024" freebytes="5924224" totalbytes="6120320" percent="96" regionsoverflowed="0" regionsstable="0" regionsrebuilding="0"/>
  </mem-info>
</gc-start>
<allocation-stats totalBytes="45982592" >
  <allocated-bytes non-tlh="0" tlh="45982592" arrayletleaf="0"/>
  <largest-consumer threadName="main" threadId="0000000001033F00" bytes="45982592" />
</allocation-stats>
<gc-op id="825" type="copy forward" timems="10.042" contextid="822" timestamp="2019-08-09T08:30:15.140">
  <memory-copied type="eden" objects="2" bytes="56" bytesdiscarded="0" />
  <memory-copied type="other" objects="4858" bytes="188112" bytesdiscarded="20680" />
  <memory-cardclean objects="2480" bytes="103488" />
  <regions eden="22" other="3" />
  <remembered-set-cleared processed="38709" cleared="1730" durationms="0.403" />
  <references type="soft" candidates="61" cleared="0" enqueued="0" dynamicThreshold="19" maxThreshold="32" />
  <references type="weak" candidates="417" cleared="0" enqueued="0" />
  <stringconstants candidates="13771" cleared="0"  />
</gc-op>
<gc-op id="826" type="classunload" timems="0.008" contextid="822" timestamp="2019-08-09T08:30:15.140">
  <classunload-info classloadercandidates="55" classloadersunloaded="0" classesunloaded="0" anonymousclassesunloaded="0" quiescems="0.000" setupms="0.008" scanms="0.000" postms="0.000" />
</gc-op>
<gc-end id="827" type="partial gc" contextid="822" durationms="10.994" usertimems="24.085" systemtimems="0.000" timestamp="2019-08-09T08:30:15.141" activeThreads="16">
  <mem-info id="828" free="94371840" total="153092096" percent="61">
    <mem type="eden" free="2097096" total="2097152" percent="99" />
    <remembered-set count="50304" freebytes="5919104" totalbytes="6120320" percent="96" regionsoverflowed="0" regionsstable="0" regionsrebuilding="0"/>
  </mem-info>
</gc-end>
<cycle-end id="829" type="partial gc" contextid="822" timestamp="2019-08-09T08:30:15.141" />
  <attribute name="elasticGC enabled" value="1" />
  <attribute name= "numThreadsSpecified" value="16" />
  <attribute name="heapSize specified" value="0" />
  <attribute name="Current GC Util" value="228" />
  <attribute name= "Current Time Running" value="71328" />
  <attribute name ="GC Interval" value="0" />
  <attribute name="Target GC Util Change" value ="80.000000" />
  <attribute name="Current GC Util Change" value="228.000000"/>
  <attribute name="Current Error" value="-235.000000" />
  <attribute name="Output H" value="153129808"/>
  <attribute name="Output I" value="1872"/>
  <attribute name="Output T" value="16"/>
  <attribute name= "Current Time Running" value="71328" />
  <attribute name="GC Util currently" value="228" />
  <attribute name="CPU Util currently" value="2620258250213" />
<exclusive-end id="830" timestamp="2019-08-09T08:30:15.141" durationms="12.023" />

<exclusive-start id="831" timestamp="2019-08-09T08:30:15.180" intervalms="50.967">
  <response-info timems="0.102" idlems="0.102" threads="0" lastid="0000000001033F00" lastname="main" />
</exclusive-start>
<allocation-taxation id="832" taxation-threshold="46137344" timestamp="2019-08-09T08:30:15.180" intervalms="50.975" />
<cycle-start id="833" type="partial gc" contextid="0" timestamp="2019-08-09T08:30:15.180" intervalms="50.945" />
<gc-start id="834" type="partial gc" contextid="833" timestamp="2019-08-09T08:30:15.180">
  <mem-info id="835" free="48234496" total="153092096" percent="31">
    <mem type="eden" free="2097096" total="48234496" percent="4" />
    <remembered-set count="50240" freebytes="5919360" totalbytes="6120320" percent="96" regionsoverflowed="0" regionsstable="0" regionsrebuilding="0"/>
  </mem-info>
</gc-start>
<allocation-stats totalBytes="45982592" >
  <allocated-bytes non-tlh="0" tlh="45982592" arrayletleaf="0"/>
  <largest-consumer threadName="main" threadId="0000000001033F00" bytes="45982592" />
</allocation-stats>
<gc-op id="836" type="copy forward" timems="8.841" contextid="833" timestamp="2019-08-09T08:30:15.190">
  <memory-copied type="eden" objects="2" bytes="56" bytesdiscarded="0" />
  <memory-copied type="other" objects="5088" bytes="194080" bytesdiscarded="21512" />
  <memory-cardclean objects="401" bytes="27808" />
  <regions eden="22" other="2" />
  <remembered-set-cleared processed="38965" cleared="965" durationms="0.317" />
  <references type="soft" candidates="94" cleared="0" enqueued="0" dynamicThreshold="19" maxThreshold="32" />
  <references type="weak" candidates="204" cleared="0" enqueued="0" />
  <stringconstants candidates="13771" cleared="0"  />
</gc-op>
<gc-op id="837" type="classunload" timems="0.009" contextid="833" timestamp="2019-08-09T08:30:15.190">
  <classunload-info classloadercandidates="55" classloadersunloaded="0" classesunloaded="0" anonymousclassesunloaded="0" quiescems="0.000" setupms="0.009" scanms="0.000" postms="0.000" />
</gc-op>
<heap-resize id="838" type="contract" space="default" amount="2097152" count="1" timems="0.128" reason="excess free space following gc" timestamp="2019-08-09T08:30:15.190" />
<gc-end id="839" type="partial gc" contextid="833" durationms="9.958" usertimems="32.206" systemtimems="0.000" timestamp="2019-08-09T08:30:15.190" activeThreads="16">
  <mem-info id="840" free="92274688" total="150994944" percent="61">
    <mem type="eden" free="2097096" total="2097152" percent="99" />
    <remembered-set count="50912" freebytes="5916672" totalbytes="6120320" percent="96" regionsoverflowed="0" regionsstable="0" regionsrebuilding="0"/>
  </mem-info>
</gc-end>
<cycle-end id="841" type="partial gc" contextid="833" timestamp="2019-08-09T08:30:15.190" />
  <attribute name="elasticGC enabled" value="1" />
  <attribute name= "numThreadsSpecified" value="16" />
  <attribute name="heapSize specified" value="0" />
  <attribute name="Current GC Util" value="165" />
  <attribute name= "Current Time Running" value="71379" />
  <attribute name ="GC Interval" value="0" />
  <attribute name="Target GC Util Change" value ="80.000000" />
  <attribute name="Current GC Util Change" value="165.000000"/>
  <attribute name="Current Error" value="-85.000000" />
  <attribute name="Output H" value="153129888"/>
  <attribute name="Output I" value="1952"/>
  <attribute name="Output T" value="16"/>
  <attribute name= "Current Time Running" value="71379" />
  <attribute name="GC Util currently" value="165" />
  <attribute name="CPU Util currently" value="2209809097669" />
<exclusive-end id="842" timestamp="2019-08-09T08:30:15.191" durationms="10.500" />

<exclusive-start id="843" timestamp="2019-08-09T08:30:15.225" intervalms="45.009">
  <response-info timems="0.047" idlems="0.047" threads="0" lastid="0000000001033F00" lastname="main" />
</exclusive-start>
<allocation-taxation id="844" taxation-threshold="44040192" timestamp="2019-08-09T08:30:15.225" intervalms="45.010" />
<cycle-start id="845" type="partial gc" contextid="0" timestamp="2019-08-09T08:30:15.225" intervalms="45.069" />
<gc-start id="846" type="partial gc" contextid="845" timestamp="2019-08-09T08:30:15.226">
  <mem-info id="847" free="48234496" total="150994944" percent="31">
    <mem type="eden" free="2097096" total="46137344" percent="4" />
    <remembered-set count="50496" freebytes="5918336" totalbytes="6120320" percent="96" regionsoverflowed="0" regionsstable="0" regionsrebuilding="0"/>
  </mem-info>
</gc-start>
<allocation-stats totalBytes="43892328" >
  <allocated-bytes non-tlh="0" tlh="43892328" arrayletleaf="0"/>
  <largest-consumer threadName="main" threadId="0000000001033F00" bytes="43892328" />
</allocation-stats>
<gc-op id="848" type="copy forward" timems="10.484" contextid="845" timestamp="2019-08-09T08:30:15.237">
  <memory-copied type="eden" objects="2" bytes="56" bytesdiscarded="0" />
  <memory-copied type="other" objects="6861" bytes="257896" bytesdiscarded="22912" />
  <memory-cardclean objects="1316" bytes="187640" />
  <regions eden="21" other="2" />
  <remembered-set-cleared processed="38959" cleared="1069" durationms="0.185" />
  <references type="soft" candidates="634" cleared="0" enqueued="0" dynamicThreshold="19" maxThreshold="32" />
  <references type="weak" candidates="70" cleared="0" enqueued="0" />
  <stringconstants candidates="13771" cleared="0"  />
</gc-op>
<gc-op id="849" type="classunload" timems="0.009" contextid="845" timestamp="2019-08-09T08:30:15.237">
  <classunload-info classloadercandidates="55" classloadersunloaded="0" classesunloaded="0" anonymousclassesunloaded="0" quiescems="0.000" setupms="0.008" scanms="0.000" postms="0.000" />
</gc-op>
<gc-end id="850" type="partial gc" contextid="845" durationms="11.906" usertimems="46.564" systemtimems="0.000" timestamp="2019-08-09T08:30:15.238" activeThreads="16">
  <mem-info id="851" free="92274688" total="150994944" percent="61">
    <mem type="eden" free="2097096" total="2097152" percent="99" />
    <remembered-set count="52480" freebytes="5826560" totalbytes="6036480" percent="96" regionsoverflowed="0" regionsstable="0" regionsrebuilding="0"/>
  </mem-info>
</gc-end>
<cycle-end id="852" type="partial gc" contextid="845" timestamp="2019-08-09T08:30:15.238" />
  <attribute name="elasticGC enabled" value="1" />
  <attribute name= "numThreadsSpecified" value="16" />
  <attribute name="heapSize specified" value="0" />
  <attribute name="Current GC Util" value="87" />
  <attribute name= "Current Time Running" value="71425" />
  <attribute name ="GC Interval" value="0" />
  <attribute name="Target GC Util Change" value ="80.000000" />
  <attribute name="Current GC Util Change" value="87.000000"/>
  <attribute name="Current Error" value="-60.000000" />
  <attribute name="Output H" value="151032752"/>
  <attribute name="Output I" value="1968"/>
  <attribute name="Output T" value="16"/>
  <attribute name= "Current Time Running" value="71425" />
  <attribute name="GC Util currently" value="87" />
  <attribute name="CPU Util currently" value="1163833594357" />
<exclusive-end id="853" timestamp="2019-08-09T08:30:15.238" durationms="12.508" />

<exclusive-start id="854" timestamp="2019-08-09T08:30:15.261" intervalms="36.131">
  <response-info timems="0.047" idlems="0.047" threads="0" lastid="0000000001033F00" lastname="main" />
</exclusive-start>
<allocation-taxation id="855" taxation-threshold="44040192" timestamp="2019-08-09T08:30:15.261" intervalms="36.145" />
<cycle-start id="856" type="partial gc" contextid="0" timestamp="2019-08-09T08:30:15.261" intervalms="36.171" />
<gc-start id="857" type="partial gc" contextid="856" timestamp="2019-08-09T08:30:15.262">
  <mem-info id="858" free="48234496" total="150994944" percent="31">
    <mem type="eden" free="2097096" total="46137344" percent="4" />
    <remembered-set count="52128" freebytes="5827968" totalbytes="6036480" percent="96" regionsoverflowed="0" regionsstable="0" regionsrebuilding="0"/>
  </mem-info>
</gc-start>
<allocation-stats totalBytes="43892304" >
  <allocated-bytes non-tlh="0" tlh="43892304" arrayletleaf="0"/>
  <largest-consumer threadName="main" threadId="0000000001033F00" bytes="43892304" />
</allocation-stats>
<gc-op id="859" type="copy forward" timems="11.593" contextid="856" timestamp="2019-08-09T08:30:15.274">
  <memory-copied type="eden" objects="2" bytes="56" bytesdiscarded="0" />
  <memory-copied type="other" objects="32748" bytes="867680" bytesdiscarded="53416" />
  <memory-cardclean objects="6829" bytes="450208" />
  <regions eden="21" other="2" />
  <remembered-set-cleared processed="38641" cleared="4347" durationms="0.207" />
  <finalization candidates="1" enqueued="0" />
  <references type="soft" candidates="136" cleared="0" enqueued="0" dynamicThreshold="19" maxThreshold="32" />
  <references type="weak" candidates="8" cleared="0" enqueued="0" />
  <references type="phantom" candidates="1" cleared="0" enqueued="0" />
  <stringconstants candidates="13771" cleared="0"  />
</gc-op>
<gc-op id="860" type="classunload" timems="0.008" contextid="856" timestamp="2019-08-09T08:30:15.274">
  <classunload-info classloadercandidates="55" classloadersunloaded="0" classesunloaded="0" anonymousclassesunloaded="0" quiescems="0.000" setupms="0.008" scanms="0.000" postms="0.000" />
</gc-op>
<gc-end id="861" type="partial gc" contextid="856" durationms="12.621" usertimems="39.260" systemtimems="0.000" timestamp="2019-08-09T08:30:15.274" activeThreads="16">
  <mem-info id="862" free="92274688" total="150994944" percent="61">
    <mem type="eden" free="2097096" total="2097152" percent="99" />
    <remembered-set count="49920" freebytes="5836800" totalbytes="6036480" percent="96" regionsoverflowed="0" regionsstable="0" regionsrebuilding="0"/>
  </mem-info>
</gc-end>
<cycle-end id="863" type="partial gc" contextid="856" timestamp="2019-08-09T08:30:15.274" />
  <attribute name="elasticGC enabled" value="1" />
  <attribute name= "numThreadsSpecified" value="16" />
  <attribute name="heapSize specified" value="0" />
  <attribute name="Current GC Util" value="135" />
  <attribute name= "Current Time Running" value="71460" />
  <attribute name ="GC Interval" value="0" />
  <attribute name="Target GC Util Change" value ="80.000000" />
  <attribute name="Current GC Util Change" value="135.000000"/>
  <attribute name="Current Error" value="-131.000000" />
  <attribute name="Output H" value="151032712"/>
  <attribute name="Output I" value="1928"/>
  <attribute name="Output T" value="16"/>
  <attribute name= "Current Time Running" value="71460" />
  <attribute name="GC Util currently" value="135" />
  <attribute name="CPU Util currently" value="2151069246308" />
<exclusive-end id="864" timestamp="2019-08-09T08:30:15.275" durationms="13.243" />

<exclusive-start id="865" timestamp="2019-08-09T08:30:15.299" intervalms="37.592">
  <response-info timems="0.058" idlems="0.058" threads="0" lastid="0000000001033F00" lastname="main" />
</exclusive-start>
<allocation-taxation id="866" taxation-threshold="44040192" timestamp="2019-08-09T08:30:15.299" intervalms="37.569" />
<cycle-start id="867" type="partial gc" contextid="0" timestamp="2019-08-09T08:30:15.299" intervalms="37.534" />
<gc-start id="868" type="partial gc" contextid="867" timestamp="2019-08-09T08:30:15.299">
  <mem-info id="869" free="48234496" total="150994944" percent="31">
    <mem type="eden" free="2097096" total="46137344" percent="4" />
    <remembered-set count="49632" freebytes="5837952" totalbytes="6036480" percent="96" regionsoverflowed="0" regionsstable="0" regionsrebuilding="0"/>
  </mem-info>
</gc-start>
<allocation-stats totalBytes="43892304" >
  <allocated-bytes non-tlh="0" tlh="43892304" arrayletleaf="0"/>
  <largest-consumer threadName="main" threadId="0000000001033F00" bytes="43892304" />
</allocation-stats>
<gc-op id="870" type="copy forward" timems="10.573" contextid="867" timestamp="2019-08-09T08:30:15.311">
  <memory-copied type="eden" objects="2" bytes="56" bytesdiscarded="0" />
  <memory-copied type="other" objects="60106" bytes="1458408" bytesdiscarded="82200" />
  <memory-cardclean objects="5170" bytes="412968" />
  <regions eden="21" other="2" />
  <remembered-set-cleared processed="38838" cleared="5799" durationms="0.238" />
  <references type="weak" candidates="2" cleared="0" enqueued="0" />
  <stringconstants candidates="13771" cleared="0"  />
</gc-op>
<gc-op id="871" type="classunload" timems="0.010" contextid="867" timestamp="2019-08-09T08:30:15.311">
  <classunload-info classloadercandidates="55" classloadersunloaded="0" classesunloaded="0" anonymousclassesunloaded="0" quiescems="0.000" setupms="0.009" scanms="0.000" postms="0.000" />
</gc-op>
<gc-end id="872" type="partial gc" contextid="867" durationms="12.110" usertimems="46.992" systemtimems="0.000" timestamp="2019-08-09T08:30:15.311" activeThreads="16">
  <mem-info id="873" free="92274688" total="150994944" percent="61">
    <mem type="eden" free="2097096" total="2097152" percent="99" />
    <remembered-set count="49248" freebytes="5839488" totalbytes="6036480" percent="96" regionsoverflowed="0" regionsstable="0" regionsrebuilding="0"/>
  </mem-info>
</gc-end>
<cycle-end id="874" type="partial gc" contextid="867" timestamp="2019-08-09T08:30:15.311" />
  <attribute name="elasticGC enabled" value="1" />
  <attribute name= "numThreadsSpecified" value="16" />
  <attribute name="heapSize specified" value="0" />
  <attribute name="Current GC Util" value="214" />
  <attribute name= "Current Time Running" value="71498" />
  <attribute name ="GC Interval" value="0" />
  <attribute name="Target GC Util Change" value ="80.000000" />
  <attribute name="Current GC Util Change" value="214.000000"/>
  <attribute name="Current Error" value="-134.000000" />
  <attribute name="Output H" value="151032712"/>
  <attribute name="Output I" value="1928"/>
  <attribute name="Output T" value="16"/>
  <attribute name= "Current Time Running" value="71498" />
  <attribute name="GC Util currently" value="214" />
  <attribute name="CPU Util currently" value="1018797781052" />
<exclusive-end id="875" timestamp="2019-08-09T08:30:15.312" durationms="12.693" />

<exclusive-start id="876" timestamp="2019-08-09T08:30:15.336" intervalms="36.652">
  <response-info timems="0.039" idlems="0.039" threads="0" lastid="0000000001033F00" lastname="main" />
</exclusive-start>
<allocation-taxation id="877" taxation-threshold="44040192" timestamp="2019-08-09T08:30:15.336" intervalms="36.654" />
<cycle-start id="878" type="partial gc" contextid="0" timestamp="2019-08-09T08:30:15.336" intervalms="36.631" />
<gc-start id="879" type="partial gc" contextid="878" timestamp="2019-08-09T08:30:15.336">
  <mem-info id="880" free="48234496" total="150994944" percent="31">
    <mem type="eden" free="2097096" total="46137344" percent="4" />
    <remembered-set count="49088" freebytes="5840128" totalbytes="6036480" percent="96" regionsoverflowed="0" regionsstable="0" regionsrebuilding="0"/>
  </mem-info>
</gc-start>
<allocation-stats totalBytes="43892304" >
  <allocated-bytes non-tlh="0" tlh="43892304" arrayletleaf="0"/>
  <largest-consumer threadName="main" threadId="0000000001033F00" bytes="43892304" />
</allocation-stats>
<gc-op id="881" type="copy forward" timems="25.429" contextid="878" timestamp="2019-08-09T08:30:15.362">
  <memory-copied type="eden" objects="2" bytes="56" bytesdiscarded="0" />
  <memory-copied type="other" objects="56308" bytes="1398696" bytesdiscarded="57808" />
  <memory-cardclean objects="3587" bytes="357344" />
  <regions eden="21" other="2" />
  <remembered-set-cleared processed="38362" cleared="5116" durationms="0.204" />
  <stringconstants candidates="13771" cleared="0"  />
</gc-op>
<gc-op id="882" type="classunload" timems="0.009" contextid="878" timestamp="2019-08-09T08:30:15.362">
  <classunload-info classloadercandidates="55" classloadersunloaded="0" classesunloaded="0" anonymousclassesunloaded="0" quiescems="0.000" setupms="0.008" scanms="0.000" postms="0.000" />
</gc-op>
<gc-end id="883" type="partial gc" contextid="878" durationms="26.418" usertimems="76.409" systemtimems="0.000" timestamp="2019-08-09T08:30:15.362" activeThreads="16">
  <mem-info id="884" free="92274688" total="150994944" percent="61">
    <mem type="eden" free="2097096" total="2097152" percent="99" />
    <remembered-set count="48288" freebytes="5843328" totalbytes="6036480" percent="96" regionsoverflowed="0" regionsstable="0" regionsrebuilding="0"/>
  </mem-info>
</gc-end>
<cycle-end id="885" type="partial gc" contextid="878" timestamp="2019-08-09T08:30:15.362" />
  <attribute name="elasticGC enabled" value="1" />
  <attribute name= "numThreadsSpecified" value="16" />
  <attribute name="heapSize specified" value="0" />
  <attribute name="Current GC Util" value="138" />
  <attribute name= "Current Time Running" value="71535" />
  <attribute name ="GC Interval" value="0" />
  <attribute name="Target GC Util Change" value ="80.000000" />
  <attribute name="Current GC Util Change" value="138.000000"/>
  <attribute name="Current Error" value="-203.000000" />
  <attribute name="Output H" value="151032672"/>
  <attribute name="Output I" value="1888"/>
  <attribute name="Output T" value="16"/>
  <attribute name= "Current Time Running" value="71535" />
  <attribute name="GC Util currently" value="138" />
  <attribute name="CPU Util currently" value="2076767245586" />
<exclusive-end id="886" timestamp="2019-08-09T08:30:15.363" durationms="27.044" />

<exclusive-start id="887" timestamp="2019-08-09T08:30:15.387" intervalms="51.577">
  <response-info timems="0.043" idlems="0.043" threads="0" lastid="0000000001033F00" lastname="main" />
</exclusive-start>
<allocation-taxation id="888" taxation-threshold="44040192" timestamp="2019-08-09T08:30:15.387" intervalms="51.577" />
<cycle-start id="889" type="partial gc" contextid="0" timestamp="2019-08-09T08:30:15.387" intervalms="51.611" />
<gc-start id="890" type="partial gc" contextid="889" timestamp="2019-08-09T08:30:15.388">
  <mem-info id="891" free="48234496" total="150994944" percent="31">
    <mem type="eden" free="2097096" total="46137344" percent="4" />
    <remembered-set count="48000" freebytes="5844480" totalbytes="6036480" percent="96" regionsoverflowed="0" regionsstable="0" regionsrebuilding="0"/>
  </mem-info>
</gc-start>
<allocation-stats totalBytes="43892328" >
  <allocated-bytes non-tlh="0" tlh="43892328" arrayletleaf="0"/>
  <largest-consumer threadName="main" threadId="0000000001033F00" bytes="43892328" />
</allocation-stats>
<gc-op id="892" type="copy forward" timems="9.238" contextid="889" timestamp="2019-08-09T08:30:15.397">
  <memory-copied type="eden" objects="2" bytes="56" bytesdiscarded="0" />
  <memory-copied type="other" objects="79877" bytes="1973360" bytesdiscarded="112104" />
  <memory-cardclean objects="6514" bytes="562328" />
  <regions eden="21" other="2" />
  <remembered-set-cleared processed="37822" cleared="5563" durationms="0.282" />
  <references type="weak" candidates="6" cleared="0" enqueued="0" />
  <stringconstants candidates="13771" cleared="0"  />
</gc-op>
<gc-op id="893" type="classunload" timems="0.008" contextid="889" timestamp="2019-08-09T08:30:15.398">
  <classunload-info classloadercandidates="55" classloadersunloaded="0" classesunloaded="0" anonymousclassesunloaded="0" quiescems="0.000" setupms="0.008" scanms="0.000" postms="0.000" />
</gc-op>
<gc-end id="894" type="partial gc" contextid="889" durationms="10.143" usertimems="26.570" systemtimems="0.000" timestamp="2019-08-09T08:30:15.398" activeThreads="16">
  <mem-info id="895" free="92274688" total="150994944" percent="61">
    <mem type="eden" free="2097096" total="2097152" percent="99" />
    <remembered-set count="49824" freebytes="5837184" totalbytes="6036480" percent="96" regionsoverflowed="0" regionsstable="0" regionsrebuilding="0"/>
  </mem-info>
</gc-end>
<cycle-end id="896" type="partial gc" contextid="889" timestamp="2019-08-09T08:30:15.398" />
  <attribute name="elasticGC enabled" value="1" />
  <attribute name= "numThreadsSpecified" value="16" />
  <attribute name="heapSize specified" value="0" />
  <attribute name="Current GC Util" value="125" />
  <attribute name= "Current Time Running" value="71586" />
  <attribute name ="GC Interval" value="0" />
  <attribute name="Target GC Util Change" value ="80.000000" />
  <attribute name="Current GC Util Change" value="125.000000"/>
  <attribute name="Current Error" value="-264.000000" />
  <attribute name="Output H" value="151032632"/>
  <attribute name="Output I" value="1848"/>
  <attribute name="Output T" value="16"/>
  <attribute name= "Current Time Running" value="71586" />
  <attribute name="GC Util currently" value="125" />
  <attribute name="CPU Util currently" value="2362514988768" />
<exclusive-end id="897" timestamp="2019-08-09T08:30:15.398" durationms="10.886" />

<exclusive-start id="898" timestamp="2019-08-09T08:30:15.422" intervalms="34.735">
  <response-info timems="0.042" idlems="0.042" threads="0" lastid="0000000001033F00" lastname="main" />
</exclusive-start>
<allocation-taxation id="899" taxation-threshold="44040192" timestamp="2019-08-09T08:30:15.422" intervalms="34.735" />
<cycle-start id="900" type="partial gc" contextid="0" timestamp="2019-08-09T08:30:15.422" intervalms="34.723" />
<gc-start id="901" type="partial gc" contextid="900" timestamp="2019-08-09T08:30:15.422">
  <mem-info id="902" free="48234496" total="150994944" percent="31">
    <mem type="eden" free="2097096" total="46137344" percent="4" />
    <remembered-set count="49664" freebytes="5837824" totalbytes="6036480" percent="96" regionsoverflowed="0" regionsstable="0" regionsrebuilding="0"/>
  </mem-info>
</gc-start>
<allocation-stats totalBytes="43892304" >
  <allocated-bytes non-tlh="0" tlh="43892304" arrayletleaf="0"/>
  <largest-consumer threadName="main" threadId="0000000001033F00" bytes="43892304" />
</allocation-stats>
<gc-op id="903" type="copy forward" timems="8.919" contextid="900" timestamp="2019-08-09T08:30:15.433">
  <memory-copied type="eden" objects="2" bytes="56" bytesdiscarded="0" />
  <memory-copied type="other" objects="107597" bytes="3377272" bytesdiscarded="362312" />
  <memory-cardclean objects="56061" bytes="1580896" />
  <regions eden="21" other="4" />
  <remembered-set-cleared processed="29130" cleared="8348" durationms="0.194" />
  <finalization candidates="13" enqueued="0" />
  <references type="soft" candidates="2812" cleared="0" enqueued="0" dynamicThreshold="19" maxThreshold="32" />
  <references type="weak" candidates="1640" cleared="0" enqueued="0" />
  <references type="phantom" candidates="51" cleared="0" enqueued="0" />
  <stringconstants candidates="13771" cleared="0"  />
</gc-op>
<gc-op id="904" type="classunload" timems="0.008" contextid="900" timestamp="2019-08-09T08:30:15.433">
  <classunload-info classloadercandidates="55" classloadersunloaded="0" classesunloaded="0" anonymousclassesunloaded="0" quiescems="0.000" setupms="0.008" scanms="0.000" postms="0.000" />
</gc-op>
<heap-resize id="905" type="contract" space="default" amount="8388608" count="1" timems="0.683" reason="excess free space following gc" timestamp="2019-08-09T08:30:15.434" />
<gc-end id="906" type="partial gc" contextid="900" durationms="11.449" usertimems="48.375" systemtimems="0.000" timestamp="2019-08-09T08:30:15.434" activeThreads="16">
  <mem-info id="907" free="88080384" total="142606336" percent="61">
    <mem type="eden" free="2097096" total="2097152" percent="99" />
    <remembered-set count="49696" freebytes="5837696" totalbytes="6036480" percent="96" regionsoverflowed="0" regionsstable="0" regionsrebuilding="0"/>
  </mem-info>
</gc-end>
<cycle-end id="908" type="partial gc" contextid="900" timestamp="2019-08-09T08:30:15.434" />
  <attribute name="elasticGC enabled" value="1" />
  <attribute name= "numThreadsSpecified" value="16" />
  <attribute name="heapSize specified" value="0" />
  <attribute name="Current GC Util" value="182" />
  <attribute name= "Current Time Running" value="71622" />
  <attribute name ="GC Interval" value="0" />
  <attribute name="Target GC Util Change" value ="80.000000" />
  <attribute name="Current GC Util Change" value="182.000000"/>
  <attribute name="Current Error" value="-102.000000" />
  <attribute name="Output H" value="151032728"/>
  <attribute name="Output I" value="1944"/>
  <attribute name="Output T" value="16"/>
  <attribute name= "Current Time Running" value="71622" />
  <attribute name="GC Util currently" value="182" />
  <attribute name="CPU Util currently" value="902934218706" />
<exclusive-end id="909" timestamp="2019-08-09T08:30:15.434" durationms="12.057" />

<exclusive-start id="910" timestamp="2019-08-09T08:30:15.459" intervalms="37.069">
  <response-info timems="0.224" idlems="0.224" threads="0" lastid="0000000001033F00" lastname="main" />
</exclusive-start>
<allocation-taxation id="911" taxation-threshold="41943040" timestamp="2019-08-09T08:30:15.459" intervalms="37.064" />
<cycle-start id="912" type="partial gc" contextid="0" timestamp="2019-08-09T08:30:15.459" intervalms="37.038" />
<gc-start id="913" type="partial gc" contextid="912" timestamp="2019-08-09T08:30:15.459">
  <mem-info id="914" free="46137344" total="142606336" percent="32">
    <mem type="eden" free="2097096" total="44040192" percent="4" />
    <remembered-set count="49376" freebytes="5838976" totalbytes="6036480" percent="96" regionsoverflowed="0" regionsstable="0" regionsrebuilding="0"/>
  </mem-info>
</gc-start>
<allocation-stats totalBytes="41802016" >
  <allocated-bytes non-tlh="0" tlh="41802016" arrayletleaf="0"/>
  <largest-consumer threadName="main" threadId="0000000001033F00" bytes="41802016" />
</allocation-stats>
<gc-op id="915" type="copy forward" timems="15.823" contextid="912" timestamp="2019-08-09T08:30:15.477">
  <memory-copied type="eden" objects="2" bytes="56" bytesdiscarded="0" />
  <memory-copied type="other" objects="69645" bytes="2012144" bytesdiscarded="106192" />
  <memory-cardclean objects="24438" bytes="766832" />
  <regions eden="20" other="2" />
  <remembered-set-cleared processed="36502" cleared="7229" durationms="0.250" />
  <stringconstants candidates="13771" cleared="0"  />
</gc-op>
<gc-op id="916" type="classunload" timems="0.010" contextid="912" timestamp="2019-08-09T08:30:15.477">
  <classunload-info classloadercandidates="55" classloadersunloaded="0" classesunloaded="0" anonymousclassesunloaded="0" quiescems="0.000" setupms="0.010" scanms="0.000" postms="0.000" />
</gc-op>
<heap-resize id="917" type="contract" space="default" amount="2097152" count="1" timems="0.109" reason="excess free space following gc" timestamp="2019-08-09T08:30:15.477" />
<gc-end id="918" type="partial gc" contextid="912" durationms="18.253" usertimems="61.568" systemtimems="0.000" timestamp="2019-08-09T08:30:15.478" activeThreads="16">
  <mem-info id="919" free="85983232" total="140509184" percent="61">
    <mem type="eden" free="2097096" total="2097152" percent="99" />
    <remembered-set count="49536" freebytes="5502976" totalbytes="5701120" percent="96" regionsoverflowed="0" regionsstable="0" regionsrebuilding="0"/>
  </mem-info>
</gc-end>
<cycle-end id="920" type="partial gc" contextid="912" timestamp="2019-08-09T08:30:15.478" />
  <attribute name="elasticGC enabled" value="1" />
  <attribute name= "numThreadsSpecified" value="16" />
  <attribute name="heapSize specified" value="0" />
  <attribute name="Current GC Util" value="160" />
  <attribute name= "Current Time Running" value="71659" />
  <attribute name ="GC Interval" value="0" />
  <attribute name="Target GC Util Change" value ="80.000000" />
  <attribute name="Current GC Util Change" value="160.000000"/>
  <attribute name="Current Error" value="-200.000000" />
  <attribute name="Output H" value="142644064"/>
  <attribute name="Output I" value="1888"/>
  <attribute name="Output T" value="16"/>
  <attribute name= "Current Time Running" value="71659" />
  <attribute name="GC Util currently" value="160" />
  <attribute name="CPU Util currently" value="637674287895" />
<exclusive-end id="921" timestamp="2019-08-09T08:30:15.478" durationms="18.794" />

<exclusive-start id="922" timestamp="2019-08-09T08:30:15.500" intervalms="40.997">
  <response-info timems="0.037" idlems="0.037" threads="0" lastid="0000000001033F00" lastname="main" />
</exclusive-start>
<allocation-taxation id="923" taxation-threshold="41943040" timestamp="2019-08-09T08:30:15.500" intervalms="41.001" />
<cycle-start id="924" type="partial gc" contextid="0" timestamp="2019-08-09T08:30:15.500" intervalms="41.000" />
<gc-start id="925" type="partial gc" contextid="924" timestamp="2019-08-09T08:30:15.500">
  <mem-info id="926" free="44040192" total="140509184" percent="31">
    <mem type="eden" free="2097096" total="44040192" percent="4" />
    <remembered-set count="49280" freebytes="5504000" totalbytes="5701120" percent="96" regionsoverflowed="0" regionsstable="0" regionsrebuilding="0"/>
  </mem-info>
</gc-start>
<allocation-stats totalBytes="41802040" >
  <allocated-bytes non-tlh="0" tlh="41802040" arrayletleaf="0"/>
  <largest-consumer threadName="main" threadId="0000000001033F00" bytes="41802040" />
</allocation-stats>
<gc-op id="927" type="copy forward" timems="7.886" contextid="924" timestamp="2019-08-09T08:30:15.510">
  <memory-copied type="eden" objects="2" bytes="56" bytesdiscarded="0" />
  <memory-copied type="other" objects="3534" bytes="97432" bytesdiscarded="49248" />
  <memory-cardclean objects="3003" bytes="239528" />
  <regions eden="20" other="2" />
  <remembered-set-cleared processed="38737" cleared="1672" durationms="0.295" />
  <references type="soft" candidates="9" cleared="0" enqueued="0" dynamicThreshold="19" maxThreshold="32" />
  <references type="weak" candidates="85" cleared="0" enqueued="0" />
  <references type="phantom" candidates="1" cleared="0" enqueued="0" />
  <stringconstants candidates="13771" cleared="0"  />
</gc-op>
<gc-op id="928" type="classunload" timems="0.009" contextid="924" timestamp="2019-08-09T08:30:15.510">
  <classunload-info classloadercandidates="55" classloadersunloaded="0" classesunloaded="0" anonymousclassesunloaded="0" quiescems="0.000" setupms="0.008" scanms="0.000" postms="0.000" />
</gc-op>
<heap-resize id="929" type="contract" space="default" amount="4194304" count="1" timems="0.149" reason="excess free space following gc" timestamp="2019-08-09T08:30:15.510" />
<gc-end id="930" type="partial gc" contextid="924" durationms="10.194" usertimems="33.652" systemtimems="0.000" timestamp="2019-08-09T08:30:15.510" activeThreads="16">
  <mem-info id="931" free="83886080" total="136314880" percent="61">
    <mem type="eden" free="2097096" total="2097152" percent="99" />
    <remembered-set count="46720" freebytes="5430400" totalbytes="5617280" percent="96" regionsoverflowed="0" regionsstable="0" regionsrebuilding="0"/>
  </mem-info>
</gc-end>
<cycle-end id="932" type="partial gc" contextid="924" timestamp="2019-08-09T08:30:15.511" />
  <attribute name="elasticGC enabled" value="1" />
  <attribute name= "numThreadsSpecified" value="16" />
  <attribute name="heapSize specified" value="0" />
  <attribute name="Current GC Util" value="155" />
  <attribute name= "Current Time Running" value="71700" />
  <attribute name ="GC Interval" value="0" />
  <attribute name="Target GC Util Change" value ="80.000000" />
  <attribute name="Current GC Util Change" value="155.000000"/>
  <attribute name="Current Error" value="-298.000000" />
  <attribute name="Output H" value="140546856"/>
  <attribute name="Output I" value="1832"/>
  <attribute name="Output T" value="16"/>
  <attribute name= "Current Time Running" value="71700" />
  <attribute name="GC Util currently" value="155" />
  <attribute name="CPU Util currently" value="675096375500" />
<exclusive-end id="933" timestamp="2019-08-09T08:30:15.511" durationms="10.720" />

<exclusive-start id="934" timestamp="2019-08-09T08:30:15.560" intervalms="60.047">
  <response-info timems="3.123" idlems="1.581" threads="1" lastid="0000000001037B00" lastname="JIT Compilation Thread-0" />
</exclusive-start>
<allocation-taxation id="935" taxation-threshold="41943040" timestamp="2019-08-09T08:30:15.560" intervalms="60.051" />
<cycle-start id="936" type="partial gc" contextid="0" timestamp="2019-08-09T08:30:15.560" intervalms="60.086" />
<gc-start id="937" type="partial gc" contextid="936" timestamp="2019-08-09T08:30:15.560">
  <mem-info id="938" free="41943040" total="136314880" percent="30">
    <mem type="eden" free="2097096" total="44040192" percent="4" />
    <remembered-set count="46272" freebytes="5432192" totalbytes="5617280" percent="96" regionsoverflowed="0" regionsstable="0" regionsrebuilding="0"/>
  </mem-info>
</gc-start>
<allocation-stats totalBytes="41667976" >
  <allocated-bytes non-tlh="0" tlh="41667976" arrayletleaf="0"/>
  <largest-consumer threadName="main" threadId="0000000001033F00" bytes="41667976" />
</allocation-stats>
<gc-op id="939" type="copy forward" timems="7.727" contextid="936" timestamp="2019-08-09T08:30:15.569">
  <memory-copied type="eden" objects="28" bytes="1960" bytesdiscarded="1080" />
  <memory-copied type="other" objects="59728" bytes="1460560" bytesdiscarded="73384" />
  <memory-cardclean objects="4972" bytes="392392" />
  <regions eden="20" other="2" />
  <remembered-set-cleared processed="38174" cleared="4992" durationms="0.179" />
  <stringconstants candidates="13771" cleared="0"  />
</gc-op>
<gc-op id="940" type="classunload" timems="0.008" contextid="936" timestamp="2019-08-09T08:30:15.569">
  <classunload-info classloadercandidates="55" classloadersunloaded="0" classesunloaded="0" anonymousclassesunloaded="0" quiescems="0.000" setupms="0.008" scanms="0.000" postms="0.000" />
</gc-op>
<gc-end id="941" type="partial gc" contextid="936" durationms="9.012" usertimems="24.824" systemtimems="0.000" timestamp="2019-08-09T08:30:15.569" activeThreads="16">
  <mem-info id="942" free="83886080" total="136314880" percent="61">
    <mem type="eden" free="2094112" total="2097152" percent="99" />
    <remembered-set count="49728" freebytes="5250688" totalbytes="5449600" percent="96" regionsoverflowed="0" regionsstable="0" regionsrebuilding="0"/>
  </mem-info>
</gc-end>
<cycle-end id="943" type="partial gc" contextid="936" timestamp="2019-08-09T08:30:15.570" />
  <attribute name="elasticGC enabled" value="1" />
  <attribute name= "numThreadsSpecified" value="16" />
  <attribute name="heapSize specified" value="0" />
  <attribute name="Current GC Util" value="88" />
  <attribute name= "Current Time Running" value="71759" />
  <attribute name ="GC Interval" value="0" />
  <attribute name="Target GC Util Change" value ="80.000000" />
  <attribute name="Current GC Util Change" value="88.000000"/>
  <attribute name="Current Error" value="-8.000000" />
  <attribute name="Output H" value="136352720"/>
  <attribute name="Output I" value="2000"/>
  <attribute name="Output T" value="16"/>
  <attribute name= "Current Time Running" value="71759" />
  <attribute name="GC Util currently" value="88" />
  <attribute name="CPU Util currently" value="1349680630459" />
<exclusive-end id="944" timestamp="2019-08-09T08:30:15.570" durationms="9.652" />

<exclusive-start id="945" timestamp="2019-08-09T08:30:15.597" intervalms="37.444">
  <response-info timems="0.024" idlems="0.024" threads="0" lastid="0000000001033F00" lastname="main" />
</exclusive-start>
<allocation-taxation id="946" taxation-threshold="41943040" timestamp="2019-08-09T08:30:15.597" intervalms="37.446" />
<cycle-start id="947" type="partial gc" contextid="0" timestamp="2019-08-09T08:30:15.598" intervalms="37.453" />
<gc-start id="948" type="partial gc" contextid="947" timestamp="2019-08-09T08:30:15.598">
  <mem-info id="949" free="41943040" total="136314880" percent="30">
    <mem type="eden" free="0" total="41943040" percent="0" />
    <remembered-set count="49280" freebytes="5252480" totalbytes="5449600" percent="96" regionsoverflowed="0" regionsstable="0" regionsrebuilding="0"/>
  </mem-info>
</gc-start>
<allocation-stats totalBytes="41675416" >
  <allocated-bytes non-tlh="0" tlh="41675416" arrayletleaf="0"/>
  <largest-consumer threadName="main" threadId="0000000001033F00" bytes="41675416" />
</allocation-stats>
<gc-op id="950" type="copy forward" timems="6.289" contextid="947" timestamp="2019-08-09T08:30:15.605">
  <memory-copied type="eden" objects="2" bytes="64" bytesdiscarded="0" />
  <memory-copied type="other" objects="52355" bytes="1283368" bytesdiscarded="0" />
  <memory-cardclean objects="3949" bytes="365576" />
  <regions eden="20" other="2" />
  <remembered-set-cleared processed="38343" cleared="4579" durationms="0.432" />
  <stringconstants candidates="13771" cleared="0"  />
</gc-op>
<gc-op id="951" type="classunload" timems="0.008" contextid="947" timestamp="2019-08-09T08:30:15.605">
  <classunload-info classloadercandidates="55" classloadersunloaded="0" classesunloaded="0" anonymousclassesunloaded="0" quiescems="0.000" setupms="0.008" scanms="0.000" postms="0.000" />
</gc-op>
<gc-end id="952" type="partial gc" contextid="947" durationms="7.336" usertimems="8.198" systemtimems="0.000" timestamp="2019-08-09T08:30:15.605" activeThreads="1">
  <mem-info id="953" free="81788928" total="136314880" percent="60">
    <mem type="eden" free="2097088" total="2097152" percent="99" />
    <remembered-set count="48768" freebytes="5254528" totalbytes="5449600" percent="96" regionsoverflowed="0" regionsstable="0" regionsrebuilding="0"/>
  </mem-info>
</gc-end>
<cycle-end id="954" type="partial gc" contextid="947" timestamp="2019-08-09T08:30:15.605" />
  <attribute name="elasticGC enabled" value="1" />
  <attribute name= "numThreadsSpecified" value="1" />
  <attribute name="heapSize specified" value="0" />
  <attribute name="Current GC Util" value="104" />
  <attribute name= "Current Time Running" value="71796" />
  <attribute name ="GC Interval" value="0" />
  <attribute name="Target GC Util Change" value ="80.000000" />
  <attribute name="Current GC Util Change" value="104.000000"/>
  <attribute name="Current Error" value="-18.000000" />
  <attribute name="Output H" value="136352712"/>
  <attribute name="Output I" value="1992"/>
  <attribute name="Output T" value="1"/>
  <attribute name= "Current Time Running" value="71796" />
  <attribute name="GC Util currently" value="104" />
  <attribute name="CPU Util currently" value="1755476513586" />
<exclusive-end id="955" timestamp="2019-08-09T08:30:15.605" durationms="8.073" />

<exclusive-start id="956" timestamp="2019-08-09T08:30:15.628" intervalms="30.394">
  <response-info timems="0.105" idlems="0.105" threads="0" lastid="0000000001033F00" lastname="main" />
</exclusive-start>
<allocation-taxation id="957" taxation-threshold="41943040" timestamp="2019-08-09T08:30:15.628" intervalms="30.400" />
<cycle-start id="958" type="partial gc" contextid="0" timestamp="2019-08-09T08:30:15.628" intervalms="30.361" />
<gc-start id="959" type="partial gc" contextid="958" timestamp="2019-08-09T08:30:15.628">
  <mem-info id="960" free="39845888" total="136314880" percent="29">
    <mem type="eden" free="2097088" total="44040192" percent="4" />
    <remembered-set count="48288" freebytes="5256448" totalbytes="5449600" percent="96" regionsoverflowed="0" regionsstable="0" regionsrebuilding="0"/>
  </mem-info>
</gc-start>
<allocation-stats totalBytes="41681368" >
  <allocated-bytes non-tlh="0" tlh="41681368" arrayletleaf="0"/>
  <largest-consumer threadName="main" threadId="0000000001033F00" bytes="41681368" />
</allocation-stats>
<gc-op id="961" type="copy forward" timems="9.415" contextid="958" timestamp="2019-08-09T08:30:15.638">
  <memory-copied type="eden" objects="2" bytes="64" bytesdiscarded="0" />
  <memory-copied type="other" objects="79920" bytes="1972672" bytesdiscarded="104016" />
  <memory-cardclean objects="6424" bytes="557152" />
  <regions eden="20" other="2" />
  <remembered-set-cleared processed="37827" cleared="5425" durationms="0.281" />
  <references type="weak" candidates="6" cleared="0" enqueued="0" />
  <stringconstants candidates="13771" cleared="0"  />
</gc-op>
<gc-op id="962" type="classunload" timems="0.008" contextid="958" timestamp="2019-08-09T08:30:15.638">
  <classunload-info classloadercandidates="55" classloadersunloaded="0" classesunloaded="0" anonymousclassesunloaded="0" quiescems="0.000" setupms="0.008" scanms="0.000" postms="0.000" />
</gc-op>
<gc-end id="963" type="partial gc" contextid="958" durationms="10.296" usertimems="25.220" systemtimems="0.000" timestamp="2019-08-09T08:30:15.638" activeThreads="16">
  <mem-info id="964" free="81788928" total="136314880" percent="60">
    <mem type="eden" free="2097088" total="2097152" percent="99" />
    <remembered-set count="47392" freebytes="5260032" totalbytes="5449600" percent="96" regionsoverflowed="0" regionsstable="0" regionsrebuilding="0"/>
  </mem-info>
</gc-end>
<cycle-end id="965" type="partial gc" contextid="958" timestamp="2019-08-09T08:30:15.639" />
  <attribute name="elasticGC enabled" value="1" />
  <attribute name= "numThreadsSpecified" value="16" />
  <attribute name="heapSize specified" value="0" />
  <attribute name="Current GC Util" value="159" />
  <attribute name= "Current Time Running" value="71827" />
  <attribute name ="GC Interval" value="0" />
  <attribute name="Target GC Util Change" value ="80.000000" />
  <attribute name="Current GC Util Change" value="159.000000"/>
  <attribute name="Current Error" value="-42.000000" />
  <attribute name="Output H" value="136352696"/>
  <attribute name="Output I" value="1976"/>
  <attribute name="Output T" value="16"/>
  <attribute name= "Current Time Running" value="71827" />
  <attribute name="GC Util currently" value="159" />
  <attribute name="CPU Util currently" value="2318115078388" />
<exclusive-end id="966" timestamp="2019-08-09T08:30:15.639" durationms="10.941" />

<exclusive-start id="967" timestamp="2019-08-09T08:30:15.662" intervalms="34.047">
  <response-info timems="0.018" idlems="0.018" threads="0" lastid="0000000001033F00" lastname="main" />
</exclusive-start>
<allocation-taxation id="968" taxation-threshold="41943040" timestamp="2019-08-09T08:30:15.662" intervalms="34.041" />
<cycle-start id="969" type="partial gc" contextid="0" timestamp="2019-08-09T08:30:15.662" intervalms="34.027" />
<gc-start id="970" type="partial gc" contextid="969" timestamp="2019-08-09T08:30:15.662">
  <mem-info id="971" free="39845888" total="136314880" percent="29">
    <mem type="eden" free="2097088" total="44040192" percent="4" />
    <remembered-set count="47328" freebytes="5260288" totalbytes="5449600" percent="96" regionsoverflowed="0" regionsstable="0" regionsrebuilding="0"/>
  </mem-info>
</gc-start>
<allocation-stats totalBytes="41681368" >
  <allocated-bytes non-tlh="0" tlh="41681368" arrayletleaf="0"/>
  <largest-consumer threadName="main" threadId="0000000001033F00" bytes="41681368" />
</allocation-stats>
<gc-op id="972" type="copy forward" timems="9.730" contextid="969" timestamp="2019-08-09T08:30:15.673">
  <memory-copied type="eden" objects="2" bytes="64" bytesdiscarded="0" />
  <memory-copied type="other" objects="72498" bytes="1814704" bytesdiscarded="133648" />
  <memory-cardclean objects="1086" bytes="49080" />
  <regions eden="20" other="2" />
  <remembered-set-cleared processed="38244" cleared="3766" durationms="0.225" />
  <references type="soft" candidates="2139" cleared="0" enqueued="0" dynamicThreshold="19" maxThreshold="32" />
  <references type="weak" candidates="78" cleared="0" enqueued="0" />
  <stringconstants candidates="13771" cleared="0"  />
</gc-op>
<gc-op id="973" type="classunload" timems="0.008" contextid="969" timestamp="2019-08-09T08:30:15.673">
  <classunload-info classloadercandidates="55" classloadersunloaded="0" classesunloaded="0" anonymousclassesunloaded="0" quiescems="0.000" setupms="0.007" scanms="0.000" postms="0.000" />
</gc-op>
<gc-end id="974" type="partial gc" contextid="969" durationms="11.030" usertimems="29.436" systemtimems="0.000" timestamp="2019-08-09T08:30:15.673" activeThreads="16">
  <mem-info id="975" free="81788928" total="136314880" percent="60">
    <mem type="eden" free="2097088" total="2097152" percent="99" />
    <remembered-set count="49120" freebytes="5253120" totalbytes="5449600" percent="96" regionsoverflowed="0" regionsstable="0" regionsrebuilding="0"/>
  </mem-info>
</gc-end>
<cycle-end id="976" type="partial gc" contextid="969" timestamp="2019-08-09T08:30:15.673" />
  <attribute name="elasticGC enabled" value="1" />
  <attribute name= "numThreadsSpecified" value="16" />
  <attribute name="heapSize specified" value="0" />
  <attribute name="Current GC Util" value="263" />
  <attribute name= "Current Time Running" value="71861" />
  <attribute name ="GC Interval" value="0" />
  <attribute name="Target GC Util Change" value ="80.000000" />
  <attribute name="Current GC Util Change" value="263.000000"/>
  <attribute name="Current Error" value="-183.000000" />
  <attribute name="Output H" value="136352616"/>
  <attribute name="Output I" value="1896"/>
  <attribute name="Output T" value="16"/>
  <attribute name= "Current Time Running" value="71861" />
  <attribute name="GC Util currently" value="263" />
  <attribute name="CPU Util currently" value="1296190747976" />
<exclusive-end id="977" timestamp="2019-08-09T08:30:15.673" durationms="11.568" />

<exclusive-start id="978" timestamp="2019-08-09T08:30:15.696" intervalms="34.061">
  <response-info timems="0.127" idlems="0.127" threads="0" lastid="0000000001033F00" lastname="main" />
</exclusive-start>
<allocation-taxation id="979" taxation-threshold="41943040" timestamp="2019-08-09T08:30:15.696" intervalms="34.053" />
<cycle-start id="980" type="partial gc" contextid="0" timestamp="2019-08-09T08:30:15.696" intervalms="34.063" />
<gc-start id="981" type="partial gc" contextid="980" timestamp="2019-08-09T08:30:15.696">
  <mem-info id="982" free="39845888" total="136314880" percent="29">
    <mem type="eden" free="2097088" total="44040192" percent="4" />
    <remembered-set count="49024" freebytes="5253504" totalbytes="5449600" percent="96" regionsoverflowed="0" regionsstable="0" regionsrebuilding="0"/>
  </mem-info>
</gc-start>
<allocation-stats totalBytes="41681368" >
  <allocated-bytes non-tlh="0" tlh="41681368" arrayletleaf="0"/>
  <largest-consumer threadName="main" threadId="0000000001033F00" bytes="41681368" />
</allocation-stats>
<gc-op id="983" type="copy forward" timems="9.113" contextid="980" timestamp="2019-08-09T08:30:15.707">
  <memory-copied type="eden" objects="2" bytes="64" bytesdiscarded="0" />
  <memory-copied type="other" objects="69959" bytes="2022552" bytesdiscarded="124936" />
  <memory-cardclean objects="5336" bytes="130624" />
  <regions eden="20" other="2" />
  <remembered-set-cleared processed="38055" cleared="5975" durationms="0.218" />
  <stringconstants candidates="13771" cleared="0"  />
</gc-op>
<gc-op id="984" type="classunload" timems="0.034" contextid="980" timestamp="2019-08-09T08:30:15.707">
  <classunload-info classloadercandidates="55" classloadersunloaded="0" classesunloaded="0" anonymousclassesunloaded="0" quiescems="0.000" setupms="0.034" scanms="0.000" postms="0.000" />
</gc-op>
<gc-end id="985" type="partial gc" contextid="980" durationms="10.630" usertimems="38.337" systemtimems="0.000" timestamp="2019-08-09T08:30:15.707" activeThreads="16">
  <mem-info id="986" free="81788928" total="136314880" percent="60">
    <mem type="eden" free="2097088" total="2097152" percent="99" />
    <remembered-set count="48128" freebytes="5257088" totalbytes="5449600" percent="96" regionsoverflowed="0" regionsstable="0" regionsrebuilding="0"/>
  </mem-info>
</gc-end>
<cycle-end id="987" type="partial gc" contextid="980" timestamp="2019-08-09T08:30:15.707" />
  <attribute name="elasticGC enabled" value="1" />
  <attribute name= "numThreadsSpecified" value="16" />
  <attribute name="heapSize specified" value="0" />
  <attribute name="Current GC Util" value="204" />
  <attribute name= "Current Time Running" value="71895" />
  <attribute name ="GC Interval" value="0" />
  <attribute name="Target GC Util Change" value ="80.000000" />
  <attribute name="Current GC Util Change" value="204.000000"/>
  <attribute name="Current Error" value="-309.000000" />
  <attribute name="Output H" value="136352544"/>
  <attribute name="Output I" value="1824"/>
  <attribute name="Output T" value="16"/>
  <attribute name= "Current Time Running" value="71895" />
  <attribute name="GC Util currently" value="204" />
  <attribute name="CPU Util currently" value="1134656915977" />
<exclusive-end id="988" timestamp="2019-08-09T08:30:15.707" durationms="11.193" />

<exclusive-start id="989" timestamp="2019-08-09T08:30:15.731" intervalms="35.330">
  <response-info timems="0.060" idlems="0.060" threads="0" lastid="0000000001033F00" lastname="main" />
</exclusive-start>
<allocation-taxation id="990" taxation-threshold="41943040" timestamp="2019-08-09T08:30:15.731" intervalms="35.332" />
<cycle-start id="991" type="partial gc" contextid="0" timestamp="2019-08-09T08:30:15.731" intervalms="35.341" />
<gc-start id="992" type="partial gc" contextid="991" timestamp="2019-08-09T08:30:15.732">
  <mem-info id="993" free="39845888" total="136314880" percent="29">
    <mem type="eden" free="2097088" total="44040192" percent="4" />
    <remembered-set count="48000" freebytes="5257600" totalbytes="5449600" percent="96" regionsoverflowed="0" regionsstable="0" regionsrebuilding="0"/>
  </mem-info>
</gc-start>
<allocation-stats totalBytes="41681368" >
  <allocated-bytes non-tlh="0" tlh="41681368" arrayletleaf="0"/>
  <largest-consumer threadName="main" threadId="0000000001033F00" bytes="41681368" />
</allocation-stats>
<gc-op id="994" type="copy forward" timems="10.685" contextid="991" timestamp="2019-08-09T08:30:15.743">
  <memory-copied type="eden" objects="2" bytes="64" bytesdiscarded="0" />
  <memory-copied type="other" objects="72498" bytes="1814704" bytesdiscarded="122400" />
  <memory-cardclean objects="1086" bytes="49080" />
  <regions eden="20" other="2" />
  <remembered-set-cleared processed="38547" cleared="3968" durationms="0.218" />
  <references type="soft" candidates="2139" cleared="0" enqueued="0" dynamicThreshold="19" maxThreshold="32" />
  <references type="weak" candidates="78" cleared="0" enqueued="0" />
  <stringconstants candidates="13771" cleared="0"  />
</gc-op>
<gc-op id="995" type="classunload" timems="0.012" contextid="991" timestamp="2019-08-09T08:30:15.743">
  <classunload-info classloadercandidates="55" classloadersunloaded="0" classesunloaded="0" anonymousclassesunloaded="0" quiescems="0.000" setupms="0.012" scanms="0.000" postms="0.000" />
</gc-op>
<gc-end id="996" type="partial gc" contextid="991" durationms="11.963" usertimems="46.918" systemtimems="0.000" timestamp="2019-08-09T08:30:15.744" activeThreads="16">
  <mem-info id="997" free="81788928" total="136314880" percent="60">
    <mem type="eden" free="2097088" total="2097152" percent="99" />
    <remembered-set count="49024" freebytes="5253504" totalbytes="5449600" percent="96" regionsoverflowed="0" regionsstable="0" regionsrebuilding="0"/>
  </mem-info>
</gc-end>
<cycle-end id="998" type="partial gc" contextid="991" timestamp="2019-08-09T08:30:15.744" />
  <attribute name="elasticGC enabled" value="1" />
  <attribute name= "numThreadsSpecified" value="16" />
  <attribute name="heapSize specified" value="0" />
  <attribute name="Current GC Util" value="227" />
  <attribute name= "Current Time Running" value="71930" />
  <attribute name ="GC Interval" value="0" />
  <attribute name="Target GC Util Change" value ="80.000000" />
  <attribute name="Current GC Util Change" value="227.000000"/>
  <attribute name="Current Error" value="-450.000000" />
  <attribute name="Output H" value="136352464"/>
  <attribute name="Output I" value="1744"/>
  <attribute name="Output T" value="16"/>
  <attribute name= "Current Time Running" value="71930" />
  <attribute name="GC Util currently" value="227" />
  <attribute name="CPU Util currently" value="1437687034317" />
<exclusive-end id="999" timestamp="2019-08-09T08:30:15.744" durationms="12.640" />

<exclusive-start id="1000" timestamp="2019-08-09T08:30:15.766" intervalms="34.358">
  <response-info timems="0.042" idlems="0.042" threads="0" lastid="0000000001033F00" lastname="main" />
</exclusive-start>
<allocation-taxation id="1001" taxation-threshold="41943040" timestamp="2019-08-09T08:30:15.766" intervalms="34.357" />
<cycle-start id="1002" type="partial gc" contextid="0" timestamp="2019-08-09T08:30:15.766" intervalms="34.375" />
<gc-start id="1003" type="partial gc" contextid="1002" timestamp="2019-08-09T08:30:15.766">
  <mem-info id="1004" free="39845888" total="136314880" percent="29">
    <mem type="eden" free="2097088" total="44040192" percent="4" />
    <remembered-set count="48128" freebytes="5257088" totalbytes="5449600" percent="96" regionsoverflowed="0" regionsstable="1" regionsrebuilding="0"/>
  </mem-info>
</gc-start>
<allocation-stats totalBytes="41681368" >
  <allocated-bytes non-tlh="0" tlh="41681368" arrayletleaf="0"/>
  <largest-consumer threadName="main" threadId="0000000001033F00" bytes="41681368" />
</allocation-stats>
<gc-op id="1005" type="copy forward" timems="12.027" contextid="1002" timestamp="2019-08-09T08:30:15.779">
  <memory-copied type="eden" objects="2" bytes="64" bytesdiscarded="0" />
  <memory-copied type="other" objects="81654" bytes="2002904" bytesdiscarded="152448" />
  <memory-cardclean objects="5440" bytes="544056" />
  <regions eden="20" other="2" />
  <remembered-set-cleared processed="37807" cleared="5322" durationms="0.245" />
  <references type="weak" candidates="6" cleared="0" enqueued="0" />
  <stringconstants candidates="13771" cleared="0"  />
</gc-op>
<gc-op id="1006" type="classunload" timems="0.009" contextid="1002" timestamp="2019-08-09T08:30:15.779">
  <classunload-info classloadercandidates="55" classloadersunloaded="0" classesunloaded="0" anonymousclassesunloaded="0" quiescems="0.000" setupms="0.009" scanms="0.000" postms="0.000" />
</gc-op>
<gc-end id="1007" type="partial gc" contextid="1002" durationms="13.392" usertimems="48.862" systemtimems="0.000" timestamp="2019-08-09T08:30:15.779" activeThreads="16">
  <mem-info id="1008" free="81788928" total="136314880" percent="60">
    <mem type="eden" free="2097088" total="2097152" percent="99" />
    <remembered-set count="49152" freebytes="5252992" totalbytes="5449600" percent="96" regionsoverflowed="0" regionsstable="1" regionsrebuilding="0"/>
  </mem-info>
</gc-end>
<cycle-end id="1009" type="partial gc" contextid="1002" timestamp="2019-08-09T08:30:15.779" />
  <attribute name="elasticGC enabled" value="1" />
  <attribute name= "numThreadsSpecified" value="16" />
  <attribute name="heapSize specified" value="0" />
  <attribute name="Current GC Util" value="273" />
  <attribute name= "Current Time Running" value="71965" />
  <attribute name ="GC Interval" value="0" />
  <attribute name="Target GC Util Change" value ="80.000000" />
  <attribute name="Current GC Util Change" value="273.000000"/>
  <attribute name="Current Error" value="-193.000000" />
  <attribute name="Output H" value="136352616"/>
  <attribute name="Output I" value="1896"/>
  <attribute name="Output T" value="16"/>
  <attribute name= "Current Time Running" value="71965" />
  <attribute name="GC Util currently" value="273" />
  <attribute name="CPU Util currently" value="1235430981416" />
<exclusive-end id="1010" timestamp="2019-08-09T08:30:15.780" durationms="14.003" />

<exclusive-start id="1011" timestamp="2019-08-09T08:30:15.803" intervalms="37.469">
  <response-info timems="0.041" idlems="0.041" threads="0" lastid="0000000001033F00" lastname="main" />
</exclusive-start>
<allocation-taxation id="1012" taxation-threshold="41943040" timestamp="2019-08-09T08:30:15.803" intervalms="37.471" />
<cycle-start id="1013" type="partial gc" contextid="0" timestamp="2019-08-09T08:30:15.803" intervalms="37.479" />
<gc-start id="1014" type="partial gc" contextid="1013" timestamp="2019-08-09T08:30:15.803">
  <mem-info id="1015" free="39845888" total="136314880" percent="29">
    <mem type="eden" free="2097088" total="44040192" percent="4" />
    <remembered-set count="48224" freebytes="5256704" totalbytes="5449600" percent="96" regionsoverflowed="0" regionsstable="2" regionsrebuilding="0"/>
  </mem-info>
</gc-start>
<allocation-stats totalBytes="41681368" >
  <allocated-bytes non-tlh="0" tlh="41681368" arrayletleaf="0"/>
  <largest-consumer threadName="main" threadId="0000000001033F00" bytes="41681368" />
</allocation-stats>
<gc-op id="1016" type="copy forward" timems="9.804" contextid="1013" timestamp="2019-08-09T08:30:15.814">
  <memory-copied type="eden" objects="2" bytes="64" bytesdiscarded="0" />
  <memory-copied type="other" objects="72498" bytes="1814704" bytesdiscarded="143032" />
  <memory-cardclean objects="1071" bytes="48640" />
  <regions eden="20" other="2" />
  <remembered-set-cleared processed="37734" cleared="3949" durationms="0.270" />
  <references type="soft" candidates="2139" cleared="0" enqueued="0" dynamicThreshold="19" maxThreshold="32" />
  <references type="weak" candidates="78" cleared="0" enqueued="0" />
  <stringconstants candidates="13771" cleared="0"  />
</gc-op>
<gc-op id="1017" type="classunload" timems="0.010" contextid="1013" timestamp="2019-08-09T08:30:15.814">
  <classunload-info classloadercandidates="55" classloadersunloaded="0" classesunloaded="0" anonymousclassesunloaded="0" quiescems="0.000" setupms="0.009" scanms="0.000" postms="0.000" />
</gc-op>
<gc-end id="1018" type="partial gc" contextid="1013" durationms="10.883" usertimems="40.881" systemtimems="0.000" timestamp="2019-08-09T08:30:15.814" activeThreads="16">
  <mem-info id="1019" free="81788928" total="136314880" percent="60">
    <mem type="eden" free="2097088" total="2097152" percent="99" />
    <remembered-set count="45792" freebytes="5266432" totalbytes="5449600" percent="96" regionsoverflowed="0" regionsstable="2" regionsrebuilding="0"/>
  </mem-info>
</gc-end>
<cycle-end id="1020" type="partial gc" contextid="1013" timestamp="2019-08-09T08:30:15.814" />
  <attribute name="elasticGC enabled" value="1" />
  <attribute name= "numThreadsSpecified" value="16" />
  <attribute name="heapSize specified" value="0" />
  <attribute name="Current GC Util" value="131" />
  <attribute name= "Current Time Running" value="72002" />
  <attribute name ="GC Interval" value="0" />
  <attribute name="Target GC Util Change" value ="80.000000" />
  <attribute name="Current GC Util Change" value="131.000000"/>
  <attribute name="Current Error" value="-256.000000" />
  <attribute name="Output H" value="136352576"/>
  <attribute name="Output I" value="1856"/>
  <attribute name="Output T" value="16"/>
  <attribute name= "Current Time Running" value="72002" />
  <attribute name="GC Util currently" value="131" />
  <attribute name="CPU Util currently" value="1810549149804" />
<exclusive-end id="1021" timestamp="2019-08-09T08:30:15.815" durationms="11.457" />

<exclusive-start id="1022" timestamp="2019-08-09T08:30:15.859" intervalms="56.354">
  <response-info timems="0.195" idlems="0.195" threads="0" lastid="0000000001033F00" lastname="main" />
</exclusive-start>
<allocation-taxation id="1023" taxation-threshold="41943040" timestamp="2019-08-09T08:30:15.859" intervalms="56.371" />
<cycle-start id="1024" type="partial gc" contextid="0" timestamp="2019-08-09T08:30:15.860" intervalms="56.347" />
<gc-start id="1025" type="partial gc" contextid="1024" timestamp="2019-08-09T08:30:15.860">
  <mem-info id="1026" free="39845888" total="136314880" percent="29">
    <mem type="eden" free="2097088" total="44040192" percent="4" />
    <remembered-set count="45344" freebytes="5268224" totalbytes="5449600" percent="96" regionsoverflowed="0" regionsstable="2" regionsrebuilding="0"/>
  </mem-info>
</gc-start>
<allocation-stats totalBytes="41930760" >
  <allocated-bytes non-tlh="0" tlh="41930760" arrayletleaf="0"/>
  <largest-consumer threadName="main" threadId="0000000001033F00" bytes="41930760" />
</allocation-stats>
<gc-op id="1027" type="copy forward" timems="10.412" contextid="1024" timestamp="2019-08-09T08:30:15.871">
  <memory-copied type="eden" objects="154" bytes="5080" bytesdiscarded="1136" />
  <memory-copied type="other" objects="0" bytes="0" bytesdiscarded="0" />
  <memory-cardclean objects="79" bytes="2952" />
  <regions eden="20" other="1" />
  <remembered-set-cleared processed="37803" cleared="26" durationms="0.221" />
  <stringconstants candidates="13771" cleared="0"  />
</gc-op>
<gc-op id="1028" type="classunload" timems="0.008" contextid="1024" timestamp="2019-08-09T08:30:15.871">
  <classunload-info classloadercandidates="55" classloadersunloaded="0" classesunloaded="0" anonymousclassesunloaded="0" quiescems="0.000" setupms="0.008" scanms="0.000" postms="0.000" />
</gc-op>
<gc-end id="1029" type="partial gc" contextid="1024" durationms="11.737" usertimems="38.180" systemtimems="0.000" timestamp="2019-08-09T08:30:15.872" activeThreads="16">
  <mem-info id="1030" free="81788928" total="136314880" percent="60">
    <mem type="eden" free="2090936" total="2097152" percent="99" />
    <remembered-set count="46592" freebytes="5263232" totalbytes="5449600" percent="96" regionsoverflowed="0" regionsstable="2" regionsrebuilding="0"/>
  </mem-info>
</gc-end>
<cycle-end id="1031" type="partial gc" contextid="1024" timestamp="2019-08-09T08:30:15.872" />
  <attribute name="elasticGC enabled" value="1" />
  <attribute name= "numThreadsSpecified" value="16" />
  <attribute name="heapSize specified" value="0" />
  <attribute name="Current GC Util" value="135" />
  <attribute name= "Current Time Running" value="72059" />
  <attribute name ="GC Interval" value="0" />
  <attribute name="Target GC Util Change" value ="80.000000" />
  <attribute name="Current GC Util Change" value="135.000000"/>
  <attribute name="Current Error" value="-283.000000" />
  <attribute name="Output H" value="136352560"/>
  <attribute name="Output I" value="1840"/>
  <attribute name="Output T" value="16"/>
  <attribute name= "Current Time Running" value="72059" />
  <attribute name="GC Util currently" value="135" />
  <attribute name="CPU Util currently" value="1535578415043" />
<exclusive-end id="1032" timestamp="2019-08-09T08:30:15.872" durationms="12.644" />

<exclusive-start id="1033" timestamp="2019-08-09T08:30:16.054" intervalms="194.793">
  <response-info timems="0.098" idlems="0.098" threads="0" lastid="0000000001033F00" lastname="main" />
</exclusive-start>
<allocation-taxation id="1034" taxation-threshold="41943040" timestamp="2019-08-09T08:30:16.054" intervalms="194.770" />
<cycle-start id="1035" type="partial gc" contextid="0" timestamp="2019-08-09T08:30:16.054" intervalms="194.890" />
<gc-start id="1036" type="partial gc" contextid="1035" timestamp="2019-08-09T08:30:16.055">
  <mem-info id="1037" free="39845888" total="136314880" percent="29">
    <mem type="eden" free="2090936" total="44040192" percent="4" />
    <remembered-set count="46112" freebytes="5265152" totalbytes="5449600" percent="96" regionsoverflowed="0" regionsstable="2" regionsrebuilding="0"/>
  </mem-info>
</gc-start>
<allocation-stats totalBytes="41936872" >
  <allocated-bytes non-tlh="0" tlh="41936872" arrayletleaf="0"/>
  <largest-consumer threadName="main" threadId="0000000001033F00" bytes="41936872" />
</allocation-stats>
<gc-op id="1038" type="copy forward" timems="8.011" contextid="1035" timestamp="2019-08-09T08:30:16.064">
  <memory-copied type="eden" objects="238" bytes="7784" bytesdiscarded="2232" />
  <memory-copied type="other" objects="8" bytes="184" bytesdiscarded="696" />
  <memory-cardclean objects="114" bytes="12392" />
  <regions eden="20" other="1" />
  <remembered-set-cleared processed="37841" cleared="91" durationms="0.216" />
  <references type="weak" candidates="37" cleared="0" enqueued="0" />
  <stringconstants candidates="13771" cleared="0"  />
</gc-op>
<gc-op id="1039" type="classunload" timems="0.008" contextid="1035" timestamp="2019-08-09T08:30:16.064">
  <classunload-info classloadercandidates="55" classloadersunloaded="0" classesunloaded="0" anonymousclassesunloaded="0" quiescems="0.000" setupms="0.008" scanms="0.000" postms="0.000" />
</gc-op>
<heap-resize id="1040" type="expand" space="default" amount="6291456" count="1" timems="0.059" reason="excessive time being spent in gc" timestamp="2019-08-09T08:30:16.064" />
<gc-end id="1041" type="partial gc" contextid="1035" durationms="9.372" usertimems="23.956" systemtimems="0.000" timestamp="2019-08-09T08:30:16.064" activeThreads="16">
  <mem-info id="1042" free="85983232" total="142606336" percent="60">
    <mem type="eden" free="4183360" total="4194304" percent="99" />
    <remembered-set count="46496" freebytes="5515136" totalbytes="5701120" percent="96" regionsoverflowed="0" regionsstable="2" regionsrebuilding="0"/>
  </mem-info>
</gc-end>
<cycle-end id="1043" type="partial gc" contextid="1035" timestamp="2019-08-09T08:30:16.064" />
  <attribute name="elasticGC enabled" value="1" />
  <attribute name= "numThreadsSpecified" value="16" />
  <attribute name="heapSize specified" value="0" />
  <attribute name="Current GC Util" value="155" />
  <attribute name= "Current Time Running" value="72253" />
  <attribute name ="GC Interval" value="0" />
  <attribute name="Target GC Util Change" value ="80.000000" />
  <attribute name="Current GC Util Change" value="155.000000"/>
  <attribute name="Current Error" value="-75.000000" />
  <attribute name="Output H" value="136352680"/>
  <attribute name="Output I" value="1960"/>
  <attribute name="Output T" value="16"/>
  <attribute name= "Current Time Running" value="72253" />
  <attribute name="GC Util currently" value="155" />
  <attribute name="CPU Util currently" value="1956056957304" />
<exclusive-end id="1044" timestamp="2019-08-09T08:30:16.064" durationms="10.149" />

<exclusive-start id="1045" timestamp="2019-08-09T08:30:16.221" intervalms="166.427">
  <response-info timems="0.020" idlems="0.020" threads="0" lastid="0000000001033F00" lastname="main" />
</exclusive-start>
<allocation-taxation id="1046" taxation-threshold="41943040" timestamp="2019-08-09T08:30:16.221" intervalms="166.456" />
<cycle-start id="1047" type="partial gc" contextid="0" timestamp="2019-08-09T08:30:16.221" intervalms="166.526" />
<gc-start id="1048" type="partial gc" contextid="1047" timestamp="2019-08-09T08:30:16.221">
  <mem-info id="1049" free="44040192" total="142606336" percent="30">
    <mem type="eden" free="0" total="41943040" percent="0" />
    <remembered-set count="46048" freebytes="5516928" totalbytes="5701120" percent="96" regionsoverflowed="0" regionsstable="2" regionsrebuilding="0"/>
  </mem-info>
</gc-start>
<allocation-stats totalBytes="41937568" >
  <allocated-bytes non-tlh="0" tlh="41937568" arrayletleaf="0"/>
  <largest-consumer threadName="main" threadId="0000000001033F00" bytes="41937568" />
</allocation-stats>
<gc-op id="1050" type="copy forward" timems="12.126" contextid="1047" timestamp="2019-08-09T08:30:16.234">
  <memory-copied type="eden" objects="126" bytes="3896" bytesdiscarded="504" />
  <memory-copied type="other" objects="114" bytes="3992" bytesdiscarded="904" />
  <memory-cardclean objects="52" bytes="10384" />
  <regions eden="20" other="1" />
  <remembered-set-cleared processed="37866" cleared="91" durationms="0.506" />
  <references type="weak" candidates="37" cleared="0" enqueued="0" />
  <stringconstants candidates="13771" cleared="0"  />
</gc-op>
<gc-op id="1051" type="classunload" timems="0.007" contextid="1047" timestamp="2019-08-09T08:30:16.234">
  <classunload-info classloadercandidates="55" classloadersunloaded="0" classesunloaded="0" anonymousclassesunloaded="0" quiescems="0.000" setupms="0.007" scanms="0.000" postms="0.000" />
</gc-op>
<gc-end id="1052" type="partial gc" contextid="1047" durationms="13.436" usertimems="27.452" systemtimems="0.000" timestamp="2019-08-09T08:30:16.235" activeThreads="16">
  <mem-info id="1053" free="83886080" total="142606336" percent="58">
    <mem type="eden" free="2092752" total="2097152" percent="99" />
    <remembered-set count="45600" freebytes="5518720" totalbytes="5701120" percent="96" regionsoverflowed="0" regionsstable="2" regionsrebuilding="0"/>
  </mem-info>
</gc-end>
<cycle-end id="1054" type="partial gc" contextid="1047" timestamp="2019-08-09T08:30:16.235" />
  <attribute name="elasticGC enabled" value="1" />
  <attribute name= "numThreadsSpecified" value="16" />
  <attribute name="heapSize specified" value="0" />
  <attribute name="Current GC Util" value="120" />
  <attribute name= "Current Time Running" value="72420" />
  <attribute name ="GC Interval" value="0" />
  <attribute name="Target GC Util Change" value ="80.000000" />
  <attribute name="Current GC Util Change" value="120.000000"/>
  <attribute name="Current Error" value="-47.000000" />
  <attribute name="Output H" value="142644152"/>
  <attribute name="Output I" value="1976"/>
  <attribute name="Output T" value="16"/>
  <attribute name= "Current Time Running" value="72420" />
  <attribute name="GC Util currently" value="120" />
  <attribute name="CPU Util currently" value="1590324276000" />
<exclusive-end id="1055" timestamp="2019-08-09T08:30:16.235" durationms="14.586" />

<exclusive-start id="1056" timestamp="2019-08-09T08:30:16.310" intervalms="89.452">
  <response-info timems="0.056" idlems="0.056" threads="0" lastid="0000000001033F00" lastname="main" />
</exclusive-start>
<allocation-taxation id="1057" taxation-threshold="41943040" timestamp="2019-08-09T08:30:16.310" intervalms="89.442" />
<cycle-start id="1058" type="partial gc" contextid="0" timestamp="2019-08-09T08:30:16.311" intervalms="89.688" />
<gc-start id="1059" type="partial gc" contextid="1058" timestamp="2019-08-09T08:30:16.311">
  <mem-info id="1060" free="41943040" total="142606336" percent="29">
    <mem type="eden" free="2092752" total="44040192" percent="4" />
    <remembered-set count="45600" freebytes="5518720" totalbytes="5701120" percent="96" regionsoverflowed="0" regionsstable="2" regionsrebuilding="0"/>
  </mem-info>
</gc-start>
<allocation-stats totalBytes="41922496" >
  <allocated-bytes non-tlh="0" tlh="41922496" arrayletleaf="0"/>
  <largest-consumer threadName="main" threadId="0000000001033F00" bytes="41922496" />
</allocation-stats>
<gc-op id="1061" type="copy forward" timems="30.498" contextid="1058" timestamp="2019-08-09T08:30:16.344">
  <memory-copied type="eden" objects="137" bytes="4288" bytesdiscarded="216" />
  <memory-copied type="other" objects="0" bytes="0" bytesdiscarded="0" />
  <memory-cardclean objects="56" bytes="2464" />
  <regions eden="20" other="1" />
  <remembered-set-cleared processed="37874" cleared="40" durationms="0.248" />
  <stringconstants candidates="13771" cleared="0"  />
</gc-op>
<gc-op id="1062" type="classunload" timems="0.010" contextid="1058" timestamp="2019-08-09T08:30:16.344">
  <classunload-info classloadercandidates="55" classloadersunloaded="0" classesunloaded="0" anonymousclassesunloaded="0" quiescems="0.000" setupms="0.010" scanms="0.000" postms="0.000" />
</gc-op>
<gc-end id="1063" type="partial gc" contextid="1058" durationms="32.908" usertimems="45.344" systemtimems="0.000" timestamp="2019-08-09T08:30:16.344" activeThreads="16">
  <mem-info id="1064" free="83886080" total="142606336" percent="58">
    <mem type="eden" free="2092648" total="2097152" percent="99" />
    <remembered-set count="45952" freebytes="5517312" totalbytes="5701120" percent="96" regionsoverflowed="0" regionsstable="2" regionsrebuilding="0"/>
  </mem-info>
</gc-end>
<cycle-end id="1065" type="partial gc" contextid="1058" timestamp="2019-08-09T08:30:16.344" />
  <attribute name="elasticGC enabled" value="1" />
  <attribute name= "numThreadsSpecified" value="16" />
  <attribute name="heapSize specified" value="0" />
  <attribute name="Current GC Util" value="89" />
  <attribute name= "Current Time Running" value="72511" />
  <attribute name ="GC Interval" value="0" />
  <attribute name="Target GC Util Change" value ="80.000000" />
  <attribute name="Current GC Util Change" value="89.000000"/>
  <attribute name="Current Error" value="-6.000000" />
  <attribute name="Output H" value="142644176"/>
  <attribute name="Output I" value="2000"/>
  <attribute name="Output T" value="16"/>
  <attribute name= "Current Time Running" value="72511" />
  <attribute name="GC Util currently" value="89" />
  <attribute name="CPU Util currently" value="753295311227" />
<exclusive-end id="1066" timestamp="2019-08-09T08:30:16.345" durationms="34.432" />

<exclusive-start id="1067" timestamp="2019-08-09T08:30:16.395" intervalms="84.835">
  <response-info timems="0.037" idlems="0.037" threads="0" lastid="0000000001033F00" lastname="main" />
</exclusive-start>
<allocation-taxation id="1068" taxation-threshold="41943040" timestamp="2019-08-09T08:30:16.395" intervalms="84.849" />
<cycle-start id="1069" type="partial gc" contextid="0" timestamp="2019-08-09T08:30:16.395" intervalms="84.380" />
<gc-start id="1070" type="partial gc" contextid="1069" timestamp="2019-08-09T08:30:16.395">
  <mem-info id="1071" free="41943040" total="142606336" percent="29">
    <mem type="eden" free="0" total="41943040" percent="0" />
    <remembered-set count="45536" freebytes="5518976" totalbytes="5701120" percent="96" regionsoverflowed="0" regionsstable="2" regionsrebuilding="0"/>
  </mem-info>
</gc-start>
<allocation-stats totalBytes="41921296" >
  <allocated-bytes non-tlh="0" tlh="41921296" arrayletleaf="0"/>
  <largest-consumer threadName="main" threadId="0000000001033F00" bytes="41921296" />
</allocation-stats>
<gc-op id="1072" type="copy forward" timems="9.377" contextid="1069" timestamp="2019-08-09T08:30:16.406">
  <memory-copied type="eden" objects="6" bytes="256" bytesdiscarded="0" />
  <memory-copied type="other" objects="131" bytes="4032" bytesdiscarded="1848" />
  <memory-cardclean objects="42" bytes="2000" />
  <regions eden="20" other="1" />
  <remembered-set-cleared processed="37889" cleared="55" durationms="0.187" />
  <stringconstants candidates="13771" cleared="0"  />
</gc-op>
<gc-op id="1073" type="classunload" timems="0.012" contextid="1069" timestamp="2019-08-09T08:30:16.406">
  <classunload-info classloadercandidates="55" classloadersunloaded="0" classesunloaded="0" anonymousclassesunloaded="0" quiescems="0.000" setupms="0.012" scanms="0.000" postms="0.000" />
</gc-op>
<heap-resize id="1074" type="expand" space="default" amount="10485760" count="1" timems="0.078" reason="excessive time being spent in gc" timestamp="2019-08-09T08:30:16.406" />
<gc-end id="1075" type="partial gc" contextid="1069" durationms="11.126" usertimems="22.299" systemtimems="0.000" timestamp="2019-08-09T08:30:16.406" activeThreads="16">
  <mem-info id="1076" free="92274688" total="153092096" percent="60">
    <mem type="eden" free="2096896" total="2097152" percent="99" />
    <remembered-set count="45440" freebytes="5938560" totalbytes="6120320" percent="97" regionsoverflowed="0" regionsstable="2" regionsrebuilding="0"/>
  </mem-info>
</gc-end>
<cycle-end id="1077" type="partial gc" contextid="1069" timestamp="2019-08-09T08:30:16.407" />
  <attribute name="elasticGC enabled" value="1" />
  <attribute name= "numThreadsSpecified" value="16" />
  <attribute name="heapSize specified" value="0" />
  <attribute name="Current GC Util" value="74" />
  <attribute name= "Current Time Running" value="72595" />
  <attribute name ="GC Interval" value="0" />
  <attribute name="Target GC Util Change" value ="80.000000" />
  <attribute name="Current GC Util Change" value="74.000000"/>
  <attribute name="Current Error" value="6.000000" />
  <attribute name="Output H" value="142644184"/>
  <attribute name="Output I" value="2008"/>
  <attribute name="Output T" value="16"/>
  <attribute name= "Current Time Running" value="72595" />
  <attribute name="GC Util currently" value="74" />
  <attribute name="CPU Util currently" value="908229121521" />
<exclusive-end id="1078" timestamp="2019-08-09T08:30:16.407" durationms="11.735" />

<exclusive-start id="1079" timestamp="2019-08-09T08:30:16.455" intervalms="60.261">
  <response-info timems="0.071" idlems="0.071" threads="0" lastid="0000000001033F00" lastname="main" />
</exclusive-start>
<allocation-taxation id="1080" taxation-threshold="46137344" timestamp="2019-08-09T08:30:16.455" intervalms="60.230" />
<cycle-start id="1081" type="partial gc" contextid="0" timestamp="2019-08-09T08:30:16.455" intervalms="60.273" />
<gc-start id="1082" type="partial gc" contextid="1081" timestamp="2019-08-09T08:30:16.456">
  <mem-info id="1083" free="46137344" total="153092096" percent="30">
    <mem type="eden" free="2096896" total="48234496" percent="4" />
    <remembered-set count="45024" freebytes="5940224" totalbytes="6120320" percent="97" regionsoverflowed="0" regionsstable="2" regionsrebuilding="0"/>
  </mem-info>
</gc-start>
<allocation-stats totalBytes="46113528" >
  <allocated-bytes non-tlh="0" tlh="46113528" arrayletleaf="0"/>
  <largest-consumer threadName="main" threadId="0000000001033F00" bytes="46113528" />
</allocation-stats>
<gc-op id="1084" type="copy forward" timems="6.239" contextid="1081" timestamp="2019-08-09T08:30:16.463">
  <memory-copied type="eden" objects="5" bytes="392" bytesdiscarded="0" />
  <memory-copied type="other" objects="0" bytes="0" bytesdiscarded="0" />
  <memory-cardclean objects="16" bytes="528" />
  <regions eden="22" other="1" />
  <remembered-set-cleared processed="37888" cleared="8" durationms="0.333" />
  <stringconstants candidates="13771" cleared="0"  />
</gc-op>
<gc-op id="1085" type="classunload" timems="0.011" contextid="1081" timestamp="2019-08-09T08:30:16.463">
  <classunload-info classloadercandidates="55" classloadersunloaded="0" classesunloaded="0" anonymousclassesunloaded="0" quiescems="0.000" setupms="0.011" scanms="0.000" postms="0.000" />
</gc-op>
<gc-end id="1086" type="partial gc" contextid="1081" durationms="7.297" usertimems="23.111" systemtimems="0.000" timestamp="2019-08-09T08:30:16.463" activeThreads="16">
  <mem-info id="1087" free="92274688" total="153092096" percent="60">
    <mem type="eden" free="2096760" total="2097152" percent="99" />
    <remembered-set count="44160" freebytes="5943680" totalbytes="6120320" percent="97" regionsoverflowed="0" regionsstable="2" regionsrebuilding="0"/>
  </mem-info>
</gc-end>
<cycle-end id="1088" type="partial gc" contextid="1081" timestamp="2019-08-09T08:30:16.463" />
  <attribute name="elasticGC enabled" value="1" />
  <attribute name= "numThreadsSpecified" value="16" />
  <attribute name="heapSize specified" value="0" />
  <attribute name="Current GC Util" value="154" />
  <attribute name= "Current Time Running" value="72654" />
  <attribute name ="GC Interval" value="0" />
  <attribute name="Target GC Util Change" value ="80.000000" />
  <attribute name="Current GC Util Change" value="154.000000"/>
  <attribute name="Current Error" value="-24.000000" />
  <attribute name="Output H" value="153129928"/>
  <attribute name="Output I" value="1992"/>
  <attribute name="Output T" value="16"/>
  <attribute name= "Current Time Running" value="72654" />
  <attribute name="GC Util currently" value="154" />
  <attribute name="CPU Util currently" value="2176292625798" />
<exclusive-end id="1089" timestamp="2019-08-09T08:30:16.463" durationms="7.806" />

<exclusive-start id="1090" timestamp="2019-08-09T08:30:16.511" intervalms="55.908">
  <response-info timems="0.111" idlems="0.111" threads="0" lastid="0000000001033F00" lastname="main" />
</exclusive-start>
<allocation-taxation id="1091" taxation-threshold="46137344" timestamp="2019-08-09T08:30:16.511" intervalms="55.909" />
<cycle-start id="1092" type="partial gc" contextid="0" timestamp="2019-08-09T08:30:16.511" intervalms="55.908" />
<gc-start id="1093" type="partial gc" contextid="1092" timestamp="2019-08-09T08:30:16.511">
  <mem-info id="1094" free="46137344" total="153092096" percent="30">
    <mem type="eden" free="2096760" total="48234496" percent="4" />
    <remembered-set count="44160" freebytes="5943680" totalbytes="6120320" percent="97" regionsoverflowed="0" regionsstable="2" regionsrebuilding="0"/>
  </mem-info>
</gc-start>
<allocation-stats totalBytes="46112824" >
  <allocated-bytes non-tlh="0" tlh="46112824" arrayletleaf="0"/>
  <largest-consumer threadName="main" threadId="0000000001033F00" bytes="46112824" />
</allocation-stats>
<gc-op id="1095" type="copy forward" timems="8.951" contextid="1092" timestamp="2019-08-09T08:30:16.521">
  <memory-copied type="eden" objects="6" bytes="352" bytesdiscarded="0" />
  <memory-copied type="other" objects="0" bytes="0" bytesdiscarded="0" />
  <memory-cardclean objects="16" bytes="528" />
  <regions eden="22" other="1" />
  <remembered-set-cleared processed="37888" cleared="8" durationms="0.185" />
  <stringconstants candidates="13771" cleared="0"  />
</gc-op>
<gc-op id="1096" type="classunload" timems="0.008" contextid="1092" timestamp="2019-08-09T08:30:16.521">
  <classunload-info classloadercandidates="55" classloadersunloaded="0" classesunloaded="0" anonymousclassesunloaded="0" quiescems="0.000" setupms="0.008" scanms="0.000" postms="0.000" />
</gc-op>
<gc-end id="1097" type="partial gc" contextid="1092" durationms="10.021" usertimems="31.073" systemtimems="0.000" timestamp="2019-08-09T08:30:16.522" activeThreads="16">
  <mem-info id="1098" free="92274688" total="153092096" percent="60">
    <mem type="eden" free="2096800" total="2097152" percent="99" />
    <remembered-set count="44160" freebytes="5943680" totalbytes="6120320" percent="97" regionsoverflowed="0" regionsstable="2" regionsrebuilding="0"/>
  </mem-info>
</gc-end>
<cycle-end id="1099" type="partial gc" contextid="1092" timestamp="2019-08-09T08:30:16.522" />
  <attribute name="elasticGC enabled" value="1" />
  <attribute name= "numThreadsSpecified" value="16" />
  <attribute name="heapSize specified" value="0" />
  <attribute name="Current GC Util" value="130" />
  <attribute name= "Current Time Running" value="72710" />
  <attribute name ="GC Interval" value="0" />
  <attribute name="Target GC Util Change" value ="80.000000" />
  <attribute name="Current GC Util Change" value="130.000000"/>
  <attribute name="Current Error" value="-22.000000" />
  <attribute name="Output H" value="153129928"/>
  <attribute name="Output I" value="1992"/>
  <attribute name="Output T" value="16"/>
  <attribute name= "Current Time Running" value="72710" />
  <attribute name="GC Util currently" value="130" />
  <attribute name="CPU Util currently" value="1843621302029" />
<exclusive-end id="1100" timestamp="2019-08-09T08:30:16.522" durationms="10.612" />

<exclusive-start id="1101" timestamp="2019-08-09T08:30:16.580" intervalms="69.266">
  <response-info timems="0.040" idlems="0.040" threads="0" lastid="0000000001033F00" lastname="main" />
</exclusive-start>
<allocation-taxation id="1102" taxation-threshold="46137344" timestamp="2019-08-09T08:30:16.580" intervalms="69.269" />
<cycle-start id="1103" type="partial gc" contextid="0" timestamp="2019-08-09T08:30:16.580" intervalms="69.246" />
<gc-start id="1104" type="partial gc" contextid="1103" timestamp="2019-08-09T08:30:16.581">
  <mem-info id="1105" free="46137344" total="153092096" percent="30">
    <mem type="eden" free="2096800" total="48234496" percent="4" />
    <remembered-set count="44160" freebytes="5943680" totalbytes="6120320" percent="97" regionsoverflowed="0" regionsstable="2" regionsrebuilding="0"/>
  </mem-info>
</gc-start>
<allocation-stats totalBytes="46113432" >
  <allocated-bytes non-tlh="0" tlh="46113432" arrayletleaf="0"/>
  <largest-consumer threadName="main" threadId="0000000001033F00" bytes="46113432" />
</allocation-stats>
<gc-op id="1106" type="copy forward" timems="8.153" contextid="1103" timestamp="2019-08-09T08:30:16.590">
  <memory-copied type="eden" objects="6" bytes="272" bytesdiscarded="0" />
  <memory-copied type="other" objects="0" bytes="0" bytesdiscarded="0" />
  <memory-cardclean objects="16" bytes="528" />
  <regions eden="22" other="1" />
  <remembered-set-cleared processed="37888" cleared="8" durationms="0.204" />
  <stringconstants candidates="13771" cleared="0"  />
</gc-op>
<gc-op id="1107" type="classunload" timems="0.009" contextid="1103" timestamp="2019-08-09T08:30:16.590">
  <classunload-info classloadercandidates="55" classloadersunloaded="0" classesunloaded="0" anonymousclassesunloaded="0" quiescems="0.000" setupms="0.008" scanms="0.000" postms="0.000" />
</gc-op>
<gc-end id="1108" type="partial gc" contextid="1103" durationms="9.183" usertimems="24.703" systemtimems="0.000" timestamp="2019-08-09T08:30:16.590" activeThreads="16">
  <mem-info id="1109" free="92274688" total="153092096" percent="60">
    <mem type="eden" free="2096880" total="2097152" percent="99" />
    <remembered-set count="44160" freebytes="5943680" totalbytes="6120320" percent="97" regionsoverflowed="0" regionsstable="2" regionsrebuilding="0"/>
  </mem-info>
</gc-end>
<cycle-end id="1110" type="partial gc" contextid="1103" timestamp="2019-08-09T08:30:16.590" />
  <attribute name="elasticGC enabled" value="1" />
  <attribute name= "numThreadsSpecified" value="16" />
  <attribute name="heapSize specified" value="0" />
  <attribute name="Current GC Util" value="154" />
  <attribute name= "Current Time Running" value="72779" />
  <attribute name ="GC Interval" value="0" />
  <attribute name="Target GC Util Change" value ="80.000000" />
  <attribute name="Current GC Util Change" value="154.000000"/>
  <attribute name="Current Error" value="-74.000000" />
  <attribute name="Output H" value="153129896"/>
  <attribute name="Output I" value="1960"/>
  <attribute name="Output T" value="16"/>
  <attribute name= "Current Time Running" value="72779" />
  <attribute name="GC Util currently" value="154" />
  <attribute name="CPU Util currently" value="2151755743910" />
<exclusive-end id="1111" timestamp="2019-08-09T08:30:16.590" durationms="9.732" />

<exclusive-start id="1112" timestamp="2019-08-09T08:30:16.650" intervalms="70.040">
  <response-info timems="0.042" idlems="0.042" threads="0" lastid="0000000001033F00" lastname="main" />
</exclusive-start>
<allocation-taxation id="1113" taxation-threshold="46137344" timestamp="2019-08-09T08:30:16.650" intervalms="70.042" />
<cycle-start id="1114" type="partial gc" contextid="0" timestamp="2019-08-09T08:30:16.651" intervalms="70.043" />
<gc-start id="1115" type="partial gc" contextid="1114" timestamp="2019-08-09T08:30:16.651">
  <mem-info id="1116" free="46137344" total="153092096" percent="30">
    <mem type="eden" free="2096880" total="48234496" percent="4" />
    <remembered-set count="44160" freebytes="5943680" totalbytes="6120320" percent="97" regionsoverflowed="0" regionsstable="2" regionsrebuilding="0"/>
  </mem-info>
</gc-start>
<allocation-stats totalBytes="46103896" >
  <allocated-bytes non-tlh="0" tlh="46103896" arrayletleaf="0"/>
  <largest-consumer threadName="main" threadId="0000000001033F00" bytes="46103896" />
</allocation-stats>
<gc-op id="1117" type="copy forward" timems="10.644" contextid="1114" timestamp="2019-08-09T08:30:16.663">
  <memory-copied type="eden" objects="29" bytes="1296" bytesdiscarded="320" />
  <memory-copied type="other" objects="0" bytes="0" bytesdiscarded="0" />
  <memory-cardclean objects="63" bytes="2488" />
  <regions eden="22" other="1" />
  <remembered-set-cleared processed="37888" cleared="25" durationms="0.359" />
  <stringconstants candidates="13771" cleared="0"  />
</gc-op>
<gc-op id="1118" type="classunload" timems="0.008" contextid="1114" timestamp="2019-08-09T08:30:16.663">
  <classunload-info classloadercandidates="55" classloadersunloaded="0" classesunloaded="0" anonymousclassesunloaded="0" quiescems="0.000" setupms="0.008" scanms="0.000" postms="0.000" />
</gc-op>
<gc-end id="1119" type="partial gc" contextid="1114" durationms="12.732" usertimems="27.626" systemtimems="0.000" timestamp="2019-08-09T08:30:16.664" activeThreads="16">
  <mem-info id="1120" free="92274688" total="153092096" percent="60">
    <mem type="eden" free="2095536" total="2097152" percent="99" />
    <remembered-set count="45568" freebytes="5938048" totalbytes="6120320" percent="97" regionsoverflowed="0" regionsstable="2" regionsrebuilding="0"/>
  </mem-info>
</gc-end>
<cycle-end id="1121" type="partial gc" contextid="1114" timestamp="2019-08-09T08:30:16.664" />
  <attribute name="elasticGC enabled" value="1" />
  <attribute name= "numThreadsSpecified" value="16" />
  <attribute name="heapSize specified" value="0" />
  <attribute name="Current GC Util" value="184" />
  <attribute name= "Current Time Running" value="72850" />
  <attribute name ="GC Interval" value="0" />
  <attribute name="Target GC Util Change" value ="80.000000" />
  <attribute name="Current GC Util Change" value="184.000000"/>
  <attribute name="Current Error" value="-127.000000" />
  <attribute name="Output H" value="153129864"/>
  <attribute name="Output I" value="1928"/>
  <attribute name="Output T" value="16"/>
  <attribute name= "Current Time Running" value="72850" />
  <attribute name="GC Util currently" value="184" />
  <attribute name="CPU Util currently" value="714774196084" />
<exclusive-end id="1122" timestamp="2019-08-09T08:30:16.664" durationms="13.303" />

<exclusive-start id="1123" timestamp="2019-08-09T08:30:16.710" intervalms="59.624">
  <response-info timems="0.046" idlems="0.046" threads="0" lastid="0000000001033F00" lastname="main" />
</exclusive-start>
<allocation-taxation id="1124" taxation-threshold="46137344" timestamp="2019-08-09T08:30:16.710" intervalms="59.622" />
<cycle-start id="1125" type="partial gc" contextid="0" timestamp="2019-08-09T08:30:16.710" intervalms="59.666" />
<gc-start id="1126" type="partial gc" contextid="1125" timestamp="2019-08-09T08:30:16.710">
  <mem-info id="1127" free="46137344" total="153092096" percent="30">
    <mem type="eden" free="0" total="46137344" percent="0" />
    <remembered-set count="45568" freebytes="5938048" totalbytes="6120320" percent="97" regionsoverflowed="0" regionsstable="2" regionsrebuilding="0"/>
  </mem-info>
</gc-start>
<allocation-stats totalBytes="46095792" >
  <allocated-bytes non-tlh="0" tlh="46095792" arrayletleaf="0"/>
  <largest-consumer threadName="main" threadId="0000000001033F00" bytes="46095792" />
</allocation-stats>
<gc-op id="1128" type="copy forward" timems="7.236" contextid="1125" timestamp="2019-08-09T08:30:16.719">
  <memory-copied type="eden" objects="6" bytes="352" bytesdiscarded="0" />
  <memory-copied type="other" objects="23" bytes="968" bytesdiscarded="320" />
  <memory-cardclean objects="52" bytes="2200" />
  <regions eden="22" other="1" />
  <remembered-set-cleared processed="37901" cleared="38" durationms="0.290" />
  <stringconstants candidates="13771" cleared="0"  />
</gc-op>
<gc-op id="1129" type="classunload" timems="0.007" contextid="1125" timestamp="2019-08-09T08:30:16.719">
  <classunload-info classloadercandidates="55" classloadersunloaded="0" classesunloaded="0" anonymousclassesunloaded="0" quiescems="0.000" setupms="0.006" scanms="0.000" postms="0.000" />
</gc-op>
<heap-resize id="1130" type="expand" space="default" amount="4194304" count="1" timems="0.083" reason="excessive time being spent in gc" timestamp="2019-08-09T08:30:16.719" />
<gc-end id="1131" type="partial gc" contextid="1125" durationms="8.557" usertimems="28.307" systemtimems="0.000" timestamp="2019-08-09T08:30:16.719" activeThreads="16">
  <mem-info id="1132" free="94371840" total="157286400" percent="60">
    <mem type="eden" free="2096800" total="2097152" percent="99" />
    <remembered-set count="45568" freebytes="6105728" totalbytes="6288000" percent="97" regionsoverflowed="0" regionsstable="2" regionsrebuilding="0"/>
  </mem-info>
</gc-end>
<cycle-end id="1133" type="partial gc" contextid="1125" timestamp="2019-08-09T08:30:16.719" />
  <attribute name="elasticGC enabled" value="1" />
  <attribute name= "numThreadsSpecified" value="16" />
  <attribute name="heapSize specified" value="0" />
  <attribute name="Current GC Util" value="106" />
  <attribute name= "Current Time Running" value="72909" />
  <attribute name ="GC Interval" value="0" />
  <attribute name="Target GC Util Change" value ="80.000000" />
  <attribute name="Current GC Util Change" value="106.000000"/>
  <attribute name="Current Error" value="-115.000000" />
  <attribute name="Output H" value="153129872"/>
  <attribute name="Output I" value="1936"/>
  <attribute name="Output T" value="16"/>
  <attribute name= "Current Time Running" value="72909" />
  <attribute name="GC Util currently" value="106" />
  <attribute name="CPU Util currently" value="1526403395201" />
<exclusive-end id="1134" timestamp="2019-08-09T08:30:16.719" durationms="9.143" />

<exclusive-start id="1135" timestamp="2019-08-09T08:30:16.836" intervalms="126.461">
  <response-info timems="0.039" idlems="0.039" threads="0" lastid="0000000001033F00" lastname="main" />
</exclusive-start>
<allocation-taxation id="1136" taxation-threshold="46137344" timestamp="2019-08-09T08:30:16.837" intervalms="126.459" />
<cycle-start id="1137" type="partial gc" contextid="0" timestamp="2019-08-09T08:30:16.837" intervalms="126.455" />
<gc-start id="1138" type="partial gc" contextid="1137" timestamp="2019-08-09T08:30:16.837">
  <mem-info id="1139" free="48234496" total="157286400" percent="30">
    <mem type="eden" free="2096800" total="48234496" percent="4" />
    <remembered-set count="45088" freebytes="6107648" totalbytes="6288000" percent="97" regionsoverflowed="0" regionsstable="2" regionsrebuilding="0"/>
  </mem-info>
</gc-start>
<allocation-stats totalBytes="46117232" >
  <allocated-bytes non-tlh="0" tlh="46117232" arrayletleaf="0"/>
  <largest-consumer threadName="main" threadId="0000000001033F00" bytes="46117232" />
</allocation-stats>
<gc-op id="1140" type="copy forward" timems="10.047" contextid="1137" timestamp="2019-08-09T08:30:16.849">
  <memory-copied type="eden" objects="51" bytes="2320" bytesdiscarded="584" />
  <memory-copied type="other" objects="0" bytes="0" bytesdiscarded="0" />
  <memory-cardclean objects="81" bytes="2992" />
  <regions eden="22" other="1" />
  <remembered-set-cleared processed="37903" cleared="34" durationms="0.295" />
  <stringconstants candidates="13771" cleared="0"  />
</gc-op>
<gc-op id="1141" type="classunload" timems="0.009" contextid="1137" timestamp="2019-08-09T08:30:16.849">
  <classunload-info classloadercandidates="55" classloadersunloaded="0" classesunloaded="0" anonymousclassesunloaded="0" quiescems="0.000" setupms="0.009" scanms="0.000" postms="0.000" />
</gc-op>
<gc-end id="1142" type="partial gc" contextid="1137" durationms="11.581" usertimems="33.743" systemtimems="0.000" timestamp="2019-08-09T08:30:16.849" activeThreads="16">
  <mem-info id="1143" free="94371840" total="157286400" percent="60">
    <mem type="eden" free="2094248" total="2097152" percent="99" />
    <remembered-set count="45088" freebytes="6107648" totalbytes="6288000" percent="97" regionsoverflowed="0" regionsstable="2" regionsrebuilding="0"/>
  </mem-info>
</gc-end>
<cycle-end id="1144" type="partial gc" contextid="1137" timestamp="2019-08-09T08:30:16.849" />
  <attribute name="elasticGC enabled" value="1" />
  <attribute name= "numThreadsSpecified" value="16" />
  <attribute name="heapSize specified" value="0" />
  <attribute name="Current GC Util" value="208" />
  <attribute name= "Current Time Running" value="73036" />
  <attribute name ="GC Interval" value="0" />
  <attribute name="Target GC Util Change" value ="80.000000" />
  <attribute name="Current GC Util Change" value="208.000000"/>
  <attribute name="Current Error" value="-128.000000" />
  <attribute name="Output H" value="157324168"/>
  <attribute name="Output I" value="1928"/>
  <attribute name="Output T" value="16"/>
  <attribute name= "Current Time Running" value="73036" />
  <attribute name="GC Util currently" value="208" />
  <attribute name="CPU Util currently" value="1084391214415" />
<exclusive-end id="1145" timestamp="2019-08-09T08:30:16.849" durationms="12.471" />

<exclusive-start id="1146" timestamp="2019-08-09T08:30:17.001" intervalms="164.314">
  <response-info timems="0.161" idlems="0.161" threads="0" lastid="0000000001033F00" lastname="main" />
</exclusive-start>
<allocation-taxation id="1147" taxation-threshold="46137344" timestamp="2019-08-09T08:30:17.001" intervalms="164.323" />
<cycle-start id="1148" type="partial gc" contextid="0" timestamp="2019-08-09T08:30:17.001" intervalms="164.323" />
<gc-start id="1149" type="partial gc" contextid="1148" timestamp="2019-08-09T08:30:17.001">
  <mem-info id="1150" free="48234496" total="157286400" percent="30">
    <mem type="eden" free="0" total="46137344" percent="0" />
    <remembered-set count="44608" freebytes="6109568" totalbytes="6288000" percent="97" regionsoverflowed="0" regionsstable="2" regionsrebuilding="0"/>
  </mem-info>
</gc-start>
<allocation-stats totalBytes="46127648" >
  <allocated-bytes non-tlh="0" tlh="46127648" arrayletleaf="0"/>
  <largest-consumer threadName="main" threadId="0000000001033F00" bytes="46127648" />
</allocation-stats>
<gc-op id="1151" type="copy forward" timems="7.821" contextid="1148" timestamp="2019-08-09T08:30:17.010">
  <memory-copied type="eden" objects="21" bytes="936" bytesdiscarded="0" />
  <memory-copied type="other" objects="23" bytes="992" bytesdiscarded="584" />
  <memory-cardclean objects="51" bytes="2232" />
  <regions eden="22" other="1" />
  <remembered-set-cleared processed="37913" cleared="39" durationms="0.204" />
  <stringconstants candidates="13771" cleared="0"  />
</gc-op>
<gc-op id="1152" type="classunload" timems="0.009" contextid="1148" timestamp="2019-08-09T08:30:17.010">
  <classunload-info classloadercandidates="55" classloadersunloaded="0" classesunloaded="0" anonymousclassesunloaded="0" quiescems="0.000" setupms="0.009" scanms="0.000" postms="0.000" />
</gc-op>
<gc-end id="1153" type="partial gc" contextid="1148" durationms="9.481" usertimems="32.726" systemtimems="0.000" timestamp="2019-08-09T08:30:17.011" activeThreads="16">
  <mem-info id="1154" free="92274688" total="157286400" percent="58">
    <mem type="eden" free="2096216" total="2097152" percent="99" />
    <remembered-set count="45600" freebytes="6105600" totalbytes="6288000" percent="97" regionsoverflowed="0" regionsstable="2" regionsrebuilding="0"/>
  </mem-info>
</gc-end>
<cycle-end id="1155" type="partial gc" contextid="1148" timestamp="2019-08-09T08:30:17.011" />
  <attribute name="elasticGC enabled" value="1" />
  <attribute name= "numThreadsSpecified" value="16" />
  <attribute name="heapSize specified" value="0" />
  <attribute name="Current GC Util" value="187" />
  <attribute name= "Current Time Running" value="73200" />
  <attribute name ="GC Interval" value="0" />
  <attribute name="Target GC Util Change" value ="80.000000" />
  <attribute name="Current GC Util Change" value="187.000000"/>
  <attribute name="Current Error" value="-168.000000" />
  <attribute name="Output H" value="157324144"/>
  <attribute name="Output I" value="1904"/>
  <attribute name="Output T" value="16"/>
  <attribute name= "Current Time Running" value="73200" />
  <attribute name="GC Util currently" value="187" />
  <attribute name="CPU Util currently" value="984792744481" />
<exclusive-end id="1156" timestamp="2019-08-09T08:30:17.011" durationms="10.161" />

<exclusive-start id="1157" timestamp="2019-08-09T08:30:18.366" intervalms="1364.861">
  <response-info timems="0.103" idlems="0.103" threads="0" lastid="0000000001033F00" lastname="main" />
</exclusive-start>
<allocation-taxation id="1158" taxation-threshold="46137344" timestamp="2019-08-09T08:30:18.366" intervalms="1364.854" />
<cycle-start id="1159" type="partial gc" contextid="0" timestamp="2019-08-09T08:30:18.366" intervalms="1364.881" />
<gc-start id="1160" type="partial gc" contextid="1159" timestamp="2019-08-09T08:30:18.366">
  <mem-info id="1161" free="46137344" total="157286400" percent="29">
    <mem type="eden" free="2096216" total="48234496" percent="4" />
    <remembered-set count="45184" freebytes="6107264" totalbytes="6288000" percent="97" regionsoverflowed="0" regionsstable="2" regionsrebuilding="0"/>
  </mem-info>
</gc-start>
<allocation-stats totalBytes="43816928" >
  <allocated-bytes non-tlh="0" tlh="43816928" arrayletleaf="0"/>
  <largest-consumer threadName="main" threadId="0000000001033F00" bytes="43816928" />
</allocation-stats>
<gc-op id="1162" type="copy forward" timems="7.377" contextid="1159" timestamp="2019-08-09T08:30:18.375">
  <memory-copied type="eden" objects="104" bytes="41304" bytesdiscarded="544" />
  <memory-copied type="other" objects="0" bytes="0" bytesdiscarded="0" />
  <memory-cardclean objects="121" bytes="4528" />
  <regions eden="22" other="1" />
  <remembered-set-cleared processed="37918" cleared="43" durationms="0.347" />
  <stringconstants candidates="13771" cleared="0"  />
</gc-op>
<gc-op id="1163" type="classunload" timems="0.007" contextid="1159" timestamp="2019-08-09T08:30:18.375">
  <classunload-info classloadercandidates="55" classloadersunloaded="0" classesunloaded="0" anonymousclassesunloaded="0" quiescems="0.000" setupms="0.007" scanms="0.000" postms="0.000" />
</gc-op>
<heap-resize id="1164" type="contract" space="default" amount="8388608" count="1" timems="0.102" reason="insufficient time being spent in gc" timestamp="2019-08-09T08:30:18.375" />
<gc-end id="1165" type="partial gc" contextid="1159" durationms="9.102" usertimems="22.072" systemtimems="0.000" timestamp="2019-08-09T08:30:18.375" activeThreads="16">
  <mem-info id="1166" free="83886080" total="148897792" percent="56">
    <mem type="eden" free="2055304" total="2097152" percent="98" />
    <remembered-set count="46176" freebytes="6103296" totalbytes="6288000" percent="97" regionsoverflowed="0" regionsstable="2" regionsrebuilding="0"/>
  </mem-info>
</gc-end>
<cycle-end id="1167" type="partial gc" contextid="1159" timestamp="2019-08-09T08:30:18.375" />
  <attribute name="elasticGC enabled" value="1" />
  <attribute name= "numThreadsSpecified" value="16" />
  <attribute name="heapSize specified" value="0" />
  <attribute name="Current GC Util" value="267" />
  <attribute name= "Current Time Running" value="74565" />
  <attribute name ="GC Interval" value="0" />
  <attribute name="Target GC Util Change" value ="80.000000" />
  <attribute name="Current GC Util Change" value="267.000000"/>
  <attribute name="Current Error" value="-276.000000" />
  <attribute name="Output H" value="157324088"/>
  <attribute name="Output I" value="1848"/>
  <attribute name="Output T" value="16"/>
  <attribute name= "Current Time Running" value="74565" />
  <attribute name="GC Util currently" value="267" />
  <attribute name="CPU Util currently" value="1009773915836" />
<exclusive-end id="1168" timestamp="2019-08-09T08:30:18.375" durationms="9.675" />

<exclusive-start id="1169" timestamp="2019-08-09T08:30:18.791" intervalms="425.717">
  <response-info timems="0.018" idlems="0.018" threads="0" lastid="0000000001033F00" lastname="main" />
</exclusive-start>
<allocation-taxation id="1170" taxation-threshold="44040192" timestamp="2019-08-09T08:30:18.791" intervalms="425.719" />
<cycle-start id="1171" type="partial gc" contextid="0" timestamp="2019-08-09T08:30:18.792" intervalms="425.678" />
<gc-start id="1172" type="partial gc" contextid="1171" timestamp="2019-08-09T08:30:18.792">
  <mem-info id="1173" free="39845888" total="148897792" percent="26">
    <mem type="eden" free="0" total="44040192" percent="0" />
    <remembered-set count="46176" freebytes="6103296" totalbytes="6288000" percent="97" regionsoverflowed="0" regionsstable="2" regionsrebuilding="0"/>
  </mem-info>
</gc-start>
<allocation-stats totalBytes="44035760" >
  <allocated-bytes non-tlh="0" tlh="44035760" arrayletleaf="0"/>
  <largest-consumer threadName="main" threadId="0000000001033F00" bytes="44035760" />
</allocation-stats>
<gc-op id="1174" type="copy forward" timems="8.723" contextid="1171" timestamp="2019-08-09T08:30:18.802">
  <memory-copied type="eden" objects="132" bytes="7352" bytesdiscarded="720" />
  <memory-copied type="other" objects="73" bytes="2464" bytesdiscarded="560" />
  <memory-cardclean objects="82" bytes="3368" />
  <regions eden="21" other="1" />
  <remembered-set-cleared processed="37934" cleared="51" durationms="0.342" />
  <stringconstants candidates="13771" cleared="0"  />
</gc-op>
<gc-op id="1175" type="classunload" timems="0.010" contextid="1171" timestamp="2019-08-09T08:30:18.802">
  <classunload-info classloadercandidates="55" classloadersunloaded="0" classesunloaded="0" anonymousclassesunloaded="0" quiescems="0.000" setupms="0.010" scanms="0.000" postms="0.000" />
</gc-op>
<heap-resize id="1176" type="contract" space="default" amount="8388608" count="1" timems="0.290" reason="insufficient time being spent in gc" timestamp="2019-08-09T08:30:18.803" />
<gc-end id="1177" type="partial gc" contextid="1171" durationms="11.012" usertimems="23.363" systemtimems="0.000" timestamp="2019-08-09T08:30:18.803" activeThreads="16">
  <mem-info id="1178" free="73400320" total="140509184" percent="52">
    <mem type="eden" free="2089080" total="2097152" percent="99" />
    <remembered-set count="45696" freebytes="5769856" totalbytes="5952640" percent="96" regionsoverflowed="0" regionsstable="2" regionsrebuilding="0"/>
  </mem-info>
</gc-end>
<cycle-end id="1179" type="partial gc" contextid="1171" timestamp="2019-08-09T08:30:18.803" />
  <attribute name="elasticGC enabled" value="1" />
  <attribute name= "numThreadsSpecified" value="16" />
  <attribute name="heapSize specified" value="0" />
  <attribute name="Current GC Util" value="145" />
  <attribute name= "Current Time Running" value="74991" />
  <attribute name ="GC Interval" value="0" />
  <attribute name="Target GC Util Change" value ="80.000000" />
  <attribute name="Current GC Util Change" value="145.000000"/>
  <attribute name="Current Error" value="-65.000000" />
  <attribute name="Output H" value="148935600"/>
  <attribute name="Output I" value="1968"/>
  <attribute name="Output T" value="16"/>
  <attribute name= "Current Time Running" value="74991" />
  <attribute name="GC Util currently" value="145" />
  <attribute name="CPU Util currently" value="935122178829" />
<exclusive-end id="1180" timestamp="2019-08-09T08:30:18.803" durationms="11.745" />

<exclusive-start id="1181" timestamp="2019-08-09T08:30:19.488" intervalms="696.160">
  <response-info timems="0.069" idlems="0.069" threads="0" lastid="0000000001033F00" lastname="main" />
</exclusive-start>
<allocation-taxation id="1182" taxation-threshold="41943040" timestamp="2019-08-09T08:30:19.488" intervalms="696.161" />
<cycle-start id="1183" type="partial gc" contextid="0" timestamp="2019-08-09T08:30:19.488" intervalms="696.148" />
<gc-start id="1184" type="partial gc" contextid="1183" timestamp="2019-08-09T08:30:19.488">
  <mem-info id="1185" free="31457280" total="140509184" percent="22">
    <mem type="eden" free="0" total="41943040" percent="0" />
    <remembered-set count="45696" freebytes="5769856" totalbytes="5952640" percent="96" regionsoverflowed="0" regionsstable="2" regionsrebuilding="0"/>
  </mem-info>
</gc-start>
<allocation-stats totalBytes="41937808" >
  <allocated-bytes non-tlh="0" tlh="41937808" arrayletleaf="0"/>
  <largest-consumer threadName="main" threadId="0000000001033F00" bytes="41937808" />
</allocation-stats>
<gc-op id="1186" type="copy forward" timems="11.265" contextid="1183" timestamp="2019-08-09T08:30:19.502">
  <memory-copied type="eden" objects="44" bytes="1384" bytesdiscarded="336" />
  <memory-copied type="other" objects="7" bytes="160" bytesdiscarded="0" />
  <memory-cardclean objects="116" bytes="4528" />
  <regions eden="20" other="1" />
  <remembered-set-cleared processed="37948" cleared="51" durationms="0.347" />
  <stringconstants candidates="13771" cleared="0"  />
</gc-op>
<gc-op id="1187" type="classunload" timems="0.010" contextid="1183" timestamp="2019-08-09T08:30:19.502">
  <classunload-info classloadercandidates="55" classloadersunloaded="0" classesunloaded="0" anonymousclassesunloaded="0" quiescems="0.000" setupms="0.010" scanms="0.000" postms="0.000" />
</gc-op>
<heap-resize id="1188" type="contract" space="default" amount="8388608" count="1" timems="0.590" reason="insufficient time being spent in gc" timestamp="2019-08-09T08:30:19.502" />
<gc-end id="1189" type="partial gc" contextid="1183" durationms="14.296" usertimems="58.148" systemtimems="0.000" timestamp="2019-08-09T08:30:19.502" activeThreads="16">
  <mem-info id="1190" free="62914560" total="132120576" percent="47">
    <mem type="eden" free="2095432" total="2097152" percent="99" />
    <remembered-set count="45952" freebytes="5433472" totalbytes="5617280" percent="96" regionsoverflowed="0" regionsstable="2" regionsrebuilding="0"/>
  </mem-info>
</gc-end>
<cycle-end id="1191" type="partial gc" contextid="1183" timestamp="2019-08-09T08:30:19.502" />
  <attribute name="elasticGC enabled" value="1" />
  <attribute name= "numThreadsSpecified" value="16" />
  <attribute name="heapSize specified" value="0" />
  <attribute name="Current GC Util" value="194" />
  <attribute name= "Current Time Running" value="75688" />
  <attribute name ="GC Interval" value="0" />
  <attribute name="Target GC Util Change" value ="80.000000" />
  <attribute name="Current GC Util Change" value="194.000000"/>
  <attribute name="Current Error" value="-102.000000" />
  <attribute name="Output H" value="140546968"/>
  <attribute name="Output I" value="1944"/>
  <attribute name="Output T" value="16"/>
  <attribute name= "Current Time Running" value="75688" />
  <attribute name="GC Util currently" value="194" />
  <attribute name="CPU Util currently" value="623606990211" />
<exclusive-end id="1192" timestamp="2019-08-09T08:30:19.503" durationms="15.026" />

<exclusive-start id="1193" timestamp="2019-08-09T08:30:19.732" intervalms="243.961">
  <response-info timems="0.110" idlems="0.110" threads="0" lastid="0000000001033F00" lastname="main" />
</exclusive-start>
<allocation-taxation id="1194" taxation-threshold="39845888" timestamp="2019-08-09T08:30:19.732" intervalms="243.959" />
<cycle-start id="1195" type="partial gc" contextid="0" timestamp="2019-08-09T08:30:19.732" intervalms="243.973" />
<gc-start id="1196" type="partial gc" contextid="1195" timestamp="2019-08-09T08:30:19.732">
  <mem-info id="1197" free="23068672" total="132120576" percent="17">
    <mem type="eden" free="0" total="39845888" percent="0" />
    <remembered-set count="45952" freebytes="5433472" totalbytes="5617280" percent="96" regionsoverflowed="0" regionsstable="2" regionsrebuilding="0"/>
  </mem-info>
</gc-start>
<allocation-stats totalBytes="39839144" >
  <allocated-bytes non-tlh="32" tlh="39839112" arrayletleaf="0"/>
  <largest-consumer threadName="main" threadId="0000000001033F00" bytes="39839144" />
</allocation-stats>
<gc-op id="1198" type="copy forward" timems="9.287" contextid="1195" timestamp="2019-08-09T08:30:19.743">
  <memory-copied type="eden" objects="47" bytes="1480" bytesdiscarded="0" />
  <memory-copied type="other" objects="32" bytes="960" bytesdiscarded="288" />
  <memory-cardclean objects="3147" bytes="88760" />
  <regions eden="19" other="1" />
  <remembered-set-cleared processed="37720" cleared="206" durationms="0.244" />
  <stringconstants candidates="13772" cleared="0"  />
</gc-op>
<gc-op id="1199" type="classunload" timems="0.011" contextid="1195" timestamp="2019-08-09T08:30:19.743">
  <classunload-info classloadercandidates="55" classloadersunloaded="0" classesunloaded="0" anonymousclassesunloaded="0" quiescems="0.000" setupms="0.011" scanms="0.000" postms="0.000" />
</gc-op>
<heap-resize id="1200" type="contract" space="default" amount="8388608" count="1" timems="0.354" reason="insufficient time being spent in gc" timestamp="2019-08-09T08:30:19.743" />
<gc-end id="1201" type="partial gc" contextid="1195" durationms="11.105" usertimems="42.610" systemtimems="0.000" timestamp="2019-08-09T08:30:19.743" activeThreads="16">
  <mem-info id="1202" free="52428800" total="123731968" percent="42">
    <mem type="eden" free="2095672" total="2097152" percent="99" />
    <remembered-set count="45600" freebytes="5099520" totalbytes="5281920" percent="96" regionsoverflowed="0" regionsstable="2" regionsrebuilding="0"/>
  </mem-info>
</gc-end>
<cycle-end id="1203" type="partial gc" contextid="1195" timestamp="2019-08-09T08:30:19.743" />
  <attribute name="elasticGC enabled" value="1" />
  <attribute name= "numThreadsSpecified" value="16" />
  <attribute name="heapSize specified" value="0" />
  <attribute name="Current GC Util" value="73" />
  <attribute name= "Current Time Running" value="75931" />
  <attribute name ="GC Interval" value="0" />
  <attribute name="Target GC Util Change" value ="80.000000" />
  <attribute name="Current GC Util Change" value="73.000000"/>
  <attribute name="Current Error" value="-27.000000" />
  <attribute name="Output H" value="132158408"/>
  <attribute name="Output I" value="1992"/>
  <attribute name="Output T" value="16"/>
  <attribute name= "Current Time Running" value="75931" />
  <attribute name="GC Util currently" value="73" />
  <attribute name="CPU Util currently" value="1213531306238" />
<exclusive-end id="1204" timestamp="2019-08-09T08:30:19.743" durationms="11.773" />

<exclusive-start id="1205" timestamp="2019-08-09T08:30:19.925" intervalms="193.866">
  <response-info timems="0.052" idlems="0.052" threads="0" lastid="0000000001033F00" lastname="main" />
</exclusive-start>
<allocation-taxation id="1206" taxation-threshold="18874368" timestamp="2019-08-09T08:30:19.925" intervalms="193.863" />
<cycle-start id="1207" type="global mark phase" contextid="0" timestamp="2019-08-09T08:30:19.925" intervalms="7651.935" />
<gc-start id="1208" type="global mark phase" contextid="1207" timestamp="2019-08-09T08:30:19.926">
  <mem-info id="1209" free="33554432" total="123731968" percent="27">
    <remembered-set count="45120" freebytes="5101440" totalbytes="5281920" percent="96" regionsoverflowed="0" regionsstable="2" regionsrebuilding="0"/>
  </mem-info>
</gc-start>
<gc-op id="1210" type="mark increment" timems="5.500" contextid="1207" timestamp="2019-08-09T08:30:19.931">
  <trace-info objectcount="45205" scancount="26307" scanbytes="988180" />
</gc-op>
<gc-end id="1211" type="global mark phase" contextid="1207" durationms="5.579" usertimems="23.839" systemtimems="0.000" timestamp="2019-08-09T08:30:19.931" activeThreads="16">
  <mem-info id="1212" free="33554432" total="123731968" percent="27">
    <remembered-set count="45120" freebytes="5101440" totalbytes="5281920" percent="96" regionsoverflowed="0" regionsstable="0" regionsrebuilding="2"/>
  </mem-info>
</gc-end>
<concurrent-start id="1213" type="GMP work packet processing" contextid="1207" timestamp="2019-08-09T08:30:19.931">
  <concurrent-mark-start scanTarget="8880372" />
</concurrent-start>
<exclusive-end id="1214" timestamp="2019-08-09T08:30:19.931" durationms="5.925" />

<concurrent-end id="1215" type="GMP work packet processing" contextid="1207" timestamp="2019-08-09T08:30:19.938">
  <concurrent-mark-end bytesScanned="9073724" reasonForTermination="Work target met" />
</concurrent-end>

<exclusive-start id="1216" timestamp="2019-08-09T08:30:20.140" intervalms="214.636">
  <response-info timems="0.232" idlems="0.232" threads="0" lastid="0000000001033F00" lastname="main" />
</exclusive-start>
<allocation-taxation id="1217" taxation-threshold="18874368" timestamp="2019-08-09T08:30:20.140" intervalms="214.636" />
<cycle-start id="1218" type="partial gc" contextid="0" timestamp="2019-08-09T08:30:20.140" intervalms="408.474" />
<gc-start id="1219" type="partial gc" contextid="1218" timestamp="2019-08-09T08:30:20.140">
  <mem-info id="1220" free="14680064" total="123731968" percent="11">
    <mem type="eden" free="0" total="37748736" percent="0" />
    <remembered-set count="49952" freebytes="5082112" totalbytes="5281920" percent="96" regionsoverflowed="0" regionsstable="0" regionsrebuilding="2"/>
  </mem-info>
</gc-start>
<allocation-stats totalBytes="37734744" >
  <allocated-bytes non-tlh="0" tlh="37734744" arrayletleaf="0"/>
  <largest-consumer threadName="main" threadId="0000000001033F00" bytes="18866856" />
</allocation-stats>
<gc-op id="1221" type="copy forward" timems="7.584" contextid="1218" timestamp="2019-08-09T08:30:20.149">
  <memory-copied type="eden" objects="24" bytes="824" bytesdiscarded="0" />
  <memory-copied type="other" objects="9" bytes="192" bytesdiscarded="736" />
  <memory-cardclean objects="245" bytes="7792" />
  <regions eden="18" other="1" />
  <remembered-set-cleared processed="38317" cleared="82" durationms="0.257" />
  <stringconstants candidates="13772" cleared="0"  />
</gc-op>
<gc-op id="1222" type="classunload" timems="0.010" contextid="1218" timestamp="2019-08-09T08:30:20.149">
  <classunload-info classloadercandidates="55" classloadersunloaded="0" classesunloaded="0" anonymousclassesunloaded="0" quiescems="0.000" setupms="0.010" scanms="0.000" postms="0.000" />
</gc-op>
<heap-resize id="1223" type="contract" space="default" amount="6291456" count="1" timems="0.079" reason="insufficient time being spent in gc" timestamp="2019-08-09T08:30:20.150" />
<gc-end id="1224" type="partial gc" contextid="1218" durationms="9.190" usertimems="21.273" systemtimems="0.000" timestamp="2019-08-09T08:30:20.150" activeThreads="16">
  <mem-info id="1225" free="44040192" total="117440512" percent="37">
    <mem type="eden" free="2096328" total="2097152" percent="99" />
    <remembered-set count="46336" freebytes="4761216" totalbytes="4946560" percent="96" regionsoverflowed="0" regionsstable="0" regionsrebuilding="2"/>
  </mem-info>
</gc-end>
<cycle-end id="1226" type="partial gc" contextid="1218" timestamp="2019-08-09T08:30:20.150" />
  <attribute name="elasticGC enabled" value="1" />
  <attribute name= "numThreadsSpecified" value="16" />
  <attribute name="heapSize specified" value="0" />
  <attribute name="Current GC Util" value="75" />
  <attribute name= "Current Time Running" value="76339" />
  <attribute name ="GC Interval" value="0" />
  <attribute name="Target GC Util Change" value ="80.000000" />
  <attribute name="Current GC Util Change" value="75.000000"/>
  <attribute name="Current Error" value="-366.000000" />
  <attribute name="Output H" value="123769600"/>
  <attribute name="Output I" value="1792"/>
  <attribute name="Output T" value="16"/>
  <attribute name= "Current Time Running" value="76339" />
  <attribute name="GC Util currently" value="75" />
  <attribute name="CPU Util currently" value="1084462613278" />
<exclusive-end id="1227" timestamp="2019-08-09T08:30:20.150" durationms="9.814" />

<exclusive-start id="1228" timestamp="2019-08-09T08:30:20.220" intervalms="80.178">
  <response-info timems="0.119" idlems="0.119" threads="0" lastid="0000000001033F00" lastname="main" />
</exclusive-start>
<allocation-taxation id="1229" taxation-threshold="16777216" timestamp="2019-08-09T08:30:20.220" intervalms="80.179" />
<gc-start id="1230" type="global mark phase" contextid="1207" timestamp="2019-08-09T08:30:20.220">
  <mem-info id="1231" free="27262976" total="117440512" percent="23">
    <remembered-set count="46336" freebytes="4761216" totalbytes="4946560" percent="96" regionsoverflowed="0" regionsstable="0" regionsrebuilding="2"/>
  </mem-info>
</gc-start>
<gc-end id="1232" type="global mark phase" contextid="1207" durationms="0.018" usertimems="0.016" systemtimems="0.000" timestamp="2019-08-09T08:30:20.220" activeThreads="16">
  <mem-info id="1233" free="27262976" total="117440512" percent="23">
    <remembered-set count="46336" freebytes="4761216" totalbytes="4946560" percent="96" regionsoverflowed="0" regionsstable="0" regionsrebuilding="2"/>
  </mem-info>
</gc-end>
<concurrent-start id="1234" type="GMP work packet processing" contextid="1207" timestamp="2019-08-09T08:30:20.220">
  <concurrent-mark-start scanTarget="5920248" />
</concurrent-start>
<exclusive-end id="1235" timestamp="2019-08-09T08:30:20.221" durationms="0.333" />

<concurrent-end id="1236" type="GMP work packet processing" contextid="1207" timestamp="2019-08-09T08:30:20.227">
  <concurrent-mark-end bytesScanned="3558968" reasonForTermination="Completed all work in GC phase" />
</concurrent-end>

<exclusive-start id="1237" timestamp="2019-08-09T08:30:20.338" intervalms="118.187">
  <response-info timems="0.040" idlems="0.040" threads="0" lastid="0000000001033F00" lastname="main" />
</exclusive-start>
<allocation-taxation id="1238" taxation-threshold="16777216" timestamp="2019-08-09T08:30:20.338" intervalms="118.186" />
<cycle-start id="1239" type="partial gc" contextid="0" timestamp="2019-08-09T08:30:20.338" intervalms="198.361" />
<gc-start id="1240" type="partial gc" contextid="1239" timestamp="2019-08-09T08:30:20.339">
  <mem-info id="1241" free="10485760" total="117440512" percent="8">
    <mem type="eden" free="0" total="33554432" percent="0" />
    <remembered-set count="49504" freebytes="4748544" totalbytes="4946560" percent="95" regionsoverflowed="0" regionsstable="0" regionsrebuilding="2"/>
  </mem-info>
</gc-start>
<allocation-stats totalBytes="33547224" >
  <allocated-bytes non-tlh="0" tlh="33547224" arrayletleaf="0"/>
  <largest-consumer threadName="main" threadId="0000000001033F00" bytes="16775912" />
</allocation-stats>
<gc-op id="1242" type="copy forward" timems="7.840" contextid="1239" timestamp="2019-08-09T08:30:20.348">
  <memory-copied type="eden" objects="25" bytes="792" bytesdiscarded="0" />
  <memory-copied type="other" objects="8" bytes="208" bytesdiscarded="720" />
  <memory-cardclean objects="80" bytes="3016" />
  <regions eden="16" other="1" />
  <remembered-set-cleared processed="39438" cleared="33" durationms="0.274" />
  <stringconstants candidates="13772" cleared="0"  />
</gc-op>
<gc-op id="1243" type="classunload" timems="0.009" contextid="1239" timestamp="2019-08-09T08:30:20.348">
  <classunload-info classloadercandidates="55" classloadersunloaded="0" classesunloaded="0" anonymousclassesunloaded="0" quiescems="0.000" setupms="0.009" scanms="0.000" postms="0.000" />
</gc-op>
<gc-end id="1244" type="partial gc" contextid="1239" durationms="9.872" usertimems="26.273" systemtimems="0.000" timestamp="2019-08-09T08:30:20.349" activeThreads="16">
  <mem-info id="1245" free="41943040" total="117440512" percent="35">
    <mem type="eden" free="2096360" total="2097152" percent="99" />
    <remembered-set count="47776" freebytes="4503936" totalbytes="4695040" percent="95" regionsoverflowed="0" regionsstable="0" regionsrebuilding="2"/>
  </mem-info>
</gc-end>
<cycle-end id="1246" type="partial gc" contextid="1239" timestamp="2019-08-09T08:30:20.349" />
  <attribute name="elasticGC enabled" value="1" />
  <attribute name= "numThreadsSpecified" value="16" />
  <attribute name="heapSize specified" value="0" />
  <attribute name="Current GC Util" value="174" />
  <attribute name= "Current Time Running" value="76538" />
  <attribute name ="GC Interval" value="0" />
  <attribute name="Target GC Util Change" value ="80.000000" />
  <attribute name="Current GC Util Change" value="174.000000"/>
  <attribute name="Current Error" value="-27.000000" />
  <attribute name="Output H" value="117478344"/>
  <attribute name="Output I" value="1992"/>
  <attribute name="Output T" value="16"/>
  <attribute name= "Current Time Running" value="76538" />
  <attribute name="GC Util currently" value="174" />
  <attribute name="CPU Util currently" value="723020641307" />
<exclusive-end id="1247" timestamp="2019-08-09T08:30:20.349" durationms="10.377" />

<exclusive-start id="1248" timestamp="2019-08-09T08:30:20.408" intervalms="69.642">
  <response-info timems="0.311" idlems="0.311" threads="0" lastid="0000000001033F00" lastname="main" />
</exclusive-start>
<allocation-taxation id="1249" taxation-threshold="16777216" timestamp="2019-08-09T08:30:20.408" intervalms="69.657" />
<gc-start id="1250" type="global mark phase" contextid="1207" timestamp="2019-08-09T08:30:20.408">
  <mem-info id="1251" free="25165824" total="117440512" percent="21">
    <remembered-set count="31136" freebytes="4570496" totalbytes="4695040" percent="97" regionsoverflowed="0" regionsstable="1" regionsrebuilding="2"/>
  </mem-info>
</gc-start>
<gc-op id="1252" type="mark increment" timems="139.772" contextid="1207" timestamp="2019-08-09T08:30:20.548">
  <trace-info objectcount="63" scancount="55" scanbytes="1628" />
  <cardclean-info objects="354" bytes="10140" />
  <finalization candidates="81" enqueued="1" />
  <ownableSynchronizers candidates="21" cleared="0" />
  <references type="soft" candidates="4844" cleared="113" enqueued="110" dynamicThreshold="11" maxThreshold="32" />
  <references type="weak" candidates="5611" cleared="11" enqueued="6" />
  <references type="phantom" candidates="98" cleared="0" enqueued="0" />
  <stringconstants candidates="13772" cleared="2"  />
</gc-op>
<gc-op id="1253" type="classunload" timems="0.444" contextid="1207" timestamp="2019-08-09T08:30:20.548">
  <classunload-info classloadercandidates="55" classloadersunloaded="1" classesunloaded="1" anonymousclassesunloaded="0" quiescems="0.000" setupms="0.429" scanms="0.011" postms="0.004" />
</gc-op>
<gc-end id="1254" type="global mark phase" contextid="1207" durationms="140.328" usertimems="224.183" systemtimems="0.000" timestamp="2019-08-09T08:30:20.549" activeThreads="16">
  <mem-info id="1255" free="25165824" total="117440512" percent="21">
    <pending-finalizers system="0" default="1" reference="116" classloader="0" />
    <remembered-set count="31136" freebytes="4570496" totalbytes="4695040" percent="97" regionsoverflowed="0" regionsstable="1" regionsrebuilding="0"/>
  </mem-info>
</gc-end>
<cycle-end id="1256" type="global mark phase" contextid="1207" timestamp="2019-08-09T08:30:20.549" />
  <attribute name="elasticGC enabled" value="1" />
  <attribute name= "numThreadsSpecified" value="16" />
  <attribute name="heapSize specified" value="0" />
  <attribute name="Current GC Util" value="64" />
  <attribute name= "Current Time Running" value="76700" />
  <attribute name ="GC Interval" value="0" />
  <attribute name="Target GC Util Change" value ="80.000000" />
  <attribute name="Current GC Util Change" value="64.000000"/>
  <attribute name="Current Error" value="-57.000000" />
  <attribute name="Output H" value="117478320"/>
  <attribute name="Output I" value="1968"/>
  <attribute name="Output T" value="16"/>
  <attribute name= "Current Time Running" value="76700" />
  <attribute name="GC Util currently" value="64" />
  <attribute name="CPU Util currently" value="13218215263" />
<exclusive-end id="1257" timestamp="2019-08-09T08:30:20.549" durationms="140.617" />

<exclusive-start id="1258" timestamp="2019-08-09T08:30:20.593" intervalms="184.567">
  <response-info timems="0.018" idlems="0.018" threads="0" lastid="0000000001033F00" lastname="main" />
</exclusive-start>
<allocation-taxation id="1259" taxation-threshold="16777216" timestamp="2019-08-09T08:30:20.593" intervalms="184.555" />
<cycle-start id="1260" type="partial gc" contextid="0" timestamp="2019-08-09T08:30:20.593" intervalms="254.206" />
<gc-start id="1261" type="partial gc" contextid="1260" timestamp="2019-08-09T08:30:20.593">
  <mem-info id="1262" free="8388608" total="117440512" percent="7">
    <mem type="eden" free="0" total="33554432" percent="0" />
    <remembered-set count="29088" freebytes="4578688" totalbytes="4695040" percent="97" regionsoverflowed="0" regionsstable="3" regionsrebuilding="0"/>
  </mem-info>
</gc-start>
<allocation-stats totalBytes="33551344" >
  <allocated-bytes non-tlh="0" tlh="33551344" arrayletleaf="0"/>
  <largest-consumer threadName="main" threadId="0000000001033F00" bytes="16772048" />
</allocation-stats>
<gc-op id="1263" type="sweep" timems="3.675" contextid="1260" timestamp="2019-08-09T08:30:20.597" />
<gc-op id="1264" type="copy forward" timems="4.799" contextid="1260" timestamp="2019-08-09T08:30:20.602">
  <memory-copied type="eden" objects="5" bytes="616" bytesdiscarded="0" />
  <memory-copied type="other" objects="31" bytes="928" bytesdiscarded="584" />
  <memory-cardclean objects="238" bytes="12560" />
  <regions eden="8" other="3" />
  <remembered-set-cleared processed="21590" cleared="35" durationms="0.244" />
  <stringconstants candidates="13770" cleared="0"  />
</gc-op>
<gc-op id="1265" type="classunload" timems="0.006" contextid="1260" timestamp="2019-08-09T08:30:20.602">
  <classunload-info classloadercandidates="54" classloadersunloaded="0" classesunloaded="0" anonymousclassesunloaded="0" quiescems="0.000" setupms="0.006" scanms="0.000" postms="0.000" />
</gc-op>
<heap-resize id="1266" type="expand" space="default" amount="20971520" count="1" timems="0.075" reason="excessive time being spent in gc" timestamp="2019-08-09T08:30:20.603" />
<gc-end id="1267" type="partial gc" contextid="1260" durationms="9.703" usertimems="22.144" systemtimems="0.000" timestamp="2019-08-09T08:30:20.603" activeThreads="16">
  <mem-info id="1268" free="60817408" total="138412032" percent="43">
    <mem type="eden" free="2095184" total="2097152" percent="99" />
    <remembered-set count="30240" freebytes="5412480" totalbytes="5533440" percent="97" regionsoverflowed="0" regionsstable="3" regionsrebuilding="0"/>
  </mem-info>
</gc-end>
<cycle-end id="1269" type="partial gc" contextid="1260" timestamp="2019-08-09T08:30:20.603" />
  <attribute name="elasticGC enabled" value="1" />
  <attribute name= "numThreadsSpecified" value="16" />
  <attribute name="heapSize specified" value="0" />
  <attribute name="Current GC Util" value="114" />
  <attribute name= "Current Time Running" value="76795" />
  <attribute name ="GC Interval" value="0" />
  <attribute name="Target GC Util Change" value ="80.000000" />
  <attribute name="Current GC Util Change" value="114.000000"/>
  <attribute name="Current Error" value="-187.000000" />
  <attribute name="Output H" value="117478248"/>
  <attribute name="Output I" value="1896"/>
  <attribute name="Output T" value="16"/>
  <attribute name= "Current Time Running" value="76795" />
  <attribute name="GC Util currently" value="114" />
  <attribute name="CPU Util currently" value="2357915164813" />
<exclusive-end id="1270" timestamp="2019-08-09T08:30:20.603" durationms="10.195" />

<exclusive-start id="1271" timestamp="2019-08-09T08:30:20.672" intervalms="79.599">
  <response-info timems="0.109" idlems="0.109" threads="0" lastid="0000000001033F00" lastname="main" />
</exclusive-start>
<allocation-taxation id="1272" taxation-threshold="20971520" timestamp="2019-08-09T08:30:20.672" intervalms="79.607" />
<cycle-start id="1273" type="global mark phase" contextid="0" timestamp="2019-08-09T08:30:20.672" intervalms="746.856" />
<gc-start id="1274" type="global mark phase" contextid="1273" timestamp="2019-08-09T08:30:20.672">
  <mem-info id="1275" free="39845888" total="138412032" percent="28">
    <remembered-set count="29888" freebytes="5413888" totalbytes="5533440" percent="97" regionsoverflowed="0" regionsstable="3" regionsrebuilding="0"/>
  </mem-info>
</gc-start>
<gc-op id="1276" type="mark increment" timems="3.034" contextid="1273" timestamp="2019-08-09T08:30:20.675">
  <trace-info objectcount="229" scancount="0" scanbytes="0" />
</gc-op>
<gc-end id="1277" type="global mark phase" contextid="1273" durationms="3.073" usertimems="8.231" systemtimems="0.000" timestamp="2019-08-09T08:30:20.675" activeThreads="16">
  <mem-info id="1278" free="39845888" total="138412032" percent="28">
    <remembered-set count="29888" freebytes="5413888" totalbytes="5533440" percent="97" regionsoverflowed="0" regionsstable="0" regionsrebuilding="3"/>
  </mem-info>
</gc-end>
<concurrent-start id="1279" type="GMP work packet processing" contextid="1273" timestamp="2019-08-09T08:30:20.675">
  <concurrent-mark-start scanTarget="4668637" />
</concurrent-start>
<exclusive-end id="1280" timestamp="2019-08-09T08:30:20.676" durationms="3.406" />

<concurrent-end id="1281" type="GMP work packet processing" contextid="1273" timestamp="2019-08-09T08:30:20.681">
  <concurrent-mark-end bytesScanned="4806932" reasonForTermination="Work target met" />
</concurrent-end>

<exclusive-start id="1282" timestamp="2019-08-09T08:30:20.733" intervalms="60.458">
  <response-info timems="0.091" idlems="0.091" threads="0" lastid="0000000001033F00" lastname="main" />
</exclusive-start>
<allocation-taxation id="1283" taxation-threshold="20971520" timestamp="2019-08-09T08:30:20.733" intervalms="60.462" />
<cycle-start id="1284" type="partial gc" contextid="0" timestamp="2019-08-09T08:30:20.733" intervalms="140.137" />
<gc-start id="1285" type="partial gc" contextid="1284" timestamp="2019-08-09T08:30:20.733">
  <mem-info id="1286" free="18874368" total="138412032" percent="13">
    <mem type="eden" free="0" total="41943040" percent="0" />
    <remembered-set count="51936" freebytes="5325696" totalbytes="5533440" percent="96" regionsoverflowed="0" regionsstable="0" regionsrebuilding="3"/>
  </mem-info>
</gc-start>
<allocation-stats totalBytes="41936784" >
  <allocated-bytes non-tlh="0" tlh="41936784" arrayletleaf="0"/>
  <largest-consumer threadName="main" threadId="0000000001033F00" bytes="20968976" />
</allocation-stats>
<gc-op id="1287" type="copy forward" timems="14.118" contextid="1284" timestamp="2019-08-09T08:30:20.749">
  <memory-copied type="eden" objects="31" bytes="936" bytesdiscarded="0" />
  <memory-copied type="other" objects="65394" bytes="1879304" bytesdiscarded="117112" />
  <memory-cardclean objects="35273" bytes="1471672" />
  <regions eden="20" other="17" />
  <remembered-set-cleared processed="37361" cleared="15136" durationms="0.324" />
  <references type="soft" candidates="954" cleared="0" enqueued="0" dynamicThreshold="9" maxThreshold="32" />
  <references type="weak" candidates="699" cleared="0" enqueued="0" />
  <references type="phantom" candidates="2" cleared="0" enqueued="0" />
  <stringconstants candidates="13770" cleared="0"  />
</gc-op>
<gc-op id="1288" type="classunload" timems="0.010" contextid="1284" timestamp="2019-08-09T08:30:20.749">
  <classunload-info classloadercandidates="54" classloadersunloaded="0" classesunloaded="0" anonymousclassesunloaded="0" quiescems="0.000" setupms="0.009" scanms="0.000" postms="0.000" />
</gc-op>
<gc-end id="1289" type="partial gc" contextid="1284" durationms="16.087" usertimems="49.766" systemtimems="0.000" timestamp="2019-08-09T08:30:20.749" activeThreads="16">
  <mem-info id="1290" free="88080384" total="138412032" percent="63">
    <mem type="eden" free="2096216" total="2097152" percent="99" />
    <remembered-set count="42400" freebytes="5363840" totalbytes="5533440" percent="96" regionsoverflowed="0" regionsstable="0" regionsrebuilding="3"/>
  </mem-info>
</gc-end>
<cycle-end id="1291" type="partial gc" contextid="1284" timestamp="2019-08-09T08:30:20.749" />
  <attribute name="elasticGC enabled" value="1" />
  <attribute name= "numThreadsSpecified" value="16" />
  <attribute name="heapSize specified" value="0" />
  <attribute name="Current GC Util" value="208" />
  <attribute name= "Current Time Running" value="76933" />
  <attribute name ="GC Interval" value="0" />
  <attribute name="Target GC Util Change" value ="80.000000" />
  <attribute name="Current GC Util Change" value="208.000000"/>
  <attribute name="Current Error" value="-128.000000" />
  <attribute name="Output H" value="138449800"/>
  <attribute name="Output I" value="1928"/>
  <attribute name="Output T" value="16"/>
  <attribute name= "Current Time Running" value="76933" />
  <attribute name="GC Util currently" value="208" />
  <attribute name="CPU Util currently" value="743440916900" />
<exclusive-end id="1292" timestamp="2019-08-09T08:30:20.749" durationms="16.694" />

<exclusive-start id="1293" timestamp="2019-08-09T08:30:20.883" intervalms="150.256">
  <response-info timems="0.069" idlems="0.069" threads="0" lastid="0000000001033F00" lastname="main" />
</exclusive-start>
<allocation-taxation id="1294" taxation-threshold="20971520" timestamp="2019-08-09T08:30:20.883" intervalms="150.260" />
<gc-start id="1295" type="global mark phase" contextid="1273" timestamp="2019-08-09T08:30:20.883">
  <mem-info id="1296" free="67108864" total="138412032" percent="48">
    <remembered-set count="41920" freebytes="5365760" totalbytes="5533440" percent="96" regionsoverflowed="0" regionsstable="0" regionsrebuilding="3"/>
  </mem-info>
</gc-start>
<gc-end id="1297" type="global mark phase" contextid="1273" durationms="0.028" usertimems="0.026" systemtimems="0.000" timestamp="2019-08-09T08:30:20.883" activeThreads="16">
  <mem-info id="1298" free="67108864" total="138412032" percent="48">
    <remembered-set count="41920" freebytes="5365760" totalbytes="5533440" percent="96" regionsoverflowed="0" regionsstable="0" regionsrebuilding="3"/>
  </mem-info>
</gc-end>
<concurrent-start id="1299" type="GMP work packet processing" contextid="1273" timestamp="2019-08-09T08:30:20.883">
  <concurrent-mark-start scanTarget="4668637" />
</concurrent-start>
<exclusive-end id="1300" timestamp="2019-08-09T08:30:20.883" durationms="0.364" />

<concurrent-end id="1301" type="GMP work packet processing" contextid="1273" timestamp="2019-08-09T08:30:20.887">
  <concurrent-mark-end bytesScanned="4819352" reasonForTermination="Work target met" />
</concurrent-end>

<exclusive-start id="1302" timestamp="2019-08-09T08:30:20.991" intervalms="108.533">
  <response-info timems="0.062" idlems="0.062" threads="0" lastid="0000000001033F00" lastname="main" />
</exclusive-start>
<allocation-taxation id="1303" taxation-threshold="20971520" timestamp="2019-08-09T08:30:20.991" intervalms="108.515" />
<cycle-start id="1304" type="partial gc" contextid="0" timestamp="2019-08-09T08:30:20.992" intervalms="258.758" />
<gc-start id="1305" type="partial gc" contextid="1304" timestamp="2019-08-09T08:30:20.992">
  <mem-info id="1306" free="46137344" total="138412032" percent="33">
    <mem type="eden" free="0" total="41943040" percent="0" />
    <remembered-set count="59360" freebytes="5296000" totalbytes="5533440" percent="95" regionsoverflowed="0" regionsstable="0" regionsrebuilding="3"/>
  </mem-info>
</gc-start>
<allocation-stats totalBytes="41940256" >
  <allocated-bytes non-tlh="0" tlh="41940256" arrayletleaf="0"/>
  <largest-consumer threadName="main" threadId="0000000001033F00" bytes="20970784" />
</allocation-stats>
<gc-op id="1307" type="copy forward" timems="11.155" contextid="1304" timestamp="2019-08-09T08:30:21.005">
  <memory-copied type="eden" objects="22" bytes="696" bytesdiscarded="0" />
  <memory-copied type="other" objects="52339" bytes="1281696" bytesdiscarded="69080" />
  <memory-cardclean objects="3923" bytes="365432" />
  <regions eden="20" other="3" />
  <remembered-set-cleared processed="53645" cleared="4992" durationms="0.419" />
  <references type="soft" candidates="954" cleared="0" enqueued="0" dynamicThreshold="15" maxThreshold="32" />
  <references type="weak" candidates="699" cleared="0" enqueued="0" />
  <references type="phantom" candidates="2" cleared="0" enqueued="0" />
  <stringconstants candidates="13770" cleared="0"  />
</gc-op>
<gc-op id="1308" type="classunload" timems="0.011" contextid="1304" timestamp="2019-08-09T08:30:21.005">
  <classunload-info classloadercandidates="54" classloadersunloaded="0" classesunloaded="0" anonymousclassesunloaded="0" quiescems="0.000" setupms="0.011" scanms="0.000" postms="0.000" />
</gc-op>
<heap-resize id="1309" type="contract" space="default" amount="2097152" count="1" timems="0.149" reason="excess free space following gc" timestamp="2019-08-09T08:30:21.005" />
<gc-end id="1310" type="partial gc" contextid="1304" durationms="13.193" usertimems="47.130" systemtimems="0.000" timestamp="2019-08-09T08:30:21.005" activeThreads="16">
  <mem-info id="1311" free="83886080" total="136314880" percent="61">
    <mem type="eden" free="2096456" total="2097152" percent="99" />
    <remembered-set count="58592" freebytes="5299072" totalbytes="5533440" percent="95" regionsoverflowed="0" regionsstable="0" regionsrebuilding="3"/>
  </mem-info>
</gc-end>
<cycle-end id="1312" type="partial gc" contextid="1304" timestamp="2019-08-09T08:30:21.005" />
  <attribute name="elasticGC enabled" value="1" />
  <attribute name= "numThreadsSpecified" value="16" />
  <attribute name="heapSize specified" value="0" />
  <attribute name="Current GC Util" value="248" />
  <attribute name= "Current Time Running" value="77191" />
  <attribute name ="GC Interval" value="0" />
  <attribute name="Target GC Util Change" value ="80.000000" />
  <attribute name="Current GC Util Change" value="248.000000"/>
  <attribute name="Current Error" value="-169.000000" />
  <attribute name="Output H" value="138449776"/>
  <attribute name="Output I" value="1904"/>
  <attribute name="Output T" value="16"/>
  <attribute name= "Current Time Running" value="77191" />
  <attribute name="GC Util currently" value="248" />
  <attribute name="CPU Util currently" value="811654749795" />
<exclusive-end id="1313" timestamp="2019-08-09T08:30:21.005" durationms="13.985" />

<exclusive-start id="1314" timestamp="2019-08-09T08:30:21.488" intervalms="496.624">
  <response-info timems="0.205" idlems="0.205" threads="0" lastid="0000000001033F00" lastname="main" />
</exclusive-start>
<allocation-taxation id="1315" taxation-threshold="20971520" timestamp="2019-08-09T08:30:21.488" intervalms="496.634" />
<gc-start id="1316" type="global mark phase" contextid="1273" timestamp="2019-08-09T08:30:21.488">
  <mem-info id="1317" free="62914560" total="136314880" percent="46">
    <remembered-set count="58336" freebytes="5300096" totalbytes="5533440" percent="95" regionsoverflowed="0" regionsstable="0" regionsrebuilding="3"/>
  </mem-info>
</gc-start>
<gc-end id="1318" type="global mark phase" contextid="1273" durationms="0.017" usertimems="0.016" systemtimems="0.000" timestamp="2019-08-09T08:30:21.488" activeThreads="16">
  <mem-info id="1319" free="62914560" total="136314880" percent="46">
    <remembered-set count="58336" freebytes="5300096" totalbytes="5533440" percent="95" regionsoverflowed="0" regionsstable="0" regionsrebuilding="3"/>
  </mem-info>
</gc-end>
<concurrent-start id="1320" type="GMP work packet processing" contextid="1273" timestamp="2019-08-09T08:30:21.488">
  <concurrent-mark-start scanTarget="4668637" />
</concurrent-start>
<exclusive-end id="1321" timestamp="2019-08-09T08:30:21.488" durationms="0.341" />

<concurrent-end id="1322" type="GMP work packet processing" contextid="1273" timestamp="2019-08-09T08:30:21.491">
  <concurrent-mark-end bytesScanned="3984348" reasonForTermination="Completed all work in GC phase" />
</concurrent-end>

<exclusive-start id="1323" timestamp="2019-08-09T08:30:22.663" intervalms="1175.326">
  <response-info timems="0.156" idlems="0.156" threads="0" lastid="0000000001033F00" lastname="main" />
</exclusive-start>
<allocation-taxation id="1324" taxation-threshold="20971520" timestamp="2019-08-09T08:30:22.663" intervalms="1175.317" />
<cycle-start id="1325" type="partial gc" contextid="0" timestamp="2019-08-09T08:30:22.664" intervalms="1671.922" />
<gc-start id="1326" type="partial gc" contextid="1325" timestamp="2019-08-09T08:30:22.664">
  <mem-info id="1327" free="41943040" total="136314880" percent="30">
    <mem type="eden" free="0" total="41943040" percent="0" />
    <remembered-set count="73824" freebytes="5238144" totalbytes="5533440" percent="94" regionsoverflowed="0" regionsstable="0" regionsrebuilding="3"/>
  </mem-info>
</gc-start>
<allocation-stats totalBytes="41940464" >
  <allocated-bytes non-tlh="0" tlh="41940464" arrayletleaf="0"/>
  <largest-consumer threadName="main" threadId="0000000001033F00" bytes="20970256" />
</allocation-stats>
<gc-op id="1328" type="copy forward" timems="13.593" contextid="1325" timestamp="2019-08-09T08:30:22.679">
  <memory-copied type="eden" objects="58" bytes="1512" bytesdiscarded="712" />
  <memory-copied type="other" objects="30074" bytes="1331424" bytesdiscarded="136224" />
  <memory-cardclean objects="56146" bytes="1263320" />
  <regions eden="20" other="3" />
  <remembered-set-cleared processed="61896" cleared="10512" durationms="0.753" />
  <finalization candidates="10" enqueued="0" />
  <references type="soft" candidates="569" cleared="0" enqueued="0" dynamicThreshold="14" maxThreshold="32" />
  <references type="weak" candidates="1548" cleared="0" enqueued="0" />
  <references type="phantom" candidates="38" cleared="0" enqueued="0" />
  <stringconstants candidates="13770" cleared="0"  />
</gc-op>
<gc-op id="1329" type="classunload" timems="0.013" contextid="1325" timestamp="2019-08-09T08:30:22.679">
  <classunload-info classloadercandidates="54" classloadersunloaded="0" classesunloaded="0" anonymousclassesunloaded="0" quiescems="0.000" setupms="0.012" scanms="0.000" postms="0.000" />
</gc-op>
<gc-end id="1330" type="partial gc" contextid="1325" durationms="15.269" usertimems="69.161" systemtimems="0.000" timestamp="2019-08-09T08:30:22.679" activeThreads="16">
  <mem-info id="1331" free="81788928" total="136314880" percent="60">
    <mem type="eden" free="2094928" total="2097152" percent="99" />
    <remembered-set count="72128" freebytes="5161088" totalbytes="5449600" percent="94" regionsoverflowed="0" regionsstable="0" regionsrebuilding="3"/>
  </mem-info>
</gc-end>
<cycle-end id="1332" type="partial gc" contextid="1325" timestamp="2019-08-09T08:30:22.679" />
  <attribute name="elasticGC enabled" value="1" />
  <attribute name= "numThreadsSpecified" value="16" />
  <attribute name="heapSize specified" value="0" />
  <attribute name="Current GC Util" value="0" />
  <attribute name= "Current Time Running" value="78863" />
  <attribute name ="GC Interval" value="0" />
  <attribute name="Target GC Util Change" value ="80.000000" />
  <attribute name="Current GC Util Change" value="0.000000"/>
  <attribute name="Current Error" value="80.000000" />
  <attribute name="Output H" value="136352768"/>
  <attribute name="Output I" value="2048"/>
  <attribute name="Output T" value="16"/>
  <attribute name= "Current Time Running" value="78863" />
  <attribute name="GC Util currently" value="0" />
  <attribute name="CPU Util currently" value="1032349280541" />
<exclusive-end id="1333" timestamp="2019-08-09T08:30:22.679" durationms="15.838" />

<exclusive-start id="1334" timestamp="2019-08-09T08:30:22.879" intervalms="215.803">
  <response-info timems="0.160" idlems="0.160" threads="0" lastid="0000000001033F00" lastname="main" />
</exclusive-start>
<allocation-taxation id="1335" taxation-threshold="20971520" timestamp="2019-08-09T08:30:22.879" intervalms="215.818" />
<gc-start id="1336" type="global mark phase" contextid="1273" timestamp="2019-08-09T08:30:22.879">
  <mem-info id="1337" free="60817408" total="136314880" percent="44">
    <remembered-set count="62016" freebytes="5201536" totalbytes="5449600" percent="95" regionsoverflowed="0" regionsstable="2" regionsrebuilding="3"/>
  </mem-info>
</gc-start>
<gc-op id="1338" type="mark increment" timems="9.109" contextid="1273" timestamp="2019-08-09T08:30:22.888">
  <trace-info objectcount="61" scancount="59" scanbytes="230868" />
  <cardclean-info objects="198090" bytes="4380912" />
  <finalization candidates="80" enqueued="0" />
  <ownableSynchronizers candidates="21" cleared="0" />
  <references type="soft" candidates="4731" cleared="11" enqueued="11" dynamicThreshold="19" maxThreshold="32" />
  <references type="weak" candidates="5602" cleared="0" enqueued="0" />
  <references type="phantom" candidates="98" cleared="1" enqueued="1" />
  <stringconstants candidates="13770" cleared="21"  />
</gc-op>
<gc-op id="1339" type="classunload" timems="0.008" contextid="1273" timestamp="2019-08-09T08:30:22.888">
  <classunload-info classloadercandidates="54" classloadersunloaded="0" classesunloaded="0" anonymousclassesunloaded="0" quiescems="0.000" setupms="0.008" scanms="0.000" postms="0.000" />
</gc-op>
<gc-end id="1340" type="global mark phase" contextid="1273" durationms="9.224" usertimems="46.199" systemtimems="0.000" timestamp="2019-08-09T08:30:22.889" activeThreads="16">
  <mem-info id="1341" free="60817408" total="136314880" percent="44">
    <pending-finalizers system="0" default="0" reference="12" classloader="0" />
    <remembered-set count="66624" freebytes="5183104" totalbytes="5449600" percent="95" regionsoverflowed="0" regionsstable="2" regionsrebuilding="0"/>
  </mem-info>
</gc-end>
<cycle-end id="1342" type="global mark phase" contextid="1273" timestamp="2019-08-09T08:30:22.889" />
  <attribute name="elasticGC enabled" value="1" />
  <attribute name= "numThreadsSpecified" value="16" />
  <attribute name="heapSize specified" value="0" />
  <attribute name="Current GC Util" value="180" />
  <attribute name= "Current Time Running" value="79081" />
  <attribute name ="GC Interval" value="0" />
  <attribute name="Target GC Util Change" value ="80.000000" />
  <attribute name="Current GC Util Change" value="180.000000"/>
  <attribute name="Current Error" value="-264.000000" />
  <attribute name="Output H" value="136352568"/>
  <attribute name="Output I" value="1848"/>
  <attribute name="Output T" value="16"/>
  <attribute name= "Current Time Running" value="79081" />
  <attribute name="GC Util currently" value="180" />
  <attribute name="CPU Util currently" value="1079657035165" />
<exclusive-end id="1343" timestamp="2019-08-09T08:30:22.889" durationms="9.491" />

<exclusive-start id="1344" timestamp="2019-08-09T08:30:22.944" intervalms="64.465">
  <response-info timems="0.051" idlems="0.051" threads="0" lastid="0000000001033F00" lastname="main" />
</exclusive-start>
<allocation-taxation id="1345" taxation-threshold="20971520" timestamp="2019-08-09T08:30:22.944" intervalms="64.448" />
<cycle-start id="1346" type="partial gc" contextid="0" timestamp="2019-08-09T08:30:22.944" intervalms="280.245" />
<gc-start id="1347" type="partial gc" contextid="1346" timestamp="2019-08-09T08:30:22.944">
  <mem-info id="1348" free="39845888" total="136314880" percent="29">
    <mem type="eden" free="0" total="41943040" percent="0" />
    <remembered-set count="63648" freebytes="5195008" totalbytes="5449600" percent="95" regionsoverflowed="0" regionsstable="4" regionsrebuilding="0"/>
  </mem-info>
</gc-start>
<allocation-stats totalBytes="41939808" >
  <allocated-bytes non-tlh="0" tlh="41939808" arrayletleaf="0"/>
  <largest-consumer threadName="main" threadId="0000000001033F00" bytes="20969856" />
</allocation-stats>
<gc-op id="1349" type="sweep" timems="2.814" contextid="1346" timestamp="2019-08-09T08:30:22.947" />
<gc-op id="1350" type="copy forward" timems="14.368" contextid="1346" timestamp="2019-08-09T08:30:22.963">
  <memory-copied type="eden" objects="4" bytes="96" bytesdiscarded="0" />
  <memory-copied type="other" objects="56340" bytes="1399584" bytesdiscarded="553064" />
  <memory-cardclean objects="3435" bytes="362904" />
  <regions eden="10" other="3" />
  <remembered-set-cleared processed="58417" cleared="7481" durationms="0.649" />
  <references type="weak" candidates="2" cleared="0" enqueued="0" />
  <stringconstants candidates="13749" cleared="0"  />
</gc-op>
<gc-op id="1351" type="classunload" timems="0.009" contextid="1346" timestamp="2019-08-09T08:30:22.963">
  <classunload-info classloadercandidates="54" classloadersunloaded="0" classesunloaded="0" anonymousclassesunloaded="0" quiescems="0.000" setupms="0.009" scanms="0.000" postms="0.000" />
</gc-op>
<heap-resize id="1352" type="contract" space="default" amount="8388608" count="1" timems="0.309" reason="insufficient time being spent in gc" timestamp="2019-08-09T08:30:22.964" />
<gc-end id="1353" type="partial gc" contextid="1346" durationms="19.752" usertimems="62.954" systemtimems="0.000" timestamp="2019-08-09T08:30:22.964" activeThreads="16">
  <mem-info id="1354" free="71303168" total="127926272" percent="55">
    <mem type="eden" free="2097056" total="2097152" percent="99" />
    <remembered-set count="60128" freebytes="5209088" totalbytes="5449600" percent="95" regionsoverflowed="0" regionsstable="4" regionsrebuilding="0"/>
  </mem-info>
</gc-end>
<cycle-end id="1355" type="partial gc" contextid="1346" timestamp="2019-08-09T08:30:22.964" />
  <attribute name="elasticGC enabled" value="1" />
  <attribute name= "numThreadsSpecified" value="16" />
  <attribute name="heapSize specified" value="0" />
  <attribute name="Current GC Util" value="248" />
  <attribute name= "Current Time Running" value="79146" />
  <attribute name ="GC Interval" value="0" />
  <attribute name="Target GC Util Change" value ="80.000000" />
  <attribute name="Current GC Util Change" value="248.000000"/>
  <attribute name="Current Error" value="-168.000000" />
  <attribute name="Output H" value="136352624"/>
  <attribute name="Output I" value="1904"/>
  <attribute name="Output T" value="16"/>
  <attribute name= "Current Time Running" value="79146" />
  <attribute name="GC Util currently" value="248" />
  <attribute name="CPU Util currently" value="726523886396" />
<exclusive-end id="1356" timestamp="2019-08-09T08:30:22.964" durationms="20.377" />

<exclusive-start id="1357" timestamp="2019-08-09T08:30:23.110" intervalms="166.631">
  <response-info timems="0.046" idlems="0.046" threads="0" lastid="0000000001033F00" lastname="main" />
</exclusive-start>
<allocation-taxation id="1358" taxation-threshold="39845888" timestamp="2019-08-09T08:30:23.110" intervalms="166.632" />
<cycle-start id="1359" type="partial gc" contextid="0" timestamp="2019-08-09T08:30:23.110" intervalms="166.647" />
<gc-start id="1360" type="partial gc" contextid="1359" timestamp="2019-08-09T08:30:23.111">
  <mem-info id="1361" free="31457280" total="127926272" percent="24">
    <mem type="eden" free="2097056" total="41943040" percent="4" />
    <remembered-set count="6208" freebytes="5424768" totalbytes="5449600" percent="99" regionsoverflowed="0" regionsstable="7" regionsrebuilding="0"/>
  </mem-info>
</gc-start>
<allocation-stats totalBytes="39843000" >
  <allocated-bytes non-tlh="0" tlh="39843000" arrayletleaf="0"/>
  <largest-consumer threadName="main" threadId="0000000001033F00" bytes="39843000" />
</allocation-stats>
<gc-op id="1362" type="copy forward" timems="14.427" contextid="1359" timestamp="2019-08-09T08:30:23.127">
  <memory-copied type="eden" objects="33" bytes="976" bytesdiscarded="672" />
  <memory-copied type="other" objects="8865" bytes="509296" bytesdiscarded="47584" />
  <memory-cardclean objects="2354" bytes="83112" />
  <regions eden="19" other="3" />
  <remembered-set-cleared processed="1167" cleared="10" durationms="0.102" />
  <references type="soft" candidates="26" cleared="0" enqueued="0" dynamicThreshold="17" maxThreshold="32" />
  <references type="weak" candidates="77" cleared="0" enqueued="0" />
  <stringconstants candidates="13749" cleared="0"  />
</gc-op>
<gc-op id="1363" type="classunload" timems="0.010" contextid="1359" timestamp="2019-08-09T08:30:23.127">
  <classunload-info classloadercandidates="54" classloadersunloaded="0" classesunloaded="0" anonymousclassesunloaded="0" quiescems="0.000" setupms="0.009" scanms="0.000" postms="0.000" />
</gc-op>
<gc-end id="1364" type="partial gc" contextid="1359" durationms="16.031" usertimems="49.249" systemtimems="0.000" timestamp="2019-08-09T08:30:23.127" activeThreads="16">
  <mem-info id="1365" free="71303168" total="127926272" percent="55">
    <mem type="eden" free="2095504" total="2097152" percent="99" />
    <remembered-set count="5664" freebytes="5091584" totalbytes="5114240" percent="99" regionsoverflowed="0" regionsstable="7" regionsrebuilding="0"/>
  </mem-info>
</gc-end>
<cycle-end id="1366" type="partial gc" contextid="1359" timestamp="2019-08-09T08:30:23.127" />
  <attribute name="elasticGC enabled" value="1" />
  <attribute name= "numThreadsSpecified" value="16" />
  <attribute name="heapSize specified" value="0" />
  <attribute name="Current GC Util" value="74" />
  <attribute name= "Current Time Running" value="79310" />
  <attribute name ="GC Interval" value="0" />
  <attribute name="Target GC Util Change" value ="80.000000" />
  <attribute name="Current GC Util Change" value="74.000000"/>
  <attribute name="Current Error" value="-106.000000" />
  <attribute name="Output H" value="127964056"/>
  <attribute name="Output I" value="1944"/>
  <attribute name="Output T" value="16"/>
  <attribute name= "Current Time Running" value="79310" />
  <attribute name="GC Util currently" value="74" />
  <attribute name="CPU Util currently" value="1065734784602" />
<exclusive-end id="1367" timestamp="2019-08-09T08:30:23.127" durationms="16.700" />

<exclusive-start id="1368" timestamp="2019-08-09T08:30:23.348" intervalms="237.434">
  <response-info timems="0.138" idlems="0.138" threads="0" lastid="0000000001033F00" lastname="main" />
</exclusive-start>
<allocation-taxation id="1369" taxation-threshold="39845888" timestamp="2019-08-09T08:30:23.348" intervalms="237.467" />
<cycle-start id="1370" type="partial gc" contextid="0" timestamp="2019-08-09T08:30:23.348" intervalms="237.458" />
<gc-start id="1371" type="partial gc" contextid="1370" timestamp="2019-08-09T08:30:23.348">
  <mem-info id="1372" free="31457280" total="127926272" percent="24">
    <mem type="eden" free="0" total="39845888" percent="0" />
    <remembered-set count="5344" freebytes="5092864" totalbytes="5114240" percent="99" regionsoverflowed="0" regionsstable="7" regionsrebuilding="0"/>
  </mem-info>
</gc-start>
<allocation-stats totalBytes="39843144" >
  <allocated-bytes non-tlh="0" tlh="39843144" arrayletleaf="0"/>
  <largest-consumer threadName="main" threadId="0000000001033F00" bytes="39843144" />
</allocation-stats>
<gc-op id="1373" type="copy forward" timems="8.971" contextid="1370" timestamp="2019-08-09T08:30:23.358">
  <memory-copied type="eden" objects="31" bytes="904" bytesdiscarded="0" />
  <memory-copied type="other" objects="60103" bytes="1458312" bytesdiscarded="76120" />
  <memory-cardclean objects="4419" bytes="391608" />
  <regions eden="19" other="4" />
  <remembered-set-cleared processed="1204" cleared="537" durationms="0.136" />
  <references type="weak" candidates="2" cleared="0" enqueued="0" />
  <stringconstants candidates="13749" cleared="0"  />
</gc-op>
<gc-op id="1374" type="classunload" timems="0.008" contextid="1370" timestamp="2019-08-09T08:30:23.358">
  <classunload-info classloadercandidates="54" classloadersunloaded="0" classesunloaded="0" anonymousclassesunloaded="0" quiescems="0.000" setupms="0.008" scanms="0.000" postms="0.000" />
</gc-op>
<gc-end id="1375" type="partial gc" contextid="1370" durationms="10.159" usertimems="45.321" systemtimems="0.000" timestamp="2019-08-09T08:30:23.358" activeThreads="16">
  <mem-info id="1376" free="73400320" total="127926272" percent="57">
    <mem type="eden" free="2096248" total="2097152" percent="99" />
    <remembered-set count="6848" freebytes="5086848" totalbytes="5114240" percent="99" regionsoverflowed="0" regionsstable="7" regionsrebuilding="0"/>
  </mem-info>
</gc-end>
<cycle-end id="1377" type="partial gc" contextid="1370" timestamp="2019-08-09T08:30:23.358" />
  <attribute name="elasticGC enabled" value="1" />
  <attribute name= "numThreadsSpecified" value="16" />
  <attribute name="heapSize specified" value="0" />
  <attribute name="Current GC Util" value="167" />
  <attribute name= "Current Time Running" value="79547" />
  <attribute name ="GC Interval" value="0" />
  <attribute name="Target GC Util Change" value ="80.000000" />
  <attribute name="Current GC Util Change" value="167.000000"/>
  <attribute name="Current Error" value="-127.000000" />
  <attribute name="Output H" value="127964040"/>
  <attribute name="Output I" value="1928"/>
  <attribute name="Output T" value="16"/>
  <attribute name= "Current Time Running" value="79547" />
  <attribute name="GC Util currently" value="167" />
  <attribute name="CPU Util currently" value="1514071424014" />
<exclusive-end id="1378" timestamp="2019-08-09T08:30:23.358" durationms="10.749" />

<exclusive-start id="1379" timestamp="2019-08-09T08:30:24.147" intervalms="798.842">
  <response-info timems="0.072" idlems="0.072" threads="0" lastid="0000000001033F00" lastname="main" />
</exclusive-start>
<allocation-taxation id="1380" taxation-threshold="39845888" timestamp="2019-08-09T08:30:24.147" intervalms="798.819" />
<cycle-start id="1381" type="partial gc" contextid="0" timestamp="2019-08-09T08:30:24.147" intervalms="799.016" />
<gc-start id="1382" type="partial gc" contextid="1381" timestamp="2019-08-09T08:30:24.147">
  <mem-info id="1383" free="33554432" total="127926272" percent="26">
    <mem type="eden" free="0" total="39845888" percent="0" />
    <remembered-set count="6432" freebytes="5088512" totalbytes="5114240" percent="99" regionsoverflowed="0" regionsstable="7" regionsrebuilding="0"/>
  </mem-info>
</gc-start>
<allocation-stats totalBytes="39840504" >
  <allocated-bytes non-tlh="360" tlh="39840144" arrayletleaf="0"/>
  <largest-consumer threadName="main" threadId="0000000001033F00" bytes="39840504" />
</allocation-stats>
<gc-op id="1384" type="copy forward" timems="8.055" contextid="1381" timestamp="2019-08-09T08:30:24.156">
  <memory-copied type="eden" objects="65" bytes="2560" bytesdiscarded="1824" />
  <memory-copied type="other" objects="59760" bytes="1461576" bytesdiscarded="66960" />
  <memory-cardclean objects="4760" bytes="394808" />
  <regions eden="19" other="4" />
  <remembered-set-cleared processed="1186" cleared="417" durationms="0.665" />
  <references type="weak" candidates="34" cleared="0" enqueued="0" />
  <stringconstants candidates="13755" cleared="0"  />
</gc-op>
<gc-op id="1385" type="classunload" timems="0.012" contextid="1381" timestamp="2019-08-09T08:30:24.156">
  <classunload-info classloadercandidates="54" classloadersunloaded="0" classesunloaded="0" anonymousclassesunloaded="0" quiescems="0.000" setupms="0.012" scanms="0.000" postms="0.000" />
</gc-op>
<heap-resize id="1386" type="contract" space="default" amount="8388608" count="1" timems="0.806" reason="insufficient time being spent in gc" timestamp="2019-08-09T08:30:24.157" />
<gc-end id="1387" type="partial gc" contextid="1381" durationms="10.004" usertimems="43.252" systemtimems="0.000" timestamp="2019-08-09T08:30:24.157" activeThreads="16">
  <mem-info id="1388" free="65011712" total="119537664" percent="54">
    <mem type="eden" free="2092768" total="2097152" percent="99" />
    <remembered-set count="6976" freebytes="5086336" totalbytes="5114240" percent="99" regionsoverflowed="0" regionsstable="7" regionsrebuilding="0"/>
  </mem-info>
</gc-end>
<cycle-end id="1389" type="partial gc" contextid="1381" timestamp="2019-08-09T08:30:24.157" />
  <attribute name="elasticGC enabled" value="1" />
  <attribute name= "numThreadsSpecified" value="16" />
  <attribute name="heapSize specified" value="0" />
  <attribute name="Current GC Util" value="211" />
  <attribute name= "Current Time Running" value="80346" />
  <attribute name ="GC Interval" value="0" />
  <attribute name="Target GC Util Change" value ="80.000000" />
  <attribute name="Current GC Util Change" value="211.000000"/>
  <attribute name="Current Error" value="-131.000000" />
  <attribute name="Output H" value="127964040"/>
  <attribute name="Output I" value="1928"/>
  <attribute name="Output T" value="16"/>
  <attribute name= "Current Time Running" value="80346" />
  <attribute name="GC Util currently" value="211" />
  <attribute name="CPU Util currently" value="1662355227819" />
<exclusive-end id="1390" timestamp="2019-08-09T08:30:24.157" durationms="10.819" />

<exclusive-start id="1391" timestamp="2019-08-09T08:30:24.372" intervalms="225.083">
  <response-info timems="0.080" idlems="0.080" threads="0" lastid="0000000001033F00" lastname="main" />
</exclusive-start>
<allocation-taxation id="1392" taxation-threshold="37748736" timestamp="2019-08-09T08:30:24.372" intervalms="225.086" />
<cycle-start id="1393" type="partial gc" contextid="0" timestamp="2019-08-09T08:30:24.372" intervalms="224.909" />
<gc-start id="1394" type="partial gc" contextid="1393" timestamp="2019-08-09T08:30:24.373">
  <mem-info id="1395" free="27262976" total="119537664" percent="22">
    <mem type="eden" free="0" total="37748736" percent="0" />
    <remembered-set count="5248" freebytes="5093248" totalbytes="5114240" percent="99" regionsoverflowed="0" regionsstable="8" regionsrebuilding="0"/>
  </mem-info>
</gc-start>
<allocation-stats totalBytes="37719176" >
  <allocated-bytes non-tlh="0" tlh="37719176" arrayletleaf="0"/>
  <largest-consumer threadName="main" threadId="0000000001033F00" bytes="37719176" />
</allocation-stats>
<gc-op id="1396" type="copy forward" timems="7.366" contextid="1393" timestamp="2019-08-09T08:30:24.381">
  <memory-copied type="eden" objects="5" bytes="624" bytesdiscarded="0" />
  <memory-copied type="other" objects="71" bytes="2688" bytesdiscarded="1440" />
  <memory-cardclean objects="195" bytes="145352" />
  <regions eden="18" other="2" />
  <remembered-set-cleared processed="867" cleared="16" durationms="0.080" />
  <references type="weak" candidates="4" cleared="0" enqueued="0" />
  <stringconstants candidates="13755" cleared="0"  />
</gc-op>
<gc-op id="1397" type="classunload" timems="0.010" contextid="1393" timestamp="2019-08-09T08:30:24.381">
  <classunload-info classloadercandidates="54" classloadersunloaded="0" classesunloaded="0" anonymousclassesunloaded="0" quiescems="0.000" setupms="0.010" scanms="0.000" postms="0.000" />
</gc-op>
<heap-resize id="1398" type="contract" space="default" amount="6291456" count="1" timems="0.856" reason="insufficient time being spent in gc" timestamp="2019-08-09T08:30:24.382" />
<gc-end id="1399" type="partial gc" contextid="1393" durationms="9.716" usertimems="49.195" systemtimems="0.000" timestamp="2019-08-09T08:30:24.382" activeThreads="16">
  <mem-info id="1400" free="56623104" total="113246208" percent="50">
    <mem type="eden" free="2096528" total="2097152" percent="99" />
    <remembered-set count="4288" freebytes="4761728" totalbytes="4778880" percent="99" regionsoverflowed="0" regionsstable="8" regionsrebuilding="0"/>
  </mem-info>
</gc-end>
<cycle-end id="1401" type="partial gc" contextid="1393" timestamp="2019-08-09T08:30:24.383" />
  <attribute name="elasticGC enabled" value="1" />
  <attribute name= "numThreadsSpecified" value="16" />
  <attribute name="heapSize specified" value="0" />
  <attribute name="Current GC Util" value="92" />
  <attribute name= "Current Time Running" value="80572" />
  <attribute name ="GC Interval" value="0" />
  <attribute name="Target GC Util Change" value ="80.000000" />
  <attribute name="Current GC Util Change" value="92.000000"/>
  <attribute name="Current Error" value="-74.000000" />
  <attribute name="Output H" value="119575464"/>
  <attribute name="Output I" value="1960"/>
  <attribute name="Output T" value="16"/>
  <attribute name= "Current Time Running" value="80572" />
  <attribute name="GC Util currently" value="92" />
  <attribute name="CPU Util currently" value="1483206312171" />
<exclusive-end id="1402" timestamp="2019-08-09T08:30:24.383" durationms="11.050" />

<exclusive-start id="1403" timestamp="2019-08-09T08:30:24.539" intervalms="167.189">
  <response-info timems="0.167" idlems="0.167" threads="0" lastid="0000000001033F00" lastname="main" />
</exclusive-start>
<allocation-taxation id="1404" taxation-threshold="35651584" timestamp="2019-08-09T08:30:24.539" intervalms="167.194" />
<cycle-start id="1405" type="partial gc" contextid="0" timestamp="2019-08-09T08:30:24.539" intervalms="167.169" />
<gc-start id="1406" type="partial gc" contextid="1405" timestamp="2019-08-09T08:30:24.539">
  <mem-info id="1407" free="20971520" total="113246208" percent="18">
    <mem type="eden" free="2096528" total="37748736" percent="5" />
    <remembered-set count="3968" freebytes="4763008" totalbytes="4778880" percent="99" regionsoverflowed="0" regionsstable="8" regionsrebuilding="0"/>
  </mem-info>
</gc-start>
<allocation-stats totalBytes="35627248" >
  <allocated-bytes non-tlh="0" tlh="35627248" arrayletleaf="0"/>
  <largest-consumer threadName="main" threadId="0000000001033F00" bytes="35627248" />
</allocation-stats>
<gc-op id="1408" type="copy forward" timems="6.758" contextid="1405" timestamp="2019-08-09T08:30:24.547">
  <memory-copied type="eden" objects="40" bytes="1224" bytesdiscarded="0" />
  <memory-copied type="other" objects="58678" bytes="1540440" bytesdiscarded="88" />
  <memory-cardclean objects="8713" bytes="521088" />
  <regions eden="17" other="4" />
  <remembered-set-cleared processed="119" cleared="25" durationms="0.200" />
  <references type="soft" candidates="2" cleared="0" enqueued="0" dynamicThreshold="16" maxThreshold="32" />
  <references type="weak" candidates="22" cleared="0" enqueued="0" />
  <stringconstants candidates="13755" cleared="0"  />
</gc-op>
<gc-op id="1409" type="classunload" timems="0.010" contextid="1405" timestamp="2019-08-09T08:30:24.547">
  <classunload-info classloadercandidates="54" classloadersunloaded="0" classesunloaded="0" anonymousclassesunloaded="0" quiescems="0.000" setupms="0.010" scanms="0.000" postms="0.000" />
</gc-op>
<heap-resize id="1410" type="contract" space="default" amount="6291456" count="1" timems="0.939" reason="insufficient time being spent in gc" timestamp="2019-08-09T08:30:24.548" />
<gc-end id="1411" type="partial gc" contextid="1405" durationms="9.007" usertimems="36.967" systemtimems="0.000" timestamp="2019-08-09T08:30:24.548" activeThreads="1">
  <mem-info id="1412" free="52428800" total="106954752" percent="49">
    <mem type="eden" free="2095928" total="2097152" percent="99" />
    <remembered-set count="1888" freebytes="4519808" totalbytes="4527360" percent="99" regionsoverflowed="0" regionsstable="8" regionsrebuilding="0"/>
  </mem-info>
</gc-end>
<cycle-end id="1413" type="partial gc" contextid="1405" timestamp="2019-08-09T08:30:24.548" />
  <attribute name="elasticGC enabled" value="1" />
  <attribute name= "numThreadsSpecified" value="1" />
  <attribute name="heapSize specified" value="0" />
  <attribute name="Current GC Util" value="89" />
  <attribute name= "Current Time Running" value="80738" />
  <attribute name ="GC Interval" value="0" />
  <attribute name="Target GC Util Change" value ="80.000000" />
  <attribute name="Current GC Util Change" value="89.000000"/>
  <attribute name="Current Error" value="-15.000000" />
  <attribute name="Output H" value="113284040"/>
  <attribute name="Output I" value="1992"/>
  <attribute name="Output T" value="1"/>
  <attribute name= "Current Time Running" value="80738" />
  <attribute name="GC Util currently" value="89" />
  <attribute name="CPU Util currently" value="1352365664335" />
<exclusive-end id="1414" timestamp="2019-08-09T08:30:24.548" durationms="9.546" />

<exclusive-start id="1415" timestamp="2019-08-09T08:30:24.726" intervalms="186.869">
  <response-info timems="0.046" idlems="0.046" threads="0" lastid="0000000001033F00" lastname="main" />
</exclusive-start>
<allocation-taxation id="1416" taxation-threshold="16777216" timestamp="2019-08-09T08:30:24.726" intervalms="186.847" />
<cycle-start id="1417" type="global mark phase" contextid="0" timestamp="2019-08-09T08:30:24.726" intervalms="4053.485" />
<gc-start id="1418" type="global mark phase" contextid="1417" timestamp="2019-08-09T08:30:24.726">
  <mem-info id="1419" free="35651584" total="106954752" percent="33">
    <remembered-set count="640" freebytes="4524800" totalbytes="4527360" percent="99" regionsoverflowed="0" regionsstable="9" regionsrebuilding="0"/>
  </mem-info>
</gc-start>
<gc-op id="1420" type="mark increment" timems="6.382" contextid="1417" timestamp="2019-08-09T08:30:24.732">
  <trace-info objectcount="222525" scancount="183366" scanbytes="5175804" />
</gc-op>
<gc-end id="1421" type="global mark phase" contextid="1417" durationms="6.427" usertimems="26.391" systemtimems="0.000" timestamp="2019-08-09T08:30:24.732" activeThreads="16">
  <mem-info id="1422" free="35651584" total="106954752" percent="33">
    <remembered-set count="44672" freebytes="4348672" totalbytes="4527360" percent="96" regionsoverflowed="0" regionsstable="0" regionsrebuilding="9"/>
  </mem-info>
</gc-end>
<concurrent-start id="1423" type="GMP work packet processing" contextid="1417" timestamp="2019-08-09T08:30:24.732">
  <concurrent-mark-start scanTarget="5721586" />
</concurrent-start>
<exclusive-end id="1424" timestamp="2019-08-09T08:30:24.733" durationms="6.824" />

<concurrent-end id="1425" type="GMP work packet processing" contextid="1417" timestamp="2019-08-09T08:30:24.735">
  <concurrent-mark-end bytesScanned="5823568" reasonForTermination="Work target met" />
</concurrent-end>

<exclusive-start id="1426" timestamp="2019-08-09T08:30:24.776" intervalms="50.057">
  <response-info timems="0.108" idlems="0.108" threads="0" lastid="0000000001033F00" lastname="main" />
</exclusive-start>
<allocation-taxation id="1427" taxation-threshold="16777216" timestamp="2019-08-09T08:30:24.776" intervalms="50.069" />
<cycle-start id="1428" type="partial gc" contextid="0" timestamp="2019-08-09T08:30:24.776" intervalms="237.030" />
<gc-start id="1429" type="partial gc" contextid="1428" timestamp="2019-08-09T08:30:24.776">
  <mem-info id="1430" free="18874368" total="106954752" percent="17">
    <mem type="eden" free="2095928" total="35651584" percent="5" />
    <remembered-set count="91648" freebytes="4160768" totalbytes="4527360" percent="91" regionsoverflowed="0" regionsstable="0" regionsrebuilding="9"/>
  </mem-info>
</gc-start>
<allocation-stats totalBytes="33545112" >
  <allocated-bytes non-tlh="0" tlh="33545112" arrayletleaf="0"/>
  <largest-consumer threadName="main" threadId="0000000001033F00" bytes="16769736" />
</allocation-stats>
<gc-op id="1431" type="copy forward" timems="8.237" contextid="1428" timestamp="2019-08-09T08:30:24.786">
  <memory-copied type="eden" objects="25" bytes="1296" bytesdiscarded="0" />
  <memory-copied type="other" objects="30" bytes="1312" bytesdiscarded="1536" />
  <memory-cardclean objects="30448" bytes="1448896" />
  <regions eden="16" other="2" />
  <remembered-set-cleared processed="78566" cleared="11815" durationms="0.622" />
  <references type="weak" candidates="14" cleared="0" enqueued="0" />
  <stringconstants candidates="13755" cleared="0"  />
</gc-op>
<gc-op id="1432" type="classunload" timems="0.022" contextid="1428" timestamp="2019-08-09T08:30:24.786">
  <classunload-info classloadercandidates="54" classloadersunloaded="0" classesunloaded="0" anonymousclassesunloaded="0" quiescems="0.000" setupms="0.021" scanms="0.000" postms="0.000" />
</gc-op>
<gc-end id="1433" type="partial gc" contextid="1428" durationms="9.632" usertimems="33.425" systemtimems="0.000" timestamp="2019-08-09T08:30:24.786" activeThreads="16">
  <mem-info id="1434" free="50331648" total="106954752" percent="47">
    <mem type="eden" free="4191448" total="4194304" percent="99" />
    <remembered-set count="78688" freebytes="3961088" totalbytes="4275840" percent="92" regionsoverflowed="0" regionsstable="0" regionsrebuilding="9"/>
  </mem-info>
</gc-end>
<cycle-end id="1435" type="partial gc" contextid="1428" timestamp="2019-08-09T08:30:24.786" />
  <attribute name="elasticGC enabled" value="1" />
  <attribute name= "numThreadsSpecified" value="16" />
  <attribute name="heapSize specified" value="0" />
  <attribute name="Current GC Util" value="81" />
  <attribute name= "Current Time Running" value="80975" />
  <attribute name ="GC Interval" value="0" />
  <attribute name="Target GC Util Change" value ="80.000000" />
  <attribute name="Current GC Util Change" value="81.000000"/>
  <attribute name="Current Error" value="-647.000000" />
  <attribute name="Output H" value="106992224"/>
  <attribute name="Output I" value="1632"/>
  <attribute name="Output T" value="16"/>
  <attribute name= "Current Time Running" value="80975" />
  <attribute name="GC Util currently" value="81" />
  <attribute name="CPU Util currently" value="1236197955783" />
<exclusive-end id="1436" timestamp="2019-08-09T08:30:24.786" durationms="10.413" />

<exclusive-start id="1437" timestamp="2019-08-09T08:30:24.803" intervalms="27.724">
  <response-info timems="0.043" idlems="0.043" threads="0" lastid="0000000001033F00" lastname="main" />
</exclusive-start>
<allocation-taxation id="1438" taxation-threshold="16777216" timestamp="2019-08-09T08:30:24.804" intervalms="27.727" />
<gc-start id="1439" type="global mark phase" contextid="1417" timestamp="2019-08-09T08:30:24.804">
  <mem-info id="1440" free="33554432" total="106954752" percent="31">
    <remembered-set count="78528" freebytes="3961728" totalbytes="4275840" percent="92" regionsoverflowed="0" regionsstable="0" regionsrebuilding="9"/>
  </mem-info>
</gc-start>
<gc-end id="1441" type="global mark phase" contextid="1417" durationms="0.025" usertimems="0.023" systemtimems="0.000" timestamp="2019-08-09T08:30:24.804" activeThreads="16">
  <mem-info id="1442" free="33554432" total="106954752" percent="31">
    <remembered-set count="78528" freebytes="3961728" totalbytes="4275840" percent="92" regionsoverflowed="0" regionsstable="0" regionsrebuilding="9"/>
  </mem-info>
</gc-end>
<concurrent-start id="1443" type="GMP work packet processing" contextid="1417" timestamp="2019-08-09T08:30:24.804">
  <concurrent-mark-start scanTarget="5721586" />
</concurrent-start>
<exclusive-end id="1444" timestamp="2019-08-09T08:30:24.804" durationms="0.677" />

<concurrent-end id="1445" type="GMP work packet processing" contextid="1417" timestamp="2019-08-09T08:30:24.807">
  <concurrent-mark-end bytesScanned="2612484" reasonForTermination="Completed all work in GC phase" />
</concurrent-end>

<exclusive-start id="1446" timestamp="2019-08-09T08:30:24.818" intervalms="14.763">
  <response-info timems="0.038" idlems="0.038" threads="0" lastid="0000000001033F00" lastname="main" />
</exclusive-start>
<allocation-taxation id="1447" taxation-threshold="16777216" timestamp="2019-08-09T08:30:24.818" intervalms="14.767" />
<cycle-start id="1448" type="partial gc" contextid="0" timestamp="2019-08-09T08:30:24.818" intervalms="42.390" />
<gc-start id="1449" type="partial gc" contextid="1448" timestamp="2019-08-09T08:30:24.819">
  <mem-info id="1450" free="16777216" total="106954752" percent="15">
    <mem type="eden" free="0" total="33554432" percent="0" />
    <remembered-set count="99712" freebytes="3876992" totalbytes="4275840" percent="90" regionsoverflowed="0" regionsstable="0" regionsrebuilding="9"/>
  </mem-info>
</gc-start>
<allocation-stats totalBytes="33494856" >
  <allocated-bytes non-tlh="0" tlh="33494856" arrayletleaf="0"/>
  <largest-consumer threadName="main" threadId="0000000001033F00" bytes="16747360" />
</allocation-stats>
<gc-op id="1451" type="copy forward" timems="16.913" contextid="1448" timestamp="2019-08-09T08:30:24.836">
  <memory-copied type="eden" objects="3" bytes="72" bytesdiscarded="0" />
  <memory-copied type="other" objects="30" bytes="1432" bytesdiscarded="720" />
  <memory-cardclean objects="70" bytes="3152" />
  <regions eden="16" other="2" />
  <remembered-set-cleared processed="93045" cleared="46" durationms="0.404" />
  <stringconstants candidates="13755" cleared="0"  />
</gc-op>
<gc-op id="1452" type="classunload" timems="0.013" contextid="1448" timestamp="2019-08-09T08:30:24.837">
  <classunload-info classloadercandidates="54" classloadersunloaded="0" classesunloaded="0" anonymousclassesunloaded="0" quiescems="0.000" setupms="0.012" scanms="0.000" postms="0.000" />
</gc-op>
<heap-resize id="1453" type="expand" space="default" amount="18874368" count="1" timems="0.095" reason="excessive time being spent in gc" timestamp="2019-08-09T08:30:24.837" />
<gc-end id="1454" type="partial gc" contextid="1448" durationms="18.362" usertimems="44.863" systemtimems="0.000" timestamp="2019-08-09T08:30:24.837" activeThreads="16">
  <mem-info id="1455" free="67108864" total="125829120" percent="53">
    <mem type="eden" free="2097080" total="2097152" percent="99" />
    <remembered-set count="97856" freebytes="4638976" totalbytes="5030400" percent="92" regionsoverflowed="0" regionsstable="0" regionsrebuilding="9"/>
  </mem-info>
</gc-end>
<cycle-end id="1456" type="partial gc" contextid="1448" timestamp="2019-08-09T08:30:24.837" />
  <attribute name="elasticGC enabled" value="1" />
  <attribute name= "numThreadsSpecified" value="16" />
  <attribute name="heapSize specified" value="0" />
  <attribute name="Current GC Util" value="120" />
  <attribute name= "Current Time Running" value="81017" />
  <attribute name ="GC Interval" value="0" />
  <attribute name="Target GC Util Change" value ="80.000000" />
  <attribute name="Current GC Util Change" value="120.000000"/>
  <attribute name="Current Error" value="-26.000000" />
  <attribute name="Output H" value="106992584"/>
  <attribute name="Output I" value="1992"/>
  <attribute name="Output T" value="16"/>
  <attribute name= "Current Time Running" value="81017" />
  <attribute name="GC Util currently" value="120" />
  <attribute name="CPU Util currently" value="1766109347341" />
<exclusive-end id="1457" timestamp="2019-08-09T08:30:24.837" durationms="18.964" />

<exclusive-start id="1458" timestamp="2019-08-09T08:30:24.859" intervalms="40.932">
  <response-info timems="0.049" idlems="0.049" threads="0" lastid="0000000001033F00" lastname="main" />
</exclusive-start>
<allocation-taxation id="1459" taxation-threshold="18874368" timestamp="2019-08-09T08:30:24.859" intervalms="40.942" />
<gc-start id="1460" type="global mark phase" contextid="1417" timestamp="2019-08-09T08:30:24.859">
  <mem-info id="1461" free="48234496" total="125829120" percent="38">
    <remembered-set count="97376" freebytes="4640896" totalbytes="5030400" percent="92" regionsoverflowed="0" regionsstable="0" regionsrebuilding="9"/>
  </mem-info>
</gc-start>
<gc-op id="1462" type="mark increment" timems="9.111" contextid="1417" timestamp="2019-08-09T08:30:24.868">
  <trace-info objectcount="26" scancount="25" scanbytes="230084" />
  <cardclean-info objects="45943" bytes="1576608" />
  <finalization candidates="80" enqueued="0" />
  <ownableSynchronizers candidates="21" cleared="0" />
  <references type="soft" candidates="4720" cleared="2" enqueued="2" dynamicThreshold="17" maxThreshold="32" />
  <references type="weak" candidates="5614" cleared="0" enqueued="0" />
  <references type="phantom" candidates="97" cleared="0" enqueued="0" />
  <stringconstants candidates="13755" cleared="1"  />
</gc-op>
<gc-op id="1463" type="classunload" timems="0.011" contextid="1417" timestamp="2019-08-09T08:30:24.869">
  <classunload-info classloadercandidates="54" classloadersunloaded="0" classesunloaded="0" anonymousclassesunloaded="0" quiescems="0.000" setupms="0.011" scanms="0.000" postms="0.000" />
</gc-op>
<gc-end id="1464" type="global mark phase" contextid="1417" durationms="9.260" usertimems="27.413" systemtimems="0.000" timestamp="2019-08-09T08:30:24.869" activeThreads="16">
  <mem-info id="1465" free="48234496" total="125829120" percent="38">
    <pending-finalizers system="0" default="0" reference="2" classloader="0" />
    <remembered-set count="106080" freebytes="4606080" totalbytes="5030400" percent="91" regionsoverflowed="0" regionsstable="0" regionsrebuilding="0"/>
  </mem-info>
</gc-end>
<cycle-end id="1466" type="global mark phase" contextid="1417" timestamp="2019-08-09T08:30:24.869" />
  <attribute name="elasticGC enabled" value="1" />
  <attribute name= "numThreadsSpecified" value="16" />
  <attribute name="heapSize specified" value="0" />
  <attribute name="Current GC Util" value="227" />
  <attribute name= "Current Time Running" value="81061" />
  <attribute name ="GC Interval" value="0" />
  <attribute name="Target GC Util Change" value ="80.000000" />
  <attribute name="Current GC Util Change" value="227.000000"/>
  <attribute name="Current Error" value="-287.000000" />
  <attribute name="Output H" value="125866800"/>
  <attribute name="Output I" value="1840"/>
  <attribute name="Output T" value="16"/>
  <attribute name= "Current Time Running" value="81061" />
  <attribute name="GC Util currently" value="227" />
  <attribute name="CPU Util currently" value="915164490833" />
<exclusive-end id="1467" timestamp="2019-08-09T08:30:24.869" durationms="9.589" />

<exclusive-start id="1468" timestamp="2019-08-09T08:30:24.883" intervalms="24.323">
  <response-info timems="0.042" idlems="0.042" threads="0" lastid="0000000001033F00" lastname="main" />
</exclusive-start>
<allocation-taxation id="1469" taxation-threshold="18874368" timestamp="2019-08-09T08:30:24.884" intervalms="24.301" />
<cycle-start id="1470" type="partial gc" contextid="0" timestamp="2019-08-09T08:30:24.884" intervalms="65.259" />
<gc-start id="1471" type="partial gc" contextid="1470" timestamp="2019-08-09T08:30:24.884">
  <mem-info id="1472" free="29360128" total="125829120" percent="23">
    <mem type="eden" free="2097080" total="39845888" percent="5" />
    <remembered-set count="93504" freebytes="4656384" totalbytes="5030400" percent="92" regionsoverflowed="0" regionsstable="4" regionsrebuilding="0"/>
  </mem-info>
</gc-start>
<allocation-stats totalBytes="37682952" >
  <allocated-bytes non-tlh="0" tlh="37682952" arrayletleaf="0"/>
  <largest-consumer threadName="main" threadId="0000000001033F00" bytes="18840744" />
</allocation-stats>
<gc-op id="1473" type="sweep" timems="2.627" contextid="1470" timestamp="2019-08-09T08:30:24.887" />
<gc-op id="1474" type="copy forward" timems="11.987" contextid="1470" timestamp="2019-08-09T08:30:24.900">
  <memory-copied type="eden" objects="3" bytes="72" bytesdiscarded="0" />
  <memory-copied type="other" objects="0" bytes="0" bytesdiscarded="0" />
  <memory-cardclean objects="26" bytes="888" />
  <regions eden="9" other="1" />
  <remembered-set-cleared processed="89191" cleared="26" durationms="0.417" />
  <stringconstants candidates="13754" cleared="0"  />
</gc-op>
<gc-op id="1475" type="classunload" timems="0.009" contextid="1470" timestamp="2019-08-09T08:30:24.900">
  <classunload-info classloadercandidates="54" classloadersunloaded="0" classesunloaded="0" anonymousclassesunloaded="0" quiescems="0.000" setupms="0.008" scanms="0.000" postms="0.000" />
</gc-op>
<heap-resize id="1476" type="expand" space="default" amount="20971520" count="1" timems="0.087" reason="excessive time being spent in gc" timestamp="2019-08-09T08:30:24.900" />
<gc-end id="1477" type="partial gc" contextid="1470" durationms="16.093" usertimems="32.473" systemtimems="0.000" timestamp="2019-08-09T08:30:24.900" activeThreads="16">
  <mem-info id="1478" free="88080384" total="146800640" percent="60">
    <mem type="eden" free="2097080" total="2097152" percent="99" />
    <remembered-set count="91904" freebytes="5501184" totalbytes="5868800" percent="93" regionsoverflowed="0" regionsstable="4" regionsrebuilding="0"/>
  </mem-info>
</gc-end>
<cycle-end id="1479" type="partial gc" contextid="1470" timestamp="2019-08-09T08:30:24.900" />
  <attribute name="elasticGC enabled" value="1" />
  <attribute name= "numThreadsSpecified" value="16" />
  <attribute name="heapSize specified" value="0" />
  <attribute name="Current GC Util" value="125" />
  <attribute name= "Current Time Running" value="81085" />
  <attribute name ="GC Interval" value="0" />
  <attribute name="Target GC Util Change" value ="80.000000" />
  <attribute name="Current GC Util Change" value="125.000000"/>
  <attribute name="Current Error" value="-152.000000" />
  <attribute name="Output H" value="125866880"/>
  <attribute name="Output I" value="1920"/>
  <attribute name="Output T" value="16"/>
  <attribute name= "Current Time Running" value="81085" />
  <attribute name="GC Util currently" value="125" />
  <attribute name="CPU Util currently" value="1759419916431" />
<exclusive-end id="1480" timestamp="2019-08-09T08:30:24.900" durationms="16.755" />

<exclusive-start id="1481" timestamp="2019-08-09T08:30:24.931" intervalms="47.110">
  <response-info timems="0.044" idlems="0.044" threads="0" lastid="0000000001033F00" lastname="main" />
</exclusive-start>
<allocation-taxation id="1482" taxation-threshold="44040192" timestamp="2019-08-09T08:30:24.931" intervalms="47.123" />
<cycle-start id="1483" type="partial gc" contextid="0" timestamp="2019-08-09T08:30:24.931" intervalms="47.254" />
<gc-start id="1484" type="partial gc" contextid="1483" timestamp="2019-08-09T08:30:24.931">
  <mem-info id="1485" free="44040192" total="146800640" percent="30">
    <mem type="eden" free="2097080" total="46137344" percent="4" />
    <remembered-set count="91904" freebytes="5501184" totalbytes="5868800" percent="93" regionsoverflowed="0" regionsstable="4" regionsrebuilding="0"/>
  </mem-info>
</gc-start>
<allocation-stats totalBytes="43961688" >
  <allocated-bytes non-tlh="0" tlh="43961688" arrayletleaf="0"/>
  <largest-consumer threadName="main" threadId="0000000001033F00" bytes="43961688" />
</allocation-stats>
<gc-op id="1486" type="copy forward" timems="10.522" contextid="1483" timestamp="2019-08-09T08:30:24.943">
  <memory-copied type="eden" objects="3" bytes="72" bytesdiscarded="0" />
  <memory-copied type="other" objects="34716" bytes="818896" bytesdiscarded="59632" />
  <memory-cardclean objects="686" bytes="148056" />
  <regions eden="21" other="3" />
  <remembered-set-cleared processed="89140" cleared="3964" durationms="0.482" />
  <stringconstants candidates="13754" cleared="0"  />
</gc-op>
<gc-op id="1487" type="classunload" timems="0.008" contextid="1483" timestamp="2019-08-09T08:30:24.943">
  <classunload-info classloadercandidates="54" classloadersunloaded="0" classesunloaded="0" anonymousclassesunloaded="0" quiescems="0.000" setupms="0.008" scanms="0.000" postms="0.000" />
</gc-op>
<gc-end id="1488" type="partial gc" contextid="1483" durationms="11.810" usertimems="43.888" systemtimems="0.000" timestamp="2019-08-09T08:30:24.943" activeThreads="16">
  <mem-info id="1489" free="88080384" total="146800640" percent="60">
    <mem type="eden" free="2097080" total="2097152" percent="99" />
    <remembered-set count="94848" freebytes="5489408" totalbytes="5868800" percent="93" regionsoverflowed="0" regionsstable="4" regionsrebuilding="0"/>
  </mem-info>
</gc-end>
<cycle-end id="1490" type="partial gc" contextid="1483" timestamp="2019-08-09T08:30:24.943" />
  <attribute name="elasticGC enabled" value="1" />
  <attribute name= "numThreadsSpecified" value="16" />
  <attribute name="heapSize specified" value="0" />
  <attribute name="Current GC Util" value="185" />
  <attribute name= "Current Time Running" value="81130" />
  <attribute name ="GC Interval" value="0" />
  <attribute name="Target GC Util Change" value ="80.000000" />
  <attribute name="Current GC Util Change" value="185.000000"/>
  <attribute name="Current Error" value="-236.000000" />
  <attribute name="Output H" value="146838344"/>
  <attribute name="Output I" value="1864"/>
  <attribute name="Output T" value="16"/>
  <attribute name= "Current Time Running" value="81130" />
  <attribute name="GC Util currently" value="185" />
  <attribute name="CPU Util currently" value="1417900061081" />
<exclusive-end id="1491" timestamp="2019-08-09T08:30:24.943" durationms="12.489" />

<exclusive-start id="1492" timestamp="2019-08-09T08:30:24.957" intervalms="26.805">
  <response-info timems="0.038" idlems="0.038" threads="0" lastid="0000000001033F00" lastname="main" />
</exclusive-start>
<allocation-taxation id="1493" taxation-threshold="20971520" timestamp="2019-08-09T08:30:24.958" intervalms="26.902" />
<cycle-start id="1494" type="global mark phase" contextid="0" timestamp="2019-08-09T08:30:24.958" intervalms="231.843" />
<gc-start id="1495" type="global mark phase" contextid="1494" timestamp="2019-08-09T08:30:24.958">
  <mem-info id="1496" free="67108864" total="146800640" percent="45">
    <remembered-set count="78112" freebytes="5556352" totalbytes="5868800" percent="94" regionsoverflowed="0" regionsstable="6" regionsrebuilding="0"/>
  </mem-info>
</gc-start>
<gc-op id="1497" type="mark increment" timems="2.873" contextid="1494" timestamp="2019-08-09T08:30:24.961">
  <trace-info objectcount="214" scancount="0" scanbytes="0" />
</gc-op>
<gc-end id="1498" type="global mark phase" contextid="1494" durationms="2.911" usertimems="8.974" systemtimems="0.000" timestamp="2019-08-09T08:30:24.961" activeThreads="16">
  <mem-info id="1499" free="67108864" total="146800640" percent="45">
    <remembered-set count="78112" freebytes="5556352" totalbytes="5868800" percent="94" regionsoverflowed="0" regionsstable="0" regionsrebuilding="6"/>
  </mem-info>
</gc-end>
<concurrent-start id="1500" type="GMP work packet processing" contextid="1494" timestamp="2019-08-09T08:30:24.961">
  <concurrent-mark-start scanTarget="10079020" />
</concurrent-start>
<exclusive-end id="1501" timestamp="2019-08-09T08:30:24.961" durationms="3.544" />

<concurrent-end id="1502" type="GMP work packet processing" contextid="1494" timestamp="2019-08-09T08:30:24.967">
  <concurrent-mark-end bytesScanned="10296380" reasonForTermination="Work target met" />
</concurrent-end>

<exclusive-start id="1503" timestamp="2019-08-09T08:30:24.980" intervalms="22.756">
  <response-info timems="0.040" idlems="0.040" threads="0" lastid="0000000001033F00" lastname="main" />
</exclusive-start>
<allocation-taxation id="1504" taxation-threshold="20971520" timestamp="2019-08-09T08:30:24.980" intervalms="22.643" />
<cycle-start id="1505" type="partial gc" contextid="0" timestamp="2019-08-09T08:30:24.980" intervalms="49.403" />
<gc-start id="1506" type="partial gc" contextid="1505" timestamp="2019-08-09T08:30:24.980">
  <mem-info id="1507" free="46137344" total="146800640" percent="31">
    <mem type="eden" free="2097080" total="44040192" percent="4" />
    <remembered-set count="99744" freebytes="5469824" totalbytes="5868800" percent="93" regionsoverflowed="0" regionsstable="0" regionsrebuilding="6"/>
  </mem-info>
</gc-start>
<allocation-stats totalBytes="41868464" >
  <allocated-bytes non-tlh="0" tlh="41868464" arrayletleaf="0"/>
  <largest-consumer threadName="main" threadId="0000000001033F00" bytes="20934072" />
</allocation-stats>
<gc-op id="1508" type="copy forward" timems="8.819" contextid="1505" timestamp="2019-08-09T08:30:24.990">
  <memory-copied type="eden" objects="3" bytes="72" bytesdiscarded="0" />
  <memory-copied type="other" objects="14" bytes="320" bytesdiscarded="224" />
  <memory-cardclean objects="54" bytes="2232" />
  <regions eden="20" other="3" />
  <remembered-set-cleared processed="92311" cleared="29" durationms="0.609" />
  <stringconstants candidates="13754" cleared="0"  />
</gc-op>
<gc-op id="1509" type="classunload" timems="0.008" contextid="1505" timestamp="2019-08-09T08:30:24.990">
  <classunload-info classloadercandidates="54" classloadersunloaded="0" classesunloaded="0" anonymousclassesunloaded="0" quiescems="0.000" setupms="0.008" scanms="0.000" postms="0.000" />
</gc-op>
<gc-end id="1510" type="partial gc" contextid="1505" durationms="9.872" usertimems="33.159" systemtimems="0.000" timestamp="2019-08-09T08:30:24.990" activeThreads="16">
  <mem-info id="1511" free="90177536" total="146800640" percent="61">
    <mem type="eden" free="2097080" total="2097152" percent="99" />
    <remembered-set count="96416" freebytes="5483136" totalbytes="5868800" percent="93" regionsoverflowed="0" regionsstable="0" regionsrebuilding="6"/>
  </mem-info>
</gc-end>
<cycle-end id="1512" type="partial gc" contextid="1505" timestamp="2019-08-09T08:30:24.990" />
  <attribute name="elasticGC enabled" value="1" />
  <attribute name= "numThreadsSpecified" value="16" />
  <attribute name="heapSize specified" value="0" />
  <attribute name="Current GC Util" value="121" />
  <attribute name= "Current Time Running" value="81179" />
  <attribute name ="GC Interval" value="0" />
  <attribute name="Target GC Util Change" value ="80.000000" />
  <attribute name="Current GC Util Change" value="121.000000"/>
  <attribute name="Current Error" value="-411.000000" />
  <attribute name="Output H" value="146838248"/>
  <attribute name="Output I" value="1768"/>
  <attribute name="Output T" value="16"/>
  <attribute name= "Current Time Running" value="81179" />
  <attribute name="GC Util currently" value="121" />
  <attribute name="CPU Util currently" value="1929146280855" />
<exclusive-end id="1513" timestamp="2019-08-09T08:30:24.991" durationms="10.351" />

<exclusive-start id="1514" timestamp="2019-08-09T08:30:25.005" intervalms="24.515">
  <response-info timems="0.042" idlems="0.042" threads="0" lastid="0000000001033F00" lastname="main" />
</exclusive-start>
<allocation-taxation id="1515" taxation-threshold="20971520" timestamp="2019-08-09T08:30:25.005" intervalms="24.517" />
<gc-start id="1516" type="global mark phase" contextid="1494" timestamp="2019-08-09T08:30:25.005">
  <mem-info id="1517" free="69206016" total="146800640" percent="47">
    <remembered-set count="96416" freebytes="5483136" totalbytes="5868800" percent="93" regionsoverflowed="0" regionsstable="0" regionsrebuilding="6"/>
  </mem-info>
</gc-start>
<gc-end id="1518" type="global mark phase" contextid="1494" durationms="0.036" usertimems="0.033" systemtimems="0.000" timestamp="2019-08-09T08:30:25.005" activeThreads="16">
  <mem-info id="1519" free="69206016" total="146800640" percent="47">
    <remembered-set count="96416" freebytes="5483136" totalbytes="5868800" percent="93" regionsoverflowed="0" regionsstable="0" regionsrebuilding="6"/>
  </mem-info>
</gc-end>
<concurrent-start id="1520" type="GMP work packet processing" contextid="1494" timestamp="2019-08-09T08:30:25.005">
  <concurrent-mark-start scanTarget="10079020" />
</concurrent-start>
<exclusive-end id="1521" timestamp="2019-08-09T08:30:25.005" durationms="0.439" />

<concurrent-end id="1522" type="GMP work packet processing" contextid="1494" timestamp="2019-08-09T08:30:25.011">
  <concurrent-mark-end bytesScanned="3315504" reasonForTermination="Completed all work in GC phase" />
</concurrent-end>

<exclusive-start id="1523" timestamp="2019-08-09T08:30:25.123" intervalms="118.288">
  <response-info timems="0.072" idlems="0.072" threads="0" lastid="0000000001033F00" lastname="main" />
</exclusive-start>
<allocation-taxation id="1524" taxation-threshold="20971520" timestamp="2019-08-09T08:30:25.123" intervalms="118.296" />
<cycle-start id="1525" type="partial gc" contextid="0" timestamp="2019-08-09T08:30:25.123" intervalms="142.850" />
<gc-start id="1526" type="partial gc" contextid="1525" timestamp="2019-08-09T08:30:25.123">
  <mem-info id="1527" free="48234496" total="146800640" percent="32">
    <mem type="eden" free="2097080" total="44040192" percent="4" />
    <remembered-set count="105920" freebytes="5445120" totalbytes="5868800" percent="92" regionsoverflowed="0" regionsstable="0" regionsrebuilding="6"/>
  </mem-info>
</gc-start>
<allocation-stats totalBytes="41875608" >
  <allocated-bytes non-tlh="0" tlh="41875608" arrayletleaf="0"/>
  <largest-consumer threadName="main" threadId="0000000001033F00" bytes="20940552" />
</allocation-stats>
<gc-op id="1528" type="copy forward" timems="10.870" contextid="1525" timestamp="2019-08-09T08:30:25.135">
  <memory-copied type="eden" objects="41" bytes="1608" bytesdiscarded="576" />
  <memory-copied type="other" objects="7" bytes="160" bytesdiscarded="0" />
  <memory-cardclean objects="117" bytes="4224" />
  <regions eden="20" other="2" />
  <remembered-set-cleared processed="98978" cleared="63" durationms="1.269" />
  <stringconstants candidates="13754" cleared="0"  />
</gc-op>
<gc-op id="1529" type="classunload" timems="0.010" contextid="1525" timestamp="2019-08-09T08:30:25.135">
  <classunload-info classloadercandidates="54" classloadersunloaded="0" classesunloaded="0" anonymousclassesunloaded="0" quiescems="0.000" setupms="0.009" scanms="0.000" postms="0.000" />
</gc-op>
<gc-end id="1530" type="partial gc" contextid="1525" durationms="12.072" usertimems="40.392" systemtimems="0.000" timestamp="2019-08-09T08:30:25.135" activeThreads="16">
  <mem-info id="1531" free="90177536" total="146800640" percent="61">
    <mem type="eden" free="2094968" total="2097152" percent="99" />
    <remembered-set count="103392" freebytes="5455232" totalbytes="5868800" percent="92" regionsoverflowed="0" regionsstable="0" regionsrebuilding="6"/>
  </mem-info>
</gc-end>
<cycle-end id="1532" type="partial gc" contextid="1525" timestamp="2019-08-09T08:30:25.136" />
  <attribute name="elasticGC enabled" value="1" />
  <attribute name= "numThreadsSpecified" value="16" />
  <attribute name="heapSize specified" value="0" />
  <attribute name="Current GC Util" value="123" />
  <attribute name= "Current Time Running" value="81322" />
  <attribute name ="GC Interval" value="0" />
  <attribute name="Target GC Util Change" value ="80.000000" />
  <attribute name="Current GC Util Change" value="123.000000"/>
  <attribute name="Current Error" value="-411.000000" />
  <attribute name="Output H" value="146838248"/>
  <attribute name="Output I" value="1768"/>
  <attribute name="Output T" value="16"/>
  <attribute name= "Current Time Running" value="81322" />
  <attribute name="GC Util currently" value="123" />
  <attribute name="CPU Util currently" value="1576823733784" />
<exclusive-end id="1533" timestamp="2019-08-09T08:30:25.136" durationms="12.681" />

<exclusive-start id="1534" timestamp="2019-08-09T08:30:25.213" intervalms="89.665">
  <response-info timems="0.044" idlems="0.044" threads="0" lastid="0000000001033F00" lastname="main" />
</exclusive-start>
<allocation-taxation id="1535" taxation-threshold="20971520" timestamp="2019-08-09T08:30:25.213" intervalms="89.651" />
<gc-start id="1536" type="global mark phase" contextid="1494" timestamp="2019-08-09T08:30:25.213">
  <mem-info id="1537" free="69206016" total="146800640" percent="47">
    <remembered-set count="103392" freebytes="5455232" totalbytes="5868800" percent="92" regionsoverflowed="0" regionsstable="0" regionsrebuilding="6"/>
  </mem-info>
</gc-start>
<gc-op id="1538" type="mark increment" timems="8.619" contextid="1494" timestamp="2019-08-09T08:30:25.221">
  <trace-info objectcount="41" scancount="40" scanbytes="1116" />
  <cardclean-info objects="181" bytes="6364" />
  <finalization candidates="80" enqueued="0" />
  <ownableSynchronizers candidates="21" cleared="0" />
  <references type="soft" candidates="4718" cleared="0" enqueued="0" dynamicThreshold="19" maxThreshold="32" />
  <references type="weak" candidates="5614" cleared="0" enqueued="0" />
  <references type="phantom" candidates="97" cleared="0" enqueued="0" />
  <stringconstants candidates="13754" cleared="0"  />
</gc-op>
<gc-op id="1539" type="classunload" timems="0.009" contextid="1494" timestamp="2019-08-09T08:30:25.221">
  <classunload-info classloadercandidates="54" classloadersunloaded="0" classesunloaded="0" anonymousclassesunloaded="0" quiescems="0.000" setupms="0.008" scanms="0.000" postms="0.000" />
</gc-op>
<gc-end id="1540" type="global mark phase" contextid="1494" durationms="8.737" usertimems="19.752" systemtimems="0.000" timestamp="2019-08-09T08:30:25.221" activeThreads="16">
  <mem-info id="1541" free="69206016" total="146800640" percent="47">
    <remembered-set count="103392" freebytes="5455232" totalbytes="5868800" percent="92" regionsoverflowed="0" regionsstable="0" regionsrebuilding="0"/>
  </mem-info>
</gc-end>
<cycle-end id="1542" type="global mark phase" contextid="1494" timestamp="2019-08-09T08:30:25.222" />
  <attribute name="elasticGC enabled" value="1" />
  <attribute name= "numThreadsSpecified" value="16" />
  <attribute name="heapSize specified" value="0" />
  <attribute name="Current GC Util" value="138" />
  <attribute name= "Current Time Running" value="81413" />
  <attribute name ="GC Interval" value="0" />
  <attribute name="Target GC Util Change" value ="80.000000" />
  <attribute name="Current GC Util Change" value="138.000000"/>
  <attribute name="Current Error" value="-158.000000" />
  <attribute name="Output H" value="146838392"/>
  <attribute name="Output I" value="1912"/>
  <attribute name="Output T" value="16"/>
  <attribute name= "Current Time Running" value="81413" />
  <attribute name="GC Util currently" value="138" />
  <attribute name="CPU Util currently" value="946914539268" />
<exclusive-end id="1543" timestamp="2019-08-09T08:30:25.222" durationms="9.091" />

<exclusive-start id="1544" timestamp="2019-08-09T08:30:25.283" intervalms="70.184">
  <response-info timems="0.145" idlems="0.145" threads="0" lastid="0000000001033F00" lastname="main" />
</exclusive-start>
<allocation-taxation id="1545" taxation-threshold="20971520" timestamp="2019-08-09T08:30:25.283" intervalms="70.195" />
<cycle-start id="1546" type="partial gc" contextid="0" timestamp="2019-08-09T08:30:25.283" intervalms="159.800" />
<gc-start id="1547" type="partial gc" contextid="1546" timestamp="2019-08-09T08:30:25.283">
  <mem-info id="1548" free="48234496" total="146800640" percent="32">
    <mem type="eden" free="0" total="41943040" percent="0" />
    <remembered-set count="73920" freebytes="5573120" totalbytes="5868800" percent="94" regionsoverflowed="0" regionsstable="6" regionsrebuilding="0"/>
  </mem-info>
</gc-start>
<allocation-stats totalBytes="41897984" >
  <allocated-bytes non-tlh="0" tlh="41897984" arrayletleaf="0"/>
  <largest-consumer threadName="main" threadId="0000000001033F00" bytes="20948992" />
</allocation-stats>
<gc-op id="1549" type="sweep" timems="2.289" contextid="1546" timestamp="2019-08-09T08:30:25.286" />
<gc-op id="1550" type="copy forward" timems="11.177" contextid="1546" timestamp="2019-08-09T08:30:25.298">
  <memory-copied type="eden" objects="15" bytes="856" bytesdiscarded="0" />
  <memory-copied type="other" objects="34215" bytes="1740088" bytesdiscarded="1670440" />
  <memory-cardclean objects="88550" bytes="2808064" />
  <regions eden="10" other="4" />
  <remembered-set-cleared processed="46229" cleared="19597" durationms="0.600" />
  <finalization candidates="21" enqueued="0" />
  <ownableSynchronizers candidates="4" cleared="0" />
  <references type="soft" candidates="957" cleared="0" enqueued="0" dynamicThreshold="15" maxThreshold="32" />
  <references type="weak" candidates="2242" cleared="0" enqueued="0" />
  <references type="phantom" candidates="18" cleared="0" enqueued="0" />
  <stringconstants candidates="13754" cleared="0"  />
</gc-op>
<gc-op id="1551" type="classunload" timems="0.009" contextid="1546" timestamp="2019-08-09T08:30:25.298">
  <classunload-info classloadercandidates="54" classloadersunloaded="0" classesunloaded="0" anonymousclassesunloaded="0" quiescems="0.000" setupms="0.008" scanms="0.000" postms="0.000" />
</gc-op>
<gc-end id="1552" type="partial gc" contextid="1546" durationms="14.784" usertimems="40.799" systemtimems="0.000" timestamp="2019-08-09T08:30:25.298" activeThreads="16">
  <mem-info id="1553" free="88080384" total="146800640" percent="60">
    <mem type="eden" free="2096296" total="2097152" percent="99" />
    <remembered-set count="51168" freebytes="5664128" totalbytes="5868800" percent="96" regionsoverflowed="0" regionsstable="6" regionsrebuilding="0"/>
  </mem-info>
</gc-end>
<cycle-end id="1554" type="partial gc" contextid="1546" timestamp="2019-08-09T08:30:25.298" />
  <attribute name="elasticGC enabled" value="1" />
  <attribute name= "numThreadsSpecified" value="16" />
  <attribute name="heapSize specified" value="0" />
  <attribute name="Current GC Util" value="229" />
  <attribute name= "Current Time Running" value="81484" />
  <attribute name ="GC Interval" value="0" />
  <attribute name="Target GC Util Change" value ="80.000000" />
  <attribute name="Current GC Util Change" value="229.000000"/>
  <attribute name="Current Error" value="-357.000000" />
  <attribute name="Output H" value="146838280"/>
  <attribute name="Output I" value="1800"/>
  <attribute name="Output T" value="16"/>
  <attribute name= "Current Time Running" value="81484" />
  <attribute name="GC Util currently" value="229" />
  <attribute name="CPU Util currently" value="1782677133553" />
<exclusive-end id="1555" timestamp="2019-08-09T08:30:25.298" durationms="15.415" />

<exclusive-start id="1556" timestamp="2019-08-09T08:30:25.384" intervalms="101.515">
  <response-info timems="0.064" idlems="0.064" threads="0" lastid="0000000001033F00" lastname="main" />
</exclusive-start>
<allocation-taxation id="1557" taxation-threshold="44040192" timestamp="2019-08-09T08:30:25.384" intervalms="101.510" />
<cycle-start id="1558" type="partial gc" contextid="0" timestamp="2019-08-09T08:30:25.384" intervalms="101.548" />
<gc-start id="1559" type="partial gc" contextid="1558" timestamp="2019-08-09T08:30:25.385">
  <mem-info id="1560" free="44040192" total="146800640" percent="30">
    <mem type="eden" free="2096296" total="46137344" percent="4" />
    <remembered-set count="17280" freebytes="5799680" totalbytes="5868800" percent="98" regionsoverflowed="0" regionsstable="8" regionsrebuilding="0"/>
  </mem-info>
</gc-start>
<allocation-stats totalBytes="44006872" >
  <allocated-bytes non-tlh="0" tlh="44006872" arrayletleaf="0"/>
  <largest-consumer threadName="main" threadId="0000000001033F00" bytes="44006872" />
</allocation-stats>
<gc-op id="1561" type="copy forward" timems="9.670" contextid="1558" timestamp="2019-08-09T08:30:25.396">
  <memory-copied type="eden" objects="30" bytes="1528" bytesdiscarded="696" />
  <memory-copied type="other" objects="34723" bytes="819056" bytesdiscarded="45312" />
  <memory-cardclean objects="771" bytes="151448" />
  <regions eden="21" other="3" />
  <remembered-set-cleared processed="11597" cleared="428" durationms="0.163" />
  <stringconstants candidates="13754" cleared="0"  />
</gc-op>
<gc-op id="1562" type="classunload" timems="0.011" contextid="1558" timestamp="2019-08-09T08:30:25.397">
  <classunload-info classloadercandidates="54" classloadersunloaded="0" classesunloaded="0" anonymousclassesunloaded="0" quiescems="0.000" setupms="0.010" scanms="0.000" postms="0.000" />
</gc-op>
<gc-end id="1563" type="partial gc" contextid="1558" durationms="11.353" usertimems="30.647" systemtimems="0.000" timestamp="2019-08-09T08:30:25.397" activeThreads="16">
  <mem-info id="1564" free="88080384" total="146800640" percent="60">
    <mem type="eden" free="2094928" total="2097152" percent="99" />
    <remembered-set count="17536" freebytes="5798656" totalbytes="5868800" percent="98" regionsoverflowed="0" regionsstable="8" regionsrebuilding="0"/>
  </mem-info>
</gc-end>
<cycle-end id="1565" type="partial gc" contextid="1558" timestamp="2019-08-09T08:30:25.397" />
  <attribute name="elasticGC enabled" value="1" />
  <attribute name= "numThreadsSpecified" value="16" />
  <attribute name="heapSize specified" value="0" />
  <attribute name="Current GC Util" value="175" />
  <attribute name= "Current Time Running" value="81585" />
  <attribute name ="GC Interval" value="0" />
  <attribute name="Target GC Util Change" value ="80.000000" />
  <attribute name="Current GC Util Change" value="175.000000"/>
  <attribute name="Current Error" value="-50.000000" />
  <attribute name="Output H" value="146838456"/>
  <attribute name="Output I" value="1976"/>
  <attribute name="Output T" value="16"/>
  <attribute name= "Current Time Running" value="81585" />
  <attribute name="GC Util currently" value="175" />
  <attribute name="CPU Util currently" value="1007592396673" />
<exclusive-end id="1566" timestamp="2019-08-09T08:30:25.397" durationms="12.616" />

<exclusive-start id="1567" timestamp="2019-08-09T08:30:25.634" intervalms="249.754">
  <response-info timems="0.037" idlems="0.037" threads="0" lastid="0000000001033F00" lastname="main" />
</exclusive-start>
<allocation-taxation id="1568" taxation-threshold="44040192" timestamp="2019-08-09T08:30:25.634" intervalms="249.748" />
<cycle-start id="1569" type="partial gc" contextid="0" timestamp="2019-08-09T08:30:25.634" intervalms="249.731" />
<gc-start id="1570" type="partial gc" contextid="1569" timestamp="2019-08-09T08:30:25.635">
  <mem-info id="1571" free="44040192" total="146800640" percent="30">
    <mem type="eden" free="0" total="44040192" percent="0" />
    <remembered-set count="15904" freebytes="5805184" totalbytes="5868800" percent="98" regionsoverflowed="0" regionsstable="9" regionsrebuilding="0"/>
  </mem-info>
</gc-start>
<allocation-stats totalBytes="43999672" >
  <allocated-bytes non-tlh="3776" tlh="43995896" arrayletleaf="0"/>
  <largest-consumer threadName="main" threadId="0000000001033F00" bytes="43999672" />
</allocation-stats>
<gc-op id="1572" type="copy forward" timems="16.609" contextid="1569" timestamp="2019-08-09T08:30:25.653">
  <memory-copied type="eden" objects="1008" bytes="53072" bytesdiscarded="6776" />
  <memory-copied type="other" objects="57" bytes="1304" bytesdiscarded="1040" />
  <memory-cardclean objects="412" bytes="26912" />
  <regions eden="21" other="3" />
  <remembered-set-cleared processed="10865" cleared="45" durationms="0.425" />
  <references type="soft" candidates="9" cleared="0" enqueued="0" dynamicThreshold="19" maxThreshold="32" />
  <references type="weak" candidates="62" cleared="0" enqueued="0" />
  <stringconstants candidates="13791" cleared="0"  />
</gc-op>
<gc-op id="1573" type="classunload" timems="0.009" contextid="1569" timestamp="2019-08-09T08:30:25.653">
  <classunload-info classloadercandidates="54" classloadersunloaded="0" classesunloaded="0" anonymousclassesunloaded="0" quiescems="0.000" setupms="0.009" scanms="0.000" postms="0.000" />
</gc-op>
<gc-end id="1574" type="partial gc" contextid="1569" durationms="18.448" usertimems="35.069" systemtimems="0.000" timestamp="2019-08-09T08:30:25.653" activeThreads="16">
  <mem-info id="1575" free="88080384" total="146800640" percent="60">
    <mem type="eden" free="2037272" total="2097152" percent="97" />
    <remembered-set count="14944" freebytes="5809024" totalbytes="5868800" percent="98" regionsoverflowed="0" regionsstable="9" regionsrebuilding="0"/>
  </mem-info>
</gc-end>
<cycle-end id="1576" type="partial gc" contextid="1569" timestamp="2019-08-09T08:30:25.653" />
  <attribute name="elasticGC enabled" value="1" />
  <attribute name= "numThreadsSpecified" value="16" />
  <attribute name="heapSize specified" value="0" />
  <attribute name="Current GC Util" value="156" />
  <attribute name= "Current Time Running" value="81834" />
  <attribute name ="GC Interval" value="0" />
  <attribute name="Target GC Util Change" value ="80.000000" />
  <attribute name="Current GC Util Change" value="156.000000"/>
  <attribute name="Current Error" value="-57.000000" />
  <attribute name="Output H" value="146838448"/>
  <attribute name="Output I" value="1968"/>
  <attribute name="Output T" value="16"/>
  <attribute name= "Current Time Running" value="81834" />
  <attribute name="GC Util currently" value="156" />
  <attribute name="CPU Util currently" value="1002289407824" />
<exclusive-end id="1577" timestamp="2019-08-09T08:30:25.653" durationms="19.160" />

<exclusive-start id="1578" timestamp="2019-08-09T08:30:25.763" intervalms="129.268">
  <response-info timems="0.072" idlems="0.072" threads="0" lastid="0000000001033F00" lastname="main" />
</exclusive-start>
<allocation-taxation id="1579" taxation-threshold="44040192" timestamp="2019-08-09T08:30:25.763" intervalms="129.269" />
<cycle-start id="1580" type="partial gc" contextid="0" timestamp="2019-08-09T08:30:25.764" intervalms="129.297" />
<gc-start id="1581" type="partial gc" contextid="1580" timestamp="2019-08-09T08:30:25.764">
  <mem-info id="1582" free="44040192" total="146800640" percent="30">
    <mem type="eden" free="0" total="44040192" percent="0" />
    <remembered-set count="14496" freebytes="5810816" totalbytes="5868800" percent="99" regionsoverflowed="0" regionsstable="9" regionsrebuilding="0"/>
  </mem-info>
</gc-start>
<allocation-stats totalBytes="43967240" >
  <allocated-bytes non-tlh="0" tlh="43967240" arrayletleaf="0"/>
  <largest-consumer threadName="main" threadId="0000000001033F00" bytes="43967240" />
</allocation-stats>
<gc-op id="1583" type="copy forward" timems="7.365" contextid="1580" timestamp="2019-08-09T08:30:25.772">
  <memory-copied type="eden" objects="2" bytes="72" bytesdiscarded="0" />
  <memory-copied type="other" objects="1012" bytes="52144" bytesdiscarded="4920" />
  <memory-cardclean objects="163" bytes="18440" />
  <regions eden="21" other="2" />
  <remembered-set-cleared processed="10944" cleared="109" durationms="0.256" />
  <references type="soft" candidates="9" cleared="0" enqueued="0" dynamicThreshold="19" maxThreshold="32" />
  <references type="weak" candidates="62" cleared="0" enqueued="0" />
  <stringconstants candidates="13791" cleared="0"  />
</gc-op>
<gc-op id="1584" type="classunload" timems="0.010" contextid="1580" timestamp="2019-08-09T08:30:25.772">
  <classunload-info classloadercandidates="54" classloadersunloaded="0" classesunloaded="0" anonymousclassesunloaded="0" quiescems="0.000" setupms="0.010" scanms="0.000" postms="0.000" />
</gc-op>
<gc-end id="1585" type="partial gc" contextid="1580" durationms="8.532" usertimems="18.814" systemtimems="0.000" timestamp="2019-08-09T08:30:25.772" activeThreads="16">
  <mem-info id="1586" free="85983232" total="146800640" percent="58">
    <mem type="eden" free="2097080" total="2097152" percent="99" />
    <remembered-set count="15552" freebytes="5806592" totalbytes="5868800" percent="98" regionsoverflowed="0" regionsstable="9" regionsrebuilding="0"/>
  </mem-info>
</gc-end>
<cycle-end id="1587" type="partial gc" contextid="1580" timestamp="2019-08-09T08:30:25.773" />
  <attribute name="elasticGC enabled" value="1" />
  <attribute name= "numThreadsSpecified" value="16" />
  <attribute name="heapSize specified" value="0" />
  <attribute name="Current GC Util" value="119" />
  <attribute name= "Current Time Running" value="81962" />
  <attribute name ="GC Interval" value="0" />
  <attribute name="Target GC Util Change" value ="80.000000" />
  <attribute name="Current GC Util Change" value="119.000000"/>
  <attribute name="Current Error" value="-42.000000" />
  <attribute name="Output H" value="146838456"/>
  <attribute name="Output I" value="1976"/>
  <attribute name="Output T" value="16"/>
  <attribute name= "Current Time Running" value="81962" />
  <attribute name="GC Util currently" value="119" />
  <attribute name="CPU Util currently" value="1776332460271" />
<exclusive-end id="1588" timestamp="2019-08-09T08:30:25.773" durationms="9.281" />

<exclusive-start id="1589" timestamp="2019-08-09T08:30:26.160" intervalms="396.606">
  <response-info timems="0.063" idlems="0.063" threads="0" lastid="0000000001033F00" lastname="main" />
</exclusive-start>
<allocation-taxation id="1590" taxation-threshold="44040192" timestamp="2019-08-09T08:30:26.160" intervalms="396.606" />
<cycle-start id="1591" type="partial gc" contextid="0" timestamp="2019-08-09T08:30:26.160" intervalms="396.606" />
<gc-start id="1592" type="partial gc" contextid="1591" timestamp="2019-08-09T08:30:26.160">
  <mem-info id="1593" free="41943040" total="146800640" percent="28">
    <mem type="eden" free="2097080" total="46137344" percent="4" />
    <remembered-set count="15552" freebytes="5806592" totalbytes="5868800" percent="98" regionsoverflowed="0" regionsstable="9" regionsrebuilding="0"/>
  </mem-info>
</gc-start>
<allocation-stats totalBytes="44003896" >
  <allocated-bytes non-tlh="0" tlh="44003896" arrayletleaf="0"/>
  <largest-consumer threadName="main" threadId="0000000001033F00" bytes="44003896" />
</allocation-stats>
<gc-op id="1594" type="copy forward" timems="9.129" contextid="1591" timestamp="2019-08-09T08:30:26.171">
  <memory-copied type="eden" objects="69" bytes="2216" bytesdiscarded="1128" />
  <memory-copied type="other" objects="37" bytes="1040" bytesdiscarded="720" />
  <memory-cardclean objects="215" bytes="16448" />
  <regions eden="21" other="3" />
  <remembered-set-cleared processed="10964" cleared="53" durationms="0.183" />
  <references type="weak" candidates="34" cleared="0" enqueued="0" />
  <stringconstants candidates="13791" cleared="0"  />
</gc-op>
<gc-op id="1595" type="classunload" timems="0.009" contextid="1591" timestamp="2019-08-09T08:30:26.171">
  <classunload-info classloadercandidates="54" classloadersunloaded="0" classesunloaded="0" anonymousclassesunloaded="0" quiescems="0.000" setupms="0.009" scanms="0.000" postms="0.000" />
</gc-op>
<gc-end id="1596" type="partial gc" contextid="1591" durationms="10.634" usertimems="29.872" systemtimems="0.000" timestamp="2019-08-09T08:30:26.171" activeThreads="16">
  <mem-info id="1597" free="88080384" total="146800640" percent="60">
    <mem type="eden" free="2093808" total="2097152" percent="99" />
    <remembered-set count="13760" freebytes="5813760" totalbytes="5868800" percent="99" regionsoverflowed="0" regionsstable="9" regionsrebuilding="0"/>
  </mem-info>
</gc-end>
<cycle-end id="1598" type="partial gc" contextid="1591" timestamp="2019-08-09T08:30:26.171" />
  <attribute name="elasticGC enabled" value="1" />
  <attribute name= "numThreadsSpecified" value="16" />
  <attribute name="heapSize specified" value="0" />
  <attribute name="Current GC Util" value="179" />
  <attribute name= "Current Time Running" value="82359" />
  <attribute name ="GC Interval" value="0" />
  <attribute name="Target GC Util Change" value ="80.000000" />
  <attribute name="Current GC Util Change" value="179.000000"/>
  <attribute name="Current Error" value="-23.000000" />
  <attribute name="Output H" value="146838472"/>
  <attribute name="Output I" value="1992"/>
  <attribute name="Output T" value="16"/>
  <attribute name= "Current Time Running" value="82359" />
  <attribute name="GC Util currently" value="179" />
  <attribute name="CPU Util currently" value="1130728666349" />
<exclusive-end id="1599" timestamp="2019-08-09T08:30:26.171" durationms="11.383" />

<exclusive-start id="1600" timestamp="2019-08-09T08:30:26.459" intervalms="299.363">
  <response-info timems="0.166" idlems="0.166" threads="0" lastid="0000000001033F00" lastname="main" />
</exclusive-start>
<allocation-taxation id="1601" taxation-threshold="44040192" timestamp="2019-08-09T08:30:26.459" intervalms="299.400" />
<cycle-start id="1602" type="partial gc" contextid="0" timestamp="2019-08-09T08:30:26.459" intervalms="299.382" />
<gc-start id="1603" type="partial gc" contextid="1602" timestamp="2019-08-09T08:30:26.460">
  <mem-info id="1604" free="44040192" total="146800640" percent="30">
    <mem type="eden" free="0" total="44040192" percent="0" />
    <remembered-set count="13312" freebytes="5815552" totalbytes="5868800" percent="99" regionsoverflowed="0" regionsstable="9" regionsrebuilding="0"/>
  </mem-info>
</gc-start>
<allocation-stats totalBytes="44032328" >
  <allocated-bytes non-tlh="0" tlh="44032328" arrayletleaf="0"/>
  <largest-consumer threadName="main" threadId="0000000001033F00" bytes="44032328" />
</allocation-stats>
<gc-op id="1605" type="copy forward" timems="7.137" contextid="1602" timestamp="2019-08-09T08:30:26.469">
  <memory-copied type="eden" objects="5" bytes="216" bytesdiscarded="0" />
  <memory-copied type="other" objects="79" bytes="2312" bytesdiscarded="2248" />
  <memory-cardclean objects="105" bytes="12736" />
  <regions eden="21" other="3" />
  <remembered-set-cleared processed="10975" cleared="44" durationms="0.287" />
  <references type="weak" candidates="34" cleared="0" enqueued="0" />
  <stringconstants candidates="13791" cleared="0"  />
</gc-op>
<gc-op id="1606" type="classunload" timems="0.009" contextid="1602" timestamp="2019-08-09T08:30:26.469">
  <classunload-info classloadercandidates="54" classloadersunloaded="0" classesunloaded="0" anonymousclassesunloaded="0" quiescems="0.000" setupms="0.009" scanms="0.000" postms="0.000" />
</gc-op>
<heap-resize id="1607" type="contract" space="default" amount="8388608" count="1" timems="0.264" reason="insufficient time being spent in gc" timestamp="2019-08-09T08:30:26.469" />
<gc-end id="1608" type="partial gc" contextid="1602" durationms="9.278" usertimems="30.079" systemtimems="0.000" timestamp="2019-08-09T08:30:26.469" activeThreads="16">
  <mem-info id="1609" free="79691776" total="138412032" percent="57">
    <mem type="eden" free="2096936" total="2097152" percent="99" />
    <remembered-set count="13920" freebytes="5813120" totalbytes="5868800" percent="99" regionsoverflowed="0" regionsstable="9" regionsrebuilding="0"/>
  </mem-info>
</gc-end>
<cycle-end id="1610" type="partial gc" contextid="1602" timestamp="2019-08-09T08:30:26.469" />
  <attribute name="elasticGC enabled" value="1" />
  <attribute name= "numThreadsSpecified" value="16" />
  <attribute name="heapSize specified" value="0" />
  <attribute name="Current GC Util" value="269" />
  <attribute name= "Current Time Running" value="82659" />
  <attribute name ="GC Interval" value="0" />
  <attribute name="Target GC Util Change" value ="80.000000" />
  <attribute name="Current GC Util Change" value="269.000000"/>
  <attribute name="Current Error" value="-138.000000" />
  <attribute name="Output H" value="146838408"/>
  <attribute name="Output I" value="1928"/>
  <attribute name="Output T" value="16"/>
  <attribute name= "Current Time Running" value="82659" />
  <attribute name="GC Util currently" value="269" />
  <attribute name="CPU Util currently" value="900628434412" />
<exclusive-end id="1611" timestamp="2019-08-09T08:30:26.469" durationms="10.073" />

<exclusive-start id="1612" timestamp="2019-08-09T08:30:26.603" intervalms="143.337">
  <response-info timems="0.039" idlems="0.039" threads="0" lastid="0000000001033F00" lastname="main" />
</exclusive-start>
<allocation-taxation id="1613" taxation-threshold="41943040" timestamp="2019-08-09T08:30:26.603" intervalms="143.310" />
<cycle-start id="1614" type="partial gc" contextid="0" timestamp="2019-08-09T08:30:26.603" intervalms="143.337" />
<gc-start id="1615" type="partial gc" contextid="1614" timestamp="2019-08-09T08:30:26.603">
  <mem-info id="1616" free="37748736" total="138412032" percent="27">
    <mem type="eden" free="2096936" total="44040192" percent="4" />
    <remembered-set count="13504" freebytes="5814784" totalbytes="5868800" percent="99" regionsoverflowed="0" regionsstable="9" regionsrebuilding="0"/>
  </mem-info>
</gc-start>
<allocation-stats totalBytes="41935456" >
  <allocated-bytes non-tlh="0" tlh="41935456" arrayletleaf="0"/>
  <largest-consumer threadName="main" threadId="0000000001033F00" bytes="41935456" />
</allocation-stats>
<gc-op id="1617" type="copy forward" timems="7.199" contextid="1614" timestamp="2019-08-09T08:30:26.612">
  <memory-copied type="eden" objects="4" bytes="200" bytesdiscarded="0" />
  <memory-copied type="other" objects="15" bytes="368" bytesdiscarded="944" />
  <memory-cardclean objects="72" bytes="3240" />
  <regions eden="20" other="3" />
  <remembered-set-cleared processed="10981" cleared="25" durationms="0.187" />
  <stringconstants candidates="13791" cleared="0"  />
</gc-op>
<gc-op id="1618" type="classunload" timems="0.008" contextid="1614" timestamp="2019-08-09T08:30:26.612">
  <classunload-info classloadercandidates="54" classloadersunloaded="0" classesunloaded="0" anonymousclassesunloaded="0" quiescems="0.000" setupms="0.008" scanms="0.000" postms="0.000" />
</gc-op>
<heap-resize id="1619" type="contract" space="default" amount="8388608" count="1" timems="0.086" reason="insufficient time being spent in gc" timestamp="2019-08-09T08:30:26.612" />
<gc-end id="1620" type="partial gc" contextid="1614" durationms="9.120" usertimems="28.810" systemtimems="0.000" timestamp="2019-08-09T08:30:26.612" activeThreads="16">
  <mem-info id="1621" free="73400320" total="130023424" percent="56">
    <mem type="eden" free="2096952" total="2097152" percent="99" />
    <remembered-set count="13568" freebytes="5479168" totalbytes="5533440" percent="99" regionsoverflowed="0" regionsstable="9" regionsrebuilding="0"/>
  </mem-info>
</gc-end>
<cycle-end id="1622" type="partial gc" contextid="1614" timestamp="2019-08-09T08:30:26.612" />
  <attribute name="elasticGC enabled" value="1" />
  <attribute name= "numThreadsSpecified" value="16" />
  <attribute name="heapSize specified" value="0" />
  <attribute name="Current GC Util" value="133" />
  <attribute name= "Current Time Running" value="82802" />
  <attribute name ="GC Interval" value="0" />
  <attribute name="Target GC Util Change" value ="80.000000" />
  <attribute name="Current GC Util Change" value="133.000000"/>
  <attribute name="Current Error" value="-123.000000" />
  <attribute name="Output H" value="138449808"/>
  <attribute name="Output I" value="1936"/>
  <attribute name="Output T" value="16"/>
  <attribute name= "Current Time Running" value="82802" />
  <attribute name="GC Util currently" value="133" />
  <attribute name="CPU Util currently" value="837944749794" />
<exclusive-end id="1623" timestamp="2019-08-09T08:30:26.612" durationms="9.787" />

<exclusive-start id="1624" timestamp="2019-08-09T08:30:26.701" intervalms="98.540">
  <response-info timems="0.041" idlems="0.041" threads="0" lastid="0000000001033F00" lastname="main" />
</exclusive-start>
<allocation-taxation id="1625" taxation-threshold="39845888" timestamp="2019-08-09T08:30:26.701" intervalms="98.529" />
<cycle-start id="1626" type="partial gc" contextid="0" timestamp="2019-08-09T08:30:26.701" intervalms="98.470" />
<gc-start id="1627" type="partial gc" contextid="1626" timestamp="2019-08-09T08:30:26.702">
  <mem-info id="1628" free="33554432" total="130023424" percent="25">
    <mem type="eden" free="2096952" total="41943040" percent="4" />
    <remembered-set count="13088" freebytes="5481088" totalbytes="5533440" percent="99" regionsoverflowed="0" regionsstable="9" regionsrebuilding="0"/>
  </mem-info>
</gc-start>
<allocation-stats totalBytes="39838224" >
  <allocated-bytes non-tlh="0" tlh="39838224" arrayletleaf="0"/>
  <largest-consumer threadName="main" threadId="0000000001033F00" bytes="39838224" />
</allocation-stats>
<gc-op id="1629" type="copy forward" timems="7.798" contextid="1626" timestamp="2019-08-09T08:30:26.711">
  <memory-copied type="eden" objects="3" bytes="120" bytesdiscarded="0" />
  <memory-copied type="other" objects="21" bytes="608" bytesdiscarded="320" />
  <memory-cardclean objects="46" bytes="10240" />
  <regions eden="19" other="2" />
  <remembered-set-cleared processed="10979" cleared="18" durationms="0.131" />
  <references type="weak" candidates="14" cleared="0" enqueued="0" />
  <stringconstants candidates="13791" cleared="0"  />
</gc-op>
<gc-op id="1630" type="classunload" timems="0.009" contextid="1626" timestamp="2019-08-09T08:30:26.711">
  <classunload-info classloadercandidates="54" classloadersunloaded="0" classesunloaded="0" anonymousclassesunloaded="0" quiescems="0.000" setupms="0.009" scanms="0.000" postms="0.000" />
</gc-op>
<gc-end id="1631" type="partial gc" contextid="1626" durationms="9.154" usertimems="30.251" systemtimems="0.000" timestamp="2019-08-09T08:30:26.711" activeThreads="16">
  <mem-info id="1632" free="73400320" total="130023424" percent="56">
    <mem type="eden" free="2097032" total="2097152" percent="99" />
    <remembered-set count="14656" freebytes="5139456" totalbytes="5198080" percent="98" regionsoverflowed="0" regionsstable="9" regionsrebuilding="0"/>
  </mem-info>
</gc-end>
<cycle-end id="1633" type="partial gc" contextid="1626" timestamp="2019-08-09T08:30:26.711" />
  <attribute name="elasticGC enabled" value="1" />
  <attribute name= "numThreadsSpecified" value="16" />
  <attribute name="heapSize specified" value="0" />
  <attribute name="Current GC Util" value="91" />
  <attribute name= "Current Time Running" value="82900" />
  <attribute name ="GC Interval" value="0" />
  <attribute name="Target GC Util Change" value ="80.000000" />
  <attribute name="Current GC Util Change" value="91.000000"/>
  <attribute name="Current Error" value="49.000000" />
  <attribute name="Output H" value="130061296"/>
  <attribute name="Output I" value="2032"/>
  <attribute name="Output T" value="16"/>
  <attribute name= "Current Time Running" value="82900" />
  <attribute name="GC Util currently" value="91" />
  <attribute name="CPU Util currently" value="1251362403705" />
<exclusive-end id="1634" timestamp="2019-08-09T08:30:26.711" durationms="9.690" />

<exclusive-start id="1635" timestamp="2019-08-09T08:30:26.800" intervalms="98.723">
  <response-info timems="0.020" idlems="0.020" threads="0" lastid="0000000001033F00" lastname="main" />
</exclusive-start>
<allocation-taxation id="1636" taxation-threshold="39845888" timestamp="2019-08-09T08:30:26.800" intervalms="98.729" />
<cycle-start id="1637" type="partial gc" contextid="0" timestamp="2019-08-09T08:30:26.800" intervalms="98.761" />
<gc-start id="1638" type="partial gc" contextid="1637" timestamp="2019-08-09T08:30:26.800">
  <mem-info id="1639" free="33554432" total="130023424" percent="25">
    <mem type="eden" free="2097032" total="41943040" percent="4" />
    <remembered-set count="14176" freebytes="5141376" totalbytes="5198080" percent="98" regionsoverflowed="0" regionsstable="9" regionsrebuilding="0"/>
  </mem-info>
</gc-start>
<allocation-stats totalBytes="39838760" >
  <allocated-bytes non-tlh="0" tlh="39838760" arrayletleaf="0"/>
  <largest-consumer threadName="main" threadId="0000000001033F00" bytes="39838760" />
</allocation-stats>
<gc-op id="1640" type="copy forward" timems="8.701" contextid="1637" timestamp="2019-08-09T08:30:26.810">
  <memory-copied type="eden" objects="3" bytes="120" bytesdiscarded="0" />
  <memory-copied type="other" objects="21376" bytes="880720" bytesdiscarded="113128" />
  <memory-cardclean objects="96710" bytes="3079312" />
  <regions eden="19" other="4" />
  <remembered-set-cleared processed="134" cleared="82" durationms="0.099" />
  <finalization candidates="19" enqueued="0" />
  <ownableSynchronizers candidates="3" cleared="0" />
  <references type="soft" candidates="293" cleared="0" enqueued="0" dynamicThreshold="18" maxThreshold="32" />
  <references type="weak" candidates="380" cleared="0" enqueued="0" />
  <references type="phantom" candidates="13" cleared="0" enqueued="0" />
  <stringconstants candidates="13791" cleared="0"  />
</gc-op>
<gc-op id="1641" type="classunload" timems="0.009" contextid="1637" timestamp="2019-08-09T08:30:26.811">
  <classunload-info classloadercandidates="54" classloadersunloaded="0" classesunloaded="0" anonymousclassesunloaded="0" quiescems="0.000" setupms="0.009" scanms="0.000" postms="0.000" />
</gc-op>
<gc-end id="1642" type="partial gc" contextid="1637" durationms="10.334" usertimems="33.100" systemtimems="0.000" timestamp="2019-08-09T08:30:26.811" activeThreads="16">
  <mem-info id="1643" free="77594624" total="130023424" percent="59">
    <mem type="eden" free="2097032" total="2097152" percent="99" />
    <remembered-set count="16384" freebytes="5132544" totalbytes="5198080" percent="98" regionsoverflowed="0" regionsstable="9" regionsrebuilding="0"/>
  </mem-info>
</gc-end>
<cycle-end id="1644" type="partial gc" contextid="1637" timestamp="2019-08-09T08:30:26.811" />
  <attribute name="elasticGC enabled" value="1" />
  <attribute name= "numThreadsSpecified" value="16" />
  <attribute name="heapSize specified" value="0" />
  <attribute name="Current GC Util" value="182" />
  <attribute name= "Current Time Running" value="83000" />
  <attribute name ="GC Interval" value="0" />
  <attribute name="Target GC Util Change" value ="80.000000" />
  <attribute name="Current GC Util Change" value="182.000000"/>
  <attribute name="Current Error" value="7.000000" />
  <attribute name="Output H" value="130061272"/>
  <attribute name="Output I" value="2008"/>
  <attribute name="Output T" value="16"/>
  <attribute name= "Current Time Running" value="83000" />
  <attribute name="GC Util currently" value="182" />
  <attribute name="CPU Util currently" value="927835161917" />
<exclusive-end id="1645" timestamp="2019-08-09T08:30:26.811" durationms="10.985" />

<exclusive-start id="1646" timestamp="2019-08-09T08:30:26.895" intervalms="94.935">
  <response-info timems="0.014" idlems="0.014" threads="0" lastid="0000000001033F00" lastname="main" />
</exclusive-start>
<allocation-taxation id="1647" taxation-threshold="39845888" timestamp="2019-08-09T08:30:26.895" intervalms="94.931" />
<cycle-start id="1648" type="partial gc" contextid="0" timestamp="2019-08-09T08:30:26.895" intervalms="94.889" />
<gc-start id="1649" type="partial gc" contextid="1648" timestamp="2019-08-09T08:30:26.895">
  <mem-info id="1650" free="37748736" total="130023424" percent="29">
    <mem type="eden" free="2097032" total="41943040" percent="4" />
    <remembered-set count="16064" freebytes="5133824" totalbytes="5198080" percent="98" regionsoverflowed="0" regionsstable="9" regionsrebuilding="0"/>
  </mem-info>
</gc-start>
<allocation-stats totalBytes="39826384" >
  <allocated-bytes non-tlh="0" tlh="39826384" arrayletleaf="0"/>
  <largest-consumer threadName="main" threadId="0000000001033F00" bytes="39826384" />
</allocation-stats>
<gc-op id="1651" type="copy forward" timems="13.839" contextid="1648" timestamp="2019-08-09T08:30:26.910">
  <memory-copied type="eden" objects="26" bytes="1344" bytesdiscarded="584" />
  <memory-copied type="other" objects="37" bytes="968" bytesdiscarded="1048" />
  <memory-cardclean objects="97" bytes="12072" />
  <regions eden="19" other="2" />
  <remembered-set-cleared processed="10700" cleared="30" durationms="0.204" />
  <references type="weak" candidates="4" cleared="0" enqueued="0" />
  <stringconstants candidates="13791" cleared="0"  />
</gc-op>
<gc-op id="1652" type="classunload" timems="0.010" contextid="1648" timestamp="2019-08-09T08:30:26.910">
  <classunload-info classloadercandidates="54" classloadersunloaded="0" classesunloaded="0" anonymousclassesunloaded="0" quiescems="0.000" setupms="0.009" scanms="0.000" postms="0.000" />
</gc-op>
<gc-end id="1653" type="partial gc" contextid="1648" durationms="15.216" usertimems="27.900" systemtimems="0.000" timestamp="2019-08-09T08:30:26.910" activeThreads="16">
  <mem-info id="1654" free="77594624" total="130023424" percent="59">
    <mem type="eden" free="2095224" total="2097152" percent="99" />
    <remembered-set count="14048" freebytes="5141888" totalbytes="5198080" percent="98" regionsoverflowed="0" regionsstable="9" regionsrebuilding="0"/>
  </mem-info>
</gc-end>
<cycle-end id="1655" type="partial gc" contextid="1648" timestamp="2019-08-09T08:30:26.910" />
  <attribute name="elasticGC enabled" value="1" />
  <attribute name= "numThreadsSpecified" value="16" />
  <attribute name="heapSize specified" value="0" />
  <attribute name="Current GC Util" value="104" />
  <attribute name= "Current Time Running" value="83094" />
  <attribute name ="GC Interval" value="0" />
  <attribute name="Target GC Util Change" value ="80.000000" />
  <attribute name="Current GC Util Change" value="104.000000"/>
  <attribute name="Current Error" value="30.000000" />
  <attribute name="Output H" value="130061288"/>
  <attribute name="Output I" value="2024"/>
  <attribute name="Output T" value="16"/>
  <attribute name= "Current Time Running" value="83094" />
  <attribute name="GC Util currently" value="104" />
  <attribute name="CPU Util currently" value="1181350681296" />
<exclusive-end id="1656" timestamp="2019-08-09T08:30:26.911" durationms="15.677" />

<exclusive-start id="1657" timestamp="2019-08-09T08:30:26.939" intervalms="43.774">
  <response-info timems="0.020" idlems="0.020" threads="0" lastid="0000000001033F00" lastname="main" />
</exclusive-start>
<allocation-taxation id="1658" taxation-threshold="39845888" timestamp="2019-08-09T08:30:26.939" intervalms="43.804" />
<cycle-start id="1659" type="partial gc" contextid="0" timestamp="2019-08-09T08:30:26.939" intervalms="43.863" />
<gc-start id="1660" type="partial gc" contextid="1659" timestamp="2019-08-09T08:30:26.939">
  <mem-info id="1661" free="37748736" total="130023424" percent="29">
    <mem type="eden" free="0" total="39845888" percent="0" />
    <remembered-set count="14048" freebytes="5141888" totalbytes="5198080" percent="98" regionsoverflowed="0" regionsstable="9" regionsrebuilding="0"/>
  </mem-info>
</gc-start>
<allocation-stats totalBytes="39790600" >
  <allocated-bytes non-tlh="0" tlh="39790600" arrayletleaf="0"/>
  <largest-consumer threadName="main" threadId="0000000001033F00" bytes="39790600" />
</allocation-stats>
<gc-op id="1662" type="copy forward" timems="11.405" contextid="1659" timestamp="2019-08-09T08:30:26.952">
  <memory-copied type="eden" objects="4" bytes="112" bytesdiscarded="680" />
  <memory-copied type="other" objects="67" bytes="2280" bytesdiscarded="1976" />
  <memory-cardclean objects="76" bytes="11544" />
  <regions eden="19" other="2" />
  <remembered-set-cleared processed="10702" cleared="26" durationms="0.155" />
  <references type="weak" candidates="2" cleared="0" enqueued="0" />
  <stringconstants candidates="13791" cleared="0"  />
</gc-op>
<gc-op id="1663" type="classunload" timems="0.008" contextid="1659" timestamp="2019-08-09T08:30:26.952">
  <classunload-info classloadercandidates="54" classloadersunloaded="0" classesunloaded="0" anonymousclassesunloaded="0" quiescems="0.000" setupms="0.008" scanms="0.000" postms="0.000" />
</gc-op>
<heap-resize id="1664" type="expand" space="default" amount="6291456" count="1" timems="0.072" reason="excessive time being spent in gc" timestamp="2019-08-09T08:30:26.952" />
<gc-end id="1665" type="partial gc" contextid="1659" durationms="12.744" usertimems="27.229" systemtimems="0.000" timestamp="2019-08-09T08:30:26.952" activeThreads="16">
  <mem-info id="1666" free="81788928" total="136314880" percent="60">
    <mem type="eden" free="2096360" total="2097152" percent="99" />
    <remembered-set count="13664" freebytes="5394944" totalbytes="5449600" percent="98" regionsoverflowed="0" regionsstable="9" regionsrebuilding="0"/>
  </mem-info>
</gc-end>
<cycle-end id="1667" type="partial gc" contextid="1659" timestamp="2019-08-09T08:30:26.952" />
  <attribute name="elasticGC enabled" value="1" />
  <attribute name= "numThreadsSpecified" value="16" />
  <attribute name="heapSize specified" value="0" />
  <attribute name="Current GC Util" value="188" />
  <attribute name= "Current Time Running" value="83138" />
  <attribute name ="GC Interval" value="0" />
  <attribute name="Target GC Util Change" value ="80.000000" />
  <attribute name="Current GC Util Change" value="188.000000"/>
  <attribute name="Current Error" value="-90.000000" />
  <attribute name="Output H" value="130061216"/>
  <attribute name="Output I" value="1952"/>
  <attribute name="Output T" value="16"/>
  <attribute name= "Current Time Running" value="83138" />
  <attribute name="GC Util currently" value="188" />
  <attribute name="CPU Util currently" value="1462897822425" />
<exclusive-end id="1668" timestamp="2019-08-09T08:30:26.952" durationms="13.368" />

<exclusive-start id="1669" timestamp="2019-08-09T08:30:26.980" intervalms="41.265">
  <response-info timems="0.039" idlems="0.039" threads="0" lastid="0000000001033F00" lastname="main" />
</exclusive-start>
<allocation-taxation id="1670" taxation-threshold="41943040" timestamp="2019-08-09T08:30:26.980" intervalms="41.233" />
<cycle-start id="1671" type="partial gc" contextid="0" timestamp="2019-08-09T08:30:26.980" intervalms="41.216" />
<gc-start id="1672" type="partial gc" contextid="1671" timestamp="2019-08-09T08:30:26.980">
  <mem-info id="1673" free="39845888" total="136314880" percent="29">
    <mem type="eden" free="2096360" total="44040192" percent="4" />
    <remembered-set count="13664" freebytes="5394944" totalbytes="5449600" percent="98" regionsoverflowed="0" regionsstable="9" regionsrebuilding="0"/>
  </mem-info>
</gc-start>
<allocation-stats totalBytes="41884512" >
  <allocated-bytes non-tlh="0" tlh="41884512" arrayletleaf="0"/>
  <largest-consumer threadName="main" threadId="0000000001033F00" bytes="41884512" />
</allocation-stats>
<gc-op id="1674" type="copy forward" timems="12.175" contextid="1671" timestamp="2019-08-09T08:30:26.993">
  <memory-copied type="eden" objects="4" bytes="112" bytesdiscarded="0" />
  <memory-copied type="other" objects="0" bytes="0" bytesdiscarded="0" />
  <memory-cardclean objects="8" bytes="328" />
  <regions eden="20" other="1" />
  <remembered-set-cleared processed="10709" cleared="2" durationms="0.359" />
  <stringconstants candidates="13791" cleared="0"  />
</gc-op>
<gc-op id="1675" type="classunload" timems="0.011" contextid="1671" timestamp="2019-08-09T08:30:26.993">
  <classunload-info classloadercandidates="54" classloadersunloaded="0" classesunloaded="0" anonymousclassesunloaded="0" quiescems="0.000" setupms="0.011" scanms="0.000" postms="0.000" />
</gc-op>
<gc-end id="1676" type="partial gc" contextid="1671" durationms="13.386" usertimems="41.585" systemtimems="0.000" timestamp="2019-08-09T08:30:26.994" activeThreads="16">
  <mem-info id="1677" free="81788928" total="136314880" percent="60">
    <mem type="eden" free="2097040" total="2097152" percent="99" />
    <remembered-set count="12576" freebytes="5399296" totalbytes="5449600" percent="99" regionsoverflowed="0" regionsstable="9" regionsrebuilding="0"/>
  </mem-info>
</gc-end>
<cycle-end id="1678" type="partial gc" contextid="1671" timestamp="2019-08-09T08:30:26.994" />
  <attribute name="elasticGC enabled" value="1" />
  <attribute name= "numThreadsSpecified" value="16" />
  <attribute name="heapSize specified" value="0" />
  <attribute name="Current GC Util" value="184" />
  <attribute name= "Current Time Running" value="83179" />
  <attribute name ="GC Interval" value="0" />
  <attribute name="Target GC Util Change" value ="80.000000" />
  <attribute name="Current GC Util Change" value="184.000000"/>
  <attribute name="Current Error" value="-178.000000" />
  <attribute name="Output H" value="136352624"/>
  <attribute name="Output I" value="1904"/>
  <attribute name="Output T" value="16"/>
  <attribute name= "Current Time Running" value="83179" />
  <attribute name="GC Util currently" value="184" />
  <attribute name="CPU Util currently" value="1517549059533" />
<exclusive-end id="1679" timestamp="2019-08-09T08:30:26.994" durationms="13.907" />

<exclusive-start id="1680" timestamp="2019-08-09T08:30:27.020" intervalms="39.759">
  <response-info timems="0.042" idlems="0.042" threads="0" lastid="0000000001033F00" lastname="main" />
</exclusive-start>
<allocation-taxation id="1681" taxation-threshold="41943040" timestamp="2019-08-09T08:30:27.020" intervalms="39.763" />
<cycle-start id="1682" type="partial gc" contextid="0" timestamp="2019-08-09T08:30:27.020" intervalms="39.738" />
<gc-start id="1683" type="partial gc" contextid="1682" timestamp="2019-08-09T08:30:27.020">
  <mem-info id="1684" free="39845888" total="136314880" percent="29">
    <mem type="eden" free="2097040" total="44040192" percent="4" />
    <remembered-set count="12096" freebytes="5401216" totalbytes="5449600" percent="99" regionsoverflowed="0" regionsstable="9" regionsrebuilding="0"/>
  </mem-info>
</gc-start>
<allocation-stats totalBytes="41885184" >
  <allocated-bytes non-tlh="0" tlh="41885184" arrayletleaf="0"/>
  <largest-consumer threadName="main" threadId="0000000001033F00" bytes="41885184" />
</allocation-stats>
<gc-op id="1685" type="copy forward" timems="10.569" contextid="1682" timestamp="2019-08-09T08:30:27.032">
  <memory-copied type="eden" objects="4" bytes="112" bytesdiscarded="0" />
  <memory-copied type="other" objects="0" bytes="0" bytesdiscarded="0" />
  <memory-cardclean objects="8" bytes="328" />
  <regions eden="20" other="1" />
  <remembered-set-cleared processed="10709" cleared="2" durationms="0.399" />
  <stringconstants candidates="13791" cleared="0"  />
</gc-op>
<gc-op id="1686" type="classunload" timems="0.011" contextid="1682" timestamp="2019-08-09T08:30:27.032">
  <classunload-info classloadercandidates="54" classloadersunloaded="0" classesunloaded="0" anonymousclassesunloaded="0" quiescems="0.000" setupms="0.011" scanms="0.000" postms="0.000" />
</gc-op>
<gc-end id="1687" type="partial gc" contextid="1682" durationms="12.058" usertimems="36.403" systemtimems="0.000" timestamp="2019-08-09T08:30:27.032" activeThreads="16">
  <mem-info id="1688" free="81788928" total="136314880" percent="60">
    <mem type="eden" free="2097040" total="2097152" percent="99" />
    <remembered-set count="12576" freebytes="5399296" totalbytes="5449600" percent="99" regionsoverflowed="0" regionsstable="9" regionsrebuilding="0"/>
  </mem-info>
</gc-end>
<cycle-end id="1689" type="partial gc" contextid="1682" timestamp="2019-08-09T08:30:27.032" />
  <attribute name="elasticGC enabled" value="1" />
  <attribute name= "numThreadsSpecified" value="16" />
  <attribute name="heapSize specified" value="0" />
  <attribute name="Current GC Util" value="220" />
  <attribute name= "Current Time Running" value="83219" />
  <attribute name ="GC Interval" value="0" />
  <attribute name="Target GC Util Change" value ="80.000000" />
  <attribute name="Current GC Util Change" value="220.000000"/>
  <attribute name="Current Error" value="-311.000000" />
  <attribute name="Output H" value="136352544"/>
  <attribute name="Output I" value="1824"/>
  <attribute name="Output T" value="16"/>
  <attribute name= "Current Time Running" value="83219" />
  <attribute name="GC Util currently" value="220" />
  <attribute name="CPU Util currently" value="1248994103014" />
<exclusive-end id="1690" timestamp="2019-08-09T08:30:27.032" durationms="12.658" />

<exclusive-start id="1691" timestamp="2019-08-09T08:30:27.059" intervalms="39.538">
  <response-info timems="0.042" idlems="0.042" threads="0" lastid="0000000001033F00" lastname="main" />
</exclusive-start>
<allocation-taxation id="1692" taxation-threshold="41943040" timestamp="2019-08-09T08:30:27.059" intervalms="39.535" />
<cycle-start id="1693" type="partial gc" contextid="0" timestamp="2019-08-09T08:30:27.059" intervalms="39.537" />
<gc-start id="1694" type="partial gc" contextid="1693" timestamp="2019-08-09T08:30:27.060">
  <mem-info id="1695" free="39845888" total="136314880" percent="29">
    <mem type="eden" free="2097040" total="44040192" percent="4" />
    <remembered-set count="12576" freebytes="5399296" totalbytes="5449600" percent="99" regionsoverflowed="0" regionsstable="9" regionsrebuilding="0"/>
  </mem-info>
</gc-start>
<allocation-stats totalBytes="41885184" >
  <allocated-bytes non-tlh="0" tlh="41885184" arrayletleaf="0"/>
  <largest-consumer threadName="main" threadId="0000000001033F00" bytes="41885184" />
</allocation-stats>
<gc-op id="1696" type="copy forward" timems="7.937" contextid="1693" timestamp="2019-08-09T08:30:27.068">
  <memory-copied type="eden" objects="4" bytes="112" bytesdiscarded="0" />
  <memory-copied type="other" objects="0" bytes="0" bytesdiscarded="0" />
  <memory-cardclean objects="8" bytes="328" />
  <regions eden="20" other="1" />
  <remembered-set-cleared processed="10709" cleared="2" durationms="0.186" />
  <stringconstants candidates="13791" cleared="0"  />
</gc-op>
<gc-op id="1697" type="classunload" timems="0.008" contextid="1693" timestamp="2019-08-09T08:30:27.068">
  <classunload-info classloadercandidates="54" classloadersunloaded="0" classesunloaded="0" anonymousclassesunloaded="0" quiescems="0.000" setupms="0.008" scanms="0.000" postms="0.000" />
</gc-op>
<gc-end id="1698" type="partial gc" contextid="1693" durationms="8.958" usertimems="27.611" systemtimems="0.000" timestamp="2019-08-09T08:30:27.069" activeThreads="16">
  <mem-info id="1699" free="81788928" total="136314880" percent="60">
    <mem type="eden" free="2097040" total="2097152" percent="99" />
    <remembered-set count="12576" freebytes="5399296" totalbytes="5449600" percent="99" regionsoverflowed="0" regionsstable="9" regionsrebuilding="0"/>
  </mem-info>
</gc-end>
<cycle-end id="1700" type="partial gc" contextid="1693" timestamp="2019-08-09T08:30:27.069" />
  <attribute name="elasticGC enabled" value="1" />
  <attribute name= "numThreadsSpecified" value="16" />
  <attribute name="heapSize specified" value="0" />
  <attribute name="Current GC Util" value="164" />
  <attribute name= "Current Time Running" value="83258" />
  <attribute name ="GC Interval" value="0" />
  <attribute name="Target GC Util Change" value ="80.000000" />
  <attribute name="Current GC Util Change" value="164.000000"/>
  <attribute name="Current Error" value="-62.000000" />
  <attribute name="Output H" value="136352688"/>
  <attribute name="Output I" value="1968"/>
  <attribute name="Output T" value="16"/>
  <attribute name= "Current Time Running" value="83258" />
  <attribute name="GC Util currently" value="164" />
  <attribute name="CPU Util currently" value="1961845173032" />
<exclusive-end id="1701" timestamp="2019-08-09T08:30:27.069" durationms="9.536" />

* Round 1 done in 14.287 seconds.
<exclusive-start id="1702" timestamp="2019-08-09T08:30:27.112" intervalms="52.937">
  <response-info timems="0.071" idlems="0.071" threads="0" lastid="0000000001033F00" lastname="main" />
</exclusive-start>
<allocation-taxation id="1703" taxation-threshold="41943040" timestamp="2019-08-09T08:30:27.112" intervalms="52.948" />
<cycle-start id="1704" type="partial gc" contextid="0" timestamp="2019-08-09T08:30:27.112" intervalms="52.968" />
<gc-start id="1705" type="partial gc" contextid="1704" timestamp="2019-08-09T08:30:27.113">
  <mem-info id="1706" free="39845888" total="136314880" percent="29">
    <mem type="eden" free="2097040" total="44040192" percent="4" />
    <remembered-set count="12096" freebytes="5401216" totalbytes="5449600" percent="99" regionsoverflowed="0" regionsstable="9" regionsrebuilding="0"/>
  </mem-info>
</gc-start>
<allocation-stats totalBytes="41929120" >
  <allocated-bytes non-tlh="2800" tlh="41926320" arrayletleaf="0"/>
  <largest-consumer threadName="main" threadId="0000000001033F00" bytes="41929120" />
</allocation-stats>
<gc-op id="1707" type="copy forward" timems="7.239" contextid="1704" timestamp="2019-08-09T08:30:27.121">
  <memory-copied type="eden" objects="240" bytes="8680" bytesdiscarded="2376" />
  <memory-copied type="other" objects="0" bytes="0" bytesdiscarded="0" />
  <memory-cardclean objects="358" bytes="16024" />
  <regions eden="20" other="1" />
  <remembered-set-cleared processed="10709" cleared="30" durationms="0.241" />
  <references type="soft" candidates="4" cleared="0" enqueued="0" dynamicThreshold="19" maxThreshold="32" />
  <references type="weak" candidates="14" cleared="0" enqueued="0" />
  <stringconstants candidates="13816" cleared="0"  />
</gc-op>
<gc-op id="1708" type="classunload" timems="0.009" contextid="1704" timestamp="2019-08-09T08:30:27.121">
  <classunload-info classloadercandidates="54" classloadersunloaded="0" classesunloaded="0" anonymousclassesunloaded="0" quiescems="0.000" setupms="0.008" scanms="0.000" postms="0.000" />
</gc-op>
<gc-end id="1709" type="partial gc" contextid="1704" durationms="8.330" usertimems="20.928" systemtimems="0.000" timestamp="2019-08-09T08:30:27.121" activeThreads="16">
  <mem-info id="1710" free="81788928" total="136314880" percent="60">
    <mem type="eden" free="2086080" total="2097152" percent="99" />
    <remembered-set count="15072" freebytes="5389312" totalbytes="5449600" percent="98" regionsoverflowed="0" regionsstable="9" regionsrebuilding="0"/>
  </mem-info>
</gc-end>
<cycle-end id="1711" type="partial gc" contextid="1704" timestamp="2019-08-09T08:30:27.121" />
  <attribute name="elasticGC enabled" value="1" />
  <attribute name= "numThreadsSpecified" value="16" />
  <attribute name="heapSize specified" value="0" />
  <attribute name="Current GC Util" value="0" />
  <attribute name= "Current Time Running" value="83311" />
  <attribute name ="GC Interval" value="0" />
  <attribute name="Target GC Util Change" value ="80.000000" />
  <attribute name="Current GC Util Change" value="0.000000"/>
  <attribute name="Current Error" value="64.000000" />
  <attribute name="Output H" value="136352760"/>
  <attribute name="Output I" value="2040"/>
  <attribute name="Output T" value="16"/>
  <attribute name= "Current Time Running" value="83311" />
  <attribute name="GC Util currently" value="0" />
  <attribute name="CPU Util currently" value="2434773973705" />
<exclusive-end id="1712" timestamp="2019-08-09T08:30:27.121" durationms="8.966" />

<exclusive-start id="1713" timestamp="2019-08-09T08:30:27.340" intervalms="228.304">
  <response-info timems="0.021" idlems="0.021" threads="0" lastid="0000000001033F00" lastname="main" />
</exclusive-start>
<allocation-taxation id="1714" taxation-threshold="41943040" timestamp="2019-08-09T08:30:27.340" intervalms="228.307" />
<cycle-start id="1715" type="partial gc" contextid="0" timestamp="2019-08-09T08:30:27.341" intervalms="228.321" />
<gc-start id="1716" type="partial gc" contextid="1715" timestamp="2019-08-09T08:30:27.341">
  <mem-info id="1717" free="39845888" total="136314880" percent="29">
    <mem type="eden" free="0" total="41943040" percent="0" />
    <remembered-set count="14592" freebytes="5391232" totalbytes="5449600" percent="98" regionsoverflowed="0" regionsstable="9" regionsrebuilding="0"/>
  </mem-info>
</gc-start>
<allocation-stats totalBytes="41875504" >
  <allocated-bytes non-tlh="0" tlh="41875504" arrayletleaf="0"/>
  <largest-consumer threadName="main" threadId="0000000001033F00" bytes="41875504" />
</allocation-stats>
<gc-op id="1718" type="copy forward" timems="7.261" contextid="1715" timestamp="2019-08-09T08:30:27.349">
  <memory-copied type="eden" objects="68" bytes="2840" bytesdiscarded="784" />
  <memory-copied type="other" objects="223" bytes="8088" bytesdiscarded="1608" />
  <memory-cardclean objects="236" bytes="12000" />
  <regions eden="20" other="1" />
  <remembered-set-cleared processed="10720" cleared="39" durationms="0.181" />
  <references type="soft" candidates="4" cleared="0" enqueued="0" dynamicThreshold="19" maxThreshold="32" />
  <references type="weak" candidates="14" cleared="0" enqueued="0" />
  <stringconstants candidates="13816" cleared="0"  />
</gc-op>
<gc-op id="1719" type="classunload" timems="0.010" contextid="1715" timestamp="2019-08-09T08:30:27.349">
  <classunload-info classloadercandidates="54" classloadersunloaded="0" classesunloaded="0" anonymousclassesunloaded="0" quiescems="0.000" setupms="0.009" scanms="0.000" postms="0.000" />
</gc-op>
<gc-end id="1720" type="partial gc" contextid="1715" durationms="8.491" usertimems="18.520" systemtimems="0.000" timestamp="2019-08-09T08:30:27.349" activeThreads="16">
  <mem-info id="1721" free="79691776" total="136314880" percent="58">
    <mem type="eden" free="2093528" total="2097152" percent="99" />
    <remembered-set count="14080" freebytes="5393280" totalbytes="5449600" percent="98" regionsoverflowed="0" regionsstable="9" regionsrebuilding="0"/>
  </mem-info>
</gc-end>
<cycle-end id="1722" type="partial gc" contextid="1715" timestamp="2019-08-09T08:30:27.349" />
  <attribute name="elasticGC enabled" value="1" />
  <attribute name= "numThreadsSpecified" value="16" />
  <attribute name="heapSize specified" value="0" />
  <attribute name="Current GC Util" value="223" />
  <attribute name= "Current Time Running" value="83540" />
  <attribute name ="GC Interval" value="0" />
  <attribute name="Target GC Util Change" value ="80.000000" />
  <attribute name="Current GC Util Change" value="223.000000"/>
  <attribute name="Current Error" value="-7.000000" />
  <attribute name="Output H" value="136352720"/>
  <attribute name="Output I" value="2000"/>
  <attribute name="Output T" value="16"/>
  <attribute name= "Current Time Running" value="83540" />
  <attribute name="GC Util currently" value="223" />
  <attribute name="CPU Util currently" value="1496193046995" />
<exclusive-end id="1723" timestamp="2019-08-09T08:30:27.350" durationms="9.128" />

<exclusive-start id="1724" timestamp="2019-08-09T08:30:27.363" intervalms="22.672">
  <response-info timems="0.017" idlems="0.017" threads="0" lastid="0000000001033F00" lastname="main" />
</exclusive-start>
<allocation-taxation id="1725" taxation-threshold="41943040" timestamp="2019-08-09T08:30:27.363" intervalms="22.662" />
<cycle-start id="1726" type="partial gc" contextid="0" timestamp="2019-08-09T08:30:27.363" intervalms="22.644" />
<gc-start id="1727" type="partial gc" contextid="1726" timestamp="2019-08-09T08:30:27.363">
  <mem-info id="1728" free="37748736" total="136314880" percent="27">
    <mem type="eden" free="0" total="41943040" percent="0" />
    <remembered-set count="13632" freebytes="5395072" totalbytes="5449600" percent="98" regionsoverflowed="0" regionsstable="9" regionsrebuilding="0"/>
  </mem-info>
</gc-start>
<allocation-stats totalBytes="41787256" >
  <allocated-bytes non-tlh="0" tlh="41787256" arrayletleaf="0"/>
  <largest-consumer threadName="main" threadId="0000000001033F00" bytes="41787256" />
</allocation-stats>
<gc-op id="1729" type="copy forward" timems="6.560" contextid="1726" timestamp="2019-08-09T08:30:27.371">
  <memory-copied type="eden" objects="2" bytes="56" bytesdiscarded="736" />
  <memory-copied type="other" objects="67" bytes="2808" bytesdiscarded="712" />
  <memory-cardclean objects="67" bytes="2536" />
  <regions eden="20" other="1" />
  <remembered-set-cleared processed="10748" cleared="10" durationms="0.251" />
  <stringconstants candidates="13816" cleared="0"  />
</gc-op>
<gc-op id="1730" type="classunload" timems="0.007" contextid="1726" timestamp="2019-08-09T08:30:27.371">
  <classunload-info classloadercandidates="54" classloadersunloaded="0" classesunloaded="0" anonymousclassesunloaded="0" quiescems="0.000" setupms="0.006" scanms="0.000" postms="0.000" />
</gc-op>
<gc-end id="1731" type="partial gc" contextid="1726" durationms="8.131" usertimems="19.012" systemtimems="0.000" timestamp="2019-08-09T08:30:27.372" activeThreads="16">
  <mem-info id="1732" free="77594624" total="136314880" percent="56">
    <mem type="eden" free="2096360" total="2097152" percent="99" />
    <remembered-set count="13728" freebytes="5394688" totalbytes="5449600" percent="98" regionsoverflowed="0" regionsstable="9" regionsrebuilding="0"/>
  </mem-info>
</gc-end>
<cycle-end id="1733" type="partial gc" contextid="1726" timestamp="2019-08-09T08:30:27.372" />
  <attribute name="elasticGC enabled" value="1" />
  <attribute name= "numThreadsSpecified" value="16" />
  <attribute name="heapSize specified" value="0" />
  <attribute name="Current GC Util" value="217" />
  <attribute name= "Current Time Running" value="83563" />
  <attribute name ="GC Interval" value="0" />
  <attribute name="Target GC Util Change" value ="80.000000" />
  <attribute name="Current GC Util Change" value="217.000000"/>
  <attribute name="Current Error" value="-135.000000" />
  <attribute name="Output H" value="136352648"/>
  <attribute name="Output I" value="1928"/>
  <attribute name="Output T" value="16"/>
  <attribute name= "Current Time Running" value="83563" />
  <attribute name="GC Util currently" value="217" />
  <attribute name="CPU Util currently" value="974218608335" />
<exclusive-end id="1734" timestamp="2019-08-09T08:30:27.372" durationms="8.601" />

<exclusive-start id="1735" timestamp="2019-08-09T08:30:27.386" intervalms="23.305">
  <response-info timems="0.019" idlems="0.019" threads="0" lastid="0000000001033F00" lastname="main" />
</exclusive-start>
<allocation-taxation id="1736" taxation-threshold="41943040" timestamp="2019-08-09T08:30:27.386" intervalms="23.321" />
<cycle-start id="1737" type="partial gc" contextid="0" timestamp="2019-08-09T08:30:27.387" intervalms="23.299" />
<gc-start id="1738" type="partial gc" contextid="1737" timestamp="2019-08-09T08:30:27.387">
  <mem-info id="1739" free="35651584" total="136314880" percent="26">
    <mem type="eden" free="2096360" total="44040192" percent="4" />
    <remembered-set count="13248" freebytes="5396608" totalbytes="5449600" percent="99" regionsoverflowed="0" regionsstable="9" regionsrebuilding="0"/>
  </mem-info>
</gc-start>
<allocation-stats totalBytes="41802016" >
  <allocated-bytes non-tlh="0" tlh="41802016" arrayletleaf="0"/>
  <largest-consumer threadName="main" threadId="0000000001033F00" bytes="41802016" />
</allocation-stats>
<gc-op id="1740" type="copy forward" timems="7.273" contextid="1737" timestamp="2019-08-09T08:30:27.395">
  <memory-copied type="eden" objects="2" bytes="56" bytesdiscarded="0" />
  <memory-copied type="other" objects="0" bytes="0" bytesdiscarded="0" />
  <memory-cardclean objects="6" bytes="192" />
  <regions eden="20" other="1" />
  <remembered-set-cleared processed="10756" cleared="1" durationms="0.247" />
  <stringconstants candidates="13816" cleared="0"  />
</gc-op>
<gc-op id="1741" type="classunload" timems="0.008" contextid="1737" timestamp="2019-08-09T08:30:27.395">
  <classunload-info classloadercandidates="54" classloadersunloaded="0" classesunloaded="0" anonymousclassesunloaded="0" quiescems="0.000" setupms="0.008" scanms="0.000" postms="0.000" />
</gc-op>
<gc-end id="1742" type="partial gc" contextid="1737" durationms="8.155" usertimems="17.286" systemtimems="0.000" timestamp="2019-08-09T08:30:27.395" activeThreads="16">
  <mem-info id="1743" free="77594624" total="136314880" percent="56">
    <mem type="eden" free="2097096" total="2097152" percent="99" />
    <remembered-set count="12800" freebytes="5398400" totalbytes="5449600" percent="99" regionsoverflowed="0" regionsstable="9" regionsrebuilding="0"/>
  </mem-info>
</gc-end>
<cycle-end id="1744" type="partial gc" contextid="1737" timestamp="2019-08-09T08:30:27.395" />
  <attribute name="elasticGC enabled" value="1" />
  <attribute name= "numThreadsSpecified" value="16" />
  <attribute name="heapSize specified" value="0" />
  <attribute name="Current GC Util" value="128" />
  <attribute name= "Current Time Running" value="83585" />
  <attribute name ="GC Interval" value="0" />
  <attribute name="Target GC Util Change" value ="80.000000" />
  <attribute name="Current GC Util Change" value="128.000000"/>
  <attribute name="Current Error" value="-177.000000" />
  <attribute name="Output H" value="136352624"/>
  <attribute name="Output I" value="1904"/>
  <attribute name="Output T" value="16"/>
  <attribute name= "Current Time Running" value="83585" />
  <attribute name="GC Util currently" value="128" />
  <attribute name="CPU Util currently" value="2590922111967" />
<exclusive-end id="1745" timestamp="2019-08-09T08:30:27.395" durationms="8.673" />

<exclusive-start id="1746" timestamp="2019-08-09T08:30:27.409" intervalms="22.213">
  <response-info timems="0.024" idlems="0.024" threads="0" lastid="0000000001033F00" lastname="main" />
</exclusive-start>
<allocation-taxation id="1747" taxation-threshold="41943040" timestamp="2019-08-09T08:30:27.409" intervalms="22.229" />
<cycle-start id="1748" type="partial gc" contextid="0" timestamp="2019-08-09T08:30:27.409" intervalms="22.287" />
<gc-start id="1749" type="partial gc" contextid="1748" timestamp="2019-08-09T08:30:27.409">
  <mem-info id="1750" free="35651584" total="136314880" percent="26">
    <mem type="eden" free="2097096" total="44040192" percent="4" />
    <remembered-set count="12800" freebytes="5398400" totalbytes="5449600" percent="99" regionsoverflowed="0" regionsstable="9" regionsrebuilding="0"/>
  </mem-info>
</gc-start>
<allocation-stats totalBytes="41802016" >
  <allocated-bytes non-tlh="0" tlh="41802016" arrayletleaf="0"/>
  <largest-consumer threadName="main" threadId="0000000001033F00" bytes="41802016" />
</allocation-stats>
<gc-op id="1751" type="copy forward" timems="6.950" contextid="1748" timestamp="2019-08-09T08:30:27.417">
  <memory-copied type="eden" objects="2" bytes="56" bytesdiscarded="0" />
  <memory-copied type="other" objects="0" bytes="0" bytesdiscarded="0" />
  <memory-cardclean objects="6" bytes="192" />
  <regions eden="20" other="1" />
  <remembered-set-cleared processed="10756" cleared="1" durationms="0.375" />
  <stringconstants candidates="13816" cleared="0"  />
</gc-op>
<gc-op id="1752" type="classunload" timems="0.007" contextid="1748" timestamp="2019-08-09T08:30:27.417">
  <classunload-info classloadercandidates="54" classloadersunloaded="0" classesunloaded="0" anonymousclassesunloaded="0" quiescems="0.000" setupms="0.007" scanms="0.000" postms="0.000" />
</gc-op>
<heap-resize id="1753" type="expand" space="default" amount="10485760" count="1" timems="0.067" reason="excessive time being spent in gc" timestamp="2019-08-09T08:30:27.417" />
<gc-end id="1754" type="partial gc" contextid="1748" durationms="8.553" usertimems="20.544" systemtimems="0.000" timestamp="2019-08-09T08:30:27.418" activeThreads="16">
  <mem-info id="1755" free="88080384" total="146800640" percent="60">
    <mem type="eden" free="2097096" total="2097152" percent="99" />
    <remembered-set count="12800" freebytes="5817600" totalbytes="5868800" percent="99" regionsoverflowed="0" regionsstable="9" regionsrebuilding="0"/>
  </mem-info>
</gc-end>
<cycle-end id="1756" type="partial gc" contextid="1748" timestamp="2019-08-09T08:30:27.418" />
  <attribute name="elasticGC enabled" value="1" />
  <attribute name= "numThreadsSpecified" value="16" />
  <attribute name="heapSize specified" value="0" />
  <attribute name="Current GC Util" value="229" />
  <attribute name= "Current Time Running" value="83608" />
  <attribute name ="GC Interval" value="0" />
  <attribute name="Target GC Util Change" value ="80.000000" />
  <attribute name="Current GC Util Change" value="229.000000"/>
  <attribute name="Current Error" value="-322.000000" />
  <attribute name="Output H" value="136352536"/>
  <attribute name="Output I" value="1816"/>
  <attribute name="Output T" value="16"/>
  <attribute name= "Current Time Running" value="83608" />
  <attribute name="GC Util currently" value="229" />
  <attribute name="CPU Util currently" value="1276743932700" />
<exclusive-end id="1757" timestamp="2019-08-09T08:30:27.418" durationms="9.214" />

<exclusive-start id="1758" timestamp="2019-08-09T08:30:27.432" intervalms="23.518">
  <response-info timems="0.018" idlems="0.018" threads="0" lastid="0000000001033F00" lastname="main" />
</exclusive-start>
<allocation-taxation id="1759" taxation-threshold="44040192" timestamp="2019-08-09T08:30:27.432" intervalms="23.484" />
<cycle-start id="1760" type="partial gc" contextid="0" timestamp="2019-08-09T08:30:27.432" intervalms="23.444" />
<gc-start id="1761" type="partial gc" contextid="1760" timestamp="2019-08-09T08:30:27.432">
  <mem-info id="1762" free="44040192" total="146800640" percent="30">
    <mem type="eden" free="2097096" total="46137344" percent="4" />
    <remembered-set count="12800" freebytes="5817600" totalbytes="5868800" percent="99" regionsoverflowed="0" regionsstable="9" regionsrebuilding="0"/>
  </mem-info>
</gc-start>
<allocation-stats totalBytes="43892328" >
  <allocated-bytes non-tlh="0" tlh="43892328" arrayletleaf="0"/>
  <largest-consumer threadName="main" threadId="0000000001033F00" bytes="43892328" />
</allocation-stats>
<gc-op id="1763" type="copy forward" timems="9.654" contextid="1760" timestamp="2019-08-09T08:30:27.443">
  <memory-copied type="eden" objects="2" bytes="56" bytesdiscarded="0" />
  <memory-copied type="other" objects="0" bytes="0" bytesdiscarded="0" />
  <memory-cardclean objects="6" bytes="192" />
  <regions eden="21" other="1" />
  <remembered-set-cleared processed="10756" cleared="1" durationms="0.155" />
  <stringconstants candidates="13816" cleared="0"  />
</gc-op>
<gc-op id="1764" type="classunload" timems="0.012" contextid="1760" timestamp="2019-08-09T08:30:27.443">
  <classunload-info classloadercandidates="54" classloadersunloaded="0" classesunloaded="0" anonymousclassesunloaded="0" quiescems="0.000" setupms="0.011" scanms="0.000" postms="0.000" />
</gc-op>
<gc-end id="1765" type="partial gc" contextid="1760" durationms="10.851" usertimems="26.362" systemtimems="0.000" timestamp="2019-08-09T08:30:27.443" activeThreads="16">
  <mem-info id="1766" free="88080384" total="146800640" percent="60">
    <mem type="eden" free="2097096" total="2097152" percent="99" />
    <remembered-set count="12800" freebytes="5817600" totalbytes="5868800" percent="99" regionsoverflowed="0" regionsstable="9" regionsrebuilding="0"/>
  </mem-info>
</gc-end>
<cycle-end id="1767" type="partial gc" contextid="1760" timestamp="2019-08-09T08:30:27.443" />
  <attribute name="elasticGC enabled" value="1" />
  <attribute name= "numThreadsSpecified" value="16" />
  <attribute name="heapSize specified" value="0" />
  <attribute name="Current GC Util" value="177" />
  <attribute name= "Current Time Running" value="83631" />
  <attribute name ="GC Interval" value="0" />
  <attribute name="Target GC Util Change" value ="80.000000" />
  <attribute name="Current GC Util Change" value="177.000000"/>
  <attribute name="Current Error" value="-99.000000" />
  <attribute name="Output H" value="146838424"/>
  <attribute name="Output I" value="1944"/>
  <attribute name="Output T" value="16"/>
  <attribute name= "Current Time Running" value="83631" />
  <attribute name="GC Util currently" value="177" />
  <attribute name="CPU Util currently" value="1505315936481" />
<exclusive-end id="1768" timestamp="2019-08-09T08:30:27.444" durationms="11.385" />

<exclusive-start id="1769" timestamp="2019-08-09T08:30:27.462" intervalms="29.552">
  <response-info timems="0.022" idlems="0.022" threads="0" lastid="0000000001033F00" lastname="main" />
</exclusive-start>
<allocation-taxation id="1770" taxation-threshold="44040192" timestamp="2019-08-09T08:30:27.462" intervalms="29.553" />
<cycle-start id="1771" type="partial gc" contextid="0" timestamp="2019-08-09T08:30:27.462" intervalms="29.554" />
<gc-start id="1772" type="partial gc" contextid="1771" timestamp="2019-08-09T08:30:27.462">
  <mem-info id="1773" free="44040192" total="146800640" percent="30">
    <mem type="eden" free="2097096" total="46137344" percent="4" />
    <remembered-set count="12800" freebytes="5817600" totalbytes="5868800" percent="99" regionsoverflowed="0" regionsstable="9" regionsrebuilding="0"/>
  </mem-info>
</gc-start>
<allocation-stats totalBytes="43892304" >
  <allocated-bytes non-tlh="0" tlh="43892304" arrayletleaf="0"/>
  <largest-consumer threadName="main" threadId="0000000001033F00" bytes="43892304" />
</allocation-stats>
<gc-op id="1774" type="copy forward" timems="7.857" contextid="1771" timestamp="2019-08-09T08:30:27.471">
  <memory-copied type="eden" objects="2" bytes="56" bytesdiscarded="0" />
  <memory-copied type="other" objects="0" bytes="0" bytesdiscarded="0" />
  <memory-cardclean objects="6" bytes="192" />
  <regions eden="21" other="1" />
  <remembered-set-cleared processed="10756" cleared="1" durationms="0.570" />
  <stringconstants candidates="13816" cleared="0"  />
</gc-op>
<gc-op id="1775" type="classunload" timems="0.007" contextid="1771" timestamp="2019-08-09T08:30:27.471">
  <classunload-info classloadercandidates="54" classloadersunloaded="0" classesunloaded="0" anonymousclassesunloaded="0" quiescems="0.000" setupms="0.007" scanms="0.000" postms="0.000" />
</gc-op>
<gc-end id="1776" type="partial gc" contextid="1771" durationms="9.484" usertimems="20.980" systemtimems="0.000" timestamp="2019-08-09T08:30:27.472" activeThreads="16">
  <mem-info id="1777" free="88080384" total="146800640" percent="60">
    <mem type="eden" free="2097096" total="2097152" percent="99" />
    <remembered-set count="12800" freebytes="5817600" totalbytes="5868800" percent="99" regionsoverflowed="0" regionsstable="9" regionsrebuilding="0"/>
  </mem-info>
</gc-end>
<cycle-end id="1778" type="partial gc" contextid="1771" timestamp="2019-08-09T08:30:27.472" />
  <attribute name="elasticGC enabled" value="1" />
  <attribute name= "numThreadsSpecified" value="16" />
  <attribute name="heapSize specified" value="0" />
  <attribute name="Current GC Util" value="234" />
  <attribute name= "Current Time Running" value="83661" />
  <attribute name ="GC Interval" value="0" />
  <attribute name="Target GC Util Change" value ="80.000000" />
  <attribute name="Current GC Util Change" value="234.000000"/>
  <attribute name="Current Error" value="-259.000000" />
  <attribute name="Output H" value="146838336"/>
  <attribute name="Output I" value="1856"/>
  <attribute name="Output T" value="16"/>
  <attribute name= "Current Time Running" value="83661" />
  <attribute name="GC Util currently" value="234" />
  <attribute name="CPU Util currently" value="932093590491" />
<exclusive-end id="1779" timestamp="2019-08-09T08:30:27.472" durationms="9.982" />

<exclusive-start id="1780" timestamp="2019-08-09T08:30:27.487" intervalms="25.596">
  <response-info timems="0.020" idlems="0.020" threads="0" lastid="0000000001033F00" lastname="main" />
</exclusive-start>
<allocation-taxation id="1781" taxation-threshold="44040192" timestamp="2019-08-09T08:30:27.487" intervalms="25.596" />
<cycle-start id="1782" type="partial gc" contextid="0" timestamp="2019-08-09T08:30:27.487" intervalms="25.605" />
<gc-start id="1783" type="partial gc" contextid="1782" timestamp="2019-08-09T08:30:27.488">
  <mem-info id="1784" free="44040192" total="146800640" percent="30">
    <mem type="eden" free="2097096" total="46137344" percent="4" />
    <remembered-set count="12800" freebytes="5817600" totalbytes="5868800" percent="99" regionsoverflowed="0" regionsstable="9" regionsrebuilding="0"/>
  </mem-info>
</gc-start>
<allocation-stats totalBytes="43892304" >
  <allocated-bytes non-tlh="0" tlh="43892304" arrayletleaf="0"/>
  <largest-consumer threadName="main" threadId="0000000001033F00" bytes="43892304" />
</allocation-stats>
<gc-op id="1785" type="copy forward" timems="6.779" contextid="1782" timestamp="2019-08-09T08:30:27.495">
  <memory-copied type="eden" objects="2" bytes="56" bytesdiscarded="0" />
  <memory-copied type="other" objects="0" bytes="0" bytesdiscarded="0" />
  <memory-cardclean objects="6" bytes="192" />
  <regions eden="21" other="1" />
  <remembered-set-cleared processed="10756" cleared="1" durationms="0.151" />
  <stringconstants candidates="13816" cleared="0"  />
</gc-op>
<gc-op id="1786" type="classunload" timems="0.007" contextid="1782" timestamp="2019-08-09T08:30:27.495">
  <classunload-info classloadercandidates="54" classloadersunloaded="0" classesunloaded="0" anonymousclassesunloaded="0" quiescems="0.000" setupms="0.007" scanms="0.000" postms="0.000" />
</gc-op>
<gc-end id="1787" type="partial gc" contextid="1782" durationms="7.648" usertimems="17.679" systemtimems="0.000" timestamp="2019-08-09T08:30:27.495" activeThreads="16">
  <mem-info id="1788" free="88080384" total="146800640" percent="60">
    <mem type="eden" free="2097096" total="2097152" percent="99" />
    <remembered-set count="12800" freebytes="5817600" totalbytes="5868800" percent="99" regionsoverflowed="0" regionsstable="9" regionsrebuilding="0"/>
  </mem-info>
</gc-end>
<cycle-end id="1789" type="partial gc" contextid="1782" timestamp="2019-08-09T08:30:27.495" />
  <attribute name="elasticGC enabled" value="1" />
  <attribute name= "numThreadsSpecified" value="16" />
  <attribute name="heapSize specified" value="0" />
  <attribute name="Current GC Util" value="186" />
  <attribute name= "Current Time Running" value="83686" />
  <attribute name ="GC Interval" value="0" />
  <attribute name="Target GC Util Change" value ="80.000000" />
  <attribute name="Current GC Util Change" value="186.000000"/>
  <attribute name="Current Error" value="-359.000000" />
  <attribute name="Output H" value="146838280"/>
  <attribute name="Output I" value="1800"/>
  <attribute name="Output T" value="16"/>
  <attribute name= "Current Time Running" value="83686" />
  <attribute name="GC Util currently" value="186" />
  <attribute name="CPU Util currently" value="2721902003574" />
<exclusive-end id="1790" timestamp="2019-08-09T08:30:27.496" durationms="8.312" />

<exclusive-start id="1791" timestamp="2019-08-09T08:30:27.509" intervalms="22.174">
  <response-info timems="0.017" idlems="0.017" threads="0" lastid="0000000001033F00" lastname="main" />
</exclusive-start>
<allocation-taxation id="1792" taxation-threshold="44040192" timestamp="2019-08-09T08:30:27.510" intervalms="22.173" />
<cycle-start id="1793" type="partial gc" contextid="0" timestamp="2019-08-09T08:30:27.510" intervalms="22.138" />
<gc-start id="1794" type="partial gc" contextid="1793" timestamp="2019-08-09T08:30:27.510">
  <mem-info id="1795" free="44040192" total="146800640" percent="30">
    <mem type="eden" free="2097096" total="46137344" percent="4" />
    <remembered-set count="12800" freebytes="5817600" totalbytes="5868800" percent="99" regionsoverflowed="0" regionsstable="9" regionsrebuilding="0"/>
  </mem-info>
</gc-start>
<allocation-stats totalBytes="43892304" >
  <allocated-bytes non-tlh="0" tlh="43892304" arrayletleaf="0"/>
  <largest-consumer threadName="main" threadId="0000000001033F00" bytes="43892304" />
</allocation-stats>
<gc-op id="1796" type="copy forward" timems="12.992" contextid="1793" timestamp="2019-08-09T08:30:27.524">
  <memory-copied type="eden" objects="2" bytes="56" bytesdiscarded="0" />
  <memory-copied type="other" objects="0" bytes="0" bytesdiscarded="0" />
  <memory-cardclean objects="6" bytes="192" />
  <regions eden="21" other="1" />
  <remembered-set-cleared processed="10756" cleared="1" durationms="0.148" />
  <stringconstants candidates="13816" cleared="0"  />
</gc-op>
<gc-op id="1797" type="classunload" timems="0.011" contextid="1793" timestamp="2019-08-09T08:30:27.524">
  <classunload-info classloadercandidates="54" classloadersunloaded="0" classesunloaded="0" anonymousclassesunloaded="0" quiescems="0.000" setupms="0.011" scanms="0.000" postms="0.000" />
</gc-op>
<gc-end id="1798" type="partial gc" contextid="1793" durationms="14.615" usertimems="30.567" systemtimems="0.000" timestamp="2019-08-09T08:30:27.524" activeThreads="16">
  <mem-info id="1799" free="88080384" total="146800640" percent="60">
    <mem type="eden" free="2097096" total="2097152" percent="99" />
    <remembered-set count="12800" freebytes="5817600" totalbytes="5868800" percent="99" regionsoverflowed="0" regionsstable="9" regionsrebuilding="0"/>
  </mem-info>
</gc-end>
<cycle-end id="1800" type="partial gc" contextid="1793" timestamp="2019-08-09T08:30:27.525" />
  <attribute name="elasticGC enabled" value="1" />
  <attribute name= "numThreadsSpecified" value="16" />
  <attribute name="heapSize specified" value="0" />
  <attribute name="Current GC Util" value="183" />
  <attribute name= "Current Time Running" value="83709" />
  <attribute name ="GC Interval" value="0" />
  <attribute name="Target GC Util Change" value ="80.000000" />
  <attribute name="Current GC Util Change" value="183.000000"/>
  <attribute name="Current Error" value="-102.000000" />
  <attribute name="Output H" value="146838424"/>
  <attribute name="Output I" value="1944"/>
  <attribute name="Output T" value="16"/>
  <attribute name= "Current Time Running" value="83709" />
  <attribute name="GC Util currently" value="183" />
  <attribute name="CPU Util currently" value="992518565009" />
<exclusive-end id="1801" timestamp="2019-08-09T08:30:27.525" durationms="15.249" />

<exclusive-start id="1802" timestamp="2019-08-09T08:30:27.538" intervalms="28.993">
  <response-info timems="0.019" idlems="0.019" threads="0" lastid="0000000001033F00" lastname="main" />
</exclusive-start>
<allocation-taxation id="1803" taxation-threshold="44040192" timestamp="2019-08-09T08:30:27.539" intervalms="28.998" />
<cycle-start id="1804" type="partial gc" contextid="0" timestamp="2019-08-09T08:30:27.539" intervalms="29.009" />
<gc-start id="1805" type="partial gc" contextid="1804" timestamp="2019-08-09T08:30:27.539">
  <mem-info id="1806" free="44040192" total="146800640" percent="30">
    <mem type="eden" free="2097096" total="46137344" percent="4" />
    <remembered-set count="12800" freebytes="5817600" totalbytes="5868800" percent="99" regionsoverflowed="0" regionsstable="9" regionsrebuilding="0"/>
  </mem-info>
</gc-start>
<allocation-stats totalBytes="43892328" >
  <allocated-bytes non-tlh="0" tlh="43892328" arrayletleaf="0"/>
  <largest-consumer threadName="main" threadId="0000000001033F00" bytes="43892328" />
</allocation-stats>
<gc-op id="1807" type="copy forward" timems="8.988" contextid="1804" timestamp="2019-08-09T08:30:27.549">
  <memory-copied type="eden" objects="2" bytes="56" bytesdiscarded="0" />
  <memory-copied type="other" objects="0" bytes="0" bytesdiscarded="0" />
  <memory-cardclean objects="6" bytes="192" />
  <regions eden="21" other="1" />
  <remembered-set-cleared processed="10756" cleared="1" durationms="0.310" />
  <stringconstants candidates="13816" cleared="0"  />
</gc-op>
<gc-op id="1808" type="classunload" timems="0.010" contextid="1804" timestamp="2019-08-09T08:30:27.549">
  <classunload-info classloadercandidates="54" classloadersunloaded="0" classesunloaded="0" anonymousclassesunloaded="0" quiescems="0.000" setupms="0.009" scanms="0.000" postms="0.000" />
</gc-op>
<gc-end id="1809" type="partial gc" contextid="1804" durationms="10.226" usertimems="22.816" systemtimems="0.000" timestamp="2019-08-09T08:30:27.549" activeThreads="16">
  <mem-info id="1810" free="88080384" total="146800640" percent="60">
    <mem type="eden" free="2097096" total="2097152" percent="99" />
    <remembered-set count="12800" freebytes="5817600" totalbytes="5868800" percent="99" regionsoverflowed="0" regionsstable="9" regionsrebuilding="0"/>
  </mem-info>
</gc-end>
<cycle-end id="1811" type="partial gc" contextid="1804" timestamp="2019-08-09T08:30:27.549" />
  <attribute name="elasticGC enabled" value="1" />
  <attribute name= "numThreadsSpecified" value="16" />
  <attribute name="heapSize specified" value="0" />
  <attribute name="Current GC Util" value="110" />
  <attribute name= "Current Time Running" value="83738" />
  <attribute name ="GC Interval" value="0" />
  <attribute name="Target GC Util Change" value ="80.000000" />
  <attribute name="Current GC Util Change" value="110.000000"/>
  <attribute name="Current Error" value="-154.000000" />
  <attribute name="Output H" value="146838392"/>
  <attribute name="Output I" value="1912"/>
  <attribute name="Output T" value="16"/>
  <attribute name= "Current Time Running" value="83738" />
  <attribute name="GC Util currently" value="110" />
  <attribute name="CPU Util currently" value="1523911677360" />
<exclusive-end id="1812" timestamp="2019-08-09T08:30:27.549" durationms="10.844" />

<exclusive-start id="1813" timestamp="2019-08-09T08:30:27.564" intervalms="25.122">
  <response-info timems="0.018" idlems="0.018" threads="0" lastid="0000000001033F00" lastname="main" />
</exclusive-start>
<allocation-taxation id="1814" taxation-threshold="44040192" timestamp="2019-08-09T08:30:27.564" intervalms="25.127" />
<cycle-start id="1815" type="partial gc" contextid="0" timestamp="2019-08-09T08:30:27.564" intervalms="25.290" />
<gc-start id="1816" type="partial gc" contextid="1815" timestamp="2019-08-09T08:30:27.564">
  <mem-info id="1817" free="44040192" total="146800640" percent="30">
    <mem type="eden" free="2097096" total="46137344" percent="4" />
    <remembered-set count="12800" freebytes="5817600" totalbytes="5868800" percent="99" regionsoverflowed="0" regionsstable="9" regionsrebuilding="0"/>
  </mem-info>
</gc-start>
<allocation-stats totalBytes="43892304" >
  <allocated-bytes non-tlh="0" tlh="43892304" arrayletleaf="0"/>
  <largest-consumer threadName="main" threadId="0000000001033F00" bytes="43892304" />
</allocation-stats>
<gc-op id="1818" type="copy forward" timems="7.162" contextid="1815" timestamp="2019-08-09T08:30:27.572">
  <memory-copied type="eden" objects="2" bytes="56" bytesdiscarded="0" />
  <memory-copied type="other" objects="0" bytes="0" bytesdiscarded="0" />
  <memory-cardclean objects="6" bytes="192" />
  <regions eden="21" other="1" />
  <remembered-set-cleared processed="10756" cleared="1" durationms="0.389" />
  <stringconstants candidates="13816" cleared="0"  />
</gc-op>
<gc-op id="1819" type="classunload" timems="0.009" contextid="1815" timestamp="2019-08-09T08:30:27.572">
  <classunload-info classloadercandidates="54" classloadersunloaded="0" classesunloaded="0" anonymousclassesunloaded="0" quiescems="0.000" setupms="0.009" scanms="0.000" postms="0.000" />
</gc-op>
<gc-end id="1820" type="partial gc" contextid="1815" durationms="8.362" usertimems="19.127" systemtimems="0.000" timestamp="2019-08-09T08:30:27.572" activeThreads="16">
  <mem-info id="1821" free="88080384" total="146800640" percent="60">
    <mem type="eden" free="2097096" total="2097152" percent="99" />
    <remembered-set count="12800" freebytes="5817600" totalbytes="5868800" percent="99" regionsoverflowed="0" regionsstable="9" regionsrebuilding="0"/>
  </mem-info>
</gc-end>
<cycle-end id="1822" type="partial gc" contextid="1815" timestamp="2019-08-09T08:30:27.573" />
  <attribute name="elasticGC enabled" value="1" />
  <attribute name= "numThreadsSpecified" value="16" />
  <attribute name="heapSize specified" value="0" />
  <attribute name="Current GC Util" value="184" />
  <attribute name= "Current Time Running" value="83763" />
  <attribute name ="GC Interval" value="0" />
  <attribute name="Target GC Util Change" value ="80.000000" />
  <attribute name="Current GC Util Change" value="184.000000"/>
  <attribute name="Current Error" value="-268.000000" />
  <attribute name="Output H" value="146838328"/>
  <attribute name="Output I" value="1848"/>
  <attribute name="Output T" value="16"/>
  <attribute name= "Current Time Running" value="83763" />
  <attribute name="GC Util currently" value="184" />
  <attribute name="CPU Util currently" value="1464821528633" />
<exclusive-end id="1823" timestamp="2019-08-09T08:30:27.573" durationms="9.015" />

<exclusive-start id="1824" timestamp="2019-08-09T08:30:27.587" intervalms="23.058">
  <response-info timems="0.023" idlems="0.023" threads="0" lastid="0000000001033F00" lastname="main" />
</exclusive-start>
<allocation-taxation id="1825" taxation-threshold="44040192" timestamp="2019-08-09T08:30:27.587" intervalms="23.051" />
<cycle-start id="1826" type="partial gc" contextid="0" timestamp="2019-08-09T08:30:27.587" intervalms="22.923" />
<gc-start id="1827" type="partial gc" contextid="1826" timestamp="2019-08-09T08:30:27.587">
  <mem-info id="1828" free="44040192" total="146800640" percent="30">
    <mem type="eden" free="2097096" total="46137344" percent="4" />
    <remembered-set count="12800" freebytes="5817600" totalbytes="5868800" percent="99" regionsoverflowed="0" regionsstable="9" regionsrebuilding="0"/>
  </mem-info>
</gc-start>
<allocation-stats totalBytes="43892304" >
  <allocated-bytes non-tlh="0" tlh="43892304" arrayletleaf="0"/>
  <largest-consumer threadName="main" threadId="0000000001033F00" bytes="43892304" />
</allocation-stats>
<gc-op id="1829" type="copy forward" timems="9.904" contextid="1826" timestamp="2019-08-09T08:30:27.598">
  <memory-copied type="eden" objects="2" bytes="56" bytesdiscarded="0" />
  <memory-copied type="other" objects="0" bytes="0" bytesdiscarded="0" />
  <memory-cardclean objects="6" bytes="192" />
  <regions eden="21" other="1" />
  <remembered-set-cleared processed="10756" cleared="1" durationms="0.371" />
  <stringconstants candidates="13816" cleared="0"  />
</gc-op>
<gc-op id="1830" type="classunload" timems="0.011" contextid="1826" timestamp="2019-08-09T08:30:27.598">
  <classunload-info classloadercandidates="54" classloadersunloaded="0" classesunloaded="0" anonymousclassesunloaded="0" quiescems="0.000" setupms="0.011" scanms="0.000" postms="0.000" />
</gc-op>
<gc-end id="1831" type="partial gc" contextid="1826" durationms="10.988" usertimems="23.544" systemtimems="0.000" timestamp="2019-08-09T08:30:27.598" activeThreads="16">
  <mem-info id="1832" free="88080384" total="146800640" percent="60">
    <mem type="eden" free="2097096" total="2097152" percent="99" />
    <remembered-set count="12800" freebytes="5817600" totalbytes="5868800" percent="99" regionsoverflowed="0" regionsstable="9" regionsrebuilding="0"/>
  </mem-info>
</gc-end>
<cycle-end id="1833" type="partial gc" contextid="1826" timestamp="2019-08-09T08:30:27.598" />
  <attribute name="elasticGC enabled" value="1" />
  <attribute name= "numThreadsSpecified" value="16" />
  <attribute name="heapSize specified" value="0" />
  <attribute name="Current GC Util" value="154" />
  <attribute name= "Current Time Running" value="83786" />
  <attribute name ="GC Interval" value="0" />
  <attribute name="Target GC Util Change" value ="80.000000" />
  <attribute name="Current GC Util Change" value="154.000000"/>
  <attribute name="Current Error" value="-74.000000" />
  <attribute name="Output H" value="146838440"/>
  <attribute name="Output I" value="1960"/>
  <attribute name="Output T" value="16"/>
  <attribute name= "Current Time Running" value="83786" />
  <attribute name="GC Util currently" value="154" />
  <attribute name="CPU Util currently" value="1867647923500" />
<exclusive-end id="1834" timestamp="2019-08-09T08:30:27.598" durationms="11.579" />

<exclusive-start id="1835" timestamp="2019-08-09T08:30:27.612" intervalms="25.506">
  <response-info timems="0.018" idlems="0.018" threads="0" lastid="0000000001033F00" lastname="main" />
</exclusive-start>
<allocation-taxation id="1836" taxation-threshold="44040192" timestamp="2019-08-09T08:30:27.612" intervalms="25.508" />
<cycle-start id="1837" type="partial gc" contextid="0" timestamp="2019-08-09T08:30:27.612" intervalms="25.497" />
<gc-start id="1838" type="partial gc" contextid="1837" timestamp="2019-08-09T08:30:27.613">
  <mem-info id="1839" free="44040192" total="146800640" percent="30">
    <mem type="eden" free="2097096" total="46137344" percent="4" />
    <remembered-set count="12800" freebytes="5817600" totalbytes="5868800" percent="99" regionsoverflowed="0" regionsstable="9" regionsrebuilding="0"/>
  </mem-info>
</gc-start>
<allocation-stats totalBytes="43892304" >
  <allocated-bytes non-tlh="0" tlh="43892304" arrayletleaf="0"/>
  <largest-consumer threadName="main" threadId="0000000001033F00" bytes="43892304" />
</allocation-stats>
<gc-op id="1840" type="copy forward" timems="6.960" contextid="1837" timestamp="2019-08-09T08:30:27.621">
  <memory-copied type="eden" objects="2" bytes="56" bytesdiscarded="0" />
  <memory-copied type="other" objects="0" bytes="0" bytesdiscarded="0" />
  <memory-cardclean objects="6" bytes="192" />
  <regions eden="21" other="1" />
  <remembered-set-cleared processed="10756" cleared="1" durationms="0.191" />
  <stringconstants candidates="13816" cleared="0"  />
</gc-op>
<gc-op id="1841" type="classunload" timems="0.006" contextid="1837" timestamp="2019-08-09T08:30:27.621">
  <classunload-info classloadercandidates="54" classloadersunloaded="0" classesunloaded="0" anonymousclassesunloaded="0" quiescems="0.000" setupms="0.006" scanms="0.000" postms="0.000" />
</gc-op>
<gc-end id="1842" type="partial gc" contextid="1837" durationms="8.663" usertimems="20.123" systemtimems="0.000" timestamp="2019-08-09T08:30:27.621" activeThreads="16">
  <mem-info id="1843" free="88080384" total="146800640" percent="60">
    <mem type="eden" free="2097096" total="2097152" percent="99" />
    <remembered-set count="12800" freebytes="5817600" totalbytes="5868800" percent="99" regionsoverflowed="0" regionsstable="9" regionsrebuilding="0"/>
  </mem-info>
</gc-end>
<cycle-end id="1844" type="partial gc" contextid="1837" timestamp="2019-08-09T08:30:27.621" />
  <attribute name="elasticGC enabled" value="1" />
  <attribute name= "numThreadsSpecified" value="16" />
  <attribute name="heapSize specified" value="0" />
  <attribute name="Current GC Util" value="231" />
  <attribute name= "Current Time Running" value="83812" />
  <attribute name ="GC Interval" value="0" />
  <attribute name="Target GC Util Change" value ="80.000000" />
  <attribute name="Current GC Util Change" value="231.000000"/>
  <attribute name="Current Error" value="-235.000000" />
  <attribute name="Output H" value="146838352"/>
  <attribute name="Output I" value="1872"/>
  <attribute name="Output T" value="16"/>
  <attribute name= "Current Time Running" value="83812" />
  <attribute name="GC Util currently" value="231" />
  <attribute name="CPU Util currently" value="1183939505846" />
<exclusive-end id="1845" timestamp="2019-08-09T08:30:27.621" durationms="9.297" />

<exclusive-start id="1846" timestamp="2019-08-09T08:30:27.636" intervalms="24.120">
  <response-info timems="0.019" idlems="0.019" threads="0" lastid="0000000001033F00" lastname="main" />
</exclusive-start>
<allocation-taxation id="1847" taxation-threshold="44040192" timestamp="2019-08-09T08:30:27.636" intervalms="24.117" />
<cycle-start id="1848" type="partial gc" contextid="0" timestamp="2019-08-09T08:30:27.636" intervalms="24.115" />
<gc-start id="1849" type="partial gc" contextid="1848" timestamp="2019-08-09T08:30:27.637">
  <mem-info id="1850" free="44040192" total="146800640" percent="30">
    <mem type="eden" free="2097096" total="46137344" percent="4" />
    <remembered-set count="12800" freebytes="5817600" totalbytes="5868800" percent="99" regionsoverflowed="0" regionsstable="9" regionsrebuilding="0"/>
  </mem-info>
</gc-start>
<allocation-stats totalBytes="43892328" >
  <allocated-bytes non-tlh="0" tlh="43892328" arrayletleaf="0"/>
  <largest-consumer threadName="main" threadId="0000000001033F00" bytes="43892328" />
</allocation-stats>
<gc-op id="1851" type="copy forward" timems="11.866" contextid="1848" timestamp="2019-08-09T08:30:27.649">
  <memory-copied type="eden" objects="2" bytes="56" bytesdiscarded="0" />
  <memory-copied type="other" objects="0" bytes="0" bytesdiscarded="0" />
  <memory-cardclean objects="6" bytes="192" />
  <regions eden="21" other="1" />
  <remembered-set-cleared processed="10756" cleared="1" durationms="0.177" />
  <stringconstants candidates="13816" cleared="0"  />
</gc-op>
<gc-op id="1852" type="classunload" timems="0.009" contextid="1848" timestamp="2019-08-09T08:30:27.649">
  <classunload-info classloadercandidates="54" classloadersunloaded="0" classesunloaded="0" anonymousclassesunloaded="0" quiescems="0.000" setupms="0.009" scanms="0.000" postms="0.000" />
</gc-op>
<gc-end id="1853" type="partial gc" contextid="1848" durationms="12.916" usertimems="26.109" systemtimems="0.000" timestamp="2019-08-09T08:30:27.650" activeThreads="16">
  <mem-info id="1854" free="88080384" total="146800640" percent="60">
    <mem type="eden" free="2097096" total="2097152" percent="99" />
    <remembered-set count="12800" freebytes="5817600" totalbytes="5868800" percent="99" regionsoverflowed="0" regionsstable="9" regionsrebuilding="0"/>
  </mem-info>
</gc-end>
<cycle-end id="1855" type="partial gc" contextid="1848" timestamp="2019-08-09T08:30:27.650" />
  <attribute name="elasticGC enabled" value="1" />
  <attribute name= "numThreadsSpecified" value="16" />
  <attribute name="heapSize specified" value="0" />
  <attribute name="Current GC Util" value="141" />
  <attribute name= "Current Time Running" value="83835" />
  <attribute name ="GC Interval" value="0" />
  <attribute name="Target GC Util Change" value ="80.000000" />
  <attribute name="Current GC Util Change" value="141.000000"/>
  <attribute name="Current Error" value="-294.000000" />
  <attribute name="Output H" value="146838312"/>
  <attribute name="Output I" value="1832"/>
  <attribute name="Output T" value="16"/>
  <attribute name= "Current Time Running" value="83835" />
  <attribute name="GC Util currently" value="141" />
  <attribute name="CPU Util currently" value="2067182585383" />
<exclusive-end id="1856" timestamp="2019-08-09T08:30:27.650" durationms="13.497" />

<exclusive-start id="1857" timestamp="2019-08-09T08:30:27.663" intervalms="27.227">
  <response-info timems="0.019" idlems="0.019" threads="0" lastid="0000000001033F00" lastname="main" />
</exclusive-start>
<allocation-taxation id="1858" taxation-threshold="44040192" timestamp="2019-08-09T08:30:27.664" intervalms="27.227" />
<cycle-start id="1859" type="partial gc" contextid="0" timestamp="2019-08-09T08:30:27.664" intervalms="27.192" />
<gc-start id="1860" type="partial gc" contextid="1859" timestamp="2019-08-09T08:30:27.664">
  <mem-info id="1861" free="44040192" total="146800640" percent="30">
    <mem type="eden" free="2097096" total="46137344" percent="4" />
    <remembered-set count="12800" freebytes="5817600" totalbytes="5868800" percent="99" regionsoverflowed="0" regionsstable="9" regionsrebuilding="0"/>
  </mem-info>
</gc-start>
<allocation-stats totalBytes="43892304" >
  <allocated-bytes non-tlh="0" tlh="43892304" arrayletleaf="0"/>
  <largest-consumer threadName="main" threadId="0000000001033F00" bytes="43892304" />
</allocation-stats>
<gc-op id="1862" type="copy forward" timems="8.059" contextid="1859" timestamp="2019-08-09T08:30:27.673">
  <memory-copied type="eden" objects="2" bytes="56" bytesdiscarded="0" />
  <memory-copied type="other" objects="0" bytes="0" bytesdiscarded="0" />
  <memory-cardclean objects="6" bytes="192" />
  <regions eden="21" other="1" />
  <remembered-set-cleared processed="10756" cleared="1" durationms="0.211" />
  <stringconstants candidates="13816" cleared="0"  />
</gc-op>
<gc-op id="1863" type="classunload" timems="0.008" contextid="1859" timestamp="2019-08-09T08:30:27.673">
  <classunload-info classloadercandidates="54" classloadersunloaded="0" classesunloaded="0" anonymousclassesunloaded="0" quiescems="0.000" setupms="0.008" scanms="0.000" postms="0.000" />
</gc-op>
<gc-end id="1864" type="partial gc" contextid="1859" durationms="9.386" usertimems="21.453" systemtimems="0.000" timestamp="2019-08-09T08:30:27.673" activeThreads="16">
  <mem-info id="1865" free="88080384" total="146800640" percent="60">
    <mem type="eden" free="2097096" total="2097152" percent="99" />
    <remembered-set count="12800" freebytes="5817600" totalbytes="5868800" percent="99" regionsoverflowed="0" regionsstable="9" regionsrebuilding="0"/>
  </mem-info>
</gc-end>
<cycle-end id="1866" type="partial gc" contextid="1859" timestamp="2019-08-09T08:30:27.673" />
  <attribute name="elasticGC enabled" value="1" />
  <attribute name= "numThreadsSpecified" value="16" />
  <attribute name="heapSize specified" value="0" />
  <attribute name="Current GC Util" value="0" />
  <attribute name= "Current Time Running" value="83863" />
  <attribute name ="GC Interval" value="0" />
  <attribute name="Target GC Util Change" value ="80.000000" />
  <attribute name="Current GC Util Change" value="0.000000"/>
  <attribute name="Current Error" value="66.000000" />
  <attribute name="Output H" value="146838520"/>
  <attribute name="Output I" value="2040"/>
  <attribute name="Output T" value="16"/>
  <attribute name= "Current Time Running" value="83863" />
  <attribute name="GC Util currently" value="0" />
  <attribute name="CPU Util currently" value="1384993806770" />
<exclusive-end id="1867" timestamp="2019-08-09T08:30:27.673" durationms="9.992" />

<exclusive-start id="1868" timestamp="2019-08-09T08:30:27.689" intervalms="25.178">
  <response-info timems="0.019" idlems="0.019" threads="0" lastid="0000000001033F00" lastname="main" />
</exclusive-start>
<allocation-taxation id="1869" taxation-threshold="44040192" timestamp="2019-08-09T08:30:27.689" intervalms="25.189" />
<cycle-start id="1870" type="partial gc" contextid="0" timestamp="2019-08-09T08:30:27.689" intervalms="25.261" />
<gc-start id="1871" type="partial gc" contextid="1870" timestamp="2019-08-09T08:30:27.689">
  <mem-info id="1872" free="44040192" total="146800640" percent="30">
    <mem type="eden" free="2097096" total="46137344" percent="4" />
    <remembered-set count="12800" freebytes="5817600" totalbytes="5868800" percent="99" regionsoverflowed="0" regionsstable="9" regionsrebuilding="0"/>
  </mem-info>
</gc-start>
<allocation-stats totalBytes="43859896" >
  <allocated-bytes non-tlh="0" tlh="43859896" arrayletleaf="0"/>
  <largest-consumer threadName="main" threadId="0000000001033F00" bytes="43859896" />
</allocation-stats>
<gc-op id="1873" type="copy forward" timems="7.136" contextid="1870" timestamp="2019-08-09T08:30:27.697">
  <memory-copied type="eden" objects="27" bytes="1936" bytesdiscarded="1008" />
  <memory-copied type="other" objects="0" bytes="0" bytesdiscarded="0" />
  <memory-cardclean objects="65" bytes="2224" />
  <regions eden="21" other="1" />
  <remembered-set-cleared processed="10756" cleared="8" durationms="0.140" />
  <stringconstants candidates="13816" cleared="0"  />
</gc-op>
<gc-op id="1874" type="classunload" timems="0.011" contextid="1870" timestamp="2019-08-09T08:30:27.697">
  <classunload-info classloadercandidates="54" classloadersunloaded="0" classesunloaded="0" anonymousclassesunloaded="0" quiescems="0.000" setupms="0.011" scanms="0.000" postms="0.000" />
</gc-op>
<gc-end id="1875" type="partial gc" contextid="1870" durationms="8.302" usertimems="19.397" systemtimems="0.000" timestamp="2019-08-09T08:30:27.697" activeThreads="16">
  <mem-info id="1876" free="88080384" total="146800640" percent="60">
    <mem type="eden" free="2094208" total="2097152" percent="99" />
    <remembered-set count="13792" freebytes="5813632" totalbytes="5868800" percent="99" regionsoverflowed="0" regionsstable="9" regionsrebuilding="0"/>
  </mem-info>
</gc-end>
<cycle-end id="1877" type="partial gc" contextid="1870" timestamp="2019-08-09T08:30:27.698" />
  <attribute name="elasticGC enabled" value="1" />
  <attribute name= "numThreadsSpecified" value="16" />
  <attribute name="heapSize specified" value="0" />
  <attribute name="Current GC Util" value="219" />
  <attribute name= "Current Time Running" value="83888" />
  <attribute name ="GC Interval" value="0" />
  <attribute name="Target GC Util Change" value ="80.000000" />
  <attribute name="Current GC Util Change" value="219.000000"/>
  <attribute name="Current Error" value="-81.000000" />
  <attribute name="Output H" value="146838440"/>
  <attribute name="Output I" value="1960"/>
  <attribute name="Output T" value="16"/>
  <attribute name= "Current Time Running" value="83888" />
  <attribute name="GC Util currently" value="219" />
  <attribute name="CPU Util currently" value="1840983555070" />
<exclusive-end id="1878" timestamp="2019-08-09T08:30:27.698" durationms="9.026" />

<exclusive-start id="1879" timestamp="2019-08-09T08:30:27.712" intervalms="22.994">
  <response-info timems="0.025" idlems="0.025" threads="0" lastid="0000000001033F00" lastname="main" />
</exclusive-start>
<allocation-taxation id="1880" taxation-threshold="44040192" timestamp="2019-08-09T08:30:27.712" intervalms="22.995" />
<cycle-start id="1881" type="partial gc" contextid="0" timestamp="2019-08-09T08:30:27.712" intervalms="23.087" />
<gc-start id="1882" type="partial gc" contextid="1881" timestamp="2019-08-09T08:30:27.712">
  <mem-info id="1883" free="44040192" total="146800640" percent="30">
    <mem type="eden" free="0" total="44040192" percent="0" />
    <remembered-set count="13792" freebytes="5813632" totalbytes="5868800" percent="99" regionsoverflowed="0" regionsstable="9" regionsrebuilding="0"/>
  </mem-info>
</gc-start>
<allocation-stats totalBytes="43748440" >
  <allocated-bytes non-tlh="0" tlh="43748440" arrayletleaf="0"/>
  <largest-consumer threadName="main" threadId="0000000001033F00" bytes="43748440" />
</allocation-stats>
<gc-op id="1884" type="copy forward" timems="7.231" contextid="1881" timestamp="2019-08-09T08:30:27.720">
  <memory-copied type="eden" objects="1" bytes="40" bytesdiscarded="0" />
  <memory-copied type="other" objects="26" bytes="1896" bytesdiscarded="1520" />
  <memory-cardclean objects="46" bytes="1920" />
  <regions eden="21" other="1" />
  <remembered-set-cleared processed="10759" cleared="11" durationms="0.303" />
  <stringconstants candidates="13816" cleared="0"  />
</gc-op>
<gc-op id="1885" type="classunload" timems="0.007" contextid="1881" timestamp="2019-08-09T08:30:27.720">
  <classunload-info classloadercandidates="54" classloadersunloaded="0" classesunloaded="0" anonymousclassesunloaded="0" quiescems="0.000" setupms="0.007" scanms="0.000" postms="0.000" />
</gc-op>
<heap-resize id="1886" type="expand" space="default" amount="6291456" count="1" timems="0.065" reason="excessive time being spent in gc" timestamp="2019-08-09T08:30:27.721" />
<gc-end id="1887" type="partial gc" contextid="1881" durationms="8.603" usertimems="19.680" systemtimems="0.000" timestamp="2019-08-09T08:30:27.721" activeThreads="16">
  <mem-info id="1888" free="92274688" total="153092096" percent="60">
    <mem type="eden" free="2097112" total="2097152" percent="99" />
    <remembered-set count="14304" freebytes="6063104" totalbytes="6120320" percent="99" regionsoverflowed="0" regionsstable="9" regionsrebuilding="0"/>
  </mem-info>
</gc-end>
<cycle-end id="1889" type="partial gc" contextid="1881" timestamp="2019-08-09T08:30:27.721" />
  <attribute name="elasticGC enabled" value="1" />
  <attribute name= "numThreadsSpecified" value="16" />
  <attribute name="heapSize specified" value="0" />
  <attribute name="Current GC Util" value="137" />
  <attribute name= "Current Time Running" value="83911" />
  <attribute name ="GC Interval" value="0" />
  <attribute name="Target GC Util Change" value ="80.000000" />
  <attribute name="Current GC Util Change" value="137.000000"/>
  <attribute name="Current Error" value="-138.000000" />
  <attribute name="Output H" value="146838408"/>
  <attribute name="Output I" value="1928"/>
  <attribute name="Output T" value="16"/>
  <attribute name= "Current Time Running" value="83911" />
  <attribute name="GC Util currently" value="137" />
  <attribute name="CPU Util currently" value="1990176994879" />
<exclusive-end id="1890" timestamp="2019-08-09T08:30:27.721" durationms="9.386" />

<exclusive-start id="1891" timestamp="2019-08-09T08:30:27.737" intervalms="25.081">
  <response-info timems="0.019" idlems="0.019" threads="0" lastid="0000000001033F00" lastname="main" />
</exclusive-start>
<allocation-taxation id="1892" taxation-threshold="46137344" timestamp="2019-08-09T08:30:27.737" intervalms="25.081" />
<cycle-start id="1893" type="partial gc" contextid="0" timestamp="2019-08-09T08:30:27.737" intervalms="24.924" />
<gc-start id="1894" type="partial gc" contextid="1893" timestamp="2019-08-09T08:30:27.737">
  <mem-info id="1895" free="46137344" total="153092096" percent="30">
    <mem type="eden" free="2097112" total="48234496" percent="4" />
    <remembered-set count="14304" freebytes="6063104" totalbytes="6120320" percent="99" regionsoverflowed="0" regionsstable="9" regionsrebuilding="0"/>
  </mem-info>
</gc-start>
<allocation-stats totalBytes="45848368" >
  <allocated-bytes non-tlh="0" tlh="45848368" arrayletleaf="0"/>
  <largest-consumer threadName="main" threadId="0000000001033F00" bytes="45848368" />
</allocation-stats>
<gc-op id="1896" type="copy forward" timems="7.953" contextid="1893" timestamp="2019-08-09T08:30:27.746">
  <memory-copied type="eden" objects="2" bytes="64" bytesdiscarded="0" />
  <memory-copied type="other" objects="0" bytes="0" bytesdiscarded="0" />
  <memory-cardclean objects="13" bytes="392" />
  <regions eden="22" other="1" />
  <remembered-set-cleared processed="10763" cleared="2" durationms="0.186" />
  <stringconstants candidates="13816" cleared="0"  />
</gc-op>
<gc-op id="1897" type="classunload" timems="0.007" contextid="1893" timestamp="2019-08-09T08:30:27.746">
  <classunload-info classloadercandidates="54" classloadersunloaded="0" classesunloaded="0" anonymousclassesunloaded="0" quiescems="0.000" setupms="0.007" scanms="0.000" postms="0.000" />
</gc-op>
<gc-end id="1898" type="partial gc" contextid="1893" durationms="9.267" usertimems="22.422" systemtimems="0.000" timestamp="2019-08-09T08:30:27.746" activeThreads="16">
  <mem-info id="1899" free="92274688" total="153092096" percent="60">
    <mem type="eden" free="2097088" total="2097152" percent="99" />
    <remembered-set count="12928" freebytes="6068608" totalbytes="6120320" percent="99" regionsoverflowed="0" regionsstable="9" regionsrebuilding="0"/>
  </mem-info>
</gc-end>
<cycle-end id="1900" type="partial gc" contextid="1893" timestamp="2019-08-09T08:30:27.746" />
  <attribute name="elasticGC enabled" value="1" />
  <attribute name= "numThreadsSpecified" value="16" />
  <attribute name="heapSize specified" value="0" />
  <attribute name="Current GC Util" value="323" />
  <attribute name= "Current Time Running" value="83936" />
  <attribute name ="GC Interval" value="0" />
  <attribute name="Target GC Util Change" value ="80.000000" />
  <attribute name="Current GC Util Change" value="323.000000"/>
  <attribute name="Current Error" value="-241.000000" />
  <attribute name="Output H" value="153129800"/>
  <attribute name="Output I" value="1864"/>
  <attribute name="Output T" value="16"/>
  <attribute name= "Current Time Running" value="83936" />
  <attribute name="GC Util currently" value="323" />
  <attribute name="CPU Util currently" value="1386564530300" />
<exclusive-end id="1901" timestamp="2019-08-09T08:30:27.747" durationms="9.855" />

<exclusive-start id="1902" timestamp="2019-08-09T08:30:27.761" intervalms="24.373">
  <response-info timems="0.016" idlems="0.016" threads="0" lastid="0000000001033F00" lastname="main" />
</exclusive-start>
<allocation-taxation id="1903" taxation-threshold="46137344" timestamp="2019-08-09T08:30:27.761" intervalms="24.360" />
<cycle-start id="1904" type="partial gc" contextid="0" timestamp="2019-08-09T08:30:27.761" intervalms="24.389" />
<gc-start id="1905" type="partial gc" contextid="1904" timestamp="2019-08-09T08:30:27.762">
  <mem-info id="1906" free="46137344" total="153092096" percent="30">
    <mem type="eden" free="2097088" total="48234496" percent="4" />
    <remembered-set count="12448" freebytes="6070528" totalbytes="6120320" percent="99" regionsoverflowed="0" regionsstable="9" regionsrebuilding="0"/>
  </mem-info>
</gc-start>
<allocation-stats totalBytes="45848136" >
  <allocated-bytes non-tlh="0" tlh="45848136" arrayletleaf="0"/>
  <largest-consumer threadName="main" threadId="0000000001033F00" bytes="45848136" />
</allocation-stats>
<gc-op id="1907" type="copy forward" timems="11.454" contextid="1904" timestamp="2019-08-09T08:30:27.774">
  <memory-copied type="eden" objects="2" bytes="64" bytesdiscarded="0" />
  <memory-copied type="other" objects="0" bytes="0" bytesdiscarded="0" />
  <memory-cardclean objects="13" bytes="392" />
  <regions eden="22" other="1" />
  <remembered-set-cleared processed="10762" cleared="1" durationms="0.201" />
  <stringconstants candidates="13816" cleared="0"  />
</gc-op>
<gc-op id="1908" type="classunload" timems="0.010" contextid="1904" timestamp="2019-08-09T08:30:27.774">
  <classunload-info classloadercandidates="54" classloadersunloaded="0" classesunloaded="0" anonymousclassesunloaded="0" quiescems="0.000" setupms="0.009" scanms="0.000" postms="0.000" />
</gc-op>
<gc-end id="1909" type="partial gc" contextid="1904" durationms="12.677" usertimems="24.443" systemtimems="0.000" timestamp="2019-08-09T08:30:27.774" activeThreads="16">
  <mem-info id="1910" free="92274688" total="153092096" percent="60">
    <mem type="eden" free="2097088" total="2097152" percent="99" />
    <remembered-set count="12928" freebytes="6068608" totalbytes="6120320" percent="99" regionsoverflowed="0" regionsstable="9" regionsrebuilding="0"/>
  </mem-info>
</gc-end>
<cycle-end id="1911" type="partial gc" contextid="1904" timestamp="2019-08-09T08:30:27.774" />
  <attribute name="elasticGC enabled" value="1" />
  <attribute name= "numThreadsSpecified" value="16" />
  <attribute name="heapSize specified" value="0" />
  <attribute name="Current GC Util" value="137" />
  <attribute name= "Current Time Running" value="83960" />
  <attribute name ="GC Interval" value="0" />
  <attribute name="Target GC Util Change" value ="80.000000" />
  <attribute name="Current GC Util Change" value="137.000000"/>
  <attribute name="Current Error" value="-301.000000" />
  <attribute name="Output H" value="153129768"/>
  <attribute name="Output I" value="1832"/>
  <attribute name="Output T" value="16"/>
  <attribute name= "Current Time Running" value="83960" />
  <attribute name="GC Util currently" value="137" />
  <attribute name="CPU Util currently" value="1861424197790" />
<exclusive-end id="1912" timestamp="2019-08-09T08:30:27.774" durationms="13.310" />

<exclusive-start id="1913" timestamp="2019-08-09T08:30:27.789" intervalms="28.126">
  <response-info timems="0.019" idlems="0.019" threads="0" lastid="0000000001033F00" lastname="main" />
</exclusive-start>
<allocation-taxation id="1914" taxation-threshold="46137344" timestamp="2019-08-09T08:30:27.789" intervalms="28.129" />
<cycle-start id="1915" type="partial gc" contextid="0" timestamp="2019-08-09T08:30:27.789" intervalms="28.104" />
<gc-start id="1916" type="partial gc" contextid="1915" timestamp="2019-08-09T08:30:27.790">
  <mem-info id="1917" free="46137344" total="153092096" percent="30">
    <mem type="eden" free="2097088" total="48234496" percent="4" />
    <remembered-set count="12928" freebytes="6068608" totalbytes="6120320" percent="99" regionsoverflowed="0" regionsstable="9" regionsrebuilding="0"/>
  </mem-info>
</gc-start>
<allocation-stats totalBytes="45849376" >
  <allocated-bytes non-tlh="0" tlh="45849376" arrayletleaf="0"/>
  <largest-consumer threadName="main" threadId="0000000001033F00" bytes="45849376" />
</allocation-stats>
<gc-op id="1918" type="copy forward" timems="10.921" contextid="1915" timestamp="2019-08-09T08:30:27.801">
  <memory-copied type="eden" objects="2" bytes="64" bytesdiscarded="0" />
  <memory-copied type="other" objects="0" bytes="0" bytesdiscarded="0" />
  <memory-cardclean objects="13" bytes="392" />
  <regions eden="22" other="1" />
  <remembered-set-cleared processed="10762" cleared="1" durationms="0.157" />
  <stringconstants candidates="13816" cleared="0"  />
</gc-op>
<gc-op id="1919" type="classunload" timems="0.010" contextid="1915" timestamp="2019-08-09T08:30:27.802">
  <classunload-info classloadercandidates="54" classloadersunloaded="0" classesunloaded="0" anonymousclassesunloaded="0" quiescems="0.000" setupms="0.009" scanms="0.000" postms="0.000" />
</gc-op>
<gc-end id="1920" type="partial gc" contextid="1915" durationms="12.096" usertimems="31.251" systemtimems="0.000" timestamp="2019-08-09T08:30:27.802" activeThreads="16">
  <mem-info id="1921" free="92274688" total="153092096" percent="60">
    <mem type="eden" free="2097088" total="2097152" percent="99" />
    <remembered-set count="12928" freebytes="6068608" totalbytes="6120320" percent="99" regionsoverflowed="0" regionsstable="9" regionsrebuilding="0"/>
  </mem-info>
</gc-end>
<cycle-end id="1922" type="partial gc" contextid="1915" timestamp="2019-08-09T08:30:27.802" />
  <attribute name="elasticGC enabled" value="1" />
  <attribute name= "numThreadsSpecified" value="16" />
  <attribute name="heapSize specified" value="0" />
  <attribute name="Current GC Util" value="199" />
  <attribute name= "Current Time Running" value="83988" />
  <attribute name ="GC Interval" value="0" />
  <attribute name="Target GC Util Change" value ="80.000000" />
  <attribute name="Current GC Util Change" value="199.000000"/>
  <attribute name="Current Error" value="-426.000000" />
  <attribute name="Output H" value="153129696"/>
  <attribute name="Output I" value="1760"/>
  <attribute name="Output T" value="16"/>
  <attribute name= "Current Time Running" value="83988" />
  <attribute name="GC Util currently" value="199" />
  <attribute name="CPU Util currently" value="1877181128201" />
<exclusive-end id="1923" timestamp="2019-08-09T08:30:27.802" durationms="12.740" />

<exclusive-start id="1924" timestamp="2019-08-09T08:30:27.818" intervalms="28.498">
  <response-info timems="0.019" idlems="0.019" threads="0" lastid="0000000001033F00" lastname="main" />
</exclusive-start>
<allocation-taxation id="1925" taxation-threshold="46137344" timestamp="2019-08-09T08:30:27.818" intervalms="28.495" />
<cycle-start id="1926" type="partial gc" contextid="0" timestamp="2019-08-09T08:30:27.818" intervalms="28.521" />
<gc-start id="1927" type="partial gc" contextid="1926" timestamp="2019-08-09T08:30:27.818">
  <mem-info id="1928" free="46137344" total="153092096" percent="30">
    <mem type="eden" free="2097088" total="48234496" percent="4" />
    <remembered-set count="12928" freebytes="6068608" totalbytes="6120320" percent="99" regionsoverflowed="0" regionsstable="9" regionsrebuilding="0"/>
  </mem-info>
</gc-start>
<allocation-stats totalBytes="45849376" >
  <allocated-bytes non-tlh="0" tlh="45849376" arrayletleaf="0"/>
  <largest-consumer threadName="main" threadId="0000000001033F00" bytes="45849376" />
</allocation-stats>
<gc-op id="1929" type="copy forward" timems="8.404" contextid="1926" timestamp="2019-08-09T08:30:27.828">
  <memory-copied type="eden" objects="2" bytes="64" bytesdiscarded="0" />
  <memory-copied type="other" objects="0" bytes="0" bytesdiscarded="0" />
  <memory-cardclean objects="13" bytes="392" />
  <regions eden="22" other="1" />
  <remembered-set-cleared processed="10762" cleared="1" durationms="0.320" />
  <stringconstants candidates="13816" cleared="0"  />
</gc-op>
<gc-op id="1930" type="classunload" timems="0.009" contextid="1926" timestamp="2019-08-09T08:30:27.828">
  <classunload-info classloadercandidates="54" classloadersunloaded="0" classesunloaded="0" anonymousclassesunloaded="0" quiescems="0.000" setupms="0.009" scanms="0.000" postms="0.000" />
</gc-op>
<gc-end id="1931" type="partial gc" contextid="1926" durationms="9.778" usertimems="24.481" systemtimems="0.000" timestamp="2019-08-09T08:30:27.828" activeThreads="16">
  <mem-info id="1932" free="92274688" total="153092096" percent="60">
    <mem type="eden" free="2097088" total="2097152" percent="99" />
    <remembered-set count="12928" freebytes="6068608" totalbytes="6120320" percent="99" regionsoverflowed="0" regionsstable="9" regionsrebuilding="0"/>
  </mem-info>
</gc-end>
<cycle-end id="1933" type="partial gc" contextid="1926" timestamp="2019-08-09T08:30:27.828" />
  <attribute name="elasticGC enabled" value="1" />
  <attribute name= "numThreadsSpecified" value="16" />
  <attribute name="heapSize specified" value="0" />
  <attribute name="Current GC Util" value="166" />
  <attribute name= "Current Time Running" value="84017" />
  <attribute name ="GC Interval" value="0" />
  <attribute name="Target GC Util Change" value ="80.000000" />
  <attribute name="Current GC Util Change" value="166.000000"/>
  <attribute name="Current Error" value="-113.000000" />
  <attribute name="Output H" value="153129872"/>
  <attribute name="Output I" value="1936"/>
  <attribute name="Output T" value="16"/>
  <attribute name= "Current Time Running" value="84017" />
  <attribute name="GC Util currently" value="166" />
  <attribute name="CPU Util currently" value="1355164933090" />
<exclusive-end id="1934" timestamp="2019-08-09T08:30:27.828" durationms="10.411" />

<exclusive-start id="1935" timestamp="2019-08-09T08:30:27.843" intervalms="25.051">
  <response-info timems="0.019" idlems="0.019" threads="0" lastid="0000000001033F00" lastname="main" />
</exclusive-start>
<allocation-taxation id="1936" taxation-threshold="46137344" timestamp="2019-08-09T08:30:27.843" intervalms="25.066" />
<cycle-start id="1937" type="partial gc" contextid="0" timestamp="2019-08-09T08:30:27.843" intervalms="25.036" />
<gc-start id="1938" type="partial gc" contextid="1937" timestamp="2019-08-09T08:30:27.843">
  <mem-info id="1939" free="46137344" total="153092096" percent="30">
    <mem type="eden" free="2097088" total="48234496" percent="4" />
    <remembered-set count="12928" freebytes="6068608" totalbytes="6120320" percent="99" regionsoverflowed="0" regionsstable="9" regionsrebuilding="0"/>
  </mem-info>
</gc-start>
<allocation-stats totalBytes="45848160" >
  <allocated-bytes non-tlh="0" tlh="45848160" arrayletleaf="0"/>
  <largest-consumer threadName="main" threadId="0000000001033F00" bytes="45848160" />
</allocation-stats>
<gc-op id="1940" type="copy forward" timems="10.615" contextid="1937" timestamp="2019-08-09T08:30:27.855">
  <memory-copied type="eden" objects="2" bytes="64" bytesdiscarded="0" />
  <memory-copied type="other" objects="0" bytes="0" bytesdiscarded="0" />
  <memory-cardclean objects="13" bytes="392" />
  <regions eden="22" other="1" />
  <remembered-set-cleared processed="10762" cleared="1" durationms="0.238" />
  <stringconstants candidates="13816" cleared="0"  />
</gc-op>
<gc-op id="1941" type="classunload" timems="0.012" contextid="1937" timestamp="2019-08-09T08:30:27.855">
  <classunload-info classloadercandidates="54" classloadersunloaded="0" classesunloaded="0" anonymousclassesunloaded="0" quiescems="0.000" setupms="0.012" scanms="0.000" postms="0.000" />
</gc-op>
<gc-end id="1942" type="partial gc" contextid="1937" durationms="12.000" usertimems="25.899" systemtimems="0.000" timestamp="2019-08-09T08:30:27.855" activeThreads="16">
  <mem-info id="1943" free="92274688" total="153092096" percent="60">
    <mem type="eden" free="2097088" total="2097152" percent="99" />
    <remembered-set count="12928" freebytes="6068608" totalbytes="6120320" percent="99" regionsoverflowed="0" regionsstable="9" regionsrebuilding="0"/>
  </mem-info>
</gc-end>
<cycle-end id="1944" type="partial gc" contextid="1937" timestamp="2019-08-09T08:30:27.855" />
  <attribute name="elasticGC enabled" value="1" />
  <attribute name= "numThreadsSpecified" value="16" />
  <attribute name="heapSize specified" value="0" />
  <attribute name="Current GC Util" value="233" />
  <attribute name= "Current Time Running" value="84042" />
  <attribute name ="GC Interval" value="0" />
  <attribute name="Target GC Util Change" value ="80.000000" />
  <attribute name="Current GC Util Change" value="233.000000"/>
  <attribute name="Current Error" value="-281.000000" />
  <attribute name="Output H" value="153129776"/>
  <attribute name="Output I" value="1840"/>
  <attribute name="Output T" value="16"/>
  <attribute name= "Current Time Running" value="84042" />
  <attribute name="GC Util currently" value="233" />
  <attribute name="CPU Util currently" value="1450525865181" />
<exclusive-end id="1945" timestamp="2019-08-09T08:30:27.855" durationms="12.581" />

<exclusive-start id="1946" timestamp="2019-08-09T08:30:27.870" intervalms="27.384">
  <response-info timems="0.019" idlems="0.019" threads="0" lastid="0000000001033F00" lastname="main" />
</exclusive-start>
<allocation-taxation id="1947" taxation-threshold="46137344" timestamp="2019-08-09T08:30:27.870" intervalms="27.371" />
<cycle-start id="1948" type="partial gc" contextid="0" timestamp="2019-08-09T08:30:27.870" intervalms="27.385" />
<gc-start id="1949" type="partial gc" contextid="1948" timestamp="2019-08-09T08:30:27.871">
  <mem-info id="1950" free="46137344" total="153092096" percent="30">
    <mem type="eden" free="2097088" total="48234496" percent="4" />
    <remembered-set count="12928" freebytes="6068608" totalbytes="6120320" percent="99" regionsoverflowed="0" regionsstable="9" regionsrebuilding="0"/>
  </mem-info>
</gc-start>
<allocation-stats totalBytes="45848136" >
  <allocated-bytes non-tlh="0" tlh="45848136" arrayletleaf="0"/>
  <largest-consumer threadName="main" threadId="0000000001033F00" bytes="45848136" />
</allocation-stats>
<gc-op id="1951" type="copy forward" timems="11.516" contextid="1948" timestamp="2019-08-09T08:30:27.883">
  <memory-copied type="eden" objects="2" bytes="64" bytesdiscarded="0" />
  <memory-copied type="other" objects="0" bytes="0" bytesdiscarded="0" />
  <memory-cardclean objects="13" bytes="392" />
  <regions eden="22" other="1" />
  <remembered-set-cleared processed="10762" cleared="1" durationms="0.334" />
  <stringconstants candidates="13816" cleared="0"  />
</gc-op>
<gc-op id="1952" type="classunload" timems="0.009" contextid="1948" timestamp="2019-08-09T08:30:27.883">
  <classunload-info classloadercandidates="54" classloadersunloaded="0" classesunloaded="0" anonymousclassesunloaded="0" quiescems="0.000" setupms="0.008" scanms="0.000" postms="0.000" />
</gc-op>
<gc-end id="1953" type="partial gc" contextid="1948" durationms="12.637" usertimems="28.548" systemtimems="0.000" timestamp="2019-08-09T08:30:27.883" activeThreads="16">
  <mem-info id="1954" free="92274688" total="153092096" percent="60">
    <mem type="eden" free="2097088" total="2097152" percent="99" />
    <remembered-set count="12928" freebytes="6068608" totalbytes="6120320" percent="99" regionsoverflowed="0" regionsstable="9" regionsrebuilding="0"/>
  </mem-info>
</gc-end>
<cycle-end id="1955" type="partial gc" contextid="1948" timestamp="2019-08-09T08:30:27.883" />
  <attribute name="elasticGC enabled" value="1" />
  <attribute name= "numThreadsSpecified" value="16" />
  <attribute name="heapSize specified" value="0" />
  <attribute name="Current GC Util" value="143" />
  <attribute name= "Current Time Running" value="84069" />
  <attribute name ="GC Interval" value="0" />
  <attribute name="Target GC Util Change" value ="80.000000" />
  <attribute name="Current GC Util Change" value="143.000000"/>
  <attribute name="Current Error" value="-354.000000" />
  <attribute name="Output H" value="153129736"/>
  <attribute name="Output I" value="1800"/>
  <attribute name="Output T" value="16"/>
  <attribute name= "Current Time Running" value="84069" />
  <attribute name="GC Util currently" value="143" />
  <attribute name="CPU Util currently" value="1903550409987" />
<exclusive-end id="1956" timestamp="2019-08-09T08:30:27.883" durationms="13.236" />

<exclusive-start id="1957" timestamp="2019-08-09T08:30:27.906" intervalms="35.730">
  <response-info timems="0.017" idlems="0.017" threads="0" lastid="0000000001033F00" lastname="main" />
</exclusive-start>
<allocation-taxation id="1958" taxation-threshold="46137344" timestamp="2019-08-09T08:30:27.906" intervalms="35.749" />
<cycle-start id="1959" type="partial gc" contextid="0" timestamp="2019-08-09T08:30:27.906" intervalms="35.759" />
<gc-start id="1960" type="partial gc" contextid="1959" timestamp="2019-08-09T08:30:27.906">
  <mem-info id="1961" free="46137344" total="153092096" percent="30">
    <mem type="eden" free="2097088" total="48234496" percent="4" />
    <remembered-set count="12928" freebytes="6068608" totalbytes="6120320" percent="99" regionsoverflowed="0" regionsstable="9" regionsrebuilding="0"/>
  </mem-info>
</gc-start>
<allocation-stats totalBytes="46124576" >
  <allocated-bytes non-tlh="0" tlh="46124576" arrayletleaf="0"/>
  <largest-consumer threadName="main" threadId="0000000001033F00" bytes="46124576" />
</allocation-stats>
<gc-op id="1962" type="copy forward" timems="9.000" contextid="1959" timestamp="2019-08-09T08:30:27.917">
  <memory-copied type="eden" objects="151" bytes="4968" bytesdiscarded="1376" />
  <memory-copied type="other" objects="0" bytes="0" bytesdiscarded="0" />
  <memory-cardclean objects="83" bytes="2416" />
  <regions eden="22" other="1" />
  <remembered-set-cleared processed="10762" cleared="5" durationms="0.281" />
  <stringconstants candidates="13816" cleared="0"  />
</gc-op>
<gc-op id="1963" type="classunload" timems="0.011" contextid="1959" timestamp="2019-08-09T08:30:27.917">
  <classunload-info classloadercandidates="54" classloadersunloaded="0" classesunloaded="0" anonymousclassesunloaded="0" quiescems="0.000" setupms="0.010" scanms="0.000" postms="0.000" />
</gc-op>
<gc-end id="1964" type="partial gc" contextid="1959" durationms="11.194" usertimems="21.637" systemtimems="0.000" timestamp="2019-08-09T08:30:27.918" activeThreads="16">
  <mem-info id="1965" free="92274688" total="153092096" percent="60">
    <mem type="eden" free="2090808" total="2097152" percent="99" />
    <remembered-set count="14432" freebytes="6062592" totalbytes="6120320" percent="99" regionsoverflowed="0" regionsstable="9" regionsrebuilding="0"/>
  </mem-info>
</gc-end>
<cycle-end id="1966" type="partial gc" contextid="1959" timestamp="2019-08-09T08:30:27.918" />
  <attribute name="elasticGC enabled" value="1" />
  <attribute name= "numThreadsSpecified" value="16" />
  <attribute name="heapSize specified" value="0" />
  <attribute name="Current GC Util" value="70" />
  <attribute name= "Current Time Running" value="84106" />
  <attribute name ="GC Interval" value="0" />
  <attribute name="Target GC Util Change" value ="80.000000" />
  <attribute name="Current GC Util Change" value="70.000000"/>
  <attribute name="Current Error" value="12.000000" />
  <attribute name="Output H" value="153129944"/>
  <attribute name="Output I" value="2008"/>
  <attribute name="Output T" value="16"/>
  <attribute name= "Current Time Running" value="84106" />
  <attribute name="GC Util currently" value="70" />
  <attribute name="CPU Util currently" value="726984287209" />
<exclusive-end id="1967" timestamp="2019-08-09T08:30:27.918" durationms="11.932" />

<exclusive-start id="1968" timestamp="2019-08-09T08:30:28.039" intervalms="133.187">
  <response-info timems="0.020" idlems="0.020" threads="0" lastid="0000000001033F00" lastname="main" />
</exclusive-start>
<allocation-taxation id="1969" taxation-threshold="46137344" timestamp="2019-08-09T08:30:28.039" intervalms="133.166" />
<cycle-start id="1970" type="partial gc" contextid="0" timestamp="2019-08-09T08:30:28.039" intervalms="133.173" />
<gc-start id="1971" type="partial gc" contextid="1970" timestamp="2019-08-09T08:30:28.039">
  <mem-info id="1972" free="46137344" total="153092096" percent="30">
    <mem type="eden" free="2090808" total="48234496" percent="4" />
    <remembered-set count="14432" freebytes="6062592" totalbytes="6120320" percent="99" regionsoverflowed="0" regionsstable="9" regionsrebuilding="0"/>
  </mem-info>
</gc-start>
<allocation-stats totalBytes="46130912" >
  <allocated-bytes non-tlh="0" tlh="46130912" arrayletleaf="0"/>
  <largest-consumer threadName="main" threadId="0000000001033F00" bytes="46130912" />
</allocation-stats>
<gc-op id="1973" type="copy forward" timems="10.737" contextid="1970" timestamp="2019-08-09T08:30:28.051">
  <memory-copied type="eden" objects="228" bytes="7424" bytesdiscarded="1968" />
  <memory-copied type="other" objects="7" bytes="160" bytesdiscarded="1400" />
  <memory-cardclean objects="115" bytes="12152" />
  <regions eden="22" other="1" />
  <remembered-set-cleared processed="10766" cleared="20" durationms="0.192" />
  <references type="weak" candidates="37" cleared="0" enqueued="0" />
  <stringconstants candidates="13816" cleared="0"  />
</gc-op>
<gc-op id="1974" type="classunload" timems="0.010" contextid="1970" timestamp="2019-08-09T08:30:28.051">
  <classunload-info classloadercandidates="54" classloadersunloaded="0" classesunloaded="0" anonymousclassesunloaded="0" quiescems="0.000" setupms="0.010" scanms="0.000" postms="0.000" />
</gc-op>
<heap-resize id="1975" type="expand" space="default" amount="4194304" count="1" timems="0.058" reason="excessive time being spent in gc" timestamp="2019-08-09T08:30:28.052" />
<gc-end id="1976" type="partial gc" contextid="1970" durationms="12.136" usertimems="27.177" systemtimems="0.000" timestamp="2019-08-09T08:30:28.052" activeThreads="16">
  <mem-info id="1977" free="94371840" total="157286400" percent="60">
    <mem type="eden" free="4183304" total="4194304" percent="99" />
    <remembered-set count="14784" freebytes="6228864" totalbytes="6288000" percent="99" regionsoverflowed="0" regionsstable="9" regionsrebuilding="0"/>
  </mem-info>
</gc-end>
<cycle-end id="1978" type="partial gc" contextid="1970" timestamp="2019-08-09T08:30:28.052" />
  <attribute name="elasticGC enabled" value="1" />
  <attribute name= "numThreadsSpecified" value="16" />
  <attribute name="heapSize specified" value="0" />
  <attribute name="Current GC Util" value="149" />
  <attribute name= "Current Time Running" value="84238" />
  <attribute name ="GC Interval" value="0" />
  <attribute name="Target GC Util Change" value ="80.000000" />
  <attribute name="Current GC Util Change" value="149.000000"/>
  <attribute name="Current Error" value="8.000000" />
  <attribute name="Output H" value="153129944"/>
  <attribute name="Output I" value="2008"/>
  <attribute name="Output T" value="16"/>
  <attribute name= "Current Time Running" value="84238" />
  <attribute name="GC Util currently" value="149" />
  <attribute name="CPU Util currently" value="1695789467960" />
<exclusive-end id="1979" timestamp="2019-08-09T08:30:28.052" durationms="12.739" />

<exclusive-start id="1980" timestamp="2019-08-09T08:30:28.131" intervalms="92.004">
  <response-info timems="0.019" idlems="0.019" threads="0" lastid="0000000001033F00" lastname="main" />
</exclusive-start>
<allocation-taxation id="1981" taxation-threshold="46137344" timestamp="2019-08-09T08:30:28.131" intervalms="92.004" />
<cycle-start id="1982" type="partial gc" contextid="0" timestamp="2019-08-09T08:30:28.131" intervalms="92.010" />
<gc-start id="1983" type="partial gc" contextid="1982" timestamp="2019-08-09T08:30:28.132">
  <mem-info id="1984" free="48234496" total="157286400" percent="30">
    <mem type="eden" free="0" total="46137344" percent="0" />
    <remembered-set count="14784" freebytes="6228864" totalbytes="6288000" percent="99" regionsoverflowed="0" regionsstable="9" regionsrebuilding="0"/>
  </mem-info>
</gc-start>
<allocation-stats totalBytes="46131632" >
  <allocated-bytes non-tlh="0" tlh="46131632" arrayletleaf="0"/>
  <largest-consumer threadName="main" threadId="0000000001033F00" bytes="46131632" />
</allocation-stats>
<gc-op id="1985" type="copy forward" timems="10.532" contextid="1982" timestamp="2019-08-09T08:30:28.143">
  <memory-copied type="eden" objects="114" bytes="3488" bytesdiscarded="504" />
  <memory-copied type="other" objects="113" bytes="3968" bytesdiscarded="1344" />
  <memory-cardclean objects="56" bytes="10800" />
  <regions eden="22" other="1" />
  <remembered-set-cleared processed="10772" cleared="20" durationms="0.152" />
  <references type="weak" candidates="37" cleared="0" enqueued="0" />
  <stringconstants candidates="13816" cleared="0"  />
</gc-op>
<gc-op id="1986" type="classunload" timems="0.009" contextid="1982" timestamp="2019-08-09T08:30:28.143">
  <classunload-info classloadercandidates="54" classloadersunloaded="0" classesunloaded="0" anonymousclassesunloaded="0" quiescems="0.000" setupms="0.009" scanms="0.000" postms="0.000" />
</gc-op>
<heap-resize id="1987" type="expand" space="default" amount="6291456" count="1" timems="0.081" reason="excessive time being spent in gc" timestamp="2019-08-09T08:30:28.143" />
<gc-end id="1988" type="partial gc" contextid="1982" durationms="11.965" usertimems="28.375" systemtimems="0.000" timestamp="2019-08-09T08:30:28.143" activeThreads="16">
  <mem-info id="1989" free="98566144" total="163577856" percent="60">
    <mem type="eden" free="2093160" total="2097152" percent="99" />
    <remembered-set count="13856" freebytes="6484096" totalbytes="6539520" percent="99" regionsoverflowed="0" regionsstable="9" regionsrebuilding="0"/>
  </mem-info>
</gc-end>
<cycle-end id="1990" type="partial gc" contextid="1982" timestamp="2019-08-09T08:30:28.144" />
  <attribute name="elasticGC enabled" value="1" />
  <attribute name= "numThreadsSpecified" value="16" />
  <attribute name="heapSize specified" value="0" />
  <attribute name="Current GC Util" value="285" />
  <attribute name= "Current Time Running" value="84330" />
  <attribute name ="GC Interval" value="0" />
  <attribute name="Target GC Util Change" value ="80.000000" />
  <attribute name="Current GC Util Change" value="285.000000"/>
  <attribute name="Current Error" value="-145.000000" />
  <attribute name="Output H" value="157324160"/>
  <attribute name="Output I" value="1920"/>
  <attribute name="Output T" value="16"/>
  <attribute name= "Current Time Running" value="84330" />
  <attribute name="GC Util currently" value="285" />
  <attribute name="CPU Util currently" value="1526267991163" />
<exclusive-end id="1991" timestamp="2019-08-09T08:30:28.144" durationms="12.599" />

<exclusive-start id="1992" timestamp="2019-08-09T08:30:28.164" intervalms="33.401">
  <response-info timems="0.015" idlems="0.015" threads="0" lastid="0000000001033F00" lastname="main" />
</exclusive-start>
<allocation-taxation id="1993" taxation-threshold="48234496" timestamp="2019-08-09T08:30:28.165" intervalms="33.429" />
<cycle-start id="1994" type="partial gc" contextid="0" timestamp="2019-08-09T08:30:28.165" intervalms="33.420" />
<gc-start id="1995" type="partial gc" contextid="1994" timestamp="2019-08-09T08:30:28.165">
  <mem-info id="1996" free="50331648" total="163577856" percent="30">
    <mem type="eden" free="2093160" total="50331648" percent="4" />
    <remembered-set count="13632" freebytes="6484992" totalbytes="6539520" percent="99" regionsoverflowed="0" regionsstable="9" regionsrebuilding="0"/>
  </mem-info>
</gc-start>
<allocation-stats totalBytes="48207632" >
  <allocated-bytes non-tlh="0" tlh="48207632" arrayletleaf="0"/>
  <largest-consumer threadName="main" threadId="0000000001033F00" bytes="48207632" />
</allocation-stats>
<gc-op id="1997" type="copy forward" timems="10.384" contextid="1994" timestamp="2019-08-09T08:30:28.176">
  <memory-copied type="eden" objects="138" bytes="4200" bytesdiscarded="168" />
  <memory-copied type="other" objects="0" bytes="0" bytesdiscarded="0" />
  <memory-cardclean objects="85" bytes="3144" />
  <regions eden="23" other="1" />
  <remembered-set-cleared processed="10779" cleared="12" durationms="0.166" />
  <stringconstants candidates="13816" cleared="0"  />
</gc-op>
<gc-op id="1998" type="classunload" timems="0.010" contextid="1994" timestamp="2019-08-09T08:30:28.176">
  <classunload-info classloadercandidates="54" classloadersunloaded="0" classesunloaded="0" anonymousclassesunloaded="0" quiescems="0.000" setupms="0.009" scanms="0.000" postms="0.000" />
</gc-op>
<gc-end id="1999" type="partial gc" contextid="1994" durationms="11.654" usertimems="27.386" systemtimems="0.000" timestamp="2019-08-09T08:30:28.177" activeThreads="16">
  <mem-info id="2000" free="98566144" total="163577856" percent="60">
    <mem type="eden" free="2092784" total="2097152" percent="99" />
    <remembered-set count="13568" freebytes="6485248" totalbytes="6539520" percent="99" regionsoverflowed="0" regionsstable="9" regionsrebuilding="0"/>
  </mem-info>
</gc-end>
<cycle-end id="2001" type="partial gc" contextid="1994" timestamp="2019-08-09T08:30:28.177" />
  <attribute name="elasticGC enabled" value="1" />
  <attribute name= "numThreadsSpecified" value="16" />
  <attribute name="heapSize specified" value="0" />
  <attribute name="Current GC Util" value="182" />
  <attribute name= "Current Time Running" value="84364" />
  <attribute name ="GC Interval" value="0" />
  <attribute name="Target GC Util Change" value ="80.000000" />
  <attribute name="Current GC Util Change" value="182.000000"/>
  <attribute name="Current Error" value="-102.000000" />
  <attribute name="Output H" value="163615640"/>
  <attribute name="Output I" value="1944"/>
  <attribute name="Output T" value="16"/>
  <attribute name= "Current Time Running" value="84364" />
  <attribute name="GC Util currently" value="182" />
  <attribute name="CPU Util currently" value="1678302241043" />
<exclusive-end id="2002" timestamp="2019-08-09T08:30:28.177" durationms="12.343" />

<exclusive-start id="2003" timestamp="2019-08-09T08:30:28.194" intervalms="29.882">
  <response-info timems="0.019" idlems="0.019" threads="0" lastid="0000000001033F00" lastname="main" />
</exclusive-start>
<allocation-taxation id="2004" taxation-threshold="48234496" timestamp="2019-08-09T08:30:28.194" intervalms="29.855" />
<cycle-start id="2005" type="partial gc" contextid="0" timestamp="2019-08-09T08:30:28.195" intervalms="29.842" />
<gc-start id="2006" type="partial gc" contextid="2005" timestamp="2019-08-09T08:30:28.195">
  <mem-info id="2007" free="50331648" total="163577856" percent="30">
    <mem type="eden" free="0" total="48234496" percent="0" />
    <remembered-set count="13120" freebytes="6487040" totalbytes="6539520" percent="99" regionsoverflowed="0" regionsstable="9" regionsrebuilding="0"/>
  </mem-info>
</gc-start>
<allocation-stats totalBytes="48209424" >
  <allocated-bytes non-tlh="0" tlh="48209424" arrayletleaf="0"/>
  <largest-consumer threadName="main" threadId="0000000001033F00" bytes="48209424" />
</allocation-stats>
<gc-op id="2008" type="copy forward" timems="9.117" contextid="2005" timestamp="2019-08-09T08:30:28.205">
  <memory-copied type="eden" objects="6" bytes="176" bytesdiscarded="0" />
  <memory-copied type="other" objects="130" bytes="4008" bytesdiscarded="936" />
  <memory-cardclean objects="66" bytes="2640" />
  <regions eden="23" other="1" />
  <remembered-set-cleared processed="10781" cleared="14" durationms="0.166" />
  <stringconstants candidates="13816" cleared="0"  />
</gc-op>
<gc-op id="2009" type="classunload" timems="0.009" contextid="2005" timestamp="2019-08-09T08:30:28.205">
  <classunload-info classloadercandidates="54" classloadersunloaded="0" classesunloaded="0" anonymousclassesunloaded="0" quiescems="0.000" setupms="0.008" scanms="0.000" postms="0.000" />
</gc-op>
<heap-resize id="2010" type="expand" space="default" amount="4194304" count="1" timems="0.072" reason="excessive time being spent in gc" timestamp="2019-08-09T08:30:28.205" />
<gc-end id="2011" type="partial gc" contextid="2005" durationms="10.737" usertimems="22.932" systemtimems="0.000" timestamp="2019-08-09T08:30:28.206" activeThreads="16">
  <mem-info id="2012" free="100663296" total="167772160" percent="60">
    <mem type="eden" free="2096976" total="2097152" percent="99" />
    <remembered-set count="14080" freebytes="6650880" totalbytes="6707200" percent="99" regionsoverflowed="0" regionsstable="9" regionsrebuilding="0"/>
  </mem-info>
</gc-end>
<cycle-end id="2013" type="partial gc" contextid="2005" timestamp="2019-08-09T08:30:28.206" />
  <attribute name="elasticGC enabled" value="1" />
  <attribute name= "numThreadsSpecified" value="16" />
  <attribute name="heapSize specified" value="0" />
  <attribute name="Current GC Util" value="127" />
  <attribute name= "Current Time Running" value="84394" />
  <attribute name ="GC Interval" value="0" />
  <attribute name="Target GC Util Change" value ="80.000000" />
  <attribute name="Current GC Util Change" value="127.000000"/>
  <attribute name="Current Error" value="-158.000000" />
  <attribute name="Output H" value="163615608"/>
  <attribute name="Output I" value="1912"/>
  <attribute name="Output T" value="16"/>
  <attribute name= "Current Time Running" value="84394" />
  <attribute name="GC Util currently" value="127" />
  <attribute name="CPU Util currently" value="1273151537912" />
<exclusive-end id="2014" timestamp="2019-08-09T08:30:28.206" durationms="11.378" />

<exclusive-start id="2015" timestamp="2019-08-09T08:30:28.222" intervalms="27.583">
  <response-info timems="0.022" idlems="0.022" threads="0" lastid="0000000001033F00" lastname="main" />
</exclusive-start>
<allocation-taxation id="2016" taxation-threshold="48234496" timestamp="2019-08-09T08:30:28.222" intervalms="27.583" />
<cycle-start id="2017" type="partial gc" contextid="0" timestamp="2019-08-09T08:30:28.222" intervalms="27.617" />
<gc-start id="2018" type="partial gc" contextid="2017" timestamp="2019-08-09T08:30:28.222">
  <mem-info id="2019" free="52428800" total="167772160" percent="31">
    <mem type="eden" free="2096976" total="50331648" percent="4" />
    <remembered-set count="13664" freebytes="6652544" totalbytes="6707200" percent="99" regionsoverflowed="0" regionsstable="9" regionsrebuilding="0"/>
  </mem-info>
</gc-start>
<allocation-stats totalBytes="48209720" >
  <allocated-bytes non-tlh="0" tlh="48209720" arrayletleaf="0"/>
  <largest-consumer threadName="main" threadId="0000000001033F00" bytes="48209720" />
</allocation-stats>
<gc-op id="2020" type="copy forward" timems="10.921" contextid="2017" timestamp="2019-08-09T08:30:28.234">
  <memory-copied type="eden" objects="7" bytes="304" bytesdiscarded="0" />
  <memory-copied type="other" objects="0" bytes="0" bytesdiscarded="0" />
  <memory-cardclean objects="15" bytes="512" />
  <regions eden="23" other="1" />
  <remembered-set-cleared processed="10787" cleared="2" durationms="0.181" />
  <stringconstants candidates="13816" cleared="0"  />
</gc-op>
<gc-op id="2021" type="classunload" timems="0.011" contextid="2017" timestamp="2019-08-09T08:30:28.234">
  <classunload-info classloadercandidates="54" classloadersunloaded="0" classesunloaded="0" anonymousclassesunloaded="0" quiescems="0.000" setupms="0.011" scanms="0.000" postms="0.000" />
</gc-op>
<gc-end id="2022" type="partial gc" contextid="2017" durationms="12.072" usertimems="31.199" systemtimems="0.000" timestamp="2019-08-09T08:30:28.234" activeThreads="16">
  <mem-info id="2023" free="100663296" total="167772160" percent="60">
    <mem type="eden" free="2096848" total="2097152" percent="99" />
    <remembered-set count="13344" freebytes="6653824" totalbytes="6707200" percent="99" regionsoverflowed="0" regionsstable="9" regionsrebuilding="0"/>
  </mem-info>
</gc-end>
<cycle-end id="2024" type="partial gc" contextid="2017" timestamp="2019-08-09T08:30:28.235" />
  <attribute name="elasticGC enabled" value="1" />
  <attribute name= "numThreadsSpecified" value="16" />
  <attribute name="heapSize specified" value="0" />
  <attribute name="Current GC Util" value="147" />
  <attribute name= "Current Time Running" value="84421" />
  <attribute name ="GC Interval" value="0" />
  <attribute name="Target GC Util Change" value ="80.000000" />
  <attribute name="Current GC Util Change" value="147.000000"/>
  <attribute name="Current Error" value="-226.000000" />
  <attribute name="Output H" value="167809872"/>
  <attribute name="Output I" value="1872"/>
  <attribute name="Output T" value="16"/>
  <attribute name= "Current Time Running" value="84421" />
  <attribute name="GC Util currently" value="147" />
  <attribute name="CPU Util currently" value="2132985777192" />
<exclusive-end id="2025" timestamp="2019-08-09T08:30:28.235" durationms="12.703" />

<exclusive-start id="2026" timestamp="2019-08-09T08:30:28.250" intervalms="28.446">
  <response-info timems="0.017" idlems="0.017" threads="0" lastid="0000000001033F00" lastname="main" />
</exclusive-start>
<allocation-taxation id="2027" taxation-threshold="48234496" timestamp="2019-08-09T08:30:28.250" intervalms="28.452" />
<cycle-start id="2028" type="partial gc" contextid="0" timestamp="2019-08-09T08:30:28.251" intervalms="28.397" />
<gc-start id="2029" type="partial gc" contextid="2028" timestamp="2019-08-09T08:30:28.251">
  <mem-info id="2030" free="52428800" total="167772160" percent="31">
    <mem type="eden" free="2096848" total="50331648" percent="4" />
    <remembered-set count="13344" freebytes="6653824" totalbytes="6707200" percent="99" regionsoverflowed="0" regionsstable="9" regionsrebuilding="0"/>
  </mem-info>
</gc-start>
<allocation-stats totalBytes="48208928" >
  <allocated-bytes non-tlh="0" tlh="48208928" arrayletleaf="0"/>
  <largest-consumer threadName="main" threadId="0000000001033F00" bytes="48208928" />
</allocation-stats>
<gc-op id="2031" type="copy forward" timems="9.446" contextid="2028" timestamp="2019-08-09T08:30:28.261">
  <memory-copied type="eden" objects="7" bytes="304" bytesdiscarded="0" />
  <memory-copied type="other" objects="0" bytes="0" bytesdiscarded="0" />
  <memory-cardclean objects="15" bytes="512" />
  <regions eden="23" other="1" />
  <remembered-set-cleared processed="10787" cleared="2" durationms="0.192" />
  <stringconstants candidates="13816" cleared="0"  />
</gc-op>
<gc-op id="2032" type="classunload" timems="0.008" contextid="2028" timestamp="2019-08-09T08:30:28.261">
  <classunload-info classloadercandidates="54" classloadersunloaded="0" classesunloaded="0" anonymousclassesunloaded="0" quiescems="0.000" setupms="0.008" scanms="0.000" postms="0.000" />
</gc-op>
<gc-end id="2033" type="partial gc" contextid="2028" durationms="10.682" usertimems="26.777" systemtimems="0.000" timestamp="2019-08-09T08:30:28.261" activeThreads="16">
  <mem-info id="2034" free="100663296" total="167772160" percent="60">
    <mem type="eden" free="2096848" total="2097152" percent="99" />
    <remembered-set count="13344" freebytes="6653824" totalbytes="6707200" percent="99" regionsoverflowed="0" regionsstable="9" regionsrebuilding="0"/>
  </mem-info>
</gc-end>
<cycle-end id="2035" type="partial gc" contextid="2028" timestamp="2019-08-09T08:30:28.262" />
  <attribute name="elasticGC enabled" value="1" />
  <attribute name= "numThreadsSpecified" value="16" />
  <attribute name="heapSize specified" value="0" />
  <attribute name="Current GC Util" value="114" />
  <attribute name= "Current Time Running" value="84449" />
  <attribute name ="GC Interval" value="0" />
  <attribute name="Target GC Util Change" value ="80.000000" />
  <attribute name="Current GC Util Change" value="114.000000"/>
  <attribute name="Current Error" value="-63.000000" />
  <attribute name="Output H" value="167809968"/>
  <attribute name="Output I" value="1968"/>
  <attribute name="Output T" value="16"/>
  <attribute name= "Current Time Running" value="84449" />
  <attribute name="GC Util currently" value="114" />
  <attribute name="CPU Util currently" value="1652372558847" />
<exclusive-end id="2036" timestamp="2019-08-09T08:30:28.262" durationms="11.264" />

<exclusive-start id="2037" timestamp="2019-08-09T08:30:28.278" intervalms="28.088">
  <response-info timems="0.020" idlems="0.020" threads="0" lastid="0000000001033F00" lastname="main" />
</exclusive-start>
<allocation-taxation id="2038" taxation-threshold="48234496" timestamp="2019-08-09T08:30:28.279" intervalms="28.079" />
<cycle-start id="2039" type="partial gc" contextid="0" timestamp="2019-08-09T08:30:28.279" intervalms="28.107" />
<gc-start id="2040" type="partial gc" contextid="2039" timestamp="2019-08-09T08:30:28.279">
  <mem-info id="2041" free="52428800" total="167772160" percent="31">
    <mem type="eden" free="2096848" total="50331648" percent="4" />
    <remembered-set count="12864" freebytes="6655744" totalbytes="6707200" percent="99" regionsoverflowed="0" regionsstable="9" regionsrebuilding="0"/>
  </mem-info>
</gc-start>
<allocation-stats totalBytes="48206104" >
  <allocated-bytes non-tlh="0" tlh="48206104" arrayletleaf="0"/>
  <largest-consumer threadName="main" threadId="0000000001033F00" bytes="48206104" />
</allocation-stats>
<gc-op id="2042" type="copy forward" timems="10.056" contextid="2039" timestamp="2019-08-09T08:30:28.290">
  <memory-copied type="eden" objects="28" bytes="1352" bytesdiscarded="1016" />
  <memory-copied type="other" objects="0" bytes="0" bytesdiscarded="0" />
  <memory-cardclean objects="76" bytes="2576" />
  <regions eden="23" other="1" />
  <remembered-set-cleared processed="10787" cleared="11" durationms="0.266" />
  <stringconstants candidates="13816" cleared="0"  />
</gc-op>
<gc-op id="2043" type="classunload" timems="0.010" contextid="2039" timestamp="2019-08-09T08:30:28.290">
  <classunload-info classloadercandidates="54" classloadersunloaded="0" classesunloaded="0" anonymousclassesunloaded="0" quiescems="0.000" setupms="0.010" scanms="0.000" postms="0.000" />
</gc-op>
<gc-end id="2044" type="partial gc" contextid="2039" durationms="11.639" usertimems="27.911" systemtimems="0.000" timestamp="2019-08-09T08:30:28.290" activeThreads="16">
  <mem-info id="2045" free="100663296" total="167772160" percent="60">
    <mem type="eden" free="2094784" total="2097152" percent="99" />
    <remembered-set count="14688" freebytes="6648448" totalbytes="6707200" percent="99" regionsoverflowed="0" regionsstable="9" regionsrebuilding="0"/>
  </mem-info>
</gc-end>
<cycle-end id="2046" type="partial gc" contextid="2039" timestamp="2019-08-09T08:30:28.291" />
  <attribute name="elasticGC enabled" value="1" />
  <attribute name= "numThreadsSpecified" value="16" />
  <attribute name="heapSize specified" value="0" />
  <attribute name="Current GC Util" value="210" />
  <attribute name= "Current Time Running" value="84478" />
  <attribute name ="GC Interval" value="0" />
  <attribute name="Target GC Util Change" value ="80.000000" />
  <attribute name="Current GC Util Change" value="210.000000"/>
  <attribute name="Current Error" value="-208.000000" />
  <attribute name="Output H" value="167809880"/>
  <attribute name="Output I" value="1880"/>
  <attribute name="Output T" value="16"/>
  <attribute name= "Current Time Running" value="84478" />
  <attribute name="GC Util currently" value="210" />
  <attribute name="CPU Util currently" value="1082878711181" />
<exclusive-end id="2047" timestamp="2019-08-09T08:30:28.291" durationms="12.234" />

<exclusive-start id="2048" timestamp="2019-08-09T08:30:28.307" intervalms="28.376">
  <response-info timems="0.019" idlems="0.019" threads="0" lastid="0000000001033F00" lastname="main" />
</exclusive-start>
<allocation-taxation id="2049" taxation-threshold="48234496" timestamp="2019-08-09T08:30:28.307" intervalms="28.378" />
<cycle-start id="2050" type="partial gc" contextid="0" timestamp="2019-08-09T08:30:28.307" intervalms="28.398" />
<gc-start id="2051" type="partial gc" contextid="2050" timestamp="2019-08-09T08:30:28.307">
  <mem-info id="2052" free="52428800" total="167772160" percent="31">
    <mem type="eden" free="0" total="48234496" percent="0" />
    <remembered-set count="14240" freebytes="6650240" totalbytes="6707200" percent="99" regionsoverflowed="0" regionsstable="9" regionsrebuilding="0"/>
  </mem-info>
</gc-start>
<allocation-stats totalBytes="48191040" >
  <allocated-bytes non-tlh="0" tlh="48191040" arrayletleaf="0"/>
  <largest-consumer threadName="main" threadId="0000000001033F00" bytes="48191040" />
</allocation-stats>
<gc-op id="2053" type="copy forward" timems="8.386" contextid="2050" timestamp="2019-08-09T08:30:28.317">
  <memory-copied type="eden" objects="6" bytes="432" bytesdiscarded="0" />
  <memory-copied type="other" objects="22" bytes="944" bytesdiscarded="1016" />
  <memory-cardclean objects="57" bytes="2272" />
  <regions eden="23" other="1" />
  <remembered-set-cleared processed="10790" cleared="14" durationms="0.284" />
  <stringconstants candidates="13816" cleared="0"  />
</gc-op>
<gc-op id="2054" type="classunload" timems="0.009" contextid="2050" timestamp="2019-08-09T08:30:28.317">
  <classunload-info classloadercandidates="54" classloadersunloaded="0" classesunloaded="0" anonymousclassesunloaded="0" quiescems="0.000" setupms="0.009" scanms="0.000" postms="0.000" />
</gc-op>
<heap-resize id="2055" type="expand" space="default" amount="6291456" count="1" timems="0.082" reason="excessive time being spent in gc" timestamp="2019-08-09T08:30:28.317" />
<gc-end id="2056" type="partial gc" contextid="2050" durationms="9.945" usertimems="22.551" systemtimems="0.000" timestamp="2019-08-09T08:30:28.317" activeThreads="16">
  <mem-info id="2057" free="104857600" total="174063616" percent="60">
    <mem type="eden" free="2096720" total="2097152" percent="99" />
    <remembered-set count="15200" freebytes="6897920" totalbytes="6958720" percent="99" regionsoverflowed="0" regionsstable="9" regionsrebuilding="0"/>
  </mem-info>
</gc-end>
<cycle-end id="2058" type="partial gc" contextid="2050" timestamp="2019-08-09T08:30:28.317" />
  <attribute name="elasticGC enabled" value="1" />
  <attribute name= "numThreadsSpecified" value="16" />
  <attribute name="heapSize specified" value="0" />
  <attribute name="Current GC Util" value="154" />
  <attribute name= "Current Time Running" value="84506" />
  <attribute name ="GC Interval" value="0" />
  <attribute name="Target GC Util Change" value ="80.000000" />
  <attribute name="Current GC Util Change" value="154.000000"/>
  <attribute name="Current Error" value="-296.000000" />
  <attribute name="Output H" value="167809832"/>
  <attribute name="Output I" value="1832"/>
  <attribute name="Output T" value="16"/>
  <attribute name= "Current Time Running" value="84506" />
  <attribute name="GC Util currently" value="154" />
  <attribute name="CPU Util currently" value="1657877932397" />
<exclusive-end id="2059" timestamp="2019-08-09T08:30:28.318" durationms="10.648" />

<exclusive-start id="2060" timestamp="2019-08-09T08:30:28.348" intervalms="41.142">
  <response-info timems="0.012" idlems="0.012" threads="0" lastid="0000000001033F00" lastname="main" />
</exclusive-start>
<allocation-taxation id="2061" taxation-threshold="50331648" timestamp="2019-08-09T08:30:28.348" intervalms="41.141" />
<cycle-start id="2062" type="partial gc" contextid="0" timestamp="2019-08-09T08:30:28.348" intervalms="41.130" />
<gc-start id="2063" type="partial gc" contextid="2062" timestamp="2019-08-09T08:30:28.348">
  <mem-info id="2064" free="54525952" total="174063616" percent="31">
    <mem type="eden" free="2096720" total="52428800" percent="3" />
    <remembered-set count="14720" freebytes="6899840" totalbytes="6958720" percent="99" regionsoverflowed="0" regionsstable="9" regionsrebuilding="0"/>
  </mem-info>
</gc-start>
<allocation-stats totalBytes="50298952" >
  <allocated-bytes non-tlh="0" tlh="50298952" arrayletleaf="0"/>
  <largest-consumer threadName="main" threadId="0000000001033F00" bytes="50298952" />
</allocation-stats>
<gc-op id="2065" type="copy forward" timems="8.920" contextid="2062" timestamp="2019-08-09T08:30:28.358">
  <memory-copied type="eden" objects="36" bytes="1552" bytesdiscarded="1008" />
  <memory-copied type="other" objects="0" bytes="0" bytesdiscarded="0" />
  <memory-cardclean objects="73" bytes="2496" />
  <regions eden="24" other="1" />
  <remembered-set-cleared processed="10794" cleared="12" durationms="0.287" />
  <stringconstants candidates="13816" cleared="0"  />
</gc-op>
<gc-op id="2066" type="classunload" timems="0.013" contextid="2062" timestamp="2019-08-09T08:30:28.358">
  <classunload-info classloadercandidates="54" classloadersunloaded="0" classesunloaded="0" anonymousclassesunloaded="0" quiescems="0.000" setupms="0.013" scanms="0.000" postms="0.000" />
</gc-op>
<gc-end id="2067" type="partial gc" contextid="2062" durationms="10.252" usertimems="23.071" systemtimems="0.000" timestamp="2019-08-09T08:30:28.359" activeThreads="16">
  <mem-info id="2068" free="104857600" total="174063616" percent="60">
    <mem type="eden" free="2094592" total="2097152" percent="99" />
    <remembered-set count="14752" freebytes="6899712" totalbytes="6958720" percent="99" regionsoverflowed="0" regionsstable="9" regionsrebuilding="0"/>
  </mem-info>
</gc-end>
<cycle-end id="2069" type="partial gc" contextid="2062" timestamp="2019-08-09T08:30:28.359" />
  <attribute name="elasticGC enabled" value="1" />
  <attribute name= "numThreadsSpecified" value="16" />
  <attribute name="heapSize specified" value="0" />
  <attribute name="Current GC Util" value="142" />
  <attribute name= "Current Time Running" value="84547" />
  <attribute name ="GC Interval" value="0" />
  <attribute name="Target GC Util Change" value ="80.000000" />
  <attribute name="Current GC Util Change" value="142.000000"/>
  <attribute name="Current Error" value="-35.000000" />
  <attribute name="Output H" value="174101440"/>
  <attribute name="Output I" value="1984"/>
  <attribute name="Output T" value="16"/>
  <attribute name= "Current Time Running" value="84547" />
  <attribute name="GC Util currently" value="142" />
  <attribute name="CPU Util currently" value="2115646337476" />
<exclusive-end id="2070" timestamp="2019-08-09T08:30:28.359" durationms="11.179" />

<exclusive-start id="2071" timestamp="2019-08-09T08:30:28.415" intervalms="66.947">
  <response-info timems="0.016" idlems="0.016" threads="0" lastid="0000000001033F00" lastname="main" />
</exclusive-start>
<allocation-taxation id="2072" taxation-threshold="50331648" timestamp="2019-08-09T08:30:28.415" intervalms="66.947" />
<cycle-start id="2073" type="partial gc" contextid="0" timestamp="2019-08-09T08:30:28.415" intervalms="66.932" />
<gc-start id="2074" type="partial gc" contextid="2073" timestamp="2019-08-09T08:30:28.415">
  <mem-info id="2075" free="54525952" total="174063616" percent="31">
    <mem type="eden" free="0" total="50331648" percent="0" />
    <remembered-set count="14272" freebytes="6901632" totalbytes="6958720" percent="99" regionsoverflowed="0" regionsstable="9" regionsrebuilding="0"/>
  </mem-info>
</gc-start>
<allocation-stats totalBytes="50320808" >
  <allocated-bytes non-tlh="0" tlh="50320808" arrayletleaf="0"/>
  <largest-consumer threadName="main" threadId="0000000001033F00" bytes="50320808" />
</allocation-stats>
<gc-op id="2076" type="copy forward" timems="7.981" contextid="2073" timestamp="2019-08-09T08:30:28.424">
  <memory-copied type="eden" objects="14" bytes="584" bytesdiscarded="0" />
  <memory-copied type="other" objects="22" bytes="968" bytesdiscarded="240" />
  <memory-cardclean objects="55" bytes="2208" />
  <regions eden="24" other="1" />
  <remembered-set-cleared processed="10795" cleared="13" durationms="0.196" />
  <stringconstants candidates="13816" cleared="0"  />
</gc-op>
<gc-op id="2077" type="classunload" timems="0.010" contextid="2073" timestamp="2019-08-09T08:30:28.424">
  <classunload-info classloadercandidates="54" classloadersunloaded="0" classesunloaded="0" anonymousclassesunloaded="0" quiescems="0.000" setupms="0.010" scanms="0.000" postms="0.000" />
</gc-op>
<heap-resize id="2078" type="expand" space="default" amount="4194304" count="1" timems="0.070" reason="excessive time being spent in gc" timestamp="2019-08-09T08:30:28.425" />
<gc-end id="2079" type="partial gc" contextid="2073" durationms="9.577" usertimems="21.727" systemtimems="0.000" timestamp="2019-08-09T08:30:28.425" activeThreads="16">
  <mem-info id="2080" free="106954752" total="178257920" percent="60">
    <mem type="eden" free="2096568" total="2097152" percent="99" />
    <remembered-set count="14752" freebytes="7067392" totalbytes="7126400" percent="99" regionsoverflowed="0" regionsstable="9" regionsrebuilding="0"/>
  </mem-info>
</gc-end>
<cycle-end id="2081" type="partial gc" contextid="2073" timestamp="2019-08-09T08:30:28.425" />
  <attribute name="elasticGC enabled" value="1" />
  <attribute name= "numThreadsSpecified" value="16" />
  <attribute name="heapSize specified" value="0" />
  <attribute name="Current GC Util" value="157" />
  <attribute name= "Current Time Running" value="84614" />
  <attribute name ="GC Interval" value="0" />
  <attribute name="Target GC Util Change" value ="80.000000" />
  <attribute name="Current GC Util Change" value="157.000000"/>
  <attribute name="Current Error" value="-66.000000" />
  <attribute name="Output H" value="174101424"/>
  <attribute name="Output I" value="1968"/>
  <attribute name="Output T" value="16"/>
  <attribute name= "Current Time Running" value="84614" />
  <attribute name="GC Util currently" value="157" />
  <attribute name="CPU Util currently" value="1850263630711" />
<exclusive-end id="2082" timestamp="2019-08-09T08:30:28.425" durationms="10.188" />

<exclusive-start id="2083" timestamp="2019-08-09T08:30:28.631" intervalms="215.869">
  <response-info timems="0.040" idlems="0.040" threads="0" lastid="0000000001033F00" lastname="main" />
</exclusive-start>
<allocation-taxation id="2084" taxation-threshold="52428800" timestamp="2019-08-09T08:30:28.631" intervalms="215.911" />
<cycle-start id="2085" type="partial gc" contextid="0" timestamp="2019-08-09T08:30:28.631" intervalms="215.928" />
<gc-start id="2086" type="partial gc" contextid="2085" timestamp="2019-08-09T08:30:28.631">
  <mem-info id="2087" free="54525952" total="178257920" percent="30">
    <mem type="eden" free="2096568" total="54525952" percent="3" />
    <remembered-set count="14752" freebytes="7067392" totalbytes="7126400" percent="99" regionsoverflowed="0" regionsstable="9" regionsrebuilding="0"/>
  </mem-info>
</gc-start>
<allocation-stats totalBytes="50214280" >
  <allocated-bytes non-tlh="0" tlh="50214280" arrayletleaf="0"/>
  <largest-consumer threadName="main" threadId="0000000001033F00" bytes="50214280" />
</allocation-stats>
<gc-op id="2088" type="copy forward" timems="11.442" contextid="2085" timestamp="2019-08-09T08:30:28.644">
  <memory-copied type="eden" objects="98" bytes="41160" bytesdiscarded="984" />
  <memory-copied type="other" objects="0" bytes="0" bytesdiscarded="0" />
  <memory-cardclean objects="100" bytes="3104" />
  <regions eden="25" other="1" />
  <remembered-set-cleared processed="10802" cleared="17" durationms="0.308" />
  <stringconstants candidates="13816" cleared="0"  />
</gc-op>
<gc-op id="2089" type="classunload" timems="0.009" contextid="2085" timestamp="2019-08-09T08:30:28.644">
  <classunload-info classloadercandidates="54" classloadersunloaded="0" classesunloaded="0" anonymousclassesunloaded="0" quiescems="0.000" setupms="0.009" scanms="0.000" postms="0.000" />
</gc-op>
<gc-end id="2090" type="partial gc" contextid="2085" durationms="12.821" usertimems="28.707" systemtimems="0.000" timestamp="2019-08-09T08:30:28.644" activeThreads="16">
  <mem-info id="2091" free="106954752" total="178257920" percent="60">
    <mem type="eden" free="2055008" total="2097152" percent="97" />
    <remembered-set count="14784" freebytes="7067264" totalbytes="7126400" percent="99" regionsoverflowed="0" regionsstable="9" regionsrebuilding="0"/>
  </mem-info>
</gc-end>
<cycle-end id="2092" type="partial gc" contextid="2085" timestamp="2019-08-09T08:30:28.644" />
  <attribute name="elasticGC enabled" value="1" />
  <attribute name= "numThreadsSpecified" value="16" />
  <attribute name="heapSize specified" value="0" />
  <attribute name="Current GC Util" value="117" />
  <attribute name= "Current Time Running" value="84830" />
  <attribute name ="GC Interval" value="0" />
  <attribute name="Target GC Util Change" value ="80.000000" />
  <attribute name="Current GC Util Change" value="117.000000"/>
  <attribute name="Current Error" value="-32.000000" />
  <attribute name="Output H" value="178295744"/>
  <attribute name="Output I" value="1984"/>
  <attribute name="Output T" value="16"/>
  <attribute name= "Current Time Running" value="84830" />
  <attribute name="GC Util currently" value="117" />
  <attribute name="CPU Util currently" value="1221388867042" />
<exclusive-end id="2093" timestamp="2019-08-09T08:30:28.644" durationms="13.550" />

<exclusive-start id="2094" timestamp="2019-08-09T08:30:28.792" intervalms="161.390">
  <response-info timems="0.015" idlems="0.015" threads="0" lastid="0000000001033F00" lastname="main" />
</exclusive-start>
<allocation-taxation id="2095" taxation-threshold="52428800" timestamp="2019-08-09T08:30:28.792" intervalms="161.351" />
<cycle-start id="2096" type="partial gc" contextid="0" timestamp="2019-08-09T08:30:28.792" intervalms="161.345" />
<gc-start id="2097" type="partial gc" contextid="2096" timestamp="2019-08-09T08:30:28.793">
  <mem-info id="2098" free="54525952" total="178257920" percent="30">
    <mem type="eden" free="0" total="52428800" percent="0" />
    <remembered-set count="14784" freebytes="7067264" totalbytes="7126400" percent="99" regionsoverflowed="0" regionsstable="9" regionsrebuilding="0"/>
  </mem-info>
</gc-start>
<allocation-stats totalBytes="52423128" >
  <allocated-bytes non-tlh="0" tlh="52423128" arrayletleaf="0"/>
  <largest-consumer threadName="main" threadId="0000000001033F00" bytes="52423128" />
</allocation-stats>
<gc-op id="2099" type="copy forward" timems="8.505" contextid="2096" timestamp="2019-08-09T08:30:28.802">
  <memory-copied type="eden" objects="41" bytes="1240" bytesdiscarded="120" />
  <memory-copied type="other" objects="67" bytes="2320" bytesdiscarded="1296" />
  <memory-cardclean objects="134" bytes="4208" />
  <regions eden="25" other="1" />
  <remembered-set-cleared processed="10804" cleared="22" durationms="0.189" />
  <stringconstants candidates="13816" cleared="0"  />
</gc-op>
<gc-op id="2100" type="classunload" timems="0.008" contextid="2096" timestamp="2019-08-09T08:30:28.802">
  <classunload-info classloadercandidates="54" classloadersunloaded="0" classesunloaded="0" anonymousclassesunloaded="0" quiescems="0.000" setupms="0.008" scanms="0.000" postms="0.000" />
</gc-op>
<gc-end id="2101" type="partial gc" contextid="2096" durationms="9.688" usertimems="19.924" systemtimems="0.000" timestamp="2019-08-09T08:30:28.802" activeThreads="16">
  <mem-info id="2102" free="104857600" total="178257920" percent="58">
    <mem type="eden" free="2095792" total="2097152" percent="99" />
    <remembered-set count="14784" freebytes="7067264" totalbytes="7126400" percent="99" regionsoverflowed="0" regionsstable="9" regionsrebuilding="0"/>
  </mem-info>
</gc-end>
<cycle-end id="2103" type="partial gc" contextid="2096" timestamp="2019-08-09T08:30:28.802" />
  <attribute name="elasticGC enabled" value="1" />
  <attribute name= "numThreadsSpecified" value="16" />
  <attribute name="heapSize specified" value="0" />
  <attribute name="Current GC Util" value="130" />
  <attribute name= "Current Time Running" value="84991" />
  <attribute name ="GC Interval" value="0" />
  <attribute name="Target GC Util Change" value ="80.000000" />
  <attribute name="Current GC Util Change" value="130.000000"/>
  <attribute name="Current Error" value="13.000000" />
  <attribute name="Output H" value="178295768"/>
  <attribute name="Output I" value="2008"/>
  <attribute name="Output T" value="16"/>
  <attribute name= "Current Time Running" value="84991" />
  <attribute name="GC Util currently" value="130" />
  <attribute name="CPU Util currently" value="1562548158552" />
<exclusive-end id="2104" timestamp="2019-08-09T08:30:28.802" durationms="10.232" />

<exclusive-start id="2105" timestamp="2019-08-09T08:30:28.843" intervalms="51.040">
  <response-info timems="0.021" idlems="0.021" threads="0" lastid="0000000001033F00" lastname="main" />
</exclusive-start>
<allocation-taxation id="2106" taxation-threshold="52428800" timestamp="2019-08-09T08:30:28.843" intervalms="51.038" />
<cycle-start id="2107" type="partial gc" contextid="0" timestamp="2019-08-09T08:30:28.843" intervalms="51.008" />
<gc-start id="2108" type="partial gc" contextid="2107" timestamp="2019-08-09T08:30:28.844">
  <mem-info id="2109" free="52428800" total="178257920" percent="29">
    <mem type="eden" free="0" total="52428800" percent="0" />
    <remembered-set count="14336" freebytes="7069056" totalbytes="7126400" percent="99" regionsoverflowed="0" regionsstable="9" regionsrebuilding="0"/>
  </mem-info>
</gc-start>
<allocation-stats totalBytes="52421968" >
  <allocated-bytes non-tlh="0" tlh="52421968" arrayletleaf="0"/>
  <largest-consumer threadName="main" threadId="0000000001033F00" bytes="52421968" />
</allocation-stats>
<gc-op id="2110" type="copy forward" timems="9.420" contextid="2107" timestamp="2019-08-09T08:30:28.854">
  <memory-copied type="eden" objects="44" bytes="1432" bytesdiscarded="680" />
  <memory-copied type="other" objects="29" bytes="760" bytesdiscarded="608" />
  <memory-cardclean objects="86" bytes="2848" />
  <regions eden="25" other="1" />
  <remembered-set-cleared processed="10808" cleared="10" durationms="0.218" />
  <stringconstants candidates="13816" cleared="0"  />
</gc-op>
<gc-op id="2111" type="classunload" timems="0.009" contextid="2107" timestamp="2019-08-09T08:30:28.854">
  <classunload-info classloadercandidates="54" classloadersunloaded="0" classesunloaded="0" anonymousclassesunloaded="0" quiescems="0.000" setupms="0.008" scanms="0.000" postms="0.000" />
</gc-op>
<gc-end id="2112" type="partial gc" contextid="2107" durationms="10.781" usertimems="21.656" systemtimems="0.000" timestamp="2019-08-09T08:30:28.854" activeThreads="16">
  <mem-info id="2113" free="102760448" total="178257920" percent="57">
    <mem type="eden" free="2095040" total="2097152" percent="99" />
    <remembered-set count="14048" freebytes="7070208" totalbytes="7126400" percent="99" regionsoverflowed="0" regionsstable="9" regionsrebuilding="0"/>
  </mem-info>
</gc-end>
<cycle-end id="2114" type="partial gc" contextid="2107" timestamp="2019-08-09T08:30:28.854" />
  <attribute name="elasticGC enabled" value="1" />
  <attribute name= "numThreadsSpecified" value="16" />
  <attribute name="heapSize specified" value="0" />
  <attribute name="Current GC Util" value="121" />
  <attribute name= "Current Time Running" value="85042" />
  <attribute name ="GC Interval" value="0" />
  <attribute name="Target GC Util Change" value ="80.000000" />
  <attribute name="Current GC Util Change" value="121.000000"/>
  <attribute name="Current Error" value="15.000000" />
  <attribute name="Output H" value="178295768"/>
  <attribute name="Output I" value="2008"/>
  <attribute name="Output T" value="16"/>
  <attribute name= "Current Time Running" value="85042" />
  <attribute name="GC Util currently" value="121" />
  <attribute name="CPU Util currently" value="1651733393818" />
<exclusive-end id="2115" timestamp="2019-08-09T08:30:28.855" durationms="11.264" />

<exclusive-start id="2116" timestamp="2019-08-09T08:30:28.936" intervalms="92.932">
  <response-info timems="0.019" idlems="0.019" threads="0" lastid="0000000001033F00" lastname="main" />
</exclusive-start>
<allocation-taxation id="2117" taxation-threshold="52428800" timestamp="2019-08-09T08:30:28.936" intervalms="92.939" />
<cycle-start id="2118" type="partial gc" contextid="0" timestamp="2019-08-09T08:30:28.936" intervalms="92.974" />
<gc-start id="2119" type="partial gc" contextid="2118" timestamp="2019-08-09T08:30:28.937">
  <mem-info id="2120" free="50331648" total="178257920" percent="28">
    <mem type="eden" free="0" total="52428800" percent="0" />
    <remembered-set count="14048" freebytes="7070208" totalbytes="7126400" percent="99" regionsoverflowed="0" regionsstable="9" regionsrebuilding="0"/>
  </mem-info>
</gc-start>
<allocation-stats totalBytes="52413824" >
  <allocated-bytes non-tlh="0" tlh="52413824" arrayletleaf="0"/>
  <largest-consumer threadName="main" threadId="0000000001033F00" bytes="52413824" />
</allocation-stats>
<gc-op id="2121" type="copy forward" timems="8.824" contextid="2118" timestamp="2019-08-09T08:30:28.946">
  <memory-copied type="eden" objects="37" bytes="1472" bytesdiscarded="680" />
  <memory-copied type="other" objects="6" bytes="136" bytesdiscarded="728" />
  <memory-cardclean objects="63" bytes="2208" />
  <regions eden="25" other="1" />
  <remembered-set-cleared processed="10815" cleared="10" durationms="0.158" />
  <stringconstants candidates="13816" cleared="0"  />
</gc-op>
<gc-op id="2122" type="classunload" timems="0.009" contextid="2118" timestamp="2019-08-09T08:30:28.946">
  <classunload-info classloadercandidates="54" classloadersunloaded="0" classesunloaded="0" anonymousclassesunloaded="0" quiescems="0.000" setupms="0.009" scanms="0.000" postms="0.000" />
</gc-op>
<gc-end id="2123" type="partial gc" contextid="2118" durationms="9.917" usertimems="22.756" systemtimems="0.000" timestamp="2019-08-09T08:30:28.946" activeThreads="16">
  <mem-info id="2124" free="100663296" total="178257920" percent="56">
    <mem type="eden" free="2095000" total="2097152" percent="99" />
    <remembered-set count="14624" freebytes="7067904" totalbytes="7126400" percent="99" regionsoverflowed="0" regionsstable="9" regionsrebuilding="0"/>
  </mem-info>
</gc-end>
<cycle-end id="2125" type="partial gc" contextid="2118" timestamp="2019-08-09T08:30:28.947" />
  <attribute name="elasticGC enabled" value="1" />
  <attribute name= "numThreadsSpecified" value="16" />
  <attribute name="heapSize specified" value="0" />
  <attribute name="Current GC Util" value="134" />
  <attribute name= "Current Time Running" value="85135" />
  <attribute name ="GC Interval" value="0" />
  <attribute name="Target GC Util Change" value ="80.000000" />
  <attribute name="Current GC Util Change" value="134.000000"/>
  <attribute name="Current Error" value="19.000000" />
  <attribute name="Output H" value="178295776"/>
  <attribute name="Output I" value="2016"/>
  <attribute name="Output T" value="16"/>
  <attribute name= "Current Time Running" value="85135" />
  <attribute name="GC Util currently" value="134" />
  <attribute name="CPU Util currently" value="2093518314329" />
<exclusive-end id="2126" timestamp="2019-08-09T08:30:28.947" durationms="10.615" />

<exclusive-start id="2127" timestamp="2019-08-09T08:30:29.007" intervalms="71.127">
  <response-info timems="0.019" idlems="0.019" threads="0" lastid="0000000001033F00" lastname="main" />
</exclusive-start>
<allocation-taxation id="2128" taxation-threshold="52428800" timestamp="2019-08-09T08:30:29.007" intervalms="71.142" />
<cycle-start id="2129" type="partial gc" contextid="0" timestamp="2019-08-09T08:30:29.007" intervalms="71.130" />
<gc-start id="2130" type="partial gc" contextid="2129" timestamp="2019-08-09T08:30:29.008">
  <mem-info id="2131" free="48234496" total="178257920" percent="27">
    <mem type="eden" free="0" total="52428800" percent="0" />
    <remembered-set count="14144" freebytes="7069824" totalbytes="7126400" percent="99" regionsoverflowed="0" regionsstable="9" regionsrebuilding="0"/>
  </mem-info>
</gc-start>
<allocation-stats totalBytes="52417640" >
  <allocated-bytes non-tlh="0" tlh="52417640" arrayletleaf="0"/>
  <largest-consumer threadName="main" threadId="0000000001033F00" bytes="52417640" />
</allocation-stats>
<gc-op id="2132" type="copy forward" timems="8.536" contextid="2129" timestamp="2019-08-09T08:30:29.017">
  <memory-copied type="eden" objects="35" bytes="1024" bytesdiscarded="1312" />
  <memory-copied type="other" objects="7" bytes="184" bytesdiscarded="728" />
  <memory-cardclean objects="76" bytes="2552" />
  <regions eden="25" other="1" />
  <remembered-set-cleared processed="10821" cleared="15" durationms="0.190" />
  <stringconstants candidates="13816" cleared="0"  />
</gc-op>
<gc-op id="2133" type="classunload" timems="0.008" contextid="2129" timestamp="2019-08-09T08:30:29.017">
  <classunload-info classloadercandidates="54" classloadersunloaded="0" classesunloaded="0" anonymousclassesunloaded="0" quiescems="0.000" setupms="0.007" scanms="0.000" postms="0.000" />
</gc-op>
<heap-resize id="2134" type="expand" space="default" amount="20971520" count="1" timems="0.134" reason="excessive time being spent in gc" timestamp="2019-08-09T08:30:29.017" />
<gc-end id="2135" type="partial gc" contextid="2129" durationms="9.794" usertimems="23.468" systemtimems="0.000" timestamp="2019-08-09T08:30:29.017" activeThreads="16">
  <mem-info id="2136" free="119537664" total="199229440" percent="60">
    <mem type="eden" free="2094816" total="2097152" percent="99" />
    <remembered-set count="14656" freebytes="7906176" totalbytes="7964800" percent="99" regionsoverflowed="0" regionsstable="9" regionsrebuilding="0"/>
  </mem-info>
</gc-end>
<cycle-end id="2137" type="partial gc" contextid="2129" timestamp="2019-08-09T08:30:29.018" />
  <attribute name="elasticGC enabled" value="1" />
  <attribute name= "numThreadsSpecified" value="16" />
  <attribute name="heapSize specified" value="0" />
  <attribute name="Current GC Util" value="148" />
  <attribute name= "Current Time Running" value="85206" />
  <attribute name ="GC Interval" value="0" />
  <attribute name="Target GC Util Change" value ="80.000000" />
  <attribute name="Current GC Util Change" value="148.000000"/>
  <attribute name="Current Error" value="-19.000000" />
  <attribute name="Output H" value="178295752"/>
  <attribute name="Output I" value="1992"/>
  <attribute name="Output T" value="16"/>
  <attribute name= "Current Time Running" value="85206" />
  <attribute name="GC Util currently" value="148" />
  <attribute name="CPU Util currently" value="1723278354178" />
<exclusive-end id="2138" timestamp="2019-08-09T08:30:29.018" durationms="10.365" />

<exclusive-start id="2139" timestamp="2019-08-09T08:30:29.094" intervalms="86.859">
  <response-info timems="0.018" idlems="0.018" threads="0" lastid="0000000001033F00" lastname="main" />
</exclusive-start>
<allocation-taxation id="2140" taxation-threshold="56623104" timestamp="2019-08-09T08:30:29.094" intervalms="86.838" />
<cycle-start id="2141" type="partial gc" contextid="0" timestamp="2019-08-09T08:30:29.094" intervalms="86.825" />
<gc-start id="2142" type="partial gc" contextid="2141" timestamp="2019-08-09T08:30:29.095">
  <mem-info id="2143" free="62914560" total="199229440" percent="31">
    <mem type="eden" free="0" total="56623104" percent="0" />
    <remembered-set count="14656" freebytes="7906176" totalbytes="7964800" percent="99" regionsoverflowed="0" regionsstable="9" regionsrebuilding="0"/>
  </mem-info>
</gc-start>
<allocation-stats totalBytes="56616264" >
  <allocated-bytes non-tlh="0" tlh="56616264" arrayletleaf="0"/>
  <largest-consumer threadName="main" threadId="0000000001033F00" bytes="56616264" />
</allocation-stats>
<gc-op id="2144" type="copy forward" timems="11.804" contextid="2141" timestamp="2019-08-09T08:30:29.108">
  <memory-copied type="eden" objects="27" bytes="840" bytesdiscarded="680" />
  <memory-copied type="other" objects="12" bytes="272" bytesdiscarded="1360" />
  <memory-cardclean objects="64" bytes="2032" />
  <regions eden="27" other="1" />
  <remembered-set-cleared processed="10824" cleared="14" durationms="0.200" />
  <stringconstants candidates="13816" cleared="0"  />
</gc-op>
<gc-op id="2145" type="classunload" timems="0.009" contextid="2141" timestamp="2019-08-09T08:30:29.108">
  <classunload-info classloadercandidates="54" classloadersunloaded="0" classesunloaded="0" anonymousclassesunloaded="0" quiescems="0.000" setupms="0.009" scanms="0.000" postms="0.000" />
</gc-op>
<gc-end id="2146" type="partial gc" contextid="2141" durationms="13.171" usertimems="32.779" systemtimems="0.000" timestamp="2019-08-09T08:30:29.108" activeThreads="16">
  <mem-info id="2147" free="117440512" total="199229440" percent="58">
    <mem type="eden" free="2095632" total="2097152" percent="99" />
    <remembered-set count="15232" freebytes="7903872" totalbytes="7964800" percent="99" regionsoverflowed="0" regionsstable="9" regionsrebuilding="0"/>
  </mem-info>
</gc-end>
<cycle-end id="2148" type="partial gc" contextid="2141" timestamp="2019-08-09T08:30:29.108" />
  <attribute name="elasticGC enabled" value="1" />
  <attribute name= "numThreadsSpecified" value="16" />
  <attribute name="heapSize specified" value="0" />
  <attribute name="Current GC Util" value="183" />
  <attribute name= "Current Time Running" value="85293" />
  <attribute name ="GC Interval" value="0" />
  <attribute name="Target GC Util Change" value ="80.000000" />
  <attribute name="Current GC Util Change" value="183.000000"/>
  <attribute name="Current Error" value="-68.000000" />
  <attribute name="Output H" value="199267248"/>
  <attribute name="Output I" value="1968"/>
  <attribute name="Output T" value="16"/>
  <attribute name= "Current Time Running" value="85293" />
  <attribute name="GC Util currently" value="183" />
  <attribute name="CPU Util currently" value="1348864233461" />
<exclusive-end id="2149" timestamp="2019-08-09T08:30:29.108" durationms="13.905" />

<exclusive-start id="2150" timestamp="2019-08-09T08:30:29.173" intervalms="78.912">
  <response-info timems="0.017" idlems="0.017" threads="0" lastid="0000000001033F00" lastname="main" />
</exclusive-start>
<allocation-taxation id="2151" taxation-threshold="56623104" timestamp="2019-08-09T08:30:29.173" intervalms="78.916" />
<cycle-start id="2152" type="partial gc" contextid="0" timestamp="2019-08-09T08:30:29.173" intervalms="78.939" />
<gc-start id="2153" type="partial gc" contextid="2152" timestamp="2019-08-09T08:30:29.174">
  <mem-info id="2154" free="60817408" total="199229440" percent="30">
    <mem type="eden" free="0" total="56623104" percent="0" />
    <remembered-set count="15232" freebytes="7903872" totalbytes="7964800" percent="99" regionsoverflowed="0" regionsstable="9" regionsrebuilding="0"/>
  </mem-info>
</gc-start>
<allocation-stats totalBytes="56619040" >
  <allocated-bytes non-tlh="0" tlh="56619040" arrayletleaf="0"/>
  <largest-consumer threadName="main" threadId="0000000001033F00" bytes="56619040" />
</allocation-stats>
<gc-op id="2155" type="copy forward" timems="8.926" contextid="2152" timestamp="2019-08-09T08:30:29.184">
  <memory-copied type="eden" objects="32" bytes="1064" bytesdiscarded="1336" />
  <memory-copied type="other" objects="6" bytes="136" bytesdiscarded="728" />
  <memory-cardclean objects="88" bytes="2640" />
  <regions eden="27" other="1" />
  <remembered-set-cleared processed="10828" cleared="14" durationms="0.190" />
  <stringconstants candidates="13816" cleared="0"  />
</gc-op>
<gc-op id="2156" type="classunload" timems="0.009" contextid="2152" timestamp="2019-08-09T08:30:29.184">
  <classunload-info classloadercandidates="54" classloadersunloaded="0" classesunloaded="0" anonymousclassesunloaded="0" quiescems="0.000" setupms="0.008" scanms="0.000" postms="0.000" />
</gc-op>
<heap-resize id="2157" type="expand" space="default" amount="10485760" count="1" timems="0.096" reason="excessive time being spent in gc" timestamp="2019-08-09T08:30:29.184" />
<gc-end id="2158" type="partial gc" contextid="2152" durationms="10.514" usertimems="23.137" systemtimems="0.000" timestamp="2019-08-09T08:30:29.184" activeThreads="16">
  <mem-info id="2159" free="125829120" total="209715200" percent="60">
    <mem type="eden" free="2094752" total="2097152" percent="99" />
    <remembered-set count="15808" freebytes="8320768" totalbytes="8384000" percent="99" regionsoverflowed="0" regionsstable="9" regionsrebuilding="0"/>
  </mem-info>
</gc-end>
<cycle-end id="2160" type="partial gc" contextid="2152" timestamp="2019-08-09T08:30:29.184" />
  <attribute name="elasticGC enabled" value="1" />
  <attribute name= "numThreadsSpecified" value="16" />
  <attribute name="heapSize specified" value="0" />
  <attribute name="Current GC Util" value="122" />
  <attribute name= "Current Time Running" value="85372" />
  <attribute name ="GC Interval" value="0" />
  <attribute name="Target GC Util Change" value ="80.000000" />
  <attribute name="Current GC Util Change" value="122.000000"/>
  <attribute name="Current Error" value="-70.000000" />
  <attribute name="Output H" value="199267240"/>
  <attribute name="Output I" value="1960"/>
  <attribute name="Output T" value="16"/>
  <attribute name= "Current Time Running" value="85372" />
  <attribute name="GC Util currently" value="122" />
  <attribute name="CPU Util currently" value="1226690986222" />
<exclusive-end id="2161" timestamp="2019-08-09T08:30:29.184" durationms="11.101" />

<exclusive-start id="2162" timestamp="2019-08-09T08:30:29.361" intervalms="188.150">
  <response-info timems="0.016" idlems="0.016" threads="0" lastid="0000000001033F00" lastname="main" />
</exclusive-start>
<allocation-taxation id="2163" taxation-threshold="58720256" timestamp="2019-08-09T08:30:29.361" intervalms="188.154" />
<cycle-start id="2164" type="partial gc" contextid="0" timestamp="2019-08-09T08:30:29.361" intervalms="188.219" />
<gc-start id="2165" type="partial gc" contextid="2164" timestamp="2019-08-09T08:30:29.362">
  <mem-info id="2166" free="67108864" total="209715200" percent="32">
    <mem type="eden" free="0" total="58720256" percent="0" />
    <remembered-set count="15328" freebytes="8322688" totalbytes="8384000" percent="99" regionsoverflowed="0" regionsstable="9" regionsrebuilding="0"/>
  </mem-info>
</gc-start>
<allocation-stats totalBytes="58716360" >
  <allocated-bytes non-tlh="0" tlh="58716360" arrayletleaf="0"/>
  <largest-consumer threadName="main" threadId="0000000001033F00" bytes="58716360" />
</allocation-stats>
<gc-op id="2167" type="copy forward" timems="10.592" contextid="2164" timestamp="2019-08-09T08:30:29.374">
  <memory-copied type="eden" objects="45" bytes="1192" bytesdiscarded="216" />
  <memory-copied type="other" objects="12" bytes="272" bytesdiscarded="1360" />
  <memory-cardclean objects="60" bytes="1920" />
  <regions eden="28" other="1" />
  <remembered-set-cleared processed="10834" cleared="9" durationms="0.205" />
  <stringconstants candidates="13816" cleared="0"  />
</gc-op>
<gc-op id="2168" type="classunload" timems="0.008" contextid="2164" timestamp="2019-08-09T08:30:29.374">
  <classunload-info classloadercandidates="54" classloadersunloaded="0" classesunloaded="0" anonymousclassesunloaded="0" quiescems="0.000" setupms="0.008" scanms="0.000" postms="0.000" />
</gc-op>
<gc-end id="2169" type="partial gc" contextid="2164" durationms="12.277" usertimems="29.257" systemtimems="0.000" timestamp="2019-08-09T08:30:29.374" activeThreads="16">
  <mem-info id="2170" free="123731968" total="209715200" percent="59">
    <mem type="eden" free="2095744" total="2097152" percent="99" />
    <remembered-set count="15488" freebytes="8322048" totalbytes="8384000" percent="99" regionsoverflowed="0" regionsstable="9" regionsrebuilding="0"/>
  </mem-info>
</gc-end>
<cycle-end id="2171" type="partial gc" contextid="2164" timestamp="2019-08-09T08:30:29.374" />
  <attribute name="elasticGC enabled" value="1" />
  <attribute name= "numThreadsSpecified" value="16" />
  <attribute name="heapSize specified" value="0" />
  <attribute name="Current GC Util" value="103" />
  <attribute name= "Current Time Running" value="85561" />
  <attribute name ="GC Interval" value="0" />
  <attribute name="Target GC Util Change" value ="80.000000" />
  <attribute name="Current GC Util Change" value="103.000000"/>
  <attribute name="Current Error" value="46.000000" />
  <attribute name="Output H" value="209753072"/>
  <attribute name="Output I" value="2032"/>
  <attribute name="Output T" value="16"/>
  <attribute name= "Current Time Running" value="85561" />
  <attribute name="GC Util currently" value="103" />
  <attribute name="CPU Util currently" value="959889592888" />
<exclusive-end id="2172" timestamp="2019-08-09T08:30:29.374" durationms="12.921" />

<exclusive-start id="2173" timestamp="2019-08-09T08:30:29.432" intervalms="71.205">
  <response-info timems="0.019" idlems="0.019" threads="0" lastid="0000000001033F00" lastname="main" />
</exclusive-start>
<allocation-taxation id="2174" taxation-threshold="58720256" timestamp="2019-08-09T08:30:29.432" intervalms="71.198" />
<cycle-start id="2175" type="partial gc" contextid="0" timestamp="2019-08-09T08:30:29.433" intervalms="71.133" />
<gc-start id="2176" type="partial gc" contextid="2175" timestamp="2019-08-09T08:30:29.433">
  <mem-info id="2177" free="65011712" total="209715200" percent="31">
    <mem type="eden" free="0" total="58720256" percent="0" />
    <remembered-set count="15072" freebytes="8323712" totalbytes="8384000" percent="99" regionsoverflowed="0" regionsstable="9" regionsrebuilding="0"/>
  </mem-info>
</gc-start>
<allocation-stats totalBytes="58716048" >
  <allocated-bytes non-tlh="0" tlh="58716048" arrayletleaf="0"/>
  <largest-consumer threadName="main" threadId="0000000001033F00" bytes="58716048" />
</allocation-stats>
<gc-op id="2178" type="copy forward" timems="12.038" contextid="2175" timestamp="2019-08-09T08:30:29.446">
  <memory-copied type="eden" objects="30" bytes="904" bytesdiscarded="648" />
  <memory-copied type="other" objects="30" bytes="680" bytesdiscarded="168" />
  <memory-cardclean objects="71" bytes="2272" />
  <regions eden="28" other="1" />
  <remembered-set-cleared processed="10840" cleared="15" durationms="0.175" />
  <stringconstants candidates="13816" cleared="0"  />
</gc-op>
<gc-op id="2179" type="classunload" timems="0.009" contextid="2175" timestamp="2019-08-09T08:30:29.446">
  <classunload-info classloadercandidates="54" classloadersunloaded="0" classesunloaded="0" anonymousclassesunloaded="0" quiescems="0.000" setupms="0.009" scanms="0.000" postms="0.000" />
</gc-op>
<gc-end id="2180" type="partial gc" contextid="2175" durationms="13.359" usertimems="31.391" systemtimems="0.000" timestamp="2019-08-09T08:30:29.446" activeThreads="16">
  <mem-info id="2181" free="121634816" total="209715200" percent="58">
    <mem type="eden" free="2095600" total="2097152" percent="99" />
    <remembered-set count="15040" freebytes="8323840" totalbytes="8384000" percent="99" regionsoverflowed="0" regionsstable="9" regionsrebuilding="0"/>
  </mem-info>
</gc-end>
<cycle-end id="2182" type="partial gc" contextid="2175" timestamp="2019-08-09T08:30:29.446" />
  <attribute name="elasticGC enabled" value="1" />
  <attribute name= "numThreadsSpecified" value="16" />
  <attribute name="heapSize specified" value="0" />
  <attribute name="Current GC Util" value="196" />
  <attribute name= "Current Time Running" value="85632" />
  <attribute name ="GC Interval" value="0" />
  <attribute name="Target GC Util Change" value ="80.000000" />
  <attribute name="Current GC Util Change" value="196.000000"/>
  <attribute name="Current Error" value="-30.000000" />
  <attribute name="Output H" value="209753024"/>
  <attribute name="Output I" value="1984"/>
  <attribute name="Output T" value="16"/>
  <attribute name= "Current Time Running" value="85632" />
  <attribute name="GC Util currently" value="196" />
  <attribute name="CPU Util currently" value="1267314330876" />
<exclusive-end id="2183" timestamp="2019-08-09T08:30:29.446" durationms="13.908" />

<exclusive-start id="2184" timestamp="2019-08-09T08:30:29.520" intervalms="87.536">
  <response-info timems="0.020" idlems="0.020" threads="0" lastid="0000000001033F00" lastname="main" />
</exclusive-start>
<allocation-taxation id="2185" taxation-threshold="58720256" timestamp="2019-08-09T08:30:29.520" intervalms="87.576" />
<cycle-start id="2186" type="partial gc" contextid="0" timestamp="2019-08-09T08:30:29.520" intervalms="87.586" />
<gc-start id="2187" type="partial gc" contextid="2186" timestamp="2019-08-09T08:30:29.520">
  <mem-info id="2188" free="62914560" total="209715200" percent="30">
    <mem type="eden" free="0" total="58720256" percent="0" />
    <remembered-set count="14656" freebytes="8325376" totalbytes="8384000" percent="99" regionsoverflowed="0" regionsstable="9" regionsrebuilding="0"/>
  </mem-info>
</gc-start>
<allocation-stats totalBytes="58716144" >
  <allocated-bytes non-tlh="0" tlh="58716144" arrayletleaf="0"/>
  <largest-consumer threadName="main" threadId="0000000001033F00" bytes="58716144" />
</allocation-stats>
<gc-op id="2189" type="copy forward" timems="14.642" contextid="2186" timestamp="2019-08-09T08:30:29.536">
  <memory-copied type="eden" objects="29" bytes="904" bytesdiscarded="696" />
  <memory-copied type="other" objects="6" bytes="136" bytesdiscarded="648" />
  <memory-cardclean objects="55" bytes="1832" />
  <regions eden="28" other="1" />
  <remembered-set-cleared processed="10844" cleared="13" durationms="0.260" />
  <stringconstants candidates="13816" cleared="0"  />
</gc-op>
<gc-op id="2190" type="classunload" timems="0.012" contextid="2186" timestamp="2019-08-09T08:30:29.536">
  <classunload-info classloadercandidates="54" classloadersunloaded="0" classesunloaded="0" anonymousclassesunloaded="0" quiescems="0.000" setupms="0.012" scanms="0.000" postms="0.000" />
</gc-op>
<gc-end id="2191" type="partial gc" contextid="2186" durationms="15.778" usertimems="37.663" systemtimems="0.000" timestamp="2019-08-09T08:30:29.536" activeThreads="16">
  <mem-info id="2192" free="119537664" total="209715200" percent="57">
    <mem type="eden" free="2095552" total="2097152" percent="99" />
    <remembered-set count="15712" freebytes="8321152" totalbytes="8384000" percent="99" regionsoverflowed="0" regionsstable="9" regionsrebuilding="0"/>
  </mem-info>
</gc-end>
<cycle-end id="2193" type="partial gc" contextid="2186" timestamp="2019-08-09T08:30:29.536" />
  <attribute name="elasticGC enabled" value="1" />
  <attribute name= "numThreadsSpecified" value="16" />
  <attribute name="heapSize specified" value="0" />
  <attribute name="Current GC Util" value="159" />
  <attribute name= "Current Time Running" value="85719" />
  <attribute name ="GC Interval" value="0" />
  <attribute name="Target GC Util Change" value ="80.000000" />
  <attribute name="Current GC Util Change" value="159.000000"/>
  <attribute name="Current Error" value="-63.000000" />
  <attribute name="Output H" value="209753008"/>
  <attribute name="Output I" value="1968"/>
  <attribute name="Output T" value="16"/>
  <attribute name= "Current Time Running" value="85719" />
  <attribute name="GC Util currently" value="159" />
  <attribute name="CPU Util currently" value="1854776204899" />
<exclusive-end id="2194" timestamp="2019-08-09T08:30:29.536" durationms="16.522" />

<exclusive-start id="2195" timestamp="2019-08-09T08:30:29.655" intervalms="134.740">
  <response-info timems="0.020" idlems="0.020" threads="0" lastid="0000000001033F00" lastname="main" />
</exclusive-start>
<allocation-taxation id="2196" taxation-threshold="58720256" timestamp="2019-08-09T08:30:29.655" intervalms="134.772" />
<cycle-start id="2197" type="partial gc" contextid="0" timestamp="2019-08-09T08:30:29.655" intervalms="134.843" />
<gc-start id="2198" type="partial gc" contextid="2197" timestamp="2019-08-09T08:30:29.655">
  <mem-info id="2199" free="60817408" total="209715200" percent="29">
    <mem type="eden" free="0" total="58720256" percent="0" />
    <remembered-set count="15712" freebytes="8321152" totalbytes="8384000" percent="99" regionsoverflowed="0" regionsstable="9" regionsrebuilding="0"/>
  </mem-info>
</gc-start>
<allocation-stats totalBytes="58685184" >
  <allocated-bytes non-tlh="0" tlh="58685184" arrayletleaf="0"/>
  <largest-consumer threadName="main" threadId="0000000001033F00" bytes="58685184" />
</allocation-stats>
<gc-op id="2200" type="copy forward" timems="9.926" contextid="2197" timestamp="2019-08-09T08:30:29.666">
  <memory-copied type="eden" objects="49" bytes="3072" bytesdiscarded="1056" />
  <memory-copied type="other" objects="6" bytes="136" bytesdiscarded="728" />
  <memory-cardclean objects="69" bytes="2152" />
  <regions eden="28" other="1" />
  <remembered-set-cleared processed="10847" cleared="13" durationms="0.173" />
  <stringconstants candidates="13816" cleared="0"  />
</gc-op>
<gc-op id="2201" type="classunload" timems="0.008" contextid="2197" timestamp="2019-08-09T08:30:29.666">
  <classunload-info classloadercandidates="54" classloadersunloaded="0" classesunloaded="0" anonymousclassesunloaded="0" quiescems="0.000" setupms="0.007" scanms="0.000" postms="0.000" />
</gc-op>
<heap-resize id="2202" type="expand" space="default" amount="20971520" count="1" timems="0.136" reason="excessive time being spent in gc" timestamp="2019-08-09T08:30:29.666" />
<gc-end id="2203" type="partial gc" contextid="2197" durationms="11.235" usertimems="27.268" systemtimems="0.000" timestamp="2019-08-09T08:30:29.666" activeThreads="16">
  <mem-info id="2204" free="138412032" total="230686720" percent="60">
    <mem type="eden" free="2093024" total="2097152" percent="99" />
    <remembered-set count="15776" freebytes="9159296" totalbytes="9222400" percent="99" regionsoverflowed="0" regionsstable="9" regionsrebuilding="0"/>
  </mem-info>
</gc-end>
<cycle-end id="2205" type="partial gc" contextid="2197" timestamp="2019-08-09T08:30:29.667" />
  <attribute name="elasticGC enabled" value="1" />
  <attribute name= "numThreadsSpecified" value="16" />
  <attribute name="heapSize specified" value="0" />
  <attribute name="Current GC Util" value="232" />
  <attribute name= "Current Time Running" value="85854" />
  <attribute name ="GC Interval" value="0" />
  <attribute name="Target GC Util Change" value ="80.000000" />
  <attribute name="Current GC Util Change" value="232.000000"/>
  <attribute name="Current Error" value="-99.000000" />
  <attribute name="Output H" value="209752984"/>
  <attribute name="Output I" value="1944"/>
  <attribute name="Output T" value="16"/>
  <attribute name= "Current Time Running" value="85854" />
  <attribute name="GC Util currently" value="232" />
  <attribute name="CPU Util currently" value="1558638078809" />
<exclusive-end id="2206" timestamp="2019-08-09T08:30:29.667" durationms="11.929" />

<exclusive-start id="2207" timestamp="2019-08-09T08:30:29.750" intervalms="95.423">
  <response-info timems="0.023" idlems="0.023" threads="0" lastid="0000000001033F00" lastname="main" />
</exclusive-start>
<allocation-taxation id="2208" taxation-threshold="65011712" timestamp="2019-08-09T08:30:29.750" intervalms="95.414" />
<cycle-start id="2209" type="partial gc" contextid="0" timestamp="2019-08-09T08:30:29.750" intervalms="95.327" />
<gc-start id="2210" type="partial gc" contextid="2209" timestamp="2019-08-09T08:30:29.751">
  <mem-info id="2211" free="73400320" total="230686720" percent="31">
    <mem type="eden" free="0" total="65011712" percent="0" />
    <remembered-set count="15296" freebytes="9161216" totalbytes="9222400" percent="99" regionsoverflowed="0" regionsstable="9" regionsrebuilding="0"/>
  </mem-info>
</gc-start>
<allocation-stats totalBytes="64980024" >
  <allocated-bytes non-tlh="0" tlh="64980024" arrayletleaf="0"/>
  <largest-consumer threadName="main" threadId="0000000001033F00" bytes="64980024" />
</allocation-stats>
<gc-op id="2212" type="copy forward" timems="8.996" contextid="2209" timestamp="2019-08-09T08:30:29.761">
  <memory-copied type="eden" objects="28" bytes="1368" bytesdiscarded="1312" />
  <memory-copied type="other" objects="18" bytes="408" bytesdiscarded="648" />
  <memory-cardclean objects="72" bytes="2248" />
  <regions eden="31" other="1" />
  <remembered-set-cleared processed="10853" cleared="16" durationms="0.245" />
  <stringconstants candidates="13816" cleared="0"  />
</gc-op>
<gc-op id="2213" type="classunload" timems="0.008" contextid="2209" timestamp="2019-08-09T08:30:29.761">
  <classunload-info classloadercandidates="54" classloadersunloaded="0" classesunloaded="0" anonymousclassesunloaded="0" quiescems="0.000" setupms="0.007" scanms="0.000" postms="0.000" />
</gc-op>
<heap-resize id="2214" type="expand" space="default" amount="6291456" count="1" timems="0.126" reason="excessive time being spent in gc" timestamp="2019-08-09T08:30:29.761" />
<gc-end id="2215" type="partial gc" contextid="2209" durationms="10.339" usertimems="26.727" systemtimems="0.000" timestamp="2019-08-09T08:30:29.761" activeThreads="16">
  <mem-info id="2216" free="142606336" total="236978176" percent="60">
    <mem type="eden" free="2094472" total="2097152" percent="99" />
    <remembered-set count="16352" freebytes="9408512" totalbytes="9473920" percent="99" regionsoverflowed="0" regionsstable="9" regionsrebuilding="0"/>
  </mem-info>
</gc-end>
<cycle-end id="2217" type="partial gc" contextid="2209" timestamp="2019-08-09T08:30:29.761" />
  <attribute name="elasticGC enabled" value="1" />
  <attribute name= "numThreadsSpecified" value="16" />
  <attribute name="heapSize specified" value="0" />
  <attribute name="Current GC Util" value="122" />
  <attribute name= "Current Time Running" value="85949" />
  <attribute name ="GC Interval" value="0" />
  <attribute name="Target GC Util Change" value ="80.000000" />
  <attribute name="Current GC Util Change" value="122.000000"/>
  <attribute name="Current Error" value="-88.000000" />
  <attribute name="Output H" value="230724512"/>
  <attribute name="Output I" value="1952"/>
  <attribute name="Output T" value="16"/>
  <attribute name= "Current Time Running" value="85949" />
  <attribute name="GC Util currently" value="122" />
  <attribute name="CPU Util currently" value="1468592487443" />
<exclusive-end id="2218" timestamp="2019-08-09T08:30:29.761" durationms="10.901" />

<exclusive-start id="2219" timestamp="2019-08-09T08:30:29.782" intervalms="31.900">
  <response-info timems="0.015" idlems="0.015" threads="0" lastid="0000000001033F00" lastname="main" />
</exclusive-start>
<allocation-taxation id="2220" taxation-threshold="67108864" timestamp="2019-08-09T08:30:29.782" intervalms="31.891" />
<cycle-start id="2221" type="partial gc" contextid="0" timestamp="2019-08-09T08:30:29.782" intervalms="31.935" />
<gc-start id="2222" type="partial gc" contextid="2221" timestamp="2019-08-09T08:30:29.783">
  <mem-info id="2223" free="75497472" total="236978176" percent="31">
    <mem type="eden" free="0" total="67108864" percent="0" />
    <remembered-set count="15872" freebytes="9410432" totalbytes="9473920" percent="99" regionsoverflowed="0" regionsstable="9" regionsrebuilding="0"/>
  </mem-info>
</gc-start>
<allocation-stats totalBytes="66991032" >
  <allocated-bytes non-tlh="0" tlh="66991032" arrayletleaf="0"/>
  <largest-consumer threadName="main" threadId="0000000001033F00" bytes="66991032" />
</allocation-stats>
<gc-op id="2224" type="copy forward" timems="9.978" contextid="2221" timestamp="2019-08-09T08:30:29.794">
  <memory-copied type="eden" objects="3" bytes="72" bytesdiscarded="720" />
  <memory-copied type="other" objects="27" bytes="1336" bytesdiscarded="1056" />
  <memory-cardclean objects="43" bytes="1640" />
  <regions eden="32" other="1" />
  <remembered-set-cleared processed="10856" cleared="13" durationms="0.233" />
  <stringconstants candidates="13816" cleared="0"  />
</gc-op>
<gc-op id="2225" type="classunload" timems="0.009" contextid="2221" timestamp="2019-08-09T08:30:29.794">
  <classunload-info classloadercandidates="54" classloadersunloaded="0" classesunloaded="0" anonymousclassesunloaded="0" quiescems="0.000" setupms="0.009" scanms="0.000" postms="0.000" />
</gc-op>
<heap-resize id="2226" type="expand" space="default" amount="4194304" count="1" timems="0.079" reason="excessive time being spent in gc" timestamp="2019-08-09T08:30:29.794" />
<gc-end id="2227" type="partial gc" contextid="2221" durationms="11.317" usertimems="27.114" systemtimems="0.000" timestamp="2019-08-09T08:30:29.794" activeThreads="16">
  <mem-info id="2228" free="144703488" total="241172480" percent="60">
    <mem type="eden" free="2096360" total="2097152" percent="99" />
    <remembered-set count="15904" freebytes="9577984" totalbytes="9641600" percent="99" regionsoverflowed="0" regionsstable="9" regionsrebuilding="0"/>
  </mem-info>
</gc-end>
<cycle-end id="2229" type="partial gc" contextid="2221" timestamp="2019-08-09T08:30:29.794" />
  <attribute name="elasticGC enabled" value="1" />
  <attribute name= "numThreadsSpecified" value="16" />
  <attribute name="heapSize specified" value="0" />
  <attribute name="Current GC Util" value="187" />
  <attribute name= "Current Time Running" value="85981" />
  <attribute name ="GC Interval" value="0" />
  <attribute name="Target GC Util Change" value ="80.000000" />
  <attribute name="Current GC Util Change" value="187.000000"/>
  <attribute name="Current Error" value="-197.000000" />
  <attribute name="Output H" value="237015904"/>
  <attribute name="Output I" value="1888"/>
  <attribute name="Output T" value="16"/>
  <attribute name= "Current Time Running" value="85981" />
  <attribute name="GC Util currently" value="187" />
  <attribute name="CPU Util currently" value="1545466995105" />
<exclusive-end id="2230" timestamp="2019-08-09T08:30:29.794" durationms="12.006" />

<exclusive-start id="2231" timestamp="2019-08-09T08:30:29.819" intervalms="37.008">
  <response-info timems="0.020" idlems="0.020" threads="0" lastid="0000000001033F00" lastname="main" />
</exclusive-start>
<allocation-taxation id="2232" taxation-threshold="67108864" timestamp="2019-08-09T08:30:29.819" intervalms="36.994" />
<cycle-start id="2233" type="partial gc" contextid="0" timestamp="2019-08-09T08:30:29.819" intervalms="37.002" />
<gc-start id="2234" type="partial gc" contextid="2233" timestamp="2019-08-09T08:30:29.819">
  <mem-info id="2235" free="77594624" total="241172480" percent="32">
    <mem type="eden" free="2096360" total="69206016" percent="3" />
    <remembered-set count="15424" freebytes="9579904" totalbytes="9641600" percent="99" regionsoverflowed="0" regionsstable="9" regionsrebuilding="0"/>
  </mem-info>
</gc-start>
<allocation-stats totalBytes="66990120" >
  <allocated-bytes non-tlh="0" tlh="66990120" arrayletleaf="0"/>
  <largest-consumer threadName="main" threadId="0000000001033F00" bytes="66990120" />
</allocation-stats>
<gc-op id="2236" type="copy forward" timems="9.397" contextid="2233" timestamp="2019-08-09T08:30:29.830">
  <memory-copied type="eden" objects="3" bytes="72" bytesdiscarded="0" />
  <memory-copied type="other" objects="0" bytes="0" bytesdiscarded="0" />
  <memory-cardclean objects="11" bytes="400" />
  <regions eden="32" other="1" />
  <remembered-set-cleared processed="10862" cleared="2" durationms="0.158" />
  <stringconstants candidates="13816" cleared="0"  />
</gc-op>
<gc-op id="2237" type="classunload" timems="0.009" contextid="2233" timestamp="2019-08-09T08:30:29.830">
  <classunload-info classloadercandidates="54" classloadersunloaded="0" classesunloaded="0" anonymousclassesunloaded="0" quiescems="0.000" setupms="0.008" scanms="0.000" postms="0.000" />
</gc-op>
<gc-end id="2238" type="partial gc" contextid="2233" durationms="10.453" usertimems="24.741" systemtimems="0.000" timestamp="2019-08-09T08:30:29.830" activeThreads="16">
  <mem-info id="2239" free="144703488" total="241172480" percent="60">
    <mem type="eden" free="2097080" total="2097152" percent="99" />
    <remembered-set count="14656" freebytes="9582976" totalbytes="9641600" percent="99" regionsoverflowed="0" regionsstable="9" regionsrebuilding="0"/>
  </mem-info>
</gc-end>
<cycle-end id="2240" type="partial gc" contextid="2233" timestamp="2019-08-09T08:30:29.830" />
  <attribute name="elasticGC enabled" value="1" />
  <attribute name= "numThreadsSpecified" value="16" />
  <attribute name="heapSize specified" value="0" />
  <attribute name="Current GC Util" value="134" />
  <attribute name= "Current Time Running" value="86018" />
  <attribute name ="GC Interval" value="0" />
  <attribute name="Target GC Util Change" value ="80.000000" />
  <attribute name="Current GC Util Change" value="134.000000"/>
  <attribute name="Current Error" value="-45.000000" />
  <attribute name="Output H" value="241210296"/>
  <attribute name="Output I" value="1976"/>
  <attribute name="Output T" value="16"/>
  <attribute name= "Current Time Running" value="86018" />
  <attribute name="GC Util currently" value="134" />
  <attribute name="CPU Util currently" value="1842846247107" />
<exclusive-end id="2241" timestamp="2019-08-09T08:30:29.830" durationms="11.060" />

<exclusive-start id="2242" timestamp="2019-08-09T08:30:29.861" intervalms="42.430">
  <response-info timems="0.020" idlems="0.020" threads="0" lastid="0000000001033F00" lastname="main" />
</exclusive-start>
<allocation-taxation id="2243" taxation-threshold="67108864" timestamp="2019-08-09T08:30:29.862" intervalms="42.503" />
<cycle-start id="2244" type="partial gc" contextid="0" timestamp="2019-08-09T08:30:29.862" intervalms="42.456" />
<gc-start id="2245" type="partial gc" contextid="2244" timestamp="2019-08-09T08:30:29.862">
  <mem-info id="2246" free="77594624" total="241172480" percent="32">
    <mem type="eden" free="2097080" total="69206016" percent="3" />
    <remembered-set count="14656" freebytes="9582976" totalbytes="9641600" percent="99" regionsoverflowed="0" regionsstable="9" regionsrebuilding="0"/>
  </mem-info>
</gc-start>
<allocation-stats totalBytes="66994824" >
  <allocated-bytes non-tlh="0" tlh="66994824" arrayletleaf="0"/>
  <largest-consumer threadName="main" threadId="0000000001033F00" bytes="66994824" />
</allocation-stats>
<gc-op id="2247" type="copy forward" timems="9.341" contextid="2244" timestamp="2019-08-09T08:30:29.872">
  <memory-copied type="eden" objects="30" bytes="1328" bytesdiscarded="1216" />
  <memory-copied type="other" objects="0" bytes="0" bytesdiscarded="0" />
  <memory-cardclean objects="87" bytes="2720" />
  <regions eden="32" other="1" />
  <remembered-set-cleared processed="10862" cleared="16" durationms="0.195" />
  <stringconstants candidates="13816" cleared="0"  />
</gc-op>
<gc-op id="2248" type="classunload" timems="0.009" contextid="2244" timestamp="2019-08-09T08:30:29.872">
  <classunload-info classloadercandidates="54" classloadersunloaded="0" classesunloaded="0" anonymousclassesunloaded="0" quiescems="0.000" setupms="0.008" scanms="0.000" postms="0.000" />
</gc-op>
<gc-end id="2249" type="partial gc" contextid="2244" durationms="10.476" usertimems="25.450" systemtimems="0.000" timestamp="2019-08-09T08:30:29.872" activeThreads="16">
  <mem-info id="2250" free="144703488" total="241172480" percent="60">
    <mem type="eden" free="2094608" total="2097152" percent="99" />
    <remembered-set count="15488" freebytes="9579648" totalbytes="9641600" percent="99" regionsoverflowed="0" regionsstable="9" regionsrebuilding="0"/>
  </mem-info>
</gc-end>
<cycle-end id="2251" type="partial gc" contextid="2244" timestamp="2019-08-09T08:30:29.872" />
  <attribute name="elasticGC enabled" value="1" />
  <attribute name= "numThreadsSpecified" value="16" />
  <attribute name="heapSize specified" value="0" />
  <attribute name="Current GC Util" value="155" />
  <attribute name= "Current Time Running" value="86061" />
  <attribute name ="GC Interval" value="0" />
  <attribute name="Target GC Util Change" value ="80.000000" />
  <attribute name="Current GC Util Change" value="155.000000"/>
  <attribute name="Current Error" value="-97.000000" />
  <attribute name="Output H" value="241210264"/>
  <attribute name="Output I" value="1944"/>
  <attribute name="Output T" value="16"/>
  <attribute name= "Current Time Running" value="86061" />
  <attribute name="GC Util currently" value="155" />
  <attribute name="CPU Util currently" value="1686275109672" />
<exclusive-end id="2252" timestamp="2019-08-09T08:30:29.873" durationms="11.130" />

<exclusive-start id="2253" timestamp="2019-08-09T08:30:29.962" intervalms="100.302">
  <response-info timems="0.033" idlems="0.033" threads="0" lastid="0000000001033F00" lastname="main" />
</exclusive-start>
<allocation-taxation id="2254" taxation-threshold="67108864" timestamp="2019-08-09T08:30:29.962" intervalms="100.197" />
<cycle-start id="2255" type="partial gc" contextid="0" timestamp="2019-08-09T08:30:29.962" intervalms="100.430" />
<gc-start id="2256" type="partial gc" contextid="2255" timestamp="2019-08-09T08:30:29.962">
  <mem-info id="2257" free="77594624" total="241172480" percent="32">
    <mem type="eden" free="0" total="67108864" percent="0" />
    <remembered-set count="15008" freebytes="9581568" totalbytes="9641600" percent="99" regionsoverflowed="0" regionsstable="9" regionsrebuilding="0"/>
  </mem-info>
</gc-start>
<allocation-stats totalBytes="67051848" >
  <allocated-bytes non-tlh="0" tlh="67051848" arrayletleaf="0"/>
  <largest-consumer threadName="main" threadId="0000000001033F00" bytes="67051848" />
</allocation-stats>
<gc-op id="2258" type="copy forward" timems="13.911" contextid="2255" timestamp="2019-08-09T08:30:29.977">
  <memory-copied type="eden" objects="28" bytes="1480" bytesdiscarded="680" />
  <memory-copied type="other" objects="13" bytes="296" bytesdiscarded="1312" />
  <memory-cardclean objects="79" bytes="2624" />
  <regions eden="32" other="1" />
  <remembered-set-cleared processed="10862" cleared="16" durationms="0.184" />
  <stringconstants candidates="13816" cleared="0"  />
</gc-op>
<gc-op id="2259" type="classunload" timems="0.009" contextid="2255" timestamp="2019-08-09T08:30:29.977">
  <classunload-info classloadercandidates="54" classloadersunloaded="0" classesunloaded="0" anonymousclassesunloaded="0" quiescems="0.000" setupms="0.009" scanms="0.000" postms="0.000" />
</gc-op>
<heap-resize id="2260" type="expand" space="default" amount="6291456" count="1" timems="0.101" reason="excessive time being spent in gc" timestamp="2019-08-09T08:30:29.978" />
<gc-end id="2261" type="partial gc" contextid="2255" durationms="15.293" usertimems="29.774" systemtimems="0.000" timestamp="2019-08-09T08:30:29.978" activeThreads="16">
  <mem-info id="2262" free="148897792" total="247463936" percent="60">
    <mem type="eden" free="2094992" total="2097152" percent="99" />
    <remembered-set count="16000" freebytes="9829120" totalbytes="9893120" percent="99" regionsoverflowed="0" regionsstable="9" regionsrebuilding="0"/>
  </mem-info>
</gc-end>
<cycle-end id="2263" type="partial gc" contextid="2255" timestamp="2019-08-09T08:30:29.978" />
  <attribute name="elasticGC enabled" value="1" />
  <attribute name= "numThreadsSpecified" value="16" />
  <attribute name="heapSize specified" value="0" />
  <attribute name="Current GC Util" value="134" />
  <attribute name= "Current Time Running" value="86161" />
  <attribute name ="GC Interval" value="0" />
  <attribute name="Target GC Util Change" value ="80.000000" />
  <attribute name="Current GC Util Change" value="134.000000"/>
  <attribute name="Current Error" value="-95.000000" />
  <attribute name="Output H" value="241210272"/>
  <attribute name="Output I" value="1952"/>
  <attribute name="Output T" value="16"/>
  <attribute name= "Current Time Running" value="86161" />
  <attribute name="GC Util currently" value="134" />
  <attribute name="CPU Util currently" value="1614204664939" />
<exclusive-end id="2264" timestamp="2019-08-09T08:30:29.978" durationms="16.486" />

<exclusive-start id="2265" timestamp="2019-08-09T08:30:30.027" intervalms="65.175">
  <response-info timems="0.018" idlems="0.018" threads="0" lastid="0000000001033F00" lastname="main" />
</exclusive-start>
<allocation-taxation id="2266" taxation-threshold="69206016" timestamp="2019-08-09T08:30:30.027" intervalms="65.170" />
<cycle-start id="2267" type="partial gc" contextid="0" timestamp="2019-08-09T08:30:30.027" intervalms="65.018" />
<gc-start id="2268" type="partial gc" contextid="2267" timestamp="2019-08-09T08:30:30.027">
  <mem-info id="2269" free="79691776" total="247463936" percent="32">
    <mem type="eden" free="0" total="69206016" percent="0" />
    <remembered-set count="15520" freebytes="9831040" totalbytes="9893120" percent="99" regionsoverflowed="0" regionsstable="9" regionsrebuilding="0"/>
  </mem-info>
</gc-start>
<allocation-stats totalBytes="69144224" >
  <allocated-bytes non-tlh="0" tlh="69144224" arrayletleaf="0"/>
  <largest-consumer threadName="main" threadId="0000000001033F00" bytes="69144224" />
</allocation-stats>
<gc-op id="2270" type="copy forward" timems="10.458" contextid="2267" timestamp="2019-08-09T08:30:30.039">
  <memory-copied type="eden" objects="36" bytes="5200" bytesdiscarded="648" />
  <memory-copied type="other" objects="19" bytes="432" bytesdiscarded="1920" />
  <memory-cardclean objects="91" bytes="3008" />
  <regions eden="33" other="2" />
  <remembered-set-cleared processed="10863" cleared="18" durationms="0.244" />
  <stringconstants candidates="13816" cleared="0"  />
</gc-op>
<gc-op id="2271" type="classunload" timems="0.011" contextid="2267" timestamp="2019-08-09T08:30:30.039">
  <classunload-info classloadercandidates="54" classloadersunloaded="0" classesunloaded="0" anonymousclassesunloaded="0" quiescems="0.000" setupms="0.011" scanms="0.000" postms="0.000" />
</gc-op>
<heap-resize id="2272" type="expand" space="default" amount="4194304" count="1" timems="0.079" reason="excessive time being spent in gc" timestamp="2019-08-09T08:30:30.039" />
<gc-end id="2273" type="partial gc" contextid="2267" durationms="11.927" usertimems="28.963" systemtimems="0.000" timestamp="2019-08-09T08:30:30.039" activeThreads="16">
  <mem-info id="2274" free="150994944" total="251658240" percent="60">
    <mem type="eden" free="2091304" total="2097152" percent="99" />
    <remembered-set count="17024" freebytes="9992704" totalbytes="10060800" percent="99" regionsoverflowed="0" regionsstable="9" regionsrebuilding="0"/>
  </mem-info>
</gc-end>
<cycle-end id="2275" type="partial gc" contextid="2267" timestamp="2019-08-09T08:30:30.040" />
  <attribute name="elasticGC enabled" value="1" />
  <attribute name= "numThreadsSpecified" value="16" />
  <attribute name="heapSize specified" value="0" />
  <attribute name="Current GC Util" value="119" />
  <attribute name= "Current Time Running" value="86226" />
  <attribute name ="GC Interval" value="0" />
  <attribute name="Target GC Util Change" value ="80.000000" />
  <attribute name="Current GC Util Change" value="119.000000"/>
  <attribute name="Current Error" value="-4.000000" />
  <attribute name="Output H" value="247501776"/>
  <attribute name="Output I" value="2000"/>
  <attribute name="Output T" value="16"/>
  <attribute name= "Current Time Running" value="86226" />
  <attribute name="GC Util currently" value="119" />
  <attribute name="CPU Util currently" value="1517960644371" />
<exclusive-end id="2276" timestamp="2019-08-09T08:30:30.040" durationms="12.780" />

<exclusive-start id="2277" timestamp="2019-08-09T08:30:30.193" intervalms="165.923">
  <response-info timems="0.111" idlems="0.111" threads="0" lastid="0000000001033F00" lastname="main" />
</exclusive-start>
<allocation-taxation id="2278" taxation-threshold="69206016" timestamp="2019-08-09T08:30:30.193" intervalms="165.919" />
<cycle-start id="2279" type="partial gc" contextid="0" timestamp="2019-08-09T08:30:30.193" intervalms="165.917" />
<gc-start id="2280" type="partial gc" contextid="2279" timestamp="2019-08-09T08:30:30.193">
  <mem-info id="2281" free="81788928" total="251658240" percent="32">
    <mem type="eden" free="0" total="69206016" percent="0" />
    <remembered-set count="16544" freebytes="9994624" totalbytes="10060800" percent="99" regionsoverflowed="0" regionsstable="9" regionsrebuilding="0"/>
  </mem-info>
</gc-start>
<allocation-stats totalBytes="69109112" >
  <allocated-bytes non-tlh="0" tlh="69109112" arrayletleaf="0"/>
  <largest-consumer threadName="main" threadId="0000000001033F00" bytes="69109112" />
</allocation-stats>
<gc-op id="2282" type="copy forward" timems="11.974" contextid="2279" timestamp="2019-08-09T08:30:30.206">
  <memory-copied type="eden" objects="25" bytes="760" bytesdiscarded="648" />
  <memory-copied type="other" objects="12" bytes="272" bytesdiscarded="1296" />
  <memory-cardclean objects="66" bytes="2304" />
  <regions eden="33" other="2" />
  <remembered-set-cleared processed="10871" cleared="15" durationms="0.446" />
  <stringconstants candidates="13816" cleared="0"  />
</gc-op>
<gc-op id="2283" type="classunload" timems="0.010" contextid="2279" timestamp="2019-08-09T08:30:30.206">
  <classunload-info classloadercandidates="54" classloadersunloaded="0" classesunloaded="0" anonymousclassesunloaded="0" quiescems="0.000" setupms="0.009" scanms="0.000" postms="0.000" />
</gc-op>
<gc-end id="2284" type="partial gc" contextid="2279" durationms="13.153" usertimems="36.480" systemtimems="0.000" timestamp="2019-08-09T08:30:30.207" activeThreads="16">
  <mem-info id="2285" free="148897792" total="251658240" percent="59">
    <mem type="eden" free="2095744" total="2097152" percent="99" />
    <remembered-set count="16736" freebytes="9993856" totalbytes="10060800" percent="99" regionsoverflowed="0" regionsstable="9" regionsrebuilding="0"/>
  </mem-info>
</gc-end>
<cycle-end id="2286" type="partial gc" contextid="2279" timestamp="2019-08-09T08:30:30.207" />
  <attribute name="elasticGC enabled" value="1" />
  <attribute name= "numThreadsSpecified" value="16" />
  <attribute name="heapSize specified" value="0" />
  <attribute name="Current GC Util" value="159" />
  <attribute name= "Current Time Running" value="86392" />
  <attribute name ="GC Interval" value="0" />
  <attribute name="Target GC Util Change" value ="80.000000" />
  <attribute name="Current GC Util Change" value="159.000000"/>
  <attribute name="Current Error" value="-20.000000" />
  <attribute name="Output H" value="251696072"/>
  <attribute name="Output I" value="1992"/>
  <attribute name="Output T" value="16"/>
  <attribute name= "Current Time Running" value="86392" />
  <attribute name="GC Util currently" value="159" />
  <attribute name="CPU Util currently" value="1750941545901" />
<exclusive-end id="2287" timestamp="2019-08-09T08:30:30.207" durationms="13.782" />

<exclusive-start id="2288" timestamp="2019-08-09T08:30:30.334" intervalms="141.038">
  <response-info timems="0.039" idlems="0.039" threads="0" lastid="0000000001033F00" lastname="main" />
</exclusive-start>
<allocation-taxation id="2289" taxation-threshold="69206016" timestamp="2019-08-09T08:30:30.334" intervalms="141.037" />
<cycle-start id="2290" type="partial gc" contextid="0" timestamp="2019-08-09T08:30:30.334" intervalms="140.928" />
<gc-start id="2291" type="partial gc" contextid="2290" timestamp="2019-08-09T08:30:30.334">
  <mem-info id="2292" free="79691776" total="251658240" percent="31">
    <mem type="eden" free="0" total="69206016" percent="0" />
    <remembered-set count="16256" freebytes="9995776" totalbytes="10060800" percent="99" regionsoverflowed="0" regionsstable="9" regionsrebuilding="0"/>
  </mem-info>
</gc-start>
<allocation-stats totalBytes="69193912" >
  <allocated-bytes non-tlh="0" tlh="69193912" arrayletleaf="0"/>
  <largest-consumer threadName="main" threadId="0000000001033F00" bytes="69193912" />
</allocation-stats>
<gc-op id="2293" type="copy forward" timems="9.698" contextid="2290" timestamp="2019-08-09T08:30:30.345">
  <memory-copied type="eden" objects="27" bytes="944" bytesdiscarded="648" />
  <memory-copied type="other" objects="12" bytes="272" bytesdiscarded="1296" />
  <memory-cardclean objects="63" bytes="2224" />
  <regions eden="33" other="2" />
  <remembered-set-cleared processed="10872" cleared="13" durationms="0.146" />
  <stringconstants candidates="13816" cleared="0"  />
</gc-op>
<gc-op id="2294" type="classunload" timems="0.010" contextid="2290" timestamp="2019-08-09T08:30:30.345">
  <classunload-info classloadercandidates="54" classloadersunloaded="0" classesunloaded="0" anonymousclassesunloaded="0" quiescems="0.000" setupms="0.010" scanms="0.000" postms="0.000" />
</gc-op>
<gc-end id="2295" type="partial gc" contextid="2290" durationms="11.147" usertimems="37.494" systemtimems="0.000" timestamp="2019-08-09T08:30:30.345" activeThreads="16">
  <mem-info id="2296" free="146800640" total="251658240" percent="58">
    <mem type="eden" free="2095560" total="2097152" percent="99" />
    <remembered-set count="16288" freebytes="9995648" totalbytes="10060800" percent="99" regionsoverflowed="0" regionsstable="9" regionsrebuilding="0"/>
  </mem-info>
</gc-end>
<cycle-end id="2297" type="partial gc" contextid="2290" timestamp="2019-08-09T08:30:30.345" />
  <attribute name="elasticGC enabled" value="1" />
  <attribute name= "numThreadsSpecified" value="16" />
  <attribute name="heapSize specified" value="0" />
  <attribute name="Current GC Util" value="120" />
  <attribute name= "Current Time Running" value="86533" />
  <attribute name ="GC Interval" value="0" />
  <attribute name="Target GC Util Change" value ="80.000000" />
  <attribute name="Current GC Util Change" value="120.000000"/>
  <attribute name="Current Error" value="0.000000" />
  <attribute name="Output H" value="251696080"/>
  <attribute name="Output I" value="2000"/>
  <attribute name="Output T" value="16"/>
  <attribute name= "Current Time Running" value="86533" />
  <attribute name="GC Util currently" value="120" />
  <attribute name="CPU Util currently" value="1190080543184" />
<exclusive-end id="2298" timestamp="2019-08-09T08:30:30.346" durationms="11.649" />

<exclusive-start id="2299" timestamp="2019-08-09T08:30:30.468" intervalms="133.923">
  <response-info timems="0.020" idlems="0.020" threads="0" lastid="0000000001033F00" lastname="main" />
</exclusive-start>
<allocation-taxation id="2300" taxation-threshold="69206016" timestamp="2019-08-09T08:30:30.468" intervalms="133.929" />
<cycle-start id="2301" type="partial gc" contextid="0" timestamp="2019-08-09T08:30:30.468" intervalms="133.930" />
<gc-start id="2302" type="partial gc" contextid="2301" timestamp="2019-08-09T08:30:30.468">
  <mem-info id="2303" free="77594624" total="251658240" percent="30">
    <mem type="eden" free="0" total="69206016" percent="0" />
    <remembered-set count="15808" freebytes="9997568" totalbytes="10060800" percent="99" regionsoverflowed="0" regionsstable="9" regionsrebuilding="0"/>
  </mem-info>
</gc-start>
<allocation-stats totalBytes="69193080" >
  <allocated-bytes non-tlh="0" tlh="69193080" arrayletleaf="0"/>
  <largest-consumer threadName="main" threadId="0000000001033F00" bytes="69193080" />
</allocation-stats>
<gc-op id="2304" type="copy forward" timems="13.034" contextid="2301" timestamp="2019-08-09T08:30:30.482">
  <memory-copied type="eden" objects="1" bytes="24" bytesdiscarded="0" />
  <memory-copied type="other" objects="26" bytes="800" bytesdiscarded="1296" />
  <memory-cardclean objects="47" bytes="1864" />
  <regions eden="33" other="2" />
  <remembered-set-cleared processed="10876" cleared="13" durationms="0.408" />
  <stringconstants candidates="13816" cleared="0"  />
</gc-op>
<gc-op id="2305" type="classunload" timems="0.009" contextid="2301" timestamp="2019-08-09T08:30:30.482">
  <classunload-info classloadercandidates="54" classloadersunloaded="0" classesunloaded="0" anonymousclassesunloaded="0" quiescems="0.000" setupms="0.009" scanms="0.000" postms="0.000" />
</gc-op>
<gc-end id="2306" type="partial gc" contextid="2301" durationms="14.288" usertimems="35.795" systemtimems="0.000" timestamp="2019-08-09T08:30:30.482" activeThreads="16">
  <mem-info id="2307" free="144703488" total="251658240" percent="57">
    <mem type="eden" free="2097128" total="2097152" percent="99" />
    <remembered-set count="16352" freebytes="9995392" totalbytes="10060800" percent="99" regionsoverflowed="0" regionsstable="9" regionsrebuilding="0"/>
  </mem-info>
</gc-end>
<cycle-end id="2308" type="partial gc" contextid="2301" timestamp="2019-08-09T08:30:30.483" />
  <attribute name="elasticGC enabled" value="1" />
  <attribute name= "numThreadsSpecified" value="16" />
  <attribute name="heapSize specified" value="0" />
  <attribute name="Current GC Util" value="120" />
  <attribute name= "Current Time Running" value="86667" />
  <attribute name ="GC Interval" value="0" />
  <attribute name="Target GC Util Change" value ="80.000000" />
  <attribute name="Current GC Util Change" value="120.000000"/>
  <attribute name="Current Error" value="21.000000" />
  <attribute name="Output H" value="251696096"/>
  <attribute name="Output I" value="2016"/>
  <attribute name="Output T" value="16"/>
  <attribute name= "Current Time Running" value="86667" />
  <attribute name="GC Util currently" value="120" />
  <attribute name="CPU Util currently" value="1432590317212" />
<exclusive-end id="2309" timestamp="2019-08-09T08:30:30.483" durationms="14.829" />

<exclusive-start id="2310" timestamp="2019-08-09T08:30:30.607" intervalms="139.017">
  <response-info timems="0.021" idlems="0.021" threads="0" lastid="0000000001033F00" lastname="main" />
</exclusive-start>
<allocation-taxation id="2311" taxation-threshold="69206016" timestamp="2019-08-09T08:30:30.607" intervalms="139.026" />
<cycle-start id="2312" type="partial gc" contextid="0" timestamp="2019-08-09T08:30:30.607" intervalms="139.053" />
<gc-start id="2313" type="partial gc" contextid="2312" timestamp="2019-08-09T08:30:30.607">
  <mem-info id="2314" free="75497472" total="251658240" percent="30">
    <mem type="eden" free="2097128" total="71303168" percent="2" />
    <remembered-set count="15904" freebytes="9997184" totalbytes="10060800" percent="99" regionsoverflowed="0" regionsstable="9" regionsrebuilding="0"/>
  </mem-info>
</gc-start>
<allocation-stats totalBytes="69193016" >
  <allocated-bytes non-tlh="0" tlh="69193016" arrayletleaf="0"/>
  <largest-consumer threadName="main" threadId="0000000001033F00" bytes="69193016" />
</allocation-stats>
<gc-op id="2315" type="copy forward" timems="8.553" contextid="2312" timestamp="2019-08-09T08:30:30.617">
  <memory-copied type="eden" objects="1" bytes="24" bytesdiscarded="0" />
  <memory-copied type="other" objects="20" bytes="664" bytesdiscarded="680" />
  <memory-cardclean objects="47" bytes="1864" />
  <regions eden="33" other="2" />
  <remembered-set-cleared processed="10877" cleared="12" durationms="0.285" />
  <stringconstants candidates="13816" cleared="0"  />
</gc-op>
<gc-op id="2316" type="classunload" timems="0.012" contextid="2312" timestamp="2019-08-09T08:30:30.617">
  <classunload-info classloadercandidates="54" classloadersunloaded="0" classesunloaded="0" anonymousclassesunloaded="0" quiescems="0.000" setupms="0.012" scanms="0.000" postms="0.000" />
</gc-op>
<gc-end id="2317" type="partial gc" contextid="2312" durationms="9.911" usertimems="23.427" systemtimems="0.000" timestamp="2019-08-09T08:30:30.617" activeThreads="16">
  <mem-info id="2318" free="144703488" total="251658240" percent="57">
    <mem type="eden" free="2097128" total="2097152" percent="99" />
    <remembered-set count="16384" freebytes="9995264" totalbytes="10060800" percent="99" regionsoverflowed="0" regionsstable="9" regionsrebuilding="0"/>
  </mem-info>
</gc-end>
<cycle-end id="2319" type="partial gc" contextid="2312" timestamp="2019-08-09T08:30:30.617" />
  <attribute name="elasticGC enabled" value="1" />
  <attribute name= "numThreadsSpecified" value="16" />
  <attribute name="heapSize specified" value="0" />
  <attribute name="Current GC Util" value="117" />
  <attribute name= "Current Time Running" value="86806" />
  <attribute name ="GC Interval" value="0" />
  <attribute name="Target GC Util Change" value ="80.000000" />
  <attribute name="Current GC Util Change" value="117.000000"/>
  <attribute name="Current Error" value="39.000000" />
  <attribute name="Output H" value="251696104"/>
  <attribute name="Output I" value="2024"/>
  <attribute name="Output T" value="16"/>
  <attribute name= "Current Time Running" value="86806" />
  <attribute name="GC Util currently" value="117" />
  <attribute name="CPU Util currently" value="1330738775211" />
<exclusive-end id="2320" timestamp="2019-08-09T08:30:30.617" durationms="10.571" />

<exclusive-start id="2321" timestamp="2019-08-09T08:30:30.643" intervalms="36.141">
  <response-info timems="0.031" idlems="0.031" threads="0" lastid="0000000001033F00" lastname="main" />
</exclusive-start>
<allocation-taxation id="2322" taxation-threshold="69206016" timestamp="2019-08-09T08:30:30.643" intervalms="36.130" />
<cycle-start id="2323" type="partial gc" contextid="0" timestamp="2019-08-09T08:30:30.643" intervalms="36.111" />
<gc-start id="2324" type="partial gc" contextid="2323" timestamp="2019-08-09T08:30:30.643">
  <mem-info id="2325" free="75497472" total="251658240" percent="30">
    <mem type="eden" free="2097128" total="71303168" percent="2" />
    <remembered-set count="15936" freebytes="9997056" totalbytes="10060800" percent="99" regionsoverflowed="0" regionsstable="9" regionsrebuilding="0"/>
  </mem-info>
</gc-start>
<allocation-stats totalBytes="69110096" >
  <allocated-bytes non-tlh="0" tlh="69110096" arrayletleaf="0"/>
  <largest-consumer threadName="main" threadId="0000000001033F00" bytes="69110096" />
</allocation-stats>
<gc-op id="2326" type="copy forward" timems="1.680" contextid="2323" timestamp="2019-08-09T08:30:30.646">
  <memory-copied type="eden" objects="26" bytes="1344" bytesdiscarded="0" />
  <memory-copied type="other" objects="6" bytes="136" bytesdiscarded="0" />
  <memory-cardclean objects="61" bytes="2128" />
  <regions eden="33" other="2" />
  <remembered-set-cleared processed="10877" cleared="13" durationms="0.520" />
  <stringconstants candidates="13816" cleared="0"  />
</gc-op>
<gc-op id="2327" type="classunload" timems="0.003" contextid="2323" timestamp="2019-08-09T08:30:30.646">
  <classunload-info classloadercandidates="54" classloadersunloaded="0" classesunloaded="0" anonymousclassesunloaded="0" quiescems="0.000" setupms="0.003" scanms="0.000" postms="0.000" />
</gc-op>
<gc-end id="2328" type="partial gc" contextid="2323" durationms="2.933" usertimems="4.688" systemtimems="0.000" timestamp="2019-08-09T08:30:30.646" activeThreads="1">
  <mem-info id="2329" free="144703488" total="251658240" percent="57">
    <mem type="eden" free="2095808" total="2097152" percent="99" />
    <remembered-set count="16192" freebytes="9996032" totalbytes="10060800" percent="99" regionsoverflowed="0" regionsstable="9" regionsrebuilding="0"/>
  </mem-info>
</gc-end>
<cycle-end id="2330" type="partial gc" contextid="2323" timestamp="2019-08-09T08:30:30.646" />
  <attribute name="elasticGC enabled" value="1" />
  <attribute name= "numThreadsSpecified" value="1" />
  <attribute name="heapSize specified" value="0" />
  <attribute name="Current GC Util" value="150" />
  <attribute name= "Current Time Running" value="86842" />
  <attribute name ="GC Interval" value="0" />
  <attribute name="Target GC Util Change" value ="80.000000" />
  <attribute name="Current GC Util Change" value="150.000000"/>
  <attribute name="Current Error" value="-15.000000" />
  <attribute name="Output H" value="251696072"/>
  <attribute name="Output I" value="1992"/>
  <attribute name="Output T" value="1"/>
  <attribute name= "Current Time Running" value="86842" />
  <attribute name="GC Util currently" value="150" />
  <attribute name="CPU Util currently" value="1649759842285" />
<exclusive-end id="2331" timestamp="2019-08-09T08:30:30.647" durationms="3.597" />

<exclusive-start id="2332" timestamp="2019-08-09T08:30:30.669" intervalms="26.202">
  <response-info timems="0.022" idlems="0.022" threads="0" lastid="0000000001033F00" lastname="main" />
</exclusive-start>
<allocation-taxation id="2333" taxation-threshold="69206016" timestamp="2019-08-09T08:30:30.669" intervalms="26.207" />
<cycle-start id="2334" type="partial gc" contextid="0" timestamp="2019-08-09T08:30:30.669" intervalms="26.330" />
<gc-start id="2335" type="partial gc" contextid="2334" timestamp="2019-08-09T08:30:30.670">
  <mem-info id="2336" free="75497472" total="251658240" percent="30">
    <mem type="eden" free="0" total="69206016" percent="0" />
    <remembered-set count="15840" freebytes="9997440" totalbytes="10060800" percent="99" regionsoverflowed="0" regionsstable="9" regionsrebuilding="0"/>
  </mem-info>
</gc-start>
<allocation-stats totalBytes="69111664" >
  <allocated-bytes non-tlh="0" tlh="69111664" arrayletleaf="0"/>
  <largest-consumer threadName="main" threadId="0000000001033F00" bytes="69111664" />
</allocation-stats>
<gc-op id="2337" type="copy forward" timems="10.465" contextid="2334" timestamp="2019-08-09T08:30:30.682">
  <memory-copied type="eden" objects="4" bytes="112" bytesdiscarded="680" />
  <memory-copied type="other" objects="27" bytes="1344" bytesdiscarded="1928" />
  <memory-cardclean objects="49" bytes="1936" />
  <regions eden="33" other="2" />
  <remembered-set-cleared processed="10878" cleared="14" durationms="0.220" />
  <stringconstants candidates="13816" cleared="0"  />
</gc-op>
<gc-op id="2338" type="classunload" timems="0.009" contextid="2334" timestamp="2019-08-09T08:30:30.682">
  <classunload-info classloadercandidates="54" classloadersunloaded="0" classesunloaded="0" anonymousclassesunloaded="0" quiescems="0.000" setupms="0.008" scanms="0.000" postms="0.000" />
</gc-op>
<heap-resize id="2339" type="expand" space="default" amount="20971520" count="1" timems="0.182" reason="excessive time being spent in gc" timestamp="2019-08-09T08:30:30.682" />
<gc-end id="2340" type="partial gc" contextid="2334" durationms="12.212" usertimems="24.830" systemtimems="0.000" timestamp="2019-08-09T08:30:30.682" activeThreads="16">
  <mem-info id="2341" free="163577856" total="272629760" percent="60">
    <mem type="eden" free="2096360" total="2097152" percent="99" />
    <remembered-set count="16896" freebytes="10831616" totalbytes="10899200" percent="99" regionsoverflowed="0" regionsstable="9" regionsrebuilding="0"/>
  </mem-info>
</gc-end>
<cycle-end id="2342" type="partial gc" contextid="2334" timestamp="2019-08-09T08:30:30.682" />
  <attribute name="elasticGC enabled" value="1" />
  <attribute name= "numThreadsSpecified" value="16" />
  <attribute name="heapSize specified" value="0" />
  <attribute name="Current GC Util" value="235" />
  <attribute name= "Current Time Running" value="86869" />
  <attribute name ="GC Interval" value="0" />
  <attribute name="Target GC Util Change" value ="80.000000" />
  <attribute name="Current GC Util Change" value="235.000000"/>
  <attribute name="Current Error" value="-86.000000" />
  <attribute name="Output H" value="251696032"/>
  <attribute name="Output I" value="1952"/>
  <attribute name="Output T" value="16"/>
  <attribute name= "Current Time Running" value="86869" />
  <attribute name="GC Util currently" value="235" />
  <attribute name="CPU Util currently" value="1228076036900" />
<exclusive-end id="2343" timestamp="2019-08-09T08:30:30.682" durationms="13.038" />

* Round 2 done in 3.616 seconds.
<exclusive-start id="2344" timestamp="2019-08-09T08:30:30.726" intervalms="56.310">
  <response-info timems="0.016" idlems="0.016" threads="0" lastid="0000000001033F00" lastname="main" />
</exclusive-start>
<allocation-taxation id="2345" taxation-threshold="75497472" timestamp="2019-08-09T08:30:30.726" intervalms="56.304" />
<cycle-start id="2346" type="partial gc" contextid="0" timestamp="2019-08-09T08:30:30.726" intervalms="56.315" />
<gc-start id="2347" type="partial gc" contextid="2346" timestamp="2019-08-09T08:30:30.726">
  <mem-info id="2348" free="88080384" total="272629760" percent="32">
    <mem type="eden" free="2096360" total="77594624" percent="2" />
    <remembered-set count="16448" freebytes="10833408" totalbytes="10899200" percent="99" regionsoverflowed="0" regionsstable="9" regionsrebuilding="0"/>
  </mem-info>
</gc-start>
<allocation-stats totalBytes="75432360" >
  <allocated-bytes non-tlh="0" tlh="75432360" arrayletleaf="0"/>
  <largest-consumer threadName="main" threadId="0000000001033F00" bytes="75432360" />
</allocation-stats>
<gc-op id="2349" type="copy forward" timems="8.176" contextid="2346" timestamp="2019-08-09T08:30:30.735">
  <memory-copied type="eden" objects="36" bytes="1232" bytesdiscarded="1296" />
  <memory-copied type="other" objects="6" bytes="136" bytesdiscarded="648" />
  <memory-cardclean objects="125" bytes="4016" />
  <regions eden="36" other="2" />
  <remembered-set-cleared processed="10882" cleared="21" durationms="0.181" />
  <stringconstants candidates="13816" cleared="0"  />
</gc-op>
<gc-op id="2350" type="classunload" timems="0.007" contextid="2346" timestamp="2019-08-09T08:30:30.735">
  <classunload-info classloadercandidates="54" classloadersunloaded="0" classesunloaded="0" anonymousclassesunloaded="0" quiescems="0.000" setupms="0.007" scanms="0.000" postms="0.000" />
</gc-op>
<gc-end id="2351" type="partial gc" contextid="2346" durationms="9.472" usertimems="22.394" systemtimems="0.000" timestamp="2019-08-09T08:30:30.735" activeThreads="16">
  <mem-info id="2352" free="163577856" total="272629760" percent="60">
    <mem type="eden" free="2094624" total="2097152" percent="99" />
    <remembered-set count="16448" freebytes="10833408" totalbytes="10899200" percent="99" regionsoverflowed="0" regionsstable="9" regionsrebuilding="0"/>
  </mem-info>
</gc-end>
<cycle-end id="2353" type="partial gc" contextid="2346" timestamp="2019-08-09T08:30:30.736" />
  <attribute name="elasticGC enabled" value="1" />
  <attribute name= "numThreadsSpecified" value="16" />
  <attribute name="heapSize specified" value="0" />
  <attribute name="Current GC Util" value="209" />
  <attribute name= "Current Time Running" value="86925" />
  <attribute name ="GC Interval" value="0" />
  <attribute name="Target GC Util Change" value ="80.000000" />
  <attribute name="Current GC Util Change" value="209.000000"/>
  <attribute name="Current Error" value="-178.000000" />
  <attribute name="Output H" value="272667504"/>
  <attribute name="Output I" value="1904"/>
  <attribute name="Output T" value="16"/>
  <attribute name= "Current Time Running" value="86925" />
  <attribute name="GC Util currently" value="209" />
  <attribute name="CPU Util currently" value="1705447103886" />
<exclusive-end id="2354" timestamp="2019-08-09T08:30:30.736" durationms="10.124" />

<exclusive-start id="2355" timestamp="2019-08-09T08:30:30.962" intervalms="236.722">
  <response-info timems="0.022" idlems="0.022" threads="0" lastid="0000000001033F00" lastname="main" />
</exclusive-start>
<allocation-taxation id="2356" taxation-threshold="75497472" timestamp="2019-08-09T08:30:30.962" intervalms="236.723" />
<cycle-start id="2357" type="partial gc" contextid="0" timestamp="2019-08-09T08:30:30.962" intervalms="236.703" />
<gc-start id="2358" type="partial gc" contextid="2357" timestamp="2019-08-09T08:30:30.963">
  <mem-info id="2359" free="88080384" total="272629760" percent="32">
    <mem type="eden" free="0" total="75497472" percent="0" />
    <remembered-set count="16000" freebytes="10835200" totalbytes="10899200" percent="99" regionsoverflowed="0" regionsstable="9" regionsrebuilding="0"/>
  </mem-info>
</gc-start>
<allocation-stats totalBytes="75320784" >
  <allocated-bytes non-tlh="0" tlh="75320784" arrayletleaf="0"/>
  <largest-consumer threadName="main" threadId="0000000001033F00" bytes="75320784" />
</allocation-stats>
<gc-op id="2360" type="copy forward" timems="9.329" contextid="2357" timestamp="2019-08-09T08:30:30.973">
  <memory-copied type="eden" objects="68" bytes="2904" bytesdiscarded="648" />
  <memory-copied type="other" objects="25" bytes="776" bytesdiscarded="1336" />
  <memory-cardclean objects="159" bytes="4720" />
  <regions eden="36" other="2" />
  <remembered-set-cleared processed="10881" cleared="31" durationms="0.195" />
  <stringconstants candidates="13816" cleared="0"  />
</gc-op>
<gc-op id="2361" type="classunload" timems="0.007" contextid="2357" timestamp="2019-08-09T08:30:30.973">
  <classunload-info classloadercandidates="54" classloadersunloaded="0" classesunloaded="0" anonymousclassesunloaded="0" quiescems="0.000" setupms="0.007" scanms="0.000" postms="0.000" />
</gc-op>
<gc-end id="2362" type="partial gc" contextid="2357" durationms="10.687" usertimems="25.831" systemtimems="0.000" timestamp="2019-08-09T08:30:30.973" activeThreads="16">
  <mem-info id="2363" free="161480704" total="272629760" percent="59">
    <mem type="eden" free="2093600" total="2097152" percent="99" />
    <remembered-set count="16128" freebytes="10834688" totalbytes="10899200" percent="99" regionsoverflowed="0" regionsstable="9" regionsrebuilding="0"/>
  </mem-info>
</gc-end>
<cycle-end id="2364" type="partial gc" contextid="2357" timestamp="2019-08-09T08:30:30.973" />
  <attribute name="elasticGC enabled" value="1" />
  <attribute name= "numThreadsSpecified" value="16" />
  <attribute name="heapSize specified" value="0" />
  <attribute name="Current GC Util" value="173" />
  <attribute name= "Current Time Running" value="87161" />
  <attribute name ="GC Interval" value="0" />
  <attribute name="Target GC Util Change" value ="80.000000" />
  <attribute name="Current GC Util Change" value="173.000000"/>
  <attribute name="Current Error" value="-199.000000" />
  <attribute name="Output H" value="272667488"/>
  <attribute name="Output I" value="1888"/>
  <attribute name="Output T" value="16"/>
  <attribute name= "Current Time Running" value="87161" />
  <attribute name="GC Util currently" value="173" />
  <attribute name="CPU Util currently" value="1669308785783" />
<exclusive-end id="2365" timestamp="2019-08-09T08:30:30.974" durationms="11.434" />

<exclusive-start id="2366" timestamp="2019-08-09T08:30:31.006" intervalms="44.085">
  <response-info timems="0.015" idlems="0.015" threads="0" lastid="0000000001033F00" lastname="main" />
</exclusive-start>
<allocation-taxation id="2367" taxation-threshold="75497472" timestamp="2019-08-09T08:30:31.006" intervalms="44.086" />
<cycle-start id="2368" type="partial gc" contextid="0" timestamp="2019-08-09T08:30:31.007" intervalms="44.080" />
<gc-start id="2369" type="partial gc" contextid="2368" timestamp="2019-08-09T08:30:31.007">
  <mem-info id="2370" free="85983232" total="272629760" percent="31">
    <mem type="eden" free="0" total="75497472" percent="0" />
    <remembered-set count="15648" freebytes="10836608" totalbytes="10899200" percent="99" regionsoverflowed="0" regionsstable="9" regionsrebuilding="0"/>
  </mem-info>
</gc-start>
<allocation-stats totalBytes="75243192" >
  <allocated-bytes non-tlh="0" tlh="75243192" arrayletleaf="0"/>
  <largest-consumer threadName="main" threadId="0000000001033F00" bytes="75243192" />
</allocation-stats>
<gc-op id="2371" type="copy forward" timems="8.221" contextid="2368" timestamp="2019-08-09T08:30:31.016">
  <memory-copied type="eden" objects="2" bytes="56" bytesdiscarded="736" />
  <memory-copied type="other" objects="86" bytes="3512" bytesdiscarded="1816" />
  <memory-cardclean objects="111" bytes="3752" />
  <regions eden="36" other="2" />
  <remembered-set-cleared processed="10882" cleared="22" durationms="0.222" />
  <stringconstants candidates="13816" cleared="0"  />
</gc-op>
<gc-op id="2372" type="classunload" timems="0.008" contextid="2368" timestamp="2019-08-09T08:30:31.016">
  <classunload-info classloadercandidates="54" classloadersunloaded="0" classesunloaded="0" anonymousclassesunloaded="0" quiescems="0.000" setupms="0.008" scanms="0.000" postms="0.000" />
</gc-op>
<gc-end id="2373" type="partial gc" contextid="2368" durationms="9.374" usertimems="22.658" systemtimems="0.000" timestamp="2019-08-09T08:30:31.016" activeThreads="16">
  <mem-info id="2374" free="159383552" total="272629760" percent="58">
    <mem type="eden" free="2096360" total="2097152" percent="99" />
    <remembered-set count="16384" freebytes="10833664" totalbytes="10899200" percent="99" regionsoverflowed="0" regionsstable="9" regionsrebuilding="0"/>
  </mem-info>
</gc-end>
<cycle-end id="2375" type="partial gc" contextid="2368" timestamp="2019-08-09T08:30:31.016" />
  <attribute name="elasticGC enabled" value="1" />
  <attribute name= "numThreadsSpecified" value="16" />
  <attribute name="heapSize specified" value="0" />
  <attribute name="Current GC Util" value="223" />
  <attribute name= "Current Time Running" value="87205" />
  <attribute name ="GC Interval" value="0" />
  <attribute name="Target GC Util Change" value ="80.000000" />
  <attribute name="Current GC Util Change" value="223.000000"/>
  <attribute name="Current Error" value="-120.000000" />
  <attribute name="Output H" value="272667536"/>
  <attribute name="Output I" value="1936"/>
  <attribute name="Output T" value="16"/>
  <attribute name= "Current Time Running" value="87205" />
  <attribute name="GC Util currently" value="223" />
  <attribute name="CPU Util currently" value="2057873315631" />
<exclusive-end id="2376" timestamp="2019-08-09T08:30:31.016" durationms="10.024" />

<exclusive-start id="2377" timestamp="2019-08-09T08:30:31.042" intervalms="35.826">
  <response-info timems="0.018" idlems="0.018" threads="0" lastid="0000000001033F00" lastname="main" />
</exclusive-start>
<allocation-taxation id="2378" taxation-threshold="75497472" timestamp="2019-08-09T08:30:31.042" intervalms="35.825" />
<cycle-start id="2379" type="partial gc" contextid="0" timestamp="2019-08-09T08:30:31.042" intervalms="35.796" />
<gc-start id="2380" type="partial gc" contextid="2379" timestamp="2019-08-09T08:30:31.043">
  <mem-info id="2381" free="83886080" total="272629760" percent="30">
    <mem type="eden" free="2096360" total="77594624" percent="2" />
    <remembered-set count="16384" freebytes="10833664" totalbytes="10899200" percent="99" regionsoverflowed="0" regionsstable="9" regionsrebuilding="0"/>
  </mem-info>
</gc-start>
<allocation-stats totalBytes="75246600" >
  <allocated-bytes non-tlh="0" tlh="75246600" arrayletleaf="0"/>
  <largest-consumer threadName="main" threadId="0000000001033F00" bytes="75246600" />
</allocation-stats>
<gc-op id="2382" type="copy forward" timems="8.252" contextid="2379" timestamp="2019-08-09T08:30:31.054">
  <memory-copied type="eden" objects="2" bytes="56" bytesdiscarded="736" />
  <memory-copied type="other" objects="67" bytes="2872" bytesdiscarded="824" />
  <memory-cardclean objects="67" bytes="2536" />
  <regions eden="36" other="2" />
  <remembered-set-cleared processed="10891" cleared="20" durationms="0.301" />
  <stringconstants candidates="13816" cleared="0"  />
</gc-op>
<gc-op id="2383" type="classunload" timems="0.008" contextid="2379" timestamp="2019-08-09T08:30:31.054">
  <classunload-info classloadercandidates="54" classloadersunloaded="0" classesunloaded="0" anonymousclassesunloaded="0" quiescems="0.000" setupms="0.008" scanms="0.000" postms="0.000" />
</gc-op>
<gc-end id="2384" type="partial gc" contextid="2379" durationms="11.138" usertimems="30.746" systemtimems="0.000" timestamp="2019-08-09T08:30:31.054" activeThreads="16">
  <mem-info id="2385" free="159383552" total="272629760" percent="58">
    <mem type="eden" free="2096360" total="2097152" percent="99" />
    <remembered-set count="16480" freebytes="10833280" totalbytes="10899200" percent="99" regionsoverflowed="0" regionsstable="9" regionsrebuilding="0"/>
  </mem-info>
</gc-end>
<cycle-end id="2386" type="partial gc" contextid="2379" timestamp="2019-08-09T08:30:31.054" />
  <attribute name="elasticGC enabled" value="1" />
  <attribute name= "numThreadsSpecified" value="16" />
  <attribute name="heapSize specified" value="0" />
  <attribute name="Current GC Util" value="363" />
  <attribute name= "Current Time Running" value="87243" />
  <attribute name ="GC Interval" value="0" />
  <attribute name="Target GC Util Change" value ="80.000000" />
  <attribute name="Current GC Util Change" value="363.000000"/>
  <attribute name="Current Error" value="-383.000000" />
  <attribute name="Output H" value="272667384"/>
  <attribute name="Output I" value="1784"/>
  <attribute name="Output T" value="16"/>
  <attribute name= "Current Time Running" value="87243" />
  <attribute name="GC Util currently" value="363" />
  <attribute name="CPU Util currently" value="501934721004" />
<exclusive-end id="2387" timestamp="2019-08-09T08:30:31.054" durationms="11.908" />

<exclusive-start id="2388" timestamp="2019-08-09T08:30:31.078" intervalms="36.119">
  <response-info timems="0.015" idlems="0.015" threads="0" lastid="0000000001033F00" lastname="main" />
</exclusive-start>
<allocation-taxation id="2389" taxation-threshold="75497472" timestamp="2019-08-09T08:30:31.078" intervalms="36.121" />
<cycle-start id="2390" type="partial gc" contextid="0" timestamp="2019-08-09T08:30:31.078" intervalms="36.028" />
<gc-start id="2391" type="partial gc" contextid="2390" timestamp="2019-08-09T08:30:31.079">
  <mem-info id="2392" free="83886080" total="272629760" percent="30">
    <mem type="eden" free="2096360" total="77594624" percent="2" />
    <remembered-set count="16480" freebytes="10833280" totalbytes="10899200" percent="99" regionsoverflowed="0" regionsstable="9" regionsrebuilding="0"/>
  </mem-info>
</gc-start>
<allocation-stats totalBytes="75246600" >
  <allocated-bytes non-tlh="0" tlh="75246600" arrayletleaf="0"/>
  <largest-consumer threadName="main" threadId="0000000001033F00" bytes="75246600" />
</allocation-stats>
<gc-op id="2393" type="copy forward" timems="10.099" contextid="2390" timestamp="2019-08-09T08:30:31.090">
  <memory-copied type="eden" objects="2" bytes="56" bytesdiscarded="736" />
  <memory-copied type="other" objects="67" bytes="2872" bytesdiscarded="488" />
  <memory-cardclean objects="67" bytes="2536" />
  <regions eden="36" other="2" />
  <remembered-set-cleared processed="10891" cleared="20" durationms="0.346" />
  <stringconstants candidates="13816" cleared="0"  />
</gc-op>
<gc-op id="2394" type="classunload" timems="0.010" contextid="2390" timestamp="2019-08-09T08:30:31.090">
  <classunload-info classloadercandidates="54" classloadersunloaded="0" classesunloaded="0" anonymousclassesunloaded="0" quiescems="0.000" setupms="0.010" scanms="0.000" postms="0.000" />
</gc-op>
<heap-resize id="2395" type="expand" space="default" amount="10485760" count="1" timems="0.113" reason="excessive time being spent in gc" timestamp="2019-08-09T08:30:31.091" />
<gc-end id="2396" type="partial gc" contextid="2390" durationms="11.883" usertimems="27.260" systemtimems="0.000" timestamp="2019-08-09T08:30:31.091" activeThreads="16">
  <mem-info id="2397" free="169869312" total="283115520" percent="60">
    <mem type="eden" free="2096360" total="2097152" percent="99" />
    <remembered-set count="15968" freebytes="11254528" totalbytes="11318400" percent="99" regionsoverflowed="0" regionsstable="9" regionsrebuilding="0"/>
  </mem-info>
</gc-end>
<cycle-end id="2398" type="partial gc" contextid="2390" timestamp="2019-08-09T08:30:31.091" />
  <attribute name="elasticGC enabled" value="1" />
  <attribute name= "numThreadsSpecified" value="16" />
  <attribute name="heapSize specified" value="0" />
  <attribute name="Current GC Util" value="221" />
  <attribute name= "Current Time Running" value="87278" />
  <attribute name ="GC Interval" value="0" />
  <attribute name="Target GC Util Change" value ="80.000000" />
  <attribute name="Current GC Util Change" value="221.000000"/>
  <attribute name="Current Error" value="-510.000000" />
  <attribute name="Output H" value="272667312"/>
  <attribute name="Output I" value="1712"/>
  <attribute name="Output T" value="16"/>
  <attribute name= "Current Time Running" value="87278" />
  <attribute name="GC Util currently" value="221" />
  <attribute name="CPU Util currently" value="1087684335835" />
<exclusive-end id="2399" timestamp="2019-08-09T08:30:31.091" durationms="12.590" />

<exclusive-start id="2400" timestamp="2019-08-09T08:30:31.115" intervalms="37.103">
  <response-info timems="0.020" idlems="0.020" threads="0" lastid="0000000001033F00" lastname="main" />
</exclusive-start>
<allocation-taxation id="2401" taxation-threshold="77594624" timestamp="2019-08-09T08:30:31.115" intervalms="37.109" />
<cycle-start id="2402" type="partial gc" contextid="0" timestamp="2019-08-09T08:30:31.116" intervalms="37.487" />
<gc-start id="2403" type="partial gc" contextid="2402" timestamp="2019-08-09T08:30:31.116">
  <mem-info id="2404" free="92274688" total="283115520" percent="32">
    <mem type="eden" free="2096360" total="79691776" percent="2" />
    <remembered-set count="15968" freebytes="11254528" totalbytes="11318400" percent="99" regionsoverflowed="0" regionsstable="9" regionsrebuilding="0"/>
  </mem-info>
</gc-start>
<allocation-stats totalBytes="77336888" >
  <allocated-bytes non-tlh="0" tlh="77336888" arrayletleaf="0"/>
  <largest-consumer threadName="main" threadId="0000000001033F00" bytes="77336888" />
</allocation-stats>
<gc-op id="2405" type="copy forward" timems="15.508" contextid="2402" timestamp="2019-08-09T08:30:31.133">
  <memory-copied type="eden" objects="2" bytes="56" bytesdiscarded="736" />
  <memory-copied type="other" objects="67" bytes="2872" bytesdiscarded="1288" />
  <memory-cardclean objects="67" bytes="2536" />
  <regions eden="37" other="2" />
  <remembered-set-cleared processed="10889" cleared="18" durationms="0.236" />
  <stringconstants candidates="13816" cleared="0"  />
</gc-op>
<gc-op id="2406" type="classunload" timems="0.008" contextid="2402" timestamp="2019-08-09T08:30:31.133">
  <classunload-info classloadercandidates="54" classloadersunloaded="0" classesunloaded="0" anonymousclassesunloaded="0" quiescems="0.000" setupms="0.008" scanms="0.000" postms="0.000" />
</gc-op>
<gc-end id="2407" type="partial gc" contextid="2402" durationms="17.202" usertimems="34.455" systemtimems="0.000" timestamp="2019-08-09T08:30:31.133" activeThreads="16">
  <mem-info id="2408" free="169869312" total="283115520" percent="60">
    <mem type="eden" free="2096360" total="2097152" percent="99" />
    <remembered-set count="16480" freebytes="11252480" totalbytes="11318400" percent="99" regionsoverflowed="0" regionsstable="9" regionsrebuilding="0"/>
  </mem-info>
</gc-end>
<cycle-end id="2409" type="partial gc" contextid="2402" timestamp="2019-08-09T08:30:31.133" />
  <attribute name="elasticGC enabled" value="1" />
  <attribute name= "numThreadsSpecified" value="16" />
  <attribute name="heapSize specified" value="0" />
  <attribute name="Current GC Util" value="159" />
  <attribute name= "Current Time Running" value="87315" />
  <attribute name ="GC Interval" value="0" />
  <attribute name="Target GC Util Change" value ="80.000000" />
  <attribute name="Current GC Util Change" value="159.000000"/>
  <attribute name="Current Error" value="-68.000000" />
  <attribute name="Output H" value="283153328"/>
  <attribute name="Output I" value="1968"/>
  <attribute name="Output T" value="16"/>
  <attribute name= "Current Time Running" value="87315" />
  <attribute name="GC Util currently" value="159" />
  <attribute name="CPU Util currently" value="929705648445" />
<exclusive-end id="2410" timestamp="2019-08-09T08:30:31.134" durationms="18.233" />

<exclusive-start id="2411" timestamp="2019-08-09T08:30:31.158" intervalms="43.025">
  <response-info timems="0.019" idlems="0.019" threads="0" lastid="0000000001033F00" lastname="main" />
</exclusive-start>
<allocation-taxation id="2412" taxation-threshold="77594624" timestamp="2019-08-09T08:30:31.158" intervalms="43.022" />
<cycle-start id="2413" type="partial gc" contextid="0" timestamp="2019-08-09T08:30:31.159" intervalms="42.665" />
<gc-start id="2414" type="partial gc" contextid="2413" timestamp="2019-08-09T08:30:31.159">
  <mem-info id="2415" free="92274688" total="283115520" percent="32">
    <mem type="eden" free="2096360" total="79691776" percent="2" />
    <remembered-set count="16480" freebytes="11252480" totalbytes="11318400" percent="99" regionsoverflowed="0" regionsstable="9" regionsrebuilding="0"/>
  </mem-info>
</gc-start>
<allocation-stats totalBytes="77336888" >
  <allocated-bytes non-tlh="0" tlh="77336888" arrayletleaf="0"/>
  <largest-consumer threadName="main" threadId="0000000001033F00" bytes="77336888" />
</allocation-stats>
<gc-op id="2416" type="copy forward" timems="9.733" contextid="2413" timestamp="2019-08-09T08:30:31.170">
  <memory-copied type="eden" objects="2" bytes="56" bytesdiscarded="0" />
  <memory-copied type="other" objects="67" bytes="2872" bytesdiscarded="576" />
  <memory-cardclean objects="67" bytes="2536" />
  <regions eden="37" other="2" />
  <remembered-set-cleared processed="10892" cleared="21" durationms="0.249" />
  <stringconstants candidates="13816" cleared="0"  />
</gc-op>
<gc-op id="2417" type="classunload" timems="0.008" contextid="2413" timestamp="2019-08-09T08:30:31.170">
  <classunload-info classloadercandidates="54" classloadersunloaded="0" classesunloaded="0" anonymousclassesunloaded="0" quiescems="0.000" setupms="0.008" scanms="0.000" postms="0.000" />
</gc-op>
<gc-end id="2418" type="partial gc" contextid="2413" durationms="10.930" usertimems="22.437" systemtimems="0.000" timestamp="2019-08-09T08:30:31.170" activeThreads="16">
  <mem-info id="2419" free="169869312" total="283115520" percent="60">
    <mem type="eden" free="2097096" total="2097152" percent="99" />
    <remembered-set count="16480" freebytes="11252480" totalbytes="11318400" percent="99" regionsoverflowed="0" regionsstable="9" regionsrebuilding="0"/>
  </mem-info>
</gc-end>
<cycle-end id="2420" type="partial gc" contextid="2413" timestamp="2019-08-09T08:30:31.170" />
  <attribute name="elasticGC enabled" value="1" />
  <attribute name= "numThreadsSpecified" value="16" />
  <attribute name="heapSize specified" value="0" />
  <attribute name="Current GC Util" value="198" />
  <attribute name= "Current Time Running" value="87358" />
  <attribute name ="GC Interval" value="0" />
  <attribute name="Target GC Util Change" value ="80.000000" />
  <attribute name="Current GC Util Change" value="198.000000"/>
  <attribute name="Current Error" value="-184.000000" />
  <attribute name="Output H" value="283153256"/>
  <attribute name="Output I" value="1896"/>
  <attribute name="Output T" value="16"/>
  <attribute name= "Current Time Running" value="87358" />
  <attribute name="GC Util currently" value="198" />
  <attribute name="CPU Util currently" value="1595387958200" />
<exclusive-end id="2421" timestamp="2019-08-09T08:30:31.170" durationms="11.637" />

<exclusive-start id="2422" timestamp="2019-08-09T08:30:31.195" intervalms="36.750">
  <response-info timems="0.025" idlems="0.025" threads="0" lastid="0000000001033F00" lastname="main" />
</exclusive-start>
<allocation-taxation id="2423" taxation-threshold="77594624" timestamp="2019-08-09T08:30:31.195" intervalms="36.747" />
<cycle-start id="2424" type="partial gc" contextid="0" timestamp="2019-08-09T08:30:31.195" intervalms="36.764" />
<gc-start id="2425" type="partial gc" contextid="2424" timestamp="2019-08-09T08:30:31.196">
  <mem-info id="2426" free="92274688" total="283115520" percent="32">
    <mem type="eden" free="2097096" total="79691776" percent="2" />
    <remembered-set count="16480" freebytes="11252480" totalbytes="11318400" percent="99" regionsoverflowed="0" regionsstable="9" regionsrebuilding="0"/>
  </mem-info>
</gc-start>
<allocation-stats totalBytes="77336888" >
  <allocated-bytes non-tlh="0" tlh="77336888" arrayletleaf="0"/>
  <largest-consumer threadName="main" threadId="0000000001033F00" bytes="77336888" />
</allocation-stats>
<gc-op id="2427" type="copy forward" timems="10.276" contextid="2424" timestamp="2019-08-09T08:30:31.208">
  <memory-copied type="eden" objects="2" bytes="56" bytesdiscarded="736" />
  <memory-copied type="other" objects="67" bytes="2872" bytesdiscarded="1288" />
  <memory-cardclean objects="67" bytes="2536" />
  <regions eden="37" other="2" />
  <remembered-set-cleared processed="10889" cleared="18" durationms="0.257" />
  <stringconstants candidates="13816" cleared="0"  />
</gc-op>
<gc-op id="2428" type="classunload" timems="0.009" contextid="2424" timestamp="2019-08-09T08:30:31.208">
  <classunload-info classloadercandidates="54" classloadersunloaded="0" classesunloaded="0" anonymousclassesunloaded="0" quiescems="0.000" setupms="0.008" scanms="0.000" postms="0.000" />
</gc-op>
<gc-end id="2429" type="partial gc" contextid="2424" durationms="12.390" usertimems="26.852" systemtimems="0.000" timestamp="2019-08-09T08:30:31.208" activeThreads="16">
  <mem-info id="2430" free="169869312" total="283115520" percent="60">
    <mem type="eden" free="2096360" total="2097152" percent="99" />
    <remembered-set count="16480" freebytes="11252480" totalbytes="11318400" percent="99" regionsoverflowed="0" regionsstable="9" regionsrebuilding="0"/>
  </mem-info>
</gc-end>
<cycle-end id="2431" type="partial gc" contextid="2424" timestamp="2019-08-09T08:30:31.208" />
  <attribute name="elasticGC enabled" value="1" />
  <attribute name= "numThreadsSpecified" value="16" />
  <attribute name="heapSize specified" value="0" />
  <attribute name="Current GC Util" value="243" />
  <attribute name= "Current Time Running" value="87395" />
  <attribute name ="GC Interval" value="0" />
  <attribute name="Target GC Util Change" value ="80.000000" />
  <attribute name="Current GC Util Change" value="243.000000"/>
  <attribute name="Current Error" value="-325.000000" />
  <attribute name="Output H" value="283153176"/>
  <attribute name="Output I" value="1816"/>
  <attribute name="Output T" value="16"/>
  <attribute name= "Current Time Running" value="87395" />
  <attribute name="GC Util currently" value="243" />
  <attribute name="CPU Util currently" value="896947111783" />
<exclusive-end id="2432" timestamp="2019-08-09T08:30:31.208" durationms="13.100" />

<exclusive-start id="2433" timestamp="2019-08-09T08:30:31.233" intervalms="38.291">
  <response-info timems="0.045" idlems="0.045" threads="0" lastid="0000000001033F00" lastname="main" />
</exclusive-start>
<allocation-taxation id="2434" taxation-threshold="77594624" timestamp="2019-08-09T08:30:31.233" intervalms="38.287" />
<cycle-start id="2435" type="partial gc" contextid="0" timestamp="2019-08-09T08:30:31.234" intervalms="38.249" />
<gc-start id="2436" type="partial gc" contextid="2435" timestamp="2019-08-09T08:30:31.234">
  <mem-info id="2437" free="92274688" total="283115520" percent="32">
    <mem type="eden" free="2096360" total="79691776" percent="2" />
    <remembered-set count="16480" freebytes="11252480" totalbytes="11318400" percent="99" regionsoverflowed="0" regionsstable="9" regionsrebuilding="0"/>
  </mem-info>
</gc-start>
<allocation-stats totalBytes="77336888" >
  <allocated-bytes non-tlh="0" tlh="77336888" arrayletleaf="0"/>
  <largest-consumer threadName="main" threadId="0000000001033F00" bytes="77336888" />
</allocation-stats>
<gc-op id="2438" type="copy forward" timems="8.668" contextid="2435" timestamp="2019-08-09T08:30:31.243">
  <memory-copied type="eden" objects="2" bytes="56" bytesdiscarded="736" />
  <memory-copied type="other" objects="67" bytes="2872" bytesdiscarded="1240" />
  <memory-cardclean objects="67" bytes="2536" />
  <regions eden="37" other="2" />
  <remembered-set-cleared processed="10891" cleared="20" durationms="0.218" />
  <stringconstants candidates="13816" cleared="0"  />
</gc-op>
<gc-op id="2439" type="classunload" timems="0.012" contextid="2435" timestamp="2019-08-09T08:30:31.243">
  <classunload-info classloadercandidates="54" classloadersunloaded="0" classesunloaded="0" anonymousclassesunloaded="0" quiescems="0.000" setupms="0.011" scanms="0.000" postms="0.000" />
</gc-op>
<gc-end id="2440" type="partial gc" contextid="2435" durationms="9.749" usertimems="24.144" systemtimems="0.000" timestamp="2019-08-09T08:30:31.244" activeThreads="16">
  <mem-info id="2441" free="169869312" total="283115520" percent="60">
    <mem type="eden" free="2096360" total="2097152" percent="99" />
    <remembered-set count="16480" freebytes="11252480" totalbytes="11318400" percent="99" regionsoverflowed="0" regionsstable="9" regionsrebuilding="0"/>
  </mem-info>
</gc-end>
<cycle-end id="2442" type="partial gc" contextid="2435" timestamp="2019-08-09T08:30:31.244" />
  <attribute name="elasticGC enabled" value="1" />
  <attribute name= "numThreadsSpecified" value="16" />
  <attribute name="heapSize specified" value="0" />
  <attribute name="Current GC Util" value="162" />
  <attribute name= "Current Time Running" value="87432" />
  <attribute name ="GC Interval" value="0" />
  <attribute name="Target GC Util Change" value ="80.000000" />
  <attribute name="Current GC Util Change" value="162.000000"/>
  <attribute name="Current Error" value="-66.000000" />
  <attribute name="Output H" value="283153328"/>
  <attribute name="Output I" value="1968"/>
  <attribute name="Output T" value="16"/>
  <attribute name= "Current Time Running" value="87432" />
  <attribute name="GC Util currently" value="162" />
  <attribute name="CPU Util currently" value="2239269451562" />
<exclusive-end id="2443" timestamp="2019-08-09T08:30:31.244" durationms="10.412" />

<exclusive-start id="2444" timestamp="2019-08-09T08:30:31.276" intervalms="42.911">
  <response-info timems="0.017" idlems="0.017" threads="0" lastid="0000000001033F00" lastname="main" />
</exclusive-start>
<allocation-taxation id="2445" taxation-threshold="77594624" timestamp="2019-08-09T08:30:31.276" intervalms="42.916" />
<cycle-start id="2446" type="partial gc" contextid="0" timestamp="2019-08-09T08:30:31.276" intervalms="42.954" />
<gc-start id="2447" type="partial gc" contextid="2446" timestamp="2019-08-09T08:30:31.277">
  <mem-info id="2448" free="92274688" total="283115520" percent="32">
    <mem type="eden" free="2096360" total="79691776" percent="2" />
    <remembered-set count="16480" freebytes="11252480" totalbytes="11318400" percent="99" regionsoverflowed="0" regionsstable="9" regionsrebuilding="0"/>
  </mem-info>
</gc-start>
<allocation-stats totalBytes="77191848" >
  <allocated-bytes non-tlh="0" tlh="77191848" arrayletleaf="0"/>
  <largest-consumer threadName="main" threadId="0000000001033F00" bytes="77191848" />
</allocation-stats>
<gc-op id="2449" type="copy forward" timems="7.772" contextid="2446" timestamp="2019-08-09T08:30:31.285">
  <memory-copied type="eden" objects="26" bytes="1920" bytesdiscarded="840" />
  <memory-copied type="other" objects="48" bytes="1152" bytesdiscarded="0" />
  <memory-cardclean objects="84" bytes="2808" />
  <regions eden="37" other="2" />
  <remembered-set-cleared processed="10890" cleared="19" durationms="0.228" />
  <stringconstants candidates="13816" cleared="0"  />
</gc-op>
<gc-op id="2450" type="classunload" timems="0.006" contextid="2446" timestamp="2019-08-09T08:30:31.286">
  <classunload-info classloadercandidates="54" classloadersunloaded="0" classesunloaded="0" anonymousclassesunloaded="0" quiescems="0.000" setupms="0.006" scanms="0.000" postms="0.000" />
</gc-op>
<gc-end id="2451" type="partial gc" contextid="2446" durationms="8.898" usertimems="19.415" systemtimems="0.000" timestamp="2019-08-09T08:30:31.286" activeThreads="16">
  <mem-info id="2452" free="169869312" total="283115520" percent="60">
    <mem type="eden" free="2094392" total="2097152" percent="99" />
    <remembered-set count="15968" freebytes="11254528" totalbytes="11318400" percent="99" regionsoverflowed="0" regionsstable="9" regionsrebuilding="0"/>
  </mem-info>
</gc-end>
<cycle-end id="2453" type="partial gc" contextid="2446" timestamp="2019-08-09T08:30:31.286" />
  <attribute name="elasticGC enabled" value="1" />
  <attribute name= "numThreadsSpecified" value="16" />
  <attribute name="heapSize specified" value="0" />
  <attribute name="Current GC Util" value="122" />
  <attribute name= "Current Time Running" value="87475" />
  <attribute name ="GC Interval" value="0" />
  <attribute name="Target GC Util Change" value ="80.000000" />
  <attribute name="Current GC Util Change" value="122.000000"/>
  <attribute name="Current Error" value="-79.000000" />
  <attribute name="Output H" value="283153320"/>
  <attribute name="Output I" value="1960"/>
  <attribute name="Output T" value="16"/>
  <attribute name= "Current Time Running" value="87475" />
  <attribute name="GC Util currently" value="122" />
  <attribute name="CPU Util currently" value="1792335287526" />
<exclusive-end id="2454" timestamp="2019-08-09T08:30:31.286" durationms="9.529" />

<exclusive-start id="2455" timestamp="2019-08-09T08:30:31.310" intervalms="33.520">
  <response-info timems="0.017" idlems="0.017" threads="0" lastid="0000000001033F00" lastname="main" />
</exclusive-start>
<allocation-taxation id="2456" taxation-threshold="77594624" timestamp="2019-08-09T08:30:31.310" intervalms="33.517" />
<cycle-start id="2457" type="partial gc" contextid="0" timestamp="2019-08-09T08:30:31.310" intervalms="33.491" />
<gc-start id="2458" type="partial gc" contextid="2457" timestamp="2019-08-09T08:30:31.310">
  <mem-info id="2459" free="92274688" total="283115520" percent="32">
    <mem type="eden" free="0" total="77594624" percent="0" />
    <remembered-set count="15552" freebytes="11256192" totalbytes="11318400" percent="99" regionsoverflowed="0" regionsstable="9" regionsrebuilding="0"/>
  </mem-info>
</gc-start>
<allocation-stats totalBytes="77104384" >
  <allocated-bytes non-tlh="0" tlh="77104384" arrayletleaf="0"/>
  <largest-consumer threadName="main" threadId="0000000001033F00" bytes="77104384" />
</allocation-stats>
<gc-op id="2460" type="copy forward" timems="8.527" contextid="2457" timestamp="2019-08-09T08:30:31.320">
  <memory-copied type="eden" objects="2" bytes="64" bytesdiscarded="0" />
  <memory-copied type="other" objects="73" bytes="3032" bytesdiscarded="1632" />
  <memory-cardclean objects="67" bytes="2536" />
  <regions eden="37" other="2" />
  <remembered-set-cleared processed="10889" cleared="18" durationms="0.226" />
  <stringconstants candidates="13816" cleared="0"  />
</gc-op>
<gc-op id="2461" type="classunload" timems="0.009" contextid="2457" timestamp="2019-08-09T08:30:31.320">
  <classunload-info classloadercandidates="54" classloadersunloaded="0" classesunloaded="0" anonymousclassesunloaded="0" quiescems="0.000" setupms="0.008" scanms="0.000" postms="0.000" />
</gc-op>
<heap-resize id="2462" type="expand" space="default" amount="6291456" count="1" timems="0.108" reason="excessive time being spent in gc" timestamp="2019-08-09T08:30:31.320" />
<gc-end id="2463" type="partial gc" contextid="2457" durationms="9.866" usertimems="20.096" systemtimems="0.000" timestamp="2019-08-09T08:30:31.320" activeThreads="16">
  <mem-info id="2464" free="174063616" total="289406976" percent="60">
    <mem type="eden" free="2097088" total="2097152" percent="99" />
    <remembered-set count="16480" freebytes="11504000" totalbytes="11569920" percent="99" regionsoverflowed="0" regionsstable="9" regionsrebuilding="0"/>
  </mem-info>
</gc-end>
<cycle-end id="2465" type="partial gc" contextid="2457" timestamp="2019-08-09T08:30:31.320" />
  <attribute name="elasticGC enabled" value="1" />
  <attribute name= "numThreadsSpecified" value="16" />
  <attribute name="heapSize specified" value="0" />
  <attribute name="Current GC Util" value="129" />
  <attribute name= "Current Time Running" value="87509" />
  <attribute name ="GC Interval" value="0" />
  <attribute name="Target GC Util Change" value ="80.000000" />
  <attribute name="Current GC Util Change" value="129.000000"/>
  <attribute name="Current Error" value="-105.000000" />
  <attribute name="Output H" value="283153304"/>
  <attribute name="Output I" value="1944"/>
  <attribute name="Output T" value="16"/>
  <attribute name= "Current Time Running" value="87509" />
  <attribute name="GC Util currently" value="129" />
  <attribute name="CPU Util currently" value="1620165998895" />
<exclusive-end id="2466" timestamp="2019-08-09T08:30:31.320" durationms="10.408" />

<exclusive-start id="2467" timestamp="2019-08-09T08:30:31.350" intervalms="40.547">
  <response-info timems="0.020" idlems="0.020" threads="0" lastid="0000000001033F00" lastname="main" />
</exclusive-start>
<allocation-taxation id="2468" taxation-threshold="79691776" timestamp="2019-08-09T08:30:31.350" intervalms="40.562" />
<cycle-start id="2469" type="partial gc" contextid="0" timestamp="2019-08-09T08:30:31.351" intervalms="40.577" />
<gc-start id="2470" type="partial gc" contextid="2469" timestamp="2019-08-09T08:30:31.351">
  <mem-info id="2471" free="94371840" total="289406976" percent="32">
    <mem type="eden" free="2097088" total="81788928" percent="2" />
    <remembered-set count="16064" freebytes="11505664" totalbytes="11569920" percent="99" regionsoverflowed="0" regionsstable="9" regionsrebuilding="0"/>
  </mem-info>
</gc-start>
<allocation-stats totalBytes="79192248" >
  <allocated-bytes non-tlh="0" tlh="79192248" arrayletleaf="0"/>
  <largest-consumer threadName="main" threadId="0000000001033F00" bytes="79192248" />
</allocation-stats>
<gc-op id="2472" type="copy forward" timems="8.908" contextid="2469" timestamp="2019-08-09T08:30:31.361">
  <memory-copied type="eden" objects="2" bytes="64" bytesdiscarded="0" />
  <memory-copied type="other" objects="25" bytes="1880" bytesdiscarded="1080" />
  <memory-cardclean objects="42" bytes="1760" />
  <regions eden="38" other="2" />
  <remembered-set-cleared processed="10892" cleared="14" durationms="0.166" />
  <stringconstants candidates="13816" cleared="0"  />
</gc-op>
<gc-op id="2473" type="classunload" timems="0.012" contextid="2469" timestamp="2019-08-09T08:30:31.361">
  <classunload-info classloadercandidates="54" classloadersunloaded="0" classesunloaded="0" anonymousclassesunloaded="0" quiescems="0.000" setupms="0.012" scanms="0.000" postms="0.000" />
</gc-op>
<gc-end id="2474" type="partial gc" contextid="2469" durationms="10.108" usertimems="24.353" systemtimems="0.000" timestamp="2019-08-09T08:30:31.361" activeThreads="16">
  <mem-info id="2475" free="174063616" total="289406976" percent="60">
    <mem type="eden" free="2097088" total="2097152" percent="99" />
    <remembered-set count="16096" freebytes="11505536" totalbytes="11569920" percent="99" regionsoverflowed="0" regionsstable="9" regionsrebuilding="0"/>
  </mem-info>
</gc-end>
<cycle-end id="2476" type="partial gc" contextid="2469" timestamp="2019-08-09T08:30:31.361" />
  <attribute name="elasticGC enabled" value="1" />
  <attribute name= "numThreadsSpecified" value="16" />
  <attribute name="heapSize specified" value="0" />
  <attribute name="Current GC Util" value="225" />
  <attribute name= "Current Time Running" value="87550" />
  <attribute name ="GC Interval" value="0" />
  <attribute name="Target GC Util Change" value ="80.000000" />
  <attribute name="Current GC Util Change" value="225.000000"/>
  <attribute name="Current Error" value="-113.000000" />
  <attribute name="Output H" value="289444752"/>
  <attribute name="Output I" value="1936"/>
  <attribute name="Output T" value="16"/>
  <attribute name= "Current Time Running" value="87550" />
  <attribute name="GC Util currently" value="225" />
  <attribute name="CPU Util currently" value="1642731402647" />
<exclusive-end id="2477" timestamp="2019-08-09T08:30:31.361" durationms="10.775" />

<exclusive-start id="2478" timestamp="2019-08-09T08:30:31.387" intervalms="36.432">
  <response-info timems="0.026" idlems="0.026" threads="0" lastid="0000000001033F00" lastname="main" />
</exclusive-start>
<allocation-taxation id="2479" taxation-threshold="79691776" timestamp="2019-08-09T08:30:31.387" intervalms="36.434" />
<cycle-start id="2480" type="partial gc" contextid="0" timestamp="2019-08-09T08:30:31.387" intervalms="36.460" />
<gc-start id="2481" type="partial gc" contextid="2480" timestamp="2019-08-09T08:30:31.387">
  <mem-info id="2482" free="94371840" total="289406976" percent="32">
    <mem type="eden" free="2097088" total="81788928" percent="2" />
    <remembered-set count="16096" freebytes="11505536" totalbytes="11569920" percent="99" regionsoverflowed="0" regionsstable="9" regionsrebuilding="0"/>
  </mem-info>
</gc-start>
<allocation-stats totalBytes="79193488" >
  <allocated-bytes non-tlh="0" tlh="79193488" arrayletleaf="0"/>
  <largest-consumer threadName="main" threadId="0000000001033F00" bytes="79193488" />
</allocation-stats>
<gc-op id="2483" type="copy forward" timems="13.976" contextid="2480" timestamp="2019-08-09T08:30:31.402">
  <memory-copied type="eden" objects="2" bytes="64" bytesdiscarded="0" />
  <memory-copied type="other" objects="25" bytes="1880" bytesdiscarded="1080" />
  <memory-cardclean objects="42" bytes="1760" />
  <regions eden="38" other="2" />
  <remembered-set-cleared processed="10892" cleared="14" durationms="0.161" />
  <stringconstants candidates="13816" cleared="0"  />
</gc-op>
<gc-op id="2484" type="classunload" timems="0.009" contextid="2480" timestamp="2019-08-09T08:30:31.402">
  <classunload-info classloadercandidates="54" classloadersunloaded="0" classesunloaded="0" anonymousclassesunloaded="0" quiescems="0.000" setupms="0.009" scanms="0.000" postms="0.000" />
</gc-op>
<gc-end id="2485" type="partial gc" contextid="2480" durationms="15.082" usertimems="28.417" systemtimems="0.000" timestamp="2019-08-09T08:30:31.402" activeThreads="16">
  <mem-info id="2486" free="174063616" total="289406976" percent="60">
    <mem type="eden" free="2097088" total="2097152" percent="99" />
    <remembered-set count="16608" freebytes="11503488" totalbytes="11569920" percent="99" regionsoverflowed="0" regionsstable="9" regionsrebuilding="0"/>
  </mem-info>
</gc-end>
<cycle-end id="2487" type="partial gc" contextid="2480" timestamp="2019-08-09T08:30:31.402" />
  <attribute name="elasticGC enabled" value="1" />
  <attribute name= "numThreadsSpecified" value="16" />
  <attribute name="heapSize specified" value="0" />
  <attribute name="Current GC Util" value="193" />
  <attribute name= "Current Time Running" value="87586" />
  <attribute name ="GC Interval" value="0" />
  <attribute name="Target GC Util Change" value ="80.000000" />
  <attribute name="Current GC Util Change" value="193.000000"/>
  <attribute name="Current Error" value="-210.000000" />
  <attribute name="Output H" value="289444696"/>
  <attribute name="Output I" value="1880"/>
  <attribute name="Output T" value="16"/>
  <attribute name= "Current Time Running" value="87586" />
  <attribute name="GC Util currently" value="193" />
  <attribute name="CPU Util currently" value="1805160112217" />
<exclusive-end id="2488" timestamp="2019-08-09T08:30:31.403" durationms="15.712" />

<exclusive-start id="2489" timestamp="2019-08-09T08:30:31.435" intervalms="48.401">
  <response-info timems="0.017" idlems="0.017" threads="0" lastid="0000000001033F00" lastname="main" />
</exclusive-start>
<allocation-taxation id="2490" taxation-threshold="79691776" timestamp="2019-08-09T08:30:31.435" intervalms="48.397" />
<cycle-start id="2491" type="partial gc" contextid="0" timestamp="2019-08-09T08:30:31.435" intervalms="48.387" />
<gc-start id="2492" type="partial gc" contextid="2491" timestamp="2019-08-09T08:30:31.436">
  <mem-info id="2493" free="94371840" total="289406976" percent="32">
    <mem type="eden" free="2097088" total="81788928" percent="2" />
    <remembered-set count="16608" freebytes="11503488" totalbytes="11569920" percent="99" regionsoverflowed="0" regionsstable="9" regionsrebuilding="0"/>
  </mem-info>
</gc-start>
<allocation-stats totalBytes="79193488" >
  <allocated-bytes non-tlh="0" tlh="79193488" arrayletleaf="0"/>
  <largest-consumer threadName="main" threadId="0000000001033F00" bytes="79193488" />
</allocation-stats>
<gc-op id="2494" type="copy forward" timems="8.117" contextid="2491" timestamp="2019-08-09T08:30:31.445">
  <memory-copied type="eden" objects="2" bytes="64" bytesdiscarded="0" />
  <memory-copied type="other" objects="25" bytes="1880" bytesdiscarded="1032" />
  <memory-cardclean objects="42" bytes="1760" />
  <regions eden="38" other="2" />
  <remembered-set-cleared processed="10892" cleared="14" durationms="0.288" />
  <stringconstants candidates="13816" cleared="0"  />
</gc-op>
<gc-op id="2495" type="classunload" timems="0.009" contextid="2491" timestamp="2019-08-09T08:30:31.445">
  <classunload-info classloadercandidates="54" classloadersunloaded="0" classesunloaded="0" anonymousclassesunloaded="0" quiescems="0.000" setupms="0.009" scanms="0.000" postms="0.000" />
</gc-op>
<gc-end id="2496" type="partial gc" contextid="2491" durationms="9.282" usertimems="20.478" systemtimems="0.000" timestamp="2019-08-09T08:30:31.445" activeThreads="16">
  <mem-info id="2497" free="174063616" total="289406976" percent="60">
    <mem type="eden" free="2097088" total="2097152" percent="99" />
    <remembered-set count="16096" freebytes="11505536" totalbytes="11569920" percent="99" regionsoverflowed="0" regionsstable="9" regionsrebuilding="0"/>
  </mem-info>
</gc-end>
<cycle-end id="2498" type="partial gc" contextid="2491" timestamp="2019-08-09T08:30:31.445" />
  <attribute name="elasticGC enabled" value="1" />
  <attribute name= "numThreadsSpecified" value="16" />
  <attribute name="heapSize specified" value="0" />
  <attribute name="Current GC Util" value="144" />
  <attribute name= "Current Time Running" value="87634" />
  <attribute name ="GC Interval" value="0" />
  <attribute name="Target GC Util Change" value ="80.000000" />
  <attribute name="Current GC Util Change" value="144.000000"/>
  <attribute name="Current Error" value="-251.000000" />
  <attribute name="Output H" value="289444672"/>
  <attribute name="Output I" value="1856"/>
  <attribute name="Output T" value="16"/>
  <attribute name= "Current Time Running" value="87634" />
  <attribute name="GC Util currently" value="144" />
  <attribute name="CPU Util currently" value="1802073331178" />
<exclusive-end id="2499" timestamp="2019-08-09T08:30:31.445" durationms="9.907" />

<exclusive-start id="2500" timestamp="2019-08-09T08:30:31.570" intervalms="134.792">
  <response-info timems="0.021" idlems="0.021" threads="0" lastid="0000000001033F00" lastname="main" />
</exclusive-start>
<allocation-taxation id="2501" taxation-threshold="79691776" timestamp="2019-08-09T08:30:31.570" intervalms="134.783" />
<cycle-start id="2502" type="partial gc" contextid="0" timestamp="2019-08-09T08:30:31.570" intervalms="134.768" />
<gc-start id="2503" type="partial gc" contextid="2502" timestamp="2019-08-09T08:30:31.570">
  <mem-info id="2504" free="94371840" total="289406976" percent="32">
    <mem type="eden" free="2097088" total="81788928" percent="2" />
    <remembered-set count="16096" freebytes="11505536" totalbytes="11569920" percent="99" regionsoverflowed="0" regionsstable="9" regionsrebuilding="0"/>
  </mem-info>
</gc-start>
<allocation-stats totalBytes="79676096" >
  <allocated-bytes non-tlh="0" tlh="79676096" arrayletleaf="0"/>
  <largest-consumer threadName="main" threadId="0000000001033F00" bytes="79676096" />
</allocation-stats>
<gc-op id="2505" type="copy forward" timems="8.969" contextid="2502" timestamp="2019-08-09T08:30:31.580">
  <memory-copied type="eden" objects="241" bytes="7904" bytesdiscarded="3024" />
  <memory-copied type="other" objects="6" bytes="144" bytesdiscarded="648" />
  <memory-cardclean objects="200" bytes="14712" />
  <regions eden="38" other="2" />
  <remembered-set-cleared processed="10893" cleared="35" durationms="0.260" />
  <references type="weak" candidates="37" cleared="0" enqueued="0" />
  <stringconstants candidates="13816" cleared="0"  />
</gc-op>
<gc-op id="2506" type="classunload" timems="0.009" contextid="2502" timestamp="2019-08-09T08:30:31.580">
  <classunload-info classloadercandidates="54" classloadersunloaded="0" classesunloaded="0" anonymousclassesunloaded="0" quiescems="0.000" setupms="0.008" scanms="0.000" postms="0.000" />
</gc-op>
<gc-end id="2507" type="partial gc" contextid="2502" durationms="10.045" usertimems="23.461" systemtimems="0.000" timestamp="2019-08-09T08:30:31.580" activeThreads="16">
  <mem-info id="2508" free="174063616" total="289406976" percent="60">
    <mem type="eden" free="2086176" total="2097152" percent="99" />
    <remembered-set count="17408" freebytes="11500288" totalbytes="11569920" percent="99" regionsoverflowed="0" regionsstable="9" regionsrebuilding="0"/>
  </mem-info>
</gc-end>
<cycle-end id="2509" type="partial gc" contextid="2502" timestamp="2019-08-09T08:30:31.581" />
  <attribute name="elasticGC enabled" value="1" />
  <attribute name= "numThreadsSpecified" value="16" />
  <attribute name="heapSize specified" value="0" />
  <attribute name="Current GC Util" value="131" />
  <attribute name= "Current Time Running" value="87769" />
  <attribute name ="GC Interval" value="0" />
  <attribute name="Target GC Util Change" value ="80.000000" />
  <attribute name="Current GC Util Change" value="131.000000"/>
  <attribute name="Current Error" value="15.000000" />
  <attribute name="Output H" value="289444824"/>
  <attribute name="Output I" value="2008"/>
  <attribute name="Output T" value="16"/>
  <attribute name= "Current Time Running" value="87769" />
  <attribute name="GC Util currently" value="131" />
  <attribute name="CPU Util currently" value="1893371869095" />
<exclusive-end id="2510" timestamp="2019-08-09T08:30:31.581" durationms="10.727" />

<exclusive-start id="2511" timestamp="2019-08-09T08:30:31.651" intervalms="81.071">
  <response-info timems="0.020" idlems="0.020" threads="0" lastid="0000000001033F00" lastname="main" />
</exclusive-start>
<allocation-taxation id="2512" taxation-threshold="79691776" timestamp="2019-08-09T08:30:31.651" intervalms="81.069" />
<cycle-start id="2513" type="partial gc" contextid="0" timestamp="2019-08-09T08:30:31.651" intervalms="81.052" />
<gc-start id="2514" type="partial gc" contextid="2513" timestamp="2019-08-09T08:30:31.651">
  <mem-info id="2515" free="94371840" total="289406976" percent="32">
    <mem type="eden" free="0" total="79691776" percent="0" />
    <remembered-set count="16960" freebytes="11502080" totalbytes="11569920" percent="99" regionsoverflowed="0" regionsstable="9" regionsrebuilding="0"/>
  </mem-info>
</gc-start>
<allocation-stats totalBytes="79660032" >
  <allocated-bytes non-tlh="0" tlh="79660032" arrayletleaf="0"/>
  <largest-consumer threadName="main" threadId="0000000001033F00" bytes="79660032" />
</allocation-stats>
<gc-op id="2516" type="copy forward" timems="8.796" contextid="2513" timestamp="2019-08-09T08:30:31.661">
  <memory-copied type="eden" objects="23" bytes="824" bytesdiscarded="648" />
  <memory-copied type="other" objects="115" bytes="3928" bytesdiscarded="3024" />
  <memory-cardclean objects="134" bytes="12736" />
  <regions eden="38" other="2" />
  <remembered-set-cleared processed="10900" cleared="39" durationms="0.297" />
  <references type="weak" candidates="37" cleared="0" enqueued="0" />
  <stringconstants candidates="13816" cleared="0"  />
</gc-op>
<gc-op id="2517" type="classunload" timems="0.010" contextid="2513" timestamp="2019-08-09T08:30:31.661">
  <classunload-info classloadercandidates="54" classloadersunloaded="0" classesunloaded="0" anonymousclassesunloaded="0" quiescems="0.000" setupms="0.010" scanms="0.000" postms="0.000" />
</gc-op>
<heap-resize id="2518" type="expand" space="default" amount="4194304" count="1" timems="0.091" reason="excessive time being spent in gc" timestamp="2019-08-09T08:30:31.661" />
<gc-end id="2519" type="partial gc" contextid="2513" durationms="10.009" usertimems="23.465" systemtimems="0.000" timestamp="2019-08-09T08:30:31.661" activeThreads="16">
  <mem-info id="2520" free="176160768" total="293601280" percent="60">
    <mem type="eden" free="2095680" total="2097152" percent="99" />
    <remembered-set count="17440" freebytes="11667840" totalbytes="11737600" percent="99" regionsoverflowed="0" regionsstable="9" regionsrebuilding="0"/>
  </mem-info>
</gc-end>
<cycle-end id="2521" type="partial gc" contextid="2513" timestamp="2019-08-09T08:30:31.662" />
  <attribute name="elasticGC enabled" value="1" />
  <attribute name= "numThreadsSpecified" value="16" />
  <attribute name="heapSize specified" value="0" />
  <attribute name="Current GC Util" value="126" />
  <attribute name= "Current Time Running" value="87850" />
  <attribute name ="GC Interval" value="0" />
  <attribute name="Target GC Util Change" value ="80.000000" />
  <attribute name="Current GC Util Change" value="126.000000"/>
  <attribute name="Current Error" value="21.000000" />
  <attribute name="Output H" value="289444832"/>
  <attribute name="Output I" value="2016"/>
  <attribute name="Output T" value="16"/>
  <attribute name= "Current Time Running" value="87850" />
  <attribute name="GC Util currently" value="126" />
  <attribute name="CPU Util currently" value="1913200598024" />
<exclusive-end id="2522" timestamp="2019-08-09T08:30:31.662" durationms="10.580" />

<exclusive-start id="2523" timestamp="2019-08-09T08:30:31.688" intervalms="36.739">
  <response-info timems="0.028" idlems="0.028" threads="0" lastid="0000000001033F00" lastname="main" />
</exclusive-start>
<allocation-taxation id="2524" taxation-threshold="79691776" timestamp="2019-08-09T08:30:31.688" intervalms="36.743" />
<cycle-start id="2525" type="partial gc" contextid="0" timestamp="2019-08-09T08:30:31.688" intervalms="36.749" />
<gc-start id="2526" type="partial gc" contextid="2525" timestamp="2019-08-09T08:30:31.688">
  <mem-info id="2527" free="96468992" total="293601280" percent="32">
    <mem type="eden" free="0" total="79691776" percent="0" />
    <remembered-set count="17120" freebytes="11669120" totalbytes="11737600" percent="99" regionsoverflowed="0" regionsstable="9" regionsrebuilding="0"/>
  </mem-info>
</gc-start>
<allocation-stats totalBytes="79651064" >
  <allocated-bytes non-tlh="0" tlh="79651064" arrayletleaf="0"/>
  <largest-consumer threadName="main" threadId="0000000001033F00" bytes="79651064" />
</allocation-stats>
<gc-op id="2528" type="copy forward" timems="8.443" contextid="2525" timestamp="2019-08-09T08:30:31.698">
  <memory-copied type="eden" objects="6" bytes="360" bytesdiscarded="0" />
  <memory-copied type="other" objects="126" bytes="4336" bytesdiscarded="4216" />
  <memory-cardclean objects="112" bytes="12144" />
  <regions eden="38" other="2" />
  <remembered-set-cleared processed="10903" cleared="37" durationms="0.149" />
  <references type="weak" candidates="37" cleared="0" enqueued="0" />
  <stringconstants candidates="13816" cleared="0"  />
</gc-op>
<gc-op id="2529" type="classunload" timems="0.009" contextid="2525" timestamp="2019-08-09T08:30:31.698">
  <classunload-info classloadercandidates="54" classloadersunloaded="0" classesunloaded="0" anonymousclassesunloaded="0" quiescems="0.000" setupms="0.009" scanms="0.000" postms="0.000" />
</gc-op>
<gc-end id="2530" type="partial gc" contextid="2525" durationms="9.629" usertimems="23.414" systemtimems="0.000" timestamp="2019-08-09T08:30:31.698" activeThreads="16">
  <mem-info id="2531" free="174063616" total="293601280" percent="59">
    <mem type="eden" free="2096792" total="2097152" percent="99" />
    <remembered-set count="18560" freebytes="11663360" totalbytes="11737600" percent="99" regionsoverflowed="0" regionsstable="9" regionsrebuilding="0"/>
  </mem-info>
</gc-end>
<cycle-end id="2532" type="partial gc" contextid="2525" timestamp="2019-08-09T08:30:31.698" />
  <attribute name="elasticGC enabled" value="1" />
  <attribute name= "numThreadsSpecified" value="16" />
  <attribute name="heapSize specified" value="0" />
  <attribute name="Current GC Util" value="120" />
  <attribute name= "Current Time Running" value="87887" />
  <attribute name ="GC Interval" value="0" />
  <attribute name="Target GC Util Change" value ="80.000000" />
  <attribute name="Current GC Util Change" value="120.000000"/>
  <attribute name="Current Error" value="-1.000000" />
  <attribute name="Output H" value="293639120"/>
  <attribute name="Output I" value="2000"/>
  <attribute name="Output T" value="16"/>
  <attribute name= "Current Time Running" value="87887" />
  <attribute name="GC Util currently" value="120" />
  <attribute name="CPU Util currently" value="1606006378537" />
<exclusive-end id="2533" timestamp="2019-08-09T08:30:31.698" durationms="10.195" />

<exclusive-start id="2534" timestamp="2019-08-09T08:30:31.723" intervalms="35.032">
  <response-info timems="0.016" idlems="0.016" threads="0" lastid="0000000001033F00" lastname="main" />
</exclusive-start>
<allocation-taxation id="2535" taxation-threshold="79691776" timestamp="2019-08-09T08:30:31.723" intervalms="35.025" />
<cycle-start id="2536" type="partial gc" contextid="0" timestamp="2019-08-09T08:30:31.723" intervalms="35.022" />
<gc-start id="2537" type="partial gc" contextid="2536" timestamp="2019-08-09T08:30:31.723">
  <mem-info id="2538" free="94371840" total="293601280" percent="32">
    <mem type="eden" free="2096792" total="81788928" percent="2" />
    <remembered-set count="18112" freebytes="11665152" totalbytes="11737600" percent="99" regionsoverflowed="0" regionsstable="9" regionsrebuilding="0"/>
  </mem-info>
</gc-start>
<allocation-stats totalBytes="79651608" >
  <allocated-bytes non-tlh="0" tlh="79651608" arrayletleaf="0"/>
  <largest-consumer threadName="main" threadId="0000000001033F00" bytes="79651608" />
</allocation-stats>
<gc-op id="2539" type="copy forward" timems="7.378" contextid="2536" timestamp="2019-08-09T08:30:31.732">
  <memory-copied type="eden" objects="6" bytes="176" bytesdiscarded="0" />
  <memory-copied type="other" objects="17" bytes="552" bytesdiscarded="648" />
  <memory-cardclean objects="51" bytes="1840" />
  <regions eden="38" other="2" />
  <remembered-set-cleared processed="10908" cleared="12" durationms="0.138" />
  <stringconstants candidates="13816" cleared="0"  />
</gc-op>
<gc-op id="2540" type="classunload" timems="0.009" contextid="2536" timestamp="2019-08-09T08:30:31.732">
  <classunload-info classloadercandidates="54" classloadersunloaded="0" classesunloaded="0" anonymousclassesunloaded="0" quiescems="0.000" setupms="0.009" scanms="0.000" postms="0.000" />
</gc-op>
<heap-resize id="2541" type="expand" space="default" amount="6291456" count="1" timems="0.094" reason="excessive time being spent in gc" timestamp="2019-08-09T08:30:31.733" />
<gc-end id="2542" type="partial gc" contextid="2536" durationms="9.346" usertimems="18.095" systemtimems="0.000" timestamp="2019-08-09T08:30:31.733" activeThreads="16">
  <mem-info id="2543" free="180355072" total="299892736" percent="60">
    <mem type="eden" free="2096976" total="2097152" percent="99" />
    <remembered-set count="16960" freebytes="11921280" totalbytes="11989120" percent="99" regionsoverflowed="0" regionsstable="9" regionsrebuilding="0"/>
  </mem-info>
</gc-end>
<cycle-end id="2544" type="partial gc" contextid="2536" timestamp="2019-08-09T08:30:31.733" />
  <attribute name="elasticGC enabled" value="1" />
  <attribute name= "numThreadsSpecified" value="16" />
  <attribute name="heapSize specified" value="0" />
  <attribute name="Current GC Util" value="66" />
  <attribute name= "Current Time Running" value="87923" />
  <attribute name ="GC Interval" value="0" />
  <attribute name="Target GC Util Change" value ="80.000000" />
  <attribute name="Current GC Util Change" value="66.000000"/>
  <attribute name="Current Error" value="29.000000" />
  <attribute name="Output H" value="293639136"/>
  <attribute name="Output I" value="2016"/>
  <attribute name="Output T" value="16"/>
  <attribute name= "Current Time Running" value="87923" />
  <attribute name="GC Util currently" value="66" />
  <attribute name="CPU Util currently" value="845514409152" />
<exclusive-end id="2545" timestamp="2019-08-09T08:30:31.733" durationms="9.980" />

<exclusive-start id="2546" timestamp="2019-08-09T08:30:31.760" intervalms="37.611">
  <response-info timems="0.019" idlems="0.019" threads="0" lastid="0000000001033F00" lastname="main" />
</exclusive-start>
<allocation-taxation id="2547" taxation-threshold="81788928" timestamp="2019-08-09T08:30:31.761" intervalms="37.615" />
<cycle-start id="2548" type="partial gc" contextid="0" timestamp="2019-08-09T08:30:31.761" intervalms="37.610" />
<gc-start id="2549" type="partial gc" contextid="2548" timestamp="2019-08-09T08:30:31.761">
  <mem-info id="2550" free="98566144" total="299892736" percent="32">
    <mem type="eden" free="2096976" total="83886080" percent="2" />
    <remembered-set count="16960" freebytes="11921280" totalbytes="11989120" percent="99" regionsoverflowed="0" regionsstable="9" regionsrebuilding="0"/>
  </mem-info>
</gc-start>
<allocation-stats totalBytes="81723560" >
  <allocated-bytes non-tlh="0" tlh="81723560" arrayletleaf="0"/>
  <largest-consumer threadName="main" threadId="0000000001033F00" bytes="81723560" />
</allocation-stats>
<gc-op id="2551" type="copy forward" timems="6.758" contextid="2548" timestamp="2019-08-09T08:30:31.769">
  <memory-copied type="eden" objects="23" bytes="960" bytesdiscarded="648" />
  <memory-copied type="other" objects="6" bytes="144" bytesdiscarded="648" />
  <memory-cardclean objects="80" bytes="2544" />
  <regions eden="39" other="2" />
  <remembered-set-cleared processed="10909" cleared="15" durationms="0.221" />
  <stringconstants candidates="13816" cleared="0"  />
</gc-op>
<gc-op id="2552" type="classunload" timems="0.009" contextid="2548" timestamp="2019-08-09T08:30:31.769">
  <classunload-info classloadercandidates="54" classloadersunloaded="0" classesunloaded="0" anonymousclassesunloaded="0" quiescems="0.000" setupms="0.009" scanms="0.000" postms="0.000" />
</gc-op>
<gc-end id="2553" type="partial gc" contextid="2548" durationms="7.839" usertimems="18.474" systemtimems="0.000" timestamp="2019-08-09T08:30:31.769" activeThreads="16">
  <mem-info id="2554" free="180355072" total="299892736" percent="60">
    <mem type="eden" free="2095544" total="2097152" percent="99" />
    <remembered-set count="16416" freebytes="11923456" totalbytes="11989120" percent="99" regionsoverflowed="0" regionsstable="9" regionsrebuilding="0"/>
  </mem-info>
</gc-end>
<cycle-end id="2555" type="partial gc" contextid="2548" timestamp="2019-08-09T08:30:31.769" />
  <attribute name="elasticGC enabled" value="1" />
  <attribute name= "numThreadsSpecified" value="16" />
  <attribute name="heapSize specified" value="0" />
  <attribute name="Current GC Util" value="146" />
  <attribute name= "Current Time Running" value="87959" />
  <attribute name ="GC Interval" value="0" />
  <attribute name="Target GC Util Change" value ="80.000000" />
  <attribute name="Current GC Util Change" value="146.000000"/>
  <attribute name="Current Error" value="-4.000000" />
  <attribute name="Output H" value="299930576"/>
  <attribute name="Output I" value="2000"/>
  <attribute name="Output T" value="16"/>
  <attribute name= "Current Time Running" value="87959" />
  <attribute name="GC Util currently" value="146" />
  <attribute name="CPU Util currently" value="2017773480782" />
<exclusive-end id="2556" timestamp="2019-08-09T08:30:31.769" durationms="8.453" />

<exclusive-start id="2557" timestamp="2019-08-09T08:30:31.834" intervalms="73.626">
  <response-info timems="0.015" idlems="0.015" threads="0" lastid="0000000001033F00" lastname="main" />
</exclusive-start>
<allocation-taxation id="2558" taxation-threshold="81788928" timestamp="2019-08-09T08:30:31.834" intervalms="73.623" />
<cycle-start id="2559" type="partial gc" contextid="0" timestamp="2019-08-09T08:30:31.834" intervalms="73.626" />
<gc-start id="2560" type="partial gc" contextid="2559" timestamp="2019-08-09T08:30:31.834">
  <mem-info id="2561" free="98566144" total="299892736" percent="32">
    <mem type="eden" free="0" total="81788928" percent="0" />
    <remembered-set count="15968" freebytes="11925248" totalbytes="11989120" percent="99" regionsoverflowed="0" regionsstable="9" regionsrebuilding="0"/>
  </mem-info>
</gc-start>
<allocation-stats totalBytes="81750792" >
  <allocated-bytes non-tlh="0" tlh="81750792" arrayletleaf="0"/>
  <largest-consumer threadName="main" threadId="0000000001033F00" bytes="81750792" />
</allocation-stats>
<gc-op id="2562" type="copy forward" timems="3.850" contextid="2559" timestamp="2019-08-09T08:30:31.840">
  <memory-copied type="eden" objects="48" bytes="2072" bytesdiscarded="672" />
  <memory-copied type="other" objects="12" bytes="288" bytesdiscarded="1440" />
  <memory-cardclean objects="90" bytes="2936" />
  <regions eden="39" other="2" />
  <remembered-set-cleared processed="10910" cleared="18" durationms="0.222" />
  <stringconstants candidates="13816" cleared="0"  />
</gc-op>
<gc-op id="2563" type="classunload" timems="0.007" contextid="2559" timestamp="2019-08-09T08:30:31.840">
  <classunload-info classloadercandidates="54" classloadersunloaded="0" classesunloaded="0" anonymousclassesunloaded="0" quiescems="0.000" setupms="0.007" scanms="0.000" postms="0.000" />
</gc-op>
<heap-resize id="2564" type="expand" space="default" amount="4194304" count="1" timems="0.128" reason="excessive time being spent in gc" timestamp="2019-08-09T08:30:31.840" />
<gc-end id="2565" type="partial gc" contextid="2559" durationms="5.457" usertimems="11.907" systemtimems="0.000" timestamp="2019-08-09T08:30:31.840" activeThreads="8">
  <mem-info id="2566" free="182452224" total="304087040" percent="60">
    <mem type="eden" free="2094408" total="2097152" percent="99" />
    <remembered-set count="17152" freebytes="12088192" totalbytes="12156800" percent="99" regionsoverflowed="0" regionsstable="9" regionsrebuilding="0"/>
  </mem-info>
</gc-end>
<cycle-end id="2567" type="partial gc" contextid="2559" timestamp="2019-08-09T08:30:31.840" />
  <attribute name="elasticGC enabled" value="1" />
  <attribute name= "numThreadsSpecified" value="8" />
  <attribute name="heapSize specified" value="0" />
  <attribute name="Current GC Util" value="145" />
  <attribute name= "Current Time Running" value="88033" />
  <attribute name ="GC Interval" value="0" />
  <attribute name="Target GC Util Change" value ="80.000000" />
  <attribute name="Current GC Util Change" value="145.000000"/>
  <attribute name="Current Error" value="-13.000000" />
  <attribute name="Output H" value="299930576"/>
  <attribute name="Output I" value="2000"/>
  <attribute name="Output T" value="8"/>
  <attribute name= "Current Time Running" value="88033" />
  <attribute name="GC Util currently" value="145" />
  <attribute name="CPU Util currently" value="1666307460668" />
<exclusive-end id="2568" timestamp="2019-08-09T08:30:31.840" durationms="5.963" />

<exclusive-start id="2569" timestamp="2019-08-09T08:30:32.074" intervalms="239.501">
  <response-info timems="0.023" idlems="0.023" threads="0" lastid="0000000001033F00" lastname="main" />
</exclusive-start>
<allocation-taxation id="2570" taxation-threshold="83886080" timestamp="2019-08-09T08:30:32.074" intervalms="239.512" />
<cycle-start id="2571" type="partial gc" contextid="0" timestamp="2019-08-09T08:30:32.074" intervalms="239.568" />
<gc-start id="2572" type="partial gc" contextid="2571" timestamp="2019-08-09T08:30:32.074">
  <mem-info id="2573" free="98566144" total="304087040" percent="32">
    <mem type="eden" free="0" total="83886080" percent="0" />
    <remembered-set count="16864" freebytes="12089344" totalbytes="12156800" percent="99" regionsoverflowed="0" regionsstable="9" regionsrebuilding="0"/>
  </mem-info>
</gc-start>
<allocation-stats totalBytes="80740760" >
  <allocated-bytes non-tlh="0" tlh="80740760" arrayletleaf="0"/>
  <largest-consumer threadName="main" threadId="0000000001033F00" bytes="80740760" />
</allocation-stats>
<gc-op id="2574" type="copy forward" timems="10.074" contextid="2571" timestamp="2019-08-09T08:30:32.085">
  <memory-copied type="eden" objects="67" bytes="35784" bytesdiscarded="1176" />
  <memory-copied type="other" objects="12" bytes="288" bytesdiscarded="1488" />
  <memory-cardclean objects="109" bytes="3424" />
  <regions eden="40" other="2" />
  <remembered-set-cleared processed="10913" cleared="19" durationms="0.207" />
  <stringconstants candidates="13816" cleared="0"  />
</gc-op>
<gc-op id="2575" type="classunload" timems="0.011" contextid="2571" timestamp="2019-08-09T08:30:32.085">
  <classunload-info classloadercandidates="54" classloadersunloaded="0" classesunloaded="0" anonymousclassesunloaded="0" quiescems="0.000" setupms="0.011" scanms="0.000" postms="0.000" />
</gc-op>
<gc-end id="2576" type="partial gc" contextid="2571" durationms="11.394" usertimems="24.584" systemtimems="0.000" timestamp="2019-08-09T08:30:32.085" activeThreads="16">
  <mem-info id="2577" free="180355072" total="304087040" percent="59">
    <mem type="eden" free="2060192" total="2097152" percent="98" />
    <remembered-set count="16928" freebytes="12089088" totalbytes="12156800" percent="99" regionsoverflowed="0" regionsstable="9" regionsrebuilding="0"/>
  </mem-info>
</gc-end>
<cycle-end id="2578" type="partial gc" contextid="2571" timestamp="2019-08-09T08:30:32.086" />
  <attribute name="elasticGC enabled" value="1" />
  <attribute name= "numThreadsSpecified" value="16" />
  <attribute name="heapSize specified" value="0" />
  <attribute name="Current GC Util" value="156" />
  <attribute name= "Current Time Running" value="88273" />
  <attribute name ="GC Interval" value="0" />
  <attribute name="Target GC Util Change" value ="80.000000" />
  <attribute name="Current GC Util Change" value="156.000000"/>
  <attribute name="Current Error" value="0.000000" />
  <attribute name="Output H" value="304124880"/>
  <attribute name="Output I" value="2000"/>
  <attribute name="Output T" value="16"/>
  <attribute name= "Current Time Running" value="88273" />
  <attribute name="GC Util currently" value="156" />
  <attribute name="CPU Util currently" value="1391269598356" />
<exclusive-end id="2579" timestamp="2019-08-09T08:30:32.086" durationms="12.146" />

<exclusive-start id="2580" timestamp="2019-08-09T08:30:32.275" intervalms="201.576">
  <response-info timems="0.017" idlems="0.017" threads="0" lastid="0000000001033F00" lastname="main" />
</exclusive-start>
<allocation-taxation id="2581" taxation-threshold="83886080" timestamp="2019-08-09T08:30:32.275" intervalms="201.567" />
<cycle-start id="2582" type="partial gc" contextid="0" timestamp="2019-08-09T08:30:32.275" intervalms="201.507" />
<gc-start id="2583" type="partial gc" contextid="2582" timestamp="2019-08-09T08:30:32.276">
  <mem-info id="2584" free="96468992" total="304087040" percent="31">
    <mem type="eden" free="0" total="83886080" percent="0" />
    <remembered-set count="16928" freebytes="12089088" totalbytes="12156800" percent="99" regionsoverflowed="0" regionsstable="9" regionsrebuilding="0"/>
  </mem-info>
</gc-start>
<allocation-stats totalBytes="83877392" >
  <allocated-bytes non-tlh="0" tlh="83877392" arrayletleaf="0"/>
  <largest-consumer threadName="main" threadId="0000000001033F00" bytes="83877392" />
</allocation-stats>
<gc-op id="2585" type="copy forward" timems="8.769" contextid="2582" timestamp="2019-08-09T08:30:32.285">
  <memory-copied type="eden" objects="41" bytes="1216" bytesdiscarded="528" />
  <memory-copied type="other" objects="42" bytes="1008" bytesdiscarded="1224" />
  <memory-cardclean objects="133" bytes="4128" />
  <regions eden="40" other="2" />
  <remembered-set-cleared processed="10917" cleared="28" durationms="0.326" />
  <stringconstants candidates="13816" cleared="0"  />
</gc-op>
<gc-op id="2586" type="classunload" timems="0.009" contextid="2582" timestamp="2019-08-09T08:30:32.285">
  <classunload-info classloadercandidates="54" classloadersunloaded="0" classesunloaded="0" anonymousclassesunloaded="0" quiescems="0.000" setupms="0.008" scanms="0.000" postms="0.000" />
</gc-op>
<gc-end id="2587" type="partial gc" contextid="2582" durationms="9.854" usertimems="24.068" systemtimems="0.000" timestamp="2019-08-09T08:30:32.285" activeThreads="16">
  <mem-info id="2588" free="178257920" total="304087040" percent="58">
    <mem type="eden" free="2095408" total="2097152" percent="99" />
    <remembered-set count="16800" freebytes="12089600" totalbytes="12156800" percent="99" regionsoverflowed="0" regionsstable="9" regionsrebuilding="0"/>
  </mem-info>
</gc-end>
<cycle-end id="2589" type="partial gc" contextid="2582" timestamp="2019-08-09T08:30:32.285" />
  <attribute name="elasticGC enabled" value="1" />
  <attribute name= "numThreadsSpecified" value="16" />
  <attribute name="heapSize specified" value="0" />
  <attribute name="Current GC Util" value="168" />
  <attribute name= "Current Time Running" value="88474" />
  <attribute name ="GC Interval" value="0" />
  <attribute name="Target GC Util Change" value ="80.000000" />
  <attribute name="Current GC Util Change" value="168.000000"/>
  <attribute name="Current Error" value="-19.000000" />
  <attribute name="Output H" value="304124872"/>
  <attribute name="Output I" value="1992"/>
  <attribute name="Output T" value="16"/>
  <attribute name= "Current Time Running" value="88474" />
  <attribute name="GC Util currently" value="168" />
  <attribute name="CPU Util currently" value="1879696854873" />
<exclusive-end id="2590" timestamp="2019-08-09T08:30:32.286" durationms="10.435" />

<exclusive-start id="2591" timestamp="2019-08-09T08:30:32.368" intervalms="92.842">
  <response-info timems="0.015" idlems="0.015" threads="0" lastid="0000000001033F00" lastname="main" />
</exclusive-start>
<allocation-taxation id="2592" taxation-threshold="83886080" timestamp="2019-08-09T08:30:32.368" intervalms="92.851" />
<cycle-start id="2593" type="partial gc" contextid="0" timestamp="2019-08-09T08:30:32.368" intervalms="92.874" />
<gc-start id="2594" type="partial gc" contextid="2593" timestamp="2019-08-09T08:30:32.368">
  <mem-info id="2595" free="94371840" total="304087040" percent="31">
    <mem type="eden" free="0" total="83886080" percent="0" />
    <remembered-set count="16800" freebytes="12089600" totalbytes="12156800" percent="99" regionsoverflowed="0" regionsstable="9" regionsrebuilding="0"/>
  </mem-info>
</gc-start>
<allocation-stats totalBytes="83860784" >
  <allocated-bytes non-tlh="0" tlh="83860784" arrayletleaf="0"/>
  <largest-consumer threadName="main" threadId="0000000001033F00" bytes="83860784" />
</allocation-stats>
<gc-op id="2596" type="copy forward" timems="12.229" contextid="2593" timestamp="2019-08-09T08:30:32.382">
  <memory-copied type="eden" objects="42" bytes="1232" bytesdiscarded="1104" />
  <memory-copied type="other" objects="64" bytes="1608" bytesdiscarded="1056" />
  <memory-cardclean objects="137" bytes="4160" />
  <regions eden="40" other="2" />
  <remembered-set-cleared processed="10915" cleared="27" durationms="0.224" />
  <stringconstants candidates="13816" cleared="0"  />
</gc-op>
<gc-op id="2597" type="classunload" timems="0.013" contextid="2593" timestamp="2019-08-09T08:30:32.382">
  <classunload-info classloadercandidates="54" classloadersunloaded="0" classesunloaded="0" anonymousclassesunloaded="0" quiescems="0.000" setupms="0.013" scanms="0.000" postms="0.000" />
</gc-op>
<gc-end id="2598" type="partial gc" contextid="2593" durationms="13.773" usertimems="28.038" systemtimems="0.000" timestamp="2019-08-09T08:30:32.382" activeThreads="16">
  <mem-info id="2599" free="176160768" total="304087040" percent="57">
    <mem type="eden" free="2094816" total="2097152" percent="99" />
    <remembered-set count="16768" freebytes="12089728" totalbytes="12156800" percent="99" regionsoverflowed="0" regionsstable="9" regionsrebuilding="0"/>
  </mem-info>
</gc-end>
<cycle-end id="2600" type="partial gc" contextid="2593" timestamp="2019-08-09T08:30:32.382" />
  <attribute name="elasticGC enabled" value="1" />
  <attribute name= "numThreadsSpecified" value="16" />
  <attribute name="heapSize specified" value="0" />
  <attribute name="Current GC Util" value="106" />
  <attribute name= "Current Time Running" value="88567" />
  <attribute name ="GC Interval" value="0" />
  <attribute name="Target GC Util Change" value ="80.000000" />
  <attribute name="Current GC Util Change" value="106.000000"/>
  <attribute name="Current Error" value="10.000000" />
  <attribute name="Output H" value="304124888"/>
  <attribute name="Output I" value="2008"/>
  <attribute name="Output T" value="16"/>
  <attribute name= "Current Time Running" value="88567" />
  <attribute name="GC Util currently" value="106" />
  <attribute name="CPU Util currently" value="1490691226523" />
<exclusive-end id="2601" timestamp="2019-08-09T08:30:32.382" durationms="14.380" />

<exclusive-start id="2602" timestamp="2019-08-09T08:30:32.492" intervalms="124.355">
  <response-info timems="0.016" idlems="0.016" threads="0" lastid="0000000001033F00" lastname="main" />
</exclusive-start>
<allocation-taxation id="2603" taxation-threshold="83886080" timestamp="2019-08-09T08:30:32.492" intervalms="124.344" />
<cycle-start id="2604" type="partial gc" contextid="0" timestamp="2019-08-09T08:30:32.493" intervalms="124.355" />
<gc-start id="2605" type="partial gc" contextid="2604" timestamp="2019-08-09T08:30:32.493">
  <mem-info id="2606" free="92274688" total="304087040" percent="30">
    <mem type="eden" free="0" total="83886080" percent="0" />
    <remembered-set count="16768" freebytes="12089728" totalbytes="12156800" percent="99" regionsoverflowed="0" regionsstable="9" regionsrebuilding="0"/>
  </mem-info>
</gc-start>
<allocation-stats totalBytes="83876952" >
  <allocated-bytes non-tlh="0" tlh="83876952" arrayletleaf="0"/>
  <largest-consumer threadName="main" threadId="0000000001033F00" bytes="83876952" />
</allocation-stats>
<gc-op id="2607" type="copy forward" timems="9.651" contextid="2604" timestamp="2019-08-09T08:30:32.504">
  <memory-copied type="eden" objects="31" bytes="944" bytesdiscarded="1320" />
  <memory-copied type="other" objects="47" bytes="1224" bytesdiscarded="1872" />
  <memory-cardclean objects="114" bytes="3576" />
  <regions eden="40" other="2" />
  <remembered-set-cleared processed="10920" cleared="22" durationms="0.185" />
  <stringconstants candidates="13816" cleared="0"  />
</gc-op>
<gc-op id="2608" type="classunload" timems="0.010" contextid="2604" timestamp="2019-08-09T08:30:32.504">
  <classunload-info classloadercandidates="54" classloadersunloaded="0" classesunloaded="0" anonymousclassesunloaded="0" quiescems="0.000" setupms="0.010" scanms="0.000" postms="0.000" />
</gc-op>
<gc-end id="2609" type="partial gc" contextid="2604" durationms="11.136" usertimems="25.100" systemtimems="0.000" timestamp="2019-08-09T08:30:32.504" activeThreads="16">
  <mem-info id="2610" free="174063616" total="304087040" percent="57">
    <mem type="eden" free="2094888" total="2097152" percent="99" />
    <remembered-set count="16992" freebytes="12088832" totalbytes="12156800" percent="99" regionsoverflowed="0" regionsstable="9" regionsrebuilding="0"/>
  </mem-info>
</gc-end>
<cycle-end id="2611" type="partial gc" contextid="2604" timestamp="2019-08-09T08:30:32.504" />
  <attribute name="elasticGC enabled" value="1" />
  <attribute name= "numThreadsSpecified" value="16" />
  <attribute name="heapSize specified" value="0" />
  <attribute name="Current GC Util" value="199" />
  <attribute name= "Current Time Running" value="88692" />
  <attribute name ="GC Interval" value="0" />
  <attribute name="Target GC Util Change" value ="80.000000" />
  <attribute name="Current GC Util Change" value="199.000000"/>
  <attribute name="Current Error" value="-61.000000" />
  <attribute name="Output H" value="304124848"/>
  <attribute name="Output I" value="1968"/>
  <attribute name="Output T" value="16"/>
  <attribute name= "Current Time Running" value="88692" />
  <attribute name="GC Util currently" value="199" />
  <attribute name="CPU Util currently" value="1146628765423" />
<exclusive-end id="2612" timestamp="2019-08-09T08:30:32.504" durationms="11.820" />

<exclusive-start id="2613" timestamp="2019-08-09T08:30:32.634" intervalms="141.510">
  <response-info timems="0.019" idlems="0.019" threads="0" lastid="0000000001033F00" lastname="main" />
</exclusive-start>
<allocation-taxation id="2614" taxation-threshold="83886080" timestamp="2019-08-09T08:30:32.634" intervalms="141.528" />
<cycle-start id="2615" type="partial gc" contextid="0" timestamp="2019-08-09T08:30:32.634" intervalms="141.514" />
<gc-start id="2616" type="partial gc" contextid="2615" timestamp="2019-08-09T08:30:32.634">
  <mem-info id="2617" free="90177536" total="304087040" percent="29">
    <mem type="eden" free="0" total="83886080" percent="0" />
    <remembered-set count="16992" freebytes="12088832" totalbytes="12156800" percent="99" regionsoverflowed="0" regionsstable="9" regionsrebuilding="0"/>
  </mem-info>
</gc-start>
<allocation-stats totalBytes="83880152" >
  <allocated-bytes non-tlh="0" tlh="83880152" arrayletleaf="0"/>
  <largest-consumer threadName="main" threadId="0000000001033F00" bytes="83880152" />
</allocation-stats>
<gc-op id="2618" type="copy forward" timems="8.954" contextid="2615" timestamp="2019-08-09T08:30:32.644">
  <memory-copied type="eden" objects="31" bytes="896" bytesdiscarded="1176" />
  <memory-copied type="other" objects="31" bytes="768" bytesdiscarded="2520" />
  <memory-cardclean objects="115" bytes="3480" />
  <regions eden="40" other="2" />
  <remembered-set-cleared processed="10927" cleared="27" durationms="0.351" />
  <stringconstants candidates="13816" cleared="0"  />
</gc-op>
<gc-op id="2619" type="classunload" timems="0.013" contextid="2615" timestamp="2019-08-09T08:30:32.646">
  <classunload-info classloadercandidates="54" classloadersunloaded="0" classesunloaded="0" anonymousclassesunloaded="0" quiescems="0.000" setupms="0.013" scanms="0.000" postms="0.000" />
</gc-op>
<gc-end id="2620" type="partial gc" contextid="2615" durationms="11.540" usertimems="26.919" systemtimems="0.000" timestamp="2019-08-09T08:30:32.646" activeThreads="16">
  <mem-info id="2621" free="171966464" total="304087040" percent="56">
    <mem type="eden" free="2095080" total="2097152" percent="99" />
    <remembered-set count="17984" freebytes="12084864" totalbytes="12156800" percent="99" regionsoverflowed="0" regionsstable="9" regionsrebuilding="0"/>
  </mem-info>
</gc-end>
<cycle-end id="2622" type="partial gc" contextid="2615" timestamp="2019-08-09T08:30:32.646" />
  <attribute name="elasticGC enabled" value="1" />
  <attribute name= "numThreadsSpecified" value="16" />
  <attribute name="heapSize specified" value="0" />
  <attribute name="Current GC Util" value="107" />
  <attribute name= "Current Time Running" value="88833" />
  <attribute name ="GC Interval" value="0" />
  <attribute name="Target GC Util Change" value ="80.000000" />
  <attribute name="Current GC Util Change" value="107.000000"/>
  <attribute name="Current Error" value="-24.000000" />
  <attribute name="Output H" value="304124872"/>
  <attribute name="Output I" value="1992"/>
  <attribute name="Output T" value="16"/>
  <attribute name= "Current Time Running" value="88833" />
  <attribute name="GC Util currently" value="107" />
  <attribute name="CPU Util currently" value="1608161401688" />
<exclusive-end id="2623" timestamp="2019-08-09T08:30:32.646" durationms="12.145" />

<exclusive-start id="2624" timestamp="2019-08-09T08:30:32.786" intervalms="151.787">
  <response-info timems="0.018" idlems="0.018" threads="0" lastid="0000000001033F00" lastname="main" />
</exclusive-start>
<allocation-taxation id="2625" taxation-threshold="83886080" timestamp="2019-08-09T08:30:32.786" intervalms="151.770" />
<cycle-start id="2626" type="partial gc" contextid="0" timestamp="2019-08-09T08:30:32.786" intervalms="151.780" />
<gc-start id="2627" type="partial gc" contextid="2626" timestamp="2019-08-09T08:30:32.786">
  <mem-info id="2628" free="88080384" total="304087040" percent="28">
    <mem type="eden" free="0" total="83886080" percent="0" />
    <remembered-set count="17600" freebytes="12086400" totalbytes="12156800" percent="99" regionsoverflowed="0" regionsstable="9" regionsrebuilding="0"/>
  </mem-info>
</gc-start>
<allocation-stats totalBytes="83879944" >
  <allocated-bytes non-tlh="0" tlh="83879944" arrayletleaf="0"/>
  <largest-consumer threadName="main" threadId="0000000001033F00" bytes="83879944" />
</allocation-stats>
<gc-op id="2629" type="copy forward" timems="7.281" contextid="2626" timestamp="2019-08-09T08:30:32.795">
  <memory-copied type="eden" objects="54" bytes="1488" bytesdiscarded="1032" />
  <memory-copied type="other" objects="30" bytes="720" bytesdiscarded="2568" />
  <memory-cardclean objects="111" bytes="3184" />
  <regions eden="40" other="2" />
  <remembered-set-cleared processed="10935" cleared="28" durationms="0.290" />
  <stringconstants candidates="13816" cleared="0"  />
</gc-op>
<gc-op id="2630" type="classunload" timems="0.006" contextid="2626" timestamp="2019-08-09T08:30:32.795">
  <classunload-info classloadercandidates="54" classloadersunloaded="0" classesunloaded="0" anonymousclassesunloaded="0" quiescems="0.000" setupms="0.005" scanms="0.000" postms="0.000" />
</gc-op>
<gc-end id="2631" type="partial gc" contextid="2626" durationms="8.712" usertimems="20.879" systemtimems="0.000" timestamp="2019-08-09T08:30:32.795" activeThreads="16">
  <mem-info id="2632" free="169869312" total="304087040" percent="55">
    <mem type="eden" free="2094632" total="2097152" percent="99" />
    <remembered-set count="18560" freebytes="12082560" totalbytes="12156800" percent="99" regionsoverflowed="0" regionsstable="9" regionsrebuilding="0"/>
  </mem-info>
</gc-end>
<cycle-end id="2633" type="partial gc" contextid="2626" timestamp="2019-08-09T08:30:32.795" />
  <attribute name="elasticGC enabled" value="1" />
  <attribute name= "numThreadsSpecified" value="16" />
  <attribute name="heapSize specified" value="0" />
  <attribute name="Current GC Util" value="184" />
  <attribute name= "Current Time Running" value="88985" />
  <attribute name ="GC Interval" value="0" />
  <attribute name="Target GC Util Change" value ="80.000000" />
  <attribute name="Current GC Util Change" value="184.000000"/>
  <attribute name="Current Error" value="-65.000000" />
  <attribute name="Output H" value="304124848"/>
  <attribute name="Output I" value="1968"/>
  <attribute name="Output T" value="16"/>
  <attribute name= "Current Time Running" value="88985" />
  <attribute name="GC Util currently" value="184" />
  <attribute name="CPU Util currently" value="1157556319264" />
<exclusive-end id="2634" timestamp="2019-08-09T08:30:32.795" durationms="9.296" />

<exclusive-start id="2635" timestamp="2019-08-09T08:30:32.946" intervalms="160.500">
  <response-info timems="0.019" idlems="0.019" threads="0" lastid="0000000001033F00" lastname="main" />
</exclusive-start>
<allocation-taxation id="2636" taxation-threshold="83886080" timestamp="2019-08-09T08:30:32.946" intervalms="160.499" />
<cycle-start id="2637" type="partial gc" contextid="0" timestamp="2019-08-09T08:30:32.946" intervalms="160.491" />
<gc-start id="2638" type="partial gc" contextid="2637" timestamp="2019-08-09T08:30:32.947">
  <mem-info id="2639" free="85983232" total="304087040" percent="28">
    <mem type="eden" free="0" total="83886080" percent="0" />
    <remembered-set count="18112" freebytes="12084352" totalbytes="12156800" percent="99" regionsoverflowed="0" regionsstable="9" regionsrebuilding="0"/>
  </mem-info>
</gc-start>
<allocation-stats totalBytes="83879976" >
  <allocated-bytes non-tlh="0" tlh="83879976" arrayletleaf="0"/>
  <largest-consumer threadName="main" threadId="0000000001033F00" bytes="83879976" />
</allocation-stats>
<gc-op id="2640" type="copy forward" timems="7.984" contextid="2637" timestamp="2019-08-09T08:30:32.956">
  <memory-copied type="eden" objects="54" bytes="2296" bytesdiscarded="1056" />
  <memory-copied type="other" objects="48" bytes="1152" bytesdiscarded="1392" />
  <memory-cardclean objects="102" bytes="3008" />
  <regions eden="40" other="2" />
  <remembered-set-cleared processed="10942" cleared="27" durationms="0.213" />
  <stringconstants candidates="13816" cleared="0"  />
</gc-op>
<gc-op id="2641" type="classunload" timems="0.009" contextid="2637" timestamp="2019-08-09T08:30:32.957">
  <classunload-info classloadercandidates="54" classloadersunloaded="0" classesunloaded="0" anonymousclassesunloaded="0" quiescems="0.000" setupms="0.009" scanms="0.000" postms="0.000" />
</gc-op>
<gc-end id="2642" type="partial gc" contextid="2637" durationms="10.875" usertimems="24.189" systemtimems="0.000" timestamp="2019-08-09T08:30:32.957" activeThreads="16">
  <mem-info id="2643" free="167772160" total="304087040" percent="55">
    <mem type="eden" free="2093800" total="2097152" percent="99" />
    <remembered-set count="17728" freebytes="12085888" totalbytes="12156800" percent="99" regionsoverflowed="0" regionsstable="9" regionsrebuilding="0"/>
  </mem-info>
</gc-end>
<cycle-end id="2644" type="partial gc" contextid="2637" timestamp="2019-08-09T08:30:32.957" />
  <attribute name="elasticGC enabled" value="1" />
  <attribute name= "numThreadsSpecified" value="16" />
  <attribute name="heapSize specified" value="0" />
  <attribute name="Current GC Util" value="200" />
  <attribute name= "Current Time Running" value="89146" />
  <attribute name ="GC Interval" value="0" />
  <attribute name="Target GC Util Change" value ="80.000000" />
  <attribute name="Current GC Util Change" value="200.000000"/>
  <attribute name="Current Error" value="-52.000000" />
  <attribute name="Output H" value="304124856"/>
  <attribute name="Output I" value="1976"/>
  <attribute name="Output T" value="16"/>
  <attribute name= "Current Time Running" value="89146" />
  <attribute name="GC Util currently" value="200" />
  <attribute name="CPU Util currently" value="1028619943763" />
<exclusive-end id="2645" timestamp="2019-08-09T08:30:32.958" durationms="11.427" />

<exclusive-start id="2646" timestamp="2019-08-09T08:30:33.059" intervalms="113.138">
  <response-info timems="0.021" idlems="0.021" threads="0" lastid="0000000001033F00" lastname="main" />
</exclusive-start>
<allocation-taxation id="2647" taxation-threshold="83886080" timestamp="2019-08-09T08:30:33.059" intervalms="113.142" />
<cycle-start id="2648" type="partial gc" contextid="0" timestamp="2019-08-09T08:30:33.059" intervalms="113.150" />
<gc-start id="2649" type="partial gc" contextid="2648" timestamp="2019-08-09T08:30:33.060">
  <mem-info id="2650" free="83886080" total="304087040" percent="27">
    <mem type="eden" free="0" total="83886080" percent="0" />
    <remembered-set count="17312" freebytes="12087552" totalbytes="12156800" percent="99" regionsoverflowed="0" regionsstable="9" regionsrebuilding="0"/>
  </mem-info>
</gc-start>
<allocation-stats totalBytes="83827840" >
  <allocated-bytes non-tlh="0" tlh="83827840" arrayletleaf="0"/>
  <largest-consumer threadName="main" threadId="0000000001033F00" bytes="83827840" />
</allocation-stats>
<gc-op id="2651" type="copy forward" timems="7.444" contextid="2648" timestamp="2019-08-09T08:30:33.068">
  <memory-copied type="eden" objects="25" bytes="760" bytesdiscarded="696" />
  <memory-copied type="other" objects="54" bytes="1296" bytesdiscarded="1224" />
  <memory-cardclean objects="96" bytes="2912" />
  <regions eden="40" other="2" />
  <remembered-set-cleared processed="10947" cleared="26" durationms="0.349" />
  <stringconstants candidates="13816" cleared="0"  />
</gc-op>
<gc-op id="2652" type="classunload" timems="0.012" contextid="2648" timestamp="2019-08-09T08:30:33.068">
  <classunload-info classloadercandidates="54" classloadersunloaded="0" classesunloaded="0" anonymousclassesunloaded="0" quiescems="0.000" setupms="0.010" scanms="0.000" postms="0.000" />
</gc-op>
<gc-end id="2653" type="partial gc" contextid="2648" durationms="8.647" usertimems="20.115" systemtimems="0.000" timestamp="2019-08-09T08:30:33.068" activeThreads="16">
  <mem-info id="2654" free="165675008" total="304087040" percent="54">
    <mem type="eden" free="2095696" total="2097152" percent="99" />
    <remembered-set count="17888" freebytes="12085248" totalbytes="12156800" percent="99" regionsoverflowed="0" regionsstable="9" regionsrebuilding="0"/>
  </mem-info>
</gc-end>
<cycle-end id="2655" type="partial gc" contextid="2648" timestamp="2019-08-09T08:30:33.068" />
  <attribute name="elasticGC enabled" value="1" />
  <attribute name= "numThreadsSpecified" value="16" />
  <attribute name="heapSize specified" value="0" />
  <attribute name="Current GC Util" value="214" />
  <attribute name= "Current Time Running" value="89258" />
  <attribute name ="GC Interval" value="0" />
  <attribute name="Target GC Util Change" value ="80.000000" />
  <attribute name="Current GC Util Change" value="214.000000"/>
  <attribute name="Current Error" value="-125.000000" />
  <attribute name="Output H" value="304124808"/>
  <attribute name="Output I" value="1928"/>
  <attribute name="Output T" value="16"/>
  <attribute name= "Current Time Running" value="89258" />
  <attribute name="GC Util currently" value="214" />
  <attribute name="CPU Util currently" value="1575694471416" />
<exclusive-end id="2656" timestamp="2019-08-09T08:30:33.069" durationms="9.282" />

<exclusive-start id="2657" timestamp="2019-08-09T08:30:33.117" intervalms="57.443">
  <response-info timems="0.028" idlems="0.028" threads="0" lastid="0000000001033F00" lastname="main" />
</exclusive-start>
<allocation-taxation id="2658" taxation-threshold="83886080" timestamp="2019-08-09T08:30:33.118" intervalms="58.702" />
<cycle-start id="2659" type="partial gc" contextid="0" timestamp="2019-08-09T08:30:33.118" intervalms="58.721" />
<gc-start id="2660" type="partial gc" contextid="2659" timestamp="2019-08-09T08:30:33.118">
  <mem-info id="2661" free="81788928" total="304087040" percent="26">
    <mem type="eden" free="0" total="83886080" percent="0" />
    <remembered-set count="17472" freebytes="12086912" totalbytes="12156800" percent="99" regionsoverflowed="0" regionsstable="9" regionsrebuilding="0"/>
  </mem-info>
</gc-start>
<allocation-stats totalBytes="83775192" >
  <allocated-bytes non-tlh="0" tlh="83775192" arrayletleaf="0"/>
  <largest-consumer threadName="main" threadId="0000000001033F00" bytes="83775192" />
</allocation-stats>
<gc-op id="2662" type="copy forward" timems="6.727" contextid="2659" timestamp="2019-08-09T08:30:33.126">
  <memory-copied type="eden" objects="25" bytes="1312" bytesdiscarded="672" />
  <memory-copied type="other" objects="30" bytes="720" bytesdiscarded="1704" />
  <memory-cardclean objects="75" bytes="2344" />
  <regions eden="40" other="2" />
  <remembered-set-cleared processed="10951" cleared="20" durationms="0.378" />
  <stringconstants candidates="13816" cleared="0"  />
</gc-op>
<gc-op id="2663" type="classunload" timems="0.011" contextid="2659" timestamp="2019-08-09T08:30:33.126">
  <classunload-info classloadercandidates="54" classloadersunloaded="0" classesunloaded="0" anonymousclassesunloaded="0" quiescems="0.000" setupms="0.011" scanms="0.000" postms="0.000" />
</gc-op>
<gc-end id="2664" type="partial gc" contextid="2659" durationms="8.092" usertimems="17.320" systemtimems="0.000" timestamp="2019-08-09T08:30:33.127" activeThreads="16">
  <mem-info id="2665" free="163577856" total="304087040" percent="53">
    <mem type="eden" free="2095168" total="2097152" percent="99" />
    <remembered-set count="18592" freebytes="12082432" totalbytes="12156800" percent="99" regionsoverflowed="0" regionsstable="9" regionsrebuilding="0"/>
  </mem-info>
</gc-end>
<cycle-end id="2666" type="partial gc" contextid="2659" timestamp="2019-08-09T08:30:33.127" />
  <attribute name="elasticGC enabled" value="1" />
  <attribute name= "numThreadsSpecified" value="16" />
  <attribute name="heapSize specified" value="0" />
  <attribute name="Current GC Util" value="113" />
  <attribute name= "Current Time Running" value="89317" />
  <attribute name ="GC Interval" value="0" />
  <attribute name="Target GC Util Change" value ="80.000000" />
  <attribute name="Current GC Util Change" value="113.000000"/>
  <attribute name="Current Error" value="-111.000000" />
  <attribute name="Output H" value="304124816"/>
  <attribute name="Output I" value="1936"/>
  <attribute name="Output T" value="16"/>
  <attribute name= "Current Time Running" value="89317" />
  <attribute name="GC Util currently" value="113" />
  <attribute name="CPU Util currently" value="1456538336044" />
<exclusive-end id="2667" timestamp="2019-08-09T08:30:33.127" durationms="10.120" />

<exclusive-start id="2668" timestamp="2019-08-09T08:30:33.155" intervalms="38.053">
  <response-info timems="0.021" idlems="0.021" threads="0" lastid="0000000001033F00" lastname="main" />
</exclusive-start>
<allocation-taxation id="2669" taxation-threshold="83886080" timestamp="2019-08-09T08:30:33.155" intervalms="36.809" />
<cycle-start id="2670" type="partial gc" contextid="0" timestamp="2019-08-09T08:30:33.155" intervalms="36.807" />
<gc-start id="2671" type="partial gc" contextid="2670" timestamp="2019-08-09T08:30:33.155">
  <mem-info id="2672" free="79691776" total="304087040" percent="26">
    <mem type="eden" free="0" total="83886080" percent="0" />
    <remembered-set count="18112" freebytes="12084352" totalbytes="12156800" percent="99" regionsoverflowed="0" regionsstable="9" regionsrebuilding="0"/>
  </mem-info>
</gc-start>
<allocation-stats totalBytes="83738280" >
  <allocated-bytes non-tlh="0" tlh="83738280" arrayletleaf="0"/>
  <largest-consumer threadName="main" threadId="0000000001033F00" bytes="83738280" />
</allocation-stats>
<gc-op id="2673" type="copy forward" timems="9.093" contextid="2670" timestamp="2019-08-09T08:30:33.166">
  <memory-copied type="eden" objects="4" bytes="104" bytesdiscarded="0" />
  <memory-copied type="other" objects="27" bytes="1352" bytesdiscarded="1320" />
  <memory-cardclean objects="43" bytes="1640" />
  <regions eden="40" other="2" />
  <remembered-set-cleared processed="10956" cleared="14" durationms="0.221" />
  <stringconstants candidates="13816" cleared="0"  />
</gc-op>
<gc-op id="2674" type="classunload" timems="0.009" contextid="2670" timestamp="2019-08-09T08:30:33.166">
  <classunload-info classloadercandidates="54" classloadersunloaded="0" classesunloaded="0" anonymousclassesunloaded="0" quiescems="0.000" setupms="0.009" scanms="0.000" postms="0.000" />
</gc-op>
<heap-resize id="2675" type="expand" space="default" amount="52428800" count="1" timems="0.260" reason="excessive time being spent in gc" timestamp="2019-08-09T08:30:33.166" />
<gc-end id="2676" type="partial gc" contextid="2670" durationms="10.913" usertimems="23.224" systemtimems="0.000" timestamp="2019-08-09T08:30:33.166" activeThreads="16">
  <mem-info id="2677" free="213909504" total="356515840" percent="60">
    <mem type="eden" free="2097048" total="2097152" percent="99" />
    <remembered-set count="18272" freebytes="14179712" totalbytes="14252800" percent="99" regionsoverflowed="0" regionsstable="9" regionsrebuilding="0"/>
  </mem-info>
</gc-end>
<cycle-end id="2678" type="partial gc" contextid="2670" timestamp="2019-08-09T08:30:33.166" />
  <attribute name="elasticGC enabled" value="1" />
  <attribute name= "numThreadsSpecified" value="16" />
  <attribute name="heapSize specified" value="0" />
  <attribute name="Current GC Util" value="219" />
  <attribute name= "Current Time Running" value="89354" />
  <attribute name ="GC Interval" value="0" />
  <attribute name="Target GC Util Change" value ="80.000000" />
  <attribute name="Current GC Util Change" value="219.000000"/>
  <attribute name="Current Error" value="-105.000000" />
  <attribute name="Output H" value="304124824"/>
  <attribute name="Output I" value="1944"/>
  <attribute name="Output T" value="16"/>
  <attribute name= "Current Time Running" value="89354" />
  <attribute name="GC Util currently" value="219" />
  <attribute name="CPU Util currently" value="1079004275414" />
<exclusive-end id="2679" timestamp="2019-08-09T08:30:33.166" durationms="11.530" />

<exclusive-start id="2680" timestamp="2019-08-09T08:30:33.262" intervalms="107.034">
  <response-info timems="0.020" idlems="0.020" threads="0" lastid="0000000001033F00" lastname="main" />
</exclusive-start>
<allocation-taxation id="2681" taxation-threshold="96468992" timestamp="2019-08-09T08:30:33.262" intervalms="107.019" />
<cycle-start id="2682" type="partial gc" contextid="0" timestamp="2019-08-09T08:30:33.262" intervalms="106.986" />
<gc-start id="2683" type="partial gc" contextid="2682" timestamp="2019-08-09T08:30:33.262">
  <mem-info id="2684" free="117440512" total="356515840" percent="32">
    <mem type="eden" free="2097048" total="98566144" percent="2" />
    <remembered-set count="17792" freebytes="14181632" totalbytes="14252800" percent="99" regionsoverflowed="0" regionsstable="9" regionsrebuilding="0"/>
  </mem-info>
</gc-start>
<allocation-stats totalBytes="96340424" >
  <allocated-bytes non-tlh="0" tlh="96340424" arrayletleaf="0"/>
  <largest-consumer threadName="main" threadId="0000000001033F00" bytes="96340424" />
</allocation-stats>
<gc-op id="2685" type="copy forward" timems="7.272" contextid="2682" timestamp="2019-08-09T08:30:33.271">
  <memory-copied type="eden" objects="34" bytes="1856" bytesdiscarded="640" />
  <memory-copied type="other" objects="6" bytes="144" bytesdiscarded="720" />
  <memory-cardclean objects="81" bytes="2448" />
  <regions eden="46" other="2" />
  <remembered-set-cleared processed="10959" cleared="20" durationms="0.258" />
  <stringconstants candidates="13816" cleared="0"  />
</gc-op>
<gc-op id="2686" type="classunload" timems="0.009" contextid="2682" timestamp="2019-08-09T08:30:33.271">
  <classunload-info classloadercandidates="54" classloadersunloaded="0" classesunloaded="0" anonymousclassesunloaded="0" quiescems="0.000" setupms="0.009" scanms="0.000" postms="0.000" />
</gc-op>
<gc-end id="2687" type="partial gc" contextid="2682" durationms="8.787" usertimems="18.795" systemtimems="0.000" timestamp="2019-08-09T08:30:33.271" activeThreads="16">
  <mem-info id="2688" free="213909504" total="356515840" percent="60">
    <mem type="eden" free="2094656" total="2097152" percent="99" />
    <remembered-set count="17088" freebytes="14184448" totalbytes="14252800" percent="99" regionsoverflowed="0" regionsstable="9" regionsrebuilding="0"/>
  </mem-info>
</gc-end>
<cycle-end id="2689" type="partial gc" contextid="2682" timestamp="2019-08-09T08:30:33.271" />
  <attribute name="elasticGC enabled" value="1" />
  <attribute name= "numThreadsSpecified" value="16" />
  <attribute name="heapSize specified" value="0" />
  <attribute name="Current GC Util" value="202" />
  <attribute name= "Current Time Running" value="89461" />
  <attribute name ="GC Interval" value="0" />
  <attribute name="Target GC Util Change" value ="80.000000" />
  <attribute name="Current GC Util Change" value="202.000000"/>
  <attribute name="Current Error" value="-166.000000" />
  <attribute name="Output H" value="356553592"/>
  <attribute name="Output I" value="1912"/>
  <attribute name="Output T" value="16"/>
  <attribute name= "Current Time Running" value="89461" />
  <attribute name="GC Util currently" value="202" />
  <attribute name="CPU Util currently" value="1159436335866" />
<exclusive-end id="2690" timestamp="2019-08-09T08:30:33.271" durationms="9.369" />

<exclusive-start id="2691" timestamp="2019-08-09T08:30:33.335" intervalms="73.011">
  <response-info timems="0.018" idlems="0.018" threads="0" lastid="0000000001033F00" lastname="main" />
</exclusive-start>
<allocation-taxation id="2692" taxation-threshold="96468992" timestamp="2019-08-09T08:30:33.335" intervalms="73.010" />
<cycle-start id="2693" type="partial gc" contextid="0" timestamp="2019-08-09T08:30:33.335" intervalms="73.047" />
<gc-start id="2694" type="partial gc" contextid="2693" timestamp="2019-08-09T08:30:33.335">
  <mem-info id="2695" free="117440512" total="356515840" percent="32">
    <mem type="eden" free="0" total="96468992" percent="0" />
    <remembered-set count="17088" freebytes="14184448" totalbytes="14252800" percent="99" regionsoverflowed="0" regionsstable="9" regionsrebuilding="0"/>
  </mem-info>
</gc-start>
<allocation-stats totalBytes="96384304" >
  <allocated-bytes non-tlh="0" tlh="96384304" arrayletleaf="0"/>
  <largest-consumer threadName="main" threadId="0000000001033F00" bytes="96384304" />
</allocation-stats>
<gc-op id="2696" type="copy forward" timems="7.825" contextid="2693" timestamp="2019-08-09T08:30:33.344">
  <memory-copied type="eden" objects="41" bytes="4336" bytesdiscarded="1320" />
  <memory-copied type="other" objects="18" bytes="432" bytesdiscarded="1392" />
  <memory-cardclean objects="89" bytes="2800" />
  <regions eden="46" other="2" />
  <remembered-set-cleared processed="10962" cleared="26" durationms="0.228" />
  <stringconstants candidates="13816" cleared="0"  />
</gc-op>
<gc-op id="2697" type="classunload" timems="0.010" contextid="2693" timestamp="2019-08-09T08:30:33.344">
  <classunload-info classloadercandidates="54" classloadersunloaded="0" classesunloaded="0" anonymousclassesunloaded="0" quiescems="0.000" setupms="0.009" scanms="0.000" postms="0.000" />
</gc-op>
<heap-resize id="2698" type="expand" space="default" amount="6291456" count="1" timems="0.082" reason="excessive time being spent in gc" timestamp="2019-08-09T08:30:33.345" />
<gc-end id="2699" type="partial gc" contextid="2693" durationms="9.403" usertimems="22.748" systemtimems="0.000" timestamp="2019-08-09T08:30:33.345" activeThreads="16">
  <mem-info id="2700" free="218103808" total="362807296" percent="60">
    <mem type="eden" free="2091496" total="2097152" percent="99" />
    <remembered-set count="18048" freebytes="14432128" totalbytes="14504320" percent="99" regionsoverflowed="0" regionsstable="9" regionsrebuilding="0"/>
  </mem-info>
</gc-end>
<cycle-end id="2701" type="partial gc" contextid="2693" timestamp="2019-08-09T08:30:33.345" />
  <attribute name="elasticGC enabled" value="1" />
  <attribute name= "numThreadsSpecified" value="16" />
  <attribute name="heapSize specified" value="0" />
  <attribute name="Current GC Util" value="198" />
  <attribute name= "Current Time Running" value="89534" />
  <attribute name ="GC Interval" value="0" />
  <attribute name="Target GC Util Change" value ="80.000000" />
  <attribute name="Current GC Util Change" value="198.000000"/>
  <attribute name="Current Error" value="-227.000000" />
  <attribute name="Output H" value="356553552"/>
  <attribute name="Output I" value="1872"/>
  <attribute name="Output T" value="16"/>
  <attribute name= "Current Time Running" value="89534" />
  <attribute name="GC Util currently" value="198" />
  <attribute name="CPU Util currently" value="1128190401191" />
<exclusive-end id="2702" timestamp="2019-08-09T08:30:33.345" durationms="10.020" />

<exclusive-start id="2703" timestamp="2019-08-09T08:30:33.510" intervalms="175.434">
  <response-info timems="0.015" idlems="0.015" threads="0" lastid="0000000001033F00" lastname="main" />
</exclusive-start>
<allocation-taxation id="2704" taxation-threshold="96468992" timestamp="2019-08-09T08:30:33.510" intervalms="175.435" />
<cycle-start id="2705" type="partial gc" contextid="0" timestamp="2019-08-09T08:30:33.511" intervalms="175.491" />
<gc-start id="2706" type="partial gc" contextid="2705" timestamp="2019-08-09T08:30:33.511">
  <mem-info id="2707" free="121634816" total="362807296" percent="33">
    <mem type="eden" free="0" total="96468992" percent="0" />
    <remembered-set count="17600" freebytes="14433920" totalbytes="14504320" percent="99" regionsoverflowed="0" regionsstable="9" regionsrebuilding="0"/>
  </mem-info>
</gc-start>
<allocation-stats totalBytes="96367936" >
  <allocated-bytes non-tlh="0" tlh="96367936" arrayletleaf="0"/>
  <largest-consumer threadName="main" threadId="0000000001033F00" bytes="96367936" />
</allocation-stats>
<gc-op id="2708" type="copy forward" timems="9.051" contextid="2705" timestamp="2019-08-09T08:30:33.521">
  <memory-copied type="eden" objects="28" bytes="920" bytesdiscarded="528" />
  <memory-copied type="other" objects="24" bytes="576" bytesdiscarded="1824" />
  <memory-cardclean objects="90" bytes="2952" />
  <regions eden="46" other="2" />
  <remembered-set-cleared processed="10965" cleared="26" durationms="0.270" />
  <stringconstants candidates="13816" cleared="0"  />
</gc-op>
<gc-op id="2709" type="classunload" timems="0.008" contextid="2705" timestamp="2019-08-09T08:30:33.521">
  <classunload-info classloadercandidates="54" classloadersunloaded="0" classesunloaded="0" anonymousclassesunloaded="0" quiescems="0.000" setupms="0.008" scanms="0.000" postms="0.000" />
</gc-op>
<gc-end id="2710" type="partial gc" contextid="2705" durationms="10.780" usertimems="21.419" systemtimems="0.000" timestamp="2019-08-09T08:30:33.522" activeThreads="16">
  <mem-info id="2711" free="216006656" total="362807296" percent="59">
    <mem type="eden" free="2095704" total="2097152" percent="99" />
    <remembered-set count="18080" freebytes="14432000" totalbytes="14504320" percent="99" regionsoverflowed="0" regionsstable="9" regionsrebuilding="0"/>
  </mem-info>
</gc-end>
<cycle-end id="2712" type="partial gc" contextid="2705" timestamp="2019-08-09T08:30:33.522" />
  <attribute name="elasticGC enabled" value="1" />
  <attribute name= "numThreadsSpecified" value="16" />
  <attribute name="heapSize specified" value="0" />
  <attribute name="Current GC Util" value="187" />
  <attribute name= "Current Time Running" value="89710" />
  <attribute name ="GC Interval" value="0" />
  <attribute name="Target GC Util Change" value ="80.000000" />
  <attribute name="Current GC Util Change" value="187.000000"/>
  <attribute name="Current Error" value="-38.000000" />
  <attribute name="Output H" value="362845120"/>
  <attribute name="Output I" value="1984"/>
  <attribute name="Output T" value="16"/>
  <attribute name= "Current Time Running" value="89710" />
  <attribute name="GC Util currently" value="187" />
  <attribute name="CPU Util currently" value="949434017114" />
<exclusive-end id="2713" timestamp="2019-08-09T08:30:33.522" durationms="11.444" />

<exclusive-start id="2714" timestamp="2019-08-09T08:30:33.701" intervalms="191.196">
  <response-info timems="0.017" idlems="0.017" threads="0" lastid="0000000001033F00" lastname="main" />
</exclusive-start>
<allocation-taxation id="2715" taxation-threshold="96468992" timestamp="2019-08-09T08:30:33.702" intervalms="191.193" />
<cycle-start id="2716" type="partial gc" contextid="0" timestamp="2019-08-09T08:30:33.702" intervalms="191.105" />
<gc-start id="2717" type="partial gc" contextid="2716" timestamp="2019-08-09T08:30:33.702">
  <mem-info id="2718" free="119537664" total="362807296" percent="32">
    <mem type="eden" free="0" total="96468992" percent="0" />
    <remembered-set count="17600" freebytes="14433920" totalbytes="14504320" percent="99" regionsoverflowed="0" regionsstable="9" regionsrebuilding="0"/>
  </mem-info>
</gc-start>
<allocation-stats totalBytes="96451040" >
  <allocated-bytes non-tlh="0" tlh="96451040" arrayletleaf="0"/>
  <largest-consumer threadName="main" threadId="0000000001033F00" bytes="96451040" />
</allocation-stats>
<gc-op id="2719" type="copy forward" timems="8.342" contextid="2716" timestamp="2019-08-09T08:30:33.711">
  <memory-copied type="eden" objects="5" bytes="240" bytesdiscarded="0" />
  <memory-copied type="other" objects="38" bytes="1104" bytesdiscarded="1944" />
  <memory-cardclean objects="56" bytes="2144" />
  <regions eden="46" other="2" />
  <remembered-set-cleared processed="10967" cleared="18" durationms="0.151" />
  <stringconstants candidates="13816" cleared="0"  />
</gc-op>
<gc-op id="2720" type="classunload" timems="0.008" contextid="2716" timestamp="2019-08-09T08:30:33.711">
  <classunload-info classloadercandidates="54" classloadersunloaded="0" classesunloaded="0" anonymousclassesunloaded="0" quiescems="0.000" setupms="0.007" scanms="0.000" postms="0.000" />
</gc-op>
<gc-end id="2721" type="partial gc" contextid="2716" durationms="9.410" usertimems="21.982" systemtimems="0.000" timestamp="2019-08-09T08:30:33.711" activeThreads="16">
  <mem-info id="2722" free="213909504" total="362807296" percent="58">
    <mem type="eden" free="2096912" total="2097152" percent="99" />
    <remembered-set count="18336" freebytes="14430976" totalbytes="14504320" percent="99" regionsoverflowed="0" regionsstable="9" regionsrebuilding="0"/>
  </mem-info>
</gc-end>
<cycle-end id="2723" type="partial gc" contextid="2716" timestamp="2019-08-09T08:30:33.711" />
  <attribute name="elasticGC enabled" value="1" />
  <attribute name= "numThreadsSpecified" value="16" />
  <attribute name="heapSize specified" value="0" />
  <attribute name="Current GC Util" value="138" />
  <attribute name= "Current Time Running" value="89901" />
  <attribute name ="GC Interval" value="0" />
  <attribute name="Target GC Util Change" value ="80.000000" />
  <attribute name="Current GC Util Change" value="138.000000"/>
  <attribute name="Current Error" value="-26.000000" />
  <attribute name="Output H" value="362845128"/>
  <attribute name="Output I" value="1992"/>
  <attribute name="Output T" value="16"/>
  <attribute name= "Current Time Running" value="89901" />
  <attribute name="GC Util currently" value="138" />
  <attribute name="CPU Util currently" value="1902328593478" />
<exclusive-end id="2724" timestamp="2019-08-09T08:30:33.712" durationms="10.068" />

<exclusive-start id="2725" timestamp="2019-08-09T08:30:33.865" intervalms="163.989">
  <response-info timems="0.021" idlems="0.021" threads="0" lastid="0000000001033F00" lastname="main" />
</exclusive-start>
<allocation-taxation id="2726" taxation-threshold="96468992" timestamp="2019-08-09T08:30:33.866" intervalms="164.001" />
<cycle-start id="2727" type="partial gc" contextid="0" timestamp="2019-08-09T08:30:33.866" intervalms="164.002" />
<gc-start id="2728" type="partial gc" contextid="2727" timestamp="2019-08-09T08:30:33.866">
  <mem-info id="2729" free="117440512" total="362807296" percent="32">
    <mem type="eden" free="2096912" total="98566144" percent="2" />
    <remembered-set count="17888" freebytes="14432768" totalbytes="14504320" percent="99" regionsoverflowed="0" regionsstable="9" regionsrebuilding="0"/>
  </mem-info>
</gc-start>
<allocation-stats totalBytes="96435656" >
  <allocated-bytes non-tlh="0" tlh="96435656" arrayletleaf="0"/>
  <largest-consumer threadName="main" threadId="0000000001033F00" bytes="96435656" />
</allocation-stats>
<gc-op id="2730" type="copy forward" timems="7.183" contextid="2727" timestamp="2019-08-09T08:30:33.874">
  <memory-copied type="eden" objects="24" bytes="1304" bytesdiscarded="648" />
  <memory-copied type="other" objects="12" bytes="288" bytesdiscarded="528" />
  <memory-cardclean objects="61" bytes="2128" />
  <regions eden="46" other="2" />
  <remembered-set-cleared processed="10971" cleared="14" durationms="0.451" />
  <stringconstants candidates="13816" cleared="0"  />
</gc-op>
<gc-op id="2731" type="classunload" timems="0.008" contextid="2727" timestamp="2019-08-09T08:30:33.874">
  <classunload-info classloadercandidates="54" classloadersunloaded="0" classesunloaded="0" anonymousclassesunloaded="0" quiescems="0.000" setupms="0.008" scanms="0.000" postms="0.000" />
</gc-op>
<gc-end id="2732" type="partial gc" contextid="2727" durationms="8.581" usertimems="20.933" systemtimems="0.000" timestamp="2019-08-09T08:30:33.875" activeThreads="16">
  <mem-info id="2733" free="213909504" total="362807296" percent="58">
    <mem type="eden" free="2095200" total="2097152" percent="99" />
    <remembered-set count="17440" freebytes="14434560" totalbytes="14504320" percent="99" regionsoverflowed="0" regionsstable="9" regionsrebuilding="0"/>
  </mem-info>
</gc-end>
<cycle-end id="2734" type="partial gc" contextid="2727" timestamp="2019-08-09T08:30:33.875" />
  <attribute name="elasticGC enabled" value="1" />
  <attribute name= "numThreadsSpecified" value="16" />
  <attribute name="heapSize specified" value="0" />
  <attribute name="Current GC Util" value="162" />
  <attribute name= "Current Time Running" value="90065" />
  <attribute name ="GC Interval" value="0" />
  <attribute name="Target GC Util Change" value ="80.000000" />
  <attribute name="Current GC Util Change" value="162.000000"/>
  <attribute name="Current Error" value="-41.000000" />
  <attribute name="Output H" value="362845120"/>
  <attribute name="Output I" value="1984"/>
  <attribute name="Output T" value="16"/>
  <attribute name= "Current Time Running" value="90065" />
  <attribute name="GC Util currently" value="162" />
  <attribute name="CPU Util currently" value="1209212733744" />
<exclusive-end id="2735" timestamp="2019-08-09T08:30:33.875" durationms="9.272" />

<exclusive-start id="2736" timestamp="2019-08-09T08:30:33.911" intervalms="45.774">
  <response-info timems="0.020" idlems="0.020" threads="0" lastid="0000000001033F00" lastname="main" />
</exclusive-start>
<allocation-taxation id="2737" taxation-threshold="96468992" timestamp="2019-08-09T08:30:33.911" intervalms="45.767" />
<cycle-start id="2738" type="partial gc" contextid="0" timestamp="2019-08-09T08:30:33.911" intervalms="45.790" />
<gc-start id="2739" type="partial gc" contextid="2738" timestamp="2019-08-09T08:30:33.912">
  <mem-info id="2740" free="117440512" total="362807296" percent="32">
    <mem type="eden" free="0" total="96468992" percent="0" />
    <remembered-set count="16992" freebytes="14436352" totalbytes="14504320" percent="99" regionsoverflowed="0" regionsstable="9" regionsrebuilding="0"/>
  </mem-info>
</gc-start>
<allocation-stats totalBytes="96335040" >
  <allocated-bytes non-tlh="0" tlh="96335040" arrayletleaf="0"/>
  <largest-consumer threadName="main" threadId="0000000001033F00" bytes="96335040" />
</allocation-stats>
<gc-op id="2741" type="copy forward" timems="7.422" contextid="2738" timestamp="2019-08-09T08:30:33.920">
  <memory-copied type="eden" objects="4" bytes="112" bytesdiscarded="680" />
  <memory-copied type="other" objects="33" bytes="1504" bytesdiscarded="1832" />
  <memory-cardclean objects="49" bytes="1936" />
  <regions eden="46" other="2" />
  <remembered-set-cleared processed="10973" cleared="16" durationms="0.167" />
  <stringconstants candidates="13816" cleared="0"  />
</gc-op>
<gc-op id="2742" type="classunload" timems="0.008" contextid="2738" timestamp="2019-08-09T08:30:33.920">
  <classunload-info classloadercandidates="54" classloadersunloaded="0" classesunloaded="0" anonymousclassesunloaded="0" quiescems="0.000" setupms="0.007" scanms="0.000" postms="0.000" />
</gc-op>
<gc-end id="2743" type="partial gc" contextid="2738" durationms="8.426" usertimems="20.101" systemtimems="0.000" timestamp="2019-08-09T08:30:33.920" activeThreads="16">
  <mem-info id="2744" free="211812352" total="362807296" percent="58">
    <mem type="eden" free="2096360" total="2097152" percent="99" />
    <remembered-set count="18464" freebytes="14430464" totalbytes="14504320" percent="99" regionsoverflowed="0" regionsstable="9" regionsrebuilding="0"/>
  </mem-info>
</gc-end>
<cycle-end id="2745" type="partial gc" contextid="2738" timestamp="2019-08-09T08:30:33.920" />
  <attribute name="elasticGC enabled" value="1" />
  <attribute name= "numThreadsSpecified" value="16" />
  <attribute name="heapSize specified" value="0" />
  <attribute name="Current GC Util" value="152" />
  <attribute name= "Current Time Running" value="90110" />
  <attribute name ="GC Interval" value="0" />
  <attribute name="Target GC Util Change" value ="80.000000" />
  <attribute name="Current GC Util Change" value="152.000000"/>
  <attribute name="Current Error" value="-35.000000" />
  <attribute name="Output H" value="362845120"/>
  <attribute name="Output I" value="1984"/>
  <attribute name="Output T" value="16"/>
  <attribute name= "Current Time Running" value="90110" />
  <attribute name="GC Util currently" value="152" />
  <attribute name="CPU Util currently" value="2139397777760" />
<exclusive-end id="2746" timestamp="2019-08-09T08:30:33.920" durationms="9.076" />

* Round 3 done in 3.249 seconds.
<exclusive-start id="2747" timestamp="2019-08-09T08:30:33.970" intervalms="58.280">
  <response-info timems="0.017" idlems="0.017" threads="0" lastid="0000000001033F00" lastname="main" />
</exclusive-start>
<allocation-taxation id="2748" taxation-threshold="96468992" timestamp="2019-08-09T08:30:33.970" intervalms="58.275" />
<cycle-start id="2749" type="partial gc" contextid="0" timestamp="2019-08-09T08:30:33.970" intervalms="58.255" />
<gc-start id="2750" type="partial gc" contextid="2749" timestamp="2019-08-09T08:30:33.970">
  <mem-info id="2751" free="115343360" total="362807296" percent="31">
    <mem type="eden" free="2096360" total="98566144" percent="2" />
    <remembered-set count="17984" freebytes="14432384" totalbytes="14504320" percent="99" regionsoverflowed="0" regionsstable="9" regionsrebuilding="0"/>
  </mem-info>
</gc-start>
<allocation-stats totalBytes="96364856" >
  <allocated-bytes non-tlh="0" tlh="96364856" arrayletleaf="0"/>
  <largest-consumer threadName="main" threadId="0000000001033F00" bytes="96364856" />
</allocation-stats>
<gc-op id="2752" type="copy forward" timems="9.678" contextid="2749" timestamp="2019-08-09T08:30:33.981">
  <memory-copied type="eden" objects="24" bytes="928" bytesdiscarded="648" />
  <memory-copied type="other" objects="6" bytes="144" bytesdiscarded="648" />
  <memory-cardclean objects="89" bytes="3112" />
  <regions eden="46" other="2" />
  <remembered-set-cleared processed="10977" cleared="20" durationms="0.209" />
  <stringconstants candidates="13816" cleared="0"  />
</gc-op>
<gc-op id="2753" type="classunload" timems="0.011" contextid="2749" timestamp="2019-08-09T08:30:33.981">
  <classunload-info classloadercandidates="54" classloadersunloaded="0" classesunloaded="0" anonymousclassesunloaded="0" quiescems="0.000" setupms="0.011" scanms="0.000" postms="0.000" />
</gc-op>
<gc-end id="2754" type="partial gc" contextid="2749" durationms="11.259" usertimems="25.417" systemtimems="0.000" timestamp="2019-08-09T08:30:33.982" activeThreads="16">
  <mem-info id="2755" free="211812352" total="362807296" percent="58">
    <mem type="eden" free="2095576" total="2097152" percent="99" />
    <remembered-set count="18048" freebytes="14432128" totalbytes="14504320" percent="99" regionsoverflowed="0" regionsstable="9" regionsrebuilding="0"/>
  </mem-info>
</gc-end>
<cycle-end id="2756" type="partial gc" contextid="2749" timestamp="2019-08-09T08:30:33.982" />
  <attribute name="elasticGC enabled" value="1" />
  <attribute name= "numThreadsSpecified" value="16" />
  <attribute name="heapSize specified" value="0" />
  <attribute name="Current GC Util" value="166" />
  <attribute name= "Current Time Running" value="90169" />
  <attribute name ="GC Interval" value="0" />
  <attribute name="Target GC Util Change" value ="80.000000" />
  <attribute name="Current GC Util Change" value="166.000000"/>
  <attribute name="Current Error" value="-74.000000" />
  <attribute name="Output H" value="362845096"/>
  <attribute name="Output I" value="1960"/>
  <attribute name="Output T" value="16"/>
  <attribute name= "Current Time Running" value="90169" />
  <attribute name="GC Util currently" value="166" />
  <attribute name="CPU Util currently" value="1854901524737" />
<exclusive-end id="2757" timestamp="2019-08-09T08:30:33.982" durationms="12.201" />

<exclusive-start id="2758" timestamp="2019-08-09T08:30:34.222" intervalms="252.735">
  <response-info timems="0.022" idlems="0.022" threads="0" lastid="0000000001033F00" lastname="main" />
</exclusive-start>
<allocation-taxation id="2759" taxation-threshold="96468992" timestamp="2019-08-09T08:30:34.222" intervalms="252.751" />
<cycle-start id="2760" type="partial gc" contextid="0" timestamp="2019-08-09T08:30:34.222" intervalms="252.743" />
<gc-start id="2761" type="partial gc" contextid="2760" timestamp="2019-08-09T08:30:34.223">
  <mem-info id="2762" free="115343360" total="362807296" percent="31">
    <mem type="eden" free="0" total="96468992" percent="0" />
    <remembered-set count="17696" freebytes="14433536" totalbytes="14504320" percent="99" regionsoverflowed="0" regionsstable="9" regionsrebuilding="0"/>
  </mem-info>
</gc-start>
<allocation-stats totalBytes="96245080" >
  <allocated-bytes non-tlh="0" tlh="96245080" arrayletleaf="0"/>
  <largest-consumer threadName="main" threadId="0000000001033F00" bytes="96245080" />
</allocation-stats>
<gc-op id="2763" type="copy forward" timems="12.547" contextid="2760" timestamp="2019-08-09T08:30:34.236">
  <memory-copied type="eden" objects="75" bytes="3072" bytesdiscarded="600" />
  <memory-copied type="other" objects="19" bytes="656" bytesdiscarded="1296" />
  <memory-cardclean objects="164" bytes="4816" />
  <regions eden="46" other="2" />
  <remembered-set-cleared processed="10972" cleared="30" durationms="0.196" />
  <stringconstants candidates="13816" cleared="0"  />
</gc-op>
<gc-op id="2764" type="classunload" timems="0.010" contextid="2760" timestamp="2019-08-09T08:30:34.236">
  <classunload-info classloadercandidates="54" classloadersunloaded="0" classesunloaded="0" anonymousclassesunloaded="0" quiescems="0.000" setupms="0.010" scanms="0.000" postms="0.000" />
</gc-op>
<gc-end id="2765" type="partial gc" contextid="2760" durationms="13.795" usertimems="23.150" systemtimems="0.000" timestamp="2019-08-09T08:30:34.236" activeThreads="16">
  <mem-info id="2766" free="209715200" total="362807296" percent="57">
    <mem type="eden" free="2093480" total="2097152" percent="99" />
    <remembered-set count="18656" freebytes="14429696" totalbytes="14504320" percent="99" regionsoverflowed="0" regionsstable="9" regionsrebuilding="0"/>
  </mem-info>
</gc-end>
<cycle-end id="2767" type="partial gc" contextid="2760" timestamp="2019-08-09T08:30:34.237" />
  <attribute name="elasticGC enabled" value="1" />
  <attribute name= "numThreadsSpecified" value="16" />
  <attribute name="heapSize specified" value="0" />
  <attribute name="Current GC Util" value="141" />
  <attribute name= "Current Time Running" value="90421" />
  <attribute name ="GC Interval" value="0" />
  <attribute name="Target GC Util Change" value ="80.000000" />
  <attribute name="Current GC Util Change" value="141.000000"/>
  <attribute name="Current Error" value="-64.000000" />
  <attribute name="Output H" value="362845104"/>
  <attribute name="Output I" value="1968"/>
  <attribute name="Output T" value="16"/>
  <attribute name= "Current Time Running" value="90421" />
  <attribute name="GC Util currently" value="141" />
  <attribute name="CPU Util currently" value="1842690130700" />
<exclusive-end id="2768" timestamp="2019-08-09T08:30:34.237" durationms="14.399" />

<exclusive-start id="2769" timestamp="2019-08-09T08:30:34.269" intervalms="46.247">
  <response-info timems="0.016" idlems="0.016" threads="0" lastid="0000000001033F00" lastname="main" />
</exclusive-start>
<allocation-taxation id="2770" taxation-threshold="96468992" timestamp="2019-08-09T08:30:34.269" intervalms="46.253" />
<cycle-start id="2771" type="partial gc" contextid="0" timestamp="2019-08-09T08:30:34.269" intervalms="46.281" />
<gc-start id="2772" type="partial gc" contextid="2771" timestamp="2019-08-09T08:30:34.269">
  <mem-info id="2773" free="113246208" total="362807296" percent="31">
    <mem type="eden" free="0" total="96468992" percent="0" />
    <remembered-set count="18176" freebytes="14431616" totalbytes="14504320" percent="99" regionsoverflowed="0" regionsstable="9" regionsrebuilding="0"/>
  </mem-info>
</gc-start>
<allocation-stats totalBytes="96149456" >
  <allocated-bytes non-tlh="0" tlh="96149456" arrayletleaf="0"/>
  <largest-consumer threadName="main" threadId="0000000001033F00" bytes="96149456" />
</allocation-stats>
<gc-op id="2774" type="copy forward" timems="7.026" contextid="2771" timestamp="2019-08-09T08:30:34.277">
  <memory-copied type="eden" objects="2" bytes="56" bytesdiscarded="736" />
  <memory-copied type="other" objects="86" bytes="3528" bytesdiscarded="1592" />
  <memory-cardclean objects="111" bytes="3752" />
  <regions eden="46" other="2" />
  <remembered-set-cleared processed="10979" cleared="28" durationms="0.164" />
  <stringconstants candidates="13816" cleared="0"  />
</gc-op>
<gc-op id="2775" type="classunload" timems="0.007" contextid="2771" timestamp="2019-08-09T08:30:34.277">
  <classunload-info classloadercandidates="54" classloadersunloaded="0" classesunloaded="0" anonymousclassesunloaded="0" quiescems="0.000" setupms="0.007" scanms="0.000" postms="0.000" />
</gc-op>
<gc-end id="2776" type="partial gc" contextid="2771" durationms="8.061" usertimems="18.470" systemtimems="0.000" timestamp="2019-08-09T08:30:34.277" activeThreads="16">
  <mem-info id="2777" free="207618048" total="362807296" percent="57">
    <mem type="eden" free="2096360" total="2097152" percent="99" />
    <remembered-set count="17312" freebytes="14435072" totalbytes="14504320" percent="99" regionsoverflowed="0" regionsstable="9" regionsrebuilding="0"/>
  </mem-info>
</gc-end>
<cycle-end id="2778" type="partial gc" contextid="2771" timestamp="2019-08-09T08:30:34.277" />
  <attribute name="elasticGC enabled" value="1" />
  <attribute name= "numThreadsSpecified" value="16" />
  <attribute name="heapSize specified" value="0" />
  <attribute name="Current GC Util" value="145" />
  <attribute name= "Current Time Running" value="90468" />
  <attribute name ="GC Interval" value="0" />
  <attribute name="Target GC Util Change" value ="80.000000" />
  <attribute name="Current GC Util Change" value="145.000000"/>
  <attribute name="Current Error" value="-34.000000" />
  <attribute name="Output H" value="362845120"/>
  <attribute name="Output I" value="1984"/>
  <attribute name="Output T" value="16"/>
  <attribute name= "Current Time Running" value="90468" />
  <attribute name="GC Util currently" value="145" />
  <attribute name="CPU Util currently" value="2103042344624" />
<exclusive-end id="2779" timestamp="2019-08-09T08:30:34.277" durationms="8.750" />

<exclusive-start id="2780" timestamp="2019-08-09T08:30:34.307" intervalms="38.854">
  <response-info timems="0.021" idlems="0.021" threads="0" lastid="0000000001033F00" lastname="main" />
</exclusive-start>
<allocation-taxation id="2781" taxation-threshold="96468992" timestamp="2019-08-09T08:30:34.307" intervalms="38.842" />
<cycle-start id="2782" type="partial gc" contextid="0" timestamp="2019-08-09T08:30:34.308" intervalms="38.849" />
<gc-start id="2783" type="partial gc" contextid="2782" timestamp="2019-08-09T08:30:34.308">
  <mem-info id="2784" free="111149056" total="362807296" percent="30">
    <mem type="eden" free="2096360" total="98566144" percent="2" />
    <remembered-set count="17312" freebytes="14435072" totalbytes="14504320" percent="99" regionsoverflowed="0" regionsstable="9" regionsrebuilding="0"/>
  </mem-info>
</gc-start>
<allocation-stats totalBytes="96149456" >
  <allocated-bytes non-tlh="0" tlh="96149456" arrayletleaf="0"/>
  <largest-consumer threadName="main" threadId="0000000001033F00" bytes="96149456" />
</allocation-stats>
<gc-op id="2785" type="copy forward" timems="6.584" contextid="2782" timestamp="2019-08-09T08:30:34.315">
  <memory-copied type="eden" objects="2" bytes="56" bytesdiscarded="736" />
  <memory-copied type="other" objects="73" bytes="3016" bytesdiscarded="776" />
  <memory-cardclean objects="80" bytes="2848" />
  <regions eden="46" other="2" />
  <remembered-set-cleared processed="10981" cleared="20" durationms="0.205" />
  <stringconstants candidates="13816" cleared="0"  />
</gc-op>
<gc-op id="2786" type="classunload" timems="0.008" contextid="2782" timestamp="2019-08-09T08:30:34.315">
  <classunload-info classloadercandidates="54" classloadersunloaded="0" classesunloaded="0" anonymousclassesunloaded="0" quiescems="0.000" setupms="0.007" scanms="0.000" postms="0.000" />
</gc-op>
<gc-end id="2787" type="partial gc" contextid="2782" durationms="7.494" usertimems="17.322" systemtimems="0.000" timestamp="2019-08-09T08:30:34.315" activeThreads="16">
  <mem-info id="2788" free="207618048" total="362807296" percent="57">
    <mem type="eden" free="2096360" total="2097152" percent="99" />
    <remembered-set count="17920" freebytes="14432640" totalbytes="14504320" percent="99" regionsoverflowed="0" regionsstable="9" regionsrebuilding="0"/>
  </mem-info>
</gc-end>
<cycle-end id="2789" type="partial gc" contextid="2782" timestamp="2019-08-09T08:30:34.316" />
  <attribute name="elasticGC enabled" value="1" />
  <attribute name= "numThreadsSpecified" value="16" />
  <attribute name="heapSize specified" value="0" />
  <attribute name="Current GC Util" value="162" />
  <attribute name= "Current Time Running" value="90506" />
  <attribute name ="GC Interval" value="0" />
  <attribute name="Target GC Util Change" value ="80.000000" />
  <attribute name="Current GC Util Change" value="162.000000"/>
  <attribute name="Current Error" value="-83.000000" />
  <attribute name="Output H" value="362845096"/>
  <attribute name="Output I" value="1960"/>
  <attribute name="Output T" value="16"/>
  <attribute name= "Current Time Running" value="90506" />
  <attribute name="GC Util currently" value="162" />
  <attribute name="CPU Util currently" value="2656886741353" />
<exclusive-end id="2790" timestamp="2019-08-09T08:30:34.316" durationms="8.284" />

<exclusive-start id="2791" timestamp="2019-08-09T08:30:34.346" intervalms="38.557">
  <response-info timems="0.020" idlems="0.020" threads="0" lastid="0000000001033F00" lastname="main" />
</exclusive-start>
<allocation-taxation id="2792" taxation-threshold="96468992" timestamp="2019-08-09T08:30:34.346" intervalms="38.559" />
<cycle-start id="2793" type="partial gc" contextid="0" timestamp="2019-08-09T08:30:34.346" intervalms="38.538" />
<gc-start id="2794" type="partial gc" contextid="2793" timestamp="2019-08-09T08:30:34.346">
  <mem-info id="2795" free="111149056" total="362807296" percent="30">
    <mem type="eden" free="2096360" total="98566144" percent="2" />
    <remembered-set count="17472" freebytes="14434432" totalbytes="14504320" percent="99" regionsoverflowed="0" regionsstable="9" regionsrebuilding="0"/>
  </mem-info>
</gc-start>
<allocation-stats totalBytes="96149480" >
  <allocated-bytes non-tlh="0" tlh="96149480" arrayletleaf="0"/>
  <largest-consumer threadName="main" threadId="0000000001033F00" bytes="96149480" />
</allocation-stats>
<gc-op id="2796" type="copy forward" timems="7.282" contextid="2793" timestamp="2019-08-09T08:30:34.355">
  <memory-copied type="eden" objects="2" bytes="56" bytesdiscarded="736" />
  <memory-copied type="other" objects="73" bytes="3016" bytesdiscarded="944" />
  <memory-cardclean objects="80" bytes="2848" />
  <regions eden="46" other="2" />
  <remembered-set-cleared processed="10981" cleared="20" durationms="0.256" />
  <stringconstants candidates="13816" cleared="0"  />
</gc-op>
<gc-op id="2797" type="classunload" timems="0.009" contextid="2793" timestamp="2019-08-09T08:30:34.355">
  <classunload-info classloadercandidates="54" classloadersunloaded="0" classesunloaded="0" anonymousclassesunloaded="0" quiescems="0.000" setupms="0.008" scanms="0.000" postms="0.000" />
</gc-op>
<heap-resize id="2798" type="expand" space="default" amount="25165824" count="1" timems="0.156" reason="excessive time being spent in gc" timestamp="2019-08-09T08:30:34.355" />
<gc-end id="2799" type="partial gc" contextid="2793" durationms="8.822" usertimems="20.873" systemtimems="0.000" timestamp="2019-08-09T08:30:34.355" activeThreads="16">
  <mem-info id="2800" free="232783872" total="387973120" percent="60">
    <mem type="eden" free="2096360" total="2097152" percent="99" />
    <remembered-set count="17408" freebytes="15440768" totalbytes="15510400" percent="99" regionsoverflowed="0" regionsstable="9" regionsrebuilding="0"/>
  </mem-info>
</gc-end>
<cycle-end id="2801" type="partial gc" contextid="2793" timestamp="2019-08-09T08:30:34.355" />
  <attribute name="elasticGC enabled" value="1" />
  <attribute name= "numThreadsSpecified" value="16" />
  <attribute name="heapSize specified" value="0" />
  <attribute name="Current GC Util" value="249" />
  <attribute name= "Current Time Running" value="90545" />
  <attribute name ="GC Interval" value="0" />
  <attribute name="Target GC Util Change" value ="80.000000" />
  <attribute name="Current GC Util Change" value="249.000000"/>
  <attribute name="Current Error" value="-217.000000" />
  <attribute name="Output H" value="362845016"/>
  <attribute name="Output I" value="1880"/>
  <attribute name="Output T" value="16"/>
  <attribute name= "Current Time Running" value="90545" />
  <attribute name="GC Util currently" value="249" />
  <attribute name="CPU Util currently" value="1342498336914" />
<exclusive-end id="2802" timestamp="2019-08-09T08:30:34.355" durationms="9.422" />

<exclusive-start id="2803" timestamp="2019-08-09T08:30:34.388" intervalms="42.018">
  <response-info timems="0.013" idlems="0.013" threads="0" lastid="0000000001033F00" lastname="main" />
</exclusive-start>
<allocation-taxation id="2804" taxation-threshold="102760448" timestamp="2019-08-09T08:30:34.388" intervalms="42.006" />
<cycle-start id="2805" type="partial gc" contextid="0" timestamp="2019-08-09T08:30:34.388" intervalms="41.981" />
<gc-start id="2806" type="partial gc" contextid="2805" timestamp="2019-08-09T08:30:34.388">
  <mem-info id="2807" free="130023424" total="387973120" percent="33">
    <mem type="eden" free="2096360" total="104857600" percent="1" />
    <remembered-set count="17408" freebytes="15440768" totalbytes="15510400" percent="99" regionsoverflowed="0" regionsstable="9" regionsrebuilding="0"/>
  </mem-info>
</gc-start>
<allocation-stats totalBytes="102420320" >
  <allocated-bytes non-tlh="0" tlh="102420320" arrayletleaf="0"/>
  <largest-consumer threadName="main" threadId="0000000001033F00" bytes="102420320" />
</allocation-stats>
<gc-op id="2808" type="copy forward" timems="6.579" contextid="2805" timestamp="2019-08-09T08:30:34.396">
  <memory-copied type="eden" objects="2" bytes="56" bytesdiscarded="736" />
  <memory-copied type="other" objects="73" bytes="3016" bytesdiscarded="1120" />
  <memory-cardclean objects="80" bytes="2848" />
  <regions eden="49" other="2" />
  <remembered-set-cleared processed="10981" cleared="20" durationms="0.229" />
  <stringconstants candidates="13816" cleared="0"  />
</gc-op>
<gc-op id="2809" type="classunload" timems="0.007" contextid="2805" timestamp="2019-08-09T08:30:34.396">
  <classunload-info classloadercandidates="54" classloadersunloaded="0" classesunloaded="0" anonymousclassesunloaded="0" quiescems="0.000" setupms="0.007" scanms="0.000" postms="0.000" />
</gc-op>
<gc-end id="2810" type="partial gc" contextid="2805" durationms="8.061" usertimems="17.841" systemtimems="0.000" timestamp="2019-08-09T08:30:34.396" activeThreads="16">
  <mem-info id="2811" free="232783872" total="387973120" percent="60">
    <mem type="eden" free="2096360" total="2097152" percent="99" />
    <remembered-set count="17920" freebytes="15438720" totalbytes="15510400" percent="99" regionsoverflowed="0" regionsstable="9" regionsrebuilding="0"/>
  </mem-info>
</gc-end>
<cycle-end id="2812" type="partial gc" contextid="2805" timestamp="2019-08-09T08:30:34.396" />
  <attribute name="elasticGC enabled" value="1" />
  <attribute name= "numThreadsSpecified" value="16" />
  <attribute name="heapSize specified" value="0" />
  <attribute name="Current GC Util" value="194" />
  <attribute name= "Current Time Running" value="90587" />
  <attribute name ="GC Interval" value="0" />
  <attribute name="Target GC Util Change" value ="80.000000" />
  <attribute name="Current GC Util Change" value="194.000000"/>
  <attribute name="Current Error" value="-80.000000" />
  <attribute name="Output H" value="388010920"/>
  <attribute name="Output I" value="1960"/>
  <attribute name="Output T" value="16"/>
  <attribute name= "Current Time Running" value="90587" />
  <attribute name="GC Util currently" value="194" />
  <attribute name="CPU Util currently" value="1127981784378" />
<exclusive-end id="2813" timestamp="2019-08-09T08:30:34.397" durationms="8.573" />

<exclusive-start id="2814" timestamp="2019-08-09T08:30:34.430" intervalms="42.387">
  <response-info timems="0.022" idlems="0.022" threads="0" lastid="0000000001033F00" lastname="main" />
</exclusive-start>
<allocation-taxation id="2815" taxation-threshold="102760448" timestamp="2019-08-09T08:30:34.430" intervalms="42.404" />
<cycle-start id="2816" type="partial gc" contextid="0" timestamp="2019-08-09T08:30:34.430" intervalms="42.412" />
<gc-start id="2817" type="partial gc" contextid="2816" timestamp="2019-08-09T08:30:34.431">
  <mem-info id="2818" free="130023424" total="387973120" percent="33">
    <mem type="eden" free="2096360" total="104857600" percent="1" />
    <remembered-set count="17920" freebytes="15438720" totalbytes="15510400" percent="99" regionsoverflowed="0" regionsstable="9" regionsrebuilding="0"/>
  </mem-info>
</gc-start>
<allocation-stats totalBytes="102420320" >
  <allocated-bytes non-tlh="0" tlh="102420320" arrayletleaf="0"/>
  <largest-consumer threadName="main" threadId="0000000001033F00" bytes="102420320" />
</allocation-stats>
<gc-op id="2819" type="copy forward" timems="7.540" contextid="2816" timestamp="2019-08-09T08:30:34.439">
  <memory-copied type="eden" objects="2" bytes="56" bytesdiscarded="736" />
  <memory-copied type="other" objects="73" bytes="3016" bytesdiscarded="1192" />
  <memory-cardclean objects="80" bytes="2848" />
  <regions eden="49" other="2" />
  <remembered-set-cleared processed="10982" cleared="21" durationms="0.177" />
  <stringconstants candidates="13816" cleared="0"  />
</gc-op>
<gc-op id="2820" type="classunload" timems="0.010" contextid="2816" timestamp="2019-08-09T08:30:34.439">
  <classunload-info classloadercandidates="54" classloadersunloaded="0" classesunloaded="0" anonymousclassesunloaded="0" quiescems="0.000" setupms="0.009" scanms="0.000" postms="0.000" />
</gc-op>
<gc-end id="2821" type="partial gc" contextid="2816" durationms="8.626" usertimems="20.410" systemtimems="0.000" timestamp="2019-08-09T08:30:34.439" activeThreads="16">
  <mem-info id="2822" free="232783872" total="387973120" percent="60">
    <mem type="eden" free="2096360" total="2097152" percent="99" />
    <remembered-set count="17408" freebytes="15440768" totalbytes="15510400" percent="99" regionsoverflowed="0" regionsstable="9" regionsrebuilding="0"/>
  </mem-info>
</gc-end>
<cycle-end id="2823" type="partial gc" contextid="2816" timestamp="2019-08-09T08:30:34.439" />
  <attribute name="elasticGC enabled" value="1" />
  <attribute name= "numThreadsSpecified" value="16" />
  <attribute name="heapSize specified" value="0" />
  <attribute name="Current GC Util" value="123" />
  <attribute name= "Current Time Running" value="90629" />
  <attribute name ="GC Interval" value="0" />
  <attribute name="Target GC Util Change" value ="80.000000" />
  <attribute name="Current GC Util Change" value="123.000000"/>
  <attribute name="Current Error" value="-81.000000" />
  <attribute name="Output H" value="388010920"/>
  <attribute name="Output I" value="1960"/>
  <attribute name="Output T" value="16"/>
  <attribute name= "Current Time Running" value="90629" />
  <attribute name="GC Util currently" value="123" />
  <attribute name="CPU Util currently" value="1910524778072" />
<exclusive-end id="2824" timestamp="2019-08-09T08:30:34.440" durationms="9.184" />

<exclusive-start id="2825" timestamp="2019-08-09T08:30:34.473" intervalms="42.685">
  <response-info timems="0.020" idlems="0.020" threads="0" lastid="0000000001033F00" lastname="main" />
</exclusive-start>
<allocation-taxation id="2826" taxation-threshold="102760448" timestamp="2019-08-09T08:30:34.473" intervalms="42.669" />
<cycle-start id="2827" type="partial gc" contextid="0" timestamp="2019-08-09T08:30:34.473" intervalms="42.666" />
<gc-start id="2828" type="partial gc" contextid="2827" timestamp="2019-08-09T08:30:34.473">
  <mem-info id="2829" free="130023424" total="387973120" percent="33">
    <mem type="eden" free="2096360" total="104857600" percent="1" />
    <remembered-set count="17408" freebytes="15440768" totalbytes="15510400" percent="99" regionsoverflowed="0" regionsstable="9" regionsrebuilding="0"/>
  </mem-info>
</gc-start>
<allocation-stats totalBytes="102286408" >
  <allocated-bytes non-tlh="0" tlh="102286408" arrayletleaf="0"/>
  <largest-consumer threadName="main" threadId="0000000001033F00" bytes="102286408" />
</allocation-stats>
<gc-op id="2830" type="copy forward" timems="7.676" contextid="2827" timestamp="2019-08-09T08:30:34.482">
  <memory-copied type="eden" objects="26" bytes="1920" bytesdiscarded="1032" />
  <memory-copied type="other" objects="54" bytes="1296" bytesdiscarded="456" />
  <memory-cardclean objects="97" bytes="3120" />
  <regions eden="49" other="2" />
  <remembered-set-cleared processed="10985" cleared="24" durationms="0.169" />
  <stringconstants candidates="13816" cleared="0"  />
</gc-op>
<gc-op id="2831" type="classunload" timems="0.009" contextid="2827" timestamp="2019-08-09T08:30:34.482">
  <classunload-info classloadercandidates="54" classloadersunloaded="0" classesunloaded="0" anonymousclassesunloaded="0" quiescems="0.000" setupms="0.008" scanms="0.000" postms="0.000" />
</gc-op>
<gc-end id="2832" type="partial gc" contextid="2827" durationms="8.695" usertimems="20.863" systemtimems="0.000" timestamp="2019-08-09T08:30:34.482" activeThreads="16">
  <mem-info id="2833" free="232783872" total="387973120" percent="60">
    <mem type="eden" free="2094200" total="2097152" percent="99" />
    <remembered-set count="17408" freebytes="15440768" totalbytes="15510400" percent="99" regionsoverflowed="0" regionsstable="9" regionsrebuilding="0"/>
  </mem-info>
</gc-end>
<cycle-end id="2834" type="partial gc" contextid="2827" timestamp="2019-08-09T08:30:34.482" />
  <attribute name="elasticGC enabled" value="1" />
  <attribute name= "numThreadsSpecified" value="16" />
  <attribute name="heapSize specified" value="0" />
  <attribute name="Current GC Util" value="160" />
  <attribute name= "Current Time Running" value="90672" />
  <attribute name ="GC Interval" value="0" />
  <attribute name="Target GC Util Change" value ="80.000000" />
  <attribute name="Current GC Util Change" value="160.000000"/>
  <attribute name="Current Error" value="-128.000000" />
  <attribute name="Output H" value="388010888"/>
  <attribute name="Output I" value="1928"/>
  <attribute name="Output T" value="16"/>
  <attribute name= "Current Time Running" value="90672" />
  <attribute name="GC Util currently" value="160" />
  <attribute name="CPU Util currently" value="2114032523840" />
<exclusive-end id="2835" timestamp="2019-08-09T08:30:34.482" durationms="9.304" />

<exclusive-start id="2836" timestamp="2019-08-09T08:30:34.516" intervalms="42.870">
  <response-info timems="0.016" idlems="0.016" threads="0" lastid="0000000001033F00" lastname="main" />
</exclusive-start>
<allocation-taxation id="2837" taxation-threshold="102760448" timestamp="2019-08-09T08:30:34.516" intervalms="42.871" />
<cycle-start id="2838" type="partial gc" contextid="0" timestamp="2019-08-09T08:30:34.516" intervalms="42.889" />
<gc-start id="2839" type="partial gc" contextid="2838" timestamp="2019-08-09T08:30:34.516">
  <mem-info id="2840" free="130023424" total="387973120" percent="33">
    <mem type="eden" free="0" total="102760448" percent="0" />
    <remembered-set count="17408" freebytes="15440768" totalbytes="15510400" percent="99" regionsoverflowed="0" regionsstable="9" regionsrebuilding="0"/>
  </mem-info>
</gc-start>
<allocation-stats totalBytes="102111208" >
  <allocated-bytes non-tlh="0" tlh="102111208" arrayletleaf="0"/>
  <largest-consumer threadName="main" threadId="0000000001033F00" bytes="102111208" />
</allocation-stats>
<gc-op id="2841" type="copy forward" timems="8.143" contextid="2838" timestamp="2019-08-09T08:30:34.526">
  <memory-copied type="eden" objects="2" bytes="64" bytesdiscarded="0" />
  <memory-copied type="other" objects="79" bytes="3176" bytesdiscarded="1392" />
  <memory-cardclean objects="80" bytes="2848" />
  <regions eden="49" other="2" />
  <remembered-set-cleared processed="10982" cleared="21" durationms="0.282" />
  <stringconstants candidates="13816" cleared="0"  />
</gc-op>
<gc-op id="2842" type="classunload" timems="0.009" contextid="2838" timestamp="2019-08-09T08:30:34.526">
  <classunload-info classloadercandidates="54" classloadersunloaded="0" classesunloaded="0" anonymousclassesunloaded="0" quiescems="0.000" setupms="0.008" scanms="0.000" postms="0.000" />
</gc-op>
<heap-resize id="2843" type="expand" space="default" amount="6291456" count="1" timems="0.103" reason="excessive time being spent in gc" timestamp="2019-08-09T08:30:34.526" />
<gc-end id="2844" type="partial gc" contextid="2838" durationms="9.576" usertimems="23.018" systemtimems="0.000" timestamp="2019-08-09T08:30:34.526" activeThreads="16">
  <mem-info id="2845" free="236978176" total="394264576" percent="60">
    <mem type="eden" free="2097088" total="2097152" percent="99" />
    <remembered-set count="17920" freebytes="15690240" totalbytes="15761920" percent="99" regionsoverflowed="0" regionsstable="9" regionsrebuilding="0"/>
  </mem-info>
</gc-end>
<cycle-end id="2846" type="partial gc" contextid="2838" timestamp="2019-08-09T08:30:34.526" />
  <attribute name="elasticGC enabled" value="1" />
  <attribute name= "numThreadsSpecified" value="16" />
  <attribute name="heapSize specified" value="0" />
  <attribute name="Current GC Util" value="101" />
  <attribute name= "Current Time Running" value="90715" />
  <attribute name ="GC Interval" value="0" />
  <attribute name="Target GC Util Change" value ="80.000000" />
  <attribute name="Current GC Util Change" value="101.000000"/>
  <attribute name="Current Error" value="12.000000" />
  <attribute name="Output H" value="388010968"/>
  <attribute name="Output I" value="2008"/>
  <attribute name="Output T" value="16"/>
  <attribute name= "Current Time Running" value="90715" />
  <attribute name="GC Util currently" value="101" />
  <attribute name="CPU Util currently" value="1360307076633" />
<exclusive-end id="2847" timestamp="2019-08-09T08:30:34.526" durationms="10.178" />

<exclusive-start id="2848" timestamp="2019-08-09T08:30:34.558" intervalms="42.470">
  <response-info timems="0.018" idlems="0.018" threads="0" lastid="0000000001033F00" lastname="main" />
</exclusive-start>
<allocation-taxation id="2849" taxation-threshold="104857600" timestamp="2019-08-09T08:30:34.558" intervalms="42.472" />
<cycle-start id="2850" type="partial gc" contextid="0" timestamp="2019-08-09T08:30:34.558" intervalms="42.461" />
<gc-start id="2851" type="partial gc" contextid="2850" timestamp="2019-08-09T08:30:34.559">
  <mem-info id="2852" free="132120576" total="394264576" percent="33">
    <mem type="eden" free="2097088" total="106954752" percent="1" />
    <remembered-set count="17920" freebytes="15690240" totalbytes="15761920" percent="99" regionsoverflowed="0" regionsstable="9" regionsrebuilding="0"/>
  </mem-info>
</gc-start>
<allocation-stats totalBytes="104201560" >
  <allocated-bytes non-tlh="0" tlh="104201560" arrayletleaf="0"/>
  <largest-consumer threadName="main" threadId="0000000001033F00" bytes="104201560" />
</allocation-stats>
<gc-op id="2853" type="copy forward" timems="9.626" contextid="2850" timestamp="2019-08-09T08:30:34.569">
  <memory-copied type="eden" objects="2" bytes="64" bytesdiscarded="0" />
  <memory-copied type="other" objects="25" bytes="1880" bytesdiscarded="1056" />
  <memory-cardclean objects="42" bytes="1760" />
  <regions eden="50" other="2" />
  <remembered-set-cleared processed="10987" cleared="15" durationms="0.242" />
  <stringconstants candidates="13816" cleared="0"  />
</gc-op>
<gc-op id="2854" type="classunload" timems="0.008" contextid="2850" timestamp="2019-08-09T08:30:34.569">
  <classunload-info classloadercandidates="54" classloadersunloaded="0" classesunloaded="0" anonymousclassesunloaded="0" quiescems="0.000" setupms="0.008" scanms="0.000" postms="0.000" />
</gc-op>
<gc-end id="2855" type="partial gc" contextid="2850" durationms="10.736" usertimems="27.722" systemtimems="0.000" timestamp="2019-08-09T08:30:34.570" activeThreads="16">
  <mem-info id="2856" free="236978176" total="394264576" percent="60">
    <mem type="eden" free="2097088" total="2097152" percent="99" />
    <remembered-set count="18112" freebytes="15689472" totalbytes="15761920" percent="99" regionsoverflowed="0" regionsstable="9" regionsrebuilding="0"/>
  </mem-info>
</gc-end>
<cycle-end id="2857" type="partial gc" contextid="2850" timestamp="2019-08-09T08:30:34.570" />
  <attribute name="elasticGC enabled" value="1" />
  <attribute name= "numThreadsSpecified" value="16" />
  <attribute name="heapSize specified" value="0" />
  <attribute name="Current GC Util" value="140" />
  <attribute name= "Current Time Running" value="90757" />
  <attribute name ="GC Interval" value="0" />
  <attribute name="Target GC Util Change" value ="80.000000" />
  <attribute name="Current GC Util Change" value="140.000000"/>
  <attribute name="Current Error" value="-21.000000" />
  <attribute name="Output H" value="394302408"/>
  <attribute name="Output I" value="1992"/>
  <attribute name="Output T" value="16"/>
  <attribute name= "Current Time Running" value="90757" />
  <attribute name="GC Util currently" value="140" />
  <attribute name="CPU Util currently" value="1832360872728" />
<exclusive-end id="2858" timestamp="2019-08-09T08:30:34.570" durationms="11.339" />

<exclusive-start id="2859" timestamp="2019-08-09T08:30:34.603" intervalms="44.373">
  <response-info timems="0.026" idlems="0.026" threads="0" lastid="0000000001033F00" lastname="main" />
</exclusive-start>
<allocation-taxation id="2860" taxation-threshold="104857600" timestamp="2019-08-09T08:30:34.603" intervalms="44.385" />
<cycle-start id="2861" type="partial gc" contextid="0" timestamp="2019-08-09T08:30:34.603" intervalms="44.386" />
<gc-start id="2862" type="partial gc" contextid="2861" timestamp="2019-08-09T08:30:34.603">
  <mem-info id="2863" free="132120576" total="394264576" percent="33">
    <mem type="eden" free="2097088" total="106954752" percent="1" />
    <remembered-set count="17856" freebytes="15690496" totalbytes="15761920" percent="99" regionsoverflowed="0" regionsstable="9" regionsrebuilding="0"/>
  </mem-info>
</gc-start>
<allocation-stats totalBytes="104201560" >
  <allocated-bytes non-tlh="0" tlh="104201560" arrayletleaf="0"/>
  <largest-consumer threadName="main" threadId="0000000001033F00" bytes="104201560" />
</allocation-stats>
<gc-op id="2864" type="copy forward" timems="8.246" contextid="2861" timestamp="2019-08-09T08:30:34.613">
  <memory-copied type="eden" objects="2" bytes="64" bytesdiscarded="0" />
  <memory-copied type="other" objects="25" bytes="1880" bytesdiscarded="1080" />
  <memory-cardclean objects="42" bytes="1760" />
  <regions eden="50" other="2" />
  <remembered-set-cleared processed="10987" cleared="15" durationms="0.398" />
  <stringconstants candidates="13816" cleared="0"  />
</gc-op>
<gc-op id="2865" type="classunload" timems="0.009" contextid="2861" timestamp="2019-08-09T08:30:34.613">
  <classunload-info classloadercandidates="54" classloadersunloaded="0" classesunloaded="0" anonymousclassesunloaded="0" quiescems="0.000" setupms="0.009" scanms="0.000" postms="0.000" />
</gc-op>
<gc-end id="2866" type="partial gc" contextid="2861" durationms="9.773" usertimems="23.937" systemtimems="0.000" timestamp="2019-08-09T08:30:34.613" activeThreads="16">
  <mem-info id="2867" free="236978176" total="394264576" percent="60">
    <mem type="eden" free="2097088" total="2097152" percent="99" />
    <remembered-set count="18112" freebytes="15689472" totalbytes="15761920" percent="99" regionsoverflowed="0" regionsstable="9" regionsrebuilding="0"/>
  </mem-info>
</gc-end>
<cycle-end id="2868" type="partial gc" contextid="2861" timestamp="2019-08-09T08:30:34.613" />
  <attribute name="elasticGC enabled" value="1" />
  <attribute name= "numThreadsSpecified" value="16" />
  <attribute name="heapSize specified" value="0" />
  <attribute name="Current GC Util" value="133" />
  <attribute name= "Current Time Running" value="90802" />
  <attribute name ="GC Interval" value="0" />
  <attribute name="Target GC Util Change" value ="80.000000" />
  <attribute name="Current GC Util Change" value="133.000000"/>
  <attribute name="Current Error" value="-55.000000" />
  <attribute name="Output H" value="394302392"/>
  <attribute name="Output I" value="1976"/>
  <attribute name="Output T" value="16"/>
  <attribute name= "Current Time Running" value="90802" />
  <attribute name="GC Util currently" value="133" />
  <attribute name="CPU Util currently" value="1288659871223" />
<exclusive-end id="2869" timestamp="2019-08-09T08:30:34.613" durationms="10.337" />

<exclusive-start id="2870" timestamp="2019-08-09T08:30:34.772" intervalms="169.412">
  <response-info timems="0.015" idlems="0.015" threads="0" lastid="0000000001033F00" lastname="main" />
</exclusive-start>
<allocation-taxation id="2871" taxation-threshold="104857600" timestamp="2019-08-09T08:30:34.772" intervalms="169.396" />
<cycle-start id="2872" type="partial gc" contextid="0" timestamp="2019-08-09T08:30:34.772" intervalms="169.388" />
<gc-start id="2873" type="partial gc" contextid="2872" timestamp="2019-08-09T08:30:34.772">
  <mem-info id="2874" free="132120576" total="394264576" percent="33">
    <mem type="eden" free="2097088" total="106954752" percent="1" />
    <remembered-set count="17632" freebytes="15691392" totalbytes="15761920" percent="99" regionsoverflowed="0" regionsstable="9" regionsrebuilding="0"/>
  </mem-info>
</gc-start>
<allocation-stats totalBytes="104837992" >
  <allocated-bytes non-tlh="0" tlh="104837992" arrayletleaf="0"/>
  <largest-consumer threadName="main" threadId="0000000001033F00" bytes="104837992" />
</allocation-stats>
<gc-op id="2875" type="copy forward" timems="13.465" contextid="2872" timestamp="2019-08-09T08:30:34.787">
  <memory-copied type="eden" objects="242" bytes="7872" bytesdiscarded="1584" />
  <memory-copied type="other" objects="6" bytes="144" bytesdiscarded="648" />
  <memory-cardclean objects="136" bytes="12312" />
  <regions eden="50" other="2" />
  <remembered-set-cleared processed="10987" cleared="30" durationms="0.368" />
  <references type="weak" candidates="37" cleared="0" enqueued="0" />
  <stringconstants candidates="13816" cleared="0"  />
</gc-op>
<gc-op id="2876" type="classunload" timems="0.009" contextid="2872" timestamp="2019-08-09T08:30:34.787">
  <classunload-info classloadercandidates="54" classloadersunloaded="0" classesunloaded="0" anonymousclassesunloaded="0" quiescems="0.000" setupms="0.009" scanms="0.000" postms="0.000" />
</gc-op>
<gc-end id="2877" type="partial gc" contextid="2872" durationms="14.553" usertimems="27.946" systemtimems="0.000" timestamp="2019-08-09T08:30:34.787" activeThreads="16">
  <mem-info id="2878" free="236978176" total="394264576" percent="60">
    <mem type="eden" free="2087648" total="2097152" percent="99" />
    <remembered-set count="18304" freebytes="15688704" totalbytes="15761920" percent="99" regionsoverflowed="0" regionsstable="9" regionsrebuilding="0"/>
  </mem-info>
</gc-end>
<cycle-end id="2879" type="partial gc" contextid="2872" timestamp="2019-08-09T08:30:34.787" />
  <attribute name="elasticGC enabled" value="1" />
  <attribute name= "numThreadsSpecified" value="16" />
  <attribute name="heapSize specified" value="0" />
  <attribute name="Current GC Util" value="141" />
  <attribute name= "Current Time Running" value="90971" />
  <attribute name ="GC Interval" value="0" />
  <attribute name="Target GC Util Change" value ="80.000000" />
  <attribute name="Current GC Util Change" value="141.000000"/>
  <attribute name="Current Error" value="6.000000" />
  <attribute name="Output H" value="394302424"/>
  <attribute name="Output I" value="2008"/>
  <attribute name="Output T" value="16"/>
  <attribute name= "Current Time Running" value="90971" />
  <attribute name="GC Util currently" value="141" />
  <attribute name="CPU Util currently" value="1987206312608" />
<exclusive-end id="2880" timestamp="2019-08-09T08:30:34.787" durationms="15.079" />

<exclusive-start id="2881" timestamp="2019-08-09T08:30:34.843" intervalms="70.520">
  <response-info timems="0.015" idlems="0.015" threads="0" lastid="0000000001033F00" lastname="main" />
</exclusive-start>
<allocation-taxation id="2882" taxation-threshold="104857600" timestamp="2019-08-09T08:30:34.843" intervalms="70.521" />
<cycle-start id="2883" type="partial gc" contextid="0" timestamp="2019-08-09T08:30:34.843" intervalms="70.560" />
<gc-start id="2884" type="partial gc" contextid="2883" timestamp="2019-08-09T08:30:34.843">
  <mem-info id="2885" free="132120576" total="394264576" percent="33">
    <mem type="eden" free="0" total="104857600" percent="0" />
    <remembered-set count="17856" freebytes="15690496" totalbytes="15761920" percent="99" regionsoverflowed="0" regionsstable="9" regionsrebuilding="0"/>
  </mem-info>
</gc-start>
<allocation-stats totalBytes="104806200" >
  <allocated-bytes non-tlh="0" tlh="104806200" arrayletleaf="0"/>
  <largest-consumer threadName="main" threadId="0000000001033F00" bytes="104806200" />
</allocation-stats>
<gc-op id="2886" type="copy forward" timems="7.281" contextid="2883" timestamp="2019-08-09T08:30:34.851">
  <memory-copied type="eden" objects="23" bytes="912" bytesdiscarded="648" />
  <memory-copied type="other" objects="114" bytes="3792" bytesdiscarded="1544" />
  <memory-cardclean objects="104" bytes="11800" />
  <regions eden="50" other="2" />
  <remembered-set-cleared processed="10993" cleared="36" durationms="0.247" />
  <references type="weak" candidates="37" cleared="0" enqueued="0" />
  <stringconstants candidates="13816" cleared="0"  />
</gc-op>
<gc-op id="2887" type="classunload" timems="0.009" contextid="2883" timestamp="2019-08-09T08:30:34.851">
  <classunload-info classloadercandidates="54" classloadersunloaded="0" classesunloaded="0" anonymousclassesunloaded="0" quiescems="0.000" setupms="0.009" scanms="0.000" postms="0.000" />
</gc-op>
<gc-end id="2888" type="partial gc" contextid="2883" durationms="8.495" usertimems="19.584" systemtimems="0.000" timestamp="2019-08-09T08:30:34.852" activeThreads="16">
  <mem-info id="2889" free="234881024" total="394264576" percent="59">
    <mem type="eden" free="2095592" total="2097152" percent="99" />
    <remembered-set count="18816" freebytes="15686656" totalbytes="15761920" percent="99" regionsoverflowed="0" regionsstable="9" regionsrebuilding="0"/>
  </mem-info>
</gc-end>
<cycle-end id="2890" type="partial gc" contextid="2883" timestamp="2019-08-09T08:30:34.852" />
  <attribute name="elasticGC enabled" value="1" />
  <attribute name= "numThreadsSpecified" value="16" />
  <attribute name="heapSize specified" value="0" />
  <attribute name="Current GC Util" value="157" />
  <attribute name= "Current Time Running" value="91042" />
  <attribute name ="GC Interval" value="0" />
  <attribute name="Target GC Util Change" value ="80.000000" />
  <attribute name="Current GC Util Change" value="157.000000"/>
  <attribute name="Current Error" value="-29.000000" />
  <attribute name="Output H" value="394302400"/>
  <attribute name="Output I" value="1984"/>
  <attribute name="Output T" value="16"/>
  <attribute name= "Current Time Running" value="91042" />
  <attribute name="GC Util currently" value="157" />
  <attribute name="CPU Util currently" value="1581727892195" />
<exclusive-end id="2891" timestamp="2019-08-09T08:30:34.852" durationms="9.089" />

<exclusive-start id="2892" timestamp="2019-08-09T08:30:34.885" intervalms="42.459">
  <response-info timems="0.014" idlems="0.014" threads="0" lastid="0000000001033F00" lastname="main" />
</exclusive-start>
<allocation-taxation id="2893" taxation-threshold="104857600" timestamp="2019-08-09T08:30:34.885" intervalms="42.457" />
<cycle-start id="2894" type="partial gc" contextid="0" timestamp="2019-08-09T08:30:34.885" intervalms="42.428" />
<gc-start id="2895" type="partial gc" contextid="2894" timestamp="2019-08-09T08:30:34.886">
  <mem-info id="2896" free="130023424" total="394264576" percent="32">
    <mem type="eden" free="0" total="104857600" percent="0" />
    <remembered-set count="18560" freebytes="15687680" totalbytes="15761920" percent="99" regionsoverflowed="0" regionsstable="9" regionsrebuilding="0"/>
  </mem-info>
</gc-start>
<allocation-stats totalBytes="104804888" >
  <allocated-bytes non-tlh="0" tlh="104804888" arrayletleaf="0"/>
  <largest-consumer threadName="main" threadId="0000000001033F00" bytes="104804888" />
</allocation-stats>
<gc-op id="2897" type="copy forward" timems="10.972" contextid="2894" timestamp="2019-08-09T08:30:34.898">
  <memory-copied type="eden" objects="6" bytes="272" bytesdiscarded="0" />
  <memory-copied type="other" objects="125" bytes="4200" bytesdiscarded="2224" />
  <memory-cardclean objects="82" bytes="11208" />
  <regions eden="50" other="2" />
  <remembered-set-cleared processed="10995" cleared="32" durationms="0.156" />
  <references type="weak" candidates="37" cleared="0" enqueued="0" />
  <stringconstants candidates="13816" cleared="0"  />
</gc-op>
<gc-op id="2898" type="classunload" timems="0.006" contextid="2894" timestamp="2019-08-09T08:30:34.898">
  <classunload-info classloadercandidates="54" classloadersunloaded="0" classesunloaded="0" anonymousclassesunloaded="0" quiescems="0.000" setupms="0.006" scanms="0.000" postms="0.000" />
</gc-op>
<gc-end id="2899" type="partial gc" contextid="2894" durationms="12.310" usertimems="26.150" systemtimems="0.000" timestamp="2019-08-09T08:30:34.898" activeThreads="16">
  <mem-info id="2900" free="232783872" total="394264576" percent="59">
    <mem type="eden" free="2096880" total="2097152" percent="99" />
    <remembered-set count="18944" freebytes="15686144" totalbytes="15761920" percent="99" regionsoverflowed="0" regionsstable="9" regionsrebuilding="0"/>
  </mem-info>
</gc-end>
<cycle-end id="2901" type="partial gc" contextid="2894" timestamp="2019-08-09T08:30:34.898" />
  <attribute name="elasticGC enabled" value="1" />
  <attribute name= "numThreadsSpecified" value="16" />
  <attribute name="heapSize specified" value="0" />
  <attribute name="Current GC Util" value="175" />
  <attribute name= "Current Time Running" value="91084" />
  <attribute name ="GC Interval" value="0" />
  <attribute name="Target GC Util Change" value ="80.000000" />
  <attribute name="Current GC Util Change" value="175.000000"/>
  <attribute name="Current Error" value="-88.000000" />
  <attribute name="Output H" value="394302368"/>
  <attribute name="Output I" value="1952"/>
  <attribute name="Output T" value="16"/>
  <attribute name= "Current Time Running" value="91084" />
  <attribute name="GC Util currently" value="175" />
  <attribute name="CPU Util currently" value="1542128470188" />
<exclusive-end id="2902" timestamp="2019-08-09T08:30:34.898" durationms="12.896" />

<exclusive-start id="2903" timestamp="2019-08-09T08:30:34.932" intervalms="46.961">
  <response-info timems="0.015" idlems="0.015" threads="0" lastid="0000000001033F00" lastname="main" />
</exclusive-start>
<allocation-taxation id="2904" taxation-threshold="104857600" timestamp="2019-08-09T08:30:34.932" intervalms="46.964" />
<cycle-start id="2905" type="partial gc" contextid="0" timestamp="2019-08-09T08:30:34.932" intervalms="46.972" />
<gc-start id="2906" type="partial gc" contextid="2905" timestamp="2019-08-09T08:30:34.932">
  <mem-info id="2907" free="127926272" total="394264576" percent="32">
    <mem type="eden" free="2096880" total="106954752" percent="1" />
    <remembered-set count="18752" freebytes="15686912" totalbytes="15761920" percent="99" regionsoverflowed="0" regionsstable="9" regionsrebuilding="0"/>
  </mem-info>
</gc-start>
<allocation-stats totalBytes="104775296" >
  <allocated-bytes non-tlh="0" tlh="104775296" arrayletleaf="0"/>
  <largest-consumer threadName="main" threadId="0000000001033F00" bytes="104775296" />
</allocation-stats>
<gc-op id="2908" type="copy forward" timems="11.405" contextid="2905" timestamp="2019-08-09T08:30:34.945">
  <memory-copied type="eden" objects="23" bytes="800" bytesdiscarded="648" />
  <memory-copied type="other" objects="6" bytes="144" bytesdiscarded="648" />
  <memory-cardclean objects="80" bytes="2544" />
  <regions eden="50" other="2" />
  <remembered-set-cleared processed="10999" cleared="15" durationms="0.392" />
  <stringconstants candidates="13816" cleared="0"  />
</gc-op>
<gc-op id="2909" type="classunload" timems="0.009" contextid="2905" timestamp="2019-08-09T08:30:34.945">
  <classunload-info classloadercandidates="54" classloadersunloaded="0" classesunloaded="0" anonymousclassesunloaded="0" quiescems="0.000" setupms="0.009" scanms="0.000" postms="0.000" />
</gc-op>
<heap-resize id="2910" type="expand" space="default" amount="10485760" count="1" timems="0.098" reason="excessive time being spent in gc" timestamp="2019-08-09T08:30:34.945" />
<gc-end id="2911" type="partial gc" contextid="2905" durationms="12.675" usertimems="28.416" systemtimems="0.000" timestamp="2019-08-09T08:30:34.945" activeThreads="16">
  <mem-info id="2912" free="243269632" total="404750336" percent="60">
    <mem type="eden" free="2095704" total="2097152" percent="99" />
    <remembered-set count="18208" freebytes="16108288" totalbytes="16181120" percent="99" regionsoverflowed="0" regionsstable="9" regionsrebuilding="0"/>
  </mem-info>
</gc-end>
<cycle-end id="2913" type="partial gc" contextid="2905" timestamp="2019-08-09T08:30:34.945" />
  <attribute name="elasticGC enabled" value="1" />
  <attribute name= "numThreadsSpecified" value="16" />
  <attribute name="heapSize specified" value="0" />
  <attribute name="Current GC Util" value="158" />
  <attribute name= "Current Time Running" value="91131" />
  <attribute name ="GC Interval" value="0" />
  <attribute name="Target GC Util Change" value ="80.000000" />
  <attribute name="Current GC Util Change" value="158.000000"/>
  <attribute name="Current Error" value="-52.000000" />
  <attribute name="Output H" value="394302392"/>
  <attribute name="Output I" value="1976"/>
  <attribute name="Output T" value="16"/>
  <attribute name= "Current Time Running" value="91131" />
  <attribute name="GC Util currently" value="158" />
  <attribute name="CPU Util currently" value="1984282073527" />
<exclusive-end id="2914" timestamp="2019-08-09T08:30:34.945" durationms="13.265" />

<exclusive-start id="2915" timestamp="2019-08-09T08:30:35.226" intervalms="294.068">
  <response-info timems="0.019" idlems="0.019" threads="0" lastid="0000000001033F00" lastname="main" />
</exclusive-start>
<allocation-taxation id="2916" taxation-threshold="106954752" timestamp="2019-08-09T08:30:35.226" intervalms="294.071" />
<cycle-start id="2917" type="partial gc" contextid="0" timestamp="2019-08-09T08:30:35.226" intervalms="294.238" />
<gc-start id="2918" type="partial gc" contextid="2917" timestamp="2019-08-09T08:30:35.227">
  <mem-info id="2919" free="136314880" total="404750336" percent="33">
    <mem type="eden" free="0" total="106954752" percent="0" />
    <remembered-set count="18208" freebytes="16108288" totalbytes="16181120" percent="99" regionsoverflowed="0" regionsstable="9" regionsrebuilding="0"/>
  </mem-info>
</gc-start>
<allocation-stats totalBytes="106847576" >
  <allocated-bytes non-tlh="0" tlh="106847576" arrayletleaf="0"/>
  <largest-consumer threadName="main" threadId="0000000001033F00" bytes="106847576" />
</allocation-stats>
<gc-op id="2920" type="copy forward" timems="7.306" contextid="2917" timestamp="2019-08-09T08:30:35.235">
  <memory-copied type="eden" objects="73" bytes="6400" bytesdiscarded="624" />
  <memory-copied type="other" objects="12" bytes="288" bytesdiscarded="1392" />
  <memory-cardclean objects="134" bytes="4000" />
  <regions eden="51" other="2" />
  <remembered-set-cleared processed="11002" cleared="24" durationms="0.202" />
  <stringconstants candidates="13816" cleared="0"  />
</gc-op>
<gc-op id="2921" type="classunload" timems="0.006" contextid="2917" timestamp="2019-08-09T08:30:35.235">
  <classunload-info classloadercandidates="54" classloadersunloaded="0" classesunloaded="0" anonymousclassesunloaded="0" quiescems="0.000" setupms="0.006" scanms="0.000" postms="0.000" />
</gc-op>
<gc-end id="2922" type="partial gc" contextid="2917" durationms="8.568" usertimems="19.459" systemtimems="0.000" timestamp="2019-08-09T08:30:35.235" activeThreads="16">
  <mem-info id="2923" free="241172480" total="404750336" percent="59">
    <mem type="eden" free="2090128" total="2097152" percent="99" />
    <remembered-set count="18592" freebytes="16106752" totalbytes="16181120" percent="99" regionsoverflowed="0" regionsstable="9" regionsrebuilding="0"/>
  </mem-info>
</gc-end>
<cycle-end id="2924" type="partial gc" contextid="2917" timestamp="2019-08-09T08:30:35.235" />
  <attribute name="elasticGC enabled" value="1" />
  <attribute name= "numThreadsSpecified" value="16" />
  <attribute name="heapSize specified" value="0" />
  <attribute name="Current GC Util" value="158" />
  <attribute name= "Current Time Running" value="91426" />
  <attribute name ="GC Interval" value="0" />
  <attribute name="Target GC Util Change" value ="80.000000" />
  <attribute name="Current GC Util Change" value="158.000000"/>
  <attribute name="Current Error" value="-59.000000" />
  <attribute name="Output H" value="404788144"/>
  <attribute name="Output I" value="1968"/>
  <attribute name="Output T" value="16"/>
  <attribute name= "Current Time Running" value="91426" />
  <attribute name="GC Util currently" value="158" />
  <attribute name="CPU Util currently" value="1633287708025" />
<exclusive-end id="2925" timestamp="2019-08-09T08:30:35.236" durationms="9.435" />

<exclusive-start id="2926" timestamp="2019-08-09T08:30:35.422" intervalms="195.893">
  <response-info timems="0.018" idlems="0.018" threads="0" lastid="0000000001033F00" lastname="main" />
</exclusive-start>
<allocation-taxation id="2927" taxation-threshold="106954752" timestamp="2019-08-09T08:30:35.422" intervalms="195.897" />
<cycle-start id="2928" type="partial gc" contextid="0" timestamp="2019-08-09T08:30:35.422" intervalms="195.717" />
<gc-start id="2929" type="partial gc" contextid="2928" timestamp="2019-08-09T08:30:35.422">
  <mem-info id="2930" free="134217728" total="404750336" percent="33">
    <mem type="eden" free="0" total="106954752" percent="0" />
    <remembered-set count="18112" freebytes="16108672" totalbytes="16181120" percent="99" regionsoverflowed="0" regionsstable="9" regionsrebuilding="0"/>
  </mem-info>
</gc-start>
<allocation-stats totalBytes="106944184" >
  <allocated-bytes non-tlh="0" tlh="106944184" arrayletleaf="0"/>
  <largest-consumer threadName="main" threadId="0000000001033F00" bytes="106944184" />
</allocation-stats>
<gc-op id="2931" type="copy forward" timems="10.396" contextid="2928" timestamp="2019-08-09T08:30:35.434">
  <memory-copied type="eden" objects="43" bytes="1320" bytesdiscarded="528" />
  <memory-copied type="other" objects="48" bytes="1152" bytesdiscarded="1752" />
  <memory-cardclean objects="144" bytes="4544" />
  <regions eden="51" other="2" />
  <remembered-set-cleared processed="11007" cleared="30" durationms="0.224" />
  <stringconstants candidates="13816" cleared="0"  />
</gc-op>
<gc-op id="2932" type="classunload" timems="0.009" contextid="2928" timestamp="2019-08-09T08:30:35.434">
  <classunload-info classloadercandidates="54" classloadersunloaded="0" classesunloaded="0" anonymousclassesunloaded="0" quiescems="0.000" setupms="0.009" scanms="0.000" postms="0.000" />
</gc-op>
<gc-end id="2933" type="partial gc" contextid="2928" durationms="11.757" usertimems="26.005" systemtimems="0.000" timestamp="2019-08-09T08:30:35.434" activeThreads="16">
  <mem-info id="2934" free="239075328" total="404750336" percent="59">
    <mem type="eden" free="2095304" total="2097152" percent="99" />
    <remembered-set count="18016" freebytes="16109056" totalbytes="16181120" percent="99" regionsoverflowed="0" regionsstable="9" regionsrebuilding="0"/>
  </mem-info>
</gc-end>
<cycle-end id="2935" type="partial gc" contextid="2928" timestamp="2019-08-09T08:30:35.434" />
  <attribute name="elasticGC enabled" value="1" />
  <attribute name= "numThreadsSpecified" value="16" />
  <attribute name="heapSize specified" value="0" />
  <attribute name="Current GC Util" value="134" />
  <attribute name= "Current Time Running" value="91621" />
  <attribute name ="GC Interval" value="0" />
  <attribute name="Target GC Util Change" value ="80.000000" />
  <attribute name="Current GC Util Change" value="134.000000"/>
  <attribute name="Current Error" value="-42.000000" />
  <attribute name="Output H" value="404788152"/>
  <attribute name="Output I" value="1976"/>
  <attribute name="Output T" value="16"/>
  <attribute name= "Current Time Running" value="91621" />
  <attribute name="GC Util currently" value="134" />
  <attribute name="CPU Util currently" value="1364573657120" />
<exclusive-end id="2936" timestamp="2019-08-09T08:30:35.434" durationms="12.354" />

<exclusive-start id="2937" timestamp="2019-08-09T08:30:35.540" intervalms="118.281">
  <response-info timems="0.018" idlems="0.018" threads="0" lastid="0000000001033F00" lastname="main" />
</exclusive-start>
<allocation-taxation id="2938" taxation-threshold="106954752" timestamp="2019-08-09T08:30:35.540" intervalms="118.275" />
<cycle-start id="2939" type="partial gc" contextid="0" timestamp="2019-08-09T08:30:35.540" intervalms="118.252" />
<gc-start id="2940" type="partial gc" contextid="2939" timestamp="2019-08-09T08:30:35.541">
  <mem-info id="2941" free="132120576" total="404750336" percent="32">
    <mem type="eden" free="0" total="106954752" percent="0" />
    <remembered-set count="18016" freebytes="16109056" totalbytes="16181120" percent="99" regionsoverflowed="0" regionsstable="9" regionsrebuilding="0"/>
  </mem-info>
</gc-start>
<allocation-stats totalBytes="106926496" >
  <allocated-bytes non-tlh="0" tlh="106926496" arrayletleaf="0"/>
  <largest-consumer threadName="main" threadId="0000000001033F00" bytes="106926496" />
</allocation-stats>
<gc-op id="2942" type="copy forward" timems="7.537" contextid="2939" timestamp="2019-08-09T08:30:35.549">
  <memory-copied type="eden" objects="42" bytes="1232" bytesdiscarded="1128" />
  <memory-copied type="other" objects="70" bytes="1752" bytesdiscarded="816" />
  <memory-cardclean objects="149" bytes="4584" />
  <regions eden="51" other="2" />
  <remembered-set-cleared processed="11009" cleared="32" durationms="0.504" />
  <stringconstants candidates="13816" cleared="0"  />
</gc-op>
<gc-op id="2943" type="classunload" timems="0.011" contextid="2939" timestamp="2019-08-09T08:30:35.549">
  <classunload-info classloadercandidates="54" classloadersunloaded="0" classesunloaded="0" anonymousclassesunloaded="0" quiescems="0.000" setupms="0.010" scanms="0.000" postms="0.000" />
</gc-op>
<gc-end id="2944" type="partial gc" contextid="2939" durationms="8.841" usertimems="19.484" systemtimems="0.000" timestamp="2019-08-09T08:30:35.550" activeThreads="16">
  <mem-info id="2945" free="236978176" total="404750336" percent="58">
    <mem type="eden" free="2094792" total="2097152" percent="99" />
    <remembered-set count="19040" freebytes="16104960" totalbytes="16181120" percent="99" regionsoverflowed="0" regionsstable="9" regionsrebuilding="0"/>
  </mem-info>
</gc-end>
<cycle-end id="2946" type="partial gc" contextid="2939" timestamp="2019-08-09T08:30:35.550" />
  <attribute name="elasticGC enabled" value="1" />
  <attribute name= "numThreadsSpecified" value="16" />
  <attribute name="heapSize specified" value="0" />
  <attribute name="Current GC Util" value="163" />
  <attribute name= "Current Time Running" value="91739" />
  <attribute name ="GC Interval" value="0" />
  <attribute name="Target GC Util Change" value ="80.000000" />
  <attribute name="Current GC Util Change" value="163.000000"/>
  <attribute name="Current Error" value="-24.000000" />
  <attribute name="Output H" value="404788168"/>
  <attribute name="Output I" value="1992"/>
  <attribute name="Output T" value="16"/>
  <attribute name= "Current Time Running" value="91739" />
  <attribute name="GC Util currently" value="163" />
  <attribute name="CPU Util currently" value="1936683862059" />
<exclusive-end id="2947" timestamp="2019-08-09T08:30:35.550" durationms="9.524" />

<exclusive-start id="2948" timestamp="2019-08-09T08:30:35.692" intervalms="151.410">
  <response-info timems="0.017" idlems="0.017" threads="0" lastid="0000000001033F00" lastname="main" />
</exclusive-start>
<allocation-taxation id="2949" taxation-threshold="106954752" timestamp="2019-08-09T08:30:35.692" intervalms="151.424" />
<cycle-start id="2950" type="partial gc" contextid="0" timestamp="2019-08-09T08:30:35.692" intervalms="151.467" />
<gc-start id="2951" type="partial gc" contextid="2950" timestamp="2019-08-09T08:30:35.692">
  <mem-info id="2952" free="130023424" total="404750336" percent="32">
    <mem type="eden" free="0" total="106954752" percent="0" />
    <remembered-set count="19040" freebytes="16104960" totalbytes="16181120" percent="99" regionsoverflowed="0" regionsstable="9" regionsrebuilding="0"/>
  </mem-info>
</gc-start>
<allocation-stats totalBytes="106942424" >
  <allocated-bytes non-tlh="0" tlh="106942424" arrayletleaf="0"/>
  <largest-consumer threadName="main" threadId="0000000001033F00" bytes="106942424" />
</allocation-stats>
<gc-op id="2953" type="copy forward" timems="1.814" contextid="2950" timestamp="2019-08-09T08:30:35.695">
  <memory-copied type="eden" objects="32" bytes="944" bytesdiscarded="0" />
  <memory-copied type="other" objects="47" bytes="1224" bytesdiscarded="0" />
  <memory-cardclean objects="142" bytes="4240" />
  <regions eden="51" other="2" />
  <remembered-set-cleared processed="11016" cleared="28" durationms="0.511" />
  <stringconstants candidates="13816" cleared="0"  />
</gc-op>
<gc-op id="2954" type="classunload" timems="0.004" contextid="2950" timestamp="2019-08-09T08:30:35.695">
  <classunload-info classloadercandidates="54" classloadersunloaded="0" classesunloaded="0" anonymousclassesunloaded="0" quiescems="0.000" setupms="0.004" scanms="0.000" postms="0.000" />
</gc-op>
<gc-end id="2955" type="partial gc" contextid="2950" durationms="2.940" usertimems="3.933" systemtimems="0.000" timestamp="2019-08-09T08:30:35.695" activeThreads="1">
  <mem-info id="2956" free="234881024" total="404750336" percent="58">
    <mem type="eden" free="2096208" total="2097152" percent="99" />
    <remembered-set count="19456" freebytes="16103296" totalbytes="16181120" percent="99" regionsoverflowed="0" regionsstable="9" regionsrebuilding="0"/>
  </mem-info>
</gc-end>
<cycle-end id="2957" type="partial gc" contextid="2950" timestamp="2019-08-09T08:30:35.695" />
  <attribute name="elasticGC enabled" value="1" />
  <attribute name= "numThreadsSpecified" value="1" />
  <attribute name="heapSize specified" value="0" />
  <attribute name="Current GC Util" value="138" />
  <attribute name= "Current Time Running" value="91891" />
  <attribute name ="GC Interval" value="0" />
  <attribute name="Target GC Util Change" value ="80.000000" />
  <attribute name="Current GC Util Change" value="138.000000"/>
  <attribute name="Current Error" value="-14.000000" />
  <attribute name="Output H" value="404788168"/>
  <attribute name="Output I" value="1992"/>
  <attribute name="Output T" value="1"/>
  <attribute name= "Current Time Running" value="91891" />
  <attribute name="GC Util currently" value="138" />
  <attribute name="CPU Util currently" value="1948463532262" />
<exclusive-end id="2958" timestamp="2019-08-09T08:30:35.695" durationms="3.549" />

<exclusive-start id="2959" timestamp="2019-08-09T08:30:35.898" intervalms="205.776">
  <response-info timems="0.024" idlems="0.024" threads="0" lastid="0000000001033F00" lastname="main" />
</exclusive-start>
<allocation-taxation id="2960" taxation-threshold="106954752" timestamp="2019-08-09T08:30:35.898" intervalms="205.761" />
<cycle-start id="2961" type="partial gc" contextid="0" timestamp="2019-08-09T08:30:35.898" intervalms="205.734" />
<gc-start id="2962" type="partial gc" contextid="2961" timestamp="2019-08-09T08:30:35.898">
  <mem-info id="2963" free="127926272" total="404750336" percent="31">
    <mem type="eden" free="0" total="106954752" percent="0" />
    <remembered-set count="18976" freebytes="16105216" totalbytes="16181120" percent="99" regionsoverflowed="0" regionsstable="9" regionsrebuilding="0"/>
  </mem-info>
</gc-start>
<allocation-stats totalBytes="106948496" >
  <allocated-bytes non-tlh="0" tlh="106948496" arrayletleaf="0"/>
  <largest-consumer threadName="main" threadId="0000000001033F00" bytes="106948496" />
</allocation-stats>
<gc-op id="2964" type="copy forward" timems="7.595" contextid="2961" timestamp="2019-08-09T08:30:35.907">
  <memory-copied type="eden" objects="53" bytes="1424" bytesdiscarded="48" />
  <memory-copied type="other" objects="37" bytes="912" bytesdiscarded="3120" />
  <memory-cardclean objects="106" bytes="3280" />
  <regions eden="51" other="2" />
  <remembered-set-cleared processed="11021" cleared="25" durationms="0.218" />
  <stringconstants candidates="13816" cleared="0"  />
</gc-op>
<gc-op id="2965" type="classunload" timems="0.009" contextid="2961" timestamp="2019-08-09T08:30:35.907">
  <classunload-info classloadercandidates="54" classloadersunloaded="0" classesunloaded="0" anonymousclassesunloaded="0" quiescems="0.000" setupms="0.009" scanms="0.000" postms="0.000" />
</gc-op>
<gc-end id="2966" type="partial gc" contextid="2961" durationms="9.386" usertimems="21.892" systemtimems="0.000" timestamp="2019-08-09T08:30:35.907" activeThreads="16">
  <mem-info id="2967" free="232783872" total="404750336" percent="57">
    <mem type="eden" free="2095680" total="2097152" percent="99" />
    <remembered-set count="19872" freebytes="16101632" totalbytes="16181120" percent="99" regionsoverflowed="0" regionsstable="9" regionsrebuilding="0"/>
  </mem-info>
</gc-end>
<cycle-end id="2968" type="partial gc" contextid="2961" timestamp="2019-08-09T08:30:35.907" />
  <attribute name="elasticGC enabled" value="1" />
  <attribute name= "numThreadsSpecified" value="16" />
  <attribute name="heapSize specified" value="0" />
  <attribute name="Current GC Util" value="246" />
  <attribute name= "Current Time Running" value="92097" />
  <attribute name ="GC Interval" value="0" />
  <attribute name="Target GC Util Change" value ="80.000000" />
  <attribute name="Current GC Util Change" value="246.000000"/>
  <attribute name="Current Error" value="-101.000000" />
  <attribute name="Output H" value="404788120"/>
  <attribute name="Output I" value="1944"/>
  <attribute name="Output T" value="16"/>
  <attribute name= "Current Time Running" value="92097" />
  <attribute name="GC Util currently" value="246" />
  <attribute name="CPU Util currently" value="1085038213993" />
<exclusive-end id="2969" timestamp="2019-08-09T08:30:35.908" durationms="10.026" />

<exclusive-start id="2970" timestamp="2019-08-09T08:30:36.034" intervalms="136.720">
  <response-info timems="0.022" idlems="0.022" threads="0" lastid="0000000001033F00" lastname="main" />
</exclusive-start>
<allocation-taxation id="2971" taxation-threshold="106954752" timestamp="2019-08-09T08:30:36.034" intervalms="136.723" />
<cycle-start id="2972" type="partial gc" contextid="0" timestamp="2019-08-09T08:30:36.035" intervalms="136.874" />
<gc-start id="2973" type="partial gc" contextid="2972" timestamp="2019-08-09T08:30:36.035">
  <mem-info id="2974" free="125829120" total="404750336" percent="31">
    <mem type="eden" free="0" total="106954752" percent="0" />
    <remembered-set count="19488" freebytes="16103168" totalbytes="16181120" percent="99" regionsoverflowed="0" regionsstable="9" regionsrebuilding="0"/>
  </mem-info>
</gc-start>
<allocation-stats totalBytes="106947296" >
  <allocated-bytes non-tlh="0" tlh="106947296" arrayletleaf="0"/>
  <largest-consumer threadName="main" threadId="0000000001033F00" bytes="106947296" />
</allocation-stats>
<gc-op id="2975" type="copy forward" timems="9.368" contextid="2972" timestamp="2019-08-09T08:30:36.046">
  <memory-copied type="eden" objects="33" bytes="1000" bytesdiscarded="1296" />
  <memory-copied type="other" objects="54" bytes="1296" bytesdiscarded="2160" />
  <memory-cardclean objects="105" bytes="3136" />
  <regions eden="51" other="2" />
  <remembered-set-cleared processed="11037" cleared="35" durationms="0.235" />
  <stringconstants candidates="13816" cleared="0"  />
</gc-op>
<gc-op id="2976" type="classunload" timems="0.011" contextid="2972" timestamp="2019-08-09T08:30:36.046">
  <classunload-info classloadercandidates="54" classloadersunloaded="0" classesunloaded="0" anonymousclassesunloaded="0" quiescems="0.000" setupms="0.010" scanms="0.000" postms="0.000" />
</gc-op>
<heap-resize id="2977" type="contract" space="default" amount="20971520" count="1" timems="0.135" reason="insufficient time being spent in gc" timestamp="2019-08-09T08:30:36.046" />
<gc-end id="2978" type="partial gc" contextid="2972" durationms="11.094" usertimems="22.871" systemtimems="0.000" timestamp="2019-08-09T08:30:36.046" activeThreads="16">
  <mem-info id="2979" free="209715200" total="383778816" percent="54">
    <mem type="eden" free="2094856" total="2097152" percent="99" />
    <remembered-set count="20352" freebytes="16099712" totalbytes="16181120" percent="99" regionsoverflowed="0" regionsstable="9" regionsrebuilding="0"/>
  </mem-info>
</gc-end>
<cycle-end id="2980" type="partial gc" contextid="2972" timestamp="2019-08-09T08:30:36.046" />
  <attribute name="elasticGC enabled" value="1" />
  <attribute name= "numThreadsSpecified" value="16" />
  <attribute name="heapSize specified" value="0" />
  <attribute name="Current GC Util" value="198" />
  <attribute name= "Current Time Running" value="92234" />
  <attribute name ="GC Interval" value="0" />
  <attribute name="Target GC Util Change" value ="80.000000" />
  <attribute name="Current GC Util Change" value="198.000000"/>
  <attribute name="Current Error" value="-52.000000" />
  <attribute name="Output H" value="404788152"/>
  <attribute name="Output I" value="1976"/>
  <attribute name="Output T" value="16"/>
  <attribute name= "Current Time Running" value="92234" />
  <attribute name="GC Util currently" value="198" />
  <attribute name="CPU Util currently" value="1377369295807" />
<exclusive-end id="2981" timestamp="2019-08-09T08:30:36.046" durationms="11.914" />

<exclusive-start id="2982" timestamp="2019-08-09T08:30:36.228" intervalms="193.315">
  <response-info timems="0.018" idlems="0.018" threads="0" lastid="0000000001033F00" lastname="main" />
</exclusive-start>
<allocation-taxation id="2983" taxation-threshold="102760448" timestamp="2019-08-09T08:30:36.228" intervalms="193.312" />
<cycle-start id="2984" type="partial gc" contextid="0" timestamp="2019-08-09T08:30:36.228" intervalms="193.226" />
<gc-start id="2985" type="partial gc" contextid="2984" timestamp="2019-08-09T08:30:36.228">
  <mem-info id="2986" free="106954752" total="383778816" percent="27">
    <mem type="eden" free="0" total="102760448" percent="0" />
    <remembered-set count="19904" freebytes="16101504" totalbytes="16181120" percent="99" regionsoverflowed="0" regionsstable="9" regionsrebuilding="0"/>
  </mem-info>
</gc-start>
<allocation-stats totalBytes="102700592" >
  <allocated-bytes non-tlh="0" tlh="102700592" arrayletleaf="0"/>
  <largest-consumer threadName="main" threadId="0000000001033F00" bytes="102700592" />
</allocation-stats>
<gc-op id="2987" type="copy forward" timems="7.664" contextid="2984" timestamp="2019-08-09T08:30:36.238">
  <memory-copied type="eden" objects="43" bytes="1192" bytesdiscarded="288" />
  <memory-copied type="other" objects="48" bytes="1152" bytesdiscarded="1344" />
  <memory-cardclean objects="102" bytes="3008" />
  <regions eden="49" other="2" />
  <remembered-set-cleared processed="11052" cleared="34" durationms="0.264" />
  <stringconstants candidates="13816" cleared="0"  />
</gc-op>
<gc-op id="2988" type="classunload" timems="0.009" contextid="2984" timestamp="2019-08-09T08:30:36.238">
  <classunload-info classloadercandidates="54" classloadersunloaded="0" classesunloaded="0" anonymousclassesunloaded="0" quiescems="0.000" setupms="0.009" scanms="0.000" postms="0.000" />
</gc-op>
<heap-resize id="2989" type="contract" space="default" amount="20971520" count="1" timems="0.116" reason="insufficient time being spent in gc" timestamp="2019-08-09T08:30:36.239" />
<gc-end id="2990" type="partial gc" contextid="2984" durationms="10.701" usertimems="22.632" systemtimems="0.000" timestamp="2019-08-09T08:30:36.239" activeThreads="16">
  <mem-info id="2991" free="186646528" total="362807296" percent="51">
    <mem type="eden" free="2095672" total="2097152" percent="99" />
    <remembered-set count="19200" freebytes="15265920" totalbytes="15342720" percent="99" regionsoverflowed="0" regionsstable="9" regionsrebuilding="0"/>
  </mem-info>
</gc-end>
<cycle-end id="2992" type="partial gc" contextid="2984" timestamp="2019-08-09T08:30:36.239" />
  <attribute name="elasticGC enabled" value="1" />
  <attribute name= "numThreadsSpecified" value="16" />
  <attribute name="heapSize specified" value="0" />
  <attribute name="Current GC Util" value="100" />
  <attribute name= "Current Time Running" value="92428" />
  <attribute name ="GC Interval" value="0" />
  <attribute name="Target GC Util Change" value ="80.000000" />
  <attribute name="Current GC Util Change" value="100.000000"/>
  <attribute name="Current Error" value="-3.000000" />
  <attribute name="Output H" value="383816656"/>
  <attribute name="Output I" value="2000"/>
  <attribute name="Output T" value="16"/>
  <attribute name= "Current Time Running" value="92428" />
  <attribute name="GC Util currently" value="100" />
  <attribute name="CPU Util currently" value="495605429717" />
<exclusive-end id="2993" timestamp="2019-08-09T08:30:36.239" durationms="11.406" />

<exclusive-start id="2994" timestamp="2019-08-09T08:30:36.290" intervalms="62.146">
  <response-info timems="0.025" idlems="0.025" threads="0" lastid="0000000001033F00" lastname="main" />
</exclusive-start>
<allocation-taxation id="2995" taxation-threshold="96468992" timestamp="2019-08-09T08:30:36.290" intervalms="62.163" />
<cycle-start id="2996" type="partial gc" contextid="0" timestamp="2019-08-09T08:30:36.290" intervalms="62.249" />
<gc-start id="2997" type="partial gc" contextid="2996" timestamp="2019-08-09T08:30:36.290">
  <mem-info id="2998" free="90177536" total="362807296" percent="24">
    <mem type="eden" free="0" total="96468992" percent="0" />
    <remembered-set count="18784" freebytes="15267584" totalbytes="15342720" percent="99" regionsoverflowed="0" regionsstable="9" regionsrebuilding="0"/>
  </mem-info>
</gc-start>
<allocation-stats totalBytes="96325240" >
  <allocated-bytes non-tlh="0" tlh="96325240" arrayletleaf="0"/>
  <largest-consumer threadName="main" threadId="0000000001033F00" bytes="96325240" />
</allocation-stats>
<gc-op id="2999" type="copy forward" timems="17.045" contextid="2996" timestamp="2019-08-09T08:30:36.310">
  <memory-copied type="eden" objects="24" bytes="1280" bytesdiscarded="672" />
  <memory-copied type="other" objects="36" bytes="864" bytesdiscarded="2496" />
  <memory-cardclean objects="80" bytes="2472" />
  <regions eden="46" other="2" />
  <remembered-set-cleared processed="11055" cleared="29" durationms="0.494" />
  <stringconstants candidates="13816" cleared="0"  />
</gc-op>
<gc-op id="3000" type="classunload" timems="0.013" contextid="2996" timestamp="2019-08-09T08:30:36.310">
  <classunload-info classloadercandidates="54" classloadersunloaded="0" classesunloaded="0" anonymousclassesunloaded="0" quiescems="0.000" setupms="0.013" scanms="0.000" postms="0.000" />
</gc-op>
<gc-end id="3001" type="partial gc" contextid="2996" durationms="19.585" usertimems="31.313" systemtimems="0.000" timestamp="2019-08-09T08:30:36.310" activeThreads="16">
  <mem-info id="3002" free="184549376" total="362807296" percent="50">
    <mem type="eden" free="2095200" total="2097152" percent="99" />
    <remembered-set count="20416" freebytes="14422656" totalbytes="14504320" percent="99" regionsoverflowed="0" regionsstable="9" regionsrebuilding="0"/>
  </mem-info>
</gc-end>
<cycle-end id="3003" type="partial gc" contextid="2996" timestamp="2019-08-09T08:30:36.310" />
  <attribute name="elasticGC enabled" value="1" />
  <attribute name= "numThreadsSpecified" value="16" />
  <attribute name="heapSize specified" value="0" />
  <attribute name="Current GC Util" value="63" />
  <attribute name= "Current Time Running" value="92490" />
  <attribute name ="GC Interval" value="0" />
  <attribute name="Target GC Util Change" value ="80.000000" />
  <attribute name="Current GC Util Change" value="63.000000"/>
  <attribute name="Current Error" value="60.000000" />
  <attribute name="Output H" value="362845176"/>
  <attribute name="Output I" value="2040"/>
  <attribute name="Output T" value="16"/>
  <attribute name= "Current Time Running" value="92490" />
  <attribute name="GC Util currently" value="63" />
  <attribute name="CPU Util currently" value="588269354534" />
<exclusive-end id="3004" timestamp="2019-08-09T08:30:36.310" durationms="20.373" />

<exclusive-start id="3005" timestamp="2019-08-09T08:30:36.353" intervalms="63.530">
  <response-info timems="0.018" idlems="0.018" threads="0" lastid="0000000001033F00" lastname="main" />
</exclusive-start>
<allocation-taxation id="3006" taxation-threshold="96468992" timestamp="2019-08-09T08:30:36.353" intervalms="63.522" />
<cycle-start id="3007" type="partial gc" contextid="0" timestamp="2019-08-09T08:30:36.353" intervalms="63.368" />
<gc-start id="3008" type="partial gc" contextid="3007" timestamp="2019-08-09T08:30:36.354">
  <mem-info id="3009" free="88080384" total="362807296" percent="24">
    <mem type="eden" free="0" total="96468992" percent="0" />
    <remembered-set count="19968" freebytes="14424448" totalbytes="14504320" percent="99" regionsoverflowed="0" regionsstable="9" regionsrebuilding="0"/>
  </mem-info>
</gc-start>
<allocation-stats totalBytes="96297296" >
  <allocated-bytes non-tlh="0" tlh="96297296" arrayletleaf="0"/>
  <largest-consumer threadName="main" threadId="0000000001033F00" bytes="96297296" />
</allocation-stats>
<gc-op id="3010" type="copy forward" timems="12.288" contextid="3007" timestamp="2019-08-09T08:30:36.367">
  <memory-copied type="eden" objects="4" bytes="104" bytesdiscarded="0" />
  <memory-copied type="other" objects="45" bytes="1784" bytesdiscarded="1704" />
  <memory-cardclean objects="58" bytes="2024" />
  <regions eden="46" other="2" />
  <remembered-set-cleared processed="11063" cleared="24" durationms="0.246" />
  <stringconstants candidates="13816" cleared="0"  />
</gc-op>
<gc-op id="3011" type="classunload" timems="0.012" contextid="3007" timestamp="2019-08-09T08:30:36.368">
  <classunload-info classloadercandidates="54" classloadersunloaded="0" classesunloaded="0" anonymousclassesunloaded="0" quiescems="0.000" setupms="0.012" scanms="0.000" postms="0.000" />
</gc-op>
<heap-resize id="3012" type="expand" space="default" amount="62914560" count="1" timems="0.241" reason="excessive time being spent in gc" timestamp="2019-08-09T08:30:36.368" />
<gc-end id="3013" type="partial gc" contextid="3007" durationms="14.248" usertimems="23.366" systemtimems="0.000" timestamp="2019-08-09T08:30:36.368" activeThreads="16">
  <mem-info id="3014" free="245366784" total="425721856" percent="57">
    <mem type="eden" free="2097048" total="2097152" percent="99" />
    <remembered-set count="19616" freebytes="16941056" totalbytes="17019520" percent="99" regionsoverflowed="0" regionsstable="9" regionsrebuilding="0"/>
  </mem-info>
</gc-end>
<cycle-end id="3015" type="partial gc" contextid="3007" timestamp="2019-08-09T08:30:36.368" />
  <attribute name="elasticGC enabled" value="1" />
  <attribute name= "numThreadsSpecified" value="16" />
  <attribute name="heapSize specified" value="0" />
  <attribute name="Current GC Util" value="109" />
  <attribute name= "Current Time Running" value="92553" />
  <attribute name ="GC Interval" value="0" />
  <attribute name="Target GC Util Change" value ="80.000000" />
  <attribute name="Current GC Util Change" value="109.000000"/>
  <attribute name="Current Error" value="3.000000" />
  <attribute name="Output H" value="362845144"/>
  <attribute name="Output I" value="2008"/>
  <attribute name="Output T" value="16"/>
  <attribute name= "Current Time Running" value="92553" />
  <attribute name="GC Util currently" value="109" />
  <attribute name="CPU Util currently" value="1171948035453" />
<exclusive-end id="3016" timestamp="2019-08-09T08:30:36.368" durationms="14.959" />

<exclusive-start id="3017" timestamp="2019-08-09T08:30:36.500" intervalms="147.059">
  <response-info timems="0.019" idlems="0.019" threads="0" lastid="0000000001033F00" lastname="main" />
</exclusive-start>
<allocation-taxation id="3018" taxation-threshold="113246208" timestamp="2019-08-09T08:30:36.500" intervalms="147.049" />
<cycle-start id="3019" type="partial gc" contextid="0" timestamp="2019-08-09T08:30:36.500" intervalms="147.078" />
<gc-start id="3020" type="partial gc" contextid="3019" timestamp="2019-08-09T08:30:36.501">
  <mem-info id="3021" free="132120576" total="425721856" percent="31">
    <mem type="eden" free="2097048" total="115343360" percent="1" />
    <remembered-set count="19200" freebytes="16942720" totalbytes="17019520" percent="99" regionsoverflowed="0" regionsstable="9" regionsrebuilding="0"/>
  </mem-info>
</gc-start>
<allocation-stats totalBytes="113138120" >
  <allocated-bytes non-tlh="0" tlh="113138120" arrayletleaf="0"/>
  <largest-consumer threadName="main" threadId="0000000001033F00" bytes="113138120" />
</allocation-stats>
<gc-op id="3022" type="copy forward" timems="9.109" contextid="3019" timestamp="2019-08-09T08:30:36.511">
  <memory-copied type="eden" objects="41" bytes="2008" bytesdiscarded="1224" />
  <memory-copied type="other" objects="6" bytes="144" bytesdiscarded="720" />
  <memory-cardclean objects="86" bytes="2560" />
  <regions eden="54" other="2" />
  <remembered-set-cleared processed="11065" cleared="20" durationms="0.284" />
  <stringconstants candidates="13816" cleared="0"  />
</gc-op>
<gc-op id="3023" type="classunload" timems="0.011" contextid="3019" timestamp="2019-08-09T08:30:36.511">
  <classunload-info classloadercandidates="54" classloadersunloaded="0" classesunloaded="0" anonymousclassesunloaded="0" quiescems="0.000" setupms="0.011" scanms="0.000" postms="0.000" />
</gc-op>
<heap-resize id="3024" type="expand" space="default" amount="25165824" count="1" timems="0.190" reason="excessive time being spent in gc" timestamp="2019-08-09T08:30:36.511" />
<gc-end id="3025" type="partial gc" contextid="3019" durationms="10.503" usertimems="24.924" systemtimems="0.000" timestamp="2019-08-09T08:30:36.511" activeThreads="16">
  <mem-info id="3026" free="270532608" total="450887680" percent="60">
    <mem type="eden" free="2093920" total="2097152" percent="99" />
    <remembered-set count="19712" freebytes="17946752" totalbytes="18025600" percent="99" regionsoverflowed="0" regionsstable="9" regionsrebuilding="0"/>
  </mem-info>
</gc-end>
<cycle-end id="3027" type="partial gc" contextid="3019" timestamp="2019-08-09T08:30:36.511" />
  <attribute name="elasticGC enabled" value="1" />
  <attribute name= "numThreadsSpecified" value="16" />
  <attribute name="heapSize specified" value="0" />
  <attribute name="Current GC Util" value="137" />
  <attribute name= "Current Time Running" value="92699" />
  <attribute name ="GC Interval" value="0" />
  <attribute name="Target GC Util Change" value ="80.000000" />
  <attribute name="Current GC Util Change" value="137.000000"/>
  <attribute name="Current Error" value="11.000000" />
  <attribute name="Output H" value="425759704"/>
  <attribute name="Output I" value="2008"/>
  <attribute name="Output T" value="16"/>
  <attribute name= "Current Time Running" value="92699" />
  <attribute name="GC Util currently" value="137" />
  <attribute name="CPU Util currently" value="1822138129928" />
<exclusive-end id="3028" timestamp="2019-08-09T08:30:36.511" durationms="11.075" />

<exclusive-start id="3029" timestamp="2019-08-09T08:30:36.648" intervalms="147.693">
  <response-info timems="0.017" idlems="0.017" threads="0" lastid="0000000001033F00" lastname="main" />
</exclusive-start>
<allocation-taxation id="3030" taxation-threshold="119537664" timestamp="2019-08-09T08:30:36.648" intervalms="147.696" />
<cycle-start id="3031" type="partial gc" contextid="0" timestamp="2019-08-09T08:30:36.648" intervalms="147.698" />
<gc-start id="3032" type="partial gc" contextid="3031" timestamp="2019-08-09T08:30:36.648">
  <mem-info id="3033" free="150994944" total="450887680" percent="33">
    <mem type="eden" free="0" total="119537664" percent="0" />
    <remembered-set count="19712" freebytes="17946752" totalbytes="18025600" percent="99" regionsoverflowed="0" regionsstable="9" regionsrebuilding="0"/>
  </mem-info>
</gc-start>
<allocation-stats totalBytes="119390864" >
  <allocated-bytes non-tlh="0" tlh="119390864" arrayletleaf="0"/>
  <largest-consumer threadName="main" threadId="0000000001033F00" bytes="119390864" />
</allocation-stats>
<gc-op id="3034" type="copy forward" timems="6.743" contextid="3031" timestamp="2019-08-09T08:30:36.656">
  <memory-copied type="eden" objects="31" bytes="912" bytesdiscarded="1368" />
  <memory-copied type="other" objects="24" bytes="576" bytesdiscarded="2016" />
  <memory-cardclean objects="103" bytes="3296" />
  <regions eden="57" other="2" />
  <remembered-set-cleared processed="11068" cleared="27" durationms="0.288" />
  <stringconstants candidates="13816" cleared="0"  />
</gc-op>
<gc-op id="3035" type="classunload" timems="0.009" contextid="3031" timestamp="2019-08-09T08:30:36.656">
  <classunload-info classloadercandidates="54" classloadersunloaded="0" classesunloaded="0" anonymousclassesunloaded="0" quiescems="0.000" setupms="0.009" scanms="0.000" postms="0.000" />
</gc-op>
<gc-end id="3036" type="partial gc" contextid="3031" durationms="7.937" usertimems="18.979" systemtimems="0.000" timestamp="2019-08-09T08:30:36.656" activeThreads="16">
  <mem-info id="3037" free="268435456" total="450887680" percent="59">
    <mem type="eden" free="2094872" total="2097152" percent="99" />
    <remembered-set count="20128" freebytes="17945088" totalbytes="18025600" percent="99" regionsoverflowed="0" regionsstable="9" regionsrebuilding="0"/>
  </mem-info>
</gc-end>
<cycle-end id="3038" type="partial gc" contextid="3031" timestamp="2019-08-09T08:30:36.656" />
  <attribute name="elasticGC enabled" value="1" />
  <attribute name= "numThreadsSpecified" value="16" />
  <attribute name="heapSize specified" value="0" />
  <attribute name="Current GC Util" value="123" />
  <attribute name= "Current Time Running" value="92847" />
  <attribute name ="GC Interval" value="0" />
  <attribute name="Target GC Util Change" value ="80.000000" />
  <attribute name="Current GC Util Change" value="123.000000"/>
  <attribute name="Current Error" value="32.000000" />
  <attribute name="Output H" value="450925544"/>
  <attribute name="Output I" value="2024"/>
  <attribute name="Output T" value="16"/>
  <attribute name= "Current Time Running" value="92847" />
  <attribute name="GC Util currently" value="123" />
  <attribute name="CPU Util currently" value="1736207218767" />
<exclusive-end id="3039" timestamp="2019-08-09T08:30:36.657" durationms="8.530" />

<exclusive-start id="3040" timestamp="2019-08-09T08:30:36.868" intervalms="220.132">
  <response-info timems="0.020" idlems="0.020" threads="0" lastid="0000000001033F00" lastname="main" />
</exclusive-start>
<allocation-taxation id="3041" taxation-threshold="119537664" timestamp="2019-08-09T08:30:36.868" intervalms="220.143" />
<cycle-start id="3042" type="partial gc" contextid="0" timestamp="2019-08-09T08:30:36.868" intervalms="220.122" />
<gc-start id="3043" type="partial gc" contextid="3042" timestamp="2019-08-09T08:30:36.868">
  <mem-info id="3044" free="148897792" total="450887680" percent="33">
    <mem type="eden" free="0" total="119537664" percent="0" />
    <remembered-set count="19680" freebytes="17946880" totalbytes="18025600" percent="99" regionsoverflowed="0" regionsstable="9" regionsrebuilding="0"/>
  </mem-info>
</gc-start>
<allocation-stats totalBytes="119516448" >
  <allocated-bytes non-tlh="0" tlh="119516448" arrayletleaf="0"/>
  <largest-consumer threadName="main" threadId="0000000001033F00" bytes="119516448" />
</allocation-stats>
<gc-op id="3045" type="copy forward" timems="8.337" contextid="3042" timestamp="2019-08-09T08:30:36.878">
  <memory-copied type="eden" objects="25" bytes="912" bytesdiscarded="648" />
  <memory-copied type="other" objects="30" bytes="720" bytesdiscarded="2472" />
  <memory-cardclean objects="90" bytes="2952" />
  <regions eden="57" other="2" />
  <remembered-set-cleared processed="11076" cleared="28" durationms="0.254" />
  <stringconstants candidates="13816" cleared="0"  />
</gc-op>
<gc-op id="3046" type="classunload" timems="0.009" contextid="3042" timestamp="2019-08-09T08:30:36.878">
  <classunload-info classloadercandidates="54" classloadersunloaded="0" classesunloaded="0" anonymousclassesunloaded="0" quiescems="0.000" setupms="0.009" scanms="0.000" postms="0.000" />
</gc-op>
<gc-end id="3047" type="partial gc" contextid="3042" durationms="9.543" usertimems="19.202" systemtimems="0.000" timestamp="2019-08-09T08:30:36.878" activeThreads="16">
  <mem-info id="3048" free="266338304" total="450887680" percent="59">
    <mem type="eden" free="2095592" total="2097152" percent="99" />
    <remembered-set count="19744" freebytes="17946624" totalbytes="18025600" percent="99" regionsoverflowed="0" regionsstable="9" regionsrebuilding="0"/>
  </mem-info>
</gc-end>
<cycle-end id="3049" type="partial gc" contextid="3042" timestamp="2019-08-09T08:30:36.878" />
  <attribute name="elasticGC enabled" value="1" />
  <attribute name= "numThreadsSpecified" value="16" />
  <attribute name="heapSize specified" value="0" />
  <attribute name="Current GC Util" value="124" />
  <attribute name= "Current Time Running" value="93067" />
  <attribute name ="GC Interval" value="0" />
  <attribute name="Target GC Util Change" value ="80.000000" />
  <attribute name="Current GC Util Change" value="124.000000"/>
  <attribute name="Current Error" value="28.000000" />
  <attribute name="Output H" value="450925536"/>
  <attribute name="Output I" value="2016"/>
  <attribute name="Output T" value="16"/>
  <attribute name= "Current Time Running" value="93067" />
  <attribute name="GC Util currently" value="124" />
  <attribute name="CPU Util currently" value="1627668377280" />
<exclusive-end id="3050" timestamp="2019-08-09T08:30:36.878" durationms="10.089" />

<exclusive-start id="3051" timestamp="2019-08-09T08:30:37.043" intervalms="174.402">
  <response-info timems="0.017" idlems="0.017" threads="0" lastid="0000000001033F00" lastname="main" />
</exclusive-start>
<allocation-taxation id="3052" taxation-threshold="119537664" timestamp="2019-08-09T08:30:37.043" intervalms="174.396" />
<cycle-start id="3053" type="partial gc" contextid="0" timestamp="2019-08-09T08:30:37.043" intervalms="174.383" />
<gc-start id="3054" type="partial gc" contextid="3053" timestamp="2019-08-09T08:30:37.043">
  <mem-info id="3055" free="146800640" total="450887680" percent="32">
    <mem type="eden" free="0" total="119537664" percent="0" />
    <remembered-set count="8320" freebytes="17992320" totalbytes="18025600" percent="99" regionsoverflowed="0" regionsstable="10" regionsrebuilding="0"/>
  </mem-info>
</gc-start>
<allocation-stats totalBytes="119475344" >
  <allocated-bytes non-tlh="0" tlh="119475344" arrayletleaf="0"/>
  <largest-consumer threadName="main" threadId="0000000001033F00" bytes="119475344" />
</allocation-stats>
<gc-op id="3056" type="copy forward" timems="8.192" contextid="3053" timestamp="2019-08-09T08:30:37.052">
  <memory-copied type="eden" objects="25" bytes="1328" bytesdiscarded="696" />
  <memory-copied type="other" objects="18" bytes="432" bytesdiscarded="1200" />
  <memory-cardclean objects="67" bytes="2328" />
  <regions eden="57" other="2" />
  <remembered-set-cleared processed="336" cleared="12" durationms="0.192" />
  <stringconstants candidates="13816" cleared="0"  />
</gc-op>
<gc-op id="3057" type="classunload" timems="0.009" contextid="3053" timestamp="2019-08-09T08:30:37.052">
  <classunload-info classloadercandidates="54" classloadersunloaded="0" classesunloaded="0" anonymousclassesunloaded="0" quiescems="0.000" setupms="0.009" scanms="0.000" postms="0.000" />
</gc-op>
<gc-end id="3058" type="partial gc" contextid="3053" durationms="9.720" usertimems="20.845" systemtimems="0.000" timestamp="2019-08-09T08:30:37.053" activeThreads="16">
  <mem-info id="3059" free="264241152" total="450887680" percent="58">
    <mem type="eden" free="2095128" total="2097152" percent="99" />
    <remembered-set count="8512" freebytes="17991552" totalbytes="18025600" percent="99" regionsoverflowed="0" regionsstable="10" regionsrebuilding="0"/>
  </mem-info>
</gc-end>
<cycle-end id="3060" type="partial gc" contextid="3053" timestamp="2019-08-09T08:30:37.053" />
  <attribute name="elasticGC enabled" value="1" />
  <attribute name= "numThreadsSpecified" value="16" />
  <attribute name="heapSize specified" value="0" />
  <attribute name="Current GC Util" value="116" />
  <attribute name= "Current Time Running" value="93242" />
  <attribute name ="GC Interval" value="0" />
  <attribute name="Target GC Util Change" value ="80.000000" />
  <attribute name="Current GC Util Change" value="116.000000"/>
  <attribute name="Current Error" value="62.000000" />
  <attribute name="Output H" value="450925560"/>
  <attribute name="Output I" value="2040"/>
  <attribute name="Output T" value="16"/>
  <attribute name= "Current Time Running" value="93242" />
  <attribute name="GC Util currently" value="116" />
  <attribute name="CPU Util currently" value="1219884583030" />
<exclusive-end id="3061" timestamp="2019-08-09T08:30:37.053" durationms="10.568" />

<exclusive-start id="3062" timestamp="2019-08-09T08:30:37.098" intervalms="55.505">
  <response-info timems="0.017" idlems="0.017" threads="0" lastid="0000000001033F00" lastname="main" />
</exclusive-start>
<allocation-taxation id="3063" taxation-threshold="119537664" timestamp="2019-08-09T08:30:37.098" intervalms="55.497" />
<cycle-start id="3064" type="partial gc" contextid="0" timestamp="2019-08-09T08:30:37.098" intervalms="55.519" />
<gc-start id="3065" type="partial gc" contextid="3064" timestamp="2019-08-09T08:30:37.098">
  <mem-info id="3066" free="144703488" total="450887680" percent="32">
    <mem type="eden" free="0" total="119537664" percent="0" />
    <remembered-set count="8064" freebytes="17993344" totalbytes="18025600" percent="99" regionsoverflowed="0" regionsstable="10" regionsrebuilding="0"/>
  </mem-info>
</gc-start>
<allocation-stats totalBytes="119373472" >
  <allocated-bytes non-tlh="0" tlh="119373472" arrayletleaf="0"/>
  <largest-consumer threadName="main" threadId="0000000001033F00" bytes="119373472" />
</allocation-stats>
<gc-op id="3067" type="copy forward" timems="10.018" contextid="3064" timestamp="2019-08-09T08:30:37.110">
  <memory-copied type="eden" objects="4" bytes="112" bytesdiscarded="680" />
  <memory-copied type="other" objects="27" bytes="1360" bytesdiscarded="1872" />
  <memory-cardclean objects="49" bytes="1936" />
  <regions eden="57" other="2" />
  <remembered-set-cleared processed="340" cleared="9" durationms="0.159" />
  <stringconstants candidates="13816" cleared="0"  />
</gc-op>
<gc-op id="3068" type="classunload" timems="0.010" contextid="3064" timestamp="2019-08-09T08:30:37.110">
  <classunload-info classloadercandidates="54" classloadersunloaded="0" classesunloaded="0" anonymousclassesunloaded="0" quiescems="0.000" setupms="0.010" scanms="0.000" postms="0.000" />
</gc-op>
<gc-end id="3069" type="partial gc" contextid="3064" durationms="11.694" usertimems="24.648" systemtimems="0.000" timestamp="2019-08-09T08:30:37.110" activeThreads="16">
  <mem-info id="3070" free="262144000" total="450887680" percent="58">
    <mem type="eden" free="2096360" total="2097152" percent="99" />
    <remembered-set count="9248" freebytes="17988608" totalbytes="18025600" percent="99" regionsoverflowed="0" regionsstable="10" regionsrebuilding="0"/>
  </mem-info>
</gc-end>
<cycle-end id="3071" type="partial gc" contextid="3064" timestamp="2019-08-09T08:30:37.110" />
  <attribute name="elasticGC enabled" value="1" />
  <attribute name= "numThreadsSpecified" value="16" />
  <attribute name="heapSize specified" value="0" />
  <attribute name="Current GC Util" value="121" />
  <attribute name= "Current Time Running" value="93297" />
  <attribute name ="GC Interval" value="0" />
  <attribute name="Target GC Util Change" value ="80.000000" />
  <attribute name="Current GC Util Change" value="121.000000"/>
  <attribute name="Current Error" value="65.000000" />
  <attribute name="Output H" value="450925560"/>
  <attribute name="Output I" value="2040"/>
  <attribute name="Output T" value="16"/>
  <attribute name= "Current Time Running" value="93297" />
  <attribute name="GC Util currently" value="121" />
  <attribute name="CPU Util currently" value="1366801251925" />
<exclusive-end id="3072" timestamp="2019-08-09T08:30:37.111" durationms="12.519" />

* Round 4 done in 3.168 seconds.

-------------------------------------------------------------------------------
Benchmark: 2019-08-09 08:30:12
-------------------------------------------------------------------------------

    Rounds: 4
    Warp:   10
    Timer:  time.time

Test                             minimum  average  operation  overhead
-------------------------------------------------------------------------------
          BuiltinFunctionCalls:     19ms     58ms    0.11us    0.000ms
           BuiltinMethodLookup:     42ms     88ms    0.08us    0.000ms
                 CompareFloats:     16ms    111ms    0.09us    0.000ms
         CompareFloatsIntegers:     21ms     80ms    0.09us    0.000ms
               CompareIntegers:     23ms     70ms    0.04us    0.000ms
        CompareInternedStrings:     42ms    132ms    0.09us    0.000ms
                  CompareLongs:     18ms     53ms    0.05us    0.000ms
                CompareStrings:     31ms     74ms    0.07us    0.000ms
                CompareUnicode:     24ms     53ms    0.07us    0.000ms
                 ConcatStrings:    257ms    385ms    0.77us    0.000ms
                 ConcatUnicode:    160ms    222ms    0.74us    0.000ms
               CreateInstances:     81ms    121ms    1.08us    0.000ms
            CreateNewInstances:    105ms    143ms    1.70us    0.000ms
       CreateStringsWithConcat:     95ms    166ms    0.17us    0.000ms
       CreateUnicodeWithConcat:     40ms     67ms    0.17us    0.000ms
                  DictCreation:     89ms    149ms    0.37us    0.000ms
             DictWithFloatKeys:     16ms    110ms    0.12us    0.000ms
           DictWithIntegerKeys:     19ms     53ms    0.04us    0.000ms
            DictWithStringKeys:     20ms     55ms    0.05us    0.000ms
                      ForLoops:     99ms    151ms    6.04us    0.000ms
                    IfThenElse:     23ms     98ms    0.07us    0.000ms
                   ListSlicing:     23ms     34ms    2.45us    0.000ms
                NestedForLoops:     87ms    174ms    0.12us    0.000ms
          NormalClassAttribute:     25ms     84ms    0.07us    0.000ms
       NormalInstanceAttribute:     24ms     66ms    0.06us    0.000ms
           PythonFunctionCalls:     47ms    109ms    0.33us    0.000ms
             PythonMethodCalls:     36ms     88ms    0.39us    0.000ms
                     Recursion:     42ms    141ms    2.81us    0.000ms
                  SecondImport:     38ms     83ms    0.83us    0.000ms
           SecondPackageImport:     39ms     93ms    0.93us    0.000ms
         SecondSubmoduleImport:     67ms     99ms    0.99us    0.000ms
       SimpleComplexArithmetic:     15ms     73ms    0.08us    0.000ms
        SimpleDictManipulation:     69ms    120ms    0.10us    0.000ms
         SimpleFloatArithmetic:     19ms    153ms    0.12us    0.000ms
      SimpleIntFloatArithmetic:     19ms     88ms    0.07us    0.000ms
       SimpleIntegerArithmetic:     19ms     76ms    0.06us    0.000ms
        SimpleListManipulation:     39ms     96ms    0.08us    0.000ms
          SimpleLongArithmetic:     23ms    115ms    0.17us    0.000ms
                    SmallLists:     66ms    106ms    0.16us    0.000ms
                   SmallTuples:     67ms    147ms    0.27us    0.000ms
         SpecialClassAttribute:     24ms     63ms    0.05us    0.000ms
      SpecialInstanceAttribute:     25ms     68ms    0.06us    0.000ms
                StringMappings:     92ms    209ms    0.83us    0.000ms
              StringPredicates:     39ms    110ms    0.16us    0.000ms
                 StringSlicing:     90ms    143ms    0.25us    0.000ms
                     TryExcept:      2ms     22ms    0.01us    0.000ms
                TryRaiseExcept:     98ms    131ms    2.05us    0.000ms
                  TupleSlicing:     31ms     57ms    0.22us    0.000ms
               UnicodeMappings:     88ms    183ms    5.08us    0.000ms
             UnicodePredicates:     43ms     94ms    0.17us    0.000ms
             UnicodeProperties:    365ms    504ms    1.26us    0.000ms
                UnicodeSlicing:     75ms    112ms    0.23us    0.000ms
-------------------------------------------------------------------------------
Totals:                           2976ms   6080ms

===== DaCapo 9.12-MR1 jython PASSED in 27285 msec =====
<exclusive-start id="3073" timestamp="2019-08-09T08:30:37.324" intervalms="225.892">
  <response-info timems="0.192" idlems="0.192" threads="0" lastid="0000000001033F00" lastname="main" />
</exclusive-start>
<allocation-taxation id="3074" taxation-threshold="119537664" timestamp="2019-08-09T08:30:37.324" intervalms="225.911" />
<cycle-start id="3075" type="partial gc" contextid="0" timestamp="2019-08-09T08:30:37.324" intervalms="225.899" />
<gc-start id="3076" type="partial gc" contextid="3075" timestamp="2019-08-09T08:30:37.324">
  <mem-info id="3077" free="142606336" total="450887680" percent="31">
    <mem type="eden" free="2377328" total="121634816" percent="1" />
    <remembered-set count="8768" freebytes="17990528" totalbytes="18025600" percent="99" regionsoverflowed="0" regionsstable="10" regionsrebuilding="0"/>
  </mem-info>
</gc-start>
<allocation-stats totalBytes="108898000" >
  <allocated-bytes non-tlh="12477456" tlh="96420544" arrayletleaf="0"/>
  <largest-consumer threadName="main" threadId="0000000001033F00" bytes="108898000" />
</allocation-stats>
<gc-op id="3078" type="copy forward" timems="12.123" contextid="3075" timestamp="2019-08-09T08:30:37.338">
  <memory-copied type="eden" objects="5011" bytes="674584" bytesdiscarded="117368" />
  <memory-copied type="other" objects="6" bytes="144" bytesdiscarded="648" />
  <memory-cardclean objects="657" bytes="41376" />
  <regions eden="57" other="2" />
  <remembered-set-cleared processed="342" cleared="24" durationms="0.184" />
  <finalization candidates="1" enqueued="1" />
  <ownableSynchronizers candidates="3" cleared="3" />
  <references type="soft" candidates="8" cleared="0" enqueued="0" dynamicThreshold="18" maxThreshold="32" />
  <references type="weak" candidates="75" cleared="0" enqueued="0" />
  <references type="phantom" candidates="38" cleared="0" enqueued="0" />
  <stringconstants candidates="14234" cleared="0"  />
</gc-op>
<gc-op id="3079" type="classunload" timems="0.012" contextid="3075" timestamp="2019-08-09T08:30:37.338">
  <classunload-info classloadercandidates="55" classloadersunloaded="0" classesunloaded="0" anonymousclassesunloaded="0" quiescems="0.000" setupms="0.012" scanms="0.000" postms="0.000" />
</gc-op>
<gc-end id="3080" type="partial gc" contextid="3075" durationms="13.826" usertimems="37.921" systemtimems="0.000" timestamp="2019-08-09T08:30:37.338" activeThreads="16">
  <mem-info id="3081" free="262144000" total="450887680" percent="58">
    <mem type="eden" free="1304616" total="2097152" percent="62" />
    <pending-finalizers system="1" default="0" reference="0" classloader="0" />
    <remembered-set count="9152" freebytes="17988992" totalbytes="18025600" percent="99" regionsoverflowed="0" regionsstable="10" regionsrebuilding="0"/>
  </mem-info>
</gc-end>
<cycle-end id="3082" type="partial gc" contextid="3075" timestamp="2019-08-09T08:30:37.338" />
  <attribute name="elasticGC enabled" value="1" />
  <attribute name= "numThreadsSpecified" value="16" />
  <attribute name="heapSize specified" value="0" />
  <attribute name="Current GC Util" value="123" />
  <attribute name= "Current Time Running" value="93523" />
  <attribute name ="GC Interval" value="0" />
  <attribute name="Target GC Util Change" value ="80.000000" />
  <attribute name="Current GC Util Change" value="123.000000"/>
  <attribute name="Current Error" value="27.000000" />
  <attribute name="Output H" value="450925536"/>
  <attribute name="Output I" value="2016"/>
  <attribute name="Output T" value="16"/>
  <attribute name= "Current Time Running" value="93523" />
  <attribute name="GC Util currently" value="123" />
  <attribute name="CPU Util currently" value="1508557964062" />
<exclusive-end id="3083" timestamp="2019-08-09T08:30:37.338" durationms="14.537" />

<exclusive-start id="3084" timestamp="2019-08-09T08:30:37.357" intervalms="33.587">
  <response-info timems="0.065" idlems="0.065" threads="0" lastid="0000000001033F00" lastname="main" />
</exclusive-start>
<sys-start reason="explicit" id="3085" timestamp="2019-08-09T08:30:37.358" intervalms="27528.592" />
<cycle-start id="3086" type="global garbage collect" contextid="0" timestamp="2019-08-09T08:30:37.358" intervalms="27528.635" />
<gc-start id="3087" type="global garbage collect" contextid="3086" timestamp="2019-08-09T08:30:37.358">
  <mem-info id="3088" free="167037664" total="450887680" percent="37">
    <mem type="eden" free="1362656" total="96468992" percent="1" />
    <remembered-set count="8672" freebytes="17990912" totalbytes="18025600" percent="99" regionsoverflowed="0" regionsstable="10" regionsrebuilding="0"/>
  </mem-info>
</gc-start>
<allocation-stats totalBytes="90782496" >
  <allocated-bytes non-tlh="62409848" tlh="28372648" arrayletleaf="0"/>
  <largest-consumer threadName="main" threadId="0000000001033F00" bytes="90782496" />
</allocation-stats>
<gc-op id="3089" type="global mark" timems="18.401" contextid="3086" timestamp="2019-08-09T08:30:37.376">
  <trace-info objectcount="609928" scancount="527295" scanbytes="13653132" />
  <finalization candidates="80" enqueued="0" />
  <ownableSynchronizers candidates="21" cleared="0" />
  <references type="soft" candidates="4738" cleared="0" enqueued="0" dynamicThreshold="18" maxThreshold="32" />
  <references type="weak" candidates="5856" cleared="91" enqueued="78" />
  <references type="phantom" candidates="133" cleared="11" enqueued="11" />
  <stringconstants candidates="14234" cleared="0"  />
</gc-op>
<gc-op id="3090" type="classunload" timems="0.009" contextid="3086" timestamp="2019-08-09T08:30:37.377">
  <classunload-info classloadercandidates="55" classloadersunloaded="0" classesunloaded="0" anonymousclassesunloaded="0" quiescems="0.000" setupms="0.008" scanms="0.000" postms="0.000" />
</gc-op>
<gc-op id="3091" type="sweep" timems="2.645" contextid="3086" timestamp="2019-08-09T08:30:37.380" />
<gc-op id="3092" type="compact" timems="25.355" contextid="3086" timestamp="2019-08-09T08:30:37.405">
  <compact-info movecount="609922" movebytes="18794344" />
  <remembered-set-cleared processed="111954" cleared="111954" durationms="0.642" />
</gc-op>
<heap-resize id="3093" type="contract" space="default" amount="23068672" count="1" timems="0.144" reason="excess free space following gc" timestamp="2019-08-09T08:30:37.405" />
<gc-end id="3094" type="global garbage collect" contextid="3086" durationms="47.675" usertimems="246.776" systemtimems="0.000" timestamp="2019-08-09T08:30:37.406" activeThreads="16">
  <mem-info id="3095" free="398458880" total="427819008" percent="93">
    <pending-finalizers system="0" default="0" reference="89" classloader="0" />
    <remembered-set count="46080" freebytes="17841280" totalbytes="18025600" percent="98" regionsoverflowed="0" regionsstable="0" regionsrebuilding="0"/>
  </mem-info>
</gc-end>
<cycle-end id="3096" type="global garbage collect" contextid="3086" timestamp="2019-08-09T08:30:37.406" />
  <attribute name="elasticGC enabled" value="1" />
  <attribute name= "numThreadsSpecified" value="16" />
  <attribute name="heapSize specified" value="0" />
  <attribute name="Current GC Util" value="178" />
  <attribute name= "Current Time Running" value="93578" />
  <attribute name ="GC Interval" value="0" />
  <attribute name="Target GC Util Change" value ="80.000000" />
  <attribute name="Current GC Util Change" value="178.000000"/>
  <attribute name="Current Error" value="-494.000000" />
  <attribute name="Output H" value="450925240"/>
  <attribute name="Output I" value="1720"/>
  <attribute name="Output T" value="16"/>
  <attribute name= "Current Time Running" value="93578" />
  <attribute name="GC Util currently" value="178" />
  <attribute name="CPU Util currently" value="404682938433" />
<sys-end id="3097" timestamp="2019-08-09T08:30:37.406" />
<exclusive-end id="3098" timestamp="2019-08-09T08:30:37.406" durationms="48.408" />

===== DaCapo 9.12-MR1 pmd starting =====
<exclusive-start id="3099" timestamp="2019-08-09T08:30:38.437" intervalms="1079.708">
  <response-info timems="0.352" idlems="0.182" threads="1" lastid="000000000135A200" lastname="PmdThread 14" />
</exclusive-start>
<allocation-taxation id="3100" taxation-threshold="113246208" timestamp="2019-08-09T08:30:38.437" intervalms="1113.289" />
<cycle-start id="3101" type="partial gc" contextid="0" timestamp="2019-08-09T08:30:38.437" intervalms="1113.299" />
<gc-start id="3102" type="partial gc" contextid="3101" timestamp="2019-08-09T08:30:38.438">
  <mem-info id="3103" free="285212672" total="427819008" percent="66">
    <mem type="eden" free="0" total="113246208" percent="0" />
    <remembered-set count="46016" freebytes="17841536" totalbytes="18025600" percent="98" regionsoverflowed="0" regionsstable="0" regionsrebuilding="0"/>
  </mem-info>
</gc-start>
<allocation-stats totalBytes="113160992" >
  <allocated-bytes non-tlh="601040" tlh="112559952" arrayletleaf="0"/>
  <largest-consumer threadName="PmdThread 13" threadId="0000000001378100" bytes="10285328" />
</allocation-stats>
<gc-op id="3104" type="copy forward" timems="21.431" contextid="3101" timestamp="2019-08-09T08:30:38.462">
  <memory-copied type="eden" objects="230859" bytes="11269792" bytesdiscarded="1020296" />
  <memory-copied type="other" objects="0" bytes="0" bytesdiscarded="0" />
  <memory-cardclean objects="1649" bytes="81192" />
  <regions eden="54" other="0" />
  <remembered-set-cleared processed="40901" cleared="279" durationms="0.177" />
  <finalization candidates="4" enqueued="0" />
  <ownableSynchronizers candidates="19" cleared="0" />
  <references type="soft" candidates="142" cleared="0" enqueued="0" dynamicThreshold="29" maxThreshold="32" />
  <references type="weak" candidates="1674" cleared="0" enqueued="0" />
  <references type="phantom" candidates="384" cleared="0" enqueued="0" />
  <stringconstants candidates="15731" cleared="5"  />
</gc-op>
<gc-op id="3105" type="classunload" timems="0.541" contextid="3101" timestamp="2019-08-09T08:30:38.462">
  <classunload-info classloadercandidates="59" classloadersunloaded="1" classesunloaded="1" anonymousclassesunloaded="0" quiescems="0.000" setupms="0.517" scanms="0.019" postms="0.005" />
</gc-op>
<heap-resize id="3106" type="contract" space="default" amount="23068672" count="1" timems="0.193" reason="excess free space following gc" timestamp="2019-08-09T08:30:38.463" />
<gc-end id="3107" type="partial gc" contextid="3101" durationms="25.161" usertimems="69.773" systemtimems="22.489" timestamp="2019-08-09T08:30:38.463" activeThreads="16">
  <mem-info id="3108" free="362807296" total="404750336" percent="89">
    <mem type="eden" free="254848" total="12582912" percent="2" />
    <remembered-set count="71328" freebytes="16818048" totalbytes="17103360" percent="98" regionsoverflowed="0" regionsstable="0" regionsrebuilding="0"/>
  </mem-info>
</gc-end>
<cycle-end id="3109" type="partial gc" contextid="3101" timestamp="2019-08-09T08:30:38.464" />
  <attribute name="elasticGC enabled" value="1" />
  <attribute name= "numThreadsSpecified" value="16" />
  <attribute name="heapSize specified" value="0" />
  <attribute name="Current GC Util" value="70" />
  <attribute name= "Current Time Running" value="94638" />
  <attribute name ="GC Interval" value="0" />
  <attribute name="Target GC Util Change" value ="80.000000" />
  <attribute name="Current GC Util Change" value="70.000000"/>
  <attribute name="Current Error" value="10.000000" />
  <attribute name="Output H" value="427856856"/>
  <attribute name="Output I" value="2008"/>
  <attribute name="Output T" value="16"/>
  <attribute name= "Current Time Running" value="94638" />
  <attribute name="GC Util currently" value="70" />
  <attribute name="CPU Util currently" value="517351972154" />
<exclusive-end id="3110" timestamp="2019-08-09T08:30:38.464" durationms="27.015" />

<exclusive-start id="3111" timestamp="2019-08-09T08:30:38.659" intervalms="221.671">
  <response-info timems="1.203" idlems="1.203" threads="0" lastid="000000000131E300" lastname="PmdThread 7" />
</exclusive-start>
<allocation-taxation id="3112" taxation-threshold="106954752" timestamp="2019-08-09T08:30:38.659" intervalms="221.657" />
<cycle-start id="3113" type="partial gc" contextid="0" timestamp="2019-08-09T08:30:38.659" intervalms="221.632" />
<gc-start id="3114" type="partial gc" contextid="3113" timestamp="2019-08-09T08:30:38.659">
  <mem-info id="3115" free="255852544" total="404750336" percent="63">
    <mem type="eden" free="0" total="106954752" percent="0" />
    <remembered-set count="18528" freebytes="17029248" totalbytes="17103360" percent="99" regionsoverflowed="0" regionsstable="8" regionsrebuilding="0"/>
  </mem-info>
</gc-start>
<allocation-stats totalBytes="106916592" >
  <allocated-bytes non-tlh="23712" tlh="106892880" arrayletleaf="0"/>
  <largest-consumer threadName="PmdThread 8" threadId="0000000001347600" bytes="23080152" />
</allocation-stats>
<gc-op id="3116" type="copy forward" timems="28.094" contextid="3113" timestamp="2019-08-09T08:30:38.689">
  <memory-copied type="eden" objects="339963" bytes="14305656" bytesdiscarded="1171768" />
  <memory-copied type="other" objects="143806" bytes="6038768" bytesdiscarded="605960" />
  <memory-cardclean objects="793" bytes="47368" />
  <regions eden="51" other="6" />
  <remembered-set-cleared processed="1976" cleared="942" durationms="0.093" />
  <finalization candidates="4" enqueued="0" />
  <ownableSynchronizers candidates="19" cleared="0" />
  <references type="soft" candidates="153" cleared="0" enqueued="0" dynamicThreshold="28" maxThreshold="32" />
  <references type="weak" candidates="2480" cleared="0" enqueued="0" />
  <references type="phantom" candidates="610" cleared="0" enqueued="0" />
  <stringconstants candidates="15843" cleared="0"  />
</gc-op>
<gc-op id="3117" type="classunload" timems="0.010" contextid="3113" timestamp="2019-08-09T08:30:38.690">
  <classunload-info classloadercandidates="58" classloadersunloaded="0" classesunloaded="0" anonymousclassesunloaded="0" quiescems="0.000" setupms="0.009" scanms="0.000" postms="0.000" />
</gc-op>
<heap-resize id="3118" type="contract" space="default" amount="20971520" count="1" timems="0.162" reason="excess free space following gc" timestamp="2019-08-09T08:30:38.690" />
<gc-end id="3119" type="partial gc" contextid="3113" durationms="30.737" usertimems="107.459" systemtimems="2.872" timestamp="2019-08-09T08:30:38.690" activeThreads="16">
  <mem-info id="3120" free="329252864" total="383778816" percent="85">
    <mem type="eden" free="1263616" total="16777216" percent="7" />
    <remembered-set count="37408" freebytes="16031488" totalbytes="16181120" percent="99" regionsoverflowed="0" regionsstable="8" regionsrebuilding="0"/>
  </mem-info>
</gc-end>
<cycle-end id="3121" type="partial gc" contextid="3113" timestamp="2019-08-09T08:30:38.690" />
  <attribute name="elasticGC enabled" value="1" />
  <attribute name= "numThreadsSpecified" value="16" />
  <attribute name="heapSize specified" value="0" />
  <attribute name="Current GC Util" value="73" />
  <attribute name= "Current Time Running" value="94859" />
  <attribute name ="GC Interval" value="0" />
  <attribute name="Target GC Util Change" value ="80.000000" />
  <attribute name="Current GC Util Change" value="73.000000"/>
  <attribute name="Current Error" value="56.000000" />
  <attribute name="Output H" value="404788208"/>
  <attribute name="Output I" value="2032"/>
  <attribute name="Output T" value="16"/>
  <attribute name= "Current Time Running" value="94859" />
  <attribute name="GC Util currently" value="73" />
  <attribute name="CPU Util currently" value="603504677973" />
<exclusive-end id="3122" timestamp="2019-08-09T08:30:38.690" durationms="31.533" />

<exclusive-start id="3123" timestamp="2019-08-09T08:30:38.876" intervalms="217.321">
  <response-info timems="0.459" idlems="0.459" threads="0" lastid="000000000135A200" lastname="PmdThread 14" />
</exclusive-start>
<allocation-taxation id="3124" taxation-threshold="102760448" timestamp="2019-08-09T08:30:38.876" intervalms="217.415" />
<cycle-start id="3125" type="partial gc" contextid="0" timestamp="2019-08-09T08:30:38.877" intervalms="217.515" />
<gc-start id="3126" type="partial gc" contextid="3125" timestamp="2019-08-09T08:30:38.877">
  <mem-info id="3127" free="226492416" total="383778816" percent="59">
    <mem type="eden" free="0" total="102760448" percent="0" />
    <remembered-set count="36928" freebytes="16033408" totalbytes="16181120" percent="99" regionsoverflowed="0" regionsstable="8" regionsrebuilding="0"/>
  </mem-info>
</gc-start>
<allocation-stats totalBytes="102725736" >
  <allocated-bytes non-tlh="16400" tlh="102709336" arrayletleaf="0"/>
  <largest-consumer threadName="PmdThread 13" threadId="0000000001378100" bytes="12974008" />
</allocation-stats>
<gc-op id="3128" type="copy forward" timems="29.309" contextid="3125" timestamp="2019-08-09T08:30:38.909">
  <memory-copied type="eden" objects="201931" bytes="9198272" bytesdiscarded="1243360" />
  <memory-copied type="other" objects="370186" bytes="14724728" bytesdiscarded="1518080" />
  <memory-cardclean objects="2403" bytes="99520" />
  <regions eden="49" other="11" />
  <remembered-set-cleared processed="1960" cleared="911" durationms="0.572" />
  <finalization candidates="4" enqueued="0" />
  <ownableSynchronizers candidates="19" cleared="0" />
  <references type="soft" candidates="151" cleared="0" enqueued="0" dynamicThreshold="27" maxThreshold="32" />
  <references type="weak" candidates="2395" cleared="0" enqueued="0" />
  <references type="phantom" candidates="847" cleared="0" enqueued="0" />
  <stringconstants candidates="15928" cleared="0"  />
</gc-op>
<gc-op id="3129" type="classunload" timems="0.012" contextid="3125" timestamp="2019-08-09T08:30:38.909">
  <classunload-info classloadercandidates="58" classloadersunloaded="0" classesunloaded="0" anonymousclassesunloaded="0" quiescems="0.000" setupms="0.012" scanms="0.000" postms="0.000" />
</gc-op>
<heap-resize id="3130" type="contract" space="default" amount="20971520" count="1" timems="0.212" reason="excess free space following gc" timestamp="2019-08-09T08:30:38.909" />
<gc-end id="3131" type="partial gc" contextid="3125" durationms="32.078" usertimems="130.165" systemtimems="6.878" timestamp="2019-08-09T08:30:38.909" activeThreads="16">
  <mem-info id="3132" free="301989888" total="362807296" percent="83">
    <mem type="eden" free="2121640" total="12582912" percent="16" />
    <remembered-set count="50240" freebytes="15141760" totalbytes="15342720" percent="98" regionsoverflowed="0" regionsstable="8" regionsrebuilding="0"/>
  </mem-info>
</gc-end>
<cycle-end id="3133" type="partial gc" contextid="3125" timestamp="2019-08-09T08:30:38.909" />
  <attribute name="elasticGC enabled" value="1" />
  <attribute name= "numThreadsSpecified" value="16" />
  <attribute name="heapSize specified" value="0" />
  <attribute name="Current GC Util" value="49" />
  <attribute name= "Current Time Running" value="95077" />
  <attribute name ="GC Interval" value="0" />
  <attribute name="Target GC Util Change" value ="80.000000" />
  <attribute name="Current GC Util Change" value="49.000000"/>
  <attribute name="Current Error" value="117.000000" />
  <attribute name="Output H" value="383816728"/>
  <attribute name="Output I" value="2072"/>
  <attribute name="Output T" value="16"/>
  <attribute name= "Current Time Running" value="95077" />
  <attribute name="GC Util currently" value="49" />
  <attribute name="CPU Util currently" value="570976498484" />
<exclusive-end id="3134" timestamp="2019-08-09T08:30:38.909" durationms="33.139" />

<exclusive-start id="3135" timestamp="2019-08-09T08:30:39.081" intervalms="204.911">
  <response-info timems="0.463" idlems="0.463" threads="0" lastid="000000000131E300" lastname="PmdThread 7" />
</exclusive-start>
<allocation-taxation id="3136" taxation-threshold="96468992" timestamp="2019-08-09T08:30:39.081" intervalms="204.821" />
<cycle-start id="3137" type="partial gc" contextid="0" timestamp="2019-08-09T08:30:39.081" intervalms="204.720" />
<gc-start id="3138" type="partial gc" contextid="3137" timestamp="2019-08-09T08:30:39.081">
  <mem-info id="3139" free="205520896" total="362807296" percent="56">
    <mem type="eden" free="0" total="96468992" percent="0" />
    <remembered-set count="50208" freebytes="15141888" totalbytes="15342720" percent="98" regionsoverflowed="0" regionsstable="8" regionsrebuilding="0"/>
  </mem-info>
</gc-start>
<allocation-stats totalBytes="96429024" >
  <allocated-bytes non-tlh="489584" tlh="95939440" arrayletleaf="0"/>
  <largest-consumer threadName="PmdThread 10" threadId="000000000131A700" bytes="9000464" />
</allocation-stats>
<gc-op id="3140" type="copy forward" timems="23.888" contextid="3137" timestamp="2019-08-09T08:30:39.107">
  <memory-copied type="eden" objects="104502" bytes="5983496" bytesdiscarded="1072832" />
  <memory-copied type="other" objects="363301" bytes="14080360" bytesdiscarded="1388888" />
  <memory-cardclean objects="37455" bytes="1693208" />
  <regions eden="46" other="10" />
  <remembered-set-cleared processed="26016" cleared="19066" durationms="0.317" />
  <finalization candidates="2" enqueued="0" />
  <references type="soft" candidates="123" cleared="0" enqueued="0" dynamicThreshold="26" maxThreshold="32" />
  <references type="weak" candidates="1605" cleared="0" enqueued="0" />
  <references type="phantom" candidates="500" cleared="0" enqueued="0" />
  <stringconstants candidates="16014" cleared="0"  />
</gc-op>
<gc-op id="3141" type="classunload" timems="0.010" contextid="3137" timestamp="2019-08-09T08:30:39.107">
  <classunload-info classloadercandidates="58" classloadersunloaded="0" classesunloaded="0" anonymousclassesunloaded="0" quiescems="0.000" setupms="0.010" scanms="0.000" postms="0.000" />
</gc-op>
<heap-resize id="3142" type="contract" space="default" amount="18874368" count="1" timems="0.126" reason="excess free space following gc" timestamp="2019-08-09T08:30:39.108" />
<gc-end id="3143" type="partial gc" contextid="3137" durationms="26.157" usertimems="128.764" systemtimems="3.288" timestamp="2019-08-09T08:30:39.108" activeThreads="16">
  <mem-info id="3144" free="278921216" total="343932928" percent="81">
    <mem type="eden" free="1303032" total="8388608" percent="15" />
    <remembered-set count="56192" freebytes="14279552" totalbytes="14504320" percent="98" regionsoverflowed="0" regionsstable="8" regionsrebuilding="0"/>
  </mem-info>
</gc-end>
<cycle-end id="3145" type="partial gc" contextid="3137" timestamp="2019-08-09T08:30:39.108" />
  <attribute name="elasticGC enabled" value="1" />
  <attribute name= "numThreadsSpecified" value="16" />
  <attribute name="heapSize specified" value="0" />
  <attribute name="Current GC Util" value="61" />
  <attribute name= "Current Time Running" value="95281" />
  <attribute name ="GC Interval" value="0" />
  <attribute name="Target GC Util Change" value ="80.000000" />
  <attribute name="Current GC Util Change" value="61.000000"/>
  <attribute name="Current Error" value="19.000000" />
  <attribute name="Output H" value="362845152"/>
  <attribute name="Output I" value="2016"/>
  <attribute name="Output T" value="16"/>
  <attribute name= "Current Time Running" value="95281" />
  <attribute name="GC Util currently" value="61" />
  <attribute name="CPU Util currently" value="704963608834" />
<exclusive-end id="3146" timestamp="2019-08-09T08:30:39.108" durationms="26.797" />

<exclusive-start id="3147" timestamp="2019-08-09T08:30:39.263" intervalms="182.241">
  <response-info timems="0.180" idlems="0.180" threads="0" lastid="000000000131A700" lastname="PmdThread 10" />
</exclusive-start>
<allocation-taxation id="3148" taxation-threshold="92274688" timestamp="2019-08-09T08:30:39.263" intervalms="182.243" />
<cycle-start id="3149" type="partial gc" contextid="0" timestamp="2019-08-09T08:30:39.263" intervalms="182.245" />
<gc-start id="3150" type="partial gc" contextid="3149" timestamp="2019-08-09T08:30:39.264">
  <mem-info id="3151" free="186646528" total="343932928" percent="54">
    <mem type="eden" free="0" total="92274688" percent="0" />
    <remembered-set count="55776" freebytes="14281216" totalbytes="14504320" percent="98" regionsoverflowed="0" regionsstable="8" regionsrebuilding="0"/>
  </mem-info>
</gc-start>
<allocation-stats totalBytes="92229112" >
  <allocated-bytes non-tlh="13968" tlh="92215144" arrayletleaf="0"/>
  <largest-consumer threadName="PmdThread 13" threadId="0000000001378100" bytes="8205208" />
</allocation-stats>
<gc-op id="3152" type="copy forward" timems="21.324" contextid="3149" timestamp="2019-08-09T08:30:39.287">
  <memory-copied type="eden" objects="108659" bytes="6277184" bytesdiscarded="934520" />
  <memory-copied type="other" objects="173049" bytes="6911944" bytesdiscarded="704928" />
  <memory-cardclean objects="69039" bytes="3249992" />
  <regions eden="44" other="8" />
  <remembered-set-cleared processed="36224" cleared="17261" durationms="0.298" />
  <finalization candidates="3" enqueued="0" />
  <references type="soft" candidates="80" cleared="0" enqueued="0" dynamicThreshold="25" maxThreshold="32" />
  <references type="weak" candidates="3295" cleared="0" enqueued="0" />
  <references type="phantom" candidates="758" cleared="0" enqueued="0" />
  <stringconstants candidates="16089" cleared="0"  />
</gc-op>
<gc-op id="3153" type="classunload" timems="0.010" contextid="3149" timestamp="2019-08-09T08:30:39.287">
  <classunload-info classloadercandidates="58" classloadersunloaded="0" classesunloaded="0" anonymousclassesunloaded="0" quiescems="0.000" setupms="0.010" scanms="0.000" postms="0.000" />
</gc-op>
<heap-resize id="3154" type="contract" space="default" amount="18874368" count="1" timems="0.147" reason="excess free space following gc" timestamp="2019-08-09T08:30:39.287" />
<gc-end id="3155" type="partial gc" contextid="3149" durationms="23.627" usertimems="73.397" systemtimems="12.017" timestamp="2019-08-09T08:30:39.287" activeThreads="16">
  <mem-info id="3156" free="257949696" total="325058560" percent="79">
    <mem type="eden" free="1161128" total="8388608" percent="13" />
    <remembered-set count="59104" freebytes="13513344" totalbytes="13749760" percent="98" regionsoverflowed="0" regionsstable="8" regionsrebuilding="0"/>
  </mem-info>
</gc-end>
<cycle-end id="3157" type="partial gc" contextid="3149" timestamp="2019-08-09T08:30:39.288" />
  <attribute name="elasticGC enabled" value="1" />
  <attribute name= "numThreadsSpecified" value="16" />
  <attribute name="heapSize specified" value="0" />
  <attribute name="Current GC Util" value="64" />
  <attribute name= "Current Time Running" value="95463" />
  <attribute name ="GC Interval" value="0" />
  <attribute name="Target GC Util Change" value ="80.000000" />
  <attribute name="Current GC Util Change" value="64.000000"/>
  <attribute name="Current Error" value="45.000000" />
  <attribute name="Output H" value="343970800"/>
  <attribute name="Output I" value="2032"/>
  <attribute name="Output T" value="16"/>
  <attribute name= "Current Time Running" value="95463" />
  <attribute name="GC Util currently" value="64" />
  <attribute name="CPU Util currently" value="793133768599" />
<exclusive-end id="3158" timestamp="2019-08-09T08:30:39.288" durationms="24.351" />

<exclusive-start id="3159" timestamp="2019-08-09T08:30:39.588" intervalms="325.068">
  <response-info timems="0.046" idlems="0.046" threads="0" lastid="0000000001347600" lastname="PmdThread 8" />
</exclusive-start>
<allocation-taxation id="3160" taxation-threshold="88080384" timestamp="2019-08-09T08:30:39.589" intervalms="325.261" />
<cycle-start id="3161" type="partial gc" contextid="0" timestamp="2019-08-09T08:30:39.589" intervalms="325.389" />
<gc-start id="3162" type="partial gc" contextid="3161" timestamp="2019-08-09T08:30:39.589">
  <mem-info id="3163" free="169869312" total="325058560" percent="52">
    <mem type="eden" free="0" total="88080384" percent="0" />
    <remembered-set count="58944" freebytes="13513984" totalbytes="13749760" percent="98" regionsoverflowed="0" regionsstable="8" regionsrebuilding="0"/>
  </mem-info>
</gc-start>
<allocation-stats totalBytes="88002384" >
  <allocated-bytes non-tlh="14288" tlh="87988096" arrayletleaf="0"/>
  <largest-consumer threadName="PmdThread 8" threadId="0000000001347600" bytes="56415280" />
</allocation-stats>
<gc-op id="3164" type="copy forward" timems="15.550" contextid="3161" timestamp="2019-08-09T08:30:39.607">
  <memory-copied type="eden" objects="34291" bytes="2085576" bytesdiscarded="334952" />
  <memory-copied type="other" objects="187223" bytes="8651000" bytesdiscarded="541584" />
  <memory-cardclean objects="128472" bytes="5575192" />
  <regions eden="42" other="8" />
  <remembered-set-cleared processed="37781" cleared="25605" durationms="0.275" />
  <references type="soft" candidates="13" cleared="0" enqueued="0" dynamicThreshold="25" maxThreshold="32" />
  <references type="weak" candidates="4031" cleared="0" enqueued="0" />
  <references type="phantom" candidates="848" cleared="0" enqueued="0" />
  <stringconstants candidates="16169" cleared="0"  />
</gc-op>
<gc-op id="3165" type="classunload" timems="0.010" contextid="3161" timestamp="2019-08-09T08:30:39.607">
  <classunload-info classloadercandidates="58" classloadersunloaded="0" classesunloaded="0" anonymousclassesunloaded="0" quiescems="0.000" setupms="0.010" scanms="0.000" postms="0.000" />
</gc-op>
<heap-resize id="3166" type="contract" space="default" amount="16777216" count="1" timems="0.412" reason="excess free space following gc" timestamp="2019-08-09T08:30:39.607" />
<gc-end id="3167" type="partial gc" contextid="3161" durationms="18.049" usertimems="74.911" systemtimems="9.956" timestamp="2019-08-09T08:30:39.607" activeThreads="16">
  <mem-info id="3168" free="243269632" total="308281344" percent="78">
    <mem type="eden" free="1757168" total="4194304" percent="41" />
    <remembered-set count="63584" freebytes="12740864" totalbytes="12995200" percent="98" regionsoverflowed="0" regionsstable="8" regionsrebuilding="0"/>
  </mem-info>
</gc-end>
<cycle-end id="3169" type="partial gc" contextid="3161" timestamp="2019-08-09T08:30:39.607" />
  <attribute name="elasticGC enabled" value="1" />
  <attribute name= "numThreadsSpecified" value="16" />
  <attribute name="heapSize specified" value="0" />
  <attribute name="Current GC Util" value="83" />
  <attribute name= "Current Time Running" value="95789" />
  <attribute name ="GC Interval" value="0" />
  <attribute name="Target GC Util Change" value ="80.000000" />
  <attribute name="Current GC Util Change" value="83.000000"/>
  <attribute name="Current Error" value="96.000000" />
  <attribute name="Output H" value="325096456"/>
  <attribute name="Output I" value="2056"/>
  <attribute name="Output T" value="16"/>
  <attribute name= "Current Time Running" value="95789" />
  <attribute name="GC Util currently" value="83" />
  <attribute name="CPU Util currently" value="747622071272" />
<exclusive-end id="3170" timestamp="2019-08-09T08:30:39.607" durationms="19.067" />

===== DaCapo 9.12-MR1 pmd PASSED in 2365 msec =====
Using scaled threading model. 16 processors detected, 16 threads used to drive the workload, in a possible range of [1,512]
<exclusive-start id="3171" timestamp="2019-08-09T08:30:39.900" intervalms="311.087">
  <response-info timems="0.017" idlems="0.017" threads="0" lastid="0000000001033F00" lastname="main" />
</exclusive-start>
<sys-start reason="explicit" id="3172" timestamp="2019-08-09T08:30:39.900" intervalms="2542.016" />
<cycle-start id="3173" type="global garbage collect" contextid="0" timestamp="2019-08-09T08:30:39.900" intervalms="2541.959" />
<gc-start id="3174" type="global garbage collect" contextid="3173" timestamp="2019-08-09T08:30:39.900">
  <mem-info id="3175" free="219676664" total="308281344" percent="71">
    <mem type="eden" free="1572856" total="25165824" percent="6" />
    <remembered-set count="63360" freebytes="12741760" totalbytes="12995200" percent="98" regionsoverflowed="0" regionsstable="8" regionsrebuilding="0"/>
  </mem-info>
</gc-start>
<allocation-stats totalBytes="23586384" >
  <allocated-bytes non-tlh="2915624" tlh="20670760" arrayletleaf="0"/>
  <largest-consumer threadName="main" threadId="0000000001033F00" bytes="9694008" />
</allocation-stats>
<gc-op id="3176" type="global mark" timems="14.058" contextid="3173" timestamp="2019-08-09T08:30:39.914">
  <trace-info objectcount="637905" scancount="550523" scanbytes="14396312" />
  <finalization candidates="152" enqueued="1" />
  <ownableSynchronizers candidates="42" cleared="19" />
  <references type="soft" candidates="4772" cleared="0" enqueued="0" dynamicThreshold="25" maxThreshold="32" />
  <references type="weak" candidates="12183" cleared="5938" enqueued="5863" />
  <references type="phantom" candidates="1599" cleared="746" enqueued="746" />
  <stringconstants candidates="16365" cleared="1766"  />
</gc-op>
<gc-op id="3177" type="classunload" timems="18.235" contextid="3173" timestamp="2019-08-09T08:30:39.932">
  <classunload-info classloadercandidates="59" classloadersunloaded="4" classesunloaded="1006" anonymousclassesunloaded="0" quiescems="0.000" setupms="6.834" scanms="11.343" postms="0.057" />
</gc-op>
<gc-op id="3178" type="sweep" timems="2.203" contextid="3173" timestamp="2019-08-09T08:30:39.935" />
<gc-op id="3179" type="compact" timems="34.713" contextid="3173" timestamp="2019-08-09T08:30:39.970">
  <compact-info movecount="637861" movebytes="22693256" />
  <remembered-set-cleared processed="130314" cleared="130314" durationms="0.499" />
</gc-op>
<heap-resize id="3180" type="contract" space="default" amount="16777216" count="1" timems="0.662" reason="excess free space following gc" timestamp="2019-08-09T08:30:39.971" />
<gc-end id="3181" type="global garbage collect" contextid="3173" durationms="71.006" usertimems="186.557" systemtimems="17.990" timestamp="2019-08-09T08:30:39.971" activeThreads="16">
  <mem-info id="3182" free="255852544" total="291504128" percent="87">
    <pending-finalizers system="1" default="0" reference="6609" classloader="0" />
    <remembered-set count="51712" freebytes="12788352" totalbytes="12995200" percent="98" regionsoverflowed="0" regionsstable="0" regionsrebuilding="0"/>
  </mem-info>
</gc-end>
<cycle-end id="3183" type="global garbage collect" contextid="3173" timestamp="2019-08-09T08:30:39.973" />
  <attribute name="elasticGC enabled" value="1" />
  <attribute name= "numThreadsSpecified" value="16" />
  <attribute name="heapSize specified" value="0" />
  <attribute name="Current GC Util" value="193" />
  <attribute name= "Current Time Running" value="96133" />
  <attribute name ="GC Interval" value="0" />
  <attribute name="Target GC Util Change" value ="80.000000" />
  <attribute name="Current GC Util Change" value="193.000000"/>
  <attribute name="Current Error" value="-239.000000" />
  <attribute name="Output H" value="308319048"/>
  <attribute name="Output I" value="1864"/>
  <attribute name="Output T" value="16"/>
  <attribute name= "Current Time Running" value="96133" />
  <attribute name="GC Util currently" value="193" />
  <attribute name="CPU Util currently" value="495000902603" />
<sys-end id="3184" timestamp="2019-08-09T08:30:39.973" />
<exclusive-end id="3185" timestamp="2019-08-09T08:30:39.973" durationms="73.195" />

===== DaCapo 9.12-MR1 sunflow starting =====
<exclusive-start id="3186" timestamp="2019-08-09T08:30:40.369" intervalms="469.996">
  <response-info timems="1.717" idlems="0.639" threads="2" lastid="0000000001330F00" lastname="Thread-34" />
</exclusive-start>
<allocation-taxation id="3187" taxation-threshold="79691776" timestamp="2019-08-09T08:30:40.370" intervalms="780.902" />
<cycle-start id="3188" type="partial gc" contextid="0" timestamp="2019-08-09T08:30:40.370" intervalms="780.820" />
<gc-start id="3189" type="partial gc" contextid="3188" timestamp="2019-08-09T08:30:40.370">
  <mem-info id="3190" free="176160768" total="291504128" percent="60">
    <mem type="eden" free="0" total="79691776" percent="0" />
    <remembered-set count="51584" freebytes="12788864" totalbytes="12995200" percent="98" regionsoverflowed="0" regionsstable="0" regionsrebuilding="0"/>
  </mem-info>
</gc-start>
<allocation-stats totalBytes="79617872" >
  <allocated-bytes non-tlh="3325576" tlh="76292296" arrayletleaf="0"/>
  <largest-consumer threadName="Thread-21" threadId="000000000131E300" bytes="6400176" />
</allocation-stats>
<gc-op id="3191" type="copy forward" timems="12.239" contextid="3188" timestamp="2019-08-09T08:30:40.384">
  <memory-copied type="eden" objects="113449" bytes="6545168" bytesdiscarded="1115736" />
  <memory-copied type="other" objects="0" bytes="0" bytesdiscarded="0" />
  <memory-cardclean objects="89802" bytes="3205480" />
  <regions eden="38" other="0" />
  <remembered-set-cleared processed="35833" cleared="7364" durationms="0.223" />
  <references type="soft" candidates="15" cleared="0" enqueued="0" dynamicThreshold="28" maxThreshold="32" />
  <references type="weak" candidates="38" cleared="0" enqueued="0" />
  <references type="phantom" candidates="2" cleared="0" enqueued="0" />
  <stringconstants candidates="15152" cleared="1"  />
</gc-op>
<gc-op id="3192" type="classunload" timems="0.010" contextid="3188" timestamp="2019-08-09T08:30:40.384">
  <classunload-info classloadercandidates="55" classloadersunloaded="0" classesunloaded="0" anonymousclassesunloaded="0" quiescems="0.000" setupms="0.010" scanms="0.000" postms="0.000" />
</gc-op>
<heap-resize id="3193" type="contract" space="default" amount="14680064" count="1" timems="0.617" reason="excess free space following gc" timestamp="2019-08-09T08:30:40.385" />
<gc-end id="3194" type="partial gc" contextid="3188" durationms="14.752" usertimems="49.778" systemtimems="0.000" timestamp="2019-08-09T08:30:40.385" activeThreads="16">
  <mem-info id="3195" free="230686720" total="276824064" percent="83">
    <mem type="eden" free="2824344" total="10485760" percent="26" />
    <remembered-set count="58016" freebytes="11421696" totalbytes="11653760" percent="98" regionsoverflowed="0" regionsstable="0" regionsrebuilding="0"/>
  </mem-info>
</gc-end>
<cycle-end id="3196" type="partial gc" contextid="3188" timestamp="2019-08-09T08:30:40.385" />
  <attribute name="elasticGC enabled" value="1" />
  <attribute name= "numThreadsSpecified" value="16" />
  <attribute name="heapSize specified" value="0" />
  <attribute name="Current GC Util" value="68" />
  <attribute name= "Current Time Running" value="96569" />
  <attribute name ="GC Interval" value="0" />
  <attribute name="Target GC Util Change" value ="80.000000" />
  <attribute name="Current GC Util Change" value="68.000000"/>
  <attribute name="Current Error" value="-170.000000" />
  <attribute name="Output H" value="291541872"/>
  <attribute name="Output I" value="1904"/>
  <attribute name="Output T" value="16"/>
  <attribute name= "Current Time Running" value="96569" />
  <attribute name="GC Util currently" value="68" />
  <attribute name="CPU Util currently" value="805346138472" />
<exclusive-end id="3197" timestamp="2019-08-09T08:30:40.385" durationms="15.654" />

<exclusive-start id="3198" timestamp="2019-08-09T08:30:40.493" intervalms="123.938">
  <response-info timems="2.607" idlems="2.607" threads="0" lastid="0000000001369100" lastname="Thread-32" />
</exclusive-start>
<allocation-taxation id="3199" taxation-threshold="75497472" timestamp="2019-08-09T08:30:40.494" intervalms="124.091" />
<cycle-start id="3200" type="partial gc" contextid="0" timestamp="2019-08-09T08:30:40.494" intervalms="124.112" />
<gc-start id="3201" type="partial gc" contextid="3200" timestamp="2019-08-09T08:30:40.494">
  <mem-info id="3202" free="155189248" total="276824064" percent="56">
    <mem type="eden" free="0" total="75497472" percent="0" />
    <remembered-set count="12128" freebytes="11605248" totalbytes="11653760" percent="99" regionsoverflowed="0" regionsstable="9" regionsrebuilding="0"/>
  </mem-info>
</gc-start>
<allocation-stats totalBytes="75488016" >
  <allocated-bytes non-tlh="168" tlh="75487848" arrayletleaf="0"/>
  <largest-consumer threadName="Thread-31" threadId="0000000001356600" bytes="8498344" />
</allocation-stats>
<gc-op id="3203" type="copy forward" timems="11.682" contextid="3200" timestamp="2019-08-09T08:30:40.508">
  <memory-copied type="eden" objects="32008" bytes="1206056" bytesdiscarded="214920" />
  <memory-copied type="other" objects="90477" bytes="5577160" bytesdiscarded="571632" />
  <memory-cardclean objects="23790" bytes="832640" />
  <regions eden="36" other="5" />
  <remembered-set-cleared processed="354" cleared="131" durationms="0.198" />
  <references type="soft" candidates="15" cleared="0" enqueued="0" dynamicThreshold="26" maxThreshold="32" />
  <references type="weak" candidates="38" cleared="0" enqueued="0" />
  <references type="phantom" candidates="2" cleared="0" enqueued="0" />
  <stringconstants candidates="15152" cleared="0"  />
</gc-op>
<gc-op id="3204" type="classunload" timems="0.011" contextid="3200" timestamp="2019-08-09T08:30:40.508">
  <classunload-info classloadercandidates="55" classloadersunloaded="0" classesunloaded="0" anonymousclassesunloaded="0" quiescems="0.000" setupms="0.011" scanms="0.000" postms="0.000" />
</gc-op>
<heap-resize id="3205" type="contract" space="default" amount="14680064" count="1" timems="0.563" reason="excess free space following gc" timestamp="2019-08-09T08:30:40.509" />
<gc-end id="3206" type="partial gc" contextid="3200" durationms="14.668" usertimems="34.173" systemtimems="19.566" timestamp="2019-08-09T08:30:40.509" activeThreads="16">
  <mem-info id="3207" free="218103808" total="262144000" percent="83">
    <mem type="eden" free="676176" total="2097152" percent="32" />
    <remembered-set count="13184" freebytes="11014144" totalbytes="11066880" percent="99" regionsoverflowed="0" regionsstable="9" regionsrebuilding="0"/>
  </mem-info>
</gc-end>
<cycle-end id="3208" type="partial gc" contextid="3200" timestamp="2019-08-09T08:30:40.509" />
  <attribute name="elasticGC enabled" value="1" />
  <attribute name= "numThreadsSpecified" value="16" />
  <attribute name="heapSize specified" value="0" />
  <attribute name="Current GC Util" value="68" />
  <attribute name= "Current Time Running" value="96694" />
  <attribute name ="GC Interval" value="0" />
  <attribute name="Target GC Util Change" value ="80.000000" />
  <attribute name="Current GC Util Change" value="68.000000"/>
  <attribute name="Current Error" value="-118.000000" />
  <attribute name="Output H" value="276861840"/>
  <attribute name="Output I" value="1936"/>
  <attribute name="Output T" value="16"/>
  <attribute name= "Current Time Running" value="96694" />
  <attribute name="GC Util currently" value="68" />
  <attribute name="CPU Util currently" value="598198977436" />
<exclusive-end id="3209" timestamp="2019-08-09T08:30:40.509" durationms="15.521" />

<exclusive-start id="3210" timestamp="2019-08-09T08:30:40.573" intervalms="79.623">
  <response-info timems="2.771" idlems="2.771" threads="0" lastid="000000000132D300" lastname="Thread-25" />
</exclusive-start>
<allocation-taxation id="3211" taxation-threshold="73400320" timestamp="2019-08-09T08:30:40.573" intervalms="79.450" />
<cycle-start id="3212" type="partial gc" contextid="0" timestamp="2019-08-09T08:30:40.573" intervalms="79.455" />
<gc-start id="3213" type="partial gc" contextid="3212" timestamp="2019-08-09T08:30:40.574">
  <mem-info id="3214" free="144703488" total="262144000" percent="55">
    <mem type="eden" free="0" total="73400320" percent="0" />
    <remembered-set count="13024" freebytes="11014784" totalbytes="11066880" percent="99" regionsoverflowed="0" regionsstable="9" regionsrebuilding="0"/>
  </mem-info>
</gc-start>
<allocation-stats totalBytes="73391000" >
  <allocated-bytes non-tlh="0" tlh="73391000" arrayletleaf="0"/>
  <largest-consumer threadName="Thread-35" threadId="000000000135A200" bytes="7658480" />
</allocation-stats>
<gc-op id="3215" type="copy forward" timems="14.046" contextid="3212" timestamp="2019-08-09T08:30:40.590">
  <memory-copied type="eden" objects="22116" bytes="535112" bytesdiscarded="101008" />
  <memory-copied type="other" objects="84680" bytes="4714424" bytesdiscarded="435832" />
  <memory-cardclean objects="20300" bytes="1203656" />
  <regions eden="35" other="3" />
  <remembered-set-cleared processed="3951" cleared="944" durationms="0.092" />
  <references type="soft" candidates="13" cleared="0" enqueued="0" dynamicThreshold="26" maxThreshold="32" />
  <references type="weak" candidates="38" cleared="0" enqueued="0" />
  <references type="phantom" candidates="2" cleared="0" enqueued="0" />
  <stringconstants candidates="15152" cleared="0"  />
</gc-op>
<gc-op id="3216" type="classunload" timems="0.010" contextid="3212" timestamp="2019-08-09T08:30:40.590">
  <classunload-info classloadercandidates="55" classloadersunloaded="0" classesunloaded="0" anonymousclassesunloaded="0" quiescems="0.000" setupms="0.010" scanms="0.000" postms="0.000" />
</gc-op>
<heap-resize id="3217" type="contract" space="default" amount="14680064" count="1" timems="0.591" reason="excess free space following gc" timestamp="2019-08-09T08:30:40.591" />
<gc-end id="3218" type="partial gc" contextid="3212" durationms="17.058" usertimems="28.700" systemtimems="17.332" timestamp="2019-08-09T08:30:40.591" activeThreads="16">
  <mem-info id="3219" free="199229440" total="247463936" percent="80">
    <mem type="eden" free="3558184" total="4194304" percent="84" />
    <remembered-set count="18240" freebytes="10407040" totalbytes="10480000" percent="99" regionsoverflowed="0" regionsstable="9" regionsrebuilding="0"/>
  </mem-info>
</gc-end>
<cycle-end id="3220" type="partial gc" contextid="3212" timestamp="2019-08-09T08:30:40.591" />
  <attribute name="elasticGC enabled" value="1" />
  <attribute name= "numThreadsSpecified" value="16" />
  <attribute name="heapSize specified" value="0" />
  <attribute name="Current GC Util" value="61" />
  <attribute name= "Current Time Running" value="96773" />
  <attribute name ="GC Interval" value="0" />
  <attribute name="Target GC Util Change" value ="80.000000" />
  <attribute name="Current GC Util Change" value="61.000000"/>
  <attribute name="Current Error" value="32.000000" />
  <attribute name="Output H" value="262181864"/>
  <attribute name="Output I" value="2024"/>
  <attribute name="Output T" value="16"/>
  <attribute name= "Current Time Running" value="96773" />
  <attribute name="GC Util currently" value="61" />
  <attribute name="CPU Util currently" value="629556927179" />
<exclusive-end id="3221" timestamp="2019-08-09T08:30:40.591" durationms="17.846" />

<exclusive-start id="3222" timestamp="2019-08-09T08:30:40.676" intervalms="103.293">
  <response-info timems="4.682" idlems="4.671" threads="1" lastid="0000000001352A00" lastname="Thread-33" />
</exclusive-start>
<allocation-taxation id="3223" taxation-threshold="69206016" timestamp="2019-08-09T08:30:40.676" intervalms="103.297" />
<cycle-start id="3224" type="partial gc" contextid="0" timestamp="2019-08-09T08:30:40.677" intervalms="103.605" />
<gc-start id="3225" type="partial gc" contextid="3224" timestamp="2019-08-09T08:30:40.677">
  <mem-info id="3226" free="130023424" total="247463936" percent="52">
    <mem type="eden" free="0" total="69206016" percent="0" />
    <remembered-set count="17984" freebytes="10408064" totalbytes="10480000" percent="99" regionsoverflowed="0" regionsstable="9" regionsrebuilding="0"/>
  </mem-info>
</gc-start>
<allocation-stats totalBytes="69196968" >
  <allocated-bytes non-tlh="19056" tlh="69177912" arrayletleaf="0"/>
  <largest-consumer threadName="Thread-35" threadId="000000000135A200" bytes="7052384" />
</allocation-stats>
<gc-op id="3227" type="copy forward" timems="16.866" contextid="3224" timestamp="2019-08-09T08:30:40.696">
  <memory-copied type="eden" objects="47742" bytes="2111920" bytesdiscarded="116520" />
  <memory-copied type="other" objects="45695" bytes="1949376" bytesdiscarded="173192" />
  <memory-cardclean objects="23472" bytes="1126224" />
  <regions eden="33" other="4" />
  <remembered-set-cleared processed="3670" cleared="302" durationms="1.183" />
  <references type="soft" candidates="2" cleared="0" enqueued="0" dynamicThreshold="25" maxThreshold="32" />
  <stringconstants candidates="15152" cleared="0"  />
</gc-op>
<gc-op id="3228" type="classunload" timems="0.011" contextid="3224" timestamp="2019-08-09T08:30:40.696">
  <classunload-info classloadercandidates="55" classloadersunloaded="0" classesunloaded="0" anonymousclassesunloaded="0" quiescems="0.000" setupms="0.010" scanms="0.000" postms="0.000" />
</gc-op>
<heap-resize id="3229" type="contract" space="default" amount="12582912" count="1" timems="0.499" reason="excess free space following gc" timestamp="2019-08-09T08:30:40.697" />
<gc-end id="3230" type="partial gc" contextid="3224" durationms="19.698" usertimems="33.798" systemtimems="21.973" timestamp="2019-08-09T08:30:40.697" activeThreads="16">
  <mem-info id="3231" free="184549376" total="234881024" percent="78">
    <mem type="eden" free="1965864" total="4194304" percent="46" />
    <remembered-set count="16128" freebytes="9828608" totalbytes="9893120" percent="99" regionsoverflowed="0" regionsstable="9" regionsrebuilding="0"/>
  </mem-info>
</gc-end>
<cycle-end id="3232" type="partial gc" contextid="3224" timestamp="2019-08-09T08:30:40.697" />
  <attribute name="elasticGC enabled" value="1" />
  <attribute name= "numThreadsSpecified" value="16" />
  <attribute name="heapSize specified" value="0" />
  <attribute name="Current GC Util" value="61" />
  <attribute name= "Current Time Running" value="96877" />
  <attribute name ="GC Interval" value="0" />
  <attribute name="Target GC Util Change" value ="80.000000" />
  <attribute name="Current GC Util Change" value="61.000000"/>
  <attribute name="Current Error" value="87.000000" />
  <attribute name="Output H" value="247501832"/>
  <attribute name="Output I" value="2056"/>
  <attribute name="Output T" value="16"/>
  <attribute name= "Current Time Running" value="96877" />
  <attribute name="GC Util currently" value="61" />
  <attribute name="CPU Util currently" value="624298875267" />
<exclusive-end id="3233" timestamp="2019-08-09T08:30:40.697" durationms="20.760" />

<exclusive-start id="3234" timestamp="2019-08-09T08:30:40.796" intervalms="119.737">
  <response-info timems="4.299" idlems="4.299" threads="0" lastid="0000000001361900" lastname="Thread-24" />
</exclusive-start>
<allocation-taxation id="3235" taxation-threshold="65011712" timestamp="2019-08-09T08:30:40.796" intervalms="119.850" />
<cycle-start id="3236" type="partial gc" contextid="0" timestamp="2019-08-09T08:30:40.796" intervalms="119.597" />
<gc-start id="3237" type="partial gc" contextid="3236" timestamp="2019-08-09T08:30:40.797">
  <mem-info id="3238" free="119537664" total="234881024" percent="50">
    <mem type="eden" free="0" total="65011712" percent="0" />
    <remembered-set count="15872" freebytes="9829632" totalbytes="9893120" percent="99" regionsoverflowed="0" regionsstable="9" regionsrebuilding="0"/>
  </mem-info>
</gc-start>
<allocation-stats totalBytes="65003288" >
  <allocated-bytes non-tlh="0" tlh="65003288" arrayletleaf="0"/>
  <largest-consumer threadName="Thread-31" threadId="0000000001356600" bytes="6208632" />
</allocation-stats>
<gc-op id="3239" type="copy forward" timems="11.991" contextid="3236" timestamp="2019-08-09T08:30:40.811">
  <memory-copied type="eden" objects="34786" bytes="1388928" bytesdiscarded="143488" />
  <memory-copied type="other" objects="65778" bytes="4400800" bytesdiscarded="443776" />
  <memory-cardclean objects="11941" bytes="600200" />
  <regions eden="31" other="4" />
  <remembered-set-cleared processed="6913" cleared="3148" durationms="0.119" />
  <references type="soft" candidates="13" cleared="0" enqueued="0" dynamicThreshold="25" maxThreshold="32" />
  <references type="weak" candidates="38" cleared="0" enqueued="0" />
  <references type="phantom" candidates="2" cleared="0" enqueued="0" />
  <stringconstants candidates="15152" cleared="0"  />
</gc-op>
<gc-op id="3240" type="classunload" timems="0.010" contextid="3236" timestamp="2019-08-09T08:30:40.811">
  <classunload-info classloadercandidates="55" classloadersunloaded="0" classesunloaded="0" anonymousclassesunloaded="0" quiescems="0.000" setupms="0.010" scanms="0.000" postms="0.000" />
</gc-op>
<heap-resize id="3241" type="contract" space="default" amount="12582912" count="1" timems="0.629" reason="excess free space following gc" timestamp="2019-08-09T08:30:40.812" />
<gc-end id="3242" type="partial gc" contextid="3236" durationms="15.296" usertimems="28.975" systemtimems="13.018" timestamp="2019-08-09T08:30:40.812" activeThreads="16">
  <mem-info id="3243" free="171966464" total="222298112" percent="77">
    <mem type="eden" free="564736" total="2097152" percent="26" />
    <remembered-set count="16576" freebytes="9323776" totalbytes="9390080" percent="99" regionsoverflowed="0" regionsstable="9" regionsrebuilding="0"/>
  </mem-info>
</gc-end>
<cycle-end id="3244" type="partial gc" contextid="3236" timestamp="2019-08-09T08:30:40.812" />
  <attribute name="elasticGC enabled" value="1" />
  <attribute name= "numThreadsSpecified" value="16" />
  <attribute name="heapSize specified" value="0" />
  <attribute name="Current GC Util" value="66" />
  <attribute name= "Current Time Running" value="96997" />
  <attribute name ="GC Interval" value="0" />
  <attribute name="Target GC Util Change" value ="80.000000" />
  <attribute name="Current GC Util Change" value="66.000000"/>
  <attribute name="Current Error" value="136.000000" />
  <attribute name="Output H" value="234918944"/>
  <attribute name="Output I" value="2080"/>
  <attribute name="Output T" value="16"/>
  <attribute name= "Current Time Running" value="96997" />
  <attribute name="GC Util currently" value="66" />
  <attribute name="CPU Util currently" value="527655011100" />
<exclusive-end id="3245" timestamp="2019-08-09T08:30:40.812" durationms="16.225" />

<exclusive-start id="3246" timestamp="2019-08-09T08:30:40.851" intervalms="54.464">
  <response-info timems="3.345" idlems="1.722" threads="1" lastid="000000000136CD00" lastname="Thread-28" />
</exclusive-start>
<allocation-taxation id="3247" taxation-threshold="31457280" timestamp="2019-08-09T08:30:40.851" intervalms="54.348" />
<cycle-start id="3248" type="global mark phase" contextid="0" timestamp="2019-08-09T08:30:40.851" intervalms="15893.029" />
<gc-start id="3249" type="global mark phase" contextid="3248" timestamp="2019-08-09T08:30:40.851">
  <mem-info id="3250" free="140509184" total="222298112" percent="63">
    <remembered-set count="16160" freebytes="9325440" totalbytes="9390080" percent="99" regionsoverflowed="0" regionsstable="9" regionsrebuilding="0"/>
  </mem-info>
</gc-start>
<gc-op id="3251" type="mark increment" timems="7.279" contextid="3248" timestamp="2019-08-09T08:30:40.858">
  <trace-info objectcount="162231" scancount="105216" scanbytes="4383460" />
</gc-op>
<gc-end id="3252" type="global mark phase" contextid="3248" durationms="7.323" usertimems="18.235" systemtimems="7.478" timestamp="2019-08-09T08:30:40.858" activeThreads="16">
  <mem-info id="3253" free="140509184" total="222298112" percent="63">
    <remembered-set count="32032" freebytes="9261952" totalbytes="9390080" percent="98" regionsoverflowed="0" regionsstable="0" regionsrebuilding="9"/>
  </mem-info>
</gc-end>
<concurrent-start id="3254" type="GMP work packet processing" contextid="3248" timestamp="2019-08-09T08:30:40.858">
  <concurrent-mark-start scanTarget="13604928" />
</concurrent-start>
<exclusive-end id="3255" timestamp="2019-08-09T08:30:40.858" durationms="7.689" />

<exclusive-start id="3256" timestamp="2019-08-09T08:30:40.931" intervalms="80.269">
  <response-info timems="19.929" idlems="19.929" threads="0" lastid="0000000001334B00" lastname="Thread-30" />
</exclusive-start>
<allocation-taxation id="3257" taxation-threshold="31457280" timestamp="2019-08-09T08:30:40.931" intervalms="80.266" />
<concurrent-end id="3258" type="GMP work packet processing" contextid="3248" timestamp="2019-08-09T08:30:40.932">
  <concurrent-mark-end bytesScanned="13799332" reasonForTermination="Work target met and termination requested" />
</concurrent-end>

<cycle-start id="3259" type="partial gc" contextid="0" timestamp="2019-08-09T08:30:40.932" intervalms="135.189" />
<gc-start id="3260" type="partial gc" contextid="3259" timestamp="2019-08-09T08:30:40.932">
  <mem-info id="3261" free="109051904" total="222298112" percent="49">
    <mem type="eden" free="0" total="62914560" percent="0" />
    <remembered-set count="134464" freebytes="8852224" totalbytes="9390080" percent="94" regionsoverflowed="0" regionsstable="0" regionsrebuilding="9"/>
  </mem-info>
</gc-start>
<allocation-stats totalBytes="62906312" >
  <allocated-bytes non-tlh="0" tlh="62906312" arrayletleaf="0"/>
  <largest-consumer threadName="Thread-29" threadId="0000000001365500" bytes="3669760" />
</allocation-stats>
<gc-op id="3262" type="copy forward" timems="21.109" contextid="3259" timestamp="2019-08-09T08:30:40.955">
  <memory-copied type="eden" objects="40127" bytes="1655000" bytesdiscarded="288536" />
  <memory-copied type="other" objects="68460" bytes="3926288" bytesdiscarded="542776" />
  <memory-cardclean objects="103324" bytes="3792760" />
  <regions eden="30" other="3" />
  <remembered-set-cleared processed="90953" cleared="15303" durationms="0.993" />
  <references type="soft" candidates="13" cleared="0" enqueued="0" dynamicThreshold="20" maxThreshold="32" />
  <references type="weak" candidates="38" cleared="0" enqueued="0" />
  <references type="phantom" candidates="2" cleared="0" enqueued="0" />
  <stringconstants candidates="15152" cleared="0"  />
</gc-op>
<gc-op id="3263" type="classunload" timems="0.011" contextid="3259" timestamp="2019-08-09T08:30:40.955">
  <classunload-info classloadercandidates="55" classloadersunloaded="0" classesunloaded="0" anonymousclassesunloaded="0" quiescems="0.000" setupms="0.011" scanms="0.000" postms="0.000" />
</gc-op>
<heap-resize id="3264" type="contract" space="default" amount="12582912" count="1" timems="0.848" reason="excess free space following gc" timestamp="2019-08-09T08:30:40.956" />
<gc-end id="3265" type="partial gc" contextid="3259" durationms="24.215" usertimems="70.137" systemtimems="27.348" timestamp="2019-08-09T08:30:40.956" activeThreads="16">
  <mem-info id="3266" free="155189248" total="209715200" percent="74">
    <mem type="eden" free="2250768" total="4194304" percent="53" />
    <remembered-set count="106208" freebytes="8462208" totalbytes="8887040" percent="95" regionsoverflowed="0" regionsstable="0" regionsrebuilding="9"/>
  </mem-info>
</gc-end>
<cycle-end id="3267" type="partial gc" contextid="3259" timestamp="2019-08-09T08:30:40.956" />
  <attribute name="elasticGC enabled" value="1" />
  <attribute name= "numThreadsSpecified" value="16" />
  <attribute name="heapSize specified" value="0" />
  <attribute name="Current GC Util" value="80" />
  <attribute name= "Current Time Running" value="97132" />
  <attribute name ="GC Interval" value="0" />
  <attribute name="Target GC Util Change" value ="80.000000" />
  <attribute name="Current GC Util Change" value="80.000000"/>
  <attribute name="Current Error" value="-592.000000" />
  <attribute name="Output H" value="222335616"/>
  <attribute name="Output I" value="1664"/>
  <attribute name="Output T" value="16"/>
  <attribute name= "Current Time Running" value="97132" />
  <attribute name="GC Util currently" value="80" />
  <attribute name="CPU Util currently" value="645820561158" />
<exclusive-end id="3268" timestamp="2019-08-09T08:30:40.956" durationms="25.593" />

<exclusive-start id="3269" timestamp="2019-08-09T08:30:40.974" intervalms="42.907">
  <response-info timems="0.275" idlems="0.275" threads="0" lastid="0000000001347600" lastname="Thread-27" />
</exclusive-start>
<allocation-taxation id="3270" taxation-threshold="29360128" timestamp="2019-08-09T08:30:40.974" intervalms="42.948" />
<gc-start id="3271" type="global mark phase" contextid="3248" timestamp="2019-08-09T08:30:40.974">
  <mem-info id="3272" free="125829120" total="209715200" percent="60">
    <remembered-set count="106176" freebytes="8462336" totalbytes="8887040" percent="95" regionsoverflowed="0" regionsstable="0" regionsrebuilding="9"/>
  </mem-info>
</gc-start>
<gc-end id="3273" type="global mark phase" contextid="3248" durationms="0.021" usertimems="0.010" systemtimems="0.008" timestamp="2019-08-09T08:30:40.974" activeThreads="16">
  <mem-info id="3274" free="125829120" total="209715200" percent="60">
    <remembered-set count="106176" freebytes="8462336" totalbytes="8887040" percent="95" regionsoverflowed="0" regionsstable="0" regionsrebuilding="9"/>
  </mem-info>
</gc-end>
<concurrent-start id="3275" type="GMP work packet processing" contextid="3248" timestamp="2019-08-09T08:30:40.974">
  <concurrent-mark-start scanTarget="13604928" />
</concurrent-start>
<exclusive-end id="3276" timestamp="2019-08-09T08:30:40.974" durationms="0.379" />

<exclusive-start id="3277" timestamp="2019-08-09T08:30:41.024" intervalms="50.665">
  <response-info timems="7.484" idlems="7.484" threads="0" lastid="0000000001365500" lastname="Thread-29" />
</exclusive-start>
<allocation-taxation id="3278" taxation-threshold="29360128" timestamp="2019-08-09T08:30:41.024" intervalms="50.661" />
<concurrent-end id="3279" type="GMP work packet processing" contextid="3248" timestamp="2019-08-09T08:30:41.025">
  <concurrent-mark-end bytesScanned="1352640" reasonForTermination="Termination requested" />
</concurrent-end>

<cycle-start id="3280" type="partial gc" contextid="0" timestamp="2019-08-09T08:30:41.025" intervalms="93.423" />
<gc-start id="3281" type="partial gc" contextid="3280" timestamp="2019-08-09T08:30:41.025">
  <mem-info id="3282" free="96468992" total="209715200" percent="46">
    <mem type="eden" free="0" total="58720256" percent="0" />
    <remembered-set count="111488" freebytes="8441088" totalbytes="8887040" percent="94" regionsoverflowed="0" regionsstable="0" regionsrebuilding="9"/>
  </mem-info>
</gc-start>
<allocation-stats totalBytes="58713096" >
  <allocated-bytes non-tlh="0" tlh="58713096" arrayletleaf="0"/>
  <largest-consumer threadName="Thread-26" threadId="0000000001374500" bytes="3538520" />
</allocation-stats>
<gc-op id="3283" type="copy forward" timems="15.115" contextid="3280" timestamp="2019-08-09T08:30:41.043">
  <memory-copied type="eden" objects="23053" bytes="695288" bytesdiscarded="75912" />
  <memory-copied type="other" objects="71537" bytes="3691240" bytesdiscarded="290424" />
  <memory-cardclean objects="57145" bytes="1867768" />
  <regions eden="28" other="4" />
  <remembered-set-cleared processed="89454" cleared="5064" durationms="0.637" />
  <references type="soft" candidates="15" cleared="0" enqueued="0" dynamicThreshold="19" maxThreshold="32" />
  <references type="weak" candidates="38" cleared="0" enqueued="0" />
  <references type="phantom" candidates="2" cleared="0" enqueued="0" />
  <stringconstants candidates="15152" cleared="0"  />
</gc-op>
<gc-op id="3284" type="classunload" timems="0.011" contextid="3280" timestamp="2019-08-09T08:30:41.043">
  <classunload-info classloadercandidates="55" classloadersunloaded="0" classesunloaded="0" anonymousclassesunloaded="0" quiescems="0.000" setupms="0.011" scanms="0.000" postms="0.000" />
</gc-op>
<heap-resize id="3285" type="contract" space="default" amount="10485760" count="1" timems="0.706" reason="excess free space following gc" timestamp="2019-08-09T08:30:41.043" />
<gc-end id="3286" type="partial gc" contextid="3280" durationms="18.167" usertimems="55.700" systemtimems="14.821" timestamp="2019-08-09T08:30:41.043" activeThreads="16">
  <mem-info id="3287" free="146800640" total="199229440" percent="73">
    <mem type="eden" free="1325952" total="2097152" percent="63" />
    <remembered-set count="108800" freebytes="7948800" totalbytes="8384000" percent="94" regionsoverflowed="0" regionsstable="0" regionsrebuilding="9"/>
  </mem-info>
</gc-end>
<cycle-end id="3288" type="partial gc" contextid="3280" timestamp="2019-08-09T08:30:41.044" />
  <attribute name="elasticGC enabled" value="1" />
  <attribute name= "numThreadsSpecified" value="16" />
  <attribute name="heapSize specified" value="0" />
  <attribute name="Current GC Util" value="63" />
  <attribute name= "Current Time Running" value="97225" />
  <attribute name ="GC Interval" value="0" />
  <attribute name="Target GC Util Change" value ="80.000000" />
  <attribute name="Current GC Util Change" value="63.000000"/>
  <attribute name="Current Error" value="-93.000000" />
  <attribute name="Output H" value="209752992"/>
  <attribute name="Output I" value="1952"/>
  <attribute name="Output T" value="16"/>
  <attribute name= "Current Time Running" value="97225" />
  <attribute name="GC Util currently" value="63" />
  <attribute name="CPU Util currently" value="612519111787" />
<exclusive-end id="3289" timestamp="2019-08-09T08:30:41.044" durationms="19.268" />

<exclusive-start id="3290" timestamp="2019-08-09T08:30:41.068" intervalms="43.198">
  <response-info timems="0.325" idlems="0.325" threads="0" lastid="000000000135DD00" lastname="Thread-36" />
</exclusive-start>
<allocation-taxation id="3291" taxation-threshold="27262976" timestamp="2019-08-09T08:30:41.068" intervalms="43.166" />
<gc-start id="3292" type="global mark phase" contextid="3248" timestamp="2019-08-09T08:30:41.068">
  <mem-info id="3293" free="119537664" total="199229440" percent="60">
    <remembered-set count="108768" freebytes="7948928" totalbytes="8384000" percent="94" regionsoverflowed="0" regionsstable="0" regionsrebuilding="9"/>
  </mem-info>
</gc-start>
<gc-op id="3294" type="mark increment" timems="11.578" contextid="3248" timestamp="2019-08-09T08:30:41.079">
  <trace-info objectcount="70204" scancount="70204" scanbytes="3157172" />
  <cardclean-info objects="215121" bytes="6495140" />
  <finalization candidates="151" enqueued="0" />
  <ownableSynchronizers candidates="23" cleared="0" />
  <references type="soft" candidates="4787" cleared="0" enqueued="0" dynamicThreshold="23" maxThreshold="32" />
  <references type="weak" candidates="6283" cleared="25" enqueued="25" />
  <references type="phantom" candidates="835" cleared="0" enqueued="0" />
  <stringconstants candidates="15152" cleared="1"  />
</gc-op>
<gc-op id="3295" type="classunload" timems="0.011" contextid="3248" timestamp="2019-08-09T08:30:41.079">
  <classunload-info classloadercandidates="55" classloadersunloaded="0" classesunloaded="0" anonymousclassesunloaded="0" quiescems="0.000" setupms="0.011" scanms="0.000" postms="0.000" />
</gc-op>
<gc-end id="3296" type="global mark phase" contextid="3248" durationms="11.867" usertimems="24.073" systemtimems="10.506" timestamp="2019-08-09T08:30:41.080" activeThreads="16">
  <mem-info id="3297" free="119537664" total="199229440" percent="60">
    <pending-finalizers system="0" default="0" reference="25" classloader="0" />
    <remembered-set count="126176" freebytes="7879296" totalbytes="8384000" percent="93" regionsoverflowed="0" regionsstable="0" regionsrebuilding="0"/>
  </mem-info>
</gc-end>
<cycle-end id="3298" type="global mark phase" contextid="3248" timestamp="2019-08-09T08:30:41.080" />
  <attribute name="elasticGC enabled" value="1" />
  <attribute name= "numThreadsSpecified" value="16" />
  <attribute name="heapSize specified" value="0" />
  <attribute name="Current GC Util" value="298" />
  <attribute name= "Current Time Running" value="97271" />
  <attribute name ="GC Interval" value="0" />
  <attribute name="Target GC Util Change" value ="80.000000" />
  <attribute name="Current GC Util Change" value="298.000000"/>
  <attribute name="Current Error" value="-641.000000" />
  <attribute name="Output H" value="199266912"/>
  <attribute name="Output I" value="1632"/>
  <attribute name="Output T" value="16"/>
  <attribute name= "Current Time Running" value="97271" />
  <attribute name="GC Util currently" value="298" />
  <attribute name="CPU Util currently" value="508635681691" />
<exclusive-end id="3299" timestamp="2019-08-09T08:30:41.080" durationms="12.239" />

<exclusive-start id="3300" timestamp="2019-08-09T08:30:41.104" intervalms="36.180">
  <response-info timems="1.163" idlems="1.163" threads="0" lastid="000000000135DD00" lastname="Thread-36" />
</exclusive-start>
<allocation-taxation id="3301" taxation-threshold="27262976" timestamp="2019-08-09T08:30:41.104" intervalms="36.188" />
<cycle-start id="3302" type="partial gc" contextid="0" timestamp="2019-08-09T08:30:41.104" intervalms="78.840" />
<gc-start id="3303" type="partial gc" contextid="3302" timestamp="2019-08-09T08:30:41.104">
  <mem-info id="3304" free="92274688" total="199229440" percent="46">
    <mem type="eden" free="0" total="54525952" percent="0" />
    <remembered-set count="20832" freebytes="8300672" totalbytes="8384000" percent="99" regionsoverflowed="0" regionsstable="9" regionsrebuilding="0"/>
  </mem-info>
</gc-start>
<allocation-stats totalBytes="54518992" >
  <allocated-bytes non-tlh="0" tlh="54518992" arrayletleaf="0"/>
  <largest-consumer threadName="Thread-30" threadId="0000000001334B00" bytes="3264000" />
</allocation-stats>
<gc-op id="3305" type="sweep" timems="2.245" contextid="3302" timestamp="2019-08-09T08:30:41.106" />
<gc-op id="3306" type="copy forward" timems="12.265" contextid="3302" timestamp="2019-08-09T08:30:41.120">
  <memory-copied type="eden" objects="28812" bytes="1246304" bytesdiscarded="4974" />
  <memory-copied type="other" objects="42970" bytes="1580784" bytesdiscarded="18210" />
  <memory-cardclean objects="33915" bytes="1694312" />
  <regions eden="13" other="15" />
  <remembered-set-cleared processed="8966" cleared="2928" durationms="0.124" />
  <stringconstants candidates="15151" cleared="0"  />
</gc-op>
<gc-op id="3307" type="classunload" timems="0.010" contextid="3302" timestamp="2019-08-09T08:30:41.120">
  <classunload-info classloadercandidates="55" classloadersunloaded="0" classesunloaded="0" anonymousclassesunloaded="0" quiescems="0.000" setupms="0.009" scanms="0.000" postms="0.000" />
</gc-op>
<heap-resize id="3308" type="contract" space="default" amount="10485760" count="1" timems="0.353" reason="excess free space following gc" timestamp="2019-08-09T08:30:41.121" />
<gc-end id="3309" type="partial gc" contextid="3302" durationms="16.637" usertimems="33.164" systemtimems="5.420" timestamp="2019-08-09T08:30:41.121" activeThreads="16">
  <mem-info id="3310" free="132120576" total="188743680" percent="70">
    <mem type="eden" free="1737344" total="4194304" percent="41" />
    <remembered-set count="19232" freebytes="7887872" totalbytes="7964800" percent="99" regionsoverflowed="0" regionsstable="9" regionsrebuilding="0"/>
  </mem-info>
</gc-end>
<cycle-end id="3311" type="partial gc" contextid="3302" timestamp="2019-08-09T08:30:41.121" />
  <attribute name="elasticGC enabled" value="1" />
  <attribute name= "numThreadsSpecified" value="16" />
  <attribute name="heapSize specified" value="0" />
  <attribute name="Current GC Util" value="72" />
  <attribute name= "Current Time Running" value="97306" />
  <attribute name ="GC Interval" value="0" />
  <attribute name="Target GC Util Change" value ="80.000000" />
  <attribute name="Current GC Util Change" value="72.000000"/>
  <attribute name="Current Error" value="-62.000000" />
  <attribute name="Output H" value="199267248"/>
  <attribute name="Output I" value="1968"/>
  <attribute name="Output T" value="16"/>
  <attribute name= "Current Time Running" value="97306" />
  <attribute name="GC Util currently" value="72" />
  <attribute name="CPU Util currently" value="1038840175027" />
<exclusive-end id="3312" timestamp="2019-08-09T08:30:41.121" durationms="17.316" />

<exclusive-start id="3313" timestamp="2019-08-09T08:30:41.224" intervalms="120.511">
  <response-info timems="0.675" idlems="0.675" threads="0" lastid="0000000001352A00" lastname="Thread-33" />
</exclusive-start>
<allocation-taxation id="3314" taxation-threshold="54525952" timestamp="2019-08-09T08:30:41.224" intervalms="120.502" />
<cycle-start id="3315" type="partial gc" contextid="0" timestamp="2019-08-09T08:30:41.224" intervalms="120.523" />
<gc-start id="3316" type="partial gc" contextid="3315" timestamp="2019-08-09T08:30:41.225">
  <mem-info id="3317" free="77594624" total="188743680" percent="41">
    <mem type="eden" free="0" total="54525952" percent="0" />
    <remembered-set count="19072" freebytes="7888512" totalbytes="7964800" percent="99" regionsoverflowed="0" regionsstable="9" regionsrebuilding="0"/>
  </mem-info>
</gc-start>
<allocation-stats totalBytes="54519272" >
  <allocated-bytes non-tlh="0" tlh="54519272" arrayletleaf="0"/>
  <largest-consumer threadName="Thread-22" threadId="0000000001378100" bytes="5729760" />
</allocation-stats>
<gc-op id="3318" type="copy forward" timems="13.303" contextid="3315" timestamp="2019-08-09T08:30:41.240">
  <memory-copied type="eden" objects="15173" bytes="506528" bytesdiscarded="102120" />
  <memory-copied type="other" objects="61784" bytes="3851784" bytesdiscarded="285168" />
  <memory-cardclean objects="25100" bytes="1287392" />
  <regions eden="26" other="10" />
  <remembered-set-cleared processed="9491" cleared="2679" durationms="0.580" />
  <finalization candidates="71" enqueued="0" />
  <ownableSynchronizers candidates="2" cleared="0" />
  <references type="soft" candidates="37" cleared="0" enqueued="0" dynamicThreshold="22" maxThreshold="32" />
  <references type="weak" candidates="486" cleared="0" enqueued="0" />
  <references type="phantom" candidates="735" cleared="0" enqueued="0" />
  <stringconstants candidates="15151" cleared="0"  />
</gc-op>
<gc-op id="3319" type="classunload" timems="0.011" contextid="3315" timestamp="2019-08-09T08:30:41.240">
  <classunload-info classloadercandidates="55" classloadersunloaded="0" classesunloaded="0" anonymousclassesunloaded="0" quiescems="0.000" setupms="0.011" scanms="0.000" postms="0.000" />
</gc-op>
<heap-resize id="3320" type="contract" space="default" amount="10485760" count="1" timems="0.418" reason="excess free space following gc" timestamp="2019-08-09T08:30:41.240" />
<gc-end id="3321" type="partial gc" contextid="3315" durationms="15.695" usertimems="41.226" systemtimems="12.370" timestamp="2019-08-09T08:30:41.240" activeThreads="16">
  <mem-info id="3322" free="132120576" total="178257920" percent="74">
    <mem type="eden" free="1488504" total="2097152" percent="70" />
    <remembered-set count="21728" freebytes="7458688" totalbytes="7545600" percent="98" regionsoverflowed="0" regionsstable="9" regionsrebuilding="0"/>
  </mem-info>
</gc-end>
<cycle-end id="3323" type="partial gc" contextid="3315" timestamp="2019-08-09T08:30:41.240" />
  <attribute name="elasticGC enabled" value="1" />
  <attribute name= "numThreadsSpecified" value="16" />
  <attribute name="heapSize specified" value="0" />
  <attribute name="Current GC Util" value="63" />
  <attribute name= "Current Time Running" value="97424" />
  <attribute name ="GC Interval" value="0" />
  <attribute name="Target GC Util Change" value ="80.000000" />
  <attribute name="Current GC Util Change" value="63.000000"/>
  <attribute name="Current Error" value="8.000000" />
  <attribute name="Output H" value="188781528"/>
  <attribute name="Output I" value="2008"/>
  <attribute name="Output T" value="16"/>
  <attribute name= "Current Time Running" value="97424" />
  <attribute name="GC Util currently" value="63" />
  <attribute name="CPU Util currently" value="848581820522" />
<exclusive-end id="3324" timestamp="2019-08-09T08:30:41.241" durationms="16.285" />

<exclusive-start id="3325" timestamp="2019-08-09T08:30:41.284" intervalms="59.366">
  <response-info timems="1.590" idlems="1.590" threads="0" lastid="000000000132D300" lastname="Thread-25" />
</exclusive-start>
<allocation-taxation id="3326" taxation-threshold="25165824" timestamp="2019-08-09T08:30:41.284" intervalms="59.386" />
<cycle-start id="3327" type="global mark phase" contextid="0" timestamp="2019-08-09T08:30:41.284" intervalms="433.661" />
<gc-start id="3328" type="global mark phase" contextid="3327" timestamp="2019-08-09T08:30:41.284">
  <mem-info id="3329" free="106954752" total="178257920" percent="60">
    <remembered-set count="21344" freebytes="7460224" totalbytes="7545600" percent="98" regionsoverflowed="0" regionsstable="9" regionsrebuilding="0"/>
  </mem-info>
</gc-start>
<gc-op id="3330" type="mark increment" timems="4.166" contextid="3327" timestamp="2019-08-09T08:30:41.289">
  <trace-info objectcount="65790" scancount="52466" scanbytes="2464716" />
</gc-op>
<gc-end id="3331" type="global mark phase" contextid="3327" durationms="4.253" usertimems="10.922" systemtimems="5.416" timestamp="2019-08-09T08:30:41.289" activeThreads="16">
  <mem-info id="3332" free="106954752" total="178257920" percent="60">
    <remembered-set count="24928" freebytes="7445888" totalbytes="7545600" percent="98" regionsoverflowed="0" regionsstable="0" regionsrebuilding="9"/>
  </mem-info>
</gc-end>
<concurrent-start id="3333" type="GMP work packet processing" contextid="3327" timestamp="2019-08-09T08:30:41.289">
  <concurrent-mark-start scanTarget="18352228" />
</concurrent-start>
<exclusive-end id="3334" timestamp="2019-08-09T08:30:41.289" durationms="5.213" />

<exclusive-start id="3335" timestamp="2019-08-09T08:30:41.350" intervalms="65.947">
  <response-info timems="5.947" idlems="5.947" threads="0" lastid="000000000135DD00" lastname="Thread-36" />
</exclusive-start>
<allocation-taxation id="3336" taxation-threshold="25165824" timestamp="2019-08-09T08:30:41.350" intervalms="65.941" />
<concurrent-end id="3337" type="GMP work packet processing" contextid="3327" timestamp="2019-08-09T08:30:41.351">
  <concurrent-mark-end bytesScanned="16906884" reasonForTermination="Termination requested" />
</concurrent-end>

<cycle-start id="3338" type="partial gc" contextid="0" timestamp="2019-08-09T08:30:41.351" intervalms="126.515" />
<gc-start id="3339" type="partial gc" contextid="3338" timestamp="2019-08-09T08:30:41.351">
  <mem-info id="3340" free="81788928" total="178257920" percent="45">
    <mem type="eden" free="0" total="50331648" percent="0" />
    <remembered-set count="141472" freebytes="6979712" totalbytes="7545600" percent="92" regionsoverflowed="0" regionsstable="0" regionsrebuilding="9"/>
  </mem-info>
</gc-start>
<allocation-stats totalBytes="50324608" >
  <allocated-bytes non-tlh="0" tlh="50324608" arrayletleaf="0"/>
  <largest-consumer threadName="Thread-36" threadId="000000000135DD00" bytes="2658016" />
</allocation-stats>
<gc-op id="3341" type="copy forward" timems="14.920" contextid="3338" timestamp="2019-08-09T08:30:41.368">
  <memory-copied type="eden" objects="9505" bytes="232488" bytesdiscarded="11880" />
  <memory-copied type="other" objects="26609" bytes="1050744" bytesdiscarded="47320" />
  <memory-cardclean objects="159410" bytes="6045232" />
  <regions eden="24" other="2" />
  <remembered-set-cleared processed="92782" cleared="39334" durationms="0.673" />
  <stringconstants candidates="15151" cleared="0"  />
</gc-op>
<gc-op id="3342" type="classunload" timems="0.013" contextid="3338" timestamp="2019-08-09T08:30:41.368">
  <classunload-info classloadercandidates="55" classloadersunloaded="0" classesunloaded="0" anonymousclassesunloaded="0" quiescems="0.000" setupms="0.013" scanms="0.000" postms="0.000" />
</gc-op>
<heap-resize id="3343" type="contract" space="default" amount="10485760" count="1" timems="0.785" reason="excess free space following gc" timestamp="2019-08-09T08:30:41.369" />
<gc-end id="3344" type="partial gc" contextid="3338" durationms="17.401" usertimems="51.567" systemtimems="13.213" timestamp="2019-08-09T08:30:41.369" activeThreads="16">
  <mem-info id="3345" free="119537664" total="167772160" percent="71">
    <mem type="eden" free="1852784" total="2097152" percent="88" />
    <remembered-set count="94240" freebytes="6749440" totalbytes="7126400" percent="94" regionsoverflowed="0" regionsstable="0" regionsrebuilding="9"/>
  </mem-info>
</gc-end>
<cycle-end id="3346" type="partial gc" contextid="3338" timestamp="2019-08-09T08:30:41.369" />
  <attribute name="elasticGC enabled" value="1" />
  <attribute name= "numThreadsSpecified" value="16" />
  <attribute name="heapSize specified" value="0" />
  <attribute name="Current GC Util" value="110" />
  <attribute name= "Current Time Running" value="97550" />
  <attribute name ="GC Interval" value="0" />
  <attribute name="Target GC Util Change" value ="80.000000" />
  <attribute name="Current GC Util Change" value="110.000000"/>
  <attribute name="Current Error" value="-795.000000" />
  <attribute name="Output H" value="178295304"/>
  <attribute name="Output I" value="1544"/>
  <attribute name="Output T" value="16"/>
  <attribute name= "Current Time Running" value="97550" />
  <attribute name="GC Util currently" value="110" />
  <attribute name="CPU Util currently" value="958370348516" />
<exclusive-end id="3347" timestamp="2019-08-09T08:30:41.369" durationms="19.174" />

<exclusive-start id="3348" timestamp="2019-08-09T08:30:41.443" intervalms="93.625">
  <response-info timems="26.555" idlems="13.304" threads="1" lastid="000000000135DD00" lastname="Thread-36" />
</exclusive-start>
<allocation-taxation id="3349" taxation-threshold="23068672" timestamp="2019-08-09T08:30:41.443" intervalms="93.692" />
<gc-start id="3350" type="global mark phase" contextid="3327" timestamp="2019-08-09T08:30:41.444">
  <mem-info id="3351" free="96468992" total="167772160" percent="57">
    <remembered-set count="94240" freebytes="6749440" totalbytes="7126400" percent="94" regionsoverflowed="0" regionsstable="0" regionsrebuilding="9"/>
  </mem-info>
</gc-start>
<gc-op id="3352" type="mark increment" timems="15.537" contextid="3327" timestamp="2019-08-09T08:30:41.459">
  <trace-info objectcount="8193" scancount="8193" scanbytes="438236" />
  <cardclean-info objects="236075" bytes="7217992" />
  <finalization candidates="151" enqueued="0" />
  <ownableSynchronizers candidates="23" cleared="0" />
  <references type="soft" candidates="4787" cleared="0" enqueued="0" dynamicThreshold="22" maxThreshold="32" />
  <references type="weak" candidates="6258" cleared="0" enqueued="0" />
  <references type="phantom" candidates="835" cleared="0" enqueued="0" />
  <stringconstants candidates="15151" cleared="0"  />
</gc-op>
<gc-op id="3353" type="classunload" timems="0.011" contextid="3327" timestamp="2019-08-09T08:30:41.459">
  <classunload-info classloadercandidates="55" classloadersunloaded="0" classesunloaded="0" anonymousclassesunloaded="0" quiescems="0.000" setupms="0.010" scanms="0.000" postms="0.000" />
</gc-op>
<gc-end id="3354" type="global mark phase" contextid="3327" durationms="15.652" usertimems="32.871" systemtimems="9.344" timestamp="2019-08-09T08:30:41.459" activeThreads="16">
  <mem-info id="3355" free="96468992" total="167772160" percent="57">
    <remembered-set count="116768" freebytes="6659328" totalbytes="7126400" percent="93" regionsoverflowed="0" regionsstable="0" regionsrebuilding="0"/>
  </mem-info>
</gc-end>
<cycle-end id="3356" type="global mark phase" contextid="3327" timestamp="2019-08-09T08:30:41.459" />
  <attribute name="elasticGC enabled" value="1" />
  <attribute name= "numThreadsSpecified" value="16" />
  <attribute name="heapSize specified" value="0" />
  <attribute name="Current GC Util" value="147" />
  <attribute name= "Current Time Running" value="97651" />
  <attribute name ="GC Interval" value="0" />
  <attribute name="Target GC Util Change" value ="80.000000" />
  <attribute name="Current GC Util Change" value="147.000000"/>
  <attribute name="Current Error" value="-214.000000" />
  <attribute name="Output H" value="167809880"/>
  <attribute name="Output I" value="1880"/>
  <attribute name="Output T" value="16"/>
  <attribute name= "Current Time Running" value="97651" />
  <attribute name="GC Util currently" value="147" />
  <attribute name="CPU Util currently" value="718074759343" />
<exclusive-end id="3357" timestamp="2019-08-09T08:30:41.459" durationms="16.276" />

<exclusive-start id="3358" timestamp="2019-08-09T08:30:41.489" intervalms="45.623">
  <response-info timems="2.689" idlems="2.689" threads="0" lastid="000000000132D300" lastname="Thread-25" />
</exclusive-start>
<allocation-taxation id="3359" taxation-threshold="23068672" timestamp="2019-08-09T08:30:41.489" intervalms="45.565" />
<cycle-start id="3360" type="partial gc" contextid="0" timestamp="2019-08-09T08:30:41.489" intervalms="138.052" />
<gc-start id="3361" type="partial gc" contextid="3360" timestamp="2019-08-09T08:30:41.489">
  <mem-info id="3362" free="73400320" total="167772160" percent="43">
    <mem type="eden" free="0" total="46137344" percent="0" />
    <remembered-set count="25120" freebytes="7025920" totalbytes="7126400" percent="98" regionsoverflowed="0" regionsstable="7" regionsrebuilding="0"/>
  </mem-info>
</gc-start>
<allocation-stats totalBytes="46131320" >
  <allocated-bytes non-tlh="0" tlh="46131320" arrayletleaf="0"/>
  <largest-consumer threadName="Thread-27" threadId="0000000001347600" bytes="2698984" />
</allocation-stats>
<gc-op id="3363" type="sweep" timems="2.740" contextid="3360" timestamp="2019-08-09T08:30:41.492" />
<gc-op id="3364" type="copy forward" timems="9.443" contextid="3360" timestamp="2019-08-09T08:30:41.503">
  <memory-copied type="eden" objects="5208" bytes="129936" bytesdiscarded="8916" />
  <memory-copied type="other" objects="13968" bytes="335232" bytesdiscarded="19724" />
  <memory-cardclean objects="34880" bytes="1913664" />
  <regions eden="11" other="13" />
  <remembered-set-cleared processed="15166" cleared="3532" durationms="0.708" />
  <stringconstants candidates="15151" cleared="0"  />
</gc-op>
<gc-op id="3365" type="classunload" timems="0.010" contextid="3360" timestamp="2019-08-09T08:30:41.503">
  <classunload-info classloadercandidates="55" classloadersunloaded="0" classesunloaded="0" anonymousclassesunloaded="0" quiescems="0.000" setupms="0.010" scanms="0.000" postms="0.000" />
</gc-op>
<heap-resize id="3366" type="contract" space="default" amount="8388608" count="1" timems="0.659" reason="excess free space following gc" timestamp="2019-08-09T08:30:41.504" />
<gc-end id="3367" type="partial gc" contextid="3360" durationms="14.562" usertimems="40.848" systemtimems="10.807" timestamp="2019-08-09T08:30:41.504" activeThreads="16">
  <mem-info id="3368" free="109051904" total="159383552" percent="68">
    <mem type="eden" free="1849584" total="2097152" percent="88" />
    <remembered-set count="25344" freebytes="6605824" totalbytes="6707200" percent="98" regionsoverflowed="0" regionsstable="7" regionsrebuilding="0"/>
  </mem-info>
</gc-end>
<cycle-end id="3369" type="partial gc" contextid="3360" timestamp="2019-08-09T08:30:41.504" />
  <attribute name="elasticGC enabled" value="1" />
  <attribute name= "numThreadsSpecified" value="16" />
  <attribute name="heapSize specified" value="0" />
  <attribute name="Current GC Util" value="88" />
  <attribute name= "Current Time Running" value="97691" />
  <attribute name ="GC Interval" value="0" />
  <attribute name="Target GC Util Change" value ="80.000000" />
  <attribute name="Current GC Util Change" value="88.000000"/>
  <attribute name="Current Error" value="-307.000000" />
  <attribute name="Output H" value="167809824"/>
  <attribute name="Output I" value="1824"/>
  <attribute name="Output T" value="16"/>
  <attribute name= "Current Time Running" value="97691" />
  <attribute name="GC Util currently" value="88" />
  <attribute name="CPU Util currently" value="1130371661150" />
<exclusive-end id="3370" timestamp="2019-08-09T08:30:41.504" durationms="15.118" />

<exclusive-start id="3371" timestamp="2019-08-09T08:30:41.537" intervalms="48.393">
  <response-info timems="1.128" idlems="1.128" threads="0" lastid="000000000135A200" lastname="Thread-35" />
</exclusive-start>
<allocation-taxation id="3372" taxation-threshold="23068672" timestamp="2019-08-09T08:30:41.537" intervalms="48.366" />
<cycle-start id="3373" type="global mark phase" contextid="0" timestamp="2019-08-09T08:30:41.537" intervalms="252.983" />
<gc-start id="3374" type="global mark phase" contextid="3373" timestamp="2019-08-09T08:30:41.537">
  <mem-info id="3375" free="85983232" total="159383552" percent="53">
    <remembered-set count="25184" freebytes="6606464" totalbytes="6707200" percent="98" regionsoverflowed="0" regionsstable="7" regionsrebuilding="0"/>
  </mem-info>
</gc-start>
<gc-op id="3376" type="mark increment" timems="3.251" contextid="3373" timestamp="2019-08-09T08:30:41.541">
  <trace-info objectcount="639" scancount="0" scanbytes="0" />
</gc-op>
<gc-end id="3377" type="global mark phase" contextid="3373" durationms="3.312" usertimems="5.435" systemtimems="4.092" timestamp="2019-08-09T08:30:41.541" activeThreads="16">
  <mem-info id="3378" free="85983232" total="159383552" percent="53">
    <remembered-set count="25184" freebytes="6606464" totalbytes="6707200" percent="98" regionsoverflowed="0" regionsstable="0" regionsrebuilding="7"/>
  </mem-info>
</gc-end>
<concurrent-start id="3379" type="GMP work packet processing" contextid="3373" timestamp="2019-08-09T08:30:41.541">
  <concurrent-mark-start scanTarget="20473372" />
</concurrent-start>
<exclusive-end id="3380" timestamp="2019-08-09T08:30:41.541" durationms="3.664" />

<exclusive-start id="3381" timestamp="2019-08-09T08:30:41.586" intervalms="48.684">
  <response-info timems="7.723" idlems="7.723" threads="0" lastid="0000000001334B00" lastname="Thread-30" />
</exclusive-start>
<allocation-taxation id="3382" taxation-threshold="23068672" timestamp="2019-08-09T08:30:41.586" intervalms="48.698" />
<concurrent-end id="3383" type="GMP work packet processing" contextid="3373" timestamp="2019-08-09T08:30:41.587">
  <concurrent-mark-end bytesScanned="14616048" reasonForTermination="Termination requested" />
</concurrent-end>

<cycle-start id="3384" type="partial gc" contextid="0" timestamp="2019-08-09T08:30:41.587" intervalms="98.189" />
<gc-start id="3385" type="partial gc" contextid="3384" timestamp="2019-08-09T08:30:41.587">
  <mem-info id="3386" free="62914560" total="159383552" percent="39">
    <mem type="eden" free="0" total="46137344" percent="0" />
    <remembered-set count="106880" freebytes="6279680" totalbytes="6707200" percent="93" regionsoverflowed="0" regionsstable="0" regionsrebuilding="7"/>
  </mem-info>
</gc-start>
<allocation-stats totalBytes="46131360" >
  <allocated-bytes non-tlh="0" tlh="46131360" arrayletleaf="0"/>
  <largest-consumer threadName="Thread-29" threadId="0000000001365500" bytes="3120776" />
</allocation-stats>
<gc-op id="3387" type="copy forward" timems="16.496" contextid="3384" timestamp="2019-08-09T08:30:41.605">
  <memory-copied type="eden" objects="17414" bytes="696904" bytesdiscarded="54680" />
  <memory-copied type="other" objects="41417" bytes="1839680" bytesdiscarded="165632" />
  <memory-cardclean objects="39331" bytes="1779232" />
  <regions eden="22" other="4" />
  <remembered-set-cleared processed="90124" cleared="9005" durationms="0.388" />
  <stringconstants candidates="15151" cleared="0"  />
</gc-op>
<gc-op id="3388" type="classunload" timems="0.011" contextid="3384" timestamp="2019-08-09T08:30:41.605">
  <classunload-info classloadercandidates="55" classloadersunloaded="0" classesunloaded="0" anonymousclassesunloaded="0" quiescems="0.000" setupms="0.011" scanms="0.000" postms="0.000" />
</gc-op>
<heap-resize id="3389" type="contract" space="default" amount="8388608" count="1" timems="0.365" reason="excess free space following gc" timestamp="2019-08-09T08:30:41.606" />
<gc-end id="3390" type="partial gc" contextid="3384" durationms="18.304" usertimems="33.911" systemtimems="17.348" timestamp="2019-08-09T08:30:41.606" activeThreads="16">
  <mem-info id="3391" free="100663296" total="150994944" percent="66">
    <mem type="eden" free="1345568" total="2097152" percent="64" />
    <remembered-set count="101184" freebytes="5967104" totalbytes="6371840" percent="93" regionsoverflowed="0" regionsstable="0" regionsrebuilding="7"/>
  </mem-info>
</gc-end>
<cycle-end id="3392" type="partial gc" contextid="3384" timestamp="2019-08-09T08:30:41.606" />
  <attribute name="elasticGC enabled" value="1" />
  <attribute name= "numThreadsSpecified" value="16" />
  <attribute name="heapSize specified" value="0" />
  <attribute name="Current GC Util" value="84" />
  <attribute name= "Current Time Running" value="97786" />
  <attribute name ="GC Interval" value="0" />
  <attribute name="Target GC Util Change" value ="80.000000" />
  <attribute name="Current GC Util Change" value="84.000000"/>
  <attribute name="Current Error" value="-491.000000" />
  <attribute name="Output H" value="159421112"/>
  <attribute name="Output I" value="1720"/>
  <attribute name="Output T" value="16"/>
  <attribute name= "Current Time Running" value="97786" />
  <attribute name="GC Util currently" value="84" />
  <attribute name="CPU Util currently" value="1174682436397" />
<concurrent-start id="3393" type="GMP work packet processing" contextid="3373" timestamp="2019-08-09T08:30:41.606">
  <concurrent-mark-start scanTarget="5857324" />
</concurrent-start>
<exclusive-end id="3394" timestamp="2019-08-09T08:30:41.606" durationms="20.047" />

<exclusive-start id="3395" timestamp="2019-08-09T08:30:41.638" intervalms="51.840">
  <response-info timems="6.232" idlems="6.232" threads="0" lastid="000000000136CD00" lastname="Thread-28" />
</exclusive-start>
<allocation-taxation id="3396" taxation-threshold="20971520" timestamp="2019-08-09T08:30:41.638" intervalms="51.998" />
<concurrent-end id="3397" type="GMP work packet processing" contextid="3373" timestamp="2019-08-09T08:30:41.639">
  <concurrent-mark-end bytesScanned="4836792" reasonForTermination="Termination requested" />
</concurrent-end>

<gc-start id="3398" type="global mark phase" contextid="3373" timestamp="2019-08-09T08:30:41.639">
  <mem-info id="3399" free="79691776" total="150994944" percent="52">
    <remembered-set count="133184" freebytes="5839104" totalbytes="6371840" percent="91" regionsoverflowed="0" regionsstable="0" regionsrebuilding="7"/>
  </mem-info>
</gc-start>
<gc-op id="3400" type="mark increment" timems="2.294" contextid="3373" timestamp="2019-08-09T08:30:41.641">
  <trace-info objectcount="6480" scancount="6535" scanbytes="151096" />
</gc-op>
<gc-end id="3401" type="global mark phase" contextid="3373" durationms="2.330" usertimems="5.080" systemtimems="1.232" timestamp="2019-08-09T08:30:41.641" activeThreads="16">
  <mem-info id="3402" free="79691776" total="150994944" percent="52">
    <remembered-set count="134720" freebytes="5832960" totalbytes="6371840" percent="91" regionsoverflowed="0" regionsstable="0" regionsrebuilding="7"/>
  </mem-info>
</gc-end>
<exclusive-end id="3403" timestamp="2019-08-09T08:30:41.642" durationms="3.792" />

<exclusive-start id="3404" timestamp="2019-08-09T08:30:41.678" intervalms="40.589">
  <response-info timems="4.951" idlems="4.951" threads="0" lastid="0000000001378100" lastname="Thread-22" />
</exclusive-start>
<allocation-taxation id="3405" taxation-threshold="20971520" timestamp="2019-08-09T08:30:41.679" intervalms="40.522" />
<cycle-start id="3406" type="partial gc" contextid="0" timestamp="2019-08-09T08:30:41.679" intervalms="91.460" />
<gc-start id="3407" type="partial gc" contextid="3406" timestamp="2019-08-09T08:30:41.679">
  <mem-info id="3408" free="58720256" total="150994944" percent="38">
    <mem type="eden" free="0" total="41943040" percent="0" />
    <remembered-set count="134592" freebytes="5833472" totalbytes="6371840" percent="91" regionsoverflowed="0" regionsstable="0" regionsrebuilding="7"/>
  </mem-info>
</gc-start>
<allocation-stats totalBytes="41937688" >
  <allocated-bytes non-tlh="0" tlh="41937688" arrayletleaf="0"/>
  <largest-consumer threadName="Thread-24" threadId="0000000001361900" bytes="2424648" />
</allocation-stats>
<gc-op id="3409" type="copy forward" timems="18.552" contextid="3406" timestamp="2019-08-09T08:30:41.699">
  <memory-copied type="eden" objects="18316" bytes="719352" bytesdiscarded="67944" />
  <memory-copied type="other" objects="19926" bytes="752976" bytesdiscarded="31120" />
  <memory-cardclean objects="88690" bytes="3337808" />
  <regions eden="20" other="2" />
  <remembered-set-cleared processed="109302" cleared="15467" durationms="0.853" />
  <stringconstants candidates="15151" cleared="0"  />
</gc-op>
<gc-op id="3410" type="classunload" timems="0.010" contextid="3406" timestamp="2019-08-09T08:30:41.699">
  <classunload-info classloadercandidates="55" classloadersunloaded="0" classesunloaded="0" anonymousclassesunloaded="0" quiescems="0.000" setupms="0.010" scanms="0.000" postms="0.000" />
</gc-op>
<heap-resize id="3411" type="contract" space="default" amount="8388608" count="1" timems="0.301" reason="excess free space following gc" timestamp="2019-08-09T08:30:41.700" />
<gc-end id="3412" type="partial gc" contextid="3406" durationms="20.617" usertimems="51.688" systemtimems="26.149" timestamp="2019-08-09T08:30:41.700" activeThreads="16">
  <mem-info id="3413" free="90177536" total="142606336" percent="63">
    <mem type="eden" free="1309856" total="2097152" percent="62" />
    <remembered-set count="118784" freebytes="5561344" totalbytes="6036480" percent="92" regionsoverflowed="0" regionsstable="0" regionsrebuilding="7"/>
  </mem-info>
</gc-end>
<cycle-end id="3414" type="partial gc" contextid="3406" timestamp="2019-08-09T08:30:41.700" />
  <attribute name="elasticGC enabled" value="1" />
  <attribute name= "numThreadsSpecified" value="16" />
  <attribute name="heapSize specified" value="0" />
  <attribute name="Current GC Util" value="99" />
  <attribute name= "Current Time Running" value="97878" />
  <attribute name ="GC Interval" value="0" />
  <attribute name="Target GC Util Change" value ="80.000000" />
  <attribute name="Current GC Util Change" value="99.000000"/>
  <attribute name="Current Error" value="-30.000000" />
  <attribute name="Output H" value="151032768"/>
  <attribute name="Output I" value="1984"/>
  <attribute name="Output T" value="16"/>
  <attribute name= "Current Time Running" value="97878" />
  <attribute name="GC Util currently" value="99" />
  <attribute name="CPU Util currently" value="904571373325" />
<exclusive-end id="3415" timestamp="2019-08-09T08:30:41.700" durationms="21.636" />

<exclusive-start id="3416" timestamp="2019-08-09T08:30:41.742" intervalms="63.967">
  <response-info timems="1.196" idlems="1.196" threads="0" lastid="0000000001361900" lastname="Thread-24" />
</exclusive-start>
<allocation-taxation id="3417" taxation-threshold="20971520" timestamp="2019-08-09T08:30:41.742" intervalms="63.883" />
<gc-start id="3418" type="global mark phase" contextid="3373" timestamp="2019-08-09T08:30:41.743">
  <mem-info id="3419" free="69206016" total="142606336" percent="48">
    <remembered-set count="118688" freebytes="5561728" totalbytes="6036480" percent="92" regionsoverflowed="0" regionsstable="0" regionsrebuilding="7"/>
  </mem-info>
</gc-start>
<gc-op id="3420" type="mark increment" timems="12.392" contextid="3373" timestamp="2019-08-09T08:30:41.755">
  <trace-info objectcount="36723" scancount="36723" scanbytes="1778432" />
  <cardclean-info objects="143898" bytes="4313516" />
  <finalization candidates="151" enqueued="0" />
  <ownableSynchronizers candidates="23" cleared="0" />
  <references type="soft" candidates="4787" cleared="37" enqueued="37" dynamicThreshold="20" maxThreshold="32" />
  <references type="weak" candidates="6258" cleared="0" enqueued="0" />
  <references type="phantom" candidates="835" cleared="0" enqueued="0" />
  <stringconstants candidates="15151" cleared="0"  />
</gc-op>
<gc-op id="3421" type="classunload" timems="0.014" contextid="3373" timestamp="2019-08-09T08:30:41.755">
  <classunload-info classloadercandidates="55" classloadersunloaded="0" classesunloaded="0" anonymousclassesunloaded="0" quiescems="0.000" setupms="0.014" scanms="0.000" postms="0.000" />
</gc-op>
<gc-end id="3422" type="global mark phase" contextid="3373" durationms="12.748" usertimems="34.359" systemtimems="11.247" timestamp="2019-08-09T08:30:41.755" activeThreads="16">
  <mem-info id="3423" free="69206016" total="142606336" percent="48">
    <pending-finalizers system="0" default="0" reference="37" classloader="0" />
    <remembered-set count="130464" freebytes="5514624" totalbytes="6036480" percent="91" regionsoverflowed="0" regionsstable="0" regionsrebuilding="0"/>
  </mem-info>
</gc-end>
<cycle-end id="3424" type="global mark phase" contextid="3373" timestamp="2019-08-09T08:30:41.755" />
  <attribute name="elasticGC enabled" value="1" />
  <attribute name= "numThreadsSpecified" value="16" />
  <attribute name="heapSize specified" value="0" />
  <attribute name="Current GC Util" value="225" />
  <attribute name= "Current Time Running" value="97946" />
  <attribute name ="GC Interval" value="0" />
  <attribute name="Target GC Util Change" value ="80.000000" />
  <attribute name="Current GC Util Change" value="225.000000"/>
  <attribute name="Current Error" value="-353.000000" />
  <attribute name="Output H" value="142643976"/>
  <attribute name="Output I" value="1800"/>
  <attribute name="Output T" value="16"/>
  <attribute name= "Current Time Running" value="97946" />
  <attribute name="GC Util currently" value="225" />
  <attribute name="CPU Util currently" value="606700813755" />
<exclusive-end id="3425" timestamp="2019-08-09T08:30:41.756" durationms="13.284" />

<exclusive-start id="3426" timestamp="2019-08-09T08:30:41.804" intervalms="61.881">
  <response-info timems="0.505" idlems="0.505" threads="0" lastid="0000000001374500" lastname="Thread-26" />
</exclusive-start>
<allocation-taxation id="3427" taxation-threshold="20971520" timestamp="2019-08-09T08:30:41.804" intervalms="61.865" />
<cycle-start id="3428" type="partial gc" contextid="0" timestamp="2019-08-09T08:30:41.804" intervalms="125.672" />
<gc-start id="3429" type="partial gc" contextid="3428" timestamp="2019-08-09T08:30:41.805">
  <mem-info id="3430" free="48234496" total="142606336" percent="33">
    <mem type="eden" free="0" total="41943040" percent="0" />
    <remembered-set count="27072" freebytes="5928192" totalbytes="6036480" percent="98" regionsoverflowed="0" regionsstable="7" regionsrebuilding="0"/>
  </mem-info>
</gc-start>
<allocation-stats totalBytes="41936448" >
  <allocated-bytes non-tlh="0" tlh="41936448" arrayletleaf="0"/>
  <largest-consumer threadName="Thread-25" threadId="000000000132D300" bytes="2432664" />
</allocation-stats>
<gc-op id="3431" type="sweep" timems="1.847" contextid="3428" timestamp="2019-08-09T08:30:41.807" />
<gc-op id="3432" type="copy forward" timems="12.359" contextid="3428" timestamp="2019-08-09T08:30:41.820">
  <memory-copied type="eden" objects="17198" bytes="724520" bytesdiscarded="81808" />
  <memory-copied type="other" objects="30637" bytes="1253448" bytesdiscarded="110840" />
  <memory-cardclean objects="20019" bytes="1010200" />
  <regions eden="10" other="12" />
  <remembered-set-cleared processed="17442" cleared="2820" durationms="0.164" />
  <stringconstants candidates="15151" cleared="0"  />
</gc-op>
<gc-op id="3433" type="classunload" timems="0.010" contextid="3428" timestamp="2019-08-09T08:30:41.820">
  <classunload-info classloadercandidates="55" classloadersunloaded="0" classesunloaded="0" anonymousclassesunloaded="0" quiescems="0.000" setupms="0.010" scanms="0.000" postms="0.000" />
</gc-op>
<gc-end id="3434" type="partial gc" contextid="3428" durationms="15.842" usertimems="25.616" systemtimems="25.914" timestamp="2019-08-09T08:30:41.820" activeThreads="16">
  <mem-info id="3435" free="85983232" total="142606336" percent="60">
    <mem type="eden" free="2786024" total="4194304" percent="66" />
    <remembered-set count="29440" freebytes="5583360" totalbytes="5701120" percent="97" regionsoverflowed="0" regionsstable="7" regionsrebuilding="0"/>
  </mem-info>
</gc-end>
<cycle-end id="3436" type="partial gc" contextid="3428" timestamp="2019-08-09T08:30:41.821" />
  <attribute name="elasticGC enabled" value="1" />
  <attribute name= "numThreadsSpecified" value="16" />
  <attribute name="heapSize specified" value="0" />
  <attribute name="Current GC Util" value="89" />
  <attribute name= "Current Time Running" value="98006" />
  <attribute name ="GC Interval" value="0" />
  <attribute name="Target GC Util Change" value ="80.000000" />
  <attribute name="Current GC Util Change" value="89.000000"/>
  <attribute name="Current Error" value="-84.000000" />
  <attribute name="Output H" value="142644128"/>
  <attribute name="Output I" value="1952"/>
  <attribute name="Output T" value="16"/>
  <attribute name= "Current Time Running" value="98006" />
  <attribute name="GC Util currently" value="89" />
  <attribute name="CPU Util currently" value="1217633809677" />
<exclusive-end id="3437" timestamp="2019-08-09T08:30:41.821" durationms="16.447" />

<exclusive-start id="3438" timestamp="2019-08-09T08:30:41.872" intervalms="68.008">
  <response-info timems="7.973" idlems="7.973" threads="0" lastid="000000000132D300" lastname="Thread-25" />
</exclusive-start>
<allocation-taxation id="3439" taxation-threshold="20971520" timestamp="2019-08-09T08:30:41.872" intervalms="68.018" />
<cycle-start id="3440" type="global mark phase" contextid="0" timestamp="2019-08-09T08:30:41.872" intervalms="335.009" />
<gc-start id="3441" type="global mark phase" contextid="3440" timestamp="2019-08-09T08:30:41.872">
  <mem-info id="3442" free="65011712" total="142606336" percent="45">
    <remembered-set count="29120" freebytes="5584640" totalbytes="5701120" percent="97" regionsoverflowed="0" regionsstable="7" regionsrebuilding="0"/>
  </mem-info>
</gc-start>
<gc-op id="3443" type="mark increment" timems="4.248" contextid="3440" timestamp="2019-08-09T08:30:41.877">
  <trace-info objectcount="84185" scancount="65918" scanbytes="3086196" />
</gc-op>
<gc-end id="3444" type="global mark phase" contextid="3440" durationms="4.293" usertimems="15.319" systemtimems="6.584" timestamp="2019-08-09T08:30:41.877" activeThreads="16">
  <mem-info id="3445" free="65011712" total="142606336" percent="45">
    <remembered-set count="32192" freebytes="5572352" totalbytes="5701120" percent="97" regionsoverflowed="0" regionsstable="0" regionsrebuilding="7"/>
  </mem-info>
</gc-end>
<concurrent-start id="3446" type="GMP work packet processing" contextid="3440" timestamp="2019-08-09T08:30:41.877">
  <concurrent-mark-start scanTarget="26491787" />
</concurrent-start>
<exclusive-end id="3447" timestamp="2019-08-09T08:30:41.877" durationms="4.787" />

<concurrent-end id="3448" type="GMP work packet processing" contextid="3440" timestamp="2019-08-09T08:30:41.922">
  <concurrent-mark-end bytesScanned="16050768" reasonForTermination="Completed all work in GC phase" />
</concurrent-end>

<exclusive-start id="3449" timestamp="2019-08-09T08:30:41.939" intervalms="66.459">
  <response-info timems="4.498" idlems="2.260" threads="1" lastid="000000000103B700" lastname="JIT Compilation Thread-1" />
</exclusive-start>
<allocation-taxation id="3450" taxation-threshold="20971520" timestamp="2019-08-09T08:30:41.939" intervalms="66.496" />
<cycle-start id="3451" type="partial gc" contextid="0" timestamp="2019-08-09T08:30:41.939" intervalms="134.559" />
<gc-start id="3452" type="partial gc" contextid="3451" timestamp="2019-08-09T08:30:41.939">
  <mem-info id="3453" free="44040192" total="142606336" percent="30">
    <mem type="eden" free="0" total="41943040" percent="0" />
    <remembered-set count="140320" freebytes="5139840" totalbytes="5701120" percent="90" regionsoverflowed="0" regionsstable="0" regionsrebuilding="7"/>
  </mem-info>
</gc-start>
<allocation-stats totalBytes="41935160" >
  <allocated-bytes non-tlh="0" tlh="41935160" arrayletleaf="0"/>
  <largest-consumer threadName="Thread-26" threadId="0000000001374500" bytes="3145272" />
</allocation-stats>
<gc-op id="3454" type="copy forward" timems="11.228" contextid="3451" timestamp="2019-08-09T08:30:41.952">
  <memory-copied type="eden" objects="13518" bytes="466736" bytesdiscarded="51936" />
  <memory-copied type="other" objects="29354" bytes="1275416" bytesdiscarded="96304" />
  <memory-cardclean objects="17036" bytes="883888" />
  <regions eden="20" other="3" />
  <remembered-set-cleared processed="129936" cleared="2326" durationms="0.578" />
  <stringconstants candidates="15151" cleared="0"  />
</gc-op>
<gc-op id="3455" type="classunload" timems="0.010" contextid="3451" timestamp="2019-08-09T08:30:41.952">
  <classunload-info classloadercandidates="55" classloadersunloaded="0" classesunloaded="0" anonymousclassesunloaded="0" quiescems="0.000" setupms="0.010" scanms="0.000" postms="0.000" />
</gc-op>
<gc-end id="3456" type="partial gc" contextid="3451" durationms="12.339" usertimems="33.393" systemtimems="8.675" timestamp="2019-08-09T08:30:41.952" activeThreads="16">
  <mem-info id="3457" free="85983232" total="142606336" percent="60">
    <mem type="eden" free="1578480" total="2097152" percent="75" />
    <remembered-set count="143872" freebytes="5125632" totalbytes="5701120" percent="89" regionsoverflowed="0" regionsstable="0" regionsrebuilding="7"/>
  </mem-info>
</gc-end>
<cycle-end id="3458" type="partial gc" contextid="3451" timestamp="2019-08-09T08:30:41.952" />
  <attribute name="elasticGC enabled" value="1" />
  <attribute name= "numThreadsSpecified" value="16" />
  <attribute name="heapSize specified" value="0" />
  <attribute name="Current GC Util" value="124" />
  <attribute name= "Current Time Running" value="98138" />
  <attribute name ="GC Interval" value="0" />
  <attribute name="Target GC Util Change" value ="80.000000" />
  <attribute name="Current GC Util Change" value="124.000000"/>
  <attribute name="Current Error" value="-573.000000" />
  <attribute name="Output H" value="142643848"/>
  <attribute name="Output I" value="1672"/>
  <attribute name="Output T" value="16"/>
  <attribute name= "Current Time Running" value="98138" />
  <attribute name="GC Util currently" value="124" />
  <attribute name="CPU Util currently" value="1715600741930" />
<exclusive-end id="3459" timestamp="2019-08-09T08:30:41.952" durationms="13.385" />

<exclusive-start id="3460" timestamp="2019-08-09T08:30:42.018" intervalms="79.745">
  <response-info timems="3.471" idlems="3.471" threads="0" lastid="000000000132D300" lastname="Thread-25" />
</exclusive-start>
<allocation-taxation id="3461" taxation-threshold="20971520" timestamp="2019-08-09T08:30:42.018" intervalms="79.701" />
<gc-start id="3462" type="global mark phase" contextid="3440" timestamp="2019-08-09T08:30:42.019">
  <mem-info id="3463" free="65011712" total="142606336" percent="45">
    <remembered-set count="143456" freebytes="5127296" totalbytes="5701120" percent="89" regionsoverflowed="0" regionsstable="0" regionsrebuilding="7"/>
  </mem-info>
</gc-start>
<gc-op id="3464" type="mark increment" timems="13.153" contextid="3440" timestamp="2019-08-09T08:30:42.032">
  <trace-info objectcount="13644" scancount="13644" scanbytes="469804" />
  <cardclean-info objects="23585" bytes="1148312" />
  <finalization candidates="151" enqueued="0" />
  <ownableSynchronizers candidates="23" cleared="0" />
  <references type="soft" candidates="4750" cleared="1126" enqueued="1119" dynamicThreshold="19" maxThreshold="32" />
  <references type="weak" candidates="6258" cleared="0" enqueued="0" />
  <references type="phantom" candidates="835" cleared="0" enqueued="0" />
  <stringconstants candidates="15151" cleared="0"  />
</gc-op>
<gc-op id="3465" type="classunload" timems="0.013" contextid="3440" timestamp="2019-08-09T08:30:42.032">
  <classunload-info classloadercandidates="55" classloadersunloaded="0" classesunloaded="0" anonymousclassesunloaded="0" quiescems="0.000" setupms="0.012" scanms="0.000" postms="0.000" />
</gc-op>
<gc-end id="3466" type="global mark phase" contextid="3440" durationms="13.392" usertimems="18.876" systemtimems="13.598" timestamp="2019-08-09T08:30:42.032" activeThreads="16">
  <mem-info id="3467" free="65011712" total="142606336" percent="45">
    <pending-finalizers system="0" default="0" reference="1119" classloader="0" />
    <remembered-set count="144480" freebytes="5123200" totalbytes="5701120" percent="89" regionsoverflowed="0" regionsstable="0" regionsrebuilding="0"/>
  </mem-info>
</gc-end>
<cycle-end id="3468" type="global mark phase" contextid="3440" timestamp="2019-08-09T08:30:42.032" />
  <attribute name="elasticGC enabled" value="1" />
  <attribute name= "numThreadsSpecified" value="16" />
  <attribute name="heapSize specified" value="0" />
  <attribute name="Current GC Util" value="211" />
  <attribute name= "Current Time Running" value="98220" />
  <attribute name ="GC Interval" value="0" />
  <attribute name="Target GC Util Change" value ="80.000000" />
  <attribute name="Current GC Util Change" value="211.000000"/>
  <attribute name="Current Error" value="-759.000000" />
  <attribute name="Output H" value="142643744"/>
  <attribute name="Output I" value="1568"/>
  <attribute name="Output T" value="16"/>
  <attribute name= "Current Time Running" value="98220" />
  <attribute name="GC Util currently" value="211" />
  <attribute name="CPU Util currently" value="577879414724" />
<exclusive-end id="3469" timestamp="2019-08-09T08:30:42.032" durationms="13.885" />

<exclusive-start id="3470" timestamp="2019-08-09T08:30:42.099" intervalms="81.050">
  <response-info timems="6.174" idlems="6.174" threads="0" lastid="0000000001347600" lastname="Thread-27" />
</exclusive-start>
<allocation-taxation id="3471" taxation-threshold="20971520" timestamp="2019-08-09T08:30:42.100" intervalms="81.130" />
<cycle-start id="3472" type="partial gc" contextid="0" timestamp="2019-08-09T08:30:42.100" intervalms="160.820" />
<gc-start id="3473" type="partial gc" contextid="3472" timestamp="2019-08-09T08:30:42.100">
  <mem-info id="3474" free="44040192" total="142606336" percent="30">
    <mem type="eden" free="0" total="41943040" percent="0" />
    <remembered-set count="30336" freebytes="5579776" totalbytes="5701120" percent="97" regionsoverflowed="0" regionsstable="7" regionsrebuilding="0"/>
  </mem-info>
</gc-start>
<allocation-stats totalBytes="41933488" >
  <allocated-bytes non-tlh="0" tlh="41933488" arrayletleaf="0"/>
  <largest-consumer threadName="Thread-36" threadId="000000000135DD00" bytes="2469480" />
</allocation-stats>
<gc-op id="3475" type="sweep" timems="6.000" contextid="3472" timestamp="2019-08-09T08:30:42.106" />
<gc-op id="3476" type="copy forward" timems="12.007" contextid="3472" timestamp="2019-08-09T08:30:42.119">
  <memory-copied type="eden" objects="4120" bytes="108200" bytesdiscarded="6187" />
  <memory-copied type="other" objects="32079" bytes="2524776" bytesdiscarded="383037" />
  <memory-cardclean objects="33310" bytes="1586072" />
  <regions eden="10" other="14" />
  <remembered-set-cleared processed="16027" cleared="8569" durationms="0.142" />
  <references type="soft" candidates="15" cleared="0" enqueued="0" dynamicThreshold="14" maxThreshold="32" />
  <references type="weak" candidates="13" cleared="0" enqueued="0" />
  <references type="phantom" candidates="2" cleared="0" enqueued="0" />
  <stringconstants candidates="15151" cleared="0"  />
</gc-op>
<gc-op id="3477" type="classunload" timems="0.010" contextid="3472" timestamp="2019-08-09T08:30:42.119">
  <classunload-info classloadercandidates="55" classloadersunloaded="0" classesunloaded="0" anonymousclassesunloaded="0" quiescems="0.000" setupms="0.010" scanms="0.000" postms="0.000" />
</gc-op>
<heap-resize id="3478" type="expand" space="default" amount="4194304" count="1" timems="0.064" reason="excessive time being spent in gc" timestamp="2019-08-09T08:30:42.119" />
<gc-end id="3479" type="partial gc" contextid="3472" durationms="19.424" usertimems="29.410" systemtimems="23.493" timestamp="2019-08-09T08:30:42.120" activeThreads="16">
  <mem-info id="3480" free="88080384" total="146800640" percent="60">
    <mem type="eden" free="3995024" total="4194304" percent="95" />
    <remembered-set count="25888" freebytes="5765248" totalbytes="5868800" percent="98" regionsoverflowed="0" regionsstable="7" regionsrebuilding="0"/>
  </mem-info>
</gc-end>
<cycle-end id="3481" type="partial gc" contextid="3472" timestamp="2019-08-09T08:30:42.120" />
  <attribute name="elasticGC enabled" value="1" />
  <attribute name= "numThreadsSpecified" value="16" />
  <attribute name="heapSize specified" value="0" />
  <attribute name="Current GC Util" value="132" />
  <attribute name= "Current Time Running" value="98305" />
  <attribute name ="GC Interval" value="0" />
  <attribute name="Target GC Util Change" value ="80.000000" />
  <attribute name="Current GC Util Change" value="132.000000"/>
  <attribute name="Current Error" value="-30.000000" />
  <attribute name="Output H" value="142644160"/>
  <attribute name="Output I" value="1984"/>
  <attribute name="Output T" value="16"/>
  <attribute name= "Current Time Running" value="98305" />
  <attribute name="GC Util currently" value="132" />
  <attribute name="CPU Util currently" value="1740886812545" />
<exclusive-end id="3482" timestamp="2019-08-09T08:30:42.120" durationms="20.345" />

<exclusive-start id="3483" timestamp="2019-08-09T08:30:42.175" intervalms="76.032">
  <response-info timems="1.052" idlems="1.052" threads="0" lastid="000000000132D300" lastname="Thread-25" />
</exclusive-start>
<allocation-taxation id="3484" taxation-threshold="20971520" timestamp="2019-08-09T08:30:42.176" intervalms="75.946" />
<cycle-start id="3485" type="global mark phase" contextid="0" timestamp="2019-08-09T08:30:42.176" intervalms="303.267" />
<gc-start id="3486" type="global mark phase" contextid="3485" timestamp="2019-08-09T08:30:42.176">
  <mem-info id="3487" free="67108864" total="146800640" percent="45">
    <remembered-set count="25696" freebytes="5766016" totalbytes="5868800" percent="98" regionsoverflowed="0" regionsstable="7" regionsrebuilding="0"/>
  </mem-info>
</gc-start>
<gc-op id="3488" type="mark increment" timems="5.407" contextid="3485" timestamp="2019-08-09T08:30:42.181">
  <trace-info objectcount="97250" scancount="75230" scanbytes="2876856" />
</gc-op>
<gc-end id="3489" type="global mark phase" contextid="3485" durationms="5.460" usertimems="15.790" systemtimems="5.930" timestamp="2019-08-09T08:30:42.181" activeThreads="16">
  <mem-info id="3490" free="67108864" total="146800640" percent="45">
    <remembered-set count="35424" freebytes="5727104" totalbytes="5868800" percent="97" regionsoverflowed="0" regionsstable="0" regionsrebuilding="7"/>
  </mem-info>
</gc-end>
<concurrent-start id="3491" type="GMP work packet processing" contextid="3485" timestamp="2019-08-09T08:30:42.181">
  <concurrent-mark-start scanTarget="20781566" />
</concurrent-start>
<exclusive-end id="3492" timestamp="2019-08-09T08:30:42.181" durationms="5.765" />

<exclusive-start id="3493" timestamp="2019-08-09T08:30:42.259" intervalms="83.913">
  <response-info timems="6.713" idlems="6.713" threads="0" lastid="000000000134EE00" lastname="Thread-23" />
</exclusive-start>
<allocation-taxation id="3494" taxation-threshold="20971520" timestamp="2019-08-09T08:30:42.259" intervalms="83.915" />
<concurrent-end id="3495" type="GMP work packet processing" contextid="3485" timestamp="2019-08-09T08:30:42.262">
  <concurrent-mark-end bytesScanned="13684548" reasonForTermination="Termination requested" />
</concurrent-end>

<cycle-start id="3496" type="partial gc" contextid="0" timestamp="2019-08-09T08:30:42.262" intervalms="161.975" />
<gc-start id="3497" type="partial gc" contextid="3496" timestamp="2019-08-09T08:30:42.262">
  <mem-info id="3498" free="46137344" total="146800640" percent="31">
    <mem type="eden" free="0" total="41943040" percent="0" />
    <remembered-set count="113056" freebytes="5416576" totalbytes="5868800" percent="92" regionsoverflowed="0" regionsstable="0" regionsrebuilding="7"/>
  </mem-info>
</gc-start>
<allocation-stats totalBytes="41935072" >
  <allocated-bytes non-tlh="0" tlh="41935072" arrayletleaf="0"/>
  <largest-consumer threadName="Thread-27" threadId="0000000001347600" bytes="2661936" />
</allocation-stats>
<gc-op id="3499" type="copy forward" timems="17.330" contextid="3496" timestamp="2019-08-09T08:30:42.280">
  <memory-copied type="eden" objects="12216" bytes="434656" bytesdiscarded="42448" />
  <memory-copied type="other" objects="23032" bytes="2174784" bytesdiscarded="213360" />
  <memory-cardclean objects="34110" bytes="1671104" />
  <regions eden="20" other="5" />
  <remembered-set-cleared processed="99172" cleared="5915" durationms="0.446" />
  <references type="soft" candidates="15" cleared="0" enqueued="0" dynamicThreshold="14" maxThreshold="32" />
  <references type="weak" candidates="13" cleared="0" enqueued="0" />
  <references type="phantom" candidates="2" cleared="0" enqueued="0" />
  <stringconstants candidates="15151" cleared="0"  />
</gc-op>
<gc-op id="3500" type="classunload" timems="0.015" contextid="3496" timestamp="2019-08-09T08:30:42.280">
  <classunload-info classloadercandidates="55" classloadersunloaded="0" classesunloaded="0" anonymousclassesunloaded="0" quiescems="0.000" setupms="0.015" scanms="0.000" postms="0.000" />
</gc-op>
<gc-end id="3501" type="partial gc" contextid="3496" durationms="18.380" usertimems="24.759" systemtimems="30.653" timestamp="2019-08-09T08:30:42.280" activeThreads="16">
  <mem-info id="3502" free="88080384" total="146800640" percent="60">
    <mem type="eden" free="1620048" total="2097152" percent="77" />
    <remembered-set count="114560" freebytes="5410560" totalbytes="5868800" percent="92" regionsoverflowed="0" regionsstable="0" regionsrebuilding="7"/>
  </mem-info>
</gc-end>
<cycle-end id="3503" type="partial gc" contextid="3496" timestamp="2019-08-09T08:30:42.280" />
  <attribute name="elasticGC enabled" value="1" />
  <attribute name= "numThreadsSpecified" value="16" />
  <attribute name="heapSize specified" value="0" />
  <attribute name="Current GC Util" value="160" />
  <attribute name= "Current Time Running" value="98461" />
  <attribute name ="GC Interval" value="0" />
  <attribute name="Target GC Util Change" value ="80.000000" />
  <attribute name="Current GC Util Change" value="160.000000"/>
  <attribute name="Current Error" value="-525.000000" />
  <attribute name="Output H" value="146838184"/>
  <attribute name="Output I" value="1704"/>
  <attribute name="Output T" value="16"/>
  <attribute name= "Current Time Running" value="98461" />
  <attribute name="GC Util currently" value="160" />
  <attribute name="CPU Util currently" value="2171390386903" />
<concurrent-start id="3504" type="GMP work packet processing" contextid="3485" timestamp="2019-08-09T08:30:42.281">
  <concurrent-mark-start scanTarget="7097018" />
</concurrent-start>
<exclusive-end id="3505" timestamp="2019-08-09T08:30:42.281" durationms="21.188" />

<concurrent-end id="3506" type="GMP work packet processing" contextid="3485" timestamp="2019-08-09T08:30:42.287">
  <concurrent-mark-end bytesScanned="2743284" reasonForTermination="Completed all work in GC phase" />
</concurrent-end>

<exclusive-start id="3507" timestamp="2019-08-09T08:30:42.311" intervalms="51.418">
  <response-info timems="2.993" idlems="2.993" threads="0" lastid="0000000001374500" lastname="Thread-26" />
</exclusive-start>
<allocation-taxation id="3508" taxation-threshold="20971520" timestamp="2019-08-09T08:30:42.311" intervalms="51.426" />
<gc-start id="3509" type="global mark phase" contextid="3485" timestamp="2019-08-09T08:30:42.311">
  <mem-info id="3510" free="67108864" total="146800640" percent="45">
    <remembered-set count="141728" freebytes="5301888" totalbytes="5868800" percent="90" regionsoverflowed="0" regionsstable="0" regionsrebuilding="7"/>
  </mem-info>
</gc-start>
<gc-op id="3511" type="mark increment" timems="9.403" contextid="3485" timestamp="2019-08-09T08:30:42.320">
  <trace-info objectcount="17863" scancount="17863" scanbytes="721604" />
  <cardclean-info objects="38023" bytes="1946292" />
  <finalization candidates="151" enqueued="0" />
  <ownableSynchronizers candidates="23" cleared="0" />
  <references type="soft" candidates="3624" cleared="2" enqueued="0" dynamicThreshold="19" maxThreshold="32" />
  <references type="weak" candidates="6258" cleared="0" enqueued="0" />
  <references type="phantom" candidates="835" cleared="0" enqueued="0" />
  <stringconstants candidates="15151" cleared="98"  />
</gc-op>
<gc-op id="3512" type="classunload" timems="0.011" contextid="3485" timestamp="2019-08-09T08:30:42.320">
  <classunload-info classloadercandidates="55" classloadersunloaded="0" classesunloaded="0" anonymousclassesunloaded="0" quiescems="0.000" setupms="0.011" scanms="0.000" postms="0.000" />
</gc-op>
<gc-end id="3513" type="global mark phase" contextid="3485" durationms="9.528" usertimems="20.556" systemtimems="15.690" timestamp="2019-08-09T08:30:42.320" activeThreads="16">
  <mem-info id="3514" free="67108864" total="146800640" percent="45">
    <remembered-set count="142752" freebytes="5297792" totalbytes="5868800" percent="90" regionsoverflowed="0" regionsstable="0" regionsrebuilding="0"/>
  </mem-info>
</gc-end>
<cycle-end id="3515" type="global mark phase" contextid="3485" timestamp="2019-08-09T08:30:42.320" />
  <attribute name="elasticGC enabled" value="1" />
  <attribute name= "numThreadsSpecified" value="16" />
  <attribute name="heapSize specified" value="0" />
  <attribute name="Current GC Util" value="260" />
  <attribute name= "Current Time Running" value="98512" />
  <attribute name ="GC Interval" value="0" />
  <attribute name="Target GC Util Change" value ="80.000000" />
  <attribute name="Current GC Util Change" value="260.000000"/>
  <attribute name="Current Error" value="-180.000000" />
  <attribute name="Output H" value="146838384"/>
  <attribute name="Output I" value="1904"/>
  <attribute name="Output T" value="16"/>
  <attribute name= "Current Time Running" value="98512" />
  <attribute name="GC Util currently" value="260" />
  <attribute name="CPU Util currently" value="843729258929" />
<exclusive-end id="3516" timestamp="2019-08-09T08:30:42.321" durationms="10.055" />

<exclusive-start id="3517" timestamp="2019-08-09T08:30:42.377" intervalms="66.498">
  <response-info timems="3.216" idlems="1.112" threads="2" lastid="000000000131E300" lastname="Thread-21" />
</exclusive-start>
<allocation-taxation id="3518" taxation-threshold="20971520" timestamp="2019-08-09T08:30:42.377" intervalms="66.524" />
<cycle-start id="3519" type="partial gc" contextid="0" timestamp="2019-08-09T08:30:42.378" intervalms="115.895" />
<gc-start id="3520" type="partial gc" contextid="3519" timestamp="2019-08-09T08:30:42.378">
  <mem-info id="3521" free="46137344" total="146800640" percent="31">
    <mem type="eden" free="0" total="41943040" percent="0" />
    <remembered-set count="24896" freebytes="5769216" totalbytes="5868800" percent="98" regionsoverflowed="0" regionsstable="7" regionsrebuilding="0"/>
  </mem-info>
</gc-start>
<allocation-stats totalBytes="41935336" >
  <allocated-bytes non-tlh="0" tlh="41935336" arrayletleaf="0"/>
  <largest-consumer threadName="Thread-30" threadId="0000000001334B00" bytes="2490024" />
</allocation-stats>
<gc-op id="3522" type="sweep" timems="2.993" contextid="3519" timestamp="2019-08-09T08:30:42.381" />
<gc-op id="3523" type="copy forward" timems="12.617" contextid="3519" timestamp="2019-08-09T08:30:42.395">
  <memory-copied type="eden" objects="4871" bytes="122128" bytesdiscarded="10973" />
  <memory-copied type="other" objects="20626" bytes="769776" bytesdiscarded="56603" />
  <memory-cardclean objects="19999" bytes="970776" />
  <regions eden="10" other="12" />
  <remembered-set-cleared processed="16166" cleared="4027" durationms="0.264" />
  <stringconstants candidates="15053" cleared="0"  />
</gc-op>
<gc-op id="3524" type="classunload" timems="0.011" contextid="3519" timestamp="2019-08-09T08:30:42.395">
  <classunload-info classloadercandidates="55" classloadersunloaded="0" classesunloaded="0" anonymousclassesunloaded="0" quiescems="0.000" setupms="0.010" scanms="0.000" postms="0.000" />
</gc-op>
<gc-end id="3525" type="partial gc" contextid="3519" durationms="16.984" usertimems="52.391" systemtimems="16.082" timestamp="2019-08-09T08:30:42.395" activeThreads="16">
  <mem-info id="3526" free="88080384" total="146800640" percent="60">
    <mem type="eden" free="1593648" total="2097152" percent="75" />
    <remembered-set count="27040" freebytes="5760640" totalbytes="5868800" percent="98" regionsoverflowed="0" regionsstable="7" regionsrebuilding="0"/>
  </mem-info>
</gc-end>
<cycle-end id="3527" type="partial gc" contextid="3519" timestamp="2019-08-09T08:30:42.395" />
  <attribute name="elasticGC enabled" value="1" />
  <attribute name= "numThreadsSpecified" value="16" />
  <attribute name="heapSize specified" value="0" />
  <attribute name="Current GC Util" value="134" />
  <attribute name= "Current Time Running" value="98580" />
  <attribute name ="GC Interval" value="0" />
  <attribute name="Target GC Util Change" value ="80.000000" />
  <attribute name="Current GC Util Change" value="134.000000"/>
  <attribute name="Current Error" value="-298.000000" />
  <attribute name="Output H" value="146838312"/>
  <attribute name="Output I" value="1832"/>
  <attribute name="Output T" value="16"/>
  <attribute name= "Current Time Running" value="98580" />
  <attribute name="GC Util currently" value="134" />
  <attribute name="CPU Util currently" value="1576437745225" />
<exclusive-end id="3528" timestamp="2019-08-09T08:30:42.395" durationms="17.965" />

<exclusive-start id="3529" timestamp="2019-08-09T08:30:42.521" intervalms="143.509">
  <response-info timems="1.135" idlems="1.135" threads="0" lastid="0000000001356600" lastname="Thread-31" />
</exclusive-start>
<allocation-taxation id="3530" taxation-threshold="44040192" timestamp="2019-08-09T08:30:42.521" intervalms="143.480" />
<cycle-start id="3531" type="partial gc" contextid="0" timestamp="2019-08-09T08:30:42.521" intervalms="143.389" />
<gc-start id="3532" type="partial gc" contextid="3531" timestamp="2019-08-09T08:30:42.521">
  <mem-info id="3533" free="44040192" total="146800640" percent="30">
    <mem type="eden" free="0" total="44040192" percent="0" />
    <remembered-set count="26720" freebytes="5761920" totalbytes="5868800" percent="98" regionsoverflowed="0" regionsstable="7" regionsrebuilding="0"/>
  </mem-info>
</gc-start>
<allocation-stats totalBytes="44031680" >
  <allocated-bytes non-tlh="0" tlh="44031680" arrayletleaf="0"/>
  <largest-consumer threadName="Thread-24" threadId="0000000001361900" bytes="4816040" />
</allocation-stats>
<gc-op id="3534" type="copy forward" timems="14.327" contextid="3531" timestamp="2019-08-09T08:30:42.537">
  <memory-copied type="eden" objects="9567" bytes="235120" bytesdiscarded="40776" />
  <memory-copied type="other" objects="13040" bytes="450336" bytesdiscarded="45312" />
  <memory-cardclean objects="22720" bytes="1116120" />
  <regions eden="21" other="2" />
  <remembered-set-cleared processed="16192" cleared="2492" durationms="0.186" />
  <stringconstants candidates="15053" cleared="0"  />
</gc-op>
<gc-op id="3535" type="classunload" timems="0.010" contextid="3531" timestamp="2019-08-09T08:30:42.537">
  <classunload-info classloadercandidates="55" classloadersunloaded="0" classesunloaded="0" anonymousclassesunloaded="0" quiescems="0.000" setupms="0.010" scanms="0.000" postms="0.000" />
</gc-op>
<heap-resize id="3536" type="expand" space="default" amount="6291456" count="1" timems="0.069" reason="excessive time being spent in gc" timestamp="2019-08-09T08:30:42.537" />
<gc-end id="3537" type="partial gc" contextid="3531" durationms="15.603" usertimems="51.315" systemtimems="14.657" timestamp="2019-08-09T08:30:42.537" activeThreads="16">
  <mem-info id="3538" free="92274688" total="153092096" percent="60">
    <mem type="eden" free="1821256" total="2097152" percent="86" />
    <remembered-set count="28032" freebytes="6008192" totalbytes="6120320" percent="98" regionsoverflowed="0" regionsstable="7" regionsrebuilding="0"/>
  </mem-info>
</gc-end>
<cycle-end id="3539" type="partial gc" contextid="3531" timestamp="2019-08-09T08:30:42.537" />
  <attribute name="elasticGC enabled" value="1" />
  <attribute name= "numThreadsSpecified" value="16" />
  <attribute name="heapSize specified" value="0" />
  <attribute name="Current GC Util" value="276" />
  <attribute name= "Current Time Running" value="98720" />
  <attribute name ="GC Interval" value="0" />
  <attribute name="Target GC Util Change" value ="80.000000" />
  <attribute name="Current GC Util Change" value="276.000000"/>
  <attribute name="Current Error" value="-445.000000" />
  <attribute name="Output H" value="146838224"/>
  <attribute name="Output I" value="1744"/>
  <attribute name="Output T" value="16"/>
  <attribute name= "Current Time Running" value="98720" />
  <attribute name="GC Util currently" value="276" />
  <attribute name="CPU Util currently" value="1559487672703" />
<exclusive-end id="3540" timestamp="2019-08-09T08:30:42.537" durationms="16.173" />

<exclusive-start id="3541" timestamp="2019-08-09T08:30:42.576" intervalms="55.010">
  <response-info timems="0.479" idlems="0.208" threads="3" lastid="000000000134EE00" lastname="Thread-23" />
</exclusive-start>
<allocation-taxation id="3542" taxation-threshold="23068672" timestamp="2019-08-09T08:30:42.576" intervalms="55.011" />
<cycle-start id="3543" type="global mark phase" contextid="0" timestamp="2019-08-09T08:30:42.576" intervalms="400.384" />
<gc-start id="3544" type="global mark phase" contextid="3543" timestamp="2019-08-09T08:30:42.576">
  <mem-info id="3545" free="69206016" total="153092096" percent="45">
    <remembered-set count="27872" freebytes="6008832" totalbytes="6120320" percent="98" regionsoverflowed="0" regionsstable="7" regionsrebuilding="0"/>
  </mem-info>
</gc-start>
<gc-op id="3546" type="mark increment" timems="4.367" contextid="3543" timestamp="2019-08-09T08:30:42.580">
  <trace-info objectcount="40111" scancount="17116" scanbytes="871264" />
</gc-op>
<gc-end id="3547" type="global mark phase" contextid="3543" durationms="4.416" usertimems="14.407" systemtimems="3.264" timestamp="2019-08-09T08:30:42.580" activeThreads="16">
  <mem-info id="3548" free="69206016" total="153092096" percent="45">
    <remembered-set count="28896" freebytes="6004736" totalbytes="6120320" percent="98" regionsoverflowed="0" regionsstable="0" regionsrebuilding="7"/>
  </mem-info>
</gc-end>
<concurrent-start id="3549" type="GMP work packet processing" contextid="3543" timestamp="2019-08-09T08:30:42.581">
  <concurrent-mark-start scanTarget="23349976" />
</concurrent-start>
<exclusive-end id="3550" timestamp="2019-08-09T08:30:42.581" durationms="4.920" />

<exclusive-start id="3551" timestamp="2019-08-09T08:30:42.634" intervalms="57.818">
  <response-info timems="0.480" idlems="0.260" threads="1" lastid="0000000001334B00" lastname="Thread-30" />
</exclusive-start>
<allocation-taxation id="3552" taxation-threshold="23068672" timestamp="2019-08-09T08:30:42.634" intervalms="58.014" />
<concurrent-end id="3553" type="GMP work packet processing" contextid="3543" timestamp="2019-08-09T08:30:42.634">
  <concurrent-mark-end bytesScanned="18504348" reasonForTermination="Termination requested" />
</concurrent-end>

<cycle-start id="3554" type="partial gc" contextid="0" timestamp="2019-08-09T08:30:42.634" intervalms="113.101" />
<gc-start id="3555" type="partial gc" contextid="3554" timestamp="2019-08-09T08:30:42.634">
  <mem-info id="3556" free="46137344" total="153092096" percent="30">
    <mem type="eden" free="0" total="46137344" percent="0" />
    <remembered-set count="142336" freebytes="5550976" totalbytes="6120320" percent="90" regionsoverflowed="0" regionsstable="0" regionsrebuilding="7"/>
  </mem-info>
</gc-start>
<allocation-stats totalBytes="46128560" >
  <allocated-bytes non-tlh="0" tlh="46128560" arrayletleaf="0"/>
  <largest-consumer threadName="Thread-26" threadId="0000000001374500" bytes="2428520" />
</allocation-stats>
<gc-op id="3557" type="copy forward" timems="13.716" contextid="3554" timestamp="2019-08-09T08:30:42.649">
  <memory-copied type="eden" objects="22794" bytes="827336" bytesdiscarded="71960" />
  <memory-copied type="other" objects="8488" bytes="225128" bytesdiscarded="7168" />
  <memory-cardclean objects="26945" bytes="1325888" />
  <regions eden="22" other="2" />
  <remembered-set-cleared processed="130887" cleared="2679" durationms="0.879" />
  <stringconstants candidates="15053" cleared="0"  />
</gc-op>
<gc-op id="3558" type="classunload" timems="0.014" contextid="3554" timestamp="2019-08-09T08:30:42.649">
  <classunload-info classloadercandidates="55" classloadersunloaded="0" classesunloaded="0" anonymousclassesunloaded="0" quiescems="0.000" setupms="0.014" scanms="0.000" postms="0.000" />
</gc-op>
<heap-resize id="3559" type="expand" space="default" amount="10485760" count="1" timems="0.075" reason="excessive time being spent in gc" timestamp="2019-08-09T08:30:42.649" />
<gc-end id="3560" type="partial gc" contextid="3554" durationms="14.940" usertimems="31.321" systemtimems="24.938" timestamp="2019-08-09T08:30:42.649" activeThreads="16">
  <mem-info id="3561" free="98566144" total="163577856" percent="60">
    <mem type="eden" free="3295008" total="4194304" percent="78" />
    <remembered-set count="146496" freebytes="5953536" totalbytes="6539520" percent="91" regionsoverflowed="0" regionsstable="0" regionsrebuilding="7"/>
  </mem-info>
</gc-end>
<cycle-end id="3562" type="partial gc" contextid="3554" timestamp="2019-08-09T08:30:42.649" />
  <attribute name="elasticGC enabled" value="1" />
  <attribute name= "numThreadsSpecified" value="16" />
  <attribute name="heapSize specified" value="0" />
  <attribute name="Current GC Util" value="123" />
  <attribute name= "Current Time Running" value="98833" />
  <attribute name ="GC Interval" value="0" />
  <attribute name="Target GC Util Change" value ="80.000000" />
  <attribute name="Current GC Util Change" value="123.000000"/>
  <attribute name="Current Error" value="-585.000000" />
  <attribute name="Output H" value="153129600"/>
  <attribute name="Output I" value="1664"/>
  <attribute name="Output T" value="16"/>
  <attribute name= "Current Time Running" value="98833" />
  <attribute name="GC Util currently" value="123" />
  <attribute name="CPU Util currently" value="1784467785410" />
<exclusive-end id="3563" timestamp="2019-08-09T08:30:42.649" durationms="15.760" />

<exclusive-start id="3564" timestamp="2019-08-09T08:30:42.674" intervalms="40.355">
  <response-info timems="5.246" idlems="5.246" threads="0" lastid="0000000001365500" lastname="Thread-29" />
</exclusive-start>
<allocation-taxation id="3565" taxation-threshold="23068672" timestamp="2019-08-09T08:30:42.674" intervalms="40.165" />
<gc-start id="3566" type="global mark phase" contextid="3543" timestamp="2019-08-09T08:30:42.674">
  <mem-info id="3567" free="75497472" total="163577856" percent="46">
    <remembered-set count="146048" freebytes="5955328" totalbytes="6539520" percent="91" regionsoverflowed="0" regionsstable="0" regionsrebuilding="7"/>
  </mem-info>
</gc-start>
<gc-op id="3568" type="mark increment" timems="8.822" contextid="3543" timestamp="2019-08-09T08:30:42.683">
  <trace-info objectcount="23529" scancount="23529" scanbytes="844992" />
  <cardclean-info objects="33555" bytes="1585412" />
  <finalization candidates="151" enqueued="0" />
  <ownableSynchronizers candidates="23" cleared="0" />
  <references type="soft" candidates="3622" cleared="5" enqueued="5" dynamicThreshold="19" maxThreshold="32" />
  <references type="weak" candidates="6258" cleared="0" enqueued="0" />
  <references type="phantom" candidates="835" cleared="0" enqueued="0" />
  <stringconstants candidates="15053" cleared="0"  />
</gc-op>
<gc-op id="3569" type="classunload" timems="0.013" contextid="3543" timestamp="2019-08-09T08:30:42.683">
  <classunload-info classloadercandidates="55" classloadersunloaded="0" classesunloaded="0" anonymousclassesunloaded="0" quiescems="0.000" setupms="0.012" scanms="0.000" postms="0.000" />
</gc-op>
<gc-end id="3570" type="global mark phase" contextid="3543" durationms="9.004" usertimems="25.437" systemtimems="11.550" timestamp="2019-08-09T08:30:42.683" activeThreads="16">
  <mem-info id="3571" free="75497472" total="163577856" percent="46">
    <pending-finalizers system="0" default="0" reference="5" classloader="0" />
    <remembered-set count="147584" freebytes="5949184" totalbytes="6539520" percent="90" regionsoverflowed="0" regionsstable="0" regionsrebuilding="0"/>
  </mem-info>
</gc-end>
<cycle-end id="3572" type="global mark phase" contextid="3543" timestamp="2019-08-09T08:30:42.683" />
  <attribute name="elasticGC enabled" value="1" />
  <attribute name= "numThreadsSpecified" value="16" />
  <attribute name="heapSize specified" value="0" />
  <attribute name="Current GC Util" value="178" />
  <attribute name= "Current Time Running" value="98876" />
  <attribute name ="GC Interval" value="0" />
  <attribute name="Target GC Util Change" value ="80.000000" />
  <attribute name="Current GC Util Change" value="178.000000"/>
  <attribute name="Current Error" value="-195.000000" />
  <attribute name="Output H" value="163615584"/>
  <attribute name="Output I" value="1888"/>
  <attribute name="Output T" value="16"/>
  <attribute name= "Current Time Running" value="98876" />
  <attribute name="GC Util currently" value="178" />
  <attribute name="CPU Util currently" value="791770953005" />
<exclusive-end id="3573" timestamp="2019-08-09T08:30:42.683" durationms="9.415" />

<exclusive-start id="3574" timestamp="2019-08-09T08:30:42.706" intervalms="32.341">
  <response-info timems="3.165" idlems="1.605" threads="1" lastid="0000000001330F00" lastname="Thread-34" />
</exclusive-start>
<allocation-taxation id="3575" taxation-threshold="23068672" timestamp="2019-08-09T08:30:42.706" intervalms="32.348" />
<cycle-start id="3576" type="partial gc" contextid="0" timestamp="2019-08-09T08:30:42.707" intervalms="72.625" />
<gc-start id="3577" type="partial gc" contextid="3576" timestamp="2019-08-09T08:30:42.707">
  <mem-info id="3578" free="52428800" total="163577856" percent="32">
    <mem type="eden" free="0" total="46137344" percent="0" />
    <remembered-set count="31392" freebytes="6413952" totalbytes="6539520" percent="98" regionsoverflowed="0" regionsstable="7" regionsrebuilding="0"/>
  </mem-info>
</gc-start>
<allocation-stats totalBytes="46128976" >
  <allocated-bytes non-tlh="0" tlh="46128976" arrayletleaf="0"/>
  <largest-consumer threadName="Thread-32" threadId="0000000001369100" bytes="2752088" />
</allocation-stats>
<gc-op id="3579" type="sweep" timems="1.925" contextid="3576" timestamp="2019-08-09T08:30:42.709" />
<gc-op id="3580" type="copy forward" timems="12.263" contextid="3576" timestamp="2019-08-09T08:30:42.722">
  <memory-copied type="eden" objects="18640" bytes="727320" bytesdiscarded="44116" />
  <memory-copied type="other" objects="36278" bytes="1441968" bytesdiscarded="158796" />
  <memory-cardclean objects="22100" bytes="1081344" />
  <regions eden="11" other="14" />
  <remembered-set-cleared processed="19954" cleared="4180" durationms="0.168" />
  <stringconstants candidates="15053" cleared="0"  />
</gc-op>
<gc-op id="3581" type="classunload" timems="0.014" contextid="3576" timestamp="2019-08-09T08:30:42.722">
  <classunload-info classloadercandidates="55" classloadersunloaded="0" classesunloaded="0" anonymousclassesunloaded="0" quiescems="0.000" setupms="0.014" scanms="0.000" postms="0.000" />
</gc-op>
<gc-end id="3582" type="partial gc" contextid="3576" durationms="15.705" usertimems="24.301" systemtimems="20.783" timestamp="2019-08-09T08:30:42.723" activeThreads="16">
  <mem-info id="3583" free="102760448" total="163577856" percent="62">
    <mem type="eden" free="2697832" total="4194304" percent="64" />
    <remembered-set count="31584" freebytes="6413184" totalbytes="6539520" percent="98" regionsoverflowed="0" regionsstable="7" regionsrebuilding="0"/>
  </mem-info>
</gc-end>
<cycle-end id="3584" type="partial gc" contextid="3576" timestamp="2019-08-09T08:30:42.723" />
  <attribute name="elasticGC enabled" value="1" />
  <attribute name= "numThreadsSpecified" value="16" />
  <attribute name="heapSize specified" value="0" />
  <attribute name="Current GC Util" value="109" />
  <attribute name= "Current Time Running" value="98908" />
  <attribute name ="GC Interval" value="0" />
  <attribute name="Target GC Util Change" value ="80.000000" />
  <attribute name="Current GC Util Change" value="109.000000"/>
  <attribute name="Current Error" value="-291.000000" />
  <attribute name="Output H" value="163615528"/>
  <attribute name="Output I" value="1832"/>
  <attribute name="Output T" value="16"/>
  <attribute name= "Current Time Running" value="98908" />
  <attribute name="GC Util currently" value="109" />
  <attribute name="CPU Util currently" value="1393162570815" />
<exclusive-end id="3585" timestamp="2019-08-09T08:30:42.723" durationms="16.641" />

<exclusive-start id="3586" timestamp="2019-08-09T08:30:42.763" intervalms="56.569">
  <response-info timems="0.334" idlems="0.145" threads="4" lastid="0000000001347600" lastname="Thread-27" />
</exclusive-start>
<allocation-taxation id="3587" taxation-threshold="48234496" timestamp="2019-08-09T08:30:42.763" intervalms="56.584" />
<cycle-start id="3588" type="partial gc" contextid="0" timestamp="2019-08-09T08:30:42.763" intervalms="56.444" />
<gc-start id="3589" type="partial gc" contextid="3588" timestamp="2019-08-09T08:30:42.763">
  <mem-info id="3590" free="54525952" total="163577856" percent="33">
    <mem type="eden" free="0" total="48234496" percent="0" />
    <remembered-set count="31232" freebytes="6414592" totalbytes="6539520" percent="98" regionsoverflowed="0" regionsstable="7" regionsrebuilding="0"/>
  </mem-info>
</gc-start>
<allocation-stats totalBytes="48225160" >
  <allocated-bytes non-tlh="19056" tlh="48206104" arrayletleaf="0"/>
  <largest-consumer threadName="Thread-29" threadId="0000000001365500" bytes="7513408" />
</allocation-stats>
<gc-op id="3591" type="copy forward" timems="10.524" contextid="3588" timestamp="2019-08-09T08:30:42.775">
  <memory-copied type="eden" objects="25004" bytes="880560" bytesdiscarded="99552" />
  <memory-copied type="other" objects="36693" bytes="1430136" bytesdiscarded="169624" />
  <memory-cardclean objects="31551" bytes="1578160" />
  <regions eden="23" other="3" />
  <remembered-set-cleared processed="19437" cleared="4031" durationms="0.392" />
  <stringconstants candidates="15053" cleared="0"  />
</gc-op>
<gc-op id="3592" type="classunload" timems="0.010" contextid="3588" timestamp="2019-08-09T08:30:42.775">
  <classunload-info classloadercandidates="55" classloadersunloaded="0" classesunloaded="0" anonymousclassesunloaded="0" quiescems="0.000" setupms="0.010" scanms="0.000" postms="0.000" />
</gc-op>
<heap-resize id="3593" type="contract" space="default" amount="6291456" count="1" timems="0.076" reason="excess free space following gc" timestamp="2019-08-09T08:30:42.775" />
<gc-end id="3594" type="partial gc" contextid="3588" durationms="11.686" usertimems="31.316" systemtimems="9.345" timestamp="2019-08-09T08:30:42.775" activeThreads="16">
  <mem-info id="3595" free="96468992" total="157286400" percent="61">
    <mem type="eden" free="1117040" total="2097152" percent="53" />
    <remembered-set count="33408" freebytes="6405888" totalbytes="6539520" percent="97" regionsoverflowed="0" regionsstable="7" regionsrebuilding="0"/>
  </mem-info>
</gc-end>
<cycle-end id="3596" type="partial gc" contextid="3588" timestamp="2019-08-09T08:30:42.775" />
  <attribute name="elasticGC enabled" value="1" />
  <attribute name= "numThreadsSpecified" value="16" />
  <attribute name="heapSize specified" value="0" />
  <attribute name="Current GC Util" value="156" />
  <attribute name= "Current Time Running" value="98962" />
  <attribute name ="GC Interval" value="0" />
  <attribute name="Target GC Util Change" value ="80.000000" />
  <attribute name="Current GC Util Change" value="156.000000"/>
  <attribute name="Current Error" value="-64.000000" />
  <attribute name="Output H" value="163615664"/>
  <attribute name="Output I" value="1968"/>
  <attribute name="Output T" value="16"/>
  <attribute name= "Current Time Running" value="98962" />
  <attribute name="GC Util currently" value="156" />
  <attribute name="CPU Util currently" value="1894940242665" />
<exclusive-end id="3597" timestamp="2019-08-09T08:30:42.775" durationms="12.318" />

<exclusive-start id="3598" timestamp="2019-08-09T08:30:42.809" intervalms="45.924">
  <response-info timems="2.704" idlems="2.704" threads="0" lastid="0000000001378100" lastname="Thread-22" />
</exclusive-start>
<allocation-taxation id="3599" taxation-threshold="46137344" timestamp="2019-08-09T08:30:42.809" intervalms="45.925" />
<cycle-start id="3600" type="partial gc" contextid="0" timestamp="2019-08-09T08:30:42.809" intervalms="45.881" />
<gc-start id="3601" type="partial gc" contextid="3600" timestamp="2019-08-09T08:30:42.809">
  <mem-info id="3602" free="50331648" total="157286400" percent="32">
    <mem type="eden" free="0" total="46137344" percent="0" />
    <remembered-set count="33248" freebytes="6406528" totalbytes="6539520" percent="97" regionsoverflowed="0" regionsstable="7" regionsrebuilding="0"/>
  </mem-info>
</gc-start>
<allocation-stats totalBytes="46128400" >
  <allocated-bytes non-tlh="0" tlh="46128400" arrayletleaf="0"/>
  <largest-consumer threadName="Thread-33" threadId="0000000001352A00" bytes="5074048" />
</allocation-stats>
<gc-op id="3603" type="copy forward" timems="12.263" contextid="3600" timestamp="2019-08-09T08:30:42.823">
  <memory-copied type="eden" objects="30033" bytes="1138296" bytesdiscarded="104024" />
  <memory-copied type="other" objects="26170" bytes="902832" bytesdiscarded="89232" />
  <memory-cardclean objects="35601" bytes="1788432" />
  <regions eden="22" other="2" />
  <remembered-set-cleared processed="20631" cleared="3596" durationms="0.146" />
  <stringconstants candidates="15053" cleared="0"  />
</gc-op>
<gc-op id="3604" type="classunload" timems="0.011" contextid="3600" timestamp="2019-08-09T08:30:42.823">
  <classunload-info classloadercandidates="55" classloadersunloaded="0" classesunloaded="0" anonymousclassesunloaded="0" quiescems="0.000" setupms="0.011" scanms="0.000" postms="0.000" />
</gc-op>
<gc-end id="3605" type="partial gc" contextid="3600" durationms="14.092" usertimems="25.353" systemtimems="15.809" timestamp="2019-08-09T08:30:42.823" activeThreads="16">
  <mem-info id="3606" free="94371840" total="157286400" percent="60">
    <mem type="eden" free="854832" total="2097152" percent="40" />
    <remembered-set count="34368" freebytes="6150528" totalbytes="6288000" percent="97" regionsoverflowed="0" regionsstable="7" regionsrebuilding="0"/>
  </mem-info>
</gc-end>
<cycle-end id="3607" type="partial gc" contextid="3600" timestamp="2019-08-09T08:30:42.823" />
  <attribute name="elasticGC enabled" value="1" />
  <attribute name= "numThreadsSpecified" value="16" />
  <attribute name="heapSize specified" value="0" />
  <attribute name="Current GC Util" value="75" />
  <attribute name= "Current Time Running" value="99009" />
  <attribute name ="GC Interval" value="0" />
  <attribute name="Target GC Util Change" value ="80.000000" />
  <attribute name="Current GC Util Change" value="75.000000"/>
  <attribute name="Current Error" value="-59.000000" />
  <attribute name="Output H" value="157324208"/>
  <attribute name="Output I" value="1968"/>
  <attribute name="Output T" value="16"/>
  <attribute name= "Current Time Running" value="99009" />
  <attribute name="GC Util currently" value="75" />
  <attribute name="CPU Util currently" value="830127873711" />
<exclusive-end id="3608" timestamp="2019-08-09T08:30:42.823" durationms="14.637" />

<exclusive-start id="3609" timestamp="2019-08-09T08:30:42.882" intervalms="73.526">
  <response-info timems="5.295" idlems="5.295" threads="0" lastid="0000000001378100" lastname="Thread-22" />
</exclusive-start>
<allocation-taxation id="3610" taxation-threshold="46137344" timestamp="2019-08-09T08:30:42.882" intervalms="73.534" />
<cycle-start id="3611" type="partial gc" contextid="0" timestamp="2019-08-09T08:30:42.883" intervalms="73.577" />
<gc-start id="3612" type="partial gc" contextid="3611" timestamp="2019-08-09T08:30:42.883">
  <mem-info id="3613" free="48234496" total="157286400" percent="30">
    <mem type="eden" free="0" total="46137344" percent="0" />
    <remembered-set count="34112" freebytes="6151552" totalbytes="6288000" percent="97" regionsoverflowed="0" regionsstable="7" regionsrebuilding="0"/>
  </mem-info>
</gc-start>
<allocation-stats totalBytes="46128760" >
  <allocated-bytes non-tlh="0" tlh="46128760" arrayletleaf="0"/>
  <largest-consumer threadName="Thread-30" threadId="0000000001334B00" bytes="5024888" />
</allocation-stats>
<gc-op id="3614" type="copy forward" timems="11.172" contextid="3611" timestamp="2019-08-09T08:30:42.896">
  <memory-copied type="eden" objects="18681" bytes="591016" bytesdiscarded="76320" />
  <memory-copied type="other" objects="29322" bytes="1171520" bytesdiscarded="108144" />
  <memory-cardclean objects="28306" bytes="1373232" />
  <regions eden="22" other="2" />
  <remembered-set-cleared processed="23955" cleared="2284" durationms="0.253" />
  <references type="soft" candidates="2" cleared="0" enqueued="0" dynamicThreshold="19" maxThreshold="32" />
  <references type="weak" candidates="2" cleared="0" enqueued="0" />
  <stringconstants candidates="15053" cleared="0"  />
</gc-op>
<gc-op id="3615" type="classunload" timems="0.010" contextid="3611" timestamp="2019-08-09T08:30:42.896">
  <classunload-info classloadercandidates="55" classloadersunloaded="0" classesunloaded="0" anonymousclassesunloaded="0" quiescems="0.000" setupms="0.010" scanms="0.000" postms="0.000" />
</gc-op>
<heap-resize id="3616" type="expand" space="default" amount="6291456" count="1" timems="0.059" reason="excessive time being spent in gc" timestamp="2019-08-09T08:30:42.896" />
<gc-end id="3617" type="partial gc" contextid="3611" durationms="12.704" usertimems="30.936" systemtimems="6.574" timestamp="2019-08-09T08:30:42.896" activeThreads="16">
  <mem-info id="3618" free="98566144" total="163577856" percent="60">
    <mem type="eden" free="1429816" total="2097152" percent="68" />
    <remembered-set count="37504" freebytes="6389504" totalbytes="6539520" percent="97" regionsoverflowed="0" regionsstable="7" regionsrebuilding="0"/>
  </mem-info>
</gc-end>
<cycle-end id="3619" type="partial gc" contextid="3611" timestamp="2019-08-09T08:30:42.896" />
  <attribute name="elasticGC enabled" value="1" />
  <attribute name= "numThreadsSpecified" value="16" />
  <attribute name="heapSize specified" value="0" />
  <attribute name="Current GC Util" value="116" />
  <attribute name= "Current Time Running" value="99082" />
  <attribute name ="GC Interval" value="0" />
  <attribute name="Target GC Util Change" value ="80.000000" />
  <attribute name="Current GC Util Change" value="116.000000"/>
  <attribute name="Current Error" value="-69.000000" />
  <attribute name="Output H" value="157324208"/>
  <attribute name="Output I" value="1968"/>
  <attribute name="Output T" value="16"/>
  <attribute name= "Current Time Running" value="99082" />
  <attribute name="GC Util currently" value="116" />
  <attribute name="CPU Util currently" value="1266881201624" />
<exclusive-end id="3620" timestamp="2019-08-09T08:30:42.896" durationms="13.758" />

<exclusive-start id="3621" timestamp="2019-08-09T08:30:42.929" intervalms="46.150">
  <response-info timems="0.950" idlems="0.356" threads="3" lastid="0000000001334B00" lastname="Thread-30" />
</exclusive-start>
<allocation-taxation id="3622" taxation-threshold="48234496" timestamp="2019-08-09T08:30:42.929" intervalms="46.122" />
<cycle-start id="3623" type="partial gc" contextid="0" timestamp="2019-08-09T08:30:42.929" intervalms="46.092" />
<gc-start id="3624" type="partial gc" contextid="3623" timestamp="2019-08-09T08:30:42.929">
  <mem-info id="3625" free="50331648" total="163577856" percent="30">
    <mem type="eden" free="0" total="48234496" percent="0" />
    <remembered-set count="32000" freebytes="6411520" totalbytes="6539520" percent="98" regionsoverflowed="0" regionsstable="8" regionsrebuilding="0"/>
  </mem-info>
</gc-start>
<allocation-stats totalBytes="48225264" >
  <allocated-bytes non-tlh="0" tlh="48225264" arrayletleaf="0"/>
  <largest-consumer threadName="Thread-29" threadId="0000000001365500" bytes="4627600" />
</allocation-stats>
<gc-op id="3626" type="copy forward" timems="9.242" contextid="3623" timestamp="2019-08-09T08:30:42.939">
  <memory-copied type="eden" objects="22942" bytes="968624" bytesdiscarded="86208" />
  <memory-copied type="other" objects="21159" bytes="649704" bytesdiscarded="29504" />
  <memory-cardclean objects="33640" bytes="1670536" />
  <regions eden="23" other="2" />
  <remembered-set-cleared processed="19866" cleared="3284" durationms="0.158" />
  <stringconstants candidates="15053" cleared="0"  />
</gc-op>
<gc-op id="3627" type="classunload" timems="0.009" contextid="3623" timestamp="2019-08-09T08:30:42.939">
  <classunload-info classloadercandidates="55" classloadersunloaded="0" classesunloaded="0" anonymousclassesunloaded="0" quiescems="0.000" setupms="0.009" scanms="0.000" postms="0.000" />
</gc-op>
<heap-resize id="3628" type="expand" space="default" amount="4194304" count="1" timems="0.056" reason="excessive time being spent in gc" timestamp="2019-08-09T08:30:42.939" />
<gc-end id="3629" type="partial gc" contextid="3623" durationms="10.329" usertimems="12.490" systemtimems="11.418" timestamp="2019-08-09T08:30:42.939" activeThreads="16">
  <mem-info id="3630" free="100663296" total="167772160" percent="60">
    <mem type="eden" free="1042320" total="2097152" percent="49" />
    <remembered-set count="29440" freebytes="6589440" totalbytes="6707200" percent="98" regionsoverflowed="0" regionsstable="8" regionsrebuilding="0"/>
  </mem-info>
</gc-end>
<cycle-end id="3631" type="partial gc" contextid="3623" timestamp="2019-08-09T08:30:42.939" />
  <attribute name="elasticGC enabled" value="1" />
  <attribute name= "numThreadsSpecified" value="16" />
  <attribute name="heapSize specified" value="0" />
  <attribute name="Current GC Util" value="118" />
  <attribute name= "Current Time Running" value="99128" />
  <attribute name ="GC Interval" value="0" />
  <attribute name="Target GC Util Change" value ="80.000000" />
  <attribute name="Current GC Util Change" value="118.000000"/>
  <attribute name="Current Error" value="-29.000000" />
  <attribute name="Output H" value="163615680"/>
  <attribute name="Output I" value="1984"/>
  <attribute name="Output T" value="16"/>
  <attribute name= "Current Time Running" value="99128" />
  <attribute name="GC Util currently" value="118" />
  <attribute name="CPU Util currently" value="1922586741901" />
<exclusive-end id="3632" timestamp="2019-08-09T08:30:42.939" durationms="10.950" />

<exclusive-start id="3633" timestamp="2019-08-09T08:30:42.994" intervalms="65.584">
  <response-info timems="7.201" idlems="7.201" threads="0" lastid="000000000136CD00" lastname="Thread-28" />
</exclusive-start>
<allocation-taxation id="3634" taxation-threshold="48234496" timestamp="2019-08-09T08:30:42.994" intervalms="65.607" />
<cycle-start id="3635" type="partial gc" contextid="0" timestamp="2019-08-09T08:30:42.994" intervalms="65.677" />
<gc-start id="3636" type="partial gc" contextid="3635" timestamp="2019-08-09T08:30:42.995">
  <mem-info id="3637" free="52428800" total="167772160" percent="31">
    <mem type="eden" free="0" total="48234496" percent="0" />
    <remembered-set count="29408" freebytes="6589568" totalbytes="6707200" percent="98" regionsoverflowed="0" regionsstable="8" regionsrebuilding="0"/>
  </mem-info>
</gc-start>
<allocation-stats totalBytes="48225032" >
  <allocated-bytes non-tlh="0" tlh="48225032" arrayletleaf="0"/>
  <largest-consumer threadName="Thread-36" threadId="000000000135DD00" bytes="5209184" />
</allocation-stats>
<gc-op id="3638" type="copy forward" timems="12.294" contextid="3635" timestamp="2019-08-09T08:30:43.008">
  <memory-copied type="eden" objects="10693" bytes="399832" bytesdiscarded="18176" />
  <memory-copied type="other" objects="28418" bytes="2142712" bytesdiscarded="29440" />
  <memory-cardclean objects="29808" bytes="1473056" />
  <regions eden="23" other="3" />
  <remembered-set-cleared processed="20696" cleared="3367" durationms="0.150" />
  <stringconstants candidates="15053" cleared="0"  />
</gc-op>
<gc-op id="3639" type="classunload" timems="0.014" contextid="3635" timestamp="2019-08-09T08:30:43.008">
  <classunload-info classloadercandidates="55" classloadersunloaded="0" classesunloaded="0" anonymousclassesunloaded="0" quiescems="0.000" setupms="0.014" scanms="0.000" postms="0.000" />
</gc-op>
<gc-end id="3640" type="partial gc" contextid="3635" durationms="13.361" usertimems="21.472" systemtimems="11.213" timestamp="2019-08-09T08:30:43.008" activeThreads="16">
  <mem-info id="3641" free="100663296" total="167772160" percent="60">
    <mem type="eden" free="1679144" total="2097152" percent="80" />
    <remembered-set count="32224" freebytes="6578304" totalbytes="6707200" percent="98" regionsoverflowed="0" regionsstable="8" regionsrebuilding="0"/>
  </mem-info>
</gc-end>
<cycle-end id="3642" type="partial gc" contextid="3635" timestamp="2019-08-09T08:30:43.008" />
  <attribute name="elasticGC enabled" value="1" />
  <attribute name= "numThreadsSpecified" value="16" />
  <attribute name="heapSize specified" value="0" />
  <attribute name="Current GC Util" value="151" />
  <attribute name= "Current Time Running" value="99193" />
  <attribute name ="GC Interval" value="0" />
  <attribute name="Target GC Util Change" value ="80.000000" />
  <attribute name="Current GC Util Change" value="151.000000"/>
  <attribute name="Current Error" value="-55.000000" />
  <attribute name="Output H" value="167809976"/>
  <attribute name="Output I" value="1976"/>
  <attribute name="Output T" value="16"/>
  <attribute name= "Current Time Running" value="99193" />
  <attribute name="GC Util currently" value="151" />
  <attribute name="CPU Util currently" value="2157311945621" />
<exclusive-end id="3643" timestamp="2019-08-09T08:30:43.008" durationms="14.154" />

<exclusive-start id="3644" timestamp="2019-08-09T08:30:43.031" intervalms="37.392">
  <response-info timems="0.235" idlems="0.235" threads="0" lastid="000000000135DD00" lastname="Thread-36" />
</exclusive-start>
<allocation-taxation id="3645" taxation-threshold="48234496" timestamp="2019-08-09T08:30:43.032" intervalms="37.356" />
<cycle-start id="3646" type="partial gc" contextid="0" timestamp="2019-08-09T08:30:43.032" intervalms="37.269" />
<gc-start id="3647" type="partial gc" contextid="3646" timestamp="2019-08-09T08:30:43.032">
  <mem-info id="3648" free="52428800" total="167772160" percent="31">
    <mem type="eden" free="0" total="48234496" percent="0" />
    <remembered-set count="31904" freebytes="6579584" totalbytes="6707200" percent="98" regionsoverflowed="0" regionsstable="8" regionsrebuilding="0"/>
  </mem-info>
</gc-start>
<allocation-stats totalBytes="48225400" >
  <allocated-bytes non-tlh="0" tlh="48225400" arrayletleaf="0"/>
  <largest-consumer threadName="Thread-24" threadId="0000000001361900" bytes="7789256" />
</allocation-stats>
<gc-op id="3649" type="copy forward" timems="18.687" contextid="3646" timestamp="2019-08-09T08:30:43.051">
  <memory-copied type="eden" objects="4671" bytes="117152" bytesdiscarded="13896" />
  <memory-copied type="other" objects="12775" bytes="443976" bytesdiscarded="22688" />
  <memory-cardclean objects="22767" bytes="1161360" />
  <regions eden="23" other="2" />
  <remembered-set-cleared processed="22364" cleared="3281" durationms="0.164" />
  <stringconstants candidates="15053" cleared="0"  />
</gc-op>
<gc-op id="3650" type="classunload" timems="0.014" contextid="3646" timestamp="2019-08-09T08:30:43.051">
  <classunload-info classloadercandidates="55" classloadersunloaded="0" classesunloaded="0" anonymousclassesunloaded="0" quiescems="0.000" setupms="0.014" scanms="0.000" postms="0.000" />
</gc-op>
<heap-resize id="3651" type="expand" space="default" amount="10485760" count="1" timems="0.078" reason="excessive time being spent in gc" timestamp="2019-08-09T08:30:43.052" />
<gc-end id="3652" type="partial gc" contextid="3646" durationms="19.841" usertimems="55.917" systemtimems="0.000" timestamp="2019-08-09T08:30:43.052" activeThreads="16">
  <mem-info id="3653" free="106954752" total="178257920" percent="60">
    <mem type="eden" free="4063256" total="4194304" percent="96" />
    <remembered-set count="31488" freebytes="7000448" totalbytes="7126400" percent="98" regionsoverflowed="0" regionsstable="8" regionsrebuilding="0"/>
  </mem-info>
</gc-end>
<cycle-end id="3654" type="partial gc" contextid="3646" timestamp="2019-08-09T08:30:43.052" />
  <attribute name="elasticGC enabled" value="1" />
  <attribute name= "numThreadsSpecified" value="16" />
  <attribute name="heapSize specified" value="0" />
  <attribute name="Current GC Util" value="153" />
  <attribute name= "Current Time Running" value="99230" />
  <attribute name ="GC Interval" value="0" />
  <attribute name="Target GC Util Change" value ="80.000000" />
  <attribute name="Current GC Util Change" value="153.000000"/>
  <attribute name="Current Error" value="-133.000000" />
  <attribute name="Output H" value="167809928"/>
  <attribute name="Output I" value="1928"/>
  <attribute name="Output T" value="16"/>
  <attribute name= "Current Time Running" value="99230" />
  <attribute name="GC Util currently" value="153" />
  <attribute name="CPU Util currently" value="2202556202132" />
<exclusive-end id="3655" timestamp="2019-08-09T08:30:43.052" durationms="20.451" />

<exclusive-start id="3656" timestamp="2019-08-09T08:30:43.079" intervalms="47.325">
  <response-info timems="0.186" idlems="0.183" threads="2" lastid="000000000135DD00" lastname="Thread-36" />
</exclusive-start>
<allocation-taxation id="3657" taxation-threshold="52428800" timestamp="2019-08-09T08:30:43.079" intervalms="47.331" />
<cycle-start id="3658" type="partial gc" contextid="0" timestamp="2019-08-09T08:30:43.079" intervalms="47.334" />
<gc-start id="3659" type="partial gc" contextid="3658" timestamp="2019-08-09T08:30:43.079">
  <mem-info id="3660" free="54525952" total="178257920" percent="30">
    <mem type="eden" free="0" total="52428800" percent="0" />
    <remembered-set count="31424" freebytes="7000704" totalbytes="7126400" percent="98" regionsoverflowed="0" regionsstable="8" regionsrebuilding="0"/>
  </mem-info>
</gc-start>
<allocation-stats totalBytes="52418552" >
  <allocated-bytes non-tlh="0" tlh="52418552" arrayletleaf="0"/>
  <largest-consumer threadName="Thread-30" threadId="0000000001334B00" bytes="8022584" />
</allocation-stats>
<gc-op id="3661" type="copy forward" timems="11.314" contextid="3658" timestamp="2019-08-09T08:30:43.091">
  <memory-copied type="eden" objects="10730" bytes="399920" bytesdiscarded="50152" />
  <memory-copied type="other" objects="10873" bytes="398328" bytesdiscarded="36472" />
  <memory-cardclean objects="19273" bytes="955728" />
  <regions eden="25" other="3" />
  <remembered-set-cleared processed="22669" cleared="3385" durationms="0.168" />
  <stringconstants candidates="15053" cleared="0"  />
</gc-op>
<gc-op id="3662" type="classunload" timems="0.010" contextid="3658" timestamp="2019-08-09T08:30:43.091">
  <classunload-info classloadercandidates="55" classloadersunloaded="0" classesunloaded="0" anonymousclassesunloaded="0" quiescems="0.000" setupms="0.010" scanms="0.000" postms="0.000" />
</gc-op>
<gc-end id="3663" type="partial gc" contextid="3658" durationms="12.444" usertimems="43.653" systemtimems="0.000" timestamp="2019-08-09T08:30:43.092" activeThreads="16">
  <mem-info id="3664" free="106954752" total="178257920" percent="60">
    <mem type="eden" free="1647080" total="2097152" percent="78" />
    <remembered-set count="34720" freebytes="6987520" totalbytes="7126400" percent="98" regionsoverflowed="0" regionsstable="8" regionsrebuilding="0"/>
  </mem-info>
</gc-end>
<cycle-end id="3665" type="partial gc" contextid="3658" timestamp="2019-08-09T08:30:43.092" />
  <attribute name="elasticGC enabled" value="1" />
  <attribute name= "numThreadsSpecified" value="16" />
  <attribute name="heapSize specified" value="0" />
  <attribute name="Current GC Util" value="159" />
  <attribute name= "Current Time Running" value="99278" />
  <attribute name ="GC Interval" value="0" />
  <attribute name="Target GC Util Change" value ="80.000000" />
  <attribute name="Current GC Util Change" value="159.000000"/>
  <attribute name="Current Error" value="-85.000000" />
  <attribute name="Output H" value="178295712"/>
  <attribute name="Output I" value="1952"/>
  <attribute name="Output T" value="16"/>
  <attribute name= "Current Time Running" value="99278" />
  <attribute name="GC Util currently" value="159" />
  <attribute name="CPU Util currently" value="1638144857220" />
<exclusive-end id="3666" timestamp="2019-08-09T08:30:43.092" durationms="13.056" />

<exclusive-start id="3667" timestamp="2019-08-09T08:30:43.136" intervalms="57.126">
  <response-info timems="0.396" idlems="0.141" threads="3" lastid="0000000001361900" lastname="Thread-24" />
</exclusive-start>
<allocation-taxation id="3668" taxation-threshold="52428800" timestamp="2019-08-09T08:30:43.136" intervalms="57.132" />
<cycle-start id="3669" type="partial gc" contextid="0" timestamp="2019-08-09T08:30:43.136" intervalms="57.128" />
<gc-start id="3670" type="partial gc" contextid="3669" timestamp="2019-08-09T08:30:43.136">
  <mem-info id="3671" free="54525952" total="178257920" percent="30">
    <mem type="eden" free="0" total="52428800" percent="0" />
    <remembered-set count="34240" freebytes="6989440" totalbytes="7126400" percent="98" regionsoverflowed="0" regionsstable="8" regionsrebuilding="0"/>
  </mem-info>
</gc-start>
<allocation-stats totalBytes="52419184" >
  <allocated-bytes non-tlh="0" tlh="52419184" arrayletleaf="0"/>
  <largest-consumer threadName="Thread-30" threadId="0000000001334B00" bytes="7719480" />
</allocation-stats>
<gc-op id="3672" type="copy forward" timems="10.098" contextid="3669" timestamp="2019-08-09T08:30:43.149">
  <memory-copied type="eden" objects="18364" bytes="721472" bytesdiscarded="70984" />
  <memory-copied type="other" objects="12439" bytes="435912" bytesdiscarded="31888" />
  <memory-cardclean objects="23696" bytes="1179936" />
  <regions eden="25" other="2" />
  <remembered-set-cleared processed="22955" cleared="3796" durationms="0.169" />
  <stringconstants candidates="15053" cleared="0"  />
</gc-op>
<gc-op id="3673" type="classunload" timems="0.014" contextid="3669" timestamp="2019-08-09T08:30:43.149">
  <classunload-info classloadercandidates="55" classloadersunloaded="0" classesunloaded="0" anonymousclassesunloaded="0" quiescems="0.000" setupms="0.014" scanms="0.000" postms="0.000" />
</gc-op>
<heap-resize id="3674" type="expand" space="default" amount="10485760" count="1" timems="0.074" reason="excessive time being spent in gc" timestamp="2019-08-09T08:30:43.149" />
<gc-end id="3675" type="partial gc" contextid="3669" durationms="13.108" usertimems="22.701" systemtimems="18.966" timestamp="2019-08-09T08:30:43.150" activeThreads="16">
  <mem-info id="3676" free="113246208" total="188743680" percent="60">
    <mem type="eden" free="3401848" total="4194304" percent="81" />
    <remembered-set count="34240" freebytes="7408640" totalbytes="7545600" percent="98" regionsoverflowed="0" regionsstable="8" regionsrebuilding="0"/>
  </mem-info>
</gc-end>
<cycle-end id="3677" type="partial gc" contextid="3669" timestamp="2019-08-09T08:30:43.150" />
  <attribute name="elasticGC enabled" value="1" />
  <attribute name= "numThreadsSpecified" value="16" />
  <attribute name="heapSize specified" value="0" />
  <attribute name="Current GC Util" value="44" />
  <attribute name= "Current Time Running" value="99337" />
  <attribute name ="GC Interval" value="0" />
  <attribute name="Target GC Util Change" value ="80.000000" />
  <attribute name="Current GC Util Change" value="44.000000"/>
  <attribute name="Current Error" value="-27.000000" />
  <attribute name="Output H" value="178295752"/>
  <attribute name="Output I" value="1992"/>
  <attribute name="Output T" value="16"/>
  <attribute name= "Current Time Running" value="99337" />
  <attribute name="GC Util currently" value="44" />
  <attribute name="CPU Util currently" value="532361489276" />
<exclusive-end id="3678" timestamp="2019-08-09T08:30:43.150" durationms="13.790" />

<exclusive-start id="3679" timestamp="2019-08-09T08:30:43.180" intervalms="43.674">
  <response-info timems="1.071" idlems="0.260" threads="4" lastid="000000000135DD00" lastname="Thread-36" />
</exclusive-start>
<allocation-taxation id="3680" taxation-threshold="54525952" timestamp="2019-08-09T08:30:43.180" intervalms="43.671" />
<cycle-start id="3681" type="partial gc" contextid="0" timestamp="2019-08-09T08:30:43.180" intervalms="43.680" />
<gc-start id="3682" type="partial gc" contextid="3681" timestamp="2019-08-09T08:30:43.180">
  <mem-info id="3683" free="58720256" total="188743680" percent="31">
    <mem type="eden" free="0" total="54525952" percent="0" />
    <remembered-set count="33760" freebytes="7410560" totalbytes="7545600" percent="98" regionsoverflowed="0" regionsstable="8" regionsrebuilding="0"/>
  </mem-info>
</gc-start>
<allocation-stats totalBytes="54516032" >
  <allocated-bytes non-tlh="0" tlh="54516032" arrayletleaf="0"/>
  <largest-consumer threadName="Thread-35" threadId="000000000135A200" bytes="6302608" />
</allocation-stats>
<gc-op id="3684" type="copy forward" timems="11.324" contextid="3681" timestamp="2019-08-09T08:30:43.192">
  <memory-copied type="eden" objects="16681" bytes="681064" bytesdiscarded="91384" />
  <memory-copied type="other" objects="24028" bytes="988800" bytesdiscarded="107128" />
  <memory-cardclean objects="18349" bytes="919344" />
  <regions eden="26" other="3" />
  <remembered-set-cleared processed="23169" cleared="2882" durationms="0.170" />
  <stringconstants candidates="15053" cleared="0"  />
</gc-op>
<gc-op id="3685" type="classunload" timems="0.010" contextid="3681" timestamp="2019-08-09T08:30:43.192">
  <classunload-info classloadercandidates="55" classloadersunloaded="0" classesunloaded="0" anonymousclassesunloaded="0" quiescems="0.000" setupms="0.010" scanms="0.000" postms="0.000" />
</gc-op>
<heap-resize id="3686" type="expand" space="default" amount="6291456" count="1" timems="0.061" reason="excessive time being spent in gc" timestamp="2019-08-09T08:30:43.193" />
<gc-end id="3687" type="partial gc" contextid="3681" durationms="12.655" usertimems="21.000" systemtimems="10.548" timestamp="2019-08-09T08:30:43.193" activeThreads="16">
  <mem-info id="3688" free="117440512" total="195035136" percent="60">
    <mem type="eden" free="3421856" total="4194304" percent="81" />
    <remembered-set count="37472" freebytes="7647232" totalbytes="7797120" percent="98" regionsoverflowed="0" regionsstable="8" regionsrebuilding="0"/>
  </mem-info>
</gc-end>
<cycle-end id="3689" type="partial gc" contextid="3681" timestamp="2019-08-09T08:30:43.193" />
  <attribute name="elasticGC enabled" value="1" />
  <attribute name= "numThreadsSpecified" value="16" />
  <attribute name="heapSize specified" value="0" />
  <attribute name="Current GC Util" value="111" />
  <attribute name= "Current Time Running" value="99379" />
  <attribute name ="GC Interval" value="0" />
  <attribute name="Target GC Util Change" value ="80.000000" />
  <attribute name="Current GC Util Change" value="111.000000"/>
  <attribute name="Current Error" value="-55.000000" />
  <attribute name="Output H" value="188781496"/>
  <attribute name="Output I" value="1976"/>
  <attribute name="Output T" value="16"/>
  <attribute name= "Current Time Running" value="99379" />
  <attribute name="GC Util currently" value="111" />
  <attribute name="CPU Util currently" value="1471340013378" />
<exclusive-end id="3690" timestamp="2019-08-09T08:30:43.193" durationms="13.321" />

<exclusive-start id="3691" timestamp="2019-08-09T08:30:43.250" intervalms="70.738">
  <response-info timems="3.949" idlems="3.949" threads="0" lastid="0000000001374500" lastname="Thread-26" />
</exclusive-start>
<allocation-taxation id="3692" taxation-threshold="56623104" timestamp="2019-08-09T08:30:43.250" intervalms="70.740" />
<cycle-start id="3693" type="partial gc" contextid="0" timestamp="2019-08-09T08:30:43.250" intervalms="70.742" />
<gc-start id="3694" type="partial gc" contextid="3693" timestamp="2019-08-09T08:30:43.251">
  <mem-info id="3695" free="60817408" total="195035136" percent="31">
    <mem type="eden" free="0" total="56623104" percent="0" />
    <remembered-set count="37024" freebytes="7649024" totalbytes="7797120" percent="98" regionsoverflowed="0" regionsstable="8" regionsrebuilding="0"/>
  </mem-info>
</gc-start>
<allocation-stats totalBytes="56612688" >
  <allocated-bytes non-tlh="0" tlh="56612688" arrayletleaf="0"/>
  <largest-consumer threadName="Thread-30" threadId="0000000001334B00" bytes="5241864" />
</allocation-stats>
<gc-op id="3696" type="copy forward" timems="12.441" contextid="3693" timestamp="2019-08-09T08:30:43.264">
  <memory-copied type="eden" objects="18417" bytes="721672" bytesdiscarded="87568" />
  <memory-copied type="other" objects="18657" bytes="722520" bytesdiscarded="54424" />
  <memory-cardclean objects="27304" bytes="1382304" />
  <regions eden="27" other="4" />
  <remembered-set-cleared processed="23396" cleared="6330" durationms="0.162" />
  <stringconstants candidates="15053" cleared="0"  />
</gc-op>
<gc-op id="3697" type="classunload" timems="0.011" contextid="3693" timestamp="2019-08-09T08:30:43.264">
  <classunload-info classloadercandidates="55" classloadersunloaded="0" classesunloaded="0" anonymousclassesunloaded="0" quiescems="0.000" setupms="0.010" scanms="0.000" postms="0.000" />
</gc-op>
<gc-end id="3698" type="partial gc" contextid="3693" durationms="13.517" usertimems="20.173" systemtimems="14.810" timestamp="2019-08-09T08:30:43.264" activeThreads="16">
  <mem-info id="3699" free="117440512" total="195035136" percent="60">
    <mem type="eden" free="1287912" total="2097152" percent="61" />
    <remembered-set count="34912" freebytes="7657472" totalbytes="7797120" percent="98" regionsoverflowed="0" regionsstable="8" regionsrebuilding="0"/>
  </mem-info>
</gc-end>
<cycle-end id="3700" type="partial gc" contextid="3693" timestamp="2019-08-09T08:30:43.264" />
  <attribute name="elasticGC enabled" value="1" />
  <attribute name= "numThreadsSpecified" value="16" />
  <attribute name="heapSize specified" value="0" />
  <attribute name="Current GC Util" value="124" />
  <attribute name= "Current Time Running" value="99449" />
  <attribute name ="GC Interval" value="0" />
  <attribute name="Target GC Util Change" value ="80.000000" />
  <attribute name="Current GC Util Change" value="124.000000"/>
  <attribute name="Current Error" value="-8.000000" />
  <attribute name="Output H" value="195072976"/>
  <attribute name="Output I" value="2000"/>
  <attribute name="Output T" value="16"/>
  <attribute name= "Current Time Running" value="99449" />
  <attribute name="GC Util currently" value="124" />
  <attribute name="CPU Util currently" value="1919168750979" />
<exclusive-end id="3701" timestamp="2019-08-09T08:30:43.265" durationms="14.241" />

<exclusive-start id="3702" timestamp="2019-08-09T08:30:43.302" intervalms="51.784">
  <response-info timems="0.490" idlems="0.490" threads="0" lastid="0000000001374500" lastname="Thread-26" />
</exclusive-start>
<allocation-taxation id="3703" taxation-threshold="56623104" timestamp="2019-08-09T08:30:43.302" intervalms="51.794" />
<cycle-start id="3704" type="partial gc" contextid="0" timestamp="2019-08-09T08:30:43.302" intervalms="51.792" />
<gc-start id="3705" type="partial gc" contextid="3704" timestamp="2019-08-09T08:30:43.303">
  <mem-info id="3706" free="60817408" total="195035136" percent="31">
    <mem type="eden" free="0" total="56623104" percent="0" />
    <remembered-set count="34720" freebytes="7658240" totalbytes="7797120" percent="98" regionsoverflowed="0" regionsstable="8" regionsrebuilding="0"/>
  </mem-info>
</gc-start>
<allocation-stats totalBytes="56612608" >
  <allocated-bytes non-tlh="0" tlh="56612608" arrayletleaf="0"/>
  <largest-consumer threadName="Thread-30" threadId="0000000001334B00" bytes="5897144" />
</allocation-stats>
<gc-op id="3707" type="copy forward" timems="10.219" contextid="3704" timestamp="2019-08-09T08:30:43.314">
  <memory-copied type="eden" objects="14961" bytes="501968" bytesdiscarded="44936" />
  <memory-copied type="other" objects="22808" bytes="959520" bytesdiscarded="98840" />
  <memory-cardclean objects="15369" bytes="786960" />
  <regions eden="27" other="3" />
  <remembered-set-cleared processed="22054" cleared="8848" durationms="0.485" />
  <stringconstants candidates="15053" cleared="0"  />
</gc-op>
<gc-op id="3708" type="classunload" timems="0.013" contextid="3704" timestamp="2019-08-09T08:30:43.314">
  <classunload-info classloadercandidates="55" classloadersunloaded="0" classesunloaded="0" anonymousclassesunloaded="0" quiescems="0.000" setupms="0.012" scanms="0.000" postms="0.000" />
</gc-op>
<gc-end id="3709" type="partial gc" contextid="3704" durationms="11.343" usertimems="21.631" systemtimems="12.226" timestamp="2019-08-09T08:30:43.314" activeThreads="16">
  <mem-info id="3710" free="117440512" total="195035136" percent="60">
    <mem type="eden" free="1550248" total="2097152" percent="73" />
    <remembered-set count="29760" freebytes="7678080" totalbytes="7797120" percent="98" regionsoverflowed="0" regionsstable="8" regionsrebuilding="0"/>
  </mem-info>
</gc-end>
<cycle-end id="3711" type="partial gc" contextid="3704" timestamp="2019-08-09T08:30:43.314" />
  <attribute name="elasticGC enabled" value="1" />
  <attribute name= "numThreadsSpecified" value="16" />
  <attribute name="heapSize specified" value="0" />
  <attribute name="Current GC Util" value="174" />
  <attribute name= "Current Time Running" value="99501" />
  <attribute name ="GC Interval" value="0" />
  <attribute name="Target GC Util Change" value ="80.000000" />
  <attribute name="Current GC Util Change" value="174.000000"/>
  <attribute name="Current Error" value="-89.000000" />
  <attribute name="Output H" value="195072928"/>
  <attribute name="Output I" value="1952"/>
  <attribute name="Output T" value="16"/>
  <attribute name= "Current Time Running" value="99501" />
  <attribute name="GC Util currently" value="174" />
  <attribute name="CPU Util currently" value="2280041916161" />
<exclusive-end id="3712" timestamp="2019-08-09T08:30:43.314" durationms="11.976" />

<exclusive-start id="3713" timestamp="2019-08-09T08:30:43.374" intervalms="72.094">
  <response-info timems="3.176" idlems="3.176" threads="0" lastid="0000000001334B00" lastname="Thread-30" />
</exclusive-start>
<allocation-taxation id="3714" taxation-threshold="56623104" timestamp="2019-08-09T08:30:43.374" intervalms="72.081" />
<cycle-start id="3715" type="partial gc" contextid="0" timestamp="2019-08-09T08:30:43.374" intervalms="72.055" />
<gc-start id="3716" type="partial gc" contextid="3715" timestamp="2019-08-09T08:30:43.375">
  <mem-info id="3717" free="60817408" total="195035136" percent="31">
    <mem type="eden" free="0" total="56623104" percent="0" />
    <remembered-set count="29344" freebytes="7679744" totalbytes="7797120" percent="98" regionsoverflowed="0" regionsstable="8" regionsrebuilding="0"/>
  </mem-info>
</gc-start>
<allocation-stats totalBytes="56612720" >
  <allocated-bytes non-tlh="0" tlh="56612720" arrayletleaf="0"/>
  <largest-consumer threadName="Thread-27" threadId="0000000001347600" bytes="6544248" />
</allocation-stats>
<gc-op id="3718" type="copy forward" timems="12.302" contextid="3715" timestamp="2019-08-09T08:30:43.388">
  <memory-copied type="eden" objects="8543" bytes="210784" bytesdiscarded="32000" />
  <memory-copied type="other" objects="17191" bytes="549960" bytesdiscarded="49424" />
  <memory-cardclean objects="24577" bytes="1248352" />
  <regions eden="27" other="2" />
  <remembered-set-cleared processed="16588" cleared="3959" durationms="0.880" />
  <stringconstants candidates="15053" cleared="0"  />
</gc-op>
<gc-op id="3719" type="classunload" timems="0.011" contextid="3715" timestamp="2019-08-09T08:30:43.388">
  <classunload-info classloadercandidates="55" classloadersunloaded="0" classesunloaded="0" anonymousclassesunloaded="0" quiescems="0.000" setupms="0.011" scanms="0.000" postms="0.000" />
</gc-op>
<heap-resize id="3720" type="expand" space="default" amount="4194304" count="1" timems="0.055" reason="excessive time being spent in gc" timestamp="2019-08-09T08:30:43.389" />
<gc-end id="3721" type="partial gc" contextid="3715" durationms="14.007" usertimems="17.480" systemtimems="17.706" timestamp="2019-08-09T08:30:43.389" activeThreads="16">
  <mem-info id="3722" free="119537664" total="199229440" percent="60">
    <mem type="eden" free="1854368" total="2097152" percent="88" />
    <remembered-set count="28224" freebytes="7851904" totalbytes="7964800" percent="98" regionsoverflowed="0" regionsstable="8" regionsrebuilding="0"/>
  </mem-info>
</gc-end>
<cycle-end id="3723" type="partial gc" contextid="3715" timestamp="2019-08-09T08:30:43.389" />
  <attribute name="elasticGC enabled" value="1" />
  <attribute name= "numThreadsSpecified" value="16" />
  <attribute name="heapSize specified" value="0" />
  <attribute name="Current GC Util" value="120" />
  <attribute name= "Current Time Running" value="99574" />
  <attribute name ="GC Interval" value="0" />
  <attribute name="Target GC Util Change" value ="80.000000" />
  <attribute name="Current GC Util Change" value="120.000000"/>
  <attribute name="Current Error" value="-94.000000" />
  <attribute name="Output H" value="195072928"/>
  <attribute name="Output I" value="1952"/>
  <attribute name="Output T" value="16"/>
  <attribute name= "Current Time Running" value="99574" />
  <attribute name="GC Util currently" value="120" />
  <attribute name="CPU Util currently" value="998147660627" />
<exclusive-end id="3724" timestamp="2019-08-09T08:30:43.389" durationms="14.549" />

<exclusive-start id="3725" timestamp="2019-08-09T08:30:43.418" intervalms="43.271">
  <response-info timems="0.517" idlems="0.253" threads="2" lastid="0000000001356600" lastname="Thread-31" />
</exclusive-start>
<allocation-taxation id="3726" taxation-threshold="56623104" timestamp="2019-08-09T08:30:43.418" intervalms="43.283" />
<cycle-start id="3727" type="partial gc" contextid="0" timestamp="2019-08-09T08:30:43.418" intervalms="43.350" />
<gc-start id="3728" type="partial gc" contextid="3727" timestamp="2019-08-09T08:30:43.418">
  <mem-info id="3729" free="62914560" total="199229440" percent="31">
    <mem type="eden" free="0" total="56623104" percent="0" />
    <remembered-set count="27904" freebytes="7853184" totalbytes="7964800" percent="98" regionsoverflowed="0" regionsstable="8" regionsrebuilding="0"/>
  </mem-info>
</gc-start>
<allocation-stats totalBytes="56612968" >
  <allocated-bytes non-tlh="0" tlh="56612968" arrayletleaf="0"/>
  <largest-consumer threadName="Thread-24" threadId="0000000001361900" bytes="7015176" />
</allocation-stats>
<gc-op id="3730" type="copy forward" timems="16.304" contextid="3727" timestamp="2019-08-09T08:30:43.435">
  <memory-copied type="eden" objects="17208" bytes="694176" bytesdiscarded="49616" />
  <memory-copied type="other" objects="27776" bytes="1078752" bytesdiscarded="54568" />
  <memory-cardclean objects="22163" bytes="1086264" />
  <regions eden="27" other="2" />
  <remembered-set-cleared processed="15158" cleared="3012" durationms="0.163" />
  <stringconstants candidates="15053" cleared="0"  />
</gc-op>
<gc-op id="3731" type="classunload" timems="0.011" contextid="3727" timestamp="2019-08-09T08:30:43.435">
  <classunload-info classloadercandidates="55" classloadersunloaded="0" classesunloaded="0" anonymousclassesunloaded="0" quiescems="0.000" setupms="0.011" scanms="0.000" postms="0.000" />
</gc-op>
<heap-resize id="3732" type="expand" space="default" amount="6291456" count="1" timems="0.056" reason="excessive time being spent in gc" timestamp="2019-08-09T08:30:43.435" />
<gc-end id="3733" type="partial gc" contextid="3727" durationms="17.494" usertimems="19.410" systemtimems="18.177" timestamp="2019-08-09T08:30:43.435" activeThreads="16">
  <mem-info id="3734" free="123731968" total="205520896" percent="60">
    <mem type="eden" free="1353360" total="2097152" percent="64" />
    <remembered-set count="28384" freebytes="8102784" totalbytes="8216320" percent="98" regionsoverflowed="0" regionsstable="8" regionsrebuilding="0"/>
  </mem-info>
</gc-end>
<cycle-end id="3735" type="partial gc" contextid="3727" timestamp="2019-08-09T08:30:43.436" />
  <attribute name="elasticGC enabled" value="1" />
  <attribute name= "numThreadsSpecified" value="16" />
  <attribute name="heapSize specified" value="0" />
  <attribute name="Current GC Util" value="138" />
  <attribute name= "Current Time Running" value="99617" />
  <attribute name ="GC Interval" value="0" />
  <attribute name="Target GC Util Change" value ="80.000000" />
  <attribute name="Current GC Util Change" value="138.000000"/>
  <attribute name="Current Error" value="-58.000000" />
  <attribute name="Output H" value="199267248"/>
  <attribute name="Output I" value="1968"/>
  <attribute name="Output T" value="16"/>
  <attribute name= "Current Time Running" value="99617" />
  <attribute name="GC Util currently" value="138" />
  <attribute name="CPU Util currently" value="1759981185104" />
<exclusive-end id="3736" timestamp="2019-08-09T08:30:43.436" durationms="18.230" />

<exclusive-start id="3737" timestamp="2019-08-09T08:30:43.511" intervalms="93.530">
  <response-info timems="0.302" idlems="0.163" threads="1" lastid="0000000001356600" lastname="Thread-31" />
</exclusive-start>
<allocation-taxation id="3738" taxation-threshold="58720256" timestamp="2019-08-09T08:30:43.511" intervalms="93.531" />
<cycle-start id="3739" type="partial gc" contextid="0" timestamp="2019-08-09T08:30:43.511" intervalms="93.681" />
<gc-start id="3740" type="partial gc" contextid="3739" timestamp="2019-08-09T08:30:43.512">
  <mem-info id="3741" free="65011712" total="205520896" percent="31">
    <mem type="eden" free="0" total="58720256" percent="0" />
    <remembered-set count="28384" freebytes="8102784" totalbytes="8216320" percent="98" regionsoverflowed="0" regionsstable="8" regionsrebuilding="0"/>
  </mem-info>
</gc-start>
<allocation-stats totalBytes="58709768" >
  <allocated-bytes non-tlh="0" tlh="58709768" arrayletleaf="0"/>
  <largest-consumer threadName="Thread-33" threadId="0000000001352A00" bytes="8927944" />
</allocation-stats>
<gc-op id="3742" type="copy forward" timems="14.674" contextid="3739" timestamp="2019-08-09T08:30:43.527">
  <memory-copied type="eden" objects="13200" bytes="458976" bytesdiscarded="61680" />
  <memory-copied type="other" objects="17567" bytes="696360" bytesdiscarded="73840" />
  <memory-cardclean objects="18060" bytes="939528" />
  <regions eden="28" other="3" />
  <remembered-set-cleared processed="16341" cleared="4391" durationms="0.771" />
  <stringconstants candidates="15053" cleared="0"  />
</gc-op>
<gc-op id="3743" type="classunload" timems="0.011" contextid="3739" timestamp="2019-08-09T08:30:43.527">
  <classunload-info classloadercandidates="55" classloadersunloaded="0" classesunloaded="0" anonymousclassesunloaded="0" quiescems="0.000" setupms="0.010" scanms="0.000" postms="0.000" />
</gc-op>
<heap-resize id="3744" type="expand" space="default" amount="20971520" count="1" timems="0.078" reason="excessive time being spent in gc" timestamp="2019-08-09T08:30:43.528" />
<gc-end id="3745" type="partial gc" contextid="3739" durationms="15.982" usertimems="19.571" systemtimems="29.318" timestamp="2019-08-09T08:30:43.528" activeThreads="16">
  <mem-info id="3746" free="136314880" total="226492416" percent="60">
    <mem type="eden" free="7867952" total="8388608" percent="93" />
    <remembered-set count="28320" freebytes="8941440" totalbytes="9054720" percent="98" regionsoverflowed="0" regionsstable="8" regionsrebuilding="0"/>
  </mem-info>
</gc-end>
<cycle-end id="3747" type="partial gc" contextid="3739" timestamp="2019-08-09T08:30:43.528" />
  <attribute name="elasticGC enabled" value="1" />
  <attribute name= "numThreadsSpecified" value="16" />
  <attribute name="heapSize specified" value="0" />
  <attribute name="Current GC Util" value="0" />
  <attribute name= "Current Time Running" value="99710" />
  <attribute name ="GC Interval" value="0" />
  <attribute name="Target GC Util Change" value ="80.000000" />
  <attribute name="Current GC Util Change" value="0.000000"/>
  <attribute name="Current Error" value="63.000000" />
  <attribute name="Output H" value="205558776"/>
  <attribute name="Output I" value="2040"/>
  <attribute name="Output T" value="16"/>
  <attribute name= "Current Time Running" value="99710" />
  <attribute name="GC Util currently" value="0" />
  <attribute name="CPU Util currently" value="1757204854945" />
<exclusive-end id="3748" timestamp="2019-08-09T08:30:43.528" durationms="16.827" />

<exclusive-start id="3749" timestamp="2019-08-09T08:30:43.557" intervalms="45.460">
  <response-info timems="1.231" idlems="1.231" threads="0" lastid="0000000001352A00" lastname="Thread-33" />
</exclusive-start>
<allocation-taxation id="3750" taxation-threshold="62914560" timestamp="2019-08-09T08:30:43.557" intervalms="45.472" />
<cycle-start id="3751" type="partial gc" contextid="0" timestamp="2019-08-09T08:30:43.557" intervalms="45.286" />
<gc-start id="3752" type="partial gc" contextid="3751" timestamp="2019-08-09T08:30:43.557">
  <mem-info id="3753" free="73400320" total="226492416" percent="32">
    <mem type="eden" free="0" total="62914560" percent="0" />
    <remembered-set count="28224" freebytes="8941824" totalbytes="9054720" percent="98" regionsoverflowed="0" regionsstable="8" regionsrebuilding="0"/>
  </mem-info>
</gc-start>
<allocation-stats totalBytes="62903200" >
  <allocated-bytes non-tlh="0" tlh="62903200" arrayletleaf="0"/>
  <largest-consumer threadName="Thread-24" threadId="0000000001361900" bytes="8444544" />
</allocation-stats>
<gc-op id="3754" type="copy forward" timems="12.235" contextid="3751" timestamp="2019-08-09T08:30:43.571">
  <memory-copied type="eden" objects="11305" bytes="412984" bytesdiscarded="46304" />
  <memory-copied type="other" objects="45914" bytes="1926568" bytesdiscarded="203304" />
  <memory-cardclean objects="18299" bytes="897960" />
  <regions eden="30" other="7" />
  <remembered-set-cleared processed="13061" cleared="4561" durationms="0.347" />
  <stringconstants candidates="15053" cleared="0"  />
</gc-op>
<gc-op id="3755" type="classunload" timems="0.010" contextid="3751" timestamp="2019-08-09T08:30:43.571">
  <classunload-info classloadercandidates="55" classloadersunloaded="0" classesunloaded="0" anonymousclassesunloaded="0" quiescems="0.000" setupms="0.010" scanms="0.000" postms="0.000" />
</gc-op>
<gc-end id="3756" type="partial gc" contextid="3751" durationms="13.796" usertimems="26.316" systemtimems="19.574" timestamp="2019-08-09T08:30:43.571" activeThreads="16">
  <mem-info id="3757" free="140509184" total="226492416" percent="62">
    <mem type="eden" free="1637864" total="2097152" percent="78" />
    <remembered-set count="28544" freebytes="8940544" totalbytes="9054720" percent="98" regionsoverflowed="0" regionsstable="8" regionsrebuilding="0"/>
  </mem-info>
</gc-end>
<cycle-end id="3758" type="partial gc" contextid="3751" timestamp="2019-08-09T08:30:43.571" />
  <attribute name="elasticGC enabled" value="1" />
  <attribute name= "numThreadsSpecified" value="16" />
  <attribute name="heapSize specified" value="0" />
  <attribute name="Current GC Util" value="109" />
  <attribute name= "Current Time Running" value="99756" />
  <attribute name ="GC Interval" value="0" />
  <attribute name="Target GC Util Change" value ="80.000000" />
  <attribute name="Current GC Util Change" value="109.000000"/>
  <attribute name="Current Error" value="4.000000" />
  <attribute name="Output H" value="226530264"/>
  <attribute name="Output I" value="2008"/>
  <attribute name="Output T" value="16"/>
  <attribute name= "Current Time Running" value="99756" />
  <attribute name="GC Util currently" value="109" />
  <attribute name="CPU Util currently" value="1048540296310" />
<exclusive-end id="3759" timestamp="2019-08-09T08:30:43.571" durationms="14.424" />

<exclusive-start id="3760" timestamp="2019-08-09T08:30:43.601" intervalms="44.423">
  <response-info timems="0.352" idlems="0.352" threads="0" lastid="0000000001356600" lastname="Thread-31" />
</exclusive-start>
<allocation-taxation id="3761" taxation-threshold="62914560" timestamp="2019-08-09T08:30:43.601" intervalms="44.398" />
<cycle-start id="3762" type="partial gc" contextid="0" timestamp="2019-08-09T08:30:43.601" intervalms="44.386" />
<gc-start id="3763" type="partial gc" contextid="3762" timestamp="2019-08-09T08:30:43.601">
  <mem-info id="3764" free="77594624" total="226492416" percent="34">
    <mem type="eden" free="0" total="62914560" percent="0" />
    <remembered-set count="28160" freebytes="8942080" totalbytes="9054720" percent="98" regionsoverflowed="0" regionsstable="8" regionsrebuilding="0"/>
  </mem-info>
</gc-start>
<allocation-stats totalBytes="62903328" >
  <allocated-bytes non-tlh="0" tlh="62903328" arrayletleaf="0"/>
  <largest-consumer threadName="Thread-25" threadId="000000000132D300" bytes="7310184" />
</allocation-stats>
<gc-op id="3765" type="copy forward" timems="20.433" contextid="3762" timestamp="2019-08-09T08:30:43.623">
  <memory-copied type="eden" objects="8216" bytes="202552" bytesdiscarded="25856" />
  <memory-copied type="other" objects="27428" bytes="1070400" bytesdiscarded="93424" />
  <memory-cardclean objects="26272" bytes="1381456" />
  <regions eden="30" other="3" />
  <remembered-set-cleared processed="13633" cleared="4623" durationms="0.153" />
  <stringconstants candidates="15053" cleared="0"  />
</gc-op>
<gc-op id="3766" type="classunload" timems="0.011" contextid="3762" timestamp="2019-08-09T08:30:43.623">
  <classunload-info classloadercandidates="55" classloadersunloaded="0" classesunloaded="0" anonymousclassesunloaded="0" quiescems="0.000" setupms="0.010" scanms="0.000" postms="0.000" />
</gc-op>
<gc-end id="3767" type="partial gc" contextid="3762" durationms="22.026" usertimems="54.946" systemtimems="17.351" timestamp="2019-08-09T08:30:43.623" activeThreads="16">
  <mem-info id="3768" free="136314880" total="226492416" percent="60">
    <mem type="eden" free="3965896" total="4194304" percent="94" />
    <remembered-set count="28832" freebytes="8939392" totalbytes="9054720" percent="98" regionsoverflowed="0" regionsstable="8" regionsrebuilding="0"/>
  </mem-info>
</gc-end>
<cycle-end id="3769" type="partial gc" contextid="3762" timestamp="2019-08-09T08:30:43.623" />
  <attribute name="elasticGC enabled" value="1" />
  <attribute name= "numThreadsSpecified" value="16" />
  <attribute name="heapSize specified" value="0" />
  <attribute name="Current GC Util" value="145" />
  <attribute name= "Current Time Running" value="99800" />
  <attribute name ="GC Interval" value="0" />
  <attribute name="Target GC Util Change" value ="80.000000" />
  <attribute name="Current GC Util Change" value="145.000000"/>
  <attribute name="Current Error" value="-88.000000" />
  <attribute name="Output H" value="226530208"/>
  <attribute name="Output I" value="1952"/>
  <attribute name="Output T" value="16"/>
  <attribute name= "Current Time Running" value="99800" />
  <attribute name="GC Util currently" value="145" />
  <attribute name="CPU Util currently" value="1038132992764" />
<exclusive-end id="3770" timestamp="2019-08-09T08:30:43.623" durationms="22.571" />

<exclusive-start id="3771" timestamp="2019-08-09T08:30:43.666" intervalms="64.951">
  <response-info timems="2.802" idlems="2.802" threads="0" lastid="0000000001352A00" lastname="Thread-33" />
</exclusive-start>
<allocation-taxation id="3772" taxation-threshold="62914560" timestamp="2019-08-09T08:30:43.666" intervalms="64.945" />
<cycle-start id="3773" type="partial gc" contextid="0" timestamp="2019-08-09T08:30:43.666" intervalms="64.947" />
<gc-start id="3774" type="partial gc" contextid="3773" timestamp="2019-08-09T08:30:43.667">
  <mem-info id="3775" free="73400320" total="226492416" percent="32">
    <mem type="eden" free="0" total="62914560" percent="0" />
    <remembered-set count="28416" freebytes="8941056" totalbytes="9054720" percent="98" regionsoverflowed="0" regionsstable="8" regionsrebuilding="0"/>
  </mem-info>
</gc-start>
<allocation-stats totalBytes="62903160" >
  <allocated-bytes non-tlh="0" tlh="62903160" arrayletleaf="0"/>
  <largest-consumer threadName="Thread-33" threadId="0000000001352A00" bytes="7686888" />
</allocation-stats>
<gc-op id="3776" type="copy forward" timems="13.827" contextid="3773" timestamp="2019-08-09T08:30:43.682">
  <memory-copied type="eden" objects="21973" bytes="807360" bytesdiscarded="53272" />
  <memory-copied type="other" objects="29024" bytes="1246080" bytesdiscarded="83832" />
  <memory-cardclean objects="21444" bytes="1119456" />
  <regions eden="30" other="4" />
  <remembered-set-cleared processed="14666" cleared="4970" durationms="0.542" />
  <stringconstants candidates="15053" cleared="0"  />
</gc-op>
<gc-op id="3777" type="classunload" timems="0.010" contextid="3773" timestamp="2019-08-09T08:30:43.682">
  <classunload-info classloadercandidates="55" classloadersunloaded="0" classesunloaded="0" anonymousclassesunloaded="0" quiescems="0.000" setupms="0.010" scanms="0.000" postms="0.000" />
</gc-op>
<gc-end id="3778" type="partial gc" contextid="3773" durationms="15.136" usertimems="28.329" systemtimems="17.326" timestamp="2019-08-09T08:30:43.682" activeThreads="16">
  <mem-info id="3779" free="136314880" total="226492416" percent="60">
    <mem type="eden" free="1236520" total="2097152" percent="58" />
    <remembered-set count="29056" freebytes="8938496" totalbytes="9054720" percent="98" regionsoverflowed="0" regionsstable="8" regionsrebuilding="0"/>
  </mem-info>
</gc-end>
<cycle-end id="3780" type="partial gc" contextid="3773" timestamp="2019-08-09T08:30:43.682" />
  <attribute name="elasticGC enabled" value="1" />
  <attribute name= "numThreadsSpecified" value="16" />
  <attribute name="heapSize specified" value="0" />
  <attribute name="Current GC Util" value="153" />
  <attribute name= "Current Time Running" value="99865" />
  <attribute name ="GC Interval" value="0" />
  <attribute name="Target GC Util Change" value ="80.000000" />
  <attribute name="Current GC Util Change" value="153.000000"/>
  <attribute name="Current Error" value="-191.000000" />
  <attribute name="Output H" value="226530152"/>
  <attribute name="Output I" value="1896"/>
  <attribute name="Output T" value="16"/>
  <attribute name= "Current Time Running" value="99865" />
  <attribute name="GC Util currently" value="153" />
  <attribute name="CPU Util currently" value="1645523789685" />
<exclusive-end id="3781" timestamp="2019-08-09T08:30:43.682" durationms="16.051" />

<exclusive-start id="3782" timestamp="2019-08-09T08:30:43.710" intervalms="44.296">
  <response-info timems="0.303" idlems="0.166" threads="1" lastid="000000000135DD00" lastname="Thread-36" />
</exclusive-start>
<allocation-taxation id="3783" taxation-threshold="62914560" timestamp="2019-08-09T08:30:43.710" intervalms="44.301" />
<cycle-start id="3784" type="partial gc" contextid="0" timestamp="2019-08-09T08:30:43.710" intervalms="44.299" />
<gc-start id="3785" type="partial gc" contextid="3784" timestamp="2019-08-09T08:30:43.711">
  <mem-info id="3786" free="73400320" total="226492416" percent="32">
    <mem type="eden" free="0" total="62914560" percent="0" />
    <remembered-set count="28960" freebytes="8938880" totalbytes="9054720" percent="98" regionsoverflowed="0" regionsstable="8" regionsrebuilding="0"/>
  </mem-info>
</gc-start>
<allocation-stats totalBytes="62903104" >
  <allocated-bytes non-tlh="0" tlh="62903104" arrayletleaf="0"/>
  <largest-consumer threadName="Thread-33" threadId="0000000001352A00" bytes="8477240" />
</allocation-stats>
<gc-op id="3787" type="copy forward" timems="15.045" contextid="3784" timestamp="2019-08-09T08:30:43.727">
  <memory-copied type="eden" objects="20576" bytes="911752" bytesdiscarded="110936" />
  <memory-copied type="other" objects="17157" bytes="686520" bytesdiscarded="80144" />
  <memory-cardclean objects="18271" bytes="952320" />
  <regions eden="30" other="3" />
  <remembered-set-cleared processed="15300" cleared="3503" durationms="0.190" />
  <stringconstants candidates="15053" cleared="0"  />
</gc-op>
<gc-op id="3788" type="classunload" timems="0.013" contextid="3784" timestamp="2019-08-09T08:30:43.727">
  <classunload-info classloadercandidates="55" classloadersunloaded="0" classesunloaded="0" anonymousclassesunloaded="0" quiescems="0.000" setupms="0.013" scanms="0.000" postms="0.000" />
</gc-op>
<heap-resize id="3789" type="expand" space="default" amount="4194304" count="1" timems="0.061" reason="excessive time being spent in gc" timestamp="2019-08-09T08:30:43.727" />
<gc-end id="3790" type="partial gc" contextid="3784" durationms="16.445" usertimems="50.180" systemtimems="0.000" timestamp="2019-08-09T08:30:43.727" activeThreads="16">
  <mem-info id="3791" free="138412032" total="230686720" percent="60">
    <mem type="eden" free="1074464" total="2097152" percent="51" />
    <remembered-set count="30016" freebytes="9102336" totalbytes="9222400" percent="98" regionsoverflowed="0" regionsstable="8" regionsrebuilding="0"/>
  </mem-info>
</gc-end>
<cycle-end id="3792" type="partial gc" contextid="3784" timestamp="2019-08-09T08:30:43.727" />
  <attribute name="elasticGC enabled" value="1" />
  <attribute name= "numThreadsSpecified" value="16" />
  <attribute name="heapSize specified" value="0" />
  <attribute name="Current GC Util" value="153" />
  <attribute name= "Current Time Running" value="99909" />
  <attribute name ="GC Interval" value="0" />
  <attribute name="Target GC Util Change" value ="80.000000" />
  <attribute name="Current GC Util Change" value="153.000000"/>
  <attribute name="Current Error" value="-288.000000" />
  <attribute name="Output H" value="226530096"/>
  <attribute name="Output I" value="1840"/>
  <attribute name="Output T" value="16"/>
  <attribute name= "Current Time Running" value="99909" />
  <attribute name="GC Util currently" value="153" />
  <attribute name="CPU Util currently" value="1830661676448" />
<exclusive-end id="3793" timestamp="2019-08-09T08:30:43.727" durationms="16.989" />

<exclusive-start id="3794" timestamp="2019-08-09T08:30:43.763" intervalms="52.921">
  <response-info timems="0.521" idlems="0.521" threads="0" lastid="000000000135DD00" lastname="Thread-36" />
</exclusive-start>
<allocation-taxation id="3795" taxation-threshold="65011712" timestamp="2019-08-09T08:30:43.763" intervalms="52.916" />
<cycle-start id="3796" type="partial gc" contextid="0" timestamp="2019-08-09T08:30:43.763" intervalms="52.915" />
<gc-start id="3797" type="partial gc" contextid="3796" timestamp="2019-08-09T08:30:43.763">
  <mem-info id="3798" free="73400320" total="230686720" percent="31">
    <mem type="eden" free="0" total="65011712" percent="0" />
    <remembered-set count="29568" freebytes="9104128" totalbytes="9222400" percent="98" regionsoverflowed="0" regionsstable="8" regionsrebuilding="0"/>
  </mem-info>
</gc-start>
<allocation-stats totalBytes="64999848" >
  <allocated-bytes non-tlh="0" tlh="64999848" arrayletleaf="0"/>
  <largest-consumer threadName="Thread-34" threadId="0000000001330F00" bytes="8616576" />
</allocation-stats>
<gc-op id="3799" type="copy forward" timems="13.725" contextid="3796" timestamp="2019-08-09T08:30:43.778">
  <memory-copied type="eden" objects="8070" bytes="199808" bytesdiscarded="38592" />
  <memory-copied type="other" objects="36226" bytes="1556304" bytesdiscarded="162216" />
  <memory-cardclean objects="23335" bytes="1165344" />
  <regions eden="31" other="3" />
  <remembered-set-cleared processed="15326" cleared="4104" durationms="0.163" />
  <stringconstants candidates="15053" cleared="0"  />
</gc-op>
<gc-op id="3800" type="classunload" timems="0.011" contextid="3796" timestamp="2019-08-09T08:30:43.778">
  <classunload-info classloadercandidates="55" classloadersunloaded="0" classesunloaded="0" anonymousclassesunloaded="0" quiescems="0.000" setupms="0.010" scanms="0.000" postms="0.000" />
</gc-op>
<heap-resize id="3801" type="expand" space="default" amount="10485760" count="1" timems="0.064" reason="excessive time being spent in gc" timestamp="2019-08-09T08:30:43.778" />
<gc-end id="3802" type="partial gc" contextid="3796" durationms="14.730" usertimems="14.628" systemtimems="30.819" timestamp="2019-08-09T08:30:43.778" activeThreads="16">
  <mem-info id="3803" free="144703488" total="241172480" percent="60">
    <mem type="eden" free="3955904" total="4194304" percent="94" />
    <remembered-set count="31744" freebytes="9514624" totalbytes="9641600" percent="98" regionsoverflowed="0" regionsstable="8" regionsrebuilding="0"/>
  </mem-info>
</gc-end>
<cycle-end id="3804" type="partial gc" contextid="3796" timestamp="2019-08-09T08:30:43.778" />
  <attribute name="elasticGC enabled" value="1" />
  <attribute name= "numThreadsSpecified" value="16" />
  <attribute name="heapSize specified" value="0" />
  <attribute name="Current GC Util" value="0" />
  <attribute name= "Current Time Running" value="99962" />
  <attribute name ="GC Interval" value="0" />
  <attribute name="Target GC Util Change" value ="80.000000" />
  <attribute name="Current GC Util Change" value="0.000000"/>
  <attribute name="Current Error" value="66.000000" />
  <attribute name="Output H" value="230724600"/>
  <attribute name="Output I" value="2040"/>
  <attribute name="Output T" value="16"/>
  <attribute name= "Current Time Running" value="99962" />
  <attribute name="GC Util currently" value="0" />
  <attribute name="CPU Util currently" value="2442231739594" />
<exclusive-end id="3805" timestamp="2019-08-09T08:30:43.778" durationms="15.254" />

<exclusive-start id="3806" timestamp="2019-08-09T08:30:43.831" intervalms="68.206">
  <response-info timems="3.105" idlems="3.105" threads="0" lastid="0000000001352A00" lastname="Thread-33" />
</exclusive-start>
<allocation-taxation id="3807" taxation-threshold="67108864" timestamp="2019-08-09T08:30:43.831" intervalms="68.205" />
<cycle-start id="3808" type="partial gc" contextid="0" timestamp="2019-08-09T08:30:43.831" intervalms="68.238" />
<gc-start id="3809" type="partial gc" contextid="3808" timestamp="2019-08-09T08:30:43.832">
  <mem-info id="3810" free="77594624" total="241172480" percent="32">
    <mem type="eden" free="0" total="67108864" percent="0" />
    <remembered-set count="31328" freebytes="9516288" totalbytes="9641600" percent="98" regionsoverflowed="0" regionsstable="8" regionsrebuilding="0"/>
  </mem-info>
</gc-start>
<allocation-stats totalBytes="67096776" >
  <allocated-bytes non-tlh="0" tlh="67096776" arrayletleaf="0"/>
  <largest-consumer threadName="Thread-33" threadId="0000000001352A00" bytes="7818024" />
</allocation-stats>
<gc-op id="3811" type="copy forward" timems="6.951" contextid="3808" timestamp="2019-08-09T08:30:43.840">
  <memory-copied type="eden" objects="11323" bytes="415176" bytesdiscarded="0" />
  <memory-copied type="other" objects="34717" bytes="1382712" bytesdiscarded="0" />
  <memory-cardclean objects="19522" bytes="989640" />
  <regions eden="32" other="5" />
  <remembered-set-cleared processed="15284" cleared="3629" durationms="0.421" />
  <stringconstants candidates="15053" cleared="0"  />
</gc-op>
<gc-op id="3812" type="classunload" timems="0.009" contextid="3808" timestamp="2019-08-09T08:30:43.840">
  <classunload-info classloadercandidates="55" classloadersunloaded="0" classesunloaded="0" anonymousclassesunloaded="0" quiescems="0.000" setupms="0.009" scanms="0.000" postms="0.000" />
</gc-op>
<gc-end id="3813" type="partial gc" contextid="3808" durationms="8.412" usertimems="11.365" systemtimems="0.395" timestamp="2019-08-09T08:30:43.840" activeThreads="1">
  <mem-info id="3814" free="144703488" total="241172480" percent="60">
    <mem type="eden" free="1681976" total="2097152" percent="80" />
    <remembered-set count="32320" freebytes="9512320" totalbytes="9641600" percent="98" regionsoverflowed="0" regionsstable="8" regionsrebuilding="0"/>
  </mem-info>
</gc-end>
<cycle-end id="3815" type="partial gc" contextid="3808" timestamp="2019-08-09T08:30:43.840" />
  <attribute name="elasticGC enabled" value="1" />
  <attribute name= "numThreadsSpecified" value="1" />
  <attribute name="heapSize specified" value="0" />
  <attribute name="Current GC Util" value="173" />
  <attribute name= "Current Time Running" value="100031" />
  <attribute name ="GC Interval" value="0" />
  <attribute name="Target GC Util Change" value ="80.000000" />
  <attribute name="Current GC Util Change" value="173.000000"/>
  <attribute name="Current Error" value="-14.000000" />
  <attribute name="Output H" value="241210312"/>
  <attribute name="Output I" value="1992"/>
  <attribute name="Output T" value="1"/>
  <attribute name= "Current Time Running" value="100031" />
  <attribute name="GC Util currently" value="173" />
  <attribute name="CPU Util currently" value="1295222329040" />
<exclusive-end id="3816" timestamp="2019-08-09T08:30:43.840" durationms="9.039" />

<exclusive-start id="3817" timestamp="2019-08-09T08:30:43.895" intervalms="63.541">
  <response-info timems="3.793" idlems="3.793" threads="0" lastid="000000000135A200" lastname="Thread-35" />
</exclusive-start>
<allocation-taxation id="3818" taxation-threshold="67108864" timestamp="2019-08-09T08:30:43.895" intervalms="63.574" />
<cycle-start id="3819" type="partial gc" contextid="0" timestamp="2019-08-09T08:30:43.895" intervalms="63.727" />
<gc-start id="3820" type="partial gc" contextid="3819" timestamp="2019-08-09T08:30:43.895">
  <mem-info id="3821" free="77594624" total="241172480" percent="32">
    <mem type="eden" free="0" total="67108864" percent="0" />
    <remembered-set count="31904" freebytes="9513984" totalbytes="9641600" percent="98" regionsoverflowed="0" regionsstable="8" regionsrebuilding="0"/>
  </mem-info>
</gc-start>
<allocation-stats totalBytes="67097104" >
  <allocated-bytes non-tlh="0" tlh="67097104" arrayletleaf="0"/>
  <largest-consumer threadName="Thread-34" threadId="0000000001330F00" bytes="7306192" />
</allocation-stats>
<gc-op id="3822" type="copy forward" timems="22.791" contextid="3819" timestamp="2019-08-09T08:30:43.924">
  <memory-copied type="eden" objects="18761" bytes="730896" bytesdiscarded="67528" />
  <memory-copied type="other" objects="15011" bytes="497640" bytesdiscarded="31640" />
  <memory-cardclean objects="28019" bytes="1435704" />
  <regions eden="32" other="3" />
  <remembered-set-cleared processed="17040" cleared="4946" durationms="0.200" />
  <stringconstants candidates="15053" cleared="0"  />
</gc-op>
<gc-op id="3823" type="classunload" timems="0.011" contextid="3819" timestamp="2019-08-09T08:30:43.924">
  <classunload-info classloadercandidates="55" classloadersunloaded="0" classesunloaded="0" anonymousclassesunloaded="0" quiescems="0.000" setupms="0.010" scanms="0.000" postms="0.000" />
</gc-op>
<heap-resize id="3824" type="expand" space="default" amount="10485760" count="1" timems="0.066" reason="excessive time being spent in gc" timestamp="2019-08-09T08:30:43.924" />
<gc-end id="3825" type="partial gc" contextid="3819" durationms="28.711" usertimems="40.663" systemtimems="37.323" timestamp="2019-08-09T08:30:43.924" activeThreads="16">
  <mem-info id="3826" free="150994944" total="251658240" percent="60">
    <mem type="eden" free="3395880" total="4194304" percent="80" />
    <remembered-set count="31616" freebytes="9934336" totalbytes="10060800" percent="98" regionsoverflowed="0" regionsstable="8" regionsrebuilding="0"/>
  </mem-info>
</gc-end>
<cycle-end id="3827" type="partial gc" contextid="3819" timestamp="2019-08-09T08:30:43.924" />
  <attribute name="elasticGC enabled" value="1" />
  <attribute name= "numThreadsSpecified" value="16" />
  <attribute name="heapSize specified" value="0" />
  <attribute name="Current GC Util" value="178" />
  <attribute name= "Current Time Running" value="100099" />
  <attribute name ="GC Interval" value="0" />
  <attribute name="Target GC Util Change" value ="80.000000" />
  <attribute name="Current GC Util Change" value="178.000000"/>
  <attribute name="Current Error" value="-45.000000" />
  <attribute name="Output H" value="241210296"/>
  <attribute name="Output I" value="1976"/>
  <attribute name="Output T" value="16"/>
  <attribute name= "Current Time Running" value="100099" />
  <attribute name="GC Util currently" value="178" />
  <attribute name="CPU Util currently" value="215809938175" />
<exclusive-end id="3828" timestamp="2019-08-09T08:30:43.924" durationms="29.525" />

<exclusive-start id="3829" timestamp="2019-08-09T08:30:43.982" intervalms="86.915">
  <response-info timems="4.025" idlems="4.025" threads="0" lastid="0000000001374500" lastname="Thread-26" />
</exclusive-start>
<allocation-taxation id="3830" taxation-threshold="69206016" timestamp="2019-08-09T08:30:43.982" intervalms="86.931" />
<cycle-start id="3831" type="partial gc" contextid="0" timestamp="2019-08-09T08:30:43.982" intervalms="86.776" />
<gc-start id="3832" type="partial gc" contextid="3831" timestamp="2019-08-09T08:30:43.982">
  <mem-info id="3833" free="81788928" total="251658240" percent="32">
    <mem type="eden" free="0" total="69206016" percent="0" />
    <remembered-set count="31488" freebytes="9934848" totalbytes="10060800" percent="98" regionsoverflowed="0" regionsstable="8" regionsrebuilding="0"/>
  </mem-info>
</gc-start>
<allocation-stats totalBytes="69194104" >
  <allocated-bytes non-tlh="0" tlh="69194104" arrayletleaf="0"/>
  <largest-consumer threadName="Thread-34" threadId="0000000001330F00" bytes="8960688" />
</allocation-stats>
<gc-op id="3834" type="copy forward" timems="13.834" contextid="3831" timestamp="2019-08-09T08:30:43.997">
  <memory-copied type="eden" objects="11806" bytes="426088" bytesdiscarded="70544" />
  <memory-copied type="other" objects="33571" bytes="1355208" bytesdiscarded="153640" />
  <memory-cardclean objects="26477" bytes="1286352" />
  <regions eden="33" other="5" />
  <remembered-set-cleared processed="15866" cleared="4118" durationms="0.183" />
  <stringconstants candidates="15053" cleared="0"  />
</gc-op>
<gc-op id="3835" type="classunload" timems="0.010" contextid="3831" timestamp="2019-08-09T08:30:43.997">
  <classunload-info classloadercandidates="55" classloadersunloaded="0" classesunloaded="0" anonymousclassesunloaded="0" quiescems="0.000" setupms="0.010" scanms="0.000" postms="0.000" />
</gc-op>
<gc-end id="3836" type="partial gc" contextid="3831" durationms="15.008" usertimems="15.582" systemtimems="25.353" timestamp="2019-08-09T08:30:43.997" activeThreads="16">
  <mem-info id="3837" free="150994944" total="251658240" percent="60">
    <mem type="eden" free="1600520" total="2097152" percent="76" />
    <remembered-set count="32384" freebytes="9931264" totalbytes="10060800" percent="98" regionsoverflowed="0" regionsstable="8" regionsrebuilding="0"/>
  </mem-info>
</gc-end>
<cycle-end id="3838" type="partial gc" contextid="3831" timestamp="2019-08-09T08:30:43.997" />
  <attribute name="elasticGC enabled" value="1" />
  <attribute name= "numThreadsSpecified" value="16" />
  <attribute name="heapSize specified" value="0" />
  <attribute name="Current GC Util" value="152" />
  <attribute name= "Current Time Running" value="100181" />
  <attribute name ="GC Interval" value="0" />
  <attribute name="Target GC Util Change" value ="80.000000" />
  <attribute name="Current GC Util Change" value="152.000000"/>
  <attribute name="Current Error" value="-75.000000" />
  <attribute name="Output H" value="251696040"/>
  <attribute name="Output I" value="1960"/>
  <attribute name="Output T" value="16"/>
  <attribute name= "Current Time Running" value="100181" />
  <attribute name="GC Util currently" value="152" />
  <attribute name="CPU Util currently" value="1684845777283" />
<exclusive-end id="3839" timestamp="2019-08-09T08:30:43.997" durationms="15.700" />

<exclusive-start id="3840" timestamp="2019-08-09T08:30:44.091" intervalms="108.755">
  <response-info timems="3.016" idlems="3.016" threads="0" lastid="0000000001334B00" lastname="Thread-30" />
</exclusive-start>
<allocation-taxation id="3841" taxation-threshold="69206016" timestamp="2019-08-09T08:30:44.091" intervalms="108.713" />
<cycle-start id="3842" type="partial gc" contextid="0" timestamp="2019-08-09T08:30:44.091" intervalms="108.897" />
<gc-start id="3843" type="partial gc" contextid="3842" timestamp="2019-08-09T08:30:44.091">
  <mem-info id="3844" free="81788928" total="251658240" percent="32">
    <mem type="eden" free="0" total="69206016" percent="0" />
    <remembered-set count="31968" freebytes="9932928" totalbytes="10060800" percent="98" regionsoverflowed="0" regionsstable="8" regionsrebuilding="0"/>
  </mem-info>
</gc-start>
<allocation-stats totalBytes="69193712" >
  <allocated-bytes non-tlh="0" tlh="69193712" arrayletleaf="0"/>
  <largest-consumer threadName="Thread-30" threadId="0000000001334B00" bytes="9599400" />
</allocation-stats>
<gc-op id="3845" type="copy forward" timems="18.693" contextid="3842" timestamp="2019-08-09T08:30:44.114">
  <memory-copied type="eden" objects="15908" bytes="661408" bytesdiscarded="37688" />
  <memory-copied type="other" objects="39153" bytes="1626552" bytesdiscarded="104568" />
  <memory-cardclean objects="25181" bytes="1258176" />
  <regions eden="33" other="4" />
  <remembered-set-cleared processed="16278" cleared="4297" durationms="0.183" />
  <stringconstants candidates="15053" cleared="0"  />
</gc-op>
<gc-op id="3846" type="classunload" timems="0.011" contextid="3842" timestamp="2019-08-09T08:30:44.114">
  <classunload-info classloadercandidates="55" classloadersunloaded="0" classesunloaded="0" anonymousclassesunloaded="0" quiescems="0.000" setupms="0.011" scanms="0.000" postms="0.000" />
</gc-op>
<heap-resize id="3847" type="expand" space="default" amount="6291456" count="1" timems="0.079" reason="excessive time being spent in gc" timestamp="2019-08-09T08:30:44.115" />
<gc-end id="3848" type="partial gc" contextid="3842" durationms="23.567" usertimems="27.297" systemtimems="26.017" timestamp="2019-08-09T08:30:44.115" activeThreads="16">
  <mem-info id="3849" free="155189248" total="257949696" percent="60">
    <mem type="eden" free="1398056" total="2097152" percent="66" />
    <remembered-set count="33856" freebytes="10176896" totalbytes="10312320" percent="98" regionsoverflowed="0" regionsstable="8" regionsrebuilding="0"/>
  </mem-info>
</gc-end>
<cycle-end id="3850" type="partial gc" contextid="3842" timestamp="2019-08-09T08:30:44.115" />
  <attribute name="elasticGC enabled" value="1" />
  <attribute name= "numThreadsSpecified" value="16" />
  <attribute name="heapSize specified" value="0" />
  <attribute name="Current GC Util" value="52" />
  <attribute name= "Current Time Running" value="100293" />
  <attribute name ="GC Interval" value="0" />
  <attribute name="Target GC Util Change" value ="80.000000" />
  <attribute name="Current GC Util Change" value="52.000000"/>
  <attribute name="Current Error" value="-4.000000" />
  <attribute name="Output H" value="251696080"/>
  <attribute name="Output I" value="2000"/>
  <attribute name="Output T" value="16"/>
  <attribute name= "Current Time Running" value="100293" />
  <attribute name="GC Util currently" value="52" />
  <attribute name="CPU Util currently" value="270731874040" />
<exclusive-end id="3851" timestamp="2019-08-09T08:30:44.115" durationms="24.495" />

<exclusive-start id="3852" timestamp="2019-08-09T08:30:44.167" intervalms="76.258">
  <response-info timems="2.029" idlems="2.029" threads="0" lastid="0000000001352A00" lastname="Thread-33" />
</exclusive-start>
<allocation-taxation id="3853" taxation-threshold="71303168" timestamp="2019-08-09T08:30:44.167" intervalms="76.341" />
<cycle-start id="3854" type="partial gc" contextid="0" timestamp="2019-08-09T08:30:44.167" intervalms="76.126" />
<gc-start id="3855" type="partial gc" contextid="3854" timestamp="2019-08-09T08:30:44.167">
  <mem-info id="3856" free="83886080" total="257949696" percent="32">
    <mem type="eden" free="0" total="71303168" percent="0" />
    <remembered-set count="33504" freebytes="10178304" totalbytes="10312320" percent="98" regionsoverflowed="0" regionsstable="8" regionsrebuilding="0"/>
  </mem-info>
</gc-start>
<allocation-stats totalBytes="71290696" >
  <allocated-bytes non-tlh="0" tlh="71290696" arrayletleaf="0"/>
  <largest-consumer threadName="Thread-29" threadId="0000000001365500" bytes="8690296" />
</allocation-stats>
<gc-op id="3857" type="copy forward" timems="11.703" contextid="3854" timestamp="2019-08-09T08:30:44.180">
  <memory-copied type="eden" objects="5944" bytes="148432" bytesdiscarded="37144" />
  <memory-copied type="other" objects="43650" bytes="1871856" bytesdiscarded="202960" />
  <memory-cardclean objects="25308" bytes="1286232" />
  <regions eden="34" other="4" />
  <remembered-set-cleared processed="16838" cleared="5225" durationms="0.752" />
  <stringconstants candidates="15053" cleared="0"  />
</gc-op>
<gc-op id="3858" type="classunload" timems="0.010" contextid="3854" timestamp="2019-08-09T08:30:44.180">
  <classunload-info classloadercandidates="55" classloadersunloaded="0" classesunloaded="0" anonymousclassesunloaded="0" quiescems="0.000" setupms="0.010" scanms="0.000" postms="0.000" />
</gc-op>
<heap-resize id="3859" type="expand" space="default" amount="4194304" count="1" timems="0.056" reason="excessive time being spent in gc" timestamp="2019-08-09T08:30:44.180" />
<gc-end id="3860" type="partial gc" contextid="3854" durationms="12.978" usertimems="16.604" systemtimems="19.308" timestamp="2019-08-09T08:30:44.180" activeThreads="16">
  <mem-info id="3861" free="157286400" total="262144000" percent="60">
    <mem type="eden" free="1911576" total="2097152" percent="91" />
    <remembered-set count="33312" freebytes="10346752" totalbytes="10480000" percent="98" regionsoverflowed="0" regionsstable="8" regionsrebuilding="0"/>
  </mem-info>
</gc-end>
<cycle-end id="3862" type="partial gc" contextid="3854" timestamp="2019-08-09T08:30:44.180" />
  <attribute name="elasticGC enabled" value="1" />
  <attribute name= "numThreadsSpecified" value="16" />
  <attribute name="heapSize specified" value="0" />
  <attribute name="Current GC Util" value="128" />
  <attribute name= "Current Time Running" value="100366" />
  <attribute name ="GC Interval" value="0" />
  <attribute name="Target GC Util Change" value ="80.000000" />
  <attribute name="Current GC Util Change" value="128.000000"/>
  <attribute name="Current Error" value="-42.000000" />
  <attribute name="Output H" value="257987512"/>
  <attribute name="Output I" value="1976"/>
  <attribute name="Output T" value="16"/>
  <attribute name= "Current Time Running" value="100366" />
  <attribute name="GC Util currently" value="128" />
  <attribute name="CPU Util currently" value="1733158700058" />
<exclusive-end id="3863" timestamp="2019-08-09T08:30:44.180" durationms="13.587" />

<exclusive-start id="3864" timestamp="2019-08-09T08:30:44.237" intervalms="70.441">
  <response-info timems="1.680" idlems="1.680" threads="0" lastid="0000000001334B00" lastname="Thread-30" />
</exclusive-start>
<allocation-taxation id="3865" taxation-threshold="73400320" timestamp="2019-08-09T08:30:44.237" intervalms="70.354" />
<cycle-start id="3866" type="partial gc" contextid="0" timestamp="2019-08-09T08:30:44.237" intervalms="70.351" />
<gc-start id="3867" type="partial gc" contextid="3866" timestamp="2019-08-09T08:30:44.238">
  <mem-info id="3868" free="83886080" total="262144000" percent="32">
    <mem type="eden" free="0" total="73400320" percent="0" />
    <remembered-set count="33152" freebytes="10347392" totalbytes="10480000" percent="98" regionsoverflowed="0" regionsstable="8" regionsrebuilding="0"/>
  </mem-info>
</gc-start>
<allocation-stats totalBytes="73387632" >
  <allocated-bytes non-tlh="0" tlh="73387632" arrayletleaf="0"/>
  <largest-consumer threadName="Thread-30" threadId="0000000001334B00" bytes="9476784" />
</allocation-stats>
<gc-op id="3869" type="copy forward" timems="20.671" contextid="3866" timestamp="2019-08-09T08:30:44.259">
  <memory-copied type="eden" objects="11694" bytes="423520" bytesdiscarded="32360" />
  <memory-copied type="other" objects="38856" bytes="1619424" bytesdiscarded="140480" />
  <memory-cardclean objects="21265" bytes="1088568" />
  <regions eden="35" other="4" />
  <remembered-set-cleared processed="17572" cleared="3836" durationms="0.163" />
  <stringconstants candidates="15053" cleared="0"  />
</gc-op>
<gc-op id="3870" type="classunload" timems="0.011" contextid="3866" timestamp="2019-08-09T08:30:44.259">
  <classunload-info classloadercandidates="55" classloadersunloaded="0" classesunloaded="0" anonymousclassesunloaded="0" quiescems="0.000" setupms="0.011" scanms="0.000" postms="0.000" />
</gc-op>
<heap-resize id="3871" type="expand" space="default" amount="6291456" count="1" timems="0.065" reason="excessive time being spent in gc" timestamp="2019-08-09T08:30:44.259" />
<gc-end id="3872" type="partial gc" contextid="3866" durationms="21.966" usertimems="26.020" systemtimems="16.006" timestamp="2019-08-09T08:30:44.260" activeThreads="16">
  <mem-info id="3873" free="161480704" total="268435456" percent="60">
    <mem type="eden" free="1641272" total="2097152" percent="78" />
    <remembered-set count="33824" freebytes="10596224" totalbytes="10731520" percent="98" regionsoverflowed="0" regionsstable="8" regionsrebuilding="0"/>
  </mem-info>
</gc-end>
<cycle-end id="3874" type="partial gc" contextid="3866" timestamp="2019-08-09T08:30:44.260" />
  <attribute name="elasticGC enabled" value="1" />
  <attribute name= "numThreadsSpecified" value="16" />
  <attribute name="heapSize specified" value="0" />
  <attribute name="Current GC Util" value="168" />
  <attribute name= "Current Time Running" value="100436" />
  <attribute name ="GC Interval" value="0" />
  <attribute name="Target GC Util Change" value ="80.000000" />
  <attribute name="Current GC Util Change" value="168.000000"/>
  <attribute name="Current Error" value="-58.000000" />
  <attribute name="Output H" value="262181808"/>
  <attribute name="Output I" value="1968"/>
  <attribute name="Output T" value="16"/>
  <attribute name= "Current Time Running" value="100436" />
  <attribute name="GC Util currently" value="168" />
  <attribute name="CPU Util currently" value="2058398644676" />
<exclusive-end id="3875" timestamp="2019-08-09T08:30:44.260" durationms="22.638" />

<exclusive-start id="3876" timestamp="2019-08-09T08:30:44.316" intervalms="78.963">
  <response-info timems="2.731" idlems="2.731" threads="0" lastid="0000000001365500" lastname="Thread-29" />
</exclusive-start>
<allocation-taxation id="3877" taxation-threshold="73400320" timestamp="2019-08-09T08:30:44.316" intervalms="78.963" />
<cycle-start id="3878" type="partial gc" contextid="0" timestamp="2019-08-09T08:30:44.316" intervalms="79.090" />
<gc-start id="3879" type="partial gc" contextid="3878" timestamp="2019-08-09T08:30:44.317">
  <mem-info id="3880" free="88080384" total="268435456" percent="32">
    <mem type="eden" free="0" total="73400320" percent="0" />
    <remembered-set count="33696" freebytes="10596736" totalbytes="10731520" percent="98" regionsoverflowed="0" regionsstable="8" regionsrebuilding="0"/>
  </mem-info>
</gc-start>
<allocation-stats totalBytes="73387728" >
  <allocated-bytes non-tlh="0" tlh="73387728" arrayletleaf="0"/>
  <largest-consumer threadName="Thread-30" threadId="0000000001334B00" bytes="7801784" />
</allocation-stats>
<gc-op id="3881" type="copy forward" timems="12.636" contextid="3878" timestamp="2019-08-09T08:30:44.330">
  <memory-copied type="eden" objects="11680" bytes="423728" bytesdiscarded="48944" />
  <memory-copied type="other" objects="40839" bytes="1667016" bytesdiscarded="140864" />
  <memory-cardclean objects="26985" bytes="1363944" />
  <regions eden="35" other="4" />
  <remembered-set-cleared processed="18337" cleared="5066" durationms="0.151" />
  <stringconstants candidates="15053" cleared="0"  />
</gc-op>
<gc-op id="3882" type="classunload" timems="0.011" contextid="3878" timestamp="2019-08-09T08:30:44.330">
  <classunload-info classloadercandidates="55" classloadersunloaded="0" classesunloaded="0" anonymousclassesunloaded="0" quiescems="0.000" setupms="0.010" scanms="0.000" postms="0.000" />
</gc-op>
<heap-resize id="3883" type="expand" space="default" amount="4194304" count="1" timems="0.056" reason="excessive time being spent in gc" timestamp="2019-08-09T08:30:44.330" />
<gc-end id="3884" type="partial gc" contextid="3878" durationms="13.920" usertimems="22.749" systemtimems="17.722" timestamp="2019-08-09T08:30:44.331" activeThreads="16">
  <mem-info id="3885" free="163577856" total="272629760" percent="60">
    <mem type="eden" free="1624480" total="2097152" percent="77" />
    <remembered-set count="37600" freebytes="10748800" totalbytes="10899200" percent="98" regionsoverflowed="0" regionsstable="8" regionsrebuilding="0"/>
  </mem-info>
</gc-end>
<cycle-end id="3886" type="partial gc" contextid="3878" timestamp="2019-08-09T08:30:44.331" />
  <attribute name="elasticGC enabled" value="1" />
  <attribute name= "numThreadsSpecified" value="16" />
  <attribute name="heapSize specified" value="0" />
  <attribute name="Current GC Util" value="100" />
  <attribute name= "Current Time Running" value="100515" />
  <attribute name ="GC Interval" value="0" />
  <attribute name="Target GC Util Change" value ="80.000000" />
  <attribute name="Current GC Util Change" value="100.000000"/>
  <attribute name="Current Error" value="-49.000000" />
  <attribute name="Output H" value="268473272"/>
  <attribute name="Output I" value="1976"/>
  <attribute name="Output T" value="16"/>
  <attribute name= "Current Time Running" value="100515" />
  <attribute name="GC Util currently" value="100" />
  <attribute name="CPU Util currently" value="1513930198226" />
<exclusive-end id="3887" timestamp="2019-08-09T08:30:44.331" durationms="14.563" />

<exclusive-start id="3888" timestamp="2019-08-09T08:30:44.390" intervalms="73.966">
  <response-info timems="0.401" idlems="0.277" threads="2" lastid="0000000001369100" lastname="Thread-32" />
</exclusive-start>
<allocation-taxation id="3889" taxation-threshold="75497472" timestamp="2019-08-09T08:30:44.390" intervalms="73.967" />
<cycle-start id="3890" type="partial gc" contextid="0" timestamp="2019-08-09T08:30:44.390" intervalms="73.851" />
<gc-start id="3891" type="partial gc" contextid="3890" timestamp="2019-08-09T08:30:44.391">
  <mem-info id="3892" free="88080384" total="272629760" percent="32">
    <mem type="eden" free="0" total="75497472" percent="0" />
    <remembered-set count="37152" freebytes="10750592" totalbytes="10899200" percent="98" regionsoverflowed="0" regionsstable="8" regionsrebuilding="0"/>
  </mem-info>
</gc-start>
<allocation-stats totalBytes="75484664" >
  <allocated-bytes non-tlh="0" tlh="75484664" arrayletleaf="0"/>
  <largest-consumer threadName="Thread-30" threadId="0000000001334B00" bytes="9022136" />
</allocation-stats>
<gc-op id="3893" type="copy forward" timems="12.541" contextid="3890" timestamp="2019-08-09T08:30:44.404">
  <memory-copied type="eden" objects="11933" bytes="429800" bytesdiscarded="53608" />
  <memory-copied type="other" objects="34629" bytes="1380600" bytesdiscarded="131992" />
  <memory-cardclean objects="29459" bytes="1512696" />
  <regions eden="36" other="4" />
  <remembered-set-cleared processed="19682" cleared="6095" durationms="0.165" />
  <stringconstants candidates="15053" cleared="0"  />
</gc-op>
<gc-op id="3894" type="classunload" timems="0.011" contextid="3890" timestamp="2019-08-09T08:30:44.404">
  <classunload-info classloadercandidates="55" classloadersunloaded="0" classesunloaded="0" anonymousclassesunloaded="0" quiescems="0.000" setupms="0.011" scanms="0.000" postms="0.000" />
</gc-op>
<heap-resize id="3895" type="expand" space="default" amount="6291456" count="1" timems="0.069" reason="excessive time being spent in gc" timestamp="2019-08-09T08:30:44.404" />
<gc-end id="3896" type="partial gc" contextid="3890" durationms="13.783" usertimems="24.420" systemtimems="21.566" timestamp="2019-08-09T08:30:44.404" activeThreads="16">
  <mem-info id="3897" free="167772160" total="278921216" percent="60">
    <mem type="eden" free="1613744" total="2097152" percent="76" />
    <remembered-set count="38816" freebytes="10995456" totalbytes="11150720" percent="98" regionsoverflowed="0" regionsstable="8" regionsrebuilding="0"/>
  </mem-info>
</gc-end>
<cycle-end id="3898" type="partial gc" contextid="3890" timestamp="2019-08-09T08:30:44.405" />
  <attribute name="elasticGC enabled" value="1" />
  <attribute name= "numThreadsSpecified" value="16" />
  <attribute name="heapSize specified" value="0" />
  <attribute name="Current GC Util" value="124" />
  <attribute name= "Current Time Running" value="100589" />
  <attribute name ="GC Interval" value="0" />
  <attribute name="Target GC Util Change" value ="80.000000" />
  <attribute name="Current GC Util Change" value="124.000000"/>
  <attribute name="Current Error" value="-67.000000" />
  <attribute name="Output H" value="272667568"/>
  <attribute name="Output I" value="1968"/>
  <attribute name="Output T" value="16"/>
  <attribute name= "Current Time Running" value="100589" />
  <attribute name="GC Util currently" value="124" />
  <attribute name="CPU Util currently" value="1984329835587" />
<exclusive-end id="3899" timestamp="2019-08-09T08:30:44.405" durationms="14.601" />

<exclusive-start id="3900" timestamp="2019-08-09T08:30:44.475" intervalms="84.854">
  <response-info timems="6.119" idlems="5.820" threads="1" lastid="0000000001330F00" lastname="Thread-34" />
</exclusive-start>
<allocation-taxation id="3901" taxation-threshold="77594624" timestamp="2019-08-09T08:30:44.475" intervalms="84.850" />
<cycle-start id="3902" type="partial gc" contextid="0" timestamp="2019-08-09T08:30:44.475" intervalms="84.874" />
<gc-start id="3903" type="partial gc" contextid="3902" timestamp="2019-08-09T08:30:44.475">
  <mem-info id="3904" free="90177536" total="278921216" percent="32">
    <mem type="eden" free="0" total="77594624" percent="0" />
    <remembered-set count="38400" freebytes="10997120" totalbytes="11150720" percent="98" regionsoverflowed="0" regionsstable="8" regionsrebuilding="0"/>
  </mem-info>
</gc-start>
<allocation-stats totalBytes="77581576" >
  <allocated-bytes non-tlh="0" tlh="77581576" arrayletleaf="0"/>
  <largest-consumer threadName="Thread-26" threadId="0000000001374500" bytes="8289096" />
</allocation-stats>
<gc-op id="3905" type="copy forward" timems="7.971" contextid="3902" timestamp="2019-08-09T08:30:44.485">
  <memory-copied type="eden" objects="10697" bytes="400120" bytesdiscarded="0" />
  <memory-copied type="other" objects="40415" bytes="1656840" bytesdiscarded="0" />
  <memory-cardclean objects="27307" bytes="1379208" />
  <regions eden="37" other="4" />
  <remembered-set-cleared processed="19829" cleared="5345" durationms="0.554" />
  <stringconstants candidates="15053" cleared="0"  />
</gc-op>
<gc-op id="3906" type="classunload" timems="0.010" contextid="3902" timestamp="2019-08-09T08:30:44.485">
  <classunload-info classloadercandidates="55" classloadersunloaded="0" classesunloaded="0" anonymousclassesunloaded="0" quiescems="0.000" setupms="0.010" scanms="0.000" postms="0.000" />
</gc-op>
<heap-resize id="3907" type="expand" space="default" amount="4194304" count="1" timems="0.056" reason="excessive time being spent in gc" timestamp="2019-08-09T08:30:44.485" />
<gc-end id="3908" type="partial gc" contextid="3902" durationms="9.950" usertimems="9.627" systemtimems="2.007" timestamp="2019-08-09T08:30:44.485" activeThreads="1">
  <mem-info id="3909" free="169869312" total="283115520" percent="60">
    <mem type="eden" free="1697032" total="2097152" percent="80" />
    <remembered-set count="38624" freebytes="11163904" totalbytes="11318400" percent="98" regionsoverflowed="0" regionsstable="8" regionsrebuilding="0"/>
  </mem-info>
</gc-end>
<cycle-end id="3910" type="partial gc" contextid="3902" timestamp="2019-08-09T08:30:44.485" />
  <attribute name="elasticGC enabled" value="1" />
  <attribute name= "numThreadsSpecified" value="1" />
  <attribute name="heapSize specified" value="0" />
  <attribute name="Current GC Util" value="121" />
  <attribute name= "Current Time Running" value="100675" />
  <attribute name ="GC Interval" value="0" />
  <attribute name="Target GC Util Change" value ="80.000000" />
  <attribute name="Current GC Util Change" value="121.000000"/>
  <attribute name="Current Error" value="-14.000000" />
  <attribute name="Output H" value="278959048"/>
  <attribute name="Output I" value="1992"/>
  <attribute name="Output T" value="1"/>
  <attribute name= "Current Time Running" value="100675" />
  <attribute name="GC Util currently" value="121" />
  <attribute name="CPU Util currently" value="786310466166" />
<exclusive-end id="3911" timestamp="2019-08-09T08:30:44.486" durationms="10.543" />

<exclusive-start id="3912" timestamp="2019-08-09T08:30:44.551" intervalms="76.374">
  <response-info timems="2.839" idlems="0.978" threads="2" lastid="0000000001369100" lastname="Thread-32" />
</exclusive-start>
<allocation-taxation id="3913" taxation-threshold="77594624" timestamp="2019-08-09T08:30:44.551" intervalms="76.377" />
<cycle-start id="3914" type="partial gc" contextid="0" timestamp="2019-08-09T08:30:44.551" intervalms="76.350" />
<gc-start id="3915" type="partial gc" contextid="3914" timestamp="2019-08-09T08:30:44.552">
  <mem-info id="3916" free="92274688" total="283115520" percent="32">
    <mem type="eden" free="0" total="77594624" percent="0" />
    <remembered-set count="38144" freebytes="11165824" totalbytes="11318400" percent="98" regionsoverflowed="0" regionsstable="8" regionsrebuilding="0"/>
  </mem-info>
</gc-start>
<allocation-stats totalBytes="77581264" >
  <allocated-bytes non-tlh="0" tlh="77581264" arrayletleaf="0"/>
  <largest-consumer threadName="Thread-30" threadId="0000000001334B00" bytes="9513544" />
</allocation-stats>
<gc-op id="3917" type="copy forward" timems="10.188" contextid="3914" timestamp="2019-08-09T08:30:44.563">
  <memory-copied type="eden" objects="17821" bytes="708928" bytesdiscarded="49080" />
  <memory-copied type="other" objects="28918" bytes="1106160" bytesdiscarded="72728" />
  <memory-cardclean objects="28327" bytes="1455288" />
  <regions eden="37" other="4" />
  <remembered-set-cleared processed="19929" cleared="5160" durationms="0.280" />
  <stringconstants candidates="15053" cleared="0"  />
</gc-op>
<gc-op id="3918" type="classunload" timems="0.011" contextid="3914" timestamp="2019-08-09T08:30:44.563">
  <classunload-info classloadercandidates="55" classloadersunloaded="0" classesunloaded="0" anonymousclassesunloaded="0" quiescems="0.000" setupms="0.010" scanms="0.000" postms="0.000" />
</gc-op>
<heap-resize id="3919" type="expand" space="default" amount="6291456" count="1" timems="0.061" reason="excessive time being spent in gc" timestamp="2019-08-09T08:30:44.563" />
<gc-end id="3920" type="partial gc" contextid="3914" durationms="11.326" usertimems="18.841" systemtimems="15.128" timestamp="2019-08-09T08:30:44.563" activeThreads="16">
  <mem-info id="3921" free="174063616" total="289406976" percent="60">
    <mem type="eden" free="1339144" total="2097152" percent="63" />
    <remembered-set count="37344" freebytes="11420544" totalbytes="11569920" percent="98" regionsoverflowed="0" regionsstable="8" regionsrebuilding="0"/>
  </mem-info>
</gc-end>
<cycle-end id="3922" type="partial gc" contextid="3914" timestamp="2019-08-09T08:30:44.563" />
  <attribute name="elasticGC enabled" value="1" />
  <attribute name= "numThreadsSpecified" value="16" />
  <attribute name="heapSize specified" value="0" />
  <attribute name="Current GC Util" value="248" />
  <attribute name= "Current Time Running" value="100750" />
  <attribute name ="GC Interval" value="0" />
  <attribute name="Target GC Util Change" value ="80.000000" />
  <attribute name="Current GC Util Change" value="248.000000"/>
  <attribute name="Current Error" value="-114.000000" />
  <attribute name="Output H" value="283153296"/>
  <attribute name="Output I" value="1936"/>
  <attribute name="Output T" value="16"/>
  <attribute name= "Current Time Running" value="100750" />
  <attribute name="GC Util currently" value="248" />
  <attribute name="CPU Util currently" value="2367540978708" />
<exclusive-end id="3923" timestamp="2019-08-09T08:30:44.563" durationms="11.883" />

<exclusive-start id="3924" timestamp="2019-08-09T08:30:44.624" intervalms="72.736">
  <response-info timems="2.321" idlems="2.321" threads="0" lastid="000000000134EE00" lastname="Thread-23" />
</exclusive-start>
<allocation-taxation id="3925" taxation-threshold="79691776" timestamp="2019-08-09T08:30:44.624" intervalms="72.737" />
<cycle-start id="3926" type="partial gc" contextid="0" timestamp="2019-08-09T08:30:44.624" intervalms="72.947" />
<gc-start id="3927" type="partial gc" contextid="3926" timestamp="2019-08-09T08:30:44.625">
  <mem-info id="3928" free="94371840" total="289406976" percent="32">
    <mem type="eden" free="0" total="79691776" percent="0" />
    <remembered-set count="37184" freebytes="11421184" totalbytes="11569920" percent="98" regionsoverflowed="0" regionsstable="8" regionsrebuilding="0"/>
  </mem-info>
</gc-start>
<allocation-stats totalBytes="79678280" >
  <allocated-bytes non-tlh="0" tlh="79678280" arrayletleaf="0"/>
  <largest-consumer threadName="Thread-35" threadId="000000000135A200" bytes="9005800" />
</allocation-stats>
<gc-op id="3929" type="copy forward" timems="11.531" contextid="3926" timestamp="2019-08-09T08:30:44.637">
  <memory-copied type="eden" objects="14140" bytes="483440" bytesdiscarded="54576" />
  <memory-copied type="other" objects="33454" bytes="1352400" bytesdiscarded="99696" />
  <memory-cardclean objects="26829" bytes="1340568" />
  <regions eden="38" other="4" />
  <remembered-set-cleared processed="20491" cleared="4747" durationms="0.156" />
  <stringconstants candidates="15053" cleared="0"  />
</gc-op>
<gc-op id="3930" type="classunload" timems="0.010" contextid="3926" timestamp="2019-08-09T08:30:44.637">
  <classunload-info classloadercandidates="55" classloadersunloaded="0" classesunloaded="0" anonymousclassesunloaded="0" quiescems="0.000" setupms="0.010" scanms="0.000" postms="0.000" />
</gc-op>
<heap-resize id="3931" type="expand" space="default" amount="4194304" count="1" timems="0.057" reason="excessive time being spent in gc" timestamp="2019-08-09T08:30:44.638" />
<gc-end id="3932" type="partial gc" contextid="3926" durationms="12.826" usertimems="17.965" systemtimems="15.800" timestamp="2019-08-09T08:30:44.638" activeThreads="16">
  <mem-info id="3933" free="176160768" total="293601280" percent="60">
    <mem type="eden" free="1559136" total="2097152" percent="74" />
    <remembered-set count="40512" freebytes="11575552" totalbytes="11737600" percent="98" regionsoverflowed="0" regionsstable="8" regionsrebuilding="0"/>
  </mem-info>
</gc-end>
<cycle-end id="3934" type="partial gc" contextid="3926" timestamp="2019-08-09T08:30:44.638" />
  <attribute name="elasticGC enabled" value="1" />
  <attribute name= "numThreadsSpecified" value="16" />
  <attribute name="heapSize specified" value="0" />
  <attribute name="Current GC Util" value="123" />
  <attribute name= "Current Time Running" value="100823" />
  <attribute name ="GC Interval" value="0" />
  <attribute name="Target GC Util Change" value ="80.000000" />
  <attribute name="Current GC Util Change" value="123.000000"/>
  <attribute name="Current Error" value="-122.000000" />
  <attribute name="Output H" value="289444752"/>
  <attribute name="Output I" value="1936"/>
  <attribute name="Output T" value="16"/>
  <attribute name= "Current Time Running" value="100823" />
  <attribute name="GC Util currently" value="123" />
  <attribute name="CPU Util currently" value="1681015954246" />
<exclusive-end id="3935" timestamp="2019-08-09T08:30:44.638" durationms="13.723" />

<exclusive-start id="3936" timestamp="2019-08-09T08:30:44.667" intervalms="42.489">
  <response-info timems="0.895" idlems="0.607" threads="2" lastid="000000000135DD00" lastname="Thread-36" />
</exclusive-start>
<allocation-taxation id="3937" taxation-threshold="79691776" timestamp="2019-08-09T08:30:44.667" intervalms="42.491" />
<cycle-start id="3938" type="partial gc" contextid="0" timestamp="2019-08-09T08:30:44.667" intervalms="42.293" />
<gc-start id="3939" type="partial gc" contextid="3938" timestamp="2019-08-09T08:30:44.667">
  <mem-info id="3940" free="96468992" total="293601280" percent="32">
    <mem type="eden" free="0" total="79691776" percent="0" />
    <remembered-set count="40160" freebytes="11576960" totalbytes="11737600" percent="98" regionsoverflowed="0" regionsstable="8" regionsrebuilding="0"/>
  </mem-info>
</gc-start>
<allocation-stats totalBytes="79678304" >
  <allocated-bytes non-tlh="0" tlh="79678304" arrayletleaf="0"/>
  <largest-consumer threadName="Thread-23" threadId="000000000134EE00" bytes="10201360" />
</allocation-stats>
<gc-op id="3941" type="copy forward" timems="10.984" contextid="3938" timestamp="2019-08-09T08:30:44.680">
  <memory-copied type="eden" objects="21282" bytes="929608" bytesdiscarded="89528" />
  <memory-copied type="other" objects="37346" bytes="1445808" bytesdiscarded="109264" />
  <memory-cardclean objects="25033" bytes="1235880" />
  <regions eden="38" other="4" />
  <remembered-set-cleared processed="19592" cleared="3414" durationms="0.201" />
  <stringconstants candidates="15053" cleared="0"  />
</gc-op>
<gc-op id="3942" type="classunload" timems="0.010" contextid="3938" timestamp="2019-08-09T08:30:44.680">
  <classunload-info classloadercandidates="55" classloadersunloaded="0" classesunloaded="0" anonymousclassesunloaded="0" quiescems="0.000" setupms="0.010" scanms="0.000" postms="0.000" />
</gc-op>
<heap-resize id="3943" type="expand" space="default" amount="10485760" count="1" timems="0.092" reason="excessive time being spent in gc" timestamp="2019-08-09T08:30:44.680" />
<gc-end id="3944" type="partial gc" contextid="3938" durationms="12.845" usertimems="22.810" systemtimems="15.866" timestamp="2019-08-09T08:30:44.680" activeThreads="16">
  <mem-info id="3945" free="182452224" total="304087040" percent="60">
    <mem type="eden" free="3175168" total="4194304" percent="75" />
    <remembered-set count="39456" freebytes="11998976" totalbytes="12156800" percent="98" regionsoverflowed="0" regionsstable="8" regionsrebuilding="0"/>
  </mem-info>
</gc-end>
<cycle-end id="3946" type="partial gc" contextid="3938" timestamp="2019-08-09T08:30:44.680" />
  <attribute name="elasticGC enabled" value="1" />
  <attribute name= "numThreadsSpecified" value="16" />
  <attribute name="heapSize specified" value="0" />
  <attribute name="Current GC Util" value="213" />
  <attribute name= "Current Time Running" value="100866" />
  <attribute name ="GC Interval" value="0" />
  <attribute name="Target GC Util Change" value ="80.000000" />
  <attribute name="Current GC Util Change" value="213.000000"/>
  <attribute name="Current Error" value="-132.000000" />
  <attribute name="Output H" value="293639048"/>
  <attribute name="Output I" value="1928"/>
  <attribute name="Output T" value="16"/>
  <attribute name= "Current Time Running" value="100866" />
  <attribute name="GC Util currently" value="213" />
  <attribute name="CPU Util currently" value="937216391401" />
<exclusive-end id="3947" timestamp="2019-08-09T08:30:44.680" durationms="13.511" />

<exclusive-start id="3948" timestamp="2019-08-09T08:30:44.747" intervalms="80.568">
  <response-info timems="2.243" idlems="2.243" threads="0" lastid="000000000136CD00" lastname="Thread-28" />
</exclusive-start>
<allocation-taxation id="3949" taxation-threshold="83886080" timestamp="2019-08-09T08:30:44.747" intervalms="80.581" />
<cycle-start id="3950" type="partial gc" contextid="0" timestamp="2019-08-09T08:30:44.747" intervalms="80.667" />
<gc-start id="3951" type="partial gc" contextid="3950" timestamp="2019-08-09T08:30:44.748">
  <mem-info id="3952" free="98566144" total="304087040" percent="32">
    <mem type="eden" free="0" total="83886080" percent="0" />
    <remembered-set count="39104" freebytes="12000384" totalbytes="12156800" percent="98" regionsoverflowed="0" regionsstable="8" regionsrebuilding="0"/>
  </mem-info>
</gc-start>
<allocation-stats totalBytes="83871624" >
  <allocated-bytes non-tlh="0" tlh="83871624" arrayletleaf="0"/>
  <largest-consumer threadName="Thread-31" threadId="0000000001356600" bytes="7175016" />
</allocation-stats>
<gc-op id="3953" type="copy forward" timems="13.394" contextid="3950" timestamp="2019-08-09T08:30:44.763">
  <memory-copied type="eden" objects="16931" bytes="549448" bytesdiscarded="70216" />
  <memory-copied type="other" objects="30852" bytes="1152576" bytesdiscarded="92256" />
  <memory-cardclean objects="34160" bytes="1735440" />
  <regions eden="40" other="5" />
  <remembered-set-cleared processed="20897" cleared="5087" durationms="0.182" />
  <stringconstants candidates="15053" cleared="0"  />
</gc-op>
<gc-op id="3954" type="classunload" timems="0.010" contextid="3950" timestamp="2019-08-09T08:30:44.763">
  <classunload-info classloadercandidates="55" classloadersunloaded="0" classesunloaded="0" anonymousclassesunloaded="0" quiescems="0.000" setupms="0.010" scanms="0.000" postms="0.000" />
</gc-op>
<heap-resize id="3955" type="expand" space="default" amount="6291456" count="1" timems="0.062" reason="excessive time being spent in gc" timestamp="2019-08-09T08:30:44.763" />
<gc-end id="3956" type="partial gc" contextid="3950" durationms="15.398" usertimems="29.748" systemtimems="12.339" timestamp="2019-08-09T08:30:44.763" activeThreads="16">
  <mem-info id="3957" free="186646528" total="310378496" percent="60">
    <mem type="eden" free="3574640" total="4194304" percent="85" />
    <remembered-set count="42144" freebytes="12239744" totalbytes="12408320" percent="98" regionsoverflowed="0" regionsstable="8" regionsrebuilding="0"/>
  </mem-info>
</gc-end>
<cycle-end id="3958" type="partial gc" contextid="3950" timestamp="2019-08-09T08:30:44.763" />
  <attribute name="elasticGC enabled" value="1" />
  <attribute name= "numThreadsSpecified" value="16" />
  <attribute name="heapSize specified" value="0" />
  <attribute name="Current GC Util" value="160" />
  <attribute name= "Current Time Running" value="100947" />
  <attribute name ="GC Interval" value="0" />
  <attribute name="Target GC Util Change" value ="80.000000" />
  <attribute name="Current GC Util Change" value="160.000000"/>
  <attribute name="Current Error" value="-176.000000" />
  <attribute name="Output H" value="304124784"/>
  <attribute name="Output I" value="1904"/>
  <attribute name="Output T" value="16"/>
  <attribute name= "Current Time Running" value="100947" />
  <attribute name="GC Util currently" value="160" />
  <attribute name="CPU Util currently" value="1958056737808" />
<exclusive-end id="3959" timestamp="2019-08-09T08:30:44.763" durationms="16.203" />

<exclusive-start id="3960" timestamp="2019-08-09T08:30:44.829" intervalms="81.537">
  <response-info timems="3.347" idlems="3.347" threads="0" lastid="0000000001361900" lastname="Thread-24" />
</exclusive-start>
<allocation-taxation id="3961" taxation-threshold="83886080" timestamp="2019-08-09T08:30:44.829" intervalms="81.528" />
<cycle-start id="3962" type="partial gc" contextid="0" timestamp="2019-08-09T08:30:44.829" intervalms="81.571" />
<gc-start id="3963" type="partial gc" contextid="3962" timestamp="2019-08-09T08:30:44.829">
  <mem-info id="3964" free="102760448" total="310378496" percent="33">
    <mem type="eden" free="0" total="83886080" percent="0" />
    <remembered-set count="42144" freebytes="12239744" totalbytes="12408320" percent="98" regionsoverflowed="0" regionsstable="8" regionsrebuilding="0"/>
  </mem-info>
</gc-start>
<allocation-stats totalBytes="83871568" >
  <allocated-bytes non-tlh="0" tlh="83871568" arrayletleaf="0"/>
  <largest-consumer threadName="Thread-35" threadId="000000000135A200" bytes="7850616" />
</allocation-stats>
<gc-op id="3965" type="copy forward" timems="11.261" contextid="3962" timestamp="2019-08-09T08:30:44.842">
  <memory-copied type="eden" objects="26788" bytes="1060928" bytesdiscarded="102112" />
  <memory-copied type="other" objects="44132" bytes="1746048" bytesdiscarded="165936" />
  <memory-cardclean objects="24604" bytes="1200936" />
  <regions eden="40" other="5" />
  <remembered-set-cleared processed="21251" cleared="3888" durationms="0.595" />
  <stringconstants candidates="15053" cleared="0"  />
</gc-op>
<gc-op id="3966" type="classunload" timems="0.011" contextid="3962" timestamp="2019-08-09T08:30:44.842">
  <classunload-info classloadercandidates="55" classloadersunloaded="0" classesunloaded="0" anonymousclassesunloaded="0" quiescems="0.000" setupms="0.011" scanms="0.000" postms="0.000" />
</gc-op>
<heap-resize id="3967" type="expand" space="default" amount="4194304" count="1" timems="0.070" reason="excessive time being spent in gc" timestamp="2019-08-09T08:30:44.842" />
<gc-end id="3968" type="partial gc" contextid="3962" durationms="12.806" usertimems="26.438" systemtimems="10.771" timestamp="2019-08-09T08:30:44.842" activeThreads="16">
  <mem-info id="3969" free="188743680" total="314572800" percent="60">
    <mem type="eden" free="3031264" total="4194304" percent="72" />
    <remembered-set count="43168" freebytes="12403328" totalbytes="12576000" percent="98" regionsoverflowed="0" regionsstable="8" regionsrebuilding="0"/>
  </mem-info>
</gc-end>
<cycle-end id="3970" type="partial gc" contextid="3962" timestamp="2019-08-09T08:30:44.842" />
  <attribute name="elasticGC enabled" value="1" />
  <attribute name= "numThreadsSpecified" value="16" />
  <attribute name="heapSize specified" value="0" />
  <attribute name="Current GC Util" value="112" />
  <attribute name= "Current Time Running" value="101028" />
  <attribute name ="GC Interval" value="0" />
  <attribute name="Target GC Util Change" value ="80.000000" />
  <attribute name="Current GC Util Change" value="112.000000"/>
  <attribute name="Current Error" value="-179.000000" />
  <attribute name="Output H" value="310416240"/>
  <attribute name="Output I" value="1904"/>
  <attribute name="Output T" value="16"/>
  <attribute name= "Current Time Running" value="101028" />
  <attribute name="GC Util currently" value="112" />
  <attribute name="CPU Util currently" value="1454460096720" />
<exclusive-end id="3971" timestamp="2019-08-09T08:30:44.842" durationms="13.588" />

<exclusive-start id="3972" timestamp="2019-08-09T08:30:44.945" intervalms="116.806">
  <response-info timems="3.953" idlems="3.953" threads="0" lastid="0000000001374500" lastname="Thread-26" />
</exclusive-start>
<allocation-taxation id="3973" taxation-threshold="85983232" timestamp="2019-08-09T08:30:44.946" intervalms="116.806" />
<cycle-start id="3974" type="partial gc" contextid="0" timestamp="2019-08-09T08:30:44.946" intervalms="117.063" />
<gc-start id="3975" type="partial gc" contextid="3974" timestamp="2019-08-09T08:30:44.946">
  <mem-info id="3976" free="102760448" total="314572800" percent="32">
    <mem type="eden" free="0" total="85983232" percent="0" />
    <remembered-set count="42816" freebytes="12404736" totalbytes="12576000" percent="98" regionsoverflowed="0" regionsstable="8" regionsrebuilding="0"/>
  </mem-info>
</gc-start>
<allocation-stats totalBytes="85968480" >
  <allocated-bytes non-tlh="0" tlh="85968480" arrayletleaf="0"/>
  <largest-consumer threadName="Thread-25" threadId="000000000132D300" bytes="9202296" />
</allocation-stats>
<gc-op id="3977" type="copy forward" timems="8.981" contextid="3974" timestamp="2019-08-09T08:30:44.956">
  <memory-copied type="eden" objects="25656" bytes="1034544" bytesdiscarded="67072" />
  <memory-copied type="other" objects="46527" bytes="1803528" bytesdiscarded="177064" />
  <memory-cardclean objects="37485" bytes="1898040" />
  <regions eden="41" other="6" />
  <remembered-set-cleared processed="21589" cleared="5614" durationms="0.190" />
  <stringconstants candidates="15053" cleared="0"  />
</gc-op>
<gc-op id="3978" type="classunload" timems="0.009" contextid="3974" timestamp="2019-08-09T08:30:44.956">
  <classunload-info classloadercandidates="55" classloadersunloaded="0" classesunloaded="0" anonymousclassesunloaded="0" quiescems="0.000" setupms="0.009" scanms="0.000" postms="0.000" />
</gc-op>
<heap-resize id="3979" type="expand" space="default" amount="6291456" count="1" timems="0.063" reason="excessive time being spent in gc" timestamp="2019-08-09T08:30:44.956" />
<gc-end id="3980" type="partial gc" contextid="3974" durationms="10.151" usertimems="24.152" systemtimems="8.258" timestamp="2019-08-09T08:30:44.956" activeThreads="16">
  <mem-info id="3981" free="192937984" total="320864256" percent="60">
    <mem type="eden" free="3092688" total="4194304" percent="73" />
    <remembered-set count="42432" freebytes="12657792" totalbytes="12827520" percent="98" regionsoverflowed="0" regionsstable="8" regionsrebuilding="0"/>
  </mem-info>
</gc-end>
<cycle-end id="3982" type="partial gc" contextid="3974" timestamp="2019-08-09T08:30:44.956" />
  <attribute name="elasticGC enabled" value="1" />
  <attribute name= "numThreadsSpecified" value="16" />
  <attribute name="heapSize specified" value="0" />
  <attribute name="Current GC Util" value="125" />
  <attribute name= "Current Time Running" value="101145" />
  <attribute name ="GC Interval" value="0" />
  <attribute name="Target GC Util Change" value ="80.000000" />
  <attribute name="Current GC Util Change" value="125.000000"/>
  <attribute name="Current Error" value="4.000000" />
  <attribute name="Output H" value="314610648"/>
  <attribute name="Output I" value="2008"/>
  <attribute name="Output T" value="16"/>
  <attribute name= "Current Time Running" value="101145" />
  <attribute name="GC Util currently" value="125" />
  <attribute name="CPU Util currently" value="1988608154083" />
<exclusive-end id="3983" timestamp="2019-08-09T08:30:44.957" durationms="11.101" />

<exclusive-start id="3984" timestamp="2019-08-09T08:30:45.028" intervalms="82.640">
  <response-info timems="1.151" idlems="1.151" threads="0" lastid="0000000001374500" lastname="Thread-26" />
</exclusive-start>
<allocation-taxation id="3985" taxation-threshold="88080384" timestamp="2019-08-09T08:30:45.028" intervalms="82.637" />
<cycle-start id="3986" type="partial gc" contextid="0" timestamp="2019-08-09T08:30:45.028" intervalms="82.243" />
<gc-start id="3987" type="partial gc" contextid="3986" timestamp="2019-08-09T08:30:45.029">
  <mem-info id="3988" free="104857600" total="320864256" percent="32">
    <mem type="eden" free="0" total="88080384" percent="0" />
    <remembered-set count="42208" freebytes="12658688" totalbytes="12827520" percent="98" regionsoverflowed="0" regionsstable="8" regionsrebuilding="0"/>
  </mem-info>
</gc-start>
<allocation-stats totalBytes="88065096" >
  <allocated-bytes non-tlh="0" tlh="88065096" arrayletleaf="0"/>
  <largest-consumer threadName="Thread-25" threadId="000000000132D300" bytes="8297144" />
</allocation-stats>
<gc-op id="3989" type="copy forward" timems="11.207" contextid="3986" timestamp="2019-08-09T08:30:45.041">
  <memory-copied type="eden" objects="25512" bytes="1029928" bytesdiscarded="71328" />
  <memory-copied type="other" objects="56807" bytes="2325000" bytesdiscarded="202488" />
  <memory-cardclean objects="22686" bytes="1154016" />
  <regions eden="42" other="5" />
  <remembered-set-cleared processed="22021" cleared="1439" durationms="0.726" />
  <stringconstants candidates="15053" cleared="0"  />
</gc-op>
<gc-op id="3990" type="classunload" timems="0.010" contextid="3986" timestamp="2019-08-09T08:30:45.041">
  <classunload-info classloadercandidates="55" classloadersunloaded="0" classesunloaded="0" anonymousclassesunloaded="0" quiescems="0.000" setupms="0.009" scanms="0.000" postms="0.000" />
</gc-op>
<heap-resize id="3991" type="expand" space="default" amount="4194304" count="1" timems="0.066" reason="excessive time being spent in gc" timestamp="2019-08-09T08:30:45.041" />
<gc-end id="3992" type="partial gc" contextid="3986" durationms="12.308" usertimems="24.271" systemtimems="12.059" timestamp="2019-08-09T08:30:45.041" activeThreads="16">
  <mem-info id="3993" free="195035136" total="325058560" percent="60">
    <mem type="eden" free="3093048" total="4194304" percent="73" />
    <remembered-set count="44512" freebytes="12817152" totalbytes="12995200" percent="98" regionsoverflowed="0" regionsstable="8" regionsrebuilding="0"/>
  </mem-info>
</gc-end>
<cycle-end id="3994" type="partial gc" contextid="3986" timestamp="2019-08-09T08:30:45.041" />
  <attribute name="elasticGC enabled" value="1" />
  <attribute name= "numThreadsSpecified" value="16" />
  <attribute name="heapSize specified" value="0" />
  <attribute name="Current GC Util" value="160" />
  <attribute name= "Current Time Running" value="101227" />
  <attribute name ="GC Interval" value="0" />
  <attribute name="Target GC Util Change" value ="80.000000" />
  <attribute name="Current GC Util Change" value="160.000000"/>
  <attribute name="Current Error" value="-34.000000" />
  <attribute name="Output H" value="320902080"/>
  <attribute name="Output I" value="1984"/>
  <attribute name="Output T" value="16"/>
  <attribute name= "Current Time Running" value="101227" />
  <attribute name="GC Util currently" value="160" />
  <attribute name="CPU Util currently" value="2517839945823" />
<exclusive-end id="3995" timestamp="2019-08-09T08:30:45.041" durationms="12.912" />

<exclusive-start id="3996" timestamp="2019-08-09T08:30:45.137" intervalms="109.003">
  <response-info timems="5.246" idlems="5.246" threads="0" lastid="0000000001330F00" lastname="Thread-34" />
</exclusive-start>
<allocation-taxation id="3997" taxation-threshold="88080384" timestamp="2019-08-09T08:30:45.137" intervalms="109.022" />
<cycle-start id="3998" type="partial gc" contextid="0" timestamp="2019-08-09T08:30:45.137" intervalms="109.041" />
<gc-start id="3999" type="partial gc" contextid="3998" timestamp="2019-08-09T08:30:45.138">
  <mem-info id="4000" free="106954752" total="325058560" percent="32">
    <mem type="eden" free="0" total="88080384" percent="0" />
    <remembered-set count="44512" freebytes="12817152" totalbytes="12995200" percent="98" regionsoverflowed="0" regionsstable="8" regionsrebuilding="0"/>
  </mem-info>
</gc-start>
<allocation-stats totalBytes="88064712" >
  <allocated-bytes non-tlh="0" tlh="88064712" arrayletleaf="0"/>
  <largest-consumer threadName="Thread-25" threadId="000000000132D300" bytes="8809080" />
</allocation-stats>
<gc-op id="4001" type="copy forward" timems="12.198" contextid="3998" timestamp="2019-08-09T08:30:45.152">
  <memory-copied type="eden" objects="12553" bytes="445016" bytesdiscarded="55096" />
  <memory-copied type="other" objects="59744" bytes="2532864" bytesdiscarded="171176" />
  <memory-cardclean objects="27245" bytes="1342008" />
  <regions eden="42" other="6" />
  <remembered-set-cleared processed="22277" cleared="3958" durationms="0.237" />
  <stringconstants candidates="15053" cleared="0"  />
</gc-op>
<gc-op id="4002" type="classunload" timems="0.012" contextid="3998" timestamp="2019-08-09T08:30:45.152">
  <classunload-info classloadercandidates="55" classloadersunloaded="0" classesunloaded="0" anonymousclassesunloaded="0" quiescems="0.000" setupms="0.012" scanms="0.000" postms="0.000" />
</gc-op>
<gc-end id="4003" type="partial gc" contextid="3998" durationms="13.939" usertimems="23.426" systemtimems="12.770" timestamp="2019-08-09T08:30:45.152" activeThreads="16">
  <mem-info id="4004" free="195035136" total="325058560" percent="60">
    <mem type="eden" free="1597040" total="2097152" percent="76" />
    <remembered-set count="42112" freebytes="12826752" totalbytes="12995200" percent="98" regionsoverflowed="0" regionsstable="8" regionsrebuilding="0"/>
  </mem-info>
</gc-end>
<cycle-end id="4005" type="partial gc" contextid="3998" timestamp="2019-08-09T08:30:45.153" />
  <attribute name="elasticGC enabled" value="1" />
  <attribute name= "numThreadsSpecified" value="16" />
  <attribute name="heapSize specified" value="0" />
  <attribute name="Current GC Util" value="113" />
  <attribute name= "Current Time Running" value="101338" />
  <attribute name ="GC Interval" value="0" />
  <attribute name="Target GC Util Change" value ="80.000000" />
  <attribute name="Current GC Util Change" value="113.000000"/>
  <attribute name="Current Error" value="-19.000000" />
  <attribute name="Output H" value="325096392"/>
  <attribute name="Output I" value="1992"/>
  <attribute name="Output T" value="16"/>
  <attribute name= "Current Time Running" value="101338" />
  <attribute name="GC Util currently" value="113" />
  <attribute name="CPU Util currently" value="1454803296438" />
<exclusive-end id="4006" timestamp="2019-08-09T08:30:45.153" durationms="15.509" />

<exclusive-start id="4007" timestamp="2019-08-09T08:30:45.239" intervalms="102.176">
  <response-info timems="5.979" idlems="5.979" threads="0" lastid="000000000132D300" lastname="Thread-25" />
</exclusive-start>
<allocation-taxation id="4008" taxation-threshold="88080384" timestamp="2019-08-09T08:30:45.239" intervalms="102.169" />
<cycle-start id="4009" type="partial gc" contextid="0" timestamp="2019-08-09T08:30:45.240" intervalms="102.233" />
<gc-start id="4010" type="partial gc" contextid="4009" timestamp="2019-08-09T08:30:45.240">
  <mem-info id="4011" free="106954752" total="325058560" percent="32">
    <mem type="eden" free="0" total="88080384" percent="0" />
    <remembered-set count="41664" freebytes="12828544" totalbytes="12995200" percent="98" regionsoverflowed="0" regionsstable="8" regionsrebuilding="0"/>
  </mem-info>
</gc-start>
<allocation-stats totalBytes="88064920" >
  <allocated-bytes non-tlh="0" tlh="88064920" arrayletleaf="0"/>
  <largest-consumer threadName="Thread-24" threadId="0000000001361900" bytes="9300616" />
</allocation-stats>
<gc-op id="4012" type="copy forward" timems="10.548" contextid="4009" timestamp="2019-08-09T08:30:45.252">
  <memory-copied type="eden" objects="22361" bytes="818024" bytesdiscarded="53448" />
  <memory-copied type="other" objects="65796" bytes="2815488" bytesdiscarded="270368" />
  <memory-cardclean objects="24084" bytes="1179312" />
  <regions eden="42" other="5" />
  <remembered-set-cleared processed="21458" cleared="2639" durationms="0.174" />
  <stringconstants candidates="15053" cleared="0"  />
</gc-op>
<gc-op id="4013" type="classunload" timems="0.011" contextid="4009" timestamp="2019-08-09T08:30:45.252">
  <classunload-info classloadercandidates="55" classloadersunloaded="0" classesunloaded="0" anonymousclassesunloaded="0" quiescems="0.000" setupms="0.010" scanms="0.000" postms="0.000" />
</gc-op>
<heap-resize id="4014" type="expand" space="default" amount="6291456" count="1" timems="0.071" reason="excessive time being spent in gc" timestamp="2019-08-09T08:30:45.252" />
<gc-end id="4015" type="partial gc" contextid="4009" durationms="11.924" usertimems="18.582" systemtimems="14.586" timestamp="2019-08-09T08:30:45.252" activeThreads="16">
  <mem-info id="4016" free="199229440" total="331350016" percent="60">
    <mem type="eden" free="1225680" total="2097152" percent="58" />
    <remembered-set count="43520" freebytes="13072640" totalbytes="13246720" percent="98" regionsoverflowed="0" regionsstable="8" regionsrebuilding="0"/>
  </mem-info>
</gc-end>
<cycle-end id="4017" type="partial gc" contextid="4009" timestamp="2019-08-09T08:30:45.252" />
  <attribute name="elasticGC enabled" value="1" />
  <attribute name= "numThreadsSpecified" value="16" />
  <attribute name="heapSize specified" value="0" />
  <attribute name="Current GC Util" value="166" />
  <attribute name= "Current Time Running" value="101439" />
  <attribute name ="GC Interval" value="0" />
  <attribute name="Target GC Util Change" value ="80.000000" />
  <attribute name="Current GC Util Change" value="166.000000"/>
  <attribute name="Current Error" value="-41.000000" />
  <attribute name="Output H" value="325096384"/>
  <attribute name="Output I" value="1984"/>
  <attribute name="Output T" value="16"/>
  <attribute name= "Current Time Running" value="101439" />
  <attribute name="GC Util currently" value="166" />
  <attribute name="CPU Util currently" value="1568417067625" />
<exclusive-end id="4018" timestamp="2019-08-09T08:30:45.252" durationms="12.913" />

<exclusive-start id="4019" timestamp="2019-08-09T08:30:45.302" intervalms="62.271">
  <response-info timems="3.628" idlems="3.628" threads="0" lastid="000000000136CD00" lastname="Thread-28" />
</exclusive-start>
<allocation-taxation id="4020" taxation-threshold="90177536" timestamp="2019-08-09T08:30:45.302" intervalms="62.292" />
<cycle-start id="4021" type="partial gc" contextid="0" timestamp="2019-08-09T08:30:45.302" intervalms="62.339" />
<gc-start id="4022" type="partial gc" contextid="4021" timestamp="2019-08-09T08:30:45.302">
  <mem-info id="4023" free="109051904" total="331350016" percent="32">
    <mem type="eden" free="0" total="90177536" percent="0" />
    <remembered-set count="43104" freebytes="13074304" totalbytes="13246720" percent="98" regionsoverflowed="0" regionsstable="8" regionsrebuilding="0"/>
  </mem-info>
</gc-start>
<allocation-stats totalBytes="90161728" >
  <allocated-bytes non-tlh="0" tlh="90161728" arrayletleaf="0"/>
  <largest-consumer threadName="Thread-25" threadId="000000000132D300" bytes="8350256" />
</allocation-stats>
<gc-op id="4024" type="copy forward" timems="11.601" contextid="4021" timestamp="2019-08-09T08:30:45.314">
  <memory-copied type="eden" objects="11627" bytes="421528" bytesdiscarded="66520" />
  <memory-copied type="other" objects="49384" bytes="2009472" bytesdiscarded="215800" />
  <memory-cardclean objects="28702" bytes="1461072" />
  <regions eden="43" other="5" />
  <remembered-set-cleared processed="21933" cleared="4237" durationms="0.260" />
  <stringconstants candidates="15053" cleared="0"  />
</gc-op>
<gc-op id="4025" type="classunload" timems="0.012" contextid="4021" timestamp="2019-08-09T08:30:45.314">
  <classunload-info classloadercandidates="55" classloadersunloaded="0" classesunloaded="0" anonymousclassesunloaded="0" quiescems="0.000" setupms="0.012" scanms="0.000" postms="0.000" />
</gc-op>
<heap-resize id="4026" type="expand" space="default" amount="4194304" count="1" timems="0.062" reason="excessive time being spent in gc" timestamp="2019-08-09T08:30:45.315" />
<gc-end id="4027" type="partial gc" contextid="4021" durationms="12.603" usertimems="18.637" systemtimems="15.941" timestamp="2019-08-09T08:30:45.315" activeThreads="16">
  <mem-info id="4028" free="201326592" total="335544320" percent="60">
    <mem type="eden" free="1609104" total="2097152" percent="76" />
    <remembered-set count="44224" freebytes="13237504" totalbytes="13414400" percent="98" regionsoverflowed="0" regionsstable="8" regionsrebuilding="0"/>
  </mem-info>
</gc-end>
<cycle-end id="4029" type="partial gc" contextid="4021" timestamp="2019-08-09T08:30:45.315" />
  <attribute name="elasticGC enabled" value="1" />
  <attribute name= "numThreadsSpecified" value="16" />
  <attribute name="heapSize specified" value="0" />
  <attribute name="Current GC Util" value="0" />
  <attribute name= "Current Time Running" value="101501" />
  <attribute name ="GC Interval" value="0" />
  <attribute name="Target GC Util Change" value ="80.000000" />
  <attribute name="Current GC Util Change" value="0.000000"/>
  <attribute name="Current Error" value="66.000000" />
  <attribute name="Output H" value="331387896"/>
  <attribute name="Output I" value="2040"/>
  <attribute name="Output T" value="16"/>
  <attribute name= "Current Time Running" value="101501" />
  <attribute name="GC Util currently" value="0" />
  <attribute name="CPU Util currently" value="2762116956838" />
<exclusive-end id="4030" timestamp="2019-08-09T08:30:45.315" durationms="13.350" />

<exclusive-start id="4031" timestamp="2019-08-09T08:30:45.366" intervalms="64.677">
  <response-info timems="1.194" idlems="0.627" threads="1" lastid="0000000001356600" lastname="Thread-31" />
</exclusive-start>
<allocation-taxation id="4032" taxation-threshold="90177536" timestamp="2019-08-09T08:30:45.366" intervalms="64.690" />
<cycle-start id="4033" type="partial gc" contextid="0" timestamp="2019-08-09T08:30:45.366" intervalms="64.549" />
<gc-start id="4034" type="partial gc" contextid="4033" timestamp="2019-08-09T08:30:45.367">
  <mem-info id="4035" free="111149056" total="335544320" percent="33">
    <mem type="eden" free="0" total="90177536" percent="0" />
    <remembered-set count="44000" freebytes="13238400" totalbytes="13414400" percent="98" regionsoverflowed="0" regionsstable="8" regionsrebuilding="0"/>
  </mem-info>
</gc-start>
<allocation-stats totalBytes="90161544" >
  <allocated-bytes non-tlh="0" tlh="90161544" arrayletleaf="0"/>
  <largest-consumer threadName="Thread-29" threadId="0000000001365500" bytes="9824464" />
</allocation-stats>
<gc-op id="4036" type="copy forward" timems="12.320" contextid="4033" timestamp="2019-08-09T08:30:45.380">
  <memory-copied type="eden" objects="6770" bytes="168136" bytesdiscarded="22912" />
  <memory-copied type="other" objects="52423" bytes="2219784" bytesdiscarded="229720" />
  <memory-cardclean objects="24351" bytes="1240776" />
  <regions eden="43" other="5" />
  <remembered-set-cleared processed="22727" cleared="3411" durationms="0.222" />
  <stringconstants candidates="15053" cleared="0"  />
</gc-op>
<gc-op id="4037" type="classunload" timems="0.011" contextid="4033" timestamp="2019-08-09T08:30:45.380">
  <classunload-info classloadercandidates="55" classloadersunloaded="0" classesunloaded="0" anonymousclassesunloaded="0" quiescems="0.000" setupms="0.011" scanms="0.000" postms="0.000" />
</gc-op>
<heap-resize id="4038" type="expand" space="default" amount="6291456" count="1" timems="0.066" reason="excessive time being spent in gc" timestamp="2019-08-09T08:30:45.380" />
<gc-end id="4039" type="partial gc" contextid="4033" durationms="13.551" usertimems="25.003" systemtimems="13.725" timestamp="2019-08-09T08:30:45.380" activeThreads="16">
  <mem-info id="4040" free="205520896" total="341835776" percent="60">
    <mem type="eden" free="1906104" total="2097152" percent="90" />
    <remembered-set count="44736" freebytes="13486976" totalbytes="13665920" percent="98" regionsoverflowed="0" regionsstable="8" regionsrebuilding="0"/>
  </mem-info>
</gc-end>
<cycle-end id="4041" type="partial gc" contextid="4033" timestamp="2019-08-09T08:30:45.380" />
  <attribute name="elasticGC enabled" value="1" />
  <attribute name= "numThreadsSpecified" value="16" />
  <attribute name="heapSize specified" value="0" />
  <attribute name="Current GC Util" value="137" />
  <attribute name= "Current Time Running" value="101565" />
  <attribute name ="GC Interval" value="0" />
  <attribute name="Target GC Util Change" value ="80.000000" />
  <attribute name="Current GC Util Change" value="137.000000"/>
  <attribute name="Current Error" value="35.000000" />
  <attribute name="Output H" value="335582184"/>
  <attribute name="Output I" value="2024"/>
  <attribute name="Output T" value="16"/>
  <attribute name= "Current Time Running" value="101565" />
  <attribute name="GC Util currently" value="137" />
  <attribute name="CPU Util currently" value="1989002684639" />
<exclusive-end id="4042" timestamp="2019-08-09T08:30:45.380" durationms="14.194" />

<exclusive-start id="4043" timestamp="2019-08-09T08:30:45.439" intervalms="72.715">
  <response-info timems="1.007" idlems="0.996" threads="1" lastid="0000000001374500" lastname="Thread-26" />
</exclusive-start>
<allocation-taxation id="4044" taxation-threshold="92274688" timestamp="2019-08-09T08:30:45.439" intervalms="72.670" />
<cycle-start id="4045" type="partial gc" contextid="0" timestamp="2019-08-09T08:30:45.439" intervalms="72.685" />
<gc-start id="4046" type="partial gc" contextid="4045" timestamp="2019-08-09T08:30:45.439">
  <mem-info id="4047" free="113246208" total="341835776" percent="33">
    <mem type="eden" free="0" total="92274688" percent="0" />
    <remembered-set count="44544" freebytes="13487744" totalbytes="13665920" percent="98" regionsoverflowed="0" regionsstable="8" regionsrebuilding="0"/>
  </mem-info>
</gc-start>
<allocation-stats totalBytes="92257768" >
  <allocated-bytes non-tlh="0" tlh="92257768" arrayletleaf="0"/>
  <largest-consumer threadName="Thread-29" threadId="0000000001365500" bytes="10717168" />
</allocation-stats>
<gc-op id="4048" type="copy forward" timems="21.887" contextid="4045" timestamp="2019-08-09T08:30:45.462">
  <memory-copied type="eden" objects="20390" bytes="770128" bytesdiscarded="42560" />
  <memory-copied type="other" objects="60339" bytes="2547144" bytesdiscarded="256104" />
  <memory-cardclean objects="21343" bytes="1100640" />
  <regions eden="44" other="5" />
  <remembered-set-cleared processed="23149" cleared="4626" durationms="0.633" />
  <stringconstants candidates="15053" cleared="0"  />
</gc-op>
<gc-op id="4049" type="classunload" timems="0.016" contextid="4045" timestamp="2019-08-09T08:30:45.462">
  <classunload-info classloadercandidates="55" classloadersunloaded="0" classesunloaded="0" anonymousclassesunloaded="0" quiescems="0.000" setupms="0.016" scanms="0.000" postms="0.000" />
</gc-op>
<heap-resize id="4050" type="expand" space="default" amount="4194304" count="1" timems="0.059" reason="excessive time being spent in gc" timestamp="2019-08-09T08:30:45.462" />
<gc-end id="4051" type="partial gc" contextid="4045" durationms="23.197" usertimems="30.467" systemtimems="27.022" timestamp="2019-08-09T08:30:45.463" activeThreads="16">
  <mem-info id="4052" free="207618048" total="346030080" percent="60">
    <mem type="eden" free="1284464" total="2097152" percent="61" />
    <remembered-set count="47136" freebytes="13645056" totalbytes="13833600" percent="98" regionsoverflowed="0" regionsstable="8" regionsrebuilding="0"/>
  </mem-info>
</gc-end>
<cycle-end id="4053" type="partial gc" contextid="4045" timestamp="2019-08-09T08:30:45.463" />
  <attribute name="elasticGC enabled" value="1" />
  <attribute name= "numThreadsSpecified" value="16" />
  <attribute name="heapSize specified" value="0" />
  <attribute name="Current GC Util" value="136" />
  <attribute name= "Current Time Running" value="101638" />
  <attribute name ="GC Interval" value="0" />
  <attribute name="Target GC Util Change" value ="80.000000" />
  <attribute name="Current GC Util Change" value="136.000000"/>
  <attribute name="Current Error" value="-28.000000" />
  <attribute name="Output H" value="341873600"/>
  <attribute name="Output I" value="1984"/>
  <attribute name="Output T" value="16"/>
  <attribute name= "Current Time Running" value="101638" />
  <attribute name="GC Util currently" value="136" />
  <attribute name="CPU Util currently" value="1757721891916" />
<exclusive-end id="4054" timestamp="2019-08-09T08:30:45.463" durationms="23.915" />

<exclusive-start id="4055" timestamp="2019-08-09T08:30:45.528" intervalms="89.369">
  <response-info timems="0.915" idlems="0.915" threads="0" lastid="000000000132D300" lastname="Thread-25" />
</exclusive-start>
<allocation-taxation id="4056" taxation-threshold="94371840" timestamp="2019-08-09T08:30:45.528" intervalms="89.373" />
<cycle-start id="4057" type="partial gc" contextid="0" timestamp="2019-08-09T08:30:45.529" intervalms="89.466" />
<gc-start id="4058" type="partial gc" contextid="4057" timestamp="2019-08-09T08:30:45.529">
  <mem-info id="4059" free="113246208" total="346030080" percent="32">
    <mem type="eden" free="0" total="94371840" percent="0" />
    <remembered-set count="46880" freebytes="13646080" totalbytes="13833600" percent="98" regionsoverflowed="0" regionsstable="8" regionsrebuilding="0"/>
  </mem-info>
</gc-start>
<allocation-stats totalBytes="94354896" >
  <allocated-bytes non-tlh="0" tlh="94354896" arrayletleaf="0"/>
  <largest-consumer threadName="Thread-25" threadId="000000000132D300" bytes="9632056" />
</allocation-stats>
<gc-op id="4060" type="copy forward" timems="13.827" contextid="4057" timestamp="2019-08-09T08:30:45.544">
  <memory-copied type="eden" objects="15785" bytes="521416" bytesdiscarded="63064" />
  <memory-copied type="other" objects="61323" bytes="2570760" bytesdiscarded="205032" />
  <memory-cardclean objects="30498" bytes="1547904" />
  <regions eden="45" other="5" />
  <remembered-set-cleared processed="24922" cleared="5603" durationms="0.215" />
  <stringconstants candidates="15053" cleared="0"  />
</gc-op>
<gc-op id="4061" type="classunload" timems="0.010" contextid="4057" timestamp="2019-08-09T08:30:45.544">
  <classunload-info classloadercandidates="55" classloadersunloaded="0" classesunloaded="0" anonymousclassesunloaded="0" quiescems="0.000" setupms="0.010" scanms="0.000" postms="0.000" />
</gc-op>
<heap-resize id="4062" type="expand" space="default" amount="6291456" count="1" timems="0.059" reason="excessive time being spent in gc" timestamp="2019-08-09T08:30:45.544" />
<gc-end id="4063" type="partial gc" contextid="4057" durationms="15.357" usertimems="29.762" systemtimems="22.209" timestamp="2019-08-09T08:30:45.544" activeThreads="16">
  <mem-info id="4064" free="211812352" total="352321536" percent="60">
    <mem type="eden" free="1512672" total="2097152" percent="72" />
    <remembered-set count="47808" freebytes="13893888" totalbytes="14085120" percent="98" regionsoverflowed="0" regionsstable="8" regionsrebuilding="0"/>
  </mem-info>
</gc-end>
<cycle-end id="4065" type="partial gc" contextid="4057" timestamp="2019-08-09T08:30:45.545" />
  <attribute name="elasticGC enabled" value="1" />
  <attribute name= "numThreadsSpecified" value="16" />
  <attribute name="heapSize specified" value="0" />
  <attribute name="Current GC Util" value="61" />
  <attribute name= "Current Time Running" value="101728" />
  <attribute name ="GC Interval" value="0" />
  <attribute name="Target GC Util Change" value ="80.000000" />
  <attribute name="Current GC Util Change" value="61.000000"/>
  <attribute name="Current Error" value="8.000000" />
  <attribute name="Output H" value="346067928"/>
  <attribute name="Output I" value="2008"/>
  <attribute name="Output T" value="16"/>
  <attribute name= "Current Time Running" value="101728" />
  <attribute name="GC Util currently" value="61" />
  <attribute name="CPU Util currently" value="1698267336312" />
<exclusive-end id="4066" timestamp="2019-08-09T08:30:45.545" durationms="16.302" />

<exclusive-start id="4067" timestamp="2019-08-09T08:30:45.625" intervalms="96.854">
  <response-info timems="4.171" idlems="4.171" threads="0" lastid="0000000001374500" lastname="Thread-26" />
</exclusive-start>
<allocation-taxation id="4068" taxation-threshold="94371840" timestamp="2019-08-09T08:30:45.625" intervalms="96.849" />
<cycle-start id="4069" type="partial gc" contextid="0" timestamp="2019-08-09T08:30:45.625" intervalms="96.880" />
<gc-start id="4070" type="partial gc" contextid="4069" timestamp="2019-08-09T08:30:45.626">
  <mem-info id="4071" free="117440512" total="352321536" percent="33">
    <mem type="eden" free="0" total="94371840" percent="0" />
    <remembered-set count="47712" freebytes="13894272" totalbytes="14085120" percent="98" regionsoverflowed="0" regionsstable="8" regionsrebuilding="0"/>
  </mem-info>
</gc-start>
<allocation-stats totalBytes="94354736" >
  <allocated-bytes non-tlh="0" tlh="94354736" arrayletleaf="0"/>
  <largest-consumer threadName="Thread-23" threadId="000000000134EE00" bytes="9493056" />
</allocation-stats>
<gc-op id="4072" type="copy forward" timems="14.306" contextid="4069" timestamp="2019-08-09T08:30:45.641">
  <memory-copied type="eden" objects="18076" bytes="576088" bytesdiscarded="38704" />
  <memory-copied type="other" objects="59183" bytes="2244648" bytesdiscarded="234608" />
  <memory-cardclean objects="32264" bytes="1681296" />
  <regions eden="45" other="5" />
  <remembered-set-cleared processed="24307" cleared="3268" durationms="0.175" />
  <stringconstants candidates="15053" cleared="0"  />
</gc-op>
<gc-op id="4073" type="classunload" timems="0.015" contextid="4069" timestamp="2019-08-09T08:30:45.641">
  <classunload-info classloadercandidates="55" classloadersunloaded="0" classesunloaded="0" anonymousclassesunloaded="0" quiescems="0.000" setupms="0.015" scanms="0.000" postms="0.000" />
</gc-op>
<heap-resize id="4074" type="expand" space="default" amount="10485760" count="1" timems="0.074" reason="excessive time being spent in gc" timestamp="2019-08-09T08:30:45.642" />
<gc-end id="4075" type="partial gc" contextid="4069" durationms="16.041" usertimems="31.885" systemtimems="21.853" timestamp="2019-08-09T08:30:45.642" activeThreads="16">
  <mem-info id="4076" free="218103808" total="362807296" percent="60">
    <mem type="eden" free="3579512" total="4194304" percent="85" />
    <remembered-set count="49184" freebytes="14307584" totalbytes="14504320" percent="98" regionsoverflowed="0" regionsstable="8" regionsrebuilding="0"/>
  </mem-info>
</gc-end>
<cycle-end id="4077" type="partial gc" contextid="4069" timestamp="2019-08-09T08:30:45.642" />
  <attribute name="elasticGC enabled" value="1" />
  <attribute name= "numThreadsSpecified" value="16" />
  <attribute name="heapSize specified" value="0" />
  <attribute name="Current GC Util" value="169" />
  <attribute name= "Current Time Running" value="101825" />
  <attribute name ="GC Interval" value="0" />
  <attribute name="Target GC Util Change" value ="80.000000" />
  <attribute name="Current GC Util Change" value="169.000000"/>
  <attribute name="Current Error" value="-55.000000" />
  <attribute name="Output H" value="352359352"/>
  <attribute name="Output I" value="1976"/>
  <attribute name="Output T" value="16"/>
  <attribute name= "Current Time Running" value="101825" />
  <attribute name="GC Util currently" value="169" />
  <attribute name="CPU Util currently" value="1122122530123" />
<exclusive-end id="4078" timestamp="2019-08-09T08:30:45.642" durationms="16.777" />

<exclusive-start id="4079" timestamp="2019-08-09T08:30:45.756" intervalms="130.472">
  <response-info timems="0.880" idlems="0.880" threads="0" lastid="000000000135DD00" lastname="Thread-36" />
</exclusive-start>
<allocation-taxation id="4080" taxation-threshold="96468992" timestamp="2019-08-09T08:30:45.756" intervalms="130.476" />
<cycle-start id="4081" type="partial gc" contextid="0" timestamp="2019-08-09T08:30:45.756" intervalms="130.520" />
<gc-start id="4082" type="partial gc" contextid="4081" timestamp="2019-08-09T08:30:45.756">
  <mem-info id="4083" free="121634816" total="362807296" percent="33">
    <mem type="eden" free="0" total="96468992" percent="0" />
    <remembered-set count="49120" freebytes="14307840" totalbytes="14504320" percent="98" regionsoverflowed="0" regionsstable="8" regionsrebuilding="0"/>
  </mem-info>
</gc-start>
<allocation-stats totalBytes="96451344" >
  <allocated-bytes non-tlh="0" tlh="96451344" arrayletleaf="0"/>
  <largest-consumer threadName="Thread-35" threadId="000000000135A200" bytes="8419816" />
</allocation-stats>
<gc-op id="4084" type="copy forward" timems="14.230" contextid="4081" timestamp="2019-08-09T08:30:45.771">
  <memory-copied type="eden" objects="28290" bytes="1095936" bytesdiscarded="76432" />
  <memory-copied type="other" objects="56690" bytes="2184816" bytesdiscarded="203136" />
  <memory-cardclean objects="36825" bytes="1866432" />
  <regions eden="46" other="6" />
  <remembered-set-cleared processed="26377" cleared="6052" durationms="0.241" />
  <stringconstants candidates="15053" cleared="0"  />
</gc-op>
<gc-op id="4085" type="classunload" timems="0.011" contextid="4081" timestamp="2019-08-09T08:30:45.771">
  <classunload-info classloadercandidates="55" classloadersunloaded="0" classesunloaded="0" anonymousclassesunloaded="0" quiescems="0.000" setupms="0.010" scanms="0.000" postms="0.000" />
</gc-op>
<gc-end id="4086" type="partial gc" contextid="4081" durationms="15.333" usertimems="38.878" systemtimems="18.401" timestamp="2019-08-09T08:30:45.772" activeThreads="16">
  <mem-info id="4087" free="218103808" total="362807296" percent="60">
    <mem type="eden" free="924784" total="2097152" percent="44" />
    <remembered-set count="51456" freebytes="14298496" totalbytes="14504320" percent="98" regionsoverflowed="0" regionsstable="8" regionsrebuilding="0"/>
  </mem-info>
</gc-end>
<cycle-end id="4088" type="partial gc" contextid="4081" timestamp="2019-08-09T08:30:45.772" />
  <attribute name="elasticGC enabled" value="1" />
  <attribute name= "numThreadsSpecified" value="16" />
  <attribute name="heapSize specified" value="0" />
  <attribute name="Current GC Util" value="249" />
  <attribute name= "Current Time Running" value="101955" />
  <attribute name ="GC Interval" value="0" />
  <attribute name="Target GC Util Change" value ="80.000000" />
  <attribute name="Current GC Util Change" value="249.000000"/>
  <attribute name="Current Error" value="-129.000000" />
  <attribute name="Output H" value="362845064"/>
  <attribute name="Output I" value="1928"/>
  <attribute name="Output T" value="16"/>
  <attribute name= "Current Time Running" value="101955" />
  <attribute name="GC Util currently" value="249" />
  <attribute name="CPU Util currently" value="1890276833550" />
<exclusive-end id="4089" timestamp="2019-08-09T08:30:45.772" durationms="16.096" />

<exclusive-start id="4090" timestamp="2019-08-09T08:30:45.859" intervalms="103.237">
  <response-info timems="3.296" idlems="3.296" threads="0" lastid="000000000132D300" lastname="Thread-25" />
</exclusive-start>
<allocation-taxation id="4091" taxation-threshold="96468992" timestamp="2019-08-09T08:30:45.859" intervalms="103.226" />
<cycle-start id="4092" type="partial gc" contextid="0" timestamp="2019-08-09T08:30:45.859" intervalms="103.038" />
<gc-start id="4093" type="partial gc" contextid="4092" timestamp="2019-08-09T08:30:45.859">
  <mem-info id="4094" free="121634816" total="362807296" percent="33">
    <mem type="eden" free="0" total="96468992" percent="0" />
    <remembered-set count="51168" freebytes="14299648" totalbytes="14504320" percent="98" regionsoverflowed="0" regionsstable="8" regionsrebuilding="0"/>
  </mem-info>
</gc-start>
<allocation-stats totalBytes="96451408" >
  <allocated-bytes non-tlh="0" tlh="96451408" arrayletleaf="0"/>
  <largest-consumer threadName="Thread-26" threadId="0000000001374500" bytes="8370632" />
</allocation-stats>
<gc-op id="4095" type="copy forward" timems="12.327" contextid="4092" timestamp="2019-08-09T08:30:45.873">
  <memory-copied type="eden" objects="40538" bytes="1664720" bytesdiscarded="137528" />
  <memory-copied type="other" objects="60862" bytes="2422320" bytesdiscarded="193144" />
  <memory-cardclean objects="32771" bytes="1706760" />
  <regions eden="46" other="5" />
  <remembered-set-cleared processed="27138" cleared="5590" durationms="0.212" />
  <stringconstants candidates="15053" cleared="0"  />
</gc-op>
<gc-op id="4096" type="classunload" timems="0.011" contextid="4092" timestamp="2019-08-09T08:30:45.873">
  <classunload-info classloadercandidates="55" classloadersunloaded="0" classesunloaded="0" anonymousclassesunloaded="0" quiescems="0.000" setupms="0.011" scanms="0.000" postms="0.000" />
</gc-op>
<heap-resize id="4097" type="expand" space="default" amount="4194304" count="1" timems="0.062" reason="excessive time being spent in gc" timestamp="2019-08-09T08:30:45.873" />
<gc-end id="4098" type="partial gc" contextid="4092" durationms="14.234" usertimems="34.500" systemtimems="16.115" timestamp="2019-08-09T08:30:45.873" activeThreads="16">
  <mem-info id="4099" free="220200960" total="367001600" percent="60">
    <mem type="eden" free="294904" total="2097152" percent="14" />
    <remembered-set count="50624" freebytes="14469504" totalbytes="14672000" percent="98" regionsoverflowed="0" regionsstable="8" regionsrebuilding="0"/>
  </mem-info>
</gc-end>
<cycle-end id="4100" type="partial gc" contextid="4092" timestamp="2019-08-09T08:30:45.874" />
  <attribute name="elasticGC enabled" value="1" />
  <attribute name= "numThreadsSpecified" value="16" />
  <attribute name="heapSize specified" value="0" />
  <attribute name="Current GC Util" value="281" />
  <attribute name= "Current Time Running" value="102059" />
  <attribute name ="GC Interval" value="0" />
  <attribute name="Target GC Util Change" value ="80.000000" />
  <attribute name="Current GC Util Change" value="281.000000"/>
  <attribute name="Current Error" value="-304.000000" />
  <attribute name="Output H" value="362844968"/>
  <attribute name="Output I" value="1832"/>
  <attribute name="Output T" value="16"/>
  <attribute name= "Current Time Running" value="102059" />
  <attribute name="GC Util currently" value="281" />
  <attribute name="CPU Util currently" value="869776216525" />
<exclusive-end id="4101" timestamp="2019-08-09T08:30:45.874" durationms="14.849" />

<exclusive-start id="4102" timestamp="2019-08-09T08:30:45.954" intervalms="94.831">
  <response-info timems="4.786" idlems="4.786" threads="0" lastid="0000000001361900" lastname="Thread-24" />
</exclusive-start>
<allocation-taxation id="4103" taxation-threshold="98566144" timestamp="2019-08-09T08:30:45.954" intervalms="94.838" />
<cycle-start id="4104" type="partial gc" contextid="0" timestamp="2019-08-09T08:30:45.954" intervalms="94.838" />
<gc-start id="4105" type="partial gc" contextid="4104" timestamp="2019-08-09T08:30:45.954">
  <mem-info id="4106" free="121634816" total="367001600" percent="33">
    <mem type="eden" free="0" total="98566144" percent="0" />
    <remembered-set count="50176" freebytes="14471296" totalbytes="14672000" percent="98" regionsoverflowed="0" regionsstable="8" regionsrebuilding="0"/>
  </mem-info>
</gc-start>
<allocation-stats totalBytes="98547688" >
  <allocated-bytes non-tlh="0" tlh="98547688" arrayletleaf="0"/>
  <largest-consumer threadName="Thread-36" threadId="000000000135DD00" bytes="9193808" />
</allocation-stats>
<gc-op id="4107" type="copy forward" timems="12.191" contextid="4104" timestamp="2019-08-09T08:30:45.968">
  <memory-copied type="eden" objects="22577" bytes="683912" bytesdiscarded="101792" />
  <memory-copied type="other" objects="85742" bytes="3431568" bytesdiscarded="264640" />
  <memory-cardclean objects="35497" bytes="1791456" />
  <regions eden="47" other="5" />
  <remembered-set-cleared processed="26580" cleared="5052" durationms="0.604" />
  <stringconstants candidates="15053" cleared="0"  />
</gc-op>
<gc-op id="4108" type="classunload" timems="0.010" contextid="4104" timestamp="2019-08-09T08:30:45.969">
  <classunload-info classloadercandidates="55" classloadersunloaded="0" classesunloaded="0" anonymousclassesunloaded="0" quiescems="0.000" setupms="0.010" scanms="0.000" postms="0.000" />
</gc-op>
<heap-resize id="4109" type="expand" space="default" amount="6291456" count="1" timems="0.059" reason="excessive time being spent in gc" timestamp="2019-08-09T08:30:45.969" />
<gc-end id="4110" type="partial gc" contextid="4104" durationms="14.674" usertimems="35.942" systemtimems="11.750" timestamp="2019-08-09T08:30:45.969" activeThreads="16">
  <mem-info id="4111" free="224395264" total="373293056" percent="60">
    <mem type="eden" free="1311448" total="2097152" percent="62" />
    <remembered-set count="52864" freebytes="14712064" totalbytes="14923520" percent="98" regionsoverflowed="0" regionsstable="8" regionsrebuilding="0"/>
  </mem-info>
</gc-end>
<cycle-end id="4112" type="partial gc" contextid="4104" timestamp="2019-08-09T08:30:45.969" />
  <attribute name="elasticGC enabled" value="1" />
  <attribute name= "numThreadsSpecified" value="16" />
  <attribute name="heapSize specified" value="0" />
  <attribute name="Current GC Util" value="144" />
  <attribute name= "Current Time Running" value="102154" />
  <attribute name ="GC Interval" value="0" />
  <attribute name="Target GC Util Change" value ="80.000000" />
  <attribute name="Current GC Util Change" value="144.000000"/>
  <attribute name="Current Error" value="-337.000000" />
  <attribute name="Output H" value="367039248"/>
  <attribute name="Output I" value="1808"/>
  <attribute name="Output T" value="16"/>
  <attribute name= "Current Time Running" value="102154" />
  <attribute name="GC Util currently" value="144" />
  <attribute name="CPU Util currently" value="950491458397" />
<exclusive-end id="4113" timestamp="2019-08-09T08:30:45.969" durationms="15.156" />

<exclusive-start id="4114" timestamp="2019-08-09T08:30:46.042" intervalms="88.213">
  <response-info timems="1.903" idlems="1.903" threads="0" lastid="000000000131E300" lastname="Thread-21" />
</exclusive-start>
<allocation-taxation id="4115" taxation-threshold="100663296" timestamp="2019-08-09T08:30:46.042" intervalms="88.256" />
<cycle-start id="4116" type="partial gc" contextid="0" timestamp="2019-08-09T08:30:46.042" intervalms="88.290" />
<gc-start id="4117" type="partial gc" contextid="4116" timestamp="2019-08-09T08:30:46.042">
  <mem-info id="4118" free="123731968" total="373293056" percent="33">
    <mem type="eden" free="0" total="100663296" percent="0" />
    <remembered-set count="52544" freebytes="14713344" totalbytes="14923520" percent="98" regionsoverflowed="0" regionsstable="8" regionsrebuilding="0"/>
  </mem-info>
</gc-start>
<allocation-stats totalBytes="100644960" >
  <allocated-bytes non-tlh="0" tlh="100644960" arrayletleaf="0"/>
  <largest-consumer threadName="Thread-25" threadId="000000000132D300" bytes="8616368" />
</allocation-stats>
<gc-op id="4119" type="copy forward" timems="10.247" contextid="4116" timestamp="2019-08-09T08:30:46.054">
  <memory-copied type="eden" objects="35226" bytes="1400064" bytesdiscarded="65208" />
  <memory-copied type="other" objects="75486" bytes="2910672" bytesdiscarded="261368" />
  <memory-cardclean objects="30656" bytes="1535400" />
  <regions eden="48" other="5" />
  <remembered-set-cleared processed="26605" cleared="3941" durationms="0.599" />
  <stringconstants candidates="15053" cleared="0"  />
</gc-op>
<gc-op id="4120" type="classunload" timems="0.011" contextid="4116" timestamp="2019-08-09T08:30:46.054">
  <classunload-info classloadercandidates="55" classloadersunloaded="0" classesunloaded="0" anonymousclassesunloaded="0" quiescems="0.000" setupms="0.010" scanms="0.000" postms="0.000" />
</gc-op>
<heap-resize id="4121" type="expand" space="default" amount="10485760" count="1" timems="0.061" reason="excessive time being spent in gc" timestamp="2019-08-09T08:30:46.054" />
<gc-end id="4122" type="partial gc" contextid="4116" durationms="11.532" usertimems="34.773" systemtimems="7.101" timestamp="2019-08-09T08:30:46.054" activeThreads="16">
  <mem-info id="4123" free="230686720" total="383778816" percent="60">
    <mem type="eden" free="2729032" total="4194304" percent="65" />
    <remembered-set count="51584" freebytes="15136384" totalbytes="15342720" percent="98" regionsoverflowed="0" regionsstable="8" regionsrebuilding="0"/>
  </mem-info>
</gc-end>
<cycle-end id="4124" type="partial gc" contextid="4116" timestamp="2019-08-09T08:30:46.054" />
  <attribute name="elasticGC enabled" value="1" />
  <attribute name= "numThreadsSpecified" value="16" />
  <attribute name="heapSize specified" value="0" />
  <attribute name="Current GC Util" value="161" />
  <attribute name= "Current Time Running" value="102241" />
  <attribute name ="GC Interval" value="0" />
  <attribute name="Target GC Util Change" value ="80.000000" />
  <attribute name="Current GC Util Change" value="161.000000"/>
  <attribute name="Current Error" value="-53.000000" />
  <attribute name="Output H" value="373330872"/>
  <attribute name="Output I" value="1976"/>
  <attribute name="Output T" value="16"/>
  <attribute name= "Current Time Running" value="102241" />
  <attribute name="GC Util currently" value="161" />
  <attribute name="CPU Util currently" value="1665989569736" />
<exclusive-end id="4125" timestamp="2019-08-09T08:30:46.054" durationms="12.164" />

<exclusive-start id="4126" timestamp="2019-08-09T08:30:46.152" intervalms="110.229">
  <response-info timems="5.212" idlems="2.703" threads="1" lastid="0000000001374500" lastname="Thread-26" />
</exclusive-start>
<allocation-taxation id="4127" taxation-threshold="102760448" timestamp="2019-08-09T08:30:46.152" intervalms="110.357" />
<cycle-start id="4128" type="partial gc" contextid="0" timestamp="2019-08-09T08:30:46.157" intervalms="114.580" />
<gc-start id="4129" type="partial gc" contextid="4128" timestamp="2019-08-09T08:30:46.158">
  <mem-info id="4130" free="127926272" total="383778816" percent="33">
    <mem type="eden" free="0" total="102760448" percent="0" />
    <remembered-set count="51488" freebytes="15136768" totalbytes="15342720" percent="98" regionsoverflowed="0" regionsstable="8" regionsrebuilding="0"/>
  </mem-info>
</gc-start>
<allocation-stats totalBytes="102742032" >
  <allocated-bytes non-tlh="0" tlh="102742032" arrayletleaf="0"/>
  <largest-consumer threadName="Thread-25" threadId="000000000132D300" bytes="10242232" />
</allocation-stats>
<gc-op id="4131" type="copy forward" timems="9.739" contextid="4128" timestamp="2019-08-09T08:30:46.192">
  <memory-copied type="eden" objects="41726" bytes="1692800" bytesdiscarded="141576" />
  <memory-copied type="other" objects="58540" bytes="2229216" bytesdiscarded="274712" />
  <memory-cardclean objects="31671" bytes="1581264" />
  <regions eden="49" other="6" />
  <remembered-set-cleared processed="26753" cleared="3587" durationms="0.430" />
  <stringconstants candidates="15053" cleared="0"  />
</gc-op>
<gc-op id="4132" type="classunload" timems="0.010" contextid="4128" timestamp="2019-08-09T08:30:46.192">
  <classunload-info classloadercandidates="55" classloadersunloaded="0" classesunloaded="0" anonymousclassesunloaded="0" quiescems="0.000" setupms="0.010" scanms="0.000" postms="0.000" />
</gc-op>
<gc-end id="4133" type="partial gc" contextid="4128" durationms="34.049" usertimems="35.956" systemtimems="22.651" timestamp="2019-08-09T08:30:46.192" activeThreads="16">
  <mem-info id="4134" free="230686720" total="383778816" percent="60">
    <mem type="eden" free="262776" total="2097152" percent="12" />
    <remembered-set count="49888" freebytes="15143168" totalbytes="15342720" percent="98" regionsoverflowed="0" regionsstable="8" regionsrebuilding="0"/>
  </mem-info>
</gc-end>
<cycle-end id="4135" type="partial gc" contextid="4128" timestamp="2019-08-09T08:30:46.192" />
  <attribute name="elasticGC enabled" value="1" />
  <attribute name= "numThreadsSpecified" value="16" />
  <attribute name="heapSize specified" value="0" />
  <attribute name="Current GC Util" value="13" />
  <attribute name= "Current Time Running" value="102380" />
  <attribute name ="GC Interval" value="0" />
  <attribute name="Target GC Util Change" value ="80.000000" />
  <attribute name="Current GC Util Change" value="13.000000"/>
  <attribute name="Current Error" value="60.000000" />
  <attribute name="Output H" value="383816696"/>
  <attribute name="Output I" value="2040"/>
  <attribute name="Output T" value="16"/>
  <attribute name= "Current Time Running" value="102380" />
  <attribute name="GC Util currently" value="13" />
  <attribute name="CPU Util currently" value="54089297050" />
<exclusive-end id="4136" timestamp="2019-08-09T08:30:46.192" durationms="40.153" />

<exclusive-start id="4137" timestamp="2019-08-09T08:30:46.288" intervalms="136.060">
  <response-info timems="1.707" idlems="0.912" threads="1" lastid="000000000136CD00" lastname="Thread-28" />
</exclusive-start>
<allocation-taxation id="4138" taxation-threshold="102760448" timestamp="2019-08-09T08:30:46.288" intervalms="135.990" />
<cycle-start id="4139" type="partial gc" contextid="0" timestamp="2019-08-09T08:30:46.289" intervalms="131.895" />
<gc-start id="4140" type="partial gc" contextid="4139" timestamp="2019-08-09T08:30:46.289">
  <mem-info id="4141" free="127926272" total="383778816" percent="33">
    <mem type="eden" free="0" total="102760448" percent="0" />
    <remembered-set count="49440" freebytes="15144960" totalbytes="15342720" percent="98" regionsoverflowed="0" regionsstable="8" regionsrebuilding="0"/>
  </mem-info>
</gc-start>
<allocation-stats totalBytes="102742448" >
  <allocated-bytes non-tlh="0" tlh="102742448" arrayletleaf="0"/>
  <largest-consumer threadName="Thread-31" threadId="0000000001356600" bytes="9271976" />
</allocation-stats>
<gc-op id="4142" type="copy forward" timems="23.009" contextid="4139" timestamp="2019-08-09T08:30:46.314">
  <memory-copied type="eden" objects="25238" bytes="885600" bytesdiscarded="110584" />
  <memory-copied type="other" objects="83667" bytes="3519144" bytesdiscarded="201760" />
  <memory-cardclean objects="20292" bytes="1020072" />
  <regions eden="49" other="5" />
  <remembered-set-cleared processed="26505" cleared="3474" durationms="0.210" />
  <stringconstants candidates="15053" cleared="0"  />
</gc-op>
<gc-op id="4143" type="classunload" timems="0.013" contextid="4139" timestamp="2019-08-09T08:30:46.314">
  <classunload-info classloadercandidates="55" classloadersunloaded="0" classesunloaded="0" anonymousclassesunloaded="0" quiescems="0.000" setupms="0.013" scanms="0.000" postms="0.000" />
</gc-op>
<heap-resize id="4144" type="expand" space="default" amount="4194304" count="1" timems="0.061" reason="excessive time being spent in gc" timestamp="2019-08-09T08:30:46.315" />
<gc-end id="4145" type="partial gc" contextid="4139" durationms="25.875" usertimems="24.794" systemtimems="42.322" timestamp="2019-08-09T08:30:46.315" activeThreads="16">
  <mem-info id="4146" free="232783872" total="387973120" percent="60">
    <mem type="eden" free="1100968" total="2097152" percent="52" />
    <remembered-set count="50848" freebytes="15307008" totalbytes="15510400" percent="98" regionsoverflowed="0" regionsstable="8" regionsrebuilding="0"/>
  </mem-info>
</gc-end>
<cycle-end id="4147" type="partial gc" contextid="4139" timestamp="2019-08-09T08:30:46.315" />
  <attribute name="elasticGC enabled" value="1" />
  <attribute name= "numThreadsSpecified" value="16" />
  <attribute name="heapSize specified" value="0" />
  <attribute name="Current GC Util" value="54" />
  <attribute name= "Current Time Running" value="102489" />
  <attribute name ="GC Interval" value="0" />
  <attribute name="Target GC Util Change" value ="80.000000" />
  <attribute name="Current GC Util Change" value="54.000000"/>
  <attribute name="Current Error" value="113.000000" />
  <attribute name="Output H" value="383816728"/>
  <attribute name="Output I" value="2072"/>
  <attribute name="Output T" value="16"/>
  <attribute name= "Current Time Running" value="102489" />
  <attribute name="GC Util currently" value="54" />
  <attribute name="CPU Util currently" value="538778793253" />
<exclusive-end id="4148" timestamp="2019-08-09T08:30:46.315" durationms="26.847" />

<exclusive-start id="4149" timestamp="2019-08-09T08:30:46.424" intervalms="135.586">
  <response-info timems="3.802" idlems="3.802" threads="0" lastid="000000000131E300" lastname="Thread-21" />
</exclusive-start>
<allocation-taxation id="4150" taxation-threshold="102760448" timestamp="2019-08-09T08:30:46.424" intervalms="135.491" />
<cycle-start id="4151" type="partial gc" contextid="0" timestamp="2019-08-09T08:30:46.424" intervalms="135.332" />
<gc-start id="4152" type="partial gc" contextid="4151" timestamp="2019-08-09T08:30:46.424">
  <mem-info id="4153" free="130023424" total="387973120" percent="33">
    <mem type="eden" free="0" total="102760448" percent="0" />
    <remembered-set count="50528" freebytes="15308288" totalbytes="15510400" percent="98" regionsoverflowed="0" regionsstable="8" regionsrebuilding="0"/>
  </mem-info>
</gc-start>
<allocation-stats totalBytes="102742056" >
  <allocated-bytes non-tlh="0" tlh="102742056" arrayletleaf="0"/>
  <largest-consumer threadName="Thread-34" threadId="0000000001330F00" bytes="13387568" />
</allocation-stats>
<gc-op id="4154" type="copy forward" timems="15.453" contextid="4151" timestamp="2019-08-09T08:30:46.441">
  <memory-copied type="eden" objects="27968" bytes="1087968" bytesdiscarded="91512" />
  <memory-copied type="other" objects="69325" bytes="2762808" bytesdiscarded="253056" />
  <memory-cardclean objects="25963" bytes="1349400" />
  <regions eden="49" other="5" />
  <remembered-set-cleared processed="27087" cleared="3081" durationms="1.005" />
  <stringconstants candidates="15053" cleared="0"  />
</gc-op>
<gc-op id="4155" type="classunload" timems="0.012" contextid="4151" timestamp="2019-08-09T08:30:46.441">
  <classunload-info classloadercandidates="55" classloadersunloaded="0" classesunloaded="0" anonymousclassesunloaded="0" quiescems="0.000" setupms="0.012" scanms="0.000" postms="0.000" />
</gc-op>
<heap-resize id="4156" type="expand" space="default" amount="6291456" count="1" timems="0.060" reason="excessive time being spent in gc" timestamp="2019-08-09T08:30:46.441" />
<gc-end id="4157" type="partial gc" contextid="4151" durationms="17.201" usertimems="40.388" systemtimems="10.756" timestamp="2019-08-09T08:30:46.441" activeThreads="16">
  <mem-info id="4158" free="236978176" total="394264576" percent="60">
    <mem type="eden" free="917672" total="2097152" percent="43" />
    <remembered-set count="51392" freebytes="15556352" totalbytes="15761920" percent="98" regionsoverflowed="0" regionsstable="8" regionsrebuilding="0"/>
  </mem-info>
</gc-end>
<cycle-end id="4159" type="partial gc" contextid="4151" timestamp="2019-08-09T08:30:46.441" />
  <attribute name="elasticGC enabled" value="1" />
  <attribute name= "numThreadsSpecified" value="16" />
  <attribute name="heapSize specified" value="0" />
  <attribute name="Current GC Util" value="108" />
  <attribute name= "Current Time Running" value="102623" />
  <attribute name ="GC Interval" value="0" />
  <attribute name="Target GC Util Change" value ="80.000000" />
  <attribute name="Current GC Util Change" value="108.000000"/>
  <attribute name="Current Error" value="3.000000" />
  <attribute name="Output H" value="388010968"/>
  <attribute name="Output I" value="2008"/>
  <attribute name="Output T" value="16"/>
  <attribute name= "Current Time Running" value="102623" />
  <attribute name="GC Util currently" value="108" />
  <attribute name="CPU Util currently" value="1200434627398" />
<exclusive-end id="4160" timestamp="2019-08-09T08:30:46.442" durationms="17.773" />

<exclusive-start id="4161" timestamp="2019-08-09T08:30:46.545" intervalms="121.243">
  <response-info timems="5.247" idlems="5.247" threads="0" lastid="0000000001356600" lastname="Thread-31" />
</exclusive-start>
<allocation-taxation id="4162" taxation-threshold="104857600" timestamp="2019-08-09T08:30:46.545" intervalms="121.232" />
<cycle-start id="4163" type="partial gc" contextid="0" timestamp="2019-08-09T08:30:46.545" intervalms="121.285" />
<gc-start id="4164" type="partial gc" contextid="4163" timestamp="2019-08-09T08:30:46.545">
  <mem-info id="4165" free="132120576" total="394264576" percent="33">
    <mem type="eden" free="0" total="104857600" percent="0" />
    <remembered-set count="51136" freebytes="15557376" totalbytes="15761920" percent="98" regionsoverflowed="0" regionsstable="8" regionsrebuilding="0"/>
  </mem-info>
</gc-start>
<allocation-stats totalBytes="104835024" >
  <allocated-bytes non-tlh="0" tlh="104835024" arrayletleaf="0"/>
  <largest-consumer threadName="Thread-30" threadId="0000000001334B00" bytes="11442552" />
</allocation-stats>
<gc-op id="4166" type="copy forward" timems="25.273" contextid="4163" timestamp="2019-08-09T08:30:46.573">
  <memory-copied type="eden" objects="33821" bytes="1370400" bytesdiscarded="138056" />
  <memory-copied type="other" objects="52127" bytes="2075304" bytesdiscarded="187912" />
  <memory-cardclean objects="23957" bytes="1184304" />
  <regions eden="50" other="5" />
  <remembered-set-cleared processed="27260" cleared="2284" durationms="0.255" />
  <stringconstants candidates="15053" cleared="0"  />
</gc-op>
<gc-op id="4167" type="classunload" timems="0.011" contextid="4163" timestamp="2019-08-09T08:30:46.573">
  <classunload-info classloadercandidates="55" classloadersunloaded="0" classesunloaded="0" anonymousclassesunloaded="0" quiescems="0.000" setupms="0.010" scanms="0.000" postms="0.000" />
</gc-op>
<heap-resize id="4168" type="expand" space="default" amount="4194304" count="1" timems="0.067" reason="excessive time being spent in gc" timestamp="2019-08-09T08:30:46.573" />
<gc-end id="4169" type="partial gc" contextid="4163" durationms="27.922" usertimems="18.343" systemtimems="35.019" timestamp="2019-08-09T08:30:46.573" activeThreads="16">
  <mem-info id="4170" free="239075328" total="398458880" percent="60">
    <mem type="eden" free="588696" total="2097152" percent="28" />
    <remembered-set count="52832" freebytes="15718272" totalbytes="15929600" percent="98" regionsoverflowed="0" regionsstable="8" regionsrebuilding="0"/>
  </mem-info>
</gc-end>
<cycle-end id="4171" type="partial gc" contextid="4163" timestamp="2019-08-09T08:30:46.573" />
  <attribute name="elasticGC enabled" value="1" />
  <attribute name= "numThreadsSpecified" value="16" />
  <attribute name="heapSize specified" value="0" />
  <attribute name="Current GC Util" value="85" />
  <attribute name= "Current Time Running" value="102745" />
  <attribute name ="GC Interval" value="0" />
  <attribute name="Target GC Util Change" value ="80.000000" />
  <attribute name="Current GC Util Change" value="85.000000"/>
  <attribute name="Current Error" value="37.000000" />
  <attribute name="Output H" value="394302440"/>
  <attribute name="Output I" value="2024"/>
  <attribute name="Output T" value="16"/>
  <attribute name= "Current Time Running" value="102745" />
  <attribute name="GC Util currently" value="85" />
  <attribute name="CPU Util currently" value="725123776009" />
<exclusive-end id="4172" timestamp="2019-08-09T08:30:46.574" durationms="29.307" />

<exclusive-start id="4173" timestamp="2019-08-09T08:30:46.622" intervalms="76.489">
  <response-info timems="2.565" idlems="1.821" threads="2" lastid="0000000001334B00" lastname="Thread-30" />
</exclusive-start>
<allocation-taxation id="4174" taxation-threshold="106954752" timestamp="2019-08-09T08:30:46.622" intervalms="76.485" />
<cycle-start id="4175" type="partial gc" contextid="0" timestamp="2019-08-09T08:30:46.622" intervalms="76.544" />
<gc-start id="4176" type="partial gc" contextid="4175" timestamp="2019-08-09T08:30:46.622">
  <mem-info id="4177" free="132120576" total="398458880" percent="33">
    <mem type="eden" free="0" total="106954752" percent="0" />
    <remembered-set count="52512" freebytes="15719552" totalbytes="15929600" percent="98" regionsoverflowed="0" regionsstable="8" regionsrebuilding="0"/>
  </mem-info>
</gc-start>
<allocation-stats totalBytes="106935992" >
  <allocated-bytes non-tlh="0" tlh="106935992" arrayletleaf="0"/>
  <largest-consumer threadName="Thread-31" threadId="0000000001356600" bytes="10688784" />
</allocation-stats>
<gc-op id="4178" type="copy forward" timems="20.082" contextid="4175" timestamp="2019-08-09T08:30:46.643">
  <memory-copied type="eden" objects="34003" bytes="1507792" bytesdiscarded="142480" />
  <memory-copied type="other" objects="45605" bytes="1781400" bytesdiscarded="123688" />
  <memory-cardclean objects="24626" bytes="1235424" />
  <regions eden="51" other="5" />
  <remembered-set-cleared processed="27341" cleared="2951" durationms="0.247" />
  <stringconstants candidates="15053" cleared="0"  />
</gc-op>
<gc-op id="4179" type="classunload" timems="0.010" contextid="4175" timestamp="2019-08-09T08:30:46.644">
  <classunload-info classloadercandidates="55" classloadersunloaded="0" classesunloaded="0" anonymousclassesunloaded="0" quiescems="0.000" setupms="0.010" scanms="0.000" postms="0.000" />
</gc-op>
<heap-resize id="4180" type="expand" space="default" amount="6291456" count="1" timems="0.063" reason="excessive time being spent in gc" timestamp="2019-08-09T08:30:46.644" />
<gc-end id="4181" type="partial gc" contextid="4175" durationms="21.474" usertimems="35.064" systemtimems="24.055" timestamp="2019-08-09T08:30:46.644" activeThreads="16">
  <mem-info id="4182" free="243269632" total="404750336" percent="60">
    <mem type="eden" free="446880" total="2097152" percent="21" />
    <remembered-set count="51648" freebytes="15974528" totalbytes="16181120" percent="98" regionsoverflowed="0" regionsstable="8" regionsrebuilding="0"/>
  </mem-info>
</gc-end>
<cycle-end id="4183" type="partial gc" contextid="4175" timestamp="2019-08-09T08:30:46.644" />
  <attribute name="elasticGC enabled" value="1" />
  <attribute name= "numThreadsSpecified" value="16" />
  <attribute name="heapSize specified" value="0" />
  <attribute name="Current GC Util" value="130" />
  <attribute name= "Current Time Running" value="102821" />
  <attribute name ="GC Interval" value="0" />
  <attribute name="Target GC Util Change" value ="80.000000" />
  <attribute name="Current GC Util Change" value="130.000000"/>
  <attribute name="Current Error" value="-2.000000" />
  <attribute name="Output H" value="398496720"/>
  <attribute name="Output I" value="2000"/>
  <attribute name="Output T" value="16"/>
  <attribute name= "Current Time Running" value="102821" />
  <attribute name="GC Util currently" value="130" />
  <attribute name="CPU Util currently" value="1512815753500" />
<exclusive-end id="4184" timestamp="2019-08-09T08:30:46.644" durationms="22.456" />

<exclusive-start id="4185" timestamp="2019-08-09T08:30:46.763" intervalms="141.541">
  <response-info timems="6.094" idlems="6.094" threads="0" lastid="0000000001330F00" lastname="Thread-34" />
</exclusive-start>
<allocation-taxation id="4186" taxation-threshold="106954752" timestamp="2019-08-09T08:30:46.763" intervalms="141.561" />
<cycle-start id="4187" type="partial gc" contextid="0" timestamp="2019-08-09T08:30:46.763" intervalms="141.531" />
<gc-start id="4188" type="partial gc" contextid="4187" timestamp="2019-08-09T08:30:46.764">
  <mem-info id="4189" free="136314880" total="404750336" percent="33">
    <mem type="eden" free="0" total="106954752" percent="0" />
    <remembered-set count="51168" freebytes="15976448" totalbytes="16181120" percent="98" regionsoverflowed="0" regionsstable="8" regionsrebuilding="0"/>
  </mem-info>
</gc-start>
<allocation-stats totalBytes="106936128" >
  <allocated-bytes non-tlh="0" tlh="106936128" arrayletleaf="0"/>
  <largest-consumer threadName="Thread-34" threadId="0000000001330F00" bytes="12789944" />
</allocation-stats>
<gc-op id="4190" type="copy forward" timems="26.875" contextid="4187" timestamp="2019-08-09T08:30:46.792">
  <memory-copied type="eden" objects="23283" bytes="839464" bytesdiscarded="129304" />
  <memory-copied type="other" objects="60553" bytes="2552280" bytesdiscarded="226536" />
  <memory-cardclean objects="24935" bytes="1295784" />
  <regions eden="51" other="5" />
  <remembered-set-cleared processed="28189" cleared="4366" durationms="0.200" />
  <stringconstants candidates="15053" cleared="0"  />
</gc-op>
<gc-op id="4191" type="classunload" timems="0.011" contextid="4187" timestamp="2019-08-09T08:30:46.792">
  <classunload-info classloadercandidates="55" classloadersunloaded="0" classesunloaded="0" anonymousclassesunloaded="0" quiescems="0.000" setupms="0.011" scanms="0.000" postms="0.000" />
</gc-op>
<heap-resize id="4192" type="expand" space="default" amount="4194304" count="1" timems="0.059" reason="excessive time being spent in gc" timestamp="2019-08-09T08:30:46.792" />
<gc-end id="4193" type="partial gc" contextid="4187" durationms="28.250" usertimems="54.057" systemtimems="35.377" timestamp="2019-08-09T08:30:46.792" activeThreads="16">
  <mem-info id="4194" free="245366784" total="408944640" percent="60">
    <mem type="eden" free="1128384" total="2097152" percent="53" />
    <remembered-set count="51456" freebytes="16142976" totalbytes="16348800" percent="98" regionsoverflowed="0" regionsstable="8" regionsrebuilding="0"/>
  </mem-info>
</gc-end>
<cycle-end id="4195" type="partial gc" contextid="4187" timestamp="2019-08-09T08:30:46.792" />
  <attribute name="elasticGC enabled" value="1" />
  <attribute name= "numThreadsSpecified" value="16" />
  <attribute name="heapSize specified" value="0" />
  <attribute name="Current GC Util" value="119" />
  <attribute name= "Current Time Running" value="102962" />
  <attribute name ="GC Interval" value="0" />
  <attribute name="Target GC Util Change" value ="80.000000" />
  <attribute name="Current GC Util Change" value="119.000000"/>
  <attribute name="Current Error" value="0.000000" />
  <attribute name="Output H" value="404788176"/>
  <attribute name="Output I" value="2000"/>
  <attribute name="Output T" value="16"/>
  <attribute name= "Current Time Running" value="102962" />
  <attribute name="GC Util currently" value="119" />
  <attribute name="CPU Util currently" value="1952962121846" />
<exclusive-end id="4196" timestamp="2019-08-09T08:30:46.792" durationms="29.028" />

<exclusive-start id="4197" timestamp="2019-08-09T08:30:46.915" intervalms="152.068">
  <response-info timems="2.719" idlems="2.719" threads="0" lastid="000000000134EE00" lastname="Thread-23" />
</exclusive-start>
<allocation-taxation id="4198" taxation-threshold="109051904" timestamp="2019-08-09T08:30:46.915" intervalms="152.071" />
<cycle-start id="4199" type="partial gc" contextid="0" timestamp="2019-08-09T08:30:46.915" intervalms="152.046" />
<gc-start id="4200" type="partial gc" contextid="4199" timestamp="2019-08-09T08:30:46.916">
  <mem-info id="4201" free="136314880" total="408944640" percent="33">
    <mem type="eden" free="0" total="109051904" percent="0" />
    <remembered-set count="51456" freebytes="16142976" totalbytes="16348800" percent="98" regionsoverflowed="0" regionsstable="8" regionsrebuilding="0"/>
  </mem-info>
</gc-start>
<allocation-stats totalBytes="109032704" >
  <allocated-bytes non-tlh="0" tlh="109032704" arrayletleaf="0"/>
  <largest-consumer threadName="Thread-34" threadId="0000000001330F00" bytes="15128376" />
</allocation-stats>
<gc-op id="4202" type="copy forward" timems="16.795" contextid="4199" timestamp="2019-08-09T08:30:46.934">
  <memory-copied type="eden" objects="30839" bytes="1297048" bytesdiscarded="96880" />
  <memory-copied type="other" objects="58180" bytes="2495328" bytesdiscarded="316408" />
  <memory-cardclean objects="16126" bytes="824808" />
  <regions eden="52" other="5" />
  <remembered-set-cleared processed="27506" cleared="3431" durationms="0.229" />
  <stringconstants candidates="15053" cleared="0"  />
</gc-op>
<gc-op id="4203" type="classunload" timems="0.013" contextid="4199" timestamp="2019-08-09T08:30:46.934">
  <classunload-info classloadercandidates="55" classloadersunloaded="0" classesunloaded="0" anonymousclassesunloaded="0" quiescems="0.000" setupms="0.013" scanms="0.000" postms="0.000" />
</gc-op>
<heap-resize id="4204" type="expand" space="default" amount="6291456" count="1" timems="0.065" reason="excessive time being spent in gc" timestamp="2019-08-09T08:30:46.934" />
<gc-end id="4205" type="partial gc" contextid="4199" durationms="18.379" usertimems="37.154" systemtimems="24.794" timestamp="2019-08-09T08:30:46.934" activeThreads="16">
  <mem-info id="4206" free="249561088" total="415236096" percent="60">
    <mem type="eden" free="703224" total="2097152" percent="33" />
    <remembered-set count="53184" freebytes="16387584" totalbytes="16600320" percent="98" regionsoverflowed="0" regionsstable="8" regionsrebuilding="0"/>
  </mem-info>
</gc-end>
<cycle-end id="4207" type="partial gc" contextid="4199" timestamp="2019-08-09T08:30:46.934" />
  <attribute name="elasticGC enabled" value="1" />
  <attribute name= "numThreadsSpecified" value="16" />
  <attribute name="heapSize specified" value="0" />
  <attribute name="Current GC Util" value="123" />
  <attribute name= "Current Time Running" value="103115" />
  <attribute name ="GC Interval" value="0" />
  <attribute name="Target GC Util Change" value ="80.000000" />
  <attribute name="Current GC Util Change" value="123.000000"/>
  <attribute name="Current Error" value="-21.000000" />
  <attribute name="Output H" value="408982472"/>
  <attribute name="Output I" value="1992"/>
  <attribute name="Output T" value="16"/>
  <attribute name= "Current Time Running" value="103115" />
  <attribute name="GC Util currently" value="123" />
  <attribute name="CPU Util currently" value="1397507616217" />
<exclusive-end id="4208" timestamp="2019-08-09T08:30:46.934" durationms="19.051" />

<exclusive-start id="4209" timestamp="2019-08-09T08:30:47.037" intervalms="121.688">
  <response-info timems="5.542" idlems="5.542" threads="0" lastid="000000000132D300" lastname="Thread-25" />
</exclusive-start>
<allocation-taxation id="4210" taxation-threshold="111149056" timestamp="2019-08-09T08:30:47.037" intervalms="121.673" />
<cycle-start id="4211" type="partial gc" contextid="0" timestamp="2019-08-09T08:30:47.037" intervalms="121.631" />
<gc-start id="4212" type="partial gc" contextid="4211" timestamp="2019-08-09T08:30:47.037">
  <mem-info id="4213" free="138412032" total="415236096" percent="33">
    <mem type="eden" free="0" total="111149056" percent="0" />
    <remembered-set count="52928" freebytes="16388608" totalbytes="16600320" percent="98" regionsoverflowed="0" regionsstable="8" regionsrebuilding="0"/>
  </mem-info>
</gc-start>
<allocation-stats totalBytes="111129472" >
  <allocated-bytes non-tlh="0" tlh="111129472" arrayletleaf="0"/>
  <largest-consumer threadName="Thread-34" threadId="0000000001330F00" bytes="11135152" />
</allocation-stats>
<gc-op id="4214" type="copy forward" timems="11.988" contextid="4211" timestamp="2019-08-09T08:30:47.050">
  <memory-copied type="eden" objects="11119" bytes="274336" bytesdiscarded="72560" />
  <memory-copied type="other" objects="73577" bytes="3139608" bytesdiscarded="283360" />
  <memory-cardclean objects="22299" bytes="1119528" />
  <regions eden="53" other="5" />
  <remembered-set-cleared processed="26909" cleared="2014" durationms="0.206" />
  <stringconstants candidates="15053" cleared="0"  />
</gc-op>
<gc-op id="4215" type="classunload" timems="0.010" contextid="4211" timestamp="2019-08-09T08:30:47.050">
  <classunload-info classloadercandidates="55" classloadersunloaded="0" classesunloaded="0" anonymousclassesunloaded="0" quiescems="0.000" setupms="0.010" scanms="0.000" postms="0.000" />
</gc-op>
<heap-resize id="4216" type="expand" space="default" amount="10485760" count="1" timems="0.092" reason="excessive time being spent in gc" timestamp="2019-08-09T08:30:47.050" />
<gc-end id="4217" type="partial gc" contextid="4211" durationms="13.279" usertimems="25.328" systemtimems="15.070" timestamp="2019-08-09T08:30:47.051" activeThreads="16">
  <mem-info id="4218" free="255852544" total="425721856" percent="60">
    <mem type="eden" free="3847408" total="4194304" percent="91" />
    <remembered-set count="54816" freebytes="16800256" totalbytes="17019520" percent="98" regionsoverflowed="0" regionsstable="8" regionsrebuilding="0"/>
  </mem-info>
</gc-end>
<cycle-end id="4219" type="partial gc" contextid="4211" timestamp="2019-08-09T08:30:47.051" />
  <attribute name="elasticGC enabled" value="1" />
  <attribute name= "numThreadsSpecified" value="16" />
  <attribute name="heapSize specified" value="0" />
  <attribute name="Current GC Util" value="141" />
  <attribute name= "Current Time Running" value="103236" />
  <attribute name ="GC Interval" value="0" />
  <attribute name="Target GC Util Change" value ="80.000000" />
  <attribute name="Current GC Util Change" value="141.000000"/>
  <attribute name="Current Error" value="-52.000000" />
  <attribute name="Output H" value="415273912"/>
  <attribute name="Output I" value="1976"/>
  <attribute name="Output T" value="16"/>
  <attribute name= "Current Time Running" value="103236" />
  <attribute name="GC Util currently" value="141" />
  <attribute name="CPU Util currently" value="1758215103792" />
<exclusive-end id="4220" timestamp="2019-08-09T08:30:47.051" durationms="14.018" />

<exclusive-start id="4221" timestamp="2019-08-09T08:30:47.135" intervalms="98.294">
  <response-info timems="0.430" idlems="0.430" threads="0" lastid="0000000001347600" lastname="Thread-27" />
</exclusive-start>
<allocation-taxation id="4222" taxation-threshold="113246208" timestamp="2019-08-09T08:30:47.135" intervalms="98.296" />
<cycle-start id="4223" type="partial gc" contextid="0" timestamp="2019-08-09T08:30:47.135" intervalms="98.313" />
<gc-start id="4224" type="partial gc" contextid="4223" timestamp="2019-08-09T08:30:47.136">
  <mem-info id="4225" free="142606336" total="425721856" percent="33">
    <mem type="eden" free="0" total="113246208" percent="0" />
    <remembered-set count="54432" freebytes="16801792" totalbytes="17019520" percent="98" regionsoverflowed="0" regionsstable="8" regionsrebuilding="0"/>
  </mem-info>
</gc-start>
<allocation-stats totalBytes="113227416" >
  <allocated-bytes non-tlh="0" tlh="113227416" arrayletleaf="0"/>
  <largest-consumer threadName="Thread-28" threadId="000000000136CD00" bytes="12232824" />
</allocation-stats>
<gc-op id="4226" type="copy forward" timems="11.204" contextid="4223" timestamp="2019-08-09T08:30:47.148">
  <memory-copied type="eden" objects="24908" bytes="1017528" bytesdiscarded="115056" />
  <memory-copied type="other" objects="64682" bytes="2651376" bytesdiscarded="246048" />
  <memory-cardclean objects="22133" bytes="1111488" />
  <regions eden="54" other="6" />
  <remembered-set-cleared processed="26640" cleared="1546" durationms="0.203" />
  <stringconstants candidates="15053" cleared="0"  />
</gc-op>
<gc-op id="4227" type="classunload" timems="0.012" contextid="4223" timestamp="2019-08-09T08:30:47.148">
  <classunload-info classloadercandidates="55" classloadersunloaded="0" classesunloaded="0" anonymousclassesunloaded="0" quiescems="0.000" setupms="0.012" scanms="0.000" postms="0.000" />
</gc-op>
<gc-end id="4228" type="partial gc" contextid="4223" durationms="12.480" usertimems="27.269" systemtimems="17.581" timestamp="2019-08-09T08:30:47.148" activeThreads="16">
  <mem-info id="4229" free="255852544" total="425721856" percent="60">
    <mem type="eden" free="964568" total="2097152" percent="45" />
    <remembered-set count="51648" freebytes="16812928" totalbytes="17019520" percent="98" regionsoverflowed="0" regionsstable="8" regionsrebuilding="0"/>
  </mem-info>
</gc-end>
<cycle-end id="4230" type="partial gc" contextid="4223" timestamp="2019-08-09T08:30:47.148" />
  <attribute name="elasticGC enabled" value="1" />
  <attribute name= "numThreadsSpecified" value="16" />
  <attribute name="heapSize specified" value="0" />
  <attribute name="Current GC Util" value="160" />
  <attribute name= "Current Time Running" value="103334" />
  <attribute name ="GC Interval" value="0" />
  <attribute name="Target GC Util Change" value ="80.000000" />
  <attribute name="Current GC Util Change" value="160.000000"/>
  <attribute name="Current Error" value="-40.000000" />
  <attribute name="Output H" value="425759680"/>
  <attribute name="Output I" value="1984"/>
  <attribute name="Output T" value="16"/>
  <attribute name= "Current Time Running" value="103334" />
  <attribute name="GC Util currently" value="160" />
  <attribute name="CPU Util currently" value="1735054895903" />
<exclusive-end id="4231" timestamp="2019-08-09T08:30:47.148" durationms="13.111" />

<exclusive-start id="4232" timestamp="2019-08-09T08:30:47.248" intervalms="112.468">
  <response-info timems="5.057" idlems="5.057" threads="0" lastid="000000000131E300" lastname="Thread-21" />
</exclusive-start>
<allocation-taxation id="4233" taxation-threshold="113246208" timestamp="2019-08-09T08:30:47.248" intervalms="112.468" />
<cycle-start id="4234" type="partial gc" contextid="0" timestamp="2019-08-09T08:30:47.248" intervalms="112.583" />
<gc-start id="4235" type="partial gc" contextid="4234" timestamp="2019-08-09T08:30:47.248">
  <mem-info id="4236" free="142606336" total="425721856" percent="33">
    <mem type="eden" free="0" total="113246208" percent="0" />
    <remembered-set count="51424" freebytes="16813824" totalbytes="17019520" percent="98" regionsoverflowed="0" regionsstable="8" regionsrebuilding="0"/>
  </mem-info>
</gc-start>
<allocation-stats totalBytes="113227624" >
  <allocated-bytes non-tlh="0" tlh="113227624" arrayletleaf="0"/>
  <largest-consumer threadName="Thread-24" threadId="0000000001361900" bytes="13571704" />
</allocation-stats>
<gc-op id="4237" type="copy forward" timems="11.946" contextid="4234" timestamp="2019-08-09T08:30:47.262">
  <memory-copied type="eden" objects="21068" bytes="787152" bytesdiscarded="92712" />
  <memory-copied type="other" objects="66220" bytes="2825664" bytesdiscarded="254544" />
  <memory-cardclean objects="18754" bytes="949608" />
  <regions eden="54" other="5" />
  <remembered-set-cleared processed="27825" cleared="2452" durationms="0.243" />
  <stringconstants candidates="15053" cleared="0"  />
</gc-op>
<gc-op id="4238" type="classunload" timems="0.011" contextid="4234" timestamp="2019-08-09T08:30:47.262">
  <classunload-info classloadercandidates="55" classloadersunloaded="0" classesunloaded="0" anonymousclassesunloaded="0" quiescems="0.000" setupms="0.011" scanms="0.000" postms="0.000" />
</gc-op>
<heap-resize id="4239" type="expand" space="default" amount="4194304" count="1" timems="0.091" reason="excessive time being spent in gc" timestamp="2019-08-09T08:30:47.262" />
<gc-end id="4240" type="partial gc" contextid="4234" durationms="13.671" usertimems="35.534" systemtimems="8.792" timestamp="2019-08-09T08:30:47.262" activeThreads="16">
  <mem-info id="4241" free="257949696" total="429916160" percent="60">
    <mem type="eden" free="1217288" total="2097152" percent="58" />
    <remembered-set count="53664" freebytes="16972544" totalbytes="17187200" percent="98" regionsoverflowed="0" regionsstable="8" regionsrebuilding="0"/>
  </mem-info>
</gc-end>
<cycle-end id="4242" type="partial gc" contextid="4234" timestamp="2019-08-09T08:30:47.262" />
  <attribute name="elasticGC enabled" value="1" />
  <attribute name= "numThreadsSpecified" value="16" />
  <attribute name="heapSize specified" value="0" />
  <attribute name="Current GC Util" value="109" />
  <attribute name= "Current Time Running" value="103447" />
  <attribute name ="GC Interval" value="0" />
  <attribute name="Target GC Util Change" value ="80.000000" />
  <attribute name="Current GC Util Change" value="109.000000"/>
  <attribute name="Current Error" value="-28.000000" />
  <attribute name="Output H" value="425759680"/>
  <attribute name="Output I" value="1984"/>
  <attribute name="Output T" value="16"/>
  <attribute name= "Current Time Running" value="103447" />
  <attribute name="GC Util currently" value="109" />
  <attribute name="CPU Util currently" value="1141657826281" />
<exclusive-end id="4243" timestamp="2019-08-09T08:30:47.262" durationms="14.445" />

<exclusive-start id="4244" timestamp="2019-08-09T08:30:47.356" intervalms="108.540">
  <response-info timems="0.936" idlems="0.936" threads="0" lastid="0000000001334B00" lastname="Thread-30" />
</exclusive-start>
<allocation-taxation id="4245" taxation-threshold="113246208" timestamp="2019-08-09T08:30:47.356" intervalms="108.545" />
<cycle-start id="4246" type="partial gc" contextid="0" timestamp="2019-08-09T08:30:47.356" intervalms="108.410" />
<gc-start id="4247" type="partial gc" contextid="4246" timestamp="2019-08-09T08:30:47.357">
  <mem-info id="4248" free="144703488" total="429916160" percent="33">
    <mem type="eden" free="0" total="113246208" percent="0" />
    <remembered-set count="53344" freebytes="16973824" totalbytes="17187200" percent="98" regionsoverflowed="0" regionsstable="8" regionsrebuilding="0"/>
  </mem-info>
</gc-start>
<allocation-stats totalBytes="113227528" >
  <allocated-bytes non-tlh="0" tlh="113227528" arrayletleaf="0"/>
  <largest-consumer threadName="Thread-28" threadId="000000000136CD00" bytes="13305952" />
</allocation-stats>
<gc-op id="4249" type="copy forward" timems="12.361" contextid="4246" timestamp="2019-08-09T08:30:47.370">
  <memory-copied type="eden" objects="19164" bytes="741568" bytesdiscarded="98632" />
  <memory-copied type="other" objects="65099" bytes="2798760" bytesdiscarded="285688" />
  <memory-cardclean objects="19832" bytes="1009464" />
  <regions eden="54" other="5" />
  <remembered-set-cleared processed="28781" cleared="3462" durationms="0.199" />
  <stringconstants candidates="15053" cleared="0"  />
</gc-op>
<gc-op id="4250" type="classunload" timems="0.011" contextid="4246" timestamp="2019-08-09T08:30:47.370">
  <classunload-info classloadercandidates="55" classloadersunloaded="0" classesunloaded="0" anonymousclassesunloaded="0" quiescems="0.000" setupms="0.010" scanms="0.000" postms="0.000" />
</gc-op>
<gc-end id="4251" type="partial gc" contextid="4246" durationms="13.830" usertimems="23.803" systemtimems="18.116" timestamp="2019-08-09T08:30:47.370" activeThreads="16">
  <mem-info id="4252" free="253755392" total="429916160" percent="59">
    <mem type="eden" free="3354104" total="4194304" percent="79" />
    <remembered-set count="55616" freebytes="16964736" totalbytes="17187200" percent="98" regionsoverflowed="0" regionsstable="8" regionsrebuilding="0"/>
  </mem-info>
</gc-end>
<cycle-end id="4253" type="partial gc" contextid="4246" timestamp="2019-08-09T08:30:47.371" />
  <attribute name="elasticGC enabled" value="1" />
  <attribute name= "numThreadsSpecified" value="16" />
  <attribute name="heapSize specified" value="0" />
  <attribute name="Current GC Util" value="128" />
  <attribute name= "Current Time Running" value="103556" />
  <attribute name ="GC Interval" value="0" />
  <attribute name="Target GC Util Change" value ="80.000000" />
  <attribute name="Current GC Util Change" value="128.000000"/>
  <attribute name="Current Error" value="-36.000000" />
  <attribute name="Output H" value="429953984"/>
  <attribute name="Output I" value="1984"/>
  <attribute name="Output T" value="16"/>
  <attribute name= "Current Time Running" value="103556" />
  <attribute name="GC Util currently" value="128" />
  <attribute name="CPU Util currently" value="1279661673521" />
<exclusive-end id="4254" timestamp="2019-08-09T08:30:47.371" durationms="14.514" />

<exclusive-start id="4255" timestamp="2019-08-09T08:30:47.451" intervalms="95.060">
  <response-info timems="1.645" idlems="1.645" threads="0" lastid="000000000136CD00" lastname="Thread-28" />
</exclusive-start>
<allocation-taxation id="4256" taxation-threshold="113246208" timestamp="2019-08-09T08:30:47.451" intervalms="95.061" />
<cycle-start id="4257" type="partial gc" contextid="0" timestamp="2019-08-09T08:30:47.451" intervalms="95.074" />
<gc-start id="4258" type="partial gc" contextid="4257" timestamp="2019-08-09T08:30:47.452">
  <mem-info id="4259" free="140509184" total="429916160" percent="32">
    <mem type="eden" free="0" total="113246208" percent="0" />
    <remembered-set count="55520" freebytes="16965120" totalbytes="17187200" percent="98" regionsoverflowed="0" regionsstable="8" regionsrebuilding="0"/>
  </mem-info>
</gc-start>
<allocation-stats totalBytes="113229176" >
  <allocated-bytes non-tlh="0" tlh="113229176" arrayletleaf="0"/>
  <largest-consumer threadName="Thread-25" threadId="000000000132D300" bytes="12565144" />
</allocation-stats>
<gc-op id="4260" type="copy forward" timems="18.456" contextid="4257" timestamp="2019-08-09T08:30:47.471">
  <memory-copied type="eden" objects="29143" bytes="1118912" bytesdiscarded="76872" />
  <memory-copied type="other" objects="74559" bytes="3025800" bytesdiscarded="309872" />
  <memory-cardclean objects="24018" bytes="1232688" />
  <regions eden="54" other="6" />
  <remembered-set-cleared processed="27811" cleared="912" durationms="1.009" />
  <stringconstants candidates="15053" cleared="0"  />
</gc-op>
<gc-op id="4261" type="classunload" timems="0.011" contextid="4257" timestamp="2019-08-09T08:30:47.471">
  <classunload-info classloadercandidates="55" classloadersunloaded="0" classesunloaded="0" anonymousclassesunloaded="0" quiescems="0.000" setupms="0.011" scanms="0.000" postms="0.000" />
</gc-op>
<heap-resize id="4262" type="expand" space="default" amount="10485760" count="1" timems="0.077" reason="excessive time being spent in gc" timestamp="2019-08-09T08:30:47.471" />
<gc-end id="4263" type="partial gc" contextid="4257" durationms="19.914" usertimems="31.231" systemtimems="20.866" timestamp="2019-08-09T08:30:47.472" activeThreads="16">
  <mem-info id="4264" free="264241152" total="440401920" percent="60">
    <mem type="eden" free="901368" total="2097152" percent="42" />
    <remembered-set count="57024" freebytes="17378304" totalbytes="17606400" percent="98" regionsoverflowed="0" regionsstable="8" regionsrebuilding="0"/>
  </mem-info>
</gc-end>
<cycle-end id="4265" type="partial gc" contextid="4257" timestamp="2019-08-09T08:30:47.472" />
  <attribute name="elasticGC enabled" value="1" />
  <attribute name= "numThreadsSpecified" value="16" />
  <attribute name="heapSize specified" value="0" />
  <attribute name="Current GC Util" value="142" />
  <attribute name= "Current Time Running" value="103650" />
  <attribute name ="GC Interval" value="0" />
  <attribute name="Target GC Util Change" value ="80.000000" />
  <attribute name="Current GC Util Change" value="142.000000"/>
  <attribute name="Current Error" value="-25.000000" />
  <attribute name="Output H" value="429953992"/>
  <attribute name="Output I" value="1992"/>
  <attribute name="Output T" value="16"/>
  <attribute name= "Current Time Running" value="103650" />
  <attribute name="GC Util currently" value="142" />
  <attribute name="CPU Util currently" value="1383054830271" />
<exclusive-end id="4266" timestamp="2019-08-09T08:30:47.472" durationms="20.456" />

<exclusive-start id="4267" timestamp="2019-08-09T08:30:47.547" intervalms="95.765">
  <response-info timems="1.236" idlems="1.236" threads="0" lastid="000000000131E300" lastname="Thread-21" />
</exclusive-start>
<allocation-taxation id="4268" taxation-threshold="117440512" timestamp="2019-08-09T08:30:47.547" intervalms="95.777" />
<cycle-start id="4269" type="partial gc" contextid="0" timestamp="2019-08-09T08:30:47.547" intervalms="95.777" />
<gc-start id="4270" type="partial gc" contextid="4269" timestamp="2019-08-09T08:30:47.547">
  <mem-info id="4271" free="146800640" total="440401920" percent="33">
    <mem type="eden" free="0" total="117440512" percent="0" />
    <remembered-set count="56928" freebytes="17378688" totalbytes="17606400" percent="98" regionsoverflowed="0" regionsstable="8" regionsrebuilding="0"/>
  </mem-info>
</gc-start>
<allocation-stats totalBytes="117422680" >
  <allocated-bytes non-tlh="0" tlh="117422680" arrayletleaf="0"/>
  <largest-consumer threadName="Thread-28" threadId="000000000136CD00" bytes="14985112" />
</allocation-stats>
<gc-op id="4272" type="copy forward" timems="12.865" contextid="4269" timestamp="2019-08-09T08:30:47.561">
  <memory-copied type="eden" objects="19027" bytes="738592" bytesdiscarded="122640" />
  <memory-copied type="other" objects="54675" bytes="2273832" bytesdiscarded="211648" />
  <memory-cardclean objects="24236" bytes="1254624" />
  <regions eden="56" other="5" />
  <remembered-set-cleared processed="30190" cleared="4201" durationms="0.293" />
  <stringconstants candidates="15053" cleared="0"  />
</gc-op>
<gc-op id="4273" type="classunload" timems="0.009" contextid="4269" timestamp="2019-08-09T08:30:47.561">
  <classunload-info classloadercandidates="55" classloadersunloaded="0" classesunloaded="0" anonymousclassesunloaded="0" quiescems="0.000" setupms="0.009" scanms="0.000" postms="0.000" />
</gc-op>
<heap-resize id="4274" type="expand" space="default" amount="10485760" count="1" timems="0.075" reason="excessive time being spent in gc" timestamp="2019-08-09T08:30:47.562" />
<gc-end id="4275" type="partial gc" contextid="4269" durationms="14.241" usertimems="31.882" systemtimems="11.858" timestamp="2019-08-09T08:30:47.562" activeThreads="16">
  <mem-info id="4276" free="270532608" total="450887680" percent="60">
    <mem type="eden" free="3333072" total="4194304" percent="79" />
    <remembered-set count="56768" freebytes="17798528" totalbytes="18025600" percent="98" regionsoverflowed="0" regionsstable="8" regionsrebuilding="0"/>
  </mem-info>
</gc-end>
<cycle-end id="4277" type="partial gc" contextid="4269" timestamp="2019-08-09T08:30:47.562" />
  <attribute name="elasticGC enabled" value="1" />
  <attribute name= "numThreadsSpecified" value="16" />
  <attribute name="heapSize specified" value="0" />
  <attribute name="Current GC Util" value="133" />
  <attribute name= "Current Time Running" value="103746" />
  <attribute name ="GC Interval" value="0" />
  <attribute name="Target GC Util Change" value ="80.000000" />
  <attribute name="Current GC Util Change" value="133.000000"/>
  <attribute name="Current Error" value="-51.000000" />
  <attribute name="Output H" value="440439736"/>
  <attribute name="Output I" value="1976"/>
  <attribute name="Output T" value="16"/>
  <attribute name= "Current Time Running" value="103746" />
  <attribute name="GC Util currently" value="133" />
  <attribute name="CPU Util currently" value="1431558545129" />
<exclusive-end id="4278" timestamp="2019-08-09T08:30:47.562" durationms="14.913" />

<exclusive-start id="4279" timestamp="2019-08-09T08:30:47.614" intervalms="66.906">
  <response-info timems="0.296" idlems="0.296" threads="0" lastid="0000000001369100" lastname="Thread-32" />
</exclusive-start>
<allocation-taxation id="4280" taxation-threshold="119537664" timestamp="2019-08-09T08:30:47.614" intervalms="67.024" />
<cycle-start id="4281" type="partial gc" contextid="0" timestamp="2019-08-09T08:30:47.614" intervalms="67.127" />
<gc-start id="4282" type="partial gc" contextid="4281" timestamp="2019-08-09T08:30:47.615">
  <mem-info id="4283" free="150994944" total="450887680" percent="33">
    <mem type="eden" free="0" total="119537664" percent="0" />
    <remembered-set count="56512" freebytes="17799552" totalbytes="18025600" percent="98" regionsoverflowed="0" regionsstable="8" regionsrebuilding="0"/>
  </mem-info>
</gc-start>
<allocation-stats totalBytes="119518024" >
  <allocated-bytes non-tlh="0" tlh="119518024" arrayletleaf="0"/>
  <largest-consumer threadName="Thread-25" threadId="000000000132D300" bytes="11762104" />
</allocation-stats>
<gc-op id="4284" type="copy forward" timems="21.188" contextid="4281" timestamp="2019-08-09T08:30:47.637">
  <memory-copied type="eden" objects="30799" bytes="1157640" bytesdiscarded="75392" />
  <memory-copied type="other" objects="78929" bytes="3268056" bytesdiscarded="271680" />
  <memory-cardclean objects="26976" bytes="1378968" />
  <regions eden="57" other="7" />
  <remembered-set-cleared processed="28625" cleared="2338" durationms="0.239" />
  <stringconstants candidates="15053" cleared="0"  />
</gc-op>
<gc-op id="4285" type="classunload" timems="0.010" contextid="4281" timestamp="2019-08-09T08:30:47.637">
  <classunload-info classloadercandidates="55" classloadersunloaded="0" classesunloaded="0" anonymousclassesunloaded="0" quiescems="0.000" setupms="0.010" scanms="0.000" postms="0.000" />
</gc-op>
<gc-end id="4286" type="partial gc" contextid="4281" durationms="22.354" usertimems="46.906" systemtimems="31.210" timestamp="2019-08-09T08:30:47.637" activeThreads="16">
  <mem-info id="4287" free="270532608" total="450887680" percent="60">
    <mem type="eden" free="864120" total="2097152" percent="41" />
    <remembered-set count="59008" freebytes="17789568" totalbytes="18025600" percent="98" regionsoverflowed="0" regionsstable="8" regionsrebuilding="0"/>
  </mem-info>
</gc-end>
<cycle-end id="4288" type="partial gc" contextid="4281" timestamp="2019-08-09T08:30:47.637" />
  <attribute name="elasticGC enabled" value="1" />
  <attribute name= "numThreadsSpecified" value="16" />
  <attribute name="heapSize specified" value="0" />
  <attribute name="Current GC Util" value="152" />
  <attribute name= "Current Time Running" value="103813" />
  <attribute name ="GC Interval" value="0" />
  <attribute name="Target GC Util Change" value ="80.000000" />
  <attribute name="Current GC Util Change" value="152.000000"/>
  <attribute name="Current Error" value="-107.000000" />
  <attribute name="Output H" value="450925464"/>
  <attribute name="Output I" value="1944"/>
  <attribute name="Output T" value="16"/>
  <attribute name= "Current Time Running" value="103813" />
  <attribute name="GC Util currently" value="152" />
  <attribute name="CPU Util currently" value="2000793814280" />
<exclusive-end id="4289" timestamp="2019-08-09T08:30:47.637" durationms="23.267" />

<exclusive-start id="4290" timestamp="2019-08-09T08:30:47.737" intervalms="122.976">
  <response-info timems="0.972" idlems="0.598" threads="1" lastid="0000000001361900" lastname="Thread-24" />
</exclusive-start>
<allocation-taxation id="4291" taxation-threshold="119537664" timestamp="2019-08-09T08:30:47.737" intervalms="122.888" />
<cycle-start id="4292" type="partial gc" contextid="0" timestamp="2019-08-09T08:30:47.737" intervalms="122.736" />
<gc-start id="4293" type="partial gc" contextid="4292" timestamp="2019-08-09T08:30:47.737">
  <mem-info id="4294" free="150994944" total="450887680" percent="33">
    <mem type="eden" free="0" total="119537664" percent="0" />
    <remembered-set count="58720" freebytes="17790720" totalbytes="18025600" percent="98" regionsoverflowed="0" regionsstable="8" regionsrebuilding="0"/>
  </mem-info>
</gc-start>
<allocation-stats totalBytes="119517832" >
  <allocated-bytes non-tlh="0" tlh="119517832" arrayletleaf="0"/>
  <largest-consumer threadName="Thread-34" threadId="0000000001330F00" bytes="12445648" />
</allocation-stats>
<gc-op id="4295" type="copy forward" timems="11.531" contextid="4292" timestamp="2019-08-09T08:30:47.750">
  <memory-copied type="eden" objects="20000" bytes="762384" bytesdiscarded="94408" />
  <memory-copied type="other" objects="82406" bytes="3351504" bytesdiscarded="363536" />
  <memory-cardclean objects="24202" bytes="1265304" />
  <regions eden="57" other="6" />
  <remembered-set-cleared processed="29093" cleared="2370" durationms="0.188" />
  <stringconstants candidates="15053" cleared="0"  />
</gc-op>
<gc-op id="4296" type="classunload" timems="0.030" contextid="4292" timestamp="2019-08-09T08:30:47.750">
  <classunload-info classloadercandidates="55" classloadersunloaded="0" classesunloaded="0" anonymousclassesunloaded="0" quiescems="0.000" setupms="0.030" scanms="0.000" postms="0.000" />
</gc-op>
<heap-resize id="4297" type="expand" space="default" amount="6291456" count="1" timems="0.083" reason="excessive time being spent in gc" timestamp="2019-08-09T08:30:47.750" />
<gc-end id="4298" type="partial gc" contextid="4292" durationms="12.845" usertimems="28.395" systemtimems="14.907" timestamp="2019-08-09T08:30:47.750" activeThreads="16">
  <mem-info id="4299" free="274726912" total="457179136" percent="60">
    <mem type="eden" free="1240360" total="2097152" percent="59" />
    <remembered-set count="58880" freebytes="18041600" totalbytes="18277120" percent="98" regionsoverflowed="0" regionsstable="8" regionsrebuilding="0"/>
  </mem-info>
</gc-end>
<cycle-end id="4300" type="partial gc" contextid="4292" timestamp="2019-08-09T08:30:47.750" />
  <attribute name="elasticGC enabled" value="1" />
  <attribute name= "numThreadsSpecified" value="16" />
  <attribute name="heapSize specified" value="0" />
  <attribute name="Current GC Util" value="131" />
  <attribute name= "Current Time Running" value="103936" />
  <attribute name ="GC Interval" value="0" />
  <attribute name="Target GC Util Change" value ="80.000000" />
  <attribute name="Current GC Util Change" value="131.000000"/>
  <attribute name="Current Error" value="-34.000000" />
  <attribute name="Output H" value="450925504"/>
  <attribute name="Output I" value="1984"/>
  <attribute name="Output T" value="16"/>
  <attribute name= "Current Time Running" value="103936" />
  <attribute name="GC Util currently" value="131" />
  <attribute name="CPU Util currently" value="1717499610092" />
<exclusive-end id="4301" timestamp="2019-08-09T08:30:47.750" durationms="13.362" />

<exclusive-start id="4302" timestamp="2019-08-09T08:30:47.828" intervalms="91.481">
  <response-info timems="1.005" idlems="1.005" threads="0" lastid="0000000001347600" lastname="Thread-27" />
</exclusive-start>
<allocation-taxation id="4303" taxation-threshold="121634816" timestamp="2019-08-09T08:30:47.828" intervalms="91.433" />
<cycle-start id="4304" type="partial gc" contextid="0" timestamp="2019-08-09T08:30:47.828" intervalms="91.462" />
<gc-start id="4305" type="partial gc" contextid="4304" timestamp="2019-08-09T08:30:47.829">
  <mem-info id="4306" free="153092096" total="457179136" percent="33">
    <mem type="eden" free="0" total="121634816" percent="0" />
    <remembered-set count="58752" freebytes="18042112" totalbytes="18277120" percent="98" regionsoverflowed="0" regionsstable="8" regionsrebuilding="0"/>
  </mem-info>
</gc-start>
<allocation-stats totalBytes="121614344" >
  <allocated-bytes non-tlh="0" tlh="121614344" arrayletleaf="0"/>
  <largest-consumer threadName="Thread-34" threadId="0000000001330F00" bytes="11470752" />
</allocation-stats>
<gc-op id="4307" type="copy forward" timems="12.982" contextid="4304" timestamp="2019-08-09T08:30:47.843">
  <memory-copied type="eden" objects="19364" bytes="747296" bytesdiscarded="54368" />
  <memory-copied type="other" objects="58396" bytes="2363136" bytesdiscarded="168448" />
  <memory-cardclean objects="27982" bytes="1480464" />
  <regions eden="58" other="6" />
  <remembered-set-cleared processed="30587" cleared="4265" durationms="0.212" />
  <stringconstants candidates="15053" cleared="0"  />
</gc-op>
<gc-op id="4308" type="classunload" timems="0.010" contextid="4304" timestamp="2019-08-09T08:30:47.843">
  <classunload-info classloadercandidates="55" classloadersunloaded="0" classesunloaded="0" anonymousclassesunloaded="0" quiescems="0.000" setupms="0.010" scanms="0.000" postms="0.000" />
</gc-op>
<heap-resize id="4309" type="expand" space="default" amount="4194304" count="1" timems="0.076" reason="excessive time being spent in gc" timestamp="2019-08-09T08:30:47.843" />
<gc-end id="4310" type="partial gc" contextid="4304" durationms="14.361" usertimems="22.433" systemtimems="26.621" timestamp="2019-08-09T08:30:47.843" activeThreads="16">
  <mem-info id="4311" free="276824064" total="461373440" percent="60">
    <mem type="eden" free="1295488" total="2097152" percent="61" />
    <remembered-set count="56576" freebytes="18218496" totalbytes="18444800" percent="98" regionsoverflowed="0" regionsstable="8" regionsrebuilding="0"/>
  </mem-info>
</gc-end>
<cycle-end id="4312" type="partial gc" contextid="4304" timestamp="2019-08-09T08:30:47.843" />
  <attribute name="elasticGC enabled" value="1" />
  <attribute name= "numThreadsSpecified" value="16" />
  <attribute name="heapSize specified" value="0" />
  <attribute name="Current GC Util" value="162" />
  <attribute name= "Current Time Running" value="104027" />
  <attribute name ="GC Interval" value="0" />
  <attribute name="Target GC Util Change" value ="80.000000" />
  <attribute name="Current GC Util Change" value="162.000000"/>
  <attribute name="Current Error" value="-82.000000" />
  <attribute name="Output H" value="457216936"/>
  <attribute name="Output I" value="1960"/>
  <attribute name="Output T" value="16"/>
  <attribute name= "Current Time Running" value="104027" />
  <attribute name="GC Util currently" value="162" />
  <attribute name="CPU Util currently" value="1818106643920" />
<exclusive-end id="4313" timestamp="2019-08-09T08:30:47.843" durationms="14.892" />

<exclusive-start id="4314" timestamp="2019-08-09T08:30:47.929" intervalms="101.138">
  <response-info timems="6.521" idlems="6.521" threads="0" lastid="0000000001374500" lastname="Thread-26" />
</exclusive-start>
<allocation-taxation id="4315" taxation-threshold="121634816" timestamp="2019-08-09T08:30:47.930" intervalms="101.610" />
<cycle-start id="4316" type="partial gc" contextid="0" timestamp="2019-08-09T08:30:47.930" intervalms="101.623" />
<gc-start id="4317" type="partial gc" contextid="4316" timestamp="2019-08-09T08:30:47.930">
  <mem-info id="4318" free="155189248" total="461373440" percent="33">
    <mem type="eden" free="0" total="121634816" percent="0" />
    <remembered-set count="56288" freebytes="18219648" totalbytes="18444800" percent="98" regionsoverflowed="0" regionsstable="8" regionsrebuilding="0"/>
  </mem-info>
</gc-start>
<allocation-stats totalBytes="121614688" >
  <allocated-bytes non-tlh="0" tlh="121614688" arrayletleaf="0"/>
  <largest-consumer threadName="Thread-27" threadId="0000000001347600" bytes="12138704" />
</allocation-stats>
<gc-op id="4319" type="copy forward" timems="12.686" contextid="4316" timestamp="2019-08-09T08:30:47.944">
  <memory-copied type="eden" objects="11017" bytes="273240" bytesdiscarded="50856" />
  <memory-copied type="other" objects="77363" bytes="3230472" bytesdiscarded="297072" />
  <memory-cardclean objects="27470" bytes="1431624" />
  <regions eden="58" other="6" />
  <remembered-set-cleared processed="29342" cleared="3162" durationms="0.353" />
  <stringconstants candidates="15053" cleared="0"  />
</gc-op>
<gc-op id="4320" type="classunload" timems="0.012" contextid="4316" timestamp="2019-08-09T08:30:47.944">
  <classunload-info classloadercandidates="55" classloadersunloaded="0" classesunloaded="0" anonymousclassesunloaded="0" quiescems="0.000" setupms="0.012" scanms="0.000" postms="0.000" />
</gc-op>
<heap-resize id="4321" type="expand" space="default" amount="6291456" count="1" timems="0.099" reason="excessive time being spent in gc" timestamp="2019-08-09T08:30:47.944" />
<gc-end id="4322" type="partial gc" contextid="4316" durationms="14.204" usertimems="26.519" systemtimems="23.069" timestamp="2019-08-09T08:30:47.945" activeThreads="16">
  <mem-info id="4323" free="281018368" total="467664896" percent="60">
    <mem type="eden" free="1773056" total="2097152" percent="84" />
    <remembered-set count="58688" freebytes="18461568" totalbytes="18696320" percent="98" regionsoverflowed="0" regionsstable="8" regionsrebuilding="0"/>
  </mem-info>
</gc-end>
<cycle-end id="4324" type="partial gc" contextid="4316" timestamp="2019-08-09T08:30:47.945" />
  <attribute name="elasticGC enabled" value="1" />
  <attribute name= "numThreadsSpecified" value="16" />
  <attribute name="heapSize specified" value="0" />
  <attribute name="Current GC Util" value="127" />
  <attribute name= "Current Time Running" value="104129" />
  <attribute name ="GC Interval" value="0" />
  <attribute name="Target GC Util Change" value ="80.000000" />
  <attribute name="Current GC Util Change" value="127.000000"/>
  <attribute name="Current Error" value="-96.000000" />
  <attribute name="Output H" value="461411232"/>
  <attribute name="Output I" value="1952"/>
  <attribute name="Output T" value="16"/>
  <attribute name= "Current Time Running" value="104129" />
  <attribute name="GC Util currently" value="127" />
  <attribute name="CPU Util currently" value="1436000124702" />
<exclusive-end id="4325" timestamp="2019-08-09T08:30:47.945" durationms="15.325" />

<exclusive-start id="4326" timestamp="2019-08-09T08:30:48.024" intervalms="94.862">
  <response-info timems="0.446" idlems="0.446" threads="0" lastid="000000000135DD00" lastname="Thread-36" />
</exclusive-start>
<allocation-taxation id="4327" taxation-threshold="123731968" timestamp="2019-08-09T08:30:48.024" intervalms="94.393" />
<cycle-start id="4328" type="partial gc" contextid="0" timestamp="2019-08-09T08:30:48.024" intervalms="94.396" />
<gc-start id="4329" type="partial gc" contextid="4328" timestamp="2019-08-09T08:30:48.025">
  <mem-info id="4330" free="157286400" total="467664896" percent="33">
    <mem type="eden" free="0" total="123731968" percent="0" />
    <remembered-set count="58560" freebytes="18462080" totalbytes="18696320" percent="98" regionsoverflowed="0" regionsstable="8" regionsrebuilding="0"/>
  </mem-info>
</gc-start>
<allocation-stats totalBytes="123711576" >
  <allocated-bytes non-tlh="0" tlh="123711576" arrayletleaf="0"/>
  <largest-consumer threadName="Thread-27" threadId="0000000001347600" bytes="13133928" />
</allocation-stats>
<gc-op id="4331" type="copy forward" timems="15.475" contextid="4328" timestamp="2019-08-09T08:30:48.043">
  <memory-copied type="eden" objects="45285" bytes="1779776" bytesdiscarded="82256" />
  <memory-copied type="other" objects="60762" bytes="2419920" bytesdiscarded="196392" />
  <memory-cardclean objects="32138" bytes="1642200" />
  <regions eden="59" other="6" />
  <remembered-set-cleared processed="29781" cleared="3429" durationms="0.259" />
  <stringconstants candidates="15053" cleared="0"  />
</gc-op>
<gc-op id="4332" type="classunload" timems="0.010" contextid="4328" timestamp="2019-08-09T08:30:48.043">
  <classunload-info classloadercandidates="55" classloadersunloaded="0" classesunloaded="0" anonymousclassesunloaded="0" quiescems="0.000" setupms="0.010" scanms="0.000" postms="0.000" />
</gc-op>
<heap-resize id="4333" type="expand" space="default" amount="4194304" count="1" timems="0.108" reason="excessive time being spent in gc" timestamp="2019-08-09T08:30:48.043" />
<gc-end id="4334" type="partial gc" contextid="4328" durationms="18.048" usertimems="45.789" systemtimems="16.151" timestamp="2019-08-09T08:30:48.043" activeThreads="16">
  <mem-info id="4335" free="283115520" total="471859200" percent="60">
    <mem type="eden" free="235120" total="2097152" percent="11" />
    <remembered-set count="56832" freebytes="18636672" totalbytes="18864000" percent="98" regionsoverflowed="0" regionsstable="8" regionsrebuilding="0"/>
  </mem-info>
</gc-end>
<cycle-end id="4336" type="partial gc" contextid="4328" timestamp="2019-08-09T08:30:48.043" />
  <attribute name="elasticGC enabled" value="1" />
  <attribute name= "numThreadsSpecified" value="16" />
  <attribute name="heapSize specified" value="0" />
  <attribute name="Current GC Util" value="213" />
  <attribute name= "Current Time Running" value="104225" />
  <attribute name ="GC Interval" value="0" />
  <attribute name="Target GC Util Change" value ="80.000000" />
  <attribute name="Current GC Util Change" value="213.000000"/>
  <attribute name="Current Error" value="-105.000000" />
  <attribute name="Output H" value="467702680"/>
  <attribute name="Output I" value="1944"/>
  <attribute name="Output T" value="16"/>
  <attribute name= "Current Time Running" value="104225" />
  <attribute name="GC Util currently" value="213" />
  <attribute name="CPU Util currently" value="634522710521" />
<exclusive-end id="4337" timestamp="2019-08-09T08:30:48.043" durationms="18.748" />

<exclusive-start id="4338" timestamp="2019-08-09T08:30:48.169" intervalms="144.518">
  <response-info timems="6.043" idlems="6.043" threads="0" lastid="000000000136CD00" lastname="Thread-28" />
</exclusive-start>
<allocation-taxation id="4339" taxation-threshold="123731968" timestamp="2019-08-09T08:30:48.169" intervalms="144.513" />
<cycle-start id="4340" type="partial gc" contextid="0" timestamp="2019-08-09T08:30:48.169" intervalms="144.540" />
<gc-start id="4341" type="partial gc" contextid="4340" timestamp="2019-08-09T08:30:48.169">
  <mem-info id="4342" free="159383552" total="471859200" percent="33">
    <mem type="eden" free="0" total="123731968" percent="0" />
    <remembered-set count="56736" freebytes="18637056" totalbytes="18864000" percent="98" regionsoverflowed="0" regionsstable="8" regionsrebuilding="0"/>
  </mem-info>
</gc-start>
<allocation-stats totalBytes="123710888" >
  <allocated-bytes non-tlh="0" tlh="123710888" arrayletleaf="0"/>
  <largest-consumer threadName="Thread-27" threadId="0000000001347600" bytes="13936504" />
</allocation-stats>
<gc-op id="4343" type="copy forward" timems="13.867" contextid="4340" timestamp="2019-08-09T08:30:48.184">
  <memory-copied type="eden" objects="47849" bytes="1842248" bytesdiscarded="156072" />
  <memory-copied type="other" objects="37271" bytes="1444008" bytesdiscarded="143912" />
  <memory-cardclean objects="27226" bytes="1439808" />
  <regions eden="59" other="6" />
  <remembered-set-cleared processed="30663" cleared="4627" durationms="0.206" />
  <stringconstants candidates="15053" cleared="0"  />
</gc-op>
<gc-op id="4344" type="classunload" timems="0.010" contextid="4340" timestamp="2019-08-09T08:30:48.184">
  <classunload-info classloadercandidates="55" classloadersunloaded="0" classesunloaded="0" anonymousclassesunloaded="0" quiescems="0.000" setupms="0.010" scanms="0.000" postms="0.000" />
</gc-op>
<heap-resize id="4345" type="expand" space="default" amount="6291456" count="1" timems="0.092" reason="excessive time being spent in gc" timestamp="2019-08-09T08:30:48.184" />
<gc-end id="4346" type="partial gc" contextid="4340" durationms="15.137" usertimems="30.233" systemtimems="15.659" timestamp="2019-08-09T08:30:48.184" activeThreads="16">
  <mem-info id="4347" free="287309824" total="478150656" percent="60">
    <mem type="eden" free="98832" total="2097152" percent="4" />
    <remembered-set count="56000" freebytes="18891520" totalbytes="19115520" percent="98" regionsoverflowed="0" regionsstable="8" regionsrebuilding="0"/>
  </mem-info>
</gc-end>
<cycle-end id="4348" type="partial gc" contextid="4340" timestamp="2019-08-09T08:30:48.185" />
  <attribute name="elasticGC enabled" value="1" />
  <attribute name= "numThreadsSpecified" value="16" />
  <attribute name="heapSize specified" value="0" />
  <attribute name="Current GC Util" value="163" />
  <attribute name= "Current Time Running" value="104368" />
  <attribute name ="GC Interval" value="0" />
  <attribute name="Target GC Util Change" value ="80.000000" />
  <attribute name="Current GC Util Change" value="163.000000"/>
  <attribute name="Current Error" value="-148.000000" />
  <attribute name="Output H" value="471896960"/>
  <attribute name="Output I" value="1920"/>
  <attribute name="Output T" value="16"/>
  <attribute name= "Current Time Running" value="104368" />
  <attribute name="GC Util currently" value="163" />
  <attribute name="CPU Util currently" value="1833873489764" />
<exclusive-end id="4349" timestamp="2019-08-09T08:30:48.185" durationms="15.799" />

<exclusive-start id="4350" timestamp="2019-08-09T08:30:48.316" intervalms="147.538">
  <response-info timems="10.320" idlems="10.320" threads="0" lastid="000000000135DD00" lastname="Thread-36" />
</exclusive-start>
<allocation-taxation id="4351" taxation-threshold="125829120" timestamp="2019-08-09T08:30:48.316" intervalms="147.545" />
<cycle-start id="4352" type="partial gc" contextid="0" timestamp="2019-08-09T08:30:48.317" intervalms="147.560" />
<gc-start id="4353" type="partial gc" contextid="4352" timestamp="2019-08-09T08:30:48.317">
  <mem-info id="4354" free="161480704" total="478150656" percent="33">
    <mem type="eden" free="0" total="125829120" percent="0" />
    <remembered-set count="55872" freebytes="18892032" totalbytes="19115520" percent="98" regionsoverflowed="0" regionsstable="8" regionsrebuilding="0"/>
  </mem-info>
</gc-start>
<allocation-stats totalBytes="125807968" >
  <allocated-bytes non-tlh="0" tlh="125807968" arrayletleaf="0"/>
  <largest-consumer threadName="Thread-35" threadId="000000000135A200" bytes="12302360" />
</allocation-stats>
<gc-op id="4355" type="copy forward" timems="14.528" contextid="4352" timestamp="2019-08-09T08:30:48.333">
  <memory-copied type="eden" objects="51588" bytes="2069600" bytesdiscarded="168664" />
  <memory-copied type="other" objects="49282" bytes="2007024" bytesdiscarded="210840" />
  <memory-cardclean objects="18711" bytes="928848" />
  <regions eden="60" other="6" />
  <remembered-set-cleared processed="28469" cleared="1802" durationms="0.165" />
  <stringconstants candidates="15053" cleared="0"  />
</gc-op>
<gc-op id="4356" type="classunload" timems="0.011" contextid="4352" timestamp="2019-08-09T08:30:48.333">
  <classunload-info classloadercandidates="55" classloadersunloaded="0" classesunloaded="0" anonymousclassesunloaded="0" quiescems="0.000" setupms="0.011" scanms="0.000" postms="0.000" />
</gc-op>
<gc-end id="4357" type="partial gc" contextid="4352" durationms="16.603" usertimems="44.112" systemtimems="14.577" timestamp="2019-08-09T08:30:48.334" activeThreads="16">
  <mem-info id="4358" free="281018368" total="478150656" percent="58">
    <mem type="eden" free="4053192" total="6291456" percent="64" />
    <remembered-set count="56352" freebytes="18890112" totalbytes="19115520" percent="98" regionsoverflowed="0" regionsstable="8" regionsrebuilding="0"/>
  </mem-info>
</gc-end>
<cycle-end id="4359" type="partial gc" contextid="4352" timestamp="2019-08-09T08:30:48.334" />
  <attribute name="elasticGC enabled" value="1" />
  <attribute name= "numThreadsSpecified" value="16" />
  <attribute name="heapSize specified" value="0" />
  <attribute name="Current GC Util" value="135" />
  <attribute name= "Current Time Running" value="104517" />
  <attribute name ="GC Interval" value="0" />
  <attribute name="Target GC Util Change" value ="80.000000" />
  <attribute name="Current GC Util Change" value="135.000000"/>
  <attribute name="Current Error" value="-153.000000" />
  <attribute name="Output H" value="478188408"/>
  <attribute name="Output I" value="1912"/>
  <attribute name="Output T" value="16"/>
  <attribute name= "Current Time Running" value="104517" />
  <attribute name="GC Util currently" value="135" />
  <attribute name="CPU Util currently" value="1613339461264" />
<exclusive-end id="4360" timestamp="2019-08-09T08:30:48.334" durationms="17.562" />

<exclusive-start id="4361" timestamp="2019-08-09T08:30:48.437" intervalms="120.659">
  <response-info timems="8.140" idlems="8.140" threads="0" lastid="0000000001330F00" lastname="Thread-34" />
</exclusive-start>
<allocation-taxation id="4362" taxation-threshold="125829120" timestamp="2019-08-09T08:30:48.437" intervalms="120.708" />
<cycle-start id="4363" type="partial gc" contextid="0" timestamp="2019-08-09T08:30:48.437" intervalms="120.672" />
<gc-start id="4364" type="partial gc" contextid="4363" timestamp="2019-08-09T08:30:48.438">
  <mem-info id="4365" free="155189248" total="478150656" percent="32">
    <mem type="eden" free="0" total="125829120" percent="0" />
    <remembered-set count="56256" freebytes="18890496" totalbytes="19115520" percent="98" regionsoverflowed="0" regionsstable="8" regionsrebuilding="0"/>
  </mem-info>
</gc-start>
<allocation-stats totalBytes="125807184" >
  <allocated-bytes non-tlh="0" tlh="125807184" arrayletleaf="0"/>
  <largest-consumer threadName="Thread-35" threadId="000000000135A200" bytes="12576672" />
</allocation-stats>
<gc-op id="4366" type="copy forward" timems="10.764" contextid="4363" timestamp="2019-08-09T08:30:48.449">
  <memory-copied type="eden" objects="69534" bytes="2912248" bytesdiscarded="249640" />
  <memory-copied type="other" objects="33512" bytes="1216416" bytesdiscarded="107240" />
  <memory-cardclean objects="18088" bytes="936576" />
  <regions eden="60" other="7" />
  <remembered-set-cleared processed="28163" cleared="613" durationms="0.300" />
  <stringconstants candidates="15053" cleared="0"  />
</gc-op>
<gc-op id="4367" type="classunload" timems="0.011" contextid="4363" timestamp="2019-08-09T08:30:48.449">
  <classunload-info classloadercandidates="55" classloadersunloaded="0" classesunloaded="0" anonymousclassesunloaded="0" quiescems="0.000" setupms="0.010" scanms="0.000" postms="0.000" />
</gc-op>
<gc-end id="4368" type="partial gc" contextid="4363" durationms="11.976" usertimems="29.087" systemtimems="9.945" timestamp="2019-08-09T08:30:48.450" activeThreads="16">
  <mem-info id="4369" free="278921216" total="478150656" percent="58">
    <mem type="eden" free="3129568" total="6291456" percent="49" />
    <remembered-set count="55584" freebytes="18893184" totalbytes="19115520" percent="98" regionsoverflowed="0" regionsstable="8" regionsrebuilding="0"/>
  </mem-info>
</gc-end>
<cycle-end id="4370" type="partial gc" contextid="4363" timestamp="2019-08-09T08:30:48.450" />
  <attribute name="elasticGC enabled" value="1" />
  <attribute name= "numThreadsSpecified" value="16" />
  <attribute name="heapSize specified" value="0" />
  <attribute name="Current GC Util" value="144" />
  <attribute name= "Current Time Running" value="104636" />
  <attribute name ="GC Interval" value="0" />
  <attribute name="Target GC Util Change" value ="80.000000" />
  <attribute name="Current GC Util Change" value="144.000000"/>
  <attribute name="Current Error" value="-32.000000" />
  <attribute name="Output H" value="478188480"/>
  <attribute name="Output I" value="1984"/>
  <attribute name="Output T" value="16"/>
  <attribute name= "Current Time Running" value="104636" />
  <attribute name="GC Util currently" value="144" />
  <attribute name="CPU Util currently" value="1834930057440" />
<exclusive-end id="4371" timestamp="2019-08-09T08:30:48.450" durationms="12.777" />

<exclusive-start id="4372" timestamp="2019-08-09T08:30:48.541" intervalms="104.408">
  <response-info timems="0.745" idlems="0.745" threads="0" lastid="000000000132D300" lastname="Thread-25" />
</exclusive-start>
<allocation-taxation id="4373" taxation-threshold="125829120" timestamp="2019-08-09T08:30:48.542" intervalms="104.368" />
<cycle-start id="4374" type="partial gc" contextid="0" timestamp="2019-08-09T08:30:48.542" intervalms="104.422" />
<gc-start id="4375" type="partial gc" contextid="4374" timestamp="2019-08-09T08:30:48.542">
  <mem-info id="4376" free="153092096" total="478150656" percent="32">
    <mem type="eden" free="0" total="125829120" percent="0" />
    <remembered-set count="55520" freebytes="18893440" totalbytes="19115520" percent="98" regionsoverflowed="0" regionsstable="8" regionsrebuilding="0"/>
  </mem-info>
</gc-start>
<allocation-stats totalBytes="125808008" >
  <allocated-bytes non-tlh="0" tlh="125808008" arrayletleaf="0"/>
  <largest-consumer threadName="Thread-27" threadId="0000000001347600" bytes="13018880" />
</allocation-stats>
<gc-op id="4377" type="copy forward" timems="17.477" contextid="4374" timestamp="2019-08-09T08:30:48.561">
  <memory-copied type="eden" objects="50261" bytes="2037960" bytesdiscarded="199336" />
  <memory-copied type="other" objects="52169" bytes="2213688" bytesdiscarded="121736" />
  <memory-cardclean objects="13185" bytes="723792" />
  <regions eden="60" other="8" />
  <remembered-set-cleared processed="30162" cleared="3730" durationms="0.232" />
  <stringconstants candidates="15053" cleared="0"  />
</gc-op>
<gc-op id="4378" type="classunload" timems="0.013" contextid="4374" timestamp="2019-08-09T08:30:48.561">
  <classunload-info classloadercandidates="55" classloadersunloaded="0" classesunloaded="0" anonymousclassesunloaded="0" quiescems="0.000" setupms="0.012" scanms="0.000" postms="0.000" />
</gc-op>
<gc-end id="4379" type="partial gc" contextid="4374" durationms="18.902" usertimems="41.037" systemtimems="24.200" timestamp="2019-08-09T08:30:48.561" activeThreads="16">
  <mem-info id="4380" free="278921216" total="478150656" percent="58">
    <mem type="eden" free="1957008" total="4194304" percent="46" />
    <remembered-set count="55776" freebytes="18892416" totalbytes="19115520" percent="98" regionsoverflowed="0" regionsstable="8" regionsrebuilding="0"/>
  </mem-info>
</gc-end>
<cycle-end id="4381" type="partial gc" contextid="4374" timestamp="2019-08-09T08:30:48.561" />
  <attribute name="elasticGC enabled" value="1" />
  <attribute name= "numThreadsSpecified" value="16" />
  <attribute name="heapSize specified" value="0" />
  <attribute name="Current GC Util" value="149" />
  <attribute name= "Current Time Running" value="104741" />
  <attribute name ="GC Interval" value="0" />
  <attribute name="Target GC Util Change" value ="80.000000" />
  <attribute name="Current GC Util Change" value="149.000000"/>
  <attribute name="Current Error" value="-57.000000" />
  <attribute name="Output H" value="478188464"/>
  <attribute name="Output I" value="1968"/>
  <attribute name="Output T" value="16"/>
  <attribute name= "Current Time Running" value="104741" />
  <attribute name="GC Util currently" value="149" />
  <attribute name="CPU Util currently" value="1490980335970" />
<exclusive-end id="4382" timestamp="2019-08-09T08:30:48.561" durationms="19.725" />

<exclusive-start id="4383" timestamp="2019-08-09T08:30:48.649" intervalms="107.897">
  <response-info timems="4.960" idlems="4.960" threads="0" lastid="000000000131E300" lastname="Thread-21" />
</exclusive-start>
<allocation-taxation id="4384" taxation-threshold="125829120" timestamp="2019-08-09T08:30:48.649" intervalms="107.911" />
<cycle-start id="4385" type="partial gc" contextid="0" timestamp="2019-08-09T08:30:48.650" intervalms="107.837" />
<gc-start id="4386" type="partial gc" contextid="4385" timestamp="2019-08-09T08:30:48.650">
  <mem-info id="4387" free="153092096" total="478150656" percent="32">
    <mem type="eden" free="0" total="125829120" percent="0" />
    <remembered-set count="55296" freebytes="18894336" totalbytes="19115520" percent="98" regionsoverflowed="0" regionsstable="8" regionsrebuilding="0"/>
  </mem-info>
</gc-start>
<allocation-stats totalBytes="125807088" >
  <allocated-bytes non-tlh="0" tlh="125807088" arrayletleaf="0"/>
  <largest-consumer threadName="Thread-26" threadId="0000000001374500" bytes="10455312" />
</allocation-stats>
<gc-op id="4388" type="copy forward" timems="14.887" contextid="4385" timestamp="2019-08-09T08:30:48.666">
  <memory-copied type="eden" objects="60617" bytes="2423216" bytesdiscarded="217152" />
  <memory-copied type="other" objects="42578" bytes="1846128" bytesdiscarded="140568" />
  <memory-cardclean objects="12714" bytes="674040" />
  <regions eden="60" other="6" />
  <remembered-set-cleared processed="28905" cleared="2168" durationms="0.321" />
  <stringconstants candidates="15053" cleared="0"  />
</gc-op>
<gc-op id="4389" type="classunload" timems="0.010" contextid="4385" timestamp="2019-08-09T08:30:48.666">
  <classunload-info classloadercandidates="55" classloadersunloaded="0" classesunloaded="0" anonymousclassesunloaded="0" quiescems="0.000" setupms="0.010" scanms="0.000" postms="0.000" />
</gc-op>
<heap-resize id="4390" type="expand" space="default" amount="25165824" count="1" timems="0.163" reason="excessive time being spent in gc" timestamp="2019-08-09T08:30:48.667" />
<gc-end id="4391" type="partial gc" contextid="4385" durationms="16.868" usertimems="47.296" systemtimems="16.673" timestamp="2019-08-09T08:30:48.667" activeThreads="16">
  <mem-info id="4392" free="301989888" total="503316480" percent="60">
    <mem type="eden" free="1553936" total="4194304" percent="37" />
    <remembered-set count="54336" freebytes="19904256" totalbytes="20121600" percent="98" regionsoverflowed="0" regionsstable="8" regionsrebuilding="0"/>
  </mem-info>
</gc-end>
<cycle-end id="4393" type="partial gc" contextid="4385" timestamp="2019-08-09T08:30:48.667" />
  <attribute name="elasticGC enabled" value="1" />
  <attribute name= "numThreadsSpecified" value="16" />
  <attribute name="heapSize specified" value="0" />
  <attribute name="Current GC Util" value="124" />
  <attribute name= "Current Time Running" value="104849" />
  <attribute name ="GC Interval" value="0" />
  <attribute name="Target GC Util Change" value ="80.000000" />
  <attribute name="Current GC Util Change" value="124.000000"/>
  <attribute name="Current Error" value="-80.000000" />
  <attribute name="Output H" value="478188456"/>
  <attribute name="Output I" value="1960"/>
  <attribute name="Output T" value="16"/>
  <attribute name= "Current Time Running" value="104849" />
  <attribute name="GC Util currently" value="124" />
  <attribute name="CPU Util currently" value="1222095701073" />
<exclusive-end id="4394" timestamp="2019-08-09T08:30:48.667" durationms="17.653" />

<exclusive-start id="4395" timestamp="2019-08-09T08:30:48.793" intervalms="143.958">
  <response-info timems="3.273" idlems="3.273" threads="0" lastid="0000000001374500" lastname="Thread-26" />
</exclusive-start>
<allocation-taxation id="4396" taxation-threshold="132120576" timestamp="2019-08-09T08:30:48.793" intervalms="143.969" />
<cycle-start id="4397" type="partial gc" contextid="0" timestamp="2019-08-09T08:30:48.794" intervalms="144.098" />
<gc-start id="4398" type="partial gc" contextid="4397" timestamp="2019-08-09T08:30:48.794">
  <mem-info id="4399" free="169869312" total="503316480" percent="33">
    <mem type="eden" free="0" total="132120576" percent="0" />
    <remembered-set count="54080" freebytes="19905280" totalbytes="20121600" percent="98" regionsoverflowed="0" regionsstable="8" regionsrebuilding="0"/>
  </mem-info>
</gc-start>
<allocation-stats totalBytes="132097464" >
  <allocated-bytes non-tlh="0" tlh="132097464" arrayletleaf="0"/>
  <largest-consumer threadName="Thread-36" threadId="000000000135DD00" bytes="12154768" />
</allocation-stats>
<gc-op id="4400" type="copy forward" timems="11.267" contextid="4397" timestamp="2019-08-09T08:30:48.807">
  <memory-copied type="eden" objects="73644" bytes="3284712" bytesdiscarded="285424" />
  <memory-copied type="other" objects="35438" bytes="1537392" bytesdiscarded="127288" />
  <memory-cardclean objects="7421" bytes="386208" />
  <regions eden="63" other="7" />
  <remembered-set-cleared processed="28096" cleared="1315" durationms="0.220" />
  <stringconstants candidates="15053" cleared="0"  />
</gc-op>
<gc-op id="4401" type="classunload" timems="0.011" contextid="4397" timestamp="2019-08-09T08:30:48.807">
  <classunload-info classloadercandidates="55" classloadersunloaded="0" classesunloaded="0" anonymousclassesunloaded="0" quiescems="0.000" setupms="0.010" scanms="0.000" postms="0.000" />
</gc-op>
<heap-resize id="4402" type="expand" space="default" amount="6291456" count="1" timems="0.077" reason="excessive time being spent in gc" timestamp="2019-08-09T08:30:48.807" />
<gc-end id="4403" type="partial gc" contextid="4397" durationms="13.197" usertimems="21.221" systemtimems="24.536" timestamp="2019-08-09T08:30:48.807" activeThreads="16">
  <mem-info id="4404" free="306184192" total="509607936" percent="60">
    <mem type="eden" free="624168" total="4194304" percent="14" />
    <remembered-set count="53376" freebytes="20159616" totalbytes="20373120" percent="98" regionsoverflowed="0" regionsstable="8" regionsrebuilding="0"/>
  </mem-info>
</gc-end>
<cycle-end id="4405" type="partial gc" contextid="4397" timestamp="2019-08-09T08:30:48.807" />
  <attribute name="elasticGC enabled" value="1" />
  <attribute name= "numThreadsSpecified" value="16" />
  <attribute name="heapSize specified" value="0" />
  <attribute name="Current GC Util" value="122" />
  <attribute name= "Current Time Running" value="104993" />
  <attribute name ="GC Interval" value="0" />
  <attribute name="Target GC Util Change" value ="80.000000" />
  <attribute name="Current GC Util Change" value="122.000000"/>
  <attribute name="Current Error" value="-6.000000" />
  <attribute name="Output H" value="503354320"/>
  <attribute name="Output I" value="2000"/>
  <attribute name="Output T" value="16"/>
  <attribute name= "Current Time Running" value="104993" />
  <attribute name="GC Util currently" value="122" />
  <attribute name="CPU Util currently" value="953137978565" />
<exclusive-end id="4406" timestamp="2019-08-09T08:30:48.807" durationms="14.058" />

<exclusive-start id="4407" timestamp="2019-08-09T08:30:48.942" intervalms="149.163">
  <response-info timems="2.636" idlems="2.636" threads="0" lastid="0000000001361900" lastname="Thread-24" />
</exclusive-start>
<allocation-taxation id="4408" taxation-threshold="134217728" timestamp="2019-08-09T08:30:48.943" intervalms="149.178" />
<cycle-start id="4409" type="partial gc" contextid="0" timestamp="2019-08-09T08:30:48.943" intervalms="149.138" />
<gc-start id="4410" type="partial gc" contextid="4409" timestamp="2019-08-09T08:30:48.943">
  <mem-info id="4411" free="171966464" total="509607936" percent="33">
    <mem type="eden" free="0" total="134217728" percent="0" />
    <remembered-set count="53056" freebytes="20160896" totalbytes="20373120" percent="98" regionsoverflowed="0" regionsstable="8" regionsrebuilding="0"/>
  </mem-info>
</gc-start>
<allocation-stats totalBytes="134193376" >
  <allocated-bytes non-tlh="0" tlh="134193376" arrayletleaf="0"/>
  <largest-consumer threadName="Thread-31" threadId="0000000001356600" bytes="13244184" />
</allocation-stats>
<gc-op id="4412" type="copy forward" timems="13.198" contextid="4409" timestamp="2019-08-09T08:30:48.958">
  <memory-copied type="eden" objects="51206" bytes="2057616" bytesdiscarded="157976" />
  <memory-copied type="other" objects="51282" bytes="2329776" bytesdiscarded="170008" />
  <memory-cardclean objects="9355" bytes="498912" />
  <regions eden="64" other="5" />
  <remembered-set-cleared processed="28436" cleared="464" durationms="0.213" />
  <stringconstants candidates="15053" cleared="0"  />
</gc-op>
<gc-op id="4413" type="classunload" timems="0.012" contextid="4409" timestamp="2019-08-09T08:30:48.958">
  <classunload-info classloadercandidates="55" classloadersunloaded="0" classesunloaded="0" anonymousclassesunloaded="0" quiescems="0.000" setupms="0.012" scanms="0.000" postms="0.000" />
</gc-op>
<gc-end id="4414" type="partial gc" contextid="4409" durationms="14.777" usertimems="36.445" systemtimems="15.281" timestamp="2019-08-09T08:30:48.958" activeThreads="16">
  <mem-info id="4415" free="304087040" total="509607936" percent="59">
    <mem type="eden" free="1978712" total="4194304" percent="47" />
    <remembered-set count="54464" freebytes="20155264" totalbytes="20373120" percent="98" regionsoverflowed="0" regionsstable="8" regionsrebuilding="0"/>
  </mem-info>
</gc-end>
<cycle-end id="4416" type="partial gc" contextid="4409" timestamp="2019-08-09T08:30:48.958" />
  <attribute name="elasticGC enabled" value="1" />
  <attribute name= "numThreadsSpecified" value="16" />
  <attribute name="heapSize specified" value="0" />
  <attribute name="Current GC Util" value="118" />
  <attribute name= "Current Time Running" value="105142" />
  <attribute name ="GC Interval" value="0" />
  <attribute name="Target GC Util Change" value ="80.000000" />
  <attribute name="Current GC Util Change" value="118.000000"/>
  <attribute name="Current Error" value="6.000000" />
  <attribute name="Output H" value="509645784"/>
  <attribute name="Output I" value="2008"/>
  <attribute name="Output T" value="16"/>
  <attribute name= "Current Time Running" value="105142" />
  <attribute name="GC Util currently" value="118" />
  <attribute name="CPU Util currently" value="1165970964449" />
<exclusive-end id="4417" timestamp="2019-08-09T08:30:48.958" durationms="15.613" />

<exclusive-start id="4418" timestamp="2019-08-09T08:30:49.050" intervalms="107.843">
  <response-info timems="4.797" idlems="2.406" threads="1" lastid="000000000135A200" lastname="Thread-35" />
</exclusive-start>
<allocation-taxation id="4419" taxation-threshold="134217728" timestamp="2019-08-09T08:30:49.050" intervalms="107.786" />
<cycle-start id="4420" type="partial gc" contextid="0" timestamp="2019-08-09T08:30:49.050" intervalms="107.698" />
<gc-start id="4421" type="partial gc" contextid="4420" timestamp="2019-08-09T08:30:49.051">
  <mem-info id="4422" free="169869312" total="509607936" percent="33">
    <mem type="eden" free="0" total="134217728" percent="0" />
    <remembered-set count="54016" freebytes="20157056" totalbytes="20373120" percent="98" regionsoverflowed="0" regionsstable="8" regionsrebuilding="0"/>
  </mem-info>
</gc-start>
<allocation-stats totalBytes="134192984" >
  <allocated-bytes non-tlh="0" tlh="134192984" arrayletleaf="0"/>
  <largest-consumer threadName="Thread-34" threadId="0000000001330F00" bytes="11970352" />
</allocation-stats>
<gc-op id="4423" type="copy forward" timems="18.350" contextid="4420" timestamp="2019-08-09T08:30:49.070">
  <memory-copied type="eden" objects="48375" bytes="1714488" bytesdiscarded="183592" />
  <memory-copied type="other" objects="64711" bytes="2926824" bytesdiscarded="129936" />
  <memory-cardclean objects="6893" bytes="365328" />
  <regions eden="64" other="6" />
  <remembered-set-cleared processed="29121" cleared="2607" durationms="0.249" />
  <stringconstants candidates="15053" cleared="0"  />
</gc-op>
<gc-op id="4424" type="classunload" timems="0.011" contextid="4420" timestamp="2019-08-09T08:30:49.070">
  <classunload-info classloadercandidates="55" classloadersunloaded="0" classesunloaded="0" anonymousclassesunloaded="0" quiescems="0.000" setupms="0.010" scanms="0.000" postms="0.000" />
</gc-op>
<gc-end id="4425" type="partial gc" contextid="4420" durationms="19.891" usertimems="34.150" systemtimems="28.116" timestamp="2019-08-09T08:30:49.071" activeThreads="16">
  <mem-info id="4426" free="304087040" total="509607936" percent="59">
    <mem type="eden" free="199072" total="2097152" percent="9" />
    <remembered-set count="54016" freebytes="20157056" totalbytes="20373120" percent="98" regionsoverflowed="0" regionsstable="8" regionsrebuilding="0"/>
  </mem-info>
</gc-end>
<cycle-end id="4427" type="partial gc" contextid="4420" timestamp="2019-08-09T08:30:49.071" />
  <attribute name="elasticGC enabled" value="1" />
  <attribute name= "numThreadsSpecified" value="16" />
  <attribute name="heapSize specified" value="0" />
  <attribute name="Current GC Util" value="150" />
  <attribute name= "Current Time Running" value="105250" />
  <attribute name ="GC Interval" value="0" />
  <attribute name="Target GC Util Change" value ="80.000000" />
  <attribute name="Current GC Util Change" value="150.000000"/>
  <attribute name="Current Error" value="-31.000000" />
  <attribute name="Output H" value="509645760"/>
  <attribute name="Output I" value="1984"/>
  <attribute name="Output T" value="16"/>
  <attribute name= "Current Time Running" value="105250" />
  <attribute name="GC Util currently" value="150" />
  <attribute name="CPU Util currently" value="1402092966624" />
<exclusive-end id="4428" timestamp="2019-08-09T08:30:49.071" durationms="20.475" />

<exclusive-start id="4429" timestamp="2019-08-09T08:30:49.169" intervalms="118.448">
  <response-info timems="0.601" idlems="0.601" threads="0" lastid="000000000131E300" lastname="Thread-21" />
</exclusive-start>
<allocation-taxation id="4430" taxation-threshold="134217728" timestamp="2019-08-09T08:30:49.169" intervalms="118.456" />
<cycle-start id="4431" type="partial gc" contextid="0" timestamp="2019-08-09T08:30:49.169" intervalms="118.486" />
<gc-start id="4432" type="partial gc" contextid="4431" timestamp="2019-08-09T08:30:49.169">
  <mem-info id="4433" free="169869312" total="509607936" percent="33">
    <mem type="eden" free="0" total="134217728" percent="0" />
    <remembered-set count="53824" freebytes="20157824" totalbytes="20373120" percent="98" regionsoverflowed="0" regionsstable="8" regionsrebuilding="0"/>
  </mem-info>
</gc-start>
<allocation-stats totalBytes="134193808" >
  <allocated-bytes non-tlh="0" tlh="134193808" arrayletleaf="0"/>
  <largest-consumer threadName="Thread-34" threadId="0000000001330F00" bytes="12052296" />
</allocation-stats>
<gc-op id="4434" type="copy forward" timems="12.148" contextid="4431" timestamp="2019-08-09T08:30:49.183">
  <memory-copied type="eden" objects="43060" bytes="1725656" bytesdiscarded="152872" />
  <memory-copied type="other" objects="63936" bytes="2770848" bytesdiscarded="134648" />
  <memory-cardclean objects="6381" bytes="348048" />
  <regions eden="64" other="6" />
  <remembered-set-cleared processed="27568" cleared="882" durationms="0.244" />
  <stringconstants candidates="15053" cleared="0"  />
</gc-op>
<gc-op id="4435" type="classunload" timems="0.011" contextid="4431" timestamp="2019-08-09T08:30:49.183">
  <classunload-info classloadercandidates="55" classloadersunloaded="0" classesunloaded="0" anonymousclassesunloaded="0" quiescems="0.000" setupms="0.010" scanms="0.000" postms="0.000" />
</gc-op>
<heap-resize id="4436" type="expand" space="default" amount="10485760" count="1" timems="0.095" reason="excessive time being spent in gc" timestamp="2019-08-09T08:30:49.183" />
<gc-end id="4437" type="partial gc" contextid="4431" durationms="13.584" usertimems="27.680" systemtimems="14.395" timestamp="2019-08-09T08:30:49.183" activeThreads="16">
  <mem-info id="4438" free="312475648" total="520093696" percent="60">
    <mem type="eden" free="218624" total="2097152" percent="10" />
    <remembered-set count="52928" freebytes="20580608" totalbytes="20792320" percent="98" regionsoverflowed="0" regionsstable="8" regionsrebuilding="0"/>
  </mem-info>
</gc-end>
<cycle-end id="4439" type="partial gc" contextid="4431" timestamp="2019-08-09T08:30:49.183" />
  <attribute name="elasticGC enabled" value="1" />
  <attribute name= "numThreadsSpecified" value="16" />
  <attribute name="heapSize specified" value="0" />
  <attribute name="Current GC Util" value="139" />
  <attribute name= "Current Time Running" value="105368" />
  <attribute name ="GC Interval" value="0" />
  <attribute name="Target GC Util Change" value ="80.000000" />
  <attribute name="Current GC Util Change" value="139.000000"/>
  <attribute name="Current Error" value="-30.000000" />
  <attribute name="Output H" value="509645760"/>
  <attribute name="Output I" value="1984"/>
  <attribute name="Output T" value="16"/>
  <attribute name= "Current Time Running" value="105368" />
  <attribute name="GC Util currently" value="139" />
  <attribute name="CPU Util currently" value="1842613487800" />
<exclusive-end id="4440" timestamp="2019-08-09T08:30:49.183" durationms="14.509" />

<exclusive-start id="4441" timestamp="2019-08-09T08:30:49.285" intervalms="115.817">
  <response-info timems="1.663" idlems="0.471" threads="3" lastid="000000000134EE00" lastname="Thread-23" />
</exclusive-start>
<allocation-taxation id="4442" taxation-threshold="136314880" timestamp="2019-08-09T08:30:49.285" intervalms="116.057" />
<cycle-start id="4443" type="partial gc" contextid="0" timestamp="2019-08-09T08:30:49.285" intervalms="116.057" />
<gc-start id="4444" type="partial gc" contextid="4443" timestamp="2019-08-09T08:30:49.285">
  <mem-info id="4445" free="176160768" total="520093696" percent="33">
    <mem type="eden" free="0" total="136314880" percent="0" />
    <remembered-set count="52928" freebytes="20580608" totalbytes="20792320" percent="98" regionsoverflowed="0" regionsstable="8" regionsrebuilding="0"/>
  </mem-info>
</gc-start>
<allocation-stats totalBytes="136291160" >
  <allocated-bytes non-tlh="0" tlh="136291160" arrayletleaf="0"/>
  <largest-consumer threadName="Thread-22" threadId="0000000001378100" bytes="14190120" />
</allocation-stats>
<gc-op id="4446" type="copy forward" timems="10.682" contextid="4443" timestamp="2019-08-09T08:30:49.298">
  <memory-copied type="eden" objects="40902" bytes="1537240" bytesdiscarded="184352" />
  <memory-copied type="other" objects="71714" bytes="3094896" bytesdiscarded="218016" />
  <memory-cardclean objects="5912" bytes="325536" />
  <regions eden="65" other="6" />
  <remembered-set-cleared processed="27904" cleared="1757" durationms="0.317" />
  <stringconstants candidates="15053" cleared="0"  />
</gc-op>
<gc-op id="4447" type="classunload" timems="0.009" contextid="4443" timestamp="2019-08-09T08:30:49.298">
  <classunload-info classloadercandidates="55" classloadersunloaded="0" classesunloaded="0" anonymousclassesunloaded="0" quiescems="0.000" setupms="0.009" scanms="0.000" postms="0.000" />
</gc-op>
<heap-resize id="4448" type="expand" space="default" amount="4194304" count="1" timems="0.069" reason="excessive time being spent in gc" timestamp="2019-08-09T08:30:49.298" />
<gc-end id="4449" type="partial gc" contextid="4443" durationms="12.866" usertimems="34.838" systemtimems="3.418" timestamp="2019-08-09T08:30:49.298" activeThreads="16">
  <mem-info id="4450" free="314572800" total="524288000" percent="60">
    <mem type="eden" free="375560" total="2097152" percent="17" />
    <remembered-set count="55936" freebytes="20736256" totalbytes="20960000" percent="98" regionsoverflowed="0" regionsstable="8" regionsrebuilding="0"/>
  </mem-info>
</gc-end>
<cycle-end id="4451" type="partial gc" contextid="4443" timestamp="2019-08-09T08:30:49.298" />
  <attribute name="elasticGC enabled" value="1" />
  <attribute name= "numThreadsSpecified" value="16" />
  <attribute name="heapSize specified" value="0" />
  <attribute name="Current GC Util" value="114" />
  <attribute name= "Current Time Running" value="105485" />
  <attribute name ="GC Interval" value="0" />
  <attribute name="Target GC Util Change" value ="80.000000" />
  <attribute name="Current GC Util Change" value="114.000000"/>
  <attribute name="Current Error" value="-20.000000" />
  <attribute name="Output H" value="520131528"/>
  <attribute name="Output I" value="1992"/>
  <attribute name="Output T" value="16"/>
  <attribute name= "Current Time Running" value="105485" />
  <attribute name="GC Util currently" value="114" />
  <attribute name="CPU Util currently" value="834302229348" />
<exclusive-end id="4452" timestamp="2019-08-09T08:30:49.298" durationms="13.785" />

<exclusive-start id="4453" timestamp="2019-08-09T08:30:49.512" intervalms="227.664">
  <response-info timems="4.256" idlems="4.256" threads="0" lastid="0000000001356600" lastname="Thread-31" />
</exclusive-start>
<allocation-taxation id="4454" taxation-threshold="138412032" timestamp="2019-08-09T08:30:49.512" intervalms="227.413" />
<cycle-start id="4455" type="partial gc" contextid="0" timestamp="2019-08-09T08:30:49.512" intervalms="227.479" />
<gc-start id="4456" type="partial gc" contextid="4455" timestamp="2019-08-09T08:30:49.513">
  <mem-info id="4457" free="176160768" total="524288000" percent="33">
    <mem type="eden" free="0" total="138412032" percent="0" />
    <remembered-set count="55680" freebytes="20737280" totalbytes="20960000" percent="98" regionsoverflowed="0" regionsstable="8" regionsrebuilding="0"/>
  </mem-info>
</gc-start>
<allocation-stats totalBytes="138388120" >
  <allocated-bytes non-tlh="0" tlh="138388120" arrayletleaf="0"/>
  <largest-consumer threadName="Thread-31" threadId="0000000001356600" bytes="21168520" />
</allocation-stats>
<gc-op id="4458" type="copy forward" timems="16.292" contextid="4455" timestamp="2019-08-09T08:30:49.531">
  <memory-copied type="eden" objects="19791" bytes="751848" bytesdiscarded="79608" />
  <memory-copied type="other" objects="22911" bytes="824616" bytesdiscarded="126776" />
  <memory-cardclean objects="11595" bytes="606432" />
  <regions eden="66" other="6" />
  <remembered-set-cleared processed="27595" cleared="308" durationms="0.259" />
  <stringconstants candidates="15053" cleared="0"  />
</gc-op>
<gc-op id="4459" type="classunload" timems="0.011" contextid="4455" timestamp="2019-08-09T08:30:49.531">
  <classunload-info classloadercandidates="55" classloadersunloaded="0" classesunloaded="0" anonymousclassesunloaded="0" quiescems="0.000" setupms="0.011" scanms="0.000" postms="0.000" />
</gc-op>
<gc-end id="4460" type="partial gc" contextid="4455" durationms="18.470" usertimems="19.506" systemtimems="27.111" timestamp="2019-08-09T08:30:49.531" activeThreads="16">
  <mem-info id="4461" free="312475648" total="524288000" percent="59">
    <mem type="eden" free="1265696" total="2097152" percent="60" />
    <remembered-set count="51712" freebytes="20753152" totalbytes="20960000" percent="99" regionsoverflowed="0" regionsstable="8" regionsrebuilding="0"/>
  </mem-info>
</gc-end>
<cycle-end id="4462" type="partial gc" contextid="4455" timestamp="2019-08-09T08:30:49.531" />
  <attribute name="elasticGC enabled" value="1" />
  <attribute name= "numThreadsSpecified" value="16" />
  <attribute name="heapSize specified" value="0" />
  <attribute name="Current GC Util" value="144" />
  <attribute name= "Current Time Running" value="105712" />
  <attribute name ="GC Interval" value="0" />
  <attribute name="Target GC Util Change" value ="80.000000" />
  <attribute name="Current GC Util Change" value="144.000000"/>
  <attribute name="Current Error" value="-20.000000" />
  <attribute name="Output H" value="524325832"/>
  <attribute name="Output I" value="1992"/>
  <attribute name="Output T" value="16"/>
  <attribute name= "Current Time Running" value="105712" />
  <attribute name="GC Util currently" value="144" />
  <attribute name="CPU Util currently" value="752804873251" />
<exclusive-end id="4463" timestamp="2019-08-09T08:30:49.531" durationms="19.153" />

===== DaCapo 9.12-MR1 sunflow PASSED in 9688 msec =====
Using scaled threading model. 16 processors detected, 16 threads used to drive the workload, in a possible range of [1,1000]
<exclusive-start id="4464" timestamp="2019-08-09T08:30:49.955" intervalms="442.337">
  <response-info timems="0.068" idlems="0.068" threads="0" lastid="0000000001033F00" lastname="main" />
</exclusive-start>
<sys-start reason="explicit" id="4465" timestamp="2019-08-09T08:30:49.955" intervalms="10055.094" />
<cycle-start id="4466" type="global garbage collect" contextid="0" timestamp="2019-08-09T08:30:49.955" intervalms="10055.111" />
<gc-start id="4467" type="global garbage collect" contextid="4466" timestamp="2019-08-09T08:30:49.955">
  <mem-info id="4468" free="186438976" total="524288000" percent="35">
    <mem type="eden" free="1889600" total="127926272" percent="1" />
    <remembered-set count="51424" freebytes="20754304" totalbytes="20960000" percent="99" regionsoverflowed="0" regionsstable="8" regionsrebuilding="0"/>
  </mem-info>
</gc-start>
<allocation-stats totalBytes="126003984" >
  <allocated-bytes non-tlh="501448" tlh="125502536" arrayletleaf="0"/>
  <largest-consumer threadName="main" threadId="0000000001033F00" bytes="11392288" />
</allocation-stats>
<gc-op id="4469" type="global mark" timems="13.011" contextid="4466" timestamp="2019-08-09T08:30:49.968">
  <trace-info objectcount="637192" scancount="548259" scanbytes="14499956" />
  <finalization candidates="154" enqueued="1" />
  <ownableSynchronizers candidates="23" cleared="0" />
  <references type="soft" candidates="3688" cleared="0" enqueued="0" dynamicThreshold="19" maxThreshold="32" />
  <references type="weak" candidates="6369" cleared="93" enqueued="93" />
  <references type="phantom" candidates="887" cleared="10" enqueued="10" />
  <stringconstants candidates="16046" cleared="22"  />
</gc-op>
<gc-op id="4470" type="classunload" timems="0.010" contextid="4466" timestamp="2019-08-09T08:30:49.968">
  <classunload-info classloadercandidates="68" classloadersunloaded="0" classesunloaded="0" anonymousclassesunloaded="0" quiescems="0.000" setupms="0.010" scanms="0.000" postms="0.000" />
</gc-op>
<gc-op id="4471" type="sweep" timems="2.943" contextid="4466" timestamp="2019-08-09T08:30:49.972" />
<gc-op id="4472" type="compact" timems="56.452" contextid="4466" timestamp="2019-08-09T08:30:50.028">
  <compact-info movecount="637157" movebytes="22742624" />
  <remembered-set-cleared processed="123529" cleared="123529" durationms="0.494" />
</gc-op>
<gc-end id="4473" type="global garbage collect" contextid="4466" durationms="73.704" usertimems="188.182" systemtimems="0.000" timestamp="2019-08-09T08:30:50.029" activeThreads="16">
  <mem-info id="4474" free="499122176" total="524288000" percent="95">
    <pending-finalizers system="1" default="0" reference="103" classloader="0" />
    <remembered-set count="54784" freebytes="20740864" totalbytes="20960000" percent="98" regionsoverflowed="0" regionsstable="0" regionsrebuilding="0"/>
  </mem-info>
</gc-end>
<cycle-end id="4475" type="global garbage collect" contextid="4466" timestamp="2019-08-09T08:30:50.029" />
  <attribute name="elasticGC enabled" value="1" />
  <attribute name= "numThreadsSpecified" value="16" />
  <attribute name="heapSize specified" value="0" />
  <attribute name="Current GC Util" value="167" />
  <attribute name= "Current Time Running" value="106170" />
  <attribute name ="GC Interval" value="0" />
  <attribute name="Target GC Util Change" value ="80.000000" />
  <attribute name="Current GC Util Change" value="167.000000"/>
  <attribute name="Current Error" value="-390.000000" />
  <attribute name="Output H" value="524325616"/>
  <attribute name="Output I" value="1776"/>
  <attribute name="Output T" value="16"/>
  <attribute name= "Current Time Running" value="106170" />
  <attribute name="GC Util currently" value="167" />
  <attribute name="CPU Util currently" value="338841499115" />
<sys-end id="4476" timestamp="2019-08-09T08:30:50.029" />
<exclusive-end id="4477" timestamp="2019-08-09T08:30:50.029" durationms="74.353" />

===== DaCapo 9.12-MR1 xalan starting =====
<exclusive-start id="4478" timestamp="2019-08-09T08:30:50.629" intervalms="674.706">
  <response-info timems="7.856" idlems="7.856" threads="0" lastid="0000000001361900" lastname="Thread-52" />
</exclusive-start>
<allocation-taxation id="4479" taxation-threshold="138412032" timestamp="2019-08-09T08:30:50.629" intervalms="1117.041" />
<cycle-start id="4480" type="partial gc" contextid="0" timestamp="2019-08-09T08:30:50.629" intervalms="1116.939" />
<gc-start id="4481" type="partial gc" contextid="4480" timestamp="2019-08-09T08:30:50.630">
  <mem-info id="4482" free="360710144" total="524288000" percent="68">
    <mem type="eden" free="0" total="138412032" percent="0" />
    <remembered-set count="54496" freebytes="20742016" totalbytes="20960000" percent="98" regionsoverflowed="0" regionsstable="0" regionsrebuilding="0"/>
  </mem-info>
</gc-start>
<allocation-stats totalBytes="138199496" >
  <allocated-bytes non-tlh="1185592" tlh="137013904" arrayletleaf="0"/>
  <largest-consumer threadName="Thread-37" threadId="000000000131A700" bytes="12661576" />
</allocation-stats>
<gc-op id="4483" type="copy forward" timems="13.072" contextid="4480" timestamp="2019-08-09T08:30:50.644">
  <memory-copied type="eden" objects="37252" bytes="4668040" bytesdiscarded="883680" />
  <memory-copied type="other" objects="0" bytes="0" bytesdiscarded="0" />
  <memory-cardclean objects="2037" bytes="152656" />
  <regions eden="66" other="0" />
  <remembered-set-cleared processed="49057" cleared="365" durationms="0.501" />
  <finalization candidates="1" enqueued="0" />
  <references type="soft" candidates="25" cleared="0" enqueued="0" dynamicThreshold="30" maxThreshold="32" />
  <references type="weak" candidates="79" cleared="0" enqueued="0" />
  <references type="phantom" candidates="17" cleared="0" enqueued="0" />
  <stringconstants candidates="16394" cleared="0"  />
</gc-op>
<gc-op id="4484" type="classunload" timems="0.011" contextid="4480" timestamp="2019-08-09T08:30:50.644">
  <classunload-info classloadercandidates="69" classloadersunloaded="0" classesunloaded="0" anonymousclassesunloaded="0" quiescems="0.000" setupms="0.011" scanms="0.000" postms="0.000" />
</gc-op>
<heap-resize id="4485" type="contract" space="default" amount="27262976" count="1" timems="0.185" reason="excess free space following gc" timestamp="2019-08-09T08:30:50.645" />
<gc-end id="4486" type="partial gc" contextid="4480" durationms="15.355" usertimems="29.418" systemtimems="10.941" timestamp="2019-08-09T08:30:50.645" activeThreads="16">
  <mem-info id="4487" free="465567744" total="497025024" percent="93">
    <mem type="eden" free="739056" total="6291456" percent="11" />
    <remembered-set count="60320" freebytes="20718720" totalbytes="20960000" percent="98" regionsoverflowed="0" regionsstable="0" regionsrebuilding="0"/>
  </mem-info>
</gc-end>
<cycle-end id="4488" type="partial gc" contextid="4480" timestamp="2019-08-09T08:30:50.645" />
  <attribute name="elasticGC enabled" value="1" />
  <attribute name= "numThreadsSpecified" value="16" />
  <attribute name="heapSize specified" value="0" />
  <attribute name="Current GC Util" value="133" />
  <attribute name= "Current Time Running" value="106829" />
  <attribute name ="GC Interval" value="0" />
  <attribute name="Target GC Util Change" value ="80.000000" />
  <attribute name="Current GC Util Change" value="133.000000"/>
  <attribute name="Current Error" value="-379.000000" />
  <attribute name="Output H" value="524325624"/>
  <attribute name="Output I" value="1784"/>
  <attribute name="Output T" value="16"/>
  <attribute name= "Current Time Running" value="106829" />
  <attribute name="GC Util currently" value="133" />
  <attribute name="CPU Util currently" value="1029250760426" />
<exclusive-end id="4489" timestamp="2019-08-09T08:30:50.645" durationms="15.978" />

<exclusive-start id="4490" timestamp="2019-08-09T08:30:50.994" intervalms="364.959">
  <response-info timems="0.700" idlems="0.245" threads="2" lastid="0000000001370900" lastname="Thread-41" />
</exclusive-start>
<allocation-taxation id="4491" taxation-threshold="130023424" timestamp="2019-08-09T08:30:50.994" intervalms="364.961" />
<cycle-start id="4492" type="partial gc" contextid="0" timestamp="2019-08-09T08:30:50.994" intervalms="364.970" />
<gc-start id="4493" type="partial gc" contextid="4492" timestamp="2019-08-09T08:30:50.995">
  <mem-info id="4494" free="335544320" total="497025024" percent="67">
    <mem type="eden" free="0" total="130023424" percent="0" />
    <remembered-set count="7616" freebytes="20929536" totalbytes="20960000" percent="99" regionsoverflowed="0" regionsstable="10" regionsrebuilding="0"/>
  </mem-info>
</gc-start>
<allocation-stats totalBytes="129840840" >
  <allocated-bytes non-tlh="32776" tlh="129808064" arrayletleaf="0"/>
  <largest-consumer threadName="Thread-37" threadId="000000000131A700" bytes="11371136" />
</allocation-stats>
<gc-op id="4495" type="copy forward" timems="12.246" contextid="4492" timestamp="2019-08-09T08:30:51.009">
  <memory-copied type="eden" objects="5996" bytes="2315136" bytesdiscarded="776632" />
  <memory-copied type="other" objects="28232" bytes="1059808" bytesdiscarded="131416" />
  <memory-cardclean objects="649" bytes="91192" />
  <regions eden="62" other="3" />
  <remembered-set-cleared processed="813" cleared="629" durationms="0.103" />
  <finalization candidates="1" enqueued="0" />
  <references type="soft" candidates="25" cleared="0" enqueued="0" dynamicThreshold="29" maxThreshold="32" />
  <references type="weak" candidates="80" cleared="0" enqueued="0" />
  <references type="phantom" candidates="19" cleared="0" enqueued="0" />
  <stringconstants candidates="16394" cleared="0"  />
</gc-op>
<gc-op id="4496" type="classunload" timems="0.015" contextid="4492" timestamp="2019-08-09T08:30:51.009">
  <classunload-info classloadercandidates="69" classloadersunloaded="0" classesunloaded="0" anonymousclassesunloaded="0" quiescems="0.000" setupms="0.015" scanms="0.000" postms="0.000" />
</gc-op>
<heap-resize id="4497" type="contract" space="default" amount="25165824" count="1" timems="0.143" reason="excess free space following gc" timestamp="2019-08-09T08:30:51.010" />
<gc-end id="4498" type="partial gc" contextid="4492" durationms="15.170" usertimems="26.479" systemtimems="21.603" timestamp="2019-08-09T08:30:51.010" activeThreads="16">
  <mem-info id="4499" free="440401920" total="471859200" percent="93">
    <mem type="eden" free="1102312" total="4194304" percent="26" />
    <remembered-set count="8736" freebytes="19835136" totalbytes="19870080" percent="99" regionsoverflowed="0" regionsstable="10" regionsrebuilding="0"/>
  </mem-info>
</gc-end>
<cycle-end id="4500" type="partial gc" contextid="4492" timestamp="2019-08-09T08:30:51.010" />
  <attribute name="elasticGC enabled" value="1" />
  <attribute name= "numThreadsSpecified" value="16" />
  <attribute name="heapSize specified" value="0" />
  <attribute name="Current GC Util" value="37" />
  <attribute name= "Current Time Running" value="107195" />
  <attribute name ="GC Interval" value="0" />
  <attribute name="Target GC Util Change" value ="80.000000" />
  <attribute name="Current GC Util Change" value="37.000000"/>
  <attribute name="Current Error" value="43.000000" />
  <attribute name="Output H" value="497062888"/>
  <attribute name="Output I" value="2024"/>
  <attribute name="Output T" value="16"/>
  <attribute name= "Current Time Running" value="107195" />
  <attribute name="GC Util currently" value="37" />
  <attribute name="CPU Util currently" value="571625045203" />
<exclusive-end id="4501" timestamp="2019-08-09T08:30:51.010" durationms="15.769" />

<exclusive-start id="4502" timestamp="2019-08-09T08:30:51.352" intervalms="357.848">
  <response-info timems="1.349" idlems="0.690" threads="1" lastid="000000000135A200" lastname="Thread-50" />
</exclusive-start>
<allocation-taxation id="4503" taxation-threshold="123731968" timestamp="2019-08-09T08:30:51.352" intervalms="357.862" />
<cycle-start id="4504" type="partial gc" contextid="0" timestamp="2019-08-09T08:30:51.352" intervalms="357.855" />
<gc-start id="4505" type="partial gc" contextid="4504" timestamp="2019-08-09T08:30:51.353">
  <mem-info id="4506" free="316669952" total="471859200" percent="67">
    <mem type="eden" free="0" total="123731968" percent="0" />
    <remembered-set count="8416" freebytes="19836416" totalbytes="19870080" percent="99" regionsoverflowed="0" regionsstable="10" regionsrebuilding="0"/>
  </mem-info>
</gc-start>
<allocation-stats totalBytes="123610416" >
  <allocated-bytes non-tlh="49168" tlh="123561248" arrayletleaf="0"/>
  <largest-consumer threadName="Thread-42" threadId="000000000133FE00" bytes="14248936" />
</allocation-stats>
<gc-op id="4507" type="copy forward" timems="10.696" contextid="4504" timestamp="2019-08-09T08:30:51.366">
  <memory-copied type="eden" objects="8743" bytes="3515712" bytesdiscarded="903232" />
  <memory-copied type="other" objects="28307" bytes="1072072" bytesdiscarded="84704" />
  <memory-cardclean objects="627" bytes="89840" />
  <regions eden="59" other="3" />
  <remembered-set-cleared processed="837" cleared="651" durationms="0.090" />
  <finalization candidates="1" enqueued="0" />
  <references type="soft" candidates="25" cleared="0" enqueued="0" dynamicThreshold="29" maxThreshold="32" />
  <references type="weak" candidates="78" cleared="0" enqueued="0" />
  <references type="phantom" candidates="17" cleared="0" enqueued="0" />
  <stringconstants candidates="16394" cleared="0"  />
</gc-op>
<gc-op id="4508" type="classunload" timems="0.014" contextid="4504" timestamp="2019-08-09T08:30:51.366">
  <classunload-info classloadercandidates="69" classloadersunloaded="0" classesunloaded="0" anonymousclassesunloaded="0" quiescems="0.000" setupms="0.014" scanms="0.000" postms="0.000" />
</gc-op>
<heap-resize id="4509" type="contract" space="default" amount="25165824" count="1" timems="0.145" reason="excess free space following gc" timestamp="2019-08-09T08:30:51.366" />
<gc-end id="4510" type="partial gc" contextid="4504" durationms="13.563" usertimems="31.628" systemtimems="11.585" timestamp="2019-08-09T08:30:51.366" activeThreads="16">
  <mem-info id="4511" free="411041792" total="446693376" percent="92">
    <mem type="eden" free="1872224" total="6291456" percent="29" />
    <remembered-set count="8768" freebytes="18828928" totalbytes="18864000" percent="99" regionsoverflowed="0" regionsstable="10" regionsrebuilding="0"/>
  </mem-info>
</gc-end>
<cycle-end id="4512" type="partial gc" contextid="4504" timestamp="2019-08-09T08:30:51.366" />
  <attribute name="elasticGC enabled" value="1" />
  <attribute name= "numThreadsSpecified" value="16" />
  <attribute name="heapSize specified" value="0" />
  <attribute name="Current GC Util" value="37" />
  <attribute name= "Current Time Running" value="107553" />
  <attribute name ="GC Interval" value="0" />
  <attribute name="Target GC Util Change" value ="80.000000" />
  <attribute name="Current GC Util Change" value="37.000000"/>
  <attribute name="Current Error" value="154.000000" />
  <attribute name="Output H" value="471897128"/>
  <attribute name="Output I" value="2088"/>
  <attribute name="Output T" value="16"/>
  <attribute name= "Current Time Running" value="107553" />
  <attribute name="GC Util currently" value="37" />
  <attribute name="CPU Util currently" value="608283675957" />
<exclusive-end id="4513" timestamp="2019-08-09T08:30:51.366" durationms="14.332" />

<exclusive-start id="4514" timestamp="2019-08-09T08:30:51.712" intervalms="360.216">
  <response-info timems="5.779" idlems="2.914" threads="1" lastid="000000000136CD00" lastname="Thread-49" />
</exclusive-start>
<allocation-taxation id="4515" taxation-threshold="117440512" timestamp="2019-08-09T08:30:51.712" intervalms="360.225" />
<cycle-start id="4516" type="partial gc" contextid="0" timestamp="2019-08-09T08:30:51.713" intervalms="360.798" />
<gc-start id="4517" type="partial gc" contextid="4516" timestamp="2019-08-09T08:30:51.715">
  <mem-info id="4518" free="293601280" total="446693376" percent="65">
    <mem type="eden" free="0" total="117440512" percent="0" />
    <remembered-set count="8576" freebytes="18829696" totalbytes="18864000" percent="99" regionsoverflowed="0" regionsstable="10" regionsrebuilding="0"/>
  </mem-info>
</gc-start>
<allocation-stats totalBytes="117307264" >
  <allocated-bytes non-tlh="8200" tlh="117299064" arrayletleaf="0"/>
  <largest-consumer threadName="Thread-43" threadId="0000000001325B00" bytes="12863016" />
</allocation-stats>
<gc-op id="4519" type="copy forward" timems="19.193" contextid="4516" timestamp="2019-08-09T08:30:51.739">
  <memory-copied type="eden" objects="9768" bytes="3925080" bytesdiscarded="757744" />
  <memory-copied type="other" objects="28214" bytes="1070408" bytesdiscarded="120752" />
  <memory-cardclean objects="643" bytes="90488" />
  <regions eden="56" other="5" />
  <remembered-set-cleared processed="978" cleared="792" durationms="0.145" />
  <finalization candidates="1" enqueued="0" />
  <references type="soft" candidates="25" cleared="0" enqueued="0" dynamicThreshold="29" maxThreshold="32" />
  <references type="weak" candidates="79" cleared="0" enqueued="0" />
  <references type="phantom" candidates="20" cleared="0" enqueued="0" />
  <stringconstants candidates="16394" cleared="0"  />
</gc-op>
<gc-op id="4520" type="classunload" timems="0.016" contextid="4516" timestamp="2019-08-09T08:30:51.739">
  <classunload-info classloadercandidates="69" classloadersunloaded="0" classesunloaded="0" anonymousclassesunloaded="0" quiescems="0.000" setupms="0.016" scanms="0.000" postms="0.000" />
</gc-op>
<heap-resize id="4521" type="contract" space="default" amount="23068672" count="1" timems="0.187" reason="insufficient time being spent in gc" timestamp="2019-08-09T08:30:51.739" />
<gc-end id="4522" type="partial gc" contextid="4516" durationms="24.675" usertimems="38.693" systemtimems="12.748" timestamp="2019-08-09T08:30:51.739" activeThreads="16">
  <mem-info id="4523" free="385875968" total="423624704" percent="91">
    <mem type="eden" free="1608336" total="6291456" percent="25" />
    <remembered-set count="8768" freebytes="17822848" totalbytes="17857920" percent="99" regionsoverflowed="0" regionsstable="10" regionsrebuilding="0"/>
  </mem-info>
</gc-end>
<cycle-end id="4524" type="partial gc" contextid="4516" timestamp="2019-08-09T08:30:51.740" />
  <attribute name="elasticGC enabled" value="1" />
  <attribute name= "numThreadsSpecified" value="16" />
  <attribute name="heapSize specified" value="0" />
  <attribute name="Current GC Util" value="24" />
  <attribute name= "Current Time Running" value="107917" />
  <attribute name ="GC Interval" value="0" />
  <attribute name="Target GC Util Change" value ="80.000000" />
  <attribute name="Current GC Util Change" value="24.000000"/>
  <attribute name="Current Error" value="280.000000" />
  <attribute name="Output H" value="446731384"/>
  <attribute name="Output I" value="2168"/>
  <attribute name="Output T" value="16"/>
  <attribute name= "Current Time Running" value="107917" />
  <attribute name="GC Util currently" value="24" />
  <attribute name="CPU Util currently" value="255141724866" />
<exclusive-end id="4525" timestamp="2019-08-09T08:30:51.740" durationms="27.571" />

<exclusive-start id="4526" timestamp="2019-08-09T08:30:52.034" intervalms="322.088">
  <response-info timems="2.422" idlems="1.299" threads="1" lastid="000000000132D300" lastname="Thread-45" />
</exclusive-start>
<allocation-taxation id="4527" taxation-threshold="113246208" timestamp="2019-08-09T08:30:52.034" intervalms="322.083" />
<cycle-start id="4528" type="partial gc" contextid="0" timestamp="2019-08-09T08:30:52.035" intervalms="321.498" />
<gc-start id="4529" type="partial gc" contextid="4528" timestamp="2019-08-09T08:30:52.035">
  <mem-info id="4530" free="272629760" total="423624704" percent="64">
    <mem type="eden" free="0" total="113246208" percent="0" />
    <remembered-set count="8480" freebytes="17824000" totalbytes="17857920" percent="99" regionsoverflowed="0" regionsstable="10" regionsrebuilding="0"/>
  </mem-info>
</gc-start>
<allocation-stats totalBytes="113043392" >
  <allocated-bytes non-tlh="65560" tlh="112977832" arrayletleaf="0"/>
  <largest-consumer threadName="Thread-43" threadId="0000000001325B00" bytes="11422584" />
</allocation-stats>
<gc-op id="4531" type="copy forward" timems="17.590" contextid="4528" timestamp="2019-08-09T08:30:52.057">
  <memory-copied type="eden" objects="9211" bytes="3665472" bytesdiscarded="788608" />
  <memory-copied type="other" objects="27727" bytes="1048472" bytesdiscarded="87528" />
  <memory-cardclean objects="773" bytes="94856" />
  <regions eden="54" other="5" />
  <remembered-set-cleared processed="1037" cleared="850" durationms="0.418" />
  <finalization candidates="1" enqueued="0" />
  <references type="soft" candidates="25" cleared="0" enqueued="0" dynamicThreshold="29" maxThreshold="32" />
  <references type="weak" candidates="82" cleared="0" enqueued="0" />
  <references type="phantom" candidates="20" cleared="0" enqueued="0" />
  <stringconstants candidates="16394" cleared="0"  />
</gc-op>
<gc-op id="4532" type="classunload" timems="0.013" contextid="4528" timestamp="2019-08-09T08:30:52.057">
  <classunload-info classloadercandidates="69" classloadersunloaded="0" classesunloaded="0" anonymousclassesunloaded="0" quiescems="0.000" setupms="0.012" scanms="0.000" postms="0.000" />
</gc-op>
<heap-resize id="4533" type="contract" space="default" amount="23068672" count="1" timems="0.147" reason="excess free space following gc" timestamp="2019-08-09T08:30:52.057" />
<gc-end id="4534" type="partial gc" contextid="4528" durationms="22.587" usertimems="24.865" systemtimems="9.908" timestamp="2019-08-09T08:30:52.058" activeThreads="16">
  <mem-info id="4535" free="360710144" total="400556032" percent="90">
    <mem type="eden" free="1837120" total="6291456" percent="29" />
    <remembered-set count="8288" freebytes="16902528" totalbytes="16935680" percent="99" regionsoverflowed="0" regionsstable="10" regionsrebuilding="0"/>
  </mem-info>
</gc-end>
<cycle-end id="4536" type="partial gc" contextid="4528" timestamp="2019-08-09T08:30:52.058" />
  <attribute name="elasticGC enabled" value="1" />
  <attribute name= "numThreadsSpecified" value="16" />
  <attribute name="heapSize specified" value="0" />
  <attribute name="Current GC Util" value="18" />
  <attribute name= "Current Time Running" value="108237" />
  <attribute name ="GC Interval" value="0" />
  <attribute name="Target GC Util Change" value ="80.000000" />
  <attribute name="Current GC Util Change" value="18.000000"/>
  <attribute name="Current Error" value="62.000000" />
  <attribute name="Output H" value="423662584"/>
  <attribute name="Output I" value="2040"/>
  <attribute name="Output T" value="16"/>
  <attribute name= "Current Time Running" value="108237" />
  <attribute name="GC Util currently" value="18" />
  <attribute name="CPU Util currently" value="275922221911" />
<exclusive-end id="4537" timestamp="2019-08-09T08:30:52.058" durationms="23.595" />

<exclusive-start id="4538" timestamp="2019-08-09T08:30:52.362" intervalms="327.731">
  <response-info timems="10.902" idlems="10.902" threads="0" lastid="0000000001338600" lastname="Thread-40" />
</exclusive-start>
<allocation-taxation id="4539" taxation-threshold="106954752" timestamp="2019-08-09T08:30:52.362" intervalms="327.740" />
<cycle-start id="4540" type="partial gc" contextid="0" timestamp="2019-08-09T08:30:52.363" intervalms="327.972" />
<gc-start id="4541" type="partial gc" contextid="4540" timestamp="2019-08-09T08:30:52.363">
  <mem-info id="4542" free="253755392" total="400556032" percent="63">
    <mem type="eden" free="0" total="106954752" percent="0" />
    <remembered-set count="8064" freebytes="16903424" totalbytes="16935680" percent="99" regionsoverflowed="0" regionsstable="10" regionsrebuilding="0"/>
  </mem-info>
</gc-start>
<allocation-stats totalBytes="106842496" >
  <allocated-bytes non-tlh="65560" tlh="106776936" arrayletleaf="0"/>
  <largest-consumer threadName="Thread-46" threadId="0000000001330F00" bytes="10142072" />
</allocation-stats>
<gc-op id="4543" type="copy forward" timems="16.854" contextid="4540" timestamp="2019-08-09T08:30:52.382">
  <memory-copied type="eden" objects="9299" bytes="3733304" bytesdiscarded="659288" />
  <memory-copied type="other" objects="27431" bytes="1042416" bytesdiscarded="47288" />
  <memory-cardclean objects="834" bytes="96760" />
  <regions eden="51" other="5" />
  <remembered-set-cleared processed="1044" cleared="856" durationms="0.100" />
  <finalization candidates="1" enqueued="0" />
  <references type="soft" candidates="25" cleared="0" enqueued="0" dynamicThreshold="28" maxThreshold="32" />
  <references type="weak" candidates="78" cleared="0" enqueued="0" />
  <references type="phantom" candidates="16" cleared="0" enqueued="0" />
  <stringconstants candidates="16394" cleared="0"  />
</gc-op>
<gc-op id="4544" type="classunload" timems="0.012" contextid="4540" timestamp="2019-08-09T08:30:52.382">
  <classunload-info classloadercandidates="69" classloadersunloaded="0" classesunloaded="0" anonymousclassesunloaded="0" quiescems="0.000" setupms="0.012" scanms="0.000" postms="0.000" />
</gc-op>
<heap-resize id="4545" type="contract" space="default" amount="20971520" count="1" timems="0.588" reason="excess free space following gc" timestamp="2019-08-09T08:30:52.383" />
<gc-end id="4546" type="partial gc" contextid="4540" durationms="19.733" usertimems="33.006" systemtimems="23.044" timestamp="2019-08-09T08:30:52.383" activeThreads="16">
  <mem-info id="4547" free="337641472" total="379584512" percent="88">
    <mem type="eden" free="1898600" total="6291456" percent="30" />
    <remembered-set count="7776" freebytes="15982336" totalbytes="16013440" percent="99" regionsoverflowed="0" regionsstable="10" regionsrebuilding="0"/>
  </mem-info>
</gc-end>
<cycle-end id="4548" type="partial gc" contextid="4540" timestamp="2019-08-09T08:30:52.383" />
  <attribute name="elasticGC enabled" value="1" />
  <attribute name= "numThreadsSpecified" value="16" />
  <attribute name="heapSize specified" value="0" />
  <attribute name="Current GC Util" value="45" />
  <attribute name= "Current Time Running" value="108563" />
  <attribute name ="GC Interval" value="0" />
  <attribute name="Target GC Util Change" value ="80.000000" />
  <attribute name="Current GC Util Change" value="45.000000"/>
  <attribute name="Current Error" value="168.000000" />
  <attribute name="Output H" value="400593976"/>
  <attribute name="Output I" value="2104"/>
  <attribute name="Output T" value="16"/>
  <attribute name= "Current Time Running" value="108563" />
  <attribute name="GC Util currently" value="45" />
  <attribute name="CPU Util currently" value="697076561219" />
<exclusive-end id="4549" timestamp="2019-08-09T08:30:52.383" durationms="20.736" />

<exclusive-start id="4550" timestamp="2019-08-09T08:30:52.704" intervalms="342.023">
  <response-info timems="0.244" idlems="0.125" threads="1" lastid="000000000136CD00" lastname="Thread-49" />
</exclusive-start>
<allocation-taxation id="4551" taxation-threshold="100663296" timestamp="2019-08-09T08:30:52.704" intervalms="342.022" />
<cycle-start id="4552" type="partial gc" contextid="0" timestamp="2019-08-09T08:30:52.704" intervalms="341.835" />
<gc-start id="4553" type="partial gc" contextid="4552" timestamp="2019-08-09T08:30:52.705">
  <mem-info id="4554" free="236978176" total="379584512" percent="62">
    <mem type="eden" free="0" total="100663296" percent="0" />
    <remembered-set count="7712" freebytes="15982592" totalbytes="16013440" percent="99" regionsoverflowed="0" regionsstable="10" regionsrebuilding="0"/>
  </mem-info>
</gc-start>
<allocation-stats totalBytes="100364360" >
  <allocated-bytes non-tlh="172088" tlh="100192272" arrayletleaf="0"/>
  <largest-consumer threadName="Thread-44" threadId="0000000001352A00" bytes="9288640" />
</allocation-stats>
<gc-op id="4555" type="copy forward" timems="18.461" contextid="4552" timestamp="2019-08-09T08:30:52.727">
  <memory-copied type="eden" objects="9750" bytes="3877552" bytesdiscarded="638896" />
  <memory-copied type="other" objects="27231" bytes="1037904" bytesdiscarded="124240" />
  <memory-cardclean objects="841" bytes="96968" />
  <regions eden="48" other="5" />
  <remembered-set-cleared processed="983" cleared="793" durationms="0.289" />
  <finalization candidates="1" enqueued="0" />
  <references type="soft" candidates="25" cleared="0" enqueued="0" dynamicThreshold="28" maxThreshold="32" />
  <references type="weak" candidates="78" cleared="0" enqueued="0" />
  <references type="phantom" candidates="15" cleared="0" enqueued="0" />
  <stringconstants candidates="16394" cleared="0"  />
</gc-op>
<gc-op id="4556" type="classunload" timems="0.012" contextid="4552" timestamp="2019-08-09T08:30:52.727">
  <classunload-info classloadercandidates="69" classloadersunloaded="0" classesunloaded="0" anonymousclassesunloaded="0" quiescems="0.000" setupms="0.012" scanms="0.000" postms="0.000" />
</gc-op>
<heap-resize id="4557" type="contract" space="default" amount="20971520" count="1" timems="0.284" reason="excess free space following gc" timestamp="2019-08-09T08:30:52.728" />
<gc-end id="4558" type="partial gc" contextid="4552" durationms="22.729" usertimems="31.703" systemtimems="8.320" timestamp="2019-08-09T08:30:52.728" activeThreads="16">
  <mem-info id="4559" free="314572800" total="358612992" percent="87">
    <mem type="eden" free="1774744" total="6291456" percent="28" />
    <remembered-set count="8864" freebytes="15139584" totalbytes="15175040" percent="99" regionsoverflowed="0" regionsstable="10" regionsrebuilding="0"/>
  </mem-info>
</gc-end>
<cycle-end id="4560" type="partial gc" contextid="4552" timestamp="2019-08-09T08:30:52.728" />
  <attribute name="elasticGC enabled" value="1" />
  <attribute name= "numThreadsSpecified" value="16" />
  <attribute name="heapSize specified" value="0" />
  <attribute name="Current GC Util" value="23" />
  <attribute name= "Current Time Running" value="108906" />
  <attribute name ="GC Interval" value="0" />
  <attribute name="Target GC Util Change" value ="80.000000" />
  <attribute name="Current GC Util Change" value="23.000000"/>
  <attribute name="Current Error" value="295.000000" />
  <attribute name="Output H" value="379622528"/>
  <attribute name="Output I" value="2176"/>
  <attribute name="Output T" value="16"/>
  <attribute name= "Current Time Running" value="108906" />
  <attribute name="GC Util currently" value="23" />
  <attribute name="CPU Util currently" value="347577468130" />
<exclusive-end id="4561" timestamp="2019-08-09T08:30:52.728" durationms="24.165" />

<exclusive-start id="4562" timestamp="2019-08-09T08:30:52.984" intervalms="279.686">
  <response-info timems="0.722" idlems="0.722" threads="0" lastid="000000000131A700" lastname="Thread-37" />
</exclusive-start>
<allocation-taxation id="4563" taxation-threshold="96468992" timestamp="2019-08-09T08:30:52.984" intervalms="279.675" />
<cycle-start id="4564" type="partial gc" contextid="0" timestamp="2019-08-09T08:30:52.984" intervalms="279.673" />
<gc-start id="4565" type="partial gc" contextid="4564" timestamp="2019-08-09T08:30:52.985">
  <mem-info id="4566" free="218103808" total="358612992" percent="60">
    <mem type="eden" free="0" total="96468992" percent="0" />
    <remembered-set count="8736" freebytes="15140096" totalbytes="15175040" percent="99" regionsoverflowed="0" regionsstable="10" regionsrebuilding="0"/>
  </mem-info>
</gc-start>
<allocation-stats totalBytes="96344016" >
  <allocated-bytes non-tlh="32784" tlh="96311232" arrayletleaf="0"/>
  <largest-consumer threadName="Thread-40" threadId="0000000001338600" bytes="9755872" />
</allocation-stats>
<gc-op id="4567" type="copy forward" timems="18.097" contextid="4564" timestamp="2019-08-09T08:30:53.005">
  <memory-copied type="eden" objects="8627" bytes="3431008" bytesdiscarded="671480" />
  <memory-copied type="other" objects="27043" bytes="1031704" bytesdiscarded="68144" />
  <memory-cardclean objects="1454" bytes="146160" />
  <regions eden="46" other="5" />
  <remembered-set-cleared processed="683" cleared="636" durationms="0.126" />
  <finalization candidates="1" enqueued="0" />
  <references type="soft" candidates="25" cleared="0" enqueued="0" dynamicThreshold="28" maxThreshold="32" />
  <references type="weak" candidates="78" cleared="0" enqueued="0" />
  <references type="phantom" candidates="16" cleared="0" enqueued="0" />
  <stringconstants candidates="16394" cleared="0"  />
</gc-op>
<gc-op id="4568" type="classunload" timems="0.020" contextid="4564" timestamp="2019-08-09T08:30:53.005">
  <classunload-info classloadercandidates="69" classloadersunloaded="0" classesunloaded="0" anonymousclassesunloaded="0" quiescems="0.000" setupms="0.019" scanms="0.000" postms="0.000" />
</gc-op>
<heap-resize id="4569" type="contract" space="default" amount="18874368" count="1" timems="1.484" reason="excess free space following gc" timestamp="2019-08-09T08:30:53.007" />
<gc-end id="4570" type="partial gc" contextid="4564" durationms="22.205" usertimems="48.212" systemtimems="25.547" timestamp="2019-08-09T08:30:53.007" activeThreads="16">
  <mem-info id="4571" free="295698432" total="339738624" percent="87">
    <mem type="eden" free="91552" total="4194304" percent="2" />
    <remembered-set count="8576" freebytes="14302336" totalbytes="14336640" percent="99" regionsoverflowed="0" regionsstable="10" regionsrebuilding="0"/>
  </mem-info>
</gc-end>
<cycle-end id="4572" type="partial gc" contextid="4564" timestamp="2019-08-09T08:30:53.007" />
  <attribute name="elasticGC enabled" value="1" />
  <attribute name= "numThreadsSpecified" value="16" />
  <attribute name="heapSize specified" value="0" />
  <attribute name="Current GC Util" value="41" />
  <attribute name= "Current Time Running" value="109185" />
  <attribute name ="GC Interval" value="0" />
  <attribute name="Target GC Util Change" value ="80.000000" />
  <attribute name="Current GC Util Change" value="41.000000"/>
  <attribute name="Current Error" value="39.000000" />
  <attribute name="Output H" value="358650856"/>
  <attribute name="Output I" value="2024"/>
  <attribute name="Output T" value="16"/>
  <attribute name= "Current Time Running" value="109185" />
  <attribute name="GC Util currently" value="41" />
  <attribute name="CPU Util currently" value="673343763989" />
<exclusive-end id="4573" timestamp="2019-08-09T08:30:53.008" durationms="23.733" />

<exclusive-start id="4574" timestamp="2019-08-09T08:30:53.276" intervalms="292.425">
  <response-info timems="5.188" idlems="1.317" threads="3" lastid="000000000131A700" lastname="Thread-37" />
</exclusive-start>
<allocation-taxation id="4575" taxation-threshold="92274688" timestamp="2019-08-09T08:30:53.276" intervalms="292.427" />
<cycle-start id="4576" type="partial gc" contextid="0" timestamp="2019-08-09T08:30:53.276" intervalms="292.398" />
<gc-start id="4577" type="partial gc" contextid="4576" timestamp="2019-08-09T08:30:53.277">
  <mem-info id="4578" free="203423744" total="339738624" percent="59">
    <mem type="eden" free="0" total="92274688" percent="0" />
    <remembered-set count="8128" freebytes="14304128" totalbytes="14336640" percent="99" regionsoverflowed="0" regionsstable="10" regionsrebuilding="0"/>
  </mem-info>
</gc-start>
<allocation-stats totalBytes="92063352" >
  <allocated-bytes non-tlh="65560" tlh="91997792" arrayletleaf="0"/>
  <largest-consumer threadName="Thread-40" threadId="0000000001338600" bytes="8492744" />
</allocation-stats>
<gc-op id="4579" type="copy forward" timems="21.940" contextid="4576" timestamp="2019-08-09T08:30:53.301">
  <memory-copied type="eden" objects="9821" bytes="3930144" bytesdiscarded="693608" />
  <memory-copied type="other" objects="26858" bytes="1026784" bytesdiscarded="125528" />
  <memory-cardclean objects="1356" bytes="133512" />
  <regions eden="44" other="4" />
  <remembered-set-cleared processed="593" cleared="504" durationms="0.283" />
  <finalization candidates="1" enqueued="0" />
  <references type="soft" candidates="25" cleared="0" enqueued="0" dynamicThreshold="27" maxThreshold="32" />
  <references type="weak" candidates="79" cleared="0" enqueued="0" />
  <references type="phantom" candidates="20" cleared="0" enqueued="0" />
  <stringconstants candidates="16394" cleared="0"  />
</gc-op>
<gc-op id="4580" type="classunload" timems="0.012" contextid="4576" timestamp="2019-08-09T08:30:53.301">
  <classunload-info classloadercandidates="69" classloadersunloaded="0" classesunloaded="0" anonymousclassesunloaded="0" quiescems="0.000" setupms="0.012" scanms="0.000" postms="0.000" />
</gc-op>
<heap-resize id="4581" type="contract" space="default" amount="18874368" count="1" timems="0.744" reason="excess free space following gc" timestamp="2019-08-09T08:30:53.302" />
<gc-end id="4582" type="partial gc" contextid="4576" durationms="25.244" usertimems="45.514" systemtimems="38.812" timestamp="2019-08-09T08:30:53.302" activeThreads="16">
  <mem-info id="4583" free="272629760" total="320864256" percent="84">
    <mem type="eden" free="1667416" total="6291456" percent="26" />
    <remembered-set count="9120" freebytes="13545600" totalbytes="13582080" percent="99" regionsoverflowed="0" regionsstable="10" regionsrebuilding="0"/>
  </mem-info>
</gc-end>
<cycle-end id="4584" type="partial gc" contextid="4576" timestamp="2019-08-09T08:30:53.302" />
  <attribute name="elasticGC enabled" value="1" />
  <attribute name= "numThreadsSpecified" value="16" />
  <attribute name="heapSize specified" value="0" />
  <attribute name="Current GC Util" value="43" />
  <attribute name= "Current Time Running" value="109477" />
  <attribute name ="GC Interval" value="0" />
  <attribute name="Target GC Util Change" value ="80.000000" />
  <attribute name="Current GC Util Change" value="43.000000"/>
  <attribute name="Current Error" value="142.000000" />
  <attribute name="Output H" value="339776552"/>
  <attribute name="Output I" value="2088"/>
  <attribute name="Output T" value="16"/>
  <attribute name= "Current Time Running" value="109477" />
  <attribute name="GC Util currently" value="43" />
  <attribute name="CPU Util currently" value="688875552297" />
<exclusive-end id="4585" timestamp="2019-08-09T08:30:53.303" durationms="26.243" />

<exclusive-start id="4586" timestamp="2019-08-09T08:30:53.568" intervalms="291.707">
  <response-info timems="1.655" idlems="1.655" threads="0" lastid="0000000001329700" lastname="Thread-38" />
</exclusive-start>
<allocation-taxation id="4587" taxation-threshold="88080384" timestamp="2019-08-09T08:30:53.568" intervalms="291.725" />
<cycle-start id="4588" type="partial gc" contextid="0" timestamp="2019-08-09T08:30:53.569" intervalms="292.266" />
<gc-start id="4589" type="partial gc" contextid="4588" timestamp="2019-08-09T08:30:53.569">
  <mem-info id="4590" free="184549376" total="320864256" percent="57">
    <mem type="eden" free="0" total="88080384" percent="0" />
    <remembered-set count="8832" freebytes="13546752" totalbytes="13582080" percent="99" regionsoverflowed="0" regionsstable="10" regionsrebuilding="0"/>
  </mem-info>
</gc-start>
<allocation-stats totalBytes="87828104" >
  <allocated-bytes non-tlh="32776" tlh="87795328" arrayletleaf="0"/>
  <largest-consumer threadName="Thread-37" threadId="000000000131A700" bytes="10815728" />
</allocation-stats>
<gc-op id="4591" type="copy forward" timems="18.690" contextid="4588" timestamp="2019-08-09T08:30:53.591">
  <memory-copied type="eden" objects="7072" bytes="3076480" bytesdiscarded="624632" />
  <memory-copied type="other" objects="26699" bytes="1023368" bytesdiscarded="63216" />
  <memory-cardclean objects="862" bytes="98600" />
  <regions eden="42" other="5" />
  <remembered-set-cleared processed="1101" cleared="911" durationms="0.126" />
  <finalization candidates="1" enqueued="0" />
  <references type="soft" candidates="25" cleared="0" enqueued="0" dynamicThreshold="27" maxThreshold="32" />
  <references type="weak" candidates="78" cleared="0" enqueued="0" />
  <references type="phantom" candidates="17" cleared="0" enqueued="0" />
  <stringconstants candidates="16394" cleared="0"  />
</gc-op>
<gc-op id="4592" type="classunload" timems="0.011" contextid="4588" timestamp="2019-08-09T08:30:53.591">
  <classunload-info classloadercandidates="69" classloadersunloaded="0" classesunloaded="0" anonymousclassesunloaded="0" quiescems="0.000" setupms="0.011" scanms="0.000" postms="0.000" />
</gc-op>
<heap-resize id="4593" type="contract" space="default" amount="16777216" count="1" timems="0.666" reason="excess free space following gc" timestamp="2019-08-09T08:30:53.592" />
<gc-end id="4594" type="partial gc" contextid="4588" durationms="22.411" usertimems="70.905" systemtimems="8.046" timestamp="2019-08-09T08:30:53.592" activeThreads="16">
  <mem-info id="4595" free="255852544" total="304087040" percent="84">
    <mem type="eden" free="492920" total="4194304" percent="11" />
    <remembered-set count="7904" freebytes="12795904" totalbytes="12827520" percent="99" regionsoverflowed="0" regionsstable="10" regionsrebuilding="0"/>
  </mem-info>
</gc-end>
<cycle-end id="4596" type="partial gc" contextid="4588" timestamp="2019-08-09T08:30:53.593" />
  <attribute name="elasticGC enabled" value="1" />
  <attribute name= "numThreadsSpecified" value="16" />
  <attribute name="heapSize specified" value="0" />
  <attribute name="Current GC Util" value="29" />
  <attribute name= "Current Time Running" value="109770" />
  <attribute name ="GC Interval" value="0" />
  <attribute name="Target GC Util Change" value ="80.000000" />
  <attribute name="Current GC Util Change" value="29.000000"/>
  <attribute name="Current Error" value="250.000000" />
  <attribute name="Output H" value="320902240"/>
  <attribute name="Output I" value="2144"/>
  <attribute name="Output T" value="16"/>
  <attribute name= "Current Time Running" value="109770" />
  <attribute name="GC Util currently" value="29" />
  <attribute name="CPU Util currently" value="467512522892" />
<exclusive-end id="4597" timestamp="2019-08-09T08:30:53.593" durationms="24.871" />

<exclusive-start id="4598" timestamp="2019-08-09T08:30:53.874" intervalms="306.382">
  <response-info timems="2.609" idlems="2.609" threads="0" lastid="0000000001352A00" lastname="Thread-44" />
</exclusive-start>
<allocation-taxation id="4599" taxation-threshold="83886080" timestamp="2019-08-09T08:30:53.874" intervalms="306.360" />
<cycle-start id="4600" type="partial gc" contextid="0" timestamp="2019-08-09T08:30:53.875" intervalms="305.838" />
<gc-start id="4601" type="partial gc" contextid="4600" timestamp="2019-08-09T08:30:53.875">
  <mem-info id="4602" free="171966464" total="304087040" percent="56">
    <mem type="eden" free="0" total="83886080" percent="0" />
    <remembered-set count="7872" freebytes="12796032" totalbytes="12827520" percent="99" regionsoverflowed="0" regionsstable="10" regionsrebuilding="0"/>
  </mem-info>
</gc-start>
<allocation-stats totalBytes="83657800" >
  <allocated-bytes non-tlh="0" tlh="83657800" arrayletleaf="0"/>
  <largest-consumer threadName="Thread-43" threadId="0000000001325B00" bytes="9511168" />
</allocation-stats>
<gc-op id="4603" type="copy forward" timems="15.263" contextid="4600" timestamp="2019-08-09T08:30:53.929">
  <memory-copied type="eden" objects="7127" bytes="2964232" bytesdiscarded="620224" />
  <memory-copied type="other" objects="26545" bytes="1019552" bytesdiscarded="61624" />
  <memory-cardclean objects="876" bytes="99920" />
  <regions eden="40" other="4" />
  <remembered-set-cleared processed="868" cleared="682" durationms="0.128" />
  <finalization candidates="1" enqueued="0" />
  <references type="soft" candidates="25" cleared="0" enqueued="0" dynamicThreshold="26" maxThreshold="32" />
  <references type="weak" candidates="78" cleared="0" enqueued="0" />
  <references type="phantom" candidates="17" cleared="0" enqueued="0" />
  <stringconstants candidates="16394" cleared="0"  />
</gc-op>
<gc-op id="4604" type="classunload" timems="0.017" contextid="4600" timestamp="2019-08-09T08:30:53.929">
  <classunload-info classloadercandidates="69" classloadersunloaded="0" classesunloaded="0" anonymousclassesunloaded="0" quiescems="0.000" setupms="0.016" scanms="0.000" postms="0.000" />
</gc-op>
<heap-resize id="4605" type="contract" space="default" amount="16777216" count="1" timems="2.049" reason="excess free space following gc" timestamp="2019-08-09T08:30:53.931" />
<gc-end id="4606" type="partial gc" contextid="4600" durationms="56.492" usertimems="137.724" systemtimems="67.047" timestamp="2019-08-09T08:30:53.931" activeThreads="16">
  <mem-info id="4607" free="236978176" total="287309824" percent="82">
    <mem type="eden" free="609576" total="4194304" percent="14" />
    <remembered-set count="8864" freebytes="12121344" totalbytes="12156800" percent="99" regionsoverflowed="0" regionsstable="10" regionsrebuilding="0"/>
  </mem-info>
</gc-end>
<cycle-end id="4608" type="partial gc" contextid="4600" timestamp="2019-08-09T08:30:53.932" />
  <attribute name="elasticGC enabled" value="1" />
  <attribute name= "numThreadsSpecified" value="16" />
  <attribute name="heapSize specified" value="0" />
  <attribute name="Current GC Util" value="4" />
  <attribute name= "Current Time Running" value="110111" />
  <attribute name ="GC Interval" value="0" />
  <attribute name="Target GC Util Change" value ="80.000000" />
  <attribute name="Current GC Util Change" value="4.000000"/>
  <attribute name="Current Error" value="76.000000" />
  <attribute name="Output H" value="304124928"/>
  <attribute name="Output I" value="2048"/>
  <attribute name="Output T" value="16"/>
  <attribute name= "Current Time Running" value="110111" />
  <attribute name="GC Util currently" value="4" />
  <attribute name="CPU Util currently" value="30180214674" />
<exclusive-end id="4609" timestamp="2019-08-09T08:30:53.932" durationms="57.784" />

<exclusive-start id="4610" timestamp="2019-08-09T08:30:54.099" intervalms="224.726">
  <response-info timems="4.199" idlems="4.199" threads="0" lastid="0000000001370900" lastname="Thread-41" />
</exclusive-start>
<allocation-taxation id="4611" taxation-threshold="79691776" timestamp="2019-08-09T08:30:54.099" intervalms="224.711" />
<cycle-start id="4612" type="partial gc" contextid="0" timestamp="2019-08-09T08:30:54.099" intervalms="224.695" />
<gc-start id="4613" type="partial gc" contextid="4612" timestamp="2019-08-09T08:30:54.099">
  <mem-info id="4614" free="157286400" total="287309824" percent="54">
    <mem type="eden" free="0" total="79691776" percent="0" />
    <remembered-set count="8672" freebytes="12122112" totalbytes="12156800" percent="99" regionsoverflowed="0" regionsstable="10" regionsrebuilding="0"/>
  </mem-info>
</gc-start>
<allocation-stats totalBytes="79568488" >
  <allocated-bytes non-tlh="65560" tlh="79502928" arrayletleaf="0"/>
  <largest-consumer threadName="Thread-49" threadId="000000000136CD00" bytes="9573560" />
</allocation-stats>
<gc-op id="4615" type="copy forward" timems="11.773" contextid="4612" timestamp="2019-08-09T08:30:54.113">
  <memory-copied type="eden" objects="8254" bytes="3445808" bytesdiscarded="649568" />
  <memory-copied type="other" objects="26406" bytes="1016160" bytesdiscarded="54688" />
  <memory-cardclean objects="872" bytes="99464" />
  <regions eden="38" other="4" />
  <remembered-set-cleared processed="1016" cleared="826" durationms="0.274" />
  <finalization candidates="1" enqueued="0" />
  <references type="soft" candidates="25" cleared="0" enqueued="0" dynamicThreshold="26" maxThreshold="32" />
  <references type="weak" candidates="78" cleared="0" enqueued="0" />
  <references type="phantom" candidates="20" cleared="0" enqueued="0" />
  <stringconstants candidates="16394" cleared="0"  />
</gc-op>
<gc-op id="4616" type="classunload" timems="0.011" contextid="4612" timestamp="2019-08-09T08:30:54.114">
  <classunload-info classloadercandidates="69" classloadersunloaded="0" classesunloaded="0" anonymousclassesunloaded="0" quiescems="0.000" setupms="0.011" scanms="0.000" postms="0.000" />
</gc-op>
<heap-resize id="4617" type="contract" space="default" amount="14680064" count="1" timems="1.181" reason="excess free space following gc" timestamp="2019-08-09T08:30:54.115" />
<gc-end id="4618" type="partial gc" contextid="4612" durationms="15.408" usertimems="24.144" systemtimems="16.139" timestamp="2019-08-09T08:30:54.115" activeThreads="16">
  <mem-info id="4619" free="220200960" total="272629760" percent="80">
    <mem type="eden" free="98632" total="4194304" percent="2" />
    <remembered-set count="7904" freebytes="11454464" totalbytes="11486080" percent="99" regionsoverflowed="0" regionsstable="10" regionsrebuilding="0"/>
  </mem-info>
</gc-end>
<cycle-end id="4620" type="partial gc" contextid="4612" timestamp="2019-08-09T08:30:54.116" />
  <attribute name="elasticGC enabled" value="1" />
  <attribute name= "numThreadsSpecified" value="16" />
  <attribute name="heapSize specified" value="0" />
  <attribute name="Current GC Util" value="41" />
  <attribute name= "Current Time Running" value="110299" />
  <attribute name ="GC Interval" value="0" />
  <attribute name="Target GC Util Change" value ="80.000000" />
  <attribute name="Current GC Util Change" value="41.000000"/>
  <attribute name="Current Error" value="159.000000" />
  <attribute name="Output H" value="287347760"/>
  <attribute name="Output I" value="2096"/>
  <attribute name="Output T" value="16"/>
  <attribute name= "Current Time Running" value="110299" />
  <attribute name="GC Util currently" value="41" />
  <attribute name="CPU Util currently" value="641251828720" />
<exclusive-end id="4621" timestamp="2019-08-09T08:30:54.116" durationms="16.879" />

<exclusive-start id="4622" timestamp="2019-08-09T08:30:54.243" intervalms="144.356">
  <response-info timems="2.267" idlems="2.267" threads="0" lastid="000000000135DD00" lastname="Thread-47" />
</exclusive-start>
<allocation-taxation id="4623" taxation-threshold="75497472" timestamp="2019-08-09T08:30:54.244" intervalms="144.354" />
<cycle-start id="4624" type="partial gc" contextid="0" timestamp="2019-08-09T08:30:54.244" intervalms="144.375" />
<gc-start id="4625" type="partial gc" contextid="4624" timestamp="2019-08-09T08:30:54.244">
  <mem-info id="4626" free="144703488" total="272629760" percent="53">
    <mem type="eden" free="0" total="75497472" percent="0" />
    <remembered-set count="7840" freebytes="11454720" totalbytes="11486080" percent="99" regionsoverflowed="0" regionsstable="10" regionsrebuilding="0"/>
  </mem-info>
</gc-start>
<allocation-stats totalBytes="75331744" >
  <allocated-bytes non-tlh="49168" tlh="75282576" arrayletleaf="0"/>
  <largest-consumer threadName="Thread-47" threadId="000000000135DD00" bytes="8818920" />
</allocation-stats>
<gc-op id="4627" type="copy forward" timems="9.156" contextid="4624" timestamp="2019-08-09T08:30:54.256">
  <memory-copied type="eden" objects="9365" bytes="3662592" bytesdiscarded="536296" />
  <memory-copied type="other" objects="32" bytes="1544" bytesdiscarded="0" />
  <memory-cardclean objects="3778" bytes="234912" />
  <regions eden="36" other="3" />
  <remembered-set-cleared processed="1121" cleared="627" durationms="0.107" />
  <references type="weak" candidates="1" cleared="0" enqueued="0" />
  <references type="phantom" candidates="2" cleared="0" enqueued="0" />
  <stringconstants candidates="16394" cleared="0"  />
</gc-op>
<gc-op id="4628" type="classunload" timems="0.016" contextid="4624" timestamp="2019-08-09T08:30:54.256">
  <classunload-info classloadercandidates="69" classloadersunloaded="0" classesunloaded="0" anonymousclassesunloaded="0" quiescems="0.000" setupms="0.015" scanms="0.000" postms="0.000" />
</gc-op>
<heap-resize id="4629" type="contract" space="default" amount="14680064" count="1" timems="0.648" reason="excess free space following gc" timestamp="2019-08-09T08:30:54.257" />
<gc-end id="4630" type="partial gc" contextid="4624" durationms="13.253" usertimems="32.666" systemtimems="6.309" timestamp="2019-08-09T08:30:54.257" activeThreads="16">
  <mem-info id="4631" free="201326592" total="257949696" percent="78">
    <mem type="eden" free="2092312" total="6291456" percent="33" />
    <remembered-set count="9152" freebytes="10862592" totalbytes="10899200" percent="99" regionsoverflowed="0" regionsstable="10" regionsrebuilding="0"/>
  </mem-info>
</gc-end>
<cycle-end id="4632" type="partial gc" contextid="4624" timestamp="2019-08-09T08:30:54.258" />
  <attribute name="elasticGC enabled" value="1" />
  <attribute name= "numThreadsSpecified" value="16" />
  <attribute name="heapSize specified" value="0" />
  <attribute name="Current GC Util" value="57" />
  <attribute name= "Current Time Running" value="110445" />
  <attribute name ="GC Interval" value="0" />
  <attribute name="Target GC Util Change" value ="80.000000" />
  <attribute name="Current GC Util Change" value="57.000000"/>
  <attribute name="Current Error" value="242.000000" />
  <attribute name="Output H" value="272667744"/>
  <attribute name="Output I" value="2144"/>
  <attribute name="Output T" value="16"/>
  <attribute name= "Current Time Running" value="110445" />
  <attribute name="GC Util currently" value="57" />
  <attribute name="CPU Util currently" value="461941300038" />
<exclusive-end id="4633" timestamp="2019-08-09T08:30:54.258" durationms="14.664" />

<exclusive-start id="4634" timestamp="2019-08-09T08:30:54.356" intervalms="112.784">
  <response-info timems="0.549" idlems="0.549" threads="0" lastid="0000000001330F00" lastname="Thread-46" />
</exclusive-start>
<allocation-taxation id="4635" taxation-threshold="71303168" timestamp="2019-08-09T08:30:54.356" intervalms="112.797" />
<cycle-start id="4636" type="partial gc" contextid="0" timestamp="2019-08-09T08:30:54.356" intervalms="112.817" />
<gc-start id="4637" type="partial gc" contextid="4636" timestamp="2019-08-09T08:30:54.357">
  <mem-info id="4638" free="130023424" total="257949696" percent="50">
    <mem type="eden" free="0" total="71303168" percent="0" />
    <remembered-set count="8864" freebytes="10863744" totalbytes="10899200" percent="99" regionsoverflowed="0" regionsstable="10" regionsrebuilding="0"/>
  </mem-info>
</gc-start>
<allocation-stats totalBytes="71221752" >
  <allocated-bytes non-tlh="57368" tlh="71164384" arrayletleaf="0"/>
  <largest-consumer threadName="Thread-51" threadId="000000000134EE00" bytes="9222312" />
</allocation-stats>
<gc-op id="4639" type="copy forward" timems="9.645" contextid="4636" timestamp="2019-08-09T08:30:54.369">
  <memory-copied type="eden" objects="8646" bytes="3536192" bytesdiscarded="908272" />
  <memory-copied type="other" objects="26135" bytes="1009888" bytesdiscarded="60184" />
  <memory-cardclean objects="905" bytes="101536" />
  <regions eden="34" other="5" />
  <remembered-set-cleared processed="1082" cleared="894" durationms="0.189" />
  <finalization candidates="1" enqueued="0" />
  <references type="soft" candidates="25" cleared="0" enqueued="0" dynamicThreshold="24" maxThreshold="32" />
  <references type="weak" candidates="78" cleared="0" enqueued="0" />
  <references type="phantom" candidates="17" cleared="0" enqueued="0" />
  <stringconstants candidates="16394" cleared="0"  />
</gc-op>
<gc-op id="4640" type="classunload" timems="0.014" contextid="4636" timestamp="2019-08-09T08:30:54.369">
  <classunload-info classloadercandidates="69" classloadersunloaded="0" classesunloaded="0" anonymousclassesunloaded="0" quiescems="0.000" setupms="0.013" scanms="0.000" postms="0.000" />
</gc-op>
<heap-resize id="4641" type="contract" space="default" amount="14680064" count="1" timems="0.557" reason="excess free space following gc" timestamp="2019-08-09T08:30:54.370" />
<gc-end id="4642" type="partial gc" contextid="4636" durationms="12.608" usertimems="21.051" systemtimems="10.117" timestamp="2019-08-09T08:30:54.370" activeThreads="16">
  <mem-info id="4643" free="184549376" total="243269632" percent="75">
    <mem type="eden" free="1846720" total="6291456" percent="29" />
    <remembered-set count="9376" freebytes="10274816" totalbytes="10312320" percent="99" regionsoverflowed="0" regionsstable="10" regionsrebuilding="0"/>
  </mem-info>
</gc-end>
<cycle-end id="4644" type="partial gc" contextid="4636" timestamp="2019-08-09T08:30:54.370" />
  <attribute name="elasticGC enabled" value="1" />
  <attribute name= "numThreadsSpecified" value="16" />
  <attribute name="heapSize specified" value="0" />
  <attribute name="Current GC Util" value="73" />
  <attribute name= "Current Time Running" value="110557" />
  <attribute name ="GC Interval" value="0" />
  <attribute name="Target GC Util Change" value ="80.000000" />
  <attribute name="Current GC Util Change" value="73.000000"/>
  <attribute name="Current Error" value="7.000000" />
  <attribute name="Output H" value="257987544"/>
  <attribute name="Output I" value="2008"/>
  <attribute name="Output T" value="16"/>
  <attribute name= "Current Time Running" value="110557" />
  <attribute name="GC Util currently" value="73" />
  <attribute name="CPU Util currently" value="664505337058" />
<exclusive-end id="4645" timestamp="2019-08-09T08:30:54.370" durationms="14.078" />

<exclusive-start id="4646" timestamp="2019-08-09T08:30:54.425" intervalms="69.080">
  <response-info timems="0.373" idlems="0.373" threads="0" lastid="0000000001352A00" lastname="Thread-44" />
</exclusive-start>
<allocation-taxation id="4647" taxation-threshold="67108864" timestamp="2019-08-09T08:30:54.425" intervalms="69.066" />
<cycle-start id="4648" type="partial gc" contextid="0" timestamp="2019-08-09T08:30:54.425" intervalms="69.035" />
<gc-start id="4649" type="partial gc" contextid="4648" timestamp="2019-08-09T08:30:54.426">
  <mem-info id="4650" free="117440512" total="243269632" percent="48">
    <mem type="eden" free="0" total="67108864" percent="0" />
    <remembered-set count="9184" freebytes="10275584" totalbytes="10312320" percent="99" regionsoverflowed="0" regionsstable="10" regionsrebuilding="0"/>
  </mem-info>
</gc-start>
<allocation-stats totalBytes="66940056" >
  <allocated-bytes non-tlh="98336" tlh="66841720" arrayletleaf="0"/>
  <largest-consumer threadName="Thread-48" threadId="0000000001347600" bytes="7084432" />
</allocation-stats>
<gc-op id="4651" type="copy forward" timems="13.010" contextid="4648" timestamp="2019-08-09T08:30:54.440">
  <memory-copied type="eden" objects="9046" bytes="3674576" bytesdiscarded="491896" />
  <memory-copied type="other" objects="47" bytes="3272" bytesdiscarded="2392" />
  <memory-cardclean objects="3211" bytes="152472" />
  <regions eden="32" other="4" />
  <remembered-set-cleared processed="1426" cleared="859" durationms="0.098" />
  <references type="weak" candidates="1" cleared="0" enqueued="0" />
  <references type="phantom" candidates="6" cleared="0" enqueued="0" />
  <stringconstants candidates="16394" cleared="0"  />
</gc-op>
<gc-op id="4652" type="classunload" timems="0.017" contextid="4648" timestamp="2019-08-09T08:30:54.440">
  <classunload-info classloadercandidates="69" classloadersunloaded="0" classesunloaded="0" anonymousclassesunloaded="0" quiescems="0.000" setupms="0.016" scanms="0.000" postms="0.000" />
</gc-op>
<heap-resize id="4653" type="contract" space="default" amount="12582912" count="1" timems="0.583" reason="excess free space following gc" timestamp="2019-08-09T08:30:54.441" />
<gc-end id="4654" type="partial gc" contextid="4648" durationms="15.515" usertimems="34.442" systemtimems="10.156" timestamp="2019-08-09T08:30:54.441" activeThreads="16">
  <mem-info id="4655" free="169869312" total="230686720" percent="73">
    <mem type="eden" free="2124688" total="6291456" percent="33" />
    <remembered-set count="10624" freebytes="9682944" totalbytes="9725440" percent="99" regionsoverflowed="0" regionsstable="10" regionsrebuilding="0"/>
  </mem-info>
</gc-end>
<cycle-end id="4656" type="partial gc" contextid="4648" timestamp="2019-08-09T08:30:54.442" />
  <attribute name="elasticGC enabled" value="1" />
  <attribute name= "numThreadsSpecified" value="16" />
  <attribute name="heapSize specified" value="0" />
  <attribute name="Current GC Util" value="54" />
  <attribute name= "Current Time Running" value="110625" />
  <attribute name ="GC Interval" value="0" />
  <attribute name="Target GC Util Change" value ="80.000000" />
  <attribute name="Current GC Util Change" value="54.000000"/>
  <attribute name="Current Error" value="69.000000" />
  <attribute name="Output H" value="243307512"/>
  <attribute name="Output I" value="2040"/>
  <attribute name="Output T" value="16"/>
  <attribute name= "Current Time Running" value="110625" />
  <attribute name="GC Util currently" value="54" />
  <attribute name="CPU Util currently" value="1006234550742" />
<exclusive-end id="4657" timestamp="2019-08-09T08:30:54.442" durationms="16.674" />

<exclusive-start id="4658" timestamp="2019-08-09T08:30:54.482" intervalms="56.632">
  <response-info timems="1.320" idlems="1.320" threads="0" lastid="000000000131A700" lastname="Thread-37" />
</exclusive-start>
<allocation-taxation id="4659" taxation-threshold="65011712" timestamp="2019-08-09T08:30:54.482" intervalms="56.639" />
<cycle-start id="4660" type="partial gc" contextid="0" timestamp="2019-08-09T08:30:54.482" intervalms="56.639" />
<gc-start id="4661" type="partial gc" contextid="4660" timestamp="2019-08-09T08:30:54.482">
  <mem-info id="4662" free="104857600" total="230686720" percent="45">
    <mem type="eden" free="0" total="65011712" percent="0" />
    <remembered-set count="10208" freebytes="9684608" totalbytes="9725440" percent="99" regionsoverflowed="0" regionsstable="10" regionsrebuilding="0"/>
  </mem-info>
</gc-start>
<allocation-stats totalBytes="64812312" >
  <allocated-bytes non-tlh="57368" tlh="64754944" arrayletleaf="0"/>
  <largest-consumer threadName="Thread-48" threadId="0000000001347600" bytes="7490552" />
</allocation-stats>
<gc-op id="4663" type="copy forward" timems="9.044" contextid="4660" timestamp="2019-08-09T08:30:54.493">
  <memory-copied type="eden" objects="9387" bytes="3843232" bytesdiscarded="646640" />
  <memory-copied type="other" objects="25882" bytes="1004048" bytesdiscarded="74552" />
  <memory-cardclean objects="888" bytes="100768" />
  <regions eden="31" other="5" />
  <remembered-set-cleared processed="1038" cleared="845" durationms="0.093" />
  <finalization candidates="1" enqueued="0" />
  <references type="soft" candidates="25" cleared="0" enqueued="0" dynamicThreshold="23" maxThreshold="32" />
  <references type="weak" candidates="78" cleared="0" enqueued="0" />
  <references type="phantom" candidates="19" cleared="0" enqueued="0" />
  <stringconstants candidates="16394" cleared="0"  />
</gc-op>
<gc-op id="4664" type="classunload" timems="0.011" contextid="4660" timestamp="2019-08-09T08:30:54.493">
  <classunload-info classloadercandidates="69" classloadersunloaded="0" classesunloaded="0" anonymousclassesunloaded="0" quiescems="0.000" setupms="0.011" scanms="0.000" postms="0.000" />
</gc-op>
<heap-resize id="4665" type="contract" space="default" amount="12582912" count="1" timems="0.489" reason="excess free space following gc" timestamp="2019-08-09T08:30:54.494" />
<gc-end id="4666" type="partial gc" contextid="4660" durationms="11.498" usertimems="18.571" systemtimems="9.749" timestamp="2019-08-09T08:30:54.494" activeThreads="16">
  <mem-info id="4667" free="155189248" total="218103808" percent="71">
    <mem type="eden" free="1801288" total="6291456" percent="28" />
    <remembered-set count="9408" freebytes="9184768" totalbytes="9222400" percent="99" regionsoverflowed="0" regionsstable="10" regionsrebuilding="0"/>
  </mem-info>
</gc-end>
<cycle-end id="4668" type="partial gc" contextid="4660" timestamp="2019-08-09T08:30:54.494" />
  <attribute name="elasticGC enabled" value="1" />
  <attribute name= "numThreadsSpecified" value="16" />
  <attribute name="heapSize specified" value="0" />
  <attribute name="Current GC Util" value="63" />
  <attribute name= "Current Time Running" value="110682" />
  <attribute name ="GC Interval" value="0" />
  <attribute name="Target GC Util Change" value ="80.000000" />
  <attribute name="Current GC Util Change" value="63.000000"/>
  <attribute name="Current Error" value="112.000000" />
  <attribute name="Output H" value="230724624"/>
  <attribute name="Output I" value="2064"/>
  <attribute name="Output T" value="16"/>
  <attribute name= "Current Time Running" value="110682" />
  <attribute name="GC Util currently" value="63" />
  <attribute name="CPU Util currently" value="888129916831" />
<exclusive-end id="4669" timestamp="2019-08-09T08:30:54.494" durationms="12.350" />

<exclusive-start id="4670" timestamp="2019-08-09T08:30:54.518" intervalms="36.066">
  <response-info timems="0.332" idlems="0.123" threads="3" lastid="0000000001325B00" lastname="Thread-43" />
</exclusive-start>
<allocation-taxation id="4671" taxation-threshold="29360128" timestamp="2019-08-09T08:30:54.518" intervalms="36.068" />
<cycle-start id="4672" type="global mark phase" contextid="0" timestamp="2019-08-09T08:30:54.518" intervalms="11942.182" />
<gc-start id="4673" type="global mark phase" contextid="4672" timestamp="2019-08-09T08:30:54.518">
  <mem-info id="4674" free="125829120" total="218103808" percent="57">
    <remembered-set count="9376" freebytes="9184896" totalbytes="9222400" percent="99" regionsoverflowed="0" regionsstable="10" regionsrebuilding="0"/>
  </mem-info>
</gc-start>
<gc-op id="4675" type="mark increment" timems="4.891" contextid="4672" timestamp="2019-08-09T08:30:54.523">
  <trace-info objectcount="27038" scancount="10254" scanbytes="965220" />
</gc-op>
<gc-end id="4676" type="global mark phase" contextid="4672" durationms="5.046" usertimems="8.142" systemtimems="4.056" timestamp="2019-08-09T08:30:54.523" activeThreads="16">
  <mem-info id="4677" free="125829120" total="218103808" percent="57">
    <remembered-set count="13472" freebytes="9168512" totalbytes="9222400" percent="99" regionsoverflowed="0" regionsstable="0" regionsrebuilding="10"/>
  </mem-info>
</gc-end>
<concurrent-start id="4678" type="GMP work packet processing" contextid="4672" timestamp="2019-08-09T08:30:54.523">
  <concurrent-mark-start scanTarget="12680706" />
</concurrent-start>
<exclusive-end id="4679" timestamp="2019-08-09T08:30:54.523" durationms="5.462" />

<concurrent-end id="4680" type="GMP work packet processing" contextid="4672" timestamp="2019-08-09T08:30:54.533">
  <concurrent-mark-end bytesScanned="12927104" reasonForTermination="Work target met" />
</concurrent-end>

<exclusive-start id="4681" timestamp="2019-08-09T08:30:54.561" intervalms="42.834">
  <response-info timems="0.055" idlems="0.055" threads="0" lastid="000000000135A200" lastname="Thread-50" />
</exclusive-start>
<allocation-taxation id="4682" taxation-threshold="29360128" timestamp="2019-08-09T08:30:54.561" intervalms="42.831" />
<cycle-start id="4683" type="partial gc" contextid="0" timestamp="2019-08-09T08:30:54.561" intervalms="78.908" />
<gc-start id="4684" type="partial gc" contextid="4683" timestamp="2019-08-09T08:30:54.561">
  <mem-info id="4685" free="96468992" total="218103808" percent="44">
    <mem type="eden" free="0" total="58720256" percent="0" />
    <remembered-set count="115104" freebytes="8761984" totalbytes="9222400" percent="95" regionsoverflowed="0" regionsstable="0" regionsrebuilding="10"/>
  </mem-info>
</gc-start>
<allocation-stats totalBytes="58416672" >
  <allocated-bytes non-tlh="40976" tlh="58375696" arrayletleaf="0"/>
  <largest-consumer threadName="Thread-50" threadId="000000000135A200" bytes="4167624" />
</allocation-stats>
<gc-op id="4686" type="copy forward" timems="12.640" contextid="4683" timestamp="2019-08-09T08:30:54.575">
  <memory-copied type="eden" objects="8622" bytes="3467512" bytesdiscarded="404080" />
  <memory-copied type="other" objects="28" bytes="1384" bytesdiscarded="0" />
  <memory-cardclean objects="139608" bytes="4653544" />
  <regions eden="28" other="3" />
  <remembered-set-cleared processed="64302" cleared="17450" durationms="0.460" />
  <references type="weak" candidates="1" cleared="0" enqueued="0" />
  <references type="phantom" candidates="3" cleared="0" enqueued="0" />
  <stringconstants candidates="16394" cleared="0"  />
</gc-op>
<gc-op id="4687" type="classunload" timems="0.014" contextid="4683" timestamp="2019-08-09T08:30:54.575">
  <classunload-info classloadercandidates="69" classloadersunloaded="0" classesunloaded="0" anonymousclassesunloaded="0" quiescems="0.000" setupms="0.013" scanms="0.000" postms="0.000" />
</gc-op>
<heap-resize id="4688" type="contract" space="default" amount="12582912" count="1" timems="0.576" reason="excess free space following gc" timestamp="2019-08-09T08:30:54.576" />
<gc-end id="4689" type="partial gc" contextid="4683" durationms="14.961" usertimems="24.087" systemtimems="14.725" timestamp="2019-08-09T08:30:54.576" activeThreads="16">
  <mem-info id="4690" free="140509184" total="205520896" percent="68">
    <mem type="eden" free="2419584" total="6291456" percent="38" />
    <remembered-set count="79264" freebytes="8402304" totalbytes="8719360" percent="96" regionsoverflowed="0" regionsstable="0" regionsrebuilding="10"/>
  </mem-info>
</gc-end>
<cycle-end id="4691" type="partial gc" contextid="4683" timestamp="2019-08-09T08:30:54.576" />
  <attribute name="elasticGC enabled" value="1" />
  <attribute name= "numThreadsSpecified" value="16" />
  <attribute name="heapSize specified" value="0" />
  <attribute name="Current GC Util" value="99" />
  <attribute name= "Current Time Running" value="110760" />
  <attribute name ="GC Interval" value="0" />
  <attribute name="Target GC Util Change" value ="80.000000" />
  <attribute name="Current GC Util Change" value="99.000000"/>
  <attribute name="Current Error" value="-453.000000" />
  <attribute name="Output H" value="218141392"/>
  <attribute name="Output I" value="1744"/>
  <attribute name="Output T" value="16"/>
  <attribute name= "Current Time Running" value="110760" />
  <attribute name="GC Util currently" value="99" />
  <attribute name="CPU Util currently" value="1037715295869" />
<exclusive-end id="4692" timestamp="2019-08-09T08:30:54.577" durationms="15.936" />

<exclusive-start id="4693" timestamp="2019-08-09T08:30:54.605" intervalms="44.301">
  <response-info timems="6.354" idlems="1.217" threads="7" lastid="000000000134EE00" lastname="Thread-51" />
</exclusive-start>
<allocation-taxation id="4694" taxation-threshold="29360128" timestamp="2019-08-09T08:30:54.605" intervalms="44.303" />
<gc-start id="4695" type="global mark phase" contextid="4672" timestamp="2019-08-09T08:30:54.605">
  <mem-info id="4696" free="111149056" total="205520896" percent="54">
    <remembered-set count="79072" freebytes="8403072" totalbytes="8719360" percent="96" regionsoverflowed="0" regionsstable="0" regionsrebuilding="10"/>
  </mem-info>
</gc-start>
<gc-end id="4697" type="global mark phase" contextid="4672" durationms="0.026" usertimems="0.010" systemtimems="0.006" timestamp="2019-08-09T08:30:54.605" activeThreads="16">
  <mem-info id="4698" free="111149056" total="205520896" percent="54">
    <remembered-set count="79072" freebytes="8403072" totalbytes="8719360" percent="96" regionsoverflowed="0" regionsstable="0" regionsrebuilding="10"/>
  </mem-info>
</gc-end>
<concurrent-start id="4699" type="GMP work packet processing" contextid="4672" timestamp="2019-08-09T08:30:54.605">
  <concurrent-mark-start scanTarget="12680706" />
</concurrent-start>
<exclusive-end id="4700" timestamp="2019-08-09T08:30:54.606" durationms="0.444" />

<exclusive-start id="4701" timestamp="2019-08-09T08:30:54.671" intervalms="65.812">
  <response-info timems="18.157" idlems="18.157" threads="0" lastid="0000000001330F00" lastname="Thread-46" />
</exclusive-start>
<allocation-taxation id="4702" taxation-threshold="29360128" timestamp="2019-08-09T08:30:54.671" intervalms="65.827" />
<concurrent-end id="4703" type="GMP work packet processing" contextid="4672" timestamp="2019-08-09T08:30:54.672">
  <concurrent-mark-end bytesScanned="2993740" reasonForTermination="Termination requested" />
</concurrent-end>

<cycle-start id="4704" type="partial gc" contextid="0" timestamp="2019-08-09T08:30:54.672" intervalms="111.012" />
<gc-start id="4705" type="partial gc" contextid="4704" timestamp="2019-08-09T08:30:54.672">
  <mem-info id="4706" free="81788928" total="205520896" percent="39">
    <mem type="eden" free="0" total="58720256" percent="0" />
    <remembered-set count="103392" freebytes="8305792" totalbytes="8719360" percent="95" regionsoverflowed="0" regionsstable="0" regionsrebuilding="10"/>
  </mem-info>
</gc-start>
<allocation-stats totalBytes="58304896" >
  <allocated-bytes non-tlh="155696" tlh="58149200" arrayletleaf="0"/>
  <largest-consumer threadName="Thread-38" threadId="0000000001329700" bytes="4081848" />
</allocation-stats>
<gc-op id="4707" type="copy forward" timems="14.142" contextid="4704" timestamp="2019-08-09T08:30:54.688">
  <memory-copied type="eden" objects="10049" bytes="4011272" bytesdiscarded="826352" />
  <memory-copied type="other" objects="25652" bytes="997416" bytesdiscarded="84656" />
  <memory-cardclean objects="909" bytes="102192" />
  <regions eden="28" other="4" />
  <remembered-set-cleared processed="93881" cleared="2200" durationms="0.327" />
  <finalization candidates="1" enqueued="0" />
  <references type="soft" candidates="25" cleared="0" enqueued="0" dynamicThreshold="17" maxThreshold="32" />
  <references type="weak" candidates="78" cleared="0" enqueued="0" />
  <references type="phantom" candidates="18" cleared="0" enqueued="0" />
  <stringconstants candidates="16394" cleared="0"  />
</gc-op>
<gc-op id="4708" type="classunload" timems="0.015" contextid="4704" timestamp="2019-08-09T08:30:54.688">
  <classunload-info classloadercandidates="69" classloadersunloaded="0" classesunloaded="0" anonymousclassesunloaded="0" quiescems="0.000" setupms="0.015" scanms="0.000" postms="0.000" />
</gc-op>
<heap-resize id="4709" type="contract" space="default" amount="10485760" count="1" timems="0.402" reason="excess free space following gc" timestamp="2019-08-09T08:30:54.689" />
<gc-end id="4710" type="partial gc" contextid="4704" durationms="16.489" usertimems="17.966" systemtimems="20.982" timestamp="2019-08-09T08:30:54.689" activeThreads="16">
  <mem-info id="4711" free="127926272" total="195035136" percent="65">
    <mem type="eden" free="1453552" total="6291456" percent="23" />
    <remembered-set count="105600" freebytes="7793920" totalbytes="8216320" percent="94" regionsoverflowed="0" regionsstable="0" regionsrebuilding="10"/>
  </mem-info>
</gc-end>
<cycle-end id="4712" type="partial gc" contextid="4704" timestamp="2019-08-09T08:30:54.689" />
  <attribute name="elasticGC enabled" value="1" />
  <attribute name= "numThreadsSpecified" value="16" />
  <attribute name="heapSize specified" value="0" />
  <attribute name="Current GC Util" value="65" />
  <attribute name= "Current Time Running" value="110872" />
  <attribute name ="GC Interval" value="0" />
  <attribute name="Target GC Util Change" value ="80.000000" />
  <attribute name="Current GC Util Change" value="65.000000"/>
  <attribute name="Current Error" value="74.000000" />
  <attribute name="Output H" value="205558784"/>
  <attribute name="Output I" value="2048"/>
  <attribute name="Output T" value="16"/>
  <attribute name= "Current Time Running" value="110872" />
  <attribute name="GC Util currently" value="65" />
  <attribute name="CPU Util currently" value="879389838785" />
<exclusive-end id="4713" timestamp="2019-08-09T08:30:54.689" durationms="18.055" />

<exclusive-start id="4714" timestamp="2019-08-09T08:30:54.716" intervalms="45.109">
  <response-info timems="1.192" idlems="1.192" threads="0" lastid="0000000001361900" lastname="Thread-52" />
</exclusive-start>
<allocation-taxation id="4715" taxation-threshold="27262976" timestamp="2019-08-09T08:30:54.716" intervalms="45.099" />
<gc-start id="4716" type="global mark phase" contextid="4672" timestamp="2019-08-09T08:30:54.716">
  <mem-info id="4717" free="100663296" total="195035136" percent="51">
    <remembered-set count="105568" freebytes="7794048" totalbytes="8216320" percent="94" regionsoverflowed="0" regionsstable="0" regionsrebuilding="10"/>
  </mem-info>
</gc-start>
<gc-op id="4718" type="mark increment" timems="12.394" contextid="4672" timestamp="2019-08-09T08:30:54.729">
  <trace-info objectcount="8068" scancount="6626" scanbytes="1876824" />
  <cardclean-info objects="214877" bytes="5788228" />
  <finalization candidates="154" enqueued="0" />
  <ownableSynchronizers candidates="23" cleared="0" />
  <references type="soft" candidates="3713" cleared="0" enqueued="0" dynamicThreshold="20" maxThreshold="32" />
  <references type="weak" candidates="6354" cleared="20" enqueued="19" />
  <references type="phantom" candidates="895" cleared="0" enqueued="0" />
  <stringconstants candidates="16394" cleared="0"  />
</gc-op>
<gc-op id="4719" type="classunload" timems="0.011" contextid="4672" timestamp="2019-08-09T08:30:54.729">
  <classunload-info classloadercandidates="69" classloadersunloaded="0" classesunloaded="0" anonymousclassesunloaded="0" quiescems="0.000" setupms="0.011" scanms="0.000" postms="0.000" />
</gc-op>
<gc-end id="4720" type="global mark phase" contextid="4672" durationms="12.628" usertimems="47.656" systemtimems="4.234" timestamp="2019-08-09T08:30:54.729" activeThreads="16">
  <mem-info id="4721" free="100663296" total="195035136" percent="51">
    <pending-finalizers system="0" default="0" reference="19" classloader="0" />
    <remembered-set count="128608" freebytes="7701888" totalbytes="8216320" percent="93" regionsoverflowed="0" regionsstable="0" regionsrebuilding="0"/>
  </mem-info>
</gc-end>
<cycle-end id="4722" type="global mark phase" contextid="4672" timestamp="2019-08-09T08:30:54.729" />
  <attribute name="elasticGC enabled" value="1" />
  <attribute name= "numThreadsSpecified" value="16" />
  <attribute name="heapSize specified" value="0" />
  <attribute name="Current GC Util" value="251" />
  <attribute name= "Current Time Running" value="110922" />
  <attribute name ="GC Interval" value="0" />
  <attribute name="Target GC Util Change" value ="80.000000" />
  <attribute name="Current GC Util Change" value="251.000000"/>
  <attribute name="Current Error" value="-429.000000" />
  <attribute name="Output H" value="195072736"/>
  <attribute name="Output I" value="1760"/>
  <attribute name="Output T" value="16"/>
  <attribute name= "Current Time Running" value="110922" />
  <attribute name="GC Util currently" value="251" />
  <attribute name="CPU Util currently" value="931830617970" />
<exclusive-end id="4723" timestamp="2019-08-09T08:30:54.729" durationms="13.042" />

<exclusive-start id="4724" timestamp="2019-08-09T08:30:54.756" intervalms="40.292">
  <response-info timems="0.940" idlems="0.940" threads="0" lastid="000000000134EE00" lastname="Thread-51" />
</exclusive-start>
<allocation-taxation id="4725" taxation-threshold="27262976" timestamp="2019-08-09T08:30:54.756" intervalms="40.321" />
<cycle-start id="4726" type="partial gc" contextid="0" timestamp="2019-08-09T08:30:54.757" intervalms="84.528" />
<gc-start id="4727" type="partial gc" contextid="4726" timestamp="2019-08-09T08:30:54.757">
  <mem-info id="4728" free="73400320" total="195035136" percent="37">
    <mem type="eden" free="0" total="54525952" percent="0" />
    <remembered-set count="9152" freebytes="8179712" totalbytes="8216320" percent="99" regionsoverflowed="0" regionsstable="10" regionsrebuilding="0"/>
  </mem-info>
</gc-start>
<allocation-stats totalBytes="54194408" >
  <allocated-bytes non-tlh="65560" tlh="54128848" arrayletleaf="0"/>
  <largest-consumer threadName="Thread-52" threadId="0000000001361900" bytes="2882472" />
</allocation-stats>
<gc-op id="4729" type="sweep" timems="1.704" contextid="4726" timestamp="2019-08-09T08:30:54.761" />
<gc-op id="4730" type="copy forward" timems="11.213" contextid="4726" timestamp="2019-08-09T08:30:54.774">
  <memory-copied type="eden" objects="9371" bytes="3766064" bytesdiscarded="675490" />
  <memory-copied type="other" objects="36" bytes="1312" bytesdiscarded="702" />
  <memory-cardclean objects="3015" bytes="174872" />
  <regions eden="13" other="18" />
  <remembered-set-cleared processed="1728" cleared="1081" durationms="0.109" />
  <references type="phantom" candidates="4" cleared="0" enqueued="0" />
  <stringconstants candidates="16394" cleared="0"  />
</gc-op>
<gc-op id="4731" type="classunload" timems="0.011" contextid="4726" timestamp="2019-08-09T08:30:54.774">
  <classunload-info classloadercandidates="69" classloadersunloaded="0" classesunloaded="0" anonymousclassesunloaded="0" quiescems="0.000" setupms="0.011" scanms="0.000" postms="0.000" />
</gc-op>
<heap-resize id="4732" type="contract" space="default" amount="10485760" count="1" timems="0.348" reason="excess free space following gc" timestamp="2019-08-09T08:30:54.775" />
<gc-end id="4733" type="partial gc" contextid="4726" durationms="17.647" usertimems="29.176" systemtimems="15.007" timestamp="2019-08-09T08:30:54.775" activeThreads="16">
  <mem-info id="4734" free="115343360" total="184549376" percent="62">
    <mem type="eden" free="1848560" total="6291456" percent="29" />
    <remembered-set count="9664" freebytes="7758464" totalbytes="7797120" percent="99" regionsoverflowed="0" regionsstable="10" regionsrebuilding="0"/>
  </mem-info>
</gc-end>
<cycle-end id="4735" type="partial gc" contextid="4726" timestamp="2019-08-09T08:30:54.775" />
  <attribute name="elasticGC enabled" value="1" />
  <attribute name= "numThreadsSpecified" value="16" />
  <attribute name="heapSize specified" value="0" />
  <attribute name="Current GC Util" value="58" />
  <attribute name= "Current Time Running" value="110961" />
  <attribute name ="GC Interval" value="0" />
  <attribute name="Target GC Util Change" value ="80.000000" />
  <attribute name="Current GC Util Change" value="58.000000"/>
  <attribute name="Current Error" value="-30.000000" />
  <attribute name="Output H" value="195072960"/>
  <attribute name="Output I" value="1984"/>
  <attribute name="Output T" value="16"/>
  <attribute name= "Current Time Running" value="110961" />
  <attribute name="GC Util currently" value="58" />
  <attribute name="CPU Util currently" value="955873767500" />
<exclusive-end id="4736" timestamp="2019-08-09T08:30:54.775" durationms="18.588" />

<exclusive-start id="4737" timestamp="2019-08-09T08:30:54.796" intervalms="39.807">
  <response-info timems="0.638" idlems="0.638" threads="0" lastid="000000000133FE00" lastname="Thread-42" />
</exclusive-start>
<allocation-taxation id="4738" taxation-threshold="25165824" timestamp="2019-08-09T08:30:54.796" intervalms="39.766" />
<cycle-start id="4739" type="global mark phase" contextid="0" timestamp="2019-08-09T08:30:54.796" intervalms="278.138" />
<gc-start id="4740" type="global mark phase" contextid="4739" timestamp="2019-08-09T08:30:54.796">
  <mem-info id="4741" free="90177536" total="184549376" percent="48">
    <remembered-set count="9344" freebytes="7759744" totalbytes="7797120" percent="99" regionsoverflowed="0" regionsstable="10" regionsrebuilding="0"/>
  </mem-info>
</gc-start>
<gc-op id="4742" type="mark increment" timems="3.857" contextid="4739" timestamp="2019-08-09T08:30:54.800">
  <trace-info objectcount="702" scancount="0" scanbytes="0" />
</gc-op>
<gc-end id="4743" type="global mark phase" contextid="4739" durationms="3.986" usertimems="9.073" systemtimems="6.001" timestamp="2019-08-09T08:30:54.800" activeThreads="16">
  <mem-info id="4744" free="90177536" total="184549376" percent="48">
    <remembered-set count="9344" freebytes="7759744" totalbytes="7797120" percent="99" regionsoverflowed="0" regionsstable="0" regionsrebuilding="10"/>
  </mem-info>
</gc-end>
<concurrent-start id="4745" type="GMP work packet processing" contextid="4739" timestamp="2019-08-09T08:30:54.800">
  <concurrent-mark-start scanTarget="12944812" />
</concurrent-start>
<exclusive-end id="4746" timestamp="2019-08-09T08:30:54.801" durationms="4.370" />

<concurrent-end id="4747" type="GMP work packet processing" contextid="4739" timestamp="2019-08-09T08:30:54.814">
  <concurrent-mark-end bytesScanned="13263812" reasonForTermination="Work target met" />
</concurrent-end>

<exclusive-start id="4748" timestamp="2019-08-09T08:30:54.881" intervalms="84.746">
  <response-info timems="1.485" idlems="1.485" threads="0" lastid="000000000134EE00" lastname="Thread-51" />
</exclusive-start>
<allocation-taxation id="4749" taxation-threshold="25165824" timestamp="2019-08-09T08:30:54.881" intervalms="84.748" />
<cycle-start id="4750" type="partial gc" contextid="0" timestamp="2019-08-09T08:30:54.881" intervalms="124.511" />
<gc-start id="4751" type="partial gc" contextid="4750" timestamp="2019-08-09T08:30:54.881">
  <mem-info id="4752" free="65011712" total="184549376" percent="35">
    <mem type="eden" free="0" total="50331648" percent="0" />
    <remembered-set count="115456" freebytes="7335296" totalbytes="7797120" percent="94" regionsoverflowed="0" regionsstable="0" regionsrebuilding="10"/>
  </mem-info>
</gc-start>
<allocation-stats totalBytes="49871120" >
  <allocated-bytes non-tlh="16392" tlh="49854728" arrayletleaf="0"/>
  <largest-consumer threadName="Thread-42" threadId="000000000133FE00" bytes="2334864" />
</allocation-stats>
<gc-op id="4753" type="copy forward" timems="13.220" contextid="4750" timestamp="2019-08-09T08:30:54.897">
  <memory-copied type="eden" objects="8039" bytes="3544000" bytesdiscarded="461288" />
  <memory-copied type="other" objects="23829" bytes="1771696" bytesdiscarded="246080" />
  <memory-cardclean objects="126307" bytes="4528600" />
  <regions eden="24" other="6" />
  <remembered-set-cleared processed="70655" cleared="38949" durationms="0.794" />
  <finalization candidates="67" enqueued="0" />
  <ownableSynchronizers candidates="2" cleared="0" />
  <references type="soft" candidates="97" cleared="0" enqueued="0" dynamicThreshold="15" maxThreshold="32" />
  <references type="weak" candidates="499" cleared="0" enqueued="0" />
  <references type="phantom" candidates="782" cleared="0" enqueued="0" />
  <stringconstants candidates="16394" cleared="0"  />
</gc-op>
<gc-op id="4754" type="classunload" timems="0.015" contextid="4750" timestamp="2019-08-09T08:30:54.897">
  <classunload-info classloadercandidates="69" classloadersunloaded="0" classesunloaded="0" anonymousclassesunloaded="0" quiescems="0.000" setupms="0.014" scanms="0.000" postms="0.000" />
</gc-op>
<gc-end id="4755" type="partial gc" contextid="4750" durationms="15.572" usertimems="42.095" systemtimems="7.268" timestamp="2019-08-09T08:30:54.897" activeThreads="16">
  <mem-info id="4756" free="113246208" total="184549376" percent="61">
    <mem type="eden" free="4383016" total="8388608" percent="52" />
    <remembered-set count="70048" freebytes="7097728" totalbytes="7377920" percent="96" regionsoverflowed="0" regionsstable="0" regionsrebuilding="10"/>
  </mem-info>
</gc-end>
<cycle-end id="4757" type="partial gc" contextid="4750" timestamp="2019-08-09T08:30:54.897" />
  <attribute name="elasticGC enabled" value="1" />
  <attribute name= "numThreadsSpecified" value="16" />
  <attribute name="heapSize specified" value="0" />
  <attribute name="Current GC Util" value="106" />
  <attribute name= "Current Time Running" value="111081" />
  <attribute name ="GC Interval" value="0" />
  <attribute name="Target GC Util Change" value ="80.000000" />
  <attribute name="Current GC Util Change" value="106.000000"/>
  <attribute name="Current Error" value="-26.000000" />
  <attribute name="Output H" value="184587208"/>
  <attribute name="Output I" value="1992"/>
  <attribute name="Output T" value="16"/>
  <attribute name= "Current Time Running" value="111081" />
  <attribute name="GC Util currently" value="106" />
  <attribute name="CPU Util currently" value="651208352788" />
<exclusive-end id="4758" timestamp="2019-08-09T08:30:54.897" durationms="16.315" />

<exclusive-start id="4759" timestamp="2019-08-09T08:30:54.917" intervalms="36.308">
  <response-info timems="0.832" idlems="0.832" threads="0" lastid="0000000001370900" lastname="Thread-41" />
</exclusive-start>
<allocation-taxation id="4760" taxation-threshold="25165824" timestamp="2019-08-09T08:30:54.917" intervalms="36.348" />
<gc-start id="4761" type="global mark phase" contextid="4739" timestamp="2019-08-09T08:30:54.917">
  <mem-info id="4762" free="88080384" total="184549376" percent="47">
    <remembered-set count="69600" freebytes="7099520" totalbytes="7377920" percent="96" regionsoverflowed="0" regionsstable="0" regionsrebuilding="10"/>
  </mem-info>
</gc-start>
<gc-end id="4763" type="global mark phase" contextid="4739" durationms="0.109" usertimems="0.082" systemtimems="0.049" timestamp="2019-08-09T08:30:54.918" activeThreads="16">
  <mem-info id="4764" free="88080384" total="184549376" percent="47">
    <remembered-set count="69600" freebytes="7099520" totalbytes="7377920" percent="96" regionsoverflowed="0" regionsstable="0" regionsrebuilding="10"/>
  </mem-info>
</gc-end>
<concurrent-start id="4765" type="GMP work packet processing" contextid="4739" timestamp="2019-08-09T08:30:54.918">
  <concurrent-mark-start scanTarget="12944812" />
</concurrent-start>
<exclusive-end id="4766" timestamp="2019-08-09T08:30:54.918" durationms="0.659" />

<exclusive-start id="4767" timestamp="2019-08-09T08:30:54.976" intervalms="58.290">
  <response-info timems="5.308" idlems="2.671" threads="1" lastid="0000000001370900" lastname="Thread-41" />
</exclusive-start>
<allocation-taxation id="4768" taxation-threshold="25165824" timestamp="2019-08-09T08:30:54.976" intervalms="58.247" />
<concurrent-end id="4769" type="GMP work packet processing" contextid="4739" timestamp="2019-08-09T08:30:54.977">
  <concurrent-mark-end bytesScanned="3642252" reasonForTermination="Termination requested" />
</concurrent-end>

<cycle-start id="4770" type="partial gc" contextid="0" timestamp="2019-08-09T08:30:54.977" intervalms="95.597" />
<gc-start id="4771" type="partial gc" contextid="4770" timestamp="2019-08-09T08:30:54.977">
  <mem-info id="4772" free="62914560" total="184549376" percent="34">
    <mem type="eden" free="0" total="50331648" percent="0" />
    <remembered-set count="96768" freebytes="6990848" totalbytes="7377920" percent="94" regionsoverflowed="0" regionsstable="0" regionsrebuilding="10"/>
  </mem-info>
</gc-start>
<allocation-stats totalBytes="49999320" >
  <allocated-bytes non-tlh="65552" tlh="49933768" arrayletleaf="0"/>
  <largest-consumer threadName="Thread-38" threadId="0000000001329700" bytes="3244536" />
</allocation-stats>
<gc-op id="4773" type="copy forward" timems="11.816" contextid="4770" timestamp="2019-08-09T08:30:54.990">
  <memory-copied type="eden" objects="9129" bytes="3643992" bytesdiscarded="543080" />
  <memory-copied type="other" objects="21" bytes="1112" bytesdiscarded="0" />
  <memory-cardclean objects="3010" bytes="137560" />
  <regions eden="24" other="5" />
  <remembered-set-cleared processed="87716" cleared="1603" durationms="0.686" />
  <references type="phantom" candidates="3" cleared="0" enqueued="0" />
  <stringconstants candidates="16394" cleared="0"  />
</gc-op>
<gc-op id="4774" type="classunload" timems="0.015" contextid="4770" timestamp="2019-08-09T08:30:54.990">
  <classunload-info classloadercandidates="69" classloadersunloaded="0" classesunloaded="0" anonymousclassesunloaded="0" quiescems="0.000" setupms="0.015" scanms="0.000" postms="0.000" />
</gc-op>
<gc-end id="4775" type="partial gc" contextid="4770" durationms="12.884" usertimems="25.504" systemtimems="10.838" timestamp="2019-08-09T08:30:54.990" activeThreads="16">
  <mem-info id="4776" free="113246208" total="184549376" percent="61">
    <mem type="eden" free="2104104" total="6291456" percent="33" />
    <remembered-set count="98048" freebytes="6985728" totalbytes="7377920" percent="94" regionsoverflowed="0" regionsstable="0" regionsrebuilding="10"/>
  </mem-info>
</gc-end>
<cycle-end id="4777" type="partial gc" contextid="4770" timestamp="2019-08-09T08:30:54.990" />
  <attribute name="elasticGC enabled" value="1" />
  <attribute name= "numThreadsSpecified" value="16" />
  <attribute name="heapSize specified" value="0" />
  <attribute name="Current GC Util" value="130" />
  <attribute name= "Current Time Running" value="111175" />
  <attribute name ="GC Interval" value="0" />
  <attribute name="Target GC Util Change" value ="80.000000" />
  <attribute name="Current GC Util Change" value="130.000000"/>
  <attribute name="Current Error" value="-129.000000" />
  <attribute name="Output H" value="184587144"/>
  <attribute name="Output I" value="1928"/>
  <attribute name="Output T" value="16"/>
  <attribute name= "Current Time Running" value="111175" />
  <attribute name="GC Util currently" value="130" />
  <attribute name="CPU Util currently" value="2570713735580" />
<concurrent-start id="4778" type="GMP work packet processing" contextid="4739" timestamp="2019-08-09T08:30:54.990">
  <concurrent-mark-start scanTarget="9302560" />
</concurrent-start>
<exclusive-end id="4779" timestamp="2019-08-09T08:30:54.990" durationms="14.662" />

<concurrent-end id="4780" type="GMP work packet processing" contextid="4739" timestamp="2019-08-09T08:30:55.009">
  <concurrent-mark-end bytesScanned="0" reasonForTermination="Completed all work in GC phase" />
</concurrent-end>

<exclusive-start id="4781" timestamp="2019-08-09T08:30:55.041" intervalms="65.262">
  <response-info timems="6.061" idlems="6.061" threads="0" lastid="0000000001361900" lastname="Thread-52" />
</exclusive-start>
<allocation-taxation id="4782" taxation-threshold="25165824" timestamp="2019-08-09T08:30:55.041" intervalms="65.364" />
<gc-start id="4783" type="global mark phase" contextid="4739" timestamp="2019-08-09T08:30:55.041">
  <mem-info id="4784" free="88080384" total="184549376" percent="47">
    <remembered-set count="97728" freebytes="6987008" totalbytes="7377920" percent="94" regionsoverflowed="0" regionsstable="0" regionsrebuilding="10"/>
  </mem-info>
</gc-start>
<gc-op id="4785" type="mark increment" timems="18.339" contextid="4739" timestamp="2019-08-09T08:30:55.059">
  <trace-info objectcount="13523" scancount="10940" scanbytes="2071636" />
  <cardclean-info objects="192560" bytes="5555968" />
  <finalization candidates="154" enqueued="0" />
  <ownableSynchronizers candidates="23" cleared="0" />
  <references type="soft" candidates="3713" cleared="0" enqueued="0" dynamicThreshold="19" maxThreshold="32" />
  <references type="weak" candidates="6334" cleared="0" enqueued="0" />
  <references type="phantom" candidates="899" cleared="0" enqueued="0" />
  <stringconstants candidates="16394" cleared="0"  />
</gc-op>
<gc-op id="4786" type="classunload" timems="0.015" contextid="4739" timestamp="2019-08-09T08:30:55.059">
  <classunload-info classloadercandidates="69" classloadersunloaded="0" classesunloaded="0" anonymousclassesunloaded="0" quiescems="0.000" setupms="0.014" scanms="0.000" postms="0.000" />
</gc-op>
<gc-end id="4787" type="global mark phase" contextid="4739" durationms="18.463" usertimems="36.952" systemtimems="7.498" timestamp="2019-08-09T08:30:55.059" activeThreads="16">
  <mem-info id="4788" free="88080384" total="184549376" percent="47">
    <remembered-set count="123840" freebytes="6882560" totalbytes="7377920" percent="93" regionsoverflowed="0" regionsstable="0" regionsrebuilding="0"/>
  </mem-info>
</gc-end>
<cycle-end id="4789" type="global mark phase" contextid="4739" timestamp="2019-08-09T08:30:55.059" />
  <attribute name="elasticGC enabled" value="1" />
  <attribute name= "numThreadsSpecified" value="16" />
  <attribute name="heapSize specified" value="0" />
  <attribute name="Current GC Util" value="295" />
  <attribute name= "Current Time Running" value="111251" />
  <attribute name ="GC Interval" value="0" />
  <attribute name="Target GC Util Change" value ="80.000000" />
  <attribute name="Current GC Util Change" value="295.000000"/>
  <attribute name="Current Error" value="-292.000000" />
  <attribute name="Output H" value="184587048"/>
  <attribute name="Output I" value="1832"/>
  <attribute name="Output T" value="16"/>
  <attribute name= "Current Time Running" value="111251" />
  <attribute name="GC Util currently" value="295" />
  <attribute name="CPU Util currently" value="354437070053" />
<exclusive-end id="4790" timestamp="2019-08-09T08:30:55.060" durationms="18.959" />

<exclusive-start id="4791" timestamp="2019-08-09T08:30:55.081" intervalms="40.179">
  <response-info timems="1.186" idlems="1.186" threads="0" lastid="0000000001361900" lastname="Thread-52" />
</exclusive-start>
<allocation-taxation id="4792" taxation-threshold="25165824" timestamp="2019-08-09T08:30:55.081" intervalms="40.084" />
<cycle-start id="4793" type="partial gc" contextid="0" timestamp="2019-08-09T08:30:55.081" intervalms="104.424" />
<gc-start id="4794" type="partial gc" contextid="4793" timestamp="2019-08-09T08:30:55.081">
  <mem-info id="4795" free="62914560" total="184549376" percent="34">
    <mem type="eden" free="0" total="50331648" percent="0" />
    <remembered-set count="7392" freebytes="7348352" totalbytes="7377920" percent="99" regionsoverflowed="0" regionsstable="10" regionsrebuilding="0"/>
  </mem-info>
</gc-start>
<allocation-stats totalBytes="49961480" >
  <allocated-bytes non-tlh="73760" tlh="49887720" arrayletleaf="0"/>
  <largest-consumer threadName="Thread-42" threadId="000000000133FE00" bytes="3682440" />
</allocation-stats>
<gc-op id="4796" type="sweep" timems="2.059" contextid="4793" timestamp="2019-08-09T08:30:55.084" />
<gc-op id="4797" type="copy forward" timems="8.703" contextid="4793" timestamp="2019-08-09T08:30:55.093">
  <memory-copied type="eden" objects="8414" bytes="3529736" bytesdiscarded="747699" />
  <memory-copied type="other" objects="469" bytes="193096" bytesdiscarded="27637" />
  <memory-cardclean objects="2983" bytes="136608" />
  <regions eden="12" other="14" />
  <remembered-set-cleared processed="1568" cleared="981" durationms="0.354" />
  <references type="weak" candidates="1" cleared="0" enqueued="0" />
  <references type="phantom" candidates="9" cleared="0" enqueued="0" />
  <stringconstants candidates="16394" cleared="0"  />
</gc-op>
<gc-op id="4798" type="classunload" timems="0.016" contextid="4793" timestamp="2019-08-09T08:30:55.093">
  <classunload-info classloadercandidates="69" classloadersunloaded="0" classesunloaded="0" anonymousclassesunloaded="0" quiescems="0.000" setupms="0.015" scanms="0.000" postms="0.000" />
</gc-op>
<gc-end id="4799" type="partial gc" contextid="4793" durationms="12.198" usertimems="32.970" systemtimems="8.985" timestamp="2019-08-09T08:30:55.093" activeThreads="16">
  <mem-info id="4800" free="113246208" total="184549376" percent="61">
    <mem type="eden" free="1793728" total="6291456" percent="28" />
    <remembered-set count="8288" freebytes="7344768" totalbytes="7377920" percent="99" regionsoverflowed="0" regionsstable="10" regionsrebuilding="0"/>
  </mem-info>
</gc-end>
<cycle-end id="4801" type="partial gc" contextid="4793" timestamp="2019-08-09T08:30:55.094" />
  <attribute name="elasticGC enabled" value="1" />
  <attribute name= "numThreadsSpecified" value="16" />
  <attribute name="heapSize specified" value="0" />
  <attribute name="Current GC Util" value="138" />
  <attribute name= "Current Time Running" value="111282" />
  <attribute name ="GC Interval" value="0" />
  <attribute name="Target GC Util Change" value ="80.000000" />
  <attribute name="Current GC Util Change" value="138.000000"/>
  <attribute name="Current Error" value="-392.000000" />
  <attribute name="Output H" value="184586992"/>
  <attribute name="Output I" value="1776"/>
  <attribute name="Output T" value="16"/>
  <attribute name= "Current Time Running" value="111282" />
  <attribute name="GC Util currently" value="138" />
  <attribute name="CPU Util currently" value="1690728672739" />
<exclusive-end id="4802" timestamp="2019-08-09T08:30:55.094" durationms="12.698" />

<exclusive-start id="4803" timestamp="2019-08-09T08:30:55.132" intervalms="50.698">
  <response-info timems="0.240" idlems="0.123" threads="1" lastid="000000000135A200" lastname="Thread-50" />
</exclusive-start>
<allocation-taxation id="4804" taxation-threshold="25165824" timestamp="2019-08-09T08:30:55.132" intervalms="50.704" />
<cycle-start id="4805" type="global mark phase" contextid="0" timestamp="2019-08-09T08:30:55.132" intervalms="335.489" />
<gc-start id="4806" type="global mark phase" contextid="4805" timestamp="2019-08-09T08:30:55.132">
  <mem-info id="4807" free="88080384" total="184549376" percent="47">
    <remembered-set count="7904" freebytes="7346304" totalbytes="7377920" percent="99" regionsoverflowed="0" regionsstable="10" regionsrebuilding="0"/>
  </mem-info>
</gc-start>
<gc-op id="4808" type="mark increment" timems="3.344" contextid="4805" timestamp="2019-08-09T08:30:55.135">
  <trace-info objectcount="10829" scancount="3516" scanbytes="731684" />
</gc-op>
<gc-end id="4809" type="global mark phase" contextid="4805" durationms="3.438" usertimems="14.536" systemtimems="3.463" timestamp="2019-08-09T08:30:55.135" activeThreads="16">
  <mem-info id="4810" free="88080384" total="184549376" percent="47">
    <remembered-set count="9952" freebytes="7338112" totalbytes="7377920" percent="99" regionsoverflowed="0" regionsstable="0" regionsrebuilding="10"/>
  </mem-info>
</gc-end>
<concurrent-start id="4811" type="GMP work packet processing" contextid="4805" timestamp="2019-08-09T08:30:55.135">
  <concurrent-mark-start scanTarget="8080680" />
</concurrent-start>
<exclusive-end id="4812" timestamp="2019-08-09T08:30:55.135" durationms="3.745" />

<exclusive-start id="4813" timestamp="2019-08-09T08:30:55.256" intervalms="124.606">
  <response-info timems="6.517" idlems="6.516" threads="1" lastid="0000000001325B00" lastname="Thread-43" />
</exclusive-start>
<allocation-taxation id="4814" taxation-threshold="25165824" timestamp="2019-08-09T08:30:55.256" intervalms="124.615" />
<concurrent-end id="4815" type="GMP work packet processing" contextid="4805" timestamp="2019-08-09T08:30:55.257">
  <concurrent-mark-end bytesScanned="8274864" reasonForTermination="Work target met and termination requested" />
</concurrent-end>

<cycle-start id="4816" type="partial gc" contextid="0" timestamp="2019-08-09T08:30:55.257" intervalms="176.184" />
<gc-start id="4817" type="partial gc" contextid="4816" timestamp="2019-08-09T08:30:55.258">
  <mem-info id="4818" free="62914560" total="184549376" percent="34">
    <mem type="eden" free="0" total="50331648" percent="0" />
    <remembered-set count="67264" freebytes="7108864" totalbytes="7377920" percent="96" regionsoverflowed="0" regionsstable="0" regionsrebuilding="10"/>
  </mem-info>
</gc-start>
<allocation-stats totalBytes="49991880" >
  <allocated-bytes non-tlh="8200" tlh="49983680" arrayletleaf="0"/>
  <largest-consumer threadName="Thread-38" threadId="0000000001329700" bytes="2975840" />
</allocation-stats>
<gc-op id="4819" type="copy forward" timems="8.213" contextid="4816" timestamp="2019-08-09T08:30:55.271">
  <memory-copied type="eden" objects="5218" bytes="2090200" bytesdiscarded="446712" />
  <memory-copied type="other" objects="15" bytes="576" bytesdiscarded="0" />
  <memory-cardclean objects="2988" bytes="136656" />
  <memory-traced type="eden" objects="2095" bytes="170656" />
  <memory-traced type="other" objects="0" bytes="0" />
  <regions eden="24" other="4" evacuated="27" marked="1" />
  <remembered-set-cleared processed="58022" cleared="2225" durationms="0.679" />
  <references type="weak" candidates="2" cleared="0" enqueued="0" />
  <references type="phantom" candidates="5" cleared="0" enqueued="0" />
  <stringconstants candidates="16394" cleared="0"  />
</gc-op>
<gc-op id="4820" type="classunload" timems="0.012" contextid="4816" timestamp="2019-08-09T08:30:55.271">
  <classunload-info classloadercandidates="69" classloadersunloaded="0" classesunloaded="0" anonymousclassesunloaded="0" quiescems="0.000" setupms="0.012" scanms="0.000" postms="0.000" />
</gc-op>
<gc-op id="4821" type="sweep" timems="1.720" contextid="4816" timestamp="2019-08-09T08:30:55.272" />
<gc-op id="4822" type="compact" timems="3.894" contextid="4816" timestamp="2019-08-09T08:30:55.276">
  <compact-info movecount="0" movebytes="0" />
  <remembered-set-cleared processed="115807" cleared="2225" durationms="0.679" />
</gc-op>
<gc-end id="4823" type="partial gc" contextid="4816" durationms="19.155" usertimems="38.242" systemtimems="9.656" timestamp="2019-08-09T08:30:55.277" activeThreads="16">
  <mem-info id="4824" free="111149056" total="184549376" percent="60">
    <mem type="eden" free="1657216" total="6291456" percent="26" />
    <remembered-set count="64256" freebytes="7120896" totalbytes="7377920" percent="96" regionsoverflowed="0" regionsstable="0" regionsrebuilding="10"/>
  </mem-info>
</gc-end>
<cycle-end id="4825" type="partial gc" contextid="4816" timestamp="2019-08-09T08:30:55.277" />
  <attribute name="elasticGC enabled" value="1" />
  <attribute name= "numThreadsSpecified" value="16" />
  <attribute name="heapSize specified" value="0" />
  <attribute name="Current GC Util" value="78" />
  <attribute name= "Current Time Running" value="111470" />
  <attribute name ="GC Interval" value="0" />
  <attribute name="Target GC Util Change" value ="80.000000" />
  <attribute name="Current GC Util Change" value="78.000000"/>
  <attribute name="Current Error" value="2.000000" />
  <attribute name="Output H" value="184587224"/>
  <attribute name="Output I" value="2008"/>
  <attribute name="Output T" value="16"/>
  <attribute name= "Current Time Running" value="111470" />
  <attribute name="GC Util currently" value="78" />
  <attribute name="CPU Util currently" value="665148627988" />
<exclusive-end id="4826" timestamp="2019-08-09T08:30:55.277" durationms="20.685" />

<exclusive-start id="4827" timestamp="2019-08-09T08:30:55.304" intervalms="48.063">
  <response-info timems="12.413" idlems="12.412" threads="1" lastid="000000000133FE00" lastname="Thread-42" />
</exclusive-start>
<allocation-taxation id="4828" taxation-threshold="25165824" timestamp="2019-08-09T08:30:55.306" intervalms="49.166" />
<gc-start id="4829" type="global mark phase" contextid="4805" timestamp="2019-08-09T08:30:55.306">
  <mem-info id="4830" free="85983232" total="184549376" percent="46">
    <remembered-set count="64256" freebytes="7120896" totalbytes="7377920" percent="96" regionsoverflowed="0" regionsstable="0" regionsrebuilding="10"/>
  </mem-info>
</gc-start>
<gc-end id="4831" type="global mark phase" contextid="4805" durationms="0.095" usertimems="0.018" systemtimems="0.011" timestamp="2019-08-09T08:30:55.306" activeThreads="16">
  <mem-info id="4832" free="85983232" total="184549376" percent="46">
    <remembered-set count="64256" freebytes="7120896" totalbytes="7377920" percent="96" regionsoverflowed="0" regionsstable="0" regionsrebuilding="10"/>
  </mem-info>
</gc-end>
<concurrent-start id="4833" type="GMP work packet processing" contextid="4805" timestamp="2019-08-09T08:30:55.306">
  <concurrent-mark-start scanTarget="10774240" />
</concurrent-start>
<exclusive-end id="4834" timestamp="2019-08-09T08:30:55.312" durationms="7.826" />

<concurrent-end id="4835" type="GMP work packet processing" contextid="4805" timestamp="2019-08-09T08:30:55.367">
  <concurrent-mark-end bytesScanned="8004616" reasonForTermination="Completed all work in GC phase" />
</concurrent-end>

<exclusive-start id="4836" timestamp="2019-08-09T08:30:55.382" intervalms="78.079">
  <response-info timems="9.600" idlems="9.600" threads="0" lastid="000000000135A200" lastname="Thread-50" />
</exclusive-start>
<allocation-taxation id="4837" taxation-threshold="25165824" timestamp="2019-08-09T08:30:55.383" intervalms="77.016" />
<cycle-start id="4838" type="partial gc" contextid="0" timestamp="2019-08-09T08:30:55.383" intervalms="125.496" />
<gc-start id="4839" type="partial gc" contextid="4838" timestamp="2019-08-09T08:30:55.383">
  <mem-info id="4840" free="60817408" total="184549376" percent="32">
    <mem type="eden" free="0" total="52428800" percent="0" />
    <remembered-set count="138176" freebytes="6825216" totalbytes="7377920" percent="92" regionsoverflowed="0" regionsstable="0" regionsrebuilding="10"/>
  </mem-info>
</gc-start>
<allocation-stats totalBytes="49979704" >
  <allocated-bytes non-tlh="401512" tlh="49578192" arrayletleaf="0"/>
  <largest-consumer threadName="Thread-42" threadId="000000000133FE00" bytes="4162608" />
</allocation-stats>
<gc-op id="4841" type="copy forward" timems="7.412" contextid="4838" timestamp="2019-08-09T08:30:55.392">
  <memory-copied type="eden" objects="10122" bytes="3978416" bytesdiscarded="602832" />
  <memory-copied type="other" objects="28" bytes="1896" bytesdiscarded="48" />
  <memory-cardclean objects="2968" bytes="136056" />
  <regions eden="24" other="4" />
  <remembered-set-cleared processed="131202" cleared="1880" durationms="0.712" />
  <references type="phantom" candidates="2" cleared="0" enqueued="0" />
  <stringconstants candidates="16394" cleared="0"  />
</gc-op>
<gc-op id="4842" type="classunload" timems="0.012" contextid="4838" timestamp="2019-08-09T08:30:55.392">
  <classunload-info classloadercandidates="69" classloadersunloaded="0" classesunloaded="0" anonymousclassesunloaded="0" quiescems="0.000" setupms="0.011" scanms="0.000" postms="0.000" />
</gc-op>
<gc-end id="4843" type="partial gc" contextid="4838" durationms="8.750" usertimems="18.673" systemtimems="5.933" timestamp="2019-08-09T08:30:55.392" activeThreads="16">
  <mem-info id="4844" free="106954752" total="184549376" percent="57">
    <mem type="eden" free="3807088" total="8388608" percent="45" />
    <remembered-set count="140672" freebytes="6815232" totalbytes="7377920" percent="92" regionsoverflowed="0" regionsstable="0" regionsrebuilding="10"/>
  </mem-info>
</gc-end>
<cycle-end id="4845" type="partial gc" contextid="4838" timestamp="2019-08-09T08:30:55.392" />
  <attribute name="elasticGC enabled" value="1" />
  <attribute name= "numThreadsSpecified" value="16" />
  <attribute name="heapSize specified" value="0" />
  <attribute name="Current GC Util" value="141" />
  <attribute name= "Current Time Running" value="111582" />
  <attribute name ="GC Interval" value="0" />
  <attribute name="Target GC Util Change" value ="80.000000" />
  <attribute name="Current GC Util Change" value="141.000000"/>
  <attribute name="Current Error" value="-44.000000" />
  <attribute name="Output H" value="184587192"/>
  <attribute name="Output I" value="1976"/>
  <attribute name="Output T" value="16"/>
  <attribute name= "Current Time Running" value="111582" />
  <attribute name="GC Util currently" value="141" />
  <attribute name="CPU Util currently" value="1573498735738" />
<exclusive-end id="4846" timestamp="2019-08-09T08:30:55.392" durationms="9.748" />

<exclusive-start id="4847" timestamp="2019-08-09T08:30:55.436" intervalms="53.828">
  <response-info timems="11.507" idlems="5.765" threads="1" lastid="000000000104E200" lastname="JIT Compilation Thread-6" />
</exclusive-start>
<allocation-taxation id="4848" taxation-threshold="25165824" timestamp="2019-08-09T08:30:55.436" intervalms="53.782" />
<gc-start id="4849" type="global mark phase" contextid="4805" timestamp="2019-08-09T08:30:55.437">
  <mem-info id="4850" free="81788928" total="184549376" percent="44">
    <remembered-set count="140224" freebytes="6817024" totalbytes="7377920" percent="92" regionsoverflowed="0" regionsstable="0" regionsrebuilding="10"/>
  </mem-info>
</gc-start>
<gc-op id="4851" type="mark increment" timems="6.403" contextid="4805" timestamp="2019-08-09T08:30:55.444">
  <trace-info objectcount="9829" scancount="8019" scanbytes="1815972" />
  <cardclean-info objects="3877" bytes="399420" />
  <finalization candidates="154" enqueued="0" />
  <ownableSynchronizers candidates="23" cleared="0" />
  <references type="soft" candidates="3713" cleared="292" enqueued="290" dynamicThreshold="18" maxThreshold="32" />
  <references type="weak" candidates="6334" cleared="0" enqueued="0" />
  <references type="phantom" candidates="895" cleared="0" enqueued="0" />
  <stringconstants candidates="16394" cleared="5"  />
</gc-op>
<gc-op id="4852" type="classunload" timems="0.011" contextid="4805" timestamp="2019-08-09T08:30:55.444">
  <classunload-info classloadercandidates="69" classloadersunloaded="0" classesunloaded="0" anonymousclassesunloaded="0" quiescems="0.000" setupms="0.011" scanms="0.000" postms="0.000" />
</gc-op>
<gc-end id="4853" type="global mark phase" contextid="4805" durationms="6.659" usertimems="11.214" systemtimems="4.508" timestamp="2019-08-09T08:30:55.444" activeThreads="16">
  <mem-info id="4854" free="81788928" total="184549376" percent="44">
    <pending-finalizers system="0" default="0" reference="290" classloader="0" />
    <remembered-set count="142784" freebytes="6806784" totalbytes="7377920" percent="92" regionsoverflowed="0" regionsstable="0" regionsrebuilding="0"/>
  </mem-info>
</gc-end>
<cycle-end id="4855" type="global mark phase" contextid="4805" timestamp="2019-08-09T08:30:55.444" />
  <attribute name="elasticGC enabled" value="1" />
  <attribute name= "numThreadsSpecified" value="16" />
  <attribute name="heapSize specified" value="0" />
  <attribute name="Current GC Util" value="261" />
  <attribute name= "Current Time Running" value="111637" />
  <attribute name ="GC Interval" value="0" />
  <attribute name="Target GC Util Change" value ="80.000000" />
  <attribute name="Current GC Util Change" value="261.000000"/>
  <attribute name="Current Error" value="-181.000000" />
  <attribute name="Output H" value="184587112"/>
  <attribute name="Output I" value="1896"/>
  <attribute name="Output T" value="16"/>
  <attribute name= "Current Time Running" value="111637" />
  <attribute name="GC Util currently" value="261" />
  <attribute name="CPU Util currently" value="1253464282526" />
<exclusive-end id="4856" timestamp="2019-08-09T08:30:55.444" durationms="8.072" />

<exclusive-start id="4857" timestamp="2019-08-09T08:30:55.515" intervalms="78.487">
  <response-info timems="0.294" idlems="0.150" threads="1" lastid="0000000001338600" lastname="Thread-40" />
</exclusive-start>
<allocation-taxation id="4858" taxation-threshold="25165824" timestamp="2019-08-09T08:30:55.515" intervalms="78.473" />
<cycle-start id="4859" type="partial gc" contextid="0" timestamp="2019-08-09T08:30:55.515" intervalms="132.299" />
<gc-start id="4860" type="partial gc" contextid="4859" timestamp="2019-08-09T08:30:55.515">
  <mem-info id="4861" free="56623104" total="184549376" percent="30">
    <mem type="eden" free="0" total="50331648" percent="0" />
    <remembered-set count="6976" freebytes="7350016" totalbytes="7377920" percent="99" regionsoverflowed="0" regionsstable="10" regionsrebuilding="0"/>
  </mem-info>
</gc-start>
<allocation-stats totalBytes="49952864" >
  <allocated-bytes non-tlh="0" tlh="49952864" arrayletleaf="0"/>
  <largest-consumer threadName="Thread-50" threadId="000000000135A200" bytes="3141712" />
</allocation-stats>
<gc-op id="4862" type="sweep" timems="2.003" contextid="4859" timestamp="2019-08-09T08:30:55.518" />
<gc-op id="4863" type="copy forward" timems="10.103" contextid="4859" timestamp="2019-08-09T08:30:55.529">
  <memory-copied type="eden" objects="8551" bytes="3438112" bytesdiscarded="566679" />
  <memory-copied type="other" objects="1645" bytes="707552" bytesdiscarded="114033" />
  <memory-cardclean objects="3514" bytes="157872" />
  <regions eden="12" other="16" />
  <remembered-set-cleared processed="1642" cleared="1048" durationms="0.563" />
  <references type="phantom" candidates="1" cleared="0" enqueued="0" />
  <stringconstants candidates="16389" cleared="0"  />
</gc-op>
<gc-op id="4864" type="classunload" timems="0.012" contextid="4859" timestamp="2019-08-09T08:30:55.529">
  <classunload-info classloadercandidates="69" classloadersunloaded="0" classesunloaded="0" anonymousclassesunloaded="0" quiescems="0.000" setupms="0.012" scanms="0.000" postms="0.000" />
</gc-op>
<gc-end id="4865" type="partial gc" contextid="4859" durationms="13.459" usertimems="32.548" systemtimems="12.042" timestamp="2019-08-09T08:30:55.529" activeThreads="16">
  <mem-info id="4866" free="106954752" total="184549376" percent="57">
    <mem type="eden" free="1465208" total="6291456" percent="23" />
    <remembered-set count="10432" freebytes="7336192" totalbytes="7377920" percent="99" regionsoverflowed="0" regionsstable="10" regionsrebuilding="0"/>
  </mem-info>
</gc-end>
<cycle-end id="4867" type="partial gc" contextid="4859" timestamp="2019-08-09T08:30:55.529" />
  <attribute name="elasticGC enabled" value="1" />
  <attribute name= "numThreadsSpecified" value="16" />
  <attribute name="heapSize specified" value="0" />
  <attribute name="Current GC Util" value="149" />
  <attribute name= "Current Time Running" value="111716" />
  <attribute name ="GC Interval" value="0" />
  <attribute name="Target GC Util Change" value ="80.000000" />
  <attribute name="Current GC Util Change" value="149.000000"/>
  <attribute name="Current Error" value="-258.000000" />
  <attribute name="Output H" value="184587072"/>
  <attribute name="Output I" value="1856"/>
  <attribute name="Output T" value="16"/>
  <attribute name= "Current Time Running" value="111716" />
  <attribute name="GC Util currently" value="149" />
  <attribute name="CPU Util currently" value="2382512048413" />
<exclusive-end id="4868" timestamp="2019-08-09T08:30:55.529" durationms="14.412" />

<exclusive-start id="4869" timestamp="2019-08-09T08:30:55.561" intervalms="45.810">
  <response-info timems="3.136" idlems="3.136" threads="0" lastid="0000000001347600" lastname="Thread-48" />
</exclusive-start>
<allocation-taxation id="4870" taxation-threshold="25165824" timestamp="2019-08-09T08:30:55.561" intervalms="45.816" />
<cycle-start id="4871" type="global mark phase" contextid="0" timestamp="2019-08-09T08:30:55.561" intervalms="428.897" />
<gc-start id="4872" type="global mark phase" contextid="4871" timestamp="2019-08-09T08:30:55.561">
  <mem-info id="4873" free="81788928" total="184549376" percent="44">
    <remembered-set count="10240" freebytes="7336960" totalbytes="7377920" percent="99" regionsoverflowed="0" regionsstable="10" regionsrebuilding="0"/>
  </mem-info>
</gc-start>
<gc-op id="4874" type="mark increment" timems="5.003" contextid="4871" timestamp="2019-08-09T08:30:55.566">
  <trace-info objectcount="20893" scancount="6981" scanbytes="1103248" />
</gc-op>
<gc-end id="4875" type="global mark phase" contextid="4871" durationms="5.150" usertimems="7.836" systemtimems="6.366" timestamp="2019-08-09T08:30:55.566" activeThreads="16">
  <mem-info id="4876" free="81788928" total="184549376" percent="44">
    <remembered-set count="13312" freebytes="7324672" totalbytes="7377920" percent="99" regionsoverflowed="0" regionsstable="0" regionsrebuilding="10"/>
  </mem-info>
</gc-end>
<concurrent-start id="4877" type="GMP work packet processing" contextid="4871" timestamp="2019-08-09T08:30:55.566">
  <concurrent-mark-start scanTarget="9675728" />
</concurrent-start>
<exclusive-end id="4878" timestamp="2019-08-09T08:30:55.566" durationms="5.598" />

<concurrent-end id="4879" type="GMP work packet processing" contextid="4871" timestamp="2019-08-09T08:30:55.574">
  <concurrent-mark-end bytesScanned="9999412" reasonForTermination="Work target met" />
</concurrent-end>

<exclusive-start id="4880" timestamp="2019-08-09T08:30:55.590" intervalms="29.833">
  <response-info timems="0.234" idlems="0.234" threads="0" lastid="0000000001338600" lastname="Thread-40" />
</exclusive-start>
<allocation-taxation id="4881" taxation-threshold="25165824" timestamp="2019-08-09T08:30:55.590" intervalms="29.848" />
<cycle-start id="4882" type="partial gc" contextid="0" timestamp="2019-08-09T08:30:55.591" intervalms="75.469" />
<gc-start id="4883" type="partial gc" contextid="4882" timestamp="2019-08-09T08:30:55.591">
  <mem-info id="4884" free="56623104" total="184549376" percent="30">
    <mem type="eden" free="0" total="50331648" percent="0" />
    <remembered-set count="90240" freebytes="7016960" totalbytes="7377920" percent="95" regionsoverflowed="0" regionsstable="0" regionsrebuilding="10"/>
  </mem-info>
</gc-start>
<allocation-stats totalBytes="50078304" >
  <allocated-bytes non-tlh="49168" tlh="50029136" arrayletleaf="0"/>
  <largest-consumer threadName="Thread-50" threadId="000000000135A200" bytes="4584416" />
</allocation-stats>
<gc-op id="4885" type="copy forward" timems="12.397" contextid="4882" timestamp="2019-08-09T08:30:55.604">
  <memory-copied type="eden" objects="8704" bytes="3612168" bytesdiscarded="794440" />
  <memory-copied type="other" objects="24835" bytes="1276848" bytesdiscarded="126888" />
  <memory-cardclean objects="788" bytes="61744" />
  <regions eden="24" other="6" />
  <remembered-set-cleared processed="79975" cleared="2510" durationms="0.774" />
  <finalization candidates="1" enqueued="0" />
  <references type="soft" candidates="22" cleared="0" enqueued="0" dynamicThreshold="14" maxThreshold="32" />
  <references type="weak" candidates="58" cleared="0" enqueued="0" />
  <references type="phantom" candidates="19" cleared="0" enqueued="0" />
  <stringconstants candidates="16389" cleared="0"  />
</gc-op>
<gc-op id="4886" type="classunload" timems="0.015" contextid="4882" timestamp="2019-08-09T08:30:55.604">
  <classunload-info classloadercandidates="69" classloadersunloaded="0" classesunloaded="0" anonymousclassesunloaded="0" quiescems="0.000" setupms="0.014" scanms="0.000" postms="0.000" />
</gc-op>
<heap-resize id="4887" type="expand" space="default" amount="10485760" count="1" timems="0.078" reason="excessive time being spent in gc" timestamp="2019-08-09T08:30:55.605" />
<gc-end id="4888" type="partial gc" contextid="4882" durationms="13.795" usertimems="31.309" systemtimems="9.370" timestamp="2019-08-09T08:30:55.605" activeThreads="16">
  <mem-info id="4889" free="117440512" total="195035136" percent="60">
    <mem type="eden" free="1884576" total="6291456" percent="29" />
    <remembered-set count="89568" freebytes="7438848" totalbytes="7797120" percent="95" regionsoverflowed="0" regionsstable="0" regionsrebuilding="10"/>
  </mem-info>
</gc-end>
<cycle-end id="4890" type="partial gc" contextid="4882" timestamp="2019-08-09T08:30:55.605" />
  <attribute name="elasticGC enabled" value="1" />
  <attribute name= "numThreadsSpecified" value="16" />
  <attribute name="heapSize specified" value="0" />
  <attribute name="Current GC Util" value="136" />
  <attribute name= "Current Time Running" value="111790" />
  <attribute name ="GC Interval" value="0" />
  <attribute name="Target GC Util Change" value ="80.000000" />
  <attribute name="Current GC Util Change" value="136.000000"/>
  <attribute name="Current Error" value="-349.000000" />
  <attribute name="Output H" value="184587016"/>
  <attribute name="Output I" value="1800"/>
  <attribute name="Output T" value="16"/>
  <attribute name= "Current Time Running" value="111790" />
  <attribute name="GC Util currently" value="136" />
  <attribute name="CPU Util currently" value="2075996753177" />
<exclusive-end id="4891" timestamp="2019-08-09T08:30:55.605" durationms="14.843" />

<exclusive-start id="4892" timestamp="2019-08-09T08:30:55.623" intervalms="32.268">
  <response-info timems="1.041" idlems="1.041" threads="0" lastid="000000000135DD00" lastname="Thread-47" />
</exclusive-start>
<allocation-taxation id="4893" taxation-threshold="27262976" timestamp="2019-08-09T08:30:55.623" intervalms="32.266" />
<gc-start id="4894" type="global mark phase" contextid="4871" timestamp="2019-08-09T08:30:55.624">
  <mem-info id="4895" free="90177536" total="195035136" percent="46">
    <remembered-set count="89344" freebytes="7439744" totalbytes="7797120" percent="95" regionsoverflowed="0" regionsstable="0" regionsrebuilding="10"/>
  </mem-info>
</gc-start>
<gc-end id="4896" type="global mark phase" contextid="4871" durationms="0.054" usertimems="0.015" systemtimems="0.009" timestamp="2019-08-09T08:30:55.624" activeThreads="16">
  <mem-info id="4897" free="90177536" total="195035136" percent="46">
    <remembered-set count="89344" freebytes="7439744" totalbytes="7797120" percent="95" regionsoverflowed="0" regionsstable="0" regionsrebuilding="10"/>
  </mem-info>
</gc-end>
<concurrent-start id="4898" type="GMP work packet processing" contextid="4871" timestamp="2019-08-09T08:30:55.624">
  <concurrent-mark-start scanTarget="9675728" />
</concurrent-start>
<exclusive-end id="4899" timestamp="2019-08-09T08:30:55.626" durationms="3.740" />

<concurrent-end id="4900" type="GMP work packet processing" contextid="4871" timestamp="2019-08-09T08:30:55.648">
  <concurrent-mark-end bytesScanned="5752992" reasonForTermination="Completed all work in GC phase" />
</concurrent-end>

<exclusive-start id="4901" timestamp="2019-08-09T08:30:55.670" intervalms="47.226">
  <response-info timems="3.123" idlems="1.574" threads="1" lastid="0000000001330F00" lastname="Thread-46" />
</exclusive-start>
<allocation-taxation id="4902" taxation-threshold="27262976" timestamp="2019-08-09T08:30:55.670" intervalms="47.221" />
<cycle-start id="4903" type="partial gc" contextid="0" timestamp="2019-08-09T08:30:55.670" intervalms="79.486" />
<gc-start id="4904" type="partial gc" contextid="4903" timestamp="2019-08-09T08:30:55.670">
  <mem-info id="4905" free="62914560" total="195035136" percent="32">
    <mem type="eden" free="0" total="54525952" percent="0" />
    <remembered-set count="141216" freebytes="7232256" totalbytes="7797120" percent="92" regionsoverflowed="0" regionsstable="0" regionsrebuilding="10"/>
  </mem-info>
</gc-start>
<allocation-stats totalBytes="54286400" >
  <allocated-bytes non-tlh="81944" tlh="54204456" arrayletleaf="0"/>
  <largest-consumer threadName="Thread-48" threadId="0000000001347600" bytes="6244320" />
</allocation-stats>
<gc-op id="4906" type="copy forward" timems="10.806" contextid="4903" timestamp="2019-08-09T08:30:55.682">
  <memory-copied type="eden" objects="10144" bytes="4074280" bytesdiscarded="605600" />
  <memory-copied type="other" objects="24656" bytes="2076296" bytesdiscarded="259936" />
  <memory-cardclean objects="5608" bytes="347592" />
  <regions eden="26" other="7" />
  <remembered-set-cleared processed="130658" cleared="6183" durationms="0.928" />
  <finalization candidates="67" enqueued="0" />
  <ownableSynchronizers candidates="2" cleared="0" />
  <references type="soft" candidates="118" cleared="0" enqueued="0" dynamicThreshold="14" maxThreshold="32" />
  <references type="weak" candidates="557" cleared="0" enqueued="0" />
  <references type="phantom" candidates="792" cleared="0" enqueued="0" />
  <stringconstants candidates="16389" cleared="0"  />
</gc-op>
<gc-op id="4907" type="classunload" timems="0.012" contextid="4903" timestamp="2019-08-09T08:30:55.682">
  <classunload-info classloadercandidates="69" classloadersunloaded="0" classesunloaded="0" anonymousclassesunloaded="0" quiescems="0.000" setupms="0.012" scanms="0.000" postms="0.000" />
</gc-op>
<gc-end id="4908" type="partial gc" contextid="4903" durationms="11.896" usertimems="29.943" systemtimems="12.978" timestamp="2019-08-09T08:30:55.682" activeThreads="16">
  <mem-info id="4909" free="117440512" total="195035136" percent="60">
    <mem type="eden" free="1611328" total="6291456" percent="25" />
    <remembered-set count="138816" freebytes="7241856" totalbytes="7797120" percent="92" regionsoverflowed="0" regionsstable="0" regionsrebuilding="10"/>
  </mem-info>
</gc-end>
<cycle-end id="4910" type="partial gc" contextid="4903" timestamp="2019-08-09T08:30:55.682" />
  <attribute name="elasticGC enabled" value="1" />
  <attribute name= "numThreadsSpecified" value="16" />
  <attribute name="heapSize specified" value="0" />
  <attribute name="Current GC Util" value="160" />
  <attribute name= "Current Time Running" value="111869" />
  <attribute name ="GC Interval" value="0" />
  <attribute name="Target GC Util Change" value ="80.000000" />
  <attribute name="Current GC Util Change" value="160.000000"/>
  <attribute name="Current Error" value="-80.000000" />
  <attribute name="Output H" value="195072936"/>
  <attribute name="Output I" value="1960"/>
  <attribute name="Output T" value="16"/>
  <attribute name= "Current Time Running" value="111869" />
  <attribute name="GC Util currently" value="160" />
  <attribute name="CPU Util currently" value="2420156479581" />
<exclusive-end id="4911" timestamp="2019-08-09T08:30:55.683" durationms="12.770" />

<exclusive-start id="4912" timestamp="2019-08-09T08:30:55.704" intervalms="34.566">
  <response-info timems="0.709" idlems="0.709" threads="0" lastid="000000000131A700" lastname="Thread-37" />
</exclusive-start>
<allocation-taxation id="4913" taxation-threshold="27262976" timestamp="2019-08-09T08:30:55.705" intervalms="34.601" />
<gc-start id="4914" type="global mark phase" contextid="4871" timestamp="2019-08-09T08:30:55.705">
  <mem-info id="4915" free="90177536" total="195035136" percent="46">
    <remembered-set count="137376" freebytes="7247616" totalbytes="7797120" percent="92" regionsoverflowed="0" regionsstable="1" regionsrebuilding="10"/>
  </mem-info>
</gc-start>
<gc-op id="4916" type="mark increment" timems="11.738" contextid="4871" timestamp="2019-08-09T08:30:55.717">
  <trace-info objectcount="9329" scancount="7503" scanbytes="1743104" />
  <cardclean-info objects="12151" bytes="680132" />
  <finalization candidates="154" enqueued="0" />
  <ownableSynchronizers candidates="23" cleared="0" />
  <references type="soft" candidates="3421" cleared="8" enqueued="8" dynamicThreshold="19" maxThreshold="32" />
  <references type="weak" candidates="6334" cleared="0" enqueued="0" />
  <references type="phantom" candidates="895" cleared="0" enqueued="0" />
  <stringconstants candidates="16389" cleared="51"  />
</gc-op>
<gc-op id="4917" type="classunload" timems="0.013" contextid="4871" timestamp="2019-08-09T08:30:55.717">
  <classunload-info classloadercandidates="69" classloadersunloaded="0" classesunloaded="0" anonymousclassesunloaded="0" quiescems="0.000" setupms="0.013" scanms="0.000" postms="0.000" />
</gc-op>
<gc-end id="4918" type="global mark phase" contextid="4871" durationms="12.103" usertimems="39.494" systemtimems="7.923" timestamp="2019-08-09T08:30:55.717" activeThreads="16">
  <mem-info id="4919" free="90177536" total="195035136" percent="46">
    <pending-finalizers system="0" default="0" reference="8" classloader="0" />
    <remembered-set count="141472" freebytes="7231232" totalbytes="7797120" percent="92" regionsoverflowed="0" regionsstable="1" regionsrebuilding="0"/>
  </mem-info>
</gc-end>
<cycle-end id="4920" type="global mark phase" contextid="4871" timestamp="2019-08-09T08:30:55.717" />
  <attribute name="elasticGC enabled" value="1" />
  <attribute name= "numThreadsSpecified" value="16" />
  <attribute name="heapSize specified" value="0" />
  <attribute name="Current GC Util" value="208" />
  <attribute name= "Current Time Running" value="111908" />
  <attribute name ="GC Interval" value="0" />
  <attribute name="Target GC Util Change" value ="80.000000" />
  <attribute name="Current GC Util Change" value="208.000000"/>
  <attribute name="Current Error" value="-404.000000" />
  <attribute name="Output H" value="195072744"/>
  <attribute name="Output I" value="1768"/>
  <attribute name="Output T" value="16"/>
  <attribute name= "Current Time Running" value="111908" />
  <attribute name="GC Util currently" value="208" />
  <attribute name="CPU Util currently" value="462889213382" />
<exclusive-end id="4921" timestamp="2019-08-09T08:30:55.717" durationms="12.824" />

<exclusive-start id="4922" timestamp="2019-08-09T08:30:55.733" intervalms="29.047">
  <response-info timems="0.914" idlems="0.914" threads="0" lastid="0000000001347600" lastname="Thread-48" />
</exclusive-start>
<allocation-taxation id="4923" taxation-threshold="27262976" timestamp="2019-08-09T08:30:55.734" intervalms="29.821" />
<cycle-start id="4924" type="partial gc" contextid="0" timestamp="2019-08-09T08:30:55.735" intervalms="64.522" />
<gc-start id="4925" type="partial gc" contextid="4924" timestamp="2019-08-09T08:30:55.735">
  <mem-info id="4926" free="62914560" total="195035136" percent="32">
    <mem type="eden" free="0" total="54525952" percent="0" />
    <remembered-set count="6400" freebytes="7771520" totalbytes="7797120" percent="99" regionsoverflowed="0" regionsstable="11" regionsrebuilding="0"/>
  </mem-info>
</gc-start>
<allocation-stats totalBytes="54287984" >
  <allocated-bytes non-tlh="32776" tlh="54255208" arrayletleaf="0"/>
  <largest-consumer threadName="Thread-48" threadId="0000000001347600" bytes="5155584" />
</allocation-stats>
<gc-op id="4927" type="sweep" timems="3.502" contextid="4924" timestamp="2019-08-09T08:30:55.739" />
<gc-op id="4928" type="copy forward" timems="21.936" contextid="4924" timestamp="2019-08-09T08:30:55.762">
  <memory-copied type="eden" objects="7492" bytes="3118080" bytesdiscarded="532475" />
  <memory-copied type="other" objects="762" bytes="419632" bytesdiscarded="60797" />
  <memory-cardclean objects="3006" bytes="174440" />
  <regions eden="13" other="14" />
  <remembered-set-cleared processed="366" cleared="106" durationms="0.153" />
  <references type="phantom" candidates="5" cleared="0" enqueued="0" />
  <stringconstants candidates="16338" cleared="0"  />
</gc-op>
<gc-op id="4929" type="classunload" timems="0.012" contextid="4924" timestamp="2019-08-09T08:30:55.762">
  <classunload-info classloadercandidates="69" classloadersunloaded="0" classesunloaded="0" anonymousclassesunloaded="0" quiescems="0.000" setupms="0.012" scanms="0.000" postms="0.000" />
</gc-op>
<gc-end id="4930" type="partial gc" contextid="4924" durationms="26.899" usertimems="54.661" systemtimems="28.368" timestamp="2019-08-09T08:30:55.762" activeThreads="16">
  <mem-info id="4931" free="117440512" total="195035136" percent="60">
    <mem type="eden" free="2496368" total="6291456" percent="39" />
    <remembered-set count="8512" freebytes="7763072" totalbytes="7797120" percent="99" regionsoverflowed="0" regionsstable="11" regionsrebuilding="0"/>
  </mem-info>
</gc-end>
<cycle-end id="4932" type="partial gc" contextid="4924" timestamp="2019-08-09T08:30:55.762" />
  <attribute name="elasticGC enabled" value="1" />
  <attribute name= "numThreadsSpecified" value="16" />
  <attribute name="heapSize specified" value="0" />
  <attribute name="Current GC Util" value="129" />
  <attribute name= "Current Time Running" value="111937" />
  <attribute name ="GC Interval" value="0" />
  <attribute name="Target GC Util Change" value ="80.000000" />
  <attribute name="Current GC Util Change" value="129.000000"/>
  <attribute name="Current Error" value="-49.000000" />
  <attribute name="Output H" value="195072952"/>
  <attribute name="Output I" value="1976"/>
  <attribute name="Output T" value="16"/>
  <attribute name= "Current Time Running" value="111937" />
  <attribute name="GC Util currently" value="129" />
  <attribute name="CPU Util currently" value="2147327119482" />
<exclusive-end id="4933" timestamp="2019-08-09T08:30:55.762" durationms="28.834" />

<exclusive-start id="4934" timestamp="2019-08-09T08:30:55.810" intervalms="76.487">
  <response-info timems="1.119" idlems="0.592" threads="1" lastid="000000000134EE00" lastname="Thread-51" />
</exclusive-start>
<allocation-taxation id="4935" taxation-threshold="56623104" timestamp="2019-08-09T08:30:55.810" intervalms="75.675" />
<cycle-start id="4936" type="partial gc" contextid="0" timestamp="2019-08-09T08:30:55.810" intervalms="75.552" />
<gc-start id="4937" type="partial gc" contextid="4936" timestamp="2019-08-09T08:30:55.810">
  <mem-info id="4938" free="60817408" total="195035136" percent="31">
    <mem type="eden" free="0" total="56623104" percent="0" />
    <remembered-set count="8128" freebytes="7764608" totalbytes="7797120" percent="99" regionsoverflowed="0" regionsstable="11" regionsrebuilding="0"/>
  </mem-info>
</gc-start>
<allocation-stats totalBytes="56398048" >
  <allocated-bytes non-tlh="114728" tlh="56283320" arrayletleaf="0"/>
  <largest-consumer threadName="Thread-50" threadId="000000000135A200" bytes="7692616" />
</allocation-stats>
<gc-op id="4939" type="copy forward" timems="15.339" contextid="4936" timestamp="2019-08-09T08:30:55.827">
  <memory-copied type="eden" objects="9748" bytes="4030576" bytesdiscarded="608000" />
  <memory-copied type="other" objects="14735" bytes="843424" bytesdiscarded="84392" />
  <memory-cardclean objects="4155" bytes="253000" />
  <regions eden="27" other="8" />
  <remembered-set-cleared processed="77" cleared="57" durationms="0.196" />
  <finalization candidates="65" enqueued="0" />
  <ownableSynchronizers candidates="2" cleared="0" />
  <references type="soft" candidates="27" cleared="0" enqueued="0" dynamicThreshold="19" maxThreshold="32" />
  <references type="weak" candidates="482" cleared="0" enqueued="0" />
  <references type="phantom" candidates="737" cleared="0" enqueued="0" />
  <stringconstants candidates="16338" cleared="0"  />
</gc-op>
<gc-op id="4940" type="classunload" timems="0.014" contextid="4936" timestamp="2019-08-09T08:30:55.827">
  <classunload-info classloadercandidates="69" classloadersunloaded="0" classesunloaded="0" anonymousclassesunloaded="0" quiescems="0.000" setupms="0.013" scanms="0.000" postms="0.000" />
</gc-op>
<gc-end id="4941" type="partial gc" contextid="4936" durationms="16.702" usertimems="21.345" systemtimems="21.386" timestamp="2019-08-09T08:30:55.827" activeThreads="16">
  <mem-info id="4942" free="119537664" total="195035136" percent="61">
    <mem type="eden" free="1652616" total="6291456" percent="26" />
    <remembered-set count="8928" freebytes="7761408" totalbytes="7797120" percent="99" regionsoverflowed="0" regionsstable="11" regionsrebuilding="0"/>
  </mem-info>
</gc-end>
<cycle-end id="4943" type="partial gc" contextid="4936" timestamp="2019-08-09T08:30:55.827" />
  <attribute name="elasticGC enabled" value="1" />
  <attribute name= "numThreadsSpecified" value="16" />
  <attribute name="heapSize specified" value="0" />
  <attribute name="Current GC Util" value="114" />
  <attribute name= "Current Time Running" value="112009" />
  <attribute name ="GC Interval" value="0" />
  <attribute name="Target GC Util Change" value ="80.000000" />
  <attribute name="Current GC Util Change" value="114.000000"/>
  <attribute name="Current Error" value="-75.000000" />
  <attribute name="Output H" value="195072936"/>
  <attribute name="Output I" value="1960"/>
  <attribute name="Output T" value="16"/>
  <attribute name= "Current Time Running" value="112009" />
  <attribute name="GC Util currently" value="114" />
  <attribute name="CPU Util currently" value="1537962658787" />
<exclusive-end id="4944" timestamp="2019-08-09T08:30:55.828" durationms="17.716" />

<exclusive-start id="4945" timestamp="2019-08-09T08:30:55.880" intervalms="70.160">
  <response-info timems="1.560" idlems="1.560" threads="0" lastid="0000000001329700" lastname="Thread-38" />
</exclusive-start>
<allocation-taxation id="4946" taxation-threshold="56623104" timestamp="2019-08-09T08:30:55.880" intervalms="70.164" />
<cycle-start id="4947" type="partial gc" contextid="0" timestamp="2019-08-09T08:30:55.880" intervalms="70.182" />
<gc-start id="4948" type="partial gc" contextid="4947" timestamp="2019-08-09T08:30:55.881">
  <mem-info id="4949" free="62914560" total="195035136" percent="32">
    <mem type="eden" free="0" total="56623104" percent="0" />
    <remembered-set count="8672" freebytes="7762432" totalbytes="7797120" percent="99" regionsoverflowed="0" regionsstable="11" regionsrebuilding="0"/>
  </mem-info>
</gc-start>
<allocation-stats totalBytes="56448576" >
  <allocated-bytes non-tlh="98336" tlh="56350240" arrayletleaf="0"/>
  <largest-consumer threadName="Thread-47" threadId="000000000135DD00" bytes="7470680" />
</allocation-stats>
<gc-op id="4950" type="copy forward" timems="18.087" contextid="4947" timestamp="2019-08-09T08:30:55.900">
  <memory-copied type="eden" objects="8850" bytes="3517280" bytesdiscarded="608856" />
  <memory-copied type="other" objects="754" bytes="340144" bytesdiscarded="30952" />
  <memory-cardclean objects="2940" bytes="137160" />
  <regions eden="27" other="5" />
  <remembered-set-cleared processed="345" cleared="78" durationms="0.311" />
  <references type="phantom" candidates="1" cleared="0" enqueued="0" />
  <stringconstants candidates="16338" cleared="0"  />
</gc-op>
<gc-op id="4951" type="classunload" timems="0.015" contextid="4947" timestamp="2019-08-09T08:30:55.901">
  <classunload-info classloadercandidates="69" classloadersunloaded="0" classesunloaded="0" anonymousclassesunloaded="0" quiescems="0.000" setupms="0.014" scanms="0.000" postms="0.000" />
</gc-op>
<heap-resize id="4952" type="contract" space="default" amount="6291456" count="1" timems="0.191" reason="excess free space following gc" timestamp="2019-08-09T08:30:55.901" />
<gc-end id="4953" type="partial gc" contextid="4947" durationms="20.351" usertimems="51.407" systemtimems="23.371" timestamp="2019-08-09T08:30:55.901" activeThreads="16">
  <mem-info id="4954" free="115343360" total="188743680" percent="61">
    <mem type="eden" free="67928" total="4194304" percent="1" />
    <remembered-set count="8544" freebytes="7762944" totalbytes="7797120" percent="99" regionsoverflowed="0" regionsstable="11" regionsrebuilding="0"/>
  </mem-info>
</gc-end>
<cycle-end id="4955" type="partial gc" contextid="4947" timestamp="2019-08-09T08:30:55.901" />
  <attribute name="elasticGC enabled" value="1" />
  <attribute name= "numThreadsSpecified" value="16" />
  <attribute name="heapSize specified" value="0" />
  <attribute name="Current GC Util" value="86" />
  <attribute name= "Current Time Running" value="112080" />
  <attribute name ="GC Interval" value="0" />
  <attribute name="Target GC Util Change" value ="80.000000" />
  <attribute name="Current GC Util Change" value="86.000000"/>
  <attribute name="Current Error" value="-58.000000" />
  <attribute name="Output H" value="195072944"/>
  <attribute name="Output I" value="1968"/>
  <attribute name="Output T" value="16"/>
  <attribute name= "Current Time Running" value="112080" />
  <attribute name="GC Util currently" value="86" />
  <attribute name="CPU Util currently" value="1401946324948" />
<exclusive-end id="4956" timestamp="2019-08-09T08:30:55.901" durationms="21.321" />

<exclusive-start id="4957" timestamp="2019-08-09T08:30:55.977" intervalms="97.352">
  <response-info timems="4.776" idlems="2.433" threads="1" lastid="000000000134EE00" lastname="Thread-51" />
</exclusive-start>
<allocation-taxation id="4958" taxation-threshold="54525952" timestamp="2019-08-09T08:30:55.978" intervalms="97.353" />
<cycle-start id="4959" type="partial gc" contextid="0" timestamp="2019-08-09T08:30:55.978" intervalms="97.371" />
<gc-start id="4960" type="partial gc" contextid="4959" timestamp="2019-08-09T08:30:55.978">
  <mem-info id="4961" free="60817408" total="188743680" percent="32">
    <mem type="eden" free="0" total="54525952" percent="0" />
    <remembered-set count="8192" freebytes="7764352" totalbytes="7797120" percent="99" regionsoverflowed="0" regionsstable="11" regionsrebuilding="0"/>
  </mem-info>
</gc-start>
<allocation-stats totalBytes="54374360" >
  <allocated-bytes non-tlh="0" tlh="54374360" arrayletleaf="0"/>
  <largest-consumer threadName="Thread-47" threadId="000000000135DD00" bytes="9424312" />
</allocation-stats>
<gc-op id="4962" type="copy forward" timems="11.364" contextid="4959" timestamp="2019-08-09T08:30:55.991">
  <memory-copied type="eden" objects="8460" bytes="3330600" bytesdiscarded="486760" />
  <memory-copied type="other" objects="774" bytes="303888" bytesdiscarded="9808" />
  <memory-cardclean objects="3417" bytes="249848" />
  <regions eden="26" other="3" />
  <remembered-set-cleared processed="270" cleared="68" durationms="0.117" />
  <references type="phantom" candidates="2" cleared="0" enqueued="0" />
  <stringconstants candidates="16338" cleared="0"  />
</gc-op>
<gc-op id="4963" type="classunload" timems="0.015" contextid="4959" timestamp="2019-08-09T08:30:55.991">
  <classunload-info classloadercandidates="69" classloadersunloaded="0" classesunloaded="0" anonymousclassesunloaded="0" quiescems="0.000" setupms="0.015" scanms="0.000" postms="0.000" />
</gc-op>
<heap-resize id="4964" type="expand" space="default" amount="6291456" count="1" timems="0.071" reason="excessive time being spent in gc" timestamp="2019-08-09T08:30:55.991" />
<gc-end id="4965" type="partial gc" contextid="4959" durationms="13.093" usertimems="30.304" systemtimems="18.451" timestamp="2019-08-09T08:30:55.991" activeThreads="16">
  <mem-info id="4966" free="117440512" total="195035136" percent="60">
    <mem type="eden" free="2473856" total="6291456" percent="39" />
    <remembered-set count="8896" freebytes="7761536" totalbytes="7797120" percent="99" regionsoverflowed="0" regionsstable="11" regionsrebuilding="0"/>
  </mem-info>
</gc-end>
<cycle-end id="4967" type="partial gc" contextid="4959" timestamp="2019-08-09T08:30:55.991" />
  <attribute name="elasticGC enabled" value="1" />
  <attribute name= "numThreadsSpecified" value="16" />
  <attribute name="heapSize specified" value="0" />
  <attribute name="Current GC Util" value="67" />
  <attribute name= "Current Time Running" value="112177" />
  <attribute name ="GC Interval" value="0" />
  <attribute name="Target GC Util Change" value ="80.000000" />
  <attribute name="Current GC Util Change" value="67.000000"/>
  <attribute name="Current Error" value="13.000000" />
  <attribute name="Output H" value="188781528"/>
  <attribute name="Output I" value="2008"/>
  <attribute name="Output T" value="16"/>
  <attribute name= "Current Time Running" value="112177" />
  <attribute name="GC Util currently" value="67" />
  <attribute name="CPU Util currently" value="1014184065254" />
<exclusive-end id="4968" timestamp="2019-08-09T08:30:55.992" durationms="14.108" />

<exclusive-start id="4969" timestamp="2019-08-09T08:30:56.041" intervalms="63.167">
  <response-info timems="0.144" idlems="0.144" threads="0" lastid="0000000001330F00" lastname="Thread-46" />
</exclusive-start>
<allocation-taxation id="4970" taxation-threshold="56623104" timestamp="2019-08-09T08:30:56.041" intervalms="63.153" />
<cycle-start id="4971" type="partial gc" contextid="0" timestamp="2019-08-09T08:30:56.041" intervalms="63.130" />
<gc-start id="4972" type="partial gc" contextid="4971" timestamp="2019-08-09T08:30:56.041">
  <mem-info id="4973" free="60817408" total="195035136" percent="31">
    <mem type="eden" free="0" total="56623104" percent="0" />
    <remembered-set count="8512" freebytes="7763072" totalbytes="7797120" percent="99" regionsoverflowed="0" regionsstable="11" regionsrebuilding="0"/>
  </mem-info>
</gc-start>
<allocation-stats totalBytes="56494152" >
  <allocated-bytes non-tlh="16392" tlh="56477760" arrayletleaf="0"/>
  <largest-consumer threadName="Thread-45" threadId="000000000132D300" bytes="7739976" />
</allocation-stats>
<gc-op id="4974" type="copy forward" timems="8.252" contextid="4971" timestamp="2019-08-09T08:30:56.050">
  <memory-copied type="eden" objects="9824" bytes="3970696" bytesdiscarded="527400" />
  <memory-copied type="other" objects="73" bytes="40328" bytesdiscarded="7464" />
  <memory-cardclean objects="3161" bytes="262504" />
  <regions eden="27" other="5" />
  <remembered-set-cleared processed="365" cleared="93" durationms="0.102" />
  <references type="phantom" candidates="3" cleared="0" enqueued="0" />
  <stringconstants candidates="16338" cleared="0"  />
</gc-op>
<gc-op id="4975" type="classunload" timems="0.011" contextid="4971" timestamp="2019-08-09T08:30:56.051">
  <classunload-info classloadercandidates="69" classloadersunloaded="0" classesunloaded="0" anonymousclassesunloaded="0" quiescems="0.000" setupms="0.011" scanms="0.000" postms="0.000" />
</gc-op>
<heap-resize id="4976" type="expand" space="default" amount="4194304" count="1" timems="0.057" reason="excessive time being spent in gc" timestamp="2019-08-09T08:30:56.051" />
<gc-end id="4977" type="partial gc" contextid="4971" durationms="9.525" usertimems="22.105" systemtimems="12.162" timestamp="2019-08-09T08:30:56.051" activeThreads="16">
  <mem-info id="4978" free="119537664" total="199229440" percent="60">
    <mem type="eden" free="1793072" total="6291456" percent="28" />
    <remembered-set count="6656" freebytes="7938176" totalbytes="7964800" percent="99" regionsoverflowed="0" regionsstable="11" regionsrebuilding="0"/>
  </mem-info>
</gc-end>
<cycle-end id="4979" type="partial gc" contextid="4971" timestamp="2019-08-09T08:30:56.051" />
  <attribute name="elasticGC enabled" value="1" />
  <attribute name= "numThreadsSpecified" value="16" />
  <attribute name="heapSize specified" value="0" />
  <attribute name="Current GC Util" value="122" />
  <attribute name= "Current Time Running" value="112240" />
  <attribute name ="GC Interval" value="0" />
  <attribute name="Target GC Util Change" value ="80.000000" />
  <attribute name="Current GC Util Change" value="122.000000"/>
  <attribute name="Current Error" value="-6.000000" />
  <attribute name="Output H" value="195072976"/>
  <attribute name="Output I" value="2000"/>
  <attribute name="Output T" value="16"/>
  <attribute name= "Current Time Running" value="112240" />
  <attribute name="GC Util currently" value="122" />
  <attribute name="CPU Util currently" value="1641019754392" />
<exclusive-end id="4980" timestamp="2019-08-09T08:30:56.051" durationms="10.629" />

<exclusive-start id="4981" timestamp="2019-08-09T08:30:56.102" intervalms="61.621">
  <response-info timems="0.543" idlems="0.543" threads="0" lastid="000000000135DD00" lastname="Thread-47" />
</exclusive-start>
<allocation-taxation id="4982" taxation-threshold="56623104" timestamp="2019-08-09T08:30:56.102" intervalms="61.630" />
<cycle-start id="4983" type="partial gc" contextid="0" timestamp="2019-08-09T08:30:56.102" intervalms="61.670" />
<gc-start id="4984" type="partial gc" contextid="4983" timestamp="2019-08-09T08:30:56.103">
  <mem-info id="4985" free="62914560" total="199229440" percent="31">
    <mem type="eden" free="0" total="56623104" percent="0" />
    <remembered-set count="6400" freebytes="7939200" totalbytes="7964800" percent="99" regionsoverflowed="0" regionsstable="11" regionsrebuilding="0"/>
  </mem-info>
</gc-start>
<allocation-stats totalBytes="56500600" >
  <allocated-bytes non-tlh="0" tlh="56500600" arrayletleaf="0"/>
  <largest-consumer threadName="Thread-37" threadId="000000000131A700" bytes="6657944" />
</allocation-stats>
<gc-op id="4986" type="copy forward" timems="7.773" contextid="4983" timestamp="2019-08-09T08:30:56.112">
  <memory-copied type="eden" objects="9604" bytes="3942744" bytesdiscarded="598272" />
  <memory-copied type="other" objects="110" bytes="42008" bytesdiscarded="3296" />
  <memory-cardclean objects="3063" bytes="190552" />
  <regions eden="27" other="7" />
  <remembered-set-cleared processed="368" cleared="81" durationms="0.109" />
  <references type="weak" candidates="1" cleared="0" enqueued="0" />
  <references type="phantom" candidates="4" cleared="0" enqueued="0" />
  <stringconstants candidates="16338" cleared="0"  />
</gc-op>
<gc-op id="4987" type="classunload" timems="0.037" contextid="4983" timestamp="2019-08-09T08:30:56.112">
  <classunload-info classloadercandidates="69" classloadersunloaded="0" classesunloaded="0" anonymousclassesunloaded="0" quiescems="0.000" setupms="0.037" scanms="0.000" postms="0.000" />
</gc-op>
<gc-end id="4988" type="partial gc" contextid="4983" durationms="9.400" usertimems="26.722" systemtimems="6.645" timestamp="2019-08-09T08:30:56.112" activeThreads="16">
  <mem-info id="4989" free="121634816" total="199229440" percent="61">
    <mem type="eden" free="1750152" total="6291456" percent="27" />
    <remembered-set count="8832" freebytes="7929472" totalbytes="7964800" percent="99" regionsoverflowed="0" regionsstable="11" regionsrebuilding="0"/>
  </mem-info>
</gc-end>
<cycle-end id="4990" type="partial gc" contextid="4983" timestamp="2019-08-09T08:30:56.112" />
  <attribute name="elasticGC enabled" value="1" />
  <attribute name= "numThreadsSpecified" value="16" />
  <attribute name="heapSize specified" value="0" />
  <attribute name="Current GC Util" value="147" />
  <attribute name= "Current Time Running" value="112302" />
  <attribute name ="GC Interval" value="0" />
  <attribute name="Target GC Util Change" value ="80.000000" />
  <attribute name="Current GC Util Change" value="147.000000"/>
  <attribute name="Current Error" value="-36.000000" />
  <attribute name="Output H" value="199267264"/>
  <attribute name="Output I" value="1984"/>
  <attribute name="Output T" value="16"/>
  <attribute name= "Current Time Running" value="112302" />
  <attribute name="GC Util currently" value="147" />
  <attribute name="CPU Util currently" value="1848741475229" />
<exclusive-end id="4991" timestamp="2019-08-09T08:30:56.112" durationms="10.220" />

<exclusive-start id="4992" timestamp="2019-08-09T08:30:56.157" intervalms="54.245">
  <response-info timems="1.000" idlems="1.000" threads="0" lastid="0000000001325B00" lastname="Thread-43" />
</exclusive-start>
<allocation-taxation id="4993" taxation-threshold="56623104" timestamp="2019-08-09T08:30:56.157" intervalms="54.254" />
<cycle-start id="4994" type="partial gc" contextid="0" timestamp="2019-08-09T08:30:56.157" intervalms="54.198" />
<gc-start id="4995" type="partial gc" contextid="4994" timestamp="2019-08-09T08:30:56.157">
  <mem-info id="4996" free="65011712" total="199229440" percent="32">
    <mem type="eden" free="0" total="56623104" percent="0" />
    <remembered-set count="8480" freebytes="7930880" totalbytes="7964800" percent="99" regionsoverflowed="0" regionsstable="11" regionsrebuilding="0"/>
  </mem-info>
</gc-start>
<allocation-stats totalBytes="56445160" >
  <allocated-bytes non-tlh="16392" tlh="56428768" arrayletleaf="0"/>
  <largest-consumer threadName="Thread-38" threadId="0000000001329700" bytes="6184608" />
</allocation-stats>
<gc-op id="4997" type="copy forward" timems="7.739" contextid="4994" timestamp="2019-08-09T08:30:56.166">
  <memory-copied type="eden" objects="9979" bytes="4048480" bytesdiscarded="465312" />
  <memory-copied type="other" objects="23" bytes="1040" bytesdiscarded="0" />
  <memory-cardclean objects="3033" bytes="140536" />
  <regions eden="27" other="5" />
  <remembered-set-cleared processed="383" cleared="76" durationms="0.130" />
  <references type="phantom" candidates="2" cleared="0" enqueued="0" />
  <stringconstants candidates="16338" cleared="0"  />
</gc-op>
<gc-op id="4998" type="classunload" timems="0.011" contextid="4994" timestamp="2019-08-09T08:30:56.166">
  <classunload-info classloadercandidates="69" classloadersunloaded="0" classesunloaded="0" anonymousclassesunloaded="0" quiescems="0.000" setupms="0.010" scanms="0.000" postms="0.000" />
</gc-op>
<gc-end id="4999" type="partial gc" contextid="4994" durationms="9.473" usertimems="17.513" systemtimems="9.669" timestamp="2019-08-09T08:30:56.167" activeThreads="8">
  <mem-info id="5000" free="121634816" total="199229440" percent="61">
    <mem type="eden" free="1777392" total="6291456" percent="28" />
    <remembered-set count="9344" freebytes="7927424" totalbytes="7964800" percent="99" regionsoverflowed="0" regionsstable="11" regionsrebuilding="0"/>
  </mem-info>
</gc-end>
<cycle-end id="5001" type="partial gc" contextid="4994" timestamp="2019-08-09T08:30:56.167" />
  <attribute name="elasticGC enabled" value="1" />
  <attribute name= "numThreadsSpecified" value="8" />
  <attribute name="heapSize specified" value="0" />
  <attribute name="Current GC Util" value="93" />
  <attribute name= "Current Time Running" value="112356" />
  <attribute name ="GC Interval" value="0" />
  <attribute name="Target GC Util Change" value ="80.000000" />
  <attribute name="Current GC Util Change" value="93.000000"/>
  <attribute name="Current Error" value="-13.000000" />
  <attribute name="Output H" value="199267280"/>
  <attribute name="Output I" value="2000"/>
  <attribute name="Output T" value="8"/>
  <attribute name= "Current Time Running" value="112356" />
  <attribute name="GC Util currently" value="93" />
  <attribute name="CPU Util currently" value="943069563189" />
<exclusive-end id="5002" timestamp="2019-08-09T08:30:56.167" durationms="10.713" />

<exclusive-start id="5003" timestamp="2019-08-09T08:30:56.217" intervalms="60.936">
  <response-info timems="1.682" idlems="1.682" threads="0" lastid="0000000001338600" lastname="Thread-40" />
</exclusive-start>
<allocation-taxation id="5004" taxation-threshold="56623104" timestamp="2019-08-09T08:30:56.218" intervalms="60.943" />
<cycle-start id="5005" type="partial gc" contextid="0" timestamp="2019-08-09T08:30:56.218" intervalms="60.969" />
<gc-start id="5006" type="partial gc" contextid="5005" timestamp="2019-08-09T08:30:56.218">
  <mem-info id="5007" free="65011712" total="199229440" percent="32">
    <mem type="eden" free="0" total="56623104" percent="0" />
    <remembered-set count="9056" freebytes="7928576" totalbytes="7964800" percent="99" regionsoverflowed="0" regionsstable="11" regionsrebuilding="0"/>
  </mem-info>
</gc-start>
<allocation-stats totalBytes="56509984" >
  <allocated-bytes non-tlh="16392" tlh="56493592" arrayletleaf="0"/>
  <largest-consumer threadName="Thread-46" threadId="0000000001330F00" bytes="7773712" />
</allocation-stats>
<gc-op id="5008" type="copy forward" timems="15.293" contextid="5005" timestamp="2019-08-09T08:30:56.235">
  <memory-copied type="eden" objects="9127" bytes="3643832" bytesdiscarded="444960" />
  <memory-copied type="other" objects="35" bytes="2328" bytesdiscarded="1120" />
  <memory-cardclean objects="2963" bytes="137728" />
  <regions eden="27" other="5" />
  <remembered-set-cleared processed="371" cleared="79" durationms="0.354" />
  <references type="weak" candidates="1" cleared="0" enqueued="0" />
  <references type="phantom" candidates="4" cleared="0" enqueued="0" />
  <stringconstants candidates="16338" cleared="0"  />
</gc-op>
<gc-op id="5009" type="classunload" timems="0.010" contextid="5005" timestamp="2019-08-09T08:30:56.235">
  <classunload-info classloadercandidates="69" classloadersunloaded="0" classesunloaded="0" anonymousclassesunloaded="0" quiescems="0.000" setupms="0.010" scanms="0.000" postms="0.000" />
</gc-op>
<gc-end id="5010" type="partial gc" contextid="5005" durationms="16.735" usertimems="29.556" systemtimems="31.816" timestamp="2019-08-09T08:30:56.235" activeThreads="16">
  <mem-info id="5011" free="121634816" total="199229440" percent="61">
    <mem type="eden" free="105256" total="4194304" percent="2" />
    <remembered-set count="8832" freebytes="7929472" totalbytes="7964800" percent="99" regionsoverflowed="0" regionsstable="11" regionsrebuilding="0"/>
  </mem-info>
</gc-end>
<cycle-end id="5012" type="partial gc" contextid="5005" timestamp="2019-08-09T08:30:56.235" />
  <attribute name="elasticGC enabled" value="1" />
  <attribute name= "numThreadsSpecified" value="16" />
  <attribute name="heapSize specified" value="0" />
  <attribute name="Current GC Util" value="112" />
  <attribute name= "Current Time Running" value="112417" />
  <attribute name ="GC Interval" value="0" />
  <attribute name="Target GC Util Change" value ="80.000000" />
  <attribute name="Current GC Util Change" value="112.000000"/>
  <attribute name="Current Error" value="3.000000" />
  <attribute name="Output H" value="199267288"/>
  <attribute name="Output I" value="2008"/>
  <attribute name="Output T" value="16"/>
  <attribute name= "Current Time Running" value="112417" />
  <attribute name="GC Util currently" value="112" />
  <attribute name="CPU Util currently" value="1245985289386" />
<exclusive-end id="5013" timestamp="2019-08-09T08:30:56.235" durationms="17.905" />

<exclusive-start id="5014" timestamp="2019-08-09T08:30:56.270" intervalms="52.418">
  <response-info timems="0.470" idlems="0.250" threads="1" lastid="0000000001361900" lastname="Thread-52" />
</exclusive-start>
<allocation-taxation id="5015" taxation-threshold="56623104" timestamp="2019-08-09T08:30:56.270" intervalms="52.415" />
<cycle-start id="5016" type="partial gc" contextid="0" timestamp="2019-08-09T08:30:56.270" intervalms="52.415" />
<gc-start id="5017" type="partial gc" contextid="5016" timestamp="2019-08-09T08:30:56.270">
  <mem-info id="5018" free="65011712" total="199229440" percent="32">
    <mem type="eden" free="0" total="56623104" percent="0" />
    <remembered-set count="8608" freebytes="7930368" totalbytes="7964800" percent="99" regionsoverflowed="0" regionsstable="11" regionsrebuilding="0"/>
  </mem-info>
</gc-start>
<allocation-stats totalBytes="56311424" >
  <allocated-bytes non-tlh="90144" tlh="56221280" arrayletleaf="0"/>
  <largest-consumer threadName="Thread-52" threadId="0000000001361900" bytes="6418408" />
</allocation-stats>
<gc-op id="5019" type="copy forward" timems="30.602" contextid="5016" timestamp="2019-08-09T08:30:56.311">
  <memory-copied type="eden" objects="7957" bytes="3434312" bytesdiscarded="609128" />
  <memory-copied type="other" objects="37" bytes="2952" bytesdiscarded="752" />
  <memory-cardclean objects="3055" bytes="140392" />
  <regions eden="27" other="4" />
  <remembered-set-cleared processed="378" cleared="84" durationms="0.160" />
  <references type="phantom" candidates="12" cleared="0" enqueued="0" />
  <stringconstants candidates="16338" cleared="0"  />
</gc-op>
<gc-op id="5020" type="classunload" timems="0.012" contextid="5016" timestamp="2019-08-09T08:30:56.311">
  <classunload-info classloadercandidates="69" classloadersunloaded="0" classesunloaded="0" anonymousclassesunloaded="0" quiescems="0.000" setupms="0.012" scanms="0.000" postms="0.000" />
</gc-op>
<gc-end id="5021" type="partial gc" contextid="5016" durationms="40.872" usertimems="52.227" systemtimems="42.402" timestamp="2019-08-09T08:30:56.311" activeThreads="16">
  <mem-info id="5022" free="119537664" total="199229440" percent="60">
    <mem type="eden" free="150504" total="4194304" percent="3" />
    <remembered-set count="6272" freebytes="7939712" totalbytes="7964800" percent="99" regionsoverflowed="0" regionsstable="11" regionsrebuilding="0"/>
  </mem-info>
</gc-end>
<cycle-end id="5023" type="partial gc" contextid="5016" timestamp="2019-08-09T08:30:56.313" />
  <attribute name="elasticGC enabled" value="1" />
  <attribute name= "numThreadsSpecified" value="16" />
  <attribute name="heapSize specified" value="0" />
  <attribute name="Current GC Util" value="12" />
  <attribute name= "Current Time Running" value="112478" />
  <attribute name ="GC Interval" value="0" />
  <attribute name="Target GC Util Change" value ="80.000000" />
  <attribute name="Current GC Util Change" value="12.000000"/>
  <attribute name="Current Error" value="39.000000" />
  <attribute name="Output H" value="199267304"/>
  <attribute name="Output I" value="2024"/>
  <attribute name="Output T" value="16"/>
  <attribute name= "Current Time Running" value="112478" />
  <attribute name="GC Util currently" value="12" />
  <attribute name="CPU Util currently" value="167103523397" />
<exclusive-end id="5024" timestamp="2019-08-09T08:30:56.313" durationms="43.283" />

<exclusive-start id="5025" timestamp="2019-08-09T08:30:56.369" intervalms="99.219">
  <response-info timems="14.113" idlems="14.113" threads="0" lastid="0000000001338600" lastname="Thread-40" />
</exclusive-start>
<allocation-taxation id="5026" taxation-threshold="56623104" timestamp="2019-08-09T08:30:56.369" intervalms="99.308" />
<cycle-start id="5027" type="partial gc" contextid="0" timestamp="2019-08-09T08:30:56.370" intervalms="99.496" />
<gc-start id="5028" type="partial gc" contextid="5027" timestamp="2019-08-09T08:30:56.370">
  <mem-info id="5029" free="62914560" total="199229440" percent="31">
    <mem type="eden" free="0" total="56623104" percent="0" />
    <remembered-set count="5920" freebytes="7941120" totalbytes="7964800" percent="99" regionsoverflowed="0" regionsstable="11" regionsrebuilding="0"/>
  </mem-info>
</gc-start>
<allocation-stats totalBytes="56499232" >
  <allocated-bytes non-tlh="106536" tlh="56392696" arrayletleaf="0"/>
  <largest-consumer threadName="Thread-46" threadId="0000000001330F00" bytes="6137336" />
</allocation-stats>
<gc-op id="5030" type="copy forward" timems="12.565" contextid="5027" timestamp="2019-08-09T08:30:56.385">
  <memory-copied type="eden" objects="9085" bytes="3617888" bytesdiscarded="462792" />
  <memory-copied type="other" objects="471" bytes="327984" bytesdiscarded="22960" />
  <memory-cardclean objects="3045" bytes="141528" />
  <regions eden="27" other="4" />
  <remembered-set-cleared processed="365" cleared="88" durationms="0.304" />
  <references type="weak" candidates="1" cleared="0" enqueued="0" />
  <references type="phantom" candidates="5" cleared="0" enqueued="0" />
  <stringconstants candidates="16338" cleared="0"  />
</gc-op>
<gc-op id="5031" type="classunload" timems="0.012" contextid="5027" timestamp="2019-08-09T08:30:56.385">
  <classunload-info classloadercandidates="69" classloadersunloaded="0" classesunloaded="0" anonymousclassesunloaded="0" quiescems="0.000" setupms="0.012" scanms="0.000" postms="0.000" />
</gc-op>
<heap-resize id="5032" type="expand" space="default" amount="6291456" count="1" timems="0.065" reason="excessive time being spent in gc" timestamp="2019-08-09T08:30:56.386" />
<gc-end id="5033" type="partial gc" contextid="5027" durationms="15.630" usertimems="26.778" systemtimems="17.454" timestamp="2019-08-09T08:30:56.386" activeThreads="16">
  <mem-info id="5034" free="123731968" total="205520896" percent="60">
    <mem type="eden" free="113344" total="4194304" percent="2" />
    <remembered-set count="7648" freebytes="8185728" totalbytes="8216320" percent="99" regionsoverflowed="0" regionsstable="11" regionsrebuilding="0"/>
  </mem-info>
</gc-end>
<cycle-end id="5035" type="partial gc" contextid="5027" timestamp="2019-08-09T08:30:56.386" />
  <attribute name="elasticGC enabled" value="1" />
  <attribute name= "numThreadsSpecified" value="16" />
  <attribute name="heapSize specified" value="0" />
  <attribute name="Current GC Util" value="41" />
  <attribute name= "Current Time Running" value="112571" />
  <attribute name ="GC Interval" value="0" />
  <attribute name="Target GC Util Change" value ="80.000000" />
  <attribute name="Current GC Util Change" value="41.000000"/>
  <attribute name="Current Error" value="39.000000" />
  <attribute name="Output H" value="199267304"/>
  <attribute name="Output I" value="2024"/>
  <attribute name="Output T" value="16"/>
  <attribute name= "Current Time Running" value="112571" />
  <attribute name="GC Util currently" value="41" />
  <attribute name="CPU Util currently" value="465885935183" />
<exclusive-end id="5036" timestamp="2019-08-09T08:30:56.386" durationms="17.089" />

<exclusive-start id="5037" timestamp="2019-08-09T08:30:56.450" intervalms="81.258">
  <response-info timems="0.804" idlems="0.450" threads="1" lastid="0000000001361900" lastname="Thread-52" />
</exclusive-start>
<allocation-taxation id="5038" taxation-threshold="58720256" timestamp="2019-08-09T08:30:56.450" intervalms="81.162" />
<cycle-start id="5039" type="partial gc" contextid="0" timestamp="2019-08-09T08:30:56.450" intervalms="80.950" />
<gc-start id="5040" type="partial gc" contextid="5039" timestamp="2019-08-09T08:30:56.451">
  <mem-info id="5041" free="65011712" total="205520896" percent="31">
    <mem type="eden" free="0" total="58720256" percent="0" />
    <remembered-set count="7232" freebytes="8187392" totalbytes="8216320" percent="99" regionsoverflowed="0" regionsstable="11" regionsrebuilding="0"/>
  </mem-info>
</gc-start>
<allocation-stats totalBytes="58477336" >
  <allocated-bytes non-tlh="32784" tlh="58444552" arrayletleaf="0"/>
  <largest-consumer threadName="Thread-46" threadId="0000000001330F00" bytes="6443224" />
</allocation-stats>
<gc-op id="5042" type="copy forward" timems="25.953" contextid="5039" timestamp="2019-08-09T08:30:56.479">
  <memory-copied type="eden" objects="8601" bytes="3495520" bytesdiscarded="515392" />
  <memory-copied type="other" objects="517" bytes="283600" bytesdiscarded="23936" />
  <memory-cardclean objects="3118" bytes="143728" />
  <regions eden="28" other="4" />
  <remembered-set-cleared processed="366" cleared="110" durationms="0.123" />
  <references type="phantom" candidates="8" cleared="0" enqueued="0" />
  <stringconstants candidates="16338" cleared="0"  />
</gc-op>
<gc-op id="5043" type="classunload" timems="0.017" contextid="5039" timestamp="2019-08-09T08:30:56.479">
  <classunload-info classloadercandidates="69" classloadersunloaded="0" classesunloaded="0" anonymousclassesunloaded="0" quiescems="0.000" setupms="0.016" scanms="0.000" postms="0.000" />
</gc-op>
<heap-resize id="5044" type="expand" space="default" amount="10485760" count="1" timems="0.081" reason="excessive time being spent in gc" timestamp="2019-08-09T08:30:56.479" />
<gc-end id="5045" type="partial gc" contextid="5039" durationms="27.894" usertimems="53.911" systemtimems="35.116" timestamp="2019-08-09T08:30:56.479" activeThreads="16">
  <mem-info id="5046" free="130023424" total="216006656" percent="60">
    <mem type="eden" free="2280224" total="6291456" percent="36" />
    <remembered-set count="8544" freebytes="8601344" totalbytes="8635520" percent="99" regionsoverflowed="0" regionsstable="11" regionsrebuilding="0"/>
  </mem-info>
</gc-end>
<cycle-end id="5047" type="partial gc" contextid="5039" timestamp="2019-08-09T08:30:56.480" />
  <attribute name="elasticGC enabled" value="1" />
  <attribute name= "numThreadsSpecified" value="16" />
  <attribute name="heapSize specified" value="0" />
  <attribute name="Current GC Util" value="95" />
  <attribute name= "Current Time Running" value="112650" />
  <attribute name ="GC Interval" value="0" />
  <attribute name="Target GC Util Change" value ="80.000000" />
  <attribute name="Current GC Util Change" value="95.000000"/>
  <attribute name="Current Error" value="65.000000" />
  <attribute name="Output H" value="205558776"/>
  <attribute name="Output I" value="2040"/>
  <attribute name="Output T" value="16"/>
  <attribute name= "Current Time Running" value="112650" />
  <attribute name="GC Util currently" value="95" />
  <attribute name="CPU Util currently" value="1133104535964" />
<exclusive-end id="5048" timestamp="2019-08-09T08:30:56.480" durationms="29.418" />

<exclusive-start id="5049" timestamp="2019-08-09T08:30:56.517" intervalms="67.049">
  <response-info timems="0.343" idlems="0.336" threads="1" lastid="0000000001352A00" lastname="Thread-44" />
</exclusive-start>
<allocation-taxation id="5050" taxation-threshold="60817408" timestamp="2019-08-09T08:30:56.517" intervalms="67.048" />
<cycle-start id="5051" type="partial gc" contextid="0" timestamp="2019-08-09T08:30:56.520" intervalms="69.628" />
<gc-start id="5052" type="partial gc" contextid="5051" timestamp="2019-08-09T08:30:56.520">
  <mem-info id="5053" free="69206016" total="216006656" percent="32">
    <mem type="eden" free="0" total="60817408" percent="0" />
    <remembered-set count="8320" freebytes="8602240" totalbytes="8635520" percent="99" regionsoverflowed="0" regionsstable="11" regionsrebuilding="0"/>
  </mem-info>
</gc-start>
<allocation-stats totalBytes="60459288" >
  <allocated-bytes non-tlh="32776" tlh="60426512" arrayletleaf="0"/>
  <largest-consumer threadName="Thread-50" threadId="000000000135A200" bytes="6550672" />
</allocation-stats>
<gc-op id="5054" type="copy forward" timems="11.721" contextid="5051" timestamp="2019-08-09T08:30:56.533">
  <memory-copied type="eden" objects="8462" bytes="3459400" bytesdiscarded="407240" />
  <memory-copied type="other" objects="25" bytes="1248" bytesdiscarded="0" />
  <memory-cardclean objects="3070" bytes="141752" />
  <regions eden="29" other="3" />
  <remembered-set-cleared processed="364" cleared="84" durationms="0.365" />
  <references type="phantom" candidates="3" cleared="0" enqueued="0" />
  <stringconstants candidates="16338" cleared="0"  />
</gc-op>
<gc-op id="5055" type="classunload" timems="0.017" contextid="5051" timestamp="2019-08-09T08:30:56.533">
  <classunload-info classloadercandidates="69" classloadersunloaded="0" classesunloaded="0" anonymousclassesunloaded="0" quiescems="0.000" setupms="0.017" scanms="0.000" postms="0.000" />
</gc-op>
<gc-end id="5056" type="partial gc" contextid="5051" durationms="12.986" usertimems="33.265" systemtimems="9.467" timestamp="2019-08-09T08:30:56.533" activeThreads="16">
  <mem-info id="5057" free="130023424" total="216006656" percent="60">
    <mem type="eden" free="327384" total="4194304" percent="7" />
    <remembered-set count="7840" freebytes="8604160" totalbytes="8635520" percent="99" regionsoverflowed="0" regionsstable="11" regionsrebuilding="0"/>
  </mem-info>
</gc-end>
<cycle-end id="5058" type="partial gc" contextid="5051" timestamp="2019-08-09T08:30:56.534" />
  <attribute name="elasticGC enabled" value="1" />
  <attribute name= "numThreadsSpecified" value="16" />
  <attribute name="heapSize specified" value="0" />
  <attribute name="Current GC Util" value="99" />
  <attribute name= "Current Time Running" value="112719" />
  <attribute name ="GC Interval" value="0" />
  <attribute name="Target GC Util Change" value ="80.000000" />
  <attribute name="Current GC Util Change" value="99.000000"/>
  <attribute name="Current Error" value="33.000000" />
  <attribute name="Output H" value="216044520"/>
  <attribute name="Output I" value="2024"/>
  <attribute name="Output T" value="16"/>
  <attribute name= "Current Time Running" value="112719" />
  <attribute name="GC Util currently" value="99" />
  <attribute name="CPU Util currently" value="1626896565493" />
<exclusive-end id="5059" timestamp="2019-08-09T08:30:56.534" durationms="16.345" />

<exclusive-start id="5060" timestamp="2019-08-09T08:30:56.613" intervalms="96.018">
  <response-info timems="4.124" idlems="2.063" threads="1" lastid="000000000134EE00" lastname="Thread-51" />
</exclusive-start>
<allocation-taxation id="5061" taxation-threshold="60817408" timestamp="2019-08-09T08:30:56.613" intervalms="96.004" />
<cycle-start id="5062" type="partial gc" contextid="0" timestamp="2019-08-09T08:30:56.614" intervalms="93.440" />
<gc-start id="5063" type="partial gc" contextid="5062" timestamp="2019-08-09T08:30:56.614">
  <mem-info id="5064" free="69206016" total="216006656" percent="32">
    <mem type="eden" free="0" total="60817408" percent="0" />
    <remembered-set count="7360" freebytes="8606080" totalbytes="8635520" percent="99" regionsoverflowed="0" regionsstable="11" regionsrebuilding="0"/>
  </mem-info>
</gc-start>
<allocation-stats totalBytes="60684312" >
  <allocated-bytes non-tlh="155704" tlh="60528608" arrayletleaf="0"/>
  <largest-consumer threadName="Thread-52" threadId="0000000001361900" bytes="7017112" />
</allocation-stats>
<gc-op id="5065" type="copy forward" timems="15.020" contextid="5062" timestamp="2019-08-09T08:30:56.630">
  <memory-copied type="eden" objects="10039" bytes="3877728" bytesdiscarded="584672" />
  <memory-copied type="other" objects="8" bytes="288" bytesdiscarded="0" />
  <memory-cardclean objects="3088" bytes="142056" />
  <regions eden="29" other="2" />
  <remembered-set-cleared processed="367" cleared="86" durationms="0.326" />
  <stringconstants candidates="16338" cleared="0"  />
</gc-op>
<gc-op id="5066" type="classunload" timems="0.017" contextid="5062" timestamp="2019-08-09T08:30:56.630">
  <classunload-info classloadercandidates="69" classloadersunloaded="0" classesunloaded="0" anonymousclassesunloaded="0" quiescems="0.000" setupms="0.017" scanms="0.000" postms="0.000" />
</gc-op>
<heap-resize id="5067" type="expand" space="default" amount="10485760" count="1" timems="0.074" reason="excessive time being spent in gc" timestamp="2019-08-09T08:30:56.630" />
<gc-end id="5068" type="partial gc" contextid="5062" durationms="16.796" usertimems="32.343" systemtimems="19.442" timestamp="2019-08-09T08:30:56.631" activeThreads="16">
  <mem-info id="5069" free="136314880" total="226492416" percent="60">
    <mem type="eden" free="1828808" total="6291456" percent="29" />
    <remembered-set count="7840" freebytes="9023360" totalbytes="9054720" percent="99" regionsoverflowed="0" regionsstable="11" regionsrebuilding="0"/>
  </mem-info>
</gc-end>
<cycle-end id="5070" type="partial gc" contextid="5062" timestamp="2019-08-09T08:30:56.631" />
  <attribute name="elasticGC enabled" value="1" />
  <attribute name= "numThreadsSpecified" value="16" />
  <attribute name="heapSize specified" value="0" />
  <attribute name="Current GC Util" value="130" />
  <attribute name= "Current Time Running" value="112813" />
  <attribute name ="GC Interval" value="0" />
  <attribute name="Target GC Util Change" value ="80.000000" />
  <attribute name="Current GC Util Change" value="130.000000"/>
  <attribute name="Current Error" value="-50.000000" />
  <attribute name="Output H" value="216044472"/>
  <attribute name="Output I" value="1976"/>
  <attribute name="Output T" value="16"/>
  <attribute name= "Current Time Running" value="112813" />
  <attribute name="GC Util currently" value="130" />
  <attribute name="CPU Util currently" value="1167106411976" />
<exclusive-end id="5071" timestamp="2019-08-09T08:30:56.631" durationms="17.720" />

<exclusive-start id="5072" timestamp="2019-08-09T08:30:56.670" intervalms="56.924">
  <response-info timems="4.809" idlems="4.809" threads="0" lastid="0000000001352A00" lastname="Thread-44" />
</exclusive-start>
<allocation-taxation id="5073" taxation-threshold="62914560" timestamp="2019-08-09T08:30:56.672" intervalms="58.957" />
<cycle-start id="5074" type="partial gc" contextid="0" timestamp="2019-08-09T08:30:56.673" intervalms="58.998" />
<gc-start id="5075" type="partial gc" contextid="5074" timestamp="2019-08-09T08:30:56.674">
  <mem-info id="5076" free="73400320" total="226492416" percent="32">
    <mem type="eden" free="0" total="62914560" percent="0" />
    <remembered-set count="7520" freebytes="9024640" totalbytes="9054720" percent="99" regionsoverflowed="0" regionsstable="11" regionsrebuilding="0"/>
  </mem-info>
</gc-start>
<allocation-stats totalBytes="62646776" >
  <allocated-bytes non-tlh="81944" tlh="62564832" arrayletleaf="0"/>
  <largest-consumer threadName="Thread-51" threadId="000000000134EE00" bytes="5828080" />
</allocation-stats>
<gc-op id="5077" type="copy forward" timems="11.671" contextid="5074" timestamp="2019-08-09T08:30:56.692">
  <memory-copied type="eden" objects="10434" bytes="3962336" bytesdiscarded="493400" />
  <memory-copied type="other" objects="20" bytes="720" bytesdiscarded="0" />
  <memory-cardclean objects="3081" bytes="142200" />
  <regions eden="30" other="3" />
  <remembered-set-cleared processed="364" cleared="83" durationms="0.305" />
  <references type="weak" candidates="1" cleared="0" enqueued="0" />
  <references type="phantom" candidates="3" cleared="0" enqueued="0" />
  <stringconstants candidates="16338" cleared="0"  />
</gc-op>
<gc-op id="5078" type="classunload" timems="0.014" contextid="5074" timestamp="2019-08-09T08:30:56.692">
  <classunload-info classloadercandidates="69" classloadersunloaded="0" classesunloaded="0" anonymousclassesunloaded="0" quiescems="0.000" setupms="0.014" scanms="0.000" postms="0.000" />
</gc-op>
<heap-resize id="5079" type="expand" space="default" amount="10485760" count="1" timems="0.077" reason="excessive time being spent in gc" timestamp="2019-08-09T08:30:56.692" />
<gc-end id="5080" type="partial gc" contextid="5074" durationms="18.685" usertimems="30.201" systemtimems="15.080" timestamp="2019-08-09T08:30:56.692" activeThreads="16">
  <mem-info id="5081" free="142606336" total="236978176" percent="60">
    <mem type="eden" free="3932600" total="8388608" percent="46" />
    <remembered-set count="8352" freebytes="9440512" totalbytes="9473920" percent="99" regionsoverflowed="0" regionsstable="11" regionsrebuilding="0"/>
  </mem-info>
</gc-end>
<cycle-end id="5082" type="partial gc" contextid="5074" timestamp="2019-08-09T08:30:56.692" />
  <attribute name="elasticGC enabled" value="1" />
  <attribute name= "numThreadsSpecified" value="16" />
  <attribute name="heapSize specified" value="0" />
  <attribute name="Current GC Util" value="35" />
  <attribute name= "Current Time Running" value="112878" />
  <attribute name ="GC Interval" value="0" />
  <attribute name="Target GC Util Change" value ="80.000000" />
  <attribute name="Current GC Util Change" value="35.000000"/>
  <attribute name="Current Error" value="12.000000" />
  <attribute name="Output H" value="226530264"/>
  <attribute name="Output I" value="2008"/>
  <attribute name="Output T" value="16"/>
  <attribute name= "Current Time Running" value="112878" />
  <attribute name="GC Util currently" value="35" />
  <attribute name="CPU Util currently" value="316504487201" />
<exclusive-end id="5083" timestamp="2019-08-09T08:30:56.692" durationms="22.134" />

<exclusive-start id="5084" timestamp="2019-08-09T08:30:56.770" intervalms="99.825">
  <response-info timems="0.494" idlems="0.487" threads="1" lastid="000000000132D300" lastname="Thread-45" />
</exclusive-start>
<allocation-taxation id="5085" taxation-threshold="67108864" timestamp="2019-08-09T08:30:56.770" intervalms="97.792" />
<cycle-start id="5086" type="partial gc" contextid="0" timestamp="2019-08-09T08:30:56.770" intervalms="97.747" />
<gc-start id="5087" type="partial gc" contextid="5086" timestamp="2019-08-09T08:30:56.771">
  <mem-info id="5088" free="75497472" total="236978176" percent="31">
    <mem type="eden" free="0" total="67108864" percent="0" />
    <remembered-set count="7968" freebytes="9442048" totalbytes="9473920" percent="99" regionsoverflowed="0" regionsstable="11" regionsrebuilding="0"/>
  </mem-info>
</gc-start>
<allocation-stats totalBytes="66894304" >
  <allocated-bytes non-tlh="0" tlh="66894304" arrayletleaf="0"/>
  <largest-consumer threadName="Thread-49" threadId="000000000136CD00" bytes="6955520" />
</allocation-stats>
<gc-op id="5089" type="copy forward" timems="7.606" contextid="5086" timestamp="2019-08-09T08:30:56.779">
  <memory-copied type="eden" objects="7656" bytes="2980992" bytesdiscarded="409432" />
  <memory-copied type="other" objects="28" bytes="1008" bytesdiscarded="0" />
  <memory-cardclean objects="3087" bytes="142312" />
  <memory-traced type="eden" objects="1063" bytes="157680" />
  <memory-traced type="other" objects="0" bytes="0" />
  <regions eden="32" other="5" evacuated="36" marked="1" />
  <remembered-set-cleared processed="370" cleared="89" durationms="0.148" />
  <references type="weak" candidates="1" cleared="0" enqueued="0" />
  <references type="phantom" candidates="5" cleared="0" enqueued="0" />
  <stringconstants candidates="16338" cleared="0"  />
</gc-op>
<gc-op id="5090" type="classunload" timems="0.012" contextid="5086" timestamp="2019-08-09T08:30:56.779">
  <classunload-info classloadercandidates="69" classloadersunloaded="0" classesunloaded="0" anonymousclassesunloaded="0" quiescems="0.000" setupms="0.012" scanms="0.000" postms="0.000" />
</gc-op>
<gc-op id="5091" type="sweep" timems="1.531" contextid="5086" timestamp="2019-08-09T08:30:56.781" />
<gc-op id="5092" type="compact" timems="5.264" contextid="5086" timestamp="2019-08-09T08:30:56.786">
  <compact-info movecount="0" movebytes="0" />
  <remembered-set-cleared processed="1009" cleared="89" durationms="0.148" />
</gc-op>
<gc-end id="5093" type="partial gc" contextid="5086" durationms="15.652" usertimems="31.436" systemtimems="17.491" timestamp="2019-08-09T08:30:56.786" activeThreads="16">
  <mem-info id="5094" free="142606336" total="236978176" percent="60">
    <mem type="eden" free="803656" total="6291456" percent="12" />
    <remembered-set count="3296" freebytes="9460736" totalbytes="9473920" percent="99" regionsoverflowed="0" regionsstable="11" regionsrebuilding="0"/>
  </mem-info>
</gc-end>
<cycle-end id="5095" type="partial gc" contextid="5086" timestamp="2019-08-09T08:30:56.786" />
  <attribute name="elasticGC enabled" value="1" />
  <attribute name= "numThreadsSpecified" value="16" />
  <attribute name="heapSize specified" value="0" />
  <attribute name="Current GC Util" value="140" />
  <attribute name= "Current Time Running" value="112978" />
  <attribute name ="GC Interval" value="0" />
  <attribute name="Target GC Util Change" value ="80.000000" />
  <attribute name="Current GC Util Change" value="140.000000"/>
  <attribute name="Current Error" value="-60.000000" />
  <attribute name="Output H" value="237015984"/>
  <attribute name="Output I" value="1968"/>
  <attribute name="Output T" value="16"/>
  <attribute name= "Current Time Running" value="112978" />
  <attribute name="GC Util currently" value="140" />
  <attribute name="CPU Util currently" value="696686074088" />
<exclusive-end id="5096" timestamp="2019-08-09T08:30:56.787" durationms="16.464" />

<exclusive-start id="5097" timestamp="2019-08-09T08:30:56.839" intervalms="69.061">
  <response-info timems="6.719" idlems="6.719" threads="0" lastid="000000000136CD00" lastname="Thread-49" />
</exclusive-start>
<allocation-taxation id="5098" taxation-threshold="67108864" timestamp="2019-08-09T08:30:56.839" intervalms="69.084" />
<cycle-start id="5099" type="partial gc" contextid="0" timestamp="2019-08-09T08:30:56.839" intervalms="69.081" />
<gc-start id="5100" type="partial gc" contextid="5099" timestamp="2019-08-09T08:30:56.840">
  <mem-info id="5101" free="75497472" total="236978176" percent="31">
    <mem type="eden" free="0" total="69206016" percent="0" />
    <remembered-set count="3296" freebytes="9460736" totalbytes="9473920" percent="99" regionsoverflowed="0" regionsstable="11" regionsrebuilding="0"/>
  </mem-info>
</gc-start>
<allocation-stats totalBytes="66917480" >
  <allocated-bytes non-tlh="475256" tlh="66442224" arrayletleaf="0"/>
  <largest-consumer threadName="Thread-46" threadId="0000000001330F00" bytes="7350336" />
</allocation-stats>
<gc-op id="5102" type="copy forward" timems="5.841" contextid="5099" timestamp="2019-08-09T08:30:56.846">
  <memory-copied type="eden" objects="8455" bytes="3386824" bytesdiscarded="0" />
  <memory-copied type="other" objects="775" bytes="303832" bytesdiscarded="0" />
  <memory-cardclean objects="2960" bytes="137696" />
  <regions eden="32" other="4" />
  <remembered-set-cleared processed="365" cleared="83" durationms="0.513" />
  <references type="phantom" candidates="1" cleared="0" enqueued="0" />
  <stringconstants candidates="16338" cleared="0"  />
</gc-op>
<gc-op id="5103" type="classunload" timems="0.012" contextid="5099" timestamp="2019-08-09T08:30:56.847">
  <classunload-info classloadercandidates="69" classloadersunloaded="0" classesunloaded="0" anonymousclassesunloaded="0" quiescems="0.000" setupms="0.012" scanms="0.000" postms="0.000" />
</gc-op>
<gc-end id="5104" type="partial gc" contextid="5099" durationms="6.944" usertimems="14.175" systemtimems="1.328" timestamp="2019-08-09T08:30:56.847" activeThreads="1">
  <mem-info id="5105" free="142606336" total="236978176" percent="60">
    <mem type="eden" free="807248" total="4194304" percent="19" />
    <remembered-set count="2752" freebytes="9462912" totalbytes="9473920" percent="99" regionsoverflowed="0" regionsstable="11" regionsrebuilding="0"/>
  </mem-info>
</gc-end>
<cycle-end id="5106" type="partial gc" contextid="5099" timestamp="2019-08-09T08:30:56.847" />
  <attribute name="elasticGC enabled" value="1" />
  <attribute name= "numThreadsSpecified" value="1" />
  <attribute name="heapSize specified" value="0" />
  <attribute name="Current GC Util" value="82" />
  <attribute name= "Current Time Running" value="113038" />
  <attribute name ="GC Interval" value="0" />
  <attribute name="Target GC Util Change" value ="80.000000" />
  <attribute name="Current GC Util Change" value="82.000000"/>
  <attribute name="Current Error" value="-14.000000" />
  <attribute name="Output H" value="237016008"/>
  <attribute name="Output I" value="1992"/>
  <attribute name="Output T" value="1"/>
  <attribute name= "Current Time Running" value="113038" />
  <attribute name="GC Util currently" value="82" />
  <attribute name="CPU Util currently" value="2723116893863" />
<exclusive-end id="5107" timestamp="2019-08-09T08:30:56.847" durationms="7.933" />

<exclusive-start id="5108" timestamp="2019-08-09T08:30:56.886" intervalms="46.337">
  <response-info timems="2.489" idlems="2.489" threads="0" lastid="0000000001338600" lastname="Thread-40" />
</exclusive-start>
<allocation-taxation id="5109" taxation-threshold="67108864" timestamp="2019-08-09T08:30:56.886" intervalms="46.344" />
<cycle-start id="5110" type="partial gc" contextid="0" timestamp="2019-08-09T08:30:56.886" intervalms="46.378" />
<gc-start id="5111" type="partial gc" contextid="5110" timestamp="2019-08-09T08:30:56.886">
  <mem-info id="5112" free="75497472" total="236978176" percent="31">
    <mem type="eden" free="0" total="67108864" percent="0" />
    <remembered-set count="2720" freebytes="9463040" totalbytes="9473920" percent="99" regionsoverflowed="0" regionsstable="11" regionsrebuilding="0"/>
  </mem-info>
</gc-start>
<allocation-stats totalBytes="66952856" >
  <allocated-bytes non-tlh="81952" tlh="66870904" arrayletleaf="0"/>
  <largest-consumer threadName="Thread-49" threadId="000000000136CD00" bytes="9829096" />
</allocation-stats>
<gc-op id="5113" type="copy forward" timems="13.972" contextid="5110" timestamp="2019-08-09T08:30:56.901">
  <memory-copied type="eden" objects="10472" bytes="4149560" bytesdiscarded="495232" />
  <memory-copied type="other" objects="34" bytes="1360" bytesdiscarded="0" />
  <memory-cardclean objects="3079" bytes="142024" />
  <regions eden="32" other="4" />
  <remembered-set-cleared processed="362" cleared="79" durationms="0.140" />
  <references type="phantom" candidates="1" cleared="0" enqueued="0" />
  <stringconstants candidates="16338" cleared="0"  />
</gc-op>
<gc-op id="5114" type="classunload" timems="0.010" contextid="5110" timestamp="2019-08-09T08:30:56.901">
  <classunload-info classloadercandidates="69" classloadersunloaded="0" classesunloaded="0" anonymousclassesunloaded="0" quiescems="0.000" setupms="0.010" scanms="0.000" postms="0.000" />
</gc-op>
<heap-resize id="5115" type="expand" space="default" amount="10485760" count="1" timems="0.070" reason="excessive time being spent in gc" timestamp="2019-08-09T08:30:56.901" />
<gc-end id="5116" type="partial gc" contextid="5110" durationms="15.440" usertimems="22.541" systemtimems="13.289" timestamp="2019-08-09T08:30:56.902" activeThreads="16">
  <mem-info id="5117" free="148897792" total="247463936" percent="60">
    <mem type="eden" free="3743552" total="8388608" percent="44" />
    <remembered-set count="8416" freebytes="9859456" totalbytes="9893120" percent="99" regionsoverflowed="0" regionsstable="11" regionsrebuilding="0"/>
  </mem-info>
</gc-end>
<cycle-end id="5118" type="partial gc" contextid="5110" timestamp="2019-08-09T08:30:56.902" />
  <attribute name="elasticGC enabled" value="1" />
  <attribute name= "numThreadsSpecified" value="16" />
  <attribute name="heapSize specified" value="0" />
  <attribute name="Current GC Util" value="275" />
  <attribute name= "Current Time Running" value="113085" />
  <attribute name ="GC Interval" value="0" />
  <attribute name="Target GC Util Change" value ="80.000000" />
  <attribute name="Current GC Util Change" value="275.000000"/>
  <attribute name="Current Error" value="-145.000000" />
  <attribute name="Output H" value="237015936"/>
  <attribute name="Output I" value="1920"/>
  <attribute name="Output T" value="16"/>
  <attribute name= "Current Time Running" value="113085" />
  <attribute name="GC Util currently" value="275" />
  <attribute name="CPU Util currently" value="1370924432151" />
<exclusive-end id="5119" timestamp="2019-08-09T08:30:56.902" durationms="16.535" />

<exclusive-start id="5120" timestamp="2019-08-09T08:30:56.954" intervalms="68.922">
  <response-info timems="0.476" idlems="0.476" threads="0" lastid="000000000134EE00" lastname="Thread-51" />
</exclusive-start>
<allocation-taxation id="5121" taxation-threshold="69206016" timestamp="2019-08-09T08:30:56.955" intervalms="68.891" />
<cycle-start id="5122" type="partial gc" contextid="0" timestamp="2019-08-09T08:30:56.955" intervalms="68.857" />
<gc-start id="5123" type="partial gc" contextid="5122" timestamp="2019-08-09T08:30:56.955">
  <mem-info id="5124" free="79691776" total="247463936" percent="32">
    <mem type="eden" free="0" total="69206016" percent="0" />
    <remembered-set count="8064" freebytes="9860864" totalbytes="9893120" percent="99" regionsoverflowed="0" regionsstable="11" regionsrebuilding="0"/>
  </mem-info>
</gc-start>
<allocation-stats totalBytes="69058072" >
  <allocated-bytes non-tlh="16392" tlh="69041680" arrayletleaf="0"/>
  <largest-consumer threadName="Thread-49" threadId="000000000136CD00" bytes="7342304" />
</allocation-stats>
<gc-op id="5125" type="copy forward" timems="15.248" contextid="5122" timestamp="2019-08-09T08:30:56.972">
  <memory-copied type="eden" objects="9006" bytes="3450768" bytesdiscarded="626488" />
  <memory-copied type="other" objects="28" bytes="1360" bytesdiscarded="0" />
  <memory-cardclean objects="3067" bytes="142168" />
  <regions eden="33" other="5" />
  <remembered-set-cleared processed="361" cleared="78" durationms="0.244" />
  <references type="weak" candidates="1" cleared="0" enqueued="0" />
  <references type="phantom" candidates="3" cleared="0" enqueued="0" />
  <stringconstants candidates="16338" cleared="0"  />
</gc-op>
<gc-op id="5126" type="classunload" timems="0.015" contextid="5122" timestamp="2019-08-09T08:30:56.972">
  <classunload-info classloadercandidates="69" classloadersunloaded="0" classesunloaded="0" anonymousclassesunloaded="0" quiescems="0.000" setupms="0.014" scanms="0.000" postms="0.000" />
</gc-op>
<gc-end id="5127" type="partial gc" contextid="5122" durationms="16.881" usertimems="39.304" systemtimems="17.285" timestamp="2019-08-09T08:30:56.972" activeThreads="16">
  <mem-info id="5128" free="150994944" total="247463936" percent="61">
    <mem type="eden" free="116784" total="4194304" percent="2" />
    <remembered-set count="8928" freebytes="9857408" totalbytes="9893120" percent="99" regionsoverflowed="0" regionsstable="11" regionsrebuilding="0"/>
  </mem-info>
</gc-end>
<cycle-end id="5129" type="partial gc" contextid="5122" timestamp="2019-08-09T08:30:56.972" />
  <attribute name="elasticGC enabled" value="1" />
  <attribute name= "numThreadsSpecified" value="16" />
  <attribute name="heapSize specified" value="0" />
  <attribute name="Current GC Util" value="188" />
  <attribute name= "Current Time Running" value="113154" />
  <attribute name ="GC Interval" value="0" />
  <attribute name="Target GC Util Change" value ="80.000000" />
  <attribute name="Current GC Util Change" value="188.000000"/>
  <attribute name="Current Error" value="-108.000000" />
  <attribute name="Output H" value="247501720"/>
  <attribute name="Output I" value="1944"/>
  <attribute name="Output T" value="16"/>
  <attribute name= "Current Time Running" value="113154" />
  <attribute name="GC Util currently" value="188" />
  <attribute name="CPU Util currently" value="1222251151724" />
<exclusive-end id="5130" timestamp="2019-08-09T08:30:56.972" durationms="17.825" />

<exclusive-start id="5131" timestamp="2019-08-09T08:30:57.004" intervalms="49.957">
  <response-info timems="0.740" idlems="0.740" threads="0" lastid="000000000133C200" lastname="Thread-39" />
</exclusive-start>
<allocation-taxation id="5132" taxation-threshold="69206016" timestamp="2019-08-09T08:30:57.005" intervalms="50.040" />
<cycle-start id="5133" type="partial gc" contextid="0" timestamp="2019-08-09T08:30:57.005" intervalms="50.061" />
<gc-start id="5134" type="partial gc" contextid="5133" timestamp="2019-08-09T08:30:57.005">
  <mem-info id="5135" free="81788928" total="247463936" percent="33">
    <mem type="eden" free="0" total="69206016" percent="0" />
    <remembered-set count="8576" freebytes="9858816" totalbytes="9893120" percent="99" regionsoverflowed="0" regionsstable="11" regionsrebuilding="0"/>
  </mem-info>
</gc-start>
<allocation-stats totalBytes="69037824" >
  <allocated-bytes non-tlh="81944" tlh="68955880" arrayletleaf="0"/>
  <largest-consumer threadName="Thread-45" threadId="000000000132D300" bytes="7774800" />
</allocation-stats>
<gc-op id="5136" type="copy forward" timems="9.478" contextid="5133" timestamp="2019-08-09T08:30:57.016">
  <memory-copied type="eden" objects="9817" bytes="3891176" bytesdiscarded="524584" />
  <memory-copied type="other" objects="27" bytes="1008" bytesdiscarded="0" />
  <memory-cardclean objects="3067" bytes="142048" />
  <regions eden="33" other="3" />
  <remembered-set-cleared processed="358" cleared="76" durationms="0.130" />
  <references type="weak" candidates="2" cleared="0" enqueued="0" />
  <references type="phantom" candidates="3" cleared="0" enqueued="0" />
  <stringconstants candidates="16338" cleared="0"  />
</gc-op>
<gc-op id="5137" type="classunload" timems="0.011" contextid="5133" timestamp="2019-08-09T08:30:57.016">
  <classunload-info classloadercandidates="69" classloadersunloaded="0" classesunloaded="0" anonymousclassesunloaded="0" quiescems="0.000" setupms="0.011" scanms="0.000" postms="0.000" />
</gc-op>
<heap-resize id="5138" type="expand" space="default" amount="10485760" count="1" timems="0.074" reason="excessive time being spent in gc" timestamp="2019-08-09T08:30:57.016" />
<gc-end id="5139" type="partial gc" contextid="5133" durationms="10.891" usertimems="14.709" systemtimems="12.402" timestamp="2019-08-09T08:30:57.016" activeThreads="16">
  <mem-info id="5140" free="155189248" total="257949696" percent="60">
    <mem type="eden" free="3972592" total="8388608" percent="47" />
    <remembered-set count="8928" freebytes="10276608" totalbytes="10312320" percent="99" regionsoverflowed="0" regionsstable="11" regionsrebuilding="0"/>
  </mem-info>
</gc-end>
<cycle-end id="5141" type="partial gc" contextid="5133" timestamp="2019-08-09T08:30:57.016" />
  <attribute name="elasticGC enabled" value="1" />
  <attribute name= "numThreadsSpecified" value="16" />
  <attribute name="heapSize specified" value="0" />
  <attribute name="Current GC Util" value="111" />
  <attribute name= "Current Time Running" value="113204" />
  <attribute name ="GC Interval" value="0" />
  <attribute name="Target GC Util Change" value ="80.000000" />
  <attribute name="Current GC Util Change" value="111.000000"/>
  <attribute name="Current Error" value="-140.000000" />
  <attribute name="Output H" value="247501696"/>
  <attribute name="Output I" value="1920"/>
  <attribute name="Output T" value="16"/>
  <attribute name= "Current Time Running" value="113204" />
  <attribute name="GC Util currently" value="111" />
  <attribute name="CPU Util currently" value="1579837811437" />
<exclusive-end id="5142" timestamp="2019-08-09T08:30:57.016" durationms="11.969" />

<exclusive-start id="5143" timestamp="2019-08-09T08:30:57.070" intervalms="65.972">
  <response-info timems="10.238" idlems="10.238" threads="0" lastid="0000000001352A00" lastname="Thread-44" />
</exclusive-start>
<allocation-taxation id="5144" taxation-threshold="71303168" timestamp="2019-08-09T08:30:57.070" intervalms="65.904" />
<cycle-start id="5145" type="partial gc" contextid="0" timestamp="2019-08-09T08:30:57.071" intervalms="65.881" />
<gc-start id="5146" type="partial gc" contextid="5145" timestamp="2019-08-09T08:30:57.071">
  <mem-info id="5147" free="83886080" total="257949696" percent="32">
    <mem type="eden" free="0" total="71303168" percent="0" />
    <remembered-set count="8512" freebytes="10278272" totalbytes="10312320" percent="99" regionsoverflowed="0" regionsstable="11" regionsrebuilding="0"/>
  </mem-info>
</gc-start>
<allocation-stats totalBytes="71157424" >
  <allocated-bytes non-tlh="65552" tlh="71091872" arrayletleaf="0"/>
  <largest-consumer threadName="Thread-51" threadId="000000000134EE00" bytes="7830680" />
</allocation-stats>
<gc-op id="5148" type="copy forward" timems="9.410" contextid="5145" timestamp="2019-08-09T08:30:57.084">
  <memory-copied type="eden" objects="10495" bytes="4112352" bytesdiscarded="517584" />
  <memory-copied type="other" objects="33" bytes="1256" bytesdiscarded="0" />
  <memory-cardclean objects="3076" bytes="142240" />
  <regions eden="34" other="5" />
  <remembered-set-cleared processed="365" cleared="83" durationms="0.136" />
  <references type="weak" candidates="1" cleared="0" enqueued="0" />
  <references type="phantom" candidates="2" cleared="0" enqueued="0" />
  <stringconstants candidates="16338" cleared="0"  />
</gc-op>
<gc-op id="5149" type="classunload" timems="0.012" contextid="5145" timestamp="2019-08-09T08:30:57.084">
  <classunload-info classloadercandidates="69" classloadersunloaded="0" classesunloaded="0" anonymousclassesunloaded="0" quiescems="0.000" setupms="0.011" scanms="0.000" postms="0.000" />
</gc-op>
<heap-resize id="5150" type="expand" space="default" amount="4194304" count="1" timems="0.157" reason="excessive time being spent in gc" timestamp="2019-08-09T08:30:57.084" />
<gc-end id="5151" type="partial gc" contextid="5145" durationms="13.134" usertimems="13.838" systemtimems="19.098" timestamp="2019-08-09T08:30:57.084" activeThreads="16">
  <mem-info id="5152" free="157286400" total="262144000" percent="60">
    <mem type="eden" free="3758408" total="8388608" percent="44" />
    <remembered-set count="8416" freebytes="10446336" totalbytes="10480000" percent="99" regionsoverflowed="0" regionsstable="11" regionsrebuilding="0"/>
  </mem-info>
</gc-end>
<cycle-end id="5153" type="partial gc" contextid="5145" timestamp="2019-08-09T08:30:57.084" />
  <attribute name="elasticGC enabled" value="1" />
  <attribute name= "numThreadsSpecified" value="16" />
  <attribute name="heapSize specified" value="0" />
  <attribute name="Current GC Util" value="41" />
  <attribute name= "Current Time Running" value="113272" />
  <attribute name ="GC Interval" value="0" />
  <attribute name="Target GC Util Change" value ="80.000000" />
  <attribute name="Current GC Util Change" value="41.000000"/>
  <attribute name="Current Error" value="-62.000000" />
  <attribute name="Output H" value="257987504"/>
  <attribute name="Output I" value="1968"/>
  <attribute name="Output T" value="16"/>
  <attribute name= "Current Time Running" value="113272" />
  <attribute name="GC Util currently" value="41" />
  <attribute name="CPU Util currently" value="410314069754" />
<exclusive-end id="5154" timestamp="2019-08-09T08:30:57.084" durationms="13.720" />

<exclusive-start id="5155" timestamp="2019-08-09T08:30:57.127" intervalms="56.735">
  <response-info timems="0.561" idlems="0.561" threads="0" lastid="000000000133C200" lastname="Thread-39" />
</exclusive-start>
<allocation-taxation id="5156" taxation-threshold="73400320" timestamp="2019-08-09T08:30:57.127" intervalms="56.725" />
<cycle-start id="5157" type="partial gc" contextid="0" timestamp="2019-08-09T08:30:57.127" intervalms="56.757" />
<gc-start id="5158" type="partial gc" contextid="5157" timestamp="2019-08-09T08:30:57.128">
  <mem-info id="5159" free="83886080" total="262144000" percent="32">
    <mem type="eden" free="0" total="73400320" percent="0" />
    <remembered-set count="8032" freebytes="10447872" totalbytes="10480000" percent="99" regionsoverflowed="0" regionsstable="11" regionsrebuilding="0"/>
  </mem-info>
</gc-start>
<allocation-stats totalBytes="73071664" >
  <allocated-bytes non-tlh="32776" tlh="73038888" arrayletleaf="0"/>
  <largest-consumer threadName="Thread-51" threadId="000000000134EE00" bytes="9220680" />
</allocation-stats>
<gc-op id="5160" type="copy forward" timems="9.850" contextid="5157" timestamp="2019-08-09T08:30:57.138">
  <memory-copied type="eden" objects="8435" bytes="3569920" bytesdiscarded="462328" />
  <memory-copied type="other" objects="30" bytes="1048" bytesdiscarded="0" />
  <memory-cardclean objects="3072" bytes="142408" />
  <regions eden="35" other="5" />
  <remembered-set-cleared processed="370" cleared="88" durationms="0.120" />
  <references type="phantom" candidates="7" cleared="0" enqueued="0" />
  <stringconstants candidates="16338" cleared="0"  />
</gc-op>
<gc-op id="5161" type="classunload" timems="0.011" contextid="5157" timestamp="2019-08-09T08:30:57.138">
  <classunload-info classloadercandidates="69" classloadersunloaded="0" classesunloaded="0" anonymousclassesunloaded="0" quiescems="0.000" setupms="0.011" scanms="0.000" postms="0.000" />
</gc-op>
<gc-end id="5162" type="partial gc" contextid="5157" durationms="10.946" usertimems="14.115" systemtimems="14.038" timestamp="2019-08-09T08:30:57.139" activeThreads="16">
  <mem-info id="5163" free="159383552" total="262144000" percent="60">
    <mem type="eden" free="161744" total="4194304" percent="3" />
    <remembered-set count="6880" freebytes="10452480" totalbytes="10480000" percent="99" regionsoverflowed="0" regionsstable="11" regionsrebuilding="0"/>
  </mem-info>
</gc-end>
<cycle-end id="5164" type="partial gc" contextid="5157" timestamp="2019-08-09T08:30:57.139" />
  <attribute name="elasticGC enabled" value="1" />
  <attribute name= "numThreadsSpecified" value="16" />
  <attribute name="heapSize specified" value="0" />
  <attribute name="Current GC Util" value="115" />
  <attribute name= "Current Time Running" value="113326" />
  <attribute name ="GC Interval" value="0" />
  <attribute name="Target GC Util Change" value ="80.000000" />
  <attribute name="Current GC Util Change" value="115.000000"/>
  <attribute name="Current Error" value="-35.000000" />
  <attribute name="Output H" value="262181824"/>
  <attribute name="Output I" value="1984"/>
  <attribute name="Output T" value="16"/>
  <attribute name= "Current Time Running" value="113326" />
  <attribute name="GC Util currently" value="115" />
  <attribute name="CPU Util currently" value="1803446019562" />
<exclusive-end id="5165" timestamp="2019-08-09T08:30:57.139" durationms="11.807" />

<exclusive-start id="5166" timestamp="2019-08-09T08:30:57.201" intervalms="74.358">
  <response-info timems="0.663" idlems="0.652" threads="1" lastid="0000000001325B00" lastname="Thread-43" />
</exclusive-start>
<allocation-taxation id="5167" taxation-threshold="73400320" timestamp="2019-08-09T08:30:57.202" intervalms="74.364" />
<cycle-start id="5168" type="partial gc" contextid="0" timestamp="2019-08-09T08:30:57.202" intervalms="74.356" />
<gc-start id="5169" type="partial gc" contextid="5168" timestamp="2019-08-09T08:30:57.202">
  <mem-info id="5170" free="85983232" total="262144000" percent="32">
    <mem type="eden" free="0" total="73400320" percent="0" />
    <remembered-set count="6656" freebytes="10453376" totalbytes="10480000" percent="99" regionsoverflowed="0" regionsstable="11" regionsrebuilding="0"/>
  </mem-info>
</gc-start>
<allocation-stats totalBytes="73263920" >
  <allocated-bytes non-tlh="81944" tlh="73181976" arrayletleaf="0"/>
  <largest-consumer threadName="Thread-44" threadId="0000000001352A00" bytes="7700472" />
</allocation-stats>
<gc-op id="5171" type="copy forward" timems="10.421" contextid="5168" timestamp="2019-08-09T08:30:57.213">
  <memory-copied type="eden" objects="9017" bytes="3591744" bytesdiscarded="480680" />
  <memory-copied type="other" objects="20" bytes="720" bytesdiscarded="0" />
  <memory-cardclean objects="3080" bytes="141800" />
  <regions eden="35" other="3" />
  <remembered-set-cleared processed="360" cleared="78" durationms="0.124" />
  <references type="phantom" candidates="4" cleared="0" enqueued="0" />
  <stringconstants candidates="16338" cleared="0"  />
</gc-op>
<gc-op id="5172" type="classunload" timems="0.013" contextid="5168" timestamp="2019-08-09T08:30:57.213">
  <classunload-info classloadercandidates="69" classloadersunloaded="0" classesunloaded="0" anonymousclassesunloaded="0" quiescems="0.000" setupms="0.012" scanms="0.000" postms="0.000" />
</gc-op>
<heap-resize id="5173" type="expand" space="default" amount="6291456" count="1" timems="0.065" reason="excessive time being spent in gc" timestamp="2019-08-09T08:30:57.214" />
<gc-end id="5174" type="partial gc" contextid="5168" durationms="11.587" usertimems="22.583" systemtimems="15.436" timestamp="2019-08-09T08:30:57.214" activeThreads="16">
  <mem-info id="5175" free="161480704" total="268435456" percent="60">
    <mem type="eden" free="2218752" total="6291456" percent="35" />
    <remembered-set count="6880" freebytes="10704000" totalbytes="10731520" percent="99" regionsoverflowed="0" regionsstable="11" regionsrebuilding="0"/>
  </mem-info>
</gc-end>
<cycle-end id="5176" type="partial gc" contextid="5168" timestamp="2019-08-09T08:30:57.214" />
  <attribute name="elasticGC enabled" value="1" />
  <attribute name= "numThreadsSpecified" value="16" />
  <attribute name="heapSize specified" value="0" />
  <attribute name="Current GC Util" value="204" />
  <attribute name= "Current Time Running" value="113401" />
  <attribute name ="GC Interval" value="0" />
  <attribute name="Target GC Util Change" value ="80.000000" />
  <attribute name="Current GC Util Change" value="204.000000"/>
  <attribute name="Current Error" value="-116.000000" />
  <attribute name="Output H" value="262181776"/>
  <attribute name="Output I" value="1936"/>
  <attribute name="Output T" value="16"/>
  <attribute name= "Current Time Running" value="113401" />
  <attribute name="GC Util currently" value="204" />
  <attribute name="CPU Util currently" value="1942606469460" />
<exclusive-end id="5177" timestamp="2019-08-09T08:30:57.214" durationms="12.580" />

<exclusive-start id="5178" timestamp="2019-08-09T08:30:57.263" intervalms="61.641">
  <response-info timems="0.129" idlems="0.129" threads="0" lastid="0000000001370900" lastname="Thread-41" />
</exclusive-start>
<allocation-taxation id="5179" taxation-threshold="73400320" timestamp="2019-08-09T08:30:57.263" intervalms="61.701" />
<cycle-start id="5180" type="partial gc" contextid="0" timestamp="2019-08-09T08:30:57.263" intervalms="61.733" />
<gc-start id="5181" type="partial gc" contextid="5180" timestamp="2019-08-09T08:30:57.264">
  <mem-info id="5182" free="88080384" total="268435456" percent="32">
    <mem type="eden" free="0" total="73400320" percent="0" />
    <remembered-set count="6496" freebytes="10705536" totalbytes="10731520" percent="99" regionsoverflowed="0" regionsstable="11" regionsrebuilding="0"/>
  </mem-info>
</gc-start>
<allocation-stats totalBytes="73139816" >
  <allocated-bytes non-tlh="98336" tlh="73041480" arrayletleaf="0"/>
  <largest-consumer threadName="Thread-39" threadId="000000000133C200" bytes="8481928" />
</allocation-stats>
<gc-op id="5183" type="copy forward" timems="12.947" contextid="5180" timestamp="2019-08-09T08:30:57.278">
  <memory-copied type="eden" objects="10070" bytes="3984464" bytesdiscarded="547768" />
  <memory-copied type="other" objects="30" bytes="1304" bytesdiscarded="0" />
  <memory-cardclean objects="3091" bytes="142728" />
  <regions eden="35" other="4" />
  <remembered-set-cleared processed="361" cleared="79" durationms="0.138" />
  <references type="phantom" candidates="1" cleared="0" enqueued="0" />
  <stringconstants candidates="16338" cleared="0"  />
</gc-op>
<gc-op id="5184" type="classunload" timems="0.032" contextid="5180" timestamp="2019-08-09T08:30:57.278">
  <classunload-info classloadercandidates="69" classloadersunloaded="0" classesunloaded="0" anonymousclassesunloaded="0" quiescems="0.000" setupms="0.031" scanms="0.000" postms="0.000" />
</gc-op>
<gc-end id="5185" type="partial gc" contextid="5180" durationms="14.245" usertimems="16.957" systemtimems="22.632" timestamp="2019-08-09T08:30:57.278" activeThreads="16">
  <mem-info id="5186" free="161480704" total="268435456" percent="60">
    <mem type="eden" free="1758960" total="6291456" percent="27" />
    <remembered-set count="8416" freebytes="10697856" totalbytes="10731520" percent="99" regionsoverflowed="0" regionsstable="11" regionsrebuilding="0"/>
  </mem-info>
</gc-end>
<cycle-end id="5187" type="partial gc" contextid="5180" timestamp="2019-08-09T08:30:57.278" />
  <attribute name="elasticGC enabled" value="1" />
  <attribute name= "numThreadsSpecified" value="16" />
  <attribute name="heapSize specified" value="0" />
  <attribute name="Current GC Util" value="147" />
  <attribute name= "Current Time Running" value="113462" />
  <attribute name ="GC Interval" value="0" />
  <attribute name="Target GC Util Change" value ="80.000000" />
  <attribute name="Current GC Util Change" value="147.000000"/>
  <attribute name="Current Error" value="-145.000000" />
  <attribute name="Output H" value="268473216"/>
  <attribute name="Output I" value="1920"/>
  <attribute name="Output T" value="16"/>
  <attribute name= "Current Time Running" value="113462" />
  <attribute name="GC Util currently" value="147" />
  <attribute name="CPU Util currently" value="1830275097520" />
<exclusive-end id="5188" timestamp="2019-08-09T08:30:57.278" durationms="15.263" />

<exclusive-start id="5189" timestamp="2019-08-09T08:30:57.316" intervalms="53.062">
  <response-info timems="2.124" idlems="2.104" threads="1" lastid="0000000001370900" lastname="Thread-41" />
</exclusive-start>
<allocation-taxation id="5190" taxation-threshold="73400320" timestamp="2019-08-09T08:30:57.316" intervalms="53.038" />
<cycle-start id="5191" type="partial gc" contextid="0" timestamp="2019-08-09T08:30:57.316" intervalms="53.008" />
<gc-start id="5192" type="partial gc" contextid="5191" timestamp="2019-08-09T08:30:57.317">
  <mem-info id="5193" free="88080384" total="268435456" percent="32">
    <mem type="eden" free="0" total="73400320" percent="0" />
    <remembered-set count="8000" freebytes="10699520" totalbytes="10731520" percent="99" regionsoverflowed="0" regionsstable="11" regionsrebuilding="0"/>
  </mem-info>
</gc-start>
<allocation-stats totalBytes="73288344" >
  <allocated-bytes non-tlh="32784" tlh="73255560" arrayletleaf="0"/>
  <largest-consumer threadName="Thread-39" threadId="000000000133C200" bytes="9179184" />
</allocation-stats>
<gc-op id="5194" type="copy forward" timems="16.741" contextid="5191" timestamp="2019-08-09T08:30:57.335">
  <memory-copied type="eden" objects="9896" bytes="3954816" bytesdiscarded="530168" />
  <memory-copied type="other" objects="39" bytes="1600" bytesdiscarded="0" />
  <memory-cardclean objects="3092" bytes="142848" />
  <regions eden="35" other="4" />
  <remembered-set-cleared processed="363" cleared="81" durationms="0.201" />
  <references type="phantom" candidates="1" cleared="0" enqueued="0" />
  <stringconstants candidates="16338" cleared="0"  />
</gc-op>
<gc-op id="5195" type="classunload" timems="0.016" contextid="5191" timestamp="2019-08-09T08:30:57.335">
  <classunload-info classloadercandidates="69" classloadersunloaded="0" classesunloaded="0" anonymousclassesunloaded="0" quiescems="0.000" setupms="0.015" scanms="0.000" postms="0.000" />
</gc-op>
<heap-resize id="5196" type="expand" space="default" amount="4194304" count="1" timems="0.057" reason="excessive time being spent in gc" timestamp="2019-08-09T08:30:57.335" />
<gc-end id="5197" type="partial gc" contextid="5191" durationms="18.413" usertimems="21.017" systemtimems="23.710" timestamp="2019-08-09T08:30:57.335" activeThreads="16">
  <mem-info id="5198" free="163577856" total="272629760" percent="60">
    <mem type="eden" free="1806208" total="6291456" percent="28" />
    <remembered-set count="8416" freebytes="10865536" totalbytes="10899200" percent="99" regionsoverflowed="0" regionsstable="11" regionsrebuilding="0"/>
  </mem-info>
</gc-end>
<cycle-end id="5199" type="partial gc" contextid="5191" timestamp="2019-08-09T08:30:57.335" />
  <attribute name="elasticGC enabled" value="1" />
  <attribute name= "numThreadsSpecified" value="16" />
  <attribute name="heapSize specified" value="0" />
  <attribute name="Current GC Util" value="157" />
  <attribute name= "Current Time Running" value="113515" />
  <attribute name ="GC Interval" value="0" />
  <attribute name="Target GC Util Change" value ="80.000000" />
  <attribute name="Current GC Util Change" value="157.000000"/>
  <attribute name="Current Error" value="-77.000000" />
  <attribute name="Output H" value="268473256"/>
  <attribute name="Output I" value="1960"/>
  <attribute name="Output T" value="16"/>
  <attribute name= "Current Time Running" value="113515" />
  <attribute name="GC Util currently" value="157" />
  <attribute name="CPU Util currently" value="2041895175014" />
<exclusive-end id="5200" timestamp="2019-08-09T08:30:57.336" durationms="19.327" />

<exclusive-start id="5201" timestamp="2019-08-09T08:30:57.386" intervalms="69.943">
  <response-info timems="1.480" idlems="0.524" threads="2" lastid="000000000135A200" lastname="Thread-50" />
</exclusive-start>
<allocation-taxation id="5202" taxation-threshold="75497472" timestamp="2019-08-09T08:30:57.386" intervalms="69.911" />
<cycle-start id="5203" type="partial gc" contextid="0" timestamp="2019-08-09T08:30:57.386" intervalms="69.886" />
<gc-start id="5204" type="partial gc" contextid="5203" timestamp="2019-08-09T08:30:57.387">
  <mem-info id="5205" free="88080384" total="272629760" percent="32">
    <mem type="eden" free="0" total="75497472" percent="0" />
    <remembered-set count="8000" freebytes="10867200" totalbytes="10899200" percent="99" regionsoverflowed="0" regionsstable="11" regionsrebuilding="0"/>
  </mem-info>
</gc-start>
<allocation-stats totalBytes="75438528" >
  <allocated-bytes non-tlh="0" tlh="75438528" arrayletleaf="0"/>
  <largest-consumer threadName="Thread-46" threadId="0000000001330F00" bytes="8520960" />
</allocation-stats>
<gc-op id="5206" type="copy forward" timems="20.135" contextid="5203" timestamp="2019-08-09T08:30:57.411">
  <memory-copied type="eden" objects="10418" bytes="4233856" bytesdiscarded="480624" />
  <memory-copied type="other" objects="477" bytes="243504" bytesdiscarded="11176" />
  <memory-cardclean objects="3145" bytes="144768" />
  <regions eden="36" other="5" />
  <remembered-set-cleared processed="358" cleared="93" durationms="0.120" />
  <references type="phantom" candidates="2" cleared="0" enqueued="0" />
  <stringconstants candidates="16338" cleared="0"  />
</gc-op>
<gc-op id="5207" type="classunload" timems="0.012" contextid="5203" timestamp="2019-08-09T08:30:57.411">
  <classunload-info classloadercandidates="69" classloadersunloaded="0" classesunloaded="0" anonymousclassesunloaded="0" quiescems="0.000" setupms="0.012" scanms="0.000" postms="0.000" />
</gc-op>
<heap-resize id="5208" type="expand" space="default" amount="6291456" count="1" timems="0.098" reason="excessive time being spent in gc" timestamp="2019-08-09T08:30:57.411" />
<gc-end id="5209" type="partial gc" contextid="5203" durationms="25.035" usertimems="41.457" systemtimems="40.326" timestamp="2019-08-09T08:30:57.412" activeThreads="16">
  <mem-info id="5210" free="167772160" total="278921216" percent="60">
    <mem type="eden" free="1576704" total="6291456" percent="25" />
    <remembered-set count="7648" freebytes="11120128" totalbytes="11150720" percent="99" regionsoverflowed="0" regionsstable="11" regionsrebuilding="0"/>
  </mem-info>
</gc-end>
<cycle-end id="5211" type="partial gc" contextid="5203" timestamp="2019-08-09T08:30:57.412" />
  <attribute name="elasticGC enabled" value="1" />
  <attribute name= "numThreadsSpecified" value="16" />
  <attribute name="heapSize specified" value="0" />
  <attribute name="Current GC Util" value="142" />
  <attribute name= "Current Time Running" value="113589" />
  <attribute name ="GC Interval" value="0" />
  <attribute name="Target GC Util Change" value ="80.000000" />
  <attribute name="Current GC Util Change" value="142.000000"/>
  <attribute name="Current Error" value="-122.000000" />
  <attribute name="Output H" value="272667536"/>
  <attribute name="Output I" value="1936"/>
  <attribute name="Output T" value="16"/>
  <attribute name= "Current Time Running" value="113589" />
  <attribute name="GC Util currently" value="142" />
  <attribute name="CPU Util currently" value="271450501091" />
<exclusive-end id="5212" timestamp="2019-08-09T08:30:57.412" durationms="25.672" />

<exclusive-start id="5213" timestamp="2019-08-09T08:30:57.527" intervalms="140.674">
  <response-info timems="1.635" idlems="1.630" threads="1" lastid="000000000133FE00" lastname="Thread-42" />
</exclusive-start>
<allocation-taxation id="5214" taxation-threshold="77594624" timestamp="2019-08-09T08:30:57.527" intervalms="140.662" />
<cycle-start id="5215" type="partial gc" contextid="0" timestamp="2019-08-09T08:30:57.527" intervalms="140.694" />
<gc-start id="5216" type="partial gc" contextid="5215" timestamp="2019-08-09T08:30:57.527">
  <mem-info id="5217" free="90177536" total="278921216" percent="32">
    <mem type="eden" free="0" total="77594624" percent="0" />
    <remembered-set count="7424" freebytes="11121024" totalbytes="11150720" percent="99" regionsoverflowed="0" regionsstable="11" regionsrebuilding="0"/>
  </mem-info>
</gc-start>
<allocation-stats totalBytes="77530920" >
  <allocated-bytes non-tlh="32776" tlh="77498144" arrayletleaf="0"/>
  <largest-consumer threadName="Thread-39" threadId="000000000133C200" bytes="10365144" />
</allocation-stats>
<gc-op id="5218" type="copy forward" timems="10.724" contextid="5215" timestamp="2019-08-09T08:30:57.539">
  <memory-copied type="eden" objects="8823" bytes="3519344" bytesdiscarded="469632" />
  <memory-copied type="other" objects="18" bytes="784" bytesdiscarded="0" />
  <memory-cardclean objects="3105" bytes="143016" />
  <memory-traced type="eden" objects="1116" bytes="110176" />
  <memory-traced type="other" objects="0" bytes="0" />
  <regions eden="37" other="4" evacuated="40" marked="1" />
  <remembered-set-cleared processed="366" cleared="85" durationms="0.149" />
  <references type="weak" candidates="1" cleared="0" enqueued="0" />
  <references type="phantom" candidates="3" cleared="0" enqueued="0" />
  <stringconstants candidates="16338" cleared="0"  />
</gc-op>
<gc-op id="5219" type="classunload" timems="0.014" contextid="5215" timestamp="2019-08-09T08:30:57.539">
  <classunload-info classloadercandidates="69" classloadersunloaded="0" classesunloaded="0" anonymousclassesunloaded="0" quiescems="0.000" setupms="0.014" scanms="0.000" postms="0.000" />
</gc-op>
<gc-op id="5220" type="sweep" timems="1.610" contextid="5215" timestamp="2019-08-09T08:30:57.541" />
<gc-op id="5221" type="compact" timems="3.249" contextid="5215" timestamp="2019-08-09T08:30:57.544">
  <compact-info movecount="0" movebytes="0" />
  <remembered-set-cleared processed="1070" cleared="85" durationms="0.149" />
</gc-op>
<heap-resize id="5222" type="expand" space="default" amount="10485760" count="1" timems="0.076" reason="excessive time being spent in gc" timestamp="2019-08-09T08:30:57.545" />
<gc-end id="5223" type="partial gc" contextid="5215" durationms="17.541" usertimems="34.624" systemtimems="21.645" timestamp="2019-08-09T08:30:57.545" activeThreads="16">
  <mem-info id="5224" free="174063616" total="289406976" percent="60">
    <mem type="eden" free="2302248" total="8388608" percent="27" />
    <remembered-set count="3136" freebytes="11557376" totalbytes="11569920" percent="99" regionsoverflowed="0" regionsstable="11" regionsrebuilding="0"/>
  </mem-info>
</gc-end>
<cycle-end id="5225" type="partial gc" contextid="5215" timestamp="2019-08-09T08:30:57.545" />
  <attribute name="elasticGC enabled" value="1" />
  <attribute name= "numThreadsSpecified" value="16" />
  <attribute name="heapSize specified" value="0" />
  <attribute name="Current GC Util" value="130" />
  <attribute name= "Current Time Running" value="113739" />
  <attribute name ="GC Interval" value="0" />
  <attribute name="Target GC Util Change" value ="80.000000" />
  <attribute name="Current GC Util Change" value="130.000000"/>
  <attribute name="Current Error" value="-50.000000" />
  <attribute name="Output H" value="278959032"/>
  <attribute name="Output I" value="1976"/>
  <attribute name="Output T" value="16"/>
  <attribute name= "Current Time Running" value="113739" />
  <attribute name="GC Util currently" value="130" />
  <attribute name="CPU Util currently" value="673941245353" />
<exclusive-end id="5226" timestamp="2019-08-09T08:30:57.545" durationms="18.159" />

<exclusive-start id="5227" timestamp="2019-08-09T08:30:57.604" intervalms="77.509">
  <response-info timems="0.149" idlems="0.149" threads="0" lastid="0000000001330F00" lastname="Thread-46" />
</exclusive-start>
<allocation-taxation id="5228" taxation-threshold="79691776" timestamp="2019-08-09T08:30:57.604" intervalms="77.509" />
<cycle-start id="5229" type="partial gc" contextid="0" timestamp="2019-08-09T08:30:57.604" intervalms="77.494" />
<gc-start id="5230" type="partial gc" contextid="5229" timestamp="2019-08-09T08:30:57.605">
  <mem-info id="5231" free="94371840" total="289406976" percent="32">
    <mem type="eden" free="0" total="81788928" percent="0" />
    <remembered-set count="3136" freebytes="11557376" totalbytes="11569920" percent="99" regionsoverflowed="0" regionsstable="11" regionsrebuilding="0"/>
  </mem-info>
</gc-start>
<allocation-stats totalBytes="79457472" >
  <allocated-bytes non-tlh="508032" tlh="78949440" arrayletleaf="0"/>
  <largest-consumer threadName="Thread-41" threadId="0000000001370900" bytes="8157928" />
</allocation-stats>
<gc-op id="5232" type="copy forward" timems="10.337" contextid="5229" timestamp="2019-08-09T08:30:57.616">
  <memory-copied type="eden" objects="8838" bytes="3603832" bytesdiscarded="515504" />
  <memory-copied type="other" objects="26" bytes="1168" bytesdiscarded="0" />
  <memory-cardclean objects="3072" bytes="142040" />
  <regions eden="38" other="5" />
  <remembered-set-cleared processed="363" cleared="80" durationms="0.146" />
  <references type="phantom" candidates="3" cleared="0" enqueued="0" />
  <stringconstants candidates="16338" cleared="0"  />
</gc-op>
<gc-op id="5233" type="classunload" timems="0.011" contextid="5229" timestamp="2019-08-09T08:30:57.616">
  <classunload-info classloadercandidates="69" classloadersunloaded="0" classesunloaded="0" anonymousclassesunloaded="0" quiescems="0.000" setupms="0.011" scanms="0.000" postms="0.000" />
</gc-op>
<gc-end id="5234" type="partial gc" contextid="5229" durationms="11.316" usertimems="6.821" systemtimems="23.439" timestamp="2019-08-09T08:30:57.616" activeThreads="16">
  <mem-info id="5235" free="174063616" total="289406976" percent="60">
    <mem type="eden" free="2171840" total="6291456" percent="34" />
    <remembered-set count="7904" freebytes="11538304" totalbytes="11569920" percent="99" regionsoverflowed="0" regionsstable="11" regionsrebuilding="0"/>
  </mem-info>
</gc-end>
<cycle-end id="5236" type="partial gc" contextid="5229" timestamp="2019-08-09T08:30:57.616" />
  <attribute name="elasticGC enabled" value="1" />
  <attribute name= "numThreadsSpecified" value="16" />
  <attribute name="heapSize specified" value="0" />
  <attribute name="Current GC Util" value="133" />
  <attribute name= "Current Time Running" value="113803" />
  <attribute name ="GC Interval" value="0" />
  <attribute name="Target GC Util Change" value ="80.000000" />
  <attribute name="Current GC Util Change" value="133.000000"/>
  <attribute name="Current Error" value="-43.000000" />
  <attribute name="Output H" value="289444792"/>
  <attribute name="Output I" value="1976"/>
  <attribute name="Output T" value="16"/>
  <attribute name= "Current Time Running" value="113803" />
  <attribute name="GC Util currently" value="133" />
  <attribute name="CPU Util currently" value="2287229322563" />
<exclusive-end id="5237" timestamp="2019-08-09T08:30:57.616" durationms="12.145" />

<exclusive-start id="5238" timestamp="2019-08-09T08:30:57.681" intervalms="76.790">
  <response-info timems="3.299" idlems="3.299" threads="0" lastid="0000000001352A00" lastname="Thread-44" />
</exclusive-start>
<allocation-taxation id="5239" taxation-threshold="79691776" timestamp="2019-08-09T08:30:57.681" intervalms="76.791" />
<cycle-start id="5240" type="partial gc" contextid="0" timestamp="2019-08-09T08:30:57.681" intervalms="76.769" />
<gc-start id="5241" type="partial gc" contextid="5240" timestamp="2019-08-09T08:30:57.681">
  <mem-info id="5242" free="94371840" total="289406976" percent="32">
    <mem type="eden" free="0" total="79691776" percent="0" />
    <remembered-set count="7424" freebytes="11540224" totalbytes="11569920" percent="99" regionsoverflowed="0" regionsstable="11" regionsrebuilding="0"/>
  </mem-info>
</gc-start>
<allocation-stats totalBytes="79515560" >
  <allocated-bytes non-tlh="32784" tlh="79482776" arrayletleaf="0"/>
  <largest-consumer threadName="Thread-38" threadId="0000000001329700" bytes="9986264" />
</allocation-stats>
<gc-op id="5243" type="copy forward" timems="11.135" contextid="5240" timestamp="2019-08-09T08:30:57.694">
  <memory-copied type="eden" objects="10149" bytes="3954824" bytesdiscarded="583224" />
  <memory-copied type="other" objects="30" bytes="1216" bytesdiscarded="0" />
  <memory-cardclean objects="3072" bytes="141880" />
  <regions eden="38" other="4" />
  <remembered-set-cleared processed="369" cleared="86" durationms="0.516" />
  <references type="weak" candidates="1" cleared="0" enqueued="0" />
  <references type="phantom" candidates="2" cleared="0" enqueued="0" />
  <stringconstants candidates="16338" cleared="0"  />
</gc-op>
<gc-op id="5244" type="classunload" timems="0.013" contextid="5240" timestamp="2019-08-09T08:30:57.694">
  <classunload-info classloadercandidates="69" classloadersunloaded="0" classesunloaded="0" anonymousclassesunloaded="0" quiescems="0.000" setupms="0.013" scanms="0.000" postms="0.000" />
</gc-op>
<heap-resize id="5245" type="expand" space="default" amount="4194304" count="1" timems="0.066" reason="excessive time being spent in gc" timestamp="2019-08-09T08:30:57.695" />
<gc-end id="5246" type="partial gc" contextid="5240" durationms="13.279" usertimems="27.863" systemtimems="10.986" timestamp="2019-08-09T08:30:57.695" activeThreads="16">
  <mem-info id="5247" free="176160768" total="293601280" percent="60">
    <mem type="eden" free="1753152" total="6291456" percent="27" />
    <remembered-set count="7904" freebytes="11705984" totalbytes="11737600" percent="99" regionsoverflowed="0" regionsstable="11" regionsrebuilding="0"/>
  </mem-info>
</gc-end>
<cycle-end id="5248" type="partial gc" contextid="5240" timestamp="2019-08-09T08:30:57.695" />
  <attribute name="elasticGC enabled" value="1" />
  <attribute name= "numThreadsSpecified" value="16" />
  <attribute name="heapSize specified" value="0" />
  <attribute name="Current GC Util" value="45" />
  <attribute name= "Current Time Running" value="113881" />
  <attribute name ="GC Interval" value="0" />
  <attribute name="Target GC Util Change" value ="80.000000" />
  <attribute name="Current GC Util Change" value="45.000000"/>
  <attribute name="Current Error" value="33.000000" />
  <attribute name="Output H" value="289444840"/>
  <attribute name="Output I" value="2024"/>
  <attribute name="Output T" value="16"/>
  <attribute name= "Current Time Running" value="113881" />
  <attribute name="GC Util currently" value="45" />
  <attribute name="CPU Util currently" value="788762411850" />
<exclusive-end id="5249" timestamp="2019-08-09T08:30:57.695" durationms="13.858" />

<exclusive-start id="5250" timestamp="2019-08-09T08:30:57.792" intervalms="111.187">
  <response-info timems="2.195" idlems="1.101" threads="1" lastid="0000000001338600" lastname="Thread-40" />
</exclusive-start>
<allocation-taxation id="5251" taxation-threshold="79691776" timestamp="2019-08-09T08:30:57.792" intervalms="111.216" />
<cycle-start id="5252" type="partial gc" contextid="0" timestamp="2019-08-09T08:30:57.793" intervalms="111.334" />
<gc-start id="5253" type="partial gc" contextid="5252" timestamp="2019-08-09T08:30:57.793">
  <mem-info id="5254" free="96468992" total="293601280" percent="32">
    <mem type="eden" free="0" total="79691776" percent="0" />
    <remembered-set count="7616" freebytes="11707136" totalbytes="11737600" percent="99" regionsoverflowed="0" regionsstable="11" regionsrebuilding="0"/>
  </mem-info>
</gc-start>
<allocation-stats totalBytes="79436520" >
  <allocated-bytes non-tlh="65552" tlh="79370968" arrayletleaf="0"/>
  <largest-consumer threadName="Thread-44" threadId="0000000001352A00" bytes="7955120" />
</allocation-stats>
<gc-op id="5255" type="copy forward" timems="8.944" contextid="5252" timestamp="2019-08-09T08:30:57.805">
  <memory-copied type="eden" objects="9822" bytes="3936264" bytesdiscarded="681672" />
  <memory-copied type="other" objects="24" bytes="1240" bytesdiscarded="0" />
  <memory-cardclean objects="3101" bytes="143208" />
  <regions eden="38" other="4" />
  <remembered-set-cleared processed="371" cleared="88" durationms="0.725" />
  <references type="phantom" candidates="2" cleared="0" enqueued="0" />
  <stringconstants candidates="16338" cleared="0"  />
</gc-op>
<gc-op id="5256" type="classunload" timems="0.012" contextid="5252" timestamp="2019-08-09T08:30:57.805">
  <classunload-info classloadercandidates="69" classloadersunloaded="0" classesunloaded="0" anonymousclassesunloaded="0" quiescems="0.000" setupms="0.012" scanms="0.000" postms="0.000" />
</gc-op>
<heap-resize id="5257" type="expand" space="default" amount="6291456" count="1" timems="0.068" reason="excessive time being spent in gc" timestamp="2019-08-09T08:30:57.805" />
<gc-end id="5258" type="partial gc" contextid="5252" durationms="12.659" usertimems="14.429" systemtimems="10.910" timestamp="2019-08-09T08:30:57.805" activeThreads="16">
  <mem-info id="5259" free="180355072" total="299892736" percent="60">
    <mem type="eden" free="1673248" total="6291456" percent="26" />
    <remembered-set count="6368" freebytes="11963648" totalbytes="11989120" percent="99" regionsoverflowed="0" regionsstable="11" regionsrebuilding="0"/>
  </mem-info>
</gc-end>
<cycle-end id="5260" type="partial gc" contextid="5252" timestamp="2019-08-09T08:30:57.806" />
  <attribute name="elasticGC enabled" value="1" />
  <attribute name= "numThreadsSpecified" value="16" />
  <attribute name="heapSize specified" value="0" />
  <attribute name="Current GC Util" value="50" />
  <attribute name= "Current Time Running" value="113994" />
  <attribute name ="GC Interval" value="0" />
  <attribute name="Target GC Util Change" value ="80.000000" />
  <attribute name="Current GC Util Change" value="50.000000"/>
  <attribute name="Current Error" value="30.000000" />
  <attribute name="Output H" value="293639144"/>
  <attribute name="Output I" value="2024"/>
  <attribute name="Output T" value="16"/>
  <attribute name= "Current Time Running" value="113994" />
  <attribute name="GC Util currently" value="50" />
  <attribute name="CPU Util currently" value="379395353652" />
<exclusive-end id="5261" timestamp="2019-08-09T08:30:57.806" durationms="13.388" />

<exclusive-start id="5262" timestamp="2019-08-09T08:30:57.866" intervalms="74.061">
  <response-info timems="0.233" idlems="0.233" threads="0" lastid="0000000001329700" lastname="Thread-38" />
</exclusive-start>
<allocation-taxation id="5263" taxation-threshold="81788928" timestamp="2019-08-09T08:30:57.866" intervalms="74.055" />
<cycle-start id="5264" type="partial gc" contextid="0" timestamp="2019-08-09T08:30:57.867" intervalms="74.016" />
<gc-start id="5265" type="partial gc" contextid="5264" timestamp="2019-08-09T08:30:57.867">
  <mem-info id="5266" free="98566144" total="299892736" percent="32">
    <mem type="eden" free="0" total="81788928" percent="0" />
    <remembered-set count="6048" freebytes="11964928" totalbytes="11989120" percent="99" regionsoverflowed="0" regionsstable="11" regionsrebuilding="0"/>
  </mem-info>
</gc-start>
<allocation-stats totalBytes="81695928" >
  <allocated-bytes non-tlh="16392" tlh="81679536" arrayletleaf="0"/>
  <largest-consumer threadName="Thread-38" threadId="0000000001329700" bytes="12093352" />
</allocation-stats>
<gc-op id="5267" type="copy forward" timems="5.893" contextid="5264" timestamp="2019-08-09T08:30:57.874">
  <memory-copied type="eden" objects="9258" bytes="3768216" bytesdiscarded="567152" />
  <memory-copied type="other" objects="493" bytes="202336" bytesdiscarded="17096" />
  <memory-cardclean objects="3049" bytes="141080" />
  <regions eden="39" other="4" />
  <remembered-set-cleared processed="368" cleared="85" durationms="0.526" />
  <references type="phantom" candidates="6" cleared="0" enqueued="0" />
  <stringconstants candidates="16338" cleared="0"  />
</gc-op>
<gc-op id="5268" type="classunload" timems="0.012" contextid="5264" timestamp="2019-08-09T08:30:57.874">
  <classunload-info classloadercandidates="69" classloadersunloaded="0" classesunloaded="0" anonymousclassesunloaded="0" quiescems="0.000" setupms="0.012" scanms="0.000" postms="0.000" />
</gc-op>
<heap-resize id="5269" type="expand" space="default" amount="4194304" count="1" timems="0.066" reason="excessive time being spent in gc" timestamp="2019-08-09T08:30:57.875" />
<gc-end id="5270" type="partial gc" contextid="5264" durationms="7.625" usertimems="25.729" systemtimems="2.763" timestamp="2019-08-09T08:30:57.875" activeThreads="16">
  <mem-info id="5271" free="182452224" total="304087040" percent="60">
    <mem type="eden" free="1955800" total="6291456" percent="31" />
    <remembered-set count="7904" freebytes="12125184" totalbytes="12156800" percent="99" regionsoverflowed="0" regionsstable="11" regionsrebuilding="0"/>
  </mem-info>
</gc-end>
<cycle-end id="5272" type="partial gc" contextid="5264" timestamp="2019-08-09T08:30:57.875" />
  <attribute name="elasticGC enabled" value="1" />
  <attribute name= "numThreadsSpecified" value="16" />
  <attribute name="heapSize specified" value="0" />
  <attribute name="Current GC Util" value="132" />
  <attribute name= "Current Time Running" value="114066" />
  <attribute name ="GC Interval" value="0" />
  <attribute name="Target GC Util Change" value ="80.000000" />
  <attribute name="Current GC Util Change" value="132.000000"/>
  <attribute name="Current Error" value="25.000000" />
  <attribute name="Output H" value="299930592"/>
  <attribute name="Output I" value="2016"/>
  <attribute name="Output T" value="16"/>
  <attribute name= "Current Time Running" value="114066" />
  <attribute name="GC Util currently" value="132" />
  <attribute name="CPU Util currently" value="2371036822227" />
<exclusive-end id="5273" timestamp="2019-08-09T08:30:57.875" durationms="9.016" />

<exclusive-start id="5274" timestamp="2019-08-09T08:30:57.936" intervalms="69.168">
  <response-info timems="3.148" idlems="3.148" threads="0" lastid="0000000001325B00" lastname="Thread-43" />
</exclusive-start>
<allocation-taxation id="5275" taxation-threshold="83886080" timestamp="2019-08-09T08:30:57.936" intervalms="69.134" />
<cycle-start id="5276" type="partial gc" contextid="0" timestamp="2019-08-09T08:30:57.936" intervalms="69.469" />
<gc-start id="5277" type="partial gc" contextid="5276" timestamp="2019-08-09T08:30:57.936">
  <mem-info id="5278" free="98566144" total="304087040" percent="32">
    <mem type="eden" free="0" total="83886080" percent="0" />
    <remembered-set count="7520" freebytes="12126720" totalbytes="12156800" percent="99" regionsoverflowed="0" regionsstable="11" regionsrebuilding="0"/>
  </mem-info>
</gc-start>
<allocation-stats totalBytes="83710320" >
  <allocated-bytes non-tlh="65552" tlh="83644768" arrayletleaf="0"/>
  <largest-consumer threadName="Thread-45" threadId="000000000132D300" bytes="9802016" />
</allocation-stats>
<gc-op id="5279" type="copy forward" timems="5.986" contextid="5276" timestamp="2019-08-09T08:30:57.943">
  <memory-copied type="eden" objects="9702" bytes="3751648" bytesdiscarded="452424" />
  <memory-copied type="other" objects="30" bytes="1232" bytesdiscarded="0" />
  <memory-cardclean objects="3119" bytes="144296" />
  <regions eden="40" other="5" />
  <remembered-set-cleared processed="366" cleared="83" durationms="0.135" />
  <references type="phantom" candidates="3" cleared="0" enqueued="0" />
  <stringconstants candidates="16338" cleared="0"  />
</gc-op>
<gc-op id="5280" type="classunload" timems="0.009" contextid="5276" timestamp="2019-08-09T08:30:57.943">
  <classunload-info classloadercandidates="69" classloadersunloaded="0" classesunloaded="0" anonymousclassesunloaded="0" quiescems="0.000" setupms="0.009" scanms="0.000" postms="0.000" />
</gc-op>
<heap-resize id="5281" type="expand" space="default" amount="6291456" count="1" timems="0.058" reason="excessive time being spent in gc" timestamp="2019-08-09T08:30:57.943" />
<gc-end id="5282" type="partial gc" contextid="5276" durationms="7.240" usertimems="13.447" systemtimems="4.241" timestamp="2019-08-09T08:30:57.944" activeThreads="16">
  <mem-info id="5283" free="186646528" total="310378496" percent="60">
    <mem type="eden" free="2087104" total="6291456" percent="33" />
    <remembered-set count="5856" freebytes="12384896" totalbytes="12408320" percent="99" regionsoverflowed="0" regionsstable="11" regionsrebuilding="0"/>
  </mem-info>
</gc-end>
<cycle-end id="5284" type="partial gc" contextid="5276" timestamp="2019-08-09T08:30:57.944" />
  <attribute name="elasticGC enabled" value="1" />
  <attribute name= "numThreadsSpecified" value="16" />
  <attribute name="heapSize specified" value="0" />
  <attribute name="Current GC Util" value="129" />
  <attribute name= "Current Time Running" value="114135" />
  <attribute name ="GC Interval" value="0" />
  <attribute name="Target GC Util Change" value ="80.000000" />
  <attribute name="Current GC Util Change" value="129.000000"/>
  <attribute name="Current Error" value="29.000000" />
  <attribute name="Output H" value="304124896"/>
  <attribute name="Output I" value="2016"/>
  <attribute name="Output T" value="16"/>
  <attribute name= "Current Time Running" value="114135" />
  <attribute name="GC Util currently" value="129" />
  <attribute name="CPU Util currently" value="1630686429668" />
<exclusive-end id="5285" timestamp="2019-08-09T08:30:57.944" durationms="8.182" />

<exclusive-start id="5286" timestamp="2019-08-09T08:30:58.011" intervalms="75.785">
  <response-info timems="0.343" idlems="0.343" threads="0" lastid="0000000001330F00" lastname="Thread-46" />
</exclusive-start>
<allocation-taxation id="5287" taxation-threshold="83886080" timestamp="2019-08-09T08:30:58.012" intervalms="76.307" />
<cycle-start id="5288" type="partial gc" contextid="0" timestamp="2019-08-09T08:30:58.012" intervalms="75.934" />
<gc-start id="5289" type="partial gc" contextid="5288" timestamp="2019-08-09T08:30:58.012">
  <mem-info id="5290" free="102760448" total="310378496" percent="33">
    <mem type="eden" free="0" total="83886080" percent="0" />
    <remembered-set count="5504" freebytes="12386304" totalbytes="12408320" percent="99" regionsoverflowed="0" regionsstable="11" regionsrebuilding="0"/>
  </mem-info>
</gc-start>
<allocation-stats totalBytes="83812200" >
  <allocated-bytes non-tlh="65552" tlh="83746648" arrayletleaf="0"/>
  <largest-consumer threadName="Thread-46" threadId="0000000001330F00" bytes="9145840" />
</allocation-stats>
<gc-op id="5291" type="copy forward" timems="7.792" contextid="5288" timestamp="2019-08-09T08:30:58.022">
  <memory-copied type="eden" objects="10626" bytes="4323576" bytesdiscarded="612808" />
  <memory-copied type="other" objects="21" bytes="832" bytesdiscarded="0" />
  <memory-cardclean objects="3126" bytes="144248" />
  <regions eden="40" other="4" />
  <remembered-set-cleared processed="368" cleared="85" durationms="0.461" />
  <references type="weak" candidates="1" cleared="0" enqueued="0" />
  <references type="phantom" candidates="2" cleared="0" enqueued="0" />
  <stringconstants candidates="16338" cleared="0"  />
</gc-op>
<gc-op id="5292" type="classunload" timems="0.010" contextid="5288" timestamp="2019-08-09T08:30:58.022">
  <classunload-info classloadercandidates="69" classloadersunloaded="0" classesunloaded="0" anonymousclassesunloaded="0" quiescems="0.000" setupms="0.010" scanms="0.000" postms="0.000" />
</gc-op>
<heap-resize id="5293" type="expand" space="default" amount="10485760" count="1" timems="0.066" reason="excessive time being spent in gc" timestamp="2019-08-09T08:30:58.023" />
<gc-end id="5294" type="partial gc" contextid="5288" durationms="10.248" usertimems="18.191" systemtimems="8.740" timestamp="2019-08-09T08:30:58.023" activeThreads="16">
  <mem-info id="5295" free="192937984" total="320864256" percent="60">
    <mem type="eden" free="3451960" total="8388608" percent="41" />
    <remembered-set count="8416" freebytes="12793856" totalbytes="12827520" percent="99" regionsoverflowed="0" regionsstable="11" regionsrebuilding="0"/>
  </mem-info>
</gc-end>
<cycle-end id="5296" type="partial gc" contextid="5288" timestamp="2019-08-09T08:30:58.023" />
  <attribute name="elasticGC enabled" value="1" />
  <attribute name= "numThreadsSpecified" value="16" />
  <attribute name="heapSize specified" value="0" />
  <attribute name="Current GC Util" value="51" />
  <attribute name= "Current Time Running" value="114212" />
  <attribute name ="GC Interval" value="0" />
  <attribute name="Target GC Util Change" value ="80.000000" />
  <attribute name="Current GC Util Change" value="51.000000"/>
  <attribute name="Current Error" value="29.000000" />
  <attribute name="Output H" value="310416352"/>
  <attribute name="Output I" value="2016"/>
  <attribute name="Output T" value="16"/>
  <attribute name= "Current Time Running" value="114212" />
  <attribute name="GC Util currently" value="51" />
  <attribute name="CPU Util currently" value="833619345227" />
<exclusive-end id="5297" timestamp="2019-08-09T08:30:58.023" durationms="11.456" />

<exclusive-start id="5298" timestamp="2019-08-09T08:30:58.133" intervalms="121.849">
  <response-info timems="0.279" idlems="0.279" threads="0" lastid="000000000135DD00" lastname="Thread-47" />
</exclusive-start>
<allocation-taxation id="5299" taxation-threshold="88080384" timestamp="2019-08-09T08:30:58.133" intervalms="121.344" />
<cycle-start id="5300" type="partial gc" contextid="0" timestamp="2019-08-09T08:30:58.133" intervalms="121.305" />
<gc-start id="5301" type="partial gc" contextid="5300" timestamp="2019-08-09T08:30:58.133">
  <mem-info id="5302" free="104857600" total="320864256" percent="32">
    <mem type="eden" free="0" total="88080384" percent="0" />
    <remembered-set count="7968" freebytes="12795648" totalbytes="12827520" percent="99" regionsoverflowed="0" regionsstable="11" regionsrebuilding="0"/>
  </mem-info>
</gc-start>
<allocation-stats totalBytes="87915576" >
  <allocated-bytes non-tlh="98328" tlh="87817248" arrayletleaf="0"/>
  <largest-consumer threadName="Thread-42" threadId="000000000133FE00" bytes="9509696" />
</allocation-stats>
<gc-op id="5303" type="copy forward" timems="8.025" contextid="5300" timestamp="2019-08-09T08:30:58.142">
  <memory-copied type="eden" objects="9765" bytes="3851720" bytesdiscarded="591664" />
  <memory-copied type="other" objects="25" bytes="976" bytesdiscarded="0" />
  <memory-cardclean objects="3129" bytes="144272" />
  <regions eden="42" other="5" />
  <remembered-set-cleared processed="374" cleared="91" durationms="0.156" />
  <references type="phantom" candidates="3" cleared="0" enqueued="0" />
  <stringconstants candidates="16338" cleared="0"  />
</gc-op>
<gc-op id="5304" type="classunload" timems="0.014" contextid="5300" timestamp="2019-08-09T08:30:58.142">
  <classunload-info classloadercandidates="69" classloadersunloaded="0" classesunloaded="0" anonymousclassesunloaded="0" quiescems="0.000" setupms="0.014" scanms="0.000" postms="0.000" />
</gc-op>
<gc-end id="5305" type="partial gc" contextid="5300" durationms="9.134" usertimems="24.289" systemtimems="7.441" timestamp="2019-08-09T08:30:58.143" activeThreads="16">
  <mem-info id="5306" free="192937984" total="320864256" percent="60">
    <mem type="eden" free="1847792" total="6291456" percent="29" />
    <remembered-set count="7904" freebytes="12795904" totalbytes="12827520" percent="99" regionsoverflowed="0" regionsstable="11" regionsrebuilding="0"/>
  </mem-info>
</gc-end>
<cycle-end id="5307" type="partial gc" contextid="5300" timestamp="2019-08-09T08:30:58.143" />
  <attribute name="elasticGC enabled" value="1" />
  <attribute name= "numThreadsSpecified" value="16" />
  <attribute name="heapSize specified" value="0" />
  <attribute name="Current GC Util" value="117" />
  <attribute name= "Current Time Running" value="114332" />
  <attribute name ="GC Interval" value="0" />
  <attribute name="Target GC Util Change" value ="80.000000" />
  <attribute name="Current GC Util Change" value="117.000000"/>
  <attribute name="Current Error" value="53.000000" />
  <attribute name="Output H" value="320902128"/>
  <attribute name="Output I" value="2032"/>
  <attribute name="Output T" value="16"/>
  <attribute name= "Current Time Running" value="114332" />
  <attribute name="GC Util currently" value="117" />
  <attribute name="CPU Util currently" value="2133881794691" />
<exclusive-end id="5308" timestamp="2019-08-09T08:30:58.143" durationms="9.852" />

<exclusive-start id="5309" timestamp="2019-08-09T08:30:58.219" intervalms="85.860">
  <response-info timems="1.265" idlems="1.265" threads="0" lastid="0000000001325B00" lastname="Thread-43" />
</exclusive-start>
<allocation-taxation id="5310" taxation-threshold="88080384" timestamp="2019-08-09T08:30:58.219" intervalms="85.849" />
<cycle-start id="5311" type="partial gc" contextid="0" timestamp="2019-08-09T08:30:58.219" intervalms="85.862" />
<gc-start id="5312" type="partial gc" contextid="5311" timestamp="2019-08-09T08:30:58.219">
  <mem-info id="5313" free="104857600" total="320864256" percent="32">
    <mem type="eden" free="0" total="88080384" percent="0" />
    <remembered-set count="7584" freebytes="12797184" totalbytes="12827520" percent="99" regionsoverflowed="0" regionsstable="11" regionsrebuilding="0"/>
  </mem-info>
</gc-start>
<allocation-stats totalBytes="87959936" >
  <allocated-bytes non-tlh="65560" tlh="87894376" arrayletleaf="0"/>
  <largest-consumer threadName="Thread-41" threadId="0000000001370900" bytes="10439800" />
</allocation-stats>
<gc-op id="5314" type="copy forward" timems="9.696" contextid="5311" timestamp="2019-08-09T08:30:58.230">
  <memory-copied type="eden" objects="10114" bytes="4062040" bytesdiscarded="479160" />
  <memory-copied type="other" objects="20" bytes="720" bytesdiscarded="0" />
  <memory-cardclean objects="3123" bytes="143824" />
  <regions eden="42" other="4" />
  <remembered-set-cleared processed="372" cleared="89" durationms="0.380" />
  <references type="phantom" candidates="3" cleared="0" enqueued="0" />
  <stringconstants candidates="16338" cleared="0"  />
</gc-op>
<gc-op id="5315" type="classunload" timems="0.012" contextid="5311" timestamp="2019-08-09T08:30:58.230">
  <classunload-info classloadercandidates="69" classloadersunloaded="0" classesunloaded="0" anonymousclassesunloaded="0" quiescems="0.000" setupms="0.011" scanms="0.000" postms="0.000" />
</gc-op>
<gc-end id="5316" type="partial gc" contextid="5311" durationms="10.826" usertimems="24.419" systemtimems="9.154" timestamp="2019-08-09T08:30:58.230" activeThreads="16">
  <mem-info id="5317" free="190840832" total="320864256" percent="59">
    <mem type="eden" free="1749976" total="6291456" percent="27" />
    <remembered-set count="8416" freebytes="12793856" totalbytes="12827520" percent="99" regionsoverflowed="0" regionsstable="11" regionsrebuilding="0"/>
  </mem-info>
</gc-end>
<cycle-end id="5318" type="partial gc" contextid="5311" timestamp="2019-08-09T08:30:58.230" />
  <attribute name="elasticGC enabled" value="1" />
  <attribute name= "numThreadsSpecified" value="16" />
  <attribute name="heapSize specified" value="0" />
  <attribute name="Current GC Util" value="115" />
  <attribute name= "Current Time Running" value="114418" />
  <attribute name ="GC Interval" value="0" />
  <attribute name="Target GC Util Change" value ="80.000000" />
  <attribute name="Current GC Util Change" value="115.000000"/>
  <attribute name="Current Error" value="73.000000" />
  <attribute name="Output H" value="320902144"/>
  <attribute name="Output I" value="2048"/>
  <attribute name="Output T" value="16"/>
  <attribute name= "Current Time Running" value="114418" />
  <attribute name="GC Util currently" value="115" />
  <attribute name="CPU Util currently" value="2008573861250" />
<exclusive-end id="5319" timestamp="2019-08-09T08:30:58.230" durationms="11.450" />

<exclusive-start id="5320" timestamp="2019-08-09T08:30:58.288" intervalms="69.139">
  <response-info timems="4.996" idlems="2.881" threads="1" lastid="0000000001347600" lastname="Thread-48" />
</exclusive-start>
<allocation-taxation id="5321" taxation-threshold="88080384" timestamp="2019-08-09T08:30:58.288" intervalms="69.164" />
<cycle-start id="5322" type="partial gc" contextid="0" timestamp="2019-08-09T08:30:58.288" intervalms="69.221" />
<gc-start id="5323" type="partial gc" contextid="5322" timestamp="2019-08-09T08:30:58.289">
  <mem-info id="5324" free="102760448" total="320864256" percent="32">
    <mem type="eden" free="0" total="88080384" percent="0" />
    <remembered-set count="7936" freebytes="12795776" totalbytes="12827520" percent="99" regionsoverflowed="0" regionsstable="11" regionsrebuilding="0"/>
  </mem-info>
</gc-start>
<allocation-stats totalBytes="87922392" >
  <allocated-bytes non-tlh="81952" tlh="87840440" arrayletleaf="0"/>
  <largest-consumer threadName="Thread-41" threadId="0000000001370900" bytes="10149312" />
</allocation-stats>
<gc-op id="5325" type="copy forward" timems="7.660" contextid="5322" timestamp="2019-08-09T08:30:58.299">
  <memory-copied type="eden" objects="9936" bytes="3832800" bytesdiscarded="674576" />
  <memory-copied type="other" objects="28" bytes="928" bytesdiscarded="0" />
  <memory-cardclean objects="3123" bytes="143920" />
  <regions eden="42" other="4" />
  <remembered-set-cleared processed="381" cleared="96" durationms="0.175" />
  <stringconstants candidates="16338" cleared="0"  />
</gc-op>
<gc-op id="5326" type="classunload" timems="0.012" contextid="5322" timestamp="2019-08-09T08:30:58.299">
  <classunload-info classloadercandidates="69" classloadersunloaded="0" classesunloaded="0" anonymousclassesunloaded="0" quiescems="0.000" setupms="0.012" scanms="0.000" postms="0.000" />
</gc-op>
<gc-end id="5327" type="partial gc" contextid="5322" durationms="10.091" usertimems="22.906" systemtimems="10.707" timestamp="2019-08-09T08:30:58.299" activeThreads="16">
  <mem-info id="5328" free="188743680" total="320864256" percent="58">
    <mem type="eden" free="1783832" total="6291456" percent="28" />
    <remembered-set count="7392" freebytes="12797952" totalbytes="12827520" percent="99" regionsoverflowed="0" regionsstable="11" regionsrebuilding="0"/>
  </mem-info>
</gc-end>
<cycle-end id="5329" type="partial gc" contextid="5322" timestamp="2019-08-09T08:30:58.299" />
  <attribute name="elasticGC enabled" value="1" />
  <attribute name= "numThreadsSpecified" value="16" />
  <attribute name="heapSize specified" value="0" />
  <attribute name="Current GC Util" value="232" />
  <attribute name= "Current Time Running" value="114489" />
  <attribute name ="GC Interval" value="0" />
  <attribute name="Target GC Util Change" value ="80.000000" />
  <attribute name="Current GC Util Change" value="232.000000"/>
  <attribute name="Current Error" value="-152.000000" />
  <attribute name="Output H" value="320902016"/>
  <attribute name="Output I" value="1920"/>
  <attribute name="Output T" value="16"/>
  <attribute name= "Current Time Running" value="114489" />
  <attribute name="GC Util currently" value="232" />
  <attribute name="CPU Util currently" value="728385531279" />
<exclusive-end id="5330" timestamp="2019-08-09T08:30:58.299" durationms="10.907" />

<exclusive-start id="5331" timestamp="2019-08-09T08:30:58.352" intervalms="63.603">
  <response-info timems="0.124" idlems="0.060" threads="2" lastid="0000000001347600" lastname="Thread-48" />
</exclusive-start>
<allocation-taxation id="5332" taxation-threshold="88080384" timestamp="2019-08-09T08:30:58.352" intervalms="64.193" />
<cycle-start id="5333" type="partial gc" contextid="0" timestamp="2019-08-09T08:30:58.353" intervalms="64.148" />
<gc-start id="5334" type="partial gc" contextid="5333" timestamp="2019-08-09T08:30:58.353">
  <mem-info id="5335" free="100663296" total="320864256" percent="31">
    <mem type="eden" free="0" total="88080384" percent="0" />
    <remembered-set count="7104" freebytes="12799104" totalbytes="12827520" percent="99" regionsoverflowed="0" regionsstable="11" regionsrebuilding="0"/>
  </mem-info>
</gc-start>
<allocation-stats totalBytes="87922392" >
  <allocated-bytes non-tlh="32776" tlh="87889616" arrayletleaf="0"/>
  <largest-consumer threadName="Thread-42" threadId="000000000133FE00" bytes="10859168" />
</allocation-stats>
<gc-op id="5336" type="copy forward" timems="7.458" contextid="5333" timestamp="2019-08-09T08:30:58.361">
  <memory-copied type="eden" objects="9905" bytes="3957240" bytesdiscarded="604136" />
  <memory-copied type="other" objects="22" bytes="944" bytesdiscarded="0" />
  <memory-cardclean objects="3111" bytes="144648" />
  <regions eden="42" other="4" />
  <remembered-set-cleared processed="377" cleared="94" durationms="0.570" />
  <references type="phantom" candidates="5" cleared="0" enqueued="0" />
  <stringconstants candidates="16338" cleared="0"  />
</gc-op>
<gc-op id="5337" type="classunload" timems="0.011" contextid="5333" timestamp="2019-08-09T08:30:58.361">
  <classunload-info classloadercandidates="69" classloadersunloaded="0" classesunloaded="0" anonymousclassesunloaded="0" quiescems="0.000" setupms="0.010" scanms="0.000" postms="0.000" />
</gc-op>
<heap-resize id="5338" type="expand" space="default" amount="14680064" count="1" timems="0.078" reason="excessive time being spent in gc" timestamp="2019-08-09T08:30:58.361" />
<gc-end id="5339" type="partial gc" contextid="5333" durationms="8.592" usertimems="18.304" systemtimems="4.413" timestamp="2019-08-09T08:30:58.361" activeThreads="16">
  <mem-info id="5340" free="201326592" total="335544320" percent="60">
    <mem type="eden" free="1729776" total="6291456" percent="27" />
    <remembered-set count="7392" freebytes="13384832" totalbytes="13414400" percent="99" regionsoverflowed="0" regionsstable="11" regionsrebuilding="0"/>
  </mem-info>
</gc-end>
<cycle-end id="5341" type="partial gc" contextid="5333" timestamp="2019-08-09T08:30:58.361" />
  <attribute name="elasticGC enabled" value="1" />
  <attribute name= "numThreadsSpecified" value="16" />
  <attribute name="heapSize specified" value="0" />
  <attribute name="Current GC Util" value="127" />
  <attribute name= "Current Time Running" value="114551" />
  <attribute name ="GC Interval" value="0" />
  <attribute name="Target GC Util Change" value ="80.000000" />
  <attribute name="Current GC Util Change" value="127.000000"/>
  <attribute name="Current Error" value="-151.000000" />
  <attribute name="Output H" value="320902016"/>
  <attribute name="Output I" value="1920"/>
  <attribute name="Output T" value="16"/>
  <attribute name= "Current Time Running" value="114551" />
  <attribute name="GC Util currently" value="127" />
  <attribute name="CPU Util currently" value="2339608015001" />
<exclusive-end id="5342" timestamp="2019-08-09T08:30:58.361" durationms="9.719" />

<exclusive-start id="5343" timestamp="2019-08-09T08:30:58.439" intervalms="87.481">
  <response-info timems="0.173" idlems="0.172" threads="1" lastid="000000000135DD00" lastname="Thread-47" />
</exclusive-start>
<allocation-taxation id="5344" taxation-threshold="90177536" timestamp="2019-08-09T08:30:58.439" intervalms="86.939" />
<cycle-start id="5345" type="partial gc" contextid="0" timestamp="2019-08-09T08:30:58.439" intervalms="86.947" />
<gc-start id="5346" type="partial gc" contextid="5345" timestamp="2019-08-09T08:30:58.440">
  <mem-info id="5347" free="111149056" total="335544320" percent="33">
    <mem type="eden" free="0" total="90177536" percent="0" />
    <remembered-set count="7072" freebytes="13386112" totalbytes="13414400" percent="99" regionsoverflowed="0" regionsstable="11" regionsrebuilding="0"/>
  </mem-info>
</gc-start>
<allocation-stats totalBytes="89975704" >
  <allocated-bytes non-tlh="32784" tlh="89942920" arrayletleaf="0"/>
  <largest-consumer threadName="Thread-39" threadId="000000000133C200" bytes="9124152" />
</allocation-stats>
<gc-op id="5348" type="copy forward" timems="6.964" contextid="5345" timestamp="2019-08-09T08:30:58.448">
  <memory-copied type="eden" objects="7782" bytes="3365976" bytesdiscarded="459592" />
  <memory-copied type="other" objects="30" bytes="1232" bytesdiscarded="0" />
  <memory-cardclean objects="3136" bytes="144936" />
  <regions eden="43" other="4" />
  <remembered-set-cleared processed="373" cleared="90" durationms="0.162" />
  <references type="phantom" candidates="8" cleared="0" enqueued="0" />
  <stringconstants candidates="16338" cleared="0"  />
</gc-op>
<gc-op id="5349" type="classunload" timems="0.011" contextid="5345" timestamp="2019-08-09T08:30:58.448">
  <classunload-info classloadercandidates="69" classloadersunloaded="0" classesunloaded="0" anonymousclassesunloaded="0" quiescems="0.000" setupms="0.011" scanms="0.000" postms="0.000" />
</gc-op>
<gc-end id="5350" type="partial gc" contextid="5345" durationms="8.556" usertimems="11.822" systemtimems="14.024" timestamp="2019-08-09T08:30:58.448" activeThreads="16">
  <mem-info id="5351" free="201326592" total="335544320" percent="60">
    <mem type="eden" free="368416" total="4194304" percent="8" />
    <remembered-set count="5344" freebytes="13393024" totalbytes="13414400" percent="99" regionsoverflowed="0" regionsstable="11" regionsrebuilding="0"/>
  </mem-info>
</gc-end>
<cycle-end id="5352" type="partial gc" contextid="5345" timestamp="2019-08-09T08:30:58.448" />
  <attribute name="elasticGC enabled" value="1" />
  <attribute name= "numThreadsSpecified" value="16" />
  <attribute name="heapSize specified" value="0" />
  <attribute name="Current GC Util" value="103" />
  <attribute name= "Current Time Running" value="114639" />
  <attribute name ="GC Interval" value="0" />
  <attribute name="Target GC Util Change" value ="80.000000" />
  <attribute name="Current GC Util Change" value="103.000000"/>
  <attribute name="Current Error" value="-119.000000" />
  <attribute name="Output H" value="335582096"/>
  <attribute name="Output I" value="1936"/>
  <attribute name="Output T" value="16"/>
  <attribute name= "Current Time Running" value="114639" />
  <attribute name="GC Util currently" value="103" />
  <attribute name="CPU Util currently" value="1251673422243" />
<exclusive-end id="5353" timestamp="2019-08-09T08:30:58.448" durationms="9.217" />

<exclusive-start id="5354" timestamp="2019-08-09T08:30:58.496" intervalms="56.543">
  <response-info timems="1.244" idlems="1.244" threads="0" lastid="0000000001325B00" lastname="Thread-43" />
</exclusive-start>
<allocation-taxation id="5355" taxation-threshold="90177536" timestamp="2019-08-09T08:30:58.496" intervalms="56.548" />
<cycle-start id="5356" type="partial gc" contextid="0" timestamp="2019-08-09T08:30:58.496" intervalms="56.675" />
<gc-start id="5357" type="partial gc" contextid="5356" timestamp="2019-08-09T08:30:58.496">
  <mem-info id="5358" free="111149056" total="335544320" percent="33">
    <mem type="eden" free="0" total="90177536" percent="0" />
    <remembered-set count="4928" freebytes="13394688" totalbytes="13414400" percent="99" regionsoverflowed="0" regionsstable="11" regionsrebuilding="0"/>
  </mem-info>
</gc-start>
<allocation-stats totalBytes="90006384" >
  <allocated-bytes non-tlh="24592" tlh="89981792" arrayletleaf="0"/>
  <largest-consumer threadName="Thread-40" threadId="0000000001338600" bytes="8369712" />
</allocation-stats>
<gc-op id="5359" type="copy forward" timems="11.020" contextid="5356" timestamp="2019-08-09T08:30:58.509">
  <memory-copied type="eden" objects="10328" bytes="4146272" bytesdiscarded="578744" />
  <memory-copied type="other" objects="28" bytes="1008" bytesdiscarded="0" />
  <memory-cardclean objects="3127" bytes="144680" />
  <regions eden="43" other="3" />
  <remembered-set-cleared processed="368" cleared="85" durationms="0.818" />
  <references type="phantom" candidates="2" cleared="0" enqueued="0" />
  <stringconstants candidates="16338" cleared="0"  />
</gc-op>
<gc-op id="5360" type="classunload" timems="0.013" contextid="5356" timestamp="2019-08-09T08:30:58.509">
  <classunload-info classloadercandidates="69" classloadersunloaded="0" classesunloaded="0" anonymousclassesunloaded="0" quiescems="0.000" setupms="0.013" scanms="0.000" postms="0.000" />
</gc-op>
<heap-resize id="5361" type="expand" space="default" amount="10485760" count="1" timems="0.079" reason="excessive time being spent in gc" timestamp="2019-08-09T08:30:58.510" />
<gc-end id="5362" type="partial gc" contextid="5356" durationms="13.202" usertimems="34.505" systemtimems="8.580" timestamp="2019-08-09T08:30:58.510" activeThreads="16">
  <mem-info id="5363" free="207618048" total="346030080" percent="60">
    <mem type="eden" free="1566168" total="6291456" percent="24" />
    <remembered-set count="9440" freebytes="13795840" totalbytes="13833600" percent="99" regionsoverflowed="0" regionsstable="11" regionsrebuilding="0"/>
  </mem-info>
</gc-end>
<cycle-end id="5364" type="partial gc" contextid="5356" timestamp="2019-08-09T08:30:58.510" />
  <attribute name="elasticGC enabled" value="1" />
  <attribute name= "numThreadsSpecified" value="16" />
  <attribute name="heapSize specified" value="0" />
  <attribute name="Current GC Util" value="65" />
  <attribute name= "Current Time Running" value="114696" />
  <attribute name ="GC Interval" value="0" />
  <attribute name="Target GC Util Change" value ="80.000000" />
  <attribute name="Current GC Util Change" value="65.000000"/>
  <attribute name="Current Error" value="15.000000" />
  <attribute name="Output H" value="335582168"/>
  <attribute name="Output I" value="2008"/>
  <attribute name="Output T" value="16"/>
  <attribute name= "Current Time Running" value="114696" />
  <attribute name="GC Util currently" value="65" />
  <attribute name="CPU Util currently" value="772104174743" />
<exclusive-end id="5365" timestamp="2019-08-09T08:30:58.510" durationms="14.354" />

<exclusive-start id="5366" timestamp="2019-08-09T08:30:58.613" intervalms="117.101">
  <response-info timems="1.359" idlems="1.359" threads="0" lastid="000000000135A200" lastname="Thread-50" />
</exclusive-start>
<allocation-taxation id="5367" taxation-threshold="94371840" timestamp="2019-08-09T08:30:58.613" intervalms="117.160" />
<cycle-start id="5368" type="partial gc" contextid="0" timestamp="2019-08-09T08:30:58.613" intervalms="117.021" />
<gc-start id="5369" type="partial gc" contextid="5368" timestamp="2019-08-09T08:30:58.613">
  <mem-info id="5370" free="113246208" total="346030080" percent="32">
    <mem type="eden" free="0" total="94371840" percent="0" />
    <remembered-set count="9408" freebytes="13795968" totalbytes="13833600" percent="99" regionsoverflowed="0" regionsstable="11" regionsrebuilding="0"/>
  </mem-info>
</gc-start>
<allocation-stats totalBytes="94263376" >
  <allocated-bytes non-tlh="73768" tlh="94189608" arrayletleaf="0"/>
  <largest-consumer threadName="Thread-38" threadId="0000000001329700" bytes="10240232" />
</allocation-stats>
<gc-op id="5371" type="copy forward" timems="17.234" contextid="5368" timestamp="2019-08-09T08:30:58.632">
  <memory-copied type="eden" objects="9615" bytes="3775056" bytesdiscarded="565840" />
  <memory-copied type="other" objects="30" bytes="1040" bytesdiscarded="0" />
  <memory-cardclean objects="3132" bytes="145256" />
  <regions eden="45" other="4" />
  <remembered-set-cleared processed="371" cleared="88" durationms="0.143" />
  <references type="phantom" candidates="1" cleared="0" enqueued="0" />
  <stringconstants candidates="16338" cleared="0"  />
</gc-op>
<gc-op id="5372" type="classunload" timems="0.013" contextid="5368" timestamp="2019-08-09T08:30:58.632">
  <classunload-info classloadercandidates="69" classloadersunloaded="0" classesunloaded="0" anonymousclassesunloaded="0" quiescems="0.000" setupms="0.013" scanms="0.000" postms="0.000" />
</gc-op>
<gc-end id="5373" type="partial gc" contextid="5368" durationms="18.640" usertimems="40.220" systemtimems="20.637" timestamp="2019-08-09T08:30:58.632" activeThreads="16">
  <mem-info id="5374" free="205520896" total="346030080" percent="59">
    <mem type="eden" free="1950304" total="6291456" percent="30" />
    <remembered-set count="8928" freebytes="13797888" totalbytes="13833600" percent="99" regionsoverflowed="0" regionsstable="11" regionsrebuilding="0"/>
  </mem-info>
</gc-end>
<cycle-end id="5375" type="partial gc" contextid="5368" timestamp="2019-08-09T08:30:58.632" />
  <attribute name="elasticGC enabled" value="1" />
  <attribute name= "numThreadsSpecified" value="16" />
  <attribute name="heapSize specified" value="0" />
  <attribute name="Current GC Util" value="113" />
  <attribute name= "Current Time Running" value="114812" />
  <attribute name ="GC Interval" value="0" />
  <attribute name="Target GC Util Change" value ="80.000000" />
  <attribute name="Current GC Util Change" value="113.000000"/>
  <attribute name="Current Error" value="37.000000" />
  <attribute name="Output H" value="346067944"/>
  <attribute name="Output I" value="2024"/>
  <attribute name="Output T" value="16"/>
  <attribute name= "Current Time Running" value="114812" />
  <attribute name="GC Util currently" value="113" />
  <attribute name="CPU Util currently" value="1752365239733" />
<exclusive-end id="5376" timestamp="2019-08-09T08:30:58.632" durationms="19.392" />

<exclusive-start id="5377" timestamp="2019-08-09T08:30:58.721" intervalms="108.244">
  <response-info timems="0.456" idlems="0.448" threads="1" lastid="000000000133C200" lastname="Thread-39" />
</exclusive-start>
<allocation-taxation id="5378" taxation-threshold="94371840" timestamp="2019-08-09T08:30:58.721" intervalms="108.188" />
<cycle-start id="5379" type="partial gc" contextid="0" timestamp="2019-08-09T08:30:58.721" intervalms="108.223" />
<gc-start id="5380" type="partial gc" contextid="5379" timestamp="2019-08-09T08:30:58.722">
  <mem-info id="5381" free="111149056" total="346030080" percent="32">
    <mem type="eden" free="0" total="94371840" percent="0" />
    <remembered-set count="8896" freebytes="13798016" totalbytes="13833600" percent="99" regionsoverflowed="0" regionsstable="11" regionsrebuilding="0"/>
  </mem-info>
</gc-start>
<allocation-stats totalBytes="94241520" >
  <allocated-bytes non-tlh="73752" tlh="94167768" arrayletleaf="0"/>
  <largest-consumer threadName="Thread-47" threadId="000000000135DD00" bytes="12390232" />
</allocation-stats>
<gc-op id="5382" type="copy forward" timems="7.125" contextid="5379" timestamp="2019-08-09T08:30:58.730">
  <memory-copied type="eden" objects="7933" bytes="3118424" bytesdiscarded="430032" />
  <memory-copied type="other" objects="26" bytes="1160" bytesdiscarded="0" />
  <memory-cardclean objects="3111" bytes="144496" />
  <regions eden="45" other="4" />
  <remembered-set-cleared processed="370" cleared="87" durationms="0.451" />
  <references type="phantom" candidates="3" cleared="0" enqueued="0" />
  <stringconstants candidates="16338" cleared="0"  />
</gc-op>
<gc-op id="5383" type="classunload" timems="0.011" contextid="5379" timestamp="2019-08-09T08:30:58.730">
  <classunload-info classloadercandidates="69" classloadersunloaded="0" classesunloaded="0" anonymousclassesunloaded="0" quiescems="0.000" setupms="0.011" scanms="0.000" postms="0.000" />
</gc-op>
<heap-resize id="5384" type="expand" space="default" amount="6291456" count="1" timems="0.059" reason="excessive time being spent in gc" timestamp="2019-08-09T08:30:58.730" />
<gc-end id="5385" type="partial gc" contextid="5379" durationms="8.535" usertimems="24.245" systemtimems="5.228" timestamp="2019-08-09T08:30:58.730" activeThreads="16">
  <mem-info id="5386" free="211812352" total="352321536" percent="60">
    <mem type="eden" free="645576" total="4194304" percent="15" />
    <remembered-set count="7904" freebytes="14053504" totalbytes="14085120" percent="99" regionsoverflowed="0" regionsstable="11" regionsrebuilding="0"/>
  </mem-info>
</gc-end>
<cycle-end id="5387" type="partial gc" contextid="5379" timestamp="2019-08-09T08:30:58.730" />
  <attribute name="elasticGC enabled" value="1" />
  <attribute name= "numThreadsSpecified" value="16" />
  <attribute name="heapSize specified" value="0" />
  <attribute name="Current GC Util" value="153" />
  <attribute name= "Current Time Running" value="114920" />
  <attribute name ="GC Interval" value="0" />
  <attribute name="Target GC Util Change" value ="80.000000" />
  <attribute name="Current GC Util Change" value="153.000000"/>
  <attribute name="Current Error" value="6.000000" />
  <attribute name="Output H" value="346067928"/>
  <attribute name="Output I" value="2008"/>
  <attribute name="Output T" value="16"/>
  <attribute name= "Current Time Running" value="114920" />
  <attribute name="GC Util currently" value="153" />
  <attribute name="CPU Util currently" value="2128669380806" />
<exclusive-end id="5388" timestamp="2019-08-09T08:30:58.730" durationms="9.269" />

<exclusive-start id="5389" timestamp="2019-08-09T08:30:58.809" intervalms="87.462">
  <response-info timems="0.280" idlems="0.280" threads="0" lastid="0000000001370900" lastname="Thread-41" />
</exclusive-start>
<allocation-taxation id="5390" taxation-threshold="94371840" timestamp="2019-08-09T08:30:58.809" intervalms="88.163" />
<cycle-start id="5391" type="partial gc" contextid="0" timestamp="2019-08-09T08:30:58.810" intervalms="88.306" />
<gc-start id="5392" type="partial gc" contextid="5391" timestamp="2019-08-09T08:30:58.810">
  <mem-info id="5393" free="117440512" total="352321536" percent="33">
    <mem type="eden" free="0" total="94371840" percent="0" />
    <remembered-set count="7424" freebytes="14055424" totalbytes="14085120" percent="99" regionsoverflowed="0" regionsstable="11" regionsrebuilding="0"/>
  </mem-info>
</gc-start>
<allocation-stats totalBytes="94157408" >
  <allocated-bytes non-tlh="16392" tlh="94141016" arrayletleaf="0"/>
  <largest-consumer threadName="Thread-46" threadId="0000000001330F00" bytes="9349520" />
</allocation-stats>
<gc-op id="5394" type="copy forward" timems="14.684" contextid="5391" timestamp="2019-08-09T08:30:58.827">
  <memory-copied type="eden" objects="9485" bytes="3835424" bytesdiscarded="461656" />
  <memory-copied type="other" objects="8" bytes="288" bytesdiscarded="0" />
  <memory-cardclean objects="3115" bytes="144608" />
  <regions eden="45" other="3" />
  <remembered-set-cleared processed="372" cleared="89" durationms="0.632" />
  <references type="phantom" candidates="3" cleared="0" enqueued="0" />
  <stringconstants candidates="16338" cleared="0"  />
</gc-op>
<gc-op id="5395" type="classunload" timems="0.013" contextid="5391" timestamp="2019-08-09T08:30:58.827">
  <classunload-info classloadercandidates="69" classloadersunloaded="0" classesunloaded="0" anonymousclassesunloaded="0" quiescems="0.000" setupms="0.012" scanms="0.000" postms="0.000" />
</gc-op>
<heap-resize id="5396" type="expand" space="default" amount="4194304" count="1" timems="0.082" reason="excessive time being spent in gc" timestamp="2019-08-09T08:30:58.828" />
<gc-end id="5397" type="partial gc" contextid="5391" durationms="17.403" usertimems="37.168" systemtimems="12.176" timestamp="2019-08-09T08:30:58.828" activeThreads="16">
  <mem-info id="5398" free="213909504" total="356515840" percent="60">
    <mem type="eden" free="1994096" total="6291456" percent="31" />
    <remembered-set count="7392" freebytes="14223232" totalbytes="14252800" percent="99" regionsoverflowed="0" regionsstable="11" regionsrebuilding="0"/>
  </mem-info>
</gc-end>
<cycle-end id="5399" type="partial gc" contextid="5391" timestamp="2019-08-09T08:30:58.828" />
  <attribute name="elasticGC enabled" value="1" />
  <attribute name= "numThreadsSpecified" value="16" />
  <attribute name="heapSize specified" value="0" />
  <attribute name="Current GC Util" value="31" />
  <attribute name= "Current Time Running" value="115010" />
  <attribute name ="GC Interval" value="0" />
  <attribute name="Target GC Util Change" value ="80.000000" />
  <attribute name="Current GC Util Change" value="31.000000"/>
  <attribute name="Current Error" value="49.000000" />
  <attribute name="Output H" value="352359408"/>
  <attribute name="Output I" value="2032"/>
  <attribute name="Output T" value="16"/>
  <attribute name= "Current Time Running" value="115010" />
  <attribute name="GC Util currently" value="31" />
  <attribute name="CPU Util currently" value="569657562206" />
<exclusive-end id="5400" timestamp="2019-08-09T08:30:58.828" durationms="19.370" />

<exclusive-start id="5401" timestamp="2019-08-09T08:30:58.899" intervalms="90.599">
  <response-info timems="0.233" idlems="0.120" threads="1" lastid="000000000133FE00" lastname="Thread-42" />
</exclusive-start>
<allocation-taxation id="5402" taxation-threshold="96468992" timestamp="2019-08-09T08:30:58.899" intervalms="89.883" />
<cycle-start id="5403" type="partial gc" contextid="0" timestamp="2019-08-09T08:30:58.899" intervalms="89.807" />
<gc-start id="5404" type="partial gc" contextid="5403" timestamp="2019-08-09T08:30:58.901">
  <mem-info id="5405" free="117440512" total="356515840" percent="32">
    <mem type="eden" free="0" total="96468992" percent="0" />
    <remembered-set count="7392" freebytes="14223232" totalbytes="14252800" percent="99" regionsoverflowed="0" regionsstable="11" regionsrebuilding="0"/>
  </mem-info>
</gc-start>
<allocation-stats totalBytes="96325792" >
  <allocated-bytes non-tlh="0" tlh="96325792" arrayletleaf="0"/>
  <largest-consumer threadName="Thread-46" threadId="0000000001330F00" bytes="9722224" />
</allocation-stats>
<gc-op id="5406" type="copy forward" timems="8.075" contextid="5403" timestamp="2019-08-09T08:30:58.911">
  <memory-copied type="eden" objects="9602" bytes="3827584" bytesdiscarded="553208" />
  <memory-copied type="other" objects="28" bytes="1008" bytesdiscarded="0" />
  <memory-cardclean objects="3114" bytes="144816" />
  <regions eden="46" other="4" />
  <remembered-set-cleared processed="386" cleared="103" durationms="0.536" />
  <references type="phantom" candidates="4" cleared="0" enqueued="0" />
  <stringconstants candidates="16338" cleared="0"  />
</gc-op>
<gc-op id="5407" type="classunload" timems="0.015" contextid="5403" timestamp="2019-08-09T08:30:58.911">
  <classunload-info classloadercandidates="69" classloadersunloaded="0" classesunloaded="0" anonymousclassesunloaded="0" quiescems="0.000" setupms="0.015" scanms="0.000" postms="0.000" />
</gc-op>
<heap-resize id="5408" type="expand" space="default" amount="6291456" count="1" timems="0.066" reason="excessive time being spent in gc" timestamp="2019-08-09T08:30:58.911" />
<gc-end id="5409" type="partial gc" contextid="5403" durationms="10.143" usertimems="24.459" systemtimems="6.738" timestamp="2019-08-09T08:30:58.911" activeThreads="16">
  <mem-info id="5410" free="218103808" total="362807296" percent="60">
    <mem type="eden" free="1910376" total="6291456" percent="30" />
    <remembered-set count="7392" freebytes="14474752" totalbytes="14504320" percent="99" regionsoverflowed="0" regionsstable="11" regionsrebuilding="0"/>
  </mem-info>
</gc-end>
<cycle-end id="5411" type="partial gc" contextid="5403" timestamp="2019-08-09T08:30:58.911" />
  <attribute name="elasticGC enabled" value="1" />
  <attribute name= "numThreadsSpecified" value="16" />
  <attribute name="heapSize specified" value="0" />
  <attribute name="Current GC Util" value="95" />
  <attribute name= "Current Time Running" value="115100" />
  <attribute name ="GC Interval" value="0" />
  <attribute name="Target GC Util Change" value ="80.000000" />
  <attribute name="Current GC Util Change" value="95.000000"/>
  <attribute name="Current Error" value="73.000000" />
  <attribute name="Output H" value="356553728"/>
  <attribute name="Output I" value="2048"/>
  <attribute name="Output T" value="16"/>
  <attribute name= "Current Time Running" value="115100" />
  <attribute name="GC Util currently" value="95" />
  <attribute name="CPU Util currently" value="1481479466664" />
<exclusive-end id="5412" timestamp="2019-08-09T08:30:58.911" durationms="11.860" />

<exclusive-start id="5413" timestamp="2019-08-09T08:30:58.980" intervalms="80.725">
  <response-info timems="1.199" idlems="1.199" threads="0" lastid="000000000135A200" lastname="Thread-50" />
</exclusive-start>
<allocation-taxation id="5414" taxation-threshold="96468992" timestamp="2019-08-09T08:30:58.980" intervalms="80.665" />
<cycle-start id="5415" type="partial gc" contextid="0" timestamp="2019-08-09T08:30:58.980" intervalms="80.578" />
<gc-start id="5416" type="partial gc" contextid="5415" timestamp="2019-08-09T08:30:58.980">
  <mem-info id="5417" free="121634816" total="362807296" percent="33">
    <mem type="eden" free="0" total="96468992" percent="0" />
    <remembered-set count="7392" freebytes="14474752" totalbytes="14504320" percent="99" regionsoverflowed="0" regionsstable="11" regionsrebuilding="0"/>
  </mem-info>
</gc-start>
<allocation-stats totalBytes="96249904" >
  <allocated-bytes non-tlh="16392" tlh="96233512" arrayletleaf="0"/>
  <largest-consumer threadName="Thread-46" threadId="0000000001330F00" bytes="9507176" />
</allocation-stats>
<gc-op id="5418" type="copy forward" timems="9.109" contextid="5415" timestamp="2019-08-09T08:30:58.991">
  <memory-copied type="eden" objects="9612" bytes="3789712" bytesdiscarded="459120" />
  <memory-copied type="other" objects="21" bytes="832" bytesdiscarded="0" />
  <memory-cardclean objects="3125" bytes="145112" />
  <regions eden="46" other="4" />
  <remembered-set-cleared processed="371" cleared="88" durationms="1.146" />
  <references type="phantom" candidates="3" cleared="0" enqueued="0" />
  <stringconstants candidates="16338" cleared="0"  />
</gc-op>
<gc-op id="5419" type="classunload" timems="0.015" contextid="5415" timestamp="2019-08-09T08:30:58.991">
  <classunload-info classloadercandidates="69" classloadersunloaded="0" classesunloaded="0" anonymousclassesunloaded="0" quiescems="0.000" setupms="0.013" scanms="0.000" postms="0.000" />
</gc-op>
<heap-resize id="5420" type="expand" space="default" amount="4194304" count="1" timems="0.060" reason="excessive time being spent in gc" timestamp="2019-08-09T08:30:58.992" />
<gc-end id="5421" type="partial gc" contextid="5415" durationms="11.390" usertimems="27.249" systemtimems="4.801" timestamp="2019-08-09T08:30:58.992" activeThreads="16">
  <mem-info id="5422" free="220200960" total="367001600" percent="60">
    <mem type="eden" free="2042344" total="6291456" percent="32" />
    <remembered-set count="7904" freebytes="14640384" totalbytes="14672000" percent="99" regionsoverflowed="0" regionsstable="11" regionsrebuilding="0"/>
  </mem-info>
</gc-end>
<cycle-end id="5423" type="partial gc" contextid="5415" timestamp="2019-08-09T08:30:58.992" />
  <attribute name="elasticGC enabled" value="1" />
  <attribute name= "numThreadsSpecified" value="16" />
  <attribute name="heapSize specified" value="0" />
  <attribute name="Current GC Util" value="161" />
  <attribute name= "Current Time Running" value="115180" />
  <attribute name ="GC Interval" value="0" />
  <attribute name="Target GC Util Change" value ="80.000000" />
  <attribute name="Current GC Util Change" value="161.000000"/>
  <attribute name="Current Error" value="40.000000" />
  <attribute name="Output H" value="362845160"/>
  <attribute name="Output I" value="2024"/>
  <attribute name="Output T" value="16"/>
  <attribute name= "Current Time Running" value="115180" />
  <attribute name="GC Util currently" value="161" />
  <attribute name="CPU Util currently" value="706784734623" />
<exclusive-end id="5424" timestamp="2019-08-09T08:30:58.992" durationms="12.075" />

<exclusive-start id="5425" timestamp="2019-08-09T08:30:59.079" intervalms="98.711">
  <response-info timems="0.385" idlems="0.280" threads="1" lastid="000000000132D300" lastname="Thread-45" />
</exclusive-start>
<allocation-taxation id="5426" taxation-threshold="98566144" timestamp="2019-08-09T08:30:59.079" intervalms="98.723" />
<cycle-start id="5427" type="partial gc" contextid="0" timestamp="2019-08-09T08:30:59.079" intervalms="98.741" />
<gc-start id="5428" type="partial gc" contextid="5427" timestamp="2019-08-09T08:30:59.079">
  <mem-info id="5429" free="121634816" total="367001600" percent="33">
    <mem type="eden" free="0" total="98566144" percent="0" />
    <remembered-set count="7872" freebytes="14640512" totalbytes="14672000" percent="99" regionsoverflowed="0" regionsstable="11" regionsrebuilding="0"/>
  </mem-info>
</gc-start>
<allocation-stats totalBytes="98446296" >
  <allocated-bytes non-tlh="65560" tlh="98380736" arrayletleaf="0"/>
  <largest-consumer threadName="Thread-44" threadId="0000000001352A00" bytes="9489152" />
</allocation-stats>
<gc-op id="5430" type="copy forward" timems="4.839" contextid="5427" timestamp="2019-08-09T08:30:59.085">
  <memory-copied type="eden" objects="10698" bytes="4166936" bytesdiscarded="0" />
  <memory-copied type="other" objects="37" bytes="1408" bytesdiscarded="0" />
  <memory-cardclean objects="3129" bytes="144640" />
  <regions eden="47" other="4" />
  <remembered-set-cleared processed="370" cleared="86" durationms="0.402" />
  <stringconstants candidates="16338" cleared="0"  />
</gc-op>
<gc-op id="5431" type="classunload" timems="0.014" contextid="5427" timestamp="2019-08-09T08:30:59.085">
  <classunload-info classloadercandidates="69" classloadersunloaded="0" classesunloaded="0" anonymousclassesunloaded="0" quiescems="0.000" setupms="0.014" scanms="0.000" postms="0.000" />
</gc-op>
<gc-end id="5432" type="partial gc" contextid="5427" durationms="6.278" usertimems="6.154" systemtimems="0.936" timestamp="2019-08-09T08:30:59.085" activeThreads="1">
  <mem-info id="5433" free="220200960" total="367001600" percent="60">
    <mem type="eden" free="27112" total="4194304" percent="0" />
    <remembered-set count="8032" freebytes="14639872" totalbytes="14672000" percent="99" regionsoverflowed="0" regionsstable="11" regionsrebuilding="0"/>
  </mem-info>
</gc-end>
<cycle-end id="5434" type="partial gc" contextid="5427" timestamp="2019-08-09T08:30:59.085" />
  <attribute name="elasticGC enabled" value="1" />
  <attribute name= "numThreadsSpecified" value="1" />
  <attribute name="heapSize specified" value="0" />
  <attribute name="Current GC Util" value="96" />
  <attribute name= "Current Time Running" value="115278" />
  <attribute name ="GC Interval" value="0" />
  <attribute name="Target GC Util Change" value ="80.000000" />
  <attribute name="Current GC Util Change" value="96.000000"/>
  <attribute name="Current Error" value="-16.000000" />
  <attribute name="Output H" value="367039432"/>
  <attribute name="Output I" value="1992"/>
  <attribute name="Output T" value="1"/>
  <attribute name= "Current Time Running" value="115278" />
  <attribute name="GC Util currently" value="96" />
  <attribute name="CPU Util currently" value="1649377392224" />
<exclusive-end id="5435" timestamp="2019-08-09T08:30:59.086" durationms="6.956" />

<exclusive-start id="5436" timestamp="2019-08-09T08:30:59.167" intervalms="88.612">
  <response-info timems="2.198" idlems="2.198" threads="0" lastid="000000000134EE00" lastname="Thread-51" />
</exclusive-start>
<allocation-taxation id="5437" taxation-threshold="98566144" timestamp="2019-08-09T08:30:59.167" intervalms="88.613" />
<cycle-start id="5438" type="partial gc" contextid="0" timestamp="2019-08-09T08:30:59.167" intervalms="88.676" />
<gc-start id="5439" type="partial gc" contextid="5438" timestamp="2019-08-09T08:30:59.168">
  <mem-info id="5440" free="121634816" total="367001600" percent="33">
    <mem type="eden" free="0" total="98566144" percent="0" />
    <remembered-set count="7776" freebytes="14640896" totalbytes="14672000" percent="99" regionsoverflowed="0" regionsstable="11" regionsrebuilding="0"/>
  </mem-info>
</gc-start>
<allocation-stats totalBytes="98452816" >
  <allocated-bytes non-tlh="32784" tlh="98420032" arrayletleaf="0"/>
  <largest-consumer threadName="Thread-44" threadId="0000000001352A00" bytes="10608184" />
</allocation-stats>
<gc-op id="5441" type="copy forward" timems="11.930" contextid="5438" timestamp="2019-08-09T08:30:59.181">
  <memory-copied type="eden" objects="10417" bytes="4159008" bytesdiscarded="512448" />
  <memory-copied type="other" objects="32" bytes="1152" bytesdiscarded="0" />
  <memory-cardclean objects="3127" bytes="144688" />
  <regions eden="47" other="3" />
  <remembered-set-cleared processed="371" cleared="88" durationms="0.600" />
  <references type="phantom" candidates="1" cleared="0" enqueued="0" />
  <stringconstants candidates="16338" cleared="0"  />
</gc-op>
<gc-op id="5442" type="classunload" timems="0.013" contextid="5438" timestamp="2019-08-09T08:30:59.181">
  <classunload-info classloadercandidates="69" classloadersunloaded="0" classesunloaded="0" anonymousclassesunloaded="0" quiescems="0.000" setupms="0.013" scanms="0.000" postms="0.000" />
</gc-op>
<gc-end id="5443" type="partial gc" contextid="5438" durationms="13.299" usertimems="21.791" systemtimems="16.803" timestamp="2019-08-09T08:30:59.182" activeThreads="16">
  <mem-info id="5444" free="216006656" total="367001600" percent="58">
    <mem type="eden" free="1619736" total="6291456" percent="25" />
    <remembered-set count="7904" freebytes="14640384" totalbytes="14672000" percent="99" regionsoverflowed="0" regionsstable="11" regionsrebuilding="0"/>
  </mem-info>
</gc-end>
<cycle-end id="5445" type="partial gc" contextid="5438" timestamp="2019-08-09T08:30:59.182" />
  <attribute name="elasticGC enabled" value="1" />
  <attribute name= "numThreadsSpecified" value="16" />
  <attribute name="heapSize specified" value="0" />
  <attribute name="Current GC Util" value="114" />
  <attribute name= "Current Time Running" value="115367" />
  <attribute name ="GC Interval" value="0" />
  <attribute name="Target GC Util Change" value ="80.000000" />
  <attribute name="Current GC Util Change" value="114.000000"/>
  <attribute name="Current Error" value="23.000000" />
  <attribute name="Output H" value="367039456"/>
  <attribute name="Output I" value="2016"/>
  <attribute name="Output T" value="16"/>
  <attribute name= "Current Time Running" value="115367" />
  <attribute name="GC Util currently" value="114" />
  <attribute name="CPU Util currently" value="1366786593231" />
<exclusive-end id="5446" timestamp="2019-08-09T08:30:59.182" durationms="14.665" />

<exclusive-start id="5447" timestamp="2019-08-09T08:30:59.287" intervalms="119.870">
  <response-info timems="0.608" idlems="0.608" threads="0" lastid="0000000001347600" lastname="Thread-48" />
</exclusive-start>
<allocation-taxation id="5448" taxation-threshold="98566144" timestamp="2019-08-09T08:30:59.287" intervalms="119.936" />
<cycle-start id="5449" type="partial gc" contextid="0" timestamp="2019-08-09T08:30:59.287" intervalms="119.826" />
<gc-start id="5450" type="partial gc" contextid="5449" timestamp="2019-08-09T08:30:59.288">
  <mem-info id="5451" free="117440512" total="367001600" percent="32">
    <mem type="eden" free="0" total="98566144" percent="0" />
    <remembered-set count="7456" freebytes="14642176" totalbytes="14672000" percent="99" regionsoverflowed="0" regionsstable="11" regionsrebuilding="0"/>
  </mem-info>
</gc-start>
<allocation-stats totalBytes="98348344" >
  <allocated-bytes non-tlh="32776" tlh="98315568" arrayletleaf="0"/>
  <largest-consumer threadName="Thread-45" threadId="000000000132D300" bytes="11404296" />
</allocation-stats>
<gc-op id="5452" type="copy forward" timems="8.261" contextid="5449" timestamp="2019-08-09T08:30:59.298">
  <memory-copied type="eden" objects="8664" bytes="3403208" bytesdiscarded="511864" />
  <memory-copied type="other" objects="28" bytes="1576" bytesdiscarded="0" />
  <memory-cardclean objects="3109" bytes="143424" />
  <regions eden="47" other="4" />
  <remembered-set-cleared processed="390" cleared="107" durationms="0.476" />
  <references type="phantom" candidates="2" cleared="0" enqueued="0" />
  <stringconstants candidates="16338" cleared="0"  />
</gc-op>
<gc-op id="5453" type="classunload" timems="0.011" contextid="5449" timestamp="2019-08-09T08:30:59.298">
  <classunload-info classloadercandidates="69" classloadersunloaded="0" classesunloaded="0" anonymousclassesunloaded="0" quiescems="0.000" setupms="0.011" scanms="0.000" postms="0.000" />
</gc-op>
<gc-end id="5454" type="partial gc" contextid="5449" durationms="10.467" usertimems="19.536" systemtimems="5.151" timestamp="2019-08-09T08:30:59.298" activeThreads="16">
  <mem-info id="5455" free="216006656" total="367001600" percent="58">
    <mem type="eden" free="278968" total="4194304" percent="6" />
    <remembered-set count="7392" freebytes="14642432" totalbytes="14672000" percent="99" regionsoverflowed="0" regionsstable="11" regionsrebuilding="0"/>
  </mem-info>
</gc-end>
<cycle-end id="5456" type="partial gc" contextid="5449" timestamp="2019-08-09T08:30:59.298" />
  <attribute name="elasticGC enabled" value="1" />
  <attribute name= "numThreadsSpecified" value="16" />
  <attribute name="heapSize specified" value="0" />
  <attribute name="Current GC Util" value="58" />
  <attribute name= "Current Time Running" value="115488" />
  <attribute name ="GC Interval" value="0" />
  <attribute name="Target GC Util Change" value ="80.000000" />
  <attribute name="Current GC Util Change" value="58.000000"/>
  <attribute name="Current Error" value="100.000000" />
  <attribute name="Output H" value="367039504"/>
  <attribute name="Output I" value="2064"/>
  <attribute name="Output T" value="16"/>
  <attribute name= "Current Time Running" value="115488" />
  <attribute name="GC Util currently" value="58" />
  <attribute name="CPU Util currently" value="794086985268" />
<exclusive-end id="5457" timestamp="2019-08-09T08:30:59.298" durationms="11.136" />

<exclusive-start id="5458" timestamp="2019-08-09T08:30:59.405" intervalms="118.084">
  <response-info timems="0.480" idlems="0.267" threads="1" lastid="0000000001330F00" lastname="Thread-46" />
</exclusive-start>
<allocation-taxation id="5459" taxation-threshold="98566144" timestamp="2019-08-09T08:30:59.405" intervalms="118.004" />
<cycle-start id="5460" type="partial gc" contextid="0" timestamp="2019-08-09T08:30:59.405" intervalms="118.006" />
<gc-start id="5461" type="partial gc" contextid="5460" timestamp="2019-08-09T08:30:59.406">
  <mem-info id="5462" free="117440512" total="367001600" percent="32">
    <mem type="eden" free="0" total="98566144" percent="0" />
    <remembered-set count="6944" freebytes="14644224" totalbytes="14672000" percent="99" regionsoverflowed="0" regionsstable="11" regionsrebuilding="0"/>
  </mem-info>
</gc-start>
<allocation-stats totalBytes="98372232" >
  <allocated-bytes non-tlh="139320" tlh="98232912" arrayletleaf="0"/>
  <largest-consumer threadName="Thread-41" threadId="0000000001370900" bytes="11002888" />
</allocation-stats>
<gc-op id="5463" type="copy forward" timems="9.830" contextid="5460" timestamp="2019-08-09T08:30:59.416">
  <memory-copied type="eden" objects="10581" bytes="4079760" bytesdiscarded="382328" />
  <memory-copied type="other" objects="25" bytes="1536" bytesdiscarded="0" />
  <memory-cardclean objects="3098" bytes="143032" />
  <regions eden="47" other="3" />
  <remembered-set-cleared processed="375" cleared="92" durationms="0.565" />
  <references type="phantom" candidates="1" cleared="0" enqueued="0" />
  <stringconstants candidates="16338" cleared="0"  />
</gc-op>
<gc-op id="5464" type="classunload" timems="0.012" contextid="5460" timestamp="2019-08-09T08:30:59.416">
  <classunload-info classloadercandidates="69" classloadersunloaded="0" classesunloaded="0" anonymousclassesunloaded="0" quiescems="0.000" setupms="0.012" scanms="0.000" postms="0.000" />
</gc-op>
<gc-end id="5465" type="partial gc" contextid="5460" durationms="10.997" usertimems="17.002" systemtimems="4.148" timestamp="2019-08-09T08:30:59.417" activeThreads="16">
  <mem-info id="5466" free="211812352" total="367001600" percent="57">
    <mem type="eden" free="1829104" total="6291456" percent="29" />
    <remembered-set count="8928" freebytes="14636288" totalbytes="14672000" percent="99" regionsoverflowed="0" regionsstable="11" regionsrebuilding="0"/>
  </mem-info>
</gc-end>
<cycle-end id="5467" type="partial gc" contextid="5460" timestamp="2019-08-09T08:30:59.417" />
  <attribute name="elasticGC enabled" value="1" />
  <attribute name= "numThreadsSpecified" value="16" />
  <attribute name="heapSize specified" value="0" />
  <attribute name="Current GC Util" value="146" />
  <attribute name= "Current Time Running" value="115604" />
  <attribute name ="GC Interval" value="0" />
  <attribute name="Target GC Util Change" value ="80.000000" />
  <attribute name="Current GC Util Change" value="146.000000"/>
  <attribute name="Current Error" value="-66.000000" />
  <attribute name="Output H" value="367039408"/>
  <attribute name="Output I" value="1968"/>
  <attribute name="Output T" value="16"/>
  <attribute name= "Current Time Running" value="115604" />
  <attribute name="GC Util currently" value="146" />
  <attribute name="CPU Util currently" value="2078290735935" />
<exclusive-end id="5468" timestamp="2019-08-09T08:30:59.417" durationms="11.635" />

<exclusive-start id="5469" timestamp="2019-08-09T08:30:59.517" intervalms="111.833">
  <response-info timems="0.613" idlems="0.499" threads="4" lastid="0000000001361900" lastname="Thread-52" />
</exclusive-start>
<allocation-taxation id="5470" taxation-threshold="98566144" timestamp="2019-08-09T08:30:59.517" intervalms="111.835" />
<cycle-start id="5471" type="partial gc" contextid="0" timestamp="2019-08-09T08:30:59.517" intervalms="111.837" />
<gc-start id="5472" type="partial gc" contextid="5471" timestamp="2019-08-09T08:30:59.517">
  <mem-info id="5473" free="113246208" total="367001600" percent="30">
    <mem type="eden" free="0" total="98566144" percent="0" />
    <remembered-set count="8448" freebytes="14638208" totalbytes="14672000" percent="99" regionsoverflowed="0" regionsstable="11" regionsrebuilding="0"/>
  </mem-info>
</gc-start>
<allocation-stats totalBytes="98438936" >
  <allocated-bytes non-tlh="0" tlh="98438936" arrayletleaf="0"/>
  <largest-consumer threadName="Thread-43" threadId="0000000001325B00" bytes="11714440" />
</allocation-stats>
<gc-op id="5474" type="copy forward" timems="11.102" contextid="5471" timestamp="2019-08-09T08:30:59.529">
  <memory-copied type="eden" objects="9322" bytes="3666568" bytesdiscarded="503024" />
  <memory-copied type="other" objects="29" bytes="1112" bytesdiscarded="0" />
  <memory-cardclean objects="3115" bytes="144456" />
  <regions eden="47" other="4" />
  <remembered-set-cleared processed="378" cleared="94" durationms="1.077" />
  <references type="weak" candidates="1" cleared="0" enqueued="0" />
  <references type="phantom" candidates="2" cleared="0" enqueued="0" />
  <stringconstants candidates="16338" cleared="0"  />
</gc-op>
<gc-op id="5475" type="classunload" timems="0.011" contextid="5471" timestamp="2019-08-09T08:30:59.529">
  <classunload-info classloadercandidates="69" classloadersunloaded="0" classesunloaded="0" anonymousclassesunloaded="0" quiescems="0.000" setupms="0.011" scanms="0.000" postms="0.000" />
</gc-op>
<gc-end id="5476" type="partial gc" contextid="5471" durationms="12.134" usertimems="23.040" systemtimems="9.738" timestamp="2019-08-09T08:30:59.530" activeThreads="16">
  <mem-info id="5477" free="211812352" total="367001600" percent="57">
    <mem type="eden" free="24448" total="4194304" percent="0" />
    <remembered-set count="7936" freebytes="14640256" totalbytes="14672000" percent="99" regionsoverflowed="0" regionsstable="11" regionsrebuilding="0"/>
  </mem-info>
</gc-end>
<cycle-end id="5478" type="partial gc" contextid="5471" timestamp="2019-08-09T08:30:59.530" />
  <attribute name="elasticGC enabled" value="1" />
  <attribute name= "numThreadsSpecified" value="16" />
  <attribute name="heapSize specified" value="0" />
  <attribute name="Current GC Util" value="126" />
  <attribute name= "Current Time Running" value="115716" />
  <attribute name ="GC Interval" value="0" />
  <attribute name="Target GC Util Change" value ="80.000000" />
  <attribute name="Current GC Util Change" value="126.000000"/>
  <attribute name="Current Error" value="-50.000000" />
  <attribute name="Output H" value="367039416"/>
  <attribute name="Output I" value="1976"/>
  <attribute name="Output T" value="16"/>
  <attribute name= "Current Time Running" value="115716" />
  <attribute name="GC Util currently" value="126" />
  <attribute name="CPU Util currently" value="2043411532104" />
<exclusive-end id="5479" timestamp="2019-08-09T08:30:59.530" durationms="12.701" />

<exclusive-start id="5480" timestamp="2019-08-09T08:30:59.618" intervalms="100.927">
  <response-info timems="1.542" idlems="1.542" threads="0" lastid="000000000133C200" lastname="Thread-39" />
</exclusive-start>
<allocation-taxation id="5481" taxation-threshold="98566144" timestamp="2019-08-09T08:30:59.618" intervalms="100.931" />
<cycle-start id="5482" type="partial gc" contextid="0" timestamp="2019-08-09T08:30:59.618" intervalms="100.919" />
<gc-start id="5483" type="partial gc" contextid="5482" timestamp="2019-08-09T08:30:59.618">
  <mem-info id="5484" free="113246208" total="367001600" percent="30">
    <mem type="eden" free="0" total="98566144" percent="0" />
    <remembered-set count="7904" freebytes="14640384" totalbytes="14672000" percent="99" regionsoverflowed="0" regionsstable="11" regionsrebuilding="0"/>
  </mem-info>
</gc-start>
<allocation-stats totalBytes="98412392" >
  <allocated-bytes non-tlh="49168" tlh="98363224" arrayletleaf="0"/>
  <largest-consumer threadName="Thread-43" threadId="0000000001325B00" bytes="10768896" />
</allocation-stats>
<gc-op id="5485" type="copy forward" timems="6.484" contextid="5482" timestamp="2019-08-09T08:30:59.626">
  <memory-copied type="eden" objects="9533" bytes="3743376" bytesdiscarded="349328" />
  <memory-copied type="other" objects="28" bytes="1008" bytesdiscarded="0" />
  <memory-cardclean objects="3126" bytes="144656" />
  <regions eden="47" other="3" />
  <remembered-set-cleared processed="375" cleared="91" durationms="0.766" />
  <references type="phantom" candidates="1" cleared="0" enqueued="0" />
  <stringconstants candidates="16338" cleared="0"  />
</gc-op>
<gc-op id="5486" type="classunload" timems="0.030" contextid="5482" timestamp="2019-08-09T08:30:59.626">
  <classunload-info classloadercandidates="69" classloadersunloaded="0" classesunloaded="0" anonymousclassesunloaded="0" quiescems="0.000" setupms="0.029" scanms="0.000" postms="0.000" />
</gc-op>
<gc-end id="5487" type="partial gc" contextid="5482" durationms="7.667" usertimems="13.184" systemtimems="9.063" timestamp="2019-08-09T08:30:59.626" activeThreads="16">
  <mem-info id="5488" free="209715200" total="367001600" percent="57">
    <mem type="eden" free="101336" total="4194304" percent="2" />
    <remembered-set count="6400" freebytes="14646400" totalbytes="14672000" percent="99" regionsoverflowed="0" regionsstable="11" regionsrebuilding="0"/>
  </mem-info>
</gc-end>
<cycle-end id="5489" type="partial gc" contextid="5482" timestamp="2019-08-09T08:30:59.626" />
  <attribute name="elasticGC enabled" value="1" />
  <attribute name= "numThreadsSpecified" value="16" />
  <attribute name="heapSize specified" value="0" />
  <attribute name="Current GC Util" value="111" />
  <attribute name= "Current Time Running" value="115817" />
  <attribute name ="GC Interval" value="0" />
  <attribute name="Target GC Util Change" value ="80.000000" />
  <attribute name="Current GC Util Change" value="111.000000"/>
  <attribute name="Current Error" value="-26.000000" />
  <attribute name="Output H" value="367039432"/>
  <attribute name="Output I" value="1992"/>
  <attribute name="Output T" value="16"/>
  <attribute name= "Current Time Running" value="115817" />
  <attribute name="GC Util currently" value="111" />
  <attribute name="CPU Util currently" value="1835274687573" />
<exclusive-end id="5490" timestamp="2019-08-09T08:30:59.626" durationms="8.255" />

<exclusive-start id="5491" timestamp="2019-08-09T08:30:59.703" intervalms="85.198">
  <response-info timems="4.024" idlems="4.024" threads="0" lastid="0000000001352A00" lastname="Thread-44" />
</exclusive-start>
<allocation-taxation id="5492" taxation-threshold="98566144" timestamp="2019-08-09T08:30:59.703" intervalms="85.200" />
<cycle-start id="5493" type="partial gc" contextid="0" timestamp="2019-08-09T08:30:59.703" intervalms="85.243" />
<gc-start id="5494" type="partial gc" contextid="5493" timestamp="2019-08-09T08:30:59.704">
  <mem-info id="5495" free="111149056" total="367001600" percent="30">
    <mem type="eden" free="0" total="98566144" percent="0" />
    <remembered-set count="6048" freebytes="14647808" totalbytes="14672000" percent="99" regionsoverflowed="0" regionsstable="11" regionsrebuilding="0"/>
  </mem-info>
</gc-start>
<allocation-stats totalBytes="98332856" >
  <allocated-bytes non-tlh="57368" tlh="98275488" arrayletleaf="0"/>
  <largest-consumer threadName="Thread-46" threadId="0000000001330F00" bytes="9630608" />
</allocation-stats>
<gc-op id="5496" type="copy forward" timems="8.959" contextid="5493" timestamp="2019-08-09T08:30:59.714">
  <memory-copied type="eden" objects="9966" bytes="3924520" bytesdiscarded="529680" />
  <memory-copied type="other" objects="36" bytes="1296" bytesdiscarded="0" />
  <memory-cardclean objects="3114" bytes="144640" />
  <regions eden="47" other="3" />
  <remembered-set-cleared processed="380" cleared="97" durationms="0.529" />
  <references type="phantom" candidates="3" cleared="0" enqueued="0" />
  <stringconstants candidates="16338" cleared="0"  />
</gc-op>
<gc-op id="5497" type="classunload" timems="0.011" contextid="5493" timestamp="2019-08-09T08:30:59.714">
  <classunload-info classloadercandidates="69" classloadersunloaded="0" classesunloaded="0" anonymousclassesunloaded="0" quiescems="0.000" setupms="0.010" scanms="0.000" postms="0.000" />
</gc-op>
<gc-end id="5498" type="partial gc" contextid="5493" durationms="10.212" usertimems="15.471" systemtimems="14.315" timestamp="2019-08-09T08:30:59.714" activeThreads="16">
  <mem-info id="5499" free="205520896" total="367001600" percent="56">
    <mem type="eden" free="1836976" total="6291456" percent="29" />
    <remembered-set count="6400" freebytes="14646400" totalbytes="14672000" percent="99" regionsoverflowed="0" regionsstable="11" regionsrebuilding="0"/>
  </mem-info>
</gc-end>
<cycle-end id="5500" type="partial gc" contextid="5493" timestamp="2019-08-09T08:30:59.714" />
  <attribute name="elasticGC enabled" value="1" />
  <attribute name= "numThreadsSpecified" value="16" />
  <attribute name="heapSize specified" value="0" />
  <attribute name="Current GC Util" value="132" />
  <attribute name= "Current Time Running" value="115903" />
  <attribute name ="GC Interval" value="0" />
  <attribute name="Target GC Util Change" value ="80.000000" />
  <attribute name="Current GC Util Change" value="132.000000"/>
  <attribute name="Current Error" value="-52.000000" />
  <attribute name="Output H" value="367039416"/>
  <attribute name="Output I" value="1976"/>
  <attribute name="Output T" value="16"/>
  <attribute name= "Current Time Running" value="115903" />
  <attribute name="GC Util currently" value="132" />
  <attribute name="CPU Util currently" value="2021031013273" />
<exclusive-end id="5501" timestamp="2019-08-09T08:30:59.714" durationms="11.294" />

<exclusive-start id="5502" timestamp="2019-08-09T08:30:59.812" intervalms="109.042">
  <response-info timems="1.067" idlems="0.398" threads="2" lastid="000000000135A200" lastname="Thread-50" />
</exclusive-start>
<allocation-taxation id="5503" taxation-threshold="98566144" timestamp="2019-08-09T08:30:59.812" intervalms="109.042" />
<cycle-start id="5504" type="partial gc" contextid="0" timestamp="2019-08-09T08:30:59.813" intervalms="109.201" />
<gc-start id="5505" type="partial gc" contextid="5504" timestamp="2019-08-09T08:30:59.813">
  <mem-info id="5506" free="106954752" total="367001600" percent="29">
    <mem type="eden" free="0" total="98566144" percent="0" />
    <remembered-set count="6048" freebytes="14647808" totalbytes="14672000" percent="99" regionsoverflowed="0" regionsstable="11" regionsrebuilding="0"/>
  </mem-info>
</gc-start>
<allocation-stats totalBytes="98396488" >
  <allocated-bytes non-tlh="65568" tlh="98330920" arrayletleaf="0"/>
  <largest-consumer threadName="Thread-43" threadId="0000000001325B00" bytes="13500240" />
</allocation-stats>
<gc-op id="5507" type="copy forward" timems="13.730" contextid="5504" timestamp="2019-08-09T08:30:59.828">
  <memory-copied type="eden" objects="9615" bytes="3784936" bytesdiscarded="633880" />
  <memory-copied type="other" objects="24" bytes="864" bytesdiscarded="0" />
  <memory-cardclean objects="3116" bytes="144880" />
  <regions eden="47" other="4" />
  <remembered-set-cleared processed="380" cleared="97" durationms="1.490" />
  <references type="phantom" candidates="1" cleared="0" enqueued="0" />
  <stringconstants candidates="16338" cleared="0"  />
</gc-op>
<gc-op id="5508" type="classunload" timems="0.012" contextid="5504" timestamp="2019-08-09T08:30:59.828">
  <classunload-info classloadercandidates="69" classloadersunloaded="0" classesunloaded="0" anonymousclassesunloaded="0" quiescems="0.000" setupms="0.012" scanms="0.000" postms="0.000" />
</gc-op>
<gc-end id="5509" type="partial gc" contextid="5504" durationms="15.233" usertimems="27.235" systemtimems="17.018" timestamp="2019-08-09T08:30:59.828" activeThreads="16">
  <mem-info id="5510" free="203423744" total="367001600" percent="55">
    <mem type="eden" free="1872360" total="6291456" percent="29" />
    <remembered-set count="7936" freebytes="14640256" totalbytes="14672000" percent="99" regionsoverflowed="0" regionsstable="11" regionsrebuilding="0"/>
  </mem-info>
</gc-end>
<cycle-end id="5511" type="partial gc" contextid="5504" timestamp="2019-08-09T08:30:59.828" />
  <attribute name="elasticGC enabled" value="1" />
  <attribute name= "numThreadsSpecified" value="16" />
  <attribute name="heapSize specified" value="0" />
  <attribute name="Current GC Util" value="208" />
  <attribute name= "Current Time Running" value="116012" />
  <attribute name ="GC Interval" value="0" />
  <attribute name="Target GC Util Change" value ="80.000000" />
  <attribute name="Current GC Util Change" value="208.000000"/>
  <attribute name="Current Error" value="-123.000000" />
  <attribute name="Output H" value="367039376"/>
  <attribute name="Output I" value="1936"/>
  <attribute name="Output T" value="16"/>
  <attribute name= "Current Time Running" value="116012" />
  <attribute name="GC Util currently" value="208" />
  <attribute name="CPU Util currently" value="1307036705846" />
<exclusive-end id="5512" timestamp="2019-08-09T08:30:59.829" durationms="16.397" />

<exclusive-start id="5513" timestamp="2019-08-09T08:30:59.920" intervalms="107.551">
  <response-info timems="2.804" idlems="2.804" threads="0" lastid="0000000001325B00" lastname="Thread-43" />
</exclusive-start>
<allocation-taxation id="5514" taxation-threshold="98566144" timestamp="2019-08-09T08:30:59.920" intervalms="107.707" />
<cycle-start id="5515" type="partial gc" contextid="0" timestamp="2019-08-09T08:30:59.920" intervalms="107.529" />
<gc-start id="5516" type="partial gc" contextid="5515" timestamp="2019-08-09T08:30:59.920">
  <mem-info id="5517" free="104857600" total="367001600" percent="28">
    <mem type="eden" free="0" total="98566144" percent="0" />
    <remembered-set count="7520" freebytes="14641920" totalbytes="14672000" percent="99" regionsoverflowed="0" regionsstable="11" regionsrebuilding="0"/>
  </mem-info>
</gc-start>
<allocation-stats totalBytes="98332232" >
  <allocated-bytes non-tlh="65568" tlh="98266664" arrayletleaf="0"/>
  <largest-consumer threadName="Thread-38" threadId="0000000001329700" bytes="12316328" />
</allocation-stats>
<gc-op id="5518" type="copy forward" timems="7.119" contextid="5515" timestamp="2019-08-09T08:30:59.929">
  <memory-copied type="eden" objects="8609" bytes="3600088" bytesdiscarded="578048" />
  <memory-copied type="other" objects="22" bytes="944" bytesdiscarded="0" />
  <memory-cardclean objects="3097" bytes="143936" />
  <regions eden="47" other="4" />
  <remembered-set-cleared processed="387" cleared="104" durationms="0.256" />
  <references type="phantom" candidates="6" cleared="0" enqueued="0" />
  <stringconstants candidates="16338" cleared="0"  />
</gc-op>
<gc-op id="5519" type="classunload" timems="0.013" contextid="5515" timestamp="2019-08-09T08:30:59.929">
  <classunload-info classloadercandidates="69" classloadersunloaded="0" classesunloaded="0" anonymousclassesunloaded="0" quiescems="0.000" setupms="0.013" scanms="0.000" postms="0.000" />
</gc-op>
<gc-end id="5520" type="partial gc" contextid="5515" durationms="8.869" usertimems="22.368" systemtimems="3.249" timestamp="2019-08-09T08:30:59.929" activeThreads="16">
  <mem-info id="5521" free="201326592" total="367001600" percent="54">
    <mem type="eden" free="2113016" total="6291456" percent="33" />
    <remembered-set count="8960" freebytes="14636160" totalbytes="14672000" percent="99" regionsoverflowed="0" regionsstable="11" regionsrebuilding="0"/>
  </mem-info>
</gc-end>
<cycle-end id="5522" type="partial gc" contextid="5515" timestamp="2019-08-09T08:30:59.929" />
  <attribute name="elasticGC enabled" value="1" />
  <attribute name= "numThreadsSpecified" value="16" />
  <attribute name="heapSize specified" value="0" />
  <attribute name="Current GC Util" value="97" />
  <attribute name= "Current Time Running" value="116119" />
  <attribute name ="GC Interval" value="0" />
  <attribute name="Target GC Util Change" value ="80.000000" />
  <attribute name="Current GC Util Change" value="97.000000"/>
  <attribute name="Current Error" value="-92.000000" />
  <attribute name="Output H" value="367039392"/>
  <attribute name="Output I" value="1952"/>
  <attribute name="Output T" value="16"/>
  <attribute name= "Current Time Running" value="116119" />
  <attribute name="GC Util currently" value="97" />
  <attribute name="CPU Util currently" value="1736622939603" />
<exclusive-end id="5523" timestamp="2019-08-09T08:30:59.930" durationms="9.838" />

<exclusive-start id="5524" timestamp="2019-08-09T08:31:00.026" intervalms="106.454">
  <response-info timems="2.094" idlems="0.841" threads="2" lastid="000000000133C200" lastname="Thread-39" />
</exclusive-start>
<allocation-taxation id="5525" taxation-threshold="98566144" timestamp="2019-08-09T08:31:00.026" intervalms="106.318" />
<cycle-start id="5526" type="partial gc" contextid="0" timestamp="2019-08-09T08:31:00.027" intervalms="106.745" />
<gc-start id="5527" type="partial gc" contextid="5526" timestamp="2019-08-09T08:31:00.027">
  <mem-info id="5528" free="102760448" total="367001600" percent="28">
    <mem type="eden" free="0" total="98566144" percent="0" />
    <remembered-set count="8640" freebytes="14637440" totalbytes="14672000" percent="99" regionsoverflowed="0" regionsstable="11" regionsrebuilding="0"/>
  </mem-info>
</gc-start>
<allocation-stats totalBytes="98401920" >
  <allocated-bytes non-tlh="0" tlh="98401920" arrayletleaf="0"/>
  <largest-consumer threadName="Thread-50" threadId="000000000135A200" bytes="10392816" />
</allocation-stats>
<gc-op id="5529" type="copy forward" timems="14.513" contextid="5526" timestamp="2019-08-09T08:31:00.043">
  <memory-copied type="eden" objects="10716" bytes="4239416" bytesdiscarded="457488" />
  <memory-copied type="other" objects="22" bytes="944" bytesdiscarded="0" />
  <memory-cardclean objects="3106" bytes="144288" />
  <regions eden="47" other="4" />
  <remembered-set-cleared processed="384" cleared="101" durationms="0.582" />
  <references type="phantom" candidates="1" cleared="0" enqueued="0" />
  <stringconstants candidates="16338" cleared="0"  />
</gc-op>
<gc-op id="5530" type="classunload" timems="0.015" contextid="5526" timestamp="2019-08-09T08:31:00.043">
  <classunload-info classloadercandidates="69" classloadersunloaded="0" classesunloaded="0" anonymousclassesunloaded="0" quiescems="0.000" setupms="0.014" scanms="0.000" postms="0.000" />
</gc-op>
<gc-end id="5531" type="partial gc" contextid="5526" durationms="16.541" usertimems="38.596" systemtimems="8.908" timestamp="2019-08-09T08:31:00.044" activeThreads="16">
  <mem-info id="5532" free="197132288" total="367001600" percent="53">
    <mem type="eden" free="3691448" total="8388608" percent="44" />
    <remembered-set count="9472" freebytes="14634112" totalbytes="14672000" percent="99" regionsoverflowed="0" regionsstable="11" regionsrebuilding="0"/>
  </mem-info>
</gc-end>
<cycle-end id="5533" type="partial gc" contextid="5526" timestamp="2019-08-09T08:31:00.044" />
  <attribute name="elasticGC enabled" value="1" />
  <attribute name= "numThreadsSpecified" value="16" />
  <attribute name="heapSize specified" value="0" />
  <attribute name="Current GC Util" value="144" />
  <attribute name= "Current Time Running" value="116226" />
  <attribute name ="GC Interval" value="0" />
  <attribute name="Target GC Util Change" value ="80.000000" />
  <attribute name="Current GC Util Change" value="144.000000"/>
  <attribute name="Current Error" value="-64.000000" />
  <attribute name="Output H" value="367039408"/>
  <attribute name="Output I" value="1968"/>
  <attribute name="Output T" value="16"/>
  <attribute name= "Current Time Running" value="116226" />
  <attribute name="GC Util currently" value="144" />
  <attribute name="CPU Util currently" value="2298932196554" />
<exclusive-end id="5534" timestamp="2019-08-09T08:31:00.044" durationms="17.687" />

<exclusive-start id="5535" timestamp="2019-08-09T08:31:00.111" intervalms="85.193">
  <response-info timems="0.796" idlems="0.794" threads="1" lastid="0000000001361900" lastname="Thread-52" />
</exclusive-start>
<allocation-taxation id="5536" taxation-threshold="98566144" timestamp="2019-08-09T08:31:00.111" intervalms="85.171" />
<cycle-start id="5537" type="partial gc" contextid="0" timestamp="2019-08-09T08:31:00.112" intervalms="84.713" />
<gc-start id="5538" type="partial gc" contextid="5537" timestamp="2019-08-09T08:31:00.112">
  <mem-info id="5539" free="98566144" total="367001600" percent="26">
    <mem type="eden" free="0" total="98566144" percent="0" />
    <remembered-set count="9088" freebytes="14635648" totalbytes="14672000" percent="99" regionsoverflowed="0" regionsstable="11" regionsrebuilding="0"/>
  </mem-info>
</gc-start>
<allocation-stats totalBytes="98429080" >
  <allocated-bytes non-tlh="16392" tlh="98412688" arrayletleaf="0"/>
  <largest-consumer threadName="Thread-47" threadId="000000000135DD00" bytes="13380672" />
</allocation-stats>
<gc-op id="5540" type="copy forward" timems="11.182" contextid="5537" timestamp="2019-08-09T08:31:00.125">
  <memory-copied type="eden" objects="9817" bytes="3979608" bytesdiscarded="583416" />
  <memory-copied type="other" objects="30" bytes="1064" bytesdiscarded="0" />
  <memory-cardclean objects="3136" bytes="145920" />
  <regions eden="47" other="5" />
  <remembered-set-cleared processed="386" cleared="103" durationms="0.150" />
  <references type="phantom" candidates="3" cleared="0" enqueued="0" />
  <stringconstants candidates="16338" cleared="0"  />
</gc-op>
<gc-op id="5541" type="classunload" timems="0.027" contextid="5537" timestamp="2019-08-09T08:31:00.125">
  <classunload-info classloadercandidates="69" classloadersunloaded="0" classesunloaded="0" anonymousclassesunloaded="0" quiescems="0.000" setupms="0.027" scanms="0.000" postms="0.000" />
</gc-op>
<heap-resize id="5542" type="expand" space="default" amount="58720256" count="1" timems="0.179" reason="excessive time being spent in gc" timestamp="2019-08-09T08:31:00.125" />
<gc-end id="5543" type="partial gc" contextid="5537" durationms="13.346" usertimems="24.191" systemtimems="13.655" timestamp="2019-08-09T08:31:00.125" activeThreads="16">
  <mem-info id="5544" free="255852544" total="425721856" percent="60">
    <mem type="eden" free="1728152" total="6291456" percent="27" />
    <remembered-set count="9984" freebytes="16979584" totalbytes="17019520" percent="99" regionsoverflowed="0" regionsstable="11" regionsrebuilding="0"/>
  </mem-info>
</gc-end>
<cycle-end id="5545" type="partial gc" contextid="5537" timestamp="2019-08-09T08:31:00.125" />
  <attribute name="elasticGC enabled" value="1" />
  <attribute name= "numThreadsSpecified" value="16" />
  <attribute name="heapSize specified" value="0" />
  <attribute name="Current GC Util" value="163" />
  <attribute name= "Current Time Running" value="116311" />
  <attribute name ="GC Interval" value="0" />
  <attribute name="Target GC Util Change" value ="80.000000" />
  <attribute name="Current GC Util Change" value="163.000000"/>
  <attribute name="Current Error" value="-108.000000" />
  <attribute name="Output H" value="367039384"/>
  <attribute name="Output I" value="1944"/>
  <attribute name="Output T" value="16"/>
  <attribute name= "Current Time Running" value="116311" />
  <attribute name="GC Util currently" value="163" />
  <attribute name="CPU Util currently" value="957730226634" />
<exclusive-end id="5546" timestamp="2019-08-09T08:31:00.126" durationms="14.229" />

<exclusive-start id="5547" timestamp="2019-08-09T08:31:00.222" intervalms="110.864">
  <response-info timems="0.487" idlems="0.247" threads="11" lastid="0000000001330F00" lastname="Thread-46" />
</exclusive-start>
<allocation-taxation id="5548" taxation-threshold="113246208" timestamp="2019-08-09T08:31:00.222" intervalms="110.872" />
<cycle-start id="5549" type="partial gc" contextid="0" timestamp="2019-08-09T08:31:00.222" intervalms="110.895" />
<gc-start id="5550" type="partial gc" contextid="5549" timestamp="2019-08-09T08:31:00.223">
  <mem-info id="5551" free="142606336" total="425721856" percent="33">
    <mem type="eden" free="0" total="113246208" percent="0" />
    <remembered-set count="9536" freebytes="16981376" totalbytes="17019520" percent="99" regionsoverflowed="0" regionsstable="11" regionsrebuilding="0"/>
  </mem-info>
</gc-start>
<allocation-stats totalBytes="113086384" >
  <allocated-bytes non-tlh="98336" tlh="112988048" arrayletleaf="0"/>
  <largest-consumer threadName="Thread-51" threadId="000000000134EE00" bytes="13495144" />
</allocation-stats>
<gc-op id="5552" type="copy forward" timems="7.535" contextid="5549" timestamp="2019-08-09T08:31:00.231">
  <memory-copied type="eden" objects="9986" bytes="3890624" bytesdiscarded="557080" />
  <memory-copied type="other" objects="26" bytes="1352" bytesdiscarded="0" />
  <memory-cardclean objects="3138" bytes="145632" />
  <regions eden="54" other="4" />
  <remembered-set-cleared processed="385" cleared="102" durationms="0.148" />
  <references type="weak" candidates="1" cleared="0" enqueued="0" />
  <references type="phantom" candidates="1" cleared="0" enqueued="0" />
  <stringconstants candidates="16338" cleared="0"  />
</gc-op>
<gc-op id="5553" type="classunload" timems="0.015" contextid="5549" timestamp="2019-08-09T08:31:00.231">
  <classunload-info classloadercandidates="69" classloadersunloaded="0" classesunloaded="0" anonymousclassesunloaded="0" quiescems="0.000" setupms="0.015" scanms="0.000" postms="0.000" />
</gc-op>
<heap-resize id="5554" type="expand" space="default" amount="4194304" count="1" timems="0.103" reason="excessive time being spent in gc" timestamp="2019-08-09T08:31:00.231" />
<gc-end id="5555" type="partial gc" contextid="5549" durationms="8.808" usertimems="14.530" systemtimems="11.814" timestamp="2019-08-09T08:31:00.232" activeThreads="16">
  <mem-info id="5556" free="257949696" total="429916160" percent="60">
    <mem type="eden" free="1843496" total="6291456" percent="29" />
    <remembered-set count="7424" freebytes="17157504" totalbytes="17187200" percent="99" regionsoverflowed="0" regionsstable="11" regionsrebuilding="0"/>
  </mem-info>
</gc-end>
<cycle-end id="5557" type="partial gc" contextid="5549" timestamp="2019-08-09T08:31:00.232" />
  <attribute name="elasticGC enabled" value="1" />
  <attribute name= "numThreadsSpecified" value="16" />
  <attribute name="heapSize specified" value="0" />
  <attribute name="Current GC Util" value="130" />
  <attribute name= "Current Time Running" value="116421" />
  <attribute name ="GC Interval" value="0" />
  <attribute name="Target GC Util Change" value ="80.000000" />
  <attribute name="Current GC Util Change" value="130.000000"/>
  <attribute name="Current Error" value="-106.000000" />
  <attribute name="Output H" value="425759640"/>
  <attribute name="Output I" value="1944"/>
  <attribute name="Output T" value="16"/>
  <attribute name= "Current Time Running" value="116421" />
  <attribute name="GC Util currently" value="130" />
  <attribute name="CPU Util currently" value="2433458200861" />
<exclusive-end id="5558" timestamp="2019-08-09T08:31:00.232" durationms="9.621" />

<exclusive-start id="5559" timestamp="2019-08-09T08:31:00.314" intervalms="92.149">
  <response-info timems="0.473" idlems="0.473" threads="0" lastid="0000000001352A00" lastname="Thread-44" />
</exclusive-start>
<allocation-taxation id="5560" taxation-threshold="113246208" timestamp="2019-08-09T08:31:00.314" intervalms="92.134" />
<cycle-start id="5561" type="partial gc" contextid="0" timestamp="2019-08-09T08:31:00.315" intervalms="92.189" />
<gc-start id="5562" type="partial gc" contextid="5561" timestamp="2019-08-09T08:31:00.315">
  <mem-info id="5563" free="144703488" total="429916160" percent="33">
    <mem type="eden" free="0" total="113246208" percent="0" />
    <remembered-set count="7424" freebytes="17157504" totalbytes="17187200" percent="99" regionsoverflowed="0" regionsstable="11" regionsrebuilding="0"/>
  </mem-info>
</gc-start>
<allocation-stats totalBytes="113113408" >
  <allocated-bytes non-tlh="0" tlh="113113408" arrayletleaf="0"/>
  <largest-consumer threadName="Thread-45" threadId="000000000132D300" bytes="12576720" />
</allocation-stats>
<gc-op id="5564" type="copy forward" timems="9.149" contextid="5561" timestamp="2019-08-09T08:31:00.325">
  <memory-copied type="eden" objects="10214" bytes="4006840" bytesdiscarded="555904" />
  <memory-copied type="other" objects="39" bytes="1888" bytesdiscarded="0" />
  <memory-cardclean objects="3119" bytes="145240" />
  <regions eden="54" other="4" />
  <remembered-set-cleared processed="384" cleared="101" durationms="0.187" />
  <references type="weak" candidates="2" cleared="0" enqueued="0" />
  <references type="phantom" candidates="3" cleared="0" enqueued="0" />
  <stringconstants candidates="16338" cleared="0"  />
</gc-op>
<gc-op id="5565" type="classunload" timems="0.012" contextid="5561" timestamp="2019-08-09T08:31:00.325">
  <classunload-info classloadercandidates="69" classloadersunloaded="0" classesunloaded="0" anonymousclassesunloaded="0" quiescems="0.000" setupms="0.011" scanms="0.000" postms="0.000" />
</gc-op>
<heap-resize id="5566" type="expand" space="default" amount="6291456" count="1" timems="0.068" reason="excessive time being spent in gc" timestamp="2019-08-09T08:31:00.326" />
<gc-end id="5567" type="partial gc" contextid="5561" durationms="10.481" usertimems="16.206" systemtimems="15.555" timestamp="2019-08-09T08:31:00.326" activeThreads="16">
  <mem-info id="5568" free="262144000" total="436207616" percent="60">
    <mem type="eden" free="1728448" total="6291456" percent="27" />
    <remembered-set count="7424" freebytes="17409024" totalbytes="17438720" percent="99" regionsoverflowed="0" regionsstable="11" regionsrebuilding="0"/>
  </mem-info>
</gc-end>
<cycle-end id="5569" type="partial gc" contextid="5561" timestamp="2019-08-09T08:31:00.326" />
  <attribute name="elasticGC enabled" value="1" />
  <attribute name= "numThreadsSpecified" value="16" />
  <attribute name="heapSize specified" value="0" />
  <attribute name="Current GC Util" value="173" />
  <attribute name= "Current Time Running" value="116514" />
  <attribute name ="GC Interval" value="0" />
  <attribute name="Target GC Util Change" value ="80.000000" />
  <attribute name="Current GC Util Change" value="173.000000"/>
  <attribute name="Current Error" value="-93.000000" />
  <attribute name="Output H" value="429953952"/>
  <attribute name="Output I" value="1952"/>
  <attribute name="Output T" value="16"/>
  <attribute name= "Current Time Running" value="116514" />
  <attribute name="GC Util currently" value="173" />
  <attribute name="CPU Util currently" value="1727543982501" />
<exclusive-end id="5570" timestamp="2019-08-09T08:31:00.326" durationms="11.745" />

<exclusive-start id="5571" timestamp="2019-08-09T08:31:00.438" intervalms="123.737">
  <response-info timems="3.778" idlems="3.778" threads="0" lastid="000000000134EE00" lastname="Thread-51" />
</exclusive-start>
<allocation-taxation id="5572" taxation-threshold="115343360" timestamp="2019-08-09T08:31:00.438" intervalms="123.758" />
<cycle-start id="5573" type="partial gc" contextid="0" timestamp="2019-08-09T08:31:00.438" intervalms="123.671" />
<gc-start id="5574" type="partial gc" contextid="5573" timestamp="2019-08-09T08:31:00.439">
  <mem-info id="5575" free="146800640" total="436207616" percent="33">
    <mem type="eden" free="0" total="115343360" percent="0" />
    <remembered-set count="6976" freebytes="17410816" totalbytes="17438720" percent="99" regionsoverflowed="0" regionsstable="11" regionsrebuilding="0"/>
  </mem-info>
</gc-start>
<allocation-stats totalBytes="115151144" >
  <allocated-bytes non-tlh="16392" tlh="115134752" arrayletleaf="0"/>
  <largest-consumer threadName="Thread-44" threadId="0000000001352A00" bytes="13198728" />
</allocation-stats>
<gc-op id="5576" type="copy forward" timems="18.512" contextid="5573" timestamp="2019-08-09T08:31:00.458">
  <memory-copied type="eden" objects="10158" bytes="3887192" bytesdiscarded="528152" />
  <memory-copied type="other" objects="25" bytes="968" bytesdiscarded="0" />
  <memory-cardclean objects="3122" bytes="145400" />
  <regions eden="55" other="4" />
  <remembered-set-cleared processed="382" cleared="98" durationms="0.647" />
  <references type="phantom" candidates="2" cleared="0" enqueued="0" />
  <stringconstants candidates="16338" cleared="0"  />
</gc-op>
<gc-op id="5577" type="classunload" timems="0.011" contextid="5573" timestamp="2019-08-09T08:31:00.458">
  <classunload-info classloadercandidates="69" classloadersunloaded="0" classesunloaded="0" anonymousclassesunloaded="0" quiescems="0.000" setupms="0.010" scanms="0.000" postms="0.000" />
</gc-op>
<gc-end id="5578" type="partial gc" contextid="5573" durationms="19.834" usertimems="44.757" systemtimems="28.295" timestamp="2019-08-09T08:31:00.458" activeThreads="16">
  <mem-info id="5579" free="260046848" total="436207616" percent="59">
    <mem type="eden" free="1875840" total="6291456" percent="29" />
    <remembered-set count="10528" freebytes="17396608" totalbytes="17438720" percent="99" regionsoverflowed="0" regionsstable="11" regionsrebuilding="0"/>
  </mem-info>
</gc-end>
<cycle-end id="5580" type="partial gc" contextid="5573" timestamp="2019-08-09T08:31:00.458" />
  <attribute name="elasticGC enabled" value="1" />
  <attribute name= "numThreadsSpecified" value="16" />
  <attribute name="heapSize specified" value="0" />
  <attribute name="Current GC Util" value="103" />
  <attribute name= "Current Time Running" value="116637" />
  <attribute name ="GC Interval" value="0" />
  <attribute name="Target GC Util Change" value ="80.000000" />
  <attribute name="Current GC Util Change" value="103.000000"/>
  <attribute name="Current Error" value="-57.000000" />
  <attribute name="Output H" value="436245424"/>
  <attribute name="Output I" value="1968"/>
  <attribute name="Output T" value="16"/>
  <attribute name= "Current Time Running" value="116637" />
  <attribute name="GC Util currently" value="103" />
  <attribute name="CPU Util currently" value="1914531659402" />
<exclusive-end id="5581" timestamp="2019-08-09T08:31:00.459" durationms="20.433" />

<exclusive-start id="5582" timestamp="2019-08-09T08:31:00.531" intervalms="93.295">
  <response-info timems="0.826" idlems="0.826" threads="0" lastid="0000000001347600" lastname="Thread-48" />
</exclusive-start>
<allocation-taxation id="5583" taxation-threshold="115343360" timestamp="2019-08-09T08:31:00.531" intervalms="93.276" />
<cycle-start id="5584" type="partial gc" contextid="0" timestamp="2019-08-09T08:31:00.532" intervalms="93.374" />
<gc-start id="5585" type="partial gc" contextid="5584" timestamp="2019-08-09T08:31:00.532">
  <mem-info id="5586" free="144703488" total="436207616" percent="33">
    <mem type="eden" free="0" total="115343360" percent="0" />
    <remembered-set count="10208" freebytes="17397888" totalbytes="17438720" percent="99" regionsoverflowed="0" regionsstable="11" regionsrebuilding="0"/>
  </mem-info>
</gc-start>
<allocation-stats totalBytes="115125456" >
  <allocated-bytes non-tlh="32776" tlh="115092680" arrayletleaf="0"/>
  <largest-consumer threadName="Thread-44" threadId="0000000001352A00" bytes="14563760" />
</allocation-stats>
<gc-op id="5587" type="copy forward" timems="8.521" contextid="5584" timestamp="2019-08-09T08:31:00.542">
  <memory-copied type="eden" objects="9338" bytes="3837176" bytesdiscarded="527760" />
  <memory-copied type="other" objects="27" bytes="1000" bytesdiscarded="0" />
  <memory-cardclean objects="3151" bytes="146248" />
  <regions eden="55" other="4" />
  <remembered-set-cleared processed="391" cleared="107" durationms="0.165" />
  <references type="phantom" candidates="6" cleared="0" enqueued="0" />
  <stringconstants candidates="16338" cleared="0"  />
</gc-op>
<gc-op id="5588" type="classunload" timems="0.011" contextid="5584" timestamp="2019-08-09T08:31:00.542">
  <classunload-info classloadercandidates="69" classloadersunloaded="0" classesunloaded="0" anonymousclassesunloaded="0" quiescems="0.000" setupms="0.011" scanms="0.000" postms="0.000" />
</gc-op>
<heap-resize id="5589" type="expand" space="default" amount="10485760" count="1" timems="0.079" reason="excessive time being spent in gc" timestamp="2019-08-09T08:31:00.542" />
<gc-end id="5590" type="partial gc" contextid="5584" durationms="10.110" usertimems="14.279" systemtimems="15.814" timestamp="2019-08-09T08:31:00.542" activeThreads="16">
  <mem-info id="5591" free="268435456" total="446693376" percent="60">
    <mem type="eden" free="1926208" total="6291456" percent="30" />
    <remembered-set count="5920" freebytes="17834240" totalbytes="17857920" percent="99" regionsoverflowed="0" regionsstable="11" regionsrebuilding="0"/>
  </mem-info>
</gc-end>
<cycle-end id="5592" type="partial gc" contextid="5584" timestamp="2019-08-09T08:31:00.542" />
  <attribute name="elasticGC enabled" value="1" />
  <attribute name= "numThreadsSpecified" value="16" />
  <attribute name="heapSize specified" value="0" />
  <attribute name="Current GC Util" value="107" />
  <attribute name= "Current Time Running" value="116731" />
  <attribute name ="GC Interval" value="0" />
  <attribute name="Target GC Util Change" value ="80.000000" />
  <attribute name="Current GC Util Change" value="107.000000"/>
  <attribute name="Current Error" value="-68.000000" />
  <attribute name="Output H" value="436245424"/>
  <attribute name="Output I" value="1968"/>
  <attribute name="Output T" value="16"/>
  <attribute name= "Current Time Running" value="116731" />
  <attribute name="GC Util currently" value="107" />
  <attribute name="CPU Util currently" value="1553768910983" />
<exclusive-end id="5593" timestamp="2019-08-09T08:31:00.542" durationms="11.001" />

<exclusive-start id="5594" timestamp="2019-08-09T08:31:00.625" intervalms="93.464">
  <response-info timems="0.895" idlems="0.895" threads="0" lastid="0000000001361900" lastname="Thread-52" />
</exclusive-start>
<allocation-taxation id="5595" taxation-threshold="117440512" timestamp="2019-08-09T08:31:00.625" intervalms="93.481" />
<cycle-start id="5596" type="partial gc" contextid="0" timestamp="2019-08-09T08:31:00.625" intervalms="93.420" />
<gc-start id="5597" type="partial gc" contextid="5596" timestamp="2019-08-09T08:31:00.625">
  <mem-info id="5598" free="150994944" total="446693376" percent="33">
    <mem type="eden" free="0" total="117440512" percent="0" />
    <remembered-set count="5568" freebytes="17835648" totalbytes="17857920" percent="99" regionsoverflowed="0" regionsstable="11" regionsrebuilding="0"/>
  </mem-info>
</gc-start>
<allocation-stats totalBytes="117264928" >
  <allocated-bytes non-tlh="65568" tlh="117199360" arrayletleaf="0"/>
  <largest-consumer threadName="Thread-38" threadId="0000000001329700" bytes="13250448" />
</allocation-stats>
<gc-op id="5599" type="copy forward" timems="11.154" contextid="5596" timestamp="2019-08-09T08:31:00.637">
  <memory-copied type="eden" objects="9179" bytes="3727600" bytesdiscarded="249312" />
  <memory-copied type="other" objects="32" bytes="1416" bytesdiscarded="0" />
  <memory-cardclean objects="3148" bytes="145720" />
  <regions eden="56" other="4" />
  <remembered-set-cleared processed="383" cleared="99" durationms="0.459" />
  <references type="phantom" candidates="3" cleared="0" enqueued="0" />
  <stringconstants candidates="16338" cleared="0"  />
</gc-op>
<gc-op id="5600" type="classunload" timems="0.013" contextid="5596" timestamp="2019-08-09T08:31:00.637">
  <classunload-info classloadercandidates="69" classloadersunloaded="0" classesunloaded="0" anonymousclassesunloaded="0" quiescems="0.000" setupms="0.012" scanms="0.000" postms="0.000" />
</gc-op>
<heap-resize id="5601" type="expand" space="default" amount="20971520" count="1" timems="0.105" reason="excessive time being spent in gc" timestamp="2019-08-09T08:31:00.638" />
<gc-end id="5602" type="partial gc" contextid="5596" durationms="12.622" usertimems="21.157" systemtimems="10.268" timestamp="2019-08-09T08:31:00.638" activeThreads="16">
  <mem-info id="5603" free="281018368" total="467664896" percent="60">
    <mem type="eden" free="8605728" total="12582912" percent="68" />
    <remembered-set count="8992" freebytes="18660352" totalbytes="18696320" percent="99" regionsoverflowed="0" regionsstable="11" regionsrebuilding="0"/>
  </mem-info>
</gc-end>
<cycle-end id="5604" type="partial gc" contextid="5596" timestamp="2019-08-09T08:31:00.638" />
  <attribute name="elasticGC enabled" value="1" />
  <attribute name= "numThreadsSpecified" value="16" />
  <attribute name="heapSize specified" value="0" />
  <attribute name="Current GC Util" value="0" />
  <attribute name= "Current Time Running" value="116824" />
  <attribute name ="GC Interval" value="0" />
  <attribute name="Target GC Util Change" value ="80.000000" />
  <attribute name="Current GC Util Change" value="0.000000"/>
  <attribute name="Current Error" value="80.000000" />
  <attribute name="Output H" value="446731264"/>
  <attribute name="Output I" value="2048"/>
  <attribute name="Output T" value="16"/>
  <attribute name= "Current Time Running" value="116824" />
  <attribute name="GC Util currently" value="0" />
  <attribute name="CPU Util currently" value="1833465154890" />
<exclusive-end id="5605" timestamp="2019-08-09T08:31:00.638" durationms="13.269" />

<exclusive-start id="5606" timestamp="2019-08-09T08:31:00.704" intervalms="79.094">
  <response-info timems="2.953" idlems="2.953" threads="0" lastid="0000000001347600" lastname="Thread-48" />
</exclusive-start>
<allocation-taxation id="5607" taxation-threshold="123731968" timestamp="2019-08-09T08:31:00.704" intervalms="79.079" />
<cycle-start id="5608" type="partial gc" contextid="0" timestamp="2019-08-09T08:31:00.704" intervalms="79.178" />
<gc-start id="5609" type="partial gc" contextid="5608" timestamp="2019-08-09T08:31:00.705">
  <mem-info id="5610" free="157286400" total="467664896" percent="33">
    <mem type="eden" free="0" total="123731968" percent="0" />
    <remembered-set count="8640" freebytes="18661760" totalbytes="18696320" percent="99" regionsoverflowed="0" regionsstable="11" regionsrebuilding="0"/>
  </mem-info>
</gc-start>
<allocation-stats totalBytes="123513264" >
  <allocated-bytes non-tlh="16392" tlh="123496872" arrayletleaf="0"/>
  <largest-consumer threadName="Thread-38" threadId="0000000001329700" bytes="13416832" />
</allocation-stats>
<gc-op id="5611" type="copy forward" timems="17.671" contextid="5608" timestamp="2019-08-09T08:31:00.724">
  <memory-copied type="eden" objects="9898" bytes="3955688" bytesdiscarded="537048" />
  <memory-copied type="other" objects="24" bytes="1128" bytesdiscarded="0" />
  <memory-cardclean objects="3152" bytes="145552" />
  <regions eden="59" other="7" />
  <remembered-set-cleared processed="389" cleared="105" durationms="0.205" />
  <references type="phantom" candidates="4" cleared="0" enqueued="0" />
  <stringconstants candidates="16338" cleared="0"  />
</gc-op>
<gc-op id="5612" type="classunload" timems="0.012" contextid="5608" timestamp="2019-08-09T08:31:00.724">
  <classunload-info classloadercandidates="69" classloadersunloaded="0" classesunloaded="0" anonymousclassesunloaded="0" quiescems="0.000" setupms="0.012" scanms="0.000" postms="0.000" />
</gc-op>
<gc-end id="5613" type="partial gc" contextid="5608" durationms="19.281" usertimems="29.453" systemtimems="24.093" timestamp="2019-08-09T08:31:00.724" activeThreads="16">
  <mem-info id="5614" free="285212672" total="467664896" percent="60">
    <mem type="eden" free="1798432" total="6291456" percent="28" />
    <remembered-set count="10528" freebytes="18654208" totalbytes="18696320" percent="99" regionsoverflowed="0" regionsstable="11" regionsrebuilding="0"/>
  </mem-info>
</gc-end>
<cycle-end id="5615" type="partial gc" contextid="5608" timestamp="2019-08-09T08:31:00.724" />
  <attribute name="elasticGC enabled" value="1" />
  <attribute name= "numThreadsSpecified" value="16" />
  <attribute name="heapSize specified" value="0" />
  <attribute name="Current GC Util" value="166" />
  <attribute name= "Current Time Running" value="116904" />
  <attribute name ="GC Interval" value="0" />
  <attribute name="Target GC Util Change" value ="80.000000" />
  <attribute name="Current GC Util Change" value="166.000000"/>
  <attribute name="Current Error" value="44.000000" />
  <attribute name="Output H" value="467702768"/>
  <attribute name="Output I" value="2032"/>
  <attribute name="Output T" value="16"/>
  <attribute name= "Current Time Running" value="116904" />
  <attribute name="GC Util currently" value="166" />
  <attribute name="CPU Util currently" value="1718977119408" />
<exclusive-end id="5616" timestamp="2019-08-09T08:31:00.724" durationms="20.154" />

<exclusive-start id="5617" timestamp="2019-08-09T08:31:00.857" intervalms="153.371">
  <response-info timems="1.313" idlems="0.682" threads="1" lastid="000000000135A200" lastname="Thread-50" />
</exclusive-start>
<allocation-taxation id="5618" taxation-threshold="123731968" timestamp="2019-08-09T08:31:00.857" intervalms="153.405" />
<cycle-start id="5619" type="partial gc" contextid="0" timestamp="2019-08-09T08:31:00.858" intervalms="153.290" />
<gc-start id="5620" type="partial gc" contextid="5619" timestamp="2019-08-09T08:31:00.858">
  <mem-info id="5621" free="161480704" total="467664896" percent="34">
    <mem type="eden" free="0" total="123731968" percent="0" />
    <remembered-set count="10144" freebytes="18655744" totalbytes="18696320" percent="99" regionsoverflowed="0" regionsstable="11" regionsrebuilding="0"/>
  </mem-info>
</gc-start>
<allocation-stats totalBytes="123541456" >
  <allocated-bytes non-tlh="65552" tlh="123475904" arrayletleaf="0"/>
  <largest-consumer threadName="Thread-52" threadId="0000000001361900" bytes="12908824" />
</allocation-stats>
<gc-op id="5622" type="copy forward" timems="17.033" contextid="5619" timestamp="2019-08-09T08:31:00.876">
  <memory-copied type="eden" objects="9188" bytes="3629664" bytesdiscarded="432640" />
  <memory-copied type="other" objects="17" bytes="680" bytesdiscarded="0" />
  <memory-cardclean objects="3154" bytes="145784" />
  <regions eden="59" other="4" />
  <remembered-set-cleared processed="390" cleared="106" durationms="0.441" />
  <references type="phantom" candidates="2" cleared="0" enqueued="0" />
  <stringconstants candidates="16338" cleared="0"  />
</gc-op>
<gc-op id="5623" type="classunload" timems="0.011" contextid="5619" timestamp="2019-08-09T08:31:00.876">
  <classunload-info classloadercandidates="69" classloadersunloaded="0" classesunloaded="0" anonymousclassesunloaded="0" quiescems="0.000" setupms="0.011" scanms="0.000" postms="0.000" />
</gc-op>
<gc-end id="5624" type="partial gc" contextid="5619" durationms="19.057" usertimems="36.155" systemtimems="15.681" timestamp="2019-08-09T08:31:00.877" activeThreads="16">
  <mem-info id="5625" free="283115520" total="467664896" percent="60">
    <mem type="eden" free="2228888" total="6291456" percent="35" />
    <remembered-set count="8992" freebytes="18660352" totalbytes="18696320" percent="99" regionsoverflowed="0" regionsstable="11" regionsrebuilding="0"/>
  </mem-info>
</gc-end>
<cycle-end id="5626" type="partial gc" contextid="5619" timestamp="2019-08-09T08:31:00.877" />
  <attribute name="elasticGC enabled" value="1" />
  <attribute name= "numThreadsSpecified" value="16" />
  <attribute name="heapSize specified" value="0" />
  <attribute name="Current GC Util" value="75" />
  <attribute name= "Current Time Running" value="117057" />
  <attribute name ="GC Interval" value="0" />
  <attribute name="Target GC Util Change" value ="80.000000" />
  <attribute name="Current GC Util Change" value="75.000000"/>
  <attribute name="Current Error" value="106.000000" />
  <attribute name="Output H" value="467702800"/>
  <attribute name="Output I" value="2064"/>
  <attribute name="Output T" value="16"/>
  <attribute name= "Current Time Running" value="117057" />
  <attribute name="GC Util currently" value="75" />
  <attribute name="CPU Util currently" value="1244965420122" />
<exclusive-end id="5627" timestamp="2019-08-09T08:31:00.877" durationms="19.762" />

<exclusive-start id="5628" timestamp="2019-08-09T08:31:00.968" intervalms="110.685">
  <response-info timems="0.406" idlems="0.239" threads="3" lastid="000000000133FE00" lastname="Thread-42" />
</exclusive-start>
<allocation-taxation id="5629" taxation-threshold="123731968" timestamp="2019-08-09T08:31:00.968" intervalms="110.657" />
<cycle-start id="5630" type="partial gc" contextid="0" timestamp="2019-08-09T08:31:00.968" intervalms="110.669" />
<gc-start id="5631" type="partial gc" contextid="5630" timestamp="2019-08-09T08:31:00.968">
  <mem-info id="5632" free="159383552" total="467664896" percent="34">
    <mem type="eden" free="0" total="123731968" percent="0" />
    <remembered-set count="8576" freebytes="18662016" totalbytes="18696320" percent="99" regionsoverflowed="0" regionsstable="11" regionsrebuilding="0"/>
  </mem-info>
</gc-start>
<allocation-stats totalBytes="123562984" >
  <allocated-bytes non-tlh="147504" tlh="123415480" arrayletleaf="0"/>
  <largest-consumer threadName="Thread-43" threadId="0000000001325B00" bytes="13804200" />
</allocation-stats>
<gc-op id="5633" type="copy forward" timems="11.919" contextid="5630" timestamp="2019-08-09T08:31:00.981">
  <memory-copied type="eden" objects="9736" bytes="3915136" bytesdiscarded="489368" />
  <memory-copied type="other" objects="20" bytes="720" bytesdiscarded="0" />
  <memory-cardclean objects="3171" bytes="147136" />
  <regions eden="59" other="4" />
  <remembered-set-cleared processed="391" cleared="106" durationms="1.087" />
  <references type="phantom" candidates="3" cleared="0" enqueued="0" />
  <stringconstants candidates="16338" cleared="0"  />
</gc-op>
<gc-op id="5634" type="classunload" timems="0.010" contextid="5630" timestamp="2019-08-09T08:31:00.982">
  <classunload-info classloadercandidates="69" classloadersunloaded="0" classesunloaded="0" anonymousclassesunloaded="0" quiescems="0.000" setupms="0.010" scanms="0.000" postms="0.000" />
</gc-op>
<gc-end id="5635" type="partial gc" contextid="5630" durationms="13.212" usertimems="30.667" systemtimems="11.334" timestamp="2019-08-09T08:31:00.982" activeThreads="16">
  <mem-info id="5636" free="283115520" total="467664896" percent="60">
    <mem type="eden" free="1886672" total="6291456" percent="29" />
    <remembered-set count="8992" freebytes="18660352" totalbytes="18696320" percent="99" regionsoverflowed="0" regionsstable="11" regionsrebuilding="0"/>
  </mem-info>
</gc-end>
<cycle-end id="5637" type="partial gc" contextid="5630" timestamp="2019-08-09T08:31:00.982" />
  <attribute name="elasticGC enabled" value="1" />
  <attribute name= "numThreadsSpecified" value="16" />
  <attribute name="heapSize specified" value="0" />
  <attribute name="Current GC Util" value="133" />
  <attribute name= "Current Time Running" value="117167" />
  <attribute name ="GC Interval" value="0" />
  <attribute name="Target GC Util Change" value ="80.000000" />
  <attribute name="Current GC Util Change" value="133.000000"/>
  <attribute name="Current Error" value="-53.000000" />
  <attribute name="Output H" value="467702712"/>
  <attribute name="Output I" value="1976"/>
  <attribute name="Output T" value="16"/>
  <attribute name= "Current Time Running" value="117167" />
  <attribute name="GC Util currently" value="133" />
  <attribute name="CPU Util currently" value="2248962035167" />
<exclusive-end id="5638" timestamp="2019-08-09T08:31:00.982" durationms="13.971" />

<exclusive-start id="5639" timestamp="2019-08-09T08:31:01.055" intervalms="87.366">
  <response-info timems="0.151" idlems="0.151" threads="0" lastid="0000000001329700" lastname="Thread-38" />
</exclusive-start>
<allocation-taxation id="5640" taxation-threshold="123731968" timestamp="2019-08-09T08:31:01.056" intervalms="87.516" />
<cycle-start id="5641" type="partial gc" contextid="0" timestamp="2019-08-09T08:31:01.057" intervalms="88.539" />
<gc-start id="5642" type="partial gc" contextid="5641" timestamp="2019-08-09T08:31:01.058">
  <mem-info id="5643" free="159383552" total="467664896" percent="34">
    <mem type="eden" free="0" total="123731968" percent="0" />
    <remembered-set count="8576" freebytes="18662016" totalbytes="18696320" percent="99" regionsoverflowed="0" regionsstable="11" regionsrebuilding="0"/>
  </mem-info>
</gc-start>
<allocation-stats totalBytes="123544032" >
  <allocated-bytes non-tlh="32784" tlh="123511248" arrayletleaf="0"/>
  <largest-consumer threadName="Thread-51" threadId="000000000134EE00" bytes="13920664" />
</allocation-stats>
<gc-op id="5644" type="copy forward" timems="15.055" contextid="5641" timestamp="2019-08-09T08:31:01.074">
  <memory-copied type="eden" objects="9539" bytes="3752768" bytesdiscarded="590864" />
  <memory-copied type="other" objects="20" bytes="720" bytesdiscarded="0" />
  <memory-cardclean objects="3178" bytes="147608" />
  <regions eden="59" other="4" />
  <remembered-set-cleared processed="387" cleared="103" durationms="0.171" />
  <references type="phantom" candidates="2" cleared="0" enqueued="0" />
  <stringconstants candidates="16338" cleared="0"  />
</gc-op>
<gc-op id="5645" type="classunload" timems="0.011" contextid="5641" timestamp="2019-08-09T08:31:01.074">
  <classunload-info classloadercandidates="69" classloadersunloaded="0" classesunloaded="0" anonymousclassesunloaded="0" quiescems="0.000" setupms="0.011" scanms="0.000" postms="0.000" />
</gc-op>
<gc-end id="5646" type="partial gc" contextid="5641" durationms="16.467" usertimems="27.766" systemtimems="22.665" timestamp="2019-08-09T08:31:01.074" activeThreads="16">
  <mem-info id="5647" free="281018368" total="467664896" percent="60">
    <mem type="eden" free="1947560" total="6291456" percent="30" />
    <remembered-set count="10528" freebytes="18654208" totalbytes="18696320" percent="99" regionsoverflowed="0" regionsstable="11" regionsrebuilding="0"/>
  </mem-info>
</gc-end>
<cycle-end id="5648" type="partial gc" contextid="5641" timestamp="2019-08-09T08:31:01.074" />
  <attribute name="elasticGC enabled" value="1" />
  <attribute name= "numThreadsSpecified" value="16" />
  <attribute name="heapSize specified" value="0" />
  <attribute name="Current GC Util" value="60" />
  <attribute name= "Current Time Running" value="117256" />
  <attribute name ="GC Interval" value="0" />
  <attribute name="Target GC Util Change" value ="80.000000" />
  <attribute name="Current GC Util Change" value="60.000000"/>
  <attribute name="Current Error" value="9.000000" />
  <attribute name="Output H" value="467702744"/>
  <attribute name="Output I" value="2008"/>
  <attribute name="Output T" value="16"/>
  <attribute name= "Current Time Running" value="117256" />
  <attribute name="GC Util currently" value="60" />
  <attribute name="CPU Util currently" value="2109232760035" />
<exclusive-end id="5649" timestamp="2019-08-09T08:31:01.074" durationms="18.875" />

<exclusive-start id="5650" timestamp="2019-08-09T08:31:01.159" intervalms="104.075">
  <response-info timems="1.067" idlems="1.067" threads="0" lastid="0000000001352A00" lastname="Thread-44" />
</exclusive-start>
<allocation-taxation id="5651" taxation-threshold="123731968" timestamp="2019-08-09T08:31:01.160" intervalms="104.328" />
<cycle-start id="5652" type="partial gc" contextid="0" timestamp="2019-08-09T08:31:01.160" intervalms="103.347" />
<gc-start id="5653" type="partial gc" contextid="5652" timestamp="2019-08-09T08:31:01.160">
  <mem-info id="5654" free="157286400" total="467664896" percent="33">
    <mem type="eden" free="0" total="123731968" percent="0" />
    <remembered-set count="10208" freebytes="18655488" totalbytes="18696320" percent="99" regionsoverflowed="0" regionsstable="11" regionsrebuilding="0"/>
  </mem-info>
</gc-start>
<allocation-stats totalBytes="123531072" >
  <allocated-bytes non-tlh="65560" tlh="123465512" arrayletleaf="0"/>
  <largest-consumer threadName="Thread-37" threadId="000000000131A700" bytes="13692368" />
</allocation-stats>
<gc-op id="5655" type="copy forward" timems="9.073" contextid="5652" timestamp="2019-08-09T08:31:01.171">
  <memory-copied type="eden" objects="8765" bytes="3571896" bytesdiscarded="520328" />
  <memory-copied type="other" objects="22" bytes="928" bytesdiscarded="0" />
  <memory-cardclean objects="3183" bytes="147216" />
  <regions eden="59" other="4" />
  <remembered-set-cleared processed="395" cleared="111" durationms="0.301" />
  <references type="weak" candidates="1" cleared="0" enqueued="0" />
  <references type="phantom" candidates="9" cleared="0" enqueued="0" />
  <stringconstants candidates="16338" cleared="0"  />
</gc-op>
<gc-op id="5656" type="classunload" timems="0.013" contextid="5652" timestamp="2019-08-09T08:31:01.171">
  <classunload-info classloadercandidates="69" classloadersunloaded="0" classesunloaded="0" anonymousclassesunloaded="0" quiescems="0.000" setupms="0.013" scanms="0.000" postms="0.000" />
</gc-op>
<gc-end id="5657" type="partial gc" contextid="5652" durationms="10.825" usertimems="16.745" systemtimems="14.133" timestamp="2019-08-09T08:31:01.171" activeThreads="16">
  <mem-info id="5658" free="283115520" total="467664896" percent="60">
    <mem type="eden" free="101768" total="4194304" percent="2" />
    <remembered-set count="7456" freebytes="18666496" totalbytes="18696320" percent="99" regionsoverflowed="0" regionsstable="11" regionsrebuilding="0"/>
  </mem-info>
</gc-end>
<cycle-end id="5659" type="partial gc" contextid="5652" timestamp="2019-08-09T08:31:01.171" />
  <attribute name="elasticGC enabled" value="1" />
  <attribute name= "numThreadsSpecified" value="16" />
  <attribute name="heapSize specified" value="0" />
  <attribute name="Current GC Util" value="123" />
  <attribute name= "Current Time Running" value="117359" />
  <attribute name ="GC Interval" value="0" />
  <attribute name="Target GC Util Change" value ="80.000000" />
  <attribute name="Current GC Util Change" value="123.000000"/>
  <attribute name="Current Error" value="4.000000" />
  <attribute name="Output H" value="467702744"/>
  <attribute name="Output I" value="2008"/>
  <attribute name="Output T" value="16"/>
  <attribute name= "Current Time Running" value="117359" />
  <attribute name="GC Util currently" value="123" />
  <attribute name="CPU Util currently" value="1803161128909" />
<exclusive-end id="5660" timestamp="2019-08-09T08:31:01.171" durationms="11.994" />

<exclusive-start id="5661" timestamp="2019-08-09T08:31:01.255" intervalms="95.604">
  <response-info timems="6.936" idlems="6.936" threads="0" lastid="0000000001347600" lastname="Thread-48" />
</exclusive-start>
<allocation-taxation id="5662" taxation-threshold="123731968" timestamp="2019-08-09T08:31:01.255" intervalms="95.350" />
<cycle-start id="5663" type="partial gc" contextid="0" timestamp="2019-08-09T08:31:01.255" intervalms="95.305" />
<gc-start id="5664" type="partial gc" contextid="5663" timestamp="2019-08-09T08:31:01.256">
  <mem-info id="5665" free="159383552" total="467664896" percent="34">
    <mem type="eden" free="0" total="123731968" percent="0" />
    <remembered-set count="7008" freebytes="18668288" totalbytes="18696320" percent="99" regionsoverflowed="0" regionsstable="11" regionsrebuilding="0"/>
  </mem-info>
</gc-start>
<allocation-stats totalBytes="123646280" >
  <allocated-bytes non-tlh="40976" tlh="123605304" arrayletleaf="0"/>
  <largest-consumer threadName="Thread-38" threadId="0000000001329700" bytes="12291120" />
</allocation-stats>
<gc-op id="5666" type="copy forward" timems="13.122" contextid="5663" timestamp="2019-08-09T08:31:01.270">
  <memory-copied type="eden" objects="9070" bytes="3524472" bytesdiscarded="430272" />
  <memory-copied type="other" objects="31" bytes="1328" bytesdiscarded="0" />
  <memory-cardclean objects="3167" bytes="146960" />
  <regions eden="59" other="3" />
  <remembered-set-cleared processed="385" cleared="101" durationms="0.193" />
  <references type="weak" candidates="2" cleared="0" enqueued="0" />
  <references type="phantom" candidates="2" cleared="0" enqueued="0" />
  <stringconstants candidates="16338" cleared="0"  />
</gc-op>
<gc-op id="5667" type="classunload" timems="0.016" contextid="5663" timestamp="2019-08-09T08:31:01.270">
  <classunload-info classloadercandidates="69" classloadersunloaded="0" classesunloaded="0" anonymousclassesunloaded="0" quiescems="0.000" setupms="0.015" scanms="0.000" postms="0.000" />
</gc-op>
<gc-end id="5668" type="partial gc" contextid="5663" durationms="14.707" usertimems="21.941" systemtimems="15.680" timestamp="2019-08-09T08:31:01.270" activeThreads="16">
  <mem-info id="5669" free="281018368" total="467664896" percent="60">
    <mem type="eden" free="239304" total="4194304" percent="5" />
    <remembered-set count="7968" freebytes="18664448" totalbytes="18696320" percent="99" regionsoverflowed="0" regionsstable="11" regionsrebuilding="0"/>
  </mem-info>
</gc-end>
<cycle-end id="5670" type="partial gc" contextid="5663" timestamp="2019-08-09T08:31:01.271" />
  <attribute name="elasticGC enabled" value="1" />
  <attribute name= "numThreadsSpecified" value="16" />
  <attribute name="heapSize specified" value="0" />
  <attribute name="Current GC Util" value="121" />
  <attribute name= "Current Time Running" value="117454" />
  <attribute name ="GC Interval" value="0" />
  <attribute name="Target GC Util Change" value ="80.000000" />
  <attribute name="Current GC Util Change" value="121.000000"/>
  <attribute name="Current Error" value="-41.000000" />
  <attribute name="Output H" value="467702720"/>
  <attribute name="Output I" value="1984"/>
  <attribute name="Output T" value="16"/>
  <attribute name= "Current Time Running" value="117454" />
  <attribute name="GC Util currently" value="121" />
  <attribute name="CPU Util currently" value="2011952810702" />
<exclusive-end id="5671" timestamp="2019-08-09T08:31:01.271" durationms="16.029" />

<exclusive-start id="5672" timestamp="2019-08-09T08:31:01.351" intervalms="95.526">
  <response-info timems="0.220" idlems="0.220" threads="0" lastid="000000000135DD00" lastname="Thread-47" />
</exclusive-start>
<allocation-taxation id="5673" taxation-threshold="123731968" timestamp="2019-08-09T08:31:01.351" intervalms="95.367" />
<cycle-start id="5674" type="partial gc" contextid="0" timestamp="2019-08-09T08:31:01.351" intervalms="95.914" />
<gc-start id="5675" type="partial gc" contextid="5674" timestamp="2019-08-09T08:31:01.352">
  <mem-info id="5676" free="157286400" total="467664896" percent="33">
    <mem type="eden" free="0" total="123731968" percent="0" />
    <remembered-set count="7616" freebytes="18665856" totalbytes="18696320" percent="99" regionsoverflowed="0" regionsstable="11" regionsrebuilding="0"/>
  </mem-info>
</gc-start>
<allocation-stats totalBytes="123551912" >
  <allocated-bytes non-tlh="114720" tlh="123437192" arrayletleaf="0"/>
  <largest-consumer threadName="Thread-41" threadId="0000000001370900" bytes="12292856" />
</allocation-stats>
<gc-op id="5677" type="copy forward" timems="13.102" contextid="5674" timestamp="2019-08-09T08:31:01.366">
  <memory-copied type="eden" objects="9885" bytes="3932480" bytesdiscarded="471936" />
  <memory-copied type="other" objects="30" bytes="1232" bytesdiscarded="0" />
  <memory-cardclean objects="3153" bytes="145656" />
  <regions eden="59" other="3" />
  <remembered-set-cleared processed="392" cleared="107" durationms="0.178" />
  <references type="phantom" candidates="5" cleared="0" enqueued="0" />
  <stringconstants candidates="16338" cleared="0"  />
</gc-op>
<gc-op id="5678" type="classunload" timems="0.014" contextid="5674" timestamp="2019-08-09T08:31:01.366">
  <classunload-info classloadercandidates="69" classloadersunloaded="0" classesunloaded="0" anonymousclassesunloaded="0" quiescems="0.000" setupms="0.014" scanms="0.000" postms="0.000" />
</gc-op>
<heap-resize id="5679" type="expand" space="default" amount="10485760" count="1" timems="0.093" reason="excessive time being spent in gc" timestamp="2019-08-09T08:31:01.366" />
<gc-end id="5680" type="partial gc" contextid="5674" durationms="14.927" usertimems="21.157" systemtimems="17.983" timestamp="2019-08-09T08:31:01.366" activeThreads="16">
  <mem-info id="5681" free="287309824" total="478150656" percent="60">
    <mem type="eden" free="1886736" total="6291456" percent="29" />
    <remembered-set count="7968" freebytes="19083648" totalbytes="19115520" percent="99" regionsoverflowed="0" regionsstable="11" regionsrebuilding="0"/>
  </mem-info>
</gc-end>
<cycle-end id="5682" type="partial gc" contextid="5674" timestamp="2019-08-09T08:31:01.367" />
  <attribute name="elasticGC enabled" value="1" />
  <attribute name= "numThreadsSpecified" value="16" />
  <attribute name="heapSize specified" value="0" />
  <attribute name="Current GC Util" value="168" />
  <attribute name= "Current Time Running" value="117550" />
  <attribute name ="GC Interval" value="0" />
  <attribute name="Target GC Util Change" value ="80.000000" />
  <attribute name="Current GC Util Change" value="168.000000"/>
  <attribute name="Current Error" value="-79.000000" />
  <attribute name="Output H" value="467702696"/>
  <attribute name="Output I" value="1960"/>
  <attribute name="Output T" value="16"/>
  <attribute name= "Current Time Running" value="117550" />
  <attribute name="GC Util currently" value="168" />
  <attribute name="CPU Util currently" value="2278149594820" />
<exclusive-end id="5683" timestamp="2019-08-09T08:31:01.367" durationms="16.459" />

<exclusive-start id="5684" timestamp="2019-08-09T08:31:01.476" intervalms="125.005">
  <response-info timems="0.170" idlems="0.065" threads="2" lastid="0000000001325B00" lastname="Thread-43" />
</exclusive-start>
<allocation-taxation id="5685" taxation-threshold="125829120" timestamp="2019-08-09T08:31:01.476" intervalms="125.027" />
<cycle-start id="5686" type="partial gc" contextid="0" timestamp="2019-08-09T08:31:01.476" intervalms="124.489" />
<gc-start id="5687" type="partial gc" contextid="5686" timestamp="2019-08-09T08:31:01.476">
  <mem-info id="5688" free="161480704" total="478150656" percent="33">
    <mem type="eden" free="0" total="125829120" percent="0" />
    <remembered-set count="7776" freebytes="19084416" totalbytes="19115520" percent="99" regionsoverflowed="0" regionsstable="11" regionsrebuilding="0"/>
  </mem-info>
</gc-start>
<allocation-stats totalBytes="125718784" >
  <allocated-bytes non-tlh="40976" tlh="125677808" arrayletleaf="0"/>
  <largest-consumer threadName="Thread-38" threadId="0000000001329700" bytes="16143344" />
</allocation-stats>
<gc-op id="5689" type="copy forward" timems="10.582" contextid="5686" timestamp="2019-08-09T08:31:01.488">
  <memory-copied type="eden" objects="10967" bytes="4327120" bytesdiscarded="540320" />
  <memory-copied type="other" objects="29" bytes="1120" bytesdiscarded="0" />
  <memory-cardclean objects="3166" bytes="146648" />
  <regions eden="60" other="4" />
  <remembered-set-cleared processed="392" cleared="108" durationms="0.231" />
  <stringconstants candidates="16338" cleared="0"  />
</gc-op>
<gc-op id="5690" type="classunload" timems="0.014" contextid="5686" timestamp="2019-08-09T08:31:01.488">
  <classunload-info classloadercandidates="69" classloadersunloaded="0" classesunloaded="0" anonymousclassesunloaded="0" quiescems="0.000" setupms="0.014" scanms="0.000" postms="0.000" />
</gc-op>
<heap-resize id="5691" type="expand" space="default" amount="4194304" count="1" timems="0.070" reason="excessive time being spent in gc" timestamp="2019-08-09T08:31:01.488" />
<gc-end id="5692" type="partial gc" contextid="5686" durationms="12.206" usertimems="24.663" systemtimems="12.820" timestamp="2019-08-09T08:31:01.488" activeThreads="16">
  <mem-info id="5693" free="289406976" total="482344960" percent="60">
    <mem type="eden" free="1423760" total="6291456" percent="22" />
    <remembered-set count="10016" freebytes="19243136" totalbytes="19283200" percent="99" regionsoverflowed="0" regionsstable="11" regionsrebuilding="0"/>
  </mem-info>
</gc-end>
<cycle-end id="5694" type="partial gc" contextid="5686" timestamp="2019-08-09T08:31:01.489" />
  <attribute name="elasticGC enabled" value="1" />
  <attribute name= "numThreadsSpecified" value="16" />
  <attribute name="heapSize specified" value="0" />
  <attribute name="Current GC Util" value="99" />
  <attribute name= "Current Time Running" value="117675" />
  <attribute name ="GC Interval" value="0" />
  <attribute name="Target GC Util Change" value ="80.000000" />
  <attribute name="Current GC Util Change" value="99.000000"/>
  <attribute name="Current Error" value="-40.000000" />
  <attribute name="Output H" value="478188480"/>
  <attribute name="Output I" value="1984"/>
  <attribute name="Output T" value="16"/>
  <attribute name= "Current Time Running" value="117675" />
  <attribute name="GC Util currently" value="99" />
  <attribute name="CPU Util currently" value="1330772478330" />
<exclusive-end id="5695" timestamp="2019-08-09T08:31:01.489" durationms="13.094" />

<exclusive-start id="5696" timestamp="2019-08-09T08:31:01.573" intervalms="97.493">
  <response-info timems="0.293" idlems="0.191" threads="2" lastid="0000000001325B00" lastname="Thread-43" />
</exclusive-start>
<allocation-taxation id="5697" taxation-threshold="127926272" timestamp="2019-08-09T08:31:01.573" intervalms="97.488" />
<cycle-start id="5698" type="partial gc" contextid="0" timestamp="2019-08-09T08:31:01.573" intervalms="97.502" />
<gc-start id="5699" type="partial gc" contextid="5698" timestamp="2019-08-09T08:31:01.574">
  <mem-info id="5700" free="161480704" total="482344960" percent="33">
    <mem type="eden" free="0" total="127926272" percent="0" />
    <remembered-set count="9568" freebytes="19244928" totalbytes="19283200" percent="99" regionsoverflowed="0" regionsstable="11" regionsrebuilding="0"/>
  </mem-info>
</gc-start>
<allocation-stats totalBytes="127781392" >
  <allocated-bytes non-tlh="98344" tlh="127683048" arrayletleaf="0"/>
  <largest-consumer threadName="Thread-47" threadId="000000000135DD00" bytes="16591592" />
</allocation-stats>
<gc-op id="5701" type="copy forward" timems="10.766" contextid="5698" timestamp="2019-08-09T08:31:01.586">
  <memory-copied type="eden" objects="8755" bytes="3720040" bytesdiscarded="424000" />
  <memory-copied type="other" objects="20" bytes="720" bytesdiscarded="0" />
  <memory-cardclean objects="3153" bytes="145480" />
  <regions eden="61" other="4" />
  <remembered-set-cleared processed="396" cleared="112" durationms="0.174" />
  <references type="phantom" candidates="4" cleared="0" enqueued="0" />
  <stringconstants candidates="16338" cleared="0"  />
</gc-op>
<gc-op id="5702" type="classunload" timems="0.011" contextid="5698" timestamp="2019-08-09T08:31:01.586">
  <classunload-info classloadercandidates="69" classloadersunloaded="0" classesunloaded="0" anonymousclassesunloaded="0" quiescems="0.000" setupms="0.011" scanms="0.000" postms="0.000" />
</gc-op>
<gc-end id="5703" type="partial gc" contextid="5698" durationms="13.022" usertimems="12.223" systemtimems="18.258" timestamp="2019-08-09T08:31:01.587" activeThreads="16">
  <mem-info id="5704" free="289406976" total="482344960" percent="60">
    <mem type="eden" free="49976" total="4194304" percent="1" />
    <remembered-set count="7456" freebytes="19253376" totalbytes="19283200" percent="99" regionsoverflowed="0" regionsstable="11" regionsrebuilding="0"/>
  </mem-info>
</gc-end>
<cycle-end id="5705" type="partial gc" contextid="5698" timestamp="2019-08-09T08:31:01.587" />
  <attribute name="elasticGC enabled" value="1" />
  <attribute name= "numThreadsSpecified" value="16" />
  <attribute name="heapSize specified" value="0" />
  <attribute name="Current GC Util" value="58" />
  <attribute name= "Current Time Running" value="117773" />
  <attribute name ="GC Interval" value="0" />
  <attribute name="Target GC Util Change" value ="80.000000" />
  <attribute name="Current GC Util Change" value="58.000000"/>
  <attribute name="Current Error" value="22.000000" />
  <attribute name="Output H" value="482382816"/>
  <attribute name="Output I" value="2016"/>
  <attribute name="Output T" value="16"/>
  <attribute name= "Current Time Running" value="117773" />
  <attribute name="GC Util currently" value="58" />
  <attribute name="CPU Util currently" value="826646497593" />
<exclusive-end id="5706" timestamp="2019-08-09T08:31:01.587" durationms="14.274" />

<exclusive-start id="5707" timestamp="2019-08-09T08:31:01.677" intervalms="103.807">
  <response-info timems="5.804" idlems="2.903" threads="1" lastid="0000000001325B00" lastname="Thread-43" />
</exclusive-start>
<allocation-taxation id="5708" taxation-threshold="127926272" timestamp="2019-08-09T08:31:01.677" intervalms="103.799" />
<cycle-start id="5709" type="partial gc" contextid="0" timestamp="2019-08-09T08:31:01.677" intervalms="103.986" />
<gc-start id="5710" type="partial gc" contextid="5709" timestamp="2019-08-09T08:31:01.678">
  <mem-info id="5711" free="161480704" total="482344960" percent="33">
    <mem type="eden" free="0" total="127926272" percent="0" />
    <remembered-set count="7200" freebytes="19254400" totalbytes="19283200" percent="99" regionsoverflowed="0" regionsstable="11" regionsrebuilding="0"/>
  </mem-info>
</gc-start>
<allocation-stats totalBytes="127831064" >
  <allocated-bytes non-tlh="81944" tlh="127749120" arrayletleaf="0"/>
  <largest-consumer threadName="Thread-37" threadId="000000000131A700" bytes="13807672" />
</allocation-stats>
<gc-op id="5712" type="copy forward" timems="8.868" contextid="5709" timestamp="2019-08-09T08:31:01.687">
  <memory-copied type="eden" objects="9603" bytes="3769960" bytesdiscarded="489176" />
  <memory-copied type="other" objects="16" bytes="576" bytesdiscarded="0" />
  <memory-cardclean objects="3184" bytes="147208" />
  <regions eden="61" other="3" />
  <remembered-set-cleared processed="391" cleared="106" durationms="0.823" />
  <references type="phantom" candidates="2" cleared="0" enqueued="0" />
  <stringconstants candidates="16338" cleared="0"  />
</gc-op>
<gc-op id="5713" type="classunload" timems="0.014" contextid="5709" timestamp="2019-08-09T08:31:01.688">
  <classunload-info classloadercandidates="69" classloadersunloaded="0" classesunloaded="0" anonymousclassesunloaded="0" quiescems="0.000" setupms="0.014" scanms="0.000" postms="0.000" />
</gc-op>
<heap-resize id="5714" type="expand" space="default" amount="10485760" count="1" timems="0.084" reason="excessive time being spent in gc" timestamp="2019-08-09T08:31:01.688" />
<gc-end id="5715" type="partial gc" contextid="5709" durationms="10.247" usertimems="19.460" systemtimems="10.688" timestamp="2019-08-09T08:31:01.688" activeThreads="16">
  <mem-info id="5716" free="295698432" total="492830720" percent="60">
    <mem type="eden" free="2032048" total="6291456" percent="32" />
    <remembered-set count="7456" freebytes="19672576" totalbytes="19702400" percent="99" regionsoverflowed="0" regionsstable="11" regionsrebuilding="0"/>
  </mem-info>
</gc-end>
<cycle-end id="5717" type="partial gc" contextid="5709" timestamp="2019-08-09T08:31:01.688" />
  <attribute name="elasticGC enabled" value="1" />
  <attribute name= "numThreadsSpecified" value="16" />
  <attribute name="heapSize specified" value="0" />
  <attribute name="Current GC Util" value="128" />
  <attribute name= "Current Time Running" value="117876" />
  <attribute name ="GC Interval" value="0" />
  <attribute name="Target GC Util Change" value ="80.000000" />
  <attribute name="Current GC Util Change" value="128.000000"/>
  <attribute name="Current Error" value="31.000000" />
  <attribute name="Output H" value="482382824"/>
  <attribute name="Output I" value="2024"/>
  <attribute name="Output T" value="16"/>
  <attribute name= "Current Time Running" value="117876" />
  <attribute name="GC Util currently" value="128" />
  <attribute name="CPU Util currently" value="2199413176585" />
<exclusive-end id="5718" timestamp="2019-08-09T08:31:01.688" durationms="11.098" />

<exclusive-start id="5719" timestamp="2019-08-09T08:31:01.776" intervalms="98.618">
  <response-info timems="1.229" idlems="1.229" threads="0" lastid="0000000001329700" lastname="Thread-38" />
</exclusive-start>
<allocation-taxation id="5720" taxation-threshold="130023424" timestamp="2019-08-09T08:31:01.776" intervalms="98.611" />
<cycle-start id="5721" type="partial gc" contextid="0" timestamp="2019-08-09T08:31:01.776" intervalms="98.388" />
<gc-start id="5722" type="partial gc" contextid="5721" timestamp="2019-08-09T08:31:01.776">
  <mem-info id="5723" free="165675008" total="492830720" percent="33">
    <mem type="eden" free="0" total="130023424" percent="0" />
    <remembered-set count="7008" freebytes="19674368" totalbytes="19702400" percent="99" regionsoverflowed="0" regionsstable="11" regionsrebuilding="0"/>
  </mem-info>
</gc-start>
<allocation-stats totalBytes="129631768" >
  <allocated-bytes non-tlh="32776" tlh="129598992" arrayletleaf="0"/>
  <largest-consumer threadName="Thread-50" threadId="000000000135A200" bytes="13150216" />
</allocation-stats>
<gc-op id="5724" type="copy forward" timems="8.036" contextid="5721" timestamp="2019-08-09T08:31:01.785">
  <memory-copied type="eden" objects="9340" bytes="3681712" bytesdiscarded="518840" />
  <memory-copied type="other" objects="24" bytes="864" bytesdiscarded="0" />
  <memory-cardclean objects="3160" bytes="145928" />
  <regions eden="62" other="4" />
  <remembered-set-cleared processed="388" cleared="104" durationms="0.340" />
  <references type="phantom" candidates="3" cleared="0" enqueued="0" />
  <stringconstants candidates="16338" cleared="0"  />
</gc-op>
<gc-op id="5725" type="classunload" timems="0.015" contextid="5721" timestamp="2019-08-09T08:31:01.785">
  <classunload-info classloadercandidates="69" classloadersunloaded="0" classesunloaded="0" anonymousclassesunloaded="0" quiescems="0.000" setupms="0.014" scanms="0.000" postms="0.000" />
</gc-op>
<gc-end id="5726" type="partial gc" contextid="5721" durationms="9.530" usertimems="18.150" systemtimems="9.567" timestamp="2019-08-09T08:31:01.785" activeThreads="16">
  <mem-info id="5727" free="293601280" total="492830720" percent="59">
    <mem type="eden" free="2090624" total="6291456" percent="33" />
    <remembered-set count="6944" freebytes="19674624" totalbytes="19702400" percent="99" regionsoverflowed="0" regionsstable="11" regionsrebuilding="0"/>
  </mem-info>
</gc-end>
<cycle-end id="5728" type="partial gc" contextid="5721" timestamp="2019-08-09T08:31:01.786" />
  <attribute name="elasticGC enabled" value="1" />
  <attribute name= "numThreadsSpecified" value="16" />
  <attribute name="heapSize specified" value="0" />
  <attribute name="Current GC Util" value="127" />
  <attribute name= "Current Time Running" value="117975" />
  <attribute name ="GC Interval" value="0" />
  <attribute name="Target GC Util Change" value ="80.000000" />
  <attribute name="Current GC Util Change" value="127.000000"/>
  <attribute name="Current Error" value="39.000000" />
  <attribute name="Output H" value="492868584"/>
  <attribute name="Output I" value="2024"/>
  <attribute name="Output T" value="16"/>
  <attribute name= "Current Time Running" value="117975" />
  <attribute name="GC Util currently" value="127" />
  <attribute name="CPU Util currently" value="1341749875114" />
<exclusive-end id="5729" timestamp="2019-08-09T08:31:01.786" durationms="10.116" />

<exclusive-start id="5730" timestamp="2019-08-09T08:31:01.867" intervalms="91.561">
  <response-info timems="0.923" idlems="0.477" threads="1" lastid="0000000001370900" lastname="Thread-41" />
</exclusive-start>
<allocation-taxation id="5731" taxation-threshold="130023424" timestamp="2019-08-09T08:31:01.867" intervalms="91.582" />
<cycle-start id="5732" type="partial gc" contextid="0" timestamp="2019-08-09T08:31:01.867" intervalms="91.597" />
<gc-start id="5733" type="partial gc" contextid="5732" timestamp="2019-08-09T08:31:01.868">
  <mem-info id="5734" free="163577856" total="492830720" percent="33">
    <mem type="eden" free="0" total="130023424" percent="0" />
    <remembered-set count="6528" freebytes="19676288" totalbytes="19702400" percent="99" regionsoverflowed="0" regionsstable="11" regionsrebuilding="0"/>
  </mem-info>
</gc-start>
<allocation-stats totalBytes="129840064" >
  <allocated-bytes non-tlh="49168" tlh="129790896" arrayletleaf="0"/>
  <largest-consumer threadName="Thread-50" threadId="000000000135A200" bytes="16430952" />
</allocation-stats>
<gc-op id="5735" type="copy forward" timems="12.666" contextid="5732" timestamp="2019-08-09T08:31:01.882">
  <memory-copied type="eden" objects="9389" bytes="3814664" bytesdiscarded="365352" />
  <memory-copied type="other" objects="21" bytes="832" bytesdiscarded="0" />
  <memory-cardclean objects="3186" bytes="147472" />
  <regions eden="62" other="4" />
  <remembered-set-cleared processed="394" cleared="110" durationms="0.214" />
  <references type="phantom" candidates="2" cleared="0" enqueued="0" />
  <stringconstants candidates="16338" cleared="0"  />
</gc-op>
<gc-op id="5736" type="classunload" timems="0.015" contextid="5732" timestamp="2019-08-09T08:31:01.882">
  <classunload-info classloadercandidates="69" classloadersunloaded="0" classesunloaded="0" anonymousclassesunloaded="0" quiescems="0.000" setupms="0.015" scanms="0.000" postms="0.000" />
</gc-op>
<gc-end id="5737" type="partial gc" contextid="5732" durationms="15.056" usertimems="19.219" systemtimems="20.208" timestamp="2019-08-09T08:31:01.883" activeThreads="16">
  <mem-info id="5738" free="291504128" total="492830720" percent="59">
    <mem type="eden" free="2111168" total="6291456" percent="33" />
    <remembered-set count="10016" freebytes="19662336" totalbytes="19702400" percent="99" regionsoverflowed="0" regionsstable="11" regionsrebuilding="0"/>
  </mem-info>
</gc-end>
<cycle-end id="5739" type="partial gc" contextid="5732" timestamp="2019-08-09T08:31:01.883" />
  <attribute name="elasticGC enabled" value="1" />
  <attribute name= "numThreadsSpecified" value="16" />
  <attribute name="heapSize specified" value="0" />
  <attribute name="Current GC Util" value="63" />
  <attribute name= "Current Time Running" value="118067" />
  <attribute name ="GC Interval" value="0" />
  <attribute name="Target GC Util Change" value ="80.000000" />
  <attribute name="Current GC Util Change" value="63.000000"/>
  <attribute name="Current Error" value="17.000000" />
  <attribute name="Output H" value="492868576"/>
  <attribute name="Output I" value="2016"/>
  <attribute name="Output T" value="16"/>
  <attribute name= "Current Time Running" value="118067" />
  <attribute name="GC Util currently" value="63" />
  <attribute name="CPU Util currently" value="1105215852727" />
<exclusive-end id="5740" timestamp="2019-08-09T08:31:01.883" durationms="15.862" />

<exclusive-start id="5741" timestamp="2019-08-09T08:31:01.986" intervalms="119.280">
  <response-info timems="3.538" idlems="3.538" threads="0" lastid="000000000133FE00" lastname="Thread-42" />
</exclusive-start>
<allocation-taxation id="5742" taxation-threshold="130023424" timestamp="2019-08-09T08:31:01.986" intervalms="119.266" />
<cycle-start id="5743" type="partial gc" contextid="0" timestamp="2019-08-09T08:31:01.987" intervalms="119.365" />
<gc-start id="5744" type="partial gc" contextid="5743" timestamp="2019-08-09T08:31:01.988">
  <mem-info id="5745" free="161480704" total="492830720" percent="32">
    <mem type="eden" free="0" total="130023424" percent="0" />
    <remembered-set count="9600" freebytes="19664000" totalbytes="19702400" percent="99" regionsoverflowed="0" regionsstable="11" regionsrebuilding="0"/>
  </mem-info>
</gc-start>
<allocation-stats totalBytes="129853744" >
  <allocated-bytes non-tlh="32776" tlh="129820968" arrayletleaf="0"/>
  <largest-consumer threadName="Thread-44" threadId="0000000001352A00" bytes="15752296" />
</allocation-stats>
<gc-op id="5746" type="copy forward" timems="9.563" contextid="5743" timestamp="2019-08-09T08:31:02.001">
  <memory-copied type="eden" objects="9718" bytes="3849720" bytesdiscarded="376976" />
  <memory-copied type="other" objects="28" bytes="1272" bytesdiscarded="0" />
  <memory-cardclean objects="3181" bytes="147296" />
  <regions eden="62" other="4" />
  <remembered-set-cleared processed="393" cleared="108" durationms="0.160" />
  <references type="phantom" candidates="2" cleared="0" enqueued="0" />
  <stringconstants candidates="16338" cleared="0"  />
</gc-op>
<gc-op id="5747" type="classunload" timems="0.013" contextid="5743" timestamp="2019-08-09T08:31:02.001">
  <classunload-info classloadercandidates="69" classloadersunloaded="0" classesunloaded="0" anonymousclassesunloaded="0" quiescems="0.000" setupms="0.012" scanms="0.000" postms="0.000" />
</gc-op>
<gc-end id="5748" type="partial gc" contextid="5743" durationms="12.913" usertimems="23.287" systemtimems="8.765" timestamp="2019-08-09T08:31:02.001" activeThreads="16">
  <mem-info id="5749" free="289406976" total="492830720" percent="58">
    <mem type="eden" free="2064488" total="6291456" percent="32" />
    <remembered-set count="5920" freebytes="19678720" totalbytes="19702400" percent="99" regionsoverflowed="0" regionsstable="11" regionsrebuilding="0"/>
  </mem-info>
</gc-end>
<cycle-end id="5750" type="partial gc" contextid="5743" timestamp="2019-08-09T08:31:02.001" />
  <attribute name="elasticGC enabled" value="1" />
  <attribute name= "numThreadsSpecified" value="16" />
  <attribute name="heapSize specified" value="0" />
  <attribute name="Current GC Util" value="20" />
  <attribute name= "Current Time Running" value="118189" />
  <attribute name ="GC Interval" value="0" />
  <attribute name="Target GC Util Change" value ="80.000000" />
  <attribute name="Current GC Util Change" value="20.000000"/>
  <attribute name="Current Error" value="130.000000" />
  <attribute name="Output H" value="492868640"/>
  <attribute name="Output I" value="2080"/>
  <attribute name="Output T" value="16"/>
  <attribute name= "Current Time Running" value="118189" />
  <attribute name="GC Util currently" value="20" />
  <attribute name="CPU Util currently" value="444396841310" />
<exclusive-end id="5751" timestamp="2019-08-09T08:31:02.001" durationms="14.750" />

<exclusive-start id="5752" timestamp="2019-08-09T08:31:02.086" intervalms="99.234">
  <response-info timems="0.387" idlems="0.387" threads="0" lastid="000000000133C200" lastname="Thread-39" />
</exclusive-start>
<allocation-taxation id="5753" taxation-threshold="130023424" timestamp="2019-08-09T08:31:02.086" intervalms="99.227" />
<cycle-start id="5754" type="partial gc" contextid="0" timestamp="2019-08-09T08:31:02.086" intervalms="99.229" />
<gc-start id="5755" type="partial gc" contextid="5754" timestamp="2019-08-09T08:31:02.086">
  <mem-info id="5756" free="159383552" total="492830720" percent="32">
    <mem type="eden" free="0" total="130023424" percent="0" />
    <remembered-set count="5728" freebytes="19679488" totalbytes="19702400" percent="99" regionsoverflowed="0" regionsstable="11" regionsrebuilding="0"/>
  </mem-info>
</gc-start>
<allocation-stats totalBytes="129774296" >
  <allocated-bytes non-tlh="16392" tlh="129757904" arrayletleaf="0"/>
  <largest-consumer threadName="Thread-47" threadId="000000000135DD00" bytes="14213008" />
</allocation-stats>
<gc-op id="5757" type="copy forward" timems="13.096" contextid="5754" timestamp="2019-08-09T08:31:02.101">
  <memory-copied type="eden" objects="9625" bytes="3771832" bytesdiscarded="374512" />
  <memory-copied type="other" objects="27" bytes="1160" bytesdiscarded="0" />
  <memory-cardclean objects="3163" bytes="146240" />
  <regions eden="62" other="4" />
  <remembered-set-cleared processed="392" cleared="107" durationms="0.473" />
  <references type="phantom" candidates="3" cleared="0" enqueued="0" />
  <stringconstants candidates="16338" cleared="0"  />
</gc-op>
<gc-op id="5758" type="classunload" timems="0.012" contextid="5754" timestamp="2019-08-09T08:31:02.101">
  <classunload-info classloadercandidates="69" classloadersunloaded="0" classesunloaded="0" anonymousclassesunloaded="0" quiescems="0.000" setupms="0.012" scanms="0.000" postms="0.000" />
</gc-op>
<heap-resize id="5759" type="expand" space="default" amount="20971520" count="1" timems="0.152" reason="excessive time being spent in gc" timestamp="2019-08-09T08:31:02.101" />
<gc-end id="5760" type="partial gc" contextid="5754" durationms="14.778" usertimems="31.334" systemtimems="8.208" timestamp="2019-08-09T08:31:02.101" activeThreads="16">
  <mem-info id="5761" free="308281344" total="513802240" percent="60">
    <mem type="eden" free="2144840" total="6291456" percent="34" />
    <remembered-set count="6944" freebytes="20513024" totalbytes="20540800" percent="99" regionsoverflowed="0" regionsstable="11" regionsrebuilding="0"/>
  </mem-info>
</gc-end>
<cycle-end id="5762" type="partial gc" contextid="5754" timestamp="2019-08-09T08:31:02.101" />
  <attribute name="elasticGC enabled" value="1" />
  <attribute name= "numThreadsSpecified" value="16" />
  <attribute name="heapSize specified" value="0" />
  <attribute name="Current GC Util" value="79" />
  <attribute name= "Current Time Running" value="118285" />
  <attribute name ="GC Interval" value="0" />
  <attribute name="Target GC Util Change" value ="80.000000" />
  <attribute name="Current GC Util Change" value="79.000000"/>
  <attribute name="Current Error" value="186.000000" />
  <attribute name="Output H" value="492868672"/>
  <attribute name="Output I" value="2112"/>
  <attribute name="Output T" value="16"/>
  <attribute name= "Current Time Running" value="118285" />
  <attribute name="GC Util currently" value="79" />
  <attribute name="CPU Util currently" value="1535167301361" />
<exclusive-end id="5763" timestamp="2019-08-09T08:31:02.101" durationms="15.724" />

<exclusive-start id="5764" timestamp="2019-08-09T08:31:02.187" intervalms="101.739">
  <response-info timems="1.353" idlems="1.353" threads="0" lastid="0000000001330F00" lastname="Thread-46" />
</exclusive-start>
<allocation-taxation id="5765" taxation-threshold="134217728" timestamp="2019-08-09T08:31:02.187" intervalms="101.744" />
<cycle-start id="5766" type="partial gc" contextid="0" timestamp="2019-08-09T08:31:02.188" intervalms="101.655" />
<gc-start id="5767" type="partial gc" contextid="5766" timestamp="2019-08-09T08:31:02.188">
  <mem-info id="5768" free="174063616" total="513802240" percent="33">
    <mem type="eden" free="0" total="134217728" percent="0" />
    <remembered-set count="6528" freebytes="20514688" totalbytes="20540800" percent="99" regionsoverflowed="0" regionsstable="11" regionsrebuilding="0"/>
  </mem-info>
</gc-start>
<allocation-stats totalBytes="133958936" >
  <allocated-bytes non-tlh="32784" tlh="133926152" arrayletleaf="0"/>
  <largest-consumer threadName="Thread-46" threadId="0000000001330F00" bytes="14335400" />
</allocation-stats>
<gc-op id="5769" type="copy forward" timems="11.409" contextid="5766" timestamp="2019-08-09T08:31:02.201">
  <memory-copied type="eden" objects="10075" bytes="3957704" bytesdiscarded="306272" />
  <memory-copied type="other" objects="31" bytes="1304" bytesdiscarded="0" />
  <memory-cardclean objects="3165" bytes="146656" />
  <regions eden="64" other="5" />
  <remembered-set-cleared processed="390" cleared="106" durationms="0.200" />
  <references type="phantom" candidates="3" cleared="0" enqueued="0" />
  <stringconstants candidates="16338" cleared="0"  />
</gc-op>
<gc-op id="5770" type="classunload" timems="0.014" contextid="5766" timestamp="2019-08-09T08:31:02.201">
  <classunload-info classloadercandidates="69" classloadersunloaded="0" classesunloaded="0" anonymousclassesunloaded="0" quiescems="0.000" setupms="0.014" scanms="0.000" postms="0.000" />
</gc-op>
<heap-resize id="5771" type="expand" space="default" amount="6291456" count="1" timems="0.106" reason="excessive time being spent in gc" timestamp="2019-08-09T08:31:02.201" />
<gc-end id="5772" type="partial gc" contextid="5766" durationms="12.743" usertimems="21.585" systemtimems="8.372" timestamp="2019-08-09T08:31:02.201" activeThreads="16">
  <mem-info id="5773" free="312475648" total="520093696" percent="60">
    <mem type="eden" free="2027216" total="6291456" percent="32" />
    <remembered-set count="6432" freebytes="20766592" totalbytes="20792320" percent="99" regionsoverflowed="0" regionsstable="11" regionsrebuilding="0"/>
  </mem-info>
</gc-end>
<cycle-end id="5774" type="partial gc" contextid="5766" timestamp="2019-08-09T08:31:02.201" />
  <attribute name="elasticGC enabled" value="1" />
  <attribute name= "numThreadsSpecified" value="16" />
  <attribute name="heapSize specified" value="0" />
  <attribute name="Current GC Util" value="114" />
  <attribute name= "Current Time Running" value="118387" />
  <attribute name ="GC Interval" value="0" />
  <attribute name="Target GC Util Change" value ="80.000000" />
  <attribute name="Current GC Util Change" value="114.000000"/>
  <attribute name="Current Error" value="-34.000000" />
  <attribute name="Output H" value="513840064"/>
  <attribute name="Output I" value="1984"/>
  <attribute name="Output T" value="16"/>
  <attribute name= "Current Time Running" value="118387" />
  <attribute name="GC Util currently" value="114" />
  <attribute name="CPU Util currently" value="1990651053261" />
<exclusive-end id="5775" timestamp="2019-08-09T08:31:02.201" durationms="13.750" />

<exclusive-start id="5776" timestamp="2019-08-09T08:31:02.302" intervalms="114.837">
  <response-info timems="5.597" idlems="5.597" threads="0" lastid="0000000001330F00" lastname="Thread-46" />
</exclusive-start>
<allocation-taxation id="5777" taxation-threshold="136314880" timestamp="2019-08-09T08:31:02.302" intervalms="114.833" />
<cycle-start id="5778" type="partial gc" contextid="0" timestamp="2019-08-09T08:31:02.302" intervalms="114.826" />
<gc-start id="5779" type="partial gc" contextid="5778" timestamp="2019-08-09T08:31:02.303">
  <mem-info id="5780" free="176160768" total="520093696" percent="33">
    <mem type="eden" free="0" total="136314880" percent="0" />
    <remembered-set count="6112" freebytes="20767872" totalbytes="20792320" percent="99" regionsoverflowed="0" regionsstable="11" regionsrebuilding="0"/>
  </mem-info>
</gc-start>
<allocation-stats totalBytes="136177648" >
  <allocated-bytes non-tlh="49168" tlh="136128480" arrayletleaf="0"/>
  <largest-consumer threadName="Thread-39" threadId="000000000133C200" bytes="14263304" />
</allocation-stats>
<gc-op id="5781" type="copy forward" timems="14.370" contextid="5778" timestamp="2019-08-09T08:31:02.320">
  <memory-copied type="eden" objects="10099" bytes="3986176" bytesdiscarded="635552" />
  <memory-copied type="other" objects="31" bytes="1232" bytesdiscarded="0" />
  <memory-cardclean objects="3181" bytes="146784" />
  <regions eden="65" other="5" />
  <remembered-set-cleared processed="391" cleared="105" durationms="0.485" />
  <references type="phantom" candidates="5" cleared="0" enqueued="0" />
  <stringconstants candidates="16338" cleared="0"  />
</gc-op>
<gc-op id="5782" type="classunload" timems="0.012" contextid="5778" timestamp="2019-08-09T08:31:02.320">
  <classunload-info classloadercandidates="69" classloadersunloaded="0" classesunloaded="0" anonymousclassesunloaded="0" quiescems="0.000" setupms="0.012" scanms="0.000" postms="0.000" />
</gc-op>
<heap-resize id="5783" type="expand" space="default" amount="4194304" count="1" timems="0.094" reason="excessive time being spent in gc" timestamp="2019-08-09T08:31:02.320" />
<gc-end id="5784" type="partial gc" contextid="5778" durationms="17.184" usertimems="36.314" systemtimems="7.710" timestamp="2019-08-09T08:31:02.320" activeThreads="16">
  <mem-info id="5785" free="314572800" total="524288000" percent="60">
    <mem type="eden" free="1669448" total="6291456" percent="26" />
    <remembered-set count="10016" freebytes="20919936" totalbytes="20960000" percent="99" regionsoverflowed="0" regionsstable="11" regionsrebuilding="0"/>
  </mem-info>
</gc-end>
<cycle-end id="5786" type="partial gc" contextid="5778" timestamp="2019-08-09T08:31:02.320" />
  <attribute name="elasticGC enabled" value="1" />
  <attribute name= "numThreadsSpecified" value="16" />
  <attribute name="heapSize specified" value="0" />
  <attribute name="Current GC Util" value="96" />
  <attribute name= "Current Time Running" value="118503" />
  <attribute name ="GC Interval" value="0" />
  <attribute name="Target GC Util Change" value ="80.000000" />
  <attribute name="Current GC Util Change" value="96.000000"/>
  <attribute name="Current Error" value="10.000000" />
  <attribute name="Output H" value="520131544"/>
  <attribute name="Output I" value="2008"/>
  <attribute name="Output T" value="16"/>
  <attribute name= "Current Time Running" value="118503" />
  <attribute name="GC Util currently" value="96" />
  <attribute name="CPU Util currently" value="1183498249910" />
<exclusive-end id="5787" timestamp="2019-08-09T08:31:02.320" durationms="17.891" />

<exclusive-start id="5788" timestamp="2019-08-09T08:31:02.431" intervalms="128.824">
  <response-info timems="0.372" idlems="0.189" threads="1" lastid="0000000001347600" lastname="Thread-48" />
</exclusive-start>
<allocation-taxation id="5789" taxation-threshold="138412032" timestamp="2019-08-09T08:31:02.431" intervalms="128.835" />
<cycle-start id="5790" type="partial gc" contextid="0" timestamp="2019-08-09T08:31:02.431" intervalms="128.947" />
<gc-start id="5791" type="partial gc" contextid="5790" timestamp="2019-08-09T08:31:02.432">
  <mem-info id="5792" free="176160768" total="524288000" percent="33">
    <mem type="eden" free="0" total="138412032" percent="0" />
    <remembered-set count="9920" freebytes="20920320" totalbytes="20960000" percent="99" regionsoverflowed="0" regionsstable="11" regionsrebuilding="0"/>
  </mem-info>
</gc-start>
<allocation-stats totalBytes="138176912" >
  <allocated-bytes non-tlh="49168" tlh="138127744" arrayletleaf="0"/>
  <largest-consumer threadName="Thread-47" threadId="000000000135DD00" bytes="12340776" />
</allocation-stats>
<gc-op id="5793" type="copy forward" timems="7.486" contextid="5790" timestamp="2019-08-09T08:31:02.440">
  <memory-copied type="eden" objects="9717" bytes="3904232" bytesdiscarded="734424" />
  <memory-copied type="other" objects="32" bytes="1336" bytesdiscarded="0" />
  <memory-cardclean objects="3157" bytes="145584" />
  <regions eden="66" other="5" />
  <remembered-set-cleared processed="398" cleared="112" durationms="0.306" />
  <references type="phantom" candidates="5" cleared="0" enqueued="0" />
  <stringconstants candidates="16338" cleared="0"  />
</gc-op>
<gc-op id="5794" type="classunload" timems="0.011" contextid="5790" timestamp="2019-08-09T08:31:02.440">
  <classunload-info classloadercandidates="69" classloadersunloaded="0" classesunloaded="0" anonymousclassesunloaded="0" quiescems="0.000" setupms="0.010" scanms="0.000" postms="0.000" />
</gc-op>
<gc-end id="5795" type="partial gc" contextid="5790" durationms="8.690" usertimems="22.938" systemtimems="1.469" timestamp="2019-08-09T08:31:02.440" activeThreads="16">
  <mem-info id="5796" free="314572800" total="524288000" percent="60">
    <mem type="eden" free="1652520" total="6291456" percent="26" />
    <remembered-set count="8992" freebytes="20924032" totalbytes="20960000" percent="99" regionsoverflowed="0" regionsstable="11" regionsrebuilding="0"/>
  </mem-info>
</gc-end>
<cycle-end id="5797" type="partial gc" contextid="5790" timestamp="2019-08-09T08:31:02.440" />
  <attribute name="elasticGC enabled" value="1" />
  <attribute name= "numThreadsSpecified" value="16" />
  <attribute name="heapSize specified" value="0" />
  <attribute name="Current GC Util" value="113" />
  <attribute name= "Current Time Running" value="118630" />
  <attribute name ="GC Interval" value="0" />
  <attribute name="Target GC Util Change" value ="80.000000" />
  <attribute name="Current GC Util Change" value="113.000000"/>
  <attribute name="Current Error" value="30.000000" />
  <attribute name="Output H" value="524325864"/>
  <attribute name="Output I" value="2024"/>
  <attribute name="Output T" value="16"/>
  <attribute name= "Current Time Running" value="118630" />
  <attribute name="GC Util currently" value="113" />
  <attribute name="CPU Util currently" value="2294667745767" />
<exclusive-end id="5798" timestamp="2019-08-09T08:31:02.440" durationms="9.380" />

===== DaCapo 9.12-MR1 xalan PASSED in 12566 msec =====
</verbosegc>

