
<?xml version="1.0" ?>

<verbosegc xmlns="http://www.ibm.com/j9/verbosegc" version="6fe7bac_CMPRSS">

<gc check installed>
<initialized id="1" timestamp="2019-08-09T08:12:44.855">
  <attribute name="gcPolicy" value="-Xgcpolicy:balanced" />
  <attribute name="elasticGC enabled" value="1" />
  <attribute name= "numThreadsSpecified" value="0" />
  <attribute name="heapSize specified" value="0" />
  <attribute name="Current GC Util" value="0" />
  <attribute name= "Current Time Running" value="0" />
  <attribute name ="GC Interval" value="0" />
  <attribute name="Target GC Util Change" value ="0.000000" />
  <attribute name="Current GC Util Change" value="0.000000"/>
  <attribute name="Current Error" value="0.000000" />
  <attribute name="Output H" value="0"/>
  <attribute name="Output I" value="0"/>
  <attribute name="Output T" value="0"/>
  <attribute name= "Current Time Running" value="0" />
  <attribute name="GC Util currently" value="0" />
  <attribute name="CPU Util currently" value="0" />
  <attribute name="maxHeapSize" value="0xfa800000" />
  <attribute name="initialHeapSize" value="0x800000" />
  <attribute name="compressedRefs" value="true" />
  <attribute name="compressedRefsDisplacement" value="0x0" />
  <attribute name="compressedRefsShift" value="0x3" />
  <attribute name="pageSize" value="0x1000" />
  <attribute name="pageType" value="not used" />
  <attribute name="requestedPageSize" value="0x1000" />
  <attribute name="requestedPageType" value="not used" />
  <attribute name="gcthreads" value="16" />
  <attribute name="packetListSplit" value="16" />
  <attribute name="cacheListSplit" value="16" />
  <attribute name="splitFreeListSplitAmount" value="2" />
  <attribute name="numaNodes" value="0" />
  <region>
    <attribute name="regionSize" value="2097152" />
    <attribute name="regionCount" value="2004" />
    <attribute name="arrayletLeafSize" value="2097152" />
  </region>
  <system>
    <attribute name="physicalMemory" value="16815001600" />
    <attribute name="numCPUs" value="16" />
    <attribute name="architecture" value="amd64" />
    <attribute name="os" value="Linux" />
    <attribute name="osVersion" value="4.15.0" />
  </system>
  <vmargs>
    <vmarg name="-Xoptionsfile=/jdk/lib/options.default" />
    <vmarg name="-Xlockword:mode=default,noLockword=java/lang/String,noLockword=java/util/MapEntry,noLockword=java/util/HashMap$Entry,noLockword..." />
    <vmarg name="-Xjcl:jclse29" />
    <vmarg name="-Dcom.ibm.oti.vm.bootstrap.library.path=/jdk/lib/compressedrefs:/jdk/lib" />
    <vmarg name="-Dsun.boot.library.path=/jdk/lib/compressedrefs:/jdk/lib" />
    <vmarg name="-Djava.library.path=/jdk/lib/compressedrefs:/jdk/lib:/usr/lib64:/usr/lib" />
    <vmarg name="-Djava.home=/jdk" />
    <vmarg name="-Duser.dir=/" />
    <vmarg name="-Xgcelastic" />
    <vmarg name="-Xcheck:gc:::elasticGC" />
    <vmarg name="-Xgcpolicy:balanced" />
    <vmarg name="-verbose:gc" />
    <vmarg name="-Djava.class.path=dacapo-9.12-MR1-bach.jar" />
    <vmarg name="-Dsun.java.command=dacapo-9.12-MR1-bach.jar avrora jython pmd sunflow xalan --size=large" />
    <vmarg name="-Dsun.java.launcher=SUN_STANDARD" />
    <vmarg name="-Dsun.java.launcher.pid=1" />
  </vmargs>
</initialized>

<exclusive-start id="2" timestamp="2019-08-09T08:12:45.069" intervalms="214.547">
  <response-info timems="0.013" idlems="0.013" threads="0" lastid="000000000212BF00" lastname="main" />
</exclusive-start>
<sys-start reason="explicit" id="3" timestamp="2019-08-09T08:12:45.069" intervalms="214.597" />
<cycle-start id="4" type="global garbage collect" contextid="0" timestamp="2019-08-09T08:12:45.070" intervalms="214.651" />
<gc-start id="5" type="global garbage collect" contextid="4" timestamp="2019-08-09T08:12:45.070">
  <mem-info id="6" free="2318184" total="8388608" percent="27">
    <mem type="eden" free="221032" total="6291456" percent="3" />
    <remembered-set count="0" freebytes="335360" totalbytes="335360" percent="100" regionsoverflowed="0" regionsstable="0" regionsrebuilding="0"/>
  </mem-info>
</gc-start>
<allocation-stats totalBytes="6061352" >
  <allocated-bytes non-tlh="471848" tlh="5589504" arrayletleaf="0"/>
  <largest-consumer threadName="main" threadId="000000000212BF00" bytes="5976832" />
</allocation-stats>
<gc-op id="7" type="global mark" timems="6.576" contextid="4" timestamp="2019-08-09T08:12:45.076">
  <trace-info objectcount="17980" scancount="14220" scanbytes="467692" />
  <finalization candidates="14" enqueued="1" />
  <references type="soft" candidates="66" cleared="0" enqueued="0" dynamicThreshold="32" maxThreshold="32" />
  <references type="weak" candidates="553" cleared="411" enqueued="372" />
  <references type="phantom" candidates="99" cleared="41" enqueued="41" />
  <stringconstants candidates="2455" cleared="0"  />
</gc-op>
<gc-op id="8" type="classunload" timems="0.002" contextid="4" timestamp="2019-08-09T08:12:45.076">
  <classunload-info classloadercandidates="6" classloadersunloaded="0" classesunloaded="0" anonymousclassesunloaded="0" quiescems="0.000" setupms="0.002" scanms="0.000" postms="0.000" />
</gc-op>
<gc-op id="9" type="sweep" timems="1.967" contextid="4" timestamp="2019-08-09T08:12:45.079" />
<gc-op id="10" type="compact" timems="6.264" contextid="4" timestamp="2019-08-09T08:12:45.085">
  <compact-info movecount="17980" movebytes="1028856" />
  <remembered-set-cleared processed="278" cleared="278" durationms="0.050" />
</gc-op>
<gc-end id="11" type="global garbage collect" contextid="4" durationms="15.381" usertimems="25.032" systemtimems="8.668" timestamp="2019-08-09T08:12:45.085" activeThreads="16">
  <mem-info id="12" free="6291456" total="8388608" percent="75">
    <pending-finalizers system="1" default="0" reference="413" classloader="0" />
    <remembered-set count="0" freebytes="335360" totalbytes="335360" percent="100" regionsoverflowed="0" regionsstable="0" regionsrebuilding="0"/>
  </mem-info>
</gc-end>
<cycle-end id="13" type="global garbage collect" contextid="4" timestamp="2019-08-09T08:12:45.085" />
  <attribute name="elasticGC enabled" value="1" />
  <attribute name= "numThreadsSpecified" value="16" />
  <attribute name="heapSize specified" value="0" />
  <attribute name="Current GC Util" value="188" />
  <attribute name= "Current Time Running" value="166" />
  <attribute name ="GC Interval" value="0" />
  <attribute name="Target GC Util Change" value ="80.000000" />
  <attribute name="Current GC Util Change" value="188.000000"/>
  <attribute name="Current Error" value="-209.000000" />
  <attribute name="Output H" value="8426328"/>
  <attribute name="Output I" value="1880"/>
  <attribute name="Output T" value="16"/>
  <attribute name= "Current Time Running" value="166" />
  <attribute name="GC Util currently" value="188" />
  <attribute name="CPU Util currently" value="553161320882" />
<sys-end id="14" timestamp="2019-08-09T08:12:45.085" />
<exclusive-end id="15" timestamp="2019-08-09T08:12:45.085" durationms="15.828" />

===== DaCapo 9.12-MR1 avrora starting =====
<exclusive-start id="16" timestamp="2019-08-09T08:12:45.257" intervalms="187.679">
  <response-info timems="0.012" idlems="0.012" threads="0" lastid="000000000212BF00" lastname="main" />
</exclusive-start>
<allocation-taxation id="17" taxation-threshold="6291456" timestamp="2019-08-09T08:12:45.257" intervalms="402.268" />
<cycle-start id="18" type="partial gc" contextid="0" timestamp="2019-08-09T08:12:45.257" intervalms="402.350" />
<gc-start id="19" type="partial gc" contextid="18" timestamp="2019-08-09T08:12:45.257">
  <mem-info id="20" free="0" total="8388608" percent="0">
    <mem type="eden" free="0" total="6291456" percent="0" />
    <remembered-set count="0" freebytes="335360" totalbytes="335360" percent="100" regionsoverflowed="0" regionsstable="0" regionsrebuilding="0"/>
  </mem-info>
</gc-start>
<allocation-stats totalBytes="6270576" >
  <allocated-bytes non-tlh="252944" tlh="6017632" arrayletleaf="0"/>
  <largest-consumer threadName="main" threadId="000000000212BF00" bytes="6254504" />
</allocation-stats>
<gc-op id="21" type="mark" timems="6.596" contextid="18" timestamp="2019-08-09T08:12:45.265">
  <trace-info objectcount="76643" scancount="73346" scanbytes="2183640" />
  <cardclean-info objects="1154" bytes="39964" />
  <remembered-set-cleared processed="0" cleared="0" durationms="0.053" />
  <references type="weak" candidates="41" cleared="40" enqueued="40" />
  <references type="phantom" candidates="13" cleared="11" enqueued="11" />
  <stringconstants candidates="3257" cleared="0"  />
  <warning details="Mark invoked due to insufficient free space for Copy-Forward" />
</gc-op>
<gc-op id="22" type="classunload" timems="0.002" contextid="18" timestamp="2019-08-09T08:12:45.265">
  <classunload-info classloadercandidates="6" classloadersunloaded="0" classesunloaded="0" anonymousclassesunloaded="0" quiescems="0.000" setupms="0.001" scanms="0.000" postms="0.000" />
</gc-op>
<gc-op id="23" type="sweep" timems="0.893" contextid="18" timestamp="2019-08-09T08:12:45.266" />
<gc-op id="24" type="compact" timems="12.938" contextid="18" timestamp="2019-08-09T08:12:45.279">
  <compact-info movecount="75031" movebytes="2522088" />
  <remembered-set-cleared processed="591" cleared="591" durationms="0.053" />
</gc-op>
<heap-resize id="25" type="expand" space="default" amount="4194304" count="1" timems="0.073" reason="insufficient free space following gc" timestamp="2019-08-09T08:12:45.280" />
<gc-end id="26" type="partial gc" contextid="18" durationms="22.223" usertimems="29.078" systemtimems="8.964" timestamp="2019-08-09T08:12:45.280" activeThreads="16">
  <mem-info id="27" free="6291456" total="12582912" percent="50">
    <mem type="eden" free="1635904" total="4194304" percent="39" />
    <pending-finalizers system="0" default="0" reference="51" classloader="0" />
    <remembered-set count="2560" freebytes="492800" totalbytes="503040" percent="97" regionsoverflowed="0" regionsstable="0" regionsrebuilding="0"/>
  </mem-info>
</gc-end>
<cycle-end id="28" type="partial gc" contextid="18" timestamp="2019-08-09T08:12:45.280" />
  <attribute name="elasticGC enabled" value="1" />
  <attribute name= "numThreadsSpecified" value="16" />
  <attribute name="heapSize specified" value="0" />
  <attribute name="Current GC Util" value="94" />
  <attribute name= "Current Time Running" value="354" />
  <attribute name ="GC Interval" value="0" />
  <attribute name="Target GC Util Change" value ="80.000000" />
  <attribute name="Current GC Util Change" value="94.000000"/>
  <attribute name="Current Error" value="-153.000000" />
  <attribute name="Output H" value="8426360"/>
  <attribute name="Output I" value="1912"/>
  <attribute name="Output T" value="16"/>
  <attribute name= "Current Time Running" value="354" />
  <attribute name="GC Util currently" value="94" />
  <attribute name="CPU Util currently" value="1105236093060" />
<exclusive-end id="29" timestamp="2019-08-09T08:12:45.280" durationms="22.762" />

<exclusive-start id="30" timestamp="2019-08-09T08:12:45.401" intervalms="144.087">
  <response-info timems="0.012" idlems="0.012" threads="0" lastid="000000000212BF00" lastname="main" />
</exclusive-start>
<allocation-taxation id="31" taxation-threshold="2097152" timestamp="2019-08-09T08:12:45.401" intervalms="144.115" />
<cycle-start id="32" type="global mark phase" contextid="0" timestamp="2019-08-09T08:12:45.401" intervalms="546.434" />
<gc-start id="33" type="global mark phase" contextid="32" timestamp="2019-08-09T08:12:45.401">
  <mem-info id="34" free="4194304" total="12582912" percent="33">
    <remembered-set count="2560" freebytes="492800" totalbytes="503040" percent="97" regionsoverflowed="0" regionsstable="0" regionsrebuilding="0"/>
  </mem-info>
</gc-start>
<gc-op id="35" type="mark increment" timems="1.972" contextid="32" timestamp="2019-08-09T08:12:45.403">
  <trace-info objectcount="139" scancount="0" scanbytes="0" />
</gc-op>
<gc-end id="36" type="global mark phase" contextid="32" durationms="2.001" usertimems="4.277" systemtimems="0.738" timestamp="2019-08-09T08:12:45.403" activeThreads="16">
  <mem-info id="37" free="4194304" total="12582912" percent="33">
    <remembered-set count="2560" freebytes="492800" totalbytes="503040" percent="97" regionsoverflowed="0" regionsstable="0" regionsrebuilding="0"/>
  </mem-info>
</gc-end>
<concurrent-start id="38" type="GMP work packet processing" contextid="32" timestamp="2019-08-09T08:12:45.403">
  <concurrent-mark-start scanTarget="18446744073709551615" />
</concurrent-start>
<exclusive-end id="39" timestamp="2019-08-09T08:12:45.403" durationms="2.215" />

<concurrent-end id="40" type="GMP work packet processing" contextid="32" timestamp="2019-08-09T08:12:45.407">
  <concurrent-mark-end bytesScanned="2775764" reasonForTermination="Completed all work in GC phase" />
</concurrent-end>

<exclusive-start id="41" timestamp="2019-08-09T08:12:45.478" intervalms="77.055">
  <response-info timems="0.012" idlems="0.012" threads="0" lastid="000000000212BF00" lastname="main" />
</exclusive-start>
<allocation-taxation id="42" taxation-threshold="2097152" timestamp="2019-08-09T08:12:45.478" intervalms="77.027" />
<cycle-start id="43" type="partial gc" contextid="0" timestamp="2019-08-09T08:12:45.478" intervalms="221.146" />
<gc-start id="44" type="partial gc" contextid="43" timestamp="2019-08-09T08:12:45.479">
  <mem-info id="45" free="2097152" total="12582912" percent="16">
    <mem type="eden" free="0" total="6291456" percent="0" />
    <remembered-set count="2560" freebytes="492800" totalbytes="503040" percent="97" regionsoverflowed="0" regionsstable="0" regionsrebuilding="0"/>
  </mem-info>
</gc-start>
<allocation-stats totalBytes="4165024" >
  <allocated-bytes non-tlh="99992" tlh="4065032" arrayletleaf="0"/>
  <largest-consumer threadName="main" threadId="000000000212BF00" bytes="2071480" />
</allocation-stats>
<gc-op id="46" type="copy forward" timems="10.518" contextid="43" timestamp="2019-08-09T08:12:45.491">
  <memory-copied type="eden" objects="28102" bytes="1790016" bytesdiscarded="304216" />
  <memory-copied type="other" objects="76440" bytes="2539160" bytesdiscarded="238168" />
  <memory-cardclean objects="110" bytes="6144" />
  <regions eden="2" other="2" />
  <remembered-set-cleared processed="239" cleared="239" durationms="0.291" />
  <references type="weak" candidates="3" cleared="0" enqueued="0" />
  <references type="phantom" candidates="2" cleared="0" enqueued="0" />
  <stringconstants candidates="3823" cleared="0"  />
  <heap-resize type="expand" space="default" amount="4194304" count="2" timems="0.481" reason="continue current collection" />
</gc-op>
<gc-op id="47" type="classunload" timems="0.001" contextid="43" timestamp="2019-08-09T08:12:45.491">
  <classunload-info classloadercandidates="6" classloadersunloaded="0" classesunloaded="0" anonymousclassesunloaded="0" quiescems="0.000" setupms="0.001" scanms="0.000" postms="0.000" />
</gc-op>
<gc-op id="48" type="compact" timems="3.081" contextid="43" timestamp="2019-08-09T08:12:45.494">
  <compact-info movecount="0" movebytes="0" />
  <remembered-set-cleared processed="1587" cleared="239" durationms="0.291" />
</gc-op>
<heap-resize id="49" type="expand" space="default" amount="2097152" count="1" timems="0.066" reason="insufficient free space following gc" timestamp="2019-08-09T08:12:45.494" />
<gc-end id="50" type="partial gc" contextid="43" durationms="15.545" usertimems="31.830" systemtimems="14.217" timestamp="2019-08-09T08:12:45.494" activeThreads="16">
  <mem-info id="51" free="10485760" total="18874368" percent="55">
    <mem type="eden" free="1419552" total="4194304" percent="33" />
    <remembered-set count="2432" freebytes="744832" totalbytes="754560" percent="98" regionsoverflowed="0" regionsstable="0" regionsrebuilding="0"/>
  </mem-info>
</gc-end>
<cycle-end id="52" type="partial gc" contextid="43" timestamp="2019-08-09T08:12:45.494" />
  <attribute name="elasticGC enabled" value="1" />
  <attribute name= "numThreadsSpecified" value="16" />
  <attribute name="heapSize specified" value="0" />
  <attribute name="Current GC Util" value="311" />
  <attribute name= "Current Time Running" value="578" />
  <attribute name ="GC Interval" value="0" />
  <attribute name="Target GC Util Change" value ="80.000000" />
  <attribute name="Current GC Util Change" value="311.000000"/>
  <attribute name="Current Error" value="-349.000000" />
  <attribute name="Output H" value="16814856"/>
  <attribute name="Output I" value="1800"/>
  <attribute name="Output T" value="16"/>
  <attribute name= "Current Time Running" value="578" />
  <attribute name="GC Util currently" value="311" />
  <attribute name="CPU Util currently" value="107715355363" />
<exclusive-end id="53" timestamp="2019-08-09T08:12:45.494" durationms="15.997" />

<exclusive-start id="54" timestamp="2019-08-09T08:12:47.676" intervalms="2197.677">
  <response-info timems="0.038" idlems="0.038" threads="0" lastid="0000000002419F00" lastname="node-0" />
</exclusive-start>
<allocation-taxation id="55" taxation-threshold="4194304" timestamp="2019-08-09T08:12:47.676" intervalms="2197.684" />
<gc-start id="56" type="global mark phase" contextid="32" timestamp="2019-08-09T08:12:47.676">
  <mem-info id="57" free="6291456" total="18874368" percent="33">
    <remembered-set count="2432" freebytes="744832" totalbytes="754560" percent="98" regionsoverflowed="0" regionsstable="0" regionsrebuilding="0"/>
  </mem-info>
</gc-start>
<gc-op id="58" type="mark increment" timems="6.181" contextid="32" timestamp="2019-08-09T08:12:47.682">
  <trace-info objectcount="56757" scancount="54034" scanbytes="2768928" />
  <cardclean-info objects="2160" bytes="74016" />
  <finalization candidates="13" enqueued="0" />
  <references type="soft" candidates="66" cleared="0" enqueued="0" dynamicThreshold="17" maxThreshold="32" />
  <references type="weak" candidates="147" cleared="4" enqueued="4" />
  <references type="phantom" candidates="59" cleared="2" enqueued="2" />
  <stringconstants candidates="3837" cleared="0"  />
</gc-op>
<gc-op id="59" type="classunload" timems="0.002" contextid="32" timestamp="2019-08-09T08:12:47.682">
  <classunload-info classloadercandidates="6" classloadersunloaded="0" classesunloaded="0" anonymousclassesunloaded="0" quiescems="0.000" setupms="0.002" scanms="0.000" postms="0.000" />
</gc-op>
<gc-end id="60" type="global mark phase" contextid="32" durationms="6.280" usertimems="10.454" systemtimems="4.621" timestamp="2019-08-09T08:12:47.682" activeThreads="16">
  <mem-info id="61" free="6291456" total="18874368" percent="33">
    <pending-finalizers system="0" default="0" reference="6" classloader="0" />
    <remembered-set count="2432" freebytes="744832" totalbytes="754560" percent="98" regionsoverflowed="0" regionsstable="0" regionsrebuilding="0"/>
  </mem-info>
</gc-end>
<cycle-end id="62" type="global mark phase" contextid="32" timestamp="2019-08-09T08:12:47.682" />
  <attribute name="elasticGC enabled" value="1" />
  <attribute name= "numThreadsSpecified" value="16" />
  <attribute name="heapSize specified" value="0" />
  <attribute name="Current GC Util" value="239" />
  <attribute name= "Current Time Running" value="2767" />
  <attribute name ="GC Interval" value="0" />
  <attribute name="Target GC Util Change" value ="80.000000" />
  <attribute name="Current GC Util Change" value="239.000000"/>
  <attribute name="Current Error" value="-540.000000" />
  <attribute name="Output H" value="18911904"/>
  <attribute name="Output I" value="1696"/>
  <attribute name="Output T" value="16"/>
  <attribute name= "Current Time Running" value="2767" />
  <attribute name="GC Util currently" value="239" />
  <attribute name="CPU Util currently" value="386860057428" />
<exclusive-end id="63" timestamp="2019-08-09T08:12:47.683" durationms="6.667" />

<exclusive-start id="64" timestamp="2019-08-09T08:12:49.474" intervalms="1798.152">
  <response-info timems="0.476" idlems="0.476" threads="0" lastid="0000000002428F00" lastname="node-9" />
</exclusive-start>
<allocation-taxation id="65" taxation-threshold="4194304" timestamp="2019-08-09T08:12:49.474" intervalms="1798.157" />
<cycle-start id="66" type="partial gc" contextid="0" timestamp="2019-08-09T08:12:49.474" intervalms="3995.811" />
<gc-start id="67" type="partial gc" contextid="66" timestamp="2019-08-09T08:12:49.474">
  <mem-info id="68" free="2097152" total="18874368" percent="11">
    <mem type="eden" free="0" total="8388608" percent="0" />
    <remembered-set count="2432" freebytes="744832" totalbytes="754560" percent="98" regionsoverflowed="0" regionsstable="0" regionsrebuilding="0"/>
  </mem-info>
</gc-start>
<allocation-stats totalBytes="8378848" >
  <allocated-bytes non-tlh="383896" tlh="7994952" arrayletleaf="0"/>
  <largest-consumer threadName="node-2" threadId="000000000243BA00" bytes="356208" />
</allocation-stats>
<gc-op id="69" type="sweep" timems="1.161" contextid="66" timestamp="2019-08-09T08:12:49.476" />
<gc-op id="70" type="copy forward" timems="8.744" contextid="66" timestamp="2019-08-09T08:12:49.485">
  <memory-copied type="eden" objects="4960" bytes="118416" bytesdiscarded="15501" />
  <memory-copied type="other" objects="61170" bytes="3578136" bytesdiscarded="685483" />
  <memory-cardclean objects="364" bytes="18488" />
  <regions eden="2" other="3" />
  <remembered-set-cleared processed="1328" cleared="472" durationms="0.071" />
  <stringconstants candidates="3837" cleared="0"  />
  <heap-resize type="expand" space="default" amount="6291456" count="3" timems="0.722" reason="continue current collection" />
</gc-op>
<gc-op id="71" type="classunload" timems="0.002" contextid="66" timestamp="2019-08-09T08:12:49.485">
  <classunload-info classloadercandidates="6" classloadersunloaded="0" classesunloaded="0" anonymousclassesunloaded="0" quiescems="0.000" setupms="0.002" scanms="0.000" postms="0.000" />
</gc-op>
<gc-op id="72" type="compact" timems="2.433" contextid="66" timestamp="2019-08-09T08:12:49.488">
  <compact-info movecount="0" movebytes="0" />
  <remembered-set-cleared processed="3629" cleared="472" durationms="0.071" />
</gc-op>
<gc-end id="73" type="partial gc" contextid="66" durationms="13.528" usertimems="27.349" systemtimems="4.687" timestamp="2019-08-09T08:12:49.488" activeThreads="16">
  <mem-info id="74" free="10485760" total="25165824" percent="41">
    <mem type="eden" free="3950200" total="6291456" percent="62" />
    <remembered-set count="4160" freebytes="989440" totalbytes="1006080" percent="98" regionsoverflowed="0" regionsstable="0" regionsrebuilding="0"/>
  </mem-info>
</gc-end>
<cycle-end id="75" type="partial gc" contextid="66" timestamp="2019-08-09T08:12:49.488" />
  <attribute name="elasticGC enabled" value="1" />
  <attribute name= "numThreadsSpecified" value="16" />
  <attribute name="heapSize specified" value="0" />
  <attribute name="Current GC Util" value="219" />
  <attribute name= "Current Time Running" value="4572" />
  <attribute name ="GC Interval" value="0" />
  <attribute name="Target GC Util Change" value ="80.000000" />
  <attribute name="Current GC Util Change" value="219.000000"/>
  <attribute name="Current Error" value="-213.000000" />
  <attribute name="Output H" value="25203544"/>
  <attribute name="Output I" value="1880"/>
  <attribute name="Output T" value="16"/>
  <attribute name= "Current Time Running" value="4572" />
  <attribute name="GC Util currently" value="219" />
  <attribute name="CPU Util currently" value="129684380233" />
<exclusive-end id="76" timestamp="2019-08-09T08:12:49.488" durationms="13.982" />

<exclusive-start id="77" timestamp="2019-08-09T08:12:53.583" intervalms="4109.115">
  <response-info timems="0.148" idlems="0.148" threads="0" lastid="0000000002425300" lastname="node-6" />
</exclusive-start>
<allocation-taxation id="78" taxation-threshold="10485760" timestamp="2019-08-09T08:12:53.583" intervalms="4109.128" />
<cycle-start id="79" type="partial gc" contextid="0" timestamp="2019-08-09T08:12:53.584" intervalms="4109.322" />
<gc-start id="80" type="partial gc" contextid="79" timestamp="2019-08-09T08:12:53.584">
  <mem-info id="81" free="0" total="25165824" percent="0">
    <mem type="eden" free="0" total="10485760" percent="0" />
    <remembered-set count="4160" freebytes="989440" totalbytes="1006080" percent="98" regionsoverflowed="0" regionsstable="0" regionsrebuilding="0"/>
  </mem-info>
</gc-start>
<allocation-stats totalBytes="10472704" >
  <allocated-bytes non-tlh="0" tlh="10472704" arrayletleaf="0"/>
  <largest-consumer threadName="node-9" threadId="0000000002428F00" bytes="569200" />
</allocation-stats>
<gc-op id="82" type="mark" timems="8.675" contextid="79" timestamp="2019-08-09T08:12:53.593">
  <trace-info objectcount="49407" scancount="48067" scanbytes="1903788" />
  <cardclean-info objects="770" bytes="51012" />
  <remembered-set-cleared processed="2097" cleared="891" durationms="0.429" />
  <stringconstants candidates="3837" cleared="0"  />
  <warning details="Mark invoked due to insufficient free space for Copy-Forward" />
</gc-op>
<gc-op id="83" type="classunload" timems="0.002" contextid="79" timestamp="2019-08-09T08:12:53.593">
  <classunload-info classloadercandidates="6" classloadersunloaded="0" classesunloaded="0" anonymousclassesunloaded="0" quiescems="0.000" setupms="0.002" scanms="0.000" postms="0.000" />
</gc-op>
<gc-op id="84" type="sweep" timems="1.545" contextid="79" timestamp="2019-08-09T08:12:53.595" />
<gc-op id="85" type="compact" timems="8.554" contextid="79" timestamp="2019-08-09T08:12:53.603">
  <compact-info movecount="48351" movebytes="2155552" />
  <remembered-set-cleared processed="4438" cleared="2011" durationms="0.429" />
</gc-op>
<gc-end id="86" type="partial gc" contextid="79" durationms="19.953" usertimems="27.426" systemtimems="9.043" timestamp="2019-08-09T08:12:53.604" activeThreads="16">
  <mem-info id="87" free="12582912" total="25165824" percent="50">
    <mem type="eden" free="1819704" total="2097152" percent="86" />
    <remembered-set count="7424" freebytes="976384" totalbytes="1006080" percent="97" regionsoverflowed="0" regionsstable="0" regionsrebuilding="0"/>
  </mem-info>
</gc-end>
<cycle-end id="88" type="partial gc" contextid="79" timestamp="2019-08-09T08:12:53.604" />
  <attribute name="elasticGC enabled" value="1" />
  <attribute name= "numThreadsSpecified" value="16" />
  <attribute name="heapSize specified" value="0" />
  <attribute name="Current GC Util" value="129" />
  <attribute name= "Current Time Running" value="8682" />
  <attribute name ="GC Interval" value="0" />
  <attribute name="Target GC Util Change" value ="80.000000" />
  <attribute name="Current GC Util Change" value="129.000000"/>
  <attribute name="Current Error" value="-49.000000" />
  <attribute name="Output H" value="25203640"/>
  <attribute name="Output I" value="1976"/>
  <attribute name="Output T" value="16"/>
  <attribute name= "Current Time Running" value="8682" />
  <attribute name="GC Util currently" value="129" />
  <attribute name="CPU Util currently" value="684219508401" />
<exclusive-end id="89" timestamp="2019-08-09T08:12:53.604" durationms="20.805" />

<exclusive-start id="90" timestamp="2019-08-09T08:12:57.435" intervalms="3852.223">
  <response-info timems="0.513" idlems="0.513" threads="0" lastid="0000000002456200" lastname="node-25" />
</exclusive-start>
<allocation-taxation id="91" taxation-threshold="12582912" timestamp="2019-08-09T08:12:57.435" intervalms="3852.210" />
<cycle-start id="92" type="partial gc" contextid="0" timestamp="2019-08-09T08:12:57.436" intervalms="3852.030" />
<gc-start id="93" type="partial gc" contextid="92" timestamp="2019-08-09T08:12:57.436">
  <mem-info id="94" free="0" total="25165824" percent="0">
    <mem type="eden" free="1819704" total="14680064" percent="12" />
    <remembered-set count="7424" freebytes="976384" totalbytes="1006080" percent="97" regionsoverflowed="0" regionsstable="0" regionsrebuilding="0"/>
  </mem-info>
</gc-start>
<allocation-stats totalBytes="12570976" >
  <allocated-bytes non-tlh="0" tlh="12570976" arrayletleaf="0"/>
  <largest-consumer threadName="node-8" threadId="0000000002443200" bytes="630176" />
</allocation-stats>
<gc-op id="95" type="mark" timems="7.048" contextid="92" timestamp="2019-08-09T08:12:57.443">
  <trace-info objectcount="21167" scancount="21137" scanbytes="622456" />
  <cardclean-info objects="1987" bytes="119976" />
  <remembered-set-cleared processed="2283" cleared="404" durationms="0.083" />
  <stringconstants candidates="3837" cleared="0"  />
  <warning details="Mark invoked due to insufficient free space for Copy-Forward" />
</gc-op>
<gc-op id="96" type="classunload" timems="0.002" contextid="92" timestamp="2019-08-09T08:12:57.443">
  <classunload-info classloadercandidates="6" classloadersunloaded="0" classesunloaded="0" anonymousclassesunloaded="0" quiescems="0.000" setupms="0.002" scanms="0.000" postms="0.000" />
</gc-op>
<gc-op id="97" type="sweep" timems="1.690" contextid="92" timestamp="2019-08-09T08:12:57.445" />
<gc-op id="98" type="compact" timems="5.326" contextid="92" timestamp="2019-08-09T08:12:57.451">
  <compact-info movecount="21059" movebytes="510192" />
  <remembered-set-cleared processed="4811" cleared="1011" durationms="0.083" />
</gc-op>
<heap-resize id="99" type="expand" space="default" amount="2097152" count="1" timems="0.060" reason="insufficient free space following gc" timestamp="2019-08-09T08:12:57.451" />
<gc-end id="100" type="partial gc" contextid="92" durationms="15.266" usertimems="37.626" systemtimems="8.378" timestamp="2019-08-09T08:12:57.451" activeThreads="16">
  <mem-info id="101" free="12582912" total="27262976" percent="46">
    <mem type="eden" free="3681520" total="4194304" percent="87" />
    <remembered-set count="6240" freebytes="1064960" totalbytes="1089920" percent="97" regionsoverflowed="0" regionsstable="0" regionsrebuilding="0"/>
  </mem-info>
</gc-end>
<cycle-end id="102" type="partial gc" contextid="92" timestamp="2019-08-09T08:12:57.453" />
  <attribute name="elasticGC enabled" value="1" />
  <attribute name= "numThreadsSpecified" value="16" />
  <attribute name="heapSize specified" value="0" />
  <attribute name="Current GC Util" value="111" />
  <attribute name= "Current Time Running" value="12532" />
  <attribute name ="GC Interval" value="0" />
  <attribute name="Target GC Util Change" value ="80.000000" />
  <attribute name="Current GC Util Change" value="111.000000"/>
  <attribute name="Current Error" value="-111.000000" />
  <attribute name="Output H" value="25203600"/>
  <attribute name="Output I" value="1936"/>
  <attribute name="Output T" value="16"/>
  <attribute name= "Current Time Running" value="12532" />
  <attribute name="GC Util currently" value="111" />
  <attribute name="CPU Util currently" value="630238360668" />
<exclusive-end id="103" timestamp="2019-08-09T08:12:57.453" durationms="17.727" />

<exclusive-start id="104" timestamp="2019-08-09T08:12:59.547" intervalms="2111.889">
  <response-info timems="0.213" idlems="0.109" threads="1" lastid="0000000002456200" lastname="node-25" />
</exclusive-start>
<allocation-taxation id="105" taxation-threshold="6291456" timestamp="2019-08-09T08:12:59.547" intervalms="2111.886" />
<cycle-start id="106" type="global mark phase" contextid="0" timestamp="2019-08-09T08:12:59.547" intervalms="14146.125" />
<gc-start id="107" type="global mark phase" contextid="106" timestamp="2019-08-09T08:12:59.547">
  <mem-info id="108" free="6291456" total="27262976" percent="23">
    <remembered-set count="6240" freebytes="1064960" totalbytes="1089920" percent="97" regionsoverflowed="0" regionsstable="0" regionsrebuilding="0"/>
  </mem-info>
</gc-start>
<gc-op id="109" type="mark increment" timems="1.990" contextid="106" timestamp="2019-08-09T08:12:59.549">
  <trace-info objectcount="487" scancount="0" scanbytes="0" />
</gc-op>
<gc-end id="110" type="global mark phase" contextid="106" durationms="2.036" usertimems="4.586" systemtimems="0.000" timestamp="2019-08-09T08:12:59.549" activeThreads="16">
  <mem-info id="111" free="6291456" total="27262976" percent="23">
    <remembered-set count="6240" freebytes="1064960" totalbytes="1089920" percent="97" regionsoverflowed="0" regionsstable="0" regionsrebuilding="0"/>
  </mem-info>
</gc-end>
<concurrent-start id="112" type="GMP work packet processing" contextid="106" timestamp="2019-08-09T08:12:59.550">
  <concurrent-mark-start scanTarget="18446744073709551615" />
</concurrent-start>
<exclusive-end id="113" timestamp="2019-08-09T08:12:59.550" durationms="2.597" />

<concurrent-end id="114" type="GMP work packet processing" contextid="106" timestamp="2019-08-09T08:12:59.554">
  <concurrent-mark-end bytesScanned="5317808" reasonForTermination="Completed all work in GC phase" />
</concurrent-end>

<exclusive-start id="115" timestamp="2019-08-09T08:13:01.559" intervalms="2011.218">
  <response-info timems="0.022" idlems="0.022" threads="0" lastid="0000000002421700" lastname="node-11" />
</exclusive-start>
<allocation-taxation id="116" taxation-threshold="6291456" timestamp="2019-08-09T08:13:01.559" intervalms="2011.225" />
<cycle-start id="117" type="partial gc" contextid="0" timestamp="2019-08-09T08:13:01.559" intervalms="4123.099" />
<gc-start id="118" type="partial gc" contextid="117" timestamp="2019-08-09T08:13:01.559">
  <mem-info id="119" free="0" total="27262976" percent="0">
    <mem type="eden" free="1856960" total="14680064" percent="12" />
    <remembered-set count="6240" freebytes="1064960" totalbytes="1089920" percent="97" regionsoverflowed="0" regionsstable="0" regionsrebuilding="0"/>
  </mem-info>
</gc-start>
<allocation-stats totalBytes="12573360" >
  <allocated-bytes non-tlh="0" tlh="12573360" arrayletleaf="0"/>
  <largest-consumer threadName="node-7" threadId="0000000002459E00" bytes="286720" />
</allocation-stats>
<gc-op id="120" type="mark" timems="5.499" contextid="117" timestamp="2019-08-09T08:13:01.565">
  <trace-info objectcount="20479" scancount="20443" scanbytes="605800" />
  <cardclean-info objects="1947" bytes="119360" />
  <remembered-set-cleared processed="2484" cleared="399" durationms="0.390" />
  <stringconstants candidates="3837" cleared="0"  />
  <warning details="Mark invoked due to insufficient free space for Copy-Forward" />
</gc-op>
<gc-op id="121" type="classunload" timems="0.002" contextid="117" timestamp="2019-08-09T08:13:01.565">
  <classunload-info classloadercandidates="6" classloadersunloaded="0" classesunloaded="0" anonymousclassesunloaded="0" quiescems="0.000" setupms="0.002" scanms="0.000" postms="0.000" />
</gc-op>
<gc-op id="122" type="sweep" timems="1.214" contextid="117" timestamp="2019-08-09T08:13:01.566" />
<gc-op id="123" type="compact" timems="4.023" contextid="117" timestamp="2019-08-09T08:13:01.570">
  <compact-info movecount="20443" movebytes="503960" />
  <remembered-set-cleared processed="5212" cleared="981" durationms="0.390" />
</gc-op>
<gc-end id="124" type="partial gc" contextid="117" durationms="11.964" usertimems="14.073" systemtimems="12.594" timestamp="2019-08-09T08:13:01.571" activeThreads="16">
  <mem-info id="125" free="10485760" total="27262976" percent="38">
    <mem type="eden" free="3689480" total="4194304" percent="87" />
    <remembered-set count="6688" freebytes="1063168" totalbytes="1089920" percent="97" regionsoverflowed="0" regionsstable="0" regionsrebuilding="0"/>
  </mem-info>
</gc-end>
<cycle-end id="126" type="partial gc" contextid="117" timestamp="2019-08-09T08:13:01.571" />
  <attribute name="elasticGC enabled" value="1" />
  <attribute name= "numThreadsSpecified" value="16" />
  <attribute name="heapSize specified" value="0" />
  <attribute name="Current GC Util" value="115" />
  <attribute name= "Current Time Running" value="16654" />
  <attribute name ="GC Interval" value="0" />
  <attribute name="Target GC Util Change" value ="80.000000" />
  <attribute name="Current GC Util Change" value="115.000000"/>
  <attribute name="Current Error" value="-397.000000" />
  <attribute name="Output H" value="27300592"/>
  <attribute name="Output I" value="1776"/>
  <attribute name="Output T" value="16"/>
  <attribute name= "Current Time Running" value="16654" />
  <attribute name="GC Util currently" value="115" />
  <attribute name="CPU Util currently" value="848123667393" />
<exclusive-end id="127" timestamp="2019-08-09T08:13:01.571" durationms="12.525" />

<exclusive-start id="128" timestamp="2019-08-09T08:13:02.587" intervalms="1028.082">
  <response-info timems="4.956" idlems="4.956" threads="0" lastid="000000000243F600" lastname="node-5" />
</exclusive-start>
<allocation-taxation id="129" taxation-threshold="4194304" timestamp="2019-08-09T08:13:02.587" intervalms="1028.081" />
<gc-start id="130" type="global mark phase" contextid="106" timestamp="2019-08-09T08:13:02.587">
  <mem-info id="131" free="6291456" total="27262976" percent="23">
    <remembered-set count="6688" freebytes="1063168" totalbytes="1089920" percent="97" regionsoverflowed="0" regionsstable="0" regionsrebuilding="0"/>
  </mem-info>
</gc-start>
<gc-op id="132" type="mark increment" timems="4.570" contextid="106" timestamp="2019-08-09T08:13:02.591">
  <trace-info objectcount="8049" scancount="8015" scanbytes="307520" />
  <cardclean-info objects="1766" bytes="114912" />
  <finalization candidates="13" enqueued="0" />
  <references type="soft" candidates="66" cleared="0" enqueued="0" dynamicThreshold="12" maxThreshold="32" />
  <references type="weak" candidates="143" cleared="0" enqueued="0" />
  <references type="phantom" candidates="57" cleared="0" enqueued="0" />
  <stringconstants candidates="3837" cleared="0"  />
</gc-op>
<gc-op id="133" type="classunload" timems="0.003" contextid="106" timestamp="2019-08-09T08:13:02.591">
  <classunload-info classloadercandidates="6" classloadersunloaded="0" classesunloaded="0" anonymousclassesunloaded="0" quiescems="0.000" setupms="0.003" scanms="0.000" postms="0.000" />
</gc-op>
<gc-end id="134" type="global mark phase" contextid="106" durationms="4.677" usertimems="2.373" systemtimems="6.748" timestamp="2019-08-09T08:13:02.591" activeThreads="16">
  <mem-info id="135" free="6291456" total="27262976" percent="23">
    <remembered-set count="6688" freebytes="1063168" totalbytes="1089920" percent="97" regionsoverflowed="0" regionsstable="0" regionsrebuilding="0"/>
  </mem-info>
</gc-end>
<cycle-end id="136" type="global mark phase" contextid="106" timestamp="2019-08-09T08:13:02.592" />
  <attribute name="elasticGC enabled" value="1" />
  <attribute name= "numThreadsSpecified" value="16" />
  <attribute name="heapSize specified" value="0" />
  <attribute name="Current GC Util" value="0" />
  <attribute name= "Current Time Running" value="17676" />
  <attribute name ="GC Interval" value="0" />
  <attribute name="Target GC Util Change" value ="80.000000" />
  <attribute name="Current GC Util Change" value="0.000000"/>
  <attribute name="Current Error" value="63.000000" />
  <attribute name="Output H" value="27300856"/>
  <attribute name="Output I" value="2040"/>
  <attribute name="Output T" value="16"/>
  <attribute name= "Current Time Running" value="17676" />
  <attribute name="GC Util currently" value="0" />
  <attribute name="CPU Util currently" value="1211743150522" />
<exclusive-end id="137" timestamp="2019-08-09T08:13:02.592" durationms="5.185" />

<exclusive-start id="138" timestamp="2019-08-09T08:13:03.958" intervalms="1371.791">
  <response-info timems="0.027" idlems="0.027" threads="0" lastid="0000000002459E00" lastname="node-7" />
</exclusive-start>
<allocation-taxation id="139" taxation-threshold="4194304" timestamp="2019-08-09T08:13:03.958" intervalms="1371.796" />
<cycle-start id="140" type="partial gc" contextid="0" timestamp="2019-08-09T08:13:03.959" intervalms="2399.926" />
<gc-start id="141" type="partial gc" contextid="140" timestamp="2019-08-09T08:13:03.959">
  <mem-info id="142" free="2097152" total="27262976" percent="7">
    <mem type="eden" free="0" total="8388608" percent="0" />
    <remembered-set count="6688" freebytes="1063168" totalbytes="1089920" percent="97" regionsoverflowed="0" regionsstable="0" regionsrebuilding="0"/>
  </mem-info>
</gc-start>
<allocation-stats totalBytes="8383776" >
  <allocated-bytes non-tlh="0" tlh="8383776" arrayletleaf="0"/>
  <largest-consumer threadName="node-21" threadId="0000000002465100" bytes="184320" />
</allocation-stats>
<gc-op id="143" type="sweep" timems="2.092" contextid="140" timestamp="2019-08-09T08:13:03.961" />
<gc-op id="144" type="copy forward" timems="4.827" contextid="140" timestamp="2019-08-09T08:13:03.967">
  <memory-copied type="eden" objects="3331" bytes="80800" bytesdiscarded="8632" />
  <memory-copied type="other" objects="7887" bytes="189288" bytesdiscarded="6128" />
  <memory-cardclean objects="1637" bytes="225776" />
  <regions eden="2" other="3" />
  <remembered-set-cleared processed="2555" cleared="635" durationms="0.069" />
  <stringconstants candidates="3837" cleared="0"  />
</gc-op>
<gc-op id="145" type="classunload" timems="0.002" contextid="140" timestamp="2019-08-09T08:13:03.967">
  <classunload-info classloadercandidates="6" classloadersunloaded="0" classesunloaded="0" anonymousclassesunloaded="0" quiescems="0.000" setupms="0.002" scanms="0.000" postms="0.000" />
</gc-op>
<heap-resize id="146" type="expand" space="default" amount="4194304" count="1" timems="0.101" reason="insufficient free space following gc" timestamp="2019-08-09T08:13:03.967" />
<gc-end id="147" type="partial gc" contextid="140" durationms="8.390" usertimems="7.956" systemtimems="7.939" timestamp="2019-08-09T08:13:03.967" activeThreads="16">
  <mem-info id="148" free="14680064" total="31457280" percent="46">
    <mem type="eden" free="4042304" total="4194304" percent="96" />
    <remembered-set count="6880" freebytes="1230080" totalbytes="1257600" percent="97" regionsoverflowed="0" regionsstable="0" regionsrebuilding="0"/>
  </mem-info>
</gc-end>
<cycle-end id="149" type="partial gc" contextid="140" timestamp="2019-08-09T08:13:03.968" />
  <attribute name="elasticGC enabled" value="1" />
  <attribute name= "numThreadsSpecified" value="16" />
  <attribute name="heapSize specified" value="0" />
  <attribute name="Current GC Util" value="114" />
  <attribute name= "Current Time Running" value="19049" />
  <attribute name ="GC Interval" value="0" />
  <attribute name="Target GC Util Change" value ="80.000000" />
  <attribute name="Current GC Util Change" value="114.000000"/>
  <attribute name="Current Error" value="45.000000" />
  <attribute name="Output H" value="27300848"/>
  <attribute name="Output I" value="2032"/>
  <attribute name="Output T" value="16"/>
  <attribute name= "Current Time Running" value="19049" />
  <attribute name="GC Util currently" value="114" />
  <attribute name="CPU Util currently" value="2456536798768" />
<exclusive-end id="150" timestamp="2019-08-09T08:13:03.968" durationms="9.312" />

<exclusive-start id="151" timestamp="2019-08-09T08:13:06.018" intervalms="2059.715">
  <response-info timems="0.168" idlems="0.168" threads="0" lastid="000000000244AA00" lastname="node-4" />
</exclusive-start>
<allocation-taxation id="152" taxation-threshold="6291456" timestamp="2019-08-09T08:13:06.018" intervalms="2059.718" />
<cycle-start id="153" type="global mark phase" contextid="0" timestamp="2019-08-09T08:13:06.018" intervalms="6470.918" />
<gc-start id="154" type="global mark phase" contextid="153" timestamp="2019-08-09T08:13:06.018">
  <mem-info id="155" free="8388608" total="31457280" percent="26">
    <remembered-set count="6432" freebytes="1231872" totalbytes="1257600" percent="97" regionsoverflowed="0" regionsstable="0" regionsrebuilding="0"/>
  </mem-info>
</gc-start>
<gc-op id="156" type="mark increment" timems="1.221" contextid="153" timestamp="2019-08-09T08:13:06.020">
  <trace-info objectcount="371" scancount="0" scanbytes="0" />
</gc-op>
<gc-end id="157" type="global mark phase" contextid="153" durationms="1.257" usertimems="2.471" systemtimems="1.033" timestamp="2019-08-09T08:13:06.020" activeThreads="8">
  <mem-info id="158" free="8388608" total="31457280" percent="26">
    <remembered-set count="6432" freebytes="1231872" totalbytes="1257600" percent="97" regionsoverflowed="0" regionsstable="0" regionsrebuilding="0"/>
  </mem-info>
</gc-end>
<concurrent-start id="159" type="GMP work packet processing" contextid="153" timestamp="2019-08-09T08:13:06.020">
  <concurrent-mark-start scanTarget="18446744073709551615" />
</concurrent-start>
<exclusive-end id="160" timestamp="2019-08-09T08:13:06.020" durationms="1.837" />

<concurrent-end id="161" type="GMP work packet processing" contextid="153" timestamp="2019-08-09T08:13:06.023">
  <concurrent-mark-end bytesScanned="5311816" reasonForTermination="Completed all work in GC phase" />
</concurrent-end>

<exclusive-start id="162" timestamp="2019-08-09T08:13:07.882" intervalms="1863.486">
  <response-info timems="0.378" idlems="0.378" threads="0" lastid="0000000002428F00" lastname="node-9" />
</exclusive-start>
<allocation-taxation id="163" taxation-threshold="6291456" timestamp="2019-08-09T08:13:07.882" intervalms="1863.483" />
<cycle-start id="164" type="partial gc" contextid="0" timestamp="2019-08-09T08:13:07.882" intervalms="3923.376" />
<gc-start id="165" type="partial gc" contextid="164" timestamp="2019-08-09T08:13:07.882">
  <mem-info id="166" free="2097152" total="31457280" percent="6">
    <mem type="eden" free="0" total="12582912" percent="0" />
    <remembered-set count="6432" freebytes="1231872" totalbytes="1257600" percent="97" regionsoverflowed="0" regionsstable="0" regionsrebuilding="0"/>
  </mem-info>
</gc-start>
<allocation-stats totalBytes="12571528" >
  <allocated-bytes non-tlh="0" tlh="12571528" arrayletleaf="0"/>
  <largest-consumer threadName="node-8" threadId="0000000002443200" bytes="348136" />
</allocation-stats>
<gc-op id="167" type="copy forward" timems="7.198" contextid="164" timestamp="2019-08-09T08:13:07.890">
  <memory-copied type="eden" objects="10154" bytes="245408" bytesdiscarded="23768" />
  <memory-copied type="other" objects="5655" bytes="135720" bytesdiscarded="1128" />
  <memory-cardclean objects="1856" bytes="232304" />
  <regions eden="6" other="2" />
  <remembered-set-cleared processed="2270" cleared="303" durationms="0.073" />
  <stringconstants candidates="3837" cleared="0"  />
  <heap-resize type="expand" space="default" amount="4194304" count="2" timems="0.357" reason="continue current collection" />
</gc-op>
<gc-op id="168" type="classunload" timems="0.002" contextid="164" timestamp="2019-08-09T08:13:07.890">
  <classunload-info classloadercandidates="6" classloadersunloaded="0" classesunloaded="0" anonymousclassesunloaded="0" quiescems="0.000" setupms="0.002" scanms="0.000" postms="0.000" />
</gc-op>
<gc-end id="169" type="partial gc" contextid="164" durationms="8.254" usertimems="8.831" systemtimems="7.271" timestamp="2019-08-09T08:13:07.891" activeThreads="16">
  <mem-info id="170" free="16777216" total="35651584" percent="47">
    <mem type="eden" free="3925128" total="4194304" percent="93" />
    <remembered-set count="6912" freebytes="1397632" totalbytes="1425280" percent="98" regionsoverflowed="0" regionsstable="0" regionsrebuilding="0"/>
  </mem-info>
</gc-end>
<cycle-end id="171" type="partial gc" contextid="164" timestamp="2019-08-09T08:13:07.891" />
  <attribute name="elasticGC enabled" value="1" />
  <attribute name= "numThreadsSpecified" value="16" />
  <attribute name="heapSize specified" value="0" />
  <attribute name="Current GC Util" value="121" />
  <attribute name= "Current Time Running" value="22970" />
  <attribute name ="GC Interval" value="0" />
  <attribute name="Target GC Util Change" value ="80.000000" />
  <attribute name="Current GC Util Change" value="121.000000"/>
  <attribute name="Current Error" value="-104.000000" />
  <attribute name="Output H" value="31495064"/>
  <attribute name="Output I" value="1944"/>
  <attribute name="Output T" value="16"/>
  <attribute name= "Current Time Running" value="22970" />
  <attribute name="GC Util currently" value="121" />
  <attribute name="CPU Util currently" value="2714570448322" />
<exclusive-end id="172" timestamp="2019-08-09T08:13:07.891" durationms="9.268" />

<exclusive-start id="173" timestamp="2019-08-09T08:13:10.491" intervalms="2609.465">
  <response-info timems="0.027" idlems="0.027" threads="0" lastid="0000000002459E00" lastname="node-7" />
</exclusive-start>
<allocation-taxation id="174" taxation-threshold="8388608" timestamp="2019-08-09T08:13:10.491" intervalms="2609.460" />
<gc-start id="175" type="global mark phase" contextid="153" timestamp="2019-08-09T08:13:10.491">
  <mem-info id="176" free="8388608" total="35651584" percent="23">
    <remembered-set count="6912" freebytes="1397632" totalbytes="1425280" percent="98" regionsoverflowed="0" regionsstable="0" regionsrebuilding="0"/>
  </mem-info>
</gc-start>
<gc-op id="177" type="mark increment" timems="6.048" contextid="153" timestamp="2019-08-09T08:13:10.497">
  <trace-info objectcount="11545" scancount="11522" scanbytes="391736" />
  <cardclean-info objects="1797" bytes="114576" />
  <finalization candidates="13" enqueued="0" />
  <references type="soft" candidates="66" cleared="0" enqueued="0" dynamicThreshold="15" maxThreshold="32" />
  <references type="weak" candidates="143" cleared="0" enqueued="0" />
  <references type="phantom" candidates="57" cleared="0" enqueued="0" />
  <stringconstants candidates="3837" cleared="0"  />
</gc-op>
<gc-op id="178" type="classunload" timems="0.002" contextid="153" timestamp="2019-08-09T08:13:10.497">
  <classunload-info classloadercandidates="6" classloadersunloaded="0" classesunloaded="0" anonymousclassesunloaded="0" quiescems="0.000" setupms="0.002" scanms="0.000" postms="0.000" />
</gc-op>
<gc-end id="179" type="global mark phase" contextid="153" durationms="6.163" usertimems="6.641" systemtimems="8.959" timestamp="2019-08-09T08:13:10.497" activeThreads="16">
  <mem-info id="180" free="8388608" total="35651584" percent="23">
    <remembered-set count="6912" freebytes="1397632" totalbytes="1425280" percent="98" regionsoverflowed="0" regionsstable="0" regionsrebuilding="0"/>
  </mem-info>
</gc-end>
<cycle-end id="181" type="global mark phase" contextid="153" timestamp="2019-08-09T08:13:10.497" />
  <attribute name="elasticGC enabled" value="1" />
  <attribute name= "numThreadsSpecified" value="16" />
  <attribute name="heapSize specified" value="0" />
  <attribute name="Current GC Util" value="125" />
  <attribute name= "Current Time Running" value="25581" />
  <attribute name ="GC Interval" value="0" />
  <attribute name="Target GC Util Change" value ="80.000000" />
  <attribute name="Current GC Util Change" value="125.000000"/>
  <attribute name="Current Error" value="-147.000000" />
  <attribute name="Output H" value="35689344"/>
  <attribute name="Output I" value="1920"/>
  <attribute name="Output T" value="16"/>
  <attribute name= "Current Time Running" value="25581" />
  <attribute name="GC Util currently" value="125" />
  <attribute name="CPU Util currently" value="723993186846" />
<exclusive-end id="182" timestamp="2019-08-09T08:13:10.498" durationms="6.564" />

<exclusive-start id="183" timestamp="2019-08-09T08:13:13.315" intervalms="2824.236">
  <response-info timems="0.278" idlems="0.278" threads="0" lastid="0000000002412700" lastname="node-3" />
</exclusive-start>
<allocation-taxation id="184" taxation-threshold="8388608" timestamp="2019-08-09T08:13:13.315" intervalms="2824.252" />
<cycle-start id="185" type="partial gc" contextid="0" timestamp="2019-08-09T08:13:13.316" intervalms="5433.757" />
<gc-start id="186" type="partial gc" contextid="185" timestamp="2019-08-09T08:13:13.316">
  <mem-info id="187" free="0" total="35651584" percent="0">
    <mem type="eden" free="2097136" total="18874368" percent="11" />
    <remembered-set count="6912" freebytes="1397632" totalbytes="1425280" percent="98" regionsoverflowed="0" regionsstable="0" regionsrebuilding="0"/>
  </mem-info>
</gc-start>
<allocation-stats totalBytes="16768784" >
  <allocated-bytes non-tlh="0" tlh="16768784" arrayletleaf="0"/>
  <largest-consumer threadName="node-12" threadId="0000000002470500" bytes="389112" />
</allocation-stats>
<gc-op id="188" type="sweep" timems="1.566" contextid="185" timestamp="2019-08-09T08:13:13.318" />
<gc-op id="189" type="copy forward" timems="5.543" contextid="185" timestamp="2019-08-09T08:13:13.324">
  <memory-copied type="eden" objects="7395" bytes="181272" bytesdiscarded="9851" />
  <memory-copied type="other" objects="11378" bytes="273072" bytesdiscarded="13437" />
  <memory-cardclean objects="1854" bytes="232256" />
  <regions eden="4" other="5" />
  <remembered-set-cleared processed="2368" cleared="455" durationms="0.078" />
  <stringconstants candidates="3837" cleared="0"  />
</gc-op>
<gc-op id="190" type="classunload" timems="0.002" contextid="185" timestamp="2019-08-09T08:13:13.324">
  <classunload-info classloadercandidates="6" classloadersunloaded="0" classesunloaded="0" anonymousclassesunloaded="0" quiescems="0.000" setupms="0.002" scanms="0.000" postms="0.000" />
</gc-op>
<gc-end id="191" type="partial gc" contextid="185" durationms="8.401" usertimems="7.974" systemtimems="7.389" timestamp="2019-08-09T08:13:13.324" activeThreads="16">
  <mem-info id="192" free="20971520" total="35651584" percent="58">
    <mem type="eden" free="1735864" total="2097152" percent="82" />
    <remembered-set count="7360" freebytes="1395840" totalbytes="1425280" percent="97" regionsoverflowed="0" regionsstable="0" regionsrebuilding="0"/>
  </mem-info>
</gc-end>
<cycle-end id="193" type="partial gc" contextid="185" timestamp="2019-08-09T08:13:13.325" />
  <attribute name="elasticGC enabled" value="1" />
  <attribute name= "numThreadsSpecified" value="16" />
  <attribute name="heapSize specified" value="0" />
  <attribute name="Current GC Util" value="112" />
  <attribute name= "Current Time Running" value="28406" />
  <attribute name ="GC Interval" value="0" />
  <attribute name="Target GC Util Change" value ="80.000000" />
  <attribute name="Current GC Util Change" value="112.000000"/>
  <attribute name="Current Error" value="-113.000000" />
  <attribute name="Output H" value="35689360"/>
  <attribute name="Output I" value="1936"/>
  <attribute name="Output T" value="16"/>
  <attribute name= "Current Time Running" value="28406" />
  <attribute name="GC Util currently" value="112" />
  <attribute name="CPU Util currently" value="2573830205716" />
<exclusive-end id="194" timestamp="2019-08-09T08:13:13.325" durationms="9.554" />

<exclusive-start id="195" timestamp="2019-08-09T08:13:19.002" intervalms="5686.980">
  <response-info timems="0.046" idlems="0.046" threads="0" lastid="000000000243BA00" lastname="node-2" />
</exclusive-start>
<allocation-taxation id="196" taxation-threshold="16777216" timestamp="2019-08-09T08:13:19.002" intervalms="5686.964" />
<cycle-start id="197" type="partial gc" contextid="0" timestamp="2019-08-09T08:13:19.002" intervalms="5686.696" />
<gc-start id="198" type="partial gc" contextid="197" timestamp="2019-08-09T08:13:19.003">
  <mem-info id="199" free="4194304" total="35651584" percent="11">
    <mem type="eden" free="0" total="16777216" percent="0" />
    <remembered-set count="6976" freebytes="1397376" totalbytes="1425280" percent="98" regionsoverflowed="0" regionsstable="0" regionsrebuilding="0"/>
  </mem-info>
</gc-start>
<allocation-stats totalBytes="16766248" >
  <allocated-bytes non-tlh="0" tlh="16766248" arrayletleaf="0"/>
  <largest-consumer threadName="node-9" threadId="0000000002428F00" bytes="810896" />
</allocation-stats>
<gc-op id="200" type="copy forward" timems="7.176" contextid="197" timestamp="2019-08-09T08:13:19.011">
  <memory-copied type="eden" objects="14504" bytes="365944" bytesdiscarded="12224" />
  <memory-copied type="other" objects="14053" bytes="337272" bytesdiscarded="12784" />
  <memory-cardclean objects="2008" bytes="235952" />
  <regions eden="8" other="1" />
  <remembered-set-cleared processed="2335" cleared="372" durationms="0.281" />
  <stringconstants candidates="3837" cleared="0"  />
  <heap-resize type="expand" space="default" amount="2097152" count="1" timems="0.070" reason="continue current collection" />
</gc-op>
<gc-op id="201" type="classunload" timems="0.002" contextid="197" timestamp="2019-08-09T08:13:19.011">
  <classunload-info classloadercandidates="6" classloadersunloaded="0" classesunloaded="0" anonymousclassesunloaded="0" quiescems="0.000" setupms="0.002" scanms="0.000" postms="0.000" />
</gc-op>
<gc-end id="202" type="partial gc" contextid="197" durationms="8.777" usertimems="14.567" systemtimems="2.440" timestamp="2019-08-09T08:13:19.011" activeThreads="16">
  <mem-info id="203" free="18874368" total="37748736" percent="50">
    <mem type="eden" free="3816136" total="4194304" percent="90" />
    <remembered-set count="8448" freebytes="1475328" totalbytes="1509120" percent="97" regionsoverflowed="0" regionsstable="0" regionsrebuilding="0"/>
  </mem-info>
</gc-end>
<cycle-end id="204" type="partial gc" contextid="197" timestamp="2019-08-09T08:13:19.011" />
  <attribute name="elasticGC enabled" value="1" />
  <attribute name= "numThreadsSpecified" value="16" />
  <attribute name="heapSize specified" value="0" />
  <attribute name="Current GC Util" value="115" />
  <attribute name= "Current Time Running" value="34091" />
  <attribute name ="GC Interval" value="0" />
  <attribute name="Target GC Util Change" value ="80.000000" />
  <attribute name="Current GC Util Change" value="115.000000"/>
  <attribute name="Current Error" value="-35.000000" />
  <attribute name="Output H" value="35689408"/>
  <attribute name="Output I" value="1984"/>
  <attribute name="Output T" value="16"/>
  <attribute name= "Current Time Running" value="34091" />
  <attribute name="GC Util currently" value="115" />
  <attribute name="CPU Util currently" value="952595443524" />
<exclusive-end id="205" timestamp="2019-08-09T08:13:19.012" durationms="9.262" />

<exclusive-start id="206" timestamp="2019-08-09T08:13:24.391" intervalms="5388.231">
  <response-info timems="0.021" idlems="0.021" threads="0" lastid="0000000002412700" lastname="node-3" />
</exclusive-start>
<allocation-taxation id="207" taxation-threshold="16777216" timestamp="2019-08-09T08:13:24.391" intervalms="5388.222" />
<cycle-start id="208" type="partial gc" contextid="0" timestamp="2019-08-09T08:13:24.391" intervalms="5388.203" />
<gc-start id="209" type="partial gc" contextid="208" timestamp="2019-08-09T08:13:24.391">
  <mem-info id="210" free="2097152" total="37748736" percent="5">
    <mem type="eden" free="0" total="16777216" percent="0" />
    <remembered-set count="8448" freebytes="1475328" totalbytes="1509120" percent="97" regionsoverflowed="0" regionsstable="0" regionsrebuilding="0"/>
  </mem-info>
</gc-start>
<allocation-stats totalBytes="16766368" >
  <allocated-bytes non-tlh="0" tlh="16766368" arrayletleaf="0"/>
  <largest-consumer threadName="node-2" threadId="000000000243BA00" bytes="765856" />
</allocation-stats>
<gc-op id="211" type="copy forward" timems="4.836" contextid="208" timestamp="2019-08-09T08:13:24.396">
  <memory-copied type="eden" objects="14221" bytes="343016" bytesdiscarded="22064" />
  <memory-copied type="other" objects="14321" bytes="343704" bytesdiscarded="7616" />
  <memory-cardclean objects="2054" bytes="236896" />
  <regions eden="8" other="2" />
  <remembered-set-cleared processed="2502" cleared="386" durationms="0.078" />
  <stringconstants candidates="3837" cleared="0"  />
  <heap-resize type="expand" space="default" amount="2097152" count="1" timems="0.064" reason="continue current collection" />
</gc-op>
<gc-op id="212" type="classunload" timems="0.001" contextid="208" timestamp="2019-08-09T08:13:24.396">
  <classunload-info classloadercandidates="6" classloadersunloaded="0" classesunloaded="0" anonymousclassesunloaded="0" quiescems="0.000" setupms="0.001" scanms="0.000" postms="0.000" />
</gc-op>
<gc-end id="213" type="partial gc" contextid="208" durationms="5.690" usertimems="10.095" systemtimems="1.288" timestamp="2019-08-09T08:13:24.397" activeThreads="16">
  <mem-info id="214" free="20971520" total="39845888" percent="52">
    <mem type="eden" free="1732072" total="2097152" percent="82" />
    <remembered-set count="7744" freebytes="1561984" totalbytes="1592960" percent="98" regionsoverflowed="0" regionsstable="0" regionsrebuilding="0"/>
  </mem-info>
</gc-end>
<cycle-end id="215" type="partial gc" contextid="208" timestamp="2019-08-09T08:13:24.397" />
  <attribute name="elasticGC enabled" value="1" />
  <attribute name= "numThreadsSpecified" value="16" />
  <attribute name="heapSize specified" value="0" />
  <attribute name="Current GC Util" value="108" />
  <attribute name= "Current Time Running" value="39479" />
  <attribute name ="GC Interval" value="0" />
  <attribute name="Target GC Util Change" value ="80.000000" />
  <attribute name="Current GC Util Change" value="108.000000"/>
  <attribute name="Current Error" value="17.000000" />
  <attribute name="Output H" value="37786592"/>
  <attribute name="Output I" value="2016"/>
  <attribute name="Output T" value="16"/>
  <attribute name= "Current Time Running" value="39479" />
  <attribute name="GC Util currently" value="108" />
  <attribute name="CPU Util currently" value="2508472386775" />
<exclusive-end id="216" timestamp="2019-08-09T08:13:24.397" durationms="6.182" />

<exclusive-start id="217" timestamp="2019-08-09T08:13:29.680" intervalms="5289.584">
  <response-info timems="0.145" idlems="0.145" threads="0" lastid="0000000002470500" lastname="node-12" />
</exclusive-start>
<allocation-taxation id="218" taxation-threshold="16777216" timestamp="2019-08-09T08:13:29.680" intervalms="5289.596" />
<cycle-start id="219" type="partial gc" contextid="0" timestamp="2019-08-09T08:13:29.680" intervalms="5289.686" />
<gc-start id="220" type="partial gc" contextid="219" timestamp="2019-08-09T08:13:29.681">
  <mem-info id="221" free="4194304" total="39845888" percent="10">
    <mem type="eden" free="0" total="16777216" percent="0" />
    <remembered-set count="7552" freebytes="1562752" totalbytes="1592960" percent="98" regionsoverflowed="0" regionsstable="0" regionsrebuilding="0"/>
  </mem-info>
</gc-start>
<allocation-stats totalBytes="16761712" >
  <allocated-bytes non-tlh="0" tlh="16761712" arrayletleaf="0"/>
  <largest-consumer threadName="node-8" threadId="0000000002443200" bytes="793472" />
</allocation-stats>
<gc-op id="222" type="copy forward" timems="5.075" contextid="219" timestamp="2019-08-09T08:13:29.686">
  <memory-copied type="eden" objects="15039" bytes="361192" bytesdiscarded="22840" />
  <memory-copied type="other" objects="14079" bytes="337896" bytesdiscarded="10336" />
  <memory-cardclean objects="1999" bytes="235736" />
  <regions eden="8" other="1" />
  <remembered-set-cleared processed="2651" cleared="383" durationms="0.077" />
  <stringconstants candidates="3837" cleared="0"  />
</gc-op>
<gc-op id="223" type="classunload" timems="0.002" contextid="219" timestamp="2019-08-09T08:13:29.686">
  <classunload-info classloadercandidates="6" classloadersunloaded="0" classesunloaded="0" anonymousclassesunloaded="0" quiescems="0.000" setupms="0.002" scanms="0.000" postms="0.000" />
</gc-op>
<gc-end id="224" type="partial gc" contextid="219" durationms="5.950" usertimems="9.444" systemtimems="2.726" timestamp="2019-08-09T08:13:29.686" activeThreads="16">
  <mem-info id="225" free="18874368" total="39845888" percent="47">
    <mem type="eden" free="1713120" total="2097152" percent="81" />
    <remembered-set count="7040" freebytes="1564800" totalbytes="1592960" percent="98" regionsoverflowed="0" regionsstable="0" regionsrebuilding="0"/>
  </mem-info>
</gc-end>
<cycle-end id="226" type="partial gc" contextid="219" timestamp="2019-08-09T08:13:29.687" />
  <attribute name="elasticGC enabled" value="1" />
  <attribute name= "numThreadsSpecified" value="16" />
  <attribute name="heapSize specified" value="0" />
  <attribute name="Current GC Util" value="97" />
  <attribute name= "Current Time Running" value="44768" />
  <attribute name ="GC Interval" value="0" />
  <attribute name="Target GC Util Change" value ="80.000000" />
  <attribute name="Current GC Util Change" value="97.000000"/>
  <attribute name="Current Error" value="80.000000" />
  <attribute name="Output H" value="39883776"/>
  <attribute name="Output I" value="2048"/>
  <attribute name="Output T" value="16"/>
  <attribute name= "Current Time Running" value="44768" />
  <attribute name="GC Util currently" value="97" />
  <attribute name="CPU Util currently" value="2409252959710" />
<exclusive-end id="227" timestamp="2019-08-09T08:13:29.687" durationms="6.647" />

<exclusive-start id="228" timestamp="2019-08-09T08:13:34.351" intervalms="4671.004">
  <response-info timems="0.535" idlems="0.279" threads="1" lastid="0000000002443200" lastname="node-8" />
</exclusive-start>
<allocation-taxation id="229" taxation-threshold="16777216" timestamp="2019-08-09T08:13:34.351" intervalms="4671.048" />
<cycle-start id="230" type="partial gc" contextid="0" timestamp="2019-08-09T08:13:34.351" intervalms="4671.000" />
<gc-start id="231" type="partial gc" contextid="230" timestamp="2019-08-09T08:13:34.351">
  <mem-info id="232" free="2097152" total="39845888" percent="5">
    <mem type="eden" free="0" total="16777216" percent="0" />
    <remembered-set count="7040" freebytes="1564800" totalbytes="1592960" percent="98" regionsoverflowed="0" regionsstable="0" regionsrebuilding="0"/>
  </mem-info>
</gc-start>
<allocation-stats totalBytes="16769088" >
  <allocated-bytes non-tlh="0" tlh="16769088" arrayletleaf="0"/>
  <largest-consumer threadName="node-15" threadId="0000000002474100" bytes="786384" />
</allocation-stats>
<gc-op id="233" type="copy forward" timems="5.154" contextid="230" timestamp="2019-08-09T08:13:34.357">
  <memory-copied type="eden" objects="13155" bytes="320904" bytesdiscarded="18040" />
  <memory-copied type="other" objects="14910" bytes="357840" bytesdiscarded="14456" />
  <memory-cardclean objects="2006" bytes="235904" />
  <regions eden="8" other="1" />
  <remembered-set-cleared processed="2793" cleared="370" durationms="0.073" />
  <stringconstants candidates="3837" cleared="0"  />
  <heap-resize type="expand" space="default" amount="2097152" count="1" timems="0.067" reason="continue current collection" />
</gc-op>
<gc-op id="234" type="classunload" timems="0.002" contextid="230" timestamp="2019-08-09T08:13:34.357">
  <classunload-info classloadercandidates="6" classloadersunloaded="0" classesunloaded="0" anonymousclassesunloaded="0" quiescems="0.000" setupms="0.002" scanms="0.000" postms="0.000" />
</gc-op>
<gc-end id="235" type="partial gc" contextid="230" durationms="5.999" usertimems="7.200" systemtimems="4.831" timestamp="2019-08-09T08:13:34.357" activeThreads="16">
  <mem-info id="236" free="18874368" total="41943040" percent="45">
    <mem type="eden" free="1758208" total="2097152" percent="83" />
    <remembered-set count="8832" freebytes="1641472" totalbytes="1676800" percent="97" regionsoverflowed="0" regionsstable="0" regionsrebuilding="0"/>
  </mem-info>
</gc-end>
<cycle-end id="237" type="partial gc" contextid="230" timestamp="2019-08-09T08:13:34.358" />
  <attribute name="elasticGC enabled" value="1" />
  <attribute name= "numThreadsSpecified" value="16" />
  <attribute name="heapSize specified" value="0" />
  <attribute name="Current GC Util" value="107" />
  <attribute name= "Current Time Running" value="49439" />
  <attribute name ="GC Interval" value="0" />
  <attribute name="Target GC Util Change" value ="80.000000" />
  <attribute name="Current GC Util Change" value="107.000000"/>
  <attribute name="Current Error" value="-27.000000" />
  <attribute name="Output H" value="39883720"/>
  <attribute name="Output I" value="1992"/>
  <attribute name="Output T" value="16"/>
  <attribute name= "Current Time Running" value="49439" />
  <attribute name="GC Util currently" value="107" />
  <attribute name="CPU Util currently" value="2420390400096" />
<exclusive-end id="238" timestamp="2019-08-09T08:13:34.358" durationms="6.527" />

<exclusive-start id="239" timestamp="2019-08-09T08:13:39.272" intervalms="4920.921">
  <response-info timems="2.108" idlems="2.108" threads="0" lastid="0000000002474100" lastname="node-15" />
</exclusive-start>
<allocation-taxation id="240" taxation-threshold="16777216" timestamp="2019-08-09T08:13:39.272" intervalms="4920.887" />
<cycle-start id="241" type="partial gc" contextid="0" timestamp="2019-08-09T08:13:39.272" intervalms="4920.949" />
<gc-start id="242" type="partial gc" contextid="241" timestamp="2019-08-09T08:13:39.272">
  <mem-info id="243" free="2097152" total="41943040" percent="5">
    <mem type="eden" free="0" total="16777216" percent="0" />
    <remembered-set count="8832" freebytes="1641472" totalbytes="1676800" percent="97" regionsoverflowed="0" regionsstable="0" regionsrebuilding="0"/>
  </mem-info>
</gc-start>
<allocation-stats totalBytes="16764744" >
  <allocated-bytes non-tlh="0" tlh="16764744" arrayletleaf="0"/>
  <largest-consumer threadName="node-25" threadId="0000000002456200" bytes="781216" />
</allocation-stats>
<gc-op id="244" type="copy forward" timems="5.180" contextid="241" timestamp="2019-08-09T08:13:39.278">
  <memory-copied type="eden" objects="13736" bytes="331376" bytesdiscarded="16168" />
  <memory-copied type="other" objects="13003" bytes="312072" bytesdiscarded="15096" />
  <memory-cardclean objects="1985" bytes="235400" />
  <regions eden="8" other="1" />
  <remembered-set-cleared processed="2947" cleared="368" durationms="0.072" />
  <stringconstants candidates="3837" cleared="0"  />
  <heap-resize type="expand" space="default" amount="2097152" count="1" timems="0.077" reason="continue current collection" />
</gc-op>
<gc-op id="245" type="classunload" timems="0.003" contextid="241" timestamp="2019-08-09T08:13:39.278">
  <classunload-info classloadercandidates="6" classloadersunloaded="0" classesunloaded="0" anonymousclassesunloaded="0" quiescems="0.000" setupms="0.002" scanms="0.000" postms="0.000" />
</gc-op>
<gc-end id="246" type="partial gc" contextid="241" durationms="6.061" usertimems="6.083" systemtimems="6.765" timestamp="2019-08-09T08:13:39.279" activeThreads="16">
  <mem-info id="247" free="18874368" total="44040192" percent="42">
    <mem type="eden" free="1749608" total="2097152" percent="83" />
    <remembered-set count="9600" freebytes="1722240" totalbytes="1760640" percent="97" regionsoverflowed="0" regionsstable="0" regionsrebuilding="0"/>
  </mem-info>
</gc-end>
<cycle-end id="248" type="partial gc" contextid="241" timestamp="2019-08-09T08:13:39.279" />
  <attribute name="elasticGC enabled" value="1" />
  <attribute name= "numThreadsSpecified" value="16" />
  <attribute name="heapSize specified" value="0" />
  <attribute name="Current GC Util" value="117" />
  <attribute name= "Current Time Running" value="54360" />
  <attribute name ="GC Interval" value="0" />
  <attribute name="Target GC Util Change" value ="80.000000" />
  <attribute name="Current GC Util Change" value="117.000000"/>
  <attribute name="Current Error" value="16.000000" />
  <attribute name="Output H" value="41980896"/>
  <attribute name="Output I" value="2016"/>
  <attribute name="Output T" value="16"/>
  <attribute name= "Current Time Running" value="54360" />
  <attribute name="GC Util currently" value="117" />
  <attribute name="CPU Util currently" value="2906493043189" />
<exclusive-end id="249" timestamp="2019-08-09T08:13:39.279" durationms="6.764" />

<exclusive-start id="250" timestamp="2019-08-09T08:13:45.466" intervalms="6194.217">
  <response-info timems="0.254" idlems="0.149" threads="1" lastid="000000000246C900" lastname="node-16" />
</exclusive-start>
<allocation-taxation id="251" taxation-threshold="18874368" timestamp="2019-08-09T08:13:45.466" intervalms="6194.204" />
<cycle-start id="252" type="partial gc" contextid="0" timestamp="2019-08-09T08:13:45.466" intervalms="6194.121" />
<gc-start id="253" type="partial gc" contextid="252" timestamp="2019-08-09T08:13:45.467">
  <mem-info id="254" free="0" total="44040192" percent="0">
    <mem type="eden" free="0" total="18874368" percent="0" />
    <remembered-set count="9120" freebytes="1724160" totalbytes="1760640" percent="97" regionsoverflowed="0" regionsstable="0" regionsrebuilding="0"/>
  </mem-info>
</gc-start>
<allocation-stats totalBytes="18858520" >
  <allocated-bytes non-tlh="0" tlh="18858520" arrayletleaf="0"/>
  <largest-consumer threadName="node-8" threadId="0000000002443200" bytes="916488" />
</allocation-stats>
<gc-op id="255" type="mark" timems="4.915" contextid="252" timestamp="2019-08-09T08:13:45.472">
  <trace-info objectcount="30748" scancount="30727" scanbytes="852624" />
  <cardclean-info objects="2057" bytes="120752" />
  <remembered-set-cleared processed="3108" cleared="381" durationms="0.078" />
  <stringconstants candidates="3837" cleared="0"  />
  <warning details="Mark invoked due to insufficient free space for Copy-Forward" />
</gc-op>
<gc-op id="256" type="classunload" timems="0.001" contextid="252" timestamp="2019-08-09T08:13:45.472">
  <classunload-info classloadercandidates="6" classloadersunloaded="0" classesunloaded="0" anonymousclassesunloaded="0" quiescems="0.000" setupms="0.001" scanms="0.000" postms="0.000" />
</gc-op>
<gc-op id="257" type="sweep" timems="0.861" contextid="252" timestamp="2019-08-09T08:13:45.473" />
<gc-op id="258" type="compact" timems="5.005" contextid="252" timestamp="2019-08-09T08:13:45.478">
  <compact-info movecount="30747" movebytes="739416" />
  <remembered-set-cleared processed="6535" cleared="1042" durationms="0.094" />
</gc-op>
<gc-end id="259" type="partial gc" contextid="252" durationms="11.860" usertimems="18.252" systemtimems="9.376" timestamp="2019-08-09T08:13:45.478" activeThreads="16">
  <mem-info id="260" free="16777216" total="44040192" percent="38">
    <mem type="eden" free="1684016" total="2097152" percent="80" />
    <remembered-set count="8352" freebytes="1727232" totalbytes="1760640" percent="98" regionsoverflowed="0" regionsstable="0" regionsrebuilding="0"/>
  </mem-info>
</gc-end>
<cycle-end id="261" type="partial gc" contextid="252" timestamp="2019-08-09T08:13:45.479" />
  <attribute name="elasticGC enabled" value="1" />
  <attribute name= "numThreadsSpecified" value="16" />
  <attribute name="heapSize specified" value="0" />
  <attribute name="Current GC Util" value="111" />
  <attribute name= "Current Time Running" value="60560" />
  <attribute name ="GC Interval" value="0" />
  <attribute name="Target GC Util Change" value ="80.000000" />
  <attribute name="Current GC Util Change" value="111.000000"/>
  <attribute name="Current Error" value="-31.000000" />
  <attribute name="Output H" value="44078016"/>
  <attribute name="Output I" value="1984"/>
  <attribute name="Output T" value="16"/>
  <attribute name= "Current Time Running" value="60560" />
  <attribute name="GC Util currently" value="111" />
  <attribute name="CPU Util currently" value="1144032370273" />
<exclusive-end id="262" timestamp="2019-08-09T08:13:45.479" durationms="12.434" />

===== DaCapo 9.12-MR1 avrora PASSED in 61971 msec =====
<exclusive-start id="263" timestamp="2019-08-09T08:13:47.265" intervalms="1798.630">
  <response-info timems="0.016" idlems="0.016" threads="0" lastid="000000000212BF00" lastname="main" />
</exclusive-start>
<allocation-taxation id="264" taxation-threshold="8388608" timestamp="2019-08-09T08:13:47.265" intervalms="1798.630" />
<cycle-start id="265" type="global mark phase" contextid="0" timestamp="2019-08-09T08:13:47.265" intervalms="41246.623" />
<gc-start id="266" type="global mark phase" contextid="265" timestamp="2019-08-09T08:13:47.265">
  <mem-info id="267" free="8388608" total="44040192" percent="19">
    <remembered-set count="8352" freebytes="1727232" totalbytes="1760640" percent="98" regionsoverflowed="0" regionsstable="0" regionsrebuilding="0"/>
  </mem-info>
</gc-start>
<gc-op id="268" type="mark increment" timems="3.555" contextid="265" timestamp="2019-08-09T08:13:47.269">
  <trace-info objectcount="123" scancount="0" scanbytes="0" />
</gc-op>
<gc-end id="269" type="global mark phase" contextid="265" durationms="3.595" usertimems="2.884" systemtimems="5.763" timestamp="2019-08-09T08:13:47.269" activeThreads="16">
  <mem-info id="270" free="8388608" total="44040192" percent="19">
    <remembered-set count="8352" freebytes="1727232" totalbytes="1760640" percent="98" regionsoverflowed="0" regionsstable="0" regionsrebuilding="0"/>
  </mem-info>
</gc-end>
<concurrent-start id="271" type="GMP work packet processing" contextid="265" timestamp="2019-08-09T08:13:47.269">
  <concurrent-mark-start scanTarget="18446744073709551615" />
</concurrent-start>
<exclusive-end id="272" timestamp="2019-08-09T08:13:47.269" durationms="4.119" />

<concurrent-end id="273" type="GMP work packet processing" contextid="265" timestamp="2019-08-09T08:13:47.270">
  <concurrent-mark-end bytesScanned="600180" reasonForTermination="Completed all work in GC phase" />
</concurrent-end>

<exclusive-start id="274" timestamp="2019-08-09T08:13:47.515" intervalms="249.643">
  <response-info timems="0.016" idlems="0.016" threads="0" lastid="000000000212BF00" lastname="main" />
</exclusive-start>
<allocation-taxation id="275" taxation-threshold="8388608" timestamp="2019-08-09T08:13:47.515" intervalms="249.630" />
<cycle-start id="276" type="partial gc" contextid="0" timestamp="2019-08-09T08:13:47.515" intervalms="2048.287" />
<gc-start id="277" type="partial gc" contextid="276" timestamp="2019-08-09T08:13:47.515">
  <mem-info id="278" free="0" total="44040192" percent="0">
    <mem type="eden" free="0" total="16777216" percent="0" />
    <remembered-set count="8352" freebytes="1727232" totalbytes="1760640" percent="98" regionsoverflowed="0" regionsstable="0" regionsrebuilding="0"/>
  </mem-info>
</gc-start>
<allocation-stats totalBytes="16578848" >
  <allocated-bytes non-tlh="604512" tlh="15974336" arrayletleaf="0"/>
  <largest-consumer threadName="main" threadId="000000000212BF00" bytes="8212144" />
</allocation-stats>
<gc-op id="279" type="mark" timems="7.088" contextid="276" timestamp="2019-08-09T08:13:47.523">
  <trace-info objectcount="22317" scancount="22077" scanbytes="653752" />
  <cardclean-info objects="2337" bytes="137252" />
  <remembered-set-cleared processed="3325" cleared="494" durationms="0.103" />
  <finalization candidates="1" enqueued="1" />
  <references type="soft" candidates="4" cleared="0" enqueued="0" dynamicThreshold="6" maxThreshold="32" />
  <references type="weak" candidates="32" cleared="32" enqueued="32" />
  <references type="phantom" candidates="41" cleared="12" enqueued="12" />
  <stringconstants candidates="3882" cleared="0"  />
  <warning details="Mark invoked due to insufficient free space for Copy-Forward" />
</gc-op>
<gc-op id="280" type="classunload" timems="0.002" contextid="276" timestamp="2019-08-09T08:13:47.523">
  <classunload-info classloadercandidates="7" classloadersunloaded="0" classesunloaded="0" anonymousclassesunloaded="0" quiescems="0.000" setupms="0.002" scanms="0.000" postms="0.000" />
</gc-op>
<gc-op id="281" type="sweep" timems="1.569" contextid="276" timestamp="2019-08-09T08:13:47.524" />
<gc-op id="282" type="compact" timems="6.491" contextid="276" timestamp="2019-08-09T08:13:47.531">
  <compact-info movecount="19225" movebytes="1253392" />
  <remembered-set-cleared processed="7070" cleared="1345" durationms="0.106" />
</gc-op>
<heap-resize id="283" type="expand" space="default" amount="2097152" count="1" timems="0.073" reason="insufficient free space following gc" timestamp="2019-08-09T08:13:47.531" />
<gc-end id="284" type="partial gc" contextid="276" durationms="16.343" usertimems="5.837" systemtimems="27.866" timestamp="2019-08-09T08:13:47.531" activeThreads="16">
  <mem-info id="285" free="16777216" total="46137344" percent="36">
    <mem type="eden" free="1177840" total="2097152" percent="56" />
    <pending-finalizers system="1" default="0" reference="44" classloader="0" />
    <remembered-set count="8512" freebytes="1810432" totalbytes="1844480" percent="98" regionsoverflowed="0" regionsstable="0" regionsrebuilding="0"/>
  </mem-info>
</gc-end>
<cycle-end id="286" type="partial gc" contextid="276" timestamp="2019-08-09T08:13:47.531" />
  <attribute name="elasticGC enabled" value="1" />
  <attribute name= "numThreadsSpecified" value="16" />
  <attribute name="heapSize specified" value="0" />
  <attribute name="Current GC Util" value="150" />
  <attribute name= "Current Time Running" value="62612" />
  <attribute name ="GC Interval" value="0" />
  <attribute name="Target GC Util Change" value ="80.000000" />
  <attribute name="Current GC Util Change" value="150.000000"/>
  <attribute name="Current Error" value="-167.000000" />
  <attribute name="Output H" value="44077936"/>
  <attribute name="Output I" value="1904"/>
  <attribute name="Output T" value="16"/>
  <attribute name= "Current Time Running" value="62612" />
  <attribute name="GC Util currently" value="150" />
  <attribute name="CPU Util currently" value="680818278536" />
<exclusive-end id="287" timestamp="2019-08-09T08:13:47.532" durationms="17.179" />

WARNING: An illegal reflective access operation has occurred
WARNING: Illegal reflective access by com.google.common.base.internal.Finalizer (file:/./scratch/jar/guava-r07.jar) to field java.lang.Thread.inheritableThreadLocals
WARNING: Please consider reporting this to the maintainers of com.google.common.base.internal.Finalizer
WARNING: Use --illegal-access=warn to enable warnings of further illegal reflective access operations
WARNING: All illegal access operations will be denied in a future release
<exclusive-start id="288" timestamp="2019-08-09T08:13:48.838" intervalms="1323.702">
  <response-info timems="0.017" idlems="0.017" threads="0" lastid="000000000212BF00" lastname="main" />
</exclusive-start>
<allocation-taxation id="289" taxation-threshold="8388608" timestamp="2019-08-09T08:13:48.838" intervalms="1323.704" />
<gc-start id="290" type="global mark phase" contextid="265" timestamp="2019-08-09T08:13:48.838">
  <mem-info id="291" free="8388608" total="46137344" percent="18">
    <remembered-set count="8512" freebytes="1810432" totalbytes="1844480" percent="98" regionsoverflowed="0" regionsstable="0" regionsrebuilding="0"/>
  </mem-info>
</gc-start>
<gc-op id="292" type="mark increment" timems="8.820" contextid="265" timestamp="2019-08-09T08:13:48.847">
  <trace-info objectcount="21813" scancount="17525" scanbytes="582424" />
  <cardclean-info objects="1101" bytes="49180" />
  <finalization candidates="63" enqueued="1" />
  <ownableSynchronizers candidates="17" cleared="0" />
  <references type="soft" candidates="554" cleared="0" enqueued="0" dynamicThreshold="11" maxThreshold="32" />
  <references type="weak" candidates="1743" cleared="501" enqueued="379" />
  <references type="phantom" candidates="99" cleared="7" enqueued="7" />
  <stringconstants candidates="6138" cleared="0"  />
</gc-op>
<gc-op id="293" type="classunload" timems="0.004" contextid="265" timestamp="2019-08-09T08:13:48.847">
  <classunload-info classloadercandidates="11" classloadersunloaded="0" classesunloaded="0" anonymousclassesunloaded="0" quiescems="0.000" setupms="0.004" scanms="0.000" postms="0.000" />
</gc-op>
<gc-end id="294" type="global mark phase" contextid="265" durationms="8.940" usertimems="19.263" systemtimems="0.000" timestamp="2019-08-09T08:13:48.847" activeThreads="16">
  <mem-info id="295" free="8388608" total="46137344" percent="18">
    <pending-finalizers system="1" default="0" reference="386" classloader="0" />
    <remembered-set count="8512" freebytes="1810432" totalbytes="1844480" percent="98" regionsoverflowed="0" regionsstable="0" regionsrebuilding="0"/>
  </mem-info>
</gc-end>
<cycle-end id="296" type="global mark phase" contextid="265" timestamp="2019-08-09T08:13:48.847" />
  <attribute name="elasticGC enabled" value="1" />
  <attribute name= "numThreadsSpecified" value="16" />
  <attribute name="heapSize specified" value="0" />
  <attribute name="Current GC Util" value="140" />
  <attribute name= "Current Time Running" value="63929" />
  <attribute name ="GC Interval" value="0" />
  <attribute name="Target GC Util Change" value ="80.000000" />
  <attribute name="Current GC Util Change" value="140.000000"/>
  <attribute name="Current Error" value="-235.000000" />
  <attribute name="Output H" value="46175056"/>
  <attribute name="Output I" value="1872"/>
  <attribute name="Output T" value="16"/>
  <attribute name= "Current Time Running" value="63929" />
  <attribute name="GC Util currently" value="140" />
  <attribute name="CPU Util currently" value="600996743226" />
<exclusive-end id="297" timestamp="2019-08-09T08:13:48.848" durationms="9.314" />

<exclusive-start id="298" timestamp="2019-08-09T08:13:49.044" intervalms="205.880">
  <response-info timems="0.040" idlems="0.040" threads="0" lastid="000000000212BF00" lastname="main" />
</exclusive-start>
<allocation-taxation id="299" taxation-threshold="8388608" timestamp="2019-08-09T08:13:49.044" intervalms="205.880" />
<cycle-start id="300" type="partial gc" contextid="0" timestamp="2019-08-09T08:13:49.044" intervalms="1529.554" />
<gc-start id="301" type="partial gc" contextid="300" timestamp="2019-08-09T08:13:49.044">
  <mem-info id="302" free="0" total="46137344" percent="0">
    <mem type="eden" free="0" total="16777216" percent="0" />
    <remembered-set count="8512" freebytes="1810432" totalbytes="1844480" percent="98" regionsoverflowed="0" regionsstable="0" regionsrebuilding="0"/>
  </mem-info>
</gc-start>
<allocation-stats totalBytes="16762128" >
  <allocated-bytes non-tlh="718704" tlh="16043424" arrayletleaf="0"/>
  <largest-consumer threadName="main" threadId="000000000212BF00" bytes="8307632" />
</allocation-stats>
<gc-op id="303" type="sweep" timems="2.252" contextid="300" timestamp="2019-08-09T08:13:49.047" />
<gc-op id="304" type="copy forward" timems="12.943" contextid="300" timestamp="2019-08-09T08:13:49.061">
  <memory-copied type="eden" objects="16223" bytes="1000008" bytesdiscarded="65591" />
  <memory-copied type="other" objects="20650" bytes="1380984" bytesdiscarded="197833" />
  <memory-cardclean objects="1124" bytes="55744" />
  <regions eden="4" other="5" />
  <remembered-set-cleared processed="3368" cleared="1450" durationms="0.072" />
  <finalization candidates="67" enqueued="0" />
  <ownableSynchronizers candidates="21" cleared="0" />
  <references type="soft" candidates="889" cleared="0" enqueued="0" dynamicThreshold="5" maxThreshold="32" />
  <references type="weak" candidates="3261" cleared="0" enqueued="0" />
  <references type="phantom" candidates="43" cleared="0" enqueued="0" />
  <stringconstants candidates="7575" cleared="0"  />
</gc-op>
<gc-op id="305" type="classunload" timems="0.005" contextid="300" timestamp="2019-08-09T08:13:49.061">
  <classunload-info classloadercandidates="12" classloadersunloaded="0" classesunloaded="0" anonymousclassesunloaded="0" quiescems="0.000" setupms="0.004" scanms="0.000" postms="0.000" />
</gc-op>
<gc-end id="306" type="partial gc" contextid="300" durationms="16.435" usertimems="45.072" systemtimems="0.000" timestamp="2019-08-09T08:13:49.061" activeThreads="16">
  <mem-info id="307" free="31457280" total="46137344" percent="68">
    <mem type="eden" free="216112" total="2097152" percent="10" />
    <remembered-set count="9344" freebytes="1807104" totalbytes="1844480" percent="97" regionsoverflowed="0" regionsstable="0" regionsrebuilding="0"/>
  </mem-info>
</gc-end>
<cycle-end id="308" type="partial gc" contextid="300" timestamp="2019-08-09T08:13:49.061" />
  <attribute name="elasticGC enabled" value="1" />
  <attribute name= "numThreadsSpecified" value="16" />
  <attribute name="heapSize specified" value="0" />
  <attribute name="Current GC Util" value="129" />
  <attribute name= "Current Time Running" value="64135" />
  <attribute name ="GC Interval" value="0" />
  <attribute name="Target GC Util Change" value ="80.000000" />
  <attribute name="Current GC Util Change" value="129.000000"/>
  <attribute name="Current Error" value="-163.000000" />
  <attribute name="Output H" value="46175096"/>
  <attribute name="Output I" value="1912"/>
  <attribute name="Output T" value="16"/>
  <attribute name= "Current Time Running" value="64135" />
  <attribute name="GC Util currently" value="129" />
  <attribute name="CPU Util currently" value="1803801698545" />
<exclusive-end id="309" timestamp="2019-08-09T08:13:49.061" durationms="16.982" />

<exclusive-start id="310" timestamp="2019-08-09T08:13:49.377" intervalms="332.836">
  <response-info timems="0.051" idlems="0.051" threads="0" lastid="000000000212BF00" lastname="main" />
</exclusive-start>
<allocation-taxation id="311" taxation-threshold="18874368" timestamp="2019-08-09T08:13:49.377" intervalms="332.836" />
<cycle-start id="312" type="partial gc" contextid="0" timestamp="2019-08-09T08:13:49.377" intervalms="332.830" />
<gc-start id="313" type="partial gc" contextid="312" timestamp="2019-08-09T08:13:49.377">
  <mem-info id="314" free="12582912" total="46137344" percent="27">
    <mem type="eden" free="0" total="18874368" percent="0" />
    <remembered-set count="9184" freebytes="1807744" totalbytes="1844480" percent="98" regionsoverflowed="0" regionsstable="0" regionsrebuilding="0"/>
  </mem-info>
</gc-start>
<allocation-stats totalBytes="18861464" >
  <allocated-bytes non-tlh="1400760" tlh="17460704" arrayletleaf="0"/>
  <largest-consumer threadName="main" threadId="000000000212BF00" bytes="18861464" />
</allocation-stats>
<gc-op id="315" type="copy forward" timems="13.487" contextid="312" timestamp="2019-08-09T08:13:49.392">
  <memory-copied type="eden" objects="21614" bytes="1167864" bytesdiscarded="1243232" />
  <memory-copied type="other" objects="35812" bytes="1724544" bytesdiscarded="213256" />
  <memory-cardclean objects="430" bytes="25200" />
  <regions eden="9" other="1" />
  <remembered-set-cleared processed="4444" cleared="2459" durationms="0.336" />
  <finalization candidates="67" enqueued="0" />
  <ownableSynchronizers candidates="21" cleared="0" />
  <references type="soft" candidates="958" cleared="0" enqueued="0" dynamicThreshold="21" maxThreshold="32" />
  <references type="weak" candidates="4112" cleared="0" enqueued="0" />
  <references type="phantom" candidates="19" cleared="0" enqueued="0" />
  <stringconstants candidates="9040" cleared="0"  />
</gc-op>
<gc-op id="316" type="classunload" timems="0.005" contextid="312" timestamp="2019-08-09T08:13:49.392">
  <classunload-info classloadercandidates="12" classloadersunloaded="0" classesunloaded="0" anonymousclassesunloaded="0" quiescems="0.000" setupms="0.005" scanms="0.000" postms="0.000" />
</gc-op>
<gc-op id="317" type="compact" timems="7.439" contextid="312" timestamp="2019-08-09T08:13:49.399">
  <compact-info movecount="4322" movebytes="236632" />
  <remembered-set-cleared processed="9344" cleared="2916" durationms="0.776" />
</gc-op>
<heap-resize id="318" type="contract" space="default" amount="4194304" count="1" timems="0.215" reason="insufficient time being spent in gc" timestamp="2019-08-09T08:13:49.400" />
<gc-end id="319" type="partial gc" contextid="312" durationms="22.570" usertimems="58.507" systemtimems="0.000" timestamp="2019-08-09T08:13:49.400" activeThreads="16">
  <mem-info id="320" free="25165824" total="41943040" percent="60">
    <mem type="eden" free="1782240" total="4194304" percent="42" />
    <remembered-set count="9504" freebytes="1806464" totalbytes="1844480" percent="97" regionsoverflowed="0" regionsstable="0" regionsrebuilding="0"/>
  </mem-info>
</gc-end>
<cycle-end id="321" type="partial gc" contextid="312" timestamp="2019-08-09T08:13:49.400" />
  <attribute name="elasticGC enabled" value="1" />
  <attribute name= "numThreadsSpecified" value="16" />
  <attribute name="heapSize specified" value="0" />
  <attribute name="Current GC Util" value="246" />
  <attribute name= "Current Time Running" value="64479" />
  <attribute name ="GC Interval" value="0" />
  <attribute name="Target GC Util Change" value ="80.000000" />
  <attribute name="Current GC Util Change" value="246.000000"/>
  <attribute name="Current Error" value="-381.000000" />
  <attribute name="Output H" value="46174968"/>
  <attribute name="Output I" value="1784"/>
  <attribute name="Output T" value="16"/>
  <attribute name= "Current Time Running" value="64479" />
  <attribute name="GC Util currently" value="246" />
  <attribute name="CPU Util currently" value="82905105012" />
<exclusive-end id="322" timestamp="2019-08-09T08:13:49.400" durationms="23.049" />

<exclusive-start id="323" timestamp="2019-08-09T08:13:49.639" intervalms="261.747">
  <response-info timems="0.021" idlems="0.021" threads="0" lastid="000000000212BF00" lastname="main" />
</exclusive-start>
<allocation-taxation id="324" taxation-threshold="16777216" timestamp="2019-08-09T08:13:49.639" intervalms="261.756" />
<cycle-start id="325" type="partial gc" contextid="0" timestamp="2019-08-09T08:13:49.639" intervalms="261.804" />
<gc-start id="326" type="partial gc" contextid="325" timestamp="2019-08-09T08:13:49.639">
  <mem-info id="327" free="8388608" total="41943040" percent="20">
    <mem type="eden" free="0" total="16777216" percent="0" />
    <remembered-set count="9504" freebytes="1806464" totalbytes="1844480" percent="97" regionsoverflowed="0" regionsstable="0" regionsrebuilding="0"/>
  </mem-info>
</gc-start>
<allocation-stats totalBytes="16754928" >
  <allocated-bytes non-tlh="285808" tlh="16469120" arrayletleaf="0"/>
  <largest-consumer threadName="main" threadId="000000000212BF00" bytes="16754928" />
</allocation-stats>
<gc-op id="328" type="copy forward" timems="13.927" contextid="325" timestamp="2019-08-09T08:13:49.654">
  <memory-copied type="eden" objects="7378" bytes="328888" bytesdiscarded="63600" />
  <memory-copied type="other" objects="9705" bytes="651320" bytesdiscarded="98648" />
  <memory-cardclean objects="4980" bytes="245848" />
  <regions eden="8" other="2" />
  <remembered-set-cleared processed="3206" cleared="1210" durationms="0.078" />
  <references type="soft" candidates="368" cleared="0" enqueued="0" dynamicThreshold="19" maxThreshold="32" />
  <references type="weak" candidates="1459" cleared="0" enqueued="0" />
  <references type="phantom" candidates="5" cleared="0" enqueued="0" />
  <stringconstants candidates="9700" cleared="0"  />
</gc-op>
<gc-op id="329" type="classunload" timems="0.006" contextid="325" timestamp="2019-08-09T08:13:49.654">
  <classunload-info classloadercandidates="15" classloadersunloaded="0" classesunloaded="0" anonymousclassesunloaded="0" quiescems="0.000" setupms="0.006" scanms="0.000" postms="0.000" />
</gc-op>
<gc-end id="330" type="partial gc" contextid="325" durationms="15.158" usertimems="41.300" systemtimems="0.000" timestamp="2019-08-09T08:13:49.654" activeThreads="16">
  <mem-info id="331" free="25165824" total="41943040" percent="60">
    <mem type="eden" free="1704280" total="2097152" percent="81" />
    <remembered-set count="11584" freebytes="1630464" totalbytes="1676800" percent="97" regionsoverflowed="0" regionsstable="0" regionsrebuilding="0"/>
  </mem-info>
</gc-end>
<cycle-end id="332" type="partial gc" contextid="325" timestamp="2019-08-09T08:13:49.654" />
  <attribute name="elasticGC enabled" value="1" />
  <attribute name= "numThreadsSpecified" value="16" />
  <attribute name="heapSize specified" value="0" />
  <attribute name="Current GC Util" value="196" />
  <attribute name= "Current Time Running" value="64727" />
  <attribute name ="GC Interval" value="0" />
  <attribute name="Target GC Util Change" value ="80.000000" />
  <attribute name="Current GC Util Change" value="196.000000"/>
  <attribute name="Current Error" value="-116.000000" />
  <attribute name="Output H" value="41980816"/>
  <attribute name="Output I" value="1936"/>
  <attribute name="Output T" value="16"/>
  <attribute name= "Current Time Running" value="64727" />
  <attribute name="GC Util currently" value="196" />
  <attribute name="CPU Util currently" value="1369260561567" />
<exclusive-end id="333" timestamp="2019-08-09T08:13:49.654" durationms="15.765" />

<exclusive-start id="334" timestamp="2019-08-09T08:13:49.714" intervalms="75.038">
  <response-info timems="0.018" idlems="0.018" threads="0" lastid="000000000212BF00" lastname="main" />
</exclusive-start>
<allocation-taxation id="335" taxation-threshold="8388608" timestamp="2019-08-09T08:13:49.714" intervalms="75.033" />
<cycle-start id="336" type="global mark phase" contextid="0" timestamp="2019-08-09T08:13:49.714" intervalms="2448.849" />
<gc-start id="337" type="global mark phase" contextid="336" timestamp="2019-08-09T08:13:49.714">
  <mem-info id="338" free="16777216" total="41943040" percent="40">
    <remembered-set count="11168" freebytes="1632128" totalbytes="1676800" percent="97" regionsoverflowed="0" regionsstable="0" regionsrebuilding="0"/>
  </mem-info>
</gc-start>
<gc-op id="339" type="mark increment" timems="2.834" contextid="336" timestamp="2019-08-09T08:13:49.717">
  <trace-info objectcount="175" scancount="0" scanbytes="0" />
</gc-op>
<gc-end id="340" type="global mark phase" contextid="336" durationms="2.883" usertimems="8.481" systemtimems="0.000" timestamp="2019-08-09T08:13:49.717" activeThreads="16">
  <mem-info id="341" free="16777216" total="41943040" percent="40">
    <remembered-set count="11168" freebytes="1632128" totalbytes="1676800" percent="97" regionsoverflowed="0" regionsstable="0" regionsrebuilding="0"/>
  </mem-info>
</gc-end>
<concurrent-start id="342" type="GMP work packet processing" contextid="336" timestamp="2019-08-09T08:13:49.717">
  <concurrent-mark-start scanTarget="10521369" />
</concurrent-start>
<exclusive-end id="343" timestamp="2019-08-09T08:13:49.717" durationms="3.182" />

<concurrent-end id="344" type="GMP work packet processing" contextid="336" timestamp="2019-08-09T08:13:49.721">
  <concurrent-mark-end bytesScanned="2227872" reasonForTermination="Completed all work in GC phase" />
</concurrent-end>

<exclusive-start id="345" timestamp="2019-08-09T08:13:49.783" intervalms="68.927">
  <response-info timems="0.042" idlems="0.042" threads="0" lastid="000000000212BF00" lastname="main" />
</exclusive-start>
<sys-start reason="explicit" id="346" timestamp="2019-08-09T08:13:49.783" intervalms="64713.205" />
<cycle-continue id="347" oldtype="global mark phase" newtype="global garbage collect" contextid="336" timestamp="2019-08-09T08:13:49.783" />
  <attribute name="elasticGC enabled" value="1" />
  <attribute name= "numThreadsSpecified" value="16" />
  <attribute name="heapSize specified" value="0" />
  <attribute name="Current GC Util" value="329" />
  <attribute name= "Current Time Running" value="64804" />
  <attribute name ="GC Interval" value="0" />
  <attribute name="Target GC Util Change" value ="80.000000" />
  <attribute name="Current GC Util Change" value="329.000000"/>
  <attribute name="Current Error" value="-503.000000" />
  <attribute name="Output H" value="41980592"/>
  <attribute name="Output I" value="1712"/>
  <attribute name="Output T" value="16"/>
  <attribute name= "Current Time Running" value="64804" />
  <attribute name="GC Util currently" value="329" />
  <attribute name="CPU Util currently" value="790385773172" />
<gc-start id="348" type="global garbage collect" contextid="336" timestamp="2019-08-09T08:13:49.783">
  <mem-info id="349" free="13017584" total="41943040" percent="31">
    <mem type="eden" free="434672" total="12582912" percent="3" />
    <remembered-set count="11168" freebytes="1632128" totalbytes="1676800" percent="97" regionsoverflowed="0" regionsstable="0" regionsrebuilding="0"/>
  </mem-info>
</gc-start>
<allocation-stats totalBytes="12146384" >
  <allocated-bytes non-tlh="699248" tlh="11447136" arrayletleaf="0"/>
  <largest-consumer threadName="main" threadId="000000000212BF00" bytes="3758800" />
</allocation-stats>
<gc-op id="350" type="global mark" timems="12.992" contextid="336" timestamp="2019-08-09T08:13:49.796">
  <trace-info objectcount="5939" scancount="5379" scanbytes="187280" />
  <cardclean-info objects="4831" bytes="243588" />
  <finalization candidates="80" enqueued="0" />
  <ownableSynchronizers candidates="21" cleared="0" />
  <references type="soft" candidates="1644" cleared="0" enqueued="0" dynamicThreshold="12" maxThreshold="32" />
  <references type="weak" candidates="5027" cleared="521" enqueued="370" />
  <references type="phantom" candidates="102" cleared="4" enqueued="4" />
  <stringconstants candidates="10077" cleared="15"  />
</gc-op>
<gc-op id="351" type="classunload" timems="0.436" contextid="336" timestamp="2019-08-09T08:13:49.797">
  <classunload-info classloadercandidates="18" classloadersunloaded="1" classesunloaded="1" anonymousclassesunloaded="0" quiescems="0.000" setupms="0.422" scanms="0.009" postms="0.005" />
</gc-op>
<gc-op id="352" type="sweep" timems="3.416" contextid="336" timestamp="2019-08-09T08:13:49.800" />
<gc-op id="353" type="compact" timems="9.930" contextid="336" timestamp="2019-08-09T08:13:49.810">
  <compact-info movecount="82066" movebytes="4801608" />
  <remembered-set-cleared processed="10247" cleared="10247" durationms="0.232" />
</gc-op>
<gc-end id="354" type="global garbage collect" contextid="336" durationms="27.329" usertimems="60.908" systemtimems="1.302" timestamp="2019-08-09T08:13:49.810" activeThreads="16">
  <mem-info id="355" free="23068672" total="41943040" percent="55">
    <pending-finalizers system="0" default="0" reference="374" classloader="0" />
    <remembered-set count="10240" freebytes="1635840" totalbytes="1676800" percent="97" regionsoverflowed="0" regionsstable="0" regionsrebuilding="0"/>
  </mem-info>
</gc-end>
<cycle-end id="356" type="global garbage collect" contextid="336" timestamp="2019-08-09T08:13:49.810" />
  <attribute name="elasticGC enabled" value="1" />
  <attribute name= "numThreadsSpecified" value="16" />
  <attribute name="heapSize specified" value="0" />
  <attribute name="Current GC Util" value="106" />
  <attribute name= "Current Time Running" value="64887" />
  <attribute name ="GC Interval" value="0" />
  <attribute name="Target GC Util Change" value ="80.000000" />
  <attribute name="Current GC Util Change" value="106.000000"/>
  <attribute name="Current Error" value="-168.000000" />
  <attribute name="Output H" value="41980784"/>
  <attribute name="Output I" value="1904"/>
  <attribute name="Output T" value="16"/>
  <attribute name= "Current Time Running" value="64887" />
  <attribute name="GC Util currently" value="106" />
  <attribute name="CPU Util currently" value="326239199159" />
<sys-end id="357" timestamp="2019-08-09T08:13:49.811" />
<exclusive-end id="358" timestamp="2019-08-09T08:13:49.811" durationms="27.922" />

===== DaCapo 9.12-MR1 jython starting =====
<exclusive-start id="359" timestamp="2019-08-09T08:13:49.936" intervalms="153.499">
  <response-info timems="0.020" idlems="0.020" threads="0" lastid="000000000212BF00" lastname="main" />
</exclusive-start>
<allocation-taxation id="360" taxation-threshold="16777216" timestamp="2019-08-09T08:13:49.936" intervalms="222.419" />
<cycle-start id="361" type="partial gc" contextid="0" timestamp="2019-08-09T08:13:49.936" intervalms="297.434" />
<gc-start id="362" type="partial gc" contextid="361" timestamp="2019-08-09T08:13:49.937">
  <mem-info id="363" free="6291456" total="41943040" percent="15">
    <mem type="eden" free="0" total="16777216" percent="0" />
    <remembered-set count="10240" freebytes="1635840" totalbytes="1676800" percent="97" regionsoverflowed="0" regionsstable="0" regionsrebuilding="0"/>
  </mem-info>
</gc-start>
<allocation-stats totalBytes="16738400" >
  <allocated-bytes non-tlh="668840" tlh="16069560" arrayletleaf="0"/>
  <largest-consumer threadName="main" threadId="000000000212BF00" bytes="16722416" />
</allocation-stats>
<gc-op id="364" type="copy forward" timems="10.162" contextid="361" timestamp="2019-08-09T08:13:49.948">
  <memory-copied type="eden" objects="12743" bytes="797592" bytesdiscarded="84856" />
  <memory-copied type="other" objects="0" bytes="0" bytesdiscarded="0" />
  <memory-cardclean objects="1335" bytes="71256" />
  <regions eden="8" other="0" />
  <remembered-set-cleared processed="5853" cleared="264" durationms="0.250" />
  <references type="soft" candidates="59" cleared="0" enqueued="0" dynamicThreshold="17" maxThreshold="32" />
  <references type="weak" candidates="171" cleared="0" enqueued="0" />
  <references type="phantom" candidates="5" cleared="0" enqueued="0" />
  <stringconstants candidates="12276" cleared="0"  />
</gc-op>
<gc-op id="365" type="classunload" timems="0.006" contextid="361" timestamp="2019-08-09T08:13:49.948">
  <classunload-info classloadercandidates="18" classloadersunloaded="0" classesunloaded="0" anonymousclassesunloaded="0" quiescems="0.000" setupms="0.006" scanms="0.000" postms="0.000" />
</gc-op>
<gc-end id="366" type="partial gc" contextid="361" durationms="11.239" usertimems="30.151" systemtimems="0.000" timestamp="2019-08-09T08:13:49.948" activeThreads="16">
  <mem-info id="367" free="20971520" total="41943040" percent="50">
    <mem type="eden" free="1214384" total="2097152" percent="57" />
    <remembered-set count="11776" freebytes="1629696" totalbytes="1676800" percent="97" regionsoverflowed="0" regionsstable="0" regionsrebuilding="0"/>
  </mem-info>
</gc-end>
<cycle-end id="368" type="partial gc" contextid="361" timestamp="2019-08-09T08:13:49.948" />
  <attribute name="elasticGC enabled" value="1" />
  <attribute name= "numThreadsSpecified" value="16" />
  <attribute name="heapSize specified" value="0" />
  <attribute name="Current GC Util" value="132" />
  <attribute name= "Current Time Running" value="65025" />
  <attribute name ="GC Interval" value="0" />
  <attribute name="Target GC Util Change" value ="80.000000" />
  <attribute name="Current GC Util Change" value="132.000000"/>
  <attribute name="Current Error" value="-160.000000" />
  <attribute name="Output H" value="41980792"/>
  <attribute name="Output I" value="1912"/>
  <attribute name="Output T" value="16"/>
  <attribute name= "Current Time Running" value="65025" />
  <attribute name="GC Util currently" value="132" />
  <attribute name="CPU Util currently" value="1811895044233" />
<exclusive-end id="369" timestamp="2019-08-09T08:13:49.948" durationms="11.894" />

<exclusive-start id="370" timestamp="2019-08-09T08:13:50.049" intervalms="113.234">
  <response-info timems="0.079" idlems="0.079" threads="0" lastid="000000000212BF00" lastname="main" />
</exclusive-start>
<allocation-taxation id="371" taxation-threshold="16777216" timestamp="2019-08-09T08:13:50.049" intervalms="113.245" />
<cycle-start id="372" type="partial gc" contextid="0" timestamp="2019-08-09T08:13:50.050" intervalms="113.349" />
<gc-start id="373" type="partial gc" contextid="372" timestamp="2019-08-09T08:13:50.051">
  <mem-info id="374" free="4194304" total="41943040" percent="10">
    <mem type="eden" free="0" total="16777216" percent="0" />
    <remembered-set count="10048" freebytes="1636608" totalbytes="1676800" percent="97" regionsoverflowed="0" regionsstable="1" regionsrebuilding="0"/>
  </mem-info>
</gc-start>
<allocation-stats totalBytes="16774504" >
  <allocated-bytes non-tlh="702888" tlh="16071616" arrayletleaf="0"/>
  <largest-consumer threadName="main" threadId="000000000212BF00" bytes="16774504" />
</allocation-stats>
<gc-op id="375" type="copy forward" timems="17.822" contextid="372" timestamp="2019-08-09T08:13:50.070">
  <memory-copied type="eden" objects="9395" bytes="775536" bytesdiscarded="74320" />
  <memory-copied type="other" objects="12700" bytes="759952" bytesdiscarded="87568" />
  <memory-cardclean objects="739" bytes="49856" />
  <regions eden="8" other="1" />
  <remembered-set-cleared processed="4971" cleared="589" durationms="0.159" />
  <references type="soft" candidates="92" cleared="0" enqueued="0" dynamicThreshold="16" maxThreshold="32" />
  <references type="weak" candidates="199" cleared="0" enqueued="0" />
  <references type="phantom" candidates="5" cleared="0" enqueued="0" />
  <stringconstants candidates="12447" cleared="0"  />
</gc-op>
<gc-op id="376" type="classunload" timems="0.010" contextid="372" timestamp="2019-08-09T08:13:50.070">
  <classunload-info classloadercandidates="20" classloadersunloaded="0" classesunloaded="0" anonymousclassesunloaded="0" quiescems="0.000" setupms="0.010" scanms="0.000" postms="0.000" />
</gc-op>
<gc-end id="377" type="partial gc" contextid="372" durationms="19.417" usertimems="33.945" systemtimems="18.143" timestamp="2019-08-09T08:13:50.070" activeThreads="16">
  <mem-info id="378" free="18874368" total="41943040" percent="45">
    <mem type="eden" free="1247184" total="2097152" percent="59" />
    <remembered-set count="13088" freebytes="1624448" totalbytes="1676800" percent="96" regionsoverflowed="0" regionsstable="1" regionsrebuilding="0"/>
  </mem-info>
</gc-end>
<cycle-end id="379" type="partial gc" contextid="372" timestamp="2019-08-09T08:13:50.070" />
  <attribute name="elasticGC enabled" value="1" />
  <attribute name= "numThreadsSpecified" value="16" />
  <attribute name="heapSize specified" value="0" />
  <attribute name="Current GC Util" value="105" />
  <attribute name= "Current Time Running" value="65139" />
  <attribute name ="GC Interval" value="0" />
  <attribute name="Target GC Util Change" value ="80.000000" />
  <attribute name="Current GC Util Change" value="105.000000"/>
  <attribute name="Current Error" value="-25.000000" />
  <attribute name="Output H" value="41980872"/>
  <attribute name="Output I" value="1992"/>
  <attribute name="Output T" value="16"/>
  <attribute name= "Current Time Running" value="65139" />
  <attribute name="GC Util currently" value="105" />
  <attribute name="CPU Util currently" value="1002390511783" />
<exclusive-end id="380" timestamp="2019-08-09T08:13:50.070" durationms="20.819" />

<exclusive-start id="381" timestamp="2019-08-09T08:13:50.100" intervalms="50.587">
  <response-info timems="0.034" idlems="0.034" threads="0" lastid="000000000212BF00" lastname="main" />
</exclusive-start>
<allocation-taxation id="382" taxation-threshold="8388608" timestamp="2019-08-09T08:13:50.100" intervalms="50.577" />
<cycle-start id="383" type="global mark phase" contextid="0" timestamp="2019-08-09T08:13:50.100" intervalms="386.217" />
<gc-start id="384" type="global mark phase" contextid="383" timestamp="2019-08-09T08:13:50.100">
  <mem-info id="385" free="10485760" total="41943040" percent="25">
    <remembered-set count="12800" freebytes="1625600" totalbytes="1676800" percent="96" regionsoverflowed="0" regionsstable="1" regionsrebuilding="0"/>
  </mem-info>
</gc-start>
<gc-op id="386" type="mark increment" timems="4.571" contextid="383" timestamp="2019-08-09T08:13:50.105">
  <trace-info objectcount="5524" scancount="777" scanbytes="54164" />
</gc-op>
<gc-end id="387" type="global mark phase" contextid="383" durationms="4.607" usertimems="8.195" systemtimems="1.440" timestamp="2019-08-09T08:13:50.105" activeThreads="16">
  <mem-info id="388" free="10485760" total="41943040" percent="25">
    <remembered-set count="13824" freebytes="1621504" totalbytes="1676800" percent="96" regionsoverflowed="0" regionsstable="0" regionsrebuilding="1"/>
  </mem-info>
</gc-end>
<concurrent-start id="389" type="GMP work packet processing" contextid="383" timestamp="2019-08-09T08:13:50.105">
  <concurrent-mark-start scanTarget="6472350" />
</concurrent-start>
<exclusive-end id="390" timestamp="2019-08-09T08:13:50.105" durationms="4.907" />

<concurrent-end id="391" type="GMP work packet processing" contextid="383" timestamp="2019-08-09T08:13:50.109">
  <concurrent-mark-end bytesScanned="2969536" reasonForTermination="Completed all work in GC phase" />
</concurrent-end>

<exclusive-start id="392" timestamp="2019-08-09T08:13:50.141" intervalms="41.381">
  <response-info timems="0.086" idlems="0.086" threads="0" lastid="000000000212BF00" lastname="main" />
</exclusive-start>
<allocation-taxation id="393" taxation-threshold="8388608" timestamp="2019-08-09T08:13:50.141" intervalms="41.385" />
<cycle-start id="394" type="partial gc" contextid="0" timestamp="2019-08-09T08:13:50.141" intervalms="91.829" />
<gc-start id="395" type="partial gc" contextid="394" timestamp="2019-08-09T08:13:50.142">
  <mem-info id="396" free="2097152" total="41943040" percent="5">
    <mem type="eden" free="0" total="16777216" percent="0" />
    <remembered-set count="16128" freebytes="1612288" totalbytes="1676800" percent="96" regionsoverflowed="0" regionsstable="0" regionsrebuilding="1"/>
  </mem-info>
</gc-start>
<allocation-stats totalBytes="16775368" >
  <allocated-bytes non-tlh="203768" tlh="16571600" arrayletleaf="0"/>
  <largest-consumer threadName="main" threadId="000000000212BF00" bytes="8387712" />
</allocation-stats>
<gc-op id="397" type="copy forward" timems="11.734" contextid="394" timestamp="2019-08-09T08:13:50.154">
  <memory-copied type="eden" objects="4071" bytes="420424" bytesdiscarded="67768" />
  <memory-copied type="other" objects="1277" bytes="70984" bytesdiscarded="28352" />
  <memory-cardclean objects="324" bytes="28760" />
  <regions eden="8" other="1" />
  <remembered-set-cleared processed="9765" cleared="968" durationms="0.106" />
  <references type="soft" candidates="43" cleared="0" enqueued="0" dynamicThreshold="8" maxThreshold="32" />
  <references type="weak" candidates="30" cleared="0" enqueued="0" />
  <references type="phantom" candidates="1" cleared="0" enqueued="0" />
  <stringconstants candidates="12511" cleared="0"  />
  <heap-resize type="expand" space="default" amount="2097152" count="1" timems="0.064" reason="continue current collection" />
</gc-op>
<gc-op id="398" type="classunload" timems="0.008" contextid="394" timestamp="2019-08-09T08:13:50.154">
  <classunload-info classloadercandidates="21" classloadersunloaded="0" classesunloaded="0" anonymousclassesunloaded="0" quiescems="0.000" setupms="0.008" scanms="0.000" postms="0.000" />
</gc-op>
<heap-resize id="399" type="expand" space="default" amount="8388608" count="1" timems="0.082" reason="excessive time being spent in gc" timestamp="2019-08-09T08:13:50.155" />
<gc-end id="400" type="partial gc" contextid="394" durationms="12.922" usertimems="9.911" systemtimems="22.705" timestamp="2019-08-09T08:13:50.155" activeThreads="16">
  <mem-info id="401" free="27262976" total="52428800" percent="52">
    <mem type="eden" free="1608888" total="2097152" percent="76" />
    <remembered-set count="16096" freebytes="2031616" totalbytes="2096000" percent="96" regionsoverflowed="0" regionsstable="0" regionsrebuilding="1"/>
  </mem-info>
</gc-end>
<cycle-end id="402" type="partial gc" contextid="394" timestamp="2019-08-09T08:13:50.155" />
  <attribute name="elasticGC enabled" value="1" />
  <attribute name= "numThreadsSpecified" value="16" />
  <attribute name="heapSize specified" value="0" />
  <attribute name="Current GC Util" value="181" />
  <attribute name= "Current Time Running" value="65230" />
  <attribute name ="GC Interval" value="0" />
  <attribute name="Target GC Util Change" value ="80.000000" />
  <attribute name="Current GC Util Change" value="181.000000"/>
  <attribute name="Current Error" value="-101.000000" />
  <attribute name="Output H" value="41980824"/>
  <attribute name="Output I" value="1944"/>
  <attribute name="Output T" value="16"/>
  <attribute name= "Current Time Running" value="65230" />
  <attribute name="GC Util currently" value="181" />
  <attribute name="CPU Util currently" value="1887071614192" />
<exclusive-end id="403" timestamp="2019-08-09T08:13:50.155" durationms="13.900" />

<exclusive-start id="404" timestamp="2019-08-09T08:13:50.200" intervalms="58.541">
  <response-info timems="0.015" idlems="0.015" threads="0" lastid="000000000212BF00" lastname="main" />
</exclusive-start>
<allocation-taxation id="405" taxation-threshold="10485760" timestamp="2019-08-09T08:13:50.200" intervalms="58.538" />
<gc-start id="406" type="global mark phase" contextid="383" timestamp="2019-08-09T08:13:50.200">
  <mem-info id="407" free="16777216" total="52428800" percent="32">
    <remembered-set count="15744" freebytes="2033024" totalbytes="2096000" percent="96" regionsoverflowed="0" regionsstable="0" regionsrebuilding="1"/>
  </mem-info>
</gc-start>
<gc-op id="408" type="mark increment" timems="8.015" contextid="383" timestamp="2019-08-09T08:13:50.208">
  <trace-info objectcount="19744" scancount="17884" scanbytes="798876" />
  <cardclean-info objects="598" bytes="39264" />
  <finalization candidates="80" enqueued="0" />
  <ownableSynchronizers candidates="21" cleared="0" />
  <references type="soft" candidates="1744" cleared="0" enqueued="0" dynamicThreshold="16" maxThreshold="32" />
  <references type="weak" candidates="4845" cleared="23" enqueued="20" />
  <references type="phantom" candidates="103" cleared="3" enqueued="3" />
  <stringconstants candidates="12697" cleared="1371"  />
</gc-op>
<gc-op id="409" type="classunload" timems="4.589" contextid="383" timestamp="2019-08-09T08:13:50.213">
  <classunload-info classloadercandidates="22" classloadersunloaded="1" classesunloaded="508" anonymousclassesunloaded="0" quiescems="0.000" setupms="1.506" scanms="3.069" postms="0.014" />
</gc-op>
<gc-end id="410" type="global mark phase" contextid="383" durationms="13.128" usertimems="20.632" systemtimems="3.430" timestamp="2019-08-09T08:13:50.213" activeThreads="16">
  <mem-info id="411" free="16777216" total="52428800" percent="32">
    <pending-finalizers system="0" default="0" reference="23" classloader="0" />
    <remembered-set count="17792" freebytes="2024832" totalbytes="2096000" percent="96" regionsoverflowed="0" regionsstable="0" regionsrebuilding="0"/>
  </mem-info>
</gc-end>
<cycle-end id="412" type="global mark phase" contextid="383" timestamp="2019-08-09T08:13:50.214" />
  <attribute name="elasticGC enabled" value="1" />
  <attribute name= "numThreadsSpecified" value="16" />
  <attribute name="heapSize specified" value="0" />
  <attribute name="Current GC Util" value="181" />
  <attribute name= "Current Time Running" value="65290" />
  <attribute name ="GC Interval" value="0" />
  <attribute name="Target GC Util Change" value ="80.000000" />
  <attribute name="Current GC Util Change" value="181.000000"/>
  <attribute name="Current Error" value="-340.000000" />
  <attribute name="Output H" value="52466448"/>
  <attribute name="Output I" value="1808"/>
  <attribute name="Output T" value="16"/>
  <attribute name= "Current Time Running" value="65290" />
  <attribute name="GC Util currently" value="181" />
  <attribute name="CPU Util currently" value="658817555699" />
<exclusive-end id="413" timestamp="2019-08-09T08:13:50.214" durationms="14.103" />

<exclusive-start id="414" timestamp="2019-08-09T08:13:50.246" intervalms="46.073">
  <response-info timems="0.018" idlems="0.018" threads="0" lastid="000000000212BF00" lastname="main" />
</exclusive-start>
<allocation-taxation id="415" taxation-threshold="10485760" timestamp="2019-08-09T08:13:50.246" intervalms="46.075" />
<cycle-start id="416" type="partial gc" contextid="0" timestamp="2019-08-09T08:13:50.246" intervalms="104.623" />
<gc-start id="417" type="partial gc" contextid="416" timestamp="2019-08-09T08:13:50.246">
  <mem-info id="418" free="6291456" total="52428800" percent="12">
    <mem type="eden" free="0" total="20971520" percent="0" />
    <remembered-set count="17472" freebytes="2026112" totalbytes="2096000" percent="96" regionsoverflowed="0" regionsstable="0" regionsrebuilding="0"/>
  </mem-info>
</gc-start>
<allocation-stats totalBytes="20969168" >
  <allocated-bytes non-tlh="344392" tlh="20624776" arrayletleaf="0"/>
  <largest-consumer threadName="main" threadId="000000000212BF00" bytes="10476392" />
</allocation-stats>
<gc-op id="419" type="sweep" timems="3.107" contextid="416" timestamp="2019-08-09T08:13:50.250" />
<gc-op id="420" type="copy forward" timems="9.509" contextid="416" timestamp="2019-08-09T08:13:50.260">
  <memory-copied type="eden" objects="16057" bytes="632360" bytesdiscarded="38266" />
  <memory-copied type="other" objects="11458" bytes="484920" bytesdiscarded="53862" />
  <memory-cardclean objects="481" bytes="35792" />
  <regions eden="5" other="6" />
  <remembered-set-cleared processed="10372" cleared="935" durationms="0.127" />
  <references type="soft" candidates="11" cleared="0" enqueued="0" dynamicThreshold="10" maxThreshold="32" />
  <references type="weak" candidates="207" cleared="0" enqueued="0" />
  <stringconstants candidates="11326" cleared="0"  />
</gc-op>
<gc-op id="421" type="classunload" timems="0.006" contextid="416" timestamp="2019-08-09T08:13:50.260">
  <classunload-info classloadercandidates="21" classloadersunloaded="0" classesunloaded="0" anonymousclassesunloaded="0" quiescems="0.000" setupms="0.006" scanms="0.000" postms="0.000" />
</gc-op>
<heap-resize id="422" type="expand" space="default" amount="10485760" count="1" timems="0.091" reason="excessive time being spent in gc" timestamp="2019-08-09T08:13:50.260" />
<gc-end id="423" type="partial gc" contextid="416" durationms="13.856" usertimems="30.890" systemtimems="3.761" timestamp="2019-08-09T08:13:50.260" activeThreads="16">
  <mem-info id="424" free="35651584" total="62914560" percent="56">
    <mem type="eden" free="903976" total="2097152" percent="43" />
    <remembered-set count="20256" freebytes="2434176" totalbytes="2515200" percent="96" regionsoverflowed="0" regionsstable="0" regionsrebuilding="0"/>
  </mem-info>
</gc-end>
<cycle-end id="425" type="partial gc" contextid="416" timestamp="2019-08-09T08:13:50.260" />
  <attribute name="elasticGC enabled" value="1" />
  <attribute name= "numThreadsSpecified" value="16" />
  <attribute name="heapSize specified" value="0" />
  <attribute name="Current GC Util" value="153" />
  <attribute name= "Current Time Running" value="65337" />
  <attribute name ="GC Interval" value="0" />
  <attribute name="Target GC Util Change" value ="80.000000" />
  <attribute name="Current GC Util Change" value="153.000000"/>
  <attribute name="Current Error" value="-73.000000" />
  <attribute name="Output H" value="52466600"/>
  <attribute name="Output I" value="1960"/>
  <attribute name="Output T" value="16"/>
  <attribute name= "Current Time Running" value="65337" />
  <attribute name="GC Util currently" value="153" />
  <attribute name="CPU Util currently" value="2272568056275" />
<exclusive-end id="426" timestamp="2019-08-09T08:13:50.260" durationms="14.375" />

<exclusive-start id="427" timestamp="2019-08-09T08:13:50.409" intervalms="162.573">
  <response-info timems="0.050" idlems="0.050" threads="0" lastid="000000000212BF00" lastname="main" />
</exclusive-start>
<allocation-taxation id="428" taxation-threshold="23068672" timestamp="2019-08-09T08:13:50.409" intervalms="162.581" />
<cycle-start id="429" type="partial gc" contextid="0" timestamp="2019-08-09T08:13:50.409" intervalms="162.590" />
<gc-start id="430" type="partial gc" contextid="429" timestamp="2019-08-09T08:13:50.409">
  <mem-info id="431" free="12582912" total="62914560" percent="20">
    <mem type="eden" free="0" total="23068672" percent="0" />
    <remembered-set count="20096" freebytes="2434816" totalbytes="2515200" percent="96" regionsoverflowed="0" regionsstable="0" regionsrebuilding="0"/>
  </mem-info>
</gc-start>
<allocation-stats totalBytes="23063632" >
  <allocated-bytes non-tlh="1049888" tlh="22013744" arrayletleaf="0"/>
  <largest-consumer threadName="main" threadId="000000000212BF00" bytes="23063632" />
</allocation-stats>
<gc-op id="432" type="copy forward" timems="9.866" contextid="429" timestamp="2019-08-09T08:13:50.420">
  <memory-copied type="eden" objects="9580" bytes="915736" bytesdiscarded="81360" />
  <memory-copied type="other" objects="2458" bytes="133016" bytesdiscarded="13432" />
  <memory-cardclean objects="2236" bytes="112256" />
  <regions eden="11" other="4" />
  <remembered-set-cleared processed="12047" cleared="3573" durationms="0.101" />
  <finalization candidates="1" enqueued="1" />
  <references type="soft" candidates="50" cleared="0" enqueued="0" dynamicThreshold="18" maxThreshold="32" />
  <references type="weak" candidates="621" cleared="0" enqueued="0" />
  <references type="phantom" candidates="2" cleared="0" enqueued="0" />
  <stringconstants candidates="11779" cleared="0"  />
</gc-op>
<gc-op id="433" type="classunload" timems="0.009" contextid="429" timestamp="2019-08-09T08:13:50.420">
  <classunload-info classloadercandidates="27" classloadersunloaded="0" classesunloaded="0" anonymousclassesunloaded="0" quiescems="0.000" setupms="0.009" scanms="0.000" postms="0.000" />
</gc-op>
<gc-end id="434" type="partial gc" contextid="429" durationms="10.966" usertimems="29.911" systemtimems="0.000" timestamp="2019-08-09T08:13:50.420" activeThreads="16">
  <mem-info id="435" free="37748736" total="62914560" percent="60">
    <mem type="eden" free="1099624" total="2097152" percent="52" />
    <pending-finalizers system="0" default="1" reference="0" classloader="0" />
    <remembered-set count="18848" freebytes="2439808" totalbytes="2515200" percent="97" regionsoverflowed="0" regionsstable="0" regionsrebuilding="0"/>
  </mem-info>
</gc-end>
<cycle-end id="436" type="partial gc" contextid="429" timestamp="2019-08-09T08:13:50.420" />
  <attribute name="elasticGC enabled" value="1" />
  <attribute name= "numThreadsSpecified" value="16" />
  <attribute name="heapSize specified" value="0" />
  <attribute name="Current GC Util" value="74" />
  <attribute name= "Current Time Running" value="65497" />
  <attribute name ="GC Interval" value="0" />
  <attribute name="Target GC Util Change" value ="80.000000" />
  <attribute name="Current GC Util Change" value="74.000000"/>
  <attribute name="Current Error" value="-5.000000" />
  <attribute name="Output H" value="62952400"/>
  <attribute name="Output I" value="2000"/>
  <attribute name="Output T" value="16"/>
  <attribute name= "Current Time Running" value="65497" />
  <attribute name="GC Util currently" value="74" />
  <attribute name="CPU Util currently" value="1726868790517" />
<exclusive-end id="437" timestamp="2019-08-09T08:13:50.420" durationms="11.820" />

<exclusive-start id="438" timestamp="2019-08-09T08:13:50.553" intervalms="144.300">
  <response-info timems="0.016" idlems="0.016" threads="0" lastid="000000000212BF00" lastname="main" />
</exclusive-start>
<allocation-taxation id="439" taxation-threshold="23068672" timestamp="2019-08-09T08:13:50.553" intervalms="144.290" />
<cycle-start id="440" type="partial gc" contextid="0" timestamp="2019-08-09T08:13:50.553" intervalms="144.308" />
<gc-start id="441" type="partial gc" contextid="440" timestamp="2019-08-09T08:13:50.553">
  <mem-info id="442" free="14680064" total="62914560" percent="23">
    <mem type="eden" free="0" total="23068672" percent="0" />
    <remembered-set count="18368" freebytes="2441728" totalbytes="2515200" percent="97" regionsoverflowed="0" regionsstable="0" regionsrebuilding="0"/>
  </mem-info>
</gc-start>
<allocation-stats totalBytes="23063808" >
  <allocated-bytes non-tlh="847112" tlh="22216696" arrayletleaf="0"/>
  <largest-consumer threadName="main" threadId="000000000212BF00" bytes="23059592" />
</allocation-stats>
<gc-op id="443" type="copy forward" timems="5.658" contextid="440" timestamp="2019-08-09T08:13:50.560">
  <memory-copied type="eden" objects="5305" bytes="205688" bytesdiscarded="45152" />
  <memory-copied type="other" objects="11750" bytes="728944" bytesdiscarded="66664" />
  <memory-cardclean objects="1258" bytes="83720" />
  <regions eden="11" other="2" />
  <remembered-set-cleared processed="10675" cleared="4002" durationms="0.121" />
  <references type="soft" candidates="462" cleared="0" enqueued="0" dynamicThreshold="19" maxThreshold="32" />
  <references type="weak" candidates="943" cleared="0" enqueued="0" />
  <references type="phantom" candidates="1" cleared="0" enqueued="0" />
  <stringconstants candidates="12269" cleared="9"  />
</gc-op>
<gc-op id="444" type="classunload" timems="0.486" contextid="440" timestamp="2019-08-09T08:13:50.560">
  <classunload-info classloadercandidates="31" classloadersunloaded="2" classesunloaded="2" anonymousclassesunloaded="0" quiescems="0.000" setupms="0.467" scanms="0.013" postms="0.006" />
</gc-op>
<gc-end id="445" type="partial gc" contextid="440" durationms="7.187" usertimems="18.080" systemtimems="0.000" timestamp="2019-08-09T08:13:50.560" activeThreads="8">
  <mem-info id="446" free="37748736" total="62914560" percent="60">
    <mem type="eden" free="1846008" total="2097152" percent="88" />
    <remembered-set count="17504" freebytes="2445184" totalbytes="2515200" percent="97" regionsoverflowed="0" regionsstable="0" regionsrebuilding="0"/>
  </mem-info>
</gc-end>
<cycle-end id="447" type="partial gc" contextid="440" timestamp="2019-08-09T08:13:50.560" />
  <attribute name="elasticGC enabled" value="1" />
  <attribute name= "numThreadsSpecified" value="8" />
  <attribute name="heapSize specified" value="0" />
  <attribute name="Current GC Util" value="149" />
  <attribute name= "Current Time Running" value="65641" />
  <attribute name ="GC Interval" value="0" />
  <attribute name="Target GC Util Change" value ="80.000000" />
  <attribute name="Current GC Util Change" value="149.000000"/>
  <attribute name="Current Error" value="-13.000000" />
  <attribute name="Output H" value="62952400"/>
  <attribute name="Output I" value="2000"/>
  <attribute name="Output T" value="8"/>
  <attribute name= "Current Time Running" value="65641" />
  <attribute name="GC Util currently" value="149" />
  <attribute name="CPU Util currently" value="1793835659950" />
<exclusive-end id="448" timestamp="2019-08-09T08:13:50.561" durationms="7.742" />

<exclusive-start id="449" timestamp="2019-08-09T08:13:50.694" intervalms="141.348">
  <response-info timems="0.043" idlems="0.043" threads="0" lastid="000000000212BF00" lastname="main" />
</exclusive-start>
<allocation-taxation id="450" taxation-threshold="23068672" timestamp="2019-08-09T08:13:50.694" intervalms="141.351" />
<cycle-start id="451" type="partial gc" contextid="0" timestamp="2019-08-09T08:13:50.694" intervalms="141.320" />
<gc-start id="452" type="partial gc" contextid="451" timestamp="2019-08-09T08:13:50.695">
  <mem-info id="453" free="14680064" total="62914560" percent="23">
    <mem type="eden" free="0" total="23068672" percent="0" />
    <remembered-set count="17312" freebytes="2445952" totalbytes="2515200" percent="97" regionsoverflowed="0" regionsstable="0" regionsrebuilding="0"/>
  </mem-info>
</gc-start>
<allocation-stats totalBytes="23064032" >
  <allocated-bytes non-tlh="1230872" tlh="21833160" arrayletleaf="0"/>
  <largest-consumer threadName="main" threadId="000000000212BF00" bytes="23064032" />
</allocation-stats>
<gc-op id="454" type="copy forward" timems="10.487" contextid="451" timestamp="2019-08-09T08:13:50.706">
  <memory-copied type="eden" objects="16638" bytes="1035320" bytesdiscarded="66856" />
  <memory-copied type="other" objects="12390" bytes="485256" bytesdiscarded="43728" />
  <memory-cardclean objects="4699" bytes="235776" />
  <regions eden="11" other="2" />
  <remembered-set-cleared processed="9774" cleared="3653" durationms="0.232" />
  <references type="soft" candidates="426" cleared="0" enqueued="0" dynamicThreshold="19" maxThreshold="32" />
  <references type="weak" candidates="777" cleared="0" enqueued="0" />
  <references type="phantom" candidates="1" cleared="0" enqueued="0" />
  <stringconstants candidates="12479" cleared="0"  />
</gc-op>
<gc-op id="455" type="classunload" timems="0.008" contextid="451" timestamp="2019-08-09T08:13:50.706">
  <classunload-info classloadercandidates="36" classloadersunloaded="0" classesunloaded="0" anonymousclassesunloaded="0" quiescems="0.000" setupms="0.007" scanms="0.000" postms="0.000" />
</gc-op>
<gc-end id="456" type="partial gc" contextid="451" durationms="11.731" usertimems="34.918" systemtimems="0.000" timestamp="2019-08-09T08:13:50.706" activeThreads="16">
  <mem-info id="457" free="37748736" total="62914560" percent="60">
    <mem type="eden" free="994648" total="2097152" percent="47" />
    <remembered-set count="18944" freebytes="2439424" totalbytes="2515200" percent="96" regionsoverflowed="0" regionsstable="0" regionsrebuilding="0"/>
  </mem-info>
</gc-end>
<cycle-end id="458" type="partial gc" contextid="451" timestamp="2019-08-09T08:13:50.706" />
  <attribute name="elasticGC enabled" value="1" />
  <attribute name= "numThreadsSpecified" value="16" />
  <attribute name="heapSize specified" value="0" />
  <attribute name="Current GC Util" value="135" />
  <attribute name= "Current Time Running" value="65783" />
  <attribute name ="GC Interval" value="0" />
  <attribute name="Target GC Util Change" value ="80.000000" />
  <attribute name="Current GC Util Change" value="135.000000"/>
  <attribute name="Current Error" value="-55.000000" />
  <attribute name="Output H" value="62952376"/>
  <attribute name="Output I" value="1976"/>
  <attribute name="Output T" value="16"/>
  <attribute name= "Current Time Running" value="65783" />
  <attribute name="GC Util currently" value="135" />
  <attribute name="CPU Util currently" value="1462177992533" />
<exclusive-end id="459" timestamp="2019-08-09T08:13:50.706" durationms="12.257" />

<exclusive-start id="460" timestamp="2019-08-09T08:13:50.764" intervalms="69.588">
  <response-info timems="0.045" idlems="0.045" threads="0" lastid="000000000212BF00" lastname="main" />
</exclusive-start>
<allocation-taxation id="461" taxation-threshold="23068672" timestamp="2019-08-09T08:13:50.764" intervalms="69.605" />
<cycle-start id="462" type="partial gc" contextid="0" timestamp="2019-08-09T08:13:50.764" intervalms="69.613" />
<gc-start id="463" type="partial gc" contextid="462" timestamp="2019-08-09T08:13:50.764">
  <mem-info id="464" free="14680064" total="62914560" percent="23">
    <mem type="eden" free="0" total="23068672" percent="0" />
    <remembered-set count="18464" freebytes="2441344" totalbytes="2515200" percent="97" regionsoverflowed="0" regionsstable="0" regionsrebuilding="0"/>
  </mem-info>
</gc-start>
<allocation-stats totalBytes="23065680" >
  <allocated-bytes non-tlh="266312" tlh="22799368" arrayletleaf="0"/>
  <largest-consumer threadName="main" threadId="000000000212BF00" bytes="23065680" />
</allocation-stats>
<gc-op id="465" type="copy forward" timems="11.423" contextid="462" timestamp="2019-08-09T08:13:50.778">
  <memory-copied type="eden" objects="17470" bytes="1063360" bytesdiscarded="73264" />
  <memory-copied type="other" objects="15387" bytes="889936" bytesdiscarded="94296" />
  <memory-cardclean objects="3065" bytes="155664" />
  <regions eden="11" other="2" />
  <remembered-set-cleared processed="10026" cleared="3614" durationms="0.099" />
  <references type="soft" candidates="113" cleared="0" enqueued="0" dynamicThreshold="19" maxThreshold="32" />
  <references type="weak" candidates="1019" cleared="0" enqueued="0" />
  <references type="phantom" candidates="3" cleared="0" enqueued="0" />
  <stringconstants candidates="12490" cleared="0"  />
</gc-op>
<gc-op id="466" type="classunload" timems="0.008" contextid="462" timestamp="2019-08-09T08:13:50.778">
  <classunload-info classloadercandidates="37" classloadersunloaded="0" classesunloaded="0" anonymousclassesunloaded="0" quiescems="0.000" setupms="0.007" scanms="0.000" postms="0.000" />
</gc-op>
<gc-end id="467" type="partial gc" contextid="462" durationms="13.627" usertimems="40.876" systemtimems="0.000" timestamp="2019-08-09T08:13:50.778" activeThreads="16">
  <mem-info id="468" free="37748736" total="62914560" percent="60">
    <mem type="eden" free="960472" total="2097152" percent="45" />
    <remembered-set count="18944" freebytes="2439424" totalbytes="2515200" percent="96" regionsoverflowed="0" regionsstable="0" regionsrebuilding="0"/>
  </mem-info>
</gc-end>
<cycle-end id="469" type="partial gc" contextid="462" timestamp="2019-08-09T08:13:50.778" />
  <attribute name="elasticGC enabled" value="1" />
  <attribute name= "numThreadsSpecified" value="16" />
  <attribute name="heapSize specified" value="0" />
  <attribute name="Current GC Util" value="275" />
  <attribute name= "Current Time Running" value="65853" />
  <attribute name ="GC Interval" value="0" />
  <attribute name="Target GC Util Change" value ="80.000000" />
  <attribute name="Current GC Util Change" value="275.000000"/>
  <attribute name="Current Error" value="-219.000000" />
  <attribute name="Output H" value="62952280"/>
  <attribute name="Output I" value="1880"/>
  <attribute name="Output T" value="16"/>
  <attribute name= "Current Time Running" value="65853" />
  <attribute name="GC Util currently" value="275" />
  <attribute name="CPU Util currently" value="637616103616" />
<exclusive-end id="470" timestamp="2019-08-09T08:13:50.778" durationms="14.165" />

<exclusive-start id="471" timestamp="2019-08-09T08:13:50.842" intervalms="77.851">
  <response-info timems="0.019" idlems="0.019" threads="0" lastid="000000000212BF00" lastname="main" />
</exclusive-start>
<allocation-taxation id="472" taxation-threshold="23068672" timestamp="2019-08-09T08:13:50.842" intervalms="77.838" />
<cycle-start id="473" type="partial gc" contextid="0" timestamp="2019-08-09T08:13:50.842" intervalms="78.014" />
<gc-start id="474" type="partial gc" contextid="473" timestamp="2019-08-09T08:13:50.842">
  <mem-info id="475" free="14680064" total="62914560" percent="23">
    <mem type="eden" free="0" total="23068672" percent="0" />
    <remembered-set count="18560" freebytes="2440960" totalbytes="2515200" percent="97" regionsoverflowed="0" regionsstable="0" regionsrebuilding="0"/>
  </mem-info>
</gc-start>
<allocation-stats totalBytes="23065648" >
  <allocated-bytes non-tlh="402408" tlh="22663240" arrayletleaf="0"/>
  <largest-consumer threadName="main" threadId="000000000212BF00" bytes="23065648" />
</allocation-stats>
<gc-op id="476" type="copy forward" timems="11.794" contextid="473" timestamp="2019-08-09T08:13:50.855">
  <memory-copied type="eden" objects="2215" bytes="359224" bytesdiscarded="62768" />
  <memory-copied type="other" objects="981" bytes="649128" bytesdiscarded="23056" />
  <memory-cardclean objects="10486" bytes="563552" />
  <regions eden="11" other="2" />
  <remembered-set-cleared processed="9227" cleared="3827" durationms="0.484" />
  <references type="soft" candidates="7" cleared="0" enqueued="0" dynamicThreshold="19" maxThreshold="32" />
  <references type="weak" candidates="24" cleared="0" enqueued="0" />
  <references type="phantom" candidates="29" cleared="0" enqueued="0" />
  <stringconstants candidates="12508" cleared="0"  />
</gc-op>
<gc-op id="477" type="classunload" timems="0.007" contextid="473" timestamp="2019-08-09T08:13:50.855">
  <classunload-info classloadercandidates="39" classloadersunloaded="0" classesunloaded="0" anonymousclassesunloaded="0" quiescems="0.000" setupms="0.007" scanms="0.000" postms="0.000" />
</gc-op>
<gc-end id="478" type="partial gc" contextid="473" durationms="13.104" usertimems="33.371" systemtimems="0.000" timestamp="2019-08-09T08:13:50.855" activeThreads="16">
  <mem-info id="479" free="37748736" total="62914560" percent="60">
    <mem type="eden" free="1675080" total="2097152" percent="79" />
    <remembered-set count="16512" freebytes="2449152" totalbytes="2515200" percent="97" regionsoverflowed="0" regionsstable="0" regionsrebuilding="0"/>
  </mem-info>
</gc-end>
<cycle-end id="480" type="partial gc" contextid="473" timestamp="2019-08-09T08:13:50.855" />
  <attribute name="elasticGC enabled" value="1" />
  <attribute name= "numThreadsSpecified" value="16" />
  <attribute name="heapSize specified" value="0" />
  <attribute name="Current GC Util" value="92" />
  <attribute name= "Current Time Running" value="65930" />
  <attribute name ="GC Interval" value="0" />
  <attribute name="Target GC Util Change" value ="80.000000" />
  <attribute name="Current GC Util Change" value="92.000000"/>
  <attribute name="Current Error" value="-198.000000" />
  <attribute name="Output H" value="62952288"/>
  <attribute name="Output I" value="1888"/>
  <attribute name="Output T" value="16"/>
  <attribute name= "Current Time Running" value="65930" />
  <attribute name="GC Util currently" value="92" />
  <attribute name="CPU Util currently" value="1307048678040" />
<exclusive-end id="481" timestamp="2019-08-09T08:13:50.855" durationms="13.818" />

<exclusive-start id="482" timestamp="2019-08-09T08:13:50.902" intervalms="60.040">
  <response-info timems="0.043" idlems="0.043" threads="0" lastid="000000000212BF00" lastname="main" />
</exclusive-start>
<allocation-taxation id="483" taxation-threshold="23068672" timestamp="2019-08-09T08:13:50.902" intervalms="60.035" />
<cycle-start id="484" type="partial gc" contextid="0" timestamp="2019-08-09T08:13:50.902" intervalms="59.883" />
<gc-start id="485" type="partial gc" contextid="484" timestamp="2019-08-09T08:13:50.902">
  <mem-info id="486" free="14680064" total="62914560" percent="23">
    <mem type="eden" free="0" total="23068672" percent="0" />
    <remembered-set count="16096" freebytes="2450816" totalbytes="2515200" percent="97" regionsoverflowed="0" regionsstable="0" regionsrebuilding="0"/>
  </mem-info>
</gc-start>
<allocation-stats totalBytes="23066184" >
  <allocated-bytes non-tlh="200440" tlh="22865744" arrayletleaf="0"/>
  <largest-consumer threadName="main" threadId="000000000212BF00" bytes="23066184" />
</allocation-stats>
<gc-op id="487" type="copy forward" timems="10.410" contextid="484" timestamp="2019-08-09T08:13:50.913">
  <memory-copied type="eden" objects="20651" bytes="1104160" bytesdiscarded="70608" />
  <memory-copied type="other" objects="1164" bytes="38800" bytesdiscarded="4624" />
  <memory-cardclean objects="123" bytes="12336" />
  <regions eden="11" other="1" />
  <remembered-set-cleared processed="8976" cleared="305" durationms="0.095" />
  <references type="soft" candidates="3" cleared="0" enqueued="0" dynamicThreshold="19" maxThreshold="32" />
  <references type="weak" candidates="30" cleared="0" enqueued="0" />
  <references type="phantom" candidates="1" cleared="0" enqueued="0" />
  <stringconstants candidates="12514" cleared="0"  />
</gc-op>
<gc-op id="488" type="classunload" timems="0.009" contextid="484" timestamp="2019-08-09T08:13:50.913">
  <classunload-info classloadercandidates="40" classloadersunloaded="0" classesunloaded="0" anonymousclassesunloaded="0" quiescems="0.000" setupms="0.009" scanms="0.000" postms="0.000" />
</gc-op>
<heap-resize id="489" type="expand" space="default" amount="6291456" count="1" timems="0.092" reason="excessive time being spent in gc" timestamp="2019-08-09T08:13:50.913" />
<gc-end id="490" type="partial gc" contextid="484" durationms="11.500" usertimems="34.723" systemtimems="0.647" timestamp="2019-08-09T08:13:50.913" activeThreads="16">
  <mem-info id="491" free="41943040" total="69206016" percent="60">
    <mem type="eden" free="922328" total="2097152" percent="43" />
    <remembered-set count="19072" freebytes="2690432" totalbytes="2766720" percent="97" regionsoverflowed="0" regionsstable="0" regionsrebuilding="0"/>
  </mem-info>
</gc-end>
<cycle-end id="492" type="partial gc" contextid="484" timestamp="2019-08-09T08:13:50.914" />
  <attribute name="elasticGC enabled" value="1" />
  <attribute name= "numThreadsSpecified" value="16" />
  <attribute name="heapSize specified" value="0" />
  <attribute name="Current GC Util" value="128" />
  <attribute name= "Current Time Running" value="65990" />
  <attribute name ="GC Interval" value="0" />
  <attribute name="Target GC Util Change" value ="80.000000" />
  <attribute name="Current GC Util Change" value="128.000000"/>
  <attribute name="Current Error" value="-48.000000" />
  <attribute name="Output H" value="62952376"/>
  <attribute name="Output I" value="1976"/>
  <attribute name="Output T" value="16"/>
  <attribute name= "Current Time Running" value="65990" />
  <attribute name="GC Util currently" value="128" />
  <attribute name="CPU Util currently" value="2107286072553" />
<exclusive-end id="493" timestamp="2019-08-09T08:13:50.914" durationms="12.016" />

<exclusive-start id="494" timestamp="2019-08-09T08:13:50.977" intervalms="74.984">
  <response-info timems="0.017" idlems="0.017" threads="0" lastid="000000000212BF00" lastname="main" />
</exclusive-start>
<allocation-taxation id="495" taxation-threshold="25165824" timestamp="2019-08-09T08:13:50.977" intervalms="74.975" />
<cycle-start id="496" type="partial gc" contextid="0" timestamp="2019-08-09T08:13:50.977" intervalms="75.060" />
<gc-start id="497" type="partial gc" contextid="496" timestamp="2019-08-09T08:13:50.977">
  <mem-info id="498" free="16777216" total="69206016" percent="24">
    <mem type="eden" free="0" total="25165824" percent="0" />
    <remembered-set count="18848" freebytes="2691328" totalbytes="2766720" percent="97" regionsoverflowed="0" regionsstable="0" regionsrebuilding="0"/>
  </mem-info>
</gc-start>
<allocation-stats totalBytes="25162224" >
  <allocated-bytes non-tlh="802120" tlh="24360104" arrayletleaf="0"/>
  <largest-consumer threadName="main" threadId="000000000212BF00" bytes="25162224" />
</allocation-stats>
<gc-op id="499" type="copy forward" timems="8.050" contextid="496" timestamp="2019-08-09T08:13:50.986">
  <memory-copied type="eden" objects="7356" bytes="593496" bytesdiscarded="100120" />
  <memory-copied type="other" objects="175" bytes="6104" bytesdiscarded="1632" />
  <memory-cardclean objects="176" bytes="14632" />
  <regions eden="12" other="1" />
  <remembered-set-cleared processed="9972" cleared="1008" durationms="0.110" />
  <references type="soft" candidates="5" cleared="0" enqueued="0" dynamicThreshold="19" maxThreshold="32" />
  <references type="weak" candidates="29" cleared="0" enqueued="0" />
  <references type="phantom" candidates="1" cleared="0" enqueued="0" />
  <stringconstants candidates="12547" cleared="0"  />
</gc-op>
<gc-op id="500" type="classunload" timems="0.006" contextid="496" timestamp="2019-08-09T08:13:50.986">
  <classunload-info classloadercandidates="44" classloadersunloaded="0" classesunloaded="0" anonymousclassesunloaded="0" quiescems="0.000" setupms="0.006" scanms="0.000" postms="0.000" />
</gc-op>
<heap-resize id="501" type="expand" space="default" amount="4194304" count="1" timems="0.068" reason="excessive time being spent in gc" timestamp="2019-08-09T08:13:50.986" />
<gc-end id="502" type="partial gc" contextid="496" durationms="8.940" usertimems="23.229" systemtimems="0.000" timestamp="2019-08-09T08:13:50.986" activeThreads="16">
  <mem-info id="503" free="44040192" total="73400320" percent="60">
    <mem type="eden" free="1403392" total="2097152" percent="66" />
    <remembered-set count="17120" freebytes="2865920" totalbytes="2934400" percent="97" regionsoverflowed="0" regionsstable="0" regionsrebuilding="0"/>
  </mem-info>
</gc-end>
<cycle-end id="504" type="partial gc" contextid="496" timestamp="2019-08-09T08:13:50.986" />
  <attribute name="elasticGC enabled" value="1" />
  <attribute name= "numThreadsSpecified" value="16" />
  <attribute name="heapSize specified" value="0" />
  <attribute name="Current GC Util" value="0" />
  <attribute name= "Current Time Running" value="66065" />
  <attribute name ="GC Interval" value="0" />
  <attribute name="Target GC Util Change" value ="80.000000" />
  <attribute name="Current GC Util Change" value="0.000000"/>
  <attribute name="Current Error" value="66.000000" />
  <attribute name="Output H" value="69243896"/>
  <attribute name="Output I" value="2040"/>
  <attribute name="Output T" value="16"/>
  <attribute name= "Current Time Running" value="66065" />
  <attribute name="GC Util currently" value="0" />
  <attribute name="CPU Util currently" value="3602609484011" />
<exclusive-end id="505" timestamp="2019-08-09T08:13:50.986" durationms="9.537" />

<exclusive-start id="506" timestamp="2019-08-09T08:13:51.037" intervalms="59.915">
  <response-info timems="0.019" idlems="0.019" threads="0" lastid="000000000212BF00" lastname="main" />
</exclusive-start>
<allocation-taxation id="507" taxation-threshold="25165824" timestamp="2019-08-09T08:13:51.037" intervalms="59.924" />
<cycle-start id="508" type="partial gc" contextid="0" timestamp="2019-08-09T08:13:51.037" intervalms="59.816" />
<gc-start id="509" type="partial gc" contextid="508" timestamp="2019-08-09T08:13:51.037">
  <mem-info id="510" free="18874368" total="73400320" percent="25">
    <mem type="eden" free="0" total="25165824" percent="0" />
    <remembered-set count="16736" freebytes="2867456" totalbytes="2934400" percent="97" regionsoverflowed="0" regionsstable="0" regionsrebuilding="0"/>
  </mem-info>
</gc-start>
<allocation-stats totalBytes="25163232" >
  <allocated-bytes non-tlh="200368" tlh="24962864" arrayletleaf="0"/>
  <largest-consumer threadName="main" threadId="000000000212BF00" bytes="25163232" />
</allocation-stats>
<gc-op id="511" type="copy forward" timems="9.442" contextid="508" timestamp="2019-08-09T08:13:51.047">
  <memory-copied type="eden" objects="13832" bytes="835520" bytesdiscarded="101992" />
  <memory-copied type="other" objects="789" bytes="27952" bytesdiscarded="3872" />
  <memory-cardclean objects="131" bytes="13072" />
  <regions eden="12" other="1" />
  <remembered-set-cleared processed="9518" cleared="498" durationms="0.130" />
  <references type="soft" candidates="5" cleared="0" enqueued="0" dynamicThreshold="19" maxThreshold="32" />
  <references type="weak" candidates="27" cleared="0" enqueued="0" />
  <references type="phantom" candidates="1" cleared="0" enqueued="0" />
  <stringconstants candidates="12552" cleared="0"  />
</gc-op>
<gc-op id="512" type="classunload" timems="0.007" contextid="508" timestamp="2019-08-09T08:13:51.047">
  <classunload-info classloadercandidates="45" classloadersunloaded="0" classesunloaded="0" anonymousclassesunloaded="0" quiescems="0.000" setupms="0.007" scanms="0.000" postms="0.000" />
</gc-op>
<heap-resize id="513" type="expand" space="default" amount="6291456" count="1" timems="0.081" reason="excessive time being spent in gc" timestamp="2019-08-09T08:13:51.048" />
<gc-end id="514" type="partial gc" contextid="508" durationms="10.746" usertimems="26.713" systemtimems="3.337" timestamp="2019-08-09T08:13:51.048" activeThreads="16">
  <mem-info id="515" free="48234496" total="79691776" percent="60">
    <mem type="eden" free="1159584" total="2097152" percent="55" />
    <remembered-set count="18240" freebytes="3112960" totalbytes="3185920" percent="97" regionsoverflowed="0" regionsstable="0" regionsrebuilding="0"/>
  </mem-info>
</gc-end>
<cycle-end id="516" type="partial gc" contextid="508" timestamp="2019-08-09T08:13:51.048" />
  <attribute name="elasticGC enabled" value="1" />
  <attribute name= "numThreadsSpecified" value="16" />
  <attribute name="heapSize specified" value="0" />
  <attribute name="Current GC Util" value="138" />
  <attribute name= "Current Time Running" value="66125" />
  <attribute name ="GC Interval" value="0" />
  <attribute name="Target GC Util Change" value ="80.000000" />
  <attribute name="Current GC Util Change" value="138.000000"/>
  <attribute name="Current Error" value="52.000000" />
  <attribute name="Output H" value="73438192"/>
  <attribute name="Output I" value="2032"/>
  <attribute name="Output T" value="16"/>
  <attribute name= "Current Time Running" value="66125" />
  <attribute name="GC Util currently" value="138" />
  <attribute name="CPU Util currently" value="1460420292017" />
<exclusive-end id="517" timestamp="2019-08-09T08:13:51.048" durationms="11.328" />

<exclusive-start id="518" timestamp="2019-08-09T08:13:51.129" intervalms="92.531">
  <response-info timems="0.137" idlems="0.137" threads="0" lastid="000000000212BF00" lastname="main" />
</exclusive-start>
<allocation-taxation id="519" taxation-threshold="27262976" timestamp="2019-08-09T08:13:51.129" intervalms="92.530" />
<cycle-start id="520" type="partial gc" contextid="0" timestamp="2019-08-09T08:13:51.129" intervalms="92.534" />
<gc-start id="521" type="partial gc" contextid="520" timestamp="2019-08-09T08:13:51.129">
  <mem-info id="522" free="20971520" total="79691776" percent="26">
    <mem type="eden" free="0" total="27262976" percent="0" />
    <remembered-set count="17920" freebytes="3114240" totalbytes="3185920" percent="97" regionsoverflowed="0" regionsstable="0" regionsrebuilding="0"/>
  </mem-info>
</gc-start>
<allocation-stats totalBytes="27259520" >
  <allocated-bytes non-tlh="1269120" tlh="25990400" arrayletleaf="0"/>
  <largest-consumer threadName="main" threadId="000000000212BF00" bytes="27259520" />
</allocation-stats>
<gc-op id="523" type="copy forward" timems="8.535" contextid="520" timestamp="2019-08-09T08:13:51.139">
  <memory-copied type="eden" objects="6970" bytes="650720" bytesdiscarded="48712" />
  <memory-copied type="other" objects="137" bytes="4776" bytesdiscarded="2016" />
  <memory-cardclean objects="189" bytes="15000" />
  <regions eden="13" other="1" />
  <remembered-set-cleared processed="10186" cleared="925" durationms="0.250" />
  <references type="soft" candidates="5" cleared="0" enqueued="0" dynamicThreshold="19" maxThreshold="32" />
  <references type="weak" candidates="40" cleared="0" enqueued="0" />
  <references type="phantom" candidates="1" cleared="0" enqueued="0" />
  <stringconstants candidates="12610" cleared="4"  />
</gc-op>
<gc-op id="524" type="classunload" timems="0.481" contextid="520" timestamp="2019-08-09T08:13:51.139">
  <classunload-info classloadercandidates="51" classloadersunloaded="2" classesunloaded="2" anonymousclassesunloaded="0" quiescems="0.000" setupms="0.464" scanms="0.012" postms="0.005" />
</gc-op>
<heap-resize id="525" type="expand" space="default" amount="4194304" count="1" timems="0.071" reason="excessive time being spent in gc" timestamp="2019-08-09T08:13:51.140" />
<gc-end id="526" type="partial gc" contextid="520" durationms="10.174" usertimems="29.673" systemtimems="0.000" timestamp="2019-08-09T08:13:51.140" activeThreads="16">
  <mem-info id="527" free="50331648" total="83886080" percent="60">
    <mem type="eden" free="1397592" total="2097152" percent="66" />
    <remembered-set count="17600" freebytes="3283200" totalbytes="3353600" percent="97" regionsoverflowed="0" regionsstable="0" regionsrebuilding="0"/>
  </mem-info>
</gc-end>
<cycle-end id="528" type="partial gc" contextid="520" timestamp="2019-08-09T08:13:51.140" />
  <attribute name="elasticGC enabled" value="1" />
  <attribute name= "numThreadsSpecified" value="16" />
  <attribute name="heapSize specified" value="0" />
  <attribute name="Current GC Util" value="129" />
  <attribute name= "Current Time Running" value="66218" />
  <attribute name ="GC Interval" value="0" />
  <attribute name="Target GC Util Change" value ="80.000000" />
  <attribute name="Current GC Util Change" value="129.000000"/>
  <attribute name="Current Error" value="-49.000000" />
  <attribute name="Output H" value="79729592"/>
  <attribute name="Output I" value="1976"/>
  <attribute name="Output T" value="16"/>
  <attribute name= "Current Time Running" value="66218" />
  <attribute name="GC Util currently" value="129" />
  <attribute name="CPU Util currently" value="1862916069646" />
<exclusive-end id="529" timestamp="2019-08-09T08:13:51.140" durationms="10.777" />

<exclusive-start id="530" timestamp="2019-08-09T08:13:51.219" intervalms="89.997">
  <response-info timems="0.043" idlems="0.043" threads="0" lastid="000000000212BF00" lastname="main" />
</exclusive-start>
<allocation-taxation id="531" taxation-threshold="27262976" timestamp="2019-08-09T08:13:51.219" intervalms="89.998" />
<cycle-start id="532" type="partial gc" contextid="0" timestamp="2019-08-09T08:13:51.219" intervalms="89.985" />
<gc-start id="533" type="partial gc" contextid="532" timestamp="2019-08-09T08:13:51.219">
  <mem-info id="534" free="23068672" total="83886080" percent="27">
    <mem type="eden" free="0" total="27262976" percent="0" />
    <remembered-set count="17248" freebytes="3284608" totalbytes="3353600" percent="97" regionsoverflowed="0" regionsstable="0" regionsrebuilding="0"/>
  </mem-info>
</gc-start>
<allocation-stats totalBytes="27260280" >
  <allocated-bytes non-tlh="200616" tlh="27059664" arrayletleaf="0"/>
  <largest-consumer threadName="main" threadId="000000000212BF00" bytes="27260280" />
</allocation-stats>
<gc-op id="535" type="copy forward" timems="11.922" contextid="532" timestamp="2019-08-09T08:13:51.232">
  <memory-copied type="eden" objects="11008" bytes="732184" bytesdiscarded="59664" />
  <memory-copied type="other" objects="1035" bytes="34824" bytesdiscarded="5688" />
  <memory-cardclean objects="147" bytes="13704" />
  <regions eden="13" other="1" />
  <remembered-set-cleared processed="9638" cleared="337" durationms="0.235" />
  <references type="soft" candidates="5" cleared="0" enqueued="0" dynamicThreshold="19" maxThreshold="32" />
  <references type="weak" candidates="46" cleared="0" enqueued="0" />
  <references type="phantom" candidates="1" cleared="0" enqueued="0" />
  <stringconstants candidates="12615" cleared="0"  />
</gc-op>
<gc-op id="536" type="classunload" timems="0.008" contextid="532" timestamp="2019-08-09T08:13:51.232">
  <classunload-info classloadercandidates="50" classloadersunloaded="0" classesunloaded="0" anonymousclassesunloaded="0" quiescems="0.000" setupms="0.008" scanms="0.000" postms="0.000" />
</gc-op>
<gc-end id="537" type="partial gc" contextid="532" durationms="13.203" usertimems="32.662" systemtimems="0.000" timestamp="2019-08-09T08:13:51.233" activeThreads="16">
  <mem-info id="538" free="48234496" total="83886080" percent="57">
    <mem type="eden" free="1305248" total="2097152" percent="62" />
    <remembered-set count="20288" freebytes="3272448" totalbytes="3353600" percent="97" regionsoverflowed="0" regionsstable="0" regionsrebuilding="0"/>
  </mem-info>
</gc-end>
<cycle-end id="539" type="partial gc" contextid="532" timestamp="2019-08-09T08:13:51.233" />
  <attribute name="elasticGC enabled" value="1" />
  <attribute name= "numThreadsSpecified" value="16" />
  <attribute name="heapSize specified" value="0" />
  <attribute name="Current GC Util" value="218" />
  <attribute name= "Current Time Running" value="66308" />
  <attribute name ="GC Interval" value="0" />
  <attribute name="Target GC Util Change" value ="80.000000" />
  <attribute name="Current GC Util Change" value="218.000000"/>
  <attribute name="Current Error" value="-132.000000" />
  <attribute name="Output H" value="83923848"/>
  <attribute name="Output I" value="1928"/>
  <attribute name="Output T" value="16"/>
  <attribute name= "Current Time Running" value="66308" />
  <attribute name="GC Util currently" value="218" />
  <attribute name="CPU Util currently" value="1355875760195" />
<exclusive-end id="540" timestamp="2019-08-09T08:13:51.233" durationms="13.797" />

<exclusive-start id="541" timestamp="2019-08-09T08:13:51.379" intervalms="159.548">
  <response-info timems="0.034" idlems="0.034" threads="0" lastid="000000000212BF00" lastname="main" />
</exclusive-start>
<allocation-taxation id="542" taxation-threshold="27262976" timestamp="2019-08-09T08:13:51.379" intervalms="159.545" />
<cycle-start id="543" type="partial gc" contextid="0" timestamp="2019-08-09T08:13:51.379" intervalms="159.566" />
<gc-start id="544" type="partial gc" contextid="543" timestamp="2019-08-09T08:13:51.379">
  <mem-info id="545" free="20971520" total="83886080" percent="25">
    <mem type="eden" free="0" total="27262976" percent="0" />
    <remembered-set count="19968" freebytes="3273728" totalbytes="3353600" percent="97" regionsoverflowed="0" regionsstable="0" regionsrebuilding="0"/>
  </mem-info>
</gc-start>
<allocation-stats totalBytes="27258928" >
  <allocated-bytes non-tlh="632944" tlh="26625984" arrayletleaf="0"/>
  <largest-consumer threadName="main" threadId="000000000212BF00" bytes="27258928" />
</allocation-stats>
<gc-op id="546" type="copy forward" timems="10.422" contextid="543" timestamp="2019-08-09T08:13:51.391">
  <memory-copied type="eden" objects="12762" bytes="585280" bytesdiscarded="69408" />
  <memory-copied type="other" objects="223" bytes="7560" bytesdiscarded="1032" />
  <memory-cardclean objects="378" bytes="27728" />
  <regions eden="13" other="1" />
  <remembered-set-cleared processed="10312" cleared="787" durationms="0.221" />
  <references type="soft" candidates="635" cleared="0" enqueued="0" dynamicThreshold="18" maxThreshold="32" />
  <references type="weak" candidates="75" cleared="0" enqueued="0" />
  <stringconstants candidates="13128" cleared="0"  />
</gc-op>
<gc-op id="547" type="classunload" timems="0.008" contextid="543" timestamp="2019-08-09T08:13:51.391">
  <classunload-info classloadercandidates="53" classloadersunloaded="0" classesunloaded="0" anonymousclassesunloaded="0" quiescems="0.000" setupms="0.008" scanms="0.000" postms="0.000" />
</gc-op>
<gc-end id="548" type="partial gc" contextid="543" durationms="11.846" usertimems="28.971" systemtimems="0.000" timestamp="2019-08-09T08:13:51.391" activeThreads="16">
  <mem-info id="549" free="46137344" total="83886080" percent="55">
    <mem type="eden" free="1442120" total="2097152" percent="68" />
    <remembered-set count="19968" freebytes="3273728" totalbytes="3353600" percent="97" regionsoverflowed="0" regionsstable="0" regionsrebuilding="0"/>
  </mem-info>
</gc-end>
<cycle-end id="550" type="partial gc" contextid="543" timestamp="2019-08-09T08:13:51.391" />
  <attribute name="elasticGC enabled" value="1" />
  <attribute name= "numThreadsSpecified" value="16" />
  <attribute name="heapSize specified" value="0" />
  <attribute name="Current GC Util" value="135" />
  <attribute name= "Current Time Running" value="66468" />
  <attribute name ="GC Interval" value="0" />
  <attribute name="Target GC Util Change" value ="80.000000" />
  <attribute name="Current GC Util Change" value="135.000000"/>
  <attribute name="Current Error" value="-123.000000" />
  <attribute name="Output H" value="83923856"/>
  <attribute name="Output I" value="1936"/>
  <attribute name="Output T" value="16"/>
  <attribute name= "Current Time Running" value="66468" />
  <attribute name="GC Util currently" value="135" />
  <attribute name="CPU Util currently" value="1223654866475" />
<exclusive-end id="551" timestamp="2019-08-09T08:13:51.391" durationms="12.530" />

<exclusive-start id="552" timestamp="2019-08-09T08:13:51.893" intervalms="514.834">
  <response-info timems="0.060" idlems="0.060" threads="0" lastid="000000000212BF00" lastname="main" />
</exclusive-start>
<allocation-taxation id="553" taxation-threshold="27262976" timestamp="2019-08-09T08:13:51.894" intervalms="514.845" />
<cycle-start id="554" type="partial gc" contextid="0" timestamp="2019-08-09T08:13:51.894" intervalms="514.832" />
<gc-start id="555" type="partial gc" contextid="554" timestamp="2019-08-09T08:13:51.894">
  <mem-info id="556" free="18874368" total="83886080" percent="22">
    <mem type="eden" free="0" total="27262976" percent="0" />
    <remembered-set count="19776" freebytes="3274496" totalbytes="3353600" percent="97" regionsoverflowed="0" regionsstable="0" regionsrebuilding="0"/>
  </mem-info>
</gc-start>
<allocation-stats totalBytes="27244472" >
  <allocated-bytes non-tlh="3210992" tlh="24033480" arrayletleaf="0"/>
  <largest-consumer threadName="main" threadId="000000000212BF00" bytes="27244472" />
</allocation-stats>
<gc-op id="557" type="copy forward" timems="27.550" contextid="554" timestamp="2019-08-09T08:13:51.923">
  <memory-copied type="eden" objects="34893" bytes="2889728" bytesdiscarded="81976" />
  <memory-copied type="other" objects="6917" bytes="257960" bytesdiscarded="25880" />
  <memory-cardclean objects="681" bytes="43032" />
  <regions eden="13" other="1" />
  <remembered-set-cleared processed="10650" cleared="1125" durationms="0.442" />
  <finalization candidates="3" enqueued="2" />
  <references type="soft" candidates="779" cleared="0" enqueued="0" dynamicThreshold="17" maxThreshold="32" />
  <references type="weak" candidates="146" cleared="0" enqueued="0" />
  <references type="phantom" candidates="2" cleared="0" enqueued="0" />
  <stringconstants candidates="13328" cleared="0"  />
</gc-op>
<gc-op id="558" type="classunload" timems="0.010" contextid="554" timestamp="2019-08-09T08:13:51.923">
  <classunload-info classloadercandidates="55" classloadersunloaded="0" classesunloaded="0" anonymousclassesunloaded="0" quiescems="0.000" setupms="0.010" scanms="0.000" postms="0.000" />
</gc-op>
<heap-resize id="559" type="contract" space="default" amount="4194304" count="1" timems="0.122" reason="insufficient time being spent in gc" timestamp="2019-08-09T08:13:51.923" />
<gc-end id="560" type="partial gc" contextid="554" durationms="29.048" usertimems="92.736" systemtimems="0.000" timestamp="2019-08-09T08:13:51.923" activeThreads="16">
  <mem-info id="561" free="37748736" total="79691776" percent="47">
    <mem type="eden" free="1222304" total="4194304" percent="29" />
    <pending-finalizers system="0" default="2" reference="0" classloader="0" />
    <remembered-set count="23424" freebytes="3259904" totalbytes="3353600" percent="97" regionsoverflowed="0" regionsstable="0" regionsrebuilding="0"/>
  </mem-info>
</gc-end>
<cycle-end id="562" type="partial gc" contextid="554" timestamp="2019-08-09T08:13:51.923" />
  <attribute name="elasticGC enabled" value="1" />
  <attribute name= "numThreadsSpecified" value="16" />
  <attribute name="heapSize specified" value="0" />
  <attribute name="Current GC Util" value="155" />
  <attribute name= "Current Time Running" value="66982" />
  <attribute name ="GC Interval" value="0" />
  <attribute name="Target GC Util Change" value ="80.000000" />
  <attribute name="Current GC Util Change" value="155.000000"/>
  <attribute name="Current Error" value="-75.000000" />
  <attribute name="Output H" value="83923880"/>
  <attribute name="Output I" value="1960"/>
  <attribute name="Output T" value="16"/>
  <attribute name= "Current Time Running" value="66982" />
  <attribute name="GC Util currently" value="155" />
  <attribute name="CPU Util currently" value="1439625867423" />
<exclusive-end id="563" timestamp="2019-08-09T08:13:51.923" durationms="29.640" />

<exclusive-start id="564" timestamp="2019-08-09T08:13:52.154" intervalms="260.288">
  <response-info timems="0.175" idlems="0.175" threads="0" lastid="000000000212BF00" lastname="main" />
</exclusive-start>
<allocation-taxation id="565" taxation-threshold="27262976" timestamp="2019-08-09T08:13:52.154" intervalms="260.312" />
<cycle-start id="566" type="partial gc" contextid="0" timestamp="2019-08-09T08:13:52.154" intervalms="260.312" />
<gc-start id="567" type="partial gc" contextid="566" timestamp="2019-08-09T08:13:52.154">
  <mem-info id="568" free="10485760" total="79691776" percent="13">
    <mem type="eden" free="0" total="27262976" percent="0" />
    <remembered-set count="23232" freebytes="3260672" totalbytes="3353600" percent="97" regionsoverflowed="0" regionsstable="0" regionsrebuilding="0"/>
  </mem-info>
</gc-start>
<allocation-stats totalBytes="27235552" >
  <allocated-bytes non-tlh="0" tlh="27235552" arrayletleaf="0"/>
  <largest-consumer threadName="main" threadId="000000000212BF00" bytes="27231456" />
</allocation-stats>
<gc-op id="569" type="copy forward" timems="17.162" contextid="566" timestamp="2019-08-09T08:13:52.173">
  <memory-copied type="eden" objects="57231" bytes="1452672" bytesdiscarded="123256" />
  <memory-copied type="other" objects="35371" bytes="2914016" bytesdiscarded="71392" />
  <memory-cardclean objects="1179" bytes="66528" />
  <regions eden="13" other="3" />
  <remembered-set-cleared processed="12752" cleared="2966" durationms="0.122" />
  <finalization candidates="1" enqueued="0" />
  <references type="soft" candidates="178" cleared="0" enqueued="0" dynamicThreshold="15" maxThreshold="32" />
  <references type="weak" candidates="103" cleared="0" enqueued="0" />
  <references type="phantom" candidates="2" cleared="0" enqueued="0" />
  <stringconstants candidates="13328" cleared="0"  />
</gc-op>
<gc-op id="570" type="classunload" timems="0.011" contextid="566" timestamp="2019-08-09T08:13:52.173">
  <classunload-info classloadercandidates="55" classloadersunloaded="0" classesunloaded="0" anonymousclassesunloaded="0" quiescems="0.000" setupms="0.011" scanms="0.000" postms="0.000" />
</gc-op>
<gc-end id="571" type="partial gc" contextid="566" durationms="19.168" usertimems="62.691" systemtimems="0.000" timestamp="2019-08-09T08:13:52.173" activeThreads="16">
  <mem-info id="572" free="35651584" total="79691776" percent="44">
    <mem type="eden" free="521224" total="2097152" percent="24" />
    <remembered-set count="23840" freebytes="3090560" totalbytes="3185920" percent="97" regionsoverflowed="0" regionsstable="0" regionsrebuilding="0"/>
  </mem-info>
</gc-end>
<cycle-end id="573" type="partial gc" contextid="566" timestamp="2019-08-09T08:13:52.173" />
  <attribute name="elasticGC enabled" value="1" />
  <attribute name= "numThreadsSpecified" value="16" />
  <attribute name="heapSize specified" value="0" />
  <attribute name="Current GC Util" value="305" />
  <attribute name= "Current Time Running" value="67243" />
  <attribute name ="GC Interval" value="0" />
  <attribute name="Target GC Util Change" value ="80.000000" />
  <attribute name="Current GC Util Change" value="305.000000"/>
  <attribute name="Current Error" value="-252.000000" />
  <attribute name="Output H" value="79729472"/>
  <attribute name="Output I" value="1856"/>
  <attribute name="Output T" value="16"/>
  <attribute name= "Current Time Running" value="67243" />
  <attribute name="GC Util currently" value="305" />
  <attribute name="CPU Util currently" value="768497006870" />
<exclusive-end id="574" timestamp="2019-08-09T08:13:52.174" durationms="19.808" />

<exclusive-start id="575" timestamp="2019-08-09T08:13:52.240" intervalms="86.479">
  <response-info timems="0.095" idlems="0.095" threads="0" lastid="000000000212BF00" lastname="main" />
</exclusive-start>
<allocation-taxation id="576" taxation-threshold="12582912" timestamp="2019-08-09T08:13:52.240" intervalms="86.459" />
<cycle-start id="577" type="global mark phase" contextid="0" timestamp="2019-08-09T08:13:52.241" intervalms="2140.553" />
<gc-start id="578" type="global mark phase" contextid="577" timestamp="2019-08-09T08:13:52.241">
  <mem-info id="579" free="23068672" total="79691776" percent="28">
    <remembered-set count="23616" freebytes="3091456" totalbytes="3185920" percent="97" regionsoverflowed="0" regionsstable="0" regionsrebuilding="0"/>
  </mem-info>
</gc-start>
<gc-op id="580" type="mark increment" timems="8.333" contextid="577" timestamp="2019-08-09T08:13:52.249">
  <trace-info objectcount="236" scancount="0" scanbytes="0" />
</gc-op>
<gc-end id="581" type="global mark phase" contextid="577" durationms="8.397" usertimems="14.006" systemtimems="0.000" timestamp="2019-08-09T08:13:52.249" activeThreads="16">
  <mem-info id="582" free="23068672" total="79691776" percent="28">
    <remembered-set count="23616" freebytes="3091456" totalbytes="3185920" percent="97" regionsoverflowed="0" regionsstable="0" regionsrebuilding="0"/>
  </mem-info>
</gc-end>
<concurrent-start id="583" type="GMP work packet processing" contextid="577" timestamp="2019-08-09T08:13:52.249">
  <concurrent-mark-start scanTarget="11811598" />
</concurrent-start>
<exclusive-end id="584" timestamp="2019-08-09T08:13:52.249" durationms="9.093" />

<concurrent-end id="585" type="GMP work packet processing" contextid="577" timestamp="2019-08-09T08:13:52.259">
  <concurrent-mark-end bytesScanned="5523040" reasonForTermination="Completed all work in GC phase" />
</concurrent-end>

<exclusive-start id="586" timestamp="2019-08-09T08:13:52.315" intervalms="74.433">
  <response-info timems="0.479" idlems="0.479" threads="0" lastid="000000000212BF00" lastname="main" />
</exclusive-start>
<allocation-taxation id="587" taxation-threshold="12582912" timestamp="2019-08-09T08:13:52.315" intervalms="74.422" />
<cycle-start id="588" type="partial gc" contextid="0" timestamp="2019-08-09T08:13:52.315" intervalms="160.855" />
<gc-start id="589" type="partial gc" contextid="588" timestamp="2019-08-09T08:13:52.315">
  <mem-info id="590" free="10485760" total="79691776" percent="13">
    <mem type="eden" free="0" total="25165824" percent="0" />
    <remembered-set count="23616" freebytes="3091456" totalbytes="3185920" percent="97" regionsoverflowed="0" regionsstable="0" regionsrebuilding="0"/>
  </mem-info>
</gc-start>
<allocation-stats totalBytes="25137400" >
  <allocated-bytes non-tlh="0" tlh="25137400" arrayletleaf="0"/>
  <largest-consumer threadName="main" threadId="000000000212BF00" bytes="12570784" />
</allocation-stats>
<gc-op id="591" type="copy forward" timems="10.726" contextid="588" timestamp="2019-08-09T08:13:52.328">
  <memory-copied type="eden" objects="51247" bytes="1272736" bytesdiscarded="79760" />
  <memory-copied type="other" objects="57186" bytes="1451552" bytesdiscarded="70512" />
  <memory-cardclean objects="1180" bytes="32328" />
  <regions eden="12" other="1" />
  <remembered-set-cleared processed="15722" cleared="2970" durationms="0.119" />
  <stringconstants candidates="13328" cleared="0"  />
</gc-op>
<gc-op id="592" type="classunload" timems="0.009" contextid="588" timestamp="2019-08-09T08:13:52.328">
  <classunload-info classloadercandidates="55" classloadersunloaded="0" classesunloaded="0" anonymousclassesunloaded="0" quiescems="0.000" setupms="0.008" scanms="0.000" postms="0.000" />
</gc-op>
<heap-resize id="593" type="expand" space="default" amount="14680064" count="1" timems="0.118" reason="excessive time being spent in gc" timestamp="2019-08-09T08:13:52.328" />
<gc-end id="594" type="partial gc" contextid="588" durationms="13.165" usertimems="47.417" systemtimems="0.000" timestamp="2019-08-09T08:13:52.328" activeThreads="16">
  <mem-info id="595" free="48234496" total="94371840" percent="51">
    <mem type="eden" free="744656" total="2097152" percent="35" />
    <remembered-set count="27168" freebytes="3664128" totalbytes="3772800" percent="97" regionsoverflowed="0" regionsstable="0" regionsrebuilding="0"/>
  </mem-info>
</gc-end>
<cycle-end id="596" type="partial gc" contextid="588" timestamp="2019-08-09T08:13:52.328" />
  <attribute name="elasticGC enabled" value="1" />
  <attribute name= "numThreadsSpecified" value="16" />
  <attribute name="heapSize specified" value="0" />
  <attribute name="Current GC Util" value="42" />
  <attribute name= "Current Time Running" value="67404" />
  <attribute name ="GC Interval" value="0" />
  <attribute name="Target GC Util Change" value ="80.000000" />
  <attribute name="Current GC Util Change" value="42.000000"/>
  <attribute name="Current Error" value="59.000000" />
  <attribute name="Output H" value="79729656"/>
  <attribute name="Output I" value="2040"/>
  <attribute name="Output T" value="16"/>
  <attribute name= "Current Time Running" value="67404" />
  <attribute name="GC Util currently" value="42" />
  <attribute name="CPU Util currently" value="623895862100" />
<exclusive-end id="597" timestamp="2019-08-09T08:13:52.328" durationms="13.668" />

<exclusive-start id="598" timestamp="2019-08-09T08:13:52.362" intervalms="47.802">
  <response-info timems="0.017" idlems="0.017" threads="0" lastid="000000000212BF00" lastname="main" />
</exclusive-start>
<allocation-taxation id="599" taxation-threshold="14680064" timestamp="2019-08-09T08:13:52.363" intervalms="47.803" />
<gc-start id="600" type="global mark phase" contextid="577" timestamp="2019-08-09T08:13:52.363">
  <mem-info id="601" free="33554432" total="94371840" percent="35">
    <remembered-set count="26784" freebytes="3665664" totalbytes="3772800" percent="97" regionsoverflowed="0" regionsstable="0" regionsrebuilding="0"/>
  </mem-info>
</gc-start>
<gc-op id="602" type="mark increment" timems="7.759" contextid="577" timestamp="2019-08-09T08:13:52.370">
  <trace-info objectcount="58512" scancount="49661" scanbytes="1377288" />
  <cardclean-info objects="15976" bytes="455376" />
  <finalization candidates="81" enqueued="0" />
  <ownableSynchronizers candidates="21" cleared="0" />
  <references type="soft" candidates="2717" cleared="0" enqueued="0" dynamicThreshold="16" maxThreshold="32" />
  <references type="weak" candidates="5595" cleared="46" enqueued="46" />
  <references type="phantom" candidates="98" cleared="0" enqueued="0" />
  <stringconstants candidates="13328" cleared="12"  />
</gc-op>
<gc-op id="603" type="classunload" timems="0.008" contextid="577" timestamp="2019-08-09T08:13:52.370">
  <classunload-info classloadercandidates="55" classloadersunloaded="0" classesunloaded="0" anonymousclassesunloaded="0" quiescems="0.000" setupms="0.008" scanms="0.000" postms="0.000" />
</gc-op>
<gc-end id="604" type="global mark phase" contextid="577" durationms="7.897" usertimems="20.098" systemtimems="0.000" timestamp="2019-08-09T08:13:52.370" activeThreads="16">
  <mem-info id="605" free="33554432" total="94371840" percent="35">
    <pending-finalizers system="0" default="0" reference="46" classloader="0" />
    <remembered-set count="26784" freebytes="3665664" totalbytes="3772800" percent="97" regionsoverflowed="0" regionsstable="0" regionsrebuilding="0"/>
  </mem-info>
</gc-end>
<cycle-end id="606" type="global mark phase" contextid="577" timestamp="2019-08-09T08:13:52.371" />
  <attribute name="elasticGC enabled" value="1" />
  <attribute name= "numThreadsSpecified" value="16" />
  <attribute name="heapSize specified" value="0" />
  <attribute name="Current GC Util" value="237" />
  <attribute name= "Current Time Running" value="67453" />
  <attribute name ="GC Interval" value="0" />
  <attribute name="Target GC Util Change" value ="80.000000" />
  <attribute name="Current GC Util Change" value="237.000000"/>
  <attribute name="Current Error" value="-210.000000" />
  <attribute name="Output H" value="94409560"/>
  <attribute name="Output I" value="1880"/>
  <attribute name="Output T" value="16"/>
  <attribute name= "Current Time Running" value="67453" />
  <attribute name="GC Util currently" value="237" />
  <attribute name="CPU Util currently" value="642231695557" />
<exclusive-end id="607" timestamp="2019-08-09T08:13:52.371" durationms="8.195" />

<exclusive-start id="608" timestamp="2019-08-09T08:13:52.409" intervalms="46.169">
  <response-info timems="0.020" idlems="0.020" threads="0" lastid="000000000212BF00" lastname="main" />
</exclusive-start>
<allocation-taxation id="609" taxation-threshold="14680064" timestamp="2019-08-09T08:13:52.409" intervalms="46.178" />
<cycle-start id="610" type="partial gc" contextid="0" timestamp="2019-08-09T08:13:52.409" intervalms="94.006" />
<gc-start id="611" type="partial gc" contextid="610" timestamp="2019-08-09T08:13:52.409">
  <mem-info id="612" free="18874368" total="94371840" percent="20">
    <mem type="eden" free="0" total="29360128" percent="0" />
    <remembered-set count="26784" freebytes="3665664" totalbytes="3772800" percent="97" regionsoverflowed="0" regionsstable="0" regionsrebuilding="0"/>
  </mem-info>
</gc-start>
<allocation-stats totalBytes="29328368" >
  <allocated-bytes non-tlh="65544" tlh="29262824" arrayletleaf="0"/>
  <largest-consumer threadName="main" threadId="000000000212BF00" bytes="14662288" />
</allocation-stats>
<gc-op id="613" type="sweep" timems="1.829" contextid="610" timestamp="2019-08-09T08:13:52.411" />
<gc-op id="614" type="copy forward" timems="9.720" contextid="610" timestamp="2019-08-09T08:13:52.421">
  <memory-copied type="eden" objects="30299" bytes="742696" bytesdiscarded="36810" />
  <memory-copied type="other" objects="83898" bytes="2204632" bytesdiscarded="112542" />
  <memory-cardclean objects="5708" bytes="231216" />
  <regions eden="7" other="9" />
  <remembered-set-cleared processed="18212" cleared="3280" durationms="0.154" />
  <references type="soft" candidates="1" cleared="0" enqueued="0" dynamicThreshold="11" maxThreshold="32" />
  <stringconstants candidates="13316" cleared="0"  />
</gc-op>
<gc-op id="615" type="classunload" timems="0.011" contextid="610" timestamp="2019-08-09T08:13:52.422">
  <classunload-info classloadercandidates="55" classloadersunloaded="0" classesunloaded="0" anonymousclassesunloaded="0" quiescems="0.000" setupms="0.011" scanms="0.000" postms="0.000" />
</gc-op>
<heap-resize id="616" type="expand" space="default" amount="16777216" count="1" timems="0.195" reason="excessive time being spent in gc" timestamp="2019-08-09T08:13:52.422" />
<gc-end id="617" type="partial gc" contextid="610" durationms="12.947" usertimems="44.009" systemtimems="0.000" timestamp="2019-08-09T08:13:52.422" activeThreads="16">
  <mem-info id="618" free="62914560" total="111149056" percent="56">
    <mem type="eden" free="336272" total="2097152" percent="16" />
    <remembered-set count="31840" freebytes="4316160" totalbytes="4443520" percent="97" regionsoverflowed="0" regionsstable="0" regionsrebuilding="0"/>
  </mem-info>
</gc-end>
<cycle-end id="619" type="partial gc" contextid="610" timestamp="2019-08-09T08:13:52.422" />
  <attribute name="elasticGC enabled" value="1" />
  <attribute name= "numThreadsSpecified" value="16" />
  <attribute name="heapSize specified" value="0" />
  <attribute name="Current GC Util" value="136" />
  <attribute name= "Current Time Running" value="67499" />
  <attribute name ="GC Interval" value="0" />
  <attribute name="Target GC Util Change" value ="80.000000" />
  <attribute name="Current GC Util Change" value="136.000000"/>
  <attribute name="Current Error" value="-120.000000" />
  <attribute name="Output H" value="94409616"/>
  <attribute name="Output I" value="1936"/>
  <attribute name="Output T" value="16"/>
  <attribute name= "Current Time Running" value="67499" />
  <attribute name="GC Util currently" value="136" />
  <attribute name="CPU Util currently" value="2251637079208" />
<exclusive-end id="620" timestamp="2019-08-09T08:13:52.422" durationms="13.480" />

<exclusive-start id="621" timestamp="2019-08-09T08:13:52.504" intervalms="95.283">
  <response-info timems="0.018" idlems="0.018" threads="0" lastid="000000000212BF00" lastname="main" />
</exclusive-start>
<allocation-taxation id="622" taxation-threshold="35651584" timestamp="2019-08-09T08:13:52.505" intervalms="96.542" />
<cycle-start id="623" type="partial gc" contextid="0" timestamp="2019-08-09T08:13:52.505" intervalms="96.567" />
<gc-start id="624" type="partial gc" contextid="623" timestamp="2019-08-09T08:13:52.506">
  <mem-info id="625" free="27262976" total="111149056" percent="24">
    <mem type="eden" free="0" total="35651584" percent="0" />
    <remembered-set count="31712" freebytes="4316672" totalbytes="4443520" percent="97" regionsoverflowed="0" regionsstable="0" regionsrebuilding="0"/>
  </mem-info>
</gc-start>
<allocation-stats totalBytes="35619840" >
  <allocated-bytes non-tlh="0" tlh="35619840" arrayletleaf="0"/>
  <largest-consumer threadName="main" threadId="000000000212BF00" bytes="35619840" />
</allocation-stats>
<gc-op id="626" type="copy forward" timems="14.347" contextid="623" timestamp="2019-08-09T08:13:52.521">
  <memory-copied type="eden" objects="72578" bytes="1769032" bytesdiscarded="102720" />
  <memory-copied type="other" objects="79121" bytes="2434992" bytesdiscarded="206344" />
  <memory-cardclean objects="42268" bytes="1535296" />
  <regions eden="17" other="3" />
  <remembered-set-cleared processed="15583" cleared="8144" durationms="0.235" />
  <finalization candidates="13" enqueued="0" />
  <references type="soft" candidates="64" cleared="0" enqueued="0" dynamicThreshold="18" maxThreshold="32" />
  <references type="weak" candidates="144" cleared="0" enqueued="0" />
  <references type="phantom" candidates="51" cleared="0" enqueued="0" />
  <stringconstants candidates="13316" cleared="0"  />
</gc-op>
<gc-op id="627" type="classunload" timems="0.009" contextid="623" timestamp="2019-08-09T08:13:52.521">
  <classunload-info classloadercandidates="55" classloadersunloaded="0" classesunloaded="0" anonymousclassesunloaded="0" quiescems="0.000" setupms="0.008" scanms="0.000" postms="0.000" />
</gc-op>
<heap-resize id="628" type="expand" space="default" amount="14680064" count="1" timems="0.118" reason="excessive time being spent in gc" timestamp="2019-08-09T08:13:52.522" />
<gc-end id="629" type="partial gc" contextid="623" durationms="16.028" usertimems="55.593" systemtimems="0.000" timestamp="2019-08-09T08:13:52.522" activeThreads="16">
  <mem-info id="630" free="75497472" total="125829120" percent="60">
    <mem type="eden" free="225400" total="2097152" percent="10" />
    <remembered-set count="34464" freebytes="4892544" totalbytes="5030400" percent="97" regionsoverflowed="0" regionsstable="0" regionsrebuilding="0"/>
  </mem-info>
</gc-end>
<cycle-end id="631" type="partial gc" contextid="623" timestamp="2019-08-09T08:13:52.522" />
  <attribute name="elasticGC enabled" value="1" />
  <attribute name= "numThreadsSpecified" value="16" />
  <attribute name="heapSize specified" value="0" />
  <attribute name="Current GC Util" value="194" />
  <attribute name= "Current Time Running" value="67594" />
  <attribute name ="GC Interval" value="0" />
  <attribute name="Target GC Util Change" value ="80.000000" />
  <attribute name="Current GC Util Change" value="194.000000"/>
  <attribute name="Current Error" value="-196.000000" />
  <attribute name="Output H" value="111186784"/>
  <attribute name="Output I" value="1888"/>
  <attribute name="Output T" value="16"/>
  <attribute name= "Current Time Running" value="67594" />
  <attribute name="GC Util currently" value="194" />
  <attribute name="CPU Util currently" value="1085210849139" />
<exclusive-end id="632" timestamp="2019-08-09T08:13:52.522" durationms="18.111" />

<exclusive-start id="633" timestamp="2019-08-09T08:13:52.613" intervalms="109.294">
  <response-info timems="0.018" idlems="0.018" threads="0" lastid="000000000212BF00" lastname="main" />
</exclusive-start>
<allocation-taxation id="634" taxation-threshold="37748736" timestamp="2019-08-09T08:13:52.613" intervalms="108.027" />
<cycle-start id="635" type="partial gc" contextid="0" timestamp="2019-08-09T08:13:52.613" intervalms="108.018" />
<gc-start id="636" type="partial gc" contextid="635" timestamp="2019-08-09T08:13:52.614">
  <mem-info id="637" free="37748736" total="125829120" percent="30">
    <mem type="eden" free="0" total="37748736" percent="0" />
    <remembered-set count="34400" freebytes="4892800" totalbytes="5030400" percent="97" regionsoverflowed="0" regionsstable="0" regionsrebuilding="0"/>
  </mem-info>
</gc-start>
<allocation-stats totalBytes="37706672" >
  <allocated-bytes non-tlh="262160" tlh="37444512" arrayletleaf="0"/>
  <largest-consumer threadName="main" threadId="000000000212BF00" bytes="37706672" />
</allocation-stats>
<gc-op id="638" type="copy forward" timems="11.483" contextid="635" timestamp="2019-08-09T08:13:52.626">
  <memory-copied type="eden" objects="79558" bytes="2256424" bytesdiscarded="132496" />
  <memory-copied type="other" objects="72579" bytes="1770152" bytesdiscarded="74672" />
  <memory-cardclean objects="11526" bytes="444736" />
  <regions eden="18" other="2" />
  <remembered-set-cleared processed="24179" cleared="4727" durationms="0.182" />
  <references type="soft" candidates="1" cleared="0" enqueued="0" dynamicThreshold="19" maxThreshold="32" />
  <references type="weak" candidates="6" cleared="0" enqueued="0" />
  <stringconstants candidates="13316" cleared="0"  />
</gc-op>
<gc-op id="639" type="classunload" timems="0.012" contextid="635" timestamp="2019-08-09T08:13:52.626">
  <classunload-info classloadercandidates="55" classloadersunloaded="0" classesunloaded="0" anonymousclassesunloaded="0" quiescems="0.000" setupms="0.012" scanms="0.000" postms="0.000" />
</gc-op>
<heap-resize id="640" type="expand" space="default" amount="10485760" count="1" timems="0.118" reason="excessive time being spent in gc" timestamp="2019-08-09T08:13:52.626" />
<gc-end id="641" type="partial gc" contextid="635" durationms="12.874" usertimems="52.756" systemtimems="0.000" timestamp="2019-08-09T08:13:52.626" activeThreads="16">
  <mem-info id="642" free="81788928" total="136314880" percent="60">
    <mem type="eden" free="1805384" total="4194304" percent="43" />
    <remembered-set count="40064" freebytes="5289344" totalbytes="5449600" percent="97" regionsoverflowed="0" regionsstable="0" regionsrebuilding="0"/>
  </mem-info>
</gc-end>
<cycle-end id="643" type="partial gc" contextid="635" timestamp="2019-08-09T08:13:52.627" />
  <attribute name="elasticGC enabled" value="1" />
  <attribute name= "numThreadsSpecified" value="16" />
  <attribute name="heapSize specified" value="0" />
  <attribute name="Current GC Util" value="138" />
  <attribute name= "Current Time Running" value="67702" />
  <attribute name ="GC Interval" value="0" />
  <attribute name="Target GC Util Change" value ="80.000000" />
  <attribute name="Current GC Util Change" value="138.000000"/>
  <attribute name="Current Error" value="-223.000000" />
  <attribute name="Output H" value="125866832"/>
  <attribute name="Output I" value="1872"/>
  <attribute name="Output T" value="16"/>
  <attribute name= "Current Time Running" value="67702" />
  <attribute name="GC Util currently" value="138" />
  <attribute name="CPU Util currently" value="1722925578177" />
<exclusive-end id="644" timestamp="2019-08-09T08:13:52.627" durationms="13.427" />

<exclusive-start id="645" timestamp="2019-08-09T08:13:52.756" intervalms="142.568">
  <response-info timems="0.019" idlems="0.019" threads="0" lastid="000000000212BF00" lastname="main" />
</exclusive-start>
<allocation-taxation id="646" taxation-threshold="41943040" timestamp="2019-08-09T08:13:52.756" intervalms="142.570" />
<cycle-start id="647" type="partial gc" contextid="0" timestamp="2019-08-09T08:13:52.756" intervalms="142.540" />
<gc-start id="648" type="partial gc" contextid="647" timestamp="2019-08-09T08:13:52.756">
  <mem-info id="649" free="39845888" total="136314880" percent="29">
    <mem type="eden" free="0" total="41943040" percent="0" />
    <remembered-set count="39744" freebytes="5290624" totalbytes="5449600" percent="97" regionsoverflowed="0" regionsstable="0" regionsrebuilding="0"/>
  </mem-info>
</gc-start>
<allocation-stats totalBytes="41912400" >
  <allocated-bytes non-tlh="1875056" tlh="40037344" arrayletleaf="0"/>
  <largest-consumer threadName="main" threadId="000000000212BF00" bytes="41912400" />
</allocation-stats>
<gc-op id="650" type="copy forward" timems="14.470" contextid="647" timestamp="2019-08-09T08:13:52.772">
  <memory-copied type="eden" objects="88727" bytes="3403536" bytesdiscarded="203200" />
  <memory-copied type="other" objects="79736" bytes="2262832" bytesdiscarded="138320" />
  <memory-cardclean objects="10094" bytes="410072" />
  <regions eden="20" other="3" />
  <remembered-set-cleared processed="28909" cleared="5941" durationms="0.461" />
  <finalization candidates="1" enqueued="1" />
  <references type="soft" candidates="1" cleared="0" enqueued="0" dynamicThreshold="19" maxThreshold="32" />
  <references type="weak" candidates="14" cleared="0" enqueued="0" />
  <stringconstants candidates="13316" cleared="0"  />
</gc-op>
<gc-op id="651" type="classunload" timems="0.009" contextid="647" timestamp="2019-08-09T08:13:52.772">
  <classunload-info classloadercandidates="55" classloadersunloaded="0" classesunloaded="0" anonymousclassesunloaded="0" quiescems="0.000" setupms="0.008" scanms="0.000" postms="0.000" />
</gc-op>
<gc-end id="652" type="partial gc" contextid="647" durationms="16.086" usertimems="65.665" systemtimems="0.000" timestamp="2019-08-09T08:13:52.772" activeThreads="16">
  <mem-info id="653" free="77594624" total="136314880" percent="56">
    <mem type="eden" free="587544" total="4194304" percent="14" />
    <pending-finalizers system="0" default="1" reference="0" classloader="0" />
    <remembered-set count="44672" freebytes="5270912" totalbytes="5449600" percent="96" regionsoverflowed="0" regionsstable="0" regionsrebuilding="0"/>
  </mem-info>
</gc-end>
<cycle-end id="654" type="partial gc" contextid="647" timestamp="2019-08-09T08:13:52.772" />
  <attribute name="elasticGC enabled" value="1" />
  <attribute name= "numThreadsSpecified" value="16" />
  <attribute name="heapSize specified" value="0" />
  <attribute name="Current GC Util" value="184" />
  <attribute name= "Current Time Running" value="67845" />
  <attribute name ="GC Interval" value="0" />
  <attribute name="Target GC Util Change" value ="80.000000" />
  <attribute name="Current GC Util Change" value="184.000000"/>
  <attribute name="Current Error" value="-60.000000" />
  <attribute name="Output H" value="136352688"/>
  <attribute name="Output I" value="1968"/>
  <attribute name="Output T" value="16"/>
  <attribute name= "Current Time Running" value="67845" />
  <attribute name="GC Util currently" value="184" />
  <attribute name="CPU Util currently" value="1078048845749" />
<exclusive-end id="655" timestamp="2019-08-09T08:13:52.772" durationms="16.604" />

-------------------------------------------------------------------------------
PYBENCH 2.0
-------------------------------------------------------------------------------
* using Python 2.5.2
* system check interval set to maximum: 2147483647
* using timer: time.time

Calibrating tests. Please wait...

Running 4 round(s) of the suite at warp factor 10:

<exclusive-start id="656" timestamp="2019-08-09T08:13:53.028" intervalms="271.886">
  <response-info timems="0.016" idlems="0.016" threads="0" lastid="000000000212BF00" lastname="main" />
</exclusive-start>
<allocation-taxation id="657" taxation-threshold="41943040" timestamp="2019-08-09T08:13:53.028" intervalms="271.898" />
<cycle-start id="658" type="partial gc" contextid="0" timestamp="2019-08-09T08:13:53.028" intervalms="272.036" />
<gc-start id="659" type="partial gc" contextid="658" timestamp="2019-08-09T08:13:53.028">
  <mem-info id="660" free="35651584" total="136314880" percent="26">
    <mem type="eden" free="0" total="41943040" percent="0" />
    <remembered-set count="44640" freebytes="5271040" totalbytes="5449600" percent="96" regionsoverflowed="0" regionsstable="0" regionsrebuilding="0"/>
  </mem-info>
</gc-start>
<allocation-stats totalBytes="41939600" >
  <allocated-bytes non-tlh="149376" tlh="41790224" arrayletleaf="0"/>
  <largest-consumer threadName="main" threadId="000000000212BF00" bytes="41939600" />
</allocation-stats>
<gc-op id="661" type="copy forward" timems="16.031" contextid="658" timestamp="2019-08-09T08:13:53.045">
  <memory-copied type="eden" objects="54397" bytes="1409096" bytesdiscarded="124264" />
  <memory-copied type="other" objects="89652" bytes="2153688" bytesdiscarded="187216" />
  <memory-cardclean objects="5683" bytes="443040" />
  <regions eden="20" other="3" />
  <remembered-set-cleared processed="33259" cleared="5393" durationms="0.340" />
  <references type="soft" candidates="2143" cleared="0" enqueued="0" dynamicThreshold="18" maxThreshold="32" />
  <references type="weak" candidates="122" cleared="0" enqueued="0" />
  <stringconstants candidates="13775" cleared="5"  />
</gc-op>
<gc-op id="662" type="classunload" timems="0.009" contextid="658" timestamp="2019-08-09T08:13:53.045">
  <classunload-info classloadercandidates="55" classloadersunloaded="0" classesunloaded="0" anonymousclassesunloaded="0" quiescems="0.000" setupms="0.009" scanms="0.000" postms="0.000" />
</gc-op>
<gc-end id="663" type="partial gc" contextid="658" durationms="17.411" usertimems="52.450" systemtimems="0.000" timestamp="2019-08-09T08:13:53.046" activeThreads="16">
  <mem-info id="664" free="75497472" total="136314880" percent="55">
    <mem type="eden" free="563752" total="2097152" percent="26" />
    <remembered-set count="46592" freebytes="5263232" totalbytes="5449600" percent="96" regionsoverflowed="0" regionsstable="0" regionsrebuilding="0"/>
  </mem-info>
</gc-end>
<cycle-end id="665" type="partial gc" contextid="658" timestamp="2019-08-09T08:13:53.046" />
  <attribute name="elasticGC enabled" value="1" />
  <attribute name= "numThreadsSpecified" value="16" />
  <attribute name="heapSize specified" value="0" />
  <attribute name="Current GC Util" value="208" />
  <attribute name= "Current Time Running" value="68116" />
  <attribute name ="GC Interval" value="0" />
  <attribute name="Target GC Util Change" value ="80.000000" />
  <attribute name="Current GC Util Change" value="208.000000"/>
  <attribute name="Current Error" value="-131.000000" />
  <attribute name="Output H" value="136352648"/>
  <attribute name="Output I" value="1928"/>
  <attribute name="Output T" value="16"/>
  <attribute name= "Current Time Running" value="68116" />
  <attribute name="GC Util currently" value="208" />
  <attribute name="CPU Util currently" value="1434417278098" />
<exclusive-end id="666" timestamp="2019-08-09T08:13:53.046" durationms="18.154" />

<exclusive-start id="667" timestamp="2019-08-09T08:13:54.909" intervalms="1881.141">
  <response-info timems="0.020" idlems="0.020" threads="0" lastid="000000000212BF00" lastname="main" />
</exclusive-start>
<allocation-taxation id="668" taxation-threshold="41943040" timestamp="2019-08-09T08:13:54.909" intervalms="1881.128" />
<cycle-start id="669" type="partial gc" contextid="0" timestamp="2019-08-09T08:13:54.909" intervalms="1881.009" />
<gc-start id="670" type="partial gc" contextid="669" timestamp="2019-08-09T08:13:54.909">
  <mem-info id="671" free="33554432" total="136314880" percent="24">
    <mem type="eden" free="0" total="41943040" percent="0" />
    <remembered-set count="46592" freebytes="5263232" totalbytes="5449600" percent="96" regionsoverflowed="0" regionsstable="0" regionsrebuilding="0"/>
  </mem-info>
</gc-start>
<allocation-stats totalBytes="41908920" >
  <allocated-bytes non-tlh="64" tlh="41908856" arrayletleaf="0"/>
  <largest-consumer threadName="main" threadId="000000000212BF00" bytes="41908920" />
</allocation-stats>
<gc-op id="672" type="copy forward" timems="12.888" contextid="669" timestamp="2019-08-09T08:13:54.925">
  <memory-copied type="eden" objects="82" bytes="3208" bytesdiscarded="0" />
  <memory-copied type="other" objects="54750" bytes="1420800" bytesdiscarded="67936" />
  <memory-cardclean objects="2999" bytes="103832" />
  <regions eden="20" other="2" />
  <remembered-set-cleared processed="36423" cleared="3228" durationms="0.213" />
  <references type="soft" candidates="2149" cleared="0" enqueued="0" dynamicThreshold="17" maxThreshold="32" />
  <references type="weak" candidates="80" cleared="0" enqueued="0" />
  <stringconstants candidates="13771" cleared="0"  />
</gc-op>
<gc-op id="673" type="classunload" timems="0.008" contextid="669" timestamp="2019-08-09T08:13:54.925">
  <classunload-info classloadercandidates="55" classloadersunloaded="0" classesunloaded="0" anonymousclassesunloaded="0" quiescems="0.000" setupms="0.008" scanms="0.000" postms="0.000" />
</gc-op>
<heap-resize id="674" type="contract" space="default" amount="8388608" count="1" timems="0.100" reason="insufficient time being spent in gc" timestamp="2019-08-09T08:13:54.925" />
<gc-end id="675" type="partial gc" contextid="669" durationms="15.723" usertimems="52.208" systemtimems="0.000" timestamp="2019-08-09T08:13:54.925" activeThreads="16">
  <mem-info id="676" free="65011712" total="127926272" percent="50">
    <mem type="eden" free="2093944" total="2097152" percent="99" />
    <remembered-set count="47872" freebytes="5258112" totalbytes="5449600" percent="96" regionsoverflowed="0" regionsstable="0" regionsrebuilding="0"/>
  </mem-info>
</gc-end>
<cycle-end id="677" type="partial gc" contextid="669" timestamp="2019-08-09T08:13:54.925" />
  <attribute name="elasticGC enabled" value="1" />
  <attribute name= "numThreadsSpecified" value="16" />
  <attribute name="heapSize specified" value="0" />
  <attribute name="Current GC Util" value="484" />
  <attribute name= "Current Time Running" value="69999" />
  <attribute name ="GC Interval" value="0" />
  <attribute name="Target GC Util Change" value ="80.000000" />
  <attribute name="Current GC Util Change" value="484.000000"/>
  <attribute name="Current Error" value="-457.000000" />
  <attribute name="Output H" value="136352464"/>
  <attribute name="Output I" value="1744"/>
  <attribute name="Output T" value="16"/>
  <attribute name= "Current Time Running" value="69999" />
  <attribute name="GC Util currently" value="484" />
  <attribute name="CPU Util currently" value="500484453950" />
<exclusive-end id="678" timestamp="2019-08-09T08:13:54.925" durationms="16.242" />

<exclusive-start id="679" timestamp="2019-08-09T08:13:54.960" intervalms="50.759">
  <response-info timems="0.057" idlems="0.057" threads="0" lastid="000000000212BF00" lastname="main" />
</exclusive-start>
<allocation-taxation id="680" taxation-threshold="39845888" timestamp="2019-08-09T08:13:54.960" intervalms="50.762" />
<cycle-start id="681" type="partial gc" contextid="0" timestamp="2019-08-09T08:13:54.960" intervalms="50.821" />
<gc-start id="682" type="partial gc" contextid="681" timestamp="2019-08-09T08:13:54.960">
  <mem-info id="683" free="25165824" total="127926272" percent="19">
    <mem type="eden" free="0" total="39845888" percent="0" />
    <remembered-set count="47552" freebytes="5259392" totalbytes="5449600" percent="96" regionsoverflowed="0" regionsstable="0" regionsrebuilding="0"/>
  </mem-info>
</gc-start>
<allocation-stats totalBytes="39696272" >
  <allocated-bytes non-tlh="0" tlh="39696272" arrayletleaf="0"/>
  <largest-consumer threadName="main" threadId="000000000212BF00" bytes="39696272" />
</allocation-stats>
<gc-op id="684" type="copy forward" timems="9.098" contextid="681" timestamp="2019-08-09T08:13:54.971">
  <memory-copied type="eden" objects="1" bytes="32" bytesdiscarded="0" />
  <memory-copied type="other" objects="13152" bytes="776344" bytesdiscarded="61120" />
  <memory-cardclean objects="2774" bytes="123280" />
  <regions eden="19" other="3" />
  <remembered-set-cleared processed="36468" cleared="1871" durationms="0.309" />
  <references type="soft" candidates="63" cleared="0" enqueued="0" dynamicThreshold="16" maxThreshold="32" />
  <references type="weak" candidates="161" cleared="0" enqueued="0" />
  <references type="phantom" candidates="3" cleared="0" enqueued="0" />
  <stringconstants candidates="13771" cleared="0"  />
</gc-op>
<gc-op id="685" type="classunload" timems="0.007" contextid="681" timestamp="2019-08-09T08:13:54.971">
  <classunload-info classloadercandidates="55" classloadersunloaded="0" classesunloaded="0" anonymousclassesunloaded="0" quiescems="0.000" setupms="0.007" scanms="0.000" postms="0.000" />
</gc-op>
<heap-resize id="686" type="contract" space="default" amount="8388608" count="1" timems="0.068" reason="insufficient time being spent in gc" timestamp="2019-08-09T08:13:54.971" />
<gc-end id="687" type="partial gc" contextid="681" durationms="11.294" usertimems="34.128" systemtimems="0.000" timestamp="2019-08-09T08:13:54.971" activeThreads="16">
  <mem-info id="688" free="56623104" total="119537664" percent="47">
    <mem type="eden" free="2097120" total="2097152" percent="99" />
    <remembered-set count="47680" freebytes="4923520" totalbytes="5114240" percent="96" regionsoverflowed="0" regionsstable="0" regionsrebuilding="0"/>
  </mem-info>
</gc-end>
<cycle-end id="689" type="partial gc" contextid="681" timestamp="2019-08-09T08:13:54.971" />
  <attribute name="elasticGC enabled" value="1" />
  <attribute name= "numThreadsSpecified" value="16" />
  <attribute name="heapSize specified" value="0" />
  <attribute name="Current GC Util" value="74" />
  <attribute name= "Current Time Running" value="70049" />
  <attribute name ="GC Interval" value="0" />
  <attribute name="Target GC Util Change" value ="80.000000" />
  <attribute name="Current GC Util Change" value="74.000000"/>
  <attribute name="Current Error" value="2.000000" />
  <attribute name="Output H" value="127964120"/>
  <attribute name="Output I" value="2008"/>
  <attribute name="Output T" value="16"/>
  <attribute name= "Current Time Running" value="70049" />
  <attribute name="GC Util currently" value="74" />
  <attribute name="CPU Util currently" value="687058636484" />
<exclusive-end id="690" timestamp="2019-08-09T08:13:54.972" durationms="11.983" />

<exclusive-start id="691" timestamp="2019-08-09T08:13:55.003" intervalms="43.671">
  <response-info timems="0.046" idlems="0.046" threads="0" lastid="000000000212BF00" lastname="main" />
</exclusive-start>
<allocation-taxation id="692" taxation-threshold="37748736" timestamp="2019-08-09T08:13:55.003" intervalms="43.666" />
<cycle-start id="693" type="partial gc" contextid="0" timestamp="2019-08-09T08:13:55.003" intervalms="43.637" />
<gc-start id="694" type="partial gc" contextid="693" timestamp="2019-08-09T08:13:55.004">
  <mem-info id="695" free="18874368" total="119537664" percent="15">
    <mem type="eden" free="2097120" total="39845888" percent="5" />
    <remembered-set count="47552" freebytes="4924032" totalbytes="5114240" percent="96" regionsoverflowed="0" regionsstable="0" regionsrebuilding="0"/>
  </mem-info>
</gc-start>
<allocation-stats totalBytes="37618344" >
  <allocated-bytes non-tlh="0" tlh="37618344" arrayletleaf="0"/>
  <largest-consumer threadName="main" threadId="000000000212BF00" bytes="37618344" />
</allocation-stats>
<gc-op id="696" type="copy forward" timems="9.695" contextid="693" timestamp="2019-08-09T08:13:55.016">
  <memory-copied type="eden" objects="2" bytes="56" bytesdiscarded="0" />
  <memory-copied type="other" objects="37226" bytes="1513432" bytesdiscarded="161200" />
  <memory-cardclean objects="190932" bytes="6902616" />
  <regions eden="18" other="4" />
  <remembered-set-cleared processed="19754" cleared="10911" durationms="0.179" />
  <finalization candidates="67" enqueued="0" />
  <ownableSynchronizers candidates="21" cleared="0" />
  <references type="soft" candidates="920" cleared="0" enqueued="0" dynamicThreshold="15" maxThreshold="32" />
  <references type="weak" candidates="2612" cleared="0" enqueued="0" />
  <references type="phantom" candidates="12" cleared="0" enqueued="0" />
  <stringconstants candidates="13771" cleared="0"  />
</gc-op>
<gc-op id="697" type="classunload" timems="0.010" contextid="693" timestamp="2019-08-09T08:13:55.016">
  <classunload-info classloadercandidates="55" classloadersunloaded="0" classesunloaded="0" anonymousclassesunloaded="0" quiescems="0.000" setupms="0.010" scanms="0.000" postms="0.000" />
</gc-op>
<heap-resize id="698" type="contract" space="default" amount="6291456" count="1" timems="0.142" reason="insufficient time being spent in gc" timestamp="2019-08-09T08:13:55.016" />
<gc-end id="699" type="partial gc" contextid="693" durationms="12.225" usertimems="44.585" systemtimems="0.000" timestamp="2019-08-09T08:13:55.016" activeThreads="8">
  <mem-info id="700" free="52428800" total="113246208" percent="46">
    <mem type="eden" free="2097096" total="2097152" percent="99" />
    <remembered-set count="43584" freebytes="4604544" totalbytes="4778880" percent="96" regionsoverflowed="0" regionsstable="0" regionsrebuilding="0"/>
  </mem-info>
</gc-end>
<cycle-end id="701" type="partial gc" contextid="693" timestamp="2019-08-09T08:13:55.016" />
  <attribute name="elasticGC enabled" value="1" />
  <attribute name= "numThreadsSpecified" value="8" />
  <attribute name="heapSize specified" value="0" />
  <attribute name="Current GC Util" value="99" />
  <attribute name= "Current Time Running" value="70093" />
  <attribute name ="GC Interval" value="0" />
  <attribute name="Target GC Util Change" value ="80.000000" />
  <attribute name="Current GC Util Change" value="99.000000"/>
  <attribute name="Current Error" value="-10.000000" />
  <attribute name="Output H" value="119575504"/>
  <attribute name="Output I" value="2000"/>
  <attribute name="Output T" value="8"/>
  <attribute name= "Current Time Running" value="70093" />
  <attribute name="GC Util currently" value="99" />
  <attribute name="CPU Util currently" value="644803465834" />
<exclusive-end id="702" timestamp="2019-08-09T08:13:55.016" durationms="12.817" />

<exclusive-start id="703" timestamp="2019-08-09T08:13:55.039" intervalms="35.260">
  <response-info timems="0.042" idlems="0.042" threads="0" lastid="000000000212BF00" lastname="main" />
</exclusive-start>
<allocation-taxation id="704" taxation-threshold="35651584" timestamp="2019-08-09T08:13:55.039" intervalms="35.258" />
<cycle-start id="705" type="partial gc" contextid="0" timestamp="2019-08-09T08:13:55.039" intervalms="35.240" />
<gc-start id="706" type="partial gc" contextid="705" timestamp="2019-08-09T08:13:55.039">
  <mem-info id="707" free="16777216" total="113246208" percent="14">
    <mem type="eden" free="2097096" total="37748736" percent="5" />
    <remembered-set count="43360" freebytes="4605440" totalbytes="4778880" percent="96" regionsoverflowed="0" regionsstable="0" regionsrebuilding="0"/>
  </mem-info>
</gc-start>
<allocation-stats totalBytes="35531176" >
  <allocated-bytes non-tlh="0" tlh="35531176" arrayletleaf="0"/>
  <largest-consumer threadName="main" threadId="000000000212BF00" bytes="35531176" />
</allocation-stats>
<gc-op id="708" type="copy forward" timems="13.185" contextid="705" timestamp="2019-08-09T08:13:55.054">
  <memory-copied type="eden" objects="2" bytes="56" bytesdiscarded="0" />
  <memory-copied type="other" objects="1226" bytes="40472" bytesdiscarded="4504" />
  <memory-cardclean objects="30806" bytes="1537912" />
  <regions eden="17" other="2" />
  <remembered-set-cleared processed="32060" cleared="4526" durationms="1.086" />
  <references type="soft" candidates="1" cleared="0" enqueued="0" dynamicThreshold="14" maxThreshold="32" />
  <references type="weak" candidates="163" cleared="0" enqueued="0" />
  <stringconstants candidates="13771" cleared="0"  />
</gc-op>
<gc-op id="709" type="classunload" timems="0.008" contextid="705" timestamp="2019-08-09T08:13:55.054">
  <classunload-info classloadercandidates="55" classloadersunloaded="0" classesunloaded="0" anonymousclassesunloaded="0" quiescems="0.000" setupms="0.008" scanms="0.000" postms="0.000" />
</gc-op>
<heap-resize id="710" type="expand" space="default" amount="20971520" count="1" timems="0.114" reason="excessive time being spent in gc" timestamp="2019-08-09T08:13:55.054" />
<gc-end id="711" type="partial gc" contextid="705" durationms="14.878" usertimems="43.258" systemtimems="0.000" timestamp="2019-08-09T08:13:55.054" activeThreads="16">
  <mem-info id="712" free="73400320" total="134217728" percent="54">
    <mem type="eden" free="2097096" total="2097152" percent="99" />
    <remembered-set count="46944" freebytes="5177984" totalbytes="5365760" percent="96" regionsoverflowed="0" regionsstable="0" regionsrebuilding="0"/>
  </mem-info>
</gc-end>
<cycle-end id="713" type="partial gc" contextid="705" timestamp="2019-08-09T08:13:55.054" />
  <attribute name="elasticGC enabled" value="1" />
  <attribute name= "numThreadsSpecified" value="16" />
  <attribute name="heapSize specified" value="0" />
  <attribute name="Current GC Util" value="173" />
  <attribute name= "Current Time Running" value="70128" />
  <attribute name ="GC Interval" value="0" />
  <attribute name="Target GC Util Change" value ="80.000000" />
  <attribute name="Current GC Util Change" value="173.000000"/>
  <attribute name="Current Error" value="-143.000000" />
  <attribute name="Output H" value="113283968"/>
  <attribute name="Output I" value="1920"/>
  <attribute name="Output T" value="16"/>
  <attribute name= "Current Time Running" value="70128" />
  <attribute name="GC Util currently" value="173" />
  <attribute name="CPU Util currently" value="1145971177464" />
<exclusive-end id="714" timestamp="2019-08-09T08:13:55.054" durationms="15.544" />

<exclusive-start id="715" timestamp="2019-08-09T08:13:55.075" intervalms="36.903">
  <response-info timems="0.026" idlems="0.026" threads="0" lastid="000000000212BF00" lastname="main" />
</exclusive-start>
<allocation-taxation id="716" taxation-threshold="39845888" timestamp="2019-08-09T08:13:55.075" intervalms="36.939" />
<cycle-start id="717" type="partial gc" contextid="0" timestamp="2019-08-09T08:13:55.076" intervalms="37.055" />
<gc-start id="718" type="partial gc" contextid="717" timestamp="2019-08-09T08:13:55.076">
  <mem-info id="719" free="33554432" total="134217728" percent="25">
    <mem type="eden" free="2097096" total="41943040" percent="4" />
    <remembered-set count="46880" freebytes="5178240" totalbytes="5365760" percent="96" regionsoverflowed="0" regionsstable="0" regionsrebuilding="0"/>
  </mem-info>
</gc-start>
<allocation-stats totalBytes="39711728" >
  <allocated-bytes non-tlh="0" tlh="39711728" arrayletleaf="0"/>
  <largest-consumer threadName="main" threadId="000000000212BF00" bytes="39711728" />
</allocation-stats>
<gc-op id="720" type="copy forward" timems="14.738" contextid="717" timestamp="2019-08-09T08:13:55.092">
  <memory-copied type="eden" objects="2" bytes="56" bytesdiscarded="0" />
  <memory-copied type="other" objects="2272" bytes="92200" bytesdiscarded="11048" />
  <memory-cardclean objects="1696" bytes="67288" />
  <regions eden="19" other="2" />
  <remembered-set-cleared processed="34995" cleared="1053" durationms="0.302" />
  <references type="soft" candidates="39" cleared="0" enqueued="0" dynamicThreshold="17" maxThreshold="32" />
  <references type="weak" candidates="82" cleared="0" enqueued="0" />
  <stringconstants candidates="13771" cleared="0"  />
</gc-op>
<gc-op id="721" type="classunload" timems="0.012" contextid="717" timestamp="2019-08-09T08:13:55.092">
  <classunload-info classloadercandidates="55" classloadersunloaded="0" classesunloaded="0" anonymousclassesunloaded="0" quiescems="0.000" setupms="0.012" scanms="0.000" postms="0.000" />
</gc-op>
<heap-resize id="722" type="expand" space="default" amount="18874368" count="1" timems="0.191" reason="excessive time being spent in gc" timestamp="2019-08-09T08:13:55.092" />
<gc-end id="723" type="partial gc" contextid="717" durationms="16.103" usertimems="36.379" systemtimems="0.000" timestamp="2019-08-09T08:13:55.092" activeThreads="16">
  <mem-info id="724" free="92274688" total="153092096" percent="60">
    <mem type="eden" free="2097096" total="2097152" percent="99" />
    <remembered-set count="46176" freebytes="5935616" totalbytes="6120320" percent="96" regionsoverflowed="0" regionsstable="0" regionsrebuilding="0"/>
  </mem-info>
</gc-end>
<cycle-end id="725" type="partial gc" contextid="717" timestamp="2019-08-09T08:13:55.092" />
  <attribute name="elasticGC enabled" value="1" />
  <attribute name= "numThreadsSpecified" value="16" />
  <attribute name="heapSize specified" value="0" />
  <attribute name="Current GC Util" value="123" />
  <attribute name= "Current Time Running" value="70164" />
  <attribute name ="GC Interval" value="0" />
  <attribute name="Target GC Util Change" value ="80.000000" />
  <attribute name="Current GC Util Change" value="123.000000"/>
  <attribute name="Current Error" value="-80.000000" />
  <attribute name="Output H" value="134255528"/>
  <attribute name="Output I" value="1960"/>
  <attribute name="Output T" value="16"/>
  <attribute name= "Current Time Running" value="70164" />
  <attribute name="GC Util currently" value="123" />
  <attribute name="CPU Util currently" value="1743727887916" />
<exclusive-end id="726" timestamp="2019-08-09T08:13:55.092" durationms="16.823" />

<exclusive-start id="727" timestamp="2019-08-09T08:13:55.104" intervalms="29.073">
  <response-info timems="0.019" idlems="0.019" threads="0" lastid="000000000212BF00" lastname="main" />
</exclusive-start>
<allocation-taxation id="728" taxation-threshold="23068672" timestamp="2019-08-09T08:13:55.105" intervalms="29.071" />
<cycle-start id="729" type="global mark phase" contextid="0" timestamp="2019-08-09T08:13:55.105" intervalms="2863.998" />
<gc-start id="730" type="global mark phase" contextid="729" timestamp="2019-08-09T08:13:55.105">
  <mem-info id="731" free="69206016" total="153092096" percent="45">
    <remembered-set count="46080" freebytes="5936000" totalbytes="6120320" percent="96" regionsoverflowed="0" regionsstable="0" regionsrebuilding="0"/>
  </mem-info>
</gc-start>
<gc-op id="732" type="mark increment" timems="3.906" contextid="729" timestamp="2019-08-09T08:13:55.109">
  <trace-info objectcount="8126" scancount="1711" scanbytes="87620" />
</gc-op>
<gc-end id="733" type="global mark phase" contextid="729" durationms="3.946" usertimems="10.930" systemtimems="0.000" timestamp="2019-08-09T08:13:55.109" activeThreads="16">
  <mem-info id="734" free="69206016" total="153092096" percent="45">
    <remembered-set count="46080" freebytes="5936000" totalbytes="6120320" percent="96" regionsoverflowed="0" regionsstable="0" regionsrebuilding="0"/>
  </mem-info>
</gc-end>
<concurrent-start id="735" type="GMP work packet processing" contextid="729" timestamp="2019-08-09T08:13:55.109">
  <concurrent-mark-start scanTarget="10318641" />
</concurrent-start>
<exclusive-end id="736" timestamp="2019-08-09T08:13:55.109" durationms="4.214" />

<concurrent-end id="737" type="GMP work packet processing" contextid="729" timestamp="2019-08-09T08:13:55.119">
  <concurrent-mark-end bytesScanned="10510048" reasonForTermination="Work target met" />
</concurrent-end>

<exclusive-start id="738" timestamp="2019-08-09T08:13:55.135" intervalms="30.085">
  <response-info timems="0.039" idlems="0.039" threads="0" lastid="000000000212BF00" lastname="main" />
</exclusive-start>
<allocation-taxation id="739" taxation-threshold="23068672" timestamp="2019-08-09T08:13:55.135" intervalms="30.055" />
<cycle-start id="740" type="partial gc" contextid="0" timestamp="2019-08-09T08:13:55.135" intervalms="59.130" />
<gc-start id="741" type="partial gc" contextid="740" timestamp="2019-08-09T08:13:55.135">
  <mem-info id="742" free="46137344" total="153092096" percent="30">
    <mem type="eden" free="2097096" total="48234496" percent="4" />
    <remembered-set count="46080" freebytes="5936000" totalbytes="6120320" percent="96" regionsoverflowed="0" regionsstable="0" regionsrebuilding="0"/>
  </mem-info>
</gc-start>
<allocation-stats totalBytes="45982592" >
  <allocated-bytes non-tlh="0" tlh="45982592" arrayletleaf="0"/>
  <largest-consumer threadName="main" threadId="000000000212BF00" bytes="22993144" />
</allocation-stats>
<gc-op id="743" type="copy forward" timems="13.105" contextid="740" timestamp="2019-08-09T08:13:55.149">
  <memory-copied type="eden" objects="2" bytes="56" bytesdiscarded="0" />
  <memory-copied type="other" objects="8704" bytes="334800" bytesdiscarded="26008" />
  <memory-cardclean objects="1672" bytes="84024" />
  <regions eden="22" other="3" />
  <remembered-set-cleared processed="34786" cleared="1827" durationms="0.467" />
  <references type="soft" candidates="142" cleared="0" enqueued="0" dynamicThreshold="14" maxThreshold="32" />
  <references type="weak" candidates="791" cleared="0" enqueued="0" />
  <stringconstants candidates="13771" cleared="0"  />
</gc-op>
<gc-op id="744" type="classunload" timems="0.009" contextid="740" timestamp="2019-08-09T08:13:55.149">
  <classunload-info classloadercandidates="55" classloadersunloaded="0" classesunloaded="0" anonymousclassesunloaded="0" quiescems="0.000" setupms="0.009" scanms="0.000" postms="0.000" />
</gc-op>
<gc-end id="745" type="partial gc" contextid="740" durationms="14.328" usertimems="52.530" systemtimems="0.000" timestamp="2019-08-09T08:13:55.150" activeThreads="16">
  <mem-info id="746" free="94371840" total="153092096" percent="61">
    <mem type="eden" free="2097096" total="2097152" percent="99" />
    <remembered-set count="45952" freebytes="5936512" totalbytes="6120320" percent="96" regionsoverflowed="0" regionsstable="0" regionsrebuilding="0"/>
  </mem-info>
</gc-end>
<cycle-end id="747" type="partial gc" contextid="740" timestamp="2019-08-09T08:13:55.150" />
  <attribute name="elasticGC enabled" value="1" />
  <attribute name= "numThreadsSpecified" value="16" />
  <attribute name="heapSize specified" value="0" />
  <attribute name="Current GC Util" value="129" />
  <attribute name= "Current Time Running" value="70223" />
  <attribute name ="GC Interval" value="0" />
  <attribute name="Target GC Util Change" value ="80.000000" />
  <attribute name="Current GC Util Change" value="129.000000"/>
  <attribute name="Current Error" value="-280.000000" />
  <attribute name="Output H" value="153129776"/>
  <attribute name="Output I" value="1840"/>
  <attribute name="Output T" value="16"/>
  <attribute name= "Current Time Running" value="70223" />
  <attribute name="GC Util currently" value="129" />
  <attribute name="CPU Util currently" value="1427382971474" />
<exclusive-end id="748" timestamp="2019-08-09T08:13:55.150" durationms="15.199" />

<exclusive-start id="749" timestamp="2019-08-09T08:13:55.162" intervalms="27.648">
  <response-info timems="0.040" idlems="0.040" threads="0" lastid="000000000212BF00" lastname="main" />
</exclusive-start>
<allocation-taxation id="750" taxation-threshold="23068672" timestamp="2019-08-09T08:13:55.162" intervalms="27.645" />
<gc-start id="751" type="global mark phase" contextid="729" timestamp="2019-08-09T08:13:55.162">
  <mem-info id="752" free="71303168" total="153092096" percent="46">
    <remembered-set count="45952" freebytes="5936512" totalbytes="6120320" percent="96" regionsoverflowed="0" regionsstable="0" regionsrebuilding="0"/>
  </mem-info>
</gc-start>
<gc-end id="753" type="global mark phase" contextid="729" durationms="0.017" usertimems="0.016" systemtimems="0.000" timestamp="2019-08-09T08:13:55.162" activeThreads="16">
  <mem-info id="754" free="71303168" total="153092096" percent="46">
    <remembered-set count="45952" freebytes="5936512" totalbytes="6120320" percent="96" regionsoverflowed="0" regionsstable="0" regionsrebuilding="0"/>
  </mem-info>
</gc-end>
<concurrent-start id="755" type="GMP work packet processing" contextid="729" timestamp="2019-08-09T08:13:55.162">
  <concurrent-mark-start scanTarget="10318641" />
</concurrent-start>
<exclusive-end id="756" timestamp="2019-08-09T08:13:55.163" durationms="0.335" />

<concurrent-end id="757" type="GMP work packet processing" contextid="729" timestamp="2019-08-09T08:13:55.165">
  <concurrent-mark-end bytesScanned="3047808" reasonForTermination="Completed all work in GC phase" />
</concurrent-end>

<exclusive-start id="758" timestamp="2019-08-09T08:13:55.176" intervalms="14.012">
  <response-info timems="0.041" idlems="0.041" threads="0" lastid="000000000212BF00" lastname="main" />
</exclusive-start>
<allocation-taxation id="759" taxation-threshold="23068672" timestamp="2019-08-09T08:13:55.176" intervalms="14.014" />
<cycle-start id="760" type="partial gc" contextid="0" timestamp="2019-08-09T08:13:55.176" intervalms="41.523" />
<gc-start id="761" type="partial gc" contextid="760" timestamp="2019-08-09T08:13:55.177">
  <mem-info id="762" free="48234496" total="153092096" percent="31">
    <mem type="eden" free="2097096" total="48234496" percent="4" />
    <remembered-set count="45952" freebytes="5936512" totalbytes="6120320" percent="96" regionsoverflowed="0" regionsstable="0" regionsrebuilding="0"/>
  </mem-info>
</gc-start>
<allocation-stats totalBytes="45982616" >
  <allocated-bytes non-tlh="0" tlh="45982616" arrayletleaf="0"/>
  <largest-consumer threadName="main" threadId="000000000212BF00" bytes="22993168" />
</allocation-stats>
<gc-op id="763" type="copy forward" timems="17.035" contextid="760" timestamp="2019-08-09T08:13:55.195">
  <memory-copied type="eden" objects="2" bytes="56" bytesdiscarded="0" />
  <memory-copied type="other" objects="6837" bytes="256040" bytesdiscarded="20792" />
  <memory-cardclean objects="542" bytes="164144" />
  <regions eden="22" other="2" />
  <remembered-set-cleared processed="35227" cleared="930" durationms="0.376" />
  <references type="soft" candidates="634" cleared="0" enqueued="0" dynamicThreshold="14" maxThreshold="32" />
  <references type="weak" candidates="48" cleared="0" enqueued="0" />
  <stringconstants candidates="13771" cleared="0"  />
</gc-op>
<gc-op id="764" type="classunload" timems="0.015" contextid="760" timestamp="2019-08-09T08:13:55.195">
  <classunload-info classloadercandidates="55" classloadersunloaded="0" classesunloaded="0" anonymousclassesunloaded="0" quiescems="0.000" setupms="0.015" scanms="0.000" postms="0.000" />
</gc-op>
<heap-resize id="765" type="contract" space="default" amount="2097152" count="1" timems="0.139" reason="excess free space following gc" timestamp="2019-08-09T08:13:55.196" />
<gc-end id="766" type="partial gc" contextid="760" durationms="19.176" usertimems="59.151" systemtimems="0.000" timestamp="2019-08-09T08:13:55.196" activeThreads="16">
  <mem-info id="767" free="92274688" total="150994944" percent="61">
    <mem type="eden" free="2097096" total="2097152" percent="99" />
    <remembered-set count="45888" freebytes="5936768" totalbytes="6120320" percent="97" regionsoverflowed="0" regionsstable="0" regionsrebuilding="0"/>
  </mem-info>
</gc-end>
<cycle-end id="768" type="partial gc" contextid="760" timestamp="2019-08-09T08:13:55.196" />
  <attribute name="elasticGC enabled" value="1" />
  <attribute name= "numThreadsSpecified" value="16" />
  <attribute name="heapSize specified" value="0" />
  <attribute name="Current GC Util" value="61" />
  <attribute name= "Current Time Running" value="70266" />
  <attribute name ="GC Interval" value="0" />
  <attribute name="Target GC Util Change" value ="80.000000" />
  <attribute name="Current GC Util Change" value="61.000000"/>
  <attribute name="Current Error" value="-322.000000" />
  <attribute name="Output H" value="153129752"/>
  <attribute name="Output I" value="1816"/>
  <attribute name="Output T" value="16"/>
  <attribute name= "Current Time Running" value="70266" />
  <attribute name="GC Util currently" value="61" />
  <attribute name="CPU Util currently" value="818067604983" />
<exclusive-end id="769" timestamp="2019-08-09T08:13:55.196" durationms="19.806" />

<exclusive-start id="770" timestamp="2019-08-09T08:13:55.209" intervalms="32.675">
  <response-info timems="0.055" idlems="0.055" threads="0" lastid="000000000212BF00" lastname="main" />
</exclusive-start>
<allocation-taxation id="771" taxation-threshold="20971520" timestamp="2019-08-09T08:13:55.209" intervalms="32.683" />
<gc-start id="772" type="global mark phase" contextid="729" timestamp="2019-08-09T08:13:55.209">
  <mem-info id="773" free="71303168" total="150994944" percent="47">
    <remembered-set count="45664" freebytes="5937664" totalbytes="6120320" percent="97" regionsoverflowed="0" regionsstable="0" regionsrebuilding="0"/>
  </mem-info>
</gc-start>
<gc-op id="774" type="mark increment" timems="9.628" contextid="729" timestamp="2019-08-09T08:13:55.219">
  <trace-info objectcount="28" scancount="21" scanbytes="115344" />
  <cardclean-info objects="3445" bytes="151312" />
  <finalization candidates="81" enqueued="1" />
  <ownableSynchronizers candidates="21" cleared="0" />
  <references type="soft" candidates="4855" cleared="0" enqueued="0" dynamicThreshold="19" maxThreshold="32" />
  <references type="weak" candidates="5604" cleared="4" enqueued="3" />
  <references type="phantom" candidates="98" cleared="0" enqueued="0" />
  <stringconstants candidates="13771" cleared="2"  />
</gc-op>
<gc-op id="775" type="classunload" timems="0.496" contextid="729" timestamp="2019-08-09T08:13:55.219">
  <classunload-info classloadercandidates="55" classloadersunloaded="1" classesunloaded="1" anonymousclassesunloaded="0" quiescems="0.000" setupms="0.481" scanms="0.010" postms="0.005" />
</gc-op>
<gc-end id="776" type="global mark phase" contextid="729" durationms="10.264" usertimems="31.519" systemtimems="0.000" timestamp="2019-08-09T08:13:55.219" activeThreads="16">
  <mem-info id="777" free="71303168" total="150994944" percent="47">
    <pending-finalizers system="0" default="1" reference="3" classloader="0" />
    <remembered-set count="45664" freebytes="5937664" totalbytes="6120320" percent="97" regionsoverflowed="0" regionsstable="0" regionsrebuilding="0"/>
  </mem-info>
</gc-end>
<cycle-end id="778" type="global mark phase" contextid="729" timestamp="2019-08-09T08:13:55.219" />
  <attribute name="elasticGC enabled" value="1" />
  <attribute name= "numThreadsSpecified" value="16" />
  <attribute name="heapSize specified" value="0" />
  <attribute name="Current GC Util" value="159" />
  <attribute name= "Current Time Running" value="70300" />
  <attribute name ="GC Interval" value="0" />
  <attribute name="Target GC Util Change" value ="80.000000" />
  <attribute name="Current GC Util Change" value="159.000000"/>
  <attribute name="Current Error" value="-251.000000" />
  <attribute name="Output H" value="151032640"/>
  <attribute name="Output I" value="1856"/>
  <attribute name="Output T" value="16"/>
  <attribute name= "Current Time Running" value="70300" />
  <attribute name="GC Util currently" value="159" />
  <attribute name="CPU Util currently" value="495244381291" />
<exclusive-end id="779" timestamp="2019-08-09T08:13:55.219" durationms="10.596" />

<exclusive-start id="780" timestamp="2019-08-09T08:13:55.237" intervalms="28.492">
  <response-info timems="0.042" idlems="0.042" threads="0" lastid="000000000212BF00" lastname="main" />
</exclusive-start>
<allocation-taxation id="781" taxation-threshold="20971520" timestamp="2019-08-09T08:13:55.237" intervalms="28.485" />
<cycle-start id="782" type="partial gc" contextid="0" timestamp="2019-08-09T08:13:55.238" intervalms="61.198" />
<gc-start id="783" type="partial gc" contextid="782" timestamp="2019-08-09T08:13:55.238">
  <mem-info id="784" free="50331648" total="150994944" percent="33">
    <mem type="eden" free="2097096" total="44040192" percent="4" />
    <remembered-set count="45664" freebytes="5937664" totalbytes="6120320" percent="97" regionsoverflowed="0" regionsstable="0" regionsrebuilding="0"/>
  </mem-info>
</gc-start>
<allocation-stats totalBytes="41802016" >
  <allocated-bytes non-tlh="0" tlh="41802016" arrayletleaf="0"/>
  <largest-consumer threadName="main" threadId="000000000212BF00" bytes="20902856" />
</allocation-stats>
<gc-op id="785" type="sweep" timems="2.824" contextid="782" timestamp="2019-08-09T08:13:55.241" />
<gc-op id="786" type="copy forward" timems="9.532" contextid="782" timestamp="2019-08-09T08:13:55.251">
  <memory-copied type="eden" objects="2" bytes="56" bytesdiscarded="0" />
  <memory-copied type="other" objects="33533" bytes="887704" bytesdiscarded="40224" />
  <memory-cardclean objects="5529" bytes="436592" />
  <regions eden="10" other="3" />
  <remembered-set-cleared processed="34646" cleared="4185" durationms="0.232" />
  <references type="soft" candidates="145" cleared="0" enqueued="0" dynamicThreshold="15" maxThreshold="32" />
  <references type="weak" candidates="73" cleared="0" enqueued="0" />
  <references type="phantom" candidates="2" cleared="0" enqueued="0" />
  <stringconstants candidates="13769" cleared="0"  />
</gc-op>
<gc-op id="787" type="classunload" timems="0.012" contextid="782" timestamp="2019-08-09T08:13:55.252">
  <classunload-info classloadercandidates="54" classloadersunloaded="0" classesunloaded="0" anonymousclassesunloaded="0" quiescems="0.000" setupms="0.012" scanms="0.000" postms="0.000" />
</gc-op>
<heap-resize id="788" type="contract" space="default" amount="4194304" count="1" timems="0.235" reason="excess free space following gc" timestamp="2019-08-09T08:13:55.252" />
<gc-end id="789" type="partial gc" contextid="782" durationms="14.949" usertimems="34.360" systemtimems="0.000" timestamp="2019-08-09T08:13:55.253" activeThreads="16">
  <mem-info id="790" free="90177536" total="146800640" percent="61">
    <mem type="eden" free="2097096" total="2097152" percent="99" />
    <remembered-set count="45664" freebytes="5853824" totalbytes="6036480" percent="96" regionsoverflowed="0" regionsstable="0" regionsrebuilding="0"/>
  </mem-info>
</gc-end>
<cycle-end id="791" type="partial gc" contextid="782" timestamp="2019-08-09T08:13:55.253" />
  <attribute name="elasticGC enabled" value="1" />
  <attribute name= "numThreadsSpecified" value="16" />
  <attribute name="heapSize specified" value="0" />
  <attribute name="Current GC Util" value="99" />
  <attribute name= "Current Time Running" value="70329" />
  <attribute name ="GC Interval" value="0" />
  <attribute name="Target GC Util Change" value ="80.000000" />
  <attribute name="Current GC Util Change" value="99.000000"/>
  <attribute name="Current Error" value="-358.000000" />
  <attribute name="Output H" value="151032584"/>
  <attribute name="Output I" value="1800"/>
  <attribute name="Output T" value="16"/>
  <attribute name= "Current Time Running" value="70329" />
  <attribute name="GC Util currently" value="99" />
  <attribute name="CPU Util currently" value="1333625012842" />
<exclusive-end id="792" timestamp="2019-08-09T08:13:55.253" durationms="15.593" />

<exclusive-start id="793" timestamp="2019-08-09T08:13:55.279" intervalms="41.571">
  <response-info timems="0.036" idlems="0.036" threads="0" lastid="000000000212BF00" lastname="main" />
</exclusive-start>
<allocation-taxation id="794" taxation-threshold="44040192" timestamp="2019-08-09T08:13:55.279" intervalms="41.571" />
<cycle-start id="795" type="partial gc" contextid="0" timestamp="2019-08-09T08:13:55.279" intervalms="41.532" />
<gc-start id="796" type="partial gc" contextid="795" timestamp="2019-08-09T08:13:55.279">
  <mem-info id="797" free="46137344" total="146800640" percent="31">
    <mem type="eden" free="2097096" total="46137344" percent="4" />
    <remembered-set count="45216" freebytes="5855616" totalbytes="6036480" percent="97" regionsoverflowed="0" regionsstable="0" regionsrebuilding="0"/>
  </mem-info>
</gc-start>
<allocation-stats totalBytes="43892304" >
  <allocated-bytes non-tlh="0" tlh="43892304" arrayletleaf="0"/>
  <largest-consumer threadName="main" threadId="000000000212BF00" bytes="43892304" />
</allocation-stats>
<gc-op id="798" type="copy forward" timems="7.659" contextid="795" timestamp="2019-08-09T08:13:55.289">
  <memory-copied type="eden" objects="2" bytes="56" bytesdiscarded="736" />
  <memory-copied type="other" objects="7495" bytes="288088" bytesdiscarded="25184" />
  <memory-cardclean objects="2587" bytes="105568" />
  <regions eden="21" other="6" />
  <remembered-set-cleared processed="34468" cleared="1965" durationms="0.265" />
  <references type="soft" candidates="141" cleared="0" enqueued="0" dynamicThreshold="19" maxThreshold="32" />
  <references type="weak" candidates="318" cleared="0" enqueued="0" />
  <stringconstants candidates="13769" cleared="0"  />
</gc-op>
<gc-op id="799" type="classunload" timems="0.007" contextid="795" timestamp="2019-08-09T08:13:55.289">
  <classunload-info classloadercandidates="54" classloadersunloaded="0" classesunloaded="0" anonymousclassesunloaded="0" quiescems="0.000" setupms="0.007" scanms="0.000" postms="0.000" />
</gc-op>
<heap-resize id="800" type="contract" space="default" amount="8388608" count="1" timems="0.150" reason="excess free space following gc" timestamp="2019-08-09T08:13:55.289" />
<gc-end id="801" type="partial gc" contextid="795" durationms="9.614" usertimems="27.507" systemtimems="0.000" timestamp="2019-08-09T08:13:55.289" activeThreads="16">
  <mem-info id="802" free="85983232" total="138412032" percent="62">
    <mem type="eden" free="2096360" total="2097152" percent="99" />
    <remembered-set count="44416" freebytes="5691136" totalbytes="5868800" percent="96" regionsoverflowed="0" regionsstable="0" regionsrebuilding="0"/>
  </mem-info>
</gc-end>
<cycle-end id="803" type="partial gc" contextid="795" timestamp="2019-08-09T08:13:55.289" />
  <attribute name="elasticGC enabled" value="1" />
  <attribute name= "numThreadsSpecified" value="16" />
  <attribute name="heapSize specified" value="0" />
  <attribute name="Current GC Util" value="142" />
  <attribute name= "Current Time Running" value="70368" />
  <attribute name ="GC Interval" value="0" />
  <attribute name="Target GC Util Change" value ="80.000000" />
  <attribute name="Current GC Util Change" value="142.000000"/>
  <attribute name="Current Error" value="-62.000000" />
  <attribute name="Output H" value="146838448"/>
  <attribute name="Output I" value="1968"/>
  <attribute name="Output T" value="16"/>
  <attribute name= "Current Time Running" value="70368" />
  <attribute name="GC Util currently" value="142" />
  <attribute name="CPU Util currently" value="875829922961" />
<exclusive-end id="804" timestamp="2019-08-09T08:13:55.289" durationms="10.120" />

<exclusive-start id="805" timestamp="2019-08-09T08:13:55.313" intervalms="33.802">
  <response-info timems="0.037" idlems="0.037" threads="0" lastid="000000000212BF00" lastname="main" />
</exclusive-start>
<allocation-taxation id="806" taxation-threshold="41943040" timestamp="2019-08-09T08:13:55.313" intervalms="33.800" />
<cycle-start id="807" type="partial gc" contextid="0" timestamp="2019-08-09T08:13:55.313" intervalms="33.818" />
<gc-start id="808" type="partial gc" contextid="807" timestamp="2019-08-09T08:13:55.313">
  <mem-info id="809" free="44040192" total="138412032" percent="31">
    <mem type="eden" free="2096360" total="44040192" percent="4" />
    <remembered-set count="44352" freebytes="5691392" totalbytes="5868800" percent="96" regionsoverflowed="0" regionsstable="0" regionsrebuilding="0"/>
  </mem-info>
</gc-start>
<allocation-stats totalBytes="41802016" >
  <allocated-bytes non-tlh="0" tlh="41802016" arrayletleaf="0"/>
  <largest-consumer threadName="main" threadId="000000000212BF00" bytes="41802016" />
</allocation-stats>
<gc-op id="810" type="copy forward" timems="12.914" contextid="807" timestamp="2019-08-09T08:13:55.328">
  <memory-copied type="eden" objects="2" bytes="56" bytesdiscarded="0" />
  <memory-copied type="other" objects="6562" bytes="241792" bytesdiscarded="24576" />
  <memory-cardclean objects="31705" bytes="1416448" />
  <regions eden="20" other="4" />
  <remembered-set-cleared processed="31359" cleared="5846" durationms="0.275" />
  <references type="soft" candidates="53" cleared="0" enqueued="0" dynamicThreshold="19" maxThreshold="32" />
  <references type="weak" candidates="581" cleared="0" enqueued="0" />
  <stringconstants candidates="13769" cleared="0"  />
</gc-op>
<gc-op id="811" type="classunload" timems="0.011" contextid="807" timestamp="2019-08-09T08:13:55.328">
  <classunload-info classloadercandidates="54" classloadersunloaded="0" classesunloaded="0" anonymousclassesunloaded="0" quiescems="0.000" setupms="0.011" scanms="0.000" postms="0.000" />
</gc-op>
<heap-resize id="812" type="contract" space="default" amount="8388608" count="1" timems="0.320" reason="excess free space following gc" timestamp="2019-08-09T08:13:55.328" />
<gc-end id="813" type="partial gc" contextid="807" durationms="15.445" usertimems="56.967" systemtimems="0.000" timestamp="2019-08-09T08:13:55.329" activeThreads="16">
  <mem-info id="814" free="81788928" total="130023424" percent="62">
    <mem type="eden" free="2097096" total="2097152" percent="99" />
    <remembered-set count="44352" freebytes="5356032" totalbytes="5533440" percent="96" regionsoverflowed="0" regionsstable="0" regionsrebuilding="0"/>
  </mem-info>
</gc-end>
<cycle-end id="815" type="partial gc" contextid="807" timestamp="2019-08-09T08:13:55.329" />
  <attribute name="elasticGC enabled" value="1" />
  <attribute name= "numThreadsSpecified" value="16" />
  <attribute name="heapSize specified" value="0" />
  <attribute name="Current GC Util" value="168" />
  <attribute name= "Current Time Running" value="70402" />
  <attribute name ="GC Interval" value="0" />
  <attribute name="Target GC Util Change" value ="80.000000" />
  <attribute name="Current GC Util Change" value="168.000000"/>
  <attribute name="Current Error" value="-149.000000" />
  <attribute name="Output H" value="138449792"/>
  <attribute name="Output I" value="1920"/>
  <attribute name="Output T" value="16"/>
  <attribute name= "Current Time Running" value="70402" />
  <attribute name="GC Util currently" value="168" />
  <attribute name="CPU Util currently" value="660448683452" />
<exclusive-end id="816" timestamp="2019-08-09T08:13:55.329" durationms="15.963" />

<exclusive-start id="817" timestamp="2019-08-09T08:13:55.351" intervalms="37.744">
  <response-info timems="0.067" idlems="0.067" threads="0" lastid="000000000212BF00" lastname="main" />
</exclusive-start>
<allocation-taxation id="818" taxation-threshold="39845888" timestamp="2019-08-09T08:13:55.351" intervalms="37.743" />
<cycle-start id="819" type="partial gc" contextid="0" timestamp="2019-08-09T08:13:55.351" intervalms="37.721" />
<gc-start id="820" type="partial gc" contextid="819" timestamp="2019-08-09T08:13:55.351">
  <mem-info id="821" free="41943040" total="130023424" percent="32">
    <mem type="eden" free="2097096" total="41943040" percent="4" />
    <remembered-set count="43904" freebytes="5357824" totalbytes="5533440" percent="96" regionsoverflowed="0" regionsstable="0" regionsrebuilding="0"/>
  </mem-info>
</gc-start>
<allocation-stats totalBytes="39711752" >
  <allocated-bytes non-tlh="0" tlh="39711752" arrayletleaf="0"/>
  <largest-consumer threadName="main" threadId="000000000212BF00" bytes="39711752" />
</allocation-stats>
<gc-op id="822" type="copy forward" timems="13.932" contextid="819" timestamp="2019-08-09T08:13:55.366">
  <memory-copied type="eden" objects="2" bytes="56" bytesdiscarded="0" />
  <memory-copied type="other" objects="27997" bytes="1090136" bytesdiscarded="81728" />
  <memory-cardclean objects="16382" bytes="640832" />
  <regions eden="19" other="4" />
  <remembered-set-cleared processed="32059" cleared="5112" durationms="0.321" />
  <finalization candidates="17" enqueued="0" />
  <ownableSynchronizers candidates="17" cleared="0" />
  <references type="soft" candidates="870" cleared="0" enqueued="0" dynamicThreshold="20" maxThreshold="32" />
  <references type="weak" candidates="2209" cleared="0" enqueued="0" />
  <stringconstants candidates="13769" cleared="0"  />
</gc-op>
<gc-op id="823" type="classunload" timems="0.011" contextid="819" timestamp="2019-08-09T08:13:55.366">
  <classunload-info classloadercandidates="54" classloadersunloaded="0" classesunloaded="0" anonymousclassesunloaded="0" quiescems="0.000" setupms="0.011" scanms="0.000" postms="0.000" />
</gc-op>
<heap-resize id="824" type="contract" space="default" amount="8388608" count="1" timems="0.390" reason="excess free space following gc" timestamp="2019-08-09T08:13:55.367" />
<gc-end id="825" type="partial gc" contextid="819" durationms="15.989" usertimems="55.403" systemtimems="0.000" timestamp="2019-08-09T08:13:55.367" activeThreads="16">
  <mem-info id="826" free="77594624" total="121634816" percent="63">
    <mem type="eden" free="2097096" total="2097152" percent="99" />
    <remembered-set count="42336" freebytes="5028736" totalbytes="5198080" percent="96" regionsoverflowed="0" regionsstable="0" regionsrebuilding="0"/>
  </mem-info>
</gc-end>
<cycle-end id="827" type="partial gc" contextid="819" timestamp="2019-08-09T08:13:55.367" />
  <attribute name="elasticGC enabled" value="1" />
  <attribute name= "numThreadsSpecified" value="16" />
  <attribute name="heapSize specified" value="0" />
  <attribute name="Current GC Util" value="118" />
  <attribute name= "Current Time Running" value="70439" />
  <attribute name ="GC Interval" value="0" />
  <attribute name="Target GC Util Change" value ="80.000000" />
  <attribute name="Current GC Util Change" value="118.000000"/>
  <attribute name="Current Error" value="-215.000000" />
  <attribute name="Output H" value="130061144"/>
  <attribute name="Output I" value="1880"/>
  <attribute name="Output T" value="16"/>
  <attribute name= "Current Time Running" value="70439" />
  <attribute name="GC Util currently" value="118" />
  <attribute name="CPU Util currently" value="1074105757930" />
<exclusive-end id="828" timestamp="2019-08-09T08:13:55.367" durationms="16.566" />

<exclusive-start id="829" timestamp="2019-08-09T08:13:55.402" intervalms="51.229">
  <response-info timems="0.057" idlems="0.057" threads="0" lastid="000000000212BF00" lastname="main" />
</exclusive-start>
<allocation-taxation id="830" taxation-threshold="37748736" timestamp="2019-08-09T08:13:55.402" intervalms="51.238" />
<cycle-start id="831" type="partial gc" contextid="0" timestamp="2019-08-09T08:13:55.402" intervalms="51.266" />
<gc-start id="832" type="partial gc" contextid="831" timestamp="2019-08-09T08:13:55.402">
  <mem-info id="833" free="39845888" total="121634816" percent="32">
    <mem type="eden" free="2097096" total="39845888" percent="5" />
    <remembered-set count="42176" freebytes="5029376" totalbytes="5198080" percent="96" regionsoverflowed="0" regionsstable="0" regionsrebuilding="0"/>
  </mem-info>
</gc-start>
<allocation-stats totalBytes="37621440" >
  <allocated-bytes non-tlh="0" tlh="37621440" arrayletleaf="0"/>
  <largest-consumer threadName="main" threadId="000000000212BF00" bytes="37621440" />
</allocation-stats>
<gc-op id="834" type="copy forward" timems="14.687" contextid="831" timestamp="2019-08-09T08:13:55.418">
  <memory-copied type="eden" objects="2" bytes="56" bytesdiscarded="0" />
  <memory-copied type="other" objects="26060" bytes="1929944" bytesdiscarded="213280" />
  <memory-cardclean objects="14344" bytes="655464" />
  <regions eden="18" other="4" />
  <remembered-set-cleared processed="31357" cleared="4392" durationms="0.235" />
  <references type="soft" candidates="701" cleared="0" enqueued="0" dynamicThreshold="20" maxThreshold="32" />
  <references type="weak" candidates="1612" cleared="0" enqueued="0" />
  <references type="phantom" candidates="30" cleared="0" enqueued="0" />
  <stringconstants candidates="13769" cleared="0"  />
</gc-op>
<gc-op id="835" type="classunload" timems="0.011" contextid="831" timestamp="2019-08-09T08:13:55.419">
  <classunload-info classloadercandidates="54" classloadersunloaded="0" classesunloaded="0" anonymousclassesunloaded="0" quiescems="0.000" setupms="0.010" scanms="0.000" postms="0.000" />
</gc-op>
<heap-resize id="836" type="contract" space="default" amount="6291456" count="1" timems="0.078" reason="excess free space following gc" timestamp="2019-08-09T08:13:55.419" />
<gc-end id="837" type="partial gc" contextid="831" durationms="16.621" usertimems="46.436" systemtimems="0.000" timestamp="2019-08-09T08:13:55.419" activeThreads="16">
  <mem-info id="838" free="75497472" total="115343360" percent="65">
    <mem type="eden" free="2097096" total="2097152" percent="99" />
    <remembered-set count="42048" freebytes="4694528" totalbytes="4862720" percent="96" regionsoverflowed="0" regionsstable="0" regionsrebuilding="0"/>
  </mem-info>
</gc-end>
<cycle-end id="839" type="partial gc" contextid="831" timestamp="2019-08-09T08:13:55.419" />
  <attribute name="elasticGC enabled" value="1" />
  <attribute name= "numThreadsSpecified" value="16" />
  <attribute name="heapSize specified" value="0" />
  <attribute name="Current GC Util" value="228" />
  <attribute name= "Current Time Running" value="70491" />
  <attribute name ="GC Interval" value="0" />
  <attribute name="Target GC Util Change" value ="80.000000" />
  <attribute name="Current GC Util Change" value="228.000000"/>
  <attribute name="Current Error" value="-148.000000" />
  <attribute name="Output H" value="121672576"/>
  <attribute name="Output I" value="1920"/>
  <attribute name="Output T" value="16"/>
  <attribute name= "Current Time Running" value="70491" />
  <attribute name="GC Util currently" value="228" />
  <attribute name="CPU Util currently" value="835300243128" />
<exclusive-end id="840" timestamp="2019-08-09T08:13:55.419" durationms="17.516" />

<exclusive-start id="841" timestamp="2019-08-09T08:13:55.438" intervalms="36.103">
  <response-info timems="0.051" idlems="0.051" threads="0" lastid="000000000212BF00" lastname="main" />
</exclusive-start>
<allocation-taxation id="842" taxation-threshold="35651584" timestamp="2019-08-09T08:13:55.438" intervalms="36.099" />
<cycle-start id="843" type="partial gc" contextid="0" timestamp="2019-08-09T08:13:55.438" intervalms="36.085" />
<gc-start id="844" type="partial gc" contextid="843" timestamp="2019-08-09T08:13:55.438">
  <mem-info id="845" free="39845888" total="115343360" percent="34">
    <mem type="eden" free="2097096" total="37748736" percent="5" />
    <remembered-set count="35936" freebytes="4718976" totalbytes="4862720" percent="97" regionsoverflowed="0" regionsstable="1" regionsrebuilding="0"/>
  </mem-info>
</gc-start>
<allocation-stats totalBytes="35531176" >
  <allocated-bytes non-tlh="0" tlh="35531176" arrayletleaf="0"/>
  <largest-consumer threadName="main" threadId="000000000212BF00" bytes="35531176" />
</allocation-stats>
<gc-op id="846" type="copy forward" timems="9.812" contextid="843" timestamp="2019-08-09T08:13:55.449">
  <memory-copied type="eden" objects="2" bytes="56" bytesdiscarded="0" />
  <memory-copied type="other" objects="4795" bytes="105888" bytesdiscarded="2152" />
  <memory-cardclean objects="2989" bytes="67656" />
  <regions eden="17" other="2" />
  <remembered-set-cleared processed="26980" cleared="414" durationms="0.502" />
  <stringconstants candidates="13769" cleared="0"  />
</gc-op>
<gc-op id="847" type="classunload" timems="0.008" contextid="843" timestamp="2019-08-09T08:13:55.449">
  <classunload-info classloadercandidates="54" classloadersunloaded="0" classesunloaded="0" anonymousclassesunloaded="0" quiescems="0.000" setupms="0.007" scanms="0.000" postms="0.000" />
</gc-op>
<heap-resize id="848" type="contract" space="default" amount="6291456" count="1" timems="0.157" reason="excess free space following gc" timestamp="2019-08-09T08:13:55.450" />
<gc-end id="849" type="partial gc" contextid="843" durationms="11.386" usertimems="36.025" systemtimems="0.000" timestamp="2019-08-09T08:13:55.450" activeThreads="16">
  <mem-info id="850" free="69206016" total="109051904" percent="63">
    <mem type="eden" free="2097096" total="2097152" percent="99" />
    <remembered-set count="34912" freebytes="4471552" totalbytes="4611200" percent="96" regionsoverflowed="0" regionsstable="1" regionsrebuilding="0"/>
  </mem-info>
</gc-end>
<cycle-end id="851" type="partial gc" contextid="843" timestamp="2019-08-09T08:13:55.450" />
  <attribute name="elasticGC enabled" value="1" />
  <attribute name= "numThreadsSpecified" value="16" />
  <attribute name="heapSize specified" value="0" />
  <attribute name="Current GC Util" value="94" />
  <attribute name= "Current Time Running" value="70527" />
  <attribute name ="GC Interval" value="0" />
  <attribute name="Target GC Util Change" value ="80.000000" />
  <attribute name="Current GC Util Change" value="94.000000"/>
  <attribute name="Current Error" value="-206.000000" />
  <attribute name="Output H" value="115381088"/>
  <attribute name="Output I" value="1888"/>
  <attribute name="Output T" value="16"/>
  <attribute name= "Current Time Running" value="70527" />
  <attribute name="GC Util currently" value="94" />
  <attribute name="CPU Util currently" value="1215619496471" />
<exclusive-end id="852" timestamp="2019-08-09T08:13:55.450" durationms="12.009" />

<exclusive-start id="853" timestamp="2019-08-09T08:13:55.470" intervalms="31.927">
  <response-info timems="0.042" idlems="0.042" threads="0" lastid="000000000212BF00" lastname="main" />
</exclusive-start>
<allocation-taxation id="854" taxation-threshold="33554432" timestamp="2019-08-09T08:13:55.470" intervalms="32.029" />
<cycle-start id="855" type="partial gc" contextid="0" timestamp="2019-08-09T08:13:55.470" intervalms="32.021" />
<gc-start id="856" type="partial gc" contextid="855" timestamp="2019-08-09T08:13:55.470">
  <mem-info id="857" free="35651584" total="109051904" percent="32">
    <mem type="eden" free="2097096" total="35651584" percent="5" />
    <remembered-set count="34912" freebytes="4471552" totalbytes="4611200" percent="96" regionsoverflowed="0" regionsstable="1" regionsrebuilding="0"/>
  </mem-info>
</gc-start>
<allocation-stats totalBytes="33440888" >
  <allocated-bytes non-tlh="0" tlh="33440888" arrayletleaf="0"/>
  <largest-consumer threadName="main" threadId="000000000212BF00" bytes="33440888" />
</allocation-stats>
<gc-op id="858" type="copy forward" timems="10.919" contextid="855" timestamp="2019-08-09T08:13:55.483">
  <memory-copied type="eden" objects="2" bytes="56" bytesdiscarded="0" />
  <memory-copied type="other" objects="9080" bytes="191248" bytesdiscarded="10808" />
  <memory-cardclean objects="3145" bytes="88336" />
  <regions eden="16" other="2" />
  <remembered-set-cleared processed="26975" cleared="581" durationms="0.239" />
  <stringconstants candidates="13769" cleared="0"  />
</gc-op>
<gc-op id="859" type="classunload" timems="0.010" contextid="855" timestamp="2019-08-09T08:13:55.483">
  <classunload-info classloadercandidates="54" classloadersunloaded="0" classesunloaded="0" anonymousclassesunloaded="0" quiescems="0.000" setupms="0.010" scanms="0.000" postms="0.000" />
</gc-op>
<heap-resize id="860" type="contract" space="default" amount="6291456" count="1" timems="0.474" reason="excess free space following gc" timestamp="2019-08-09T08:13:55.483" />
<gc-end id="861" type="partial gc" contextid="855" durationms="13.033" usertimems="43.981" systemtimems="0.000" timestamp="2019-08-09T08:13:55.483" activeThreads="16">
  <mem-info id="862" free="62914560" total="102760448" percent="61">
    <mem type="eden" free="2097096" total="2097152" percent="99" />
    <remembered-set count="35712" freebytes="4216832" totalbytes="4359680" percent="96" regionsoverflowed="0" regionsstable="1" regionsrebuilding="0"/>
  </mem-info>
</gc-end>
<cycle-end id="863" type="partial gc" contextid="855" timestamp="2019-08-09T08:13:55.483" />
  <attribute name="elasticGC enabled" value="1" />
  <attribute name= "numThreadsSpecified" value="16" />
  <attribute name="heapSize specified" value="0" />
  <attribute name="Current GC Util" value="164" />
  <attribute name= "Current Time Running" value="70559" />
  <attribute name ="GC Interval" value="0" />
  <attribute name="Target GC Util Change" value ="80.000000" />
  <attribute name="Current GC Util Change" value="164.000000"/>
  <attribute name="Current Error" value="-300.000000" />
  <attribute name="Output H" value="109089576"/>
  <attribute name="Output I" value="1832"/>
  <attribute name="Output T" value="16"/>
  <attribute name= "Current Time Running" value="70559" />
  <attribute name="GC Util currently" value="164" />
  <attribute name="CPU Util currently" value="976925440612" />
<exclusive-end id="864" timestamp="2019-08-09T08:13:55.483" durationms="13.640" />

<exclusive-start id="865" timestamp="2019-08-09T08:13:55.501" intervalms="31.599">
  <response-info timems="0.104" idlems="0.104" threads="0" lastid="000000000212BF00" lastname="main" />
</exclusive-start>
<allocation-taxation id="866" taxation-threshold="33554432" timestamp="2019-08-09T08:13:55.501" intervalms="31.489" />
<cycle-start id="867" type="partial gc" contextid="0" timestamp="2019-08-09T08:13:55.502" intervalms="31.527" />
<gc-start id="868" type="partial gc" contextid="867" timestamp="2019-08-09T08:13:55.502">
  <mem-info id="869" free="29360128" total="102760448" percent="28">
    <mem type="eden" free="2097096" total="35651584" percent="5" />
    <remembered-set count="35232" freebytes="4218752" totalbytes="4359680" percent="96" regionsoverflowed="0" regionsstable="1" regionsrebuilding="0"/>
  </mem-info>
</gc-start>
<allocation-stats totalBytes="33440864" >
  <allocated-bytes non-tlh="0" tlh="33440864" arrayletleaf="0"/>
  <largest-consumer threadName="main" threadId="000000000212BF00" bytes="33440864" />
</allocation-stats>
<gc-op id="870" type="copy forward" timems="13.940" contextid="867" timestamp="2019-08-09T08:13:55.517">
  <memory-copied type="eden" objects="2" bytes="56" bytesdiscarded="0" />
  <memory-copied type="other" objects="6831" bytes="255680" bytesdiscarded="23840" />
  <memory-cardclean objects="45794" bytes="1627448" />
  <regions eden="16" other="2" />
  <remembered-set-cleared processed="22994" cleared="1846" durationms="0.726" />
  <references type="soft" candidates="634" cleared="0" enqueued="0" dynamicThreshold="19" maxThreshold="32" />
  <references type="weak" candidates="48" cleared="0" enqueued="0" />
  <stringconstants candidates="13769" cleared="0"  />
</gc-op>
<gc-op id="871" type="classunload" timems="0.009" contextid="867" timestamp="2019-08-09T08:13:55.517">
  <classunload-info classloadercandidates="54" classloadersunloaded="0" classesunloaded="0" anonymousclassesunloaded="0" quiescems="0.000" setupms="0.009" scanms="0.000" postms="0.000" />
</gc-op>
<gc-end id="872" type="partial gc" contextid="867" durationms="15.583" usertimems="59.352" systemtimems="0.000" timestamp="2019-08-09T08:13:55.517" activeThreads="16">
  <mem-info id="873" free="62914560" total="102760448" percent="61">
    <mem type="eden" free="2097096" total="2097152" percent="99" />
    <remembered-set count="35328" freebytes="3966848" totalbytes="4108160" percent="96" regionsoverflowed="0" regionsstable="1" regionsrebuilding="0"/>
  </mem-info>
</gc-end>
<cycle-end id="874" type="partial gc" contextid="867" timestamp="2019-08-09T08:13:55.517" />
  <attribute name="elasticGC enabled" value="1" />
  <attribute name= "numThreadsSpecified" value="16" />
  <attribute name="heapSize specified" value="0" />
  <attribute name="Current GC Util" value="147" />
  <attribute name= "Current Time Running" value="70590" />
  <attribute name ="GC Interval" value="0" />
  <attribute name="Target GC Util Change" value ="80.000000" />
  <attribute name="Current GC Util Change" value="147.000000"/>
  <attribute name="Current Error" value="-67.000000" />
  <attribute name="Output H" value="102798256"/>
  <attribute name="Output I" value="1968"/>
  <attribute name="Output T" value="16"/>
  <attribute name= "Current Time Running" value="70590" />
  <attribute name="GC Util currently" value="147" />
  <attribute name="CPU Util currently" value="928796413233" />
<exclusive-end id="875" timestamp="2019-08-09T08:13:55.518" durationms="16.183" />

<exclusive-start id="876" timestamp="2019-08-09T08:13:55.536" intervalms="34.715">
  <response-info timems="0.075" idlems="0.075" threads="0" lastid="000000000212BF00" lastname="main" />
</exclusive-start>
<allocation-taxation id="877" taxation-threshold="33554432" timestamp="2019-08-09T08:13:55.536" intervalms="34.729" />
<cycle-start id="878" type="partial gc" contextid="0" timestamp="2019-08-09T08:13:55.536" intervalms="34.711" />
<gc-start id="879" type="partial gc" contextid="878" timestamp="2019-08-09T08:13:55.536">
  <mem-info id="880" free="29360128" total="102760448" percent="28">
    <mem type="eden" free="2097096" total="35651584" percent="5" />
    <remembered-set count="35168" freebytes="3967488" totalbytes="4108160" percent="96" regionsoverflowed="0" regionsstable="1" regionsrebuilding="0"/>
  </mem-info>
</gc-start>
<allocation-stats totalBytes="33440888" >
  <allocated-bytes non-tlh="0" tlh="33440888" arrayletleaf="0"/>
  <largest-consumer threadName="main" threadId="000000000212BF00" bytes="33440888" />
</allocation-stats>
<gc-op id="881" type="copy forward" timems="10.947" contextid="878" timestamp="2019-08-09T08:13:55.549">
  <memory-copied type="eden" objects="2" bytes="56" bytesdiscarded="0" />
  <memory-copied type="other" objects="50602" bytes="1257056" bytesdiscarded="85400" />
  <memory-cardclean objects="4091" bytes="370200" />
  <regions eden="16" other="2" />
  <remembered-set-cleared processed="26597" cleared="3420" durationms="0.251" />
  <stringconstants candidates="13769" cleared="0"  />
</gc-op>
<gc-op id="882" type="classunload" timems="0.008" contextid="878" timestamp="2019-08-09T08:13:55.549">
  <classunload-info classloadercandidates="54" classloadersunloaded="0" classesunloaded="0" anonymousclassesunloaded="0" quiescems="0.000" setupms="0.007" scanms="0.000" postms="0.000" />
</gc-op>
<gc-end id="883" type="partial gc" contextid="878" durationms="12.678" usertimems="34.233" systemtimems="0.000" timestamp="2019-08-09T08:13:55.549" activeThreads="16">
  <mem-info id="884" free="62914560" total="102760448" percent="61">
    <mem type="eden" free="2097096" total="2097152" percent="99" />
    <remembered-set count="32576" freebytes="3977856" totalbytes="4108160" percent="96" regionsoverflowed="0" regionsstable="1" regionsrebuilding="0"/>
  </mem-info>
</gc-end>
<cycle-end id="885" type="partial gc" contextid="878" timestamp="2019-08-09T08:13:55.549" />
  <attribute name="elasticGC enabled" value="1" />
  <attribute name= "numThreadsSpecified" value="16" />
  <attribute name="heapSize specified" value="0" />
  <attribute name="Current GC Util" value="195" />
  <attribute name= "Current Time Running" value="70625" />
  <attribute name ="GC Interval" value="0" />
  <attribute name="Target GC Util Change" value ="80.000000" />
  <attribute name="Current GC Util Change" value="195.000000"/>
  <attribute name="Current Error" value="-243.000000" />
  <attribute name="Output H" value="102798152"/>
  <attribute name="Output I" value="1864"/>
  <attribute name="Output T" value="16"/>
  <attribute name= "Current Time Running" value="70625" />
  <attribute name="GC Util currently" value="195" />
  <attribute name="CPU Util currently" value="898937488799" />
<exclusive-end id="886" timestamp="2019-08-09T08:13:55.549" durationms="13.237" />

<exclusive-start id="887" timestamp="2019-08-09T08:13:55.574" intervalms="37.996">
  <response-info timems="0.072" idlems="0.072" threads="0" lastid="000000000212BF00" lastname="main" />
</exclusive-start>
<allocation-taxation id="888" taxation-threshold="33554432" timestamp="2019-08-09T08:13:55.574" intervalms="37.996" />
<cycle-start id="889" type="partial gc" contextid="0" timestamp="2019-08-09T08:13:55.574" intervalms="37.989" />
<gc-start id="890" type="partial gc" contextid="889" timestamp="2019-08-09T08:13:55.574">
  <mem-info id="891" free="29360128" total="102760448" percent="28">
    <mem type="eden" free="2097096" total="35651584" percent="5" />
    <remembered-set count="32352" freebytes="3978752" totalbytes="4108160" percent="96" regionsoverflowed="0" regionsstable="1" regionsrebuilding="0"/>
  </mem-info>
</gc-start>
<allocation-stats totalBytes="33406552" >
  <allocated-bytes non-tlh="0" tlh="33406552" arrayletleaf="0"/>
  <largest-consumer threadName="main" threadId="000000000212BF00" bytes="33406552" />
</allocation-stats>
<gc-op id="892" type="copy forward" timems="9.878" contextid="889" timestamp="2019-08-09T08:13:55.586">
  <memory-copied type="eden" objects="28" bytes="1960" bytesdiscarded="840" />
  <memory-copied type="other" objects="55917" bytes="1355592" bytesdiscarded="85744" />
  <memory-cardclean objects="4650" bytes="389800" />
  <regions eden="16" other="2" />
  <remembered-set-cleared processed="26525" cleared="3969" durationms="0.467" />
  <stringconstants candidates="13769" cleared="0"  />
</gc-op>
<gc-op id="893" type="classunload" timems="0.008" contextid="889" timestamp="2019-08-09T08:13:55.586">
  <classunload-info classloadercandidates="54" classloadersunloaded="0" classesunloaded="0" anonymousclassesunloaded="0" quiescems="0.000" setupms="0.008" scanms="0.000" postms="0.000" />
</gc-op>
<gc-end id="894" type="partial gc" contextid="889" durationms="11.922" usertimems="50.296" systemtimems="0.000" timestamp="2019-08-09T08:13:55.586" activeThreads="16">
  <mem-info id="895" free="62914560" total="102760448" percent="61">
    <mem type="eden" free="2094352" total="2097152" percent="99" />
    <remembered-set count="34208" freebytes="3971328" totalbytes="4108160" percent="96" regionsoverflowed="0" regionsstable="1" regionsrebuilding="0"/>
  </mem-info>
</gc-end>
<cycle-end id="896" type="partial gc" contextid="889" timestamp="2019-08-09T08:13:55.586" />
  <attribute name="elasticGC enabled" value="1" />
  <attribute name= "numThreadsSpecified" value="16" />
  <attribute name="heapSize specified" value="0" />
  <attribute name="Current GC Util" value="149" />
  <attribute name= "Current Time Running" value="70663" />
  <attribute name ="GC Interval" value="0" />
  <attribute name="Target GC Util Change" value ="80.000000" />
  <attribute name="Current GC Util Change" value="149.000000"/>
  <attribute name="Current Error" value="-307.000000" />
  <attribute name="Output H" value="102798112"/>
  <attribute name="Output I" value="1824"/>
  <attribute name="Output T" value="16"/>
  <attribute name= "Current Time Running" value="70663" />
  <attribute name="GC Util currently" value="149" />
  <attribute name="CPU Util currently" value="711342263346" />
<exclusive-end id="897" timestamp="2019-08-09T08:13:55.587" durationms="12.443" />

<exclusive-start id="898" timestamp="2019-08-09T08:13:55.621" intervalms="47.251">
  <response-info timems="0.039" idlems="0.039" threads="0" lastid="000000000212BF00" lastname="main" />
</exclusive-start>
<allocation-taxation id="899" taxation-threshold="33554432" timestamp="2019-08-09T08:13:55.621" intervalms="47.241" />
<cycle-start id="900" type="partial gc" contextid="0" timestamp="2019-08-09T08:13:55.621" intervalms="47.256" />
<gc-start id="901" type="partial gc" contextid="900" timestamp="2019-08-09T08:13:55.622">
  <mem-info id="902" free="29360128" total="102760448" percent="28">
    <mem type="eden" free="0" total="33554432" percent="0" />
    <remembered-set count="34080" freebytes="3971840" totalbytes="4108160" percent="96" regionsoverflowed="0" regionsstable="1" regionsrebuilding="0"/>
  </mem-info>
</gc-start>
<allocation-stats totalBytes="33332440" >
  <allocated-bytes non-tlh="0" tlh="33332440" arrayletleaf="0"/>
  <largest-consumer threadName="main" threadId="000000000212BF00" bytes="33332440" />
</allocation-stats>
<gc-op id="903" type="copy forward" timems="11.359" contextid="900" timestamp="2019-08-09T08:13:55.634">
  <memory-copied type="eden" objects="1" bytes="40" bytesdiscarded="0" />
  <memory-copied type="other" objects="54360" bytes="1402096" bytesdiscarded="109360" />
  <memory-cardclean objects="2395" bytes="78088" />
  <regions eden="16" other="2" />
  <remembered-set-cleared processed="26487" cleared="2333" durationms="0.286" />
  <references type="soft" candidates="2139" cleared="0" enqueued="0" dynamicThreshold="19" maxThreshold="32" />
  <references type="weak" candidates="74" cleared="0" enqueued="0" />
  <stringconstants candidates="13769" cleared="0"  />
</gc-op>
<gc-op id="904" type="classunload" timems="0.010" contextid="900" timestamp="2019-08-09T08:13:55.634">
  <classunload-info classloadercandidates="54" classloadersunloaded="0" classesunloaded="0" anonymousclassesunloaded="0" quiescems="0.000" setupms="0.009" scanms="0.000" postms="0.000" />
</gc-op>
<heap-resize id="905" type="expand" space="default" amount="2097152" count="1" timems="0.054" reason="excessive time being spent in gc" timestamp="2019-08-09T08:13:55.634" />
<gc-end id="906" type="partial gc" contextid="900" durationms="12.859" usertimems="48.944" systemtimems="0.000" timestamp="2019-08-09T08:13:55.635" activeThreads="16">
  <mem-info id="907" free="62914560" total="104857600" percent="60">
    <mem type="eden" free="2097112" total="2097152" percent="99" />
    <remembered-set count="32960" freebytes="4060160" totalbytes="4192000" percent="96" regionsoverflowed="0" regionsstable="1" regionsrebuilding="0"/>
  </mem-info>
</gc-end>
<cycle-end id="908" type="partial gc" contextid="900" timestamp="2019-08-09T08:13:55.635" />
  <attribute name="elasticGC enabled" value="1" />
  <attribute name= "numThreadsSpecified" value="16" />
  <attribute name="heapSize specified" value="0" />
  <attribute name="Current GC Util" value="269" />
  <attribute name= "Current Time Running" value="70710" />
  <attribute name ="GC Interval" value="0" />
  <attribute name="Target GC Util Change" value ="80.000000" />
  <attribute name="Current GC Util Change" value="269.000000"/>
  <attribute name="Current Error" value="-189.000000" />
  <attribute name="Output H" value="102798184"/>
  <attribute name="Output I" value="1896"/>
  <attribute name="Output T" value="16"/>
  <attribute name= "Current Time Running" value="70710" />
  <attribute name="GC Util currently" value="269" />
  <attribute name="CPU Util currently" value="1271325078459" />
<exclusive-end id="909" timestamp="2019-08-09T08:13:55.635" durationms="13.459" />

<exclusive-start id="910" timestamp="2019-08-09T08:13:55.666" intervalms="44.368">
  <response-info timems="0.040" idlems="0.040" threads="0" lastid="000000000212BF00" lastname="main" />
</exclusive-start>
<allocation-taxation id="911" taxation-threshold="33554432" timestamp="2019-08-09T08:13:55.666" intervalms="44.368" />
<cycle-start id="912" type="partial gc" contextid="0" timestamp="2019-08-09T08:13:55.666" intervalms="44.345" />
<gc-start id="913" type="partial gc" contextid="912" timestamp="2019-08-09T08:13:55.666">
  <mem-info id="914" free="29360128" total="104857600" percent="28">
    <mem type="eden" free="2097112" total="35651584" percent="5" />
    <remembered-set count="32704" freebytes="4061184" totalbytes="4192000" percent="96" regionsoverflowed="0" regionsstable="1" regionsrebuilding="0"/>
  </mem-info>
</gc-start>
<allocation-stats totalBytes="33340552" >
  <allocated-bytes non-tlh="0" tlh="33340552" arrayletleaf="0"/>
  <largest-consumer threadName="main" threadId="000000000212BF00" bytes="33340552" />
</allocation-stats>
<gc-op id="915" type="copy forward" timems="9.364" contextid="912" timestamp="2019-08-09T08:13:55.677">
  <memory-copied type="eden" objects="2" bytes="64" bytesdiscarded="0" />
  <memory-copied type="other" objects="62300" bytes="1525624" bytesdiscarded="81392" />
  <memory-cardclean objects="3696" bytes="358712" />
  <regions eden="16" other="2" />
  <remembered-set-cleared processed="26393" cleared="4081" durationms="0.270" />
  <stringconstants candidates="13769" cleared="0"  />
</gc-op>
<gc-op id="916" type="classunload" timems="0.008" contextid="912" timestamp="2019-08-09T08:13:55.677">
  <classunload-info classloadercandidates="54" classloadersunloaded="0" classesunloaded="0" anonymousclassesunloaded="0" quiescems="0.000" setupms="0.007" scanms="0.000" postms="0.000" />
</gc-op>
<gc-end id="917" type="partial gc" contextid="912" durationms="10.837" usertimems="34.668" systemtimems="0.000" timestamp="2019-08-09T08:13:55.677" activeThreads="16">
  <mem-info id="918" free="62914560" total="104857600" percent="60">
    <mem type="eden" free="2097088" total="2097152" percent="99" />
    <remembered-set count="32992" freebytes="4060032" totalbytes="4192000" percent="96" regionsoverflowed="0" regionsstable="1" regionsrebuilding="0"/>
  </mem-info>
</gc-end>
<cycle-end id="919" type="partial gc" contextid="912" timestamp="2019-08-09T08:13:55.677" />
  <attribute name="elasticGC enabled" value="1" />
  <attribute name= "numThreadsSpecified" value="16" />
  <attribute name="heapSize specified" value="0" />
  <attribute name="Current GC Util" value="278" />
  <attribute name= "Current Time Running" value="70754" />
  <attribute name ="GC Interval" value="0" />
  <attribute name="Target GC Util Change" value ="80.000000" />
  <attribute name="Current GC Util Change" value="278.000000"/>
  <attribute name="Current Error" value="-384.000000" />
  <attribute name="Output H" value="104895224"/>
  <attribute name="Output I" value="1784"/>
  <attribute name="Output T" value="16"/>
  <attribute name= "Current Time Running" value="70754" />
  <attribute name="GC Util currently" value="278" />
  <attribute name="CPU Util currently" value="1111692161252" />
<exclusive-end id="920" timestamp="2019-08-09T08:13:55.677" durationms="11.333" />

<exclusive-start id="921" timestamp="2019-08-09T08:13:55.704" intervalms="38.514">
  <response-info timems="0.073" idlems="0.073" threads="0" lastid="000000000212BF00" lastname="main" />
</exclusive-start>
<allocation-taxation id="922" taxation-threshold="33554432" timestamp="2019-08-09T08:13:55.704" intervalms="38.515" />
<cycle-start id="923" type="partial gc" contextid="0" timestamp="2019-08-09T08:13:55.704" intervalms="38.537" />
<gc-start id="924" type="partial gc" contextid="923" timestamp="2019-08-09T08:13:55.705">
  <mem-info id="925" free="29360128" total="104857600" percent="28">
    <mem type="eden" free="2097088" total="35651584" percent="5" />
    <remembered-set count="32544" freebytes="4061824" totalbytes="4192000" percent="96" regionsoverflowed="0" regionsstable="1" regionsrebuilding="0"/>
  </mem-info>
</gc-start>
<allocation-stats totalBytes="33344112" >
  <allocated-bytes non-tlh="0" tlh="33344112" arrayletleaf="0"/>
  <largest-consumer threadName="main" threadId="000000000212BF00" bytes="33344112" />
</allocation-stats>
<gc-op id="926" type="copy forward" timems="10.249" contextid="923" timestamp="2019-08-09T08:13:55.716">
  <memory-copied type="eden" objects="2" bytes="64" bytesdiscarded="0" />
  <memory-copied type="other" objects="72319" bytes="1762008" bytesdiscarded="98528" />
  <memory-cardclean objects="5301" bytes="398184" />
  <regions eden="16" other="2" />
  <remembered-set-cleared processed="26183" cleared="4169" durationms="0.404" />
  <stringconstants candidates="13769" cleared="0"  />
</gc-op>
<gc-op id="927" type="classunload" timems="0.009" contextid="923" timestamp="2019-08-09T08:13:55.716">
  <classunload-info classloadercandidates="54" classloadersunloaded="0" classesunloaded="0" anonymousclassesunloaded="0" quiescems="0.000" setupms="0.008" scanms="0.000" postms="0.000" />
</gc-op>
<gc-end id="928" type="partial gc" contextid="923" durationms="11.895" usertimems="39.089" systemtimems="0.000" timestamp="2019-08-09T08:13:55.716" activeThreads="16">
  <mem-info id="929" free="62914560" total="104857600" percent="60">
    <mem type="eden" free="2097088" total="2097152" percent="99" />
    <remembered-set count="32384" freebytes="4062464" totalbytes="4192000" percent="96" regionsoverflowed="0" regionsstable="1" regionsrebuilding="0"/>
  </mem-info>
</gc-end>
<cycle-end id="930" type="partial gc" contextid="923" timestamp="2019-08-09T08:13:55.717" />
  <attribute name="elasticGC enabled" value="1" />
  <attribute name= "numThreadsSpecified" value="16" />
  <attribute name="heapSize specified" value="0" />
  <attribute name="Current GC Util" value="208" />
  <attribute name= "Current Time Running" value="70793" />
  <attribute name ="GC Interval" value="0" />
  <attribute name="Target GC Util Change" value ="80.000000" />
  <attribute name="Current GC Util Change" value="208.000000"/>
  <attribute name="Current Error" value="-509.000000" />
  <attribute name="Output H" value="104895152"/>
  <attribute name="Output I" value="1712"/>
  <attribute name="Output T" value="16"/>
  <attribute name= "Current Time Running" value="70793" />
  <attribute name="GC Util currently" value="208" />
  <attribute name="CPU Util currently" value="1012900191504" />
<exclusive-end id="931" timestamp="2019-08-09T08:13:55.717" durationms="12.880" />

<exclusive-start id="932" timestamp="2019-08-09T08:13:55.741" intervalms="36.871">
  <response-info timems="0.068" idlems="0.068" threads="0" lastid="000000000212BF00" lastname="main" />
</exclusive-start>
<allocation-taxation id="933" taxation-threshold="33554432" timestamp="2019-08-09T08:13:55.741" intervalms="36.883" />
<cycle-start id="934" type="partial gc" contextid="0" timestamp="2019-08-09T08:13:55.741" intervalms="36.878" />
<gc-start id="935" type="partial gc" contextid="934" timestamp="2019-08-09T08:13:55.742">
  <mem-info id="936" free="29360128" total="104857600" percent="28">
    <mem type="eden" free="2097088" total="35651584" percent="5" />
    <remembered-set count="32320" freebytes="4062720" totalbytes="4192000" percent="96" regionsoverflowed="0" regionsstable="1" regionsrebuilding="0"/>
  </mem-info>
</gc-start>
<allocation-stats totalBytes="33345352" >
  <allocated-bytes non-tlh="0" tlh="33345352" arrayletleaf="0"/>
  <largest-consumer threadName="main" threadId="000000000212BF00" bytes="33345352" />
</allocation-stats>
<gc-op id="937" type="copy forward" timems="10.857" contextid="934" timestamp="2019-08-09T08:13:55.754">
  <memory-copied type="eden" objects="2" bytes="64" bytesdiscarded="0" />
  <memory-copied type="other" objects="83782" bytes="2011976" bytesdiscarded="111032" />
  <memory-cardclean objects="5732" bytes="545376" />
  <regions eden="16" other="2" />
  <remembered-set-cleared processed="26132" cleared="4205" durationms="0.274" />
  <references type="weak" candidates="6" cleared="0" enqueued="0" />
  <stringconstants candidates="13769" cleared="0"  />
</gc-op>
<gc-op id="938" type="classunload" timems="0.008" contextid="934" timestamp="2019-08-09T08:13:55.754">
  <classunload-info classloadercandidates="54" classloadersunloaded="0" classesunloaded="0" anonymousclassesunloaded="0" quiescems="0.000" setupms="0.007" scanms="0.000" postms="0.000" />
</gc-op>
<gc-end id="939" type="partial gc" contextid="934" durationms="12.222" usertimems="42.254" systemtimems="0.000" timestamp="2019-08-09T08:13:55.754" activeThreads="16">
  <mem-info id="940" free="62914560" total="104857600" percent="60">
    <mem type="eden" free="2097088" total="2097152" percent="99" />
    <remembered-set count="34176" freebytes="4055296" totalbytes="4192000" percent="96" regionsoverflowed="0" regionsstable="1" regionsrebuilding="0"/>
  </mem-info>
</gc-end>
<cycle-end id="941" type="partial gc" contextid="934" timestamp="2019-08-09T08:13:55.754" />
  <attribute name="elasticGC enabled" value="1" />
  <attribute name= "numThreadsSpecified" value="16" />
  <attribute name="heapSize specified" value="0" />
  <attribute name="Current GC Util" value="190" />
  <attribute name= "Current Time Running" value="70830" />
  <attribute name ="GC Interval" value="0" />
  <attribute name="Target GC Util Change" value ="80.000000" />
  <attribute name="Current GC Util Change" value="190.000000"/>
  <attribute name="Current Error" value="-110.000000" />
  <attribute name="Output H" value="104895384"/>
  <attribute name="Output I" value="1944"/>
  <attribute name="Output T" value="16"/>
  <attribute name= "Current Time Running" value="70830" />
  <attribute name="GC Util currently" value="190" />
  <attribute name="CPU Util currently" value="1202652365944" />
<exclusive-end id="942" timestamp="2019-08-09T08:13:55.754" durationms="12.831" />

<exclusive-start id="943" timestamp="2019-08-09T08:13:55.772" intervalms="31.336">
  <response-info timems="0.046" idlems="0.046" threads="0" lastid="000000000212BF00" lastname="main" />
</exclusive-start>
<allocation-taxation id="944" taxation-threshold="33554432" timestamp="2019-08-09T08:13:55.772" intervalms="31.321" />
<cycle-start id="945" type="partial gc" contextid="0" timestamp="2019-08-09T08:13:55.773" intervalms="31.312" />
<gc-start id="946" type="partial gc" contextid="945" timestamp="2019-08-09T08:13:55.773">
  <mem-info id="947" free="29360128" total="104857600" percent="28">
    <mem type="eden" free="2097088" total="35651584" percent="5" />
    <remembered-set count="33344" freebytes="4058624" totalbytes="4192000" percent="96" regionsoverflowed="0" regionsstable="2" regionsrebuilding="0"/>
  </mem-info>
</gc-start>
<allocation-stats totalBytes="33344088" >
  <allocated-bytes non-tlh="0" tlh="33344088" arrayletleaf="0"/>
  <largest-consumer threadName="main" threadId="000000000212BF00" bytes="33344088" />
</allocation-stats>
<gc-op id="948" type="copy forward" timems="7.179" contextid="945" timestamp="2019-08-09T08:13:55.781">
  <memory-copied type="eden" objects="2" bytes="64" bytesdiscarded="0" />
  <memory-copied type="other" objects="54333" bytes="1400176" bytesdiscarded="65928" />
  <memory-cardclean objects="2480" bytes="79816" />
  <regions eden="16" other="2" />
  <remembered-set-cleared processed="25956" cleared="2396" durationms="0.236" />
  <references type="soft" candidates="2139" cleared="0" enqueued="0" dynamicThreshold="19" maxThreshold="32" />
  <references type="weak" candidates="74" cleared="0" enqueued="0" />
  <stringconstants candidates="13769" cleared="0"  />
</gc-op>
<gc-op id="949" type="classunload" timems="0.009" contextid="945" timestamp="2019-08-09T08:13:55.781">
  <classunload-info classloadercandidates="54" classloadersunloaded="0" classesunloaded="0" anonymousclassesunloaded="0" quiescems="0.000" setupms="0.009" scanms="0.000" postms="0.000" />
</gc-op>
<gc-end id="950" type="partial gc" contextid="945" durationms="8.790" usertimems="23.496" systemtimems="0.000" timestamp="2019-08-09T08:13:55.782" activeThreads="16">
  <mem-info id="951" free="62914560" total="104857600" percent="60">
    <mem type="eden" free="2097088" total="2097152" percent="99" />
    <remembered-set count="32832" freebytes="4060672" totalbytes="4192000" percent="96" regionsoverflowed="0" regionsstable="2" regionsrebuilding="0"/>
  </mem-info>
</gc-end>
<cycle-end id="952" type="partial gc" contextid="945" timestamp="2019-08-09T08:13:55.782" />
  <attribute name="elasticGC enabled" value="1" />
  <attribute name= "numThreadsSpecified" value="16" />
  <attribute name="heapSize specified" value="0" />
  <attribute name="Current GC Util" value="163" />
  <attribute name= "Current Time Running" value="70861" />
  <attribute name ="GC Interval" value="0" />
  <attribute name="Target GC Util Change" value ="80.000000" />
  <attribute name="Current GC Util Change" value="163.000000"/>
  <attribute name="Current Error" value="-237.000000" />
  <attribute name="Output H" value="104895304"/>
  <attribute name="Output I" value="1864"/>
  <attribute name="Output T" value="16"/>
  <attribute name= "Current Time Running" value="70861" />
  <attribute name="GC Util currently" value="163" />
  <attribute name="CPU Util currently" value="992363947547" />
<exclusive-end id="953" timestamp="2019-08-09T08:13:55.782" durationms="9.462" />

<exclusive-start id="954" timestamp="2019-08-09T08:13:55.800" intervalms="27.304">
  <response-info timems="0.033" idlems="0.033" threads="0" lastid="000000000212BF00" lastname="main" />
</exclusive-start>
<allocation-taxation id="955" taxation-threshold="33554432" timestamp="2019-08-09T08:13:55.800" intervalms="27.309" />
<cycle-start id="956" type="partial gc" contextid="0" timestamp="2019-08-09T08:13:55.800" intervalms="27.332" />
<gc-start id="957" type="partial gc" contextid="956" timestamp="2019-08-09T08:13:55.800">
  <mem-info id="958" free="29360128" total="104857600" percent="28">
    <mem type="eden" free="2097088" total="35651584" percent="5" />
    <remembered-set count="31872" freebytes="4064512" totalbytes="4192000" percent="96" regionsoverflowed="0" regionsstable="3" regionsrebuilding="0"/>
  </mem-info>
</gc-start>
<allocation-stats totalBytes="33345352" >
  <allocated-bytes non-tlh="0" tlh="33345352" arrayletleaf="0"/>
  <largest-consumer threadName="main" threadId="000000000212BF00" bytes="33345352" />
</allocation-stats>
<gc-op id="959" type="copy forward" timems="11.603" contextid="956" timestamp="2019-08-09T08:13:55.813">
  <memory-copied type="eden" objects="2" bytes="64" bytesdiscarded="0" />
  <memory-copied type="other" objects="0" bytes="0" bytesdiscarded="0" />
  <memory-cardclean objects="18" bytes="512" />
  <regions eden="16" other="1" />
  <remembered-set-cleared processed="25621" cleared="5" durationms="0.284" />
  <stringconstants candidates="13769" cleared="0"  />
</gc-op>
<gc-op id="960" type="classunload" timems="0.008" contextid="956" timestamp="2019-08-09T08:13:55.813">
  <classunload-info classloadercandidates="54" classloadersunloaded="0" classesunloaded="0" anonymousclassesunloaded="0" quiescems="0.000" setupms="0.008" scanms="0.000" postms="0.000" />
</gc-op>
<gc-end id="961" type="partial gc" contextid="956" durationms="13.017" usertimems="29.404" systemtimems="0.000" timestamp="2019-08-09T08:13:55.813" activeThreads="16">
  <mem-info id="962" free="62914560" total="104857600" percent="60">
    <mem type="eden" free="2097088" total="2097152" percent="99" />
    <remembered-set count="29504" freebytes="4073984" totalbytes="4192000" percent="97" regionsoverflowed="0" regionsstable="3" regionsrebuilding="0"/>
  </mem-info>
</gc-end>
<cycle-end id="963" type="partial gc" contextid="956" timestamp="2019-08-09T08:13:55.813" />
  <attribute name="elasticGC enabled" value="1" />
  <attribute name= "numThreadsSpecified" value="16" />
  <attribute name="heapSize specified" value="0" />
  <attribute name="Current GC Util" value="177" />
  <attribute name= "Current Time Running" value="70889" />
  <attribute name ="GC Interval" value="0" />
  <attribute name="Target GC Util Change" value ="80.000000" />
  <attribute name="Current GC Util Change" value="177.000000"/>
  <attribute name="Current Error" value="-336.000000" />
  <attribute name="Output H" value="104895248"/>
  <attribute name="Output I" value="1808"/>
  <attribute name="Output T" value="16"/>
  <attribute name= "Current Time Running" value="70889" />
  <attribute name="GC Util currently" value="177" />
  <attribute name="CPU Util currently" value="1188923273202" />
<exclusive-end id="964" timestamp="2019-08-09T08:13:55.813" durationms="13.634" />

<exclusive-start id="965" timestamp="2019-08-09T08:13:55.831" intervalms="31.299">
  <response-info timems="0.018" idlems="0.018" threads="0" lastid="000000000212BF00" lastname="main" />
</exclusive-start>
<allocation-taxation id="966" taxation-threshold="33554432" timestamp="2019-08-09T08:13:55.831" intervalms="31.296" />
<cycle-start id="967" type="partial gc" contextid="0" timestamp="2019-08-09T08:13:55.831" intervalms="31.285" />
<gc-start id="968" type="partial gc" contextid="967" timestamp="2019-08-09T08:13:55.831">
  <mem-info id="969" free="29360128" total="104857600" percent="28">
    <mem type="eden" free="2097088" total="35651584" percent="5" />
    <remembered-set count="29504" freebytes="4073984" totalbytes="4192000" percent="97" regionsoverflowed="0" regionsstable="3" regionsrebuilding="0"/>
  </mem-info>
</gc-start>
<allocation-stats totalBytes="33345328" >
  <allocated-bytes non-tlh="0" tlh="33345328" arrayletleaf="0"/>
  <largest-consumer threadName="main" threadId="000000000212BF00" bytes="33345328" />
</allocation-stats>
<gc-op id="970" type="copy forward" timems="7.728" contextid="967" timestamp="2019-08-09T08:13:55.840">
  <memory-copied type="eden" objects="2" bytes="64" bytesdiscarded="0" />
  <memory-copied type="other" objects="0" bytes="0" bytesdiscarded="0" />
  <memory-cardclean objects="18" bytes="512" />
  <regions eden="16" other="1" />
  <remembered-set-cleared processed="25621" cleared="5" durationms="0.236" />
  <stringconstants candidates="13769" cleared="0"  />
</gc-op>
<gc-op id="971" type="classunload" timems="0.008" contextid="967" timestamp="2019-08-09T08:13:55.840">
  <classunload-info classloadercandidates="54" classloadersunloaded="0" classesunloaded="0" anonymousclassesunloaded="0" quiescems="0.000" setupms="0.008" scanms="0.000" postms="0.000" />
</gc-op>
<gc-end id="972" type="partial gc" contextid="967" durationms="8.818" usertimems="18.910" systemtimems="0.000" timestamp="2019-08-09T08:13:55.840" activeThreads="16">
  <mem-info id="973" free="62914560" total="104857600" percent="60">
    <mem type="eden" free="2097088" total="2097152" percent="99" />
    <remembered-set count="29504" freebytes="4073984" totalbytes="4192000" percent="97" regionsoverflowed="0" regionsstable="3" regionsrebuilding="0"/>
  </mem-info>
</gc-end>
<cycle-end id="974" type="partial gc" contextid="967" timestamp="2019-08-09T08:13:55.840" />
  <attribute name="elasticGC enabled" value="1" />
  <attribute name= "numThreadsSpecified" value="16" />
  <attribute name="heapSize specified" value="0" />
  <attribute name="Current GC Util" value="147" />
  <attribute name= "Current Time Running" value="70919" />
  <attribute name ="GC Interval" value="0" />
  <attribute name="Target GC Util Change" value ="80.000000" />
  <attribute name="Current GC Util Change" value="147.000000"/>
  <attribute name="Current Error" value="-67.000000" />
  <attribute name="Output H" value="104895408"/>
  <attribute name="Output I" value="1968"/>
  <attribute name="Output T" value="16"/>
  <attribute name= "Current Time Running" value="70919" />
  <attribute name="GC Util currently" value="147" />
  <attribute name="CPU Util currently" value="1806073531446" />
<exclusive-end id="975" timestamp="2019-08-09T08:13:55.840" durationms="9.444" />

<exclusive-start id="976" timestamp="2019-08-09T08:13:55.859" intervalms="28.271">
  <response-info timems="0.117" idlems="0.117" threads="0" lastid="000000000212BF00" lastname="main" />
</exclusive-start>
<allocation-taxation id="977" taxation-threshold="33554432" timestamp="2019-08-09T08:13:55.859" intervalms="28.272" />
<cycle-start id="978" type="partial gc" contextid="0" timestamp="2019-08-09T08:13:55.860" intervalms="28.491" />
<gc-start id="979" type="partial gc" contextid="978" timestamp="2019-08-09T08:13:55.860">
  <mem-info id="980" free="29360128" total="104857600" percent="28">
    <mem type="eden" free="2097088" total="35651584" percent="5" />
    <remembered-set count="29504" freebytes="4073984" totalbytes="4192000" percent="97" regionsoverflowed="0" regionsstable="3" regionsrebuilding="0"/>
  </mem-info>
</gc-start>
<allocation-stats totalBytes="33344112" >
  <allocated-bytes non-tlh="0" tlh="33344112" arrayletleaf="0"/>
  <largest-consumer threadName="main" threadId="000000000212BF00" bytes="33344112" />
</allocation-stats>
<gc-op id="981" type="copy forward" timems="7.637" contextid="978" timestamp="2019-08-09T08:13:55.869">
  <memory-copied type="eden" objects="2" bytes="64" bytesdiscarded="0" />
  <memory-copied type="other" objects="0" bytes="0" bytesdiscarded="0" />
  <memory-cardclean objects="18" bytes="512" />
  <regions eden="16" other="1" />
  <remembered-set-cleared processed="25621" cleared="5" durationms="0.256" />
  <stringconstants candidates="13769" cleared="0"  />
</gc-op>
<gc-op id="982" type="classunload" timems="0.010" contextid="978" timestamp="2019-08-09T08:13:55.869">
  <classunload-info classloadercandidates="54" classloadersunloaded="0" classesunloaded="0" anonymousclassesunloaded="0" quiescems="0.000" setupms="0.010" scanms="0.000" postms="0.000" />
</gc-op>
<gc-end id="983" type="partial gc" contextid="978" durationms="8.937" usertimems="30.463" systemtimems="0.000" timestamp="2019-08-09T08:13:55.869" activeThreads="16">
  <mem-info id="984" free="62914560" total="104857600" percent="60">
    <mem type="eden" free="2097088" total="2097152" percent="99" />
    <remembered-set count="29504" freebytes="4073984" totalbytes="4192000" percent="97" regionsoverflowed="0" regionsstable="3" regionsrebuilding="0"/>
  </mem-info>
</gc-end>
<cycle-end id="985" type="partial gc" contextid="978" timestamp="2019-08-09T08:13:55.869" />
  <attribute name="elasticGC enabled" value="1" />
  <attribute name= "numThreadsSpecified" value="16" />
  <attribute name="heapSize specified" value="0" />
  <attribute name="Current GC Util" value="109" />
  <attribute name= "Current Time Running" value="70948" />
  <attribute name ="GC Interval" value="0" />
  <attribute name="Target GC Util Change" value ="80.000000" />
  <attribute name="Current GC Util Change" value="109.000000"/>
  <attribute name="Current Error" value="-80.000000" />
  <attribute name="Output H" value="104895400"/>
  <attribute name="Output I" value="1960"/>
  <attribute name="Output T" value="16"/>
  <attribute name= "Current Time Running" value="70948" />
  <attribute name="GC Util currently" value="109" />
  <attribute name="CPU Util currently" value="1350425228162" />
<exclusive-end id="986" timestamp="2019-08-09T08:13:55.869" durationms="9.908" />

<exclusive-start id="987" timestamp="2019-08-09T08:13:55.887" intervalms="28.033">
  <response-info timems="0.049" idlems="0.049" threads="0" lastid="000000000212BF00" lastname="main" />
</exclusive-start>
<allocation-taxation id="988" taxation-threshold="33554432" timestamp="2019-08-09T08:13:55.887" intervalms="28.071" />
<cycle-start id="989" type="partial gc" contextid="0" timestamp="2019-08-09T08:13:55.887" intervalms="27.823" />
<gc-start id="990" type="partial gc" contextid="989" timestamp="2019-08-09T08:13:55.888">
  <mem-info id="991" free="29360128" total="104857600" percent="28">
    <mem type="eden" free="2097088" total="35651584" percent="5" />
    <remembered-set count="29504" freebytes="4073984" totalbytes="4192000" percent="97" regionsoverflowed="0" regionsstable="3" regionsrebuilding="0"/>
  </mem-info>
</gc-start>
<allocation-stats totalBytes="33345352" >
  <allocated-bytes non-tlh="0" tlh="33345352" arrayletleaf="0"/>
  <largest-consumer threadName="main" threadId="000000000212BF00" bytes="33345352" />
</allocation-stats>
<gc-op id="992" type="copy forward" timems="6.917" contextid="989" timestamp="2019-08-09T08:13:55.896">
  <memory-copied type="eden" objects="2" bytes="64" bytesdiscarded="0" />
  <memory-copied type="other" objects="0" bytes="0" bytesdiscarded="0" />
  <memory-cardclean objects="18" bytes="512" />
  <regions eden="16" other="1" />
  <remembered-set-cleared processed="25621" cleared="5" durationms="0.310" />
  <stringconstants candidates="13769" cleared="0"  />
</gc-op>
<gc-op id="993" type="classunload" timems="0.012" contextid="989" timestamp="2019-08-09T08:13:55.896">
  <classunload-info classloadercandidates="54" classloadersunloaded="0" classesunloaded="0" anonymousclassesunloaded="0" quiescems="0.000" setupms="0.012" scanms="0.000" postms="0.000" />
</gc-op>
<gc-end id="994" type="partial gc" contextid="989" durationms="8.416" usertimems="27.331" systemtimems="0.000" timestamp="2019-08-09T08:13:55.896" activeThreads="16">
  <mem-info id="995" free="62914560" total="104857600" percent="60">
    <mem type="eden" free="2097088" total="2097152" percent="99" />
    <remembered-set count="29504" freebytes="4073984" totalbytes="4192000" percent="97" regionsoverflowed="0" regionsstable="3" regionsrebuilding="0"/>
  </mem-info>
</gc-end>
<cycle-end id="996" type="partial gc" contextid="989" timestamp="2019-08-09T08:13:55.896" />
  <attribute name="elasticGC enabled" value="1" />
  <attribute name= "numThreadsSpecified" value="16" />
  <attribute name="heapSize specified" value="0" />
  <attribute name="Current GC Util" value="210" />
  <attribute name= "Current Time Running" value="70976" />
  <attribute name ="GC Interval" value="0" />
  <attribute name="Target GC Util Change" value ="80.000000" />
  <attribute name="Current GC Util Change" value="210.000000"/>
  <attribute name="Current Error" value="-208.000000" />
  <attribute name="Output H" value="104895320"/>
  <attribute name="Output I" value="1880"/>
  <attribute name="Output T" value="16"/>
  <attribute name= "Current Time Running" value="70976" />
  <attribute name="GC Util currently" value="210" />
  <attribute name="CPU Util currently" value="1129211434630" />
<exclusive-end id="997" timestamp="2019-08-09T08:13:55.897" durationms="9.329" />

<exclusive-start id="998" timestamp="2019-08-09T08:13:55.915" intervalms="27.759">
  <response-info timems="0.041" idlems="0.041" threads="0" lastid="000000000212BF00" lastname="main" />
</exclusive-start>
<allocation-taxation id="999" taxation-threshold="33554432" timestamp="2019-08-09T08:13:55.915" intervalms="27.718" />
<cycle-start id="1000" type="partial gc" contextid="0" timestamp="2019-08-09T08:13:55.915" intervalms="27.756" />
<gc-start id="1001" type="partial gc" contextid="1000" timestamp="2019-08-09T08:13:55.915">
  <mem-info id="1002" free="29360128" total="104857600" percent="28">
    <mem type="eden" free="2097088" total="35651584" percent="5" />
    <remembered-set count="29504" freebytes="4073984" totalbytes="4192000" percent="97" regionsoverflowed="0" regionsstable="3" regionsrebuilding="0"/>
  </mem-info>
</gc-start>
<allocation-stats totalBytes="33344088" >
  <allocated-bytes non-tlh="0" tlh="33344088" arrayletleaf="0"/>
  <largest-consumer threadName="main" threadId="000000000212BF00" bytes="33344088" />
</allocation-stats>
<gc-op id="1003" type="copy forward" timems="6.544" contextid="1000" timestamp="2019-08-09T08:13:55.923">
  <memory-copied type="eden" objects="2" bytes="64" bytesdiscarded="0" />
  <memory-copied type="other" objects="0" bytes="0" bytesdiscarded="0" />
  <memory-cardclean objects="18" bytes="512" />
  <regions eden="16" other="1" />
  <remembered-set-cleared processed="25621" cleared="5" durationms="0.550" />
  <stringconstants candidates="13769" cleared="0"  />
</gc-op>
<gc-op id="1004" type="classunload" timems="0.008" contextid="1000" timestamp="2019-08-09T08:13:55.923">
  <classunload-info classloadercandidates="54" classloadersunloaded="0" classesunloaded="0" anonymousclassesunloaded="0" quiescems="0.000" setupms="0.007" scanms="0.000" postms="0.000" />
</gc-op>
<gc-end id="1005" type="partial gc" contextid="1000" durationms="7.508" usertimems="24.909" systemtimems="0.000" timestamp="2019-08-09T08:13:55.923" activeThreads="16">
  <mem-info id="1006" free="62914560" total="104857600" percent="60">
    <mem type="eden" free="2097088" total="2097152" percent="99" />
    <remembered-set count="29504" freebytes="4073984" totalbytes="4192000" percent="97" regionsoverflowed="0" regionsstable="3" regionsrebuilding="0"/>
  </mem-info>
</gc-end>
<cycle-end id="1007" type="partial gc" contextid="1000" timestamp="2019-08-09T08:13:55.923" />
  <attribute name="elasticGC enabled" value="1" />
  <attribute name= "numThreadsSpecified" value="16" />
  <attribute name="heapSize specified" value="0" />
  <attribute name="Current GC Util" value="159" />
  <attribute name= "Current Time Running" value="71003" />
  <attribute name ="GC Interval" value="0" />
  <attribute name="Target GC Util Change" value ="80.000000" />
  <attribute name="Current GC Util Change" value="159.000000"/>
  <attribute name="Current Error" value="-79.000000" />
  <attribute name="Output H" value="104895400"/>
  <attribute name="Output I" value="1960"/>
  <attribute name="Output T" value="16"/>
  <attribute name= "Current Time Running" value="71003" />
  <attribute name="GC Util currently" value="159" />
  <attribute name="CPU Util currently" value="2026234737644" />
<exclusive-end id="1008" timestamp="2019-08-09T08:13:55.923" durationms="8.098" />

<exclusive-start id="1009" timestamp="2019-08-09T08:13:55.996" intervalms="80.794">
  <response-info timems="0.041" idlems="0.041" threads="0" lastid="000000000212BF00" lastname="main" />
</exclusive-start>
<allocation-taxation id="1010" taxation-threshold="33554432" timestamp="2019-08-09T08:13:55.996" intervalms="80.792" />
<cycle-start id="1011" type="partial gc" contextid="0" timestamp="2019-08-09T08:13:55.996" intervalms="80.746" />
<gc-start id="1012" type="partial gc" contextid="1011" timestamp="2019-08-09T08:13:55.996">
  <mem-info id="1013" free="29360128" total="104857600" percent="28">
    <mem type="eden" free="2097088" total="35651584" percent="5" />
    <remembered-set count="29504" freebytes="4073984" totalbytes="4192000" percent="97" regionsoverflowed="0" regionsstable="3" regionsrebuilding="0"/>
  </mem-info>
</gc-start>
<allocation-stats totalBytes="33544248" >
  <allocated-bytes non-tlh="0" tlh="33544248" arrayletleaf="0"/>
  <largest-consumer threadName="main" threadId="000000000212BF00" bytes="33544248" />
</allocation-stats>
<gc-op id="1014" type="copy forward" timems="6.242" contextid="1011" timestamp="2019-08-09T08:13:56.003">
  <memory-copied type="eden" objects="157" bytes="5208" bytesdiscarded="696" />
  <memory-copied type="other" objects="0" bytes="0" bytesdiscarded="0" />
  <memory-cardclean objects="99" bytes="2936" />
  <regions eden="16" other="1" />
  <remembered-set-cleared processed="25621" cleared="13" durationms="0.227" />
  <stringconstants candidates="13769" cleared="0"  />
</gc-op>
<gc-op id="1015" type="classunload" timems="0.009" contextid="1011" timestamp="2019-08-09T08:13:56.003">
  <classunload-info classloadercandidates="54" classloadersunloaded="0" classesunloaded="0" anonymousclassesunloaded="0" quiescems="0.000" setupms="0.008" scanms="0.000" postms="0.000" />
</gc-op>
<gc-end id="1016" type="partial gc" contextid="1011" durationms="7.079" usertimems="22.706" systemtimems="0.000" timestamp="2019-08-09T08:13:56.003" activeThreads="16">
  <mem-info id="1017" free="62914560" total="104857600" percent="60">
    <mem type="eden" free="2091248" total="2097152" percent="99" />
    <remembered-set count="30496" freebytes="4070016" totalbytes="4192000" percent="97" regionsoverflowed="0" regionsstable="3" regionsrebuilding="0"/>
  </mem-info>
</gc-end>
<cycle-end id="1018" type="partial gc" contextid="1011" timestamp="2019-08-09T08:13:56.003" />
  <attribute name="elasticGC enabled" value="1" />
  <attribute name= "numThreadsSpecified" value="16" />
  <attribute name="heapSize specified" value="0" />
  <attribute name="Current GC Util" value="131" />
  <attribute name= "Current Time Running" value="71084" />
  <attribute name ="GC Interval" value="0" />
  <attribute name="Target GC Util Change" value ="80.000000" />
  <attribute name="Current GC Util Change" value="131.000000"/>
  <attribute name="Current Error" value="-70.000000" />
  <attribute name="Output H" value="104895400"/>
  <attribute name="Output I" value="1960"/>
  <attribute name="Output T" value="16"/>
  <attribute name= "Current Time Running" value="71084" />
  <attribute name="GC Util currently" value="131" />
  <attribute name="CPU Util currently" value="2572934118830" />
<exclusive-end id="1019" timestamp="2019-08-09T08:13:56.003" durationms="7.566" />

<exclusive-start id="1020" timestamp="2019-08-09T08:13:56.154" intervalms="157.745">
  <response-info timems="0.104" idlems="0.104" threads="0" lastid="000000000212BF00" lastname="main" />
</exclusive-start>
<allocation-taxation id="1021" taxation-threshold="33554432" timestamp="2019-08-09T08:13:56.154" intervalms="157.765" />
<cycle-start id="1022" type="partial gc" contextid="0" timestamp="2019-08-09T08:13:56.154" intervalms="157.780" />
<gc-start id="1023" type="partial gc" contextid="1022" timestamp="2019-08-09T08:13:56.154">
  <mem-info id="1024" free="29360128" total="104857600" percent="28">
    <mem type="eden" free="0" total="33554432" percent="0" />
    <remembered-set count="30496" freebytes="4070016" totalbytes="4192000" percent="97" regionsoverflowed="0" regionsstable="3" regionsrebuilding="0"/>
  </mem-info>
</gc-start>
<allocation-stats totalBytes="33549384" >
  <allocated-bytes non-tlh="0" tlh="33549384" arrayletleaf="0"/>
  <largest-consumer threadName="main" threadId="000000000212BF00" bytes="33549384" />
</allocation-stats>
<gc-op id="1025" type="copy forward" timems="9.690" contextid="1022" timestamp="2019-08-09T08:13:56.165">
  <memory-copied type="eden" objects="101" bytes="3288" bytesdiscarded="0" />
  <memory-copied type="other" objects="51" bytes="1704" bytesdiscarded="584" />
  <memory-cardclean objects="43" bytes="1704" />
  <regions eden="16" other="1" />
  <remembered-set-cleared processed="25635" cleared="26" durationms="0.250" />
  <stringconstants candidates="13769" cleared="0"  />
</gc-op>
<gc-op id="1026" type="classunload" timems="0.008" contextid="1022" timestamp="2019-08-09T08:13:56.165">
  <classunload-info classloadercandidates="54" classloadersunloaded="0" classesunloaded="0" anonymousclassesunloaded="0" quiescems="0.000" setupms="0.007" scanms="0.000" postms="0.000" />
</gc-op>
<gc-end id="1027" type="partial gc" contextid="1022" durationms="11.045" usertimems="35.440" systemtimems="0.000" timestamp="2019-08-09T08:13:56.165" activeThreads="16">
  <mem-info id="1028" free="60817408" total="104857600" percent="58">
    <mem type="eden" free="2093864" total="2097152" percent="99" />
    <remembered-set count="31008" freebytes="4067968" totalbytes="4192000" percent="97" regionsoverflowed="0" regionsstable="3" regionsrebuilding="0"/>
  </mem-info>
</gc-end>
<cycle-end id="1029" type="partial gc" contextid="1022" timestamp="2019-08-09T08:13:56.166" />
  <attribute name="elasticGC enabled" value="1" />
  <attribute name= "numThreadsSpecified" value="16" />
  <attribute name="heapSize specified" value="0" />
  <attribute name="Current GC Util" value="208" />
  <attribute name= "Current Time Running" value="71243" />
  <attribute name ="GC Interval" value="0" />
  <attribute name="Target GC Util Change" value ="80.000000" />
  <attribute name="Current GC Util Change" value="208.000000"/>
  <attribute name="Current Error" value="-127.000000" />
  <attribute name="Output H" value="104895368"/>
  <attribute name="Output I" value="1928"/>
  <attribute name="Output T" value="16"/>
  <attribute name= "Current Time Running" value="71243" />
  <attribute name="GC Util currently" value="208" />
  <attribute name="CPU Util currently" value="1199662746741" />
<exclusive-end id="1030" timestamp="2019-08-09T08:13:56.166" durationms="12.106" />

<exclusive-start id="1031" timestamp="2019-08-09T08:13:56.364" intervalms="210.451">
  <response-info timems="0.213" idlems="0.213" threads="0" lastid="000000000212BF00" lastname="main" />
</exclusive-start>
<allocation-taxation id="1032" taxation-threshold="33554432" timestamp="2019-08-09T08:13:56.364" intervalms="210.438" />
<cycle-start id="1033" type="partial gc" contextid="0" timestamp="2019-08-09T08:13:56.364" intervalms="210.453" />
<gc-start id="1034" type="partial gc" contextid="1033" timestamp="2019-08-09T08:13:56.364">
  <mem-info id="1035" free="27262976" total="104857600" percent="26">
    <mem type="eden" free="2093864" total="35651584" percent="5" />
    <remembered-set count="31008" freebytes="4067968" totalbytes="4192000" percent="97" regionsoverflowed="0" regionsstable="3" regionsrebuilding="0"/>
  </mem-info>
</gc-start>
<allocation-stats totalBytes="33550296" >
  <allocated-bytes non-tlh="0" tlh="33550296" arrayletleaf="0"/>
  <largest-consumer threadName="main" threadId="000000000212BF00" bytes="33550296" />
</allocation-stats>
<gc-op id="1036" type="copy forward" timems="8.298" contextid="1033" timestamp="2019-08-09T08:13:56.374">
  <memory-copied type="eden" objects="337" bytes="11008" bytesdiscarded="1968" />
  <memory-copied type="other" objects="0" bytes="0" bytesdiscarded="0" />
  <memory-cardclean objects="98" bytes="11864" />
  <regions eden="16" other="1" />
  <remembered-set-cleared processed="25643" cleared="30" durationms="0.426" />
  <references type="weak" candidates="37" cleared="0" enqueued="0" />
  <stringconstants candidates="13769" cleared="0"  />
</gc-op>
<gc-op id="1037" type="classunload" timems="0.007" contextid="1033" timestamp="2019-08-09T08:13:56.374">
  <classunload-info classloadercandidates="54" classloadersunloaded="0" classesunloaded="0" anonymousclassesunloaded="0" quiescems="0.000" setupms="0.007" scanms="0.000" postms="0.000" />
</gc-op>
<gc-end id="1038" type="partial gc" contextid="1033" durationms="9.568" usertimems="20.627" systemtimems="0.000" timestamp="2019-08-09T08:13:56.374" activeThreads="16">
  <mem-info id="1039" free="60817408" total="104857600" percent="58">
    <mem type="eden" free="2084128" total="2097152" percent="99" />
    <remembered-set count="32096" freebytes="4063616" totalbytes="4192000" percent="96" regionsoverflowed="0" regionsstable="3" regionsrebuilding="0"/>
  </mem-info>
</gc-end>
<cycle-end id="1040" type="partial gc" contextid="1033" timestamp="2019-08-09T08:13:56.374" />
  <attribute name="elasticGC enabled" value="1" />
  <attribute name= "numThreadsSpecified" value="16" />
  <attribute name="heapSize specified" value="0" />
  <attribute name="Current GC Util" value="126" />
  <attribute name= "Current Time Running" value="71453" />
  <attribute name ="GC Interval" value="0" />
  <attribute name="Target GC Util Change" value ="80.000000" />
  <attribute name="Current GC Util Change" value="126.000000"/>
  <attribute name="Current Error" value="-46.000000" />
  <attribute name="Output H" value="104895416"/>
  <attribute name="Output I" value="1976"/>
  <attribute name="Output T" value="16"/>
  <attribute name= "Current Time Running" value="71453" />
  <attribute name="GC Util currently" value="126" />
  <attribute name="CPU Util currently" value="1457858921631" />
<exclusive-end id="1041" timestamp="2019-08-09T08:13:56.374" durationms="10.102" />

<exclusive-start id="1042" timestamp="2019-08-09T08:13:56.445" intervalms="81.287">
  <response-info timems="0.019" idlems="0.019" threads="0" lastid="000000000212BF00" lastname="main" />
</exclusive-start>
<allocation-taxation id="1043" taxation-threshold="33554432" timestamp="2019-08-09T08:13:56.445" intervalms="81.289" />
<cycle-start id="1044" type="partial gc" contextid="0" timestamp="2019-08-09T08:13:56.445" intervalms="81.268" />
<gc-start id="1045" type="partial gc" contextid="1044" timestamp="2019-08-09T08:13:56.446">
  <mem-info id="1046" free="27262976" total="104857600" percent="26">
    <mem type="eden" free="0" total="33554432" percent="0" />
    <remembered-set count="31712" freebytes="4065152" totalbytes="4192000" percent="96" regionsoverflowed="0" regionsstable="3" regionsrebuilding="0"/>
  </mem-info>
</gc-start>
<allocation-stats totalBytes="33544784" >
  <allocated-bytes non-tlh="0" tlh="33544784" arrayletleaf="0"/>
  <largest-consumer threadName="main" threadId="000000000212BF00" bytes="33544784" />
</allocation-stats>
<gc-op id="1047" type="copy forward" timems="6.060" contextid="1044" timestamp="2019-08-09T08:13:56.453">
  <memory-copied type="eden" objects="23" bytes="864" bytesdiscarded="0" />
  <memory-copied type="other" objects="202" bytes="6760" bytesdiscarded="2664" />
  <memory-cardclean objects="68" bytes="11104" />
  <regions eden="16" other="1" />
  <remembered-set-cleared processed="25678" cleared="64" durationms="0.462" />
  <references type="weak" candidates="37" cleared="0" enqueued="0" />
  <stringconstants candidates="13769" cleared="0"  />
</gc-op>
<gc-op id="1048" type="classunload" timems="0.006" contextid="1044" timestamp="2019-08-09T08:13:56.453">
  <classunload-info classloadercandidates="54" classloadersunloaded="0" classesunloaded="0" anonymousclassesunloaded="0" quiescems="0.000" setupms="0.006" scanms="0.000" postms="0.000" />
</gc-op>
<gc-end id="1049" type="partial gc" contextid="1044" durationms="7.095" usertimems="15.517" systemtimems="0.000" timestamp="2019-08-09T08:13:56.453" activeThreads="16">
  <mem-info id="1050" free="58720256" total="104857600" percent="56">
    <mem type="eden" free="2096288" total="2097152" percent="99" />
    <remembered-set count="32096" freebytes="4063616" totalbytes="4192000" percent="96" regionsoverflowed="0" regionsstable="3" regionsrebuilding="0"/>
  </mem-info>
</gc-end>
<cycle-end id="1051" type="partial gc" contextid="1044" timestamp="2019-08-09T08:13:56.453" />
  <attribute name="elasticGC enabled" value="1" />
  <attribute name= "numThreadsSpecified" value="16" />
  <attribute name="heapSize specified" value="0" />
  <attribute name="Current GC Util" value="122" />
  <attribute name= "Current Time Running" value="71534" />
  <attribute name ="GC Interval" value="0" />
  <attribute name="Target GC Util Change" value ="80.000000" />
  <attribute name="Current GC Util Change" value="122.000000"/>
  <attribute name="Current Error" value="-32.000000" />
  <attribute name="Output H" value="104895424"/>
  <attribute name="Output I" value="1984"/>
  <attribute name="Output T" value="16"/>
  <attribute name= "Current Time Running" value="71534" />
  <attribute name="GC Util currently" value="122" />
  <attribute name="CPU Util currently" value="1801794550992" />
<exclusive-end id="1052" timestamp="2019-08-09T08:13:56.453" durationms="7.582" />

<exclusive-start id="1053" timestamp="2019-08-09T08:13:56.488" intervalms="43.130">
  <response-info timems="0.048" idlems="0.048" threads="0" lastid="000000000212BF00" lastname="main" />
</exclusive-start>
<allocation-taxation id="1054" taxation-threshold="33554432" timestamp="2019-08-09T08:13:56.489" intervalms="43.133" />
<cycle-start id="1055" type="partial gc" contextid="0" timestamp="2019-08-09T08:13:56.489" intervalms="43.163" />
<gc-start id="1056" type="partial gc" contextid="1055" timestamp="2019-08-09T08:13:56.489">
  <mem-info id="1057" free="25165824" total="104857600" percent="24">
    <mem type="eden" free="0" total="33554432" percent="0" />
    <remembered-set count="31680" freebytes="4065280" totalbytes="4192000" percent="96" regionsoverflowed="0" regionsstable="3" regionsrebuilding="0"/>
  </mem-info>
</gc-start>
<allocation-stats totalBytes="33536952" >
  <allocated-bytes non-tlh="0" tlh="33536952" arrayletleaf="0"/>
  <largest-consumer threadName="main" threadId="000000000212BF00" bytes="33536952" />
</allocation-stats>
<gc-op id="1058" type="copy forward" timems="6.711" contextid="1055" timestamp="2019-08-09T08:13:56.496">
  <memory-copied type="eden" objects="6" bytes="352" bytesdiscarded="0" />
  <memory-copied type="other" objects="18" bytes="568" bytesdiscarded="0" />
  <memory-cardclean objects="35" bytes="1584" />
  <regions eden="16" other="1" />
  <remembered-set-cleared processed="25670" cleared="16" durationms="0.233" />
  <stringconstants candidates="13769" cleared="0"  />
</gc-op>
<gc-op id="1059" type="classunload" timems="0.007" contextid="1055" timestamp="2019-08-09T08:13:56.496">
  <classunload-info classloadercandidates="54" classloadersunloaded="0" classesunloaded="0" anonymousclassesunloaded="0" quiescems="0.000" setupms="0.007" scanms="0.000" postms="0.000" />
</gc-op>
<gc-end id="1060" type="partial gc" contextid="1055" durationms="7.685" usertimems="16.259" systemtimems="0.000" timestamp="2019-08-09T08:13:56.497" activeThreads="16">
  <mem-info id="1061" free="56623104" total="104857600" percent="54">
    <mem type="eden" free="2096800" total="2097152" percent="99" />
    <remembered-set count="30816" freebytes="4068736" totalbytes="4192000" percent="97" regionsoverflowed="0" regionsstable="3" regionsrebuilding="0"/>
  </mem-info>
</gc-end>
<cycle-end id="1062" type="partial gc" contextid="1055" timestamp="2019-08-09T08:13:56.497" />
  <attribute name="elasticGC enabled" value="1" />
  <attribute name= "numThreadsSpecified" value="16" />
  <attribute name="heapSize specified" value="0" />
  <attribute name="Current GC Util" value="124" />
  <attribute name= "Current Time Running" value="71577" />
  <attribute name ="GC Interval" value="0" />
  <attribute name="Target GC Util Change" value ="80.000000" />
  <attribute name="Current GC Util Change" value="124.000000"/>
  <attribute name="Current Error" value="-30.000000" />
  <attribute name="Output H" value="104895424"/>
  <attribute name="Output I" value="1984"/>
  <attribute name="Output T" value="16"/>
  <attribute name= "Current Time Running" value="71577" />
  <attribute name="GC Util currently" value="124" />
  <attribute name="CPU Util currently" value="1984504126645" />
<exclusive-end id="1063" timestamp="2019-08-09T08:13:56.497" durationms="8.365" />

<exclusive-start id="1064" timestamp="2019-08-09T08:13:56.532" intervalms="43.654">
  <response-info timems="0.117" idlems="0.117" threads="0" lastid="000000000212BF00" lastname="main" />
</exclusive-start>
<allocation-taxation id="1065" taxation-threshold="33554432" timestamp="2019-08-09T08:13:56.532" intervalms="43.654" />
<cycle-start id="1066" type="partial gc" contextid="0" timestamp="2019-08-09T08:13:56.532" intervalms="43.665" />
<gc-start id="1067" type="partial gc" contextid="1066" timestamp="2019-08-09T08:13:56.533">
  <mem-info id="1068" free="23068672" total="104857600" percent="22">
    <mem type="eden" free="2096800" total="35651584" percent="5" />
    <remembered-set count="30816" freebytes="4068736" totalbytes="4192000" percent="97" regionsoverflowed="0" regionsstable="3" regionsrebuilding="0"/>
  </mem-info>
</gc-start>
<allocation-stats totalBytes="33536960" >
  <allocated-bytes non-tlh="0" tlh="33536960" arrayletleaf="0"/>
  <largest-consumer threadName="main" threadId="000000000212BF00" bytes="33536960" />
</allocation-stats>
<gc-op id="1069" type="copy forward" timems="6.657" contextid="1066" timestamp="2019-08-09T08:13:56.540">
  <memory-copied type="eden" objects="6" bytes="240" bytesdiscarded="0" />
  <memory-copied type="other" objects="0" bytes="0" bytesdiscarded="0" />
  <memory-cardclean objects="16" bytes="528" />
  <regions eden="16" other="1" />
  <remembered-set-cleared processed="25673" cleared="7" durationms="0.251" />
  <stringconstants candidates="13769" cleared="0"  />
</gc-op>
<gc-op id="1070" type="classunload" timems="0.009" contextid="1066" timestamp="2019-08-09T08:13:56.540">
  <classunload-info classloadercandidates="54" classloadersunloaded="0" classesunloaded="0" anonymousclassesunloaded="0" quiescems="0.000" setupms="0.009" scanms="0.000" postms="0.000" />
</gc-op>
<heap-resize id="1071" type="expand" space="default" amount="16777216" count="1" timems="0.473" reason="excessive time being spent in gc" timestamp="2019-08-09T08:13:56.541" />
<gc-end id="1072" type="partial gc" contextid="1066" durationms="8.522" usertimems="28.082" systemtimems="0.000" timestamp="2019-08-09T08:13:56.541" activeThreads="16">
  <mem-info id="1073" free="73400320" total="121634816" percent="60">
    <mem type="eden" free="2096912" total="2097152" percent="99" />
    <remembered-set count="29952" freebytes="4742912" totalbytes="4862720" percent="97" regionsoverflowed="0" regionsstable="3" regionsrebuilding="0"/>
  </mem-info>
</gc-end>
<cycle-end id="1074" type="partial gc" contextid="1066" timestamp="2019-08-09T08:13:56.541" />
  <attribute name="elasticGC enabled" value="1" />
  <attribute name= "numThreadsSpecified" value="16" />
  <attribute name="heapSize specified" value="0" />
  <attribute name="Current GC Util" value="183" />
  <attribute name= "Current Time Running" value="71621" />
  <attribute name ="GC Interval" value="0" />
  <attribute name="Target GC Util Change" value ="80.000000" />
  <attribute name="Current GC Util Change" value="183.000000"/>
  <attribute name="Current Error" value="-103.000000" />
  <attribute name="Output H" value="104895384"/>
  <attribute name="Output I" value="1944"/>
  <attribute name="Output T" value="16"/>
  <attribute name= "Current Time Running" value="71621" />
  <attribute name="GC Util currently" value="183" />
  <attribute name="CPU Util currently" value="1344013296864" />
<exclusive-end id="1075" timestamp="2019-08-09T08:13:56.541" durationms="9.109" />

<exclusive-start id="1076" timestamp="2019-08-09T08:13:56.580" intervalms="47.777">
  <response-info timems="0.042" idlems="0.042" threads="0" lastid="000000000212BF00" lastname="main" />
</exclusive-start>
<allocation-taxation id="1077" taxation-threshold="37748736" timestamp="2019-08-09T08:13:56.580" intervalms="47.768" />
<cycle-start id="1078" type="partial gc" contextid="0" timestamp="2019-08-09T08:13:56.580" intervalms="47.751" />
<gc-start id="1079" type="partial gc" contextid="1078" timestamp="2019-08-09T08:13:56.580">
  <mem-info id="1080" free="35651584" total="121634816" percent="29">
    <mem type="eden" free="2096912" total="39845888" percent="5" />
    <remembered-set count="29952" freebytes="4742912" totalbytes="4862720" percent="97" regionsoverflowed="0" regionsstable="3" regionsrebuilding="0"/>
  </mem-info>
</gc-start>
<allocation-stats totalBytes="37728952" >
  <allocated-bytes non-tlh="0" tlh="37728952" arrayletleaf="0"/>
  <largest-consumer threadName="main" threadId="000000000212BF00" bytes="37728952" />
</allocation-stats>
<gc-op id="1081" type="copy forward" timems="6.048" contextid="1078" timestamp="2019-08-09T08:13:56.588">
  <memory-copied type="eden" objects="6" bytes="320" bytesdiscarded="0" />
  <memory-copied type="other" objects="0" bytes="0" bytesdiscarded="0" />
  <memory-cardclean objects="16" bytes="528" />
  <regions eden="18" other="1" />
  <remembered-set-cleared processed="25672" cleared="6" durationms="0.355" />
  <stringconstants candidates="13769" cleared="0"  />
</gc-op>
<gc-op id="1082" type="classunload" timems="0.006" contextid="1078" timestamp="2019-08-09T08:13:56.588">
  <classunload-info classloadercandidates="54" classloadersunloaded="0" classesunloaded="0" anonymousclassesunloaded="0" quiescems="0.000" setupms="0.006" scanms="0.000" postms="0.000" />
</gc-op>
<gc-end id="1083" type="partial gc" contextid="1078" durationms="7.510" usertimems="24.430" systemtimems="0.000" timestamp="2019-08-09T08:13:56.588" activeThreads="16">
  <mem-info id="1084" free="73400320" total="121634816" percent="60">
    <mem type="eden" free="2096832" total="2097152" percent="99" />
    <remembered-set count="29952" freebytes="4742912" totalbytes="4862720" percent="97" regionsoverflowed="0" regionsstable="3" regionsrebuilding="0"/>
  </mem-info>
</gc-end>
<cycle-end id="1085" type="partial gc" contextid="1078" timestamp="2019-08-09T08:13:56.588" />
  <attribute name="elasticGC enabled" value="1" />
  <attribute name= "numThreadsSpecified" value="16" />
  <attribute name="heapSize specified" value="0" />
  <attribute name="Current GC Util" value="168" />
  <attribute name= "Current Time Running" value="71669" />
  <attribute name ="GC Interval" value="0" />
  <attribute name="Target GC Util Change" value ="80.000000" />
  <attribute name="Current GC Util Change" value="168.000000"/>
  <attribute name="Current Error" value="-149.000000" />
  <attribute name="Output H" value="121672576"/>
  <attribute name="Output I" value="1920"/>
  <attribute name="Output T" value="16"/>
  <attribute name= "Current Time Running" value="71669" />
  <attribute name="GC Util currently" value="168" />
  <attribute name="CPU Util currently" value="1208937610434" />
<exclusive-end id="1086" timestamp="2019-08-09T08:13:56.588" durationms="8.097" />

<exclusive-start id="1087" timestamp="2019-08-09T08:13:56.627" intervalms="46.702">
  <response-info timems="0.055" idlems="0.055" threads="0" lastid="000000000212BF00" lastname="main" />
</exclusive-start>
<allocation-taxation id="1088" taxation-threshold="37748736" timestamp="2019-08-09T08:13:56.627" intervalms="46.702" />
<cycle-start id="1089" type="partial gc" contextid="0" timestamp="2019-08-09T08:13:56.627" intervalms="46.777" />
<gc-start id="1090" type="partial gc" contextid="1089" timestamp="2019-08-09T08:13:56.627">
  <mem-info id="1091" free="35651584" total="121634816" percent="29">
    <mem type="eden" free="2096832" total="39845888" percent="5" />
    <remembered-set count="29952" freebytes="4742912" totalbytes="4862720" percent="97" regionsoverflowed="0" regionsstable="3" regionsrebuilding="0"/>
  </mem-info>
</gc-start>
<allocation-stats totalBytes="37728416" >
  <allocated-bytes non-tlh="0" tlh="37728416" arrayletleaf="0"/>
  <largest-consumer threadName="main" threadId="000000000212BF00" bytes="37728416" />
</allocation-stats>
<gc-op id="1092" type="copy forward" timems="7.565" contextid="1089" timestamp="2019-08-09T08:13:56.635">
  <memory-copied type="eden" objects="5" bytes="344" bytesdiscarded="0" />
  <memory-copied type="other" objects="0" bytes="0" bytesdiscarded="0" />
  <memory-cardclean objects="16" bytes="528" />
  <regions eden="18" other="1" />
  <remembered-set-cleared processed="25672" cleared="6" durationms="0.483" />
  <stringconstants candidates="13769" cleared="0"  />
</gc-op>
<gc-op id="1093" type="classunload" timems="0.008" contextid="1089" timestamp="2019-08-09T08:13:56.635">
  <classunload-info classloadercandidates="54" classloadersunloaded="0" classesunloaded="0" anonymousclassesunloaded="0" quiescems="0.000" setupms="0.008" scanms="0.000" postms="0.000" />
</gc-op>
<gc-end id="1094" type="partial gc" contextid="1089" durationms="8.358" usertimems="27.488" systemtimems="0.000" timestamp="2019-08-09T08:13:56.635" activeThreads="16">
  <mem-info id="1095" free="73400320" total="121634816" percent="60">
    <mem type="eden" free="2096808" total="2097152" percent="99" />
    <remembered-set count="29952" freebytes="4742912" totalbytes="4862720" percent="97" regionsoverflowed="0" regionsstable="3" regionsrebuilding="0"/>
  </mem-info>
</gc-end>
<cycle-end id="1096" type="partial gc" contextid="1089" timestamp="2019-08-09T08:13:56.636" />
  <attribute name="elasticGC enabled" value="1" />
  <attribute name= "numThreadsSpecified" value="16" />
  <attribute name="heapSize specified" value="0" />
  <attribute name="Current GC Util" value="165" />
  <attribute name= "Current Time Running" value="71715" />
  <attribute name ="GC Interval" value="0" />
  <attribute name="Target GC Util Change" value ="80.000000" />
  <attribute name="Current GC Util Change" value="165.000000"/>
  <attribute name="Current Error" value="-187.000000" />
  <attribute name="Output H" value="121672552"/>
  <attribute name="Output I" value="1896"/>
  <attribute name="Output T" value="16"/>
  <attribute name= "Current Time Running" value="71715" />
  <attribute name="GC Util currently" value="165" />
  <attribute name="CPU Util currently" value="3050476483782" />
<exclusive-end id="1097" timestamp="2019-08-09T08:13:56.636" durationms="9.054" />

<exclusive-start id="1098" timestamp="2019-08-09T08:13:56.676" intervalms="49.316">
  <response-info timems="0.041" idlems="0.041" threads="0" lastid="000000000212BF00" lastname="main" />
</exclusive-start>
<allocation-taxation id="1099" taxation-threshold="37748736" timestamp="2019-08-09T08:13:56.676" intervalms="49.318" />
<cycle-start id="1100" type="partial gc" contextid="0" timestamp="2019-08-09T08:13:56.676" intervalms="49.251" />
<gc-start id="1101" type="partial gc" contextid="1100" timestamp="2019-08-09T08:13:56.676">
  <mem-info id="1102" free="35651584" total="121634816" percent="29">
    <mem type="eden" free="2096808" total="39845888" percent="5" />
    <remembered-set count="29952" freebytes="4742912" totalbytes="4862720" percent="97" regionsoverflowed="0" regionsstable="3" regionsrebuilding="0"/>
  </mem-info>
</gc-start>
<allocation-stats totalBytes="37729216" >
  <allocated-bytes non-tlh="0" tlh="37729216" arrayletleaf="0"/>
  <largest-consumer threadName="main" threadId="000000000212BF00" bytes="37729216" />
</allocation-stats>
<gc-op id="1103" type="copy forward" timems="6.420" contextid="1100" timestamp="2019-08-09T08:13:56.684">
  <memory-copied type="eden" objects="8" bytes="192" bytesdiscarded="0" />
  <memory-copied type="other" objects="0" bytes="0" bytesdiscarded="0" />
  <memory-cardclean objects="16" bytes="528" />
  <regions eden="18" other="1" />
  <remembered-set-cleared processed="25672" cleared="6" durationms="0.617" />
  <stringconstants candidates="13769" cleared="0"  />
</gc-op>
<gc-op id="1104" type="classunload" timems="0.008" contextid="1100" timestamp="2019-08-09T08:13:56.684">
  <classunload-info classloadercandidates="54" classloadersunloaded="0" classesunloaded="0" anonymousclassesunloaded="0" quiescems="0.000" setupms="0.008" scanms="0.000" postms="0.000" />
</gc-op>
<gc-end id="1105" type="partial gc" contextid="1100" durationms="7.778" usertimems="24.289" systemtimems="0.000" timestamp="2019-08-09T08:13:56.684" activeThreads="16">
  <mem-info id="1106" free="73400320" total="121634816" percent="60">
    <mem type="eden" free="2096960" total="2097152" percent="99" />
    <remembered-set count="29952" freebytes="4742912" totalbytes="4862720" percent="97" regionsoverflowed="0" regionsstable="3" regionsrebuilding="0"/>
  </mem-info>
</gc-end>
<cycle-end id="1107" type="partial gc" contextid="1100" timestamp="2019-08-09T08:13:56.684" />
  <attribute name="elasticGC enabled" value="1" />
  <attribute name= "numThreadsSpecified" value="16" />
  <attribute name="heapSize specified" value="0" />
  <attribute name="Current GC Util" value="161" />
  <attribute name= "Current Time Running" value="71765" />
  <attribute name ="GC Interval" value="0" />
  <attribute name="Target GC Util Change" value ="80.000000" />
  <attribute name="Current GC Util Change" value="161.000000"/>
  <attribute name="Current Error" value="-81.000000" />
  <attribute name="Output H" value="121672616"/>
  <attribute name="Output I" value="1960"/>
  <attribute name="Output T" value="16"/>
  <attribute name= "Current Time Running" value="71765" />
  <attribute name="GC Util currently" value="161" />
  <attribute name="CPU Util currently" value="1261436566609" />
<exclusive-end id="1108" timestamp="2019-08-09T08:13:56.684" durationms="8.387" />

<exclusive-start id="1109" timestamp="2019-08-09T08:13:56.725" intervalms="49.054">
  <response-info timems="0.102" idlems="0.102" threads="0" lastid="000000000212BF00" lastname="main" />
</exclusive-start>
<allocation-taxation id="1110" taxation-threshold="37748736" timestamp="2019-08-09T08:13:56.725" intervalms="49.055" />
<cycle-start id="1111" type="partial gc" contextid="0" timestamp="2019-08-09T08:13:56.725" intervalms="49.048" />
<gc-start id="1112" type="partial gc" contextid="1111" timestamp="2019-08-09T08:13:56.725">
  <mem-info id="1113" free="35651584" total="121634816" percent="29">
    <mem type="eden" free="2096960" total="39845888" percent="5" />
    <remembered-set count="29952" freebytes="4742912" totalbytes="4862720" percent="97" regionsoverflowed="0" regionsstable="3" regionsrebuilding="0"/>
  </mem-info>
</gc-start>
<allocation-stats totalBytes="37728848" >
  <allocated-bytes non-tlh="0" tlh="37728848" arrayletleaf="0"/>
  <largest-consumer threadName="main" threadId="000000000212BF00" bytes="37728848" />
</allocation-stats>
<gc-op id="1114" type="copy forward" timems="7.509" contextid="1111" timestamp="2019-08-09T08:13:56.734">
  <memory-copied type="eden" objects="28" bytes="1208" bytesdiscarded="584" />
  <memory-copied type="other" objects="0" bytes="0" bytesdiscarded="0" />
  <memory-cardclean objects="63" bytes="2472" />
  <regions eden="18" other="1" />
  <remembered-set-cleared processed="25672" cleared="18" durationms="0.251" />
  <stringconstants candidates="13769" cleared="0"  />
</gc-op>
<gc-op id="1115" type="classunload" timems="0.008" contextid="1111" timestamp="2019-08-09T08:13:56.734">
  <classunload-info classloadercandidates="54" classloadersunloaded="0" classesunloaded="0" anonymousclassesunloaded="0" quiescems="0.000" setupms="0.008" scanms="0.000" postms="0.000" />
</gc-op>
<gc-end id="1116" type="partial gc" contextid="1111" durationms="8.587" usertimems="29.100" systemtimems="0.000" timestamp="2019-08-09T08:13:56.734" activeThreads="16">
  <mem-info id="1117" free="73400320" total="121634816" percent="60">
    <mem type="eden" free="2095360" total="2097152" percent="99" />
    <remembered-set count="30816" freebytes="4739456" totalbytes="4862720" percent="97" regionsoverflowed="0" regionsstable="3" regionsrebuilding="0"/>
  </mem-info>
</gc-end>
<cycle-end id="1118" type="partial gc" contextid="1111" timestamp="2019-08-09T08:13:56.734" />
  <attribute name="elasticGC enabled" value="1" />
  <attribute name= "numThreadsSpecified" value="16" />
  <attribute name="heapSize specified" value="0" />
  <attribute name="Current GC Util" value="131" />
  <attribute name= "Current Time Running" value="71813" />
  <attribute name ="GC Interval" value="0" />
  <attribute name="Target GC Util Change" value ="80.000000" />
  <attribute name="Current GC Util Change" value="131.000000"/>
  <attribute name="Current Error" value="-83.000000" />
  <attribute name="Output H" value="121672616"/>
  <attribute name="Output I" value="1960"/>
  <attribute name="Output T" value="16"/>
  <attribute name= "Current Time Running" value="71813" />
  <attribute name="GC Util currently" value="131" />
  <attribute name="CPU Util currently" value="1997248158837" />
<exclusive-end id="1119" timestamp="2019-08-09T08:13:56.734" durationms="9.222" />

<exclusive-start id="1120" timestamp="2019-08-09T08:13:56.777" intervalms="52.153">
  <response-info timems="0.153" idlems="0.153" threads="0" lastid="000000000212BF00" lastname="main" />
</exclusive-start>
<allocation-taxation id="1121" taxation-threshold="37748736" timestamp="2019-08-09T08:13:56.777" intervalms="52.149" />
<cycle-start id="1122" type="partial gc" contextid="0" timestamp="2019-08-09T08:13:56.777" intervalms="52.254" />
<gc-start id="1123" type="partial gc" contextid="1122" timestamp="2019-08-09T08:13:56.778">
  <mem-info id="1124" free="35651584" total="121634816" percent="29">
    <mem type="eden" free="2095360" total="39845888" percent="5" />
    <remembered-set count="30816" freebytes="4739456" totalbytes="4862720" percent="97" regionsoverflowed="0" regionsstable="3" regionsrebuilding="0"/>
  </mem-info>
</gc-start>
<allocation-stats totalBytes="37715416" >
  <allocated-bytes non-tlh="0" tlh="37715416" arrayletleaf="0"/>
  <largest-consumer threadName="main" threadId="000000000212BF00" bytes="37715416" />
</allocation-stats>
<gc-op id="1125" type="copy forward" timems="7.864" contextid="1122" timestamp="2019-08-09T08:13:56.787">
  <memory-copied type="eden" objects="6" bytes="248" bytesdiscarded="0" />
  <memory-copied type="other" objects="23" bytes="968" bytesdiscarded="320" />
  <memory-cardclean objects="50" bytes="2152" />
  <regions eden="18" other="1" />
  <remembered-set-cleared processed="25676" cleared="22" durationms="0.422" />
  <stringconstants candidates="13769" cleared="0"  />
</gc-op>
<gc-op id="1126" type="classunload" timems="0.011" contextid="1122" timestamp="2019-08-09T08:13:56.787">
  <classunload-info classloadercandidates="54" classloadersunloaded="0" classesunloaded="0" anonymousclassesunloaded="0" quiescems="0.000" setupms="0.010" scanms="0.000" postms="0.000" />
</gc-op>
<heap-resize id="1127" type="expand" space="default" amount="4194304" count="1" timems="0.064" reason="excessive time being spent in gc" timestamp="2019-08-09T08:13:56.788" />
<gc-end id="1128" type="partial gc" contextid="1122" durationms="9.927" usertimems="29.826" systemtimems="0.000" timestamp="2019-08-09T08:13:56.788" activeThreads="16">
  <mem-info id="1129" free="75497472" total="125829120" percent="60">
    <mem type="eden" free="4192768" total="4194304" percent="99" />
    <remembered-set count="30816" freebytes="4907136" totalbytes="5030400" percent="97" regionsoverflowed="0" regionsstable="3" regionsrebuilding="0"/>
  </mem-info>
</gc-end>
<cycle-end id="1130" type="partial gc" contextid="1122" timestamp="2019-08-09T08:13:56.788" />
  <attribute name="elasticGC enabled" value="1" />
  <attribute name= "numThreadsSpecified" value="16" />
  <attribute name="heapSize specified" value="0" />
  <attribute name="Current GC Util" value="245" />
  <attribute name= "Current Time Running" value="71867" />
  <attribute name ="GC Interval" value="0" />
  <attribute name="Target GC Util Change" value ="80.000000" />
  <attribute name="Current GC Util Change" value="245.000000"/>
  <attribute name="Current Error" value="-206.000000" />
  <attribute name="Output H" value="121672544"/>
  <attribute name="Output I" value="1888"/>
  <attribute name="Output T" value="16"/>
  <attribute name= "Current Time Running" value="71867" />
  <attribute name="GC Util currently" value="245" />
  <attribute name="CPU Util currently" value="937275866295" />
<exclusive-end id="1131" timestamp="2019-08-09T08:13:56.788" durationms="10.856" />

<exclusive-start id="1132" timestamp="2019-08-09T08:13:56.842" intervalms="64.442">
  <response-info timems="0.044" idlems="0.044" threads="0" lastid="000000000212BF00" lastname="main" />
</exclusive-start>
<allocation-taxation id="1133" taxation-threshold="37748736" timestamp="2019-08-09T08:13:56.842" intervalms="64.445" />
<cycle-start id="1134" type="partial gc" contextid="0" timestamp="2019-08-09T08:13:56.842" intervalms="64.325" />
<gc-start id="1135" type="partial gc" contextid="1134" timestamp="2019-08-09T08:13:56.842">
  <mem-info id="1136" free="37748736" total="125829120" percent="30">
    <mem type="eden" free="2096904" total="39845888" percent="5" />
    <remembered-set count="8224" freebytes="4997504" totalbytes="5030400" percent="99" regionsoverflowed="0" regionsstable="4" regionsrebuilding="0"/>
  </mem-info>
</gc-start>
<allocation-stats totalBytes="37713984" >
  <allocated-bytes non-tlh="0" tlh="37713984" arrayletleaf="0"/>
  <largest-consumer threadName="main" threadId="000000000212BF00" bytes="37713984" />
</allocation-stats>
<gc-op id="1137" type="copy forward" timems="6.025" contextid="1134" timestamp="2019-08-09T08:13:56.850">
  <memory-copied type="eden" objects="6" bytes="256" bytesdiscarded="0" />
  <memory-copied type="other" objects="0" bytes="0" bytesdiscarded="0" />
  <memory-cardclean objects="16" bytes="520" />
  <regions eden="18" other="1" />
  <remembered-set-cleared processed="3341" cleared="3" durationms="0.100" />
  <stringconstants candidates="13769" cleared="0"  />
</gc-op>
<gc-op id="1138" type="classunload" timems="0.009" contextid="1134" timestamp="2019-08-09T08:13:56.850">
  <classunload-info classloadercandidates="54" classloadersunloaded="0" classesunloaded="0" anonymousclassesunloaded="0" quiescems="0.000" setupms="0.009" scanms="0.000" postms="0.000" />
</gc-op>
<gc-end id="1139" type="partial gc" contextid="1134" durationms="7.946" usertimems="26.145" systemtimems="0.000" timestamp="2019-08-09T08:13:56.850" activeThreads="16">
  <mem-info id="1140" free="75497472" total="125829120" percent="60">
    <mem type="eden" free="2096896" total="2097152" percent="99" />
    <remembered-set count="7392" freebytes="5000832" totalbytes="5030400" percent="99" regionsoverflowed="0" regionsstable="4" regionsrebuilding="0"/>
  </mem-info>
</gc-end>
<cycle-end id="1141" type="partial gc" contextid="1134" timestamp="2019-08-09T08:13:56.850" />
  <attribute name="elasticGC enabled" value="1" />
  <attribute name= "numThreadsSpecified" value="16" />
  <attribute name="heapSize specified" value="0" />
  <attribute name="Current GC Util" value="238" />
  <attribute name= "Current Time Running" value="71931" />
  <attribute name ="GC Interval" value="0" />
  <attribute name="Target GC Util Change" value ="80.000000" />
  <attribute name="Current GC Util Change" value="238.000000"/>
  <attribute name="Current Error" value="-158.000000" />
  <attribute name="Output H" value="125866872"/>
  <attribute name="Output I" value="1912"/>
  <attribute name="Output T" value="16"/>
  <attribute name= "Current Time Running" value="71931" />
  <attribute name="GC Util currently" value="238" />
  <attribute name="CPU Util currently" value="868469172212" />
<exclusive-end id="1142" timestamp="2019-08-09T08:13:56.850" durationms="8.613" />

<exclusive-start id="1143" timestamp="2019-08-09T08:13:56.956" intervalms="114.451">
  <response-info timems="0.017" idlems="0.017" threads="0" lastid="000000000212BF00" lastname="main" />
</exclusive-start>
<allocation-taxation id="1144" taxation-threshold="37748736" timestamp="2019-08-09T08:13:56.956" intervalms="114.450" />
<cycle-start id="1145" type="partial gc" contextid="0" timestamp="2019-08-09T08:13:56.956" intervalms="114.471" />
<gc-start id="1146" type="partial gc" contextid="1145" timestamp="2019-08-09T08:13:56.956">
  <mem-info id="1147" free="37748736" total="125829120" percent="30">
    <mem type="eden" free="2096896" total="39845888" percent="5" />
    <remembered-set count="7392" freebytes="5000832" totalbytes="5030400" percent="99" regionsoverflowed="0" regionsstable="4" regionsrebuilding="0"/>
  </mem-info>
</gc-start>
<allocation-stats totalBytes="37727896" >
  <allocated-bytes non-tlh="0" tlh="37727896" arrayletleaf="0"/>
  <largest-consumer threadName="main" threadId="000000000212BF00" bytes="37727896" />
</allocation-stats>
<gc-op id="1148" type="copy forward" timems="6.486" contextid="1145" timestamp="2019-08-09T08:13:56.964">
  <memory-copied type="eden" objects="37" bytes="1576" bytesdiscarded="584" />
  <memory-copied type="other" objects="0" bytes="0" bytesdiscarded="0" />
  <memory-cardclean objects="79" bytes="2976" />
  <regions eden="18" other="1" />
  <remembered-set-cleared processed="3341" cleared="15" durationms="0.112" />
  <stringconstants candidates="13769" cleared="0"  />
</gc-op>
<gc-op id="1149" type="classunload" timems="0.007" contextid="1145" timestamp="2019-08-09T08:13:56.964">
  <classunload-info classloadercandidates="54" classloadersunloaded="0" classesunloaded="0" anonymousclassesunloaded="0" quiescems="0.000" setupms="0.007" scanms="0.000" postms="0.000" />
</gc-op>
<gc-end id="1150" type="partial gc" contextid="1145" durationms="8.148" usertimems="17.105" systemtimems="0.000" timestamp="2019-08-09T08:13:56.965" activeThreads="16">
  <mem-info id="1151" free="75497472" total="125829120" percent="60">
    <mem type="eden" free="2094992" total="2097152" percent="99" />
    <remembered-set count="8256" freebytes="4997376" totalbytes="5030400" percent="99" regionsoverflowed="0" regionsstable="4" regionsrebuilding="0"/>
  </mem-info>
</gc-end>
<cycle-end id="1152" type="partial gc" contextid="1145" timestamp="2019-08-09T08:13:56.965" />
  <attribute name="elasticGC enabled" value="1" />
  <attribute name= "numThreadsSpecified" value="16" />
  <attribute name="heapSize specified" value="0" />
  <attribute name="Current GC Util" value="205" />
  <attribute name= "Current Time Running" value="72045" />
  <attribute name ="GC Interval" value="0" />
  <attribute name="Target GC Util Change" value ="80.000000" />
  <attribute name="Current GC Util Change" value="205.000000"/>
  <attribute name="Current Error" value="-216.000000" />
  <attribute name="Output H" value="125866840"/>
  <attribute name="Output I" value="1880"/>
  <attribute name="Output T" value="16"/>
  <attribute name= "Current Time Running" value="72045" />
  <attribute name="GC Util currently" value="205" />
  <attribute name="CPU Util currently" value="1002445407770" />
<exclusive-end id="1153" timestamp="2019-08-09T08:13:56.965" durationms="8.926" />

<exclusive-start id="1154" timestamp="2019-08-09T08:13:57.050" intervalms="94.277">
  <response-info timems="0.089" idlems="0.089" threads="0" lastid="000000000212BF00" lastname="main" />
</exclusive-start>
<allocation-taxation id="1155" taxation-threshold="37748736" timestamp="2019-08-09T08:13:57.050" intervalms="94.288" />
<cycle-start id="1156" type="partial gc" contextid="0" timestamp="2019-08-09T08:13:57.050" intervalms="94.319" />
<gc-start id="1157" type="partial gc" contextid="1156" timestamp="2019-08-09T08:13:57.051">
  <mem-info id="1158" free="37748736" total="125829120" percent="30">
    <mem type="eden" free="0" total="37748736" percent="0" />
    <remembered-set count="8256" freebytes="4997376" totalbytes="5030400" percent="99" regionsoverflowed="0" regionsstable="4" regionsrebuilding="0"/>
  </mem-info>
</gc-start>
<allocation-stats totalBytes="37740584" >
  <allocated-bytes non-tlh="0" tlh="37740584" arrayletleaf="0"/>
  <largest-consumer threadName="main" threadId="000000000212BF00" bytes="37740584" />
</allocation-stats>
<gc-op id="1159" type="copy forward" timems="6.373" contextid="1156" timestamp="2019-08-09T08:13:57.059">
  <memory-copied type="eden" objects="31" bytes="1504" bytesdiscarded="0" />
  <memory-copied type="other" objects="23" bytes="992" bytesdiscarded="584" />
  <memory-cardclean objects="50" bytes="2200" />
  <regions eden="18" other="1" />
  <remembered-set-cleared processed="3342" cleared="16" durationms="0.587" />
  <stringconstants candidates="13769" cleared="0"  />
</gc-op>
<gc-op id="1160" type="classunload" timems="0.008" contextid="1156" timestamp="2019-08-09T08:13:57.059">
  <classunload-info classloadercandidates="54" classloadersunloaded="0" classesunloaded="0" anonymousclassesunloaded="0" quiescems="0.000" setupms="0.007" scanms="0.000" postms="0.000" />
</gc-op>
<gc-end id="1161" type="partial gc" contextid="1156" durationms="8.623" usertimems="24.486" systemtimems="0.000" timestamp="2019-08-09T08:13:57.059" activeThreads="16">
  <mem-info id="1162" free="73400320" total="125829120" percent="58">
    <mem type="eden" free="2095648" total="2097152" percent="99" />
    <remembered-set count="8768" freebytes="4995328" totalbytes="5030400" percent="99" regionsoverflowed="0" regionsstable="4" regionsrebuilding="0"/>
  </mem-info>
</gc-end>
<cycle-end id="1163" type="partial gc" contextid="1156" timestamp="2019-08-09T08:13:57.060" />
  <attribute name="elasticGC enabled" value="1" />
  <attribute name= "numThreadsSpecified" value="16" />
  <attribute name="heapSize specified" value="0" />
  <attribute name="Current GC Util" value="172" />
  <attribute name= "Current Time Running" value="72140" />
  <attribute name ="GC Interval" value="0" />
  <attribute name="Target GC Util Change" value ="80.000000" />
  <attribute name="Current GC Util Change" value="172.000000"/>
  <attribute name="Current Error" value="-244.000000" />
  <attribute name="Output H" value="125866824"/>
  <attribute name="Output I" value="1864"/>
  <attribute name="Output T" value="16"/>
  <attribute name= "Current Time Running" value="72140" />
  <attribute name="GC Util currently" value="172" />
  <attribute name="CPU Util currently" value="679510557220" />
<exclusive-end id="1164" timestamp="2019-08-09T08:13:57.060" durationms="9.411" />

<exclusive-start id="1165" timestamp="2019-08-09T08:13:58.647" intervalms="1596.617">
  <response-info timems="0.041" idlems="0.041" threads="0" lastid="000000000212BF00" lastname="main" />
</exclusive-start>
<allocation-taxation id="1166" taxation-threshold="37748736" timestamp="2019-08-09T08:13:58.647" intervalms="1596.608" />
<cycle-start id="1167" type="partial gc" contextid="0" timestamp="2019-08-09T08:13:58.647" intervalms="1596.553" />
<gc-start id="1168" type="partial gc" contextid="1167" timestamp="2019-08-09T08:13:58.647">
  <mem-info id="1169" free="35651584" total="125829120" percent="28">
    <mem type="eden" free="2095648" total="39845888" percent="5" />
    <remembered-set count="8768" freebytes="4995328" totalbytes="5030400" percent="99" regionsoverflowed="0" regionsstable="4" regionsrebuilding="0"/>
  </mem-info>
</gc-start>
<allocation-stats totalBytes="37151928" >
  <allocated-bytes non-tlh="0" tlh="37151928" arrayletleaf="0"/>
  <largest-consumer threadName="main" threadId="000000000212BF00" bytes="37151928" />
</allocation-stats>
<gc-op id="1170" type="copy forward" timems="14.461" contextid="1167" timestamp="2019-08-09T08:13:58.664">
  <memory-copied type="eden" objects="104" bytes="14528" bytesdiscarded="608" />
  <memory-copied type="other" objects="0" bytes="0" bytesdiscarded="0" />
  <memory-cardclean objects="116" bytes="4400" />
  <regions eden="18" other="1" />
  <remembered-set-cleared processed="3347" cleared="18" durationms="0.110" />
  <stringconstants candidates="13769" cleared="0"  />
</gc-op>
<gc-op id="1171" type="classunload" timems="0.013" contextid="1167" timestamp="2019-08-09T08:13:58.664">
  <classunload-info classloadercandidates="54" classloadersunloaded="0" classesunloaded="0" anonymousclassesunloaded="0" quiescems="0.000" setupms="0.013" scanms="0.000" postms="0.000" />
</gc-op>
<heap-resize id="1172" type="contract" space="default" amount="6291456" count="1" timems="0.074" reason="insufficient time being spent in gc" timestamp="2019-08-09T08:13:58.664" />
<gc-end id="1173" type="partial gc" contextid="1167" durationms="16.614" usertimems="41.156" systemtimems="0.000" timestamp="2019-08-09T08:13:58.664" activeThreads="16">
  <mem-info id="1174" free="67108864" total="119537664" percent="56">
    <mem type="eden" free="2082016" total="2097152" percent="99" />
    <remembered-set count="8288" freebytes="4997248" totalbytes="5030400" percent="99" regionsoverflowed="0" regionsstable="4" regionsrebuilding="0"/>
  </mem-info>
</gc-end>
<cycle-end id="1175" type="partial gc" contextid="1167" timestamp="2019-08-09T08:13:58.664" />
  <attribute name="elasticGC enabled" value="1" />
  <attribute name= "numThreadsSpecified" value="16" />
  <attribute name="heapSize specified" value="0" />
  <attribute name="Current GC Util" value="180" />
  <attribute name= "Current Time Running" value="73736" />
  <attribute name ="GC Interval" value="0" />
  <attribute name="Target GC Util Change" value ="80.000000" />
  <attribute name="Current GC Util Change" value="180.000000"/>
  <attribute name="Current Error" value="-100.000000" />
  <attribute name="Output H" value="125866904"/>
  <attribute name="Output I" value="1944"/>
  <attribute name="Output T" value="16"/>
  <attribute name= "Current Time Running" value="73736" />
  <attribute name="GC Util currently" value="180" />
  <attribute name="CPU Util currently" value="749260427175" />
<exclusive-end id="1176" timestamp="2019-08-09T08:13:58.664" durationms="17.156" />

<exclusive-start id="1177" timestamp="2019-08-09T08:13:58.685" intervalms="38.086">
  <response-info timems="0.038" idlems="0.038" threads="0" lastid="000000000212BF00" lastname="main" />
</exclusive-start>
<allocation-taxation id="1178" taxation-threshold="37748736" timestamp="2019-08-09T08:13:58.685" intervalms="38.086" />
<cycle-start id="1179" type="partial gc" contextid="0" timestamp="2019-08-09T08:13:58.685" intervalms="38.074" />
<gc-start id="1180" type="partial gc" contextid="1179" timestamp="2019-08-09T08:13:58.685">
  <mem-info id="1181" free="29360128" total="119537664" percent="24">
    <mem type="eden" free="0" total="37748736" percent="0" />
    <remembered-set count="7808" freebytes="4999168" totalbytes="5030400" percent="99" regionsoverflowed="0" regionsstable="4" regionsrebuilding="0"/>
  </mem-info>
</gc-start>
<allocation-stats totalBytes="35342192" >
  <allocated-bytes non-tlh="0" tlh="35342192" arrayletleaf="0"/>
  <largest-consumer threadName="main" threadId="000000000212BF00" bytes="35342192" />
</allocation-stats>
<gc-op id="1182" type="copy forward" timems="7.887" contextid="1179" timestamp="2019-08-09T08:13:58.695">
  <memory-copied type="eden" objects="12" bytes="22384" bytesdiscarded="0" />
  <memory-copied type="other" objects="92" bytes="3552" bytesdiscarded="624" />
  <memory-cardclean objects="84" bytes="3528" />
  <regions eden="18" other="1" />
  <remembered-set-cleared processed="3346" cleared="20" durationms="0.091" />
  <stringconstants candidates="13769" cleared="0"  />
</gc-op>
<gc-op id="1183" type="classunload" timems="0.010" contextid="1179" timestamp="2019-08-09T08:13:58.695">
  <classunload-info classloadercandidates="54" classloadersunloaded="0" classesunloaded="0" anonymousclassesunloaded="0" quiescems="0.000" setupms="0.010" scanms="0.000" postms="0.000" />
</gc-op>
<heap-resize id="1184" type="contract" space="default" amount="6291456" count="1" timems="0.174" reason="insufficient time being spent in gc" timestamp="2019-08-09T08:13:58.695" />
<gc-end id="1185" type="partial gc" contextid="1179" durationms="9.976" usertimems="31.006" systemtimems="0.000" timestamp="2019-08-09T08:13:58.695" activeThreads="16">
  <mem-info id="1186" free="58720256" total="113246208" percent="51">
    <mem type="eden" free="2074768" total="2097152" percent="98" />
    <remembered-set count="8768" freebytes="4743808" totalbytes="4778880" percent="99" regionsoverflowed="0" regionsstable="4" regionsrebuilding="0"/>
  </mem-info>
</gc-end>
<cycle-end id="1187" type="partial gc" contextid="1179" timestamp="2019-08-09T08:13:58.695" />
  <attribute name="elasticGC enabled" value="1" />
  <attribute name= "numThreadsSpecified" value="16" />
  <attribute name="heapSize specified" value="0" />
  <attribute name="Current GC Util" value="157" />
  <attribute name= "Current Time Running" value="73774" />
  <attribute name ="GC Interval" value="0" />
  <attribute name="Target GC Util Change" value ="80.000000" />
  <attribute name="Current GC Util Change" value="157.000000"/>
  <attribute name="Current Error" value="-172.000000" />
  <attribute name="Output H" value="119575408"/>
  <attribute name="Output I" value="1904"/>
  <attribute name="Output T" value="16"/>
  <attribute name= "Current Time Running" value="73774" />
  <attribute name="GC Util currently" value="157" />
  <attribute name="CPU Util currently" value="898875810321" />
<exclusive-end id="1188" timestamp="2019-08-09T08:13:58.696" durationms="10.493" />

<exclusive-start id="1189" timestamp="2019-08-09T08:13:59.377" intervalms="692.354">
  <response-info timems="0.049" idlems="0.049" threads="0" lastid="000000000212BF00" lastname="main" />
</exclusive-start>
<allocation-taxation id="1190" taxation-threshold="35651584" timestamp="2019-08-09T08:13:59.377" intervalms="692.364" />
<cycle-start id="1191" type="partial gc" contextid="0" timestamp="2019-08-09T08:13:59.377" intervalms="692.375" />
<gc-start id="1192" type="partial gc" contextid="1191" timestamp="2019-08-09T08:13:59.378">
  <mem-info id="1193" free="23068672" total="113246208" percent="20">
    <mem type="eden" free="2074768" total="37748736" percent="5" />
    <remembered-set count="8288" freebytes="4745728" totalbytes="4778880" percent="99" regionsoverflowed="0" regionsstable="4" regionsrebuilding="0"/>
  </mem-info>
</gc-start>
<allocation-stats totalBytes="35648432" >
  <allocated-bytes non-tlh="0" tlh="35648432" arrayletleaf="0"/>
  <largest-consumer threadName="main" threadId="000000000212BF00" bytes="35648432" />
</allocation-stats>
<gc-op id="1194" type="copy forward" timems="8.751" contextid="1191" timestamp="2019-08-09T08:13:59.389">
  <memory-copied type="eden" objects="60" bytes="41568" bytesdiscarded="224" />
  <memory-copied type="other" objects="0" bytes="0" bytesdiscarded="0" />
  <memory-cardclean objects="138" bytes="13384" />
  <regions eden="17" other="1" />
  <remembered-set-cleared processed="3355" cleared="17" durationms="0.124" />
  <references type="weak" candidates="2" cleared="0" enqueued="0" />
  <stringconstants candidates="13769" cleared="0"  />
</gc-op>
<gc-op id="1195" type="classunload" timems="0.008" contextid="1191" timestamp="2019-08-09T08:13:59.389">
  <classunload-info classloadercandidates="54" classloadersunloaded="0" classesunloaded="0" anonymousclassesunloaded="0" quiescems="0.000" setupms="0.008" scanms="0.000" postms="0.000" />
</gc-op>
<heap-resize id="1196" type="contract" space="default" amount="6291456" count="1" timems="0.257" reason="insufficient time being spent in gc" timestamp="2019-08-09T08:13:59.389" />
<gc-end id="1197" type="partial gc" contextid="1191" durationms="11.281" usertimems="36.291" systemtimems="0.000" timestamp="2019-08-09T08:13:59.389" activeThreads="16">
  <mem-info id="1198" free="52428800" total="106954752" percent="49">
    <mem type="eden" free="2055360" total="2097152" percent="98" />
    <remembered-set count="8960" freebytes="4491520" totalbytes="4527360" percent="99" regionsoverflowed="0" regionsstable="4" regionsrebuilding="0"/>
  </mem-info>
</gc-end>
<cycle-end id="1199" type="partial gc" contextid="1191" timestamp="2019-08-09T08:13:59.389" />
  <attribute name="elasticGC enabled" value="1" />
  <attribute name= "numThreadsSpecified" value="16" />
  <attribute name="heapSize specified" value="0" />
  <attribute name="Current GC Util" value="118" />
  <attribute name= "Current Time Running" value="74467" />
  <attribute name ="GC Interval" value="0" />
  <attribute name="Target GC Util Change" value ="80.000000" />
  <attribute name="Current GC Util Change" value="118.000000"/>
  <attribute name="Current Error" value="-132.000000" />
  <attribute name="Output H" value="113283976"/>
  <attribute name="Output I" value="1928"/>
  <attribute name="Output T" value="16"/>
  <attribute name= "Current Time Running" value="74467" />
  <attribute name="GC Util currently" value="118" />
  <attribute name="CPU Util currently" value="683118006129" />
<exclusive-end id="1200" timestamp="2019-08-09T08:13:59.389" durationms="11.929" />

<exclusive-start id="1201" timestamp="2019-08-09T08:13:59.589" intervalms="211.488">
  <response-info timems="0.121" idlems="0.121" threads="0" lastid="000000000212BF00" lastname="main" />
</exclusive-start>
<allocation-taxation id="1202" taxation-threshold="33554432" timestamp="2019-08-09T08:13:59.589" intervalms="211.486" />
<cycle-start id="1203" type="partial gc" contextid="0" timestamp="2019-08-09T08:13:59.589" intervalms="211.497" />
<gc-start id="1204" type="partial gc" contextid="1203" timestamp="2019-08-09T08:13:59.589">
  <mem-info id="1205" free="18874368" total="106954752" percent="17">
    <mem type="eden" free="0" total="33554432" percent="0" />
    <remembered-set count="8480" freebytes="4493440" totalbytes="4527360" percent="99" regionsoverflowed="0" regionsstable="4" regionsrebuilding="0"/>
  </mem-info>
</gc-start>
<allocation-stats totalBytes="33549896" >
  <allocated-bytes non-tlh="0" tlh="33549896" arrayletleaf="0"/>
  <largest-consumer threadName="main" threadId="000000000212BF00" bytes="33549896" />
</allocation-stats>
<gc-op id="1206" type="copy forward" timems="9.324" contextid="1203" timestamp="2019-08-09T08:13:59.600">
  <memory-copied type="eden" objects="1" bytes="24" bytesdiscarded="0" />
  <memory-copied type="other" objects="60" bytes="41568" bytesdiscarded="376" />
  <memory-cardclean objects="85" bytes="11816" />
  <regions eden="16" other="1" />
  <remembered-set-cleared processed="3355" cleared="17" durationms="0.110" />
  <references type="weak" candidates="2" cleared="0" enqueued="0" />
  <stringconstants candidates="13769" cleared="0"  />
</gc-op>
<gc-op id="1207" type="classunload" timems="0.008" contextid="1203" timestamp="2019-08-09T08:13:59.600">
  <classunload-info classloadercandidates="54" classloadersunloaded="0" classesunloaded="0" anonymousclassesunloaded="0" quiescems="0.000" setupms="0.008" scanms="0.000" postms="0.000" />
</gc-op>
<heap-resize id="1208" type="contract" space="default" amount="6291456" count="1" timems="0.276" reason="insufficient time being spent in gc" timestamp="2019-08-09T08:13:59.600" />
<gc-end id="1209" type="partial gc" contextid="1203" durationms="11.290" usertimems="38.490" systemtimems="0.000" timestamp="2019-08-09T08:13:59.601" activeThreads="16">
  <mem-info id="1210" free="44040192" total="100663296" percent="43">
    <mem type="eden" free="2097128" total="2097152" percent="99" />
    <remembered-set count="8960" freebytes="4240000" totalbytes="4275840" percent="99" regionsoverflowed="0" regionsstable="4" regionsrebuilding="0"/>
  </mem-info>
</gc-end>
<cycle-end id="1211" type="partial gc" contextid="1203" timestamp="2019-08-09T08:13:59.601" />
  <attribute name="elasticGC enabled" value="1" />
  <attribute name= "numThreadsSpecified" value="16" />
  <attribute name="heapSize specified" value="0" />
  <attribute name="Current GC Util" value="190" />
  <attribute name= "Current Time Running" value="74678" />
  <attribute name ="GC Interval" value="0" />
  <attribute name="Target GC Util Change" value ="80.000000" />
  <attribute name="Current GC Util Change" value="190.000000"/>
  <attribute name="Current Error" value="-110.000000" />
  <attribute name="Output H" value="106992536"/>
  <attribute name="Output I" value="1944"/>
  <attribute name="Output T" value="16"/>
  <attribute name= "Current Time Running" value="74678" />
  <attribute name="GC Util currently" value="190" />
  <attribute name="CPU Util currently" value="890060737307" />
<exclusive-end id="1212" timestamp="2019-08-09T08:13:59.601" durationms="11.829" />

<exclusive-start id="1213" timestamp="2019-08-09T08:13:59.670" intervalms="81.167">
  <response-info timems="0.125" idlems="0.125" threads="0" lastid="000000000212BF00" lastname="main" />
</exclusive-start>
<allocation-taxation id="1214" taxation-threshold="14680064" timestamp="2019-08-09T08:13:59.670" intervalms="81.157" />
<cycle-start id="1215" type="global mark phase" contextid="0" timestamp="2019-08-09T08:13:59.670" intervalms="4565.529" />
<gc-start id="1216" type="global mark phase" contextid="1215" timestamp="2019-08-09T08:13:59.670">
  <mem-info id="1217" free="29360128" total="100663296" percent="29">
    <remembered-set count="8480" freebytes="4241920" totalbytes="4275840" percent="99" regionsoverflowed="0" regionsstable="4" regionsrebuilding="0"/>
  </mem-info>
</gc-start>
<gc-op id="1218" type="mark increment" timems="2.335" contextid="1215" timestamp="2019-08-09T08:13:59.672">
  <trace-info objectcount="201" scancount="0" scanbytes="0" />
</gc-op>
<gc-end id="1219" type="global mark phase" contextid="1215" durationms="2.371" usertimems="8.388" systemtimems="0.000" timestamp="2019-08-09T08:13:59.673" activeThreads="16">
  <mem-info id="1220" free="29360128" total="100663296" percent="29">
    <remembered-set count="8480" freebytes="4241920" totalbytes="4275840" percent="99" regionsoverflowed="0" regionsstable="0" regionsrebuilding="4"/>
  </mem-info>
</gc-end>
<concurrent-start id="1221" type="GMP work packet processing" contextid="1215" timestamp="2019-08-09T08:13:59.673">
  <concurrent-mark-start scanTarget="5332647" />
</concurrent-start>
<exclusive-end id="1222" timestamp="2019-08-09T08:13:59.673" durationms="2.641" />

<concurrent-end id="1223" type="GMP work packet processing" contextid="1215" timestamp="2019-08-09T08:13:59.678">
  <concurrent-mark-end bytesScanned="5506324" reasonForTermination="Work target met" />
</concurrent-end>

<exclusive-start id="1224" timestamp="2019-08-09T08:13:59.765" intervalms="94.739">
  <response-info timems="0.133" idlems="0.133" threads="0" lastid="000000000212BF00" lastname="main" />
</exclusive-start>
<allocation-taxation id="1225" taxation-threshold="14680064" timestamp="2019-08-09T08:13:59.765" intervalms="94.750" />
<cycle-start id="1226" type="partial gc" contextid="0" timestamp="2019-08-09T08:13:59.765" intervalms="175.891" />
<gc-start id="1227" type="partial gc" contextid="1226" timestamp="2019-08-09T08:13:59.765">
  <mem-info id="1228" free="14680064" total="100663296" percent="14">
    <mem type="eden" free="2097128" total="31457280" percent="6" />
    <remembered-set count="48032" freebytes="4083712" totalbytes="4275840" percent="95" regionsoverflowed="0" regionsstable="0" regionsrebuilding="4"/>
  </mem-info>
</gc-start>
<allocation-stats totalBytes="29355672" >
  <allocated-bytes non-tlh="32" tlh="29355640" arrayletleaf="0"/>
  <largest-consumer threadName="main" threadId="000000000212BF00" bytes="14677608" />
</allocation-stats>
<gc-op id="1229" type="copy forward" timems="14.688" contextid="1226" timestamp="2019-08-09T08:13:59.781">
  <memory-copied type="eden" objects="48" bytes="1504" bytesdiscarded="696" />
  <memory-copied type="other" objects="0" bytes="0" bytesdiscarded="0" />
  <memory-cardclean objects="73367" bytes="2572816" />
  <regions eden="14" other="1" />
  <remembered-set-cleared processed="19416" cleared="6596" durationms="0.709" />
  <stringconstants candidates="13770" cleared="0"  />
</gc-op>
<gc-op id="1230" type="classunload" timems="0.008" contextid="1226" timestamp="2019-08-09T08:13:59.781">
  <classunload-info classloadercandidates="54" classloadersunloaded="0" classesunloaded="0" anonymousclassesunloaded="0" quiescems="0.000" setupms="0.008" scanms="0.000" postms="0.000" />
</gc-op>
<gc-end id="1231" type="partial gc" contextid="1226" durationms="16.072" usertimems="55.575" systemtimems="0.000" timestamp="2019-08-09T08:13:59.781" activeThreads="16">
  <mem-info id="1232" free="44040192" total="100663296" percent="43">
    <mem type="eden" free="2094952" total="2097152" percent="99" />
    <remembered-set count="31744" freebytes="3897344" totalbytes="4024320" percent="96" regionsoverflowed="0" regionsstable="0" regionsrebuilding="4"/>
  </mem-info>
</gc-end>
<cycle-end id="1233" type="partial gc" contextid="1226" timestamp="2019-08-09T08:13:59.781" />
  <attribute name="elasticGC enabled" value="1" />
  <attribute name= "numThreadsSpecified" value="16" />
  <attribute name="heapSize specified" value="0" />
  <attribute name="Current GC Util" value="131" />
  <attribute name= "Current Time Running" value="74853" />
  <attribute name ="GC Interval" value="0" />
  <attribute name="Target GC Util Change" value ="80.000000" />
  <attribute name="Current GC Util Change" value="131.000000"/>
  <attribute name="Current Error" value="-311.000000" />
  <attribute name="Output H" value="100700960"/>
  <attribute name="Output I" value="1824"/>
  <attribute name="Output T" value="16"/>
  <attribute name= "Current Time Running" value="74853" />
  <attribute name="GC Util currently" value="131" />
  <attribute name="CPU Util currently" value="1214976404354" />
<exclusive-end id="1234" timestamp="2019-08-09T08:13:59.781" durationms="16.622" />

<exclusive-start id="1235" timestamp="2019-08-09T08:13:59.840" intervalms="74.753">
  <response-info timems="0.199" idlems="0.199" threads="0" lastid="000000000212BF00" lastname="main" />
</exclusive-start>
<allocation-taxation id="1236" taxation-threshold="14680064" timestamp="2019-08-09T08:13:59.840" intervalms="74.748" />
<gc-start id="1237" type="global mark phase" contextid="1215" timestamp="2019-08-09T08:13:59.840">
  <mem-info id="1238" free="29360128" total="100663296" percent="29">
    <remembered-set count="31328" freebytes="3899008" totalbytes="4024320" percent="96" regionsoverflowed="0" regionsstable="0" regionsrebuilding="4"/>
  </mem-info>
</gc-start>
<gc-end id="1239" type="global mark phase" contextid="1215" durationms="0.030" usertimems="0.028" systemtimems="0.000" timestamp="2019-08-09T08:13:59.840" activeThreads="16">
  <mem-info id="1240" free="29360128" total="100663296" percent="29">
    <remembered-set count="31328" freebytes="3899008" totalbytes="4024320" percent="96" regionsoverflowed="0" regionsstable="0" regionsrebuilding="4"/>
  </mem-info>
</gc-end>
<concurrent-start id="1241" type="GMP work packet processing" contextid="1215" timestamp="2019-08-09T08:13:59.840">
  <concurrent-mark-start scanTarget="7998971" />
</concurrent-start>
<exclusive-end id="1242" timestamp="2019-08-09T08:13:59.840" durationms="0.487" />

<concurrent-end id="1243" type="GMP work packet processing" contextid="1215" timestamp="2019-08-09T08:13:59.845">
  <concurrent-mark-end bytesScanned="8059416" reasonForTermination="Work target met" />
</concurrent-end>

<exclusive-start id="1244" timestamp="2019-08-09T08:13:59.953" intervalms="113.477">
  <response-info timems="0.113" idlems="0.113" threads="0" lastid="000000000212BF00" lastname="main" />
</exclusive-start>
<allocation-taxation id="1245" taxation-threshold="14680064" timestamp="2019-08-09T08:13:59.953" intervalms="113.470" />
<cycle-start id="1246" type="partial gc" contextid="0" timestamp="2019-08-09T08:13:59.953" intervalms="188.219" />
<gc-start id="1247" type="partial gc" contextid="1246" timestamp="2019-08-09T08:13:59.953">
  <mem-info id="1248" free="14680064" total="100663296" percent="14">
    <mem type="eden" free="0" total="29360128" percent="0" />
    <remembered-set count="98144" freebytes="3631744" totalbytes="4024320" percent="90" regionsoverflowed="0" regionsstable="0" regionsrebuilding="4"/>
  </mem-info>
</gc-start>
<allocation-stats totalBytes="29353168" >
  <allocated-bytes non-tlh="0" tlh="29353168" arrayletleaf="0"/>
  <largest-consumer threadName="main" threadId="000000000212BF00" bytes="14676080" />
</allocation-stats>
<gc-op id="1249" type="copy forward" timems="7.434" contextid="1246" timestamp="2019-08-09T08:13:59.962">
  <memory-copied type="eden" objects="34" bytes="1304" bytesdiscarded="432" />
  <memory-copied type="other" objects="10" bytes="216" bytesdiscarded="1432" />
  <memory-cardclean objects="85" bytes="3344" />
  <regions eden="14" other="1" />
  <remembered-set-cleared processed="89494" cleared="37" durationms="0.472" />
  <stringconstants candidates="13770" cleared="0"  />
</gc-op>
<gc-op id="1250" type="classunload" timems="0.013" contextid="1246" timestamp="2019-08-09T08:13:59.962">
  <classunload-info classloadercandidates="54" classloadersunloaded="0" classesunloaded="0" anonymousclassesunloaded="0" quiescems="0.000" setupms="0.012" scanms="0.000" postms="0.000" />
</gc-op>
<gc-end id="1251" type="partial gc" contextid="1246" durationms="8.910" usertimems="38.315" systemtimems="0.000" timestamp="2019-08-09T08:13:59.962" activeThreads="16">
  <mem-info id="1252" free="41943040" total="100663296" percent="41">
    <mem type="eden" free="2095416" total="2097152" percent="99" />
    <remembered-set count="95392" freebytes="3642752" totalbytes="4024320" percent="90" regionsoverflowed="0" regionsstable="0" regionsrebuilding="4"/>
  </mem-info>
</gc-end>
<cycle-end id="1253" type="partial gc" contextid="1246" timestamp="2019-08-09T08:13:59.962" />
  <attribute name="elasticGC enabled" value="1" />
  <attribute name= "numThreadsSpecified" value="16" />
  <attribute name="heapSize specified" value="0" />
  <attribute name="Current GC Util" value="246" />
  <attribute name= "Current Time Running" value="75042" />
  <attribute name ="GC Interval" value="0" />
  <attribute name="Target GC Util Change" value ="80.000000" />
  <attribute name="Current GC Util Change" value="246.000000"/>
  <attribute name="Current Error" value="-67.000000" />
  <attribute name="Output H" value="100701104"/>
  <attribute name="Output I" value="1968"/>
  <attribute name="Output T" value="16"/>
  <attribute name= "Current Time Running" value="75042" />
  <attribute name="GC Util currently" value="246" />
  <attribute name="CPU Util currently" value="1151482131489" />
<exclusive-end id="1254" timestamp="2019-08-09T08:13:59.963" durationms="9.545" />

<exclusive-start id="1255" timestamp="2019-08-09T08:14:00.086" intervalms="132.629">
  <response-info timems="0.042" idlems="0.042" threads="0" lastid="000000000212BF00" lastname="main" />
</exclusive-start>
<allocation-taxation id="1256" taxation-threshold="14680064" timestamp="2019-08-09T08:14:00.086" intervalms="132.630" />
<gc-start id="1257" type="global mark phase" contextid="1215" timestamp="2019-08-09T08:14:00.086">
  <mem-info id="1258" free="27262976" total="100663296" percent="27">
    <remembered-set count="94976" freebytes="3644416" totalbytes="4024320" percent="90" regionsoverflowed="0" regionsstable="0" regionsrebuilding="4"/>
  </mem-info>
</gc-start>
<gc-end id="1259" type="global mark phase" contextid="1215" durationms="0.073" usertimems="1.069" systemtimems="0.000" timestamp="2019-08-09T08:14:00.086" activeThreads="16">
  <mem-info id="1260" free="27262976" total="100663296" percent="27">
    <remembered-set count="94976" freebytes="3644416" totalbytes="4024320" percent="90" regionsoverflowed="0" regionsstable="0" regionsrebuilding="4"/>
  </mem-info>
</gc-end>
<concurrent-start id="1261" type="GMP work packet processing" contextid="1215" timestamp="2019-08-09T08:14:00.086">
  <concurrent-mark-start scanTarget="5332647" />
</concurrent-start>
<exclusive-end id="1262" timestamp="2019-08-09T08:14:00.086" durationms="0.447" />

<concurrent-end id="1263" type="GMP work packet processing" contextid="1215" timestamp="2019-08-09T08:14:00.087">
  <concurrent-mark-end bytesScanned="73616" reasonForTermination="Completed all work in GC phase" />
</concurrent-end>

<exclusive-start id="1264" timestamp="2019-08-09T08:14:00.206" intervalms="120.272">
  <response-info timems="0.083" idlems="0.083" threads="0" lastid="000000000212BF00" lastname="main" />
</exclusive-start>
<allocation-taxation id="1265" taxation-threshold="14680064" timestamp="2019-08-09T08:14:00.206" intervalms="120.273" />
<cycle-start id="1266" type="partial gc" contextid="0" timestamp="2019-08-09T08:14:00.206" intervalms="252.934" />
<gc-start id="1267" type="partial gc" contextid="1266" timestamp="2019-08-09T08:14:00.206">
  <mem-info id="1268" free="12582912" total="100663296" percent="12">
    <mem type="eden" free="0" total="29360128" percent="0" />
    <remembered-set count="96608" freebytes="3637888" totalbytes="4024320" percent="90" regionsoverflowed="0" regionsstable="0" regionsrebuilding="4"/>
  </mem-info>
</gc-start>
<allocation-stats totalBytes="29348544" >
  <allocated-bytes non-tlh="0" tlh="29348544" arrayletleaf="0"/>
  <largest-consumer threadName="main" threadId="000000000212BF00" bytes="14674224" />
</allocation-stats>
<gc-op id="1269" type="copy forward" timems="7.694" contextid="1266" timestamp="2019-08-09T08:14:00.215">
  <memory-copied type="eden" objects="1" bytes="24" bytesdiscarded="0" />
  <memory-copied type="other" objects="19" bytes="608" bytesdiscarded="0" />
  <memory-cardclean objects="46" bytes="1992" />
  <regions eden="14" other="1" />
  <remembered-set-cleared processed="90593" cleared="24" durationms="0.544" />
  <stringconstants candidates="13770" cleared="0"  />
</gc-op>
<gc-op id="1270" type="classunload" timems="0.012" contextid="1266" timestamp="2019-08-09T08:14:00.215">
  <classunload-info classloadercandidates="54" classloadersunloaded="0" classesunloaded="0" anonymousclassesunloaded="0" quiescems="0.000" setupms="0.011" scanms="0.000" postms="0.000" />
</gc-op>
<heap-resize id="1271" type="contract" space="default" amount="6291456" count="1" timems="0.611" reason="insufficient time being spent in gc" timestamp="2019-08-09T08:14:00.216" />
<gc-end id="1272" type="partial gc" contextid="1266" durationms="9.897" usertimems="32.802" systemtimems="0.000" timestamp="2019-08-09T08:14:00.216" activeThreads="16">
  <mem-info id="1273" free="33554432" total="94371840" percent="35">
    <mem type="eden" free="2097128" total="2097152" percent="99" />
    <remembered-set count="96576" freebytes="3638016" totalbytes="4024320" percent="90" regionsoverflowed="0" regionsstable="0" regionsrebuilding="4"/>
  </mem-info>
</gc-end>
<cycle-end id="1274" type="partial gc" contextid="1266" timestamp="2019-08-09T08:14:00.216" />
  <attribute name="elasticGC enabled" value="1" />
  <attribute name= "numThreadsSpecified" value="16" />
  <attribute name="heapSize specified" value="0" />
  <attribute name="Current GC Util" value="215" />
  <attribute name= "Current Time Running" value="75295" />
  <attribute name ="GC Interval" value="0" />
  <attribute name="Target GC Util Change" value ="80.000000" />
  <attribute name="Current GC Util Change" value="215.000000"/>
  <attribute name="Current Error" value="-57.000000" />
  <attribute name="Output H" value="100701104"/>
  <attribute name="Output I" value="1968"/>
  <attribute name="Output T" value="16"/>
  <attribute name= "Current Time Running" value="75295" />
  <attribute name="GC Util currently" value="215" />
  <attribute name="CPU Util currently" value="1025698006065" />
<exclusive-end id="1275" timestamp="2019-08-09T08:14:00.216" durationms="10.494" />

<exclusive-start id="1276" timestamp="2019-08-09T08:14:00.378" intervalms="172.175">
  <response-info timems="0.054" idlems="0.054" threads="0" lastid="000000000212BF00" lastname="main" />
</exclusive-start>
<allocation-taxation id="1277" taxation-threshold="14680064" timestamp="2019-08-09T08:14:00.378" intervalms="172.173" />
<gc-start id="1278" type="global mark phase" contextid="1215" timestamp="2019-08-09T08:14:00.378">
  <mem-info id="1279" free="18874368" total="94371840" percent="20">
    <remembered-set count="96576" freebytes="3638016" totalbytes="4024320" percent="90" regionsoverflowed="0" regionsstable="0" regionsrebuilding="4"/>
  </mem-info>
</gc-start>
<gc-op id="1280" type="mark increment" timems="8.221" contextid="1215" timestamp="2019-08-09T08:14:00.386">
  <trace-info objectcount="58" scancount="57" scanbytes="232856" />
  <cardclean-info objects="111668" bytes="3078892" />
  <finalization candidates="80" enqueued="0" />
  <ownableSynchronizers candidates="21" cleared="0" />
  <references type="soft" candidates="4855" cleared="35" enqueued="34" dynamicThreshold="11" maxThreshold="32" />
  <references type="weak" candidates="5623" cleared="7" enqueued="3" />
  <references type="phantom" candidates="98" cleared="1" enqueued="1" />
  <stringconstants candidates="13770" cleared="0"  />
</gc-op>
<gc-op id="1281" type="classunload" timems="0.011" contextid="1215" timestamp="2019-08-09T08:14:00.386">
  <classunload-info classloadercandidates="54" classloadersunloaded="0" classesunloaded="0" anonymousclassesunloaded="0" quiescems="0.000" setupms="0.011" scanms="0.000" postms="0.000" />
</gc-op>
<gc-end id="1282" type="global mark phase" contextid="1215" durationms="8.395" usertimems="23.146" systemtimems="0.000" timestamp="2019-08-09T08:14:00.387" activeThreads="16">
  <mem-info id="1283" free="18874368" total="94371840" percent="20">
    <pending-finalizers system="0" default="0" reference="38" classloader="0" />
    <remembered-set count="107840" freebytes="3592960" totalbytes="4024320" percent="89" regionsoverflowed="0" regionsstable="0" regionsrebuilding="0"/>
  </mem-info>
</gc-end>
<cycle-end id="1284" type="global mark phase" contextid="1215" timestamp="2019-08-09T08:14:00.387" />
  <attribute name="elasticGC enabled" value="1" />
  <attribute name= "numThreadsSpecified" value="16" />
  <attribute name="heapSize specified" value="0" />
  <attribute name="Current GC Util" value="187" />
  <attribute name= "Current Time Running" value="75470" />
  <attribute name ="GC Interval" value="0" />
  <attribute name="Target GC Util Change" value ="80.000000" />
  <attribute name="Current GC Util Change" value="187.000000"/>
  <attribute name="Current Error" value="-340.000000" />
  <attribute name="Output H" value="94409488"/>
  <attribute name="Output I" value="1808"/>
  <attribute name="Output T" value="16"/>
  <attribute name= "Current Time Running" value="75470" />
  <attribute name="GC Util currently" value="187" />
  <attribute name="CPU Util currently" value="721764131538" />
<exclusive-end id="1285" timestamp="2019-08-09T08:14:00.387" durationms="8.694" />

<exclusive-start id="1286" timestamp="2019-08-09T08:14:00.479" intervalms="100.574">
  <response-info timems="0.073" idlems="0.073" threads="0" lastid="000000000212BF00" lastname="main" />
</exclusive-start>
<allocation-taxation id="1287" taxation-threshold="14680064" timestamp="2019-08-09T08:14:00.479" intervalms="100.576" />
<cycle-start id="1288" type="partial gc" contextid="0" timestamp="2019-08-09T08:14:00.479" intervalms="272.760" />
<gc-start id="1289" type="partial gc" contextid="1288" timestamp="2019-08-09T08:14:00.479">
  <mem-info id="1290" free="4194304" total="94371840" percent="4">
    <mem type="eden" free="2097128" total="31457280" percent="6" />
    <remembered-set count="104800" freebytes="3605120" totalbytes="4024320" percent="89" regionsoverflowed="0" regionsstable="2" regionsrebuilding="0"/>
  </mem-info>
</gc-start>
<allocation-stats totalBytes="29354512" >
  <allocated-bytes non-tlh="0" tlh="29354512" arrayletleaf="0"/>
  <largest-consumer threadName="main" threadId="000000000212BF00" bytes="14675056" />
</allocation-stats>
<gc-op id="1291" type="sweep" timems="2.325" contextid="1288" timestamp="2019-08-09T08:14:00.481" />
<gc-op id="1292" type="copy forward" timems="11.194" contextid="1288" timestamp="2019-08-09T08:14:00.494">
  <memory-copied type="eden" objects="7" bytes="672" bytesdiscarded="132" />
  <memory-copied type="other" objects="24" bytes="768" bytesdiscarded="116" />
  <memory-cardclean objects="113454" bytes="3840184" />
  <regions eden="7" other="2" />
  <remembered-set-cleared processed="68046" cleared="22812" durationms="0.916" />
  <stringconstants candidates="13770" cleared="0"  />
</gc-op>
<gc-op id="1293" type="classunload" timems="0.014" contextid="1288" timestamp="2019-08-09T08:14:00.494">
  <classunload-info classloadercandidates="54" classloadersunloaded="0" classesunloaded="0" anonymousclassesunloaded="0" quiescems="0.000" setupms="0.013" scanms="0.000" postms="0.000" />
</gc-op>
<gc-end id="1294" type="partial gc" contextid="1288" durationms="14.996" usertimems="50.854" systemtimems="0.000" timestamp="2019-08-09T08:14:00.494" activeThreads="16">
  <mem-info id="1295" free="33554432" total="94371840" percent="35">
    <mem type="eden" free="2095464" total="2097152" percent="99" />
    <remembered-set count="66496" freebytes="3506816" totalbytes="3772800" percent="92" regionsoverflowed="0" regionsstable="2" regionsrebuilding="0"/>
  </mem-info>
</gc-end>
<cycle-end id="1296" type="partial gc" contextid="1288" timestamp="2019-08-09T08:14:00.494" />
  <attribute name="elasticGC enabled" value="1" />
  <attribute name= "numThreadsSpecified" value="16" />
  <attribute name="heapSize specified" value="0" />
  <attribute name="Current GC Util" value="116" />
  <attribute name= "Current Time Running" value="75570" />
  <attribute name ="GC Interval" value="0" />
  <attribute name="Target GC Util Change" value ="80.000000" />
  <attribute name="Current GC Util Change" value="116.000000"/>
  <attribute name="Current Error" value="-459.000000" />
  <attribute name="Output H" value="94409416"/>
  <attribute name="Output I" value="1736"/>
  <attribute name="Output T" value="16"/>
  <attribute name= "Current Time Running" value="75570" />
  <attribute name="GC Util currently" value="116" />
  <attribute name="CPU Util currently" value="1441580724805" />
<exclusive-end id="1297" timestamp="2019-08-09T08:14:00.494" durationms="15.587" />

<exclusive-start id="1298" timestamp="2019-08-09T08:14:00.557" intervalms="77.999">
  <response-info timems="0.019" idlems="0.019" threads="0" lastid="000000000212BF00" lastname="main" />
</exclusive-start>
<allocation-taxation id="1299" taxation-threshold="31457280" timestamp="2019-08-09T08:14:00.557" intervalms="77.997" />
<cycle-start id="1300" type="partial gc" contextid="0" timestamp="2019-08-09T08:14:00.557" intervalms="78.234" />
<gc-start id="1301" type="partial gc" contextid="1300" timestamp="2019-08-09T08:14:00.557">
  <mem-info id="1302" free="2097152" total="94371840" percent="2">
    <mem type="eden" free="0" total="31457280" percent="0" />
    <remembered-set count="66496" freebytes="3506816" totalbytes="3772800" percent="92" regionsoverflowed="0" regionsstable="2" regionsrebuilding="0"/>
  </mem-info>
</gc-start>
<allocation-stats totalBytes="31454384" >
  <allocated-bytes non-tlh="0" tlh="31454384" arrayletleaf="0"/>
  <largest-consumer threadName="main" threadId="000000000212BF00" bytes="31454384" />
</allocation-stats>
<gc-op id="1303" type="copy forward" timems="14.347" contextid="1300" timestamp="2019-08-09T08:14:00.573">
  <memory-copied type="eden" objects="25" bytes="792" bytesdiscarded="0" />
  <memory-copied type="other" objects="54517" bytes="1458080" bytesdiscarded="103728" />
  <memory-cardclean objects="10320" bytes="564592" />
  <regions eden="15" other="11" />
  <remembered-set-cleared processed="58469" cleared="5697" durationms="0.595" />
  <references type="soft" candidates="785" cleared="0" enqueued="0" dynamicThreshold="11" maxThreshold="32" />
  <references type="weak" candidates="169" cleared="0" enqueued="0" />
  <references type="phantom" candidates="1" cleared="0" enqueued="0" />
  <stringconstants candidates="13770" cleared="0"  />
  <heap-resize type="expand" space="default" amount="6291456" count="3" timems="2.982" reason="continue current collection" />
</gc-op>
<gc-op id="1304" type="classunload" timems="0.009" contextid="1300" timestamp="2019-08-09T08:14:00.573">
  <classunload-info classloadercandidates="54" classloadersunloaded="0" classesunloaded="0" anonymousclassesunloaded="0" quiescems="0.000" setupms="0.009" scanms="0.000" postms="0.000" />
</gc-op>
<gc-end id="1305" type="partial gc" contextid="1300" durationms="15.545" usertimems="46.632" systemtimems="0.000" timestamp="2019-08-09T08:14:00.573" activeThreads="16">
  <mem-info id="1306" free="54525952" total="100663296" percent="54">
    <mem type="eden" free="2096360" total="2097152" percent="99" />
    <remembered-set count="64992" freebytes="3764352" totalbytes="4024320" percent="93" regionsoverflowed="0" regionsstable="2" regionsrebuilding="0"/>
  </mem-info>
</gc-end>
<cycle-end id="1307" type="partial gc" contextid="1300" timestamp="2019-08-09T08:14:00.573" />
  <attribute name="elasticGC enabled" value="1" />
  <attribute name= "numThreadsSpecified" value="16" />
  <attribute name="heapSize specified" value="0" />
  <attribute name="Current GC Util" value="121" />
  <attribute name= "Current Time Running" value="75645" />
  <attribute name ="GC Interval" value="0" />
  <attribute name="Target GC Util Change" value ="80.000000" />
  <attribute name="Current GC Util Change" value="121.000000"/>
  <attribute name="Current Error" value="1.000000" />
  <attribute name="Output H" value="94409680"/>
  <attribute name="Output I" value="2000"/>
  <attribute name="Output T" value="16"/>
  <attribute name= "Current Time Running" value="75645" />
  <attribute name="GC Util currently" value="121" />
  <attribute name="CPU Util currently" value="1652377311506" />
<exclusive-end id="1308" timestamp="2019-08-09T08:14:00.573" durationms="16.326" />

<exclusive-start id="1309" timestamp="2019-08-09T08:14:00.606" intervalms="49.209">
  <response-info timems="0.016" idlems="0.016" threads="0" lastid="000000000212BF00" lastname="main" />
</exclusive-start>
<allocation-taxation id="1310" taxation-threshold="14680064" timestamp="2019-08-09T08:14:00.606" intervalms="49.208" />
<cycle-start id="1311" type="global mark phase" contextid="0" timestamp="2019-08-09T08:14:00.606" intervalms="935.816" />
<gc-start id="1312" type="global mark phase" contextid="1311" timestamp="2019-08-09T08:14:00.606">
  <mem-info id="1313" free="39845888" total="100663296" percent="39">
    <remembered-set count="64736" freebytes="3765376" totalbytes="4024320" percent="93" regionsoverflowed="0" regionsstable="2" regionsrebuilding="0"/>
  </mem-info>
</gc-start>
<gc-op id="1314" type="mark increment" timems="3.713" contextid="1311" timestamp="2019-08-09T08:14:00.610">
  <trace-info objectcount="224" scancount="0" scanbytes="0" />
</gc-op>
<gc-end id="1315" type="global mark phase" contextid="1311" durationms="3.751" usertimems="7.436" systemtimems="0.000" timestamp="2019-08-09T08:14:00.610" activeThreads="16">
  <mem-info id="1316" free="39845888" total="100663296" percent="39">
    <remembered-set count="64736" freebytes="3765376" totalbytes="4024320" percent="93" regionsoverflowed="0" regionsstable="0" regionsrebuilding="2"/>
  </mem-info>
</gc-end>
<concurrent-start id="1317" type="GMP work packet processing" contextid="1311" timestamp="2019-08-09T08:14:00.610">
  <concurrent-mark-start scanTarget="12399361" />
</concurrent-start>
<exclusive-end id="1318" timestamp="2019-08-09T08:14:00.610" durationms="3.968" />

<concurrent-end id="1319" type="GMP work packet processing" contextid="1311" timestamp="2019-08-09T08:14:00.617">
  <concurrent-mark-end bytesScanned="12598640" reasonForTermination="Work target met" />
</concurrent-end>

<exclusive-start id="1320" timestamp="2019-08-09T08:14:00.638" intervalms="32.481">
  <response-info timems="0.014" idlems="0.014" threads="0" lastid="000000000212BF00" lastname="main" />
</exclusive-start>
<allocation-taxation id="1321" taxation-threshold="14680064" timestamp="2019-08-09T08:14:00.638" intervalms="32.484" />
<cycle-start id="1322" type="partial gc" contextid="0" timestamp="2019-08-09T08:14:00.638" intervalms="81.445" />
<gc-start id="1323" type="partial gc" contextid="1322" timestamp="2019-08-09T08:14:00.639">
  <mem-info id="1324" free="25165824" total="100663296" percent="25">
    <mem type="eden" free="0" total="29360128" percent="0" />
    <remembered-set count="66464" freebytes="3758464" totalbytes="4024320" percent="93" regionsoverflowed="0" regionsstable="0" regionsrebuilding="2"/>
  </mem-info>
</gc-start>
<allocation-stats totalBytes="29355560" >
  <allocated-bytes non-tlh="0" tlh="29355560" arrayletleaf="0"/>
  <largest-consumer threadName="main" threadId="000000000212BF00" bytes="14678096" />
</allocation-stats>
<gc-op id="1325" type="copy forward" timems="9.667" contextid="1322" timestamp="2019-08-09T08:14:00.650">
  <memory-copied type="eden" objects="31" bytes="936" bytesdiscarded="0" />
  <memory-copied type="other" objects="50616" bytes="1257376" bytesdiscarded="35136" />
  <memory-cardclean objects="4236" bytes="373984" />
  <regions eden="14" other="3" />
  <remembered-set-cleared processed="59452" cleared="7998" durationms="0.380" />
  <references type="soft" candidates="785" cleared="0" enqueued="0" dynamicThreshold="12" maxThreshold="32" />
  <references type="weak" candidates="169" cleared="0" enqueued="0" />
  <references type="phantom" candidates="1" cleared="0" enqueued="0" />
  <stringconstants candidates="13770" cleared="0"  />
</gc-op>
<gc-op id="1326" type="classunload" timems="0.008" contextid="1322" timestamp="2019-08-09T08:14:00.650">
  <classunload-info classloadercandidates="54" classloadersunloaded="0" classesunloaded="0" anonymousclassesunloaded="0" quiescems="0.000" setupms="0.008" scanms="0.000" postms="0.000" />
</gc-op>
<heap-resize id="1327" type="expand" space="default" amount="18874368" count="1" timems="0.079" reason="excessive time being spent in gc" timestamp="2019-08-09T08:14:00.650" />
<gc-end id="1328" type="partial gc" contextid="1322" durationms="11.302" usertimems="28.735" systemtimems="0.000" timestamp="2019-08-09T08:14:00.650" activeThreads="16">
  <mem-info id="1329" free="71303168" total="119537664" percent="59">
    <mem type="eden" free="2096216" total="2097152" percent="99" />
    <remembered-set count="62144" freebytes="4530304" totalbytes="4778880" percent="94" regionsoverflowed="0" regionsstable="0" regionsrebuilding="2"/>
  </mem-info>
</gc-end>
<cycle-end id="1330" type="partial gc" contextid="1322" timestamp="2019-08-09T08:14:00.650" />
  <attribute name="elasticGC enabled" value="1" />
  <attribute name= "numThreadsSpecified" value="16" />
  <attribute name="heapSize specified" value="0" />
  <attribute name="Current GC Util" value="187" />
  <attribute name= "Current Time Running" value="75727" />
  <attribute name ="GC Interval" value="0" />
  <attribute name="Target GC Util Change" value ="80.000000" />
  <attribute name="Current GC Util Change" value="187.000000"/>
  <attribute name="Current Error" value="-156.000000" />
  <attribute name="Output H" value="100701048"/>
  <attribute name="Output I" value="1912"/>
  <attribute name="Output T" value="16"/>
  <attribute name= "Current Time Running" value="75727" />
  <attribute name="GC Util currently" value="187" />
  <attribute name="CPU Util currently" value="1227844557776" />
<exclusive-end id="1331" timestamp="2019-08-09T08:14:00.650" durationms="11.904" />

<exclusive-start id="1332" timestamp="2019-08-09T08:14:00.680" intervalms="41.485">
  <response-info timems="0.041" idlems="0.041" threads="0" lastid="000000000212BF00" lastname="main" />
</exclusive-start>
<allocation-taxation id="1333" taxation-threshold="18874368" timestamp="2019-08-09T08:14:00.680" intervalms="41.503" />
<gc-start id="1334" type="global mark phase" contextid="1311" timestamp="2019-08-09T08:14:00.680">
  <mem-info id="1335" free="52428800" total="119537664" percent="43">
    <remembered-set count="61728" freebytes="4531968" totalbytes="4778880" percent="94" regionsoverflowed="0" regionsstable="0" regionsrebuilding="2"/>
  </mem-info>
</gc-start>
<gc-end id="1336" type="global mark phase" contextid="1311" durationms="0.031" usertimems="0.028" systemtimems="0.000" timestamp="2019-08-09T08:14:00.680" activeThreads="16">
  <mem-info id="1337" free="52428800" total="119537664" percent="43">
    <remembered-set count="61728" freebytes="4531968" totalbytes="4778880" percent="94" regionsoverflowed="0" regionsstable="0" regionsrebuilding="2"/>
  </mem-info>
</gc-end>
<concurrent-start id="1338" type="GMP work packet processing" contextid="1311" timestamp="2019-08-09T08:14:00.680">
  <concurrent-mark-start scanTarget="12399361" />
</concurrent-start>
<exclusive-end id="1339" timestamp="2019-08-09T08:14:00.680" durationms="0.370" />

<concurrent-end id="1340" type="GMP work packet processing" contextid="1311" timestamp="2019-08-09T08:14:00.686">
  <concurrent-mark-end bytesScanned="1040160" reasonForTermination="Completed all work in GC phase" />
</concurrent-end>

<exclusive-start id="1341" timestamp="2019-08-09T08:14:00.774" intervalms="94.470">
  <response-info timems="0.053" idlems="0.053" threads="0" lastid="000000000212BF00" lastname="main" />
</exclusive-start>
<allocation-taxation id="1342" taxation-threshold="18874368" timestamp="2019-08-09T08:14:00.774" intervalms="94.450" />
<cycle-start id="1343" type="partial gc" contextid="0" timestamp="2019-08-09T08:14:00.775" intervalms="136.081" />
<gc-start id="1344" type="partial gc" contextid="1343" timestamp="2019-08-09T08:14:00.775">
  <mem-info id="1345" free="33554432" total="119537664" percent="28">
    <mem type="eden" free="0" total="37748736" percent="0" />
    <remembered-set count="62784" freebytes="4527744" totalbytes="4778880" percent="94" regionsoverflowed="0" regionsstable="0" regionsrebuilding="2"/>
  </mem-info>
</gc-start>
<allocation-stats totalBytes="37744872" >
  <allocated-bytes non-tlh="0" tlh="37744872" arrayletleaf="0"/>
  <largest-consumer threadName="main" threadId="000000000212BF00" bytes="18872864" />
</allocation-stats>
<gc-op id="1346" type="copy forward" timems="12.701" contextid="1343" timestamp="2019-08-09T08:14:00.788">
  <memory-copied type="eden" objects="22" bytes="696" bytesdiscarded="0" />
  <memory-copied type="other" objects="55931" bytes="1355912" bytesdiscarded="83576" />
  <memory-cardclean objects="4660" bytes="390080" />
  <regions eden="18" other="3" />
  <remembered-set-cleared processed="55953" cleared="5610" durationms="0.435" />
  <stringconstants candidates="13770" cleared="0"  />
</gc-op>
<gc-op id="1347" type="classunload" timems="0.009" contextid="1343" timestamp="2019-08-09T08:14:00.788">
  <classunload-info classloadercandidates="54" classloadersunloaded="0" classesunloaded="0" anonymousclassesunloaded="0" quiescems="0.000" setupms="0.008" scanms="0.000" postms="0.000" />
</gc-op>
<gc-end id="1348" type="partial gc" contextid="1343" durationms="13.758" usertimems="44.346" systemtimems="0.000" timestamp="2019-08-09T08:14:00.789" activeThreads="16">
  <mem-info id="1349" free="71303168" total="119537664" percent="59">
    <mem type="eden" free="2096456" total="2097152" percent="99" />
    <remembered-set count="61216" freebytes="4534016" totalbytes="4778880" percent="94" regionsoverflowed="0" regionsstable="0" regionsrebuilding="2"/>
  </mem-info>
</gc-end>
<cycle-end id="1350" type="partial gc" contextid="1343" timestamp="2019-08-09T08:14:00.789" />
  <attribute name="elasticGC enabled" value="1" />
  <attribute name= "numThreadsSpecified" value="16" />
  <attribute name="heapSize specified" value="0" />
  <attribute name="Current GC Util" value="124" />
  <attribute name= "Current Time Running" value="75863" />
  <attribute name ="GC Interval" value="0" />
  <attribute name="Target GC Util Change" value ="80.000000" />
  <attribute name="Current GC Util Change" value="124.000000"/>
  <attribute name="Current Error" value="-111.000000" />
  <attribute name="Output H" value="119575440"/>
  <attribute name="Output I" value="1936"/>
  <attribute name="Output T" value="16"/>
  <attribute name= "Current Time Running" value="75863" />
  <attribute name="GC Util currently" value="124" />
  <attribute name="CPU Util currently" value="1859955768847" />
<exclusive-end id="1351" timestamp="2019-08-09T08:14:00.789" durationms="14.555" />

<exclusive-start id="1352" timestamp="2019-08-09T08:14:00.884" intervalms="109.990">
  <response-info timems="0.061" idlems="0.061" threads="0" lastid="000000000212BF00" lastname="main" />
</exclusive-start>
<allocation-taxation id="1353" taxation-threshold="18874368" timestamp="2019-08-09T08:14:00.884" intervalms="110.063" />
<gc-start id="1354" type="global mark phase" contextid="1311" timestamp="2019-08-09T08:14:00.885">
  <mem-info id="1355" free="52428800" total="119537664" percent="43">
    <remembered-set count="59552" freebytes="4540672" totalbytes="4778880" percent="95" regionsoverflowed="0" regionsstable="1" regionsrebuilding="2"/>
  </mem-info>
</gc-start>
<gc-op id="1356" type="mark increment" timems="9.007" contextid="1311" timestamp="2019-08-09T08:14:00.894">
  <trace-info objectcount="22" scancount="22" scanbytes="230060" />
  <cardclean-info objects="10598" bytes="307740" />
  <finalization candidates="80" enqueued="0" />
  <ownableSynchronizers candidates="21" cleared="0" />
  <references type="soft" candidates="4820" cleared="0" enqueued="0" dynamicThreshold="19" maxThreshold="32" />
  <references type="weak" candidates="5616" cleared="0" enqueued="0" />
  <references type="phantom" candidates="97" cleared="0" enqueued="0" />
  <stringconstants candidates="13770" cleared="0"  />
</gc-op>
<gc-op id="1357" type="classunload" timems="0.029" contextid="1311" timestamp="2019-08-09T08:14:00.894">
  <classunload-info classloadercandidates="54" classloadersunloaded="0" classesunloaded="0" anonymousclassesunloaded="0" quiescems="0.000" setupms="0.029" scanms="0.000" postms="0.000" />
</gc-op>
<gc-end id="1358" type="global mark phase" contextid="1311" durationms="9.153" usertimems="20.544" systemtimems="0.000" timestamp="2019-08-09T08:14:00.894" activeThreads="16">
  <mem-info id="1359" free="52428800" total="119537664" percent="43">
    <remembered-set count="60576" freebytes="4536576" totalbytes="4778880" percent="94" regionsoverflowed="0" regionsstable="1" regionsrebuilding="0"/>
  </mem-info>
</gc-end>
<cycle-end id="1360" type="global mark phase" contextid="1311" timestamp="2019-08-09T08:14:00.894" />
  <attribute name="elasticGC enabled" value="1" />
  <attribute name= "numThreadsSpecified" value="16" />
  <attribute name="heapSize specified" value="0" />
  <attribute name="Current GC Util" value="329" />
  <attribute name= "Current Time Running" value="75975" />
  <attribute name ="GC Interval" value="0" />
  <attribute name="Target GC Util Change" value ="80.000000" />
  <attribute name="Current GC Util Change" value="329.000000"/>
  <attribute name="Current Error" value="-351.000000" />
  <attribute name="Output H" value="119575304"/>
  <attribute name="Output I" value="1800"/>
  <attribute name="Output T" value="16"/>
  <attribute name= "Current Time Running" value="75975" />
  <attribute name="GC Util currently" value="329" />
  <attribute name="CPU Util currently" value="625780369498" />
<exclusive-end id="1361" timestamp="2019-08-09T08:14:00.894" durationms="9.560" />

<exclusive-start id="1362" timestamp="2019-08-09T08:14:01.610" intervalms="725.634">
  <response-info timems="0.170" idlems="0.170" threads="0" lastid="000000000212BF00" lastname="main" />
</exclusive-start>
<allocation-taxation id="1363" taxation-threshold="18874368" timestamp="2019-08-09T08:14:01.610" intervalms="725.601" />
<cycle-start id="1364" type="partial gc" contextid="0" timestamp="2019-08-09T08:14:01.610" intervalms="835.509" />
<gc-start id="1365" type="partial gc" contextid="1364" timestamp="2019-08-09T08:14:01.610">
  <mem-info id="1366" free="33554432" total="119537664" percent="28">
    <mem type="eden" free="0" total="37748736" percent="0" />
    <remembered-set count="58176" freebytes="4546176" totalbytes="4778880" percent="95" regionsoverflowed="0" regionsstable="3" regionsrebuilding="0"/>
  </mem-info>
</gc-start>
<allocation-stats totalBytes="37746856" >
  <allocated-bytes non-tlh="0" tlh="37746856" arrayletleaf="0"/>
  <largest-consumer threadName="main" threadId="000000000212BF00" bytes="18873336" />
</allocation-stats>
<gc-op id="1367" type="sweep" timems="1.710" contextid="1364" timestamp="2019-08-09T08:14:01.612" />
<gc-op id="1368" type="copy forward" timems="9.657" contextid="1364" timestamp="2019-08-09T08:14:01.623">
  <memory-copied type="eden" objects="27" bytes="784" bytesdiscarded="0" />
  <memory-copied type="other" objects="54338" bytes="1400272" bytesdiscarded="667496" />
  <memory-cardclean objects="2449" bytes="79312" />
  <regions eden="9" other="3" />
  <remembered-set-cleared processed="51811" cleared="4198" durationms="0.509" />
  <references type="soft" candidates="2139" cleared="0" enqueued="0" dynamicThreshold="14" maxThreshold="32" />
  <references type="weak" candidates="72" cleared="0" enqueued="0" />
  <stringconstants candidates="13770" cleared="0"  />
</gc-op>
<gc-op id="1369" type="classunload" timems="0.009" contextid="1364" timestamp="2019-08-09T08:14:01.623">
  <classunload-info classloadercandidates="54" classloadersunloaded="0" classesunloaded="0" anonymousclassesunloaded="0" quiescems="0.000" setupms="0.009" scanms="0.000" postms="0.000" />
</gc-op>
<heap-resize id="1370" type="contract" space="default" amount="6291456" count="1" timems="0.169" reason="insufficient time being spent in gc" timestamp="2019-08-09T08:14:01.623" />
<gc-end id="1371" type="partial gc" contextid="1364" durationms="12.900" usertimems="39.663" systemtimems="0.000" timestamp="2019-08-09T08:14:01.623" activeThreads="16">
  <mem-info id="1372" free="62914560" total="113246208" percent="55">
    <mem type="eden" free="2096368" total="2097152" percent="99" />
    <remembered-set count="55552" freebytes="4556672" totalbytes="4778880" percent="95" regionsoverflowed="0" regionsstable="3" regionsrebuilding="0"/>
  </mem-info>
</gc-end>
<cycle-end id="1373" type="partial gc" contextid="1364" timestamp="2019-08-09T08:14:01.623" />
  <attribute name="elasticGC enabled" value="1" />
  <attribute name= "numThreadsSpecified" value="16" />
  <attribute name="heapSize specified" value="0" />
  <attribute name="Current GC Util" value="118" />
  <attribute name= "Current Time Running" value="76700" />
  <attribute name ="GC Interval" value="0" />
  <attribute name="Target GC Util Change" value ="80.000000" />
  <attribute name="Current GC Util Change" value="118.000000"/>
  <attribute name="Current Error" value="-397.000000" />
  <attribute name="Output H" value="119575280"/>
  <attribute name="Output I" value="1776"/>
  <attribute name="Output T" value="16"/>
  <attribute name= "Current Time Running" value="76700" />
  <attribute name="GC Util currently" value="118" />
  <attribute name="CPU Util currently" value="2020907177978" />
<exclusive-end id="1374" timestamp="2019-08-09T08:14:01.623" durationms="13.546" />

<exclusive-start id="1375" timestamp="2019-08-09T08:14:02.992" intervalms="1382.206">
  <response-info timems="0.058" idlems="0.058" threads="0" lastid="000000000212BF00" lastname="main" />
</exclusive-start>
<allocation-taxation id="1376" taxation-threshold="35651584" timestamp="2019-08-09T08:14:02.992" intervalms="1382.221" />
<cycle-start id="1377" type="partial gc" contextid="0" timestamp="2019-08-09T08:14:02.992" intervalms="1382.314" />
<gc-start id="1378" type="partial gc" contextid="1377" timestamp="2019-08-09T08:14:02.993">
  <mem-info id="1379" free="27262976" total="113246208" percent="24">
    <mem type="eden" free="0" total="35651584" percent="0" />
    <remembered-set count="5920" freebytes="4755200" totalbytes="4778880" percent="99" regionsoverflowed="0" regionsstable="6" regionsrebuilding="0"/>
  </mem-info>
</gc-start>
<allocation-stats totalBytes="35649312" >
  <allocated-bytes non-tlh="0" tlh="35649312" arrayletleaf="0"/>
  <largest-consumer threadName="main" threadId="000000000212BF00" bytes="35649312" />
</allocation-stats>
<gc-op id="1380" type="copy forward" timems="7.482" contextid="1377" timestamp="2019-08-09T08:14:03.004">
  <memory-copied type="eden" objects="46" bytes="1232" bytesdiscarded="104" />
  <memory-copied type="other" objects="69" bytes="1880" bytesdiscarded="2312" />
  <memory-cardclean objects="1806" bytes="58696" />
  <regions eden="17" other="3" />
  <remembered-set-cleared processed="1646" cleared="54" durationms="0.092" />
  <references type="weak" candidates="30" cleared="0" enqueued="0" />
  <stringconstants candidates="13770" cleared="0"  />
</gc-op>
<gc-op id="1381" type="classunload" timems="0.010" contextid="1377" timestamp="2019-08-09T08:14:03.004">
  <classunload-info classloadercandidates="54" classloadersunloaded="0" classesunloaded="0" anonymousclassesunloaded="0" quiescems="0.000" setupms="0.010" scanms="0.000" postms="0.000" />
</gc-op>
<heap-resize id="1382" type="contract" space="default" amount="6291456" count="1" timems="0.220" reason="insufficient time being spent in gc" timestamp="2019-08-09T08:14:03.005" />
<gc-end id="1383" type="partial gc" contextid="1377" durationms="11.933" usertimems="38.356" systemtimems="0.000" timestamp="2019-08-09T08:14:03.005" activeThreads="16">
  <mem-info id="1384" free="56623104" total="106954752" percent="52">
    <mem type="eden" free="2095816" total="2097152" percent="99" />
    <remembered-set count="5952" freebytes="4503552" totalbytes="4527360" percent="99" regionsoverflowed="0" regionsstable="6" regionsrebuilding="0"/>
  </mem-info>
</gc-end>
<cycle-end id="1385" type="partial gc" contextid="1377" timestamp="2019-08-09T08:14:03.005" />
  <attribute name="elasticGC enabled" value="1" />
  <attribute name= "numThreadsSpecified" value="16" />
  <attribute name="heapSize specified" value="0" />
  <attribute name="Current GC Util" value="135" />
  <attribute name= "Current Time Running" value="78084" />
  <attribute name ="GC Interval" value="0" />
  <attribute name="Target GC Util Change" value ="80.000000" />
  <attribute name="Current GC Util Change" value="135.000000"/>
  <attribute name="Current Error" value="-55.000000" />
  <attribute name="Output H" value="113284024"/>
  <attribute name="Output I" value="1976"/>
  <attribute name="Output T" value="16"/>
  <attribute name= "Current Time Running" value="78084" />
  <attribute name="GC Util currently" value="135" />
  <attribute name="CPU Util currently" value="340427628112" />
<exclusive-end id="1386" timestamp="2019-08-09T08:14:03.005" durationms="12.817" />

<exclusive-start id="1387" timestamp="2019-08-09T08:14:03.093" intervalms="100.864">
  <response-info timems="0.060" idlems="0.060" threads="0" lastid="000000000212BF00" lastname="main" />
</exclusive-start>
<allocation-taxation id="1388" taxation-threshold="33554432" timestamp="2019-08-09T08:14:03.093" intervalms="100.851" />
<cycle-start id="1389" type="partial gc" contextid="0" timestamp="2019-08-09T08:14:03.093" intervalms="100.815" />
<gc-start id="1390" type="partial gc" contextid="1389" timestamp="2019-08-09T08:14:03.094">
  <mem-info id="1391" free="23068672" total="106954752" percent="21">
    <mem type="eden" free="0" total="33554432" percent="0" />
    <remembered-set count="5472" freebytes="4505472" totalbytes="4527360" percent="99" regionsoverflowed="0" regionsstable="6" regionsrebuilding="0"/>
  </mem-info>
</gc-start>
<allocation-stats totalBytes="33551792" >
  <allocated-bytes non-tlh="0" tlh="33551792" arrayletleaf="0"/>
  <largest-consumer threadName="main" threadId="000000000212BF00" bytes="33551792" />
</allocation-stats>
<gc-op id="1392" type="copy forward" timems="9.418" contextid="1389" timestamp="2019-08-09T08:14:03.104">
  <memory-copied type="eden" objects="7" bytes="160" bytesdiscarded="0" />
  <memory-copied type="other" objects="31007" bytes="723368" bytesdiscarded="59072" />
  <memory-cardclean objects="4586" bytes="278000" />
  <regions eden="16" other="4" />
  <remembered-set-cleared processed="1545" cleared="81" durationms="0.100" />
  <references type="weak" candidates="2" cleared="0" enqueued="0" />
  <stringconstants candidates="13770" cleared="0"  />
</gc-op>
<gc-op id="1393" type="classunload" timems="0.008" contextid="1389" timestamp="2019-08-09T08:14:03.104">
  <classunload-info classloadercandidates="54" classloadersunloaded="0" classesunloaded="0" anonymousclassesunloaded="0" quiescems="0.000" setupms="0.008" scanms="0.000" postms="0.000" />
</gc-op>
<heap-resize id="1394" type="contract" space="default" amount="6291456" count="1" timems="0.167" reason="insufficient time being spent in gc" timestamp="2019-08-09T08:14:03.105" />
<gc-end id="1395" type="partial gc" contextid="1389" durationms="11.263" usertimems="36.915" systemtimems="0.000" timestamp="2019-08-09T08:14:03.105" activeThreads="16">
  <mem-info id="1396" free="50331648" total="100663296" percent="50">
    <mem type="eden" free="2096992" total="2097152" percent="99" />
    <remembered-set count="5184" freebytes="4255104" totalbytes="4275840" percent="99" regionsoverflowed="0" regionsstable="6" regionsrebuilding="0"/>
  </mem-info>
</gc-end>
<cycle-end id="1397" type="partial gc" contextid="1389" timestamp="2019-08-09T08:14:03.105" />
  <attribute name="elasticGC enabled" value="1" />
  <attribute name= "numThreadsSpecified" value="16" />
  <attribute name="heapSize specified" value="0" />
  <attribute name="Current GC Util" value="70" />
  <attribute name= "Current Time Running" value="78182" />
  <attribute name ="GC Interval" value="0" />
  <attribute name="Target GC Util Change" value ="80.000000" />
  <attribute name="Current GC Util Change" value="70.000000"/>
  <attribute name="Current Error" value="17.000000" />
  <attribute name="Output H" value="106992608"/>
  <attribute name="Output I" value="2016"/>
  <attribute name="Output T" value="16"/>
  <attribute name= "Current Time Running" value="78182" />
  <attribute name="GC Util currently" value="70" />
  <attribute name="CPU Util currently" value="1134330932371" />
<exclusive-end id="1398" timestamp="2019-08-09T08:14:03.106" durationms="13.341" />

<exclusive-start id="1399" timestamp="2019-08-09T08:14:03.240" intervalms="147.146">
  <response-info timems="0.075" idlems="0.075" threads="0" lastid="000000000212BF00" lastname="main" />
</exclusive-start>
<allocation-taxation id="1400" taxation-threshold="31457280" timestamp="2019-08-09T08:14:03.240" intervalms="147.145" />
<cycle-start id="1401" type="partial gc" contextid="0" timestamp="2019-08-09T08:14:03.240" intervalms="147.120" />
<gc-start id="1402" type="partial gc" contextid="1401" timestamp="2019-08-09T08:14:03.241">
  <mem-info id="1403" free="18874368" total="100663296" percent="18">
    <mem type="eden" free="2096992" total="33554432" percent="6" />
    <remembered-set count="4896" freebytes="4256256" totalbytes="4275840" percent="99" regionsoverflowed="0" regionsstable="6" regionsrebuilding="0"/>
  </mem-info>
</gc-start>
<allocation-stats totalBytes="31455096" >
  <allocated-bytes non-tlh="0" tlh="31455096" arrayletleaf="0"/>
  <largest-consumer threadName="main" threadId="000000000212BF00" bytes="31455096" />
</allocation-stats>
<gc-op id="1404" type="copy forward" timems="17.425" contextid="1401" timestamp="2019-08-09T08:14:03.260">
  <memory-copied type="eden" objects="34" bytes="984" bytesdiscarded="0" />
  <memory-copied type="other" objects="55931" bytes="1355912" bytesdiscarded="60208" />
  <memory-cardclean objects="4669" bytes="389968" />
  <regions eden="15" other="3" />
  <remembered-set-cleared processed="1477" cleared="265" durationms="0.186" />
  <stringconstants candidates="13770" cleared="0"  />
</gc-op>
<gc-op id="1405" type="classunload" timems="0.011" contextid="1401" timestamp="2019-08-09T08:14:03.260">
  <classunload-info classloadercandidates="54" classloadersunloaded="0" classesunloaded="0" anonymousclassesunloaded="0" quiescems="0.000" setupms="0.011" scanms="0.000" postms="0.000" />
</gc-op>
<heap-resize id="1406" type="contract" space="default" amount="6291456" count="1" timems="0.592" reason="insufficient time being spent in gc" timestamp="2019-08-09T08:14:03.261" />
<gc-end id="1407" type="partial gc" contextid="1401" durationms="20.225" usertimems="60.852" systemtimems="0.000" timestamp="2019-08-09T08:14:03.261" activeThreads="16">
  <mem-info id="1408" free="44040192" total="94371840" percent="46">
    <mem type="eden" free="2096168" total="2097152" percent="99" />
    <remembered-set count="7616" freebytes="3993856" totalbytes="4024320" percent="99" regionsoverflowed="0" regionsstable="6" regionsrebuilding="0"/>
  </mem-info>
</gc-end>
<cycle-end id="1409" type="partial gc" contextid="1401" timestamp="2019-08-09T08:14:03.261" />
  <attribute name="elasticGC enabled" value="1" />
  <attribute name= "numThreadsSpecified" value="16" />
  <attribute name="heapSize specified" value="0" />
  <attribute name="Current GC Util" value="49" />
  <attribute name= "Current Time Running" value="78330" />
  <attribute name ="GC Interval" value="0" />
  <attribute name="Target GC Util Change" value ="80.000000" />
  <attribute name="Current GC Util Change" value="49.000000"/>
  <attribute name="Current Error" value="110.000000" />
  <attribute name="Output H" value="100701200"/>
  <attribute name="Output I" value="2064"/>
  <attribute name="Output T" value="16"/>
  <attribute name= "Current Time Running" value="78330" />
  <attribute name="GC Util currently" value="49" />
  <attribute name="CPU Util currently" value="773288074352" />
<exclusive-end id="1410" timestamp="2019-08-09T08:14:03.261" durationms="20.945" />

<exclusive-start id="1411" timestamp="2019-08-09T08:14:03.422" intervalms="181.833">
  <response-info timems="0.101" idlems="0.101" threads="0" lastid="000000000212BF00" lastname="main" />
</exclusive-start>
<allocation-taxation id="1412" taxation-threshold="31457280" timestamp="2019-08-09T08:14:03.422" intervalms="181.889" />
<cycle-start id="1413" type="partial gc" contextid="0" timestamp="2019-08-09T08:14:03.422" intervalms="181.898" />
<gc-start id="1414" type="partial gc" contextid="1413" timestamp="2019-08-09T08:14:03.422">
  <mem-info id="1415" free="12582912" total="94371840" percent="13">
    <mem type="eden" free="0" total="31457280" percent="0" />
    <remembered-set count="6240" freebytes="3999360" totalbytes="4024320" percent="99" regionsoverflowed="0" regionsstable="7" regionsrebuilding="0"/>
  </mem-info>
</gc-start>
<allocation-stats totalBytes="31455192" >
  <allocated-bytes non-tlh="0" tlh="31455192" arrayletleaf="0"/>
  <largest-consumer threadName="main" threadId="000000000212BF00" bytes="31455192" />
</allocation-stats>
<gc-op id="1416" type="copy forward" timems="8.069" contextid="1413" timestamp="2019-08-09T08:14:03.432">
  <memory-copied type="eden" objects="27" bytes="848" bytesdiscarded="0" />
  <memory-copied type="other" objects="17" bytes="416" bytesdiscarded="1216" />
  <memory-cardclean objects="2915" bytes="223544" />
  <regions eden="15" other="2" />
  <remembered-set-cleared processed="1064" cleared="33" durationms="0.435" />
  <stringconstants candidates="13770" cleared="0"  />
</gc-op>
<gc-op id="1417" type="classunload" timems="0.009" contextid="1413" timestamp="2019-08-09T08:14:03.433">
  <classunload-info classloadercandidates="54" classloadersunloaded="0" classesunloaded="0" anonymousclassesunloaded="0" quiescems="0.000" setupms="0.009" scanms="0.000" postms="0.000" />
</gc-op>
<gc-end id="1418" type="partial gc" contextid="1413" durationms="10.185" usertimems="40.566" systemtimems="0.000" timestamp="2019-08-09T08:14:03.433" activeThreads="16">
  <mem-info id="1419" free="41943040" total="94371840" percent="44">
    <mem type="eden" free="2096304" total="2097152" percent="99" />
    <remembered-set count="5664" freebytes="3750144" totalbytes="3772800" percent="99" regionsoverflowed="0" regionsstable="7" regionsrebuilding="0"/>
  </mem-info>
</gc-end>
<cycle-end id="1420" type="partial gc" contextid="1413" timestamp="2019-08-09T08:14:03.433" />
  <attribute name="elasticGC enabled" value="1" />
  <attribute name= "numThreadsSpecified" value="16" />
  <attribute name="heapSize specified" value="0" />
  <attribute name="Current GC Util" value="129" />
  <attribute name= "Current Time Running" value="78512" />
  <attribute name ="GC Interval" value="0" />
  <attribute name="Target GC Util Change" value ="80.000000" />
  <attribute name="Current GC Util Change" value="129.000000"/>
  <attribute name="Current Error" value="-49.000000" />
  <attribute name="Output H" value="94409656"/>
  <attribute name="Output I" value="1976"/>
  <attribute name="Output T" value="16"/>
  <attribute name= "Current Time Running" value="78512" />
  <attribute name="GC Util currently" value="129" />
  <attribute name="CPU Util currently" value="702026627448" />
<exclusive-end id="1421" timestamp="2019-08-09T08:14:03.433" durationms="10.932" />

<exclusive-start id="1422" timestamp="2019-08-09T08:14:03.565" intervalms="143.407">
  <response-info timems="0.059" idlems="0.059" threads="0" lastid="000000000212BF00" lastname="main" />
</exclusive-start>
<allocation-taxation id="1423" taxation-threshold="14680064" timestamp="2019-08-09T08:14:03.565" intervalms="143.373" />
<cycle-start id="1424" type="global mark phase" contextid="0" timestamp="2019-08-09T08:14:03.566" intervalms="2959.634" />
<gc-start id="1425" type="global mark phase" contextid="1424" timestamp="2019-08-09T08:14:03.566">
  <mem-info id="1426" free="27262976" total="94371840" percent="28">
    <remembered-set count="5216" freebytes="3751936" totalbytes="3772800" percent="99" regionsoverflowed="0" regionsstable="7" regionsrebuilding="0"/>
  </mem-info>
</gc-start>
<gc-op id="1427" type="mark increment" timems="4.291" contextid="1424" timestamp="2019-08-09T08:14:03.570">
  <trace-info objectcount="210" scancount="0" scanbytes="0" />
</gc-op>
<gc-end id="1428" type="global mark phase" contextid="1424" durationms="4.341" usertimems="18.581" systemtimems="0.000" timestamp="2019-08-09T08:14:03.570" activeThreads="16">
  <mem-info id="1429" free="27262976" total="94371840" percent="28">
    <remembered-set count="5216" freebytes="3751936" totalbytes="3772800" percent="99" regionsoverflowed="0" regionsstable="0" regionsrebuilding="7"/>
  </mem-info>
</gc-end>
<concurrent-start id="1430" type="GMP work packet processing" contextid="1424" timestamp="2019-08-09T08:14:03.570">
  <concurrent-mark-start scanTarget="11009939" />
</concurrent-start>
<exclusive-end id="1431" timestamp="2019-08-09T08:14:03.570" durationms="4.694" />

<concurrent-end id="1432" type="GMP work packet processing" contextid="1424" timestamp="2019-08-09T08:14:03.579">
  <concurrent-mark-end bytesScanned="11240248" reasonForTermination="Work target met" />
</concurrent-end>

<exclusive-start id="1433" timestamp="2019-08-09T08:14:03.707" intervalms="142.008">
  <response-info timems="0.074" idlems="0.074" threads="0" lastid="000000000212BF00" lastname="main" />
</exclusive-start>
<allocation-taxation id="1434" taxation-threshold="14680064" timestamp="2019-08-09T08:14:03.708" intervalms="142.031" />
<cycle-start id="1435" type="partial gc" contextid="0" timestamp="2019-08-09T08:14:03.708" intervalms="285.404" />
<gc-start id="1436" type="partial gc" contextid="1435" timestamp="2019-08-09T08:14:03.708">
  <mem-info id="1437" free="12582912" total="94371840" percent="13">
    <mem type="eden" free="0" total="29360128" percent="0" />
    <remembered-set count="95424" freebytes="3391104" totalbytes="3772800" percent="89" regionsoverflowed="0" regionsstable="0" regionsrebuilding="7"/>
  </mem-info>
</gc-start>
<allocation-stats totalBytes="29357824" >
  <allocated-bytes non-tlh="0" tlh="29357824" arrayletleaf="0"/>
  <largest-consumer threadName="main" threadId="000000000212BF00" bytes="14678952" />
</allocation-stats>
<gc-op id="1438" type="copy forward" timems="9.516" contextid="1435" timestamp="2019-08-09T08:14:03.719">
  <memory-copied type="eden" objects="11" bytes="304" bytesdiscarded="0" />
  <memory-copied type="other" objects="26" bytes="1272" bytesdiscarded="608" />
  <memory-cardclean objects="54" bytes="2568" />
  <regions eden="14" other="2" />
  <remembered-set-cleared processed="87280" cleared="66" durationms="0.556" />
  <stringconstants candidates="13770" cleared="0"  />
</gc-op>
<gc-op id="1439" type="classunload" timems="0.008" contextid="1435" timestamp="2019-08-09T08:14:03.719">
  <classunload-info classloadercandidates="54" classloadersunloaded="0" classesunloaded="0" anonymousclassesunloaded="0" quiescems="0.000" setupms="0.008" scanms="0.000" postms="0.000" />
</gc-op>
<gc-end id="1440" type="partial gc" contextid="1435" durationms="10.885" usertimems="38.019" systemtimems="0.000" timestamp="2019-08-09T08:14:03.719" activeThreads="16">
  <mem-info id="1441" free="39845888" total="94371840" percent="42">
    <mem type="eden" free="2096848" total="2097152" percent="99" />
    <remembered-set count="91456" freebytes="3406976" totalbytes="3772800" percent="90" regionsoverflowed="0" regionsstable="0" regionsrebuilding="7"/>
  </mem-info>
</gc-end>
<cycle-end id="1442" type="partial gc" contextid="1435" timestamp="2019-08-09T08:14:03.719" />
  <attribute name="elasticGC enabled" value="1" />
  <attribute name= "numThreadsSpecified" value="16" />
  <attribute name="heapSize specified" value="0" />
  <attribute name="Current GC Util" value="164" />
  <attribute name= "Current Time Running" value="78796" />
  <attribute name ="GC Interval" value="0" />
  <attribute name="Target GC Util Change" value ="80.000000" />
  <attribute name="Current GC Util Change" value="164.000000"/>
  <attribute name="Current Error" value="-84.000000" />
  <attribute name="Output H" value="94409632"/>
  <attribute name="Output I" value="1952"/>
  <attribute name="Output T" value="16"/>
  <attribute name= "Current Time Running" value="78796" />
  <attribute name="GC Util currently" value="164" />
  <attribute name="CPU Util currently" value="1346251236235" />
<exclusive-end id="1443" timestamp="2019-08-09T08:14:03.719" durationms="11.692" />

<exclusive-start id="1444" timestamp="2019-08-09T08:14:03.843" intervalms="135.901">
  <response-info timems="0.079" idlems="0.079" threads="0" lastid="000000000212BF00" lastname="main" />
</exclusive-start>
<allocation-taxation id="1445" taxation-threshold="14680064" timestamp="2019-08-09T08:14:03.843" intervalms="135.863" />
<gc-start id="1446" type="global mark phase" contextid="1424" timestamp="2019-08-09T08:14:03.843">
  <mem-info id="1447" free="25165824" total="94371840" percent="26">
    <remembered-set count="91456" freebytes="3406976" totalbytes="3772800" percent="90" regionsoverflowed="0" regionsstable="0" regionsrebuilding="7"/>
  </mem-info>
</gc-start>
<gc-end id="1448" type="global mark phase" contextid="1424" durationms="0.041" usertimems="0.039" systemtimems="0.000" timestamp="2019-08-09T08:14:03.844" activeThreads="16">
  <mem-info id="1449" free="25165824" total="94371840" percent="26">
    <remembered-set count="91456" freebytes="3406976" totalbytes="3772800" percent="90" regionsoverflowed="0" regionsstable="0" regionsrebuilding="7"/>
  </mem-info>
</gc-end>
<concurrent-start id="1450" type="GMP work packet processing" contextid="1424" timestamp="2019-08-09T08:14:03.844">
  <concurrent-mark-start scanTarget="11009939" />
</concurrent-start>
<exclusive-end id="1451" timestamp="2019-08-09T08:14:03.844" durationms="0.484" />

<concurrent-end id="1452" type="GMP work packet processing" contextid="1424" timestamp="2019-08-09T08:14:03.846">
  <concurrent-mark-end bytesScanned="2350052" reasonForTermination="Completed all work in GC phase" />
</concurrent-end>

<exclusive-start id="1453" timestamp="2019-08-09T08:14:04.540" intervalms="696.324">
  <response-info timems="0.166" idlems="0.166" threads="0" lastid="000000000212BF00" lastname="main" />
</exclusive-start>
<allocation-taxation id="1454" taxation-threshold="14680064" timestamp="2019-08-09T08:14:04.540" intervalms="696.342" />
<cycle-start id="1455" type="partial gc" contextid="0" timestamp="2019-08-09T08:14:04.540" intervalms="832.290" />
<gc-start id="1456" type="partial gc" contextid="1455" timestamp="2019-08-09T08:14:04.540">
  <mem-info id="1457" free="10485760" total="94371840" percent="11">
    <mem type="eden" free="2096848" total="31457280" percent="6" />
    <remembered-set count="113920" freebytes="3317120" totalbytes="3772800" percent="87" regionsoverflowed="0" regionsstable="0" regionsrebuilding="7"/>
  </mem-info>
</gc-start>
<allocation-stats totalBytes="29348584" >
  <allocated-bytes non-tlh="360" tlh="29348224" arrayletleaf="0"/>
  <largest-consumer threadName="main" threadId="000000000212BF00" bytes="14669600" />
</allocation-stats>
<gc-op id="1458" type="copy forward" timems="11.060" contextid="1455" timestamp="2019-08-09T08:14:04.553">
  <memory-copied type="eden" objects="73" bytes="2784" bytesdiscarded="2584" />
  <memory-copied type="other" objects="42" bytes="960" bytesdiscarded="0" />
  <memory-cardclean objects="154" bytes="13624" />
  <regions eden="14" other="2" />
  <remembered-set-cleared processed="108661" cleared="99" durationms="0.673" />
  <references type="weak" candidates="4" cleared="0" enqueued="0" />
  <stringconstants candidates="13776" cleared="0"  />
</gc-op>
<gc-op id="1459" type="classunload" timems="0.009" contextid="1455" timestamp="2019-08-09T08:14:04.553">
  <classunload-info classloadercandidates="54" classloadersunloaded="0" classesunloaded="0" anonymousclassesunloaded="0" quiescems="0.000" setupms="0.009" scanms="0.000" postms="0.000" />
</gc-op>
<heap-resize id="1460" type="contract" space="default" amount="6291456" count="1" timems="0.458" reason="insufficient time being spent in gc" timestamp="2019-08-09T08:14:04.553" />
<gc-end id="1461" type="partial gc" contextid="1455" durationms="13.203" usertimems="51.983" systemtimems="0.000" timestamp="2019-08-09T08:14:04.553" activeThreads="16">
  <mem-info id="1462" free="33554432" total="88080384" percent="38">
    <mem type="eden" free="2091784" total="2097152" percent="99" />
    <remembered-set count="113600" freebytes="3318400" totalbytes="3772800" percent="87" regionsoverflowed="0" regionsstable="0" regionsrebuilding="7"/>
  </mem-info>
</gc-end>
<cycle-end id="1463" type="partial gc" contextid="1455" timestamp="2019-08-09T08:14:04.553" />
  <attribute name="elasticGC enabled" value="1" />
  <attribute name= "numThreadsSpecified" value="16" />
  <attribute name="heapSize specified" value="0" />
  <attribute name="Current GC Util" value="87" />
  <attribute name= "Current Time Running" value="79629" />
  <attribute name ="GC Interval" value="0" />
  <attribute name="Target GC Util Change" value ="80.000000" />
  <attribute name="Current GC Util Change" value="87.000000"/>
  <attribute name="Current Error" value="50.000000" />
  <attribute name="Output H" value="94409712"/>
  <attribute name="Output I" value="2032"/>
  <attribute name="Output T" value="16"/>
  <attribute name= "Current Time Running" value="79629" />
  <attribute name="GC Util currently" value="87" />
  <attribute name="CPU Util currently" value="1152035565582" />
<exclusive-end id="1464" timestamp="2019-08-09T08:14:04.554" durationms="14.002" />

<exclusive-start id="1465" timestamp="2019-08-09T08:14:04.596" intervalms="56.089">
  <response-info timems="0.097" idlems="0.097" threads="0" lastid="000000000212BF00" lastname="main" />
</exclusive-start>
<allocation-taxation id="1466" taxation-threshold="14680064" timestamp="2019-08-09T08:14:04.596" intervalms="56.147" />
<gc-start id="1467" type="global mark phase" contextid="1424" timestamp="2019-08-09T08:14:04.596">
  <mem-info id="1468" free="18874368" total="88080384" percent="21">
    <remembered-set count="113600" freebytes="3318400" totalbytes="3772800" percent="87" regionsoverflowed="0" regionsstable="0" regionsrebuilding="7"/>
  </mem-info>
</gc-start>
<gc-op id="1469" type="mark increment" timems="7.458" contextid="1424" timestamp="2019-08-09T08:14:04.603">
  <trace-info objectcount="74" scancount="64" scanbytes="1632" />
  <cardclean-info objects="209" bytes="15324" />
  <finalization candidates="80" enqueued="0" />
  <ownableSynchronizers candidates="21" cleared="0" />
  <references type="soft" candidates="4820" cleared="409" enqueued="403" dynamicThreshold="12" maxThreshold="32" />
  <references type="weak" candidates="5622" cleared="0" enqueued="0" />
  <references type="phantom" candidates="97" cleared="0" enqueued="0" />
  <stringconstants candidates="13776" cleared="0"  />
</gc-op>
<gc-op id="1470" type="classunload" timems="0.008" contextid="1424" timestamp="2019-08-09T08:14:04.603">
  <classunload-info classloadercandidates="54" classloadersunloaded="0" classesunloaded="0" anonymousclassesunloaded="0" quiescems="0.000" setupms="0.008" scanms="0.000" postms="0.000" />
</gc-op>
<gc-end id="1471" type="global mark phase" contextid="1424" durationms="7.882" usertimems="29.449" systemtimems="0.000" timestamp="2019-08-09T08:14:04.604" activeThreads="16">
  <mem-info id="1472" free="18874368" total="88080384" percent="21">
    <pending-finalizers system="0" default="0" reference="403" classloader="0" />
    <remembered-set count="116672" freebytes="3306112" totalbytes="3772800" percent="87" regionsoverflowed="0" regionsstable="0" regionsrebuilding="0"/>
  </mem-info>
</gc-end>
<cycle-end id="1473" type="global mark phase" contextid="1424" timestamp="2019-08-09T08:14:04.604" />
  <attribute name="elasticGC enabled" value="1" />
  <attribute name= "numThreadsSpecified" value="16" />
  <attribute name="heapSize specified" value="0" />
  <attribute name="Current GC Util" value="132" />
  <attribute name= "Current Time Running" value="79686" />
  <attribute name ="GC Interval" value="0" />
  <attribute name="Target GC Util Change" value ="80.000000" />
  <attribute name="Current GC Util Change" value="132.000000"/>
  <attribute name="Current Error" value="-52.000000" />
  <attribute name="Output H" value="88118200"/>
  <attribute name="Output I" value="1976"/>
  <attribute name="Output T" value="16"/>
  <attribute name= "Current Time Running" value="79686" />
  <attribute name="GC Util currently" value="132" />
  <attribute name="CPU Util currently" value="805384414434" />
<exclusive-end id="1474" timestamp="2019-08-09T08:14:04.604" durationms="8.384" />

<exclusive-start id="1475" timestamp="2019-08-09T08:14:04.633" intervalms="37.704">
  <response-info timems="0.112" idlems="0.112" threads="0" lastid="000000000212BF00" lastname="main" />
</exclusive-start>
<allocation-taxation id="1476" taxation-threshold="14680064" timestamp="2019-08-09T08:14:04.633" intervalms="37.621" />
<cycle-start id="1477" type="partial gc" contextid="0" timestamp="2019-08-09T08:14:04.634" intervalms="93.705" />
<gc-start id="1478" type="partial gc" contextid="1477" timestamp="2019-08-09T08:14:04.634">
  <mem-info id="1479" free="4194304" total="88080384" percent="4">
    <mem type="eden" free="0" total="29360128" percent="0" />
    <remembered-set count="6272" freebytes="3747712" totalbytes="3772800" percent="99" regionsoverflowed="0" regionsstable="6" regionsrebuilding="0"/>
  </mem-info>
</gc-start>
<allocation-stats totalBytes="29338264" >
  <allocated-bytes non-tlh="0" tlh="29338264" arrayletleaf="0"/>
  <largest-consumer threadName="main" threadId="000000000212BF00" bytes="14669600" />
</allocation-stats>
<gc-op id="1480" type="sweep" timems="1.980" contextid="1477" timestamp="2019-08-09T08:14:04.636" />
<gc-op id="1481" type="copy forward" timems="8.224" contextid="1477" timestamp="2019-08-09T08:14:04.646">
  <memory-copied type="eden" objects="2" bytes="56" bytesdiscarded="0" />
  <memory-copied type="other" objects="72" bytes="2752" bytesdiscarded="1984" />
  <memory-cardclean objects="4863" bytes="299152" />
  <regions eden="7" other="2" />
  <remembered-set-cleared processed="1628" cleared="143" durationms="0.166" />
  <references type="weak" candidates="4" cleared="0" enqueued="0" />
  <stringconstants candidates="13776" cleared="0"  />
</gc-op>
<gc-op id="1482" type="classunload" timems="0.008" contextid="1477" timestamp="2019-08-09T08:14:04.646">
  <classunload-info classloadercandidates="54" classloadersunloaded="0" classesunloaded="0" anonymousclassesunloaded="0" quiescems="0.000" setupms="0.008" scanms="0.000" postms="0.000" />
</gc-op>
<gc-end id="1483" type="partial gc" contextid="1477" durationms="11.970" usertimems="39.341" systemtimems="0.000" timestamp="2019-08-09T08:14:04.646" activeThreads="16">
  <mem-info id="1484" free="31457280" total="88080384" percent="35">
    <mem type="eden" free="2097096" total="2097152" percent="99" />
    <remembered-set count="8128" freebytes="3488768" totalbytes="3521280" percent="99" regionsoverflowed="0" regionsstable="6" regionsrebuilding="0"/>
  </mem-info>
</gc-end>
<cycle-end id="1485" type="partial gc" contextid="1477" timestamp="2019-08-09T08:14:04.646" />
  <attribute name="elasticGC enabled" value="1" />
  <attribute name= "numThreadsSpecified" value="16" />
  <attribute name="heapSize specified" value="0" />
  <attribute name="Current GC Util" value="130" />
  <attribute name= "Current Time Running" value="79724" />
  <attribute name ="GC Interval" value="0" />
  <attribute name="Target GC Util Change" value ="80.000000" />
  <attribute name="Current GC Util Change" value="130.000000"/>
  <attribute name="Current Error" value="-216.000000" />
  <attribute name="Output H" value="88118104"/>
  <attribute name="Output I" value="1880"/>
  <attribute name="Output T" value="16"/>
  <attribute name= "Current Time Running" value="79724" />
  <attribute name="GC Util currently" value="130" />
  <attribute name="CPU Util currently" value="1236923424200" />
<exclusive-end id="1486" timestamp="2019-08-09T08:14:04.646" durationms="12.695" />

<exclusive-start id="1487" timestamp="2019-08-09T08:14:04.698" intervalms="64.148">
  <response-info timems="0.146" idlems="0.146" threads="0" lastid="000000000212BF00" lastname="main" />
</exclusive-start>
<allocation-taxation id="1488" taxation-threshold="14680064" timestamp="2019-08-09T08:14:04.698" intervalms="64.192" />
<cycle-start id="1489" type="global mark phase" contextid="0" timestamp="2019-08-09T08:14:04.698" intervalms="1132.299" />
<gc-start id="1490" type="global mark phase" contextid="1489" timestamp="2019-08-09T08:14:04.698">
  <mem-info id="1491" free="16777216" total="88080384" percent="19">
    <remembered-set count="7680" freebytes="3490560" totalbytes="3521280" percent="99" regionsoverflowed="0" regionsstable="6" regionsrebuilding="0"/>
  </mem-info>
</gc-start>
<gc-op id="1492" type="mark increment" timems="6.207" contextid="1489" timestamp="2019-08-09T08:14:04.704">
  <trace-info objectcount="221" scancount="0" scanbytes="0" />
</gc-op>
<gc-end id="1493" type="global mark phase" contextid="1489" durationms="6.258" usertimems="22.589" systemtimems="0.000" timestamp="2019-08-09T08:14:04.704" activeThreads="16">
  <mem-info id="1494" free="16777216" total="88080384" percent="19">
    <remembered-set count="7680" freebytes="3490560" totalbytes="3521280" percent="99" regionsoverflowed="0" regionsstable="0" regionsrebuilding="6"/>
  </mem-info>
</gc-end>
<concurrent-start id="1495" type="GMP work packet processing" contextid="1489" timestamp="2019-08-09T08:14:04.704">
  <concurrent-mark-start scanTarget="11738942" />
</concurrent-start>
<exclusive-end id="1496" timestamp="2019-08-09T08:14:04.704" durationms="6.805" />

<concurrent-end id="1497" type="GMP work packet processing" contextid="1489" timestamp="2019-08-09T08:14:04.712">
  <concurrent-mark-end bytesScanned="11843940" reasonForTermination="Work target met" />
</concurrent-end>

<exclusive-start id="1498" timestamp="2019-08-09T08:14:04.737" intervalms="39.896">
  <response-info timems="0.083" idlems="0.083" threads="0" lastid="000000000212BF00" lastname="main" />
</exclusive-start>
<allocation-taxation id="1499" taxation-threshold="14680064" timestamp="2019-08-09T08:14:04.738" intervalms="39.891" />
<cycle-start id="1500" type="partial gc" contextid="0" timestamp="2019-08-09T08:14:04.738" intervalms="104.086" />
<gc-start id="1501" type="partial gc" contextid="1500" timestamp="2019-08-09T08:14:04.738">
  <mem-info id="1502" free="2097152" total="88080384" percent="2">
    <mem type="eden" free="2097096" total="31457280" percent="6" />
    <remembered-set count="97280" freebytes="3132160" totalbytes="3521280" percent="88" regionsoverflowed="0" regionsstable="0" regionsrebuilding="6"/>
  </mem-info>
</gc-start>
<allocation-stats totalBytes="29338432" >
  <allocated-bytes non-tlh="0" tlh="29338432" arrayletleaf="0"/>
  <largest-consumer threadName="main" threadId="000000000212BF00" bytes="14669848" />
</allocation-stats>
<gc-op id="1503" type="copy forward" timems="15.058" contextid="1500" timestamp="2019-08-09T08:14:04.754">
  <memory-copied type="eden" objects="2" bytes="56" bytesdiscarded="0" />
  <memory-copied type="other" objects="57863" bytes="1474504" bytesdiscarded="76656" />
  <memory-cardclean objects="3962" bytes="255232" />
  <regions eden="14" other="5" />
  <remembered-set-cleared processed="89872" cleared="6722" durationms="0.660" />
  <references type="soft" candidates="2139" cleared="0" enqueued="0" dynamicThreshold="6" maxThreshold="32" />
  <references type="weak" candidates="100" cleared="0" enqueued="0" />
  <stringconstants candidates="13776" cleared="0"  />
  <heap-resize type="expand" space="default" amount="4194304" count="2" timems="0.112" reason="continue current collection" />
</gc-op>
<gc-op id="1504" type="classunload" timems="0.009" contextid="1500" timestamp="2019-08-09T08:14:04.754">
  <classunload-info classloadercandidates="54" classloadersunloaded="0" classesunloaded="0" anonymousclassesunloaded="0" quiescems="0.000" setupms="0.009" scanms="0.000" postms="0.000" />
</gc-op>
<heap-resize id="1505" type="expand" space="default" amount="16777216" count="1" timems="0.079" reason="excessive time being spent in gc" timestamp="2019-08-09T08:14:04.754" />
<gc-end id="1506" type="partial gc" contextid="1500" durationms="16.351" usertimems="66.910" systemtimems="0.000" timestamp="2019-08-09T08:14:04.754" activeThreads="16">
  <mem-info id="1507" free="56623104" total="109051904" percent="51">
    <mem type="eden" free="2097096" total="2097152" percent="99" />
    <remembered-set count="91136" freebytes="3995136" totalbytes="4359680" percent="91" regionsoverflowed="0" regionsstable="0" regionsrebuilding="6"/>
  </mem-info>
</gc-end>
<cycle-end id="1508" type="partial gc" contextid="1500" timestamp="2019-08-09T08:14:04.754" />
  <attribute name="elasticGC enabled" value="1" />
  <attribute name= "numThreadsSpecified" value="16" />
  <attribute name="heapSize specified" value="0" />
  <attribute name="Current GC Util" value="121" />
  <attribute name= "Current Time Running" value="79826" />
  <attribute name ="GC Interval" value="0" />
  <attribute name="Target GC Util Change" value ="80.000000" />
  <attribute name="Current GC Util Change" value="121.000000"/>
  <attribute name="Current Error" value="-309.000000" />
  <attribute name="Output H" value="88118048"/>
  <attribute name="Output I" value="1824"/>
  <attribute name="Output T" value="16"/>
  <attribute name= "Current Time Running" value="79826" />
  <attribute name="GC Util currently" value="121" />
  <attribute name="CPU Util currently" value="1562607469069" />
<exclusive-end id="1509" timestamp="2019-08-09T08:14:04.755" durationms="17.171" />

<exclusive-start id="1510" timestamp="2019-08-09T08:14:05.055" intervalms="317.536">
  <response-info timems="0.072" idlems="0.072" threads="0" lastid="000000000212BF00" lastname="main" />
</exclusive-start>
<allocation-taxation id="1511" taxation-threshold="16777216" timestamp="2019-08-09T08:14:05.055" intervalms="317.595" />
<gc-start id="1512" type="global mark phase" contextid="1489" timestamp="2019-08-09T08:14:05.055">
  <mem-info id="1513" free="39845888" total="109051904" percent="36">
    <remembered-set count="90752" freebytes="3996672" totalbytes="4359680" percent="91" regionsoverflowed="0" regionsstable="0" regionsrebuilding="6"/>
  </mem-info>
</gc-start>
<gc-end id="1514" type="global mark phase" contextid="1489" durationms="0.033" usertimems="0.062" systemtimems="0.000" timestamp="2019-08-09T08:14:05.055" activeThreads="16">
  <mem-info id="1515" free="39845888" total="109051904" percent="36">
    <remembered-set count="90752" freebytes="3996672" totalbytes="4359680" percent="91" regionsoverflowed="0" regionsstable="0" regionsrebuilding="6"/>
  </mem-info>
</gc-end>
<concurrent-start id="1516" type="GMP work packet processing" contextid="1489" timestamp="2019-08-09T08:14:05.055">
  <concurrent-mark-start scanTarget="8804206" />
</concurrent-start>
<exclusive-end id="1517" timestamp="2019-08-09T08:14:05.056" durationms="0.547" />

<concurrent-end id="1518" type="GMP work packet processing" contextid="1489" timestamp="2019-08-09T08:14:05.058">
  <concurrent-mark-end bytesScanned="1609976" reasonForTermination="Completed all work in GC phase" />
</concurrent-end>

<exclusive-start id="1519" timestamp="2019-08-09T08:14:05.148" intervalms="93.238">
  <response-info timems="0.092" idlems="0.092" threads="0" lastid="000000000212BF00" lastname="main" />
</exclusive-start>
<allocation-taxation id="1520" taxation-threshold="16777216" timestamp="2019-08-09T08:14:05.148" intervalms="93.138" />
<cycle-start id="1521" type="partial gc" contextid="0" timestamp="2019-08-09T08:14:05.148" intervalms="410.700" />
<gc-start id="1522" type="partial gc" contextid="1521" timestamp="2019-08-09T08:14:05.149">
  <mem-info id="1523" free="23068672" total="109051904" percent="21">
    <mem type="eden" free="2097096" total="35651584" percent="5" />
    <remembered-set count="106304" freebytes="3934464" totalbytes="4359680" percent="90" regionsoverflowed="0" regionsstable="0" regionsrebuilding="6"/>
  </mem-info>
</gc-start>
<allocation-stats totalBytes="33543744" >
  <allocated-bytes non-tlh="0" tlh="33543744" arrayletleaf="0"/>
  <largest-consumer threadName="main" threadId="000000000212BF00" bytes="16773648" />
</allocation-stats>
<gc-op id="1524" type="copy forward" timems="10.670" contextid="1521" timestamp="2019-08-09T08:14:05.160">
  <memory-copied type="eden" objects="45" bytes="1888" bytesdiscarded="1168" />
  <memory-copied type="other" objects="7" bytes="160" bytesdiscarded="0" />
  <memory-cardclean objects="153" bytes="13152" />
  <regions eden="16" other="2" />
  <remembered-set-cleared processed="100791" cleared="51" durationms="0.658" />
  <references type="weak" candidates="14" cleared="0" enqueued="0" />
  <stringconstants candidates="13776" cleared="0"  />
</gc-op>
<gc-op id="1525" type="classunload" timems="0.014" contextid="1521" timestamp="2019-08-09T08:14:05.160">
  <classunload-info classloadercandidates="54" classloadersunloaded="0" classesunloaded="0" anonymousclassesunloaded="0" quiescems="0.000" setupms="0.014" scanms="0.000" postms="0.000" />
</gc-op>
<gc-end id="1526" type="partial gc" contextid="1521" durationms="11.785" usertimems="40.948" systemtimems="0.000" timestamp="2019-08-09T08:14:05.161" activeThreads="16">
  <mem-info id="1527" free="56623104" total="109051904" percent="51">
    <mem type="eden" free="2094096" total="2097152" percent="99" />
    <remembered-set count="106272" freebytes="3934592" totalbytes="4359680" percent="90" regionsoverflowed="0" regionsstable="0" regionsrebuilding="6"/>
  </mem-info>
</gc-end>
<cycle-end id="1528" type="partial gc" contextid="1521" timestamp="2019-08-09T08:14:05.161" />
  <attribute name="elasticGC enabled" value="1" />
  <attribute name= "numThreadsSpecified" value="16" />
  <attribute name="heapSize specified" value="0" />
  <attribute name="Current GC Util" value="152" />
  <attribute name= "Current Time Running" value="80237" />
  <attribute name ="GC Interval" value="0" />
  <attribute name="Target GC Util Change" value ="80.000000" />
  <attribute name="Current GC Util Change" value="152.000000"/>
  <attribute name="Current Error" value="-72.000000" />
  <attribute name="Output H" value="109089704"/>
  <attribute name="Output I" value="1960"/>
  <attribute name="Output T" value="16"/>
  <attribute name= "Current Time Running" value="80237" />
  <attribute name="GC Util currently" value="152" />
  <attribute name="CPU Util currently" value="1670230182797" />
<exclusive-end id="1529" timestamp="2019-08-09T08:14:05.162" durationms="13.849" />

<exclusive-start id="1530" timestamp="2019-08-09T08:14:05.176" intervalms="27.576">
  <response-info timems="0.049" idlems="0.049" threads="0" lastid="000000000212BF00" lastname="main" />
</exclusive-start>
<allocation-taxation id="1531" taxation-threshold="16777216" timestamp="2019-08-09T08:14:05.176" intervalms="27.596" />
<gc-start id="1532" type="global mark phase" contextid="1489" timestamp="2019-08-09T08:14:05.176">
  <mem-info id="1533" free="39845888" total="109051904" percent="36">
    <remembered-set count="105792" freebytes="3936512" totalbytes="4359680" percent="90" regionsoverflowed="0" regionsstable="0" regionsrebuilding="6"/>
  </mem-info>
</gc-start>
<gc-op id="1534" type="mark increment" timems="13.108" contextid="1489" timestamp="2019-08-09T08:14:05.189">
  <trace-info objectcount="1098" scancount="1096" scanbytes="155228" />
  <cardclean-info objects="4727" bytes="156808" />
  <finalization candidates="80" enqueued="0" />
  <ownableSynchronizers candidates="21" cleared="0" />
  <references type="soft" candidates="4411" cleared="876" enqueued="867" dynamicThreshold="16" maxThreshold="32" />
  <references type="weak" candidates="5634" cleared="0" enqueued="0" />
  <references type="phantom" candidates="97" cleared="0" enqueued="0" />
  <stringconstants candidates="13776" cleared="83"  />
</gc-op>
<gc-op id="1535" type="classunload" timems="1.920" contextid="1489" timestamp="2019-08-09T08:14:05.191">
  <classunload-info classloadercandidates="54" classloadersunloaded="1" classesunloaded="1" anonymousclassesunloaded="0" quiescems="1.431" setupms="0.464" scanms="1.450" postms="0.006" />
</gc-op>
<gc-end id="1536" type="global mark phase" contextid="1489" durationms="15.399" usertimems="41.802" systemtimems="0.000" timestamp="2019-08-09T08:14:05.191" activeThreads="16">
  <mem-info id="1537" free="39845888" total="109051904" percent="36">
    <pending-finalizers system="0" default="0" reference="867" classloader="0" />
    <remembered-set count="110400" freebytes="3918080" totalbytes="4359680" percent="89" regionsoverflowed="0" regionsstable="0" regionsrebuilding="0"/>
  </mem-info>
</gc-end>
<cycle-end id="1538" type="global mark phase" contextid="1489" timestamp="2019-08-09T08:14:05.191" />
  <attribute name="elasticGC enabled" value="1" />
  <attribute name= "numThreadsSpecified" value="16" />
  <attribute name="heapSize specified" value="0" />
  <attribute name="Current GC Util" value="177" />
  <attribute name= "Current Time Running" value="80266" />
  <attribute name ="GC Interval" value="0" />
  <attribute name="Target GC Util Change" value ="80.000000" />
  <attribute name="Current GC Util Change" value="177.000000"/>
  <attribute name="Current Error" value="-326.000000" />
  <attribute name="Output H" value="109089560"/>
  <attribute name="Output I" value="1816"/>
  <attribute name="Output T" value="16"/>
  <attribute name= "Current Time Running" value="80266" />
  <attribute name="GC Util currently" value="177" />
  <attribute name="CPU Util currently" value="734867724152" />
<exclusive-end id="1539" timestamp="2019-08-09T08:14:05.192" durationms="15.903" />

<exclusive-start id="1540" timestamp="2019-08-09T08:14:05.208" intervalms="32.109">
  <response-info timems="0.021" idlems="0.021" threads="0" lastid="000000000212BF00" lastname="main" />
</exclusive-start>
<allocation-taxation id="1541" taxation-threshold="16777216" timestamp="2019-08-09T08:14:05.208" intervalms="32.098" />
<cycle-start id="1542" type="partial gc" contextid="0" timestamp="2019-08-09T08:14:05.208" intervalms="59.699" />
<gc-start id="1543" type="partial gc" contextid="1542" timestamp="2019-08-09T08:14:05.208">
  <mem-info id="1544" free="23068672" total="109051904" percent="21">
    <mem type="eden" free="0" total="33554432" percent="0" />
    <remembered-set count="103168" freebytes="3947008" totalbytes="4359680" percent="90" regionsoverflowed="0" regionsstable="4" regionsrebuilding="0"/>
  </mem-info>
</gc-start>
<allocation-stats totalBytes="33501024" >
  <allocated-bytes non-tlh="0" tlh="33501024" arrayletleaf="0"/>
  <largest-consumer threadName="main" threadId="000000000212BF00" bytes="16706296" />
</allocation-stats>
<gc-op id="1545" type="sweep" timems="2.205" contextid="1542" timestamp="2019-08-09T08:14:05.211" />
<gc-op id="1546" type="copy forward" timems="8.713" contextid="1542" timestamp="2019-08-09T08:14:05.220">
  <memory-copied type="eden" objects="7" bytes="4680" bytesdiscarded="720" />
  <memory-copied type="other" objects="44" bytes="1856" bytesdiscarded="1696" />
  <memory-cardclean objects="820" bytes="39472" />
  <regions eden="8" other="2" />
  <remembered-set-cleared processed="96991" cleared="136" durationms="0.576" />
  <references type="weak" candidates="14" cleared="0" enqueued="0" />
  <stringconstants candidates="13693" cleared="0"  />
</gc-op>
<gc-op id="1547" type="classunload" timems="0.007" contextid="1542" timestamp="2019-08-09T08:14:05.220">
  <classunload-info classloadercandidates="53" classloadersunloaded="0" classesunloaded="0" anonymousclassesunloaded="0" quiescems="0.000" setupms="0.007" scanms="0.000" postms="0.000" />
</gc-op>
<heap-resize id="1548" type="expand" space="default" amount="18874368" count="1" timems="0.079" reason="excessive time being spent in gc" timestamp="2019-08-09T08:14:05.221" />
<gc-end id="1549" type="partial gc" contextid="1542" durationms="12.318" usertimems="27.122" systemtimems="0.000" timestamp="2019-08-09T08:14:05.221" activeThreads="16">
  <mem-info id="1550" free="73400320" total="127926272" percent="57">
    <mem type="eden" free="2091752" total="2097152" percent="99" />
    <remembered-set count="101984" freebytes="4706304" totalbytes="5114240" percent="92" regionsoverflowed="0" regionsstable="4" regionsrebuilding="0"/>
  </mem-info>
</gc-end>
<cycle-end id="1551" type="partial gc" contextid="1542" timestamp="2019-08-09T08:14:05.221" />
  <attribute name="elasticGC enabled" value="1" />
  <attribute name= "numThreadsSpecified" value="16" />
  <attribute name="heapSize specified" value="0" />
  <attribute name="Current GC Util" value="134" />
  <attribute name= "Current Time Running" value="80299" />
  <attribute name ="GC Interval" value="0" />
  <attribute name="Target GC Util Change" value ="80.000000" />
  <attribute name="Current GC Util Change" value="134.000000"/>
  <attribute name="Current Error" value="-54.000000" />
  <attribute name="Output H" value="109089720"/>
  <attribute name="Output I" value="1976"/>
  <attribute name="Output T" value="16"/>
  <attribute name= "Current Time Running" value="80299" />
  <attribute name="GC Util currently" value="134" />
  <attribute name="CPU Util currently" value="1647030685031" />
<exclusive-end id="1552" timestamp="2019-08-09T08:14:05.221" durationms="12.971" />

<exclusive-start id="1553" timestamp="2019-08-09T08:14:05.249" intervalms="41.293">
  <response-info timems="0.041" idlems="0.041" threads="0" lastid="000000000212BF00" lastname="main" />
</exclusive-start>
<allocation-taxation id="1554" taxation-threshold="39845888" timestamp="2019-08-09T08:14:05.249" intervalms="41.287" />
<cycle-start id="1555" type="partial gc" contextid="0" timestamp="2019-08-09T08:14:05.249" intervalms="41.261" />
<gc-start id="1556" type="partial gc" contextid="1555" timestamp="2019-08-09T08:14:05.250">
  <mem-info id="1557" free="33554432" total="127926272" percent="26">
    <mem type="eden" free="0" total="39845888" percent="0" />
    <remembered-set count="101504" freebytes="4708224" totalbytes="5114240" percent="92" regionsoverflowed="0" regionsstable="4" regionsrebuilding="0"/>
  </mem-info>
</gc-start>
<allocation-stats totalBytes="39775112" >
  <allocated-bytes non-tlh="0" tlh="39775112" arrayletleaf="0"/>
  <largest-consumer threadName="main" threadId="000000000212BF00" bytes="39775112" />
</allocation-stats>
<gc-op id="1558" type="copy forward" timems="11.790" contextid="1555" timestamp="2019-08-09T08:14:05.263">
  <memory-copied type="eden" objects="4" bytes="104" bytesdiscarded="0" />
  <memory-copied type="other" objects="57143" bytes="1461576" bytesdiscarded="88584" />
  <memory-cardclean objects="3954" bytes="255448" />
  <regions eden="19" other="4" />
  <remembered-set-cleared processed="96677" cleared="3824" durationms="0.714" />
  <references type="soft" candidates="1424" cleared="0" enqueued="0" dynamicThreshold="18" maxThreshold="32" />
  <references type="weak" candidates="100" cleared="0" enqueued="0" />
  <stringconstants candidates="13693" cleared="0"  />
</gc-op>
<gc-op id="1559" type="classunload" timems="0.008" contextid="1555" timestamp="2019-08-09T08:14:05.263">
  <classunload-info classloadercandidates="53" classloadersunloaded="0" classesunloaded="0" anonymousclassesunloaded="0" quiescems="0.000" setupms="0.007" scanms="0.000" postms="0.000" />
</gc-op>
<heap-resize id="1560" type="expand" space="default" amount="8388608" count="1" timems="0.061" reason="excessive time being spent in gc" timestamp="2019-08-09T08:14:05.263" />
<gc-end id="1561" type="partial gc" contextid="1555" durationms="13.564" usertimems="42.519" systemtimems="0.000" timestamp="2019-08-09T08:14:05.263" activeThreads="16">
  <mem-info id="1562" free="81788928" total="136314880" percent="60">
    <mem type="eden" free="2097048" total="2097152" percent="99" />
    <remembered-set count="100864" freebytes="5046144" totalbytes="5449600" percent="92" regionsoverflowed="0" regionsstable="4" regionsrebuilding="0"/>
  </mem-info>
</gc-end>
<cycle-end id="1563" type="partial gc" contextid="1555" timestamp="2019-08-09T08:14:05.263" />
  <attribute name="elasticGC enabled" value="1" />
  <attribute name= "numThreadsSpecified" value="16" />
  <attribute name="heapSize specified" value="0" />
  <attribute name="Current GC Util" value="204" />
  <attribute name= "Current Time Running" value="80338" />
  <attribute name ="GC Interval" value="0" />
  <attribute name="Target GC Util Change" value ="80.000000" />
  <attribute name="Current GC Util Change" value="204.000000"/>
  <attribute name="Current Error" value="-156.000000" />
  <attribute name="Output H" value="127964024"/>
  <attribute name="Output I" value="1912"/>
  <attribute name="Output T" value="16"/>
  <attribute name= "Current Time Running" value="80338" />
  <attribute name="GC Util currently" value="204" />
  <attribute name="CPU Util currently" value="1014683085204" />
<exclusive-end id="1564" timestamp="2019-08-09T08:14:05.263" durationms="14.162" />

<exclusive-start id="1565" timestamp="2019-08-09T08:14:05.292" intervalms="43.159">
  <response-info timems="0.066" idlems="0.066" threads="0" lastid="000000000212BF00" lastname="main" />
</exclusive-start>
<allocation-taxation id="1566" taxation-threshold="41943040" timestamp="2019-08-09T08:14:05.292" intervalms="43.175" />
<cycle-start id="1567" type="partial gc" contextid="0" timestamp="2019-08-09T08:14:05.293" intervalms="43.231" />
<gc-start id="1568" type="partial gc" contextid="1567" timestamp="2019-08-09T08:14:05.293">
  <mem-info id="1569" free="39845888" total="136314880" percent="29">
    <mem type="eden" free="2097048" total="44040192" percent="4" />
    <remembered-set count="100704" freebytes="5046784" totalbytes="5449600" percent="92" regionsoverflowed="0" regionsstable="4" regionsrebuilding="0"/>
  </mem-info>
</gc-start>
<allocation-stats totalBytes="41869920" >
  <allocated-bytes non-tlh="0" tlh="41869920" arrayletleaf="0"/>
  <largest-consumer threadName="main" threadId="000000000212BF00" bytes="41869920" />
</allocation-stats>
<gc-op id="1570" type="copy forward" timems="12.294" contextid="1567" timestamp="2019-08-09T08:14:05.307">
  <memory-copied type="eden" objects="3" bytes="72" bytesdiscarded="0" />
  <memory-copied type="other" objects="7" bytes="160" bytesdiscarded="0" />
  <memory-cardclean objects="32" bytes="1296" />
  <regions eden="20" other="2" />
  <remembered-set-cleared processed="95854" cleared="19" durationms="0.672" />
  <stringconstants candidates="13693" cleared="0"  />
</gc-op>
<gc-op id="1571" type="classunload" timems="0.012" contextid="1567" timestamp="2019-08-09T08:14:05.307">
  <classunload-info classloadercandidates="53" classloadersunloaded="0" classesunloaded="0" anonymousclassesunloaded="0" quiescems="0.000" setupms="0.012" scanms="0.000" postms="0.000" />
</gc-op>
<gc-end id="1572" type="partial gc" contextid="1567" durationms="14.062" usertimems="40.554" systemtimems="0.000" timestamp="2019-08-09T08:14:05.307" activeThreads="16">
  <mem-info id="1573" free="81788928" total="136314880" percent="60">
    <mem type="eden" free="2097080" total="2097152" percent="99" />
    <remembered-set count="99072" freebytes="5053312" totalbytes="5449600" percent="92" regionsoverflowed="0" regionsstable="4" regionsrebuilding="0"/>
  </mem-info>
</gc-end>
<cycle-end id="1574" type="partial gc" contextid="1567" timestamp="2019-08-09T08:14:05.307" />
  <attribute name="elasticGC enabled" value="1" />
  <attribute name= "numThreadsSpecified" value="16" />
  <attribute name="heapSize specified" value="0" />
  <attribute name="Current GC Util" value="333" />
  <attribute name= "Current Time Running" value="80382" />
  <attribute name ="GC Interval" value="0" />
  <attribute name="Target GC Util Change" value ="80.000000" />
  <attribute name="Current GC Util Change" value="333.000000"/>
  <attribute name="Current Error" value="-424.000000" />
  <attribute name="Output H" value="136352480"/>
  <attribute name="Output I" value="1760"/>
  <attribute name="Output T" value="16"/>
  <attribute name= "Current Time Running" value="80382" />
  <attribute name="GC Util currently" value="333" />
  <attribute name="CPU Util currently" value="1078388647764" />
<exclusive-end id="1575" timestamp="2019-08-09T08:14:05.307" durationms="14.989" />

<exclusive-start id="1576" timestamp="2019-08-09T08:14:05.339" intervalms="46.895">
  <response-info timems="0.101" idlems="0.101" threads="0" lastid="000000000212BF00" lastname="main" />
</exclusive-start>
<allocation-taxation id="1577" taxation-threshold="41943040" timestamp="2019-08-09T08:14:05.339" intervalms="46.973" />
<cycle-start id="1578" type="partial gc" contextid="0" timestamp="2019-08-09T08:14:05.340" intervalms="46.963" />
<gc-start id="1579" type="partial gc" contextid="1578" timestamp="2019-08-09T08:14:05.340">
  <mem-info id="1580" free="39845888" total="136314880" percent="29">
    <mem type="eden" free="2097080" total="44040192" percent="4" />
    <remembered-set count="99072" freebytes="5053312" totalbytes="5449600" percent="92" regionsoverflowed="0" regionsstable="4" regionsrebuilding="0"/>
  </mem-info>
</gc-start>
<allocation-stats totalBytes="41869152" >
  <allocated-bytes non-tlh="0" tlh="41869152" arrayletleaf="0"/>
  <largest-consumer threadName="main" threadId="000000000212BF00" bytes="41869152" />
</allocation-stats>
<gc-op id="1581" type="copy forward" timems="8.216" contextid="1578" timestamp="2019-08-09T08:14:05.349">
  <memory-copied type="eden" objects="3" bytes="72" bytesdiscarded="0" />
  <memory-copied type="other" objects="49" bytes="1120" bytesdiscarded="48" />
  <memory-cardclean objects="68" bytes="2608" />
  <regions eden="20" other="3" />
  <remembered-set-cleared processed="95849" cleared="53" durationms="0.599" />
  <stringconstants candidates="13693" cleared="0"  />
</gc-op>
<gc-op id="1582" type="classunload" timems="0.007" contextid="1578" timestamp="2019-08-09T08:14:05.349">
  <classunload-info classloadercandidates="53" classloadersunloaded="0" classesunloaded="0" anonymousclassesunloaded="0" quiescems="0.000" setupms="0.007" scanms="0.000" postms="0.000" />
</gc-op>
<gc-end id="1583" type="partial gc" contextid="1578" durationms="9.424" usertimems="27.724" systemtimems="0.000" timestamp="2019-08-09T08:14:05.349" activeThreads="16">
  <mem-info id="1584" free="83886080" total="136314880" percent="61">
    <mem type="eden" free="2097080" total="2097152" percent="99" />
    <remembered-set count="99008" freebytes="5053568" totalbytes="5449600" percent="92" regionsoverflowed="0" regionsstable="4" regionsrebuilding="0"/>
  </mem-info>
</gc-end>
<cycle-end id="1585" type="partial gc" contextid="1578" timestamp="2019-08-09T08:14:05.349" />
  <attribute name="elasticGC enabled" value="1" />
  <attribute name= "numThreadsSpecified" value="16" />
  <attribute name="heapSize specified" value="0" />
  <attribute name="Current GC Util" value="180" />
  <attribute name= "Current Time Running" value="80428" />
  <attribute name ="GC Interval" value="0" />
  <attribute name="Target GC Util Change" value ="80.000000" />
  <attribute name="Current GC Util Change" value="180.000000"/>
  <attribute name="Current Error" value="-100.000000" />
  <attribute name="Output H" value="136352664"/>
  <attribute name="Output I" value="1944"/>
  <attribute name="Output T" value="16"/>
  <attribute name= "Current Time Running" value="80428" />
  <attribute name="GC Util currently" value="180" />
  <attribute name="CPU Util currently" value="1663012231751" />
<exclusive-end id="1586" timestamp="2019-08-09T08:14:05.350" durationms="10.366" />

<exclusive-start id="1587" timestamp="2019-08-09T08:14:05.379" intervalms="39.570">
  <response-info timems="0.054" idlems="0.054" threads="0" lastid="000000000212BF00" lastname="main" />
</exclusive-start>
<allocation-taxation id="1588" taxation-threshold="41943040" timestamp="2019-08-09T08:14:05.379" intervalms="39.585" />
<cycle-start id="1589" type="partial gc" contextid="0" timestamp="2019-08-09T08:14:05.379" intervalms="39.606" />
<gc-start id="1590" type="partial gc" contextid="1589" timestamp="2019-08-09T08:14:05.379">
  <mem-info id="1591" free="41943040" total="136314880" percent="30">
    <mem type="eden" free="2097080" total="44040192" percent="4" />
    <remembered-set count="99008" freebytes="5053568" totalbytes="5449600" percent="92" regionsoverflowed="0" regionsstable="4" regionsrebuilding="0"/>
  </mem-info>
</gc-start>
<allocation-stats totalBytes="41869128" >
  <allocated-bytes non-tlh="0" tlh="41869128" arrayletleaf="0"/>
  <largest-consumer threadName="main" threadId="000000000212BF00" bytes="41869128" />
</allocation-stats>
<gc-op id="1592" type="copy forward" timems="9.239" contextid="1589" timestamp="2019-08-09T08:14:05.390">
  <memory-copied type="eden" objects="3" bytes="72" bytesdiscarded="0" />
  <memory-copied type="other" objects="7" bytes="160" bytesdiscarded="0" />
  <memory-cardclean objects="33" bytes="1328" />
  <regions eden="20" other="2" />
  <remembered-set-cleared processed="95825" cleared="18" durationms="0.673" />
  <stringconstants candidates="13693" cleared="0"  />
</gc-op>
<gc-op id="1593" type="classunload" timems="0.009" contextid="1589" timestamp="2019-08-09T08:14:05.390">
  <classunload-info classloadercandidates="53" classloadersunloaded="0" classesunloaded="0" anonymousclassesunloaded="0" quiescems="0.000" setupms="0.009" scanms="0.000" postms="0.000" />
</gc-op>
<gc-end id="1594" type="partial gc" contextid="1589" durationms="10.582" usertimems="25.507" systemtimems="0.000" timestamp="2019-08-09T08:14:05.390" activeThreads="16">
  <mem-info id="1595" free="83886080" total="136314880" percent="61">
    <mem type="eden" free="2097080" total="2097152" percent="99" />
    <remembered-set count="99008" freebytes="5053568" totalbytes="5449600" percent="92" regionsoverflowed="0" regionsstable="4" regionsrebuilding="0"/>
  </mem-info>
</gc-end>
<cycle-end id="1596" type="partial gc" contextid="1589" timestamp="2019-08-09T08:14:05.390" />
  <attribute name="elasticGC enabled" value="1" />
  <attribute name= "numThreadsSpecified" value="16" />
  <attribute name="heapSize specified" value="0" />
  <attribute name="Current GC Util" value="166" />
  <attribute name= "Current Time Running" value="80468" />
  <attribute name ="GC Interval" value="0" />
  <attribute name="Target GC Util Change" value ="80.000000" />
  <attribute name="Current GC Util Change" value="166.000000"/>
  <attribute name="Current Error" value="-153.000000" />
  <attribute name="Output H" value="136352632"/>
  <attribute name="Output I" value="1912"/>
  <attribute name="Output T" value="16"/>
  <attribute name= "Current Time Running" value="80468" />
  <attribute name="GC Util currently" value="166" />
  <attribute name="CPU Util currently" value="1642312554675" />
<exclusive-end id="1597" timestamp="2019-08-09T08:14:05.390" durationms="11.436" />

<exclusive-start id="1598" timestamp="2019-08-09T08:14:05.617" intervalms="238.633">
  <response-info timems="0.072" idlems="0.072" threads="0" lastid="000000000212BF00" lastname="main" />
</exclusive-start>
<allocation-taxation id="1599" taxation-threshold="41943040" timestamp="2019-08-09T08:14:05.617" intervalms="238.473" />
<cycle-start id="1600" type="partial gc" contextid="0" timestamp="2019-08-09T08:14:05.618" intervalms="238.481" />
<gc-start id="1601" type="partial gc" contextid="1600" timestamp="2019-08-09T08:14:05.618">
  <mem-info id="1602" free="41943040" total="136314880" percent="30">
    <mem type="eden" free="2097080" total="44040192" percent="4" />
    <remembered-set count="98688" freebytes="5054848" totalbytes="5449600" percent="92" regionsoverflowed="0" regionsstable="4" regionsrebuilding="0"/>
  </mem-info>
</gc-start>
<allocation-stats totalBytes="41898576" >
  <allocated-bytes non-tlh="0" tlh="41898576" arrayletleaf="0"/>
  <largest-consumer threadName="main" threadId="000000000212BF00" bytes="41898576" />
</allocation-stats>
<gc-op id="1603" type="copy forward" timems="10.608" contextid="1600" timestamp="2019-08-09T08:14:05.630">
  <memory-copied type="eden" objects="44" bytes="1632" bytesdiscarded="1168" />
  <memory-copied type="other" objects="53" bytes="1424" bytesdiscarded="368" />
  <memory-cardclean objects="172" bytes="14792" />
  <regions eden="20" other="3" />
  <remembered-set-cleared processed="95820" cleared="93" durationms="0.751" />
  <references type="weak" candidates="2" cleared="0" enqueued="0" />
  <stringconstants candidates="13693" cleared="0"  />
</gc-op>
<gc-op id="1604" type="classunload" timems="0.010" contextid="1600" timestamp="2019-08-09T08:14:05.630">
  <classunload-info classloadercandidates="53" classloadersunloaded="0" classesunloaded="0" anonymousclassesunloaded="0" quiescems="0.000" setupms="0.010" scanms="0.000" postms="0.000" />
</gc-op>
<heap-resize id="1605" type="contract" space="default" amount="6291456" count="1" timems="0.077" reason="excess free space following gc" timestamp="2019-08-09T08:14:05.630" />
<gc-end id="1606" type="partial gc" contextid="1600" durationms="12.168" usertimems="35.116" systemtimems="0.000" timestamp="2019-08-09T08:14:05.630" activeThreads="16">
  <mem-info id="1607" free="79691776" total="130023424" percent="61">
    <mem type="eden" free="2094352" total="2097152" percent="99" />
    <remembered-set count="99520" freebytes="5051520" totalbytes="5449600" percent="92" regionsoverflowed="0" regionsstable="4" regionsrebuilding="0"/>
  </mem-info>
</gc-end>
<cycle-end id="1608" type="partial gc" contextid="1600" timestamp="2019-08-09T08:14:05.631" />
  <attribute name="elasticGC enabled" value="1" />
  <attribute name= "numThreadsSpecified" value="16" />
  <attribute name="heapSize specified" value="0" />
  <attribute name="Current GC Util" value="105" />
  <attribute name= "Current Time Running" value="80707" />
  <attribute name ="GC Interval" value="0" />
  <attribute name="Target GC Util Change" value ="80.000000" />
  <attribute name="Current GC Util Change" value="105.000000"/>
  <attribute name="Current Error" value="-108.000000" />
  <attribute name="Output H" value="136352664"/>
  <attribute name="Output I" value="1944"/>
  <attribute name="Output T" value="16"/>
  <attribute name= "Current Time Running" value="80707" />
  <attribute name="GC Util currently" value="105" />
  <attribute name="CPU Util currently" value="1422350157185" />
<exclusive-end id="1609" timestamp="2019-08-09T08:14:05.631" durationms="13.235" />

<exclusive-start id="1610" timestamp="2019-08-09T08:14:05.712" intervalms="94.388">
  <response-info timems="0.043" idlems="0.043" threads="0" lastid="000000000212BF00" lastname="main" />
</exclusive-start>
<allocation-taxation id="1611" taxation-threshold="39845888" timestamp="2019-08-09T08:14:05.712" intervalms="94.399" />
<cycle-start id="1612" type="partial gc" contextid="0" timestamp="2019-08-09T08:14:05.712" intervalms="94.338" />
<gc-start id="1613" type="partial gc" contextid="1612" timestamp="2019-08-09T08:14:05.712">
  <mem-info id="1614" free="39845888" total="130023424" percent="30">
    <mem type="eden" free="0" total="39845888" percent="0" />
    <remembered-set count="99040" freebytes="5053440" totalbytes="5449600" percent="92" regionsoverflowed="0" regionsstable="4" regionsrebuilding="0"/>
  </mem-info>
</gc-start>
<allocation-stats totalBytes="39813680" >
  <allocated-bytes non-tlh="0" tlh="39813680" arrayletleaf="0"/>
  <largest-consumer threadName="main" threadId="000000000212BF00" bytes="39813680" />
</allocation-stats>
<gc-op id="1615" type="copy forward" timems="6.023" contextid="1612" timestamp="2019-08-09T08:14:05.720">
  <memory-copied type="eden" objects="29" bytes="1504" bytesdiscarded="0" />
  <memory-copied type="other" objects="22" bytes="504" bytesdiscarded="496" />
  <memory-cardclean objects="102" bytes="4000" />
  <regions eden="19" other="2" />
  <remembered-set-cleared processed="95790" cleared="47" durationms="0.566" />
  <stringconstants candidates="13693" cleared="0"  />
</gc-op>
<gc-op id="1616" type="classunload" timems="0.007" contextid="1612" timestamp="2019-08-09T08:14:05.720">
  <classunload-info classloadercandidates="53" classloadersunloaded="0" classesunloaded="0" anonymousclassesunloaded="0" quiescems="0.000" setupms="0.007" scanms="0.000" postms="0.000" />
</gc-op>
<gc-end id="1617" type="partial gc" contextid="1612" durationms="7.709" usertimems="15.994" systemtimems="0.000" timestamp="2019-08-09T08:14:05.720" activeThreads="8">
  <mem-info id="1618" free="77594624" total="130023424" percent="59">
    <mem type="eden" free="2095648" total="2097152" percent="99" />
    <remembered-set count="99264" freebytes="4801024" totalbytes="5198080" percent="92" regionsoverflowed="0" regionsstable="4" regionsrebuilding="0"/>
  </mem-info>
</gc-end>
<cycle-end id="1619" type="partial gc" contextid="1612" timestamp="2019-08-09T08:14:05.720" />
  <attribute name="elasticGC enabled" value="1" />
  <attribute name= "numThreadsSpecified" value="8" />
  <attribute name="heapSize specified" value="0" />
  <attribute name="Current GC Util" value="93" />
  <attribute name= "Current Time Running" value="80801" />
  <attribute name ="GC Interval" value="0" />
  <attribute name="Target GC Util Change" value ="80.000000" />
  <attribute name="Current GC Util Change" value="93.000000"/>
  <attribute name="Current Error" value="-13.000000" />
  <attribute name="Output H" value="130061264"/>
  <attribute name="Output I" value="2000"/>
  <attribute name="Output T" value="8"/>
  <attribute name= "Current Time Running" value="80801" />
  <attribute name="GC Util currently" value="93" />
  <attribute name="CPU Util currently" value="1120844042844" />
<exclusive-end id="1620" timestamp="2019-08-09T08:14:05.720" durationms="8.581" />

<exclusive-start id="1621" timestamp="2019-08-09T08:14:05.757" intervalms="44.705">
  <response-info timems="0.043" idlems="0.043" threads="0" lastid="000000000212BF00" lastname="main" />
</exclusive-start>
<allocation-taxation id="1622" taxation-threshold="39845888" timestamp="2019-08-09T08:14:05.757" intervalms="44.710" />
<cycle-start id="1623" type="partial gc" contextid="0" timestamp="2019-08-09T08:14:05.757" intervalms="44.859" />
<gc-start id="1624" type="partial gc" contextid="1623" timestamp="2019-08-09T08:14:05.757">
  <mem-info id="1625" free="37748736" total="130023424" percent="29">
    <mem type="eden" free="0" total="39845888" percent="0" />
    <remembered-set count="98784" freebytes="4802944" totalbytes="5198080" percent="92" regionsoverflowed="0" regionsstable="4" regionsrebuilding="0"/>
  </mem-info>
</gc-start>
<allocation-stats totalBytes="39816928" >
  <allocated-bytes non-tlh="0" tlh="39816928" arrayletleaf="0"/>
  <largest-consumer threadName="main" threadId="000000000212BF00" bytes="39816928" />
</allocation-stats>
<gc-op id="1626" type="copy forward" timems="8.692" contextid="1623" timestamp="2019-08-09T08:14:05.767">
  <memory-copied type="eden" objects="4" bytes="288" bytesdiscarded="0" />
  <memory-copied type="other" objects="42" bytes="1616" bytesdiscarded="736" />
  <memory-cardclean objects="95" bytes="3784" />
  <regions eden="19" other="3" />
  <remembered-set-cleared processed="95788" cleared="50" durationms="0.750" />
  <stringconstants candidates="13693" cleared="0"  />
</gc-op>
<gc-op id="1627" type="classunload" timems="0.008" contextid="1623" timestamp="2019-08-09T08:14:05.767">
  <classunload-info classloadercandidates="53" classloadersunloaded="0" classesunloaded="0" anonymousclassesunloaded="0" quiescems="0.000" setupms="0.007" scanms="0.000" postms="0.000" />
</gc-op>
<gc-end id="1628" type="partial gc" contextid="1623" durationms="10.129" usertimems="21.255" systemtimems="0.000" timestamp="2019-08-09T08:14:05.767" activeThreads="16">
  <mem-info id="1629" free="77594624" total="130023424" percent="59">
    <mem type="eden" free="2096864" total="2097152" percent="99" />
    <remembered-set count="99840" freebytes="4798720" totalbytes="5198080" percent="92" regionsoverflowed="0" regionsstable="4" regionsrebuilding="0"/>
  </mem-info>
</gc-end>
<cycle-end id="1630" type="partial gc" contextid="1623" timestamp="2019-08-09T08:14:05.767" />
  <attribute name="elasticGC enabled" value="1" />
  <attribute name= "numThreadsSpecified" value="16" />
  <attribute name="heapSize specified" value="0" />
  <attribute name="Current GC Util" value="202" />
  <attribute name= "Current Time Running" value="80846" />
  <attribute name ="GC Interval" value="0" />
  <attribute name="Target GC Util Change" value ="80.000000" />
  <attribute name="Current GC Util Change" value="202.000000"/>
  <attribute name="Current Error" value="-81.000000" />
  <attribute name="Output H" value="130061224"/>
  <attribute name="Output I" value="1960"/>
  <attribute name="Output T" value="16"/>
  <attribute name= "Current Time Running" value="80846" />
  <attribute name="GC Util currently" value="202" />
  <attribute name="CPU Util currently" value="1535026386791" />
<exclusive-end id="1631" timestamp="2019-08-09T08:14:05.768" durationms="11.034" />

<exclusive-start id="1632" timestamp="2019-08-09T08:14:06.128" intervalms="371.240">
  <response-info timems="0.059" idlems="0.059" threads="0" lastid="000000000212BF00" lastname="main" />
</exclusive-start>
<allocation-taxation id="1633" taxation-threshold="39845888" timestamp="2019-08-09T08:14:06.128" intervalms="371.297" />
<cycle-start id="1634" type="partial gc" contextid="0" timestamp="2019-08-09T08:14:06.128" intervalms="371.227" />
<gc-start id="1635" type="partial gc" contextid="1634" timestamp="2019-08-09T08:14:06.128">
  <mem-info id="1636" free="37748736" total="130023424" percent="29">
    <mem type="eden" free="2096864" total="41943040" percent="4" />
    <remembered-set count="99584" freebytes="4799744" totalbytes="5198080" percent="92" regionsoverflowed="0" regionsstable="4" regionsrebuilding="0"/>
  </mem-info>
</gc-start>
<allocation-stats totalBytes="39786568" >
  <allocated-bytes non-tlh="3776" tlh="39782792" arrayletleaf="0"/>
  <largest-consumer threadName="main" threadId="000000000212BF00" bytes="39786568" />
</allocation-stats>
<gc-op id="1637" type="copy forward" timems="7.658" contextid="1634" timestamp="2019-08-09T08:14:06.137">
  <memory-copied type="eden" objects="1070" bytes="54008" bytesdiscarded="4912" />
  <memory-copied type="other" objects="8" bytes="680" bytesdiscarded="608" />
  <memory-cardclean objects="1116" bytes="48048" />
  <regions eden="19" other="2" />
  <remembered-set-cleared processed="95785" cleared="138" durationms="0.526" />
  <references type="soft" candidates="16" cleared="0" enqueued="0" dynamicThreshold="19" maxThreshold="32" />
  <references type="weak" candidates="62" cleared="0" enqueued="0" />
  <stringconstants candidates="13730" cleared="0"  />
</gc-op>
<gc-op id="1638" type="classunload" timems="0.010" contextid="1634" timestamp="2019-08-09T08:14:06.137">
  <classunload-info classloadercandidates="53" classloadersunloaded="0" classesunloaded="0" anonymousclassesunloaded="0" quiescems="0.000" setupms="0.010" scanms="0.000" postms="0.000" />
</gc-op>
<gc-end id="1639" type="partial gc" contextid="1634" durationms="8.751" usertimems="23.589" systemtimems="0.000" timestamp="2019-08-09T08:14:06.137" activeThreads="16">
  <mem-info id="1640" free="77594624" total="130023424" percent="59">
    <mem type="eden" free="2038200" total="2097152" percent="97" />
    <remembered-set count="100192" freebytes="4797312" totalbytes="5198080" percent="92" regionsoverflowed="0" regionsstable="4" regionsrebuilding="0"/>
  </mem-info>
</gc-end>
<cycle-end id="1641" type="partial gc" contextid="1634" timestamp="2019-08-09T08:14:06.137" />
  <attribute name="elasticGC enabled" value="1" />
  <attribute name= "numThreadsSpecified" value="16" />
  <attribute name="heapSize specified" value="0" />
  <attribute name="Current GC Util" value="130" />
  <attribute name= "Current Time Running" value="81216" />
  <attribute name ="GC Interval" value="0" />
  <attribute name="Target GC Util Change" value ="80.000000" />
  <attribute name="Current GC Util Change" value="130.000000"/>
  <attribute name="Current Error" value="-56.000000" />
  <attribute name="Output H" value="130061232"/>
  <attribute name="Output I" value="1968"/>
  <attribute name="Output T" value="16"/>
  <attribute name= "Current Time Running" value="81216" />
  <attribute name="GC Util currently" value="130" />
  <attribute name="CPU Util currently" value="1988597948641" />
<exclusive-end id="1642" timestamp="2019-08-09T08:14:06.137" durationms="9.525" />

<exclusive-start id="1643" timestamp="2019-08-09T08:14:06.213" intervalms="84.990">
  <response-info timems="0.080" idlems="0.080" threads="0" lastid="000000000212BF00" lastname="main" />
</exclusive-start>
<allocation-taxation id="1644" taxation-threshold="39845888" timestamp="2019-08-09T08:14:06.213" intervalms="84.949" />
<cycle-start id="1645" type="partial gc" contextid="0" timestamp="2019-08-09T08:14:06.213" intervalms="84.941" />
<gc-start id="1646" type="partial gc" contextid="1645" timestamp="2019-08-09T08:14:06.213">
  <mem-info id="1647" free="37748736" total="130023424" percent="29">
    <mem type="eden" free="0" total="39845888" percent="0" />
    <remembered-set count="99744" freebytes="4799104" totalbytes="5198080" percent="92" regionsoverflowed="0" regionsstable="4" regionsrebuilding="0"/>
  </mem-info>
</gc-start>
<allocation-stats totalBytes="39780144" >
  <allocated-bytes non-tlh="0" tlh="39780144" arrayletleaf="0"/>
  <largest-consumer threadName="main" threadId="000000000212BF00" bytes="39780144" />
</allocation-stats>
<gc-op id="1648" type="copy forward" timems="7.800" contextid="1645" timestamp="2019-08-09T08:14:06.222">
  <memory-copied type="eden" objects="3" bytes="96" bytesdiscarded="0" />
  <memory-copied type="other" objects="1098" bytes="54640" bytesdiscarded="3456" />
  <memory-cardclean objects="166" bytes="19136" />
  <regions eden="19" other="2" />
  <remembered-set-cleared processed="95850" cleared="184" durationms="0.901" />
  <references type="soft" candidates="16" cleared="0" enqueued="0" dynamicThreshold="19" maxThreshold="32" />
  <references type="weak" candidates="64" cleared="0" enqueued="0" />
  <stringconstants candidates="13730" cleared="0"  />
</gc-op>
<gc-op id="1649" type="classunload" timems="0.008" contextid="1645" timestamp="2019-08-09T08:14:06.222">
  <classunload-info classloadercandidates="53" classloadersunloaded="0" classesunloaded="0" anonymousclassesunloaded="0" quiescems="0.000" setupms="0.008" scanms="0.000" postms="0.000" />
</gc-op>
<gc-end id="1650" type="partial gc" contextid="1645" durationms="9.130" usertimems="21.449" systemtimems="0.000" timestamp="2019-08-09T08:14:06.222" activeThreads="16">
  <mem-info id="1651" free="75497472" total="130023424" percent="58">
    <mem type="eden" free="2097056" total="2097152" percent="99" />
    <remembered-set count="100192" freebytes="4797312" totalbytes="5198080" percent="92" regionsoverflowed="0" regionsstable="4" regionsrebuilding="0"/>
  </mem-info>
</gc-end>
<cycle-end id="1652" type="partial gc" contextid="1645" timestamp="2019-08-09T08:14:06.222" />
  <attribute name="elasticGC enabled" value="1" />
  <attribute name= "numThreadsSpecified" value="16" />
  <attribute name="heapSize specified" value="0" />
  <attribute name="Current GC Util" value="134" />
  <attribute name= "Current Time Running" value="81301" />
  <attribute name ="GC Interval" value="0" />
  <attribute name="Target GC Util Change" value ="80.000000" />
  <attribute name="Current GC Util Change" value="134.000000"/>
  <attribute name="Current Error" value="-54.000000" />
  <attribute name="Output H" value="130061240"/>
  <attribute name="Output I" value="1976"/>
  <attribute name="Output T" value="16"/>
  <attribute name= "Current Time Running" value="81301" />
  <attribute name="GC Util currently" value="134" />
  <attribute name="CPU Util currently" value="1557288590971" />
<exclusive-end id="1653" timestamp="2019-08-09T08:14:06.223" durationms="9.919" />

<exclusive-start id="1654" timestamp="2019-08-09T08:14:06.839" intervalms="626.560">
  <response-info timems="0.063" idlems="0.063" threads="0" lastid="000000000212BF00" lastname="main" />
</exclusive-start>
<allocation-taxation id="1655" taxation-threshold="39845888" timestamp="2019-08-09T08:14:06.839" intervalms="626.539" />
<cycle-start id="1656" type="partial gc" contextid="0" timestamp="2019-08-09T08:14:06.839" intervalms="626.450" />
<gc-start id="1657" type="partial gc" contextid="1656" timestamp="2019-08-09T08:14:06.840">
  <mem-info id="1658" free="35651584" total="130023424" percent="27">
    <mem type="eden" free="2097056" total="41943040" percent="4" />
    <remembered-set count="100032" freebytes="4797952" totalbytes="5198080" percent="92" regionsoverflowed="0" regionsstable="4" regionsrebuilding="0"/>
  </mem-info>
</gc-start>
<allocation-stats totalBytes="39838112" >
  <allocated-bytes non-tlh="0" tlh="39838112" arrayletleaf="0"/>
  <largest-consumer threadName="main" threadId="000000000212BF00" bytes="39838112" />
</allocation-stats>
<gc-op id="1659" type="copy forward" timems="9.709" contextid="1656" timestamp="2019-08-09T08:14:06.851">
  <memory-copied type="eden" objects="70" bytes="2240" bytesdiscarded="1168" />
  <memory-copied type="other" objects="37" bytes="968" bytesdiscarded="928" />
  <memory-cardclean objects="188" bytes="14976" />
  <regions eden="19" other="2" />
  <remembered-set-cleared processed="95873" cleared="103" durationms="0.960" />
  <references type="weak" candidates="38" cleared="0" enqueued="0" />
  <stringconstants candidates="13730" cleared="0"  />
</gc-op>
<gc-op id="1660" type="classunload" timems="0.013" contextid="1656" timestamp="2019-08-09T08:14:06.851">
  <classunload-info classloadercandidates="53" classloadersunloaded="0" classesunloaded="0" anonymousclassesunloaded="0" quiescems="0.000" setupms="0.013" scanms="0.000" postms="0.000" />
</gc-op>
<heap-resize id="1661" type="contract" space="default" amount="8388608" count="1" timems="0.379" reason="insufficient time being spent in gc" timestamp="2019-08-09T08:14:06.852" />
<gc-end id="1662" type="partial gc" contextid="1656" durationms="11.877" usertimems="49.992" systemtimems="0.000" timestamp="2019-08-09T08:14:06.852" activeThreads="16">
  <mem-info id="1663" free="67108864" total="121634816" percent="55">
    <mem type="eden" free="2093744" total="2097152" percent="99" />
    <remembered-set count="100928" freebytes="4794368" totalbytes="5198080" percent="92" regionsoverflowed="0" regionsstable="4" regionsrebuilding="0"/>
  </mem-info>
</gc-end>
<cycle-end id="1664" type="partial gc" contextid="1656" timestamp="2019-08-09T08:14:06.852" />
  <attribute name="elasticGC enabled" value="1" />
  <attribute name= "numThreadsSpecified" value="16" />
  <attribute name="heapSize specified" value="0" />
  <attribute name="Current GC Util" value="205" />
  <attribute name= "Current Time Running" value="81928" />
  <attribute name ="GC Interval" value="0" />
  <attribute name="Target GC Util Change" value ="80.000000" />
  <attribute name="Current GC Util Change" value="205.000000"/>
  <attribute name="Current Error" value="-102.000000" />
  <attribute name="Output H" value="130061208"/>
  <attribute name="Output I" value="1944"/>
  <attribute name="Output T" value="16"/>
  <attribute name= "Current Time Running" value="81928" />
  <attribute name="GC Util currently" value="205" />
  <attribute name="CPU Util currently" value="1013688343082" />
<exclusive-end id="1665" timestamp="2019-08-09T08:14:06.852" durationms="12.477" />

<exclusive-start id="1666" timestamp="2019-08-09T08:14:06.947" intervalms="107.689">
  <response-info timems="0.100" idlems="0.100" threads="0" lastid="000000000212BF00" lastname="main" />
</exclusive-start>
<allocation-taxation id="1667" taxation-threshold="37748736" timestamp="2019-08-09T08:14:06.947" intervalms="107.692" />
<cycle-start id="1668" type="partial gc" contextid="0" timestamp="2019-08-09T08:14:06.947" intervalms="107.684" />
<gc-start id="1669" type="partial gc" contextid="1668" timestamp="2019-08-09T08:14:06.947">
  <mem-info id="1670" free="29360128" total="121634816" percent="24">
    <mem type="eden" free="0" total="37748736" percent="0" />
    <remembered-set count="100928" freebytes="4794368" totalbytes="5198080" percent="92" regionsoverflowed="0" regionsstable="4" regionsrebuilding="0"/>
  </mem-info>
</gc-start>
<allocation-stats totalBytes="37741696" >
  <allocated-bytes non-tlh="0" tlh="37741696" arrayletleaf="0"/>
  <largest-consumer threadName="main" threadId="000000000212BF00" bytes="37741696" />
</allocation-stats>
<gc-op id="1671" type="copy forward" timems="9.047" contextid="1668" timestamp="2019-08-09T08:14:06.958">
  <memory-copied type="eden" objects="12" bytes="448" bytesdiscarded="0" />
  <memory-copied type="other" objects="63" bytes="1960" bytesdiscarded="400" />
  <memory-cardclean objects="53" bytes="10504" />
  <regions eden="18" other="1" />
  <remembered-set-cleared processed="95846" cleared="38" durationms="0.573" />
  <references type="weak" candidates="34" cleared="0" enqueued="0" />
  <stringconstants candidates="13730" cleared="0"  />
</gc-op>
<gc-op id="1672" type="classunload" timems="0.010" contextid="1668" timestamp="2019-08-09T08:14:06.959">
  <classunload-info classloadercandidates="53" classloadersunloaded="0" classesunloaded="0" anonymousclassesunloaded="0" quiescems="0.000" setupms="0.009" scanms="0.000" postms="0.000" />
</gc-op>
<heap-resize id="1673" type="contract" space="default" amount="6291456" count="1" timems="0.238" reason="insufficient time being spent in gc" timestamp="2019-08-09T08:14:06.959" />
<gc-end id="1674" type="partial gc" contextid="1668" durationms="11.466" usertimems="38.681" systemtimems="0.000" timestamp="2019-08-09T08:14:06.959" activeThreads="16">
  <mem-info id="1675" free="58720256" total="115343360" percent="50">
    <mem type="eden" free="2096704" total="2097152" percent="99" />
    <remembered-set count="100224" freebytes="4461824" totalbytes="4862720" percent="91" regionsoverflowed="0" regionsstable="4" regionsrebuilding="0"/>
  </mem-info>
</gc-end>
<cycle-end id="1676" type="partial gc" contextid="1668" timestamp="2019-08-09T08:14:06.959" />
  <attribute name="elasticGC enabled" value="1" />
  <attribute name= "numThreadsSpecified" value="16" />
  <attribute name="heapSize specified" value="0" />
  <attribute name="Current GC Util" value="185" />
  <attribute name= "Current Time Running" value="82037" />
  <attribute name ="GC Interval" value="0" />
  <attribute name="Target GC Util Change" value ="80.000000" />
  <attribute name="Current GC Util Change" value="185.000000"/>
  <attribute name="Current Error" value="-149.000000" />
  <attribute name="Output H" value="121672576"/>
  <attribute name="Output I" value="1920"/>
  <attribute name="Output T" value="16"/>
  <attribute name= "Current Time Running" value="82037" />
  <attribute name="GC Util currently" value="185" />
  <attribute name="CPU Util currently" value="689396254581" />
<exclusive-end id="1677" timestamp="2019-08-09T08:14:06.959" durationms="12.074" />

<exclusive-start id="1678" timestamp="2019-08-09T08:14:07.046" intervalms="99.068">
  <response-info timems="0.043" idlems="0.043" threads="0" lastid="000000000212BF00" lastname="main" />
</exclusive-start>
<allocation-taxation id="1679" taxation-threshold="35651584" timestamp="2019-08-09T08:14:07.046" intervalms="99.068" />
<cycle-start id="1680" type="partial gc" contextid="0" timestamp="2019-08-09T08:14:07.046" intervalms="99.068" />
<gc-start id="1681" type="partial gc" contextid="1680" timestamp="2019-08-09T08:14:07.046">
  <mem-info id="1682" free="23068672" total="115343360" percent="20">
    <mem type="eden" free="2096704" total="37748736" percent="5" />
    <remembered-set count="99872" freebytes="4463232" totalbytes="4862720" percent="91" regionsoverflowed="0" regionsstable="4" regionsrebuilding="0"/>
  </mem-info>
</gc-start>
<allocation-stats totalBytes="35644928" >
  <allocated-bytes non-tlh="0" tlh="35644928" arrayletleaf="0"/>
  <largest-consumer threadName="main" threadId="000000000212BF00" bytes="35644928" />
</allocation-stats>
<gc-op id="1683" type="copy forward" timems="8.366" contextid="1680" timestamp="2019-08-09T08:14:07.056">
  <memory-copied type="eden" objects="1" bytes="24" bytesdiscarded="0" />
  <memory-copied type="other" objects="0" bytes="0" bytesdiscarded="0" />
  <memory-cardclean objects="48702" bytes="1491424" />
  <regions eden="17" other="1" />
  <remembered-set-cleared processed="81737" cleared="10049" durationms="0.887" />
  <stringconstants candidates="13730" cleared="0"  />
</gc-op>
<gc-op id="1684" type="classunload" timems="0.008" contextid="1680" timestamp="2019-08-09T08:14:07.056">
  <classunload-info classloadercandidates="53" classloadersunloaded="0" classesunloaded="0" anonymousclassesunloaded="0" quiescems="0.000" setupms="0.007" scanms="0.000" postms="0.000" />
</gc-op>
<heap-resize id="1685" type="contract" space="default" amount="6291456" count="1" timems="0.069" reason="insufficient time being spent in gc" timestamp="2019-08-09T08:14:07.056" />
<gc-end id="1686" type="partial gc" contextid="1680" durationms="10.055" usertimems="24.045" systemtimems="0.000" timestamp="2019-08-09T08:14:07.056" activeThreads="16">
  <mem-info id="1687" free="52428800" total="109051904" percent="48">
    <mem type="eden" free="2097128" total="2097152" percent="99" />
    <remembered-set count="82112" freebytes="4282752" totalbytes="4611200" percent="92" regionsoverflowed="0" regionsstable="4" regionsrebuilding="0"/>
  </mem-info>
</gc-end>
<cycle-end id="1688" type="partial gc" contextid="1680" timestamp="2019-08-09T08:14:07.057" />
  <attribute name="elasticGC enabled" value="1" />
  <attribute name= "numThreadsSpecified" value="16" />
  <attribute name="heapSize specified" value="0" />
  <attribute name="Current GC Util" value="138" />
  <attribute name= "Current Time Running" value="82135" />
  <attribute name ="GC Interval" value="0" />
  <attribute name="Target GC Util Change" value ="80.000000" />
  <attribute name="Current GC Util Change" value="138.000000"/>
  <attribute name="Current Error" value="-58.000000" />
  <attribute name="Output H" value="115381168"/>
  <attribute name="Output I" value="1968"/>
  <attribute name="Output T" value="16"/>
  <attribute name= "Current Time Running" value="82135" />
  <attribute name="GC Util currently" value="138" />
  <attribute name="CPU Util currently" value="859697555013" />
<exclusive-end id="1689" timestamp="2019-08-09T08:14:07.057" durationms="10.557" />

<exclusive-start id="1690" timestamp="2019-08-09T08:14:07.132" intervalms="86.229">
  <response-info timems="0.023" idlems="0.023" threads="0" lastid="000000000212BF00" lastname="main" />
</exclusive-start>
<allocation-taxation id="1691" taxation-threshold="33554432" timestamp="2019-08-09T08:14:07.132" intervalms="86.228" />
<cycle-start id="1692" type="partial gc" contextid="0" timestamp="2019-08-09T08:14:07.132" intervalms="86.221" />
<gc-start id="1693" type="partial gc" contextid="1692" timestamp="2019-08-09T08:14:07.133">
  <mem-info id="1694" free="18874368" total="109051904" percent="17">
    <mem type="eden" free="2097128" total="35651584" percent="5" />
    <remembered-set count="81984" freebytes="4283264" totalbytes="4611200" percent="92" regionsoverflowed="0" regionsstable="4" regionsrebuilding="0"/>
  </mem-info>
</gc-start>
<allocation-stats totalBytes="33548392" >
  <allocated-bytes non-tlh="0" tlh="33548392" arrayletleaf="0"/>
  <largest-consumer threadName="main" threadId="000000000212BF00" bytes="33548392" />
</allocation-stats>
<gc-op id="1695" type="copy forward" timems="9.893" contextid="1692" timestamp="2019-08-09T08:14:07.144">
  <memory-copied type="eden" objects="5" bytes="240" bytesdiscarded="0" />
  <memory-copied type="other" objects="0" bytes="0" bytesdiscarded="0" />
  <memory-cardclean objects="20" bytes="976" />
  <regions eden="16" other="1" />
  <remembered-set-cleared processed="77172" cleared="8" durationms="0.508" />
  <stringconstants candidates="13730" cleared="0"  />
</gc-op>
<gc-op id="1696" type="classunload" timems="0.011" contextid="1692" timestamp="2019-08-09T08:14:07.144">
  <classunload-info classloadercandidates="53" classloadersunloaded="0" classesunloaded="0" anonymousclassesunloaded="0" quiescems="0.000" setupms="0.011" scanms="0.000" postms="0.000" />
</gc-op>
<gc-end id="1697" type="partial gc" contextid="1692" durationms="11.784" usertimems="27.915" systemtimems="0.000" timestamp="2019-08-09T08:14:07.144" activeThreads="16">
  <mem-info id="1698" free="52428800" total="109051904" percent="48">
    <mem type="eden" free="2096912" total="2097152" percent="99" />
    <remembered-set count="81536" freebytes="4033536" totalbytes="4359680" percent="92" regionsoverflowed="0" regionsstable="4" regionsrebuilding="0"/>
  </mem-info>
</gc-end>
<cycle-end id="1699" type="partial gc" contextid="1692" timestamp="2019-08-09T08:14:07.145" />
  <attribute name="elasticGC enabled" value="1" />
  <attribute name= "numThreadsSpecified" value="16" />
  <attribute name="heapSize specified" value="0" />
  <attribute name="Current GC Util" value="167" />
  <attribute name= "Current Time Running" value="82222" />
  <attribute name ="GC Interval" value="0" />
  <attribute name="Target GC Util Change" value ="80.000000" />
  <attribute name="Current GC Util Change" value="167.000000"/>
  <attribute name="Current Error" value="-91.000000" />
  <attribute name="Output H" value="109089696"/>
  <attribute name="Output I" value="1952"/>
  <attribute name="Output T" value="16"/>
  <attribute name= "Current Time Running" value="82222" />
  <attribute name="GC Util currently" value="167" />
  <attribute name="CPU Util currently" value="797621692309" />
<exclusive-end id="1700" timestamp="2019-08-09T08:14:07.145" durationms="12.291" />

<exclusive-start id="1701" timestamp="2019-08-09T08:14:07.223" intervalms="90.939">
  <response-info timems="0.016" idlems="0.016" threads="0" lastid="000000000212BF00" lastname="main" />
</exclusive-start>
<allocation-taxation id="1702" taxation-threshold="33554432" timestamp="2019-08-09T08:14:07.223" intervalms="90.938" />
<cycle-start id="1703" type="partial gc" contextid="0" timestamp="2019-08-09T08:14:07.223" intervalms="90.967" />
<gc-start id="1704" type="partial gc" contextid="1703" timestamp="2019-08-09T08:14:07.224">
  <mem-info id="1705" free="18874368" total="109051904" percent="17">
    <mem type="eden" free="2096912" total="35651584" percent="5" />
    <remembered-set count="81056" freebytes="4035456" totalbytes="4359680" percent="92" regionsoverflowed="0" regionsstable="4" regionsrebuilding="0"/>
  </mem-info>
</gc-start>
<allocation-stats totalBytes="33548288" >
  <allocated-bytes non-tlh="0" tlh="33548288" arrayletleaf="0"/>
  <largest-consumer threadName="main" threadId="000000000212BF00" bytes="33548288" />
</allocation-stats>
<gc-op id="1706" type="copy forward" timems="10.864" contextid="1703" timestamp="2019-08-09T08:14:07.235">
  <memory-copied type="eden" objects="9" bytes="384" bytesdiscarded="0" />
  <memory-copied type="other" objects="0" bytes="0" bytesdiscarded="0" />
  <memory-cardclean objects="20" bytes="976" />
  <regions eden="16" other="1" />
  <remembered-set-cleared processed="77174" cleared="10" durationms="0.477" />
  <stringconstants candidates="13730" cleared="0"  />
</gc-op>
<gc-op id="1707" type="classunload" timems="0.009" contextid="1703" timestamp="2019-08-09T08:14:07.236">
  <classunload-info classloadercandidates="53" classloadersunloaded="0" classesunloaded="0" anonymousclassesunloaded="0" quiescems="0.000" setupms="0.008" scanms="0.000" postms="0.000" />
</gc-op>
<gc-end id="1708" type="partial gc" contextid="1703" durationms="11.954" usertimems="22.965" systemtimems="0.000" timestamp="2019-08-09T08:14:07.236" activeThreads="16">
  <mem-info id="1709" free="52428800" total="109051904" percent="48">
    <mem type="eden" free="2096768" total="2097152" percent="99" />
    <remembered-set count="81536" freebytes="4033536" totalbytes="4359680" percent="92" regionsoverflowed="0" regionsstable="4" regionsrebuilding="0"/>
  </mem-info>
</gc-end>
<cycle-end id="1710" type="partial gc" contextid="1703" timestamp="2019-08-09T08:14:07.236" />
  <attribute name="elasticGC enabled" value="1" />
  <attribute name= "numThreadsSpecified" value="16" />
  <attribute name="heapSize specified" value="0" />
  <attribute name="Current GC Util" value="122" />
  <attribute name= "Current Time Running" value="82312" />
  <attribute name ="GC Interval" value="0" />
  <attribute name="Target GC Util Change" value ="80.000000" />
  <attribute name="Current GC Util Change" value="122.000000"/>
  <attribute name="Current Error" value="-81.000000" />
  <attribute name="Output H" value="109089704"/>
  <attribute name="Output I" value="1960"/>
  <attribute name="Output T" value="16"/>
  <attribute name= "Current Time Running" value="82312" />
  <attribute name="GC Util currently" value="122" />
  <attribute name="CPU Util currently" value="1828896111249" />
<exclusive-end id="1711" timestamp="2019-08-09T08:14:07.236" durationms="12.732" />

<exclusive-start id="1712" timestamp="2019-08-09T08:14:07.312" intervalms="88.708">
  <response-info timems="0.017" idlems="0.017" threads="0" lastid="000000000212BF00" lastname="main" />
</exclusive-start>
<allocation-taxation id="1713" taxation-threshold="33554432" timestamp="2019-08-09T08:14:07.312" intervalms="88.721" />
<cycle-start id="1714" type="partial gc" contextid="0" timestamp="2019-08-09T08:14:07.312" intervalms="88.758" />
<gc-start id="1715" type="partial gc" contextid="1714" timestamp="2019-08-09T08:14:07.312">
  <mem-info id="1716" free="18874368" total="109051904" percent="17">
    <mem type="eden" free="2096768" total="35651584" percent="5" />
    <remembered-set count="81056" freebytes="4035456" totalbytes="4359680" percent="92" regionsoverflowed="0" regionsstable="4" regionsrebuilding="0"/>
  </mem-info>
</gc-start>
<allocation-stats totalBytes="33547992" >
  <allocated-bytes non-tlh="0" tlh="33547992" arrayletleaf="0"/>
  <largest-consumer threadName="main" threadId="000000000212BF00" bytes="33547992" />
</allocation-stats>
<gc-op id="1717" type="copy forward" timems="12.191" contextid="1714" timestamp="2019-08-09T08:14:07.326">
  <memory-copied type="eden" objects="8" bytes="360" bytesdiscarded="0" />
  <memory-copied type="other" objects="0" bytes="0" bytesdiscarded="0" />
  <memory-cardclean objects="20" bytes="976" />
  <regions eden="16" other="1" />
  <remembered-set-cleared processed="77174" cleared="10" durationms="0.476" />
  <stringconstants candidates="13730" cleared="0"  />
</gc-op>
<gc-op id="1718" type="classunload" timems="0.008" contextid="1714" timestamp="2019-08-09T08:14:07.326">
  <classunload-info classloadercandidates="53" classloadersunloaded="0" classesunloaded="0" anonymousclassesunloaded="0" quiescems="0.000" setupms="0.008" scanms="0.000" postms="0.000" />
</gc-op>
<heap-resize id="1719" type="expand" space="default" amount="18874368" count="1" timems="0.078" reason="excessive time being spent in gc" timestamp="2019-08-09T08:14:07.326" />
<gc-end id="1720" type="partial gc" contextid="1714" durationms="14.017" usertimems="30.051" systemtimems="0.000" timestamp="2019-08-09T08:14:07.326" activeThreads="16">
  <mem-info id="1721" free="71303168" total="127926272" percent="55">
    <mem type="eden" free="2096792" total="2097152" percent="99" />
    <remembered-set count="81024" freebytes="4790144" totalbytes="5114240" percent="93" regionsoverflowed="0" regionsstable="4" regionsrebuilding="0"/>
  </mem-info>
</gc-end>
<cycle-end id="1722" type="partial gc" contextid="1714" timestamp="2019-08-09T08:14:07.326" />
  <attribute name="elasticGC enabled" value="1" />
  <attribute name= "numThreadsSpecified" value="16" />
  <attribute name="heapSize specified" value="0" />
  <attribute name="Current GC Util" value="189" />
  <attribute name= "Current Time Running" value="82401" />
  <attribute name ="GC Interval" value="0" />
  <attribute name="Target GC Util Change" value ="80.000000" />
  <attribute name="Current GC Util Change" value="189.000000"/>
  <attribute name="Current Error" value="-109.000000" />
  <attribute name="Output H" value="109089688"/>
  <attribute name="Output I" value="1944"/>
  <attribute name="Output T" value="16"/>
  <attribute name= "Current Time Running" value="82401" />
  <attribute name="GC Util currently" value="189" />
  <attribute name="CPU Util currently" value="912926010113" />
<exclusive-end id="1723" timestamp="2019-08-09T08:14:07.327" durationms="14.583" />

<exclusive-start id="1724" timestamp="2019-08-09T08:14:07.389" intervalms="77.530">
  <response-info timems="0.018" idlems="0.018" threads="0" lastid="000000000212BF00" lastname="main" />
</exclusive-start>
<allocation-taxation id="1725" taxation-threshold="39845888" timestamp="2019-08-09T08:14:07.390" intervalms="77.524" />
<cycle-start id="1726" type="partial gc" contextid="0" timestamp="2019-08-09T08:14:07.390" intervalms="77.441" />
<gc-start id="1727" type="partial gc" contextid="1726" timestamp="2019-08-09T08:14:07.390">
  <mem-info id="1728" free="31457280" total="127926272" percent="24">
    <mem type="eden" free="2096792" total="41943040" percent="4" />
    <remembered-set count="81024" freebytes="4790144" totalbytes="5114240" percent="93" regionsoverflowed="0" regionsstable="4" regionsrebuilding="0"/>
  </mem-info>
</gc-start>
<allocation-stats totalBytes="39798448" >
  <allocated-bytes non-tlh="0" tlh="39798448" arrayletleaf="0"/>
  <largest-consumer threadName="main" threadId="000000000212BF00" bytes="39798448" />
</allocation-stats>
<gc-op id="1729" type="copy forward" timems="10.426" contextid="1726" timestamp="2019-08-09T08:14:07.401">
  <memory-copied type="eden" objects="27" bytes="1368" bytesdiscarded="696" />
  <memory-copied type="other" objects="0" bytes="0" bytesdiscarded="0" />
  <memory-cardclean objects="62" bytes="2528" />
  <regions eden="19" other="1" />
  <remembered-set-cleared processed="77174" cleared="22" durationms="0.543" />
  <stringconstants candidates="13730" cleared="0"  />
</gc-op>
<gc-op id="1730" type="classunload" timems="0.007" contextid="1726" timestamp="2019-08-09T08:14:07.401">
  <classunload-info classloadercandidates="53" classloadersunloaded="0" classesunloaded="0" anonymousclassesunloaded="0" quiescems="0.000" setupms="0.007" scanms="0.000" postms="0.000" />
</gc-op>
<heap-resize id="1731" type="expand" space="default" amount="14680064" count="1" timems="0.071" reason="excessive time being spent in gc" timestamp="2019-08-09T08:14:07.402" />
<gc-end id="1732" type="partial gc" contextid="1726" durationms="11.739" usertimems="28.363" systemtimems="0.000" timestamp="2019-08-09T08:14:07.402" activeThreads="16">
  <mem-info id="1733" free="85983232" total="142606336" percent="60">
    <mem type="eden" free="2095088" total="2097152" percent="99" />
    <remembered-set count="81376" freebytes="5375616" totalbytes="5701120" percent="94" regionsoverflowed="0" regionsstable="4" regionsrebuilding="0"/>
  </mem-info>
</gc-end>
<cycle-end id="1734" type="partial gc" contextid="1726" timestamp="2019-08-09T08:14:07.402" />
  <attribute name="elasticGC enabled" value="1" />
  <attribute name= "numThreadsSpecified" value="16" />
  <attribute name="heapSize specified" value="0" />
  <attribute name="Current GC Util" value="153" />
  <attribute name= "Current Time Running" value="82478" />
  <attribute name ="GC Interval" value="0" />
  <attribute name="Target GC Util Change" value ="80.000000" />
  <attribute name="Current GC Util Change" value="153.000000"/>
  <attribute name="Current Error" value="-138.000000" />
  <attribute name="Output H" value="127964040"/>
  <attribute name="Output I" value="1928"/>
  <attribute name="Output T" value="16"/>
  <attribute name= "Current Time Running" value="82478" />
  <attribute name="GC Util currently" value="153" />
  <attribute name="CPU Util currently" value="1438521150729" />
<exclusive-end id="1735" timestamp="2019-08-09T08:14:07.402" durationms="12.342" />

<exclusive-start id="1736" timestamp="2019-08-09T08:14:07.432" intervalms="42.920">
  <response-info timems="0.036" idlems="0.036" threads="0" lastid="000000000212BF00" lastname="main" />
</exclusive-start>
<allocation-taxation id="1737" taxation-threshold="41943040" timestamp="2019-08-09T08:14:07.432" intervalms="42.928" />
<cycle-start id="1738" type="partial gc" contextid="0" timestamp="2019-08-09T08:14:07.433" intervalms="42.954" />
<gc-start id="1739" type="partial gc" contextid="1738" timestamp="2019-08-09T08:14:07.433">
  <mem-info id="1740" free="44040192" total="142606336" percent="30">
    <mem type="eden" free="0" total="41943040" percent="0" />
    <remembered-set count="18720" freebytes="5626240" totalbytes="5701120" percent="98" regionsoverflowed="0" regionsstable="5" regionsrebuilding="0"/>
  </mem-info>
</gc-start>
<allocation-stats totalBytes="41885896" >
  <allocated-bytes non-tlh="0" tlh="41885896" arrayletleaf="0"/>
  <largest-consumer threadName="main" threadId="000000000212BF00" bytes="41885896" />
</allocation-stats>
<gc-op id="1741" type="copy forward" timems="12.199" contextid="1738" timestamp="2019-08-09T08:14:07.446">
  <memory-copied type="eden" objects="4" bytes="112" bytesdiscarded="680" />
  <memory-copied type="other" objects="23" bytes="1256" bytesdiscarded="1184" />
  <memory-cardclean objects="53" bytes="2384" />
  <regions eden="20" other="1" />
  <remembered-set-cleared processed="15267" cleared="21" durationms="0.214" />
  <stringconstants candidates="13730" cleared="0"  />
</gc-op>
<gc-op id="1742" type="classunload" timems="0.010" contextid="1738" timestamp="2019-08-09T08:14:07.446">
  <classunload-info classloadercandidates="53" classloadersunloaded="0" classesunloaded="0" anonymousclassesunloaded="0" quiescems="0.000" setupms="0.010" scanms="0.000" postms="0.000" />
</gc-op>
<heap-resize id="1743" type="expand" space="default" amount="4194304" count="1" timems="0.065" reason="excessive time being spent in gc" timestamp="2019-08-09T08:14:07.446" />
<gc-end id="1744" type="partial gc" contextid="1738" durationms="13.425" usertimems="34.943" systemtimems="0.000" timestamp="2019-08-09T08:14:07.446" activeThreads="16">
  <mem-info id="1745" free="88080384" total="146800640" percent="60">
    <mem type="eden" free="2096360" total="2097152" percent="99" />
    <remembered-set count="19712" freebytes="5789952" totalbytes="5868800" percent="98" regionsoverflowed="0" regionsstable="5" regionsrebuilding="0"/>
  </mem-info>
</gc-end>
<cycle-end id="1746" type="partial gc" contextid="1738" timestamp="2019-08-09T08:14:07.446" />
  <attribute name="elasticGC enabled" value="1" />
  <attribute name= "numThreadsSpecified" value="16" />
  <attribute name="heapSize specified" value="0" />
  <attribute name="Current GC Util" value="154" />
  <attribute name= "Current Time Running" value="82521" />
  <attribute name ="GC Interval" value="0" />
  <attribute name="Target GC Util Change" value ="80.000000" />
  <attribute name="Current GC Util Change" value="154.000000"/>
  <attribute name="Current Error" value="-196.000000" />
  <attribute name="Output H" value="142644064"/>
  <attribute name="Output I" value="1888"/>
  <attribute name="Output T" value="16"/>
  <attribute name= "Current Time Running" value="82521" />
  <attribute name="GC Util currently" value="154" />
  <attribute name="CPU Util currently" value="1821642966605" />
<exclusive-end id="1747" timestamp="2019-08-09T08:14:07.447" durationms="14.413" />

<exclusive-start id="1748" timestamp="2019-08-09T08:14:07.482" intervalms="49.335">
  <response-info timems="0.036" idlems="0.036" threads="0" lastid="000000000212BF00" lastname="main" />
</exclusive-start>
<allocation-taxation id="1749" taxation-threshold="44040192" timestamp="2019-08-09T08:14:07.482" intervalms="49.326" />
<cycle-start id="1750" type="partial gc" contextid="0" timestamp="2019-08-09T08:14:07.482" intervalms="49.337" />
<gc-start id="1751" type="partial gc" contextid="1750" timestamp="2019-08-09T08:14:07.482">
  <mem-info id="1752" free="44040192" total="146800640" percent="30">
    <mem type="eden" free="2096360" total="46137344" percent="4" />
    <remembered-set count="4736" freebytes="5849856" totalbytes="5868800" percent="99" regionsoverflowed="0" regionsstable="7" regionsrebuilding="0"/>
  </mem-info>
</gc-start>
<allocation-stats totalBytes="43979424" >
  <allocated-bytes non-tlh="0" tlh="43979424" arrayletleaf="0"/>
  <largest-consumer threadName="main" threadId="000000000212BF00" bytes="43979424" />
</allocation-stats>
<gc-op id="1753" type="copy forward" timems="1.317" contextid="1750" timestamp="2019-08-09T08:14:07.484">
  <memory-copied type="eden" objects="4" bytes="112" bytesdiscarded="0" />
  <memory-copied type="other" objects="0" bytes="0" bytesdiscarded="0" />
  <memory-cardclean objects="1" bytes="24" />
  <regions eden="21" other="1" />
  <remembered-set-cleared processed="1299" cleared="1" durationms="0.200" />
  <stringconstants candidates="13730" cleared="0"  />
</gc-op>
<gc-op id="1754" type="classunload" timems="0.004" contextid="1750" timestamp="2019-08-09T08:14:07.484">
  <classunload-info classloadercandidates="53" classloadersunloaded="0" classesunloaded="0" anonymousclassesunloaded="0" quiescems="0.000" setupms="0.003" scanms="0.000" postms="0.000" />
</gc-op>
<gc-end id="1755" type="partial gc" contextid="1750" durationms="2.491" usertimems="5.681" systemtimems="0.000" timestamp="2019-08-09T08:14:07.485" activeThreads="1">
  <mem-info id="1756" free="88080384" total="146800640" percent="60">
    <mem type="eden" free="2097040" total="2097152" percent="99" />
    <remembered-set count="5216" freebytes="5847936" totalbytes="5868800" percent="99" regionsoverflowed="0" regionsstable="7" regionsrebuilding="0"/>
  </mem-info>
</gc-end>
<cycle-end id="1757" type="partial gc" contextid="1750" timestamp="2019-08-09T08:14:07.485" />
  <attribute name="elasticGC enabled" value="1" />
  <attribute name= "numThreadsSpecified" value="1" />
  <attribute name="heapSize specified" value="0" />
  <attribute name="Current GC Util" value="97" />
  <attribute name= "Current Time Running" value="82570" />
  <attribute name ="GC Interval" value="0" />
  <attribute name="Target GC Util Change" value ="80.000000" />
  <attribute name="Current GC Util Change" value="97.000000"/>
  <attribute name="Current Error" value="-17.000000" />
  <attribute name="Output H" value="146838472"/>
  <attribute name="Output I" value="1992"/>
  <attribute name="Output T" value="1"/>
  <attribute name= "Current Time Running" value="82570" />
  <attribute name="GC Util currently" value="97" />
  <attribute name="CPU Util currently" value="1495434239384" />
<exclusive-end id="1758" timestamp="2019-08-09T08:14:07.485" durationms="3.120" />

<exclusive-start id="1759" timestamp="2019-08-09T08:14:07.516" intervalms="34.150">
  <response-info timems="0.041" idlems="0.041" threads="0" lastid="000000000212BF00" lastname="main" />
</exclusive-start>
<allocation-taxation id="1760" taxation-threshold="44040192" timestamp="2019-08-09T08:14:07.516" intervalms="34.142" />
<cycle-start id="1761" type="partial gc" contextid="0" timestamp="2019-08-09T08:14:07.516" intervalms="34.143" />
<gc-start id="1762" type="partial gc" contextid="1761" timestamp="2019-08-09T08:14:07.516">
  <mem-info id="1763" free="44040192" total="146800640" percent="30">
    <mem type="eden" free="2097040" total="46137344" percent="4" />
    <remembered-set count="4736" freebytes="5849856" totalbytes="5868800" percent="99" regionsoverflowed="0" regionsstable="7" regionsrebuilding="0"/>
  </mem-info>
</gc-start>
<allocation-stats totalBytes="43979448" >
  <allocated-bytes non-tlh="0" tlh="43979448" arrayletleaf="0"/>
  <largest-consumer threadName="main" threadId="000000000212BF00" bytes="43979448" />
</allocation-stats>
<gc-op id="1764" type="copy forward" timems="8.098" contextid="1761" timestamp="2019-08-09T08:14:07.525">
  <memory-copied type="eden" objects="4" bytes="112" bytesdiscarded="0" />
  <memory-copied type="other" objects="0" bytes="0" bytesdiscarded="0" />
  <memory-cardclean objects="1" bytes="24" />
  <regions eden="21" other="1" />
  <remembered-set-cleared processed="1299" cleared="1" durationms="0.094" />
  <stringconstants candidates="13730" cleared="0"  />
</gc-op>
<gc-op id="1765" type="classunload" timems="0.010" contextid="1761" timestamp="2019-08-09T08:14:07.525">
  <classunload-info classloadercandidates="53" classloadersunloaded="0" classesunloaded="0" anonymousclassesunloaded="0" quiescems="0.000" setupms="0.009" scanms="0.000" postms="0.000" />
</gc-op>
<gc-end id="1766" type="partial gc" contextid="1761" durationms="9.379" usertimems="26.523" systemtimems="0.000" timestamp="2019-08-09T08:14:07.526" activeThreads="16">
  <mem-info id="1767" free="88080384" total="146800640" percent="60">
    <mem type="eden" free="2097040" total="2097152" percent="99" />
    <remembered-set count="3776" freebytes="5853696" totalbytes="5868800" percent="99" regionsoverflowed="0" regionsstable="7" regionsrebuilding="0"/>
  </mem-info>
</gc-end>
<cycle-end id="1768" type="partial gc" contextid="1761" timestamp="2019-08-09T08:14:07.526" />
  <attribute name="elasticGC enabled" value="1" />
  <attribute name= "numThreadsSpecified" value="16" />
  <attribute name="heapSize specified" value="0" />
  <attribute name="Current GC Util" value="166" />
  <attribute name= "Current Time Running" value="82604" />
  <attribute name ="GC Interval" value="0" />
  <attribute name="Target GC Util Change" value ="80.000000" />
  <attribute name="Current GC Util Change" value="166.000000"/>
  <attribute name="Current Error" value="-30.000000" />
  <attribute name="Output H" value="146838464"/>
  <attribute name="Output I" value="1984"/>
  <attribute name="Output T" value="16"/>
  <attribute name= "Current Time Running" value="82604" />
  <attribute name="GC Util currently" value="166" />
  <attribute name="CPU Util currently" value="1454658348602" />
<exclusive-end id="1769" timestamp="2019-08-09T08:14:07.526" durationms="10.103" />

* Round 1 done in 14.682 seconds.
<exclusive-start id="1770" timestamp="2019-08-09T08:14:07.566" intervalms="50.529">
  <response-info timems="0.041" idlems="0.041" threads="0" lastid="000000000212BF00" lastname="main" />
</exclusive-start>
<allocation-taxation id="1771" taxation-threshold="44040192" timestamp="2019-08-09T08:14:07.566" intervalms="50.529" />
<cycle-start id="1772" type="partial gc" contextid="0" timestamp="2019-08-09T08:14:07.567" intervalms="50.507" />
<gc-start id="1773" type="partial gc" contextid="1772" timestamp="2019-08-09T08:14:07.567">
  <mem-info id="1774" free="44040192" total="146800640" percent="30">
    <mem type="eden" free="2097040" total="46137344" percent="4" />
    <remembered-set count="3776" freebytes="5853696" totalbytes="5868800" percent="99" regionsoverflowed="0" regionsstable="7" regionsrebuilding="0"/>
  </mem-info>
</gc-start>
<allocation-stats totalBytes="44010424" >
  <allocated-bytes non-tlh="2800" tlh="44007624" arrayletleaf="0"/>
  <largest-consumer threadName="main" threadId="000000000212BF00" bytes="44010424" />
</allocation-stats>
<gc-op id="1775" type="copy forward" timems="12.310" contextid="1772" timestamp="2019-08-09T08:14:07.580">
  <memory-copied type="eden" objects="610" bytes="20904" bytesdiscarded="4624" />
  <memory-copied type="other" objects="0" bytes="0" bytesdiscarded="0" />
  <memory-cardclean objects="379" bytes="16240" />
  <regions eden="21" other="1" />
  <remembered-set-cleared processed="1299" cleared="34" durationms="0.098" />
  <references type="soft" candidates="8" cleared="0" enqueued="0" dynamicThreshold="19" maxThreshold="32" />
  <references type="weak" candidates="14" cleared="0" enqueued="0" />
  <stringconstants candidates="13755" cleared="0"  />
</gc-op>
<gc-op id="1776" type="classunload" timems="0.009" contextid="1772" timestamp="2019-08-09T08:14:07.580">
  <classunload-info classloadercandidates="53" classloadersunloaded="0" classesunloaded="0" anonymousclassesunloaded="0" quiescems="0.000" setupms="0.008" scanms="0.000" postms="0.000" />
</gc-op>
<gc-end id="1777" type="partial gc" contextid="1772" durationms="13.290" usertimems="29.390" systemtimems="0.000" timestamp="2019-08-09T08:14:07.580" activeThreads="16">
  <mem-info id="1778" free="88080384" total="146800640" percent="60">
    <mem type="eden" free="2071608" total="2097152" percent="98" />
    <remembered-set count="6272" freebytes="5843712" totalbytes="5868800" percent="99" regionsoverflowed="0" regionsstable="7" regionsrebuilding="0"/>
  </mem-info>
</gc-end>
<cycle-end id="1779" type="partial gc" contextid="1772" timestamp="2019-08-09T08:14:07.580" />
  <attribute name="elasticGC enabled" value="1" />
  <attribute name= "numThreadsSpecified" value="16" />
  <attribute name="heapSize specified" value="0" />
  <attribute name="Current GC Util" value="136" />
  <attribute name= "Current Time Running" value="82655" />
  <attribute name ="GC Interval" value="0" />
  <attribute name="Target GC Util Change" value ="80.000000" />
  <attribute name="Current GC Util Change" value="136.000000"/>
  <attribute name="Current Error" value="-40.000000" />
  <attribute name="Output H" value="146838464"/>
  <attribute name="Output I" value="1984"/>
  <attribute name="Output T" value="16"/>
  <attribute name= "Current Time Running" value="82655" />
  <attribute name="GC Util currently" value="136" />
  <attribute name="CPU Util currently" value="2098109164604" />
<exclusive-end id="1780" timestamp="2019-08-09T08:14:07.580" durationms="13.765" />

<exclusive-start id="1781" timestamp="2019-08-09T08:14:07.826" intervalms="260.038">
  <response-info timems="0.016" idlems="0.016" threads="0" lastid="000000000212BF00" lastname="main" />
</exclusive-start>
<allocation-taxation id="1782" taxation-threshold="44040192" timestamp="2019-08-09T08:14:07.827" intervalms="260.040" />
<cycle-start id="1783" type="partial gc" contextid="0" timestamp="2019-08-09T08:14:07.827" intervalms="260.081" />
<gc-start id="1784" type="partial gc" contextid="1783" timestamp="2019-08-09T08:14:07.827">
  <mem-info id="1785" free="44040192" total="146800640" percent="30">
    <mem type="eden" free="0" total="44040192" percent="0" />
    <remembered-set count="5792" freebytes="5845632" totalbytes="5868800" percent="99" regionsoverflowed="0" regionsstable="7" regionsrebuilding="0"/>
  </mem-info>
</gc-start>
<allocation-stats totalBytes="44001416" >
  <allocated-bytes non-tlh="0" tlh="44001416" arrayletleaf="0"/>
  <largest-consumer threadName="main" threadId="000000000212BF00" bytes="44001416" />
</allocation-stats>
<gc-op id="1786" type="copy forward" timems="10.528" contextid="1783" timestamp="2019-08-09T08:14:07.838">
  <memory-copied type="eden" objects="68" bytes="2840" bytesdiscarded="544" />
  <memory-copied type="other" objects="594" bytes="20336" bytesdiscarded="4672" />
  <memory-cardclean objects="203" bytes="10840" />
  <regions eden="21" other="1" />
  <remembered-set-cleared processed="1317" cleared="49" durationms="0.099" />
  <references type="soft" candidates="8" cleared="0" enqueued="0" dynamicThreshold="19" maxThreshold="32" />
  <references type="weak" candidates="14" cleared="0" enqueued="0" />
  <stringconstants candidates="13755" cleared="0"  />
</gc-op>
<gc-op id="1787" type="classunload" timems="0.008" contextid="1783" timestamp="2019-08-09T08:14:07.838">
  <classunload-info classloadercandidates="53" classloadersunloaded="0" classesunloaded="0" anonymousclassesunloaded="0" quiescems="0.000" setupms="0.007" scanms="0.000" postms="0.000" />
</gc-op>
<gc-end id="1788" type="partial gc" contextid="1783" durationms="11.467" usertimems="28.342" systemtimems="0.000" timestamp="2019-08-09T08:14:07.838" activeThreads="16">
  <mem-info id="1789" free="85983232" total="146800640" percent="58">
    <mem type="eden" free="2093768" total="2097152" percent="99" />
    <remembered-set count="6272" freebytes="5843712" totalbytes="5868800" percent="99" regionsoverflowed="0" regionsstable="7" regionsrebuilding="0"/>
  </mem-info>
</gc-end>
<cycle-end id="1790" type="partial gc" contextid="1783" timestamp="2019-08-09T08:14:07.838" />
  <attribute name="elasticGC enabled" value="1" />
  <attribute name= "numThreadsSpecified" value="16" />
  <attribute name="heapSize specified" value="0" />
  <attribute name="Current GC Util" value="137" />
  <attribute name= "Current Time Running" value="82915" />
  <attribute name ="GC Interval" value="0" />
  <attribute name="Target GC Util Change" value ="80.000000" />
  <attribute name="Current GC Util Change" value="137.000000"/>
  <attribute name="Current Error" value="-57.000000" />
  <attribute name="Output H" value="146838448"/>
  <attribute name="Output I" value="1968"/>
  <attribute name="Output T" value="16"/>
  <attribute name= "Current Time Running" value="82915" />
  <attribute name="GC Util currently" value="137" />
  <attribute name="CPU Util currently" value="2286476496696" />
<exclusive-end id="1791" timestamp="2019-08-09T08:14:07.839" durationms="12.137" />

<exclusive-start id="1792" timestamp="2019-08-09T08:14:07.866" intervalms="39.032">
  <response-info timems="0.019" idlems="0.019" threads="0" lastid="000000000212BF00" lastname="main" />
</exclusive-start>
<allocation-taxation id="1793" taxation-threshold="44040192" timestamp="2019-08-09T08:14:07.866" intervalms="39.068" />
<cycle-start id="1794" type="partial gc" contextid="0" timestamp="2019-08-09T08:14:07.866" intervalms="39.114" />
<gc-start id="1795" type="partial gc" contextid="1794" timestamp="2019-08-09T08:14:07.866">
  <mem-info id="1796" free="41943040" total="146800640" percent="28">
    <mem type="eden" free="0" total="44040192" percent="0" />
    <remembered-set count="5824" freebytes="5845504" totalbytes="5868800" percent="99" regionsoverflowed="0" regionsstable="7" regionsrebuilding="0"/>
  </mem-info>
</gc-start>
<allocation-stats totalBytes="43875216" >
  <allocated-bytes non-tlh="0" tlh="43875216" arrayletleaf="0"/>
  <largest-consumer threadName="main" threadId="000000000212BF00" bytes="43875216" />
</allocation-stats>
<gc-op id="1797" type="copy forward" timems="8.318" contextid="1794" timestamp="2019-08-09T08:14:07.877">
  <memory-copied type="eden" objects="1" bytes="32" bytesdiscarded="0" />
  <memory-copied type="other" objects="67" bytes="2808" bytesdiscarded="1232" />
  <memory-cardclean objects="58" bytes="2080" />
  <regions eden="21" other="1" />
  <remembered-set-cleared processed="1343" cleared="4" durationms="0.163" />
  <stringconstants candidates="13755" cleared="0"  />
</gc-op>
<gc-op id="1798" type="classunload" timems="0.011" contextid="1794" timestamp="2019-08-09T08:14:07.877">
  <classunload-info classloadercandidates="53" classloadersunloaded="0" classesunloaded="0" anonymousclassesunloaded="0" quiescems="0.000" setupms="0.011" scanms="0.000" postms="0.000" />
</gc-op>
<gc-end id="1799" type="partial gc" contextid="1794" durationms="11.281" usertimems="29.450" systemtimems="0.000" timestamp="2019-08-09T08:14:07.877" activeThreads="16">
  <mem-info id="1800" free="83886080" total="146800640" percent="57">
    <mem type="eden" free="2097120" total="2097152" percent="99" />
    <remembered-set count="5088" freebytes="5848448" totalbytes="5868800" percent="99" regionsoverflowed="0" regionsstable="7" regionsrebuilding="0"/>
  </mem-info>
</gc-end>
<cycle-end id="1801" type="partial gc" contextid="1794" timestamp="2019-08-09T08:14:07.877" />
  <attribute name="elasticGC enabled" value="1" />
  <attribute name= "numThreadsSpecified" value="16" />
  <attribute name="heapSize specified" value="0" />
  <attribute name="Current GC Util" value="354" />
  <attribute name= "Current Time Running" value="82956" />
  <attribute name ="GC Interval" value="0" />
  <attribute name="Target GC Util Change" value ="80.000000" />
  <attribute name="Current GC Util Change" value="354.000000"/>
  <attribute name="Current Error" value="-323.000000" />
  <attribute name="Output H" value="146838296"/>
  <attribute name="Output I" value="1816"/>
  <attribute name="Output T" value="16"/>
  <attribute name= "Current Time Running" value="82956" />
  <attribute name="GC Util currently" value="354" />
  <attribute name="CPU Util currently" value="452473497721" />
<exclusive-end id="1802" timestamp="2019-08-09T08:14:07.877" durationms="11.971" />

<exclusive-start id="1803" timestamp="2019-08-09T08:14:07.897" intervalms="31.642">
  <response-info timems="0.020" idlems="0.020" threads="0" lastid="000000000212BF00" lastname="main" />
</exclusive-start>
<allocation-taxation id="1804" taxation-threshold="44040192" timestamp="2019-08-09T08:14:07.897" intervalms="31.638" />
<cycle-start id="1805" type="partial gc" contextid="0" timestamp="2019-08-09T08:14:07.897" intervalms="31.564" />
<gc-start id="1806" type="partial gc" contextid="1805" timestamp="2019-08-09T08:14:07.898">
  <mem-info id="1807" free="39845888" total="146800640" percent="27">
    <mem type="eden" free="2097120" total="46137344" percent="4" />
    <remembered-set count="4608" freebytes="5850368" totalbytes="5868800" percent="99" regionsoverflowed="0" regionsstable="7" regionsrebuilding="0"/>
  </mem-info>
</gc-start>
<allocation-stats totalBytes="43891416" >
  <allocated-bytes non-tlh="0" tlh="43891416" arrayletleaf="0"/>
  <largest-consumer threadName="main" threadId="000000000212BF00" bytes="43891416" />
</allocation-stats>
<gc-op id="1808" type="copy forward" timems="12.722" contextid="1805" timestamp="2019-08-09T08:14:07.911">
  <memory-copied type="eden" objects="2" bytes="56" bytesdiscarded="0" />
  <memory-copied type="other" objects="28" bytes="768" bytesdiscarded="672" />
  <memory-cardclean objects="35" bytes="9784" />
  <regions eden="21" other="2" />
  <remembered-set-cleared processed="1347" cleared="25" durationms="0.347" />
  <references type="weak" candidates="14" cleared="0" enqueued="0" />
  <stringconstants candidates="13755" cleared="0"  />
</gc-op>
<gc-op id="1809" type="classunload" timems="0.010" contextid="1805" timestamp="2019-08-09T08:14:07.911">
  <classunload-info classloadercandidates="53" classloadersunloaded="0" classesunloaded="0" anonymousclassesunloaded="0" quiescems="0.000" setupms="0.010" scanms="0.000" postms="0.000" />
</gc-op>
<gc-end id="1810" type="partial gc" contextid="1805" durationms="13.981" usertimems="28.365" systemtimems="0.000" timestamp="2019-08-09T08:14:07.912" activeThreads="16">
  <mem-info id="1811" free="85983232" total="146800640" percent="58">
    <mem type="eden" free="2097096" total="2097152" percent="99" />
    <remembered-set count="4832" freebytes="5849472" totalbytes="5868800" percent="99" regionsoverflowed="0" regionsstable="7" regionsrebuilding="0"/>
  </mem-info>
</gc-end>
<cycle-end id="1812" type="partial gc" contextid="1805" timestamp="2019-08-09T08:14:07.912" />
  <attribute name="elasticGC enabled" value="1" />
  <attribute name= "numThreadsSpecified" value="16" />
  <attribute name="heapSize specified" value="0" />
  <attribute name="Current GC Util" value="315" />
  <attribute name= "Current Time Running" value="82986" />
  <attribute name ="GC Interval" value="0" />
  <attribute name="Target GC Util Change" value ="80.000000" />
  <attribute name="Current GC Util Change" value="315.000000"/>
  <attribute name="Current Error" value="-548.000000" />
  <attribute name="Output H" value="146838168"/>
  <attribute name="Output I" value="1688"/>
  <attribute name="Output T" value="16"/>
  <attribute name= "Current Time Running" value="82986" />
  <attribute name="GC Util currently" value="315" />
  <attribute name="CPU Util currently" value="1448685006958" />
<exclusive-end id="1813" timestamp="2019-08-09T08:14:07.912" durationms="14.554" />

<exclusive-start id="1814" timestamp="2019-08-09T08:14:07.932" intervalms="34.370">
  <response-info timems="0.020" idlems="0.020" threads="0" lastid="000000000212BF00" lastname="main" />
</exclusive-start>
<allocation-taxation id="1815" taxation-threshold="44040192" timestamp="2019-08-09T08:14:07.932" intervalms="34.375" />
<cycle-start id="1816" type="partial gc" contextid="0" timestamp="2019-08-09T08:14:07.932" intervalms="34.404" />
<gc-start id="1817" type="partial gc" contextid="1816" timestamp="2019-08-09T08:14:07.932">
  <mem-info id="1818" free="41943040" total="146800640" percent="28">
    <mem type="eden" free="2097096" total="46137344" percent="4" />
    <remembered-set count="4352" freebytes="5851392" totalbytes="5868800" percent="99" regionsoverflowed="0" regionsstable="7" regionsrebuilding="0"/>
  </mem-info>
</gc-start>
<allocation-stats totalBytes="43892328" >
  <allocated-bytes non-tlh="0" tlh="43892328" arrayletleaf="0"/>
  <largest-consumer threadName="main" threadId="000000000212BF00" bytes="43892328" />
</allocation-stats>
<gc-op id="1819" type="copy forward" timems="8.133" contextid="1816" timestamp="2019-08-09T08:14:07.941">
  <memory-copied type="eden" objects="2" bytes="56" bytesdiscarded="0" />
  <memory-copied type="other" objects="0" bytes="0" bytesdiscarded="0" />
  <memory-cardclean objects="5" bytes="168" />
  <regions eden="21" other="1" />
  <remembered-set-cleared processed="1343" cleared="1" durationms="0.109" />
  <stringconstants candidates="13755" cleared="0"  />
</gc-op>
<gc-op id="1820" type="classunload" timems="0.006" contextid="1816" timestamp="2019-08-09T08:14:07.941">
  <classunload-info classloadercandidates="53" classloadersunloaded="0" classesunloaded="0" anonymousclassesunloaded="0" quiescems="0.000" setupms="0.006" scanms="0.000" postms="0.000" />
</gc-op>
<heap-resize id="1821" type="expand" space="default" amount="6291456" count="1" timems="0.068" reason="excessive time being spent in gc" timestamp="2019-08-09T08:14:07.941" />
<gc-end id="1822" type="partial gc" contextid="1816" durationms="9.434" usertimems="19.768" systemtimems="0.000" timestamp="2019-08-09T08:14:07.941" activeThreads="16">
  <mem-info id="1823" free="92274688" total="153092096" percent="60">
    <mem type="eden" free="2097096" total="2097152" percent="99" />
    <remembered-set count="4224" freebytes="6103424" totalbytes="6120320" percent="99" regionsoverflowed="0" regionsstable="7" regionsrebuilding="0"/>
  </mem-info>
</gc-end>
<cycle-end id="1824" type="partial gc" contextid="1816" timestamp="2019-08-09T08:14:07.942" />
  <attribute name="elasticGC enabled" value="1" />
  <attribute name= "numThreadsSpecified" value="16" />
  <attribute name="heapSize specified" value="0" />
  <attribute name="Current GC Util" value="106" />
  <attribute name= "Current Time Running" value="83020" />
  <attribute name ="GC Interval" value="0" />
  <attribute name="Target GC Util Change" value ="80.000000" />
  <attribute name="Current GC Util Change" value="106.000000"/>
  <attribute name="Current Error" value="-26.000000" />
  <attribute name="Output H" value="146838472"/>
  <attribute name="Output I" value="1992"/>
  <attribute name="Output T" value="16"/>
  <attribute name= "Current Time Running" value="83020" />
  <attribute name="GC Util currently" value="106" />
  <attribute name="CPU Util currently" value="1478428573149" />
<exclusive-end id="1825" timestamp="2019-08-09T08:14:07.943" durationms="11.095" />

<exclusive-start id="1826" timestamp="2019-08-09T08:14:07.966" intervalms="34.968">
  <response-info timems="0.042" idlems="0.042" threads="0" lastid="000000000212BF00" lastname="main" />
</exclusive-start>
<allocation-taxation id="1827" taxation-threshold="46137344" timestamp="2019-08-09T08:14:07.967" intervalms="34.928" />
<cycle-start id="1828" type="partial gc" contextid="0" timestamp="2019-08-09T08:14:07.967" intervalms="34.860" />
<gc-start id="1829" type="partial gc" contextid="1828" timestamp="2019-08-09T08:14:07.967">
  <mem-info id="1830" free="46137344" total="153092096" percent="30">
    <mem type="eden" free="2097096" total="48234496" percent="4" />
    <remembered-set count="3744" freebytes="6105344" totalbytes="6120320" percent="99" regionsoverflowed="0" regionsstable="7" regionsrebuilding="0"/>
  </mem-info>
</gc-start>
<allocation-stats totalBytes="45982592" >
  <allocated-bytes non-tlh="0" tlh="45982592" arrayletleaf="0"/>
  <largest-consumer threadName="main" threadId="000000000212BF00" bytes="45982592" />
</allocation-stats>
<gc-op id="1831" type="copy forward" timems="8.401" contextid="1828" timestamp="2019-08-09T08:14:07.976">
  <memory-copied type="eden" objects="2" bytes="56" bytesdiscarded="0" />
  <memory-copied type="other" objects="0" bytes="0" bytesdiscarded="0" />
  <memory-cardclean objects="5" bytes="168" />
  <regions eden="22" other="1" />
  <remembered-set-cleared processed="1343" cleared="1" durationms="0.112" />
  <stringconstants candidates="13755" cleared="0"  />
</gc-op>
<gc-op id="1832" type="classunload" timems="0.008" contextid="1828" timestamp="2019-08-09T08:14:07.976">
  <classunload-info classloadercandidates="53" classloadersunloaded="0" classesunloaded="0" anonymousclassesunloaded="0" quiescems="0.000" setupms="0.008" scanms="0.000" postms="0.000" />
</gc-op>
<gc-end id="1833" type="partial gc" contextid="1828" durationms="9.325" usertimems="22.358" systemtimems="0.000" timestamp="2019-08-09T08:14:07.976" activeThreads="16">
  <mem-info id="1834" free="92274688" total="153092096" percent="60">
    <mem type="eden" free="2097096" total="2097152" percent="99" />
    <remembered-set count="4224" freebytes="6103424" totalbytes="6120320" percent="99" regionsoverflowed="0" regionsstable="7" regionsrebuilding="0"/>
  </mem-info>
</gc-end>
<cycle-end id="1835" type="partial gc" contextid="1828" timestamp="2019-08-09T08:14:07.976" />
  <attribute name="elasticGC enabled" value="1" />
  <attribute name= "numThreadsSpecified" value="16" />
  <attribute name="heapSize specified" value="0" />
  <attribute name="Current GC Util" value="157" />
  <attribute name= "Current Time Running" value="83055" />
  <attribute name ="GC Interval" value="0" />
  <attribute name="Target GC Util Change" value ="80.000000" />
  <attribute name="Current GC Util Change" value="157.000000"/>
  <attribute name="Current Error" value="-79.000000" />
  <attribute name="Output H" value="153129896"/>
  <attribute name="Output I" value="1960"/>
  <attribute name="Output T" value="16"/>
  <attribute name= "Current Time Running" value="83055" />
  <attribute name="GC Util currently" value="157" />
  <attribute name="CPU Util currently" value="2293896339156" />
<exclusive-end id="1836" timestamp="2019-08-09T08:14:07.976" durationms="9.986" />

<exclusive-start id="1837" timestamp="2019-08-09T08:14:07.992" intervalms="25.097">
  <response-info timems="0.016" idlems="0.016" threads="0" lastid="000000000212BF00" lastname="main" />
</exclusive-start>
<allocation-taxation id="1838" taxation-threshold="46137344" timestamp="2019-08-09T08:14:07.992" intervalms="25.098" />
<cycle-start id="1839" type="partial gc" contextid="0" timestamp="2019-08-09T08:14:07.992" intervalms="25.134" />
<gc-start id="1840" type="partial gc" contextid="1839" timestamp="2019-08-09T08:14:07.992">
  <mem-info id="1841" free="46137344" total="153092096" percent="30">
    <mem type="eden" free="2097096" total="48234496" percent="4" />
    <remembered-set count="3744" freebytes="6105344" totalbytes="6120320" percent="99" regionsoverflowed="0" regionsstable="7" regionsrebuilding="0"/>
  </mem-info>
</gc-start>
<allocation-stats totalBytes="45982592" >
  <allocated-bytes non-tlh="0" tlh="45982592" arrayletleaf="0"/>
  <largest-consumer threadName="main" threadId="000000000212BF00" bytes="45982592" />
</allocation-stats>
<gc-op id="1842" type="copy forward" timems="13.153" contextid="1839" timestamp="2019-08-09T08:14:08.006">
  <memory-copied type="eden" objects="2" bytes="56" bytesdiscarded="0" />
  <memory-copied type="other" objects="0" bytes="0" bytesdiscarded="0" />
  <memory-cardclean objects="5" bytes="168" />
  <regions eden="22" other="1" />
  <remembered-set-cleared processed="1343" cleared="1" durationms="0.115" />
  <stringconstants candidates="13755" cleared="0"  />
</gc-op>
<gc-op id="1843" type="classunload" timems="0.011" contextid="1839" timestamp="2019-08-09T08:14:08.006">
  <classunload-info classloadercandidates="53" classloadersunloaded="0" classesunloaded="0" anonymousclassesunloaded="0" quiescems="0.000" setupms="0.011" scanms="0.000" postms="0.000" />
</gc-op>
<gc-end id="1844" type="partial gc" contextid="1839" durationms="14.183" usertimems="34.940" systemtimems="0.000" timestamp="2019-08-09T08:14:08.006" activeThreads="16">
  <mem-info id="1845" free="92274688" total="153092096" percent="60">
    <mem type="eden" free="2097096" total="2097152" percent="99" />
    <remembered-set count="4224" freebytes="6103424" totalbytes="6120320" percent="99" regionsoverflowed="0" regionsstable="7" regionsrebuilding="0"/>
  </mem-info>
</gc-end>
<cycle-end id="1846" type="partial gc" contextid="1839" timestamp="2019-08-09T08:14:08.006" />
  <attribute name="elasticGC enabled" value="1" />
  <attribute name= "numThreadsSpecified" value="16" />
  <attribute name="heapSize specified" value="0" />
  <attribute name="Current GC Util" value="142" />
  <attribute name= "Current Time Running" value="83080" />
  <attribute name ="GC Interval" value="0" />
  <attribute name="Target GC Util Change" value ="80.000000" />
  <attribute name="Current GC Util Change" value="142.000000"/>
  <attribute name="Current Error" value="-146.000000" />
  <attribute name="Output H" value="153129856"/>
  <attribute name="Output I" value="1920"/>
  <attribute name="Output T" value="16"/>
  <attribute name= "Current Time Running" value="83080" />
  <attribute name="GC Util currently" value="142" />
  <attribute name="CPU Util currently" value="1854286984541" />
<exclusive-end id="1847" timestamp="2019-08-09T08:14:08.006" durationms="14.785" />

<exclusive-start id="1848" timestamp="2019-08-09T08:14:08.021" intervalms="29.890">
  <response-info timems="0.018" idlems="0.018" threads="0" lastid="000000000212BF00" lastname="main" />
</exclusive-start>
<allocation-taxation id="1849" taxation-threshold="46137344" timestamp="2019-08-09T08:14:08.022" intervalms="29.912" />
<cycle-start id="1850" type="partial gc" contextid="0" timestamp="2019-08-09T08:14:08.022" intervalms="29.952" />
<gc-start id="1851" type="partial gc" contextid="1850" timestamp="2019-08-09T08:14:08.022">
  <mem-info id="1852" free="46137344" total="153092096" percent="30">
    <mem type="eden" free="2097096" total="48234496" percent="4" />
    <remembered-set count="3744" freebytes="6105344" totalbytes="6120320" percent="99" regionsoverflowed="0" regionsstable="7" regionsrebuilding="0"/>
  </mem-info>
</gc-start>
<allocation-stats totalBytes="45982592" >
  <allocated-bytes non-tlh="0" tlh="45982592" arrayletleaf="0"/>
  <largest-consumer threadName="main" threadId="000000000212BF00" bytes="45982592" />
</allocation-stats>
<gc-op id="1853" type="copy forward" timems="9.091" contextid="1850" timestamp="2019-08-09T08:14:08.032">
  <memory-copied type="eden" objects="2" bytes="56" bytesdiscarded="0" />
  <memory-copied type="other" objects="0" bytes="0" bytesdiscarded="0" />
  <memory-cardclean objects="5" bytes="168" />
  <regions eden="22" other="1" />
  <remembered-set-cleared processed="1343" cleared="1" durationms="0.095" />
  <stringconstants candidates="13755" cleared="0"  />
</gc-op>
<gc-op id="1854" type="classunload" timems="0.011" contextid="1850" timestamp="2019-08-09T08:14:08.032">
  <classunload-info classloadercandidates="53" classloadersunloaded="0" classesunloaded="0" anonymousclassesunloaded="0" quiescems="0.000" setupms="0.011" scanms="0.000" postms="0.000" />
</gc-op>
<gc-end id="1855" type="partial gc" contextid="1850" durationms="10.379" usertimems="23.428" systemtimems="0.000" timestamp="2019-08-09T08:14:08.032" activeThreads="16">
  <mem-info id="1856" free="92274688" total="153092096" percent="60">
    <mem type="eden" free="2097096" total="2097152" percent="99" />
    <remembered-set count="4224" freebytes="6103424" totalbytes="6120320" percent="99" regionsoverflowed="0" regionsstable="7" regionsrebuilding="0"/>
  </mem-info>
</gc-end>
<cycle-end id="1857" type="partial gc" contextid="1850" timestamp="2019-08-09T08:14:08.032" />
  <attribute name="elasticGC enabled" value="1" />
  <attribute name= "numThreadsSpecified" value="16" />
  <attribute name="heapSize specified" value="0" />
  <attribute name="Current GC Util" value="147" />
  <attribute name= "Current Time Running" value="83110" />
  <attribute name ="GC Interval" value="0" />
  <attribute name="Target GC Util Change" value ="80.000000" />
  <attribute name="Current GC Util Change" value="147.000000"/>
  <attribute name="Current Error" value="-67.000000" />
  <attribute name="Output H" value="153129904"/>
  <attribute name="Output I" value="1968"/>
  <attribute name="Output T" value="16"/>
  <attribute name= "Current Time Running" value="83110" />
  <attribute name="GC Util currently" value="147" />
  <attribute name="CPU Util currently" value="1467568069357" />
<exclusive-end id="1858" timestamp="2019-08-09T08:14:08.032" durationms="11.002" />

<exclusive-start id="1859" timestamp="2019-08-09T08:14:08.048" intervalms="26.373">
  <response-info timems="0.019" idlems="0.019" threads="0" lastid="000000000212BF00" lastname="main" />
</exclusive-start>
<allocation-taxation id="1860" taxation-threshold="46137344" timestamp="2019-08-09T08:14:08.048" intervalms="26.353" />
<cycle-start id="1861" type="partial gc" contextid="0" timestamp="2019-08-09T08:14:08.048" intervalms="26.333" />
<gc-start id="1862" type="partial gc" contextid="1861" timestamp="2019-08-09T08:14:08.048">
  <mem-info id="1863" free="46137344" total="153092096" percent="30">
    <mem type="eden" free="2097096" total="48234496" percent="4" />
    <remembered-set count="3744" freebytes="6105344" totalbytes="6120320" percent="99" regionsoverflowed="0" regionsstable="7" regionsrebuilding="0"/>
  </mem-info>
</gc-start>
<allocation-stats totalBytes="45982592" >
  <allocated-bytes non-tlh="0" tlh="45982592" arrayletleaf="0"/>
  <largest-consumer threadName="main" threadId="000000000212BF00" bytes="45982592" />
</allocation-stats>
<gc-op id="1864" type="copy forward" timems="11.768" contextid="1861" timestamp="2019-08-09T08:14:08.061">
  <memory-copied type="eden" objects="2" bytes="56" bytesdiscarded="0" />
  <memory-copied type="other" objects="0" bytes="0" bytesdiscarded="0" />
  <memory-cardclean objects="5" bytes="168" />
  <regions eden="22" other="1" />
  <remembered-set-cleared processed="1343" cleared="1" durationms="0.403" />
  <stringconstants candidates="13755" cleared="0"  />
</gc-op>
<gc-op id="1865" type="classunload" timems="0.009" contextid="1861" timestamp="2019-08-09T08:14:08.061">
  <classunload-info classloadercandidates="53" classloadersunloaded="0" classesunloaded="0" anonymousclassesunloaded="0" quiescems="0.000" setupms="0.009" scanms="0.000" postms="0.000" />
</gc-op>
<gc-end id="1866" type="partial gc" contextid="1861" durationms="12.924" usertimems="28.958" systemtimems="0.000" timestamp="2019-08-09T08:14:08.061" activeThreads="16">
  <mem-info id="1867" free="92274688" total="153092096" percent="60">
    <mem type="eden" free="2097096" total="2097152" percent="99" />
    <remembered-set count="4224" freebytes="6103424" totalbytes="6120320" percent="99" regionsoverflowed="0" regionsstable="7" regionsrebuilding="0"/>
  </mem-info>
</gc-end>
<cycle-end id="1868" type="partial gc" contextid="1861" timestamp="2019-08-09T08:14:08.061" />
  <attribute name="elasticGC enabled" value="1" />
  <attribute name= "numThreadsSpecified" value="16" />
  <attribute name="heapSize specified" value="0" />
  <attribute name="Current GC Util" value="152" />
  <attribute name= "Current Time Running" value="83136" />
  <attribute name ="GC Interval" value="0" />
  <attribute name="Target GC Util Change" value ="80.000000" />
  <attribute name="Current GC Util Change" value="152.000000"/>
  <attribute name="Current Error" value="-145.000000" />
  <attribute name="Output H" value="153129856"/>
  <attribute name="Output I" value="1920"/>
  <attribute name="Output T" value="16"/>
  <attribute name= "Current Time Running" value="83136" />
  <attribute name="GC Util currently" value="152" />
  <attribute name="CPU Util currently" value="1680633750155" />
<exclusive-end id="1869" timestamp="2019-08-09T08:14:08.061" durationms="13.490" />

<exclusive-start id="1870" timestamp="2019-08-09T08:14:08.077" intervalms="29.175">
  <response-info timems="0.017" idlems="0.017" threads="0" lastid="000000000212BF00" lastname="main" />
</exclusive-start>
<allocation-taxation id="1871" taxation-threshold="46137344" timestamp="2019-08-09T08:14:08.077" intervalms="29.250" />
<cycle-start id="1872" type="partial gc" contextid="0" timestamp="2019-08-09T08:14:08.077" intervalms="29.300" />
<gc-start id="1873" type="partial gc" contextid="1872" timestamp="2019-08-09T08:14:08.077">
  <mem-info id="1874" free="46137344" total="153092096" percent="30">
    <mem type="eden" free="2097096" total="48234496" percent="4" />
    <remembered-set count="3744" freebytes="6105344" totalbytes="6120320" percent="99" regionsoverflowed="0" regionsstable="7" regionsrebuilding="0"/>
  </mem-info>
</gc-start>
<allocation-stats totalBytes="45982616" >
  <allocated-bytes non-tlh="0" tlh="45982616" arrayletleaf="0"/>
  <largest-consumer threadName="main" threadId="000000000212BF00" bytes="45982616" />
</allocation-stats>
<gc-op id="1875" type="copy forward" timems="12.811" contextid="1872" timestamp="2019-08-09T08:14:08.091">
  <memory-copied type="eden" objects="2" bytes="56" bytesdiscarded="0" />
  <memory-copied type="other" objects="0" bytes="0" bytesdiscarded="0" />
  <memory-cardclean objects="5" bytes="168" />
  <regions eden="22" other="1" />
  <remembered-set-cleared processed="1343" cleared="1" durationms="0.153" />
  <stringconstants candidates="13755" cleared="0"  />
</gc-op>
<gc-op id="1876" type="classunload" timems="0.009" contextid="1872" timestamp="2019-08-09T08:14:08.091">
  <classunload-info classloadercandidates="53" classloadersunloaded="0" classesunloaded="0" anonymousclassesunloaded="0" quiescems="0.000" setupms="0.009" scanms="0.000" postms="0.000" />
</gc-op>
<gc-end id="1877" type="partial gc" contextid="1872" durationms="13.802" usertimems="28.906" systemtimems="0.000" timestamp="2019-08-09T08:14:08.091" activeThreads="16">
  <mem-info id="1878" free="92274688" total="153092096" percent="60">
    <mem type="eden" free="2097096" total="2097152" percent="99" />
    <remembered-set count="4224" freebytes="6103424" totalbytes="6120320" percent="99" regionsoverflowed="0" regionsstable="7" regionsrebuilding="0"/>
  </mem-info>
</gc-end>
<cycle-end id="1879" type="partial gc" contextid="1872" timestamp="2019-08-09T08:14:08.091" />
  <attribute name="elasticGC enabled" value="1" />
  <attribute name= "numThreadsSpecified" value="16" />
  <attribute name="heapSize specified" value="0" />
  <attribute name="Current GC Util" value="164" />
  <attribute name= "Current Time Running" value="83165" />
  <attribute name ="GC Interval" value="0" />
  <attribute name="Target GC Util Change" value ="80.000000" />
  <attribute name="Current GC Util Change" value="164.000000"/>
  <attribute name="Current Error" value="-246.000000" />
  <attribute name="Output H" value="153129800"/>
  <attribute name="Output I" value="1864"/>
  <attribute name="Output T" value="16"/>
  <attribute name= "Current Time Running" value="83165" />
  <attribute name="GC Util currently" value="164" />
  <attribute name="CPU Util currently" value="2070869653786" />
<exclusive-end id="1880" timestamp="2019-08-09T08:14:08.091" durationms="14.455" />

<exclusive-start id="1881" timestamp="2019-08-09T08:14:08.111" intervalms="33.589">
  <response-info timems="0.020" idlems="0.020" threads="0" lastid="000000000212BF00" lastname="main" />
</exclusive-start>
<allocation-taxation id="1882" taxation-threshold="46137344" timestamp="2019-08-09T08:14:08.111" intervalms="33.518" />
<cycle-start id="1883" type="partial gc" contextid="0" timestamp="2019-08-09T08:14:08.111" intervalms="33.493" />
<gc-start id="1884" type="partial gc" contextid="1883" timestamp="2019-08-09T08:14:08.111">
  <mem-info id="1885" free="46137344" total="153092096" percent="30">
    <mem type="eden" free="2097096" total="48234496" percent="4" />
    <remembered-set count="4224" freebytes="6103424" totalbytes="6120320" percent="99" regionsoverflowed="0" regionsstable="7" regionsrebuilding="0"/>
  </mem-info>
</gc-start>
<allocation-stats totalBytes="45982592" >
  <allocated-bytes non-tlh="0" tlh="45982592" arrayletleaf="0"/>
  <largest-consumer threadName="main" threadId="000000000212BF00" bytes="45982592" />
</allocation-stats>
<gc-op id="1886" type="copy forward" timems="9.881" contextid="1883" timestamp="2019-08-09T08:14:08.122">
  <memory-copied type="eden" objects="2" bytes="56" bytesdiscarded="0" />
  <memory-copied type="other" objects="0" bytes="0" bytesdiscarded="0" />
  <memory-cardclean objects="5" bytes="168" />
  <regions eden="22" other="1" />
  <remembered-set-cleared processed="1343" cleared="1" durationms="0.100" />
  <stringconstants candidates="13755" cleared="0"  />
</gc-op>
<gc-op id="1887" type="classunload" timems="0.010" contextid="1883" timestamp="2019-08-09T08:14:08.122">
  <classunload-info classloadercandidates="53" classloadersunloaded="0" classesunloaded="0" anonymousclassesunloaded="0" quiescems="0.000" setupms="0.010" scanms="0.000" postms="0.000" />
</gc-op>
<gc-end id="1888" type="partial gc" contextid="1883" durationms="10.968" usertimems="21.391" systemtimems="0.000" timestamp="2019-08-09T08:14:08.122" activeThreads="16">
  <mem-info id="1889" free="92274688" total="153092096" percent="60">
    <mem type="eden" free="2097096" total="2097152" percent="99" />
    <remembered-set count="4224" freebytes="6103424" totalbytes="6120320" percent="99" regionsoverflowed="0" regionsstable="7" regionsrebuilding="0"/>
  </mem-info>
</gc-end>
<cycle-end id="1890" type="partial gc" contextid="1883" timestamp="2019-08-09T08:14:08.122" />
  <attribute name="elasticGC enabled" value="1" />
  <attribute name= "numThreadsSpecified" value="16" />
  <attribute name="heapSize specified" value="0" />
  <attribute name="Current GC Util" value="109" />
  <attribute name= "Current Time Running" value="83199" />
  <attribute name ="GC Interval" value="0" />
  <attribute name="Target GC Util Change" value ="80.000000" />
  <attribute name="Current GC Util Change" value="109.000000"/>
  <attribute name="Current Error" value="-29.000000" />
  <attribute name="Output H" value="153129920"/>
  <attribute name="Output I" value="1984"/>
  <attribute name="Output T" value="16"/>
  <attribute name= "Current Time Running" value="83199" />
  <attribute name="GC Util currently" value="109" />
  <attribute name="CPU Util currently" value="1866172668794" />
<exclusive-end id="1891" timestamp="2019-08-09T08:14:08.122" durationms="11.622" />

<exclusive-start id="1892" timestamp="2019-08-09T08:14:08.138" intervalms="27.701">
  <response-info timems="0.019" idlems="0.019" threads="0" lastid="000000000212BF00" lastname="main" />
</exclusive-start>
<allocation-taxation id="1893" taxation-threshold="46137344" timestamp="2019-08-09T08:14:08.138" intervalms="27.695" />
<cycle-start id="1894" type="partial gc" contextid="0" timestamp="2019-08-09T08:14:08.138" intervalms="27.640" />
<gc-start id="1895" type="partial gc" contextid="1894" timestamp="2019-08-09T08:14:08.139">
  <mem-info id="1896" free="46137344" total="153092096" percent="30">
    <mem type="eden" free="2097096" total="48234496" percent="4" />
    <remembered-set count="3744" freebytes="6105344" totalbytes="6120320" percent="99" regionsoverflowed="0" regionsstable="7" regionsrebuilding="0"/>
  </mem-info>
</gc-start>
<allocation-stats totalBytes="45982592" >
  <allocated-bytes non-tlh="0" tlh="45982592" arrayletleaf="0"/>
  <largest-consumer threadName="main" threadId="000000000212BF00" bytes="45982592" />
</allocation-stats>
<gc-op id="1897" type="copy forward" timems="8.129" contextid="1894" timestamp="2019-08-09T08:14:08.148">
  <memory-copied type="eden" objects="2" bytes="56" bytesdiscarded="0" />
  <memory-copied type="other" objects="0" bytes="0" bytesdiscarded="0" />
  <memory-cardclean objects="5" bytes="168" />
  <regions eden="22" other="1" />
  <remembered-set-cleared processed="1343" cleared="1" durationms="0.223" />
  <stringconstants candidates="13755" cleared="0"  />
</gc-op>
<gc-op id="1898" type="classunload" timems="0.008" contextid="1894" timestamp="2019-08-09T08:14:08.148">
  <classunload-info classloadercandidates="53" classloadersunloaded="0" classesunloaded="0" anonymousclassesunloaded="0" quiescems="0.000" setupms="0.008" scanms="0.000" postms="0.000" />
</gc-op>
<gc-end id="1899" type="partial gc" contextid="1894" durationms="9.127" usertimems="21.488" systemtimems="0.000" timestamp="2019-08-09T08:14:08.148" activeThreads="16">
  <mem-info id="1900" free="92274688" total="153092096" percent="60">
    <mem type="eden" free="2097096" total="2097152" percent="99" />
    <remembered-set count="4224" freebytes="6103424" totalbytes="6120320" percent="99" regionsoverflowed="0" regionsstable="7" regionsrebuilding="0"/>
  </mem-info>
</gc-end>
<cycle-end id="1901" type="partial gc" contextid="1894" timestamp="2019-08-09T08:14:08.148" />
  <attribute name="elasticGC enabled" value="1" />
  <attribute name= "numThreadsSpecified" value="16" />
  <attribute name="heapSize specified" value="0" />
  <attribute name="Current GC Util" value="141" />
  <attribute name= "Current Time Running" value="83227" />
  <attribute name ="GC Interval" value="0" />
  <attribute name="Target GC Util Change" value ="80.000000" />
  <attribute name="Current GC Util Change" value="141.000000"/>
  <attribute name="Current Error" value="-87.000000" />
  <attribute name="Output H" value="153129888"/>
  <attribute name="Output I" value="1952"/>
  <attribute name="Output T" value="16"/>
  <attribute name= "Current Time Running" value="83227" />
  <attribute name="GC Util currently" value="141" />
  <attribute name="CPU Util currently" value="1996058640416" />
<exclusive-end id="1902" timestamp="2019-08-09T08:14:08.148" durationms="9.684" />

<exclusive-start id="1903" timestamp="2019-08-09T08:14:08.163" intervalms="24.554">
  <response-info timems="0.017" idlems="0.017" threads="0" lastid="000000000212BF00" lastname="main" />
</exclusive-start>
<allocation-taxation id="1904" taxation-threshold="46137344" timestamp="2019-08-09T08:14:08.163" intervalms="24.559" />
<cycle-start id="1905" type="partial gc" contextid="0" timestamp="2019-08-09T08:14:08.163" intervalms="24.647" />
<gc-start id="1906" type="partial gc" contextid="1905" timestamp="2019-08-09T08:14:08.163">
  <mem-info id="1907" free="46137344" total="153092096" percent="30">
    <mem type="eden" free="2097096" total="48234496" percent="4" />
    <remembered-set count="4224" freebytes="6103424" totalbytes="6120320" percent="99" regionsoverflowed="0" regionsstable="7" regionsrebuilding="0"/>
  </mem-info>
</gc-start>
<allocation-stats totalBytes="45982592" >
  <allocated-bytes non-tlh="0" tlh="45982592" arrayletleaf="0"/>
  <largest-consumer threadName="main" threadId="000000000212BF00" bytes="45982592" />
</allocation-stats>
<gc-op id="1908" type="copy forward" timems="8.184" contextid="1905" timestamp="2019-08-09T08:14:08.172">
  <memory-copied type="eden" objects="2" bytes="56" bytesdiscarded="0" />
  <memory-copied type="other" objects="0" bytes="0" bytesdiscarded="0" />
  <memory-cardclean objects="5" bytes="168" />
  <regions eden="22" other="1" />
  <remembered-set-cleared processed="1343" cleared="1" durationms="0.371" />
  <stringconstants candidates="13755" cleared="0"  />
</gc-op>
<gc-op id="1909" type="classunload" timems="0.008" contextid="1905" timestamp="2019-08-09T08:14:08.172">
  <classunload-info classloadercandidates="53" classloadersunloaded="0" classesunloaded="0" anonymousclassesunloaded="0" quiescems="0.000" setupms="0.007" scanms="0.000" postms="0.000" />
</gc-op>
<gc-end id="1910" type="partial gc" contextid="1905" durationms="9.332" usertimems="22.146" systemtimems="0.000" timestamp="2019-08-09T08:14:08.173" activeThreads="16">
  <mem-info id="1911" free="92274688" total="153092096" percent="60">
    <mem type="eden" free="2097096" total="2097152" percent="99" />
    <remembered-set count="4224" freebytes="6103424" totalbytes="6120320" percent="99" regionsoverflowed="0" regionsstable="7" regionsrebuilding="0"/>
  </mem-info>
</gc-end>
<cycle-end id="1912" type="partial gc" contextid="1905" timestamp="2019-08-09T08:14:08.173" />
  <attribute name="elasticGC enabled" value="1" />
  <attribute name= "numThreadsSpecified" value="16" />
  <attribute name="heapSize specified" value="0" />
  <attribute name="Current GC Util" value="123" />
  <attribute name= "Current Time Running" value="83251" />
  <attribute name ="GC Interval" value="0" />
  <attribute name="Target GC Util Change" value ="80.000000" />
  <attribute name="Current GC Util Change" value="123.000000"/>
  <attribute name="Current Error" value="-136.000000" />
  <attribute name="Output H" value="153129864"/>
  <attribute name="Output I" value="1928"/>
  <attribute name="Output T" value="16"/>
  <attribute name= "Current Time Running" value="83251" />
  <attribute name="GC Util currently" value="123" />
  <attribute name="CPU Util currently" value="1546918530354" />
<exclusive-end id="1913" timestamp="2019-08-09T08:14:08.173" durationms="10.132" />

<exclusive-start id="1914" timestamp="2019-08-09T08:14:08.188" intervalms="24.947">
  <response-info timems="0.019" idlems="0.019" threads="0" lastid="000000000212BF00" lastname="main" />
</exclusive-start>
<allocation-taxation id="1915" taxation-threshold="46137344" timestamp="2019-08-09T08:14:08.188" intervalms="24.952" />
<cycle-start id="1916" type="partial gc" contextid="0" timestamp="2019-08-09T08:14:08.188" intervalms="24.951" />
<gc-start id="1917" type="partial gc" contextid="1916" timestamp="2019-08-09T08:14:08.188">
  <mem-info id="1918" free="46137344" total="153092096" percent="30">
    <mem type="eden" free="2097096" total="48234496" percent="4" />
    <remembered-set count="3744" freebytes="6105344" totalbytes="6120320" percent="99" regionsoverflowed="0" regionsstable="7" regionsrebuilding="0"/>
  </mem-info>
</gc-start>
<allocation-stats totalBytes="45982592" >
  <allocated-bytes non-tlh="0" tlh="45982592" arrayletleaf="0"/>
  <largest-consumer threadName="main" threadId="000000000212BF00" bytes="45982592" />
</allocation-stats>
<gc-op id="1919" type="copy forward" timems="7.033" contextid="1916" timestamp="2019-08-09T08:14:08.196">
  <memory-copied type="eden" objects="2" bytes="56" bytesdiscarded="0" />
  <memory-copied type="other" objects="0" bytes="0" bytesdiscarded="0" />
  <memory-cardclean objects="5" bytes="168" />
  <regions eden="22" other="1" />
  <remembered-set-cleared processed="1343" cleared="1" durationms="0.087" />
  <stringconstants candidates="13755" cleared="0"  />
</gc-op>
<gc-op id="1920" type="classunload" timems="0.010" contextid="1916" timestamp="2019-08-09T08:14:08.196">
  <classunload-info classloadercandidates="53" classloadersunloaded="0" classesunloaded="0" anonymousclassesunloaded="0" quiescems="0.000" setupms="0.010" scanms="0.000" postms="0.000" />
</gc-op>
<gc-end id="1921" type="partial gc" contextid="1916" durationms="8.063" usertimems="17.915" systemtimems="0.000" timestamp="2019-08-09T08:14:08.196" activeThreads="16">
  <mem-info id="1922" free="92274688" total="153092096" percent="60">
    <mem type="eden" free="2097096" total="2097152" percent="99" />
    <remembered-set count="4224" freebytes="6103424" totalbytes="6120320" percent="99" regionsoverflowed="0" regionsstable="7" regionsrebuilding="0"/>
  </mem-info>
</gc-end>
<cycle-end id="1923" type="partial gc" contextid="1916" timestamp="2019-08-09T08:14:08.196" />
  <attribute name="elasticGC enabled" value="1" />
  <attribute name= "numThreadsSpecified" value="16" />
  <attribute name="heapSize specified" value="0" />
  <attribute name="Current GC Util" value="159" />
  <attribute name= "Current Time Running" value="83276" />
  <attribute name ="GC Interval" value="0" />
  <attribute name="Target GC Util Change" value ="80.000000" />
  <attribute name="Current GC Util Change" value="159.000000"/>
  <attribute name="Current Error" value="-79.000000" />
  <attribute name="Output H" value="153129896"/>
  <attribute name="Output I" value="1960"/>
  <attribute name="Output T" value="16"/>
  <attribute name= "Current Time Running" value="83276" />
  <attribute name="GC Util currently" value="159" />
  <attribute name="CPU Util currently" value="1876884703622" />
<exclusive-end id="1924" timestamp="2019-08-09T08:14:08.196" durationms="8.661" />

<exclusive-start id="1925" timestamp="2019-08-09T08:14:08.212" intervalms="24.130">
  <response-info timems="0.018" idlems="0.018" threads="0" lastid="000000000212BF00" lastname="main" />
</exclusive-start>
<allocation-taxation id="1926" taxation-threshold="46137344" timestamp="2019-08-09T08:14:08.212" intervalms="24.121" />
<cycle-start id="1927" type="partial gc" contextid="0" timestamp="2019-08-09T08:14:08.212" intervalms="24.038" />
<gc-start id="1928" type="partial gc" contextid="1927" timestamp="2019-08-09T08:14:08.212">
  <mem-info id="1929" free="46137344" total="153092096" percent="30">
    <mem type="eden" free="2097096" total="48234496" percent="4" />
    <remembered-set count="3744" freebytes="6105344" totalbytes="6120320" percent="99" regionsoverflowed="0" regionsstable="7" regionsrebuilding="0"/>
  </mem-info>
</gc-start>
<allocation-stats totalBytes="45982616" >
  <allocated-bytes non-tlh="0" tlh="45982616" arrayletleaf="0"/>
  <largest-consumer threadName="main" threadId="000000000212BF00" bytes="45982616" />
</allocation-stats>
<gc-op id="1930" type="copy forward" timems="7.518" contextid="1927" timestamp="2019-08-09T08:14:08.221">
  <memory-copied type="eden" objects="2" bytes="56" bytesdiscarded="0" />
  <memory-copied type="other" objects="0" bytes="0" bytesdiscarded="0" />
  <memory-cardclean objects="5" bytes="168" />
  <regions eden="22" other="1" />
  <remembered-set-cleared processed="1343" cleared="1" durationms="0.164" />
  <stringconstants candidates="13755" cleared="0"  />
</gc-op>
<gc-op id="1931" type="classunload" timems="0.009" contextid="1927" timestamp="2019-08-09T08:14:08.221">
  <classunload-info classloadercandidates="53" classloadersunloaded="0" classesunloaded="0" anonymousclassesunloaded="0" quiescems="0.000" setupms="0.009" scanms="0.000" postms="0.000" />
</gc-op>
<gc-end id="1932" type="partial gc" contextid="1927" durationms="8.781" usertimems="19.921" systemtimems="0.000" timestamp="2019-08-09T08:14:08.221" activeThreads="16">
  <mem-info id="1933" free="92274688" total="153092096" percent="60">
    <mem type="eden" free="2097096" total="2097152" percent="99" />
    <remembered-set count="4224" freebytes="6103424" totalbytes="6120320" percent="99" regionsoverflowed="0" regionsstable="7" regionsrebuilding="0"/>
  </mem-info>
</gc-end>
<cycle-end id="1934" type="partial gc" contextid="1927" timestamp="2019-08-09T08:14:08.221" />
  <attribute name="elasticGC enabled" value="1" />
  <attribute name= "numThreadsSpecified" value="16" />
  <attribute name="heapSize specified" value="0" />
  <attribute name="Current GC Util" value="188" />
  <attribute name= "Current Time Running" value="83300" />
  <attribute name ="GC Interval" value="0" />
  <attribute name="Target GC Util Change" value ="80.000000" />
  <attribute name="Current GC Util Change" value="188.000000"/>
  <attribute name="Current Error" value="-179.000000" />
  <attribute name="Output H" value="153129840"/>
  <attribute name="Output I" value="1904"/>
  <attribute name="Output T" value="16"/>
  <attribute name= "Current Time Running" value="83300" />
  <attribute name="GC Util currently" value="188" />
  <attribute name="CPU Util currently" value="1386859750726" />
<exclusive-end id="1935" timestamp="2019-08-09T08:14:08.221" durationms="9.288" />

<exclusive-start id="1936" timestamp="2019-08-09T08:14:08.250" intervalms="37.579">
  <response-info timems="0.019" idlems="0.019" threads="0" lastid="000000000212BF00" lastname="main" />
</exclusive-start>
<allocation-taxation id="1937" taxation-threshold="46137344" timestamp="2019-08-09T08:14:08.250" intervalms="37.571" />
<cycle-start id="1938" type="partial gc" contextid="0" timestamp="2019-08-09T08:14:08.250" intervalms="37.578" />
<gc-start id="1939" type="partial gc" contextid="1938" timestamp="2019-08-09T08:14:08.250">
  <mem-info id="1940" free="46137344" total="153092096" percent="30">
    <mem type="eden" free="2097096" total="48234496" percent="4" />
    <remembered-set count="3744" freebytes="6105344" totalbytes="6120320" percent="99" regionsoverflowed="0" regionsstable="7" regionsrebuilding="0"/>
  </mem-info>
</gc-start>
<allocation-stats totalBytes="45878912" >
  <allocated-bytes non-tlh="0" tlh="45878912" arrayletleaf="0"/>
  <largest-consumer threadName="main" threadId="000000000212BF00" bytes="45878912" />
</allocation-stats>
<gc-op id="1941" type="copy forward" timems="10.295" contextid="1938" timestamp="2019-08-09T08:14:08.261">
  <memory-copied type="eden" objects="27" bytes="1936" bytesdiscarded="840" />
  <memory-copied type="other" objects="0" bytes="0" bytesdiscarded="0" />
  <memory-cardclean objects="63" bytes="2088" />
  <regions eden="22" other="1" />
  <remembered-set-cleared processed="1343" cleared="6" durationms="0.224" />
  <stringconstants candidates="13755" cleared="0"  />
</gc-op>
<gc-op id="1942" type="classunload" timems="0.008" contextid="1938" timestamp="2019-08-09T08:14:08.261">
  <classunload-info classloadercandidates="53" classloadersunloaded="0" classesunloaded="0" anonymousclassesunloaded="0" quiescems="0.000" setupms="0.008" scanms="0.000" postms="0.000" />
</gc-op>
<gc-end id="1943" type="partial gc" contextid="1938" durationms="11.587" usertimems="26.932" systemtimems="0.000" timestamp="2019-08-09T08:14:08.261" activeThreads="16">
  <mem-info id="1944" free="92274688" total="153092096" percent="60">
    <mem type="eden" free="2094376" total="2097152" percent="99" />
    <remembered-set count="5184" freebytes="6099584" totalbytes="6120320" percent="99" regionsoverflowed="0" regionsstable="7" regionsrebuilding="0"/>
  </mem-info>
</gc-end>
<cycle-end id="1945" type="partial gc" contextid="1938" timestamp="2019-08-09T08:14:08.262" />
  <attribute name="elasticGC enabled" value="1" />
  <attribute name= "numThreadsSpecified" value="16" />
  <attribute name="heapSize specified" value="0" />
  <attribute name="Current GC Util" value="108" />
  <attribute name= "Current Time Running" value="83338" />
  <attribute name ="GC Interval" value="0" />
  <attribute name="Target GC Util Change" value ="80.000000" />
  <attribute name="Current GC Util Change" value="108.000000"/>
  <attribute name="Current Error" value="-177.000000" />
  <attribute name="Output H" value="153129840"/>
  <attribute name="Output I" value="1904"/>
  <attribute name="Output T" value="16"/>
  <attribute name= "Current Time Running" value="83338" />
  <attribute name="GC Util currently" value="108" />
  <attribute name="CPU Util currently" value="1492793155984" />
<exclusive-end id="1946" timestamp="2019-08-09T08:14:08.262" durationms="12.338" />

<exclusive-start id="1947" timestamp="2019-08-09T08:14:08.277" intervalms="27.371">
  <response-info timems="0.019" idlems="0.019" threads="0" lastid="000000000212BF00" lastname="main" />
</exclusive-start>
<allocation-taxation id="1948" taxation-threshold="46137344" timestamp="2019-08-09T08:14:08.277" intervalms="27.380" />
<cycle-start id="1949" type="partial gc" contextid="0" timestamp="2019-08-09T08:14:08.277" intervalms="27.403" />
<gc-start id="1950" type="partial gc" contextid="1949" timestamp="2019-08-09T08:14:08.277">
  <mem-info id="1951" free="46137344" total="153092096" percent="30">
    <mem type="eden" free="0" total="46137344" percent="0" />
    <remembered-set count="3232" freebytes="6107392" totalbytes="6120320" percent="99" regionsoverflowed="0" regionsstable="9" regionsrebuilding="0"/>
  </mem-info>
</gc-start>
<allocation-stats totalBytes="45839536" >
  <allocated-bytes non-tlh="0" tlh="45839536" arrayletleaf="0"/>
  <largest-consumer threadName="main" threadId="000000000212BF00" bytes="45839536" />
</allocation-stats>
<gc-op id="1952" type="copy forward" timems="8.602" contextid="1949" timestamp="2019-08-09T08:14:08.287">
  <memory-copied type="eden" objects="2" bytes="64" bytesdiscarded="0" />
  <memory-copied type="other" objects="26" bytes="1896" bytesdiscarded="1040" />
  <memory-cardclean objects="47" bytes="1832" />
  <regions eden="22" other="1" />
  <remembered-set-cleared processed="373" cleared="4" durationms="0.298" />
  <stringconstants candidates="13755" cleared="0"  />
</gc-op>
<gc-op id="1953" type="classunload" timems="0.009" contextid="1949" timestamp="2019-08-09T08:14:08.288">
  <classunload-info classloadercandidates="53" classloadersunloaded="0" classesunloaded="0" anonymousclassesunloaded="0" quiescems="0.000" setupms="0.009" scanms="0.000" postms="0.000" />
</gc-op>
<heap-resize id="1954" type="expand" space="default" amount="4194304" count="1" timems="0.087" reason="excessive time being spent in gc" timestamp="2019-08-09T08:14:08.289" />
<gc-end id="1955" type="partial gc" contextid="1949" durationms="11.321" usertimems="24.565" systemtimems="0.000" timestamp="2019-08-09T08:14:08.289" activeThreads="16">
  <mem-info id="1956" free="94371840" total="157286400" percent="60">
    <mem type="eden" free="2097088" total="2097152" percent="99" />
    <remembered-set count="4224" freebytes="6271104" totalbytes="6288000" percent="99" regionsoverflowed="0" regionsstable="9" regionsrebuilding="0"/>
  </mem-info>
</gc-end>
<cycle-end id="1957" type="partial gc" contextid="1949" timestamp="2019-08-09T08:14:08.289" />
  <attribute name="elasticGC enabled" value="1" />
  <attribute name= "numThreadsSpecified" value="16" />
  <attribute name="heapSize specified" value="0" />
  <attribute name="Current GC Util" value="153" />
  <attribute name= "Current Time Running" value="83366" />
  <attribute name ="GC Interval" value="0" />
  <attribute name="Target GC Util Change" value ="80.000000" />
  <attribute name="Current GC Util Change" value="153.000000"/>
  <attribute name="Current Error" value="-73.000000" />
  <attribute name="Output H" value="153129896"/>
  <attribute name="Output I" value="1960"/>
  <attribute name="Output T" value="16"/>
  <attribute name= "Current Time Running" value="83366" />
  <attribute name="GC Util currently" value="153" />
  <attribute name="CPU Util currently" value="1786666306048" />
<exclusive-end id="1958" timestamp="2019-08-09T08:14:08.289" durationms="12.171" />

<exclusive-start id="1959" timestamp="2019-08-09T08:14:08.306" intervalms="29.146">
  <response-info timems="0.020" idlems="0.020" threads="0" lastid="000000000212BF00" lastname="main" />
</exclusive-start>
<allocation-taxation id="1960" taxation-threshold="46137344" timestamp="2019-08-09T08:14:08.306" intervalms="29.145" />
<cycle-start id="1961" type="partial gc" contextid="0" timestamp="2019-08-09T08:14:08.306" intervalms="29.148" />
<gc-start id="1962" type="partial gc" contextid="1961" timestamp="2019-08-09T08:14:08.306">
  <mem-info id="1963" free="48234496" total="157286400" percent="30">
    <mem type="eden" free="2097088" total="48234496" percent="4" />
    <remembered-set count="3616" freebytes="6273536" totalbytes="6288000" percent="99" regionsoverflowed="0" regionsstable="10" regionsrebuilding="0"/>
  </mem-info>
</gc-start>
<allocation-stats totalBytes="45848160" >
  <allocated-bytes non-tlh="0" tlh="45848160" arrayletleaf="0"/>
  <largest-consumer threadName="main" threadId="000000000212BF00" bytes="45848160" />
</allocation-stats>
<gc-op id="1964" type="copy forward" timems="8.877" contextid="1961" timestamp="2019-08-09T08:14:08.316">
  <memory-copied type="eden" objects="2" bytes="64" bytesdiscarded="0" />
  <memory-copied type="other" objects="0" bytes="0" bytesdiscarded="0" />
  <memory-cardclean objects="10" bytes="424" />
  <regions eden="22" other="1" />
  <remembered-set-cleared processed="106" cleared="0" durationms="0.228" />
  <stringconstants candidates="13755" cleared="0"  />
</gc-op>
<gc-op id="1965" type="classunload" timems="0.009" contextid="1961" timestamp="2019-08-09T08:14:08.316">
  <classunload-info classloadercandidates="53" classloadersunloaded="0" classesunloaded="0" anonymousclassesunloaded="0" quiescems="0.000" setupms="0.009" scanms="0.000" postms="0.000" />
</gc-op>
<gc-end id="1966" type="partial gc" contextid="1961" durationms="10.149" usertimems="24.137" systemtimems="0.000" timestamp="2019-08-09T08:14:08.317" activeThreads="16">
  <mem-info id="1967" free="94371840" total="157286400" percent="60">
    <mem type="eden" free="2097088" total="2097152" percent="99" />
    <remembered-set count="2272" freebytes="6278912" totalbytes="6288000" percent="99" regionsoverflowed="0" regionsstable="10" regionsrebuilding="0"/>
  </mem-info>
</gc-end>
<cycle-end id="1968" type="partial gc" contextid="1961" timestamp="2019-08-09T08:14:08.317" />
  <attribute name="elasticGC enabled" value="1" />
  <attribute name= "numThreadsSpecified" value="16" />
  <attribute name="heapSize specified" value="0" />
  <attribute name="Current GC Util" value="146" />
  <attribute name= "Current Time Running" value="83395" />
  <attribute name ="GC Interval" value="0" />
  <attribute name="Target GC Util Change" value ="80.000000" />
  <attribute name="Current GC Util Change" value="146.000000"/>
  <attribute name="Current Error" value="-142.000000" />
  <attribute name="Output H" value="157324160"/>
  <attribute name="Output I" value="1920"/>
  <attribute name="Output T" value="16"/>
  <attribute name= "Current Time Running" value="83395" />
  <attribute name="GC Util currently" value="146" />
  <attribute name="CPU Util currently" value="1896345993730" />
<exclusive-end id="1969" timestamp="2019-08-09T08:14:08.317" durationms="10.975" />

<exclusive-start id="1970" timestamp="2019-08-09T08:14:08.333" intervalms="27.216">
  <response-info timems="0.022" idlems="0.022" threads="0" lastid="000000000212BF00" lastname="main" />
</exclusive-start>
<allocation-taxation id="1971" taxation-threshold="46137344" timestamp="2019-08-09T08:14:08.333" intervalms="27.242" />
<cycle-start id="1972" type="partial gc" contextid="0" timestamp="2019-08-09T08:14:08.333" intervalms="27.218" />
<gc-start id="1973" type="partial gc" contextid="1972" timestamp="2019-08-09T08:14:08.334">
  <mem-info id="1974" free="48234496" total="157286400" percent="30">
    <mem type="eden" free="2097088" total="48234496" percent="4" />
    <remembered-set count="2272" freebytes="6278912" totalbytes="6288000" percent="99" regionsoverflowed="0" regionsstable="10" regionsrebuilding="0"/>
  </mem-info>
</gc-start>
<allocation-stats totalBytes="45848136" >
  <allocated-bytes non-tlh="0" tlh="45848136" arrayletleaf="0"/>
  <largest-consumer threadName="main" threadId="000000000212BF00" bytes="45848136" />
</allocation-stats>
<gc-op id="1975" type="copy forward" timems="10.820" contextid="1972" timestamp="2019-08-09T08:14:08.345">
  <memory-copied type="eden" objects="2" bytes="64" bytesdiscarded="0" />
  <memory-copied type="other" objects="0" bytes="0" bytesdiscarded="0" />
  <memory-cardclean objects="10" bytes="424" />
  <regions eden="22" other="1" />
  <remembered-set-cleared processed="106" cleared="0" durationms="0.174" />
  <stringconstants candidates="13755" cleared="0"  />
</gc-op>
<gc-op id="1976" type="classunload" timems="0.009" contextid="1972" timestamp="2019-08-09T08:14:08.345">
  <classunload-info classloadercandidates="53" classloadersunloaded="0" classesunloaded="0" anonymousclassesunloaded="0" quiescems="0.000" setupms="0.009" scanms="0.000" postms="0.000" />
</gc-op>
<gc-end id="1977" type="partial gc" contextid="1972" durationms="11.946" usertimems="26.333" systemtimems="0.000" timestamp="2019-08-09T08:14:08.346" activeThreads="16">
  <mem-info id="1978" free="94371840" total="157286400" percent="60">
    <mem type="eden" free="2097088" total="2097152" percent="99" />
    <remembered-set count="2272" freebytes="6278912" totalbytes="6288000" percent="99" regionsoverflowed="0" regionsstable="10" regionsrebuilding="0"/>
  </mem-info>
</gc-end>
<cycle-end id="1979" type="partial gc" contextid="1972" timestamp="2019-08-09T08:14:08.346" />
  <attribute name="elasticGC enabled" value="1" />
  <attribute name= "numThreadsSpecified" value="16" />
  <attribute name="heapSize specified" value="0" />
  <attribute name="Current GC Util" value="152" />
  <attribute name= "Current Time Running" value="83422" />
  <attribute name ="GC Interval" value="0" />
  <attribute name="Target GC Util Change" value ="80.000000" />
  <attribute name="Current GC Util Change" value="152.000000"/>
  <attribute name="Current Error" value="-222.000000" />
  <attribute name="Output H" value="157324112"/>
  <attribute name="Output I" value="1872"/>
  <attribute name="Output T" value="16"/>
  <attribute name= "Current Time Running" value="83422" />
  <attribute name="GC Util currently" value="152" />
  <attribute name="CPU Util currently" value="1999194499771" />
<exclusive-end id="1980" timestamp="2019-08-09T08:14:08.346" durationms="12.715" />

<exclusive-start id="1981" timestamp="2019-08-09T08:14:08.361" intervalms="27.795">
  <response-info timems="0.017" idlems="0.017" threads="0" lastid="000000000212BF00" lastname="main" />
</exclusive-start>
<allocation-taxation id="1982" taxation-threshold="46137344" timestamp="2019-08-09T08:14:08.361" intervalms="27.769" />
<cycle-start id="1983" type="partial gc" contextid="0" timestamp="2019-08-09T08:14:08.361" intervalms="27.801" />
<gc-start id="1984" type="partial gc" contextid="1983" timestamp="2019-08-09T08:14:08.361">
  <mem-info id="1985" free="48234496" total="157286400" percent="30">
    <mem type="eden" free="2097088" total="48234496" percent="4" />
    <remembered-set count="2272" freebytes="6278912" totalbytes="6288000" percent="99" regionsoverflowed="0" regionsstable="10" regionsrebuilding="0"/>
  </mem-info>
</gc-start>
<allocation-stats totalBytes="45848136" >
  <allocated-bytes non-tlh="0" tlh="45848136" arrayletleaf="0"/>
  <largest-consumer threadName="main" threadId="000000000212BF00" bytes="45848136" />
</allocation-stats>
<gc-op id="1986" type="copy forward" timems="7.705" contextid="1983" timestamp="2019-08-09T08:14:08.370">
  <memory-copied type="eden" objects="2" bytes="64" bytesdiscarded="0" />
  <memory-copied type="other" objects="0" bytes="0" bytesdiscarded="0" />
  <memory-cardclean objects="10" bytes="424" />
  <regions eden="22" other="1" />
  <remembered-set-cleared processed="106" cleared="0" durationms="0.097" />
  <stringconstants candidates="13755" cleared="0"  />
</gc-op>
<gc-op id="1987" type="classunload" timems="0.007" contextid="1983" timestamp="2019-08-09T08:14:08.370">
  <classunload-info classloadercandidates="53" classloadersunloaded="0" classesunloaded="0" anonymousclassesunloaded="0" quiescems="0.000" setupms="0.007" scanms="0.000" postms="0.000" />
</gc-op>
<gc-end id="1988" type="partial gc" contextid="1983" durationms="8.699" usertimems="20.962" systemtimems="0.000" timestamp="2019-08-09T08:14:08.370" activeThreads="16">
  <mem-info id="1989" free="94371840" total="157286400" percent="60">
    <mem type="eden" free="2097088" total="2097152" percent="99" />
    <remembered-set count="2272" freebytes="6278912" totalbytes="6288000" percent="99" regionsoverflowed="0" regionsstable="10" regionsrebuilding="0"/>
  </mem-info>
</gc-end>
<cycle-end id="1990" type="partial gc" contextid="1983" timestamp="2019-08-09T08:14:08.370" />
  <attribute name="elasticGC enabled" value="1" />
  <attribute name= "numThreadsSpecified" value="16" />
  <attribute name="heapSize specified" value="0" />
  <attribute name="Current GC Util" value="163" />
  <attribute name= "Current Time Running" value="83449" />
  <attribute name ="GC Interval" value="0" />
  <attribute name="Target GC Util Change" value ="80.000000" />
  <attribute name="Current GC Util Change" value="163.000000"/>
  <attribute name="Current Error" value="-83.000000" />
  <attribute name="Output H" value="157324200"/>
  <attribute name="Output I" value="1960"/>
  <attribute name="Output T" value="16"/>
  <attribute name= "Current Time Running" value="83449" />
  <attribute name="GC Util currently" value="163" />
  <attribute name="CPU Util currently" value="2321653406687" />
<exclusive-end id="1991" timestamp="2019-08-09T08:14:08.370" durationms="9.398" />

<exclusive-start id="1992" timestamp="2019-08-09T08:14:08.387" intervalms="25.496">
  <response-info timems="0.019" idlems="0.019" threads="0" lastid="000000000212BF00" lastname="main" />
</exclusive-start>
<allocation-taxation id="1993" taxation-threshold="46137344" timestamp="2019-08-09T08:14:08.387" intervalms="25.497" />
<cycle-start id="1994" type="partial gc" contextid="0" timestamp="2019-08-09T08:14:08.387" intervalms="25.463" />
<gc-start id="1995" type="partial gc" contextid="1994" timestamp="2019-08-09T08:14:08.387">
  <mem-info id="1996" free="48234496" total="157286400" percent="30">
    <mem type="eden" free="2097088" total="48234496" percent="4" />
    <remembered-set count="2272" freebytes="6278912" totalbytes="6288000" percent="99" regionsoverflowed="0" regionsstable="10" regionsrebuilding="0"/>
  </mem-info>
</gc-start>
<allocation-stats totalBytes="45849376" >
  <allocated-bytes non-tlh="0" tlh="45849376" arrayletleaf="0"/>
  <largest-consumer threadName="main" threadId="000000000212BF00" bytes="45849376" />
</allocation-stats>
<gc-op id="1997" type="copy forward" timems="8.253" contextid="1994" timestamp="2019-08-09T08:14:08.396">
  <memory-copied type="eden" objects="2" bytes="64" bytesdiscarded="0" />
  <memory-copied type="other" objects="0" bytes="0" bytesdiscarded="0" />
  <memory-cardclean objects="10" bytes="424" />
  <regions eden="22" other="1" />
  <remembered-set-cleared processed="106" cleared="0" durationms="0.102" />
  <stringconstants candidates="13755" cleared="0"  />
</gc-op>
<gc-op id="1998" type="classunload" timems="0.009" contextid="1994" timestamp="2019-08-09T08:14:08.396">
  <classunload-info classloadercandidates="53" classloadersunloaded="0" classesunloaded="0" anonymousclassesunloaded="0" quiescems="0.000" setupms="0.009" scanms="0.000" postms="0.000" />
</gc-op>
<gc-end id="1999" type="partial gc" contextid="1994" durationms="9.394" usertimems="20.674" systemtimems="0.000" timestamp="2019-08-09T08:14:08.396" activeThreads="16">
  <mem-info id="2000" free="94371840" total="157286400" percent="60">
    <mem type="eden" free="2097088" total="2097152" percent="99" />
    <remembered-set count="2272" freebytes="6278912" totalbytes="6288000" percent="99" regionsoverflowed="0" regionsstable="10" regionsrebuilding="0"/>
  </mem-info>
</gc-end>
<cycle-end id="2001" type="partial gc" contextid="1994" timestamp="2019-08-09T08:14:08.396" />
  <attribute name="elasticGC enabled" value="1" />
  <attribute name= "numThreadsSpecified" value="16" />
  <attribute name="heapSize specified" value="0" />
  <attribute name="Current GC Util" value="107" />
  <attribute name= "Current Time Running" value="83475" />
  <attribute name ="GC Interval" value="0" />
  <attribute name="Target GC Util Change" value ="80.000000" />
  <attribute name="Current GC Util Change" value="107.000000"/>
  <attribute name="Current Error" value="-111.000000" />
  <attribute name="Output H" value="157324176"/>
  <attribute name="Output I" value="1936"/>
  <attribute name="Output T" value="16"/>
  <attribute name= "Current Time Running" value="83475" />
  <attribute name="GC Util currently" value="107" />
  <attribute name="CPU Util currently" value="1649696113810" />
<exclusive-end id="2002" timestamp="2019-08-09T08:14:08.397" durationms="10.070" />

<exclusive-start id="2003" timestamp="2019-08-09T08:14:08.412" intervalms="25.236">
  <response-info timems="0.015" idlems="0.015" threads="0" lastid="000000000212BF00" lastname="main" />
</exclusive-start>
<allocation-taxation id="2004" taxation-threshold="46137344" timestamp="2019-08-09T08:14:08.412" intervalms="25.240" />
<cycle-start id="2005" type="partial gc" contextid="0" timestamp="2019-08-09T08:14:08.412" intervalms="25.260" />
<gc-start id="2006" type="partial gc" contextid="2005" timestamp="2019-08-09T08:14:08.412">
  <mem-info id="2007" free="48234496" total="157286400" percent="30">
    <mem type="eden" free="2097088" total="48234496" percent="4" />
    <remembered-set count="1792" freebytes="6280832" totalbytes="6288000" percent="99" regionsoverflowed="0" regionsstable="10" regionsrebuilding="0"/>
  </mem-info>
</gc-start>
<allocation-stats totalBytes="45849376" >
  <allocated-bytes non-tlh="0" tlh="45849376" arrayletleaf="0"/>
  <largest-consumer threadName="main" threadId="000000000212BF00" bytes="45849376" />
</allocation-stats>
<gc-op id="2008" type="copy forward" timems="11.997" contextid="2005" timestamp="2019-08-09T08:14:08.425">
  <memory-copied type="eden" objects="2" bytes="64" bytesdiscarded="0" />
  <memory-copied type="other" objects="0" bytes="0" bytesdiscarded="0" />
  <memory-cardclean objects="10" bytes="424" />
  <regions eden="22" other="1" />
  <remembered-set-cleared processed="106" cleared="0" durationms="0.103" />
  <stringconstants candidates="13755" cleared="0"  />
</gc-op>
<gc-op id="2009" type="classunload" timems="0.007" contextid="2005" timestamp="2019-08-09T08:14:08.425">
  <classunload-info classloadercandidates="53" classloadersunloaded="0" classesunloaded="0" anonymousclassesunloaded="0" quiescems="0.000" setupms="0.007" scanms="0.000" postms="0.000" />
</gc-op>
<gc-end id="2010" type="partial gc" contextid="2005" durationms="13.291" usertimems="28.228" systemtimems="0.000" timestamp="2019-08-09T08:14:08.425" activeThreads="16">
  <mem-info id="2011" free="94371840" total="157286400" percent="60">
    <mem type="eden" free="2097088" total="2097152" percent="99" />
    <remembered-set count="2272" freebytes="6278912" totalbytes="6288000" percent="99" regionsoverflowed="0" regionsstable="10" regionsrebuilding="0"/>
  </mem-info>
</gc-end>
<cycle-end id="2012" type="partial gc" contextid="2005" timestamp="2019-08-09T08:14:08.426" />
  <attribute name="elasticGC enabled" value="1" />
  <attribute name= "numThreadsSpecified" value="16" />
  <attribute name="heapSize specified" value="0" />
  <attribute name="Current GC Util" value="147" />
  <attribute name= "Current Time Running" value="83500" />
  <attribute name ="GC Interval" value="0" />
  <attribute name="Target GC Util Change" value ="80.000000" />
  <attribute name="Current GC Util Change" value="147.000000"/>
  <attribute name="Current Error" value="-180.000000" />
  <attribute name="Output H" value="157324144"/>
  <attribute name="Output I" value="1904"/>
  <attribute name="Output T" value="16"/>
  <attribute name= "Current Time Running" value="83500" />
  <attribute name="GC Util currently" value="147" />
  <attribute name="CPU Util currently" value="1807180423486" />
<exclusive-end id="2013" timestamp="2019-08-09T08:14:08.426" durationms="13.848" />

<exclusive-start id="2014" timestamp="2019-08-09T08:14:08.441" intervalms="28.918">
  <response-info timems="0.018" idlems="0.018" threads="0" lastid="000000000212BF00" lastname="main" />
</exclusive-start>
<allocation-taxation id="2015" taxation-threshold="46137344" timestamp="2019-08-09T08:14:08.441" intervalms="28.914" />
<cycle-start id="2016" type="partial gc" contextid="0" timestamp="2019-08-09T08:14:08.441" intervalms="29.048" />
<gc-start id="2017" type="partial gc" contextid="2016" timestamp="2019-08-09T08:14:08.441">
  <mem-info id="2018" free="48234496" total="157286400" percent="30">
    <mem type="eden" free="2097088" total="48234496" percent="4" />
    <remembered-set count="2272" freebytes="6278912" totalbytes="6288000" percent="99" regionsoverflowed="0" regionsstable="10" regionsrebuilding="0"/>
  </mem-info>
</gc-start>
<allocation-stats totalBytes="45848160" >
  <allocated-bytes non-tlh="0" tlh="45848160" arrayletleaf="0"/>
  <largest-consumer threadName="main" threadId="000000000212BF00" bytes="45848160" />
</allocation-stats>
<gc-op id="2019" type="copy forward" timems="9.246" contextid="2016" timestamp="2019-08-09T08:14:08.451">
  <memory-copied type="eden" objects="2" bytes="64" bytesdiscarded="0" />
  <memory-copied type="other" objects="0" bytes="0" bytesdiscarded="0" />
  <memory-cardclean objects="10" bytes="424" />
  <regions eden="22" other="1" />
  <remembered-set-cleared processed="106" cleared="0" durationms="0.118" />
  <stringconstants candidates="13755" cleared="0"  />
</gc-op>
<gc-op id="2020" type="classunload" timems="0.008" contextid="2016" timestamp="2019-08-09T08:14:08.451">
  <classunload-info classloadercandidates="53" classloadersunloaded="0" classesunloaded="0" anonymousclassesunloaded="0" quiescems="0.000" setupms="0.008" scanms="0.000" postms="0.000" />
</gc-op>
<gc-end id="2021" type="partial gc" contextid="2016" durationms="10.374" usertimems="22.948" systemtimems="0.000" timestamp="2019-08-09T08:14:08.452" activeThreads="16">
  <mem-info id="2022" free="94371840" total="157286400" percent="60">
    <mem type="eden" free="2097088" total="2097152" percent="99" />
    <remembered-set count="2272" freebytes="6278912" totalbytes="6288000" percent="99" regionsoverflowed="0" regionsstable="10" regionsrebuilding="0"/>
  </mem-info>
</gc-end>
<cycle-end id="2023" type="partial gc" contextid="2016" timestamp="2019-08-09T08:14:08.452" />
  <attribute name="elasticGC enabled" value="1" />
  <attribute name= "numThreadsSpecified" value="16" />
  <attribute name="heapSize specified" value="0" />
  <attribute name="Current GC Util" value="133" />
  <attribute name= "Current Time Running" value="83529" />
  <attribute name ="GC Interval" value="0" />
  <attribute name="Target GC Util Change" value ="80.000000" />
  <attribute name="Current GC Util Change" value="133.000000"/>
  <attribute name="Current Error" value="-53.000000" />
  <attribute name="Output H" value="157324216"/>
  <attribute name="Output I" value="1976"/>
  <attribute name="Output T" value="16"/>
  <attribute name= "Current Time Running" value="83529" />
  <attribute name="GC Util currently" value="133" />
  <attribute name="CPU Util currently" value="1996373163756" />
<exclusive-end id="2024" timestamp="2019-08-09T08:14:08.452" durationms="11.280" />

<exclusive-start id="2025" timestamp="2019-08-09T08:14:08.510" intervalms="69.195">
  <response-info timems="0.018" idlems="0.018" threads="0" lastid="000000000212BF00" lastname="main" />
</exclusive-start>
<allocation-taxation id="2026" taxation-threshold="46137344" timestamp="2019-08-09T08:14:08.510" intervalms="69.197" />
<cycle-start id="2027" type="partial gc" contextid="0" timestamp="2019-08-09T08:14:08.510" intervalms="69.153" />
<gc-start id="2028" type="partial gc" contextid="2027" timestamp="2019-08-09T08:14:08.510">
  <mem-info id="2029" free="48234496" total="157286400" percent="30">
    <mem type="eden" free="2097088" total="48234496" percent="4" />
    <remembered-set count="1792" freebytes="6280832" totalbytes="6288000" percent="99" regionsoverflowed="0" regionsstable="10" regionsrebuilding="0"/>
  </mem-info>
</gc-start>
<allocation-stats totalBytes="46125640" >
  <allocated-bytes non-tlh="0" tlh="46125640" arrayletleaf="0"/>
  <largest-consumer threadName="main" threadId="000000000212BF00" bytes="46125640" />
</allocation-stats>
<gc-op id="2030" type="copy forward" timems="8.708" contextid="2027" timestamp="2019-08-09T08:14:08.520">
  <memory-copied type="eden" objects="152" bytes="4992" bytesdiscarded="656" />
  <memory-copied type="other" objects="0" bytes="0" bytesdiscarded="0" />
  <memory-cardclean objects="72" bytes="2368" />
  <regions eden="22" other="1" />
  <remembered-set-cleared processed="106" cleared="4" durationms="0.155" />
  <stringconstants candidates="13755" cleared="0"  />
</gc-op>
<gc-op id="2031" type="classunload" timems="0.006" contextid="2027" timestamp="2019-08-09T08:14:08.520">
  <classunload-info classloadercandidates="53" classloadersunloaded="0" classesunloaded="0" anonymousclassesunloaded="0" quiescems="0.000" setupms="0.006" scanms="0.000" postms="0.000" />
</gc-op>
<gc-end id="2032" type="partial gc" contextid="2027" durationms="9.825" usertimems="22.192" systemtimems="0.000" timestamp="2019-08-09T08:14:08.520" activeThreads="16">
  <mem-info id="2033" free="94371840" total="157286400" percent="60">
    <mem type="eden" free="2091504" total="2097152" percent="99" />
    <remembered-set count="2720" freebytes="6277120" totalbytes="6288000" percent="99" regionsoverflowed="0" regionsstable="10" regionsrebuilding="0"/>
  </mem-info>
</gc-end>
<cycle-end id="2034" type="partial gc" contextid="2027" timestamp="2019-08-09T08:14:08.520" />
  <attribute name="elasticGC enabled" value="1" />
  <attribute name= "numThreadsSpecified" value="16" />
  <attribute name="heapSize specified" value="0" />
  <attribute name="Current GC Util" value="132" />
  <attribute name= "Current Time Running" value="83599" />
  <attribute name ="GC Interval" value="0" />
  <attribute name="Target GC Util Change" value ="80.000000" />
  <attribute name="Current GC Util Change" value="132.000000"/>
  <attribute name="Current Error" value="-57.000000" />
  <attribute name="Output H" value="157324208"/>
  <attribute name="Output I" value="1968"/>
  <attribute name="Output T" value="16"/>
  <attribute name= "Current Time Running" value="83599" />
  <attribute name="GC Util currently" value="132" />
  <attribute name="CPU Util currently" value="1852597545840" />
<exclusive-end id="2035" timestamp="2019-08-09T08:14:08.520" durationms="10.550" />

<exclusive-start id="2036" timestamp="2019-08-09T08:14:08.601" intervalms="91.015">
  <response-info timems="0.018" idlems="0.018" threads="0" lastid="000000000212BF00" lastname="main" />
</exclusive-start>
<allocation-taxation id="2037" taxation-threshold="46137344" timestamp="2019-08-09T08:14:08.601" intervalms="91.037" />
<cycle-start id="2038" type="partial gc" contextid="0" timestamp="2019-08-09T08:14:08.601" intervalms="90.937" />
<gc-start id="2039" type="partial gc" contextid="2038" timestamp="2019-08-09T08:14:08.601">
  <mem-info id="2040" free="48234496" total="157286400" percent="30">
    <mem type="eden" free="0" total="46137344" percent="0" />
    <remembered-set count="2720" freebytes="6277120" totalbytes="6288000" percent="99" regionsoverflowed="0" regionsstable="10" regionsrebuilding="0"/>
  </mem-info>
</gc-start>
<allocation-stats totalBytes="46131424" >
  <allocated-bytes non-tlh="0" tlh="46131424" arrayletleaf="0"/>
  <largest-consumer threadName="main" threadId="000000000212BF00" bytes="46131424" />
</allocation-stats>
<gc-op id="2041" type="copy forward" timems="9.661" contextid="2038" timestamp="2019-08-09T08:14:08.612">
  <memory-copied type="eden" objects="231" bytes="7536" bytesdiscarded="1712" />
  <memory-copied type="other" objects="7" bytes="160" bytesdiscarded="1448" />
  <memory-cardclean objects="106" bytes="11536" />
  <regions eden="22" other="1" />
  <remembered-set-cleared processed="104" cleared="6" durationms="0.117" />
  <references type="weak" candidates="37" cleared="0" enqueued="0" />
  <stringconstants candidates="13755" cleared="0"  />
</gc-op>
<gc-op id="2042" type="classunload" timems="0.007" contextid="2038" timestamp="2019-08-09T08:14:08.612">
  <classunload-info classloadercandidates="53" classloadersunloaded="0" classesunloaded="0" anonymousclassesunloaded="0" quiescems="0.000" setupms="0.006" scanms="0.000" postms="0.000" />
</gc-op>
<heap-resize id="2043" type="expand" space="default" amount="6291456" count="1" timems="0.075" reason="excessive time being spent in gc" timestamp="2019-08-09T08:14:08.612" />
<gc-end id="2044" type="partial gc" contextid="2038" durationms="11.167" usertimems="25.483" systemtimems="0.000" timestamp="2019-08-09T08:14:08.612" activeThreads="16">
  <mem-info id="2045" free="98566144" total="163577856" percent="60">
    <mem type="eden" free="2087856" total="2097152" percent="99" />
    <remembered-set count="4672" freebytes="6520832" totalbytes="6539520" percent="99" regionsoverflowed="0" regionsstable="10" regionsrebuilding="0"/>
  </mem-info>
</gc-end>
<cycle-end id="2046" type="partial gc" contextid="2038" timestamp="2019-08-09T08:14:08.613" />
  <attribute name="elasticGC enabled" value="1" />
  <attribute name= "numThreadsSpecified" value="16" />
  <attribute name="heapSize specified" value="0" />
  <attribute name="Current GC Util" value="194" />
  <attribute name= "Current Time Running" value="83690" />
  <attribute name ="GC Interval" value="0" />
  <attribute name="Target GC Util Change" value ="80.000000" />
  <attribute name="Current GC Util Change" value="194.000000"/>
  <attribute name="Current Error" value="-114.000000" />
  <attribute name="Output H" value="157324176"/>
  <attribute name="Output I" value="1936"/>
  <attribute name="Output T" value="16"/>
  <attribute name= "Current Time Running" value="83690" />
  <attribute name="GC Util currently" value="194" />
  <attribute name="CPU Util currently" value="1349658491797" />
<exclusive-end id="2047" timestamp="2019-08-09T08:14:08.613" durationms="11.934" />

<exclusive-start id="2048" timestamp="2019-08-09T08:14:08.680" intervalms="78.672">
  <response-info timems="0.020" idlems="0.020" threads="0" lastid="000000000212BF00" lastname="main" />
</exclusive-start>
<allocation-taxation id="2049" taxation-threshold="48234496" timestamp="2019-08-09T08:14:08.680" intervalms="78.655" />
<cycle-start id="2050" type="partial gc" contextid="0" timestamp="2019-08-09T08:14:08.680" intervalms="79.117" />
<gc-start id="2051" type="partial gc" contextid="2050" timestamp="2019-08-09T08:14:08.680">
  <mem-info id="2052" free="50331648" total="163577856" percent="30">
    <mem type="eden" free="0" total="48234496" percent="0" />
    <remembered-set count="4672" freebytes="6520832" totalbytes="6539520" percent="99" regionsoverflowed="0" regionsstable="10" regionsrebuilding="0"/>
  </mem-info>
</gc-start>
<allocation-stats totalBytes="48216024" >
  <allocated-bytes non-tlh="0" tlh="48216024" arrayletleaf="0"/>
  <largest-consumer threadName="main" threadId="000000000212BF00" bytes="48216024" />
</allocation-stats>
<gc-op id="2053" type="copy forward" timems="16.164" contextid="2050" timestamp="2019-08-09T08:14:08.698">
  <memory-copied type="eden" objects="23" bytes="928" bytesdiscarded="0" />
  <memory-copied type="other" objects="102" bytes="3496" bytesdiscarded="1328" />
  <memory-cardclean objects="69" bytes="10520" />
  <regions eden="23" other="1" />
  <remembered-set-cleared processed="107" cleared="7" durationms="0.503" />
  <references type="weak" candidates="37" cleared="0" enqueued="0" />
  <stringconstants candidates="13755" cleared="0"  />
</gc-op>
<gc-op id="2054" type="classunload" timems="0.012" contextid="2050" timestamp="2019-08-09T08:14:08.698">
  <classunload-info classloadercandidates="53" classloadersunloaded="0" classesunloaded="0" anonymousclassesunloaded="0" quiescems="0.000" setupms="0.012" scanms="0.000" postms="0.000" />
</gc-op>
<heap-resize id="2055" type="expand" space="default" amount="4194304" count="1" timems="0.082" reason="excessive time being spent in gc" timestamp="2019-08-09T08:14:08.698" />
<gc-end id="2056" type="partial gc" contextid="2050" durationms="17.730" usertimems="40.418" systemtimems="0.000" timestamp="2019-08-09T08:14:08.698" activeThreads="16">
  <mem-info id="2057" free="100663296" total="167772160" percent="60">
    <mem type="eden" free="2096224" total="2097152" percent="99" />
    <remembered-set count="3712" freebytes="6692352" totalbytes="6707200" percent="99" regionsoverflowed="0" regionsstable="10" regionsrebuilding="0"/>
  </mem-info>
</gc-end>
<cycle-end id="2058" type="partial gc" contextid="2050" timestamp="2019-08-09T08:14:08.698" />
  <attribute name="elasticGC enabled" value="1" />
  <attribute name= "numThreadsSpecified" value="16" />
  <attribute name="heapSize specified" value="0" />
  <attribute name="Current GC Util" value="182" />
  <attribute name= "Current Time Running" value="83769" />
  <attribute name ="GC Interval" value="0" />
  <attribute name="Target GC Util Change" value ="80.000000" />
  <attribute name="Current GC Util Change" value="182.000000"/>
  <attribute name="Current Error" value="-102.000000" />
  <attribute name="Output H" value="163615640"/>
  <attribute name="Output I" value="1944"/>
  <attribute name="Output T" value="16"/>
  <attribute name= "Current Time Running" value="83769" />
  <attribute name="GC Util currently" value="182" />
  <attribute name="CPU Util currently" value="1691609416447" />
<exclusive-end id="2059" timestamp="2019-08-09T08:14:08.698" durationms="18.774" />

<exclusive-start id="2060" timestamp="2019-08-09T08:14:08.717" intervalms="37.067">
  <response-info timems="0.021" idlems="0.021" threads="0" lastid="000000000212BF00" lastname="main" />
</exclusive-start>
<allocation-taxation id="2061" taxation-threshold="48234496" timestamp="2019-08-09T08:14:08.717" intervalms="37.066" />
<cycle-start id="2062" type="partial gc" contextid="0" timestamp="2019-08-09T08:14:08.717" intervalms="36.626" />
<gc-start id="2063" type="partial gc" contextid="2062" timestamp="2019-08-09T08:14:08.717">
  <mem-info id="2064" free="52428800" total="167772160" percent="31">
    <mem type="eden" free="0" total="48234496" percent="0" />
    <remembered-set count="3232" freebytes="6694272" totalbytes="6707200" percent="99" regionsoverflowed="0" regionsstable="10" regionsrebuilding="0"/>
  </mem-info>
</gc-start>
<allocation-stats totalBytes="48209608" >
  <allocated-bytes non-tlh="0" tlh="48209608" arrayletleaf="0"/>
  <largest-consumer threadName="main" threadId="000000000212BF00" bytes="48209608" />
</allocation-stats>
<gc-op id="2065" type="copy forward" timems="11.980" contextid="2062" timestamp="2019-08-09T08:14:08.730">
  <memory-copied type="eden" objects="6" bytes="400" bytesdiscarded="0" />
  <memory-copied type="other" objects="17" bytes="544" bytesdiscarded="0" />
  <memory-cardclean objects="52" bytes="1792" />
  <regions eden="23" other="1" />
  <remembered-set-cleared processed="111" cleared="5" durationms="0.105" />
  <stringconstants candidates="13755" cleared="0"  />
</gc-op>
<gc-op id="2066" type="classunload" timems="0.009" contextid="2062" timestamp="2019-08-09T08:14:08.730">
  <classunload-info classloadercandidates="53" classloadersunloaded="0" classesunloaded="0" anonymousclassesunloaded="0" quiescems="0.000" setupms="0.008" scanms="0.000" postms="0.000" />
</gc-op>
<heap-resize id="2067" type="expand" space="default" amount="6291456" count="1" timems="0.091" reason="excessive time being spent in gc" timestamp="2019-08-09T08:14:08.731" />
<gc-end id="2068" type="partial gc" contextid="2062" durationms="13.601" usertimems="31.012" systemtimems="0.000" timestamp="2019-08-09T08:14:08.731" activeThreads="16">
  <mem-info id="2069" free="104857600" total="174063616" percent="60">
    <mem type="eden" free="2096752" total="2097152" percent="99" />
    <remembered-set count="2880" freebytes="6947200" totalbytes="6958720" percent="99" regionsoverflowed="0" regionsstable="10" regionsrebuilding="0"/>
  </mem-info>
</gc-end>
<cycle-end id="2070" type="partial gc" contextid="2062" timestamp="2019-08-09T08:14:08.731" />
  <attribute name="elasticGC enabled" value="1" />
  <attribute name= "numThreadsSpecified" value="16" />
  <attribute name="heapSize specified" value="0" />
  <attribute name="Current GC Util" value="132" />
  <attribute name= "Current Time Running" value="83806" />
  <attribute name ="GC Interval" value="0" />
  <attribute name="Target GC Util Change" value ="80.000000" />
  <attribute name="Current GC Util Change" value="132.000000"/>
  <attribute name="Current Error" value="-183.000000" />
  <attribute name="Output H" value="167809896"/>
  <attribute name="Output I" value="1896"/>
  <attribute name="Output T" value="16"/>
  <attribute name= "Current Time Running" value="83806" />
  <attribute name="GC Util currently" value="132" />
  <attribute name="CPU Util currently" value="1118887162701" />
<exclusive-end id="2071" timestamp="2019-08-09T08:14:08.731" durationms="14.313" />

<exclusive-start id="2072" timestamp="2019-08-09T08:14:08.748" intervalms="31.682">
  <response-info timems="0.022" idlems="0.022" threads="0" lastid="000000000212BF00" lastname="main" />
</exclusive-start>
<allocation-taxation id="2073" taxation-threshold="50331648" timestamp="2019-08-09T08:14:08.748" intervalms="31.693" />
<cycle-start id="2074" type="partial gc" contextid="0" timestamp="2019-08-09T08:14:08.749" intervalms="31.751" />
<gc-start id="2075" type="partial gc" contextid="2074" timestamp="2019-08-09T08:14:08.749">
  <mem-info id="2076" free="54525952" total="174063616" percent="31">
    <mem type="eden" free="2096752" total="52428800" percent="3" />
    <remembered-set count="2880" freebytes="6947200" totalbytes="6958720" percent="99" regionsoverflowed="0" regionsstable="10" regionsrebuilding="0"/>
  </mem-info>
</gc-start>
<allocation-stats totalBytes="50305728" >
  <allocated-bytes non-tlh="0" tlh="50305728" arrayletleaf="0"/>
  <largest-consumer threadName="main" threadId="000000000212BF00" bytes="50305728" />
</allocation-stats>
<gc-op id="2077" type="copy forward" timems="8.117" contextid="2074" timestamp="2019-08-09T08:14:08.758">
  <memory-copied type="eden" objects="6" bytes="256" bytesdiscarded="0" />
  <memory-copied type="other" objects="0" bytes="0" bytesdiscarded="0" />
  <memory-cardclean objects="16" bytes="520" />
  <regions eden="24" other="1" />
  <remembered-set-cleared processed="115" cleared="0" durationms="0.101" />
  <stringconstants candidates="13755" cleared="0"  />
</gc-op>
<gc-op id="2078" type="classunload" timems="0.009" contextid="2074" timestamp="2019-08-09T08:14:08.758">
  <classunload-info classloadercandidates="53" classloadersunloaded="0" classesunloaded="0" anonymousclassesunloaded="0" quiescems="0.000" setupms="0.009" scanms="0.000" postms="0.000" />
</gc-op>
<gc-end id="2079" type="partial gc" contextid="2074" durationms="9.454" usertimems="19.968" systemtimems="0.000" timestamp="2019-08-09T08:14:08.758" activeThreads="16">
  <mem-info id="2080" free="104857600" total="174063616" percent="60">
    <mem type="eden" free="2096896" total="2097152" percent="99" />
    <remembered-set count="2528" freebytes="6948608" totalbytes="6958720" percent="99" regionsoverflowed="0" regionsstable="10" regionsrebuilding="0"/>
  </mem-info>
</gc-end>
<cycle-end id="2081" type="partial gc" contextid="2074" timestamp="2019-08-09T08:14:08.759" />
  <attribute name="elasticGC enabled" value="1" />
  <attribute name= "numThreadsSpecified" value="16" />
  <attribute name="heapSize specified" value="0" />
  <attribute name="Current GC Util" value="165" />
  <attribute name= "Current Time Running" value="83837" />
  <attribute name ="GC Interval" value="0" />
  <attribute name="Target GC Util Change" value ="80.000000" />
  <attribute name="Current GC Util Change" value="165.000000"/>
  <attribute name="Current Error" value="-284.000000" />
  <attribute name="Output H" value="174101296"/>
  <attribute name="Output I" value="1840"/>
  <attribute name="Output T" value="16"/>
  <attribute name= "Current Time Running" value="83837" />
  <attribute name="GC Util currently" value="165" />
  <attribute name="CPU Util currently" value="1312270476066" />
<exclusive-end id="2082" timestamp="2019-08-09T08:14:08.759" durationms="10.349" />

<exclusive-start id="2083" timestamp="2019-08-09T08:14:08.776" intervalms="27.641">
  <response-info timems="0.018" idlems="0.018" threads="0" lastid="000000000212BF00" lastname="main" />
</exclusive-start>
<allocation-taxation id="2084" taxation-threshold="50331648" timestamp="2019-08-09T08:14:08.776" intervalms="27.633" />
<cycle-start id="2085" type="partial gc" contextid="0" timestamp="2019-08-09T08:14:08.776" intervalms="27.583" />
<gc-start id="2086" type="partial gc" contextid="2085" timestamp="2019-08-09T08:14:08.776">
  <mem-info id="2087" free="54525952" total="174063616" percent="31">
    <mem type="eden" free="2096896" total="52428800" percent="3" />
    <remembered-set count="2528" freebytes="6948608" totalbytes="6958720" percent="99" regionsoverflowed="0" regionsstable="10" regionsrebuilding="0"/>
  </mem-info>
</gc-start>
<allocation-stats totalBytes="50305664" >
  <allocated-bytes non-tlh="0" tlh="50305664" arrayletleaf="0"/>
  <largest-consumer threadName="main" threadId="000000000212BF00" bytes="50305664" />
</allocation-stats>
<gc-op id="2088" type="copy forward" timems="8.188" contextid="2085" timestamp="2019-08-09T08:14:08.785">
  <memory-copied type="eden" objects="6" bytes="360" bytesdiscarded="0" />
  <memory-copied type="other" objects="0" bytes="0" bytesdiscarded="0" />
  <memory-cardclean objects="16" bytes="520" />
  <regions eden="24" other="1" />
  <remembered-set-cleared processed="115" cleared="0" durationms="0.105" />
  <stringconstants candidates="13755" cleared="0"  />
</gc-op>
<gc-op id="2089" type="classunload" timems="0.007" contextid="2085" timestamp="2019-08-09T08:14:08.785">
  <classunload-info classloadercandidates="53" classloadersunloaded="0" classesunloaded="0" anonymousclassesunloaded="0" quiescems="0.000" setupms="0.006" scanms="0.000" postms="0.000" />
</gc-op>
<gc-end id="2090" type="partial gc" contextid="2085" durationms="9.184" usertimems="21.648" systemtimems="0.000" timestamp="2019-08-09T08:14:08.786" activeThreads="16">
  <mem-info id="2091" free="104857600" total="174063616" percent="60">
    <mem type="eden" free="2096792" total="2097152" percent="99" />
    <remembered-set count="2528" freebytes="6948608" totalbytes="6958720" percent="99" regionsoverflowed="0" regionsstable="10" regionsrebuilding="0"/>
  </mem-info>
</gc-end>
<cycle-end id="2092" type="partial gc" contextid="2085" timestamp="2019-08-09T08:14:08.786" />
  <attribute name="elasticGC enabled" value="1" />
  <attribute name= "numThreadsSpecified" value="16" />
  <attribute name="heapSize specified" value="0" />
  <attribute name="Current GC Util" value="141" />
  <attribute name= "Current Time Running" value="83864" />
  <attribute name ="GC Interval" value="0" />
  <attribute name="Target GC Util Change" value ="80.000000" />
  <attribute name="Current GC Util Change" value="141.000000"/>
  <attribute name="Current Error" value="-61.000000" />
  <attribute name="Output H" value="174101424"/>
  <attribute name="Output I" value="1968"/>
  <attribute name="Output T" value="16"/>
  <attribute name= "Current Time Running" value="83864" />
  <attribute name="GC Util currently" value="141" />
  <attribute name="CPU Util currently" value="2001123816099" />
<exclusive-end id="2093" timestamp="2019-08-09T08:14:08.786" durationms="9.783" />

<exclusive-start id="2094" timestamp="2019-08-09T08:14:08.803" intervalms="27.525">
  <response-info timems="0.022" idlems="0.022" threads="0" lastid="000000000212BF00" lastname="main" />
</exclusive-start>
<allocation-taxation id="2095" taxation-threshold="50331648" timestamp="2019-08-09T08:14:08.804" intervalms="27.518" />
<cycle-start id="2096" type="partial gc" contextid="0" timestamp="2019-08-09T08:14:08.804" intervalms="27.508" />
<gc-start id="2097" type="partial gc" contextid="2096" timestamp="2019-08-09T08:14:08.804">
  <mem-info id="2098" free="54525952" total="174063616" percent="31">
    <mem type="eden" free="2096792" total="52428800" percent="3" />
    <remembered-set count="2048" freebytes="6950528" totalbytes="6958720" percent="99" regionsoverflowed="0" regionsstable="10" regionsrebuilding="0"/>
  </mem-info>
</gc-start>
<allocation-stats totalBytes="50306368" >
  <allocated-bytes non-tlh="0" tlh="50306368" arrayletleaf="0"/>
  <largest-consumer threadName="main" threadId="000000000212BF00" bytes="50306368" />
</allocation-stats>
<gc-op id="2099" type="copy forward" timems="7.503" contextid="2096" timestamp="2019-08-09T08:14:08.813">
  <memory-copied type="eden" objects="7" bytes="304" bytesdiscarded="0" />
  <memory-copied type="other" objects="0" bytes="0" bytesdiscarded="0" />
  <memory-cardclean objects="16" bytes="520" />
  <regions eden="24" other="1" />
  <remembered-set-cleared processed="115" cleared="0" durationms="0.123" />
  <stringconstants candidates="13755" cleared="0"  />
</gc-op>
<gc-op id="2100" type="classunload" timems="0.011" contextid="2096" timestamp="2019-08-09T08:14:08.813">
  <classunload-info classloadercandidates="53" classloadersunloaded="0" classesunloaded="0" anonymousclassesunloaded="0" quiescems="0.000" setupms="0.010" scanms="0.000" postms="0.000" />
</gc-op>
<gc-end id="2101" type="partial gc" contextid="2096" durationms="9.502" usertimems="21.018" systemtimems="0.000" timestamp="2019-08-09T08:14:08.813" activeThreads="16">
  <mem-info id="2102" free="104857600" total="174063616" percent="60">
    <mem type="eden" free="2096848" total="2097152" percent="99" />
    <remembered-set count="2528" freebytes="6948608" totalbytes="6958720" percent="99" regionsoverflowed="0" regionsstable="10" regionsrebuilding="0"/>
  </mem-info>
</gc-end>
<cycle-end id="2103" type="partial gc" contextid="2096" timestamp="2019-08-09T08:14:08.814" />
  <attribute name="elasticGC enabled" value="1" />
  <attribute name= "numThreadsSpecified" value="16" />
  <attribute name="heapSize specified" value="0" />
  <attribute name="Current GC Util" value="183" />
  <attribute name= "Current Time Running" value="83893" />
  <attribute name ="GC Interval" value="0" />
  <attribute name="Target GC Util Change" value ="80.000000" />
  <attribute name="Current GC Util Change" value="183.000000"/>
  <attribute name="Current Error" value="-161.000000" />
  <attribute name="Output H" value="174101368"/>
  <attribute name="Output I" value="1912"/>
  <attribute name="Output T" value="16"/>
  <attribute name= "Current Time Running" value="83893" />
  <attribute name="GC Util currently" value="183" />
  <attribute name="CPU Util currently" value="750027141999" />
<exclusive-end id="2104" timestamp="2019-08-09T08:14:08.814" durationms="10.136" />

<exclusive-start id="2105" timestamp="2019-08-09T08:14:08.831" intervalms="27.319">
  <response-info timems="0.018" idlems="0.018" threads="0" lastid="000000000212BF00" lastname="main" />
</exclusive-start>
<allocation-taxation id="2106" taxation-threshold="50331648" timestamp="2019-08-09T08:14:08.831" intervalms="27.317" />
<cycle-start id="2107" type="partial gc" contextid="0" timestamp="2019-08-09T08:14:08.831" intervalms="27.280" />
<gc-start id="2108" type="partial gc" contextid="2107" timestamp="2019-08-09T08:14:08.831">
  <mem-info id="2109" free="54525952" total="174063616" percent="31">
    <mem type="eden" free="2096848" total="52428800" percent="3" />
    <remembered-set count="2528" freebytes="6948608" totalbytes="6958720" percent="99" regionsoverflowed="0" regionsstable="10" regionsrebuilding="0"/>
  </mem-info>
</gc-start>
<allocation-stats totalBytes="50288256" >
  <allocated-bytes non-tlh="0" tlh="50288256" arrayletleaf="0"/>
  <largest-consumer threadName="main" threadId="000000000212BF00" bytes="50288256" />
</allocation-stats>
<gc-op id="2110" type="copy forward" timems="7.802" contextid="2107" timestamp="2019-08-09T08:14:08.840">
  <memory-copied type="eden" objects="28" bytes="1296" bytesdiscarded="608" />
  <memory-copied type="other" objects="0" bytes="0" bytesdiscarded="0" />
  <memory-cardclean objects="78" bytes="2472" />
  <regions eden="24" other="1" />
  <remembered-set-cleared processed="115" cleared="4" durationms="0.324" />
  <stringconstants candidates="13755" cleared="0"  />
</gc-op>
<gc-op id="2111" type="classunload" timems="0.009" contextid="2107" timestamp="2019-08-09T08:14:08.840">
  <classunload-info classloadercandidates="53" classloadersunloaded="0" classesunloaded="0" anonymousclassesunloaded="0" quiescems="0.000" setupms="0.008" scanms="0.000" postms="0.000" />
</gc-op>
<gc-end id="2112" type="partial gc" contextid="2107" durationms="8.879" usertimems="17.871" systemtimems="0.000" timestamp="2019-08-09T08:14:08.840" activeThreads="16">
  <mem-info id="2113" free="104857600" total="174063616" percent="60">
    <mem type="eden" free="2095248" total="2097152" percent="99" />
    <remembered-set count="3520" freebytes="6944640" totalbytes="6958720" percent="99" regionsoverflowed="0" regionsstable="10" regionsrebuilding="0"/>
  </mem-info>
</gc-end>
<cycle-end id="2114" type="partial gc" contextid="2107" timestamp="2019-08-09T08:14:08.840" />
  <attribute name="elasticGC enabled" value="1" />
  <attribute name= "numThreadsSpecified" value="16" />
  <attribute name="heapSize specified" value="0" />
  <attribute name="Current GC Util" value="152" />
  <attribute name= "Current Time Running" value="83919" />
  <attribute name ="GC Interval" value="0" />
  <attribute name="Target GC Util Change" value ="80.000000" />
  <attribute name="Current GC Util Change" value="152.000000"/>
  <attribute name="Current Error" value="-224.000000" />
  <attribute name="Output H" value="174101328"/>
  <attribute name="Output I" value="1872"/>
  <attribute name="Output T" value="16"/>
  <attribute name= "Current Time Running" value="83919" />
  <attribute name="GC Util currently" value="152" />
  <attribute name="CPU Util currently" value="1819656264772" />
<exclusive-end id="2115" timestamp="2019-08-09T08:14:08.840" durationms="9.519" />

<exclusive-start id="2116" timestamp="2019-08-09T08:14:08.860" intervalms="29.482">
  <response-info timems="0.018" idlems="0.018" threads="0" lastid="000000000212BF00" lastname="main" />
</exclusive-start>
<allocation-taxation id="2117" taxation-threshold="50331648" timestamp="2019-08-09T08:14:08.860" intervalms="29.480" />
<cycle-start id="2118" type="partial gc" contextid="0" timestamp="2019-08-09T08:14:08.860" intervalms="29.491" />
<gc-start id="2119" type="partial gc" contextid="2118" timestamp="2019-08-09T08:14:08.861">
  <mem-info id="2120" free="54525952" total="174063616" percent="31">
    <mem type="eden" free="0" total="50331648" percent="0" />
    <remembered-set count="3520" freebytes="6944640" totalbytes="6958720" percent="99" regionsoverflowed="0" regionsstable="10" regionsrebuilding="0"/>
  </mem-info>
</gc-start>
<allocation-stats totalBytes="50288288" >
  <allocated-bytes non-tlh="0" tlh="50288288" arrayletleaf="0"/>
  <largest-consumer threadName="main" threadId="000000000212BF00" bytes="50288288" />
</allocation-stats>
<gc-op id="2121" type="copy forward" timems="6.340" contextid="2118" timestamp="2019-08-09T08:14:08.868">
  <memory-copied type="eden" objects="36" bytes="1440" bytesdiscarded="0" />
  <memory-copied type="other" objects="11" bytes="536" bytesdiscarded="632" />
  <memory-cardclean objects="76" bytes="2440" />
  <regions eden="24" other="1" />
  <remembered-set-cleared processed="113" cleared="2" durationms="0.128" />
  <stringconstants candidates="13755" cleared="0"  />
</gc-op>
<gc-op id="2122" type="classunload" timems="0.007" contextid="2118" timestamp="2019-08-09T08:14:08.868">
  <classunload-info classloadercandidates="53" classloadersunloaded="0" classesunloaded="0" anonymousclassesunloaded="0" quiescems="0.000" setupms="0.006" scanms="0.000" postms="0.000" />
</gc-op>
<heap-resize id="2123" type="expand" space="default" amount="4194304" count="1" timems="0.070" reason="excessive time being spent in gc" timestamp="2019-08-09T08:14:08.868" />
<gc-end id="2124" type="partial gc" contextid="2118" durationms="7.603" usertimems="15.224" systemtimems="0.000" timestamp="2019-08-09T08:14:08.868" activeThreads="16">
  <mem-info id="2125" free="106954752" total="178257920" percent="60">
    <mem type="eden" free="2095712" total="2097152" percent="99" />
    <remembered-set count="3008" freebytes="7114368" totalbytes="7126400" percent="99" regionsoverflowed="0" regionsstable="10" regionsrebuilding="0"/>
  </mem-info>
</gc-end>
<cycle-end id="2126" type="partial gc" contextid="2118" timestamp="2019-08-09T08:14:08.868" />
  <attribute name="elasticGC enabled" value="1" />
  <attribute name= "numThreadsSpecified" value="16" />
  <attribute name="heapSize specified" value="0" />
  <attribute name="Current GC Util" value="99" />
  <attribute name= "Current Time Running" value="83949" />
  <attribute name ="GC Interval" value="0" />
  <attribute name="Target GC Util Change" value ="80.000000" />
  <attribute name="Current GC Util Change" value="99.000000"/>
  <attribute name="Current Error" value="-19.000000" />
  <attribute name="Output H" value="174101448"/>
  <attribute name="Output I" value="1992"/>
  <attribute name="Output T" value="16"/>
  <attribute name= "Current Time Running" value="83949" />
  <attribute name="GC Util currently" value="99" />
  <attribute name="CPU Util currently" value="1663566525051" />
<exclusive-end id="2127" timestamp="2019-08-09T08:14:08.868" durationms="8.130" />

<exclusive-start id="2128" timestamp="2019-08-09T08:14:08.925" intervalms="64.279">
  <response-info timems="0.019" idlems="0.019" threads="0" lastid="000000000212BF00" lastname="main" />
</exclusive-start>
<allocation-taxation id="2129" taxation-threshold="52428800" timestamp="2019-08-09T08:14:08.925" intervalms="64.283" />
<cycle-start id="2130" type="partial gc" contextid="0" timestamp="2019-08-09T08:14:08.925" intervalms="64.307" />
<gc-start id="2131" type="partial gc" contextid="2130" timestamp="2019-08-09T08:14:08.925">
  <mem-info id="2132" free="54525952" total="178257920" percent="30">
    <mem type="eden" free="0" total="52428800" percent="0" />
    <remembered-set count="3008" freebytes="7114368" totalbytes="7126400" percent="99" regionsoverflowed="0" regionsstable="10" regionsrebuilding="0"/>
  </mem-info>
</gc-start>
<allocation-stats totalBytes="52417192" >
  <allocated-bytes non-tlh="0" tlh="52417192" arrayletleaf="0"/>
  <largest-consumer threadName="main" threadId="000000000212BF00" bytes="52417192" />
</allocation-stats>
<gc-op id="2133" type="copy forward" timems="4.396" contextid="2130" timestamp="2019-08-09T08:14:08.931">
  <memory-copied type="eden" objects="25" bytes="1144" bytesdiscarded="0" />
  <memory-copied type="other" objects="17" bytes="560" bytesdiscarded="0" />
  <memory-cardclean objects="52" bytes="1792" />
  <regions eden="25" other="1" />
  <remembered-set-cleared processed="116" cleared="4" durationms="0.171" />
  <stringconstants candidates="13755" cleared="0"  />
</gc-op>
<gc-op id="2134" type="classunload" timems="0.008" contextid="2130" timestamp="2019-08-09T08:14:08.931">
  <classunload-info classloadercandidates="53" classloadersunloaded="0" classesunloaded="0" anonymousclassesunloaded="0" quiescems="0.000" setupms="0.008" scanms="0.000" postms="0.000" />
</gc-op>
<heap-resize id="2135" type="expand" space="default" amount="6291456" count="1" timems="0.079" reason="excessive time being spent in gc" timestamp="2019-08-09T08:14:08.931" />
<gc-end id="2136" type="partial gc" contextid="2130" durationms="5.958" usertimems="10.736" systemtimems="0.000" timestamp="2019-08-09T08:14:08.931" activeThreads="8">
  <mem-info id="2137" free="111149056" total="184549376" percent="60">
    <mem type="eden" free="2096008" total="2097152" percent="99" />
    <remembered-set count="3936" freebytes="7362176" totalbytes="7377920" percent="99" regionsoverflowed="0" regionsstable="10" regionsrebuilding="0"/>
  </mem-info>
</gc-end>
<cycle-end id="2138" type="partial gc" contextid="2130" timestamp="2019-08-09T08:14:08.931" />
  <attribute name="elasticGC enabled" value="1" />
  <attribute name= "numThreadsSpecified" value="8" />
  <attribute name="heapSize specified" value="0" />
  <attribute name="Current GC Util" value="130" />
  <attribute name= "Current Time Running" value="84013" />
  <attribute name ="GC Interval" value="0" />
  <attribute name="Target GC Util Change" value ="80.000000" />
  <attribute name="Current GC Util Change" value="130.000000"/>
  <attribute name="Current Error" value="-11.000000" />
  <attribute name="Output H" value="178295760"/>
  <attribute name="Output I" value="2000"/>
  <attribute name="Output T" value="8"/>
  <attribute name= "Current Time Running" value="84013" />
  <attribute name="GC Util currently" value="130" />
  <attribute name="CPU Util currently" value="1591017757159" />
<exclusive-end id="2139" timestamp="2019-08-09T08:14:08.931" durationms="6.642" />

<exclusive-start id="2140" timestamp="2019-08-09T08:14:09.153" intervalms="228.425">
  <response-info timems="0.021" idlems="0.021" threads="0" lastid="000000000212BF00" lastname="main" />
</exclusive-start>
<allocation-taxation id="2141" taxation-threshold="52428800" timestamp="2019-08-09T08:14:09.153" intervalms="228.427" />
<cycle-start id="2142" type="partial gc" contextid="0" timestamp="2019-08-09T08:14:09.153" intervalms="228.458" />
<gc-start id="2143" type="partial gc" contextid="2142" timestamp="2019-08-09T08:14:09.153">
  <mem-info id="2144" free="58720256" total="184549376" percent="31">
    <mem type="eden" free="2096008" total="54525952" percent="3" />
    <remembered-set count="3936" freebytes="7362176" totalbytes="7377920" percent="99" regionsoverflowed="0" regionsstable="10" regionsrebuilding="0"/>
  </mem-info>
</gc-start>
<allocation-stats totalBytes="51022032" >
  <allocated-bytes non-tlh="0" tlh="51022032" arrayletleaf="0"/>
  <largest-consumer threadName="main" threadId="000000000212BF00" bytes="51022032" />
</allocation-stats>
<gc-op id="2145" type="copy forward" timems="9.124" contextid="2142" timestamp="2019-08-09T08:14:09.163">
  <memory-copied type="eden" objects="98" bytes="14384" bytesdiscarded="864" />
  <memory-copied type="other" objects="0" bytes="0" bytesdiscarded="0" />
  <memory-cardclean objects="99" bytes="3000" />
  <regions eden="25" other="1" />
  <remembered-set-cleared processed="120" cleared="4" durationms="0.113" />
  <stringconstants candidates="13755" cleared="0"  />
</gc-op>
<gc-op id="2146" type="classunload" timems="0.011" contextid="2142" timestamp="2019-08-09T08:14:09.163">
  <classunload-info classloadercandidates="53" classloadersunloaded="0" classesunloaded="0" anonymousclassesunloaded="0" quiescems="0.000" setupms="0.011" scanms="0.000" postms="0.000" />
</gc-op>
<gc-end id="2147" type="partial gc" contextid="2142" durationms="10.191" usertimems="19.930" systemtimems="0.000" timestamp="2019-08-09T08:14:09.164" activeThreads="16">
  <mem-info id="2148" free="111149056" total="184549376" percent="60">
    <mem type="eden" free="2081904" total="2097152" percent="99" />
    <remembered-set count="3680" freebytes="7363200" totalbytes="7377920" percent="99" regionsoverflowed="0" regionsstable="10" regionsrebuilding="0"/>
  </mem-info>
</gc-end>
<cycle-end id="2149" type="partial gc" contextid="2142" timestamp="2019-08-09T08:14:09.164" />
  <attribute name="elasticGC enabled" value="1" />
  <attribute name= "numThreadsSpecified" value="16" />
  <attribute name="heapSize specified" value="0" />
  <attribute name="Current GC Util" value="217" />
  <attribute name= "Current Time Running" value="84241" />
  <attribute name ="GC Interval" value="0" />
  <attribute name="Target GC Util Change" value ="80.000000" />
  <attribute name="Current GC Util Change" value="217.000000"/>
  <attribute name="Current Error" value="-72.000000" />
  <attribute name="Output H" value="184587176"/>
  <attribute name="Output I" value="1960"/>
  <attribute name="Output T" value="16"/>
  <attribute name= "Current Time Running" value="84241" />
  <attribute name="GC Util currently" value="217" />
  <attribute name="CPU Util currently" value="2058567781111" />
<exclusive-end id="2150" timestamp="2019-08-09T08:14:09.164" durationms="10.972" />

<exclusive-start id="2151" timestamp="2019-08-09T08:14:09.210" intervalms="56.892">
  <response-info timems="0.015" idlems="0.015" threads="0" lastid="000000000212BF00" lastname="main" />
</exclusive-start>
<allocation-taxation id="2152" taxation-threshold="52428800" timestamp="2019-08-09T08:14:09.210" intervalms="56.888" />
<cycle-start id="2153" type="partial gc" contextid="0" timestamp="2019-08-09T08:14:09.210" intervalms="56.843" />
<gc-start id="2154" type="partial gc" contextid="2153" timestamp="2019-08-09T08:14:09.210">
  <mem-info id="2155" free="58720256" total="184549376" percent="31">
    <mem type="eden" free="0" total="52428800" percent="0" />
    <remembered-set count="3264" freebytes="7364864" totalbytes="7377920" percent="99" regionsoverflowed="0" regionsstable="10" regionsrebuilding="0"/>
  </mem-info>
</gc-start>
<allocation-stats totalBytes="52424640" >
  <allocated-bytes non-tlh="0" tlh="52424640" arrayletleaf="0"/>
  <largest-consumer threadName="main" threadId="000000000212BF00" bytes="52424640" />
</allocation-stats>
<gc-op id="2156" type="copy forward" timems="5.956" contextid="2153" timestamp="2019-08-09T08:14:09.217">
  <memory-copied type="eden" objects="131" bytes="7328" bytesdiscarded="0" />
  <memory-copied type="other" objects="67" bytes="2320" bytesdiscarded="0" />
  <memory-cardclean objects="95" bytes="3016" />
  <regions eden="25" other="1" />
  <remembered-set-cleared processed="118" cleared="2" durationms="0.130" />
  <stringconstants candidates="13755" cleared="0"  />
</gc-op>
<gc-op id="2157" type="classunload" timems="0.006" contextid="2153" timestamp="2019-08-09T08:14:09.217">
  <classunload-info classloadercandidates="53" classloadersunloaded="0" classesunloaded="0" anonymousclassesunloaded="0" quiescems="0.000" setupms="0.005" scanms="0.000" postms="0.000" />
</gc-op>
<gc-end id="2158" type="partial gc" contextid="2153" durationms="6.923" usertimems="16.177" systemtimems="0.000" timestamp="2019-08-09T08:14:09.217" activeThreads="16">
  <mem-info id="2159" free="109051904" total="184549376" percent="59">
    <mem type="eden" free="2089824" total="2097152" percent="99" />
    <remembered-set count="3680" freebytes="7363200" totalbytes="7377920" percent="99" regionsoverflowed="0" regionsstable="10" regionsrebuilding="0"/>
  </mem-info>
</gc-end>
<cycle-end id="2160" type="partial gc" contextid="2153" timestamp="2019-08-09T08:14:09.217" />
  <attribute name="elasticGC enabled" value="1" />
  <attribute name= "numThreadsSpecified" value="16" />
  <attribute name="heapSize specified" value="0" />
  <attribute name="Current GC Util" value="183" />
  <attribute name= "Current Time Running" value="84298" />
  <attribute name ="GC Interval" value="0" />
  <attribute name="Target GC Util Change" value ="80.000000" />
  <attribute name="Current GC Util Change" value="183.000000"/>
  <attribute name="Current Error" value="-103.000000" />
  <attribute name="Output H" value="184587160"/>
  <attribute name="Output I" value="1944"/>
  <attribute name="Output T" value="16"/>
  <attribute name= "Current Time Running" value="84298" />
  <attribute name="GC Util currently" value="183" />
  <attribute name="CPU Util currently" value="1957531527847" />
<exclusive-end id="2161" timestamp="2019-08-09T08:14:09.217" durationms="7.496" />

<exclusive-start id="2162" timestamp="2019-08-09T08:14:09.363" intervalms="152.773">
  <response-info timems="0.015" idlems="0.015" threads="0" lastid="000000000212BF00" lastname="main" />
</exclusive-start>
<allocation-taxation id="2163" taxation-threshold="52428800" timestamp="2019-08-09T08:14:09.363" intervalms="152.777" />
<cycle-start id="2164" type="partial gc" contextid="0" timestamp="2019-08-09T08:14:09.363" intervalms="152.804" />
<gc-start id="2165" type="partial gc" contextid="2164" timestamp="2019-08-09T08:14:09.363">
  <mem-info id="2166" free="56623104" total="184549376" percent="30">
    <mem type="eden" free="2089824" total="54525952" percent="3" />
    <remembered-set count="3680" freebytes="7363200" totalbytes="7377920" percent="99" regionsoverflowed="0" regionsstable="10" regionsrebuilding="0"/>
  </mem-info>
</gc-start>
<allocation-stats totalBytes="52422968" >
  <allocated-bytes non-tlh="0" tlh="52422968" arrayletleaf="0"/>
  <largest-consumer threadName="main" threadId="000000000212BF00" bytes="52422968" />
</allocation-stats>
<gc-op id="2167" type="copy forward" timems="9.078" contextid="2164" timestamp="2019-08-09T08:14:09.373">
  <memory-copied type="eden" objects="37" bytes="1152" bytesdiscarded="0" />
  <memory-copied type="other" objects="6" bytes="136" bytesdiscarded="0" />
  <memory-cardclean objects="62" bytes="2160" />
  <regions eden="25" other="1" />
  <remembered-set-cleared processed="122" cleared="2" durationms="0.128" />
  <stringconstants candidates="13755" cleared="0"  />
</gc-op>
<gc-op id="2168" type="classunload" timems="0.009" contextid="2164" timestamp="2019-08-09T08:14:09.373">
  <classunload-info classloadercandidates="53" classloadersunloaded="0" classesunloaded="0" anonymousclassesunloaded="0" quiescems="0.000" setupms="0.008" scanms="0.000" postms="0.000" />
</gc-op>
<gc-end id="2169" type="partial gc" contextid="2164" durationms="9.952" usertimems="22.167" systemtimems="0.000" timestamp="2019-08-09T08:14:09.373" activeThreads="16">
  <mem-info id="2170" free="106954752" total="184549376" percent="57">
    <mem type="eden" free="4193016" total="4194304" percent="99" />
    <remembered-set count="3264" freebytes="7364864" totalbytes="7377920" percent="99" regionsoverflowed="0" regionsstable="10" regionsrebuilding="0"/>
  </mem-info>
</gc-end>
<cycle-end id="2171" type="partial gc" contextid="2164" timestamp="2019-08-09T08:14:09.373" />
  <attribute name="elasticGC enabled" value="1" />
  <attribute name= "numThreadsSpecified" value="16" />
  <attribute name="heapSize specified" value="0" />
  <attribute name="Current GC Util" value="140" />
  <attribute name= "Current Time Running" value="84451" />
  <attribute name ="GC Interval" value="0" />
  <attribute name="Target GC Util Change" value ="80.000000" />
  <attribute name="Current GC Util Change" value="140.000000"/>
  <attribute name="Current Error" value="-92.000000" />
  <attribute name="Output H" value="184587168"/>
  <attribute name="Output I" value="1952"/>
  <attribute name="Output T" value="16"/>
  <attribute name= "Current Time Running" value="84451" />
  <attribute name="GC Util currently" value="140" />
  <attribute name="CPU Util currently" value="2629137459352" />
<exclusive-end id="2172" timestamp="2019-08-09T08:14:09.373" durationms="10.601" />

<exclusive-start id="2173" timestamp="2019-08-09T08:14:09.427" intervalms="64.771">
  <response-info timems="0.014" idlems="0.014" threads="0" lastid="000000000212BF00" lastname="main" />
</exclusive-start>
<allocation-taxation id="2174" taxation-threshold="52428800" timestamp="2019-08-09T08:14:09.427" intervalms="64.770" />
<cycle-start id="2175" type="partial gc" contextid="0" timestamp="2019-08-09T08:14:09.428" intervalms="64.751" />
<gc-start id="2176" type="partial gc" contextid="2175" timestamp="2019-08-09T08:14:09.428">
  <mem-info id="2177" free="54525952" total="184549376" percent="29">
    <mem type="eden" free="0" total="52428800" percent="0" />
    <remembered-set count="2848" freebytes="7366528" totalbytes="7377920" percent="99" regionsoverflowed="0" regionsstable="10" regionsrebuilding="0"/>
  </mem-info>
</gc-start>
<allocation-stats totalBytes="52416952" >
  <allocated-bytes non-tlh="0" tlh="52416952" arrayletleaf="0"/>
  <largest-consumer threadName="main" threadId="000000000212BF00" bytes="52416952" />
</allocation-stats>
<gc-op id="2178" type="copy forward" timems="6.374" contextid="2175" timestamp="2019-08-09T08:14:09.435">
  <memory-copied type="eden" objects="41" bytes="1512" bytesdiscarded="1128" />
  <memory-copied type="other" objects="22" bytes="576" bytesdiscarded="0" />
  <memory-cardclean objects="95" bytes="3000" />
  <regions eden="25" other="1" />
  <remembered-set-cleared processed="123" cleared="9" durationms="0.195" />
  <stringconstants candidates="13755" cleared="0"  />
</gc-op>
<gc-op id="2179" type="classunload" timems="0.006" contextid="2175" timestamp="2019-08-09T08:14:09.435">
  <classunload-info classloadercandidates="53" classloadersunloaded="0" classesunloaded="0" anonymousclassesunloaded="0" quiescems="0.000" setupms="0.006" scanms="0.000" postms="0.000" />
</gc-op>
<gc-end id="2180" type="partial gc" contextid="2175" durationms="7.279" usertimems="17.084" systemtimems="0.000" timestamp="2019-08-09T08:14:09.435" activeThreads="16">
  <mem-info id="2181" free="104857600" total="184549376" percent="56">
    <mem type="eden" free="2094512" total="2097152" percent="99" />
    <remembered-set count="3584" freebytes="7363584" totalbytes="7377920" percent="99" regionsoverflowed="0" regionsstable="10" regionsrebuilding="0"/>
  </mem-info>
</gc-end>
<cycle-end id="2182" type="partial gc" contextid="2175" timestamp="2019-08-09T08:14:09.435" />
  <attribute name="elasticGC enabled" value="1" />
  <attribute name= "numThreadsSpecified" value="16" />
  <attribute name="heapSize specified" value="0" />
  <attribute name="Current GC Util" value="123" />
  <attribute name= "Current Time Running" value="84516" />
  <attribute name ="GC Interval" value="0" />
  <attribute name="Target GC Util Change" value ="80.000000" />
  <attribute name="Current GC Util Change" value="123.000000"/>
  <attribute name="Current Error" value="-88.000000" />
  <attribute name="Output H" value="184587168"/>
  <attribute name="Output I" value="1952"/>
  <attribute name="Output T" value="16"/>
  <attribute name= "Current Time Running" value="84516" />
  <attribute name="GC Util currently" value="123" />
  <attribute name="CPU Util currently" value="2236866914083" />
<exclusive-end id="2183" timestamp="2019-08-09T08:14:09.435" durationms="7.866" />

<exclusive-start id="2184" timestamp="2019-08-09T08:14:09.498" intervalms="70.401">
  <response-info timems="0.020" idlems="0.020" threads="0" lastid="000000000212BF00" lastname="main" />
</exclusive-start>
<allocation-taxation id="2185" taxation-threshold="52428800" timestamp="2019-08-09T08:14:09.498" intervalms="70.438" />
<cycle-start id="2186" type="partial gc" contextid="0" timestamp="2019-08-09T08:14:09.498" intervalms="70.432" />
<gc-start id="2187" type="partial gc" contextid="2186" timestamp="2019-08-09T08:14:09.498">
  <mem-info id="2188" free="52428800" total="184549376" percent="28">
    <mem type="eden" free="0" total="52428800" percent="0" />
    <remembered-set count="3104" freebytes="7365504" totalbytes="7377920" percent="99" regionsoverflowed="0" regionsstable="10" regionsrebuilding="0"/>
  </mem-info>
</gc-start>
<allocation-stats totalBytes="52413488" >
  <allocated-bytes non-tlh="0" tlh="52413488" arrayletleaf="0"/>
  <largest-consumer threadName="main" threadId="000000000212BF00" bytes="52413488" />
</allocation-stats>
<gc-op id="2189" type="copy forward" timems="6.120" contextid="2186" timestamp="2019-08-09T08:14:09.506">
  <memory-copied type="eden" objects="24" bytes="768" bytesdiscarded="696" />
  <memory-copied type="other" objects="13" bytes="320" bytesdiscarded="544" />
  <memory-cardclean objects="88" bytes="3376" />
  <regions eden="25" other="1" />
  <remembered-set-cleared processed="126" cleared="10" durationms="0.144" />
  <stringconstants candidates="13755" cleared="0"  />
</gc-op>
<gc-op id="2190" type="classunload" timems="0.006" contextid="2186" timestamp="2019-08-09T08:14:09.506">
  <classunload-info classloadercandidates="53" classloadersunloaded="0" classesunloaded="0" anonymousclassesunloaded="0" quiescems="0.000" setupms="0.006" scanms="0.000" postms="0.000" />
</gc-op>
<gc-end id="2191" type="partial gc" contextid="2186" durationms="7.533" usertimems="17.984" systemtimems="0.000" timestamp="2019-08-09T08:14:09.506" activeThreads="16">
  <mem-info id="2192" free="102760448" total="184549376" percent="55">
    <mem type="eden" free="2095688" total="2097152" percent="99" />
    <remembered-set count="3648" freebytes="7363328" totalbytes="7377920" percent="99" regionsoverflowed="0" regionsstable="10" regionsrebuilding="0"/>
  </mem-info>
</gc-end>
<cycle-end id="2193" type="partial gc" contextid="2186" timestamp="2019-08-09T08:14:09.506" />
  <attribute name="elasticGC enabled" value="1" />
  <attribute name= "numThreadsSpecified" value="16" />
  <attribute name="heapSize specified" value="0" />
  <attribute name="Current GC Util" value="252" />
  <attribute name= "Current Time Running" value="84587" />
  <attribute name ="GC Interval" value="0" />
  <attribute name="Target GC Util Change" value ="80.000000" />
  <attribute name="Current GC Util Change" value="252.000000"/>
  <attribute name="Current Error" value="-172.000000" />
  <attribute name="Output H" value="184587120"/>
  <attribute name="Output I" value="1904"/>
  <attribute name="Output T" value="16"/>
  <attribute name= "Current Time Running" value="84587" />
  <attribute name="GC Util currently" value="252" />
  <attribute name="CPU Util currently" value="1115588308266" />
<exclusive-end id="2194" timestamp="2019-08-09T08:14:09.506" durationms="8.102" />

<exclusive-start id="2195" timestamp="2019-08-09T08:14:09.597" intervalms="99.271">
  <response-info timems="0.046" idlems="0.046" threads="0" lastid="000000000212BF00" lastname="main" />
</exclusive-start>
<allocation-taxation id="2196" taxation-threshold="52428800" timestamp="2019-08-09T08:14:09.597" intervalms="99.287" />
<cycle-start id="2197" type="partial gc" contextid="0" timestamp="2019-08-09T08:14:09.597" intervalms="99.285" />
<gc-start id="2198" type="partial gc" contextid="2197" timestamp="2019-08-09T08:14:09.598">
  <mem-info id="2199" free="50331648" total="184549376" percent="27">
    <mem type="eden" free="0" total="52428800" percent="0" />
    <remembered-set count="3168" freebytes="7365248" totalbytes="7377920" percent="99" regionsoverflowed="0" regionsstable="10" regionsrebuilding="0"/>
  </mem-info>
</gc-start>
<allocation-stats totalBytes="52422288" >
  <allocated-bytes non-tlh="0" tlh="52422288" arrayletleaf="0"/>
  <largest-consumer threadName="main" threadId="000000000212BF00" bytes="52422288" />
</allocation-stats>
<gc-op id="2200" type="copy forward" timems="7.350" contextid="2197" timestamp="2019-08-09T08:14:09.606">
  <memory-copied type="eden" objects="37" bytes="1088" bytesdiscarded="1336" />
  <memory-copied type="other" objects="6" bytes="136" bytesdiscarded="672" />
  <memory-cardclean objects="64" bytes="2504" />
  <regions eden="25" other="1" />
  <remembered-set-cleared processed="131" cleared="6" durationms="0.175" />
  <stringconstants candidates="13755" cleared="0"  />
</gc-op>
<gc-op id="2201" type="classunload" timems="0.008" contextid="2197" timestamp="2019-08-09T08:14:09.606">
  <classunload-info classloadercandidates="53" classloadersunloaded="0" classesunloaded="0" anonymousclassesunloaded="0" quiescems="0.000" setupms="0.008" scanms="0.000" postms="0.000" />
</gc-op>
<gc-end id="2202" type="partial gc" contextid="2197" durationms="8.771" usertimems="18.615" systemtimems="0.000" timestamp="2019-08-09T08:14:09.606" activeThreads="16">
  <mem-info id="2203" free="100663296" total="184549376" percent="54">
    <mem type="eden" free="2094728" total="2097152" percent="99" />
    <remembered-set count="3840" freebytes="7362560" totalbytes="7377920" percent="99" regionsoverflowed="0" regionsstable="10" regionsrebuilding="0"/>
  </mem-info>
</gc-end>
<cycle-end id="2204" type="partial gc" contextid="2197" timestamp="2019-08-09T08:14:09.606" />
  <attribute name="elasticGC enabled" value="1" />
  <attribute name= "numThreadsSpecified" value="16" />
  <attribute name="heapSize specified" value="0" />
  <attribute name="Current GC Util" value="197" />
  <attribute name= "Current Time Running" value="84686" />
  <attribute name ="GC Interval" value="0" />
  <attribute name="Target GC Util Change" value ="80.000000" />
  <attribute name="Current GC Util Change" value="197.000000"/>
  <attribute name="Current Error" value="-224.000000" />
  <attribute name="Output H" value="184587088"/>
  <attribute name="Output I" value="1872"/>
  <attribute name="Output T" value="16"/>
  <attribute name= "Current Time Running" value="84686" />
  <attribute name="GC Util currently" value="197" />
  <attribute name="CPU Util currently" value="1269990461637" />
<exclusive-end id="2205" timestamp="2019-08-09T08:14:09.606" durationms="9.371" />

<exclusive-start id="2206" timestamp="2019-08-09T08:14:09.662" intervalms="65.148">
  <response-info timems="0.018" idlems="0.018" threads="0" lastid="000000000212BF00" lastname="main" />
</exclusive-start>
<allocation-taxation id="2207" taxation-threshold="52428800" timestamp="2019-08-09T08:14:09.662" intervalms="65.093" />
<cycle-start id="2208" type="partial gc" contextid="0" timestamp="2019-08-09T08:14:09.662" intervalms="65.102" />
<gc-start id="2209" type="partial gc" contextid="2208" timestamp="2019-08-09T08:14:09.663">
  <mem-info id="2210" free="48234496" total="184549376" percent="26">
    <mem type="eden" free="0" total="52428800" percent="0" />
    <remembered-set count="3392" freebytes="7364352" totalbytes="7377920" percent="99" regionsoverflowed="0" regionsstable="10" regionsrebuilding="0"/>
  </mem-info>
</gc-start>
<allocation-stats totalBytes="52423128" >
  <allocated-bytes non-tlh="0" tlh="52423128" arrayletleaf="0"/>
  <largest-consumer threadName="main" threadId="000000000212BF00" bytes="52423128" />
</allocation-stats>
<gc-op id="2211" type="copy forward" timems="7.693" contextid="2208" timestamp="2019-08-09T08:14:09.671">
  <memory-copied type="eden" objects="21" bytes="672" bytesdiscarded="680" />
  <memory-copied type="other" objects="12" bytes="272" bytesdiscarded="1360" />
  <memory-cardclean objects="62" bytes="2472" />
  <regions eden="25" other="1" />
  <remembered-set-cleared processed="133" cleared="6" durationms="0.103" />
  <stringconstants candidates="13755" cleared="0"  />
</gc-op>
<gc-op id="2212" type="classunload" timems="0.007" contextid="2208" timestamp="2019-08-09T08:14:09.671">
  <classunload-info classloadercandidates="53" classloadersunloaded="0" classesunloaded="0" anonymousclassesunloaded="0" quiescems="0.000" setupms="0.007" scanms="0.000" postms="0.000" />
</gc-op>
<gc-end id="2213" type="partial gc" contextid="2208" durationms="8.600" usertimems="20.065" systemtimems="0.000" timestamp="2019-08-09T08:14:09.671" activeThreads="16">
  <mem-info id="2214" free="98566144" total="184549376" percent="53">
    <mem type="eden" free="2095800" total="2097152" percent="99" />
    <remembered-set count="4928" freebytes="7358208" totalbytes="7377920" percent="99" regionsoverflowed="0" regionsstable="10" regionsrebuilding="0"/>
  </mem-info>
</gc-end>
<cycle-end id="2215" type="partial gc" contextid="2208" timestamp="2019-08-09T08:14:09.671" />
  <attribute name="elasticGC enabled" value="1" />
  <attribute name= "numThreadsSpecified" value="16" />
  <attribute name="heapSize specified" value="0" />
  <attribute name="Current GC Util" value="149" />
  <attribute name= "Current Time Running" value="84751" />
  <attribute name ="GC Interval" value="0" />
  <attribute name="Target GC Util Change" value ="80.000000" />
  <attribute name="Current GC Util Change" value="149.000000"/>
  <attribute name="Current Error" value="-239.000000" />
  <attribute name="Output H" value="184587080"/>
  <attribute name="Output I" value="1864"/>
  <attribute name="Output T" value="16"/>
  <attribute name= "Current Time Running" value="84751" />
  <attribute name="GC Util currently" value="149" />
  <attribute name="CPU Util currently" value="2573726712734" />
<exclusive-end id="2216" timestamp="2019-08-09T08:14:09.671" durationms="9.142" />

<exclusive-start id="2217" timestamp="2019-08-09T08:14:09.780" intervalms="118.227">
  <response-info timems="0.015" idlems="0.015" threads="0" lastid="000000000212BF00" lastname="main" />
</exclusive-start>
<allocation-taxation id="2218" taxation-threshold="52428800" timestamp="2019-08-09T08:14:09.781" intervalms="118.234" />
<cycle-start id="2219" type="partial gc" contextid="0" timestamp="2019-08-09T08:14:09.781" intervalms="118.207" />
<gc-start id="2220" type="partial gc" contextid="2219" timestamp="2019-08-09T08:14:09.781">
  <mem-info id="2221" free="46137344" total="184549376" percent="25">
    <mem type="eden" free="0" total="52428800" percent="0" />
    <remembered-set count="4928" freebytes="7358208" totalbytes="7377920" percent="99" regionsoverflowed="0" regionsstable="10" regionsrebuilding="0"/>
  </mem-info>
</gc-start>
<allocation-stats totalBytes="52425912" >
  <allocated-bytes non-tlh="0" tlh="52425912" arrayletleaf="0"/>
  <largest-consumer threadName="main" threadId="000000000212BF00" bytes="52425912" />
</allocation-stats>
<gc-op id="2222" type="copy forward" timems="7.034" contextid="2219" timestamp="2019-08-09T08:14:09.789">
  <memory-copied type="eden" objects="25" bytes="736" bytesdiscarded="640" />
  <memory-copied type="other" objects="6" bytes="136" bytesdiscarded="728" />
  <memory-cardclean objects="60" bytes="1920" />
  <regions eden="25" other="1" />
  <remembered-set-cleared processed="136" cleared="5" durationms="0.128" />
  <stringconstants candidates="13755" cleared="0"  />
</gc-op>
<gc-op id="2223" type="classunload" timems="0.008" contextid="2219" timestamp="2019-08-09T08:14:09.789">
  <classunload-info classloadercandidates="53" classloadersunloaded="0" classesunloaded="0" anonymousclassesunloaded="0" quiescems="0.000" setupms="0.008" scanms="0.000" postms="0.000" />
</gc-op>
<gc-end id="2224" type="partial gc" contextid="2219" durationms="8.405" usertimems="18.870" systemtimems="0.000" timestamp="2019-08-09T08:14:09.789" activeThreads="16">
  <mem-info id="2225" free="96468992" total="184549376" percent="52">
    <mem type="eden" free="2095776" total="2097152" percent="99" />
    <remembered-set count="4544" freebytes="7359744" totalbytes="7377920" percent="99" regionsoverflowed="0" regionsstable="10" regionsrebuilding="0"/>
  </mem-info>
</gc-end>
<cycle-end id="2226" type="partial gc" contextid="2219" timestamp="2019-08-09T08:14:09.789" />
  <attribute name="elasticGC enabled" value="1" />
  <attribute name= "numThreadsSpecified" value="16" />
  <attribute name="heapSize specified" value="0" />
  <attribute name="Current GC Util" value="207" />
  <attribute name= "Current Time Running" value="84869" />
  <attribute name ="GC Interval" value="0" />
  <attribute name="Target GC Util Change" value ="80.000000" />
  <attribute name="Current GC Util Change" value="207.000000"/>
  <attribute name="Current Error" value="-127.000000" />
  <attribute name="Output H" value="184587144"/>
  <attribute name="Output I" value="1928"/>
  <attribute name="Output T" value="16"/>
  <attribute name= "Current Time Running" value="84869" />
  <attribute name="GC Util currently" value="207" />
  <attribute name="CPU Util currently" value="1187618945768" />
<exclusive-end id="2227" timestamp="2019-08-09T08:14:09.789" durationms="8.964" />

<exclusive-start id="2228" timestamp="2019-08-09T08:14:09.897" intervalms="116.568">
  <response-info timems="0.016" idlems="0.016" threads="0" lastid="000000000212BF00" lastname="main" />
</exclusive-start>
<allocation-taxation id="2229" taxation-threshold="52428800" timestamp="2019-08-09T08:14:09.897" intervalms="116.561" />
<cycle-start id="2230" type="partial gc" contextid="0" timestamp="2019-08-09T08:14:09.897" intervalms="116.605" />
<gc-start id="2231" type="partial gc" contextid="2230" timestamp="2019-08-09T08:14:09.897">
  <mem-info id="2232" free="44040192" total="184549376" percent="23">
    <mem type="eden" free="0" total="52428800" percent="0" />
    <remembered-set count="4064" freebytes="7361664" totalbytes="7377920" percent="99" regionsoverflowed="0" regionsstable="10" regionsrebuilding="0"/>
  </mem-info>
</gc-start>
<allocation-stats totalBytes="52424840" >
  <allocated-bytes non-tlh="0" tlh="52424840" arrayletleaf="0"/>
  <largest-consumer threadName="main" threadId="000000000212BF00" bytes="52424840" />
</allocation-stats>
<gc-op id="2233" type="copy forward" timems="8.619" contextid="2230" timestamp="2019-08-09T08:14:09.907">
  <memory-copied type="eden" objects="37" bytes="1008" bytesdiscarded="632" />
  <memory-copied type="other" objects="12" bytes="272" bytesdiscarded="528" />
  <memory-cardclean objects="88" bytes="2640" />
  <regions eden="25" other="1" />
  <remembered-set-cleared processed="138" cleared="9" durationms="0.100" />
  <stringconstants candidates="13755" cleared="0"  />
</gc-op>
<gc-op id="2234" type="classunload" timems="0.007" contextid="2230" timestamp="2019-08-09T08:14:09.907">
  <classunload-info classloadercandidates="53" classloadersunloaded="0" classesunloaded="0" anonymousclassesunloaded="0" quiescems="0.000" setupms="0.007" scanms="0.000" postms="0.000" />
</gc-op>
<gc-end id="2235" type="partial gc" contextid="2230" durationms="9.872" usertimems="25.739" systemtimems="0.000" timestamp="2019-08-09T08:14:09.907" activeThreads="16">
  <mem-info id="2236" free="94371840" total="184549376" percent="51">
    <mem type="eden" free="2095512" total="2097152" percent="99" />
    <remembered-set count="4480" freebytes="7360000" totalbytes="7377920" percent="99" regionsoverflowed="0" regionsstable="10" regionsrebuilding="0"/>
  </mem-info>
</gc-end>
<cycle-end id="2237" type="partial gc" contextid="2230" timestamp="2019-08-09T08:14:09.907" />
  <attribute name="elasticGC enabled" value="1" />
  <attribute name= "numThreadsSpecified" value="16" />
  <attribute name="heapSize specified" value="0" />
  <attribute name="Current GC Util" value="109" />
  <attribute name= "Current Time Running" value="84986" />
  <attribute name ="GC Interval" value="0" />
  <attribute name="Target GC Util Change" value ="80.000000" />
  <attribute name="Current GC Util Change" value="109.000000"/>
  <attribute name="Current Error" value="-90.000000" />
  <attribute name="Output H" value="184587168"/>
  <attribute name="Output I" value="1952"/>
  <attribute name="Output T" value="16"/>
  <attribute name= "Current Time Running" value="84986" />
  <attribute name="GC Util currently" value="109" />
  <attribute name="CPU Util currently" value="1383063184425" />
<exclusive-end id="2238" timestamp="2019-08-09T08:14:09.907" durationms="10.405" />

<exclusive-start id="2239" timestamp="2019-08-09T08:14:09.980" intervalms="82.514">
  <response-info timems="0.031" idlems="0.031" threads="0" lastid="000000000212BF00" lastname="main" />
</exclusive-start>
<allocation-taxation id="2240" taxation-threshold="52428800" timestamp="2019-08-09T08:14:09.980" intervalms="82.512" />
<cycle-start id="2241" type="partial gc" contextid="0" timestamp="2019-08-09T08:14:09.980" intervalms="82.456" />
<gc-start id="2242" type="partial gc" contextid="2241" timestamp="2019-08-09T08:14:09.980">
  <mem-info id="2243" free="41943040" total="184549376" percent="22">
    <mem type="eden" free="0" total="52428800" percent="0" />
    <remembered-set count="4480" freebytes="7360000" totalbytes="7377920" percent="99" regionsoverflowed="0" regionsstable="10" regionsrebuilding="0"/>
  </mem-info>
</gc-start>
<allocation-stats totalBytes="52425456" >
  <allocated-bytes non-tlh="0" tlh="52425456" arrayletleaf="0"/>
  <largest-consumer threadName="main" threadId="000000000212BF00" bytes="52425456" />
</allocation-stats>
<gc-op id="2244" type="copy forward" timems="7.665" contextid="2241" timestamp="2019-08-09T08:14:09.989">
  <memory-copied type="eden" objects="31" bytes="936" bytesdiscarded="1336" />
  <memory-copied type="other" objects="24" bytes="544" bytesdiscarded="608" />
  <memory-cardclean objects="69" bytes="2152" />
  <regions eden="25" other="1" />
  <remembered-set-cleared processed="140" cleared="4" durationms="0.110" />
  <stringconstants candidates="13755" cleared="0"  />
</gc-op>
<gc-op id="2245" type="classunload" timems="0.007" contextid="2241" timestamp="2019-08-09T08:14:09.989">
  <classunload-info classloadercandidates="53" classloadersunloaded="0" classesunloaded="0" anonymousclassesunloaded="0" quiescems="0.000" setupms="0.006" scanms="0.000" postms="0.000" />
</gc-op>
<gc-end id="2246" type="partial gc" contextid="2241" durationms="8.994" usertimems="24.574" systemtimems="0.000" timestamp="2019-08-09T08:14:09.989" activeThreads="16">
  <mem-info id="2247" free="92274688" total="184549376" percent="50">
    <mem type="eden" free="2094880" total="2097152" percent="99" />
    <remembered-set count="5216" freebytes="7357056" totalbytes="7377920" percent="99" regionsoverflowed="0" regionsstable="10" regionsrebuilding="0"/>
  </mem-info>
</gc-end>
<cycle-end id="2248" type="partial gc" contextid="2241" timestamp="2019-08-09T08:14:09.989" />
  <attribute name="elasticGC enabled" value="1" />
  <attribute name= "numThreadsSpecified" value="16" />
  <attribute name="heapSize specified" value="0" />
  <attribute name="Current GC Util" value="319" />
  <attribute name= "Current Time Running" value="85068" />
  <attribute name ="GC Interval" value="0" />
  <attribute name="Target GC Util Change" value ="80.000000" />
  <attribute name="Current GC Util Change" value="319.000000"/>
  <attribute name="Current Error" value="-278.000000" />
  <attribute name="Output H" value="184587056"/>
  <attribute name="Output I" value="1840"/>
  <attribute name="Output T" value="16"/>
  <attribute name= "Current Time Running" value="85068" />
  <attribute name="GC Util currently" value="319" />
  <attribute name="CPU Util currently" value="1305695701631" />
<exclusive-end id="2249" timestamp="2019-08-09T08:14:09.989" durationms="9.558" />

<exclusive-start id="2250" timestamp="2019-08-09T08:14:10.045" intervalms="65.497">
  <response-info timems="0.017" idlems="0.017" threads="0" lastid="000000000212BF00" lastname="main" />
</exclusive-start>
<allocation-taxation id="2251" taxation-threshold="52428800" timestamp="2019-08-09T08:14:10.045" intervalms="65.527" />
<cycle-start id="2252" type="partial gc" contextid="0" timestamp="2019-08-09T08:14:10.045" intervalms="65.697" />
<gc-start id="2253" type="partial gc" contextid="2252" timestamp="2019-08-09T08:14:10.046">
  <mem-info id="2254" free="39845888" total="184549376" percent="21">
    <mem type="eden" free="0" total="52428800" percent="0" />
    <remembered-set count="4736" freebytes="7358976" totalbytes="7377920" percent="99" regionsoverflowed="0" regionsstable="10" regionsrebuilding="0"/>
  </mem-info>
</gc-start>
<allocation-stats totalBytes="52424816" >
  <allocated-bytes non-tlh="0" tlh="52424816" arrayletleaf="0"/>
  <largest-consumer threadName="main" threadId="000000000212BF00" bytes="52424816" />
</allocation-stats>
<gc-op id="2255" type="copy forward" timems="8.995" contextid="2252" timestamp="2019-08-09T08:14:10.056">
  <memory-copied type="eden" objects="8" bytes="224" bytesdiscarded="0" />
  <memory-copied type="other" objects="23" bytes="704" bytesdiscarded="568" />
  <memory-cardclean objects="41" bytes="1552" />
  <regions eden="25" other="1" />
  <remembered-set-cleared processed="142" cleared="4" durationms="0.161" />
  <stringconstants candidates="13755" cleared="0"  />
</gc-op>
<gc-op id="2256" type="classunload" timems="0.008" contextid="2252" timestamp="2019-08-09T08:14:10.056">
  <classunload-info classloadercandidates="53" classloadersunloaded="0" classesunloaded="0" anonymousclassesunloaded="0" quiescems="0.000" setupms="0.008" scanms="0.000" postms="0.000" />
</gc-op>
<gc-end id="2257" type="partial gc" contextid="2252" durationms="10.079" usertimems="23.167" systemtimems="0.000" timestamp="2019-08-09T08:14:10.056" activeThreads="16">
  <mem-info id="2258" free="90177536" total="184549376" percent="48">
    <mem type="eden" free="2096928" total="2097152" percent="99" />
    <remembered-set count="4768" freebytes="7358848" totalbytes="7377920" percent="99" regionsoverflowed="0" regionsstable="10" regionsrebuilding="0"/>
  </mem-info>
</gc-end>
<cycle-end id="2259" type="partial gc" contextid="2252" timestamp="2019-08-09T08:14:10.056" />
  <attribute name="elasticGC enabled" value="1" />
  <attribute name= "numThreadsSpecified" value="16" />
  <attribute name="heapSize specified" value="0" />
  <attribute name="Current GC Util" value="157" />
  <attribute name= "Current Time Running" value="85134" />
  <attribute name ="GC Interval" value="0" />
  <attribute name="Target GC Util Change" value ="80.000000" />
  <attribute name="Current GC Util Change" value="157.000000"/>
  <attribute name="Current Error" value="-77.000000" />
  <attribute name="Output H" value="184587176"/>
  <attribute name="Output I" value="1960"/>
  <attribute name="Output T" value="16"/>
  <attribute name= "Current Time Running" value="85134" />
  <attribute name="GC Util currently" value="157" />
  <attribute name="CPU Util currently" value="1808660308298" />
<exclusive-end id="2260" timestamp="2019-08-09T08:14:10.056" durationms="10.837" />

<exclusive-start id="2261" timestamp="2019-08-09T08:14:10.176" intervalms="130.698">
  <response-info timems="0.021" idlems="0.021" threads="0" lastid="000000000212BF00" lastname="main" />
</exclusive-start>
<allocation-taxation id="2262" taxation-threshold="52428800" timestamp="2019-08-09T08:14:10.176" intervalms="130.690" />
<cycle-start id="2263" type="partial gc" contextid="0" timestamp="2019-08-09T08:14:10.176" intervalms="130.575" />
<gc-start id="2264" type="partial gc" contextid="2263" timestamp="2019-08-09T08:14:10.176">
  <mem-info id="2265" free="37748736" total="184549376" percent="20">
    <mem type="eden" free="2096928" total="54525952" percent="3" />
    <remembered-set count="4288" freebytes="7360768" totalbytes="7377920" percent="99" regionsoverflowed="0" regionsstable="10" regionsrebuilding="0"/>
  </mem-info>
</gc-start>
<allocation-stats totalBytes="52390824" >
  <allocated-bytes non-tlh="0" tlh="52390824" arrayletleaf="0"/>
  <largest-consumer threadName="main" threadId="000000000212BF00" bytes="52390824" />
</allocation-stats>
<gc-op id="2266" type="copy forward" timems="9.005" contextid="2263" timestamp="2019-08-09T08:14:10.186">
  <memory-copied type="eden" objects="56" bytes="2456" bytesdiscarded="384" />
  <memory-copied type="other" objects="0" bytes="0" bytesdiscarded="0" />
  <memory-cardclean objects="96" bytes="2936" />
  <regions eden="25" other="1" />
  <remembered-set-cleared processed="147" cleared="9" durationms="0.171" />
  <stringconstants candidates="13755" cleared="0"  />
</gc-op>
<gc-op id="2267" type="classunload" timems="0.008" contextid="2263" timestamp="2019-08-09T08:14:10.186">
  <classunload-info classloadercandidates="53" classloadersunloaded="0" classesunloaded="0" anonymousclassesunloaded="0" quiescems="0.000" setupms="0.008" scanms="0.000" postms="0.000" />
</gc-op>
<gc-end id="2268" type="partial gc" contextid="2263" durationms="10.200" usertimems="25.809" systemtimems="0.000" timestamp="2019-08-09T08:14:10.186" activeThreads="16">
  <mem-info id="2269" free="90177536" total="184549376" percent="48">
    <mem type="eden" free="2094312" total="2097152" percent="99" />
    <remembered-set count="4384" freebytes="7360384" totalbytes="7377920" percent="99" regionsoverflowed="0" regionsstable="10" regionsrebuilding="0"/>
  </mem-info>
</gc-end>
<cycle-end id="2270" type="partial gc" contextid="2263" timestamp="2019-08-09T08:14:10.186" />
  <attribute name="elasticGC enabled" value="1" />
  <attribute name= "numThreadsSpecified" value="16" />
  <attribute name="heapSize specified" value="0" />
  <attribute name="Current GC Util" value="0" />
  <attribute name= "Current Time Running" value="85264" />
  <attribute name ="GC Interval" value="0" />
  <attribute name="Target GC Util Change" value ="80.000000" />
  <attribute name="Current GC Util Change" value="0.000000"/>
  <attribute name="Current Error" value="66.000000" />
  <attribute name="Output H" value="184587256"/>
  <attribute name="Output I" value="2040"/>
  <attribute name="Output T" value="16"/>
  <attribute name= "Current Time Running" value="85264" />
  <attribute name="GC Util currently" value="0" />
  <attribute name="CPU Util currently" value="1503411882256" />
<exclusive-end id="2271" timestamp="2019-08-09T08:14:10.187" durationms="10.765" />

<exclusive-start id="2272" timestamp="2019-08-09T08:14:10.269" intervalms="92.993">
  <response-info timems="0.020" idlems="0.020" threads="0" lastid="000000000212BF00" lastname="main" />
</exclusive-start>
<allocation-taxation id="2273" taxation-threshold="52428800" timestamp="2019-08-09T08:14:10.269" intervalms="92.970" />
<cycle-start id="2274" type="partial gc" contextid="0" timestamp="2019-08-09T08:14:10.269" intervalms="92.937" />
<gc-start id="2275" type="partial gc" contextid="2274" timestamp="2019-08-09T08:14:10.269">
  <mem-info id="2276" free="37748736" total="184549376" percent="20">
    <mem type="eden" free="0" total="52428800" percent="0" />
    <remembered-set count="4384" freebytes="7360384" totalbytes="7377920" percent="99" regionsoverflowed="0" regionsstable="10" regionsrebuilding="0"/>
  </mem-info>
</gc-start>
<allocation-stats totalBytes="52405248" >
  <allocated-bytes non-tlh="0" tlh="52405248" arrayletleaf="0"/>
  <largest-consumer threadName="main" threadId="000000000212BF00" bytes="52405248" />
</allocation-stats>
<gc-op id="2277" type="copy forward" timems="9.027" contextid="2274" timestamp="2019-08-09T08:14:10.280">
  <memory-copied type="eden" objects="28" bytes="1368" bytesdiscarded="0" />
  <memory-copied type="other" objects="26" bytes="632" bytesdiscarded="408" />
  <memory-cardclean objects="96" bytes="3032" />
  <regions eden="25" other="1" />
  <remembered-set-cleared processed="144" cleared="6" durationms="0.290" />
  <stringconstants candidates="13755" cleared="0"  />
</gc-op>
<gc-op id="2278" type="classunload" timems="0.008" contextid="2274" timestamp="2019-08-09T08:14:10.280">
  <classunload-info classloadercandidates="53" classloadersunloaded="0" classesunloaded="0" anonymousclassesunloaded="0" quiescems="0.000" setupms="0.008" scanms="0.000" postms="0.000" />
</gc-op>
<gc-end id="2279" type="partial gc" contextid="2274" durationms="10.653" usertimems="24.015" systemtimems="0.000" timestamp="2019-08-09T08:14:10.280" activeThreads="16">
  <mem-info id="2280" free="88080384" total="184549376" percent="47">
    <mem type="eden" free="2095784" total="2097152" percent="99" />
    <remembered-set count="4384" freebytes="7360384" totalbytes="7377920" percent="99" regionsoverflowed="0" regionsstable="10" regionsrebuilding="0"/>
  </mem-info>
</gc-end>
<cycle-end id="2281" type="partial gc" contextid="2274" timestamp="2019-08-09T08:14:10.280" />
  <attribute name="elasticGC enabled" value="1" />
  <attribute name= "numThreadsSpecified" value="16" />
  <attribute name="heapSize specified" value="0" />
  <attribute name="Current GC Util" value="193" />
  <attribute name= "Current Time Running" value="85358" />
  <attribute name ="GC Interval" value="0" />
  <attribute name="Target GC Util Change" value ="80.000000" />
  <attribute name="Current GC Util Change" value="193.000000"/>
  <attribute name="Current Error" value="5.000000" />
  <attribute name="Output H" value="184587224"/>
  <attribute name="Output I" value="2008"/>
  <attribute name="Output T" value="16"/>
  <attribute name= "Current Time Running" value="85358" />
  <attribute name="GC Util currently" value="193" />
  <attribute name="CPU Util currently" value="995409812065" />
<exclusive-end id="2282" timestamp="2019-08-09T08:14:10.280" durationms="11.214" />

<exclusive-start id="2283" timestamp="2019-08-09T08:14:10.296" intervalms="27.361">
  <response-info timems="0.017" idlems="0.017" threads="0" lastid="000000000212BF00" lastname="main" />
</exclusive-start>
<allocation-taxation id="2284" taxation-threshold="52428800" timestamp="2019-08-09T08:14:10.296" intervalms="27.367" />
<cycle-start id="2285" type="partial gc" contextid="0" timestamp="2019-08-09T08:14:10.296" intervalms="27.373" />
<gc-start id="2286" type="partial gc" contextid="2285" timestamp="2019-08-09T08:14:10.296">
  <mem-info id="2287" free="35651584" total="184549376" percent="19">
    <mem type="eden" free="0" total="52428800" percent="0" />
    <remembered-set count="4384" freebytes="7360384" totalbytes="7377920" percent="99" regionsoverflowed="0" regionsstable="10" regionsrebuilding="0"/>
  </mem-info>
</gc-start>
<allocation-stats totalBytes="52344696" >
  <allocated-bytes non-tlh="0" tlh="52344696" arrayletleaf="0"/>
  <largest-consumer threadName="main" threadId="000000000212BF00" bytes="52344696" />
</allocation-stats>
<gc-op id="2288" type="copy forward" timems="9.620" contextid="2285" timestamp="2019-08-09T08:14:10.308">
  <memory-copied type="eden" objects="4" bytes="104" bytesdiscarded="0" />
  <memory-copied type="other" objects="27" bytes="1336" bytesdiscarded="0" />
  <memory-cardclean objects="41" bytes="1552" />
  <regions eden="25" other="1" />
  <remembered-set-cleared processed="148" cleared="4" durationms="0.245" />
  <stringconstants candidates="13755" cleared="0"  />
</gc-op>
<gc-op id="2289" type="classunload" timems="0.008" contextid="2285" timestamp="2019-08-09T08:14:10.308">
  <classunload-info classloadercandidates="53" classloadersunloaded="0" classesunloaded="0" anonymousclassesunloaded="0" quiescems="0.000" setupms="0.008" scanms="0.000" postms="0.000" />
</gc-op>
<gc-end id="2290" type="partial gc" contextid="2285" durationms="11.480" usertimems="28.500" systemtimems="0.000" timestamp="2019-08-09T08:14:10.308" activeThreads="16">
  <mem-info id="2291" free="85983232" total="184549376" percent="46">
    <mem type="eden" free="2097048" total="2097152" percent="99" />
    <remembered-set count="4512" freebytes="7359872" totalbytes="7377920" percent="99" regionsoverflowed="0" regionsstable="10" regionsrebuilding="0"/>
  </mem-info>
</gc-end>
<cycle-end id="2292" type="partial gc" contextid="2285" timestamp="2019-08-09T08:14:10.308" />
  <attribute name="elasticGC enabled" value="1" />
  <attribute name= "numThreadsSpecified" value="16" />
  <attribute name="heapSize specified" value="0" />
  <attribute name="Current GC Util" value="213" />
  <attribute name= "Current Time Running" value="85385" />
  <attribute name ="GC Interval" value="0" />
  <attribute name="Target GC Util Change" value ="80.000000" />
  <attribute name="Current GC Util Change" value="213.000000"/>
  <attribute name="Current Error" value="-133.000000" />
  <attribute name="Output H" value="184587144"/>
  <attribute name="Output I" value="1928"/>
  <attribute name="Output T" value="16"/>
  <attribute name= "Current Time Running" value="85385" />
  <attribute name="GC Util currently" value="213" />
  <attribute name="CPU Util currently" value="798954337871" />
<exclusive-end id="2293" timestamp="2019-08-09T08:14:10.308" durationms="11.976" />

<exclusive-start id="2294" timestamp="2019-08-09T08:14:10.324" intervalms="27.450">
  <response-info timems="0.019" idlems="0.019" threads="0" lastid="000000000212BF00" lastname="main" />
</exclusive-start>
<allocation-taxation id="2295" taxation-threshold="52428800" timestamp="2019-08-09T08:14:10.324" intervalms="27.448" />
<cycle-start id="2296" type="partial gc" contextid="0" timestamp="2019-08-09T08:14:10.324" intervalms="27.460" />
<gc-start id="2297" type="partial gc" contextid="2296" timestamp="2019-08-09T08:14:10.324">
  <mem-info id="2298" free="33554432" total="184549376" percent="18">
    <mem type="eden" free="2097048" total="54525952" percent="3" />
    <remembered-set count="4128" freebytes="7361408" totalbytes="7377920" percent="99" regionsoverflowed="0" regionsstable="10" regionsrebuilding="0"/>
  </mem-info>
</gc-start>
<allocation-stats totalBytes="52337032" >
  <allocated-bytes non-tlh="0" tlh="52337032" arrayletleaf="0"/>
  <largest-consumer threadName="main" threadId="000000000212BF00" bytes="52337032" />
</allocation-stats>
<gc-op id="2299" type="copy forward" timems="7.590" contextid="2296" timestamp="2019-08-09T08:14:10.333">
  <memory-copied type="eden" objects="3" bytes="72" bytesdiscarded="0" />
  <memory-copied type="other" objects="0" bytes="0" bytesdiscarded="0" />
  <memory-cardclean objects="12" bytes="424" />
  <regions eden="25" other="1" />
  <remembered-set-cleared processed="152" cleared="0" durationms="0.127" />
  <stringconstants candidates="13755" cleared="0"  />
</gc-op>
<gc-op id="2300" type="classunload" timems="0.010" contextid="2296" timestamp="2019-08-09T08:14:10.333">
  <classunload-info classloadercandidates="53" classloadersunloaded="0" classesunloaded="0" anonymousclassesunloaded="0" quiescems="0.000" setupms="0.010" scanms="0.000" postms="0.000" />
</gc-op>
<heap-resize id="2301" type="expand" space="default" amount="31457280" count="1" timems="0.173" reason="excessive time being spent in gc" timestamp="2019-08-09T08:14:10.334" />
<gc-end id="2302" type="partial gc" contextid="2296" durationms="9.806" usertimems="22.836" systemtimems="0.000" timestamp="2019-08-09T08:14:10.334" activeThreads="16">
  <mem-info id="2303" free="117440512" total="216006656" percent="54">
    <mem type="eden" free="2097080" total="2097152" percent="99" />
    <remembered-set count="3648" freebytes="8620928" totalbytes="8635520" percent="99" regionsoverflowed="0" regionsstable="10" regionsrebuilding="0"/>
  </mem-info>
</gc-end>
<cycle-end id="2304" type="partial gc" contextid="2296" timestamp="2019-08-09T08:14:10.334" />
  <attribute name="elasticGC enabled" value="1" />
  <attribute name= "numThreadsSpecified" value="16" />
  <attribute name="heapSize specified" value="0" />
  <attribute name="Current GC Util" value="302" />
  <attribute name= "Current Time Running" value="85413" />
  <attribute name ="GC Interval" value="0" />
  <attribute name="Target GC Util Change" value ="80.000000" />
  <attribute name="Current GC Util Change" value="302.000000"/>
  <attribute name="Current Error" value="-372.000000" />
  <attribute name="Output H" value="184587008"/>
  <attribute name="Output I" value="1792"/>
  <attribute name="Output T" value="16"/>
  <attribute name= "Current Time Running" value="85413" />
  <attribute name="GC Util currently" value="302" />
  <attribute name="CPU Util currently" value="814571917629" />
<exclusive-end id="2305" timestamp="2019-08-09T08:14:10.334" durationms="10.680" />

<exclusive-start id="2306" timestamp="2019-08-09T08:14:10.355" intervalms="31.799">
  <response-info timems="0.015" idlems="0.015" threads="0" lastid="000000000212BF00" lastname="main" />
</exclusive-start>
<allocation-taxation id="2307" taxation-threshold="60817408" timestamp="2019-08-09T08:14:10.355" intervalms="31.799" />
<cycle-start id="2308" type="partial gc" contextid="0" timestamp="2019-08-09T08:14:10.356" intervalms="31.802" />
<gc-start id="2309" type="partial gc" contextid="2308" timestamp="2019-08-09T08:14:10.356">
  <mem-info id="2310" free="56623104" total="216006656" percent="26">
    <mem type="eden" free="2097080" total="62914560" percent="3" />
    <remembered-set count="3168" freebytes="8622848" totalbytes="8635520" percent="99" regionsoverflowed="0" regionsstable="10" regionsrebuilding="0"/>
  </mem-info>
</gc-start>
<allocation-stats totalBytes="60710672" >
  <allocated-bytes non-tlh="0" tlh="60710672" arrayletleaf="0"/>
  <largest-consumer threadName="main" threadId="000000000212BF00" bytes="60710672" />
</allocation-stats>
<gc-op id="2311" type="copy forward" timems="8.231" contextid="2308" timestamp="2019-08-09T08:14:10.365">
  <memory-copied type="eden" objects="3" bytes="72" bytesdiscarded="0" />
  <memory-copied type="other" objects="0" bytes="0" bytesdiscarded="0" />
  <memory-cardclean objects="12" bytes="424" />
  <regions eden="29" other="1" />
  <remembered-set-cleared processed="152" cleared="0" durationms="0.129" />
  <stringconstants candidates="13755" cleared="0"  />
</gc-op>
<gc-op id="2312" type="classunload" timems="0.008" contextid="2308" timestamp="2019-08-09T08:14:10.365">
  <classunload-info classloadercandidates="53" classloadersunloaded="0" classesunloaded="0" anonymousclassesunloaded="0" quiescems="0.000" setupms="0.008" scanms="0.000" postms="0.000" />
</gc-op>
<heap-resize id="2313" type="expand" space="default" amount="31457280" count="1" timems="0.170" reason="excessive time being spent in gc" timestamp="2019-08-09T08:14:10.366" />
<gc-end id="2314" type="partial gc" contextid="2308" durationms="9.902" usertimems="21.758" systemtimems="0.000" timestamp="2019-08-09T08:14:10.366" activeThreads="16">
  <mem-info id="2315" free="148897792" total="247463936" percent="60">
    <mem type="eden" free="2097080" total="2097152" percent="99" />
    <remembered-set count="3648" freebytes="9878528" totalbytes="9893120" percent="99" regionsoverflowed="0" regionsstable="10" regionsrebuilding="0"/>
  </mem-info>
</gc-end>
<cycle-end id="2316" type="partial gc" contextid="2308" timestamp="2019-08-09T08:14:10.366" />
  <attribute name="elasticGC enabled" value="1" />
  <attribute name= "numThreadsSpecified" value="16" />
  <attribute name="heapSize specified" value="0" />
  <attribute name="Current GC Util" value="143" />
  <attribute name= "Current Time Running" value="85444" />
  <attribute name ="GC Interval" value="0" />
  <attribute name="Target GC Util Change" value ="80.000000" />
  <attribute name="Current GC Util Change" value="143.000000"/>
  <attribute name="Current Error" value="-416.000000" />
  <attribute name="Output H" value="216044256"/>
  <attribute name="Output I" value="1760"/>
  <attribute name="Output T" value="16"/>
  <attribute name= "Current Time Running" value="85444" />
  <attribute name="GC Util currently" value="143" />
  <attribute name="CPU Util currently" value="1559287344217" />
<exclusive-end id="2317" timestamp="2019-08-09T08:14:10.366" durationms="10.621" />

<exclusive-start id="2318" timestamp="2019-08-09T08:14:10.453" intervalms="97.301">
  <response-info timems="0.017" idlems="0.017" threads="0" lastid="000000000212BF00" lastname="main" />
</exclusive-start>
<allocation-taxation id="2319" taxation-threshold="69206016" timestamp="2019-08-09T08:14:10.453" intervalms="97.306" />
<cycle-start id="2320" type="partial gc" contextid="0" timestamp="2019-08-09T08:14:10.453" intervalms="97.289" />
<gc-start id="2321" type="partial gc" contextid="2320" timestamp="2019-08-09T08:14:10.453">
  <mem-info id="2322" free="79691776" total="247463936" percent="32">
    <mem type="eden" free="2097080" total="71303168" percent="2" />
    <remembered-set count="3648" freebytes="9878528" totalbytes="9893120" percent="99" regionsoverflowed="0" regionsstable="10" regionsrebuilding="0"/>
  </mem-info>
</gc-start>
<allocation-stats totalBytes="69114128" >
  <allocated-bytes non-tlh="0" tlh="69114128" arrayletleaf="0"/>
  <largest-consumer threadName="main" threadId="000000000212BF00" bytes="69114128" />
</allocation-stats>
<gc-op id="2323" type="copy forward" timems="8.170" contextid="2320" timestamp="2019-08-09T08:14:10.462">
  <memory-copied type="eden" objects="30" bytes="1336" bytesdiscarded="24" />
  <memory-copied type="other" objects="12" bytes="272" bytesdiscarded="0" />
  <memory-cardclean objects="90" bytes="2464" />
  <regions eden="33" other="2" />
  <remembered-set-cleared processed="148" cleared="5" durationms="0.556" />
  <stringconstants candidates="13755" cleared="0"  />
</gc-op>
<gc-op id="2324" type="classunload" timems="0.008" contextid="2320" timestamp="2019-08-09T08:14:10.463">
  <classunload-info classloadercandidates="53" classloadersunloaded="0" classesunloaded="0" anonymousclassesunloaded="0" quiescems="0.000" setupms="0.007" scanms="0.000" postms="0.000" />
</gc-op>
<gc-end id="2325" type="partial gc" contextid="2320" durationms="9.670" usertimems="24.919" systemtimems="0.000" timestamp="2019-08-09T08:14:10.463" activeThreads="16">
  <mem-info id="2326" free="148897792" total="247463936" percent="60">
    <mem type="eden" free="2095792" total="2097152" percent="99" />
    <remembered-set count="4000" freebytes="9877120" totalbytes="9893120" percent="99" regionsoverflowed="0" regionsstable="10" regionsrebuilding="0"/>
  </mem-info>
</gc-end>
<cycle-end id="2327" type="partial gc" contextid="2320" timestamp="2019-08-09T08:14:10.463" />
  <attribute name="elasticGC enabled" value="1" />
  <attribute name= "numThreadsSpecified" value="16" />
  <attribute name="heapSize specified" value="0" />
  <attribute name="Current GC Util" value="185" />
  <attribute name= "Current Time Running" value="85541" />
  <attribute name ="GC Interval" value="0" />
  <attribute name="Target GC Util Change" value ="80.000000" />
  <attribute name="Current GC Util Change" value="185.000000"/>
  <attribute name="Current Error" value="-105.000000" />
  <attribute name="Output H" value="247501720"/>
  <attribute name="Output I" value="1944"/>
  <attribute name="Output T" value="16"/>
  <attribute name= "Current Time Running" value="85541" />
  <attribute name="GC Util currently" value="185" />
  <attribute name="CPU Util currently" value="1408819430692" />
<exclusive-end id="2328" timestamp="2019-08-09T08:14:10.463" durationms="10.354" />

<exclusive-start id="2329" timestamp="2019-08-09T08:14:10.518" intervalms="65.206">
  <response-info timems="0.017" idlems="0.017" threads="0" lastid="000000000212BF00" lastname="main" />
</exclusive-start>
<allocation-taxation id="2330" taxation-threshold="69206016" timestamp="2019-08-09T08:14:10.518" intervalms="65.198" />
<cycle-start id="2331" type="partial gc" contextid="0" timestamp="2019-08-09T08:14:10.518" intervalms="65.329" />
<gc-start id="2332" type="partial gc" contextid="2331" timestamp="2019-08-09T08:14:10.518">
  <mem-info id="2333" free="79691776" total="247463936" percent="32">
    <mem type="eden" free="0" total="69206016" percent="0" />
    <remembered-set count="3648" freebytes="9878528" totalbytes="9893120" percent="99" regionsoverflowed="0" regionsstable="10" regionsrebuilding="0"/>
  </mem-info>
</gc-start>
<allocation-stats totalBytes="69152136" >
  <allocated-bytes non-tlh="0" tlh="69152136" arrayletleaf="0"/>
  <largest-consumer threadName="main" threadId="000000000212BF00" bytes="69152136" />
</allocation-stats>
<gc-op id="2334" type="copy forward" timems="8.904" contextid="2331" timestamp="2019-08-09T08:14:10.528">
  <memory-copied type="eden" objects="29" bytes="1712" bytesdiscarded="696" />
  <memory-copied type="other" objects="24" bytes="544" bytesdiscarded="0" />
  <memory-cardclean objects="70" bytes="2200" />
  <regions eden="33" other="2" />
  <remembered-set-cleared processed="147" cleared="4" durationms="0.123" />
  <stringconstants candidates="13755" cleared="0"  />
</gc-op>
<gc-op id="2335" type="classunload" timems="0.006" contextid="2331" timestamp="2019-08-09T08:14:10.528">
  <classunload-info classloadercandidates="53" classloadersunloaded="0" classesunloaded="0" anonymousclassesunloaded="0" quiescems="0.000" setupms="0.006" scanms="0.000" postms="0.000" />
</gc-op>
<heap-resize id="2336" type="expand" space="default" amount="4194304" count="1" timems="0.084" reason="excessive time being spent in gc" timestamp="2019-08-09T08:14:10.528" />
<gc-end id="2337" type="partial gc" contextid="2331" durationms="10.109" usertimems="23.816" systemtimems="0.000" timestamp="2019-08-09T08:14:10.528" activeThreads="16">
  <mem-info id="2338" free="150994944" total="251658240" percent="60">
    <mem type="eden" free="2094744" total="2097152" percent="99" />
    <remembered-set count="4512" freebytes="10042752" totalbytes="10060800" percent="99" regionsoverflowed="0" regionsstable="10" regionsrebuilding="0"/>
  </mem-info>
</gc-end>
<cycle-end id="2339" type="partial gc" contextid="2331" timestamp="2019-08-09T08:14:10.529" />
  <attribute name="elasticGC enabled" value="1" />
  <attribute name= "numThreadsSpecified" value="16" />
  <attribute name="heapSize specified" value="0" />
  <attribute name="Current GC Util" value="143" />
  <attribute name= "Current Time Running" value="85606" />
  <attribute name ="GC Interval" value="0" />
  <attribute name="Target GC Util Change" value ="80.000000" />
  <attribute name="Current GC Util Change" value="143.000000"/>
  <attribute name="Current Error" value="-124.000000" />
  <attribute name="Output H" value="247501712"/>
  <attribute name="Output I" value="1936"/>
  <attribute name="Output T" value="16"/>
  <attribute name= "Current Time Running" value="85606" />
  <attribute name="GC Util currently" value="143" />
  <attribute name="CPU Util currently" value="1904559805514" />
<exclusive-end id="2340" timestamp="2019-08-09T08:14:10.529" durationms="10.773" />

<exclusive-start id="2341" timestamp="2019-08-09T08:14:10.608" intervalms="90.503">
  <response-info timems="0.020" idlems="0.020" threads="0" lastid="000000000212BF00" lastname="main" />
</exclusive-start>
<allocation-taxation id="2342" taxation-threshold="69206016" timestamp="2019-08-09T08:14:10.608" intervalms="90.505" />
<cycle-start id="2343" type="partial gc" contextid="0" timestamp="2019-08-09T08:14:10.608" intervalms="90.361" />
<gc-start id="2344" type="partial gc" contextid="2343" timestamp="2019-08-09T08:14:10.609">
  <mem-info id="2345" free="81788928" total="251658240" percent="32">
    <mem type="eden" free="0" total="69206016" percent="0" />
    <remembered-set count="4512" freebytes="10042752" totalbytes="10060800" percent="99" regionsoverflowed="0" regionsstable="10" regionsrebuilding="0"/>
  </mem-info>
</gc-start>
<allocation-stats totalBytes="69114208" >
  <allocated-bytes non-tlh="0" tlh="69114208" arrayletleaf="0"/>
  <largest-consumer threadName="main" threadId="000000000212BF00" bytes="69114208" />
</allocation-stats>
<gc-op id="2346" type="copy forward" timems="8.085" contextid="2343" timestamp="2019-08-09T08:14:10.618">
  <memory-copied type="eden" objects="37" bytes="6208" bytesdiscarded="696" />
  <memory-copied type="other" objects="18" bytes="408" bytesdiscarded="1176" />
  <memory-cardclean objects="64" bytes="2056" />
  <regions eden="33" other="2" />
  <remembered-set-cleared processed="149" cleared="5" durationms="0.131" />
  <stringconstants candidates="13755" cleared="0"  />
</gc-op>
<gc-op id="2347" type="classunload" timems="0.009" contextid="2343" timestamp="2019-08-09T08:14:10.618">
  <classunload-info classloadercandidates="53" classloadersunloaded="0" classesunloaded="0" anonymousclassesunloaded="0" quiescems="0.000" setupms="0.008" scanms="0.000" postms="0.000" />
</gc-op>
<gc-end id="2348" type="partial gc" contextid="2343" durationms="9.193" usertimems="20.937" systemtimems="0.000" timestamp="2019-08-09T08:14:10.618" activeThreads="16">
  <mem-info id="2349" free="148897792" total="251658240" percent="59">
    <mem type="eden" free="2090248" total="2097152" percent="99" />
    <remembered-set count="4544" freebytes="10042624" totalbytes="10060800" percent="99" regionsoverflowed="0" regionsstable="10" regionsrebuilding="0"/>
  </mem-info>
</gc-end>
<cycle-end id="2350" type="partial gc" contextid="2343" timestamp="2019-08-09T08:14:10.618" />
  <attribute name="elasticGC enabled" value="1" />
  <attribute name= "numThreadsSpecified" value="16" />
  <attribute name="heapSize specified" value="0" />
  <attribute name="Current GC Util" value="159" />
  <attribute name= "Current Time Running" value="85697" />
  <attribute name ="GC Interval" value="0" />
  <attribute name="Target GC Util Change" value ="80.000000" />
  <attribute name="Current GC Util Change" value="159.000000"/>
  <attribute name="Current Error" value="-148.000000" />
  <attribute name="Output H" value="251696000"/>
  <attribute name="Output I" value="1920"/>
  <attribute name="Output T" value="16"/>
  <attribute name= "Current Time Running" value="85697" />
  <attribute name="GC Util currently" value="159" />
  <attribute name="CPU Util currently" value="1937084110122" />
<exclusive-end id="2351" timestamp="2019-08-09T08:14:10.618" durationms="9.723" />

<exclusive-start id="2352" timestamp="2019-08-09T08:14:10.750" intervalms="142.077">
  <response-info timems="0.019" idlems="0.019" threads="0" lastid="000000000212BF00" lastname="main" />
</exclusive-start>
<allocation-taxation id="2353" taxation-threshold="69206016" timestamp="2019-08-09T08:14:10.751" intervalms="142.099" />
<cycle-start id="2354" type="partial gc" contextid="0" timestamp="2019-08-09T08:14:10.751" intervalms="142.095" />
<gc-start id="2355" type="partial gc" contextid="2354" timestamp="2019-08-09T08:14:10.751">
  <mem-info id="2356" free="79691776" total="251658240" percent="31">
    <mem type="eden" free="0" total="69206016" percent="0" />
    <remembered-set count="4544" freebytes="10042624" totalbytes="10060800" percent="99" regionsoverflowed="0" regionsstable="10" regionsrebuilding="0"/>
  </mem-info>
</gc-start>
<allocation-stats totalBytes="69155048" >
  <allocated-bytes non-tlh="0" tlh="69155048" arrayletleaf="0"/>
  <largest-consumer threadName="main" threadId="000000000212BF00" bytes="69155048" />
</allocation-stats>
<gc-op id="2357" type="copy forward" timems="9.704" contextid="2354" timestamp="2019-08-09T08:14:10.762">
  <memory-copied type="eden" objects="31" bytes="1040" bytesdiscarded="600" />
  <memory-copied type="other" objects="12" bytes="272" bytesdiscarded="1296" />
  <memory-cardclean objects="79" bytes="2480" />
  <regions eden="33" other="2" />
  <remembered-set-cleared processed="152" cleared="8" durationms="0.150" />
  <stringconstants candidates="13755" cleared="0"  />
</gc-op>
<gc-op id="2358" type="classunload" timems="0.009" contextid="2354" timestamp="2019-08-09T08:14:10.762">
  <classunload-info classloadercandidates="53" classloadersunloaded="0" classesunloaded="0" anonymousclassesunloaded="0" quiescems="0.000" setupms="0.008" scanms="0.000" postms="0.000" />
</gc-op>
<gc-end id="2359" type="partial gc" contextid="2354" durationms="11.057" usertimems="24.095" systemtimems="0.000" timestamp="2019-08-09T08:14:10.762" activeThreads="16">
  <mem-info id="2360" free="146800640" total="251658240" percent="58">
    <mem type="eden" free="2095512" total="2097152" percent="99" />
    <remembered-set count="5088" freebytes="10040448" totalbytes="10060800" percent="99" regionsoverflowed="0" regionsstable="10" regionsrebuilding="0"/>
  </mem-info>
</gc-end>
<cycle-end id="2361" type="partial gc" contextid="2354" timestamp="2019-08-09T08:14:10.762" />
  <attribute name="elasticGC enabled" value="1" />
  <attribute name= "numThreadsSpecified" value="16" />
  <attribute name="heapSize specified" value="0" />
  <attribute name="Current GC Util" value="203" />
  <attribute name= "Current Time Running" value="85839" />
  <attribute name ="GC Interval" value="0" />
  <attribute name="Target GC Util Change" value ="80.000000" />
  <attribute name="Current GC Util Change" value="203.000000"/>
  <attribute name="Current Error" value="-123.000000" />
  <attribute name="Output H" value="251696016"/>
  <attribute name="Output I" value="1936"/>
  <attribute name="Output T" value="16"/>
  <attribute name= "Current Time Running" value="85839" />
  <attribute name="GC Util currently" value="203" />
  <attribute name="CPU Util currently" value="1382766259239" />
<exclusive-end id="2362" timestamp="2019-08-09T08:14:10.762" durationms="11.700" />

<exclusive-start id="2363" timestamp="2019-08-09T08:14:10.893" intervalms="142.474">
  <response-info timems="0.017" idlems="0.017" threads="0" lastid="000000000212BF00" lastname="main" />
</exclusive-start>
<allocation-taxation id="2364" taxation-threshold="69206016" timestamp="2019-08-09T08:14:10.893" intervalms="142.453" />
<cycle-start id="2365" type="partial gc" contextid="0" timestamp="2019-08-09T08:14:10.893" intervalms="142.471" />
<gc-start id="2366" type="partial gc" contextid="2365" timestamp="2019-08-09T08:14:10.893">
  <mem-info id="2367" free="77594624" total="251658240" percent="30">
    <mem type="eden" free="0" total="69206016" percent="0" />
    <remembered-set count="4640" freebytes="10042240" totalbytes="10060800" percent="99" regionsoverflowed="0" regionsstable="10" regionsrebuilding="0"/>
  </mem-info>
</gc-start>
<allocation-stats totalBytes="69193424" >
  <allocated-bytes non-tlh="0" tlh="69193424" arrayletleaf="0"/>
  <largest-consumer threadName="main" threadId="000000000212BF00" bytes="69193424" />
</allocation-stats>
<gc-op id="2368" type="copy forward" timems="10.346" contextid="2365" timestamp="2019-08-09T08:14:10.905">
  <memory-copied type="eden" objects="4" bytes="200" bytesdiscarded="0" />
  <memory-copied type="other" objects="32" bytes="936" bytesdiscarded="1328" />
  <memory-cardclean objects="64" bytes="2184" />
  <regions eden="33" other="2" />
  <remembered-set-cleared processed="154" cleared="8" durationms="0.123" />
  <stringconstants candidates="13755" cleared="0"  />
</gc-op>
<gc-op id="2369" type="classunload" timems="0.008" contextid="2365" timestamp="2019-08-09T08:14:10.905">
  <classunload-info classloadercandidates="53" classloadersunloaded="0" classesunloaded="0" anonymousclassesunloaded="0" quiescems="0.000" setupms="0.008" scanms="0.000" postms="0.000" />
</gc-op>
<gc-end id="2370" type="partial gc" contextid="2365" durationms="11.502" usertimems="29.743" systemtimems="0.000" timestamp="2019-08-09T08:14:10.905" activeThreads="16">
  <mem-info id="2371" free="144703488" total="251658240" percent="57">
    <mem type="eden" free="2096952" total="2097152" percent="99" />
    <remembered-set count="5152" freebytes="10040192" totalbytes="10060800" percent="99" regionsoverflowed="0" regionsstable="10" regionsrebuilding="0"/>
  </mem-info>
</gc-end>
<cycle-end id="2372" type="partial gc" contextid="2365" timestamp="2019-08-09T08:14:10.905" />
  <attribute name="elasticGC enabled" value="1" />
  <attribute name= "numThreadsSpecified" value="16" />
  <attribute name="heapSize specified" value="0" />
  <attribute name="Current GC Util" value="230" />
  <attribute name= "Current Time Running" value="85981" />
  <attribute name ="GC Interval" value="0" />
  <attribute name="Target GC Util Change" value ="80.000000" />
  <attribute name="Current GC Util Change" value="230.000000"/>
  <attribute name="Current Error" value="-209.000000" />
  <attribute name="Output H" value="251695960"/>
  <attribute name="Output I" value="1880"/>
  <attribute name="Output T" value="16"/>
  <attribute name= "Current Time Running" value="85981" />
  <attribute name="GC Util currently" value="230" />
  <attribute name="CPU Util currently" value="1553348237473" />
<exclusive-end id="2373" timestamp="2019-08-09T08:14:10.905" durationms="11.974" />

<exclusive-start id="2374" timestamp="2019-08-09T08:14:11.032" intervalms="139.386">
  <response-info timems="0.035" idlems="0.035" threads="0" lastid="000000000212BF00" lastname="main" />
</exclusive-start>
<allocation-taxation id="2375" taxation-threshold="69206016" timestamp="2019-08-09T08:14:11.032" intervalms="139.384" />
<cycle-start id="2376" type="partial gc" contextid="0" timestamp="2019-08-09T08:14:11.032" intervalms="139.368" />
<gc-start id="2377" type="partial gc" contextid="2376" timestamp="2019-08-09T08:14:11.033">
  <mem-info id="2378" free="75497472" total="251658240" percent="30">
    <mem type="eden" free="2096952" total="71303168" percent="2" />
    <remembered-set count="4672" freebytes="10042112" totalbytes="10060800" percent="99" regionsoverflowed="0" regionsstable="10" regionsrebuilding="0"/>
  </mem-info>
</gc-start>
<allocation-stats totalBytes="69193632" >
  <allocated-bytes non-tlh="0" tlh="69193632" arrayletleaf="0"/>
  <largest-consumer threadName="main" threadId="000000000212BF00" bytes="69193632" />
</allocation-stats>
<gc-op id="2379" type="copy forward" timems="9.638" contextid="2376" timestamp="2019-08-09T08:14:11.044">
  <memory-copied type="eden" objects="13" bytes="464" bytesdiscarded="0" />
  <memory-copied type="other" objects="26" bytes="800" bytesdiscarded="600" />
  <memory-cardclean objects="45" bytes="1664" />
  <regions eden="33" other="2" />
  <remembered-set-cleared processed="156" cleared="3" durationms="0.369" />
  <stringconstants candidates="13755" cleared="0"  />
</gc-op>
<gc-op id="2380" type="classunload" timems="0.010" contextid="2376" timestamp="2019-08-09T08:14:11.044">
  <classunload-info classloadercandidates="53" classloadersunloaded="0" classesunloaded="0" anonymousclassesunloaded="0" quiescems="0.000" setupms="0.010" scanms="0.000" postms="0.000" />
</gc-op>
<gc-end id="2381" type="partial gc" contextid="2376" durationms="11.432" usertimems="24.628" systemtimems="0.000" timestamp="2019-08-09T08:14:11.044" activeThreads="16">
  <mem-info id="2382" free="144703488" total="251658240" percent="57">
    <mem type="eden" free="2096688" total="2097152" percent="99" />
    <remembered-set count="4800" freebytes="10041600" totalbytes="10060800" percent="99" regionsoverflowed="0" regionsstable="10" regionsrebuilding="0"/>
  </mem-info>
</gc-end>
<cycle-end id="2383" type="partial gc" contextid="2376" timestamp="2019-08-09T08:14:11.044" />
  <attribute name="elasticGC enabled" value="1" />
  <attribute name= "numThreadsSpecified" value="16" />
  <attribute name="heapSize specified" value="0" />
  <attribute name="Current GC Util" value="149" />
  <attribute name= "Current Time Running" value="86121" />
  <attribute name ="GC Interval" value="0" />
  <attribute name="Target GC Util Change" value ="80.000000" />
  <attribute name="Current GC Util Change" value="149.000000"/>
  <attribute name="Current Error" value="-218.000000" />
  <attribute name="Output H" value="251695960"/>
  <attribute name="Output I" value="1880"/>
  <attribute name="Output T" value="16"/>
  <attribute name= "Current Time Running" value="86121" />
  <attribute name="GC Util currently" value="149" />
  <attribute name="CPU Util currently" value="911382358864" />
<exclusive-end id="2384" timestamp="2019-08-09T08:14:11.044" durationms="11.995" />

<exclusive-start id="2385" timestamp="2019-08-09T08:14:11.130" intervalms="97.731">
  <response-info timems="0.017" idlems="0.017" threads="0" lastid="000000000212BF00" lastname="main" />
</exclusive-start>
<allocation-taxation id="2386" taxation-threshold="69206016" timestamp="2019-08-09T08:14:11.130" intervalms="97.744" />
<cycle-start id="2387" type="partial gc" contextid="0" timestamp="2019-08-09T08:14:11.130" intervalms="97.746" />
<gc-start id="2388" type="partial gc" contextid="2387" timestamp="2019-08-09T08:14:11.130">
  <mem-info id="2389" free="75497472" total="251658240" percent="30">
    <mem type="eden" free="2096688" total="71303168" percent="2" />
    <remembered-set count="4320" freebytes="10043520" totalbytes="10060800" percent="99" regionsoverflowed="0" regionsstable="10" regionsrebuilding="0"/>
  </mem-info>
</gc-start>
<allocation-stats totalBytes="69156944" >
  <allocated-bytes non-tlh="0" tlh="69156944" arrayletleaf="0"/>
  <largest-consumer threadName="main" threadId="000000000212BF00" bytes="69156944" />
</allocation-stats>
<gc-op id="2390" type="copy forward" timems="7.573" contextid="2387" timestamp="2019-08-09T08:14:11.139">
  <memory-copied type="eden" objects="25" bytes="1320" bytesdiscarded="680" />
  <memory-copied type="other" objects="12" bytes="272" bytesdiscarded="528" />
  <memory-cardclean objects="56" bytes="1880" />
  <regions eden="33" other="2" />
  <remembered-set-cleared processed="156" cleared="3" durationms="0.233" />
  <stringconstants candidates="13755" cleared="0"  />
</gc-op>
<gc-op id="2391" type="classunload" timems="0.008" contextid="2387" timestamp="2019-08-09T08:14:11.139">
  <classunload-info classloadercandidates="53" classloadersunloaded="0" classesunloaded="0" anonymousclassesunloaded="0" quiescems="0.000" setupms="0.008" scanms="0.000" postms="0.000" />
</gc-op>
<gc-end id="2392" type="partial gc" contextid="2387" durationms="8.743" usertimems="19.574" systemtimems="0.000" timestamp="2019-08-09T08:14:11.139" activeThreads="16">
  <mem-info id="2393" free="144703488" total="251658240" percent="57">
    <mem type="eden" free="2095152" total="2097152" percent="99" />
    <remembered-set count="5312" freebytes="10039552" totalbytes="10060800" percent="99" regionsoverflowed="0" regionsstable="10" regionsrebuilding="0"/>
  </mem-info>
</gc-end>
<cycle-end id="2394" type="partial gc" contextid="2387" timestamp="2019-08-09T08:14:11.139" />
  <attribute name="elasticGC enabled" value="1" />
  <attribute name= "numThreadsSpecified" value="16" />
  <attribute name="heapSize specified" value="0" />
  <attribute name="Current GC Util" value="126" />
  <attribute name= "Current Time Running" value="86219" />
  <attribute name ="GC Interval" value="0" />
  <attribute name="Target GC Util Change" value ="80.000000" />
  <attribute name="Current GC Util Change" value="126.000000"/>
  <attribute name="Current Error" value="-46.000000" />
  <attribute name="Output H" value="251696056"/>
  <attribute name="Output I" value="1976"/>
  <attribute name="Output T" value="16"/>
  <attribute name= "Current Time Running" value="86219" />
  <attribute name="GC Util currently" value="126" />
  <attribute name="CPU Util currently" value="1534632027108" />
<exclusive-end id="2395" timestamp="2019-08-09T08:14:11.139" durationms="9.213" />

<exclusive-start id="2396" timestamp="2019-08-09T08:14:11.162" intervalms="31.899">
  <response-info timems="0.018" idlems="0.018" threads="0" lastid="000000000212BF00" lastname="main" />
</exclusive-start>
<allocation-taxation id="2397" taxation-threshold="69206016" timestamp="2019-08-09T08:14:11.162" intervalms="31.904" />
<cycle-start id="2398" type="partial gc" contextid="0" timestamp="2019-08-09T08:14:11.162" intervalms="32.033" />
<gc-start id="2399" type="partial gc" contextid="2398" timestamp="2019-08-09T08:14:11.162">
  <mem-info id="2400" free="75497472" total="251658240" percent="30">
    <mem type="eden" free="0" total="69206016" percent="0" />
    <remembered-set count="4896" freebytes="10041216" totalbytes="10060800" percent="99" regionsoverflowed="0" regionsstable="10" regionsrebuilding="0"/>
  </mem-info>
</gc-start>
<allocation-stats totalBytes="69109872" >
  <allocated-bytes non-tlh="0" tlh="69109872" arrayletleaf="0"/>
  <largest-consumer threadName="main" threadId="000000000212BF00" bytes="69109872" />
</allocation-stats>
<gc-op id="2401" type="copy forward" timems="8.291" contextid="2398" timestamp="2019-08-09T08:14:11.172">
  <memory-copied type="eden" objects="4" bytes="112" bytesdiscarded="680" />
  <memory-copied type="other" objects="33" bytes="1480" bytesdiscarded="1744" />
  <memory-cardclean objects="48" bytes="1752" />
  <regions eden="33" other="2" />
  <remembered-set-cleared processed="156" cleared="3" durationms="0.138" />
  <stringconstants candidates="13755" cleared="0"  />
</gc-op>
<gc-op id="2402" type="classunload" timems="0.007" contextid="2398" timestamp="2019-08-09T08:14:11.172">
  <classunload-info classloadercandidates="53" classloadersunloaded="0" classesunloaded="0" anonymousclassesunloaded="0" quiescems="0.000" setupms="0.007" scanms="0.000" postms="0.000" />
</gc-op>
<gc-end id="2403" type="partial gc" contextid="2398" durationms="9.809" usertimems="21.890" systemtimems="0.000" timestamp="2019-08-09T08:14:11.172" activeThreads="16">
  <mem-info id="2404" free="142606336" total="251658240" percent="56">
    <mem type="eden" free="2096360" total="2097152" percent="99" />
    <remembered-set count="5824" freebytes="10037504" totalbytes="10060800" percent="99" regionsoverflowed="0" regionsstable="10" regionsrebuilding="0"/>
  </mem-info>
</gc-end>
<cycle-end id="2405" type="partial gc" contextid="2398" timestamp="2019-08-09T08:14:11.172" />
  <attribute name="elasticGC enabled" value="1" />
  <attribute name= "numThreadsSpecified" value="16" />
  <attribute name="heapSize specified" value="0" />
  <attribute name="Current GC Util" value="189" />
  <attribute name= "Current Time Running" value="86251" />
  <attribute name ="GC Interval" value="0" />
  <attribute name="Target GC Util Change" value ="80.000000" />
  <attribute name="Current GC Util Change" value="189.000000"/>
  <attribute name="Current Error" value="-134.000000" />
  <attribute name="Output H" value="251696008"/>
  <attribute name="Output I" value="1928"/>
  <attribute name="Output T" value="16"/>
  <attribute name= "Current Time Running" value="86251" />
  <attribute name="GC Util currently" value="189" />
  <attribute name="CPU Util currently" value="1070562058519" />
<exclusive-end id="2406" timestamp="2019-08-09T08:14:11.172" durationms="10.451" />

<exclusive-start id="2407" timestamp="2019-08-09T08:14:11.194" intervalms="32.456">
  <response-info timems="0.018" idlems="0.018" threads="0" lastid="000000000212BF00" lastname="main" />
</exclusive-start>
<allocation-taxation id="2408" taxation-threshold="69206016" timestamp="2019-08-09T08:14:11.194" intervalms="32.448" />
<cycle-start id="2409" type="partial gc" contextid="0" timestamp="2019-08-09T08:14:11.195" intervalms="32.353" />
<gc-start id="2410" type="partial gc" contextid="2409" timestamp="2019-08-09T08:14:11.195">
  <mem-info id="2411" free="73400320" total="251658240" percent="29">
    <mem type="eden" free="2096360" total="71303168" percent="2" />
    <remembered-set count="5344" freebytes="10039424" totalbytes="10060800" percent="99" regionsoverflowed="0" regionsstable="10" regionsrebuilding="0"/>
  </mem-info>
</gc-start>
<allocation-stats totalBytes="69110568" >
  <allocated-bytes non-tlh="0" tlh="69110568" arrayletleaf="0"/>
  <largest-consumer threadName="main" threadId="000000000212BF00" bytes="69110568" />
</allocation-stats>
<gc-op id="2412" type="copy forward" timems="8.828" contextid="2409" timestamp="2019-08-09T08:14:11.205">
  <memory-copied type="eden" objects="4" bytes="112" bytesdiscarded="680" />
  <memory-copied type="other" objects="21" bytes="1208" bytesdiscarded="1256" />
  <memory-cardclean objects="37" bytes="1472" />
  <regions eden="33" other="2" />
  <remembered-set-cleared processed="158" cleared="3" durationms="0.190" />
  <stringconstants candidates="13755" cleared="0"  />
</gc-op>
<gc-op id="2413" type="classunload" timems="0.012" contextid="2409" timestamp="2019-08-09T08:14:11.205">
  <classunload-info classloadercandidates="53" classloadersunloaded="0" classesunloaded="0" anonymousclassesunloaded="0" quiescems="0.000" setupms="0.012" scanms="0.000" postms="0.000" />
</gc-op>
<heap-resize id="2414" type="expand" space="default" amount="20971520" count="1" timems="0.167" reason="excessive time being spent in gc" timestamp="2019-08-09T08:14:11.205" />
<gc-end id="2415" type="partial gc" contextid="2409" durationms="10.582" usertimems="24.997" systemtimems="0.000" timestamp="2019-08-09T08:14:11.205" activeThreads="16">
  <mem-info id="2416" free="163577856" total="272629760" percent="60">
    <mem type="eden" free="2096360" total="2097152" percent="99" />
    <remembered-set count="4864" freebytes="10879744" totalbytes="10899200" percent="99" regionsoverflowed="0" regionsstable="10" regionsrebuilding="0"/>
  </mem-info>
</gc-end>
<cycle-end id="2417" type="partial gc" contextid="2409" timestamp="2019-08-09T08:14:11.206" />
  <attribute name="elasticGC enabled" value="1" />
  <attribute name= "numThreadsSpecified" value="16" />
  <attribute name="heapSize specified" value="0" />
  <attribute name="Current GC Util" value="153" />
  <attribute name= "Current Time Running" value="86283" />
  <attribute name ="GC Interval" value="0" />
  <attribute name="Target GC Util Change" value ="80.000000" />
  <attribute name="Current GC Util Change" value="153.000000"/>
  <attribute name="Current Error" value="-190.000000" />
  <attribute name="Output H" value="251695976"/>
  <attribute name="Output I" value="1896"/>
  <attribute name="Output T" value="16"/>
  <attribute name= "Current Time Running" value="86283" />
  <attribute name="GC Util currently" value="153" />
  <attribute name="CPU Util currently" value="1092907719479" />
<exclusive-end id="2418" timestamp="2019-08-09T08:14:11.206" durationms="11.199" />

* Round 2 done in 3.662 seconds.
<exclusive-start id="2419" timestamp="2019-08-09T08:14:11.450" intervalms="255.402">
  <response-info timems="0.017" idlems="0.017" threads="0" lastid="000000000212BF00" lastname="main" />
</exclusive-start>
<allocation-taxation id="2420" taxation-threshold="75497472" timestamp="2019-08-09T08:14:11.450" intervalms="255.394" />
<cycle-start id="2421" type="partial gc" contextid="0" timestamp="2019-08-09T08:14:11.450" intervalms="255.377" />
<gc-start id="2422" type="partial gc" contextid="2421" timestamp="2019-08-09T08:14:11.450">
  <mem-info id="2423" free="88080384" total="272629760" percent="32">
    <mem type="eden" free="2096360" total="77594624" percent="2" />
    <remembered-set count="4864" freebytes="10879744" totalbytes="10899200" percent="99" regionsoverflowed="0" regionsstable="10" regionsrebuilding="0"/>
  </mem-info>
</gc-start>
<allocation-stats totalBytes="75463376" >
  <allocated-bytes non-tlh="0" tlh="75463376" arrayletleaf="0"/>
  <largest-consumer threadName="main" threadId="000000000212BF00" bytes="75463376" />
</allocation-stats>
<gc-op id="2424" type="copy forward" timems="10.662" contextid="2421" timestamp="2019-08-09T08:14:11.462">
  <memory-copied type="eden" objects="87" bytes="3544" bytesdiscarded="952" />
  <memory-copied type="other" objects="6" bytes="136" bytesdiscarded="728" />
  <memory-cardclean objects="148" bytes="4408" />
  <regions eden="36" other="2" />
  <remembered-set-cleared processed="158" cleared="14" durationms="0.222" />
  <stringconstants candidates="13755" cleared="0"  />
</gc-op>
<gc-op id="2425" type="classunload" timems="0.009" contextid="2421" timestamp="2019-08-09T08:14:11.462">
  <classunload-info classloadercandidates="53" classloadersunloaded="0" classesunloaded="0" anonymousclassesunloaded="0" quiescems="0.000" setupms="0.008" scanms="0.000" postms="0.000" />
</gc-op>
<gc-end id="2426" type="partial gc" contextid="2421" durationms="12.248" usertimems="25.129" systemtimems="0.000" timestamp="2019-08-09T08:14:11.462" activeThreads="16">
  <mem-info id="2427" free="163577856" total="272629760" percent="60">
    <mem type="eden" free="2092656" total="2097152" percent="99" />
    <remembered-set count="5152" freebytes="10878592" totalbytes="10899200" percent="99" regionsoverflowed="0" regionsstable="10" regionsrebuilding="0"/>
  </mem-info>
</gc-end>
<cycle-end id="2428" type="partial gc" contextid="2421" timestamp="2019-08-09T08:14:11.462" />
  <attribute name="elasticGC enabled" value="1" />
  <attribute name= "numThreadsSpecified" value="16" />
  <attribute name="heapSize specified" value="0" />
  <attribute name="Current GC Util" value="166" />
  <attribute name= "Current Time Running" value="86539" />
  <attribute name ="GC Interval" value="0" />
  <attribute name="Target GC Util Change" value ="80.000000" />
  <attribute name="Current GC Util Change" value="166.000000"/>
  <attribute name="Current Error" value="-86.000000" />
  <attribute name="Output H" value="272667552"/>
  <attribute name="Output I" value="1952"/>
  <attribute name="Output T" value="16"/>
  <attribute name= "Current Time Running" value="86539" />
  <attribute name="GC Util currently" value="166" />
  <attribute name="CPU Util currently" value="1168530701056" />
<exclusive-end id="2429" timestamp="2019-08-09T08:14:11.463" durationms="12.940" />

<exclusive-start id="2430" timestamp="2019-08-09T08:14:11.488" intervalms="38.185">
  <response-info timems="0.019" idlems="0.019" threads="0" lastid="000000000212BF00" lastname="main" />
</exclusive-start>
<allocation-taxation id="2431" taxation-threshold="75497472" timestamp="2019-08-09T08:14:11.488" intervalms="38.187" />
<cycle-start id="2432" type="partial gc" contextid="0" timestamp="2019-08-09T08:14:11.488" intervalms="38.192" />
<gc-start id="2433" type="partial gc" contextid="2432" timestamp="2019-08-09T08:14:11.488">
  <mem-info id="2434" free="88080384" total="272629760" percent="32">
    <mem type="eden" free="0" total="75497472" percent="0" />
    <remembered-set count="4704" freebytes="10880384" totalbytes="10899200" percent="99" regionsoverflowed="0" regionsstable="10" regionsrebuilding="0"/>
  </mem-info>
</gc-start>
<allocation-stats totalBytes="75225576" >
  <allocated-bytes non-tlh="0" tlh="75225576" arrayletleaf="0"/>
  <largest-consumer threadName="main" threadId="000000000212BF00" bytes="75225576" />
</allocation-stats>
<gc-op id="2435" type="copy forward" timems="7.764" contextid="2432" timestamp="2019-08-09T08:14:11.498">
  <memory-copied type="eden" objects="2" bytes="56" bytesdiscarded="736" />
  <memory-copied type="other" objects="92" bytes="3648" bytesdiscarded="1576" />
  <memory-cardclean objects="109" bytes="3480" />
  <regions eden="36" other="2" />
  <remembered-set-cleared processed="155" cleared="11" durationms="0.148" />
  <stringconstants candidates="13755" cleared="0"  />
</gc-op>
<gc-op id="2436" type="classunload" timems="0.008" contextid="2432" timestamp="2019-08-09T08:14:11.498">
  <classunload-info classloadercandidates="53" classloadersunloaded="0" classesunloaded="0" anonymousclassesunloaded="0" quiescems="0.000" setupms="0.007" scanms="0.000" postms="0.000" />
</gc-op>
<gc-end id="2437" type="partial gc" contextid="2432" durationms="9.363" usertimems="22.785" systemtimems="0.000" timestamp="2019-08-09T08:14:11.498" activeThreads="16">
  <mem-info id="2438" free="161480704" total="272629760" percent="59">
    <mem type="eden" free="2096360" total="2097152" percent="99" />
    <remembered-set count="5664" freebytes="10876544" totalbytes="10899200" percent="99" regionsoverflowed="0" regionsstable="10" regionsrebuilding="0"/>
  </mem-info>
</gc-end>
<cycle-end id="2439" type="partial gc" contextid="2432" timestamp="2019-08-09T08:14:11.498" />
  <attribute name="elasticGC enabled" value="1" />
  <attribute name= "numThreadsSpecified" value="16" />
  <attribute name="heapSize specified" value="0" />
  <attribute name="Current GC Util" value="199" />
  <attribute name= "Current Time Running" value="86577" />
  <attribute name ="GC Interval" value="0" />
  <attribute name="Target GC Util Change" value ="80.000000" />
  <attribute name="Current GC Util Change" value="199.000000"/>
  <attribute name="Current Error" value="-188.000000" />
  <attribute name="Output H" value="272667496"/>
  <attribute name="Output I" value="1896"/>
  <attribute name="Output T" value="16"/>
  <attribute name= "Current Time Running" value="86577" />
  <attribute name="GC Util currently" value="199" />
  <attribute name="CPU Util currently" value="982459783119" />
<exclusive-end id="2440" timestamp="2019-08-09T08:14:11.498" durationms="9.970" />

<exclusive-start id="2441" timestamp="2019-08-09T08:14:11.524" intervalms="36.114">
  <response-info timems="0.019" idlems="0.019" threads="0" lastid="000000000212BF00" lastname="main" />
</exclusive-start>
<allocation-taxation id="2442" taxation-threshold="75497472" timestamp="2019-08-09T08:14:11.524" intervalms="36.112" />
<cycle-start id="2443" type="partial gc" contextid="0" timestamp="2019-08-09T08:14:11.524" intervalms="36.097" />
<gc-start id="2444" type="partial gc" contextid="2443" timestamp="2019-08-09T08:14:11.524">
  <mem-info id="2445" free="85983232" total="272629760" percent="31">
    <mem type="eden" free="2096360" total="77594624" percent="2" />
    <remembered-set count="5408" freebytes="10877568" totalbytes="10899200" percent="99" regionsoverflowed="0" regionsstable="10" regionsrebuilding="0"/>
  </mem-info>
</gc-start>
<allocation-stats totalBytes="75246624" >
  <allocated-bytes non-tlh="0" tlh="75246624" arrayletleaf="0"/>
  <largest-consumer threadName="main" threadId="000000000212BF00" bytes="75246624" />
</allocation-stats>
<gc-op id="2446" type="copy forward" timems="8.051" contextid="2443" timestamp="2019-08-09T08:14:11.534">
  <memory-copied type="eden" objects="2" bytes="56" bytesdiscarded="736" />
  <memory-copied type="other" objects="86" bytes="3512" bytesdiscarded="1120" />
  <memory-cardclean objects="105" bytes="3376" />
  <regions eden="36" other="2" />
  <remembered-set-cleared processed="156" cleared="10" durationms="0.184" />
  <stringconstants candidates="13755" cleared="0"  />
</gc-op>
<gc-op id="2447" type="classunload" timems="0.008" contextid="2443" timestamp="2019-08-09T08:14:11.534">
  <classunload-info classloadercandidates="53" classloadersunloaded="0" classesunloaded="0" anonymousclassesunloaded="0" quiescems="0.000" setupms="0.008" scanms="0.000" postms="0.000" />
</gc-op>
<gc-end id="2448" type="partial gc" contextid="2443" durationms="9.897" usertimems="22.603" systemtimems="0.000" timestamp="2019-08-09T08:14:11.534" activeThreads="16">
  <mem-info id="2449" free="161480704" total="272629760" percent="59">
    <mem type="eden" free="2096360" total="2097152" percent="99" />
    <remembered-set count="5728" freebytes="10876288" totalbytes="10899200" percent="99" regionsoverflowed="0" regionsstable="10" regionsrebuilding="0"/>
  </mem-info>
</gc-end>
<cycle-end id="2450" type="partial gc" contextid="2443" timestamp="2019-08-09T08:14:11.534" />
  <attribute name="elasticGC enabled" value="1" />
  <attribute name= "numThreadsSpecified" value="16" />
  <attribute name="heapSize specified" value="0" />
  <attribute name="Current GC Util" value="193" />
  <attribute name= "Current Time Running" value="86613" />
  <attribute name ="GC Interval" value="0" />
  <attribute name="Target GC Util Change" value ="80.000000" />
  <attribute name="Current GC Util Change" value="193.000000"/>
  <attribute name="Current Error" value="-279.000000" />
  <attribute name="Output H" value="272667440"/>
  <attribute name="Output I" value="1840"/>
  <attribute name="Output T" value="16"/>
  <attribute name= "Current Time Running" value="86613" />
  <attribute name="GC Util currently" value="193" />
  <attribute name="CPU Util currently" value="918570301026" />
<exclusive-end id="2451" timestamp="2019-08-09T08:14:11.535" durationms="10.470" />

<exclusive-start id="2452" timestamp="2019-08-09T08:14:11.559" intervalms="34.850">
  <response-info timems="0.020" idlems="0.020" threads="0" lastid="000000000212BF00" lastname="main" />
</exclusive-start>
<allocation-taxation id="2453" taxation-threshold="75497472" timestamp="2019-08-09T08:14:11.559" intervalms="34.855" />
<cycle-start id="2454" type="partial gc" contextid="0" timestamp="2019-08-09T08:14:11.559" intervalms="34.845" />
<gc-start id="2455" type="partial gc" contextid="2454" timestamp="2019-08-09T08:14:11.559">
  <mem-info id="2456" free="85983232" total="272629760" percent="31">
    <mem type="eden" free="2096360" total="77594624" percent="2" />
    <remembered-set count="5248" freebytes="10878208" totalbytes="10899200" percent="99" regionsoverflowed="0" regionsstable="10" regionsrebuilding="0"/>
  </mem-info>
</gc-start>
<allocation-stats totalBytes="75246600" >
  <allocated-bytes non-tlh="0" tlh="75246600" arrayletleaf="0"/>
  <largest-consumer threadName="main" threadId="000000000212BF00" bytes="75246600" />
</allocation-stats>
<gc-op id="2457" type="copy forward" timems="7.589" contextid="2454" timestamp="2019-08-09T08:14:11.568">
  <memory-copied type="eden" objects="2" bytes="56" bytesdiscarded="736" />
  <memory-copied type="other" objects="86" bytes="3512" bytesdiscarded="1256" />
  <memory-cardclean objects="105" bytes="3376" />
  <regions eden="36" other="2" />
  <remembered-set-cleared processed="155" cleared="9" durationms="0.142" />
  <stringconstants candidates="13755" cleared="0"  />
</gc-op>
<gc-op id="2458" type="classunload" timems="0.006" contextid="2454" timestamp="2019-08-09T08:14:11.568">
  <classunload-info classloadercandidates="53" classloadersunloaded="0" classesunloaded="0" anonymousclassesunloaded="0" quiescems="0.000" setupms="0.006" scanms="0.000" postms="0.000" />
</gc-op>
<heap-resize id="2459" type="expand" space="default" amount="6291456" count="1" timems="0.094" reason="excessive time being spent in gc" timestamp="2019-08-09T08:14:11.568" />
<gc-end id="2460" type="partial gc" contextid="2454" durationms="8.821" usertimems="20.219" systemtimems="0.000" timestamp="2019-08-09T08:14:11.568" activeThreads="16">
  <mem-info id="2461" free="167772160" total="278921216" percent="60">
    <mem type="eden" free="2096360" total="2097152" percent="99" />
    <remembered-set count="5216" freebytes="11129856" totalbytes="11150720" percent="99" regionsoverflowed="0" regionsstable="10" regionsrebuilding="0"/>
  </mem-info>
</gc-end>
<cycle-end id="2462" type="partial gc" contextid="2454" timestamp="2019-08-09T08:14:11.568" />
  <attribute name="elasticGC enabled" value="1" />
  <attribute name= "numThreadsSpecified" value="16" />
  <attribute name="heapSize specified" value="0" />
  <attribute name="Current GC Util" value="132" />
  <attribute name= "Current Time Running" value="86647" />
  <attribute name ="GC Interval" value="0" />
  <attribute name="Target GC Util Change" value ="80.000000" />
  <attribute name="Current GC Util Change" value="132.000000"/>
  <attribute name="Current Error" value="-52.000000" />
  <attribute name="Output H" value="272667576"/>
  <attribute name="Output I" value="1976"/>
  <attribute name="Output T" value="16"/>
  <attribute name= "Current Time Running" value="86647" />
  <attribute name="GC Util currently" value="132" />
  <attribute name="CPU Util currently" value="1761917774901" />
<exclusive-end id="2463" timestamp="2019-08-09T08:14:11.568" durationms="9.307" />

<exclusive-start id="2464" timestamp="2019-08-09T08:14:11.601" intervalms="41.803">
  <response-info timems="0.014" idlems="0.014" threads="0" lastid="000000000212BF00" lastname="main" />
</exclusive-start>
<allocation-taxation id="2465" taxation-threshold="77594624" timestamp="2019-08-09T08:14:11.601" intervalms="41.800" />
<cycle-start id="2466" type="partial gc" contextid="0" timestamp="2019-08-09T08:14:11.601" intervalms="41.799" />
<gc-start id="2467" type="partial gc" contextid="2466" timestamp="2019-08-09T08:14:11.601">
  <mem-info id="2468" free="90177536" total="278921216" percent="32">
    <mem type="eden" free="2096360" total="79691776" percent="2" />
    <remembered-set count="5216" freebytes="11129856" totalbytes="11150720" percent="99" regionsoverflowed="0" regionsstable="10" regionsrebuilding="0"/>
  </mem-info>
</gc-start>
<allocation-stats totalBytes="77336888" >
  <allocated-bytes non-tlh="0" tlh="77336888" arrayletleaf="0"/>
  <largest-consumer threadName="main" threadId="000000000212BF00" bytes="77336888" />
</allocation-stats>
<gc-op id="2469" type="copy forward" timems="7.680" contextid="2466" timestamp="2019-08-09T08:14:11.609">
  <memory-copied type="eden" objects="2" bytes="56" bytesdiscarded="736" />
  <memory-copied type="other" objects="86" bytes="3512" bytesdiscarded="1496" />
  <memory-cardclean objects="105" bytes="3376" />
  <regions eden="37" other="2" />
  <remembered-set-cleared processed="155" cleared="9" durationms="0.129" />
  <stringconstants candidates="13755" cleared="0"  />
</gc-op>
<gc-op id="2470" type="classunload" timems="0.006" contextid="2466" timestamp="2019-08-09T08:14:11.609">
  <classunload-info classloadercandidates="53" classloadersunloaded="0" classesunloaded="0" anonymousclassesunloaded="0" quiescems="0.000" setupms="0.005" scanms="0.000" postms="0.000" />
</gc-op>
<gc-end id="2471" type="partial gc" contextid="2466" durationms="8.481" usertimems="21.347" systemtimems="0.000" timestamp="2019-08-09T08:14:11.610" activeThreads="16">
  <mem-info id="2472" free="167772160" total="278921216" percent="60">
    <mem type="eden" free="2096360" total="2097152" percent="99" />
    <remembered-set count="5728" freebytes="11127808" totalbytes="11150720" percent="99" regionsoverflowed="0" regionsstable="10" regionsrebuilding="0"/>
  </mem-info>
</gc-end>
<cycle-end id="2473" type="partial gc" contextid="2466" timestamp="2019-08-09T08:14:11.610" />
  <attribute name="elasticGC enabled" value="1" />
  <attribute name= "numThreadsSpecified" value="16" />
  <attribute name="heapSize specified" value="0" />
  <attribute name="Current GC Util" value="0" />
  <attribute name= "Current Time Running" value="86689" />
  <attribute name ="GC Interval" value="0" />
  <attribute name="Target GC Util Change" value ="80.000000" />
  <attribute name="Current GC Util Change" value="0.000000"/>
  <attribute name="Current Error" value="62.000000" />
  <attribute name="Output H" value="278959096"/>
  <attribute name="Output I" value="2040"/>
  <attribute name="Output T" value="16"/>
  <attribute name= "Current Time Running" value="86689" />
  <attribute name="GC Util currently" value="0" />
  <attribute name="CPU Util currently" value="3248947380353" />
<exclusive-end id="2474" timestamp="2019-08-09T08:14:11.610" durationms="9.088" />

<exclusive-start id="2475" timestamp="2019-08-09T08:14:11.635" intervalms="34.293">
  <response-info timems="0.020" idlems="0.020" threads="0" lastid="000000000212BF00" lastname="main" />
</exclusive-start>
<allocation-taxation id="2476" taxation-threshold="77594624" timestamp="2019-08-09T08:14:11.635" intervalms="34.295" />
<cycle-start id="2477" type="partial gc" contextid="0" timestamp="2019-08-09T08:14:11.635" intervalms="34.299" />
<gc-start id="2478" type="partial gc" contextid="2477" timestamp="2019-08-09T08:14:11.635">
  <mem-info id="2479" free="90177536" total="278921216" percent="32">
    <mem type="eden" free="2096360" total="79691776" percent="2" />
    <remembered-set count="5248" freebytes="11129728" totalbytes="11150720" percent="99" regionsoverflowed="0" regionsstable="10" regionsrebuilding="0"/>
  </mem-info>
</gc-start>
<allocation-stats totalBytes="77336888" >
  <allocated-bytes non-tlh="0" tlh="77336888" arrayletleaf="0"/>
  <largest-consumer threadName="main" threadId="000000000212BF00" bytes="77336888" />
</allocation-stats>
<gc-op id="2480" type="copy forward" timems="8.128" contextid="2477" timestamp="2019-08-09T08:14:11.645">
  <memory-copied type="eden" objects="2" bytes="56" bytesdiscarded="736" />
  <memory-copied type="other" objects="86" bytes="3512" bytesdiscarded="1072" />
  <memory-cardclean objects="105" bytes="3376" />
  <regions eden="37" other="2" />
  <remembered-set-cleared processed="156" cleared="10" durationms="0.449" />
  <stringconstants candidates="13755" cleared="0"  />
</gc-op>
<gc-op id="2481" type="classunload" timems="0.007" contextid="2477" timestamp="2019-08-09T08:14:11.645">
  <classunload-info classloadercandidates="53" classloadersunloaded="0" classesunloaded="0" anonymousclassesunloaded="0" quiescems="0.000" setupms="0.007" scanms="0.000" postms="0.000" />
</gc-op>
<gc-end id="2482" type="partial gc" contextid="2477" durationms="9.283" usertimems="22.426" systemtimems="0.000" timestamp="2019-08-09T08:14:11.645" activeThreads="16">
  <mem-info id="2483" free="167772160" total="278921216" percent="60">
    <mem type="eden" free="2096360" total="2097152" percent="99" />
    <remembered-set count="5728" freebytes="11127808" totalbytes="11150720" percent="99" regionsoverflowed="0" regionsstable="10" regionsrebuilding="0"/>
  </mem-info>
</gc-end>
<cycle-end id="2484" type="partial gc" contextid="2477" timestamp="2019-08-09T08:14:11.645" />
  <attribute name="elasticGC enabled" value="1" />
  <attribute name= "numThreadsSpecified" value="16" />
  <attribute name="heapSize specified" value="0" />
  <attribute name="Current GC Util" value="106" />
  <attribute name= "Current Time Running" value="86724" />
  <attribute name ="GC Interval" value="0" />
  <attribute name="Target GC Util Change" value ="80.000000" />
  <attribute name="Current GC Util Change" value="106.000000"/>
  <attribute name="Current Error" value="52.000000" />
  <attribute name="Output H" value="278959088"/>
  <attribute name="Output I" value="2032"/>
  <attribute name="Output T" value="16"/>
  <attribute name= "Current Time Running" value="86724" />
  <attribute name="GC Util currently" value="106" />
  <attribute name="CPU Util currently" value="1637691148924" />
<exclusive-end id="2485" timestamp="2019-08-09T08:14:11.645" durationms="9.927" />

<exclusive-start id="2486" timestamp="2019-08-09T08:14:11.670" intervalms="34.582">
  <response-info timems="0.019" idlems="0.019" threads="0" lastid="000000000212BF00" lastname="main" />
</exclusive-start>
<allocation-taxation id="2487" taxation-threshold="77594624" timestamp="2019-08-09T08:14:11.670" intervalms="34.575" />
<cycle-start id="2488" type="partial gc" contextid="0" timestamp="2019-08-09T08:14:11.670" intervalms="34.603" />
<gc-start id="2489" type="partial gc" contextid="2488" timestamp="2019-08-09T08:14:11.670">
  <mem-info id="2490" free="90177536" total="278921216" percent="32">
    <mem type="eden" free="2096360" total="79691776" percent="2" />
    <remembered-set count="5728" freebytes="11127808" totalbytes="11150720" percent="99" regionsoverflowed="0" regionsstable="10" regionsrebuilding="0"/>
  </mem-info>
</gc-start>
<allocation-stats totalBytes="77336888" >
  <allocated-bytes non-tlh="0" tlh="77336888" arrayletleaf="0"/>
  <largest-consumer threadName="main" threadId="000000000212BF00" bytes="77336888" />
</allocation-stats>
<gc-op id="2491" type="copy forward" timems="13.613" contextid="2488" timestamp="2019-08-09T08:14:11.685">
  <memory-copied type="eden" objects="2" bytes="56" bytesdiscarded="736" />
  <memory-copied type="other" objects="86" bytes="3512" bytesdiscarded="952" />
  <memory-cardclean objects="105" bytes="3376" />
  <regions eden="37" other="2" />
  <remembered-set-cleared processed="155" cleared="9" durationms="0.952" />
  <stringconstants candidates="13755" cleared="0"  />
</gc-op>
<gc-op id="2492" type="classunload" timems="0.011" contextid="2488" timestamp="2019-08-09T08:14:11.685">
  <classunload-info classloadercandidates="53" classloadersunloaded="0" classesunloaded="0" anonymousclassesunloaded="0" quiescems="0.000" setupms="0.011" scanms="0.000" postms="0.000" />
</gc-op>
<gc-end id="2493" type="partial gc" contextid="2488" durationms="15.180" usertimems="38.417" systemtimems="0.000" timestamp="2019-08-09T08:14:11.685" activeThreads="16">
  <mem-info id="2494" free="167772160" total="278921216" percent="60">
    <mem type="eden" free="2096360" total="2097152" percent="99" />
    <remembered-set count="5216" freebytes="11129856" totalbytes="11150720" percent="99" regionsoverflowed="0" regionsstable="10" regionsrebuilding="0"/>
  </mem-info>
</gc-end>
<cycle-end id="2495" type="partial gc" contextid="2488" timestamp="2019-08-09T08:14:11.685" />
  <attribute name="elasticGC enabled" value="1" />
  <attribute name= "numThreadsSpecified" value="16" />
  <attribute name="heapSize specified" value="0" />
  <attribute name="Current GC Util" value="368" />
  <attribute name= "Current Time Running" value="86759" />
  <attribute name ="GC Interval" value="0" />
  <attribute name="Target GC Util Change" value ="80.000000" />
  <attribute name="Current GC Util Change" value="368.000000"/>
  <attribute name="Current Error" value="-288.000000" />
  <attribute name="Output H" value="278958896"/>
  <attribute name="Output I" value="1840"/>
  <attribute name="Output T" value="16"/>
  <attribute name= "Current Time Running" value="86759" />
  <attribute name="GC Util currently" value="368" />
  <attribute name="CPU Util currently" value="1078500610933" />
<exclusive-end id="2496" timestamp="2019-08-09T08:14:11.685" durationms="15.821" />

<exclusive-start id="2497" timestamp="2019-08-09T08:14:11.711" intervalms="41.735">
  <response-info timems="0.021" idlems="0.021" threads="0" lastid="000000000212BF00" lastname="main" />
</exclusive-start>
<allocation-taxation id="2498" taxation-threshold="77594624" timestamp="2019-08-09T08:14:11.711" intervalms="41.746" />
<cycle-start id="2499" type="partial gc" contextid="0" timestamp="2019-08-09T08:14:11.712" intervalms="41.746" />
<gc-start id="2500" type="partial gc" contextid="2499" timestamp="2019-08-09T08:14:11.712">
  <mem-info id="2501" free="90177536" total="278921216" percent="32">
    <mem type="eden" free="2096360" total="79691776" percent="2" />
    <remembered-set count="4736" freebytes="11131776" totalbytes="11150720" percent="99" regionsoverflowed="0" regionsstable="10" regionsrebuilding="0"/>
  </mem-info>
</gc-start>
<allocation-stats totalBytes="77336888" >
  <allocated-bytes non-tlh="0" tlh="77336888" arrayletleaf="0"/>
  <largest-consumer threadName="main" threadId="000000000212BF00" bytes="77336888" />
</allocation-stats>
<gc-op id="2502" type="copy forward" timems="73.863" contextid="2499" timestamp="2019-08-09T08:14:11.792">
  <memory-copied type="eden" objects="2" bytes="56" bytesdiscarded="736" />
  <memory-copied type="other" objects="86" bytes="3512" bytesdiscarded="848" />
  <memory-cardclean objects="105" bytes="3376" />
  <regions eden="37" other="2" />
  <remembered-set-cleared processed="156" cleared="10" durationms="0.663" />
  <stringconstants candidates="13755" cleared="0"  />
</gc-op>
<gc-op id="2503" type="classunload" timems="0.009" contextid="2499" timestamp="2019-08-09T08:14:11.792">
  <classunload-info classloadercandidates="53" classloadersunloaded="0" classesunloaded="0" anonymousclassesunloaded="0" quiescems="0.000" setupms="0.009" scanms="0.000" postms="0.000" />
</gc-op>
<gc-end id="2504" type="partial gc" contextid="2499" durationms="80.600" usertimems="135.934" systemtimems="0.000" timestamp="2019-08-09T08:14:11.792" activeThreads="16">
  <mem-info id="2505" free="167772160" total="278921216" percent="60">
    <mem type="eden" free="2096360" total="2097152" percent="99" />
    <remembered-set count="5216" freebytes="11129856" totalbytes="11150720" percent="99" regionsoverflowed="0" regionsstable="10" regionsrebuilding="0"/>
  </mem-info>
</gc-end>
<cycle-end id="2506" type="partial gc" contextid="2499" timestamp="2019-08-09T08:14:11.792" />
  <attribute name="elasticGC enabled" value="1" />
  <attribute name= "numThreadsSpecified" value="16" />
  <attribute name="heapSize specified" value="0" />
  <attribute name="Current GC Util" value="36" />
  <attribute name= "Current Time Running" value="86805" />
  <attribute name ="GC Interval" value="0" />
  <attribute name="Target GC Util Change" value ="80.000000" />
  <attribute name="Current GC Util Change" value="36.000000"/>
  <attribute name="Current Error" value="-248.000000" />
  <attribute name="Output H" value="278958920"/>
  <attribute name="Output I" value="1864"/>
  <attribute name="Output T" value="16"/>
  <attribute name= "Current Time Running" value="86805" />
  <attribute name="GC Util currently" value="36" />
  <attribute name="CPU Util currently" value="192964898737" />
<exclusive-end id="2507" timestamp="2019-08-09T08:14:11.793" durationms="81.187" />

<exclusive-start id="2508" timestamp="2019-08-09T08:14:11.816" intervalms="105.028">
  <response-info timems="0.018" idlems="0.018" threads="0" lastid="000000000212BF00" lastname="main" />
</exclusive-start>
<allocation-taxation id="2509" taxation-threshold="77594624" timestamp="2019-08-09T08:14:11.816" intervalms="105.023" />
<cycle-start id="2510" type="partial gc" contextid="0" timestamp="2019-08-09T08:14:11.817" intervalms="105.035" />
<gc-start id="2511" type="partial gc" contextid="2510" timestamp="2019-08-09T08:14:11.817">
  <mem-info id="2512" free="90177536" total="278921216" percent="32">
    <mem type="eden" free="2096360" total="79691776" percent="2" />
    <remembered-set count="4928" freebytes="11131008" totalbytes="11150720" percent="99" regionsoverflowed="0" regionsstable="10" regionsrebuilding="0"/>
  </mem-info>
</gc-start>
<allocation-stats totalBytes="77336888" >
  <allocated-bytes non-tlh="0" tlh="77336888" arrayletleaf="0"/>
  <largest-consumer threadName="main" threadId="000000000212BF00" bytes="77336888" />
</allocation-stats>
<gc-op id="2513" type="copy forward" timems="6.704" contextid="2510" timestamp="2019-08-09T08:14:11.824">
  <memory-copied type="eden" objects="2" bytes="56" bytesdiscarded="736" />
  <memory-copied type="other" objects="86" bytes="3512" bytesdiscarded="1256" />
  <memory-cardclean objects="105" bytes="3376" />
  <regions eden="37" other="2" />
  <remembered-set-cleared processed="155" cleared="9" durationms="0.170" />
  <stringconstants candidates="13755" cleared="0"  />
</gc-op>
<gc-op id="2514" type="classunload" timems="0.006" contextid="2510" timestamp="2019-08-09T08:14:11.824">
  <classunload-info classloadercandidates="53" classloadersunloaded="0" classesunloaded="0" anonymousclassesunloaded="0" quiescems="0.000" setupms="0.006" scanms="0.000" postms="0.000" />
</gc-op>
<gc-end id="2515" type="partial gc" contextid="2510" durationms="7.646" usertimems="17.512" systemtimems="0.000" timestamp="2019-08-09T08:14:11.824" activeThreads="16">
  <mem-info id="2516" free="167772160" total="278921216" percent="60">
    <mem type="eden" free="2096360" total="2097152" percent="99" />
    <remembered-set count="5728" freebytes="11127808" totalbytes="11150720" percent="99" regionsoverflowed="0" regionsstable="10" regionsrebuilding="0"/>
  </mem-info>
</gc-end>
<cycle-end id="2517" type="partial gc" contextid="2510" timestamp="2019-08-09T08:14:11.825" />
  <attribute name="elasticGC enabled" value="1" />
  <attribute name= "numThreadsSpecified" value="16" />
  <attribute name="heapSize specified" value="0" />
  <attribute name="Current GC Util" value="147" />
  <attribute name= "Current Time Running" value="86905" />
  <attribute name ="GC Interval" value="0" />
  <attribute name="Target GC Util Change" value ="80.000000" />
  <attribute name="Current GC Util Change" value="147.000000"/>
  <attribute name="Current Error" value="-370.000000" />
  <attribute name="Output H" value="278958848"/>
  <attribute name="Output I" value="1792"/>
  <attribute name="Output T" value="16"/>
  <attribute name= "Current Time Running" value="86905" />
  <attribute name="GC Util currently" value="147" />
  <attribute name="CPU Util currently" value="2531940120960" />
<exclusive-end id="2518" timestamp="2019-08-09T08:14:11.825" durationms="8.274" />

<exclusive-start id="2519" timestamp="2019-08-09T08:14:11.851" intervalms="34.764">
  <response-info timems="0.018" idlems="0.018" threads="0" lastid="000000000212BF00" lastname="main" />
</exclusive-start>
<allocation-taxation id="2520" taxation-threshold="77594624" timestamp="2019-08-09T08:14:11.851" intervalms="34.763" />
<cycle-start id="2521" type="partial gc" contextid="0" timestamp="2019-08-09T08:14:11.851" intervalms="34.740" />
<gc-start id="2522" type="partial gc" contextid="2521" timestamp="2019-08-09T08:14:11.852">
  <mem-info id="2523" free="90177536" total="278921216" percent="32">
    <mem type="eden" free="2096360" total="79691776" percent="2" />
    <remembered-set count="5248" freebytes="11129728" totalbytes="11150720" percent="99" regionsoverflowed="0" regionsstable="10" regionsrebuilding="0"/>
  </mem-info>
</gc-start>
<allocation-stats totalBytes="77095288" >
  <allocated-bytes non-tlh="0" tlh="77095288" arrayletleaf="0"/>
  <largest-consumer threadName="main" threadId="000000000212BF00" bytes="77095288" />
</allocation-stats>
<gc-op id="2524" type="copy forward" timems="5.461" contextid="2521" timestamp="2019-08-09T08:14:11.859">
  <memory-copied type="eden" objects="27" bytes="1944" bytesdiscarded="1032" />
  <memory-copied type="other" objects="67" bytes="1792" bytesdiscarded="160" />
  <memory-cardclean objects="119" bytes="3600" />
  <regions eden="37" other="2" />
  <remembered-set-cleared processed="155" cleared="9" durationms="0.126" />
  <stringconstants candidates="13755" cleared="0"  />
</gc-op>
<gc-op id="2525" type="classunload" timems="0.010" contextid="2521" timestamp="2019-08-09T08:14:11.859">
  <classunload-info classloadercandidates="53" classloadersunloaded="0" classesunloaded="0" anonymousclassesunloaded="0" quiescems="0.000" setupms="0.010" scanms="0.000" postms="0.000" />
</gc-op>
<gc-end id="2526" type="partial gc" contextid="2521" durationms="7.248" usertimems="15.568" systemtimems="0.000" timestamp="2019-08-09T08:14:11.859" activeThreads="16">
  <mem-info id="2527" free="167772160" total="278921216" percent="60">
    <mem type="eden" free="2094176" total="2097152" percent="99" />
    <remembered-set count="5216" freebytes="11129856" totalbytes="11150720" percent="99" regionsoverflowed="0" regionsstable="10" regionsrebuilding="0"/>
  </mem-info>
</gc-end>
<cycle-end id="2528" type="partial gc" contextid="2521" timestamp="2019-08-09T08:14:11.859" />
  <attribute name="elasticGC enabled" value="1" />
  <attribute name= "numThreadsSpecified" value="16" />
  <attribute name="heapSize specified" value="0" />
  <attribute name="Current GC Util" value="158" />
  <attribute name= "Current Time Running" value="86940" />
  <attribute name ="GC Interval" value="0" />
  <attribute name="Target GC Util Change" value ="80.000000" />
  <attribute name="Current GC Util Change" value="158.000000"/>
  <attribute name="Current Error" value="-78.000000" />
  <attribute name="Output H" value="278959016"/>
  <attribute name="Output I" value="1960"/>
  <attribute name="Output T" value="16"/>
  <attribute name= "Current Time Running" value="86940" />
  <attribute name="GC Util currently" value="158" />
  <attribute name="CPU Util currently" value="884753549730" />
<exclusive-end id="2529" timestamp="2019-08-09T08:14:11.859" durationms="7.798" />

<exclusive-start id="2530" timestamp="2019-08-09T08:14:11.883" intervalms="32.090">
  <response-info timems="0.018" idlems="0.018" threads="0" lastid="000000000212BF00" lastname="main" />
</exclusive-start>
<allocation-taxation id="2531" taxation-threshold="77594624" timestamp="2019-08-09T08:14:11.883" intervalms="32.103" />
<cycle-start id="2532" type="partial gc" contextid="0" timestamp="2019-08-09T08:14:11.883" intervalms="32.082" />
<gc-start id="2533" type="partial gc" contextid="2532" timestamp="2019-08-09T08:14:11.884">
  <mem-info id="2534" free="90177536" total="278921216" percent="32">
    <mem type="eden" free="0" total="77594624" percent="0" />
    <remembered-set count="4960" freebytes="11130880" totalbytes="11150720" percent="99" regionsoverflowed="0" regionsstable="10" regionsrebuilding="0"/>
  </mem-info>
</gc-start>
<allocation-stats totalBytes="77109472" >
  <allocated-bytes non-tlh="0" tlh="77109472" arrayletleaf="0"/>
  <largest-consumer threadName="main" threadId="000000000212BF00" bytes="77109472" />
</allocation-stats>
<gc-op id="2535" type="copy forward" timems="6.302" contextid="2532" timestamp="2019-08-09T08:14:11.891">
  <memory-copied type="eden" objects="2" bytes="64" bytesdiscarded="0" />
  <memory-copied type="other" objects="92" bytes="3672" bytesdiscarded="1216" />
  <memory-cardclean objects="105" bytes="3376" />
  <regions eden="37" other="2" />
  <remembered-set-cleared processed="156" cleared="10" durationms="0.367" />
  <stringconstants candidates="13755" cleared="0"  />
</gc-op>
<gc-op id="2536" type="classunload" timems="0.008" contextid="2532" timestamp="2019-08-09T08:14:11.891">
  <classunload-info classloadercandidates="53" classloadersunloaded="0" classesunloaded="0" anonymousclassesunloaded="0" quiescems="0.000" setupms="0.008" scanms="0.000" postms="0.000" />
</gc-op>
<heap-resize id="2537" type="expand" space="default" amount="4194304" count="1" timems="0.083" reason="excessive time being spent in gc" timestamp="2019-08-09T08:14:11.891" />
<gc-end id="2538" type="partial gc" contextid="2532" durationms="7.376" usertimems="16.549" systemtimems="0.000" timestamp="2019-08-09T08:14:11.891" activeThreads="16">
  <mem-info id="2539" free="169869312" total="283115520" percent="60">
    <mem type="eden" free="2097088" total="2097152" percent="99" />
    <remembered-set count="4704" freebytes="11299584" totalbytes="11318400" percent="99" regionsoverflowed="0" regionsstable="10" regionsrebuilding="0"/>
  </mem-info>
</gc-end>
<cycle-end id="2540" type="partial gc" contextid="2532" timestamp="2019-08-09T08:14:11.891" />
  <attribute name="elasticGC enabled" value="1" />
  <attribute name= "numThreadsSpecified" value="16" />
  <attribute name="heapSize specified" value="0" />
  <attribute name="Current GC Util" value="152" />
  <attribute name= "Current Time Running" value="86972" />
  <attribute name ="GC Interval" value="0" />
  <attribute name="Target GC Util Change" value ="80.000000" />
  <attribute name="Current GC Util Change" value="152.000000"/>
  <attribute name="Current Error" value="-114.000000" />
  <attribute name="Output H" value="278958992"/>
  <attribute name="Output I" value="1936"/>
  <attribute name="Output T" value="16"/>
  <attribute name= "Current Time Running" value="86972" />
  <attribute name="GC Util currently" value="152" />
  <attribute name="CPU Util currently" value="2278753114594" />
<exclusive-end id="2541" timestamp="2019-08-09T08:14:11.891" durationms="7.918" />

<exclusive-start id="2542" timestamp="2019-08-09T08:14:11.917" intervalms="33.641">
  <response-info timems="0.021" idlems="0.021" threads="0" lastid="000000000212BF00" lastname="main" />
</exclusive-start>
<allocation-taxation id="2543" taxation-threshold="77594624" timestamp="2019-08-09T08:14:11.917" intervalms="33.630" />
<cycle-start id="2544" type="partial gc" contextid="0" timestamp="2019-08-09T08:14:11.917" intervalms="33.630" />
<gc-start id="2545" type="partial gc" contextid="2544" timestamp="2019-08-09T08:14:11.918">
  <mem-info id="2546" free="92274688" total="283115520" percent="32">
    <mem type="eden" free="2097088" total="79691776" percent="2" />
    <remembered-set count="4448" freebytes="11300608" totalbytes="11318400" percent="99" regionsoverflowed="0" regionsstable="10" regionsrebuilding="0"/>
  </mem-info>
</gc-start>
<allocation-stats totalBytes="77108256" >
  <allocated-bytes non-tlh="0" tlh="77108256" arrayletleaf="0"/>
  <largest-consumer threadName="main" threadId="000000000212BF00" bytes="77108256" />
</allocation-stats>
<gc-op id="2547" type="copy forward" timems="6.388" contextid="2544" timestamp="2019-08-09T08:14:11.925">
  <memory-copied type="eden" objects="2" bytes="64" bytesdiscarded="0" />
  <memory-copied type="other" objects="25" bytes="1880" bytesdiscarded="1056" />
  <memory-cardclean objects="44" bytes="1696" />
  <regions eden="37" other="2" />
  <remembered-set-cleared processed="163" cleared="6" durationms="0.135" />
  <stringconstants candidates="13755" cleared="0"  />
</gc-op>
<gc-op id="2548" type="classunload" timems="0.011" contextid="2544" timestamp="2019-08-09T08:14:11.925">
  <classunload-info classloadercandidates="53" classloadersunloaded="0" classesunloaded="0" anonymousclassesunloaded="0" quiescems="0.000" setupms="0.011" scanms="0.000" postms="0.000" />
</gc-op>
<gc-end id="2549" type="partial gc" contextid="2544" durationms="7.410" usertimems="15.285" systemtimems="0.000" timestamp="2019-08-09T08:14:11.925" activeThreads="16">
  <mem-info id="2550" free="169869312" total="283115520" percent="60">
    <mem type="eden" free="2097088" total="2097152" percent="99" />
    <remembered-set count="4832" freebytes="11299072" totalbytes="11318400" percent="99" regionsoverflowed="0" regionsstable="10" regionsrebuilding="0"/>
  </mem-info>
</gc-end>
<cycle-end id="2551" type="partial gc" contextid="2544" timestamp="2019-08-09T08:14:11.925" />
  <attribute name="elasticGC enabled" value="1" />
  <attribute name= "numThreadsSpecified" value="16" />
  <attribute name="heapSize specified" value="0" />
  <attribute name="Current GC Util" value="125" />
  <attribute name= "Current Time Running" value="87006" />
  <attribute name ="GC Interval" value="0" />
  <attribute name="Target GC Util Change" value ="80.000000" />
  <attribute name="Current GC Util Change" value="125.000000"/>
  <attribute name="Current Error" value="-126.000000" />
  <attribute name="Output H" value="283153288"/>
  <attribute name="Output I" value="1928"/>
  <attribute name="Output T" value="16"/>
  <attribute name= "Current Time Running" value="87006" />
  <attribute name="GC Util currently" value="125" />
  <attribute name="CPU Util currently" value="2243766876993" />
<exclusive-end id="2552" timestamp="2019-08-09T08:14:11.925" durationms="8.250" />

<exclusive-start id="2553" timestamp="2019-08-09T08:14:11.950" intervalms="32.642">
  <response-info timems="0.019" idlems="0.019" threads="0" lastid="000000000212BF00" lastname="main" />
</exclusive-start>
<allocation-taxation id="2554" taxation-threshold="77594624" timestamp="2019-08-09T08:14:11.950" intervalms="32.655" />
<cycle-start id="2555" type="partial gc" contextid="0" timestamp="2019-08-09T08:14:11.950" intervalms="32.719" />
<gc-start id="2556" type="partial gc" contextid="2555" timestamp="2019-08-09T08:14:11.950">
  <mem-info id="2557" free="92274688" total="283115520" percent="32">
    <mem type="eden" free="2097088" total="79691776" percent="2" />
    <remembered-set count="4832" freebytes="11299072" totalbytes="11318400" percent="99" regionsoverflowed="0" regionsstable="10" regionsrebuilding="0"/>
  </mem-info>
</gc-start>
<allocation-stats totalBytes="77108232" >
  <allocated-bytes non-tlh="0" tlh="77108232" arrayletleaf="0"/>
  <largest-consumer threadName="main" threadId="000000000212BF00" bytes="77108232" />
</allocation-stats>
<gc-op id="2558" type="copy forward" timems="8.525" contextid="2555" timestamp="2019-08-09T08:14:11.959">
  <memory-copied type="eden" objects="2" bytes="64" bytesdiscarded="0" />
  <memory-copied type="other" objects="25" bytes="1880" bytesdiscarded="144" />
  <memory-cardclean objects="44" bytes="1696" />
  <regions eden="37" other="2" />
  <remembered-set-cleared processed="163" cleared="6" durationms="0.124" />
  <stringconstants candidates="13755" cleared="0"  />
</gc-op>
<gc-op id="2559" type="classunload" timems="0.007" contextid="2555" timestamp="2019-08-09T08:14:11.959">
  <classunload-info classloadercandidates="53" classloadersunloaded="0" classesunloaded="0" anonymousclassesunloaded="0" quiescems="0.000" setupms="0.007" scanms="0.000" postms="0.000" />
</gc-op>
<gc-end id="2560" type="partial gc" contextid="2555" durationms="9.443" usertimems="18.995" systemtimems="0.000" timestamp="2019-08-09T08:14:11.959" activeThreads="16">
  <mem-info id="2561" free="169869312" total="283115520" percent="60">
    <mem type="eden" free="2097088" total="2097152" percent="99" />
    <remembered-set count="4832" freebytes="11299072" totalbytes="11318400" percent="99" regionsoverflowed="0" regionsstable="10" regionsrebuilding="0"/>
  </mem-info>
</gc-end>
<cycle-end id="2562" type="partial gc" contextid="2555" timestamp="2019-08-09T08:14:11.959" />
  <attribute name="elasticGC enabled" value="1" />
  <attribute name= "numThreadsSpecified" value="16" />
  <attribute name="heapSize specified" value="0" />
  <attribute name="Current GC Util" value="147" />
  <attribute name= "Current Time Running" value="87038" />
  <attribute name ="GC Interval" value="0" />
  <attribute name="Target GC Util Change" value ="80.000000" />
  <attribute name="Current GC Util Change" value="147.000000"/>
  <attribute name="Current Error" value="-67.000000" />
  <attribute name="Output H" value="283153328"/>
  <attribute name="Output I" value="1968"/>
  <attribute name="Output T" value="16"/>
  <attribute name= "Current Time Running" value="87038" />
  <attribute name="GC Util currently" value="147" />
  <attribute name="CPU Util currently" value="2242623378187" />
<exclusive-end id="2563" timestamp="2019-08-09T08:14:11.960" durationms="10.081" />

<exclusive-start id="2564" timestamp="2019-08-09T08:14:12.005" intervalms="55.095">
  <response-info timems="0.017" idlems="0.017" threads="0" lastid="000000000212BF00" lastname="main" />
</exclusive-start>
<allocation-taxation id="2565" taxation-threshold="77594624" timestamp="2019-08-09T08:14:12.005" intervalms="55.080" />
<cycle-start id="2566" type="partial gc" contextid="0" timestamp="2019-08-09T08:14:12.005" intervalms="55.045" />
<gc-start id="2567" type="partial gc" contextid="2566" timestamp="2019-08-09T08:14:12.005">
  <mem-info id="2568" free="92274688" total="283115520" percent="32">
    <mem type="eden" free="2097088" total="79691776" percent="2" />
    <remembered-set count="4352" freebytes="11300992" totalbytes="11318400" percent="99" regionsoverflowed="0" regionsstable="10" regionsrebuilding="0"/>
  </mem-info>
</gc-start>
<allocation-stats totalBytes="77576016" >
  <allocated-bytes non-tlh="0" tlh="77576016" arrayletleaf="0"/>
  <largest-consumer threadName="main" threadId="000000000212BF00" bytes="77576016" />
</allocation-stats>
<gc-op id="2569" type="copy forward" timems="6.759" contextid="2566" timestamp="2019-08-09T08:14:12.013">
  <memory-copied type="eden" objects="158" bytes="5256" bytesdiscarded="0" />
  <memory-copied type="other" objects="6" bytes="144" bytesdiscarded="744" />
  <memory-cardclean objects="75" bytes="2352" />
  <regions eden="37" other="2" />
  <remembered-set-cleared processed="163" cleared="7" durationms="0.165" />
  <stringconstants candidates="13755" cleared="0"  />
</gc-op>
<gc-op id="2570" type="classunload" timems="0.005" contextid="2566" timestamp="2019-08-09T08:14:12.013">
  <classunload-info classloadercandidates="53" classloadersunloaded="0" classesunloaded="0" anonymousclassesunloaded="0" quiescems="0.000" setupms="0.005" scanms="0.000" postms="0.000" />
</gc-op>
<gc-end id="2571" type="partial gc" contextid="2566" durationms="8.221" usertimems="19.703" systemtimems="0.000" timestamp="2019-08-09T08:14:12.013" activeThreads="16">
  <mem-info id="2572" free="169869312" total="283115520" percent="60">
    <mem type="eden" free="2091896" total="2097152" percent="99" />
    <remembered-set count="4288" freebytes="11301248" totalbytes="11318400" percent="99" regionsoverflowed="0" regionsstable="10" regionsrebuilding="0"/>
  </mem-info>
</gc-end>
<cycle-end id="2573" type="partial gc" contextid="2566" timestamp="2019-08-09T08:14:12.013" />
  <attribute name="elasticGC enabled" value="1" />
  <attribute name= "numThreadsSpecified" value="16" />
  <attribute name="heapSize specified" value="0" />
  <attribute name="Current GC Util" value="238" />
  <attribute name= "Current Time Running" value="87094" />
  <attribute name ="GC Interval" value="0" />
  <attribute name="Target GC Util Change" value ="80.000000" />
  <attribute name="Current GC Util Change" value="238.000000"/>
  <attribute name="Current Error" value="-178.000000" />
  <attribute name="Output H" value="283153264"/>
  <attribute name="Output I" value="1904"/>
  <attribute name="Output T" value="16"/>
  <attribute name= "Current Time Running" value="87094" />
  <attribute name="GC Util currently" value="238" />
  <attribute name="CPU Util currently" value="1119140218059" />
<exclusive-end id="2574" timestamp="2019-08-09T08:14:12.013" durationms="8.827" />

<exclusive-start id="2575" timestamp="2019-08-09T08:14:12.153" intervalms="147.896">
  <response-info timems="0.018" idlems="0.018" threads="0" lastid="000000000212BF00" lastname="main" />
</exclusive-start>
<allocation-taxation id="2576" taxation-threshold="77594624" timestamp="2019-08-09T08:14:12.153" intervalms="147.897" />
<cycle-start id="2577" type="partial gc" contextid="0" timestamp="2019-08-09T08:14:12.153" intervalms="147.900" />
<gc-start id="2578" type="partial gc" contextid="2577" timestamp="2019-08-09T08:14:12.154">
  <mem-info id="2579" free="92274688" total="283115520" percent="32">
    <mem type="eden" free="0" total="77594624" percent="0" />
    <remembered-set count="4288" freebytes="11301248" totalbytes="11318400" percent="99" regionsoverflowed="0" regionsstable="10" regionsrebuilding="0"/>
  </mem-info>
</gc-start>
<allocation-stats totalBytes="77584088" >
  <allocated-bytes non-tlh="0" tlh="77584088" arrayletleaf="0"/>
  <largest-consumer threadName="main" threadId="000000000212BF00" bytes="77584088" />
</allocation-stats>
<gc-op id="2580" type="copy forward" timems="9.479" contextid="2577" timestamp="2019-08-09T08:14:12.165">
  <memory-copied type="eden" objects="244" bytes="8048" bytesdiscarded="1832" />
  <memory-copied type="other" objects="12" bytes="288" bytesdiscarded="744" />
  <memory-cardclean objects="123" bytes="13232" />
  <regions eden="37" other="2" />
  <remembered-set-cleared processed="162" cleared="15" durationms="0.134" />
  <references type="weak" candidates="37" cleared="0" enqueued="0" />
  <stringconstants candidates="13755" cleared="0"  />
</gc-op>
<gc-op id="2581" type="classunload" timems="0.010" contextid="2577" timestamp="2019-08-09T08:14:12.165">
  <classunload-info classloadercandidates="53" classloadersunloaded="0" classesunloaded="0" anonymousclassesunloaded="0" quiescems="0.000" setupms="0.010" scanms="0.000" postms="0.000" />
</gc-op>
<gc-end id="2582" type="partial gc" contextid="2577" durationms="11.610" usertimems="22.553" systemtimems="0.000" timestamp="2019-08-09T08:14:12.165" activeThreads="16">
  <mem-info id="2583" free="167772160" total="283115520" percent="59">
    <mem type="eden" free="2087224" total="2097152" percent="99" />
    <remembered-set count="5536" freebytes="11296256" totalbytes="11318400" percent="99" regionsoverflowed="0" regionsstable="10" regionsrebuilding="0"/>
  </mem-info>
</gc-end>
<cycle-end id="2584" type="partial gc" contextid="2577" timestamp="2019-08-09T08:14:12.166" />
  <attribute name="elasticGC enabled" value="1" />
  <attribute name= "numThreadsSpecified" value="16" />
  <attribute name="heapSize specified" value="0" />
  <attribute name="Current GC Util" value="221" />
  <attribute name= "Current Time Running" value="87243" />
  <attribute name ="GC Interval" value="0" />
  <attribute name="Target GC Util Change" value ="80.000000" />
  <attribute name="Current GC Util Change" value="221.000000"/>
  <attribute name="Current Error" value="-250.000000" />
  <attribute name="Output H" value="283153216"/>
  <attribute name="Output I" value="1856"/>
  <attribute name="Output T" value="16"/>
  <attribute name= "Current Time Running" value="87243" />
  <attribute name="GC Util currently" value="221" />
  <attribute name="CPU Util currently" value="818649629843" />
<exclusive-end id="2585" timestamp="2019-08-09T08:14:12.166" durationms="13.165" />

<exclusive-start id="2586" timestamp="2019-08-09T08:14:12.203" intervalms="50.261">
  <response-info timems="0.030" idlems="0.030" threads="0" lastid="000000000212BF00" lastname="main" />
</exclusive-start>
<allocation-taxation id="2587" taxation-threshold="77594624" timestamp="2019-08-09T08:14:12.203" intervalms="50.258" />
<cycle-start id="2588" type="partial gc" contextid="0" timestamp="2019-08-09T08:14:12.203" intervalms="50.292" />
<gc-start id="2589" type="partial gc" contextid="2588" timestamp="2019-08-09T08:14:12.203">
  <mem-info id="2590" free="90177536" total="283115520" percent="31">
    <mem type="eden" free="0" total="77594624" percent="0" />
    <remembered-set count="5056" freebytes="11298176" totalbytes="11318400" percent="99" regionsoverflowed="0" regionsstable="10" regionsrebuilding="0"/>
  </mem-info>
</gc-start>
<allocation-stats totalBytes="77554592" >
  <allocated-bytes non-tlh="0" tlh="77554592" arrayletleaf="0"/>
  <largest-consumer threadName="main" threadId="000000000212BF00" bytes="77554592" />
</allocation-stats>
<gc-op id="2591" type="copy forward" timems="7.349" contextid="2588" timestamp="2019-08-09T08:14:12.212">
  <memory-copied type="eden" objects="23" bytes="856" bytesdiscarded="0" />
  <memory-copied type="other" objects="109" bytes="3784" bytesdiscarded="1984" />
  <memory-cardclean objects="81" bytes="10664" />
  <regions eden="37" other="2" />
  <remembered-set-cleared processed="164" cleared="14" durationms="0.135" />
  <references type="weak" candidates="37" cleared="0" enqueued="0" />
  <stringconstants candidates="13755" cleared="0"  />
</gc-op>
<gc-op id="2592" type="classunload" timems="0.005" contextid="2588" timestamp="2019-08-09T08:14:12.212">
  <classunload-info classloadercandidates="53" classloadersunloaded="0" classesunloaded="0" anonymousclassesunloaded="0" quiescems="0.000" setupms="0.005" scanms="0.000" postms="0.000" />
</gc-op>
<gc-end id="2593" type="partial gc" contextid="2588" durationms="8.674" usertimems="18.859" systemtimems="0.000" timestamp="2019-08-09T08:14:12.212" activeThreads="16">
  <mem-info id="2594" free="165675008" total="283115520" percent="58">
    <mem type="eden" free="2096296" total="2097152" percent="99" />
    <remembered-set count="5600" freebytes="11296000" totalbytes="11318400" percent="99" regionsoverflowed="0" regionsstable="10" regionsrebuilding="0"/>
  </mem-info>
</gc-end>
<cycle-end id="2595" type="partial gc" contextid="2588" timestamp="2019-08-09T08:14:12.212" />
  <attribute name="elasticGC enabled" value="1" />
  <attribute name= "numThreadsSpecified" value="16" />
  <attribute name="heapSize specified" value="0" />
  <attribute name="Current GC Util" value="107" />
  <attribute name= "Current Time Running" value="87291" />
  <attribute name ="GC Interval" value="0" />
  <attribute name="Target GC Util Change" value ="80.000000" />
  <attribute name="Current GC Util Change" value="107.000000"/>
  <attribute name="Current Error" value="-27.000000" />
  <attribute name="Output H" value="283153352"/>
  <attribute name="Output I" value="1992"/>
  <attribute name="Output T" value="16"/>
  <attribute name= "Current Time Running" value="87291" />
  <attribute name="GC Util currently" value="107" />
  <attribute name="CPU Util currently" value="1611781013831" />
<exclusive-end id="2596" timestamp="2019-08-09T08:14:12.212" durationms="9.389" />

<exclusive-start id="2597" timestamp="2019-08-09T08:14:12.238" intervalms="34.875">
  <response-info timems="0.034" idlems="0.034" threads="0" lastid="000000000212BF00" lastname="main" />
</exclusive-start>
<allocation-taxation id="2598" taxation-threshold="77594624" timestamp="2019-08-09T08:14:12.238" intervalms="34.874" />
<cycle-start id="2599" type="partial gc" contextid="0" timestamp="2019-08-09T08:14:12.238" intervalms="34.816" />
<gc-start id="2600" type="partial gc" contextid="2599" timestamp="2019-08-09T08:14:12.238">
  <mem-info id="2601" free="88080384" total="283115520" percent="31">
    <mem type="eden" free="0" total="77594624" percent="0" />
    <remembered-set count="5600" freebytes="11296000" totalbytes="11318400" percent="99" regionsoverflowed="0" regionsstable="10" regionsrebuilding="0"/>
  </mem-info>
</gc-start>
<allocation-stats totalBytes="77554440" >
  <allocated-bytes non-tlh="0" tlh="77554440" arrayletleaf="0"/>
  <largest-consumer threadName="main" threadId="000000000212BF00" bytes="77554440" />
</allocation-stats>
<gc-op id="2602" type="copy forward" timems="9.146" contextid="2599" timestamp="2019-08-09T08:14:12.248">
  <memory-copied type="eden" objects="5" bytes="256" bytesdiscarded="0" />
  <memory-copied type="other" objects="120" bytes="4192" bytesdiscarded="1264" />
  <memory-cardclean objects="61" bytes="10256" />
  <regions eden="37" other="2" />
  <remembered-set-cleared processed="165" cleared="13" durationms="0.126" />
  <references type="weak" candidates="37" cleared="0" enqueued="0" />
  <stringconstants candidates="13755" cleared="0"  />
</gc-op>
<gc-op id="2603" type="classunload" timems="0.011" contextid="2599" timestamp="2019-08-09T08:14:12.248">
  <classunload-info classloadercandidates="53" classloadersunloaded="0" classesunloaded="0" anonymousclassesunloaded="0" quiescems="0.000" setupms="0.011" scanms="0.000" postms="0.000" />
</gc-op>
<heap-resize id="2604" type="expand" space="default" amount="16777216" count="1" timems="0.176" reason="excessive time being spent in gc" timestamp="2019-08-09T08:14:12.249" />
<gc-end id="2605" type="partial gc" contextid="2599" durationms="10.716" usertimems="20.773" systemtimems="0.000" timestamp="2019-08-09T08:14:12.249" activeThreads="16">
  <mem-info id="2606" free="180355072" total="299892736" percent="60">
    <mem type="eden" free="2096896" total="2097152" percent="99" />
    <remembered-set count="5664" freebytes="11966464" totalbytes="11989120" percent="99" regionsoverflowed="0" regionsstable="10" regionsrebuilding="0"/>
  </mem-info>
</gc-end>
<cycle-end id="2607" type="partial gc" contextid="2599" timestamp="2019-08-09T08:14:12.249" />
  <attribute name="elasticGC enabled" value="1" />
  <attribute name= "numThreadsSpecified" value="16" />
  <attribute name="heapSize specified" value="0" />
  <attribute name="Current GC Util" value="143" />
  <attribute name= "Current Time Running" value="87326" />
  <attribute name ="GC Interval" value="0" />
  <attribute name="Target GC Util Change" value ="80.000000" />
  <attribute name="Current GC Util Change" value="143.000000"/>
  <attribute name="Current Error" value="-63.000000" />
  <attribute name="Output H" value="283153328"/>
  <attribute name="Output I" value="1968"/>
  <attribute name="Output T" value="16"/>
  <attribute name= "Current Time Running" value="87326" />
  <attribute name="GC Util currently" value="143" />
  <attribute name="CPU Util currently" value="1611945518824" />
<exclusive-end id="2608" timestamp="2019-08-09T08:14:12.249" durationms="11.424" />

<exclusive-start id="2609" timestamp="2019-08-09T08:14:12.280" intervalms="42.013">
  <response-info timems="0.038" idlems="0.038" threads="0" lastid="000000000212BF00" lastname="main" />
</exclusive-start>
<allocation-taxation id="2610" taxation-threshold="81788928" timestamp="2019-08-09T08:14:12.280" intervalms="42.135" />
<cycle-start id="2611" type="partial gc" contextid="0" timestamp="2019-08-09T08:14:12.280" intervalms="42.148" />
<gc-start id="2612" type="partial gc" contextid="2611" timestamp="2019-08-09T08:14:12.280">
  <mem-info id="2613" free="98566144" total="299892736" percent="32">
    <mem type="eden" free="2096896" total="83886080" percent="2" />
    <remembered-set count="5248" freebytes="11968128" totalbytes="11989120" percent="99" regionsoverflowed="0" regionsstable="10" regionsrebuilding="0"/>
  </mem-info>
</gc-start>
<allocation-stats totalBytes="81746296" >
  <allocated-bytes non-tlh="0" tlh="81746296" arrayletleaf="0"/>
  <largest-consumer threadName="main" threadId="000000000212BF00" bytes="81746296" />
</allocation-stats>
<gc-op id="2614" type="copy forward" timems="10.478" contextid="2611" timestamp="2019-08-09T08:14:12.292">
  <memory-copied type="eden" objects="22" bytes="824" bytesdiscarded="0" />
  <memory-copied type="other" objects="6" bytes="144" bytesdiscarded="0" />
  <memory-cardclean objects="76" bytes="2336" />
  <regions eden="39" other="2" />
  <remembered-set-cleared processed="170" cleared="11" durationms="0.135" />
  <stringconstants candidates="13755" cleared="0"  />
</gc-op>
<gc-op id="2615" type="classunload" timems="0.012" contextid="2611" timestamp="2019-08-09T08:14:12.292">
  <classunload-info classloadercandidates="53" classloadersunloaded="0" classesunloaded="0" anonymousclassesunloaded="0" quiescems="0.000" setupms="0.012" scanms="0.000" postms="0.000" />
</gc-op>
<gc-end id="2616" type="partial gc" contextid="2611" durationms="11.671" usertimems="24.415" systemtimems="0.000" timestamp="2019-08-09T08:14:12.292" activeThreads="16">
  <mem-info id="2617" free="180355072" total="299892736" percent="60">
    <mem type="eden" free="2096328" total="2097152" percent="99" />
    <remembered-set count="4384" freebytes="11971584" totalbytes="11989120" percent="99" regionsoverflowed="0" regionsstable="10" regionsrebuilding="0"/>
  </mem-info>
</gc-end>
<cycle-end id="2618" type="partial gc" contextid="2611" timestamp="2019-08-09T08:14:12.292" />
  <attribute name="elasticGC enabled" value="1" />
  <attribute name= "numThreadsSpecified" value="16" />
  <attribute name="heapSize specified" value="0" />
  <attribute name="Current GC Util" value="128" />
  <attribute name= "Current Time Running" value="87368" />
  <attribute name ="GC Interval" value="0" />
  <attribute name="Target GC Util Change" value ="80.000000" />
  <attribute name="Current GC Util Change" value="128.000000"/>
  <attribute name="Current Error" value="-79.000000" />
  <attribute name="Output H" value="299930536"/>
  <attribute name="Output I" value="1960"/>
  <attribute name="Output T" value="16"/>
  <attribute name= "Current Time Running" value="87368" />
  <attribute name="GC Util currently" value="128" />
  <attribute name="CPU Util currently" value="1902231297668" />
<exclusive-end id="2619" timestamp="2019-08-09T08:14:12.292" durationms="12.396" />

<exclusive-start id="2620" timestamp="2019-08-09T08:14:12.320" intervalms="40.596">
  <response-info timems="0.028" idlems="0.028" threads="0" lastid="000000000212BF00" lastname="main" />
</exclusive-start>
<allocation-taxation id="2621" taxation-threshold="81788928" timestamp="2019-08-09T08:14:12.320" intervalms="40.494" />
<cycle-start id="2622" type="partial gc" contextid="0" timestamp="2019-08-09T08:14:12.320" intervalms="40.509" />
<gc-start id="2623" type="partial gc" contextid="2622" timestamp="2019-08-09T08:14:12.321">
  <mem-info id="2624" free="98566144" total="299892736" percent="32">
    <mem type="eden" free="0" total="81788928" percent="0" />
    <remembered-set count="4384" freebytes="11971584" totalbytes="11989120" percent="99" regionsoverflowed="0" regionsstable="10" regionsrebuilding="0"/>
  </mem-info>
</gc-start>
<allocation-stats totalBytes="81715376" >
  <allocated-bytes non-tlh="0" tlh="81715376" arrayletleaf="0"/>
  <largest-consumer threadName="main" threadId="000000000212BF00" bytes="81715376" />
</allocation-stats>
<gc-op id="2625" type="copy forward" timems="12.066" contextid="2622" timestamp="2019-08-09T08:14:12.334">
  <memory-copied type="eden" objects="6" bytes="432" bytesdiscarded="0" />
  <memory-copied type="other" objects="23" bytes="696" bytesdiscarded="0" />
  <memory-cardclean objects="66" bytes="2176" />
  <regions eden="39" other="2" />
  <remembered-set-cleared processed="169" cleared="10" durationms="0.148" />
  <stringconstants candidates="13755" cleared="0"  />
</gc-op>
<gc-op id="2626" type="classunload" timems="0.012" contextid="2622" timestamp="2019-08-09T08:14:12.334">
  <classunload-info classloadercandidates="53" classloadersunloaded="0" classesunloaded="0" anonymousclassesunloaded="0" quiescems="0.000" setupms="0.012" scanms="0.000" postms="0.000" />
</gc-op>
<heap-resize id="2627" type="expand" space="default" amount="4194304" count="1" timems="0.088" reason="excessive time being spent in gc" timestamp="2019-08-09T08:14:12.334" />
<gc-end id="2628" type="partial gc" contextid="2622" durationms="13.531" usertimems="28.839" systemtimems="0.000" timestamp="2019-08-09T08:14:12.334" activeThreads="16">
  <mem-info id="2629" free="182452224" total="304087040" percent="60">
    <mem type="eden" free="2096720" total="2097152" percent="99" />
    <remembered-set count="4896" freebytes="12137216" totalbytes="12156800" percent="99" regionsoverflowed="0" regionsstable="10" regionsrebuilding="0"/>
  </mem-info>
</gc-end>
<cycle-end id="2630" type="partial gc" contextid="2622" timestamp="2019-08-09T08:14:12.334" />
  <attribute name="elasticGC enabled" value="1" />
  <attribute name= "numThreadsSpecified" value="16" />
  <attribute name="heapSize specified" value="0" />
  <attribute name="Current GC Util" value="149" />
  <attribute name= "Current Time Running" value="87409" />
  <attribute name ="GC Interval" value="0" />
  <attribute name="Target GC Util Change" value ="80.000000" />
  <attribute name="Current GC Util Change" value="149.000000"/>
  <attribute name="Current Error" value="-69.000000" />
  <attribute name="Output H" value="299930544"/>
  <attribute name="Output I" value="1968"/>
  <attribute name="Output T" value="16"/>
  <attribute name= "Current Time Running" value="87409" />
  <attribute name="GC Util currently" value="149" />
  <attribute name="CPU Util currently" value="2039399467946" />
<exclusive-end id="2631" timestamp="2019-08-09T08:14:12.335" durationms="14.275" />

<exclusive-start id="2632" timestamp="2019-08-09T08:14:12.420" intervalms="99.598">
  <response-info timems="0.015" idlems="0.015" threads="0" lastid="000000000212BF00" lastname="main" />
</exclusive-start>
<allocation-taxation id="2633" taxation-threshold="83886080" timestamp="2019-08-09T08:14:12.420" intervalms="99.580" />
<cycle-start id="2634" type="partial gc" contextid="0" timestamp="2019-08-09T08:14:12.420" intervalms="99.578" />
<gc-start id="2635" type="partial gc" contextid="2634" timestamp="2019-08-09T08:14:12.420">
  <mem-info id="2636" free="98566144" total="304087040" percent="32">
    <mem type="eden" free="2096720" total="85983232" percent="2" />
    <remembered-set count="4608" freebytes="12138368" totalbytes="12156800" percent="99" regionsoverflowed="0" regionsstable="10" regionsrebuilding="0"/>
  </mem-info>
</gc-start>
<allocation-stats totalBytes="83863592" >
  <allocated-bytes non-tlh="0" tlh="83863592" arrayletleaf="0"/>
  <largest-consumer threadName="main" threadId="000000000212BF00" bytes="83863592" />
</allocation-stats>
<gc-op id="2637" type="copy forward" timems="8.230" contextid="2634" timestamp="2019-08-09T08:14:12.429">
  <memory-copied type="eden" objects="48" bytes="2072" bytesdiscarded="0" />
  <memory-copied type="other" objects="6" bytes="144" bytesdiscarded="0" />
  <memory-cardclean objects="62" bytes="1952" />
  <regions eden="40" other="2" />
  <remembered-set-cleared processed="171" cleared="6" durationms="0.131" />
  <stringconstants candidates="13755" cleared="0"  />
</gc-op>
<gc-op id="2638" type="classunload" timems="0.008" contextid="2634" timestamp="2019-08-09T08:14:12.429">
  <classunload-info classloadercandidates="53" classloadersunloaded="0" classesunloaded="0" anonymousclassesunloaded="0" quiescems="0.000" setupms="0.008" scanms="0.000" postms="0.000" />
</gc-op>
<gc-end id="2639" type="partial gc" contextid="2634" durationms="9.313" usertimems="20.261" systemtimems="0.000" timestamp="2019-08-09T08:14:12.430" activeThreads="16">
  <mem-info id="2640" free="182452224" total="304087040" percent="60">
    <mem type="eden" free="2095080" total="2097152" percent="99" />
    <remembered-set count="4480" freebytes="12138880" totalbytes="12156800" percent="99" regionsoverflowed="0" regionsstable="10" regionsrebuilding="0"/>
  </mem-info>
</gc-end>
<cycle-end id="2641" type="partial gc" contextid="2634" timestamp="2019-08-09T08:14:12.430" />
  <attribute name="elasticGC enabled" value="1" />
  <attribute name= "numThreadsSpecified" value="16" />
  <attribute name="heapSize specified" value="0" />
  <attribute name="Current GC Util" value="0" />
  <attribute name= "Current Time Running" value="87508" />
  <attribute name ="GC Interval" value="0" />
  <attribute name="Target GC Util Change" value ="80.000000" />
  <attribute name="Current GC Util Change" value="0.000000"/>
  <attribute name="Current Error" value="64.000000" />
  <attribute name="Output H" value="304124920"/>
  <attribute name="Output I" value="2040"/>
  <attribute name="Output T" value="16"/>
  <attribute name= "Current Time Running" value="87508" />
  <attribute name="GC Util currently" value="0" />
  <attribute name="CPU Util currently" value="2534650938841" />
<exclusive-end id="2642" timestamp="2019-08-09T08:14:12.430" durationms="9.977" />

<exclusive-start id="2643" timestamp="2019-08-09T08:14:12.636" intervalms="216.025">
  <response-info timems="0.038" idlems="0.038" threads="0" lastid="000000000212BF00" lastname="main" />
</exclusive-start>
<allocation-taxation id="2644" taxation-threshold="83886080" timestamp="2019-08-09T08:14:12.636" intervalms="216.019" />
<cycle-start id="2645" type="partial gc" contextid="0" timestamp="2019-08-09T08:14:12.636" intervalms="216.003" />
<gc-start id="2646" type="partial gc" contextid="2645" timestamp="2019-08-09T08:14:12.636">
  <mem-info id="2647" free="98566144" total="304087040" percent="32">
    <mem type="eden" free="0" total="83886080" percent="0" />
    <remembered-set count="4128" freebytes="12140288" totalbytes="12156800" percent="99" regionsoverflowed="0" regionsstable="10" regionsrebuilding="0"/>
  </mem-info>
</gc-start>
<allocation-stats totalBytes="79235432" >
  <allocated-bytes non-tlh="0" tlh="79235432" arrayletleaf="0"/>
  <largest-consumer threadName="main" threadId="000000000212BF00" bytes="79235432" />
</allocation-stats>
<gc-op id="2648" type="copy forward" timems="10.490" contextid="2645" timestamp="2019-08-09T08:14:12.648">
  <memory-copied type="eden" objects="67" bytes="41272" bytesdiscarded="0" />
  <memory-copied type="other" objects="12" bytes="288" bytesdiscarded="0" />
  <memory-cardclean objects="105" bytes="2984" />
  <regions eden="40" other="2" />
  <remembered-set-cleared processed="170" cleared="10" durationms="0.338" />
  <stringconstants candidates="13755" cleared="0"  />
</gc-op>
<gc-op id="2649" type="classunload" timems="0.012" contextid="2645" timestamp="2019-08-09T08:14:12.648">
  <classunload-info classloadercandidates="53" classloadersunloaded="0" classesunloaded="0" anonymousclassesunloaded="0" quiescems="0.000" setupms="0.012" scanms="0.000" postms="0.000" />
</gc-op>
<gc-end id="2650" type="partial gc" contextid="2645" durationms="11.807" usertimems="25.251" systemtimems="0.000" timestamp="2019-08-09T08:14:12.648" activeThreads="16">
  <mem-info id="2651" free="180355072" total="304087040" percent="59">
    <mem type="eden" free="2055880" total="2097152" percent="98" />
    <remembered-set count="4384" freebytes="12139264" totalbytes="12156800" percent="99" regionsoverflowed="0" regionsstable="10" regionsrebuilding="0"/>
  </mem-info>
</gc-end>
<cycle-end id="2652" type="partial gc" contextid="2645" timestamp="2019-08-09T08:14:12.648" />
  <attribute name="elasticGC enabled" value="1" />
  <attribute name= "numThreadsSpecified" value="16" />
  <attribute name="heapSize specified" value="0" />
  <attribute name="Current GC Util" value="156" />
  <attribute name= "Current Time Running" value="87724" />
  <attribute name ="GC Interval" value="0" />
  <attribute name="Target GC Util Change" value ="80.000000" />
  <attribute name="Current GC Util Change" value="156.000000"/>
  <attribute name="Current Error" value="59.000000" />
  <attribute name="Output H" value="304124920"/>
  <attribute name="Output I" value="2040"/>
  <attribute name="Output T" value="16"/>
  <attribute name= "Current Time Running" value="87724" />
  <attribute name="GC Util currently" value="156" />
  <attribute name="CPU Util currently" value="1576103743549" />
<exclusive-end id="2653" timestamp="2019-08-09T08:14:12.648" durationms="12.564" />

<exclusive-start id="2654" timestamp="2019-08-09T08:14:12.857" intervalms="220.989">
  <response-info timems="0.017" idlems="0.017" threads="0" lastid="000000000212BF00" lastname="main" />
</exclusive-start>
<allocation-taxation id="2655" taxation-threshold="83886080" timestamp="2019-08-09T08:14:12.857" intervalms="221.067" />
<cycle-start id="2656" type="partial gc" contextid="0" timestamp="2019-08-09T08:14:12.857" intervalms="221.028" />
<gc-start id="2657" type="partial gc" contextid="2656" timestamp="2019-08-09T08:14:12.857">
  <mem-info id="2658" free="96468992" total="304087040" percent="31">
    <mem type="eden" free="0" total="83886080" percent="0" />
    <remembered-set count="4160" freebytes="12140160" totalbytes="12156800" percent="99" regionsoverflowed="0" regionsstable="10" regionsrebuilding="0"/>
  </mem-info>
</gc-start>
<allocation-stats totalBytes="83875632" >
  <allocated-bytes non-tlh="0" tlh="83875632" arrayletleaf="0"/>
  <largest-consumer threadName="main" threadId="000000000212BF00" bytes="83875632" />
</allocation-stats>
<gc-op id="2659" type="copy forward" timems="8.416" contextid="2656" timestamp="2019-08-09T08:14:12.867">
  <memory-copied type="eden" objects="74" bytes="2312" bytesdiscarded="0" />
  <memory-copied type="other" objects="42" bytes="1008" bytesdiscarded="0" />
  <memory-cardclean objects="120" bytes="3640" />
  <regions eden="40" other="2" />
  <remembered-set-cleared processed="170" cleared="14" durationms="0.380" />
  <stringconstants candidates="13755" cleared="0"  />
</gc-op>
<gc-op id="2660" type="classunload" timems="0.010" contextid="2656" timestamp="2019-08-09T08:14:12.867">
  <classunload-info classloadercandidates="53" classloadersunloaded="0" classesunloaded="0" anonymousclassesunloaded="0" quiescems="0.000" setupms="0.010" scanms="0.000" postms="0.000" />
</gc-op>
<gc-end id="2661" type="partial gc" contextid="2656" durationms="9.842" usertimems="23.556" systemtimems="0.000" timestamp="2019-08-09T08:14:12.867" activeThreads="16">
  <mem-info id="2662" free="178257920" total="304087040" percent="58">
    <mem type="eden" free="2094840" total="2097152" percent="99" />
    <remembered-set count="4288" freebytes="12139648" totalbytes="12156800" percent="99" regionsoverflowed="0" regionsstable="10" regionsrebuilding="0"/>
  </mem-info>
</gc-end>
<cycle-end id="2663" type="partial gc" contextid="2656" timestamp="2019-08-09T08:14:12.867" />
  <attribute name="elasticGC enabled" value="1" />
  <attribute name= "numThreadsSpecified" value="16" />
  <attribute name="heapSize specified" value="0" />
  <attribute name="Current GC Util" value="150" />
  <attribute name= "Current Time Running" value="87946" />
  <attribute name ="GC Interval" value="0" />
  <attribute name="Target GC Util Change" value ="80.000000" />
  <attribute name="Current GC Util Change" value="150.000000"/>
  <attribute name="Current Error" value="-70.000000" />
  <attribute name="Output H" value="304124840"/>
  <attribute name="Output I" value="1960"/>
  <attribute name="Output T" value="16"/>
  <attribute name= "Current Time Running" value="87946" />
  <attribute name="GC Util currently" value="150" />
  <attribute name="CPU Util currently" value="1339158194452" />
<exclusive-end id="2664" timestamp="2019-08-09T08:14:12.867" durationms="10.497" />

<exclusive-start id="2665" timestamp="2019-08-09T08:14:12.957" intervalms="100.012">
  <response-info timems="0.020" idlems="0.020" threads="0" lastid="000000000212BF00" lastname="main" />
</exclusive-start>
<allocation-taxation id="2666" taxation-threshold="83886080" timestamp="2019-08-09T08:14:12.957" intervalms="99.940" />
<cycle-start id="2667" type="partial gc" contextid="0" timestamp="2019-08-09T08:14:12.957" intervalms="99.971" />
<gc-start id="2668" type="partial gc" contextid="2667" timestamp="2019-08-09T08:14:12.957">
  <mem-info id="2669" free="94371840" total="304087040" percent="31">
    <mem type="eden" free="0" total="83886080" percent="0" />
    <remembered-set count="4064" freebytes="12140544" totalbytes="12156800" percent="99" regionsoverflowed="0" regionsstable="10" regionsrebuilding="0"/>
  </mem-info>
</gc-start>
<allocation-stats totalBytes="83863000" >
  <allocated-bytes non-tlh="0" tlh="83863000" arrayletleaf="0"/>
  <largest-consumer threadName="main" threadId="000000000212BF00" bytes="83863000" />
</allocation-stats>
<gc-op id="2670" type="copy forward" timems="9.777" contextid="2667" timestamp="2019-08-09T08:14:12.968">
  <memory-copied type="eden" objects="36" bytes="1096" bytesdiscarded="1272" />
  <memory-copied type="other" objects="70" bytes="1752" bytesdiscarded="0" />
  <memory-cardclean objects="127" bytes="4416" />
  <regions eden="40" other="2" />
  <remembered-set-cleared processed="167" cleared="13" durationms="0.203" />
  <stringconstants candidates="13755" cleared="0"  />
</gc-op>
<gc-op id="2671" type="classunload" timems="0.009" contextid="2667" timestamp="2019-08-09T08:14:12.968">
  <classunload-info classloadercandidates="53" classloadersunloaded="0" classesunloaded="0" anonymousclassesunloaded="0" quiescems="0.000" setupms="0.008" scanms="0.000" postms="0.000" />
</gc-op>
<gc-end id="2672" type="partial gc" contextid="2667" durationms="11.198" usertimems="25.593" systemtimems="0.000" timestamp="2019-08-09T08:14:12.968" activeThreads="16">
  <mem-info id="2673" free="176160768" total="304087040" percent="57">
    <mem type="eden" free="2094784" total="2097152" percent="99" />
    <remembered-set count="5184" freebytes="12136064" totalbytes="12156800" percent="99" regionsoverflowed="0" regionsstable="10" regionsrebuilding="0"/>
  </mem-info>
</gc-end>
<cycle-end id="2674" type="partial gc" contextid="2667" timestamp="2019-08-09T08:14:12.969" />
  <attribute name="elasticGC enabled" value="1" />
  <attribute name= "numThreadsSpecified" value="16" />
  <attribute name="heapSize specified" value="0" />
  <attribute name="Current GC Util" value="59" />
  <attribute name= "Current Time Running" value="88046" />
  <attribute name ="GC Interval" value="0" />
  <attribute name="Target GC Util Change" value ="80.000000" />
  <attribute name="Current GC Util Change" value="59.000000"/>
  <attribute name="Current Error" value="9.000000" />
  <attribute name="Output H" value="304124888"/>
  <attribute name="Output I" value="2008"/>
  <attribute name="Output T" value="16"/>
  <attribute name= "Current Time Running" value="88046" />
  <attribute name="GC Util currently" value="59" />
  <attribute name="CPU Util currently" value="1405321404402" />
<exclusive-end id="2675" timestamp="2019-08-09T08:14:12.969" durationms="11.788" />

<exclusive-start id="2676" timestamp="2019-08-09T08:14:13.078" intervalms="121.018">
  <response-info timems="0.019" idlems="0.019" threads="0" lastid="000000000212BF00" lastname="main" />
</exclusive-start>
<allocation-taxation id="2677" taxation-threshold="83886080" timestamp="2019-08-09T08:14:13.078" intervalms="121.018" />
<cycle-start id="2678" type="partial gc" contextid="0" timestamp="2019-08-09T08:14:13.078" intervalms="121.037" />
<gc-start id="2679" type="partial gc" contextid="2678" timestamp="2019-08-09T08:14:13.078">
  <mem-info id="2680" free="92274688" total="304087040" percent="30">
    <mem type="eden" free="0" total="83886080" percent="0" />
    <remembered-set count="4704" freebytes="12137984" totalbytes="12156800" percent="99" regionsoverflowed="0" regionsstable="10" regionsrebuilding="0"/>
  </mem-info>
</gc-start>
<allocation-stats totalBytes="83875360" >
  <allocated-bytes non-tlh="0" tlh="83875360" arrayletleaf="0"/>
  <largest-consumer threadName="main" threadId="000000000212BF00" bytes="83875360" />
</allocation-stats>
<gc-op id="2681" type="copy forward" timems="9.544" contextid="2678" timestamp="2019-08-09T08:14:13.089">
  <memory-copied type="eden" objects="37" bytes="1104" bytesdiscarded="1320" />
  <memory-copied type="other" objects="47" bytes="1224" bytesdiscarded="1296" />
  <memory-cardclean objects="107" bytes="3856" />
  <regions eden="40" other="2" />
  <remembered-set-cleared processed="170" cleared="13" durationms="0.625" />
  <stringconstants candidates="13755" cleared="0"  />
</gc-op>
<gc-op id="2682" type="classunload" timems="0.008" contextid="2678" timestamp="2019-08-09T08:14:13.089">
  <classunload-info classloadercandidates="53" classloadersunloaded="0" classesunloaded="0" anonymousclassesunloaded="0" quiescems="0.000" setupms="0.008" scanms="0.000" postms="0.000" />
</gc-op>
<gc-end id="2683" type="partial gc" contextid="2678" durationms="10.730" usertimems="25.837" systemtimems="0.000" timestamp="2019-08-09T08:14:13.089" activeThreads="16">
  <mem-info id="2684" free="174063616" total="304087040" percent="57">
    <mem type="eden" free="2094728" total="2097152" percent="99" />
    <remembered-set count="5760" freebytes="12133760" totalbytes="12156800" percent="99" regionsoverflowed="0" regionsstable="10" regionsrebuilding="0"/>
  </mem-info>
</gc-end>
<cycle-end id="2685" type="partial gc" contextid="2678" timestamp="2019-08-09T08:14:13.089" />
  <attribute name="elasticGC enabled" value="1" />
  <attribute name= "numThreadsSpecified" value="16" />
  <attribute name="heapSize specified" value="0" />
  <attribute name="Current GC Util" value="150" />
  <attribute name= "Current Time Running" value="88166" />
  <attribute name ="GC Interval" value="0" />
  <attribute name="Target GC Util Change" value ="80.000000" />
  <attribute name="Current GC Util Change" value="150.000000"/>
  <attribute name="Current Error" value="-1.000000" />
  <attribute name="Output H" value="304124880"/>
  <attribute name="Output I" value="2000"/>
  <attribute name="Output T" value="16"/>
  <attribute name= "Current Time Running" value="88166" />
  <attribute name="GC Util currently" value="150" />
  <attribute name="CPU Util currently" value="1925347962372" />
<exclusive-end id="2686" timestamp="2019-08-09T08:14:13.089" durationms="11.343" />

<exclusive-start id="2687" timestamp="2019-08-09T08:14:13.286" intervalms="208.478">
  <response-info timems="0.017" idlems="0.017" threads="0" lastid="000000000212BF00" lastname="main" />
</exclusive-start>
<allocation-taxation id="2688" taxation-threshold="83886080" timestamp="2019-08-09T08:14:13.286" intervalms="208.478" />
<cycle-start id="2689" type="partial gc" contextid="0" timestamp="2019-08-09T08:14:13.287" intervalms="208.474" />
<gc-start id="2690" type="partial gc" contextid="2689" timestamp="2019-08-09T08:14:13.287">
  <mem-info id="2691" free="90177536" total="304087040" percent="29">
    <mem type="eden" free="0" total="83886080" percent="0" />
    <remembered-set count="5696" freebytes="12134016" totalbytes="12156800" percent="99" regionsoverflowed="0" regionsstable="10" regionsrebuilding="0"/>
  </mem-info>
</gc-start>
<allocation-stats totalBytes="83881712" >
  <allocated-bytes non-tlh="0" tlh="83881712" arrayletleaf="0"/>
  <largest-consumer threadName="main" threadId="000000000212BF00" bytes="83881712" />
</allocation-stats>
<gc-op id="2692" type="copy forward" timems="7.146" contextid="2689" timestamp="2019-08-09T08:14:13.295">
  <memory-copied type="eden" objects="60" bytes="1584" bytesdiscarded="744" />
  <memory-copied type="other" objects="25" bytes="624" bytesdiscarded="2592" />
  <memory-cardclean objects="142" bytes="4584" />
  <regions eden="40" other="2" />
  <remembered-set-cleared processed="174" cleared="16" durationms="0.130" />
  <stringconstants candidates="13755" cleared="0"  />
</gc-op>
<gc-op id="2693" type="classunload" timems="0.008" contextid="2689" timestamp="2019-08-09T08:14:13.295">
  <classunload-info classloadercandidates="53" classloadersunloaded="0" classesunloaded="0" anonymousclassesunloaded="0" quiescems="0.000" setupms="0.008" scanms="0.000" postms="0.000" />
</gc-op>
<gc-end id="2694" type="partial gc" contextid="2689" durationms="8.304" usertimems="19.199" systemtimems="0.000" timestamp="2019-08-09T08:14:13.295" activeThreads="16">
  <mem-info id="2695" free="171966464" total="304087040" percent="56">
    <mem type="eden" free="2094824" total="2097152" percent="99" />
    <remembered-set count="6816" freebytes="12129536" totalbytes="12156800" percent="99" regionsoverflowed="0" regionsstable="10" regionsrebuilding="0"/>
  </mem-info>
</gc-end>
<cycle-end id="2696" type="partial gc" contextid="2689" timestamp="2019-08-09T08:14:13.295" />
  <attribute name="elasticGC enabled" value="1" />
  <attribute name= "numThreadsSpecified" value="16" />
  <attribute name="heapSize specified" value="0" />
  <attribute name="Current GC Util" value="177" />
  <attribute name= "Current Time Running" value="88375" />
  <attribute name ="GC Interval" value="0" />
  <attribute name="Target GC Util Change" value ="80.000000" />
  <attribute name="Current GC Util Change" value="177.000000"/>
  <attribute name="Current Error" value="-97.000000" />
  <attribute name="Output H" value="304124824"/>
  <attribute name="Output I" value="1944"/>
  <attribute name="Output T" value="16"/>
  <attribute name= "Current Time Running" value="88375" />
  <attribute name="GC Util currently" value="177" />
  <attribute name="CPU Util currently" value="2123099280309" />
<exclusive-end id="2697" timestamp="2019-08-09T08:14:13.295" durationms="8.931" />

<exclusive-start id="2698" timestamp="2019-08-09T08:14:13.379" intervalms="92.988">
  <response-info timems="0.018" idlems="0.018" threads="0" lastid="000000000212BF00" lastname="main" />
</exclusive-start>
<allocation-taxation id="2699" taxation-threshold="83886080" timestamp="2019-08-09T08:14:13.379" intervalms="92.986" />
<cycle-start id="2700" type="partial gc" contextid="0" timestamp="2019-08-09T08:14:13.380" intervalms="93.105" />
<gc-start id="2701" type="partial gc" contextid="2700" timestamp="2019-08-09T08:14:13.380">
  <mem-info id="2702" free="88080384" total="304087040" percent="28">
    <mem type="eden" free="0" total="83886080" percent="0" />
    <remembered-set count="6720" freebytes="12129920" totalbytes="12156800" percent="99" regionsoverflowed="0" regionsstable="10" regionsrebuilding="0"/>
  </mem-info>
</gc-start>
<allocation-stats totalBytes="83880248" >
  <allocated-bytes non-tlh="0" tlh="83880248" arrayletleaf="0"/>
  <largest-consumer threadName="main" threadId="000000000212BF00" bytes="83880248" />
</allocation-stats>
<gc-op id="2703" type="copy forward" timems="8.539" contextid="2700" timestamp="2019-08-09T08:14:13.389">
  <memory-copied type="eden" objects="33" bytes="1000" bytesdiscarded="1320" />
  <memory-copied type="other" objects="54" bytes="1296" bytesdiscarded="2832" />
  <memory-cardclean objects="109" bytes="3216" />
  <regions eden="40" other="2" />
  <remembered-set-cleared processed="178" cleared="14" durationms="0.144" />
  <stringconstants candidates="13755" cleared="0"  />
</gc-op>
<gc-op id="2704" type="classunload" timems="0.007" contextid="2700" timestamp="2019-08-09T08:14:13.390">
  <classunload-info classloadercandidates="53" classloadersunloaded="0" classesunloaded="0" anonymousclassesunloaded="0" quiescems="0.000" setupms="0.007" scanms="0.000" postms="0.000" />
</gc-op>
<gc-end id="2705" type="partial gc" contextid="2700" durationms="9.881" usertimems="22.219" systemtimems="0.000" timestamp="2019-08-09T08:14:13.390" activeThreads="16">
  <mem-info id="2706" free="169869312" total="304087040" percent="55">
    <mem type="eden" free="2094832" total="2097152" percent="99" />
    <remembered-set count="6944" freebytes="12129024" totalbytes="12156800" percent="99" regionsoverflowed="0" regionsstable="10" regionsrebuilding="0"/>
  </mem-info>
</gc-end>
<cycle-end id="2707" type="partial gc" contextid="2700" timestamp="2019-08-09T08:14:13.390" />
  <attribute name="elasticGC enabled" value="1" />
  <attribute name= "numThreadsSpecified" value="16" />
  <attribute name="heapSize specified" value="0" />
  <attribute name="Current GC Util" value="106" />
  <attribute name= "Current Time Running" value="88468" />
  <attribute name ="GC Interval" value="0" />
  <attribute name="Target GC Util Change" value ="80.000000" />
  <attribute name="Current GC Util Change" value="106.000000"/>
  <attribute name="Current Error" value="-62.000000" />
  <attribute name="Output H" value="304124848"/>
  <attribute name="Output I" value="1968"/>
  <attribute name="Output T" value="16"/>
  <attribute name= "Current Time Running" value="88468" />
  <attribute name="GC Util currently" value="106" />
  <attribute name="CPU Util currently" value="1831979457172" />
<exclusive-end id="2708" timestamp="2019-08-09T08:14:13.390" durationms="10.688" />

<exclusive-start id="2709" timestamp="2019-08-09T08:14:13.535" intervalms="155.672">
  <response-info timems="0.018" idlems="0.018" threads="0" lastid="000000000212BF00" lastname="main" />
</exclusive-start>
<allocation-taxation id="2710" taxation-threshold="83886080" timestamp="2019-08-09T08:14:13.535" intervalms="155.678" />
<cycle-start id="2711" type="partial gc" contextid="0" timestamp="2019-08-09T08:14:13.535" intervalms="155.664" />
<gc-start id="2712" type="partial gc" contextid="2711" timestamp="2019-08-09T08:14:13.536">
  <mem-info id="2713" free="85983232" total="304087040" percent="28">
    <mem type="eden" free="0" total="83886080" percent="0" />
    <remembered-set count="6816" freebytes="12129536" totalbytes="12156800" percent="99" regionsoverflowed="0" regionsstable="10" regionsrebuilding="0"/>
  </mem-info>
</gc-start>
<allocation-stats totalBytes="83861472" >
  <allocated-bytes non-tlh="0" tlh="83861472" arrayletleaf="0"/>
  <largest-consumer threadName="main" threadId="000000000212BF00" bytes="83861472" />
</allocation-stats>
<gc-op id="2714" type="copy forward" timems="9.734" contextid="2711" timestamp="2019-08-09T08:14:13.546">
  <memory-copied type="eden" objects="46" bytes="2016" bytesdiscarded="504" />
  <memory-copied type="other" objects="54" bytes="1296" bytesdiscarded="2736" />
  <memory-cardclean objects="137" bytes="3880" />
  <regions eden="40" other="2" />
  <remembered-set-cleared processed="182" cleared="19" durationms="0.125" />
  <stringconstants candidates="13755" cleared="0"  />
</gc-op>
<gc-op id="2715" type="classunload" timems="0.010" contextid="2711" timestamp="2019-08-09T08:14:13.547">
  <classunload-info classloadercandidates="53" classloadersunloaded="0" classesunloaded="0" anonymousclassesunloaded="0" quiescems="0.000" setupms="0.009" scanms="0.000" postms="0.000" />
</gc-op>
<gc-end id="2716" type="partial gc" contextid="2711" durationms="11.174" usertimems="28.982" systemtimems="0.000" timestamp="2019-08-09T08:14:13.547" activeThreads="16">
  <mem-info id="2717" free="167772160" total="304087040" percent="55">
    <mem type="eden" free="2094632" total="2097152" percent="99" />
    <remembered-set count="6912" freebytes="12129152" totalbytes="12156800" percent="99" regionsoverflowed="0" regionsstable="10" regionsrebuilding="0"/>
  </mem-info>
</gc-end>
<cycle-end id="2718" type="partial gc" contextid="2711" timestamp="2019-08-09T08:14:13.547" />
  <attribute name="elasticGC enabled" value="1" />
  <attribute name= "numThreadsSpecified" value="16" />
  <attribute name="heapSize specified" value="0" />
  <attribute name="Current GC Util" value="188" />
  <attribute name= "Current Time Running" value="88624" />
  <attribute name ="GC Interval" value="0" />
  <attribute name="Target GC Util Change" value ="80.000000" />
  <attribute name="Current GC Util Change" value="188.000000"/>
  <attribute name="Current Error" value="-103.000000" />
  <attribute name="Output H" value="304124824"/>
  <attribute name="Output I" value="1944"/>
  <attribute name="Output T" value="16"/>
  <attribute name= "Current Time Running" value="88624" />
  <attribute name="GC Util currently" value="188" />
  <attribute name="CPU Util currently" value="1396881172948" />
<exclusive-end id="2719" timestamp="2019-08-09T08:14:13.547" durationms="11.988" />

<exclusive-start id="2720" timestamp="2019-08-09T08:14:13.658" intervalms="123.223">
  <response-info timems="0.020" idlems="0.020" threads="0" lastid="000000000212BF00" lastname="main" />
</exclusive-start>
<allocation-taxation id="2721" taxation-threshold="83886080" timestamp="2019-08-09T08:14:13.658" intervalms="123.235" />
<cycle-start id="2722" type="partial gc" contextid="0" timestamp="2019-08-09T08:14:13.658" intervalms="123.150" />
<gc-start id="2723" type="partial gc" contextid="2722" timestamp="2019-08-09T08:14:13.659">
  <mem-info id="2724" free="83886080" total="304087040" percent="27">
    <mem type="eden" free="0" total="83886080" percent="0" />
    <remembered-set count="6464" freebytes="12130944" totalbytes="12156800" percent="99" regionsoverflowed="0" regionsstable="10" regionsrebuilding="0"/>
  </mem-info>
</gc-start>
<allocation-stats totalBytes="83842720" >
  <allocated-bytes non-tlh="0" tlh="83842720" arrayletleaf="0"/>
  <largest-consumer threadName="main" threadId="000000000212BF00" bytes="83842720" />
</allocation-stats>
<gc-op id="2725" type="copy forward" timems="9.806" contextid="2722" timestamp="2019-08-09T08:14:13.670">
  <memory-copied type="eden" objects="29" bytes="1400" bytesdiscarded="0" />
  <memory-copied type="other" objects="30" bytes="720" bytesdiscarded="1752" />
  <memory-cardclean objects="93" bytes="2792" />
  <regions eden="40" other="2" />
  <remembered-set-cleared processed="185" cleared="11" durationms="0.141" />
  <stringconstants candidates="13755" cleared="0"  />
</gc-op>
<gc-op id="2726" type="classunload" timems="0.009" contextid="2722" timestamp="2019-08-09T08:14:13.670">
  <classunload-info classloadercandidates="53" classloadersunloaded="0" classesunloaded="0" anonymousclassesunloaded="0" quiescems="0.000" setupms="0.009" scanms="0.000" postms="0.000" />
</gc-op>
<gc-end id="2727" type="partial gc" contextid="2722" durationms="11.191" usertimems="23.584" systemtimems="0.000" timestamp="2019-08-09T08:14:13.670" activeThreads="16">
  <mem-info id="2728" free="165675008" total="304087040" percent="54">
    <mem type="eden" free="2095752" total="2097152" percent="99" />
    <remembered-set count="5728" freebytes="12133888" totalbytes="12156800" percent="99" regionsoverflowed="0" regionsstable="10" regionsrebuilding="0"/>
  </mem-info>
</gc-end>
<cycle-end id="2729" type="partial gc" contextid="2722" timestamp="2019-08-09T08:14:13.670" />
  <attribute name="elasticGC enabled" value="1" />
  <attribute name= "numThreadsSpecified" value="16" />
  <attribute name="heapSize specified" value="0" />
  <attribute name="Current GC Util" value="103" />
  <attribute name= "Current Time Running" value="88747" />
  <attribute name ="GC Interval" value="0" />
  <attribute name="Target GC Util Change" value ="80.000000" />
  <attribute name="Current GC Util Change" value="103.000000"/>
  <attribute name="Current Error" value="-23.000000" />
  <attribute name="Output H" value="304124872"/>
  <attribute name="Output I" value="1992"/>
  <attribute name="Output T" value="16"/>
  <attribute name= "Current Time Running" value="88747" />
  <attribute name="GC Util currently" value="103" />
  <attribute name="CPU Util currently" value="1592331790301" />
<exclusive-end id="2730" timestamp="2019-08-09T08:14:13.670" durationms="11.894" />

<exclusive-start id="2731" timestamp="2019-08-09T08:14:13.699" intervalms="41.206">
  <response-info timems="0.022" idlems="0.022" threads="0" lastid="000000000212BF00" lastname="main" />
</exclusive-start>
<allocation-taxation id="2732" taxation-threshold="83886080" timestamp="2019-08-09T08:14:13.700" intervalms="41.208" />
<cycle-start id="2733" type="partial gc" contextid="0" timestamp="2019-08-09T08:14:13.700" intervalms="41.147" />
<gc-start id="2734" type="partial gc" contextid="2733" timestamp="2019-08-09T08:14:13.700">
  <mem-info id="2735" free="81788928" total="304087040" percent="26">
    <mem type="eden" free="0" total="83886080" percent="0" />
    <remembered-set count="5248" freebytes="12135808" totalbytes="12156800" percent="99" regionsoverflowed="0" regionsstable="10" regionsrebuilding="0"/>
  </mem-info>
</gc-start>
<allocation-stats totalBytes="83738984" >
  <allocated-bytes non-tlh="0" tlh="83738984" arrayletleaf="0"/>
  <largest-consumer threadName="main" threadId="000000000212BF00" bytes="83738984" />
</allocation-stats>
<gc-op id="2736" type="copy forward" timems="11.180" contextid="2733" timestamp="2019-08-09T08:14:13.712">
  <memory-copied type="eden" objects="3" bytes="72" bytesdiscarded="720" />
  <memory-copied type="other" objects="45" bytes="1784" bytesdiscarded="1008" />
  <memory-cardclean objects="70" bytes="2328" />
  <regions eden="40" other="2" />
  <remembered-set-cleared processed="187" cleared="8" durationms="0.145" />
  <stringconstants candidates="13755" cleared="0"  />
</gc-op>
<gc-op id="2737" type="classunload" timems="0.008" contextid="2733" timestamp="2019-08-09T08:14:13.712">
  <classunload-info classloadercandidates="53" classloadersunloaded="0" classesunloaded="0" anonymousclassesunloaded="0" quiescems="0.000" setupms="0.008" scanms="0.000" postms="0.000" />
</gc-op>
<gc-end id="2738" type="partial gc" contextid="2733" durationms="12.677" usertimems="26.168" systemtimems="0.000" timestamp="2019-08-09T08:14:13.713" activeThreads="16">
  <mem-info id="2739" free="163577856" total="304087040" percent="53">
    <mem type="eden" free="2096360" total="2097152" percent="99" />
    <remembered-set count="5888" freebytes="12133248" totalbytes="12156800" percent="99" regionsoverflowed="0" regionsstable="10" regionsrebuilding="0"/>
  </mem-info>
</gc-end>
<cycle-end id="2740" type="partial gc" contextid="2733" timestamp="2019-08-09T08:14:13.713" />
  <attribute name="elasticGC enabled" value="1" />
  <attribute name= "numThreadsSpecified" value="16" />
  <attribute name="heapSize specified" value="0" />
  <attribute name="Current GC Util" value="195" />
  <attribute name= "Current Time Running" value="88788" />
  <attribute name ="GC Interval" value="0" />
  <attribute name="Target GC Util Change" value ="80.000000" />
  <attribute name="Current GC Util Change" value="195.000000"/>
  <attribute name="Current Error" value="-115.000000" />
  <attribute name="Output H" value="304124816"/>
  <attribute name="Output I" value="1936"/>
  <attribute name="Output T" value="16"/>
  <attribute name= "Current Time Running" value="88788" />
  <attribute name="GC Util currently" value="195" />
  <attribute name="CPU Util currently" value="1311867306163" />
<exclusive-end id="2741" timestamp="2019-08-09T08:14:13.713" durationms="13.428" />

<exclusive-start id="2742" timestamp="2019-08-09T08:14:13.742" intervalms="42.097">
  <response-info timems="0.021" idlems="0.021" threads="0" lastid="000000000212BF00" lastname="main" />
</exclusive-start>
<allocation-taxation id="2743" taxation-threshold="83886080" timestamp="2019-08-09T08:14:13.742" intervalms="42.097" />
<cycle-start id="2744" type="partial gc" contextid="0" timestamp="2019-08-09T08:14:13.742" intervalms="42.157" />
<gc-start id="2745" type="partial gc" contextid="2744" timestamp="2019-08-09T08:14:13.742">
  <mem-info id="2746" free="79691776" total="304087040" percent="26">
    <mem type="eden" free="2096360" total="85983232" percent="2" />
    <remembered-set count="5408" freebytes="12135168" totalbytes="12156800" percent="99" regionsoverflowed="0" regionsstable="10" regionsrebuilding="0"/>
  </mem-info>
</gc-start>
<allocation-stats totalBytes="83737456" >
  <allocated-bytes non-tlh="0" tlh="83737456" arrayletleaf="0"/>
  <largest-consumer threadName="main" threadId="000000000212BF00" bytes="83737456" />
</allocation-stats>
<gc-op id="2747" type="copy forward" timems="9.935" contextid="2744" timestamp="2019-08-09T08:14:13.753">
  <memory-copied type="eden" objects="3" bytes="72" bytesdiscarded="0" />
  <memory-copied type="other" objects="27" bytes="1352" bytesdiscarded="0" />
  <memory-cardclean objects="41" bytes="1552" />
  <regions eden="40" other="2" />
  <remembered-set-cleared processed="190" cleared="5" durationms="0.203" />
  <stringconstants candidates="13755" cleared="0"  />
</gc-op>
<gc-op id="2748" type="classunload" timems="0.008" contextid="2744" timestamp="2019-08-09T08:14:13.753">
  <classunload-info classloadercandidates="53" classloadersunloaded="0" classesunloaded="0" anonymousclassesunloaded="0" quiescems="0.000" setupms="0.008" scanms="0.000" postms="0.000" />
</gc-op>
<heap-resize id="2749" type="expand" space="default" amount="48234496" count="1" timems="0.255" reason="excessive time being spent in gc" timestamp="2019-08-09T08:14:13.754" />
<gc-end id="2750" type="partial gc" contextid="2744" durationms="11.663" usertimems="27.963" systemtimems="0.000" timestamp="2019-08-09T08:14:13.754" activeThreads="16">
  <mem-info id="2751" free="211812352" total="352321536" percent="60">
    <mem type="eden" free="2097080" total="2097152" percent="99" />
    <remembered-set count="5536" freebytes="14062976" totalbytes="14085120" percent="99" regionsoverflowed="0" regionsstable="10" regionsrebuilding="0"/>
  </mem-info>
</gc-end>
<cycle-end id="2752" type="partial gc" contextid="2744" timestamp="2019-08-09T08:14:13.754" />
  <attribute name="elasticGC enabled" value="1" />
  <attribute name= "numThreadsSpecified" value="16" />
  <attribute name="heapSize specified" value="0" />
  <attribute name="Current GC Util" value="239" />
  <attribute name= "Current Time Running" value="88830" />
  <attribute name ="GC Interval" value="0" />
  <attribute name="Target GC Util Change" value ="80.000000" />
  <attribute name="Current GC Util Change" value="239.000000"/>
  <attribute name="Current Error" value="-253.000000" />
  <attribute name="Output H" value="304124736"/>
  <attribute name="Output I" value="1856"/>
  <attribute name="Output T" value="16"/>
  <attribute name= "Current Time Running" value="88830" />
  <attribute name="GC Util currently" value="239" />
  <attribute name="CPU Util currently" value="1301766778389" />
<exclusive-end id="2753" timestamp="2019-08-09T08:14:13.754" durationms="12.337" />

<exclusive-start id="2754" timestamp="2019-08-09T08:14:13.861" intervalms="119.213">
  <response-info timems="0.017" idlems="0.017" threads="0" lastid="000000000212BF00" lastname="main" />
</exclusive-start>
<allocation-taxation id="2755" taxation-threshold="94371840" timestamp="2019-08-09T08:14:13.861" intervalms="119.214" />
<cycle-start id="2756" type="partial gc" contextid="0" timestamp="2019-08-09T08:14:13.861" intervalms="119.243" />
<gc-start id="2757" type="partial gc" contextid="2756" timestamp="2019-08-09T08:14:13.861">
  <mem-info id="2758" free="117440512" total="352321536" percent="33">
    <mem type="eden" free="2097080" total="96468992" percent="2" />
    <remembered-set count="5536" freebytes="14062976" totalbytes="14085120" percent="99" regionsoverflowed="0" regionsstable="10" regionsrebuilding="0"/>
  </mem-info>
</gc-start>
<allocation-stats totalBytes="94268568" >
  <allocated-bytes non-tlh="0" tlh="94268568" arrayletleaf="0"/>
  <largest-consumer threadName="main" threadId="000000000212BF00" bytes="94268568" />
</allocation-stats>
<gc-op id="2759" type="copy forward" timems="11.774" contextid="2756" timestamp="2019-08-09T08:14:13.874">
  <memory-copied type="eden" objects="40" bytes="1776" bytesdiscarded="384" />
  <memory-copied type="other" objects="12" bytes="288" bytesdiscarded="0" />
  <memory-cardclean objects="98" bytes="2648" />
  <regions eden="45" other="2" />
  <remembered-set-cleared processed="190" cleared="8" durationms="0.147" />
  <stringconstants candidates="13755" cleared="0"  />
</gc-op>
<gc-op id="2760" type="classunload" timems="0.009" contextid="2756" timestamp="2019-08-09T08:14:13.874">
  <classunload-info classloadercandidates="53" classloadersunloaded="0" classesunloaded="0" anonymousclassesunloaded="0" quiescems="0.000" setupms="0.009" scanms="0.000" postms="0.000" />
</gc-op>
<gc-end id="2761" type="partial gc" contextid="2756" durationms="13.176" usertimems="30.288" systemtimems="0.000" timestamp="2019-08-09T08:14:13.875" activeThreads="16">
  <mem-info id="2762" free="211812352" total="352321536" percent="60">
    <mem type="eden" free="2094992" total="2097152" percent="99" />
    <remembered-set count="5440" freebytes="14063360" totalbytes="14085120" percent="99" regionsoverflowed="0" regionsstable="10" regionsrebuilding="0"/>
  </mem-info>
</gc-end>
<cycle-end id="2763" type="partial gc" contextid="2756" timestamp="2019-08-09T08:14:13.875" />
  <attribute name="elasticGC enabled" value="1" />
  <attribute name= "numThreadsSpecified" value="16" />
  <attribute name="heapSize specified" value="0" />
  <attribute name="Current GC Util" value="105" />
  <attribute name= "Current Time Running" value="88950" />
  <attribute name ="GC Interval" value="0" />
  <attribute name="Target GC Util Change" value ="80.000000" />
  <attribute name="Current GC Util Change" value="105.000000"/>
  <attribute name="Current Error" value="-25.000000" />
  <attribute name="Output H" value="352359368"/>
  <attribute name="Output I" value="1992"/>
  <attribute name="Output T" value="16"/>
  <attribute name= "Current Time Running" value="88950" />
  <attribute name="GC Util currently" value="105" />
  <attribute name="CPU Util currently" value="1501205685635" />
<exclusive-end id="2764" timestamp="2019-08-09T08:14:13.875" durationms="14.101" />

<exclusive-start id="2765" timestamp="2019-08-09T08:14:13.946" intervalms="85.357">
  <response-info timems="0.018" idlems="0.018" threads="0" lastid="000000000212BF00" lastname="main" />
</exclusive-start>
<allocation-taxation id="2766" taxation-threshold="94371840" timestamp="2019-08-09T08:14:13.946" intervalms="85.341" />
<cycle-start id="2767" type="partial gc" contextid="0" timestamp="2019-08-09T08:14:13.946" intervalms="85.303" />
<gc-start id="2768" type="partial gc" contextid="2767" timestamp="2019-08-09T08:14:13.947">
  <mem-info id="2769" free="117440512" total="352321536" percent="33">
    <mem type="eden" free="0" total="94371840" percent="0" />
    <remembered-set count="4960" freebytes="14065280" totalbytes="14085120" percent="99" regionsoverflowed="0" regionsstable="10" regionsrebuilding="0"/>
  </mem-info>
</gc-start>
<allocation-stats totalBytes="94272512" >
  <allocated-bytes non-tlh="0" tlh="94272512" arrayletleaf="0"/>
  <largest-consumer threadName="main" threadId="000000000212BF00" bytes="94272512" />
</allocation-stats>
<gc-op id="2770" type="copy forward" timems="12.357" contextid="2767" timestamp="2019-08-09T08:14:13.960">
  <memory-copied type="eden" objects="36" bytes="5208" bytesdiscarded="696" />
  <memory-copied type="other" objects="30" bytes="720" bytesdiscarded="0" />
  <memory-cardclean objects="74" bytes="2312" />
  <regions eden="45" other="2" />
  <remembered-set-cleared processed="189" cleared="8" durationms="0.140" />
  <stringconstants candidates="13755" cleared="0"  />
</gc-op>
<gc-op id="2771" type="classunload" timems="0.009" contextid="2767" timestamp="2019-08-09T08:14:13.960">
  <classunload-info classloadercandidates="53" classloadersunloaded="0" classesunloaded="0" anonymousclassesunloaded="0" quiescems="0.000" setupms="0.008" scanms="0.000" postms="0.000" />
</gc-op>
<heap-resize id="2772" type="expand" space="default" amount="4194304" count="1" timems="0.071" reason="excessive time being spent in gc" timestamp="2019-08-09T08:14:13.960" />
<gc-end id="2773" type="partial gc" contextid="2767" durationms="13.950" usertimems="32.199" systemtimems="0.000" timestamp="2019-08-09T08:14:13.961" activeThreads="16">
  <mem-info id="2774" free="213909504" total="356515840" percent="60">
    <mem type="eden" free="2091248" total="2097152" percent="99" />
    <remembered-set count="4896" freebytes="14233216" totalbytes="14252800" percent="99" regionsoverflowed="0" regionsstable="10" regionsrebuilding="0"/>
  </mem-info>
</gc-end>
<cycle-end id="2775" type="partial gc" contextid="2767" timestamp="2019-08-09T08:14:13.961" />
  <attribute name="elasticGC enabled" value="1" />
  <attribute name= "numThreadsSpecified" value="16" />
  <attribute name="heapSize specified" value="0" />
  <attribute name="Current GC Util" value="171" />
  <attribute name= "Current Time Running" value="89035" />
  <attribute name ="GC Interval" value="0" />
  <attribute name="Target GC Util Change" value ="80.000000" />
  <attribute name="Current GC Util Change" value="171.000000"/>
  <attribute name="Current Error" value="-71.000000" />
  <attribute name="Output H" value="352359336"/>
  <attribute name="Output I" value="1960"/>
  <attribute name="Output T" value="16"/>
  <attribute name= "Current Time Running" value="89035" />
  <attribute name="GC Util currently" value="171" />
  <attribute name="CPU Util currently" value="1634769886930" />
<exclusive-end id="2776" timestamp="2019-08-09T08:14:13.961" durationms="14.690" />

<exclusive-start id="2777" timestamp="2019-08-09T08:14:14.138" intervalms="192.025">
  <response-info timems="0.025" idlems="0.025" threads="0" lastid="000000000212BF00" lastname="main" />
</exclusive-start>
<allocation-taxation id="2778" taxation-threshold="96468992" timestamp="2019-08-09T08:14:14.139" intervalms="192.588" />
<cycle-start id="2779" type="partial gc" contextid="0" timestamp="2019-08-09T08:14:14.139" intervalms="192.767" />
<gc-start id="2780" type="partial gc" contextid="2779" timestamp="2019-08-09T08:14:14.139">
  <mem-info id="2781" free="117440512" total="356515840" percent="32">
    <mem type="eden" free="0" total="96468992" percent="0" />
    <remembered-set count="4416" freebytes="14235136" totalbytes="14252800" percent="99" regionsoverflowed="0" regionsstable="10" regionsrebuilding="0"/>
  </mem-info>
</gc-start>
<allocation-stats totalBytes="96394264" >
  <allocated-bytes non-tlh="0" tlh="96394264" arrayletleaf="0"/>
  <largest-consumer threadName="main" threadId="000000000212BF00" bytes="96394264" />
</allocation-stats>
<gc-op id="2782" type="copy forward" timems="8.295" contextid="2779" timestamp="2019-08-09T08:14:14.149">
  <memory-copied type="eden" objects="31" bytes="1056" bytesdiscarded="576" />
  <memory-copied type="other" objects="24" bytes="576" bytesdiscarded="1176" />
  <memory-cardclean objects="91" bytes="2800" />
  <regions eden="46" other="2" />
  <remembered-set-cleared processed="191" cleared="12" durationms="0.252" />
  <stringconstants candidates="13755" cleared="0"  />
</gc-op>
<gc-op id="2783" type="classunload" timems="0.007" contextid="2779" timestamp="2019-08-09T08:14:14.149">
  <classunload-info classloadercandidates="53" classloadersunloaded="0" classesunloaded="0" anonymousclassesunloaded="0" quiescems="0.000" setupms="0.007" scanms="0.000" postms="0.000" />
</gc-op>
<gc-end id="2784" type="partial gc" contextid="2779" durationms="9.601" usertimems="23.900" systemtimems="0.000" timestamp="2019-08-09T08:14:14.149" activeThreads="16">
  <mem-info id="2785" free="211812352" total="356515840" percent="59">
    <mem type="eden" free="2095520" total="2097152" percent="99" />
    <remembered-set count="5408" freebytes="14231168" totalbytes="14252800" percent="99" regionsoverflowed="0" regionsstable="10" regionsrebuilding="0"/>
  </mem-info>
</gc-end>
<cycle-end id="2786" type="partial gc" contextid="2779" timestamp="2019-08-09T08:14:14.149" />
  <attribute name="elasticGC enabled" value="1" />
  <attribute name= "numThreadsSpecified" value="16" />
  <attribute name="heapSize specified" value="0" />
  <attribute name="Current GC Util" value="195" />
  <attribute name= "Current Time Running" value="89228" />
  <attribute name ="GC Interval" value="0" />
  <attribute name="Target GC Util Change" value ="80.000000" />
  <attribute name="Current GC Util Change" value="195.000000"/>
  <attribute name="Current Error" value="-122.000000" />
  <attribute name="Output H" value="356553616"/>
  <attribute name="Output I" value="1936"/>
  <attribute name="Output T" value="16"/>
  <attribute name= "Current Time Running" value="89228" />
  <attribute name="GC Util currently" value="195" />
  <attribute name="CPU Util currently" value="1666184643401" />
<exclusive-end id="2787" timestamp="2019-08-09T08:14:14.149" durationms="11.046" />

<exclusive-start id="2788" timestamp="2019-08-09T08:14:14.327" intervalms="188.368">
  <response-info timems="0.018" idlems="0.018" threads="0" lastid="000000000212BF00" lastname="main" />
</exclusive-start>
<allocation-taxation id="2789" taxation-threshold="96468992" timestamp="2019-08-09T08:14:14.327" intervalms="187.801" />
<cycle-start id="2790" type="partial gc" contextid="0" timestamp="2019-08-09T08:14:14.327" intervalms="187.636" />
<gc-start id="2791" type="partial gc" contextid="2790" timestamp="2019-08-09T08:14:14.327">
  <mem-info id="2792" free="115343360" total="356515840" percent="32">
    <mem type="eden" free="0" total="96468992" percent="0" />
    <remembered-set count="4960" freebytes="14232960" totalbytes="14252800" percent="99" regionsoverflowed="0" regionsstable="10" regionsrebuilding="0"/>
  </mem-info>
</gc-start>
<allocation-stats totalBytes="96451504" >
  <allocated-bytes non-tlh="0" tlh="96451504" arrayletleaf="0"/>
  <largest-consumer threadName="main" threadId="000000000212BF00" bytes="96451504" />
</allocation-stats>
<gc-op id="2793" type="copy forward" timems="9.108" contextid="2790" timestamp="2019-08-09T08:14:14.337">
  <memory-copied type="eden" objects="4" bytes="200" bytesdiscarded="0" />
  <memory-copied type="other" objects="32" bytes="960" bytesdiscarded="576" />
  <memory-cardclean objects="64" bytes="2184" />
  <regions eden="46" other="2" />
  <remembered-set-cleared processed="195" cleared="9" durationms="0.153" />
  <stringconstants candidates="13755" cleared="0"  />
</gc-op>
<gc-op id="2794" type="classunload" timems="0.008" contextid="2790" timestamp="2019-08-09T08:14:14.337">
  <classunload-info classloadercandidates="53" classloadersunloaded="0" classesunloaded="0" anonymousclassesunloaded="0" quiescems="0.000" setupms="0.008" scanms="0.000" postms="0.000" />
</gc-op>
<gc-end id="2795" type="partial gc" contextid="2790" durationms="10.215" usertimems="24.934" systemtimems="0.000" timestamp="2019-08-09T08:14:14.337" activeThreads="16">
  <mem-info id="2796" free="209715200" total="356515840" percent="58">
    <mem type="eden" free="2096952" total="2097152" percent="99" />
    <remembered-set count="5088" freebytes="14232448" totalbytes="14252800" percent="99" regionsoverflowed="0" regionsstable="10" regionsrebuilding="0"/>
  </mem-info>
</gc-end>
<cycle-end id="2797" type="partial gc" contextid="2790" timestamp="2019-08-09T08:14:14.337" />
  <attribute name="elasticGC enabled" value="1" />
  <attribute name= "numThreadsSpecified" value="16" />
  <attribute name="heapSize specified" value="0" />
  <attribute name="Current GC Util" value="146" />
  <attribute name= "Current Time Running" value="89415" />
  <attribute name ="GC Interval" value="0" />
  <attribute name="Target GC Util Change" value ="80.000000" />
  <attribute name="Current GC Util Change" value="146.000000"/>
  <attribute name="Current Error" value="-66.000000" />
  <attribute name="Output H" value="356553648"/>
  <attribute name="Output I" value="1968"/>
  <attribute name="Output T" value="16"/>
  <attribute name= "Current Time Running" value="89415" />
  <attribute name="GC Util currently" value="146" />
  <attribute name="CPU Util currently" value="2129573839007" />
<exclusive-end id="2798" timestamp="2019-08-09T08:14:14.337" durationms="10.933" />

<exclusive-start id="2799" timestamp="2019-08-09T08:14:14.474" intervalms="147.269">
  <response-info timems="0.019" idlems="0.019" threads="0" lastid="000000000212BF00" lastname="main" />
</exclusive-start>
<allocation-taxation id="2800" taxation-threshold="96468992" timestamp="2019-08-09T08:14:14.474" intervalms="147.310" />
<cycle-start id="2801" type="partial gc" contextid="0" timestamp="2019-08-09T08:14:14.474" intervalms="147.261" />
<gc-start id="2802" type="partial gc" contextid="2801" timestamp="2019-08-09T08:14:14.474">
  <mem-info id="2803" free="113246208" total="356515840" percent="31">
    <mem type="eden" free="2096952" total="98566144" percent="2" />
    <remembered-set count="4640" freebytes="14234240" totalbytes="14252800" percent="99" regionsoverflowed="0" regionsstable="10" regionsrebuilding="0"/>
  </mem-info>
</gc-start>
<allocation-stats totalBytes="96413408" >
  <allocated-bytes non-tlh="0" tlh="96413408" arrayletleaf="0"/>
  <largest-consumer threadName="main" threadId="000000000212BF00" bytes="96413408" />
</allocation-stats>
<gc-op id="2804" type="copy forward" timems="10.825" contextid="2801" timestamp="2019-08-09T08:14:14.486">
  <memory-copied type="eden" objects="25" bytes="1328" bytesdiscarded="672" />
  <memory-copied type="other" objects="12" bytes="288" bytesdiscarded="528" />
  <memory-cardclean objects="56" bytes="1880" />
  <regions eden="46" other="2" />
  <remembered-set-cleared processed="197" cleared="5" durationms="0.156" />
  <stringconstants candidates="13755" cleared="0"  />
</gc-op>
<gc-op id="2805" type="classunload" timems="0.009" contextid="2801" timestamp="2019-08-09T08:14:14.486">
  <classunload-info classloadercandidates="53" classloadersunloaded="0" classesunloaded="0" anonymousclassesunloaded="0" quiescems="0.000" setupms="0.008" scanms="0.000" postms="0.000" />
</gc-op>
<gc-end id="2806" type="partial gc" contextid="2801" durationms="12.089" usertimems="24.478" systemtimems="0.000" timestamp="2019-08-09T08:14:14.486" activeThreads="16">
  <mem-info id="2807" free="209715200" total="356515840" percent="58">
    <mem type="eden" free="2095152" total="2097152" percent="99" />
    <remembered-set count="5760" freebytes="14229760" totalbytes="14252800" percent="99" regionsoverflowed="0" regionsstable="10" regionsrebuilding="0"/>
  </mem-info>
</gc-end>
<cycle-end id="2808" type="partial gc" contextid="2801" timestamp="2019-08-09T08:14:14.486" />
  <attribute name="elasticGC enabled" value="1" />
  <attribute name= "numThreadsSpecified" value="16" />
  <attribute name="heapSize specified" value="0" />
  <attribute name="Current GC Util" value="117" />
  <attribute name= "Current Time Running" value="89562" />
  <attribute name ="GC Interval" value="0" />
  <attribute name="Target GC Util Change" value ="80.000000" />
  <attribute name="Current GC Util Change" value="117.000000"/>
  <attribute name="Current Error" value="-39.000000" />
  <attribute name="Output H" value="356553664"/>
  <attribute name="Output I" value="1984"/>
  <attribute name="Output T" value="16"/>
  <attribute name= "Current Time Running" value="89562" />
  <attribute name="GC Util currently" value="117" />
  <attribute name="CPU Util currently" value="1742884318185" />
<exclusive-end id="2809" timestamp="2019-08-09T08:14:14.487" durationms="12.757" />

<exclusive-start id="2810" timestamp="2019-08-09T08:14:14.521" intervalms="47.307">
  <response-info timems="0.018" idlems="0.018" threads="0" lastid="000000000212BF00" lastname="main" />
</exclusive-start>
<allocation-taxation id="2811" taxation-threshold="96468992" timestamp="2019-08-09T08:14:14.521" intervalms="47.271" />
<cycle-start id="2812" type="partial gc" contextid="0" timestamp="2019-08-09T08:14:14.521" intervalms="47.322" />
<gc-start id="2813" type="partial gc" contextid="2812" timestamp="2019-08-09T08:14:14.522">
  <mem-info id="2814" free="113246208" total="356515840" percent="31">
    <mem type="eden" free="0" total="96468992" percent="0" />
    <remembered-set count="5312" freebytes="14231552" totalbytes="14252800" percent="99" regionsoverflowed="0" regionsstable="10" regionsrebuilding="0"/>
  </mem-info>
</gc-start>
<allocation-stats totalBytes="96335928" >
  <allocated-bytes non-tlh="0" tlh="96335928" arrayletleaf="0"/>
  <largest-consumer threadName="main" threadId="000000000212BF00" bytes="96335928" />
</allocation-stats>
<gc-op id="2815" type="copy forward" timems="8.063" contextid="2812" timestamp="2019-08-09T08:14:14.531">
  <memory-copied type="eden" objects="4" bytes="112" bytesdiscarded="680" />
  <memory-copied type="other" objects="33" bytes="1504" bytesdiscarded="1688" />
  <memory-cardclean objects="48" bytes="1752" />
  <regions eden="46" other="2" />
  <remembered-set-cleared processed="197" cleared="5" durationms="0.125" />
  <stringconstants candidates="13755" cleared="0"  />
</gc-op>
<gc-op id="2816" type="classunload" timems="0.007" contextid="2812" timestamp="2019-08-09T08:14:14.531">
  <classunload-info classloadercandidates="53" classloadersunloaded="0" classesunloaded="0" anonymousclassesunloaded="0" quiescems="0.000" setupms="0.007" scanms="0.000" postms="0.000" />
</gc-op>
<gc-end id="2817" type="partial gc" contextid="2812" durationms="9.467" usertimems="21.383" systemtimems="0.000" timestamp="2019-08-09T08:14:14.531" activeThreads="16">
  <mem-info id="2818" free="207618048" total="356515840" percent="58">
    <mem type="eden" free="2096360" total="2097152" percent="99" />
    <remembered-set count="6784" freebytes="14225664" totalbytes="14252800" percent="99" regionsoverflowed="0" regionsstable="10" regionsrebuilding="0"/>
  </mem-info>
</gc-end>
<cycle-end id="2819" type="partial gc" contextid="2812" timestamp="2019-08-09T08:14:14.531" />
  <attribute name="elasticGC enabled" value="1" />
  <attribute name= "numThreadsSpecified" value="16" />
  <attribute name="heapSize specified" value="0" />
  <attribute name="Current GC Util" value="120" />
  <attribute name= "Current Time Running" value="89610" />
  <attribute name ="GC Interval" value="0" />
  <attribute name="Target GC Util Change" value ="80.000000" />
  <attribute name="Current GC Util Change" value="120.000000"/>
  <attribute name="Current Error" value="-49.000000" />
  <attribute name="Output H" value="356553656"/>
  <attribute name="Output I" value="1976"/>
  <attribute name="Output T" value="16"/>
  <attribute name= "Current Time Running" value="89610" />
  <attribute name="GC Util currently" value="120" />
  <attribute name="CPU Util currently" value="1925585919207" />
<exclusive-end id="2820" timestamp="2019-08-09T08:14:14.531" durationms="10.192" />

* Round 3 done in 3.328 seconds.
<exclusive-start id="2821" timestamp="2019-08-09T08:14:14.594" intervalms="72.741">
  <response-info timems="0.016" idlems="0.016" threads="0" lastid="000000000212BF00" lastname="main" />
</exclusive-start>
<allocation-taxation id="2822" taxation-threshold="96468992" timestamp="2019-08-09T08:14:14.594" intervalms="72.741" />
<cycle-start id="2823" type="partial gc" contextid="0" timestamp="2019-08-09T08:14:14.594" intervalms="72.740" />
<gc-start id="2824" type="partial gc" contextid="2823" timestamp="2019-08-09T08:14:14.594">
  <mem-info id="2825" free="111149056" total="356515840" percent="31">
    <mem type="eden" free="2096360" total="98566144" percent="2" />
    <remembered-set count="6304" freebytes="14227584" totalbytes="14252800" percent="99" regionsoverflowed="0" regionsstable="10" regionsrebuilding="0"/>
  </mem-info>
</gc-start>
<allocation-stats totalBytes="96388456" >
  <allocated-bytes non-tlh="0" tlh="96388456" arrayletleaf="0"/>
  <largest-consumer threadName="main" threadId="000000000212BF00" bytes="96388456" />
</allocation-stats>
<gc-op id="2826" type="copy forward" timems="13.025" contextid="2823" timestamp="2019-08-09T08:14:14.609">
  <memory-copied type="eden" objects="36" bytes="1248" bytesdiscarded="504" />
  <memory-copied type="other" objects="6" bytes="144" bytesdiscarded="648" />
  <memory-cardclean objects="109" bytes="3424" />
  <regions eden="46" other="2" />
  <remembered-set-cleared processed="199" cleared="8" durationms="0.172" />
  <stringconstants candidates="13755" cleared="0"  />
</gc-op>
<gc-op id="2827" type="classunload" timems="0.009" contextid="2823" timestamp="2019-08-09T08:14:14.609">
  <classunload-info classloadercandidates="53" classloadersunloaded="0" classesunloaded="0" anonymousclassesunloaded="0" quiescems="0.000" setupms="0.009" scanms="0.000" postms="0.000" />
</gc-op>
<gc-end id="2828" type="partial gc" contextid="2823" durationms="14.533" usertimems="28.068" systemtimems="0.000" timestamp="2019-08-09T08:14:14.609" activeThreads="16">
  <mem-info id="2829" free="207618048" total="356515840" percent="58">
    <mem type="eden" free="2095400" total="2097152" percent="99" />
    <remembered-set count="6336" freebytes="14227456" totalbytes="14252800" percent="99" regionsoverflowed="0" regionsstable="10" regionsrebuilding="0"/>
  </mem-info>
</gc-end>
<cycle-end id="2830" type="partial gc" contextid="2823" timestamp="2019-08-09T08:14:14.609" />
  <attribute name="elasticGC enabled" value="1" />
  <attribute name= "numThreadsSpecified" value="16" />
  <attribute name="heapSize specified" value="0" />
  <attribute name="Current GC Util" value="100" />
  <attribute name= "Current Time Running" value="89683" />
  <attribute name ="GC Interval" value="0" />
  <attribute name="Target GC Util Change" value ="80.000000" />
  <attribute name="Current GC Util Change" value="100.000000"/>
  <attribute name="Current Error" value="-20.000000" />
  <attribute name="Output H" value="356553672"/>
  <attribute name="Output I" value="1992"/>
  <attribute name="Output T" value="16"/>
  <attribute name= "Current Time Running" value="89683" />
  <attribute name="GC Util currently" value="100" />
  <attribute name="CPU Util currently" value="1363163537513" />
<exclusive-end id="2831" timestamp="2019-08-09T08:14:14.609" durationms="15.186" />

<exclusive-start id="2832" timestamp="2019-08-09T08:14:14.846" intervalms="251.661">
  <response-info timems="0.019" idlems="0.019" threads="0" lastid="000000000212BF00" lastname="main" />
</exclusive-start>
<allocation-taxation id="2833" taxation-threshold="96468992" timestamp="2019-08-09T08:14:14.846" intervalms="251.664" />
<cycle-start id="2834" type="partial gc" contextid="0" timestamp="2019-08-09T08:14:14.846" intervalms="251.676" />
<gc-start id="2835" type="partial gc" contextid="2834" timestamp="2019-08-09T08:14:14.846">
  <mem-info id="2836" free="111149056" total="356515840" percent="31">
    <mem type="eden" free="0" total="96468992" percent="0" />
    <remembered-set count="5856" freebytes="14229376" totalbytes="14252800" percent="99" regionsoverflowed="0" regionsstable="10" regionsrebuilding="0"/>
  </mem-info>
</gc-start>
<allocation-stats totalBytes="96186848" >
  <allocated-bytes non-tlh="0" tlh="96186848" arrayletleaf="0"/>
  <largest-consumer threadName="main" threadId="000000000212BF00" bytes="96186848" />
</allocation-stats>
<gc-op id="2837" type="copy forward" timems="8.138" contextid="2834" timestamp="2019-08-09T08:14:14.856">
  <memory-copied type="eden" objects="69" bytes="2928" bytesdiscarded="696" />
  <memory-copied type="other" objects="25" bytes="800" bytesdiscarded="1272" />
  <memory-cardclean objects="131" bytes="3832" />
  <regions eden="46" other="2" />
  <remembered-set-cleared processed="199" cleared="15" durationms="0.418" />
  <stringconstants candidates="13755" cleared="0"  />
</gc-op>
<gc-op id="2838" type="classunload" timems="0.008" contextid="2834" timestamp="2019-08-09T08:14:14.856">
  <classunload-info classloadercandidates="53" classloadersunloaded="0" classesunloaded="0" anonymousclassesunloaded="0" quiescems="0.000" setupms="0.008" scanms="0.000" postms="0.000" />
</gc-op>
<gc-end id="2839" type="partial gc" contextid="2834" durationms="9.732" usertimems="22.310" systemtimems="0.000" timestamp="2019-08-09T08:14:14.856" activeThreads="16">
  <mem-info id="2840" free="205520896" total="356515840" percent="57">
    <mem type="eden" free="2093528" total="2097152" percent="99" />
    <remembered-set count="6752" freebytes="14225792" totalbytes="14252800" percent="99" regionsoverflowed="0" regionsstable="10" regionsrebuilding="0"/>
  </mem-info>
</gc-end>
<cycle-end id="2841" type="partial gc" contextid="2834" timestamp="2019-08-09T08:14:14.856" />
  <attribute name="elasticGC enabled" value="1" />
  <attribute name= "numThreadsSpecified" value="16" />
  <attribute name="heapSize specified" value="0" />
  <attribute name="Current GC Util" value="98" />
  <attribute name= "Current Time Running" value="89935" />
  <attribute name ="GC Interval" value="0" />
  <attribute name="Target GC Util Change" value ="80.000000" />
  <attribute name="Current GC Util Change" value="98.000000"/>
  <attribute name="Current Error" value="32.000000" />
  <attribute name="Output H" value="356553704"/>
  <attribute name="Output I" value="2024"/>
  <attribute name="Output T" value="16"/>
  <attribute name= "Current Time Running" value="89935" />
  <attribute name="GC Util currently" value="98" />
  <attribute name="CPU Util currently" value="1353914066731" />
<exclusive-end id="2842" timestamp="2019-08-09T08:14:14.856" durationms="10.641" />

<exclusive-start id="2843" timestamp="2019-08-09T08:14:14.887" intervalms="41.485">
  <response-info timems="0.020" idlems="0.020" threads="0" lastid="000000000212BF00" lastname="main" />
</exclusive-start>
<allocation-taxation id="2844" taxation-threshold="96468992" timestamp="2019-08-09T08:14:14.887" intervalms="41.488" />
<cycle-start id="2845" type="partial gc" contextid="0" timestamp="2019-08-09T08:14:14.887" intervalms="41.469" />
<gc-start id="2846" type="partial gc" contextid="2845" timestamp="2019-08-09T08:14:14.887">
  <mem-info id="2847" free="109051904" total="356515840" percent="30">
    <mem type="eden" free="0" total="96468992" percent="0" />
    <remembered-set count="6464" freebytes="14226944" totalbytes="14252800" percent="99" regionsoverflowed="0" regionsstable="10" regionsrebuilding="0"/>
  </mem-info>
</gc-start>
<allocation-stats totalBytes="96149456" >
  <allocated-bytes non-tlh="0" tlh="96149456" arrayletleaf="0"/>
  <largest-consumer threadName="main" threadId="000000000212BF00" bytes="96149456" />
</allocation-stats>
<gc-op id="2848" type="copy forward" timems="8.732" contextid="2845" timestamp="2019-08-09T08:14:14.897">
  <memory-copied type="eden" objects="2" bytes="56" bytesdiscarded="736" />
  <memory-copied type="other" objects="86" bytes="3528" bytesdiscarded="1696" />
  <memory-cardclean objects="105" bytes="3376" />
  <regions eden="46" other="2" />
  <remembered-set-cleared processed="198" cleared="11" durationms="0.233" />
  <stringconstants candidates="13755" cleared="0"  />
</gc-op>
<gc-op id="2849" type="classunload" timems="0.008" contextid="2845" timestamp="2019-08-09T08:14:14.897">
  <classunload-info classloadercandidates="53" classloadersunloaded="0" classesunloaded="0" anonymousclassesunloaded="0" quiescems="0.000" setupms="0.008" scanms="0.000" postms="0.000" />
</gc-op>
<gc-end id="2850" type="partial gc" contextid="2845" durationms="10.021" usertimems="21.413" systemtimems="0.000" timestamp="2019-08-09T08:14:14.897" activeThreads="16">
  <mem-info id="2851" free="203423744" total="356515840" percent="57">
    <mem type="eden" free="2096360" total="2097152" percent="99" />
    <remembered-set count="6304" freebytes="14227584" totalbytes="14252800" percent="99" regionsoverflowed="0" regionsstable="10" regionsrebuilding="0"/>
  </mem-info>
</gc-end>
<cycle-end id="2852" type="partial gc" contextid="2845" timestamp="2019-08-09T08:14:14.898" />
  <attribute name="elasticGC enabled" value="1" />
  <attribute name= "numThreadsSpecified" value="16" />
  <attribute name="heapSize specified" value="0" />
  <attribute name="Current GC Util" value="144" />
  <attribute name= "Current Time Running" value="89976" />
  <attribute name ="GC Interval" value="0" />
  <attribute name="Target GC Util Change" value ="80.000000" />
  <attribute name="Current GC Util Change" value="144.000000"/>
  <attribute name="Current Error" value="-5.000000" />
  <attribute name="Output H" value="356553680"/>
  <attribute name="Output I" value="2000"/>
  <attribute name="Output T" value="16"/>
  <attribute name= "Current Time Running" value="89976" />
  <attribute name="GC Util currently" value="144" />
  <attribute name="CPU Util currently" value="1522488893051" />
<exclusive-end id="2853" timestamp="2019-08-09T08:14:14.898" durationms="10.601" />

<exclusive-start id="2854" timestamp="2019-08-09T08:14:14.928" intervalms="41.185">
  <response-info timems="0.019" idlems="0.019" threads="0" lastid="000000000212BF00" lastname="main" />
</exclusive-start>
<allocation-taxation id="2855" taxation-threshold="96468992" timestamp="2019-08-09T08:14:14.928" intervalms="41.180" />
<cycle-start id="2856" type="partial gc" contextid="0" timestamp="2019-08-09T08:14:14.928" intervalms="41.223" />
<gc-start id="2857" type="partial gc" contextid="2856" timestamp="2019-08-09T08:14:14.929">
  <mem-info id="2858" free="106954752" total="356515840" percent="30">
    <mem type="eden" free="2096360" total="98566144" percent="2" />
    <remembered-set count="5824" freebytes="14229504" totalbytes="14252800" percent="99" regionsoverflowed="0" regionsstable="10" regionsrebuilding="0"/>
  </mem-info>
</gc-start>
<allocation-stats totalBytes="96149456" >
  <allocated-bytes non-tlh="0" tlh="96149456" arrayletleaf="0"/>
  <largest-consumer threadName="main" threadId="000000000212BF00" bytes="96149456" />
</allocation-stats>
<gc-op id="2859" type="copy forward" timems="8.596" contextid="2856" timestamp="2019-08-09T08:14:14.938">
  <memory-copied type="eden" objects="2" bytes="56" bytesdiscarded="736" />
  <memory-copied type="other" objects="67" bytes="2872" bytesdiscarded="1048" />
  <memory-cardclean objects="58" bytes="2080" />
  <regions eden="46" other="2" />
  <remembered-set-cleared processed="205" cleared="10" durationms="0.145" />
  <stringconstants candidates="13755" cleared="0"  />
</gc-op>
<gc-op id="2860" type="classunload" timems="0.007" contextid="2856" timestamp="2019-08-09T08:14:14.938">
  <classunload-info classloadercandidates="53" classloadersunloaded="0" classesunloaded="0" anonymousclassesunloaded="0" quiescems="0.000" setupms="0.007" scanms="0.000" postms="0.000" />
</gc-op>
<gc-end id="2861" type="partial gc" contextid="2856" durationms="9.927" usertimems="25.004" systemtimems="0.000" timestamp="2019-08-09T08:14:14.938" activeThreads="16">
  <mem-info id="2862" free="203423744" total="356515840" percent="57">
    <mem type="eden" free="2096360" total="2097152" percent="99" />
    <remembered-set count="5952" freebytes="14228992" totalbytes="14252800" percent="99" regionsoverflowed="0" regionsstable="10" regionsrebuilding="0"/>
  </mem-info>
</gc-end>
<cycle-end id="2863" type="partial gc" contextid="2856" timestamp="2019-08-09T08:14:14.939" />
  <attribute name="elasticGC enabled" value="1" />
  <attribute name= "numThreadsSpecified" value="16" />
  <attribute name="heapSize specified" value="0" />
  <attribute name="Current GC Util" value="139" />
  <attribute name= "Current Time Running" value="90017" />
  <attribute name ="GC Interval" value="0" />
  <attribute name="Target GC Util Change" value ="80.000000" />
  <attribute name="Current GC Util Change" value="139.000000"/>
  <attribute name="Current Error" value="-59.000000" />
  <attribute name="Output H" value="356553648"/>
  <attribute name="Output I" value="1968"/>
  <attribute name="Output T" value="16"/>
  <attribute name= "Current Time Running" value="90017" />
  <attribute name="GC Util currently" value="139" />
  <attribute name="CPU Util currently" value="1561841149401" />
<exclusive-end id="2864" timestamp="2019-08-09T08:14:14.939" durationms="10.532" />

<exclusive-start id="2865" timestamp="2019-08-09T08:14:14.970" intervalms="41.670">
  <response-info timems="0.017" idlems="0.017" threads="0" lastid="000000000212BF00" lastname="main" />
</exclusive-start>
<allocation-taxation id="2866" taxation-threshold="96468992" timestamp="2019-08-09T08:14:14.970" intervalms="41.732" />
<cycle-start id="2867" type="partial gc" contextid="0" timestamp="2019-08-09T08:14:14.970" intervalms="41.864" />
<gc-start id="2868" type="partial gc" contextid="2867" timestamp="2019-08-09T08:14:14.970">
  <mem-info id="2869" free="106954752" total="356515840" percent="30">
    <mem type="eden" free="2096360" total="98566144" percent="2" />
    <remembered-set count="5504" freebytes="14230784" totalbytes="14252800" percent="99" regionsoverflowed="0" regionsstable="10" regionsrebuilding="0"/>
  </mem-info>
</gc-start>
<allocation-stats totalBytes="96149480" >
  <allocated-bytes non-tlh="0" tlh="96149480" arrayletleaf="0"/>
  <largest-consumer threadName="main" threadId="000000000212BF00" bytes="96149480" />
</allocation-stats>
<gc-op id="2870" type="copy forward" timems="7.362" contextid="2867" timestamp="2019-08-09T08:14:14.979">
  <memory-copied type="eden" objects="2" bytes="56" bytesdiscarded="736" />
  <memory-copied type="other" objects="67" bytes="2872" bytesdiscarded="1048" />
  <memory-cardclean objects="58" bytes="2080" />
  <regions eden="46" other="2" />
  <remembered-set-cleared processed="205" cleared="10" durationms="0.337" />
  <stringconstants candidates="13755" cleared="0"  />
</gc-op>
<gc-op id="2871" type="classunload" timems="0.009" contextid="2867" timestamp="2019-08-09T08:14:14.979">
  <classunload-info classloadercandidates="53" classloadersunloaded="0" classesunloaded="0" anonymousclassesunloaded="0" quiescems="0.000" setupms="0.009" scanms="0.000" postms="0.000" />
</gc-op>
<heap-resize id="2872" type="expand" space="default" amount="27262976" count="1" timems="0.202" reason="excessive time being spent in gc" timestamp="2019-08-09T08:14:14.979" />
<gc-end id="2873" type="partial gc" contextid="2867" durationms="8.633" usertimems="20.576" systemtimems="0.000" timestamp="2019-08-09T08:14:14.979" activeThreads="16">
  <mem-info id="2874" free="230686720" total="383778816" percent="60">
    <mem type="eden" free="2096360" total="2097152" percent="99" />
    <remembered-set count="5952" freebytes="15318912" totalbytes="15342720" percent="99" regionsoverflowed="0" regionsstable="10" regionsrebuilding="0"/>
  </mem-info>
</gc-end>
<cycle-end id="2875" type="partial gc" contextid="2867" timestamp="2019-08-09T08:14:14.979" />
  <attribute name="elasticGC enabled" value="1" />
  <attribute name= "numThreadsSpecified" value="16" />
  <attribute name="heapSize specified" value="0" />
  <attribute name="Current GC Util" value="146" />
  <attribute name= "Current Time Running" value="90058" />
  <attribute name ="GC Interval" value="0" />
  <attribute name="Target GC Util Change" value ="80.000000" />
  <attribute name="Current GC Util Change" value="146.000000"/>
  <attribute name="Current Error" value="-103.000000" />
  <attribute name="Output H" value="356553624"/>
  <attribute name="Output I" value="1944"/>
  <attribute name="Output T" value="16"/>
  <attribute name= "Current Time Running" value="90058" />
  <attribute name="GC Util currently" value="146" />
  <attribute name="CPU Util currently" value="2354303914479" />
<exclusive-end id="2876" timestamp="2019-08-09T08:14:14.979" durationms="9.466" />

<exclusive-start id="2877" timestamp="2019-08-09T08:14:15.012" intervalms="41.694">
  <response-info timems="0.013" idlems="0.013" threads="0" lastid="000000000212BF00" lastname="main" />
</exclusive-start>
<allocation-taxation id="2878" taxation-threshold="102760448" timestamp="2019-08-09T08:14:15.012" intervalms="41.634" />
<cycle-start id="2879" type="partial gc" contextid="0" timestamp="2019-08-09T08:14:15.012" intervalms="41.451" />
<gc-start id="2880" type="partial gc" contextid="2879" timestamp="2019-08-09T08:14:15.012">
  <mem-info id="2881" free="127926272" total="383778816" percent="33">
    <mem type="eden" free="2096360" total="104857600" percent="1" />
    <remembered-set count="5600" freebytes="15320320" totalbytes="15342720" percent="99" regionsoverflowed="0" regionsstable="10" regionsrebuilding="0"/>
  </mem-info>
</gc-start>
<allocation-stats totalBytes="102420320" >
  <allocated-bytes non-tlh="0" tlh="102420320" arrayletleaf="0"/>
  <largest-consumer threadName="main" threadId="000000000212BF00" bytes="102420320" />
</allocation-stats>
<gc-op id="2882" type="copy forward" timems="6.880" contextid="2879" timestamp="2019-08-09T08:14:15.020">
  <memory-copied type="eden" objects="2" bytes="56" bytesdiscarded="736" />
  <memory-copied type="other" objects="67" bytes="2872" bytesdiscarded="1048" />
  <memory-cardclean objects="58" bytes="2080" />
  <regions eden="49" other="2" />
  <remembered-set-cleared processed="205" cleared="10" durationms="0.207" />
  <stringconstants candidates="13755" cleared="0"  />
</gc-op>
<gc-op id="2883" type="classunload" timems="0.006" contextid="2879" timestamp="2019-08-09T08:14:15.020">
  <classunload-info classloadercandidates="53" classloadersunloaded="0" classesunloaded="0" anonymousclassesunloaded="0" quiescems="0.000" setupms="0.006" scanms="0.000" postms="0.000" />
</gc-op>
<gc-end id="2884" type="partial gc" contextid="2879" durationms="7.941" usertimems="19.927" systemtimems="0.000" timestamp="2019-08-09T08:14:15.020" activeThreads="16">
  <mem-info id="2885" free="230686720" total="383778816" percent="60">
    <mem type="eden" free="2096360" total="2097152" percent="99" />
    <remembered-set count="6464" freebytes="15316864" totalbytes="15342720" percent="99" regionsoverflowed="0" regionsstable="10" regionsrebuilding="0"/>
  </mem-info>
</gc-end>
<cycle-end id="2886" type="partial gc" contextid="2879" timestamp="2019-08-09T08:14:15.020" />
  <attribute name="elasticGC enabled" value="1" />
  <attribute name= "numThreadsSpecified" value="16" />
  <attribute name="heapSize specified" value="0" />
  <attribute name="Current GC Util" value="136" />
  <attribute name= "Current Time Running" value="90100" />
  <attribute name ="GC Interval" value="0" />
  <attribute name="Target GC Util Change" value ="80.000000" />
  <attribute name="Current GC Util Change" value="136.000000"/>
  <attribute name="Current Error" value="-128.000000" />
  <attribute name="Output H" value="383816584"/>
  <attribute name="Output I" value="1928"/>
  <attribute name="Output T" value="16"/>
  <attribute name= "Current Time Running" value="90100" />
  <attribute name="GC Util currently" value="136" />
  <attribute name="CPU Util currently" value="1948098086105" />
<exclusive-end id="2887" timestamp="2019-08-09T08:14:15.020" durationms="8.664" />

<exclusive-start id="2888" timestamp="2019-08-09T08:14:15.064" intervalms="52.646">
  <response-info timems="0.015" idlems="0.015" threads="0" lastid="000000000212BF00" lastname="main" />
</exclusive-start>
<allocation-taxation id="2889" taxation-threshold="102760448" timestamp="2019-08-09T08:14:15.064" intervalms="52.641" />
<cycle-start id="2890" type="partial gc" contextid="0" timestamp="2019-08-09T08:14:15.064" intervalms="52.646" />
<gc-start id="2891" type="partial gc" contextid="2890" timestamp="2019-08-09T08:14:15.065">
  <mem-info id="2892" free="127926272" total="383778816" percent="33">
    <mem type="eden" free="2096360" total="104857600" percent="1" />
    <remembered-set count="6112" freebytes="15318272" totalbytes="15342720" percent="99" regionsoverflowed="0" regionsstable="10" regionsrebuilding="0"/>
  </mem-info>
</gc-start>
<allocation-stats totalBytes="102420320" >
  <allocated-bytes non-tlh="0" tlh="102420320" arrayletleaf="0"/>
  <largest-consumer threadName="main" threadId="000000000212BF00" bytes="102420320" />
</allocation-stats>
<gc-op id="2893" type="copy forward" timems="6.511" contextid="2890" timestamp="2019-08-09T08:14:15.072">
  <memory-copied type="eden" objects="2" bytes="56" bytesdiscarded="736" />
  <memory-copied type="other" objects="67" bytes="2872" bytesdiscarded="488" />
  <memory-cardclean objects="58" bytes="2080" />
  <regions eden="49" other="2" />
  <remembered-set-cleared processed="205" cleared="10" durationms="0.134" />
  <stringconstants candidates="13755" cleared="0"  />
</gc-op>
<gc-op id="2894" type="classunload" timems="0.006" contextid="2890" timestamp="2019-08-09T08:14:15.072">
  <classunload-info classloadercandidates="53" classloadersunloaded="0" classesunloaded="0" anonymousclassesunloaded="0" quiescems="0.000" setupms="0.005" scanms="0.000" postms="0.000" />
</gc-op>
<gc-end id="2895" type="partial gc" contextid="2890" durationms="7.977" usertimems="17.645" systemtimems="0.000" timestamp="2019-08-09T08:14:15.073" activeThreads="16">
  <mem-info id="2896" free="230686720" total="383778816" percent="60">
    <mem type="eden" free="2096360" total="2097152" percent="99" />
    <remembered-set count="5952" freebytes="15318912" totalbytes="15342720" percent="99" regionsoverflowed="0" regionsstable="10" regionsrebuilding="0"/>
  </mem-info>
</gc-end>
<cycle-end id="2897" type="partial gc" contextid="2890" timestamp="2019-08-09T08:14:15.073" />
  <attribute name="elasticGC enabled" value="1" />
  <attribute name= "numThreadsSpecified" value="16" />
  <attribute name="heapSize specified" value="0" />
  <attribute name="Current GC Util" value="193" />
  <attribute name= "Current Time Running" value="90153" />
  <attribute name ="GC Interval" value="0" />
  <attribute name="Target GC Util Change" value ="80.000000" />
  <attribute name="Current GC Util Change" value="193.000000"/>
  <attribute name="Current Error" value="-113.000000" />
  <attribute name="Output H" value="383816592"/>
  <attribute name="Output I" value="1936"/>
  <attribute name="Output T" value="16"/>
  <attribute name= "Current Time Running" value="90153" />
  <attribute name="GC Util currently" value="193" />
  <attribute name="CPU Util currently" value="1162540319691" />
<exclusive-end id="2898" timestamp="2019-08-09T08:14:15.073" durationms="8.523" />

<exclusive-start id="2899" timestamp="2019-08-09T08:14:15.112" intervalms="47.894">
  <response-info timems="0.022" idlems="0.022" threads="0" lastid="000000000212BF00" lastname="main" />
</exclusive-start>
<allocation-taxation id="2900" taxation-threshold="102760448" timestamp="2019-08-09T08:14:15.112" intervalms="47.894" />
<cycle-start id="2901" type="partial gc" contextid="0" timestamp="2019-08-09T08:14:15.112" intervalms="47.854" />
<gc-start id="2902" type="partial gc" contextid="2901" timestamp="2019-08-09T08:14:15.112">
  <mem-info id="2903" free="127926272" total="383778816" percent="33">
    <mem type="eden" free="2096360" total="104857600" percent="1" />
    <remembered-set count="5600" freebytes="15320320" totalbytes="15342720" percent="99" regionsoverflowed="0" regionsstable="10" regionsrebuilding="0"/>
  </mem-info>
</gc-start>
<allocation-stats totalBytes="102229720" >
  <allocated-bytes non-tlh="0" tlh="102229720" arrayletleaf="0"/>
  <largest-consumer threadName="main" threadId="000000000212BF00" bytes="102229720" />
</allocation-stats>
<gc-op id="2904" type="copy forward" timems="6.074" contextid="2901" timestamp="2019-08-09T08:14:15.120">
  <memory-copied type="eden" objects="27" bytes="1944" bytesdiscarded="1032" />
  <memory-copied type="other" objects="48" bytes="1152" bytesdiscarded="384" />
  <memory-cardclean objects="72" bytes="2304" />
  <regions eden="49" other="2" />
  <remembered-set-cleared processed="203" cleared="8" durationms="0.134" />
  <stringconstants candidates="13755" cleared="0"  />
</gc-op>
<gc-op id="2905" type="classunload" timems="0.006" contextid="2901" timestamp="2019-08-09T08:14:15.120">
  <classunload-info classloadercandidates="53" classloadersunloaded="0" classesunloaded="0" anonymousclassesunloaded="0" quiescems="0.000" setupms="0.005" scanms="0.000" postms="0.000" />
</gc-op>
<gc-end id="2906" type="partial gc" contextid="2901" durationms="7.501" usertimems="17.858" systemtimems="0.000" timestamp="2019-08-09T08:14:15.120" activeThreads="16">
  <mem-info id="2907" free="230686720" total="383778816" percent="60">
    <mem type="eden" free="2094176" total="2097152" percent="99" />
    <remembered-set count="5952" freebytes="15318912" totalbytes="15342720" percent="99" regionsoverflowed="0" regionsstable="10" regionsrebuilding="0"/>
  </mem-info>
</gc-end>
<cycle-end id="2908" type="partial gc" contextid="2901" timestamp="2019-08-09T08:14:15.120" />
  <attribute name="elasticGC enabled" value="1" />
  <attribute name= "numThreadsSpecified" value="16" />
  <attribute name="heapSize specified" value="0" />
  <attribute name="Current GC Util" value="244" />
  <attribute name= "Current Time Running" value="90201" />
  <attribute name ="GC Interval" value="0" />
  <attribute name="Target GC Util Change" value ="80.000000" />
  <attribute name="Current GC Util Change" value="244.000000"/>
  <attribute name="Current Error" value="-231.000000" />
  <attribute name="Output H" value="383816528"/>
  <attribute name="Output I" value="1872"/>
  <attribute name="Output T" value="16"/>
  <attribute name= "Current Time Running" value="90201" />
  <attribute name="GC Util currently" value="244" />
  <attribute name="CPU Util currently" value="1239876478136" />
<exclusive-end id="2909" timestamp="2019-08-09T08:14:15.120" durationms="8.001" />

<exclusive-start id="2910" timestamp="2019-08-09T08:14:15.153" intervalms="41.367">
  <response-info timems="0.015" idlems="0.015" threads="0" lastid="000000000212BF00" lastname="main" />
</exclusive-start>
<allocation-taxation id="2911" taxation-threshold="102760448" timestamp="2019-08-09T08:14:15.154" intervalms="41.369" />
<cycle-start id="2912" type="partial gc" contextid="0" timestamp="2019-08-09T08:14:15.154" intervalms="41.412" />
<gc-start id="2913" type="partial gc" contextid="2912" timestamp="2019-08-09T08:14:15.154">
  <mem-info id="2914" free="127926272" total="383778816" percent="33">
    <mem type="eden" free="0" total="102760448" percent="0" />
    <remembered-set count="5472" freebytes="15320832" totalbytes="15342720" percent="99" regionsoverflowed="0" regionsstable="10" regionsrebuilding="0"/>
  </mem-info>
</gc-start>
<allocation-stats totalBytes="102117568" >
  <allocated-bytes non-tlh="0" tlh="102117568" arrayletleaf="0"/>
  <largest-consumer threadName="main" threadId="000000000212BF00" bytes="102117568" />
</allocation-stats>
<gc-op id="2915" type="copy forward" timems="9.392" contextid="2912" timestamp="2019-08-09T08:14:15.165">
  <memory-copied type="eden" objects="2" bytes="64" bytesdiscarded="0" />
  <memory-copied type="other" objects="73" bytes="3032" bytesdiscarded="1200" />
  <memory-cardclean objects="58" bytes="2080" />
  <regions eden="49" other="2" />
  <remembered-set-cleared processed="203" cleared="8" durationms="0.307" />
  <stringconstants candidates="13755" cleared="0"  />
</gc-op>
<gc-op id="2916" type="classunload" timems="0.008" contextid="2912" timestamp="2019-08-09T08:14:15.165">
  <classunload-info classloadercandidates="53" classloadersunloaded="0" classesunloaded="0" anonymousclassesunloaded="0" quiescems="0.000" setupms="0.008" scanms="0.000" postms="0.000" />
</gc-op>
<heap-resize id="2917" type="expand" space="default" amount="4194304" count="1" timems="0.070" reason="excessive time being spent in gc" timestamp="2019-08-09T08:14:15.165" />
<gc-end id="2918" type="partial gc" contextid="2912" durationms="11.087" usertimems="23.419" systemtimems="0.000" timestamp="2019-08-09T08:14:15.165" activeThreads="16">
  <mem-info id="2919" free="232783872" total="387973120" percent="60">
    <mem type="eden" free="2097088" total="2097152" percent="99" />
    <remembered-set count="6464" freebytes="15484544" totalbytes="15510400" percent="99" regionsoverflowed="0" regionsstable="10" regionsrebuilding="0"/>
  </mem-info>
</gc-end>
<cycle-end id="2920" type="partial gc" contextid="2912" timestamp="2019-08-09T08:14:15.165" />
  <attribute name="elasticGC enabled" value="1" />
  <attribute name= "numThreadsSpecified" value="16" />
  <attribute name="heapSize specified" value="0" />
  <attribute name="Current GC Util" value="228" />
  <attribute name= "Current Time Running" value="90242" />
  <attribute name ="GC Interval" value="0" />
  <attribute name="Target GC Util Change" value ="80.000000" />
  <attribute name="Current GC Util Change" value="228.000000"/>
  <attribute name="Current Error" value="-337.000000" />
  <attribute name="Output H" value="383816464"/>
  <attribute name="Output I" value="1808"/>
  <attribute name="Output T" value="16"/>
  <attribute name= "Current Time Running" value="90242" />
  <attribute name="GC Util currently" value="228" />
  <attribute name="CPU Util currently" value="1246323431461" />
<exclusive-end id="2921" timestamp="2019-08-09T08:14:15.165" durationms="11.860" />

<exclusive-start id="2922" timestamp="2019-08-09T08:14:15.198" intervalms="44.384">
  <response-info timems="0.016" idlems="0.016" threads="0" lastid="000000000212BF00" lastname="main" />
</exclusive-start>
<allocation-taxation id="2923" taxation-threshold="102760448" timestamp="2019-08-09T08:14:15.198" intervalms="44.392" />
<cycle-start id="2924" type="partial gc" contextid="0" timestamp="2019-08-09T08:14:15.198" intervalms="44.344" />
<gc-start id="2925" type="partial gc" contextid="2924" timestamp="2019-08-09T08:14:15.198">
  <mem-info id="2926" free="130023424" total="387973120" percent="33">
    <mem type="eden" free="2097088" total="104857600" percent="1" />
    <remembered-set count="6464" freebytes="15484544" totalbytes="15510400" percent="99" regionsoverflowed="0" regionsstable="10" regionsrebuilding="0"/>
  </mem-info>
</gc-start>
<allocation-stats totalBytes="102116304" >
  <allocated-bytes non-tlh="0" tlh="102116304" arrayletleaf="0"/>
  <largest-consumer threadName="main" threadId="000000000212BF00" bytes="102116304" />
</allocation-stats>
<gc-op id="2927" type="copy forward" timems="2.193" contextid="2924" timestamp="2019-08-09T08:14:15.202">
  <memory-copied type="eden" objects="2" bytes="64" bytesdiscarded="0" />
  <memory-copied type="other" objects="25" bytes="1880" bytesdiscarded="0" />
  <memory-cardclean objects="44" bytes="1696" />
  <regions eden="49" other="2" />
  <remembered-set-cleared processed="206" cleared="7" durationms="0.604" />
  <stringconstants candidates="13755" cleared="0"  />
</gc-op>
<gc-op id="2928" type="classunload" timems="0.005" contextid="2924" timestamp="2019-08-09T08:14:15.202">
  <classunload-info classloadercandidates="53" classloadersunloaded="0" classesunloaded="0" anonymousclassesunloaded="0" quiescems="0.000" setupms="0.005" scanms="0.000" postms="0.000" />
</gc-op>
<gc-end id="2929" type="partial gc" contextid="2924" durationms="3.560" usertimems="4.228" systemtimems="0.000" timestamp="2019-08-09T08:14:15.202" activeThreads="1">
  <mem-info id="2930" free="232783872" total="387973120" percent="60">
    <mem type="eden" free="2097088" total="2097152" percent="99" />
    <remembered-set count="6656" freebytes="15483776" totalbytes="15510400" percent="99" regionsoverflowed="0" regionsstable="10" regionsrebuilding="0"/>
  </mem-info>
</gc-end>
<cycle-end id="2931" type="partial gc" contextid="2924" timestamp="2019-08-09T08:14:15.202" />
  <attribute name="elasticGC enabled" value="1" />
  <attribute name= "numThreadsSpecified" value="1" />
  <attribute name="heapSize specified" value="0" />
  <attribute name="Current GC Util" value="96" />
  <attribute name= "Current Time Running" value="90287" />
  <attribute name ="GC Interval" value="0" />
  <attribute name="Target GC Util Change" value ="80.000000" />
  <attribute name="Current GC Util Change" value="96.000000"/>
  <attribute name="Current Error" value="-16.000000" />
  <attribute name="Output H" value="388010952"/>
  <attribute name="Output I" value="1992"/>
  <attribute name="Output T" value="1"/>
  <attribute name= "Current Time Running" value="90287" />
  <attribute name="GC Util currently" value="96" />
  <attribute name="CPU Util currently" value="1536702037730" />
<exclusive-end id="2932" timestamp="2019-08-09T08:14:15.202" durationms="4.391" />

<exclusive-start id="2933" timestamp="2019-08-09T08:14:15.240" intervalms="42.537">
  <response-info timems="0.020" idlems="0.020" threads="0" lastid="000000000212BF00" lastname="main" />
</exclusive-start>
<allocation-taxation id="2934" taxation-threshold="102760448" timestamp="2019-08-09T08:14:15.240" intervalms="42.539" />
<cycle-start id="2935" type="partial gc" contextid="0" timestamp="2019-08-09T08:14:15.241" intervalms="42.561" />
<gc-start id="2936" type="partial gc" contextid="2935" timestamp="2019-08-09T08:14:15.241">
  <mem-info id="2937" free="130023424" total="387973120" percent="33">
    <mem type="eden" free="2097088" total="104857600" percent="1" />
    <remembered-set count="6336" freebytes="15485056" totalbytes="15510400" percent="99" regionsoverflowed="0" regionsstable="10" regionsrebuilding="0"/>
  </mem-info>
</gc-start>
<allocation-stats totalBytes="102117544" >
  <allocated-bytes non-tlh="0" tlh="102117544" arrayletleaf="0"/>
  <largest-consumer threadName="main" threadId="000000000212BF00" bytes="102117544" />
</allocation-stats>
<gc-op id="2938" type="copy forward" timems="9.099" contextid="2935" timestamp="2019-08-09T08:14:15.251">
  <memory-copied type="eden" objects="2" bytes="64" bytesdiscarded="0" />
  <memory-copied type="other" objects="25" bytes="1880" bytesdiscarded="816" />
  <memory-cardclean objects="44" bytes="1696" />
  <regions eden="49" other="2" />
  <remembered-set-cleared processed="206" cleared="7" durationms="0.140" />
  <stringconstants candidates="13755" cleared="0"  />
</gc-op>
<gc-op id="2939" type="classunload" timems="0.008" contextid="2935" timestamp="2019-08-09T08:14:15.251">
  <classunload-info classloadercandidates="53" classloadersunloaded="0" classesunloaded="0" anonymousclassesunloaded="0" quiescems="0.000" setupms="0.008" scanms="0.000" postms="0.000" />
</gc-op>
<gc-end id="2940" type="partial gc" contextid="2935" durationms="10.090" usertimems="22.891" systemtimems="0.000" timestamp="2019-08-09T08:14:15.251" activeThreads="16">
  <mem-info id="2941" free="232783872" total="387973120" percent="60">
    <mem type="eden" free="2097088" total="2097152" percent="99" />
    <remembered-set count="6592" freebytes="15484032" totalbytes="15510400" percent="99" regionsoverflowed="0" regionsstable="10" regionsrebuilding="0"/>
  </mem-info>
</gc-end>
<cycle-end id="2942" type="partial gc" contextid="2935" timestamp="2019-08-09T08:14:15.251" />
  <attribute name="elasticGC enabled" value="1" />
  <attribute name= "numThreadsSpecified" value="16" />
  <attribute name="heapSize specified" value="0" />
  <attribute name="Current GC Util" value="239" />
  <attribute name= "Current Time Running" value="90329" />
  <attribute name ="GC Interval" value="0" />
  <attribute name="Target GC Util Change" value ="80.000000" />
  <attribute name="Current GC Util Change" value="239.000000"/>
  <attribute name="Current Error" value="-103.000000" />
  <attribute name="Output H" value="388010904"/>
  <attribute name="Output I" value="1944"/>
  <attribute name="Output T" value="16"/>
  <attribute name= "Current Time Running" value="90329" />
  <attribute name="GC Util currently" value="239" />
  <attribute name="CPU Util currently" value="2652455150653" />
<exclusive-end id="2943" timestamp="2019-08-09T08:14:15.251" durationms="10.878" />

<exclusive-start id="2944" timestamp="2019-08-09T08:14:15.427" intervalms="186.779">
  <response-info timems="0.017" idlems="0.017" threads="0" lastid="000000000212BF00" lastname="main" />
</exclusive-start>
<allocation-taxation id="2945" taxation-threshold="102760448" timestamp="2019-08-09T08:14:15.427" intervalms="186.768" />
<cycle-start id="2946" type="partial gc" contextid="0" timestamp="2019-08-09T08:14:15.427" intervalms="186.754" />
<gc-start id="2947" type="partial gc" contextid="2946" timestamp="2019-08-09T08:14:15.428">
  <mem-info id="2948" free="130023424" total="387973120" percent="33">
    <mem type="eden" free="2097088" total="104857600" percent="1" />
    <remembered-set count="6112" freebytes="15485952" totalbytes="15510400" percent="99" regionsoverflowed="0" regionsstable="10" regionsrebuilding="0"/>
  </mem-info>
</gc-start>
<allocation-stats totalBytes="102742392" >
  <allocated-bytes non-tlh="0" tlh="102742392" arrayletleaf="0"/>
  <largest-consumer threadName="main" threadId="000000000212BF00" bytes="102742392" />
</allocation-stats>
<gc-op id="2949" type="copy forward" timems="8.509" contextid="2946" timestamp="2019-08-09T08:14:15.439">
  <memory-copied type="eden" objects="237" bytes="7648" bytesdiscarded="2352" />
  <memory-copied type="other" objects="6" bytes="144" bytesdiscarded="744" />
  <memory-cardclean objects="110" bytes="11568" />
  <regions eden="49" other="2" />
  <remembered-set-cleared processed="206" cleared="19" durationms="0.161" />
  <references type="weak" candidates="37" cleared="0" enqueued="0" />
  <stringconstants candidates="13755" cleared="0"  />
</gc-op>
<gc-op id="2950" type="classunload" timems="0.008" contextid="2946" timestamp="2019-08-09T08:14:15.439">
  <classunload-info classloadercandidates="53" classloadersunloaded="0" classesunloaded="0" anonymousclassesunloaded="0" quiescems="0.000" setupms="0.008" scanms="0.000" postms="0.000" />
</gc-op>
<gc-end id="2951" type="partial gc" contextid="2946" durationms="11.676" usertimems="24.927" systemtimems="0.000" timestamp="2019-08-09T08:14:15.439" activeThreads="16">
  <mem-info id="2952" free="232783872" total="387973120" percent="60">
    <mem type="eden" free="2087104" total="2097152" percent="99" />
    <remembered-set count="6752" freebytes="15483392" totalbytes="15510400" percent="99" regionsoverflowed="0" regionsstable="10" regionsrebuilding="0"/>
  </mem-info>
</gc-end>
<cycle-end id="2953" type="partial gc" contextid="2946" timestamp="2019-08-09T08:14:15.439" />
  <attribute name="elasticGC enabled" value="1" />
  <attribute name= "numThreadsSpecified" value="16" />
  <attribute name="heapSize specified" value="0" />
  <attribute name="Current GC Util" value="84" />
  <attribute name= "Current Time Running" value="90518" />
  <attribute name ="GC Interval" value="0" />
  <attribute name="Target GC Util Change" value ="80.000000" />
  <attribute name="Current GC Util Change" value="84.000000"/>
  <attribute name="Current Error" value="-39.000000" />
  <attribute name="Output H" value="388010944"/>
  <attribute name="Output I" value="1984"/>
  <attribute name="Output T" value="16"/>
  <attribute name= "Current Time Running" value="90518" />
  <attribute name="GC Util currently" value="84" />
  <attribute name="CPU Util currently" value="453962027841" />
<exclusive-end id="2954" timestamp="2019-08-09T08:14:15.439" durationms="12.258" />

<exclusive-start id="2955" timestamp="2019-08-09T08:14:15.480" intervalms="52.456">
  <response-info timems="0.019" idlems="0.019" threads="0" lastid="000000000212BF00" lastname="main" />
</exclusive-start>
<allocation-taxation id="2956" taxation-threshold="102760448" timestamp="2019-08-09T08:14:15.480" intervalms="52.456" />
<cycle-start id="2957" type="partial gc" contextid="0" timestamp="2019-08-09T08:14:15.480" intervalms="52.564" />
<gc-start id="2958" type="partial gc" contextid="2957" timestamp="2019-08-09T08:14:15.480">
  <mem-info id="2959" free="130023424" total="387973120" percent="33">
    <mem type="eden" free="0" total="102760448" percent="0" />
    <remembered-set count="6592" freebytes="15484032" totalbytes="15510400" percent="99" regionsoverflowed="0" regionsstable="10" regionsrebuilding="0"/>
  </mem-info>
</gc-start>
<allocation-stats totalBytes="102705936" >
  <allocated-bytes non-tlh="0" tlh="102705936" arrayletleaf="0"/>
  <largest-consumer threadName="main" threadId="000000000212BF00" bytes="102705936" />
</allocation-stats>
<gc-op id="2960" type="copy forward" timems="8.414" contextid="2957" timestamp="2019-08-09T08:14:15.490">
  <memory-copied type="eden" objects="23" bytes="904" bytesdiscarded="0" />
  <memory-copied type="other" objects="114" bytes="3792" bytesdiscarded="2640" />
  <memory-cardclean objects="90" bytes="11104" />
  <regions eden="49" other="2" />
  <remembered-set-cleared processed="206" cleared="19" durationms="0.449" />
  <references type="weak" candidates="37" cleared="0" enqueued="0" />
  <stringconstants candidates="13755" cleared="0"  />
</gc-op>
<gc-op id="2961" type="classunload" timems="0.009" contextid="2957" timestamp="2019-08-09T08:14:15.490">
  <classunload-info classloadercandidates="53" classloadersunloaded="0" classesunloaded="0" anonymousclassesunloaded="0" quiescems="0.000" setupms="0.008" scanms="0.000" postms="0.000" />
</gc-op>
<gc-end id="2962" type="partial gc" contextid="2957" durationms="9.576" usertimems="23.119" systemtimems="0.000" timestamp="2019-08-09T08:14:15.490" activeThreads="16">
  <mem-info id="2963" free="230686720" total="387973120" percent="59">
    <mem type="eden" free="2096248" total="2097152" percent="99" />
    <remembered-set count="6752" freebytes="15483392" totalbytes="15510400" percent="99" regionsoverflowed="0" regionsstable="10" regionsrebuilding="0"/>
  </mem-info>
</gc-end>
<cycle-end id="2964" type="partial gc" contextid="2957" timestamp="2019-08-09T08:14:15.490" />
  <attribute name="elasticGC enabled" value="1" />
  <attribute name= "numThreadsSpecified" value="16" />
  <attribute name="heapSize specified" value="0" />
  <attribute name="Current GC Util" value="164" />
  <attribute name= "Current Time Running" value="90568" />
  <attribute name ="GC Interval" value="0" />
  <attribute name="Target GC Util Change" value ="80.000000" />
  <attribute name="Current GC Util Change" value="164.000000"/>
  <attribute name="Current Error" value="-84.000000" />
  <attribute name="Output H" value="388010912"/>
  <attribute name="Output I" value="1952"/>
  <attribute name="Output T" value="16"/>
  <attribute name= "Current Time Running" value="90568" />
  <attribute name="GC Util currently" value="164" />
  <attribute name="CPU Util currently" value="1837887386085" />
<exclusive-end id="2965" timestamp="2019-08-09T08:14:15.490" durationms="10.287" />

<exclusive-start id="2966" timestamp="2019-08-09T08:14:15.529" intervalms="49.015">
  <response-info timems="0.019" idlems="0.019" threads="0" lastid="000000000212BF00" lastname="main" />
</exclusive-start>
<allocation-taxation id="2967" taxation-threshold="102760448" timestamp="2019-08-09T08:14:15.529" intervalms="49.013" />
<cycle-start id="2968" type="partial gc" contextid="0" timestamp="2019-08-09T08:14:15.529" intervalms="48.983" />
<gc-start id="2969" type="partial gc" contextid="2968" timestamp="2019-08-09T08:14:15.529">
  <mem-info id="2970" free="127926272" total="387973120" percent="32">
    <mem type="eden" free="0" total="102760448" percent="0" />
    <remembered-set count="6272" freebytes="15485312" totalbytes="15510400" percent="99" regionsoverflowed="0" regionsstable="10" regionsrebuilding="0"/>
  </mem-info>
</gc-start>
<allocation-stats totalBytes="102708064" >
  <allocated-bytes non-tlh="0" tlh="102708064" arrayletleaf="0"/>
  <largest-consumer threadName="main" threadId="000000000212BF00" bytes="102708064" />
</allocation-stats>
<gc-op id="2971" type="copy forward" timems="8.059" contextid="2968" timestamp="2019-08-09T08:14:15.538">
  <memory-copied type="eden" objects="6" bytes="400" bytesdiscarded="0" />
  <memory-copied type="other" objects="125" bytes="4200" bytesdiscarded="1928" />
  <memory-cardclean objects="67" bytes="10536" />
  <regions eden="49" other="2" />
  <remembered-set-cleared processed="208" cleared="17" durationms="0.137" />
  <references type="weak" candidates="37" cleared="0" enqueued="0" />
  <stringconstants candidates="13755" cleared="0"  />
</gc-op>
<gc-op id="2972" type="classunload" timems="0.007" contextid="2968" timestamp="2019-08-09T08:14:15.538">
  <classunload-info classloadercandidates="53" classloadersunloaded="0" classesunloaded="0" anonymousclassesunloaded="0" quiescems="0.000" setupms="0.007" scanms="0.000" postms="0.000" />
</gc-op>
<gc-end id="2973" type="partial gc" contextid="2968" durationms="9.160" usertimems="20.800" systemtimems="0.000" timestamp="2019-08-09T08:14:15.538" activeThreads="16">
  <mem-info id="2974" free="228589568" total="387973120" percent="58">
    <mem type="eden" free="2096752" total="2097152" percent="99" />
    <remembered-set count="7392" freebytes="15480832" totalbytes="15510400" percent="99" regionsoverflowed="0" regionsstable="10" regionsrebuilding="0"/>
  </mem-info>
</gc-end>
<cycle-end id="2975" type="partial gc" contextid="2968" timestamp="2019-08-09T08:14:15.538" />
  <attribute name="elasticGC enabled" value="1" />
  <attribute name= "numThreadsSpecified" value="16" />
  <attribute name="heapSize specified" value="0" />
  <attribute name="Current GC Util" value="125" />
  <attribute name= "Current Time Running" value="90617" />
  <attribute name ="GC Interval" value="0" />
  <attribute name="Target GC Util Change" value ="80.000000" />
  <attribute name="Current GC Util Change" value="125.000000"/>
  <attribute name="Current Error" value="-95.000000" />
  <attribute name="Output H" value="388010912"/>
  <attribute name="Output I" value="1952"/>
  <attribute name="Output T" value="16"/>
  <attribute name= "Current Time Running" value="90617" />
  <attribute name="GC Util currently" value="125" />
  <attribute name="CPU Util currently" value="1732505030686" />
<exclusive-end id="2976" timestamp="2019-08-09T08:14:15.538" durationms="9.721" />

<exclusive-start id="2977" timestamp="2019-08-09T08:14:15.583" intervalms="54.537">
  <response-info timems="0.020" idlems="0.020" threads="0" lastid="000000000212BF00" lastname="main" />
</exclusive-start>
<allocation-taxation id="2978" taxation-threshold="102760448" timestamp="2019-08-09T08:14:15.583" intervalms="54.570" />
<cycle-start id="2979" type="partial gc" contextid="0" timestamp="2019-08-09T08:14:15.583" intervalms="54.506" />
<gc-start id="2980" type="partial gc" contextid="2979" timestamp="2019-08-09T08:14:15.584">
  <mem-info id="2981" free="125829120" total="387973120" percent="32">
    <mem type="eden" free="2096752" total="104857600" percent="1" />
    <remembered-set count="7392" freebytes="15480832" totalbytes="15510400" percent="99" regionsoverflowed="0" regionsstable="10" regionsrebuilding="0"/>
  </mem-info>
</gc-start>
<allocation-stats totalBytes="102676560" >
  <allocated-bytes non-tlh="0" tlh="102676560" arrayletleaf="0"/>
  <largest-consumer threadName="main" threadId="000000000212BF00" bytes="102676560" />
</allocation-stats>
<gc-op id="2982" type="copy forward" timems="8.279" contextid="2979" timestamp="2019-08-09T08:14:15.593">
  <memory-copied type="eden" objects="23" bytes="944" bytesdiscarded="0" />
  <memory-copied type="other" objects="6" bytes="144" bytesdiscarded="0" />
  <memory-cardclean objects="76" bytes="2336" />
  <regions eden="49" other="2" />
  <remembered-set-cleared processed="213" cleared="11" durationms="0.143" />
  <stringconstants candidates="13755" cleared="0"  />
</gc-op>
<gc-op id="2983" type="classunload" timems="0.008" contextid="2979" timestamp="2019-08-09T08:14:15.593">
  <classunload-info classloadercandidates="53" classloadersunloaded="0" classesunloaded="0" anonymousclassesunloaded="0" quiescems="0.000" setupms="0.008" scanms="0.000" postms="0.000" />
</gc-op>
<heap-resize id="2984" type="expand" space="default" amount="10485760" count="1" timems="0.097" reason="excessive time being spent in gc" timestamp="2019-08-09T08:14:15.593" />
<gc-end id="2985" type="partial gc" contextid="2979" durationms="9.681" usertimems="23.509" systemtimems="0.000" timestamp="2019-08-09T08:14:15.593" activeThreads="16">
  <mem-info id="2986" free="239075328" total="398458880" percent="60">
    <mem type="eden" free="2096208" total="2097152" percent="99" />
    <remembered-set count="5600" freebytes="15907200" totalbytes="15929600" percent="99" regionsoverflowed="0" regionsstable="10" regionsrebuilding="0"/>
  </mem-info>
</gc-end>
<cycle-end id="2987" type="partial gc" contextid="2979" timestamp="2019-08-09T08:14:15.593" />
  <attribute name="elasticGC enabled" value="1" />
  <attribute name= "numThreadsSpecified" value="16" />
  <attribute name="heapSize specified" value="0" />
  <attribute name="Current GC Util" value="123" />
  <attribute name= "Current Time Running" value="90672" />
  <attribute name ="GC Interval" value="0" />
  <attribute name="Target GC Util Change" value ="80.000000" />
  <attribute name="Current GC Util Change" value="123.000000"/>
  <attribute name="Current Error" value="-95.000000" />
  <attribute name="Output H" value="388010912"/>
  <attribute name="Output I" value="1952"/>
  <attribute name="Output T" value="16"/>
  <attribute name= "Current Time Running" value="90672" />
  <attribute name="GC Util currently" value="123" />
  <attribute name="CPU Util currently" value="1442334539465" />
<exclusive-end id="2988" timestamp="2019-08-09T08:14:15.593" durationms="10.264" />

<exclusive-start id="2989" timestamp="2019-08-09T08:14:15.901" intervalms="318.054">
  <response-info timems="0.021" idlems="0.021" threads="0" lastid="000000000212BF00" lastname="main" />
</exclusive-start>
<allocation-taxation id="2990" taxation-threshold="106954752" timestamp="2019-08-09T08:14:15.901" intervalms="318.025" />
<cycle-start id="2991" type="partial gc" contextid="0" timestamp="2019-08-09T08:14:15.902" intervalms="318.403" />
<gc-start id="2992" type="partial gc" contextid="2991" timestamp="2019-08-09T08:14:15.902">
  <mem-info id="2993" free="132120576" total="398458880" percent="33">
    <mem type="eden" free="0" total="106954752" percent="0" />
    <remembered-set count="5344" freebytes="15908224" totalbytes="15929600" percent="99" regionsoverflowed="0" regionsstable="10" regionsrebuilding="0"/>
  </mem-info>
</gc-start>
<allocation-stats totalBytes="106469576" >
  <allocated-bytes non-tlh="0" tlh="106469576" arrayletleaf="0"/>
  <largest-consumer threadName="main" threadId="000000000212BF00" bytes="106469576" />
</allocation-stats>
<gc-op id="2994" type="copy forward" timems="11.630" contextid="2991" timestamp="2019-08-09T08:14:15.915">
  <memory-copied type="eden" objects="73" bytes="15880" bytesdiscarded="48" />
  <memory-copied type="other" objects="12" bytes="288" bytesdiscarded="0" />
  <memory-cardclean objects="119" bytes="3368" />
  <regions eden="51" other="2" />
  <remembered-set-cleared processed="213" cleared="14" durationms="0.163" />
  <stringconstants candidates="13755" cleared="0"  />
</gc-op>
<gc-op id="2995" type="classunload" timems="0.009" contextid="2991" timestamp="2019-08-09T08:14:15.915">
  <classunload-info classloadercandidates="53" classloadersunloaded="0" classesunloaded="0" anonymousclassesunloaded="0" quiescems="0.000" setupms="0.008" scanms="0.000" postms="0.000" />
</gc-op>
<gc-end id="2996" type="partial gc" contextid="2991" durationms="13.433" usertimems="30.746" systemtimems="0.000" timestamp="2019-08-09T08:14:15.915" activeThreads="16">
  <mem-info id="2997" free="236978176" total="398458880" percent="59">
    <mem type="eden" free="2081224" total="2097152" percent="99" />
    <remembered-set count="5536" freebytes="15907456" totalbytes="15929600" percent="99" regionsoverflowed="0" regionsstable="10" regionsrebuilding="0"/>
  </mem-info>
</gc-end>
<cycle-end id="2998" type="partial gc" contextid="2991" timestamp="2019-08-09T08:14:15.915" />
  <attribute name="elasticGC enabled" value="1" />
  <attribute name= "numThreadsSpecified" value="16" />
  <attribute name="heapSize specified" value="0" />
  <attribute name="Current GC Util" value="218" />
  <attribute name= "Current Time Running" value="90991" />
  <attribute name ="GC Interval" value="0" />
  <attribute name="Target GC Util Change" value ="80.000000" />
  <attribute name="Current GC Util Change" value="218.000000"/>
  <attribute name="Current Error" value="-138.000000" />
  <attribute name="Output H" value="398496648"/>
  <attribute name="Output I" value="1928"/>
  <attribute name="Output T" value="16"/>
  <attribute name= "Current Time Running" value="90991" />
  <attribute name="GC Util currently" value="218" />
  <attribute name="CPU Util currently" value="858984645221" />
<exclusive-end id="2999" timestamp="2019-08-09T08:14:15.916" durationms="14.368" />

<exclusive-start id="3000" timestamp="2019-08-09T08:14:16.086" intervalms="184.607">
  <response-info timems="0.018" idlems="0.018" threads="0" lastid="000000000212BF00" lastname="main" />
</exclusive-start>
<allocation-taxation id="3001" taxation-threshold="106954752" timestamp="2019-08-09T08:14:16.086" intervalms="184.627" />
<cycle-start id="3002" type="partial gc" contextid="0" timestamp="2019-08-09T08:14:16.086" intervalms="184.262" />
<gc-start id="3003" type="partial gc" contextid="3002" timestamp="2019-08-09T08:14:16.086">
  <mem-info id="3004" free="130023424" total="398458880" percent="32">
    <mem type="eden" free="0" total="106954752" percent="0" />
    <remembered-set count="5376" freebytes="15908096" totalbytes="15929600" percent="99" regionsoverflowed="0" regionsstable="10" regionsrebuilding="0"/>
  </mem-info>
</gc-start>
<allocation-stats totalBytes="106942784" >
  <allocated-bytes non-tlh="0" tlh="106942784" arrayletleaf="0"/>
  <largest-consumer threadName="main" threadId="000000000212BF00" bytes="106942784" />
</allocation-stats>
<gc-op id="3005" type="copy forward" timems="8.159" contextid="3002" timestamp="2019-08-09T08:14:16.095">
  <memory-copied type="eden" objects="41" bytes="1216" bytesdiscarded="0" />
  <memory-copied type="other" objects="48" bytes="1152" bytesdiscarded="0" />
  <memory-cardclean objects="113" bytes="3480" />
  <regions eden="51" other="2" />
  <remembered-set-cleared processed="214" cleared="12" durationms="0.178" />
  <stringconstants candidates="13755" cleared="0"  />
</gc-op>
<gc-op id="3006" type="classunload" timems="0.010" contextid="3002" timestamp="2019-08-09T08:14:16.095">
  <classunload-info classloadercandidates="53" classloadersunloaded="0" classesunloaded="0" anonymousclassesunloaded="0" quiescems="0.000" setupms="0.010" scanms="0.000" postms="0.000" />
</gc-op>
<gc-end id="3007" type="partial gc" contextid="3002" durationms="9.324" usertimems="22.007" systemtimems="0.000" timestamp="2019-08-09T08:14:16.096" activeThreads="16">
  <mem-info id="3008" free="234881024" total="398458880" percent="58">
    <mem type="eden" free="2095936" total="2097152" percent="99" />
    <remembered-set count="5664" freebytes="15906944" totalbytes="15929600" percent="99" regionsoverflowed="0" regionsstable="10" regionsrebuilding="0"/>
  </mem-info>
</gc-end>
<cycle-end id="3009" type="partial gc" contextid="3002" timestamp="2019-08-09T08:14:16.096" />
  <attribute name="elasticGC enabled" value="1" />
  <attribute name= "numThreadsSpecified" value="16" />
  <attribute name="heapSize specified" value="0" />
  <attribute name="Current GC Util" value="130" />
  <attribute name= "Current Time Running" value="91174" />
  <attribute name ="GC Interval" value="0" />
  <attribute name="Target GC Util Change" value ="80.000000" />
  <attribute name="Current GC Util Change" value="130.000000"/>
  <attribute name="Current Error" value="-123.000000" />
  <attribute name="Output H" value="398496656"/>
  <attribute name="Output I" value="1936"/>
  <attribute name="Output T" value="16"/>
  <attribute name= "Current Time Running" value="91174" />
  <attribute name="GC Util currently" value="130" />
  <attribute name="CPU Util currently" value="1786464186581" />
<exclusive-end id="3010" timestamp="2019-08-09T08:14:16.096" durationms="9.982" />

<exclusive-start id="3011" timestamp="2019-08-09T08:14:16.202" intervalms="116.305">
  <response-info timems="0.019" idlems="0.019" threads="0" lastid="000000000212BF00" lastname="main" />
</exclusive-start>
<allocation-taxation id="3012" taxation-threshold="106954752" timestamp="2019-08-09T08:14:16.202" intervalms="116.280" />
<cycle-start id="3013" type="partial gc" contextid="0" timestamp="2019-08-09T08:14:16.202" intervalms="116.250" />
<gc-start id="3014" type="partial gc" contextid="3013" timestamp="2019-08-09T08:14:16.202">
  <mem-info id="3015" free="127926272" total="398458880" percent="32">
    <mem type="eden" free="0" total="106954752" percent="0" />
    <remembered-set count="5376" freebytes="15908096" totalbytes="15929600" percent="99" regionsoverflowed="0" regionsstable="10" regionsrebuilding="0"/>
  </mem-info>
</gc-start>
<allocation-stats totalBytes="106926408" >
  <allocated-bytes non-tlh="0" tlh="106926408" arrayletleaf="0"/>
  <largest-consumer threadName="main" threadId="000000000212BF00" bytes="106926408" />
</allocation-stats>
<gc-op id="3016" type="copy forward" timems="9.783" contextid="3013" timestamp="2019-08-09T08:14:16.213">
  <memory-copied type="eden" objects="43" bytes="1256" bytesdiscarded="360" />
  <memory-copied type="other" objects="70" bytes="1752" bytesdiscarded="0" />
  <memory-cardclean objects="157" bytes="5064" />
  <regions eden="51" other="2" />
  <remembered-set-cleared processed="216" cleared="18" durationms="0.165" />
  <stringconstants candidates="13755" cleared="0"  />
</gc-op>
<gc-op id="3017" type="classunload" timems="0.008" contextid="3013" timestamp="2019-08-09T08:14:16.213">
  <classunload-info classloadercandidates="53" classloadersunloaded="0" classesunloaded="0" anonymousclassesunloaded="0" quiescems="0.000" setupms="0.008" scanms="0.000" postms="0.000" />
</gc-op>
<gc-end id="3018" type="partial gc" contextid="3013" durationms="10.887" usertimems="26.513" systemtimems="0.000" timestamp="2019-08-09T08:14:16.213" activeThreads="16">
  <mem-info id="3019" free="232783872" total="398458880" percent="58">
    <mem type="eden" free="2095536" total="2097152" percent="99" />
    <remembered-set count="6016" freebytes="15905536" totalbytes="15929600" percent="99" regionsoverflowed="0" regionsstable="10" regionsrebuilding="0"/>
  </mem-info>
</gc-end>
<cycle-end id="3020" type="partial gc" contextid="3013" timestamp="2019-08-09T08:14:16.213" />
  <attribute name="elasticGC enabled" value="1" />
  <attribute name= "numThreadsSpecified" value="16" />
  <attribute name="heapSize specified" value="0" />
  <attribute name="Current GC Util" value="129" />
  <attribute name= "Current Time Running" value="91290" />
  <attribute name ="GC Interval" value="0" />
  <attribute name="Target GC Util Change" value ="80.000000" />
  <attribute name="Current GC Util Change" value="129.000000"/>
  <attribute name="Current Error" value="-110.000000" />
  <attribute name="Output H" value="398496664"/>
  <attribute name="Output I" value="1944"/>
  <attribute name="Output T" value="16"/>
  <attribute name= "Current Time Running" value="91290" />
  <attribute name="GC Util currently" value="129" />
  <attribute name="CPU Util currently" value="1758368006861" />
<exclusive-end id="3021" timestamp="2019-08-09T08:14:16.214" durationms="11.443" />

<exclusive-start id="3022" timestamp="2019-08-09T08:14:16.367" intervalms="164.436">
  <response-info timems="0.018" idlems="0.018" threads="0" lastid="000000000212BF00" lastname="main" />
</exclusive-start>
<allocation-taxation id="3023" taxation-threshold="106954752" timestamp="2019-08-09T08:14:16.367" intervalms="164.438" />
<cycle-start id="3024" type="partial gc" contextid="0" timestamp="2019-08-09T08:14:16.367" intervalms="164.455" />
<gc-start id="3025" type="partial gc" contextid="3024" timestamp="2019-08-09T08:14:16.367">
  <mem-info id="3026" free="125829120" total="398458880" percent="31">
    <mem type="eden" free="0" total="106954752" percent="0" />
    <remembered-set count="5856" freebytes="15906176" totalbytes="15929600" percent="99" regionsoverflowed="0" regionsstable="10" regionsrebuilding="0"/>
  </mem-info>
</gc-start>
<allocation-stats totalBytes="106943136" >
  <allocated-bytes non-tlh="0" tlh="106943136" arrayletleaf="0"/>
  <largest-consumer threadName="main" threadId="000000000212BF00" bytes="106943136" />
</allocation-stats>
<gc-op id="3027" type="copy forward" timems="14.143" contextid="3024" timestamp="2019-08-09T08:14:16.383">
  <memory-copied type="eden" objects="33" bytes="968" bytesdiscarded="1944" />
  <memory-copied type="other" objects="47" bytes="1224" bytesdiscarded="1152" />
  <memory-cardclean objects="114" bytes="4016" />
  <regions eden="51" other="2" />
  <remembered-set-cleared processed="221" cleared="15" durationms="0.270" />
  <stringconstants candidates="13755" cleared="0"  />
</gc-op>
<gc-op id="3028" type="classunload" timems="0.009" contextid="3024" timestamp="2019-08-09T08:14:16.383">
  <classunload-info classloadercandidates="53" classloadersunloaded="0" classesunloaded="0" anonymousclassesunloaded="0" quiescems="0.000" setupms="0.009" scanms="0.000" postms="0.000" />
</gc-op>
<gc-end id="3029" type="partial gc" contextid="3024" durationms="16.345" usertimems="27.634" systemtimems="0.000" timestamp="2019-08-09T08:14:16.384" activeThreads="16">
  <mem-info id="3030" free="230686720" total="398458880" percent="57">
    <mem type="eden" free="2094240" total="2097152" percent="99" />
    <remembered-set count="8128" freebytes="15897088" totalbytes="15929600" percent="99" regionsoverflowed="0" regionsstable="10" regionsrebuilding="0"/>
  </mem-info>
</gc-end>
<cycle-end id="3031" type="partial gc" contextid="3024" timestamp="2019-08-09T08:14:16.384" />
  <attribute name="elasticGC enabled" value="1" />
  <attribute name= "numThreadsSpecified" value="16" />
  <attribute name="heapSize specified" value="0" />
  <attribute name="Current GC Util" value="61" />
  <attribute name= "Current Time Running" value="91456" />
  <attribute name ="GC Interval" value="0" />
  <attribute name="Target GC Util Change" value ="80.000000" />
  <attribute name="Current GC Util Change" value="61.000000"/>
  <attribute name="Current Error" value="19.000000" />
  <attribute name="Output H" value="398496736"/>
  <attribute name="Output I" value="2016"/>
  <attribute name="Output T" value="16"/>
  <attribute name= "Current Time Running" value="91456" />
  <attribute name="GC Util currently" value="61" />
  <attribute name="CPU Util currently" value="786181800751" />
<exclusive-end id="3032" timestamp="2019-08-09T08:14:16.384" durationms="17.164" />

<exclusive-start id="3033" timestamp="2019-08-09T08:14:16.591" intervalms="224.828">
  <response-info timems="0.028" idlems="0.028" threads="0" lastid="000000000212BF00" lastname="main" />
</exclusive-start>
<allocation-taxation id="3034" taxation-threshold="106954752" timestamp="2019-08-09T08:14:16.591" intervalms="224.848" />
<cycle-start id="3035" type="partial gc" contextid="0" timestamp="2019-08-09T08:14:16.592" intervalms="224.876" />
<gc-start id="3036" type="partial gc" contextid="3035" timestamp="2019-08-09T08:14:16.592">
  <mem-info id="3037" free="123731968" total="398458880" percent="31">
    <mem type="eden" free="0" total="106954752" percent="0" />
    <remembered-set count="7680" freebytes="15898880" totalbytes="15929600" percent="99" regionsoverflowed="0" regionsstable="10" regionsrebuilding="0"/>
  </mem-info>
</gc-start>
<allocation-stats totalBytes="106948096" >
  <allocated-bytes non-tlh="0" tlh="106948096" arrayletleaf="0"/>
  <largest-consumer threadName="main" threadId="000000000212BF00" bytes="106948096" />
</allocation-stats>
<gc-op id="3038" type="copy forward" timems="8.800" contextid="3035" timestamp="2019-08-09T08:14:16.602">
  <memory-copied type="eden" objects="49" bytes="1328" bytesdiscarded="888" />
  <memory-copied type="other" objects="37" bytes="912" bytesdiscarded="2352" />
  <memory-cardclean objects="155" bytes="4488" />
  <regions eden="51" other="2" />
  <remembered-set-cleared processed="227" cleared="22" durationms="0.168" />
  <stringconstants candidates="13755" cleared="0"  />
</gc-op>
<gc-op id="3039" type="classunload" timems="0.007" contextid="3035" timestamp="2019-08-09T08:14:16.602">
  <classunload-info classloadercandidates="53" classloadersunloaded="0" classesunloaded="0" anonymousclassesunloaded="0" quiescems="0.000" setupms="0.007" scanms="0.000" postms="0.000" />
</gc-op>
<gc-end id="3040" type="partial gc" contextid="3035" durationms="9.894" usertimems="23.764" systemtimems="0.000" timestamp="2019-08-09T08:14:16.602" activeThreads="16">
  <mem-info id="3041" free="228589568" total="398458880" percent="57">
    <mem type="eden" free="2094936" total="2097152" percent="99" />
    <remembered-set count="8128" freebytes="15897088" totalbytes="15929600" percent="99" regionsoverflowed="0" regionsstable="10" regionsrebuilding="0"/>
  </mem-info>
</gc-end>
<cycle-end id="3042" type="partial gc" contextid="3035" timestamp="2019-08-09T08:14:16.602" />
  <attribute name="elasticGC enabled" value="1" />
  <attribute name= "numThreadsSpecified" value="16" />
  <attribute name="heapSize specified" value="0" />
  <attribute name="Current GC Util" value="167" />
  <attribute name= "Current Time Running" value="91680" />
  <attribute name ="GC Interval" value="0" />
  <attribute name="Target GC Util Change" value ="80.000000" />
  <attribute name="Current GC Util Change" value="167.000000"/>
  <attribute name="Current Error" value="0.000000" />
  <attribute name="Output H" value="398496720"/>
  <attribute name="Output I" value="2000"/>
  <attribute name="Output T" value="16"/>
  <attribute name= "Current Time Running" value="91680" />
  <attribute name="GC Util currently" value="167" />
  <attribute name="CPU Util currently" value="1853640020921" />
<exclusive-end id="3043" timestamp="2019-08-09T08:14:16.602" durationms="10.552" />

<exclusive-start id="3044" timestamp="2019-08-09T08:14:16.727" intervalms="135.444">
  <response-info timems="0.016" idlems="0.016" threads="0" lastid="000000000212BF00" lastname="main" />
</exclusive-start>
<allocation-taxation id="3045" taxation-threshold="106954752" timestamp="2019-08-09T08:14:16.727" intervalms="135.447" />
<cycle-start id="3046" type="partial gc" contextid="0" timestamp="2019-08-09T08:14:16.727" intervalms="135.410" />
<gc-start id="3047" type="partial gc" contextid="3046" timestamp="2019-08-09T08:14:16.727">
  <mem-info id="3048" free="121634816" total="398458880" percent="30">
    <mem type="eden" free="0" total="106954752" percent="0" />
    <remembered-set count="7968" freebytes="15897728" totalbytes="15929600" percent="99" regionsoverflowed="0" regionsstable="10" regionsrebuilding="0"/>
  </mem-info>
</gc-start>
<allocation-stats totalBytes="106947376" >
  <allocated-bytes non-tlh="0" tlh="106947376" arrayletleaf="0"/>
  <largest-consumer threadName="main" threadId="000000000212BF00" bytes="106947376" />
</allocation-stats>
<gc-op id="3049" type="copy forward" timems="7.556" contextid="3046" timestamp="2019-08-09T08:14:16.737">
  <memory-copied type="eden" objects="31" bytes="944" bytesdiscarded="552" />
  <memory-copied type="other" objects="54" bytes="1296" bytesdiscarded="2280" />
  <memory-cardclean objects="109" bytes="3216" />
  <regions eden="51" other="2" />
  <remembered-set-cleared processed="234" cleared="17" durationms="0.184" />
  <stringconstants candidates="13755" cleared="0"  />
</gc-op>
<gc-op id="3050" type="classunload" timems="0.007" contextid="3046" timestamp="2019-08-09T08:14:16.737">
  <classunload-info classloadercandidates="53" classloadersunloaded="0" classesunloaded="0" anonymousclassesunloaded="0" quiescems="0.000" setupms="0.007" scanms="0.000" postms="0.000" />
</gc-op>
<gc-end id="3051" type="partial gc" contextid="3046" durationms="9.547" usertimems="21.694" systemtimems="0.000" timestamp="2019-08-09T08:14:16.737" activeThreads="16">
  <mem-info id="3052" free="226492416" total="398458880" percent="56">
    <mem type="eden" free="2095656" total="2097152" percent="99" />
    <remembered-set count="8224" freebytes="15896704" totalbytes="15929600" percent="99" regionsoverflowed="0" regionsstable="10" regionsrebuilding="0"/>
  </mem-info>
</gc-end>
<cycle-end id="3053" type="partial gc" contextid="3046" timestamp="2019-08-09T08:14:16.737" />
  <attribute name="elasticGC enabled" value="1" />
  <attribute name= "numThreadsSpecified" value="16" />
  <attribute name="heapSize specified" value="0" />
  <attribute name="Current GC Util" value="204" />
  <attribute name= "Current Time Running" value="91816" />
  <attribute name ="GC Interval" value="0" />
  <attribute name="Target GC Util Change" value ="80.000000" />
  <attribute name="Current GC Util Change" value="204.000000"/>
  <attribute name="Current Error" value="-61.000000" />
  <attribute name="Output H" value="398496688"/>
  <attribute name="Output I" value="1968"/>
  <attribute name="Output T" value="16"/>
  <attribute name= "Current Time Running" value="91816" />
  <attribute name="GC Util currently" value="204" />
  <attribute name="CPU Util currently" value="748236824410" />
<exclusive-end id="3054" timestamp="2019-08-09T08:14:16.737" durationms="10.221" />

<exclusive-start id="3055" timestamp="2019-08-09T08:14:16.933" intervalms="205.796">
  <response-info timems="0.024" idlems="0.024" threads="0" lastid="000000000212BF00" lastname="main" />
</exclusive-start>
<allocation-taxation id="3056" taxation-threshold="106954752" timestamp="2019-08-09T08:14:16.933" intervalms="205.780" />
<cycle-start id="3057" type="partial gc" contextid="0" timestamp="2019-08-09T08:14:16.933" intervalms="205.845" />
<gc-start id="3058" type="partial gc" contextid="3057" timestamp="2019-08-09T08:14:16.933">
  <mem-info id="3059" free="119537664" total="398458880" percent="30">
    <mem type="eden" free="0" total="106954752" percent="0" />
    <remembered-set count="8096" freebytes="15897216" totalbytes="15929600" percent="99" regionsoverflowed="0" regionsstable="10" regionsrebuilding="0"/>
  </mem-info>
</gc-start>
<allocation-stats totalBytes="106893864" >
  <allocated-bytes non-tlh="0" tlh="106893864" arrayletleaf="0"/>
  <largest-consumer threadName="main" threadId="000000000212BF00" bytes="106893864" />
</allocation-stats>
<gc-op id="3060" type="copy forward" timems="8.122" contextid="3057" timestamp="2019-08-09T08:14:16.942">
  <memory-copied type="eden" objects="47" bytes="1832" bytesdiscarded="408" />
  <memory-copied type="other" objects="48" bytes="1152" bytesdiscarded="1440" />
  <memory-cardclean objects="146" bytes="4072" />
  <regions eden="51" other="2" />
  <remembered-set-cleared processed="239" cleared="18" durationms="0.151" />
  <stringconstants candidates="13755" cleared="0"  />
</gc-op>
<gc-op id="3061" type="classunload" timems="0.007" contextid="3057" timestamp="2019-08-09T08:14:16.942">
  <classunload-info classloadercandidates="53" classloadersunloaded="0" classesunloaded="0" anonymousclassesunloaded="0" quiescems="0.000" setupms="0.007" scanms="0.000" postms="0.000" />
</gc-op>
<gc-end id="3062" type="partial gc" contextid="3057" durationms="9.465" usertimems="22.241" systemtimems="0.000" timestamp="2019-08-09T08:14:16.943" activeThreads="16">
  <mem-info id="3063" free="224395264" total="398458880" percent="56">
    <mem type="eden" free="2094912" total="2097152" percent="99" />
    <remembered-set count="7200" freebytes="15900800" totalbytes="15929600" percent="99" regionsoverflowed="0" regionsstable="10" regionsrebuilding="0"/>
  </mem-info>
</gc-end>
<cycle-end id="3064" type="partial gc" contextid="3057" timestamp="2019-08-09T08:14:16.943" />
  <attribute name="elasticGC enabled" value="1" />
  <attribute name= "numThreadsSpecified" value="16" />
  <attribute name="heapSize specified" value="0" />
  <attribute name="Current GC Util" value="208" />
  <attribute name= "Current Time Running" value="92021" />
  <attribute name ="GC Interval" value="0" />
  <attribute name="Target GC Util Change" value ="80.000000" />
  <attribute name="Current GC Util Change" value="208.000000"/>
  <attribute name="Current Error" value="-128.000000" />
  <attribute name="Output H" value="398496648"/>
  <attribute name="Output I" value="1928"/>
  <attribute name="Output T" value="16"/>
  <attribute name= "Current Time Running" value="92021" />
  <attribute name="GC Util currently" value="208" />
  <attribute name="CPU Util currently" value="1324569811840" />
<exclusive-end id="3065" timestamp="2019-08-09T08:14:16.943" durationms="10.110" />

<exclusive-start id="3066" timestamp="2019-08-09T08:14:16.981" intervalms="48.309">
  <response-info timems="0.022" idlems="0.022" threads="0" lastid="000000000212BF00" lastname="main" />
</exclusive-start>
<allocation-taxation id="3067" taxation-threshold="106954752" timestamp="2019-08-09T08:14:16.981" intervalms="48.313" />
<cycle-start id="3068" type="partial gc" contextid="0" timestamp="2019-08-09T08:14:16.981" intervalms="48.267" />
<gc-start id="3069" type="partial gc" contextid="3068" timestamp="2019-08-09T08:14:16.981">
  <mem-info id="3070" free="117440512" total="398458880" percent="29">
    <mem type="eden" free="0" total="106954752" percent="0" />
    <remembered-set count="7200" freebytes="15900800" totalbytes="15929600" percent="99" regionsoverflowed="0" regionsstable="10" regionsrebuilding="0"/>
  </mem-info>
</gc-start>
<allocation-stats totalBytes="106774480" >
  <allocated-bytes non-tlh="0" tlh="106774480" arrayletleaf="0"/>
  <largest-consumer threadName="main" threadId="000000000212BF00" bytes="106774480" />
</allocation-stats>
<gc-op id="3071" type="copy forward" timems="7.490" contextid="3068" timestamp="2019-08-09T08:14:16.990">
  <memory-copied type="eden" objects="3" bytes="72" bytesdiscarded="0" />
  <memory-copied type="other" objects="57" bytes="2072" bytesdiscarded="1080" />
  <memory-cardclean objects="80" bytes="2584" />
  <regions eden="51" other="2" />
  <remembered-set-cleared processed="243" cleared="12" durationms="0.159" />
  <stringconstants candidates="13755" cleared="0"  />
</gc-op>
<gc-op id="3072" type="classunload" timems="0.008" contextid="3068" timestamp="2019-08-09T08:14:16.990">
  <classunload-info classloadercandidates="53" classloadersunloaded="0" classesunloaded="0" anonymousclassesunloaded="0" quiescems="0.000" setupms="0.008" scanms="0.000" postms="0.000" />
</gc-op>
<gc-end id="3073" type="partial gc" contextid="3068" durationms="8.567" usertimems="19.331" systemtimems="0.000" timestamp="2019-08-09T08:14:16.990" activeThreads="16">
  <mem-info id="3074" free="222298112" total="398458880" percent="55">
    <mem type="eden" free="2097080" total="2097152" percent="99" />
    <remembered-set count="6880" freebytes="15902080" totalbytes="15929600" percent="99" regionsoverflowed="0" regionsstable="10" regionsrebuilding="0"/>
  </mem-info>
</gc-end>
<cycle-end id="3075" type="partial gc" contextid="3068" timestamp="2019-08-09T08:14:16.990" />
  <attribute name="elasticGC enabled" value="1" />
  <attribute name= "numThreadsSpecified" value="16" />
  <attribute name="heapSize specified" value="0" />
  <attribute name="Current GC Util" value="122" />
  <attribute name= "Current Time Running" value="92069" />
  <attribute name ="GC Interval" value="0" />
  <attribute name="Target GC Util Change" value ="80.000000" />
  <attribute name="Current GC Util Change" value="122.000000"/>
  <attribute name="Current Error" value="-133.000000" />
  <attribute name="Output H" value="398496648"/>
  <attribute name="Output I" value="1928"/>
  <attribute name="Output T" value="16"/>
  <attribute name= "Current Time Running" value="92069" />
  <attribute name="GC Util currently" value="122" />
  <attribute name="CPU Util currently" value="2023695275093" />
<exclusive-end id="3076" timestamp="2019-08-09T08:14:16.990" durationms="9.153" />

<exclusive-start id="3077" timestamp="2019-08-09T08:14:17.043" intervalms="61.755">
  <response-info timems="0.016" idlems="0.016" threads="0" lastid="000000000212BF00" lastname="main" />
</exclusive-start>
<allocation-taxation id="3078" taxation-threshold="106954752" timestamp="2019-08-09T08:14:17.043" intervalms="61.745" />
<cycle-start id="3079" type="partial gc" contextid="0" timestamp="2019-08-09T08:14:17.043" intervalms="61.731" />
<gc-start id="3080" type="partial gc" contextid="3079" timestamp="2019-08-09T08:14:17.043">
  <mem-info id="3081" free="115343360" total="398458880" percent="28">
    <mem type="eden" free="2097080" total="109051904" percent="1" />
    <remembered-set count="6400" freebytes="15904000" totalbytes="15929600" percent="99" regionsoverflowed="0" regionsstable="10" regionsrebuilding="0"/>
  </mem-info>
</gc-start>
<allocation-stats totalBytes="106776376" >
  <allocated-bytes non-tlh="0" tlh="106776376" arrayletleaf="0"/>
  <largest-consumer threadName="main" threadId="000000000212BF00" bytes="106776376" />
</allocation-stats>
<gc-op id="3082" type="copy forward" timems="10.986" contextid="3079" timestamp="2019-08-09T08:14:17.055">
  <memory-copied type="eden" objects="38" bytes="1496" bytesdiscarded="632" />
  <memory-copied type="other" objects="30" bytes="720" bytesdiscarded="0" />
  <memory-cardclean objects="119" bytes="3240" />
  <regions eden="51" other="2" />
  <remembered-set-cleared processed="246" cleared="11" durationms="0.166" />
  <stringconstants candidates="13755" cleared="0"  />
</gc-op>
<gc-op id="3083" type="classunload" timems="0.011" contextid="3079" timestamp="2019-08-09T08:14:17.055">
  <classunload-info classloadercandidates="53" classloadersunloaded="0" classesunloaded="0" anonymousclassesunloaded="0" quiescems="0.000" setupms="0.011" scanms="0.000" postms="0.000" />
</gc-op>
<gc-end id="3084" type="partial gc" contextid="3079" durationms="12.231" usertimems="19.934" systemtimems="0.000" timestamp="2019-08-09T08:14:17.055" activeThreads="16">
  <mem-info id="3085" free="222298112" total="398458880" percent="55">
    <mem type="eden" free="2095024" total="2097152" percent="99" />
    <remembered-set count="5984" freebytes="15905664" totalbytes="15929600" percent="99" regionsoverflowed="0" regionsstable="10" regionsrebuilding="0"/>
  </mem-info>
</gc-end>
<cycle-end id="3086" type="partial gc" contextid="3079" timestamp="2019-08-09T08:14:17.055" />
  <attribute name="elasticGC enabled" value="1" />
  <attribute name= "numThreadsSpecified" value="16" />
  <attribute name="heapSize specified" value="0" />
  <attribute name="Current GC Util" value="123" />
  <attribute name= "Current Time Running" value="92131" />
  <attribute name ="GC Interval" value="0" />
  <attribute name="Target GC Util Change" value ="80.000000" />
  <attribute name="Current GC Util Change" value="123.000000"/>
  <attribute name="Current Error" value="-126.000000" />
  <attribute name="Output H" value="398496648"/>
  <attribute name="Output I" value="1928"/>
  <attribute name="Output T" value="16"/>
  <attribute name= "Current Time Running" value="92131" />
  <attribute name="GC Util currently" value="123" />
  <attribute name="CPU Util currently" value="1756977273172" />
<exclusive-end id="3087" timestamp="2019-08-09T08:14:17.056" durationms="12.851" />

<exclusive-start id="3088" timestamp="2019-08-09T08:14:17.168" intervalms="125.072">
  <response-info timems="0.019" idlems="0.019" threads="0" lastid="000000000212BF00" lastname="main" />
</exclusive-start>
<allocation-taxation id="3089" taxation-threshold="106954752" timestamp="2019-08-09T08:14:17.168" intervalms="125.089" />
<cycle-start id="3090" type="partial gc" contextid="0" timestamp="2019-08-09T08:14:17.168" intervalms="125.093" />
<gc-start id="3091" type="partial gc" contextid="3090" timestamp="2019-08-09T08:14:17.168">
  <mem-info id="3092" free="115343360" total="398458880" percent="28">
    <mem type="eden" free="0" total="106954752" percent="0" />
    <remembered-set count="5504" freebytes="15907584" totalbytes="15929600" percent="99" regionsoverflowed="0" regionsstable="10" regionsrebuilding="0"/>
  </mem-info>
</gc-start>
<allocation-stats totalBytes="106870040" >
  <allocated-bytes non-tlh="0" tlh="106870040" arrayletleaf="0"/>
  <largest-consumer threadName="main" threadId="000000000212BF00" bytes="106870040" />
</allocation-stats>
<gc-op id="3093" type="copy forward" timems="6.529" contextid="3090" timestamp="2019-08-09T08:14:17.176">
  <memory-copied type="eden" objects="29" bytes="1720" bytesdiscarded="696" />
  <memory-copied type="other" objects="42" bytes="1008" bytesdiscarded="480" />
  <memory-cardclean objects="99" bytes="2976" />
  <regions eden="51" other="2" />
  <remembered-set-cleared processed="247" cleared="13" durationms="0.167" />
  <stringconstants candidates="13755" cleared="0"  />
</gc-op>
<gc-op id="3094" type="classunload" timems="0.008" contextid="3090" timestamp="2019-08-09T08:14:17.176">
  <classunload-info classloadercandidates="53" classloadersunloaded="0" classesunloaded="0" anonymousclassesunloaded="0" quiescems="0.000" setupms="0.008" scanms="0.000" postms="0.000" />
</gc-op>
<heap-resize id="3095" type="expand" space="default" amount="48234496" count="1" timems="0.233" reason="excessive time being spent in gc" timestamp="2019-08-09T08:14:17.176" />
<gc-end id="3096" type="partial gc" contextid="3090" durationms="8.347" usertimems="15.991" systemtimems="0.000" timestamp="2019-08-09T08:14:17.176" activeThreads="16">
  <mem-info id="3097" free="268435456" total="446693376" percent="60">
    <mem type="eden" free="2094736" total="2097152" percent="99" />
    <remembered-set count="6976" freebytes="17830016" totalbytes="17857920" percent="99" regionsoverflowed="0" regionsstable="10" regionsrebuilding="0"/>
  </mem-info>
</gc-end>
<cycle-end id="3098" type="partial gc" contextid="3090" timestamp="2019-08-09T08:14:17.177" />
  <attribute name="elasticGC enabled" value="1" />
  <attribute name= "numThreadsSpecified" value="16" />
  <attribute name="heapSize specified" value="0" />
  <attribute name="Current GC Util" value="86" />
  <attribute name= "Current Time Running" value="92257" />
  <attribute name ="GC Interval" value="0" />
  <attribute name="Target GC Util Change" value ="80.000000" />
  <attribute name="Current GC Util Change" value="86.000000"/>
  <attribute name="Current Error" value="-6.000000" />
  <attribute name="Output H" value="398496720"/>
  <attribute name="Output I" value="2000"/>
  <attribute name="Output T" value="16"/>
  <attribute name= "Current Time Running" value="92257" />
  <attribute name="GC Util currently" value="86" />
  <attribute name="CPU Util currently" value="1069722705479" />
<exclusive-end id="3099" timestamp="2019-08-09T08:14:17.177" durationms="8.878" />

<exclusive-start id="3100" timestamp="2019-08-09T08:14:17.357" intervalms="188.771">
  <response-info timems="0.015" idlems="0.015" threads="0" lastid="000000000212BF00" lastname="main" />
</exclusive-start>
<allocation-taxation id="3101" taxation-threshold="117440512" timestamp="2019-08-09T08:14:17.357" intervalms="188.756" />
<cycle-start id="3102" type="partial gc" contextid="0" timestamp="2019-08-09T08:14:17.357" intervalms="188.769" />
<gc-start id="3103" type="partial gc" contextid="3102" timestamp="2019-08-09T08:14:17.357">
  <mem-info id="3104" free="150994944" total="446693376" percent="33">
    <mem type="eden" free="0" total="117440512" percent="0" />
    <remembered-set count="6496" freebytes="17831936" totalbytes="17857920" percent="99" regionsoverflowed="0" regionsstable="10" regionsrebuilding="0"/>
  </mem-info>
</gc-start>
<allocation-stats totalBytes="117308880" >
  <allocated-bytes non-tlh="0" tlh="117308880" arrayletleaf="0"/>
  <largest-consumer threadName="main" threadId="000000000212BF00" bytes="117308880" />
</allocation-stats>
<gc-op id="3105" type="copy forward" timems="8.137" contextid="3102" timestamp="2019-08-09T08:14:17.366">
  <memory-copied type="eden" objects="39" bytes="1264" bytesdiscarded="1080" />
  <memory-copied type="other" objects="18" bytes="432" bytesdiscarded="1224" />
  <memory-cardclean objects="109" bytes="11344" />
  <regions eden="56" other="2" />
  <remembered-set-cleared processed="252" cleared="20" durationms="0.810" />
  <references type="weak" candidates="2" cleared="0" enqueued="0" />
  <stringconstants candidates="13755" cleared="0"  />
</gc-op>
<gc-op id="3106" type="classunload" timems="0.012" contextid="3102" timestamp="2019-08-09T08:14:17.366">
  <classunload-info classloadercandidates="53" classloadersunloaded="0" classesunloaded="0" anonymousclassesunloaded="0" quiescems="0.000" setupms="0.012" scanms="0.000" postms="0.000" />
</gc-op>
<gc-end id="3107" type="partial gc" contextid="3102" durationms="9.126" usertimems="19.813" systemtimems="0.000" timestamp="2019-08-09T08:14:17.366" activeThreads="16">
  <mem-info id="3108" free="266338304" total="446693376" percent="59">
    <mem type="eden" free="2094808" total="2097152" percent="99" />
    <remembered-set count="7552" freebytes="17827712" totalbytes="17857920" percent="99" regionsoverflowed="0" regionsstable="10" regionsrebuilding="0"/>
  </mem-info>
</gc-end>
<cycle-end id="3109" type="partial gc" contextid="3102" timestamp="2019-08-09T08:14:17.366" />
  <attribute name="elasticGC enabled" value="1" />
  <attribute name= "numThreadsSpecified" value="16" />
  <attribute name="heapSize specified" value="0" />
  <attribute name="Current GC Util" value="142" />
  <attribute name= "Current Time Running" value="92445" />
  <attribute name ="GC Interval" value="0" />
  <attribute name="Target GC Util Change" value ="80.000000" />
  <attribute name="Current GC Util Change" value="142.000000"/>
  <attribute name="Current Error" value="4.000000" />
  <attribute name="Output H" value="446731224"/>
  <attribute name="Output I" value="2008"/>
  <attribute name="Output T" value="16"/>
  <attribute name= "Current Time Running" value="92445" />
  <attribute name="GC Util currently" value="142" />
  <attribute name="CPU Util currently" value="2471677657815" />
<exclusive-end id="3110" timestamp="2019-08-09T08:14:17.366" durationms="9.754" />

<exclusive-start id="3111" timestamp="2019-08-09T08:14:17.585" intervalms="228.099">
  <response-info timems="0.015" idlems="0.015" threads="0" lastid="000000000212BF00" lastname="main" />
</exclusive-start>
<allocation-taxation id="3112" taxation-threshold="117440512" timestamp="2019-08-09T08:14:17.585" intervalms="228.097" />
<cycle-start id="3113" type="partial gc" contextid="0" timestamp="2019-08-09T08:14:17.585" intervalms="228.098" />
<gc-start id="3114" type="partial gc" contextid="3113" timestamp="2019-08-09T08:14:17.585">
  <mem-info id="3115" free="148897792" total="446693376" percent="33">
    <mem type="eden" free="0" total="117440512" percent="0" />
    <remembered-set count="7104" freebytes="17829504" totalbytes="17857920" percent="99" regionsoverflowed="0" regionsstable="10" regionsrebuilding="0"/>
  </mem-info>
</gc-start>
<allocation-stats totalBytes="117419296" >
  <allocated-bytes non-tlh="0" tlh="117419296" arrayletleaf="0"/>
  <largest-consumer threadName="main" threadId="000000000212BF00" bytes="117419296" />
</allocation-stats>
<gc-op id="3116" type="copy forward" timems="7.560" contextid="3113" timestamp="2019-08-09T08:14:17.594">
  <memory-copied type="eden" objects="3" bytes="120" bytesdiscarded="0" />
  <memory-copied type="other" objects="40" bytes="1168" bytesdiscarded="984" />
  <memory-cardclean objects="71" bytes="10536" />
  <regions eden="56" other="2" />
  <remembered-set-cleared processed="257" cleared="20" durationms="0.151" />
  <references type="weak" candidates="2" cleared="0" enqueued="0" />
  <stringconstants candidates="13755" cleared="0"  />
</gc-op>
<gc-op id="3117" type="classunload" timems="0.008" contextid="3113" timestamp="2019-08-09T08:14:17.594">
  <classunload-info classloadercandidates="53" classloadersunloaded="0" classesunloaded="0" anonymousclassesunloaded="0" quiescems="0.000" setupms="0.008" scanms="0.000" postms="0.000" />
</gc-op>
<gc-end id="3118" type="partial gc" contextid="3113" durationms="8.753" usertimems="20.669" systemtimems="0.000" timestamp="2019-08-09T08:14:17.594" activeThreads="16">
  <mem-info id="3119" free="264241152" total="446693376" percent="59">
    <mem type="eden" free="2097032" total="2097152" percent="99" />
    <remembered-set count="7712" freebytes="17827072" totalbytes="17857920" percent="99" regionsoverflowed="0" regionsstable="10" regionsrebuilding="0"/>
  </mem-info>
</gc-end>
<cycle-end id="3120" type="partial gc" contextid="3113" timestamp="2019-08-09T08:14:17.594" />
  <attribute name="elasticGC enabled" value="1" />
  <attribute name= "numThreadsSpecified" value="16" />
  <attribute name="heapSize specified" value="0" />
  <attribute name="Current GC Util" value="184" />
  <attribute name= "Current Time Running" value="92673" />
  <attribute name ="GC Interval" value="0" />
  <attribute name="Target GC Util Change" value ="80.000000" />
  <attribute name="Current GC Util Change" value="184.000000"/>
  <attribute name="Current Error" value="-28.000000" />
  <attribute name="Output H" value="446731200"/>
  <attribute name="Output I" value="1984"/>
  <attribute name="Output T" value="16"/>
  <attribute name= "Current Time Running" value="92673" />
  <attribute name="GC Util currently" value="184" />
  <attribute name="CPU Util currently" value="1569792384496" />
<exclusive-end id="3121" timestamp="2019-08-09T08:14:17.594" durationms="9.364" />

<exclusive-start id="3122" timestamp="2019-08-09T08:14:17.736" intervalms="150.880">
  <response-info timems="0.020" idlems="0.020" threads="0" lastid="000000000212BF00" lastname="main" />
</exclusive-start>
<allocation-taxation id="3123" taxation-threshold="117440512" timestamp="2019-08-09T08:14:17.736" intervalms="150.885" />
<cycle-start id="3124" type="partial gc" contextid="0" timestamp="2019-08-09T08:14:17.736" intervalms="150.865" />
<gc-start id="3125" type="partial gc" contextid="3124" timestamp="2019-08-09T08:14:17.736">
  <mem-info id="3126" free="146800640" total="446693376" percent="32">
    <mem type="eden" free="2097032" total="119537664" percent="1" />
    <remembered-set count="7552" freebytes="17827712" totalbytes="17857920" percent="99" regionsoverflowed="0" regionsstable="10" regionsrebuilding="0"/>
  </mem-info>
</gc-start>
<allocation-stats totalBytes="117356552" >
  <allocated-bytes non-tlh="0" tlh="117356552" arrayletleaf="0"/>
  <largest-consumer threadName="main" threadId="000000000212BF00" bytes="117356552" />
</allocation-stats>
<gc-op id="3127" type="copy forward" timems="7.084" contextid="3124" timestamp="2019-08-09T08:14:17.744">
  <memory-copied type="eden" objects="26" bytes="1352" bytesdiscarded="0" />
  <memory-copied type="other" objects="20" bytes="496" bytesdiscarded="1104" />
  <memory-cardclean objects="76" bytes="10600" />
  <regions eden="56" other="2" />
  <remembered-set-cleared processed="259" cleared="19" durationms="0.141" />
  <references type="weak" candidates="2" cleared="0" enqueued="0" />
  <stringconstants candidates="13755" cleared="0"  />
</gc-op>
<gc-op id="3128" type="classunload" timems="0.007" contextid="3124" timestamp="2019-08-09T08:14:17.744">
  <classunload-info classloadercandidates="53" classloadersunloaded="0" classesunloaded="0" anonymousclassesunloaded="0" quiescems="0.000" setupms="0.007" scanms="0.000" postms="0.000" />
</gc-op>
<heap-resize id="3129" type="contract" space="default" amount="23068672" count="1" timems="0.106" reason="insufficient time being spent in gc" timestamp="2019-08-09T08:14:17.744" />
<gc-end id="3130" type="partial gc" contextid="3124" durationms="8.143" usertimems="18.487" systemtimems="0.000" timestamp="2019-08-09T08:14:17.744" activeThreads="16">
  <mem-info id="3131" free="241172480" total="423624704" percent="56">
    <mem type="eden" free="2095800" total="2097152" percent="99" />
    <remembered-set count="6784" freebytes="17830784" totalbytes="17857920" percent="99" regionsoverflowed="0" regionsstable="10" regionsrebuilding="0"/>
  </mem-info>
</gc-end>
<cycle-end id="3132" type="partial gc" contextid="3124" timestamp="2019-08-09T08:14:17.744" />
  <attribute name="elasticGC enabled" value="1" />
  <attribute name= "numThreadsSpecified" value="16" />
  <attribute name="heapSize specified" value="0" />
  <attribute name="Current GC Util" value="147" />
  <attribute name= "Current Time Running" value="92824" />
  <attribute name ="GC Interval" value="0" />
  <attribute name="Target GC Util Change" value ="80.000000" />
  <attribute name="Current GC Util Change" value="147.000000"/>
  <attribute name="Current Error" value="-67.000000" />
  <attribute name="Output H" value="446731184"/>
  <attribute name="Output I" value="1968"/>
  <attribute name="Output T" value="16"/>
  <attribute name= "Current Time Running" value="92824" />
  <attribute name="GC Util currently" value="147" />
  <attribute name="CPU Util currently" value="2502244052189" />
<exclusive-end id="3133" timestamp="2019-08-09T08:14:17.744" durationms="8.808" />

<exclusive-start id="3134" timestamp="2019-08-09T08:14:17.785" intervalms="49.637">
  <response-info timems="0.020" idlems="0.020" threads="0" lastid="000000000212BF00" lastname="main" />
</exclusive-start>
<allocation-taxation id="3135" taxation-threshold="113246208" timestamp="2019-08-09T08:14:17.785" intervalms="49.645" />
<cycle-start id="3136" type="partial gc" contextid="0" timestamp="2019-08-09T08:14:17.785" intervalms="49.637" />
<gc-start id="3137" type="partial gc" contextid="3136" timestamp="2019-08-09T08:14:17.785">
  <mem-info id="3138" free="127926272" total="423624704" percent="30">
    <mem type="eden" free="0" total="113246208" percent="0" />
    <remembered-set count="6304" freebytes="17832704" totalbytes="17857920" percent="99" regionsoverflowed="0" regionsstable="10" regionsrebuilding="0"/>
  </mem-info>
</gc-start>
<allocation-stats totalBytes="113091088" >
  <allocated-bytes non-tlh="0" tlh="113091088" arrayletleaf="0"/>
  <largest-consumer threadName="main" threadId="000000000212BF00" bytes="113091088" />
</allocation-stats>
<gc-op id="3139" type="copy forward" timems="7.723" contextid="3136" timestamp="2019-08-09T08:14:17.795">
  <memory-copied type="eden" objects="4" bytes="112" bytesdiscarded="0" />
  <memory-copied type="other" objects="41" bytes="1712" bytesdiscarded="336" />
  <memory-cardclean objects="68" bytes="10472" />
  <regions eden="54" other="2" />
  <remembered-set-cleared processed="260" cleared="20" durationms="0.192" />
  <references type="weak" candidates="2" cleared="0" enqueued="0" />
  <stringconstants candidates="13755" cleared="0"  />
</gc-op>
<gc-op id="3140" type="classunload" timems="0.011" contextid="3136" timestamp="2019-08-09T08:14:17.795">
  <classunload-info classloadercandidates="53" classloadersunloaded="0" classesunloaded="0" anonymousclassesunloaded="0" quiescems="0.000" setupms="0.011" scanms="0.000" postms="0.000" />
</gc-op>
<gc-end id="3141" type="partial gc" contextid="3136" durationms="10.061" usertimems="23.332" systemtimems="0.000" timestamp="2019-08-09T08:14:17.796" activeThreads="16">
  <mem-info id="3142" free="239075328" total="423624704" percent="56">
    <mem type="eden" free="2097040" total="2097152" percent="99" />
    <remembered-set count="7296" freebytes="16906496" totalbytes="16935680" percent="99" regionsoverflowed="0" regionsstable="10" regionsrebuilding="0"/>
  </mem-info>
</gc-end>
<cycle-end id="3143" type="partial gc" contextid="3136" timestamp="2019-08-09T08:14:17.796" />
  <attribute name="elasticGC enabled" value="1" />
  <attribute name= "numThreadsSpecified" value="16" />
  <attribute name="heapSize specified" value="0" />
  <attribute name="Current GC Util" value="44" />
  <attribute name= "Current Time Running" value="92875" />
  <attribute name ="GC Interval" value="0" />
  <attribute name="Target GC Util Change" value ="80.000000" />
  <attribute name="Current GC Util Change" value="44.000000"/>
  <attribute name="Current Error" value="13.000000" />
  <attribute name="Output H" value="423662552"/>
  <attribute name="Output I" value="2008"/>
  <attribute name="Output T" value="16"/>
  <attribute name= "Current Time Running" value="92875" />
  <attribute name="GC Util currently" value="44" />
  <attribute name="CPU Util currently" value="655233190900" />
<exclusive-end id="3144" timestamp="2019-08-09T08:14:17.796" durationms="10.676" />

* Round 4 done in 3.251 seconds.

-------------------------------------------------------------------------------
Benchmark: 2019-08-09 08:13:52
-------------------------------------------------------------------------------

    Rounds: 4
    Warp:   10
    Timer:  time.time

Test                             minimum  average  operation  overhead
-------------------------------------------------------------------------------
          BuiltinFunctionCalls:     19ms     52ms    0.10us    0.000ms
           BuiltinMethodLookup:     40ms     91ms    0.09us    0.000ms
                 CompareFloats:     16ms    111ms    0.09us    0.000ms
         CompareFloatsIntegers:     20ms     85ms    0.09us    0.000ms
               CompareIntegers:     24ms     70ms    0.04us    0.000ms
        CompareInternedStrings:     41ms    123ms    0.08us    0.000ms
                  CompareLongs:     17ms     47ms    0.04us    0.000ms
                CompareStrings:     31ms     71ms    0.07us    0.000ms
                CompareUnicode:     25ms     55ms    0.07us    0.000ms
                 ConcatStrings:    272ms    429ms    0.86us    0.000ms
                 ConcatUnicode:    154ms    230ms    0.77us    0.000ms
               CreateInstances:     81ms    125ms    1.12us    0.000ms
            CreateNewInstances:    108ms    150ms    1.79us    0.000ms
       CreateStringsWithConcat:     99ms    158ms    0.16us    0.000ms
       CreateUnicodeWithConcat:     42ms     77ms    0.19us    0.000ms
                  DictCreation:     98ms    137ms    0.34us    0.000ms
             DictWithFloatKeys:     16ms    161ms    0.18us    0.000ms
           DictWithIntegerKeys:     20ms     59ms    0.05us    0.000ms
            DictWithStringKeys:     20ms     56ms    0.05us    0.000ms
                      ForLoops:    100ms    154ms    6.15us    0.000ms
                    IfThenElse:     23ms     93ms    0.07us    0.000ms
                   ListSlicing:     25ms     38ms    2.70us    0.000ms
                NestedForLoops:     85ms    112ms    0.07us    0.000ms
          NormalClassAttribute:     24ms     94ms    0.08us    0.000ms
       NormalInstanceAttribute:     25ms     65ms    0.05us    0.000ms
           PythonFunctionCalls:     41ms    117ms    0.36us    0.000ms
             PythonMethodCalls:     36ms     72ms    0.32us    0.000ms
                     Recursion:     42ms    145ms    2.90us    0.000ms
                  SecondImport:     46ms     89ms    0.89us    0.000ms
           SecondPackageImport:     39ms     53ms    0.53us    0.000ms
         SecondSubmoduleImport:     77ms     88ms    0.88us    0.000ms
       SimpleComplexArithmetic:     15ms     76ms    0.09us    0.000ms
        SimpleDictManipulation:     70ms    183ms    0.15us    0.000ms
         SimpleFloatArithmetic:     21ms    116ms    0.09us    0.000ms
      SimpleIntFloatArithmetic:     20ms    115ms    0.09us    0.000ms
       SimpleIntegerArithmetic:     20ms     81ms    0.06us    0.000ms
        SimpleListManipulation:     40ms    126ms    0.11us    0.000ms
          SimpleLongArithmetic:     32ms     87ms    0.13us    0.000ms
                    SmallLists:     64ms    103ms    0.15us    0.000ms
                   SmallTuples:     75ms    195ms    0.36us    0.000ms
         SpecialClassAttribute:     24ms     68ms    0.06us    0.000ms
      SpecialInstanceAttribute:     24ms     66ms    0.05us    0.000ms
                StringMappings:     95ms    208ms    0.82us    0.000ms
              StringPredicates:     41ms    123ms    0.18us    0.000ms
                 StringSlicing:     90ms    139ms    0.25us    0.000ms
                     TryExcept:      2ms     25ms    0.01us    0.000ms
                TryRaiseExcept:     89ms    128ms    2.00us    0.000ms
                  TupleSlicing:     38ms     57ms    0.22us    0.000ms
               UnicodeMappings:     94ms    194ms    5.40us    0.000ms
             UnicodePredicates:     44ms    108ms    0.20us    0.000ms
             UnicodeProperties:    398ms    510ms    1.27us    0.000ms
                UnicodeSlicing:     86ms    115ms    0.24us    0.000ms
-------------------------------------------------------------------------------
Totals:                           3088ms   6231ms

===== DaCapo 9.12-MR1 jython PASSED in 28013 msec =====
<exclusive-start id="3145" timestamp="2019-08-09T08:14:18.006" intervalms="220.922">
  <response-info timems="0.053" idlems="0.053" threads="0" lastid="000000000212BF00" lastname="main" />
</exclusive-start>
<allocation-taxation id="3146" taxation-threshold="113246208" timestamp="2019-08-09T08:14:18.006" intervalms="220.928" />
<cycle-start id="3147" type="partial gc" contextid="0" timestamp="2019-08-09T08:14:18.006" intervalms="220.952" />
<gc-start id="3148" type="partial gc" contextid="3147" timestamp="2019-08-09T08:14:18.007">
  <mem-info id="3149" free="125829120" total="423624704" percent="29">
    <mem type="eden" free="2525928" total="115343360" percent="2" />
    <remembered-set count="7296" freebytes="16906496" totalbytes="16935680" percent="99" regionsoverflowed="0" regionsstable="10" regionsrebuilding="0"/>
  </mem-info>
</gc-start>
<allocation-stats totalBytes="101685904" >
  <allocated-bytes non-tlh="14570632" tlh="87115272" arrayletleaf="0"/>
  <largest-consumer threadName="main" threadId="000000000212BF00" bytes="101685904" />
</allocation-stats>
<gc-op id="3150" type="copy forward" timems="11.679" contextid="3147" timestamp="2019-08-09T08:14:18.019">
  <memory-copied type="eden" objects="5037" bytes="676104" bytesdiscarded="79240" />
  <memory-copied type="other" objects="6" bytes="144" bytesdiscarded="744" />
  <memory-cardclean objects="469" bytes="34152" />
  <regions eden="54" other="2" />
  <remembered-set-cleared processed="265" cleared="21" durationms="0.470" />
  <finalization candidates="1" enqueued="1" />
  <ownableSynchronizers candidates="3" cleared="3" />
  <references type="soft" candidates="16" cleared="0" enqueued="0" dynamicThreshold="18" maxThreshold="32" />
  <references type="weak" candidates="77" cleared="0" enqueued="0" />
  <references type="phantom" candidates="38" cleared="0" enqueued="0" />
  <stringconstants candidates="14173" cleared="0"  />
</gc-op>
<gc-op id="3151" type="classunload" timems="0.010" contextid="3147" timestamp="2019-08-09T08:14:18.019">
  <classunload-info classloadercandidates="54" classloadersunloaded="0" classesunloaded="0" anonymousclassesunloaded="0" quiescems="0.000" setupms="0.010" scanms="0.000" postms="0.000" />
</gc-op>
<gc-end id="3152" type="partial gc" contextid="3147" durationms="12.933" usertimems="34.018" systemtimems="0.000" timestamp="2019-08-09T08:14:18.019" activeThreads="16">
  <mem-info id="3153" free="239075328" total="423624704" percent="56">
    <mem type="eden" free="1341224" total="2097152" percent="63" />
    <pending-finalizers system="1" default="0" reference="0" classloader="0" />
    <remembered-set count="9024" freebytes="16899584" totalbytes="16935680" percent="99" regionsoverflowed="0" regionsstable="10" regionsrebuilding="0"/>
  </mem-info>
</gc-end>
<cycle-end id="3154" type="partial gc" contextid="3147" timestamp="2019-08-09T08:14:18.020" />
  <attribute name="elasticGC enabled" value="1" />
  <attribute name= "numThreadsSpecified" value="16" />
  <attribute name="heapSize specified" value="0" />
  <attribute name="Current GC Util" value="119" />
  <attribute name= "Current Time Running" value="93095" />
  <attribute name ="GC Interval" value="0" />
  <attribute name="Target GC Util Change" value ="80.000000" />
  <attribute name="Current GC Util Change" value="119.000000"/>
  <attribute name="Current Error" value="44.000000" />
  <attribute name="Output H" value="423662576"/>
  <attribute name="Output I" value="2032"/>
  <attribute name="Output T" value="16"/>
  <attribute name= "Current Time Running" value="93095" />
  <attribute name="GC Util currently" value="119" />
  <attribute name="CPU Util currently" value="1904528325390" />
<exclusive-end id="3155" timestamp="2019-08-09T08:14:18.020" durationms="13.684" />

<exclusive-start id="3156" timestamp="2019-08-09T08:14:18.037" intervalms="31.184">
  <response-info timems="0.048" idlems="0.048" threads="0" lastid="000000000212BF00" lastname="main" />
</exclusive-start>
<sys-start reason="explicit" id="3157" timestamp="2019-08-09T08:14:18.037" intervalms="28254.624" />
<cycle-start id="3158" type="global garbage collect" contextid="0" timestamp="2019-08-09T08:14:18.037" intervalms="92967.831" />
<gc-start id="3159" type="global garbage collect" contextid="3158" timestamp="2019-08-09T08:14:18.038">
  <mem-info id="3160" free="149117776" total="423624704" percent="35">
    <mem type="eden" free="2317136" total="92274688" percent="2" />
    <remembered-set count="8640" freebytes="16901120" totalbytes="16935680" percent="99" regionsoverflowed="0" regionsstable="10" regionsrebuilding="0"/>
  </mem-info>
</gc-start>
<allocation-stats totalBytes="86309336" >
  <allocated-bytes non-tlh="60128672" tlh="26180664" arrayletleaf="0"/>
  <largest-consumer threadName="main" threadId="000000000212BF00" bytes="86309336" />
</allocation-stats>
<gc-op id="3161" type="global mark" timems="12.465" contextid="3158" timestamp="2019-08-09T08:14:18.050">
  <trace-info objectcount="604828" scancount="522389" scanbytes="13494856" />
  <finalization candidates="80" enqueued="0" />
  <ownableSynchronizers candidates="21" cleared="0" />
  <references type="soft" candidates="3574" cleared="0" enqueued="0" dynamicThreshold="18" maxThreshold="32" />
  <references type="weak" candidates="5878" cleared="93" enqueued="78" />
  <references type="phantom" candidates="133" cleared="11" enqueued="11" />
  <stringconstants candidates="14173" cleared="43"  />
</gc-op>
<gc-op id="3162" type="classunload" timems="0.009" contextid="3158" timestamp="2019-08-09T08:14:18.050">
  <classunload-info classloadercandidates="54" classloadersunloaded="0" classesunloaded="0" anonymousclassesunloaded="0" quiescems="0.000" setupms="0.009" scanms="0.000" postms="0.000" />
</gc-op>
<gc-op id="3163" type="sweep" timems="3.201" contextid="3158" timestamp="2019-08-09T08:14:18.054" />
<gc-op id="3164" type="compact" timems="24.259" contextid="3158" timestamp="2019-08-09T08:14:18.078">
  <compact-info movecount="604827" movebytes="18627088" />
  <remembered-set-cleared processed="111156" cleared="111156" durationms="0.566" />
</gc-op>
<heap-resize id="3165" type="contract" space="default" amount="23068672" count="1" timems="0.150" reason="excess free space following gc" timestamp="2019-08-09T08:14:18.079" />
<gc-end id="3166" type="global garbage collect" contextid="3158" durationms="40.975" usertimems="216.103" systemtimems="0.000" timestamp="2019-08-09T08:14:18.079" activeThreads="16">
  <mem-info id="3167" free="369098752" total="400556032" percent="92">
    <pending-finalizers system="0" default="0" reference="89" classloader="0" />
    <remembered-set count="41472" freebytes="16769792" totalbytes="16935680" percent="99" regionsoverflowed="0" regionsstable="0" regionsrebuilding="0"/>
  </mem-info>
</gc-end>
<cycle-end id="3168" type="global garbage collect" contextid="3158" timestamp="2019-08-09T08:14:18.079" />
  <attribute name="elasticGC enabled" value="1" />
  <attribute name= "numThreadsSpecified" value="16" />
  <attribute name="heapSize specified" value="0" />
  <attribute name="Current GC Util" value="231" />
  <attribute name= "Current Time Running" value="93141" />
  <attribute name ="GC Interval" value="0" />
  <attribute name="Target GC Util Change" value ="80.000000" />
  <attribute name="Current GC Util Change" value="231.000000"/>
  <attribute name="Current Error" value="-585.000000" />
  <attribute name="Output H" value="423662208"/>
  <attribute name="Output I" value="1664"/>
  <attribute name="Output T" value="16"/>
  <attribute name= "Current Time Running" value="93141" />
  <attribute name="GC Util currently" value="231" />
  <attribute name="CPU Util currently" value="344774812719" />
<sys-end id="3169" timestamp="2019-08-09T08:14:18.079" />
<exclusive-end id="3170" timestamp="2019-08-09T08:14:18.079" durationms="41.496" />

===== DaCapo 9.12-MR1 pmd starting =====
<exclusive-start id="3171" timestamp="2019-08-09T08:14:18.870" intervalms="833.194">
  <response-info timems="0.057" idlems="0.057" threads="0" lastid="0000000002437E00" lastname="PmdThread 1" />
</exclusive-start>
<allocation-taxation id="3172" taxation-threshold="106954752" timestamp="2019-08-09T08:14:18.871" intervalms="864.378" />
<cycle-start id="3173" type="partial gc" contextid="0" timestamp="2019-08-09T08:14:18.871" intervalms="864.397" />
<gc-start id="3174" type="partial gc" contextid="3173" timestamp="2019-08-09T08:14:18.871">
  <mem-info id="3175" free="262144000" total="400556032" percent="65">
    <mem type="eden" free="0" total="106954752" percent="0" />
    <remembered-set count="41472" freebytes="16769792" totalbytes="16935680" percent="99" regionsoverflowed="0" regionsstable="0" regionsrebuilding="0"/>
  </mem-info>
</gc-start>
<allocation-stats totalBytes="106867792" >
  <allocated-bytes non-tlh="612856" tlh="106254936" arrayletleaf="0"/>
  <largest-consumer threadName="main" threadId="000000000212BF00" bytes="8643096" />
</allocation-stats>
<gc-op id="3176" type="copy forward" timems="21.630" contextid="3173" timestamp="2019-08-09T08:14:18.894">
  <memory-copied type="eden" objects="215743" bytes="10721184" bytesdiscarded="1034376" />
  <memory-copied type="other" objects="0" bytes="0" bytesdiscarded="0" />
  <memory-cardclean objects="1353" bytes="70536" />
  <regions eden="51" other="0" />
  <remembered-set-cleared processed="36375" cleared="217" durationms="0.212" />
  <finalization candidates="5" enqueued="1" />
  <ownableSynchronizers candidates="19" cleared="0" />
  <references type="soft" candidates="153" cleared="0" enqueued="0" dynamicThreshold="29" maxThreshold="32" />
  <references type="weak" candidates="1586" cleared="0" enqueued="0" />
  <references type="phantom" candidates="385" cleared="0" enqueued="0" />
  <stringconstants candidates="15632" cleared="5"  />
</gc-op>
<gc-op id="3177" type="classunload" timems="0.632" contextid="3173" timestamp="2019-08-09T08:14:18.896">
  <classunload-info classloadercandidates="58" classloadersunloaded="1" classesunloaded="1" anonymousclassesunloaded="0" quiescems="0.000" setupms="0.611" scanms="0.016" postms="0.005" />
</gc-op>
<heap-resize id="3178" type="contract" space="default" amount="20971520" count="1" timems="0.131" reason="excess free space following gc" timestamp="2019-08-09T08:14:18.897" />
<gc-end id="3179" type="partial gc" contextid="3173" durationms="25.869" usertimems="87.100" systemtimems="0.000" timestamp="2019-08-09T08:14:18.897" activeThreads="16">
  <mem-info id="3180" free="335544320" total="379584512" percent="88">
    <mem type="eden" free="793280" total="12582912" percent="6" />
    <pending-finalizers system="1" default="0" reference="0" classloader="0" />
    <remembered-set count="65280" freebytes="15752320" totalbytes="16013440" percent="98" regionsoverflowed="0" regionsstable="0" regionsrebuilding="0"/>
  </mem-info>
</gc-end>
<cycle-end id="3181" type="partial gc" contextid="3173" timestamp="2019-08-09T08:14:18.897" />
  <attribute name="elasticGC enabled" value="1" />
  <attribute name= "numThreadsSpecified" value="16" />
  <attribute name="heapSize specified" value="0" />
  <attribute name="Current GC Util" value="50" />
  <attribute name= "Current Time Running" value="93960" />
  <attribute name ="GC Interval" value="0" />
  <attribute name="Target GC Util Change" value ="80.000000" />
  <attribute name="Current GC Util Change" value="50.000000"/>
  <attribute name="Current Error" value="-491.000000" />
  <attribute name="Output H" value="400593592"/>
  <attribute name="Output I" value="1720"/>
  <attribute name="Output T" value="16"/>
  <attribute name= "Current Time Running" value="93960" />
  <attribute name="GC Util currently" value="50" />
  <attribute name="CPU Util currently" value="750684945099" />
<exclusive-end id="3182" timestamp="2019-08-09T08:14:18.897" durationms="26.778" />

<exclusive-start id="3183" timestamp="2019-08-09T08:14:19.079" intervalms="208.114">
  <response-info timems="0.307" idlems="0.112" threads="3" lastid="0000000002437E00" lastname="PmdThread 1" />
</exclusive-start>
<allocation-taxation id="3184" taxation-threshold="100663296" timestamp="2019-08-09T08:14:19.079" intervalms="208.100" />
<cycle-start id="3185" type="partial gc" contextid="0" timestamp="2019-08-09T08:14:19.079" intervalms="208.061" />
<gc-start id="3186" type="partial gc" contextid="3185" timestamp="2019-08-09T08:14:19.079">
  <mem-info id="3187" free="234881024" total="379584512" percent="61">
    <mem type="eden" free="0" total="100663296" percent="0" />
    <remembered-set count="33472" freebytes="15879552" totalbytes="16013440" percent="99" regionsoverflowed="0" regionsstable="8" regionsrebuilding="0"/>
  </mem-info>
</gc-start>
<allocation-stats totalBytes="100630336" >
  <allocated-bytes non-tlh="19856" tlh="100610480" arrayletleaf="0"/>
  <largest-consumer threadName="PmdThread 8" threadId="0000000002461500" bytes="21451552" />
</allocation-stats>
<gc-op id="3188" type="copy forward" timems="26.138" contextid="3185" timestamp="2019-08-09T08:14:19.107">
  <memory-copied type="eden" objects="370535" bytes="15436768" bytesdiscarded="952160" />
  <memory-copied type="other" objects="163500" bytes="7011016" bytesdiscarded="711344" />
  <memory-cardclean objects="497" bytes="32312" />
  <regions eden="48" other="6" />
  <remembered-set-cleared processed="17245" cleared="1169" durationms="0.251" />
  <finalization candidates="4" enqueued="0" />
  <ownableSynchronizers candidates="19" cleared="0" />
  <references type="soft" candidates="153" cleared="0" enqueued="0" dynamicThreshold="28" maxThreshold="32" />
  <references type="weak" candidates="2278" cleared="0" enqueued="0" />
  <references type="phantom" candidates="605" cleared="0" enqueued="0" />
  <stringconstants candidates="15735" cleared="0"  />
</gc-op>
<gc-op id="3189" type="classunload" timems="0.009" contextid="3185" timestamp="2019-08-09T08:14:19.107">
  <classunload-info classloadercandidates="57" classloadersunloaded="0" classesunloaded="0" anonymousclassesunloaded="0" quiescems="0.000" setupms="0.009" scanms="0.000" postms="0.000" />
</gc-op>
<heap-resize id="3190" type="contract" space="default" amount="20971520" count="1" timems="0.161" reason="excess free space following gc" timestamp="2019-08-09T08:14:19.108" />
<gc-end id="3191" type="partial gc" contextid="3185" durationms="28.719" usertimems="137.254" systemtimems="0.000" timestamp="2019-08-09T08:14:19.108" activeThreads="16">
  <mem-info id="3192" free="301989888" total="358612992" percent="84">
    <mem type="eden" free="373288" total="16777216" percent="2" />
    <remembered-set count="59712" freebytes="14936192" totalbytes="15175040" percent="98" regionsoverflowed="0" regionsstable="8" regionsrebuilding="0"/>
  </mem-info>
</gc-end>
<cycle-end id="3193" type="partial gc" contextid="3185" timestamp="2019-08-09T08:14:19.108" />
  <attribute name="elasticGC enabled" value="1" />
  <attribute name= "numThreadsSpecified" value="16" />
  <attribute name="heapSize specified" value="0" />
  <attribute name="Current GC Util" value="85" />
  <attribute name= "Current Time Running" value="94168" />
  <attribute name ="GC Interval" value="0" />
  <attribute name="Target GC Util Change" value ="80.000000" />
  <attribute name="Current GC Util Change" value="85.000000"/>
  <attribute name="Current Error" value="-457.000000" />
  <attribute name="Output H" value="379622096"/>
  <attribute name="Output I" value="1744"/>
  <attribute name="Output T" value="16"/>
  <attribute name= "Current Time Running" value="94168" />
  <attribute name="GC Util currently" value="85" />
  <attribute name="CPU Util currently" value="612752854040" />
<exclusive-end id="3194" timestamp="2019-08-09T08:14:19.108" durationms="29.345" />

<exclusive-start id="3195" timestamp="2019-08-09T08:14:19.294" intervalms="215.500">
  <response-info timems="0.630" idlems="0.349" threads="1" lastid="0000000002412700" lastname="PmdThread 14" />
</exclusive-start>
<allocation-taxation id="3196" taxation-threshold="96468992" timestamp="2019-08-09T08:14:19.294" intervalms="215.496" />
<cycle-start id="3197" type="partial gc" contextid="0" timestamp="2019-08-09T08:14:19.294" intervalms="215.506" />
<gc-start id="3198" type="partial gc" contextid="3197" timestamp="2019-08-09T08:14:19.294">
  <mem-info id="3199" free="205520896" total="358612992" percent="57">
    <mem type="eden" free="0" total="96468992" percent="0" />
    <remembered-set count="59584" freebytes="14936704" totalbytes="15175040" percent="98" regionsoverflowed="0" regionsstable="8" regionsrebuilding="0"/>
  </mem-info>
</gc-start>
<allocation-stats totalBytes="96428096" >
  <allocated-bytes non-tlh="40856" tlh="96387240" arrayletleaf="0"/>
  <largest-consumer threadName="PmdThread 8" threadId="0000000002461500" bytes="11056440" />
</allocation-stats>
<gc-op id="3200" type="copy forward" timems="30.622" contextid="3197" timestamp="2019-08-09T08:14:19.328">
  <memory-copied type="eden" objects="123372" bytes="6330552" bytesdiscarded="1222416" />
  <memory-copied type="other" objects="428541" bytes="16883744" bytesdiscarded="1761392" />
  <memory-cardclean objects="6726" bytes="289664" />
  <regions eden="46" other="11" />
  <remembered-set-cleared processed="35366" cleared="19074" durationms="0.251" />
  <finalization candidates="1" enqueued="0" />
  <references type="soft" candidates="83" cleared="0" enqueued="0" dynamicThreshold="26" maxThreshold="32" />
  <references type="weak" candidates="2698" cleared="0" enqueued="0" />
  <references type="phantom" candidates="639" cleared="0" enqueued="0" />
  <stringconstants candidates="15804" cleared="0"  />
</gc-op>
<gc-op id="3201" type="classunload" timems="0.010" contextid="3197" timestamp="2019-08-09T08:14:19.328">
  <classunload-info classloadercandidates="57" classloadersunloaded="0" classesunloaded="0" anonymousclassesunloaded="0" quiescems="0.000" setupms="0.009" scanms="0.000" postms="0.000" />
</gc-op>
<heap-resize id="3202" type="contract" space="default" amount="18874368" count="1" timems="0.151" reason="excess free space following gc" timestamp="2019-08-09T08:14:19.328" />
<gc-end id="3203" type="partial gc" contextid="3197" durationms="33.486" usertimems="164.072" systemtimems="0.000" timestamp="2019-08-09T08:14:19.328" activeThreads="16">
  <mem-info id="3204" free="276824064" total="339738624" percent="81">
    <mem type="eden" free="811544" total="8388608" percent="9" />
    <remembered-set count="67392" freebytes="14067072" totalbytes="14336640" percent="98" regionsoverflowed="0" regionsstable="8" regionsrebuilding="0"/>
  </mem-info>
</gc-end>
<cycle-end id="3205" type="partial gc" contextid="3197" timestamp="2019-08-09T08:14:19.328" />
  <attribute name="elasticGC enabled" value="1" />
  <attribute name= "numThreadsSpecified" value="16" />
  <attribute name="heapSize specified" value="0" />
  <attribute name="Current GC Util" value="51" />
  <attribute name= "Current Time Running" value="94384" />
  <attribute name ="GC Interval" value="0" />
  <attribute name="Target GC Util Change" value ="80.000000" />
  <attribute name="Current GC Util Change" value="51.000000"/>
  <attribute name="Current Error" value="46.000000" />
  <attribute name="Output H" value="358650864"/>
  <attribute name="Output I" value="2032"/>
  <attribute name="Output T" value="16"/>
  <attribute name= "Current Time Running" value="94384" />
  <attribute name="GC Util currently" value="51" />
  <attribute name="CPU Util currently" value="531569914082" />
<exclusive-end id="3206" timestamp="2019-08-09T08:14:19.328" durationms="34.273" />

<exclusive-start id="3207" timestamp="2019-08-09T08:14:19.553" intervalms="259.141">
  <response-info timems="0.467" idlems="0.467" threads="0" lastid="000000000245DA00" lastname="PmdThread 9" />
</exclusive-start>
<allocation-taxation id="3208" taxation-threshold="92274688" timestamp="2019-08-09T08:14:19.553" intervalms="259.153" />
<cycle-start id="3209" type="partial gc" contextid="0" timestamp="2019-08-09T08:14:19.553" intervalms="259.152" />
<gc-start id="3210" type="partial gc" contextid="3209" timestamp="2019-08-09T08:14:19.554">
  <mem-info id="3211" free="184549376" total="339738624" percent="54">
    <mem type="eden" free="0" total="92274688" percent="0" />
    <remembered-set count="66944" freebytes="14068864" totalbytes="14336640" percent="98" regionsoverflowed="0" regionsstable="8" regionsrebuilding="0"/>
  </mem-info>
</gc-start>
<allocation-stats totalBytes="92240760" >
  <allocated-bytes non-tlh="457776" tlh="91782984" arrayletleaf="0"/>
  <largest-consumer threadName="PmdThread 15" threadId="0000000002474100" bytes="13607968" />
</allocation-stats>
<gc-op id="3212" type="copy forward" timems="22.134" contextid="3209" timestamp="2019-08-09T08:14:19.578">
  <memory-copied type="eden" objects="169724" bytes="8389264" bytesdiscarded="965632" />
  <memory-copied type="other" objects="193551" bytes="8137704" bytesdiscarded="1030992" />
  <memory-cardclean objects="149150" bytes="7237560" />
  <regions eden="44" other="7" />
  <remembered-set-cleared processed="31000" cleared="12895" durationms="0.213" />
  <finalization candidates="3" enqueued="0" />
  <ownableSynchronizers candidates="19" cleared="0" />
  <references type="soft" candidates="70" cleared="0" enqueued="0" dynamicThreshold="26" maxThreshold="32" />
  <references type="weak" candidates="2355" cleared="0" enqueued="0" />
  <references type="phantom" candidates="584" cleared="0" enqueued="0" />
  <stringconstants candidates="15879" cleared="0"  />
</gc-op>
<gc-op id="3213" type="classunload" timems="0.010" contextid="3209" timestamp="2019-08-09T08:14:19.578">
  <classunload-info classloadercandidates="57" classloadersunloaded="0" classesunloaded="0" anonymousclassesunloaded="0" quiescems="0.000" setupms="0.010" scanms="0.000" postms="0.000" />
</gc-op>
<heap-resize id="3214" type="contract" space="default" amount="18874368" count="1" timems="0.160" reason="excess free space following gc" timestamp="2019-08-09T08:14:19.579" />
<gc-end id="3215" type="partial gc" contextid="3209" durationms="24.931" usertimems="132.729" systemtimems="0.000" timestamp="2019-08-09T08:14:19.579" activeThreads="16">
  <mem-info id="3216" free="251658240" total="320864256" percent="78">
    <mem type="eden" free="1102192" total="10485760" percent="10" />
    <remembered-set count="84128" freebytes="13245568" totalbytes="13582080" percent="97" regionsoverflowed="0" regionsstable="8" regionsrebuilding="0"/>
  </mem-info>
</gc-end>
<cycle-end id="3217" type="partial gc" contextid="3209" timestamp="2019-08-09T08:14:19.579" />
  <attribute name="elasticGC enabled" value="1" />
  <attribute name= "numThreadsSpecified" value="16" />
  <attribute name="heapSize specified" value="0" />
  <attribute name="Current GC Util" value="57" />
  <attribute name= "Current Time Running" value="94643" />
  <attribute name ="GC Interval" value="0" />
  <attribute name="Target GC Util Change" value ="80.000000" />
  <attribute name="Current GC Util Change" value="57.000000"/>
  <attribute name="Current Error" value="86.000000" />
  <attribute name="Output H" value="339776520"/>
  <attribute name="Output I" value="2056"/>
  <attribute name="Output T" value="16"/>
  <attribute name= "Current Time Running" value="94643" />
  <attribute name="GC Util currently" value="57" />
  <attribute name="CPU Util currently" value="568786938055" />
<exclusive-end id="3218" timestamp="2019-08-09T08:14:19.579" durationms="25.895" />

<exclusive-start id="3219" timestamp="2019-08-09T08:14:19.724" intervalms="171.141">
  <response-info timems="0.116" idlems="0.116" threads="0" lastid="0000000002412700" lastname="PmdThread 14" />
</exclusive-start>
<allocation-taxation id="3220" taxation-threshold="88080384" timestamp="2019-08-09T08:14:19.724" intervalms="171.123" />
<cycle-start id="3221" type="partial gc" contextid="0" timestamp="2019-08-09T08:14:19.725" intervalms="171.207" />
<gc-start id="3222" type="partial gc" contextid="3221" timestamp="2019-08-09T08:14:19.725">
  <mem-info id="3223" free="163577856" total="320864256" percent="50">
    <mem type="eden" free="0" total="88080384" percent="0" />
    <remembered-set count="83744" freebytes="13247104" totalbytes="13582080" percent="97" regionsoverflowed="0" regionsstable="8" regionsrebuilding="0"/>
  </mem-info>
</gc-start>
<allocation-stats totalBytes="88029376" >
  <allocated-bytes non-tlh="17448" tlh="88011928" arrayletleaf="0"/>
  <largest-consumer threadName="PmdThread 9" threadId="000000000245DA00" bytes="10513032" />
</allocation-stats>
<gc-op id="3224" type="copy forward" timems="24.840" contextid="3221" timestamp="2019-08-09T08:14:19.752">
  <memory-copied type="eden" objects="90383" bytes="5320072" bytesdiscarded="848888" />
  <memory-copied type="other" objects="282272" bytes="11559624" bytesdiscarded="949384" />
  <memory-cardclean objects="52990" bytes="2345840" />
  <regions eden="42" other="9" />
  <remembered-set-cleared processed="55613" cleared="19604" durationms="0.232" />
  <finalization candidates="1" enqueued="0" />
  <references type="soft" candidates="81" cleared="0" enqueued="0" dynamicThreshold="25" maxThreshold="32" />
  <references type="weak" candidates="2378" cleared="0" enqueued="0" />
  <references type="phantom" candidates="702" cleared="0" enqueued="0" />
  <stringconstants candidates="15965" cleared="0"  />
</gc-op>
<gc-op id="3225" type="classunload" timems="0.009" contextid="3221" timestamp="2019-08-09T08:14:19.752">
  <classunload-info classloadercandidates="57" classloadersunloaded="0" classesunloaded="0" anonymousclassesunloaded="0" quiescems="0.000" setupms="0.008" scanms="0.000" postms="0.000" />
</gc-op>
<heap-resize id="3226" type="contract" space="default" amount="16777216" count="1" timems="0.165" reason="excess free space following gc" timestamp="2019-08-09T08:14:19.752" />
<gc-end id="3227" type="partial gc" contextid="3221" durationms="26.977" usertimems="126.700" systemtimems="0.000" timestamp="2019-08-09T08:14:19.752" activeThreads="16">
  <mem-info id="3228" free="232783872" total="304087040" percent="76">
    <mem type="eden" free="107048" total="6291456" percent="1" />
    <remembered-set count="83808" freebytes="12492288" totalbytes="12827520" percent="97" regionsoverflowed="0" regionsstable="8" regionsrebuilding="0"/>
  </mem-info>
</gc-end>
<cycle-end id="3229" type="partial gc" contextid="3221" timestamp="2019-08-09T08:14:19.752" />
  <attribute name="elasticGC enabled" value="1" />
  <attribute name= "numThreadsSpecified" value="16" />
  <attribute name="heapSize specified" value="0" />
  <attribute name="Current GC Util" value="85" />
  <attribute name= "Current Time Running" value="94814" />
  <attribute name ="GC Interval" value="0" />
  <attribute name="Target GC Util Change" value ="80.000000" />
  <attribute name="Current GC Util Change" value="85.000000"/>
  <attribute name="Current Error" value="84.000000" />
  <attribute name="Output H" value="320902144"/>
  <attribute name="Output I" value="2048"/>
  <attribute name="Output T" value="16"/>
  <attribute name= "Current Time Running" value="94814" />
  <attribute name="GC Util currently" value="85" />
  <attribute name="CPU Util currently" value="807593615603" />
<exclusive-end id="3230" timestamp="2019-08-09T08:14:19.752" durationms="27.887" />

<exclusive-start id="3231" timestamp="2019-08-09T08:14:19.925" intervalms="201.140">
  <response-info timems="0.051" idlems="0.051" threads="0" lastid="0000000002461500" lastname="PmdThread 8" />
</exclusive-start>
<allocation-taxation id="3232" taxation-threshold="83886080" timestamp="2019-08-09T08:14:19.926" intervalms="201.136" />
<cycle-start id="3233" type="partial gc" contextid="0" timestamp="2019-08-09T08:14:19.926" intervalms="201.036" />
<gc-start id="3234" type="partial gc" contextid="3233" timestamp="2019-08-09T08:14:19.926">
  <mem-info id="3235" free="148897792" total="304087040" percent="48">
    <mem type="eden" free="0" total="83886080" percent="0" />
    <remembered-set count="83616" freebytes="12493056" totalbytes="12827520" percent="97" regionsoverflowed="0" regionsstable="8" regionsrebuilding="0"/>
  </mem-info>
</gc-start>
<allocation-stats totalBytes="83817320" >
  <allocated-bytes non-tlh="17440" tlh="83799880" arrayletleaf="0"/>
  <largest-consumer threadName="PmdThread 8" threadId="0000000002461500" bytes="31085536" />
</allocation-stats>
<gc-op id="3236" type="copy forward" timems="21.437" contextid="3233" timestamp="2019-08-09T08:14:19.950">
  <memory-copied type="eden" objects="58309" bytes="3188512" bytesdiscarded="319968" />
  <memory-copied type="other" objects="198572" bytes="8430712" bytesdiscarded="589400" />
  <memory-cardclean objects="145666" bytes="6464944" />
  <regions eden="40" other="7" />
  <remembered-set-cleared processed="55617" cleared="21850" durationms="0.313" />
  <references type="soft" candidates="36" cleared="0" enqueued="0" dynamicThreshold="24" maxThreshold="32" />
  <references type="weak" candidates="3860" cleared="0" enqueued="0" />
  <references type="phantom" candidates="620" cleared="0" enqueued="0" />
  <stringconstants candidates="16065" cleared="0"  />
</gc-op>
<gc-op id="3237" type="classunload" timems="0.012" contextid="3233" timestamp="2019-08-09T08:14:19.950">
  <classunload-info classloadercandidates="57" classloadersunloaded="0" classesunloaded="0" anonymousclassesunloaded="0" quiescems="0.000" setupms="0.011" scanms="0.000" postms="0.000" />
</gc-op>
<heap-resize id="3238" type="contract" space="default" amount="16777216" count="1" timems="0.869" reason="excess free space following gc" timestamp="2019-08-09T08:14:19.951" />
<gc-end id="3239" type="partial gc" contextid="3233" durationms="25.143" usertimems="128.032" systemtimems="0.000" timestamp="2019-08-09T08:14:19.951" activeThreads="16">
  <mem-info id="3240" free="213909504" total="287309824" percent="74">
    <mem type="eden" free="654824" total="4194304" percent="15" />
    <remembered-set count="90048" freebytes="11796608" totalbytes="12156800" percent="97" regionsoverflowed="0" regionsstable="8" regionsrebuilding="0"/>
  </mem-info>
</gc-end>
<cycle-end id="3241" type="partial gc" contextid="3233" timestamp="2019-08-09T08:14:19.951" />
  <attribute name="elasticGC enabled" value="1" />
  <attribute name= "numThreadsSpecified" value="16" />
  <attribute name="heapSize specified" value="0" />
  <attribute name="Current GC Util" value="148" />
  <attribute name= "Current Time Running" value="95016" />
  <attribute name ="GC Interval" value="0" />
  <attribute name="Target GC Util Change" value ="80.000000" />
  <attribute name="Current GC Util Change" value="148.000000"/>
  <attribute name="Current Error" value="-51.000000" />
  <attribute name="Output H" value="304124856"/>
  <attribute name="Output I" value="1976"/>
  <attribute name="Output T" value="16"/>
  <attribute name= "Current Time Running" value="95016" />
  <attribute name="GC Util currently" value="148" />
  <attribute name="CPU Util currently" value="512581989772" />
<exclusive-end id="3242" timestamp="2019-08-09T08:14:19.951" durationms="25.909" />

===== DaCapo 9.12-MR1 pmd PASSED in 2163 msec =====
Using scaled threading model. 16 processors detected, 16 threads used to drive the workload, in a possible range of [1,512]
<exclusive-start id="3243" timestamp="2019-08-09T08:14:20.402" intervalms="476.684">
  <response-info timems="0.035" idlems="0.035" threads="0" lastid="000000000212BF00" lastname="main" />
</exclusive-start>
<sys-start reason="explicit" id="3244" timestamp="2019-08-09T08:14:20.402" intervalms="2364.941" />
<cycle-start id="3245" type="global garbage collect" contextid="0" timestamp="2019-08-09T08:14:20.402" intervalms="2364.976" />
<gc-start id="3246" type="global garbage collect" contextid="3245" timestamp="2019-08-09T08:14:20.403">
  <mem-info id="3247" free="159776760" total="287309824" percent="55">
    <mem type="eden" free="393208" total="54525952" percent="0" />
    <remembered-set count="89632" freebytes="11798272" totalbytes="12156800" percent="97" regionsoverflowed="0" regionsstable="8" regionsrebuilding="0"/>
  </mem-info>
</gc-start>
<allocation-stats totalBytes="54107200" >
  <allocated-bytes non-tlh="2915624" tlh="51191576" arrayletleaf="0"/>
  <largest-consumer threadName="main" threadId="000000000212BF00" bytes="9693400" />
</allocation-stats>
<gc-op id="3248" type="global mark" timems="15.161" contextid="3245" timestamp="2019-08-09T08:14:20.418">
  <trace-info objectcount="632884" scancount="545695" scanbytes="14230168" />
  <finalization candidates="152" enqueued="1" />
  <ownableSynchronizers candidates="42" cleared="19" />
  <references type="soft" candidates="3611" cleared="0" enqueued="0" dynamicThreshold="23" maxThreshold="32" />
  <references type="weak" candidates="12206" cleared="5941" enqueued="5866" />
  <references type="phantom" candidates="1600" cleared="747" enqueued="747" />
  <stringconstants candidates="16261" cleared="1766"  />
</gc-op>
<gc-op id="3249" type="classunload" timems="14.251" contextid="3245" timestamp="2019-08-09T08:14:20.432">
  <classunload-info classloadercandidates="58" classloadersunloaded="4" classesunloaded="1006" anonymousclassesunloaded="0" quiescems="0.000" setupms="7.165" scanms="7.043" postms="0.043" />
</gc-op>
<gc-op id="3250" type="sweep" timems="3.613" contextid="3245" timestamp="2019-08-09T08:14:20.436" />
<gc-op id="3251" type="compact" timems="40.826" contextid="3245" timestamp="2019-08-09T08:14:20.477">
  <compact-info movecount="632873" movebytes="22519136" />
  <remembered-set-cleared processed="128826" cleared="128826" durationms="0.672" />
</gc-op>
<heap-resize id="3252" type="contract" space="default" amount="14680064" count="1" timems="0.665" reason="excess free space following gc" timestamp="2019-08-09T08:14:20.478" />
<gc-end id="3253" type="global garbage collect" contextid="3245" durationms="75.372" usertimems="278.171" systemtimems="0.000" timestamp="2019-08-09T08:14:20.478" activeThreads="16">
  <mem-info id="3254" free="236978176" total="272629760" percent="86">
    <pending-finalizers system="1" default="0" reference="6613" classloader="0" />
    <remembered-set count="49664" freebytes="11958144" totalbytes="12156800" percent="98" regionsoverflowed="0" regionsstable="0" regionsrebuilding="0"/>
  </mem-info>
</gc-end>
<cycle-end id="3255" type="global garbage collect" contextid="3245" timestamp="2019-08-09T08:14:20.480" />
  <attribute name="elasticGC enabled" value="1" />
  <attribute name= "numThreadsSpecified" value="16" />
  <attribute name="heapSize specified" value="0" />
  <attribute name="Current GC Util" value="209" />
  <attribute name= "Current Time Running" value="95523" />
  <attribute name ="GC Interval" value="0" />
  <attribute name="Target GC Util Change" value ="80.000000" />
  <attribute name="Current GC Util Change" value="209.000000"/>
  <attribute name="Current Error" value="-300.000000" />
  <attribute name="Output H" value="287347496"/>
  <attribute name="Output I" value="1832"/>
  <attribute name="Output T" value="16"/>
  <attribute name= "Current Time Running" value="95523" />
  <attribute name="GC Util currently" value="209" />
  <attribute name="CPU Util currently" value="308877677209" />
<sys-end id="3256" timestamp="2019-08-09T08:14:20.480" />
<exclusive-end id="3257" timestamp="2019-08-09T08:14:20.480" durationms="77.445" />

===== DaCapo 9.12-MR1 sunflow starting =====
<exclusive-start id="3258" timestamp="2019-08-09T08:14:20.885" intervalms="482.898">
  <response-info timems="0.450" idlems="0.228" threads="1" lastid="0000000002443200" lastname="Thread-35" />
</exclusive-start>
<allocation-taxation id="3259" taxation-threshold="75497472" timestamp="2019-08-09T08:14:20.885" intervalms="959.611" />
<cycle-start id="3260" type="partial gc" contextid="0" timestamp="2019-08-09T08:14:20.885" intervalms="959.599" />
<gc-start id="3261" type="partial gc" contextid="3260" timestamp="2019-08-09T08:14:20.885">
  <mem-info id="3262" free="161480704" total="272629760" percent="59">
    <mem type="eden" free="0" total="75497472" percent="0" />
    <remembered-set count="49536" freebytes="11958656" totalbytes="12156800" percent="98" regionsoverflowed="0" regionsstable="0" regionsrebuilding="0"/>
  </mem-info>
</gc-start>
<allocation-stats totalBytes="75407656" >
  <allocated-bytes non-tlh="3423568" tlh="71984088" arrayletleaf="0"/>
  <largest-consumer threadName="Thread-33" threadId="000000000241DB00" bytes="6957512" />
</allocation-stats>
<gc-op id="3263" type="copy forward" timems="16.445" contextid="3260" timestamp="2019-08-09T08:14:20.904">
  <memory-copied type="eden" objects="110971" bytes="6486400" bytesdiscarded="818648" />
  <memory-copied type="other" objects="0" bytes="0" bytesdiscarded="0" />
  <memory-cardclean objects="293110" bytes="9347928" />
  <regions eden="36" other="0" />
  <remembered-set-cleared processed="394" cleared="278" durationms="0.226" />
  <references type="soft" candidates="15" cleared="0" enqueued="0" dynamicThreshold="27" maxThreshold="32" />
  <references type="weak" candidates="38" cleared="0" enqueued="0" />
  <references type="phantom" candidates="2" cleared="0" enqueued="0" />
  <stringconstants candidates="15048" cleared="1"  />
</gc-op>
<gc-op id="3264" type="classunload" timems="0.010" contextid="3260" timestamp="2019-08-09T08:14:20.904">
  <classunload-info classloadercandidates="54" classloadersunloaded="0" classesunloaded="0" anonymousclassesunloaded="0" quiescems="0.000" setupms="0.009" scanms="0.000" postms="0.000" />
</gc-op>
<heap-resize id="3265" type="contract" space="default" amount="14680064" count="1" timems="0.575" reason="excess free space following gc" timestamp="2019-08-09T08:14:20.905" />
<gc-end id="3266" type="partial gc" contextid="3260" durationms="19.410" usertimems="78.868" systemtimems="0.000" timestamp="2019-08-09T08:14:20.905" activeThreads="16">
  <mem-info id="3267" free="213909504" total="257949696" percent="82">
    <mem type="eden" free="1083064" total="8388608" percent="12" />
    <remembered-set count="52416" freebytes="10689536" totalbytes="10899200" percent="98" regionsoverflowed="0" regionsstable="0" regionsrebuilding="0"/>
  </mem-info>
</gc-end>
<cycle-end id="3268" type="partial gc" contextid="3260" timestamp="2019-08-09T08:14:20.905" />
  <attribute name="elasticGC enabled" value="1" />
  <attribute name= "numThreadsSpecified" value="16" />
  <attribute name="heapSize specified" value="0" />
  <attribute name="Current GC Util" value="81" />
  <attribute name= "Current Time Running" value="95975" />
  <attribute name ="GC Interval" value="0" />
  <attribute name="Target GC Util Change" value ="80.000000" />
  <attribute name="Current GC Util Change" value="81.000000"/>
  <attribute name="Current Error" value="-1.000000" />
  <attribute name="Output H" value="272667600"/>
  <attribute name="Output I" value="2000"/>
  <attribute name="Output T" value="16"/>
  <attribute name= "Current Time Running" value="95975" />
  <attribute name="GC Util currently" value="81" />
  <attribute name="CPU Util currently" value="634540537710" />
<exclusive-end id="3269" timestamp="2019-08-09T08:14:20.905" durationms="20.033" />

<exclusive-start id="3270" timestamp="2019-08-09T08:14:20.974" intervalms="89.313">
  <response-info timems="0.118" idlems="0.118" threads="0" lastid="0000000002425300" lastname="Thread-29" />
</exclusive-start>
<allocation-taxation id="3271" taxation-threshold="71303168" timestamp="2019-08-09T08:14:20.974" intervalms="89.317" />
<cycle-start id="3272" type="partial gc" contextid="0" timestamp="2019-08-09T08:14:20.975" intervalms="89.323" />
<gc-start id="3273" type="partial gc" contextid="3272" timestamp="2019-08-09T08:14:20.975">
  <mem-info id="3274" free="142606336" total="257949696" percent="55">
    <mem type="eden" free="0" total="71303168" percent="0" />
    <remembered-set count="20128" freebytes="10818688" totalbytes="10899200" percent="99" regionsoverflowed="0" regionsstable="9" regionsrebuilding="0"/>
  </mem-info>
</gc-start>
<allocation-stats totalBytes="71294280" >
  <allocated-bytes non-tlh="168" tlh="71294112" arrayletleaf="0"/>
  <largest-consumer threadName="Thread-36" threadId="0000000002452600" bytes="7896184" />
</allocation-stats>
<gc-op id="3275" type="copy forward" timems="15.165" contextid="3272" timestamp="2019-08-09T08:14:20.992">
  <memory-copied type="eden" objects="26112" bytes="790096" bytesdiscarded="344736" />
  <memory-copied type="other" objects="101882" bytes="6125824" bytesdiscarded="642024" />
  <memory-cardclean objects="83743" bytes="2729160" />
  <regions eden="34" other="4" />
  <remembered-set-cleared processed="1559" cleared="482" durationms="0.220" />
  <references type="soft" candidates="15" cleared="0" enqueued="0" dynamicThreshold="26" maxThreshold="32" />
  <references type="weak" candidates="38" cleared="0" enqueued="0" />
  <references type="phantom" candidates="2" cleared="0" enqueued="0" />
  <stringconstants candidates="15048" cleared="0"  />
</gc-op>
<gc-op id="3276" type="classunload" timems="0.011" contextid="3272" timestamp="2019-08-09T08:14:20.992">
  <classunload-info classloadercandidates="54" classloadersunloaded="0" classesunloaded="0" anonymousclassesunloaded="0" quiescems="0.000" setupms="0.010" scanms="0.000" postms="0.000" />
</gc-op>
<heap-resize id="3277" type="contract" space="default" amount="14680064" count="1" timems="0.553" reason="excess free space following gc" timestamp="2019-08-09T08:14:20.992" />
<gc-end id="3278" type="partial gc" contextid="3272" durationms="17.533" usertimems="65.553" systemtimems="0.000" timestamp="2019-08-09T08:14:20.992" activeThreads="16">
  <mem-info id="3279" free="197132288" total="243269632" percent="81">
    <mem type="eden" free="962320" total="2097152" percent="45" />
    <remembered-set count="24000" freebytes="10216320" totalbytes="10312320" percent="99" regionsoverflowed="0" regionsstable="9" regionsrebuilding="0"/>
  </mem-info>
</gc-end>
<cycle-end id="3280" type="partial gc" contextid="3272" timestamp="2019-08-09T08:14:20.992" />
  <attribute name="elasticGC enabled" value="1" />
  <attribute name= "numThreadsSpecified" value="16" />
  <attribute name="heapSize specified" value="0" />
  <attribute name="Current GC Util" value="99" />
  <attribute name= "Current Time Running" value="96063" />
  <attribute name ="GC Interval" value="0" />
  <attribute name="Target GC Util Change" value ="80.000000" />
  <attribute name="Current GC Util Change" value="99.000000"/>
  <attribute name="Current Error" value="-28.000000" />
  <attribute name="Output H" value="257987520"/>
  <attribute name="Output I" value="1984"/>
  <attribute name="Output T" value="16"/>
  <attribute name= "Current Time Running" value="96063" />
  <attribute name="GC Util currently" value="99" />
  <attribute name="CPU Util currently" value="879233611092" />
<exclusive-end id="3281" timestamp="2019-08-09T08:14:20.993" durationms="18.133" />

<exclusive-start id="3282" timestamp="2019-08-09T08:14:21.045" intervalms="70.584">
  <response-info timems="0.197" idlems="0.197" threads="0" lastid="0000000002456200" lastname="Thread-32" />
</exclusive-start>
<allocation-taxation id="3283" taxation-threshold="67108864" timestamp="2019-08-09T08:14:21.045" intervalms="70.569" />
<cycle-start id="3284" type="partial gc" contextid="0" timestamp="2019-08-09T08:14:21.045" intervalms="70.587" />
<gc-start id="3285" type="partial gc" contextid="3284" timestamp="2019-08-09T08:14:21.045">
  <mem-info id="3286" free="130023424" total="243269632" percent="53">
    <mem type="eden" free="0" total="67108864" percent="0" />
    <remembered-set count="23744" freebytes="10217344" totalbytes="10312320" percent="99" regionsoverflowed="0" regionsstable="9" regionsrebuilding="0"/>
  </mem-info>
</gc-start>
<allocation-stats totalBytes="67100064" >
  <allocated-bytes non-tlh="0" tlh="67100064" arrayletleaf="0"/>
  <largest-consumer threadName="Thread-29" threadId="0000000002425300" bytes="7130208" />
</allocation-stats>
<gc-op id="3287" type="copy forward" timems="20.931" contextid="3284" timestamp="2019-08-09T08:14:21.068">
  <memory-copied type="eden" objects="36777" bytes="1160992" bytesdiscarded="105776" />
  <memory-copied type="other" objects="88539" bytes="4455480" bytesdiscarded="241200" />
  <memory-cardclean objects="22488" bytes="1332144" />
  <regions eden="32" other="3" />
  <remembered-set-cleared processed="12933" cleared="1384" durationms="0.166" />
  <references type="soft" candidates="1" cleared="0" enqueued="0" dynamicThreshold="25" maxThreshold="32" />
  <references type="weak" candidates="30" cleared="0" enqueued="0" />
  <references type="phantom" candidates="2" cleared="0" enqueued="0" />
  <stringconstants candidates="15048" cleared="0"  />
</gc-op>
<gc-op id="3288" type="classunload" timems="0.011" contextid="3284" timestamp="2019-08-09T08:14:21.068">
  <classunload-info classloadercandidates="54" classloadersunloaded="0" classesunloaded="0" anonymousclassesunloaded="0" quiescems="0.000" setupms="0.010" scanms="0.000" postms="0.000" />
</gc-op>
<heap-resize id="3289" type="contract" space="default" amount="12582912" count="1" timems="0.629" reason="excess free space following gc" timestamp="2019-08-09T08:14:21.069" />
<gc-end id="3290" type="partial gc" contextid="3284" durationms="23.310" usertimems="80.751" systemtimems="0.000" timestamp="2019-08-09T08:14:21.069" activeThreads="16">
  <mem-info id="3291" free="182452224" total="230686720" percent="79">
    <mem type="eden" free="830384" total="2097152" percent="39" />
    <remembered-set count="26816" freebytes="9618176" totalbytes="9725440" percent="98" regionsoverflowed="0" regionsstable="9" regionsrebuilding="0"/>
  </mem-info>
</gc-end>
<cycle-end id="3292" type="partial gc" contextid="3284" timestamp="2019-08-09T08:14:21.069" />
  <attribute name="elasticGC enabled" value="1" />
  <attribute name= "numThreadsSpecified" value="16" />
  <attribute name="heapSize specified" value="0" />
  <attribute name="Current GC Util" value="76" />
  <attribute name= "Current Time Running" value="96134" />
  <attribute name ="GC Interval" value="0" />
  <attribute name="Target GC Util Change" value ="80.000000" />
  <attribute name="Current GC Util Change" value="76.000000"/>
  <attribute name="Current Error" value="-36.000000" />
  <attribute name="Output H" value="243307456"/>
  <attribute name="Output I" value="1984"/>
  <attribute name="Output T" value="16"/>
  <attribute name= "Current Time Running" value="96134" />
  <attribute name="GC Util currently" value="76" />
  <attribute name="CPU Util currently" value="948197150564" />
<exclusive-end id="3293" timestamp="2019-08-09T08:14:21.069" durationms="24.136" />

<exclusive-start id="3294" timestamp="2019-08-09T08:14:21.127" intervalms="82.048">
  <response-info timems="0.417" idlems="0.417" threads="0" lastid="0000000002461500" lastname="Thread-27" />
</exclusive-start>
<allocation-taxation id="3295" taxation-threshold="65011712" timestamp="2019-08-09T08:14:21.127" intervalms="82.054" />
<cycle-start id="3296" type="partial gc" contextid="0" timestamp="2019-08-09T08:14:21.127" intervalms="82.071" />
<gc-start id="3297" type="partial gc" contextid="3296" timestamp="2019-08-09T08:14:21.127">
  <mem-info id="3298" free="117440512" total="230686720" percent="50">
    <mem type="eden" free="0" total="65011712" percent="0" />
    <remembered-set count="26656" freebytes="9618816" totalbytes="9725440" percent="98" regionsoverflowed="0" regionsstable="9" regionsrebuilding="0"/>
  </mem-info>
</gc-start>
<allocation-stats totalBytes="65003696" >
  <allocated-bytes non-tlh="0" tlh="65003696" arrayletleaf="0"/>
  <largest-consumer threadName="Thread-36" threadId="0000000002452600" bytes="7539856" />
</allocation-stats>
<gc-op id="3299" type="copy forward" timems="13.779" contextid="3296" timestamp="2019-08-09T08:14:21.143">
  <memory-copied type="eden" objects="51051" bytes="2052280" bytesdiscarded="145408" />
  <memory-copied type="other" objects="62460" bytes="3462120" bytesdiscarded="449320" />
  <memory-cardclean objects="25547" bytes="1195856" />
  <regions eden="31" other="3" />
  <remembered-set-cleared processed="15023" cleared="3272" durationms="0.152" />
  <references type="soft" candidates="15" cleared="0" enqueued="0" dynamicThreshold="25" maxThreshold="32" />
  <references type="weak" candidates="38" cleared="0" enqueued="0" />
  <references type="phantom" candidates="2" cleared="0" enqueued="0" />
  <stringconstants candidates="15048" cleared="0"  />
</gc-op>
<gc-op id="3300" type="classunload" timems="0.010" contextid="3296" timestamp="2019-08-09T08:14:21.143">
  <classunload-info classloadercandidates="54" classloadersunloaded="0" classesunloaded="0" anonymousclassesunloaded="0" quiescems="0.000" setupms="0.010" scanms="0.000" postms="0.000" />
</gc-op>
<heap-resize id="3301" type="contract" space="default" amount="12582912" count="1" timems="0.479" reason="excess free space following gc" timestamp="2019-08-09T08:14:21.143" />
<gc-end id="3302" type="partial gc" contextid="3296" durationms="16.114" usertimems="55.355" systemtimems="0.000" timestamp="2019-08-09T08:14:21.144" activeThreads="16">
  <mem-info id="3303" free="167772160" total="218103808" percent="76">
    <mem type="eden" free="1996616" total="4194304" percent="47" />
    <remembered-set count="27488" freebytes="9112448" totalbytes="9222400" percent="98" regionsoverflowed="0" regionsstable="9" regionsrebuilding="0"/>
  </mem-info>
</gc-end>
<cycle-end id="3304" type="partial gc" contextid="3296" timestamp="2019-08-09T08:14:21.144" />
  <attribute name="elasticGC enabled" value="1" />
  <attribute name= "numThreadsSpecified" value="16" />
  <attribute name="heapSize specified" value="0" />
  <attribute name="Current GC Util" value="80" />
  <attribute name= "Current Time Running" value="96216" />
  <attribute name ="GC Interval" value="0" />
  <attribute name="Target GC Util Change" value ="80.000000" />
  <attribute name="Current GC Util Change" value="80.000000"/>
  <attribute name="Current Error" value="0.000000" />
  <attribute name="Output H" value="230724560"/>
  <attribute name="Output I" value="2000"/>
  <attribute name="Output T" value="16"/>
  <attribute name= "Current Time Running" value="96216" />
  <attribute name="GC Util currently" value="80" />
  <attribute name="CPU Util currently" value="844824819638" />
<exclusive-end id="3305" timestamp="2019-08-09T08:14:21.144" durationms="16.718" />

<exclusive-start id="3306" timestamp="2019-08-09T08:14:21.216" intervalms="88.505">
  <response-info timems="0.220" idlems="0.220" threads="0" lastid="0000000002459E00" lastname="Thread-30" />
</exclusive-start>
<allocation-taxation id="3307" taxation-threshold="60817408" timestamp="2019-08-09T08:14:21.216" intervalms="88.488" />
<cycle-start id="3308" type="partial gc" contextid="0" timestamp="2019-08-09T08:14:21.216" intervalms="88.503" />
<gc-start id="3309" type="partial gc" contextid="3308" timestamp="2019-08-09T08:14:21.216">
  <mem-info id="3310" free="106954752" total="218103808" percent="49">
    <mem type="eden" free="0" total="60817408" percent="0" />
    <remembered-set count="27296" freebytes="9113216" totalbytes="9222400" percent="98" regionsoverflowed="0" regionsstable="9" regionsrebuilding="0"/>
  </mem-info>
</gc-start>
<allocation-stats totalBytes="60808888" >
  <allocated-bytes non-tlh="0" tlh="60808888" arrayletleaf="0"/>
  <largest-consumer threadName="Thread-31" threadId="0000000002437E00" bytes="6118656" />
</allocation-stats>
<gc-op id="3311" type="copy forward" timems="14.735" contextid="3308" timestamp="2019-08-09T08:14:21.233">
  <memory-copied type="eden" objects="42656" bytes="1852472" bytesdiscarded="192312" />
  <memory-copied type="other" objects="66622" bytes="3730536" bytesdiscarded="403096" />
  <memory-cardclean objects="21984" bytes="1127024" />
  <regions eden="29" other="4" />
  <remembered-set-cleared processed="16353" cleared="2942" durationms="0.171" />
  <references type="soft" candidates="15" cleared="0" enqueued="0" dynamicThreshold="24" maxThreshold="32" />
  <references type="weak" candidates="38" cleared="0" enqueued="0" />
  <references type="phantom" candidates="2" cleared="0" enqueued="0" />
  <stringconstants candidates="15048" cleared="0"  />
</gc-op>
<gc-op id="3312" type="classunload" timems="0.011" contextid="3308" timestamp="2019-08-09T08:14:21.233">
  <classunload-info classloadercandidates="54" classloadersunloaded="0" classesunloaded="0" anonymousclassesunloaded="0" quiescems="0.000" setupms="0.011" scanms="0.000" postms="0.000" />
</gc-op>
<heap-resize id="3313" type="contract" space="default" amount="12582912" count="1" timems="0.892" reason="excess free space following gc" timestamp="2019-08-09T08:14:21.234" />
<gc-end id="3314" type="partial gc" contextid="3308" durationms="17.606" usertimems="71.096" systemtimems="0.000" timestamp="2019-08-09T08:14:21.234" activeThreads="16">
  <mem-info id="3315" free="155189248" total="205520896" percent="75">
    <mem type="eden" free="52368" total="2097152" percent="2" />
    <remembered-set count="29344" freebytes="8601984" totalbytes="8719360" percent="98" regionsoverflowed="0" regionsstable="9" regionsrebuilding="0"/>
  </mem-info>
</gc-end>
<cycle-end id="3316" type="partial gc" contextid="3308" timestamp="2019-08-09T08:14:21.234" />
  <attribute name="elasticGC enabled" value="1" />
  <attribute name= "numThreadsSpecified" value="16" />
  <attribute name="heapSize specified" value="0" />
  <attribute name="Current GC Util" value="75" />
  <attribute name= "Current Time Running" value="96305" />
  <attribute name ="GC Interval" value="0" />
  <attribute name="Target GC Util Change" value ="80.000000" />
  <attribute name="Current GC Util Change" value="75.000000"/>
  <attribute name="Current Error" value="28.000000" />
  <attribute name="Output H" value="218141664"/>
  <attribute name="Output I" value="2016"/>
  <attribute name="Output T" value="16"/>
  <attribute name= "Current Time Running" value="96305" />
  <attribute name="GC Util currently" value="75" />
  <attribute name="CPU Util currently" value="780733362620" />
<exclusive-end id="3317" timestamp="2019-08-09T08:14:21.234" durationms="18.370" />

<exclusive-start id="3318" timestamp="2019-08-09T08:14:21.351" intervalms="135.900">
  <response-info timems="6.217" idlems="6.217" threads="0" lastid="0000000002461500" lastname="Thread-27" />
</exclusive-start>
<allocation-taxation id="3319" taxation-threshold="58720256" timestamp="2019-08-09T08:14:21.351" intervalms="135.901" />
<cycle-start id="3320" type="partial gc" contextid="0" timestamp="2019-08-09T08:14:21.352" intervalms="135.889" />
<gc-start id="3321" type="partial gc" contextid="3320" timestamp="2019-08-09T08:14:21.352">
  <mem-info id="3322" free="96468992" total="205520896" percent="46">
    <mem type="eden" free="0" total="58720256" percent="0" />
    <remembered-set count="29184" freebytes="8602624" totalbytes="8719360" percent="98" regionsoverflowed="0" regionsstable="9" regionsrebuilding="0"/>
  </mem-info>
</gc-start>
<allocation-stats totalBytes="58712440" >
  <allocated-bytes non-tlh="0" tlh="58712440" arrayletleaf="0"/>
  <largest-consumer threadName="Thread-29" threadId="0000000002425300" bytes="7957480" />
</allocation-stats>
<gc-op id="3323" type="copy forward" timems="14.926" contextid="3320" timestamp="2019-08-09T08:14:21.368">
  <memory-copied type="eden" objects="23865" bytes="714952" bytesdiscarded="93248" />
  <memory-copied type="other" objects="71543" bytes="4379368" bytesdiscarded="573176" />
  <memory-cardclean objects="21180" bytes="1054344" />
  <regions eden="28" other="3" />
  <remembered-set-cleared processed="17425" cleared="5166" durationms="0.163" />
  <references type="soft" candidates="10" cleared="0" enqueued="0" dynamicThreshold="24" maxThreshold="32" />
  <references type="weak" candidates="32" cleared="0" enqueued="0" />
  <references type="phantom" candidates="2" cleared="0" enqueued="0" />
  <stringconstants candidates="15048" cleared="0"  />
</gc-op>
<gc-op id="3324" type="classunload" timems="0.011" contextid="3320" timestamp="2019-08-09T08:14:21.368">
  <classunload-info classloadercandidates="54" classloadersunloaded="0" classesunloaded="0" anonymousclassesunloaded="0" quiescems="0.000" setupms="0.010" scanms="0.000" postms="0.000" />
</gc-op>
<heap-resize id="3325" type="contract" space="default" amount="10485760" count="1" timems="0.416" reason="excess free space following gc" timestamp="2019-08-09T08:14:21.369" />
<gc-end id="3326" type="partial gc" contextid="3320" durationms="17.117" usertimems="48.219" systemtimems="17.320" timestamp="2019-08-09T08:14:21.369" activeThreads="16">
  <mem-info id="3327" free="142606336" total="195035136" percent="73">
    <mem type="eden" free="3386104" total="4194304" percent="80" />
    <remembered-set count="28448" freebytes="8102528" totalbytes="8216320" percent="98" regionsoverflowed="0" regionsstable="9" regionsrebuilding="0"/>
  </mem-info>
</gc-end>
<cycle-end id="3328" type="partial gc" contextid="3320" timestamp="2019-08-09T08:14:21.369" />
  <attribute name="elasticGC enabled" value="1" />
  <attribute name= "numThreadsSpecified" value="16" />
  <attribute name="heapSize specified" value="0" />
  <attribute name="Current GC Util" value="72" />
  <attribute name= "Current Time Running" value="96441" />
  <attribute name ="GC Interval" value="0" />
  <attribute name="Target GC Util Change" value ="80.000000" />
  <attribute name="Current GC Util Change" value="72.000000"/>
  <attribute name="Current Error" value="71.000000" />
  <attribute name="Output H" value="205558776"/>
  <attribute name="Output I" value="2040"/>
  <attribute name="Output T" value="16"/>
  <attribute name= "Current Time Running" value="96441" />
  <attribute name="GC Util currently" value="72" />
  <attribute name="CPU Util currently" value="896954773385" />
<exclusive-end id="3329" timestamp="2019-08-09T08:14:21.369" durationms="17.833" />

<exclusive-start id="3330" timestamp="2019-08-09T08:14:21.394" intervalms="42.887">
  <response-info timems="0.790" idlems="0.790" threads="0" lastid="0000000002437E00" lastname="Thread-31" />
</exclusive-start>
<allocation-taxation id="3331" taxation-threshold="27262976" timestamp="2019-08-09T08:14:21.394" intervalms="42.895" />
<cycle-start id="3332" type="global mark phase" contextid="0" timestamp="2019-08-09T08:14:21.394" intervalms="16696.538" />
<gc-start id="3333" type="global mark phase" contextid="3332" timestamp="2019-08-09T08:14:21.394">
  <mem-info id="3334" free="115343360" total="195035136" percent="59">
    <remembered-set count="28032" freebytes="8104192" totalbytes="8216320" percent="98" regionsoverflowed="0" regionsstable="9" regionsrebuilding="0"/>
  </mem-info>
</gc-start>
<gc-op id="3335" type="mark increment" timems="4.907" contextid="3332" timestamp="2019-08-09T08:14:21.399">
  <trace-info objectcount="583" scancount="0" scanbytes="0" />
</gc-op>
<gc-end id="3336" type="global mark phase" contextid="3332" durationms="4.955" usertimems="8.683" systemtimems="6.662" timestamp="2019-08-09T08:14:21.399" activeThreads="16">
  <mem-info id="3337" free="115343360" total="195035136" percent="59">
    <remembered-set count="28032" freebytes="8104192" totalbytes="8216320" percent="98" regionsoverflowed="0" regionsstable="0" regionsrebuilding="9"/>
  </mem-info>
</gc-end>
<concurrent-start id="3338" type="GMP work packet processing" contextid="3332" timestamp="2019-08-09T08:14:21.399">
  <concurrent-mark-start scanTarget="13504883" />
</concurrent-start>
<exclusive-end id="3339" timestamp="2019-08-09T08:14:21.400" durationms="5.206" />

<exclusive-start id="3340" timestamp="2019-08-09T08:14:21.451" intervalms="56.779">
  <response-info timems="0.573" idlems="0.181" threads="3" lastid="0000000002428F00" lastname="Thread-28" />
</exclusive-start>
<allocation-taxation id="3341" taxation-threshold="27262976" timestamp="2019-08-09T08:14:21.451" intervalms="56.780" />
<concurrent-end id="3342" type="GMP work packet processing" contextid="3332" timestamp="2019-08-09T08:14:21.453">
  <concurrent-mark-end bytesScanned="334304" reasonForTermination="Termination requested" />
</concurrent-end>

<cycle-start id="3343" type="partial gc" contextid="0" timestamp="2019-08-09T08:14:21.453" intervalms="101.128" />
<gc-start id="3344" type="partial gc" contextid="3343" timestamp="2019-08-09T08:14:21.453">
  <mem-info id="3345" free="88080384" total="195035136" percent="45">
    <mem type="eden" free="0" total="54525952" percent="0" />
    <remembered-set count="28256" freebytes="8103296" totalbytes="8216320" percent="98" regionsoverflowed="0" regionsstable="0" regionsrebuilding="9"/>
  </mem-info>
</gc-start>
<allocation-stats totalBytes="54518752" >
  <allocated-bytes non-tlh="0" tlh="54518752" arrayletleaf="0"/>
  <largest-consumer threadName="Thread-22" threadId="000000000246C900" bytes="3096264" />
</allocation-stats>
<gc-op id="3346" type="copy forward" timems="11.182" contextid="3343" timestamp="2019-08-09T08:14:21.467">
  <memory-copied type="eden" objects="37099" bytes="1445304" bytesdiscarded="125184" />
  <memory-copied type="other" objects="43468" bytes="2142368" bytesdiscarded="147328" />
  <memory-cardclean objects="31570" bytes="1656520" />
  <regions eden="26" other="3" />
  <remembered-set-cleared processed="18452" cleared="3143" durationms="0.213" />
  <references type="soft" candidates="8" cleared="0" enqueued="0" dynamicThreshold="18" maxThreshold="32" />
  <references type="weak" candidates="32" cleared="0" enqueued="0" />
  <references type="phantom" candidates="2" cleared="0" enqueued="0" />
  <stringconstants candidates="15048" cleared="0"  />
</gc-op>
<gc-op id="3347" type="classunload" timems="0.010" contextid="3343" timestamp="2019-08-09T08:14:21.467">
  <classunload-info classloadercandidates="54" classloadersunloaded="0" classesunloaded="0" anonymousclassesunloaded="0" quiescems="0.000" setupms="0.010" scanms="0.000" postms="0.000" />
</gc-op>
<heap-resize id="3348" type="contract" space="default" amount="10485760" count="1" timems="0.463" reason="excess free space following gc" timestamp="2019-08-09T08:14:21.468" />
<gc-end id="3349" type="partial gc" contextid="3343" durationms="15.058" usertimems="42.558" systemtimems="3.420" timestamp="2019-08-09T08:14:21.468" activeThreads="16">
  <mem-info id="3350" free="132120576" total="184549376" percent="71">
    <mem type="eden" free="526664" total="2097152" percent="25" />
    <remembered-set count="31936" freebytes="7669376" totalbytes="7797120" percent="98" regionsoverflowed="0" regionsstable="0" regionsrebuilding="9"/>
  </mem-info>
</gc-end>
<cycle-end id="3351" type="partial gc" contextid="3343" timestamp="2019-08-09T08:14:21.468" />
  <attribute name="elasticGC enabled" value="1" />
  <attribute name= "numThreadsSpecified" value="16" />
  <attribute name="heapSize specified" value="0" />
  <attribute name="Current GC Util" value="111" />
  <attribute name= "Current Time Running" value="96543" />
  <attribute name ="GC Interval" value="0" />
  <attribute name="Target GC Util Change" value ="80.000000" />
  <attribute name="Current GC Util Change" value="111.000000"/>
  <attribute name="Current Error" value="-306.000000" />
  <attribute name="Output H" value="195072800"/>
  <attribute name="Output I" value="1824"/>
  <attribute name="Output T" value="16"/>
  <attribute name= "Current Time Running" value="96543" />
  <attribute name="GC Util currently" value="111" />
  <attribute name="CPU Util currently" value="405800651206" />
<concurrent-start id="3352" type="GMP work packet processing" contextid="3332" timestamp="2019-08-09T08:14:21.468">
  <concurrent-mark-start scanTarget="13170579" />
</concurrent-start>
<exclusive-end id="3353" timestamp="2019-08-09T08:14:21.468" durationms="17.230" />

<concurrent-end id="3354" type="GMP work packet processing" contextid="3332" timestamp="2019-08-09T08:14:21.528">
  <concurrent-mark-end bytesScanned="13331296" reasonForTermination="Work target met" />
</concurrent-end>

<exclusive-start id="3355" timestamp="2019-08-09T08:14:21.529" intervalms="77.542">
  <response-info timems="7.011" idlems="7.011" threads="0" lastid="000000000245DA00" lastname="Thread-21" />
</exclusive-start>
<allocation-taxation id="3356" taxation-threshold="25165824" timestamp="2019-08-09T08:14:21.529" intervalms="77.531" />
<gc-start id="3357" type="global mark phase" contextid="3332" timestamp="2019-08-09T08:14:21.529">
  <mem-info id="3358" free="106954752" total="184549376" percent="57">
    <remembered-set count="80000" freebytes="7477120" totalbytes="7797120" percent="95" regionsoverflowed="0" regionsstable="0" regionsrebuilding="9"/>
  </mem-info>
</gc-start>
<gc-end id="3359" type="global mark phase" contextid="3332" durationms="0.037" usertimems="0.019" systemtimems="0.015" timestamp="2019-08-09T08:14:21.529" activeThreads="16">
  <mem-info id="3360" free="106954752" total="184549376" percent="57">
    <remembered-set count="80000" freebytes="7477120" totalbytes="7797120" percent="95" regionsoverflowed="0" regionsstable="0" regionsrebuilding="9"/>
  </mem-info>
</gc-end>
<concurrent-start id="3361" type="GMP work packet processing" contextid="3332" timestamp="2019-08-09T08:14:21.529">
  <concurrent-mark-start scanTarget="13504883" />
</concurrent-start>
<exclusive-end id="3362" timestamp="2019-08-09T08:14:21.531" durationms="2.861" />

<exclusive-start id="3363" timestamp="2019-08-09T08:14:21.604" intervalms="75.341">
  <response-info timems="8.307" idlems="8.307" threads="0" lastid="000000000242CB00" lastname="Thread-26" />
</exclusive-start>
<allocation-taxation id="3364" taxation-threshold="25165824" timestamp="2019-08-09T08:14:21.604" intervalms="75.370" />
<concurrent-end id="3365" type="GMP work packet processing" contextid="3332" timestamp="2019-08-09T08:14:21.605">
  <concurrent-mark-end bytesScanned="5744176" reasonForTermination="Termination requested" />
</concurrent-end>

<cycle-start id="3366" type="partial gc" contextid="0" timestamp="2019-08-09T08:14:21.605" intervalms="152.195" />
<gc-start id="3367" type="partial gc" contextid="3366" timestamp="2019-08-09T08:14:21.605">
  <mem-info id="3368" free="81788928" total="184549376" percent="44">
    <mem type="eden" free="0" total="50331648" percent="0" />
    <remembered-set count="137408" freebytes="7247488" totalbytes="7797120" percent="92" regionsoverflowed="0" regionsstable="0" regionsrebuilding="9"/>
  </mem-info>
</gc-start>
<allocation-stats totalBytes="50325144" >
  <allocated-bytes non-tlh="0" tlh="50325144" arrayletleaf="0"/>
  <largest-consumer threadName="Thread-32" threadId="0000000002456200" bytes="3649088" />
</allocation-stats>
<gc-op id="3369" type="copy forward" timems="12.300" contextid="3366" timestamp="2019-08-09T08:14:21.619">
  <memory-copied type="eden" objects="18981" bytes="597200" bytesdiscarded="99672" />
  <memory-copied type="other" objects="58656" bytes="3303064" bytesdiscarded="301744" />
  <memory-cardclean objects="47625" bytes="2150824" />
  <regions eden="24" other="2" />
  <remembered-set-cleared processed="119083" cleared="10682" durationms="0.878" />
  <references type="soft" candidates="15" cleared="0" enqueued="0" dynamicThreshold="18" maxThreshold="32" />
  <references type="weak" candidates="38" cleared="0" enqueued="0" />
  <references type="phantom" candidates="2" cleared="0" enqueued="0" />
  <stringconstants candidates="15048" cleared="0"  />
</gc-op>
<gc-op id="3370" type="classunload" timems="0.010" contextid="3366" timestamp="2019-08-09T08:14:21.619">
  <classunload-info classloadercandidates="54" classloadersunloaded="0" classesunloaded="0" anonymousclassesunloaded="0" quiescems="0.000" setupms="0.010" scanms="0.000" postms="0.000" />
</gc-op>
<heap-resize id="3371" type="contract" space="default" amount="10485760" count="1" timems="0.768" reason="excess free space following gc" timestamp="2019-08-09T08:14:21.620" />
<gc-end id="3372" type="partial gc" contextid="3366" durationms="14.542" usertimems="34.557" systemtimems="22.879" timestamp="2019-08-09T08:14:21.620" activeThreads="16">
  <mem-info id="3373" free="119537664" total="174063616" percent="68">
    <mem type="eden" free="1400280" total="2097152" percent="66" />
    <remembered-set count="132448" freebytes="6848128" totalbytes="7377920" percent="92" regionsoverflowed="0" regionsstable="0" regionsrebuilding="9"/>
  </mem-info>
</gc-end>
<cycle-end id="3374" type="partial gc" contextid="3366" timestamp="2019-08-09T08:14:21.620" />
  <attribute name="elasticGC enabled" value="1" />
  <attribute name= "numThreadsSpecified" value="16" />
  <attribute name="heapSize specified" value="0" />
  <attribute name="Current GC Util" value="84" />
  <attribute name= "Current Time Running" value="96693" />
  <attribute name ="GC Interval" value="0" />
  <attribute name="Target GC Util Change" value ="80.000000" />
  <attribute name="Current GC Util Change" value="84.000000"/>
  <attribute name="Current Error" value="-61.000000" />
  <attribute name="Output H" value="184587184"/>
  <attribute name="Output I" value="1968"/>
  <attribute name="Output T" value="16"/>
  <attribute name= "Current Time Running" value="96693" />
  <attribute name="GC Util currently" value="84" />
  <attribute name="CPU Util currently" value="1182466555145" />
<concurrent-start id="3375" type="GMP work packet processing" contextid="3332" timestamp="2019-08-09T08:14:21.620">
  <concurrent-mark-start scanTarget="7760707" />
</concurrent-start>
<exclusive-end id="3376" timestamp="2019-08-09T08:14:21.620" durationms="16.097" />

<concurrent-end id="3377" type="GMP work packet processing" contextid="3332" timestamp="2019-08-09T08:14:21.656">
  <concurrent-mark-end bytesScanned="0" reasonForTermination="Completed all work in GC phase" />
</concurrent-end>

<exclusive-start id="3378" timestamp="2019-08-09T08:14:21.661" intervalms="56.999">
  <response-info timems="0.434" idlems="0.434" threads="0" lastid="0000000002425300" lastname="Thread-29" />
</exclusive-start>
<allocation-taxation id="3379" taxation-threshold="25165824" timestamp="2019-08-09T08:14:21.661" intervalms="56.965" />
<gc-start id="3380" type="global mark phase" contextid="3332" timestamp="2019-08-09T08:14:21.661">
  <mem-info id="3381" free="94371840" total="174063616" percent="54">
    <remembered-set count="132064" freebytes="6849664" totalbytes="7377920" percent="92" regionsoverflowed="0" regionsstable="0" regionsrebuilding="9"/>
  </mem-info>
</gc-start>
<gc-op id="3382" type="mark increment" timems="11.939" contextid="3332" timestamp="2019-08-09T08:14:21.673">
  <trace-info objectcount="40095" scancount="40095" scanbytes="1559136" />
  <cardclean-info objects="76934" bytes="3454028" />
  <finalization candidates="151" enqueued="0" />
  <ownableSynchronizers candidates="23" cleared="0" />
  <references type="soft" candidates="3626" cleared="0" enqueued="0" dynamicThreshold="21" maxThreshold="32" />
  <references type="weak" candidates="6303" cleared="25" enqueued="25" />
  <references type="phantom" candidates="835" cleared="0" enqueued="0" />
  <stringconstants candidates="15048" cleared="1"  />
</gc-op>
<gc-op id="3383" type="classunload" timems="0.010" contextid="3332" timestamp="2019-08-09T08:14:21.673">
  <classunload-info classloadercandidates="54" classloadersunloaded="0" classesunloaded="0" anonymousclassesunloaded="0" quiescems="0.000" setupms="0.010" scanms="0.000" postms="0.000" />
</gc-op>
<gc-end id="3384" type="global mark phase" contextid="3332" durationms="12.076" usertimems="16.958" systemtimems="17.594" timestamp="2019-08-09T08:14:21.673" activeThreads="16">
  <mem-info id="3385" free="94371840" total="174063616" percent="54">
    <pending-finalizers system="0" default="0" reference="25" classloader="0" />
    <remembered-set count="136160" freebytes="6833280" totalbytes="7377920" percent="92" regionsoverflowed="0" regionsstable="0" regionsrebuilding="0"/>
  </mem-info>
</gc-end>
<cycle-end id="3386" type="global mark phase" contextid="3332" timestamp="2019-08-09T08:14:21.673" />
  <attribute name="elasticGC enabled" value="1" />
  <attribute name= "numThreadsSpecified" value="16" />
  <attribute name="heapSize specified" value="0" />
  <attribute name="Current GC Util" value="232" />
  <attribute name= "Current Time Running" value="96754" />
  <attribute name ="GC Interval" value="0" />
  <attribute name="Target GC Util Change" value ="80.000000" />
  <attribute name="Current GC Util Change" value="232.000000"/>
  <attribute name="Current Error" value="-752.000000" />
  <attribute name="Output H" value="174101024"/>
  <attribute name="Output I" value="1568"/>
  <attribute name="Output T" value="16"/>
  <attribute name= "Current Time Running" value="96754" />
  <attribute name="GC Util currently" value="232" />
  <attribute name="CPU Util currently" value="350684457789" />
<exclusive-end id="3387" timestamp="2019-08-09T08:14:21.674" durationms="12.544" />

<exclusive-start id="3388" timestamp="2019-08-09T08:14:21.705" intervalms="43.760">
  <response-info timems="4.040" idlems="4.040" threads="0" lastid="000000000243F600" lastname="Thread-23" />
</exclusive-start>
<allocation-taxation id="3389" taxation-threshold="25165824" timestamp="2019-08-09T08:14:21.705" intervalms="43.772" />
<cycle-start id="3390" type="partial gc" contextid="0" timestamp="2019-08-09T08:14:21.705" intervalms="99.995" />
<gc-start id="3391" type="partial gc" contextid="3390" timestamp="2019-08-09T08:14:21.705">
  <mem-info id="3392" free="69206016" total="174063616" percent="39">
    <mem type="eden" free="0" total="50331648" percent="0" />
    <remembered-set count="34880" freebytes="7238400" totalbytes="7377920" percent="98" regionsoverflowed="0" regionsstable="9" regionsrebuilding="0"/>
  </mem-info>
</gc-start>
<allocation-stats totalBytes="50325456" >
  <allocated-bytes non-tlh="0" tlh="50325456" arrayletleaf="0"/>
  <largest-consumer threadName="Thread-30" threadId="0000000002459E00" bytes="3485376" />
</allocation-stats>
<gc-op id="3393" type="sweep" timems="2.163" contextid="3390" timestamp="2019-08-09T08:14:21.707" />
<gc-op id="3394" type="copy forward" timems="13.176" contextid="3390" timestamp="2019-08-09T08:14:21.722">
  <memory-copied type="eden" objects="14128" bytes="480368" bytesdiscarded="18550" />
  <memory-copied type="other" objects="38160" bytes="1327968" bytesdiscarded="60090" />
  <memory-cardclean objects="36503" bytes="1872008" />
  <regions eden="12" other="14" />
  <remembered-set-cleared processed="23407" cleared="4694" durationms="0.188" />
  <stringconstants candidates="15047" cleared="0"  />
</gc-op>
<gc-op id="3395" type="classunload" timems="0.010" contextid="3390" timestamp="2019-08-09T08:14:21.722">
  <classunload-info classloadercandidates="54" classloadersunloaded="0" classesunloaded="0" anonymousclassesunloaded="0" quiescems="0.000" setupms="0.010" scanms="0.000" postms="0.000" />
</gc-op>
<heap-resize id="3396" type="contract" space="default" amount="10485760" count="1" timems="0.894" reason="excess free space following gc" timestamp="2019-08-09T08:14:21.723" />
<gc-end id="3397" type="partial gc" contextid="3390" durationms="18.306" usertimems="25.484" systemtimems="26.473" timestamp="2019-08-09T08:14:21.723" activeThreads="16">
  <mem-info id="3398" free="106954752" total="163577856" percent="65">
    <mem type="eden" free="861200" total="2097152" percent="41" />
    <remembered-set count="34720" freebytes="6819840" totalbytes="6958720" percent="98" regionsoverflowed="0" regionsstable="9" regionsrebuilding="0"/>
  </mem-info>
</gc-end>
<cycle-end id="3399" type="partial gc" contextid="3390" timestamp="2019-08-09T08:14:21.724" />
  <attribute name="elasticGC enabled" value="1" />
  <attribute name= "numThreadsSpecified" value="16" />
  <attribute name="heapSize specified" value="0" />
  <attribute name="Current GC Util" value="63" />
  <attribute name= "Current Time Running" value="96796" />
  <attribute name ="GC Interval" value="0" />
  <attribute name="Target GC Util Change" value ="80.000000" />
  <attribute name="Current GC Util Change" value="63.000000"/>
  <attribute name="Current Error" value="-43.000000" />
  <attribute name="Output H" value="174101432"/>
  <attribute name="Output I" value="1976"/>
  <attribute name="Output T" value="16"/>
  <attribute name= "Current Time Running" value="96796" />
  <attribute name="GC Util currently" value="63" />
  <attribute name="CPU Util currently" value="909659414832" />
<exclusive-end id="3400" timestamp="2019-08-09T08:14:21.724" durationms="19.292" />

<exclusive-start id="3401" timestamp="2019-08-09T08:14:21.817" intervalms="112.527">
  <response-info timems="5.255" idlems="5.255" threads="0" lastid="0000000002461500" lastname="Thread-27" />
</exclusive-start>
<allocation-taxation id="3402" taxation-threshold="48234496" timestamp="2019-08-09T08:14:21.817" intervalms="112.522" />
<cycle-start id="3403" type="partial gc" contextid="0" timestamp="2019-08-09T08:14:21.817" intervalms="112.497" />
<gc-start id="3404" type="partial gc" contextid="3403" timestamp="2019-08-09T08:14:21.818">
  <mem-info id="3405" free="58720256" total="163577856" percent="35">
    <mem type="eden" free="0" total="48234496" percent="0" />
    <remembered-set count="34720" freebytes="6819840" totalbytes="6958720" percent="98" regionsoverflowed="0" regionsstable="9" regionsrebuilding="0"/>
  </mem-info>
</gc-start>
<allocation-stats totalBytes="48228040" >
  <allocated-bytes non-tlh="0" tlh="48228040" arrayletleaf="0"/>
  <largest-consumer threadName="Thread-27" threadId="0000000002461500" bytes="5057976" />
</allocation-stats>
<gc-op id="3406" type="copy forward" timems="12.634" contextid="3403" timestamp="2019-08-09T08:14:21.832">
  <memory-copied type="eden" objects="34711" bytes="1387840" bytesdiscarded="107456" />
  <memory-copied type="other" objects="45284" bytes="2894488" bytesdiscarded="272056" />
  <memory-cardclean objects="34059" bytes="1837616" />
  <regions eden="23" other="9" />
  <remembered-set-cleared processed="22198" cleared="5171" durationms="0.440" />
  <finalization candidates="71" enqueued="0" />
  <ownableSynchronizers candidates="2" cleared="0" />
  <references type="soft" candidates="40" cleared="0" enqueued="0" dynamicThreshold="20" maxThreshold="32" />
  <references type="weak" candidates="486" cleared="0" enqueued="0" />
  <references type="phantom" candidates="735" cleared="0" enqueued="0" />
  <stringconstants candidates="15047" cleared="0"  />
</gc-op>
<gc-op id="3407" type="classunload" timems="0.011" contextid="3403" timestamp="2019-08-09T08:14:21.832">
  <classunload-info classloadercandidates="54" classloadersunloaded="0" classesunloaded="0" anonymousclassesunloaded="0" quiescems="0.000" setupms="0.010" scanms="0.000" postms="0.000" />
</gc-op>
<heap-resize id="3408" type="contract" space="default" amount="8388608" count="1" timems="0.362" reason="excess free space following gc" timestamp="2019-08-09T08:14:21.833" />
<gc-end id="3409" type="partial gc" contextid="3403" durationms="14.930" usertimems="34.270" systemtimems="10.107" timestamp="2019-08-09T08:14:21.833" activeThreads="16">
  <mem-info id="3410" free="106954752" total="155189248" percent="68">
    <mem type="eden" free="2699008" total="4194304" percent="64" />
    <remembered-set count="32704" freebytes="6408704" totalbytes="6539520" percent="97" regionsoverflowed="0" regionsstable="9" regionsrebuilding="0"/>
  </mem-info>
</gc-end>
<cycle-end id="3411" type="partial gc" contextid="3403" timestamp="2019-08-09T08:14:21.833" />
  <attribute name="elasticGC enabled" value="1" />
  <attribute name= "numThreadsSpecified" value="16" />
  <attribute name="heapSize specified" value="0" />
  <attribute name="Current GC Util" value="70" />
  <attribute name= "Current Time Running" value="96907" />
  <attribute name ="GC Interval" value="0" />
  <attribute name="Target GC Util Change" value ="80.000000" />
  <attribute name="Current GC Util Change" value="70.000000"/>
  <attribute name="Current Error" value="16.000000" />
  <attribute name="Output H" value="163615712"/>
  <attribute name="Output I" value="2016"/>
  <attribute name="Output T" value="16"/>
  <attribute name= "Current Time Running" value="96907" />
  <attribute name="GC Util currently" value="70" />
  <attribute name="CPU Util currently" value="858981434147" />
<exclusive-end id="3412" timestamp="2019-08-09T08:14:21.833" durationms="15.686" />

<exclusive-start id="3413" timestamp="2019-08-09T08:14:21.848" intervalms="31.200">
  <response-info timems="1.070" idlems="1.070" threads="0" lastid="000000000246C900" lastname="Thread-22" />
</exclusive-start>
<allocation-taxation id="3414" taxation-threshold="23068672" timestamp="2019-08-09T08:14:21.849" intervalms="31.199" />
<cycle-start id="3415" type="global mark phase" contextid="0" timestamp="2019-08-09T08:14:21.849" intervalms="454.153" />
<gc-start id="3416" type="global mark phase" contextid="3415" timestamp="2019-08-09T08:14:21.849">
  <mem-info id="3417" free="83886080" total="155189248" percent="54">
    <remembered-set count="32608" freebytes="6409088" totalbytes="6539520" percent="98" regionsoverflowed="0" regionsstable="9" regionsrebuilding="0"/>
  </mem-info>
</gc-start>
<gc-op id="3418" type="mark increment" timems="4.648" contextid="3415" timestamp="2019-08-09T08:14:21.853">
  <trace-info objectcount="92631" scancount="73472" scanbytes="3201268" />
</gc-op>
<gc-end id="3419" type="global mark phase" contextid="3415" durationms="4.717" usertimems="9.446" systemtimems="5.786" timestamp="2019-08-09T08:14:21.853" activeThreads="16">
  <mem-info id="3420" free="83886080" total="155189248" percent="54">
    <remembered-set count="34656" freebytes="6400896" totalbytes="6539520" percent="97" regionsoverflowed="0" regionsstable="0" regionsrebuilding="9"/>
  </mem-info>
</gc-end>
<concurrent-start id="3421" type="GMP work packet processing" contextid="3415" timestamp="2019-08-09T08:14:21.853">
  <concurrent-mark-start scanTarget="15163496" />
</concurrent-start>
<exclusive-end id="3422" timestamp="2019-08-09T08:14:21.854" durationms="5.123" />

<concurrent-end id="3423" type="GMP work packet processing" contextid="3415" timestamp="2019-08-09T08:14:21.883">
  <concurrent-mark-end bytesScanned="15344364" reasonForTermination="Work target met" />
</concurrent-end>

<exclusive-start id="3424" timestamp="2019-08-09T08:14:21.883" intervalms="34.961">
  <response-info timems="1.970" idlems="1.970" threads="0" lastid="0000000002434200" lastname="Thread-24" />
</exclusive-start>
<allocation-taxation id="3425" taxation-threshold="23068672" timestamp="2019-08-09T08:14:21.883" intervalms="34.953" />
<cycle-start id="3426" type="partial gc" contextid="0" timestamp="2019-08-09T08:14:21.884" intervalms="66.167" />
<gc-start id="3427" type="partial gc" contextid="3426" timestamp="2019-08-09T08:14:21.884">
  <mem-info id="3428" free="60817408" total="155189248" percent="39">
    <mem type="eden" free="0" total="46137344" percent="0" />
    <remembered-set count="131776" freebytes="6012416" totalbytes="6539520" percent="91" regionsoverflowed="0" regionsstable="0" regionsrebuilding="9"/>
  </mem-info>
</gc-start>
<allocation-stats totalBytes="46131136" >
  <allocated-bytes non-tlh="0" tlh="46131136" arrayletleaf="0"/>
  <largest-consumer threadName="Thread-36" threadId="0000000002452600" bytes="3538512" />
</allocation-stats>
<gc-op id="3429" type="copy forward" timems="17.522" contextid="3426" timestamp="2019-08-09T08:14:21.903">
  <memory-copied type="eden" objects="12197" bytes="434632" bytesdiscarded="63232" />
  <memory-copied type="other" objects="43978" bytes="1604976" bytesdiscarded="103792" />
  <memory-cardclean objects="222015" bytes="8371544" />
  <regions eden="22" other="3" />
  <remembered-set-cleared processed="55973" cleared="28674" durationms="0.630" />
  <stringconstants candidates="15047" cleared="0"  />
</gc-op>
<gc-op id="3430" type="classunload" timems="0.010" contextid="3426" timestamp="2019-08-09T08:14:21.903">
  <classunload-info classloadercandidates="54" classloadersunloaded="0" classesunloaded="0" anonymousclassesunloaded="0" quiescems="0.000" setupms="0.010" scanms="0.000" postms="0.000" />
</gc-op>
<heap-resize id="3431" type="contract" space="default" amount="8388608" count="1" timems="0.356" reason="excess free space following gc" timestamp="2019-08-09T08:14:21.903" />
<gc-end id="3432" type="partial gc" contextid="3426" durationms="19.465" usertimems="56.978" systemtimems="22.224" timestamp="2019-08-09T08:14:21.903" activeThreads="16">
  <mem-info id="3433" free="98566144" total="146800640" percent="67">
    <mem type="eden" free="1599288" total="2097152" percent="76" />
    <remembered-set count="73728" freebytes="5909248" totalbytes="6204160" percent="95" regionsoverflowed="0" regionsstable="0" regionsrebuilding="9"/>
  </mem-info>
</gc-end>
<cycle-end id="3434" type="partial gc" contextid="3426" timestamp="2019-08-09T08:14:21.904" />
  <attribute name="elasticGC enabled" value="1" />
  <attribute name= "numThreadsSpecified" value="16" />
  <attribute name="heapSize specified" value="0" />
  <attribute name="Current GC Util" value="123" />
  <attribute name= "Current Time Running" value="96972" />
  <attribute name ="GC Interval" value="0" />
  <attribute name="Target GC Util Change" value ="80.000000" />
  <attribute name="Current GC Util Change" value="123.000000"/>
  <attribute name="Current Error" value="-761.000000" />
  <attribute name="Output H" value="155226656"/>
  <attribute name="Output I" value="1568"/>
  <attribute name="Output T" value="16"/>
  <attribute name= "Current Time Running" value="96972" />
  <attribute name="GC Util currently" value="123" />
  <attribute name="CPU Util currently" value="1097388118351" />
<exclusive-end id="3435" timestamp="2019-08-09T08:14:21.904" durationms="20.253" />

<exclusive-start id="3436" timestamp="2019-08-09T08:14:21.915" intervalms="31.704">
  <response-info timems="1.013" idlems="1.013" threads="0" lastid="000000000242CB00" lastname="Thread-26" />
</exclusive-start>
<allocation-taxation id="3437" taxation-threshold="20971520" timestamp="2019-08-09T08:14:21.915" intervalms="31.719" />
<gc-start id="3438" type="global mark phase" contextid="3415" timestamp="2019-08-09T08:14:21.915">
  <mem-info id="3439" free="77594624" total="146800640" percent="52">
    <remembered-set count="73696" freebytes="5909376" totalbytes="6204160" percent="95" regionsoverflowed="0" regionsstable="0" regionsrebuilding="9"/>
  </mem-info>
</gc-start>
<gc-end id="3440" type="global mark phase" contextid="3415" durationms="0.021" usertimems="0.019" systemtimems="0.015" timestamp="2019-08-09T08:14:21.915" activeThreads="16">
  <mem-info id="3441" free="77594624" total="146800640" percent="52">
    <remembered-set count="73696" freebytes="5909376" totalbytes="6204160" percent="95" regionsoverflowed="0" regionsstable="0" regionsrebuilding="9"/>
  </mem-info>
</gc-end>
<concurrent-start id="3442" type="GMP work packet processing" contextid="3415" timestamp="2019-08-09T08:14:21.915">
  <concurrent-mark-start scanTarget="15163496" />
</concurrent-start>
<exclusive-end id="3443" timestamp="2019-08-09T08:14:21.916" durationms="0.407" />

<concurrent-end id="3444" type="GMP work packet processing" contextid="3415" timestamp="2019-08-09T08:14:21.929">
  <concurrent-mark-end bytesScanned="628408" reasonForTermination="Completed all work in GC phase" />
</concurrent-end>

<exclusive-start id="3445" timestamp="2019-08-09T08:14:21.929" intervalms="13.770">
  <response-info timems="0.395" idlems="0.395" threads="0" lastid="000000000241DB00" lastname="Thread-33" />
</exclusive-start>
<allocation-taxation id="3446" taxation-threshold="20971520" timestamp="2019-08-09T08:14:21.929" intervalms="13.761" />
<cycle-start id="3447" type="partial gc" contextid="0" timestamp="2019-08-09T08:14:21.929" intervalms="45.487" />
<gc-start id="3448" type="partial gc" contextid="3447" timestamp="2019-08-09T08:14:21.929">
  <mem-info id="3449" free="56623104" total="146800640" percent="38">
    <mem type="eden" free="0" total="41943040" percent="0" />
    <remembered-set count="80896" freebytes="5880576" totalbytes="6204160" percent="94" regionsoverflowed="0" regionsstable="0" regionsrebuilding="9"/>
  </mem-info>
</gc-start>
<allocation-stats totalBytes="41936808" >
  <allocated-bytes non-tlh="0" tlh="41936808" arrayletleaf="0"/>
  <largest-consumer threadName="Thread-27" threadId="0000000002461500" bytes="2338496" />
</allocation-stats>
<gc-op id="3450" type="copy forward" timems="17.641" contextid="3447" timestamp="2019-08-09T08:14:21.948">
  <memory-copied type="eden" objects="6204" bytes="154696" bytesdiscarded="25296" />
  <memory-copied type="other" objects="23215" bytes="969288" bytesdiscarded="55560" />
  <memory-cardclean objects="68957" bytes="2895624" />
  <regions eden="20" other="2" />
  <remembered-set-cleared processed="58394" cleared="6857" durationms="0.325" />
  <stringconstants candidates="15047" cleared="0"  />
</gc-op>
<gc-op id="3451" type="classunload" timems="0.010" contextid="3447" timestamp="2019-08-09T08:14:21.948">
  <classunload-info classloadercandidates="54" classloadersunloaded="0" classesunloaded="0" anonymousclassesunloaded="0" quiescems="0.000" setupms="0.010" scanms="0.000" postms="0.000" />
</gc-op>
<heap-resize id="3452" type="contract" space="default" amount="8388608" count="1" timems="0.328" reason="excess free space following gc" timestamp="2019-08-09T08:14:21.949" />
<gc-end id="3453" type="partial gc" contextid="3447" durationms="19.476" usertimems="36.851" systemtimems="27.394" timestamp="2019-08-09T08:14:21.949" activeThreads="16">
  <mem-info id="3454" free="88080384" total="138412032" percent="63">
    <mem type="eden" free="1917160" total="2097152" percent="91" />
    <remembered-set count="76320" freebytes="5563520" totalbytes="5868800" percent="94" regionsoverflowed="0" regionsstable="0" regionsrebuilding="9"/>
  </mem-info>
</gc-end>
<cycle-end id="3455" type="partial gc" contextid="3447" timestamp="2019-08-09T08:14:21.949" />
  <attribute name="elasticGC enabled" value="1" />
  <attribute name= "numThreadsSpecified" value="16" />
  <attribute name="heapSize specified" value="0" />
  <attribute name="Current GC Util" value="132" />
  <attribute name= "Current Time Running" value="97018" />
  <attribute name ="GC Interval" value="0" />
  <attribute name="Target GC Util Change" value ="80.000000" />
  <attribute name="Current GC Util Change" value="132.000000"/>
  <attribute name="Current Error" value="-4.000000" />
  <attribute name="Output H" value="146838480"/>
  <attribute name="Output I" value="2000"/>
  <attribute name="Output T" value="16"/>
  <attribute name= "Current Time Running" value="97018" />
  <attribute name="GC Util currently" value="132" />
  <attribute name="CPU Util currently" value="1097370361132" />
<exclusive-end id="3456" timestamp="2019-08-09T08:14:21.949" durationms="20.032" />

<exclusive-start id="3457" timestamp="2019-08-09T08:14:21.965" intervalms="35.798">
  <response-info timems="2.109" idlems="1.057" threads="1" lastid="000000000243F600" lastname="Thread-23" />
</exclusive-start>
<allocation-taxation id="3458" taxation-threshold="20971520" timestamp="2019-08-09T08:14:21.965" intervalms="35.798" />
<gc-start id="3459" type="global mark phase" contextid="3415" timestamp="2019-08-09T08:14:21.965">
  <mem-info id="3460" free="67108864" total="138412032" percent="48">
    <remembered-set count="76000" freebytes="5564800" totalbytes="5868800" percent="94" regionsoverflowed="0" regionsstable="0" regionsrebuilding="9"/>
  </mem-info>
</gc-start>
<gc-op id="3461" type="mark increment" timems="11.700" contextid="3415" timestamp="2019-08-09T08:14:21.977">
  <trace-info objectcount="17388" scancount="17388" scanbytes="925460" />
  <cardclean-info objects="283015" bytes="9234156" />
  <finalization candidates="151" enqueued="0" />
  <ownableSynchronizers candidates="23" cleared="0" />
  <references type="soft" candidates="3626" cleared="0" enqueued="0" dynamicThreshold="20" maxThreshold="32" />
  <references type="weak" candidates="6278" cleared="0" enqueued="0" />
  <references type="phantom" candidates="835" cleared="0" enqueued="0" />
  <stringconstants candidates="15047" cleared="0"  />
</gc-op>
<gc-op id="3462" type="classunload" timems="0.009" contextid="3415" timestamp="2019-08-09T08:14:21.977">
  <classunload-info classloadercandidates="54" classloadersunloaded="0" classesunloaded="0" anonymousclassesunloaded="0" quiescems="0.000" setupms="0.009" scanms="0.000" postms="0.000" />
</gc-op>
<gc-end id="3463" type="global mark phase" contextid="3415" durationms="11.827" usertimems="35.243" systemtimems="5.328" timestamp="2019-08-09T08:14:21.977" activeThreads="16">
  <mem-info id="3464" free="67108864" total="138412032" percent="48">
    <remembered-set count="100576" freebytes="5466496" totalbytes="5868800" percent="93" regionsoverflowed="0" regionsstable="0" regionsrebuilding="0"/>
  </mem-info>
</gc-end>
<cycle-end id="3465" type="global mark phase" contextid="3415" timestamp="2019-08-09T08:14:21.977" />
  <attribute name="elasticGC enabled" value="1" />
  <attribute name= "numThreadsSpecified" value="16" />
  <attribute name="heapSize specified" value="0" />
  <attribute name="Current GC Util" value="195" />
  <attribute name= "Current Time Running" value="97058" />
  <attribute name ="GC Interval" value="0" />
  <attribute name="Target GC Util Change" value ="80.000000" />
  <attribute name="Current GC Util Change" value="195.000000"/>
  <attribute name="Current Error" value="-572.000000" />
  <attribute name="Output H" value="138449544"/>
  <attribute name="Output I" value="1672"/>
  <attribute name="Output T" value="16"/>
  <attribute name= "Current Time Running" value="97058" />
  <attribute name="GC Util currently" value="195" />
  <attribute name="CPU Util currently" value="782341785882" />
<exclusive-end id="3466" timestamp="2019-08-09T08:14:21.977" durationms="12.347" />

<exclusive-start id="3467" timestamp="2019-08-09T08:14:21.998" intervalms="33.714">
  <response-info timems="2.650" idlems="2.650" threads="0" lastid="0000000002428F00" lastname="Thread-28" />
</exclusive-start>
<allocation-taxation id="3468" taxation-threshold="20971520" timestamp="2019-08-09T08:14:21.999" intervalms="33.779" />
<cycle-start id="3469" type="partial gc" contextid="0" timestamp="2019-08-09T08:14:21.999" intervalms="69.598" />
<gc-start id="3470" type="partial gc" contextid="3469" timestamp="2019-08-09T08:14:21.999">
  <mem-info id="3471" free="46137344" total="138412032" percent="33">
    <mem type="eden" free="0" total="41943040" percent="0" />
    <remembered-set count="71808" freebytes="5581568" totalbytes="5868800" percent="95" regionsoverflowed="0" regionsstable="7" regionsrebuilding="0"/>
  </mem-info>
</gc-start>
<allocation-stats totalBytes="41936176" >
  <allocated-bytes non-tlh="0" tlh="41936176" arrayletleaf="0"/>
  <largest-consumer threadName="Thread-21" threadId="000000000245DA00" bytes="2567888" />
</allocation-stats>
<gc-op id="3472" type="sweep" timems="7.345" contextid="3469" timestamp="2019-08-09T08:14:22.006" />
<gc-op id="3473" type="copy forward" timems="18.943" contextid="3469" timestamp="2019-08-09T08:14:22.027">
  <memory-copied type="eden" objects="3330" bytes="85296" bytesdiscarded="5482" />
  <memory-copied type="other" objects="13852" bytes="469824" bytesdiscarded="25934" />
  <memory-cardclean objects="121970" bytes="4792072" />
  <regions eden="10" other="12" />
  <remembered-set-cleared processed="51277" cleared="9926" durationms="0.248" />
  <stringconstants candidates="15047" cleared="0"  />
</gc-op>
<gc-op id="3474" type="classunload" timems="0.009" contextid="3469" timestamp="2019-08-09T08:14:22.027">
  <classunload-info classloadercandidates="54" classloadersunloaded="0" classesunloaded="0" anonymousclassesunloaded="0" quiescems="0.000" setupms="0.009" scanms="0.000" postms="0.000" />
</gc-op>
<gc-end id="3475" type="partial gc" contextid="3469" durationms="28.189" usertimems="41.954" systemtimems="42.403" timestamp="2019-08-09T08:14:22.027" activeThreads="16">
  <mem-info id="3476" free="83886080" total="138412032" percent="60">
    <mem type="eden" free="3741632" total="4194304" percent="89" />
    <remembered-set count="63840" freebytes="5278080" totalbytes="5533440" percent="95" regionsoverflowed="0" regionsstable="7" regionsrebuilding="0"/>
  </mem-info>
</gc-end>
<cycle-end id="3477" type="partial gc" contextid="3469" timestamp="2019-08-09T08:14:22.027" />
  <attribute name="elasticGC enabled" value="1" />
  <attribute name= "numThreadsSpecified" value="16" />
  <attribute name="heapSize specified" value="0" />
  <attribute name="Current GC Util" value="103" />
  <attribute name= "Current Time Running" value="97095" />
  <attribute name ="GC Interval" value="0" />
  <attribute name="Target GC Util Change" value ="80.000000" />
  <attribute name="Current GC Util Change" value="103.000000"/>
  <attribute name="Current Error" value="-84.000000" />
  <attribute name="Output H" value="138449824"/>
  <attribute name="Output I" value="1952"/>
  <attribute name="Output T" value="16"/>
  <attribute name= "Current Time Running" value="97095" />
  <attribute name="GC Util currently" value="103" />
  <attribute name="CPU Util currently" value="1106198919089" />
<exclusive-end id="3478" timestamp="2019-08-09T08:14:22.027" durationms="28.899" />

<exclusive-start id="3479" timestamp="2019-08-09T08:14:22.041" intervalms="42.180">
  <response-info timems="0.492" idlems="0.492" threads="0" lastid="000000000243F600" lastname="Thread-23" />
</exclusive-start>
<allocation-taxation id="3480" taxation-threshold="20971520" timestamp="2019-08-09T08:14:22.041" intervalms="42.114" />
<cycle-start id="3481" type="global mark phase" contextid="0" timestamp="2019-08-09T08:14:22.041" intervalms="192.121" />
<gc-start id="3482" type="global mark phase" contextid="3481" timestamp="2019-08-09T08:14:22.041">
  <mem-info id="3483" free="62914560" total="138412032" percent="45">
    <remembered-set count="63648" freebytes="5278848" totalbytes="5533440" percent="95" regionsoverflowed="0" regionsstable="7" regionsrebuilding="0"/>
  </mem-info>
</gc-start>
<gc-op id="3484" type="mark increment" timems="5.828" contextid="3481" timestamp="2019-08-09T08:14:22.047">
  <trace-info objectcount="129361" scancount="104479" scanbytes="3739640" />
</gc-op>
<gc-end id="3485" type="global mark phase" contextid="3481" durationms="5.960" usertimems="8.779" systemtimems="15.048" timestamp="2019-08-09T08:14:22.047" activeThreads="16">
  <mem-info id="3486" free="62914560" total="138412032" percent="45">
    <remembered-set count="69280" freebytes="5256320" totalbytes="5533440" percent="94" regionsoverflowed="0" regionsstable="0" regionsrebuilding="7"/>
  </mem-info>
</gc-end>
<concurrent-start id="3487" type="GMP work packet processing" contextid="3481" timestamp="2019-08-09T08:14:22.047">
  <concurrent-mark-start scanTarget="24086960" />
</concurrent-start>
<exclusive-end id="3488" timestamp="2019-08-09T08:14:22.047" durationms="6.270" />

<exclusive-start id="3489" timestamp="2019-08-09T08:14:22.072" intervalms="31.846">
  <response-info timems="0.737" idlems="0.370" threads="1" lastid="000000000243F600" lastname="Thread-23" />
</exclusive-start>
<allocation-taxation id="3490" taxation-threshold="20971520" timestamp="2019-08-09T08:14:22.072" intervalms="31.872" />
<concurrent-end id="3491" type="GMP work packet processing" contextid="3481" timestamp="2019-08-09T08:14:22.074">
  <concurrent-mark-end bytesScanned="15542584" reasonForTermination="Termination requested" />
</concurrent-end>

<cycle-start id="3492" type="partial gc" contextid="0" timestamp="2019-08-09T08:14:22.074" intervalms="75.337" />
<gc-start id="3493" type="partial gc" contextid="3492" timestamp="2019-08-09T08:14:22.074">
  <mem-info id="3494" free="41943040" total="138412032" percent="30">
    <mem type="eden" free="0" total="41943040" percent="0" />
    <remembered-set count="102784" freebytes="5122304" totalbytes="5533440" percent="92" regionsoverflowed="0" regionsstable="0" regionsrebuilding="7"/>
  </mem-info>
</gc-start>
<allocation-stats totalBytes="41936568" >
  <allocated-bytes non-tlh="0" tlh="41936568" arrayletleaf="0"/>
  <largest-consumer threadName="Thread-36" threadId="0000000002452600" bytes="2875056" />
</allocation-stats>
<gc-op id="3495" type="copy forward" timems="19.782" contextid="3492" timestamp="2019-08-09T08:14:22.095">
  <memory-copied type="eden" objects="11358" bytes="415032" bytesdiscarded="33152" />
  <memory-copied type="other" objects="49126" bytes="4795952" bytesdiscarded="545024" />
  <memory-cardclean objects="220325" bytes="7886752" />
  <regions eden="20" other="6" />
  <remembered-set-cleared processed="62262" cleared="33936" durationms="0.514" />
  <finalization candidates="127" enqueued="0" />
  <ownableSynchronizers candidates="6" cleared="0" />
  <references type="soft" candidates="167" cleared="0" enqueued="0" dynamicThreshold="14" maxThreshold="32" />
  <references type="weak" candidates="1167" cleared="0" enqueued="0" />
  <references type="phantom" candidates="753" cleared="0" enqueued="0" />
  <stringconstants candidates="15047" cleared="0"  />
</gc-op>
<gc-op id="3496" type="classunload" timems="0.010" contextid="3492" timestamp="2019-08-09T08:14:22.095">
  <classunload-info classloadercandidates="54" classloadersunloaded="0" classesunloaded="0" anonymousclassesunloaded="0" quiescems="0.000" setupms="0.010" scanms="0.000" postms="0.000" />
</gc-op>
<gc-end id="3497" type="partial gc" contextid="3492" durationms="21.149" usertimems="56.106" systemtimems="20.828" timestamp="2019-08-09T08:14:22.095" activeThreads="16">
  <mem-info id="3498" free="83886080" total="138412032" percent="60">
    <mem type="eden" free="1648968" total="2097152" percent="78" />
    <remembered-set count="75488" freebytes="5231488" totalbytes="5533440" percent="94" regionsoverflowed="0" regionsstable="0" regionsrebuilding="7"/>
  </mem-info>
</gc-end>
<cycle-end id="3499" type="partial gc" contextid="3492" timestamp="2019-08-09T08:14:22.095" />
  <attribute name="elasticGC enabled" value="1" />
  <attribute name= "numThreadsSpecified" value="16" />
  <attribute name="heapSize specified" value="0" />
  <attribute name="Current GC Util" value="164" />
  <attribute name= "Current Time Running" value="97163" />
  <attribute name ="GC Interval" value="0" />
  <attribute name="Target GC Util Change" value ="80.000000" />
  <attribute name="Current GC Util Change" value="164.000000"/>
  <attribute name="Current Error" value="-367.000000" />
  <attribute name="Output H" value="138449664"/>
  <attribute name="Output I" value="1792"/>
  <attribute name="Output T" value="16"/>
  <attribute name= "Current Time Running" value="97163" />
  <attribute name="GC Util currently" value="164" />
  <attribute name="CPU Util currently" value="1271765372104" />
<concurrent-start id="3500" type="GMP work packet processing" contextid="3481" timestamp="2019-08-09T08:14:22.095">
  <concurrent-mark-start scanTarget="8544376" />
</concurrent-start>
<exclusive-end id="3501" timestamp="2019-08-09T08:14:22.096" durationms="23.146" />

<exclusive-start id="3502" timestamp="2019-08-09T08:14:22.120" intervalms="47.079">
  <response-info timems="1.313" idlems="1.313" threads="0" lastid="0000000002461500" lastname="Thread-27" />
</exclusive-start>
<allocation-taxation id="3503" taxation-threshold="20971520" timestamp="2019-08-09T08:14:22.120" intervalms="47.116" />
<concurrent-end id="3504" type="GMP work packet processing" contextid="3481" timestamp="2019-08-09T08:14:22.121">
  <concurrent-mark-end bytesScanned="0" reasonForTermination="Termination requested" />
</concurrent-end>

<gc-start id="3505" type="global mark phase" contextid="3481" timestamp="2019-08-09T08:14:22.121">
  <mem-info id="3506" free="62914560" total="138412032" percent="45">
    <remembered-set count="57280" freebytes="5304320" totalbytes="5533440" percent="95" regionsoverflowed="0" regionsstable="2" regionsrebuilding="7"/>
  </mem-info>
</gc-start>
<gc-op id="3507" type="mark increment" timems="4.164" contextid="3481" timestamp="2019-08-09T08:14:22.125">
  <trace-info objectcount="0" scancount="0" scanbytes="0" />
</gc-op>
<gc-end id="3508" type="global mark phase" contextid="3481" durationms="4.213" usertimems="14.521" systemtimems="0.666" timestamp="2019-08-09T08:14:22.125" activeThreads="16">
  <mem-info id="3509" free="62914560" total="138412032" percent="45">
    <remembered-set count="57280" freebytes="5304320" totalbytes="5533440" percent="95" regionsoverflowed="0" regionsstable="2" regionsrebuilding="7"/>
  </mem-info>
</gc-end>
<exclusive-end id="3510" timestamp="2019-08-09T08:14:22.125" durationms="5.573" />

<exclusive-start id="3511" timestamp="2019-08-09T08:14:22.138" intervalms="18.606">
  <response-info timems="0.472" idlems="0.206" threads="10" lastid="0000000002443200" lastname="Thread-35" />
</exclusive-start>
<allocation-taxation id="3512" taxation-threshold="20971520" timestamp="2019-08-09T08:14:22.138" intervalms="18.546" />
<cycle-start id="3513" type="partial gc" contextid="0" timestamp="2019-08-09T08:14:22.138" intervalms="64.258" />
<gc-start id="3514" type="partial gc" contextid="3513" timestamp="2019-08-09T08:14:22.138">
  <mem-info id="3515" free="41943040" total="138412032" percent="30">
    <mem type="eden" free="0" total="41943040" percent="0" />
    <remembered-set count="57280" freebytes="5304320" totalbytes="5533440" percent="95" regionsoverflowed="0" regionsstable="2" regionsrebuilding="7"/>
  </mem-info>
</gc-start>
<allocation-stats totalBytes="41936768" >
  <allocated-bytes non-tlh="0" tlh="41936768" arrayletleaf="0"/>
  <largest-consumer threadName="Thread-35" threadId="0000000002443200" bytes="2359024" />
</allocation-stats>
<gc-op id="3516" type="copy forward" timems="16.522" contextid="3513" timestamp="2019-08-09T08:14:22.156">
  <memory-copied type="eden" objects="28573" bytes="1194976" bytesdiscarded="90248" />
  <memory-copied type="other" objects="12539" bytes="438312" bytesdiscarded="40760" />
  <memory-cardclean objects="22848" bytes="1164536" />
  <regions eden="20" other="2" />
  <remembered-set-cleared processed="44993" cleared="4391" durationms="0.185" />
  <stringconstants candidates="15047" cleared="0"  />
</gc-op>
<gc-op id="3517" type="classunload" timems="0.015" contextid="3513" timestamp="2019-08-09T08:14:22.156">
  <classunload-info classloadercandidates="54" classloadersunloaded="0" classesunloaded="0" anonymousclassesunloaded="0" quiescems="0.000" setupms="0.014" scanms="0.000" postms="0.000" />
</gc-op>
<heap-resize id="3518" type="expand" space="default" amount="4194304" count="1" timems="0.066" reason="excessive time being spent in gc" timestamp="2019-08-09T08:14:22.157" />
<gc-end id="3519" type="partial gc" contextid="3513" durationms="18.134" usertimems="39.885" systemtimems="25.779" timestamp="2019-08-09T08:14:22.157" activeThreads="16">
  <mem-info id="3520" free="85983232" total="142606336" percent="60">
    <mem type="eden" free="811928" total="2097152" percent="38" />
    <remembered-set count="56768" freebytes="5474048" totalbytes="5701120" percent="96" regionsoverflowed="0" regionsstable="2" regionsrebuilding="7"/>
  </mem-info>
</gc-end>
<cycle-end id="3521" type="partial gc" contextid="3513" timestamp="2019-08-09T08:14:22.157" />
  <attribute name="elasticGC enabled" value="1" />
  <attribute name= "numThreadsSpecified" value="16" />
  <attribute name="heapSize specified" value="0" />
  <attribute name="Current GC Util" value="114" />
  <attribute name= "Current Time Running" value="97227" />
  <attribute name ="GC Interval" value="0" />
  <attribute name="Target GC Util Change" value ="80.000000" />
  <attribute name="Current GC Util Change" value="114.000000"/>
  <attribute name="Current Error" value="-34.000000" />
  <attribute name="Output H" value="138449856"/>
  <attribute name="Output I" value="1984"/>
  <attribute name="Output T" value="16"/>
  <attribute name= "Current Time Running" value="97227" />
  <attribute name="GC Util currently" value="114" />
  <attribute name="CPU Util currently" value="1107021028149" />
<exclusive-end id="3522" timestamp="2019-08-09T08:14:22.157" durationms="18.843" />

<exclusive-start id="3523" timestamp="2019-08-09T08:14:22.171" intervalms="33.139">
  <response-info timems="3.503" idlems="3.490" threads="1" lastid="0000000002434200" lastname="Thread-24" />
</exclusive-start>
<allocation-taxation id="3524" taxation-threshold="20971520" timestamp="2019-08-09T08:14:22.171" intervalms="33.140" />
<gc-start id="3525" type="global mark phase" contextid="3481" timestamp="2019-08-09T08:14:22.171">
  <mem-info id="3526" free="65011712" total="142606336" percent="45">
    <remembered-set count="56416" freebytes="5475456" totalbytes="5701120" percent="96" regionsoverflowed="0" regionsstable="2" regionsrebuilding="7"/>
  </mem-info>
</gc-start>
<gc-op id="3527" type="mark increment" timems="11.359" contextid="3481" timestamp="2019-08-09T08:14:22.183">
  <trace-info objectcount="40477" scancount="40477" scanbytes="1903404" />
  <cardclean-info objects="139968" bytes="4794896" />
  <finalization candidates="151" enqueued="0" />
  <ownableSynchronizers candidates="23" cleared="0" />
  <references type="soft" candidates="3626" cleared="14" enqueued="9" dynamicThreshold="19" maxThreshold="32" />
  <references type="weak" candidates="6278" cleared="0" enqueued="0" />
  <references type="phantom" candidates="835" cleared="0" enqueued="0" />
  <stringconstants candidates="15047" cleared="3"  />
</gc-op>
<gc-op id="3528" type="classunload" timems="0.011" contextid="3481" timestamp="2019-08-09T08:14:22.183">
  <classunload-info classloadercandidates="54" classloadersunloaded="0" classesunloaded="0" anonymousclassesunloaded="0" quiescems="0.000" setupms="0.011" scanms="0.000" postms="0.000" />
</gc-op>
<gc-end id="3529" type="global mark phase" contextid="3481" durationms="11.715" usertimems="24.926" systemtimems="17.118" timestamp="2019-08-09T08:14:22.183" activeThreads="16">
  <mem-info id="3530" free="65011712" total="142606336" percent="45">
    <pending-finalizers system="0" default="0" reference="9" classloader="0" />
    <remembered-set count="66656" freebytes="5434496" totalbytes="5701120" percent="95" regionsoverflowed="0" regionsstable="2" regionsrebuilding="0"/>
  </mem-info>
</gc-end>
<cycle-end id="3531" type="global mark phase" contextid="3481" timestamp="2019-08-09T08:14:22.183" />
  <attribute name="elasticGC enabled" value="1" />
  <attribute name= "numThreadsSpecified" value="16" />
  <attribute name="heapSize specified" value="0" />
  <attribute name="Current GC Util" value="281" />
  <attribute name= "Current Time Running" value="97264" />
  <attribute name ="GC Interval" value="0" />
  <attribute name="Target GC Util Change" value ="80.000000" />
  <attribute name="Current GC Util Change" value="281.000000"/>
  <attribute name="Current Error" value="-620.000000" />
  <attribute name="Output H" value="142643824"/>
  <attribute name="Output I" value="1648"/>
  <attribute name="Output T" value="16"/>
  <attribute name= "Current Time Running" value="97264" />
  <attribute name="GC Util currently" value="281" />
  <attribute name="CPU Util currently" value="640040059692" />
<exclusive-end id="3532" timestamp="2019-08-09T08:14:22.183" durationms="12.049" />

<exclusive-start id="3533" timestamp="2019-08-09T08:14:22.219" intervalms="47.763">
  <response-info timems="3.289" idlems="3.289" threads="0" lastid="000000000245DA00" lastname="Thread-21" />
</exclusive-start>
<allocation-taxation id="3534" taxation-threshold="20971520" timestamp="2019-08-09T08:14:22.219" intervalms="47.760" />
<cycle-start id="3535" type="partial gc" contextid="0" timestamp="2019-08-09T08:14:22.219" intervalms="80.903" />
<gc-start id="3536" type="partial gc" contextid="3535" timestamp="2019-08-09T08:14:22.219">
  <mem-info id="3537" free="44040192" total="142606336" percent="30">
    <mem type="eden" free="0" total="41943040" percent="0" />
    <remembered-set count="35232" freebytes="5560192" totalbytes="5701120" percent="97" regionsoverflowed="0" regionsstable="9" regionsrebuilding="0"/>
  </mem-info>
</gc-start>
<allocation-stats totalBytes="41936928" >
  <allocated-bytes non-tlh="0" tlh="41936928" arrayletleaf="0"/>
  <largest-consumer threadName="Thread-36" threadId="0000000002452600" bytes="2883272" />
</allocation-stats>
<gc-op id="3538" type="sweep" timems="4.449" contextid="3535" timestamp="2019-08-09T08:14:22.224" />
<gc-op id="3539" type="copy forward" timems="10.137" contextid="3535" timestamp="2019-08-09T08:14:22.235">
  <memory-copied type="eden" objects="4045" bytes="102288" bytesdiscarded="13462" />
  <memory-copied type="other" objects="37983" bytes="1598472" bytesdiscarded="133786" />
  <memory-cardclean objects="16951" bytes="873872" />
  <regions eden="10" other="12" />
  <remembered-set-cleared processed="25931" cleared="2417" durationms="0.454" />
  <stringconstants candidates="15044" cleared="0"  />
</gc-op>
<gc-op id="3540" type="classunload" timems="0.010" contextid="3535" timestamp="2019-08-09T08:14:22.235">
  <classunload-info classloadercandidates="54" classloadersunloaded="0" classesunloaded="0" anonymousclassesunloaded="0" quiescems="0.000" setupms="0.010" scanms="0.000" postms="0.000" />
</gc-op>
<heap-resize id="3541" type="expand" space="default" amount="4194304" count="1" timems="0.062" reason="excessive time being spent in gc" timestamp="2019-08-09T08:14:22.235" />
<gc-end id="3542" type="partial gc" contextid="3535" durationms="16.067" usertimems="16.244" systemtimems="31.353" timestamp="2019-08-09T08:14:22.235" activeThreads="16">
  <mem-info id="3543" free="88080384" total="146800640" percent="60">
    <mem type="eden" free="1527280" total="2097152" percent="72" />
    <remembered-set count="36000" freebytes="5724800" totalbytes="5868800" percent="97" regionsoverflowed="0" regionsstable="9" regionsrebuilding="0"/>
  </mem-info>
</gc-end>
<cycle-end id="3544" type="partial gc" contextid="3535" timestamp="2019-08-09T08:14:22.235" />
  <attribute name="elasticGC enabled" value="1" />
  <attribute name= "numThreadsSpecified" value="16" />
  <attribute name="heapSize specified" value="0" />
  <attribute name="Current GC Util" value="136" />
  <attribute name= "Current Time Running" value="97312" />
  <attribute name ="GC Interval" value="0" />
  <attribute name="Target GC Util Change" value ="80.000000" />
  <attribute name="Current GC Util Change" value="136.000000"/>
  <attribute name="Current Error" value="-56.000000" />
  <attribute name="Output H" value="142644144"/>
  <attribute name="Output I" value="1968"/>
  <attribute name="Output T" value="16"/>
  <attribute name= "Current Time Running" value="97312" />
  <attribute name="GC Util currently" value="136" />
  <attribute name="CPU Util currently" value="1706474447670" />
<exclusive-end id="3545" timestamp="2019-08-09T08:14:22.236" durationms="16.611" />

<exclusive-start id="3546" timestamp="2019-08-09T08:14:22.259" intervalms="40.042">
  <response-info timems="0.586" idlems="0.256" threads="2" lastid="0000000002452600" lastname="Thread-36" />
</exclusive-start>
<allocation-taxation id="3547" taxation-threshold="20971520" timestamp="2019-08-09T08:14:22.259" intervalms="40.045" />
<cycle-start id="3548" type="global mark phase" contextid="0" timestamp="2019-08-09T08:14:22.259" intervalms="218.547" />
<gc-start id="3549" type="global mark phase" contextid="3548" timestamp="2019-08-09T08:14:22.259">
  <mem-info id="3550" free="67108864" total="146800640" percent="45">
    <remembered-set count="35936" freebytes="5725056" totalbytes="5868800" percent="97" regionsoverflowed="0" regionsstable="9" regionsrebuilding="0"/>
  </mem-info>
</gc-start>
<gc-op id="3551" type="mark increment" timems="5.307" contextid="3548" timestamp="2019-08-09T08:14:22.265">
  <trace-info objectcount="165510" scancount="142266" scanbytes="5895848" />
</gc-op>
<gc-end id="3552" type="global mark phase" contextid="3548" durationms="5.372" usertimems="15.987" systemtimems="5.913" timestamp="2019-08-09T08:14:22.265" activeThreads="16">
  <mem-info id="3553" free="67108864" total="146800640" percent="45">
    <remembered-set count="42080" freebytes="5700480" totalbytes="5868800" percent="97" regionsoverflowed="0" regionsstable="0" regionsrebuilding="9"/>
  </mem-info>
</gc-end>
<concurrent-start id="3554" type="GMP work packet processing" contextid="3548" timestamp="2019-08-09T08:14:22.265">
  <concurrent-mark-start scanTarget="29073034" />
</concurrent-start>
<exclusive-end id="3555" timestamp="2019-08-09T08:14:22.265" durationms="5.846" />

<concurrent-end id="3556" type="GMP work packet processing" contextid="3548" timestamp="2019-08-09T08:14:22.326">
  <concurrent-mark-end bytesScanned="13211192" reasonForTermination="Completed all work in GC phase" />
</concurrent-end>

<exclusive-start id="3557" timestamp="2019-08-09T08:14:22.326" intervalms="67.388">
  <response-info timems="0.990" idlems="0.571" threads="12" lastid="0000000002452600" lastname="Thread-36" />
</exclusive-start>
<allocation-taxation id="3558" taxation-threshold="20971520" timestamp="2019-08-09T08:14:22.326" intervalms="67.383" />
<cycle-start id="3559" type="partial gc" contextid="0" timestamp="2019-08-09T08:14:22.327" intervalms="107.432" />
<gc-start id="3560" type="partial gc" contextid="3559" timestamp="2019-08-09T08:14:22.327">
  <mem-info id="3561" free="46137344" total="146800640" percent="31">
    <mem type="eden" free="0" total="41943040" percent="0" />
    <remembered-set count="144000" freebytes="5292800" totalbytes="5868800" percent="90" regionsoverflowed="0" regionsstable="0" regionsrebuilding="9"/>
  </mem-info>
</gc-start>
<allocation-stats totalBytes="41936792" >
  <allocated-bytes non-tlh="0" tlh="41936792" arrayletleaf="0"/>
  <largest-consumer threadName="Thread-22" threadId="000000000246C900" bytes="2543264" />
</allocation-stats>
<gc-op id="3562" type="copy forward" timems="13.354" contextid="3559" timestamp="2019-08-09T08:14:22.341">
  <memory-copied type="eden" objects="6809" bytes="169352" bytesdiscarded="103072" />
  <memory-copied type="other" objects="13433" bytes="526632" bytesdiscarded="62960" />
  <memory-cardclean objects="20126" bytes="1028320" />
  <regions eden="20" other="2" />
  <remembered-set-cleared processed="131756" cleared="2067" durationms="0.586" />
  <stringconstants candidates="15044" cleared="0"  />
</gc-op>
<gc-op id="3563" type="classunload" timems="0.011" contextid="3559" timestamp="2019-08-09T08:14:22.341">
  <classunload-info classloadercandidates="54" classloadersunloaded="0" classesunloaded="0" anonymousclassesunloaded="0" quiescems="0.000" setupms="0.011" scanms="0.000" postms="0.000" />
</gc-op>
<heap-resize id="3564" type="expand" space="default" amount="6291456" count="1" timems="0.062" reason="excessive time being spent in gc" timestamp="2019-08-09T08:14:22.341" />
<gc-end id="3565" type="partial gc" contextid="3559" durationms="14.526" usertimems="35.797" systemtimems="15.062" timestamp="2019-08-09T08:14:22.341" activeThreads="16">
  <mem-info id="3566" free="92274688" total="153092096" percent="60">
    <mem type="eden" free="1824728" total="2097152" percent="87" />
    <remembered-set count="147008" freebytes="5532288" totalbytes="6120320" percent="90" regionsoverflowed="0" regionsstable="0" regionsrebuilding="9"/>
  </mem-info>
</gc-end>
<cycle-end id="3567" type="partial gc" contextid="3559" timestamp="2019-08-09T08:14:22.342" />
  <attribute name="elasticGC enabled" value="1" />
  <attribute name= "numThreadsSpecified" value="16" />
  <attribute name="heapSize specified" value="0" />
  <attribute name="Current GC Util" value="119" />
  <attribute name= "Current Time Running" value="97415" />
  <attribute name ="GC Interval" value="0" />
  <attribute name="Target GC Util Change" value ="80.000000" />
  <attribute name="Current GC Util Change" value="119.000000"/>
  <attribute name="Current Error" value="-39.000000" />
  <attribute name="Output H" value="146838464"/>
  <attribute name="Output I" value="1984"/>
  <attribute name="Output T" value="16"/>
  <attribute name= "Current Time Running" value="97415" />
  <attribute name="GC Util currently" value="119" />
  <attribute name="CPU Util currently" value="1888781118256" />
<exclusive-end id="3568" timestamp="2019-08-09T08:14:22.342" durationms="15.320" />

<exclusive-start id="3569" timestamp="2019-08-09T08:14:22.403" intervalms="76.612">
  <response-info timems="0.756" idlems="0.533" threads="5" lastid="0000000002456200" lastname="Thread-32" />
</exclusive-start>
<allocation-taxation id="3570" taxation-threshold="23068672" timestamp="2019-08-09T08:14:22.403" intervalms="76.621" />
<gc-start id="3571" type="global mark phase" contextid="3548" timestamp="2019-08-09T08:14:22.403">
  <mem-info id="3572" free="69206016" total="153092096" percent="45">
    <remembered-set count="146592" freebytes="5533952" totalbytes="6120320" percent="90" regionsoverflowed="0" regionsstable="0" regionsrebuilding="9"/>
  </mem-info>
</gc-start>
<gc-op id="3573" type="mark increment" timems="8.547" contextid="3548" timestamp="2019-08-09T08:14:22.412">
  <trace-info objectcount="7375" scancount="7375" scanbytes="192680" />
  <cardclean-info objects="26734" bytes="1337112" />
  <finalization candidates="151" enqueued="0" />
  <ownableSynchronizers candidates="23" cleared="0" />
  <references type="soft" candidates="3612" cleared="400" enqueued="201" dynamicThreshold="19" maxThreshold="32" />
  <references type="weak" candidates="6278" cleared="0" enqueued="0" />
  <references type="phantom" candidates="835" cleared="0" enqueued="0" />
  <stringconstants candidates="15044" cleared="41"  />
</gc-op>
<gc-op id="3574" type="classunload" timems="0.010" contextid="3548" timestamp="2019-08-09T08:14:22.412">
  <classunload-info classloadercandidates="54" classloadersunloaded="0" classesunloaded="0" anonymousclassesunloaded="0" quiescems="0.000" setupms="0.010" scanms="0.000" postms="0.000" />
</gc-op>
<gc-end id="3575" type="global mark phase" contextid="3548" durationms="8.673" usertimems="12.637" systemtimems="13.949" timestamp="2019-08-09T08:14:22.412" activeThreads="16">
  <mem-info id="3576" free="69206016" total="153092096" percent="45">
    <pending-finalizers system="0" default="0" reference="201" classloader="0" />
    <remembered-set count="148640" freebytes="5525760" totalbytes="6120320" percent="90" regionsoverflowed="0" regionsstable="0" regionsrebuilding="0"/>
  </mem-info>
</gc-end>
<cycle-end id="3577" type="global mark phase" contextid="3548" timestamp="2019-08-09T08:14:22.412" />
  <attribute name="elasticGC enabled" value="1" />
  <attribute name= "numThreadsSpecified" value="16" />
  <attribute name="heapSize specified" value="0" />
  <attribute name="Current GC Util" value="210" />
  <attribute name= "Current Time Running" value="97493" />
  <attribute name ="GC Interval" value="0" />
  <attribute name="Target GC Util Change" value ="80.000000" />
  <attribute name="Current GC Util Change" value="210.000000"/>
  <attribute name="Current Error" value="-268.000000" />
  <attribute name="Output H" value="153129784"/>
  <attribute name="Output I" value="1848"/>
  <attribute name="Output T" value="16"/>
  <attribute name= "Current Time Running" value="97493" />
  <attribute name="GC Util currently" value="210" />
  <attribute name="CPU Util currently" value="895658006396" />
<exclusive-end id="3578" timestamp="2019-08-09T08:14:22.412" durationms="9.113" />

<exclusive-start id="3579" timestamp="2019-08-09T08:14:22.460" intervalms="57.098">
  <response-info timems="10.052" idlems="10.052" threads="0" lastid="0000000002443200" lastname="Thread-35" />
</exclusive-start>
<allocation-taxation id="3580" taxation-threshold="23068672" timestamp="2019-08-09T08:14:22.460" intervalms="57.093" />
<cycle-start id="3581" type="partial gc" contextid="0" timestamp="2019-08-09T08:14:22.460" intervalms="133.797" />
<gc-start id="3582" type="partial gc" contextid="3581" timestamp="2019-08-09T08:14:22.461">
  <mem-info id="3583" free="46137344" total="153092096" percent="30">
    <mem type="eden" free="0" total="46137344" percent="0" />
    <remembered-set count="39808" freebytes="5961088" totalbytes="6120320" percent="97" regionsoverflowed="0" regionsstable="9" regionsrebuilding="0"/>
  </mem-info>
</gc-start>
<allocation-stats totalBytes="46130216" >
  <allocated-bytes non-tlh="0" tlh="46130216" arrayletleaf="0"/>
  <largest-consumer threadName="Thread-22" threadId="000000000246C900" bytes="3084000" />
</allocation-stats>
<gc-op id="3584" type="sweep" timems="2.916" contextid="3581" timestamp="2019-08-09T08:14:22.464" />
<gc-op id="3585" type="copy forward" timems="27.614" contextid="3581" timestamp="2019-08-09T08:14:22.492">
  <memory-copied type="eden" objects="4552" bytes="115424" bytesdiscarded="9714" />
  <memory-copied type="other" objects="9545" bytes="229080" bytesdiscarded="13510" />
  <memory-cardclean objects="22914" bytes="1139744" />
  <regions eden="11" other="13" />
  <remembered-set-cleared processed="28962" cleared="5967" durationms="0.183" />
  <stringconstants candidates="15003" cleared="0"  />
</gc-op>
<gc-op id="3586" type="classunload" timems="0.010" contextid="3581" timestamp="2019-08-09T08:14:22.492">
  <classunload-info classloadercandidates="54" classloadersunloaded="0" classesunloaded="0" anonymousclassesunloaded="0" quiescems="0.000" setupms="0.010" scanms="0.000" postms="0.000" />
</gc-op>
<heap-resize id="3587" type="expand" space="default" amount="4194304" count="1" timems="0.054" reason="excessive time being spent in gc" timestamp="2019-08-09T08:14:22.492" />
<gc-end id="3588" type="partial gc" contextid="3581" durationms="31.842" usertimems="57.397" systemtimems="59.525" timestamp="2019-08-09T08:14:22.492" activeThreads="16">
  <mem-info id="3589" free="94371840" total="157286400" percent="60">
    <mem type="eden" free="1879864" total="2097152" percent="89" />
    <remembered-set count="34400" freebytes="6150400" totalbytes="6288000" percent="97" regionsoverflowed="0" regionsstable="9" regionsrebuilding="0"/>
  </mem-info>
</gc-end>
<cycle-end id="3590" type="partial gc" contextid="3581" timestamp="2019-08-09T08:14:22.493" />
  <attribute name="elasticGC enabled" value="1" />
  <attribute name= "numThreadsSpecified" value="16" />
  <attribute name="heapSize specified" value="0" />
  <attribute name="Current GC Util" value="132" />
  <attribute name= "Current Time Running" value="97552" />
  <attribute name ="GC Interval" value="0" />
  <attribute name="Target GC Util Change" value ="80.000000" />
  <attribute name="Current GC Util Change" value="132.000000"/>
  <attribute name="Current Error" value="-52.000000" />
  <attribute name="Output H" value="153129912"/>
  <attribute name="Output I" value="1976"/>
  <attribute name="Output T" value="16"/>
  <attribute name= "Current Time Running" value="97552" />
  <attribute name="GC Util currently" value="132" />
  <attribute name="CPU Util currently" value="1856801442471" />
<exclusive-end id="3591" timestamp="2019-08-09T08:14:22.493" durationms="32.530" />

<exclusive-start id="3592" timestamp="2019-08-09T08:14:22.579" intervalms="118.787">
  <response-info timems="1.877" idlems="1.877" threads="0" lastid="0000000002437E00" lastname="Thread-31" />
</exclusive-start>
<allocation-taxation id="3593" taxation-threshold="46137344" timestamp="2019-08-09T08:14:22.579" intervalms="118.864" />
<cycle-start id="3594" type="partial gc" contextid="0" timestamp="2019-08-09T08:14:22.579" intervalms="118.890" />
<gc-start id="3595" type="partial gc" contextid="3594" timestamp="2019-08-09T08:14:22.580">
  <mem-info id="3596" free="48234496" total="157286400" percent="30">
    <mem type="eden" free="0" total="46137344" percent="0" />
    <remembered-set count="34240" freebytes="6151040" totalbytes="6288000" percent="97" regionsoverflowed="0" regionsstable="9" regionsrebuilding="0"/>
  </mem-info>
</gc-start>
<allocation-stats totalBytes="46130384" >
  <allocated-bytes non-tlh="0" tlh="46130384" arrayletleaf="0"/>
  <largest-consumer threadName="Thread-36" threadId="0000000002452600" bytes="5553352" />
</allocation-stats>
<gc-op id="3597" type="copy forward" timems="13.522" contextid="3594" timestamp="2019-08-09T08:14:22.594">
  <memory-copied type="eden" objects="25688" bytes="1033856" bytesdiscarded="79992" />
  <memory-copied type="other" objects="7503" bytes="180952" bytesdiscarded="9408" />
  <memory-cardclean objects="24027" bytes="1185608" />
  <regions eden="22" other="2" />
  <remembered-set-cleared processed="27070" cleared="2610" durationms="0.719" />
  <stringconstants candidates="15003" cleared="0"  />
</gc-op>
<gc-op id="3598" type="classunload" timems="0.010" contextid="3594" timestamp="2019-08-09T08:14:22.594">
  <classunload-info classloadercandidates="54" classloadersunloaded="0" classesunloaded="0" anonymousclassesunloaded="0" quiescems="0.000" setupms="0.010" scanms="0.000" postms="0.000" />
</gc-op>
<heap-resize id="3599" type="expand" space="default" amount="6291456" count="1" timems="0.069" reason="excessive time being spent in gc" timestamp="2019-08-09T08:14:22.595" />
<gc-end id="3600" type="partial gc" contextid="3594" durationms="15.122" usertimems="32.488" systemtimems="20.160" timestamp="2019-08-09T08:14:22.595" activeThreads="16">
  <mem-info id="3601" free="98566144" total="163577856" percent="60">
    <mem type="eden" free="983304" total="2097152" percent="46" />
    <remembered-set count="37216" freebytes="6390656" totalbytes="6539520" percent="97" regionsoverflowed="0" regionsstable="9" regionsrebuilding="0"/>
  </mem-info>
</gc-end>
<cycle-end id="3602" type="partial gc" contextid="3594" timestamp="2019-08-09T08:14:22.595" />
  <attribute name="elasticGC enabled" value="1" />
  <attribute name= "numThreadsSpecified" value="16" />
  <attribute name="heapSize specified" value="0" />
  <attribute name="Current GC Util" value="126" />
  <attribute name= "Current Time Running" value="97668" />
  <attribute name ="GC Interval" value="0" />
  <attribute name="Target GC Util Change" value ="80.000000" />
  <attribute name="Current GC Util Change" value="126.000000"/>
  <attribute name="Current Error" value="-106.000000" />
  <attribute name="Output H" value="157324184"/>
  <attribute name="Output I" value="1944"/>
  <attribute name="Output T" value="16"/>
  <attribute name= "Current Time Running" value="97668" />
  <attribute name="GC Util currently" value="126" />
  <attribute name="CPU Util currently" value="1067333066226" />
<exclusive-end id="3603" timestamp="2019-08-09T08:14:22.595" durationms="16.114" />

<exclusive-start id="3604" timestamp="2019-08-09T08:14:22.694" intervalms="114.902">
  <response-info timems="6.213" idlems="3.124" threads="1" lastid="000000000245DA00" lastname="Thread-21" />
</exclusive-start>
<allocation-taxation id="3605" taxation-threshold="48234496" timestamp="2019-08-09T08:14:22.694" intervalms="114.830" />
<cycle-start id="3606" type="partial gc" contextid="0" timestamp="2019-08-09T08:14:22.694" intervalms="114.724" />
<gc-start id="3607" type="partial gc" contextid="3606" timestamp="2019-08-09T08:14:22.694">
  <mem-info id="3608" free="50331648" total="163577856" percent="30">
    <mem type="eden" free="0" total="48234496" percent="0" />
    <remembered-set count="37184" freebytes="6390784" totalbytes="6539520" percent="97" regionsoverflowed="0" regionsstable="9" regionsrebuilding="0"/>
  </mem-info>
</gc-start>
<allocation-stats totalBytes="48227360" >
  <allocated-bytes non-tlh="0" tlh="48227360" arrayletleaf="0"/>
  <largest-consumer threadName="Thread-22" threadId="000000000246C900" bytes="5762200" />
</allocation-stats>
<gc-op id="3609" type="copy forward" timems="9.533" contextid="3606" timestamp="2019-08-09T08:14:22.705">
  <memory-copied type="eden" objects="10389" bytes="254256" bytesdiscarded="51168" />
  <memory-copied type="other" objects="25228" bytes="1017600" bytesdiscarded="91384" />
  <memory-cardclean objects="23127" bytes="1160456" />
  <regions eden="23" other="2" />
  <remembered-set-cleared processed="28588" cleared="6717" durationms="0.191" />
  <stringconstants candidates="15003" cleared="0"  />
</gc-op>
<gc-op id="3610" type="classunload" timems="0.010" contextid="3606" timestamp="2019-08-09T08:14:22.705">
  <classunload-info classloadercandidates="54" classloadersunloaded="0" classesunloaded="0" anonymousclassesunloaded="0" quiescems="0.000" setupms="0.010" scanms="0.000" postms="0.000" />
</gc-op>
<heap-resize id="3611" type="expand" space="default" amount="4194304" count="1" timems="0.058" reason="excessive time being spent in gc" timestamp="2019-08-09T08:14:22.705" />
<gc-end id="3612" type="partial gc" contextid="3606" durationms="10.740" usertimems="19.585" systemtimems="14.076" timestamp="2019-08-09T08:14:22.705" activeThreads="16">
  <mem-info id="3613" free="100663296" total="167772160" percent="60">
    <mem type="eden" free="1791728" total="2097152" percent="85" />
    <remembered-set count="36480" freebytes="6561280" totalbytes="6707200" percent="97" regionsoverflowed="0" regionsstable="9" regionsrebuilding="0"/>
  </mem-info>
</gc-end>
<cycle-end id="3614" type="partial gc" contextid="3606" timestamp="2019-08-09T08:14:22.705" />
  <attribute name="elasticGC enabled" value="1" />
  <attribute name= "numThreadsSpecified" value="16" />
  <attribute name="heapSize specified" value="0" />
  <attribute name="Current GC Util" value="261" />
  <attribute name= "Current Time Running" value="97782" />
  <attribute name ="GC Interval" value="0" />
  <attribute name="Target GC Util Change" value ="80.000000" />
  <attribute name="Current GC Util Change" value="261.000000"/>
  <attribute name="Current Error" value="-242.000000" />
  <attribute name="Output H" value="163615560"/>
  <attribute name="Output I" value="1864"/>
  <attribute name="Output T" value="16"/>
  <attribute name= "Current Time Running" value="97782" />
  <attribute name="GC Util currently" value="261" />
  <attribute name="CPU Util currently" value="1681447451853" />
<exclusive-end id="3615" timestamp="2019-08-09T08:14:22.705" durationms="11.275" />

<exclusive-start id="3616" timestamp="2019-08-09T08:14:22.793" intervalms="99.038">
  <response-info timems="3.949" idlems="3.949" threads="0" lastid="000000000246C900" lastname="Thread-22" />
</exclusive-start>
<allocation-taxation id="3617" taxation-threshold="48234496" timestamp="2019-08-09T08:14:22.793" intervalms="99.034" />
<cycle-start id="3618" type="partial gc" contextid="0" timestamp="2019-08-09T08:14:22.793" intervalms="99.024" />
<gc-start id="3619" type="partial gc" contextid="3618" timestamp="2019-08-09T08:14:22.793">
  <mem-info id="3620" free="52428800" total="167772160" percent="31">
    <mem type="eden" free="0" total="48234496" percent="0" />
    <remembered-set count="36416" freebytes="6561536" totalbytes="6707200" percent="97" regionsoverflowed="0" regionsstable="9" regionsrebuilding="0"/>
  </mem-info>
</gc-start>
<allocation-stats totalBytes="48227328" >
  <allocated-bytes non-tlh="0" tlh="48227328" arrayletleaf="0"/>
  <largest-consumer threadName="Thread-36" threadId="0000000002452600" bytes="5954560" />
</allocation-stats>
<gc-op id="3621" type="copy forward" timems="11.385" contextid="3618" timestamp="2019-08-09T08:14:22.806">
  <memory-copied type="eden" objects="21934" bytes="807008" bytesdiscarded="61080" />
  <memory-copied type="other" objects="10122" bytes="242928" bytesdiscarded="16680" />
  <memory-cardclean objects="29203" bytes="1487032" />
  <regions eden="23" other="2" />
  <remembered-set-cleared processed="26152" cleared="4132" durationms="0.174" />
  <stringconstants candidates="15003" cleared="0"  />
</gc-op>
<gc-op id="3622" type="classunload" timems="0.013" contextid="3618" timestamp="2019-08-09T08:14:22.806">
  <classunload-info classloadercandidates="54" classloadersunloaded="0" classesunloaded="0" anonymousclassesunloaded="0" quiescems="0.000" setupms="0.013" scanms="0.000" postms="0.000" />
</gc-op>
<heap-resize id="3623" type="expand" space="default" amount="10485760" count="1" timems="0.092" reason="excessive time being spent in gc" timestamp="2019-08-09T08:14:22.806" />
<gc-end id="3624" type="partial gc" contextid="3618" durationms="12.641" usertimems="36.471" systemtimems="13.467" timestamp="2019-08-09T08:14:22.806" activeThreads="16">
  <mem-info id="3625" free="106954752" total="178257920" percent="60">
    <mem type="eden" free="3326216" total="4194304" percent="79" />
    <remembered-set count="36320" freebytes="6981120" totalbytes="7126400" percent="97" regionsoverflowed="0" regionsstable="9" regionsrebuilding="0"/>
  </mem-info>
</gc-end>
<cycle-end id="3626" type="partial gc" contextid="3618" timestamp="2019-08-09T08:14:22.806" />
  <attribute name="elasticGC enabled" value="1" />
  <attribute name= "numThreadsSpecified" value="16" />
  <attribute name="heapSize specified" value="0" />
  <attribute name="Current GC Util" value="121" />
  <attribute name= "Current Time Running" value="97881" />
  <attribute name ="GC Interval" value="0" />
  <attribute name="Target GC Util Change" value ="80.000000" />
  <attribute name="Current GC Util Change" value="121.000000"/>
  <attribute name="Current Error" value="-41.000000" />
  <attribute name="Output H" value="167809984"/>
  <attribute name="Output I" value="1984"/>
  <attribute name="Output T" value="16"/>
  <attribute name= "Current Time Running" value="97881" />
  <attribute name="GC Util currently" value="121" />
  <attribute name="CPU Util currently" value="1682986427208" />
<exclusive-end id="3627" timestamp="2019-08-09T08:14:22.806" durationms="13.192" />

<exclusive-start id="3628" timestamp="2019-08-09T08:14:22.864" intervalms="70.944">
  <response-info timems="3.834" idlems="3.834" threads="0" lastid="0000000002425300" lastname="Thread-29" />
</exclusive-start>
<allocation-taxation id="3629" taxation-threshold="52428800" timestamp="2019-08-09T08:14:22.864" intervalms="70.944" />
<cycle-start id="3630" type="partial gc" contextid="0" timestamp="2019-08-09T08:14:22.864" intervalms="70.917" />
<gc-start id="3631" type="partial gc" contextid="3630" timestamp="2019-08-09T08:14:22.864">
  <mem-info id="3632" free="54525952" total="178257920" percent="30">
    <mem type="eden" free="0" total="52428800" percent="0" />
    <remembered-set count="36192" freebytes="6981632" totalbytes="7126400" percent="97" regionsoverflowed="0" regionsstable="9" regionsrebuilding="0"/>
  </mem-info>
</gc-start>
<allocation-stats totalBytes="52421328" >
  <allocated-bytes non-tlh="0" tlh="52421328" arrayletleaf="0"/>
  <largest-consumer threadName="Thread-35" threadId="0000000002443200" bytes="5197200" />
</allocation-stats>
<gc-op id="3633" type="copy forward" timems="11.817" contextid="3630" timestamp="2019-08-09T08:14:22.877">
  <memory-copied type="eden" objects="17151" bytes="554040" bytesdiscarded="49584" />
  <memory-copied type="other" objects="21444" bytes="789408" bytesdiscarded="69080" />
  <memory-cardclean objects="27016" bytes="1334408" />
  <regions eden="25" other="3" />
  <remembered-set-cleared processed="26897" cleared="3060" durationms="0.226" />
  <stringconstants candidates="15003" cleared="0"  />
</gc-op>
<gc-op id="3634" type="classunload" timems="0.011" contextid="3630" timestamp="2019-08-09T08:14:22.877">
  <classunload-info classloadercandidates="54" classloadersunloaded="0" classesunloaded="0" anonymousclassesunloaded="0" quiescems="0.000" setupms="0.011" scanms="0.000" postms="0.000" />
</gc-op>
<heap-resize id="3635" type="expand" space="default" amount="6291456" count="1" timems="0.064" reason="excessive time being spent in gc" timestamp="2019-08-09T08:14:22.877" />
<gc-end id="3636" type="partial gc" contextid="3630" durationms="12.979" usertimems="28.074" systemtimems="17.534" timestamp="2019-08-09T08:14:22.877" activeThreads="16">
  <mem-info id="3637" free="111149056" total="184549376" percent="60">
    <mem type="eden" free="3590680" total="4194304" percent="85" />
    <remembered-set count="39712" freebytes="7219072" totalbytes="7377920" percent="97" regionsoverflowed="0" regionsstable="9" regionsrebuilding="0"/>
  </mem-info>
</gc-end>
<cycle-end id="3638" type="partial gc" contextid="3630" timestamp="2019-08-09T08:14:22.877" />
  <attribute name="elasticGC enabled" value="1" />
  <attribute name= "numThreadsSpecified" value="16" />
  <attribute name="heapSize specified" value="0" />
  <attribute name="Current GC Util" value="0" />
  <attribute name= "Current Time Running" value="97952" />
  <attribute name ="GC Interval" value="0" />
  <attribute name="Target GC Util Change" value ="80.000000" />
  <attribute name="Current GC Util Change" value="0.000000"/>
  <attribute name="Current Error" value="62.000000" />
  <attribute name="Output H" value="178295800"/>
  <attribute name="Output I" value="2040"/>
  <attribute name="Output T" value="16"/>
  <attribute name= "Current Time Running" value="97952" />
  <attribute name="GC Util currently" value="0" />
  <attribute name="CPU Util currently" value="2002267138892" />
<exclusive-end id="3639" timestamp="2019-08-09T08:14:22.877" durationms="13.477" />

<exclusive-start id="3640" timestamp="2019-08-09T08:14:23.015" intervalms="151.270">
  <response-info timems="0.448" idlems="0.448" threads="0" lastid="0000000002461500" lastname="Thread-27" />
</exclusive-start>
<allocation-taxation id="3641" taxation-threshold="52428800" timestamp="2019-08-09T08:14:23.015" intervalms="151.272" />
<cycle-start id="3642" type="partial gc" contextid="0" timestamp="2019-08-09T08:14:23.015" intervalms="151.322" />
<gc-start id="3643" type="partial gc" contextid="3642" timestamp="2019-08-09T08:14:23.015">
  <mem-info id="3644" free="58720256" total="184549376" percent="31">
    <mem type="eden" free="0" total="52428800" percent="0" />
    <remembered-set count="39712" freebytes="7219072" totalbytes="7377920" percent="97" regionsoverflowed="0" regionsstable="9" regionsrebuilding="0"/>
  </mem-info>
</gc-start>
<allocation-stats totalBytes="52421000" >
  <allocated-bytes non-tlh="0" tlh="52421000" arrayletleaf="0"/>
  <largest-consumer threadName="Thread-23" threadId="000000000243F600" bytes="5332160" />
</allocation-stats>
<gc-op id="3645" type="copy forward" timems="12.056" contextid="3642" timestamp="2019-08-09T08:14:23.028">
  <memory-copied type="eden" objects="29273" bytes="1119176" bytesdiscarded="59472" />
  <memory-copied type="other" objects="16524" bytes="555368" bytesdiscarded="36304" />
  <memory-cardclean objects="28840" bytes="1480392" />
  <regions eden="25" other="3" />
  <remembered-set-cleared processed="29112" cleared="2730" durationms="0.183" />
  <stringconstants candidates="15003" cleared="0"  />
</gc-op>
<gc-op id="3646" type="classunload" timems="0.010" contextid="3642" timestamp="2019-08-09T08:14:23.029">
  <classunload-info classloadercandidates="54" classloadersunloaded="0" classesunloaded="0" anonymousclassesunloaded="0" quiescems="0.000" setupms="0.010" scanms="0.000" postms="0.000" />
</gc-op>
<gc-end id="3647" type="partial gc" contextid="3642" durationms="13.165" usertimems="34.192" systemtimems="17.547" timestamp="2019-08-09T08:14:23.029" activeThreads="16">
  <mem-info id="3648" free="111149056" total="184549376" percent="60">
    <mem type="eden" free="918504" total="2097152" percent="43" />
    <remembered-set count="43552" freebytes="7203712" totalbytes="7377920" percent="97" regionsoverflowed="0" regionsstable="9" regionsrebuilding="0"/>
  </mem-info>
</gc-end>
<cycle-end id="3649" type="partial gc" contextid="3642" timestamp="2019-08-09T08:14:23.029" />
  <attribute name="elasticGC enabled" value="1" />
  <attribute name= "numThreadsSpecified" value="16" />
  <attribute name="heapSize specified" value="0" />
  <attribute name="Current GC Util" value="136" />
  <attribute name= "Current Time Running" value="98104" />
  <attribute name ="GC Interval" value="0" />
  <attribute name="Target GC Util Change" value ="80.000000" />
  <attribute name="Current GC Util Change" value="136.000000"/>
  <attribute name="Current Error" value="61.000000" />
  <attribute name="Output H" value="184587256"/>
  <attribute name="Output I" value="2040"/>
  <attribute name="Output T" value="16"/>
  <attribute name= "Current Time Running" value="98104" />
  <attribute name="GC Util currently" value="136" />
  <attribute name="CPU Util currently" value="1980348785804" />
<exclusive-end id="3650" timestamp="2019-08-09T08:14:23.029" durationms="13.809" />

<exclusive-start id="3651" timestamp="2019-08-09T08:14:23.148" intervalms="133.216">
  <response-info timems="6.244" idlems="3.168" threads="1" lastid="0000000002434200" lastname="Thread-24" />
</exclusive-start>
<allocation-taxation id="3652" taxation-threshold="52428800" timestamp="2019-08-09T08:14:23.148" intervalms="133.230" />
<cycle-start id="3653" type="partial gc" contextid="0" timestamp="2019-08-09T08:14:23.148" intervalms="133.189" />
<gc-start id="3654" type="partial gc" contextid="3653" timestamp="2019-08-09T08:14:23.149">
  <mem-info id="3655" free="58720256" total="184549376" percent="31">
    <mem type="eden" free="0" total="52428800" percent="0" />
    <remembered-set count="43072" freebytes="7205632" totalbytes="7377920" percent="97" regionsoverflowed="0" regionsstable="9" regionsrebuilding="0"/>
  </mem-info>
</gc-start>
<allocation-stats totalBytes="52420744" >
  <allocated-bytes non-tlh="0" tlh="52420744" arrayletleaf="0"/>
  <largest-consumer threadName="Thread-36" threadId="0000000002452600" bytes="5344560" />
</allocation-stats>
<gc-op id="3656" type="copy forward" timems="12.014" contextid="3653" timestamp="2019-08-09T08:14:23.162">
  <memory-copied type="eden" objects="43795" bytes="1743856" bytesdiscarded="66800" />
  <memory-copied type="other" objects="30540" bytes="1145088" bytesdiscarded="61792" />
  <memory-cardclean objects="31438" bytes="1599040" />
  <regions eden="25" other="2" />
  <remembered-set-cleared processed="30635" cleared="4508" durationms="0.188" />
  <stringconstants candidates="15003" cleared="0"  />
</gc-op>
<gc-op id="3657" type="classunload" timems="0.011" contextid="3653" timestamp="2019-08-09T08:14:23.162">
  <classunload-info classloadercandidates="54" classloadersunloaded="0" classesunloaded="0" anonymousclassesunloaded="0" quiescems="0.000" setupms="0.010" scanms="0.000" postms="0.000" />
</gc-op>
<gc-end id="3658" type="partial gc" contextid="3653" durationms="13.283" usertimems="17.142" systemtimems="14.471" timestamp="2019-08-09T08:14:23.162" activeThreads="16">
  <mem-info id="3659" free="106954752" total="184549376" percent="57">
    <mem type="eden" free="2383648" total="4194304" percent="56" />
    <remembered-set count="44064" freebytes="7201664" totalbytes="7377920" percent="97" regionsoverflowed="0" regionsstable="9" regionsrebuilding="0"/>
  </mem-info>
</gc-end>
<cycle-end id="3660" type="partial gc" contextid="3653" timestamp="2019-08-09T08:14:23.162" />
  <attribute name="elasticGC enabled" value="1" />
  <attribute name= "numThreadsSpecified" value="16" />
  <attribute name="heapSize specified" value="0" />
  <attribute name="Current GC Util" value="143" />
  <attribute name= "Current Time Running" value="98237" />
  <attribute name ="GC Interval" value="0" />
  <attribute name="Target GC Util Change" value ="80.000000" />
  <attribute name="Current GC Util Change" value="143.000000"/>
  <attribute name="Current Error" value="-63.000000" />
  <attribute name="Output H" value="184587184"/>
  <attribute name="Output I" value="1968"/>
  <attribute name="Output T" value="16"/>
  <attribute name= "Current Time Running" value="98237" />
  <attribute name="GC Util currently" value="143" />
  <attribute name="CPU Util currently" value="1673204319281" />
<exclusive-end id="3661" timestamp="2019-08-09T08:14:23.162" durationms="13.852" />

<exclusive-start id="3662" timestamp="2019-08-09T08:14:23.238" intervalms="89.931">
  <response-info timems="2.925" idlems="2.925" threads="0" lastid="000000000246C900" lastname="Thread-22" />
</exclusive-start>
<allocation-taxation id="3663" taxation-threshold="52428800" timestamp="2019-08-09T08:14:23.238" intervalms="89.945" />
<cycle-start id="3664" type="partial gc" contextid="0" timestamp="2019-08-09T08:14:23.238" intervalms="90.043" />
<gc-start id="3665" type="partial gc" contextid="3664" timestamp="2019-08-09T08:14:23.239">
  <mem-info id="3666" free="54525952" total="184549376" percent="29">
    <mem type="eden" free="0" total="52428800" percent="0" />
    <remembered-set count="43616" freebytes="7203456" totalbytes="7377920" percent="97" regionsoverflowed="0" regionsstable="9" regionsrebuilding="0"/>
  </mem-info>
</gc-start>
<allocation-stats totalBytes="52420968" >
  <allocated-bytes non-tlh="0" tlh="52420968" arrayletleaf="0"/>
  <largest-consumer threadName="Thread-28" threadId="0000000002428F00" bytes="4984128" />
</allocation-stats>
<gc-op id="3667" type="copy forward" timems="18.586" contextid="3664" timestamp="2019-08-09T08:14:23.258">
  <memory-copied type="eden" objects="31904" bytes="1183184" bytesdiscarded="199424" />
  <memory-copied type="other" objects="53619" bytes="2475104" bytesdiscarded="217440" />
  <memory-cardclean objects="34911" bytes="1754456" />
  <regions eden="25" other="4" />
  <remembered-set-cleared processed="32257" cleared="5769" durationms="0.219" />
  <finalization candidates="3" enqueued="0" />
  <references type="soft" candidates="37" cleared="0" enqueued="0" dynamicThreshold="18" maxThreshold="32" />
  <references type="weak" candidates="231" cleared="0" enqueued="0" />
  <stringconstants candidates="15003" cleared="0"  />
</gc-op>
<gc-op id="3668" type="classunload" timems="0.010" contextid="3664" timestamp="2019-08-09T08:14:23.258">
  <classunload-info classloadercandidates="54" classloadersunloaded="0" classesunloaded="0" anonymousclassesunloaded="0" quiescems="0.000" setupms="0.009" scanms="0.000" postms="0.000" />
</gc-op>
<gc-end id="3669" type="partial gc" contextid="3664" durationms="19.542" usertimems="39.538" systemtimems="23.509" timestamp="2019-08-09T08:14:23.258" activeThreads="16">
  <mem-info id="3670" free="106954752" total="184549376" percent="57">
    <mem type="eden" free="714544" total="2097152" percent="34" />
    <remembered-set count="46368" freebytes="7192448" totalbytes="7377920" percent="97" regionsoverflowed="0" regionsstable="9" regionsrebuilding="0"/>
  </mem-info>
</gc-end>
<cycle-end id="3671" type="partial gc" contextid="3664" timestamp="2019-08-09T08:14:23.258" />
  <attribute name="elasticGC enabled" value="1" />
  <attribute name= "numThreadsSpecified" value="16" />
  <attribute name="heapSize specified" value="0" />
  <attribute name="Current GC Util" value="0" />
  <attribute name= "Current Time Running" value="98327" />
  <attribute name ="GC Interval" value="0" />
  <attribute name="Target GC Util Change" value ="80.000000" />
  <attribute name="Current GC Util Change" value="0.000000"/>
  <attribute name="Current Error" value="63.000000" />
  <attribute name="Output H" value="184587256"/>
  <attribute name="Output I" value="2040"/>
  <attribute name="Output T" value="16"/>
  <attribute name= "Current Time Running" value="98327" />
  <attribute name="GC Util currently" value="0" />
  <attribute name="CPU Util currently" value="2250542540705" />
<exclusive-end id="3672" timestamp="2019-08-09T08:14:23.259" durationms="20.283" />

<exclusive-start id="3673" timestamp="2019-08-09T08:14:23.325" intervalms="86.317">
  <response-info timems="2.555" idlems="0.524" threads="5" lastid="0000000002443200" lastname="Thread-35" />
</exclusive-start>
<allocation-taxation id="3674" taxation-threshold="52428800" timestamp="2019-08-09T08:14:23.325" intervalms="86.291" />
<cycle-start id="3675" type="partial gc" contextid="0" timestamp="2019-08-09T08:14:23.325" intervalms="86.396" />
<gc-start id="3676" type="partial gc" contextid="3675" timestamp="2019-08-09T08:14:23.325">
  <mem-info id="3677" free="54525952" total="184549376" percent="29">
    <mem type="eden" free="0" total="52428800" percent="0" />
    <remembered-set count="46368" freebytes="7192448" totalbytes="7377920" percent="97" regionsoverflowed="0" regionsstable="9" regionsrebuilding="0"/>
  </mem-info>
</gc-start>
<allocation-stats totalBytes="52421672" >
  <allocated-bytes non-tlh="0" tlh="52421672" arrayletleaf="0"/>
  <largest-consumer threadName="Thread-23" threadId="000000000243F600" bytes="5188928" />
</allocation-stats>
<gc-op id="3678" type="copy forward" timems="14.799" contextid="3675" timestamp="2019-08-09T08:14:23.341">
  <memory-copied type="eden" objects="16788" bytes="545840" bytesdiscarded="121984" />
  <memory-copied type="other" objects="41507" bytes="2086048" bytesdiscarded="302840" />
  <memory-cardclean objects="38451" bytes="1981800" />
  <regions eden="25" other="3" />
  <remembered-set-cleared processed="34518" cleared="5711" durationms="0.228" />
  <references type="soft" candidates="7" cleared="0" enqueued="0" dynamicThreshold="18" maxThreshold="32" />
  <references type="weak" candidates="6" cleared="0" enqueued="0" />
  <stringconstants candidates="15003" cleared="0"  />
</gc-op>
<gc-op id="3679" type="classunload" timems="0.010" contextid="3675" timestamp="2019-08-09T08:14:23.342">
  <classunload-info classloadercandidates="54" classloadersunloaded="0" classesunloaded="0" anonymousclassesunloaded="0" quiescems="0.000" setupms="0.010" scanms="0.000" postms="0.000" />
</gc-op>
<heap-resize id="3680" type="expand" space="default" amount="10485760" count="1" timems="0.074" reason="excessive time being spent in gc" timestamp="2019-08-09T08:14:23.342" />
<gc-end id="3681" type="partial gc" contextid="3675" durationms="16.518" usertimems="26.359" systemtimems="31.108" timestamp="2019-08-09T08:14:23.342" activeThreads="16">
  <mem-info id="3682" free="117440512" total="195035136" percent="60">
    <mem type="eden" free="1429328" total="2097152" percent="68" />
    <remembered-set count="48096" freebytes="7604736" totalbytes="7797120" percent="97" regionsoverflowed="0" regionsstable="9" regionsrebuilding="0"/>
  </mem-info>
</gc-end>
<cycle-end id="3683" type="partial gc" contextid="3675" timestamp="2019-08-09T08:14:23.342" />
  <attribute name="elasticGC enabled" value="1" />
  <attribute name= "numThreadsSpecified" value="16" />
  <attribute name="heapSize specified" value="0" />
  <attribute name="Current GC Util" value="106" />
  <attribute name= "Current Time Running" value="98414" />
  <attribute name ="GC Interval" value="0" />
  <attribute name="Target GC Util Change" value ="80.000000" />
  <attribute name="Current GC Util Change" value="106.000000"/>
  <attribute name="Current Error" value="44.000000" />
  <attribute name="Output H" value="184587248"/>
  <attribute name="Output I" value="2032"/>
  <attribute name="Output T" value="16"/>
  <attribute name= "Current Time Running" value="98414" />
  <attribute name="GC Util currently" value="106" />
  <attribute name="CPU Util currently" value="1017982734266" />
<exclusive-end id="3684" timestamp="2019-08-09T08:14:23.342" durationms="17.528" />

<exclusive-start id="3685" timestamp="2019-08-09T08:14:23.445" intervalms="120.470">
  <response-info timems="5.791" idlems="5.791" threads="0" lastid="0000000002425300" lastname="Thread-29" />
</exclusive-start>
<allocation-taxation id="3686" taxation-threshold="56623104" timestamp="2019-08-09T08:14:23.446" intervalms="121.055" />
<cycle-start id="3687" type="partial gc" contextid="0" timestamp="2019-08-09T08:14:23.447" intervalms="121.685" />
<gc-start id="3688" type="partial gc" contextid="3687" timestamp="2019-08-09T08:14:23.447">
  <mem-info id="3689" free="60817408" total="195035136" percent="31">
    <mem type="eden" free="0" total="56623104" percent="0" />
    <remembered-set count="47808" freebytes="7605888" totalbytes="7797120" percent="97" regionsoverflowed="0" regionsstable="9" regionsrebuilding="0"/>
  </mem-info>
</gc-start>
<allocation-stats totalBytes="56614456" >
  <allocated-bytes non-tlh="0" tlh="56614456" arrayletleaf="0"/>
  <largest-consumer threadName="Thread-23" threadId="000000000243F600" bytes="6622360" />
</allocation-stats>
<gc-op id="3690" type="copy forward" timems="21.899" contextid="3687" timestamp="2019-08-09T08:14:23.470">
  <memory-copied type="eden" objects="24887" bytes="1015128" bytesdiscarded="58264" />
  <memory-copied type="other" objects="15997" bytes="521304" bytesdiscarded="20232" />
  <memory-cardclean objects="25261" bytes="1305056" />
  <regions eden="27" other="2" />
  <remembered-set-cleared processed="36409" cleared="4005" durationms="0.400" />
  <stringconstants candidates="15003" cleared="0"  />
</gc-op>
<gc-op id="3691" type="classunload" timems="0.015" contextid="3687" timestamp="2019-08-09T08:14:23.470">
  <classunload-info classloadercandidates="54" classloadersunloaded="0" classesunloaded="0" anonymousclassesunloaded="0" quiescems="0.000" setupms="0.014" scanms="0.000" postms="0.000" />
</gc-op>
<heap-resize id="3692" type="expand" space="default" amount="4194304" count="1" timems="0.056" reason="excessive time being spent in gc" timestamp="2019-08-09T08:14:23.471" />
<gc-end id="3693" type="partial gc" contextid="3687" durationms="23.749" usertimems="24.474" systemtimems="36.504" timestamp="2019-08-09T08:14:23.471" activeThreads="16">
  <mem-info id="3694" free="119537664" total="199229440" percent="60">
    <mem type="eden" free="1023760" total="2097152" percent="48" />
    <remembered-set count="46912" freebytes="7777152" totalbytes="7964800" percent="97" regionsoverflowed="0" regionsstable="9" regionsrebuilding="0"/>
  </mem-info>
</gc-end>
<cycle-end id="3695" type="partial gc" contextid="3687" timestamp="2019-08-09T08:14:23.471" />
  <attribute name="elasticGC enabled" value="1" />
  <attribute name= "numThreadsSpecified" value="16" />
  <attribute name="heapSize specified" value="0" />
  <attribute name="Current GC Util" value="177" />
  <attribute name= "Current Time Running" value="98536" />
  <attribute name ="GC Interval" value="0" />
  <attribute name="Target GC Util Change" value ="80.000000" />
  <attribute name="Current GC Util Change" value="177.000000"/>
  <attribute name="Current Error" value="-97.000000" />
  <attribute name="Output H" value="195072920"/>
  <attribute name="Output I" value="1944"/>
  <attribute name="Output T" value="16"/>
  <attribute name= "Current Time Running" value="98536" />
  <attribute name="GC Util currently" value="177" />
  <attribute name="CPU Util currently" value="943612978745" />
<exclusive-end id="3696" timestamp="2019-08-09T08:14:23.471" durationms="25.879" />

<exclusive-start id="3697" timestamp="2019-08-09T08:14:23.596" intervalms="151.252">
  <response-info timems="4.460" idlems="4.460" threads="0" lastid="0000000002456200" lastname="Thread-32" />
</exclusive-start>
<allocation-taxation id="3698" taxation-threshold="56623104" timestamp="2019-08-09T08:14:23.596" intervalms="150.681" />
<cycle-start id="3699" type="partial gc" contextid="0" timestamp="2019-08-09T08:14:23.596" intervalms="149.917" />
<gc-start id="3700" type="partial gc" contextid="3699" timestamp="2019-08-09T08:14:23.597">
  <mem-info id="3701" free="62914560" total="199229440" percent="31">
    <mem type="eden" free="0" total="56623104" percent="0" />
    <remembered-set count="46720" freebytes="7777920" totalbytes="7964800" percent="97" regionsoverflowed="0" regionsstable="9" regionsrebuilding="0"/>
  </mem-info>
</gc-start>
<allocation-stats totalBytes="56614904" >
  <allocated-bytes non-tlh="0" tlh="56614904" arrayletleaf="0"/>
  <largest-consumer threadName="Thread-33" threadId="000000000241DB00" bytes="5721320" />
</allocation-stats>
<gc-op id="3702" type="copy forward" timems="14.632" contextid="3699" timestamp="2019-08-09T08:14:23.612">
  <memory-copied type="eden" objects="5122" bytes="129080" bytesdiscarded="33664" />
  <memory-copied type="other" objects="31654" bytes="1309200" bytesdiscarded="106728" />
  <memory-cardclean objects="23426" bytes="1200080" />
  <regions eden="27" other="2" />
  <remembered-set-cleared processed="36207" cleared="4746" durationms="0.252" />
  <stringconstants candidates="15003" cleared="0"  />
</gc-op>
<gc-op id="3703" type="classunload" timems="0.013" contextid="3699" timestamp="2019-08-09T08:14:23.612">
  <classunload-info classloadercandidates="54" classloadersunloaded="0" classesunloaded="0" anonymousclassesunloaded="0" quiescems="0.000" setupms="0.012" scanms="0.000" postms="0.000" />
</gc-op>
<heap-resize id="3704" type="expand" space="default" amount="6291456" count="1" timems="0.059" reason="excessive time being spent in gc" timestamp="2019-08-09T08:14:23.613" />
<gc-end id="3705" type="partial gc" contextid="3699" durationms="15.890" usertimems="18.890" systemtimems="26.821" timestamp="2019-08-09T08:14:23.613" activeThreads="16">
  <mem-info id="3706" free="123731968" total="205520896" percent="60">
    <mem type="eden" free="1934408" total="2097152" percent="92" />
    <remembered-set count="48928" freebytes="8020608" totalbytes="8216320" percent="97" regionsoverflowed="0" regionsstable="9" regionsrebuilding="0"/>
  </mem-info>
</gc-end>
<cycle-end id="3707" type="partial gc" contextid="3699" timestamp="2019-08-09T08:14:23.613" />
  <attribute name="elasticGC enabled" value="1" />
  <attribute name= "numThreadsSpecified" value="16" />
  <attribute name="heapSize specified" value="0" />
  <attribute name="Current GC Util" value="147" />
  <attribute name= "Current Time Running" value="98685" />
  <attribute name ="GC Interval" value="0" />
  <attribute name="Target GC Util Change" value ="80.000000" />
  <attribute name="Current GC Util Change" value="147.000000"/>
  <attribute name="Current Error" value="-123.000000" />
  <attribute name="Output H" value="199267216"/>
  <attribute name="Output I" value="1936"/>
  <attribute name="Output T" value="16"/>
  <attribute name= "Current Time Running" value="98685" />
  <attribute name="GC Util currently" value="147" />
  <attribute name="CPU Util currently" value="1770296356538" />
<exclusive-end id="3708" timestamp="2019-08-09T08:14:23.613" durationms="16.792" />

<exclusive-start id="3709" timestamp="2019-08-09T08:14:23.723" intervalms="126.945">
  <response-info timems="0.719" idlems="0.713" threads="1" lastid="0000000002428F00" lastname="Thread-28" />
</exclusive-start>
<allocation-taxation id="3710" taxation-threshold="58720256" timestamp="2019-08-09T08:14:23.723" intervalms="126.967" />
<cycle-start id="3711" type="partial gc" contextid="0" timestamp="2019-08-09T08:14:23.723" intervalms="126.955" />
<gc-start id="3712" type="partial gc" contextid="3711" timestamp="2019-08-09T08:14:23.724">
  <mem-info id="3713" free="65011712" total="205520896" percent="31">
    <mem type="eden" free="0" total="58720256" percent="0" />
    <remembered-set count="48640" freebytes="8021760" totalbytes="8216320" percent="97" regionsoverflowed="0" regionsstable="9" regionsrebuilding="0"/>
  </mem-info>
</gc-start>
<allocation-stats totalBytes="58711664" >
  <allocated-bytes non-tlh="0" tlh="58711664" arrayletleaf="0"/>
  <largest-consumer threadName="Thread-26" threadId="000000000242CB00" bytes="7032016" />
</allocation-stats>
<gc-op id="3714" type="copy forward" timems="16.265" contextid="3711" timestamp="2019-08-09T08:14:23.742">
  <memory-copied type="eden" objects="17937" bytes="710944" bytesdiscarded="53288" />
  <memory-copied type="other" objects="17208" bytes="1398064" bytesdiscarded="251552" />
  <memory-cardclean objects="58078" bytes="3008656" />
  <regions eden="28" other="5" />
  <remembered-set-cleared processed="31069" cleared="13959" durationms="0.291" />
  <references type="soft" candidates="8" cleared="0" enqueued="0" dynamicThreshold="19" maxThreshold="32" />
  <references type="weak" candidates="7" cleared="0" enqueued="0" />
  <references type="phantom" candidates="2" cleared="0" enqueued="0" />
  <stringconstants candidates="15003" cleared="0"  />
</gc-op>
<gc-op id="3715" type="classunload" timems="0.014" contextid="3711" timestamp="2019-08-09T08:14:23.742">
  <classunload-info classloadercandidates="54" classloadersunloaded="0" classesunloaded="0" anonymousclassesunloaded="0" quiescems="0.000" setupms="0.014" scanms="0.000" postms="0.000" />
</gc-op>
<gc-end id="3716" type="partial gc" contextid="3711" durationms="18.204" usertimems="50.770" systemtimems="27.674" timestamp="2019-08-09T08:14:23.742" activeThreads="16">
  <mem-info id="3717" free="127926272" total="205520896" percent="62">
    <mem type="eden" free="1332920" total="2097152" percent="63" />
    <remembered-set count="45344" freebytes="8034944" totalbytes="8216320" percent="97" regionsoverflowed="0" regionsstable="9" regionsrebuilding="0"/>
  </mem-info>
</gc-end>
<cycle-end id="3718" type="partial gc" contextid="3711" timestamp="2019-08-09T08:14:23.742" />
  <attribute name="elasticGC enabled" value="1" />
  <attribute name= "numThreadsSpecified" value="16" />
  <attribute name="heapSize specified" value="0" />
  <attribute name="Current GC Util" value="128" />
  <attribute name= "Current Time Running" value="98813" />
  <attribute name ="GC Interval" value="0" />
  <attribute name="Target GC Util Change" value ="80.000000" />
  <attribute name="Current GC Util Change" value="128.000000"/>
  <attribute name="Current Error" value="-123.000000" />
  <attribute name="Output H" value="205558672"/>
  <attribute name="Output I" value="1936"/>
  <attribute name="Output T" value="16"/>
  <attribute name= "Current Time Running" value="98813" />
  <attribute name="GC Util currently" value="128" />
  <attribute name="CPU Util currently" value="1350355572496" />
<exclusive-end id="3719" timestamp="2019-08-09T08:14:23.742" durationms="18.964" />

<exclusive-start id="3720" timestamp="2019-08-09T08:14:23.888" intervalms="165.263">
  <response-info timems="4.458" idlems="4.458" threads="0" lastid="000000000241DB00" lastname="Thread-33" />
</exclusive-start>
<allocation-taxation id="3721" taxation-threshold="58720256" timestamp="2019-08-09T08:14:23.889" intervalms="165.223" />
<cycle-start id="3722" type="partial gc" contextid="0" timestamp="2019-08-09T08:14:23.889" intervalms="165.155" />
<gc-start id="3723" type="partial gc" contextid="3722" timestamp="2019-08-09T08:14:23.889">
  <mem-info id="3724" free="69206016" total="205520896" percent="33">
    <mem type="eden" free="0" total="58720256" percent="0" />
    <remembered-set count="44960" freebytes="8036480" totalbytes="8216320" percent="97" regionsoverflowed="0" regionsstable="9" regionsrebuilding="0"/>
  </mem-info>
</gc-start>
<allocation-stats totalBytes="58711800" >
  <allocated-bytes non-tlh="0" tlh="58711800" arrayletleaf="0"/>
  <largest-consumer threadName="Thread-23" threadId="000000000243F600" bytes="6388912" />
</allocation-stats>
<gc-op id="3725" type="copy forward" timems="10.637" contextid="3722" timestamp="2019-08-09T08:14:23.901">
  <memory-copied type="eden" objects="16544" bytes="677648" bytesdiscarded="63720" />
  <memory-copied type="other" objects="21497" bytes="928056" bytesdiscarded="134304" />
  <memory-cardclean objects="14446" bytes="707472" />
  <regions eden="28" other="3" />
  <remembered-set-cleared processed="34355" cleared="11604" durationms="0.204" />
  <stringconstants candidates="15003" cleared="0"  />
</gc-op>
<gc-op id="3726" type="classunload" timems="0.010" contextid="3722" timestamp="2019-08-09T08:14:23.901">
  <classunload-info classloadercandidates="54" classloadersunloaded="0" classesunloaded="0" anonymousclassesunloaded="0" quiescems="0.000" setupms="0.009" scanms="0.000" postms="0.000" />
</gc-op>
<gc-end id="3727" type="partial gc" contextid="3722" durationms="12.032" usertimems="21.023" systemtimems="14.713" timestamp="2019-08-09T08:14:23.901" activeThreads="16">
  <mem-info id="3728" free="125829120" total="205520896" percent="61">
    <mem type="eden" free="1355784" total="2097152" percent="64" />
    <remembered-set count="37952" freebytes="8064512" totalbytes="8216320" percent="98" regionsoverflowed="0" regionsstable="9" regionsrebuilding="0"/>
  </mem-info>
</gc-end>
<cycle-end id="3729" type="partial gc" contextid="3722" timestamp="2019-08-09T08:14:23.901" />
  <attribute name="elasticGC enabled" value="1" />
  <attribute name= "numThreadsSpecified" value="16" />
  <attribute name="heapSize specified" value="0" />
  <attribute name="Current GC Util" value="111" />
  <attribute name= "Current Time Running" value="98977" />
  <attribute name ="GC Interval" value="0" />
  <attribute name="Target GC Util Change" value ="80.000000" />
  <attribute name="Current GC Util Change" value="111.000000"/>
  <attribute name="Current Error" value="-31.000000" />
  <attribute name="Output H" value="205558720"/>
  <attribute name="Output I" value="1984"/>
  <attribute name="Output T" value="16"/>
  <attribute name= "Current Time Running" value="98977" />
  <attribute name="GC Util currently" value="111" />
  <attribute name="CPU Util currently" value="1399903632256" />
<exclusive-end id="3730" timestamp="2019-08-09T08:14:23.901" durationms="12.782" />

<exclusive-start id="3731" timestamp="2019-08-09T08:14:24.011" intervalms="122.711">
  <response-info timems="3.713" idlems="3.713" threads="0" lastid="0000000002434200" lastname="Thread-24" />
</exclusive-start>
<allocation-taxation id="3732" taxation-threshold="58720256" timestamp="2019-08-09T08:14:24.011" intervalms="122.733" />
<cycle-start id="3733" type="partial gc" contextid="0" timestamp="2019-08-09T08:14:24.011" intervalms="122.920" />
<gc-start id="3734" type="partial gc" contextid="3733" timestamp="2019-08-09T08:14:24.012">
  <mem-info id="3735" free="67108864" total="205520896" percent="32">
    <mem type="eden" free="0" total="58720256" percent="0" />
    <remembered-set count="37952" freebytes="8064512" totalbytes="8216320" percent="98" regionsoverflowed="0" regionsstable="9" regionsrebuilding="0"/>
  </mem-info>
</gc-start>
<allocation-stats totalBytes="58711760" >
  <allocated-bytes non-tlh="0" tlh="58711760" arrayletleaf="0"/>
  <largest-consumer threadName="Thread-23" threadId="000000000243F600" bytes="5713280" />
</allocation-stats>
<gc-op id="3736" type="copy forward" timems="8.863" contextid="3733" timestamp="2019-08-09T08:14:24.022">
  <memory-copied type="eden" objects="12169" bytes="435176" bytesdiscarded="23912" />
  <memory-copied type="other" objects="35506" bytes="1401648" bytesdiscarded="110304" />
  <memory-cardclean objects="31041" bytes="1572384" />
  <regions eden="28" other="3" />
  <remembered-set-cleared processed="25883" cleared="10428" durationms="0.318" />
  <stringconstants candidates="15003" cleared="0"  />
</gc-op>
<gc-op id="3737" type="classunload" timems="0.010" contextid="3733" timestamp="2019-08-09T08:14:24.022">
  <classunload-info classloadercandidates="54" classloadersunloaded="0" classesunloaded="0" anonymousclassesunloaded="0" quiescems="0.000" setupms="0.010" scanms="0.000" postms="0.000" />
</gc-op>
<gc-end id="3738" type="partial gc" contextid="3733" durationms="10.100" usertimems="18.075" systemtimems="11.257" timestamp="2019-08-09T08:14:24.022" activeThreads="16">
  <mem-info id="3739" free="123731968" total="205520896" percent="60">
    <mem type="eden" free="1638064" total="2097152" percent="78" />
    <remembered-set count="35008" freebytes="8076288" totalbytes="8216320" percent="98" regionsoverflowed="0" regionsstable="9" regionsrebuilding="0"/>
  </mem-info>
</gc-end>
<cycle-end id="3740" type="partial gc" contextid="3733" timestamp="2019-08-09T08:14:24.022" />
  <attribute name="elasticGC enabled" value="1" />
  <attribute name= "numThreadsSpecified" value="16" />
  <attribute name="heapSize specified" value="0" />
  <attribute name="Current GC Util" value="147" />
  <attribute name= "Current Time Running" value="99100" />
  <attribute name ="GC Interval" value="0" />
  <attribute name="Target GC Util Change" value ="80.000000" />
  <attribute name="Current GC Util Change" value="147.000000"/>
  <attribute name="Current Error" value="-45.000000" />
  <attribute name="Output H" value="205558712"/>
  <attribute name="Output I" value="1976"/>
  <attribute name="Output T" value="16"/>
  <attribute name= "Current Time Running" value="99100" />
  <attribute name="GC Util currently" value="147" />
  <attribute name="CPU Util currently" value="1905085311681" />
<exclusive-end id="3741" timestamp="2019-08-09T08:14:24.022" durationms="10.977" />

<exclusive-start id="3742" timestamp="2019-08-09T08:14:24.111" intervalms="99.411">
  <response-info timems="1.390" idlems="0.383" threads="4" lastid="000000000241DB00" lastname="Thread-33" />
</exclusive-start>
<allocation-taxation id="3743" taxation-threshold="58720256" timestamp="2019-08-09T08:14:24.111" intervalms="99.416" />
<cycle-start id="3744" type="partial gc" contextid="0" timestamp="2019-08-09T08:14:24.112" intervalms="100.065" />
<gc-start id="3745" type="partial gc" contextid="3744" timestamp="2019-08-09T08:14:24.112">
  <mem-info id="3746" free="65011712" total="205520896" percent="31">
    <mem type="eden" free="0" total="58720256" percent="0" />
    <remembered-set count="34688" freebytes="8077568" totalbytes="8216320" percent="98" regionsoverflowed="0" regionsstable="9" regionsrebuilding="0"/>
  </mem-info>
</gc-start>
<allocation-stats totalBytes="58711904" >
  <allocated-bytes non-tlh="0" tlh="58711904" arrayletleaf="0"/>
  <largest-consumer threadName="Thread-36" threadId="0000000002452600" bytes="6749376" />
</allocation-stats>
<gc-op id="3747" type="copy forward" timems="13.074" contextid="3744" timestamp="2019-08-09T08:14:24.126">
  <memory-copied type="eden" objects="14607" bytes="493856" bytesdiscarded="22440" />
  <memory-copied type="other" objects="29596" bytes="1122432" bytesdiscarded="60872" />
  <memory-cardclean objects="27815" bytes="1455096" />
  <regions eden="28" other="3" />
  <remembered-set-cleared processed="21797" cleared="6996" durationms="0.196" />
  <stringconstants candidates="15003" cleared="0"  />
</gc-op>
<gc-op id="3748" type="classunload" timems="0.010" contextid="3744" timestamp="2019-08-09T08:14:24.127">
  <classunload-info classloadercandidates="54" classloadersunloaded="0" classesunloaded="0" anonymousclassesunloaded="0" quiescems="0.000" setupms="0.010" scanms="0.000" postms="0.000" />
</gc-op>
<gc-end id="3749" type="partial gc" contextid="3744" durationms="14.861" usertimems="36.625" systemtimems="17.412" timestamp="2019-08-09T08:14:24.127" activeThreads="16">
  <mem-info id="3750" free="121634816" total="205520896" percent="59">
    <mem type="eden" free="1580856" total="2097152" percent="75" />
    <remembered-set count="31200" freebytes="8091520" totalbytes="8216320" percent="98" regionsoverflowed="0" regionsstable="9" regionsrebuilding="0"/>
  </mem-info>
</gc-end>
<cycle-end id="3751" type="partial gc" contextid="3744" timestamp="2019-08-09T08:14:24.127" />
  <attribute name="elasticGC enabled" value="1" />
  <attribute name= "numThreadsSpecified" value="16" />
  <attribute name="heapSize specified" value="0" />
  <attribute name="Current GC Util" value="108" />
  <attribute name= "Current Time Running" value="99201" />
  <attribute name ="GC Interval" value="0" />
  <attribute name="Target GC Util Change" value ="80.000000" />
  <attribute name="Current GC Util Change" value="108.000000"/>
  <attribute name="Current Error" value="-20.000000" />
  <attribute name="Output H" value="205558728"/>
  <attribute name="Output I" value="1992"/>
  <attribute name="Output T" value="16"/>
  <attribute name= "Current Time Running" value="99201" />
  <attribute name="GC Util currently" value="108" />
  <attribute name="CPU Util currently" value="1076785183896" />
<exclusive-end id="3752" timestamp="2019-08-09T08:14:24.127" durationms="16.467" />

<exclusive-start id="3753" timestamp="2019-08-09T08:14:24.247" intervalms="136.737">
  <response-info timems="5.650" idlems="5.650" threads="0" lastid="0000000002421700" lastname="Thread-34" />
</exclusive-start>
<allocation-taxation id="3754" taxation-threshold="58720256" timestamp="2019-08-09T08:14:24.247" intervalms="136.711" />
<cycle-start id="3755" type="partial gc" contextid="0" timestamp="2019-08-09T08:14:24.247" intervalms="135.928" />
<gc-start id="3756" type="partial gc" contextid="3755" timestamp="2019-08-09T08:14:24.248">
  <mem-info id="3757" free="62914560" total="205520896" percent="30">
    <mem type="eden" free="0" total="58720256" percent="0" />
    <remembered-set count="31136" freebytes="8091776" totalbytes="8216320" percent="98" regionsoverflowed="0" regionsstable="9" regionsrebuilding="0"/>
  </mem-info>
</gc-start>
<allocation-stats totalBytes="58711944" >
  <allocated-bytes non-tlh="0" tlh="58711944" arrayletleaf="0"/>
  <largest-consumer threadName="Thread-36" threadId="0000000002452600" bytes="7728296" />
</allocation-stats>
<gc-op id="3758" type="copy forward" timems="11.458" contextid="3755" timestamp="2019-08-09T08:14:24.260">
  <memory-copied type="eden" objects="14786" bytes="498904" bytesdiscarded="25904" />
  <memory-copied type="other" objects="30303" bytes="1276776" bytesdiscarded="132320" />
  <memory-cardclean objects="21879" bytes="1097352" />
  <regions eden="28" other="3" />
  <remembered-set-cleared processed="21542" cleared="6643" durationms="0.187" />
  <stringconstants candidates="15003" cleared="0"  />
</gc-op>
<gc-op id="3759" type="classunload" timems="0.010" contextid="3755" timestamp="2019-08-09T08:14:24.260">
  <classunload-info classloadercandidates="54" classloadersunloaded="0" classesunloaded="0" anonymousclassesunloaded="0" quiescems="0.000" setupms="0.010" scanms="0.000" postms="0.000" />
</gc-op>
<gc-end id="3760" type="partial gc" contextid="3755" durationms="12.774" usertimems="31.949" systemtimems="16.351" timestamp="2019-08-09T08:14:24.261" activeThreads="16">
  <mem-info id="3761" free="119537664" total="205520896" percent="58">
    <mem type="eden" free="1572344" total="2097152" percent="74" />
    <remembered-set count="31968" freebytes="8088448" totalbytes="8216320" percent="98" regionsoverflowed="0" regionsstable="9" regionsrebuilding="0"/>
  </mem-info>
</gc-end>
<cycle-end id="3762" type="partial gc" contextid="3755" timestamp="2019-08-09T08:14:24.261" />
  <attribute name="elasticGC enabled" value="1" />
  <attribute name= "numThreadsSpecified" value="16" />
  <attribute name="heapSize specified" value="0" />
  <attribute name="Current GC Util" value="136" />
  <attribute name= "Current Time Running" value="99336" />
  <attribute name ="GC Interval" value="0" />
  <attribute name="Target GC Util Change" value ="80.000000" />
  <attribute name="Current GC Util Change" value="136.000000"/>
  <attribute name="Current Error" value="-56.000000" />
  <attribute name="Output H" value="205558704"/>
  <attribute name="Output I" value="1968"/>
  <attribute name="Output T" value="16"/>
  <attribute name= "Current Time Running" value="99336" />
  <attribute name="GC Util currently" value="136" />
  <attribute name="CPU Util currently" value="1568649676878" />
<exclusive-end id="3763" timestamp="2019-08-09T08:14:24.261" durationms="13.486" />

<exclusive-start id="3764" timestamp="2019-08-09T08:14:24.340" intervalms="92.660">
  <response-info timems="2.313" idlems="2.313" threads="0" lastid="000000000243F600" lastname="Thread-23" />
</exclusive-start>
<allocation-taxation id="3765" taxation-threshold="58720256" timestamp="2019-08-09T08:14:24.340" intervalms="92.731" />
<cycle-start id="3766" type="partial gc" contextid="0" timestamp="2019-08-09T08:14:24.340" intervalms="92.705" />
<gc-start id="3767" type="partial gc" contextid="3766" timestamp="2019-08-09T08:14:24.340">
  <mem-info id="3768" free="60817408" total="205520896" percent="29">
    <mem type="eden" free="0" total="58720256" percent="0" />
    <remembered-set count="31776" freebytes="8089216" totalbytes="8216320" percent="98" regionsoverflowed="0" regionsstable="9" regionsrebuilding="0"/>
  </mem-info>
</gc-start>
<allocation-stats totalBytes="58712344" >
  <allocated-bytes non-tlh="0" tlh="58712344" arrayletleaf="0"/>
  <largest-consumer threadName="Thread-36" threadId="0000000002452600" bytes="7486592" />
</allocation-stats>
<gc-op id="3769" type="copy forward" timems="10.931" contextid="3766" timestamp="2019-08-09T08:14:24.352">
  <memory-copied type="eden" objects="23087" bytes="971872" bytesdiscarded="50616" />
  <memory-copied type="other" objects="19864" bytes="751488" bytesdiscarded="74528" />
  <memory-cardclean objects="22408" bytes="1149912" />
  <regions eden="28" other="3" />
  <remembered-set-cleared processed="21617" cleared="6088" durationms="0.724" />
  <stringconstants candidates="15003" cleared="0"  />
</gc-op>
<gc-op id="3770" type="classunload" timems="0.013" contextid="3766" timestamp="2019-08-09T08:14:24.352">
  <classunload-info classloadercandidates="54" classloadersunloaded="0" classesunloaded="0" anonymousclassesunloaded="0" quiescems="0.000" setupms="0.012" scanms="0.000" postms="0.000" />
</gc-op>
<gc-end id="3771" type="partial gc" contextid="3766" durationms="12.037" usertimems="22.343" systemtimems="13.241" timestamp="2019-08-09T08:14:24.352" activeThreads="16">
  <mem-info id="3772" free="109051904" total="205520896" percent="53">
    <mem type="eden" free="9463272" total="10485760" percent="90" />
    <remembered-set count="33792" freebytes="8081152" totalbytes="8216320" percent="98" regionsoverflowed="0" regionsstable="9" regionsrebuilding="0"/>
  </mem-info>
</gc-end>
<cycle-end id="3773" type="partial gc" contextid="3766" timestamp="2019-08-09T08:14:24.353" />
  <attribute name="elasticGC enabled" value="1" />
  <attribute name= "numThreadsSpecified" value="16" />
  <attribute name="heapSize specified" value="0" />
  <attribute name="Current GC Util" value="0" />
  <attribute name= "Current Time Running" value="99428" />
  <attribute name ="GC Interval" value="0" />
  <attribute name="Target GC Util Change" value ="80.000000" />
  <attribute name="Current GC Util Change" value="0.000000"/>
  <attribute name="Current Error" value="66.000000" />
  <attribute name="Output H" value="205558776"/>
  <attribute name="Output I" value="2040"/>
  <attribute name="Output T" value="16"/>
  <attribute name= "Current Time Running" value="99428" />
  <attribute name="GC Util currently" value="0" />
  <attribute name="CPU Util currently" value="1905387562642" />
<exclusive-end id="3774" timestamp="2019-08-09T08:14:24.353" durationms="12.765" />

<exclusive-start id="3775" timestamp="2019-08-09T08:14:24.384" intervalms="44.304">
  <response-info timems="5.585" idlems="5.585" threads="0" lastid="0000000002452600" lastname="Thread-36" />
</exclusive-start>
<allocation-taxation id="3776" taxation-threshold="58720256" timestamp="2019-08-09T08:14:24.384" intervalms="44.235" />
<cycle-start id="3777" type="partial gc" contextid="0" timestamp="2019-08-09T08:14:24.384" intervalms="44.235" />
<gc-start id="3778" type="partial gc" contextid="3777" timestamp="2019-08-09T08:14:24.385">
  <mem-info id="3779" free="50331648" total="205520896" percent="24">
    <mem type="eden" free="0" total="58720256" percent="0" />
    <remembered-set count="33792" freebytes="8081152" totalbytes="8216320" percent="98" regionsoverflowed="0" regionsstable="9" regionsrebuilding="0"/>
  </mem-info>
</gc-start>
<allocation-stats totalBytes="58711960" >
  <allocated-bytes non-tlh="0" tlh="58711960" arrayletleaf="0"/>
  <largest-consumer threadName="Thread-28" threadId="0000000002428F00" bytes="6278352" />
</allocation-stats>
<gc-op id="3780" type="copy forward" timems="11.197" contextid="3777" timestamp="2019-08-09T08:14:24.397">
  <memory-copied type="eden" objects="19567" bytes="749632" bytesdiscarded="69128" />
  <memory-copied type="other" objects="42460" bytes="1843296" bytesdiscarded="186232" />
  <memory-cardclean objects="25043" bytes="1262400" />
  <regions eden="28" other="7" />
  <remembered-set-cleared processed="21363" cleared="5267" durationms="0.500" />
  <stringconstants candidates="15003" cleared="0"  />
</gc-op>
<gc-op id="3781" type="classunload" timems="0.009" contextid="3777" timestamp="2019-08-09T08:14:24.397">
  <classunload-info classloadercandidates="54" classloadersunloaded="0" classesunloaded="0" anonymousclassesunloaded="0" quiescems="0.000" setupms="0.009" scanms="0.000" postms="0.000" />
</gc-op>
<heap-resize id="3782" type="expand" space="default" amount="20971520" count="1" timems="0.097" reason="excessive time being spent in gc" timestamp="2019-08-09T08:14:24.397" />
<gc-end id="3783" type="partial gc" contextid="3777" durationms="12.407" usertimems="33.265" systemtimems="5.684" timestamp="2019-08-09T08:14:24.397" activeThreads="16">
  <mem-info id="3784" free="136314880" total="226492416" percent="60">
    <mem type="eden" free="1278392" total="2097152" percent="60" />
    <remembered-set count="35456" freebytes="8912896" totalbytes="9054720" percent="98" regionsoverflowed="0" regionsstable="9" regionsrebuilding="0"/>
  </mem-info>
</gc-end>
<cycle-end id="3785" type="partial gc" contextid="3777" timestamp="2019-08-09T08:14:24.397" />
  <attribute name="elasticGC enabled" value="1" />
  <attribute name= "numThreadsSpecified" value="16" />
  <attribute name="heapSize specified" value="0" />
  <attribute name="Current GC Util" value="169" />
  <attribute name= "Current Time Running" value="99473" />
  <attribute name ="GC Interval" value="0" />
  <attribute name="Target GC Util Change" value ="80.000000" />
  <attribute name="Current GC Util Change" value="169.000000"/>
  <attribute name="Current Error" value="-25.000000" />
  <attribute name="Output H" value="205558728"/>
  <attribute name="Output I" value="1992"/>
  <attribute name="Output T" value="16"/>
  <attribute name= "Current Time Running" value="99473" />
  <attribute name="GC Util currently" value="169" />
  <attribute name="CPU Util currently" value="1881558867773" />
<exclusive-end id="3786" timestamp="2019-08-09T08:14:24.397" durationms="12.998" />

<exclusive-start id="3787" timestamp="2019-08-09T08:14:24.458" intervalms="73.260">
  <response-info timems="3.504" idlems="3.504" threads="0" lastid="0000000002452600" lastname="Thread-36" />
</exclusive-start>
<allocation-taxation id="3788" taxation-threshold="62914560" timestamp="2019-08-09T08:14:24.458" intervalms="73.280" />
<cycle-start id="3789" type="partial gc" contextid="0" timestamp="2019-08-09T08:14:24.458" intervalms="73.324" />
<gc-start id="3790" type="partial gc" contextid="3789" timestamp="2019-08-09T08:14:24.458">
  <mem-info id="3791" free="73400320" total="226492416" percent="32">
    <mem type="eden" free="0" total="62914560" percent="0" />
    <remembered-set count="35104" freebytes="8914304" totalbytes="9054720" percent="98" regionsoverflowed="0" regionsstable="9" regionsrebuilding="0"/>
  </mem-info>
</gc-start>
<allocation-stats totalBytes="62905720" >
  <allocated-bytes non-tlh="0" tlh="62905720" arrayletleaf="0"/>
  <largest-consumer threadName="Thread-36" threadId="0000000002452600" bytes="8346544" />
</allocation-stats>
<gc-op id="3792" type="copy forward" timems="11.263" contextid="3789" timestamp="2019-08-09T08:14:24.470">
  <memory-copied type="eden" objects="16208" bytes="532544" bytesdiscarded="51040" />
  <memory-copied type="other" objects="39757" bytes="1778424" bytesdiscarded="132280" />
  <memory-cardclean objects="20670" bytes="1074168" />
  <regions eden="30" other="3" />
  <remembered-set-cleared processed="23498" cleared="6889" durationms="0.181" />
  <stringconstants candidates="15003" cleared="0"  />
</gc-op>
<gc-op id="3793" type="classunload" timems="0.011" contextid="3789" timestamp="2019-08-09T08:14:24.470">
  <classunload-info classloadercandidates="54" classloadersunloaded="0" classesunloaded="0" anonymousclassesunloaded="0" quiescems="0.000" setupms="0.011" scanms="0.000" postms="0.000" />
</gc-op>
<heap-resize id="3794" type="expand" space="default" amount="4194304" count="1" timems="0.067" reason="excessive time being spent in gc" timestamp="2019-08-09T08:14:24.470" />
<gc-end id="3795" type="partial gc" contextid="3789" durationms="12.410" usertimems="18.200" systemtimems="18.358" timestamp="2019-08-09T08:14:24.470" activeThreads="16">
  <mem-info id="3796" free="138412032" total="230686720" percent="60">
    <mem type="eden" free="1513568" total="2097152" percent="72" />
    <remembered-set count="37312" freebytes="9073152" totalbytes="9222400" percent="98" regionsoverflowed="0" regionsstable="9" regionsrebuilding="0"/>
  </mem-info>
</gc-end>
<cycle-end id="3797" type="partial gc" contextid="3789" timestamp="2019-08-09T08:14:24.470" />
  <attribute name="elasticGC enabled" value="1" />
  <attribute name= "numThreadsSpecified" value="16" />
  <attribute name="heapSize specified" value="0" />
  <attribute name="Current GC Util" value="135" />
  <attribute name= "Current Time Running" value="99546" />
  <attribute name ="GC Interval" value="0" />
  <attribute name="Target GC Util Change" value ="80.000000" />
  <attribute name="Current GC Util Change" value="135.000000"/>
  <attribute name="Current Error" value="-55.000000" />
  <attribute name="Output H" value="226530232"/>
  <attribute name="Output I" value="1976"/>
  <attribute name="Output T" value="16"/>
  <attribute name= "Current Time Running" value="99546" />
  <attribute name="GC Util currently" value="135" />
  <attribute name="CPU Util currently" value="1928029969059" />
<exclusive-end id="3798" timestamp="2019-08-09T08:14:24.471" durationms="13.080" />

<exclusive-start id="3799" timestamp="2019-08-09T08:14:24.521" intervalms="63.851">
  <response-info timems="2.201" idlems="2.201" threads="0" lastid="000000000243F600" lastname="Thread-23" />
</exclusive-start>
<allocation-taxation id="3800" taxation-threshold="65011712" timestamp="2019-08-09T08:14:24.521" intervalms="63.832" />
<cycle-start id="3801" type="partial gc" contextid="0" timestamp="2019-08-09T08:14:24.522" intervalms="63.820" />
<gc-start id="3802" type="partial gc" contextid="3801" timestamp="2019-08-09T08:14:24.522">
  <mem-info id="3803" free="73400320" total="230686720" percent="31">
    <mem type="eden" free="0" total="65011712" percent="0" />
    <remembered-set count="36864" freebytes="9074944" totalbytes="9222400" percent="98" regionsoverflowed="0" regionsstable="9" regionsrebuilding="0"/>
  </mem-info>
</gc-start>
<allocation-stats totalBytes="65003448" >
  <allocated-bytes non-tlh="0" tlh="65003448" arrayletleaf="0"/>
  <largest-consumer threadName="Thread-24" threadId="0000000002434200" bytes="8395776" />
</allocation-stats>
<gc-op id="3804" type="copy forward" timems="10.244" contextid="3801" timestamp="2019-08-09T08:14:24.533">
  <memory-copied type="eden" objects="15587" bytes="516864" bytesdiscarded="54720" />
  <memory-copied type="other" objects="46389" bytes="1937592" bytesdiscarded="110160" />
  <memory-cardclean objects="25425" bytes="1335720" />
  <regions eden="31" other="3" />
  <remembered-set-cleared processed="23554" cleared="5652" durationms="0.171" />
  <stringconstants candidates="15003" cleared="0"  />
</gc-op>
<gc-op id="3805" type="classunload" timems="0.013" contextid="3801" timestamp="2019-08-09T08:14:24.533">
  <classunload-info classloadercandidates="54" classloadersunloaded="0" classesunloaded="0" anonymousclassesunloaded="0" quiescems="0.000" setupms="0.012" scanms="0.000" postms="0.000" />
</gc-op>
<heap-resize id="3806" type="expand" space="default" amount="6291456" count="1" timems="0.062" reason="excessive time being spent in gc" timestamp="2019-08-09T08:14:24.533" />
<gc-end id="3807" type="partial gc" contextid="3801" durationms="11.456" usertimems="20.122" systemtimems="15.351" timestamp="2019-08-09T08:14:24.533" activeThreads="16">
  <mem-info id="3808" free="142606336" total="236978176" percent="60">
    <mem type="eden" free="1525568" total="2097152" percent="72" />
    <remembered-set count="38528" freebytes="9319808" totalbytes="9473920" percent="98" regionsoverflowed="0" regionsstable="9" regionsrebuilding="0"/>
  </mem-info>
</gc-end>
<cycle-end id="3809" type="partial gc" contextid="3801" timestamp="2019-08-09T08:14:24.533" />
  <attribute name="elasticGC enabled" value="1" />
  <attribute name= "numThreadsSpecified" value="16" />
  <attribute name="heapSize specified" value="0" />
  <attribute name="Current GC Util" value="133" />
  <attribute name= "Current Time Running" value="99610" />
  <attribute name ="GC Interval" value="0" />
  <attribute name="Target GC Util Change" value ="80.000000" />
  <attribute name="Current GC Util Change" value="133.000000"/>
  <attribute name="Current Error" value="-84.000000" />
  <attribute name="Output H" value="230724512"/>
  <attribute name="Output I" value="1952"/>
  <attribute name="Output T" value="16"/>
  <attribute name= "Current Time Running" value="99610" />
  <attribute name="GC Util currently" value="133" />
  <attribute name="CPU Util currently" value="1911880723410" />
<exclusive-end id="3810" timestamp="2019-08-09T08:14:24.534" durationms="12.191" />

<exclusive-start id="3811" timestamp="2019-08-09T08:14:24.573" intervalms="51.990">
  <response-info timems="0.471" idlems="0.471" threads="0" lastid="000000000242CB00" lastname="Thread-26" />
</exclusive-start>
<allocation-taxation id="3812" taxation-threshold="67108864" timestamp="2019-08-09T08:14:24.573" intervalms="51.993" />
<cycle-start id="3813" type="partial gc" contextid="0" timestamp="2019-08-09T08:14:24.574" intervalms="52.031" />
<gc-start id="3814" type="partial gc" contextid="3813" timestamp="2019-08-09T08:14:24.574">
  <mem-info id="3815" free="75497472" total="236978176" percent="31">
    <mem type="eden" free="0" total="67108864" percent="0" />
    <remembered-set count="38368" freebytes="9320448" totalbytes="9473920" percent="98" regionsoverflowed="0" regionsstable="9" regionsrebuilding="0"/>
  </mem-info>
</gc-start>
<allocation-stats totalBytes="67100232" >
  <allocated-bytes non-tlh="0" tlh="67100232" arrayletleaf="0"/>
  <largest-consumer threadName="Thread-24" threadId="0000000002434200" bytes="6405568" />
</allocation-stats>
<gc-op id="3816" type="copy forward" timems="10.727" contextid="3813" timestamp="2019-08-09T08:14:24.586">
  <memory-copied type="eden" objects="10285" bytes="251320" bytesdiscarded="40608" />
  <memory-copied type="other" objects="34215" bytes="1233288" bytesdiscarded="74632" />
  <memory-cardclean objects="37354" bytes="1911528" />
  <regions eden="32" other="3" />
  <remembered-set-cleared processed="25014" cleared="6759" durationms="0.630" />
  <stringconstants candidates="15003" cleared="0"  />
</gc-op>
<gc-op id="3817" type="classunload" timems="0.010" contextid="3813" timestamp="2019-08-09T08:14:24.586">
  <classunload-info classloadercandidates="54" classloadersunloaded="0" classesunloaded="0" anonymousclassesunloaded="0" quiescems="0.000" setupms="0.009" scanms="0.000" postms="0.000" />
</gc-op>
<heap-resize id="3818" type="expand" space="default" amount="4194304" count="1" timems="0.054" reason="excessive time being spent in gc" timestamp="2019-08-09T08:14:24.586" />
<gc-end id="3819" type="partial gc" contextid="3813" durationms="12.187" usertimems="34.928" systemtimems="11.194" timestamp="2019-08-09T08:14:24.586" activeThreads="16">
  <mem-info id="3820" free="144703488" total="241172480" percent="60">
    <mem type="eden" free="1805224" total="2097152" percent="86" />
    <remembered-set count="41376" freebytes="9476096" totalbytes="9641600" percent="98" regionsoverflowed="0" regionsstable="9" regionsrebuilding="0"/>
  </mem-info>
</gc-end>
<cycle-end id="3821" type="partial gc" contextid="3813" timestamp="2019-08-09T08:14:24.586" />
  <attribute name="elasticGC enabled" value="1" />
  <attribute name= "numThreadsSpecified" value="16" />
  <attribute name="heapSize specified" value="0" />
  <attribute name="Current GC Util" value="240" />
  <attribute name= "Current Time Running" value="99663" />
  <attribute name ="GC Interval" value="0" />
  <attribute name="Target GC Util Change" value ="80.000000" />
  <attribute name="Current GC Util Change" value="240.000000"/>
  <attribute name="Current Error" value="-231.000000" />
  <attribute name="Output H" value="237015888"/>
  <attribute name="Output I" value="1872"/>
  <attribute name="Output T" value="16"/>
  <attribute name= "Current Time Running" value="99663" />
  <attribute name="GC Util currently" value="240" />
  <attribute name="CPU Util currently" value="1227861503552" />
<exclusive-end id="3822" timestamp="2019-08-09T08:14:24.587" durationms="13.129" />

<exclusive-start id="3823" timestamp="2019-08-09T08:14:24.655" intervalms="82.038">
  <response-info timems="5.570" idlems="5.570" threads="0" lastid="000000000241DB00" lastname="Thread-33" />
</exclusive-start>
<allocation-taxation id="3824" taxation-threshold="67108864" timestamp="2019-08-09T08:14:24.656" intervalms="82.052" />
<cycle-start id="3825" type="partial gc" contextid="0" timestamp="2019-08-09T08:14:24.656" intervalms="81.969" />
<gc-start id="3826" type="partial gc" contextid="3825" timestamp="2019-08-09T08:14:24.656">
  <mem-info id="3827" free="77594624" total="241172480" percent="32">
    <mem type="eden" free="0" total="67108864" percent="0" />
    <remembered-set count="41088" freebytes="9477248" totalbytes="9641600" percent="98" regionsoverflowed="0" regionsstable="9" regionsrebuilding="0"/>
  </mem-info>
</gc-start>
<allocation-stats totalBytes="67100568" >
  <allocated-bytes non-tlh="0" tlh="67100568" arrayletleaf="0"/>
  <largest-consumer threadName="Thread-24" threadId="0000000002434200" bytes="8768720" />
</allocation-stats>
<gc-op id="3828" type="copy forward" timems="12.943" contextid="3825" timestamp="2019-08-09T08:14:24.670">
  <memory-copied type="eden" objects="24387" bytes="1003120" bytesdiscarded="49976" />
  <memory-copied type="other" objects="39848" bytes="1643232" bytesdiscarded="121952" />
  <memory-cardclean objects="25622" bytes="1286904" />
  <regions eden="32" other="3" />
  <remembered-set-cleared processed="26864" cleared="8277" durationms="0.206" />
  <stringconstants candidates="15003" cleared="0"  />
</gc-op>
<gc-op id="3829" type="classunload" timems="0.010" contextid="3825" timestamp="2019-08-09T08:14:24.670">
  <classunload-info classloadercandidates="54" classloadersunloaded="0" classesunloaded="0" anonymousclassesunloaded="0" quiescems="0.000" setupms="0.010" scanms="0.000" postms="0.000" />
</gc-op>
<heap-resize id="3830" type="expand" space="default" amount="6291456" count="1" timems="0.057" reason="excessive time being spent in gc" timestamp="2019-08-09T08:14:24.670" />
<gc-end id="3831" type="partial gc" contextid="3825" durationms="14.061" usertimems="32.923" systemtimems="11.645" timestamp="2019-08-09T08:14:24.670" activeThreads="16">
  <mem-info id="3832" free="148897792" total="247463936" percent="60">
    <mem type="eden" free="1044056" total="2097152" percent="49" />
    <remembered-set count="41440" freebytes="9727360" totalbytes="9893120" percent="98" regionsoverflowed="0" regionsstable="9" regionsrebuilding="0"/>
  </mem-info>
</gc-end>
<cycle-end id="3833" type="partial gc" contextid="3825" timestamp="2019-08-09T08:14:24.670" />
  <attribute name="elasticGC enabled" value="1" />
  <attribute name= "numThreadsSpecified" value="16" />
  <attribute name="heapSize specified" value="0" />
  <attribute name="Current GC Util" value="141" />
  <attribute name= "Current Time Running" value="99744" />
  <attribute name ="GC Interval" value="0" />
  <attribute name="Target GC Util Change" value ="80.000000" />
  <attribute name="Current GC Util Change" value="141.000000"/>
  <attribute name="Current Error" value="-61.000000" />
  <attribute name="Output H" value="241210288"/>
  <attribute name="Output I" value="1968"/>
  <attribute name="Output T" value="16"/>
  <attribute name= "Current Time Running" value="99744" />
  <attribute name="GC Util currently" value="141" />
  <attribute name="CPU Util currently" value="1882760272470" />
<exclusive-end id="3834" timestamp="2019-08-09T08:14:24.670" durationms="14.846" />

<exclusive-start id="3835" timestamp="2019-08-09T08:14:24.725" intervalms="69.309">
  <response-info timems="0.504" idlems="0.504" threads="0" lastid="0000000002421700" lastname="Thread-34" />
</exclusive-start>
<allocation-taxation id="3836" taxation-threshold="69206016" timestamp="2019-08-09T08:14:24.725" intervalms="69.285" />
<cycle-start id="3837" type="partial gc" contextid="0" timestamp="2019-08-09T08:14:24.725" intervalms="69.324" />
<gc-start id="3838" type="partial gc" contextid="3837" timestamp="2019-08-09T08:14:24.725">
  <mem-info id="3839" free="79691776" total="247463936" percent="32">
    <mem type="eden" free="0" total="69206016" percent="0" />
    <remembered-set count="41024" freebytes="9729024" totalbytes="9893120" percent="98" regionsoverflowed="0" regionsstable="9" regionsrebuilding="0"/>
  </mem-info>
</gc-start>
<allocation-stats totalBytes="69196904" >
  <allocated-bytes non-tlh="0" tlh="69196904" arrayletleaf="0"/>
  <largest-consumer threadName="Thread-34" threadId="0000000002421700" bytes="8035264" />
</allocation-stats>
<gc-op id="3840" type="copy forward" timems="14.537" contextid="3837" timestamp="2019-08-09T08:14:24.741">
  <memory-copied type="eden" objects="13547" bytes="468480" bytesdiscarded="98392" />
  <memory-copied type="other" objects="31141" bytes="1022136" bytesdiscarded="114384" />
  <memory-cardclean objects="34449" bytes="1754904" />
  <regions eden="33" other="4" />
  <remembered-set-cleared processed="25385" cleared="7133" durationms="0.153" />
  <stringconstants candidates="15003" cleared="0"  />
</gc-op>
<gc-op id="3841" type="classunload" timems="0.014" contextid="3837" timestamp="2019-08-09T08:14:24.741">
  <classunload-info classloadercandidates="54" classloadersunloaded="0" classesunloaded="0" anonymousclassesunloaded="0" quiescems="0.000" setupms="0.013" scanms="0.000" postms="0.000" />
</gc-op>
<heap-resize id="3842" type="expand" space="default" amount="4194304" count="1" timems="0.099" reason="excessive time being spent in gc" timestamp="2019-08-09T08:14:24.741" />
<gc-end id="3843" type="partial gc" contextid="3837" durationms="15.785" usertimems="26.348" systemtimems="21.802" timestamp="2019-08-09T08:14:24.741" activeThreads="16">
  <mem-info id="3844" free="150994944" total="251658240" percent="60">
    <mem type="eden" free="1530280" total="2097152" percent="72" />
    <remembered-set count="42048" freebytes="9892608" totalbytes="10060800" percent="98" regionsoverflowed="0" regionsstable="9" regionsrebuilding="0"/>
  </mem-info>
</gc-end>
<cycle-end id="3845" type="partial gc" contextid="3837" timestamp="2019-08-09T08:14:24.741" />
  <attribute name="elasticGC enabled" value="1" />
  <attribute name= "numThreadsSpecified" value="16" />
  <attribute name="heapSize specified" value="0" />
  <attribute name="Current GC Util" value="206" />
  <attribute name= "Current Time Running" value="99813" />
  <attribute name ="GC Interval" value="0" />
  <attribute name="Target GC Util Change" value ="80.000000" />
  <attribute name="Current GC Util Change" value="206.000000"/>
  <attribute name="Current Error" value="-171.000000" />
  <attribute name="Output H" value="247501680"/>
  <attribute name="Output I" value="1904"/>
  <attribute name="Output T" value="16"/>
  <attribute name= "Current Time Running" value="99813" />
  <attribute name="GC Util currently" value="206" />
  <attribute name="CPU Util currently" value="1782613665811" />
<exclusive-end id="3846" timestamp="2019-08-09T08:14:24.741" durationms="16.373" />

<exclusive-start id="3847" timestamp="2019-08-09T08:14:24.815" intervalms="89.900">
  <response-info timems="8.027" idlems="4.641" threads="10" lastid="0000000002452600" lastname="Thread-36" />
</exclusive-start>
<allocation-taxation id="3848" taxation-threshold="69206016" timestamp="2019-08-09T08:14:24.815" intervalms="90.197" />
<cycle-start id="3849" type="partial gc" contextid="0" timestamp="2019-08-09T08:14:24.815" intervalms="90.169" />
<gc-start id="3850" type="partial gc" contextid="3849" timestamp="2019-08-09T08:14:24.815">
  <mem-info id="3851" free="81788928" total="251658240" percent="32">
    <mem type="eden" free="0" total="69206016" percent="0" />
    <remembered-set count="41760" freebytes="9893760" totalbytes="10060800" percent="98" regionsoverflowed="0" regionsstable="9" regionsrebuilding="0"/>
  </mem-info>
</gc-start>
<allocation-stats totalBytes="69196808" >
  <allocated-bytes non-tlh="0" tlh="69196808" arrayletleaf="0"/>
  <largest-consumer threadName="Thread-34" threadId="0000000002421700" bytes="6810968" />
</allocation-stats>
<gc-op id="3852" type="copy forward" timems="17.386" contextid="3849" timestamp="2019-08-09T08:14:24.834">
  <memory-copied type="eden" objects="21030" bytes="922248" bytesdiscarded="85536" />
  <memory-copied type="other" objects="33708" bytes="1358496" bytesdiscarded="104568" />
  <memory-cardclean objects="27367" bytes="1335264" />
  <regions eden="33" other="5" />
  <remembered-set-cleared processed="25528" cleared="8705" durationms="0.333" />
  <stringconstants candidates="15003" cleared="0"  />
</gc-op>
<gc-op id="3853" type="classunload" timems="0.010" contextid="3849" timestamp="2019-08-09T08:14:24.834">
  <classunload-info classloadercandidates="54" classloadersunloaded="0" classesunloaded="0" anonymousclassesunloaded="0" quiescems="0.000" setupms="0.010" scanms="0.000" postms="0.000" />
</gc-op>
<gc-end id="3854" type="partial gc" contextid="3849" durationms="19.007" usertimems="28.151" systemtimems="29.544" timestamp="2019-08-09T08:14:24.834" activeThreads="16">
  <mem-info id="3855" free="150994944" total="251658240" percent="60">
    <mem type="eden" free="1089368" total="2097152" percent="51" />
    <remembered-set count="40384" freebytes="9899264" totalbytes="10060800" percent="98" regionsoverflowed="0" regionsstable="9" regionsrebuilding="0"/>
  </mem-info>
</gc-end>
<cycle-end id="3856" type="partial gc" contextid="3849" timestamp="2019-08-09T08:14:24.834" />
  <attribute name="elasticGC enabled" value="1" />
  <attribute name= "numThreadsSpecified" value="16" />
  <attribute name="heapSize specified" value="0" />
  <attribute name="Current GC Util" value="88" />
  <attribute name= "Current Time Running" value="99904" />
  <attribute name ="GC Interval" value="0" />
  <attribute name="Target GC Util Change" value ="80.000000" />
  <attribute name="Current GC Util Change" value="88.000000"/>
  <attribute name="Current Error" value="-150.000000" />
  <attribute name="Output H" value="251696000"/>
  <attribute name="Output I" value="1920"/>
  <attribute name="Output T" value="16"/>
  <attribute name= "Current Time Running" value="99904" />
  <attribute name="GC Util currently" value="88" />
  <attribute name="CPU Util currently" value="1009675709690" />
<exclusive-end id="3857" timestamp="2019-08-09T08:14:24.835" durationms="19.965" />

<exclusive-start id="3858" timestamp="2019-08-09T08:14:24.906" intervalms="91.321">
  <response-info timems="4.078" idlems="4.078" threads="0" lastid="0000000002459E00" lastname="Thread-30" />
</exclusive-start>
<allocation-taxation id="3859" taxation-threshold="69206016" timestamp="2019-08-09T08:14:24.906" intervalms="91.098" />
<cycle-start id="3860" type="partial gc" contextid="0" timestamp="2019-08-09T08:14:24.906" intervalms="91.202" />
<gc-start id="3861" type="partial gc" contextid="3860" timestamp="2019-08-09T08:14:24.907">
  <mem-info id="3862" free="81788928" total="251658240" percent="32">
    <mem type="eden" free="0" total="69206016" percent="0" />
    <remembered-set count="40064" freebytes="9900544" totalbytes="10060800" percent="98" regionsoverflowed="0" regionsstable="9" regionsrebuilding="0"/>
  </mem-info>
</gc-start>
<allocation-stats totalBytes="69196984" >
  <allocated-bytes non-tlh="0" tlh="69196984" arrayletleaf="0"/>
  <largest-consumer threadName="Thread-34" threadId="0000000002421700" bytes="10222448" />
</allocation-stats>
<gc-op id="3863" type="copy forward" timems="11.225" contextid="3860" timestamp="2019-08-09T08:14:24.919">
  <memory-copied type="eden" objects="5381" bytes="135096" bytesdiscarded="57888" />
  <memory-copied type="other" objects="37026" bytes="1575504" bytesdiscarded="135776" />
  <memory-cardclean objects="24839" bytes="1271856" />
  <regions eden="33" other="4" />
  <remembered-set-cleared processed="25477" cleared="7145" durationms="0.547" />
  <stringconstants candidates="15003" cleared="0"  />
</gc-op>
<gc-op id="3864" type="classunload" timems="0.011" contextid="3860" timestamp="2019-08-09T08:14:24.919">
  <classunload-info classloadercandidates="54" classloadersunloaded="0" classesunloaded="0" anonymousclassesunloaded="0" quiescems="0.000" setupms="0.010" scanms="0.000" postms="0.000" />
</gc-op>
<heap-resize id="3865" type="expand" space="default" amount="6291456" count="1" timems="0.066" reason="excessive time being spent in gc" timestamp="2019-08-09T08:14:24.919" />
<gc-end id="3866" type="partial gc" contextid="3860" durationms="12.517" usertimems="38.146" systemtimems="14.394" timestamp="2019-08-09T08:14:24.919" activeThreads="16">
  <mem-info id="3867" free="155189248" total="257949696" percent="60">
    <mem type="eden" free="1904168" total="2097152" percent="90" />
    <remembered-set count="42272" freebytes="10143232" totalbytes="10312320" percent="98" regionsoverflowed="0" regionsstable="9" regionsrebuilding="0"/>
  </mem-info>
</gc-end>
<cycle-end id="3868" type="partial gc" contextid="3860" timestamp="2019-08-09T08:14:24.919" />
  <attribute name="elasticGC enabled" value="1" />
  <attribute name= "numThreadsSpecified" value="16" />
  <attribute name="heapSize specified" value="0" />
  <attribute name="Current GC Util" value="119" />
  <attribute name= "Current Time Running" value="99995" />
  <attribute name ="GC Interval" value="0" />
  <attribute name="Target GC Util Change" value ="80.000000" />
  <attribute name="Current GC Util Change" value="119.000000"/>
  <attribute name="Current Error" value="-39.000000" />
  <attribute name="Output H" value="251696064"/>
  <attribute name="Output I" value="1984"/>
  <attribute name="Output T" value="16"/>
  <attribute name= "Current Time Running" value="99995" />
  <attribute name="GC Util currently" value="119" />
  <attribute name="CPU Util currently" value="1827377069576" />
<exclusive-end id="3869" timestamp="2019-08-09T08:14:24.919" durationms="13.219" />

<exclusive-start id="3870" timestamp="2019-08-09T08:14:25.016" intervalms="110.455">
  <response-info timems="5.286" idlems="1.823" threads="2" lastid="0000000002437E00" lastname="Thread-31" />
</exclusive-start>
<allocation-taxation id="3871" taxation-threshold="71303168" timestamp="2019-08-09T08:14:25.016" intervalms="110.387" />
<cycle-start id="3872" type="partial gc" contextid="0" timestamp="2019-08-09T08:14:25.017" intervalms="110.299" />
<gc-start id="3873" type="partial gc" contextid="3872" timestamp="2019-08-09T08:14:25.017">
  <mem-info id="3874" free="83886080" total="257949696" percent="32">
    <mem type="eden" free="0" total="71303168" percent="0" />
    <remembered-set count="41984" freebytes="10144384" totalbytes="10312320" percent="98" regionsoverflowed="0" regionsstable="9" regionsrebuilding="0"/>
  </mem-info>
</gc-start>
<allocation-stats totalBytes="71293616" >
  <allocated-bytes non-tlh="0" tlh="71293616" arrayletleaf="0"/>
  <largest-consumer threadName="Thread-23" threadId="000000000243F600" bytes="8092576" />
</allocation-stats>
<gc-op id="3875" type="copy forward" timems="12.174" contextid="3872" timestamp="2019-08-09T08:14:25.030">
  <memory-copied type="eden" objects="5351" bytes="133952" bytesdiscarded="12928" />
  <memory-copied type="other" objects="37966" bytes="1598064" bytesdiscarded="180784" />
  <memory-cardclean objects="27035" bytes="1387296" />
  <regions eden="34" other="4" />
  <remembered-set-cleared processed="25949" cleared="7901" durationms="0.168" />
  <stringconstants candidates="15003" cleared="0"  />
</gc-op>
<gc-op id="3876" type="classunload" timems="0.010" contextid="3872" timestamp="2019-08-09T08:14:25.030">
  <classunload-info classloadercandidates="54" classloadersunloaded="0" classesunloaded="0" anonymousclassesunloaded="0" quiescems="0.000" setupms="0.009" scanms="0.000" postms="0.000" />
</gc-op>
<heap-resize id="3877" type="expand" space="default" amount="4194304" count="1" timems="0.057" reason="excessive time being spent in gc" timestamp="2019-08-09T08:14:25.030" />
<gc-end id="3878" type="partial gc" contextid="3872" durationms="13.246" usertimems="32.587" systemtimems="9.694" timestamp="2019-08-09T08:14:25.030" activeThreads="16">
  <mem-info id="3879" free="157286400" total="262144000" percent="60">
    <mem type="eden" free="1950272" total="2097152" percent="92" />
    <remembered-set count="42688" freebytes="10309248" totalbytes="10480000" percent="98" regionsoverflowed="0" regionsstable="9" regionsrebuilding="0"/>
  </mem-info>
</gc-end>
<cycle-end id="3880" type="partial gc" contextid="3872" timestamp="2019-08-09T08:14:25.030" />
  <attribute name="elasticGC enabled" value="1" />
  <attribute name= "numThreadsSpecified" value="16" />
  <attribute name="heapSize specified" value="0" />
  <attribute name="Current GC Util" value="154" />
  <attribute name= "Current Time Running" value="100105" />
  <attribute name ="GC Interval" value="0" />
  <attribute name="Target GC Util Change" value ="80.000000" />
  <attribute name="Current GC Util Change" value="154.000000"/>
  <attribute name="Current Error" value="-68.000000" />
  <attribute name="Output H" value="257987504"/>
  <attribute name="Output I" value="1968"/>
  <attribute name="Output T" value="16"/>
  <attribute name= "Current Time Running" value="100105" />
  <attribute name="GC Util currently" value="154" />
  <attribute name="CPU Util currently" value="2107459289229" />
<exclusive-end id="3881" timestamp="2019-08-09T08:14:25.030" durationms="13.861" />

<exclusive-start id="3882" timestamp="2019-08-09T08:14:25.073" intervalms="56.198">
  <response-info timems="1.445" idlems="0.310" threads="9" lastid="0000000002421700" lastname="Thread-34" />
</exclusive-start>
<allocation-taxation id="3883" taxation-threshold="73400320" timestamp="2019-08-09T08:14:25.073" intervalms="56.198" />
<cycle-start id="3884" type="partial gc" contextid="0" timestamp="2019-08-09T08:14:25.073" intervalms="56.273" />
<gc-start id="3885" type="partial gc" contextid="3884" timestamp="2019-08-09T08:14:25.073">
  <mem-info id="3886" free="83886080" total="262144000" percent="32">
    <mem type="eden" free="0" total="73400320" percent="0" />
    <remembered-set count="42432" freebytes="10310272" totalbytes="10480000" percent="98" regionsoverflowed="0" regionsstable="9" regionsrebuilding="0"/>
  </mem-info>
</gc-start>
<allocation-stats totalBytes="73390128" >
  <allocated-bytes non-tlh="0" tlh="73390128" arrayletleaf="0"/>
  <largest-consumer threadName="Thread-23" threadId="000000000243F600" bytes="7466032" />
</allocation-stats>
<gc-op id="3887" type="copy forward" timems="12.537" contextid="3884" timestamp="2019-08-09T08:14:25.086">
  <memory-copied type="eden" objects="5323" bytes="133336" bytesdiscarded="10672" />
  <memory-copied type="other" objects="39202" bytes="1627728" bytesdiscarded="162312" />
  <memory-cardclean objects="24724" bytes="1210944" />
  <regions eden="35" other="4" />
  <remembered-set-cleared processed="26222" cleared="6215" durationms="0.205" />
  <stringconstants candidates="15003" cleared="0"  />
</gc-op>
<gc-op id="3888" type="classunload" timems="0.009" contextid="3884" timestamp="2019-08-09T08:14:25.087">
  <classunload-info classloadercandidates="54" classloadersunloaded="0" classesunloaded="0" anonymousclassesunloaded="0" quiescems="0.000" setupms="0.009" scanms="0.000" postms="0.000" />
</gc-op>
<heap-resize id="3889" type="expand" space="default" amount="6291456" count="1" timems="0.066" reason="excessive time being spent in gc" timestamp="2019-08-09T08:14:25.087" />
<gc-end id="3890" type="partial gc" contextid="3884" durationms="13.638" usertimems="30.497" systemtimems="8.940" timestamp="2019-08-09T08:14:25.087" activeThreads="16">
  <mem-info id="3891" free="161480704" total="268435456" percent="60">
    <mem type="eden" free="1953144" total="2097152" percent="93" />
    <remembered-set count="44992" freebytes="10551552" totalbytes="10731520" percent="98" regionsoverflowed="0" regionsstable="9" regionsrebuilding="0"/>
  </mem-info>
</gc-end>
<cycle-end id="3892" type="partial gc" contextid="3884" timestamp="2019-08-09T08:14:25.087" />
  <attribute name="elasticGC enabled" value="1" />
  <attribute name= "numThreadsSpecified" value="16" />
  <attribute name="heapSize specified" value="0" />
  <attribute name="Current GC Util" value="153" />
  <attribute name= "Current Time Running" value="100161" />
  <attribute name ="GC Interval" value="0" />
  <attribute name="Target GC Util Change" value ="80.000000" />
  <attribute name="Current GC Util Change" value="153.000000"/>
  <attribute name="Current Error" value="-135.000000" />
  <attribute name="Output H" value="262181768"/>
  <attribute name="Output I" value="1928"/>
  <attribute name="Output T" value="16"/>
  <attribute name= "Current Time Running" value="100161" />
  <attribute name="GC Util currently" value="153" />
  <attribute name="CPU Util currently" value="2099610700145" />
<exclusive-end id="3893" timestamp="2019-08-09T08:14:25.087" durationms="14.478" />

<exclusive-start id="3894" timestamp="2019-08-09T08:14:25.152" intervalms="79.542">
  <response-info timems="1.492" idlems="0.531" threads="8" lastid="0000000002452600" lastname="Thread-36" />
</exclusive-start>
<allocation-taxation id="3895" taxation-threshold="73400320" timestamp="2019-08-09T08:14:25.152" intervalms="79.636" />
<cycle-start id="3896" type="partial gc" contextid="0" timestamp="2019-08-09T08:14:25.152" intervalms="79.598" />
<gc-start id="3897" type="partial gc" contextid="3896" timestamp="2019-08-09T08:14:25.153">
  <mem-info id="3898" free="88080384" total="268435456" percent="32">
    <mem type="eden" free="0" total="73400320" percent="0" />
    <remembered-set count="44736" freebytes="10552576" totalbytes="10731520" percent="98" regionsoverflowed="0" regionsstable="9" regionsrebuilding="0"/>
  </mem-info>
</gc-start>
<allocation-stats totalBytes="73389040" >
  <allocated-bytes non-tlh="0" tlh="73389040" arrayletleaf="0"/>
  <largest-consumer threadName="Thread-27" threadId="0000000002461500" bytes="8768216" />
</allocation-stats>
<gc-op id="3899" type="copy forward" timems="14.693" contextid="3896" timestamp="2019-08-09T08:14:25.168">
  <memory-copied type="eden" objects="11700" bytes="423680" bytesdiscarded="32568" />
  <memory-copied type="other" objects="37601" bytes="1589304" bytesdiscarded="122240" />
  <memory-cardclean objects="23804" bytes="1194384" />
  <regions eden="35" other="4" />
  <remembered-set-cleared processed="28007" cleared="7243" durationms="0.631" />
  <stringconstants candidates="15003" cleared="0"  />
</gc-op>
<gc-op id="3900" type="classunload" timems="0.010" contextid="3896" timestamp="2019-08-09T08:14:25.168">
  <classunload-info classloadercandidates="54" classloadersunloaded="0" classesunloaded="0" anonymousclassesunloaded="0" quiescems="0.000" setupms="0.010" scanms="0.000" postms="0.000" />
</gc-op>
<heap-resize id="3901" type="expand" space="default" amount="4194304" count="1" timems="0.059" reason="excessive time being spent in gc" timestamp="2019-08-09T08:14:25.168" />
<gc-end id="3902" type="partial gc" contextid="3896" durationms="15.878" usertimems="31.276" systemtimems="13.840" timestamp="2019-08-09T08:14:25.169" activeThreads="16">
  <mem-info id="3903" free="163577856" total="272629760" percent="60">
    <mem type="eden" free="1640904" total="2097152" percent="78" />
    <remembered-set count="45344" freebytes="10717824" totalbytes="10899200" percent="98" regionsoverflowed="0" regionsstable="9" regionsrebuilding="0"/>
  </mem-info>
</gc-end>
<cycle-end id="3904" type="partial gc" contextid="3896" timestamp="2019-08-09T08:14:25.169" />
  <attribute name="elasticGC enabled" value="1" />
  <attribute name= "numThreadsSpecified" value="16" />
  <attribute name="heapSize specified" value="0" />
  <attribute name="Current GC Util" value="140" />
  <attribute name= "Current Time Running" value="100241" />
  <attribute name ="GC Interval" value="0" />
  <attribute name="Target GC Util Change" value ="80.000000" />
  <attribute name="Current GC Util Change" value="140.000000"/>
  <attribute name="Current Error" value="-60.000000" />
  <attribute name="Output H" value="268473264"/>
  <attribute name="Output I" value="1968"/>
  <attribute name="Output T" value="16"/>
  <attribute name= "Current Time Running" value="100241" />
  <attribute name="GC Util currently" value="140" />
  <attribute name="CPU Util currently" value="2261286472285" />
<exclusive-end id="3905" timestamp="2019-08-09T08:14:25.169" durationms="16.656" />

<exclusive-start id="3906" timestamp="2019-08-09T08:14:25.232" intervalms="79.605">
  <response-info timems="0.590" idlems="0.590" threads="0" lastid="0000000002459E00" lastname="Thread-30" />
</exclusive-start>
<allocation-taxation id="3907" taxation-threshold="75497472" timestamp="2019-08-09T08:14:25.232" intervalms="79.577" />
<cycle-start id="3908" type="partial gc" contextid="0" timestamp="2019-08-09T08:14:25.232" intervalms="79.537" />
<gc-start id="3909" type="partial gc" contextid="3908" timestamp="2019-08-09T08:14:25.232">
  <mem-info id="3910" free="88080384" total="272629760" percent="32">
    <mem type="eden" free="0" total="75497472" percent="0" />
    <remembered-set count="45024" freebytes="10719104" totalbytes="10899200" percent="98" regionsoverflowed="0" regionsstable="9" regionsrebuilding="0"/>
  </mem-info>
</gc-start>
<allocation-stats totalBytes="75484288" >
  <allocated-bytes non-tlh="0" tlh="75484288" arrayletleaf="0"/>
  <largest-consumer threadName="Thread-33" threadId="000000000241DB00" bytes="8747520" />
</allocation-stats>
<gc-op id="3911" type="copy forward" timems="12.569" contextid="3908" timestamp="2019-08-09T08:14:25.246">
  <memory-copied type="eden" objects="5918" bytes="147688" bytesdiscarded="14984" />
  <memory-copied type="other" objects="26119" bytes="1038984" bytesdiscarded="74112" />
  <memory-cardclean objects="27673" bytes="1470984" />
  <regions eden="36" other="4" />
  <remembered-set-cleared processed="29855" cleared="8303" durationms="0.216" />
  <stringconstants candidates="15003" cleared="0"  />
</gc-op>
<gc-op id="3912" type="classunload" timems="0.011" contextid="3908" timestamp="2019-08-09T08:14:25.246">
  <classunload-info classloadercandidates="54" classloadersunloaded="0" classesunloaded="0" anonymousclassesunloaded="0" quiescems="0.000" setupms="0.011" scanms="0.000" postms="0.000" />
</gc-op>
<heap-resize id="3913" type="expand" space="default" amount="16777216" count="1" timems="0.075" reason="excessive time being spent in gc" timestamp="2019-08-09T08:14:25.246" />
<gc-end id="3914" type="partial gc" contextid="3908" durationms="13.823" usertimems="42.702" systemtimems="8.797" timestamp="2019-08-09T08:14:25.246" activeThreads="16">
  <mem-info id="3915" free="174063616" total="289406976" percent="60">
    <mem type="eden" free="6128784" total="6291456" percent="97" />
    <remembered-set count="45376" freebytes="11388416" totalbytes="11569920" percent="98" regionsoverflowed="0" regionsstable="9" regionsrebuilding="0"/>
  </mem-info>
</gc-end>
<cycle-end id="3916" type="partial gc" contextid="3908" timestamp="2019-08-09T08:14:25.246" />
  <attribute name="elasticGC enabled" value="1" />
  <attribute name= "numThreadsSpecified" value="16" />
  <attribute name="heapSize specified" value="0" />
  <attribute name="Current GC Util" value="230" />
  <attribute name= "Current Time Running" value="100320" />
  <attribute name ="GC Interval" value="0" />
  <attribute name="Target GC Util Change" value ="80.000000" />
  <attribute name="Current GC Util Change" value="230.000000"/>
  <attribute name="Current Error" value="-186.000000" />
  <attribute name="Output H" value="272667496"/>
  <attribute name="Output I" value="1896"/>
  <attribute name="Output T" value="16"/>
  <attribute name= "Current Time Running" value="100320" />
  <attribute name="GC Util currently" value="230" />
  <attribute name="CPU Util currently" value="1801783199578" />
<exclusive-end id="3917" timestamp="2019-08-09T08:14:25.246" durationms="14.508" />

<exclusive-start id="3918" timestamp="2019-08-09T08:14:25.280" intervalms="48.602">
  <response-info timems="0.610" idlems="0.610" threads="0" lastid="0000000002443200" lastname="Thread-35" />
</exclusive-start>
<allocation-taxation id="3919" taxation-threshold="79691776" timestamp="2019-08-09T08:14:25.280" intervalms="48.544" />
<cycle-start id="3920" type="partial gc" contextid="0" timestamp="2019-08-09T08:14:25.281" intervalms="48.565" />
<gc-start id="3921" type="partial gc" contextid="3920" timestamp="2019-08-09T08:14:25.281">
  <mem-info id="3922" free="94371840" total="289406976" percent="32">
    <mem type="eden" free="0" total="79691776" percent="0" />
    <remembered-set count="45344" freebytes="11388544" totalbytes="11569920" percent="98" regionsoverflowed="0" regionsstable="9" regionsrebuilding="0"/>
  </mem-info>
</gc-start>
<allocation-stats totalBytes="79678008" >
  <allocated-bytes non-tlh="0" tlh="79678008" arrayletleaf="0"/>
  <largest-consumer threadName="Thread-33" threadId="000000000241DB00" bytes="9300528" />
</allocation-stats>
<gc-op id="3923" type="copy forward" timems="16.481" contextid="3920" timestamp="2019-08-09T08:14:25.300">
  <memory-copied type="eden" objects="18777" bytes="732160" bytesdiscarded="84712" />
  <memory-copied type="other" objects="44426" bytes="1890480" bytesdiscarded="154184" />
  <memory-cardclean objects="27364" bytes="1365744" />
  <regions eden="38" other="6" />
  <remembered-set-cleared processed="29354" cleared="9249" durationms="0.350" />
  <stringconstants candidates="15003" cleared="0"  />
</gc-op>
<gc-op id="3924" type="classunload" timems="0.011" contextid="3920" timestamp="2019-08-09T08:14:25.300">
  <classunload-info classloadercandidates="54" classloadersunloaded="0" classesunloaded="0" anonymousclassesunloaded="0" quiescems="0.000" setupms="0.010" scanms="0.000" postms="0.000" />
</gc-op>
<gc-end id="3925" type="partial gc" contextid="3920" durationms="18.987" usertimems="49.034" systemtimems="4.946" timestamp="2019-08-09T08:14:25.300" activeThreads="16">
  <mem-info id="3926" free="176160768" total="289406976" percent="60">
    <mem type="eden" free="1280280" total="2097152" percent="61" />
    <remembered-set count="47200" freebytes="11381120" totalbytes="11569920" percent="98" regionsoverflowed="0" regionsstable="9" regionsrebuilding="0"/>
  </mem-info>
</gc-end>
<cycle-end id="3927" type="partial gc" contextid="3920" timestamp="2019-08-09T08:14:25.300" />
  <attribute name="elasticGC enabled" value="1" />
  <attribute name= "numThreadsSpecified" value="16" />
  <attribute name="heapSize specified" value="0" />
  <attribute name="Current GC Util" value="234" />
  <attribute name= "Current Time Running" value="100370" />
  <attribute name ="GC Interval" value="0" />
  <attribute name="Target GC Util Change" value ="80.000000" />
  <attribute name="Current GC Util Change" value="234.000000"/>
  <attribute name="Current Error" value="-337.000000" />
  <attribute name="Output H" value="289444624"/>
  <attribute name="Output I" value="1808"/>
  <attribute name="Output T" value="16"/>
  <attribute name= "Current Time Running" value="100370" />
  <attribute name="GC Util currently" value="234" />
  <attribute name="CPU Util currently" value="572278503685" />
<exclusive-end id="3928" timestamp="2019-08-09T08:14:25.300" durationms="19.668" />

<exclusive-start id="3929" timestamp="2019-08-09T08:14:25.337" intervalms="56.254">
  <response-info timems="1.334" idlems="0.977" threads="1" lastid="0000000002468D00" lastname="Thread-25" />
</exclusive-start>
<allocation-taxation id="3930" taxation-threshold="79691776" timestamp="2019-08-09T08:14:25.337" intervalms="56.290" />
<cycle-start id="3931" type="partial gc" contextid="0" timestamp="2019-08-09T08:14:25.337" intervalms="56.375" />
<gc-start id="3932" type="partial gc" contextid="3931" timestamp="2019-08-09T08:14:25.337">
  <mem-info id="3933" free="96468992" total="289406976" percent="33">
    <mem type="eden" free="0" total="79691776" percent="0" />
    <remembered-set count="46752" freebytes="11382912" totalbytes="11569920" percent="98" regionsoverflowed="0" regionsstable="9" regionsrebuilding="0"/>
  </mem-info>
</gc-start>
<allocation-stats totalBytes="79677912" >
  <allocated-bytes non-tlh="0" tlh="79677912" arrayletleaf="0"/>
  <largest-consumer threadName="Thread-21" threadId="000000000245DA00" bytes="9501056" />
</allocation-stats>
<gc-op id="3934" type="copy forward" timems="17.321" contextid="3931" timestamp="2019-08-09T08:14:25.356">
  <memory-copied type="eden" objects="16799" bytes="684656" bytesdiscarded="54616" />
  <memory-copied type="other" objects="29301" bytes="1115352" bytesdiscarded="91488" />
  <memory-cardclean objects="27305" bytes="1404504" />
  <regions eden="38" other="4" />
  <remembered-set-cleared processed="31507" cleared="7713" durationms="0.354" />
  <stringconstants candidates="15003" cleared="0"  />
</gc-op>
<gc-op id="3935" type="classunload" timems="0.010" contextid="3931" timestamp="2019-08-09T08:14:25.356">
  <classunload-info classloadercandidates="54" classloadersunloaded="0" classesunloaded="0" anonymousclassesunloaded="0" quiescems="0.000" setupms="0.009" scanms="0.000" postms="0.000" />
</gc-op>
<gc-end id="3936" type="partial gc" contextid="3931" durationms="18.756" usertimems="43.676" systemtimems="9.891" timestamp="2019-08-09T08:14:25.356" activeThreads="16">
  <mem-info id="3937" free="174063616" total="289406976" percent="60">
    <mem type="eden" free="1357880" total="2097152" percent="64" />
    <remembered-set count="48352" freebytes="11376512" totalbytes="11569920" percent="98" regionsoverflowed="0" regionsstable="9" regionsrebuilding="0"/>
  </mem-info>
</gc-end>
<cycle-end id="3938" type="partial gc" contextid="3931" timestamp="2019-08-09T08:14:25.356" />
  <attribute name="elasticGC enabled" value="1" />
  <attribute name= "numThreadsSpecified" value="16" />
  <attribute name="heapSize specified" value="0" />
  <attribute name="Current GC Util" value="241" />
  <attribute name= "Current Time Running" value="100425" />
  <attribute name ="GC Interval" value="0" />
  <attribute name="Target GC Util Change" value ="80.000000" />
  <attribute name="Current GC Util Change" value="241.000000"/>
  <attribute name="Current Error" value="-161.000000" />
  <attribute name="Output H" value="289444728"/>
  <attribute name="Output I" value="1912"/>
  <attribute name="Output T" value="16"/>
  <attribute name= "Current Time Running" value="100425" />
  <attribute name="GC Util currently" value="241" />
  <attribute name="CPU Util currently" value="1331919411185" />
<exclusive-end id="3939" timestamp="2019-08-09T08:14:25.356" durationms="19.534" />

<exclusive-start id="3940" timestamp="2019-08-09T08:14:25.391" intervalms="54.397">
  <response-info timems="0.562" idlems="0.562" threads="0" lastid="0000000002461500" lastname="Thread-27" />
</exclusive-start>
<allocation-taxation id="3941" taxation-threshold="79691776" timestamp="2019-08-09T08:14:25.391" intervalms="54.384" />
<cycle-start id="3942" type="partial gc" contextid="0" timestamp="2019-08-09T08:14:25.391" intervalms="54.394" />
<gc-start id="3943" type="partial gc" contextid="3942" timestamp="2019-08-09T08:14:25.392">
  <mem-info id="3944" free="94371840" total="289406976" percent="32">
    <mem type="eden" free="0" total="79691776" percent="0" />
    <remembered-set count="48096" freebytes="11377536" totalbytes="11569920" percent="98" regionsoverflowed="0" regionsstable="9" regionsrebuilding="0"/>
  </mem-info>
</gc-start>
<allocation-stats totalBytes="79678128" >
  <allocated-bytes non-tlh="0" tlh="79678128" arrayletleaf="0"/>
  <largest-consumer threadName="Thread-34" threadId="0000000002421700" bytes="10438832" />
</allocation-stats>
<gc-op id="3945" type="copy forward" timems="14.623" contextid="3942" timestamp="2019-08-09T08:14:25.407">
  <memory-copied type="eden" objects="12285" bytes="438072" bytesdiscarded="48624" />
  <memory-copied type="other" objects="55053" bytes="2282904" bytesdiscarded="278392" />
  <memory-cardclean objects="25656" bytes="1310712" />
  <regions eden="38" other="4" />
  <remembered-set-cleared processed="30485" cleared="7078" durationms="0.345" />
  <stringconstants candidates="15003" cleared="0"  />
</gc-op>
<gc-op id="3946" type="classunload" timems="0.009" contextid="3942" timestamp="2019-08-09T08:14:25.407">
  <classunload-info classloadercandidates="54" classloadersunloaded="0" classesunloaded="0" anonymousclassesunloaded="0" quiescems="0.000" setupms="0.009" scanms="0.000" postms="0.000" />
</gc-op>
<heap-resize id="3947" type="expand" space="default" amount="10485760" count="1" timems="0.078" reason="excessive time being spent in gc" timestamp="2019-08-09T08:14:25.407" />
<gc-end id="3948" type="partial gc" contextid="3942" durationms="15.794" usertimems="39.793" systemtimems="21.806" timestamp="2019-08-09T08:14:25.407" activeThreads="16">
  <mem-info id="3949" free="180355072" total="299892736" percent="60">
    <mem type="eden" free="3707608" total="4194304" percent="88" />
    <remembered-set count="50304" freebytes="11787904" totalbytes="11989120" percent="98" regionsoverflowed="0" regionsstable="9" regionsrebuilding="0"/>
  </mem-info>
</gc-end>
<cycle-end id="3950" type="partial gc" contextid="3942" timestamp="2019-08-09T08:14:25.407" />
  <attribute name="elasticGC enabled" value="1" />
  <attribute name= "numThreadsSpecified" value="16" />
  <attribute name="heapSize specified" value="0" />
  <attribute name="Current GC Util" value="164" />
  <attribute name= "Current Time Running" value="100480" />
  <attribute name ="GC Interval" value="0" />
  <attribute name="Target GC Util Change" value ="80.000000" />
  <attribute name="Current GC Util Change" value="164.000000"/>
  <attribute name="Current Error" value="-261.000000" />
  <attribute name="Output H" value="289444672"/>
  <attribute name="Output I" value="1856"/>
  <attribute name="Output T" value="16"/>
  <attribute name= "Current Time Running" value="100480" />
  <attribute name="GC Util currently" value="164" />
  <attribute name="CPU Util currently" value="2095653049024" />
<exclusive-end id="3951" timestamp="2019-08-09T08:14:25.407" durationms="16.448" />

<exclusive-start id="3952" timestamp="2019-08-09T08:14:25.473" intervalms="81.759">
  <response-info timems="7.812" idlems="7.154" threads="8" lastid="000000000246C900" lastname="Thread-22" />
</exclusive-start>
<allocation-taxation id="3953" taxation-threshold="81788928" timestamp="2019-08-09T08:14:25.473" intervalms="81.805" />
<cycle-start id="3954" type="partial gc" contextid="0" timestamp="2019-08-09T08:14:25.473" intervalms="81.672" />
<gc-start id="3955" type="partial gc" contextid="3954" timestamp="2019-08-09T08:14:25.473">
  <mem-info id="3956" free="98566144" total="299892736" percent="32">
    <mem type="eden" free="0" total="81788928" percent="0" />
    <remembered-set count="49920" freebytes="11789440" totalbytes="11989120" percent="98" regionsoverflowed="0" regionsstable="9" regionsrebuilding="0"/>
  </mem-info>
</gc-start>
<allocation-stats totalBytes="81774888" >
  <allocated-bytes non-tlh="0" tlh="81774888" arrayletleaf="0"/>
  <largest-consumer threadName="Thread-28" threadId="0000000002428F00" bytes="9308848" />
</allocation-stats>
<gc-op id="3957" type="copy forward" timems="21.132" contextid="3954" timestamp="2019-08-09T08:14:25.495">
  <memory-copied type="eden" objects="20148" bytes="764080" bytesdiscarded="57984" />
  <memory-copied type="other" objects="49772" bytes="2018784" bytesdiscarded="251224" />
  <memory-cardclean objects="22994" bytes="1218312" />
  <regions eden="39" other="5" />
  <remembered-set-cleared processed="32508" cleared="7438" durationms="1.137" />
  <stringconstants candidates="15003" cleared="0"  />
</gc-op>
<gc-op id="3958" type="classunload" timems="0.009" contextid="3954" timestamp="2019-08-09T08:14:25.495">
  <classunload-info classloadercandidates="54" classloadersunloaded="0" classesunloaded="0" anonymousclassesunloaded="0" quiescems="0.000" setupms="0.009" scanms="0.000" postms="0.000" />
</gc-op>
<heap-resize id="3959" type="expand" space="default" amount="4194304" count="1" timems="0.054" reason="excessive time being spent in gc" timestamp="2019-08-09T08:14:25.495" />
<gc-end id="3960" type="partial gc" contextid="3954" durationms="22.302" usertimems="25.442" systemtimems="22.150" timestamp="2019-08-09T08:14:25.496" activeThreads="16">
  <mem-info id="3961" free="182452224" total="304087040" percent="60">
    <mem type="eden" free="3372240" total="4194304" percent="80" />
    <remembered-set count="49984" freebytes="11956864" totalbytes="12156800" percent="98" regionsoverflowed="0" regionsstable="9" regionsrebuilding="0"/>
  </mem-info>
</gc-end>
<cycle-end id="3962" type="partial gc" contextid="3954" timestamp="2019-08-09T08:14:25.496" />
  <attribute name="elasticGC enabled" value="1" />
  <attribute name= "numThreadsSpecified" value="16" />
  <attribute name="heapSize specified" value="0" />
  <attribute name="Current GC Util" value="154" />
  <attribute name= "Current Time Running" value="100561" />
  <attribute name ="GC Interval" value="0" />
  <attribute name="Target GC Util Change" value ="80.000000" />
  <attribute name="Current GC Util Change" value="154.000000"/>
  <attribute name="Current Error" value="-310.000000" />
  <attribute name="Output H" value="299930400"/>
  <attribute name="Output I" value="1824"/>
  <attribute name="Output T" value="16"/>
  <attribute name= "Current Time Running" value="100561" />
  <attribute name="GC Util currently" value="154" />
  <attribute name="CPU Util currently" value="1824320705122" />
<exclusive-end id="3963" timestamp="2019-08-09T08:14:25.496" durationms="23.364" />

<exclusive-start id="3964" timestamp="2019-08-09T08:14:25.526" intervalms="53.055">
  <response-info timems="0.140" idlems="0.140" threads="0" lastid="000000000243F600" lastname="Thread-23" />
</exclusive-start>
<allocation-taxation id="3965" taxation-threshold="83886080" timestamp="2019-08-09T08:14:25.526" intervalms="52.991" />
<cycle-start id="3966" type="partial gc" contextid="0" timestamp="2019-08-09T08:14:25.526" intervalms="53.003" />
<gc-start id="3967" type="partial gc" contextid="3966" timestamp="2019-08-09T08:14:25.526">
  <mem-info id="3968" free="98566144" total="304087040" percent="32">
    <mem type="eden" free="0" total="83886080" percent="0" />
    <remembered-set count="49504" freebytes="11958784" totalbytes="12156800" percent="98" regionsoverflowed="0" regionsstable="9" regionsrebuilding="0"/>
  </mem-info>
</gc-start>
<allocation-stats totalBytes="83871640" >
  <allocated-bytes non-tlh="0" tlh="83871640" arrayletleaf="0"/>
  <largest-consumer threadName="Thread-34" threadId="0000000002421700" bytes="10672528" />
</allocation-stats>
<gc-op id="3969" type="copy forward" timems="13.255" contextid="3966" timestamp="2019-08-09T08:14:25.540">
  <memory-copied type="eden" objects="23762" bytes="988440" bytesdiscarded="68712" />
  <memory-copied type="other" objects="57654" bytes="2345736" bytesdiscarded="274192" />
  <memory-cardclean objects="23793" bytes="1225048" />
  <regions eden="40" other="5" />
  <remembered-set-cleared processed="32414" cleared="7355" durationms="0.231" />
  <stringconstants candidates="15003" cleared="0"  />
</gc-op>
<gc-op id="3970" type="classunload" timems="0.013" contextid="3966" timestamp="2019-08-09T08:14:25.540">
  <classunload-info classloadercandidates="54" classloadersunloaded="0" classesunloaded="0" anonymousclassesunloaded="0" quiescems="0.000" setupms="0.013" scanms="0.000" postms="0.000" />
</gc-op>
<heap-resize id="3971" type="expand" space="default" amount="6291456" count="1" timems="0.066" reason="excessive time being spent in gc" timestamp="2019-08-09T08:14:25.541" />
<gc-end id="3972" type="partial gc" contextid="3966" durationms="14.483" usertimems="46.228" systemtimems="0.000" timestamp="2019-08-09T08:14:25.541" activeThreads="16">
  <mem-info id="3973" free="186646528" total="310378496" percent="60">
    <mem type="eden" free="3137152" total="4194304" percent="74" />
    <remembered-set count="52160" freebytes="12199680" totalbytes="12408320" percent="98" regionsoverflowed="0" regionsstable="9" regionsrebuilding="0"/>
  </mem-info>
</gc-end>
<cycle-end id="3974" type="partial gc" contextid="3966" timestamp="2019-08-09T08:14:25.541" />
  <attribute name="elasticGC enabled" value="1" />
  <attribute name= "numThreadsSpecified" value="16" />
  <attribute name="heapSize specified" value="0" />
  <attribute name="Current GC Util" value="185" />
  <attribute name= "Current Time Running" value="100614" />
  <attribute name ="GC Interval" value="0" />
  <attribute name="Target GC Util Change" value ="80.000000" />
  <attribute name="Current GC Util Change" value="185.000000"/>
  <attribute name="Current Error" value="-105.000000" />
  <attribute name="Output H" value="304124824"/>
  <attribute name="Output I" value="1944"/>
  <attribute name="Output T" value="16"/>
  <attribute name= "Current Time Running" value="100614" />
  <attribute name="GC Util currently" value="185" />
  <attribute name="CPU Util currently" value="1915072345402" />
<exclusive-end id="3975" timestamp="2019-08-09T08:14:25.541" durationms="15.112" />

<exclusive-start id="3976" timestamp="2019-08-09T08:14:25.596" intervalms="70.656">
  <response-info timems="2.793" idlems="2.294" threads="14" lastid="000000000242CB00" lastname="Thread-26" />
</exclusive-start>
<allocation-taxation id="3977" taxation-threshold="83886080" timestamp="2019-08-09T08:14:25.597" intervalms="70.641" />
<cycle-start id="3978" type="partial gc" contextid="0" timestamp="2019-08-09T08:14:25.597" intervalms="70.680" />
<gc-start id="3979" type="partial gc" contextid="3978" timestamp="2019-08-09T08:14:25.597">
  <mem-info id="3980" free="102760448" total="310378496" percent="33">
    <mem type="eden" free="0" total="83886080" percent="0" />
    <remembered-set count="51840" freebytes="12200960" totalbytes="12408320" percent="98" regionsoverflowed="0" regionsstable="9" regionsrebuilding="0"/>
  </mem-info>
</gc-start>
<allocation-stats totalBytes="83870944" >
  <allocated-bytes non-tlh="0" tlh="83870944" arrayletleaf="0"/>
  <largest-consumer threadName="Thread-28" threadId="0000000002428F00" bytes="9730496" />
</allocation-stats>
<gc-op id="3981" type="copy forward" timems="10.395" contextid="3978" timestamp="2019-08-09T08:14:25.608">
  <memory-copied type="eden" objects="17600" bytes="748640" bytesdiscarded="88288" />
  <memory-copied type="other" objects="51530" bytes="2060976" bytesdiscarded="168744" />
  <memory-cardclean objects="29326" bytes="1528968" />
  <regions eden="40" other="5" />
  <remembered-set-cleared processed="33827" cleared="9519" durationms="0.187" />
  <stringconstants candidates="15003" cleared="0"  />
</gc-op>
<gc-op id="3982" type="classunload" timems="0.012" contextid="3978" timestamp="2019-08-09T08:14:25.608">
  <classunload-info classloadercandidates="54" classloadersunloaded="0" classesunloaded="0" anonymousclassesunloaded="0" quiescems="0.000" setupms="0.011" scanms="0.000" postms="0.000" />
</gc-op>
<heap-resize id="3983" type="expand" space="default" amount="4194304" count="1" timems="0.059" reason="excessive time being spent in gc" timestamp="2019-08-09T08:14:25.608" />
<gc-end id="3984" type="partial gc" contextid="3978" durationms="11.479" usertimems="26.740" systemtimems="10.786" timestamp="2019-08-09T08:14:25.608" activeThreads="16">
  <mem-info id="3985" free="188743680" total="314572800" percent="60">
    <mem type="eden" free="3357376" total="4194304" percent="80" />
    <remembered-set count="53024" freebytes="12363904" totalbytes="12576000" percent="98" regionsoverflowed="0" regionsstable="9" regionsrebuilding="0"/>
  </mem-info>
</gc-end>
<cycle-end id="3986" type="partial gc" contextid="3978" timestamp="2019-08-09T08:14:25.609" />
  <attribute name="elasticGC enabled" value="1" />
  <attribute name= "numThreadsSpecified" value="16" />
  <attribute name="heapSize specified" value="0" />
  <attribute name="Current GC Util" value="151" />
  <attribute name= "Current Time Running" value="100685" />
  <attribute name ="GC Interval" value="0" />
  <attribute name="Target GC Util Change" value ="80.000000" />
  <attribute name="Current GC Util Change" value="151.000000"/>
  <attribute name="Current Error" value="-160.000000" />
  <attribute name="Output H" value="310416248"/>
  <attribute name="Output I" value="1912"/>
  <attribute name="Output T" value="16"/>
  <attribute name= "Current Time Running" value="100685" />
  <attribute name="GC Util currently" value="151" />
  <attribute name="CPU Util currently" value="2447914944323" />
<exclusive-end id="3987" timestamp="2019-08-09T08:14:25.609" durationms="12.566" />

<exclusive-start id="3988" timestamp="2019-08-09T08:14:25.666" intervalms="69.467">
  <response-info timems="3.286" idlems="3.286" threads="0" lastid="0000000002459E00" lastname="Thread-30" />
</exclusive-start>
<allocation-taxation id="3989" taxation-threshold="85983232" timestamp="2019-08-09T08:14:25.666" intervalms="69.465" />
<cycle-start id="3990" type="partial gc" contextid="0" timestamp="2019-08-09T08:14:25.666" intervalms="69.408" />
<gc-start id="3991" type="partial gc" contextid="3990" timestamp="2019-08-09T08:14:25.666">
  <mem-info id="3992" free="102760448" total="314572800" percent="32">
    <mem type="eden" free="0" total="85983232" percent="0" />
    <remembered-set count="52576" freebytes="12365696" totalbytes="12576000" percent="98" regionsoverflowed="0" regionsstable="9" regionsrebuilding="0"/>
  </mem-info>
</gc-start>
<allocation-stats totalBytes="85968448" >
  <allocated-bytes non-tlh="0" tlh="85968448" arrayletleaf="0"/>
  <largest-consumer threadName="Thread-26" threadId="000000000242CB00" bytes="8284680" />
</allocation-stats>
<gc-op id="3993" type="copy forward" timems="19.069" contextid="3990" timestamp="2019-08-09T08:14:25.686">
  <memory-copied type="eden" objects="16717" bytes="500032" bytesdiscarded="72952" />
  <memory-copied type="other" objects="61647" bytes="2486616" bytesdiscarded="226560" />
  <memory-cardclean objects="30446" bytes="1504896" />
  <regions eden="41" other="6" />
  <remembered-set-cleared processed="33068" cleared="6532" durationms="0.304" />
  <stringconstants candidates="15003" cleared="0"  />
</gc-op>
<gc-op id="3994" type="classunload" timems="0.011" contextid="3990" timestamp="2019-08-09T08:14:25.686">
  <classunload-info classloadercandidates="54" classloadersunloaded="0" classesunloaded="0" anonymousclassesunloaded="0" quiescems="0.000" setupms="0.011" scanms="0.000" postms="0.000" />
</gc-op>
<gc-end id="3995" type="partial gc" contextid="3990" durationms="20.140" usertimems="60.264" systemtimems="16.475" timestamp="2019-08-09T08:14:25.686" activeThreads="16">
  <mem-info id="3996" free="188743680" total="314572800" percent="60">
    <mem type="eden" free="1524168" total="2097152" percent="72" />
    <remembered-set count="54368" freebytes="12358528" totalbytes="12576000" percent="98" regionsoverflowed="0" regionsstable="9" regionsrebuilding="0"/>
  </mem-info>
</gc-end>
<cycle-end id="3997" type="partial gc" contextid="3990" timestamp="2019-08-09T08:14:25.687" />
  <attribute name="elasticGC enabled" value="1" />
  <attribute name= "numThreadsSpecified" value="16" />
  <attribute name="heapSize specified" value="0" />
  <attribute name="Current GC Util" value="175" />
  <attribute name= "Current Time Running" value="100754" />
  <attribute name ="GC Interval" value="0" />
  <attribute name="Target GC Util Change" value ="80.000000" />
  <attribute name="Current GC Util Change" value="175.000000"/>
  <attribute name="Current Error" value="-228.000000" />
  <attribute name="Output H" value="314610512"/>
  <attribute name="Output I" value="1872"/>
  <attribute name="Output T" value="16"/>
  <attribute name= "Current Time Running" value="100754" />
  <attribute name="GC Util currently" value="175" />
  <attribute name="CPU Util currently" value="2091763421000" />
<exclusive-end id="3998" timestamp="2019-08-09T08:14:25.687" durationms="20.620" />

<exclusive-start id="3999" timestamp="2019-08-09T08:14:25.744" intervalms="78.173">
  <response-info timems="0.884" idlems="0.299" threads="2" lastid="0000000002421700" lastname="Thread-34" />
</exclusive-start>
<allocation-taxation id="4000" taxation-threshold="85983232" timestamp="2019-08-09T08:14:25.744" intervalms="78.216" />
<cycle-start id="4001" type="partial gc" contextid="0" timestamp="2019-08-09T08:14:25.744" intervalms="78.266" />
<gc-start id="4002" type="partial gc" contextid="4001" timestamp="2019-08-09T08:14:25.745">
  <mem-info id="4003" free="102760448" total="314572800" percent="32">
    <mem type="eden" free="0" total="85983232" percent="0" />
    <remembered-set count="54144" freebytes="12359424" totalbytes="12576000" percent="98" regionsoverflowed="0" regionsstable="9" regionsrebuilding="0"/>
  </mem-info>
</gc-start>
<allocation-stats totalBytes="85968488" >
  <allocated-bytes non-tlh="0" tlh="85968488" arrayletleaf="0"/>
  <largest-consumer threadName="Thread-23" threadId="000000000243F600" bytes="9501072" />
</allocation-stats>
<gc-op id="4004" type="copy forward" timems="11.266" contextid="4001" timestamp="2019-08-09T08:14:25.757">
  <memory-copied type="eden" objects="32965" bytes="1483504" bytesdiscarded="158640" />
  <memory-copied type="other" objects="36447" bytes="1424232" bytesdiscarded="222360" />
  <memory-cardclean objects="26584" bytes="1353744" />
  <regions eden="41" other="4" />
  <remembered-set-cleared processed="35775" cleared="7097" durationms="0.200" />
  <stringconstants candidates="15003" cleared="0"  />
</gc-op>
<gc-op id="4005" type="classunload" timems="0.010" contextid="4001" timestamp="2019-08-09T08:14:25.757">
  <classunload-info classloadercandidates="54" classloadersunloaded="0" classesunloaded="0" anonymousclassesunloaded="0" quiescems="0.000" setupms="0.010" scanms="0.000" postms="0.000" />
</gc-op>
<heap-resize id="4006" type="expand" space="default" amount="10485760" count="1" timems="0.064" reason="excessive time being spent in gc" timestamp="2019-08-09T08:14:25.757" />
<gc-end id="4007" type="partial gc" contextid="4001" durationms="12.471" usertimems="18.548" systemtimems="21.732" timestamp="2019-08-09T08:14:25.757" activeThreads="16">
  <mem-info id="4008" free="195035136" total="325058560" percent="60">
    <mem type="eden" free="2552160" total="4194304" percent="60" />
    <remembered-set count="55232" freebytes="12774272" totalbytes="12995200" percent="98" regionsoverflowed="0" regionsstable="9" regionsrebuilding="0"/>
  </mem-info>
</gc-end>
<cycle-end id="4009" type="partial gc" contextid="4001" timestamp="2019-08-09T08:14:25.757" />
  <attribute name="elasticGC enabled" value="1" />
  <attribute name= "numThreadsSpecified" value="16" />
  <attribute name="heapSize specified" value="0" />
  <attribute name="Current GC Util" value="136" />
  <attribute name= "Current Time Running" value="100833" />
  <attribute name ="GC Interval" value="0" />
  <attribute name="Target GC Util Change" value ="80.000000" />
  <attribute name="Current GC Util Change" value="136.000000"/>
  <attribute name="Current Error" value="-56.000000" />
  <attribute name="Output H" value="314610608"/>
  <attribute name="Output I" value="1968"/>
  <attribute name="Output T" value="16"/>
  <attribute name= "Current Time Running" value="100833" />
  <attribute name="GC Util currently" value="136" />
  <attribute name="CPU Util currently" value="1715169390524" />
<exclusive-end id="4010" timestamp="2019-08-09T08:14:25.758" durationms="13.375" />

<exclusive-start id="4011" timestamp="2019-08-09T08:14:25.833" intervalms="88.511">
  <response-info timems="2.194" idlems="2.194" threads="0" lastid="0000000002437E00" lastname="Thread-31" />
</exclusive-start>
<allocation-taxation id="4012" taxation-threshold="88080384" timestamp="2019-08-09T08:14:25.833" intervalms="88.484" />
<cycle-start id="4013" type="partial gc" contextid="0" timestamp="2019-08-09T08:14:25.833" intervalms="88.575" />
<gc-start id="4014" type="partial gc" contextid="4013" timestamp="2019-08-09T08:14:25.833">
  <mem-info id="4015" free="106954752" total="325058560" percent="32">
    <mem type="eden" free="0" total="88080384" percent="0" />
    <remembered-set count="54848" freebytes="12775808" totalbytes="12995200" percent="98" regionsoverflowed="0" regionsstable="9" regionsrebuilding="0"/>
  </mem-info>
</gc-start>
<allocation-stats totalBytes="88064984" >
  <allocated-bytes non-tlh="0" tlh="88064984" arrayletleaf="0"/>
  <largest-consumer threadName="Thread-23" threadId="000000000243F600" bytes="8976800" />
</allocation-stats>
<gc-op id="4016" type="copy forward" timems="9.903" contextid="4013" timestamp="2019-08-09T08:14:25.844">
  <memory-copied type="eden" objects="20137" bytes="764384" bytesdiscarded="168008" />
  <memory-copied type="other" objects="50693" bytes="2132808" bytesdiscarded="165040" />
  <memory-cardclean objects="32220" bytes="1648800" />
  <regions eden="42" other="6" />
  <remembered-set-cleared processed="36526" cleared="12634" durationms="0.640" />
  <stringconstants candidates="15003" cleared="0"  />
</gc-op>
<gc-op id="4017" type="classunload" timems="0.009" contextid="4013" timestamp="2019-08-09T08:14:25.844">
  <classunload-info classloadercandidates="54" classloadersunloaded="0" classesunloaded="0" anonymousclassesunloaded="0" quiescems="0.000" setupms="0.009" scanms="0.000" postms="0.000" />
</gc-op>
<gc-end id="4018" type="partial gc" contextid="4013" durationms="10.854" usertimems="19.682" systemtimems="12.189" timestamp="2019-08-09T08:14:25.844" activeThreads="16">
  <mem-info id="4019" free="195035136" total="325058560" percent="60">
    <mem type="eden" free="1164760" total="2097152" percent="55" />
    <remembered-set count="52544" freebytes="12785024" totalbytes="12995200" percent="98" regionsoverflowed="0" regionsstable="9" regionsrebuilding="0"/>
  </mem-info>
</gc-end>
<cycle-end id="4020" type="partial gc" contextid="4013" timestamp="2019-08-09T08:14:25.844" />
  <attribute name="elasticGC enabled" value="1" />
  <attribute name= "numThreadsSpecified" value="16" />
  <attribute name="heapSize specified" value="0" />
  <attribute name="Current GC Util" value="0" />
  <attribute name= "Current Time Running" value="100921" />
  <attribute name ="GC Interval" value="0" />
  <attribute name="Target GC Util Change" value ="80.000000" />
  <attribute name="Current GC Util Change" value="0.000000"/>
  <attribute name="Current Error" value="64.000000" />
  <attribute name="Output H" value="325096440"/>
  <attribute name="Output I" value="2040"/>
  <attribute name="Output T" value="16"/>
  <attribute name= "Current Time Running" value="100921" />
  <attribute name="GC Util currently" value="0" />
  <attribute name="CPU Util currently" value="2700081798534" />
<exclusive-end id="4021" timestamp="2019-08-09T08:14:25.844" durationms="11.678" />

<exclusive-start id="4022" timestamp="2019-08-09T08:14:25.905" intervalms="72.557">
  <response-info timems="1.139" idlems="1.139" threads="0" lastid="000000000243F600" lastname="Thread-23" />
</exclusive-start>
<allocation-taxation id="4023" taxation-threshold="88080384" timestamp="2019-08-09T08:14:25.905" intervalms="72.544" />
<cycle-start id="4024" type="partial gc" contextid="0" timestamp="2019-08-09T08:14:25.905" intervalms="72.406" />
<gc-start id="4025" type="partial gc" contextid="4024" timestamp="2019-08-09T08:14:25.906">
  <mem-info id="4026" free="106954752" total="325058560" percent="32">
    <mem type="eden" free="0" total="88080384" percent="0" />
    <remembered-set count="52544" freebytes="12785024" totalbytes="12995200" percent="98" regionsoverflowed="0" regionsstable="9" regionsrebuilding="0"/>
  </mem-info>
</gc-start>
<allocation-stats totalBytes="88066128" >
  <allocated-bytes non-tlh="0" tlh="88066128" arrayletleaf="0"/>
  <largest-consumer threadName="Thread-28" threadId="0000000002428F00" bytes="7801752" />
</allocation-stats>
<gc-op id="4027" type="copy forward" timems="8.746" contextid="4024" timestamp="2019-08-09T08:14:25.915">
  <memory-copied type="eden" objects="14406" bytes="488832" bytesdiscarded="60440" />
  <memory-copied type="other" objects="69687" bytes="3000792" bytesdiscarded="333640" />
  <memory-cardclean objects="25363" bytes="1297008" />
  <regions eden="42" other="5" />
  <remembered-set-cleared processed="32620" cleared="7705" durationms="0.614" />
  <stringconstants candidates="15003" cleared="0"  />
</gc-op>
<gc-op id="4028" type="classunload" timems="0.011" contextid="4024" timestamp="2019-08-09T08:14:25.915">
  <classunload-info classloadercandidates="54" classloadersunloaded="0" classesunloaded="0" anonymousclassesunloaded="0" quiescems="0.000" setupms="0.010" scanms="0.000" postms="0.000" />
</gc-op>
<heap-resize id="4029" type="expand" space="default" amount="6291456" count="1" timems="0.058" reason="excessive time being spent in gc" timestamp="2019-08-09T08:14:25.915" />
<gc-end id="4030" type="partial gc" contextid="4024" durationms="9.949" usertimems="21.296" systemtimems="12.651" timestamp="2019-08-09T08:14:25.915" activeThreads="16">
  <mem-info id="4031" free="199229440" total="331350016" percent="60">
    <mem type="eden" free="1547880" total="2097152" percent="73" />
    <remembered-set count="52384" freebytes="13037184" totalbytes="13246720" percent="98" regionsoverflowed="0" regionsstable="9" regionsrebuilding="0"/>
  </mem-info>
</gc-end>
<cycle-end id="4032" type="partial gc" contextid="4024" timestamp="2019-08-09T08:14:25.916" />
  <attribute name="elasticGC enabled" value="1" />
  <attribute name= "numThreadsSpecified" value="16" />
  <attribute name="heapSize specified" value="0" />
  <attribute name="Current GC Util" value="109" />
  <attribute name= "Current Time Running" value="100994" />
  <attribute name ="GC Interval" value="0" />
  <attribute name="Target GC Util Change" value ="80.000000" />
  <attribute name="Current GC Util Change" value="109.000000"/>
  <attribute name="Current Error" value="71.000000" />
  <attribute name="Output H" value="325096440"/>
  <attribute name="Output I" value="2040"/>
  <attribute name="Output T" value="16"/>
  <attribute name= "Current Time Running" value="100994" />
  <attribute name="GC Util currently" value="109" />
  <attribute name="CPU Util currently" value="1780650634096" />
<exclusive-end id="4033" timestamp="2019-08-09T08:14:25.916" durationms="10.526" />

<exclusive-start id="4034" timestamp="2019-08-09T08:14:26.023" intervalms="117.328">
  <response-info timems="2.656" idlems="2.656" threads="0" lastid="0000000002461500" lastname="Thread-27" />
</exclusive-start>
<allocation-taxation id="4035" taxation-threshold="90177536" timestamp="2019-08-09T08:14:26.023" intervalms="117.510" />
<cycle-start id="4036" type="partial gc" contextid="0" timestamp="2019-08-09T08:14:26.023" intervalms="117.931" />
<gc-start id="4037" type="partial gc" contextid="4036" timestamp="2019-08-09T08:14:26.023">
  <mem-info id="4038" free="109051904" total="331350016" percent="32">
    <mem type="eden" free="0" total="90177536" percent="0" />
    <remembered-set count="52320" freebytes="13037440" totalbytes="13246720" percent="98" regionsoverflowed="0" regionsstable="9" regionsrebuilding="0"/>
  </mem-info>
</gc-start>
<allocation-stats totalBytes="90163904" >
  <allocated-bytes non-tlh="0" tlh="90163904" arrayletleaf="0"/>
  <largest-consumer threadName="Thread-31" threadId="0000000002437E00" bytes="10217832" />
</allocation-stats>
<gc-op id="4039" type="copy forward" timems="9.808" contextid="4036" timestamp="2019-08-09T08:14:26.034">
  <memory-copied type="eden" objects="9181" bytes="226384" bytesdiscarded="37872" />
  <memory-copied type="other" objects="71451" bytes="2905752" bytesdiscarded="382464" />
  <memory-cardclean objects="27893" bytes="1433160" />
  <regions eden="43" other="5" />
  <remembered-set-cleared processed="32127" cleared="5863" durationms="0.497" />
  <stringconstants candidates="15003" cleared="0"  />
</gc-op>
<gc-op id="4040" type="classunload" timems="0.010" contextid="4036" timestamp="2019-08-09T08:14:26.034">
  <classunload-info classloadercandidates="54" classloadersunloaded="0" classesunloaded="0" anonymousclassesunloaded="0" quiescems="0.000" setupms="0.009" scanms="0.000" postms="0.000" />
</gc-op>
<gc-end id="4041" type="partial gc" contextid="4036" durationms="10.862" usertimems="26.323" systemtimems="8.891" timestamp="2019-08-09T08:14:26.034" activeThreads="16">
  <mem-info id="4042" free="197132288" total="331350016" percent="59">
    <mem type="eden" free="1832896" total="2097152" percent="87" />
    <remembered-set count="54464" freebytes="13028864" totalbytes="13246720" percent="98" regionsoverflowed="0" regionsstable="9" regionsrebuilding="0"/>
  </mem-info>
</gc-end>
<cycle-end id="4043" type="partial gc" contextid="4036" timestamp="2019-08-09T08:14:26.034" />
  <attribute name="elasticGC enabled" value="1" />
  <attribute name= "numThreadsSpecified" value="16" />
  <attribute name="heapSize specified" value="0" />
  <attribute name="Current GC Util" value="147" />
  <attribute name= "Current Time Running" value="101111" />
  <attribute name ="GC Interval" value="0" />
  <attribute name="Target GC Util Change" value ="80.000000" />
  <attribute name="Current GC Util Change" value="147.000000"/>
  <attribute name="Current Error" value="-67.000000" />
  <attribute name="Output H" value="331387824"/>
  <attribute name="Output I" value="1968"/>
  <attribute name="Output T" value="16"/>
  <attribute name= "Current Time Running" value="101111" />
  <attribute name="GC Util currently" value="147" />
  <attribute name="CPU Util currently" value="1976898761751" />
<exclusive-end id="4044" timestamp="2019-08-09T08:14:26.035" durationms="12.003" />

<exclusive-start id="4045" timestamp="2019-08-09T08:14:26.128" intervalms="105.147">
  <response-info timems="1.652" idlems="1.652" threads="0" lastid="000000000242CB00" lastname="Thread-26" />
</exclusive-start>
<allocation-taxation id="4046" taxation-threshold="90177536" timestamp="2019-08-09T08:14:26.128" intervalms="104.978" />
<cycle-start id="4047" type="partial gc" contextid="0" timestamp="2019-08-09T08:14:26.128" intervalms="104.583" />
<gc-start id="4048" type="partial gc" contextid="4047" timestamp="2019-08-09T08:14:26.128">
  <mem-info id="4049" free="106954752" total="331350016" percent="32">
    <mem type="eden" free="0" total="90177536" percent="0" />
    <remembered-set count="53984" freebytes="13030784" totalbytes="13246720" percent="98" regionsoverflowed="0" regionsstable="9" regionsrebuilding="0"/>
  </mem-info>
</gc-start>
<allocation-stats totalBytes="90163768" >
  <allocated-bytes non-tlh="0" tlh="90163768" arrayletleaf="0"/>
  <largest-consumer threadName="Thread-28" threadId="0000000002428F00" bytes="10631576" />
</allocation-stats>
<gc-op id="4050" type="copy forward" timems="10.491" contextid="4047" timestamp="2019-08-09T08:14:26.140">
  <memory-copied type="eden" objects="23640" bytes="848224" bytesdiscarded="41168" />
  <memory-copied type="other" objects="68667" bytes="2747016" bytesdiscarded="260792" />
  <memory-cardclean objects="24762" bytes="1215120" />
  <regions eden="43" other="5" />
  <remembered-set-cleared processed="32899" cleared="6198" durationms="0.200" />
  <stringconstants candidates="15003" cleared="0"  />
</gc-op>
<gc-op id="4051" type="classunload" timems="0.010" contextid="4047" timestamp="2019-08-09T08:14:26.140">
  <classunload-info classloadercandidates="54" classloadersunloaded="0" classesunloaded="0" anonymousclassesunloaded="0" quiescems="0.000" setupms="0.010" scanms="0.000" postms="0.000" />
</gc-op>
<gc-end id="4052" type="partial gc" contextid="4047" durationms="11.886" usertimems="24.583" systemtimems="10.175" timestamp="2019-08-09T08:14:26.140" activeThreads="16">
  <mem-info id="4053" free="192937984" total="331350016" percent="58">
    <mem type="eden" free="3304912" total="4194304" percent="78" />
    <remembered-set count="56768" freebytes="13019648" totalbytes="13246720" percent="98" regionsoverflowed="0" regionsstable="9" regionsrebuilding="0"/>
  </mem-info>
</gc-end>
<cycle-end id="4054" type="partial gc" contextid="4047" timestamp="2019-08-09T08:14:26.140" />
  <attribute name="elasticGC enabled" value="1" />
  <attribute name= "numThreadsSpecified" value="16" />
  <attribute name="heapSize specified" value="0" />
  <attribute name="Current GC Util" value="0" />
  <attribute name= "Current Time Running" value="101216" />
  <attribute name ="GC Interval" value="0" />
  <attribute name="Target GC Util Change" value ="80.000000" />
  <attribute name="Current GC Util Change" value="0.000000"/>
  <attribute name="Current Error" value="62.000000" />
  <attribute name="Output H" value="331387896"/>
  <attribute name="Output I" value="2040"/>
  <attribute name="Output T" value="16"/>
  <attribute name= "Current Time Running" value="101216" />
  <attribute name="GC Util currently" value="0" />
  <attribute name="CPU Util currently" value="1503515737069" />
<exclusive-end id="4055" timestamp="2019-08-09T08:14:26.140" durationms="12.496" />

<exclusive-start id="4056" timestamp="2019-08-09T08:14:26.257" intervalms="129.265">
  <response-info timems="5.433" idlems="5.433" threads="0" lastid="0000000002456200" lastname="Thread-32" />
</exclusive-start>
<allocation-taxation id="4057" taxation-threshold="90177536" timestamp="2019-08-09T08:14:26.257" intervalms="129.269" />
<cycle-start id="4058" type="partial gc" contextid="0" timestamp="2019-08-09T08:14:26.257" intervalms="129.271" />
<gc-start id="4059" type="partial gc" contextid="4058" timestamp="2019-08-09T08:14:26.257">
  <mem-info id="4060" free="102760448" total="331350016" percent="31">
    <mem type="eden" free="0" total="90177536" percent="0" />
    <remembered-set count="56640" freebytes="13020160" totalbytes="13246720" percent="98" regionsoverflowed="0" regionsstable="9" regionsrebuilding="0"/>
  </mem-info>
</gc-start>
<allocation-stats totalBytes="90163792" >
  <allocated-bytes non-tlh="0" tlh="90163792" arrayletleaf="0"/>
  <largest-consumer threadName="Thread-23" threadId="000000000243F600" bytes="11065736" />
</allocation-stats>
<gc-op id="4061" type="copy forward" timems="7.891" contextid="4058" timestamp="2019-08-09T08:14:26.266">
  <memory-copied type="eden" objects="22433" bytes="955944" bytesdiscarded="156880" />
  <memory-copied type="other" objects="49892" bytes="2021664" bytesdiscarded="161632" />
  <memory-cardclean objects="28291" bytes="1436280" />
  <regions eden="43" other="6" />
  <remembered-set-cleared processed="35762" cleared="11873" durationms="0.229" />
  <stringconstants candidates="15003" cleared="0"  />
</gc-op>
<gc-op id="4062" type="classunload" timems="0.009" contextid="4058" timestamp="2019-08-09T08:14:26.266">
  <classunload-info classloadercandidates="54" classloadersunloaded="0" classesunloaded="0" anonymousclassesunloaded="0" quiescems="0.000" setupms="0.009" scanms="0.000" postms="0.000" />
</gc-op>
<gc-end id="4063" type="partial gc" contextid="4058" durationms="8.861" usertimems="22.753" systemtimems="4.098" timestamp="2019-08-09T08:14:26.266" activeThreads="16">
  <mem-info id="4064" free="192937984" total="331350016" percent="58">
    <mem type="eden" free="984328" total="2097152" percent="46" />
    <remembered-set count="52000" freebytes="13038720" totalbytes="13246720" percent="98" regionsoverflowed="0" regionsstable="9" regionsrebuilding="0"/>
  </mem-info>
</gc-end>
<cycle-end id="4065" type="partial gc" contextid="4058" timestamp="2019-08-09T08:14:26.266" />
  <attribute name="elasticGC enabled" value="1" />
  <attribute name= "numThreadsSpecified" value="16" />
  <attribute name="heapSize specified" value="0" />
  <attribute name="Current GC Util" value="193" />
  <attribute name= "Current Time Running" value="101345" />
  <attribute name ="GC Interval" value="0" />
  <attribute name="Target GC Util Change" value ="80.000000" />
  <attribute name="Current GC Util Change" value="193.000000"/>
  <attribute name="Current Error" value="4.000000" />
  <attribute name="Output H" value="331387864"/>
  <attribute name="Output I" value="2008"/>
  <attribute name="Output T" value="16"/>
  <attribute name= "Current Time Running" value="101345" />
  <attribute name="GC Util currently" value="193" />
  <attribute name="CPU Util currently" value="2249374554660" />
<exclusive-end id="4066" timestamp="2019-08-09T08:14:26.266" durationms="9.436" />

<exclusive-start id="4067" timestamp="2019-08-09T08:14:26.322" intervalms="64.760">
  <response-info timems="4.468" idlems="4.468" threads="0" lastid="000000000241DB00" lastname="Thread-33" />
</exclusive-start>
<allocation-taxation id="4068" taxation-threshold="90177536" timestamp="2019-08-09T08:14:26.322" intervalms="64.942" />
<cycle-start id="4069" type="partial gc" contextid="0" timestamp="2019-08-09T08:14:26.322" intervalms="65.164" />
<gc-start id="4070" type="partial gc" contextid="4069" timestamp="2019-08-09T08:14:26.322">
  <mem-info id="4071" free="102760448" total="331350016" percent="31">
    <mem type="eden" free="0" total="90177536" percent="0" />
    <remembered-set count="51776" freebytes="13039616" totalbytes="13246720" percent="98" regionsoverflowed="0" regionsstable="9" regionsrebuilding="0"/>
  </mem-info>
</gc-start>
<allocation-stats totalBytes="90163112" >
  <allocated-bytes non-tlh="0" tlh="90163112" arrayletleaf="0"/>
  <largest-consumer threadName="Thread-25" threadId="0000000002468D00" bytes="9058936" />
</allocation-stats>
<gc-op id="4072" type="copy forward" timems="15.407" contextid="4069" timestamp="2019-08-09T08:14:26.339">
  <memory-copied type="eden" objects="32438" bytes="1332208" bytesdiscarded="95160" />
  <memory-copied type="other" objects="63387" bytes="2757672" bytesdiscarded="200600" />
  <memory-cardclean objects="22260" bytes="1115880" />
  <regions eden="43" other="5" />
  <remembered-set-cleared processed="34633" cleared="10311" durationms="0.209" />
  <stringconstants candidates="15003" cleared="0"  />
</gc-op>
<gc-op id="4073" type="classunload" timems="0.013" contextid="4069" timestamp="2019-08-09T08:14:26.339">
  <classunload-info classloadercandidates="54" classloadersunloaded="0" classesunloaded="0" anonymousclassesunloaded="0" quiescems="0.000" setupms="0.013" scanms="0.000" postms="0.000" />
</gc-op>
<gc-end id="4074" type="partial gc" contextid="4069" durationms="17.132" usertimems="35.250" systemtimems="9.675" timestamp="2019-08-09T08:14:26.340" activeThreads="16">
  <mem-info id="4075" free="190840832" total="331350016" percent="57">
    <mem type="eden" free="669784" total="2097152" percent="31" />
    <remembered-set count="53920" freebytes="13031040" totalbytes="13246720" percent="98" regionsoverflowed="0" regionsstable="9" regionsrebuilding="0"/>
  </mem-info>
</gc-end>
<cycle-end id="4076" type="partial gc" contextid="4069" timestamp="2019-08-09T08:14:26.340" />
  <attribute name="elasticGC enabled" value="1" />
  <attribute name= "numThreadsSpecified" value="16" />
  <attribute name="heapSize specified" value="0" />
  <attribute name="Current GC Util" value="108" />
  <attribute name= "Current Time Running" value="101411" />
  <attribute name ="GC Interval" value="0" />
  <attribute name="Target GC Util Change" value ="80.000000" />
  <attribute name="Current GC Util Change" value="108.000000"/>
  <attribute name="Current Error" value="-28.000000" />
  <attribute name="Output H" value="331387840"/>
  <attribute name="Output I" value="1984"/>
  <attribute name="Output T" value="16"/>
  <attribute name= "Current Time Running" value="101411" />
  <attribute name="GC Util currently" value="108" />
  <attribute name="CPU Util currently" value="1091657601957" />
<exclusive-end id="4077" timestamp="2019-08-09T08:14:26.340" durationms="18.284" />

<exclusive-start id="4078" timestamp="2019-08-09T08:14:26.472" intervalms="150.286">
  <response-info timems="14.195" idlems="14.195" threads="0" lastid="000000000243F600" lastname="Thread-23" />
</exclusive-start>
<allocation-taxation id="4079" taxation-threshold="90177536" timestamp="2019-08-09T08:14:26.472" intervalms="150.484" />
<cycle-start id="4080" type="partial gc" contextid="0" timestamp="2019-08-09T08:14:26.473" intervalms="150.414" />
<gc-start id="4081" type="partial gc" contextid="4080" timestamp="2019-08-09T08:14:26.473">
  <mem-info id="4082" free="100663296" total="331350016" percent="30">
    <mem type="eden" free="0" total="90177536" percent="0" />
    <remembered-set count="53856" freebytes="13031296" totalbytes="13246720" percent="98" regionsoverflowed="0" regionsstable="9" regionsrebuilding="0"/>
  </mem-info>
</gc-start>
<allocation-stats totalBytes="90162960" >
  <allocated-bytes non-tlh="0" tlh="90162960" arrayletleaf="0"/>
  <largest-consumer threadName="Thread-33" threadId="000000000241DB00" bytes="10275136" />
</allocation-stats>
<gc-op id="4083" type="copy forward" timems="14.761" contextid="4080" timestamp="2019-08-09T08:14:26.489">
  <memory-copied type="eden" objects="18431" bytes="584280" bytesdiscarded="92168" />
  <memory-copied type="other" objects="68472" bytes="3017088" bytesdiscarded="273232" />
  <memory-cardclean objects="15632" bytes="805608" />
  <regions eden="43" other="5" />
  <remembered-set-cleared processed="32989" cleared="6353" durationms="0.776" />
  <stringconstants candidates="15003" cleared="0"  />
</gc-op>
<gc-op id="4084" type="classunload" timems="0.012" contextid="4080" timestamp="2019-08-09T08:14:26.489">
  <classunload-info classloadercandidates="54" classloadersunloaded="0" classesunloaded="0" anonymousclassesunloaded="0" quiescems="0.000" setupms="0.011" scanms="0.000" postms="0.000" />
</gc-op>
<gc-end id="4085" type="partial gc" contextid="4080" durationms="16.348" usertimems="23.358" systemtimems="17.210" timestamp="2019-08-09T08:14:26.489" activeThreads="16">
  <mem-info id="4086" free="188743680" total="331350016" percent="56">
    <mem type="eden" free="1420704" total="2097152" percent="67" />
    <remembered-set count="54912" freebytes="13027072" totalbytes="13246720" percent="98" regionsoverflowed="0" regionsstable="9" regionsrebuilding="0"/>
  </mem-info>
</gc-end>
<cycle-end id="4087" type="partial gc" contextid="4080" timestamp="2019-08-09T08:14:26.489" />
  <attribute name="elasticGC enabled" value="1" />
  <attribute name= "numThreadsSpecified" value="16" />
  <attribute name="heapSize specified" value="0" />
  <attribute name="Current GC Util" value="89" />
  <attribute name= "Current Time Running" value="101561" />
  <attribute name ="GC Interval" value="0" />
  <attribute name="Target GC Util Change" value ="80.000000" />
  <attribute name="Current GC Util Change" value="89.000000"/>
  <attribute name="Current Error" value="17.000000" />
  <attribute name="Output H" value="331387872"/>
  <attribute name="Output I" value="2016"/>
  <attribute name="Output T" value="16"/>
  <attribute name= "Current Time Running" value="101561" />
  <attribute name="GC Util currently" value="89" />
  <attribute name="CPU Util currently" value="1271480638460" />
<exclusive-end id="4088" timestamp="2019-08-09T08:14:26.490" durationms="17.677" />

<exclusive-start id="4089" timestamp="2019-08-09T08:14:26.609" intervalms="136.540">
  <response-info timems="5.815" idlems="5.815" threads="0" lastid="0000000002421700" lastname="Thread-34" />
</exclusive-start>
<allocation-taxation id="4090" taxation-threshold="90177536" timestamp="2019-08-09T08:14:26.609" intervalms="136.201" />
<cycle-start id="4091" type="partial gc" contextid="0" timestamp="2019-08-09T08:14:26.609" intervalms="136.570" />
<gc-start id="4092" type="partial gc" contextid="4091" timestamp="2019-08-09T08:14:26.609">
  <mem-info id="4093" free="98566144" total="331350016" percent="29">
    <mem type="eden" free="0" total="90177536" percent="0" />
    <remembered-set count="54528" freebytes="13028608" totalbytes="13246720" percent="98" regionsoverflowed="0" regionsstable="9" regionsrebuilding="0"/>
  </mem-info>
</gc-start>
<allocation-stats totalBytes="90163168" >
  <allocated-bytes non-tlh="0" tlh="90163168" arrayletleaf="0"/>
  <largest-consumer threadName="Thread-23" threadId="000000000243F600" bytes="8289176" />
</allocation-stats>
<gc-op id="4094" type="copy forward" timems="13.088" contextid="4091" timestamp="2019-08-09T08:14:26.624">
  <memory-copied type="eden" objects="26474" bytes="1052200" bytesdiscarded="58720" />
  <memory-copied type="other" objects="62729" bytes="2604504" bytesdiscarded="208536" />
  <memory-cardclean objects="17881" bytes="895560" />
  <regions eden="43" other="5" />
  <remembered-set-cleared processed="32614" cleared="4772" durationms="0.579" />
  <stringconstants candidates="15003" cleared="0"  />
</gc-op>
<gc-op id="4095" type="classunload" timems="0.013" contextid="4091" timestamp="2019-08-09T08:14:26.624">
  <classunload-info classloadercandidates="54" classloadersunloaded="0" classesunloaded="0" anonymousclassesunloaded="0" quiescems="0.000" setupms="0.012" scanms="0.000" postms="0.000" />
</gc-op>
<gc-end id="4096" type="partial gc" contextid="4091" durationms="14.385" usertimems="29.110" systemtimems="10.506" timestamp="2019-08-09T08:14:26.624" activeThreads="16">
  <mem-info id="4097" free="184549376" total="331350016" percent="55">
    <mem type="eden" free="3083384" total="4194304" percent="73" />
    <remembered-set count="56064" freebytes="13022464" totalbytes="13246720" percent="98" regionsoverflowed="0" regionsstable="9" regionsrebuilding="0"/>
  </mem-info>
</gc-end>
<cycle-end id="4098" type="partial gc" contextid="4091" timestamp="2019-08-09T08:14:26.624" />
  <attribute name="elasticGC enabled" value="1" />
  <attribute name= "numThreadsSpecified" value="16" />
  <attribute name="heapSize specified" value="0" />
  <attribute name="Current GC Util" value="112" />
  <attribute name= "Current Time Running" value="101698" />
  <attribute name ="GC Interval" value="0" />
  <attribute name="Target GC Util Change" value ="80.000000" />
  <attribute name="Current GC Util Change" value="112.000000"/>
  <attribute name="Current Error" value="39.000000" />
  <attribute name="Output H" value="331387880"/>
  <attribute name="Output I" value="2024"/>
  <attribute name="Output T" value="16"/>
  <attribute name= "Current Time Running" value="101698" />
  <attribute name="GC Util currently" value="112" />
  <attribute name="CPU Util currently" value="2062305227846" />
<exclusive-end id="4099" timestamp="2019-08-09T08:14:26.624" durationms="15.617" />

<exclusive-start id="4100" timestamp="2019-08-09T08:14:26.727" intervalms="118.101">
  <response-info timems="5.824" idlems="3.483" threads="3" lastid="0000000002443200" lastname="Thread-35" />
</exclusive-start>
<allocation-taxation id="4101" taxation-threshold="90177536" timestamp="2019-08-09T08:14:26.727" intervalms="118.117" />
<cycle-start id="4102" type="partial gc" contextid="0" timestamp="2019-08-09T08:14:26.727" intervalms="117.788" />
<gc-start id="4103" type="partial gc" contextid="4102" timestamp="2019-08-09T08:14:26.727">
  <mem-info id="4104" free="94371840" total="331350016" percent="28">
    <mem type="eden" free="0" total="90177536" percent="0" />
    <remembered-set count="56064" freebytes="13022464" totalbytes="13246720" percent="98" regionsoverflowed="0" regionsstable="9" regionsrebuilding="0"/>
  </mem-info>
</gc-start>
<allocation-stats totalBytes="90162944" >
  <allocated-bytes non-tlh="0" tlh="90162944" arrayletleaf="0"/>
  <largest-consumer threadName="Thread-35" threadId="0000000002443200" bytes="10844376" />
</allocation-stats>
<gc-op id="4105" type="copy forward" timems="9.547" contextid="4102" timestamp="2019-08-09T08:14:26.739">
  <memory-copied type="eden" objects="44755" bytes="1766840" bytesdiscarded="123256" />
  <memory-copied type="other" objects="49338" bytes="2008368" bytesdiscarded="180808" />
  <memory-cardclean objects="33860" bytes="1771824" />
  <regions eden="43" other="4" />
  <remembered-set-cleared processed="35552" cleared="6006" durationms="0.240" />
  <stringconstants candidates="15003" cleared="0"  />
</gc-op>
<gc-op id="4106" type="classunload" timems="0.029" contextid="4102" timestamp="2019-08-09T08:14:26.739">
  <classunload-info classloadercandidates="54" classloadersunloaded="0" classesunloaded="0" anonymousclassesunloaded="0" quiescems="0.000" setupms="0.029" scanms="0.000" postms="0.000" />
</gc-op>
<gc-end id="4107" type="partial gc" contextid="4102" durationms="11.745" usertimems="26.720" systemtimems="8.789" timestamp="2019-08-09T08:14:26.739" activeThreads="16">
  <mem-info id="4108" free="184549376" total="331350016" percent="55">
    <mem type="eden" free="207056" total="2097152" percent="9" />
    <remembered-set count="58592" freebytes="13012352" totalbytes="13246720" percent="98" regionsoverflowed="0" regionsstable="9" regionsrebuilding="0"/>
  </mem-info>
</gc-end>
<cycle-end id="4109" type="partial gc" contextid="4102" timestamp="2019-08-09T08:14:26.739" />
  <attribute name="elasticGC enabled" value="1" />
  <attribute name= "numThreadsSpecified" value="16" />
  <attribute name="heapSize specified" value="0" />
  <attribute name="Current GC Util" value="75" />
  <attribute name= "Current Time Running" value="101816" />
  <attribute name ="GC Interval" value="0" />
  <attribute name="Target GC Util Change" value ="80.000000" />
  <attribute name="Current GC Util Change" value="75.000000"/>
  <attribute name="Current Error" value="5.000000" />
  <attribute name="Output H" value="331387864"/>
  <attribute name="Output I" value="2008"/>
  <attribute name="Output T" value="16"/>
  <attribute name= "Current Time Running" value="101816" />
  <attribute name="GC Util currently" value="75" />
  <attribute name="CPU Util currently" value="716056678456" />
<exclusive-end id="4110" timestamp="2019-08-09T08:14:26.739" durationms="12.670" />

<exclusive-start id="4111" timestamp="2019-08-09T08:14:26.884" intervalms="156.931">
  <response-info timems="0.510" idlems="0.274" threads="1" lastid="000000000241DB00" lastname="Thread-33" />
</exclusive-start>
<allocation-taxation id="4112" taxation-threshold="90177536" timestamp="2019-08-09T08:14:26.884" intervalms="157.364" />
<cycle-start id="4113" type="partial gc" contextid="0" timestamp="2019-08-09T08:14:26.884" intervalms="157.220" />
<gc-start id="4114" type="partial gc" contextid="4113" timestamp="2019-08-09T08:14:26.884">
  <mem-info id="4115" free="94371840" total="331350016" percent="28">
    <mem type="eden" free="0" total="90177536" percent="0" />
    <remembered-set count="58528" freebytes="13012608" totalbytes="13246720" percent="98" regionsoverflowed="0" regionsstable="9" regionsrebuilding="0"/>
  </mem-info>
</gc-start>
<allocation-stats totalBytes="90163456" >
  <allocated-bytes non-tlh="0" tlh="90163456" arrayletleaf="0"/>
  <largest-consumer threadName="Thread-23" threadId="000000000243F600" bytes="12224768" />
</allocation-stats>
<gc-op id="4116" type="copy forward" timems="14.137" contextid="4113" timestamp="2019-08-09T08:14:26.904">
  <memory-copied type="eden" objects="16717" bytes="544344" bytesdiscarded="125024" />
  <memory-copied type="other" objects="78390" bytes="3255120" bytesdiscarded="320296" />
  <memory-cardclean objects="20280" bytes="1052472" />
  <regions eden="43" other="5" />
  <remembered-set-cleared processed="35005" cleared="4602" durationms="0.343" />
  <stringconstants candidates="15003" cleared="0"  />
</gc-op>
<gc-op id="4117" type="classunload" timems="0.014" contextid="4113" timestamp="2019-08-09T08:14:26.904">
  <classunload-info classloadercandidates="54" classloadersunloaded="0" classesunloaded="0" anonymousclassesunloaded="0" quiescems="0.000" setupms="0.013" scanms="0.000" postms="0.000" />
</gc-op>
<gc-end id="4118" type="partial gc" contextid="4113" durationms="19.845" usertimems="36.694" systemtimems="12.733" timestamp="2019-08-09T08:14:26.904" activeThreads="16">
  <mem-info id="4119" free="182452224" total="331350016" percent="55">
    <mem type="eden" free="1427784" total="2097152" percent="68" />
    <remembered-set count="60288" freebytes="13005568" totalbytes="13246720" percent="98" regionsoverflowed="0" regionsstable="9" regionsrebuilding="0"/>
  </mem-info>
</gc-end>
<cycle-end id="4120" type="partial gc" contextid="4113" timestamp="2019-08-09T08:14:26.904" />
  <attribute name="elasticGC enabled" value="1" />
  <attribute name= "numThreadsSpecified" value="16" />
  <attribute name="heapSize specified" value="0" />
  <attribute name="Current GC Util" value="25" />
  <attribute name= "Current Time Running" value="101977" />
  <attribute name ="GC Interval" value="0" />
  <attribute name="Target GC Util Change" value ="80.000000" />
  <attribute name="Current GC Util Change" value="25.000000"/>
  <attribute name="Current Error" value="120.000000" />
  <attribute name="Output H" value="331387928"/>
  <attribute name="Output I" value="2072"/>
  <attribute name="Output T" value="16"/>
  <attribute name= "Current Time Running" value="101977" />
  <attribute name="GC Util currently" value="25" />
  <attribute name="CPU Util currently" value="239908471874" />
<exclusive-end id="4121" timestamp="2019-08-09T08:14:26.905" durationms="21.155" />

<exclusive-start id="4122" timestamp="2019-08-09T08:14:27.031" intervalms="147.840">
  <response-info timems="2.523" idlems="1.294" threads="1" lastid="0000000002428F00" lastname="Thread-28" />
</exclusive-start>
<allocation-taxation id="4123" taxation-threshold="90177536" timestamp="2019-08-09T08:14:27.031" intervalms="147.370" />
<cycle-start id="4124" type="partial gc" contextid="0" timestamp="2019-08-09T08:14:27.032" intervalms="147.473" />
<gc-start id="4125" type="partial gc" contextid="4124" timestamp="2019-08-09T08:14:27.032">
  <mem-info id="4126" free="92274688" total="331350016" percent="27">
    <mem type="eden" free="0" total="90177536" percent="0" />
    <remembered-set count="60192" freebytes="13005952" totalbytes="13246720" percent="98" regionsoverflowed="0" regionsstable="9" regionsrebuilding="0"/>
  </mem-info>
</gc-start>
<allocation-stats totalBytes="90163800" >
  <allocated-bytes non-tlh="0" tlh="90163800" arrayletleaf="0"/>
  <largest-consumer threadName="Thread-23" threadId="000000000243F600" bytes="11135392" />
</allocation-stats>
<gc-op id="4127" type="copy forward" timems="13.668" contextid="4124" timestamp="2019-08-09T08:14:27.048">
  <memory-copied type="eden" objects="12944" bytes="315440" bytesdiscarded="36184" />
  <memory-copied type="other" objects="83911" bytes="3387624" bytesdiscarded="326280" />
  <memory-cardclean objects="27992" bytes="1418592" />
  <regions eden="43" other="5" />
  <remembered-set-cleared processed="35978" cleared="6262" durationms="0.248" />
  <stringconstants candidates="15003" cleared="0"  />
</gc-op>
<gc-op id="4128" type="classunload" timems="0.011" contextid="4124" timestamp="2019-08-09T08:14:27.048">
  <classunload-info classloadercandidates="54" classloadersunloaded="0" classesunloaded="0" anonymousclassesunloaded="0" quiescems="0.000" setupms="0.010" scanms="0.000" postms="0.000" />
</gc-op>
<gc-end id="4129" type="partial gc" contextid="4124" durationms="16.482" usertimems="43.535" systemtimems="14.173" timestamp="2019-08-09T08:14:27.049" activeThreads="16">
  <mem-info id="4130" free="180355072" total="331350016" percent="54">
    <mem type="eden" free="1745528" total="2097152" percent="83" />
    <remembered-set count="62528" freebytes="12996608" totalbytes="13246720" percent="98" regionsoverflowed="0" regionsstable="9" regionsrebuilding="0"/>
  </mem-info>
</gc-end>
<cycle-end id="4131" type="partial gc" contextid="4124" timestamp="2019-08-09T08:14:27.049" />
  <attribute name="elasticGC enabled" value="1" />
  <attribute name= "numThreadsSpecified" value="16" />
  <attribute name="heapSize specified" value="0" />
  <attribute name="Current GC Util" value="138" />
  <attribute name= "Current Time Running" value="102122" />
  <attribute name ="GC Interval" value="0" />
  <attribute name="Target GC Util Change" value ="80.000000" />
  <attribute name="Current GC Util Change" value="138.000000"/>
  <attribute name="Current Error" value="115.000000" />
  <attribute name="Output H" value="331387928"/>
  <attribute name="Output I" value="2072"/>
  <attribute name="Output T" value="16"/>
  <attribute name= "Current Time Running" value="102122" />
  <attribute name="GC Util currently" value="138" />
  <attribute name="CPU Util currently" value="489331974113" />
<exclusive-end id="4132" timestamp="2019-08-09T08:14:27.049" durationms="17.555" />

<exclusive-start id="4133" timestamp="2019-08-09T08:14:27.134" intervalms="103.066">
  <response-info timems="5.943" idlems="5.943" threads="0" lastid="000000000246C900" lastname="Thread-22" />
</exclusive-start>
<allocation-taxation id="4134" taxation-threshold="90177536" timestamp="2019-08-09T08:14:27.135" intervalms="103.097" />
<cycle-start id="4135" type="partial gc" contextid="0" timestamp="2019-08-09T08:14:27.135" intervalms="103.303" />
<gc-start id="4136" type="partial gc" contextid="4135" timestamp="2019-08-09T08:14:27.135">
  <mem-info id="4137" free="90177536" total="331350016" percent="27">
    <mem type="eden" free="0" total="90177536" percent="0" />
    <remembered-set count="62336" freebytes="12997376" totalbytes="13246720" percent="98" regionsoverflowed="0" regionsstable="9" regionsrebuilding="0"/>
  </mem-info>
</gc-start>
<allocation-stats totalBytes="90164328" >
  <allocated-bytes non-tlh="0" tlh="90164328" arrayletleaf="0"/>
  <largest-consumer threadName="Thread-23" threadId="000000000243F600" bytes="8907432" />
</allocation-stats>
<gc-op id="4138" type="copy forward" timems="18.131" contextid="4135" timestamp="2019-08-09T08:14:27.155">
  <memory-copied type="eden" objects="40023" bytes="1652928" bytesdiscarded="107568" />
  <memory-copied type="other" objects="64022" bytes="2498160" bytesdiscarded="252696" />
  <memory-cardclean objects="28079" bytes="1429968" />
  <regions eden="43" other="5" />
  <remembered-set-cleared processed="37778" cleared="7664" durationms="0.266" />
  <stringconstants candidates="15003" cleared="0"  />
</gc-op>
<gc-op id="4139" type="classunload" timems="0.015" contextid="4135" timestamp="2019-08-09T08:14:27.155">
  <classunload-info classloadercandidates="54" classloadersunloaded="0" classesunloaded="0" anonymousclassesunloaded="0" quiescems="0.000" setupms="0.014" scanms="0.000" postms="0.000" />
</gc-op>
<gc-end id="4140" type="partial gc" contextid="4135" durationms="19.951" usertimems="31.494" systemtimems="23.621" timestamp="2019-08-09T08:14:27.155" activeThreads="16">
  <mem-info id="4141" free="178257920" total="331350016" percent="53">
    <mem type="eden" free="336656" total="2097152" percent="16" />
    <remembered-set count="62656" freebytes="12996096" totalbytes="13246720" percent="98" regionsoverflowed="0" regionsstable="9" regionsrebuilding="0"/>
  </mem-info>
</gc-end>
<cycle-end id="4142" type="partial gc" contextid="4135" timestamp="2019-08-09T08:14:27.155" />
  <attribute name="elasticGC enabled" value="1" />
  <attribute name= "numThreadsSpecified" value="16" />
  <attribute name="heapSize specified" value="0" />
  <attribute name="Current GC Util" value="88" />
  <attribute name= "Current Time Running" value="102224" />
  <attribute name ="GC Interval" value="0" />
  <attribute name="Target GC Util Change" value ="80.000000" />
  <attribute name="Current GC Util Change" value="88.000000"/>
  <attribute name="Current Error" value="-8.000000" />
  <attribute name="Output H" value="331387856"/>
  <attribute name="Output I" value="2000"/>
  <attribute name="Output T" value="16"/>
  <attribute name= "Current Time Running" value="102224" />
  <attribute name="GC Util currently" value="88" />
  <attribute name="CPU Util currently" value="997855654295" />
<exclusive-end id="4143" timestamp="2019-08-09T08:14:27.155" durationms="20.936" />

<exclusive-start id="4144" timestamp="2019-08-09T08:14:27.257" intervalms="122.598">
  <response-info timems="5.670" idlems="5.670" threads="0" lastid="0000000002459E00" lastname="Thread-30" />
</exclusive-start>
<allocation-taxation id="4145" taxation-threshold="90177536" timestamp="2019-08-09T08:14:27.257" intervalms="122.578" />
<cycle-start id="4146" type="partial gc" contextid="0" timestamp="2019-08-09T08:14:27.257" intervalms="122.199" />
<gc-start id="4147" type="partial gc" contextid="4146" timestamp="2019-08-09T08:14:27.257">
  <mem-info id="4148" free="88080384" total="331350016" percent="26">
    <mem type="eden" free="0" total="90177536" percent="0" />
    <remembered-set count="62304" freebytes="12997504" totalbytes="13246720" percent="98" regionsoverflowed="0" regionsstable="9" regionsrebuilding="0"/>
  </mem-info>
</gc-start>
<allocation-stats totalBytes="90163536" >
  <allocated-bytes non-tlh="0" tlh="90163536" arrayletleaf="0"/>
  <largest-consumer threadName="Thread-23" threadId="000000000243F600" bytes="9755304" />
</allocation-stats>
<gc-op id="4149" type="copy forward" timems="11.154" contextid="4146" timestamp="2019-08-09T08:14:27.270">
  <memory-copied type="eden" objects="33796" bytes="1366280" bytesdiscarded="190488" />
  <memory-copied type="other" objects="58979" bytes="2331672" bytesdiscarded="261584" />
  <memory-cardclean objects="33245" bytes="1739712" />
  <regions eden="43" other="5" />
  <remembered-set-cleared processed="39678" cleared="9693" durationms="0.677" />
  <stringconstants candidates="15003" cleared="0"  />
</gc-op>
<gc-op id="4150" type="classunload" timems="0.009" contextid="4146" timestamp="2019-08-09T08:14:27.270">
  <classunload-info classloadercandidates="54" classloadersunloaded="0" classesunloaded="0" anonymousclassesunloaded="0" quiescems="0.000" setupms="0.009" scanms="0.000" postms="0.000" />
</gc-op>
<heap-resize id="4151" type="expand" space="default" amount="56623104" count="1" timems="0.143" reason="excessive time being spent in gc" timestamp="2019-08-09T08:14:27.271" />
<gc-end id="4152" type="partial gc" contextid="4146" durationms="13.368" usertimems="30.229" systemtimems="13.386" timestamp="2019-08-09T08:14:27.271" activeThreads="16">
  <mem-info id="4153" free="232783872" total="387973120" percent="60">
    <mem type="eden" free="540384" total="2097152" percent="25" />
    <remembered-set count="62528" freebytes="15260288" totalbytes="15510400" percent="98" regionsoverflowed="0" regionsstable="9" regionsrebuilding="0"/>
  </mem-info>
</gc-end>
<cycle-end id="4154" type="partial gc" contextid="4146" timestamp="2019-08-09T08:14:27.271" />
  <attribute name="elasticGC enabled" value="1" />
  <attribute name= "numThreadsSpecified" value="16" />
  <attribute name="heapSize specified" value="0" />
  <attribute name="Current GC Util" value="165" />
  <attribute name= "Current Time Running" value="102346" />
  <attribute name ="GC Interval" value="0" />
  <attribute name="Target GC Util Change" value ="80.000000" />
  <attribute name="Current GC Util Change" value="165.000000"/>
  <attribute name="Current Error" value="-56.000000" />
  <attribute name="Output H" value="331387824"/>
  <attribute name="Output I" value="1968"/>
  <attribute name="Output T" value="16"/>
  <attribute name= "Current Time Running" value="102346" />
  <attribute name="GC Util currently" value="165" />
  <attribute name="CPU Util currently" value="734684121541" />
<exclusive-end id="4155" timestamp="2019-08-09T08:14:27.271" durationms="13.993" />

<exclusive-start id="4156" timestamp="2019-08-09T08:14:27.393" intervalms="135.986">
  <response-info timems="6.450" idlems="6.450" threads="0" lastid="000000000246C900" lastname="Thread-22" />
</exclusive-start>
<allocation-taxation id="4157" taxation-threshold="102760448" timestamp="2019-08-09T08:14:27.393" intervalms="135.956" />
<cycle-start id="4158" type="partial gc" contextid="0" timestamp="2019-08-09T08:14:27.393" intervalms="136.013" />
<gc-start id="4159" type="partial gc" contextid="4158" timestamp="2019-08-09T08:14:27.393">
  <mem-info id="4160" free="130023424" total="387973120" percent="33">
    <mem type="eden" free="0" total="102760448" percent="0" />
    <remembered-set count="62208" freebytes="15261568" totalbytes="15510400" percent="98" regionsoverflowed="0" regionsstable="9" regionsrebuilding="0"/>
  </mem-info>
</gc-start>
<allocation-stats totalBytes="102743008" >
  <allocated-bytes non-tlh="0" tlh="102743008" arrayletleaf="0"/>
  <largest-consumer threadName="Thread-30" threadId="0000000002459E00" bytes="10602736" />
</allocation-stats>
<gc-op id="4161" type="copy forward" timems="12.431" contextid="4158" timestamp="2019-08-09T08:14:27.408">
  <memory-copied type="eden" objects="35707" bytes="1412288" bytesdiscarded="84440" />
  <memory-copied type="other" objects="75688" bytes="3052896" bytesdiscarded="281608" />
  <memory-cardclean objects="24876" bytes="1245768" />
  <regions eden="49" other="5" />
  <remembered-set-cleared processed="38704" cleared="5645" durationms="0.482" />
  <stringconstants candidates="15003" cleared="0"  />
</gc-op>
<gc-op id="4162" type="classunload" timems="0.011" contextid="4158" timestamp="2019-08-09T08:14:27.408">
  <classunload-info classloadercandidates="54" classloadersunloaded="0" classesunloaded="0" anonymousclassesunloaded="0" quiescems="0.000" setupms="0.011" scanms="0.000" postms="0.000" />
</gc-op>
<heap-resize id="4163" type="expand" space="default" amount="10485760" count="1" timems="0.072" reason="excessive time being spent in gc" timestamp="2019-08-09T08:14:27.408" />
<gc-end id="4164" type="partial gc" contextid="4158" durationms="14.601" usertimems="31.864" systemtimems="16.307" timestamp="2019-08-09T08:14:27.408" activeThreads="16">
  <mem-info id="4165" free="239075328" total="398458880" percent="60">
    <mem type="eden" free="2697576" total="4194304" percent="64" />
    <remembered-set count="62720" freebytes="15678720" totalbytes="15929600" percent="98" regionsoverflowed="0" regionsstable="9" regionsrebuilding="0"/>
  </mem-info>
</gc-end>
<cycle-end id="4166" type="partial gc" contextid="4158" timestamp="2019-08-09T08:14:27.408" />
  <attribute name="elasticGC enabled" value="1" />
  <attribute name= "numThreadsSpecified" value="16" />
  <attribute name="heapSize specified" value="0" />
  <attribute name="Current GC Util" value="46" />
  <attribute name= "Current Time Running" value="102482" />
  <attribute name ="GC Interval" value="0" />
  <attribute name="Target GC Util Change" value ="80.000000" />
  <attribute name="Current GC Util Change" value="46.000000"/>
  <attribute name="Current Error" value="28.000000" />
  <attribute name="Output H" value="388010976"/>
  <attribute name="Output I" value="2016"/>
  <attribute name="Output T" value="16"/>
  <attribute name= "Current Time Running" value="102482" />
  <attribute name="GC Util currently" value="46" />
  <attribute name="CPU Util currently" value="780716957320" />
<exclusive-end id="4167" timestamp="2019-08-09T08:14:27.408" durationms="15.345" />

<exclusive-start id="4168" timestamp="2019-08-09T08:14:27.470" intervalms="76.805">
  <response-info timems="3.926" idlems="3.926" threads="0" lastid="0000000002443200" lastname="Thread-35" />
</exclusive-start>
<allocation-taxation id="4169" taxation-threshold="106954752" timestamp="2019-08-09T08:14:27.470" intervalms="76.815" />
<cycle-start id="4170" type="partial gc" contextid="0" timestamp="2019-08-09T08:14:27.470" intervalms="76.769" />
<gc-start id="4171" type="partial gc" contextid="4170" timestamp="2019-08-09T08:14:27.470">
  <mem-info id="4172" free="132120576" total="398458880" percent="33">
    <mem type="eden" free="0" total="106954752" percent="0" />
    <remembered-set count="62560" freebytes="15679360" totalbytes="15929600" percent="98" regionsoverflowed="0" regionsstable="9" regionsrebuilding="0"/>
  </mem-info>
</gc-start>
<allocation-stats totalBytes="106935880" >
  <allocated-bytes non-tlh="0" tlh="106935880" arrayletleaf="0"/>
  <largest-consumer threadName="Thread-23" threadId="000000000243F600" bytes="10729752" />
</allocation-stats>
<gc-op id="4173" type="copy forward" timems="26.364" contextid="4170" timestamp="2019-08-09T08:14:27.499">
  <memory-copied type="eden" objects="41520" bytes="1689544" bytesdiscarded="177584" />
  <memory-copied type="other" objects="63259" bytes="2479848" bytesdiscarded="264928" />
  <memory-cardclean objects="29164" bytes="1466424" />
  <regions eden="51" other="6" />
  <remembered-set-cleared processed="39707" cleared="6596" durationms="0.285" />
  <stringconstants candidates="15003" cleared="0"  />
</gc-op>
<gc-op id="4174" type="classunload" timems="0.010" contextid="4170" timestamp="2019-08-09T08:14:27.499">
  <classunload-info classloadercandidates="54" classloadersunloaded="0" classesunloaded="0" anonymousclassesunloaded="0" quiescems="0.000" setupms="0.010" scanms="0.000" postms="0.000" />
</gc-op>
<gc-end id="4175" type="partial gc" contextid="4170" durationms="28.603" usertimems="57.138" systemtimems="21.111" timestamp="2019-08-09T08:14:27.499" activeThreads="16">
  <mem-info id="4176" free="239075328" total="398458880" percent="60">
    <mem type="eden" free="230024" total="2097152" percent="10" />
    <remembered-set count="62880" freebytes="15678080" totalbytes="15929600" percent="98" regionsoverflowed="0" regionsstable="9" regionsrebuilding="0"/>
  </mem-info>
</gc-end>
<cycle-end id="4177" type="partial gc" contextid="4170" timestamp="2019-08-09T08:14:27.499" />
  <attribute name="elasticGC enabled" value="1" />
  <attribute name= "numThreadsSpecified" value="16" />
  <attribute name="heapSize specified" value="0" />
  <attribute name="Current GC Util" value="37" />
  <attribute name= "Current Time Running" value="102559" />
  <attribute name ="GC Interval" value="0" />
  <attribute name="Target GC Util Change" value ="80.000000" />
  <attribute name="Current GC Util Change" value="37.000000"/>
  <attribute name="Current Error" value="43.000000" />
  <attribute name="Output H" value="398496744"/>
  <attribute name="Output I" value="2024"/>
  <attribute name="Output T" value="16"/>
  <attribute name= "Current Time Running" value="102559" />
  <attribute name="GC Util currently" value="37" />
  <attribute name="CPU Util currently" value="661965467625" />
<exclusive-end id="4178" timestamp="2019-08-09T08:14:27.499" durationms="29.282" />

<exclusive-start id="4179" timestamp="2019-08-09T08:14:27.591" intervalms="121.494">
  <response-info timems="2.178" idlems="2.178" threads="0" lastid="000000000245DA00" lastname="Thread-21" />
</exclusive-start>
<allocation-taxation id="4180" taxation-threshold="106954752" timestamp="2019-08-09T08:14:27.591" intervalms="121.465" />
<cycle-start id="4181" type="partial gc" contextid="0" timestamp="2019-08-09T08:14:27.591" intervalms="121.475" />
<gc-start id="4182" type="partial gc" contextid="4181" timestamp="2019-08-09T08:14:27.592">
  <mem-info id="4183" free="132120576" total="398458880" percent="33">
    <mem type="eden" free="0" total="106954752" percent="0" />
    <remembered-set count="62752" freebytes="15678592" totalbytes="15929600" percent="98" regionsoverflowed="0" regionsstable="9" regionsrebuilding="0"/>
  </mem-info>
</gc-start>
<allocation-stats totalBytes="106936480" >
  <allocated-bytes non-tlh="0" tlh="106936480" arrayletleaf="0"/>
  <largest-consumer threadName="Thread-22" threadId="000000000246C900" bytes="12441424" />
</allocation-stats>
<gc-op id="4184" type="copy forward" timems="7.225" contextid="4181" timestamp="2019-08-09T08:14:27.601">
  <memory-copied type="eden" objects="43530" bytes="1874832" bytesdiscarded="167912" />
  <memory-copied type="other" objects="65782" bytes="2677776" bytesdiscarded="309832" />
  <memory-cardclean objects="24074" bytes="1184376" />
  <regions eden="51" other="5" />
  <remembered-set-cleared processed="39964" cleared="6110" durationms="0.283" />
  <stringconstants candidates="15003" cleared="0"  />
</gc-op>
<gc-op id="4185" type="classunload" timems="0.010" contextid="4181" timestamp="2019-08-09T08:14:27.601">
  <classunload-info classloadercandidates="54" classloadersunloaded="0" classesunloaded="0" anonymousclassesunloaded="0" quiescems="0.000" setupms="0.010" scanms="0.000" postms="0.000" />
</gc-op>
<heap-resize id="4186" type="expand" space="default" amount="10485760" count="1" timems="0.086" reason="excessive time being spent in gc" timestamp="2019-08-09T08:14:27.601" />
<gc-end id="4187" type="partial gc" contextid="4181" durationms="9.122" usertimems="27.050" systemtimems="0.059" timestamp="2019-08-09T08:14:27.601" activeThreads="8">
  <mem-info id="4188" free="245366784" total="408944640" percent="60">
    <mem type="eden" free="2151560" total="4194304" percent="51" />
    <remembered-set count="65632" freebytes="16086272" totalbytes="16348800" percent="98" regionsoverflowed="0" regionsstable="9" regionsrebuilding="0"/>
  </mem-info>
</gc-end>
<cycle-end id="4189" type="partial gc" contextid="4181" timestamp="2019-08-09T08:14:27.601" />
  <attribute name="elasticGC enabled" value="1" />
  <attribute name= "numThreadsSpecified" value="8" />
  <attribute name="heapSize specified" value="0" />
  <attribute name="Current GC Util" value="152" />
  <attribute name= "Current Time Running" value="102681" />
  <attribute name ="GC Interval" value="0" />
  <attribute name="Target GC Util Change" value ="80.000000" />
  <attribute name="Current GC Util Change" value="152.000000"/>
  <attribute name="Current Error" value="-13.000000" />
  <attribute name="Output H" value="398496720"/>
  <attribute name="Output I" value="2000"/>
  <attribute name="Output T" value="8"/>
  <attribute name= "Current Time Running" value="102681" />
  <attribute name="GC Util currently" value="152" />
  <attribute name="CPU Util currently" value="909753429579" />
<exclusive-end id="4190" timestamp="2019-08-09T08:14:27.601" durationms="9.931" />

<exclusive-start id="4191" timestamp="2019-08-09T08:14:27.728" intervalms="136.256">
  <response-info timems="3.468" idlems="3.443" threads="1" lastid="000000000246C900" lastname="Thread-22" />
</exclusive-start>
<allocation-taxation id="4192" taxation-threshold="109051904" timestamp="2019-08-09T08:14:27.728" intervalms="136.267" />
<cycle-start id="4193" type="partial gc" contextid="0" timestamp="2019-08-09T08:14:27.728" intervalms="136.222" />
<gc-start id="4194" type="partial gc" contextid="4193" timestamp="2019-08-09T08:14:27.728">
  <mem-info id="4195" free="136314880" total="408944640" percent="33">
    <mem type="eden" free="0" total="109051904" percent="0" />
    <remembered-set count="65536" freebytes="16086656" totalbytes="16348800" percent="98" regionsoverflowed="0" regionsstable="9" regionsrebuilding="0"/>
  </mem-info>
</gc-start>
<allocation-stats totalBytes="109032696" >
  <allocated-bytes non-tlh="0" tlh="109032696" arrayletleaf="0"/>
  <largest-consumer threadName="Thread-30" threadId="0000000002459E00" bytes="13244512" />
</allocation-stats>
<gc-op id="4196" type="copy forward" timems="10.588" contextid="4193" timestamp="2019-08-09T08:14:27.740">
  <memory-copied type="eden" objects="17151" bytes="555904" bytesdiscarded="106312" />
  <memory-copied type="other" objects="74660" bytes="3165600" bytesdiscarded="287848" />
  <memory-cardclean objects="24716" bytes="1283904" />
  <regions eden="52" other="6" />
  <remembered-set-cleared processed="40572" cleared="5588" durationms="0.636" />
  <stringconstants candidates="15003" cleared="0"  />
</gc-op>
<gc-op id="4197" type="classunload" timems="0.010" contextid="4193" timestamp="2019-08-09T08:14:27.740">
  <classunload-info classloadercandidates="54" classloadersunloaded="0" classesunloaded="0" anonymousclassesunloaded="0" quiescems="0.000" setupms="0.010" scanms="0.000" postms="0.000" />
</gc-op>
<gc-end id="4198" type="partial gc" contextid="4193" durationms="12.314" usertimems="26.339" systemtimems="9.473" timestamp="2019-08-09T08:14:27.740" activeThreads="16">
  <mem-info id="4199" free="245366784" total="408944640" percent="60">
    <mem type="eden" free="1434936" total="2097152" percent="68" />
    <remembered-set count="64160" freebytes="16092160" totalbytes="16348800" percent="98" regionsoverflowed="0" regionsstable="9" regionsrebuilding="0"/>
  </mem-info>
</gc-end>
<cycle-end id="4200" type="partial gc" contextid="4193" timestamp="2019-08-09T08:14:27.740" />
  <attribute name="elasticGC enabled" value="1" />
  <attribute name= "numThreadsSpecified" value="16" />
  <attribute name="heapSize specified" value="0" />
  <attribute name="Current GC Util" value="127" />
  <attribute name= "Current Time Running" value="102817" />
  <attribute name ="GC Interval" value="0" />
  <attribute name="Target GC Util Change" value ="80.000000" />
  <attribute name="Current GC Util Change" value="127.000000"/>
  <attribute name="Current Error" value="2.000000" />
  <attribute name="Output H" value="408982488"/>
  <attribute name="Output I" value="2008"/>
  <attribute name="Output T" value="16"/>
  <attribute name= "Current Time Running" value="102817" />
  <attribute name="GC Util currently" value="127" />
  <attribute name="CPU Util currently" value="958591052435" />
<exclusive-end id="4201" timestamp="2019-08-09T08:14:27.741" durationms="12.956" />

<exclusive-start id="4202" timestamp="2019-08-09T08:14:27.846" intervalms="118.630">
  <response-info timems="5.192" idlems="4.179" threads="5" lastid="0000000002421700" lastname="Thread-34" />
</exclusive-start>
<allocation-taxation id="4203" taxation-threshold="109051904" timestamp="2019-08-09T08:14:27.846" intervalms="118.629" />
<cycle-start id="4204" type="partial gc" contextid="0" timestamp="2019-08-09T08:14:27.847" intervalms="118.794" />
<gc-start id="4205" type="partial gc" contextid="4204" timestamp="2019-08-09T08:14:27.847">
  <mem-info id="4206" free="136314880" total="408944640" percent="33">
    <mem type="eden" free="0" total="109051904" percent="0" />
    <remembered-set count="63904" freebytes="16093184" totalbytes="16348800" percent="98" regionsoverflowed="0" regionsstable="9" regionsrebuilding="0"/>
  </mem-info>
</gc-start>
<allocation-stats totalBytes="109032336" >
  <allocated-bytes non-tlh="0" tlh="109032336" arrayletleaf="0"/>
  <largest-consumer threadName="Thread-29" threadId="0000000002425300" bytes="11028576" />
</allocation-stats>
<gc-op id="4207" type="copy forward" timems="12.502" contextid="4204" timestamp="2019-08-09T08:14:27.861">
  <memory-copied type="eden" objects="26616" bytes="1057496" bytesdiscarded="83232" />
  <memory-copied type="other" objects="77941" bytes="3244344" bytesdiscarded="274448" />
  <memory-cardclean objects="20752" bytes="1059360" />
  <regions eden="52" other="5" />
  <remembered-set-cleared processed="40702" cleared="6663" durationms="0.326" />
  <stringconstants candidates="15003" cleared="0"  />
</gc-op>
<gc-op id="4208" type="classunload" timems="0.013" contextid="4204" timestamp="2019-08-09T08:14:27.861">
  <classunload-info classloadercandidates="54" classloadersunloaded="0" classesunloaded="0" anonymousclassesunloaded="0" quiescems="0.000" setupms="0.013" scanms="0.000" postms="0.000" />
</gc-op>
<heap-resize id="4209" type="expand" space="default" amount="10485760" count="1" timems="0.085" reason="excessive time being spent in gc" timestamp="2019-08-09T08:14:27.861" />
<gc-end id="4210" type="partial gc" contextid="4204" durationms="14.074" usertimems="32.069" systemtimems="10.132" timestamp="2019-08-09T08:14:27.861" activeThreads="16">
  <mem-info id="4211" free="251658240" total="419430400" percent="60">
    <mem type="eden" free="3053576" total="4194304" percent="72" />
    <remembered-set count="65792" freebytes="16504832" totalbytes="16768000" percent="98" regionsoverflowed="0" regionsstable="9" regionsrebuilding="0"/>
  </mem-info>
</gc-end>
<cycle-end id="4212" type="partial gc" contextid="4204" timestamp="2019-08-09T08:14:27.862" />
  <attribute name="elasticGC enabled" value="1" />
  <attribute name= "numThreadsSpecified" value="16" />
  <attribute name="heapSize specified" value="0" />
  <attribute name="Current GC Util" value="104" />
  <attribute name= "Current Time Running" value="102936" />
  <attribute name ="GC Interval" value="0" />
  <attribute name="Target GC Util Change" value ="80.000000" />
  <attribute name="Current GC Util Change" value="104.000000"/>
  <attribute name="Current Error" value="-24.000000" />
  <attribute name="Output H" value="408982472"/>
  <attribute name="Output I" value="1992"/>
  <attribute name="Output T" value="16"/>
  <attribute name= "Current Time Running" value="102936" />
  <attribute name="GC Util currently" value="104" />
  <attribute name="CPU Util currently" value="1340977413888" />
<exclusive-end id="4213" timestamp="2019-08-09T08:14:27.862" durationms="15.659" />

<exclusive-start id="4214" timestamp="2019-08-09T08:14:27.928" intervalms="82.129">
  <response-info timems="0.442" idlems="0.242" threads="2" lastid="0000000002437E00" lastname="Thread-31" />
</exclusive-start>
<allocation-taxation id="4215" taxation-threshold="111149056" timestamp="2019-08-09T08:14:27.928" intervalms="82.125" />
<cycle-start id="4216" type="partial gc" contextid="0" timestamp="2019-08-09T08:14:27.929" intervalms="82.077" />
<gc-start id="4217" type="partial gc" contextid="4216" timestamp="2019-08-09T08:14:27.929">
  <mem-info id="4218" free="140509184" total="419430400" percent="33">
    <mem type="eden" free="0" total="111149056" percent="0" />
    <remembered-set count="65696" freebytes="16505216" totalbytes="16768000" percent="98" regionsoverflowed="0" regionsstable="9" regionsrebuilding="0"/>
  </mem-info>
</gc-start>
<allocation-stats totalBytes="111130592" >
  <allocated-bytes non-tlh="0" tlh="111130592" arrayletleaf="0"/>
  <largest-consumer threadName="Thread-24" threadId="0000000002434200" bytes="13412568" />
</allocation-stats>
<gc-op id="4219" type="copy forward" timems="12.326" contextid="4216" timestamp="2019-08-09T08:14:27.943">
  <memory-copied type="eden" objects="17879" bytes="574512" bytesdiscarded="43384" />
  <memory-copied type="other" objects="84345" bytes="3535416" bytesdiscarded="269416" />
  <memory-cardclean objects="26893" bytes="1364520" />
  <regions eden="53" other="6" />
  <remembered-set-cleared processed="41327" cleared="9482" durationms="0.244" />
  <stringconstants candidates="15003" cleared="0"  />
</gc-op>
<gc-op id="4220" type="classunload" timems="0.010" contextid="4216" timestamp="2019-08-09T08:14:27.943">
  <classunload-info classloadercandidates="54" classloadersunloaded="0" classesunloaded="0" anonymousclassesunloaded="0" quiescems="0.000" setupms="0.010" scanms="0.000" postms="0.000" />
</gc-op>
<gc-end id="4221" type="partial gc" contextid="4216" durationms="14.218" usertimems="21.363" systemtimems="16.938" timestamp="2019-08-09T08:14:27.943" activeThreads="16">
  <mem-info id="4222" free="249561088" total="419430400" percent="59">
    <mem type="eden" free="3576408" total="4194304" percent="85" />
    <remembered-set count="63616" freebytes="16513536" totalbytes="16768000" percent="98" regionsoverflowed="0" regionsstable="9" regionsrebuilding="0"/>
  </mem-info>
</gc-end>
<cycle-end id="4223" type="partial gc" contextid="4216" timestamp="2019-08-09T08:14:27.943" />
  <attribute name="elasticGC enabled" value="1" />
  <attribute name= "numThreadsSpecified" value="16" />
  <attribute name="heapSize specified" value="0" />
  <attribute name="Current GC Util" value="108" />
  <attribute name= "Current Time Running" value="103018" />
  <attribute name ="GC Interval" value="0" />
  <attribute name="Target GC Util Change" value ="80.000000" />
  <attribute name="Current GC Util Change" value="108.000000"/>
  <attribute name="Current Error" value="-23.000000" />
  <attribute name="Output H" value="419468232"/>
  <attribute name="Output I" value="1992"/>
  <attribute name="Output T" value="16"/>
  <attribute name= "Current Time Running" value="103018" />
  <attribute name="GC Util currently" value="108" />
  <attribute name="CPU Util currently" value="1021236997208" />
<exclusive-end id="4224" timestamp="2019-08-09T08:14:27.943" durationms="15.115" />

<exclusive-start id="4225" timestamp="2019-08-09T08:14:28.024" intervalms="96.001">
  <response-info timems="0.857" idlems="0.431" threads="1" lastid="000000000246C900" lastname="Thread-22" />
</exclusive-start>
<allocation-taxation id="4226" taxation-threshold="111149056" timestamp="2019-08-09T08:14:28.024" intervalms="96.008" />
<cycle-start id="4227" type="partial gc" contextid="0" timestamp="2019-08-09T08:14:28.025" intervalms="95.931" />
<gc-start id="4228" type="partial gc" contextid="4227" timestamp="2019-08-09T08:14:28.025">
  <mem-info id="4229" free="138412032" total="419430400" percent="33">
    <mem type="eden" free="0" total="111149056" percent="0" />
    <remembered-set count="63456" freebytes="16514176" totalbytes="16768000" percent="98" regionsoverflowed="0" regionsstable="9" regionsrebuilding="0"/>
  </mem-info>
</gc-start>
<allocation-stats totalBytes="111130888" >
  <allocated-bytes non-tlh="0" tlh="111130888" arrayletleaf="0"/>
  <largest-consumer threadName="Thread-30" threadId="0000000002459E00" bytes="11237696" />
</allocation-stats>
<gc-op id="4230" type="copy forward" timems="14.679" contextid="4227" timestamp="2019-08-09T08:14:28.041">
  <memory-copied type="eden" objects="20027" bytes="762728" bytesdiscarded="55336" />
  <memory-copied type="other" objects="94656" bytes="3920256" bytesdiscarded="276312" />
  <memory-cardclean objects="17142" bytes="859560" />
  <regions eden="53" other="6" />
  <remembered-set-cleared processed="39178" cleared="4978" durationms="0.545" />
  <stringconstants candidates="15003" cleared="0"  />
</gc-op>
<gc-op id="4231" type="classunload" timems="0.010" contextid="4227" timestamp="2019-08-09T08:14:28.041">
  <classunload-info classloadercandidates="54" classloadersunloaded="0" classesunloaded="0" anonymousclassesunloaded="0" quiescems="0.000" setupms="0.009" scanms="0.000" postms="0.000" />
</gc-op>
<heap-resize id="4232" type="expand" space="default" amount="6291456" count="1" timems="0.068" reason="excessive time being spent in gc" timestamp="2019-08-09T08:14:28.041" />
<gc-end id="4233" type="partial gc" contextid="4227" durationms="16.414" usertimems="47.436" systemtimems="4.665" timestamp="2019-08-09T08:14:28.041" activeThreads="16">
  <mem-info id="4234" free="255852544" total="425721856" percent="60">
    <mem type="eden" free="1279088" total="2097152" percent="60" />
    <remembered-set count="65824" freebytes="16756224" totalbytes="17019520" percent="98" regionsoverflowed="0" regionsstable="9" regionsrebuilding="0"/>
  </mem-info>
</gc-end>
<cycle-end id="4235" type="partial gc" contextid="4227" timestamp="2019-08-09T08:14:28.041" />
  <attribute name="elasticGC enabled" value="1" />
  <attribute name= "numThreadsSpecified" value="16" />
  <attribute name="heapSize specified" value="0" />
  <attribute name="Current GC Util" value="126" />
  <attribute name= "Current Time Running" value="103113" />
  <attribute name ="GC Interval" value="0" />
  <attribute name="Target GC Util Change" value ="80.000000" />
  <attribute name="Current GC Util Change" value="126.000000"/>
  <attribute name="Current Error" value="-28.000000" />
  <attribute name="Output H" value="419468224"/>
  <attribute name="Output I" value="1984"/>
  <attribute name="Output T" value="16"/>
  <attribute name= "Current Time Running" value="103113" />
  <attribute name="GC Util currently" value="126" />
  <attribute name="CPU Util currently" value="988055474403" />
<exclusive-end id="4236" timestamp="2019-08-09T08:14:28.041" durationms="17.026" />

<exclusive-start id="4237" timestamp="2019-08-09T08:14:28.116" intervalms="92.044">
  <response-info timems="12.002" idlems="12.002" threads="0" lastid="000000000243F600" lastname="Thread-23" />
</exclusive-start>
<allocation-taxation id="4238" taxation-threshold="113246208" timestamp="2019-08-09T08:14:28.118" intervalms="93.136" />
<cycle-start id="4239" type="partial gc" contextid="0" timestamp="2019-08-09T08:14:28.118" intervalms="93.259" />
<gc-start id="4240" type="partial gc" contextid="4239" timestamp="2019-08-09T08:14:28.118">
  <mem-info id="4241" free="142606336" total="425721856" percent="33">
    <mem type="eden" free="0" total="113246208" percent="0" />
    <remembered-set count="65536" freebytes="16757376" totalbytes="17019520" percent="98" regionsoverflowed="0" regionsstable="9" regionsrebuilding="0"/>
  </mem-info>
</gc-start>
<allocation-stats totalBytes="113228472" >
  <allocated-bytes non-tlh="0" tlh="113228472" arrayletleaf="0"/>
  <largest-consumer threadName="Thread-33" threadId="000000000241DB00" bytes="13666216" />
</allocation-stats>
<gc-op id="4242" type="copy forward" timems="23.058" contextid="4239" timestamp="2019-08-09T08:14:28.144">
  <memory-copied type="eden" objects="25308" bytes="1026136" bytesdiscarded="48520" />
  <memory-copied type="other" objects="58969" bytes="2514264" bytesdiscarded="204248" />
  <memory-cardclean objects="25735" bytes="1343616" />
  <regions eden="54" other="5" />
  <remembered-set-cleared processed="42029" cleared="10518" durationms="0.300" />
  <stringconstants candidates="15003" cleared="0"  />
</gc-op>
<gc-op id="4243" type="classunload" timems="0.013" contextid="4239" timestamp="2019-08-09T08:14:28.144">
  <classunload-info classloadercandidates="54" classloadersunloaded="0" classesunloaded="0" anonymousclassesunloaded="0" quiescems="0.000" setupms="0.012" scanms="0.000" postms="0.000" />
</gc-op>
<heap-resize id="4244" type="expand" space="default" amount="10485760" count="1" timems="0.088" reason="excessive time being spent in gc" timestamp="2019-08-09T08:14:28.144" />
<gc-end id="4245" type="partial gc" contextid="4239" durationms="26.354" usertimems="41.109" systemtimems="28.334" timestamp="2019-08-09T08:14:28.144" activeThreads="16">
  <mem-info id="4246" free="262144000" total="436207616" percent="60">
    <mem type="eden" free="3119648" total="4194304" percent="74" />
    <remembered-set count="64544" freebytes="17180544" totalbytes="17438720" percent="98" regionsoverflowed="0" regionsstable="9" regionsrebuilding="0"/>
  </mem-info>
</gc-end>
<cycle-end id="4247" type="partial gc" contextid="4239" timestamp="2019-08-09T08:14:28.145" />
  <attribute name="elasticGC enabled" value="1" />
  <attribute name= "numThreadsSpecified" value="16" />
  <attribute name="heapSize specified" value="0" />
  <attribute name="Current GC Util" value="49" />
  <attribute name= "Current Time Running" value="103208" />
  <attribute name ="GC Interval" value="0" />
  <attribute name="Target GC Util Change" value ="80.000000" />
  <attribute name="Current GC Util Change" value="49.000000"/>
  <attribute name="Current Error" value="31.000000" />
  <attribute name="Output H" value="425759720"/>
  <attribute name="Output I" value="2024"/>
  <attribute name="Output T" value="16"/>
  <attribute name= "Current Time Running" value="103208" />
  <attribute name="GC Util currently" value="49" />
  <attribute name="CPU Util currently" value="437545654167" />
<exclusive-end id="4248" timestamp="2019-08-09T08:14:28.145" durationms="28.297" />

<exclusive-start id="4249" timestamp="2019-08-09T08:14:28.195" intervalms="78.724">
  <response-info timems="0.369" idlems="0.159" threads="2" lastid="0000000002421700" lastname="Thread-34" />
</exclusive-start>
<allocation-taxation id="4250" taxation-threshold="115343360" timestamp="2019-08-09T08:14:28.195" intervalms="77.624" />
<cycle-start id="4251" type="partial gc" contextid="0" timestamp="2019-08-09T08:14:28.195" intervalms="77.471" />
<gc-start id="4252" type="partial gc" contextid="4251" timestamp="2019-08-09T08:14:28.195">
  <mem-info id="4253" free="146800640" total="436207616" percent="33">
    <mem type="eden" free="0" total="115343360" percent="0" />
    <remembered-set count="64224" freebytes="17181824" totalbytes="17438720" percent="98" regionsoverflowed="0" regionsstable="9" regionsrebuilding="0"/>
  </mem-info>
</gc-start>
<allocation-stats totalBytes="115325696" >
  <allocated-bytes non-tlh="0" tlh="115325696" arrayletleaf="0"/>
  <largest-consumer threadName="Thread-26" threadId="000000000242CB00" bytes="11081848" />
</allocation-stats>
<gc-op id="4254" type="copy forward" timems="12.679" contextid="4251" timestamp="2019-08-09T08:14:28.209">
  <memory-copied type="eden" objects="20928" bytes="783728" bytesdiscarded="118144" />
  <memory-copied type="other" objects="74509" bytes="3299352" bytesdiscarded="260200" />
  <memory-cardclean objects="15417" bytes="758472" />
  <regions eden="55" other="6" />
  <remembered-set-cleared processed="40537" cleared="8041" durationms="0.611" />
  <stringconstants candidates="15003" cleared="0"  />
</gc-op>
<gc-op id="4255" type="classunload" timems="0.010" contextid="4251" timestamp="2019-08-09T08:14:28.209">
  <classunload-info classloadercandidates="54" classloadersunloaded="0" classesunloaded="0" anonymousclassesunloaded="0" quiescems="0.000" setupms="0.010" scanms="0.000" postms="0.000" />
</gc-op>
<gc-end id="4256" type="partial gc" contextid="4251" durationms="13.700" usertimems="30.026" systemtimems="10.133" timestamp="2019-08-09T08:14:28.209" activeThreads="16">
  <mem-info id="4257" free="262144000" total="436207616" percent="60">
    <mem type="eden" free="1195280" total="2097152" percent="56" />
    <remembered-set count="62880" freebytes="17187200" totalbytes="17438720" percent="98" regionsoverflowed="0" regionsstable="9" regionsrebuilding="0"/>
  </mem-info>
</gc-end>
<cycle-end id="4258" type="partial gc" contextid="4251" timestamp="2019-08-09T08:14:28.209" />
  <attribute name="elasticGC enabled" value="1" />
  <attribute name= "numThreadsSpecified" value="16" />
  <attribute name="heapSize specified" value="0" />
  <attribute name="Current GC Util" value="142" />
  <attribute name= "Current Time Running" value="103283" />
  <attribute name ="GC Interval" value="0" />
  <attribute name="Target GC Util Change" value ="80.000000" />
  <attribute name="Current GC Util Change" value="142.000000"/>
  <attribute name="Current Error" value="-42.000000" />
  <attribute name="Output H" value="436245432"/>
  <attribute name="Output I" value="1976"/>
  <attribute name="Output T" value="16"/>
  <attribute name= "Current Time Running" value="103283" />
  <attribute name="GC Util currently" value="142" />
  <attribute name="CPU Util currently" value="2370052301036" />
<exclusive-end id="4259" timestamp="2019-08-09T08:14:28.209" durationms="14.211" />

<exclusive-start id="4260" timestamp="2019-08-09T08:14:28.280" intervalms="84.561">
  <response-info timems="0.565" idlems="0.565" threads="0" lastid="0000000002434200" lastname="Thread-24" />
</exclusive-start>
<allocation-taxation id="4261" taxation-threshold="115343360" timestamp="2019-08-09T08:14:28.280" intervalms="84.828" />
<cycle-start id="4262" type="partial gc" contextid="0" timestamp="2019-08-09T08:14:28.280" intervalms="85.072" />
<gc-start id="4263" type="partial gc" contextid="4262" timestamp="2019-08-09T08:14:28.281">
  <mem-info id="4264" free="146800640" total="436207616" percent="33">
    <mem type="eden" free="0" total="115343360" percent="0" />
    <remembered-set count="62688" freebytes="17187968" totalbytes="17438720" percent="98" regionsoverflowed="0" regionsstable="9" regionsrebuilding="0"/>
  </mem-info>
</gc-start>
<allocation-stats totalBytes="115325648" >
  <allocated-bytes non-tlh="0" tlh="115325648" arrayletleaf="0"/>
  <largest-consumer threadName="Thread-27" threadId="0000000002461500" bytes="10189424" />
</allocation-stats>
<gc-op id="4265" type="copy forward" timems="10.423" contextid="4262" timestamp="2019-08-09T08:14:28.294">
  <memory-copied type="eden" objects="24733" bytes="1012976" bytesdiscarded="88928" />
  <memory-copied type="other" objects="58496" bytes="2640288" bytesdiscarded="260816" />
  <memory-cardclean objects="12688" bytes="652104" />
  <regions eden="55" other="5" />
  <remembered-set-cleared processed="40258" cleared="6907" durationms="0.551" />
  <stringconstants candidates="15003" cleared="0"  />
</gc-op>
<gc-op id="4266" type="classunload" timems="0.011" contextid="4262" timestamp="2019-08-09T08:14:28.294">
  <classunload-info classloadercandidates="54" classloadersunloaded="0" classesunloaded="0" anonymousclassesunloaded="0" quiescems="0.000" setupms="0.011" scanms="0.000" postms="0.000" />
</gc-op>
<heap-resize id="4267" type="expand" space="default" amount="10485760" count="1" timems="0.094" reason="excessive time being spent in gc" timestamp="2019-08-09T08:14:28.294" />
<gc-end id="4268" type="partial gc" contextid="4262" durationms="13.382" usertimems="35.103" systemtimems="2.751" timestamp="2019-08-09T08:14:28.294" activeThreads="16">
  <mem-info id="4269" free="268435456" total="446693376" percent="60">
    <mem type="eden" free="3092400" total="4194304" percent="73" />
    <remembered-set count="61568" freebytes="17611648" totalbytes="17857920" percent="98" regionsoverflowed="0" regionsstable="9" regionsrebuilding="0"/>
  </mem-info>
</gc-end>
<cycle-end id="4270" type="partial gc" contextid="4262" timestamp="2019-08-09T08:14:28.294" />
  <attribute name="elasticGC enabled" value="1" />
  <attribute name= "numThreadsSpecified" value="16" />
  <attribute name="heapSize specified" value="0" />
  <attribute name="Current GC Util" value="57" />
  <attribute name= "Current Time Running" value="103370" />
  <attribute name ="GC Interval" value="0" />
  <attribute name="Target GC Util Change" value ="80.000000" />
  <attribute name="Current GC Util Change" value="57.000000"/>
  <attribute name="Current Error" value="15.000000" />
  <attribute name="Output H" value="436245464"/>
  <attribute name="Output I" value="2008"/>
  <attribute name="Output T" value="16"/>
  <attribute name= "Current Time Running" value="103370" />
  <attribute name="GC Util currently" value="57" />
  <attribute name="CPU Util currently" value="545271198380" />
<exclusive-end id="4271" timestamp="2019-08-09T08:14:28.295" durationms="14.811" />

<exclusive-start id="4272" timestamp="2019-08-09T08:14:28.390" intervalms="110.271">
  <response-info timems="3.368" idlems="3.368" threads="0" lastid="000000000245DA00" lastname="Thread-21" />
</exclusive-start>
<allocation-taxation id="4273" taxation-threshold="117440512" timestamp="2019-08-09T08:14:28.390" intervalms="110.016" />
<cycle-start id="4274" type="partial gc" contextid="0" timestamp="2019-08-09T08:14:28.390" intervalms="109.777" />
<gc-start id="4275" type="partial gc" contextid="4274" timestamp="2019-08-09T08:14:28.390">
  <mem-info id="4276" free="150994944" total="446693376" percent="33">
    <mem type="eden" free="0" total="117440512" percent="0" />
    <remembered-set count="61408" freebytes="17612288" totalbytes="17857920" percent="98" regionsoverflowed="0" regionsstable="9" regionsrebuilding="0"/>
  </mem-info>
</gc-start>
<allocation-stats totalBytes="117422464" >
  <allocated-bytes non-tlh="0" tlh="117422464" arrayletleaf="0"/>
  <largest-consumer threadName="Thread-27" threadId="0000000002461500" bytes="11618680" />
</allocation-stats>
<gc-op id="4277" type="copy forward" timems="11.110" contextid="4274" timestamp="2019-08-09T08:14:28.405">
  <memory-copied type="eden" objects="10503" bytes="258520" bytesdiscarded="62464" />
  <memory-copied type="other" objects="78217" bytes="3388344" bytesdiscarded="289728" />
  <memory-cardclean objects="20385" bytes="1025208" />
  <regions eden="56" other="7" />
  <remembered-set-cleared processed="38735" cleared="7294" durationms="0.237" />
  <stringconstants candidates="15003" cleared="0"  />
</gc-op>
<gc-op id="4278" type="classunload" timems="0.009" contextid="4274" timestamp="2019-08-09T08:14:28.405">
  <classunload-info classloadercandidates="54" classloadersunloaded="0" classesunloaded="0" anonymousclassesunloaded="0" quiescems="0.000" setupms="0.009" scanms="0.000" postms="0.000" />
</gc-op>
<gc-end id="4279" type="partial gc" contextid="4274" durationms="15.055" usertimems="34.832" systemtimems="7.961" timestamp="2019-08-09T08:14:28.405" activeThreads="16">
  <mem-info id="4280" free="268435456" total="446693376" percent="60">
    <mem type="eden" free="1776168" total="2097152" percent="84" />
    <remembered-set count="66112" freebytes="17593472" totalbytes="17857920" percent="98" regionsoverflowed="0" regionsstable="9" regionsrebuilding="0"/>
  </mem-info>
</gc-end>
<cycle-end id="4281" type="partial gc" contextid="4274" timestamp="2019-08-09T08:14:28.406" />
  <attribute name="elasticGC enabled" value="1" />
  <attribute name= "numThreadsSpecified" value="16" />
  <attribute name="heapSize specified" value="0" />
  <attribute name="Current GC Util" value="66" />
  <attribute name= "Current Time Running" value="103481" />
  <attribute name ="GC Interval" value="0" />
  <attribute name="Target GC Util Change" value ="80.000000" />
  <attribute name="Current GC Util Change" value="66.000000"/>
  <attribute name="Current Error" value="14.000000" />
  <attribute name="Output H" value="446731224"/>
  <attribute name="Output I" value="2008"/>
  <attribute name="Output T" value="16"/>
  <attribute name= "Current Time Running" value="103481" />
  <attribute name="GC Util currently" value="66" />
  <attribute name="CPU Util currently" value="484604833775" />
<exclusive-end id="4282" timestamp="2019-08-09T08:14:28.406" durationms="15.647" />

<exclusive-start id="4283" timestamp="2019-08-09T08:14:28.471" intervalms="81.510">
  <response-info timems="6.570" idlems="6.570" threads="0" lastid="0000000002461500" lastname="Thread-27" />
</exclusive-start>
<allocation-taxation id="4284" taxation-threshold="117440512" timestamp="2019-08-09T08:14:28.472" intervalms="81.504" />
<cycle-start id="4285" type="partial gc" contextid="0" timestamp="2019-08-09T08:14:28.472" intervalms="81.590" />
<gc-start id="4286" type="partial gc" contextid="4285" timestamp="2019-08-09T08:14:28.472">
  <mem-info id="4287" free="150994944" total="446693376" percent="33">
    <mem type="eden" free="0" total="117440512" percent="0" />
    <remembered-set count="65984" freebytes="17593984" totalbytes="17857920" percent="98" regionsoverflowed="0" regionsstable="9" regionsrebuilding="0"/>
  </mem-info>
</gc-start>
<allocation-stats totalBytes="117422240" >
  <allocated-bytes non-tlh="0" tlh="117422240" arrayletleaf="0"/>
  <largest-consumer threadName="Thread-27" threadId="0000000002461500" bytes="10885560" />
</allocation-stats>
<gc-op id="4288" type="copy forward" timems="11.285" contextid="4285" timestamp="2019-08-09T08:14:28.485">
  <memory-copied type="eden" objects="17247" bytes="559024" bytesdiscarded="28592" />
  <memory-copied type="other" objects="53725" bytes="2113656" bytesdiscarded="212432" />
  <memory-cardclean objects="29174" bytes="1519032" />
  <regions eden="56" other="5" />
  <remembered-set-cleared processed="41075" cleared="6855" durationms="0.281" />
  <stringconstants candidates="15003" cleared="0"  />
</gc-op>
<gc-op id="4289" type="classunload" timems="0.013" contextid="4285" timestamp="2019-08-09T08:14:28.485">
  <classunload-info classloadercandidates="54" classloadersunloaded="0" classesunloaded="0" anonymousclassesunloaded="0" quiescems="0.000" setupms="0.013" scanms="0.000" postms="0.000" />
</gc-op>
<heap-resize id="4290" type="expand" space="default" amount="4194304" count="1" timems="0.101" reason="excessive time being spent in gc" timestamp="2019-08-09T08:14:28.486" />
<gc-end id="4291" type="partial gc" contextid="4285" durationms="13.731" usertimems="24.957" systemtimems="12.146" timestamp="2019-08-09T08:14:28.486" activeThreads="16">
  <mem-info id="4292" free="270532608" total="450887680" percent="60">
    <mem type="eden" free="1509536" total="2097152" percent="71" />
    <remembered-set count="67552" freebytes="17755392" totalbytes="18025600" percent="98" regionsoverflowed="0" regionsstable="9" regionsrebuilding="0"/>
  </mem-info>
</gc-end>
<cycle-end id="4293" type="partial gc" contextid="4285" timestamp="2019-08-09T08:14:28.486" />
  <attribute name="elasticGC enabled" value="1" />
  <attribute name= "numThreadsSpecified" value="16" />
  <attribute name="heapSize specified" value="0" />
  <attribute name="Current GC Util" value="64" />
  <attribute name= "Current Time Running" value="103561" />
  <attribute name ="GC Interval" value="0" />
  <attribute name="Target GC Util Change" value ="80.000000" />
  <attribute name="Current GC Util Change" value="64.000000"/>
  <attribute name="Current Error" value="57.000000" />
  <attribute name="Output H" value="446731248"/>
  <attribute name="Output I" value="2032"/>
  <attribute name="Output T" value="16"/>
  <attribute name= "Current Time Running" value="103561" />
  <attribute name="GC Util currently" value="64" />
  <attribute name="CPU Util currently" value="672667264513" />
<exclusive-end id="4294" timestamp="2019-08-09T08:14:28.486" durationms="14.535" />

<exclusive-start id="4295" timestamp="2019-08-09T08:14:28.546" intervalms="74.962">
  <response-info timems="3.252" idlems="1.669" threads="1" lastid="0000000002434200" lastname="Thread-24" />
</exclusive-start>
<allocation-taxation id="4296" taxation-threshold="119537664" timestamp="2019-08-09T08:14:28.547" intervalms="74.999" />
<cycle-start id="4297" type="partial gc" contextid="0" timestamp="2019-08-09T08:14:28.547" intervalms="74.960" />
<gc-start id="4298" type="partial gc" contextid="4297" timestamp="2019-08-09T08:14:28.547">
  <mem-info id="4299" free="150994944" total="450887680" percent="33">
    <mem type="eden" free="0" total="119537664" percent="0" />
    <remembered-set count="67072" freebytes="17757312" totalbytes="18025600" percent="98" regionsoverflowed="0" regionsstable="9" regionsrebuilding="0"/>
  </mem-info>
</gc-start>
<allocation-stats totalBytes="119518304" >
  <allocated-bytes non-tlh="0" tlh="119518304" arrayletleaf="0"/>
  <largest-consumer threadName="Thread-22" threadId="000000000246C900" bytes="13334752" />
</allocation-stats>
<gc-op id="4300" type="copy forward" timems="13.255" contextid="4297" timestamp="2019-08-09T08:14:28.562">
  <memory-copied type="eden" objects="34549" bytes="1523728" bytesdiscarded="150616" />
  <memory-copied type="other" objects="49250" bytes="1868880" bytesdiscarded="171040" />
  <memory-cardclean objects="27844" bytes="1434072" />
  <regions eden="57" other="6" />
  <remembered-set-cleared processed="41453" cleared="7668" durationms="0.230" />
  <stringconstants candidates="15003" cleared="0"  />
</gc-op>
<gc-op id="4301" type="classunload" timems="0.010" contextid="4297" timestamp="2019-08-09T08:14:28.562">
  <classunload-info classloadercandidates="54" classloadersunloaded="0" classesunloaded="0" anonymousclassesunloaded="0" quiescems="0.000" setupms="0.010" scanms="0.000" postms="0.000" />
</gc-op>
<heap-resize id="4302" type="expand" space="default" amount="6291456" count="1" timems="0.172" reason="excessive time being spent in gc" timestamp="2019-08-09T08:14:28.562" />
<gc-end id="4303" type="partial gc" contextid="4297" durationms="14.706" usertimems="24.759" systemtimems="14.305" timestamp="2019-08-09T08:14:28.562" activeThreads="16">
  <mem-info id="4304" free="274726912" total="457179136" percent="60">
    <mem type="eden" free="422808" total="2097152" percent="20" />
    <remembered-set count="65152" freebytes="18016512" totalbytes="18277120" percent="98" regionsoverflowed="0" regionsstable="9" regionsrebuilding="0"/>
  </mem-info>
</gc-end>
<cycle-end id="4305" type="partial gc" contextid="4297" timestamp="2019-08-09T08:14:28.562" />
  <attribute name="elasticGC enabled" value="1" />
  <attribute name= "numThreadsSpecified" value="16" />
  <attribute name="heapSize specified" value="0" />
  <attribute name="Current GC Util" value="223" />
  <attribute name= "Current Time Running" value="103635" />
  <attribute name ="GC Interval" value="0" />
  <attribute name="Target GC Util Change" value ="80.000000" />
  <attribute name="Current GC Util Change" value="223.000000"/>
  <attribute name="Current Error" value="-55.000000" />
  <attribute name="Output H" value="450925496"/>
  <attribute name="Output I" value="1976"/>
  <attribute name="Output T" value="16"/>
  <attribute name= "Current Time Running" value="103635" />
  <attribute name="GC Util currently" value="223" />
  <attribute name="CPU Util currently" value="1511177869826" />
<exclusive-end id="4306" timestamp="2019-08-09T08:14:28.562" durationms="15.656" />

<exclusive-start id="4307" timestamp="2019-08-09T08:14:28.614" intervalms="67.457">
  <response-info timems="5.445" idlems="2.734" threads="1" lastid="0000000002434200" lastname="Thread-24" />
</exclusive-start>
<allocation-taxation id="4308" taxation-threshold="121634816" timestamp="2019-08-09T08:14:28.614" intervalms="67.419" />
<cycle-start id="4309" type="partial gc" contextid="0" timestamp="2019-08-09T08:14:28.614" intervalms="67.447" />
<gc-start id="4310" type="partial gc" contextid="4309" timestamp="2019-08-09T08:14:28.614">
  <mem-info id="4311" free="153092096" total="457179136" percent="33">
    <mem type="eden" free="0" total="121634816" percent="0" />
    <remembered-set count="64960" freebytes="18017280" totalbytes="18277120" percent="98" regionsoverflowed="0" regionsstable="9" regionsrebuilding="0"/>
  </mem-info>
</gc-start>
<allocation-stats totalBytes="121614360" >
  <allocated-bytes non-tlh="0" tlh="121614360" arrayletleaf="0"/>
  <largest-consumer threadName="Thread-30" threadId="0000000002459E00" bytes="9706144" />
</allocation-stats>
<gc-op id="4312" type="copy forward" timems="10.261" contextid="4309" timestamp="2019-08-09T08:14:28.626">
  <memory-copied type="eden" objects="27092" bytes="1069856" bytesdiscarded="125568" />
  <memory-copied type="other" objects="63205" bytes="2890680" bytesdiscarded="251448" />
  <memory-cardclean objects="15002" bytes="748464" />
  <regions eden="58" other="6" />
  <remembered-set-cleared processed="41969" cleared="8157" durationms="0.232" />
  <stringconstants candidates="15003" cleared="0"  />
</gc-op>
<gc-op id="4313" type="classunload" timems="0.014" contextid="4309" timestamp="2019-08-09T08:14:28.626">
  <classunload-info classloadercandidates="54" classloadersunloaded="0" classesunloaded="0" anonymousclassesunloaded="0" quiescems="0.000" setupms="0.013" scanms="0.000" postms="0.000" />
</gc-op>
<heap-resize id="4314" type="expand" space="default" amount="4194304" count="1" timems="0.118" reason="excessive time being spent in gc" timestamp="2019-08-09T08:14:28.626" />
<gc-end id="4315" type="partial gc" contextid="4309" durationms="11.530" usertimems="19.520" systemtimems="13.491" timestamp="2019-08-09T08:14:28.626" activeThreads="16">
  <mem-info id="4316" free="276824064" total="461373440" percent="60">
    <mem type="eden" free="901728" total="2097152" percent="42" />
    <remembered-set count="64064" freebytes="18188544" totalbytes="18444800" percent="98" regionsoverflowed="0" regionsstable="9" regionsrebuilding="0"/>
  </mem-info>
</gc-end>
<cycle-end id="4317" type="partial gc" contextid="4309" timestamp="2019-08-09T08:14:28.626" />
  <attribute name="elasticGC enabled" value="1" />
  <attribute name= "numThreadsSpecified" value="16" />
  <attribute name="heapSize specified" value="0" />
  <attribute name="Current GC Util" value="116" />
  <attribute name= "Current Time Running" value="103702" />
  <attribute name ="GC Interval" value="0" />
  <attribute name="Target GC Util Change" value ="80.000000" />
  <attribute name="Current GC Util Change" value="116.000000"/>
  <attribute name="Current Error" value="-36.000000" />
  <attribute name="Output H" value="457216960"/>
  <attribute name="Output I" value="1984"/>
  <attribute name="Output T" value="16"/>
  <attribute name= "Current Time Running" value="103702" />
  <attribute name="GC Util currently" value="116" />
  <attribute name="CPU Util currently" value="1967607224615" />
<exclusive-end id="4318" timestamp="2019-08-09T08:14:28.626" durationms="12.210" />

<exclusive-start id="4319" timestamp="2019-08-09T08:14:28.700" intervalms="86.295">
  <response-info timems="4.629" idlems="4.629" threads="0" lastid="0000000002456200" lastname="Thread-32" />
</exclusive-start>
<allocation-taxation id="4320" taxation-threshold="121634816" timestamp="2019-08-09T08:14:28.700" intervalms="86.316" />
<cycle-start id="4321" type="partial gc" contextid="0" timestamp="2019-08-09T08:14:28.700" intervalms="86.229" />
<gc-start id="4322" type="partial gc" contextid="4321" timestamp="2019-08-09T08:14:28.701">
  <mem-info id="4323" free="155189248" total="461373440" percent="33">
    <mem type="eden" free="0" total="121634816" percent="0" />
    <remembered-set count="63680" freebytes="18190080" totalbytes="18444800" percent="98" regionsoverflowed="0" regionsstable="9" regionsrebuilding="0"/>
  </mem-info>
</gc-start>
<allocation-stats totalBytes="121614408" >
  <allocated-bytes non-tlh="0" tlh="121614408" arrayletleaf="0"/>
  <largest-consumer threadName="Thread-32" threadId="0000000002456200" bytes="12036024" />
</allocation-stats>
<gc-op id="4324" type="copy forward" timems="10.274" contextid="4321" timestamp="2019-08-09T08:14:28.712">
  <memory-copied type="eden" objects="35877" bytes="1280304" bytesdiscarded="120224" />
  <memory-copied type="other" objects="69460" bytes="3040800" bytesdiscarded="234856" />
  <memory-cardclean objects="19126" bytes="1009224" />
  <regions eden="58" other="6" />
  <remembered-set-cleared processed="40837" cleared="7709" durationms="0.663" />
  <stringconstants candidates="15003" cleared="0"  />
</gc-op>
<gc-op id="4325" type="classunload" timems="0.010" contextid="4321" timestamp="2019-08-09T08:14:28.712">
  <classunload-info classloadercandidates="54" classloadersunloaded="0" classesunloaded="0" anonymousclassesunloaded="0" quiescems="0.000" setupms="0.010" scanms="0.000" postms="0.000" />
</gc-op>
<heap-resize id="4326" type="expand" space="default" amount="6291456" count="1" timems="0.082" reason="excessive time being spent in gc" timestamp="2019-08-09T08:14:28.712" />
<gc-end id="4327" type="partial gc" contextid="4321" durationms="11.530" usertimems="29.052" systemtimems="5.430" timestamp="2019-08-09T08:14:28.712" activeThreads="16">
  <mem-info id="4328" free="281018368" total="467664896" percent="60">
    <mem type="eden" free="696624" total="2097152" percent="33" />
    <remembered-set count="65440" freebytes="18434560" totalbytes="18696320" percent="98" regionsoverflowed="0" regionsstable="9" regionsrebuilding="0"/>
  </mem-info>
</gc-end>
<cycle-end id="4329" type="partial gc" contextid="4321" timestamp="2019-08-09T08:14:28.712" />
  <attribute name="elasticGC enabled" value="1" />
  <attribute name= "numThreadsSpecified" value="16" />
  <attribute name="heapSize specified" value="0" />
  <attribute name="Current GC Util" value="127" />
  <attribute name= "Current Time Running" value="103789" />
  <attribute name ="GC Interval" value="0" />
  <attribute name="Target GC Util Change" value ="80.000000" />
  <attribute name="Current GC Util Change" value="127.000000"/>
  <attribute name="Current Error" value="-40.000000" />
  <attribute name="Output H" value="461411264"/>
  <attribute name="Output I" value="1984"/>
  <attribute name="Output T" value="16"/>
  <attribute name= "Current Time Running" value="103789" />
  <attribute name="GC Util currently" value="127" />
  <attribute name="CPU Util currently" value="2312581704293" />
<exclusive-end id="4330" timestamp="2019-08-09T08:14:28.712" durationms="12.019" />

<exclusive-start id="4331" timestamp="2019-08-09T08:14:28.784" intervalms="84.112">
  <response-info timems="2.787" idlems="2.787" threads="0" lastid="000000000242CB00" lastname="Thread-26" />
</exclusive-start>
<allocation-taxation id="4332" taxation-threshold="123731968" timestamp="2019-08-09T08:14:28.784" intervalms="84.105" />
<cycle-start id="4333" type="partial gc" contextid="0" timestamp="2019-08-09T08:14:28.784" intervalms="84.176" />
<gc-start id="4334" type="partial gc" contextid="4333" timestamp="2019-08-09T08:14:28.785">
  <mem-info id="4335" free="157286400" total="467664896" percent="33">
    <mem type="eden" free="0" total="123731968" percent="0" />
    <remembered-set count="65248" freebytes="18435328" totalbytes="18696320" percent="98" regionsoverflowed="0" regionsstable="9" regionsrebuilding="0"/>
  </mem-info>
</gc-start>
<allocation-stats totalBytes="123710784" >
  <allocated-bytes non-tlh="0" tlh="123710784" arrayletleaf="0"/>
  <largest-consumer threadName="Thread-30" threadId="0000000002459E00" bytes="11520360" />
</allocation-stats>
<gc-op id="4336" type="copy forward" timems="11.049" contextid="4333" timestamp="2019-08-09T08:14:28.797">
  <memory-copied type="eden" objects="37455" bytes="1456016" bytesdiscarded="104512" />
  <memory-copied type="other" objects="64297" bytes="2779512" bytesdiscarded="277280" />
  <memory-cardclean objects="12495" bytes="628968" />
  <regions eden="59" other="6" />
  <remembered-set-cleared processed="40482" cleared="6070" durationms="0.246" />
  <stringconstants candidates="15003" cleared="0"  />
</gc-op>
<gc-op id="4337" type="classunload" timems="0.013" contextid="4333" timestamp="2019-08-09T08:14:28.797">
  <classunload-info classloadercandidates="54" classloadersunloaded="0" classesunloaded="0" anonymousclassesunloaded="0" quiescems="0.000" setupms="0.012" scanms="0.000" postms="0.000" />
</gc-op>
<heap-resize id="4338" type="expand" space="default" amount="4194304" count="1" timems="0.081" reason="excessive time being spent in gc" timestamp="2019-08-09T08:14:28.797" />
<gc-end id="4339" type="partial gc" contextid="4333" durationms="12.392" usertimems="20.581" systemtimems="14.194" timestamp="2019-08-09T08:14:28.797" activeThreads="16">
  <mem-info id="4340" free="283115520" total="471859200" percent="60">
    <mem type="eden" free="536624" total="2097152" percent="25" />
    <remembered-set count="63648" freebytes="18609408" totalbytes="18864000" percent="98" regionsoverflowed="0" regionsstable="9" regionsrebuilding="0"/>
  </mem-info>
</gc-end>
<cycle-end id="4341" type="partial gc" contextid="4333" timestamp="2019-08-09T08:14:28.797" />
  <attribute name="elasticGC enabled" value="1" />
  <attribute name= "numThreadsSpecified" value="16" />
  <attribute name="heapSize specified" value="0" />
  <attribute name="Current GC Util" value="139" />
  <attribute name= "Current Time Running" value="103873" />
  <attribute name ="GC Interval" value="0" />
  <attribute name="Target GC Util Change" value ="80.000000" />
  <attribute name="Current GC Util Change" value="139.000000"/>
  <attribute name="Current Error" value="-59.000000" />
  <attribute name="Output H" value="467702704"/>
  <attribute name="Output I" value="1968"/>
  <attribute name="Output T" value="16"/>
  <attribute name= "Current Time Running" value="103873" />
  <attribute name="GC Util currently" value="139" />
  <attribute name="CPU Util currently" value="1849189253095" />
<exclusive-end id="4342" timestamp="2019-08-09T08:14:28.797" durationms="12.958" />

<exclusive-start id="4343" timestamp="2019-08-09T08:14:28.864" intervalms="79.654">
  <response-info timems="0.732" idlems="0.732" threads="0" lastid="0000000002434200" lastname="Thread-24" />
</exclusive-start>
<allocation-taxation id="4344" taxation-threshold="123731968" timestamp="2019-08-09T08:14:28.864" intervalms="79.696" />
<cycle-start id="4345" type="partial gc" contextid="0" timestamp="2019-08-09T08:14:28.864" intervalms="79.721" />
<gc-start id="4346" type="partial gc" contextid="4345" timestamp="2019-08-09T08:14:28.864">
  <mem-info id="4347" free="159383552" total="471859200" percent="33">
    <mem type="eden" free="0" total="123731968" percent="0" />
    <remembered-set count="63392" freebytes="18610432" totalbytes="18864000" percent="98" regionsoverflowed="0" regionsstable="9" regionsrebuilding="0"/>
  </mem-info>
</gc-start>
<allocation-stats totalBytes="123711264" >
  <allocated-bytes non-tlh="0" tlh="123711264" arrayletleaf="0"/>
  <largest-consumer threadName="Thread-32" threadId="0000000002456200" bytes="12028016" />
</allocation-stats>
<gc-op id="4348" type="copy forward" timems="13.882" contextid="4345" timestamp="2019-08-09T08:14:28.879">
  <memory-copied type="eden" objects="50927" bytes="2053256" bytesdiscarded="147208" />
  <memory-copied type="other" objects="67750" bytes="2862384" bytesdiscarded="245472" />
  <memory-cardclean objects="9329" bytes="478944" />
  <regions eden="59" other="6" />
  <remembered-set-cleared processed="39920" cleared="5669" durationms="0.693" />
  <stringconstants candidates="15003" cleared="0"  />
</gc-op>
<gc-op id="4349" type="classunload" timems="0.013" contextid="4345" timestamp="2019-08-09T08:14:28.879">
  <classunload-info classloadercandidates="54" classloadersunloaded="0" classesunloaded="0" anonymousclassesunloaded="0" quiescems="0.000" setupms="0.013" scanms="0.000" postms="0.000" />
</gc-op>
<heap-resize id="4350" type="expand" space="default" amount="10485760" count="1" timems="0.108" reason="excessive time being spent in gc" timestamp="2019-08-09T08:14:28.880" />
<gc-end id="4351" type="partial gc" contextid="4345" durationms="15.366" usertimems="32.714" systemtimems="13.310" timestamp="2019-08-09T08:14:28.880" activeThreads="16">
  <mem-info id="4352" free="289406976" total="482344960" percent="60">
    <mem type="eden" free="1993840" total="4194304" percent="47" />
    <remembered-set count="65536" freebytes="19021056" totalbytes="19283200" percent="98" regionsoverflowed="0" regionsstable="9" regionsrebuilding="0"/>
  </mem-info>
</gc-end>
<cycle-end id="4353" type="partial gc" contextid="4345" timestamp="2019-08-09T08:14:28.880" />
  <attribute name="elasticGC enabled" value="1" />
  <attribute name= "numThreadsSpecified" value="16" />
  <attribute name="heapSize specified" value="0" />
  <attribute name="Current GC Util" value="126" />
  <attribute name= "Current Time Running" value="103953" />
  <attribute name ="GC Interval" value="0" />
  <attribute name="Target GC Util Change" value ="80.000000" />
  <attribute name="Current GC Util Change" value="126.000000"/>
  <attribute name="Current Error" value="-46.000000" />
  <attribute name="Output H" value="471897016"/>
  <attribute name="Output I" value="1976"/>
  <attribute name="Output T" value="16"/>
  <attribute name= "Current Time Running" value="103953" />
  <attribute name="GC Util currently" value="126" />
  <attribute name="CPU Util currently" value="1735681787296" />
<exclusive-end id="4354" timestamp="2019-08-09T08:14:28.880" durationms="16.082" />

<exclusive-start id="4355" timestamp="2019-08-09T08:14:28.945" intervalms="80.591">
  <response-info timems="3.692" idlems="3.692" threads="0" lastid="000000000245DA00" lastname="Thread-21" />
</exclusive-start>
<allocation-taxation id="4356" taxation-threshold="127926272" timestamp="2019-08-09T08:14:28.945" intervalms="80.793" />
<cycle-start id="4357" type="partial gc" contextid="0" timestamp="2019-08-09T08:14:28.945" intervalms="80.983" />
<gc-start id="4358" type="partial gc" contextid="4357" timestamp="2019-08-09T08:14:28.946">
  <mem-info id="4359" free="161480704" total="482344960" percent="33">
    <mem type="eden" free="0" total="127926272" percent="0" />
    <remembered-set count="65216" freebytes="19022336" totalbytes="19283200" percent="98" regionsoverflowed="0" regionsstable="9" regionsrebuilding="0"/>
  </mem-info>
</gc-start>
<allocation-stats totalBytes="127904064" >
  <allocated-bytes non-tlh="0" tlh="127904064" arrayletleaf="0"/>
  <largest-consumer threadName="Thread-26" threadId="000000000242CB00" bytes="13350760" />
</allocation-stats>
<gc-op id="4360" type="copy forward" timems="11.383" contextid="4357" timestamp="2019-08-09T08:14:28.961">
  <memory-copied type="eden" objects="67518" bytes="2863048" bytesdiscarded="322104" />
  <memory-copied type="other" objects="35233" bytes="1399176" bytesdiscarded="139928" />
  <memory-cardclean objects="22584" bytes="1180800" />
  <regions eden="61" other="5" />
  <remembered-set-cleared processed="42770" cleared="7335" durationms="0.250" />
  <stringconstants candidates="15003" cleared="0"  />
</gc-op>
<gc-op id="4361" type="classunload" timems="0.013" contextid="4357" timestamp="2019-08-09T08:14:28.961">
  <classunload-info classloadercandidates="54" classloadersunloaded="0" classesunloaded="0" anonymousclassesunloaded="0" quiescems="0.000" setupms="0.013" scanms="0.000" postms="0.000" />
</gc-op>
<heap-resize id="4362" type="expand" space="default" amount="10485760" count="1" timems="0.093" reason="excessive time being spent in gc" timestamp="2019-08-09T08:14:28.961" />
<gc-end id="4363" type="partial gc" contextid="4357" durationms="15.606" usertimems="25.800" systemtimems="15.076" timestamp="2019-08-09T08:14:28.961" activeThreads="16">
  <mem-info id="4364" free="295698432" total="492830720" percent="60">
    <mem type="eden" free="3106304" total="6291456" percent="49" />
    <remembered-set count="65920" freebytes="19438720" totalbytes="19702400" percent="98" regionsoverflowed="0" regionsstable="9" regionsrebuilding="0"/>
  </mem-info>
</gc-end>
<cycle-end id="4365" type="partial gc" contextid="4357" timestamp="2019-08-09T08:14:28.961" />
  <attribute name="elasticGC enabled" value="1" />
  <attribute name= "numThreadsSpecified" value="16" />
  <attribute name="heapSize specified" value="0" />
  <attribute name="Current GC Util" value="130" />
  <attribute name= "Current Time Running" value="104036" />
  <attribute name ="GC Interval" value="0" />
  <attribute name="Target GC Util Change" value ="80.000000" />
  <attribute name="Current GC Util Change" value="130.000000"/>
  <attribute name="Current Error" value="-70.000000" />
  <attribute name="Output H" value="482382760"/>
  <attribute name="Output I" value="1960"/>
  <attribute name="Output T" value="16"/>
  <attribute name= "Current Time Running" value="104036" />
  <attribute name="GC Util currently" value="130" />
  <attribute name="CPU Util currently" value="373757704209" />
<exclusive-end id="4366" timestamp="2019-08-09T08:14:28.961" durationms="16.785" />

<exclusive-start id="4367" timestamp="2019-08-09T08:14:29.045" intervalms="100.633">
  <response-info timems="0.544" idlems="0.544" threads="0" lastid="0000000002443200" lastname="Thread-35" />
</exclusive-start>
<allocation-taxation id="4368" taxation-threshold="130023424" timestamp="2019-08-09T08:14:29.045" intervalms="100.386" />
<cycle-start id="4369" type="partial gc" contextid="0" timestamp="2019-08-09T08:14:29.045" intervalms="100.173" />
<gc-start id="4370" type="partial gc" contextid="4369" timestamp="2019-08-09T08:14:29.046">
  <mem-info id="4371" free="165675008" total="492830720" percent="33">
    <mem type="eden" free="0" total="130023424" percent="0" />
    <remembered-set count="65920" freebytes="19438720" totalbytes="19702400" percent="98" regionsoverflowed="0" regionsstable="9" regionsrebuilding="0"/>
  </mem-info>
</gc-start>
<allocation-stats totalBytes="130000552" >
  <allocated-bytes non-tlh="0" tlh="130000552" arrayletleaf="0"/>
  <largest-consumer threadName="Thread-26" threadId="000000000242CB00" bytes="11732904" />
</allocation-stats>
<gc-op id="4372" type="copy forward" timems="9.096" contextid="4369" timestamp="2019-08-09T08:14:29.058">
  <memory-copied type="eden" objects="48226" bytes="1850496" bytesdiscarded="174472" />
  <memory-copied type="other" objects="71813" bytes="3234648" bytesdiscarded="163184" />
  <memory-cardclean objects="5885" bytes="296928" />
  <regions eden="62" other="8" />
  <remembered-set-cleared processed="42957" cleared="8985" durationms="0.311" />
  <stringconstants candidates="15003" cleared="0"  />
</gc-op>
<gc-op id="4373" type="classunload" timems="0.009" contextid="4369" timestamp="2019-08-09T08:14:29.058">
  <classunload-info classloadercandidates="54" classloadersunloaded="0" classesunloaded="0" anonymousclassesunloaded="0" quiescems="0.000" setupms="0.009" scanms="0.000" postms="0.000" />
</gc-op>
<gc-end id="4374" type="partial gc" contextid="4369" durationms="12.252" usertimems="22.450" systemtimems="12.283" timestamp="2019-08-09T08:14:29.058" activeThreads="16">
  <mem-info id="4375" free="297795584" total="492830720" percent="60">
    <mem type="eden" free="72184" total="2097152" percent="3" />
    <remembered-set count="63584" freebytes="19448064" totalbytes="19702400" percent="98" regionsoverflowed="0" regionsstable="9" regionsrebuilding="0"/>
  </mem-info>
</gc-end>
<cycle-end id="4376" type="partial gc" contextid="4369" timestamp="2019-08-09T08:14:29.058" />
  <attribute name="elasticGC enabled" value="1" />
  <attribute name= "numThreadsSpecified" value="16" />
  <attribute name="heapSize specified" value="0" />
  <attribute name="Current GC Util" value="48" />
  <attribute name= "Current Time Running" value="104136" />
  <attribute name ="GC Interval" value="0" />
  <attribute name="Target GC Util Change" value ="80.000000" />
  <attribute name="Current GC Util Change" value="48.000000"/>
  <attribute name="Current Error" value="4.000000" />
  <attribute name="Output H" value="492868568"/>
  <attribute name="Output I" value="2008"/>
  <attribute name="Output T" value="16"/>
  <attribute name= "Current Time Running" value="104136" />
  <attribute name="GC Util currently" value="48" />
  <attribute name="CPU Util currently" value="541567006047" />
<exclusive-end id="4377" timestamp="2019-08-09T08:14:29.058" durationms="12.924" />

<exclusive-start id="4378" timestamp="2019-08-09T08:14:29.118" intervalms="72.894">
  <response-info timems="3.117" idlems="1.054" threads="2" lastid="0000000002468D00" lastname="Thread-25" />
</exclusive-start>
<allocation-taxation id="4379" taxation-threshold="130023424" timestamp="2019-08-09T08:14:29.118" intervalms="72.911" />
<cycle-start id="4380" type="partial gc" contextid="0" timestamp="2019-08-09T08:14:29.118" intervalms="72.919" />
<gc-start id="4381" type="partial gc" contextid="4380" timestamp="2019-08-09T08:14:29.119">
  <mem-info id="4382" free="167772160" total="492830720" percent="34">
    <mem type="eden" free="0" total="130023424" percent="0" />
    <remembered-set count="63424" freebytes="19448704" totalbytes="19702400" percent="98" regionsoverflowed="0" regionsstable="9" regionsrebuilding="0"/>
  </mem-info>
</gc-start>
<allocation-stats totalBytes="129999984" >
  <allocated-bytes non-tlh="0" tlh="129999984" arrayletleaf="0"/>
  <largest-consumer threadName="Thread-28" threadId="0000000002428F00" bytes="13375232" />
</allocation-stats>
<gc-op id="4383" type="copy forward" timems="10.927" contextid="4380" timestamp="2019-08-09T08:14:29.131">
  <memory-copied type="eden" objects="56268" bytes="2456040" bytesdiscarded="194520" />
  <memory-copied type="other" objects="43199" bytes="1861032" bytesdiscarded="144920" />
  <memory-cardclean objects="6809" bytes="371160" />
  <regions eden="62" other="6" />
  <remembered-set-cleared processed="40683" cleared="7367" durationms="0.221" />
  <stringconstants candidates="15003" cleared="0"  />
</gc-op>
<gc-op id="4384" type="classunload" timems="0.010" contextid="4380" timestamp="2019-08-09T08:14:29.131">
  <classunload-info classloadercandidates="54" classloadersunloaded="0" classesunloaded="0" anonymousclassesunloaded="0" quiescems="0.000" setupms="0.009" scanms="0.000" postms="0.000" />
</gc-op>
<heap-resize id="4385" type="expand" space="default" amount="6291456" count="1" timems="0.086" reason="excessive time being spent in gc" timestamp="2019-08-09T08:14:29.131" />
<gc-end id="4386" type="partial gc" contextid="4380" durationms="12.755" usertimems="24.826" systemtimems="8.377" timestamp="2019-08-09T08:14:29.131" activeThreads="16">
  <mem-info id="4387" free="299892736" total="499122176" percent="60">
    <mem type="eden" free="1543744" total="4194304" percent="36" />
    <remembered-set count="60192" freebytes="19713152" totalbytes="19953920" percent="98" regionsoverflowed="0" regionsstable="9" regionsrebuilding="0"/>
  </mem-info>
</gc-end>
<cycle-end id="4388" type="partial gc" contextid="4380" timestamp="2019-08-09T08:14:29.131" />
  <attribute name="elasticGC enabled" value="1" />
  <attribute name= "numThreadsSpecified" value="16" />
  <attribute name="heapSize specified" value="0" />
  <attribute name="Current GC Util" value="66" />
  <attribute name= "Current Time Running" value="104207" />
  <attribute name ="GC Interval" value="0" />
  <attribute name="Target GC Util Change" value ="80.000000" />
  <attribute name="Current GC Util Change" value="66.000000"/>
  <attribute name="Current Error" value="14.000000" />
  <attribute name="Output H" value="492868568"/>
  <attribute name="Output I" value="2008"/>
  <attribute name="Output T" value="16"/>
  <attribute name= "Current Time Running" value="104207" />
  <attribute name="GC Util currently" value="66" />
  <attribute name="CPU Util currently" value="1192092383027" />
<exclusive-end id="4389" timestamp="2019-08-09T08:14:29.132" durationms="13.496" />

<exclusive-start id="4390" timestamp="2019-08-09T08:14:29.230" intervalms="112.110">
  <response-info timems="3.527" idlems="3.527" threads="0" lastid="0000000002425300" lastname="Thread-29" />
</exclusive-start>
<allocation-taxation id="4391" taxation-threshold="132120576" timestamp="2019-08-09T08:14:29.230" intervalms="112.089" />
<cycle-start id="4392" type="partial gc" contextid="0" timestamp="2019-08-09T08:14:29.230" intervalms="112.046" />
<gc-start id="4393" type="partial gc" contextid="4392" timestamp="2019-08-09T08:14:29.231">
  <mem-info id="4394" free="167772160" total="499122176" percent="33">
    <mem type="eden" free="0" total="132120576" percent="0" />
    <remembered-set count="60032" freebytes="19713792" totalbytes="19953920" percent="98" regionsoverflowed="0" regionsstable="9" regionsrebuilding="0"/>
  </mem-info>
</gc-start>
<allocation-stats totalBytes="132098224" >
  <allocated-bytes non-tlh="19056" tlh="132079168" arrayletleaf="0"/>
  <largest-consumer threadName="Thread-30" threadId="0000000002459E00" bytes="15402480" />
</allocation-stats>
<gc-op id="4395" type="copy forward" timems="10.854" contextid="4392" timestamp="2019-08-09T08:14:29.242">
  <memory-copied type="eden" objects="54563" bytes="2277792" bytesdiscarded="309296" />
  <memory-copied type="other" objects="46020" bytes="2066112" bytesdiscarded="163912" />
  <memory-cardclean objects="3631" bytes="180480" />
  <regions eden="63" other="6" />
  <remembered-set-cleared processed="39051" cleared="4632" durationms="0.259" />
  <stringconstants candidates="15003" cleared="0"  />
</gc-op>
<gc-op id="4396" type="classunload" timems="0.011" contextid="4392" timestamp="2019-08-09T08:14:29.242">
  <classunload-info classloadercandidates="54" classloadersunloaded="0" classesunloaded="0" anonymousclassesunloaded="0" quiescems="0.000" setupms="0.010" scanms="0.000" postms="0.000" />
</gc-op>
<heap-resize id="4397" type="expand" space="default" amount="4194304" count="1" timems="0.092" reason="excessive time being spent in gc" timestamp="2019-08-09T08:14:29.243" />
<gc-end id="4398" type="partial gc" contextid="4392" durationms="12.038" usertimems="33.394" systemtimems="8.821" timestamp="2019-08-09T08:14:29.243" activeThreads="16">
  <mem-info id="4399" free="301989888" total="503316480" percent="60">
    <mem type="eden" free="1607216" total="4194304" percent="38" />
    <remembered-set count="61088" freebytes="19877248" totalbytes="20121600" percent="98" regionsoverflowed="0" regionsstable="9" regionsrebuilding="0"/>
  </mem-info>
</gc-end>
<cycle-end id="4400" type="partial gc" contextid="4392" timestamp="2019-08-09T08:14:29.243" />
  <attribute name="elasticGC enabled" value="1" />
  <attribute name= "numThreadsSpecified" value="16" />
  <attribute name="heapSize specified" value="0" />
  <attribute name="Current GC Util" value="126" />
  <attribute name= "Current Time Running" value="104319" />
  <attribute name ="GC Interval" value="0" />
  <attribute name="Target GC Util Change" value ="80.000000" />
  <attribute name="Current GC Util Change" value="126.000000"/>
  <attribute name="Current Error" value="19.000000" />
  <attribute name="Output H" value="499160032"/>
  <attribute name="Output I" value="2016"/>
  <attribute name="Output T" value="16"/>
  <attribute name= "Current Time Running" value="104319" />
  <attribute name="GC Util currently" value="126" />
  <attribute name="CPU Util currently" value="2328033655212" />
<exclusive-end id="4401" timestamp="2019-08-09T08:14:29.243" durationms="12.641" />

<exclusive-start id="4402" timestamp="2019-08-09T08:14:29.321" intervalms="91.220">
  <response-info timems="0.526" idlems="0.152" threads="8" lastid="0000000002437E00" lastname="Thread-31" />
</exclusive-start>
<allocation-taxation id="4403" taxation-threshold="132120576" timestamp="2019-08-09T08:14:29.321" intervalms="91.211" />
<cycle-start id="4404" type="partial gc" contextid="0" timestamp="2019-08-09T08:14:29.322" intervalms="91.208" />
<gc-start id="4405" type="partial gc" contextid="4404" timestamp="2019-08-09T08:14:29.322">
  <mem-info id="4406" free="169869312" total="503316480" percent="33">
    <mem type="eden" free="0" total="132120576" percent="0" />
    <remembered-set count="60992" freebytes="19877632" totalbytes="20121600" percent="98" regionsoverflowed="0" regionsstable="9" regionsrebuilding="0"/>
  </mem-info>
</gc-start>
<allocation-stats totalBytes="132096912" >
  <allocated-bytes non-tlh="0" tlh="132096912" arrayletleaf="0"/>
  <largest-consumer threadName="Thread-32" threadId="0000000002456200" bytes="13825728" />
</allocation-stats>
<gc-op id="4407" type="copy forward" timems="9.496" contextid="4404" timestamp="2019-08-09T08:14:29.332">
  <memory-copied type="eden" objects="59187" bytes="2524584" bytesdiscarded="180080" />
  <memory-copied type="other" objects="32685" bytes="1471320" bytesdiscarded="97176" />
  <memory-cardclean objects="8252" bytes="444480" />
  <regions eden="63" other="6" />
  <remembered-set-cleared processed="38014" cleared="3897" durationms="0.271" />
  <stringconstants candidates="15003" cleared="0"  />
</gc-op>
<gc-op id="4408" type="classunload" timems="0.013" contextid="4404" timestamp="2019-08-09T08:14:29.332">
  <classunload-info classloadercandidates="54" classloadersunloaded="0" classesunloaded="0" anonymousclassesunloaded="0" quiescems="0.000" setupms="0.013" scanms="0.000" postms="0.000" />
</gc-op>
<heap-resize id="4409" type="expand" space="default" amount="6291456" count="1" timems="0.078" reason="excessive time being spent in gc" timestamp="2019-08-09T08:14:29.333" />
<gc-end id="4410" type="partial gc" contextid="4404" durationms="10.840" usertimems="22.383" systemtimems="8.936" timestamp="2019-08-09T08:14:29.333" activeThreads="16">
  <mem-info id="4411" free="306184192" total="509607936" percent="60">
    <mem type="eden" free="1489640" total="4194304" percent="35" />
    <remembered-set count="59616" freebytes="20134656" totalbytes="20373120" percent="98" regionsoverflowed="0" regionsstable="9" regionsrebuilding="0"/>
  </mem-info>
</gc-end>
<cycle-end id="4412" type="partial gc" contextid="4404" timestamp="2019-08-09T08:14:29.333" />
  <attribute name="elasticGC enabled" value="1" />
  <attribute name= "numThreadsSpecified" value="16" />
  <attribute name="heapSize specified" value="0" />
  <attribute name="Current GC Util" value="130" />
  <attribute name= "Current Time Running" value="104410" />
  <attribute name ="GC Interval" value="0" />
  <attribute name="Target GC Util Change" value ="80.000000" />
  <attribute name="Current GC Util Change" value="130.000000"/>
  <attribute name="Current Error" value="3.000000" />
  <attribute name="Output H" value="503354328"/>
  <attribute name="Output I" value="2008"/>
  <attribute name="Output T" value="16"/>
  <attribute name= "Current Time Running" value="104410" />
  <attribute name="GC Util currently" value="130" />
  <attribute name="CPU Util currently" value="1770592672868" />
<exclusive-end id="4413" timestamp="2019-08-09T08:14:29.333" durationms="11.794" />

<exclusive-start id="4414" timestamp="2019-08-09T08:14:29.451" intervalms="129.225">
  <response-info timems="3.223" idlems="3.223" threads="0" lastid="0000000002456200" lastname="Thread-32" />
</exclusive-start>
<allocation-taxation id="4415" taxation-threshold="134217728" timestamp="2019-08-09T08:14:29.451" intervalms="129.244" />
<cycle-start id="4416" type="partial gc" contextid="0" timestamp="2019-08-09T08:14:29.451" intervalms="129.271" />
<gc-start id="4417" type="partial gc" contextid="4416" timestamp="2019-08-09T08:14:29.451">
  <mem-info id="4418" free="171966464" total="509607936" percent="33">
    <mem type="eden" free="0" total="134217728" percent="0" />
    <remembered-set count="59488" freebytes="20135168" totalbytes="20373120" percent="98" regionsoverflowed="0" regionsstable="9" regionsrebuilding="0"/>
  </mem-info>
</gc-start>
<allocation-stats totalBytes="134193048" >
  <allocated-bytes non-tlh="0" tlh="134193048" arrayletleaf="0"/>
  <largest-consumer threadName="Thread-32" threadId="0000000002456200" bytes="13522416" />
</allocation-stats>
<gc-op id="4419" type="copy forward" timems="11.575" contextid="4416" timestamp="2019-08-09T08:14:29.466">
  <memory-copied type="eden" objects="37148" bytes="1446504" bytesdiscarded="150912" />
  <memory-copied type="other" objects="62071" bytes="2863464" bytesdiscarded="134136" />
  <memory-cardclean objects="4316" bytes="232368" />
  <regions eden="64" other="6" />
  <remembered-set-cleared processed="38812" cleared="4058" durationms="0.390" />
  <stringconstants candidates="15003" cleared="0"  />
</gc-op>
<gc-op id="4420" type="classunload" timems="0.013" contextid="4416" timestamp="2019-08-09T08:14:29.466">
  <classunload-info classloadercandidates="54" classloadersunloaded="0" classesunloaded="0" anonymousclassesunloaded="0" quiescems="0.000" setupms="0.013" scanms="0.000" postms="0.000" />
</gc-op>
<gc-end id="4421" type="partial gc" contextid="4416" durationms="15.408" usertimems="28.264" systemtimems="10.672" timestamp="2019-08-09T08:14:29.466" activeThreads="16">
  <mem-info id="4422" free="304087040" total="509607936" percent="59">
    <mem type="eden" free="2596888" total="4194304" percent="61" />
    <remembered-set count="63040" freebytes="20120960" totalbytes="20373120" percent="98" regionsoverflowed="0" regionsstable="9" regionsrebuilding="0"/>
  </mem-info>
</gc-end>
<cycle-end id="4423" type="partial gc" contextid="4416" timestamp="2019-08-09T08:14:29.467" />
  <attribute name="elasticGC enabled" value="1" />
  <attribute name= "numThreadsSpecified" value="16" />
  <attribute name="heapSize specified" value="0" />
  <attribute name="Current GC Util" value="36" />
  <attribute name= "Current Time Running" value="104542" />
  <attribute name ="GC Interval" value="0" />
  <attribute name="Target GC Util Change" value ="80.000000" />
  <attribute name="Current GC Util Change" value="36.000000"/>
  <attribute name="Current Error" value="44.000000" />
  <attribute name="Output H" value="509645808"/>
  <attribute name="Output I" value="2032"/>
  <attribute name="Output T" value="16"/>
  <attribute name= "Current Time Running" value="104542" />
  <attribute name="GC Util currently" value="36" />
  <attribute name="CPU Util currently" value="344594774277" />
<exclusive-end id="4424" timestamp="2019-08-09T08:14:29.467" durationms="16.251" />

<exclusive-start id="4425" timestamp="2019-08-09T08:14:29.547" intervalms="96.335">
  <response-info timems="3.854" idlems="3.854" threads="0" lastid="0000000002437E00" lastname="Thread-31" />
</exclusive-start>
<allocation-taxation id="4426" taxation-threshold="134217728" timestamp="2019-08-09T08:14:29.547" intervalms="96.415" />
<cycle-start id="4427" type="partial gc" contextid="0" timestamp="2019-08-09T08:14:29.548" intervalms="97.505" />
<gc-start id="4428" type="partial gc" contextid="4427" timestamp="2019-08-09T08:14:29.549">
  <mem-info id="4429" free="169869312" total="509607936" percent="33">
    <mem type="eden" free="0" total="134217728" percent="0" />
    <remembered-set count="62912" freebytes="20121472" totalbytes="20373120" percent="98" regionsoverflowed="0" regionsstable="9" regionsrebuilding="0"/>
  </mem-info>
</gc-start>
<allocation-stats totalBytes="134193104" >
  <allocated-bytes non-tlh="0" tlh="134193104" arrayletleaf="0"/>
  <largest-consumer threadName="Thread-30" threadId="0000000002459E00" bytes="12642184" />
</allocation-stats>
<gc-op id="4430" type="copy forward" timems="9.942" contextid="4427" timestamp="2019-08-09T08:14:29.560">
  <memory-copied type="eden" objects="41832" bytes="1833864" bytesdiscarded="159496" />
  <memory-copied type="other" objects="35534" bytes="1402320" bytesdiscarded="120448" />
  <memory-cardclean objects="18146" bytes="955176" />
  <regions eden="64" other="5" />
  <remembered-set-cleared processed="39504" cleared="4017" durationms="0.294" />
  <stringconstants candidates="15003" cleared="0"  />
</gc-op>
<gc-op id="4431" type="classunload" timems="0.009" contextid="4427" timestamp="2019-08-09T08:14:29.560">
  <classunload-info classloadercandidates="54" classloadersunloaded="0" classesunloaded="0" anonymousclassesunloaded="0" quiescems="0.000" setupms="0.009" scanms="0.000" postms="0.000" />
</gc-op>
<gc-end id="4432" type="partial gc" contextid="4427" durationms="11.069" usertimems="19.579" systemtimems="14.704" timestamp="2019-08-09T08:14:29.560" activeThreads="16">
  <mem-info id="4433" free="301989888" total="509607936" percent="59">
    <mem type="eden" free="2200944" total="4194304" percent="52" />
    <remembered-set count="64256" freebytes="20116096" totalbytes="20373120" percent="98" regionsoverflowed="0" regionsstable="9" regionsrebuilding="0"/>
  </mem-info>
</gc-end>
<cycle-end id="4434" type="partial gc" contextid="4427" timestamp="2019-08-09T08:14:29.560" />
  <attribute name="elasticGC enabled" value="1" />
  <attribute name= "numThreadsSpecified" value="16" />
  <attribute name="heapSize specified" value="0" />
  <attribute name="Current GC Util" value="144" />
  <attribute name= "Current Time Running" value="104637" />
  <attribute name ="GC Interval" value="0" />
  <attribute name="Target GC Util Change" value ="80.000000" />
  <attribute name="Current GC Util Change" value="144.000000"/>
  <attribute name="Current Error" value="21.000000" />
  <attribute name="Output H" value="509645792"/>
  <attribute name="Output I" value="2016"/>
  <attribute name="Output T" value="16"/>
  <attribute name= "Current Time Running" value="104637" />
  <attribute name="GC Util currently" value="144" />
  <attribute name="CPU Util currently" value="2209529448346" />
<exclusive-end id="4435" timestamp="2019-08-09T08:14:29.560" durationms="13.173" />

<exclusive-start id="4436" timestamp="2019-08-09T08:14:29.676" intervalms="129.171">
  <response-info timems="6.668" idlems="6.668" threads="0" lastid="0000000002425300" lastname="Thread-29" />
</exclusive-start>
<allocation-taxation id="4437" taxation-threshold="134217728" timestamp="2019-08-09T08:14:29.676" intervalms="129.080" />
<cycle-start id="4438" type="partial gc" contextid="0" timestamp="2019-08-09T08:14:29.676" intervalms="127.999" />
<gc-start id="4439" type="partial gc" contextid="4438" timestamp="2019-08-09T08:14:29.677">
  <mem-info id="4440" free="167772160" total="509607936" percent="32">
    <mem type="eden" free="0" total="134217728" percent="0" />
    <remembered-set count="64256" freebytes="20116096" totalbytes="20373120" percent="98" regionsoverflowed="0" regionsstable="9" regionsrebuilding="0"/>
  </mem-info>
</gc-start>
<allocation-stats totalBytes="134193920" >
  <allocated-bytes non-tlh="0" tlh="134193920" arrayletleaf="0"/>
  <largest-consumer threadName="Thread-32" threadId="0000000002456200" bytes="13211488" />
</allocation-stats>
<gc-op id="4441" type="copy forward" timems="10.979" contextid="4438" timestamp="2019-08-09T08:14:29.688">
  <memory-copied type="eden" objects="45700" bytes="1650408" bytesdiscarded="163216" />
  <memory-copied type="other" objects="71018" bytes="3219648" bytesdiscarded="175728" />
  <memory-cardclean objects="7694" bytes="402192" />
  <regions eden="64" other="7" />
  <remembered-set-cleared processed="39967" cleared="6312" durationms="0.565" />
  <stringconstants candidates="15003" cleared="0"  />
</gc-op>
<gc-op id="4442" type="classunload" timems="0.009" contextid="4438" timestamp="2019-08-09T08:14:29.688">
  <classunload-info classloadercandidates="54" classloadersunloaded="0" classesunloaded="0" anonymousclassesunloaded="0" quiescems="0.000" setupms="0.009" scanms="0.000" postms="0.000" />
</gc-op>
<gc-end id="4443" type="partial gc" contextid="4438" durationms="12.036" usertimems="24.229" systemtimems="14.676" timestamp="2019-08-09T08:14:29.689" activeThreads="16">
  <mem-info id="4444" free="301989888" total="509607936" percent="59">
    <mem type="eden" free="283528" total="2097152" percent="13" />
    <remembered-set count="63040" freebytes="20120960" totalbytes="20373120" percent="98" regionsoverflowed="0" regionsstable="9" regionsrebuilding="0"/>
  </mem-info>
</gc-end>
<cycle-end id="4445" type="partial gc" contextid="4438" timestamp="2019-08-09T08:14:29.689" />
  <attribute name="elasticGC enabled" value="1" />
  <attribute name= "numThreadsSpecified" value="16" />
  <attribute name="heapSize specified" value="0" />
  <attribute name="Current GC Util" value="137" />
  <attribute name= "Current Time Running" value="104765" />
  <attribute name ="GC Interval" value="0" />
  <attribute name="Target GC Util Change" value ="80.000000" />
  <attribute name="Current GC Util Change" value="137.000000"/>
  <attribute name="Current Error" value="18.000000" />
  <attribute name="Output H" value="509645792"/>
  <attribute name="Output I" value="2016"/>
  <attribute name="Output T" value="16"/>
  <attribute name= "Current Time Running" value="104765" />
  <attribute name="GC Util currently" value="137" />
  <attribute name="CPU Util currently" value="2140203896340" />
<exclusive-end id="4446" timestamp="2019-08-09T08:14:29.689" durationms="12.632" />

<exclusive-start id="4447" timestamp="2019-08-09T08:14:29.790" intervalms="114.355">
  <response-info timems="1.894" idlems="1.894" threads="0" lastid="0000000002456200" lastname="Thread-32" />
</exclusive-start>
<allocation-taxation id="4448" taxation-threshold="134217728" timestamp="2019-08-09T08:14:29.791" intervalms="114.364" />
<cycle-start id="4449" type="partial gc" contextid="0" timestamp="2019-08-09T08:14:29.791" intervalms="114.702" />
<gc-start id="4450" type="partial gc" contextid="4449" timestamp="2019-08-09T08:14:29.791">
  <mem-info id="4451" free="167772160" total="509607936" percent="32">
    <mem type="eden" free="0" total="134217728" percent="0" />
    <remembered-set count="62624" freebytes="20122624" totalbytes="20373120" percent="98" regionsoverflowed="0" regionsstable="9" regionsrebuilding="0"/>
  </mem-info>
</gc-start>
<allocation-stats totalBytes="134193400" >
  <allocated-bytes non-tlh="0" tlh="134193400" arrayletleaf="0"/>
  <largest-consumer threadName="Thread-30" threadId="0000000002459E00" bytes="13845944" />
</allocation-stats>
<gc-op id="4452" type="copy forward" timems="10.853" contextid="4449" timestamp="2019-08-09T08:14:29.804">
  <memory-copied type="eden" objects="38293" bytes="1472520" bytesdiscarded="133776" />
  <memory-copied type="other" objects="52711" bytes="2089320" bytesdiscarded="227560" />
  <memory-cardclean objects="17845" bytes="950448" />
  <regions eden="64" other="5" />
  <remembered-set-cleared processed="39454" cleared="4733" durationms="0.592" />
  <stringconstants candidates="15003" cleared="0"  />
</gc-op>
<gc-op id="4453" type="classunload" timems="0.014" contextid="4449" timestamp="2019-08-09T08:14:29.804">
  <classunload-info classloadercandidates="54" classloadersunloaded="0" classesunloaded="0" anonymousclassesunloaded="0" quiescems="0.000" setupms="0.014" scanms="0.000" postms="0.000" />
</gc-op>
<gc-end id="4454" type="partial gc" contextid="4449" durationms="12.789" usertimems="25.051" systemtimems="11.475" timestamp="2019-08-09T08:14:29.804" activeThreads="16">
  <mem-info id="4455" free="299892736" total="509607936" percent="58">
    <mem type="eden" free="490856" total="2097152" percent="23" />
    <remembered-set count="62400" freebytes="20123520" totalbytes="20373120" percent="98" regionsoverflowed="0" regionsstable="9" regionsrebuilding="0"/>
  </mem-info>
</gc-end>
<cycle-end id="4456" type="partial gc" contextid="4449" timestamp="2019-08-09T08:14:29.804" />
  <attribute name="elasticGC enabled" value="1" />
  <attribute name= "numThreadsSpecified" value="16" />
  <attribute name="heapSize specified" value="0" />
  <attribute name="Current GC Util" value="100" />
  <attribute name= "Current Time Running" value="104880" />
  <attribute name ="GC Interval" value="0" />
  <attribute name="Target GC Util Change" value ="80.000000" />
  <attribute name="Current GC Util Change" value="100.000000"/>
  <attribute name="Current Error" value="-20.000000" />
  <attribute name="Output H" value="509645768"/>
  <attribute name="Output I" value="1992"/>
  <attribute name="Output T" value="16"/>
  <attribute name= "Current Time Running" value="104880" />
  <attribute name="GC Util currently" value="100" />
  <attribute name="CPU Util currently" value="798321967992" />
<exclusive-end id="4457" timestamp="2019-08-09T08:14:29.804" durationms="13.876" />

<exclusive-start id="4458" timestamp="2019-08-09T08:14:29.872" intervalms="81.049">
  <response-info timems="0.036" idlems="0.036" threads="0" lastid="0000000002421700" lastname="Thread-34" />
</exclusive-start>
<allocation-taxation id="4459" taxation-threshold="134217728" timestamp="2019-08-09T08:14:29.872" intervalms="81.034" />
<cycle-start id="4460" type="partial gc" contextid="0" timestamp="2019-08-09T08:14:29.872" intervalms="80.692" />
<gc-start id="4461" type="partial gc" contextid="4460" timestamp="2019-08-09T08:14:29.872">
  <mem-info id="4462" free="165675008" total="509607936" percent="32">
    <mem type="eden" free="0" total="134217728" percent="0" />
    <remembered-set count="62400" freebytes="20123520" totalbytes="20373120" percent="98" regionsoverflowed="0" regionsstable="9" regionsrebuilding="0"/>
  </mem-info>
</gc-start>
<allocation-stats totalBytes="134194552" >
  <allocated-bytes non-tlh="0" tlh="134194552" arrayletleaf="0"/>
  <largest-consumer threadName="Thread-34" threadId="0000000002421700" bytes="26766736" />
</allocation-stats>
<gc-op id="4463" type="copy forward" timems="8.231" contextid="4460" timestamp="2019-08-09T08:14:29.881">
  <memory-copied type="eden" objects="8173" bytes="197208" bytesdiscarded="50488" />
  <memory-copied type="other" objects="23909" bytes="848568" bytesdiscarded="78016" />
  <memory-cardclean objects="15474" bytes="778304" />
  <regions eden="64" other="5" />
  <remembered-set-cleared processed="39001" cleared="4223" durationms="0.230" />
  <stringconstants candidates="15003" cleared="0"  />
</gc-op>
<gc-op id="4464" type="classunload" timems="0.010" contextid="4460" timestamp="2019-08-09T08:14:29.881">
  <classunload-info classloadercandidates="54" classloadersunloaded="0" classesunloaded="0" anonymousclassesunloaded="0" quiescems="0.000" setupms="0.010" scanms="0.000" postms="0.000" />
</gc-op>
<gc-end id="4465" type="partial gc" contextid="4460" durationms="9.273" usertimems="18.149" systemtimems="8.213" timestamp="2019-08-09T08:14:29.881" activeThreads="16">
  <mem-info id="4466" free="297795584" total="509607936" percent="58">
    <mem type="eden" free="1849456" total="2097152" percent="88" />
    <remembered-set count="59136" freebytes="20136576" totalbytes="20373120" percent="98" regionsoverflowed="0" regionsstable="9" regionsrebuilding="0"/>
  </mem-info>
</gc-end>
<cycle-end id="4467" type="partial gc" contextid="4460" timestamp="2019-08-09T08:14:29.881" />
  <attribute name="elasticGC enabled" value="1" />
  <attribute name= "numThreadsSpecified" value="16" />
  <attribute name="heapSize specified" value="0" />
  <attribute name="Current GC Util" value="146" />
  <attribute name= "Current Time Running" value="104960" />
  <attribute name ="GC Interval" value="0" />
  <attribute name="Target GC Util Change" value ="80.000000" />
  <attribute name="Current GC Util Change" value="146.000000"/>
  <attribute name="Current Error" value="-51.000000" />
  <attribute name="Output H" value="509645752"/>
  <attribute name="Output I" value="1976"/>
  <attribute name="Output T" value="16"/>
  <attribute name= "Current Time Running" value="104960" />
  <attribute name="GC Util currently" value="146" />
  <attribute name="CPU Util currently" value="2064454436244" />
<exclusive-end id="4468" timestamp="2019-08-09T08:14:29.881" durationms="9.896" />

===== DaCapo 9.12-MR1 sunflow PASSED in 9421 msec =====
Using scaled threading model. 16 processors detected, 16 threads used to drive the workload, in a possible range of [1,1000]
<exclusive-start id="4469" timestamp="2019-08-09T08:14:30.183" intervalms="311.897">
  <response-info timems="0.068" idlems="0.068" threads="0" lastid="000000000212BF00" lastname="main" />
</exclusive-start>
<sys-start reason="explicit" id="4470" timestamp="2019-08-09T08:14:30.183" intervalms="9781.234" />
<cycle-start id="4471" type="global garbage collect" contextid="0" timestamp="2019-08-09T08:14:30.184" intervalms="9781.198" />
<gc-start id="4472" type="global garbage collect" contextid="4471" timestamp="2019-08-09T08:14:30.184">
  <mem-info id="4473" free="259580464" total="509607936" percent="50">
    <mem type="eden" free="1630768" total="39845888" percent="4" />
    <remembered-set count="58880" freebytes="20137600" totalbytes="20373120" percent="98" regionsoverflowed="0" regionsstable="9" regionsrebuilding="0"/>
  </mem-info>
</gc-start>
<allocation-stats totalBytes="38195432" >
  <allocated-bytes non-tlh="501448" tlh="37693984" arrayletleaf="0"/>
  <largest-consumer threadName="main" threadId="000000000212BF00" bytes="11260352" />
</allocation-stats>
<gc-op id="4474" type="global mark" timems="13.597" contextid="4471" timestamp="2019-08-09T08:14:30.198">
  <trace-info objectcount="634110" scancount="545616" scanbytes="14417648" />
  <finalization candidates="154" enqueued="1" />
  <ownableSynchronizers candidates="23" cleared="0" />
  <references type="soft" candidates="3283" cleared="1014" enqueued="507" dynamicThreshold="18" maxThreshold="32" />
  <references type="weak" candidates="6387" cleared="93" enqueued="93" />
  <references type="phantom" candidates="886" cleared="10" enqueued="10" />
  <stringconstants candidates="15996" cleared="358"  />
</gc-op>
<gc-op id="4475" type="classunload" timems="0.014" contextid="4471" timestamp="2019-08-09T08:14:30.198">
  <classunload-info classloadercandidates="67" classloadersunloaded="0" classesunloaded="0" anonymousclassesunloaded="0" quiescems="0.000" setupms="0.014" scanms="0.000" postms="0.000" />
</gc-op>
<gc-op id="4476" type="sweep" timems="1.488" contextid="4471" timestamp="2019-08-09T08:14:30.200" />
<gc-op id="4477" type="compact" timems="41.248" contextid="4471" timestamp="2019-08-09T08:14:30.241">
  <compact-info movecount="634110" movebytes="22673344" />
  <remembered-set-cleared processed="130017" cleared="130017" durationms="0.492" />
</gc-op>
<heap-resize id="4478" type="contract" space="default" amount="27262976" count="1" timems="0.191" reason="excess free space following gc" timestamp="2019-08-09T08:14:30.242" />
<gc-end id="4479" type="global garbage collect" contextid="4471" durationms="57.477" usertimems="168.321" systemtimems="0.000" timestamp="2019-08-09T08:14:30.242" activeThreads="16">
  <mem-info id="4480" free="457179136" total="482344960" percent="94">
    <pending-finalizers system="1" default="0" reference="610" classloader="0" />
    <remembered-set count="50176" freebytes="20172416" totalbytes="20373120" percent="99" regionsoverflowed="0" regionsstable="0" regionsrebuilding="0"/>
  </mem-info>
</gc-end>
<cycle-end id="4481" type="global garbage collect" contextid="4471" timestamp="2019-08-09T08:14:30.242" />
  <attribute name="elasticGC enabled" value="1" />
  <attribute name= "numThreadsSpecified" value="16" />
  <attribute name="heapSize specified" value="0" />
  <attribute name="Current GC Util" value="187" />
  <attribute name= "Current Time Running" value="105287" />
  <attribute name ="GC Interval" value="0" />
  <attribute name="Target GC Util Change" value ="80.000000" />
  <attribute name="Current GC Util Change" value="187.000000"/>
  <attribute name="Current Error" value="-433.000000" />
  <attribute name="Output H" value="509645528"/>
  <attribute name="Output I" value="1752"/>
  <attribute name="Output T" value="16"/>
  <attribute name= "Current Time Running" value="105287" />
  <attribute name="GC Util currently" value="187" />
  <attribute name="CPU Util currently" value="711094331750" />
<sys-end id="4482" timestamp="2019-08-09T08:14:30.242" />
<exclusive-end id="4483" timestamp="2019-08-09T08:14:30.242" durationms="58.393" />

===== DaCapo 9.12-MR1 xalan starting =====
<exclusive-start id="4484" timestamp="2019-08-09T08:14:30.723" intervalms="539.702">
  <response-info timems="0.382" idlems="0.382" threads="0" lastid="0000000002456200" lastname="Thread-51" />
</exclusive-start>
<allocation-taxation id="4485" taxation-threshold="127926272" timestamp="2019-08-09T08:14:30.723" intervalms="851.592" />
<cycle-start id="4486" type="partial gc" contextid="0" timestamp="2019-08-09T08:14:30.723" intervalms="851.526" />
<gc-start id="4487" type="partial gc" contextid="4486" timestamp="2019-08-09T08:14:30.723">
  <mem-info id="4488" free="329252864" total="482344960" percent="68">
    <mem type="eden" free="0" total="127926272" percent="0" />
    <remembered-set count="49920" freebytes="20173440" totalbytes="20373120" percent="99" regionsoverflowed="0" regionsstable="0" regionsrebuilding="0"/>
  </mem-info>
</gc-start>
<allocation-stats totalBytes="127709912" >
  <allocated-bytes non-tlh="1181568" tlh="126528344" arrayletleaf="0"/>
  <largest-consumer threadName="Thread-42" threadId="000000000243BA00" bytes="11959536" />
</allocation-stats>
<gc-op id="4489" type="copy forward" timems="10.010" contextid="4486" timestamp="2019-08-09T08:14:30.736">
  <memory-copied type="eden" objects="37358" bytes="4413464" bytesdiscarded="1099904" />
  <memory-copied type="other" objects="0" bytes="0" bytesdiscarded="0" />
  <memory-cardclean objects="2058" bytes="143008" />
  <regions eden="61" other="0" />
  <remembered-set-cleared processed="43815" cleared="305" durationms="0.227" />
  <finalization candidates="5" enqueued="4" />
  <references type="soft" candidates="25" cleared="0" enqueued="0" dynamicThreshold="30" maxThreshold="32" />
  <references type="weak" candidates="88" cleared="0" enqueued="0" />
  <references type="phantom" candidates="26" cleared="0" enqueued="0" />
  <stringconstants candidates="16016" cleared="0"  />
</gc-op>
<gc-op id="4490" type="classunload" timems="0.010" contextid="4486" timestamp="2019-08-09T08:14:30.737">
  <classunload-info classloadercandidates="68" classloadersunloaded="0" classesunloaded="0" anonymousclassesunloaded="0" quiescems="0.000" setupms="0.010" scanms="0.000" postms="0.000" />
</gc-op>
<heap-resize id="4491" type="contract" space="default" amount="25165824" count="1" timems="0.161" reason="excess free space following gc" timestamp="2019-08-09T08:14:30.737" />
<gc-end id="4492" type="partial gc" contextid="4486" durationms="13.520" usertimems="22.193" systemtimems="7.424" timestamp="2019-08-09T08:14:30.737" activeThreads="16">
  <mem-info id="4493" free="425721856" total="457179136" percent="93">
    <mem type="eden" free="777400" total="6291456" percent="12" />
    <pending-finalizers system="4" default="0" reference="0" classloader="0" />
    <remembered-set count="55360" freebytes="19061760" totalbytes="19283200" percent="98" regionsoverflowed="0" regionsstable="0" regionsrebuilding="0"/>
  </mem-info>
</gc-end>
<cycle-end id="4494" type="partial gc" contextid="4486" timestamp="2019-08-09T08:14:30.737" />
  <attribute name="elasticGC enabled" value="1" />
  <attribute name= "numThreadsSpecified" value="16" />
  <attribute name="heapSize specified" value="0" />
  <attribute name="Current GC Util" value="33" />
  <attribute name= "Current Time Running" value="105814" />
  <attribute name ="GC Interval" value="0" />
  <attribute name="Target GC Util Change" value ="80.000000" />
  <attribute name="Current GC Util Change" value="33.000000"/>
  <attribute name="Current Error" value="110.000000" />
  <attribute name="Output H" value="482382864"/>
  <attribute name="Output I" value="2064"/>
  <attribute name="Output T" value="16"/>
  <attribute name= "Current Time Running" value="105814" />
  <attribute name="GC Util currently" value="33" />
  <attribute name="CPU Util currently" value="444789804839" />
<exclusive-end id="4495" timestamp="2019-08-09T08:14:30.737" durationms="14.040" />

<exclusive-start id="4496" timestamp="2019-08-09T08:14:30.956" intervalms="232.790">
  <response-info timems="0.579" idlems="0.454" threads="1" lastid="0000000002459E00" lastname="Thread-50" />
</exclusive-start>
<allocation-taxation id="4497" taxation-threshold="121634816" timestamp="2019-08-09T08:14:30.956" intervalms="232.810" />
<cycle-start id="4498" type="partial gc" contextid="0" timestamp="2019-08-09T08:14:30.956" intervalms="232.873" />
<gc-start id="4499" type="partial gc" contextid="4498" timestamp="2019-08-09T08:14:30.957">
  <mem-info id="4500" free="304087040" total="457179136" percent="66">
    <mem type="eden" free="0" total="121634816" percent="0" />
    <remembered-set count="8768" freebytes="19248128" totalbytes="19283200" percent="99" regionsoverflowed="0" regionsstable="10" regionsrebuilding="0"/>
  </mem-info>
</gc-start>
<allocation-stats totalBytes="121543960" >
  <allocated-bytes non-tlh="114720" tlh="121429240" arrayletleaf="0"/>
  <largest-consumer threadName="Thread-47" threadId="0000000002425300" bytes="12676288" />
</allocation-stats>
<gc-op id="4501" type="copy forward" timems="9.908" contextid="4498" timestamp="2019-08-09T08:14:30.970">
  <memory-copied type="eden" objects="10183" bytes="3944768" bytesdiscarded="850312" />
  <memory-copied type="other" objects="28370" bytes="1054128" bytesdiscarded="130864" />
  <memory-cardclean objects="689" bytes="79120" />
  <regions eden="58" other="3" />
  <remembered-set-cleared processed="1625" cleared="678" durationms="0.102" />
  <finalization candidates="1" enqueued="0" />
  <references type="soft" candidates="25" cleared="0" enqueued="0" dynamicThreshold="29" maxThreshold="32" />
  <references type="weak" candidates="89" cleared="0" enqueued="0" />
  <references type="phantom" candidates="25" cleared="0" enqueued="0" />
  <stringconstants candidates="16016" cleared="0"  />
</gc-op>
<gc-op id="4502" type="classunload" timems="0.010" contextid="4498" timestamp="2019-08-09T08:14:30.970">
  <classunload-info classloadercandidates="68" classloadersunloaded="0" classesunloaded="0" anonymousclassesunloaded="0" quiescems="0.000" setupms="0.010" scanms="0.000" postms="0.000" />
</gc-op>
<heap-resize id="4503" type="contract" space="default" amount="23068672" count="1" timems="0.141" reason="excess free space following gc" timestamp="2019-08-09T08:14:30.970" />
<gc-end id="4504" type="partial gc" contextid="4498" durationms="13.854" usertimems="19.468" systemtimems="14.911" timestamp="2019-08-09T08:14:30.970" activeThreads="16">
  <mem-info id="4505" free="400556032" total="434110464" percent="92">
    <mem type="eden" free="1496104" total="6291456" percent="23" />
    <remembered-set count="9504" freebytes="18239104" totalbytes="18277120" percent="99" regionsoverflowed="0" regionsstable="10" regionsrebuilding="0"/>
  </mem-info>
</gc-end>
<cycle-end id="4506" type="partial gc" contextid="4498" timestamp="2019-08-09T08:14:30.970" />
  <attribute name="elasticGC enabled" value="1" />
  <attribute name= "numThreadsSpecified" value="16" />
  <attribute name="heapSize specified" value="0" />
  <attribute name="Current GC Util" value="51" />
  <attribute name= "Current Time Running" value="106047" />
  <attribute name ="GC Interval" value="0" />
  <attribute name="Target GC Util Change" value ="80.000000" />
  <attribute name="Current GC Util Change" value="51.000000"/>
  <attribute name="Current Error" value="207.000000" />
  <attribute name="Output H" value="457217096"/>
  <attribute name="Output I" value="2120"/>
  <attribute name="Output T" value="16"/>
  <attribute name= "Current Time Running" value="106047" />
  <attribute name="GC Util currently" value="51" />
  <attribute name="CPU Util currently" value="394631622913" />
<exclusive-end id="4507" timestamp="2019-08-09T08:14:30.971" durationms="14.645" />

<exclusive-start id="4508" timestamp="2019-08-09T08:14:31.138" intervalms="182.291">
  <response-info timems="3.375" idlems="1.700" threads="1" lastid="000000000246C900" lastname="Thread-52" />
</exclusive-start>
<allocation-taxation id="4509" taxation-threshold="115343360" timestamp="2019-08-09T08:14:31.138" intervalms="182.310" />
<cycle-start id="4510" type="partial gc" contextid="0" timestamp="2019-08-09T08:14:31.138" intervalms="182.297" />
<gc-start id="4511" type="partial gc" contextid="4510" timestamp="2019-08-09T08:14:31.139">
  <mem-info id="4512" free="285212672" total="434110464" percent="65">
    <mem type="eden" free="0" total="115343360" percent="0" />
    <remembered-set count="9280" freebytes="18240000" totalbytes="18277120" percent="99" regionsoverflowed="0" regionsstable="10" regionsrebuilding="0"/>
  </mem-info>
</gc-start>
<allocation-stats totalBytes="115142200" >
  <allocated-bytes non-tlh="32776" tlh="115109424" arrayletleaf="0"/>
  <largest-consumer threadName="Thread-52" threadId="000000000246C900" bytes="11162592" />
</allocation-stats>
<gc-op id="4513" type="copy forward" timems="15.109" contextid="4510" timestamp="2019-08-09T08:14:31.156">
  <memory-copied type="eden" objects="8583" bytes="3532336" bytesdiscarded="983936" />
  <memory-copied type="other" objects="28426" bytes="1061984" bytesdiscarded="164880" />
  <memory-cardclean objects="672" bytes="78352" />
  <regions eden="55" other="4" />
  <remembered-set-cleared processed="1702" cleared="755" durationms="0.098" />
  <finalization candidates="1" enqueued="0" />
  <references type="soft" candidates="25" cleared="0" enqueued="0" dynamicThreshold="29" maxThreshold="32" />
  <references type="weak" candidates="88" cleared="0" enqueued="0" />
  <references type="phantom" candidates="27" cleared="0" enqueued="0" />
  <stringconstants candidates="16016" cleared="0"  />
</gc-op>
<gc-op id="4514" type="classunload" timems="0.011" contextid="4510" timestamp="2019-08-09T08:14:31.156">
  <classunload-info classloadercandidates="68" classloadersunloaded="0" classesunloaded="0" anonymousclassesunloaded="0" quiescems="0.000" setupms="0.010" scanms="0.000" postms="0.000" />
</gc-op>
<heap-resize id="4515" type="contract" space="default" amount="23068672" count="1" timems="0.156" reason="excess free space following gc" timestamp="2019-08-09T08:14:31.156" />
<gc-end id="4516" type="partial gc" contextid="4510" durationms="17.795" usertimems="17.907" systemtimems="21.713" timestamp="2019-08-09T08:14:31.156" activeThreads="16">
  <mem-info id="4517" free="375390208" total="411041792" percent="91">
    <mem type="eden" free="1774904" total="6291456" percent="28" />
    <remembered-set count="9504" freebytes="17316864" totalbytes="17354880" percent="99" regionsoverflowed="0" regionsstable="10" regionsrebuilding="0"/>
  </mem-info>
</gc-end>
<cycle-end id="4518" type="partial gc" contextid="4510" timestamp="2019-08-09T08:14:31.157" />
  <attribute name="elasticGC enabled" value="1" />
  <attribute name= "numThreadsSpecified" value="16" />
  <attribute name="heapSize specified" value="0" />
  <attribute name="Current GC Util" value="61" />
  <attribute name= "Current Time Running" value="106228" />
  <attribute name ="GC Interval" value="0" />
  <attribute name="Target GC Util Change" value ="80.000000" />
  <attribute name="Current GC Util Change" value="61.000000"/>
  <attribute name="Current Error" value="288.000000" />
  <attribute name="Output H" value="434148472"/>
  <attribute name="Output I" value="2168"/>
  <attribute name="Output T" value="16"/>
  <attribute name= "Current Time Running" value="106228" />
  <attribute name="GC Util currently" value="61" />
  <attribute name="CPU Util currently" value="631243144428" />
<exclusive-end id="4519" timestamp="2019-08-09T08:14:31.157" durationms="18.458" />

<exclusive-start id="4520" timestamp="2019-08-09T08:14:31.412" intervalms="273.705">
  <response-info timems="2.920" idlems="2.920" threads="0" lastid="000000000246C900" lastname="Thread-52" />
</exclusive-start>
<allocation-taxation id="4521" taxation-threshold="109051904" timestamp="2019-08-09T08:14:31.412" intervalms="273.672" />
<cycle-start id="4522" type="partial gc" contextid="0" timestamp="2019-08-09T08:14:31.412" intervalms="273.657" />
<gc-start id="4523" type="partial gc" contextid="4522" timestamp="2019-08-09T08:14:31.412">
  <mem-info id="4524" free="266338304" total="411041792" percent="64">
    <mem type="eden" free="0" total="109051904" percent="0" />
    <remembered-set count="9312" freebytes="17317632" totalbytes="17354880" percent="99" regionsoverflowed="0" regionsstable="10" regionsrebuilding="0"/>
  </mem-info>
</gc-start>
<allocation-stats totalBytes="108911752" >
  <allocated-bytes non-tlh="32776" tlh="108878976" arrayletleaf="0"/>
  <largest-consumer threadName="Thread-37" threadId="000000000244AA00" bytes="9078752" />
</allocation-stats>
<gc-op id="4525" type="copy forward" timems="10.320" contextid="4522" timestamp="2019-08-09T08:14:31.426">
  <memory-copied type="eden" objects="8748" bytes="3501552" bytesdiscarded="744944" />
  <memory-copied type="other" objects="28322" bytes="1062320" bytesdiscarded="74480" />
  <memory-cardclean objects="672" bytes="78352" />
  <regions eden="52" other="5" />
  <remembered-set-cleared processed="1636" cleared="689" durationms="0.115" />
  <finalization candidates="1" enqueued="0" />
  <references type="soft" candidates="25" cleared="0" enqueued="0" dynamicThreshold="29" maxThreshold="32" />
  <references type="weak" candidates="88" cleared="0" enqueued="0" />
  <references type="phantom" candidates="27" cleared="0" enqueued="0" />
  <stringconstants candidates="16016" cleared="0"  />
</gc-op>
<gc-op id="4526" type="classunload" timems="0.014" contextid="4522" timestamp="2019-08-09T08:14:31.426">
  <classunload-info classloadercandidates="68" classloadersunloaded="0" classesunloaded="0" anonymousclassesunloaded="0" quiescems="0.000" setupms="0.014" scanms="0.000" postms="0.000" />
</gc-op>
<heap-resize id="4527" type="contract" space="default" amount="20971520" count="1" timems="0.152" reason="excess free space following gc" timestamp="2019-08-09T08:14:31.426" />
<gc-end id="4528" type="partial gc" contextid="4522" durationms="13.520" usertimems="29.389" systemtimems="5.823" timestamp="2019-08-09T08:14:31.426" activeThreads="16">
  <mem-info id="4529" free="352321536" total="390070272" percent="90">
    <mem type="eden" free="2044680" total="6291456" percent="32" />
    <remembered-set count="8992" freebytes="16396672" totalbytes="16432640" percent="99" regionsoverflowed="0" regionsstable="10" regionsrebuilding="0"/>
  </mem-info>
</gc-end>
<cycle-end id="4530" type="partial gc" contextid="4522" timestamp="2019-08-09T08:14:31.426" />
  <attribute name="elasticGC enabled" value="1" />
  <attribute name= "numThreadsSpecified" value="16" />
  <attribute name="heapSize specified" value="0" />
  <attribute name="Current GC Util" value="31" />
  <attribute name= "Current Time Running" value="106502" />
  <attribute name ="GC Interval" value="0" />
  <attribute name="Target GC Util Change" value ="80.000000" />
  <attribute name="Current GC Util Change" value="31.000000"/>
  <attribute name="Current Error" value="115.000000" />
  <attribute name="Output H" value="411079704"/>
  <attribute name="Output I" value="2072"/>
  <attribute name="Output T" value="16"/>
  <attribute name= "Current Time Running" value="106502" />
  <attribute name="GC Util currently" value="31" />
  <attribute name="CPU Util currently" value="484603609273" />
<exclusive-end id="4531" timestamp="2019-08-09T08:14:31.426" durationms="14.217" />

<exclusive-start id="4532" timestamp="2019-08-09T08:14:31.692" intervalms="279.640">
  <response-info timems="4.641" idlems="2.339" threads="1" lastid="0000000002412700" lastname="Thread-40" />
</exclusive-start>
<allocation-taxation id="4533" taxation-threshold="104857600" timestamp="2019-08-09T08:14:31.692" intervalms="279.639" />
<cycle-start id="4534" type="partial gc" contextid="0" timestamp="2019-08-09T08:14:31.692" intervalms="279.629" />
<gc-start id="4535" type="partial gc" contextid="4534" timestamp="2019-08-09T08:14:31.692">
  <mem-info id="4536" free="247463936" total="390070272" percent="63">
    <mem type="eden" free="0" total="104857600" percent="0" />
    <remembered-set count="8800" freebytes="16397440" totalbytes="16432640" percent="99" regionsoverflowed="0" regionsstable="10" regionsrebuilding="0"/>
  </mem-info>
</gc-start>
<allocation-stats totalBytes="104701912" >
  <allocated-bytes non-tlh="32776" tlh="104669136" arrayletleaf="0"/>
  <largest-consumer threadName="Thread-48" threadId="0000000002437E00" bytes="10101368" />
</allocation-stats>
<gc-op id="4537" type="copy forward" timems="11.220" contextid="4534" timestamp="2019-08-09T08:14:31.706">
  <memory-copied type="eden" objects="10576" bytes="4144768" bytesdiscarded="833224" />
  <memory-copied type="other" objects="27896" bytes="1045872" bytesdiscarded="92776" />
  <memory-cardclean objects="832" bytes="83536" />
  <regions eden="50" other="5" />
  <remembered-set-cleared processed="1708" cleared="761" durationms="0.097" />
  <finalization candidates="1" enqueued="0" />
  <references type="soft" candidates="25" cleared="0" enqueued="0" dynamicThreshold="28" maxThreshold="32" />
  <references type="weak" candidates="88" cleared="0" enqueued="0" />
  <references type="phantom" candidates="26" cleared="0" enqueued="0" />
  <stringconstants candidates="16016" cleared="0"  />
</gc-op>
<gc-op id="4538" type="classunload" timems="0.011" contextid="4534" timestamp="2019-08-09T08:14:31.706">
  <classunload-info classloadercandidates="68" classloadersunloaded="0" classesunloaded="0" anonymousclassesunloaded="0" quiescems="0.000" setupms="0.011" scanms="0.000" postms="0.000" />
</gc-op>
<heap-resize id="4539" type="contract" space="default" amount="20971520" count="1" timems="0.327" reason="excess free space following gc" timestamp="2019-08-09T08:14:31.706" />
<gc-end id="4540" type="partial gc" contextid="4534" durationms="14.132" usertimems="26.589" systemtimems="20.801" timestamp="2019-08-09T08:14:31.706" activeThreads="16">
  <mem-info id="4541" free="329252864" total="369098752" percent="89">
    <mem type="eden" free="1313192" total="6291456" percent="20" />
    <remembered-set count="9504" freebytes="15556224" totalbytes="15594240" percent="99" regionsoverflowed="0" regionsstable="10" regionsrebuilding="0"/>
  </mem-info>
</gc-end>
<cycle-end id="4542" type="partial gc" contextid="4534" timestamp="2019-08-09T08:14:31.706" />
  <attribute name="elasticGC enabled" value="1" />
  <attribute name= "numThreadsSpecified" value="16" />
  <attribute name="heapSize specified" value="0" />
  <attribute name="Current GC Util" value="76" />
  <attribute name= "Current Time Running" value="106782" />
  <attribute name ="GC Interval" value="0" />
  <attribute name="Target GC Util Change" value ="80.000000" />
  <attribute name="Current GC Util Change" value="76.000000"/>
  <attribute name="Current Error" value="188.000000" />
  <attribute name="Output H" value="390108224"/>
  <attribute name="Output I" value="2112"/>
  <attribute name="Output T" value="16"/>
  <attribute name= "Current Time Running" value="106782" />
  <attribute name="GC Util currently" value="76" />
  <attribute name="CPU Util currently" value="558774110411" />
<exclusive-end id="4543" timestamp="2019-08-09T08:14:31.706" durationms="14.932" />

<exclusive-start id="4544" timestamp="2019-08-09T08:14:32.010" intervalms="318.006">
  <response-info timems="8.625" idlems="8.625" threads="0" lastid="0000000002430600" lastname="Thread-43" />
</exclusive-start>
<allocation-taxation id="4545" taxation-threshold="98566144" timestamp="2019-08-09T08:14:32.010" intervalms="318.019" />
<cycle-start id="4546" type="partial gc" contextid="0" timestamp="2019-08-09T08:14:32.010" intervalms="318.037" />
<gc-start id="4547" type="partial gc" contextid="4546" timestamp="2019-08-09T08:14:32.010">
  <mem-info id="4548" free="230686720" total="369098752" percent="62">
    <mem type="eden" free="0" total="98566144" percent="0" />
    <remembered-set count="9280" freebytes="15557120" totalbytes="15594240" percent="99" regionsoverflowed="0" regionsstable="10" regionsrebuilding="0"/>
  </mem-info>
</gc-start>
<allocation-stats totalBytes="98414584" >
  <allocated-bytes non-tlh="65552" tlh="98349032" arrayletleaf="0"/>
  <largest-consumer threadName="Thread-49" threadId="0000000002428F00" bytes="10566800" />
</allocation-stats>
<gc-op id="4549" type="copy forward" timems="9.322" contextid="4546" timestamp="2019-08-09T08:14:32.022">
  <memory-copied type="eden" objects="8856" bytes="3617768" bytesdiscarded="945728" />
  <memory-copied type="other" objects="27633" bytes="1038360" bytesdiscarded="74728" />
  <memory-cardclean objects="861" bytes="85208" />
  <regions eden="47" other="5" />
  <remembered-set-cleared processed="1786" cleared="836" durationms="0.093" />
  <finalization candidates="1" enqueued="0" />
  <references type="soft" candidates="25" cleared="0" enqueued="0" dynamicThreshold="28" maxThreshold="32" />
  <references type="weak" candidates="88" cleared="0" enqueued="0" />
  <references type="phantom" candidates="36" cleared="0" enqueued="0" />
  <stringconstants candidates="16016" cleared="0"  />
</gc-op>
<gc-op id="4550" type="classunload" timems="0.015" contextid="4546" timestamp="2019-08-09T08:14:32.022">
  <classunload-info classloadercandidates="68" classloadersunloaded="0" classesunloaded="0" anonymousclassesunloaded="0" quiescems="0.000" setupms="0.015" scanms="0.000" postms="0.000" />
</gc-op>
<heap-resize id="4551" type="contract" space="default" amount="18874368" count="1" timems="0.750" reason="excess free space following gc" timestamp="2019-08-09T08:14:32.023" />
<gc-end id="4552" type="partial gc" contextid="4546" durationms="12.451" usertimems="33.756" systemtimems="5.457" timestamp="2019-08-09T08:14:32.023" activeThreads="16">
  <mem-info id="4553" free="308281344" total="350224384" percent="88">
    <mem type="eden" free="1727680" total="6291456" percent="27" />
    <remembered-set count="9568" freebytes="14717568" totalbytes="14755840" percent="99" regionsoverflowed="0" regionsstable="10" regionsrebuilding="0"/>
  </mem-info>
</gc-end>
<cycle-end id="4554" type="partial gc" contextid="4546" timestamp="2019-08-09T08:14:32.023" />
  <attribute name="elasticGC enabled" value="1" />
  <attribute name= "numThreadsSpecified" value="16" />
  <attribute name="heapSize specified" value="0" />
  <attribute name="Current GC Util" value="56" />
  <attribute name= "Current Time Running" value="107099" />
  <attribute name ="GC Interval" value="0" />
  <attribute name="Target GC Util Change" value ="80.000000" />
  <attribute name="Current GC Util Change" value="56.000000"/>
  <attribute name="Current Error" value="281.000000" />
  <attribute name="Output H" value="369136760"/>
  <attribute name="Output I" value="2168"/>
  <attribute name="Output T" value="16"/>
  <attribute name= "Current Time Running" value="107099" />
  <attribute name="GC Util currently" value="56" />
  <attribute name="CPU Util currently" value="651155026492" />
<exclusive-end id="4555" timestamp="2019-08-09T08:14:32.023" durationms="13.293" />

<exclusive-start id="4556" timestamp="2019-08-09T08:14:32.262" intervalms="252.809">
  <response-info timems="4.725" idlems="4.725" threads="0" lastid="000000000242CB00" lastname="Thread-45" />
</exclusive-start>
<allocation-taxation id="4557" taxation-threshold="94371840" timestamp="2019-08-09T08:14:32.262" intervalms="252.782" />
<cycle-start id="4558" type="partial gc" contextid="0" timestamp="2019-08-09T08:14:32.263" intervalms="252.821" />
<gc-start id="4559" type="partial gc" contextid="4558" timestamp="2019-08-09T08:14:32.263">
  <mem-info id="4560" free="213909504" total="350224384" percent="61">
    <mem type="eden" free="0" total="94371840" percent="0" />
    <remembered-set count="9536" freebytes="14717696" totalbytes="14755840" percent="99" regionsoverflowed="0" regionsstable="10" regionsrebuilding="0"/>
  </mem-info>
</gc-start>
<allocation-stats totalBytes="94298240" >
  <allocated-bytes non-tlh="65552" tlh="94232688" arrayletleaf="0"/>
  <largest-consumer threadName="Thread-46" threadId="0000000002461500" bytes="13418176" />
</allocation-stats>
<gc-op id="4561" type="copy forward" timems="11.969" contextid="4558" timestamp="2019-08-09T08:14:32.278">
  <memory-copied type="eden" objects="10161" bytes="3924760" bytesdiscarded="765408" />
  <memory-copied type="other" objects="27469" bytes="1034664" bytesdiscarded="84208" />
  <memory-cardclean objects="3834" bytes="187680" />
  <regions eden="45" other="5" />
  <remembered-set-cleared processed="906" cleared="280" durationms="0.097" />
  <finalization candidates="1" enqueued="0" />
  <references type="soft" candidates="25" cleared="0" enqueued="0" dynamicThreshold="28" maxThreshold="32" />
  <references type="weak" candidates="88" cleared="0" enqueued="0" />
  <references type="phantom" candidates="32" cleared="0" enqueued="0" />
  <stringconstants candidates="16016" cleared="0"  />
</gc-op>
<gc-op id="4562" type="classunload" timems="0.011" contextid="4558" timestamp="2019-08-09T08:14:32.278">
  <classunload-info classloadercandidates="68" classloadersunloaded="0" classesunloaded="0" anonymousclassesunloaded="0" quiescems="0.000" setupms="0.011" scanms="0.000" postms="0.000" />
</gc-op>
<heap-resize id="4563" type="contract" space="default" amount="18874368" count="1" timems="0.729" reason="insufficient time being spent in gc" timestamp="2019-08-09T08:14:32.279" />
<gc-end id="4564" type="partial gc" contextid="4558" durationms="16.172" usertimems="40.616" systemtimems="18.052" timestamp="2019-08-09T08:14:32.279" activeThreads="16">
  <mem-info id="4565" free="287309824" total="331350016" percent="86">
    <mem type="eden" free="1601024" total="6291456" percent="25" />
    <remembered-set count="8512" freebytes="13967232" totalbytes="14001280" percent="99" regionsoverflowed="0" regionsstable="10" regionsrebuilding="0"/>
  </mem-info>
</gc-end>
<cycle-end id="4566" type="partial gc" contextid="4558" timestamp="2019-08-09T08:14:32.279" />
  <attribute name="elasticGC enabled" value="1" />
  <attribute name= "numThreadsSpecified" value="16" />
  <attribute name="heapSize specified" value="0" />
  <attribute name="Current GC Util" value="101" />
  <attribute name= "Current Time Running" value="107353" />
  <attribute name ="GC Interval" value="0" />
  <attribute name="Target GC Util Change" value ="80.000000" />
  <attribute name="Current GC Util Change" value="101.000000"/>
  <attribute name="Current Error" value="48.000000" />
  <attribute name="Output H" value="350262256"/>
  <attribute name="Output I" value="2032"/>
  <attribute name="Output T" value="16"/>
  <attribute name= "Current Time Running" value="107353" />
  <attribute name="GC Util currently" value="101" />
  <attribute name="CPU Util currently" value="371397485678" />
<exclusive-end id="4567" timestamp="2019-08-09T08:14:32.279" durationms="16.788" />

<exclusive-start id="4568" timestamp="2019-08-09T08:14:32.424" intervalms="161.977">
  <response-info timems="2.672" idlems="1.587" threads="1" lastid="0000000002459E00" lastname="Thread-50" />
</exclusive-start>
<allocation-taxation id="4569" taxation-threshold="90177536" timestamp="2019-08-09T08:14:32.424" intervalms="162.007" />
<cycle-start id="4570" type="partial gc" contextid="0" timestamp="2019-08-09T08:14:32.425" intervalms="161.968" />
<gc-start id="4571" type="partial gc" contextid="4570" timestamp="2019-08-09T08:14:32.425">
  <mem-info id="4572" free="197132288" total="331350016" percent="59">
    <mem type="eden" free="0" total="90177536" percent="0" />
    <remembered-set count="8512" freebytes="13967232" totalbytes="14001280" percent="99" regionsoverflowed="0" regionsstable="10" regionsrebuilding="0"/>
  </mem-info>
</gc-start>
<allocation-stats totalBytes="89839440" >
  <allocated-bytes non-tlh="16392" tlh="89823048" arrayletleaf="0"/>
  <largest-consumer threadName="Thread-47" threadId="0000000002425300" bytes="9740952" />
</allocation-stats>
<gc-op id="4573" type="copy forward" timems="12.179" contextid="4570" timestamp="2019-08-09T08:14:32.439">
  <memory-copied type="eden" objects="9033" bytes="3813376" bytesdiscarded="802680" />
  <memory-copied type="other" objects="27294" bytes="1029400" bytesdiscarded="76648" />
  <memory-cardclean objects="9186" bytes="356320" />
  <regions eden="43" other="5" />
  <remembered-set-cleared processed="550" cleared="369" durationms="0.129" />
  <finalization candidates="1" enqueued="0" />
  <references type="soft" candidates="25" cleared="0" enqueued="0" dynamicThreshold="27" maxThreshold="32" />
  <references type="weak" candidates="88" cleared="0" enqueued="0" />
  <references type="phantom" candidates="35" cleared="0" enqueued="0" />
  <stringconstants candidates="16016" cleared="0"  />
</gc-op>
<gc-op id="4574" type="classunload" timems="0.010" contextid="4570" timestamp="2019-08-09T08:14:32.439">
  <classunload-info classloadercandidates="68" classloadersunloaded="0" classesunloaded="0" anonymousclassesunloaded="0" quiescems="0.000" setupms="0.010" scanms="0.000" postms="0.000" />
</gc-op>
<heap-resize id="4575" type="contract" space="default" amount="16777216" count="1" timems="0.680" reason="excess free space following gc" timestamp="2019-08-09T08:14:32.440" />
<gc-end id="4576" type="partial gc" contextid="4570" durationms="15.063" usertimems="35.591" systemtimems="16.673" timestamp="2019-08-09T08:14:32.440" activeThreads="16">
  <mem-info id="4577" free="268435456" total="314572800" percent="85">
    <mem type="eden" free="1675120" total="6291456" percent="26" />
    <remembered-set count="9536" freebytes="13208576" totalbytes="13246720" percent="99" regionsoverflowed="0" regionsstable="10" regionsrebuilding="0"/>
  </mem-info>
</gc-end>
<cycle-end id="4578" type="partial gc" contextid="4570" timestamp="2019-08-09T08:14:32.440" />
  <attribute name="elasticGC enabled" value="1" />
  <attribute name= "numThreadsSpecified" value="16" />
  <attribute name="heapSize specified" value="0" />
  <attribute name="Current GC Util" value="60" />
  <attribute name= "Current Time Running" value="107514" />
  <attribute name ="GC Interval" value="0" />
  <attribute name="Target GC Util Change" value ="80.000000" />
  <attribute name="Current GC Util Change" value="60.000000"/>
  <attribute name="Current Error" value="123.000000" />
  <attribute name="Output H" value="331387928"/>
  <attribute name="Output I" value="2072"/>
  <attribute name="Output T" value="16"/>
  <attribute name= "Current Time Running" value="107514" />
  <attribute name="GC Util currently" value="60" />
  <attribute name="CPU Util currently" value="679815827006" />
<exclusive-end id="4579" timestamp="2019-08-09T08:14:32.440" durationms="15.929" />

<exclusive-start id="4580" timestamp="2019-08-09T08:14:32.618" intervalms="193.286">
  <response-info timems="0.791" idlems="0.207" threads="3" lastid="000000000242CB00" lastname="Thread-45" />
</exclusive-start>
<allocation-taxation id="4581" taxation-threshold="85983232" timestamp="2019-08-09T08:14:32.618" intervalms="193.473" />
<cycle-start id="4582" type="partial gc" contextid="0" timestamp="2019-08-09T08:14:32.618" intervalms="193.462" />
<gc-start id="4583" type="partial gc" contextid="4582" timestamp="2019-08-09T08:14:32.618">
  <mem-info id="4584" free="182452224" total="314572800" percent="58">
    <mem type="eden" free="0" total="85983232" percent="0" />
    <remembered-set count="9408" freebytes="13209088" totalbytes="13246720" percent="99" regionsoverflowed="0" regionsstable="10" regionsrebuilding="0"/>
  </mem-info>
</gc-start>
<allocation-stats totalBytes="85834448" >
  <allocated-bytes non-tlh="8200" tlh="85826248" arrayletleaf="0"/>
  <largest-consumer threadName="Thread-44" threadId="0000000002434200" bytes="7847312" />
</allocation-stats>
<gc-op id="4585" type="copy forward" timems="13.755" contextid="4582" timestamp="2019-08-09T08:14:32.635">
  <memory-copied type="eden" objects="9085" bytes="3653624" bytesdiscarded="801376" />
  <memory-copied type="other" objects="27107" bytes="1024768" bytesdiscarded="80800" />
  <memory-cardclean objects="1549" bytes="104912" />
  <regions eden="41" other="5" />
  <remembered-set-cleared processed="1750" cleared="842" durationms="0.101" />
  <finalization candidates="1" enqueued="0" />
  <references type="soft" candidates="25" cleared="0" enqueued="0" dynamicThreshold="27" maxThreshold="32" />
  <references type="weak" candidates="88" cleared="0" enqueued="0" />
  <references type="phantom" candidates="27" cleared="0" enqueued="0" />
  <stringconstants candidates="16016" cleared="0"  />
</gc-op>
<gc-op id="4586" type="classunload" timems="0.014" contextid="4582" timestamp="2019-08-09T08:14:32.635">
  <classunload-info classloadercandidates="68" classloadersunloaded="0" classesunloaded="0" anonymousclassesunloaded="0" quiescems="0.000" setupms="0.014" scanms="0.000" postms="0.000" />
</gc-op>
<heap-resize id="4587" type="contract" space="default" amount="16777216" count="1" timems="1.030" reason="excess free space following gc" timestamp="2019-08-09T08:14:32.636" />
<gc-end id="4588" type="partial gc" contextid="4582" durationms="17.931" usertimems="28.736" systemtimems="24.680" timestamp="2019-08-09T08:14:32.636" activeThreads="16">
  <mem-info id="4589" free="249561088" total="297795584" percent="83">
    <mem type="eden" free="1836184" total="6291456" percent="29" />
    <remembered-set count="8608" freebytes="12541568" totalbytes="12576000" percent="99" regionsoverflowed="0" regionsstable="10" regionsrebuilding="0"/>
  </mem-info>
</gc-end>
<cycle-end id="4590" type="partial gc" contextid="4582" timestamp="2019-08-09T08:14:32.636" />
  <attribute name="elasticGC enabled" value="1" />
  <attribute name= "numThreadsSpecified" value="16" />
  <attribute name="heapSize specified" value="0" />
  <attribute name="Current GC Util" value="138" />
  <attribute name= "Current Time Running" value="107708" />
  <attribute name ="GC Interval" value="0" />
  <attribute name="Target GC Util Change" value ="80.000000" />
  <attribute name="Current GC Util Change" value="138.000000"/>
  <attribute name="Current Error" value="123.000000" />
  <attribute name="Output H" value="314610712"/>
  <attribute name="Output I" value="2072"/>
  <attribute name="Output T" value="16"/>
  <attribute name= "Current Time Running" value="107708" />
  <attribute name="GC Util currently" value="138" />
  <attribute name="CPU Util currently" value="433856762154" />
<exclusive-end id="4591" timestamp="2019-08-09T08:14:32.636" durationms="18.707" />

<exclusive-start id="4592" timestamp="2019-08-09T08:14:32.780" intervalms="162.612">
  <response-info timems="3.577" idlems="3.577" threads="0" lastid="000000000243BA00" lastname="Thread-42" />
</exclusive-start>
<allocation-taxation id="4593" taxation-threshold="81788928" timestamp="2019-08-09T08:14:32.780" intervalms="162.402" />
<cycle-start id="4594" type="partial gc" contextid="0" timestamp="2019-08-09T08:14:32.780" intervalms="162.395" />
<gc-start id="4595" type="partial gc" contextid="4594" timestamp="2019-08-09T08:14:32.781">
  <mem-info id="4596" free="167772160" total="297795584" percent="56">
    <mem type="eden" free="0" total="81788928" percent="0" />
    <remembered-set count="8480" freebytes="12542080" totalbytes="12576000" percent="99" regionsoverflowed="0" regionsstable="10" regionsrebuilding="0"/>
  </mem-info>
</gc-start>
<allocation-stats totalBytes="81620128" >
  <allocated-bytes non-tlh="114720" tlh="81505408" arrayletleaf="0"/>
  <largest-consumer threadName="Thread-44" threadId="0000000002434200" bytes="8249624" />
</allocation-stats>
<gc-op id="4597" type="copy forward" timems="14.672" contextid="4594" timestamp="2019-08-09T08:14:32.797">
  <memory-copied type="eden" objects="9741" bytes="3961800" bytesdiscarded="889408" />
  <memory-copied type="other" objects="26946" bytes="1020536" bytesdiscarded="88248" />
  <memory-cardclean objects="1241" bytes="96128" />
  <regions eden="39" other="5" />
  <remembered-set-cleared processed="1668" cleared="738" durationms="0.286" />
  <finalization candidates="1" enqueued="0" />
  <references type="soft" candidates="25" cleared="0" enqueued="0" dynamicThreshold="26" maxThreshold="32" />
  <references type="weak" candidates="88" cleared="0" enqueued="0" />
  <references type="phantom" candidates="27" cleared="0" enqueued="0" />
  <stringconstants candidates="16016" cleared="0"  />
</gc-op>
<gc-op id="4598" type="classunload" timems="0.011" contextid="4594" timestamp="2019-08-09T08:14:32.797">
  <classunload-info classloadercandidates="68" classloadersunloaded="0" classesunloaded="0" anonymousclassesunloaded="0" quiescems="0.000" setupms="0.011" scanms="0.000" postms="0.000" />
</gc-op>
<heap-resize id="4599" type="contract" space="default" amount="16777216" count="1" timems="0.572" reason="excess free space following gc" timestamp="2019-08-09T08:14:32.798" />
<gc-end id="4600" type="partial gc" contextid="4594" durationms="17.172" usertimems="47.312" systemtimems="14.642" timestamp="2019-08-09T08:14:32.798" activeThreads="16">
  <mem-info id="4601" free="230686720" total="281018368" percent="82">
    <mem type="eden" free="1439968" total="6291456" percent="22" />
    <remembered-set count="9600" freebytes="11866880" totalbytes="11905280" percent="99" regionsoverflowed="0" regionsstable="10" regionsrebuilding="0"/>
  </mem-info>
</gc-end>
<cycle-end id="4602" type="partial gc" contextid="4594" timestamp="2019-08-09T08:14:32.798" />
  <attribute name="elasticGC enabled" value="1" />
  <attribute name= "numThreadsSpecified" value="16" />
  <attribute name="heapSize specified" value="0" />
  <attribute name="Current GC Util" value="57" />
  <attribute name= "Current Time Running" value="107869" />
  <attribute name ="GC Interval" value="0" />
  <attribute name="Target GC Util Change" value ="80.000000" />
  <attribute name="Current GC Util Change" value="57.000000"/>
  <attribute name="Current Error" value="77.000000" />
  <attribute name="Output H" value="297833472"/>
  <attribute name="Output I" value="2048"/>
  <attribute name="Output T" value="16"/>
  <attribute name= "Current Time Running" value="107869" />
  <attribute name="GC Util currently" value="57" />
  <attribute name="CPU Util currently" value="871490868429" />
<exclusive-end id="4603" timestamp="2019-08-09T08:14:32.798" durationms="17.780" />

<exclusive-start id="4604" timestamp="2019-08-09T08:14:32.961" intervalms="181.131">
  <response-info timems="0.986" idlems="0.986" threads="0" lastid="0000000002428F00" lastname="Thread-49" />
</exclusive-start>
<allocation-taxation id="4605" taxation-threshold="77594624" timestamp="2019-08-09T08:14:32.961" intervalms="181.167" />
<cycle-start id="4606" type="partial gc" contextid="0" timestamp="2019-08-09T08:14:32.962" intervalms="181.292" />
<gc-start id="4607" type="partial gc" contextid="4606" timestamp="2019-08-09T08:14:32.962">
  <mem-info id="4608" free="153092096" total="281018368" percent="54">
    <mem type="eden" free="0" total="77594624" percent="0" />
    <remembered-set count="9120" freebytes="11868800" totalbytes="11905280" percent="99" regionsoverflowed="0" regionsstable="10" regionsrebuilding="0"/>
  </mem-info>
</gc-start>
<allocation-stats totalBytes="77419528" >
  <allocated-bytes non-tlh="65560" tlh="77353968" arrayletleaf="0"/>
  <largest-consumer threadName="Thread-47" threadId="0000000002425300" bytes="8474456" />
</allocation-stats>
<gc-op id="4609" type="copy forward" timems="11.919" contextid="4606" timestamp="2019-08-09T08:14:32.978">
  <memory-copied type="eden" objects="9834" bytes="3932976" bytesdiscarded="846880" />
  <memory-copied type="other" objects="26797" bytes="1016560" bytesdiscarded="60992" />
  <memory-cardclean objects="1691" bytes="113872" />
  <regions eden="37" other="5" />
  <remembered-set-cleared processed="1685" cleared="819" durationms="0.097" />
  <finalization candidates="1" enqueued="0" />
  <references type="soft" candidates="25" cleared="0" enqueued="0" dynamicThreshold="26" maxThreshold="32" />
  <references type="weak" candidates="88" cleared="0" enqueued="0" />
  <references type="phantom" candidates="24" cleared="0" enqueued="0" />
  <stringconstants candidates="16016" cleared="0"  />
</gc-op>
<gc-op id="4610" type="classunload" timems="0.011" contextid="4606" timestamp="2019-08-09T08:14:32.978">
  <classunload-info classloadercandidates="68" classloadersunloaded="0" classesunloaded="0" anonymousclassesunloaded="0" quiescems="0.000" setupms="0.011" scanms="0.000" postms="0.000" />
</gc-op>
<heap-resize id="4611" type="contract" space="default" amount="14680064" count="1" timems="0.979" reason="excess free space following gc" timestamp="2019-08-09T08:14:32.979" />
<gc-end id="4612" type="partial gc" contextid="4606" durationms="16.412" usertimems="36.425" systemtimems="21.301" timestamp="2019-08-09T08:14:32.979" activeThreads="16">
  <mem-info id="4613" free="213909504" total="266338304" percent="80">
    <mem type="eden" free="1511352" total="6291456" percent="24" />
    <remembered-set count="9504" freebytes="11196544" totalbytes="11234560" percent="99" regionsoverflowed="0" regionsstable="10" regionsrebuilding="0"/>
  </mem-info>
</gc-end>
<cycle-end id="4614" type="partial gc" contextid="4606" timestamp="2019-08-09T08:14:32.979" />
  <attribute name="elasticGC enabled" value="1" />
  <attribute name= "numThreadsSpecified" value="16" />
  <attribute name="heapSize specified" value="0" />
  <attribute name="Current GC Util" value="33" />
  <attribute name= "Current Time Running" value="108053" />
  <attribute name ="GC Interval" value="0" />
  <attribute name="Target GC Util Change" value ="80.000000" />
  <attribute name="Current GC Util Change" value="33.000000"/>
  <attribute name="Current Error" value="184.000000" />
  <attribute name="Output H" value="281056320"/>
  <attribute name="Output I" value="2112"/>
  <attribute name="Output T" value="16"/>
  <attribute name= "Current Time Running" value="108053" />
  <attribute name="GC Util currently" value="33" />
  <attribute name="CPU Util currently" value="441341054098" />
<exclusive-end id="4615" timestamp="2019-08-09T08:14:32.979" durationms="17.652" />

<exclusive-start id="4616" timestamp="2019-08-09T08:14:33.139" intervalms="177.847">
  <response-info timems="1.529" idlems="0.767" threads="1" lastid="0000000002461500" lastname="Thread-46" />
</exclusive-start>
<allocation-taxation id="4617" taxation-threshold="73400320" timestamp="2019-08-09T08:14:33.139" intervalms="177.826" />
<cycle-start id="4618" type="partial gc" contextid="0" timestamp="2019-08-09T08:14:33.139" intervalms="177.810" />
<gc-start id="4619" type="partial gc" contextid="4618" timestamp="2019-08-09T08:14:33.140">
  <mem-info id="4620" free="140509184" total="266338304" percent="52">
    <mem type="eden" free="0" total="73400320" percent="0" />
    <remembered-set count="9312" freebytes="11197312" totalbytes="11234560" percent="99" regionsoverflowed="0" regionsstable="10" regionsrebuilding="0"/>
  </mem-info>
</gc-start>
<allocation-stats totalBytes="73218112" >
  <allocated-bytes non-tlh="65560" tlh="73152552" arrayletleaf="0"/>
  <largest-consumer threadName="Thread-50" threadId="0000000002459E00" bytes="6964984" />
</allocation-stats>
<gc-op id="4621" type="copy forward" timems="11.375" contextid="4618" timestamp="2019-08-09T08:14:33.153">
  <memory-copied type="eden" objects="8620" bytes="3583616" bytesdiscarded="710472" />
  <memory-copied type="other" objects="51" bytes="2912" bytesdiscarded="624" />
  <memory-cardclean objects="3623" bytes="157776" />
  <regions eden="35" other="4" />
  <remembered-set-cleared processed="2369" cleared="1028" durationms="0.137" />
  <references type="phantom" candidates="5" cleared="0" enqueued="0" />
  <stringconstants candidates="16016" cleared="0"  />
</gc-op>
<gc-op id="4622" type="classunload" timems="0.013" contextid="4618" timestamp="2019-08-09T08:14:33.153">
  <classunload-info classloadercandidates="68" classloadersunloaded="0" classesunloaded="0" anonymousclassesunloaded="0" quiescems="0.000" setupms="0.013" scanms="0.000" postms="0.000" />
</gc-op>
<heap-resize id="4623" type="contract" space="default" amount="14680064" count="1" timems="1.053" reason="excess free space following gc" timestamp="2019-08-09T08:14:33.155" />
<gc-end id="4624" type="partial gc" contextid="4618" durationms="14.908" usertimems="25.812" systemtimems="23.737" timestamp="2019-08-09T08:14:33.155" activeThreads="16">
  <mem-info id="4625" free="197132288" total="251658240" percent="78">
    <mem type="eden" free="1997056" total="6291456" percent="31" />
    <remembered-set count="9856" freebytes="10608256" totalbytes="10647680" percent="99" regionsoverflowed="0" regionsstable="10" regionsrebuilding="0"/>
  </mem-info>
</gc-end>
<cycle-end id="4626" type="partial gc" contextid="4618" timestamp="2019-08-09T08:14:33.155" />
  <attribute name="elasticGC enabled" value="1" />
  <attribute name= "numThreadsSpecified" value="16" />
  <attribute name="heapSize specified" value="0" />
  <attribute name="Current GC Util" value="61" />
  <attribute name= "Current Time Running" value="108229" />
  <attribute name ="GC Interval" value="0" />
  <attribute name="Target GC Util Change" value ="80.000000" />
  <attribute name="Current GC Util Change" value="61.000000"/>
  <attribute name="Current Error" value="261.000000" />
  <attribute name="Output H" value="266376296"/>
  <attribute name="Output I" value="2152"/>
  <attribute name="Output T" value="16"/>
  <attribute name= "Current Time Running" value="108229" />
  <attribute name="GC Util currently" value="61" />
  <attribute name="CPU Util currently" value="708455537900" />
<exclusive-end id="4627" timestamp="2019-08-09T08:14:33.155" durationms="15.971" />

<exclusive-start id="4628" timestamp="2019-08-09T08:14:33.286" intervalms="146.333">
  <response-info timems="1.055" idlems="1.055" threads="0" lastid="0000000002456200" lastname="Thread-51" />
</exclusive-start>
<allocation-taxation id="4629" taxation-threshold="69206016" timestamp="2019-08-09T08:14:33.286" intervalms="146.342" />
<cycle-start id="4630" type="partial gc" contextid="0" timestamp="2019-08-09T08:14:33.286" intervalms="146.684" />
<gc-start id="4631" type="partial gc" contextid="4630" timestamp="2019-08-09T08:14:33.286">
  <mem-info id="4632" free="127926272" total="251658240" percent="50">
    <mem type="eden" free="0" total="69206016" percent="0" />
    <remembered-set count="9440" freebytes="10609920" totalbytes="10647680" percent="99" regionsoverflowed="0" regionsstable="10" regionsrebuilding="0"/>
  </mem-info>
</gc-start>
<allocation-stats totalBytes="68986792" >
  <allocated-bytes non-tlh="0" tlh="68986792" arrayletleaf="0"/>
  <largest-consumer threadName="Thread-37" threadId="000000000244AA00" bytes="6907456" />
</allocation-stats>
<gc-op id="4633" type="copy forward" timems="9.688" contextid="4630" timestamp="2019-08-09T08:14:33.301">
  <memory-copied type="eden" objects="6543" bytes="2707648" bytesdiscarded="646512" />
  <memory-copied type="other" objects="26541" bytes="1011184" bytesdiscarded="85776" />
  <memory-cardclean objects="938" bytes="89368" />
  <regions eden="33" other="5" />
  <remembered-set-cleared processed="1785" cleared="832" durationms="0.119" />
  <finalization candidates="1" enqueued="0" />
  <references type="soft" candidates="25" cleared="0" enqueued="0" dynamicThreshold="25" maxThreshold="32" />
  <references type="weak" candidates="88" cleared="0" enqueued="0" />
  <references type="phantom" candidates="26" cleared="0" enqueued="0" />
  <stringconstants candidates="16016" cleared="0"  />
</gc-op>
<gc-op id="4634" type="classunload" timems="0.014" contextid="4630" timestamp="2019-08-09T08:14:33.301">
  <classunload-info classloadercandidates="68" classloadersunloaded="0" classesunloaded="0" anonymousclassesunloaded="0" quiescems="0.000" setupms="0.014" scanms="0.000" postms="0.000" />
</gc-op>
<heap-resize id="4635" type="contract" space="default" amount="12582912" count="1" timems="1.052" reason="excess free space following gc" timestamp="2019-08-09T08:14:33.302" />
<gc-end id="4636" type="partial gc" contextid="4630" durationms="15.533" usertimems="49.791" systemtimems="8.430" timestamp="2019-08-09T08:14:33.302" activeThreads="16">
  <mem-info id="4637" free="182452224" total="239075328" percent="76">
    <mem type="eden" free="2937048" total="6291456" percent="46" />
    <remembered-set count="9568" freebytes="10022528" totalbytes="10060800" percent="99" regionsoverflowed="0" regionsstable="10" regionsrebuilding="0"/>
  </mem-info>
</gc-end>
<cycle-end id="4638" type="partial gc" contextid="4630" timestamp="2019-08-09T08:14:33.303" />
  <attribute name="elasticGC enabled" value="1" />
  <attribute name= "numThreadsSpecified" value="16" />
  <attribute name="heapSize specified" value="0" />
  <attribute name="Current GC Util" value="40" />
  <attribute name= "Current Time Running" value="108378" />
  <attribute name ="GC Interval" value="0" />
  <attribute name="Target GC Util Change" value ="80.000000" />
  <attribute name="Current GC Util Change" value="40.000000"/>
  <attribute name="Current Error" value="97.000000" />
  <attribute name="Output H" value="251696136"/>
  <attribute name="Output I" value="2056"/>
  <attribute name="Output T" value="16"/>
  <attribute name= "Current Time Running" value="108378" />
  <attribute name="GC Util currently" value="40" />
  <attribute name="CPU Util currently" value="278179317486" />
<exclusive-end id="4639" timestamp="2019-08-09T08:14:33.303" durationms="17.515" />

<exclusive-start id="4640" timestamp="2019-08-09T08:14:33.370" intervalms="84.143">
  <response-info timems="0.402" idlems="0.402" threads="0" lastid="0000000002428F00" lastname="Thread-49" />
</exclusive-start>
<allocation-taxation id="4641" taxation-threshold="33554432" timestamp="2019-08-09T08:14:33.370" intervalms="84.116" />
<cycle-start id="4642" type="global mark phase" contextid="0" timestamp="2019-08-09T08:14:33.370" intervalms="11110.758" />
<gc-start id="4643" type="global mark phase" contextid="4642" timestamp="2019-08-09T08:14:33.370">
  <mem-info id="4644" free="148897792" total="239075328" percent="62">
    <remembered-set count="9472" freebytes="10022912" totalbytes="10060800" percent="99" regionsoverflowed="0" regionsstable="10" regionsrebuilding="0"/>
  </mem-info>
</gc-start>
<gc-op id="4645" type="mark increment" timems="4.300" contextid="4642" timestamp="2019-08-09T08:14:33.374">
  <trace-info objectcount="50155" scancount="26192" scanbytes="1989872" />
</gc-op>
<gc-end id="4646" type="global mark phase" contextid="4642" durationms="4.346" usertimems="14.087" systemtimems="8.188" timestamp="2019-08-09T08:14:33.374" activeThreads="16">
  <mem-info id="4647" free="148897792" total="239075328" percent="62">
    <remembered-set count="17664" freebytes="9990144" totalbytes="10060800" percent="99" regionsoverflowed="0" regionsstable="0" regionsrebuilding="10"/>
  </mem-info>
</gc-end>
<concurrent-start id="4648" type="GMP work packet processing" contextid="4642" timestamp="2019-08-09T08:14:33.375">
  <concurrent-mark-start scanTarget="10721141" />
</concurrent-start>
<exclusive-end id="4649" timestamp="2019-08-09T08:14:33.375" durationms="5.088" />

<concurrent-end id="4650" type="GMP work packet processing" contextid="4642" timestamp="2019-08-09T08:14:33.402">
  <concurrent-mark-end bytesScanned="10933936" reasonForTermination="Work target met" />
</concurrent-end>

<exclusive-start id="4651" timestamp="2019-08-09T08:14:33.434" intervalms="64.283">
  <response-info timems="1.998" idlems="1.023" threads="1" lastid="0000000002428F00" lastname="Thread-49" />
</exclusive-start>
<allocation-taxation id="4652" taxation-threshold="33554432" timestamp="2019-08-09T08:14:33.434" intervalms="64.295" />
<cycle-start id="4653" type="partial gc" contextid="0" timestamp="2019-08-09T08:14:33.434" intervalms="147.963" />
<gc-start id="4654" type="partial gc" contextid="4653" timestamp="2019-08-09T08:14:33.434">
  <mem-info id="4655" free="115343360" total="239075328" percent="48">
    <mem type="eden" free="0" total="67108864" percent="0" />
    <remembered-set count="104544" freebytes="9642624" totalbytes="10060800" percent="95" regionsoverflowed="0" regionsstable="0" regionsrebuilding="10"/>
  </mem-info>
</gc-start>
<allocation-stats totalBytes="66788288" >
  <allocated-bytes non-tlh="98328" tlh="66689960" arrayletleaf="0"/>
  <largest-consumer threadName="Thread-49" threadId="0000000002428F00" bytes="4717104" />
</allocation-stats>
<gc-op id="4656" type="copy forward" timems="22.830" contextid="4653" timestamp="2019-08-09T08:14:33.460">
  <memory-copied type="eden" objects="9027" bytes="3608448" bytesdiscarded="881848" />
  <memory-copied type="other" objects="26418" bytes="1007464" bytesdiscarded="98664" />
  <memory-cardclean objects="34357" bytes="1536704" />
  <regions eden="32" other="5" />
  <remembered-set-cleared processed="88410" cleared="15985" durationms="1.008" />
  <finalization candidates="1" enqueued="0" />
  <references type="soft" candidates="25" cleared="0" enqueued="0" dynamicThreshold="19" maxThreshold="32" />
  <references type="weak" candidates="89" cleared="0" enqueued="0" />
  <references type="phantom" candidates="29" cleared="0" enqueued="0" />
  <stringconstants candidates="16016" cleared="0"  />
</gc-op>
<gc-op id="4657" type="classunload" timems="0.017" contextid="4653" timestamp="2019-08-09T08:14:33.460">
  <classunload-info classloadercandidates="68" classloadersunloaded="0" classesunloaded="0" anonymousclassesunloaded="0" quiescems="0.000" setupms="0.017" scanms="0.000" postms="0.000" />
</gc-op>
<heap-resize id="4658" type="contract" space="default" amount="12582912" count="1" timems="0.788" reason="excess free space following gc" timestamp="2019-08-09T08:14:33.461" />
<gc-end id="4659" type="partial gc" contextid="4653" durationms="26.616" usertimems="47.393" systemtimems="25.951" timestamp="2019-08-09T08:14:33.461" activeThreads="16">
  <mem-info id="4660" free="167772160" total="226492416" percent="74">
    <mem type="eden" free="1800880" total="6291456" percent="28" />
    <remembered-set count="90304" freebytes="9196544" totalbytes="9557760" percent="96" regionsoverflowed="0" regionsstable="0" regionsrebuilding="10"/>
  </mem-info>
</gc-end>
<cycle-end id="4661" type="partial gc" contextid="4653" timestamp="2019-08-09T08:14:33.461" />
  <attribute name="elasticGC enabled" value="1" />
  <attribute name= "numThreadsSpecified" value="16" />
  <attribute name="heapSize specified" value="0" />
  <attribute name="Current GC Util" value="67" />
  <attribute name= "Current Time Running" value="108524" />
  <attribute name ="GC Interval" value="0" />
  <attribute name="Target GC Util Change" value ="80.000000" />
  <attribute name="Current GC Util Change" value="67.000000"/>
  <attribute name="Current Error" value="-100.000000" />
  <attribute name="Output H" value="239113112"/>
  <attribute name="Output I" value="1944"/>
  <attribute name="Output T" value="16"/>
  <attribute name= "Current Time Running" value="108524" />
  <attribute name="GC Util currently" value="67" />
  <attribute name="CPU Util currently" value="770411902973" />
<exclusive-end id="4662" timestamp="2019-08-09T08:14:33.462" durationms="27.932" />

<exclusive-start id="4663" timestamp="2019-08-09T08:14:33.514" intervalms="80.478">
  <response-info timems="0.628" idlems="0.256" threads="3" lastid="0000000002137300" lastname="JIT Compilation Thread-2" />
</exclusive-start>
<allocation-taxation id="4664" taxation-threshold="31457280" timestamp="2019-08-09T08:14:33.515" intervalms="80.469" />
<gc-start id="4665" type="global mark phase" contextid="4642" timestamp="2019-08-09T08:14:33.515">
  <mem-info id="4666" free="136314880" total="226492416" percent="60">
    <remembered-set count="90304" freebytes="9196544" totalbytes="9557760" percent="96" regionsoverflowed="0" regionsstable="0" regionsrebuilding="10"/>
  </mem-info>
</gc-start>
<gc-end id="4667" type="global mark phase" contextid="4642" durationms="0.023" usertimems="0.013" systemtimems="0.008" timestamp="2019-08-09T08:14:33.515" activeThreads="16">
  <mem-info id="4668" free="136314880" total="226492416" percent="60">
    <remembered-set count="90304" freebytes="9196544" totalbytes="9557760" percent="96" regionsoverflowed="0" regionsstable="0" regionsrebuilding="10"/>
  </mem-info>
</gc-end>
<concurrent-start id="4669" type="GMP work packet processing" contextid="4642" timestamp="2019-08-09T08:14:33.516">
  <concurrent-mark-start scanTarget="10721141" />
</concurrent-start>
<exclusive-end id="4670" timestamp="2019-08-09T08:14:33.516" durationms="1.473" />

<concurrent-end id="4671" type="GMP work packet processing" contextid="4642" timestamp="2019-08-09T08:14:33.550">
  <concurrent-mark-end bytesScanned="3880068" reasonForTermination="Completed all work in GC phase" />
</concurrent-end>

<exclusive-start id="4672" timestamp="2019-08-09T08:14:33.586" intervalms="71.606">
  <response-info timems="1.766" idlems="1.766" threads="0" lastid="000000000242CB00" lastname="Thread-45" />
</exclusive-start>
<allocation-taxation id="4673" taxation-threshold="31457280" timestamp="2019-08-09T08:14:33.586" intervalms="71.596" />
<cycle-start id="4674" type="partial gc" contextid="0" timestamp="2019-08-09T08:14:33.586" intervalms="152.127" />
<gc-start id="4675" type="partial gc" contextid="4674" timestamp="2019-08-09T08:14:33.587">
  <mem-info id="4676" free="104857600" total="226492416" percent="46">
    <mem type="eden" free="0" total="62914560" percent="0" />
    <remembered-set count="128160" freebytes="9045120" totalbytes="9557760" percent="94" regionsoverflowed="0" regionsstable="0" regionsrebuilding="10"/>
  </mem-info>
</gc-start>
<allocation-stats totalBytes="62567384" >
  <allocated-bytes non-tlh="49168" tlh="62518216" arrayletleaf="0"/>
  <largest-consumer threadName="Thread-50" threadId="0000000002459E00" bytes="3661056" />
</allocation-stats>
<gc-op id="4677" type="copy forward" timems="13.399" contextid="4674" timestamp="2019-08-09T08:14:33.603">
  <memory-copied type="eden" objects="9412" bytes="3794400" bytesdiscarded="855880" />
  <memory-copied type="other" objects="26287" bytes="1004080" bytesdiscarded="46192" />
  <memory-cardclean objects="944" bytes="90304" />
  <regions eden="30" other="4" />
  <remembered-set-cleared processed="118697" cleared="2216" durationms="1.040" />
  <finalization candidates="1" enqueued="0" />
  <references type="soft" candidates="25" cleared="0" enqueued="0" dynamicThreshold="19" maxThreshold="32" />
  <references type="weak" candidates="88" cleared="0" enqueued="0" />
  <references type="phantom" candidates="26" cleared="0" enqueued="0" />
  <stringconstants candidates="16016" cleared="0"  />
</gc-op>
<gc-op id="4678" type="classunload" timems="0.014" contextid="4674" timestamp="2019-08-09T08:14:33.603">
  <classunload-info classloadercandidates="68" classloadersunloaded="0" classesunloaded="0" anonymousclassesunloaded="0" quiescems="0.000" setupms="0.014" scanms="0.000" postms="0.000" />
</gc-op>
<heap-resize id="4679" type="contract" space="default" amount="12582912" count="1" timems="1.235" reason="excess free space following gc" timestamp="2019-08-09T08:14:33.604" />
<gc-end id="4680" type="partial gc" contextid="4674" durationms="17.472" usertimems="70.223" systemtimems="16.861" timestamp="2019-08-09T08:14:33.604" activeThreads="16">
  <mem-info id="4681" free="150994944" total="213909504" percent="70">
    <mem type="eden" free="3738056" total="8388608" percent="44" />
    <remembered-set count="129440" freebytes="8536960" totalbytes="9054720" percent="94" regionsoverflowed="0" regionsstable="0" regionsrebuilding="10"/>
  </mem-info>
</gc-end>
<cycle-end id="4682" type="partial gc" contextid="4674" timestamp="2019-08-09T08:14:33.605" />
  <attribute name="elasticGC enabled" value="1" />
  <attribute name= "numThreadsSpecified" value="16" />
  <attribute name="heapSize specified" value="0" />
  <attribute name="Current GC Util" value="49" />
  <attribute name= "Current Time Running" value="108676" />
  <attribute name ="GC Interval" value="0" />
  <attribute name="Target GC Util Change" value ="80.000000" />
  <attribute name="Current GC Util Change" value="49.000000"/>
  <attribute name="Current Error" value="-131.000000" />
  <attribute name="Output H" value="226530184"/>
  <attribute name="Output I" value="1928"/>
  <attribute name="Output T" value="16"/>
  <attribute name= "Current Time Running" value="108676" />
  <attribute name="GC Util currently" value="49" />
  <attribute name="CPU Util currently" value="567392636785" />
<exclusive-end id="4683" timestamp="2019-08-09T08:14:33.605" durationms="18.642" />

<exclusive-start id="4684" timestamp="2019-08-09T08:14:33.651" intervalms="65.012">
  <response-info timems="1.626" idlems="1.626" threads="0" lastid="000000000246C900" lastname="Thread-52" />
</exclusive-start>
<allocation-taxation id="4685" taxation-threshold="29360128" timestamp="2019-08-09T08:14:33.651" intervalms="65.035" />
<gc-start id="4686" type="global mark phase" contextid="4642" timestamp="2019-08-09T08:14:33.651">
  <mem-info id="4687" free="121634816" total="213909504" percent="56">
    <remembered-set count="129152" freebytes="8538112" totalbytes="9054720" percent="94" regionsoverflowed="0" regionsstable="0" regionsrebuilding="10"/>
  </mem-info>
</gc-start>
<gc-op id="4688" type="mark increment" timems="11.526" contextid="4642" timestamp="2019-08-09T08:14:33.663">
  <trace-info objectcount="8874" scancount="7287" scanbytes="1957472" />
  <cardclean-info objects="54682" bytes="2023220" />
  <finalization candidates="154" enqueued="0" />
  <ownableSynchronizers candidates="23" cleared="0" />
  <references type="soft" candidates="2294" cleared="0" enqueued="0" dynamicThreshold="22" maxThreshold="32" />
  <references type="weak" candidates="6382" cleared="20" enqueued="19" />
  <references type="phantom" candidates="912" cleared="0" enqueued="0" />
  <stringconstants candidates="16016" cleared="0"  />
</gc-op>
<gc-op id="4689" type="classunload" timems="0.017" contextid="4642" timestamp="2019-08-09T08:14:33.663">
  <classunload-info classloadercandidates="68" classloadersunloaded="0" classesunloaded="0" anonymousclassesunloaded="0" quiescems="0.000" setupms="0.016" scanms="0.000" postms="0.000" />
</gc-op>
<gc-end id="4690" type="global mark phase" contextid="4642" durationms="11.765" usertimems="49.241" systemtimems="6.729" timestamp="2019-08-09T08:14:33.663" activeThreads="16">
  <mem-info id="4691" free="121634816" total="213909504" percent="56">
    <pending-finalizers system="0" default="0" reference="19" classloader="0" />
    <remembered-set count="139392" freebytes="8497152" totalbytes="9054720" percent="93" regionsoverflowed="0" regionsstable="0" regionsrebuilding="0"/>
  </mem-info>
</gc-end>
<cycle-end id="4692" type="global mark phase" contextid="4642" timestamp="2019-08-09T08:14:33.663" />
  <attribute name="elasticGC enabled" value="1" />
  <attribute name= "numThreadsSpecified" value="16" />
  <attribute name="heapSize specified" value="0" />
  <attribute name="Current GC Util" value="203" />
  <attribute name= "Current Time Running" value="108745" />
  <attribute name ="GC Interval" value="0" />
  <attribute name="Target GC Util Change" value ="80.000000" />
  <attribute name="Current GC Util Change" value="203.000000"/>
  <attribute name="Current Error" value="-309.000000" />
  <attribute name="Output H" value="213947168"/>
  <attribute name="Output I" value="1824"/>
  <attribute name="Output T" value="16"/>
  <attribute name= "Current Time Running" value="108745" />
  <attribute name="GC Util currently" value="203" />
  <attribute name="CPU Util currently" value="721733362016" />
<exclusive-end id="4693" timestamp="2019-08-09T08:14:33.664" durationms="12.436" />

<exclusive-start id="4694" timestamp="2019-08-09T08:14:33.732" intervalms="81.128">
  <response-info timems="1.650" idlems="1.650" threads="0" lastid="000000000244AA00" lastname="Thread-37" />
</exclusive-start>
<allocation-taxation id="4695" taxation-threshold="29360128" timestamp="2019-08-09T08:14:33.732" intervalms="81.117" />
<cycle-start id="4696" type="partial gc" contextid="0" timestamp="2019-08-09T08:14:33.732" intervalms="146.081" />
<gc-start id="4697" type="partial gc" contextid="4696" timestamp="2019-08-09T08:14:33.733">
  <mem-info id="4698" free="92274688" total="213909504" percent="43">
    <mem type="eden" free="0" total="58720256" percent="0" />
    <remembered-set count="10112" freebytes="9014272" totalbytes="9054720" percent="99" regionsoverflowed="0" regionsstable="10" regionsrebuilding="0"/>
  </mem-info>
</gc-start>
<allocation-stats totalBytes="58240768" >
  <allocated-bytes non-tlh="8200" tlh="58232568" arrayletleaf="0"/>
  <largest-consumer threadName="Thread-46" threadId="0000000002461500" bytes="2977424" />
</allocation-stats>
<gc-op id="4699" type="sweep" timems="3.523" contextid="4696" timestamp="2019-08-09T08:14:33.737" />
<gc-op id="4700" type="copy forward" timems="9.927" contextid="4696" timestamp="2019-08-09T08:14:33.748">
  <memory-copied type="eden" objects="9789" bytes="3812504" bytesdiscarded="773270" />
  <memory-copied type="other" objects="35" bytes="1760" bytesdiscarded="138" />
  <memory-cardclean objects="3127" bytes="180744" />
  <regions eden="14" other="17" />
  <remembered-set-cleared processed="2311" cleared="932" durationms="0.144" />
  <references type="weak" candidates="1" cleared="0" enqueued="0" />
  <references type="phantom" candidates="2" cleared="0" enqueued="0" />
  <stringconstants candidates="16016" cleared="0"  />
</gc-op>
<gc-op id="4701" type="classunload" timems="0.012" contextid="4696" timestamp="2019-08-09T08:14:33.749">
  <classunload-info classloadercandidates="68" classloadersunloaded="0" classesunloaded="0" anonymousclassesunloaded="0" quiescems="0.000" setupms="0.012" scanms="0.000" postms="0.000" />
</gc-op>
<heap-resize id="4702" type="contract" space="default" amount="12582912" count="1" timems="0.514" reason="excess free space following gc" timestamp="2019-08-09T08:14:33.749" />
<gc-end id="4703" type="partial gc" contextid="4696" durationms="16.720" usertimems="10.861" systemtimems="31.066" timestamp="2019-08-09T08:14:33.749" activeThreads="16">
  <mem-info id="4704" free="138412032" total="201326592" percent="68">
    <mem type="eden" free="1704520" total="6291456" percent="27" />
    <remembered-set count="8960" freebytes="8515840" totalbytes="8551680" percent="99" regionsoverflowed="0" regionsstable="10" regionsrebuilding="0"/>
  </mem-info>
</gc-end>
<cycle-end id="4705" type="partial gc" contextid="4696" timestamp="2019-08-09T08:14:33.750" />
  <attribute name="elasticGC enabled" value="1" />
  <attribute name= "numThreadsSpecified" value="16" />
  <attribute name="heapSize specified" value="0" />
  <attribute name="Current GC Util" value="47" />
  <attribute name= "Current Time Running" value="108826" />
  <attribute name ="GC Interval" value="0" />
  <attribute name="Target GC Util Change" value ="80.000000" />
  <attribute name="Current GC Util Change" value="47.000000"/>
  <attribute name="Current Error" value="-282.000000" />
  <attribute name="Output H" value="213947184"/>
  <attribute name="Output I" value="1840"/>
  <attribute name="Output T" value="16"/>
  <attribute name= "Current Time Running" value="108826" />
  <attribute name="GC Util currently" value="47" />
  <attribute name="CPU Util currently" value="733843310417" />
<exclusive-end id="4706" timestamp="2019-08-09T08:14:33.750" durationms="17.560" />

<exclusive-start id="4707" timestamp="2019-08-09T08:14:33.776" intervalms="44.035">
  <response-info timems="2.582" idlems="1.344" threads="1" lastid="0000000002456200" lastname="Thread-51" />
</exclusive-start>
<allocation-taxation id="4708" taxation-threshold="27262976" timestamp="2019-08-09T08:14:33.777" intervalms="44.631" />
<cycle-start id="4709" type="global mark phase" contextid="0" timestamp="2019-08-09T08:14:33.777" intervalms="407.049" />
<gc-start id="4710" type="global mark phase" contextid="4709" timestamp="2019-08-09T08:14:33.777">
  <mem-info id="4711" free="111149056" total="201326592" percent="55">
    <remembered-set count="8640" freebytes="8517120" totalbytes="8551680" percent="99" regionsoverflowed="0" regionsstable="10" regionsrebuilding="0"/>
  </mem-info>
</gc-start>
<gc-op id="4712" type="mark increment" timems="4.952" contextid="4709" timestamp="2019-08-09T08:14:33.782">
  <trace-info objectcount="70713" scancount="48411" scanbytes="2887100" />
</gc-op>
<gc-end id="4713" type="global mark phase" contextid="4709" durationms="5.052" usertimems="22.061" systemtimems="4.708" timestamp="2019-08-09T08:14:33.782" activeThreads="16">
  <mem-info id="4714" free="111149056" total="201326592" percent="55">
    <remembered-set count="24512" freebytes="8453632" totalbytes="8551680" percent="98" regionsoverflowed="0" regionsstable="0" regionsrebuilding="10"/>
  </mem-info>
</gc-end>
<concurrent-start id="4715" type="GMP work packet processing" contextid="4709" timestamp="2019-08-09T08:14:33.782">
  <concurrent-mark-start scanTarget="11378504" />
</concurrent-start>
<exclusive-end id="4716" timestamp="2019-08-09T08:14:33.783" durationms="6.364" />

<concurrent-end id="4717" type="GMP work packet processing" contextid="4709" timestamp="2019-08-09T08:14:33.796">
  <concurrent-mark-end bytesScanned="11570352" reasonForTermination="Work target met" />
</concurrent-end>

<exclusive-start id="4718" timestamp="2019-08-09T08:14:33.875" intervalms="98.878">
  <response-info timems="3.888" idlems="1.962" threads="1" lastid="0000000002459E00" lastname="Thread-50" />
</exclusive-start>
<allocation-taxation id="4719" taxation-threshold="27262976" timestamp="2019-08-09T08:14:33.875" intervalms="98.286" />
<cycle-start id="4720" type="partial gc" contextid="0" timestamp="2019-08-09T08:14:33.875" intervalms="142.917" />
<gc-start id="4721" type="partial gc" contextid="4720" timestamp="2019-08-09T08:14:33.876">
  <mem-info id="4722" free="83886080" total="201326592" percent="41">
    <mem type="eden" free="0" total="54525952" percent="0" />
    <remembered-set count="121024" freebytes="8067584" totalbytes="8551680" percent="94" regionsoverflowed="0" regionsstable="0" regionsrebuilding="10"/>
  </mem-info>
</gc-start>
<allocation-stats totalBytes="54129808" >
  <allocated-bytes non-tlh="8200" tlh="54121608" arrayletleaf="0"/>
  <largest-consumer threadName="Thread-46" threadId="0000000002461500" bytes="3916960" />
</allocation-stats>
<gc-op id="4723" type="copy forward" timems="16.375" contextid="4720" timestamp="2019-08-09T08:14:33.894">
  <memory-copied type="eden" objects="8749" bytes="3455160" bytesdiscarded="605888" />
  <memory-copied type="other" objects="25084" bytes="737784" bytesdiscarded="47696" />
  <memory-cardclean objects="113508" bytes="4014920" />
  <regions eden="26" other="6" />
  <remembered-set-cleared processed="87090" cleared="44767" durationms="0.960" />
  <references type="weak" candidates="3" cleared="0" enqueued="0" />
  <references type="phantom" candidates="31" cleared="0" enqueued="0" />
  <stringconstants candidates="16016" cleared="0"  />
</gc-op>
<gc-op id="4724" type="classunload" timems="0.019" contextid="4720" timestamp="2019-08-09T08:14:33.894">
  <classunload-info classloadercandidates="68" classloadersunloaded="0" classesunloaded="0" anonymousclassesunloaded="0" quiescems="0.000" setupms="0.019" scanms="0.000" postms="0.000" />
</gc-op>
<heap-resize id="4725" type="contract" space="default" amount="10485760" count="1" timems="0.428" reason="excess free space following gc" timestamp="2019-08-09T08:14:33.894" />
<gc-end id="4726" type="partial gc" contextid="4720" durationms="18.772" usertimems="54.881" systemtimems="24.974" timestamp="2019-08-09T08:14:33.894" activeThreads="16">
  <mem-info id="4727" free="125829120" total="190840832" percent="65">
    <mem type="eden" free="2230136" total="6291456" percent="35" />
    <remembered-set count="75136" freebytes="7748096" totalbytes="8048640" percent="96" regionsoverflowed="0" regionsstable="0" regionsrebuilding="10"/>
  </mem-info>
</gc-end>
<cycle-end id="4728" type="partial gc" contextid="4720" timestamp="2019-08-09T08:14:33.895" />
  <attribute name="elasticGC enabled" value="1" />
  <attribute name= "numThreadsSpecified" value="16" />
  <attribute name="heapSize specified" value="0" />
  <attribute name="Current GC Util" value="95" />
  <attribute name= "Current Time Running" value="108964" />
  <attribute name ="GC Interval" value="0" />
  <attribute name="Target GC Util Change" value ="80.000000" />
  <attribute name="Current GC Util Change" value="95.000000"/>
  <attribute name="Current Error" value="-677.000000" />
  <attribute name="Output H" value="201364048"/>
  <attribute name="Output I" value="1616"/>
  <attribute name="Output T" value="16"/>
  <attribute name= "Current Time Running" value="108964" />
  <attribute name="GC Util currently" value="95" />
  <attribute name="CPU Util currently" value="924363332860" />
<exclusive-end id="4729" timestamp="2019-08-09T08:14:33.895" durationms="19.578" />

<exclusive-start id="4730" timestamp="2019-08-09T08:14:33.921" intervalms="46.164">
  <response-info timems="5.493" idlems="2.749" threads="1" lastid="000000000244AA00" lastname="Thread-37" />
</exclusive-start>
<allocation-taxation id="4731" taxation-threshold="27262976" timestamp="2019-08-09T08:14:33.921" intervalms="46.161" />
<gc-start id="4732" type="global mark phase" contextid="4709" timestamp="2019-08-09T08:14:33.921">
  <mem-info id="4733" free="98566144" total="190840832" percent="51">
    <remembered-set count="74720" freebytes="7749760" totalbytes="8048640" percent="96" regionsoverflowed="0" regionsstable="0" regionsrebuilding="10"/>
  </mem-info>
</gc-start>
<gc-end id="4734" type="global mark phase" contextid="4709" durationms="0.127" usertimems="0.133" systemtimems="0.079" timestamp="2019-08-09T08:14:33.922" activeThreads="16">
  <mem-info id="4735" free="98566144" total="190840832" percent="51">
    <remembered-set count="74720" freebytes="7749760" totalbytes="8048640" percent="96" regionsoverflowed="0" regionsstable="0" regionsrebuilding="10"/>
  </mem-info>
</gc-end>
<concurrent-start id="4736" type="GMP work packet processing" contextid="4709" timestamp="2019-08-09T08:14:33.922">
  <concurrent-mark-start scanTarget="11378504" />
</concurrent-start>
<exclusive-end id="4737" timestamp="2019-08-09T08:14:33.922" durationms="0.833" />

<concurrent-end id="4738" type="GMP work packet processing" contextid="4709" timestamp="2019-08-09T08:14:33.956">
  <concurrent-mark-end bytesScanned="2292540" reasonForTermination="Completed all work in GC phase" />
</concurrent-end>

<exclusive-start id="4739" timestamp="2019-08-09T08:14:33.996" intervalms="74.740">
  <response-info timems="1.242" idlems="0.635" threads="1" lastid="0000000002456200" lastname="Thread-51" />
</exclusive-start>
<allocation-taxation id="4740" taxation-threshold="27262976" timestamp="2019-08-09T08:14:33.996" intervalms="74.749" />
<cycle-start id="4741" type="partial gc" contextid="0" timestamp="2019-08-09T08:14:33.996" intervalms="120.947" />
<gc-start id="4742" type="partial gc" contextid="4741" timestamp="2019-08-09T08:14:33.997">
  <mem-info id="4743" free="71303168" total="190840832" percent="37">
    <mem type="eden" free="0" total="54525952" percent="0" />
    <remembered-set count="93344" freebytes="7675264" totalbytes="8048640" percent="95" regionsoverflowed="0" regionsstable="0" regionsrebuilding="10"/>
  </mem-info>
</gc-start>
<allocation-stats totalBytes="54123408" >
  <allocated-bytes non-tlh="0" tlh="54123408" arrayletleaf="0"/>
  <largest-consumer threadName="Thread-50" threadId="0000000002459E00" bytes="3816056" />
</allocation-stats>
<gc-op id="4744" type="copy forward" timems="10.563" contextid="4741" timestamp="2019-08-09T08:14:34.009">
  <memory-copied type="eden" objects="9921" bytes="4045712" bytesdiscarded="556232" />
  <memory-copied type="other" objects="31" bytes="2112" bytesdiscarded="0" />
  <memory-cardclean objects="64082" bytes="2380024" />
  <regions eden="26" other="5" />
  <remembered-set-cleared processed="75227" cleared="20372" durationms="1.160" />
  <references type="phantom" candidates="2" cleared="0" enqueued="0" />
  <stringconstants candidates="16016" cleared="0"  />
</gc-op>
<gc-op id="4745" type="classunload" timems="0.012" contextid="4741" timestamp="2019-08-09T08:14:34.009">
  <classunload-info classloadercandidates="68" classloadersunloaded="0" classesunloaded="0" anonymousclassesunloaded="0" quiescems="0.000" setupms="0.012" scanms="0.000" postms="0.000" />
</gc-op>
<heap-resize id="4746" type="contract" space="default" amount="10485760" count="1" timems="1.070" reason="excess free space following gc" timestamp="2019-08-09T08:14:34.010" />
<gc-end id="4747" type="partial gc" contextid="4741" durationms="13.656" usertimems="64.759" systemtimems="3.683" timestamp="2019-08-09T08:14:34.010" activeThreads="16">
  <mem-info id="4748" free="113246208" total="180355072" percent="62">
    <mem type="eden" free="1689232" total="6291456" percent="26" />
    <remembered-set count="76256" freebytes="7324416" totalbytes="7629440" percent="96" regionsoverflowed="0" regionsstable="0" regionsrebuilding="10"/>
  </mem-info>
</gc-end>
<cycle-end id="4749" type="partial gc" contextid="4741" timestamp="2019-08-09T08:14:34.011" />
  <attribute name="elasticGC enabled" value="1" />
  <attribute name= "numThreadsSpecified" value="16" />
  <attribute name="heapSize specified" value="0" />
  <attribute name="Current GC Util" value="75" />
  <attribute name= "Current Time Running" value="109085" />
  <attribute name ="GC Interval" value="0" />
  <attribute name="Target GC Util Change" value ="80.000000" />
  <attribute name="Current GC Util Change" value="75.000000"/>
  <attribute name="Current Error" value="68.000000" />
  <attribute name="Output H" value="190878712"/>
  <attribute name="Output I" value="2040"/>
  <attribute name="Output T" value="16"/>
  <attribute name= "Current Time Running" value="109085" />
  <attribute name="GC Util currently" value="75" />
  <attribute name="CPU Util currently" value="979861254804" />
<exclusive-end id="4750" timestamp="2019-08-09T08:14:34.011" durationms="14.609" />

<exclusive-start id="4751" timestamp="2019-08-09T08:14:34.037" intervalms="40.855">
  <response-info timems="3.706" idlems="3.706" threads="0" lastid="000000000244AA00" lastname="Thread-37" />
</exclusive-start>
<allocation-taxation id="4752" taxation-threshold="25165824" timestamp="2019-08-09T08:14:34.037" intervalms="40.918" />
<gc-start id="4753" type="global mark phase" contextid="4709" timestamp="2019-08-09T08:14:34.037">
  <mem-info id="4754" free="88080384" total="180355072" percent="48">
    <remembered-set count="76256" freebytes="7324416" totalbytes="7629440" percent="96" regionsoverflowed="0" regionsstable="0" regionsrebuilding="10"/>
  </mem-info>
</gc-start>
<gc-op id="4755" type="mark increment" timems="14.238" contextid="4709" timestamp="2019-08-09T08:14:34.051">
  <trace-info objectcount="9542" scancount="7699" scanbytes="1846472" />
  <cardclean-info objects="218258" bytes="6278936" />
  <finalization candidates="154" enqueued="0" />
  <ownableSynchronizers candidates="23" cleared="0" />
  <references type="soft" candidates="2294" cleared="0" enqueued="0" dynamicThreshold="20" maxThreshold="32" />
  <references type="weak" candidates="6363" cleared="0" enqueued="0" />
  <references type="phantom" candidates="911" cleared="0" enqueued="0" />
  <stringconstants candidates="16016" cleared="0"  />
</gc-op>
<gc-op id="4756" type="classunload" timems="0.011" contextid="4709" timestamp="2019-08-09T08:14:34.051">
  <classunload-info classloadercandidates="68" classloadersunloaded="0" classesunloaded="0" anonymousclassesunloaded="0" quiescems="0.000" setupms="0.011" scanms="0.000" postms="0.000" />
</gc-op>
<gc-end id="4757" type="global mark phase" contextid="4709" durationms="14.369" usertimems="42.135" systemtimems="10.487" timestamp="2019-08-09T08:14:34.051" activeThreads="16">
  <mem-info id="4758" free="88080384" total="180355072" percent="48">
    <remembered-set count="104928" freebytes="7209728" totalbytes="7629440" percent="94" regionsoverflowed="0" regionsstable="0" regionsrebuilding="0"/>
  </mem-info>
</gc-end>
<cycle-end id="4759" type="global mark phase" contextid="4709" timestamp="2019-08-09T08:14:34.052" />
  <attribute name="elasticGC enabled" value="1" />
  <attribute name= "numThreadsSpecified" value="16" />
  <attribute name="heapSize specified" value="0" />
  <attribute name="Current GC Util" value="164" />
  <attribute name= "Current Time Running" value="109131" />
  <attribute name ="GC Interval" value="0" />
  <attribute name="Target GC Util Change" value ="80.000000" />
  <attribute name="Current GC Util Change" value="164.000000"/>
  <attribute name="Current Error" value="-355.000000" />
  <attribute name="Output H" value="180392712"/>
  <attribute name="Output I" value="1800"/>
  <attribute name="Output T" value="16"/>
  <attribute name= "Current Time Running" value="109131" />
  <attribute name="GC Util currently" value="164" />
  <attribute name="CPU Util currently" value="576275432288" />
<exclusive-end id="4760" timestamp="2019-08-09T08:14:34.052" durationms="14.786" />

<exclusive-start id="4761" timestamp="2019-08-09T08:14:34.088" intervalms="51.575">
  <response-info timems="5.586" idlems="5.586" threads="0" lastid="0000000002459E00" lastname="Thread-50" />
</exclusive-start>
<allocation-taxation id="4762" taxation-threshold="25165824" timestamp="2019-08-09T08:14:34.089" intervalms="51.512" />
<cycle-start id="4763" type="partial gc" contextid="0" timestamp="2019-08-09T08:14:34.089" intervalms="92.475" />
<gc-start id="4764" type="partial gc" contextid="4763" timestamp="2019-08-09T08:14:34.089">
  <mem-info id="4765" free="62914560" total="180355072" percent="34">
    <mem type="eden" free="0" total="50331648" percent="0" />
    <remembered-set count="8992" freebytes="7593472" totalbytes="7629440" percent="99" regionsoverflowed="0" regionsstable="10" regionsrebuilding="0"/>
  </mem-info>
</gc-start>
<allocation-stats totalBytes="49938192" >
  <allocated-bytes non-tlh="0" tlh="49938192" arrayletleaf="0"/>
  <largest-consumer threadName="Thread-39" threadId="0000000002470500" bytes="3144632" />
</allocation-stats>
<gc-op id="4766" type="sweep" timems="1.862" contextid="4763" timestamp="2019-08-09T08:14:34.091" />
<gc-op id="4767" type="copy forward" timems="9.805" contextid="4763" timestamp="2019-08-09T08:14:34.102">
  <memory-copied type="eden" objects="7750" bytes="3209720" bytesdiscarded="713682" />
  <memory-copied type="other" objects="1129" bytes="506760" bytesdiscarded="78118" />
  <memory-cardclean objects="4213" bytes="176488" />
  <regions eden="12" other="16" />
  <remembered-set-cleared processed="2207" cleared="942" durationms="0.266" />
  <references type="phantom" candidates="4" cleared="0" enqueued="0" />
  <stringconstants candidates="16016" cleared="0"  />
</gc-op>
<gc-op id="4768" type="classunload" timems="0.011" contextid="4763" timestamp="2019-08-09T08:14:34.102">
  <classunload-info classloadercandidates="68" classloadersunloaded="0" classesunloaded="0" anonymousclassesunloaded="0" quiescems="0.000" setupms="0.010" scanms="0.000" postms="0.000" />
</gc-op>
<gc-end id="4769" type="partial gc" contextid="4763" durationms="13.473" usertimems="29.014" systemtimems="5.306" timestamp="2019-08-09T08:14:34.103" activeThreads="16">
  <mem-info id="4770" free="109051904" total="180355072" percent="60">
    <mem type="eden" free="3880576" total="8388608" percent="46" />
    <remembered-set count="10464" freebytes="7168384" totalbytes="7210240" percent="99" regionsoverflowed="0" regionsstable="10" regionsrebuilding="0"/>
  </mem-info>
</gc-end>
<cycle-end id="4771" type="partial gc" contextid="4763" timestamp="2019-08-09T08:14:34.103" />
  <attribute name="elasticGC enabled" value="1" />
  <attribute name= "numThreadsSpecified" value="16" />
  <attribute name="heapSize specified" value="0" />
  <attribute name="Current GC Util" value="71" />
  <attribute name= "Current Time Running" value="109180" />
  <attribute name ="GC Interval" value="0" />
  <attribute name="Target GC Util Change" value ="80.000000" />
  <attribute name="Current GC Util Change" value="71.000000"/>
  <attribute name="Current Error" value="-57.000000" />
  <attribute name="Output H" value="180392880"/>
  <attribute name="Output I" value="1968"/>
  <attribute name="Output T" value="16"/>
  <attribute name= "Current Time Running" value="109180" />
  <attribute name="GC Util currently" value="71" />
  <attribute name="CPU Util currently" value="1122663385965" />
<exclusive-end id="4772" timestamp="2019-08-09T08:14:34.103" durationms="14.582" />

<exclusive-start id="4773" timestamp="2019-08-09T08:14:34.135" intervalms="46.998">
  <response-info timems="3.608" idlems="3.608" threads="0" lastid="0000000002437E00" lastname="Thread-48" />
</exclusive-start>
<allocation-taxation id="4774" taxation-threshold="25165824" timestamp="2019-08-09T08:14:34.136" intervalms="46.984" />
<cycle-start id="4775" type="global mark phase" contextid="0" timestamp="2019-08-09T08:14:34.136" intervalms="358.523" />
<gc-start id="4776" type="global mark phase" contextid="4775" timestamp="2019-08-09T08:14:34.136">
  <mem-info id="4777" free="83886080" total="180355072" percent="46">
    <remembered-set count="10176" freebytes="7169536" totalbytes="7210240" percent="99" regionsoverflowed="0" regionsstable="10" regionsrebuilding="0"/>
  </mem-info>
</gc-start>
<gc-op id="4778" type="mark increment" timems="4.085" contextid="4775" timestamp="2019-08-09T08:14:34.140">
  <trace-info objectcount="12578" scancount="3870" scanbytes="713320" />
</gc-op>
<gc-end id="4779" type="global mark phase" contextid="4775" durationms="4.132" usertimems="1.711" systemtimems="7.084" timestamp="2019-08-09T08:14:34.140" activeThreads="16">
  <mem-info id="4780" free="83886080" total="180355072" percent="46">
    <remembered-set count="12224" freebytes="7161344" totalbytes="7210240" percent="99" regionsoverflowed="0" regionsstable="0" regionsrebuilding="10"/>
  </mem-info>
</gc-end>
<concurrent-start id="4781" type="GMP work packet processing" contextid="4775" timestamp="2019-08-09T08:14:34.140">
  <concurrent-mark-start scanTarget="11753189" />
</concurrent-start>
<exclusive-end id="4782" timestamp="2019-08-09T08:14:34.141" durationms="5.074" />

<concurrent-end id="4783" type="GMP work packet processing" contextid="4775" timestamp="2019-08-09T08:14:34.152">
  <concurrent-mark-end bytesScanned="11936640" reasonForTermination="Work target met" />
</concurrent-end>

<exclusive-start id="4784" timestamp="2019-08-09T08:14:34.210" intervalms="74.248">
  <response-info timems="3.642" idlems="0.664" threads="8" lastid="000000000242CB00" lastname="Thread-45" />
</exclusive-start>
<allocation-taxation id="4785" taxation-threshold="25165824" timestamp="2019-08-09T08:14:34.210" intervalms="74.369" />
<cycle-start id="4786" type="partial gc" contextid="0" timestamp="2019-08-09T08:14:34.210" intervalms="121.277" />
<gc-start id="4787" type="partial gc" contextid="4786" timestamp="2019-08-09T08:14:34.210">
  <mem-info id="4788" free="58720256" total="180355072" percent="32">
    <mem type="eden" free="0" total="50331648" percent="0" />
    <remembered-set count="97472" freebytes="6820352" totalbytes="7210240" percent="94" regionsoverflowed="0" regionsstable="0" regionsrebuilding="10"/>
  </mem-info>
</gc-start>
<allocation-stats totalBytes="50123600" >
  <allocated-bytes non-tlh="49168" tlh="50074432" arrayletleaf="0"/>
  <largest-consumer threadName="Thread-48" threadId="0000000002437E00" bytes="3595040" />
</allocation-stats>
<gc-op id="4789" type="copy forward" timems="11.394" contextid="4786" timestamp="2019-08-09T08:14:34.223">
  <memory-copied type="eden" objects="6466" bytes="2856448" bytesdiscarded="532176" />
  <memory-copied type="other" objects="25832" bytes="1041384" bytesdiscarded="84984" />
  <memory-cardclean objects="12815" bytes="586192" />
  <regions eden="24" other="6" />
  <remembered-set-cleared processed="86168" cleared="8068" durationms="0.658" />
  <references type="weak" candidates="2" cleared="0" enqueued="0" />
  <references type="phantom" candidates="36" cleared="0" enqueued="0" />
  <stringconstants candidates="16016" cleared="0"  />
</gc-op>
<gc-op id="4790" type="classunload" timems="0.013" contextid="4786" timestamp="2019-08-09T08:14:34.223">
  <classunload-info classloadercandidates="68" classloadersunloaded="0" classesunloaded="0" anonymousclassesunloaded="0" quiescems="0.000" setupms="0.012" scanms="0.000" postms="0.000" />
</gc-op>
<heap-resize id="4791" type="contract" space="default" amount="2097152" count="1" timems="0.235" reason="excess free space following gc" timestamp="2019-08-09T08:14:34.223" />
<gc-end id="4792" type="partial gc" contextid="4786" durationms="12.972" usertimems="42.499" systemtimems="9.579" timestamp="2019-08-09T08:14:34.223" activeThreads="16">
  <mem-info id="4793" free="109051904" total="178257920" percent="61">
    <mem type="eden" free="805376" total="4194304" percent="19" />
    <remembered-set count="93024" freebytes="6838144" totalbytes="7210240" percent="94" regionsoverflowed="0" regionsstable="0" regionsrebuilding="10"/>
  </mem-info>
</gc-end>
<cycle-end id="4794" type="partial gc" contextid="4786" timestamp="2019-08-09T08:14:34.223" />
  <attribute name="elasticGC enabled" value="1" />
  <attribute name= "numThreadsSpecified" value="16" />
  <attribute name="heapSize specified" value="0" />
  <attribute name="Current GC Util" value="130" />
  <attribute name= "Current Time Running" value="109298" />
  <attribute name ="GC Interval" value="0" />
  <attribute name="Target GC Util Change" value ="80.000000" />
  <attribute name="Current GC Util Change" value="130.000000"/>
  <attribute name="Current Error" value="-40.000000" />
  <attribute name="Output H" value="180392896"/>
  <attribute name="Output I" value="1984"/>
  <attribute name="Output T" value="16"/>
  <attribute name= "Current Time Running" value="109298" />
  <attribute name="GC Util currently" value="130" />
  <attribute name="CPU Util currently" value="1524177521376" />
<exclusive-end id="4795" timestamp="2019-08-09T08:14:34.224" durationms="13.853" />

<exclusive-start id="4796" timestamp="2019-08-09T08:14:34.240" intervalms="30.758">
  <response-info timems="0.652" idlems="0.349" threads="1" lastid="000000000243BA00" lastname="Thread-42" />
</exclusive-start>
<allocation-taxation id="4797" taxation-threshold="25165824" timestamp="2019-08-09T08:14:34.241" intervalms="30.717" />
<gc-start id="4798" type="global mark phase" contextid="4775" timestamp="2019-08-09T08:14:34.241">
  <mem-info id="4799" free="83886080" total="178257920" percent="47">
    <remembered-set count="92576" freebytes="6839936" totalbytes="7210240" percent="94" regionsoverflowed="0" regionsstable="0" regionsrebuilding="10"/>
  </mem-info>
</gc-start>
<gc-end id="4800" type="global mark phase" contextid="4775" durationms="0.033" usertimems="0.019" systemtimems="0.011" timestamp="2019-08-09T08:14:34.241" activeThreads="16">
  <mem-info id="4801" free="83886080" total="178257920" percent="47">
    <remembered-set count="92576" freebytes="6839936" totalbytes="7210240" percent="94" regionsoverflowed="0" regionsstable="0" regionsrebuilding="10"/>
  </mem-info>
</gc-end>
<concurrent-start id="4802" type="GMP work packet processing" contextid="4775" timestamp="2019-08-09T08:14:34.241">
  <concurrent-mark-start scanTarget="11753189" />
</concurrent-start>
<exclusive-end id="4803" timestamp="2019-08-09T08:14:34.241" durationms="0.846" />

<concurrent-end id="4804" type="GMP work packet processing" contextid="4775" timestamp="2019-08-09T08:14:34.262">
  <concurrent-mark-end bytesScanned="4039792" reasonForTermination="Completed all work in GC phase" />
</concurrent-end>

<exclusive-start id="4805" timestamp="2019-08-09T08:14:34.267" intervalms="26.930">
  <response-info timems="0.340" idlems="0.172" threads="1" lastid="0000000002461500" lastname="Thread-46" />
</exclusive-start>
<allocation-taxation id="4806" taxation-threshold="25165824" timestamp="2019-08-09T08:14:34.267" intervalms="26.849" />
<cycle-start id="4807" type="partial gc" contextid="0" timestamp="2019-08-09T08:14:34.268" intervalms="57.571" />
<gc-start id="4808" type="partial gc" contextid="4807" timestamp="2019-08-09T08:14:34.268">
  <mem-info id="4809" free="58720256" total="178257920" percent="32">
    <mem type="eden" free="0" total="50331648" percent="0" />
    <remembered-set count="135296" freebytes="6669056" totalbytes="7210240" percent="92" regionsoverflowed="0" regionsstable="0" regionsrebuilding="10"/>
  </mem-info>
</gc-start>
<allocation-stats totalBytes="49994752" >
  <allocated-bytes non-tlh="16392" tlh="49978360" arrayletleaf="0"/>
  <largest-consumer threadName="Thread-43" threadId="0000000002430600" bytes="3353248" />
</allocation-stats>
<gc-op id="4810" type="copy forward" timems="11.908" contextid="4807" timestamp="2019-08-09T08:14:34.281">
  <memory-copied type="eden" objects="10067" bytes="3966208" bytesdiscarded="789488" />
  <memory-copied type="other" objects="30" bytes="1408" bytesdiscarded="752" />
  <memory-cardclean objects="3242" bytes="230200" />
  <regions eden="24" other="3" />
  <remembered-set-cleared processed="126457" cleared="1303" durationms="0.678" />
  <stringconstants candidates="16016" cleared="0"  />
</gc-op>
<gc-op id="4811" type="classunload" timems="0.010" contextid="4807" timestamp="2019-08-09T08:14:34.281">
  <classunload-info classloadercandidates="68" classloadersunloaded="0" classesunloaded="0" anonymousclassesunloaded="0" quiescems="0.000" setupms="0.010" scanms="0.000" postms="0.000" />
</gc-op>
<heap-resize id="4812" type="expand" space="default" amount="6291456" count="1" timems="0.059" reason="excessive time being spent in gc" timestamp="2019-08-09T08:14:34.281" />
<gc-end id="4813" type="partial gc" contextid="4807" durationms="13.681" usertimems="22.187" systemtimems="6.228" timestamp="2019-08-09T08:14:34.281" activeThreads="16">
  <mem-info id="4814" free="111149056" total="184549376" percent="60">
    <mem type="eden" free="1535496" total="6291456" percent="24" />
    <remembered-set count="135360" freebytes="6836480" totalbytes="7377920" percent="92" regionsoverflowed="0" regionsstable="0" regionsrebuilding="10"/>
  </mem-info>
</gc-end>
<cycle-end id="4815" type="partial gc" contextid="4807" timestamp="2019-08-09T08:14:34.282" />
  <attribute name="elasticGC enabled" value="1" />
  <attribute name= "numThreadsSpecified" value="16" />
  <attribute name="heapSize specified" value="0" />
  <attribute name="Current GC Util" value="81" />
  <attribute name= "Current Time Running" value="109356" />
  <attribute name ="GC Interval" value="0" />
  <attribute name="Target GC Util Change" value ="80.000000" />
  <attribute name="Current GC Util Change" value="81.000000"/>
  <attribute name="Current Error" value="-90.000000" />
  <attribute name="Output H" value="178295712"/>
  <attribute name="Output I" value="1952"/>
  <attribute name="Output T" value="16"/>
  <attribute name= "Current Time Running" value="109356" />
  <attribute name="GC Util currently" value="81" />
  <attribute name="CPU Util currently" value="1141054442432" />
<exclusive-end id="4816" timestamp="2019-08-09T08:14:34.282" durationms="14.272" />

<exclusive-start id="4817" timestamp="2019-08-09T08:14:34.362" intervalms="94.236">
  <response-info timems="12.547" idlems="12.547" threads="0" lastid="0000000002425300" lastname="Thread-47" />
</exclusive-start>
<allocation-taxation id="4818" taxation-threshold="25165824" timestamp="2019-08-09T08:14:34.362" intervalms="94.286" />
<gc-start id="4819" type="global mark phase" contextid="4775" timestamp="2019-08-09T08:14:34.364">
  <mem-info id="4820" free="85983232" total="184549376" percent="46">
    <remembered-set count="135200" freebytes="6837120" totalbytes="7377920" percent="92" regionsoverflowed="0" regionsstable="0" regionsrebuilding="10"/>
  </mem-info>
</gc-start>
<gc-op id="4821" type="mark increment" timems="12.486" contextid="4775" timestamp="2019-08-09T08:14:34.376">
  <trace-info objectcount="10706" scancount="8518" scanbytes="1840756" />
  <cardclean-info objects="19202" bytes="661992" />
  <finalization candidates="154" enqueued="0" />
  <ownableSynchronizers candidates="23" cleared="0" />
  <references type="soft" candidates="2294" cleared="285" enqueued="284" dynamicThreshold="19" maxThreshold="32" />
  <references type="weak" candidates="6362" cleared="0" enqueued="0" />
  <references type="phantom" candidates="911" cleared="0" enqueued="0" />
  <stringconstants candidates="16016" cleared="0"  />
</gc-op>
<gc-op id="4822" type="classunload" timems="0.011" contextid="4775" timestamp="2019-08-09T08:14:34.376">
  <classunload-info classloadercandidates="68" classloadersunloaded="0" classesunloaded="0" anonymousclassesunloaded="0" quiescems="0.000" setupms="0.011" scanms="0.000" postms="0.000" />
</gc-op>
<gc-end id="4823" type="global mark phase" contextid="4775" durationms="12.682" usertimems="39.592" systemtimems="10.621" timestamp="2019-08-09T08:14:34.376" activeThreads="16">
  <mem-info id="4824" free="85983232" total="184549376" percent="46">
    <pending-finalizers system="0" default="0" reference="284" classloader="0" />
    <remembered-set count="140320" freebytes="6816640" totalbytes="7377920" percent="92" regionsoverflowed="0" regionsstable="0" regionsrebuilding="0"/>
  </mem-info>
</gc-end>
<cycle-end id="4825" type="global mark phase" contextid="4775" timestamp="2019-08-09T08:14:34.376" />
  <attribute name="elasticGC enabled" value="1" />
  <attribute name= "numThreadsSpecified" value="16" />
  <attribute name="heapSize specified" value="0" />
  <attribute name="Current GC Util" value="199" />
  <attribute name= "Current Time Running" value="109459" />
  <attribute name ="GC Interval" value="0" />
  <attribute name="Target GC Util Change" value ="80.000000" />
  <attribute name="Current GC Util Change" value="199.000000"/>
  <attribute name="Current Error" value="-193.000000" />
  <attribute name="Output H" value="184587112"/>
  <attribute name="Output I" value="1896"/>
  <attribute name="Output T" value="16"/>
  <attribute name= "Current Time Running" value="109459" />
  <attribute name="GC Util currently" value="199" />
  <attribute name="CPU Util currently" value="401444675551" />
<exclusive-end id="4826" timestamp="2019-08-09T08:14:34.377" durationms="15.073" />

<exclusive-start id="4827" timestamp="2019-08-09T08:14:34.405" intervalms="43.036">
  <response-info timems="5.292" idlems="5.286" threads="1" lastid="000000000244AA00" lastname="Thread-37" />
</exclusive-start>
<allocation-taxation id="4828" taxation-threshold="25165824" timestamp="2019-08-09T08:14:34.405" intervalms="43.044" />
<cycle-start id="4829" type="partial gc" contextid="0" timestamp="2019-08-09T08:14:34.405" intervalms="137.393" />
<gc-start id="4830" type="partial gc" contextid="4829" timestamp="2019-08-09T08:14:34.405">
  <mem-info id="4831" free="60817408" total="184549376" percent="32">
    <mem type="eden" free="0" total="50331648" percent="0" />
    <remembered-set count="8224" freebytes="7345024" totalbytes="7377920" percent="99" regionsoverflowed="0" regionsstable="10" regionsrebuilding="0"/>
  </mem-info>
</gc-start>
<allocation-stats totalBytes="49893576" >
  <allocated-bytes non-tlh="32784" tlh="49860792" arrayletleaf="0"/>
  <largest-consumer threadName="Thread-49" threadId="0000000002428F00" bytes="3714128" />
</allocation-stats>
<gc-op id="4832" type="sweep" timems="2.245" contextid="4829" timestamp="2019-08-09T08:14:34.408" />
<gc-op id="4833" type="copy forward" timems="10.550" contextid="4829" timestamp="2019-08-09T08:14:34.419">
  <memory-copied type="eden" objects="8236" bytes="3307360" bytesdiscarded="710033" />
  <memory-copied type="other" objects="638" bytes="261432" bytesdiscarded="50287" />
  <memory-cardclean objects="3578" bytes="212232" />
  <memory-traced type="eden" objects="553" bytes="65056" />
  <memory-traced type="other" objects="0" bytes="0" />
  <regions eden="12" other="15" evacuated="26" marked="1" />
  <remembered-set-cleared processed="2468" cleared="1050" durationms="0.353" />
  <references type="weak" candidates="1" cleared="0" enqueued="0" />
  <references type="phantom" candidates="3" cleared="0" enqueued="0" />
  <stringconstants candidates="16016" cleared="0"  />
</gc-op>
<gc-op id="4834" type="classunload" timems="0.010" contextid="4829" timestamp="2019-08-09T08:14:34.419">
  <classunload-info classloadercandidates="68" classloadersunloaded="0" classesunloaded="0" anonymousclassesunloaded="0" quiescems="0.000" setupms="0.010" scanms="0.000" postms="0.000" />
</gc-op>
<gc-op id="4835" type="sweep" timems="2.698" contextid="4829" timestamp="2019-08-09T08:14:34.422" />
<gc-op id="4836" type="compact" timems="6.001" contextid="4829" timestamp="2019-08-09T08:14:34.428">
  <compact-info movecount="0" movebytes="0" />
  <remembered-set-cleared processed="5304" cleared="1050" durationms="0.353" />
</gc-op>
<heap-resize id="4837" type="expand" space="default" amount="14680064" count="1" timems="0.070" reason="excessive time being spent in gc" timestamp="2019-08-09T08:14:34.429" />
<gc-end id="4838" type="partial gc" contextid="4829" durationms="23.494" usertimems="18.432" systemtimems="40.602" timestamp="2019-08-09T08:14:34.429" activeThreads="16">
  <mem-info id="4839" free="119537664" total="199229440" percent="60">
    <mem type="eden" free="4101904" total="10485760" percent="39" />
    <remembered-set count="6304" freebytes="7939584" totalbytes="7964800" percent="99" regionsoverflowed="0" regionsstable="10" regionsrebuilding="0"/>
  </mem-info>
</gc-end>
<cycle-end id="4840" type="partial gc" contextid="4829" timestamp="2019-08-09T08:14:34.429" />
  <attribute name="elasticGC enabled" value="1" />
  <attribute name= "numThreadsSpecified" value="16" />
  <attribute name="heapSize specified" value="0" />
  <attribute name="Current GC Util" value="113" />
  <attribute name= "Current Time Running" value="109510" />
  <attribute name ="GC Interval" value="0" />
  <attribute name="Target GC Util Change" value ="80.000000" />
  <attribute name="Current GC Util Change" value="113.000000"/>
  <attribute name="Current Error" value="-33.000000" />
  <attribute name="Output H" value="184587200"/>
  <attribute name="Output I" value="1984"/>
  <attribute name="Output T" value="16"/>
  <attribute name= "Current Time Running" value="109510" />
  <attribute name="GC Util currently" value="113" />
  <attribute name="CPU Util currently" value="381334380335" />
<exclusive-end id="4841" timestamp="2019-08-09T08:14:34.429" durationms="24.319" />

<exclusive-start id="4842" timestamp="2019-08-09T08:14:34.472" intervalms="67.808">
  <response-info timems="1.813" idlems="1.813" threads="0" lastid="0000000002474100" lastname="Thread-38" />
</exclusive-start>
<allocation-taxation id="4843" taxation-threshold="27262976" timestamp="2019-08-09T08:14:34.473" intervalms="67.748" />
<cycle-start id="4844" type="global mark phase" contextid="0" timestamp="2019-08-09T08:14:34.473" intervalms="337.028" />
<gc-start id="4845" type="global mark phase" contextid="4844" timestamp="2019-08-09T08:14:34.473">
  <mem-info id="4846" free="92274688" total="199229440" percent="46">
    <remembered-set count="6304" freebytes="7939584" totalbytes="7964800" percent="99" regionsoverflowed="0" regionsstable="10" regionsrebuilding="0"/>
  </mem-info>
</gc-start>
<gc-op id="4847" type="mark increment" timems="4.499" contextid="4844" timestamp="2019-08-09T08:14:34.477">
  <trace-info objectcount="732" scancount="0" scanbytes="0" />
</gc-op>
<gc-end id="4848" type="global mark phase" contextid="4844" durationms="4.542" usertimems="0.520" systemtimems="9.962" timestamp="2019-08-09T08:14:34.477" activeThreads="16">
  <mem-info id="4849" free="92274688" total="199229440" percent="46">
    <remembered-set count="6304" freebytes="7939584" totalbytes="7964800" percent="99" regionsoverflowed="0" regionsstable="0" regionsrebuilding="10"/>
  </mem-info>
</gc-end>
<concurrent-start id="4850" type="GMP work packet processing" contextid="4844" timestamp="2019-08-09T08:14:34.477">
  <concurrent-mark-start scanTarget="17070746" />
</concurrent-start>
<exclusive-end id="4851" timestamp="2019-08-09T08:14:34.477" durationms="4.866" />

<exclusive-start id="4852" timestamp="2019-08-09T08:14:34.531" intervalms="58.736">
  <response-info timems="16.351" idlems="5.645" threads="2" lastid="000000000213AF00" lastname="JIT Compilation Thread-3" />
</exclusive-start>
<allocation-taxation id="4853" taxation-threshold="27262976" timestamp="2019-08-09T08:14:34.531" intervalms="58.747" />
<concurrent-end id="4854" type="GMP work packet processing" contextid="4844" timestamp="2019-08-09T08:14:34.532">
  <concurrent-mark-end bytesScanned="17156312" reasonForTermination="Work target met and termination requested" />
</concurrent-end>

<cycle-start id="4855" type="partial gc" contextid="0" timestamp="2019-08-09T08:14:34.532" intervalms="127.458" />
<gc-start id="4856" type="partial gc" contextid="4855" timestamp="2019-08-09T08:14:34.533">
  <mem-info id="4857" free="65011712" total="199229440" percent="32">
    <mem type="eden" free="0" total="56623104" percent="0" />
    <remembered-set count="130880" freebytes="7441280" totalbytes="7964800" percent="93" regionsoverflowed="0" regionsstable="0" regionsrebuilding="10"/>
  </mem-info>
</gc-start>
<allocation-stats totalBytes="54217840" >
  <allocated-bytes non-tlh="491656" tlh="53726184" arrayletleaf="0"/>
  <largest-consumer threadName="Thread-38" threadId="0000000002474100" bytes="3518016" />
</allocation-stats>
<gc-op id="4858" type="copy forward" timems="11.669" contextid="4855" timestamp="2019-08-09T08:14:34.545">
  <memory-copied type="eden" objects="8517" bytes="3242144" bytesdiscarded="500800" />
  <memory-copied type="other" objects="25074" bytes="737976" bytesdiscarded="77512" />
  <memory-cardclean objects="12922" bytes="590336" />
  <regions eden="26" other="8" />
  <remembered-set-cleared processed="121949" cleared="11137" durationms="0.652" />
  <references type="weak" candidates="2" cleared="0" enqueued="0" />
  <references type="phantom" candidates="31" cleared="0" enqueued="0" />
  <stringconstants candidates="16016" cleared="0"  />
</gc-op>
<gc-op id="4859" type="classunload" timems="0.010" contextid="4855" timestamp="2019-08-09T08:14:34.545">
  <classunload-info classloadercandidates="68" classloadersunloaded="0" classesunloaded="0" anonymousclassesunloaded="0" quiescems="0.000" setupms="0.010" scanms="0.000" postms="0.000" />
</gc-op>
<gc-end id="4860" type="partial gc" contextid="4855" durationms="12.729" usertimems="23.493" systemtimems="19.339" timestamp="2019-08-09T08:14:34.545" activeThreads="16">
  <mem-info id="4861" free="123731968" total="199229440" percent="62">
    <mem type="eden" free="451088" total="4194304" percent="10" />
    <remembered-set count="125984" freebytes="7460864" totalbytes="7964800" percent="93" regionsoverflowed="0" regionsstable="0" regionsrebuilding="10"/>
  </mem-info>
</gc-end>
<cycle-end id="4862" type="partial gc" contextid="4855" timestamp="2019-08-09T08:14:34.545" />
  <attribute name="elasticGC enabled" value="1" />
  <attribute name= "numThreadsSpecified" value="16" />
  <attribute name="heapSize specified" value="0" />
  <attribute name="Current GC Util" value="162" />
  <attribute name= "Current Time Running" value="109621" />
  <attribute name ="GC Interval" value="0" />
  <attribute name="Target GC Util Change" value ="80.000000" />
  <attribute name="Current GC Util Change" value="162.000000"/>
  <attribute name="Current Error" value="-599.000000" />
  <attribute name="Output H" value="199266936"/>
  <attribute name="Output I" value="1656"/>
  <attribute name="Output T" value="16"/>
  <attribute name= "Current Time Running" value="109621" />
  <attribute name="GC Util currently" value="162" />
  <attribute name="CPU Util currently" value="1996743003070" />
<exclusive-end id="4863" timestamp="2019-08-09T08:14:34.546" durationms="14.300" />

<exclusive-start id="4864" timestamp="2019-08-09T08:14:34.567" intervalms="36.013">
  <response-info timems="1.856" idlems="1.856" threads="0" lastid="0000000002474100" lastname="Thread-38" />
</exclusive-start>
<allocation-taxation id="4865" taxation-threshold="27262976" timestamp="2019-08-09T08:14:34.567" intervalms="36.019" />
<gc-start id="4866" type="global mark phase" contextid="4844" timestamp="2019-08-09T08:14:34.567">
  <mem-info id="4867" free="96468992" total="199229440" percent="48">
    <remembered-set count="125824" freebytes="7461504" totalbytes="7964800" percent="93" regionsoverflowed="0" regionsstable="0" regionsrebuilding="10"/>
  </mem-info>
</gc-start>
<gc-end id="4868" type="global mark phase" contextid="4844" durationms="0.026" usertimems="0.014" systemtimems="0.008" timestamp="2019-08-09T08:14:34.567" activeThreads="16">
  <mem-info id="4869" free="96468992" total="199229440" percent="48">
    <remembered-set count="125824" freebytes="7461504" totalbytes="7964800" percent="93" regionsoverflowed="0" regionsstable="0" regionsrebuilding="10"/>
  </mem-info>
</gc-end>
<concurrent-start id="4870" type="GMP work packet processing" contextid="4844" timestamp="2019-08-09T08:14:34.567">
  <concurrent-mark-start scanTarget="17070746" />
</concurrent-start>
<exclusive-end id="4871" timestamp="2019-08-09T08:14:34.568" durationms="0.490" />

<concurrent-end id="4872" type="GMP work packet processing" contextid="4844" timestamp="2019-08-09T08:14:34.584">
  <concurrent-mark-end bytesScanned="691360" reasonForTermination="Completed all work in GC phase" />
</concurrent-end>

<exclusive-start id="4873" timestamp="2019-08-09T08:14:34.612" intervalms="45.207">
  <response-info timems="3.238" idlems="1.649" threads="1" lastid="0000000002461500" lastname="Thread-46" />
</exclusive-start>
<allocation-taxation id="4874" taxation-threshold="27262976" timestamp="2019-08-09T08:14:34.612" intervalms="45.202" />
<cycle-start id="4875" type="partial gc" contextid="0" timestamp="2019-08-09T08:14:34.613" intervalms="80.193" />
<gc-start id="4876" type="partial gc" contextid="4875" timestamp="2019-08-09T08:14:34.613">
  <mem-info id="4877" free="69206016" total="199229440" percent="34">
    <mem type="eden" free="0" total="54525952" percent="0" />
    <remembered-set count="125952" freebytes="7460992" totalbytes="7964800" percent="93" regionsoverflowed="0" regionsstable="0" regionsrebuilding="10"/>
  </mem-info>
</gc-start>
<allocation-stats totalBytes="54282128" >
  <allocated-bytes non-tlh="32776" tlh="54249352" arrayletleaf="0"/>
  <largest-consumer threadName="Thread-42" threadId="000000000243BA00" bytes="3536408" />
</allocation-stats>
<gc-op id="4878" type="copy forward" timems="12.399" contextid="4875" timestamp="2019-08-09T08:14:34.626">
  <memory-copied type="eden" objects="9530" bytes="3801920" bytesdiscarded="667552" />
  <memory-copied type="other" objects="13" bytes="536" bytesdiscarded="0" />
  <memory-cardclean objects="3113" bytes="143304" />
  <regions eden="26" other="3" />
  <remembered-set-cleared processed="117402" cleared="1642" durationms="0.485" />
  <references type="phantom" candidates="3" cleared="0" enqueued="0" />
  <stringconstants candidates="16016" cleared="0"  />
</gc-op>
<gc-op id="4879" type="classunload" timems="0.011" contextid="4875" timestamp="2019-08-09T08:14:34.626">
  <classunload-info classloadercandidates="68" classloadersunloaded="0" classesunloaded="0" anonymousclassesunloaded="0" quiescems="0.000" setupms="0.011" scanms="0.000" postms="0.000" />
</gc-op>
<gc-end id="4880" type="partial gc" contextid="4875" durationms="13.766" usertimems="22.275" systemtimems="21.304" timestamp="2019-08-09T08:14:34.627" activeThreads="16">
  <mem-info id="4881" free="119537664" total="199229440" percent="60">
    <mem type="eden" free="1821704" total="6291456" percent="28" />
    <remembered-set count="124544" freebytes="7466624" totalbytes="7964800" percent="93" regionsoverflowed="0" regionsstable="0" regionsrebuilding="10"/>
  </mem-info>
</gc-end>
<cycle-end id="4882" type="partial gc" contextid="4875" timestamp="2019-08-09T08:14:34.627" />
  <attribute name="elasticGC enabled" value="1" />
  <attribute name= "numThreadsSpecified" value="16" />
  <attribute name="heapSize specified" value="0" />
  <attribute name="Current GC Util" value="98" />
  <attribute name= "Current Time Running" value="109701" />
  <attribute name ="GC Interval" value="0" />
  <attribute name="Target GC Util Change" value ="80.000000" />
  <attribute name="Current GC Util Change" value="98.000000"/>
  <attribute name="Current Error" value="2.000000" />
  <attribute name="Output H" value="199267288"/>
  <attribute name="Output I" value="2008"/>
  <attribute name="Output T" value="16"/>
  <attribute name= "Current Time Running" value="109701" />
  <attribute name="GC Util currently" value="98" />
  <attribute name="CPU Util currently" value="1289081979571" />
<exclusive-end id="4883" timestamp="2019-08-09T08:14:34.627" durationms="14.354" />

<exclusive-start id="4884" timestamp="2019-08-09T08:14:34.662" intervalms="49.916">
  <response-info timems="4.403" idlems="2.144" threads="2" lastid="000000000242CB00" lastname="Thread-45" />
</exclusive-start>
<allocation-taxation id="4885" taxation-threshold="27262976" timestamp="2019-08-09T08:14:34.662" intervalms="49.921" />
<gc-start id="4886" type="global mark phase" contextid="4844" timestamp="2019-08-09T08:14:34.663">
  <mem-info id="4887" free="92274688" total="199229440" percent="46">
    <remembered-set count="124128" freebytes="7468288" totalbytes="7964800" percent="93" regionsoverflowed="0" regionsstable="0" regionsrebuilding="10"/>
  </mem-info>
</gc-start>
<gc-op id="4888" type="mark increment" timems="11.080" contextid="4844" timestamp="2019-08-09T08:14:34.674">
  <trace-info objectcount="11092" scancount="8595" scanbytes="1738296" />
  <cardclean-info objects="19149" bytes="628924" />
  <finalization candidates="154" enqueued="0" />
  <ownableSynchronizers candidates="23" cleared="0" />
  <references type="soft" candidates="2009" cleared="7" enqueued="7" dynamicThreshold="19" maxThreshold="32" />
  <references type="weak" candidates="6362" cleared="0" enqueued="0" />
  <references type="phantom" candidates="908" cleared="0" enqueued="0" />
  <stringconstants candidates="16016" cleared="51"  />
</gc-op>
<gc-op id="4889" type="classunload" timems="0.011" contextid="4844" timestamp="2019-08-09T08:14:34.674">
  <classunload-info classloadercandidates="68" classloadersunloaded="0" classesunloaded="0" anonymousclassesunloaded="0" quiescems="0.000" setupms="0.011" scanms="0.000" postms="0.000" />
</gc-op>
<gc-end id="4890" type="global mark phase" contextid="4844" durationms="11.524" usertimems="41.222" systemtimems="7.446" timestamp="2019-08-09T08:14:34.674" activeThreads="16">
  <mem-info id="4891" free="92274688" total="199229440" percent="46">
    <pending-finalizers system="0" default="0" reference="7" classloader="0" />
    <remembered-set count="131296" freebytes="7439616" totalbytes="7964800" percent="93" regionsoverflowed="0" regionsstable="0" regionsrebuilding="0"/>
  </mem-info>
</gc-end>
<cycle-end id="4892" type="global mark phase" contextid="4844" timestamp="2019-08-09T08:14:34.674" />
  <attribute name="elasticGC enabled" value="1" />
  <attribute name= "numThreadsSpecified" value="16" />
  <attribute name="heapSize specified" value="0" />
  <attribute name="Current GC Util" value="222" />
  <attribute name= "Current Time Running" value="109756" />
  <attribute name ="GC Interval" value="0" />
  <attribute name="Target GC Util Change" value ="80.000000" />
  <attribute name="Current GC Util Change" value="222.000000"/>
  <attribute name="Current Error" value="-222.000000" />
  <attribute name="Output H" value="199267152"/>
  <attribute name="Output I" value="1872"/>
  <attribute name="Output T" value="16"/>
  <attribute name= "Current Time Running" value="109756" />
  <attribute name="GC Util currently" value="222" />
  <attribute name="CPU Util currently" value="380534265016" />
<exclusive-end id="4893" timestamp="2019-08-09T08:14:34.674" durationms="11.842" />

<exclusive-start id="4894" timestamp="2019-08-09T08:14:34.696" intervalms="33.628">
  <response-info timems="3.417" idlems="1.895" threads="3" lastid="0000000002456200" lastname="Thread-51" />
</exclusive-start>
<allocation-taxation id="4895" taxation-threshold="27262976" timestamp="2019-08-09T08:14:34.696" intervalms="33.637" />
<cycle-start id="4896" type="partial gc" contextid="0" timestamp="2019-08-09T08:14:34.696" intervalms="83.736" />
<gc-start id="4897" type="partial gc" contextid="4896" timestamp="2019-08-09T08:14:34.697">
  <mem-info id="4898" free="65011712" total="199229440" percent="32">
    <mem type="eden" free="0" total="54525952" percent="0" />
    <remembered-set count="9024" freebytes="7928704" totalbytes="7964800" percent="99" regionsoverflowed="0" regionsstable="10" regionsrebuilding="0"/>
  </mem-info>
</gc-start>
<allocation-stats totalBytes="54246352" >
  <allocated-bytes non-tlh="16392" tlh="54229960" arrayletleaf="0"/>
  <largest-consumer threadName="Thread-39" threadId="0000000002470500" bytes="4184608" />
</allocation-stats>
<gc-op id="4899" type="sweep" timems="3.119" contextid="4896" timestamp="2019-08-09T08:14:34.700" />
<gc-op id="4900" type="copy forward" timems="9.984" contextid="4896" timestamp="2019-08-09T08:14:34.711">
  <memory-copied type="eden" objects="9055" bytes="3730144" bytesdiscarded="781296" />
  <memory-copied type="other" objects="793" bytes="306064" bytesdiscarded="432" />
  <memory-cardclean objects="3050" bytes="141008" />
  <regions eden="13" other="18" />
  <remembered-set-cleared processed="2438" cleared="976" durationms="0.355" />
  <references type="phantom" candidates="4" cleared="0" enqueued="0" />
  <stringconstants candidates="15965" cleared="0"  />
</gc-op>
<gc-op id="4901" type="classunload" timems="0.011" contextid="4896" timestamp="2019-08-09T08:14:34.711">
  <classunload-info classloadercandidates="68" classloadersunloaded="0" classesunloaded="0" anonymousclassesunloaded="0" quiescems="0.000" setupms="0.011" scanms="0.000" postms="0.000" />
</gc-op>
<gc-end id="4902" type="partial gc" contextid="4896" durationms="14.943" usertimems="40.506" systemtimems="15.468" timestamp="2019-08-09T08:14:34.712" activeThreads="16">
  <mem-info id="4903" free="119537664" total="199229440" percent="60">
    <mem type="eden" free="1777152" total="6291456" percent="28" />
    <remembered-set count="10368" freebytes="7923328" totalbytes="7964800" percent="99" regionsoverflowed="0" regionsstable="10" regionsrebuilding="0"/>
  </mem-info>
</gc-end>
<cycle-end id="4904" type="partial gc" contextid="4896" timestamp="2019-08-09T08:14:34.712" />
  <attribute name="elasticGC enabled" value="1" />
  <attribute name= "numThreadsSpecified" value="16" />
  <attribute name="heapSize specified" value="0" />
  <attribute name="Current GC Util" value="118" />
  <attribute name= "Current Time Running" value="109788" />
  <attribute name ="GC Interval" value="0" />
  <attribute name="Target GC Util Change" value ="80.000000" />
  <attribute name="Current GC Util Change" value="118.000000"/>
  <attribute name="Current Error" value="-46.000000" />
  <attribute name="Output H" value="199267256"/>
  <attribute name="Output I" value="1976"/>
  <attribute name="Output T" value="16"/>
  <attribute name= "Current Time Running" value="109788" />
  <attribute name="GC Util currently" value="118" />
  <attribute name="CPU Util currently" value="1912641891828" />
<exclusive-end id="4905" timestamp="2019-08-09T08:14:34.712" durationms="16.071" />

<exclusive-start id="4906" timestamp="2019-08-09T08:14:34.809" intervalms="113.071">
  <response-info timems="4.989" idlems="4.989" threads="0" lastid="0000000002430600" lastname="Thread-43" />
</exclusive-start>
<allocation-taxation id="4907" taxation-threshold="56623104" timestamp="2019-08-09T08:14:34.809" intervalms="113.074" />
<cycle-start id="4908" type="partial gc" contextid="0" timestamp="2019-08-09T08:14:34.809" intervalms="112.920" />
<gc-start id="4909" type="partial gc" contextid="4908" timestamp="2019-08-09T08:14:34.810">
  <mem-info id="4910" free="62914560" total="199229440" percent="31">
    <mem type="eden" free="0" total="56623104" percent="0" />
    <remembered-set count="10080" freebytes="7924480" totalbytes="7964800" percent="99" regionsoverflowed="0" regionsstable="10" regionsrebuilding="0"/>
  </mem-info>
</gc-start>
<allocation-stats totalBytes="56486016" >
  <allocated-bytes non-tlh="65560" tlh="56420456" arrayletleaf="0"/>
  <largest-consumer threadName="Thread-47" threadId="0000000002425300" bytes="6330328" />
</allocation-stats>
<gc-op id="4911" type="copy forward" timems="11.307" contextid="4908" timestamp="2019-08-09T08:14:34.822">
  <memory-copied type="eden" objects="10183" bytes="4009024" bytesdiscarded="1065640" />
  <memory-copied type="other" objects="25344" bytes="751480" bytesdiscarded="68064" />
  <memory-cardclean objects="13014" bytes="682432" />
  <regions eden="27" other="7" />
  <remembered-set-cleared processed="1511" cleared="1021" durationms="0.112" />
  <references type="weak" candidates="2" cleared="0" enqueued="0" />
  <references type="phantom" candidates="28" cleared="0" enqueued="0" />
  <stringconstants candidates="15965" cleared="0"  />
</gc-op>
<gc-op id="4912" type="classunload" timems="0.014" contextid="4908" timestamp="2019-08-09T08:14:34.822">
  <classunload-info classloadercandidates="68" classloadersunloaded="0" classesunloaded="0" anonymousclassesunloaded="0" quiescems="0.000" setupms="0.013" scanms="0.000" postms="0.000" />
</gc-op>
<gc-end id="4913" type="partial gc" contextid="4908" durationms="12.613" usertimems="37.701" systemtimems="17.387" timestamp="2019-08-09T08:14:34.822" activeThreads="16">
  <mem-info id="4914" free="121634816" total="199229440" percent="61">
    <mem type="eden" free="1216520" total="6291456" percent="19" />
    <remembered-set count="10624" freebytes="7922304" totalbytes="7964800" percent="99" regionsoverflowed="0" regionsstable="10" regionsrebuilding="0"/>
  </mem-info>
</gc-end>
<cycle-end id="4915" type="partial gc" contextid="4908" timestamp="2019-08-09T08:14:34.822" />
  <attribute name="elasticGC enabled" value="1" />
  <attribute name= "numThreadsSpecified" value="16" />
  <attribute name="heapSize specified" value="0" />
  <attribute name="Current GC Util" value="142" />
  <attribute name= "Current Time Running" value="109898" />
  <attribute name ="GC Interval" value="0" />
  <attribute name="Target GC Util Change" value ="80.000000" />
  <attribute name="Current GC Util Change" value="142.000000"/>
  <attribute name="Current Error" value="-57.000000" />
  <attribute name="Output H" value="199267248"/>
  <attribute name="Output I" value="1968"/>
  <attribute name="Output T" value="16"/>
  <attribute name= "Current Time Running" value="109898" />
  <attribute name="GC Util currently" value="142" />
  <attribute name="CPU Util currently" value="2228892525968" />
<exclusive-end id="4916" timestamp="2019-08-09T08:14:34.822" durationms="13.271" />

<exclusive-start id="4917" timestamp="2019-08-09T08:14:34.937" intervalms="128.164">
  <response-info timems="1.203" idlems="0.623" threads="1" lastid="0000000002437E00" lastname="Thread-48" />
</exclusive-start>
<allocation-taxation id="4918" taxation-threshold="56623104" timestamp="2019-08-09T08:14:34.937" intervalms="128.151" />
<cycle-start id="4919" type="partial gc" contextid="0" timestamp="2019-08-09T08:14:34.937" intervalms="128.136" />
<gc-start id="4920" type="partial gc" contextid="4919" timestamp="2019-08-09T08:14:34.938">
  <mem-info id="4921" free="65011712" total="199229440" percent="32">
    <mem type="eden" free="0" total="56623104" percent="0" />
    <remembered-set count="10368" freebytes="7923328" totalbytes="7964800" percent="99" regionsoverflowed="0" regionsstable="10" regionsrebuilding="0"/>
  </mem-info>
</gc-start>
<allocation-stats totalBytes="56443784" >
  <allocated-bytes non-tlh="16392" tlh="56427392" arrayletleaf="0"/>
  <largest-consumer threadName="Thread-51" threadId="0000000002456200" bytes="7099840" />
</allocation-stats>
<gc-op id="4922" type="copy forward" timems="16.172" contextid="4919" timestamp="2019-08-09T08:14:34.957">
  <memory-copied type="eden" objects="9004" bytes="3638240" bytesdiscarded="209136" />
  <memory-copied type="other" objects="25193" bytes="1018224" bytesdiscarded="72632" />
  <memory-cardclean objects="1234" bytes="126816" />
  <regions eden="27" other="7" />
  <remembered-set-cleared processed="1894" cleared="893" durationms="0.331" />
  <finalization candidates="1" enqueued="0" />
  <references type="soft" candidates="23" cleared="0" enqueued="0" dynamicThreshold="19" maxThreshold="32" />
  <references type="weak" candidates="68" cleared="0" enqueued="0" />
  <references type="phantom" candidates="26" cleared="0" enqueued="0" />
  <stringconstants candidates="15965" cleared="0"  />
</gc-op>
<gc-op id="4923" type="classunload" timems="0.012" contextid="4919" timestamp="2019-08-09T08:14:34.957">
  <classunload-info classloadercandidates="68" classloadersunloaded="0" classesunloaded="0" anonymousclassesunloaded="0" quiescems="0.000" setupms="0.011" scanms="0.000" postms="0.000" />
</gc-op>
<heap-resize id="4924" type="contract" space="default" amount="10485760" count="1" timems="0.336" reason="excess free space following gc" timestamp="2019-08-09T08:14:34.957" />
<gc-end id="4925" type="partial gc" contextid="4919" durationms="19.592" usertimems="48.157" systemtimems="12.078" timestamp="2019-08-09T08:14:34.957" activeThreads="16">
  <mem-info id="4926" free="115343360" total="188743680" percent="61">
    <mem type="eden" free="346664" total="4194304" percent="8" />
    <remembered-set count="10080" freebytes="7924480" totalbytes="7964800" percent="99" regionsoverflowed="0" regionsstable="10" regionsrebuilding="0"/>
  </mem-info>
</gc-end>
<cycle-end id="4927" type="partial gc" contextid="4919" timestamp="2019-08-09T08:14:34.957" />
  <attribute name="elasticGC enabled" value="1" />
  <attribute name= "numThreadsSpecified" value="16" />
  <attribute name="heapSize specified" value="0" />
  <attribute name="Current GC Util" value="35" />
  <attribute name= "Current Time Running" value="110028" />
  <attribute name ="GC Interval" value="0" />
  <attribute name="Target GC Util Change" value ="80.000000" />
  <attribute name="Current GC Util Change" value="35.000000"/>
  <attribute name="Current Error" value="45.000000" />
  <attribute name="Output H" value="199267312"/>
  <attribute name="Output I" value="2032"/>
  <attribute name="Output T" value="16"/>
  <attribute name= "Current Time Running" value="110028" />
  <attribute name="GC Util currently" value="35" />
  <attribute name="CPU Util currently" value="496587143639" />
<exclusive-end id="4928" timestamp="2019-08-09T08:14:34.958" durationms="20.292" />

<exclusive-start id="4929" timestamp="2019-08-09T08:14:35.117" intervalms="180.128">
  <response-info timems="1.576" idlems="1.576" threads="0" lastid="0000000002434200" lastname="Thread-44" />
</exclusive-start>
<allocation-taxation id="4930" taxation-threshold="54525952" timestamp="2019-08-09T08:14:35.117" intervalms="180.120" />
<cycle-start id="4931" type="partial gc" contextid="0" timestamp="2019-08-09T08:14:35.117" intervalms="180.119" />
<gc-start id="4932" type="partial gc" contextid="4931" timestamp="2019-08-09T08:14:35.118">
  <mem-info id="4933" free="60817408" total="188743680" percent="32">
    <mem type="eden" free="0" total="54525952" percent="0" />
    <remembered-set count="9632" freebytes="7926272" totalbytes="7964800" percent="99" regionsoverflowed="0" regionsstable="10" regionsrebuilding="0"/>
  </mem-info>
</gc-start>
<allocation-stats totalBytes="54312992" >
  <allocated-bytes non-tlh="16392" tlh="54296600" arrayletleaf="0"/>
  <largest-consumer threadName="Thread-38" threadId="0000000002474100" bytes="5705784" />
</allocation-stats>
<gc-op id="4934" type="copy forward" timems="10.442" contextid="4931" timestamp="2019-08-09T08:14:35.130">
  <memory-copied type="eden" objects="10220" bytes="4039472" bytesdiscarded="733272" />
  <memory-copied type="other" objects="12970" bytes="1181936" bytesdiscarded="147352" />
  <memory-cardclean objects="11205" bytes="604352" />
  <regions eden="26" other="5" />
  <remembered-set-cleared processed="778" cleared="334" durationms="0.183" />
  <finalization candidates="2" enqueued="0" />
  <references type="soft" candidates="71" cleared="0" enqueued="0" dynamicThreshold="19" maxThreshold="32" />
  <references type="weak" candidates="16" cleared="0" enqueued="0" />
  <references type="phantom" candidates="43" cleared="0" enqueued="0" />
  <stringconstants candidates="15965" cleared="0"  />
</gc-op>
<gc-op id="4935" type="classunload" timems="0.013" contextid="4931" timestamp="2019-08-09T08:14:35.130">
  <classunload-info classloadercandidates="68" classloadersunloaded="0" classesunloaded="0" anonymousclassesunloaded="0" quiescems="0.000" setupms="0.012" scanms="0.000" postms="0.000" />
</gc-op>
<gc-end id="4936" type="partial gc" contextid="4931" durationms="12.081" usertimems="54.590" systemtimems="2.782" timestamp="2019-08-09T08:14:35.130" activeThreads="16">
  <mem-info id="4937" free="113246208" total="188743680" percent="60">
    <mem type="eden" free="3615600" total="8388608" percent="43" />
    <remembered-set count="9504" freebytes="7507584" totalbytes="7545600" percent="99" regionsoverflowed="0" regionsstable="10" regionsrebuilding="0"/>
  </mem-info>
</gc-end>
<cycle-end id="4938" type="partial gc" contextid="4931" timestamp="2019-08-09T08:14:35.130" />
  <attribute name="elasticGC enabled" value="1" />
  <attribute name= "numThreadsSpecified" value="16" />
  <attribute name="heapSize specified" value="0" />
  <attribute name="Current GC Util" value="65" />
  <attribute name= "Current Time Running" value="110206" />
  <attribute name ="GC Interval" value="0" />
  <attribute name="Target GC Util Change" value ="80.000000" />
  <attribute name="Current GC Util Change" value="65.000000"/>
  <attribute name="Current Error" value="123.000000" />
  <attribute name="Output H" value="188781592"/>
  <attribute name="Output I" value="2072"/>
  <attribute name="Output T" value="16"/>
  <attribute name= "Current Time Running" value="110206" />
  <attribute name="GC Util currently" value="65" />
  <attribute name="CPU Util currently" value="1041752835034" />
<exclusive-end id="4939" timestamp="2019-08-09T08:14:35.130" durationms="12.960" />

<exclusive-start id="4940" timestamp="2019-08-09T08:14:35.193" intervalms="75.192">
  <response-info timems="1.906" idlems="1.906" threads="0" lastid="0000000002419F00" lastname="Thread-41" />
</exclusive-start>
<allocation-taxation id="4941" taxation-threshold="54525952" timestamp="2019-08-09T08:14:35.193" intervalms="75.195" />
<cycle-start id="4942" type="partial gc" contextid="0" timestamp="2019-08-09T08:14:35.193" intervalms="75.215" />
<gc-start id="4943" type="partial gc" contextid="4942" timestamp="2019-08-09T08:14:35.193">
  <mem-info id="4944" free="58720256" total="188743680" percent="31">
    <mem type="eden" free="0" total="54525952" percent="0" />
    <remembered-set count="6848" freebytes="7518208" totalbytes="7545600" percent="99" regionsoverflowed="0" regionsstable="11" regionsrebuilding="0"/>
  </mem-info>
</gc-start>
<allocation-stats totalBytes="54382264" >
  <allocated-bytes non-tlh="32784" tlh="54349480" arrayletleaf="0"/>
  <largest-consumer threadName="Thread-45" threadId="000000000242CB00" bytes="8294448" />
</allocation-stats>
<gc-op id="4945" type="copy forward" timems="18.481" contextid="4942" timestamp="2019-08-09T08:14:35.212">
  <memory-copied type="eden" objects="8641" bytes="3471816" bytesdiscarded="706872" />
  <memory-copied type="other" objects="1330" bytes="530264" bytesdiscarded="56920" />
  <memory-cardclean objects="2713" bytes="125984" />
  <regions eden="26" other="6" />
  <remembered-set-cleared processed="535" cleared="215" durationms="0.122" />
  <references type="phantom" candidates="1" cleared="0" enqueued="0" />
  <stringconstants candidates="15965" cleared="0"  />
</gc-op>
<gc-op id="4946" type="classunload" timems="0.014" contextid="4942" timestamp="2019-08-09T08:14:35.212">
  <classunload-info classloadercandidates="68" classloadersunloaded="0" classesunloaded="0" anonymousclassesunloaded="0" quiescems="0.000" setupms="0.013" scanms="0.000" postms="0.000" />
</gc-op>
<gc-end id="4947" type="partial gc" contextid="4942" durationms="19.463" usertimems="51.497" systemtimems="19.695" timestamp="2019-08-09T08:14:35.212" activeThreads="16">
  <mem-info id="4948" free="113246208" total="188743680" percent="60">
    <mem type="eden" free="2112520" total="6291456" percent="33" />
    <remembered-set count="8672" freebytes="7510912" totalbytes="7545600" percent="99" regionsoverflowed="0" regionsstable="11" regionsrebuilding="0"/>
  </mem-info>
</gc-end>
<cycle-end id="4949" type="partial gc" contextid="4942" timestamp="2019-08-09T08:14:35.213" />
  <attribute name="elasticGC enabled" value="1" />
  <attribute name= "numThreadsSpecified" value="16" />
  <attribute name="heapSize specified" value="0" />
  <attribute name="Current GC Util" value="104" />
  <attribute name= "Current Time Running" value="110281" />
  <attribute name ="GC Interval" value="0" />
  <attribute name="Target GC Util Change" value ="80.000000" />
  <attribute name="Current GC Util Change" value="104.000000"/>
  <attribute name="Current Error" value="132.000000" />
  <attribute name="Output H" value="188781600"/>
  <attribute name="Output I" value="2080"/>
  <attribute name="Output T" value="16"/>
  <attribute name= "Current Time Running" value="110281" />
  <attribute name="GC Util currently" value="104" />
  <attribute name="CPU Util currently" value="1720154339685" />
<exclusive-end id="4950" timestamp="2019-08-09T08:14:35.213" durationms="20.178" />

<exclusive-start id="4951" timestamp="2019-08-09T08:14:35.311" intervalms="118.105">
  <response-info timems="0.202" idlems="0.202" threads="0" lastid="0000000002459E00" lastname="Thread-50" />
</exclusive-start>
<allocation-taxation id="4952" taxation-threshold="54525952" timestamp="2019-08-09T08:14:35.311" intervalms="118.095" />
<cycle-start id="4953" type="partial gc" contextid="0" timestamp="2019-08-09T08:14:35.311" intervalms="118.047" />
<gc-start id="4954" type="partial gc" contextid="4953" timestamp="2019-08-09T08:14:35.311">
  <mem-info id="4955" free="58720256" total="188743680" percent="31">
    <mem type="eden" free="0" total="54525952" percent="0" />
    <remembered-set count="8288" freebytes="7512448" totalbytes="7545600" percent="99" regionsoverflowed="0" regionsstable="11" regionsrebuilding="0"/>
  </mem-info>
</gc-start>
<allocation-stats totalBytes="54398448" >
  <allocated-bytes non-tlh="98328" tlh="54300120" arrayletleaf="0"/>
  <largest-consumer threadName="Thread-50" threadId="0000000002459E00" bytes="7250528" />
</allocation-stats>
<gc-op id="4956" type="copy forward" timems="10.210" contextid="4953" timestamp="2019-08-09T08:14:35.322">
  <memory-copied type="eden" objects="10173" bytes="3938280" bytesdiscarded="823352" />
  <memory-copied type="other" objects="91" bytes="5328" bytesdiscarded="4328" />
  <memory-cardclean objects="3160" bytes="309168" />
  <regions eden="26" other="7" />
  <remembered-set-cleared processed="544" cleared="226" durationms="0.114" />
  <references type="phantom" candidates="10" cleared="0" enqueued="0" />
  <stringconstants candidates="15965" cleared="0"  />
</gc-op>
<gc-op id="4957" type="classunload" timems="0.011" contextid="4953" timestamp="2019-08-09T08:14:35.322">
  <classunload-info classloadercandidates="68" classloadersunloaded="0" classesunloaded="0" anonymousclassesunloaded="0" quiescems="0.000" setupms="0.011" scanms="0.000" postms="0.000" />
</gc-op>
<gc-end id="4958" type="partial gc" contextid="4953" durationms="11.523" usertimems="17.386" systemtimems="15.104" timestamp="2019-08-09T08:14:35.323" activeThreads="16">
  <mem-info id="4959" free="115343360" total="188743680" percent="61">
    <mem type="eden" free="1529536" total="6291456" percent="24" />
    <remembered-set count="8544" freebytes="7511424" totalbytes="7545600" percent="99" regionsoverflowed="0" regionsstable="11" regionsrebuilding="0"/>
  </mem-info>
</gc-end>
<cycle-end id="4960" type="partial gc" contextid="4953" timestamp="2019-08-09T08:14:35.323" />
  <attribute name="elasticGC enabled" value="1" />
  <attribute name= "numThreadsSpecified" value="16" />
  <attribute name="heapSize specified" value="0" />
  <attribute name="Current GC Util" value="81" />
  <attribute name= "Current Time Running" value="110399" />
  <attribute name ="GC Interval" value="0" />
  <attribute name="Target GC Util Change" value ="80.000000" />
  <attribute name="Current GC Util Change" value="81.000000"/>
  <attribute name="Current Error" value="-1.000000" />
  <attribute name="Output H" value="188781520"/>
  <attribute name="Output I" value="2000"/>
  <attribute name="Output T" value="16"/>
  <attribute name= "Current Time Running" value="110399" />
  <attribute name="GC Util currently" value="81" />
  <attribute name="CPU Util currently" value="1364764197851" />
<exclusive-end id="4961" timestamp="2019-08-09T08:14:35.323" durationms="12.086" />

<exclusive-start id="4962" timestamp="2019-08-09T08:14:35.450" intervalms="138.941">
  <response-info timems="0.268" idlems="0.268" threads="0" lastid="000000000244AA00" lastname="Thread-37" />
</exclusive-start>
<allocation-taxation id="4963" taxation-threshold="54525952" timestamp="2019-08-09T08:14:35.450" intervalms="138.948" />
<cycle-start id="4964" type="partial gc" contextid="0" timestamp="2019-08-09T08:14:35.450" intervalms="138.954" />
<gc-start id="4965" type="partial gc" contextid="4964" timestamp="2019-08-09T08:14:35.450">
  <mem-info id="4966" free="60817408" total="188743680" percent="32">
    <mem type="eden" free="0" total="54525952" percent="0" />
    <remembered-set count="8128" freebytes="7513088" totalbytes="7545600" percent="99" regionsoverflowed="0" regionsstable="11" regionsrebuilding="0"/>
  </mem-info>
</gc-start>
<allocation-stats totalBytes="54314192" >
  <allocated-bytes non-tlh="65552" tlh="54248640" arrayletleaf="0"/>
  <largest-consumer threadName="Thread-40" threadId="0000000002412700" bytes="7977896" />
</allocation-stats>
<gc-op id="4967" type="copy forward" timems="16.831" contextid="4964" timestamp="2019-08-09T08:14:35.468">
  <memory-copied type="eden" objects="9908" bytes="3923064" bytesdiscarded="842368" />
  <memory-copied type="other" objects="85" bytes="75048" bytesdiscarded="5912" />
  <memory-cardclean objects="3004" bytes="187896" />
  <regions eden="26" other="5" />
  <remembered-set-cleared processed="549" cleared="220" durationms="0.124" />
  <references type="weak" candidates="1" cleared="0" enqueued="0" />
  <references type="phantom" candidates="2" cleared="0" enqueued="0" />
  <stringconstants candidates="15965" cleared="0"  />
</gc-op>
<gc-op id="4968" type="classunload" timems="0.010" contextid="4964" timestamp="2019-08-09T08:14:35.468">
  <classunload-info classloadercandidates="68" classloadersunloaded="0" classesunloaded="0" anonymousclassesunloaded="0" quiescems="0.000" setupms="0.010" scanms="0.000" postms="0.000" />
</gc-op>
<gc-end id="4969" type="partial gc" contextid="4964" durationms="18.055" usertimems="35.144" systemtimems="18.884" timestamp="2019-08-09T08:14:35.468" activeThreads="16">
  <mem-info id="4970" free="113246208" total="188743680" percent="60">
    <mem type="eden" free="3622904" total="8388608" percent="43" />
    <remembered-set count="6560" freebytes="7519360" totalbytes="7545600" percent="99" regionsoverflowed="0" regionsstable="11" regionsrebuilding="0"/>
  </mem-info>
</gc-end>
<cycle-end id="4971" type="partial gc" contextid="4964" timestamp="2019-08-09T08:14:35.469" />
  <attribute name="elasticGC enabled" value="1" />
  <attribute name= "numThreadsSpecified" value="16" />
  <attribute name="heapSize specified" value="0" />
  <attribute name="Current GC Util" value="121" />
  <attribute name= "Current Time Running" value="110538" />
  <attribute name ="GC Interval" value="0" />
  <attribute name="Target GC Util Change" value ="80.000000" />
  <attribute name="Current GC Util Change" value="121.000000"/>
  <attribute name="Current Error" value="18.000000" />
  <attribute name="Output H" value="188781536"/>
  <attribute name="Output I" value="2016"/>
  <attribute name="Output T" value="16"/>
  <attribute name= "Current Time Running" value="110538" />
  <attribute name="GC Util currently" value="121" />
  <attribute name="CPU Util currently" value="1641769878214" />
<exclusive-end id="4972" timestamp="2019-08-09T08:14:35.469" durationms="19.560" />

<exclusive-start id="4973" timestamp="2019-08-09T08:14:35.545" intervalms="95.727">
  <response-info timems="5.329" idlems="5.329" threads="0" lastid="0000000002425300" lastname="Thread-47" />
</exclusive-start>
<allocation-taxation id="4974" taxation-threshold="54525952" timestamp="2019-08-09T08:14:35.545" intervalms="95.734" />
<cycle-start id="4975" type="partial gc" contextid="0" timestamp="2019-08-09T08:14:35.545" intervalms="95.743" />
<gc-start id="4976" type="partial gc" contextid="4975" timestamp="2019-08-09T08:14:35.546">
  <mem-info id="4977" free="58720256" total="188743680" percent="31">
    <mem type="eden" free="0" total="54525952" percent="0" />
    <remembered-set count="6144" freebytes="7521024" totalbytes="7545600" percent="99" regionsoverflowed="0" regionsstable="11" regionsrebuilding="0"/>
  </mem-info>
</gc-start>
<allocation-stats totalBytes="54405320" >
  <allocated-bytes non-tlh="0" tlh="54405320" arrayletleaf="0"/>
  <largest-consumer threadName="Thread-44" threadId="0000000002434200" bytes="7028360" />
</allocation-stats>
<gc-op id="4978" type="copy forward" timems="10.575" contextid="4975" timestamp="2019-08-09T08:14:35.557">
  <memory-copied type="eden" objects="9670" bytes="3874488" bytesdiscarded="769048" />
  <memory-copied type="other" objects="701" bytes="290056" bytesdiscarded="18088" />
  <memory-cardclean objects="2818" bytes="161792" />
  <regions eden="26" other="6" />
  <remembered-set-cleared processed="556" cleared="212" durationms="0.103" />
  <references type="phantom" candidates="1" cleared="0" enqueued="0" />
  <stringconstants candidates="15965" cleared="0"  />
</gc-op>
<gc-op id="4979" type="classunload" timems="0.012" contextid="4975" timestamp="2019-08-09T08:14:35.557">
  <classunload-info classloadercandidates="68" classloadersunloaded="0" classesunloaded="0" anonymousclassesunloaded="0" quiescems="0.000" setupms="0.012" scanms="0.000" postms="0.000" />
</gc-op>
<heap-resize id="4980" type="expand" space="default" amount="6291456" count="1" timems="0.065" reason="excessive time being spent in gc" timestamp="2019-08-09T08:14:35.557" />
<gc-end id="4981" type="partial gc" contextid="4975" durationms="11.825" usertimems="24.677" systemtimems="11.280" timestamp="2019-08-09T08:14:35.558" activeThreads="16">
  <mem-info id="4982" free="117440512" total="195035136" percent="60">
    <mem type="eden" free="3744824" total="8388608" percent="44" />
    <remembered-set count="8608" freebytes="7762688" totalbytes="7797120" percent="99" regionsoverflowed="0" regionsstable="11" regionsrebuilding="0"/>
  </mem-info>
</gc-end>
<cycle-end id="4983" type="partial gc" contextid="4975" timestamp="2019-08-09T08:14:35.558" />
  <attribute name="elasticGC enabled" value="1" />
  <attribute name= "numThreadsSpecified" value="16" />
  <attribute name="heapSize specified" value="0" />
  <attribute name="Current GC Util" value="126" />
  <attribute name= "Current Time Running" value="110634" />
  <attribute name ="GC Interval" value="0" />
  <attribute name="Target GC Util Change" value ="80.000000" />
  <attribute name="Current GC Util Change" value="126.000000"/>
  <attribute name="Current Error" value="22.000000" />
  <attribute name="Output H" value="188781536"/>
  <attribute name="Output I" value="2016"/>
  <attribute name="Output T" value="16"/>
  <attribute name= "Current Time Running" value="110634" />
  <attribute name="GC Util currently" value="126" />
  <attribute name="CPU Util currently" value="2154026986774" />
<exclusive-end id="4984" timestamp="2019-08-09T08:14:35.558" durationms="12.819" />

<exclusive-start id="4985" timestamp="2019-08-09T08:14:35.637" intervalms="91.727">
  <response-info timems="3.001" idlems="3.001" threads="0" lastid="000000000244AA00" lastname="Thread-37" />
</exclusive-start>
<allocation-taxation id="4986" taxation-threshold="56623104" timestamp="2019-08-09T08:14:35.637" intervalms="91.771" />
<cycle-start id="4987" type="partial gc" contextid="0" timestamp="2019-08-09T08:14:35.637" intervalms="91.791" />
<gc-start id="4988" type="partial gc" contextid="4987" timestamp="2019-08-09T08:14:35.638">
  <mem-info id="4989" free="60817408" total="195035136" percent="31">
    <mem type="eden" free="0" total="56623104" percent="0" />
    <remembered-set count="8224" freebytes="7764224" totalbytes="7797120" percent="99" regionsoverflowed="0" regionsstable="11" regionsrebuilding="0"/>
  </mem-info>
</gc-start>
<allocation-stats totalBytes="56426928" >
  <allocated-bytes non-tlh="98328" tlh="56328600" arrayletleaf="0"/>
  <largest-consumer threadName="Thread-51" threadId="0000000002456200" bytes="5657576" />
</allocation-stats>
<gc-op id="4990" type="copy forward" timems="15.766" contextid="4987" timestamp="2019-08-09T08:14:35.655">
  <memory-copied type="eden" objects="9225" bytes="3792016" bytesdiscarded="936064" />
  <memory-copied type="other" objects="618" bytes="354952" bytesdiscarded="29944" />
  <memory-cardclean objects="3170" bytes="259096" />
  <regions eden="27" other="6" />
  <remembered-set-cleared processed="559" cleared="262" durationms="1.300" />
  <references type="phantom" candidates="1" cleared="0" enqueued="0" />
  <stringconstants candidates="15965" cleared="0"  />
</gc-op>
<gc-op id="4991" type="classunload" timems="0.012" contextid="4987" timestamp="2019-08-09T08:14:35.655">
  <classunload-info classloadercandidates="68" classloadersunloaded="0" classesunloaded="0" anonymousclassesunloaded="0" quiescems="0.000" setupms="0.012" scanms="0.000" postms="0.000" />
</gc-op>
<gc-end id="4992" type="partial gc" contextid="4987" durationms="17.851" usertimems="63.015" systemtimems="22.812" timestamp="2019-08-09T08:14:35.655" activeThreads="16">
  <mem-info id="4993" free="117440512" total="195035136" percent="60">
    <mem type="eden" free="1563104" total="6291456" percent="24" />
    <remembered-set count="9408" freebytes="7759488" totalbytes="7797120" percent="99" regionsoverflowed="0" regionsstable="11" regionsrebuilding="0"/>
  </mem-info>
</gc-end>
<cycle-end id="4994" type="partial gc" contextid="4987" timestamp="2019-08-09T08:14:35.656" />
  <attribute name="elasticGC enabled" value="1" />
  <attribute name= "numThreadsSpecified" value="16" />
  <attribute name="heapSize specified" value="0" />
  <attribute name="Current GC Util" value="226" />
  <attribute name= "Current Time Running" value="110727" />
  <attribute name ="GC Interval" value="0" />
  <attribute name="Target GC Util Change" value ="80.000000" />
  <attribute name="Current GC Util Change" value="226.000000"/>
  <attribute name="Current Error" value="-146.000000" />
  <attribute name="Output H" value="195072896"/>
  <attribute name="Output I" value="1920"/>
  <attribute name="Output T" value="16"/>
  <attribute name= "Current Time Running" value="110727" />
  <attribute name="GC Util currently" value="226" />
  <attribute name="CPU Util currently" value="1566465042517" />
<exclusive-end id="4995" timestamp="2019-08-09T08:14:35.656" durationms="19.143" />

<exclusive-start id="4996" timestamp="2019-08-09T08:14:35.734" intervalms="97.074">
  <response-info timems="10.935" idlems="10.935" threads="0" lastid="0000000002419F00" lastname="Thread-41" />
</exclusive-start>
<allocation-taxation id="4997" taxation-threshold="56623104" timestamp="2019-08-09T08:14:35.734" intervalms="97.029" />
<cycle-start id="4998" type="partial gc" contextid="0" timestamp="2019-08-09T08:14:35.734" intervalms="97.008" />
<gc-start id="4999" type="partial gc" contextid="4998" timestamp="2019-08-09T08:14:35.735">
  <mem-info id="5000" free="60817408" total="195035136" percent="31">
    <mem type="eden" free="0" total="56623104" percent="0" />
    <remembered-set count="9024" freebytes="7761024" totalbytes="7797120" percent="99" regionsoverflowed="0" regionsstable="11" regionsrebuilding="0"/>
  </mem-info>
</gc-start>
<allocation-stats totalBytes="56431016" >
  <allocated-bytes non-tlh="114728" tlh="56316288" arrayletleaf="0"/>
  <largest-consumer threadName="Thread-39" threadId="0000000002470500" bytes="6122336" />
</allocation-stats>
<gc-op id="5001" type="copy forward" timems="12.854" contextid="4998" timestamp="2019-08-09T08:14:35.749">
  <memory-copied type="eden" objects="9573" bytes="3751984" bytesdiscarded="548928" />
  <memory-copied type="other" objects="161" bytes="144240" bytesdiscarded="3584" />
  <memory-cardclean objects="2980" bytes="169024" />
  <regions eden="27" other="4" />
  <remembered-set-cleared processed="556" cleared="236" durationms="0.140" />
  <stringconstants candidates="15965" cleared="0"  />
</gc-op>
<gc-op id="5002" type="classunload" timems="0.017" contextid="4998" timestamp="2019-08-09T08:14:35.750">
  <classunload-info classloadercandidates="68" classloadersunloaded="0" classesunloaded="0" anonymousclassesunloaded="0" quiescems="0.000" setupms="0.017" scanms="0.000" postms="0.000" />
</gc-op>
<heap-resize id="5003" type="expand" space="default" amount="4194304" count="1" timems="0.064" reason="excessive time being spent in gc" timestamp="2019-08-09T08:14:35.750" />
<gc-end id="5004" type="partial gc" contextid="4998" durationms="15.337" usertimems="48.692" systemtimems="25.302" timestamp="2019-08-09T08:14:35.750" activeThreads="16">
  <mem-info id="5005" free="119537664" total="199229440" percent="60">
    <mem type="eden" free="1990288" total="6291456" percent="31" />
    <remembered-set count="8288" freebytes="7931648" totalbytes="7964800" percent="99" regionsoverflowed="0" regionsstable="11" regionsrebuilding="0"/>
  </mem-info>
</gc-end>
<cycle-end id="5006" type="partial gc" contextid="4998" timestamp="2019-08-09T08:14:35.750" />
  <attribute name="elasticGC enabled" value="1" />
  <attribute name= "numThreadsSpecified" value="16" />
  <attribute name="heapSize specified" value="0" />
  <attribute name="Current GC Util" value="155" />
  <attribute name= "Current Time Running" value="110824" />
  <attribute name ="GC Interval" value="0" />
  <attribute name="Target GC Util Change" value ="80.000000" />
  <attribute name="Current GC Util Change" value="155.000000"/>
  <attribute name="Current Error" value="-205.000000" />
  <attribute name="Output H" value="195072864"/>
  <attribute name="Output I" value="1888"/>
  <attribute name="Output T" value="16"/>
  <attribute name= "Current Time Running" value="110824" />
  <attribute name="GC Util currently" value="155" />
  <attribute name="CPU Util currently" value="1339268572238" />
<exclusive-end id="5007" timestamp="2019-08-09T08:14:35.751" durationms="16.446" />

<exclusive-start id="5008" timestamp="2019-08-09T08:14:35.834" intervalms="99.889">
  <response-info timems="3.203" idlems="1.618" threads="1" lastid="000000000243BA00" lastname="Thread-42" />
</exclusive-start>
<allocation-taxation id="5009" taxation-threshold="56623104" timestamp="2019-08-09T08:14:35.834" intervalms="99.897" />
<cycle-start id="5010" type="partial gc" contextid="0" timestamp="2019-08-09T08:14:35.834" intervalms="99.921" />
<gc-start id="5011" type="partial gc" contextid="5010" timestamp="2019-08-09T08:14:35.835">
  <mem-info id="5012" free="62914560" total="199229440" percent="31">
    <mem type="eden" free="0" total="56623104" percent="0" />
    <remembered-set count="7840" freebytes="7933440" totalbytes="7964800" percent="99" regionsoverflowed="0" regionsstable="11" regionsrebuilding="0"/>
  </mem-info>
</gc-start>
<allocation-stats totalBytes="56432024" >
  <allocated-bytes non-tlh="139320" tlh="56292704" arrayletleaf="0"/>
  <largest-consumer threadName="Thread-51" threadId="0000000002456200" bytes="6202168" />
</allocation-stats>
<gc-op id="5013" type="copy forward" timems="13.696" contextid="5010" timestamp="2019-08-09T08:14:35.850">
  <memory-copied type="eden" objects="9164" bytes="3710024" bytesdiscarded="734448" />
  <memory-copied type="other" objects="18" bytes="632" bytesdiscarded="0" />
  <memory-cardclean objects="2967" bytes="168152" />
  <regions eden="27" other="3" />
  <remembered-set-cleared processed="565" cleared="229" durationms="0.135" />
  <stringconstants candidates="15965" cleared="0"  />
</gc-op>
<gc-op id="5014" type="classunload" timems="0.031" contextid="5010" timestamp="2019-08-09T08:14:35.850">
  <classunload-info classloadercandidates="68" classloadersunloaded="0" classesunloaded="0" anonymousclassesunloaded="0" quiescems="0.000" setupms="0.031" scanms="0.000" postms="0.000" />
</gc-op>
<heap-resize id="5015" type="expand" space="default" amount="6291456" count="1" timems="0.076" reason="excessive time being spent in gc" timestamp="2019-08-09T08:14:35.850" />
<gc-end id="5016" type="partial gc" contextid="5010" durationms="15.581" usertimems="64.800" systemtimems="22.915" timestamp="2019-08-09T08:14:35.850" activeThreads="16">
  <mem-info id="5017" free="123731968" total="205520896" percent="60">
    <mem type="eden" free="1846728" total="6291456" percent="29" />
    <remembered-set count="7488" freebytes="8186368" totalbytes="8216320" percent="99" regionsoverflowed="0" regionsstable="11" regionsrebuilding="0"/>
  </mem-info>
</gc-end>
<cycle-end id="5018" type="partial gc" contextid="5010" timestamp="2019-08-09T08:14:35.851" />
  <attribute name="elasticGC enabled" value="1" />
  <attribute name= "numThreadsSpecified" value="16" />
  <attribute name="heapSize specified" value="0" />
  <attribute name="Current GC Util" value="88" />
  <attribute name= "Current Time Running" value="110923" />
  <attribute name ="GC Interval" value="0" />
  <attribute name="Target GC Util Change" value ="80.000000" />
  <attribute name="Current GC Util Change" value="88.000000"/>
  <attribute name="Current Error" value="-173.000000" />
  <attribute name="Output H" value="199267184"/>
  <attribute name="Output I" value="1904"/>
  <attribute name="Output T" value="16"/>
  <attribute name= "Current Time Running" value="110923" />
  <attribute name="GC Util currently" value="88" />
  <attribute name="CPU Util currently" value="1123302171966" />
<exclusive-end id="5019" timestamp="2019-08-09T08:14:35.851" durationms="16.989" />

<exclusive-start id="5020" timestamp="2019-08-09T08:14:35.991" intervalms="157.429">
  <response-info timems="9.615" idlems="9.615" threads="0" lastid="0000000002428F00" lastname="Thread-49" />
</exclusive-start>
<allocation-taxation id="5021" taxation-threshold="58720256" timestamp="2019-08-09T08:14:35.992" intervalms="157.542" />
<cycle-start id="5022" type="partial gc" contextid="0" timestamp="2019-08-09T08:14:35.992" intervalms="157.939" />
<gc-start id="5023" type="partial gc" contextid="5022" timestamp="2019-08-09T08:14:35.992">
  <mem-info id="5024" free="65011712" total="205520896" percent="31">
    <mem type="eden" free="0" total="58720256" percent="0" />
    <remembered-set count="7008" freebytes="8188288" totalbytes="8216320" percent="99" regionsoverflowed="0" regionsstable="11" regionsrebuilding="0"/>
  </mem-info>
</gc-start>
<allocation-stats totalBytes="58381432" >
  <allocated-bytes non-tlh="49176" tlh="58332256" arrayletleaf="0"/>
  <largest-consumer threadName="Thread-50" threadId="0000000002459E00" bytes="6881472" />
</allocation-stats>
<gc-op id="5025" type="copy forward" timems="14.780" contextid="5022" timestamp="2019-08-09T08:14:36.008">
  <memory-copied type="eden" objects="9921" bytes="3836688" bytesdiscarded="793920" />
  <memory-copied type="other" objects="20" bytes="912" bytesdiscarded="0" />
  <memory-cardclean objects="2978" bytes="168448" />
  <regions eden="28" other="3" />
  <remembered-set-cleared processed="556" cleared="222" durationms="1.633" />
  <references type="weak" candidates="1" cleared="0" enqueued="0" />
  <references type="phantom" candidates="4" cleared="0" enqueued="0" />
  <stringconstants candidates="15965" cleared="0"  />
</gc-op>
<gc-op id="5026" type="classunload" timems="0.013" contextid="5022" timestamp="2019-08-09T08:14:36.008">
  <classunload-info classloadercandidates="68" classloadersunloaded="0" classesunloaded="0" anonymousclassesunloaded="0" quiescems="0.000" setupms="0.013" scanms="0.000" postms="0.000" />
</gc-op>
<heap-resize id="5027" type="expand" space="default" amount="4194304" count="1" timems="0.060" reason="excessive time being spent in gc" timestamp="2019-08-09T08:14:36.008" />
<gc-end id="5028" type="partial gc" contextid="5022" durationms="16.120" usertimems="46.253" systemtimems="28.153" timestamp="2019-08-09T08:14:36.008" activeThreads="16">
  <mem-info id="5029" free="125829120" total="209715200" percent="60">
    <mem type="eden" free="1660568" total="6291456" percent="26" />
    <remembered-set count="9536" freebytes="8345856" totalbytes="8384000" percent="99" regionsoverflowed="0" regionsstable="11" regionsrebuilding="0"/>
  </mem-info>
</gc-end>
<cycle-end id="5030" type="partial gc" contextid="5022" timestamp="2019-08-09T08:14:36.009" />
  <attribute name="elasticGC enabled" value="1" />
  <attribute name= "numThreadsSpecified" value="16" />
  <attribute name="heapSize specified" value="0" />
  <attribute name="Current GC Util" value="140" />
  <attribute name= "Current Time Running" value="111081" />
  <attribute name ="GC Interval" value="0" />
  <attribute name="Target GC Util Change" value ="80.000000" />
  <attribute name="Current GC Util Change" value="140.000000"/>
  <attribute name="Current Error" value="-60.000000" />
  <attribute name="Output H" value="205558704"/>
  <attribute name="Output I" value="1968"/>
  <attribute name="Output T" value="16"/>
  <attribute name= "Current Time Running" value="111081" />
  <attribute name="GC Util currently" value="140" />
  <attribute name="CPU Util currently" value="1609874668890" />
<exclusive-end id="5031" timestamp="2019-08-09T08:14:36.009" durationms="17.743" />

<exclusive-start id="5032" timestamp="2019-08-09T08:14:36.085" intervalms="94.019">
  <response-info timems="0.169" idlems="0.169" threads="0" lastid="0000000002419F00" lastname="Thread-41" />
</exclusive-start>
<allocation-taxation id="5033" taxation-threshold="58720256" timestamp="2019-08-09T08:14:36.086" intervalms="93.894" />
<cycle-start id="5034" type="partial gc" contextid="0" timestamp="2019-08-09T08:14:36.086" intervalms="93.483" />
<gc-start id="5035" type="partial gc" contextid="5034" timestamp="2019-08-09T08:14:36.086">
  <mem-info id="5036" free="67108864" total="209715200" percent="32">
    <mem type="eden" free="0" total="58720256" percent="0" />
    <remembered-set count="9152" freebytes="8347392" totalbytes="8384000" percent="99" regionsoverflowed="0" regionsstable="11" regionsrebuilding="0"/>
  </mem-info>
</gc-start>
<allocation-stats totalBytes="58521392" >
  <allocated-bytes non-tlh="16392" tlh="58505000" arrayletleaf="0"/>
  <largest-consumer threadName="Thread-46" threadId="0000000002461500" bytes="8957960" />
</allocation-stats>
<gc-op id="5037" type="copy forward" timems="17.250" contextid="5034" timestamp="2019-08-09T08:14:36.105">
  <memory-copied type="eden" objects="9795" bytes="3705856" bytesdiscarded="761816" />
  <memory-copied type="other" objects="7" bytes="456" bytesdiscarded="0" />
  <memory-cardclean objects="2956" bytes="167208" />
  <regions eden="28" other="3" />
  <remembered-set-cleared processed="571" cleared="234" durationms="0.209" />
  <references type="weak" candidates="1" cleared="0" enqueued="0" />
  <references type="phantom" candidates="3" cleared="0" enqueued="0" />
  <stringconstants candidates="15965" cleared="0"  />
</gc-op>
<gc-op id="5038" type="classunload" timems="0.015" contextid="5034" timestamp="2019-08-09T08:14:36.105">
  <classunload-info classloadercandidates="68" classloadersunloaded="0" classesunloaded="0" anonymousclassesunloaded="0" quiescems="0.000" setupms="0.015" scanms="0.000" postms="0.000" />
</gc-op>
<heap-resize id="5039" type="expand" space="default" amount="6291456" count="1" timems="0.064" reason="excessive time being spent in gc" timestamp="2019-08-09T08:14:36.105" />
<gc-end id="5040" type="partial gc" contextid="5034" durationms="19.215" usertimems="65.283" systemtimems="18.961" timestamp="2019-08-09T08:14:36.105" activeThreads="16">
  <mem-info id="5041" free="130023424" total="216006656" percent="60">
    <mem type="eden" free="1823520" total="6291456" percent="28" />
    <remembered-set count="8512" freebytes="8601472" totalbytes="8635520" percent="99" regionsoverflowed="0" regionsstable="11" regionsrebuilding="0"/>
  </mem-info>
</gc-end>
<cycle-end id="5042" type="partial gc" contextid="5034" timestamp="2019-08-09T08:14:36.106" />
  <attribute name="elasticGC enabled" value="1" />
  <attribute name= "numThreadsSpecified" value="16" />
  <attribute name="heapSize specified" value="0" />
  <attribute name="Current GC Util" value="125" />
  <attribute name= "Current Time Running" value="111174" />
  <attribute name ="GC Interval" value="0" />
  <attribute name="Target GC Util Change" value ="80.000000" />
  <attribute name="Current GC Util Change" value="125.000000"/>
  <attribute name="Current Error" value="-80.000000" />
  <attribute name="Output H" value="209753000"/>
  <attribute name="Output I" value="1960"/>
  <attribute name="Output T" value="16"/>
  <attribute name= "Current Time Running" value="111174" />
  <attribute name="GC Util currently" value="125" />
  <attribute name="CPU Util currently" value="1412141080483" />
<exclusive-end id="5043" timestamp="2019-08-09T08:14:36.106" durationms="20.411" />

<exclusive-start id="5044" timestamp="2019-08-09T08:14:36.187" intervalms="101.141">
  <response-info timems="0.387" idlems="0.141" threads="7" lastid="0000000002456200" lastname="Thread-51" />
</exclusive-start>
<allocation-taxation id="5045" taxation-threshold="60817408" timestamp="2019-08-09T08:14:36.187" intervalms="101.143" />
<cycle-start id="5046" type="partial gc" contextid="0" timestamp="2019-08-09T08:14:36.187" intervalms="101.140" />
<gc-start id="5047" type="partial gc" contextid="5046" timestamp="2019-08-09T08:14:36.188">
  <mem-info id="5048" free="69206016" total="216006656" percent="32">
    <mem type="eden" free="0" total="60817408" percent="0" />
    <remembered-set count="8288" freebytes="8602368" totalbytes="8635520" percent="99" regionsoverflowed="0" regionsstable="11" regionsrebuilding="0"/>
  </mem-info>
</gc-start>
<allocation-stats totalBytes="60522024" >
  <allocated-bytes non-tlh="122936" tlh="60399088" arrayletleaf="0"/>
  <largest-consumer threadName="Thread-41" threadId="0000000002419F00" bytes="5707016" />
</allocation-stats>
<gc-op id="5049" type="copy forward" timems="9.206" contextid="5046" timestamp="2019-08-09T08:14:36.199">
  <memory-copied type="eden" objects="9673" bytes="3891096" bytesdiscarded="890048" />
  <memory-copied type="other" objects="21" bytes="824" bytesdiscarded="0" />
  <memory-cardclean objects="2951" bytes="167352" />
  <regions eden="29" other="3" />
  <remembered-set-cleared processed="563" cleared="225" durationms="0.167" />
  <references type="phantom" candidates="3" cleared="0" enqueued="0" />
  <stringconstants candidates="15965" cleared="0"  />
</gc-op>
<gc-op id="5050" type="classunload" timems="0.011" contextid="5046" timestamp="2019-08-09T08:14:36.199">
  <classunload-info classloadercandidates="68" classloadersunloaded="0" classesunloaded="0" anonymousclassesunloaded="0" quiescems="0.000" setupms="0.011" scanms="0.000" postms="0.000" />
</gc-op>
<heap-resize id="5051" type="expand" space="default" amount="4194304" count="1" timems="0.061" reason="excessive time being spent in gc" timestamp="2019-08-09T08:14:36.199" />
<gc-end id="5052" type="partial gc" contextid="5046" durationms="11.523" usertimems="23.369" systemtimems="16.520" timestamp="2019-08-09T08:14:36.199" activeThreads="16">
  <mem-info id="5053" free="132120576" total="220200960" percent="60">
    <mem type="eden" free="1510032" total="6291456" percent="24" />
    <remembered-set count="8000" freebytes="8771200" totalbytes="8803200" percent="99" regionsoverflowed="0" regionsstable="11" regionsrebuilding="0"/>
  </mem-info>
</gc-end>
<cycle-end id="5054" type="partial gc" contextid="5046" timestamp="2019-08-09T08:14:36.200" />
  <attribute name="elasticGC enabled" value="1" />
  <attribute name= "numThreadsSpecified" value="16" />
  <attribute name="heapSize specified" value="0" />
  <attribute name="Current GC Util" value="235" />
  <attribute name= "Current Time Running" value="111277" />
  <attribute name ="GC Interval" value="0" />
  <attribute name="Target GC Util Change" value ="80.000000" />
  <attribute name="Current GC Util Change" value="235.000000"/>
  <attribute name="Current Error" value="-192.000000" />
  <attribute name="Output H" value="216044392"/>
  <attribute name="Output I" value="1896"/>
  <attribute name="Output T" value="16"/>
  <attribute name= "Current Time Running" value="111277" />
  <attribute name="GC Util currently" value="235" />
  <attribute name="CPU Util currently" value="684981660956" />
<exclusive-end id="5055" timestamp="2019-08-09T08:14:36.200" durationms="13.179" />

<exclusive-start id="5056" timestamp="2019-08-09T08:14:36.268" intervalms="81.708">
  <response-info timems="1.050" idlems="1.050" threads="0" lastid="0000000002419F00" lastname="Thread-41" />
</exclusive-start>
<allocation-taxation id="5057" taxation-threshold="62914560" timestamp="2019-08-09T08:14:36.268" intervalms="81.702" />
<cycle-start id="5058" type="partial gc" contextid="0" timestamp="2019-08-09T08:14:36.268" intervalms="81.752" />
<gc-start id="5059" type="partial gc" contextid="5058" timestamp="2019-08-09T08:14:36.269">
  <mem-info id="5060" free="69206016" total="220200960" percent="31">
    <mem type="eden" free="0" total="62914560" percent="0" />
    <remembered-set count="7584" freebytes="8772864" totalbytes="8803200" percent="99" regionsoverflowed="0" regionsstable="11" regionsrebuilding="0"/>
  </mem-info>
</gc-start>
<allocation-stats totalBytes="62754336" >
  <allocated-bytes non-tlh="16392" tlh="62737944" arrayletleaf="0"/>
  <largest-consumer threadName="Thread-50" threadId="0000000002459E00" bytes="6986888" />
</allocation-stats>
<gc-op id="5061" type="copy forward" timems="20.290" contextid="5058" timestamp="2019-08-09T08:14:36.292">
  <memory-copied type="eden" objects="8434" bytes="3511640" bytesdiscarded="701976" />
  <memory-copied type="other" objects="27" bytes="1776" bytesdiscarded="1008" />
  <memory-cardclean objects="3002" bytes="169784" />
  <regions eden="30" other="5" />
  <remembered-set-cleared processed="560" cleared="228" durationms="0.469" />
  <references type="phantom" candidates="4" cleared="0" enqueued="0" />
  <stringconstants candidates="15965" cleared="0"  />
</gc-op>
<gc-op id="5062" type="classunload" timems="0.018" contextid="5058" timestamp="2019-08-09T08:14:36.293">
  <classunload-info classloadercandidates="68" classloadersunloaded="0" classesunloaded="0" anonymousclassesunloaded="0" quiescems="0.000" setupms="0.018" scanms="0.000" postms="0.000" />
</gc-op>
<gc-end id="5063" type="partial gc" contextid="5058" durationms="23.936" usertimems="73.148" systemtimems="21.775" timestamp="2019-08-09T08:14:36.293" activeThreads="16">
  <mem-info id="5064" free="134217728" total="220200960" percent="60">
    <mem type="eden" free="2077544" total="6291456" percent="33" />
    <remembered-set count="6464" freebytes="8777344" totalbytes="8803200" percent="99" regionsoverflowed="0" regionsstable="11" regionsrebuilding="0"/>
  </mem-info>
</gc-end>
<cycle-end id="5065" type="partial gc" contextid="5058" timestamp="2019-08-09T08:14:36.293" />
  <attribute name="elasticGC enabled" value="1" />
  <attribute name= "numThreadsSpecified" value="16" />
  <attribute name="heapSize specified" value="0" />
  <attribute name="Current GC Util" value="292" />
  <attribute name= "Current Time Running" value="111359" />
  <attribute name ="GC Interval" value="0" />
  <attribute name="Target GC Util Change" value ="80.000000" />
  <attribute name="Current GC Util Change" value="292.000000"/>
  <attribute name="Current Error" value="-212.000000" />
  <attribute name="Output H" value="220238680"/>
  <attribute name="Output I" value="1880"/>
  <attribute name="Output T" value="16"/>
  <attribute name= "Current Time Running" value="111359" />
  <attribute name="GC Util currently" value="292" />
  <attribute name="CPU Util currently" value="426743819871" />
<exclusive-end id="5066" timestamp="2019-08-09T08:14:36.293" durationms="24.615" />

<exclusive-start id="5067" timestamp="2019-08-09T08:14:36.428" intervalms="160.075">
  <response-info timems="1.796" idlems="1.796" threads="0" lastid="0000000002456200" lastname="Thread-51" />
</exclusive-start>
<allocation-taxation id="5068" taxation-threshold="62914560" timestamp="2019-08-09T08:14:36.428" intervalms="160.070" />
<cycle-start id="5069" type="partial gc" contextid="0" timestamp="2019-08-09T08:14:36.428" intervalms="160.019" />
<gc-start id="5070" type="partial gc" contextid="5069" timestamp="2019-08-09T08:14:36.429">
  <mem-info id="5071" free="71303168" total="220200960" percent="32">
    <mem type="eden" free="0" total="62914560" percent="0" />
    <remembered-set count="6016" freebytes="8779136" totalbytes="8803200" percent="99" regionsoverflowed="0" regionsstable="11" regionsrebuilding="0"/>
  </mem-info>
</gc-start>
<allocation-stats totalBytes="62809336" >
  <allocated-bytes non-tlh="65552" tlh="62743784" arrayletleaf="0"/>
  <largest-consumer threadName="Thread-46" threadId="0000000002461500" bytes="6500888" />
</allocation-stats>
<gc-op id="5072" type="copy forward" timems="20.195" contextid="5069" timestamp="2019-08-09T08:14:36.462">
  <memory-copied type="eden" objects="9828" bytes="3679280" bytesdiscarded="524152" />
  <memory-copied type="other" objects="87" bytes="137432" bytesdiscarded="0" />
  <memory-cardclean objects="3001" bytes="170112" />
  <regions eden="30" other="3" />
  <remembered-set-cleared processed="562" cleared="227" durationms="0.150" />
  <references type="weak" candidates="1" cleared="0" enqueued="0" />
  <references type="phantom" candidates="1" cleared="0" enqueued="0" />
  <stringconstants candidates="15965" cleared="0"  />
</gc-op>
<gc-op id="5073" type="classunload" timems="0.012" contextid="5069" timestamp="2019-08-09T08:14:36.462">
  <classunload-info classloadercandidates="68" classloadersunloaded="0" classesunloaded="0" anonymousclassesunloaded="0" quiescems="0.000" setupms="0.011" scanms="0.000" postms="0.000" />
</gc-op>
<gc-end id="5074" type="partial gc" contextid="5069" durationms="33.761" usertimems="24.970" systemtimems="43.061" timestamp="2019-08-09T08:14:36.462" activeThreads="16">
  <mem-info id="5075" free="132120576" total="220200960" percent="60">
    <mem type="eden" free="2087784" total="6291456" percent="33" />
    <remembered-set count="9056" freebytes="8766976" totalbytes="8803200" percent="99" regionsoverflowed="0" regionsstable="11" regionsrebuilding="0"/>
  </mem-info>
</gc-end>
<cycle-end id="5076" type="partial gc" contextid="5069" timestamp="2019-08-09T08:14:36.463" />
  <attribute name="elasticGC enabled" value="1" />
  <attribute name= "numThreadsSpecified" value="16" />
  <attribute name="heapSize specified" value="0" />
  <attribute name="Current GC Util" value="46" />
  <attribute name= "Current Time Running" value="111529" />
  <attribute name ="GC Interval" value="0" />
  <attribute name="Target GC Util Change" value ="80.000000" />
  <attribute name="Current GC Util Change" value="46.000000"/>
  <attribute name="Current Error" value="-124.000000" />
  <attribute name="Output H" value="220238736"/>
  <attribute name="Output I" value="1936"/>
  <attribute name="Output T" value="16"/>
  <attribute name= "Current Time Running" value="111529" />
  <attribute name="GC Util currently" value="46" />
  <attribute name="CPU Util currently" value="87657946354" />
<exclusive-end id="5077" timestamp="2019-08-09T08:14:36.463" durationms="34.598" />

<exclusive-start id="5078" timestamp="2019-08-09T08:14:36.553" intervalms="124.925">
  <response-info timems="2.457" idlems="1.675" threads="5" lastid="0000000002461500" lastname="Thread-46" />
</exclusive-start>
<allocation-taxation id="5079" taxation-threshold="62914560" timestamp="2019-08-09T08:14:36.553" intervalms="124.999" />
<cycle-start id="5080" type="partial gc" contextid="0" timestamp="2019-08-09T08:14:36.554" intervalms="125.462" />
<gc-start id="5081" type="partial gc" contextid="5080" timestamp="2019-08-09T08:14:36.554">
  <mem-info id="5082" free="69206016" total="220200960" percent="31">
    <mem type="eden" free="0" total="62914560" percent="0" />
    <remembered-set count="8608" freebytes="8768768" totalbytes="8803200" percent="99" regionsoverflowed="0" regionsstable="11" regionsrebuilding="0"/>
  </mem-info>
</gc-start>
<allocation-stats totalBytes="62785240" >
  <allocated-bytes non-tlh="32776" tlh="62752464" arrayletleaf="0"/>
  <largest-consumer threadName="Thread-51" threadId="0000000002456200" bytes="7352200" />
</allocation-stats>
<gc-op id="5083" type="copy forward" timems="36.879" contextid="5080" timestamp="2019-08-09T08:14:36.592">
  <memory-copied type="eden" objects="9784" bytes="3819344" bytesdiscarded="837280" />
  <memory-copied type="other" objects="267" bytes="56760" bytesdiscarded="6784" />
  <memory-cardclean objects="3040" bytes="253856" />
  <regions eden="30" other="3" />
  <remembered-set-cleared processed="576" cleared="237" durationms="0.111" />
  <references type="weak" candidates="1" cleared="0" enqueued="0" />
  <references type="phantom" candidates="2" cleared="0" enqueued="0" />
  <stringconstants candidates="15965" cleared="0"  />
</gc-op>
<gc-op id="5084" type="classunload" timems="0.011" contextid="5080" timestamp="2019-08-09T08:14:36.592">
  <classunload-info classloadercandidates="68" classloadersunloaded="0" classesunloaded="0" anonymousclassesunloaded="0" quiescems="0.000" setupms="0.010" scanms="0.000" postms="0.000" />
</gc-op>
<heap-resize id="5085" type="expand" space="default" amount="6291456" count="1" timems="0.066" reason="excessive time being spent in gc" timestamp="2019-08-09T08:14:36.593" />
<gc-end id="5086" type="partial gc" contextid="5080" durationms="38.355" usertimems="82.321" systemtimems="59.919" timestamp="2019-08-09T08:14:36.593" activeThreads="16">
  <mem-info id="5087" free="136314880" total="226492416" percent="60">
    <mem type="eden" free="1634568" total="6291456" percent="25" />
    <remembered-set count="9568" freebytes="9016448" totalbytes="9054720" percent="99" regionsoverflowed="0" regionsstable="11" regionsrebuilding="0"/>
  </mem-info>
</gc-end>
<cycle-end id="5088" type="partial gc" contextid="5080" timestamp="2019-08-09T08:14:36.593" />
  <attribute name="elasticGC enabled" value="1" />
  <attribute name= "numThreadsSpecified" value="16" />
  <attribute name="heapSize specified" value="0" />
  <attribute name="Current GC Util" value="129" />
  <attribute name= "Current Time Running" value="111643" />
  <attribute name ="GC Interval" value="0" />
  <attribute name="Target GC Util Change" value ="80.000000" />
  <attribute name="Current GC Util Change" value="129.000000"/>
  <attribute name="Current Error" value="-136.000000" />
  <attribute name="Output H" value="220238728"/>
  <attribute name="Output I" value="1928"/>
  <attribute name="Output T" value="16"/>
  <attribute name= "Current Time Running" value="111643" />
  <attribute name="GC Util currently" value="129" />
  <attribute name="CPU Util currently" value="1386774587334" />
<exclusive-end id="5089" timestamp="2019-08-09T08:14:36.593" durationms="39.778" />

<exclusive-start id="5090" timestamp="2019-08-09T08:14:36.655" intervalms="102.010">
  <response-info timems="6.464" idlems="6.173" threads="1" lastid="0000000002425300" lastname="Thread-47" />
</exclusive-start>
<allocation-taxation id="5091" taxation-threshold="62914560" timestamp="2019-08-09T08:14:36.655" intervalms="101.962" />
<cycle-start id="5092" type="partial gc" contextid="0" timestamp="2019-08-09T08:14:36.655" intervalms="101.486" />
<gc-start id="5093" type="partial gc" contextid="5092" timestamp="2019-08-09T08:14:36.656">
  <mem-info id="5094" free="73400320" total="226492416" percent="32">
    <mem type="eden" free="0" total="62914560" percent="0" />
    <remembered-set count="9152" freebytes="9018112" totalbytes="9054720" percent="99" regionsoverflowed="0" regionsstable="11" regionsrebuilding="0"/>
  </mem-info>
</gc-start>
<allocation-stats totalBytes="62731296" >
  <allocated-bytes non-tlh="16392" tlh="62714904" arrayletleaf="0"/>
  <largest-consumer threadName="Thread-50" threadId="0000000002459E00" bytes="8443504" />
</allocation-stats>
<gc-op id="5095" type="copy forward" timems="14.288" contextid="5092" timestamp="2019-08-09T08:14:36.671">
  <memory-copied type="eden" objects="8086" bytes="3243976" bytesdiscarded="649976" />
  <memory-copied type="other" objects="1288" bytes="601936" bytesdiscarded="68968" />
  <memory-cardclean objects="2820" bytes="196664" />
  <regions eden="30" other="3" />
  <remembered-set-cleared processed="573" cleared="228" durationms="0.580" />
  <references type="phantom" candidates="3" cleared="0" enqueued="0" />
  <stringconstants candidates="15965" cleared="0"  />
</gc-op>
<gc-op id="5096" type="classunload" timems="0.015" contextid="5092" timestamp="2019-08-09T08:14:36.671">
  <classunload-info classloadercandidates="68" classloadersunloaded="0" classesunloaded="0" anonymousclassesunloaded="0" quiescems="0.000" setupms="0.015" scanms="0.000" postms="0.000" />
</gc-op>
<gc-end id="5097" type="partial gc" contextid="5092" durationms="15.460" usertimems="30.848" systemtimems="17.792" timestamp="2019-08-09T08:14:36.671" activeThreads="16">
  <mem-info id="5098" free="136314880" total="226492416" percent="60">
    <mem type="eden" free="300104" total="4194304" percent="7" />
    <remembered-set count="8672" freebytes="9020032" totalbytes="9054720" percent="99" regionsoverflowed="0" regionsstable="11" regionsrebuilding="0"/>
  </mem-info>
</gc-end>
<cycle-end id="5099" type="partial gc" contextid="5092" timestamp="2019-08-09T08:14:36.671" />
  <attribute name="elasticGC enabled" value="1" />
  <attribute name= "numThreadsSpecified" value="16" />
  <attribute name="heapSize specified" value="0" />
  <attribute name="Current GC Util" value="104" />
  <attribute name= "Current Time Running" value="111744" />
  <attribute name ="GC Interval" value="0" />
  <attribute name="Target GC Util Change" value ="80.000000" />
  <attribute name="Current GC Util Change" value="104.000000"/>
  <attribute name="Current Error" value="-24.000000" />
  <attribute name="Output H" value="226530248"/>
  <attribute name="Output I" value="1992"/>
  <attribute name="Output T" value="16"/>
  <attribute name= "Current Time Running" value="111744" />
  <attribute name="GC Util currently" value="104" />
  <attribute name="CPU Util currently" value="1806548835585" />
<exclusive-end id="5100" timestamp="2019-08-09T08:14:36.671" durationms="16.181" />

<exclusive-start id="5101" timestamp="2019-08-09T08:14:36.732" intervalms="77.117">
  <response-info timems="3.528" idlems="3.528" threads="0" lastid="0000000002474100" lastname="Thread-38" />
</exclusive-start>
<allocation-taxation id="5102" taxation-threshold="62914560" timestamp="2019-08-09T08:14:36.732" intervalms="77.104" />
<cycle-start id="5103" type="partial gc" contextid="0" timestamp="2019-08-09T08:14:36.733" intervalms="77.119" />
<gc-start id="5104" type="partial gc" contextid="5103" timestamp="2019-08-09T08:14:36.733">
  <mem-info id="5105" free="73400320" total="226492416" percent="32">
    <mem type="eden" free="0" total="62914560" percent="0" />
    <remembered-set count="8352" freebytes="9021312" totalbytes="9054720" percent="99" regionsoverflowed="0" regionsstable="11" regionsrebuilding="0"/>
  </mem-info>
</gc-start>
<allocation-stats totalBytes="62793168" >
  <allocated-bytes non-tlh="163888" tlh="62629280" arrayletleaf="0"/>
  <largest-consumer threadName="Thread-51" threadId="0000000002456200" bytes="7493096" />
</allocation-stats>
<gc-op id="5106" type="copy forward" timems="10.911" contextid="5103" timestamp="2019-08-09T08:14:36.745">
  <memory-copied type="eden" objects="10215" bytes="4030608" bytesdiscarded="577296" />
  <memory-copied type="other" objects="62" bytes="38488" bytesdiscarded="8464" />
  <memory-cardclean objects="3019" bytes="203552" />
  <regions eden="30" other="3" />
  <remembered-set-cleared processed="565" cleared="225" durationms="0.307" />
  <references type="phantom" candidates="3" cleared="0" enqueued="0" />
  <stringconstants candidates="15965" cleared="0"  />
</gc-op>
<gc-op id="5107" type="classunload" timems="0.011" contextid="5103" timestamp="2019-08-09T08:14:36.745">
  <classunload-info classloadercandidates="68" classloadersunloaded="0" classesunloaded="0" anonymousclassesunloaded="0" quiescems="0.000" setupms="0.011" scanms="0.000" postms="0.000" />
</gc-op>
<heap-resize id="5108" type="expand" space="default" amount="10485760" count="1" timems="0.073" reason="excessive time being spent in gc" timestamp="2019-08-09T08:14:36.745" />
<gc-end id="5109" type="partial gc" contextid="5103" durationms="11.978" usertimems="26.406" systemtimems="9.745" timestamp="2019-08-09T08:14:36.745" activeThreads="16">
  <mem-info id="5110" free="142606336" total="236978176" percent="60">
    <mem type="eden" free="1683272" total="6291456" percent="26" />
    <remembered-set count="7616" freebytes="9443456" totalbytes="9473920" percent="99" regionsoverflowed="0" regionsstable="11" regionsrebuilding="0"/>
  </mem-info>
</gc-end>
<cycle-end id="5111" type="partial gc" contextid="5103" timestamp="2019-08-09T08:14:36.746" />
  <attribute name="elasticGC enabled" value="1" />
  <attribute name= "numThreadsSpecified" value="16" />
  <attribute name="heapSize specified" value="0" />
  <attribute name="Current GC Util" value="129" />
  <attribute name= "Current Time Running" value="111821" />
  <attribute name ="GC Interval" value="0" />
  <attribute name="Target GC Util Change" value ="80.000000" />
  <attribute name="Current GC Util Change" value="129.000000"/>
  <attribute name="Current Error" value="-36.000000" />
  <attribute name="Output H" value="226530240"/>
  <attribute name="Output I" value="1984"/>
  <attribute name="Output T" value="16"/>
  <attribute name= "Current Time Running" value="111821" />
  <attribute name="GC Util currently" value="129" />
  <attribute name="CPU Util currently" value="2402755544469" />
<exclusive-end id="5112" timestamp="2019-08-09T08:14:36.746" durationms="13.219" />

<exclusive-start id="5113" timestamp="2019-08-09T08:14:36.793" intervalms="60.743">
  <response-info timems="0.128" idlems="0.068" threads="1" lastid="0000000002412700" lastname="Thread-40" />
</exclusive-start>
<allocation-taxation id="5114" taxation-threshold="67108864" timestamp="2019-08-09T08:14:36.793" intervalms="60.731" />
<cycle-start id="5115" type="partial gc" contextid="0" timestamp="2019-08-09T08:14:36.793" intervalms="60.704" />
<gc-start id="5116" type="partial gc" contextid="5115" timestamp="2019-08-09T08:14:36.794">
  <mem-info id="5117" free="75497472" total="236978176" percent="31">
    <mem type="eden" free="0" total="67108864" percent="0" />
    <remembered-set count="7456" freebytes="9444096" totalbytes="9473920" percent="99" regionsoverflowed="0" regionsstable="11" regionsrebuilding="0"/>
  </mem-info>
</gc-start>
<allocation-stats totalBytes="66933424" >
  <allocated-bytes non-tlh="90144" tlh="66843280" arrayletleaf="0"/>
  <largest-consumer threadName="Thread-50" threadId="0000000002459E00" bytes="8921584" />
</allocation-stats>
<gc-op id="5118" type="copy forward" timems="8.282" contextid="5115" timestamp="2019-08-09T08:14:36.803">
  <memory-copied type="eden" objects="10130" bytes="3991696" bytesdiscarded="949696" />
  <memory-copied type="other" objects="16" bytes="680" bytesdiscarded="0" />
  <memory-cardclean objects="2990" bytes="169728" />
  <regions eden="32" other="4" />
  <remembered-set-cleared processed="589" cleared="237" durationms="0.113" />
  <references type="weak" candidates="1" cleared="0" enqueued="0" />
  <references type="phantom" candidates="1" cleared="0" enqueued="0" />
  <stringconstants candidates="15965" cleared="0"  />
</gc-op>
<gc-op id="5119" type="classunload" timems="0.011" contextid="5115" timestamp="2019-08-09T08:14:36.803">
  <classunload-info classloadercandidates="68" classloadersunloaded="0" classesunloaded="0" anonymousclassesunloaded="0" quiescems="0.000" setupms="0.011" scanms="0.000" postms="0.000" />
</gc-op>
<heap-resize id="5120" type="expand" space="default" amount="4194304" count="1" timems="0.063" reason="excessive time being spent in gc" timestamp="2019-08-09T08:14:36.803" />
<gc-end id="5121" type="partial gc" contextid="5115" durationms="9.669" usertimems="22.251" systemtimems="12.303" timestamp="2019-08-09T08:14:36.803" activeThreads="16">
  <mem-info id="5122" free="144703488" total="241172480" percent="60">
    <mem type="eden" free="1349808" total="6291456" percent="21" />
    <remembered-set count="9248" freebytes="9604608" totalbytes="9641600" percent="99" regionsoverflowed="0" regionsstable="11" regionsrebuilding="0"/>
  </mem-info>
</gc-end>
<cycle-end id="5123" type="partial gc" contextid="5115" timestamp="2019-08-09T08:14:36.803" />
  <attribute name="elasticGC enabled" value="1" />
  <attribute name= "numThreadsSpecified" value="16" />
  <attribute name="heapSize specified" value="0" />
  <attribute name="Current GC Util" value="127" />
  <attribute name= "Current Time Running" value="111882" />
  <attribute name ="GC Interval" value="0" />
  <attribute name="Target GC Util Change" value ="80.000000" />
  <attribute name="Current GC Util Change" value="127.000000"/>
  <attribute name="Current Error" value="-45.000000" />
  <attribute name="Output H" value="237015992"/>
  <attribute name="Output I" value="1976"/>
  <attribute name="Output T" value="16"/>
  <attribute name= "Current Time Running" value="111882" />
  <attribute name="GC Util currently" value="127" />
  <attribute name="CPU Util currently" value="2196078410876" />
<exclusive-end id="5124" timestamp="2019-08-09T08:14:36.803" durationms="10.254" />

<exclusive-start id="5125" timestamp="2019-08-09T08:14:36.915" intervalms="121.961">
  <response-info timems="3.175" idlems="3.175" threads="0" lastid="0000000002474100" lastname="Thread-38" />
</exclusive-start>
<allocation-taxation id="5126" taxation-threshold="67108864" timestamp="2019-08-09T08:14:36.915" intervalms="121.973" />
<cycle-start id="5127" type="partial gc" contextid="0" timestamp="2019-08-09T08:14:36.915" intervalms="122.004" />
<gc-start id="5128" type="partial gc" contextid="5127" timestamp="2019-08-09T08:14:36.916">
  <mem-info id="5129" free="77594624" total="241172480" percent="32">
    <mem type="eden" free="0" total="67108864" percent="0" />
    <remembered-set count="8800" freebytes="9606400" totalbytes="9641600" percent="99" regionsoverflowed="0" regionsstable="11" regionsrebuilding="0"/>
  </mem-info>
</gc-start>
<allocation-stats totalBytes="66855768" >
  <allocated-bytes non-tlh="81952" tlh="66773816" arrayletleaf="0"/>
  <largest-consumer threadName="Thread-50" threadId="0000000002459E00" bytes="8118032" />
</allocation-stats>
<gc-op id="5130" type="copy forward" timems="8.437" contextid="5127" timestamp="2019-08-09T08:14:36.926">
  <memory-copied type="eden" objects="9923" bytes="3845224" bytesdiscarded="745112" />
  <memory-copied type="other" objects="34" bytes="1472" bytesdiscarded="0" />
  <memory-cardclean objects="2981" bytes="137000" />
  <regions eden="32" other="4" />
  <remembered-set-cleared processed="585" cleared="232" durationms="0.107" />
  <stringconstants candidates="15965" cleared="0"  />
</gc-op>
<gc-op id="5131" type="classunload" timems="0.011" contextid="5127" timestamp="2019-08-09T08:14:36.926">
  <classunload-info classloadercandidates="68" classloadersunloaded="0" classesunloaded="0" anonymousclassesunloaded="0" quiescems="0.000" setupms="0.011" scanms="0.000" postms="0.000" />
</gc-op>
<heap-resize id="5132" type="expand" space="default" amount="6291456" count="1" timems="0.071" reason="excessive time being spent in gc" timestamp="2019-08-09T08:14:36.926" />
<gc-end id="5133" type="partial gc" contextid="5127" durationms="10.596" usertimems="28.755" systemtimems="12.214" timestamp="2019-08-09T08:14:36.926" activeThreads="16">
  <mem-info id="5134" free="148897792" total="247463936" percent="60">
    <mem type="eden" free="1700864" total="6291456" percent="27" />
    <remembered-set count="9760" freebytes="9854080" totalbytes="9893120" percent="99" regionsoverflowed="0" regionsstable="11" regionsrebuilding="0"/>
  </mem-info>
</gc-end>
<cycle-end id="5135" type="partial gc" contextid="5127" timestamp="2019-08-09T08:14:36.926" />
  <attribute name="elasticGC enabled" value="1" />
  <attribute name= "numThreadsSpecified" value="16" />
  <attribute name="heapSize specified" value="0" />
  <attribute name="Current GC Util" value="132" />
  <attribute name= "Current Time Running" value="112004" />
  <attribute name ="GC Interval" value="0" />
  <attribute name="Target GC Util Change" value ="80.000000" />
  <attribute name="Current GC Util Change" value="132.000000"/>
  <attribute name="Current Error" value="-52.000000" />
  <attribute name="Output H" value="241210296"/>
  <attribute name="Output I" value="1976"/>
  <attribute name="Output T" value="16"/>
  <attribute name= "Current Time Running" value="112004" />
  <attribute name="GC Util currently" value="132" />
  <attribute name="CPU Util currently" value="1206224459725" />
<exclusive-end id="5136" timestamp="2019-08-09T08:14:36.926" durationms="11.199" />

<exclusive-start id="5137" timestamp="2019-08-09T08:14:37.030" intervalms="114.873">
  <response-info timems="11.154" idlems="11.154" threads="0" lastid="0000000002412700" lastname="Thread-40" />
</exclusive-start>
<allocation-taxation id="5138" taxation-threshold="69206016" timestamp="2019-08-09T08:14:37.030" intervalms="115.067" />
<cycle-start id="5139" type="partial gc" contextid="0" timestamp="2019-08-09T08:14:37.030" intervalms="115.197" />
<gc-start id="5140" type="partial gc" contextid="5139" timestamp="2019-08-09T08:14:37.031">
  <mem-info id="5141" free="79691776" total="247463936" percent="32">
    <mem type="eden" free="0" total="69206016" percent="0" />
    <remembered-set count="9280" freebytes="9856000" totalbytes="9893120" percent="99" regionsoverflowed="0" regionsstable="11" regionsrebuilding="0"/>
  </mem-info>
</gc-start>
<allocation-stats totalBytes="69003752" >
  <allocated-bytes non-tlh="16392" tlh="68987360" arrayletleaf="0"/>
  <largest-consumer threadName="Thread-44" threadId="0000000002434200" bytes="10615200" />
</allocation-stats>
<gc-op id="5142" type="copy forward" timems="9.200" contextid="5139" timestamp="2019-08-09T08:14:37.048">
  <memory-copied type="eden" objects="10039" bytes="3923448" bytesdiscarded="891184" />
  <memory-copied type="other" objects="28" bytes="1288" bytesdiscarded="0" />
  <memory-cardclean objects="2990" bytes="136904" />
  <regions eden="33" other="4" />
  <remembered-set-cleared processed="593" cleared="243" durationms="0.109" />
  <references type="phantom" candidates="1" cleared="0" enqueued="0" />
  <stringconstants candidates="15965" cleared="0"  />
</gc-op>
<gc-op id="5143" type="classunload" timems="0.011" contextid="5139" timestamp="2019-08-09T08:14:37.048">
  <classunload-info classloadercandidates="68" classloadersunloaded="0" classesunloaded="0" anonymousclassesunloaded="0" quiescems="0.000" setupms="0.011" scanms="0.000" postms="0.000" />
</gc-op>
<gc-end id="5144" type="partial gc" contextid="5139" durationms="17.111" usertimems="44.394" systemtimems="14.417" timestamp="2019-08-09T08:14:37.048" activeThreads="16">
  <mem-info id="5145" free="146800640" total="247463936" percent="59">
    <mem type="eden" free="1476560" total="6291456" percent="23" />
    <remembered-set count="9728" freebytes="9854208" totalbytes="9893120" percent="99" regionsoverflowed="0" regionsstable="11" regionsrebuilding="0"/>
  </mem-info>
</gc-end>
<cycle-end id="5146" type="partial gc" contextid="5139" timestamp="2019-08-09T08:14:37.048" />
  <attribute name="elasticGC enabled" value="1" />
  <attribute name= "numThreadsSpecified" value="16" />
  <attribute name="heapSize specified" value="0" />
  <attribute name="Current GC Util" value="17" />
  <attribute name= "Current Time Running" value="112126" />
  <attribute name ="GC Interval" value="0" />
  <attribute name="Target GC Util Change" value ="80.000000" />
  <attribute name="Current GC Util Change" value="17.000000"/>
  <attribute name="Current Error" value="69.000000" />
  <attribute name="Output H" value="247501816"/>
  <attribute name="Output I" value="2040"/>
  <attribute name="Output T" value="16"/>
  <attribute name= "Current Time Running" value="112126" />
  <attribute name="GC Util currently" value="17" />
  <attribute name="CPU Util currently" value="155753105555" />
<exclusive-end id="5147" timestamp="2019-08-09T08:14:37.048" durationms="18.266" />

<exclusive-start id="5148" timestamp="2019-08-09T08:14:37.113" intervalms="83.205">
  <response-info timems="2.159" idlems="2.145" threads="1" lastid="0000000002456200" lastname="Thread-51" />
</exclusive-start>
<allocation-taxation id="5149" taxation-threshold="69206016" timestamp="2019-08-09T08:14:37.113" intervalms="83.016" />
<cycle-start id="5150" type="partial gc" contextid="0" timestamp="2019-08-09T08:14:37.113" intervalms="82.893" />
<gc-start id="5151" type="partial gc" contextid="5150" timestamp="2019-08-09T08:14:37.114">
  <mem-info id="5152" free="77594624" total="247463936" percent="31">
    <mem type="eden" free="0" total="69206016" percent="0" />
    <remembered-set count="9344" freebytes="9855744" totalbytes="9893120" percent="99" regionsoverflowed="0" regionsstable="11" regionsrebuilding="0"/>
  </mem-info>
</gc-start>
<allocation-stats totalBytes="69049432" >
  <allocated-bytes non-tlh="16392" tlh="69033040" arrayletleaf="0"/>
  <largest-consumer threadName="Thread-52" threadId="000000000246C900" bytes="8479144" />
</allocation-stats>
<gc-op id="5153" type="copy forward" timems="7.777" contextid="5150" timestamp="2019-08-09T08:14:37.123">
  <memory-copied type="eden" objects="7398" bytes="3020496" bytesdiscarded="710000" />
  <memory-copied type="other" objects="25" bytes="968" bytesdiscarded="0" />
  <memory-cardclean objects="2989" bytes="136952" />
  <regions eden="33" other="4" />
  <remembered-set-cleared processed="575" cleared="224" durationms="0.260" />
  <references type="weak" candidates="1" cleared="0" enqueued="0" />
  <references type="phantom" candidates="5" cleared="0" enqueued="0" />
  <stringconstants candidates="15965" cleared="0"  />
</gc-op>
<gc-op id="5154" type="classunload" timems="0.011" contextid="5150" timestamp="2019-08-09T08:14:37.123">
  <classunload-info classloadercandidates="68" classloadersunloaded="0" classesunloaded="0" anonymousclassesunloaded="0" quiescems="0.000" setupms="0.011" scanms="0.000" postms="0.000" />
</gc-op>
<gc-end id="5155" type="partial gc" contextid="5150" durationms="9.361" usertimems="24.734" systemtimems="10.587" timestamp="2019-08-09T08:14:37.123" activeThreads="16">
  <mem-info id="5156" free="146800640" total="247463936" percent="59">
    <mem type="eden" free="463544" total="4194304" percent="11" />
    <remembered-set count="7680" freebytes="9862400" totalbytes="9893120" percent="99" regionsoverflowed="0" regionsstable="11" regionsrebuilding="0"/>
  </mem-info>
</gc-end>
<cycle-end id="5157" type="partial gc" contextid="5150" timestamp="2019-08-09T08:14:37.123" />
  <attribute name="elasticGC enabled" value="1" />
  <attribute name= "numThreadsSpecified" value="16" />
  <attribute name="heapSize specified" value="0" />
  <attribute name="Current GC Util" value="90" />
  <attribute name= "Current Time Running" value="112202" />
  <attribute name ="GC Interval" value="0" />
  <attribute name="Target GC Util Change" value ="80.000000" />
  <attribute name="Current GC Util Change" value="90.000000"/>
  <attribute name="Current Error" value="100.000000" />
  <attribute name="Output H" value="247501840"/>
  <attribute name="Output I" value="2064"/>
  <attribute name="Output T" value="16"/>
  <attribute name= "Current Time Running" value="112202" />
  <attribute name="GC Util currently" value="90" />
  <attribute name="CPU Util currently" value="1399743828792" />
<exclusive-end id="5158" timestamp="2019-08-09T08:14:37.124" durationms="10.535" />

<exclusive-start id="5159" timestamp="2019-08-09T08:14:37.223" intervalms="110.178">
  <response-info timems="1.280" idlems="1.280" threads="0" lastid="000000000244AA00" lastname="Thread-37" />
</exclusive-start>
<allocation-taxation id="5160" taxation-threshold="69206016" timestamp="2019-08-09T08:14:37.223" intervalms="110.176" />
<cycle-start id="5161" type="partial gc" contextid="0" timestamp="2019-08-09T08:14:37.225" intervalms="112.077" />
<gc-start id="5162" type="partial gc" contextid="5161" timestamp="2019-08-09T08:14:37.226">
  <mem-info id="5163" free="77594624" total="247463936" percent="31">
    <mem type="eden" free="0" total="69206016" percent="0" />
    <remembered-set count="7584" freebytes="9862784" totalbytes="9893120" percent="99" regionsoverflowed="0" regionsstable="11" regionsrebuilding="0"/>
  </mem-info>
</gc-start>
<allocation-stats totalBytes="68974544" >
  <allocated-bytes non-tlh="65560" tlh="68908984" arrayletleaf="0"/>
  <largest-consumer threadName="Thread-37" threadId="000000000244AA00" bytes="7525032" />
</allocation-stats>
<gc-op id="5164" type="copy forward" timems="20.706" contextid="5161" timestamp="2019-08-09T08:14:37.250">
  <memory-copied type="eden" objects="9793" bytes="4016168" bytesdiscarded="855600" />
  <memory-copied type="other" objects="27" bytes="1264" bytesdiscarded="0" />
  <memory-cardclean objects="3015" bytes="138088" />
  <regions eden="33" other="3" />
  <remembered-set-cleared processed="563" cleared="213" durationms="0.875" />
  <references type="phantom" candidates="3" cleared="0" enqueued="0" />
  <stringconstants candidates="15965" cleared="0"  />
</gc-op>
<gc-op id="5165" type="classunload" timems="0.011" contextid="5161" timestamp="2019-08-09T08:14:37.250">
  <classunload-info classloadercandidates="68" classloadersunloaded="0" classesunloaded="0" anonymousclassesunloaded="0" quiescems="0.000" setupms="0.010" scanms="0.000" postms="0.000" />
</gc-op>
<gc-end id="5166" type="partial gc" contextid="5161" durationms="24.229" usertimems="51.292" systemtimems="35.036" timestamp="2019-08-09T08:14:37.250" activeThreads="16">
  <mem-info id="5167" free="142606336" total="247463936" percent="57">
    <mem type="eden" free="1419408" total="6291456" percent="22" />
    <remembered-set count="7680" freebytes="9862400" totalbytes="9893120" percent="99" regionsoverflowed="0" regionsstable="11" regionsrebuilding="0"/>
  </mem-info>
</gc-end>
<cycle-end id="5168" type="partial gc" contextid="5161" timestamp="2019-08-09T08:14:37.250" />
  <attribute name="elasticGC enabled" value="1" />
  <attribute name= "numThreadsSpecified" value="16" />
  <attribute name="heapSize specified" value="0" />
  <attribute name="Current GC Util" value="221" />
  <attribute name= "Current Time Running" value="112316" />
  <attribute name ="GC Interval" value="0" />
  <attribute name="Target GC Util Change" value ="80.000000" />
  <attribute name="Current GC Util Change" value="221.000000"/>
  <attribute name="Current Error" value="-141.000000" />
  <attribute name="Output H" value="247501696"/>
  <attribute name="Output I" value="1920"/>
  <attribute name="Output T" value="16"/>
  <attribute name= "Current Time Running" value="112316" />
  <attribute name="GC Util currently" value="221" />
  <attribute name="CPU Util currently" value="579930423887" />
<exclusive-end id="5169" timestamp="2019-08-09T08:14:37.250" durationms="26.816" />

<exclusive-start id="5170" timestamp="2019-08-09T08:14:37.299" intervalms="75.800">
  <response-info timems="0.609" idlems="0.609" threads="0" lastid="000000000242CB00" lastname="Thread-45" />
</exclusive-start>
<allocation-taxation id="5171" taxation-threshold="69206016" timestamp="2019-08-09T08:14:37.299" intervalms="75.786" />
<cycle-start id="5172" type="partial gc" contextid="0" timestamp="2019-08-09T08:14:37.299" intervalms="73.882" />
<gc-start id="5173" type="partial gc" contextid="5172" timestamp="2019-08-09T08:14:37.300">
  <mem-info id="5174" free="73400320" total="247463936" percent="29">
    <mem type="eden" free="0" total="69206016" percent="0" />
    <remembered-set count="7328" freebytes="9863808" totalbytes="9893120" percent="99" regionsoverflowed="0" regionsstable="11" regionsrebuilding="0"/>
  </mem-info>
</gc-start>
<allocation-stats totalBytes="68947888" >
  <allocated-bytes non-tlh="57368" tlh="68890520" arrayletleaf="0"/>
  <largest-consumer threadName="Thread-42" threadId="000000000243BA00" bytes="7890224" />
</allocation-stats>
<gc-op id="5175" type="copy forward" timems="234.954" contextid="5172" timestamp="2019-08-09T08:14:37.536">
  <memory-copied type="eden" objects="9565" bytes="3862016" bytesdiscarded="688008" />
  <memory-copied type="other" objects="56" bytes="16760" bytesdiscarded="296" />
  <memory-cardclean objects="2986" bytes="136712" />
  <regions eden="33" other="4" />
  <remembered-set-cleared processed="586" cleared="234" durationms="14.112" />
  <references type="phantom" candidates="6" cleared="0" enqueued="0" />
  <stringconstants candidates="15965" cleared="0"  />
</gc-op>
<gc-op id="5176" type="classunload" timems="0.011" contextid="5172" timestamp="2019-08-09T08:14:37.536">
  <classunload-info classloadercandidates="68" classloadersunloaded="0" classesunloaded="0" anonymousclassesunloaded="0" quiescems="0.000" setupms="0.011" scanms="0.000" postms="0.000" />
</gc-op>
<heap-resize id="5177" type="expand" space="default" amount="20971520" count="1" timems="2.012" reason="excessive time being spent in gc" timestamp="2019-08-09T08:14:37.538" />
<gc-end id="5178" type="partial gc" contextid="5172" durationms="238.378" usertimems="468.309" systemtimems="284.455" timestamp="2019-08-09T08:14:37.538" activeThreads="16">
  <mem-info id="5179" free="161480704" total="268435456" percent="60">
    <mem type="eden" free="1741128" total="6291456" percent="27" />
    <remembered-set count="9216" freebytes="10694656" totalbytes="10731520" percent="99" regionsoverflowed="0" regionsstable="11" regionsrebuilding="0"/>
  </mem-info>
</gc-end>
<cycle-end id="5180" type="partial gc" contextid="5172" timestamp="2019-08-09T08:14:37.538" />
  <attribute name="elasticGC enabled" value="1" />
  <attribute name= "numThreadsSpecified" value="16" />
  <attribute name="heapSize specified" value="0" />
  <attribute name="Current GC Util" value="123" />
  <attribute name= "Current Time Running" value="112388" />
  <attribute name ="GC Interval" value="0" />
  <attribute name="Target GC Util Change" value ="80.000000" />
  <attribute name="Current GC Util Change" value="123.000000"/>
  <attribute name="Current Error" value="-173.000000" />
  <attribute name="Output H" value="247501680"/>
  <attribute name="Output I" value="1904"/>
  <attribute name="Output T" value="16"/>
  <attribute name= "Current Time Running" value="112388" />
  <attribute name="GC Util currently" value="123" />
  <attribute name="CPU Util currently" value="1648735835364" />
<exclusive-end id="5181" timestamp="2019-08-09T08:14:37.538" durationms="238.990" />

<exclusive-start id="5182" timestamp="2019-08-09T08:14:37.622" intervalms="322.414">
  <response-info timems="0.294" idlems="0.294" threads="0" lastid="0000000002470500" lastname="Thread-39" />
</exclusive-start>
<allocation-taxation id="5183" taxation-threshold="73400320" timestamp="2019-08-09T08:14:37.622" intervalms="322.421" />
<cycle-start id="5184" type="partial gc" contextid="0" timestamp="2019-08-09T08:14:37.622" intervalms="322.434" />
<gc-start id="5185" type="partial gc" contextid="5184" timestamp="2019-08-09T08:14:37.622">
  <mem-info id="5186" free="88080384" total="268435456" percent="32">
    <mem type="eden" free="0" total="73400320" percent="0" />
    <remembered-set count="8736" freebytes="10696576" totalbytes="10731520" percent="99" regionsoverflowed="0" regionsstable="11" regionsrebuilding="0"/>
  </mem-info>
</gc-start>
<allocation-stats totalBytes="73272896" >
  <allocated-bytes non-tlh="81944" tlh="73190952" arrayletleaf="0"/>
  <largest-consumer threadName="Thread-44" threadId="0000000002434200" bytes="8350192" />
</allocation-stats>
<gc-op id="5187" type="copy forward" timems="13.796" contextid="5184" timestamp="2019-08-09T08:14:37.637">
  <memory-copied type="eden" objects="9829" bytes="4098088" bytesdiscarded="875128" />
  <memory-copied type="other" objects="59" bytes="17328" bytesdiscarded="0" />
  <memory-cardclean objects="2997" bytes="137584" />
  <regions eden="35" other="4" />
  <remembered-set-cleared processed="564" cleared="213" durationms="0.342" />
  <references type="weak" candidates="1" cleared="0" enqueued="0" />
  <references type="phantom" candidates="3" cleared="0" enqueued="0" />
  <stringconstants candidates="15965" cleared="0"  />
</gc-op>
<gc-op id="5188" type="classunload" timems="0.015" contextid="5184" timestamp="2019-08-09T08:14:37.637">
  <classunload-info classloadercandidates="68" classloadersunloaded="0" classesunloaded="0" anonymousclassesunloaded="0" quiescems="0.000" setupms="0.015" scanms="0.000" postms="0.000" />
</gc-op>
<heap-resize id="5189" type="expand" space="default" amount="4194304" count="1" timems="0.067" reason="excessive time being spent in gc" timestamp="2019-08-09T08:14:37.638" />
<gc-end id="5190" type="partial gc" contextid="5184" durationms="15.322" usertimems="55.088" systemtimems="17.415" timestamp="2019-08-09T08:14:37.638" activeThreads="16">
  <mem-info id="5191" free="163577856" total="272629760" percent="60">
    <mem type="eden" free="1317968" total="6291456" percent="20" />
    <remembered-set count="10240" freebytes="10858240" totalbytes="10899200" percent="99" regionsoverflowed="0" regionsstable="11" regionsrebuilding="0"/>
  </mem-info>
</gc-end>
<cycle-end id="5192" type="partial gc" contextid="5184" timestamp="2019-08-09T08:14:37.638" />
  <attribute name="elasticGC enabled" value="1" />
  <attribute name= "numThreadsSpecified" value="16" />
  <attribute name="heapSize specified" value="0" />
  <attribute name="Current GC Util" value="98" />
  <attribute name= "Current Time Running" value="112711" />
  <attribute name ="GC Interval" value="0" />
  <attribute name="Target GC Util Change" value ="80.000000" />
  <attribute name="Current GC Util Change" value="98.000000"/>
  <attribute name="Current Error" value="-216.000000" />
  <attribute name="Output H" value="268473176"/>
  <attribute name="Output I" value="1880"/>
  <attribute name="Output T" value="16"/>
  <attribute name= "Current Time Running" value="112711" />
  <attribute name="GC Util currently" value="98" />
  <attribute name="CPU Util currently" value="1347864369504" />
<exclusive-end id="5193" timestamp="2019-08-09T08:14:37.638" durationms="16.469" />

<exclusive-start id="5194" timestamp="2019-08-09T08:14:37.706" intervalms="84.640">
  <response-info timems="1.049" idlems="0.234" threads="5" lastid="000000000242CB00" lastname="Thread-45" />
</exclusive-start>
<allocation-taxation id="5195" taxation-threshold="75497472" timestamp="2019-08-09T08:14:37.706" intervalms="84.776" />
<cycle-start id="5196" type="partial gc" contextid="0" timestamp="2019-08-09T08:14:37.707" intervalms="84.771" />
<gc-start id="5197" type="partial gc" contextid="5196" timestamp="2019-08-09T08:14:37.707">
  <mem-info id="5198" free="88080384" total="272629760" percent="32">
    <mem type="eden" free="0" total="75497472" percent="0" />
    <remembered-set count="9856" freebytes="10859776" totalbytes="10899200" percent="99" regionsoverflowed="0" regionsstable="11" regionsrebuilding="0"/>
  </mem-info>
</gc-start>
<allocation-stats totalBytes="75387808" >
  <allocated-bytes non-tlh="16392" tlh="75371416" arrayletleaf="0"/>
  <largest-consumer threadName="Thread-44" threadId="0000000002434200" bytes="8971056" />
</allocation-stats>
<gc-op id="5199" type="copy forward" timems="16.819" contextid="5196" timestamp="2019-08-09T08:14:37.725">
  <memory-copied type="eden" objects="9964" bytes="3961472" bytesdiscarded="795152" />
  <memory-copied type="other" objects="24" bytes="1136" bytesdiscarded="0" />
  <memory-cardclean objects="2985" bytes="137048" />
  <regions eden="36" other="4" />
  <remembered-set-cleared processed="593" cleared="237" durationms="0.310" />
  <references type="phantom" candidates="3" cleared="0" enqueued="0" />
  <stringconstants candidates="15965" cleared="0"  />
</gc-op>
<gc-op id="5200" type="classunload" timems="0.013" contextid="5196" timestamp="2019-08-09T08:14:37.725">
  <classunload-info classloadercandidates="68" classloadersunloaded="0" classesunloaded="0" anonymousclassesunloaded="0" quiescems="0.000" setupms="0.012" scanms="0.000" postms="0.000" />
</gc-op>
<heap-resize id="5201" type="expand" space="default" amount="6291456" count="1" timems="0.064" reason="excessive time being spent in gc" timestamp="2019-08-09T08:14:37.725" />
<gc-end id="5202" type="partial gc" contextid="5196" durationms="18.163" usertimems="54.792" systemtimems="24.528" timestamp="2019-08-09T08:14:37.725" activeThreads="16">
  <mem-info id="5203" free="167772160" total="278921216" percent="60">
    <mem type="eden" free="1534552" total="6291456" percent="24" />
    <remembered-set count="10272" freebytes="11109632" totalbytes="11150720" percent="99" regionsoverflowed="0" regionsstable="11" regionsrebuilding="0"/>
  </mem-info>
</gc-end>
<cycle-end id="5204" type="partial gc" contextid="5196" timestamp="2019-08-09T08:14:37.725" />
  <attribute name="elasticGC enabled" value="1" />
  <attribute name= "numThreadsSpecified" value="16" />
  <attribute name="heapSize specified" value="0" />
  <attribute name="Current GC Util" value="114" />
  <attribute name= "Current Time Running" value="112795" />
  <attribute name ="GC Interval" value="0" />
  <attribute name="Target GC Util Change" value ="80.000000" />
  <attribute name="Current GC Util Change" value="114.000000"/>
  <attribute name="Current Error" value="-34.000000" />
  <attribute name="Output H" value="272667584"/>
  <attribute name="Output I" value="1984"/>
  <attribute name="Output T" value="16"/>
  <attribute name= "Current Time Running" value="112795" />
  <attribute name="GC Util currently" value="114" />
  <attribute name="CPU Util currently" value="1775853519215" />
<exclusive-end id="5205" timestamp="2019-08-09T08:14:37.725" durationms="19.145" />

<exclusive-start id="5206" timestamp="2019-08-09T08:14:37.811" intervalms="104.696">
  <response-info timems="0.415" idlems="0.415" threads="0" lastid="000000000244AA00" lastname="Thread-37" />
</exclusive-start>
<allocation-taxation id="5207" taxation-threshold="77594624" timestamp="2019-08-09T08:14:37.811" intervalms="104.562" />
<cycle-start id="5208" type="partial gc" contextid="0" timestamp="2019-08-09T08:14:37.811" intervalms="104.556" />
<gc-start id="5209" type="partial gc" contextid="5208" timestamp="2019-08-09T08:14:37.811">
  <mem-info id="5210" free="90177536" total="278921216" percent="32">
    <mem type="eden" free="0" total="77594624" percent="0" />
    <remembered-set count="9888" freebytes="11111168" totalbytes="11150720" percent="99" regionsoverflowed="0" regionsstable="11" regionsrebuilding="0"/>
  </mem-info>
</gc-start>
<allocation-stats totalBytes="77384904" >
  <allocated-bytes non-tlh="73752" tlh="77311152" arrayletleaf="0"/>
  <largest-consumer threadName="Thread-49" threadId="0000000002428F00" bytes="8612080" />
</allocation-stats>
<gc-op id="5211" type="copy forward" timems="16.027" contextid="5208" timestamp="2019-08-09T08:14:37.829">
  <memory-copied type="eden" objects="9791" bytes="3838064" bytesdiscarded="919736" />
  <memory-copied type="other" objects="23" bytes="864" bytesdiscarded="0" />
  <memory-cardclean objects="3029" bytes="138736" />
  <regions eden="37" other="4" />
  <remembered-set-cleared processed="593" cleared="240" durationms="0.257" />
  <references type="phantom" candidates="2" cleared="0" enqueued="0" />
  <stringconstants candidates="15965" cleared="0"  />
</gc-op>
<gc-op id="5212" type="classunload" timems="0.012" contextid="5208" timestamp="2019-08-09T08:14:37.829">
  <classunload-info classloadercandidates="68" classloadersunloaded="0" classesunloaded="0" anonymousclassesunloaded="0" quiescems="0.000" setupms="0.011" scanms="0.000" postms="0.000" />
</gc-op>
<heap-resize id="5213" type="expand" space="default" amount="4194304" count="1" timems="0.056" reason="excessive time being spent in gc" timestamp="2019-08-09T08:14:37.829" />
<gc-end id="5214" type="partial gc" contextid="5208" durationms="17.524" usertimems="37.422" systemtimems="22.178" timestamp="2019-08-09T08:14:37.829" activeThreads="16">
  <mem-info id="5215" free="169869312" total="283115520" percent="60">
    <mem type="eden" free="1533384" total="6291456" percent="24" />
    <remembered-set count="10784" freebytes="11275264" totalbytes="11318400" percent="99" regionsoverflowed="0" regionsstable="11" regionsrebuilding="0"/>
  </mem-info>
</gc-end>
<cycle-end id="5216" type="partial gc" contextid="5208" timestamp="2019-08-09T08:14:37.829" />
  <attribute name="elasticGC enabled" value="1" />
  <attribute name= "numThreadsSpecified" value="16" />
  <attribute name="heapSize specified" value="0" />
  <attribute name="Current GC Util" value="112" />
  <attribute name= "Current Time Running" value="112900" />
  <attribute name ="GC Interval" value="0" />
  <attribute name="Target GC Util Change" value ="80.000000" />
  <attribute name="Current GC Util Change" value="112.000000"/>
  <attribute name="Current Error" value="-28.000000" />
  <attribute name="Output H" value="278959040"/>
  <attribute name="Output I" value="1984"/>
  <attribute name="Output T" value="16"/>
  <attribute name= "Current Time Running" value="112900" />
  <attribute name="GC Util currently" value="112" />
  <attribute name="CPU Util currently" value="1346815722856" />
<exclusive-end id="5217" timestamp="2019-08-09T08:14:37.829" durationms="18.140" />

<exclusive-start id="5218" timestamp="2019-08-09T08:14:37.890" intervalms="79.002">
  <response-info timems="2.613" idlems="2.613" threads="0" lastid="0000000002461500" lastname="Thread-46" />
</exclusive-start>
<allocation-taxation id="5219" taxation-threshold="77594624" timestamp="2019-08-09T08:14:37.890" intervalms="79.002" />
<cycle-start id="5220" type="partial gc" contextid="0" timestamp="2019-08-09T08:14:37.890" intervalms="79.004" />
<gc-start id="5221" type="partial gc" contextid="5220" timestamp="2019-08-09T08:14:37.890">
  <mem-info id="5222" free="92274688" total="283115520" percent="32">
    <mem type="eden" free="0" total="77594624" percent="0" />
    <remembered-set count="10336" freebytes="11277056" totalbytes="11318400" percent="99" regionsoverflowed="0" regionsstable="11" regionsrebuilding="0"/>
  </mem-info>
</gc-start>
<allocation-stats totalBytes="77452920" >
  <allocated-bytes non-tlh="40984" tlh="77411936" arrayletleaf="0"/>
  <largest-consumer threadName="Thread-44" threadId="0000000002434200" bytes="9413144" />
</allocation-stats>
<gc-op id="5223" type="copy forward" timems="5.429" contextid="5220" timestamp="2019-08-09T08:14:37.897">
  <memory-copied type="eden" objects="10384" bytes="4140536" bytesdiscarded="0" />
  <memory-copied type="other" objects="43" bytes="2248" bytesdiscarded="0" />
  <memory-cardclean objects="3011" bytes="138496" />
  <regions eden="37" other="4" />
  <remembered-set-cleared processed="601" cleared="246" durationms="0.380" />
  <references type="weak" candidates="1" cleared="0" enqueued="0" />
  <references type="phantom" candidates="3" cleared="0" enqueued="0" />
  <stringconstants candidates="15965" cleared="0"  />
</gc-op>
<gc-op id="5224" type="classunload" timems="0.010" contextid="5220" timestamp="2019-08-09T08:14:37.897">
  <classunload-info classloadercandidates="68" classloadersunloaded="0" classesunloaded="0" anonymousclassesunloaded="0" quiescems="0.000" setupms="0.010" scanms="0.000" postms="0.000" />
</gc-op>
<gc-end id="5225" type="partial gc" contextid="5220" durationms="6.913" usertimems="21.839" systemtimems="0.000" timestamp="2019-08-09T08:14:37.897" activeThreads="1">
  <mem-info id="5226" free="169869312" total="283115520" percent="60">
    <mem type="eden" free="53496" total="4194304" percent="1" />
    <remembered-set count="9952" freebytes="11278592" totalbytes="11318400" percent="99" regionsoverflowed="0" regionsstable="11" regionsrebuilding="0"/>
  </mem-info>
</gc-end>
<cycle-end id="5227" type="partial gc" contextid="5220" timestamp="2019-08-09T08:14:37.897" />
  <attribute name="elasticGC enabled" value="1" />
  <attribute name= "numThreadsSpecified" value="1" />
  <attribute name="heapSize specified" value="0" />
  <attribute name="Current GC Util" value="96" />
  <attribute name= "Current Time Running" value="112979" />
  <attribute name ="GC Interval" value="0" />
  <attribute name="Target GC Util Change" value ="80.000000" />
  <attribute name="Current GC Util Change" value="96.000000"/>
  <attribute name="Current Error" value="-18.000000" />
  <attribute name="Output H" value="283153352"/>
  <attribute name="Output I" value="1992"/>
  <attribute name="Output T" value="1"/>
  <attribute name= "Current Time Running" value="112979" />
  <attribute name="GC Util currently" value="96" />
  <attribute name="CPU Util currently" value="1122613088867" />
<exclusive-end id="5228" timestamp="2019-08-09T08:14:37.898" durationms="7.642" />

<exclusive-start id="5229" timestamp="2019-08-09T08:14:37.986" intervalms="95.820">
  <response-info timems="0.142" idlems="0.127" threads="1" lastid="000000000243BA00" lastname="Thread-42" />
</exclusive-start>
<allocation-taxation id="5230" taxation-threshold="77594624" timestamp="2019-08-09T08:14:37.986" intervalms="95.949" />
<cycle-start id="5231" type="partial gc" contextid="0" timestamp="2019-08-09T08:14:37.986" intervalms="96.403" />
<gc-start id="5232" type="partial gc" contextid="5231" timestamp="2019-08-09T08:14:37.987">
  <mem-info id="5233" free="92274688" total="283115520" percent="32">
    <mem type="eden" free="0" total="77594624" percent="0" />
    <remembered-set count="9792" freebytes="11279232" totalbytes="11318400" percent="99" regionsoverflowed="0" regionsstable="11" regionsrebuilding="0"/>
  </mem-info>
</gc-start>
<allocation-stats totalBytes="77441080" >
  <allocated-bytes non-tlh="65568" tlh="77375512" arrayletleaf="0"/>
  <largest-consumer threadName="Thread-52" threadId="000000000246C900" bytes="9351864" />
</allocation-stats>
<gc-op id="5234" type="copy forward" timems="27.179" contextid="5231" timestamp="2019-08-09T08:14:38.015">
  <memory-copied type="eden" objects="9351" bytes="3643952" bytesdiscarded="801408" />
  <memory-copied type="other" objects="39" bytes="2104" bytesdiscarded="448" />
  <memory-cardclean objects="3026" bytes="138768" />
  <regions eden="37" other="3" />
  <remembered-set-cleared processed="591" cleared="236" durationms="0.256" />
  <references type="weak" candidates="1" cleared="0" enqueued="0" />
  <references type="phantom" candidates="3" cleared="0" enqueued="0" />
  <stringconstants candidates="15965" cleared="0"  />
</gc-op>
<gc-op id="5235" type="classunload" timems="0.012" contextid="5231" timestamp="2019-08-09T08:14:38.015">
  <classunload-info classloadercandidates="68" classloadersunloaded="0" classesunloaded="0" anonymousclassesunloaded="0" quiescems="0.000" setupms="0.012" scanms="0.000" postms="0.000" />
</gc-op>
<heap-resize id="5236" type="expand" space="default" amount="10485760" count="1" timems="0.072" reason="excessive time being spent in gc" timestamp="2019-08-09T08:14:38.015" />
<gc-end id="5237" type="partial gc" contextid="5231" durationms="28.423" usertimems="87.717" systemtimems="30.493" timestamp="2019-08-09T08:14:38.015" activeThreads="16">
  <mem-info id="5238" free="176160768" total="293601280" percent="60">
    <mem type="eden" free="1845832" total="6291456" percent="29" />
    <remembered-set count="10304" freebytes="11696384" totalbytes="11737600" percent="99" regionsoverflowed="0" regionsstable="11" regionsrebuilding="0"/>
  </mem-info>
</gc-end>
<cycle-end id="5239" type="partial gc" contextid="5231" timestamp="2019-08-09T08:14:38.015" />
  <attribute name="elasticGC enabled" value="1" />
  <attribute name= "numThreadsSpecified" value="16" />
  <attribute name="heapSize specified" value="0" />
  <attribute name="Current GC Util" value="245" />
  <attribute name= "Current Time Running" value="113075" />
  <attribute name ="GC Interval" value="0" />
  <attribute name="Target GC Util Change" value ="80.000000" />
  <attribute name="Current GC Util Change" value="245.000000"/>
  <attribute name="Current Error" value="-165.000000" />
  <attribute name="Output H" value="283153272"/>
  <attribute name="Output I" value="1912"/>
  <attribute name="Output T" value="16"/>
  <attribute name= "Current Time Running" value="113075" />
  <attribute name="GC Util currently" value="245" />
  <attribute name="CPU Util currently" value="1976553014920" />
<exclusive-end id="5240" timestamp="2019-08-09T08:14:38.015" durationms="29.674" />

<exclusive-start id="5241" timestamp="2019-08-09T08:14:38.078" intervalms="92.262">
  <response-info timems="0.430" idlems="0.430" threads="0" lastid="0000000002419F00" lastname="Thread-41" />
</exclusive-start>
<allocation-taxation id="5242" taxation-threshold="79691776" timestamp="2019-08-09T08:14:38.078" intervalms="92.137" />
<cycle-start id="5243" type="partial gc" contextid="0" timestamp="2019-08-09T08:14:38.078" intervalms="91.816" />
<gc-start id="5244" type="partial gc" contextid="5243" timestamp="2019-08-09T08:14:38.079">
  <mem-info id="5245" free="96468992" total="293601280" percent="32">
    <mem type="eden" free="0" total="79691776" percent="0" />
    <remembered-set count="9888" freebytes="11698048" totalbytes="11737600" percent="99" regionsoverflowed="0" regionsstable="11" regionsrebuilding="0"/>
  </mem-info>
</gc-start>
<allocation-stats totalBytes="79575120" >
  <allocated-bytes non-tlh="114720" tlh="79460400" arrayletleaf="0"/>
  <largest-consumer threadName="Thread-50" threadId="0000000002459E00" bytes="10816040" />
</allocation-stats>
<gc-op id="5246" type="copy forward" timems="27.248" contextid="5243" timestamp="2019-08-09T08:14:38.110">
  <memory-copied type="eden" objects="10214" bytes="4088888" bytesdiscarded="739696" />
  <memory-copied type="other" objects="28" bytes="1200" bytesdiscarded="0" />
  <memory-cardclean objects="3005" bytes="137808" />
  <regions eden="38" other="4" />
  <remembered-set-cleared processed="604" cleared="245" durationms="0.464" />
  <references type="phantom" candidates="3" cleared="0" enqueued="0" />
  <stringconstants candidates="15965" cleared="0"  />
</gc-op>
<gc-op id="5247" type="classunload" timems="0.038" contextid="5243" timestamp="2019-08-09T08:14:38.110">
  <classunload-info classloadercandidates="68" classloadersunloaded="0" classesunloaded="0" anonymousclassesunloaded="0" quiescems="0.000" setupms="0.038" scanms="0.000" postms="0.000" />
</gc-op>
<heap-resize id="5248" type="expand" space="default" amount="6291456" count="1" timems="0.078" reason="excessive time being spent in gc" timestamp="2019-08-09T08:14:38.110" />
<gc-end id="5249" type="partial gc" contextid="5243" durationms="31.674" usertimems="75.093" systemtimems="50.814" timestamp="2019-08-09T08:14:38.110" activeThreads="16">
  <mem-info id="5250" free="180355072" total="299892736" percent="60">
    <mem type="eden" free="1462592" total="6291456" percent="23" />
    <remembered-set count="10336" freebytes="11947776" totalbytes="11989120" percent="99" regionsoverflowed="0" regionsstable="11" regionsrebuilding="0"/>
  </mem-info>
</gc-end>
<cycle-end id="5251" type="partial gc" contextid="5243" timestamp="2019-08-09T08:14:38.110" />
  <attribute name="elasticGC enabled" value="1" />
  <attribute name= "numThreadsSpecified" value="16" />
  <attribute name="heapSize specified" value="0" />
  <attribute name="Current GC Util" value="33" />
  <attribute name= "Current Time Running" value="113170" />
  <attribute name ="GC Interval" value="0" />
  <attribute name="Target GC Util Change" value ="80.000000" />
  <attribute name="Current GC Util Change" value="33.000000"/>
  <attribute name="Current Error" value="-106.000000" />
  <attribute name="Output H" value="293639064"/>
  <attribute name="Output I" value="1944"/>
  <attribute name="Output T" value="16"/>
  <attribute name= "Current Time Running" value="113170" />
  <attribute name="GC Util currently" value="33" />
  <attribute name="CPU Util currently" value="443494760293" />
<exclusive-end id="5252" timestamp="2019-08-09T08:14:38.111" durationms="32.542" />

<exclusive-start id="5253" timestamp="2019-08-09T08:14:38.200" intervalms="122.121">
  <response-info timems="0.118" idlems="0.118" threads="0" lastid="000000000243BA00" lastname="Thread-42" />
</exclusive-start>
<allocation-taxation id="5254" taxation-threshold="81788928" timestamp="2019-08-09T08:14:38.200" intervalms="122.116" />
<cycle-start id="5255" type="partial gc" contextid="0" timestamp="2019-08-09T08:14:38.200" intervalms="121.974" />
<gc-start id="5256" type="partial gc" contextid="5255" timestamp="2019-08-09T08:14:38.201">
  <mem-info id="5257" free="98566144" total="299892736" percent="32">
    <mem type="eden" free="0" total="81788928" percent="0" />
    <remembered-set count="9952" freebytes="11949312" totalbytes="11989120" percent="99" regionsoverflowed="0" regionsstable="11" regionsrebuilding="0"/>
  </mem-info>
</gc-start>
<allocation-stats totalBytes="81546624" >
  <allocated-bytes non-tlh="114720" tlh="81431904" arrayletleaf="0"/>
  <largest-consumer threadName="Thread-48" threadId="0000000002437E00" bytes="8476256" />
</allocation-stats>
<gc-op id="5258" type="copy forward" timems="24.403" contextid="5255" timestamp="2019-08-09T08:14:38.226">
  <memory-copied type="eden" objects="10645" bytes="4246984" bytesdiscarded="1119848" />
  <memory-copied type="other" objects="31" bytes="1584" bytesdiscarded="0" />
  <memory-cardclean objects="3019" bytes="138560" />
  <regions eden="39" other="4" />
  <remembered-set-cleared processed="592" cleared="236" durationms="0.261" />
  <references type="weak" candidates="1" cleared="0" enqueued="0" />
  <references type="phantom" candidates="2" cleared="0" enqueued="0" />
  <stringconstants candidates="15965" cleared="0"  />
</gc-op>
<gc-op id="5259" type="classunload" timems="0.011" contextid="5255" timestamp="2019-08-09T08:14:38.226">
  <classunload-info classloadercandidates="68" classloadersunloaded="0" classesunloaded="0" anonymousclassesunloaded="0" quiescems="0.000" setupms="0.010" scanms="0.000" postms="0.000" />
</gc-op>
<heap-resize id="5260" type="expand" space="default" amount="4194304" count="1" timems="0.053" reason="excessive time being spent in gc" timestamp="2019-08-09T08:14:38.226" />
<gc-end id="5261" type="partial gc" contextid="5255" durationms="25.876" usertimems="34.115" systemtimems="38.164" timestamp="2019-08-09T08:14:38.226" activeThreads="16">
  <mem-info id="5262" free="182452224" total="304087040" percent="60">
    <mem type="eden" free="924360" total="6291456" percent="14" />
    <remembered-set count="8768" freebytes="12121728" totalbytes="12156800" percent="99" regionsoverflowed="0" regionsstable="11" regionsrebuilding="0"/>
  </mem-info>
</gc-end>
<cycle-end id="5263" type="partial gc" contextid="5255" timestamp="2019-08-09T08:14:38.226" />
  <attribute name="elasticGC enabled" value="1" />
  <attribute name= "numThreadsSpecified" value="16" />
  <attribute name="heapSize specified" value="0" />
  <attribute name="Current GC Util" value="131" />
  <attribute name= "Current Time Running" value="113289" />
  <attribute name ="GC Interval" value="0" />
  <attribute name="Target GC Util Change" value ="80.000000" />
  <attribute name="Current GC Util Change" value="131.000000"/>
  <attribute name="Current Error" value="-142.000000" />
  <attribute name="Output H" value="299930496"/>
  <attribute name="Output I" value="1920"/>
  <attribute name="Output T" value="16"/>
  <attribute name= "Current Time Running" value="113289" />
  <attribute name="GC Util currently" value="131" />
  <attribute name="CPU Util currently" value="1707391742200" />
<exclusive-end id="5264" timestamp="2019-08-09T08:14:38.227" durationms="26.475" />

<exclusive-start id="5265" timestamp="2019-08-09T08:14:38.382" intervalms="181.786">
  <response-info timems="0.411" idlems="0.411" threads="0" lastid="0000000002419F00" lastname="Thread-41" />
</exclusive-start>
<allocation-taxation id="5266" taxation-threshold="83886080" timestamp="2019-08-09T08:14:38.382" intervalms="181.794" />
<cycle-start id="5267" type="partial gc" contextid="0" timestamp="2019-08-09T08:14:38.382" intervalms="181.813" />
<gc-start id="5268" type="partial gc" contextid="5267" timestamp="2019-08-09T08:14:38.382">
  <mem-info id="5269" free="98566144" total="304087040" percent="32">
    <mem type="eden" free="0" total="83886080" percent="0" />
    <remembered-set count="8384" freebytes="12123264" totalbytes="12156800" percent="99" regionsoverflowed="0" regionsstable="11" regionsrebuilding="0"/>
  </mem-info>
</gc-start>
<allocation-stats totalBytes="83751752" >
  <allocated-bytes non-tlh="16392" tlh="83735360" arrayletleaf="0"/>
  <largest-consumer threadName="Thread-44" threadId="0000000002434200" bytes="8629648" />
</allocation-stats>
<gc-op id="5270" type="copy forward" timems="9.477" contextid="5267" timestamp="2019-08-09T08:14:38.393">
  <memory-copied type="eden" objects="9726" bytes="3996928" bytesdiscarded="808104" />
  <memory-copied type="other" objects="30" bytes="1576" bytesdiscarded="0" />
  <memory-cardclean objects="3058" bytes="140544" />
  <regions eden="40" other="4" />
  <remembered-set-cleared processed="594" cleared="240" durationms="0.128" />
  <references type="phantom" candidates="4" cleared="0" enqueued="0" />
  <stringconstants candidates="15965" cleared="0"  />
</gc-op>
<gc-op id="5271" type="classunload" timems="0.045" contextid="5267" timestamp="2019-08-09T08:14:38.393">
  <classunload-info classloadercandidates="68" classloadersunloaded="0" classesunloaded="0" anonymousclassesunloaded="0" quiescems="0.000" setupms="0.045" scanms="0.000" postms="0.000" />
</gc-op>
<heap-resize id="5272" type="expand" space="default" amount="6291456" count="1" timems="0.069" reason="excessive time being spent in gc" timestamp="2019-08-09T08:14:38.393" />
<gc-end id="5273" type="partial gc" contextid="5267" durationms="10.797" usertimems="25.690" systemtimems="11.895" timestamp="2019-08-09T08:14:38.393" activeThreads="16">
  <mem-info id="5274" free="186646528" total="310378496" percent="60">
    <mem type="eden" free="1486136" total="6291456" percent="23" />
    <remembered-set count="8768" freebytes="12373248" totalbytes="12408320" percent="99" regionsoverflowed="0" regionsstable="11" regionsrebuilding="0"/>
  </mem-info>
</gc-end>
<cycle-end id="5275" type="partial gc" contextid="5267" timestamp="2019-08-09T08:14:38.393" />
  <attribute name="elasticGC enabled" value="1" />
  <attribute name= "numThreadsSpecified" value="16" />
  <attribute name="heapSize specified" value="0" />
  <attribute name="Current GC Util" value="124" />
  <attribute name= "Current Time Running" value="113470" />
  <attribute name ="GC Interval" value="0" />
  <attribute name="Target GC Util Change" value ="80.000000" />
  <attribute name="Current GC Util Change" value="124.000000"/>
  <attribute name="Current Error" value="-44.000000" />
  <attribute name="Output H" value="304124856"/>
  <attribute name="Output I" value="1976"/>
  <attribute name="Output T" value="16"/>
  <attribute name= "Current Time Running" value="113470" />
  <attribute name="GC Util currently" value="124" />
  <attribute name="CPU Util currently" value="1920728953325" />
<exclusive-end id="5276" timestamp="2019-08-09T08:14:38.393" durationms="11.462" />

<exclusive-start id="5277" timestamp="2019-08-09T08:14:38.490" intervalms="108.321">
  <response-info timems="3.515" idlems="1.777" threads="1" lastid="000000000242CB00" lastname="Thread-45" />
</exclusive-start>
<allocation-taxation id="5278" taxation-threshold="83886080" timestamp="2019-08-09T08:14:38.490" intervalms="108.316" />
<cycle-start id="5279" type="partial gc" contextid="0" timestamp="2019-08-09T08:14:38.490" intervalms="108.297" />
<gc-start id="5280" type="partial gc" contextid="5279" timestamp="2019-08-09T08:14:38.491">
  <mem-info id="5281" free="102760448" total="310378496" percent="33">
    <mem type="eden" free="0" total="83886080" percent="0" />
    <remembered-set count="8320" freebytes="12375040" totalbytes="12408320" percent="99" regionsoverflowed="0" regionsstable="11" regionsrebuilding="0"/>
  </mem-info>
</gc-start>
<allocation-stats totalBytes="83622328" >
  <allocated-bytes non-tlh="0" tlh="83622328" arrayletleaf="0"/>
  <largest-consumer threadName="Thread-52" threadId="000000000246C900" bytes="8237536" />
</allocation-stats>
<gc-op id="5282" type="copy forward" timems="9.036" contextid="5279" timestamp="2019-08-09T08:14:38.501">
  <memory-copied type="eden" objects="9192" bytes="3512544" bytesdiscarded="840304" />
  <memory-copied type="other" objects="29" bytes="1112" bytesdiscarded="0" />
  <memory-cardclean objects="3051" bytes="140496" />
  <regions eden="40" other="4" />
  <remembered-set-cleared processed="599" cleared="243" durationms="0.464" />
  <references type="phantom" candidates="2" cleared="0" enqueued="0" />
  <stringconstants candidates="15965" cleared="0"  />
</gc-op>
<gc-op id="5283" type="classunload" timems="0.017" contextid="5279" timestamp="2019-08-09T08:14:38.501">
  <classunload-info classloadercandidates="68" classloadersunloaded="0" classesunloaded="0" anonymousclassesunloaded="0" quiescems="0.000" setupms="0.017" scanms="0.000" postms="0.000" />
</gc-op>
<heap-resize id="5284" type="expand" space="default" amount="4194304" count="1" timems="0.084" reason="excessive time being spent in gc" timestamp="2019-08-09T08:14:38.501" />
<gc-end id="5285" type="partial gc" contextid="5279" durationms="10.261" usertimems="27.021" systemtimems="10.070" timestamp="2019-08-09T08:14:38.501" activeThreads="16">
  <mem-info id="5286" free="188743680" total="314572800" percent="60">
    <mem type="eden" free="1938344" total="6291456" percent="30" />
    <remembered-set count="10304" freebytes="12534784" totalbytes="12576000" percent="99" regionsoverflowed="0" regionsstable="11" regionsrebuilding="0"/>
  </mem-info>
</gc-end>
<cycle-end id="5287" type="partial gc" contextid="5279" timestamp="2019-08-09T08:14:38.501" />
  <attribute name="elasticGC enabled" value="1" />
  <attribute name= "numThreadsSpecified" value="16" />
  <attribute name="heapSize specified" value="0" />
  <attribute name="Current GC Util" value="146" />
  <attribute name= "Current Time Running" value="113579" />
  <attribute name ="GC Interval" value="0" />
  <attribute name="Target GC Util Change" value ="80.000000" />
  <attribute name="Current GC Util Change" value="146.000000"/>
  <attribute name="Current Error" value="-52.000000" />
  <attribute name="Output H" value="310416312"/>
  <attribute name="Output I" value="1976"/>
  <attribute name="Output T" value="16"/>
  <attribute name= "Current Time Running" value="113579" />
  <attribute name="GC Util currently" value="146" />
  <attribute name="CPU Util currently" value="2325680848707" />
<exclusive-end id="5288" timestamp="2019-08-09T08:14:38.501" durationms="11.078" />

<exclusive-start id="5289" timestamp="2019-08-09T08:14:38.602" intervalms="111.953">
  <response-info timems="0.178" idlems="0.092" threads="1" lastid="0000000002456200" lastname="Thread-51" />
</exclusive-start>
<allocation-taxation id="5290" taxation-threshold="85983232" timestamp="2019-08-09T08:14:38.602" intervalms="111.946" />
<cycle-start id="5291" type="partial gc" contextid="0" timestamp="2019-08-09T08:14:38.602" intervalms="111.950" />
<gc-start id="5292" type="partial gc" contextid="5291" timestamp="2019-08-09T08:14:38.603">
  <mem-info id="5293" free="102760448" total="314572800" percent="32">
    <mem type="eden" free="0" total="85983232" percent="0" />
    <remembered-set count="9888" freebytes="12536448" totalbytes="12576000" percent="99" regionsoverflowed="0" regionsstable="11" regionsrebuilding="0"/>
  </mem-info>
</gc-start>
<allocation-stats totalBytes="85843152" >
  <allocated-bytes non-tlh="32784" tlh="85810368" arrayletleaf="0"/>
  <largest-consumer threadName="Thread-43" threadId="0000000002430600" bytes="10416408" />
</allocation-stats>
<gc-op id="5294" type="copy forward" timems="8.997" contextid="5291" timestamp="2019-08-09T08:14:38.614">
  <memory-copied type="eden" objects="8161" bytes="3238592" bytesdiscarded="666288" />
  <memory-copied type="other" objects="28" bytes="1008" bytesdiscarded="0" />
  <memory-cardclean objects="3047" bytes="140568" />
  <regions eden="41" other="4" />
  <remembered-set-cleared processed="607" cleared="249" durationms="0.442" />
  <references type="weak" candidates="1" cleared="0" enqueued="0" />
  <references type="phantom" candidates="4" cleared="0" enqueued="0" />
  <stringconstants candidates="15965" cleared="0"  />
</gc-op>
<gc-op id="5295" type="classunload" timems="0.011" contextid="5291" timestamp="2019-08-09T08:14:38.614">
  <classunload-info classloadercandidates="68" classloadersunloaded="0" classesunloaded="0" anonymousclassesunloaded="0" quiescems="0.000" setupms="0.011" scanms="0.000" postms="0.000" />
</gc-op>
<gc-end id="5296" type="partial gc" contextid="5291" durationms="11.124" usertimems="29.142" systemtimems="7.908" timestamp="2019-08-09T08:14:38.614" activeThreads="16">
  <mem-info id="5297" free="188743680" total="314572800" percent="60">
    <mem type="eden" free="289160" total="4194304" percent="6" />
    <remembered-set count="9280" freebytes="12538880" totalbytes="12576000" percent="99" regionsoverflowed="0" regionsstable="11" regionsrebuilding="0"/>
  </mem-info>
</gc-end>
<cycle-end id="5298" type="partial gc" contextid="5291" timestamp="2019-08-09T08:14:38.614" />
  <attribute name="elasticGC enabled" value="1" />
  <attribute name= "numThreadsSpecified" value="16" />
  <attribute name="heapSize specified" value="0" />
  <attribute name="Current GC Util" value="92" />
  <attribute name= "Current Time Running" value="113692" />
  <attribute name ="GC Interval" value="0" />
  <attribute name="Target GC Util Change" value ="80.000000" />
  <attribute name="Current GC Util Change" value="92.000000"/>
  <attribute name="Current Error" value="-7.000000" />
  <attribute name="Output H" value="314610640"/>
  <attribute name="Output I" value="2000"/>
  <attribute name="Output T" value="16"/>
  <attribute name= "Current Time Running" value="113692" />
  <attribute name="GC Util currently" value="92" />
  <attribute name="CPU Util currently" value="1355955373162" />
<exclusive-end id="5299" timestamp="2019-08-09T08:14:38.614" durationms="11.729" />

<exclusive-start id="5300" timestamp="2019-08-09T08:14:38.682" intervalms="79.808">
  <response-info timems="0.531" idlems="0.531" threads="0" lastid="000000000244AA00" lastname="Thread-37" />
</exclusive-start>
<allocation-taxation id="5301" taxation-threshold="85983232" timestamp="2019-08-09T08:14:38.682" intervalms="79.829" />
<cycle-start id="5302" type="partial gc" contextid="0" timestamp="2019-08-09T08:14:38.682" intervalms="79.999" />
<gc-start id="5303" type="partial gc" contextid="5302" timestamp="2019-08-09T08:14:38.683">
  <mem-info id="5304" free="102760448" total="314572800" percent="32">
    <mem type="eden" free="0" total="85983232" percent="0" />
    <remembered-set count="8800" freebytes="12540800" totalbytes="12576000" percent="99" regionsoverflowed="0" regionsstable="11" regionsrebuilding="0"/>
  </mem-info>
</gc-start>
<allocation-stats totalBytes="85753792" >
  <allocated-bytes non-tlh="65560" tlh="85688232" arrayletleaf="0"/>
  <largest-consumer threadName="Thread-48" threadId="0000000002437E00" bytes="11930512" />
</allocation-stats>
<gc-op id="5305" type="copy forward" timems="12.146" contextid="5302" timestamp="2019-08-09T08:14:38.697">
  <memory-copied type="eden" objects="9137" bytes="3790784" bytesdiscarded="529608" />
  <memory-copied type="other" objects="100" bytes="105208" bytesdiscarded="2816" />
  <memory-cardclean objects="3064" bytes="141592" />
  <regions eden="41" other="4" />
  <remembered-set-cleared processed="589" cleared="243" durationms="0.142" />
  <references type="weak" candidates="1" cleared="0" enqueued="0" />
  <references type="phantom" candidates="5" cleared="0" enqueued="0" />
  <stringconstants candidates="15965" cleared="0"  />
</gc-op>
<gc-op id="5306" type="classunload" timems="0.011" contextid="5302" timestamp="2019-08-09T08:14:38.697">
  <classunload-info classloadercandidates="68" classloadersunloaded="0" classesunloaded="0" anonymousclassesunloaded="0" quiescems="0.000" setupms="0.011" scanms="0.000" postms="0.000" />
</gc-op>
<gc-end id="5307" type="partial gc" contextid="5302" durationms="15.098" usertimems="33.411" systemtimems="15.714" timestamp="2019-08-09T08:14:38.698" activeThreads="16">
  <mem-info id="5308" free="184549376" total="314572800" percent="58">
    <mem type="eden" free="1970776" total="6291456" percent="31" />
    <remembered-set count="10144" freebytes="12535424" totalbytes="12576000" percent="99" regionsoverflowed="0" regionsstable="11" regionsrebuilding="0"/>
  </mem-info>
</gc-end>
<cycle-end id="5309" type="partial gc" contextid="5302" timestamp="2019-08-09T08:14:38.698" />
  <attribute name="elasticGC enabled" value="1" />
  <attribute name= "numThreadsSpecified" value="16" />
  <attribute name="heapSize specified" value="0" />
  <attribute name="Current GC Util" value="55" />
  <attribute name= "Current Time Running" value="113772" />
  <attribute name ="GC Interval" value="0" />
  <attribute name="Target GC Util Change" value ="80.000000" />
  <attribute name="Current GC Util Change" value="55.000000"/>
  <attribute name="Current Error" value="25.000000" />
  <attribute name="Output H" value="314610656"/>
  <attribute name="Output I" value="2016"/>
  <attribute name="Output T" value="16"/>
  <attribute name= "Current Time Running" value="113772" />
  <attribute name="GC Util currently" value="55" />
  <attribute name="CPU Util currently" value="811004381172" />
<exclusive-end id="5310" timestamp="2019-08-09T08:14:38.698" durationms="15.899" />

<exclusive-start id="5311" timestamp="2019-08-09T08:14:38.796" intervalms="114.130">
  <response-info timems="0.388" idlems="0.388" threads="0" lastid="000000000246C900" lastname="Thread-52" />
</exclusive-start>
<allocation-taxation id="5312" taxation-threshold="85983232" timestamp="2019-08-09T08:14:38.796" intervalms="114.112" />
<cycle-start id="5313" type="partial gc" contextid="0" timestamp="2019-08-09T08:14:38.796" intervalms="113.921" />
<gc-start id="5314" type="partial gc" contextid="5313" timestamp="2019-08-09T08:14:38.796">
  <mem-info id="5315" free="98566144" total="314572800" percent="31">
    <mem type="eden" free="0" total="85983232" percent="0" />
    <remembered-set count="9824" freebytes="12536704" totalbytes="12576000" percent="99" regionsoverflowed="0" regionsstable="11" regionsrebuilding="0"/>
  </mem-info>
</gc-start>
<allocation-stats totalBytes="85821960" >
  <allocated-bytes non-tlh="16392" tlh="85805568" arrayletleaf="0"/>
  <largest-consumer threadName="Thread-41" threadId="0000000002419F00" bytes="8424832" />
</allocation-stats>
<gc-op id="5316" type="copy forward" timems="9.558" contextid="5313" timestamp="2019-08-09T08:14:38.808">
  <memory-copied type="eden" objects="10420" bytes="4063864" bytesdiscarded="907800" />
  <memory-copied type="other" objects="25" bytes="976" bytesdiscarded="0" />
  <memory-cardclean objects="3035" bytes="140416" />
  <regions eden="41" other="4" />
  <remembered-set-cleared processed="592" cleared="237" durationms="0.268" />
  <references type="phantom" candidates="1" cleared="0" enqueued="0" />
  <stringconstants candidates="15965" cleared="0"  />
</gc-op>
<gc-op id="5317" type="classunload" timems="0.012" contextid="5313" timestamp="2019-08-09T08:14:38.808">
  <classunload-info classloadercandidates="68" classloadersunloaded="0" classesunloaded="0" anonymousclassesunloaded="0" quiescems="0.000" setupms="0.012" scanms="0.000" postms="0.000" />
</gc-op>
<gc-end id="5318" type="partial gc" contextid="5313" durationms="11.621" usertimems="31.427" systemtimems="10.806" timestamp="2019-08-09T08:14:38.808" activeThreads="16">
  <mem-info id="5319" free="180355072" total="314572800" percent="57">
    <mem type="eden" free="3416680" total="8388608" percent="40" />
    <remembered-set count="9824" freebytes="12536704" totalbytes="12576000" percent="99" regionsoverflowed="0" regionsstable="11" regionsrebuilding="0"/>
  </mem-info>
</gc-end>
<cycle-end id="5320" type="partial gc" contextid="5313" timestamp="2019-08-09T08:14:38.808" />
  <attribute name="elasticGC enabled" value="1" />
  <attribute name= "numThreadsSpecified" value="16" />
  <attribute name="heapSize specified" value="0" />
  <attribute name="Current GC Util" value="136" />
  <attribute name= "Current Time Running" value="113885" />
  <attribute name ="GC Interval" value="0" />
  <attribute name="Target GC Util Change" value ="80.000000" />
  <attribute name="Current GC Util Change" value="136.000000"/>
  <attribute name="Current Error" value="19.000000" />
  <attribute name="Output H" value="314610656"/>
  <attribute name="Output I" value="2016"/>
  <attribute name="Output T" value="16"/>
  <attribute name= "Current Time Running" value="113885" />
  <attribute name="GC Util currently" value="136" />
  <attribute name="CPU Util currently" value="1824196531385" />
<exclusive-end id="5321" timestamp="2019-08-09T08:14:38.808" durationms="12.164" />

<exclusive-start id="5322" timestamp="2019-08-09T08:14:38.884" intervalms="87.444">
  <response-info timems="0.095" idlems="0.032" threads="3" lastid="0000000002425300" lastname="Thread-47" />
</exclusive-start>
<allocation-taxation id="5323" taxation-threshold="85983232" timestamp="2019-08-09T08:14:38.884" intervalms="87.440" />
<cycle-start id="5324" type="partial gc" contextid="0" timestamp="2019-08-09T08:14:38.884" intervalms="87.443" />
<gc-start id="5325" type="partial gc" contextid="5324" timestamp="2019-08-09T08:14:38.884">
  <mem-info id="5326" free="94371840" total="314572800" percent="30">
    <mem type="eden" free="0" total="85983232" percent="0" />
    <remembered-set count="9440" freebytes="12538240" totalbytes="12576000" percent="99" regionsoverflowed="0" regionsstable="11" regionsrebuilding="0"/>
  </mem-info>
</gc-start>
<allocation-stats totalBytes="85829360" >
  <allocated-bytes non-tlh="49168" tlh="85780192" arrayletleaf="0"/>
  <largest-consumer threadName="Thread-44" threadId="0000000002434200" bytes="11991456" />
</allocation-stats>
<gc-op id="5327" type="copy forward" timems="10.724" contextid="5324" timestamp="2019-08-09T08:14:38.896">
  <memory-copied type="eden" objects="9911" bytes="3955136" bytesdiscarded="965904" />
  <memory-copied type="other" objects="30" bytes="1224" bytesdiscarded="0" />
  <memory-cardclean objects="3043" bytes="140000" />
  <regions eden="41" other="5" />
  <remembered-set-cleared processed="612" cleared="255" durationms="0.135" />
  <stringconstants candidates="15965" cleared="0"  />
</gc-op>
<gc-op id="5328" type="classunload" timems="0.012" contextid="5324" timestamp="2019-08-09T08:14:38.896">
  <classunload-info classloadercandidates="68" classloadersunloaded="0" classesunloaded="0" anonymousclassesunloaded="0" quiescems="0.000" setupms="0.012" scanms="0.000" postms="0.000" />
</gc-op>
<heap-resize id="5329" type="expand" space="default" amount="20971520" count="1" timems="0.097" reason="excessive time being spent in gc" timestamp="2019-08-09T08:14:38.896" />
<gc-end id="5330" type="partial gc" contextid="5324" durationms="11.877" usertimems="20.288" systemtimems="24.107" timestamp="2019-08-09T08:14:38.896" activeThreads="16">
  <mem-info id="5331" free="201326592" total="335544320" percent="60">
    <mem type="eden" free="1370160" total="6291456" percent="21" />
    <remembered-set count="9824" freebytes="13375104" totalbytes="13414400" percent="99" regionsoverflowed="0" regionsstable="11" regionsrebuilding="0"/>
  </mem-info>
</gc-end>
<cycle-end id="5332" type="partial gc" contextid="5324" timestamp="2019-08-09T08:14:38.896" />
  <attribute name="elasticGC enabled" value="1" />
  <attribute name= "numThreadsSpecified" value="16" />
  <attribute name="heapSize specified" value="0" />
  <attribute name="Current GC Util" value="132" />
  <attribute name= "Current Time Running" value="113972" />
  <attribute name ="GC Interval" value="0" />
  <attribute name="Target GC Util Change" value ="80.000000" />
  <attribute name="Current GC Util Change" value="132.000000"/>
  <attribute name="Current Error" value="13.000000" />
  <attribute name="Output H" value="314610648"/>
  <attribute name="Output I" value="2008"/>
  <attribute name="Output T" value="16"/>
  <attribute name= "Current Time Running" value="113972" />
  <attribute name="GC Util currently" value="132" />
  <attribute name="CPU Util currently" value="1978228386491" />
<exclusive-end id="5333" timestamp="2019-08-09T08:14:38.896" durationms="12.566" />

<exclusive-start id="5334" timestamp="2019-08-09T08:14:38.954" intervalms="70.465">
  <response-info timems="0.465" idlems="0.465" threads="0" lastid="0000000002461500" lastname="Thread-46" />
</exclusive-start>
<allocation-taxation id="5335" taxation-threshold="90177536" timestamp="2019-08-09T08:14:38.954" intervalms="70.467" />
<cycle-start id="5336" type="partial gc" contextid="0" timestamp="2019-08-09T08:14:38.954" intervalms="70.466" />
<gc-start id="5337" type="partial gc" contextid="5336" timestamp="2019-08-09T08:14:38.954">
  <mem-info id="5338" free="111149056" total="335544320" percent="33">
    <mem type="eden" free="0" total="90177536" percent="0" />
    <remembered-set count="9536" freebytes="13376256" totalbytes="13414400" percent="99" regionsoverflowed="0" regionsstable="11" regionsrebuilding="0"/>
  </mem-info>
</gc-start>
<allocation-stats totalBytes="89963304" >
  <allocated-bytes non-tlh="0" tlh="89963304" arrayletleaf="0"/>
  <largest-consumer threadName="Thread-43" threadId="0000000002430600" bytes="18343304" />
</allocation-stats>
<gc-op id="5339" type="copy forward" timems="14.299" contextid="5336" timestamp="2019-08-09T08:14:38.973">
  <memory-copied type="eden" objects="10029" bytes="4078496" bytesdiscarded="867072" />
  <memory-copied type="other" objects="32" bytes="1256" bytesdiscarded="0" />
  <memory-cardclean objects="3077" bytes="141480" />
  <regions eden="43" other="4" />
  <remembered-set-cleared processed="592" cleared="237" durationms="2.853" />
  <references type="phantom" candidates="1" cleared="0" enqueued="0" />
  <stringconstants candidates="15965" cleared="0"  />
</gc-op>
<gc-op id="5340" type="classunload" timems="0.014" contextid="5336" timestamp="2019-08-09T08:14:38.973">
  <classunload-info classloadercandidates="68" classloadersunloaded="0" classesunloaded="0" anonymousclassesunloaded="0" quiescems="0.000" setupms="0.014" scanms="0.000" postms="0.000" />
</gc-op>
<heap-resize id="5341" type="expand" space="default" amount="6291456" count="1" timems="0.069" reason="excessive time being spent in gc" timestamp="2019-08-09T08:14:38.973" />
<gc-end id="5342" type="partial gc" contextid="5336" durationms="18.552" usertimems="50.554" systemtimems="10.649" timestamp="2019-08-09T08:14:38.973" activeThreads="16">
  <mem-info id="5343" free="205520896" total="341835776" percent="60">
    <mem type="eden" free="1345616" total="6291456" percent="21" />
    <remembered-set count="8800" freebytes="13630720" totalbytes="13665920" percent="99" regionsoverflowed="0" regionsstable="11" regionsrebuilding="0"/>
  </mem-info>
</gc-end>
<cycle-end id="5344" type="partial gc" contextid="5336" timestamp="2019-08-09T08:14:38.973" />
  <attribute name="elasticGC enabled" value="1" />
  <attribute name= "numThreadsSpecified" value="16" />
  <attribute name="heapSize specified" value="0" />
  <attribute name="Current GC Util" value="99" />
  <attribute name= "Current Time Running" value="114046" />
  <attribute name ="GC Interval" value="0" />
  <attribute name="Target GC Util Change" value ="80.000000" />
  <attribute name="Current GC Util Change" value="99.000000"/>
  <attribute name="Current Error" value="-19.000000" />
  <attribute name="Output H" value="335582152"/>
  <attribute name="Output I" value="1992"/>
  <attribute name="Output T" value="16"/>
  <attribute name= "Current Time Running" value="114046" />
  <attribute name="GC Util currently" value="99" />
  <attribute name="CPU Util currently" value="356800765837" />
<exclusive-end id="5345" timestamp="2019-08-09T08:14:38.973" durationms="19.165" />

<exclusive-start id="5346" timestamp="2019-08-09T08:14:39.072" intervalms="117.993">
  <response-info timems="0.858" idlems="0.858" threads="0" lastid="0000000002428F00" lastname="Thread-49" />
</exclusive-start>
<allocation-taxation id="5347" taxation-threshold="92274688" timestamp="2019-08-09T08:14:39.072" intervalms="117.981" />
<cycle-start id="5348" type="partial gc" contextid="0" timestamp="2019-08-09T08:14:39.072" intervalms="118.001" />
<gc-start id="5349" type="partial gc" contextid="5348" timestamp="2019-08-09T08:14:39.072">
  <mem-info id="5350" free="113246208" total="341835776" percent="33">
    <mem type="eden" free="0" total="92274688" percent="0" />
    <remembered-set count="8384" freebytes="13632384" totalbytes="13665920" percent="99" regionsoverflowed="0" regionsstable="11" regionsrebuilding="0"/>
  </mem-info>
</gc-start>
<allocation-stats totalBytes="92041288" >
  <allocated-bytes non-tlh="32784" tlh="92008504" arrayletleaf="0"/>
  <largest-consumer threadName="Thread-44" threadId="0000000002434200" bytes="8754864" />
</allocation-stats>
<gc-op id="5351" type="copy forward" timems="16.497" contextid="5348" timestamp="2019-08-09T08:14:39.091">
  <memory-copied type="eden" objects="9815" bytes="3925272" bytesdiscarded="691280" />
  <memory-copied type="other" objects="15" bytes="576" bytesdiscarded="0" />
  <memory-cardclean objects="3098" bytes="142264" />
  <regions eden="44" other="4" />
  <remembered-set-cleared processed="608" cleared="254" durationms="0.158" />
  <references type="weak" candidates="3" cleared="0" enqueued="0" />
  <references type="phantom" candidates="3" cleared="0" enqueued="0" />
  <stringconstants candidates="15965" cleared="0"  />
</gc-op>
<gc-op id="5352" type="classunload" timems="0.011" contextid="5348" timestamp="2019-08-09T08:14:39.091">
  <classunload-info classloadercandidates="68" classloadersunloaded="0" classesunloaded="0" anonymousclassesunloaded="0" quiescems="0.000" setupms="0.011" scanms="0.000" postms="0.000" />
</gc-op>
<heap-resize id="5353" type="expand" space="default" amount="10485760" count="1" timems="0.067" reason="excessive time being spent in gc" timestamp="2019-08-09T08:14:39.092" />
<gc-end id="5354" type="partial gc" contextid="5348" durationms="19.215" usertimems="54.692" systemtimems="25.505" timestamp="2019-08-09T08:14:39.092" activeThreads="16">
  <mem-info id="5355" free="211812352" total="352321536" percent="60">
    <mem type="eden" free="3771808" total="8388608" percent="44" />
    <remembered-set count="9824" freebytes="14045824" totalbytes="14085120" percent="99" regionsoverflowed="0" regionsstable="11" regionsrebuilding="0"/>
  </mem-info>
</gc-end>
<cycle-end id="5356" type="partial gc" contextid="5348" timestamp="2019-08-09T08:14:39.092" />
  <attribute name="elasticGC enabled" value="1" />
  <attribute name= "numThreadsSpecified" value="16" />
  <attribute name="heapSize specified" value="0" />
  <attribute name="Current GC Util" value="221" />
  <attribute name= "Current Time Running" value="114162" />
  <attribute name ="GC Interval" value="0" />
  <attribute name="Target GC Util Change" value ="80.000000" />
  <attribute name="Current GC Util Change" value="221.000000"/>
  <attribute name="Current Error" value="-114.000000" />
  <attribute name="Output H" value="341873552"/>
  <attribute name="Output I" value="1936"/>
  <attribute name="Output T" value="16"/>
  <attribute name= "Current Time Running" value="114162" />
  <attribute name="GC Util currently" value="221" />
  <attribute name="CPU Util currently" value="533321642768" />
<exclusive-end id="5357" timestamp="2019-08-09T08:14:39.092" durationms="19.798" />

<exclusive-start id="5358" timestamp="2019-08-09T08:14:39.163" intervalms="90.467">
  <response-info timems="12.566" idlems="12.566" threads="0" lastid="0000000002419F00" lastname="Thread-41" />
</exclusive-start>
<allocation-taxation id="5359" taxation-threshold="94371840" timestamp="2019-08-09T08:14:39.163" intervalms="90.494" />
<cycle-start id="5360" type="partial gc" contextid="0" timestamp="2019-08-09T08:14:39.163" intervalms="91.125" />
<gc-start id="5361" type="partial gc" contextid="5360" timestamp="2019-08-09T08:14:39.164">
  <mem-info id="5362" free="117440512" total="352321536" percent="33">
    <mem type="eden" free="0" total="94371840" percent="0" />
    <remembered-set count="9504" freebytes="14047104" totalbytes="14085120" percent="99" regionsoverflowed="0" regionsstable="11" regionsrebuilding="0"/>
  </mem-info>
</gc-start>
<allocation-stats totalBytes="94167320" >
  <allocated-bytes non-tlh="49176" tlh="94118144" arrayletleaf="0"/>
  <largest-consumer threadName="Thread-38" threadId="0000000002474100" bytes="8928528" />
</allocation-stats>
<gc-op id="5363" type="copy forward" timems="16.700" contextid="5360" timestamp="2019-08-09T08:14:39.182">
  <memory-copied type="eden" objects="9568" bytes="3892592" bytesdiscarded="539648" />
  <memory-copied type="other" objects="20" bytes="720" bytesdiscarded="0" />
  <memory-cardclean objects="3058" bytes="140288" />
  <regions eden="45" other="5" />
  <remembered-set-cleared processed="593" cleared="236" durationms="0.292" />
  <references type="phantom" candidates="2" cleared="0" enqueued="0" />
  <stringconstants candidates="15965" cleared="0"  />
</gc-op>
<gc-op id="5364" type="classunload" timems="0.011" contextid="5360" timestamp="2019-08-09T08:14:39.183">
  <classunload-info classloadercandidates="68" classloadersunloaded="0" classesunloaded="0" anonymousclassesunloaded="0" quiescems="0.000" setupms="0.011" scanms="0.000" postms="0.000" />
</gc-op>
<gc-end id="5365" type="partial gc" contextid="5360" durationms="19.166" usertimems="56.510" systemtimems="19.814" timestamp="2019-08-09T08:14:39.183" activeThreads="16">
  <mem-info id="5366" free="213909504" total="352321536" percent="60">
    <mem type="eden" free="1858952" total="6291456" percent="29" />
    <remembered-set count="10336" freebytes="14043776" totalbytes="14085120" percent="99" regionsoverflowed="0" regionsstable="11" regionsrebuilding="0"/>
  </mem-info>
</gc-end>
<cycle-end id="5367" type="partial gc" contextid="5360" timestamp="2019-08-09T08:14:39.183" />
  <attribute name="elasticGC enabled" value="1" />
  <attribute name= "numThreadsSpecified" value="16" />
  <attribute name="heapSize specified" value="0" />
  <attribute name="Current GC Util" value="49" />
  <attribute name= "Current Time Running" value="114253" />
  <attribute name ="GC Interval" value="0" />
  <attribute name="Target GC Util Change" value ="80.000000" />
  <attribute name="Current GC Util Change" value="49.000000"/>
  <attribute name="Current Error" value="-66.000000" />
  <attribute name="Output H" value="352359344"/>
  <attribute name="Output I" value="1968"/>
  <attribute name="Output T" value="16"/>
  <attribute name= "Current Time Running" value="114253" />
  <attribute name="GC Util currently" value="49" />
  <attribute name="CPU Util currently" value="595805919395" />
<exclusive-end id="5368" timestamp="2019-08-09T08:14:39.183" durationms="20.439" />

<exclusive-start id="5369" timestamp="2019-08-09T08:14:39.253" intervalms="90.512">
  <response-info timems="0.522" idlems="0.522" threads="0" lastid="0000000002412700" lastname="Thread-40" />
</exclusive-start>
<allocation-taxation id="5370" taxation-threshold="94371840" timestamp="2019-08-09T08:14:39.253" intervalms="90.505" />
<cycle-start id="5371" type="partial gc" contextid="0" timestamp="2019-08-09T08:14:39.253" intervalms="89.871" />
<gc-start id="5372" type="partial gc" contextid="5371" timestamp="2019-08-09T08:14:39.253">
  <mem-info id="5373" free="119537664" total="352321536" percent="33">
    <mem type="eden" free="0" total="94371840" percent="0" />
    <remembered-set count="9952" freebytes="14045312" totalbytes="14085120" percent="99" regionsoverflowed="0" regionsstable="11" regionsrebuilding="0"/>
  </mem-info>
</gc-start>
<allocation-stats totalBytes="94151096" >
  <allocated-bytes non-tlh="73760" tlh="94077336" arrayletleaf="0"/>
  <largest-consumer threadName="Thread-46" threadId="0000000002461500" bytes="12119784" />
</allocation-stats>
<gc-op id="5374" type="copy forward" timems="12.173" contextid="5371" timestamp="2019-08-09T08:14:39.266">
  <memory-copied type="eden" objects="8543" bytes="3427216" bytesdiscarded="724848" />
  <memory-copied type="other" objects="24" bytes="864" bytesdiscarded="0" />
  <memory-cardclean objects="3087" bytes="141344" />
  <regions eden="45" other="4" />
  <remembered-set-cleared processed="601" cleared="245" durationms="0.149" />
  <references type="phantom" candidates="4" cleared="0" enqueued="0" />
  <stringconstants candidates="15965" cleared="0"  />
</gc-op>
<gc-op id="5375" type="classunload" timems="0.014" contextid="5371" timestamp="2019-08-09T08:14:39.267">
  <classunload-info classloadercandidates="68" classloadersunloaded="0" classesunloaded="0" anonymousclassesunloaded="0" quiescems="0.000" setupms="0.014" scanms="0.000" postms="0.000" />
</gc-op>
<gc-end id="5376" type="partial gc" contextid="5371" durationms="13.332" usertimems="34.405" systemtimems="19.671" timestamp="2019-08-09T08:14:39.267" activeThreads="16">
  <mem-info id="5377" free="213909504" total="352321536" percent="60">
    <mem type="eden" free="41960" total="4194304" percent="1" />
    <remembered-set count="7776" freebytes="14054016" totalbytes="14085120" percent="99" regionsoverflowed="0" regionsstable="11" regionsrebuilding="0"/>
  </mem-info>
</gc-end>
<cycle-end id="5378" type="partial gc" contextid="5371" timestamp="2019-08-09T08:14:39.267" />
  <attribute name="elasticGC enabled" value="1" />
  <attribute name= "numThreadsSpecified" value="16" />
  <attribute name="heapSize specified" value="0" />
  <attribute name="Current GC Util" value="130" />
  <attribute name= "Current Time Running" value="114341" />
  <attribute name ="GC Interval" value="0" />
  <attribute name="Target GC Util Change" value ="80.000000" />
  <attribute name="Current GC Util Change" value="130.000000"/>
  <attribute name="Current Error" value="-50.000000" />
  <attribute name="Output H" value="352359352"/>
  <attribute name="Output I" value="1976"/>
  <attribute name="Output T" value="16"/>
  <attribute name= "Current Time Running" value="114341" />
  <attribute name="GC Util currently" value="130" />
  <attribute name="CPU Util currently" value="1924615040025" />
<exclusive-end id="5379" timestamp="2019-08-09T08:14:39.267" durationms="13.913" />

<exclusive-start id="5380" timestamp="2019-08-09T08:14:39.335" intervalms="82.384">
  <response-info timems="0.341" idlems="0.341" threads="0" lastid="000000000242CB00" lastname="Thread-45" />
</exclusive-start>
<allocation-taxation id="5381" taxation-threshold="94371840" timestamp="2019-08-09T08:14:39.335" intervalms="82.378" />
<cycle-start id="5382" type="partial gc" contextid="0" timestamp="2019-08-09T08:14:39.336" intervalms="82.370" />
<gc-start id="5383" type="partial gc" contextid="5382" timestamp="2019-08-09T08:14:39.336">
  <mem-info id="5384" free="119537664" total="352321536" percent="33">
    <mem type="eden" free="0" total="94371840" percent="0" />
    <remembered-set count="7488" freebytes="14055168" totalbytes="14085120" percent="99" regionsoverflowed="0" regionsstable="11" regionsrebuilding="0"/>
  </mem-info>
</gc-start>
<allocation-stats totalBytes="94281856" >
  <allocated-bytes non-tlh="49168" tlh="94232688" arrayletleaf="0"/>
  <largest-consumer threadName="Thread-48" threadId="0000000002437E00" bytes="10471024" />
</allocation-stats>
<gc-op id="5385" type="copy forward" timems="11.943" contextid="5382" timestamp="2019-08-09T08:14:39.349">
  <memory-copied type="eden" objects="10434" bytes="4077816" bytesdiscarded="600552" />
  <memory-copied type="other" objects="33" bytes="1264" bytesdiscarded="0" />
  <memory-cardclean objects="3053" bytes="140192" />
  <regions eden="45" other="3" />
  <remembered-set-cleared processed="588" cleared="230" durationms="0.366" />
  <references type="phantom" candidates="3" cleared="0" enqueued="0" />
  <stringconstants candidates="15965" cleared="0"  />
</gc-op>
<gc-op id="5386" type="classunload" timems="0.016" contextid="5382" timestamp="2019-08-09T08:14:39.349">
  <classunload-info classloadercandidates="68" classloadersunloaded="0" classesunloaded="0" anonymousclassesunloaded="0" quiescems="0.000" setupms="0.016" scanms="0.000" postms="0.000" />
</gc-op>
<heap-resize id="5387" type="expand" space="default" amount="4194304" count="1" timems="0.070" reason="excessive time being spent in gc" timestamp="2019-08-09T08:14:39.349" />
<gc-end id="5388" type="partial gc" contextid="5382" durationms="13.281" usertimems="39.256" systemtimems="8.763" timestamp="2019-08-09T08:14:39.349" activeThreads="16">
  <mem-info id="5389" free="213909504" total="356515840" percent="60">
    <mem type="eden" free="1612808" total="6291456" percent="25" />
    <remembered-set count="9824" freebytes="14213504" totalbytes="14252800" percent="99" regionsoverflowed="0" regionsstable="11" regionsrebuilding="0"/>
  </mem-info>
</gc-end>
<cycle-end id="5390" type="partial gc" contextid="5382" timestamp="2019-08-09T08:14:39.349" />
  <attribute name="elasticGC enabled" value="1" />
  <attribute name= "numThreadsSpecified" value="16" />
  <attribute name="heapSize specified" value="0" />
  <attribute name="Current GC Util" value="160" />
  <attribute name= "Current Time Running" value="114424" />
  <attribute name ="GC Interval" value="0" />
  <attribute name="Target GC Util Change" value ="80.000000" />
  <attribute name="Current GC Util Change" value="160.000000"/>
  <attribute name="Current Error" value="-99.000000" />
  <attribute name="Output H" value="352359320"/>
  <attribute name="Output I" value="1944"/>
  <attribute name="Output T" value="16"/>
  <attribute name= "Current Time Running" value="114424" />
  <attribute name="GC Util currently" value="160" />
  <attribute name="CPU Util currently" value="2025914127921" />
<exclusive-end id="5391" timestamp="2019-08-09T08:14:39.349" durationms="14.034" />

<exclusive-start id="5392" timestamp="2019-08-09T08:14:39.432" intervalms="96.559">
  <response-info timems="6.290" idlems="6.290" threads="0" lastid="0000000002412700" lastname="Thread-40" />
</exclusive-start>
<allocation-taxation id="5393" taxation-threshold="96468992" timestamp="2019-08-09T08:14:39.432" intervalms="96.569" />
<cycle-start id="5394" type="partial gc" contextid="0" timestamp="2019-08-09T08:14:39.432" intervalms="96.676" />
<gc-start id="5395" type="partial gc" contextid="5394" timestamp="2019-08-09T08:14:39.432">
  <mem-info id="5396" free="117440512" total="356515840" percent="32">
    <mem type="eden" free="0" total="96468992" percent="0" />
    <remembered-set count="9504" freebytes="14214784" totalbytes="14252800" percent="99" regionsoverflowed="0" regionsstable="11" regionsrebuilding="0"/>
  </mem-info>
</gc-start>
<allocation-stats totalBytes="96227904" >
  <allocated-bytes non-tlh="81944" tlh="96145960" arrayletleaf="0"/>
  <largest-consumer threadName="Thread-51" threadId="0000000002456200" bytes="8265960" />
</allocation-stats>
<gc-op id="5397" type="copy forward" timems="8.749" contextid="5394" timestamp="2019-08-09T08:14:39.442">
  <memory-copied type="eden" objects="9333" bytes="3784744" bytesdiscarded="890536" />
  <memory-copied type="other" objects="29" bytes="1120" bytesdiscarded="0" />
  <memory-cardclean objects="3072" bytes="141704" />
  <regions eden="46" other="4" />
  <remembered-set-cleared processed="604" cleared="251" durationms="0.293" />
  <references type="phantom" candidates="5" cleared="0" enqueued="0" />
  <stringconstants candidates="15965" cleared="0"  />
</gc-op>
<gc-op id="5398" type="classunload" timems="0.013" contextid="5394" timestamp="2019-08-09T08:14:39.442">
  <classunload-info classloadercandidates="68" classloadersunloaded="0" classesunloaded="0" anonymousclassesunloaded="0" quiescems="0.000" setupms="0.013" scanms="0.000" postms="0.000" />
</gc-op>
<heap-resize id="5399" type="expand" space="default" amount="6291456" count="1" timems="0.070" reason="excessive time being spent in gc" timestamp="2019-08-09T08:14:39.443" />
<gc-end id="5400" type="partial gc" contextid="5394" durationms="10.335" usertimems="31.917" systemtimems="4.563" timestamp="2019-08-09T08:14:39.443" activeThreads="16">
  <mem-info id="5401" free="218103808" total="362807296" percent="60">
    <mem type="eden" free="1615880" total="6291456" percent="25" />
    <remembered-set count="9312" freebytes="14467072" totalbytes="14504320" percent="99" regionsoverflowed="0" regionsstable="11" regionsrebuilding="0"/>
  </mem-info>
</gc-end>
<cycle-end id="5402" type="partial gc" contextid="5394" timestamp="2019-08-09T08:14:39.443" />
  <attribute name="elasticGC enabled" value="1" />
  <attribute name= "numThreadsSpecified" value="16" />
  <attribute name="heapSize specified" value="0" />
  <attribute name="Current GC Util" value="70" />
  <attribute name= "Current Time Running" value="114521" />
  <attribute name ="GC Interval" value="0" />
  <attribute name="Target GC Util Change" value ="80.000000" />
  <attribute name="Current GC Util Change" value="70.000000"/>
  <attribute name="Current Error" value="-46.000000" />
  <attribute name="Output H" value="356553656"/>
  <attribute name="Output I" value="1976"/>
  <attribute name="Output T" value="16"/>
  <attribute name= "Current Time Running" value="114521" />
  <attribute name="GC Util currently" value="70" />
  <attribute name="CPU Util currently" value="1221240001236" />
<exclusive-end id="5403" timestamp="2019-08-09T08:14:39.444" durationms="12.221" />

<exclusive-start id="5404" timestamp="2019-08-09T08:14:39.549" intervalms="117.164">
  <response-info timems="0.389" idlems="0.134" threads="2" lastid="0000000002470500" lastname="Thread-39" />
</exclusive-start>
<allocation-taxation id="5405" taxation-threshold="96468992" timestamp="2019-08-09T08:14:39.549" intervalms="117.161" />
<cycle-start id="5406" type="partial gc" contextid="0" timestamp="2019-08-09T08:14:39.549" intervalms="117.023" />
<gc-start id="5407" type="partial gc" contextid="5406" timestamp="2019-08-09T08:14:39.549">
  <mem-info id="5408" free="121634816" total="362807296" percent="33">
    <mem type="eden" free="0" total="96468992" percent="0" />
    <remembered-set count="9088" freebytes="14467968" totalbytes="14504320" percent="99" regionsoverflowed="0" regionsstable="11" regionsrebuilding="0"/>
  </mem-info>
</gc-start>
<allocation-stats totalBytes="96276912" >
  <allocated-bytes non-tlh="32776" tlh="96244136" arrayletleaf="0"/>
  <largest-consumer threadName="Thread-52" threadId="000000000246C900" bytes="9885664" />
</allocation-stats>
<gc-op id="5409" type="copy forward" timems="17.889" contextid="5406" timestamp="2019-08-09T08:14:39.568">
  <memory-copied type="eden" objects="8781" bytes="3379696" bytesdiscarded="787008" />
  <memory-copied type="other" objects="24" bytes="1144" bytesdiscarded="0" />
  <memory-cardclean objects="3083" bytes="141448" />
  <regions eden="46" other="4" />
  <remembered-set-cleared processed="603" cleared="248" durationms="1.250" />
  <references type="phantom" candidates="3" cleared="0" enqueued="0" />
  <stringconstants candidates="15965" cleared="0"  />
</gc-op>
<gc-op id="5410" type="classunload" timems="0.010" contextid="5406" timestamp="2019-08-09T08:14:39.568">
  <classunload-info classloadercandidates="68" classloadersunloaded="0" classesunloaded="0" anonymousclassesunloaded="0" quiescems="0.000" setupms="0.010" scanms="0.000" postms="0.000" />
</gc-op>
<gc-end id="5411" type="partial gc" contextid="5406" durationms="19.135" usertimems="29.878" systemtimems="29.568" timestamp="2019-08-09T08:14:39.569" activeThreads="16">
  <mem-info id="5412" free="218103808" total="362807296" percent="60">
    <mem type="eden" free="27336" total="4194304" percent="0" />
    <remembered-set count="9312" freebytes="14467072" totalbytes="14504320" percent="99" regionsoverflowed="0" regionsstable="11" regionsrebuilding="0"/>
  </mem-info>
</gc-end>
<cycle-end id="5413" type="partial gc" contextid="5406" timestamp="2019-08-09T08:14:39.569" />
  <attribute name="elasticGC enabled" value="1" />
  <attribute name= "numThreadsSpecified" value="16" />
  <attribute name="heapSize specified" value="0" />
  <attribute name="Current GC Util" value="125" />
  <attribute name= "Current Time Running" value="114638" />
  <attribute name ="GC Interval" value="0" />
  <attribute name="Target GC Util Change" value ="80.000000" />
  <attribute name="Current GC Util Change" value="125.000000"/>
  <attribute name="Current Error" value="-45.000000" />
  <attribute name="Output H" value="362845112"/>
  <attribute name="Output I" value="1976"/>
  <attribute name="Output T" value="16"/>
  <attribute name= "Current Time Running" value="114638" />
  <attribute name="GC Util currently" value="125" />
  <attribute name="CPU Util currently" value="1551423010143" />
<exclusive-end id="5414" timestamp="2019-08-09T08:14:39.569" durationms="19.621" />

<exclusive-start id="5415" timestamp="2019-08-09T08:14:39.641" intervalms="91.475">
  <response-info timems="2.749" idlems="2.749" threads="0" lastid="0000000002459E00" lastname="Thread-50" />
</exclusive-start>
<allocation-taxation id="5416" taxation-threshold="96468992" timestamp="2019-08-09T08:14:39.641" intervalms="91.479" />
<cycle-start id="5417" type="partial gc" contextid="0" timestamp="2019-08-09T08:14:39.641" intervalms="91.552" />
<gc-start id="5418" type="partial gc" contextid="5417" timestamp="2019-08-09T08:14:39.643">
  <mem-info id="5419" free="121634816" total="362807296" percent="33">
    <mem type="eden" free="0" total="96468992" percent="0" />
    <remembered-set count="9088" freebytes="14467968" totalbytes="14504320" percent="99" regionsoverflowed="0" regionsstable="11" regionsrebuilding="0"/>
  </mem-info>
</gc-start>
<allocation-stats totalBytes="96280416" >
  <allocated-bytes non-tlh="16392" tlh="96264024" arrayletleaf="0"/>
  <largest-consumer threadName="Thread-41" threadId="0000000002419F00" bytes="9486088" />
</allocation-stats>
<gc-op id="5420" type="copy forward" timems="10.735" contextid="5417" timestamp="2019-08-09T08:14:39.656">
  <memory-copied type="eden" objects="10269" bytes="4026312" bytesdiscarded="628752" />
  <memory-copied type="other" objects="28" bytes="1288" bytesdiscarded="0" />
  <memory-cardclean objects="3051" bytes="140800" />
  <regions eden="46" other="3" />
  <remembered-set-cleared processed="594" cleared="237" durationms="0.166" />
  <references type="phantom" candidates="3" cleared="0" enqueued="0" />
  <stringconstants candidates="15965" cleared="0"  />
</gc-op>
<gc-op id="5421" type="classunload" timems="0.010" contextid="5417" timestamp="2019-08-09T08:14:39.656">
  <classunload-info classloadercandidates="68" classloadersunloaded="0" classesunloaded="0" anonymousclassesunloaded="0" quiescems="0.000" setupms="0.010" scanms="0.000" postms="0.000" />
</gc-op>
<heap-resize id="5422" type="expand" space="default" amount="10485760" count="1" timems="0.075" reason="excessive time being spent in gc" timestamp="2019-08-09T08:14:39.656" />
<gc-end id="5423" type="partial gc" contextid="5417" durationms="13.027" usertimems="12.610" systemtimems="27.048" timestamp="2019-08-09T08:14:39.656" activeThreads="16">
  <mem-info id="5424" free="224395264" total="373293056" percent="60">
    <mem type="eden" free="1636112" total="6291456" percent="26" />
    <remembered-set count="9344" freebytes="14886144" totalbytes="14923520" percent="99" regionsoverflowed="0" regionsstable="11" regionsrebuilding="0"/>
  </mem-info>
</gc-end>
<cycle-end id="5425" type="partial gc" contextid="5417" timestamp="2019-08-09T08:14:39.656" />
  <attribute name="elasticGC enabled" value="1" />
  <attribute name= "numThreadsSpecified" value="16" />
  <attribute name="heapSize specified" value="0" />
  <attribute name="Current GC Util" value="213" />
  <attribute name= "Current Time Running" value="114732" />
  <attribute name ="GC Interval" value="0" />
  <attribute name="Target GC Util Change" value ="80.000000" />
  <attribute name="Current GC Util Change" value="213.000000"/>
  <attribute name="Current Error" value="-140.000000" />
  <attribute name="Output H" value="362845056"/>
  <attribute name="Output I" value="1920"/>
  <attribute name="Output T" value="16"/>
  <attribute name= "Current Time Running" value="114732" />
  <attribute name="GC Util currently" value="213" />
  <attribute name="CPU Util currently" value="693921478991" />
<exclusive-end id="5426" timestamp="2019-08-09T08:14:39.656" durationms="15.794" />

<exclusive-start id="5427" timestamp="2019-08-09T08:14:39.775" intervalms="134.735">
  <response-info timems="3.416" idlems="3.416" threads="0" lastid="0000000002437E00" lastname="Thread-48" />
</exclusive-start>
<allocation-taxation id="5428" taxation-threshold="100663296" timestamp="2019-08-09T08:14:39.775" intervalms="134.795" />
<cycle-start id="5429" type="partial gc" contextid="0" timestamp="2019-08-09T08:14:39.776" intervalms="134.828" />
<gc-start id="5430" type="partial gc" contextid="5429" timestamp="2019-08-09T08:14:39.776">
  <mem-info id="5431" free="123731968" total="373293056" percent="33">
    <mem type="eden" free="0" total="100663296" percent="0" />
    <remembered-set count="8896" freebytes="14887936" totalbytes="14923520" percent="99" regionsoverflowed="0" regionsstable="11" regionsrebuilding="0"/>
  </mem-info>
</gc-start>
<allocation-stats totalBytes="100480584" >
  <allocated-bytes non-tlh="147496" tlh="100333088" arrayletleaf="0"/>
  <largest-consumer threadName="Thread-37" threadId="000000000244AA00" bytes="8587840" />
</allocation-stats>
<gc-op id="5432" type="copy forward" timems="20.995" contextid="5429" timestamp="2019-08-09T08:14:39.798">
  <memory-copied type="eden" objects="9740" bytes="3866856" bytesdiscarded="897920" />
  <memory-copied type="other" objects="16" bytes="576" bytesdiscarded="0" />
  <memory-cardclean objects="3042" bytes="140392" />
  <regions eden="48" other="4" />
  <remembered-set-cleared processed="619" cleared="262" durationms="0.126" />
  <references type="phantom" candidates="5" cleared="0" enqueued="0" />
  <stringconstants candidates="15965" cleared="0"  />
</gc-op>
<gc-op id="5433" type="classunload" timems="0.015" contextid="5429" timestamp="2019-08-09T08:14:39.798">
  <classunload-info classloadercandidates="68" classloadersunloaded="0" classesunloaded="0" anonymousclassesunloaded="0" quiescems="0.000" setupms="0.015" scanms="0.000" postms="0.000" />
</gc-op>
<heap-resize id="5434" type="expand" space="default" amount="4194304" count="1" timems="0.062" reason="excessive time being spent in gc" timestamp="2019-08-09T08:14:39.798" />
<gc-end id="5435" type="partial gc" contextid="5429" durationms="22.308" usertimems="25.821" systemtimems="26.297" timestamp="2019-08-09T08:14:39.798" activeThreads="16">
  <mem-info id="5436" free="226492416" total="377487360" percent="60">
    <mem type="eden" free="1526384" total="6291456" percent="24" />
    <remembered-set count="10848" freebytes="15047808" totalbytes="15091200" percent="99" regionsoverflowed="0" regionsstable="11" regionsrebuilding="0"/>
  </mem-info>
</gc-end>
<cycle-end id="5437" type="partial gc" contextid="5429" timestamp="2019-08-09T08:14:39.799" />
  <attribute name="elasticGC enabled" value="1" />
  <attribute name= "numThreadsSpecified" value="16" />
  <attribute name="heapSize specified" value="0" />
  <attribute name="Current GC Util" value="148" />
  <attribute name= "Current Time Running" value="114864" />
  <attribute name ="GC Interval" value="0" />
  <attribute name="Target GC Util Change" value ="80.000000" />
  <attribute name="Current GC Util Change" value="148.000000"/>
  <attribute name="Current Error" value="-155.000000" />
  <attribute name="Output H" value="373330808"/>
  <attribute name="Output I" value="1912"/>
  <attribute name="Output T" value="16"/>
  <attribute name= "Current Time Running" value="114864" />
  <attribute name="GC Util currently" value="148" />
  <attribute name="CPU Util currently" value="1826005151194" />
<exclusive-end id="5438" timestamp="2019-08-09T08:14:39.799" durationms="23.796" />

<exclusive-start id="5439" timestamp="2019-08-09T08:14:39.926" intervalms="150.607">
  <response-info timems="4.241" idlems="4.241" threads="0" lastid="000000000246C900" lastname="Thread-52" />
</exclusive-start>
<allocation-taxation id="5440" taxation-threshold="100663296" timestamp="2019-08-09T08:14:39.926" intervalms="150.717" />
<cycle-start id="5441" type="partial gc" contextid="0" timestamp="2019-08-09T08:14:39.926" intervalms="150.892" />
<gc-start id="5442" type="partial gc" contextid="5441" timestamp="2019-08-09T08:14:39.927">
  <mem-info id="5443" free="125829120" total="377487360" percent="33">
    <mem type="eden" free="0" total="100663296" percent="0" />
    <remembered-set count="10432" freebytes="15049472" totalbytes="15091200" percent="99" regionsoverflowed="0" regionsstable="11" regionsrebuilding="0"/>
  </mem-info>
</gc-start>
<allocation-stats totalBytes="100516888" >
  <allocated-bytes non-tlh="65552" tlh="100451336" arrayletleaf="0"/>
  <largest-consumer threadName="Thread-50" threadId="0000000002459E00" bytes="11162864" />
</allocation-stats>
<gc-op id="5444" type="copy forward" timems="11.347" contextid="5441" timestamp="2019-08-09T08:14:39.939">
  <memory-copied type="eden" objects="8729" bytes="3525936" bytesdiscarded="670272" />
  <memory-copied type="other" objects="40" bytes="2192" bytesdiscarded="0" />
  <memory-cardclean objects="3071" bytes="141312" />
  <regions eden="48" other="4" />
  <remembered-set-cleared processed="603" cleared="249" durationms="0.336" />
  <references type="phantom" candidates="1" cleared="0" enqueued="0" />
  <stringconstants candidates="15965" cleared="0"  />
</gc-op>
<gc-op id="5445" type="classunload" timems="0.011" contextid="5441" timestamp="2019-08-09T08:14:39.939">
  <classunload-info classloadercandidates="68" classloadersunloaded="0" classesunloaded="0" anonymousclassesunloaded="0" quiescems="0.000" setupms="0.010" scanms="0.000" postms="0.000" />
</gc-op>
<heap-resize id="5446" type="expand" space="default" amount="6291456" count="1" timems="0.060" reason="excessive time being spent in gc" timestamp="2019-08-09T08:14:39.939" />
<gc-end id="5447" type="partial gc" contextid="5441" durationms="12.613" usertimems="13.194" systemtimems="21.422" timestamp="2019-08-09T08:14:39.939" activeThreads="16">
  <mem-info id="5448" free="230686720" total="383778816" percent="60">
    <mem type="eden" free="2094992" total="6291456" percent="33" />
    <remembered-set count="10336" freebytes="15301376" totalbytes="15342720" percent="99" regionsoverflowed="0" regionsstable="11" regionsrebuilding="0"/>
  </mem-info>
</gc-end>
<cycle-end id="5449" type="partial gc" contextid="5441" timestamp="2019-08-09T08:14:39.940" />
  <attribute name="elasticGC enabled" value="1" />
  <attribute name= "numThreadsSpecified" value="16" />
  <attribute name="heapSize specified" value="0" />
  <attribute name="Current GC Util" value="184" />
  <attribute name= "Current Time Running" value="115015" />
  <attribute name ="GC Interval" value="0" />
  <attribute name="Target GC Util Change" value ="80.000000" />
  <attribute name="Current GC Util Change" value="184.000000"/>
  <attribute name="Current Error" value="-104.000000" />
  <attribute name="Output H" value="377525144"/>
  <attribute name="Output I" value="1944"/>
  <attribute name="Output T" value="16"/>
  <attribute name= "Current Time Running" value="115015" />
  <attribute name="GC Util currently" value="184" />
  <attribute name="CPU Util currently" value="2205952828237" />
<exclusive-end id="5450" timestamp="2019-08-09T08:14:39.940" durationms="13.884" />

<exclusive-start id="5451" timestamp="2019-08-09T08:14:39.994" intervalms="68.382">
  <response-info timems="0.782" idlems="0.782" threads="0" lastid="0000000002419F00" lastname="Thread-41" />
</exclusive-start>
<allocation-taxation id="5452" taxation-threshold="102760448" timestamp="2019-08-09T08:14:39.995" intervalms="68.887" />
<cycle-start id="5453" type="partial gc" contextid="0" timestamp="2019-08-09T08:14:39.995" intervalms="68.637" />
<gc-start id="5454" type="partial gc" contextid="5453" timestamp="2019-08-09T08:14:39.995">
  <mem-info id="5455" free="127926272" total="383778816" percent="33">
    <mem type="eden" free="0" total="102760448" percent="0" />
    <remembered-set count="9888" freebytes="15303168" totalbytes="15342720" percent="99" regionsoverflowed="0" regionsstable="11" regionsrebuilding="0"/>
  </mem-info>
</gc-start>
<allocation-stats totalBytes="102644152" >
  <allocated-bytes non-tlh="65560" tlh="102578592" arrayletleaf="0"/>
  <largest-consumer threadName="Thread-51" threadId="0000000002456200" bytes="9866376" />
</allocation-stats>
<gc-op id="5456" type="copy forward" timems="14.454" contextid="5453" timestamp="2019-08-09T08:14:40.011">
  <memory-copied type="eden" objects="9440" bytes="3866936" bytesdiscarded="707992" />
  <memory-copied type="other" objects="32" bytes="1904" bytesdiscarded="0" />
  <memory-cardclean objects="3064" bytes="141208" />
  <regions eden="49" other="4" />
  <remembered-set-cleared processed="598" cleared="244" durationms="0.585" />
  <references type="weak" candidates="1" cleared="0" enqueued="0" />
  <references type="phantom" candidates="6" cleared="0" enqueued="0" />
  <stringconstants candidates="15965" cleared="0"  />
</gc-op>
<gc-op id="5457" type="classunload" timems="0.011" contextid="5453" timestamp="2019-08-09T08:14:40.011">
  <classunload-info classloadercandidates="68" classloadersunloaded="0" classesunloaded="0" anonymousclassesunloaded="0" quiescems="0.000" setupms="0.011" scanms="0.000" postms="0.000" />
</gc-op>
<heap-resize id="5458" type="expand" space="default" amount="4194304" count="1" timems="0.066" reason="excessive time being spent in gc" timestamp="2019-08-09T08:14:40.011" />
<gc-end id="5459" type="partial gc" contextid="5453" durationms="15.898" usertimems="37.098" systemtimems="8.933" timestamp="2019-08-09T08:14:40.011" activeThreads="16">
  <mem-info id="5460" free="232783872" total="387973120" percent="60">
    <mem type="eden" free="1716232" total="6291456" percent="27" />
    <remembered-set count="10368" freebytes="15468928" totalbytes="15510400" percent="99" regionsoverflowed="0" regionsstable="11" regionsrebuilding="0"/>
  </mem-info>
</gc-end>
<cycle-end id="5461" type="partial gc" contextid="5453" timestamp="2019-08-09T08:14:40.011" />
  <attribute name="elasticGC enabled" value="1" />
  <attribute name= "numThreadsSpecified" value="16" />
  <attribute name="heapSize specified" value="0" />
  <attribute name="Current GC Util" value="176" />
  <attribute name= "Current Time Running" value="115084" />
  <attribute name ="GC Interval" value="0" />
  <attribute name="Target GC Util Change" value ="80.000000" />
  <attribute name="Current GC Util Change" value="176.000000"/>
  <attribute name="Current Error" value="-170.000000" />
  <attribute name="Output H" value="383816560"/>
  <attribute name="Output I" value="1904"/>
  <attribute name="Output T" value="16"/>
  <attribute name= "Current Time Running" value="115084" />
  <attribute name="GC Util currently" value="176" />
  <attribute name="CPU Util currently" value="2244719083129" />
<exclusive-end id="5462" timestamp="2019-08-09T08:14:40.012" durationms="17.279" />

<exclusive-start id="5463" timestamp="2019-08-09T08:14:40.104" intervalms="110.042">
  <response-info timems="2.988" idlems="1.967" threads="7" lastid="0000000002470500" lastname="Thread-39" />
</exclusive-start>
<allocation-taxation id="5464" taxation-threshold="102760448" timestamp="2019-08-09T08:14:40.104" intervalms="109.359" />
<cycle-start id="5465" type="partial gc" contextid="0" timestamp="2019-08-09T08:14:40.104" intervalms="109.354" />
<gc-start id="5466" type="partial gc" contextid="5465" timestamp="2019-08-09T08:14:40.105">
  <mem-info id="5467" free="130023424" total="387973120" percent="33">
    <mem type="eden" free="0" total="102760448" percent="0" />
    <remembered-set count="10176" freebytes="15469696" totalbytes="15510400" percent="99" regionsoverflowed="0" regionsstable="11" regionsrebuilding="0"/>
  </mem-info>
</gc-start>
<allocation-stats totalBytes="102571704" >
  <allocated-bytes non-tlh="65560" tlh="102506144" arrayletleaf="0"/>
  <largest-consumer threadName="Thread-41" threadId="0000000002419F00" bytes="10434320" />
</allocation-stats>
<gc-op id="5468" type="copy forward" timems="11.509" contextid="5465" timestamp="2019-08-09T08:14:40.117">
  <memory-copied type="eden" objects="9322" bytes="3672496" bytesdiscarded="782064" />
  <memory-copied type="other" objects="32" bytes="1152" bytesdiscarded="0" />
  <memory-cardclean objects="3070" bytes="141920" />
  <regions eden="49" other="4" />
  <remembered-set-cleared processed="601" cleared="245" durationms="0.523" />
  <references type="phantom" candidates="2" cleared="0" enqueued="0" />
  <stringconstants candidates="15965" cleared="0"  />
</gc-op>
<gc-op id="5469" type="classunload" timems="0.012" contextid="5465" timestamp="2019-08-09T08:14:40.117">
  <classunload-info classloadercandidates="68" classloadersunloaded="0" classesunloaded="0" anonymousclassesunloaded="0" quiescems="0.000" setupms="0.012" scanms="0.000" postms="0.000" />
</gc-op>
<heap-resize id="5470" type="expand" space="default" amount="6291456" count="1" timems="0.075" reason="excessive time being spent in gc" timestamp="2019-08-09T08:14:40.117" />
<gc-end id="5471" type="partial gc" contextid="5465" durationms="12.630" usertimems="26.738" systemtimems="6.768" timestamp="2019-08-09T08:14:40.117" activeThreads="16">
  <mem-info id="5472" free="236978176" total="394264576" percent="60">
    <mem type="eden" free="1836632" total="6291456" percent="29" />
    <remembered-set count="10368" freebytes="15720448" totalbytes="15761920" percent="99" regionsoverflowed="0" regionsstable="11" regionsrebuilding="0"/>
  </mem-info>
</gc-end>
<cycle-end id="5473" type="partial gc" contextid="5465" timestamp="2019-08-09T08:14:40.117" />
  <attribute name="elasticGC enabled" value="1" />
  <attribute name= "numThreadsSpecified" value="16" />
  <attribute name="heapSize specified" value="0" />
  <attribute name="Current GC Util" value="135" />
  <attribute name= "Current Time Running" value="115193" />
  <attribute name ="GC Interval" value="0" />
  <attribute name="Target GC Util Change" value ="80.000000" />
  <attribute name="Current GC Util Change" value="135.000000"/>
  <attribute name="Current Error" value="-186.000000" />
  <attribute name="Output H" value="388010856"/>
  <attribute name="Output I" value="1896"/>
  <attribute name="Output T" value="16"/>
  <attribute name= "Current Time Running" value="115193" />
  <attribute name="GC Util currently" value="135" />
  <attribute name="CPU Util currently" value="2245042541091" />
<exclusive-end id="5474" timestamp="2019-08-09T08:14:40.118" durationms="13.154" />

<exclusive-start id="5475" timestamp="2019-08-09T08:14:40.218" intervalms="113.712">
  <response-info timems="0.761" idlems="0.203" threads="4" lastid="0000000002474100" lastname="Thread-38" />
</exclusive-start>
<allocation-taxation id="5476" taxation-threshold="104857600" timestamp="2019-08-09T08:14:40.218" intervalms="113.722" />
<cycle-start id="5477" type="partial gc" contextid="0" timestamp="2019-08-09T08:14:40.218" intervalms="113.763" />
<gc-start id="5478" type="partial gc" contextid="5477" timestamp="2019-08-09T08:14:40.219">
  <mem-info id="5479" free="132120576" total="394264576" percent="33">
    <mem type="eden" free="0" total="104857600" percent="0" />
    <remembered-set count="10176" freebytes="15721216" totalbytes="15761920" percent="99" regionsoverflowed="0" regionsstable="11" regionsrebuilding="0"/>
  </mem-info>
</gc-start>
<allocation-stats totalBytes="104694544" >
  <allocated-bytes non-tlh="98336" tlh="104596208" arrayletleaf="0"/>
  <largest-consumer threadName="Thread-48" threadId="0000000002437E00" bytes="12120352" />
</allocation-stats>
<gc-op id="5480" type="copy forward" timems="8.103" contextid="5477" timestamp="2019-08-09T08:14:40.228">
  <memory-copied type="eden" objects="10175" bytes="4009600" bytesdiscarded="754216" />
  <memory-copied type="other" objects="23" bytes="1048" bytesdiscarded="0" />
  <memory-cardclean objects="3097" bytes="142736" />
  <regions eden="50" other="4" />
  <remembered-set-cleared processed="622" cleared="267" durationms="0.147" />
  <references type="phantom" candidates="2" cleared="0" enqueued="0" />
  <stringconstants candidates="15965" cleared="0"  />
</gc-op>
<gc-op id="5481" type="classunload" timems="0.014" contextid="5477" timestamp="2019-08-09T08:14:40.228">
  <classunload-info classloadercandidates="68" classloadersunloaded="0" classesunloaded="0" anonymousclassesunloaded="0" quiescems="0.000" setupms="0.013" scanms="0.000" postms="0.000" />
</gc-op>
<heap-resize id="5482" type="expand" space="default" amount="10485760" count="1" timems="0.077" reason="excessive time being spent in gc" timestamp="2019-08-09T08:14:40.228" />
<gc-end id="5483" type="partial gc" contextid="5477" durationms="9.936" usertimems="20.476" systemtimems="7.163" timestamp="2019-08-09T08:14:40.228" activeThreads="16">
  <mem-info id="5484" free="243269632" total="404750336" percent="60">
    <mem type="eden" free="3624520" total="8388608" percent="43" />
    <remembered-set count="10368" freebytes="16139648" totalbytes="16181120" percent="99" regionsoverflowed="0" regionsstable="11" regionsrebuilding="0"/>
  </mem-info>
</gc-end>
<cycle-end id="5485" type="partial gc" contextid="5477" timestamp="2019-08-09T08:14:40.229" />
  <attribute name="elasticGC enabled" value="1" />
  <attribute name= "numThreadsSpecified" value="16" />
  <attribute name="heapSize specified" value="0" />
  <attribute name="Current GC Util" value="105" />
  <attribute name= "Current Time Running" value="115307" />
  <attribute name ="GC Interval" value="0" />
  <attribute name="Target GC Util Change" value ="80.000000" />
  <attribute name="Current GC Util Change" value="105.000000"/>
  <attribute name="Current Error" value="-25.000000" />
  <attribute name="Output H" value="394302408"/>
  <attribute name="Output I" value="1992"/>
  <attribute name="Output T" value="16"/>
  <attribute name= "Current Time Running" value="115307" />
  <attribute name="GC Util currently" value="105" />
  <attribute name="CPU Util currently" value="1211293631483" />
<exclusive-end id="5486" timestamp="2019-08-09T08:14:40.229" durationms="10.580" />

<exclusive-start id="5487" timestamp="2019-08-09T08:14:40.332" intervalms="114.183">
  <response-info timems="0.156" idlems="0.156" threads="0" lastid="0000000002428F00" lastname="Thread-49" />
</exclusive-start>
<allocation-taxation id="5488" taxation-threshold="106954752" timestamp="2019-08-09T08:14:40.332" intervalms="114.179" />
<cycle-start id="5489" type="partial gc" contextid="0" timestamp="2019-08-09T08:14:40.332" intervalms="114.177" />
<gc-start id="5490" type="partial gc" contextid="5489" timestamp="2019-08-09T08:14:40.333">
  <mem-info id="5491" free="136314880" total="404750336" percent="33">
    <mem type="eden" free="0" total="106954752" percent="0" />
    <remembered-set count="10240" freebytes="16140160" totalbytes="16181120" percent="99" regionsoverflowed="0" regionsstable="11" regionsrebuilding="0"/>
  </mem-info>
</gc-start>
<allocation-stats totalBytes="106913328" >
  <allocated-bytes non-tlh="40984" tlh="106872344" arrayletleaf="0"/>
  <largest-consumer threadName="Thread-47" threadId="0000000002425300" bytes="10624072" />
</allocation-stats>
<gc-op id="5492" type="copy forward" timems="9.456" contextid="5489" timestamp="2019-08-09T08:14:40.343">
  <memory-copied type="eden" objects="9886" bytes="3952384" bytesdiscarded="716680" />
  <memory-copied type="other" objects="26" bytes="1344" bytesdiscarded="0" />
  <memory-cardclean objects="3086" bytes="142112" />
  <regions eden="51" other="5" />
  <remembered-set-cleared processed="632" cleared="277" durationms="0.188" />
  <stringconstants candidates="15965" cleared="0"  />
</gc-op>
<gc-op id="5493" type="classunload" timems="0.010" contextid="5489" timestamp="2019-08-09T08:14:40.343">
  <classunload-info classloadercandidates="68" classloadersunloaded="0" classesunloaded="0" anonymousclassesunloaded="0" quiescems="0.000" setupms="0.010" scanms="0.000" postms="0.000" />
</gc-op>
<gc-end id="5494" type="partial gc" contextid="5489" durationms="10.527" usertimems="14.715" systemtimems="15.746" timestamp="2019-08-09T08:14:40.343" activeThreads="16">
  <mem-info id="5495" free="243269632" total="404750336" percent="60">
    <mem type="eden" free="1622144" total="6291456" percent="25" />
    <remembered-set count="6784" freebytes="16153984" totalbytes="16181120" percent="99" regionsoverflowed="0" regionsstable="11" regionsrebuilding="0"/>
  </mem-info>
</gc-end>
<cycle-end id="5496" type="partial gc" contextid="5489" timestamp="2019-08-09T08:14:40.343" />
  <attribute name="elasticGC enabled" value="1" />
  <attribute name= "numThreadsSpecified" value="16" />
  <attribute name="heapSize specified" value="0" />
  <attribute name="Current GC Util" value="139" />
  <attribute name= "Current Time Running" value="115421" />
  <attribute name ="GC Interval" value="0" />
  <attribute name="Target GC Util Change" value ="80.000000" />
  <attribute name="Current GC Util Change" value="139.000000"/>
  <attribute name="Current Error" value="-26.000000" />
  <attribute name="Output H" value="404788168"/>
  <attribute name="Output I" value="1992"/>
  <attribute name="Output T" value="16"/>
  <attribute name= "Current Time Running" value="115421" />
  <attribute name="GC Util currently" value="139" />
  <attribute name="CPU Util currently" value="2300165972817" />
<exclusive-end id="5497" timestamp="2019-08-09T08:14:40.343" durationms="11.244" />

<exclusive-start id="5498" timestamp="2019-08-09T08:14:40.417" intervalms="84.261">
  <response-info timems="0.127" idlems="0.127" threads="0" lastid="0000000002459E00" lastname="Thread-50" />
</exclusive-start>
<allocation-taxation id="5499" taxation-threshold="106954752" timestamp="2019-08-09T08:14:40.417" intervalms="84.258" />
<cycle-start id="5500" type="partial gc" contextid="0" timestamp="2019-08-09T08:14:40.417" intervalms="84.238" />
<gc-start id="5501" type="partial gc" contextid="5500" timestamp="2019-08-09T08:14:40.417">
  <mem-info id="5502" free="136314880" total="404750336" percent="33">
    <mem type="eden" free="0" total="106954752" percent="0" />
    <remembered-set count="6336" freebytes="16155776" totalbytes="16181120" percent="99" regionsoverflowed="0" regionsstable="11" regionsrebuilding="0"/>
  </mem-info>
</gc-start>
<allocation-stats totalBytes="106674264" >
  <allocated-bytes non-tlh="106528" tlh="106567736" arrayletleaf="0"/>
  <largest-consumer threadName="Thread-51" threadId="0000000002456200" bytes="9712864" />
</allocation-stats>
<gc-op id="5503" type="copy forward" timems="6.944" contextid="5500" timestamp="2019-08-09T08:14:40.425">
  <memory-copied type="eden" objects="8949" bytes="3599320" bytesdiscarded="563968" />
  <memory-copied type="other" objects="33" bytes="1792" bytesdiscarded="664" />
  <memory-cardclean objects="3079" bytes="141968" />
  <regions eden="51" other="4" />
  <remembered-set-cleared processed="635" cleared="281" durationms="0.163" />
  <references type="phantom" candidates="5" cleared="0" enqueued="0" />
  <stringconstants candidates="15965" cleared="0"  />
</gc-op>
<gc-op id="5504" type="classunload" timems="0.012" contextid="5500" timestamp="2019-08-09T08:14:40.425">
  <classunload-info classloadercandidates="68" classloadersunloaded="0" classesunloaded="0" anonymousclassesunloaded="0" quiescems="0.000" setupms="0.012" scanms="0.000" postms="0.000" />
</gc-op>
<gc-end id="5505" type="partial gc" contextid="5500" durationms="8.117" usertimems="11.975" systemtimems="8.037" timestamp="2019-08-09T08:14:40.425" activeThreads="8">
  <mem-info id="5506" free="243269632" total="404750336" percent="60">
    <mem type="eden" free="30720" total="4194304" percent="0" />
    <remembered-set count="8032" freebytes="16148992" totalbytes="16181120" percent="99" regionsoverflowed="0" regionsstable="11" regionsrebuilding="0"/>
  </mem-info>
</gc-end>
<cycle-end id="5507" type="partial gc" contextid="5500" timestamp="2019-08-09T08:14:40.425" />
  <attribute name="elasticGC enabled" value="1" />
  <attribute name= "numThreadsSpecified" value="8" />
  <attribute name="heapSize specified" value="0" />
  <attribute name="Current GC Util" value="113" />
  <attribute name= "Current Time Running" value="115505" />
  <attribute name ="GC Interval" value="0" />
  <attribute name="Target GC Util Change" value ="80.000000" />
  <attribute name="Current GC Util Change" value="113.000000"/>
  <attribute name="Current Error" value="-10.000000" />
  <attribute name="Output H" value="404788176"/>
  <attribute name="Output I" value="2000"/>
  <attribute name="Output T" value="8"/>
  <attribute name= "Current Time Running" value="115505" />
  <attribute name="GC Util currently" value="113" />
  <attribute name="CPU Util currently" value="1977922938183" />
<exclusive-end id="5508" timestamp="2019-08-09T08:14:40.425" durationms="8.808" />

<exclusive-start id="5509" timestamp="2019-08-09T08:14:40.524" intervalms="107.456">
  <response-info timems="0.487" idlems="0.487" threads="0" lastid="0000000002437E00" lastname="Thread-48" />
</exclusive-start>
<allocation-taxation id="5510" taxation-threshold="106954752" timestamp="2019-08-09T08:14:40.524" intervalms="107.448" />
<cycle-start id="5511" type="partial gc" contextid="0" timestamp="2019-08-09T08:14:40.524" intervalms="107.437" />
<gc-start id="5512" type="partial gc" contextid="5511" timestamp="2019-08-09T08:14:40.524">
  <mem-info id="5513" free="136314880" total="404750336" percent="33">
    <mem type="eden" free="0" total="106954752" percent="0" />
    <remembered-set count="7904" freebytes="16149504" totalbytes="16181120" percent="99" regionsoverflowed="0" regionsstable="11" regionsrebuilding="0"/>
  </mem-info>
</gc-start>
<allocation-stats totalBytes="106831688" >
  <allocated-bytes non-tlh="0" tlh="106831688" arrayletleaf="0"/>
  <largest-consumer threadName="Thread-46" threadId="0000000002461500" bytes="11282088" />
</allocation-stats>
<gc-op id="5514" type="copy forward" timems="15.816" contextid="5511" timestamp="2019-08-09T08:14:40.541">
  <memory-copied type="eden" objects="9913" bytes="3745992" bytesdiscarded="643600" />
  <memory-copied type="other" objects="24" bytes="1248" bytesdiscarded="664" />
  <memory-cardclean objects="3099" bytes="142808" />
  <regions eden="51" other="3" />
  <remembered-set-cleared processed="630" cleared="275" durationms="0.183" />
  <references type="phantom" candidates="1" cleared="0" enqueued="0" />
  <stringconstants candidates="15965" cleared="0"  />
</gc-op>
<gc-op id="5515" type="classunload" timems="0.011" contextid="5511" timestamp="2019-08-09T08:14:40.541">
  <classunload-info classloadercandidates="68" classloadersunloaded="0" classesunloaded="0" anonymousclassesunloaded="0" quiescems="0.000" setupms="0.011" scanms="0.000" postms="0.000" />
</gc-op>
<gc-end id="5516" type="partial gc" contextid="5511" durationms="17.103" usertimems="28.021" systemtimems="22.785" timestamp="2019-08-09T08:14:40.541" activeThreads="16">
  <mem-info id="5517" free="239075328" total="404750336" percent="59">
    <mem type="eden" free="1901608" total="6291456" percent="30" />
    <remembered-set count="9856" freebytes="16141696" totalbytes="16181120" percent="99" regionsoverflowed="0" regionsstable="11" regionsrebuilding="0"/>
  </mem-info>
</gc-end>
<cycle-end id="5518" type="partial gc" contextid="5511" timestamp="2019-08-09T08:14:40.541" />
  <attribute name="elasticGC enabled" value="1" />
  <attribute name= "numThreadsSpecified" value="16" />
  <attribute name="heapSize specified" value="0" />
  <attribute name="Current GC Util" value="106" />
  <attribute name= "Current Time Running" value="115613" />
  <attribute name ="GC Interval" value="0" />
  <attribute name="Target GC Util Change" value ="80.000000" />
  <attribute name="Current GC Util Change" value="106.000000"/>
  <attribute name="Current Error" value="-26.000000" />
  <attribute name="Output H" value="404788168"/>
  <attribute name="Output I" value="1992"/>
  <attribute name="Output T" value="16"/>
  <attribute name= "Current Time Running" value="115613" />
  <attribute name="GC Util currently" value="106" />
  <attribute name="CPU Util currently" value="1434779524094" />
<exclusive-end id="5519" timestamp="2019-08-09T08:14:40.542" durationms="17.671" />

<exclusive-start id="5520" timestamp="2019-08-09T08:14:40.599" intervalms="75.363">
  <response-info timems="0.473" idlems="0.473" threads="0" lastid="0000000002470500" lastname="Thread-39" />
</exclusive-start>
<allocation-taxation id="5521" taxation-threshold="106954752" timestamp="2019-08-09T08:14:40.599" intervalms="75.408" />
<cycle-start id="5522" type="partial gc" contextid="0" timestamp="2019-08-09T08:14:40.600" intervalms="75.504" />
<gc-start id="5523" type="partial gc" contextid="5522" timestamp="2019-08-09T08:14:40.600">
  <mem-info id="5524" free="132120576" total="404750336" percent="32">
    <mem type="eden" free="0" total="106954752" percent="0" />
    <remembered-set count="9856" freebytes="16141696" totalbytes="16181120" percent="99" regionsoverflowed="0" regionsstable="11" regionsrebuilding="0"/>
  </mem-info>
</gc-start>
<allocation-stats totalBytes="106858488" >
  <allocated-bytes non-tlh="114720" tlh="106743768" arrayletleaf="0"/>
  <largest-consumer threadName="Thread-39" threadId="0000000002470500" bytes="10411656" />
</allocation-stats>
<gc-op id="5525" type="copy forward" timems="18.616" contextid="5522" timestamp="2019-08-09T08:14:40.620">
  <memory-copied type="eden" objects="10097" bytes="4079608" bytesdiscarded="707040" />
  <memory-copied type="other" objects="24" bytes="864" bytesdiscarded="0" />
  <memory-cardclean objects="3129" bytes="144648" />
  <regions eden="51" other="4" />
  <remembered-set-cleared processed="629" cleared="274" durationms="0.173" />
  <references type="phantom" candidates="1" cleared="0" enqueued="0" />
  <stringconstants candidates="15965" cleared="0"  />
</gc-op>
<gc-op id="5526" type="classunload" timems="0.011" contextid="5522" timestamp="2019-08-09T08:14:40.620">
  <classunload-info classloadercandidates="68" classloadersunloaded="0" classesunloaded="0" anonymousclassesunloaded="0" quiescems="0.000" setupms="0.010" scanms="0.000" postms="0.000" />
</gc-op>
<heap-resize id="5527" type="expand" space="default" amount="14680064" count="1" timems="0.073" reason="excessive time being spent in gc" timestamp="2019-08-09T08:14:40.621" />
<gc-end id="5528" type="partial gc" contextid="5522" durationms="20.641" usertimems="25.936" systemtimems="29.272" timestamp="2019-08-09T08:14:40.621" activeThreads="16">
  <mem-info id="5529" free="251658240" total="419430400" percent="60">
    <mem type="eden" free="1504544" total="6291456" percent="23" />
    <remembered-set count="9344" freebytes="16730624" totalbytes="16768000" percent="99" regionsoverflowed="0" regionsstable="11" regionsrebuilding="0"/>
  </mem-info>
</gc-end>
<cycle-end id="5530" type="partial gc" contextid="5522" timestamp="2019-08-09T08:14:40.621" />
  <attribute name="elasticGC enabled" value="1" />
  <attribute name= "numThreadsSpecified" value="16" />
  <attribute name="heapSize specified" value="0" />
  <attribute name="Current GC Util" value="164" />
  <attribute name= "Current Time Running" value="115689" />
  <attribute name ="GC Interval" value="0" />
  <attribute name="Target GC Util Change" value ="80.000000" />
  <attribute name="Current GC Util Change" value="164.000000"/>
  <attribute name="Current Error" value="-89.000000" />
  <attribute name="Output H" value="404788128"/>
  <attribute name="Output I" value="1952"/>
  <attribute name="Output T" value="16"/>
  <attribute name= "Current Time Running" value="115689" />
  <attribute name="GC Util currently" value="164" />
  <attribute name="CPU Util currently" value="816514252532" />
<exclusive-end id="5531" timestamp="2019-08-09T08:14:40.621" durationms="21.618" />

<exclusive-start id="5532" timestamp="2019-08-09T08:14:40.697" intervalms="97.634">
  <response-info timems="0.996" idlems="0.996" threads="0" lastid="0000000002425300" lastname="Thread-47" />
</exclusive-start>
<allocation-taxation id="5533" taxation-threshold="111149056" timestamp="2019-08-09T08:14:40.697" intervalms="97.605" />
<cycle-start id="5534" type="partial gc" contextid="0" timestamp="2019-08-09T08:14:40.699" intervalms="99.048" />
<gc-start id="5535" type="partial gc" contextid="5534" timestamp="2019-08-09T08:14:40.699">
  <mem-info id="5536" free="140509184" total="419430400" percent="33">
    <mem type="eden" free="0" total="111149056" percent="0" />
    <remembered-set count="8896" freebytes="16732416" totalbytes="16768000" percent="99" regionsoverflowed="0" regionsstable="11" regionsrebuilding="0"/>
  </mem-info>
</gc-start>
<allocation-stats totalBytes="110938728" >
  <allocated-bytes non-tlh="40976" tlh="110897752" arrayletleaf="0"/>
  <largest-consumer threadName="Thread-42" threadId="000000000243BA00" bytes="13406640" />
</allocation-stats>
<gc-op id="5537" type="copy forward" timems="9.621" contextid="5534" timestamp="2019-08-09T08:14:40.711">
  <memory-copied type="eden" objects="9613" bytes="3832240" bytesdiscarded="800576" />
  <memory-copied type="other" objects="31" bytes="1568" bytesdiscarded="0" />
  <memory-cardclean objects="3118" bytes="143600" />
  <regions eden="53" other="4" />
  <remembered-set-cleared processed="627" cleared="269" durationms="0.159" />
  <references type="weak" candidates="1" cleared="0" enqueued="0" />
  <references type="phantom" candidates="5" cleared="0" enqueued="0" />
  <stringconstants candidates="15965" cleared="0"  />
</gc-op>
<gc-op id="5538" type="classunload" timems="0.010" contextid="5534" timestamp="2019-08-09T08:14:40.711">
  <classunload-info classloadercandidates="68" classloadersunloaded="0" classesunloaded="0" anonymousclassesunloaded="0" quiescems="0.000" setupms="0.010" scanms="0.000" postms="0.000" />
</gc-op>
<heap-resize id="5539" type="expand" space="default" amount="6291456" count="1" timems="0.062" reason="excessive time being spent in gc" timestamp="2019-08-09T08:14:40.711" />
<gc-end id="5540" type="partial gc" contextid="5534" durationms="12.379" usertimems="12.223" systemtimems="16.697" timestamp="2019-08-09T08:14:40.712" activeThreads="16">
  <mem-info id="5541" free="255852544" total="425721856" percent="60">
    <mem type="eden" free="1658352" total="6291456" percent="26" />
    <remembered-set count="7808" freebytes="16988288" totalbytes="17019520" percent="99" regionsoverflowed="0" regionsstable="11" regionsrebuilding="0"/>
  </mem-info>
</gc-end>
<cycle-end id="5542" type="partial gc" contextid="5534" timestamp="2019-08-09T08:14:40.712" />
  <attribute name="elasticGC enabled" value="1" />
  <attribute name= "numThreadsSpecified" value="16" />
  <attribute name="heapSize specified" value="0" />
  <attribute name="Current GC Util" value="263" />
  <attribute name= "Current Time Running" value="115789" />
  <attribute name ="GC Interval" value="0" />
  <attribute name="Target GC Util Change" value ="80.000000" />
  <attribute name="Current GC Util Change" value="263.000000"/>
  <attribute name="Current Error" value="-245.000000" />
  <attribute name="Output H" value="419468104"/>
  <attribute name="Output I" value="1864"/>
  <attribute name="Output T" value="16"/>
  <attribute name= "Current Time Running" value="115789" />
  <attribute name="GC Util currently" value="263" />
  <attribute name="CPU Util currently" value="546051367563" />
<exclusive-end id="5543" timestamp="2019-08-09T08:14:40.712" durationms="14.813" />

<exclusive-start id="5544" timestamp="2019-08-09T08:14:40.794" intervalms="96.549">
  <response-info timems="0.517" idlems="0.517" threads="0" lastid="0000000002456200" lastname="Thread-51" />
</exclusive-start>
<allocation-taxation id="5545" taxation-threshold="113246208" timestamp="2019-08-09T08:14:40.794" intervalms="96.902" />
<cycle-start id="5546" type="partial gc" contextid="0" timestamp="2019-08-09T08:14:40.794" intervalms="95.579" />
<gc-start id="5547" type="partial gc" contextid="5546" timestamp="2019-08-09T08:14:40.795">
  <mem-info id="5548" free="142606336" total="425721856" percent="33">
    <mem type="eden" free="0" total="113246208" percent="0" />
    <remembered-set count="7680" freebytes="16988800" totalbytes="17019520" percent="99" regionsoverflowed="0" regionsstable="11" regionsrebuilding="0"/>
  </mem-info>
</gc-start>
<allocation-stats totalBytes="113064976" >
  <allocated-bytes non-tlh="90152" tlh="112974824" arrayletleaf="0"/>
  <largest-consumer threadName="Thread-47" threadId="0000000002425300" bytes="11609832" />
</allocation-stats>
<gc-op id="5549" type="copy forward" timems="10.660" contextid="5546" timestamp="2019-08-09T08:14:40.806">
  <memory-copied type="eden" objects="9933" bytes="3945408" bytesdiscarded="499480" />
  <memory-copied type="other" objects="23" bytes="1280" bytesdiscarded="0" />
  <memory-cardclean objects="3103" bytes="143456" />
  <regions eden="54" other="4" />
  <remembered-set-cleared processed="645" cleared="286" durationms="0.232" />
  <references type="weak" candidates="1" cleared="0" enqueued="0" />
  <references type="phantom" candidates="2" cleared="0" enqueued="0" />
  <stringconstants candidates="15965" cleared="0"  />
</gc-op>
<gc-op id="5550" type="classunload" timems="0.009" contextid="5546" timestamp="2019-08-09T08:14:40.806">
  <classunload-info classloadercandidates="68" classloadersunloaded="0" classesunloaded="0" anonymousclassesunloaded="0" quiescems="0.000" setupms="0.008" scanms="0.000" postms="0.000" />
</gc-op>
<heap-resize id="5551" type="expand" space="default" amount="10485760" count="1" timems="0.063" reason="excessive time being spent in gc" timestamp="2019-08-09T08:14:40.806" />
<gc-end id="5552" type="partial gc" contextid="5546" durationms="11.953" usertimems="14.665" systemtimems="13.724" timestamp="2019-08-09T08:14:40.807" activeThreads="16">
  <mem-info id="5553" free="262144000" total="436207616" percent="60">
    <mem type="eden" free="3943456" total="8388608" percent="47" />
    <remembered-set count="8320" freebytes="17405440" totalbytes="17438720" percent="99" regionsoverflowed="0" regionsstable="11" regionsrebuilding="0"/>
  </mem-info>
</gc-end>
<cycle-end id="5554" type="partial gc" contextid="5546" timestamp="2019-08-09T08:14:40.807" />
  <attribute name="elasticGC enabled" value="1" />
  <attribute name= "numThreadsSpecified" value="16" />
  <attribute name="heapSize specified" value="0" />
  <attribute name="Current GC Util" value="136" />
  <attribute name= "Current Time Running" value="115883" />
  <attribute name ="GC Interval" value="0" />
  <attribute name="Target GC Util Change" value ="80.000000" />
  <attribute name="Current GC Util Change" value="136.000000"/>
  <attribute name="Current Error" value="-56.000000" />
  <attribute name="Output H" value="425759664"/>
  <attribute name="Output I" value="1968"/>
  <attribute name="Output T" value="16"/>
  <attribute name= "Current Time Running" value="115883" />
  <attribute name="GC Util currently" value="136" />
  <attribute name="CPU Util currently" value="1847467595189" />
<exclusive-end id="5555" timestamp="2019-08-09T08:14:40.807" durationms="13.227" />

<exclusive-start id="5556" timestamp="2019-08-09T08:14:40.895" intervalms="101.774">
  <response-info timems="4.513" idlems="4.513" threads="0" lastid="0000000002470500" lastname="Thread-39" />
</exclusive-start>
<allocation-taxation id="5557" taxation-threshold="115343360" timestamp="2019-08-09T08:14:40.895" intervalms="101.461" />
<cycle-start id="5558" type="partial gc" contextid="0" timestamp="2019-08-09T08:14:40.896" intervalms="101.321" />
<gc-start id="5559" type="partial gc" contextid="5558" timestamp="2019-08-09T08:14:40.897">
  <mem-info id="5560" free="146800640" total="436207616" percent="33">
    <mem type="eden" free="0" total="115343360" percent="0" />
    <remembered-set count="8288" freebytes="17405568" totalbytes="17438720" percent="99" regionsoverflowed="0" regionsstable="11" regionsrebuilding="0"/>
  </mem-info>
</gc-start>
<allocation-stats totalBytes="115156192" >
  <allocated-bytes non-tlh="81944" tlh="115074248" arrayletleaf="0"/>
  <largest-consumer threadName="Thread-51" threadId="0000000002456200" bytes="11354448" />
</allocation-stats>
<gc-op id="5561" type="copy forward" timems="10.815" contextid="5558" timestamp="2019-08-09T08:14:40.908">
  <memory-copied type="eden" objects="10412" bytes="4022736" bytesdiscarded="848504" />
  <memory-copied type="other" objects="22" bytes="1168" bytesdiscarded="0" />
  <memory-cardclean objects="3125" bytes="177464" />
  <regions eden="55" other="5" />
  <remembered-set-cleared processed="639" cleared="283" durationms="0.177" />
  <references type="phantom" candidates="2" cleared="0" enqueued="0" />
  <stringconstants candidates="15965" cleared="0"  />
</gc-op>
<gc-op id="5562" type="classunload" timems="0.016" contextid="5558" timestamp="2019-08-09T08:14:40.908">
  <classunload-info classloadercandidates="68" classloadersunloaded="0" classesunloaded="0" anonymousclassesunloaded="0" quiescems="0.000" setupms="0.016" scanms="0.000" postms="0.000" />
</gc-op>
<heap-resize id="5563" type="expand" space="default" amount="4194304" count="1" timems="0.057" reason="excessive time being spent in gc" timestamp="2019-08-09T08:14:40.909" />
<gc-end id="5564" type="partial gc" contextid="5558" durationms="12.088" usertimems="15.666" systemtimems="20.703" timestamp="2019-08-09T08:14:40.909" activeThreads="16">
  <mem-info id="5565" free="264241152" total="440401920" percent="60">
    <mem type="eden" free="3517096" total="8388608" percent="41" />
    <remembered-set count="8320" freebytes="17573120" totalbytes="17606400" percent="99" regionsoverflowed="0" regionsstable="11" regionsrebuilding="0"/>
  </mem-info>
</gc-end>
<cycle-end id="5566" type="partial gc" contextid="5558" timestamp="2019-08-09T08:14:40.909" />
  <attribute name="elasticGC enabled" value="1" />
  <attribute name= "numThreadsSpecified" value="16" />
  <attribute name="heapSize specified" value="0" />
  <attribute name="Current GC Util" value="126" />
  <attribute name= "Current Time Running" value="115985" />
  <attribute name ="GC Interval" value="0" />
  <attribute name="Target GC Util Change" value ="80.000000" />
  <attribute name="Current GC Util Change" value="126.000000"/>
  <attribute name="Current Error" value="-47.000000" />
  <attribute name="Output H" value="436245432"/>
  <attribute name="Output I" value="1976"/>
  <attribute name="Output T" value="16"/>
  <attribute name= "Current Time Running" value="115985" />
  <attribute name="GC Util currently" value="126" />
  <attribute name="CPU Util currently" value="1912705326990" />
<exclusive-end id="5567" timestamp="2019-08-09T08:14:40.909" durationms="13.625" />

<exclusive-start id="5568" timestamp="2019-08-09T08:14:41.017" intervalms="121.867">
  <response-info timems="0.199" idlems="0.102" threads="1" lastid="0000000002459E00" lastname="Thread-50" />
</exclusive-start>
<allocation-taxation id="5569" taxation-threshold="117440512" timestamp="2019-08-09T08:14:41.017" intervalms="121.810" />
<cycle-start id="5570" type="partial gc" contextid="0" timestamp="2019-08-09T08:14:41.017" intervalms="121.736" />
<gc-start id="5571" type="partial gc" contextid="5570" timestamp="2019-08-09T08:14:41.018">
  <mem-info id="5572" free="146800640" total="440401920" percent="33">
    <mem type="eden" free="0" total="117440512" percent="0" />
    <remembered-set count="8320" freebytes="17573120" totalbytes="17606400" percent="99" regionsoverflowed="0" regionsstable="11" regionsrebuilding="0"/>
  </mem-info>
</gc-start>
<allocation-stats totalBytes="117338512" >
  <allocated-bytes non-tlh="16392" tlh="117322120" arrayletleaf="0"/>
  <largest-consumer threadName="Thread-48" threadId="0000000002437E00" bytes="14150080" />
</allocation-stats>
<gc-op id="5573" type="copy forward" timems="10.735" contextid="5570" timestamp="2019-08-09T08:14:41.030">
  <memory-copied type="eden" objects="10422" bytes="4047936" bytesdiscarded="777344" />
  <memory-copied type="other" objects="34" bytes="1600" bytesdiscarded="0" />
  <memory-cardclean objects="3078" bytes="142920" />
  <regions eden="56" other="5" />
  <remembered-set-cleared processed="646" cleared="285" durationms="0.581" />
  <references type="phantom" candidates="1" cleared="0" enqueued="0" />
  <stringconstants candidates="15965" cleared="0"  />
</gc-op>
<gc-op id="5574" type="classunload" timems="0.011" contextid="5570" timestamp="2019-08-09T08:14:41.030">
  <classunload-info classloadercandidates="68" classloadersunloaded="0" classesunloaded="0" anonymousclassesunloaded="0" quiescems="0.000" setupms="0.011" scanms="0.000" postms="0.000" />
</gc-op>
<gc-end id="5575" type="partial gc" contextid="5570" durationms="12.740" usertimems="20.980" systemtimems="10.232" timestamp="2019-08-09T08:14:41.030" activeThreads="16">
  <mem-info id="5576" free="264241152" total="440401920" percent="60">
    <mem type="eden" free="1465912" total="6291456" percent="23" />
    <remembered-set count="7808" freebytes="17575168" totalbytes="17606400" percent="99" regionsoverflowed="0" regionsstable="11" regionsrebuilding="0"/>
  </mem-info>
</gc-end>
<cycle-end id="5577" type="partial gc" contextid="5570" timestamp="2019-08-09T08:14:41.030" />
  <attribute name="elasticGC enabled" value="1" />
  <attribute name= "numThreadsSpecified" value="16" />
  <attribute name="heapSize specified" value="0" />
  <attribute name="Current GC Util" value="202" />
  <attribute name= "Current Time Running" value="116107" />
  <attribute name ="GC Interval" value="0" />
  <attribute name="Target GC Util Change" value ="80.000000" />
  <attribute name="Current GC Util Change" value="202.000000"/>
  <attribute name="Current Error" value="-113.000000" />
  <attribute name="Output H" value="440439696"/>
  <attribute name="Output I" value="1936"/>
  <attribute name="Output T" value="16"/>
  <attribute name= "Current Time Running" value="116107" />
  <attribute name="GC Util currently" value="202" />
  <attribute name="CPU Util currently" value="911708775574" />
<exclusive-end id="5578" timestamp="2019-08-09T08:14:41.030" durationms="13.325" />

<exclusive-start id="5579" timestamp="2019-08-09T08:14:41.112" intervalms="94.939">
  <response-info timems="0.553" idlems="0.287" threads="1" lastid="000000000246C900" lastname="Thread-52" />
</exclusive-start>
<allocation-taxation id="5580" taxation-threshold="117440512" timestamp="2019-08-09T08:14:41.112" intervalms="94.940" />
<cycle-start id="5581" type="partial gc" contextid="0" timestamp="2019-08-09T08:14:41.112" intervalms="94.985" />
<gc-start id="5582" type="partial gc" contextid="5581" timestamp="2019-08-09T08:14:41.113">
  <mem-info id="5583" free="146800640" total="440401920" percent="33">
    <mem type="eden" free="0" total="117440512" percent="0" />
    <remembered-set count="7424" freebytes="17576704" totalbytes="17606400" percent="99" regionsoverflowed="0" regionsstable="11" regionsrebuilding="0"/>
  </mem-info>
</gc-start>
<allocation-stats totalBytes="117370288" >
  <allocated-bytes non-tlh="98336" tlh="117271952" arrayletleaf="0"/>
  <largest-consumer threadName="Thread-38" threadId="0000000002474100" bytes="11524800" />
</allocation-stats>
<gc-op id="5584" type="copy forward" timems="10.619" contextid="5581" timestamp="2019-08-09T08:14:41.126">
  <memory-copied type="eden" objects="10277" bytes="4066680" bytesdiscarded="755272" />
  <memory-copied type="other" objects="16" bytes="576" bytesdiscarded="0" />
  <memory-cardclean objects="3123" bytes="144432" />
  <regions eden="56" other="4" />
  <remembered-set-cleared processed="648" cleared="288" durationms="0.364" />
  <references type="weak" candidates="2" cleared="0" enqueued="0" />
  <references type="phantom" candidates="2" cleared="0" enqueued="0" />
  <stringconstants candidates="15965" cleared="0"  />
</gc-op>
<gc-op id="5585" type="classunload" timems="0.011" contextid="5581" timestamp="2019-08-09T08:14:41.126">
  <classunload-info classloadercandidates="68" classloadersunloaded="0" classesunloaded="0" anonymousclassesunloaded="0" quiescems="0.000" setupms="0.011" scanms="0.000" postms="0.000" />
</gc-op>
<gc-end id="5586" type="partial gc" contextid="5581" durationms="13.787" usertimems="21.379" systemtimems="18.796" timestamp="2019-08-09T08:14:41.126" activeThreads="16">
  <mem-info id="5587" free="262144000" total="440401920" percent="59">
    <mem type="eden" free="1469248" total="6291456" percent="23" />
    <remembered-set count="8832" freebytes="17571072" totalbytes="17606400" percent="99" regionsoverflowed="0" regionsstable="11" regionsrebuilding="0"/>
  </mem-info>
</gc-end>
<cycle-end id="5588" type="partial gc" contextid="5581" timestamp="2019-08-09T08:14:41.127" />
  <attribute name="elasticGC enabled" value="1" />
  <attribute name= "numThreadsSpecified" value="16" />
  <attribute name="heapSize specified" value="0" />
  <attribute name="Current GC Util" value="182" />
  <attribute name= "Current Time Running" value="116203" />
  <attribute name ="GC Interval" value="0" />
  <attribute name="Target GC Util Change" value ="80.000000" />
  <attribute name="Current GC Util Change" value="182.000000"/>
  <attribute name="Current Error" value="-102.000000" />
  <attribute name="Output H" value="440439704"/>
  <attribute name="Output I" value="1944"/>
  <attribute name="Output T" value="16"/>
  <attribute name= "Current Time Running" value="116203" />
  <attribute name="GC Util currently" value="182" />
  <attribute name="CPU Util currently" value="719317063650" />
<exclusive-end id="5589" timestamp="2019-08-09T08:14:41.127" durationms="14.542" />

<exclusive-start id="5590" timestamp="2019-08-09T08:14:41.214" intervalms="102.186">
  <response-info timems="0.116" idlems="0.116" threads="0" lastid="0000000002461500" lastname="Thread-46" />
</exclusive-start>
<allocation-taxation id="5591" taxation-threshold="117440512" timestamp="2019-08-09T08:14:41.214" intervalms="102.187" />
<cycle-start id="5592" type="partial gc" contextid="0" timestamp="2019-08-09T08:14:41.214" intervalms="102.130" />
<gc-start id="5593" type="partial gc" contextid="5592" timestamp="2019-08-09T08:14:41.215">
  <mem-info id="5594" free="144703488" total="440401920" percent="32">
    <mem type="eden" free="0" total="117440512" percent="0" />
    <remembered-set count="8768" freebytes="17571328" totalbytes="17606400" percent="99" regionsoverflowed="0" regionsstable="11" regionsrebuilding="0"/>
  </mem-info>
</gc-start>
<allocation-stats totalBytes="117290640" >
  <allocated-bytes non-tlh="0" tlh="117290640" arrayletleaf="0"/>
  <largest-consumer threadName="Thread-38" threadId="0000000002474100" bytes="12229664" />
</allocation-stats>
<gc-op id="5595" type="copy forward" timems="10.456" contextid="5592" timestamp="2019-08-09T08:14:41.227">
  <memory-copied type="eden" objects="9704" bytes="3915808" bytesdiscarded="727024" />
  <memory-copied type="other" objects="24" bytes="864" bytesdiscarded="0" />
  <memory-cardclean objects="3076" bytes="142536" />
  <regions eden="56" other="4" />
  <remembered-set-cleared processed="634" cleared="271" durationms="0.208" />
  <references type="phantom" candidates="1" cleared="0" enqueued="0" />
  <stringconstants candidates="15965" cleared="0"  />
</gc-op>
<gc-op id="5596" type="classunload" timems="0.014" contextid="5592" timestamp="2019-08-09T08:14:41.227">
  <classunload-info classloadercandidates="68" classloadersunloaded="0" classesunloaded="0" anonymousclassesunloaded="0" quiescems="0.000" setupms="0.014" scanms="0.000" postms="0.000" />
</gc-op>
<gc-end id="5597" type="partial gc" contextid="5592" durationms="12.722" usertimems="21.943" systemtimems="8.603" timestamp="2019-08-09T08:14:41.227" activeThreads="16">
  <mem-info id="5598" free="262144000" total="440401920" percent="59">
    <mem type="eden" free="1648352" total="6291456" percent="26" />
    <remembered-set count="8320" freebytes="17573120" totalbytes="17606400" percent="99" regionsoverflowed="0" regionsstable="11" regionsrebuilding="0"/>
  </mem-info>
</gc-end>
<cycle-end id="5599" type="partial gc" contextid="5592" timestamp="2019-08-09T08:14:41.227" />
  <attribute name="elasticGC enabled" value="1" />
  <attribute name= "numThreadsSpecified" value="16" />
  <attribute name="heapSize specified" value="0" />
  <attribute name="Current GC Util" value="216" />
  <attribute name= "Current Time Running" value="116304" />
  <attribute name ="GC Interval" value="0" />
  <attribute name="Target GC Util Change" value ="80.000000" />
  <attribute name="Current GC Util Change" value="216.000000"/>
  <attribute name="Current Error" value="-186.000000" />
  <attribute name="Output H" value="440439656"/>
  <attribute name="Output I" value="1896"/>
  <attribute name="Output T" value="16"/>
  <attribute name= "Current Time Running" value="116304" />
  <attribute name="GC Util currently" value="216" />
  <attribute name="CPU Util currently" value="735032112498" />
<exclusive-end id="5600" timestamp="2019-08-09T08:14:41.228" durationms="13.465" />

<exclusive-start id="5601" timestamp="2019-08-09T08:14:41.305" intervalms="90.831">
  <response-info timems="0.129" idlems="0.129" threads="0" lastid="0000000002474100" lastname="Thread-38" />
</exclusive-start>
<allocation-taxation id="5602" taxation-threshold="117440512" timestamp="2019-08-09T08:14:41.305" intervalms="90.832" />
<cycle-start id="5603" type="partial gc" contextid="0" timestamp="2019-08-09T08:14:41.305" intervalms="90.843" />
<gc-start id="5604" type="partial gc" contextid="5603" timestamp="2019-08-09T08:14:41.306">
  <mem-info id="5605" free="144703488" total="440401920" percent="32">
    <mem type="eden" free="0" total="117440512" percent="0" />
    <remembered-set count="7872" freebytes="17574912" totalbytes="17606400" percent="99" regionsoverflowed="0" regionsstable="11" regionsrebuilding="0"/>
  </mem-info>
</gc-start>
<allocation-stats totalBytes="117155080" >
  <allocated-bytes non-tlh="0" tlh="117155080" arrayletleaf="0"/>
  <largest-consumer threadName="Thread-43" threadId="0000000002430600" bytes="13325312" />
</allocation-stats>
<gc-op id="5606" type="copy forward" timems="9.073" contextid="5603" timestamp="2019-08-09T08:14:41.317">
  <memory-copied type="eden" objects="9590" bytes="3920168" bytesdiscarded="792376" />
  <memory-copied type="other" objects="28" bytes="1008" bytesdiscarded="0" />
  <memory-cardclean objects="3122" bytes="144672" />
  <regions eden="56" other="4" />
  <remembered-set-cleared processed="633" cleared="272" durationms="0.173" />
  <references type="phantom" candidates="3" cleared="0" enqueued="0" />
  <stringconstants candidates="15965" cleared="0"  />
</gc-op>
<gc-op id="5607" type="classunload" timems="0.010" contextid="5603" timestamp="2019-08-09T08:14:41.317">
  <classunload-info classloadercandidates="68" classloadersunloaded="0" classesunloaded="0" anonymousclassesunloaded="0" quiescems="0.000" setupms="0.010" scanms="0.000" postms="0.000" />
</gc-op>
<heap-resize id="5608" type="expand" space="default" amount="16777216" count="1" timems="0.092" reason="excessive time being spent in gc" timestamp="2019-08-09T08:14:41.317" />
<gc-end id="5609" type="partial gc" contextid="5603" durationms="11.979" usertimems="21.691" systemtimems="10.204" timestamp="2019-08-09T08:14:41.317" activeThreads="16">
  <mem-info id="5610" free="274726912" total="457179136" percent="60">
    <mem type="eden" free="3675784" total="8388608" percent="43" />
    <remembered-set count="9856" freebytes="18237696" totalbytes="18277120" percent="99" regionsoverflowed="0" regionsstable="11" regionsrebuilding="0"/>
  </mem-info>
</gc-end>
<cycle-end id="5611" type="partial gc" contextid="5603" timestamp="2019-08-09T08:14:41.318" />
  <attribute name="elasticGC enabled" value="1" />
  <attribute name= "numThreadsSpecified" value="16" />
  <attribute name="heapSize specified" value="0" />
  <attribute name="Current GC Util" value="219" />
  <attribute name= "Current Time Running" value="116395" />
  <attribute name ="GC Interval" value="0" />
  <attribute name="Target GC Util Change" value ="80.000000" />
  <attribute name="Current GC Util Change" value="219.000000"/>
  <attribute name="Current Error" value="-275.000000" />
  <attribute name="Output H" value="440439608"/>
  <attribute name="Output I" value="1848"/>
  <attribute name="Output T" value="16"/>
  <attribute name= "Current Time Running" value="116395" />
  <attribute name="GC Util currently" value="219" />
  <attribute name="CPU Util currently" value="524969100367" />
<exclusive-end id="5612" timestamp="2019-08-09T08:14:41.318" durationms="12.596" />

<exclusive-start id="5613" timestamp="2019-08-09T08:14:41.435" intervalms="129.463">
  <response-info timems="5.711" idlems="5.711" threads="0" lastid="0000000002461500" lastname="Thread-46" />
</exclusive-start>
<allocation-taxation id="5614" taxation-threshold="121634816" timestamp="2019-08-09T08:14:41.435" intervalms="129.754" />
<cycle-start id="5615" type="partial gc" contextid="0" timestamp="2019-08-09T08:14:41.435" intervalms="129.776" />
<gc-start id="5616" type="partial gc" contextid="5615" timestamp="2019-08-09T08:14:41.435">
  <mem-info id="5617" free="153092096" total="457179136" percent="33">
    <mem type="eden" free="0" total="121634816" percent="0" />
    <remembered-set count="9376" freebytes="18239616" totalbytes="18277120" percent="99" regionsoverflowed="0" regionsstable="11" regionsrebuilding="0"/>
  </mem-info>
</gc-start>
<allocation-stats totalBytes="121450168" >
  <allocated-bytes non-tlh="8200" tlh="121441968" arrayletleaf="0"/>
  <largest-consumer threadName="Thread-39" threadId="0000000002470500" bytes="10932792" />
</allocation-stats>
<gc-op id="5618" type="copy forward" timems="11.092" contextid="5615" timestamp="2019-08-09T08:14:41.447">
  <memory-copied type="eden" objects="10262" bytes="4053928" bytesdiscarded="804160" />
  <memory-copied type="other" objects="20" bytes="720" bytesdiscarded="0" />
  <memory-cardclean objects="3108" bytes="176584" />
  <regions eden="58" other="5" />
  <remembered-set-cleared processed="629" cleared="266" durationms="0.142" />
  <references type="phantom" candidates="3" cleared="0" enqueued="0" />
  <stringconstants candidates="15965" cleared="0"  />
</gc-op>
<gc-op id="5619" type="classunload" timems="0.013" contextid="5615" timestamp="2019-08-09T08:14:41.447">
  <classunload-info classloadercandidates="68" classloadersunloaded="0" classesunloaded="0" anonymousclassesunloaded="0" quiescems="0.000" setupms="0.013" scanms="0.000" postms="0.000" />
</gc-op>
<gc-end id="5620" type="partial gc" contextid="5615" durationms="12.271" usertimems="13.923" systemtimems="19.913" timestamp="2019-08-09T08:14:41.447" activeThreads="16">
  <mem-info id="5621" free="272629760" total="457179136" percent="59">
    <mem type="eden" free="3530240" total="8388608" percent="42" />
    <remembered-set count="10368" freebytes="18235648" totalbytes="18277120" percent="99" regionsoverflowed="0" regionsstable="11" regionsrebuilding="0"/>
  </mem-info>
</gc-end>
<cycle-end id="5622" type="partial gc" contextid="5615" timestamp="2019-08-09T08:14:41.448" />
  <attribute name="elasticGC enabled" value="1" />
  <attribute name= "numThreadsSpecified" value="16" />
  <attribute name="heapSize specified" value="0" />
  <attribute name="Current GC Util" value="130" />
  <attribute name= "Current Time Running" value="116523" />
  <attribute name ="GC Interval" value="0" />
  <attribute name="Target GC Util Change" value ="80.000000" />
  <attribute name="Current GC Util Change" value="130.000000"/>
  <attribute name="Current Error" value="-50.000000" />
  <attribute name="Output H" value="457216952"/>
  <attribute name="Output I" value="1976"/>
  <attribute name="Output T" value="16"/>
  <attribute name= "Current Time Running" value="116523" />
  <attribute name="GC Util currently" value="130" />
  <attribute name="CPU Util currently" value="1830414560790" />
<exclusive-end id="5623" timestamp="2019-08-09T08:14:41.448" durationms="13.141" />

<exclusive-start id="5624" timestamp="2019-08-09T08:14:41.548" intervalms="113.910">
  <response-info timems="1.150" idlems="1.150" threads="0" lastid="0000000002434200" lastname="Thread-44" />
</exclusive-start>
<allocation-taxation id="5625" taxation-threshold="121634816" timestamp="2019-08-09T08:14:41.549" intervalms="113.731" />
<cycle-start id="5626" type="partial gc" contextid="0" timestamp="2019-08-09T08:14:41.549" intervalms="113.698" />
<gc-start id="5627" type="partial gc" contextid="5626" timestamp="2019-08-09T08:14:41.550">
  <mem-info id="5628" free="150994944" total="457179136" percent="33">
    <mem type="eden" free="0" total="121634816" percent="0" />
    <remembered-set count="9920" freebytes="18237440" totalbytes="18277120" percent="99" regionsoverflowed="0" regionsstable="11" regionsrebuilding="0"/>
  </mem-info>
</gc-start>
<allocation-stats totalBytes="121458368" >
  <allocated-bytes non-tlh="98328" tlh="121360040" arrayletleaf="0"/>
  <largest-consumer threadName="Thread-48" threadId="0000000002437E00" bytes="13312344" />
</allocation-stats>
<gc-op id="5629" type="copy forward" timems="10.929" contextid="5626" timestamp="2019-08-09T08:14:41.562">
  <memory-copied type="eden" objects="10145" bytes="4067048" bytesdiscarded="753024" />
  <memory-copied type="other" objects="33" bytes="1264" bytesdiscarded="0" />
  <memory-cardclean objects="3071" bytes="142160" />
  <regions eden="58" other="5" />
  <remembered-set-cleared processed="636" cleared="271" durationms="0.162" />
  <references type="phantom" candidates="2" cleared="0" enqueued="0" />
  <stringconstants candidates="15965" cleared="0"  />
</gc-op>
<gc-op id="5630" type="classunload" timems="0.011" contextid="5626" timestamp="2019-08-09T08:14:41.562">
  <classunload-info classloadercandidates="68" classloadersunloaded="0" classesunloaded="0" anonymousclassesunloaded="0" quiescems="0.000" setupms="0.011" scanms="0.000" postms="0.000" />
</gc-op>
<gc-end id="5631" type="partial gc" contextid="5626" durationms="11.920" usertimems="22.070" systemtimems="10.239" timestamp="2019-08-09T08:14:41.562" activeThreads="16">
  <mem-info id="5632" free="272629760" total="457179136" percent="59">
    <mem type="eden" free="1471112" total="6291456" percent="23" />
    <remembered-set count="9856" freebytes="18237696" totalbytes="18277120" percent="99" regionsoverflowed="0" regionsstable="11" regionsrebuilding="0"/>
  </mem-info>
</gc-end>
<cycle-end id="5633" type="partial gc" contextid="5626" timestamp="2019-08-09T08:14:41.562" />
  <attribute name="elasticGC enabled" value="1" />
  <attribute name= "numThreadsSpecified" value="16" />
  <attribute name="heapSize specified" value="0" />
  <attribute name="Current GC Util" value="154" />
  <attribute name= "Current Time Running" value="116638" />
  <attribute name ="GC Interval" value="0" />
  <attribute name="Target GC Util Change" value ="80.000000" />
  <attribute name="Current GC Util Change" value="154.000000"/>
  <attribute name="Current Error" value="-73.000000" />
  <attribute name="Output H" value="457216936"/>
  <attribute name="Output I" value="1960"/>
  <attribute name="Output T" value="16"/>
  <attribute name= "Current Time Running" value="116638" />
  <attribute name="GC Util currently" value="154" />
  <attribute name="CPU Util currently" value="2558477033778" />
<exclusive-end id="5634" timestamp="2019-08-09T08:14:41.562" durationms="13.528" />

<exclusive-start id="5635" timestamp="2019-08-09T08:14:41.679" intervalms="130.039">
  <response-info timems="0.758" idlems="0.758" threads="0" lastid="0000000002456200" lastname="Thread-51" />
</exclusive-start>
<allocation-taxation id="5636" taxation-threshold="121634816" timestamp="2019-08-09T08:14:41.679" intervalms="130.042" />
<cycle-start id="5637" type="partial gc" contextid="0" timestamp="2019-08-09T08:14:41.679" intervalms="130.196" />
<gc-start id="5638" type="partial gc" contextid="5637" timestamp="2019-08-09T08:14:41.679">
  <mem-info id="5639" free="150994944" total="457179136" percent="33">
    <mem type="eden" free="0" total="121634816" percent="0" />
    <remembered-set count="9824" freebytes="18237824" totalbytes="18277120" percent="99" regionsoverflowed="0" regionsstable="11" regionsrebuilding="0"/>
  </mem-info>
</gc-start>
<allocation-stats totalBytes="121460360" >
  <allocated-bytes non-tlh="49176" tlh="121411184" arrayletleaf="0"/>
  <largest-consumer threadName="Thread-52" threadId="000000000246C900" bytes="12675408" />
</allocation-stats>
<gc-op id="5640" type="copy forward" timems="11.347" contextid="5637" timestamp="2019-08-09T08:14:41.691">
  <memory-copied type="eden" objects="9341" bytes="3665616" bytesdiscarded="482968" />
  <memory-copied type="other" objects="25" bytes="976" bytesdiscarded="0" />
  <memory-cardclean objects="3086" bytes="175912" />
  <regions eden="58" other="4" />
  <remembered-set-cleared processed="639" cleared="276" durationms="0.168" />
  <references type="phantom" candidates="4" cleared="0" enqueued="0" />
  <stringconstants candidates="15965" cleared="0"  />
</gc-op>
<gc-op id="5641" type="classunload" timems="0.013" contextid="5637" timestamp="2019-08-09T08:14:41.692">
  <classunload-info classloadercandidates="68" classloadersunloaded="0" classesunloaded="0" anonymousclassesunloaded="0" quiescems="0.000" setupms="0.013" scanms="0.000" postms="0.000" />
</gc-op>
<gc-end id="5642" type="partial gc" contextid="5637" durationms="12.538" usertimems="12.554" systemtimems="19.496" timestamp="2019-08-09T08:14:41.692" activeThreads="16">
  <mem-info id="5643" free="266338304" total="457179136" percent="58">
    <mem type="eden" free="6336888" total="10485760" percent="60" />
    <remembered-set count="9856" freebytes="18237696" totalbytes="18277120" percent="99" regionsoverflowed="0" regionsstable="11" regionsrebuilding="0"/>
  </mem-info>
</gc-end>
<cycle-end id="5644" type="partial gc" contextid="5637" timestamp="2019-08-09T08:14:41.692" />
  <attribute name="elasticGC enabled" value="1" />
  <attribute name= "numThreadsSpecified" value="16" />
  <attribute name="heapSize specified" value="0" />
  <attribute name="Current GC Util" value="0" />
  <attribute name= "Current Time Running" value="116767" />
  <attribute name ="GC Interval" value="0" />
  <attribute name="Target GC Util Change" value ="80.000000" />
  <attribute name="Current GC Util Change" value="0.000000"/>
  <attribute name="Current Error" value="63.000000" />
  <attribute name="Output H" value="457217016"/>
  <attribute name="Output I" value="2040"/>
  <attribute name="Output T" value="16"/>
  <attribute name= "Current Time Running" value="116767" />
  <attribute name="GC Util currently" value="0" />
  <attribute name="CPU Util currently" value="1706373344695" />
<exclusive-end id="5645" timestamp="2019-08-09T08:14:41.692" durationms="13.469" />

<exclusive-start id="5646" timestamp="2019-08-09T08:14:41.772" intervalms="93.554">
  <response-info timems="0.444" idlems="0.444" threads="0" lastid="0000000002470500" lastname="Thread-39" />
</exclusive-start>
<allocation-taxation id="5647" taxation-threshold="121634816" timestamp="2019-08-09T08:14:41.772" intervalms="93.444" />
<cycle-start id="5648" type="partial gc" contextid="0" timestamp="2019-08-09T08:14:41.772" intervalms="93.267" />
<gc-start id="5649" type="partial gc" contextid="5648" timestamp="2019-08-09T08:14:41.772">
  <mem-info id="5650" free="144703488" total="457179136" percent="31">
    <mem type="eden" free="0" total="121634816" percent="0" />
    <remembered-set count="9408" freebytes="18239488" totalbytes="18277120" percent="99" regionsoverflowed="0" regionsstable="11" regionsrebuilding="0"/>
  </mem-info>
</gc-start>
<allocation-stats totalBytes="121482160" >
  <allocated-bytes non-tlh="0" tlh="121482160" arrayletleaf="0"/>
  <largest-consumer threadName="Thread-43" threadId="0000000002430600" bytes="14386064" />
</allocation-stats>
<gc-op id="5651" type="copy forward" timems="12.175" contextid="5648" timestamp="2019-08-09T08:14:41.786">
  <memory-copied type="eden" objects="9933" bytes="3893568" bytesdiscarded="695528" />
  <memory-copied type="other" objects="20" bytes="720" bytesdiscarded="0" />
  <memory-cardclean objects="3110" bytes="176640" />
  <regions eden="58" other="6" />
  <remembered-set-cleared processed="626" cleared="264" durationms="0.485" />
  <references type="weak" candidates="1" cleared="0" enqueued="0" />
  <references type="phantom" candidates="4" cleared="0" enqueued="0" />
  <stringconstants candidates="15965" cleared="0"  />
</gc-op>
<gc-op id="5652" type="classunload" timems="0.010" contextid="5648" timestamp="2019-08-09T08:14:41.786">
  <classunload-info classloadercandidates="68" classloadersunloaded="0" classesunloaded="0" anonymousclassesunloaded="0" quiescems="0.000" setupms="0.010" scanms="0.000" postms="0.000" />
</gc-op>
<gc-end id="5653" type="partial gc" contextid="5648" durationms="13.342" usertimems="19.251" systemtimems="16.565" timestamp="2019-08-09T08:14:41.786" activeThreads="16">
  <mem-info id="5654" free="268435456" total="457179136" percent="58">
    <mem type="eden" free="1702080" total="6291456" percent="27" />
    <remembered-set count="8320" freebytes="18243840" totalbytes="18277120" percent="99" regionsoverflowed="0" regionsstable="11" regionsrebuilding="0"/>
  </mem-info>
</gc-end>
<cycle-end id="5655" type="partial gc" contextid="5648" timestamp="2019-08-09T08:14:41.786" />
  <attribute name="elasticGC enabled" value="1" />
  <attribute name= "numThreadsSpecified" value="16" />
  <attribute name="heapSize specified" value="0" />
  <attribute name="Current GC Util" value="119" />
  <attribute name= "Current Time Running" value="116861" />
  <attribute name ="GC Interval" value="0" />
  <attribute name="Target GC Util Change" value ="80.000000" />
  <attribute name="Current GC Util Change" value="119.000000"/>
  <attribute name="Current Error" value="-39.000000" />
  <attribute name="Output H" value="457216960"/>
  <attribute name="Output I" value="1984"/>
  <attribute name="Output T" value="16"/>
  <attribute name= "Current Time Running" value="116861" />
  <attribute name="GC Util currently" value="119" />
  <attribute name="CPU Util currently" value="1793877355126" />
<exclusive-end id="5656" timestamp="2019-08-09T08:14:41.786" durationms="13.897" />

<exclusive-start id="5657" timestamp="2019-08-09T08:14:41.882" intervalms="110.196">
  <response-info timems="3.564" idlems="3.564" threads="0" lastid="0000000002430600" lastname="Thread-43" />
</exclusive-start>
<allocation-taxation id="5658" taxation-threshold="121634816" timestamp="2019-08-09T08:14:41.882" intervalms="110.194" />
<cycle-start id="5659" type="partial gc" contextid="0" timestamp="2019-08-09T08:14:41.882" intervalms="110.212" />
<gc-start id="5660" type="partial gc" contextid="5659" timestamp="2019-08-09T08:14:41.883">
  <mem-info id="5661" free="146800640" total="457179136" percent="32">
    <mem type="eden" free="0" total="121634816" percent="0" />
    <remembered-set count="8320" freebytes="18243840" totalbytes="18277120" percent="99" regionsoverflowed="0" regionsstable="11" regionsrebuilding="0"/>
  </mem-info>
</gc-start>
<allocation-stats totalBytes="121404272" >
  <allocated-bytes non-tlh="32776" tlh="121371496" arrayletleaf="0"/>
  <largest-consumer threadName="Thread-51" threadId="0000000002456200" bytes="10514680" />
</allocation-stats>
<gc-op id="5662" type="copy forward" timems="11.356" contextid="5659" timestamp="2019-08-09T08:14:41.895">
  <memory-copied type="eden" objects="9539" bytes="3818160" bytesdiscarded="711880" />
  <memory-copied type="other" objects="13" bytes="536" bytesdiscarded="0" />
  <memory-cardclean objects="3131" bytes="177776" />
  <regions eden="58" other="4" />
  <remembered-set-cleared processed="638" cleared="275" durationms="0.175" />
  <references type="phantom" candidates="7" cleared="0" enqueued="0" />
  <stringconstants candidates="15965" cleared="0"  />
</gc-op>
<gc-op id="5663" type="classunload" timems="0.011" contextid="5659" timestamp="2019-08-09T08:14:41.895">
  <classunload-info classloadercandidates="68" classloadersunloaded="0" classesunloaded="0" anonymousclassesunloaded="0" quiescems="0.000" setupms="0.011" scanms="0.000" postms="0.000" />
</gc-op>
<gc-end id="5664" type="partial gc" contextid="5659" durationms="12.730" usertimems="7.629" systemtimems="28.028" timestamp="2019-08-09T08:14:41.895" activeThreads="16">
  <mem-info id="5665" free="266338304" total="457179136" percent="58">
    <mem type="eden" free="1761104" total="6291456" percent="27" />
    <remembered-set count="9856" freebytes="18237696" totalbytes="18277120" percent="99" regionsoverflowed="0" regionsstable="11" regionsrebuilding="0"/>
  </mem-info>
</gc-end>
<cycle-end id="5666" type="partial gc" contextid="5659" timestamp="2019-08-09T08:14:41.895" />
  <attribute name="elasticGC enabled" value="1" />
  <attribute name= "numThreadsSpecified" value="16" />
  <attribute name="heapSize specified" value="0" />
  <attribute name="Current GC Util" value="159" />
  <attribute name= "Current Time Running" value="116971" />
  <attribute name ="GC Interval" value="0" />
  <attribute name="Target GC Util Change" value ="80.000000" />
  <attribute name="Current GC Util Change" value="159.000000"/>
  <attribute name="Current Error" value="-63.000000" />
  <attribute name="Output H" value="457216944"/>
  <attribute name="Output I" value="1968"/>
  <attribute name="Output T" value="16"/>
  <attribute name= "Current Time Running" value="116971" />
  <attribute name="GC Util currently" value="159" />
  <attribute name="CPU Util currently" value="2300739735679" />
<exclusive-end id="5667" timestamp="2019-08-09T08:14:41.896" durationms="13.397" />

<exclusive-start id="5668" timestamp="2019-08-09T08:14:42.024" intervalms="141.974">
  <response-info timems="0.156" idlems="0.148" threads="1" lastid="000000000244AA00" lastname="Thread-37" />
</exclusive-start>
<allocation-taxation id="5669" taxation-threshold="121634816" timestamp="2019-08-09T08:14:42.024" intervalms="141.976" />
<cycle-start id="5670" type="partial gc" contextid="0" timestamp="2019-08-09T08:14:42.024" intervalms="141.980" />
<gc-start id="5671" type="partial gc" contextid="5670" timestamp="2019-08-09T08:14:42.025">
  <mem-info id="5672" free="144703488" total="457179136" percent="31">
    <mem type="eden" free="0" total="121634816" percent="0" />
    <remembered-set count="9408" freebytes="18239488" totalbytes="18277120" percent="99" regionsoverflowed="0" regionsstable="11" regionsrebuilding="0"/>
  </mem-info>
</gc-start>
<allocation-stats totalBytes="121482416" >
  <allocated-bytes non-tlh="40984" tlh="121441432" arrayletleaf="0"/>
  <largest-consumer threadName="Thread-51" threadId="0000000002456200" bytes="11709248" />
</allocation-stats>
<gc-op id="5673" type="copy forward" timems="8.913" contextid="5670" timestamp="2019-08-09T08:14:42.036">
  <memory-copied type="eden" objects="10126" bytes="3972736" bytesdiscarded="651016" />
  <memory-copied type="other" objects="22" bytes="928" bytesdiscarded="0" />
  <memory-cardclean objects="3077" bytes="174792" />
  <regions eden="58" other="4" />
  <remembered-set-cleared processed="628" cleared="260" durationms="0.459" />
  <references type="weak" candidates="1" cleared="0" enqueued="0" />
  <references type="phantom" candidates="4" cleared="0" enqueued="0" />
  <stringconstants candidates="15965" cleared="0"  />
</gc-op>
<gc-op id="5674" type="classunload" timems="0.014" contextid="5670" timestamp="2019-08-09T08:14:42.036">
  <classunload-info classloadercandidates="68" classloadersunloaded="0" classesunloaded="0" anonymousclassesunloaded="0" quiescems="0.000" setupms="0.014" scanms="0.000" postms="0.000" />
</gc-op>
<gc-end id="5675" type="partial gc" contextid="5670" durationms="11.776" usertimems="12.712" systemtimems="16.023" timestamp="2019-08-09T08:14:42.036" activeThreads="16">
  <mem-info id="5676" free="264241152" total="457179136" percent="57">
    <mem type="eden" free="1667424" total="6291456" percent="26" />
    <remembered-set count="8832" freebytes="18241792" totalbytes="18277120" percent="99" regionsoverflowed="0" regionsstable="11" regionsrebuilding="0"/>
  </mem-info>
</gc-end>
<cycle-end id="5677" type="partial gc" contextid="5670" timestamp="2019-08-09T08:14:42.036" />
  <attribute name="elasticGC enabled" value="1" />
  <attribute name= "numThreadsSpecified" value="16" />
  <attribute name="heapSize specified" value="0" />
  <attribute name="Current GC Util" value="53" />
  <attribute name= "Current Time Running" value="117114" />
  <attribute name ="GC Interval" value="0" />
  <attribute name="Target GC Util Change" value ="80.000000" />
  <attribute name="Current GC Util Change" value="53.000000"/>
  <attribute name="Current Error" value="23.000000" />
  <attribute name="Output H" value="457216992"/>
  <attribute name="Output I" value="2016"/>
  <attribute name="Output T" value="16"/>
  <attribute name= "Current Time Running" value="117114" />
  <attribute name="GC Util currently" value="53" />
  <attribute name="CPU Util currently" value="696044644083" />
<exclusive-end id="5678" timestamp="2019-08-09T08:14:42.037" durationms="12.406" />

<exclusive-start id="5679" timestamp="2019-08-09T08:14:42.102" intervalms="78.123">
  <response-info timems="0.856" idlems="0.856" threads="0" lastid="0000000002474100" lastname="Thread-38" />
</exclusive-start>
<allocation-taxation id="5680" taxation-threshold="121634816" timestamp="2019-08-09T08:14:42.102" intervalms="78.120" />
<cycle-start id="5681" type="partial gc" contextid="0" timestamp="2019-08-09T08:14:42.103" intervalms="78.185" />
<gc-start id="5682" type="partial gc" contextid="5681" timestamp="2019-08-09T08:14:42.103">
  <mem-info id="5683" free="142606336" total="457179136" percent="31">
    <mem type="eden" free="0" total="121634816" percent="0" />
    <remembered-set count="8416" freebytes="18243456" totalbytes="18277120" percent="99" regionsoverflowed="0" regionsstable="11" regionsrebuilding="0"/>
  </mem-info>
</gc-start>
<allocation-stats totalBytes="121441176" >
  <allocated-bytes non-tlh="16392" tlh="121424784" arrayletleaf="0"/>
  <largest-consumer threadName="Thread-37" threadId="000000000244AA00" bytes="12515128" />
</allocation-stats>
<gc-op id="5684" type="copy forward" timems="18.269" contextid="5681" timestamp="2019-08-09T08:14:42.123">
  <memory-copied type="eden" objects="8738" bytes="3622440" bytesdiscarded="555912" />
  <memory-copied type="other" objects="31" bytes="1600" bytesdiscarded="0" />
  <memory-cardclean objects="3086" bytes="175112" />
  <regions eden="58" other="4" />
  <remembered-set-cleared processed="641" cleared="274" durationms="0.205" />
  <references type="phantom" candidates="3" cleared="0" enqueued="0" />
  <stringconstants candidates="15965" cleared="0"  />
</gc-op>
<gc-op id="5685" type="classunload" timems="0.011" contextid="5681" timestamp="2019-08-09T08:14:42.123">
  <classunload-info classloadercandidates="68" classloadersunloaded="0" classesunloaded="0" anonymousclassesunloaded="0" quiescems="0.000" setupms="0.011" scanms="0.000" postms="0.000" />
</gc-op>
<gc-end id="5686" type="partial gc" contextid="5681" durationms="19.922" usertimems="26.561" systemtimems="35.978" timestamp="2019-08-09T08:14:42.123" activeThreads="16">
  <mem-info id="5687" free="264241152" total="457179136" percent="57">
    <mem type="eden" free="15680" total="4194304" percent="0" />
    <remembered-set count="7808" freebytes="18245888" totalbytes="18277120" percent="99" regionsoverflowed="0" regionsstable="11" regionsrebuilding="0"/>
  </mem-info>
</gc-end>
<cycle-end id="5688" type="partial gc" contextid="5681" timestamp="2019-08-09T08:14:42.123" />
  <attribute name="elasticGC enabled" value="1" />
  <attribute name= "numThreadsSpecified" value="16" />
  <attribute name="heapSize specified" value="0" />
  <attribute name="Current GC Util" value="67" />
  <attribute name= "Current Time Running" value="117192" />
  <attribute name ="GC Interval" value="0" />
  <attribute name="Target GC Util Change" value ="80.000000" />
  <attribute name="Current GC Util Change" value="67.000000"/>
  <attribute name="Current Error" value="13.000000" />
  <attribute name="Output H" value="457216984"/>
  <attribute name="Output I" value="2008"/>
  <attribute name="Output T" value="16"/>
  <attribute name= "Current Time Running" value="117192" />
  <attribute name="GC Util currently" value="67" />
  <attribute name="CPU Util currently" value="1017417637236" />
<exclusive-end id="5689" timestamp="2019-08-09T08:14:42.123" durationms="21.030" />

<exclusive-start id="5690" timestamp="2019-08-09T08:14:42.235" intervalms="132.197">
  <response-info timems="0.226" idlems="0.225" threads="1" lastid="000000000242CB00" lastname="Thread-45" />
</exclusive-start>
<allocation-taxation id="5691" taxation-threshold="121634816" timestamp="2019-08-09T08:14:42.235" intervalms="132.199" />
<cycle-start id="5692" type="partial gc" contextid="0" timestamp="2019-08-09T08:14:42.235" intervalms="132.138" />
<gc-start id="5693" type="partial gc" contextid="5692" timestamp="2019-08-09T08:14:42.235">
  <mem-info id="5694" free="142606336" total="457179136" percent="31">
    <mem type="eden" free="0" total="121634816" percent="0" />
    <remembered-set count="7360" freebytes="18247680" totalbytes="18277120" percent="99" regionsoverflowed="0" regionsstable="11" regionsrebuilding="0"/>
  </mem-info>
</gc-start>
<allocation-stats totalBytes="121462432" >
  <allocated-bytes non-tlh="81944" tlh="121380488" arrayletleaf="0"/>
  <largest-consumer threadName="Thread-38" threadId="0000000002474100" bytes="11150888" />
</allocation-stats>
<gc-op id="5695" type="copy forward" timems="9.005" contextid="5692" timestamp="2019-08-09T08:14:42.245">
  <memory-copied type="eden" objects="8868" bytes="3519552" bytesdiscarded="578176" />
  <memory-copied type="other" objects="26" bytes="1352" bytesdiscarded="0" />
  <memory-cardclean objects="3117" bytes="176504" />
  <memory-traced type="eden" objects="1222" bytes="175176" />
  <memory-traced type="other" objects="0" bytes="0" />
  <regions eden="58" other="3" evacuated="60" marked="1" />
  <remembered-set-cleared processed="629" cleared="265" durationms="0.178" />
  <references type="weak" candidates="3" cleared="0" enqueued="0" />
  <references type="phantom" candidates="4" cleared="0" enqueued="0" />
  <stringconstants candidates="15965" cleared="0"  />
</gc-op>
<gc-op id="5696" type="classunload" timems="0.016" contextid="5692" timestamp="2019-08-09T08:14:42.245">
  <classunload-info classloadercandidates="68" classloadersunloaded="0" classesunloaded="0" anonymousclassesunloaded="0" quiescems="0.000" setupms="0.015" scanms="0.000" postms="0.000" />
</gc-op>
<gc-op id="5697" type="sweep" timems="1.286" contextid="5692" timestamp="2019-08-09T08:14:42.247" />
<gc-op id="5698" type="compact" timems="3.661" contextid="5692" timestamp="2019-08-09T08:14:42.250">
  <compact-info movecount="0" movebytes="0" />
  <remembered-set-cleared processed="1635" cleared="265" durationms="0.178" />
</gc-op>
<heap-resize id="5699" type="expand" space="default" amount="35651584" count="1" timems="0.120" reason="excessive time being spent in gc" timestamp="2019-08-09T08:14:42.251" />
<gc-end id="5700" type="partial gc" contextid="5692" durationms="15.639" usertimems="19.741" systemtimems="24.751" timestamp="2019-08-09T08:14:42.251" activeThreads="16">
  <mem-info id="5701" free="295698432" total="492830720" percent="60">
    <mem type="eden" free="96344" total="6291456" percent="1" />
    <remembered-set count="4448" freebytes="19684608" totalbytes="19702400" percent="99" regionsoverflowed="0" regionsstable="11" regionsrebuilding="0"/>
  </mem-info>
</gc-end>
<cycle-end id="5702" type="partial gc" contextid="5692" timestamp="2019-08-09T08:14:42.251" />
  <attribute name="elasticGC enabled" value="1" />
  <attribute name= "numThreadsSpecified" value="16" />
  <attribute name="heapSize specified" value="0" />
  <attribute name="Current GC Util" value="122" />
  <attribute name= "Current Time Running" value="117334" />
  <attribute name ="GC Interval" value="0" />
  <attribute name="Target GC Util Change" value ="80.000000" />
  <attribute name="Current GC Util Change" value="122.000000"/>
  <attribute name="Current Error" value="-221.000000" />
  <attribute name="Output H" value="457216856"/>
  <attribute name="Output I" value="1880"/>
  <attribute name="Output T" value="16"/>
  <attribute name= "Current Time Running" value="117334" />
  <attribute name="GC Util currently" value="122" />
  <attribute name="CPU Util currently" value="821048027357" />
<exclusive-end id="5703" timestamp="2019-08-09T08:14:42.251" durationms="16.454" />

<exclusive-start id="5704" timestamp="2019-08-09T08:14:42.329" intervalms="94.156">
  <response-info timems="0.547" idlems="0.547" threads="0" lastid="000000000243BA00" lastname="Thread-42" />
</exclusive-start>
<allocation-taxation id="5705" taxation-threshold="130023424" timestamp="2019-08-09T08:14:42.329" intervalms="94.367" />
<cycle-start id="5706" type="partial gc" contextid="0" timestamp="2019-08-09T08:14:42.329" intervalms="94.487" />
<gc-start id="5707" type="partial gc" contextid="5706" timestamp="2019-08-09T08:14:42.329">
  <mem-info id="5708" free="165675008" total="492830720" percent="33">
    <mem type="eden" free="0" total="130023424" percent="0" />
    <remembered-set count="4448" freebytes="19684608" totalbytes="19702400" percent="99" regionsoverflowed="0" regionsstable="11" regionsrebuilding="0"/>
  </mem-info>
</gc-start>
<allocation-stats totalBytes="129772336" >
  <allocated-bytes non-tlh="557192" tlh="129215144" arrayletleaf="0"/>
  <largest-consumer threadName="Thread-45" threadId="000000000242CB00" bytes="13848400" />
</allocation-stats>
<gc-op id="5709" type="copy forward" timems="9.067" contextid="5706" timestamp="2019-08-09T08:14:42.339">
  <memory-copied type="eden" objects="9299" bytes="3785232" bytesdiscarded="807552" />
  <memory-copied type="other" objects="16" bytes="576" bytesdiscarded="0" />
  <memory-cardclean objects="3143" bytes="177968" />
  <regions eden="62" other="4" />
  <remembered-set-cleared processed="661" cleared="300" durationms="0.228" />
  <references type="phantom" candidates="2" cleared="0" enqueued="0" />
  <stringconstants candidates="15965" cleared="0"  />
</gc-op>
<gc-op id="5710" type="classunload" timems="0.010" contextid="5706" timestamp="2019-08-09T08:14:42.339">
  <classunload-info classloadercandidates="68" classloadersunloaded="0" classesunloaded="0" anonymousclassesunloaded="0" quiescems="0.000" setupms="0.010" scanms="0.000" postms="0.000" />
</gc-op>
<heap-resize id="5711" type="expand" space="default" amount="6291456" count="1" timems="0.064" reason="excessive time being spent in gc" timestamp="2019-08-09T08:14:42.340" />
<gc-end id="5712" type="partial gc" contextid="5706" durationms="10.315" usertimems="23.952" systemtimems="10.516" timestamp="2019-08-09T08:14:42.340" activeThreads="16">
  <mem-info id="5713" free="299892736" total="499122176" percent="60">
    <mem type="eden" free="1698400" total="6291456" percent="26" />
    <remembered-set count="11392" freebytes="19908352" totalbytes="19953920" percent="99" regionsoverflowed="0" regionsstable="11" regionsrebuilding="0"/>
  </mem-info>
</gc-end>
<cycle-end id="5714" type="partial gc" contextid="5706" timestamp="2019-08-09T08:14:42.340" />
  <attribute name="elasticGC enabled" value="1" />
  <attribute name= "numThreadsSpecified" value="16" />
  <attribute name="heapSize specified" value="0" />
  <attribute name="Current GC Util" value="100" />
  <attribute name= "Current Time Running" value="117418" />
  <attribute name ="GC Interval" value="0" />
  <attribute name="Target GC Util Change" value ="80.000000" />
  <attribute name="Current GC Util Change" value="100.000000"/>
  <attribute name="Current Error" value="-20.000000" />
  <attribute name="Output H" value="492868552"/>
  <attribute name="Output I" value="1992"/>
  <attribute name="Output T" value="16"/>
  <attribute name= "Current Time Running" value="117418" />
  <attribute name="GC Util currently" value="100" />
  <attribute name="CPU Util currently" value="1667025331340" />
<exclusive-end id="5715" timestamp="2019-08-09T08:14:42.340" durationms="11.224" />

<exclusive-start id="5716" timestamp="2019-08-09T08:14:42.487" intervalms="158.513">
  <response-info timems="6.905" idlems="6.905" threads="0" lastid="000000000246C900" lastname="Thread-52" />
</exclusive-start>
<allocation-taxation id="5717" taxation-threshold="132120576" timestamp="2019-08-09T08:14:42.487" intervalms="158.311" />
<cycle-start id="5718" type="partial gc" contextid="0" timestamp="2019-08-09T08:14:42.487" intervalms="158.187" />
<gc-start id="5719" type="partial gc" contextid="5718" timestamp="2019-08-09T08:14:42.488">
  <mem-info id="5720" free="167772160" total="499122176" percent="33">
    <mem type="eden" free="0" total="132120576" percent="0" />
    <remembered-set count="10976" freebytes="19910016" totalbytes="19953920" percent="99" regionsoverflowed="0" regionsstable="11" regionsrebuilding="0"/>
  </mem-info>
</gc-start>
<allocation-stats totalBytes="132037776" >
  <allocated-bytes non-tlh="0" tlh="132037776" arrayletleaf="0"/>
  <largest-consumer threadName="Thread-48" threadId="0000000002437E00" bytes="12224512" />
</allocation-stats>
<gc-op id="5721" type="copy forward" timems="9.875" contextid="5718" timestamp="2019-08-09T08:14:42.499">
  <memory-copied type="eden" objects="9616" bytes="3859224" bytesdiscarded="751248" />
  <memory-copied type="other" objects="18" bytes="784" bytesdiscarded="0" />
  <memory-cardclean objects="3145" bytes="178688" />
  <regions eden="63" other="4" />
  <remembered-set-cleared processed="638" cleared="278" durationms="0.160" />
  <references type="phantom" candidates="2" cleared="0" enqueued="0" />
  <stringconstants candidates="15965" cleared="0"  />
</gc-op>
<gc-op id="5722" type="classunload" timems="0.010" contextid="5718" timestamp="2019-08-09T08:14:42.499">
  <classunload-info classloadercandidates="68" classloadersunloaded="0" classesunloaded="0" anonymousclassesunloaded="0" quiescems="0.000" setupms="0.009" scanms="0.000" postms="0.000" />
</gc-op>
<gc-end id="5723" type="partial gc" contextid="5718" durationms="11.199" usertimems="20.302" systemtimems="11.252" timestamp="2019-08-09T08:14:42.499" activeThreads="16">
  <mem-info id="5724" free="299892736" total="499122176" percent="60">
    <mem type="eden" free="1680720" total="6291456" percent="26" />
    <remembered-set count="7808" freebytes="19922688" totalbytes="19953920" percent="99" regionsoverflowed="0" regionsstable="11" regionsrebuilding="0"/>
  </mem-info>
</gc-end>
<cycle-end id="5725" type="partial gc" contextid="5718" timestamp="2019-08-09T08:14:42.499" />
  <attribute name="elasticGC enabled" value="1" />
  <attribute name= "numThreadsSpecified" value="16" />
  <attribute name="heapSize specified" value="0" />
  <attribute name="Current GC Util" value="84" />
  <attribute name= "Current Time Running" value="117576" />
  <attribute name ="GC Interval" value="0" />
  <attribute name="Target GC Util Change" value ="80.000000" />
  <attribute name="Current GC Util Change" value="84.000000"/>
  <attribute name="Current Error" value="38.000000" />
  <attribute name="Output H" value="499160040"/>
  <attribute name="Output I" value="2024"/>
  <attribute name="Output T" value="16"/>
  <attribute name= "Current Time Running" value="117576" />
  <attribute name="GC Util currently" value="84" />
  <attribute name="CPU Util currently" value="1455530556319" />
<exclusive-end id="5726" timestamp="2019-08-09T08:14:42.499" durationms="11.758" />

<exclusive-start id="5727" timestamp="2019-08-09T08:14:42.649" intervalms="161.562">
  <response-info timems="0.527" idlems="0.284" threads="1" lastid="0000000002459E00" lastname="Thread-50" />
</exclusive-start>
<allocation-taxation id="5728" taxation-threshold="132120576" timestamp="2019-08-09T08:14:42.649" intervalms="161.570" />
<cycle-start id="5729" type="partial gc" contextid="0" timestamp="2019-08-09T08:14:42.649" intervalms="162.073" />
<gc-start id="5730" type="partial gc" contextid="5729" timestamp="2019-08-09T08:14:42.650">
  <mem-info id="5731" free="167772160" total="499122176" percent="33">
    <mem type="eden" free="0" total="132120576" percent="0" />
    <remembered-set count="7488" freebytes="19923968" totalbytes="19953920" percent="99" regionsoverflowed="0" regionsstable="11" regionsrebuilding="0"/>
  </mem-info>
</gc-start>
<allocation-stats totalBytes="131864088" >
  <allocated-bytes non-tlh="49168" tlh="131814920" arrayletleaf="0"/>
  <largest-consumer threadName="Thread-38" threadId="0000000002474100" bytes="15041480" />
</allocation-stats>
<gc-op id="5732" type="copy forward" timems="8.786" contextid="5729" timestamp="2019-08-09T08:14:42.659">
  <memory-copied type="eden" objects="8279" bytes="3438920" bytesdiscarded="538544" />
  <memory-copied type="other" objects="14" bytes="640" bytesdiscarded="0" />
  <memory-cardclean objects="3120" bytes="177032" />
  <regions eden="63" other="4" />
  <remembered-set-cleared processed="640" cleared="274" durationms="0.269" />
  <references type="phantom" candidates="9" cleared="0" enqueued="0" />
  <stringconstants candidates="15965" cleared="0"  />
</gc-op>
<gc-op id="5733" type="classunload" timems="0.010" contextid="5729" timestamp="2019-08-09T08:14:42.659">
  <classunload-info classloadercandidates="68" classloadersunloaded="0" classesunloaded="0" anonymousclassesunloaded="0" quiescems="0.000" setupms="0.010" scanms="0.000" postms="0.000" />
</gc-op>
<gc-end id="5734" type="partial gc" contextid="5729" durationms="9.788" usertimems="23.758" systemtimems="7.280" timestamp="2019-08-09T08:14:42.659" activeThreads="16">
  <mem-info id="5735" free="297795584" total="499122176" percent="59">
    <mem type="eden" free="2313664" total="6291456" percent="36" />
    <remembered-set count="11392" freebytes="19908352" totalbytes="19953920" percent="99" regionsoverflowed="0" regionsstable="11" regionsrebuilding="0"/>
  </mem-info>
</gc-end>
<cycle-end id="5736" type="partial gc" contextid="5729" timestamp="2019-08-09T08:14:42.660" />
  <attribute name="elasticGC enabled" value="1" />
  <attribute name= "numThreadsSpecified" value="16" />
  <attribute name="heapSize specified" value="0" />
  <attribute name="Current GC Util" value="132" />
  <attribute name= "Current Time Running" value="117738" />
  <attribute name ="GC Interval" value="0" />
  <attribute name="Target GC Util Change" value ="80.000000" />
  <attribute name="Current GC Util Change" value="132.000000"/>
  <attribute name="Current Error" value="51.000000" />
  <attribute name="Output H" value="499160048"/>
  <attribute name="Output I" value="2032"/>
  <attribute name="Output T" value="16"/>
  <attribute name= "Current Time Running" value="117738" />
  <attribute name="GC Util currently" value="132" />
  <attribute name="CPU Util currently" value="2309871189163" />
<exclusive-end id="5737" timestamp="2019-08-09T08:14:42.660" durationms="10.890" />

<exclusive-start id="5738" timestamp="2019-08-09T08:14:42.771" intervalms="121.986">
  <response-info timems="0.098" idlems="0.098" threads="0" lastid="000000000243BA00" lastname="Thread-42" />
</exclusive-start>
<allocation-taxation id="5739" taxation-threshold="132120576" timestamp="2019-08-09T08:14:42.771" intervalms="121.978" />
<cycle-start id="5740" type="partial gc" contextid="0" timestamp="2019-08-09T08:14:42.771" intervalms="121.484" />
<gc-start id="5741" type="partial gc" contextid="5740" timestamp="2019-08-09T08:14:42.771">
  <mem-info id="5742" free="165675008" total="499122176" percent="33">
    <mem type="eden" free="0" total="132120576" percent="0" />
    <remembered-set count="10976" freebytes="19910016" totalbytes="19953920" percent="99" regionsoverflowed="0" regionsstable="11" regionsrebuilding="0"/>
  </mem-info>
</gc-start>
<allocation-stats totalBytes="131930952" >
  <allocated-bytes non-tlh="0" tlh="131930952" arrayletleaf="0"/>
  <largest-consumer threadName="Thread-42" threadId="000000000243BA00" bytes="15050936" />
</allocation-stats>
<gc-op id="5743" type="copy forward" timems="9.963" contextid="5740" timestamp="2019-08-09T08:14:42.782">
  <memory-copied type="eden" objects="9642" bytes="3814072" bytesdiscarded="689680" />
  <memory-copied type="other" objects="29" bytes="1120" bytesdiscarded="0" />
  <memory-cardclean objects="3097" bytes="176632" />
  <regions eden="63" other="4" />
  <remembered-set-cleared processed="646" cleared="279" durationms="0.178" />
  <references type="weak" candidates="1" cleared="0" enqueued="0" />
  <references type="phantom" candidates="3" cleared="0" enqueued="0" />
  <stringconstants candidates="15965" cleared="0"  />
</gc-op>
<gc-op id="5744" type="classunload" timems="0.014" contextid="5740" timestamp="2019-08-09T08:14:42.782">
  <classunload-info classloadercandidates="68" classloadersunloaded="0" classesunloaded="0" anonymousclassesunloaded="0" quiescems="0.000" setupms="0.013" scanms="0.000" postms="0.000" />
</gc-op>
<gc-end id="5745" type="partial gc" contextid="5740" durationms="11.464" usertimems="19.075" systemtimems="12.408" timestamp="2019-08-09T08:14:42.783" activeThreads="16">
  <mem-info id="5746" free="297795584" total="499122176" percent="59">
    <mem type="eden" free="1787440" total="6291456" percent="28" />
    <remembered-set count="11392" freebytes="19908352" totalbytes="19953920" percent="99" regionsoverflowed="0" regionsstable="11" regionsrebuilding="0"/>
  </mem-info>
</gc-end>
<cycle-end id="5747" type="partial gc" contextid="5740" timestamp="2019-08-09T08:14:42.783" />
  <attribute name="elasticGC enabled" value="1" />
  <attribute name= "numThreadsSpecified" value="16" />
  <attribute name="heapSize specified" value="0" />
  <attribute name="Current GC Util" value="117" />
  <attribute name= "Current Time Running" value="117860" />
  <attribute name ="GC Interval" value="0" />
  <attribute name="Target GC Util Change" value ="80.000000" />
  <attribute name="Current GC Util Change" value="117.000000"/>
  <attribute name="Current Error" value="-37.000000" />
  <attribute name="Output H" value="499160000"/>
  <attribute name="Output I" value="1984"/>
  <attribute name="Output T" value="16"/>
  <attribute name= "Current Time Running" value="117860" />
  <attribute name="GC Util currently" value="117" />
  <attribute name="CPU Util currently" value="1397382228559" />
<exclusive-end id="5748" timestamp="2019-08-09T08:14:42.783" durationms="12.121" />

<exclusive-start id="5749" timestamp="2019-08-09T08:14:42.877" intervalms="106.428">
  <response-info timems="0.556" idlems="0.543" threads="1" lastid="0000000002437E00" lastname="Thread-48" />
</exclusive-start>
<allocation-taxation id="5750" taxation-threshold="132120576" timestamp="2019-08-09T08:14:42.877" intervalms="106.424" />
<cycle-start id="5751" type="partial gc" contextid="0" timestamp="2019-08-09T08:14:42.877" intervalms="106.434" />
<gc-start id="5752" type="partial gc" contextid="5751" timestamp="2019-08-09T08:14:42.878">
  <mem-info id="5753" free="165675008" total="499122176" percent="33">
    <mem type="eden" free="0" total="132120576" percent="0" />
    <remembered-set count="10944" freebytes="19910144" totalbytes="19953920" percent="99" regionsoverflowed="0" regionsstable="11" regionsrebuilding="0"/>
  </mem-info>
</gc-start>
<allocation-stats totalBytes="131940856" >
  <allocated-bytes non-tlh="188480" tlh="131752376" arrayletleaf="0"/>
  <largest-consumer threadName="Thread-42" threadId="000000000243BA00" bytes="13583160" />
</allocation-stats>
<gc-op id="5754" type="copy forward" timems="5.809" contextid="5751" timestamp="2019-08-09T08:14:42.885">
  <memory-copied type="eden" objects="10262" bytes="4004344" bytesdiscarded="592" />
  <memory-copied type="other" objects="25" bytes="976" bytesdiscarded="0" />
  <memory-cardclean objects="3135" bytes="178688" />
  <regions eden="63" other="4" />
  <remembered-set-cleared processed="638" cleared="276" durationms="0.723" />
  <stringconstants candidates="15965" cleared="0"  />
</gc-op>
<gc-op id="5755" type="classunload" timems="0.012" contextid="5751" timestamp="2019-08-09T08:14:42.885">
  <classunload-info classloadercandidates="68" classloadersunloaded="0" classesunloaded="0" anonymousclassesunloaded="0" quiescems="0.000" setupms="0.011" scanms="0.000" postms="0.000" />
</gc-op>
<gc-end id="5756" type="partial gc" contextid="5751" durationms="7.275" usertimems="8.880" systemtimems="0.000" timestamp="2019-08-09T08:14:42.885" activeThreads="1">
  <mem-info id="5757" free="297795584" total="499122176" percent="59">
    <mem type="eden" free="189112" total="4194304" percent="4" />
    <remembered-set count="10976" freebytes="19910016" totalbytes="19953920" percent="99" regionsoverflowed="0" regionsstable="11" regionsrebuilding="0"/>
  </mem-info>
</gc-end>
<cycle-end id="5758" type="partial gc" contextid="5751" timestamp="2019-08-09T08:14:42.885" />
  <attribute name="elasticGC enabled" value="1" />
  <attribute name= "numThreadsSpecified" value="1" />
  <attribute name="heapSize specified" value="0" />
  <attribute name="Current GC Util" value="112" />
  <attribute name= "Current Time Running" value="117966" />
  <attribute name ="GC Interval" value="0" />
  <attribute name="Target GC Util Change" value ="80.000000" />
  <attribute name="Current GC Util Change" value="112.000000"/>
  <attribute name="Current Error" value="-17.000000" />
  <attribute name="Output H" value="499160008"/>
  <attribute name="Output I" value="1992"/>
  <attribute name="Output T" value="1"/>
  <attribute name= "Current Time Running" value="117966" />
  <attribute name="GC Util currently" value="112" />
  <attribute name="CPU Util currently" value="1550025526122" />
<exclusive-end id="5759" timestamp="2019-08-09T08:14:42.885" durationms="8.097" />

<exclusive-start id="5760" timestamp="2019-08-09T08:14:43.270" intervalms="393.113">
  <response-info timems="0.392" idlems="0.172" threads="2" lastid="0000000002434200" lastname="Thread-44" />
</exclusive-start>
<allocation-taxation id="5761" taxation-threshold="132120576" timestamp="2019-08-09T08:14:43.271" intervalms="393.392" />
<cycle-start id="5762" type="partial gc" contextid="0" timestamp="2019-08-09T08:14:43.272" intervalms="395.119" />
<gc-start id="5763" type="partial gc" contextid="5762" timestamp="2019-08-09T08:14:43.273">
  <mem-info id="5764" free="165675008" total="499122176" percent="33">
    <mem type="eden" free="0" total="132120576" percent="0" />
    <remembered-set count="10912" freebytes="19910272" totalbytes="19953920" percent="99" regionsoverflowed="0" regionsstable="11" regionsrebuilding="0"/>
  </mem-info>
</gc-start>
<allocation-stats totalBytes="131945200" >
  <allocated-bytes non-tlh="49176" tlh="131896024" arrayletleaf="0"/>
  <largest-consumer threadName="Thread-46" threadId="0000000002461500" bytes="12893200" />
</allocation-stats>
<gc-op id="5765" type="copy forward" timems="25.941" contextid="5762" timestamp="2019-08-09T08:14:43.366">
  <memory-copied type="eden" objects="9720" bytes="3867056" bytesdiscarded="967152" />
  <memory-copied type="other" objects="28" bytes="1008" bytesdiscarded="0" />
  <memory-cardclean objects="3117" bytes="177632" />
  <regions eden="63" other="3" />
  <remembered-set-cleared processed="651" cleared="285" durationms="0.253" />
  <stringconstants candidates="15965" cleared="0"  />
</gc-op>
<gc-op id="5766" type="classunload" timems="0.012" contextid="5762" timestamp="2019-08-09T08:14:43.367">
  <classunload-info classloadercandidates="68" classloadersunloaded="0" classesunloaded="0" anonymousclassesunloaded="0" quiescems="0.000" setupms="0.012" scanms="0.000" postms="0.000" />
</gc-op>
<heap-resize id="5767" type="contract" space="default" amount="25165824" count="1" timems="0.125" reason="insufficient time being spent in gc" timestamp="2019-08-09T08:14:43.367" />
<gc-end id="5768" type="partial gc" contextid="5762" durationms="93.944" usertimems="84.216" systemtimems="56.191" timestamp="2019-08-09T08:14:43.367" activeThreads="16">
  <mem-info id="5769" free="268435456" total="473956352" percent="56">
    <mem type="eden" free="1456992" total="6291456" percent="23" />
    <remembered-set count="8288" freebytes="19920768" totalbytes="19953920" percent="99" regionsoverflowed="0" regionsstable="11" regionsrebuilding="0"/>
  </mem-info>
</gc-end>
<cycle-end id="5770" type="partial gc" contextid="5762" timestamp="2019-08-09T08:14:43.367" />
  <attribute name="elasticGC enabled" value="1" />
  <attribute name= "numThreadsSpecified" value="16" />
  <attribute name="heapSize specified" value="0" />
  <attribute name="Current GC Util" value="9" />
  <attribute name= "Current Time Running" value="118428" />
  <attribute name ="GC Interval" value="0" />
  <attribute name="Target GC Util Change" value ="80.000000" />
  <attribute name="Current GC Util Change" value="9.000000"/>
  <attribute name="Current Error" value="133.000000" />
  <attribute name="Output H" value="499160096"/>
  <attribute name="Output I" value="2080"/>
  <attribute name="Output T" value="16"/>
  <attribute name= "Current Time Running" value="118428" />
  <attribute name="GC Util currently" value="9" />
  <attribute name="CPU Util currently" value="17176456396" />
<exclusive-end id="5771" timestamp="2019-08-09T08:14:43.367" durationms="96.953" />

<exclusive-start id="5772" timestamp="2019-08-09T08:14:43.603" intervalms="332.646">
  <response-info timems="1.680" idlems="1.680" threads="0" lastid="0000000002459E00" lastname="Thread-50" />
</exclusive-start>
<allocation-taxation id="5773" taxation-threshold="125829120" timestamp="2019-08-09T08:14:43.603" intervalms="332.365" />
<cycle-start id="5774" type="partial gc" contextid="0" timestamp="2019-08-09T08:14:43.603" intervalms="330.624" />
<gc-start id="5775" type="partial gc" contextid="5774" timestamp="2019-08-09T08:14:43.603">
  <mem-info id="5776" free="142606336" total="473956352" percent="30">
    <mem type="eden" free="0" total="125829120" percent="0" />
    <remembered-set count="7936" freebytes="19922176" totalbytes="19953920" percent="99" regionsoverflowed="0" regionsstable="11" regionsrebuilding="0"/>
  </mem-info>
</gc-start>
<allocation-stats totalBytes="125543656" >
  <allocated-bytes non-tlh="73760" tlh="125469896" arrayletleaf="0"/>
  <largest-consumer threadName="Thread-38" threadId="0000000002474100" bytes="14271592" />
</allocation-stats>
<gc-op id="5777" type="copy forward" timems="9.961" contextid="5774" timestamp="2019-08-09T08:14:43.616">
  <memory-copied type="eden" objects="10015" bytes="3898928" bytesdiscarded="669912" />
  <memory-copied type="other" objects="16" bytes="576" bytesdiscarded="0" />
  <memory-cardclean objects="3095" bytes="176520" />
  <regions eden="60" other="4" />
  <remembered-set-cleared processed="640" cleared="269" durationms="0.208" />
  <references type="phantom" candidates="2" cleared="0" enqueued="0" />
  <stringconstants candidates="15965" cleared="0"  />
</gc-op>
<gc-op id="5778" type="classunload" timems="0.011" contextid="5774" timestamp="2019-08-09T08:14:43.616">
  <classunload-info classloadercandidates="68" classloadersunloaded="0" classesunloaded="0" anonymousclassesunloaded="0" quiescems="0.000" setupms="0.010" scanms="0.000" postms="0.000" />
</gc-op>
<heap-resize id="5779" type="expand" space="default" amount="46137344" count="1" timems="0.185" reason="excessive time being spent in gc" timestamp="2019-08-09T08:14:43.616" />
<gc-end id="5780" type="partial gc" contextid="5774" durationms="12.578" usertimems="13.308" systemtimems="21.060" timestamp="2019-08-09T08:14:43.616" activeThreads="16">
  <mem-info id="5781" free="312475648" total="520093696" percent="60">
    <mem type="eden" free="1722344" total="6291456" percent="27" />
    <remembered-set count="8832" freebytes="20756992" totalbytes="20792320" percent="99" regionsoverflowed="0" regionsstable="11" regionsrebuilding="0"/>
  </mem-info>
</gc-end>
<cycle-end id="5782" type="partial gc" contextid="5774" timestamp="2019-08-09T08:14:43.617" />
  <attribute name="elasticGC enabled" value="1" />
  <attribute name= "numThreadsSpecified" value="16" />
  <attribute name="heapSize specified" value="0" />
  <attribute name="Current GC Util" value="51" />
  <attribute name= "Current Time Running" value="118693" />
  <attribute name ="GC Interval" value="0" />
  <attribute name="Target GC Util Change" value ="80.000000" />
  <attribute name="Current GC Util Change" value="51.000000"/>
  <attribute name="Current Error" value="29.000000" />
  <attribute name="Output H" value="473994208"/>
  <attribute name="Output I" value="2016"/>
  <attribute name="Output T" value="16"/>
  <attribute name= "Current Time Running" value="118693" />
  <attribute name="GC Util currently" value="51" />
  <attribute name="CPU Util currently" value="610121395370" />
<exclusive-end id="5783" timestamp="2019-08-09T08:14:43.617" durationms="14.182" />

<exclusive-start id="5784" timestamp="2019-08-09T08:14:43.814" intervalms="210.710">
  <response-info timems="4.173" idlems="2.091" threads="1" lastid="000000000244AA00" lastname="Thread-37" />
</exclusive-start>
<allocation-taxation id="5785" taxation-threshold="136314880" timestamp="2019-08-09T08:14:43.814" intervalms="210.709" />
<cycle-start id="5786" type="partial gc" contextid="0" timestamp="2019-08-09T08:14:43.814" intervalms="210.690" />
<gc-start id="5787" type="partial gc" contextid="5786" timestamp="2019-08-09T08:14:43.814">
  <mem-info id="5788" free="176160768" total="520093696" percent="33">
    <mem type="eden" free="0" total="136314880" percent="0" />
    <remembered-set count="8480" freebytes="20758400" totalbytes="20792320" percent="99" regionsoverflowed="0" regionsstable="11" regionsrebuilding="0"/>
  </mem-info>
</gc-start>
<allocation-stats totalBytes="136035664" >
  <allocated-bytes non-tlh="24592" tlh="136011072" arrayletleaf="0"/>
  <largest-consumer threadName="Thread-52" threadId="000000000246C900" bytes="16026048" />
</allocation-stats>
<gc-op id="5789" type="copy forward" timems="12.241" contextid="5786" timestamp="2019-08-09T08:14:43.828">
  <memory-copied type="eden" objects="7950" bytes="3238976" bytesdiscarded="577128" />
  <memory-copied type="other" objects="16" bytes="576" bytesdiscarded="0" />
  <memory-cardclean objects="3114" bytes="177432" />
  <regions eden="65" other="5" />
  <remembered-set-cleared processed="644" cleared="274" durationms="0.485" />
  <references type="weak" candidates="2" cleared="0" enqueued="0" />
  <references type="phantom" candidates="6" cleared="0" enqueued="0" />
  <stringconstants candidates="15965" cleared="0"  />
</gc-op>
<gc-op id="5790" type="classunload" timems="0.011" contextid="5786" timestamp="2019-08-09T08:14:43.828">
  <classunload-info classloadercandidates="68" classloadersunloaded="0" classesunloaded="0" anonymousclassesunloaded="0" quiescems="0.000" setupms="0.011" scanms="0.000" postms="0.000" />
</gc-op>
<gc-end id="5791" type="partial gc" contextid="5786" durationms="13.633" usertimems="32.688" systemtimems="13.476" timestamp="2019-08-09T08:14:43.828" activeThreads="16">
  <mem-info id="5792" free="314572800" total="520093696" percent="60">
    <mem type="eden" free="2475072" total="6291456" percent="39" />
    <remembered-set count="10880" freebytes="20748800" totalbytes="20792320" percent="99" regionsoverflowed="0" regionsstable="11" regionsrebuilding="0"/>
  </mem-info>
</gc-end>
<cycle-end id="5793" type="partial gc" contextid="5786" timestamp="2019-08-09T08:14:43.831" />
  <attribute name="elasticGC enabled" value="1" />
  <attribute name= "numThreadsSpecified" value="16" />
  <attribute name="heapSize specified" value="0" />
  <attribute name="Current GC Util" value="119" />
  <attribute name= "Current Time Running" value="118902" />
  <attribute name ="GC Interval" value="0" />
  <attribute name="Target GC Util Change" value ="80.000000" />
  <attribute name="Current GC Util Change" value="119.000000"/>
  <attribute name="Current Error" value="56.000000" />
  <attribute name="Output H" value="520131568"/>
  <attribute name="Output I" value="2032"/>
  <attribute name="Output T" value="16"/>
  <attribute name= "Current Time Running" value="118902" />
  <attribute name="GC Util currently" value="119" />
  <attribute name="CPU Util currently" value="1249351317834" />
<exclusive-end id="5794" timestamp="2019-08-09T08:14:43.831" durationms="17.037" />

<exclusive-start id="5795" timestamp="2019-08-09T08:14:44.147" intervalms="333.679">
  <response-info timems="2.093" idlems="1.072" threads="1" lastid="0000000002470500" lastname="Thread-39" />
</exclusive-start>
<allocation-taxation id="5796" taxation-threshold="136314880" timestamp="2019-08-09T08:14:44.147" intervalms="333.679" />
<cycle-start id="5797" type="partial gc" contextid="0" timestamp="2019-08-09T08:14:44.147" intervalms="333.679" />
<gc-start id="5798" type="partial gc" contextid="5797" timestamp="2019-08-09T08:14:44.148">
  <mem-info id="5799" free="178257920" total="520093696" percent="34">
    <mem type="eden" free="0" total="136314880" percent="0" />
    <remembered-set count="10528" freebytes="20750208" totalbytes="20792320" percent="99" regionsoverflowed="0" regionsstable="11" regionsrebuilding="0"/>
  </mem-info>
</gc-start>
<allocation-stats totalBytes="136150808" >
  <allocated-bytes non-tlh="49168" tlh="136101640" arrayletleaf="0"/>
  <largest-consumer threadName="Thread-52" threadId="000000000246C900" bytes="13161576" />
</allocation-stats>
<gc-op id="5800" type="copy forward" timems="10.669" contextid="5797" timestamp="2019-08-09T08:14:44.160">
  <memory-copied type="eden" objects="9461" bytes="3841552" bytesdiscarded="629208" />
  <memory-copied type="other" objects="24" bytes="864" bytesdiscarded="0" />
  <memory-cardclean objects="3132" bytes="178304" />
  <regions eden="65" other="5" />
  <remembered-set-cleared processed="625" cleared="257" durationms="0.347" />
  <references type="weak" candidates="1" cleared="0" enqueued="0" />
  <references type="phantom" candidates="3" cleared="0" enqueued="0" />
  <stringconstants candidates="15965" cleared="0"  />
</gc-op>
<gc-op id="5801" type="classunload" timems="0.011" contextid="5797" timestamp="2019-08-09T08:14:44.160">
  <classunload-info classloadercandidates="68" classloadersunloaded="0" classesunloaded="0" anonymousclassesunloaded="0" quiescems="0.000" setupms="0.011" scanms="0.000" postms="0.000" />
</gc-op>
<heap-resize id="5802" type="expand" space="default" amount="4194304" count="1" timems="0.071" reason="excessive time being spent in gc" timestamp="2019-08-09T08:14:44.161" />
<gc-end id="5803" type="partial gc" contextid="5797" durationms="12.936" usertimems="28.842" systemtimems="16.647" timestamp="2019-08-09T08:14:44.161" activeThreads="16">
  <mem-info id="5804" free="314572800" total="524288000" percent="60">
    <mem type="eden" free="3917576" total="8388608" percent="46" />
    <remembered-set count="9856" freebytes="20920576" totalbytes="20960000" percent="99" regionsoverflowed="0" regionsstable="11" regionsrebuilding="0"/>
  </mem-info>
</gc-end>
<cycle-end id="5805" type="partial gc" contextid="5797" timestamp="2019-08-09T08:14:44.164" />
  <attribute name="elasticGC enabled" value="1" />
  <attribute name= "numThreadsSpecified" value="16" />
  <attribute name="heapSize specified" value="0" />
  <attribute name="Current GC Util" value="212" />
  <attribute name= "Current Time Running" value="119237" />
  <attribute name ="GC Interval" value="0" />
  <attribute name="Target GC Util Change" value ="80.000000" />
  <attribute name="Current GC Util Change" value="212.000000"/>
  <attribute name="Current Error" value="-8.000000" />
  <attribute name="Output H" value="520131536"/>
  <attribute name="Output I" value="2000"/>
  <attribute name="Output T" value="16"/>
  <attribute name= "Current Time Running" value="119237" />
  <attribute name="GC Util currently" value="212" />
  <attribute name="CPU Util currently" value="775766305075" />
<exclusive-end id="5806" timestamp="2019-08-09T08:14:44.164" durationms="16.763" />

<exclusive-start id="5807" timestamp="2019-08-09T08:14:44.330" intervalms="182.505">
  <response-info timems="5.368" idlems="2.725" threads="1" lastid="0000000002470500" lastname="Thread-39" />
</exclusive-start>
<allocation-taxation id="5808" taxation-threshold="138412032" timestamp="2019-08-09T08:14:44.330" intervalms="182.554" />
<cycle-start id="5809" type="partial gc" contextid="0" timestamp="2019-08-09T08:14:44.330" intervalms="182.699" />
<gc-start id="5810" type="partial gc" contextid="5809" timestamp="2019-08-09T08:14:44.330">
  <mem-info id="5811" free="176160768" total="524288000" percent="33">
    <mem type="eden" free="0" total="138412032" percent="0" />
    <remembered-set count="9568" freebytes="20921728" totalbytes="20960000" percent="99" regionsoverflowed="0" regionsstable="11" regionsrebuilding="0"/>
  </mem-info>
</gc-start>
<allocation-stats totalBytes="138227456" >
  <allocated-bytes non-tlh="16392" tlh="138211064" arrayletleaf="0"/>
  <largest-consumer threadName="Thread-52" threadId="000000000246C900" bytes="13014672" />
</allocation-stats>
<gc-op id="5812" type="copy forward" timems="9.217" contextid="5809" timestamp="2019-08-09T08:14:44.341">
  <memory-copied type="eden" objects="9881" bytes="3977408" bytesdiscarded="825432" />
  <memory-copied type="other" objects="16" bytes="576" bytesdiscarded="0" />
  <memory-cardclean objects="3117" bytes="177584" />
  <regions eden="66" other="6" />
  <remembered-set-cleared processed="644" cleared="275" durationms="1.042" />
  <references type="phantom" candidates="1" cleared="0" enqueued="0" />
  <stringconstants candidates="15965" cleared="0"  />
</gc-op>
<gc-op id="5813" type="classunload" timems="0.011" contextid="5809" timestamp="2019-08-09T08:14:44.341">
  <classunload-info classloadercandidates="68" classloadersunloaded="0" classesunloaded="0" anonymousclassesunloaded="0" quiescems="0.000" setupms="0.011" scanms="0.000" postms="0.000" />
</gc-op>
<gc-end id="5814" type="partial gc" contextid="5809" durationms="10.417" usertimems="29.901" systemtimems="9.638" timestamp="2019-08-09T08:14:44.341" activeThreads="16">
  <mem-info id="5815" free="316669952" total="524288000" percent="60">
    <mem type="eden" free="1488344" total="6291456" percent="23" />
    <remembered-set count="9856" freebytes="20920576" totalbytes="20960000" percent="99" regionsoverflowed="0" regionsstable="11" regionsrebuilding="0"/>
  </mem-info>
</gc-end>
<cycle-end id="5816" type="partial gc" contextid="5809" timestamp="2019-08-09T08:14:44.343" />
  <attribute name="elasticGC enabled" value="1" />
  <attribute name= "numThreadsSpecified" value="16" />
  <attribute name="heapSize specified" value="0" />
  <attribute name="Current GC Util" value="136" />
  <attribute name= "Current Time Running" value="119419" />
  <attribute name ="GC Interval" value="0" />
  <attribute name="Target GC Util Change" value ="80.000000" />
  <attribute name="Current GC Util Change" value="136.000000"/>
  <attribute name="Current Error" value="-56.000000" />
  <attribute name="Output H" value="524325808"/>
  <attribute name="Output I" value="1968"/>
  <attribute name="Output T" value="16"/>
  <attribute name= "Current Time Running" value="119419" />
  <attribute name="GC Util currently" value="136" />
  <attribute name="CPU Util currently" value="1937533207771" />
<exclusive-end id="5817" timestamp="2019-08-09T08:14:44.343" durationms="13.181" />

===== DaCapo 9.12-MR1 xalan PASSED in 14176 msec =====
</verbosegc>

