<?xml version="1.0" ?>

<verbosegc xmlns="http://www.ibm.com/j9/verbosegc" version="08cc62e_CMPRSS">

<initialized id="1" timestamp="2019-08-02T19:06:06.410">
  <attribute name="gcPolicy" value="-Xgcpolicy:optthruput" />
  <attribute name="elasticGC enabled" value="1" />
  <attribute name= "numThreadsSpecified" value="0" />
  <attribute name="heapSize specified" value="0" />
  <attribute name= "numCores" value="0" />
  <attribute name ="GC Interval" value="0" />
  <attribute name="GC Util Range Max" value="0" />
  <attribute name="Current GC Util" value="0" />
  <attribute name= "Current Time Running" value="0" />
  <attribute name="maxHeapSize" value="0x7cba0000" />
  <attribute name="initialHeapSize" value="0x800000" />
  <attribute name="compressedRefs" value="true" />
  <attribute name="compressedRefsDisplacement" value="0x0" />
  <attribute name="compressedRefsShift" value="0x0" />
  <attribute name="pageSize" value="0x1000" />
  <attribute name="pageType" value="not used" />
  <attribute name="requestedPageSize" value="0x1000" />
  <attribute name="requestedPageType" value="not used" />
  <attribute name="gcthreads" value="8" />
  <attribute name="packetListSplit" value="8" />
  <attribute name="cacheListSplit" value="8" />
  <attribute name="splitFreeListSplitAmount" value="1" />
  <attribute name="numaNodes" value="0" />
  <system>
    <attribute name="physicalMemory" value="8370401280" />
    <attribute name="numCPUs" value="8" />
    <attribute name="architecture" value="amd64" />
    <attribute name="os" value="Linux" />
    <attribute name="osVersion" value="4.4.0-154-generic" />
  </system>
  <vmargs>
    <vmarg name="-Xoptionsfile=/vagrant/jdk/lib/options.default" />
    <vmarg name="-Xlockword:mode=default,noLockword=java/lang/String,noLockword=java/util/MapEntry,noLockword=java/util/HashMap$Entry,noLockword..." />
    <vmarg name="-Xjcl:jclse29" />
    <vmarg name="-Dcom.ibm.oti.vm.bootstrap.library.path=/vagrant/jdk/lib/compressedrefs:/vagrant/jdk/lib" />
    <vmarg name="-Dsun.boot.library.path=/vagrant/jdk/lib/compressedrefs:/vagrant/jdk/lib" />
    <vmarg name="-Djava.library.path=/vagrant/jdk/lib/compressedrefs:/vagrant/jdk/lib:/usr/lib64:/usr/lib" />
    <vmarg name="-Djava.home=/vagrant/jdk" />
    <vmarg name="-Duser.dir=/vagrant" />
    <vmarg name="-Xgcpolicy:optthruput" />
    <vmarg name="-Xgcelastic" />
    <vmarg name="-Xcheck:gc:::elasticGC" />
    <vmarg name="-verbose:gc" />
    <vmarg name="-Xloggc:jdkA-small-OTT-8core-verbose16sunflow.txt" />
    <vmarg name="-Djava.class.path=dacapo-9.12-MR1-bach.jar" />
    <vmarg name="-Dsun.java.command=dacapo-9.12-MR1-bach.jar sunflow --size=small" />
    <vmarg name="-Dsun.java.launcher=SUN_STANDARD" />
    <vmarg name="-Dsun.java.launcher.pid=9224" />
  </vmargs>
</initialized>

<exclusive-start id="2" timestamp="2019-08-02T19:06:06.848" intervalms="437.298">
  <response-info timems="0.059" idlems="0.059" threads="0" lastid="0000000001DC7A00" lastname="main" />
</exclusive-start>
<sys-start reason="explicit" id="3" timestamp="2019-08-02T19:06:06.848" intervalms="437.816" />
<cycle-start id="4" type="global" contextid="0" timestamp="2019-08-02T19:06:06.848" intervalms="438.092" />
<gc-start id="5" type="global" contextid="4" timestamp="2019-08-02T19:06:06.849">
  <mem-info id="6" free="4196112" total="8388608" percent="50">
    <mem type="tenure" free="4196112" total="8388608" percent="50">
      <mem type="soa" free="3777296" total="7969792" percent="47" />
      <mem type="loa" free="418816" total="418816" percent="100" />
    </mem>
  </mem-info>
</gc-start>
<allocation-stats totalBytes="4189736" >
  <allocated-bytes non-tlh="502000" tlh="3687736" />
  <largest-consumer threadName="main" threadId="0000000001DC7A00" bytes="4100928" />
</allocation-stats>
<gc-op id="7" type="mark" timems="3.670" contextid="4" timestamp="2019-08-02T19:06:06.853">
  <trace-info objectcount="30260" scancount="24300" scanbytes="765884" />
  <finalization candidates="125" enqueued="1" />
  <ownableSynchronizers candidates="3" cleared="0" />
  <references type="soft" candidates="131" cleared="0" enqueued="0" dynamicThreshold="32" maxThreshold="32" />
  <references type="weak" candidates="1322" cleared="569" enqueued="479" />
  <references type="phantom" candidates="106" cleared="42" enqueued="42" />
  <stringconstants candidates="3958" cleared="0"  />
</gc-op>
<gc-op id="8" type="classunload" timems="0.100" contextid="4" timestamp="2019-08-02T19:06:06.853">
  <classunload-info classloadercandidates="7" classloadersunloaded="0" classesunloaded="0" anonymousclassesunloaded="0" quiescems="0.000" setupms="0.100" scanms="0.000" postms="0.000" />
</gc-op>
<gc-op id="9" type="sweep" timems="0.655" contextid="4" timestamp="2019-08-02T19:06:06.854" />
<mem-info id="10" free="6536976" total="8388608" percent="77">
  <mem type="tenure" free="6536976" total="8388608" percent="77" micro-fragmented="419901" macro-fragmented="0">
    <mem type="soa" free="6118160" total="7969792" percent="76" />
    <mem type="loa" free="418816" total="418816" percent="100" />
  </mem>
  <pending-finalizers system="1" default="0" reference="521" classloader="0" />
</mem-info>
<gc-op id="11" type="compact" timems="6.138" contextid="4" timestamp="2019-08-02T19:06:06.860">
  <compact-info movecount="30259" movebytes="1344768" reason="no compaction" />
</gc-op>
<gc-end id="12" type="global" contextid="4" durationms="11.693" usertimems="8.000" systemtimems="4.000" timestamp="2019-08-02T19:06:06.860" activeThreads="8">
  <mem-info id="13" free="7043752" total="8388608" percent="83">
    <mem type="tenure" free="7043752" total="8388608" percent="83">
      <mem type="soa" free="6624936" total="7969792" percent="83" />
      <mem type="loa" free="418816" total="418816" percent="100" />
    </mem>
    <pending-finalizers system="1" default="0" reference="521" classloader="0" />
  </mem-info>
</gc-end>
<cycle-end id="14" type="global" contextid="4" timestamp="2019-08-02T19:06:06.860" />
  <attribute name="elasticGC enabled" value="1" />
  <attribute name= "numThreadsSpecified" value="0" />
  <attribute name="heapSize specified" value="8388608" />
  <attribute name= "numCores" value="8" />
  <attribute name ="GC Interval" value="0" />
  <attribute name ="Control flow" value="3" />
  <attribute name="GC Util Range Max" value="92" />
  <attribute name="Current GC Util" value="36" />
  <attribute name= "Current Time Running" value="11" />
<sys-end id="15" timestamp="2019-08-02T19:06:06.861" />
<exclusive-end id="16" timestamp="2019-08-02T19:06:06.861" durationms="12.977" />

<exclusive-start id="17" timestamp="2019-08-02T19:06:07.073" intervalms="225.256">
  <response-info timems="0.085" idlems="0.085" threads="0" lastid="0000000002133300" lastname="Thread-7" />
</exclusive-start>
<af-start id="18" threadId="0000000002133C88" totalBytesRequested="30680" timestamp="2019-08-02T19:06:07.073" intervalms="662.792" />
<cycle-start id="19" type="global" contextid="0" timestamp="2019-08-02T19:06:07.073" intervalms="224.912" />
<gc-start id="20" type="global" contextid="19" timestamp="2019-08-02T19:06:07.074">
  <mem-info id="21" free="418816" total="8388608" percent="4">
    <mem type="tenure" free="418816" total="8388608" percent="4">
      <mem type="soa" free="0" total="7969792" percent="0" />
      <mem type="loa" free="418816" total="418816" percent="100" />
    </mem>
  </mem-info>
</gc-start>
<allocation-stats totalBytes="6583864" >
  <allocated-bytes non-tlh="1544848" tlh="5039016" />
  <largest-consumer threadName="main" threadId="0000000001DC7A00" bytes="3053608" />
</allocation-stats>
<gc-op id="22" type="mark" timems="7.614" contextid="19" timestamp="2019-08-02T19:06:07.081">
  <trace-info objectcount="44531" scancount="36156" scanbytes="1206264" />
  <finalization candidates="124" enqueued="0" />
  <ownableSynchronizers candidates="3" cleared="0" />
  <references type="soft" candidates="148" cleared="0" enqueued="0" dynamicThreshold="26" maxThreshold="32" />
  <references type="weak" candidates="798" cleared="29" enqueued="28" />
  <references type="phantom" candidates="65" cleared="2" enqueued="2" />
  <stringconstants candidates="4534" cleared="1"  />
</gc-op>
<gc-op id="23" type="sweep" timems="2.765" contextid="19" timestamp="2019-08-02T19:06:07.085" />
<mem-info id="24" free="4571504" total="8388608" percent="54">
  <mem type="tenure" free="4571504" total="8388608" percent="54" micro-fragmented="797029" macro-fragmented="0">
    <mem type="soa" free="4152688" total="7969792" percent="52" />
    <mem type="loa" free="418816" total="418816" percent="100" />
  </mem>
  <pending-finalizers system="0" default="0" reference="30" classloader="0" />
</mem-info>
<gc-op id="25" type="compact" timems="15.180" contextid="19" timestamp="2019-08-02T19:06:07.100">
  <compact-info movecount="43910" movebytes="2954336" reason="no compaction" />
</gc-op>
<gc-end id="26" type="global" contextid="19" durationms="27.137" usertimems="20.000" systemtimems="12.000" timestamp="2019-08-02T19:06:07.101" activeThreads="8">
  <mem-info id="27" free="5365432" total="8388608" percent="63">
    <mem type="tenure" free="5365432" total="8388608" percent="63">
      <mem type="soa" free="4946616" total="7969792" percent="62" />
      <mem type="loa" free="418816" total="418816" percent="100" />
    </mem>
    <pending-finalizers system="0" default="0" reference="30" classloader="0" />
  </mem-info>
</gc-end>
<cycle-end id="28" type="global" contextid="19" timestamp="2019-08-02T19:06:07.101" />
  <attribute name="elasticGC enabled" value="1" />
  <attribute name= "numThreadsSpecified" value="0" />
  <attribute name="heapSize specified" value="8388608" />
  <attribute name= "numCores" value="8" />
  <attribute name ="GC Interval" value="0" />
  <attribute name ="Control flow" value="3" />
  <attribute name="GC Util Range Max" value="92" />
  <attribute name="Current GC Util" value="62" />
  <attribute name= "Current Time Running" value="251" />
<allocation-satisfied id="29" threadId="0000000002133300" bytesRequested="30680" />
<af-end id="30" timestamp="2019-08-02T19:06:07.101" threadId="0000000002133C88" success="true" />
<exclusive-end id="31" timestamp="2019-08-02T19:06:07.102" durationms="28.604" />

<exclusive-start id="32" timestamp="2019-08-02T19:06:07.146" intervalms="73.477">
  <response-info timems="0.077" idlems="0.077" threads="0" lastid="0000000002133300" lastname="Thread-7" />
</exclusive-start>
<af-start id="33" threadId="0000000002133C88" totalBytesRequested="440" timestamp="2019-08-02T19:06:07.147" intervalms="73.438" />
<cycle-start id="34" type="global" contextid="0" timestamp="2019-08-02T19:06:07.147" intervalms="73.374" />
<gc-start id="35" type="global" contextid="34" timestamp="2019-08-02T19:06:07.147">
  <mem-info id="36" free="418816" total="8388608" percent="4">
    <mem type="tenure" free="418816" total="8388608" percent="4">
      <mem type="soa" free="0" total="7969792" percent="0" />
      <mem type="loa" free="418816" total="418816" percent="100" />
    </mem>
  </mem-info>
</gc-start>
<allocation-stats totalBytes="4991984" >
  <allocated-bytes non-tlh="139472" tlh="4852512" />
  <largest-consumer threadName="Thread-7" threadId="0000000002133300" bytes="4991984" />
</allocation-stats>
<gc-op id="37" type="mark" timems="4.392" contextid="34" timestamp="2019-08-02T19:06:07.152">
  <trace-info objectcount="44455" scancount="36102" scanbytes="1204864" />
  <finalization candidates="124" enqueued="0" />
  <ownableSynchronizers candidates="3" cleared="0" />
  <references type="soft" candidates="148" cleared="0" enqueued="0" dynamicThreshold="20" maxThreshold="32" />
  <references type="weak" candidates="769" cleared="0" enqueued="0" />
  <references type="phantom" candidates="63" cleared="0" enqueued="0" />
  <stringconstants candidates="4533" cleared="0"  />
</gc-op>
<gc-op id="38" type="sweep" timems="2.382" contextid="34" timestamp="2019-08-02T19:06:07.154" />
<mem-info id="39" free="5484488" total="8388608" percent="65">
  <mem type="tenure" free="5484488" total="8388608" percent="65" micro-fragmented="8514" macro-fragmented="0">
    <mem type="soa" free="5065672" total="7969792" percent="63" />
    <mem type="loa" free="418816" total="418816" percent="100" />
  </mem>
</mem-info>
<gc-op id="40" type="compact" timems="10.495" contextid="34" timestamp="2019-08-02T19:06:07.165">
  <compact-info movecount="28023" movebytes="2176840" reason="no compaction" />
</gc-op>
<gc-end id="41" type="global" contextid="34" durationms="18.394" usertimems="12.000" systemtimems="12.000" timestamp="2019-08-02T19:06:07.165" activeThreads="8">
  <mem-info id="42" free="5424448" total="8388608" percent="64">
    <mem type="tenure" free="5424448" total="8388608" percent="64">
      <mem type="soa" free="5005632" total="7969792" percent="62" />
      <mem type="loa" free="418816" total="418816" percent="100" />
    </mem>
  </mem-info>
</gc-end>
<cycle-end id="43" type="global" contextid="34" timestamp="2019-08-02T19:06:07.165" />
  <attribute name="elasticGC enabled" value="1" />
  <attribute name= "numThreadsSpecified" value="0" />
  <attribute name="heapSize specified" value="8388608" />
  <attribute name= "numCores" value="8" />
  <attribute name ="GC Interval" value="0" />
  <attribute name ="Control flow" value="3" />
  <attribute name="GC Util Range Max" value="92" />
  <attribute name="Current GC Util" value="104" />
  <attribute name= "Current Time Running" value="316" />
<allocation-satisfied id="44" threadId="0000000002133300" bytesRequested="440" />
<af-end id="45" timestamp="2019-08-02T19:06:07.166" threadId="0000000002133C88" success="true" />
<exclusive-end id="46" timestamp="2019-08-02T19:06:07.166" durationms="19.278" />

<exclusive-start id="47" timestamp="2019-08-02T19:06:07.278" intervalms="131.222">
  <response-info timems="0.028" idlems="0.028" threads="0" lastid="0000000002133300" lastname="Thread-11" />
</exclusive-start>
<af-start id="48" threadId="0000000002133C88" totalBytesRequested="24" timestamp="2019-08-02T19:06:07.278" intervalms="131.196" />
<cycle-start id="49" type="global" contextid="0" timestamp="2019-08-02T19:06:07.278" intervalms="131.208" />
<gc-start id="50" type="global" contextid="49" timestamp="2019-08-02T19:06:07.278">
  <mem-info id="51" free="418816" total="8388608" percent="4">
    <mem type="tenure" free="418816" total="8388608" percent="4">
      <mem type="soa" free="0" total="7969792" percent="0" />
      <mem type="loa" free="418816" total="418816" percent="100" />
    </mem>
  </mem-info>
</gc-start>
<allocation-stats totalBytes="5066656" >
  <allocated-bytes non-tlh="606752" tlh="4459904" />
  <largest-consumer threadName="Thread-11" threadId="0000000002133300" bytes="4045920" />
</allocation-stats>
<gc-op id="52" type="mark" timems="2.054" contextid="49" timestamp="2019-08-02T19:06:07.280">
  <trace-info objectcount="49131" scancount="40714" scanbytes="1450496" />
  <finalization candidates="124" enqueued="0" />
  <ownableSynchronizers candidates="3" cleared="0" />
  <references type="soft" candidates="148" cleared="0" enqueued="0" dynamicThreshold="20" maxThreshold="32" />
  <references type="weak" candidates="769" cleared="0" enqueued="0" />
  <references type="phantom" candidates="63" cleared="0" enqueued="0" />
  <stringconstants candidates="4596" cleared="0"  />
</gc-op>
<gc-op id="53" type="sweep" timems="0.688" contextid="49" timestamp="2019-08-02T19:06:07.281" />
<mem-info id="54" free="5558968" total="8388608" percent="66">
  <mem type="tenure" free="5558968" total="8388608" percent="66" micro-fragmented="66495" macro-fragmented="0">
    <mem type="soa" free="5140152" total="7969792" percent="64" />
    <mem type="loa" free="418816" total="418816" percent="100" />
  </mem>
</mem-info>
<gc-op id="55" type="compact" timems="3.874" contextid="49" timestamp="2019-08-02T19:06:07.285">
  <compact-info movecount="11692" movebytes="1028320" reason="no compaction" />
</gc-op>
<gc-end id="56" type="global" contextid="49" durationms="7.678" usertimems="12.000" systemtimems="0.000" timestamp="2019-08-02T19:06:07.286" activeThreads="8">
  <mem-info id="57" free="5604616" total="8388608" percent="66">
    <mem type="tenure" free="5604616" total="8388608" percent="66">
      <mem type="soa" free="5185800" total="7969792" percent="65" />
      <mem type="loa" free="418816" total="418816" percent="100" />
    </mem>
  </mem-info>
</gc-end>
<cycle-end id="58" type="global" contextid="49" timestamp="2019-08-02T19:06:07.286" />
  <attribute name="elasticGC enabled" value="1" />
  <attribute name= "numThreadsSpecified" value="0" />
  <attribute name="heapSize specified" value="8388608" />
  <attribute name= "numCores" value="8" />
  <attribute name ="GC Interval" value="0" />
  <attribute name ="Control flow" value="3" />
  <attribute name="GC Util Range Max" value="92" />
  <attribute name="Current GC Util" value="78" />
  <attribute name= "Current Time Running" value="436" />
<allocation-satisfied id="59" threadId="0000000002133300" bytesRequested="24" />
<af-end id="60" timestamp="2019-08-02T19:06:07.286" threadId="0000000002133C88" success="true" />
<exclusive-end id="61" timestamp="2019-08-02T19:06:07.286" durationms="8.771" />

<exclusive-start id="62" timestamp="2019-08-02T19:06:07.315" intervalms="37.275">
  <response-info timems="0.058" idlems="0.058" threads="0" lastid="0000000002133300" lastname="Thread-11" />
</exclusive-start>
<af-start id="63" threadId="0000000002133C88" totalBytesRequested="40" timestamp="2019-08-02T19:06:07.315" intervalms="37.321" />
<cycle-start id="64" type="global" contextid="0" timestamp="2019-08-02T19:06:07.315" intervalms="37.324" />
<gc-start id="65" type="global" contextid="64" timestamp="2019-08-02T19:06:07.315">
  <mem-info id="66" free="418816" total="8388608" percent="4">
    <mem type="tenure" free="418816" total="8388608" percent="4">
      <mem type="soa" free="0" total="7969792" percent="0" />
      <mem type="loa" free="418816" total="418816" percent="100" />
    </mem>
  </mem-info>
</gc-start>
<allocation-stats totalBytes="5250688" >
  <allocated-bytes non-tlh="0" tlh="5250688" />
  <largest-consumer threadName="Thread-11" threadId="0000000002133300" bytes="5250688" />
</allocation-stats>
<gc-op id="67" type="mark" timems="1.947" contextid="64" timestamp="2019-08-02T19:06:07.317">
  <trace-info objectcount="49421" scancount="41018" scanbytes="1457440" />
  <finalization candidates="124" enqueued="0" />
  <ownableSynchronizers candidates="3" cleared="0" />
  <references type="soft" candidates="148" cleared="0" enqueued="0" dynamicThreshold="21" maxThreshold="32" />
  <references type="weak" candidates="769" cleared="0" enqueued="0" />
  <references type="phantom" candidates="63" cleared="0" enqueued="0" />
  <stringconstants candidates="4596" cleared="0"  />
</gc-op>
<gc-op id="68" type="sweep" timems="0.686" contextid="64" timestamp="2019-08-02T19:06:07.318" />
<mem-info id="69" free="5658592" total="8388608" percent="67">
  <mem type="tenure" free="5658592" total="8388608" percent="67" micro-fragmented="0" macro-fragmented="0">
    <mem type="soa" free="5239776" total="7969792" percent="65" />
    <mem type="loa" free="418816" total="418816" percent="100" />
  </mem>
</mem-info>
<gc-op id="70" type="compact" timems="3.345" contextid="64" timestamp="2019-08-02T19:06:07.322">
  <compact-info movecount="570" movebytes="14072" reason="no compaction" />
</gc-op>
<gc-end id="71" type="global" contextid="64" durationms="6.920" usertimems="12.000" systemtimems="0.000" timestamp="2019-08-02T19:06:07.322" activeThreads="8">
  <mem-info id="72" free="5597672" total="8388608" percent="66">
    <mem type="tenure" free="5597672" total="8388608" percent="66">
      <mem type="soa" free="5178856" total="7969792" percent="64" />
      <mem type="loa" free="418816" total="418816" percent="100" />
    </mem>
  </mem-info>
</gc-end>
<cycle-end id="73" type="global" contextid="64" timestamp="2019-08-02T19:06:07.323" />
  <attribute name="elasticGC enabled" value="1" />
  <attribute name= "numThreadsSpecified" value="0" />
  <attribute name="heapSize specified" value="8388608" />
  <attribute name= "numCores" value="8" />
  <attribute name ="GC Interval" value="0" />
  <attribute name ="Control flow" value="3" />
  <attribute name="GC Util Range Max" value="92" />
  <attribute name="Current GC Util" value="97" />
  <attribute name= "Current Time Running" value="473" />
<allocation-satisfied id="74" threadId="0000000002133300" bytesRequested="40" />
<af-end id="75" timestamp="2019-08-02T19:06:07.323" threadId="0000000002133C88" success="true" />
<exclusive-end id="76" timestamp="2019-08-02T19:06:07.323" durationms="8.082" />

<exclusive-start id="77" timestamp="2019-08-02T19:06:07.340" intervalms="25.020">
  <response-info timems="0.069" idlems="0.069" threads="0" lastid="0000000002133300" lastname="Thread-11" />
</exclusive-start>
<af-start id="78" threadId="0000000002133C88" totalBytesRequested="40" timestamp="2019-08-02T19:06:07.340" intervalms="24.970" />
<cycle-start id="79" type="global" contextid="0" timestamp="2019-08-02T19:06:07.340" intervalms="24.974" />
<gc-start id="80" type="global" contextid="79" timestamp="2019-08-02T19:06:07.340">
  <mem-info id="81" free="418816" total="8388608" percent="4">
    <mem type="tenure" free="418816" total="8388608" percent="4">
      <mem type="soa" free="0" total="7969792" percent="0" />
      <mem type="loa" free="418816" total="418816" percent="100" />
    </mem>
  </mem-info>
</gc-start>
<allocation-stats totalBytes="5243704" >
  <allocated-bytes non-tlh="0" tlh="5243704" />
  <largest-consumer threadName="Thread-11" threadId="0000000002133300" bytes="5243704" />
</allocation-stats>
<gc-op id="82" type="mark" timems="1.777" contextid="79" timestamp="2019-08-02T19:06:07.342">
  <trace-info objectcount="49642" scancount="41227" scanbytes="1462728" />
  <finalization candidates="124" enqueued="0" />
  <ownableSynchronizers candidates="3" cleared="0" />
  <references type="soft" candidates="148" cleared="0" enqueued="0" dynamicThreshold="21" maxThreshold="32" />
  <references type="weak" candidates="769" cleared="0" enqueued="0" />
  <references type="phantom" candidates="63" cleared="0" enqueued="0" />
  <stringconstants candidates="4596" cleared="0"  />
</gc-op>
<gc-op id="83" type="sweep" timems="0.203" contextid="79" timestamp="2019-08-02T19:06:07.343" />
<mem-info id="84" free="5653832" total="8388608" percent="67">
  <mem type="tenure" free="5653832" total="8388608" percent="67" micro-fragmented="0" macro-fragmented="0">
    <mem type="soa" free="5235016" total="7969792" percent="65" />
    <mem type="loa" free="418816" total="418816" percent="100" />
  </mem>
</mem-info>
<gc-op id="85" type="compact" timems="2.157" contextid="79" timestamp="2019-08-02T19:06:07.345">
  <compact-info movecount="435" movebytes="10816" reason="no compaction" />
</gc-op>
<gc-end id="86" type="global" contextid="79" durationms="4.707" usertimems="8.000" systemtimems="0.000" timestamp="2019-08-02T19:06:07.345" activeThreads="8">
  <mem-info id="87" free="5592384" total="8388608" percent="66">
    <mem type="tenure" free="5592384" total="8388608" percent="66">
      <mem type="soa" free="5173568" total="7969792" percent="64" />
      <mem type="loa" free="418816" total="418816" percent="100" />
    </mem>
  </mem-info>
</gc-end>
<cycle-end id="88" type="global" contextid="79" timestamp="2019-08-02T19:06:07.345" />
  <attribute name="elasticGC enabled" value="1" />
  <attribute name= "numThreadsSpecified" value="0" />
  <attribute name="heapSize specified" value="8388608" />
  <attribute name= "numCores" value="8" />
  <attribute name ="GC Interval" value="0" />
  <attribute name ="Control flow" value="3" />
  <attribute name="GC Util Range Max" value="92" />
  <attribute name="Current GC Util" value="39" />
  <attribute name= "Current Time Running" value="496" />
<allocation-satisfied id="89" threadId="0000000002133300" bytesRequested="40" />
<af-end id="90" timestamp="2019-08-02T19:06:07.345" threadId="0000000002133C88" success="true" />
<exclusive-end id="91" timestamp="2019-08-02T19:06:07.345" durationms="5.529" />

<exclusive-start id="92" timestamp="2019-08-02T19:06:07.362" intervalms="21.738">
  <response-info timems="0.074" idlems="0.074" threads="0" lastid="0000000002133300" lastname="Thread-11" />
</exclusive-start>
<af-start id="93" threadId="0000000002133C88" totalBytesRequested="40" timestamp="2019-08-02T19:06:07.362" intervalms="21.678" />
<cycle-start id="94" type="global" contextid="0" timestamp="2019-08-02T19:06:07.362" intervalms="21.619" />
<gc-start id="95" type="global" contextid="94" timestamp="2019-08-02T19:06:07.362">
  <mem-info id="96" free="418816" total="8388608" percent="4">
    <mem type="tenure" free="418816" total="8388608" percent="4">
      <mem type="soa" free="0" total="7969792" percent="0" />
      <mem type="loa" free="418816" total="418816" percent="100" />
    </mem>
  </mem-info>
</gc-start>
<allocation-stats totalBytes="5238432" >
  <allocated-bytes non-tlh="0" tlh="5238432" />
  <largest-consumer threadName="Thread-11" threadId="0000000002133300" bytes="5238432" />
</allocation-stats>
<gc-op id="97" type="mark" timems="1.095" contextid="94" timestamp="2019-08-02T19:06:07.363">
  <trace-info objectcount="49812" scancount="41403" scanbytes="1466552" />
  <finalization candidates="124" enqueued="0" />
  <ownableSynchronizers candidates="3" cleared="0" />
  <references type="soft" candidates="148" cleared="0" enqueued="0" dynamicThreshold="21" maxThreshold="32" />
  <references type="weak" candidates="769" cleared="0" enqueued="0" />
  <references type="phantom" candidates="63" cleared="0" enqueued="0" />
  <stringconstants candidates="4596" cleared="0"  />
</gc-op>
<gc-op id="98" type="sweep" timems="0.234" contextid="94" timestamp="2019-08-02T19:06:07.363" />
<mem-info id="99" free="5652648" total="8388608" percent="67">
  <mem type="tenure" free="5652648" total="8388608" percent="67" micro-fragmented="0" macro-fragmented="0">
    <mem type="soa" free="5233832" total="7969792" percent="65" />
    <mem type="loa" free="418816" total="418816" percent="100" />
  </mem>
</mem-info>
<gc-op id="100" type="compact" timems="2.064" contextid="94" timestamp="2019-08-02T19:06:07.366">
  <compact-info movecount="246" movebytes="6024" reason="no compaction" />
</gc-op>
<gc-end id="101" type="global" contextid="94" durationms="3.891" usertimems="8.000" systemtimems="0.000" timestamp="2019-08-02T19:06:07.366" activeThreads="8">
  <mem-info id="102" free="5588560" total="8388608" percent="66">
    <mem type="tenure" free="5588560" total="8388608" percent="66">
      <mem type="soa" free="5169744" total="7969792" percent="64" />
      <mem type="loa" free="418816" total="418816" percent="100" />
    </mem>
  </mem-info>
</gc-end>
<cycle-end id="103" type="global" contextid="94" timestamp="2019-08-02T19:06:07.366" />
  <attribute name="elasticGC enabled" value="1" />
  <attribute name= "numThreadsSpecified" value="0" />
  <attribute name="heapSize specified" value="8388608" />
  <attribute name= "numCores" value="8" />
  <attribute name ="GC Interval" value="0" />
  <attribute name ="Control flow" value="3" />
  <attribute name="GC Util Range Max" value="92" />
  <attribute name="Current GC Util" value="42" />
  <attribute name= "Current Time Running" value="516" />
<allocation-satisfied id="104" threadId="0000000002133300" bytesRequested="40" />
<af-end id="105" timestamp="2019-08-02T19:06:07.366" threadId="0000000002133C88" success="true" />
<exclusive-end id="106" timestamp="2019-08-02T19:06:07.366" durationms="4.481" />

<exclusive-start id="107" timestamp="2019-08-02T19:06:07.382" intervalms="20.721">
  <response-info timems="0.076" idlems="0.076" threads="0" lastid="0000000002133300" lastname="Thread-11" />
</exclusive-start>
<af-start id="108" threadId="0000000002133C88" totalBytesRequested="24" timestamp="2019-08-02T19:06:07.382" intervalms="20.726" />
<cycle-start id="109" type="global" contextid="0" timestamp="2019-08-02T19:06:07.383" intervalms="20.717" />
<gc-start id="110" type="global" contextid="109" timestamp="2019-08-02T19:06:07.383">
  <mem-info id="111" free="418816" total="8388608" percent="4">
    <mem type="tenure" free="418816" total="8388608" percent="4">
      <mem type="soa" free="0" total="7969792" percent="0" />
      <mem type="loa" free="418816" total="418816" percent="100" />
    </mem>
  </mem-info>
</gc-start>
<allocation-stats totalBytes="5234728" >
  <allocated-bytes non-tlh="0" tlh="5234728" />
  <largest-consumer threadName="Thread-11" threadId="0000000002133300" bytes="5234728" />
</allocation-stats>
<gc-op id="112" type="mark" timems="1.157" contextid="109" timestamp="2019-08-02T19:06:07.384">
  <trace-info objectcount="50123" scancount="41704" scanbytes="1474192" />
  <finalization candidates="124" enqueued="0" />
  <ownableSynchronizers candidates="3" cleared="0" />
  <references type="soft" candidates="148" cleared="0" enqueued="0" dynamicThreshold="21" maxThreshold="32" />
  <references type="weak" candidates="769" cleared="0" enqueued="0" />
  <references type="phantom" candidates="63" cleared="0" enqueued="0" />
  <stringconstants candidates="4596" cleared="0"  />
</gc-op>
<gc-op id="113" type="sweep" timems="0.195" contextid="109" timestamp="2019-08-02T19:06:07.384" />
<mem-info id="114" free="5639480" total="8388608" percent="67">
  <mem type="tenure" free="5639480" total="8388608" percent="67" micro-fragmented="0" macro-fragmented="0">
    <mem type="soa" free="5220664" total="7969792" percent="65" />
    <mem type="loa" free="418816" total="418816" percent="100" />
  </mem>
</mem-info>
<gc-op id="115" type="compact" timems="2.124" contextid="109" timestamp="2019-08-02T19:06:07.387">
  <compact-info movecount="323" movebytes="8048" reason="no compaction" />
</gc-op>
<gc-end id="116" type="global" contextid="109" durationms="4.079" usertimems="4.000" systemtimems="0.000" timestamp="2019-08-02T19:06:07.387" activeThreads="8">
  <mem-info id="117" free="5580920" total="8388608" percent="66">
    <mem type="tenure" free="5580920" total="8388608" percent="66">
      <mem type="soa" free="5162104" total="7969792" percent="64" />
      <mem type="loa" free="418816" total="418816" percent="100" />
    </mem>
  </mem-info>
</gc-end>
<cycle-end id="118" type="global" contextid="109" timestamp="2019-08-02T19:06:07.387" />
  <attribute name="elasticGC enabled" value="1" />
  <attribute name= "numThreadsSpecified" value="0" />
  <attribute name="heapSize specified" value="8388608" />
  <attribute name= "numCores" value="8" />
  <attribute name ="GC Interval" value="0" />
  <attribute name ="Control flow" value="3" />
  <attribute name="GC Util Range Max" value="92" />
  <attribute name="Current GC Util" value="41" />
  <attribute name= "Current Time Running" value="537" />
<allocation-satisfied id="119" threadId="0000000002133300" bytesRequested="24" />
<af-end id="120" timestamp="2019-08-02T19:06:07.387" threadId="0000000002133C88" success="true" />
<exclusive-end id="121" timestamp="2019-08-02T19:06:07.387" durationms="4.704" />

<exclusive-start id="122" timestamp="2019-08-02T19:06:07.404" intervalms="21.838">
  <response-info timems="0.082" idlems="0.082" threads="0" lastid="0000000002133300" lastname="Thread-11" />
</exclusive-start>
<af-start id="123" threadId="0000000002133C88" totalBytesRequested="24" timestamp="2019-08-02T19:06:07.404" intervalms="21.830" />
<cycle-start id="124" type="global" contextid="0" timestamp="2019-08-02T19:06:07.404" intervalms="21.790" />
<gc-start id="125" type="global" contextid="124" timestamp="2019-08-02T19:06:07.404">
  <mem-info id="126" free="418816" total="8388608" percent="4">
    <mem type="tenure" free="418816" total="8388608" percent="4">
      <mem type="soa" free="0" total="7969792" percent="0" />
      <mem type="loa" free="418816" total="418816" percent="100" />
    </mem>
  </mem-info>
</gc-start>
<allocation-stats totalBytes="5226912" >
  <allocated-bytes non-tlh="0" tlh="5226912" />
  <largest-consumer threadName="Thread-11" threadId="0000000002133300" bytes="5226912" />
</allocation-stats>
<gc-op id="127" type="mark" timems="1.092" contextid="124" timestamp="2019-08-02T19:06:07.406">
  <trace-info objectcount="50397" scancount="41986" scanbytes="1480592" />
  <finalization candidates="124" enqueued="0" />
  <ownableSynchronizers candidates="3" cleared="0" />
  <references type="soft" candidates="148" cleared="0" enqueued="0" dynamicThreshold="21" maxThreshold="32" />
  <references type="weak" candidates="769" cleared="0" enqueued="0" />
  <references type="phantom" candidates="63" cleared="0" enqueued="0" />
  <stringconstants candidates="4596" cleared="0"  />
</gc-op>
<gc-op id="128" type="sweep" timems="0.191" contextid="124" timestamp="2019-08-02T19:06:07.406" />
<mem-info id="129" free="5629904" total="8388608" percent="67">
  <mem type="tenure" free="5629904" total="8388608" percent="67" micro-fragmented="0" macro-fragmented="0">
    <mem type="soa" free="5211088" total="7969792" percent="65" />
    <mem type="loa" free="418816" total="418816" percent="100" />
  </mem>
</mem-info>
<gc-op id="130" type="compact" timems="2.042" contextid="124" timestamp="2019-08-02T19:06:07.408">
  <compact-info movecount="330" movebytes="8040" reason="no compaction" />
</gc-op>
<gc-end id="131" type="global" contextid="124" durationms="3.705" usertimems="0.000" systemtimems="4.000" timestamp="2019-08-02T19:06:07.408" activeThreads="8">
  <mem-info id="132" free="5574520" total="8388608" percent="66">
    <mem type="tenure" free="5574520" total="8388608" percent="66">
      <mem type="soa" free="5155704" total="7969792" percent="64" />
      <mem type="loa" free="418816" total="418816" percent="100" />
    </mem>
  </mem-info>
</gc-end>
<cycle-end id="133" type="global" contextid="124" timestamp="2019-08-02T19:06:07.408" />
  <attribute name="elasticGC enabled" value="1" />
  <attribute name= "numThreadsSpecified" value="0" />
  <attribute name="heapSize specified" value="8388608" />
  <attribute name= "numCores" value="8" />
  <attribute name ="GC Interval" value="0" />
  <attribute name ="Control flow" value="3" />
  <attribute name="GC Util Range Max" value="92" />
  <attribute name="Current GC Util" value="42" />
  <attribute name= "Current Time Running" value="559" />
<allocation-satisfied id="134" threadId="0000000002133300" bytesRequested="24" />
<af-end id="135" timestamp="2019-08-02T19:06:07.408" threadId="0000000002133C88" success="true" />
<exclusive-end id="136" timestamp="2019-08-02T19:06:07.408" durationms="4.204" />

<exclusive-start id="137" timestamp="2019-08-02T19:06:07.427" intervalms="23.144">
  <response-info timems="0.069" idlems="0.069" threads="0" lastid="0000000002133300" lastname="Thread-11" />
</exclusive-start>
<af-start id="138" threadId="0000000002133C88" totalBytesRequested="40" timestamp="2019-08-02T19:06:07.427" intervalms="23.140" />
<cycle-start id="139" type="global" contextid="0" timestamp="2019-08-02T19:06:07.428" intervalms="23.178" />
<gc-start id="140" type="global" contextid="139" timestamp="2019-08-02T19:06:07.428">
  <mem-info id="141" free="418816" total="8388608" percent="4">
    <mem type="tenure" free="418816" total="8388608" percent="4">
      <mem type="soa" free="0" total="7969792" percent="0" />
      <mem type="loa" free="418816" total="418816" percent="100" />
    </mem>
  </mem-info>
</gc-start>
<allocation-stats totalBytes="5220616" >
  <allocated-bytes non-tlh="0" tlh="5220616" />
  <largest-consumer threadName="Thread-11" threadId="0000000002133300" bytes="5220616" />
</allocation-stats>
<gc-op id="142" type="mark" timems="1.229" contextid="139" timestamp="2019-08-02T19:06:07.429">
  <trace-info objectcount="50746" scancount="42333" scanbytes="1489224" />
  <finalization candidates="124" enqueued="0" />
  <ownableSynchronizers candidates="3" cleared="0" />
  <references type="soft" candidates="148" cleared="0" enqueued="0" dynamicThreshold="21" maxThreshold="32" />
  <references type="weak" candidates="769" cleared="0" enqueued="0" />
  <references type="phantom" candidates="63" cleared="0" enqueued="0" />
  <stringconstants candidates="4596" cleared="0"  />
</gc-op>
<gc-op id="143" type="sweep" timems="0.249" contextid="139" timestamp="2019-08-02T19:06:07.429" />
<mem-info id="144" free="5625976" total="8388608" percent="67">
  <mem type="tenure" free="5625976" total="8388608" percent="67" micro-fragmented="0" macro-fragmented="0">
    <mem type="soa" free="5207160" total="7969792" percent="65" />
    <mem type="loa" free="418816" total="418816" percent="100" />
  </mem>
</mem-info>
<gc-op id="145" type="compact" timems="2.198" contextid="139" timestamp="2019-08-02T19:06:07.432">
  <compact-info movecount="606" movebytes="14920" reason="no compaction" />
</gc-op>
<gc-end id="146" type="global" contextid="139" durationms="4.219" usertimems="0.000" systemtimems="4.000" timestamp="2019-08-02T19:06:07.432" activeThreads="8">
  <mem-info id="147" free="5565888" total="8388608" percent="66">
    <mem type="tenure" free="5565888" total="8388608" percent="66">
      <mem type="soa" free="5147072" total="7969792" percent="64" />
      <mem type="loa" free="418816" total="418816" percent="100" />
    </mem>
  </mem-info>
</gc-end>
<cycle-end id="148" type="global" contextid="139" timestamp="2019-08-02T19:06:07.432" />
  <attribute name="elasticGC enabled" value="1" />
  <attribute name= "numThreadsSpecified" value="0" />
  <attribute name="heapSize specified" value="8388608" />
  <attribute name= "numCores" value="8" />
  <attribute name ="GC Interval" value="0" />
  <attribute name ="Control flow" value="3" />
  <attribute name="GC Util Range Max" value="92" />
  <attribute name="Current GC Util" value="37" />
  <attribute name= "Current Time Running" value="582" />
<allocation-satisfied id="149" threadId="0000000002133300" bytesRequested="40" />
<af-end id="150" timestamp="2019-08-02T19:06:07.432" threadId="0000000002133C88" success="true" />
<exclusive-end id="151" timestamp="2019-08-02T19:06:07.432" durationms="4.812" />

<exclusive-start id="152" timestamp="2019-08-02T19:06:07.453" intervalms="25.261">
  <response-info timems="0.062" idlems="0.062" threads="0" lastid="0000000002133300" lastname="Thread-11" />
</exclusive-start>
<af-start id="153" threadId="0000000002133C88" totalBytesRequested="40" timestamp="2019-08-02T19:06:07.453" intervalms="25.263" />
<cycle-start id="154" type="global" contextid="0" timestamp="2019-08-02T19:06:07.453" intervalms="25.264" />
<gc-start id="155" type="global" contextid="154" timestamp="2019-08-02T19:06:07.453">
  <mem-info id="156" free="418816" total="8388608" percent="4">
    <mem type="tenure" free="418816" total="8388608" percent="4">
      <mem type="soa" free="0" total="7969792" percent="0" />
      <mem type="loa" free="418816" total="418816" percent="100" />
    </mem>
  </mem-info>
</gc-start>
<allocation-stats totalBytes="5211984" >
  <allocated-bytes non-tlh="0" tlh="5211984" />
  <largest-consumer threadName="Thread-11" threadId="0000000002133300" bytes="5211984" />
</allocation-stats>
<gc-op id="157" type="mark" timems="1.203" contextid="154" timestamp="2019-08-02T19:06:07.454">
  <trace-info objectcount="51054" scancount="42640" scanbytes="1496632" />
  <finalization candidates="124" enqueued="0" />
  <ownableSynchronizers candidates="3" cleared="0" />
  <references type="soft" candidates="148" cleared="0" enqueued="0" dynamicThreshold="21" maxThreshold="32" />
  <references type="weak" candidates="769" cleared="0" enqueued="0" />
  <references type="phantom" candidates="63" cleared="0" enqueued="0" />
  <stringconstants candidates="4596" cleared="0"  />
</gc-op>
<gc-op id="158" type="sweep" timems="0.190" contextid="154" timestamp="2019-08-02T19:06:07.455" />
<mem-info id="159" free="5617824" total="8388608" percent="66">
  <mem type="tenure" free="5617824" total="8388608" percent="66" micro-fragmented="0" macro-fragmented="0">
    <mem type="soa" free="5199008" total="7969792" percent="65" />
    <mem type="loa" free="418816" total="418816" percent="100" />
  </mem>
</mem-info>
<gc-op id="160" type="compact" timems="2.179" contextid="154" timestamp="2019-08-02T19:06:07.457">
  <compact-info movecount="384" movebytes="9608" reason="no compaction" />
</gc-op>
<gc-end id="161" type="global" contextid="154" durationms="4.236" usertimems="8.000" systemtimems="0.000" timestamp="2019-08-02T19:06:07.457" activeThreads="8">
  <mem-info id="162" free="5558480" total="8388608" percent="66">
    <mem type="tenure" free="5558480" total="8388608" percent="66">
      <mem type="soa" free="5139664" total="7969792" percent="64" />
      <mem type="loa" free="418816" total="418816" percent="100" />
    </mem>
  </mem-info>
</gc-end>
<cycle-end id="163" type="global" contextid="154" timestamp="2019-08-02T19:06:07.457" />
  <attribute name="elasticGC enabled" value="1" />
  <attribute name= "numThreadsSpecified" value="0" />
  <attribute name="heapSize specified" value="8388608" />
  <attribute name= "numCores" value="8" />
  <attribute name ="GC Interval" value="0" />
  <attribute name ="Control flow" value="3" />
  <attribute name="GC Util Range Max" value="92" />
  <attribute name="Current GC Util" value="39" />
  <attribute name= "Current Time Running" value="608" />
<allocation-satisfied id="164" threadId="0000000002133300" bytesRequested="40" />
<af-end id="165" timestamp="2019-08-02T19:06:07.457" threadId="0000000002133C88" success="true" />
<exclusive-end id="166" timestamp="2019-08-02T19:06:07.457" durationms="4.873" />

<exclusive-start id="167" timestamp="2019-08-02T19:06:07.477" intervalms="24.159">
  <response-info timems="0.068" idlems="0.068" threads="0" lastid="0000000002133300" lastname="Thread-11" />
</exclusive-start>
<af-start id="168" threadId="0000000002133C88" totalBytesRequested="24" timestamp="2019-08-02T19:06:07.477" intervalms="24.155" />
<cycle-start id="169" type="global" contextid="0" timestamp="2019-08-02T19:06:07.477" intervalms="24.151" />
<gc-start id="170" type="global" contextid="169" timestamp="2019-08-02T19:06:07.477">
  <mem-info id="171" free="418816" total="8388608" percent="4">
    <mem type="tenure" free="418816" total="8388608" percent="4">
      <mem type="soa" free="0" total="7969792" percent="0" />
      <mem type="loa" free="418816" total="418816" percent="100" />
    </mem>
  </mem-info>
</gc-start>
<allocation-stats totalBytes="5204408" >
  <allocated-bytes non-tlh="0" tlh="5204408" />
  <largest-consumer threadName="Thread-11" threadId="0000000002133300" bytes="5204408" />
</allocation-stats>
<gc-op id="172" type="mark" timems="1.106" contextid="169" timestamp="2019-08-02T19:06:07.478">
  <trace-info objectcount="51382" scancount="42978" scanbytes="1504424" />
  <finalization candidates="124" enqueued="0" />
  <ownableSynchronizers candidates="3" cleared="0" />
  <references type="soft" candidates="148" cleared="0" enqueued="0" dynamicThreshold="21" maxThreshold="32" />
  <references type="weak" candidates="769" cleared="0" enqueued="0" />
  <references type="phantom" candidates="63" cleared="0" enqueued="0" />
  <stringconstants candidates="4596" cleared="0"  />
</gc-op>
<gc-op id="173" type="sweep" timems="0.192" contextid="169" timestamp="2019-08-02T19:06:07.478" />
<mem-info id="174" free="5607368" total="8388608" percent="66">
  <mem type="tenure" free="5607368" total="8388608" percent="66" micro-fragmented="22326" macro-fragmented="0">
    <mem type="soa" free="5188552" total="7969792" percent="65" />
    <mem type="loa" free="418816" total="418816" percent="100" />
  </mem>
</mem-info>
<gc-op id="175" type="compact" timems="2.144" contextid="169" timestamp="2019-08-02T19:06:07.481">
  <compact-info movecount="571" movebytes="14016" reason="no compaction" />
</gc-op>
<gc-end id="176" type="global" contextid="169" durationms="4.003" usertimems="8.000" systemtimems="0.000" timestamp="2019-08-02T19:06:07.481" activeThreads="8">
  <mem-info id="177" free="5550688" total="8388608" percent="66">
    <mem type="tenure" free="5550688" total="8388608" percent="66">
      <mem type="soa" free="5131872" total="7969792" percent="64" />
      <mem type="loa" free="418816" total="418816" percent="100" />
    </mem>
  </mem-info>
</gc-end>
<cycle-end id="178" type="global" contextid="169" timestamp="2019-08-02T19:06:07.481" />
  <attribute name="elasticGC enabled" value="1" />
  <attribute name= "numThreadsSpecified" value="0" />
  <attribute name="heapSize specified" value="8388608" />
  <attribute name= "numCores" value="8" />
  <attribute name ="GC Interval" value="0" />
  <attribute name ="Control flow" value="3" />
  <attribute name="GC Util Range Max" value="92" />
  <attribute name="Current GC Util" value="39" />
  <attribute name= "Current Time Running" value="632" />
<allocation-satisfied id="179" threadId="0000000002133300" bytesRequested="24" />
<af-end id="180" timestamp="2019-08-02T19:06:07.481" threadId="0000000002133C88" success="true" />
<exclusive-end id="181" timestamp="2019-08-02T19:06:07.481" durationms="4.640" />

<exclusive-start id="182" timestamp="2019-08-02T19:06:07.502" intervalms="25.290">
  <response-info timems="0.054" idlems="0.054" threads="0" lastid="0000000002133300" lastname="Thread-11" />
</exclusive-start>
<af-start id="183" threadId="0000000002133C88" totalBytesRequested="40" timestamp="2019-08-02T19:06:07.502" intervalms="25.306" />
<cycle-start id="184" type="global" contextid="0" timestamp="2019-08-02T19:06:07.502" intervalms="25.315" />
<gc-start id="185" type="global" contextid="184" timestamp="2019-08-02T19:06:07.502">
  <mem-info id="186" free="418816" total="8388608" percent="4">
    <mem type="tenure" free="418816" total="8388608" percent="4">
      <mem type="soa" free="0" total="7969792" percent="0" />
      <mem type="loa" free="418816" total="418816" percent="100" />
    </mem>
  </mem-info>
</gc-start>
<allocation-stats totalBytes="5196856" >
  <allocated-bytes non-tlh="0" tlh="5196856" />
  <largest-consumer threadName="Thread-11" threadId="0000000002133300" bytes="5196856" />
</allocation-stats>
<gc-op id="187" type="mark" timems="1.625" contextid="184" timestamp="2019-08-02T19:06:07.504">
  <trace-info objectcount="51787" scancount="43368" scanbytes="1514208" />
  <finalization candidates="124" enqueued="0" />
  <ownableSynchronizers candidates="3" cleared="0" />
  <references type="soft" candidates="148" cleared="0" enqueued="0" dynamicThreshold="21" maxThreshold="32" />
  <references type="weak" candidates="769" cleared="0" enqueued="0" />
  <references type="phantom" candidates="63" cleared="0" enqueued="0" />
  <stringconstants candidates="4596" cleared="0"  />
</gc-op>
<gc-op id="188" type="sweep" timems="0.201" contextid="184" timestamp="2019-08-02T19:06:07.504" />
<mem-info id="189" free="5599024" total="8388608" percent="66">
  <mem type="tenure" free="5599024" total="8388608" percent="66" micro-fragmented="0" macro-fragmented="0">
    <mem type="soa" free="5180208" total="7969792" percent="64" />
    <mem type="loa" free="418816" total="418816" percent="100" />
  </mem>
</mem-info>
<gc-op id="190" type="compact" timems="2.065" contextid="184" timestamp="2019-08-02T19:06:07.507">
  <compact-info movecount="466" movebytes="11560" reason="no compaction" />
</gc-op>
<gc-end id="191" type="global" contextid="184" durationms="4.377" usertimems="8.000" systemtimems="0.000" timestamp="2019-08-02T19:06:07.507" activeThreads="8">
  <mem-info id="192" free="5540904" total="8388608" percent="66">
    <mem type="tenure" free="5540904" total="8388608" percent="66">
      <mem type="soa" free="5122088" total="7969792" percent="64" />
      <mem type="loa" free="418816" total="418816" percent="100" />
    </mem>
  </mem-info>
</gc-end>
<cycle-end id="193" type="global" contextid="184" timestamp="2019-08-02T19:06:07.507" />
  <attribute name="elasticGC enabled" value="1" />
  <attribute name= "numThreadsSpecified" value="0" />
  <attribute name="heapSize specified" value="8388608" />
  <attribute name= "numCores" value="8" />
  <attribute name ="GC Interval" value="0" />
  <attribute name ="Control flow" value="3" />
  <attribute name="GC Util Range Max" value="92" />
  <attribute name="Current GC Util" value="42" />
  <attribute name= "Current Time Running" value="657" />
<allocation-satisfied id="194" threadId="0000000002133300" bytesRequested="40" />
<af-end id="195" timestamp="2019-08-02T19:06:07.507" threadId="0000000002133C88" success="true" />
<exclusive-end id="196" timestamp="2019-08-02T19:06:07.507" durationms="5.018" />

<exclusive-start id="197" timestamp="2019-08-02T19:06:07.527" intervalms="25.165">
  <response-info timems="0.067" idlems="0.067" threads="0" lastid="0000000002133300" lastname="Thread-11" />
</exclusive-start>
<af-start id="198" threadId="0000000002133C88" totalBytesRequested="40" timestamp="2019-08-02T19:06:07.527" intervalms="25.152" />
<cycle-start id="199" type="global" contextid="0" timestamp="2019-08-02T19:06:07.527" intervalms="25.153" />
<gc-start id="200" type="global" contextid="199" timestamp="2019-08-02T19:06:07.527">
  <mem-info id="201" free="418816" total="8388608" percent="4">
    <mem type="tenure" free="418816" total="8388608" percent="4">
      <mem type="soa" free="0" total="7969792" percent="0" />
      <mem type="loa" free="418816" total="418816" percent="100" />
    </mem>
  </mem-info>
</gc-start>
<allocation-stats totalBytes="5187072" >
  <allocated-bytes non-tlh="0" tlh="5187072" />
  <largest-consumer threadName="Thread-11" threadId="0000000002133300" bytes="5187072" />
</allocation-stats>
<gc-op id="202" type="mark" timems="2.541" contextid="199" timestamp="2019-08-02T19:06:07.530">
  <trace-info objectcount="52093" scancount="43684" scanbytes="1521672" />
  <finalization candidates="124" enqueued="0" />
  <ownableSynchronizers candidates="3" cleared="0" />
  <references type="soft" candidates="148" cleared="0" enqueued="0" dynamicThreshold="21" maxThreshold="32" />
  <references type="weak" candidates="769" cleared="0" enqueued="0" />
  <references type="phantom" candidates="63" cleared="0" enqueued="0" />
  <stringconstants candidates="4596" cleared="0"  />
</gc-op>
<gc-op id="203" type="sweep" timems="0.229" contextid="199" timestamp="2019-08-02T19:06:07.530" />
<mem-info id="204" free="5590624" total="8388608" percent="66">
  <mem type="tenure" free="5590624" total="8388608" percent="66" micro-fragmented="0" macro-fragmented="0">
    <mem type="soa" free="5171808" total="7969792" percent="64" />
    <mem type="loa" free="418816" total="418816" percent="100" />
  </mem>
</mem-info>
<gc-op id="205" type="compact" timems="3.561" contextid="199" timestamp="2019-08-02T19:06:07.534">
  <compact-info movecount="472" movebytes="11824" reason="no compaction" />
</gc-op>
<gc-end id="206" type="global" contextid="199" durationms="6.967" usertimems="12.000" systemtimems="0.000" timestamp="2019-08-02T19:06:07.534" activeThreads="8">
  <mem-info id="207" free="5533440" total="8388608" percent="65">
    <mem type="tenure" free="5533440" total="8388608" percent="65">
      <mem type="soa" free="5114624" total="7969792" percent="64" />
      <mem type="loa" free="418816" total="418816" percent="100" />
    </mem>
  </mem-info>
</gc-end>
<cycle-end id="208" type="global" contextid="199" timestamp="2019-08-02T19:06:07.535" />
  <attribute name="elasticGC enabled" value="1" />
  <attribute name= "numThreadsSpecified" value="0" />
  <attribute name="heapSize specified" value="8388608" />
  <attribute name= "numCores" value="8" />
  <attribute name ="GC Interval" value="0" />
  <attribute name ="Control flow" value="3" />
  <attribute name="GC Util Range Max" value="92" />
  <attribute name="Current GC Util" value="72" />
  <attribute name= "Current Time Running" value="685" />
<allocation-satisfied id="209" threadId="0000000002133300" bytesRequested="40" />
<af-end id="210" timestamp="2019-08-02T19:06:07.535" threadId="0000000002133C88" success="true" />
<exclusive-end id="211" timestamp="2019-08-02T19:06:07.535" durationms="7.585" />

<exclusive-start id="212" timestamp="2019-08-02T19:06:07.552" intervalms="25.238">
  <response-info timems="0.070" idlems="0.070" threads="0" lastid="0000000002133300" lastname="Thread-11" />
</exclusive-start>
<af-start id="213" threadId="0000000002133C88" totalBytesRequested="40" timestamp="2019-08-02T19:06:07.553" intervalms="25.260" />
<cycle-start id="214" type="global" contextid="0" timestamp="2019-08-02T19:06:07.553" intervalms="25.276" />
<gc-start id="215" type="global" contextid="214" timestamp="2019-08-02T19:06:07.553">
  <mem-info id="216" free="418816" total="8388608" percent="4">
    <mem type="tenure" free="418816" total="8388608" percent="4">
      <mem type="soa" free="0" total="7969792" percent="0" />
      <mem type="loa" free="418816" total="418816" percent="100" />
    </mem>
  </mem-info>
</gc-start>
<allocation-stats totalBytes="5179472" >
  <allocated-bytes non-tlh="0" tlh="5179472" />
  <largest-consumer threadName="Thread-11" threadId="0000000002133300" bytes="5179472" />
</allocation-stats>
<gc-op id="217" type="mark" timems="1.359" contextid="214" timestamp="2019-08-02T19:06:07.554">
  <trace-info objectcount="52306" scancount="43904" scanbytes="1526680" />
  <finalization candidates="124" enqueued="0" />
  <ownableSynchronizers candidates="3" cleared="0" />
  <references type="soft" candidates="148" cleared="0" enqueued="0" dynamicThreshold="21" maxThreshold="32" />
  <references type="weak" candidates="769" cleared="0" enqueued="0" />
  <references type="phantom" candidates="63" cleared="0" enqueued="0" />
  <stringconstants candidates="4596" cleared="0"  />
</gc-op>
<gc-op id="218" type="sweep" timems="0.299" contextid="214" timestamp="2019-08-02T19:06:07.555" />
<mem-info id="219" free="5588248" total="8388608" percent="66">
  <mem type="tenure" free="5588248" total="8388608" percent="66" micro-fragmented="772" macro-fragmented="0">
    <mem type="soa" free="5169432" total="7969792" percent="64" />
    <mem type="loa" free="418816" total="418816" percent="100" />
  </mem>
</mem-info>
<gc-op id="220" type="compact" timems="2.394" contextid="214" timestamp="2019-08-02T19:06:07.557">
  <compact-info movecount="542" movebytes="13400" reason="no compaction" />
</gc-op>
<gc-end id="221" type="global" contextid="214" durationms="4.763" usertimems="4.000" systemtimems="4.000" timestamp="2019-08-02T19:06:07.558" activeThreads="8">
  <mem-info id="222" free="5528432" total="8388608" percent="65">
    <mem type="tenure" free="5528432" total="8388608" percent="65">
      <mem type="soa" free="5109616" total="7969792" percent="64" />
      <mem type="loa" free="418816" total="418816" percent="100" />
    </mem>
  </mem-info>
</gc-end>
<cycle-end id="223" type="global" contextid="214" timestamp="2019-08-02T19:06:07.558" />
  <attribute name="elasticGC enabled" value="1" />
  <attribute name= "numThreadsSpecified" value="0" />
  <attribute name="heapSize specified" value="8388608" />
  <attribute name= "numCores" value="8" />
  <attribute name ="GC Interval" value="0" />
  <attribute name ="Control flow" value="3" />
  <attribute name="GC Util Range Max" value="92" />
  <attribute name="Current GC Util" value="44" />
  <attribute name= "Current Time Running" value="708" />
<allocation-satisfied id="224" threadId="0000000002133300" bytesRequested="40" />
<af-end id="225" timestamp="2019-08-02T19:06:07.558" threadId="0000000002133C88" success="true" />
<exclusive-end id="226" timestamp="2019-08-02T19:06:07.558" durationms="5.440" />

<exclusive-start id="227" timestamp="2019-08-02T19:06:07.575" intervalms="22.508">
  <response-info timems="0.060" idlems="0.060" threads="0" lastid="0000000002133300" lastname="Thread-11" />
</exclusive-start>
<af-start id="228" threadId="0000000002133C88" totalBytesRequested="40" timestamp="2019-08-02T19:06:07.575" intervalms="22.505" />
<cycle-start id="229" type="global" contextid="0" timestamp="2019-08-02T19:06:07.575" intervalms="22.486" />
<gc-start id="230" type="global" contextid="229" timestamp="2019-08-02T19:06:07.575">
  <mem-info id="231" free="418816" total="8388608" percent="4">
    <mem type="tenure" free="418816" total="8388608" percent="4">
      <mem type="soa" free="0" total="7969792" percent="0" />
      <mem type="loa" free="418816" total="418816" percent="100" />
    </mem>
  </mem-info>
</gc-start>
<allocation-stats totalBytes="5174464" >
  <allocated-bytes non-tlh="0" tlh="5174464" />
  <largest-consumer threadName="Thread-11" threadId="0000000002133300" bytes="5174464" />
</allocation-stats>
<heap-resize id="232" type="loa contract" space="tenure" amount="83968" count="1" timems="0.000" reason="contract underutilized loa" timestamp="2019-08-02T19:06:07.575" />
<gc-op id="233" type="mark" timems="1.202" contextid="229" timestamp="2019-08-02T19:06:07.577">
  <trace-info objectcount="52552" scancount="44146" scanbytes="1532568" />
  <finalization candidates="124" enqueued="0" />
  <ownableSynchronizers candidates="3" cleared="0" />
  <references type="soft" candidates="148" cleared="0" enqueued="0" dynamicThreshold="21" maxThreshold="32" />
  <references type="weak" candidates="769" cleared="0" enqueued="0" />
  <references type="phantom" candidates="63" cleared="0" enqueued="0" />
  <stringconstants candidates="4596" cleared="0"  />
</gc-op>
<gc-op id="234" type="sweep" timems="0.198" contextid="229" timestamp="2019-08-02T19:06:07.577" />
<mem-info id="235" free="5584728" total="8388608" percent="66">
  <mem type="tenure" free="5584728" total="8388608" percent="66" micro-fragmented="0" macro-fragmented="0">
    <mem type="soa" free="5249880" total="8053760" percent="65" />
    <mem type="loa" free="334848" total="334848" percent="100" />
  </mem>
</mem-info>
<gc-op id="236" type="compact" timems="2.156" contextid="229" timestamp="2019-08-02T19:06:07.579">
  <compact-info movecount="323" movebytes="8128" reason="no compaction" />
</gc-op>
<gc-end id="237" type="global" contextid="229" durationms="4.170" usertimems="0.000" systemtimems="8.000" timestamp="2019-08-02T19:06:07.579" activeThreads="8">
  <mem-info id="238" free="5522544" total="8388608" percent="65">
    <mem type="tenure" free="5522544" total="8388608" percent="65">
      <mem type="soa" free="5187696" total="8053760" percent="64" />
      <mem type="loa" free="334848" total="334848" percent="100" />
    </mem>
  </mem-info>
</gc-end>
<cycle-end id="239" type="global" contextid="229" timestamp="2019-08-02T19:06:07.580" />
  <attribute name="elasticGC enabled" value="1" />
  <attribute name= "numThreadsSpecified" value="0" />
  <attribute name="heapSize specified" value="8388608" />
  <attribute name= "numCores" value="8" />
  <attribute name ="GC Interval" value="0" />
  <attribute name ="Control flow" value="3" />
  <attribute name="GC Util Range Max" value="92" />
  <attribute name="Current GC Util" value="43" />
  <attribute name= "Current Time Running" value="730" />
<allocation-satisfied id="240" threadId="0000000002133300" bytesRequested="40" />
<af-end id="241" timestamp="2019-08-02T19:06:07.580" threadId="0000000002133C88" success="true" />
<exclusive-end id="242" timestamp="2019-08-02T19:06:07.580" durationms="4.824" />

<exclusive-start id="243" timestamp="2019-08-02T19:06:07.594" intervalms="18.973">
  <response-info timems="0.073" idlems="0.073" threads="0" lastid="0000000002133300" lastname="Thread-11" />
</exclusive-start>
<af-start id="244" threadId="0000000002133C88" totalBytesRequested="24" timestamp="2019-08-02T19:06:07.594" intervalms="18.959" />
<cycle-start id="245" type="global" contextid="0" timestamp="2019-08-02T19:06:07.594" intervalms="18.944" />
<gc-start id="246" type="global" contextid="245" timestamp="2019-08-02T19:06:07.594">
  <mem-info id="247" free="334848" total="8388608" percent="3">
    <mem type="tenure" free="334848" total="8388608" percent="3">
      <mem type="soa" free="0" total="8053760" percent="0" />
      <mem type="loa" free="334848" total="334848" percent="100" />
    </mem>
  </mem-info>
</gc-start>
<allocation-stats totalBytes="5252576" >
  <allocated-bytes non-tlh="0" tlh="5252576" />
  <largest-consumer threadName="Thread-11" threadId="0000000002133300" bytes="5252576" />
</allocation-stats>
<heap-resize id="248" type="loa contract" space="tenure" amount="83968" count="1" timems="0.000" reason="contract underutilized loa" timestamp="2019-08-02T19:06:07.594" />
<gc-op id="249" type="mark" timems="2.023" contextid="245" timestamp="2019-08-02T19:06:07.596">
  <trace-info objectcount="52866" scancount="44459" scanbytes="1540112" />
  <finalization candidates="124" enqueued="0" />
  <ownableSynchronizers candidates="3" cleared="0" />
  <references type="soft" candidates="148" cleared="0" enqueued="0" dynamicThreshold="21" maxThreshold="32" />
  <references type="weak" candidates="769" cleared="0" enqueued="0" />
  <references type="phantom" candidates="63" cleared="0" enqueued="0" />
  <stringconstants candidates="4596" cleared="0"  />
</gc-op>
<gc-op id="250" type="sweep" timems="0.199" contextid="245" timestamp="2019-08-02T19:06:07.597" />
<mem-info id="251" free="5577752" total="8388608" percent="66">
  <mem type="tenure" free="5577752" total="8388608" percent="66" micro-fragmented="0" macro-fragmented="0">
    <mem type="soa" free="5326872" total="8137728" percent="65" />
    <mem type="loa" free="250880" total="250880" percent="100" />
  </mem>
</mem-info>
<gc-op id="252" type="compact" timems="2.932" contextid="245" timestamp="2019-08-02T19:06:07.600">
  <compact-info movecount="392" movebytes="9792" reason="no compaction" />
</gc-op>
<gc-end id="253" type="global" contextid="245" durationms="5.675" usertimems="12.000" systemtimems="0.000" timestamp="2019-08-02T19:06:07.600" activeThreads="8">
  <mem-info id="254" free="5515000" total="8388608" percent="65">
    <mem type="tenure" free="5515000" total="8388608" percent="65">
      <mem type="soa" free="5264120" total="8137728" percent="64" />
      <mem type="loa" free="250880" total="250880" percent="100" />
    </mem>
  </mem-info>
</gc-end>
<cycle-end id="255" type="global" contextid="245" timestamp="2019-08-02T19:06:07.600" />
  <attribute name="elasticGC enabled" value="1" />
  <attribute name= "numThreadsSpecified" value="0" />
  <attribute name="heapSize specified" value="8388608" />
  <attribute name= "numCores" value="8" />
  <attribute name ="GC Interval" value="0" />
  <attribute name ="Control flow" value="3" />
  <attribute name="GC Util Range Max" value="92" />
  <attribute name="Current GC Util" value="72" />
  <attribute name= "Current Time Running" value="750" />
<allocation-satisfied id="256" threadId="0000000002133300" bytesRequested="24" />
<af-end id="257" timestamp="2019-08-02T19:06:07.600" threadId="0000000002133C88" success="true" />
<exclusive-end id="258" timestamp="2019-08-02T19:06:07.600" durationms="6.317" />

<exclusive-start id="259" timestamp="2019-08-02T19:06:07.612" intervalms="18.231">
  <response-info timems="0.064" idlems="0.064" threads="0" lastid="0000000002133300" lastname="Thread-11" />
</exclusive-start>
<af-start id="260" threadId="0000000002133C88" totalBytesRequested="40" timestamp="2019-08-02T19:06:07.612" intervalms="18.221" />
<cycle-start id="261" type="global" contextid="0" timestamp="2019-08-02T19:06:07.612" intervalms="18.234" />
<gc-start id="262" type="global" contextid="261" timestamp="2019-08-02T19:06:07.612">
  <mem-info id="263" free="250880" total="8388608" percent="2">
    <mem type="tenure" free="250880" total="8388608" percent="2">
      <mem type="soa" free="0" total="8137728" percent="0" />
      <mem type="loa" free="250880" total="250880" percent="100" />
    </mem>
  </mem-info>
</gc-start>
<allocation-stats totalBytes="5328864" >
  <allocated-bytes non-tlh="0" tlh="5328864" />
  <largest-consumer threadName="Thread-11" threadId="0000000002133300" bytes="5328864" />
</allocation-stats>
<heap-resize id="264" type="loa contract" space="tenure" amount="83968" count="1" timems="0.000" reason="contract underutilized loa" timestamp="2019-08-02T19:06:07.613" />
<gc-op id="265" type="mark" timems="1.216" contextid="261" timestamp="2019-08-02T19:06:07.614">
  <trace-info objectcount="53251" scancount="44820" scanbytes="1549360" />
  <finalization candidates="124" enqueued="0" />
  <ownableSynchronizers candidates="3" cleared="0" />
  <references type="soft" candidates="148" cleared="0" enqueued="0" dynamicThreshold="21" maxThreshold="32" />
  <references type="weak" candidates="769" cleared="0" enqueued="0" />
  <references type="phantom" candidates="63" cleared="0" enqueued="0" />
  <stringconstants candidates="4596" cleared="0"  />
</gc-op>
<gc-op id="266" type="sweep" timems="0.199" contextid="261" timestamp="2019-08-02T19:06:07.614" />
<mem-info id="267" free="5568016" total="8388608" percent="66">
  <mem type="tenure" free="5568016" total="8388608" percent="66" micro-fragmented="0" macro-fragmented="0">
    <mem type="soa" free="5401104" total="8221696" percent="65" />
    <mem type="loa" free="166912" total="166912" percent="100" />
  </mem>
</mem-info>
<gc-op id="268" type="compact" timems="2.227" contextid="261" timestamp="2019-08-02T19:06:07.616">
  <compact-info movecount="598" movebytes="14744" reason="no compaction" />
</gc-op>
<gc-end id="269" type="global" contextid="261" durationms="4.267" usertimems="8.000" systemtimems="0.000" timestamp="2019-08-02T19:06:07.617" activeThreads="8">
  <mem-info id="270" free="5505752" total="8388608" percent="65">
    <mem type="tenure" free="5505752" total="8388608" percent="65">
      <mem type="soa" free="5338840" total="8221696" percent="64" />
      <mem type="loa" free="166912" total="166912" percent="100" />
    </mem>
  </mem-info>
</gc-end>
<cycle-end id="271" type="global" contextid="261" timestamp="2019-08-02T19:06:07.617" />
  <attribute name="elasticGC enabled" value="1" />
  <attribute name= "numThreadsSpecified" value="0" />
  <attribute name="heapSize specified" value="8388608" />
  <attribute name= "numCores" value="8" />
  <attribute name ="GC Interval" value="0" />
  <attribute name ="Control flow" value="3" />
  <attribute name="GC Util Range Max" value="92" />
  <attribute name="Current GC Util" value="38" />
  <attribute name= "Current Time Running" value="767" />
<allocation-satisfied id="272" threadId="0000000002133300" bytesRequested="40" />
<af-end id="273" timestamp="2019-08-02T19:06:07.617" threadId="0000000002133C88" success="true" />
<exclusive-end id="274" timestamp="2019-08-02T19:06:07.617" durationms="4.887" />

</verbosegc>

