<?xml version="1.0" ?>

<verbosegc xmlns="http://www.ibm.com/j9/verbosegc" version="08cc62e_CMPRSS">

<initialized id="1" timestamp="2019-08-02T19:05:59.369">
  <attribute name="gcPolicy" value="-Xgcpolicy:optthruput" />
  <attribute name="elasticGC enabled" value="1" />
  <attribute name= "numThreadsSpecified" value="0" />
  <attribute name="heapSize specified" value="0" />
  <attribute name= "numCores" value="0" />
  <attribute name ="GC Interval" value="0" />
  <attribute name="GC Util Range Max" value="0" />
  <attribute name="Current GC Util" value="0" />
  <attribute name= "Current Time Running" value="0" />
  <attribute name="maxHeapSize" value="0x7cba0000" />
  <attribute name="initialHeapSize" value="0x800000" />
  <attribute name="compressedRefs" value="true" />
  <attribute name="compressedRefsDisplacement" value="0x0" />
  <attribute name="compressedRefsShift" value="0x0" />
  <attribute name="pageSize" value="0x1000" />
  <attribute name="pageType" value="not used" />
  <attribute name="requestedPageSize" value="0x1000" />
  <attribute name="requestedPageType" value="not used" />
  <attribute name="gcthreads" value="8" />
  <attribute name="packetListSplit" value="8" />
  <attribute name="cacheListSplit" value="8" />
  <attribute name="splitFreeListSplitAmount" value="1" />
  <attribute name="numaNodes" value="0" />
  <system>
    <attribute name="physicalMemory" value="8370401280" />
    <attribute name="numCPUs" value="8" />
    <attribute name="architecture" value="amd64" />
    <attribute name="os" value="Linux" />
    <attribute name="osVersion" value="4.4.0-154-generic" />
  </system>
  <vmargs>
    <vmarg name="-Xoptionsfile=/vagrant/jdk/lib/options.default" />
    <vmarg name="-Xlockword:mode=default,noLockword=java/lang/String,noLockword=java/util/MapEntry,noLockword=java/util/HashMap$Entry,noLockword..." />
    <vmarg name="-Xjcl:jclse29" />
    <vmarg name="-Dcom.ibm.oti.vm.bootstrap.library.path=/vagrant/jdk/lib/compressedrefs:/vagrant/jdk/lib" />
    <vmarg name="-Dsun.boot.library.path=/vagrant/jdk/lib/compressedrefs:/vagrant/jdk/lib" />
    <vmarg name="-Djava.library.path=/vagrant/jdk/lib/compressedrefs:/vagrant/jdk/lib:/usr/lib64:/usr/lib" />
    <vmarg name="-Djava.home=/vagrant/jdk" />
    <vmarg name="-Duser.dir=/vagrant" />
    <vmarg name="-Xgcpolicy:optthruput" />
    <vmarg name="-Xgcelastic" />
    <vmarg name="-Xcheck:gc:::elasticGC" />
    <vmarg name="-verbose:gc" />
    <vmarg name="-Xloggc:jdkA-small-OTT-8core-verbose11sunflow.txt" />
    <vmarg name="-Djava.class.path=dacapo-9.12-MR1-bach.jar" />
    <vmarg name="-Dsun.java.command=dacapo-9.12-MR1-bach.jar sunflow --size=small" />
    <vmarg name="-Dsun.java.launcher=SUN_STANDARD" />
    <vmarg name="-Dsun.java.launcher.pid=8999" />
  </vmargs>
</initialized>

<exclusive-start id="2" timestamp="2019-08-02T19:05:59.845" intervalms="476.579">
  <response-info timems="0.068" idlems="0.068" threads="0" lastid="00000000006E1A00" lastname="main" />
</exclusive-start>
<sys-start reason="explicit" id="3" timestamp="2019-08-02T19:05:59.846" intervalms="477.254" />
<cycle-start id="4" type="global" contextid="0" timestamp="2019-08-02T19:05:59.846" intervalms="477.523" />
<gc-start id="5" type="global" contextid="4" timestamp="2019-08-02T19:05:59.846">
  <mem-info id="6" free="4196112" total="8388608" percent="50">
    <mem type="tenure" free="4196112" total="8388608" percent="50">
      <mem type="soa" free="3777296" total="7969792" percent="47" />
      <mem type="loa" free="418816" total="418816" percent="100" />
    </mem>
  </mem-info>
</gc-start>
<allocation-stats totalBytes="4189720" >
  <allocated-bytes non-tlh="502000" tlh="3687720" />
  <largest-consumer threadName="main" threadId="00000000006E1A00" bytes="4101216" />
</allocation-stats>
<gc-op id="7" type="mark" timems="2.745" contextid="4" timestamp="2019-08-02T19:05:59.849">
  <trace-info objectcount="30260" scancount="24303" scanbytes="765884" />
  <finalization candidates="125" enqueued="1" />
  <ownableSynchronizers candidates="3" cleared="0" />
  <references type="soft" candidates="131" cleared="0" enqueued="0" dynamicThreshold="32" maxThreshold="32" />
  <references type="weak" candidates="1322" cleared="569" enqueued="479" />
  <references type="phantom" candidates="106" cleared="42" enqueued="42" />
  <stringconstants candidates="3958" cleared="0"  />
</gc-op>
<gc-op id="8" type="classunload" timems="0.102" contextid="4" timestamp="2019-08-02T19:05:59.850">
  <classunload-info classloadercandidates="7" classloadersunloaded="0" classesunloaded="0" anonymousclassesunloaded="0" quiescems="0.000" setupms="0.102" scanms="0.000" postms="0.000" />
</gc-op>
<gc-op id="9" type="sweep" timems="0.756" contextid="4" timestamp="2019-08-02T19:05:59.851" />
<mem-info id="10" free="6535184" total="8388608" percent="77">
  <mem type="tenure" free="6535184" total="8388608" percent="77" micro-fragmented="408288" macro-fragmented="0">
    <mem type="soa" free="6116368" total="7969792" percent="76" />
    <mem type="loa" free="418816" total="418816" percent="100" />
  </mem>
  <pending-finalizers system="1" default="0" reference="521" classloader="0" />
</mem-info>
<gc-op id="11" type="compact" timems="6.225" contextid="4" timestamp="2019-08-02T19:05:59.857">
  <compact-info movecount="30259" movebytes="1344768" reason="no compaction" />
</gc-op>
<gc-end id="12" type="global" contextid="4" durationms="11.151" usertimems="12.000" systemtimems="0.000" timestamp="2019-08-02T19:05:59.857" activeThreads="8">
  <mem-info id="13" free="7043752" total="8388608" percent="83">
    <mem type="tenure" free="7043752" total="8388608" percent="83">
      <mem type="soa" free="6624936" total="7969792" percent="83" />
      <mem type="loa" free="418816" total="418816" percent="100" />
    </mem>
    <pending-finalizers system="1" default="0" reference="521" classloader="0" />
  </mem-info>
</gc-end>
<cycle-end id="14" type="global" contextid="4" timestamp="2019-08-02T19:05:59.858" />
  <attribute name="elasticGC enabled" value="1" />
  <attribute name= "numThreadsSpecified" value="0" />
  <attribute name="heapSize specified" value="8388608" />
  <attribute name= "numCores" value="8" />
  <attribute name ="GC Interval" value="0" />
  <attribute name ="Control flow" value="3" />
  <attribute name="GC Util Range Max" value="93" />
  <attribute name="Current GC Util" value="41" />
  <attribute name= "Current Time Running" value="10" />
<sys-end id="15" timestamp="2019-08-02T19:05:59.858" />
<exclusive-end id="16" timestamp="2019-08-02T19:05:59.858" durationms="12.609" />

<exclusive-start id="17" timestamp="2019-08-02T19:06:00.045" intervalms="199.779">
  <response-info timems="0.080" idlems="0.080" threads="0" lastid="0000000000A58700" lastname="Thread-10" />
</exclusive-start>
<af-start id="18" threadId="0000000000A59088" totalBytesRequested="30680" timestamp="2019-08-02T19:06:00.045" intervalms="676.509" />
<cycle-start id="19" type="global" contextid="0" timestamp="2019-08-02T19:06:00.045" intervalms="199.107" />
<gc-start id="20" type="global" contextid="19" timestamp="2019-08-02T19:06:00.045">
  <mem-info id="21" free="418816" total="8388608" percent="4">
    <mem type="tenure" free="418816" total="8388608" percent="4">
      <mem type="soa" free="0" total="7969792" percent="0" />
      <mem type="loa" free="418816" total="418816" percent="100" />
    </mem>
  </mem-info>
</gc-start>
<allocation-stats totalBytes="6562088" >
  <allocated-bytes non-tlh="1563960" tlh="4998128" />
  <largest-consumer threadName="main" threadId="00000000006E1A00" bytes="3053608" />
</allocation-stats>
<gc-op id="22" type="mark" timems="1.377" contextid="19" timestamp="2019-08-02T19:06:00.047">
  <trace-info objectcount="44531" scancount="36154" scanbytes="1206264" />
  <finalization candidates="124" enqueued="0" />
  <ownableSynchronizers candidates="3" cleared="0" />
  <references type="soft" candidates="148" cleared="0" enqueued="0" dynamicThreshold="26" maxThreshold="32" />
  <references type="weak" candidates="798" cleared="29" enqueued="28" />
  <references type="phantom" candidates="65" cleared="2" enqueued="2" />
  <stringconstants candidates="4534" cleared="1"  />
</gc-op>
<gc-op id="23" type="sweep" timems="0.220" contextid="19" timestamp="2019-08-02T19:06:00.047" />
<mem-info id="24" free="4572640" total="8388608" percent="54">
  <mem type="tenure" free="4572640" total="8388608" percent="54" micro-fragmented="818461" macro-fragmented="0">
    <mem type="soa" free="4153824" total="7969792" percent="52" />
    <mem type="loa" free="418816" total="418816" percent="100" />
  </mem>
  <pending-finalizers system="0" default="0" reference="30" classloader="0" />
</mem-info>
<gc-op id="25" type="compact" timems="8.238" contextid="19" timestamp="2019-08-02T19:06:00.056">
  <compact-info movecount="43910" movebytes="2954344" reason="no compaction" />
</gc-op>
<gc-end id="26" type="global" contextid="19" durationms="10.577" usertimems="16.000" systemtimems="0.000" timestamp="2019-08-02T19:06:00.056" activeThreads="8">
  <mem-info id="27" free="5365424" total="8388608" percent="63">
    <mem type="tenure" free="5365424" total="8388608" percent="63">
      <mem type="soa" free="4946608" total="7969792" percent="62" />
      <mem type="loa" free="418816" total="418816" percent="100" />
    </mem>
    <pending-finalizers system="0" default="0" reference="30" classloader="0" />
  </mem-info>
</gc-end>
<cycle-end id="28" type="global" contextid="19" timestamp="2019-08-02T19:06:00.056" />
  <attribute name="elasticGC enabled" value="1" />
  <attribute name= "numThreadsSpecified" value="0" />
  <attribute name="heapSize specified" value="8388608" />
  <attribute name= "numCores" value="8" />
  <attribute name ="GC Interval" value="0" />
  <attribute name ="Control flow" value="3" />
  <attribute name="GC Util Range Max" value="93" />
  <attribute name="Current GC Util" value="32" />
  <attribute name= "Current Time Running" value="209" />
<allocation-satisfied id="29" threadId="0000000000A58700" bytesRequested="30680" />
<af-end id="30" timestamp="2019-08-02T19:06:00.056" threadId="0000000000A59088" success="true" />
<exclusive-end id="31" timestamp="2019-08-02T19:06:00.057" durationms="11.660" />

<exclusive-start id="32" timestamp="2019-08-02T19:06:00.101" intervalms="55.967">
  <response-info timems="0.028" idlems="0.028" threads="0" lastid="0000000000A58700" lastname="Thread-10" />
</exclusive-start>
<af-start id="33" threadId="0000000000A59088" totalBytesRequested="1016" timestamp="2019-08-02T19:06:00.101" intervalms="55.978" />
<cycle-start id="34" type="global" contextid="0" timestamp="2019-08-02T19:06:00.101" intervalms="55.990" />
<gc-start id="35" type="global" contextid="34" timestamp="2019-08-02T19:06:00.101">
  <mem-info id="36" free="418816" total="8388608" percent="4">
    <mem type="tenure" free="418816" total="8388608" percent="4">
      <mem type="soa" free="0" total="7969792" percent="0" />
      <mem type="loa" free="418816" total="418816" percent="100" />
    </mem>
  </mem-info>
</gc-start>
<allocation-stats totalBytes="4989568" >
  <allocated-bytes non-tlh="139472" tlh="4850096" />
  <largest-consumer threadName="Thread-10" threadId="0000000000A58700" bytes="4989568" />
</allocation-stats>
<gc-op id="37" type="mark" timems="1.379" contextid="34" timestamp="2019-08-02T19:06:00.103">
  <trace-info objectcount="44457" scancount="36102" scanbytes="1204888" />
  <finalization candidates="124" enqueued="0" />
  <ownableSynchronizers candidates="3" cleared="0" />
  <references type="soft" candidates="148" cleared="0" enqueued="0" dynamicThreshold="20" maxThreshold="32" />
  <references type="weak" candidates="769" cleared="0" enqueued="0" />
  <references type="phantom" candidates="63" cleared="0" enqueued="0" />
  <stringconstants candidates="4533" cleared="0"  />
</gc-op>
<gc-op id="38" type="sweep" timems="0.177" contextid="34" timestamp="2019-08-02T19:06:00.103" />
<mem-info id="39" free="5482776" total="8388608" percent="65">
  <mem type="tenure" free="5482776" total="8388608" percent="65" micro-fragmented="8512" macro-fragmented="0">
    <mem type="soa" free="5063960" total="7969792" percent="63" />
    <mem type="loa" free="418816" total="418816" percent="100" />
  </mem>
</mem-info>
<gc-op id="40" type="compact" timems="5.551" contextid="34" timestamp="2019-08-02T19:06:00.109">
  <compact-info movecount="28035" movebytes="2177832" reason="no compaction" />
</gc-op>
<gc-end id="41" type="global" contextid="34" durationms="7.822" usertimems="8.000" systemtimems="4.000" timestamp="2019-08-02T19:06:00.109" activeThreads="8">
  <mem-info id="42" free="5423976" total="8388608" percent="64">
    <mem type="tenure" free="5423976" total="8388608" percent="64">
      <mem type="soa" free="5005160" total="7969792" percent="62" />
      <mem type="loa" free="418816" total="418816" percent="100" />
    </mem>
  </mem-info>
</gc-end>
<cycle-end id="43" type="global" contextid="34" timestamp="2019-08-02T19:06:00.109" />
  <attribute name="elasticGC enabled" value="1" />
  <attribute name= "numThreadsSpecified" value="0" />
  <attribute name="heapSize specified" value="8388608" />
  <attribute name= "numCores" value="8" />
  <attribute name ="GC Interval" value="0" />
  <attribute name ="Control flow" value="3" />
  <attribute name="GC Util Range Max" value="93" />
  <attribute name="Current GC Util" value="33" />
  <attribute name= "Current Time Running" value="262" />
<allocation-satisfied id="44" threadId="0000000000A58700" bytesRequested="1016" />
<af-end id="45" timestamp="2019-08-02T19:06:00.109" threadId="0000000000A59088" success="true" />
<exclusive-end id="46" timestamp="2019-08-02T19:06:00.109" durationms="8.624" />

<exclusive-start id="47" timestamp="2019-08-02T19:06:00.253" intervalms="151.677">
  <response-info timems="0.080" idlems="0.080" threads="0" lastid="0000000000A50F00" lastname="Thread-11" />
</exclusive-start>
<af-start id="48" threadId="0000000000A51888" totalBytesRequested="40" timestamp="2019-08-02T19:06:00.253" intervalms="151.650" />
<cycle-start id="49" type="global" contextid="0" timestamp="2019-08-02T19:06:00.253" intervalms="151.625" />
<gc-start id="50" type="global" contextid="49" timestamp="2019-08-02T19:06:00.253">
  <mem-info id="51" free="418816" total="8388608" percent="4">
    <mem type="tenure" free="418816" total="8388608" percent="4">
      <mem type="soa" free="0" total="7969792" percent="0" />
      <mem type="loa" free="418816" total="418816" percent="100" />
    </mem>
  </mem-info>
</gc-start>
<allocation-stats totalBytes="5056176" >
  <allocated-bytes non-tlh="558912" tlh="4497264" />
  <largest-consumer threadName="Thread-11" threadId="0000000000A50F00" bytes="4035984" />
</allocation-stats>
<gc-op id="52" type="mark" timems="4.176" contextid="49" timestamp="2019-08-02T19:06:00.257">
  <trace-info objectcount="49130" scancount="40729" scanbytes="1450456" />
  <finalization candidates="124" enqueued="0" />
  <ownableSynchronizers candidates="3" cleared="0" />
  <references type="soft" candidates="148" cleared="0" enqueued="0" dynamicThreshold="20" maxThreshold="32" />
  <references type="weak" candidates="769" cleared="0" enqueued="0" />
  <references type="phantom" candidates="63" cleared="0" enqueued="0" />
  <stringconstants candidates="4596" cleared="0"  />
</gc-op>
<gc-op id="53" type="sweep" timems="2.769" contextid="49" timestamp="2019-08-02T19:06:00.260" />
<mem-info id="54" free="5558032" total="8388608" percent="66">
  <mem type="tenure" free="5558032" total="8388608" percent="66" micro-fragmented="64732" macro-fragmented="0">
    <mem type="soa" free="5139216" total="7969792" percent="64" />
    <mem type="loa" free="418816" total="418816" percent="100" />
  </mem>
</mem-info>
<gc-op id="55" type="compact" timems="10.625" contextid="49" timestamp="2019-08-02T19:06:00.271">
  <compact-info movecount="11691" movebytes="1028288" reason="no compaction" />
</gc-op>
<gc-end id="56" type="global" contextid="49" durationms="19.057" usertimems="32.000" systemtimems="4.000" timestamp="2019-08-02T19:06:00.272" activeThreads="8">
  <mem-info id="57" free="5604648" total="8388608" percent="66">
    <mem type="tenure" free="5604648" total="8388608" percent="66">
      <mem type="soa" free="5185832" total="7969792" percent="65" />
      <mem type="loa" free="418816" total="418816" percent="100" />
    </mem>
  </mem-info>
</gc-end>
<cycle-end id="58" type="global" contextid="49" timestamp="2019-08-02T19:06:00.272" />
  <attribute name="elasticGC enabled" value="1" />
  <attribute name= "numThreadsSpecified" value="0" />
  <attribute name="heapSize specified" value="8388608" />
  <attribute name= "numCores" value="8" />
  <attribute name ="GC Interval" value="0" />
  <attribute name ="Control flow" value="3" />
  <attribute name="GC Util Range Max" value="93" />
  <attribute name="Current GC Util" value="103" />
  <attribute name= "Current Time Running" value="424" />
<allocation-satisfied id="59" threadId="0000000000A50F00" bytesRequested="40" />
<af-end id="60" timestamp="2019-08-02T19:06:00.272" threadId="0000000000A51888" success="true" />
<exclusive-end id="61" timestamp="2019-08-02T19:06:00.273" durationms="20.010" />

<exclusive-start id="62" timestamp="2019-08-02T19:06:00.336" intervalms="83.123">
  <response-info timems="0.037" idlems="0.037" threads="0" lastid="0000000000A50F00" lastname="Thread-11" />
</exclusive-start>
<af-start id="63" threadId="0000000000A51888" totalBytesRequested="40" timestamp="2019-08-02T19:06:00.336" intervalms="83.168" />
<cycle-start id="64" type="global" contextid="0" timestamp="2019-08-02T19:06:00.336" intervalms="83.141" />
<gc-start id="65" type="global" contextid="64" timestamp="2019-08-02T19:06:00.336">
  <mem-info id="66" free="418816" total="8388608" percent="4">
    <mem type="tenure" free="418816" total="8388608" percent="4">
      <mem type="soa" free="0" total="7969792" percent="0" />
      <mem type="loa" free="418816" total="418816" percent="100" />
    </mem>
  </mem-info>
</gc-start>
<allocation-stats totalBytes="5250744" >
  <allocated-bytes non-tlh="0" tlh="5250744" />
  <largest-consumer threadName="Thread-11" threadId="0000000000A50F00" bytes="5250744" />
</allocation-stats>
<gc-op id="67" type="mark" timems="2.548" contextid="64" timestamp="2019-08-02T19:06:00.339">
  <trace-info objectcount="49419" scancount="41011" scanbytes="1457392" />
  <finalization candidates="124" enqueued="0" />
  <ownableSynchronizers candidates="3" cleared="0" />
  <references type="soft" candidates="148" cleared="0" enqueued="0" dynamicThreshold="21" maxThreshold="32" />
  <references type="weak" candidates="769" cleared="0" enqueued="0" />
  <references type="phantom" candidates="63" cleared="0" enqueued="0" />
  <stringconstants candidates="4596" cleared="0"  />
</gc-op>
<gc-op id="68" type="sweep" timems="0.529" contextid="64" timestamp="2019-08-02T19:06:00.339" />
<mem-info id="69" free="5658056" total="8388608" percent="67">
  <mem type="tenure" free="5658056" total="8388608" percent="67" micro-fragmented="771" macro-fragmented="0">
    <mem type="soa" free="5239240" total="7969792" percent="65" />
    <mem type="loa" free="418816" total="418816" percent="100" />
  </mem>
</mem-info>
<gc-op id="70" type="compact" timems="3.932" contextid="64" timestamp="2019-08-02T19:06:00.344">
  <compact-info movecount="568" movebytes="14024" reason="no compaction" />
</gc-op>
<gc-end id="71" type="global" contextid="64" durationms="8.192" usertimems="20.000" systemtimems="0.000" timestamp="2019-08-02T19:06:00.344" activeThreads="8">
  <mem-info id="72" free="5597712" total="8388608" percent="66">
    <mem type="tenure" free="5597712" total="8388608" percent="66">
      <mem type="soa" free="5178896" total="7969792" percent="64" />
      <mem type="loa" free="418816" total="418816" percent="100" />
    </mem>
  </mem-info>
</gc-end>
<cycle-end id="73" type="global" contextid="64" timestamp="2019-08-02T19:06:00.344" />
  <attribute name="elasticGC enabled" value="1" />
  <attribute name= "numThreadsSpecified" value="0" />
  <attribute name="heapSize specified" value="8388608" />
  <attribute name= "numCores" value="8" />
  <attribute name ="GC Interval" value="0" />
  <attribute name ="Control flow" value="3" />
  <attribute name="GC Util Range Max" value="93" />
  <attribute name="Current GC Util" value="103" />
  <attribute name= "Current Time Running" value="497" />
<allocation-satisfied id="74" threadId="0000000000A50F00" bytesRequested="40" />
<af-end id="75" timestamp="2019-08-02T19:06:00.345" threadId="0000000000A51888" success="true" />
<exclusive-end id="76" timestamp="2019-08-02T19:06:00.345" durationms="9.112" />

<exclusive-start id="77" timestamp="2019-08-02T19:06:00.372" intervalms="36.384">
  <response-info timems="0.050" idlems="0.050" threads="0" lastid="0000000000A50F00" lastname="Thread-11" />
</exclusive-start>
<af-start id="78" threadId="0000000000A51888" totalBytesRequested="40" timestamp="2019-08-02T19:06:00.372" intervalms="36.398" />
<cycle-start id="79" type="global" contextid="0" timestamp="2019-08-02T19:06:00.372" intervalms="36.399" />
<gc-start id="80" type="global" contextid="79" timestamp="2019-08-02T19:06:00.372">
  <mem-info id="81" free="418816" total="8388608" percent="4">
    <mem type="tenure" free="418816" total="8388608" percent="4">
      <mem type="soa" free="0" total="7969792" percent="0" />
      <mem type="loa" free="418816" total="418816" percent="100" />
    </mem>
  </mem-info>
</gc-start>
<allocation-stats totalBytes="5243768" >
  <allocated-bytes non-tlh="0" tlh="5243768" />
  <largest-consumer threadName="Thread-11" threadId="0000000000A50F00" bytes="5243768" />
</allocation-stats>
<gc-op id="82" type="mark" timems="1.539" contextid="79" timestamp="2019-08-02T19:06:00.374">
  <trace-info objectcount="49606" scancount="41190" scanbytes="1461736" />
  <finalization candidates="124" enqueued="0" />
  <ownableSynchronizers candidates="3" cleared="0" />
  <references type="soft" candidates="148" cleared="0" enqueued="0" dynamicThreshold="21" maxThreshold="32" />
  <references type="weak" candidates="769" cleared="0" enqueued="0" />
  <references type="phantom" candidates="63" cleared="0" enqueued="0" />
  <stringconstants candidates="4596" cleared="0"  />
</gc-op>
<gc-op id="83" type="sweep" timems="0.235" contextid="79" timestamp="2019-08-02T19:06:00.374" />
<mem-info id="84" free="5655800" total="8388608" percent="67">
  <mem type="tenure" free="5655800" total="8388608" percent="67" micro-fragmented="0" macro-fragmented="0">
    <mem type="soa" free="5236984" total="7969792" percent="65" />
    <mem type="loa" free="418816" total="418816" percent="100" />
  </mem>
</mem-info>
<gc-op id="85" type="compact" timems="2.225" contextid="79" timestamp="2019-08-02T19:06:00.377">
  <compact-info movecount="399" movebytes="9824" reason="no compaction" />
</gc-op>
<gc-end id="86" type="global" contextid="79" durationms="4.571" usertimems="16.000" systemtimems="0.000" timestamp="2019-08-02T19:06:00.377" activeThreads="8">
  <mem-info id="87" free="5593368" total="8388608" percent="66">
    <mem type="tenure" free="5593368" total="8388608" percent="66">
      <mem type="soa" free="5174552" total="7969792" percent="64" />
      <mem type="loa" free="418816" total="418816" percent="100" />
    </mem>
  </mem-info>
</gc-end>
<cycle-end id="88" type="global" contextid="79" timestamp="2019-08-02T19:06:00.377" />
  <attribute name="elasticGC enabled" value="1" />
  <attribute name= "numThreadsSpecified" value="0" />
  <attribute name="heapSize specified" value="8388608" />
  <attribute name= "numCores" value="8" />
  <attribute name ="GC Interval" value="0" />
  <attribute name ="Control flow" value="3" />
  <attribute name="GC Util Range Max" value="93" />
  <attribute name="Current GC Util" value="59" />
  <attribute name= "Current Time Running" value="530" />
<allocation-satisfied id="89" threadId="0000000000A50F00" bytesRequested="40" />
<af-end id="90" timestamp="2019-08-02T19:06:00.377" threadId="0000000000A51888" success="true" />
<exclusive-end id="91" timestamp="2019-08-02T19:06:00.377" durationms="5.238" />

<exclusive-start id="92" timestamp="2019-08-02T19:06:00.398" intervalms="26.090">
  <response-info timems="0.082" idlems="0.082" threads="0" lastid="0000000000A50F00" lastname="Thread-11" />
</exclusive-start>
<af-start id="93" threadId="0000000000A51888" totalBytesRequested="40" timestamp="2019-08-02T19:06:00.398" intervalms="26.045" />
<cycle-start id="94" type="global" contextid="0" timestamp="2019-08-02T19:06:00.398" intervalms="26.055" />
<gc-start id="95" type="global" contextid="94" timestamp="2019-08-02T19:06:00.398">
  <mem-info id="96" free="418816" total="8388608" percent="4">
    <mem type="tenure" free="418816" total="8388608" percent="4">
      <mem type="soa" free="0" total="7969792" percent="0" />
      <mem type="loa" free="418816" total="418816" percent="100" />
    </mem>
  </mem-info>
</gc-start>
<allocation-stats totalBytes="5239400" >
  <allocated-bytes non-tlh="0" tlh="5239400" />
  <largest-consumer threadName="Thread-11" threadId="0000000000A50F00" bytes="5239400" />
</allocation-stats>
<gc-op id="97" type="mark" timems="1.167" contextid="94" timestamp="2019-08-02T19:06:00.400">
  <trace-info objectcount="49866" scancount="41446" scanbytes="1468104" />
  <finalization candidates="124" enqueued="0" />
  <ownableSynchronizers candidates="3" cleared="0" />
  <references type="soft" candidates="148" cleared="0" enqueued="0" dynamicThreshold="21" maxThreshold="32" />
  <references type="weak" candidates="769" cleared="0" enqueued="0" />
  <references type="phantom" candidates="63" cleared="0" enqueued="0" />
  <stringconstants candidates="4596" cleared="0"  />
</gc-op>
<gc-op id="98" type="sweep" timems="0.216" contextid="94" timestamp="2019-08-02T19:06:00.400" />
<mem-info id="99" free="5647640" total="8388608" percent="67">
  <mem type="tenure" free="5647640" total="8388608" percent="67" micro-fragmented="13344" macro-fragmented="0">
    <mem type="soa" free="5228824" total="7969792" percent="65" />
    <mem type="loa" free="418816" total="418816" percent="100" />
  </mem>
</mem-info>
<gc-op id="100" type="compact" timems="2.272" contextid="94" timestamp="2019-08-02T19:06:00.402">
  <compact-info movecount="306" movebytes="7720" reason="no compaction" />
</gc-op>
<gc-end id="101" type="global" contextid="94" durationms="4.176" usertimems="12.000" systemtimems="0.000" timestamp="2019-08-02T19:06:00.403" activeThreads="8">
  <mem-info id="102" free="5587000" total="8388608" percent="66">
    <mem type="tenure" free="5587000" total="8388608" percent="66">
      <mem type="soa" free="5168184" total="7969792" percent="64" />
      <mem type="loa" free="418816" total="418816" percent="100" />
    </mem>
  </mem-info>
</gc-end>
<cycle-end id="103" type="global" contextid="94" timestamp="2019-08-02T19:06:00.403" />
  <attribute name="elasticGC enabled" value="1" />
  <attribute name= "numThreadsSpecified" value="0" />
  <attribute name="heapSize specified" value="8388608" />
  <attribute name= "numCores" value="8" />
  <attribute name ="GC Interval" value="0" />
  <attribute name ="Control flow" value="3" />
  <attribute name="GC Util Range Max" value="93" />
  <attribute name="Current GC Util" value="56" />
  <attribute name= "Current Time Running" value="555" />
<allocation-satisfied id="104" threadId="0000000000A50F00" bytesRequested="40" />
<af-end id="105" timestamp="2019-08-02T19:06:00.403" threadId="0000000000A51888" success="true" />
<exclusive-end id="106" timestamp="2019-08-02T19:06:00.403" durationms="4.731" />

<exclusive-start id="107" timestamp="2019-08-02T19:06:00.423" intervalms="25.069">
  <response-info timems="0.090" idlems="0.090" threads="0" lastid="0000000000A50F00" lastname="Thread-11" />
</exclusive-start>
<af-start id="108" threadId="0000000000A51888" totalBytesRequested="40" timestamp="2019-08-02T19:06:00.423" intervalms="25.065" />
<cycle-start id="109" type="global" contextid="0" timestamp="2019-08-02T19:06:00.423" intervalms="25.087" />
<gc-start id="110" type="global" contextid="109" timestamp="2019-08-02T19:06:00.424">
  <mem-info id="111" free="418816" total="8388608" percent="4">
    <mem type="tenure" free="418816" total="8388608" percent="4">
      <mem type="soa" free="0" total="7969792" percent="0" />
      <mem type="loa" free="418816" total="418816" percent="100" />
    </mem>
  </mem-info>
</gc-start>
<allocation-stats totalBytes="5232864" >
  <allocated-bytes non-tlh="0" tlh="5232864" />
  <largest-consumer threadName="Thread-11" threadId="0000000000A50F00" bytes="5232864" />
</allocation-stats>
<gc-op id="112" type="mark" timems="1.123" contextid="109" timestamp="2019-08-02T19:06:00.425">
  <trace-info objectcount="50077" scancount="41664" scanbytes="1472976" />
  <finalization candidates="124" enqueued="0" />
  <ownableSynchronizers candidates="3" cleared="0" />
  <references type="soft" candidates="148" cleared="0" enqueued="0" dynamicThreshold="21" maxThreshold="32" />
  <references type="weak" candidates="769" cleared="0" enqueued="0" />
  <references type="phantom" candidates="63" cleared="0" enqueued="0" />
  <stringconstants candidates="4596" cleared="0"  />
</gc-op>
<gc-op id="113" type="sweep" timems="0.239" contextid="109" timestamp="2019-08-02T19:06:00.425" />
<mem-info id="114" free="5641448" total="8388608" percent="67">
  <mem type="tenure" free="5641448" total="8388608" percent="67" micro-fragmented="0" macro-fragmented="0">
    <mem type="soa" free="5222632" total="7969792" percent="65" />
    <mem type="loa" free="418816" total="418816" percent="100" />
  </mem>
</mem-info>
<gc-op id="115" type="compact" timems="2.250" contextid="109" timestamp="2019-08-02T19:06:00.428">
  <compact-info movecount="287" movebytes="7072" reason="no compaction" />
</gc-op>
<gc-end id="116" type="global" contextid="109" durationms="4.167" usertimems="12.000" systemtimems="0.000" timestamp="2019-08-02T19:06:00.428" activeThreads="8">
  <mem-info id="117" free="5582128" total="8388608" percent="66">
    <mem type="tenure" free="5582128" total="8388608" percent="66">
      <mem type="soa" free="5163312" total="7969792" percent="64" />
      <mem type="loa" free="418816" total="418816" percent="100" />
    </mem>
  </mem-info>
</gc-end>
<cycle-end id="118" type="global" contextid="109" timestamp="2019-08-02T19:06:00.428" />
  <attribute name="elasticGC enabled" value="1" />
  <attribute name= "numThreadsSpecified" value="0" />
  <attribute name="heapSize specified" value="8388608" />
  <attribute name= "numCores" value="8" />
  <attribute name ="GC Interval" value="0" />
  <attribute name ="Control flow" value="3" />
  <attribute name="GC Util Range Max" value="93" />
  <attribute name="Current GC Util" value="61" />
  <attribute name= "Current Time Running" value="581" />
<allocation-satisfied id="119" threadId="0000000000A50F00" bytesRequested="40" />
<af-end id="120" timestamp="2019-08-02T19:06:00.428" threadId="0000000000A51888" success="true" />
<exclusive-end id="121" timestamp="2019-08-02T19:06:00.428" durationms="4.864" />

<exclusive-start id="122" timestamp="2019-08-02T19:06:00.445" intervalms="21.926">
  <response-info timems="0.054" idlems="0.054" threads="0" lastid="0000000000A50F00" lastname="Thread-11" />
</exclusive-start>
<af-start id="123" threadId="0000000000A51888" totalBytesRequested="40" timestamp="2019-08-02T19:06:00.445" intervalms="21.941" />
<cycle-start id="124" type="global" contextid="0" timestamp="2019-08-02T19:06:00.445" intervalms="21.938" />
<gc-start id="125" type="global" contextid="124" timestamp="2019-08-02T19:06:00.446">
  <mem-info id="126" free="418816" total="8388608" percent="4">
    <mem type="tenure" free="418816" total="8388608" percent="4">
      <mem type="soa" free="0" total="7969792" percent="0" />
      <mem type="loa" free="418816" total="418816" percent="100" />
    </mem>
  </mem-info>
</gc-start>
<allocation-stats totalBytes="5228272" >
  <allocated-bytes non-tlh="0" tlh="5228272" />
  <largest-consumer threadName="Thread-11" threadId="0000000000A50F00" bytes="5228272" />
</allocation-stats>
<gc-op id="127" type="mark" timems="1.099" contextid="124" timestamp="2019-08-02T19:06:00.447">
  <trace-info objectcount="50389" scancount="41988" scanbytes="1480464" />
  <finalization candidates="124" enqueued="0" />
  <ownableSynchronizers candidates="3" cleared="0" />
  <references type="soft" candidates="148" cleared="0" enqueued="0" dynamicThreshold="21" maxThreshold="32" />
  <references type="weak" candidates="769" cleared="0" enqueued="0" />
  <references type="phantom" candidates="63" cleared="0" enqueued="0" />
  <stringconstants candidates="4596" cleared="0"  />
</gc-op>
<gc-op id="128" type="sweep" timems="0.232" contextid="124" timestamp="2019-08-02T19:06:00.447" />
<mem-info id="129" free="5627736" total="8388608" percent="67">
  <mem type="tenure" free="5627736" total="8388608" percent="67" micro-fragmented="0" macro-fragmented="0">
    <mem type="soa" free="5208920" total="7969792" percent="65" />
    <mem type="loa" free="418816" total="418816" percent="100" />
  </mem>
</mem-info>
<gc-op id="130" type="compact" timems="2.206" contextid="124" timestamp="2019-08-02T19:06:00.449">
  <compact-info movecount="337" movebytes="8272" reason="no compaction" />
</gc-op>
<gc-end id="131" type="global" contextid="124" durationms="4.009" usertimems="12.000" systemtimems="0.000" timestamp="2019-08-02T19:06:00.450" activeThreads="8">
  <mem-info id="132" free="5574640" total="8388608" percent="66">
    <mem type="tenure" free="5574640" total="8388608" percent="66">
      <mem type="soa" free="5155824" total="7969792" percent="64" />
      <mem type="loa" free="418816" total="418816" percent="100" />
    </mem>
  </mem-info>
</gc-end>
<cycle-end id="133" type="global" contextid="124" timestamp="2019-08-02T19:06:00.450" />
  <attribute name="elasticGC enabled" value="1" />
  <attribute name= "numThreadsSpecified" value="0" />
  <attribute name="heapSize specified" value="8388608" />
  <attribute name= "numCores" value="8" />
  <attribute name ="GC Interval" value="0" />
  <attribute name ="Control flow" value="3" />
  <attribute name="GC Util Range Max" value="93" />
  <attribute name="Current GC Util" value="58" />
  <attribute name= "Current Time Running" value="602" />
<allocation-satisfied id="134" threadId="0000000000A50F00" bytesRequested="40" />
<af-end id="135" timestamp="2019-08-02T19:06:00.450" threadId="0000000000A51888" success="true" />
<exclusive-end id="136" timestamp="2019-08-02T19:06:00.450" durationms="4.694" />

<exclusive-start id="137" timestamp="2019-08-02T19:06:00.469" intervalms="23.712">
  <response-info timems="0.060" idlems="0.060" threads="0" lastid="0000000000A50F00" lastname="Thread-11" />
</exclusive-start>
<af-start id="138" threadId="0000000000A51888" totalBytesRequested="40" timestamp="2019-08-02T19:06:00.469" intervalms="23.707" />
<cycle-start id="139" type="global" contextid="0" timestamp="2019-08-02T19:06:00.469" intervalms="23.703" />
<gc-start id="140" type="global" contextid="139" timestamp="2019-08-02T19:06:00.469">
  <mem-info id="141" free="418816" total="8388608" percent="4">
    <mem type="tenure" free="418816" total="8388608" percent="4">
      <mem type="soa" free="0" total="7969792" percent="0" />
      <mem type="loa" free="418816" total="418816" percent="100" />
    </mem>
  </mem-info>
</gc-start>
<allocation-stats totalBytes="5220688" >
  <allocated-bytes non-tlh="0" tlh="5220688" />
  <largest-consumer threadName="Thread-11" threadId="0000000000A50F00" bytes="5220688" />
</allocation-stats>
<gc-op id="142" type="mark" timems="1.101" contextid="139" timestamp="2019-08-02T19:06:00.471">
  <trace-info objectcount="50730" scancount="42317" scanbytes="1488856" />
  <finalization candidates="124" enqueued="0" />
  <ownableSynchronizers candidates="3" cleared="0" />
  <references type="soft" candidates="148" cleared="0" enqueued="0" dynamicThreshold="21" maxThreshold="32" />
  <references type="weak" candidates="769" cleared="0" enqueued="0" />
  <references type="phantom" candidates="63" cleared="0" enqueued="0" />
  <stringconstants candidates="4596" cleared="0"  />
</gc-op>
<gc-op id="143" type="sweep" timems="0.221" contextid="139" timestamp="2019-08-02T19:06:00.471" />
<mem-info id="144" free="5625016" total="8388608" percent="67">
  <mem type="tenure" free="5625016" total="8388608" percent="67" micro-fragmented="0" macro-fragmented="0">
    <mem type="soa" free="5206200" total="7969792" percent="65" />
    <mem type="loa" free="418816" total="418816" percent="100" />
  </mem>
</mem-info>
<gc-op id="145" type="compact" timems="2.273" contextid="139" timestamp="2019-08-02T19:06:00.473">
  <compact-info movecount="590" movebytes="14552" reason="no compaction" />
</gc-op>
<gc-end id="146" type="global" contextid="139" durationms="4.282" usertimems="8.000" systemtimems="0.000" timestamp="2019-08-02T19:06:00.473" activeThreads="8">
  <mem-info id="147" free="5566248" total="8388608" percent="66">
    <mem type="tenure" free="5566248" total="8388608" percent="66">
      <mem type="soa" free="5147432" total="7969792" percent="64" />
      <mem type="loa" free="418816" total="418816" percent="100" />
    </mem>
  </mem-info>
</gc-end>
<cycle-end id="148" type="global" contextid="139" timestamp="2019-08-02T19:06:00.474" />
  <attribute name="elasticGC enabled" value="1" />
  <attribute name= "numThreadsSpecified" value="0" />
  <attribute name="heapSize specified" value="8388608" />
  <attribute name= "numCores" value="8" />
  <attribute name ="GC Interval" value="0" />
  <attribute name ="Control flow" value="3" />
  <attribute name="GC Util Range Max" value="93" />
  <attribute name="Current GC Util" value="53" />
  <attribute name= "Current Time Running" value="626" />
<allocation-satisfied id="149" threadId="0000000000A50F00" bytesRequested="40" />
<af-end id="150" timestamp="2019-08-02T19:06:00.474" threadId="0000000000A51888" success="true" />
<exclusive-end id="151" timestamp="2019-08-02T19:06:00.474" durationms="5.047" />

<exclusive-start id="152" timestamp="2019-08-02T19:06:00.494" intervalms="25.630">
  <response-info timems="0.068" idlems="0.068" threads="0" lastid="0000000000A50F00" lastname="Thread-11" />
</exclusive-start>
<af-start id="153" threadId="0000000000A51888" totalBytesRequested="40" timestamp="2019-08-02T19:06:00.495" intervalms="25.636" />
<cycle-start id="154" type="global" contextid="0" timestamp="2019-08-02T19:06:00.495" intervalms="25.636" />
<gc-start id="155" type="global" contextid="154" timestamp="2019-08-02T19:06:00.495">
  <mem-info id="156" free="418816" total="8388608" percent="4">
    <mem type="tenure" free="418816" total="8388608" percent="4">
      <mem type="soa" free="0" total="7969792" percent="0" />
      <mem type="loa" free="418816" total="418816" percent="100" />
    </mem>
  </mem-info>
</gc-start>
<allocation-stats totalBytes="5212368" >
  <allocated-bytes non-tlh="0" tlh="5212368" />
  <largest-consumer threadName="Thread-11" threadId="0000000000A50F00" bytes="5212368" />
</allocation-stats>
<gc-op id="157" type="mark" timems="1.156" contextid="154" timestamp="2019-08-02T19:06:00.496">
  <trace-info objectcount="51029" scancount="42617" scanbytes="1496016" />
  <finalization candidates="124" enqueued="0" />
  <ownableSynchronizers candidates="3" cleared="0" />
  <references type="soft" candidates="148" cleared="0" enqueued="0" dynamicThreshold="21" maxThreshold="32" />
  <references type="weak" candidates="769" cleared="0" enqueued="0" />
  <references type="phantom" candidates="63" cleared="0" enqueued="0" />
  <stringconstants candidates="4596" cleared="0"  />
</gc-op>
<gc-op id="158" type="sweep" timems="0.234" contextid="154" timestamp="2019-08-02T19:06:00.496" />
<mem-info id="159" free="5618112" total="8388608" percent="66">
  <mem type="tenure" free="5618112" total="8388608" percent="66" micro-fragmented="0" macro-fragmented="0">
    <mem type="soa" free="5199296" total="7969792" percent="65" />
    <mem type="loa" free="418816" total="418816" percent="100" />
  </mem>
</mem-info>
<gc-op id="160" type="compact" timems="2.197" contextid="154" timestamp="2019-08-02T19:06:00.499">
  <compact-info movecount="376" movebytes="9400" reason="no compaction" />
</gc-op>
<gc-end id="161" type="global" contextid="154" durationms="4.043" usertimems="12.000" systemtimems="0.000" timestamp="2019-08-02T19:06:00.499" activeThreads="8">
  <mem-info id="162" free="5559088" total="8388608" percent="66">
    <mem type="tenure" free="5559088" total="8388608" percent="66">
      <mem type="soa" free="5140272" total="7969792" percent="64" />
      <mem type="loa" free="418816" total="418816" percent="100" />
    </mem>
  </mem-info>
</gc-end>
<cycle-end id="163" type="global" contextid="154" timestamp="2019-08-02T19:06:00.499" />
  <attribute name="elasticGC enabled" value="1" />
  <attribute name= "numThreadsSpecified" value="0" />
  <attribute name="heapSize specified" value="8388608" />
  <attribute name= "numCores" value="8" />
  <attribute name ="GC Interval" value="0" />
  <attribute name ="Control flow" value="3" />
  <attribute name="GC Util Range Max" value="93" />
  <attribute name="Current GC Util" value="62" />
  <attribute name= "Current Time Running" value="652" />
<allocation-satisfied id="164" threadId="0000000000A50F00" bytesRequested="40" />
<af-end id="165" timestamp="2019-08-02T19:06:00.499" threadId="0000000000A51888" success="true" />
<exclusive-end id="166" timestamp="2019-08-02T19:06:00.499" durationms="4.773" />

<exclusive-start id="167" timestamp="2019-08-02T19:06:00.519" intervalms="24.873">
  <response-info timems="0.065" idlems="0.065" threads="0" lastid="0000000000A50F00" lastname="Thread-11" />
</exclusive-start>
<af-start id="168" threadId="0000000000A51888" totalBytesRequested="40" timestamp="2019-08-02T19:06:00.519" intervalms="24.834" />
<cycle-start id="169" type="global" contextid="0" timestamp="2019-08-02T19:06:00.520" intervalms="24.836" />
<gc-start id="170" type="global" contextid="169" timestamp="2019-08-02T19:06:00.520">
  <mem-info id="171" free="418816" total="8388608" percent="4">
    <mem type="tenure" free="418816" total="8388608" percent="4">
      <mem type="soa" free="0" total="7969792" percent="0" />
      <mem type="loa" free="418816" total="418816" percent="100" />
    </mem>
  </mem-info>
</gc-start>
<allocation-stats totalBytes="5205184" >
  <allocated-bytes non-tlh="0" tlh="5205184" />
  <largest-consumer threadName="Thread-11" threadId="0000000000A50F00" bytes="5205184" />
</allocation-stats>
<gc-op id="172" type="mark" timems="1.031" contextid="169" timestamp="2019-08-02T19:06:00.521">
  <trace-info objectcount="51314" scancount="42899" scanbytes="1502616" />
  <finalization candidates="124" enqueued="0" />
  <ownableSynchronizers candidates="3" cleared="0" />
  <references type="soft" candidates="148" cleared="0" enqueued="0" dynamicThreshold="21" maxThreshold="32" />
  <references type="weak" candidates="769" cleared="0" enqueued="0" />
  <references type="phantom" candidates="63" cleared="0" enqueued="0" />
  <stringconstants candidates="4596" cleared="0"  />
</gc-op>
<gc-op id="173" type="sweep" timems="0.227" contextid="169" timestamp="2019-08-02T19:06:00.521" />
<mem-info id="174" free="5611752" total="8388608" percent="66">
  <mem type="tenure" free="5611752" total="8388608" percent="66" micro-fragmented="0" macro-fragmented="0">
    <mem type="soa" free="5192936" total="7969792" percent="65" />
    <mem type="loa" free="418816" total="418816" percent="100" />
  </mem>
</mem-info>
<gc-op id="175" type="compact" timems="2.253" contextid="169" timestamp="2019-08-02T19:06:00.523">
  <compact-info movecount="503" movebytes="12208" reason="no compaction" />
</gc-op>
<gc-end id="176" type="global" contextid="169" durationms="4.023" usertimems="12.000" systemtimems="0.000" timestamp="2019-08-02T19:06:00.524" activeThreads="8">
  <mem-info id="177" free="5552488" total="8388608" percent="66">
    <mem type="tenure" free="5552488" total="8388608" percent="66">
      <mem type="soa" free="5133672" total="7969792" percent="64" />
      <mem type="loa" free="418816" total="418816" percent="100" />
    </mem>
  </mem-info>
</gc-end>
<cycle-end id="178" type="global" contextid="169" timestamp="2019-08-02T19:06:00.524" />
  <attribute name="elasticGC enabled" value="1" />
  <attribute name= "numThreadsSpecified" value="0" />
  <attribute name="heapSize specified" value="8388608" />
  <attribute name= "numCores" value="8" />
  <attribute name ="GC Interval" value="0" />
  <attribute name ="Control flow" value="3" />
  <attribute name="GC Util Range Max" value="93" />
  <attribute name="Current GC Util" value="55" />
  <attribute name= "Current Time Running" value="677" />
<allocation-satisfied id="179" threadId="0000000000A50F00" bytesRequested="40" />
<af-end id="180" timestamp="2019-08-02T19:06:00.524" threadId="0000000000A51888" success="true" />
<exclusive-end id="181" timestamp="2019-08-02T19:06:00.524" durationms="4.702" />

<exclusive-start id="182" timestamp="2019-08-02T19:06:00.544" intervalms="24.162">
  <response-info timems="0.068" idlems="0.068" threads="0" lastid="0000000000A50F00" lastname="Thread-11" />
</exclusive-start>
<af-start id="183" threadId="0000000000A51888" totalBytesRequested="40" timestamp="2019-08-02T19:06:00.544" intervalms="24.169" />
<cycle-start id="184" type="global" contextid="0" timestamp="2019-08-02T19:06:00.544" intervalms="24.165" />
<gc-start id="185" type="global" contextid="184" timestamp="2019-08-02T19:06:00.544">
  <mem-info id="186" free="418816" total="8388608" percent="4">
    <mem type="tenure" free="418816" total="8388608" percent="4">
      <mem type="soa" free="0" total="7969792" percent="0" />
      <mem type="loa" free="418816" total="418816" percent="100" />
    </mem>
  </mem-info>
</gc-start>
<allocation-stats totalBytes="5198560" >
  <allocated-bytes non-tlh="0" tlh="5198560" />
  <largest-consumer threadName="Thread-11" threadId="0000000000A50F00" bytes="5198560" />
</allocation-stats>
<gc-op id="187" type="mark" timems="1.258" contextid="184" timestamp="2019-08-02T19:06:00.545">
  <trace-info objectcount="51753" scancount="43334" scanbytes="1513392" />
  <finalization candidates="124" enqueued="0" />
  <ownableSynchronizers candidates="3" cleared="0" />
  <references type="soft" candidates="148" cleared="0" enqueued="0" dynamicThreshold="21" maxThreshold="32" />
  <references type="weak" candidates="769" cleared="0" enqueued="0" />
  <references type="phantom" candidates="63" cleared="0" enqueued="0" />
  <stringconstants candidates="4596" cleared="0"  />
</gc-op>
<gc-op id="188" type="sweep" timems="0.234" contextid="184" timestamp="2019-08-02T19:06:00.546" />
<mem-info id="189" free="5599080" total="8388608" percent="66">
  <mem type="tenure" free="5599080" total="8388608" percent="66" micro-fragmented="0" macro-fragmented="0">
    <mem type="soa" free="5180264" total="7969792" percent="64" />
    <mem type="loa" free="418816" total="418816" percent="100" />
  </mem>
</mem-info>
<gc-op id="190" type="compact" timems="2.173" contextid="184" timestamp="2019-08-02T19:06:00.548">
  <compact-info movecount="458" movebytes="11368" reason="no compaction" />
</gc-op>
<gc-end id="191" type="global" contextid="184" durationms="4.118" usertimems="8.000" systemtimems="4.000" timestamp="2019-08-02T19:06:00.548" activeThreads="8">
  <mem-info id="192" free="5541712" total="8388608" percent="66">
    <mem type="tenure" free="5541712" total="8388608" percent="66">
      <mem type="soa" free="5122896" total="7969792" percent="64" />
      <mem type="loa" free="418816" total="418816" percent="100" />
    </mem>
  </mem-info>
</gc-end>
<cycle-end id="193" type="global" contextid="184" timestamp="2019-08-02T19:06:00.548" />
  <attribute name="elasticGC enabled" value="1" />
  <attribute name= "numThreadsSpecified" value="0" />
  <attribute name="heapSize specified" value="8388608" />
  <attribute name= "numCores" value="8" />
  <attribute name ="GC Interval" value="0" />
  <attribute name ="Control flow" value="3" />
  <attribute name="GC Util Range Max" value="93" />
  <attribute name="Current GC Util" value="59" />
  <attribute name= "Current Time Running" value="701" />
<allocation-satisfied id="194" threadId="0000000000A50F00" bytesRequested="40" />
<af-end id="195" timestamp="2019-08-02T19:06:00.548" threadId="0000000000A51888" success="true" />
<exclusive-end id="196" timestamp="2019-08-02T19:06:00.548" durationms="4.790" />

<exclusive-start id="197" timestamp="2019-08-02T19:06:00.569" intervalms="25.249">
  <response-info timems="0.066" idlems="0.066" threads="0" lastid="0000000000A50F00" lastname="Thread-11" />
</exclusive-start>
<af-start id="198" threadId="0000000000A51888" totalBytesRequested="40" timestamp="2019-08-02T19:06:00.569" intervalms="25.254" />
<cycle-start id="199" type="global" contextid="0" timestamp="2019-08-02T19:06:00.569" intervalms="25.271" />
<gc-start id="200" type="global" contextid="199" timestamp="2019-08-02T19:06:00.569">
  <mem-info id="201" free="418816" total="8388608" percent="4">
    <mem type="tenure" free="418816" total="8388608" percent="4">
      <mem type="soa" free="0" total="7969792" percent="0" />
      <mem type="loa" free="418816" total="418816" percent="100" />
    </mem>
  </mem-info>
</gc-start>
<allocation-stats totalBytes="5187880" >
  <allocated-bytes non-tlh="0" tlh="5187880" />
  <largest-consumer threadName="Thread-11" threadId="0000000000A50F00" bytes="5187880" />
</allocation-stats>
<gc-op id="202" type="mark" timems="1.123" contextid="199" timestamp="2019-08-02T19:06:00.570">
  <trace-info objectcount="52090" scancount="43693" scanbytes="1521720" />
  <finalization candidates="124" enqueued="0" />
  <ownableSynchronizers candidates="3" cleared="0" />
  <references type="soft" candidates="148" cleared="0" enqueued="0" dynamicThreshold="21" maxThreshold="32" />
  <references type="weak" candidates="769" cleared="0" enqueued="0" />
  <references type="phantom" candidates="63" cleared="0" enqueued="0" />
  <stringconstants candidates="4596" cleared="0"  />
</gc-op>
<gc-op id="203" type="sweep" timems="0.225" contextid="199" timestamp="2019-08-02T19:06:00.571" />
<mem-info id="204" free="5590792" total="8388608" percent="66">
  <mem type="tenure" free="5590792" total="8388608" percent="66" micro-fragmented="0" macro-fragmented="0">
    <mem type="soa" free="5171976" total="7969792" percent="64" />
    <mem type="loa" free="418816" total="418816" percent="100" />
  </mem>
</mem-info>
<gc-op id="205" type="compact" timems="2.266" contextid="199" timestamp="2019-08-02T19:06:00.573">
  <compact-info movecount="469" movebytes="11872" reason="no compaction" />
</gc-op>
<gc-end id="206" type="global" contextid="199" durationms="4.066" usertimems="12.000" systemtimems="0.000" timestamp="2019-08-02T19:06:00.573" activeThreads="8">
  <mem-info id="207" free="5533384" total="8388608" percent="65">
    <mem type="tenure" free="5533384" total="8388608" percent="65">
      <mem type="soa" free="5114568" total="7969792" percent="64" />
      <mem type="loa" free="418816" total="418816" percent="100" />
    </mem>
  </mem-info>
</gc-end>
<cycle-end id="208" type="global" contextid="199" timestamp="2019-08-02T19:06:00.573" />
  <attribute name="elasticGC enabled" value="1" />
  <attribute name= "numThreadsSpecified" value="0" />
  <attribute name="heapSize specified" value="8388608" />
  <attribute name= "numCores" value="8" />
  <attribute name ="GC Interval" value="0" />
  <attribute name ="Control flow" value="3" />
  <attribute name="GC Util Range Max" value="93" />
  <attribute name="Current GC Util" value="58" />
  <attribute name= "Current Time Running" value="726" />
<allocation-satisfied id="209" threadId="0000000000A50F00" bytesRequested="40" />
<af-end id="210" timestamp="2019-08-02T19:06:00.573" threadId="0000000000A51888" success="true" />
<exclusive-end id="211" timestamp="2019-08-02T19:06:00.573" durationms="4.684" />

<exclusive-start id="212" timestamp="2019-08-02T19:06:00.592" intervalms="23.329">
  <response-info timems="0.079" idlems="0.079" threads="0" lastid="0000000000A50F00" lastname="Thread-11" />
</exclusive-start>
<af-start id="213" threadId="0000000000A51888" totalBytesRequested="40" timestamp="2019-08-02T19:06:00.592" intervalms="23.318" />
<cycle-start id="214" type="global" contextid="0" timestamp="2019-08-02T19:06:00.592" intervalms="23.299" />
<gc-start id="215" type="global" contextid="214" timestamp="2019-08-02T19:06:00.592">
  <mem-info id="216" free="418816" total="8388608" percent="4">
    <mem type="tenure" free="418816" total="8388608" percent="4">
      <mem type="soa" free="0" total="7969792" percent="0" />
      <mem type="loa" free="418816" total="418816" percent="100" />
    </mem>
  </mem-info>
</gc-start>
<allocation-stats totalBytes="5179360" >
  <allocated-bytes non-tlh="0" tlh="5179360" />
  <largest-consumer threadName="Thread-11" threadId="0000000000A50F00" bytes="5179360" />
</allocation-stats>
<gc-op id="217" type="mark" timems="1.077" contextid="214" timestamp="2019-08-02T19:06:00.594">
  <trace-info objectcount="52269" scancount="43861" scanbytes="1525792" />
  <finalization candidates="124" enqueued="0" />
  <ownableSynchronizers candidates="3" cleared="0" />
  <references type="soft" candidates="148" cleared="0" enqueued="0" dynamicThreshold="21" maxThreshold="32" />
  <references type="weak" candidates="769" cleared="0" enqueued="0" />
  <references type="phantom" candidates="63" cleared="0" enqueued="0" />
  <stringconstants candidates="4596" cleared="0"  />
</gc-op>
<gc-op id="218" type="sweep" timems="0.277" contextid="214" timestamp="2019-08-02T19:06:00.594" />
<mem-info id="219" free="5588808" total="8388608" percent="66">
  <mem type="tenure" free="5588808" total="8388608" percent="66" micro-fragmented="0" macro-fragmented="0">
    <mem type="soa" free="5169992" total="7969792" percent="64" />
    <mem type="loa" free="418816" total="418816" percent="100" />
  </mem>
</mem-info>
<gc-op id="220" type="compact" timems="2.291" contextid="214" timestamp="2019-08-02T19:06:00.596">
  <compact-info movecount="505" movebytes="12512" reason="no compaction" />
</gc-op>
<gc-end id="221" type="global" contextid="214" durationms="4.166" usertimems="8.000" systemtimems="4.000" timestamp="2019-08-02T19:06:00.597" activeThreads="8">
  <mem-info id="222" free="5529312" total="8388608" percent="65">
    <mem type="tenure" free="5529312" total="8388608" percent="65">
      <mem type="soa" free="5110496" total="7969792" percent="64" />
      <mem type="loa" free="418816" total="418816" percent="100" />
    </mem>
  </mem-info>
</gc-end>
<cycle-end id="223" type="global" contextid="214" timestamp="2019-08-02T19:06:00.597" />
  <attribute name="elasticGC enabled" value="1" />
  <attribute name= "numThreadsSpecified" value="0" />
  <attribute name="heapSize specified" value="8388608" />
  <attribute name= "numCores" value="8" />
  <attribute name ="GC Interval" value="0" />
  <attribute name ="Control flow" value="3" />
  <attribute name="GC Util Range Max" value="93" />
  <attribute name="Current GC Util" value="56" />
  <attribute name= "Current Time Running" value="749" />
<allocation-satisfied id="224" threadId="0000000000A50F00" bytesRequested="40" />
<af-end id="225" timestamp="2019-08-02T19:06:00.597" threadId="0000000000A51888" success="true" />
<exclusive-end id="226" timestamp="2019-08-02T19:06:00.597" durationms="4.706" />

<exclusive-start id="227" timestamp="2019-08-02T19:06:00.616" intervalms="24.287">
  <response-info timems="0.071" idlems="0.071" threads="0" lastid="0000000000A50F00" lastname="Thread-11" />
</exclusive-start>
<af-start id="228" threadId="0000000000A51888" totalBytesRequested="40" timestamp="2019-08-02T19:06:00.617" intervalms="24.291" />
<cycle-start id="229" type="global" contextid="0" timestamp="2019-08-02T19:06:00.617" intervalms="24.296" />
<gc-start id="230" type="global" contextid="229" timestamp="2019-08-02T19:06:00.617">
  <mem-info id="231" free="418816" total="8388608" percent="4">
    <mem type="tenure" free="418816" total="8388608" percent="4">
      <mem type="soa" free="0" total="7969792" percent="0" />
      <mem type="loa" free="418816" total="418816" percent="100" />
    </mem>
  </mem-info>
</gc-start>
<allocation-stats totalBytes="5175408" >
  <allocated-bytes non-tlh="0" tlh="5175408" />
  <largest-consumer threadName="Thread-11" threadId="0000000000A50F00" bytes="5175408" />
</allocation-stats>
<heap-resize id="232" type="loa contract" space="tenure" amount="83968" count="1" timems="0.000" reason="contract underutilized loa" timestamp="2019-08-02T19:06:00.617" />
<gc-op id="233" type="mark" timems="1.023" contextid="229" timestamp="2019-08-02T19:06:00.618">
  <trace-info objectcount="52489" scancount="44075" scanbytes="1531072" />
  <finalization candidates="124" enqueued="0" />
  <ownableSynchronizers candidates="3" cleared="0" />
  <references type="soft" candidates="148" cleared="0" enqueued="0" dynamicThreshold="21" maxThreshold="32" />
  <references type="weak" candidates="769" cleared="0" enqueued="0" />
  <references type="phantom" candidates="63" cleared="0" enqueued="0" />
  <stringconstants candidates="4596" cleared="0"  />
</gc-op>
<gc-op id="234" type="sweep" timems="0.233" contextid="229" timestamp="2019-08-02T19:06:00.618" />
<mem-info id="235" free="5585560" total="8388608" percent="66">
  <mem type="tenure" free="5585560" total="8388608" percent="66" micro-fragmented="10760" macro-fragmented="0">
    <mem type="soa" free="5250712" total="8053760" percent="65" />
    <mem type="loa" free="334848" total="334848" percent="100" />
  </mem>
</mem-info>
<gc-op id="236" type="compact" timems="2.214" contextid="229" timestamp="2019-08-02T19:06:00.621">
  <compact-info movecount="297" movebytes="7520" reason="no compaction" />
</gc-op>
<gc-end id="237" type="global" contextid="229" durationms="4.028" usertimems="12.000" systemtimems="0.000" timestamp="2019-08-02T19:06:00.621" activeThreads="8">
  <mem-info id="238" free="5524032" total="8388608" percent="65">
    <mem type="tenure" free="5524032" total="8388608" percent="65">
      <mem type="soa" free="5189184" total="8053760" percent="64" />
      <mem type="loa" free="334848" total="334848" percent="100" />
    </mem>
  </mem-info>
</gc-end>
<cycle-end id="239" type="global" contextid="229" timestamp="2019-08-02T19:06:00.621" />
  <attribute name="elasticGC enabled" value="1" />
  <attribute name= "numThreadsSpecified" value="0" />
  <attribute name="heapSize specified" value="8388608" />
  <attribute name= "numCores" value="8" />
  <attribute name ="GC Interval" value="0" />
  <attribute name ="Control flow" value="3" />
  <attribute name="GC Util Range Max" value="93" />
  <attribute name="Current GC Util" value="55" />
  <attribute name= "Current Time Running" value="774" />
<allocation-satisfied id="240" threadId="0000000000A50F00" bytesRequested="40" />
<af-end id="241" timestamp="2019-08-02T19:06:00.621" threadId="0000000000A51888" success="true" />
<exclusive-end id="242" timestamp="2019-08-02T19:06:00.621" durationms="4.692" />

<exclusive-start id="243" timestamp="2019-08-02T19:06:00.641" intervalms="24.883">
  <response-info timems="0.072" idlems="0.072" threads="0" lastid="0000000000A50F00" lastname="Thread-11" />
</exclusive-start>
<af-start id="244" threadId="0000000000A51888" totalBytesRequested="40" timestamp="2019-08-02T19:06:00.641" intervalms="24.941" />
<cycle-start id="245" type="global" contextid="0" timestamp="2019-08-02T19:06:00.642" intervalms="24.982" />
<gc-start id="246" type="global" contextid="245" timestamp="2019-08-02T19:06:00.642">
  <mem-info id="247" free="334848" total="8388608" percent="3">
    <mem type="tenure" free="334848" total="8388608" percent="3">
      <mem type="soa" free="0" total="8053760" percent="0" />
      <mem type="loa" free="334848" total="334848" percent="100" />
    </mem>
  </mem-info>
</gc-start>
<allocation-stats totalBytes="5254048" >
  <allocated-bytes non-tlh="0" tlh="5254048" />
  <largest-consumer threadName="Thread-11" threadId="0000000000A50F00" bytes="5254048" />
</allocation-stats>
<heap-resize id="248" type="loa contract" space="tenure" amount="83968" count="1" timems="0.000" reason="contract underutilized loa" timestamp="2019-08-02T19:06:00.642" />
<gc-op id="249" type="mark" timems="1.526" contextid="245" timestamp="2019-08-02T19:06:00.644">
  <trace-info objectcount="52828" scancount="44419" scanbytes="1539200" />
  <finalization candidates="124" enqueued="0" />
  <ownableSynchronizers candidates="3" cleared="0" />
  <references type="soft" candidates="148" cleared="0" enqueued="0" dynamicThreshold="21" maxThreshold="32" />
  <references type="weak" candidates="769" cleared="0" enqueued="0" />
  <references type="phantom" candidates="63" cleared="0" enqueued="0" />
  <stringconstants candidates="4596" cleared="0"  />
</gc-op>
<gc-op id="250" type="sweep" timems="1.462" contextid="245" timestamp="2019-08-02T19:06:00.645" />
<mem-info id="251" free="5577648" total="8388608" percent="66">
  <mem type="tenure" free="5577648" total="8388608" percent="66" micro-fragmented="0" macro-fragmented="0">
    <mem type="soa" free="5326768" total="8137728" percent="65" />
    <mem type="loa" free="250880" total="250880" percent="100" />
  </mem>
</mem-info>
<gc-op id="252" type="compact" timems="5.817" contextid="245" timestamp="2019-08-02T19:06:00.651">
  <compact-info movecount="416" movebytes="10368" reason="no compaction" />
</gc-op>
<gc-end id="253" type="global" contextid="245" durationms="9.896" usertimems="28.000" systemtimems="0.000" timestamp="2019-08-02T19:06:00.652" activeThreads="8">
  <mem-info id="254" free="5515904" total="8388608" percent="65">
    <mem type="tenure" free="5515904" total="8388608" percent="65">
      <mem type="soa" free="5265024" total="8137728" percent="64" />
      <mem type="loa" free="250880" total="250880" percent="100" />
    </mem>
  </mem-info>
</gc-end>
<cycle-end id="255" type="global" contextid="245" timestamp="2019-08-02T19:06:00.652" />
  <attribute name="elasticGC enabled" value="1" />
  <attribute name= "numThreadsSpecified" value="0" />
  <attribute name="heapSize specified" value="8388608" />
  <attribute name= "numCores" value="8" />
  <attribute name ="GC Interval" value="0" />
  <attribute name ="Control flow" value="3" />
  <attribute name="GC Util Range Max" value="93" />
  <attribute name="Current GC Util" value="121" />
  <attribute name= "Current Time Running" value="804" />
<allocation-satisfied id="256" threadId="0000000000A50F00" bytesRequested="40" />
<af-end id="257" timestamp="2019-08-02T19:06:00.652" threadId="0000000000A51888" success="true" />
<exclusive-end id="258" timestamp="2019-08-02T19:06:00.652" durationms="10.665" />

<exclusive-start id="259" timestamp="2019-08-02T19:06:00.665" intervalms="23.682">
  <response-info timems="0.074" idlems="0.074" threads="0" lastid="0000000000A50F00" lastname="Thread-11" />
</exclusive-start>
<af-start id="260" threadId="0000000000A51888" totalBytesRequested="24" timestamp="2019-08-02T19:06:00.665" intervalms="23.646" />
<cycle-start id="261" type="global" contextid="0" timestamp="2019-08-02T19:06:00.665" intervalms="23.606" />
<gc-start id="262" type="global" contextid="261" timestamp="2019-08-02T19:06:00.665">
  <mem-info id="263" free="250880" total="8388608" percent="2">
    <mem type="tenure" free="250880" total="8388608" percent="2">
      <mem type="soa" free="0" total="8137728" percent="0" />
      <mem type="loa" free="250880" total="250880" percent="100" />
    </mem>
  </mem-info>
</gc-start>
<allocation-stats totalBytes="5329904" >
  <allocated-bytes non-tlh="0" tlh="5329904" />
  <largest-consumer threadName="Thread-11" threadId="0000000000A50F00" bytes="5329904" />
</allocation-stats>
<heap-resize id="264" type="loa contract" space="tenure" amount="83968" count="1" timems="0.000" reason="contract underutilized loa" timestamp="2019-08-02T19:06:00.665" />
<gc-op id="265" type="mark" timems="1.831" contextid="261" timestamp="2019-08-02T19:06:00.667">
  <trace-info objectcount="53190" scancount="44772" scanbytes="1547872" />
  <finalization candidates="124" enqueued="0" />
  <ownableSynchronizers candidates="3" cleared="0" />
  <references type="soft" candidates="148" cleared="0" enqueued="0" dynamicThreshold="21" maxThreshold="32" />
  <references type="weak" candidates="769" cleared="0" enqueued="0" />
  <references type="phantom" candidates="63" cleared="0" enqueued="0" />
  <stringconstants candidates="4596" cleared="0"  />
</gc-op>
<gc-op id="266" type="sweep" timems="1.434" contextid="261" timestamp="2019-08-02T19:06:00.669" />
<mem-info id="267" free="5568728" total="8388608" percent="66">
  <mem type="tenure" free="5568728" total="8388608" percent="66" micro-fragmented="6656" macro-fragmented="0">
    <mem type="soa" free="5401816" total="8221696" percent="65" />
    <mem type="loa" free="166912" total="166912" percent="100" />
  </mem>
</mem-info>
<gc-op id="268" type="compact" timems="5.553" contextid="261" timestamp="2019-08-02T19:06:00.675">
  <compact-info movecount="537" movebytes="13256" reason="no compaction" />
</gc-op>
<gc-end id="269" type="global" contextid="261" durationms="10.084" usertimems="24.000" systemtimems="4.000" timestamp="2019-08-02T19:06:00.675" activeThreads="8">
  <mem-info id="270" free="5507232" total="8388608" percent="65">
    <mem type="tenure" free="5507232" total="8388608" percent="65">
      <mem type="soa" free="5340320" total="8221696" percent="64" />
      <mem type="loa" free="166912" total="166912" percent="100" />
    </mem>
  </mem-info>
</gc-end>
<cycle-end id="271" type="global" contextid="261" timestamp="2019-08-02T19:06:00.676" />
  <attribute name="elasticGC enabled" value="1" />
  <attribute name= "numThreadsSpecified" value="0" />
  <attribute name="heapSize specified" value="8388608" />
  <attribute name= "numCores" value="8" />
  <attribute name ="GC Interval" value="0" />
  <attribute name ="Control flow" value="3" />
  <attribute name="GC Util Range Max" value="93" />
  <attribute name="Current GC Util" value="120" />
  <attribute name= "Current Time Running" value="828" />
<allocation-satisfied id="272" threadId="0000000000A50F00" bytesRequested="24" />
<af-end id="273" timestamp="2019-08-02T19:06:00.676" threadId="0000000000A51888" success="true" />
<exclusive-end id="274" timestamp="2019-08-02T19:06:00.676" durationms="10.805" />

</verbosegc>

