<?xml version="1.0" ?>

<verbosegc xmlns="http://www.ibm.com/j9/verbosegc" version="10b4217_CMPRSS">

<initialized id="1" timestamp="2019-06-15T07:07:38.543">
  <attribute name="gcPolicy" value="-Xgcpolicy:optavgpause" />
  <attribute name="elasticGC enabled" value="1" />
  <attribute name= "numThreadsSpecified" value="0" />
  <attribute name="heapSize specified" value="0" />
  <attribute name="Current GC Util" value="0" />
  <attribute name= "Current Time Running" value="0" />
  <attribute name ="GC Interval" value="0" />
  <attribute name="ProportionalT" value="0.000000" />
  <attribute name="ProportionalI" value="0.000000" />
  <attribute name="ProportionalH" value="0.000000" />
  <attribute name="IntegralT" value="0.000000" />
  <attribute name="IntegralI" value="0.000000" />
  <attribute name="IntegralH" value="0.000000" />
  <attribute name="DerivativeT" value="0.000000" />
  <attribute name="DerivativeI" value="0.000000" />
  <attribute name="DerivativeH" value="0.000000" />
  <attribute name="Target GC Util Change" value ="0.000000" />
  <attribute name="Current GC Util Change" value="0.000000"/>
  <attribute name="Current Error" value="0.000000" />
  <attribute name="Loop Time for DT" value="0.000000" />
  <attribute name="Output H" value="0"/>
  <attribute name="Output I" value="0"/>
  <attribute name="Output T" value="0"/>
  <attribute name="GC Util currently" value="0" />
  <attribute name="CPU Util currently" value="0" />
  <attribute name="maxHeapSize" value="0x7cbc0000" />
  <attribute name="initialHeapSize" value="0x800000" />
  <attribute name="compressedRefs" value="true" />
  <attribute name="compressedRefsDisplacement" value="0x0" />
  <attribute name="compressedRefsShift" value="0x0" />
  <attribute name="pageSize" value="0x1000" />
  <attribute name="pageType" value="not used" />
  <attribute name="requestedPageSize" value="0x1000" />
  <attribute name="requestedPageType" value="not used" />
  <attribute name="gcthreads" value="4" />
  <attribute name="packetListSplit" value="4" />
  <attribute name="cacheListSplit" value="4" />
  <attribute name="splitFreeListSplitAmount" value="1" />
  <attribute name="numaNodes" value="0" />
  <system>
    <attribute name="physicalMemory" value="8370962432" />
    <attribute name="numCPUs" value="4" />
    <attribute name="architecture" value="amd64" />
    <attribute name="os" value="Linux" />
    <attribute name="osVersion" value="4.4.0-148-generic" />
  </system>
  <vmargs>
    <vmarg name="-Xoptionsfile=/vagrant/jdk/lib/options.default" />
    <vmarg name="-Xlockword:mode=default,noLockword=java/lang/String,noLockword=java/util/MapEntry,noLockword=java/util/HashMap$Entry,noLockword..." />
    <vmarg name="-Xjcl:jclse29" />
    <vmarg name="-Dcom.ibm.oti.vm.bootstrap.library.path=/vagrant/jdk/lib/compressedrefs:/vagrant/jdk/lib" />
    <vmarg name="-Dsun.boot.library.path=/vagrant/jdk/lib/compressedrefs:/vagrant/jdk/lib" />
    <vmarg name="-Djava.library.path=/vagrant/jdk/lib/compressedrefs:/vagrant/jdk/lib:/usr/lib64:/usr/lib" />
    <vmarg name="-Djava.home=/vagrant/jdk" />
    <vmarg name="-Duser.dir=/vagrant" />
    <vmarg name="-Xgcpolicy:optavgpause" />
    <vmarg name="-Xgcelastic" />
    <vmarg name="-Xcheck:gc:::elasticGC" />
    <vmarg name="-verbose:gc" />
    <vmarg name="-Xloggc:large-OPTAVGPAUSE-jdk0.5-1-1.5-verbose9jython.txt" />
    <vmarg name="-Djava.class.path=dacapo-9.12-MR1-bach.jar" />
    <vmarg name="-Dsun.java.command=dacapo-9.12-MR1-bach.jar jython --size=large" />
    <vmarg name="-Dsun.java.launcher=SUN_STANDARD" />
    <vmarg name="-Dsun.java.launcher.pid=23407" />
  </vmargs>
</initialized>

<exclusive-start id="2" timestamp="2019-06-15T07:07:40.150" intervalms="1606.582">
  <response-info timems="0.021" idlems="0.021" threads="0" lastid="000000000140B700" lastname="main" />
</exclusive-start>
<af-start id="3" threadId="000000000140C088" totalBytesRequested="2056" timestamp="2019-06-15T07:07:40.150" intervalms="1606.830" />
<cycle-start id="4" type="global" contextid="0" timestamp="2019-06-15T07:07:40.150" intervalms="1607.154" />
<gc-start id="5" type="global" contextid="4" timestamp="2019-06-15T07:07:40.150">
  <mem-info id="6" free="418816" total="8388608" percent="4">
    <mem type="tenure" free="418816" total="8388608" percent="4">
      <mem type="soa" free="0" total="7969792" percent="0" />
      <mem type="loa" free="418816" total="418816" percent="100" />
    </mem>
  </mem-info>
</gc-start>
<allocation-stats totalBytes="7880088" >
  <allocated-bytes non-tlh="357688" tlh="7522400" />
  <largest-consumer threadName="main" threadId="000000000140B700" bytes="7803520" />
</allocation-stats>
<gc-op id="7" type="mark" timems="2.054" contextid="4" timestamp="2019-06-15T07:07:40.153">
  <trace-info objectcount="17675" scancount="14640" scanbytes="461016" />
  <finalization candidates="14" enqueued="1" />
  <references type="soft" candidates="63" cleared="0" enqueued="0" dynamicThreshold="32" maxThreshold="32" />
  <references type="weak" candidates="544" cleared="401" enqueued="362" />
  <references type="phantom" candidates="105" cleared="44" enqueued="44" />
  <stringconstants candidates="2406" cleared="0"  />
</gc-op>
<gc-op id="8" type="classunload" timems="0.089" contextid="4" timestamp="2019-06-15T07:07:40.153">
  <classunload-info classloadercandidates="5" classloadersunloaded="0" classesunloaded="0" anonymousclassesunloaded="0" quiescems="0.000" setupms="0.088" scanms="0.001" postms="0.000" />
</gc-op>
<gc-op id="9" type="sweep" timems="0.723" contextid="4" timestamp="2019-06-15T07:07:40.154" />
<mem-info id="10" free="7188056" total="8388608" percent="85">
  <mem type="tenure" free="7188056" total="8388608" percent="85" micro-fragmented="200369">
    <mem type="soa" free="6769240" total="7969792" percent="84" />
    <mem type="loa" free="418816" total="418816" percent="100" />
  </mem>
  <pending-finalizers system="1" default="0" reference="406" classloader="0" />
</mem-info>
<gc-op id="11" type="compact" timems="4.026" contextid="4" timestamp="2019-06-15T07:07:40.158">
  <compact-info movecount="17674" movebytes="963800" reason="compact to aid heap contraction" />
</gc-op>
<heap-resize id="12" type="expand" space="tenure" amount="2084241408" count="1" timems="0.254" reason="satisfy allocation request" timestamp="2019-06-15T07:07:40.159" />
<gc-end id="13" type="global" contextid="4" durationms="8.267" usertimems="4.000" systemtimems="4.000" timestamp="2019-06-15T07:07:40.159" activeThreads="4">
  <mem-info id="14" free="2091600592" total="2092630016" percent="99">
    <mem type="tenure" free="2091600592" total="2092630016" percent="99">
      <mem type="soa" free="1986969296" total="1987998720" percent="99" />
      <mem type="loa" free="104631296" total="104631296" percent="100" />
    </mem>
    <pending-finalizers system="1" default="0" reference="406" classloader="0" />
  </mem-info>
</gc-end>
<cycle-end id="15" type="global" contextid="4" timestamp="2019-06-15T07:07:40.159" />
  <attribute name="elasticGC enabled" value="1" />
  <attribute name= "numThreadsSpecified" value="4" />
  <attribute name="heapSize specified" value="8388608" />
  <attribute name="Current GC Util" value="31" />
  <attribute name= "Current Time Running" value="1497" />
  <attribute name ="GC Interval" value="0" />
  <attribute name="ProportionalT" value="5.500000" />
  <attribute name="ProportionalI" value="5.500000" />
  <attribute name="ProportionalH" value="5.500000" />
  <attribute name="Current Error" value="11.000000" />
  <attribute name="IntegralT" value="-29617.000000" />
  <attribute name="IntegralI" value="-29617.000000" />
  <attribute name="IntegralH" value="-29617.000000" />
  <attribute name="DerivativeT" value="4.125000" />
  <attribute name="DerivativeI" value="4.125000" />
  <attribute name="DerivativeH" value="4.125000" />
  <attribute name="Loop Time for DT" value="4.000000" />
  <attribute name="Output H" value="2092630016"/>
  <attribute name="Output I" value="200"/>
  <attribute name="Output T" value="4"/>
  <attribute name="Target GC Util Change" value ="20.000000" />
  <attribute name="Current GC Util Change" value="31.000000"/>
  <attribute name="GC Util currently" value="31" />
  <attribute name="CPU Util currently" value="40" />
<allocation-satisfied id="16" threadId="000000000140B700" bytesRequested="2056" />
<af-end id="17" timestamp="2019-06-15T07:07:40.159" threadId="000000000140C088" success="true" />
<exclusive-end id="18" timestamp="2019-06-15T07:07:40.159" durationms="9.405" />

<exclusive-start id="19" timestamp="2019-06-15T07:07:44.485" intervalms="4335.778">
  <response-info timems="0.020" idlems="0.020" threads="0" lastid="000000000140B700" lastname="main" />
</exclusive-start>
<sys-start reason="explicit" id="20" timestamp="2019-06-15T07:07:44.486" intervalms="5942.546" />
<cycle-start id="21" type="global" contextid="0" timestamp="2019-06-15T07:07:44.486" intervalms="4335.536" />
<gc-start id="22" type="global" contextid="21" timestamp="2019-06-15T07:07:44.486">
  <mem-info id="23" free="2021928944" total="2092630016" percent="96">
    <mem type="tenure" free="2021928944" total="2092630016" percent="96">
      <mem type="soa" free="1917297648" total="1987998720" percent="96" />
      <mem type="loa" free="104631296" total="104631296" percent="100" />
    </mem>
  </mem-info>
</gc-start>
<allocation-stats totalBytes="69702968" >
  <allocated-bytes non-tlh="3398368" tlh="66304600" />
  <largest-consumer threadName="main" threadId="000000000140B700" bytes="69633880" />
</allocation-stats>
<gc-op id="24" type="mark" timems="16.136" contextid="21" timestamp="2019-06-15T07:07:44.502">
  <trace-info objectcount="75464" scancount="62991" scanbytes="2109860" />
  <finalization candidates="81" enqueued="1" />
  <ownableSynchronizers candidates="21" cleared="0" />
  <references type="soft" candidates="1640" cleared="0" enqueued="0" dynamicThreshold="31" maxThreshold="32" />
  <references type="weak" candidates="5205" cleared="734" enqueued="570" />
  <references type="phantom" candidates="115" cleared="15" enqueued="15" />
  <stringconstants candidates="8680" cleared="15"  />
</gc-op>
<gc-op id="25" type="classunload" timems="0.465" contextid="21" timestamp="2019-06-15T07:07:44.503">
  <classunload-info classloadercandidates="17" classloadersunloaded="1" classesunloaded="1" anonymousclassesunloaded="0" quiescems="0.000" setupms="0.454" scanms="0.008" postms="0.003" />
</gc-op>
<gc-op id="26" type="sweep" timems="3.394" contextid="21" timestamp="2019-06-15T07:07:44.507" />
<mem-info id="27" free="2087412240" total="2092630016" percent="99">
  <mem type="tenure" free="2087412240" total="2092630016" percent="99" micro-fragmented="706055">
    <mem type="soa" free="1982780944" total="1987998720" percent="99" />
    <mem type="loa" free="104631296" total="104631296" percent="100" />
  </mem>
  <pending-finalizers system="1" default="0" reference="585" classloader="0" />
</mem-info>
<gc-op id="28" type="compact" timems="27.755" contextid="21" timestamp="2019-06-15T07:07:44.535">
  <compact-info movecount="74799" movebytes="4256432" reason="compact to aid heap contraction" />
</gc-op>
<gc-end id="29" type="global" contextid="21" durationms="49.447" usertimems="64.000" systemtimems="0.000" timestamp="2019-06-15T07:07:44.535" activeThreads="4">
  <mem-info id="30" free="2088355192" total="2092630016" percent="99">
    <mem type="tenure" free="2088355192" total="2092630016" percent="99">
      <mem type="soa" free="1983723896" total="1987998720" percent="99" />
      <mem type="loa" free="104631296" total="104631296" percent="100" />
    </mem>
    <pending-finalizers system="1" default="0" reference="585" classloader="0" />
  </mem-info>
</gc-end>
<cycle-end id="31" type="global" contextid="21" timestamp="2019-06-15T07:07:44.535" />
  <attribute name="elasticGC enabled" value="1" />
  <attribute name= "numThreadsSpecified" value="4" />
  <attribute name="heapSize specified" value="2092630016" />
  <attribute name="Current GC Util" value="49" />
  <attribute name= "Current Time Running" value="5874" />
  <attribute name ="GC Interval" value="0" />
  <attribute name="ProportionalT" value="14.500000" />
  <attribute name="ProportionalI" value="14.500000" />
  <attribute name="ProportionalH" value="14.500000" />
  <attribute name="Current Error" value="29.000000" />
  <attribute name="IntegralT" value="812.000000" />
  <attribute name="IntegralI" value="812.000000" />
  <attribute name="IntegralH" value="812.000000" />
  <attribute name="DerivativeT" value="-1.660714" />
  <attribute name="DerivativeI" value="-1.660714" />
  <attribute name="DerivativeH" value="-1.660714" />
  <attribute name="Loop Time for DT" value="28.000000" />
  <attribute name="Output H" value="8388608"/>
  <attribute name="Output I" value="824"/>
  <attribute name="Output T" value="4"/>
  <attribute name="Target GC Util Change" value ="20.000000" />
  <attribute name="Current GC Util Change" value="49.000000"/>
  <attribute name="GC Util currently" value="49" />
  <attribute name="CPU Util currently" value="164948397459" />
<sys-end id="32" timestamp="2019-06-15T07:07:44.536" />
<exclusive-end id="33" timestamp="2019-06-15T07:07:44.536" durationms="50.399" />

<exclusive-start id="34" timestamp="2019-06-15T07:07:49.525" intervalms="5039.560">
  <response-info timems="0.062" idlems="0.062" threads="0" lastid="000000000140B700" lastname="main" />
</exclusive-start>
<af-start id="35" threadId="000000000140C088" totalBytesRequested="120" timestamp="2019-06-15T07:07:49.525" intervalms="9375.391" />
<cycle-start id="36" type="global" contextid="0" timestamp="2019-06-15T07:07:49.525" intervalms="5039.710" />
<gc-start id="37" type="global" contextid="36" timestamp="2019-06-15T07:07:49.526">
  <mem-info id="38" free="104631296" total="2092630016" percent="4">
    <mem type="tenure" free="104631296" total="2092630016" percent="4">
      <mem type="soa" free="0" total="1987998720" percent="0" />
      <mem type="loa" free="104631296" total="104631296" percent="100" />
    </mem>
  </mem-info>
</gc-start>
<allocation-stats totalBytes="1981181496" >
  <allocated-bytes non-tlh="14517664" tlh="1966663832" />
  <largest-consumer threadName="main" threadId="000000000140B700" bytes="1981153616" />
</allocation-stats>
<gc-op id="39" type="mark" timems="14.428" contextid="36" timestamp="2019-06-15T07:07:49.540">
  <trace-info objectcount="608080" scancount="528667" scanbytes="13643980" />
  <finalization candidates="85" enqueued="5" />
  <ownableSynchronizers candidates="21" cleared="0" />
  <references type="soft" candidates="4854" cleared="0" enqueued="0" dynamicThreshold="31" maxThreshold="32" />
  <references type="weak" candidates="5667" cleared="80" enqueued="73" />
  <references type="phantom" candidates="107" cleared="5" enqueued="5" />
  <stringconstants candidates="13790" cleared="24"  />
</gc-op>
<gc-op id="40" type="classunload" timems="0.455" contextid="36" timestamp="2019-06-15T07:07:49.541">
  <classunload-info classloadercandidates="59" classloadersunloaded="3" classesunloaded="3" anonymousclassesunloaded="0" quiescems="0.000" setupms="0.438" scanms="0.013" postms="0.004" />
</gc-op>
<gc-op id="41" type="sweep" timems="148.118" contextid="36" timestamp="2019-06-15T07:07:49.689" />
<mem-info id="42" free="2063165480" total="2092630016" percent="98">
  <mem type="tenure" free="2063165480" total="2092630016" percent="98" micro-fragmented="1722966">
    <mem type="soa" free="1958534184" total="1987998720" percent="98" />
    <mem type="loa" free="104631296" total="104631296" percent="100" />
  </mem>
  <pending-finalizers system="0" default="5" reference="78" classloader="0" />
</mem-info>
<gc-op id="43" type="compact" timems="39.011" contextid="36" timestamp="2019-06-15T07:07:49.729">
  <compact-info movecount="605281" movebytes="18085496" reason="compact to aid heap contraction" />
</gc-op>
<gc-end id="44" type="global" contextid="36" durationms="203.736" usertimems="288.000" systemtimems="12.000" timestamp="2019-06-15T07:07:49.729" activeThreads="4">
  <mem-info id="45" free="2074331456" total="2092630016" percent="99">
    <mem type="tenure" free="2074331456" total="2092630016" percent="99">
      <mem type="soa" free="1969700160" total="1987998720" percent="99" />
      <mem type="loa" free="104631296" total="104631296" percent="100" />
    </mem>
    <pending-finalizers system="0" default="5" reference="78" classloader="0" />
  </mem-info>
</gc-end>
<cycle-end id="46" type="global" contextid="36" timestamp="2019-06-15T07:07:49.730" />
  <attribute name="elasticGC enabled" value="1" />
  <attribute name= "numThreadsSpecified" value="4" />
  <attribute name="heapSize specified" value="2092630016" />
  <attribute name="Current GC Util" value="181" />
  <attribute name= "Current Time Running" value="11068" />
  <attribute name ="GC Interval" value="0" />
  <attribute name="ProportionalT" value="80.500000" />
  <attribute name="ProportionalI" value="80.500000" />
  <attribute name="ProportionalH" value="80.500000" />
  <attribute name="Current Error" value="161.000000" />
  <attribute name="IntegralT" value="6279.000000" />
  <attribute name="IntegralI" value="6279.000000" />
  <attribute name="IntegralH" value="6279.000000" />
  <attribute name="DerivativeT" value="6.192308" />
  <attribute name="DerivativeI" value="6.192308" />
  <attribute name="DerivativeH" value="6.192308" />
  <attribute name="Loop Time for DT" value="39.000000" />
  <attribute name="Output H" value="8388608"/>
  <attribute name="Output I" value="4000"/>
  <attribute name="Output T" value="4"/>
  <attribute name="Target GC Util Change" value ="20.000000" />
  <attribute name="Current GC Util Change" value="181.000000"/>
  <attribute name="GC Util currently" value="181" />
  <attribute name="CPU Util currently" value="117327259180" />
<allocation-satisfied id="47" threadId="000000000140B700" bytesRequested="120" />
<af-end id="48" timestamp="2019-06-15T07:07:49.730" threadId="000000000140C088" success="true" />
<exclusive-end id="49" timestamp="2019-06-15T07:07:49.730" durationms="205.406" />

<exclusive-start id="50" timestamp="2019-06-15T07:07:57.091" intervalms="7565.561">
  <response-info timems="0.127" idlems="0.127" threads="0" lastid="000000000140B700" lastname="main" />
</exclusive-start>
<af-start id="51" threadId="000000000140C088" totalBytesRequested="1168" timestamp="2019-06-15T07:07:57.091" intervalms="7565.635" />
<cycle-start id="52" type="global" contextid="0" timestamp="2019-06-15T07:07:57.091" intervalms="7565.558" />
<gc-start id="53" type="global" contextid="52" timestamp="2019-06-15T07:07:57.091">
  <mem-info id="54" free="104631296" total="2092630016" percent="4">
    <mem type="tenure" free="104631296" total="2092630016" percent="4">
      <mem type="soa" free="0" total="1987998720" percent="0" />
      <mem type="loa" free="104631296" total="104631296" percent="100" />
    </mem>
  </mem-info>
</gc-start>
<allocation-stats totalBytes="1967762064" >
  <allocated-bytes non-tlh="29440" tlh="1967732624" />
  <largest-consumer threadName="main" threadId="000000000140B700" bytes="1967749656" />
</allocation-stats>
<gc-op id="55" type="mark" timems="8.333" contextid="52" timestamp="2019-06-15T07:07:57.100">
  <trace-info objectcount="610257" scancount="530284" scanbytes="13683272" />
  <finalization candidates="80" enqueued="0" />
  <ownableSynchronizers candidates="21" cleared="0" />
  <references type="soft" candidates="4867" cleared="0" enqueued="0" dynamicThreshold="31" maxThreshold="32" />
  <references type="weak" candidates="5702" cleared="12" enqueued="9" />
  <references type="phantom" candidates="102" cleared="1" enqueued="1" />
  <stringconstants candidates="13843" cleared="0"  />
</gc-op>
<gc-op id="56" type="sweep" timems="296.460" contextid="52" timestamp="2019-06-15T07:07:57.396" />
<mem-info id="57" free="2074255208" total="2092630016" percent="99">
  <mem type="tenure" free="2074255208" total="2092630016" percent="99" micro-fragmented="11664">
    <mem type="soa" free="1969623912" total="1987998720" percent="99" />
    <mem type="loa" free="104631296" total="104631296" percent="100" />
  </mem>
  <pending-finalizers system="0" default="0" reference="10" classloader="0" />
</mem-info>
<gc-op id="58" type="compact" timems="49.418" contextid="52" timestamp="2019-06-15T07:07:57.446">
  <compact-info movecount="553888" movebytes="16632064" reason="compact to aid heap contraction" />
</gc-op>
<gc-end id="59" type="global" contextid="52" durationms="355.108" usertimems="468.000" systemtimems="12.000" timestamp="2019-06-15T07:07:57.446" activeThreads="4">
  <mem-info id="60" free="2074267616" total="2092630016" percent="99">
    <mem type="tenure" free="2074267616" total="2092630016" percent="99">
      <mem type="soa" free="1969636320" total="1987998720" percent="99" />
      <mem type="loa" free="104631296" total="104631296" percent="100" />
    </mem>
    <pending-finalizers system="0" default="0" reference="10" classloader="0" />
  </mem-info>
</gc-end>
<cycle-end id="61" type="global" contextid="52" timestamp="2019-06-15T07:07:57.447" />
  <attribute name="elasticGC enabled" value="1" />
  <attribute name= "numThreadsSpecified" value="4" />
  <attribute name="heapSize specified" value="2092630016" />
  <attribute name="Current GC Util" value="236" />
  <attribute name= "Current Time Running" value="18785" />
  <attribute name ="GC Interval" value="0" />
  <attribute name="ProportionalT" value="108.000000" />
  <attribute name="ProportionalI" value="108.000000" />
  <attribute name="ProportionalH" value="108.000000" />
  <attribute name="Current Error" value="216.000000" />
  <attribute name="IntegralT" value="10584.000000" />
  <attribute name="IntegralI" value="10584.000000" />
  <attribute name="IntegralH" value="10584.000000" />
  <attribute name="DerivativeT" value="6.612245" />
  <attribute name="DerivativeI" value="6.612245" />
  <attribute name="DerivativeH" value="6.612245" />
  <attribute name="Loop Time for DT" value="49.000000" />
  <attribute name="Output H" value="8388608"/>
  <attribute name="Output I" value="4000"/>
  <attribute name="Output T" value="4"/>
  <attribute name="Target GC Util Change" value ="20.000000" />
  <attribute name="Current GC Util Change" value="236.000000"/>
  <attribute name="GC Util currently" value="236" />
  <attribute name="CPU Util currently" value="93012058092" />
<allocation-satisfied id="62" threadId="000000000140B700" bytesRequested="1168" />
<af-end id="63" timestamp="2019-06-15T07:07:57.447" threadId="000000000140C088" success="true" />
<exclusive-end id="64" timestamp="2019-06-15T07:07:57.447" durationms="356.439" />

<exclusive-start id="65" timestamp="2019-06-15T07:07:58.589" intervalms="1498.511">
  <response-info timems="0.093" idlems="0.093" threads="0" lastid="000000000140B700" lastname="main" />
</exclusive-start>
<af-start id="66" threadId="000000000140C088" totalBytesRequested="32" timestamp="2019-06-15T07:07:58.589" intervalms="1498.327" />
<cycle-start id="67" type="global" contextid="0" timestamp="2019-06-15T07:07:58.589" intervalms="1498.322" />
<gc-start id="68" type="global" contextid="67" timestamp="2019-06-15T07:07:58.589">
  <mem-info id="69" free="104631296" total="2092630016" percent="4">
    <mem type="tenure" free="104631296" total="2092630016" percent="4">
      <mem type="soa" free="0" total="1987998720" percent="0" />
      <mem type="loa" free="104631296" total="104631296" percent="100" />
    </mem>
  </mem-info>
</gc-start>
<allocation-stats totalBytes="1967992792" >
  <allocated-bytes non-tlh="0" tlh="1967992792" />
  <largest-consumer threadName="main" threadId="000000000140B700" bytes="1967992792" />
</allocation-stats>
<gc-op id="70" type="mark" timems="7.410" contextid="67" timestamp="2019-06-15T07:07:58.597">
  <trace-info objectcount="610302" scancount="530305" scanbytes="13684640" />
  <finalization candidates="80" enqueued="0" />
  <ownableSynchronizers candidates="21" cleared="0" />
  <references type="soft" candidates="4867" cleared="0" enqueued="0" dynamicThreshold="31" maxThreshold="32" />
  <references type="weak" candidates="5719" cleared="7" enqueued="3" />
  <references type="phantom" candidates="101" cleared="0" enqueued="0" />
  <stringconstants candidates="13843" cleared="0"  />
</gc-op>
<gc-op id="71" type="sweep" timems="250.160" contextid="67" timestamp="2019-06-15T07:07:58.847" />
<mem-info id="72" free="2074278144" total="2092630016" percent="99">
  <mem type="tenure" free="2074278144" total="2092630016" percent="99" micro-fragmented="6661">
    <mem type="soa" free="1969646848" total="1987998720" percent="99" />
    <mem type="loa" free="104631296" total="104631296" percent="100" />
  </mem>
  <pending-finalizers system="0" default="0" reference="3" classloader="0" />
</mem-info>
<gc-op id="73" type="compact" timems="30.703" contextid="67" timestamp="2019-06-15T07:07:58.878">
  <compact-info movecount="316446" movebytes="8422456" reason="compact to aid heap contraction" />
</gc-op>
<gc-end id="74" type="global" contextid="67" durationms="289.241" usertimems="364.000" systemtimems="8.000" timestamp="2019-06-15T07:07:58.879" activeThreads="4">
  <mem-info id="75" free="2074270632" total="2092630016" percent="99">
    <mem type="tenure" free="2074270632" total="2092630016" percent="99">
      <mem type="soa" free="1969639336" total="1987998720" percent="99" />
      <mem type="loa" free="104631296" total="104631296" percent="100" />
    </mem>
    <pending-finalizers system="0" default="0" reference="3" classloader="0" />
  </mem-info>
</gc-end>
<cycle-end id="76" type="global" contextid="67" timestamp="2019-06-15T07:07:58.879" />
  <attribute name="elasticGC enabled" value="1" />
  <attribute name= "numThreadsSpecified" value="4" />
  <attribute name="heapSize specified" value="2092630016" />
  <attribute name="Current GC Util" value="200" />
  <attribute name= "Current Time Running" value="20218" />
  <attribute name ="GC Interval" value="0" />
  <attribute name="ProportionalT" value="90.000000" />
  <attribute name="ProportionalI" value="90.000000" />
  <attribute name="ProportionalH" value="90.000000" />
  <attribute name="Current Error" value="180.000000" />
  <attribute name="IntegralT" value="5580.000000" />
  <attribute name="IntegralI" value="5580.000000" />
  <attribute name="IntegralH" value="5580.000000" />
  <attribute name="DerivativeT" value="8.709677" />
  <attribute name="DerivativeI" value="8.709677" />
  <attribute name="DerivativeH" value="8.709677" />
  <attribute name="Loop Time for DT" value="31.000000" />
  <attribute name="Output H" value="8388608"/>
  <attribute name="Output I" value="4000"/>
  <attribute name="Output T" value="4"/>
  <attribute name="Target GC Util Change" value ="20.000000" />
  <attribute name="Current GC Util Change" value="200.000000"/>
  <attribute name="GC Util currently" value="200" />
  <attribute name="CPU Util currently" value="149610585247" />
<allocation-satisfied id="77" threadId="000000000140B700" bytesRequested="32" />
<af-end id="78" timestamp="2019-06-15T07:07:58.879" threadId="000000000140C088" success="true" />
<exclusive-end id="79" timestamp="2019-06-15T07:07:58.879" durationms="290.157" />

<exclusive-start id="80" timestamp="2019-06-15T07:07:59.790" intervalms="1200.607">
  <response-info timems="0.059" idlems="0.059" threads="0" lastid="000000000140B700" lastname="main" />
</exclusive-start>
<af-start id="81" threadId="000000000140C088" totalBytesRequested="272" timestamp="2019-06-15T07:07:59.790" intervalms="1200.658" />
<cycle-start id="82" type="global" contextid="0" timestamp="2019-06-15T07:07:59.790" intervalms="1200.688" />
<gc-start id="83" type="global" contextid="82" timestamp="2019-06-15T07:07:59.790">
  <mem-info id="84" free="104631296" total="2092630016" percent="4">
    <mem type="tenure" free="104631296" total="2092630016" percent="4">
      <mem type="soa" free="0" total="1987998720" percent="0" />
      <mem type="loa" free="104631296" total="104631296" percent="100" />
    </mem>
  </mem-info>
</gc-start>
<allocation-stats totalBytes="1966733624" >
  <allocated-bytes non-tlh="0" tlh="1966733624" />
  <largest-consumer threadName="main" threadId="000000000140B700" bytes="1966733624" />
</allocation-stats>
<gc-op id="85" type="mark" timems="7.552" contextid="82" timestamp="2019-06-15T07:07:59.798">
  <trace-info objectcount="610340" scancount="530348" scanbytes="13685840" />
  <finalization candidates="80" enqueued="0" />
  <ownableSynchronizers candidates="21" cleared="0" />
  <references type="soft" candidates="4867" cleared="0" enqueued="0" dynamicThreshold="31" maxThreshold="32" />
  <references type="weak" candidates="5735" cleared="7" enqueued="3" />
  <references type="phantom" candidates="101" cleared="0" enqueued="0" />
  <stringconstants candidates="13843" cleared="0"  />
</gc-op>
<gc-op id="86" type="sweep" timems="234.986" contextid="82" timestamp="2019-06-15T07:08:00.033" />
<mem-info id="87" free="2074282288" total="2092630016" percent="99">
  <mem type="tenure" free="2074282288" total="2092630016" percent="99" micro-fragmented="2049">
    <mem type="soa" free="1969650992" total="1987998720" percent="99" />
    <mem type="loa" free="104631296" total="104631296" percent="100" />
  </mem>
  <pending-finalizers system="0" default="0" reference="3" classloader="0" />
</mem-info>
<gc-op id="88" type="compact" timems="33.888" contextid="82" timestamp="2019-06-15T07:08:00.067">
  <compact-info movecount="379772" movebytes="10627568" reason="compact to aid heap contraction" />
</gc-op>
<gc-end id="89" type="global" contextid="82" durationms="277.463" usertimems="360.000" systemtimems="8.000" timestamp="2019-06-15T07:08:00.068" activeThreads="4">
  <mem-info id="90" free="2074271848" total="2092630016" percent="99">
    <mem type="tenure" free="2074271848" total="2092630016" percent="99">
      <mem type="soa" free="1969640552" total="1987998720" percent="99" />
      <mem type="loa" free="104631296" total="104631296" percent="100" />
    </mem>
    <pending-finalizers system="0" default="0" reference="3" classloader="0" />
  </mem-info>
</gc-end>
<cycle-end id="91" type="global" contextid="82" timestamp="2019-06-15T07:08:00.068" />
  <attribute name="elasticGC enabled" value="1" />
  <attribute name= "numThreadsSpecified" value="4" />
  <attribute name="heapSize specified" value="2092630016" />
  <attribute name="Current GC Util" value="240" />
  <attribute name= "Current Time Running" value="21407" />
  <attribute name ="GC Interval" value="0" />
  <attribute name="ProportionalT" value="110.000000" />
  <attribute name="ProportionalI" value="110.000000" />
  <attribute name="ProportionalH" value="110.000000" />
  <attribute name="Current Error" value="220.000000" />
  <attribute name="IntegralT" value="7480.000000" />
  <attribute name="IntegralI" value="7480.000000" />
  <attribute name="IntegralH" value="7480.000000" />
  <attribute name="DerivativeT" value="9.705882" />
  <attribute name="DerivativeI" value="9.705882" />
  <attribute name="DerivativeH" value="9.705882" />
  <attribute name="Loop Time for DT" value="34.000000" />
  <attribute name="Output H" value="8388608"/>
  <attribute name="Output I" value="4000"/>
  <attribute name="Output T" value="4"/>
  <attribute name="Target GC Util Change" value ="20.000000" />
  <attribute name="Current GC Util Change" value="240.000000"/>
  <attribute name="GC Util currently" value="240" />
  <attribute name="CPU Util currently" value="135516277007" />
<allocation-satisfied id="92" threadId="000000000140B700" bytesRequested="272" />
<af-end id="93" timestamp="2019-06-15T07:08:00.068" threadId="000000000140C088" success="true" />
<exclusive-end id="94" timestamp="2019-06-15T07:08:00.068" durationms="278.459" />

<exclusive-start id="95" timestamp="2019-06-15T07:08:01.742" intervalms="1952.760">
  <response-info timems="0.065" idlems="0.065" threads="0" lastid="000000000140B700" lastname="main" />
</exclusive-start>
<af-start id="96" threadId="000000000140C088" totalBytesRequested="1168" timestamp="2019-06-15T07:08:01.743" intervalms="1952.709" />
<cycle-start id="97" type="global" contextid="0" timestamp="2019-06-15T07:08:01.743" intervalms="1952.671" />
<gc-start id="98" type="global" contextid="97" timestamp="2019-06-15T07:08:01.743">
  <mem-info id="99" free="104631296" total="2092630016" percent="4">
    <mem type="tenure" free="104631296" total="2092630016" percent="4">
      <mem type="soa" free="0" total="1987998720" percent="0" />
      <mem type="loa" free="104631296" total="104631296" percent="100" />
    </mem>
  </mem-info>
</gc-start>
<allocation-stats totalBytes="1968009136" >
  <allocated-bytes non-tlh="0" tlh="1968009136" />
  <largest-consumer threadName="main" threadId="000000000140B700" bytes="1968009136" />
</allocation-stats>
<gc-op id="100" type="mark" timems="7.624" contextid="97" timestamp="2019-06-15T07:08:01.751">
  <trace-info objectcount="610393" scancount="530398" scanbytes="13687280" />
  <finalization candidates="80" enqueued="0" />
  <ownableSynchronizers candidates="21" cleared="0" />
  <references type="soft" candidates="4867" cleared="0" enqueued="0" dynamicThreshold="31" maxThreshold="32" />
  <references type="weak" candidates="5728" cleared="0" enqueued="0" />
  <references type="phantom" candidates="101" cleared="0" enqueued="0" />
  <stringconstants candidates="13843" cleared="0"  />
</gc-op>
<gc-op id="101" type="sweep" timems="309.842" contextid="97" timestamp="2019-06-15T07:08:02.061" />
<mem-info id="102" free="2074278312" total="2092630016" percent="99">
  <mem type="tenure" free="2074278312" total="2092630016" percent="99" micro-fragmented="0">
    <mem type="soa" free="1969647016" total="1987998720" percent="99" />
    <mem type="loa" free="104631296" total="104631296" percent="100" />
  </mem>
</mem-info>
<gc-op id="103" type="compact" timems="21.705" contextid="97" timestamp="2019-06-15T07:08:02.083">
  <compact-info movecount="128736" movebytes="3235976" reason="compact to aid heap contraction" />
</gc-op>
<gc-end id="104" type="global" contextid="97" durationms="340.378" usertimems="388.000" systemtimems="8.000" timestamp="2019-06-15T07:08:02.083" activeThreads="4">
  <mem-info id="105" free="2074268504" total="2092630016" percent="99">
    <mem type="tenure" free="2074268504" total="2092630016" percent="99">
      <mem type="soa" free="1969637208" total="1987998720" percent="99" />
      <mem type="loa" free="104631296" total="104631296" percent="100" />
    </mem>
  </mem-info>
</gc-end>
<cycle-end id="106" type="global" contextid="97" timestamp="2019-06-15T07:08:02.083" />
  <attribute name="elasticGC enabled" value="1" />
  <attribute name= "numThreadsSpecified" value="4" />
  <attribute name="heapSize specified" value="2092630016" />
  <attribute name="Current GC Util" value="205" />
  <attribute name= "Current Time Running" value="23422" />
  <attribute name ="GC Interval" value="0" />
  <attribute name="ProportionalT" value="92.500000" />
  <attribute name="ProportionalI" value="92.500000" />
  <attribute name="ProportionalH" value="92.500000" />
  <attribute name="Current Error" value="185.000000" />
  <attribute name="IntegralT" value="4070.000000" />
  <attribute name="IntegralI" value="4070.000000" />
  <attribute name="IntegralH" value="4070.000000" />
  <attribute name="DerivativeT" value="12.613636" />
  <attribute name="DerivativeI" value="12.613636" />
  <attribute name="DerivativeH" value="12.613636" />
  <attribute name="Loop Time for DT" value="22.000000" />
  <attribute name="Output H" value="8388608"/>
  <attribute name="Output I" value="4000"/>
  <attribute name="Output T" value="4"/>
  <attribute name="Target GC Util Change" value ="20.000000" />
  <attribute name="Current GC Util Change" value="205.000000"/>
  <attribute name="GC Util currently" value="205" />
  <attribute name="CPU Util currently" value="211289626057" />
<allocation-satisfied id="107" threadId="000000000140B700" bytesRequested="1168" />
<af-end id="108" timestamp="2019-06-15T07:08:02.084" threadId="000000000140C088" success="true" />
<exclusive-end id="109" timestamp="2019-06-15T07:08:02.084" durationms="341.237" />

<exclusive-start id="110" timestamp="2019-06-15T07:08:03.115" intervalms="1372.498">
  <response-info timems="0.084" idlems="0.084" threads="0" lastid="000000000140B700" lastname="main" />
</exclusive-start>
<af-start id="111" threadId="000000000140C088" totalBytesRequested="32" timestamp="2019-06-15T07:08:03.115" intervalms="1372.522" />
<cycle-start id="112" type="global" contextid="0" timestamp="2019-06-15T07:08:03.115" intervalms="1372.531" />
<gc-start id="113" type="global" contextid="112" timestamp="2019-06-15T07:08:03.115">
  <mem-info id="114" free="104631296" total="2092630016" percent="4">
    <mem type="tenure" free="104631296" total="2092630016" percent="4">
      <mem type="soa" free="0" total="1987998720" percent="0" />
      <mem type="loa" free="104631296" total="104631296" percent="100" />
    </mem>
  </mem-info>
</gc-start>
<allocation-stats totalBytes="1967697232" >
  <allocated-bytes non-tlh="0" tlh="1967697232" />
  <largest-consumer threadName="main" threadId="000000000140B700" bytes="1967697232" />
</allocation-stats>
<gc-op id="115" type="mark" timems="7.503" contextid="112" timestamp="2019-06-15T07:08:03.123">
  <trace-info objectcount="610464" scancount="530470" scanbytes="13689180" />
  <finalization candidates="80" enqueued="0" />
  <ownableSynchronizers candidates="21" cleared="0" />
  <references type="soft" candidates="4867" cleared="0" enqueued="0" dynamicThreshold="31" maxThreshold="32" />
  <references type="weak" candidates="5755" cleared="7" enqueued="3" />
  <references type="phantom" candidates="101" cleared="0" enqueued="0" />
  <stringconstants candidates="13843" cleared="0"  />
</gc-op>
<gc-op id="116" type="sweep" timems="250.881" contextid="112" timestamp="2019-06-15T07:08:03.374" />
<mem-info id="117" free="2074275336" total="2092630016" percent="99">
  <mem type="tenure" free="2074275336" total="2092630016" percent="99" micro-fragmented="0">
    <mem type="soa" free="1969644040" total="1987998720" percent="99" />
    <mem type="loa" free="104631296" total="104631296" percent="100" />
  </mem>
  <pending-finalizers system="0" default="0" reference="3" classloader="0" />
</mem-info>
<gc-op id="118" type="compact" timems="30.226" contextid="112" timestamp="2019-06-15T07:08:03.405">
  <compact-info movecount="262046" movebytes="7102688" reason="compact to aid heap contraction" />
</gc-op>
<gc-end id="119" type="global" contextid="112" durationms="289.640" usertimems="348.000" systemtimems="16.000" timestamp="2019-06-15T07:08:03.405" activeThreads="4">
  <mem-info id="120" free="2074265528" total="2092630016" percent="99">
    <mem type="tenure" free="2074265528" total="2092630016" percent="99">
      <mem type="soa" free="1969634232" total="1987998720" percent="99" />
      <mem type="loa" free="104631296" total="104631296" percent="100" />
    </mem>
    <pending-finalizers system="0" default="0" reference="3" classloader="0" />
  </mem-info>
</gc-end>
<cycle-end id="121" type="global" contextid="112" timestamp="2019-06-15T07:08:03.405" />
  <attribute name="elasticGC enabled" value="1" />
  <attribute name= "numThreadsSpecified" value="4" />
  <attribute name="heapSize specified" value="2092630016" />
  <attribute name="Current GC Util" value="219" />
  <attribute name= "Current Time Running" value="24744" />
  <attribute name ="GC Interval" value="0" />
  <attribute name="ProportionalT" value="99.500000" />
  <attribute name="ProportionalI" value="99.500000" />
  <attribute name="ProportionalH" value="99.500000" />
  <attribute name="Current Error" value="199.000000" />
  <attribute name="IntegralT" value="5970.000000" />
  <attribute name="IntegralI" value="5970.000000" />
  <attribute name="IntegralH" value="5970.000000" />
  <attribute name="DerivativeT" value="9.950000" />
  <attribute name="DerivativeI" value="9.950000" />
  <attribute name="DerivativeH" value="9.950000" />
  <attribute name="Loop Time for DT" value="30.000000" />
  <attribute name="Output H" value="8388608"/>
  <attribute name="Output I" value="4000"/>
  <attribute name="Output T" value="4"/>
  <attribute name="Target GC Util Change" value ="20.000000" />
  <attribute name="Current GC Util Change" value="219.000000"/>
  <attribute name="GC Util currently" value="219" />
  <attribute name="CPU Util currently" value="151902356369" />
<allocation-satisfied id="122" threadId="000000000140B700" bytesRequested="32" />
<af-end id="123" timestamp="2019-06-15T07:08:03.405" threadId="000000000140C088" success="true" />
<exclusive-end id="124" timestamp="2019-06-15T07:08:03.406" durationms="290.688" />

</verbosegc>

