<?xml version="1.0" ?>

<verbosegc xmlns="http://www.ibm.com/j9/verbosegc" version="10b4217_CMPRSS">

<initialized id="1" timestamp="2019-06-15T07:09:46.047">
  <attribute name="gcPolicy" value="-Xgcpolicy:optavgpause" />
  <attribute name="elasticGC enabled" value="1" />
  <attribute name= "numThreadsSpecified" value="0" />
  <attribute name="heapSize specified" value="0" />
  <attribute name="Current GC Util" value="0" />
  <attribute name= "Current Time Running" value="0" />
  <attribute name ="GC Interval" value="0" />
  <attribute name="ProportionalT" value="0.000000" />
  <attribute name="ProportionalI" value="0.000000" />
  <attribute name="ProportionalH" value="0.000000" />
  <attribute name="IntegralT" value="0.000000" />
  <attribute name="IntegralI" value="0.000000" />
  <attribute name="IntegralH" value="0.000000" />
  <attribute name="DerivativeT" value="0.000000" />
  <attribute name="DerivativeI" value="0.000000" />
  <attribute name="DerivativeH" value="0.000000" />
  <attribute name="Target GC Util Change" value ="0.000000" />
  <attribute name="Current GC Util Change" value="0.000000"/>
  <attribute name="Current Error" value="0.000000" />
  <attribute name="Loop Time for DT" value="0.000000" />
  <attribute name="Output H" value="0"/>
  <attribute name="Output I" value="0"/>
  <attribute name="Output T" value="0"/>
  <attribute name="GC Util currently" value="0" />
  <attribute name="CPU Util currently" value="0" />
  <attribute name="maxHeapSize" value="0x7cbc0000" />
  <attribute name="initialHeapSize" value="0x800000" />
  <attribute name="compressedRefs" value="true" />
  <attribute name="compressedRefsDisplacement" value="0x0" />
  <attribute name="compressedRefsShift" value="0x0" />
  <attribute name="pageSize" value="0x1000" />
  <attribute name="pageType" value="not used" />
  <attribute name="requestedPageSize" value="0x1000" />
  <attribute name="requestedPageType" value="not used" />
  <attribute name="gcthreads" value="4" />
  <attribute name="packetListSplit" value="4" />
  <attribute name="cacheListSplit" value="4" />
  <attribute name="splitFreeListSplitAmount" value="1" />
  <attribute name="numaNodes" value="0" />
  <system>
    <attribute name="physicalMemory" value="8370962432" />
    <attribute name="numCPUs" value="4" />
    <attribute name="architecture" value="amd64" />
    <attribute name="os" value="Linux" />
    <attribute name="osVersion" value="4.4.0-148-generic" />
  </system>
  <vmargs>
    <vmarg name="-Xoptionsfile=/vagrant/jdk/lib/options.default" />
    <vmarg name="-Xlockword:mode=default,noLockword=java/lang/String,noLockword=java/util/MapEntry,noLockword=java/util/HashMap$Entry,noLockword..." />
    <vmarg name="-Xjcl:jclse29" />
    <vmarg name="-Dcom.ibm.oti.vm.bootstrap.library.path=/vagrant/jdk/lib/compressedrefs:/vagrant/jdk/lib" />
    <vmarg name="-Dsun.boot.library.path=/vagrant/jdk/lib/compressedrefs:/vagrant/jdk/lib" />
    <vmarg name="-Djava.library.path=/vagrant/jdk/lib/compressedrefs:/vagrant/jdk/lib:/usr/lib64:/usr/lib" />
    <vmarg name="-Djava.home=/vagrant/jdk" />
    <vmarg name="-Duser.dir=/vagrant" />
    <vmarg name="-Xgcpolicy:optavgpause" />
    <vmarg name="-Xgcelastic" />
    <vmarg name="-Xcheck:gc:::elasticGC" />
    <vmarg name="-verbose:gc" />
    <vmarg name="-Xloggc:large-OPTAVGPAUSE-jdk0.5-1-1.5-verbose14jython.txt" />
    <vmarg name="-Djava.class.path=dacapo-9.12-MR1-bach.jar" />
    <vmarg name="-Dsun.java.command=dacapo-9.12-MR1-bach.jar jython --size=large" />
    <vmarg name="-Dsun.java.launcher=SUN_STANDARD" />
    <vmarg name="-Dsun.java.launcher.pid=23579" />
  </vmargs>
</initialized>

<exclusive-start id="2" timestamp="2019-06-15T07:09:47.442" intervalms="1394.322">
  <response-info timems="0.021" idlems="0.021" threads="0" lastid="0000000000F83700" lastname="main" />
</exclusive-start>
<af-start id="3" threadId="0000000000F84088" totalBytesRequested="2056" timestamp="2019-06-15T07:09:47.442" intervalms="1394.515" />
<cycle-start id="4" type="global" contextid="0" timestamp="2019-06-15T07:09:47.442" intervalms="1394.762" />
<gc-start id="5" type="global" contextid="4" timestamp="2019-06-15T07:09:47.442">
  <mem-info id="6" free="418816" total="8388608" percent="4">
    <mem type="tenure" free="418816" total="8388608" percent="4">
      <mem type="soa" free="0" total="7969792" percent="0" />
      <mem type="loa" free="418816" total="418816" percent="100" />
    </mem>
  </mem-info>
</gc-start>
<allocation-stats totalBytes="7931424" >
  <allocated-bytes non-tlh="357688" tlh="7573736" />
  <largest-consumer threadName="main" threadId="0000000000F83700" bytes="7853888" />
</allocation-stats>
<gc-op id="7" type="mark" timems="1.637" contextid="4" timestamp="2019-06-15T07:09:47.444">
  <trace-info objectcount="17675" scancount="14613" scanbytes="461016" />
  <finalization candidates="14" enqueued="1" />
  <references type="soft" candidates="63" cleared="0" enqueued="0" dynamicThreshold="32" maxThreshold="32" />
  <references type="weak" candidates="544" cleared="401" enqueued="362" />
  <references type="phantom" candidates="105" cleared="44" enqueued="44" />
  <stringconstants candidates="2406" cleared="0"  />
</gc-op>
<gc-op id="8" type="classunload" timems="0.031" contextid="4" timestamp="2019-06-15T07:09:47.444">
  <classunload-info classloadercandidates="5" classloadersunloaded="0" classesunloaded="0" anonymousclassesunloaded="0" quiescems="0.000" setupms="0.031" scanms="0.000" postms="0.000" />
</gc-op>
<gc-op id="9" type="sweep" timems="0.600" contextid="4" timestamp="2019-06-15T07:09:47.445" />
<mem-info id="10" free="7184880" total="8388608" percent="85">
  <mem type="tenure" free="7184880" total="8388608" percent="85" micro-fragmented="178688">
    <mem type="soa" free="6766064" total="7969792" percent="84" />
    <mem type="loa" free="418816" total="418816" percent="100" />
  </mem>
  <pending-finalizers system="1" default="0" reference="406" classloader="0" />
</mem-info>
<gc-op id="11" type="compact" timems="3.905" contextid="4" timestamp="2019-06-15T07:09:47.449">
  <compact-info movecount="17674" movebytes="963784" reason="compact to aid heap contraction" />
</gc-op>
<heap-resize id="12" type="expand" space="tenure" amount="2084241408" count="1" timems="0.231" reason="satisfy allocation request" timestamp="2019-06-15T07:09:47.449" />
<gc-end id="13" type="global" contextid="4" durationms="7.338" usertimems="8.000" systemtimems="0.000" timestamp="2019-06-15T07:09:47.449" activeThreads="4">
  <mem-info id="14" free="2091600608" total="2092630016" percent="99">
    <mem type="tenure" free="2091600608" total="2092630016" percent="99">
      <mem type="soa" free="1986969312" total="1987998720" percent="99" />
      <mem type="loa" free="104631296" total="104631296" percent="100" />
    </mem>
    <pending-finalizers system="1" default="0" reference="406" classloader="0" />
  </mem-info>
</gc-end>
<cycle-end id="15" type="global" contextid="4" timestamp="2019-06-15T07:09:47.449" />
  <attribute name="elasticGC enabled" value="1" />
  <attribute name= "numThreadsSpecified" value="4" />
  <attribute name="heapSize specified" value="8388608" />
  <attribute name="Current GC Util" value="31" />
  <attribute name= "Current Time Running" value="1286" />
  <attribute name ="GC Interval" value="0" />
  <attribute name="ProportionalT" value="5.500000" />
  <attribute name="ProportionalI" value="5.500000" />
  <attribute name="ProportionalH" value="5.500000" />
  <attribute name="Current Error" value="11.000000" />
  <attribute name="IntegralT" value="-25435.000000" />
  <attribute name="IntegralI" value="-25435.000000" />
  <attribute name="IntegralH" value="-25435.000000" />
  <attribute name="DerivativeT" value="4.125000" />
  <attribute name="DerivativeI" value="4.125000" />
  <attribute name="DerivativeH" value="4.125000" />
  <attribute name="Loop Time for DT" value="4.000000" />
  <attribute name="Output H" value="2092630016"/>
  <attribute name="Output I" value="200"/>
  <attribute name="Output T" value="4"/>
  <attribute name="Target GC Util Change" value ="20.000000" />
  <attribute name="Current GC Util Change" value="31.000000"/>
  <attribute name="GC Util currently" value="31" />
  <attribute name="CPU Util currently" value="43" />
<allocation-satisfied id="16" threadId="0000000000F83700" bytesRequested="2056" />
<af-end id="17" timestamp="2019-06-15T07:09:47.450" threadId="0000000000F84088" success="true" />
<exclusive-end id="18" timestamp="2019-06-15T07:09:47.450" durationms="8.217" />

<exclusive-start id="19" timestamp="2019-06-15T07:09:51.552" intervalms="4110.945">
  <response-info timems="0.047" idlems="0.047" threads="0" lastid="0000000000F83700" lastname="main" />
</exclusive-start>
<sys-start reason="explicit" id="20" timestamp="2019-06-15T07:09:51.553" intervalms="5505.382" />
<cycle-start id="21" type="global" contextid="0" timestamp="2019-06-15T07:09:51.553" intervalms="4110.695" />
<gc-start id="22" type="global" contextid="21" timestamp="2019-06-15T07:09:51.553">
  <mem-info id="23" free="2021126136" total="2092630016" percent="96">
    <mem type="tenure" free="2021126136" total="2092630016" percent="96">
      <mem type="soa" free="1916494840" total="1987998720" percent="96" />
      <mem type="loa" free="104631296" total="104631296" percent="100" />
    </mem>
  </mem-info>
</gc-start>
<allocation-stats totalBytes="70498320" >
  <allocated-bytes non-tlh="3463912" tlh="67034408" />
  <largest-consumer threadName="main" threadId="0000000000F83700" bytes="70429232" />
</allocation-stats>
<gc-op id="24" type="mark" timems="11.508" contextid="21" timestamp="2019-06-15T07:09:51.564">
  <trace-info objectcount="75480" scancount="63034" scanbytes="2110396" />
  <finalization candidates="81" enqueued="1" />
  <ownableSynchronizers candidates="21" cleared="0" />
  <references type="soft" candidates="1640" cleared="0" enqueued="0" dynamicThreshold="31" maxThreshold="32" />
  <references type="weak" candidates="5221" cleared="734" enqueued="570" />
  <references type="phantom" candidates="115" cleared="15" enqueued="15" />
  <stringconstants candidates="8680" cleared="15"  />
</gc-op>
<gc-op id="25" type="classunload" timems="0.425" contextid="21" timestamp="2019-06-15T07:09:51.565">
  <classunload-info classloadercandidates="17" classloadersunloaded="1" classesunloaded="1" anonymousclassesunloaded="0" quiescems="0.000" setupms="0.415" scanms="0.007" postms="0.003" />
</gc-op>
<gc-op id="26" type="sweep" timems="2.372" contextid="21" timestamp="2019-06-15T07:09:51.567" />
<mem-info id="27" free="2087402896" total="2092630016" percent="99">
  <mem type="tenure" free="2087402896" total="2092630016" percent="99" micro-fragmented="719990">
    <mem type="soa" free="1982771600" total="1987998720" percent="99" />
    <mem type="loa" free="104631296" total="104631296" percent="100" />
  </mem>
  <pending-finalizers system="1" default="0" reference="585" classloader="0" />
</mem-info>
<gc-op id="28" type="compact" timems="19.046" contextid="21" timestamp="2019-06-15T07:09:51.587">
  <compact-info movecount="74814" movebytes="4256960" reason="compact to aid heap contraction" />
</gc-op>
<gc-end id="29" type="global" contextid="21" durationms="34.547" usertimems="60.000" systemtimems="0.000" timestamp="2019-06-15T07:09:51.587" activeThreads="4">
  <mem-info id="30" free="2088354568" total="2092630016" percent="99">
    <mem type="tenure" free="2088354568" total="2092630016" percent="99">
      <mem type="soa" free="1983723272" total="1987998720" percent="99" />
      <mem type="loa" free="104631296" total="104631296" percent="100" />
    </mem>
    <pending-finalizers system="1" default="0" reference="585" classloader="0" />
  </mem-info>
</gc-end>
<cycle-end id="31" type="global" contextid="21" timestamp="2019-06-15T07:09:51.587" />
  <attribute name="elasticGC enabled" value="1" />
  <attribute name= "numThreadsSpecified" value="4" />
  <attribute name="heapSize specified" value="2092630016" />
  <attribute name="Current GC Util" value="119" />
  <attribute name= "Current Time Running" value="5424" />
  <attribute name ="GC Interval" value="0" />
  <attribute name="ProportionalT" value="49.500000" />
  <attribute name="ProportionalI" value="49.500000" />
  <attribute name="ProportionalH" value="49.500000" />
  <attribute name="Current Error" value="99.000000" />
  <attribute name="IntegralT" value="1980.000000" />
  <attribute name="IntegralI" value="1980.000000" />
  <attribute name="IntegralH" value="1980.000000" />
  <attribute name="DerivativeT" value="6.150000" />
  <attribute name="DerivativeI" value="6.150000" />
  <attribute name="DerivativeH" value="6.150000" />
  <attribute name="Loop Time for DT" value="20.000000" />
  <attribute name="Output H" value="8388608"/>
  <attribute name="Output I" value="2040"/>
  <attribute name="Output T" value="4"/>
  <attribute name="Target GC Util Change" value ="20.000000" />
  <attribute name="Current GC Util Change" value="119.000000"/>
  <attribute name="GC Util currently" value="119" />
  <attribute name="CPU Util currently" value="239603939626" />
<sys-end id="32" timestamp="2019-06-15T07:09:51.588" />
<exclusive-end id="33" timestamp="2019-06-15T07:09:51.588" durationms="35.236" />

<exclusive-start id="34" timestamp="2019-06-15T07:09:55.956" intervalms="4403.656">
  <response-info timems="0.074" idlems="0.074" threads="0" lastid="0000000000F83700" lastname="main" />
</exclusive-start>
<af-start id="35" threadId="0000000000F84088" totalBytesRequested="104" timestamp="2019-06-15T07:09:55.956" intervalms="8514.676" />
<cycle-start id="36" type="global" contextid="0" timestamp="2019-06-15T07:09:55.957" intervalms="4404.714" />
<gc-start id="37" type="global" contextid="36" timestamp="2019-06-15T07:09:55.958">
  <mem-info id="38" free="104631296" total="2092630016" percent="4">
    <mem type="tenure" free="104631296" total="2092630016" percent="4">
      <mem type="soa" free="0" total="1987998720" percent="0" />
      <mem type="loa" free="104631296" total="104631296" percent="100" />
    </mem>
  </mem-info>
</gc-start>
<allocation-stats totalBytes="1981179240" >
  <allocated-bytes non-tlh="14452120" tlh="1966727120" />
  <largest-consumer threadName="main" threadId="0000000000F83700" bytes="1981151360" />
</allocation-stats>
<gc-op id="39" type="mark" timems="14.220" contextid="36" timestamp="2019-06-15T07:09:55.972">
  <trace-info objectcount="608073" scancount="528690" scanbytes="13644216" />
  <finalization candidates="85" enqueued="5" />
  <ownableSynchronizers candidates="21" cleared="0" />
  <references type="soft" candidates="4854" cleared="0" enqueued="0" dynamicThreshold="31" maxThreshold="32" />
  <references type="weak" candidates="5663" cleared="80" enqueued="73" />
  <references type="phantom" candidates="107" cleared="5" enqueued="5" />
  <stringconstants candidates="13790" cleared="24"  />
</gc-op>
<gc-op id="40" type="classunload" timems="0.441" contextid="36" timestamp="2019-06-15T07:09:55.973">
  <classunload-info classloadercandidates="59" classloadersunloaded="3" classesunloaded="3" anonymousclassesunloaded="0" quiescems="0.000" setupms="0.425" scanms="0.012" postms="0.004" />
</gc-op>
<gc-op id="41" type="sweep" timems="151.868" contextid="36" timestamp="2019-06-15T07:09:56.125" />
<mem-info id="42" free="2063250792" total="2092630016" percent="98">
  <mem type="tenure" free="2063250792" total="2092630016" percent="98" micro-fragmented="1840317">
    <mem type="soa" free="1958619496" total="1987998720" percent="98" />
    <mem type="loa" free="104631296" total="104631296" percent="100" />
  </mem>
  <pending-finalizers system="0" default="5" reference="78" classloader="0" />
</mem-info>
<gc-op id="43" type="compact" timems="39.500" contextid="36" timestamp="2019-06-15T07:09:56.164">
  <compact-info movecount="606243" movebytes="18117504" reason="compact to aid heap contraction" />
</gc-op>
<gc-end id="44" type="global" contextid="36" durationms="207.372" usertimems="300.000" systemtimems="8.000" timestamp="2019-06-15T07:09:56.165" activeThreads="4">
  <mem-info id="45" free="2074330928" total="2092630016" percent="99">
    <mem type="tenure" free="2074330928" total="2092630016" percent="99">
      <mem type="soa" free="1969699632" total="1987998720" percent="99" />
      <mem type="loa" free="104631296" total="104631296" percent="100" />
    </mem>
    <pending-finalizers system="0" default="5" reference="78" classloader="0" />
  </mem-info>
</gc-end>
<cycle-end id="46" type="global" contextid="36" timestamp="2019-06-15T07:09:56.165" />
  <attribute name="elasticGC enabled" value="1" />
  <attribute name= "numThreadsSpecified" value="4" />
  <attribute name="heapSize specified" value="2092630016" />
  <attribute name="Current GC Util" value="187" />
  <attribute name= "Current Time Running" value="10002" />
  <attribute name ="GC Interval" value="0" />
  <attribute name="ProportionalT" value="83.500000" />
  <attribute name="ProportionalI" value="83.500000" />
  <attribute name="ProportionalH" value="83.500000" />
  <attribute name="Current Error" value="167.000000" />
  <attribute name="IntegralT" value="6680.000000" />
  <attribute name="IntegralI" value="6680.000000" />
  <attribute name="IntegralH" value="6680.000000" />
  <attribute name="DerivativeT" value="6.262500" />
  <attribute name="DerivativeI" value="6.262500" />
  <attribute name="DerivativeH" value="6.262500" />
  <attribute name="Loop Time for DT" value="40.000000" />
  <attribute name="Output H" value="8388608"/>
  <attribute name="Output I" value="4000"/>
  <attribute name="Output T" value="4"/>
  <attribute name="Target GC Util Change" value ="20.000000" />
  <attribute name="Current GC Util Change" value="187.000000"/>
  <attribute name="GC Util currently" value="187" />
  <attribute name="CPU Util currently" value="116119361528" />
<allocation-satisfied id="47" threadId="0000000000F83700" bytesRequested="104" />
<af-end id="48" timestamp="2019-06-15T07:09:56.166" threadId="0000000000F84088" success="true" />
<exclusive-end id="49" timestamp="2019-06-15T07:09:56.166" durationms="209.727" />

<exclusive-start id="50" timestamp="2019-06-15T07:10:02.972" intervalms="7015.994">
  <response-info timems="0.106" idlems="0.106" threads="0" lastid="0000000000F83700" lastname="main" />
</exclusive-start>
<af-start id="51" threadId="0000000000F84088" totalBytesRequested="1168" timestamp="2019-06-15T07:10:02.972" intervalms="7015.981" />
<cycle-start id="52" type="global" contextid="0" timestamp="2019-06-15T07:10:02.972" intervalms="7015.144" />
<gc-start id="53" type="global" contextid="52" timestamp="2019-06-15T07:10:02.973">
  <mem-info id="54" free="104631296" total="2092630016" percent="4">
    <mem type="tenure" free="104631296" total="2092630016" percent="4">
      <mem type="soa" free="0" total="1987998720" percent="0" />
      <mem type="loa" free="104631296" total="104631296" percent="100" />
    </mem>
  </mem-info>
</gc-start>
<allocation-stats totalBytes="1967764664" >
  <allocated-bytes non-tlh="29440" tlh="1967735224" />
  <largest-consumer threadName="main" threadId="0000000000F83700" bytes="1967752256" />
</allocation-stats>
<gc-op id="55" type="mark" timems="9.347" contextid="52" timestamp="2019-06-15T07:10:02.982">
  <trace-info objectcount="610254" scancount="530251" scanbytes="13683612" />
  <finalization candidates="80" enqueued="0" />
  <ownableSynchronizers candidates="21" cleared="0" />
  <references type="soft" candidates="4867" cleared="0" enqueued="0" dynamicThreshold="31" maxThreshold="32" />
  <references type="weak" candidates="5700" cleared="12" enqueued="9" />
  <references type="phantom" candidates="102" cleared="1" enqueued="1" />
  <stringconstants candidates="13843" cleared="0"  />
</gc-op>
<gc-op id="56" type="sweep" timems="291.983" contextid="52" timestamp="2019-06-15T07:10:03.275" />
<mem-info id="57" free="2074254016" total="2092630016" percent="99">
  <mem type="tenure" free="2074254016" total="2092630016" percent="99" micro-fragmented="47975">
    <mem type="soa" free="1969622720" total="1987998720" percent="99" />
    <mem type="loa" free="104631296" total="104631296" percent="100" />
  </mem>
  <pending-finalizers system="0" default="0" reference="10" classloader="0" />
</mem-info>
<gc-op id="58" type="compact" timems="56.218" contextid="52" timestamp="2019-06-15T07:10:03.331">
  <compact-info movecount="583693" movebytes="17382680" reason="compact to aid heap contraction" />
</gc-op>
<gc-end id="59" type="global" contextid="52" durationms="358.868" usertimems="472.000" systemtimems="12.000" timestamp="2019-06-15T07:10:03.332" activeThreads="4">
  <mem-info id="60" free="2074289840" total="2092630016" percent="99">
    <mem type="tenure" free="2074289840" total="2092630016" percent="99">
      <mem type="soa" free="1969658544" total="1987998720" percent="99" />
      <mem type="loa" free="104631296" total="104631296" percent="100" />
    </mem>
    <pending-finalizers system="0" default="0" reference="10" classloader="0" />
  </mem-info>
</gc-end>
<cycle-end id="61" type="global" contextid="52" timestamp="2019-06-15T07:10:03.332" />
  <attribute name="elasticGC enabled" value="1" />
  <attribute name= "numThreadsSpecified" value="4" />
  <attribute name="heapSize specified" value="2092630016" />
  <attribute name="Current GC Util" value="194" />
  <attribute name= "Current Time Running" value="17168" />
  <attribute name ="GC Interval" value="0" />
  <attribute name="ProportionalT" value="87.000000" />
  <attribute name="ProportionalI" value="87.000000" />
  <attribute name="ProportionalH" value="87.000000" />
  <attribute name="Current Error" value="174.000000" />
  <attribute name="IntegralT" value="9744.000000" />
  <attribute name="IntegralI" value="9744.000000" />
  <attribute name="IntegralH" value="9744.000000" />
  <attribute name="DerivativeT" value="4.660714" />
  <attribute name="DerivativeI" value="4.660714" />
  <attribute name="DerivativeH" value="4.660714" />
  <attribute name="Loop Time for DT" value="56.000000" />
  <attribute name="Output H" value="8388608"/>
  <attribute name="Output I" value="4000"/>
  <attribute name="Output T" value="4"/>
  <attribute name="Target GC Util Change" value ="20.000000" />
  <attribute name="Current GC Util Change" value="194.000000"/>
  <attribute name="GC Util currently" value="194" />
  <attribute name="CPU Util currently" value="81689246160" />
<allocation-satisfied id="62" threadId="0000000000F83700" bytesRequested="1168" />
<af-end id="63" timestamp="2019-06-15T07:10:03.332" threadId="0000000000F84088" success="true" />
<exclusive-end id="64" timestamp="2019-06-15T07:10:03.332" durationms="360.374" />

<exclusive-start id="65" timestamp="2019-06-15T07:10:04.447" intervalms="1475.366">
  <response-info timems="0.089" idlems="0.089" threads="0" lastid="0000000000F83700" lastname="main" />
</exclusive-start>
<af-start id="66" threadId="0000000000F84088" totalBytesRequested="32" timestamp="2019-06-15T07:10:04.448" intervalms="1475.334" />
<cycle-start id="67" type="global" contextid="0" timestamp="2019-06-15T07:10:04.448" intervalms="1475.347" />
<gc-start id="68" type="global" contextid="67" timestamp="2019-06-15T07:10:04.448">
  <mem-info id="69" free="104631296" total="2092630016" percent="4">
    <mem type="tenure" free="104631296" total="2092630016" percent="4">
      <mem type="soa" free="0" total="1987998720" percent="0" />
      <mem type="loa" free="104631296" total="104631296" percent="100" />
    </mem>
  </mem-info>
</gc-start>
<allocation-stats totalBytes="1967992424" >
  <allocated-bytes non-tlh="1168" tlh="1967991256" />
  <largest-consumer threadName="main" threadId="0000000000F83700" bytes="1967992424" />
</allocation-stats>
<gc-op id="70" type="mark" timems="8.920" contextid="67" timestamp="2019-06-15T07:10:04.457">
  <trace-info objectcount="610307" scancount="530312" scanbytes="13685236" />
  <finalization candidates="80" enqueued="0" />
  <ownableSynchronizers candidates="21" cleared="0" />
  <references type="soft" candidates="4867" cleared="0" enqueued="0" dynamicThreshold="31" maxThreshold="32" />
  <references type="weak" candidates="5725" cleared="7" enqueued="3" />
  <references type="phantom" candidates="101" cleared="0" enqueued="0" />
  <stringconstants candidates="13843" cleared="0"  />
</gc-op>
<gc-op id="71" type="sweep" timems="245.461" contextid="67" timestamp="2019-06-15T07:10:04.703" />
<mem-info id="72" free="2074278520" total="2092630016" percent="99">
  <mem type="tenure" free="2074278520" total="2092630016" percent="99" micro-fragmented="0">
    <mem type="soa" free="1969647224" total="1987998720" percent="99" />
    <mem type="loa" free="104631296" total="104631296" percent="100" />
  </mem>
  <pending-finalizers system="0" default="0" reference="3" classloader="0" />
</mem-info>
<gc-op id="73" type="compact" timems="36.671" contextid="67" timestamp="2019-06-15T07:10:04.740">
  <compact-info movecount="255288" movebytes="7009592" reason="compact to aid heap contraction" />
</gc-op>
<gc-end id="74" type="global" contextid="67" durationms="292.361" usertimems="344.000" systemtimems="12.000" timestamp="2019-06-15T07:10:04.740" activeThreads="4">
  <mem-info id="75" free="2074224032" total="2092630016" percent="99">
    <mem type="tenure" free="2074224032" total="2092630016" percent="99">
      <mem type="soa" free="1969592736" total="1987998720" percent="99" />
      <mem type="loa" free="104631296" total="104631296" percent="100" />
    </mem>
    <pending-finalizers system="0" default="0" reference="3" classloader="0" />
  </mem-info>
</gc-end>
<cycle-end id="76" type="global" contextid="67" timestamp="2019-06-15T07:10:04.741" />
  <attribute name="elasticGC enabled" value="1" />
  <attribute name= "numThreadsSpecified" value="4" />
  <attribute name="heapSize specified" value="2092630016" />
  <attribute name="Current GC Util" value="141" />
  <attribute name= "Current Time Running" value="18577" />
  <attribute name ="GC Interval" value="0" />
  <attribute name="ProportionalT" value="60.500000" />
  <attribute name="ProportionalI" value="60.500000" />
  <attribute name="ProportionalH" value="60.500000" />
  <attribute name="Current Error" value="121.000000" />
  <attribute name="IntegralT" value="4477.000000" />
  <attribute name="IntegralI" value="4477.000000" />
  <attribute name="IntegralH" value="4477.000000" />
  <attribute name="DerivativeT" value="4.905405" />
  <attribute name="DerivativeI" value="4.905405" />
  <attribute name="DerivativeH" value="4.905405" />
  <attribute name="Loop Time for DT" value="37.000000" />
  <attribute name="Output H" value="8388608"/>
  <attribute name="Output I" value="4000"/>
  <attribute name="Output T" value="4"/>
  <attribute name="Target GC Util Change" value ="20.000000" />
  <attribute name="Current GC Util Change" value="141.000000"/>
  <attribute name="GC Util currently" value="141" />
  <attribute name="CPU Util currently" value="124891595863" />
<allocation-satisfied id="77" threadId="0000000000F83700" bytesRequested="32" />
<af-end id="78" timestamp="2019-06-15T07:10:04.741" threadId="0000000000F84088" success="true" />
<exclusive-end id="79" timestamp="2019-06-15T07:10:04.741" durationms="293.701" />

<exclusive-start id="80" timestamp="2019-06-15T07:10:05.645" intervalms="1197.974">
  <response-info timems="0.112" idlems="0.112" threads="0" lastid="0000000000F83700" lastname="main" />
</exclusive-start>
<af-start id="81" threadId="0000000000F84088" totalBytesRequested="16" timestamp="2019-06-15T07:10:05.646" intervalms="1197.965" />
<cycle-start id="82" type="global" contextid="0" timestamp="2019-06-15T07:10:05.646" intervalms="1197.952" />
<gc-start id="83" type="global" contextid="82" timestamp="2019-06-15T07:10:05.646">
  <mem-info id="84" free="104631296" total="2092630016" percent="4">
    <mem type="tenure" free="104631296" total="2092630016" percent="4">
      <mem type="soa" free="0" total="1987998720" percent="0" />
      <mem type="loa" free="104631296" total="104631296" percent="100" />
    </mem>
  </mem-info>
</gc-start>
<allocation-stats totalBytes="1966777320" >
  <allocated-bytes non-tlh="0" tlh="1966777320" />
  <largest-consumer threadName="main" threadId="0000000000F83700" bytes="1966777320" />
</allocation-stats>
<gc-op id="85" type="mark" timems="9.256" contextid="82" timestamp="2019-06-15T07:10:05.655">
  <trace-info objectcount="610347" scancount="530347" scanbytes="13686444" />
  <finalization candidates="80" enqueued="0" />
  <ownableSynchronizers candidates="21" cleared="0" />
  <references type="soft" candidates="4867" cleared="0" enqueued="0" dynamicThreshold="31" maxThreshold="32" />
  <references type="weak" candidates="5741" cleared="7" enqueued="3" />
  <references type="phantom" candidates="101" cleared="0" enqueued="0" />
  <stringconstants candidates="13843" cleared="0"  />
</gc-op>
<gc-op id="86" type="sweep" timems="232.775" contextid="82" timestamp="2019-06-15T07:10:05.888" />
<mem-info id="87" free="2074281528" total="2092630016" percent="99">
  <mem type="tenure" free="2074281528" total="2092630016" percent="99" micro-fragmented="9984">
    <mem type="soa" free="1969650232" total="1987998720" percent="99" />
    <mem type="loa" free="104631296" total="104631296" percent="100" />
  </mem>
  <pending-finalizers system="0" default="0" reference="3" classloader="0" />
</mem-info>
<gc-op id="88" type="compact" timems="30.090" contextid="82" timestamp="2019-06-15T07:10:05.919">
  <compact-info movecount="181075" movebytes="5320832" reason="compact to aid heap contraction" />
</gc-op>
<gc-end id="89" type="global" contextid="82" durationms="273.329" usertimems="312.000" systemtimems="12.000" timestamp="2019-06-15T07:10:05.919" activeThreads="4">
  <mem-info id="90" free="2074223648" total="2092630016" percent="99">
    <mem type="tenure" free="2074223648" total="2092630016" percent="99">
      <mem type="soa" free="1969592352" total="1987998720" percent="99" />
      <mem type="loa" free="104631296" total="104631296" percent="100" />
    </mem>
    <pending-finalizers system="0" default="0" reference="3" classloader="0" />
  </mem-info>
</gc-end>
<cycle-end id="91" type="global" contextid="82" timestamp="2019-06-15T07:10:05.919" />
  <attribute name="elasticGC enabled" value="1" />
  <attribute name= "numThreadsSpecified" value="4" />
  <attribute name="heapSize specified" value="2092630016" />
  <attribute name="Current GC Util" value="159" />
  <attribute name= "Current Time Running" value="19756" />
  <attribute name ="GC Interval" value="0" />
  <attribute name="ProportionalT" value="69.500000" />
  <attribute name="ProportionalI" value="69.500000" />
  <attribute name="ProportionalH" value="69.500000" />
  <attribute name="Current Error" value="139.000000" />
  <attribute name="IntegralT" value="4170.000000" />
  <attribute name="IntegralI" value="4170.000000" />
  <attribute name="IntegralH" value="4170.000000" />
  <attribute name="DerivativeT" value="6.950000" />
  <attribute name="DerivativeI" value="6.950000" />
  <attribute name="DerivativeH" value="6.950000" />
  <attribute name="Loop Time for DT" value="30.000000" />
  <attribute name="Output H" value="8388608"/>
  <attribute name="Output I" value="4000"/>
  <attribute name="Output T" value="4"/>
  <attribute name="Target GC Util Change" value ="20.000000" />
  <attribute name="Current GC Util Change" value="159.000000"/>
  <attribute name="GC Util currently" value="159" />
  <attribute name="CPU Util currently" value="152198632471" />
<allocation-satisfied id="92" threadId="0000000000F83700" bytesRequested="16" />
<af-end id="93" timestamp="2019-06-15T07:10:05.920" threadId="0000000000F84088" success="true" />
<exclusive-end id="94" timestamp="2019-06-15T07:10:05.920" durationms="274.492" />

<exclusive-start id="95" timestamp="2019-06-15T07:10:07.568" intervalms="1922.729">
  <response-info timems="0.135" idlems="0.135" threads="0" lastid="0000000000F83700" lastname="main" />
</exclusive-start>
<af-start id="96" threadId="0000000000F84088" totalBytesRequested="1168" timestamp="2019-06-15T07:10:07.568" intervalms="1922.781" />
<cycle-start id="97" type="global" contextid="0" timestamp="2019-06-15T07:10:07.569" intervalms="1922.762" />
<gc-start id="98" type="global" contextid="97" timestamp="2019-06-15T07:10:07.569">
  <mem-info id="99" free="104631296" total="2092630016" percent="4">
    <mem type="tenure" free="104631296" total="2092630016" percent="4">
      <mem type="soa" free="0" total="1987998720" percent="0" />
      <mem type="loa" free="104631296" total="104631296" percent="100" />
    </mem>
  </mem-info>
</gc-start>
<allocation-stats totalBytes="1968042448" >
  <allocated-bytes non-tlh="0" tlh="1968042448" />
  <largest-consumer threadName="main" threadId="0000000000F83700" bytes="1968042448" />
</allocation-stats>
<gc-op id="100" type="mark" timems="9.028" contextid="97" timestamp="2019-06-15T07:10:07.578">
  <trace-info objectcount="610399" scancount="530431" scanbytes="13687884" />
  <finalization candidates="80" enqueued="0" />
  <ownableSynchronizers candidates="21" cleared="0" />
  <references type="soft" candidates="4867" cleared="0" enqueued="0" dynamicThreshold="31" maxThreshold="32" />
  <references type="weak" candidates="5734" cleared="0" enqueued="0" />
  <references type="phantom" candidates="101" cleared="0" enqueued="0" />
  <stringconstants candidates="13843" cleared="0"  />
</gc-op>
<gc-op id="101" type="sweep" timems="303.871" contextid="97" timestamp="2019-06-15T07:10:07.882" />
<mem-info id="102" free="2074276312" total="2092630016" percent="99">
  <mem type="tenure" free="2074276312" total="2092630016" percent="99" micro-fragmented="14353">
    <mem type="soa" free="1969645016" total="1987998720" percent="99" />
    <mem type="loa" free="104631296" total="104631296" percent="100" />
  </mem>
</mem-info>
<gc-op id="103" type="compact" timems="11.849" contextid="97" timestamp="2019-06-15T07:10:07.894">
  <compact-info movecount="434" movebytes="12248" reason="compact to aid heap contraction" />
</gc-op>
<gc-end id="104" type="global" contextid="97" durationms="326.102" usertimems="360.000" systemtimems="8.000" timestamp="2019-06-15T07:10:07.895" activeThreads="4">
  <mem-info id="105" free="2074220800" total="2092630016" percent="99">
    <mem type="tenure" free="2074220800" total="2092630016" percent="99">
      <mem type="soa" free="1969589504" total="1987998720" percent="99" />
      <mem type="loa" free="104631296" total="104631296" percent="100" />
    </mem>
  </mem-info>
</gc-end>
<cycle-end id="106" type="global" contextid="97" timestamp="2019-06-15T07:10:07.895" />
  <attribute name="elasticGC enabled" value="1" />
  <attribute name= "numThreadsSpecified" value="4" />
  <attribute name="heapSize specified" value="2092630016" />
  <attribute name="Current GC Util" value="183" />
  <attribute name= "Current Time Running" value="21731" />
  <attribute name ="GC Interval" value="0" />
  <attribute name="ProportionalT" value="81.500000" />
  <attribute name="ProportionalI" value="81.500000" />
  <attribute name="ProportionalH" value="81.500000" />
  <attribute name="Current Error" value="163.000000" />
  <attribute name="IntegralT" value="1956.000000" />
  <attribute name="IntegralI" value="1956.000000" />
  <attribute name="IntegralH" value="1956.000000" />
  <attribute name="DerivativeT" value="20.375000" />
  <attribute name="DerivativeI" value="20.375000" />
  <attribute name="DerivativeH" value="20.375000" />
  <attribute name="Loop Time for DT" value="12.000000" />
  <attribute name="Output H" value="8388608"/>
  <attribute name="Output I" value="2064"/>
  <attribute name="Output T" value="4"/>
  <attribute name="Target GC Util Change" value ="20.000000" />
  <attribute name="Current GC Util Change" value="183.000000"/>
  <attribute name="GC Util currently" value="183" />
  <attribute name="CPU Util currently" value="383639217145" />
<allocation-satisfied id="107" threadId="0000000000F83700" bytesRequested="1168" />
<af-end id="108" timestamp="2019-06-15T07:10:07.895" threadId="0000000000F84088" success="true" />
<exclusive-end id="109" timestamp="2019-06-15T07:10:07.895" durationms="327.240" />

<exclusive-start id="110" timestamp="2019-06-15T07:10:08.900" intervalms="1331.640">
  <response-info timems="0.067" idlems="0.067" threads="0" lastid="0000000000F83700" lastname="main" />
</exclusive-start>
<af-start id="111" threadId="0000000000F84088" totalBytesRequested="520" timestamp="2019-06-15T07:10:08.900" intervalms="1331.572" />
<cycle-start id="112" type="global" contextid="0" timestamp="2019-06-15T07:10:08.900" intervalms="1331.554" />
<gc-start id="113" type="global" contextid="112" timestamp="2019-06-15T07:10:08.900">
  <mem-info id="114" free="104631296" total="2092630016" percent="4">
    <mem type="tenure" free="104631296" total="2092630016" percent="4">
      <mem type="soa" free="0" total="1987998720" percent="0" />
      <mem type="loa" free="104631296" total="104631296" percent="100" />
    </mem>
  </mem-info>
</gc-start>
<allocation-stats totalBytes="1967697136" >
  <allocated-bytes non-tlh="0" tlh="1967697136" />
  <largest-consumer threadName="main" threadId="0000000000F83700" bytes="1967697136" />
</allocation-stats>
<gc-op id="115" type="mark" timems="9.104" contextid="112" timestamp="2019-06-15T07:10:08.910">
  <trace-info objectcount="610462" scancount="530465" scanbytes="13689576" />
  <finalization candidates="80" enqueued="0" />
  <ownableSynchronizers candidates="21" cleared="0" />
  <references type="soft" candidates="4867" cleared="0" enqueued="0" dynamicThreshold="31" maxThreshold="32" />
  <references type="weak" candidates="5755" cleared="7" enqueued="3" />
  <references type="phantom" candidates="101" cleared="0" enqueued="0" />
  <stringconstants candidates="13843" cleared="0"  />
</gc-op>
<gc-op id="116" type="sweep" timems="247.974" contextid="112" timestamp="2019-06-15T07:10:09.158" />
<mem-info id="117" free="2074272968" total="2092630016" percent="99">
  <mem type="tenure" free="2074272968" total="2092630016" percent="99" micro-fragmented="14623">
    <mem type="soa" free="1969641672" total="1987998720" percent="99" />
    <mem type="loa" free="104631296" total="104631296" percent="100" />
  </mem>
  <pending-finalizers system="0" default="0" reference="3" classloader="0" />
</mem-info>
<gc-op id="118" type="compact" timems="32.853" contextid="112" timestamp="2019-06-15T07:10:09.191">
  <compact-info movecount="235816" movebytes="6736528" reason="compact to aid heap contraction" />
</gc-op>
<gc-end id="119" type="global" contextid="112" durationms="291.212" usertimems="344.000" systemtimems="8.000" timestamp="2019-06-15T07:10:09.192" activeThreads="4">
  <mem-info id="120" free="2074220016" total="2092630016" percent="99">
    <mem type="tenure" free="2074220016" total="2092630016" percent="99">
      <mem type="soa" free="1969588720" total="1987998720" percent="99" />
      <mem type="loa" free="104631296" total="104631296" percent="100" />
    </mem>
    <pending-finalizers system="0" default="0" reference="3" classloader="0" />
  </mem-info>
</gc-end>
<cycle-end id="121" type="global" contextid="112" timestamp="2019-06-15T07:10:09.192" />
  <attribute name="elasticGC enabled" value="1" />
  <attribute name= "numThreadsSpecified" value="4" />
  <attribute name="heapSize specified" value="2092630016" />
  <attribute name="Current GC Util" value="161" />
  <attribute name= "Current Time Running" value="23028" />
  <attribute name ="GC Interval" value="0" />
  <attribute name="ProportionalT" value="70.500000" />
  <attribute name="ProportionalI" value="70.500000" />
  <attribute name="ProportionalH" value="70.500000" />
  <attribute name="Current Error" value="141.000000" />
  <attribute name="IntegralT" value="4653.000000" />
  <attribute name="IntegralI" value="4653.000000" />
  <attribute name="IntegralH" value="4653.000000" />
  <attribute name="DerivativeT" value="6.409091" />
  <attribute name="DerivativeI" value="6.409091" />
  <attribute name="DerivativeH" value="6.409091" />
  <attribute name="Loop Time for DT" value="33.000000" />
  <attribute name="Output H" value="8388608"/>
  <attribute name="Output I" value="4000"/>
  <attribute name="Output T" value="4"/>
  <attribute name="Target GC Util Change" value ="20.000000" />
  <attribute name="Current GC Util Change" value="161.000000"/>
  <attribute name="GC Util currently" value="161" />
  <attribute name="CPU Util currently" value="139506253114" />
<allocation-satisfied id="122" threadId="0000000000F83700" bytesRequested="520" />
<af-end id="123" timestamp="2019-06-15T07:10:09.192" threadId="0000000000F84088" success="true" />
<exclusive-end id="124" timestamp="2019-06-15T07:10:09.192" durationms="292.310" />

</verbosegc>

