
<?xml version="1.0" ?>

<verbosegc xmlns="http://www.ibm.com/j9/verbosegc" version="6fe7bac_CMPRSS">

<gc check installed>
<initialized id="1" timestamp="2019-08-07T23:58:01.015">
  <attribute name="gcPolicy" value="-Xgcpolicy:optthruput" />
  <attribute name="elasticGC enabled" value="1" />
  <attribute name= "numThreadsSpecified" value="0" />
  <attribute name="heapSize specified" value="0" />
  <attribute name="Current GC Util" value="0" />
  <attribute name= "Current Time Running" value="0" />
  <attribute name ="GC Interval" value="0" />
  <attribute name="Target GC Util Change" value ="0.000000" />
  <attribute name="Current GC Util Change" value="0.000000"/>
  <attribute name="Current Error" value="0.000000" />
  <attribute name="Output H" value="0"/>
  <attribute name="Output I" value="0"/>
  <attribute name="Output T" value="0"/>
  <attribute name= "Current Time Running" value="0" />
  <attribute name="GC Util currently" value="0" />
  <attribute name="CPU Util currently" value="0" />
  <attribute name="maxHeapSize" value="0xfa900000" />
  <attribute name="initialHeapSize" value="0x800000" />
  <attribute name="compressedRefs" value="true" />
  <attribute name="compressedRefsDisplacement" value="0x0" />
  <attribute name="compressedRefsShift" value="0x3" />
  <attribute name="pageSize" value="0x1000" />
  <attribute name="pageType" value="not used" />
  <attribute name="requestedPageSize" value="0x1000" />
  <attribute name="requestedPageType" value="not used" />
  <attribute name="gcthreads" value="16" />
  <attribute name="packetListSplit" value="16" />
  <attribute name="cacheListSplit" value="16" />
  <attribute name="splitFreeListSplitAmount" value="2" />
  <attribute name="numaNodes" value="0" />
  <system>
    <attribute name="physicalMemory" value="16815001600" />
    <attribute name="numCPUs" value="16" />
    <attribute name="architecture" value="amd64" />
    <attribute name="os" value="Linux" />
    <attribute name="osVersion" value="4.15.0" />
  </system>
  <vmargs>
    <vmarg name="-Xoptionsfile=/jdk/lib/options.default" />
    <vmarg name="-Xlockword:mode=default,noLockword=java/lang/String,noLockword=java/util/MapEntry,noLockword=java/util/HashMap$Entry,noLockword..." />
    <vmarg name="-Xjcl:jclse29" />
    <vmarg name="-Dcom.ibm.oti.vm.bootstrap.library.path=/jdk/lib/compressedrefs:/jdk/lib" />
    <vmarg name="-Dsun.boot.library.path=/jdk/lib/compressedrefs:/jdk/lib" />
    <vmarg name="-Djava.library.path=/jdk/lib/compressedrefs:/jdk/lib:/usr/lib64:/usr/lib" />
    <vmarg name="-Djava.home=/jdk" />
    <vmarg name="-Duser.dir=/" />
    <vmarg name="-Xgcelastic" />
    <vmarg name="-Xcheck:gc:::elasticGC" />
    <vmarg name="-Xgcpolicy:optthruput" />
    <vmarg name="-verbose:gc" />
    <vmarg name="-Djava.class.path=dacapo-9.12-MR1-bach.jar" />
    <vmarg name="-Dsun.java.command=dacapo-9.12-MR1-bach.jar avrora jython pmd sunflow xalan --size=large" />
    <vmarg name="-Dsun.java.launcher=SUN_STANDARD" />
    <vmarg name="-Dsun.java.launcher.pid=1" />
  </vmargs>
</initialized>

<exclusive-start id="2" timestamp="2019-08-07T23:58:01.258" intervalms="242.904">
  <response-info timems="0.036" idlems="0.036" threads="0" lastid="0000000001DD0F00" lastname="main" />
</exclusive-start>
<sys-start reason="explicit" id="3" timestamp="2019-08-07T23:58:01.258" intervalms="242.954" />
<cycle-start id="4" type="global" contextid="0" timestamp="2019-08-07T23:58:01.258" intervalms="242.976" />
<gc-start id="5" type="global" contextid="4" timestamp="2019-08-07T23:58:01.258">
  <mem-info id="6" free="2321544" total="8388608" percent="27">
    <mem type="tenure" free="2321544" total="8388608" percent="27">
      <mem type="soa" free="1902728" total="7969792" percent="23" />
      <mem type="loa" free="418816" total="418816" percent="100" />
    </mem>
  </mem-info>
</gc-start>
<allocation-stats totalBytes="6057248" >
  <allocated-bytes non-tlh="455544" tlh="5601704" />
  <largest-consumer threadName="main" threadId="0000000001DD0F00" bytes="5976824" />
</allocation-stats>
<gc-op id="7" type="mark" timems="2.875" contextid="4" timestamp="2019-08-07T23:58:01.262">
  <trace-info objectcount="17930" scancount="14817" scanbytes="467556" />
  <finalization candidates="14" enqueued="1" />
  <references type="soft" candidates="66" cleared="0" enqueued="0" dynamicThreshold="32" maxThreshold="32" />
  <references type="weak" candidates="553" cleared="411" enqueued="372" />
  <references type="phantom" candidates="99" cleared="41" enqueued="41" />
  <stringconstants candidates="2455" cleared="0"  />
</gc-op>
<gc-op id="8" type="classunload" timems="0.002" contextid="4" timestamp="2019-08-07T23:58:01.262">
  <classunload-info classloadercandidates="6" classloadersunloaded="0" classesunloaded="0" anonymousclassesunloaded="0" quiescems="1.040" setupms="0.002" scanms="0.000" postms="0.000" />
</gc-op>
<gc-op id="9" type="sweep" timems="1.920" contextid="4" timestamp="2019-08-07T23:58:01.264" />
<mem-info id="10" free="7121296" total="8388608" percent="84">
  <mem type="tenure" free="7121296" total="8388608" percent="84" micro-fragmented="181033" macro-fragmented="0">
    <mem type="soa" free="6702480" total="7969792" percent="84" />
    <mem type="loa" free="418816" total="418816" percent="100" />
  </mem>
  <pending-finalizers system="1" default="0" reference="413" classloader="0" />
</mem-info>
<gc-op id="11" type="compact" timems="5.825" contextid="4" timestamp="2019-08-07T23:58:01.269">
  <compact-info movecount="17929" movebytes="1026600" reason="compact to aid heap contraction" />
</gc-op>
<heap-resize id="12" type="expand" space="tenure" amount="327680" count="1" timems="0.017" reason="satisfy allocation request" timestamp="2019-08-07T23:58:01.270" />
<gc-end id="13" type="global" contextid="4" durationms="12.420" usertimems="4.757" systemtimems="12.754" timestamp="2019-08-07T23:58:01.270" activeThreads="16">
  <mem-info id="14" free="7689600" total="8716288" percent="88">
    <mem type="tenure" free="7689600" total="8716288" percent="88">
      <mem type="soa" free="7254400" total="8281088" percent="87" />
      <mem type="loa" free="435200" total="435200" percent="100" />
    </mem>
    <pending-finalizers system="1" default="0" reference="413" classloader="0" />
  </mem-info>
</gc-end>
<cycle-end id="15" type="global" contextid="4" timestamp="2019-08-07T23:58:01.270" />
  <attribute name="elasticGC enabled" value="1" />
  <attribute name= "numThreadsSpecified" value="16" />
  <attribute name="heapSize specified" value="8388608" />
  <attribute name="Current GC Util" value="60" />
  <attribute name= "Current Time Running" value="192" />
  <attribute name ="GC Interval" value="0" />
  <attribute name="Target GC Util Change" value ="80.000000" />
  <attribute name="Current GC Util Change" value="60.000000"/>
  <attribute name="Current Error" value="59.000000" />
  <attribute name="Output H" value="8691592"/>
  <attribute name="Output I" value="2320"/>
  <attribute name="Output T" value="16"/>
  <attribute name= "Current Time Running" value="192" />
  <attribute name="GC Util currently" value="60" />
  <attribute name="CPU Util currently" value="1" />
<sys-end id="16" timestamp="2019-08-07T23:58:01.270" />
<exclusive-end id="17" timestamp="2019-08-07T23:58:01.270" durationms="12.545" />

===== DaCapo 9.12-MR1 avrora starting =====
<exclusive-start id="18" timestamp="2019-08-07T23:58:01.623" intervalms="365.128">
  <response-info timems="0.014" idlems="0.014" threads="0" lastid="0000000001DD0F00" lastname="main" />
</exclusive-start>
<af-start id="19" threadId="0000000001DD1888" totalBytesRequested="88" timestamp="2019-08-07T23:58:01.623" intervalms="608.075" />
<cycle-start id="20" type="global" contextid="0" timestamp="2019-08-07T23:58:01.623" intervalms="365.123" />
<gc-start id="21" type="global" contextid="20" timestamp="2019-08-07T23:58:01.623">
  <mem-info id="22" free="435200" total="8716288" percent="4">
    <mem type="tenure" free="435200" total="8716288" percent="4">
      <mem type="soa" free="0" total="8281088" percent="0" />
      <mem type="loa" free="435200" total="435200" percent="100" />
    </mem>
  </mem-info>
</gc-start>
<allocation-stats totalBytes="7186472" >
  <allocated-bytes non-tlh="143480" tlh="7042992" />
  <largest-consumer threadName="main" threadId="0000000001DD0F00" bytes="7170400" />
</allocation-stats>
<gc-op id="23" type="mark" timems="7.076" contextid="20" timestamp="2019-08-07T23:58:01.630">
  <trace-info objectcount="95802" scancount="89388" scanbytes="2716224" />
  <finalization candidates="13" enqueued="0" />
  <references type="soft" candidates="66" cleared="0" enqueued="0" dynamicThreshold="28" maxThreshold="32" />
  <references type="weak" candidates="185" cleared="42" enqueued="42" />
  <references type="phantom" candidates="70" cleared="13" enqueued="13" />
  <stringconstants candidates="3608" cleared="0"  />
</gc-op>
<gc-op id="24" type="sweep" timems="1.719" contextid="20" timestamp="2019-08-07T23:58:01.632" />
<mem-info id="25" free="4490872" total="8716288" percent="51">
  <mem type="tenure" free="4490872" total="8716288" percent="51" micro-fragmented="587941" macro-fragmented="0">
    <mem type="soa" free="4055672" total="8281088" percent="48" />
    <mem type="loa" free="435200" total="435200" percent="100" />
  </mem>
  <pending-finalizers system="0" default="0" reference="55" classloader="0" />
</mem-info>
<gc-op id="26" type="compact" timems="29.088" contextid="20" timestamp="2019-08-07T23:58:01.661">
  <compact-info movecount="83522" movebytes="3142248" reason="compact to aid heap contraction" />
</gc-op>
<heap-resize id="27" type="expand" space="tenure" amount="327680" count="1" timems="0.017" reason="satisfy allocation request" timestamp="2019-08-07T23:58:01.661" />
<gc-end id="28" type="global" contextid="20" durationms="38.640" usertimems="40.720" systemtimems="10.282" timestamp="2019-08-07T23:58:01.661" activeThreads="16">
  <mem-info id="29" free="5396896" total="9043968" percent="59">
    <mem type="tenure" free="5396896" total="9043968" percent="59">
      <mem type="soa" free="4945312" total="8592384" percent="57" />
      <mem type="loa" free="451584" total="451584" percent="100" />
    </mem>
    <pending-finalizers system="0" default="0" reference="55" classloader="0" />
  </mem-info>
</gc-end>
<cycle-end id="30" type="global" contextid="20" timestamp="2019-08-07T23:58:01.661" />
  <attribute name="elasticGC enabled" value="1" />
  <attribute name= "numThreadsSpecified" value="16" />
  <attribute name="heapSize specified" value="8716288" />
  <attribute name="Current GC Util" value="21" />
  <attribute name= "Current Time Running" value="584" />
  <attribute name ="GC Interval" value="0" />
  <attribute name="Target GC Util Change" value ="80.000000" />
  <attribute name="Current GC Util Change" value="21.000000"/>
  <attribute name="Current Error" value="-55.000000" />
  <attribute name="Output H" value="9018752"/>
  <attribute name="Output I" value="1728"/>
  <attribute name="Output T" value="16"/>
  <attribute name= "Current Time Running" value="584" />
  <attribute name="GC Util currently" value="21" />
  <attribute name="CPU Util currently" value="13" />
<allocation-satisfied id="31" threadId="0000000001DD0F00" bytesRequested="88" />
<af-end id="32" timestamp="2019-08-07T23:58:01.661" threadId="0000000001DD1888" success="true" />
<exclusive-end id="33" timestamp="2019-08-07T23:58:01.661" durationms="38.805" />

<exclusive-start id="34" timestamp="2019-08-07T23:58:01.789" intervalms="165.977">
  <response-info timems="0.021" idlems="0.021" threads="0" lastid="0000000001DD0F00" lastname="main" />
</exclusive-start>
<af-start id="35" threadId="0000000001DD1888" totalBytesRequested="1056" timestamp="2019-08-07T23:58:01.789" intervalms="165.974" />
<cycle-start id="36" type="global" contextid="0" timestamp="2019-08-07T23:58:01.789" intervalms="165.972" />
<gc-start id="37" type="global" contextid="36" timestamp="2019-08-07T23:58:01.789">
  <mem-info id="38" free="451584" total="9043968" percent="4">
    <mem type="tenure" free="451584" total="9043968" percent="4">
      <mem type="soa" free="0" total="8592384" percent="0" />
      <mem type="loa" free="451584" total="451584" percent="100" />
    </mem>
  </mem-info>
</gc-start>
<allocation-stats totalBytes="4941136" >
  <allocated-bytes non-tlh="160560" tlh="4780576" />
  <largest-consumer threadName="main" threadId="0000000001DD0F00" bytes="4941136" />
</allocation-stats>
<gc-op id="39" type="mark" timems="5.218" contextid="36" timestamp="2019-08-07T23:58:01.794">
  <trace-info objectcount="142653" scancount="133176" scanbytes="5242024" />
  <finalization candidates="13" enqueued="0" />
  <references type="soft" candidates="66" cleared="0" enqueued="0" dynamicThreshold="19" maxThreshold="32" />
  <references type="weak" candidates="143" cleared="0" enqueued="0" />
  <references type="phantom" candidates="57" cleared="0" enqueued="0" />
  <stringconstants candidates="3823" cleared="0"  />
</gc-op>
<gc-op id="40" type="sweep" timems="1.248" contextid="36" timestamp="2019-08-07T23:58:01.795" />
<mem-info id="41" free="1656800" total="9043968" percent="18">
  <mem type="tenure" free="1656800" total="9043968" percent="18" micro-fragmented="554015" macro-fragmented="0">
    <mem type="soa" free="1205216" total="8592384" percent="14" />
    <mem type="loa" free="451584" total="451584" percent="100" />
  </mem>
</mem-info>
<gc-op id="42" type="compact" timems="63.523" contextid="36" timestamp="2019-08-07T23:58:01.859">
  <compact-info movecount="130365" movebytes="6290440" reason="compact to aid heap contraction" />
</gc-op>
<heap-resize id="43" type="expand" space="tenure" amount="327680" count="1" timems="0.017" reason="satisfy allocation request" timestamp="2019-08-07T23:58:01.859" />
<gc-end id="44" type="global" contextid="36" durationms="70.586" usertimems="78.729" systemtimems="11.846" timestamp="2019-08-07T23:58:01.859" activeThreads="16">
  <mem-info id="45" free="2510704" total="9371648" percent="26">
    <mem type="tenure" free="2510704" total="9371648" percent="26">
      <mem type="soa" free="2042736" total="8903680" percent="22" />
      <mem type="loa" free="467968" total="467968" percent="100" />
    </mem>
  </mem-info>
</gc-end>
<cycle-end id="46" type="global" contextid="36" timestamp="2019-08-07T23:58:01.859" />
  <attribute name="elasticGC enabled" value="1" />
  <attribute name= "numThreadsSpecified" value="16" />
  <attribute name="heapSize specified" value="9043968" />
  <attribute name="Current GC Util" value="11" />
  <attribute name= "Current Time Running" value="782" />
  <attribute name ="GC Interval" value="0" />
  <attribute name="Target GC Util Change" value ="80.000000" />
  <attribute name="Current GC Util Change" value="11.000000"/>
  <attribute name="Current Error" value="69.000000" />
  <attribute name="Output H" value="9347000"/>
  <attribute name="Output I" value="2368"/>
  <attribute name="Output T" value="16"/>
  <attribute name= "Current Time Running" value="782" />
  <attribute name="GC Util currently" value="11" />
  <attribute name="CPU Util currently" value="6" />
<allocation-satisfied id="47" threadId="0000000001DD0F00" bytesRequested="1056" />
<af-end id="48" timestamp="2019-08-07T23:58:01.859" threadId="0000000001DD1888" success="true" />
<exclusive-end id="49" timestamp="2019-08-07T23:58:01.859" durationms="70.730" />

<exclusive-start id="50" timestamp="2019-08-07T23:58:05.583" intervalms="3794.025">
  <response-info timems="0.017" idlems="0.017" threads="0" lastid="00000000020D1B00" lastname="node-6" />
</exclusive-start>
<af-start id="51" threadId="00000000020D2488" totalBytesRequested="24" timestamp="2019-08-07T23:58:05.583" intervalms="3794.044" />
<cycle-start id="52" type="global" contextid="0" timestamp="2019-08-07T23:58:05.583" intervalms="3794.054" />
<gc-start id="53" type="global" contextid="52" timestamp="2019-08-07T23:58:05.583">
  <mem-info id="54" free="467968" total="9371648" percent="4">
    <mem type="tenure" free="467968" total="9371648" percent="4">
      <mem type="soa" free="0" total="8903680" percent="0" />
      <mem type="loa" free="467968" total="467968" percent="100" />
    </mem>
  </mem-info>
</gc-start>
<allocation-stats totalBytes="2102544" >
  <allocated-bytes non-tlh="1288" tlh="2101256" />
  <largest-consumer threadName="node-0" threadId="00000000020BEF00" bytes="319856" />
</allocation-stats>
<gc-op id="55" type="mark" timems="5.365" contextid="52" timestamp="2019-08-07T23:58:05.588">
  <trace-info objectcount="145887" scancount="136324" scanbytes="5331504" />
  <finalization candidates="13" enqueued="0" />
  <references type="soft" candidates="66" cleared="0" enqueued="0" dynamicThreshold="8" maxThreshold="32" />
  <references type="weak" candidates="145" cleared="2" enqueued="2" />
  <references type="phantom" candidates="57" cleared="0" enqueued="0" />
  <stringconstants candidates="3837" cleared="0"  />
</gc-op>
<gc-op id="56" type="sweep" timems="1.545" contextid="52" timestamp="2019-08-07T23:58:05.590" />
<mem-info id="57" free="2449496" total="9371648" percent="26">
  <mem type="tenure" free="2449496" total="9371648" percent="26" micro-fragmented="31042" macro-fragmented="0">
    <mem type="soa" free="1981528" total="8903680" percent="22" />
    <mem type="loa" free="467968" total="467968" percent="100" />
  </mem>
  <pending-finalizers system="0" default="0" reference="2" classloader="0" />
</mem-info>
<gc-op id="58" type="compact" timems="82.848" contextid="52" timestamp="2019-08-07T23:58:05.673">
  <compact-info movecount="145140" movebytes="6878248" reason="compact to aid heap contraction" />
</gc-op>
<heap-resize id="59" type="expand" space="tenure" amount="327680" count="1" timems="0.020" reason="satisfy allocation request" timestamp="2019-08-07T23:58:05.674" />
<gc-end id="60" type="global" contextid="52" durationms="90.995" usertimems="87.955" systemtimems="13.758" timestamp="2019-08-07T23:58:05.674" activeThreads="16">
  <mem-info id="61" free="2783880" total="9699328" percent="28">
    <mem type="tenure" free="2783880" total="9699328" percent="28">
      <mem type="soa" free="2299528" total="9214976" percent="24" />
      <mem type="loa" free="484352" total="484352" percent="100" />
    </mem>
    <pending-finalizers system="0" default="0" reference="2" classloader="0" />
  </mem-info>
</gc-end>
<cycle-end id="62" type="global" contextid="52" timestamp="2019-08-07T23:58:05.674" />
  <attribute name="elasticGC enabled" value="1" />
  <attribute name= "numThreadsSpecified" value="16" />
  <attribute name="heapSize specified" value="9371648" />
  <attribute name="Current GC Util" value="11" />
  <attribute name= "Current Time Running" value="4596" />
  <attribute name ="GC Interval" value="0" />
  <attribute name="Target GC Util Change" value ="80.000000" />
  <attribute name="Current GC Util Change" value="11.000000"/>
  <attribute name="Current Error" value="58.000000" />
  <attribute name="Output H" value="9674632"/>
  <attribute name="Output I" value="2312"/>
  <attribute name="Output T" value="16"/>
  <attribute name= "Current Time Running" value="4596" />
  <attribute name="GC Util currently" value="11" />
  <attribute name="CPU Util currently" value="9" />
<allocation-satisfied id="63" threadId="00000000020D1B00" bytesRequested="24" />
<af-end id="64" timestamp="2019-08-07T23:58:05.674" threadId="00000000020D2488" success="true" />
<exclusive-end id="65" timestamp="2019-08-07T23:58:05.674" durationms="91.248" />

<exclusive-start id="66" timestamp="2019-08-07T23:58:07.743" intervalms="2160.246">
  <response-info timems="0.232" idlems="0.232" threads="0" lastid="0000000002115500" lastname="node-12" />
</exclusive-start>
<af-start id="67" threadId="0000000002115E88" totalBytesRequested="32" timestamp="2019-08-07T23:58:07.743" intervalms="2160.269" />
<cycle-start id="68" type="global" contextid="0" timestamp="2019-08-07T23:58:07.743" intervalms="2160.285" />
<gc-start id="69" type="global" contextid="68" timestamp="2019-08-07T23:58:07.743">
  <mem-info id="70" free="484352" total="9699328" percent="4">
    <mem type="tenure" free="484352" total="9699328" percent="4">
      <mem type="soa" free="0" total="9214976" percent="0" />
      <mem type="loa" free="484352" total="484352" percent="100" />
    </mem>
  </mem-info>
</gc-start>
<allocation-stats totalBytes="2312672" >
  <allocated-bytes non-tlh="0" tlh="2312672" />
  <largest-consumer threadName="node-0" threadId="00000000020BEF00" bytes="233448" />
</allocation-stats>
<gc-op id="71" type="mark" timems="5.868" contextid="68" timestamp="2019-08-07T23:58:07.749">
  <trace-info objectcount="145781" scancount="136255" scanbytes="5328888" />
  <finalization candidates="13" enqueued="0" />
  <references type="soft" candidates="66" cleared="0" enqueued="0" dynamicThreshold="9" maxThreshold="32" />
  <references type="weak" candidates="143" cleared="0" enqueued="0" />
  <references type="phantom" candidates="57" cleared="0" enqueued="0" />
  <stringconstants candidates="3837" cleared="0"  />
</gc-op>
<gc-op id="72" type="sweep" timems="1.325" contextid="68" timestamp="2019-08-07T23:58:07.750" />
<mem-info id="73" free="2795680" total="9699328" percent="28">
  <mem type="tenure" free="2795680" total="9699328" percent="28" micro-fragmented="513" macro-fragmented="0">
    <mem type="soa" free="2311328" total="9214976" percent="25" />
    <mem type="loa" free="484352" total="484352" percent="100" />
  </mem>
</mem-info>
<gc-op id="74" type="compact" timems="20.983" contextid="68" timestamp="2019-08-07T23:58:07.771">
  <compact-info movecount="33270" movebytes="2251160" reason="compact to aid heap contraction" />
</gc-op>
<heap-resize id="75" type="expand" space="tenure" amount="327680" count="1" timems="0.022" reason="satisfy allocation request" timestamp="2019-08-07T23:58:07.773" />
<gc-end id="76" type="global" contextid="68" durationms="30.179" usertimems="36.535" systemtimems="13.819" timestamp="2019-08-07T23:58:07.773" activeThreads="16">
  <mem-info id="77" free="3125032" total="10027008" percent="31">
    <mem type="tenure" free="3125032" total="10027008" percent="31">
      <mem type="soa" free="2624296" total="9526272" percent="27" />
      <mem type="loa" free="500736" total="500736" percent="100" />
    </mem>
  </mem-info>
</gc-end>
<cycle-end id="78" type="global" contextid="68" timestamp="2019-08-07T23:58:07.773" />
  <attribute name="elasticGC enabled" value="1" />
  <attribute name= "numThreadsSpecified" value="16" />
  <attribute name="heapSize specified" value="9699328" />
  <attribute name="Current GC Util" value="47" />
  <attribute name= "Current Time Running" value="6695" />
  <attribute name ="GC Interval" value="0" />
  <attribute name="Target GC Util Change" value ="80.000000" />
  <attribute name="Current GC Util Change" value="47.000000"/>
  <attribute name="Current Error" value="-144.000000" />
  <attribute name="Output H" value="10001376"/>
  <attribute name="Output I" value="1264"/>
  <attribute name="Output T" value="16"/>
  <attribute name= "Current Time Running" value="6695" />
  <attribute name="GC Util currently" value="47" />
  <attribute name="CPU Util currently" value="54838448076" />
<allocation-satisfied id="79" threadId="0000000002115500" bytesRequested="32" />
<af-end id="80" timestamp="2019-08-07T23:58:07.773" threadId="0000000002115E88" success="true" />
<exclusive-end id="81" timestamp="2019-08-07T23:58:07.773" durationms="30.427" />

<exclusive-start id="82" timestamp="2019-08-07T23:58:09.432" intervalms="1688.706">
  <response-info timems="0.268" idlems="0.268" threads="0" lastid="00000000020FE200" lastname="node-16" />
</exclusive-start>
<af-start id="83" threadId="00000000020FEB88" totalBytesRequested="32" timestamp="2019-08-07T23:58:09.432" intervalms="1688.702" />
<cycle-start id="84" type="global" contextid="0" timestamp="2019-08-07T23:58:09.432" intervalms="1688.685" />
<gc-start id="85" type="global" contextid="84" timestamp="2019-08-07T23:58:09.432">
  <mem-info id="86" free="500736" total="10027008" percent="4">
    <mem type="tenure" free="500736" total="10027008" percent="4">
      <mem type="soa" free="0" total="9526272" percent="0" />
      <mem type="loa" free="500736" total="500736" percent="100" />
    </mem>
  </mem-info>
</gc-start>
<allocation-stats totalBytes="2629616" >
  <allocated-bytes non-tlh="0" tlh="2629616" />
  <largest-consumer threadName="node-8" threadId="00000000020E0A00" bytes="208872" />
</allocation-stats>
<gc-op id="87" type="mark" timems="9.742" contextid="84" timestamp="2019-08-07T23:58:09.442">
  <trace-info objectcount="145724" scancount="136191" scanbytes="5326928" />
  <finalization candidates="13" enqueued="0" />
  <references type="soft" candidates="66" cleared="0" enqueued="0" dynamicThreshold="9" maxThreshold="32" />
  <references type="weak" candidates="143" cleared="0" enqueued="0" />
  <references type="phantom" candidates="57" cleared="0" enqueued="0" />
  <stringconstants candidates="3837" cleared="0"  />
</gc-op>
<gc-op id="88" type="sweep" timems="1.712" contextid="84" timestamp="2019-08-07T23:58:09.444" />
<mem-info id="89" free="3124424" total="10027008" percent="31">
  <mem type="tenure" free="3124424" total="10027008" percent="31" micro-fragmented="0" macro-fragmented="0">
    <mem type="soa" free="2623688" total="9526272" percent="27" />
    <mem type="loa" free="500736" total="500736" percent="100" />
  </mem>
</mem-info>
<gc-op id="90" type="compact" timems="23.603" contextid="84" timestamp="2019-08-07T23:58:09.467">
  <compact-info movecount="2401" movebytes="61896" reason="compact to aid heap contraction" />
</gc-op>
<heap-resize id="91" type="expand" space="tenure" amount="327680" count="1" timems="0.021" reason="satisfy allocation request" timestamp="2019-08-07T23:58:09.470" />
<gc-end id="92" type="global" contextid="84" durationms="38.842" usertimems="57.777" systemtimems="28.392" timestamp="2019-08-07T23:58:09.471" activeThreads="16">
  <mem-info id="93" free="3457816" total="10354688" percent="33">
    <mem type="tenure" free="3457816" total="10354688" percent="33">
      <mem type="soa" free="2940696" total="9837568" percent="29" />
      <mem type="loa" free="517120" total="517120" percent="100" />
    </mem>
  </mem-info>
</gc-end>
<cycle-end id="94" type="global" contextid="84" timestamp="2019-08-07T23:58:09.471" />
  <attribute name="elasticGC enabled" value="1" />
  <attribute name= "numThreadsSpecified" value="16" />
  <attribute name="heapSize specified" value="10027008" />
  <attribute name="Current GC Util" value="47" />
  <attribute name= "Current Time Running" value="8390" />
  <attribute name ="GC Interval" value="0" />
  <attribute name="Target GC Util Change" value ="80.000000" />
  <attribute name="Current GC Util Change" value="47.000000"/>
  <attribute name="Current Error" value="33.000000" />
  <attribute name="Output H" value="10329872"/>
  <attribute name="Output I" value="2184"/>
  <attribute name="Output T" value="16"/>
  <attribute name= "Current Time Running" value="8390" />
  <attribute name="GC Util currently" value="47" />
  <attribute name="CPU Util currently" value="48748169308" />
<allocation-satisfied id="95" threadId="00000000020FE200" bytesRequested="32" />
<af-end id="96" timestamp="2019-08-07T23:58:09.471" threadId="00000000020FEB88" success="true" />
<exclusive-end id="97" timestamp="2019-08-07T23:58:09.471" durationms="39.159" />

<exclusive-start id="98" timestamp="2019-08-07T23:58:11.919" intervalms="2487.046">
  <response-info timems="0.033" idlems="0.033" threads="1" lastid="00000000020E0A00" lastname="node-8" />
</exclusive-start>
<af-start id="99" threadId="00000000020CE888" totalBytesRequested="368" timestamp="2019-08-07T23:58:11.919" intervalms="2487.021" />
<cycle-start id="100" type="global" contextid="0" timestamp="2019-08-07T23:58:11.919" intervalms="2487.029" />
<gc-start id="101" type="global" contextid="100" timestamp="2019-08-07T23:58:11.919">
  <mem-info id="102" free="517120" total="10354688" percent="4">
    <mem type="tenure" free="517120" total="10354688" percent="4">
      <mem type="soa" free="0" total="9837568" percent="0" />
      <mem type="loa" free="517120" total="517120" percent="100" />
    </mem>
  </mem-info>
</gc-start>
<allocation-stats totalBytes="2942248" >
  <allocated-bytes non-tlh="0" tlh="2942248" />
  <largest-consumer threadName="node-7" threadId="00000000020EBE00" bytes="184048" />
</allocation-stats>
<gc-op id="103" type="mark" timems="14.206" contextid="100" timestamp="2019-08-07T23:58:11.933">
  <trace-info objectcount="145680" scancount="136140" scanbytes="5325376" />
  <finalization candidates="13" enqueued="0" />
  <references type="soft" candidates="66" cleared="0" enqueued="0" dynamicThreshold="10" maxThreshold="32" />
  <references type="weak" candidates="143" cleared="0" enqueued="0" />
  <references type="phantom" candidates="57" cleared="0" enqueued="0" />
  <stringconstants candidates="3837" cleared="0"  />
</gc-op>
<gc-op id="104" type="sweep" timems="5.930" contextid="100" timestamp="2019-08-07T23:58:11.939" />
<mem-info id="105" free="3450816" total="10354688" percent="33">
  <mem type="tenure" free="3450816" total="10354688" percent="33" micro-fragmented="0" macro-fragmented="0">
    <mem type="soa" free="2933696" total="9837568" percent="29" />
    <mem type="loa" free="517120" total="517120" percent="100" />
  </mem>
</mem-info>
<gc-op id="106" type="compact" timems="23.465" contextid="100" timestamp="2019-08-07T23:58:11.963">
  <compact-info movecount="13287" movebytes="834408" reason="compact to aid heap contraction" />
</gc-op>
<heap-resize id="107" type="expand" space="tenure" amount="327680" count="1" timems="0.022" reason="satisfy allocation request" timestamp="2019-08-07T23:58:11.964" />
<gc-end id="108" type="global" contextid="100" durationms="45.447" usertimems="47.543" systemtimems="28.798" timestamp="2019-08-07T23:58:11.964" activeThreads="16">
  <mem-info id="109" free="3776976" total="10682368" percent="35">
    <mem type="tenure" free="3776976" total="10682368" percent="35">
      <mem type="soa" free="3243472" total="10148864" percent="31" />
      <mem type="loa" free="533504" total="533504" percent="100" />
    </mem>
  </mem-info>
</gc-end>
<cycle-end id="110" type="global" contextid="100" timestamp="2019-08-07T23:58:11.964" />
  <attribute name="elasticGC enabled" value="1" />
  <attribute name= "numThreadsSpecified" value="16" />
  <attribute name="heapSize specified" value="10354688" />
  <attribute name="Current GC Util" value="51" />
  <attribute name= "Current Time Running" value="10886" />
  <attribute name ="GC Interval" value="0" />
  <attribute name="Target GC Util Change" value ="80.000000" />
  <attribute name="Current GC Util Change" value="51.000000"/>
  <attribute name="Current Error" value="-60.000000" />
  <attribute name="Output H" value="10657128"/>
  <attribute name="Output I" value="1704"/>
  <attribute name="Output T" value="16"/>
  <attribute name= "Current Time Running" value="10886" />
  <attribute name="GC Util currently" value="51" />
  <attribute name="CPU Util currently" value="48781579232" />
<allocation-satisfied id="111" threadId="00000000020CDF00" bytesRequested="368" />
<af-end id="112" timestamp="2019-08-07T23:58:11.965" threadId="00000000020CE888" success="true" />
<exclusive-end id="113" timestamp="2019-08-07T23:58:11.965" durationms="46.019" />

<exclusive-start id="114" timestamp="2019-08-07T23:58:14.365" intervalms="2446.522">
  <response-info timems="0.353" idlems="0.353" threads="0" lastid="00000000020CDF00" lastname="node-20" />
</exclusive-start>
<af-start id="115" threadId="00000000020CE888" totalBytesRequested="24" timestamp="2019-08-07T23:58:14.365" intervalms="2446.540" />
<cycle-start id="116" type="global" contextid="0" timestamp="2019-08-07T23:58:14.365" intervalms="2446.659" />
<gc-start id="117" type="global" contextid="116" timestamp="2019-08-07T23:58:14.366">
  <mem-info id="118" free="533504" total="10682368" percent="4">
    <mem type="tenure" free="533504" total="10682368" percent="4">
      <mem type="soa" free="0" total="10148864" percent="0" />
      <mem type="loa" free="533504" total="533504" percent="100" />
    </mem>
  </mem-info>
</gc-start>
<allocation-stats totalBytes="3246008" >
  <allocated-bytes non-tlh="0" tlh="3246008" />
  <largest-consumer threadName="node-19" threadId="000000000210A100" bytes="171880" />
</allocation-stats>
<gc-op id="119" type="mark" timems="12.107" contextid="116" timestamp="2019-08-07T23:58:14.378">
  <trace-info objectcount="145604" scancount="136062" scanbytes="5323680" />
  <finalization candidates="13" enqueued="0" />
  <references type="soft" candidates="66" cleared="0" enqueued="0" dynamicThreshold="11" maxThreshold="32" />
  <references type="weak" candidates="143" cleared="0" enqueued="0" />
  <references type="phantom" candidates="57" cleared="0" enqueued="0" />
  <stringconstants candidates="3837" cleared="0"  />
</gc-op>
<gc-op id="120" type="sweep" timems="3.088" contextid="116" timestamp="2019-08-07T23:58:14.381" />
<mem-info id="121" free="3785112" total="10682368" percent="35">
  <mem type="tenure" free="3785112" total="10682368" percent="35" micro-fragmented="0" macro-fragmented="1500163">
    <mem type="soa" free="3251608" total="10148864" percent="32" />
    <mem type="loa" free="533504" total="533504" percent="100" />
  </mem>
</mem-info>
<gc-op id="122" type="compact" timems="17.554" contextid="116" timestamp="2019-08-07T23:58:14.399">
  <compact-info movecount="9595" movebytes="560032" reason="compact to aid heap contraction" />
</gc-op>
<heap-resize id="123" type="expand" space="tenure" amount="327680" count="1" timems="0.020" reason="satisfy allocation request" timestamp="2019-08-07T23:58:14.400" />
<gc-end id="124" type="global" contextid="116" durationms="34.063" usertimems="33.038" systemtimems="26.593" timestamp="2019-08-07T23:58:14.400" activeThreads="16">
  <mem-info id="125" free="4100584" total="11010048" percent="37">
    <mem type="tenure" free="4100584" total="11010048" percent="37">
      <mem type="soa" free="3550696" total="10460160" percent="33" />
      <mem type="loa" free="549888" total="549888" percent="100" />
    </mem>
  </mem-info>
</gc-end>
<cycle-end id="126" type="global" contextid="116" timestamp="2019-08-07T23:58:14.401" />
  <attribute name="elasticGC enabled" value="1" />
  <attribute name= "numThreadsSpecified" value="16" />
  <attribute name="heapSize specified" value="10682368" />
  <attribute name="Current GC Util" value="70" />
  <attribute name= "Current Time Running" value="13322" />
  <attribute name ="GC Interval" value="0" />
  <attribute name="Target GC Util Change" value ="80.000000" />
  <attribute name="Current GC Util Change" value="70.000000"/>
  <attribute name="Current Error" value="-124.000000" />
  <attribute name="Output H" value="10984512"/>
  <attribute name="Output I" value="1368"/>
  <attribute name="Output T" value="16"/>
  <attribute name= "Current Time Running" value="13322" />
  <attribute name="GC Util currently" value="70" />
  <attribute name="CPU Util currently" value="65763264420" />
<allocation-satisfied id="127" threadId="00000000020CDF00" bytesRequested="24" />
<af-end id="128" timestamp="2019-08-07T23:58:14.401" threadId="00000000020CE888" success="true" />
<exclusive-end id="129" timestamp="2019-08-07T23:58:14.401" durationms="35.745" />

<exclusive-start id="130" timestamp="2019-08-07T23:58:16.057" intervalms="1691.433">
  <response-info timems="0.023" idlems="0.023" threads="0" lastid="00000000020FE200" lastname="node-16" />
</exclusive-start>
<af-start id="131" threadId="00000000020FEB88" totalBytesRequested="376" timestamp="2019-08-07T23:58:16.057" intervalms="1691.458" />
<cycle-start id="132" type="global" contextid="0" timestamp="2019-08-07T23:58:16.057" intervalms="1691.336" />
<gc-start id="133" type="global" contextid="132" timestamp="2019-08-07T23:58:16.057">
  <mem-info id="134" free="549888" total="11010048" percent="4">
    <mem type="tenure" free="549888" total="11010048" percent="4">
      <mem type="soa" free="0" total="10460160" percent="0" />
      <mem type="loa" free="549888" total="549888" percent="100" />
    </mem>
  </mem-info>
</gc-start>
<allocation-stats totalBytes="3567184" >
  <allocated-bytes non-tlh="0" tlh="3567184" />
  <largest-consumer threadName="node-14" threadId="00000000020D5600" bytes="183944" />
</allocation-stats>
<gc-op id="135" type="mark" timems="16.126" contextid="132" timestamp="2019-08-07T23:58:16.073">
  <trace-info objectcount="145573" scancount="136052" scanbytes="5322856" />
  <finalization candidates="13" enqueued="0" />
  <references type="soft" candidates="66" cleared="0" enqueued="0" dynamicThreshold="11" maxThreshold="32" />
  <references type="weak" candidates="143" cleared="0" enqueued="0" />
  <references type="phantom" candidates="57" cleared="0" enqueued="0" />
  <stringconstants candidates="3837" cleared="0"  />
</gc-op>
<gc-op id="136" type="sweep" timems="5.378" contextid="132" timestamp="2019-08-07T23:58:16.078" />
<mem-info id="137" free="4107688" total="11010048" percent="37">
  <mem type="tenure" free="4107688" total="11010048" percent="37" micro-fragmented="0" macro-fragmented="0">
    <mem type="soa" free="3557800" total="10460160" percent="34" />
    <mem type="loa" free="549888" total="549888" percent="100" />
  </mem>
</mem-info>
<gc-op id="138" type="compact" timems="17.673" contextid="132" timestamp="2019-08-07T23:58:16.096">
  <compact-info movecount="2333" movebytes="72488" reason="compact to aid heap contraction" />
</gc-op>
<heap-resize id="139" type="expand" space="tenure" amount="327680" count="1" timems="0.022" reason="satisfy allocation request" timestamp="2019-08-07T23:58:16.097" />
<gc-end id="140" type="global" contextid="132" durationms="40.570" usertimems="36.179" systemtimems="28.270" timestamp="2019-08-07T23:58:16.097" activeThreads="16">
  <mem-info id="141" free="4422528" total="11337728" percent="39">
    <mem type="tenure" free="4422528" total="11337728" percent="39">
      <mem type="soa" free="3856256" total="10771456" percent="35" />
      <mem type="loa" free="566272" total="566272" percent="100" />
    </mem>
  </mem-info>
</gc-end>
<cycle-end id="142" type="global" contextid="132" timestamp="2019-08-07T23:58:16.098" />
  <attribute name="elasticGC enabled" value="1" />
  <attribute name= "numThreadsSpecified" value="16" />
  <attribute name="heapSize specified" value="11010048" />
  <attribute name="Current GC Util" value="83" />
  <attribute name= "Current Time Running" value="15019" />
  <attribute name ="GC Interval" value="0" />
  <attribute name="Target GC Util Change" value ="80.000000" />
  <attribute name="Current GC Util Change" value="83.000000"/>
  <attribute name="Current Error" value="-3.000000" />
  <attribute name="Output H" value="11312752"/>
  <attribute name="Output I" value="2000"/>
  <attribute name="Output T" value="16"/>
  <attribute name= "Current Time Running" value="15019" />
  <attribute name="GC Util currently" value="83" />
  <attribute name="CPU Util currently" value="65122035963" />
<allocation-satisfied id="143" threadId="00000000020FE200" bytesRequested="376" />
<af-end id="144" timestamp="2019-08-07T23:58:16.098" threadId="00000000020FEB88" success="true" />
<exclusive-end id="145" timestamp="2019-08-07T23:58:16.098" durationms="41.150" />

<exclusive-start id="146" timestamp="2019-08-07T23:58:17.699" intervalms="1642.164">
  <response-info timems="0.029" idlems="0.029" threads="0" lastid="00000000020EFA00" lastname="node-13" />
</exclusive-start>
<af-start id="147" threadId="00000000020F0388" totalBytesRequested="432" timestamp="2019-08-07T23:58:17.699" intervalms="1642.462" />
<cycle-start id="148" type="global" contextid="0" timestamp="2019-08-07T23:58:17.699" intervalms="1642.489" />
<gc-start id="149" type="global" contextid="148" timestamp="2019-08-07T23:58:17.699">
  <mem-info id="150" free="566272" total="11337728" percent="4">
    <mem type="tenure" free="566272" total="11337728" percent="4">
      <mem type="soa" free="0" total="10771456" percent="0" />
      <mem type="loa" free="566272" total="566272" percent="100" />
    </mem>
  </mem-info>
</gc-start>
<allocation-stats totalBytes="3870768" >
  <allocated-bytes non-tlh="0" tlh="3870768" />
  <largest-consumer threadName="node-9" threadId="00000000020F3600" bytes="208864" />
</allocation-stats>
<gc-op id="151" type="mark" timems="6.214" contextid="148" timestamp="2019-08-07T23:58:17.705">
  <trace-info objectcount="145532" scancount="136010" scanbytes="5322096" />
  <finalization candidates="13" enqueued="0" />
  <references type="soft" candidates="66" cleared="0" enqueued="0" dynamicThreshold="12" maxThreshold="32" />
  <references type="weak" candidates="143" cleared="0" enqueued="0" />
  <references type="phantom" candidates="57" cleared="0" enqueued="0" />
  <stringconstants candidates="3837" cleared="0"  />
</gc-op>
<gc-op id="152" type="sweep" timems="1.027" contextid="148" timestamp="2019-08-07T23:58:17.707" />
<mem-info id="153" free="4435920" total="11337728" percent="39">
  <mem type="tenure" free="4435920" total="11337728" percent="39" micro-fragmented="0" macro-fragmented="0">
    <mem type="soa" free="3869648" total="10771456" percent="35" />
    <mem type="loa" free="566272" total="566272" percent="100" />
  </mem>
</mem-info>
<gc-op id="154" type="compact" timems="13.634" contextid="148" timestamp="2019-08-07T23:58:17.720">
  <compact-info movecount="2104" movebytes="57120" reason="compact to aid heap contraction" />
</gc-op>
<heap-resize id="155" type="expand" space="tenure" amount="327680" count="1" timems="0.026" reason="satisfy allocation request" timestamp="2019-08-07T23:58:17.721" />
<gc-end id="156" type="global" contextid="148" durationms="22.118" usertimems="30.155" systemtimems="12.322" timestamp="2019-08-07T23:58:17.721" activeThreads="16">
  <mem-info id="157" free="4749376" total="11665408" percent="40">
    <mem type="tenure" free="4749376" total="11665408" percent="40">
      <mem type="soa" free="4166720" total="11082752" percent="37" />
      <mem type="loa" free="582656" total="582656" percent="100" />
    </mem>
  </mem-info>
</gc-end>
<cycle-end id="158" type="global" contextid="148" timestamp="2019-08-07T23:58:17.722" />
  <attribute name="elasticGC enabled" value="1" />
  <attribute name= "numThreadsSpecified" value="16" />
  <attribute name="heapSize specified" value="11337728" />
  <attribute name="Current GC Util" value="57" />
  <attribute name= "Current Time Running" value="16643" />
  <attribute name ="GC Interval" value="0" />
  <attribute name="Target GC Util Change" value ="80.000000" />
  <attribute name="Current GC Util Change" value="57.000000"/>
  <attribute name="Current Error" value="-126.000000" />
  <attribute name="Output H" value="11639864"/>
  <attribute name="Output I" value="1360"/>
  <attribute name="Output T" value="16"/>
  <attribute name= "Current Time Running" value="16643" />
  <attribute name="GC Util currently" value="57" />
  <attribute name="CPU Util currently" value="84234200254" />
<allocation-satisfied id="159" threadId="00000000020EFA00" bytesRequested="432" />
<af-end id="160" timestamp="2019-08-07T23:58:17.722" threadId="00000000020F0388" success="true" />
<exclusive-end id="161" timestamp="2019-08-07T23:58:17.722" durationms="22.851" />

<exclusive-start id="162" timestamp="2019-08-07T23:58:19.565" intervalms="1866.717">
  <response-info timems="1.053" idlems="0.566" threads="1" lastid="00000000020F3600" lastname="node-9" />
</exclusive-start>
<af-start id="163" threadId="00000000020DD788" totalBytesRequested="16" timestamp="2019-08-07T23:58:19.566" intervalms="1866.424" />
<cycle-start id="164" type="global" contextid="0" timestamp="2019-08-07T23:58:19.566" intervalms="1866.398" />
<gc-start id="165" type="global" contextid="164" timestamp="2019-08-07T23:58:19.566">
  <mem-info id="166" free="582656" total="11665408" percent="4">
    <mem type="tenure" free="582656" total="11665408" percent="4">
      <mem type="soa" free="0" total="11082752" percent="0" />
      <mem type="loa" free="582656" total="582656" percent="100" />
    </mem>
  </mem-info>
</gc-start>
<allocation-stats totalBytes="4188392" >
  <allocated-bytes non-tlh="0" tlh="4188392" />
  <largest-consumer threadName="node-9" threadId="00000000020F3600" bytes="208872" />
</allocation-stats>
<gc-op id="167" type="mark" timems="8.724" contextid="164" timestamp="2019-08-07T23:58:19.575">
  <trace-info objectcount="145504" scancount="135965" scanbytes="5320912" />
  <finalization candidates="13" enqueued="0" />
  <references type="soft" candidates="66" cleared="0" enqueued="0" dynamicThreshold="13" maxThreshold="32" />
  <references type="weak" candidates="143" cleared="0" enqueued="0" />
  <references type="phantom" candidates="57" cleared="0" enqueued="0" />
  <stringconstants candidates="3837" cleared="0"  />
</gc-op>
<gc-op id="168" type="sweep" timems="1.840" contextid="164" timestamp="2019-08-07T23:58:19.577" />
<mem-info id="169" free="4766072" total="11665408" percent="40">
  <mem type="tenure" free="4766072" total="11665408" percent="40" micro-fragmented="0" macro-fragmented="0">
    <mem type="soa" free="4183416" total="11082752" percent="37" />
    <mem type="loa" free="582656" total="582656" percent="100" />
  </mem>
</mem-info>
<gc-op id="170" type="compact" timems="17.280" contextid="164" timestamp="2019-08-07T23:58:19.594">
  <compact-info movecount="2045" movebytes="58232" reason="compact to aid heap contraction" />
</gc-op>
<heap-resize id="171" type="expand" space="tenure" amount="327680" count="1" timems="0.021" reason="satisfy allocation request" timestamp="2019-08-07T23:58:19.595" />
<gc-end id="172" type="global" contextid="164" durationms="29.656" usertimems="29.637" systemtimems="24.896" timestamp="2019-08-07T23:58:19.595" activeThreads="16">
  <mem-info id="173" free="5074848" total="11993088" percent="42">
    <mem type="tenure" free="5074848" total="11993088" percent="42">
      <mem type="soa" free="4475808" total="11394048" percent="39" />
      <mem type="loa" free="599040" total="599040" percent="100" />
    </mem>
  </mem-info>
</gc-end>
<cycle-end id="174" type="global" contextid="164" timestamp="2019-08-07T23:58:19.596" />
  <attribute name="elasticGC enabled" value="1" />
  <attribute name= "numThreadsSpecified" value="16" />
  <attribute name="heapSize specified" value="11665408" />
  <attribute name="Current GC Util" value="69" />
  <attribute name= "Current Time Running" value="18517" />
  <attribute name ="GC Interval" value="0" />
  <attribute name="Target GC Util Change" value ="80.000000" />
  <attribute name="Current GC Util Change" value="69.000000"/>
  <attribute name="Current Error" value="-131.000000" />
  <attribute name="Output H" value="11967520"/>
  <attribute name="Output I" value="1328"/>
  <attribute name="Output T" value="16"/>
  <attribute name= "Current Time Running" value="18517" />
  <attribute name="GC Util currently" value="69" />
  <attribute name="CPU Util currently" value="66629824215" />
<allocation-satisfied id="175" threadId="00000000020DCE00" bytesRequested="16" />
<af-end id="176" timestamp="2019-08-07T23:58:19.596" threadId="00000000020DD788" success="true" />
<exclusive-end id="177" timestamp="2019-08-07T23:58:19.596" durationms="30.437" />

<exclusive-start id="178" timestamp="2019-08-07T23:58:21.544" intervalms="1978.946">
  <response-info timems="0.293" idlems="0.293" threads="0" lastid="00000000020CDF00" lastname="node-20" />
</exclusive-start>
<af-start id="179" threadId="00000000020CE888" totalBytesRequested="24" timestamp="2019-08-07T23:58:21.545" intervalms="1979.013" />
<cycle-start id="180" type="global" contextid="0" timestamp="2019-08-07T23:58:21.545" intervalms="1979.010" />
<gc-start id="181" type="global" contextid="180" timestamp="2019-08-07T23:58:21.545">
  <mem-info id="182" free="599040" total="11993088" percent="4">
    <mem type="tenure" free="599040" total="11993088" percent="4">
      <mem type="soa" free="0" total="11394048" percent="0" />
      <mem type="loa" free="599040" total="599040" percent="100" />
    </mem>
  </mem-info>
</gc-start>
<allocation-stats totalBytes="4497232" >
  <allocated-bytes non-tlh="0" tlh="4497232" />
  <largest-consumer threadName="node-21" threadId="00000000020CA300" bytes="208880" />
</allocation-stats>
<gc-op id="183" type="mark" timems="8.823" contextid="180" timestamp="2019-08-07T23:58:21.554">
  <trace-info objectcount="145457" scancount="135915" scanbytes="5320112" />
  <finalization candidates="13" enqueued="0" />
  <references type="soft" candidates="66" cleared="0" enqueued="0" dynamicThreshold="13" maxThreshold="32" />
  <references type="weak" candidates="143" cleared="0" enqueued="0" />
  <references type="phantom" candidates="57" cleared="0" enqueued="0" />
  <stringconstants candidates="3837" cleared="0"  />
</gc-op>
<gc-op id="184" type="sweep" timems="3.417" contextid="180" timestamp="2019-08-07T23:58:21.557" />
<mem-info id="185" free="5086504" total="11993088" percent="42">
  <mem type="tenure" free="5086504" total="11993088" percent="42" micro-fragmented="0" macro-fragmented="0">
    <mem type="soa" free="4487464" total="11394048" percent="39" />
    <mem type="loa" free="599040" total="599040" percent="100" />
  </mem>
</mem-info>
<gc-op id="186" type="compact" timems="13.089" contextid="180" timestamp="2019-08-07T23:58:21.570">
  <compact-info movecount="1998" movebytes="49984" reason="compact to aid heap contraction" />
</gc-op>
<heap-resize id="187" type="expand" space="tenure" amount="327680" count="1" timems="0.023" reason="satisfy allocation request" timestamp="2019-08-07T23:58:21.571" />
<gc-end id="188" type="global" contextid="180" durationms="26.372" usertimems="30.798" systemtimems="26.967" timestamp="2019-08-07T23:58:21.571" activeThreads="16">
  <mem-info id="189" free="5410776" total="12320768" percent="43">
    <mem type="tenure" free="5410776" total="12320768" percent="43">
      <mem type="soa" free="4795352" total="11705344" percent="40" />
      <mem type="loa" free="615424" total="615424" percent="100" />
    </mem>
  </mem-info>
</gc-end>
<cycle-end id="190" type="global" contextid="180" timestamp="2019-08-07T23:58:21.571" />
  <attribute name="elasticGC enabled" value="1" />
  <attribute name= "numThreadsSpecified" value="16" />
  <attribute name="heapSize specified" value="11993088" />
  <attribute name="Current GC Util" value="76" />
  <attribute name= "Current Time Running" value="20493" />
  <attribute name ="GC Interval" value="0" />
  <attribute name="Target GC Util Change" value ="80.000000" />
  <attribute name="Current GC Util Change" value="76.000000"/>
  <attribute name="Current Error" value="4.000000" />
  <attribute name="Output H" value="12295824"/>
  <attribute name="Output I" value="2032"/>
  <attribute name="Output T" value="16"/>
  <attribute name= "Current Time Running" value="20493" />
  <attribute name="GC Util currently" value="76" />
  <attribute name="CPU Util currently" value="87806114296" />
<allocation-satisfied id="191" threadId="00000000020CDF00" bytesRequested="24" />
<af-end id="192" timestamp="2019-08-07T23:58:21.571" threadId="00000000020CE888" success="true" />
<exclusive-end id="193" timestamp="2019-08-07T23:58:21.571" durationms="26.690" />

<exclusive-start id="194" timestamp="2019-08-07T23:58:23.587" intervalms="2042.633">
  <response-info timems="0.027" idlems="0.027" threads="0" lastid="00000000020F3600" lastname="node-9" />
</exclusive-start>
<af-start id="195" threadId="00000000020F3F88" totalBytesRequested="32" timestamp="2019-08-07T23:58:23.587" intervalms="2042.563" />
<cycle-start id="196" type="global" contextid="0" timestamp="2019-08-07T23:58:23.587" intervalms="2042.557" />
<gc-start id="197" type="global" contextid="196" timestamp="2019-08-07T23:58:23.587">
  <mem-info id="198" free="615424" total="12320768" percent="4">
    <mem type="tenure" free="615424" total="12320768" percent="4">
      <mem type="soa" free="0" total="11705344" percent="0" />
      <mem type="loa" free="615424" total="615424" percent="100" />
    </mem>
  </mem-info>
</gc-start>
<allocation-stats totalBytes="4814776" >
  <allocated-bytes non-tlh="0" tlh="4814776" />
  <largest-consumer threadName="node-8" threadId="00000000020E0A00" bytes="224104" />
</allocation-stats>
<gc-op id="199" type="mark" timems="14.134" contextid="196" timestamp="2019-08-07T23:58:23.601">
  <trace-info objectcount="145408" scancount="135879" scanbytes="5318880" />
  <finalization candidates="13" enqueued="0" />
  <references type="soft" candidates="66" cleared="0" enqueued="0" dynamicThreshold="14" maxThreshold="32" />
  <references type="weak" candidates="143" cleared="0" enqueued="0" />
  <references type="phantom" candidates="57" cleared="0" enqueued="0" />
  <stringconstants candidates="3837" cleared="0"  />
</gc-op>
<gc-op id="200" type="sweep" timems="1.750" contextid="196" timestamp="2019-08-07T23:58:23.603" />
<mem-info id="201" free="5433752" total="12320768" percent="44">
  <mem type="tenure" free="5433752" total="12320768" percent="44" micro-fragmented="0" macro-fragmented="0">
    <mem type="soa" free="4818328" total="11705344" percent="41" />
    <mem type="loa" free="615424" total="615424" percent="100" />
  </mem>
</mem-info>
<gc-op id="202" type="compact" timems="21.171" contextid="196" timestamp="2019-08-07T23:58:23.625">
  <compact-info movecount="1949" movebytes="48752" reason="compact to aid heap contraction" />
</gc-op>
<heap-resize id="203" type="expand" space="tenure" amount="327680" count="1" timems="0.033" reason="satisfy allocation request" timestamp="2019-08-07T23:58:23.627" />
<gc-end id="204" type="global" contextid="196" durationms="39.623" usertimems="35.482" systemtimems="30.852" timestamp="2019-08-07T23:58:23.627" activeThreads="16">
  <mem-info id="205" free="5739688" total="12648448" percent="45">
    <mem type="tenure" free="5739688" total="12648448" percent="45">
      <mem type="soa" free="5107880" total="12016640" percent="42" />
      <mem type="loa" free="631808" total="631808" percent="100" />
    </mem>
  </mem-info>
</gc-end>
<cycle-end id="206" type="global" contextid="196" timestamp="2019-08-07T23:58:23.627" />
  <attribute name="elasticGC enabled" value="1" />
  <attribute name= "numThreadsSpecified" value="16" />
  <attribute name="heapSize specified" value="12320768" />
  <attribute name="Current GC Util" value="119" />
  <attribute name= "Current Time Running" value="22548" />
  <attribute name ="GC Interval" value="0" />
  <attribute name="Target GC Util Change" value ="80.000000" />
  <attribute name="Current GC Util Change" value="119.000000"/>
  <attribute name="Current Error" value="-94.000000" />
  <attribute name="Output H" value="12623048"/>
  <attribute name="Output I" value="1520"/>
  <attribute name="Output T" value="16"/>
  <attribute name= "Current Time Running" value="22548" />
  <attribute name="GC Util currently" value="119" />
  <attribute name="CPU Util currently" value="54282697368" />
<allocation-satisfied id="207" threadId="00000000020F3600" bytesRequested="32" />
<af-end id="208" timestamp="2019-08-07T23:58:23.627" threadId="00000000020F3F88" success="true" />
<exclusive-end id="209" timestamp="2019-08-07T23:58:23.627" durationms="39.944" />

<exclusive-start id="210" timestamp="2019-08-07T23:58:26.040" intervalms="2452.924">
  <response-info timems="0.718" idlems="0.718" threads="0" lastid="00000000020DCE00" lastname="node-11" />
</exclusive-start>
<af-start id="211" threadId="00000000020DD788" totalBytesRequested="24" timestamp="2019-08-07T23:58:26.040" intervalms="2452.898" />
<cycle-start id="212" type="global" contextid="0" timestamp="2019-08-07T23:58:26.040" intervalms="2452.898" />
<gc-start id="213" type="global" contextid="212" timestamp="2019-08-07T23:58:26.040">
  <mem-info id="214" free="631808" total="12648448" percent="4">
    <mem type="tenure" free="631808" total="12648448" percent="4">
      <mem type="soa" free="0" total="12016640" percent="0" />
      <mem type="loa" free="631808" total="631808" percent="100" />
    </mem>
  </mem-info>
</gc-start>
<allocation-stats totalBytes="5126880" >
  <allocated-bytes non-tlh="0" tlh="5126880" />
  <largest-consumer threadName="node-13" threadId="00000000020EFA00" bytes="258024" />
</allocation-stats>
<gc-op id="215" type="mark" timems="12.391" contextid="212" timestamp="2019-08-07T23:58:26.053">
  <trace-info objectcount="145359" scancount="135842" scanbytes="5317704" />
  <finalization candidates="13" enqueued="0" />
  <references type="soft" candidates="66" cleared="0" enqueued="0" dynamicThreshold="14" maxThreshold="32" />
  <references type="weak" candidates="143" cleared="0" enqueued="0" />
  <references type="phantom" candidates="57" cleared="0" enqueued="0" />
  <stringconstants candidates="3837" cleared="0"  />
</gc-op>
<gc-op id="216" type="sweep" timems="3.034" contextid="212" timestamp="2019-08-07T23:58:26.056" />
<mem-info id="217" free="5763112" total="12648448" percent="45">
  <mem type="tenure" free="5763112" total="12648448" percent="45" micro-fragmented="0" macro-fragmented="0">
    <mem type="soa" free="5131304" total="12016640" percent="42" />
    <mem type="loa" free="631808" total="631808" percent="100" />
  </mem>
</mem-info>
<gc-op id="218" type="compact" timems="13.991" contextid="212" timestamp="2019-08-07T23:58:26.070">
  <compact-info movecount="1900" movebytes="47576" reason="compact to aid heap contraction" />
</gc-op>
<heap-resize id="219" type="expand" space="tenure" amount="327680" count="1" timems="0.017" reason="satisfy allocation request" timestamp="2019-08-07T23:58:26.071" />
<gc-end id="220" type="global" contextid="212" durationms="30.479" usertimems="28.928" systemtimems="27.236" timestamp="2019-08-07T23:58:26.071" activeThreads="16">
  <mem-info id="221" free="6068544" total="12976128" percent="46">
    <mem type="tenure" free="6068544" total="12976128" percent="46">
      <mem type="soa" free="5420352" total="12327936" percent="43" />
      <mem type="loa" free="648192" total="648192" percent="100" />
    </mem>
  </mem-info>
</gc-end>
<cycle-end id="222" type="global" contextid="212" timestamp="2019-08-07T23:58:26.071" />
  <attribute name="elasticGC enabled" value="1" />
  <attribute name= "numThreadsSpecified" value="16" />
  <attribute name="heapSize specified" value="12648448" />
  <attribute name="Current GC Util" value="81" />
  <attribute name= "Current Time Running" value="24993" />
  <attribute name ="GC Interval" value="0" />
  <attribute name="Target GC Util Change" value ="80.000000" />
  <attribute name="Current GC Util Change" value="81.000000"/>
  <attribute name="Current Error" value="-127.000000" />
  <attribute name="Output H" value="12950576"/>
  <attribute name="Output I" value="1352"/>
  <attribute name="Output T" value="16"/>
  <attribute name= "Current Time Running" value="24993" />
  <attribute name="GC Util currently" value="81" />
  <attribute name="CPU Util currently" value="82270276167" />
<allocation-satisfied id="223" threadId="00000000020DCE00" bytesRequested="24" />
<af-end id="224" timestamp="2019-08-07T23:58:26.071" threadId="00000000020DD788" success="true" />
<exclusive-end id="225" timestamp="2019-08-07T23:58:26.071" durationms="30.679" />

<exclusive-start id="226" timestamp="2019-08-07T23:58:28.649" intervalms="2609.144">
  <response-info timems="0.850" idlems="0.850" threads="0" lastid="00000000020C2B00" lastname="node-1" />
</exclusive-start>
<af-start id="227" threadId="00000000020C3488" totalBytesRequested="368" timestamp="2019-08-07T23:58:28.649" intervalms="2609.147" />
<cycle-start id="228" type="global" contextid="0" timestamp="2019-08-07T23:58:28.649" intervalms="2609.155" />
<gc-start id="229" type="global" contextid="228" timestamp="2019-08-07T23:58:28.649">
  <mem-info id="230" free="648192" total="12976128" percent="4">
    <mem type="tenure" free="648192" total="12976128" percent="4">
      <mem type="soa" free="0" total="12327936" percent="0" />
      <mem type="loa" free="648192" total="648192" percent="100" />
    </mem>
  </mem-info>
</gc-start>
<allocation-stats totalBytes="5439328" >
  <allocated-bytes non-tlh="0" tlh="5439328" />
  <largest-consumer threadName="node-24" threadId="0000000002106500" bytes="259360" />
</allocation-stats>
<gc-op id="231" type="mark" timems="6.866" contextid="228" timestamp="2019-08-07T23:58:28.656">
  <trace-info objectcount="145253" scancount="135765" scanbytes="5314540" />
  <finalization candidates="13" enqueued="0" />
  <references type="soft" candidates="66" cleared="20" enqueued="16" dynamicThreshold="14" maxThreshold="32" />
  <references type="weak" candidates="143" cleared="0" enqueued="0" />
  <references type="phantom" candidates="57" cleared="0" enqueued="0" />
  <stringconstants candidates="3837" cleared="0"  />
</gc-op>
<gc-op id="232" type="sweep" timems="2.124" contextid="228" timestamp="2019-08-07T23:58:28.658" />
<mem-info id="233" free="6086040" total="12976128" percent="46">
  <mem type="tenure" free="6086040" total="12976128" percent="46" micro-fragmented="14617" macro-fragmented="0">
    <mem type="soa" free="5437848" total="12327936" percent="44" />
    <mem type="loa" free="648192" total="648192" percent="100" />
  </mem>
  <pending-finalizers system="0" default="0" reference="16" classloader="0" />
</mem-info>
<gc-op id="234" type="compact" timems="85.146" contextid="228" timestamp="2019-08-07T23:58:28.744">
  <compact-info movecount="137803" movebytes="6555816" reason="compact to aid heap contraction" />
</gc-op>
<heap-resize id="235" type="expand" space="tenure" amount="327680" count="1" timems="0.018" reason="satisfy allocation request" timestamp="2019-08-07T23:58:28.744" />
<gc-end id="236" type="global" contextid="228" durationms="95.027" usertimems="112.254" systemtimems="7.828" timestamp="2019-08-07T23:58:28.744" activeThreads="16">
  <mem-info id="237" free="6395768" total="13303808" percent="48">
    <mem type="tenure" free="6395768" total="13303808" percent="48">
      <mem type="soa" free="5731192" total="12639232" percent="45" />
      <mem type="loa" free="664576" total="664576" percent="100" />
    </mem>
    <pending-finalizers system="0" default="0" reference="16" classloader="0" />
  </mem-info>
</gc-end>
<cycle-end id="238" type="global" contextid="228" timestamp="2019-08-07T23:58:28.744" />
  <attribute name="elasticGC enabled" value="1" />
  <attribute name= "numThreadsSpecified" value="16" />
  <attribute name="heapSize specified" value="12976128" />
  <attribute name="Current GC Util" value="19" />
  <attribute name= "Current Time Running" value="27667" />
  <attribute name ="GC Interval" value="0" />
  <attribute name="Target GC Util Change" value ="80.000000" />
  <attribute name="Current GC Util Change" value="19.000000"/>
  <attribute name="Current Error" value="61.000000" />
  <attribute name="Output H" value="13279128"/>
  <attribute name="Output I" value="2328"/>
  <attribute name="Output T" value="16"/>
  <attribute name= "Current Time Running" value="27667" />
  <attribute name="GC Util currently" value="19" />
  <attribute name="CPU Util currently" value="13530868284" />
<allocation-satisfied id="239" threadId="00000000020C2B00" bytesRequested="368" />
<af-end id="240" timestamp="2019-08-07T23:58:28.744" threadId="00000000020C3488" success="true" />
<exclusive-end id="241" timestamp="2019-08-07T23:58:28.744" durationms="95.246" />

<exclusive-start id="242" timestamp="2019-08-07T23:58:31.432" intervalms="2782.766">
  <response-info timems="0.256" idlems="0.256" threads="0" lastid="00000000020FE200" lastname="node-16" />
</exclusive-start>
<af-start id="243" threadId="00000000020FEB88" totalBytesRequested="16" timestamp="2019-08-07T23:58:31.432" intervalms="2782.738" />
<cycle-start id="244" type="global" contextid="0" timestamp="2019-08-07T23:58:31.432" intervalms="2782.733" />
<gc-start id="245" type="global" contextid="244" timestamp="2019-08-07T23:58:31.432">
  <mem-info id="246" free="664576" total="13303808" percent="4">
    <mem type="tenure" free="664576" total="13303808" percent="4">
      <mem type="soa" free="0" total="12639232" percent="0" />
      <mem type="loa" free="664576" total="664576" percent="100" />
    </mem>
  </mem-info>
</gc-start>
<allocation-stats totalBytes="5750312" >
  <allocated-bytes non-tlh="0" tlh="5750312" />
  <largest-consumer threadName="node-8" threadId="00000000020E0A00" bytes="286664" />
</allocation-stats>
<heap-resize id="247" type="loa contract" space="tenure" amount="133120" count="1" timems="0.000" reason="contract underutilized loa" timestamp="2019-08-07T23:58:31.432" />
<gc-op id="248" type="mark" timems="7.662" contextid="244" timestamp="2019-08-07T23:58:31.440">
  <trace-info objectcount="145120" scancount="135577" scanbytes="5310472" />
  <finalization candidates="13" enqueued="0" />
  <references type="soft" candidates="46" cleared="0" enqueued="0" dynamicThreshold="15" maxThreshold="32" />
  <references type="weak" candidates="143" cleared="0" enqueued="0" />
  <references type="phantom" candidates="57" cleared="0" enqueued="0" />
  <stringconstants candidates="3837" cleared="0"  />
</gc-op>
<gc-op id="249" type="sweep" timems="8.830" contextid="244" timestamp="2019-08-07T23:58:31.449" />
<mem-info id="250" free="6410368" total="13303808" percent="48">
  <mem type="tenure" free="6410368" total="13303808" percent="48" micro-fragmented="0" macro-fragmented="0">
    <mem type="soa" free="5878912" total="12772352" percent="46" />
    <mem type="loa" free="531456" total="531456" percent="100" />
  </mem>
</mem-info>
<gc-op id="251" type="compact" timems="87.286" contextid="244" timestamp="2019-08-07T23:58:31.536">
  <compact-info movecount="132675" movebytes="6365528" reason="compact to aid heap contraction" />
</gc-op>
<heap-resize id="252" type="expand" space="tenure" amount="327680" count="1" timems="0.023" reason="satisfy allocation request" timestamp="2019-08-07T23:58:31.537" />
<gc-end id="253" type="global" contextid="244" durationms="104.964" usertimems="124.470" systemtimems="8.939" timestamp="2019-08-07T23:58:31.537" activeThreads="16">
  <mem-info id="254" free="6723096" total="13631488" percent="49">
    <mem type="tenure" free="6723096" total="13631488" percent="49">
      <mem type="soa" free="6178328" total="13086720" percent="47" />
      <mem type="loa" free="544768" total="544768" percent="100" />
    </mem>
  </mem-info>
</gc-end>
<cycle-end id="255" type="global" contextid="244" timestamp="2019-08-07T23:58:31.537" />
  <attribute name="elasticGC enabled" value="1" />
  <attribute name= "numThreadsSpecified" value="16" />
  <attribute name="heapSize specified" value="13303808" />
  <attribute name="Current GC Util" value="27" />
  <attribute name= "Current Time Running" value="30459" />
  <attribute name ="GC Interval" value="0" />
  <attribute name="Target GC Util Change" value ="80.000000" />
  <attribute name="Current GC Util Change" value="27.000000"/>
  <attribute name="Current Error" value="-10.000000" />
  <attribute name="Output H" value="13606480"/>
  <attribute name="Output I" value="1960"/>
  <attribute name="Output T" value="16"/>
  <attribute name= "Current Time Running" value="30459" />
  <attribute name="GC Util currently" value="27" />
  <attribute name="CPU Util currently" value="13203535384" />
<allocation-satisfied id="256" threadId="00000000020FE200" bytesRequested="16" />
<af-end id="257" timestamp="2019-08-07T23:58:31.537" threadId="00000000020FEB88" success="true" />
<exclusive-end id="258" timestamp="2019-08-07T23:58:31.537" durationms="105.213" />

<exclusive-start id="259" timestamp="2019-08-07T23:58:34.373" intervalms="2941.290">
  <response-info timems="0.021" idlems="0.021" threads="0" lastid="00000000020C2B00" lastname="node-1" />
</exclusive-start>
<af-start id="260" threadId="00000000020C3488" totalBytesRequested="376" timestamp="2019-08-07T23:58:34.373" intervalms="2941.299" />
<cycle-start id="261" type="global" contextid="0" timestamp="2019-08-07T23:58:34.373" intervalms="2941.294" />
<gc-start id="262" type="global" contextid="261" timestamp="2019-08-07T23:58:34.373">
  <mem-info id="263" free="544768" total="13631488" percent="3">
    <mem type="tenure" free="544768" total="13631488" percent="3">
      <mem type="soa" free="0" total="13086720" percent="0" />
      <mem type="loa" free="544768" total="544768" percent="100" />
    </mem>
  </mem-info>
</gc-start>
<allocation-stats totalBytes="6199032" >
  <allocated-bytes non-tlh="0" tlh="6199032" />
  <largest-consumer threadName="node-24" threadId="0000000002106500" bytes="286712" />
</allocation-stats>
<heap-resize id="264" type="loa contract" space="tenure" amount="136192" count="1" timems="0.000" reason="contract underutilized loa" timestamp="2019-08-07T23:58:34.373" />
<gc-op id="265" type="mark" timems="8.388" contextid="261" timestamp="2019-08-07T23:58:34.382">
  <trace-info objectcount="145080" scancount="135548" scanbytes="5309464" />
  <finalization candidates="13" enqueued="0" />
  <references type="soft" candidates="46" cleared="0" enqueued="0" dynamicThreshold="15" maxThreshold="32" />
  <references type="weak" candidates="143" cleared="0" enqueued="0" />
  <references type="phantom" candidates="57" cleared="0" enqueued="0" />
  <stringconstants candidates="3837" cleared="0"  />
</gc-op>
<gc-op id="266" type="sweep" timems="1.347" contextid="261" timestamp="2019-08-07T23:58:34.383" />
<mem-info id="267" free="6735920" total="13631488" percent="49">
  <mem type="tenure" free="6735920" total="13631488" percent="49" micro-fragmented="0" macro-fragmented="2592282">
    <mem type="soa" free="6327344" total="13222912" percent="47" />
    <mem type="loa" free="408576" total="408576" percent="100" />
  </mem>
</mem-info>
<gc-op id="268" type="compact" timems="13.256" contextid="261" timestamp="2019-08-07T23:58:34.396">
  <compact-info movecount="1767" movebytes="54840" reason="compact to aid heap contraction" />
</gc-op>
<heap-resize id="269" type="expand" space="tenure" amount="327680" count="1" timems="0.018" reason="satisfy allocation request" timestamp="2019-08-07T23:58:34.398" />
<gc-end id="270" type="global" contextid="261" durationms="24.849" usertimems="30.056" systemtimems="18.355" timestamp="2019-08-07T23:58:34.398" activeThreads="16">
  <mem-info id="271" free="7045440" total="13959168" percent="50">
    <mem type="tenure" free="7045440" total="13959168" percent="50">
      <mem type="soa" free="6627648" total="13541376" percent="48" />
      <mem type="loa" free="417792" total="417792" percent="100" />
    </mem>
  </mem-info>
</gc-end>
<cycle-end id="272" type="global" contextid="261" timestamp="2019-08-07T23:58:34.398" />
  <attribute name="elasticGC enabled" value="1" />
  <attribute name= "numThreadsSpecified" value="16" />
  <attribute name="heapSize specified" value="13631488" />
  <attribute name="Current GC Util" value="72" />
  <attribute name= "Current Time Running" value="33320" />
  <attribute name ="GC Interval" value="0" />
  <attribute name="Target GC Util Change" value ="80.000000" />
  <attribute name="Current GC Util Change" value="72.000000"/>
  <attribute name="Current Error" value="-160.000000" />
  <attribute name="Output H" value="13933464"/>
  <attribute name="Output I" value="1184"/>
  <attribute name="Output T" value="16"/>
  <attribute name= "Current Time Running" value="33320" />
  <attribute name="GC Util currently" value="72" />
  <attribute name="CPU Util currently" value="86210205850" />
<allocation-satisfied id="273" threadId="00000000020C2B00" bytesRequested="376" />
<af-end id="274" timestamp="2019-08-07T23:58:34.398" threadId="00000000020C3488" success="true" />
<exclusive-end id="275" timestamp="2019-08-07T23:58:34.398" durationms="25.047" />

<exclusive-start id="276" timestamp="2019-08-07T23:58:38.060" intervalms="3687.259">
  <response-info timems="0.860" idlems="0.344" threads="2" lastid="0000000002115500" lastname="node-12" />
</exclusive-start>
<af-start id="277" threadId="00000000020EC788" totalBytesRequested="368" timestamp="2019-08-07T23:58:38.061" intervalms="3687.286" />
<cycle-start id="278" type="global" contextid="0" timestamp="2019-08-07T23:58:38.061" intervalms="3687.295" />
<gc-start id="279" type="global" contextid="278" timestamp="2019-08-07T23:58:38.061">
  <mem-info id="280" free="417792" total="13959168" percent="2">
    <mem type="tenure" free="417792" total="13959168" percent="2">
      <mem type="soa" free="0" total="13541376" percent="0" />
      <mem type="loa" free="417792" total="417792" percent="100" />
    </mem>
  </mem-info>
</gc-start>
<allocation-stats totalBytes="6652904" >
  <allocated-bytes non-tlh="0" tlh="6652904" />
  <largest-consumer threadName="node-8" threadId="00000000020E0A00" bytes="343944" />
</allocation-stats>
<heap-resize id="281" type="loa contract" space="tenure" amount="139264" count="1" timems="0.000" reason="contract underutilized loa" timestamp="2019-08-07T23:58:38.061" />
<gc-op id="282" type="mark" timems="12.362" contextid="278" timestamp="2019-08-07T23:58:38.073">
  <trace-info objectcount="145013" scancount="135469" scanbytes="5307808" />
  <finalization candidates="13" enqueued="0" />
  <references type="soft" candidates="46" cleared="0" enqueued="0" dynamicThreshold="16" maxThreshold="32" />
  <references type="weak" candidates="143" cleared="0" enqueued="0" />
  <references type="phantom" candidates="57" cleared="0" enqueued="0" />
  <stringconstants candidates="3837" cleared="0"  />
</gc-op>
<gc-op id="283" type="sweep" timems="5.771" contextid="278" timestamp="2019-08-07T23:58:38.079" />
<mem-info id="284" free="7069424" total="13959168" percent="50">
  <mem type="tenure" free="7069424" total="13959168" percent="50" micro-fragmented="0" macro-fragmented="3732887">
    <mem type="soa" free="6790896" total="13680640" percent="49" />
    <mem type="loa" free="278528" total="278528" percent="100" />
  </mem>
</mem-info>
<gc-op id="285" type="compact" timems="26.093" contextid="278" timestamp="2019-08-07T23:58:38.105">
  <compact-info movecount="1699" movebytes="50744" reason="compact to aid heap contraction" />
</gc-op>
<heap-resize id="286" type="expand" space="tenure" amount="327680" count="1" timems="0.019" reason="satisfy allocation request" timestamp="2019-08-07T23:58:38.106" />
<gc-end id="287" type="global" contextid="278" durationms="45.319" usertimems="43.275" systemtimems="34.182" timestamp="2019-08-07T23:58:38.106" activeThreads="16">
  <mem-info id="288" free="7377184" total="14286848" percent="51">
    <mem type="tenure" free="7377184" total="14286848" percent="51">
      <mem type="soa" free="7091488" total="14001152" percent="50" />
      <mem type="loa" free="285696" total="285696" percent="100" />
    </mem>
  </mem-info>
</gc-end>
<cycle-end id="289" type="global" contextid="278" timestamp="2019-08-07T23:58:38.106" />
  <attribute name="elasticGC enabled" value="1" />
  <attribute name= "numThreadsSpecified" value="16" />
  <attribute name="heapSize specified" value="13959168" />
  <attribute name="Current GC Util" value="58" />
  <attribute name= "Current Time Running" value="37028" />
  <attribute name ="GC Interval" value="0" />
  <attribute name="Target GC Util Change" value ="80.000000" />
  <attribute name="Current GC Util Change" value="58.000000"/>
  <attribute name="Current Error" value="22.000000" />
  <attribute name="Output H" value="14261984"/>
  <attribute name="Output I" value="2128"/>
  <attribute name="Output T" value="16"/>
  <attribute name= "Current Time Running" value="37028" />
  <attribute name="GC Util currently" value="58" />
  <attribute name="CPU Util currently" value="44144347436" />
<allocation-satisfied id="290" threadId="00000000020EBE00" bytesRequested="368" />
<af-end id="291" timestamp="2019-08-07T23:58:38.106" threadId="00000000020EC788" success="true" />
<exclusive-end id="292" timestamp="2019-08-07T23:58:38.106" durationms="45.569" />

<exclusive-start id="293" timestamp="2019-08-07T23:58:41.125" intervalms="3064.798">
  <response-info timems="2.715" idlems="1.396" threads="1" lastid="00000000020D5600" lastname="node-14" />
</exclusive-start>
<af-start id="294" threadId="00000000020FF788" totalBytesRequested="368" timestamp="2019-08-07T23:58:41.125" intervalms="3064.823" />
<cycle-start id="295" type="global" contextid="0" timestamp="2019-08-07T23:58:41.125" intervalms="3064.816" />
<gc-start id="296" type="global" contextid="295" timestamp="2019-08-07T23:58:41.125">
  <mem-info id="297" free="285696" total="14286848" percent="1">
    <mem type="tenure" free="285696" total="14286848" percent="1">
      <mem type="soa" free="0" total="14001152" percent="0" />
      <mem type="loa" free="285696" total="285696" percent="100" />
    </mem>
  </mem-info>
</gc-start>
<allocation-stats totalBytes="7112480" >
  <allocated-bytes non-tlh="0" tlh="7112480" />
  <largest-consumer threadName="node-19" threadId="000000000210A100" bytes="343984" />
</allocation-stats>
<heap-resize id="298" type="loa contract" space="tenure" amount="143360" count="1" timems="0.000" reason="contract underutilized loa" timestamp="2019-08-07T23:58:41.125" />
<gc-op id="299" type="mark" timems="7.165" contextid="295" timestamp="2019-08-07T23:58:41.133">
  <trace-info objectcount="144951" scancount="135466" scanbytes="5306448" />
  <finalization candidates="13" enqueued="0" />
  <references type="soft" candidates="46" cleared="0" enqueued="0" dynamicThreshold="16" maxThreshold="32" />
  <references type="weak" candidates="143" cleared="0" enqueued="0" />
  <references type="phantom" candidates="57" cleared="0" enqueued="0" />
  <stringconstants candidates="3837" cleared="0"  />
</gc-op>
<gc-op id="300" type="sweep" timems="1.728" contextid="295" timestamp="2019-08-07T23:58:41.134" />
<mem-info id="301" free="7408248" total="14286848" percent="51">
  <mem type="tenure" free="7408248" total="14286848" percent="51" micro-fragmented="0" macro-fragmented="3110739">
    <mem type="soa" free="7265912" total="14144512" percent="51" />
    <mem type="loa" free="142336" total="142336" percent="100" />
  </mem>
</mem-info>
<gc-op id="302" type="compact" timems="15.822" contextid="295" timestamp="2019-08-07T23:58:41.150">
  <compact-info movecount="1637" movebytes="47592" reason="compact to aid heap contraction" />
</gc-op>
<heap-resize id="303" type="expand" space="tenure" amount="327680" count="1" timems="0.016" reason="satisfy allocation request" timestamp="2019-08-07T23:58:41.151" />
<gc-end id="304" type="global" contextid="295" durationms="25.336" usertimems="30.062" systemtimems="21.025" timestamp="2019-08-07T23:58:41.151" activeThreads="16">
  <mem-info id="305" free="7708016" total="14614528" percent="52">
    <mem type="tenure" free="7708016" total="14614528" percent="52">
      <mem type="soa" free="7562608" total="14469120" percent="52" />
      <mem type="loa" free="145408" total="145408" percent="100" />
    </mem>
  </mem-info>
</gc-end>
<cycle-end id="306" type="global" contextid="295" timestamp="2019-08-07T23:58:41.151" />
  <attribute name="elasticGC enabled" value="1" />
  <attribute name= "numThreadsSpecified" value="16" />
  <attribute name="heapSize specified" value="14286848" />
  <attribute name="Current GC Util" value="90" />
  <attribute name= "Current Time Running" value="40073" />
  <attribute name ="GC Interval" value="0" />
  <attribute name="Target GC Util Change" value ="80.000000" />
  <attribute name="Current GC Util Change" value="90.000000"/>
  <attribute name="Current Error" value="-136.000000" />
  <attribute name="Output H" value="14588936"/>
  <attribute name="Output I" value="1304"/>
  <attribute name="Output T" value="16"/>
  <attribute name= "Current Time Running" value="40073" />
  <attribute name="GC Util currently" value="90" />
  <attribute name="CPU Util currently" value="72760496349" />
<allocation-satisfied id="307" threadId="00000000020FEE00" bytesRequested="368" />
<af-end id="308" timestamp="2019-08-07T23:58:41.151" threadId="00000000020FF788" success="true" />
<exclusive-end id="309" timestamp="2019-08-07T23:58:41.151" durationms="25.603" />

<exclusive-start id="310" timestamp="2019-08-07T23:58:44.659" intervalms="3533.432">
  <response-info timems="0.337" idlems="0.281" threads="1" lastid="00000000020B7700" lastname="node-5" />
</exclusive-start>
<af-start id="311" threadId="00000000020E1388" totalBytesRequested="32" timestamp="2019-08-07T23:58:44.659" intervalms="3533.373" />
<cycle-start id="312" type="global" contextid="0" timestamp="2019-08-07T23:58:44.659" intervalms="3533.656" />
<gc-start id="313" type="global" contextid="312" timestamp="2019-08-07T23:58:44.659">
  <mem-info id="314" free="145408" total="14614528" percent="0">
    <mem type="tenure" free="145408" total="14614528" percent="0">
      <mem type="soa" free="0" total="14469120" percent="0" />
      <mem type="loa" free="145408" total="145408" percent="100" />
    </mem>
  </mem-info>
</gc-start>
<allocation-stats totalBytes="7585096" >
  <allocated-bytes non-tlh="0" tlh="7585096" />
  <largest-consumer threadName="node-7" threadId="00000000020EBE00" bytes="376672" />
</allocation-stats>
<gc-op id="315" type="mark" timems="15.832" contextid="312" timestamp="2019-08-07T23:58:44.675">
  <trace-info objectcount="144848" scancount="135316" scanbytes="5304104" />
  <finalization candidates="13" enqueued="0" />
  <references type="soft" candidates="46" cleared="1" enqueued="0" dynamicThreshold="16" maxThreshold="32" />
  <references type="weak" candidates="143" cleared="0" enqueued="0" />
  <references type="phantom" candidates="57" cleared="0" enqueued="0" />
  <stringconstants candidates="3837" cleared="0"  />
</gc-op>
<gc-op id="316" type="sweep" timems="3.306" contextid="312" timestamp="2019-08-07T23:58:44.678" />
<mem-info id="317" free="7727880" total="14614528" percent="52">
  <mem type="tenure" free="7727880" total="14614528" percent="52" micro-fragmented="0" macro-fragmented="4479464">
    <mem type="soa" free="7582472" total="14469120" percent="52" />
    <mem type="loa" free="145408" total="145408" percent="100" />
  </mem>
</mem-info>
<gc-op id="318" type="compact" timems="74.658" contextid="312" timestamp="2019-08-07T23:58:44.753">
  <compact-info movecount="128226" movebytes="6063696" reason="compact to aid heap contraction" />
</gc-op>
<heap-resize id="319" type="expand" space="tenure" amount="327680" count="1" timems="0.023" reason="satisfy allocation request" timestamp="2019-08-07T23:58:44.755" />
<gc-end id="320" type="global" contextid="312" durationms="96.395" usertimems="95.731" systemtimems="29.784" timestamp="2019-08-07T23:58:44.755" activeThreads="16">
  <mem-info id="321" free="8040504" total="14942208" percent="53">
    <mem type="tenure" free="8040504" total="14942208" percent="53">
      <mem type="soa" free="7892024" total="14793728" percent="53" />
      <mem type="loa" free="148480" total="148480" percent="100" />
    </mem>
  </mem-info>
</gc-end>
<cycle-end id="322" type="global" contextid="312" timestamp="2019-08-07T23:58:44.756" />
  <attribute name="elasticGC enabled" value="1" />
  <attribute name= "numThreadsSpecified" value="16" />
  <attribute name="heapSize specified" value="14614528" />
  <attribute name="Current GC Util" value="21" />
  <attribute name= "Current Time Running" value="43676" />
  <attribute name ="GC Interval" value="0" />
  <attribute name="Target GC Util Change" value ="80.000000" />
  <attribute name="Current GC Util Change" value="21.000000"/>
  <attribute name="Current Error" value="-68.000000" />
  <attribute name="Output H" value="14916928"/>
  <attribute name="Output I" value="1656"/>
  <attribute name="Output T" value="16"/>
  <attribute name= "Current Time Running" value="43676" />
  <attribute name="GC Util currently" value="21" />
  <attribute name="CPU Util currently" value="15435826675" />
<allocation-satisfied id="323" threadId="00000000020E0A00" bytesRequested="32" />
<af-end id="324" timestamp="2019-08-07T23:58:44.756" threadId="00000000020E1388" success="true" />
<exclusive-end id="325" timestamp="2019-08-07T23:58:44.756" durationms="96.855" />

<exclusive-start id="326" timestamp="2019-08-07T23:58:48.654" intervalms="3995.490">
  <response-info timems="0.503" idlems="0.497" threads="1" lastid="00000000020FE200" lastname="node-16" />
</exclusive-start>
<af-start id="327" threadId="000000000210AA88" totalBytesRequested="16" timestamp="2019-08-07T23:58:48.654" intervalms="3995.575" />
<cycle-start id="328" type="global" contextid="0" timestamp="2019-08-07T23:58:48.654" intervalms="3995.324" />
<gc-start id="329" type="global" contextid="328" timestamp="2019-08-07T23:58:48.655">
  <mem-info id="330" free="148480" total="14942208" percent="0">
    <mem type="tenure" free="148480" total="14942208" percent="0">
      <mem type="soa" free="0" total="14793728" percent="0" />
      <mem type="loa" free="148480" total="148480" percent="100" />
    </mem>
  </mem-info>
</gc-start>
<allocation-stats totalBytes="7913232" >
  <allocated-bytes non-tlh="0" tlh="7913232" />
  <largest-consumer threadName="node-23" threadId="00000000020FEE00" bytes="376768" />
</allocation-stats>
<gc-op id="331" type="mark" timems="16.518" contextid="328" timestamp="2019-08-07T23:58:48.671">
  <trace-info objectcount="144788" scancount="135246" scanbytes="5302440" />
  <finalization candidates="13" enqueued="0" />
  <references type="soft" candidates="45" cleared="0" enqueued="0" dynamicThreshold="17" maxThreshold="32" />
  <references type="weak" candidates="143" cleared="0" enqueued="0" />
  <references type="phantom" candidates="57" cleared="0" enqueued="0" />
  <stringconstants candidates="3837" cleared="0"  />
</gc-op>
<gc-op id="332" type="sweep" timems="6.852" contextid="328" timestamp="2019-08-07T23:58:48.678" />
<mem-info id="333" free="8050848" total="14942208" percent="53">
  <mem type="tenure" free="8050848" total="14942208" percent="53" micro-fragmented="0" macro-fragmented="4479464">
    <mem type="soa" free="7902368" total="14793728" percent="53" />
    <mem type="loa" free="148480" total="148480" percent="100" />
  </mem>
</mem-info>
<gc-op id="334" type="compact" timems="15.886" contextid="328" timestamp="2019-08-07T23:58:48.694">
  <compact-info movecount="1487" movebytes="42512" reason="compact to aid heap contraction" />
</gc-op>
<heap-resize id="335" type="expand" space="tenure" amount="327680" count="1" timems="0.020" reason="satisfy allocation request" timestamp="2019-08-07T23:58:48.696" />
<gc-end id="336" type="global" contextid="328" durationms="41.195" usertimems="39.133" systemtimems="24.662" timestamp="2019-08-07T23:58:48.696" activeThreads="16">
  <mem-info id="337" free="8364768" total="15269888" percent="54">
    <mem type="tenure" free="8364768" total="15269888" percent="54">
      <mem type="soa" free="8212192" total="15117312" percent="54" />
      <mem type="loa" free="152576" total="152576" percent="100" />
    </mem>
  </mem-info>
</gc-end>
<cycle-end id="338" type="global" contextid="328" timestamp="2019-08-07T23:58:48.696" />
  <attribute name="elasticGC enabled" value="1" />
  <attribute name= "numThreadsSpecified" value="16" />
  <attribute name="heapSize specified" value="14942208" />
  <attribute name="Current GC Util" value="72" />
  <attribute name= "Current Time Running" value="47617" />
  <attribute name ="GC Interval" value="0" />
  <attribute name="Target GC Util Change" value ="80.000000" />
  <attribute name="Current GC Util Change" value="72.000000"/>
  <attribute name="Current Error" value="8.000000" />
  <attribute name="Output H" value="15244960"/>
  <attribute name="Output I" value="2056"/>
  <attribute name="Output T" value="16"/>
  <attribute name= "Current Time Running" value="47617" />
  <attribute name="GC Util currently" value="72" />
  <attribute name="CPU Util currently" value="72252784391" />
<allocation-satisfied id="339" threadId="000000000210A100" bytesRequested="16" />
<af-end id="340" timestamp="2019-08-07T23:58:48.696" threadId="000000000210AA88" success="true" />
<exclusive-end id="341" timestamp="2019-08-07T23:58:48.696" durationms="41.829" />

<exclusive-start id="342" timestamp="2019-08-07T23:58:53.104" intervalms="4450.326">
  <response-info timems="0.116" idlems="0.116" threads="0" lastid="00000000020CDF00" lastname="node-20" />
</exclusive-start>
<af-start id="343" threadId="00000000020CE888" totalBytesRequested="24" timestamp="2019-08-07T23:58:53.105" intervalms="4450.438" />
<cycle-start id="344" type="global" contextid="0" timestamp="2019-08-07T23:58:53.105" intervalms="4450.697" />
<gc-start id="345" type="global" contextid="344" timestamp="2019-08-07T23:58:53.105">
  <mem-info id="346" free="152576" total="15269888" percent="0">
    <mem type="tenure" free="152576" total="15269888" percent="0">
      <mem type="soa" free="0" total="15117312" percent="0" />
      <mem type="loa" free="152576" total="152576" percent="100" />
    </mem>
  </mem-info>
</gc-start>
<allocation-stats totalBytes="8236696" >
  <allocated-bytes non-tlh="0" tlh="8236696" />
  <largest-consumer threadName="node-7" threadId="00000000020EBE00" bytes="376808" />
</allocation-stats>
<gc-op id="347" type="mark" timems="13.402" contextid="344" timestamp="2019-08-07T23:58:53.119">
  <trace-info objectcount="144698" scancount="135171" scanbytes="5300504" />
  <finalization candidates="13" enqueued="0" />
  <references type="soft" candidates="45" cleared="0" enqueued="0" dynamicThreshold="17" maxThreshold="32" />
  <references type="weak" candidates="143" cleared="0" enqueued="0" />
  <references type="phantom" candidates="57" cleared="0" enqueued="0" />
  <stringconstants candidates="3837" cleared="0"  />
</gc-op>
<gc-op id="348" type="sweep" timems="2.606" contextid="344" timestamp="2019-08-07T23:58:53.121" />
<mem-info id="349" free="8399800" total="15269888" percent="55">
  <mem type="tenure" free="8399800" total="15269888" percent="55" micro-fragmented="0" macro-fragmented="3732887">
    <mem type="soa" free="8247224" total="15117312" percent="54" />
    <mem type="loa" free="152576" total="152576" percent="100" />
  </mem>
</mem-info>
<gc-op id="350" type="compact" timems="19.918" contextid="344" timestamp="2019-08-07T23:58:53.141">
  <compact-info movecount="1397" movebytes="35496" reason="compact to aid heap contraction" />
</gc-op>
<heap-resize id="351" type="expand" space="tenure" amount="327680" count="1" timems="0.020" reason="satisfy allocation request" timestamp="2019-08-07T23:58:53.145" />
<gc-end id="352" type="global" contextid="344" durationms="39.949" usertimems="39.131" systemtimems="27.238" timestamp="2019-08-07T23:58:53.145" activeThreads="16">
  <mem-info id="353" free="8699464" total="15597568" percent="55">
    <mem type="tenure" free="8699464" total="15597568" percent="55">
      <mem type="soa" free="8543816" total="15441920" percent="55" />
      <mem type="loa" free="155648" total="155648" percent="100" />
    </mem>
  </mem-info>
</gc-end>
<cycle-end id="354" type="global" contextid="344" timestamp="2019-08-07T23:58:53.146" />
  <attribute name="elasticGC enabled" value="1" />
  <attribute name= "numThreadsSpecified" value="16" />
  <attribute name="heapSize specified" value="15269888" />
  <attribute name="Current GC Util" value="55" />
  <attribute name= "Current Time Running" value="52064" />
  <attribute name ="GC Interval" value="0" />
  <attribute name="Target GC Util Change" value ="80.000000" />
  <attribute name="Current GC Util Change" value="55.000000"/>
  <attribute name="Current Error" value="-41.000000" />
  <attribute name="Output H" value="15572416"/>
  <attribute name="Output I" value="1800"/>
  <attribute name="Output T" value="16"/>
  <attribute name= "Current Time Running" value="52064" />
  <attribute name="GC Util currently" value="55" />
  <attribute name="CPU Util currently" value="57687794596" />
<allocation-satisfied id="355" threadId="00000000020CDF00" bytesRequested="24" />
<af-end id="356" timestamp="2019-08-07T23:58:53.147" threadId="00000000020CE888" success="true" />
<exclusive-end id="357" timestamp="2019-08-07T23:58:53.147" durationms="42.113" />

<exclusive-start id="358" timestamp="2019-08-07T23:58:57.007" intervalms="3902.070">
  <response-info timems="0.536" idlems="0.536" threads="0" lastid="00000000020BEF00" lastname="node-0" />
</exclusive-start>
<af-start id="359" threadId="00000000020BF888" totalBytesRequested="24" timestamp="2019-08-07T23:58:57.007" intervalms="3901.884" />
<cycle-start id="360" type="global" contextid="0" timestamp="2019-08-07T23:58:57.007" intervalms="3901.624" />
<gc-start id="361" type="global" contextid="360" timestamp="2019-08-07T23:58:57.007">
  <mem-info id="362" free="155648" total="15597568" percent="0">
    <mem type="tenure" free="155648" total="15597568" percent="0">
      <mem type="soa" free="0" total="15441920" percent="0" />
      <mem type="loa" free="155648" total="155648" percent="100" />
    </mem>
  </mem-info>
</gc-start>
<allocation-stats totalBytes="8570952" >
  <allocated-bytes non-tlh="0" tlh="8570952" />
  <largest-consumer threadName="node-4" threadId="0000000002111900" bytes="376800" />
</allocation-stats>
<gc-op id="363" type="mark" timems="35.218" contextid="360" timestamp="2019-08-07T23:58:57.042">
  <trace-info objectcount="144629" scancount="135098" scanbytes="5298880" />
  <finalization candidates="13" enqueued="0" />
  <references type="soft" candidates="45" cleared="0" enqueued="0" dynamicThreshold="17" maxThreshold="32" />
  <references type="weak" candidates="143" cleared="0" enqueued="0" />
  <references type="phantom" candidates="57" cleared="0" enqueued="0" />
  <stringconstants candidates="3837" cleared="0"  />
</gc-op>
<gc-op id="364" type="sweep" timems="8.317" contextid="360" timestamp="2019-08-07T23:58:57.051" />
<mem-info id="365" free="8728880" total="15597568" percent="55">
  <mem type="tenure" free="8728880" total="15597568" percent="55" micro-fragmented="0" macro-fragmented="0">
    <mem type="soa" free="8573232" total="15441920" percent="55" />
    <mem type="loa" free="155648" total="155648" percent="100" />
  </mem>
</mem-info>
<gc-op id="366" type="compact" timems="21.180" contextid="360" timestamp="2019-08-07T23:58:57.072">
  <compact-info movecount="1328" movebytes="33896" reason="compact to aid heap contraction" />
</gc-op>
<heap-resize id="367" type="expand" space="tenure" amount="327680" count="1" timems="0.024" reason="satisfy allocation request" timestamp="2019-08-07T23:58:57.075" />
<gc-end id="368" type="global" contextid="360" durationms="68.665" usertimems="89.689" systemtimems="77.846" timestamp="2019-08-07T23:58:57.075" activeThreads="16">
  <mem-info id="369" free="9028744" total="15925248" percent="56">
    <mem type="tenure" free="9028744" total="15925248" percent="56">
      <mem type="soa" free="8870024" total="15766528" percent="56" />
      <mem type="loa" free="158720" total="158720" percent="100" />
    </mem>
  </mem-info>
</gc-end>
<cycle-end id="370" type="global" contextid="360" timestamp="2019-08-07T23:58:57.075" />
  <attribute name="elasticGC enabled" value="1" />
  <attribute name= "numThreadsSpecified" value="16" />
  <attribute name="heapSize specified" value="15597568" />
  <attribute name="Current GC Util" value="94" />
  <attribute name= "Current Time Running" value="55995" />
  <attribute name ="GC Interval" value="0" />
  <attribute name="Target GC Util Change" value ="80.000000" />
  <attribute name="Current GC Util Change" value="94.000000"/>
  <attribute name="Current Error" value="-287.000000" />
  <attribute name="Output H" value="15898960"/>
  <attribute name="Output I" value="520"/>
  <attribute name="Output T" value="16"/>
  <attribute name= "Current Time Running" value="55995" />
  <attribute name="GC Util currently" value="94" />
  <attribute name="CPU Util currently" value="54356183069" />
<allocation-satisfied id="371" threadId="00000000020BEF00" bytesRequested="24" />
<af-end id="372" timestamp="2019-08-07T23:58:57.075" threadId="00000000020BF888" success="true" />
<exclusive-end id="373" timestamp="2019-08-07T23:58:57.075" durationms="68.925" />

<exclusive-start id="374" timestamp="2019-08-07T23:59:01.590" intervalms="4583.818">
  <response-info timems="0.859" idlems="0.619" threads="3" lastid="00000000020E0A00" lastname="node-8" />
</exclusive-start>
<af-start id="375" threadId="00000000020FF788" totalBytesRequested="720" timestamp="2019-08-07T23:59:01.590" intervalms="4583.835" />
<cycle-start id="376" type="global" contextid="0" timestamp="2019-08-07T23:59:01.590" intervalms="4583.807" />
<gc-start id="377" type="global" contextid="376" timestamp="2019-08-07T23:59:01.591">
  <mem-info id="378" free="158720" total="15925248" percent="0">
    <mem type="tenure" free="158720" total="15925248" percent="0">
      <mem type="soa" free="0" total="15766528" percent="0" />
      <mem type="loa" free="158720" total="158720" percent="100" />
    </mem>
  </mem-info>
</gc-start>
<allocation-stats totalBytes="8896680" >
  <allocated-bytes non-tlh="0" tlh="8896680" />
  <largest-consumer threadName="node-7" threadId="00000000020EBE00" bytes="442304" />
</allocation-stats>
<gc-op id="379" type="mark" timems="10.022" contextid="376" timestamp="2019-08-07T23:59:01.601">
  <trace-info objectcount="144556" scancount="135030" scanbytes="5296784" />
  <finalization candidates="13" enqueued="0" />
  <references type="soft" candidates="45" cleared="0" enqueued="0" dynamicThreshold="18" maxThreshold="32" />
  <references type="weak" candidates="143" cleared="0" enqueued="0" />
  <references type="phantom" candidates="57" cleared="0" enqueued="0" />
  <stringconstants candidates="3837" cleared="0"  />
</gc-op>
<gc-op id="380" type="sweep" timems="3.674" contextid="376" timestamp="2019-08-07T23:59:01.604" />
<mem-info id="381" free="9045176" total="15925248" percent="56">
  <mem type="tenure" free="9045176" total="15925248" percent="56" micro-fragmented="0" macro-fragmented="0">
    <mem type="soa" free="8886456" total="15766528" percent="56" />
    <mem type="loa" free="158720" total="158720" percent="100" />
  </mem>
</mem-info>
<gc-op id="382" type="compact" timems="16.451" contextid="376" timestamp="2019-08-07T23:59:01.621">
  <compact-info movecount="1255" movebytes="37976" reason="compact to aid heap contraction" />
</gc-op>
<heap-resize id="383" type="expand" space="tenure" amount="327680" count="1" timems="0.020" reason="satisfy allocation request" timestamp="2019-08-07T23:59:01.622" />
<gc-end id="384" type="global" contextid="376" durationms="31.731" usertimems="31.205" systemtimems="29.386" timestamp="2019-08-07T23:59:01.622" activeThreads="16">
  <mem-info id="385" free="9352344" total="16252928" percent="57">
    <mem type="tenure" free="9352344" total="16252928" percent="57">
      <mem type="soa" free="9190552" total="16091136" percent="57" />
      <mem type="loa" free="161792" total="161792" percent="100" />
    </mem>
  </mem-info>
</gc-end>
<cycle-end id="386" type="global" contextid="376" timestamp="2019-08-07T23:59:01.622" />
  <attribute name="elasticGC enabled" value="1" />
  <attribute name= "numThreadsSpecified" value="16" />
  <attribute name="heapSize specified" value="15925248" />
  <attribute name="Current GC Util" value="51" />
  <attribute name= "Current Time Running" value="60544" />
  <attribute name ="GC Interval" value="0" />
  <attribute name="Target GC Util Change" value ="80.000000" />
  <attribute name="Current GC Util Change" value="51.000000"/>
  <attribute name="Current Error" value="29.000000" />
  <attribute name="Output H" value="16228096"/>
  <attribute name="Output I" value="2160"/>
  <attribute name="Output T" value="16"/>
  <attribute name= "Current Time Running" value="60544" />
  <attribute name="GC Util currently" value="51" />
  <attribute name="CPU Util currently" value="69867394665" />
<allocation-satisfied id="387" threadId="00000000020FEE00" bytesRequested="720" />
<af-end id="388" timestamp="2019-08-07T23:59:01.622" threadId="00000000020FF788" success="true" />
<exclusive-end id="389" timestamp="2019-08-07T23:59:01.622" durationms="31.982" />

<exclusive-start id="390" timestamp="2019-08-07T23:59:05.419" intervalms="3828.512">
  <response-info timems="0.065" idlems="0.036" threads="1" lastid="00000000020E0A00" lastname="node-8" />
</exclusive-start>
<af-start id="391" threadId="00000000020E4F88" totalBytesRequested="16" timestamp="2019-08-07T23:59:05.419" intervalms="3828.496" />
<cycle-start id="392" type="global" contextid="0" timestamp="2019-08-07T23:59:05.419" intervalms="3828.490" />
<gc-start id="393" type="global" contextid="392" timestamp="2019-08-07T23:59:05.419">
  <mem-info id="394" free="161792" total="16252928" percent="0">
    <mem type="tenure" free="161792" total="16252928" percent="0">
      <mem type="soa" free="0" total="16091136" percent="0" />
      <mem type="loa" free="161792" total="161792" percent="100" />
    </mem>
  </mem-info>
</gc-start>
<allocation-stats totalBytes="9218744" >
  <allocated-bytes non-tlh="0" tlh="9218744" />
  <largest-consumer threadName="node-25" threadId="00000000020E8200" bytes="442328" />
</allocation-stats>
<gc-op id="395" type="mark" timems="20.243" contextid="392" timestamp="2019-08-07T23:59:05.439">
  <trace-info objectcount="144482" scancount="134953" scanbytes="5295016" />
  <finalization candidates="13" enqueued="0" />
  <references type="soft" candidates="45" cleared="0" enqueued="0" dynamicThreshold="18" maxThreshold="32" />
  <references type="weak" candidates="143" cleared="0" enqueued="0" />
  <references type="phantom" candidates="57" cleared="0" enqueued="0" />
  <stringconstants candidates="3837" cleared="0"  />
</gc-op>
<gc-op id="396" type="sweep" timems="4.363" contextid="392" timestamp="2019-08-07T23:59:05.444" />
<mem-info id="397" free="9372424" total="16252928" percent="57">
  <mem type="tenure" free="9372424" total="16252928" percent="57" micro-fragmented="0" macro-fragmented="0">
    <mem type="soa" free="9210632" total="16091136" percent="57" />
    <mem type="loa" free="161792" total="161792" percent="100" />
  </mem>
</mem-info>
<gc-op id="398" type="compact" timems="24.770" contextid="392" timestamp="2019-08-07T23:59:05.468">
  <compact-info movecount="1178" movebytes="40680" reason="compact to aid heap contraction" />
</gc-op>
<heap-resize id="399" type="expand" space="tenure" amount="327680" count="1" timems="0.021" reason="satisfy allocation request" timestamp="2019-08-07T23:59:05.472" />
<gc-end id="400" type="global" contextid="392" durationms="53.148" usertimems="57.267" systemtimems="47.841" timestamp="2019-08-07T23:59:05.472" activeThreads="16">
  <mem-info id="401" free="9677248" total="16580608" percent="58">
    <mem type="tenure" free="9677248" total="16580608" percent="58">
      <mem type="soa" free="9512384" total="16415744" percent="57" />
      <mem type="loa" free="164864" total="164864" percent="100" />
    </mem>
  </mem-info>
</gc-end>
<cycle-end id="402" type="global" contextid="392" timestamp="2019-08-07T23:59:05.472" />
  <attribute name="elasticGC enabled" value="1" />
  <attribute name= "numThreadsSpecified" value="16" />
  <attribute name="heapSize specified" value="16252928" />
  <attribute name="Current GC Util" value="85" />
  <attribute name= "Current Time Running" value="64392" />
  <attribute name ="GC Interval" value="0" />
  <attribute name="Target GC Util Change" value ="80.000000" />
  <attribute name="Current GC Util Change" value="85.000000"/>
  <attribute name="Current Error" value="-174.000000" />
  <attribute name="Output H" value="16554840"/>
  <attribute name="Output I" value="1104"/>
  <attribute name="Output T" value="16"/>
  <attribute name= "Current Time Running" value="64392" />
  <attribute name="GC Util currently" value="85" />
  <attribute name="CPU Util currently" value="46389057756" />
<allocation-satisfied id="403" threadId="00000000020E4600" bytesRequested="16" />
<af-end id="404" timestamp="2019-08-07T23:59:05.472" threadId="00000000020E4F88" success="true" />
<exclusive-end id="405" timestamp="2019-08-07T23:59:05.472" durationms="53.553" />

<exclusive-start id="406" timestamp="2019-08-07T23:59:09.962" intervalms="4543.368">
  <response-info timems="0.036" idlems="0.036" threads="0" lastid="0000000002102A00" lastname="node-3" />
</exclusive-start>
<af-start id="407" threadId="0000000002103388" totalBytesRequested="32" timestamp="2019-08-07T23:59:09.962" intervalms="4543.484" />
<cycle-start id="408" type="global" contextid="0" timestamp="2019-08-07T23:59:09.962" intervalms="4543.493" />
<gc-start id="409" type="global" contextid="408" timestamp="2019-08-07T23:59:09.962">
  <mem-info id="410" free="164864" total="16580608" percent="0">
    <mem type="tenure" free="164864" total="16580608" percent="0">
      <mem type="soa" free="0" total="16415744" percent="0" />
      <mem type="loa" free="164864" total="164864" percent="100" />
    </mem>
  </mem-info>
</gc-start>
<allocation-stats totalBytes="9536568" >
  <allocated-bytes non-tlh="0" tlh="9536568" />
  <largest-consumer threadName="node-15" threadId="00000000020E4600" bytes="442184" />
</allocation-stats>
<gc-op id="411" type="mark" timems="20.275" contextid="408" timestamp="2019-08-07T23:59:09.983">
  <trace-info objectcount="144340" scancount="134858" scanbytes="5292408" />
  <finalization candidates="13" enqueued="0" />
  <references type="soft" candidates="45" cleared="0" enqueued="0" dynamicThreshold="18" maxThreshold="32" />
  <references type="weak" candidates="143" cleared="0" enqueued="0" />
  <references type="phantom" candidates="57" cleared="0" enqueued="0" />
  <stringconstants candidates="3837" cleared="0"  />
</gc-op>
<gc-op id="412" type="sweep" timems="3.682" contextid="408" timestamp="2019-08-07T23:59:09.987" />
<mem-info id="413" free="9720928" total="16580608" percent="58">
  <mem type="tenure" free="9720928" total="16580608" percent="58" micro-fragmented="0" macro-fragmented="0">
    <mem type="soa" free="9556064" total="16415744" percent="58" />
    <mem type="loa" free="164864" total="164864" percent="100" />
  </mem>
</mem-info>
<gc-op id="414" type="compact" timems="22.600" contextid="408" timestamp="2019-08-07T23:59:10.009">
  <compact-info movecount="1036" movebytes="24200" reason="compact to aid heap contraction" />
</gc-op>
<heap-resize id="415" type="expand" space="tenure" amount="327680" count="1" timems="0.022" reason="satisfy allocation request" timestamp="2019-08-07T23:59:10.012" />
<gc-end id="416" type="global" contextid="408" durationms="49.221" usertimems="56.673" systemtimems="55.750" timestamp="2019-08-07T23:59:10.012" activeThreads="16">
  <mem-info id="417" free="10021408" total="16908288" percent="59">
    <mem type="tenure" free="10021408" total="16908288" percent="59">
      <mem type="soa" free="9852448" total="16739328" percent="58" />
      <mem type="loa" free="168960" total="168960" percent="100" />
    </mem>
  </mem-info>
</gc-end>
<cycle-end id="418" type="global" contextid="408" timestamp="2019-08-07T23:59:10.012" />
  <attribute name="elasticGC enabled" value="1" />
  <attribute name= "numThreadsSpecified" value="16" />
  <attribute name="heapSize specified" value="16580608" />
  <attribute name="Current GC Util" value="62" />
  <attribute name= "Current Time Running" value="68932" />
  <attribute name ="GC Interval" value="0" />
  <attribute name="Target GC Util Change" value ="80.000000" />
  <attribute name="Current GC Util Change" value="62.000000"/>
  <attribute name="Current Error" value="-229.000000" />
  <attribute name="Output H" value="16882264"/>
  <attribute name="Output I" value="824"/>
  <attribute name="Output T" value="16"/>
  <attribute name= "Current Time Running" value="68932" />
  <attribute name="GC Util currently" value="62" />
  <attribute name="CPU Util currently" value="50929956559" />
<allocation-satisfied id="419" threadId="0000000002102A00" bytesRequested="32" />
<af-end id="420" timestamp="2019-08-07T23:59:10.012" threadId="0000000002103388" success="true" />
<exclusive-end id="421" timestamp="2019-08-07T23:59:10.012" durationms="49.545" />

<exclusive-start id="422" timestamp="2019-08-07T23:59:15.199" intervalms="5236.626">
  <response-info timems="0.086" idlems="0.086" threads="0" lastid="00000000020DCE00" lastname="node-11" />
</exclusive-start>
<af-start id="423" threadId="00000000020DD788" totalBytesRequested="48" timestamp="2019-08-07T23:59:15.199" intervalms="5236.532" />
<cycle-start id="424" type="global" contextid="0" timestamp="2019-08-07T23:59:15.199" intervalms="5236.531" />
<gc-start id="425" type="global" contextid="424" timestamp="2019-08-07T23:59:15.199">
  <mem-info id="426" free="168960" total="16908288" percent="0">
    <mem type="tenure" free="168960" total="16908288" percent="0">
      <mem type="soa" free="0" total="16739328" percent="0" />
      <mem type="loa" free="168960" total="168960" percent="100" />
    </mem>
  </mem-info>
</gc-start>
<allocation-stats totalBytes="9877992" >
  <allocated-bytes non-tlh="0" tlh="9877992" />
  <largest-consumer threadName="node-8" threadId="00000000020E0A00" bytes="479088" />
</allocation-stats>
<gc-op id="427" type="mark" timems="9.921" contextid="424" timestamp="2019-08-07T23:59:15.209">
  <trace-info objectcount="144275" scancount="134742" scanbytes="5290368" />
  <finalization candidates="13" enqueued="0" />
  <references type="soft" candidates="45" cleared="0" enqueued="0" dynamicThreshold="18" maxThreshold="32" />
  <references type="weak" candidates="143" cleared="0" enqueued="0" />
  <references type="phantom" candidates="57" cleared="0" enqueued="0" />
  <stringconstants candidates="3837" cleared="0"  />
</gc-op>
<gc-op id="428" type="sweep" timems="2.112" contextid="424" timestamp="2019-08-07T23:59:15.211" />
<mem-info id="429" free="10044376" total="16908288" percent="59">
  <mem type="tenure" free="10044376" total="16908288" percent="59" micro-fragmented="0" macro-fragmented="0">
    <mem type="soa" free="9875416" total="16739328" percent="58" />
    <mem type="loa" free="168960" total="168960" percent="100" />
  </mem>
</mem-info>
<gc-op id="430" type="compact" timems="17.196" contextid="424" timestamp="2019-08-07T23:59:15.228">
  <compact-info movecount="971" movebytes="31232" reason="compact to aid heap contraction" />
</gc-op>
<heap-resize id="431" type="expand" space="tenure" amount="327680" count="1" timems="0.019" reason="satisfy allocation request" timestamp="2019-08-07T23:59:15.230" />
<gc-end id="432" type="global" contextid="424" durationms="30.633" usertimems="26.802" systemtimems="21.540" timestamp="2019-08-07T23:59:15.230" activeThreads="16">
  <mem-info id="433" free="10337960" total="17235968" percent="59">
    <mem type="tenure" free="10337960" total="17235968" percent="59">
      <mem type="soa" free="10165928" total="17063936" percent="59" />
      <mem type="loa" free="172032" total="172032" percent="100" />
    </mem>
  </mem-info>
</gc-end>
<cycle-end id="434" type="global" contextid="424" timestamp="2019-08-07T23:59:15.230" />
  <attribute name="elasticGC enabled" value="1" />
  <attribute name= "numThreadsSpecified" value="16" />
  <attribute name="heapSize specified" value="16908288" />
  <attribute name="Current GC Util" value="49" />
  <attribute name= "Current Time Running" value="74151" />
  <attribute name ="GC Interval" value="0" />
  <attribute name="Target GC Util Change" value ="80.000000" />
  <attribute name="Current GC Util Change" value="49.000000"/>
  <attribute name="Current Error" value="31.000000" />
  <attribute name="Output H" value="17211144"/>
  <attribute name="Output I" value="2176"/>
  <attribute name="Output T" value="16"/>
  <attribute name= "Current Time Running" value="74151" />
  <attribute name="GC Util currently" value="49" />
  <attribute name="CPU Util currently" value="66955745430" />
<allocation-satisfied id="435" threadId="00000000020DCE00" bytesRequested="48" />
<af-end id="436" timestamp="2019-08-07T23:59:15.230" threadId="00000000020DD788" success="true" />
<exclusive-end id="437" timestamp="2019-08-07T23:59:15.230" durationms="30.844" />

<exclusive-start id="438" timestamp="2019-08-07T23:59:20.199" intervalms="5000.243">
  <response-info timems="0.363" idlems="0.363" threads="0" lastid="00000000020EFA00" lastname="node-13" />
</exclusive-start>
<af-start id="439" threadId="00000000020F0388" totalBytesRequested="24" timestamp="2019-08-07T23:59:20.199" intervalms="5000.228" />
<cycle-start id="440" type="global" contextid="0" timestamp="2019-08-07T23:59:20.199" intervalms="5000.221" />
<gc-start id="441" type="global" contextid="440" timestamp="2019-08-07T23:59:20.199">
  <mem-info id="442" free="172032" total="17235968" percent="0">
    <mem type="tenure" free="172032" total="17235968" percent="0">
      <mem type="soa" free="0" total="17063936" percent="0" />
      <mem type="loa" free="172032" total="172032" percent="100" />
    </mem>
  </mem-info>
</gc-start>
<allocation-stats totalBytes="10196496" >
  <allocated-bytes non-tlh="0" tlh="10196496" />
  <largest-consumer threadName="node-8" threadId="00000000020E0A00" bytes="479216" />
</allocation-stats>
<gc-op id="443" type="mark" timems="19.304" contextid="440" timestamp="2019-08-07T23:59:20.219">
  <trace-info objectcount="144199" scancount="134666" scanbytes="5288536" />
  <finalization candidates="13" enqueued="0" />
  <references type="soft" candidates="45" cleared="0" enqueued="0" dynamicThreshold="19" maxThreshold="32" />
  <references type="weak" candidates="143" cleared="0" enqueued="0" />
  <references type="phantom" candidates="57" cleared="0" enqueued="0" />
  <stringconstants candidates="3837" cleared="0"  />
</gc-op>
<gc-op id="444" type="sweep" timems="2.034" contextid="440" timestamp="2019-08-07T23:59:20.221" />
<mem-info id="445" free="10375160" total="17235968" percent="60">
  <mem type="tenure" free="10375160" total="17235968" percent="60" micro-fragmented="0" macro-fragmented="0">
    <mem type="soa" free="10203128" total="17063936" percent="59" />
    <mem type="loa" free="172032" total="172032" percent="100" />
  </mem>
</mem-info>
<gc-op id="446" type="compact" timems="14.216" contextid="440" timestamp="2019-08-07T23:59:20.235">
  <compact-info movecount="895" movebytes="23504" reason="compact to aid heap contraction" />
</gc-op>
<heap-resize id="447" type="expand" space="tenure" amount="327680" count="1" timems="0.023" reason="satisfy allocation request" timestamp="2019-08-07T23:59:20.237" />
<gc-end id="448" type="global" contextid="440" durationms="38.090" usertimems="43.721" systemtimems="24.139" timestamp="2019-08-07T23:59:20.237" activeThreads="8">
  <mem-info id="449" free="10673368" total="17563648" percent="60">
    <mem type="tenure" free="10673368" total="17563648" percent="60">
      <mem type="soa" free="10498264" total="17388544" percent="60" />
      <mem type="loa" free="175104" total="175104" percent="100" />
    </mem>
  </mem-info>
</gc-end>
<cycle-end id="450" type="global" contextid="440" timestamp="2019-08-07T23:59:20.237" />
  <attribute name="elasticGC enabled" value="1" />
  <attribute name= "numThreadsSpecified" value="8" />
  <attribute name="heapSize specified" value="17235968" />
  <attribute name="Current GC Util" value="57" />
  <attribute name= "Current Time Running" value="79158" />
  <attribute name ="GC Interval" value="0" />
  <attribute name="Target GC Util Change" value ="80.000000" />
  <attribute name="Current GC Util Change" value="57.000000"/>
  <attribute name="Current Error" value="-4.000000" />
  <attribute name="Output H" value="17538664"/>
  <attribute name="Output I" value="1992"/>
  <attribute name="Output T" value="8"/>
  <attribute name= "Current Time Running" value="79158" />
  <attribute name="GC Util currently" value="57" />
  <attribute name="CPU Util currently" value="81453233979" />
<allocation-satisfied id="451" threadId="00000000020EFA00" bytesRequested="24" />
<af-end id="452" timestamp="2019-08-07T23:59:20.238" threadId="00000000020F0388" success="true" />
<exclusive-end id="453" timestamp="2019-08-07T23:59:20.238" durationms="38.460" />

<exclusive-start id="454" timestamp="2019-08-07T23:59:25.129" intervalms="4929.960">
  <response-info timems="0.027" idlems="0.014" threads="1" lastid="00000000020E4600" lastname="node-15" />
</exclusive-start>
<af-start id="455" threadId="00000000020B8088" totalBytesRequested="24" timestamp="2019-08-07T23:59:25.129" intervalms="4930.066" />
<cycle-start id="456" type="global" contextid="0" timestamp="2019-08-07T23:59:25.129" intervalms="4930.074" />
<gc-start id="457" type="global" contextid="456" timestamp="2019-08-07T23:59:25.129">
  <mem-info id="458" free="175104" total="17563648" percent="0">
    <mem type="tenure" free="175104" total="17563648" percent="0">
      <mem type="soa" free="0" total="17388544" percent="0" />
      <mem type="loa" free="175104" total="175104" percent="100" />
    </mem>
  </mem-info>
</gc-start>
<allocation-stats totalBytes="10527656" >
  <allocated-bytes non-tlh="0" tlh="10527656" />
  <largest-consumer threadName="node-7" threadId="00000000020EBE00" bytes="486744" />
</allocation-stats>
<gc-op id="459" type="mark" timems="12.832" contextid="456" timestamp="2019-08-07T23:59:25.142">
  <trace-info objectcount="144092" scancount="134573" scanbytes="5285960" />
  <finalization candidates="13" enqueued="0" />
  <references type="soft" candidates="45" cleared="0" enqueued="0" dynamicThreshold="19" maxThreshold="32" />
  <references type="weak" candidates="143" cleared="0" enqueued="0" />
  <references type="phantom" candidates="57" cleared="0" enqueued="0" />
  <stringconstants candidates="3837" cleared="0"  />
</gc-op>
<gc-op id="460" type="sweep" timems="8.818" contextid="456" timestamp="2019-08-07T23:59:25.151" />
<mem-info id="461" free="10706744" total="17563648" percent="60">
  <mem type="tenure" free="10706744" total="17563648" percent="60" micro-fragmented="0" macro-fragmented="0">
    <mem type="soa" free="10531640" total="17388544" percent="60" />
    <mem type="loa" free="175104" total="175104" percent="100" />
  </mem>
</mem-info>
<gc-op id="462" type="compact" timems="13.400" contextid="456" timestamp="2019-08-07T23:59:25.164">
  <compact-info movecount="788" movebytes="20880" reason="compact to aid heap contraction" />
</gc-op>
<heap-resize id="463" type="expand" space="tenure" amount="327680" count="1" timems="0.018" reason="satisfy allocation request" timestamp="2019-08-07T23:59:25.165" />
<gc-end id="464" type="global" contextid="456" durationms="36.183" usertimems="23.457" systemtimems="34.156" timestamp="2019-08-07T23:59:25.165" activeThreads="16">
  <mem-info id="465" free="11003672" total="17891328" percent="61">
    <mem type="tenure" free="11003672" total="17891328" percent="61">
      <mem type="soa" free="10825496" total="17713152" percent="61" />
      <mem type="loa" free="178176" total="178176" percent="100" />
    </mem>
  </mem-info>
</gc-end>
<cycle-end id="466" type="global" contextid="456" timestamp="2019-08-07T23:59:25.166" />
  <attribute name="elasticGC enabled" value="1" />
  <attribute name= "numThreadsSpecified" value="16" />
  <attribute name="heapSize specified" value="17563648" />
  <attribute name="Current GC Util" value="70" />
  <attribute name= "Current Time Running" value="84088" />
  <attribute name ="GC Interval" value="0" />
  <attribute name="Target GC Util Change" value ="80.000000" />
  <attribute name="Current GC Util Change" value="70.000000"/>
  <attribute name="Current Error" value="-101.000000" />
  <attribute name="Output H" value="17865896"/>
  <attribute name="Output I" value="1488"/>
  <attribute name="Output T" value="16"/>
  <attribute name= "Current Time Running" value="84088" />
  <attribute name="GC Util currently" value="70" />
  <attribute name="CPU Util currently" value="85803323138" />
<allocation-satisfied id="467" threadId="00000000020B7700" bytesRequested="24" />
<af-end id="468" timestamp="2019-08-07T23:59:25.166" threadId="00000000020B8088" success="true" />
<exclusive-end id="469" timestamp="2019-08-07T23:59:25.166" durationms="36.498" />

<exclusive-start id="470" timestamp="2019-08-07T23:59:29.914" intervalms="4785.152">
  <response-info timems="0.077" idlems="0.077" threads="0" lastid="00000000020C2B00" lastname="node-1" />
</exclusive-start>
<af-start id="471" threadId="00000000020C3488" totalBytesRequested="24" timestamp="2019-08-07T23:59:29.914" intervalms="4785.137" />
<cycle-start id="472" type="global" contextid="0" timestamp="2019-08-07T23:59:29.914" intervalms="4785.139" />
<gc-start id="473" type="global" contextid="472" timestamp="2019-08-07T23:59:29.914">
  <mem-info id="474" free="178176" total="17891328" percent="0">
    <mem type="tenure" free="178176" total="17891328" percent="0">
      <mem type="soa" free="0" total="17713152" percent="0" />
      <mem type="loa" free="178176" total="178176" percent="100" />
    </mem>
  </mem-info>
</gc-start>
<allocation-stats totalBytes="10849416" >
  <allocated-bytes non-tlh="0" tlh="10849416" />
  <largest-consumer threadName="node-7" threadId="00000000020EBE00" bytes="515912" />
</allocation-stats>
<gc-op id="475" type="mark" timems="11.915" contextid="472" timestamp="2019-08-07T23:59:29.926">
  <trace-info objectcount="144014" scancount="134495" scanbytes="5284088" />
  <finalization candidates="13" enqueued="0" />
  <references type="soft" candidates="45" cleared="0" enqueued="0" dynamicThreshold="19" maxThreshold="32" />
  <references type="weak" candidates="143" cleared="0" enqueued="0" />
  <references type="phantom" candidates="57" cleared="0" enqueued="0" />
  <stringconstants candidates="3837" cleared="0"  />
</gc-op>
<gc-op id="476" type="sweep" timems="5.299" contextid="472" timestamp="2019-08-07T23:59:29.932" />
<mem-info id="477" free="11033760" total="17891328" percent="61">
  <mem type="tenure" free="11033760" total="17891328" percent="61" micro-fragmented="0" macro-fragmented="0">
    <mem type="soa" free="10855584" total="17713152" percent="61" />
    <mem type="loa" free="178176" total="178176" percent="100" />
  </mem>
</mem-info>
<gc-op id="478" type="compact" timems="23.585" contextid="472" timestamp="2019-08-07T23:59:29.955">
  <compact-info movecount="710" movebytes="19008" reason="compact to aid heap contraction" />
</gc-op>
<heap-resize id="479" type="expand" space="tenure" amount="327680" count="1" timems="0.022" reason="satisfy allocation request" timestamp="2019-08-07T23:59:29.956" />
<gc-end id="480" type="global" contextid="472" durationms="42.036" usertimems="41.934" systemtimems="35.290" timestamp="2019-08-07T23:59:29.956" activeThreads="16">
  <mem-info id="481" free="11333224" total="18219008" percent="62">
    <mem type="tenure" free="11333224" total="18219008" percent="62">
      <mem type="soa" free="11151976" total="18037760" percent="61" />
      <mem type="loa" free="181248" total="181248" percent="100" />
    </mem>
  </mem-info>
</gc-end>
<cycle-end id="482" type="global" contextid="472" timestamp="2019-08-07T23:59:29.957" />
  <attribute name="elasticGC enabled" value="1" />
  <attribute name= "numThreadsSpecified" value="16" />
  <attribute name="heapSize specified" value="17891328" />
  <attribute name="Current GC Util" value="105" />
  <attribute name= "Current Time Running" value="88879" />
  <attribute name ="GC Interval" value="0" />
  <attribute name="Target GC Util Change" value ="80.000000" />
  <attribute name="Current GC Util Change" value="105.000000"/>
  <attribute name="Current Error" value="-25.000000" />
  <attribute name="Output H" value="18193928"/>
  <attribute name="Output I" value="1880"/>
  <attribute name="Output T" value="16"/>
  <attribute name= "Current Time Running" value="88879" />
  <attribute name="GC Util currently" value="105" />
  <attribute name="CPU Util currently" value="48772614350" />
<allocation-satisfied id="483" threadId="00000000020C2B00" bytesRequested="24" />
<af-end id="484" timestamp="2019-08-07T23:59:29.957" threadId="00000000020C3488" success="true" />
<exclusive-end id="485" timestamp="2019-08-07T23:59:29.957" durationms="42.358" />

<exclusive-start id="486" timestamp="2019-08-07T23:59:35.933" intervalms="6018.608">
  <response-info timems="0.035" idlems="0.035" threads="0" lastid="00000000020CA300" lastname="node-21" />
</exclusive-start>
<af-start id="487" threadId="00000000020CAC88" totalBytesRequested="376" timestamp="2019-08-07T23:59:35.933" intervalms="6018.530" />
<cycle-start id="488" type="global" contextid="0" timestamp="2019-08-07T23:59:35.933" intervalms="6018.520" />
<gc-start id="489" type="global" contextid="488" timestamp="2019-08-07T23:59:35.933">
  <mem-info id="490" free="181248" total="18219008" percent="0">
    <mem type="tenure" free="181248" total="18219008" percent="0">
      <mem type="soa" free="0" total="18037760" percent="0" />
      <mem type="loa" free="181248" total="181248" percent="100" />
    </mem>
  </mem-info>
</gc-start>
<allocation-stats totalBytes="11181688" >
  <allocated-bytes non-tlh="0" tlh="11181688" />
  <largest-consumer threadName="node-8" threadId="00000000020E0A00" bytes="552648" />
</allocation-stats>
<gc-op id="491" type="mark" timems="10.361" contextid="488" timestamp="2019-08-07T23:59:35.943">
  <trace-info objectcount="143911" scancount="134387" scanbytes="5281472" />
  <finalization candidates="13" enqueued="0" />
  <references type="soft" candidates="45" cleared="0" enqueued="0" dynamicThreshold="19" maxThreshold="32" />
  <references type="weak" candidates="143" cleared="0" enqueued="0" />
  <references type="phantom" candidates="57" cleared="0" enqueued="0" />
  <stringconstants candidates="3837" cleared="0"  />
</gc-op>
<gc-op id="492" type="sweep" timems="1.262" contextid="488" timestamp="2019-08-07T23:59:35.945" />
<mem-info id="493" free="11356144" total="18219008" percent="62">
  <mem type="tenure" free="11356144" total="18219008" percent="62" micro-fragmented="0" macro-fragmented="0">
    <mem type="soa" free="11174896" total="18037760" percent="61" />
    <mem type="loa" free="181248" total="181248" percent="100" />
  </mem>
</mem-info>
<gc-op id="494" type="compact" timems="10.741" contextid="488" timestamp="2019-08-07T23:59:35.955">
  <compact-info movecount="607" movebytes="25384" reason="compact to aid heap contraction" />
</gc-op>
<heap-resize id="495" type="expand" space="tenure" amount="327680" count="1" timems="0.016" reason="satisfy allocation request" timestamp="2019-08-07T23:59:35.956" />
<gc-end id="496" type="global" contextid="488" durationms="23.411" usertimems="34.743" systemtimems="12.277" timestamp="2019-08-07T23:59:35.956" activeThreads="16">
  <mem-info id="497" free="11654528" total="18546688" percent="62">
    <mem type="tenure" free="11654528" total="18546688" percent="62">
      <mem type="soa" free="11469184" total="18361344" percent="62" />
      <mem type="loa" free="185344" total="185344" percent="100" />
    </mem>
  </mem-info>
</gc-end>
<cycle-end id="498" type="global" contextid="488" timestamp="2019-08-07T23:59:35.956" />
  <attribute name="elasticGC enabled" value="1" />
  <attribute name= "numThreadsSpecified" value="16" />
  <attribute name="heapSize specified" value="18219008" />
  <attribute name="Current GC Util" value="55" />
  <attribute name= "Current Time Running" value="94879" />
  <attribute name ="GC Interval" value="0" />
  <attribute name="Target GC Util Change" value ="80.000000" />
  <attribute name="Current GC Util Change" value="55.000000"/>
  <attribute name="Current Error" value="-153.000000" />
  <attribute name="Output H" value="18521016"/>
  <attribute name="Output I" value="1216"/>
  <attribute name="Output T" value="16"/>
  <attribute name= "Current Time Running" value="94879" />
  <attribute name="GC Util currently" value="55" />
  <attribute name="CPU Util currently" value="107054955432" />
<allocation-satisfied id="499" threadId="00000000020CA300" bytesRequested="376" />
<af-end id="500" timestamp="2019-08-07T23:59:35.956" threadId="00000000020CAC88" success="true" />
<exclusive-end id="501" timestamp="2019-08-07T23:59:35.956" durationms="23.659" />

<exclusive-start id="502" timestamp="2019-08-07T23:59:42.103" intervalms="6170.005">
  <response-info timems="0.023" idlems="0.023" threads="0" lastid="00000000020D5600" lastname="node-14" />
</exclusive-start>
<af-start id="503" threadId="00000000020D5F88" totalBytesRequested="24" timestamp="2019-08-07T23:59:42.103" intervalms="6170.004" />
<cycle-start id="504" type="global" contextid="0" timestamp="2019-08-07T23:59:42.103" intervalms="6170.004" />
<gc-start id="505" type="global" contextid="504" timestamp="2019-08-07T23:59:42.103">
  <mem-info id="506" free="185344" total="18546688" percent="0">
    <mem type="tenure" free="185344" total="18546688" percent="0">
      <mem type="soa" free="0" total="18361344" percent="0" />
      <mem type="loa" free="185344" total="185344" percent="100" />
    </mem>
  </mem-info>
</gc-start>
<allocation-stats totalBytes="11499592" >
  <allocated-bytes non-tlh="0" tlh="11499592" />
  <largest-consumer threadName="node-21" threadId="00000000020CA300" bytes="552928" />
</allocation-stats>
<gc-op id="507" type="mark" timems="7.845" contextid="504" timestamp="2019-08-07T23:59:42.111">
  <trace-info objectcount="143790" scancount="134274" scanbytes="5278712" />
  <finalization candidates="13" enqueued="0" />
  <references type="soft" candidates="45" cleared="0" enqueued="0" dynamicThreshold="20" maxThreshold="32" />
  <references type="weak" candidates="143" cleared="0" enqueued="0" />
  <references type="phantom" candidates="57" cleared="0" enqueued="0" />
  <stringconstants candidates="3837" cleared="0"  />
</gc-op>
<gc-op id="508" type="sweep" timems="4.985" contextid="504" timestamp="2019-08-07T23:59:42.116" />
<mem-info id="509" free="11696952" total="18546688" percent="63">
  <mem type="tenure" free="11696952" total="18546688" percent="63" micro-fragmented="0" macro-fragmented="0">
    <mem type="soa" free="11511608" total="18361344" percent="62" />
    <mem type="loa" free="185344" total="185344" percent="100" />
  </mem>
</mem-info>
<gc-op id="510" type="compact" timems="16.068" contextid="504" timestamp="2019-08-07T23:59:42.132">
  <compact-info movecount="486" movebytes="13632" reason="compact to aid heap contraction" />
</gc-op>
<heap-resize id="511" type="expand" space="tenure" amount="327680" count="1" timems="0.258" reason="satisfy allocation request" timestamp="2019-08-07T23:59:42.133" />
<gc-end id="512" type="global" contextid="504" durationms="30.395" usertimems="34.827" systemtimems="21.053" timestamp="2019-08-07T23:59:42.133" activeThreads="16">
  <mem-info id="513" free="11993960" total="18874368" percent="63">
    <mem type="tenure" free="11993960" total="18874368" percent="63">
      <mem type="soa" free="11805544" total="18685952" percent="63" />
      <mem type="loa" free="188416" total="188416" percent="100" />
    </mem>
  </mem-info>
</gc-end>
<cycle-end id="514" type="global" contextid="504" timestamp="2019-08-07T23:59:42.133" />
  <attribute name="elasticGC enabled" value="1" />
  <attribute name= "numThreadsSpecified" value="16" />
  <attribute name="heapSize specified" value="18546688" />
  <attribute name="Current GC Util" value="65" />
  <attribute name= "Current Time Running" value="101055" />
  <attribute name ="GC Interval" value="0" />
  <attribute name="Target GC Util Change" value ="80.000000" />
  <attribute name="Current GC Util Change" value="65.000000"/>
  <attribute name="Current Error" value="-202.000000" />
  <attribute name="Output H" value="18848472"/>
  <attribute name="Output I" value="960"/>
  <attribute name="Output T" value="16"/>
  <attribute name= "Current Time Running" value="101055" />
  <attribute name="GC Util currently" value="65" />
  <attribute name="CPU Util currently" value="71288078461" />
<allocation-satisfied id="515" threadId="00000000020D5600" bytesRequested="24" />
<af-end id="516" timestamp="2019-08-07T23:59:42.133" threadId="00000000020D5F88" success="true" />
<exclusive-end id="517" timestamp="2019-08-07T23:59:42.133" durationms="30.600" />

<exclusive-start id="518" timestamp="2019-08-07T23:59:48.307" intervalms="6204.594">
  <response-info timems="0.281" idlems="0.281" threads="0" lastid="0000000002102A00" lastname="node-3" />
</exclusive-start>
<af-start id="519" threadId="0000000002103388" totalBytesRequested="512" timestamp="2019-08-07T23:59:48.308" intervalms="6204.634" />
<cycle-start id="520" type="global" contextid="0" timestamp="2019-08-07T23:59:48.308" intervalms="6204.643" />
<gc-start id="521" type="global" contextid="520" timestamp="2019-08-07T23:59:48.308">
  <mem-info id="522" free="188416" total="18874368" percent="0">
    <mem type="tenure" free="188416" total="18874368" percent="0">
      <mem type="soa" free="0" total="18685952" percent="0" />
      <mem type="loa" free="188416" total="188416" percent="100" />
    </mem>
  </mem-info>
</gc-start>
<allocation-stats totalBytes="11833392" >
  <allocated-bytes non-tlh="0" tlh="11833392" />
  <largest-consumer threadName="node-13" threadId="00000000020EFA00" bytes="552584" />
</allocation-stats>
<gc-op id="523" type="mark" timems="7.347" contextid="520" timestamp="2019-08-07T23:59:48.315">
  <trace-info objectcount="143706" scancount="134187" scanbytes="5276336" />
  <finalization candidates="13" enqueued="0" />
  <references type="soft" candidates="45" cleared="0" enqueued="0" dynamicThreshold="20" maxThreshold="32" />
  <references type="weak" candidates="143" cleared="0" enqueued="0" />
  <references type="phantom" candidates="57" cleared="0" enqueued="0" />
  <stringconstants candidates="3837" cleared="0"  />
</gc-op>
<gc-op id="524" type="sweep" timems="4.364" contextid="520" timestamp="2019-08-07T23:59:48.319" />
<mem-info id="525" free="12005208" total="18874368" percent="63">
  <mem type="tenure" free="12005208" total="18874368" percent="63" micro-fragmented="0" macro-fragmented="0">
    <mem type="soa" free="11816792" total="18685952" percent="63" />
    <mem type="loa" free="188416" total="188416" percent="100" />
  </mem>
</mem-info>
<gc-op id="526" type="compact" timems="14.135" contextid="520" timestamp="2019-08-07T23:59:48.334">
  <compact-info movecount="402" movebytes="31280" reason="compact to aid heap contraction" />
</gc-op>
<heap-resize id="527" type="expand" space="tenure" amount="327680" count="1" timems="0.024" reason="satisfy allocation request" timestamp="2019-08-07T23:59:48.338" />
<gc-end id="528" type="global" contextid="520" durationms="30.508" usertimems="19.749" systemtimems="25.341" timestamp="2019-08-07T23:59:48.338" activeThreads="16">
  <mem-info id="529" free="12303992" total="19202048" percent="64">
    <mem type="tenure" free="12303992" total="19202048" percent="64">
      <mem type="soa" free="12112504" total="19010560" percent="63" />
      <mem type="loa" free="191488" total="191488" percent="100" />
    </mem>
  </mem-info>
</gc-end>
<cycle-end id="530" type="global" contextid="520" timestamp="2019-08-07T23:59:48.338" />
  <attribute name="elasticGC enabled" value="1" />
  <attribute name= "numThreadsSpecified" value="16" />
  <attribute name="heapSize specified" value="18874368" />
  <attribute name="Current GC Util" value="50" />
  <attribute name= "Current Time Running" value="107257" />
  <attribute name ="GC Interval" value="0" />
  <attribute name="Target GC Util Change" value ="80.000000" />
  <attribute name="Current GC Util Change" value="50.000000"/>
  <attribute name="Current Error" value="30.000000" />
  <attribute name="Output H" value="19177224"/>
  <attribute name="Output I" value="2168"/>
  <attribute name="Output T" value="16"/>
  <attribute name= "Current Time Running" value="107257" />
  <attribute name="GC Util currently" value="50" />
  <attribute name="CPU Util currently" value="81412793185" />
<allocation-satisfied id="531" threadId="0000000002102A00" bytesRequested="512" />
<af-end id="532" timestamp="2019-08-07T23:59:48.338" threadId="0000000002103388" success="true" />
<exclusive-end id="533" timestamp="2019-08-07T23:59:48.338" durationms="30.840" />

<exclusive-start id="534" timestamp="2019-08-07T23:59:54.131" intervalms="5823.811">
  <response-info timems="0.289" idlems="0.289" threads="0" lastid="000000000210A100" lastname="node-19" />
</exclusive-start>
<af-start id="535" threadId="000000000210AA88" totalBytesRequested="32" timestamp="2019-08-07T23:59:54.131" intervalms="5823.743" />
<cycle-start id="536" type="global" contextid="0" timestamp="2019-08-07T23:59:54.131" intervalms="5823.734" />
<gc-start id="537" type="global" contextid="536" timestamp="2019-08-07T23:59:54.131">
  <mem-info id="538" free="191488" total="19202048" percent="0">
    <mem type="tenure" free="191488" total="19202048" percent="0">
      <mem type="soa" free="0" total="19010560" percent="0" />
      <mem type="loa" free="191488" total="191488" percent="100" />
    </mem>
  </mem-info>
</gc-start>
<allocation-stats totalBytes="12134248" >
  <allocated-bytes non-tlh="0" tlh="12134248" />
  <largest-consumer threadName="node-8" threadId="00000000020E0A00" bytes="593856" />
</allocation-stats>
<gc-op id="539" type="mark" timems="31.925" contextid="536" timestamp="2019-08-07T23:59:54.163">
  <trace-info objectcount="143539" scancount="134044" scanbytes="5273184" />
  <finalization candidates="13" enqueued="0" />
  <references type="soft" candidates="45" cleared="0" enqueued="0" dynamicThreshold="20" maxThreshold="32" />
  <references type="weak" candidates="143" cleared="0" enqueued="0" />
  <references type="phantom" candidates="57" cleared="0" enqueued="0" />
  <stringconstants candidates="3837" cleared="0"  />
</gc-op>
<gc-op id="540" type="sweep" timems="5.113" contextid="536" timestamp="2019-08-07T23:59:54.168" />
<mem-info id="541" free="12362056" total="19202048" percent="64">
  <mem type="tenure" free="12362056" total="19202048" percent="64" micro-fragmented="0" macro-fragmented="0">
    <mem type="soa" free="12170568" total="19010560" percent="64" />
    <mem type="loa" free="191488" total="191488" percent="100" />
  </mem>
</mem-info>
<gc-op id="542" type="compact" timems="31.339" contextid="536" timestamp="2019-08-07T23:59:54.200">
  <compact-info movecount="235" movebytes="4976" reason="compact to aid heap contraction" />
</gc-op>
<heap-resize id="543" type="expand" space="tenure" amount="327680" count="1" timems="0.022" reason="satisfy allocation request" timestamp="2019-08-07T23:59:54.206" />
<gc-end id="544" type="global" contextid="536" durationms="74.909" usertimems="103.165" systemtimems="64.201" timestamp="2019-08-07T23:59:54.206" activeThreads="16">
  <mem-info id="545" free="12657976" total="19529728" percent="64">
    <mem type="tenure" free="12657976" total="19529728" percent="64">
      <mem type="soa" free="12463416" total="19335168" percent="64" />
      <mem type="loa" free="194560" total="194560" percent="100" />
    </mem>
  </mem-info>
</gc-end>
<cycle-end id="546" type="global" contextid="536" timestamp="2019-08-07T23:59:54.206" />
  <attribute name="elasticGC enabled" value="1" />
  <attribute name= "numThreadsSpecified" value="16" />
  <attribute name="heapSize specified" value="19202048" />
  <attribute name="Current GC Util" value="53" />
  <attribute name= "Current Time Running" value="113123" />
  <attribute name ="GC Interval" value="0" />
  <attribute name="Target GC Util Change" value ="80.000000" />
  <attribute name="Current GC Util Change" value="53.000000"/>
  <attribute name="Current Error" value="-165.000000" />
  <attribute name="Output H" value="19504000"/>
  <attribute name="Output I" value="1152"/>
  <attribute name="Output T" value="16"/>
  <attribute name= "Current Time Running" value="113123" />
  <attribute name="GC Util currently" value="53" />
  <attribute name="CPU Util currently" value="36746165531" />
<allocation-satisfied id="547" threadId="000000000210A100" bytesRequested="32" />
<af-end id="548" timestamp="2019-08-07T23:59:54.206" threadId="000000000210AA88" success="true" />
<exclusive-end id="549" timestamp="2019-08-07T23:59:54.206" durationms="75.099" />

===== DaCapo 9.12-MR1 avrora PASSED in 118234 msec =====
<exclusive-start id="550" timestamp="2019-08-07T23:59:59.757" intervalms="5625.498">
  <response-info timems="0.044" idlems="0.044" threads="0" lastid="0000000001DD0F00" lastname="main" />
</exclusive-start>
<af-start id="551" threadId="0000000001DD1888" totalBytesRequested="2056" timestamp="2019-08-07T23:59:59.757" intervalms="5625.490" />
<cycle-start id="552" type="global" contextid="0" timestamp="2019-08-07T23:59:59.757" intervalms="5625.491" />
<gc-start id="553" type="global" contextid="552" timestamp="2019-08-07T23:59:59.757">
  <mem-info id="554" free="194560" total="19529728" percent="0">
    <mem type="tenure" free="194560" total="19529728" percent="0">
      <mem type="soa" free="0" total="19335168" percent="0" />
      <mem type="loa" free="194560" total="194560" percent="100" />
    </mem>
  </mem-info>
</gc-start>
<allocation-stats totalBytes="12461896" >
  <allocated-bytes non-tlh="68776" tlh="12393120" />
  <largest-consumer threadName="main" threadId="0000000001DD0F00" bytes="2392440" />
</allocation-stats>
<gc-op id="555" type="mark" timems="70.889" contextid="552" timestamp="2019-08-07T23:59:59.828">
  <trace-info objectcount="24374" scancount="19166" scanbytes="597344" />
  <finalization candidates="14" enqueued="1" />
  <references type="soft" candidates="56" cleared="2" enqueued="2" dynamicThreshold="20" maxThreshold="32" />
  <references type="weak" candidates="160" cleared="16" enqueued="16" />
  <references type="phantom" candidates="71" cleared="12" enqueued="12" />
  <stringconstants candidates="3849" cleared="0"  />
</gc-op>
<gc-op id="556" type="sweep" timems="1.884" contextid="552" timestamp="2019-08-07T23:59:59.830" />
<mem-info id="557" free="17987152" total="19529728" percent="92">
  <mem type="tenure" free="17987152" total="19529728" percent="92" micro-fragmented="57881" macro-fragmented="6450429">
    <mem type="soa" free="17792592" total="19335168" percent="92" />
    <mem type="loa" free="194560" total="194560" percent="100" />
  </mem>
  <pending-finalizers system="1" default="0" reference="30" classloader="0" />
</mem-info>
<gc-op id="558" type="compact" timems="11.752" contextid="552" timestamp="2019-08-07T23:59:59.842">
  <compact-info movecount="20936" movebytes="1317128" reason="compact to aid heap contraction" />
</gc-op>
<heap-resize id="559" type="expand" space="tenure" amount="327680" count="1" timems="0.018" reason="satisfy allocation request" timestamp="2019-08-07T23:59:59.842" />
<gc-end id="560" type="global" contextid="552" durationms="85.424" usertimems="92.370" systemtimems="73.469" timestamp="2019-08-07T23:59:59.842" activeThreads="16">
  <mem-info id="561" free="18300704" total="19857408" percent="92">
    <mem type="tenure" free="18300704" total="19857408" percent="92">
      <mem type="soa" free="18103072" total="19659776" percent="92" />
      <mem type="loa" free="197632" total="197632" percent="100" />
    </mem>
    <pending-finalizers system="1" default="0" reference="30" classloader="0" />
  </mem-info>
</gc-end>
<cycle-end id="562" type="global" contextid="552" timestamp="2019-08-07T23:59:59.842" />
  <attribute name="elasticGC enabled" value="1" />
  <attribute name= "numThreadsSpecified" value="16" />
  <attribute name="heapSize specified" value="19529728" />
  <attribute name="Current GC Util" value="151" />
  <attribute name= "Current Time Running" value="118765" />
  <attribute name ="GC Interval" value="0" />
  <attribute name="Target GC Util Change" value ="80.000000" />
  <attribute name="Current GC Util Change" value="151.000000"/>
  <attribute name="Current Error" value="-83.000000" />
  <attribute name="Output H" value="19832064"/>
  <attribute name="Output I" value="1584"/>
  <attribute name="Output T" value="16"/>
  <attribute name= "Current Time Running" value="118765" />
  <attribute name="GC Util currently" value="151" />
  <attribute name="CPU Util currently" value="97693951286" />
<allocation-satisfied id="563" threadId="0000000001DD0F00" bytesRequested="2056" />
<af-end id="564" timestamp="2019-08-07T23:59:59.842" threadId="0000000001DD1888" success="true" />
<exclusive-end id="565" timestamp="2019-08-07T23:59:59.842" durationms="85.741" />

WARNING: An illegal reflective access operation has occurred
WARNING: Illegal reflective access by com.google.common.base.internal.Finalizer (file:/./scratch/jar/guava-r07.jar) to field java.lang.Thread.inheritableThreadLocals
WARNING: Please consider reporting this to the maintainers of com.google.common.base.internal.Finalizer
WARNING: Use --illegal-access=warn to enable warnings of further illegal reflective access operations
WARNING: All illegal access operations will be denied in a future release
<exclusive-start id="566" timestamp="2019-08-08T00:00:01.184" intervalms="1427.363">
  <response-info timems="0.017" idlems="0.017" threads="0" lastid="0000000001DD0F00" lastname="main" />
</exclusive-start>
<af-start id="567" threadId="0000000001DD1888" totalBytesRequested="88" timestamp="2019-08-08T00:00:01.184" intervalms="1427.373" />
<cycle-start id="568" type="global" contextid="0" timestamp="2019-08-08T00:00:01.184" intervalms="1427.375" />
<gc-start id="569" type="global" contextid="568" timestamp="2019-08-08T00:00:01.184">
  <mem-info id="570" free="197632" total="19857408" percent="0">
    <mem type="tenure" free="197632" total="19857408" percent="0">
      <mem type="soa" free="0" total="19659776" percent="0" />
      <mem type="loa" free="197632" total="197632" percent="100" />
    </mem>
  </mem-info>
</gc-start>
<allocation-stats totalBytes="18149480" >
  <allocated-bytes non-tlh="654304" tlh="17495176" />
  <largest-consumer threadName="main" threadId="0000000001DD0F00" bytes="18149480" />
</allocation-stats>
<gc-op id="571" type="mark" timems="4.855" contextid="568" timestamp="2019-08-08T00:00:01.189">
  <trace-info objectcount="46153" scancount="36740" scanbytes="1180304" />
  <finalization candidates="63" enqueued="1" />
  <ownableSynchronizers candidates="17" cleared="0" />
  <references type="soft" candidates="575" cleared="0" enqueued="0" dynamicThreshold="29" maxThreshold="32" />
  <references type="weak" candidates="1824" cleared="516" enqueued="394" />
  <references type="phantom" candidates="100" cleared="8" enqueued="8" />
  <stringconstants candidates="6208" cleared="0"  />
</gc-op>
<gc-op id="572" type="classunload" timems="0.002" contextid="568" timestamp="2019-08-08T00:00:01.189">
  <classunload-info classloadercandidates="11" classloadersunloaded="0" classesunloaded="0" anonymousclassesunloaded="0" quiescems="0.000" setupms="0.001" scanms="0.001" postms="0.000" />
</gc-op>
<gc-op id="573" type="sweep" timems="2.492" contextid="568" timestamp="2019-08-08T00:00:01.192" />
<mem-info id="574" free="16747072" total="19857408" percent="84">
  <mem type="tenure" free="16747072" total="19857408" percent="84" micro-fragmented="254159" macro-fragmented="18870">
    <mem type="soa" free="16549440" total="19659776" percent="84" />
    <mem type="loa" free="197632" total="197632" percent="100" />
  </mem>
  <pending-finalizers system="1" default="0" reference="402" classloader="0" />
</mem-info>
<gc-op id="575" type="compact" timems="15.886" contextid="568" timestamp="2019-08-08T00:00:01.208">
  <compact-info movecount="45488" movebytes="2747024" reason="compact to aid heap contraction" />
</gc-op>
<heap-resize id="576" type="expand" space="tenure" amount="327680" count="1" timems="0.022" reason="satisfy allocation request" timestamp="2019-08-08T00:00:01.208" />
<gc-end id="577" type="global" contextid="568" durationms="24.308" usertimems="37.133" systemtimems="0.000" timestamp="2019-08-08T00:00:01.209" activeThreads="16">
  <mem-info id="578" free="17419584" total="20185088" percent="86">
    <mem type="tenure" free="17419584" total="20185088" percent="86">
      <mem type="soa" free="17217856" total="19983360" percent="86" />
      <mem type="loa" free="201728" total="201728" percent="100" />
    </mem>
    <pending-finalizers system="1" default="0" reference="402" classloader="0" />
  </mem-info>
</gc-end>
<cycle-end id="579" type="global" contextid="568" timestamp="2019-08-08T00:00:01.209" />
  <attribute name="elasticGC enabled" value="1" />
  <attribute name= "numThreadsSpecified" value="16" />
  <attribute name="heapSize specified" value="19857408" />
  <attribute name="Current GC Util" value="57" />
  <attribute name= "Current Time Running" value="120131" />
  <attribute name ="GC Interval" value="0" />
  <attribute name="Target GC Util Change" value ="80.000000" />
  <attribute name="Current GC Util Change" value="57.000000"/>
  <attribute name="Current Error" value="23.000000" />
  <attribute name="Output H" value="20160232"/>
  <attribute name="Output I" value="2128"/>
  <attribute name="Output T" value="16"/>
  <attribute name= "Current Time Running" value="120131" />
  <attribute name="GC Util currently" value="57" />
  <attribute name="CPU Util currently" value="71774076467" />
<allocation-satisfied id="580" threadId="0000000001DD0F00" bytesRequested="88" />
<af-end id="581" timestamp="2019-08-08T00:00:01.209" threadId="0000000001DD1888" success="true" />
<exclusive-end id="582" timestamp="2019-08-08T00:00:01.209" durationms="25.125" />

<exclusive-start id="583" timestamp="2019-08-08T00:00:01.651" intervalms="466.827">
  <response-info timems="0.039" idlems="0.039" threads="0" lastid="0000000001DD0F00" lastname="main" />
</exclusive-start>
<af-start id="584" threadId="0000000001DD1888" totalBytesRequested="3080" timestamp="2019-08-08T00:00:01.651" intervalms="466.817" />
<cycle-start id="585" type="global" contextid="0" timestamp="2019-08-08T00:00:01.651" intervalms="466.817" />
<gc-start id="586" type="global" contextid="585" timestamp="2019-08-08T00:00:01.651">
  <mem-info id="587" free="201728" total="20185088" percent="0">
    <mem type="tenure" free="201728" total="20185088" percent="0">
      <mem type="soa" free="0" total="19983360" percent="0" />
      <mem type="loa" free="201728" total="201728" percent="100" />
    </mem>
  </mem-info>
</gc-start>
<allocation-stats totalBytes="17182888" >
  <allocated-bytes non-tlh="1696488" tlh="15486400" />
  <largest-consumer threadName="main" threadId="0000000001DD0F00" bytes="17105376" />
</allocation-stats>
<gc-op id="588" type="mark" timems="7.314" contextid="585" timestamp="2019-08-08T00:00:01.658">
  <trace-info objectcount="71509" scancount="58162" scanbytes="1991420" />
  <finalization candidates="80" enqueued="0" />
  <ownableSynchronizers candidates="21" cleared="0" />
  <references type="soft" candidates="1013" cleared="0" enqueued="0" dynamicThreshold="27" maxThreshold="32" />
  <references type="weak" candidates="3899" cleared="484" enqueued="336" />
  <references type="phantom" candidates="104" cleared="4" enqueued="4" />
  <stringconstants candidates="8676" cleared="0"  />
</gc-op>
<gc-op id="589" type="sweep" timems="1.768" contextid="585" timestamp="2019-08-08T00:00:01.660" />
<mem-info id="590" free="14989536" total="20185088" percent="74">
  <mem type="tenure" free="14989536" total="20185088" percent="74" micro-fragmented="299067" macro-fragmented="0">
    <mem type="soa" free="14787808" total="19983360" percent="74" />
    <mem type="loa" free="201728" total="201728" percent="100" />
  </mem>
  <pending-finalizers system="0" default="0" reference="340" classloader="0" />
</mem-info>
<gc-op id="591" type="compact" timems="25.030" contextid="585" timestamp="2019-08-08T00:00:01.685">
  <compact-info movecount="70756" movebytes="4704640" reason="compact to aid heap contraction" />
</gc-op>
<heap-resize id="592" type="expand" space="tenure" amount="327680" count="1" timems="0.018" reason="satisfy allocation request" timestamp="2019-08-08T00:00:01.686" />
<gc-end id="593" type="global" contextid="585" durationms="35.293" usertimems="61.086" systemtimems="0.000" timestamp="2019-08-08T00:00:01.686" activeThreads="16">
  <mem-info id="594" free="15721528" total="20512768" percent="76">
    <mem type="tenure" free="15721528" total="20512768" percent="76">
      <mem type="soa" free="15516728" total="20307968" percent="76" />
      <mem type="loa" free="204800" total="204800" percent="100" />
    </mem>
    <pending-finalizers system="0" default="0" reference="340" classloader="0" />
  </mem-info>
</gc-end>
<cycle-end id="595" type="global" contextid="585" timestamp="2019-08-08T00:00:01.686" />
  <attribute name="elasticGC enabled" value="1" />
  <attribute name= "numThreadsSpecified" value="16" />
  <attribute name="heapSize specified" value="20185088" />
  <attribute name="Current GC Util" value="62" />
  <attribute name= "Current Time Running" value="120608" />
  <attribute name ="GC Interval" value="0" />
  <attribute name="Target GC Util Change" value ="80.000000" />
  <attribute name="Current GC Util Change" value="62.000000"/>
  <attribute name="Current Error" value="-86.000000" />
  <attribute name="Output H" value="20487408"/>
  <attribute name="Output I" value="1568"/>
  <attribute name="Output T" value="16"/>
  <attribute name= "Current Time Running" value="120608" />
  <attribute name="GC Util currently" value="62" />
  <attribute name="CPU Util currently" value="45914614846" />
<allocation-satisfied id="596" threadId="0000000001DD0F00" bytesRequested="3080" />
<af-end id="597" timestamp="2019-08-08T00:00:01.687" threadId="0000000001DD1888" success="true" />
<exclusive-end id="598" timestamp="2019-08-08T00:00:01.687" durationms="35.603" />

<exclusive-start id="599" timestamp="2019-08-08T00:00:01.936" intervalms="285.457">
  <response-info timems="0.031" idlems="0.031" threads="0" lastid="0000000001DD0F00" lastname="main" />
</exclusive-start>
<af-start id="600" threadId="0000000001DD1888" totalBytesRequested="88" timestamp="2019-08-08T00:00:01.936" intervalms="285.455" />
<cycle-start id="601" type="global" contextid="0" timestamp="2019-08-08T00:00:01.936" intervalms="285.472" />
<gc-start id="602" type="global" contextid="601" timestamp="2019-08-08T00:00:01.937">
  <mem-info id="603" free="204800" total="20512768" percent="0">
    <mem type="tenure" free="204800" total="20512768" percent="0">
      <mem type="soa" free="0" total="20307968" percent="0" />
      <mem type="loa" free="204800" total="204800" percent="100" />
    </mem>
  </mem-info>
</gc-start>
<allocation-stats totalBytes="15559832" >
  <allocated-bytes non-tlh="283208" tlh="15276624" />
  <largest-consumer threadName="main" threadId="0000000001DD0F00" bytes="15551640" />
</allocation-stats>
<gc-op id="604" type="mark" timems="12.955" contextid="601" timestamp="2019-08-08T00:00:01.950">
  <trace-info objectcount="73094" scancount="60495" scanbytes="2142756" />
  <finalization candidates="80" enqueued="0" />
  <ownableSynchronizers candidates="21" cleared="0" />
  <references type="soft" candidates="1085" cleared="0" enqueued="0" dynamicThreshold="24" maxThreshold="32" />
  <references type="weak" candidates="3825" cleared="5" enqueued="5" />
  <references type="phantom" candidates="99" cleared="1" enqueued="1" />
  <stringconstants candidates="9240" cleared="1383"  />
</gc-op>
<gc-op id="605" type="classunload" timems="7.098" contextid="601" timestamp="2019-08-08T00:00:01.957">
  <classunload-info classloadercandidates="13" classloadersunloaded="1" classesunloaded="508" anonymousclassesunloaded="0" quiescems="0.000" setupms="2.706" scanms="4.389" postms="0.003" />
</gc-op>
<gc-op id="606" type="sweep" timems="2.609" contextid="601" timestamp="2019-08-08T00:00:01.959" />
<mem-info id="607" free="15370816" total="20512768" percent="74">
  <mem type="tenure" free="15370816" total="20512768" percent="74" micro-fragmented="127599" macro-fragmented="0">
    <mem type="soa" free="15166016" total="20307968" percent="74" />
    <mem type="loa" free="204800" total="204800" percent="100" />
  </mem>
  <pending-finalizers system="0" default="0" reference="6" classloader="0" />
</mem-info>
<gc-op id="608" type="compact" timems="18.793" contextid="601" timestamp="2019-08-08T00:00:01.978">
  <compact-info movecount="57266" movebytes="4130928" reason="compact to aid heap contraction" />
</gc-op>
<heap-resize id="609" type="expand" space="tenure" amount="327680" count="1" timems="0.019" reason="satisfy allocation request" timestamp="2019-08-08T00:00:01.979" />
<gc-end id="610" type="global" contextid="601" durationms="42.402" usertimems="59.731" systemtimems="0.000" timestamp="2019-08-08T00:00:01.979" activeThreads="16">
  <mem-info id="611" free="15958640" total="20840448" percent="76">
    <mem type="tenure" free="15958640" total="20840448" percent="76">
      <mem type="soa" free="15750768" total="20632576" percent="76" />
      <mem type="loa" free="207872" total="207872" percent="100" />
    </mem>
    <pending-finalizers system="0" default="0" reference="6" classloader="0" />
  </mem-info>
</gc-end>
<cycle-end id="612" type="global" contextid="601" timestamp="2019-08-08T00:00:01.979" />
  <attribute name="elasticGC enabled" value="1" />
  <attribute name= "numThreadsSpecified" value="16" />
  <attribute name="heapSize specified" value="20512768" />
  <attribute name="Current GC Util" value="61" />
  <attribute name= "Current Time Running" value="120901" />
  <attribute name ="GC Interval" value="0" />
  <attribute name="Target GC Util Change" value ="80.000000" />
  <attribute name="Current GC Util Change" value="61.000000"/>
  <attribute name="Current Error" value="-66.000000" />
  <attribute name="Output H" value="20815176"/>
  <attribute name="Output I" value="1672"/>
  <attribute name="Output T" value="16"/>
  <attribute name= "Current Time Running" value="120901" />
  <attribute name="GC Util currently" value="61" />
  <attribute name="CPU Util currently" value="61250025934" />
<allocation-satisfied id="613" threadId="0000000001DD0F00" bytesRequested="88" />
<af-end id="614" timestamp="2019-08-08T00:00:01.980" threadId="0000000001DD1888" success="true" />
<exclusive-end id="615" timestamp="2019-08-08T00:00:01.980" durationms="43.108" />

<exclusive-start id="616" timestamp="2019-08-08T00:00:02.176" intervalms="239.882">
  <response-info timems="0.048" idlems="0.048" threads="0" lastid="0000000001DD0F00" lastname="main" />
</exclusive-start>
<af-start id="617" threadId="0000000001DD1888" totalBytesRequested="32" timestamp="2019-08-08T00:00:02.176" intervalms="239.883" />
<cycle-start id="618" type="global" contextid="0" timestamp="2019-08-08T00:00:02.176" intervalms="239.865" />
<gc-start id="619" type="global" contextid="618" timestamp="2019-08-08T00:00:02.176">
  <mem-info id="620" free="207872" total="20840448" percent="0">
    <mem type="tenure" free="207872" total="20840448" percent="0">
      <mem type="soa" free="0" total="20632576" percent="0" />
      <mem type="loa" free="207872" total="207872" percent="100" />
    </mem>
  </mem-info>
</gc-start>
<allocation-stats totalBytes="15747432" >
  <allocated-bytes non-tlh="263568" tlh="15483864" />
  <largest-consumer threadName="main" threadId="0000000001DD0F00" bytes="15743336" />
</allocation-stats>
<gc-op id="621" type="mark" timems="5.925" contextid="618" timestamp="2019-08-08T00:00:02.182">
  <trace-info objectcount="81585" scancount="68255" scanbytes="2384940" />
  <finalization candidates="80" enqueued="0" />
  <ownableSynchronizers candidates="21" cleared="0" />
  <references type="soft" candidates="1309" cleared="0" enqueued="0" dynamicThreshold="24" maxThreshold="32" />
  <references type="weak" candidates="4260" cleared="8" enqueued="7" />
  <references type="phantom" candidates="95" cleared="0" enqueued="0" />
  <stringconstants candidates="8333" cleared="0"  />
</gc-op>
<gc-op id="622" type="sweep" timems="2.215" contextid="618" timestamp="2019-08-08T00:00:02.185" />
<mem-info id="623" free="15515856" total="20840448" percent="74">
  <mem type="tenure" free="15515856" total="20840448" percent="74" micro-fragmented="176205" macro-fragmented="0">
    <mem type="soa" free="15307984" total="20632576" percent="74" />
    <mem type="loa" free="207872" total="207872" percent="100" />
  </mem>
  <pending-finalizers system="0" default="0" reference="7" classloader="0" />
</mem-info>
<gc-op id="624" type="compact" timems="28.333" contextid="618" timestamp="2019-08-08T00:00:02.213">
  <compact-info movecount="69731" movebytes="4423168" reason="compact to aid heap contraction" />
</gc-op>
<heap-resize id="625" type="expand" space="tenure" amount="327680" count="1" timems="0.018" reason="satisfy allocation request" timestamp="2019-08-08T00:00:02.214" />
<gc-end id="626" type="global" contextid="618" durationms="37.235" usertimems="60.066" systemtimems="0.000" timestamp="2019-08-08T00:00:02.214" activeThreads="16">
  <mem-info id="627" free="16188352" total="21168128" percent="76">
    <mem type="tenure" free="16188352" total="21168128" percent="76">
      <mem type="soa" free="15977408" total="20957184" percent="76" />
      <mem type="loa" free="210944" total="210944" percent="100" />
    </mem>
    <pending-finalizers system="0" default="0" reference="7" classloader="0" />
  </mem-info>
</gc-end>
<cycle-end id="628" type="global" contextid="618" timestamp="2019-08-08T00:00:02.214" />
  <attribute name="elasticGC enabled" value="1" />
  <attribute name= "numThreadsSpecified" value="16" />
  <attribute name="heapSize specified" value="20840448" />
  <attribute name="Current GC Util" value="47" />
  <attribute name= "Current Time Running" value="121136" />
  <attribute name ="GC Interval" value="0" />
  <attribute name="Target GC Util Change" value ="80.000000" />
  <attribute name="Current GC Util Change" value="47.000000"/>
  <attribute name="Current Error" value="33.000000" />
  <attribute name="Output H" value="21143312"/>
  <attribute name="Output I" value="2184"/>
  <attribute name="Output T" value="16"/>
  <attribute name= "Current Time Running" value="121136" />
  <attribute name="GC Util currently" value="47" />
  <attribute name="CPU Util currently" value="40681926617" />
<allocation-satisfied id="629" threadId="0000000001DD0F00" bytesRequested="32" />
<af-end id="630" timestamp="2019-08-08T00:00:02.214" threadId="0000000001DD1888" success="true" />
<exclusive-end id="631" timestamp="2019-08-08T00:00:02.214" durationms="37.409" />

<exclusive-start id="632" timestamp="2019-08-08T00:00:02.312" intervalms="135.761">
  <response-info timems="0.040" idlems="0.040" threads="0" lastid="0000000001DD0F00" lastname="main" />
</exclusive-start>
<sys-start reason="explicit" id="633" timestamp="2019-08-08T00:00:02.312" intervalms="121054.522" />
<cycle-start id="634" type="global" contextid="0" timestamp="2019-08-08T00:00:02.312" intervalms="135.762" />
<gc-start id="635" type="global" contextid="634" timestamp="2019-08-08T00:00:02.312">
  <mem-info id="636" free="9559720" total="21168128" percent="45">
    <mem type="tenure" free="9559720" total="21168128" percent="45">
      <mem type="soa" free="9348776" total="20957184" percent="44" />
      <mem type="loa" free="210944" total="210944" percent="100" />
    </mem>
  </mem-info>
</gc-start>
<allocation-stats totalBytes="6691600" >
  <allocated-bytes non-tlh="431384" tlh="6260216" />
  <largest-consumer threadName="main" threadId="0000000001DD0F00" bytes="6691600" />
</allocation-stats>
<gc-op id="637" type="mark" timems="11.844" contextid="634" timestamp="2019-08-08T00:00:02.324">
  <trace-info objectcount="75447" scancount="62852" scanbytes="2113356" />
  <finalization candidates="80" enqueued="0" />
  <ownableSynchronizers candidates="21" cleared="0" />
  <references type="soft" candidates="1630" cleared="0" enqueued="0" dynamicThreshold="24" maxThreshold="32" />
  <references type="weak" candidates="4514" cleared="22" enqueued="20" />
  <references type="phantom" candidates="94" cleared="0" enqueued="0" />
  <stringconstants candidates="8698" cleared="15"  />
</gc-op>
<gc-op id="638" type="classunload" timems="0.454" contextid="634" timestamp="2019-08-08T00:00:02.325">
  <classunload-info classloadercandidates="17" classloadersunloaded="1" classesunloaded="1" anonymousclassesunloaded="0" quiescems="0.000" setupms="0.441" scanms="0.010" postms="0.003" />
</gc-op>
<gc-op id="639" type="sweep" timems="2.279" contextid="634" timestamp="2019-08-08T00:00:02.327" />
<mem-info id="640" free="16716280" total="21168128" percent="78">
  <mem type="tenure" free="16716280" total="21168128" percent="78" micro-fragmented="90532" macro-fragmented="0">
    <mem type="soa" free="16505336" total="20957184" percent="78" />
    <mem type="loa" free="210944" total="210944" percent="100" />
  </mem>
  <pending-finalizers system="0" default="0" reference="20" classloader="0" />
</mem-info>
<gc-op id="641" type="compact" timems="32.131" contextid="634" timestamp="2019-08-08T00:00:02.359">
  <compact-info movecount="72080" movebytes="4158872" reason="compact to aid heap contraction" />
</gc-op>
<heap-resize id="642" type="expand" space="tenure" amount="327680" count="1" timems="0.060" reason="satisfy allocation request" timestamp="2019-08-08T00:00:02.360" />
<gc-end id="643" type="global" contextid="634" durationms="47.678" usertimems="81.784" systemtimems="0.000" timestamp="2019-08-08T00:00:02.360" activeThreads="16">
  <mem-info id="644" free="17165144" total="21495808" percent="79">
    <mem type="tenure" free="17165144" total="21495808" percent="79">
      <mem type="soa" free="16951128" total="21281792" percent="79" />
      <mem type="loa" free="214016" total="214016" percent="100" />
    </mem>
    <pending-finalizers system="0" default="0" reference="20" classloader="0" />
  </mem-info>
</gc-end>
<cycle-end id="645" type="global" contextid="634" timestamp="2019-08-08T00:00:02.360" />
  <attribute name="elasticGC enabled" value="1" />
  <attribute name= "numThreadsSpecified" value="16" />
  <attribute name="heapSize specified" value="21168128" />
  <attribute name="Current GC Util" value="63" />
  <attribute name= "Current Time Running" value="121282" />
  <attribute name ="GC Interval" value="0" />
  <attribute name="Target GC Util Change" value ="80.000000" />
  <attribute name="Current GC Util Change" value="63.000000"/>
  <attribute name="Current Error" value="-62.000000" />
  <attribute name="Output H" value="21470560"/>
  <attribute name="Output I" value="1688"/>
  <attribute name="Output T" value="16"/>
  <attribute name= "Current Time Running" value="121282" />
  <attribute name="GC Util currently" value="63" />
  <attribute name="CPU Util currently" value="35835166762" />
<sys-end id="646" timestamp="2019-08-08T00:00:02.360" />
<exclusive-end id="647" timestamp="2019-08-08T00:00:02.360" durationms="47.862" />

===== DaCapo 9.12-MR1 jython starting =====
<exclusive-start id="648" timestamp="2019-08-08T00:00:02.647" intervalms="334.510">
  <response-info timems="0.030" idlems="0.030" threads="0" lastid="0000000001DD0F00" lastname="main" />
</exclusive-start>
<af-start id="649" threadId="0000000001DD1888" totalBytesRequested="16392" timestamp="2019-08-08T00:00:02.647" intervalms="470.273" />
<cycle-start id="650" type="global" contextid="0" timestamp="2019-08-08T00:00:02.647" intervalms="334.513" />
<gc-start id="651" type="global" contextid="650" timestamp="2019-08-08T00:00:02.647">
  <mem-info id="652" free="0" total="21495808" percent="0">
    <mem type="tenure" free="0" total="21495808" percent="0">
      <mem type="soa" free="0" total="21281792" percent="0" />
      <mem type="loa" free="0" total="214016" percent="0" />
    </mem>
  </mem-info>
</gc-start>
<allocation-stats totalBytes="17124952" >
  <allocated-bytes non-tlh="869088" tlh="16255864" />
  <largest-consumer threadName="main" threadId="0000000001DD0F00" bytes="17116704" />
</allocation-stats>
<gc-op id="653" type="mark" timems="7.569" contextid="650" timestamp="2019-08-08T00:00:02.654">
  <trace-info objectcount="87680" scancount="71486" scanbytes="2332648" />
  <finalization candidates="80" enqueued="0" />
  <ownableSynchronizers candidates="21" cleared="0" />
  <references type="soft" candidates="1689" cleared="0" enqueued="0" dynamicThreshold="25" maxThreshold="32" />
  <references type="weak" candidates="4618" cleared="22" enqueued="19" />
  <references type="phantom" candidates="99" cleared="2" enqueued="2" />
  <stringconstants candidates="10904" cleared="12"  />
</gc-op>
<gc-op id="654" type="sweep" timems="2.554" contextid="650" timestamp="2019-08-08T00:00:02.657" />
<mem-info id="655" free="16332384" total="21495808" percent="75">
  <mem type="tenure" free="16332384" total="21495808" percent="75" micro-fragmented="39923" macro-fragmented="0">
    <mem type="soa" free="16332384" total="21281792" percent="76" />
    <mem type="loa" free="0" total="214016" percent="0" />
  </mem>
  <pending-finalizers system="0" default="0" reference="21" classloader="0" />
</mem-info>
<gc-op id="656" type="compact" timems="21.388" contextid="650" timestamp="2019-08-08T00:00:02.679">
  <compact-info movecount="56513" movebytes="3118560" reason="compact to aid heap contraction" />
</gc-op>
<heap-resize id="657" type="expand" space="tenure" amount="327680" count="1" timems="0.018" reason="satisfy allocation request" timestamp="2019-08-08T00:00:02.679" />
<gc-end id="658" type="global" contextid="650" durationms="32.815" usertimems="58.480" systemtimems="0.000" timestamp="2019-08-08T00:00:02.679" activeThreads="16">
  <mem-info id="659" free="16667552" total="21823488" percent="76">
    <mem type="tenure" free="16667552" total="21823488" percent="76">
      <mem type="soa" free="16449440" total="21605376" percent="76" />
      <mem type="loa" free="218112" total="218112" percent="100" />
    </mem>
    <pending-finalizers system="0" default="0" reference="21" classloader="0" />
  </mem-info>
</gc-end>
<cycle-end id="660" type="global" contextid="650" timestamp="2019-08-08T00:00:02.680" />
  <attribute name="elasticGC enabled" value="1" />
  <attribute name= "numThreadsSpecified" value="16" />
  <attribute name="heapSize specified" value="21495808" />
  <attribute name="Current GC Util" value="60" />
  <attribute name= "Current Time Running" value="121602" />
  <attribute name ="GC Interval" value="0" />
  <attribute name="Target GC Util Change" value ="80.000000" />
  <attribute name="Current GC Util Change" value="60.000000"/>
  <attribute name="Current Error" value="-249.000000" />
  <attribute name="Output H" value="21797376"/>
  <attribute name="Output I" value="720"/>
  <attribute name="Output T" value="16"/>
  <attribute name= "Current Time Running" value="121602" />
  <attribute name="GC Util currently" value="60" />
  <attribute name="CPU Util currently" value="53815334684" />
<allocation-satisfied id="661" threadId="0000000001DD0F00" bytesRequested="16392" />
<af-end id="662" timestamp="2019-08-08T00:00:02.680" threadId="0000000001DD1888" success="true" />
<exclusive-end id="663" timestamp="2019-08-08T00:00:02.680" durationms="33.084" />

<exclusive-start id="664" timestamp="2019-08-08T00:00:02.797" intervalms="150.674">
  <response-info timems="0.045" idlems="0.045" threads="0" lastid="0000000001DD0F00" lastname="main" />
</exclusive-start>
<af-start id="665" threadId="0000000001DD1888" totalBytesRequested="48" timestamp="2019-08-08T00:00:02.797" intervalms="150.680" />
<cycle-start id="666" type="global" contextid="0" timestamp="2019-08-08T00:00:02.797" intervalms="150.682" />
<gc-start id="667" type="global" contextid="666" timestamp="2019-08-08T00:00:02.797">
  <mem-info id="668" free="218112" total="21823488" percent="0">
    <mem type="tenure" free="218112" total="21823488" percent="0">
      <mem type="soa" free="0" total="21605376" percent="0" />
      <mem type="loa" free="218112" total="218112" percent="100" />
    </mem>
  </mem-info>
</gc-start>
<allocation-stats totalBytes="16512256" >
  <allocated-bytes non-tlh="437944" tlh="16074312" />
  <largest-consumer threadName="main" threadId="0000000001DD0F00" bytes="16508160" />
</allocation-stats>
<gc-op id="669" type="mark" timems="9.898" contextid="666" timestamp="2019-08-08T00:00:02.807">
  <trace-info objectcount="97308" scancount="80158" scanbytes="2748572" />
  <finalization candidates="80" enqueued="0" />
  <ownableSynchronizers candidates="21" cleared="0" />
  <references type="soft" candidates="1722" cleared="0" enqueued="0" dynamicThreshold="24" maxThreshold="32" />
  <references type="weak" candidates="4625" cleared="2" enqueued="2" />
  <references type="phantom" candidates="97" cleared="0" enqueued="0" />
  <stringconstants candidates="11076" cleared="0"  />
</gc-op>
<gc-op id="670" type="classunload" timems="0.007" contextid="666" timestamp="2019-08-08T00:00:02.807">
  <classunload-info classloadercandidates="19" classloadersunloaded="0" classesunloaded="0" anonymousclassesunloaded="0" quiescems="0.000" setupms="0.006" scanms="0.001" postms="0.000" />
</gc-op>
<gc-op id="671" type="sweep" timems="1.787" contextid="666" timestamp="2019-08-08T00:00:02.809" />
<mem-info id="672" free="16065256" total="21823488" percent="73">
  <mem type="tenure" free="16065256" total="21823488" percent="73" micro-fragmented="148828" macro-fragmented="0">
    <mem type="soa" free="15847144" total="21605376" percent="73" />
    <mem type="loa" free="218112" total="218112" percent="100" />
  </mem>
  <pending-finalizers system="0" default="0" reference="2" classloader="0" />
</mem-info>
<gc-op id="673" type="compact" timems="25.793" contextid="666" timestamp="2019-08-08T00:00:02.835">
  <compact-info movecount="74180" movebytes="3891552" reason="compact to aid heap contraction" />
</gc-op>
<heap-resize id="674" type="expand" space="tenure" amount="327680" count="1" timems="0.019" reason="satisfy allocation request" timestamp="2019-08-08T00:00:02.836" />
<gc-end id="675" type="global" contextid="666" durationms="38.764" usertimems="62.635" systemtimems="0.000" timestamp="2019-08-08T00:00:02.836" activeThreads="16">
  <mem-info id="676" free="16510248" total="22151168" percent="74">
    <mem type="tenure" free="16510248" total="22151168" percent="74">
      <mem type="soa" free="16289064" total="21929984" percent="74" />
      <mem type="loa" free="221184" total="221184" percent="100" />
    </mem>
    <pending-finalizers system="0" default="0" reference="2" classloader="0" />
  </mem-info>
</gc-end>
<cycle-end id="677" type="global" contextid="666" timestamp="2019-08-08T00:00:02.836" />
  <attribute name="elasticGC enabled" value="1" />
  <attribute name= "numThreadsSpecified" value="16" />
  <attribute name="heapSize specified" value="21823488" />
  <attribute name="Current GC Util" value="56" />
  <attribute name= "Current Time Running" value="121759" />
  <attribute name ="GC Interval" value="0" />
  <attribute name="Target GC Util Change" value ="80.000000" />
  <attribute name="Current GC Util Change" value="56.000000"/>
  <attribute name="Current Error" value="24.000000" />
  <attribute name="Output H" value="22126312"/>
  <attribute name="Output I" value="2136"/>
  <attribute name="Output T" value="16"/>
  <attribute name= "Current Time Running" value="121759" />
  <attribute name="GC Util currently" value="56" />
  <attribute name="CPU Util currently" value="44639967569" />
<allocation-satisfied id="678" threadId="0000000001DD0F00" bytesRequested="48" />
<af-end id="679" timestamp="2019-08-08T00:00:02.836" threadId="0000000001DD1888" success="true" />
<exclusive-end id="680" timestamp="2019-08-08T00:00:02.836" durationms="38.986" />

<exclusive-start id="681" timestamp="2019-08-08T00:00:02.896" intervalms="99.136">
  <response-info timems="0.425" idlems="0.425" threads="0" lastid="0000000001DD0F00" lastname="main" />
</exclusive-start>
<af-start id="682" threadId="0000000001DD1888" totalBytesRequested="32" timestamp="2019-08-08T00:00:02.896" intervalms="99.133" />
<cycle-start id="683" type="global" contextid="0" timestamp="2019-08-08T00:00:02.896" intervalms="99.148" />
<gc-start id="684" type="global" contextid="683" timestamp="2019-08-08T00:00:02.897">
  <mem-info id="685" free="221184" total="22151168" percent="0">
    <mem type="tenure" free="221184" total="22151168" percent="0">
      <mem type="soa" free="0" total="21929984" percent="0" />
      <mem type="loa" free="221184" total="221184" percent="100" />
    </mem>
  </mem-info>
</gc-start>
<allocation-stats totalBytes="16352584" >
  <allocated-bytes non-tlh="203768" tlh="16148816" />
  <largest-consumer threadName="main" threadId="0000000001DD0F00" bytes="16348488" />
</allocation-stats>
<gc-op id="686" type="mark" timems="13.955" contextid="683" timestamp="2019-08-08T00:00:02.910">
  <trace-info objectcount="92919" scancount="76181" scanbytes="2529292" />
  <finalization candidates="80" enqueued="0" />
  <ownableSynchronizers candidates="21" cleared="0" />
  <references type="soft" candidates="1732" cleared="0" enqueued="0" dynamicThreshold="23" maxThreshold="32" />
  <references type="weak" candidates="4623" cleared="0" enqueued="0" />
  <references type="phantom" candidates="97" cleared="0" enqueued="0" />
  <stringconstants candidates="11140" cleared="0"  />
</gc-op>
<gc-op id="687" type="sweep" timems="4.672" contextid="683" timestamp="2019-08-08T00:00:02.915" />
<mem-info id="688" free="16827680" total="22151168" percent="75">
  <mem type="tenure" free="16827680" total="22151168" percent="75" micro-fragmented="16414" macro-fragmented="11146343">
    <mem type="soa" free="16606496" total="21929984" percent="75" />
    <mem type="loa" free="221184" total="221184" percent="100" />
  </mem>
</mem-info>
<gc-op id="689" type="compact" timems="16.138" contextid="683" timestamp="2019-08-08T00:00:02.931">
  <compact-info movecount="45388" movebytes="2603752" reason="compact to aid heap contraction" />
</gc-op>
<heap-resize id="690" type="expand" space="tenure" amount="327680" count="1" timems="0.019" reason="satisfy allocation request" timestamp="2019-08-08T00:00:02.932" />
<gc-end id="691" type="global" contextid="683" durationms="35.472" usertimems="62.472" systemtimems="0.000" timestamp="2019-08-08T00:00:02.932" activeThreads="16">
  <mem-info id="692" free="17135776" total="22478848" percent="76">
    <mem type="tenure" free="17135776" total="22478848" percent="76">
      <mem type="soa" free="16911520" total="22254592" percent="75" />
      <mem type="loa" free="224256" total="224256" percent="100" />
    </mem>
  </mem-info>
</gc-end>
<cycle-end id="693" type="global" contextid="683" timestamp="2019-08-08T00:00:02.932" />
  <attribute name="elasticGC enabled" value="1" />
  <attribute name= "numThreadsSpecified" value="16" />
  <attribute name="heapSize specified" value="22151168" />
  <attribute name="Current GC Util" value="62" />
  <attribute name= "Current Time Running" value="121855" />
  <attribute name ="GC Interval" value="0" />
  <attribute name="Target GC Util Change" value ="80.000000" />
  <attribute name="Current GC Util Change" value="62.000000"/>
  <attribute name="Current Error" value="-35.000000" />
  <attribute name="Output H" value="22453720"/>
  <attribute name="Output I" value="1832"/>
  <attribute name="Output T" value="16"/>
  <attribute name= "Current Time Running" value="121855" />
  <attribute name="GC Util currently" value="62" />
  <attribute name="CPU Util currently" value="71275310706" />
<allocation-satisfied id="694" threadId="0000000001DD0F00" bytesRequested="32" />
<af-end id="695" timestamp="2019-08-08T00:00:02.932" threadId="0000000001DD1888" success="true" />
<exclusive-end id="696" timestamp="2019-08-08T00:00:02.932" durationms="35.695" />

<exclusive-start id="697" timestamp="2019-08-08T00:00:03.022" intervalms="125.145">
  <response-info timems="0.103" idlems="0.103" threads="0" lastid="0000000001DD0F00" lastname="main" />
</exclusive-start>
<af-start id="698" threadId="0000000001DD1888" totalBytesRequested="48" timestamp="2019-08-08T00:00:03.022" intervalms="125.166" />
<cycle-start id="699" type="global" contextid="0" timestamp="2019-08-08T00:00:03.022" intervalms="125.148" />
<gc-start id="700" type="global" contextid="699" timestamp="2019-08-08T00:00:03.022">
  <mem-info id="701" free="224256" total="22478848" percent="0">
    <mem type="tenure" free="224256" total="22478848" percent="0">
      <mem type="soa" free="0" total="22254592" percent="0" />
      <mem type="loa" free="224256" total="224256" percent="100" />
    </mem>
  </mem-info>
</gc-start>
<allocation-stats totalBytes="16974256" >
  <allocated-bytes non-tlh="213304" tlh="16760952" />
  <largest-consumer threadName="main" threadId="0000000001DD0F00" bytes="16974256" />
</allocation-stats>
<gc-op id="702" type="mark" timems="9.677" contextid="699" timestamp="2019-08-08T00:00:03.031">
  <trace-info objectcount="116788" scancount="97693" scanbytes="3442796" />
  <finalization candidates="80" enqueued="0" />
  <ownableSynchronizers candidates="21" cleared="0" />
  <references type="soft" candidates="1733" cleared="0" enqueued="0" dynamicThreshold="24" maxThreshold="32" />
  <references type="weak" candidates="4796" cleared="0" enqueued="0" />
  <references type="phantom" candidates="97" cleared="0" enqueued="0" />
  <stringconstants candidates="11326" cleared="0"  />
</gc-op>
<gc-op id="703" type="sweep" timems="2.841" contextid="699" timestamp="2019-08-08T00:00:03.034" />
<mem-info id="704" free="15572144" total="22478848" percent="69">
  <mem type="tenure" free="15572144" total="22478848" percent="69" micro-fragmented="279245" macro-fragmented="0">
    <mem type="soa" free="15347888" total="22254592" percent="68" />
    <mem type="loa" free="224256" total="224256" percent="100" />
  </mem>
</mem-info>
<gc-op id="705" type="compact" timems="25.890" contextid="699" timestamp="2019-08-08T00:00:03.060">
  <compact-info movecount="81998" movebytes="4214136" reason="compact to aid heap contraction" />
</gc-op>
<heap-resize id="706" type="expand" space="tenure" amount="327680" count="1" timems="0.021" reason="satisfy allocation request" timestamp="2019-08-08T00:00:03.061" />
<gc-end id="707" type="global" contextid="699" durationms="39.408" usertimems="67.853" systemtimems="0.000" timestamp="2019-08-08T00:00:03.061" activeThreads="16">
  <mem-info id="708" free="16414232" total="22806528" percent="71">
    <mem type="tenure" free="16414232" total="22806528" percent="71">
      <mem type="soa" free="16186904" total="22579200" percent="71" />
      <mem type="loa" free="227328" total="227328" percent="100" />
    </mem>
  </mem-info>
</gc-end>
<cycle-end id="709" type="global" contextid="699" timestamp="2019-08-08T00:00:03.061" />
  <attribute name="elasticGC enabled" value="1" />
  <attribute name= "numThreadsSpecified" value="16" />
  <attribute name="heapSize specified" value="22478848" />
  <attribute name="Current GC Util" value="53" />
  <attribute name= "Current Time Running" value="121983" />
  <attribute name ="GC Interval" value="0" />
  <attribute name="Target GC Util Change" value ="80.000000" />
  <attribute name="Current GC Util Change" value="53.000000"/>
  <attribute name="Current Error" value="-128.000000" />
  <attribute name="Output H" value="22780976"/>
  <attribute name="Output I" value="1344"/>
  <attribute name="Output T" value="16"/>
  <attribute name= "Current Time Running" value="121983" />
  <attribute name="GC Util currently" value="53" />
  <attribute name="CPU Util currently" value="44482332977" />
<allocation-satisfied id="710" threadId="0000000001DD0F00" bytesRequested="48" />
<af-end id="711" timestamp="2019-08-08T00:00:03.061" threadId="0000000001DD1888" success="true" />
<exclusive-end id="712" timestamp="2019-08-08T00:00:03.061" durationms="39.617" />

<exclusive-start id="713" timestamp="2019-08-08T00:00:03.230" intervalms="208.061">
  <response-info timems="0.019" idlems="0.019" threads="0" lastid="0000000001DD0F00" lastname="main" />
</exclusive-start>
<af-start id="714" threadId="0000000001DD1888" totalBytesRequested="32" timestamp="2019-08-08T00:00:03.230" intervalms="208.041" />
<cycle-start id="715" type="global" contextid="0" timestamp="2019-08-08T00:00:03.230" intervalms="208.040" />
<gc-start id="716" type="global" contextid="715" timestamp="2019-08-08T00:00:03.230">
  <mem-info id="717" free="227328" total="22806528" percent="0">
    <mem type="tenure" free="227328" total="22806528" percent="0">
      <mem type="soa" free="0" total="22579200" percent="0" />
      <mem type="loa" free="227328" total="227328" percent="100" />
    </mem>
  </mem-info>
</gc-start>
<allocation-stats totalBytes="16247080" >
  <allocated-bytes non-tlh="703624" tlh="15543456" />
  <largest-consumer threadName="main" threadId="0000000001DD0F00" bytes="16247080" />
</allocation-stats>
<gc-op id="718" type="mark" timems="15.976" contextid="715" timestamp="2019-08-08T00:00:03.246">
  <trace-info objectcount="99178" scancount="81600" scanbytes="2752900" />
  <finalization candidates="81" enqueued="1" />
  <ownableSynchronizers candidates="21" cleared="0" />
  <references type="soft" candidates="1758" cleared="0" enqueued="0" dynamicThreshold="23" maxThreshold="32" />
  <references type="weak" candidates="5097" cleared="13" enqueued="13" />
  <references type="phantom" candidates="97" cleared="0" enqueued="0" />
  <stringconstants candidates="11675" cleared="0"  />
</gc-op>
<gc-op id="719" type="classunload" timems="0.009" contextid="715" timestamp="2019-08-08T00:00:03.246">
  <classunload-info classloadercandidates="25" classloadersunloaded="0" classesunloaded="0" anonymousclassesunloaded="0" quiescems="0.000" setupms="0.008" scanms="0.001" postms="0.000" />
</gc-op>
<gc-op id="720" type="sweep" timems="1.914" contextid="715" timestamp="2019-08-08T00:00:03.248" />
<mem-info id="721" free="17026656" total="22806528" percent="74">
  <mem type="tenure" free="17026656" total="22806528" percent="74" micro-fragmented="90482" macro-fragmented="0">
    <mem type="soa" free="16799328" total="22579200" percent="74" />
    <mem type="loa" free="227328" total="227328" percent="100" />
  </mem>
  <pending-finalizers system="0" default="1" reference="13" classloader="0" />
</mem-info>
<gc-op id="722" type="compact" timems="25.729" contextid="715" timestamp="2019-08-08T00:00:03.274">
  <compact-info movecount="81375" movebytes="4750144" reason="compact to aid heap contraction" />
</gc-op>
<heap-resize id="723" type="expand" space="tenure" amount="327680" count="1" timems="0.016" reason="satisfy allocation request" timestamp="2019-08-08T00:00:03.274" />
<gc-end id="724" type="global" contextid="715" durationms="44.618" usertimems="65.973" systemtimems="0.000" timestamp="2019-08-08T00:00:03.274" activeThreads="16">
  <mem-info id="725" free="17454272" total="23134208" percent="75">
    <mem type="tenure" free="17454272" total="23134208" percent="75">
      <mem type="soa" free="17223872" total="22903808" percent="75" />
      <mem type="loa" free="230400" total="230400" percent="100" />
    </mem>
    <pending-finalizers system="0" default="1" reference="13" classloader="0" />
  </mem-info>
</gc-end>
<cycle-end id="726" type="global" contextid="715" timestamp="2019-08-08T00:00:03.274" />
  <attribute name="elasticGC enabled" value="1" />
  <attribute name= "numThreadsSpecified" value="16" />
  <attribute name="heapSize specified" value="22806528" />
  <attribute name="Current GC Util" value="49" />
  <attribute name= "Current Time Running" value="122197" />
  <attribute name ="GC Interval" value="0" />
  <attribute name="Target GC Util Change" value ="80.000000" />
  <attribute name="Current GC Util Change" value="49.000000"/>
  <attribute name="Current Error" value="31.000000" />
  <attribute name="Output H" value="23109384"/>
  <attribute name="Output I" value="2176"/>
  <attribute name="Output T" value="16"/>
  <attribute name= "Current Time Running" value="122197" />
  <attribute name="GC Util currently" value="49" />
  <attribute name="CPU Util currently" value="44707618070" />
<allocation-satisfied id="727" threadId="0000000001DD0F00" bytesRequested="32" />
<af-end id="728" timestamp="2019-08-08T00:00:03.274" threadId="0000000001DD1888" success="true" />
<exclusive-end id="729" timestamp="2019-08-08T00:00:03.274" durationms="44.796" />

<exclusive-start id="730" timestamp="2019-08-08T00:00:03.387" intervalms="157.684">
  <response-info timems="0.017" idlems="0.017" threads="0" lastid="0000000001DD0F00" lastname="main" />
</exclusive-start>
<af-start id="731" threadId="0000000001DD1888" totalBytesRequested="32" timestamp="2019-08-08T00:00:03.387" intervalms="157.681" />
<cycle-start id="732" type="global" contextid="0" timestamp="2019-08-08T00:00:03.387" intervalms="157.682" />
<gc-start id="733" type="global" contextid="732" timestamp="2019-08-08T00:00:03.387">
  <mem-info id="734" free="230400" total="23134208" percent="0">
    <mem type="tenure" free="230400" total="23134208" percent="0">
      <mem type="soa" free="0" total="22903808" percent="0" />
      <mem type="loa" free="230400" total="230400" percent="100" />
    </mem>
  </mem-info>
</gc-start>
<allocation-stats totalBytes="17286208" >
  <allocated-bytes non-tlh="879152" tlh="16407056" />
  <largest-consumer threadName="main" threadId="0000000001DD0F00" bytes="17277896" />
</allocation-stats>
<gc-op id="735" type="mark" timems="8.765" contextid="732" timestamp="2019-08-08T00:00:03.396">
  <trace-info objectcount="108346" scancount="90012" scanbytes="3111856" />
  <finalization candidates="80" enqueued="0" />
  <ownableSynchronizers candidates="21" cleared="0" />
  <references type="soft" candidates="1783" cleared="0" enqueued="0" dynamicThreshold="24" maxThreshold="32" />
  <references type="weak" candidates="5091" cleared="2" enqueued="2" />
  <references type="phantom" candidates="98" cleared="0" enqueued="0" />
  <stringconstants candidates="11804" cleared="0"  />
</gc-op>
<gc-op id="736" type="sweep" timems="2.093" contextid="732" timestamp="2019-08-08T00:00:03.398" />
<mem-info id="737" free="16420168" total="23134208" percent="70">
  <mem type="tenure" free="16420168" total="23134208" percent="70" micro-fragmented="213372" macro-fragmented="0">
    <mem type="soa" free="16189768" total="22903808" percent="70" />
    <mem type="loa" free="230400" total="230400" percent="100" />
  </mem>
  <pending-finalizers system="0" default="0" reference="2" classloader="0" />
</mem-info>
<gc-op id="738" type="compact" timems="29.922" contextid="732" timestamp="2019-08-08T00:00:03.428">
  <compact-info movecount="91003" movebytes="5537944" reason="compact to aid heap contraction" />
</gc-op>
<heap-resize id="739" type="expand" space="tenure" amount="327680" count="1" timems="0.025" reason="satisfy allocation request" timestamp="2019-08-08T00:00:03.429" />
<gc-end id="740" type="global" contextid="732" durationms="41.958" usertimems="68.644" systemtimems="0.000" timestamp="2019-08-08T00:00:03.429" activeThreads="16">
  <mem-info id="741" free="17003960" total="23461888" percent="72">
    <mem type="tenure" free="17003960" total="23461888" percent="72">
      <mem type="soa" free="16769464" total="23227392" percent="72" />
      <mem type="loa" free="234496" total="234496" percent="100" />
    </mem>
    <pending-finalizers system="0" default="0" reference="2" classloader="0" />
  </mem-info>
</gc-end>
<cycle-end id="742" type="global" contextid="732" timestamp="2019-08-08T00:00:03.429" />
  <attribute name="elasticGC enabled" value="1" />
  <attribute name= "numThreadsSpecified" value="16" />
  <attribute name="heapSize specified" value="23134208" />
  <attribute name="Current GC Util" value="46" />
  <attribute name= "Current Time Running" value="122352" />
  <attribute name ="GC Interval" value="0" />
  <attribute name="Target GC Util Change" value ="80.000000" />
  <attribute name="Current GC Util Change" value="46.000000"/>
  <attribute name="Current Error" value="-74.000000" />
  <attribute name="Output H" value="23436584"/>
  <attribute name="Output I" value="1624"/>
  <attribute name="Output T" value="16"/>
  <attribute name= "Current Time Running" value="122352" />
  <attribute name="GC Util currently" value="46" />
  <attribute name="CPU Util currently" value="38498389927" />
<allocation-satisfied id="743" threadId="0000000001DD0F00" bytesRequested="32" />
<af-end id="744" timestamp="2019-08-08T00:00:03.429" threadId="0000000001DD1888" success="true" />
<exclusive-end id="745" timestamp="2019-08-08T00:00:03.429" durationms="42.147" />

<exclusive-start id="746" timestamp="2019-08-08T00:00:03.531" intervalms="143.647">
  <response-info timems="0.017" idlems="0.017" threads="0" lastid="0000000001DD0F00" lastname="main" />
</exclusive-start>
<af-start id="747" threadId="0000000001DD1888" totalBytesRequested="40" timestamp="2019-08-08T00:00:03.531" intervalms="143.653" />
<cycle-start id="748" type="global" contextid="0" timestamp="2019-08-08T00:00:03.531" intervalms="143.664" />
<gc-start id="749" type="global" contextid="748" timestamp="2019-08-08T00:00:03.531">
  <mem-info id="750" free="234496" total="23461888" percent="0">
    <mem type="tenure" free="234496" total="23461888" percent="0">
      <mem type="soa" free="0" total="23227392" percent="0" />
      <mem type="loa" free="234496" total="234496" percent="100" />
    </mem>
  </mem-info>
</gc-start>
<allocation-stats totalBytes="16830328" >
  <allocated-bytes non-tlh="452952" tlh="16377376" />
  <largest-consumer threadName="main" threadId="0000000001DD0F00" bytes="16830328" />
</allocation-stats>
<gc-op id="751" type="mark" timems="13.101" contextid="748" timestamp="2019-08-08T00:00:03.544">
  <trace-info objectcount="101345" scancount="83481" scanbytes="2757548" />
  <finalization candidates="80" enqueued="0" />
  <ownableSynchronizers candidates="21" cleared="0" />
  <references type="soft" candidates="1874" cleared="0" enqueued="0" dynamicThreshold="23" maxThreshold="32" />
  <references type="weak" candidates="5293" cleared="9" enqueued="9" />
  <references type="phantom" candidates="97" cleared="0" enqueued="0" />
  <stringconstants candidates="12269" cleared="9"  />
</gc-op>
<gc-op id="752" type="classunload" timems="0.564" contextid="748" timestamp="2019-08-08T00:00:03.545">
  <classunload-info classloadercandidates="31" classloadersunloaded="2" classesunloaded="2" anonymousclassesunloaded="0" quiescems="0.000" setupms="0.550" scanms="0.011" postms="0.003" />
</gc-op>
<gc-op id="753" type="sweep" timems="3.911" contextid="748" timestamp="2019-08-08T00:00:03.549" />
<mem-info id="754" free="17775688" total="23461888" percent="75">
  <mem type="tenure" free="17775688" total="23461888" percent="75" micro-fragmented="59282" macro-fragmented="0">
    <mem type="soa" free="17541192" total="23227392" percent="75" />
    <mem type="loa" free="234496" total="234496" percent="100" />
  </mem>
  <pending-finalizers system="0" default="0" reference="9" classloader="0" />
</mem-info>
<gc-op id="755" type="compact" timems="24.845" contextid="748" timestamp="2019-08-08T00:00:03.574">
  <compact-info movecount="69011" movebytes="3594632" reason="compact to aid heap contraction" />
</gc-op>
<heap-resize id="756" type="expand" space="tenure" amount="327680" count="1" timems="0.020" reason="satisfy allocation request" timestamp="2019-08-08T00:00:03.576" />
<gc-end id="757" type="global" contextid="748" durationms="45.062" usertimems="77.019" systemtimems="0.000" timestamp="2019-08-08T00:00:03.576" activeThreads="16">
  <mem-info id="758" free="18111400" total="23789568" percent="76">
    <mem type="tenure" free="18111400" total="23789568" percent="76">
      <mem type="soa" free="17873832" total="23552000" percent="75" />
      <mem type="loa" free="237568" total="237568" percent="100" />
    </mem>
    <pending-finalizers system="0" default="0" reference="9" classloader="0" />
  </mem-info>
</gc-end>
<cycle-end id="759" type="global" contextid="748" timestamp="2019-08-08T00:00:03.576" />
  <attribute name="elasticGC enabled" value="1" />
  <attribute name= "numThreadsSpecified" value="16" />
  <attribute name="heapSize specified" value="23461888" />
  <attribute name="Current GC Util" value="68" />
  <attribute name= "Current Time Running" value="122497" />
  <attribute name ="GC Interval" value="0" />
  <attribute name="Target GC Util Change" value ="80.000000" />
  <attribute name="Current GC Util Change" value="68.000000"/>
  <attribute name="Current Error" value="-117.000000" />
  <attribute name="Output H" value="23764064"/>
  <attribute name="Output I" value="1408"/>
  <attribute name="Output T" value="16"/>
  <attribute name= "Current Time Running" value="122497" />
  <attribute name="GC Util currently" value="68" />
  <attribute name="CPU Util currently" value="46350896186" />
<allocation-satisfied id="760" threadId="0000000001DD0F00" bytesRequested="40" />
<af-end id="761" timestamp="2019-08-08T00:00:03.576" threadId="0000000001DD1888" success="true" />
<exclusive-end id="762" timestamp="2019-08-08T00:00:03.576" durationms="45.285" />

<exclusive-start id="763" timestamp="2019-08-08T00:00:03.640" intervalms="109.473">
  <response-info timems="0.020" idlems="0.020" threads="0" lastid="0000000001DD0F00" lastname="main" />
</exclusive-start>
<af-start id="764" threadId="0000000001DD1888" totalBytesRequested="48" timestamp="2019-08-08T00:00:03.640" intervalms="109.477" />
<cycle-start id="765" type="global" contextid="0" timestamp="2019-08-08T00:00:03.640" intervalms="109.477" />
<gc-start id="766" type="global" contextid="765" timestamp="2019-08-08T00:00:03.641">
  <mem-info id="767" free="237568" total="23789568" percent="0">
    <mem type="tenure" free="237568" total="23789568" percent="0">
      <mem type="soa" free="0" total="23552000" percent="0" />
      <mem type="loa" free="237568" total="237568" percent="100" />
    </mem>
  </mem-info>
</gc-start>
<allocation-stats totalBytes="17935960" >
  <allocated-bytes non-tlh="824616" tlh="17111344" />
  <largest-consumer threadName="main" threadId="0000000001DD0F00" bytes="17935960" />
</allocation-stats>
<gc-op id="768" type="mark" timems="13.972" contextid="765" timestamp="2019-08-08T00:00:03.655">
  <trace-info objectcount="104172" scancount="86053" scanbytes="2825328" />
  <finalization candidates="80" enqueued="0" />
  <ownableSynchronizers candidates="21" cleared="0" />
  <references type="soft" candidates="1878" cleared="0" enqueued="0" dynamicThreshold="24" maxThreshold="32" />
  <references type="weak" candidates="5306" cleared="1" enqueued="1" />
  <references type="phantom" candidates="96" cleared="0" enqueued="0" />
  <stringconstants candidates="12396" cleared="0"  />
</gc-op>
<gc-op id="769" type="sweep" timems="2.860" contextid="765" timestamp="2019-08-08T00:00:03.658" />
<mem-info id="770" free="18134984" total="23789568" percent="76">
  <mem type="tenure" free="18134984" total="23789568" percent="76" micro-fragmented="117542" macro-fragmented="0">
    <mem type="soa" free="17897416" total="23552000" percent="75" />
    <mem type="loa" free="237568" total="237568" percent="100" />
  </mem>
  <pending-finalizers system="0" default="0" reference="1" classloader="0" />
</mem-info>
<gc-op id="771" type="compact" timems="24.523" contextid="765" timestamp="2019-08-08T00:00:03.682">
  <compact-info movecount="61395" movebytes="2989624" reason="compact to aid heap contraction" />
</gc-op>
<heap-resize id="772" type="expand" space="tenure" amount="327680" count="1" timems="0.017" reason="satisfy allocation request" timestamp="2019-08-08T00:00:03.684" />
<gc-end id="773" type="global" contextid="765" durationms="43.093" usertimems="114.613" systemtimems="0.000" timestamp="2019-08-08T00:00:03.684" activeThreads="16">
  <mem-info id="774" free="18574520" total="24117248" percent="77">
    <mem type="tenure" free="18574520" total="24117248" percent="77">
      <mem type="soa" free="18333880" total="23876608" percent="76" />
      <mem type="loa" free="240640" total="240640" percent="100" />
    </mem>
    <pending-finalizers system="0" default="0" reference="1" classloader="0" />
  </mem-info>
</gc-end>
<cycle-end id="775" type="global" contextid="765" timestamp="2019-08-08T00:00:03.684" />
  <attribute name="elasticGC enabled" value="1" />
  <attribute name= "numThreadsSpecified" value="16" />
  <attribute name="heapSize specified" value="23789568" />
  <attribute name="Current GC Util" value="75" />
  <attribute name= "Current Time Running" value="122606" />
  <attribute name ="GC Interval" value="0" />
  <attribute name="Target GC Util Change" value ="80.000000" />
  <attribute name="Current GC Util Change" value="75.000000"/>
  <attribute name="Current Error" value="5.000000" />
  <attribute name="Output H" value="24092304"/>
  <attribute name="Output I" value="2040"/>
  <attribute name="Output T" value="16"/>
  <attribute name= "Current Time Running" value="122606" />
  <attribute name="GC Util currently" value="75" />
  <attribute name="CPU Util currently" value="46276154838" />
<allocation-satisfied id="776" threadId="0000000001DD0F00" bytesRequested="48" />
<af-end id="777" timestamp="2019-08-08T00:00:03.684" threadId="0000000001DD1888" success="true" />
<exclusive-end id="778" timestamp="2019-08-08T00:00:03.684" durationms="43.330" />

<exclusive-start id="779" timestamp="2019-08-08T00:00:03.745" intervalms="104.794">
  <response-info timems="0.046" idlems="0.046" threads="0" lastid="0000000001DD0F00" lastname="main" />
</exclusive-start>
<af-start id="780" threadId="0000000001DD1888" totalBytesRequested="192" timestamp="2019-08-08T00:00:03.746" intervalms="105.337" />
<cycle-start id="781" type="global" contextid="0" timestamp="2019-08-08T00:00:03.746" intervalms="105.458" />
<gc-start id="782" type="global" contextid="781" timestamp="2019-08-08T00:00:03.746">
  <mem-info id="783" free="240640" total="24117248" percent="0">
    <mem type="tenure" free="240640" total="24117248" percent="0">
      <mem type="soa" free="0" total="23876608" percent="0" />
      <mem type="loa" free="240640" total="240640" percent="100" />
    </mem>
  </mem-info>
</gc-start>
<allocation-stats totalBytes="18396760" >
  <allocated-bytes non-tlh="406256" tlh="17990504" />
  <largest-consumer threadName="main" threadId="0000000001DD0F00" bytes="18396760" />
</allocation-stats>
<gc-op id="784" type="mark" timems="10.308" contextid="781" timestamp="2019-08-08T00:00:03.757">
  <trace-info objectcount="116540" scancount="98497" scanbytes="3313608" />
  <finalization candidates="80" enqueued="0" />
  <ownableSynchronizers candidates="21" cleared="0" />
  <references type="soft" candidates="1913" cleared="0" enqueued="0" dynamicThreshold="24" maxThreshold="32" />
  <references type="weak" candidates="5358" cleared="2" enqueued="2" />
  <references type="phantom" candidates="96" cleared="0" enqueued="0" />
  <stringconstants candidates="12479" cleared="0"  />
</gc-op>
<gc-op id="785" type="classunload" timems="0.010" contextid="781" timestamp="2019-08-08T00:00:03.757">
  <classunload-info classloadercandidates="36" classloadersunloaded="0" classesunloaded="0" anonymousclassesunloaded="0" quiescems="0.000" setupms="0.008" scanms="0.001" postms="0.001" />
</gc-op>
<gc-op id="786" type="sweep" timems="1.458" contextid="781" timestamp="2019-08-08T00:00:03.758" />
<mem-info id="787" free="17485224" total="24117248" percent="72">
  <mem type="tenure" free="17485224" total="24117248" percent="72" micro-fragmented="376286" macro-fragmented="7045948">
    <mem type="soa" free="17244584" total="23876608" percent="72" />
    <mem type="loa" free="240640" total="240640" percent="100" />
  </mem>
  <pending-finalizers system="0" default="0" reference="2" classloader="0" />
</mem-info>
<gc-op id="788" type="compact" timems="24.637" contextid="781" timestamp="2019-08-08T00:00:03.783">
  <compact-info movecount="82236" movebytes="3877688" reason="compact to aid heap contraction" />
</gc-op>
<heap-resize id="789" type="expand" space="tenure" amount="327680" count="1" timems="0.021" reason="satisfy allocation request" timestamp="2019-08-08T00:00:03.784" />
<gc-end id="790" type="global" contextid="781" durationms="37.627" usertimems="66.146" systemtimems="0.000" timestamp="2019-08-08T00:00:03.784" activeThreads="16">
  <mem-info id="791" free="18409640" total="24444928" percent="75">
    <mem type="tenure" free="18409640" total="24444928" percent="75">
      <mem type="soa" free="18165928" total="24201216" percent="75" />
      <mem type="loa" free="243712" total="243712" percent="100" />
    </mem>
    <pending-finalizers system="0" default="0" reference="2" classloader="0" />
  </mem-info>
</gc-end>
<cycle-end id="792" type="global" contextid="781" timestamp="2019-08-08T00:00:03.784" />
  <attribute name="elasticGC enabled" value="1" />
  <attribute name= "numThreadsSpecified" value="16" />
  <attribute name="heapSize specified" value="24117248" />
  <attribute name="Current GC Util" value="52" />
  <attribute name= "Current Time Running" value="122706" />
  <attribute name ="GC Interval" value="0" />
  <attribute name="Target GC Util Change" value ="80.000000" />
  <attribute name="Current GC Util Change" value="52.000000"/>
  <attribute name="Current Error" value="-166.000000" />
  <attribute name="Output H" value="24419200"/>
  <attribute name="Output I" value="1152"/>
  <attribute name="Output T" value="16"/>
  <attribute name= "Current Time Running" value="122706" />
  <attribute name="GC Util currently" value="52" />
  <attribute name="CPU Util currently" value="46736791089" />
<allocation-satisfied id="793" threadId="0000000001DD0F00" bytesRequested="192" />
<af-end id="794" timestamp="2019-08-08T00:00:03.784" threadId="0000000001DD1888" success="true" />
<exclusive-end id="795" timestamp="2019-08-08T00:00:03.784" durationms="38.516" />

<exclusive-start id="796" timestamp="2019-08-08T00:00:03.849" intervalms="103.455">
  <response-info timems="0.046" idlems="0.046" threads="0" lastid="0000000001DD0F00" lastname="main" />
</exclusive-start>
<af-start id="797" threadId="0000000001DD1888" totalBytesRequested="32" timestamp="2019-08-08T00:00:03.849" intervalms="102.904" />
<cycle-start id="798" type="global" contextid="0" timestamp="2019-08-08T00:00:03.849" intervalms="102.770" />
<gc-start id="799" type="global" contextid="798" timestamp="2019-08-08T00:00:03.849">
  <mem-info id="800" free="243712" total="24444928" percent="0">
    <mem type="tenure" free="243712" total="24444928" percent="0">
      <mem type="soa" free="0" total="24201216" percent="0" />
      <mem type="loa" free="243712" total="243712" percent="100" />
    </mem>
  </mem-info>
</gc-start>
<allocation-stats totalBytes="18229360" >
  <allocated-bytes non-tlh="401152" tlh="17828208" />
  <largest-consumer threadName="main" threadId="0000000001DD0F00" bytes="18225264" />
</allocation-stats>
<gc-op id="801" type="mark" timems="4.909" contextid="798" timestamp="2019-08-08T00:00:03.854">
  <trace-info objectcount="106974" scancount="88755" scanbytes="2961376" />
  <finalization candidates="80" enqueued="0" />
  <ownableSynchronizers candidates="21" cleared="0" />
  <references type="soft" candidates="1915" cleared="0" enqueued="0" dynamicThreshold="24" maxThreshold="32" />
  <references type="weak" candidates="5370" cleared="0" enqueued="0" />
  <references type="phantom" candidates="97" cleared="0" enqueued="0" />
  <stringconstants candidates="12495" cleared="0"  />
</gc-op>
<gc-op id="802" type="sweep" timems="1.942" contextid="798" timestamp="2019-08-08T00:00:03.856" />
<mem-info id="803" free="18520096" total="24444928" percent="75">
  <mem type="tenure" free="18520096" total="24444928" percent="75" micro-fragmented="42930" macro-fragmented="0">
    <mem type="soa" free="18276384" total="24201216" percent="75" />
    <mem type="loa" free="243712" total="243712" percent="100" />
  </mem>
</mem-info>
<gc-op id="804" type="compact" timems="17.203" contextid="798" timestamp="2019-08-08T00:00:03.873">
  <compact-info movecount="45268" movebytes="2331960" reason="compact to aid heap contraction" />
</gc-op>
<heap-resize id="805" type="expand" space="tenure" amount="327680" count="1" timems="0.018" reason="satisfy allocation request" timestamp="2019-08-08T00:00:03.874" />
<gc-end id="806" type="global" contextid="798" durationms="25.190" usertimems="60.966" systemtimems="0.000" timestamp="2019-08-08T00:00:03.874" activeThreads="16">
  <mem-info id="807" free="18857168" total="24772608" percent="76">
    <mem type="tenure" free="18857168" total="24772608" percent="76">
      <mem type="soa" free="18610384" total="24525824" percent="75" />
      <mem type="loa" free="246784" total="246784" percent="100" />
    </mem>
  </mem-info>
</gc-end>
<cycle-end id="808" type="global" contextid="798" timestamp="2019-08-08T00:00:03.874" />
  <attribute name="elasticGC enabled" value="1" />
  <attribute name= "numThreadsSpecified" value="16" />
  <attribute name="heapSize specified" value="24444928" />
  <attribute name="Current GC Util" value="62" />
  <attribute name= "Current Time Running" value="122796" />
  <attribute name ="GC Interval" value="0" />
  <attribute name="Target GC Util Change" value ="80.000000" />
  <attribute name="Current GC Util Change" value="62.000000"/>
  <attribute name="Current Error" value="-286.000000" />
  <attribute name="Output H" value="24746320"/>
  <attribute name="Output I" value="528"/>
  <attribute name="Output T" value="16"/>
  <attribute name= "Current Time Running" value="122796" />
  <attribute name="GC Util currently" value="62" />
  <attribute name="CPU Util currently" value="66932496158" />
<allocation-satisfied id="809" threadId="0000000001DD0F00" bytesRequested="32" />
<af-end id="810" timestamp="2019-08-08T00:00:03.874" threadId="0000000001DD1888" success="true" />
<exclusive-end id="811" timestamp="2019-08-08T00:00:03.874" durationms="25.399" />

<exclusive-start id="812" timestamp="2019-08-08T00:00:03.924" intervalms="75.428">
  <response-info timems="0.049" idlems="0.049" threads="0" lastid="0000000001DD0F00" lastname="main" />
</exclusive-start>
<af-start id="813" threadId="0000000001DD1888" totalBytesRequested="32" timestamp="2019-08-08T00:00:03.924" intervalms="75.428" />
<cycle-start id="814" type="global" contextid="0" timestamp="2019-08-08T00:00:03.924" intervalms="75.437" />
<gc-start id="815" type="global" contextid="814" timestamp="2019-08-08T00:00:03.924">
  <mem-info id="816" free="246784" total="24772608" percent="0">
    <mem type="tenure" free="246784" total="24772608" percent="0">
      <mem type="soa" free="0" total="24525824" percent="0" />
      <mem type="loa" free="246784" total="246784" percent="100" />
    </mem>
  </mem-info>
</gc-start>
<allocation-stats totalBytes="18673464" >
  <allocated-bytes non-tlh="202024" tlh="18471440" />
  <largest-consumer threadName="main" threadId="0000000001DD0F00" bytes="18673464" />
</allocation-stats>
<gc-op id="817" type="mark" timems="6.953" contextid="814" timestamp="2019-08-08T00:00:03.931">
  <trace-info objectcount="112449" scancount="93676" scanbytes="3176184" />
  <finalization candidates="80" enqueued="0" />
  <ownableSynchronizers candidates="21" cleared="0" />
  <references type="soft" candidates="1916" cleared="0" enqueued="0" dynamicThreshold="24" maxThreshold="32" />
  <references type="weak" candidates="5376" cleared="0" enqueued="0" />
  <references type="phantom" candidates="97" cleared="0" enqueued="0" />
  <stringconstants candidates="12508" cleared="0"  />
</gc-op>
<gc-op id="818" type="sweep" timems="2.633" contextid="814" timestamp="2019-08-08T00:00:03.934" />
<mem-info id="819" free="18449576" total="24772608" percent="74">
  <mem type="tenure" free="18449576" total="24772608" percent="74" micro-fragmented="194400" macro-fragmented="11146343">
    <mem type="soa" free="18202792" total="24525824" percent="74" />
    <mem type="loa" free="246784" total="246784" percent="100" />
  </mem>
</mem-info>
<gc-op id="820" type="compact" timems="25.141" contextid="814" timestamp="2019-08-08T00:00:03.959">
  <compact-info movecount="63578" movebytes="3372816" reason="compact to aid heap contraction" />
</gc-op>
<heap-resize id="821" type="expand" space="tenure" amount="327680" count="1" timems="0.018" reason="satisfy allocation request" timestamp="2019-08-08T00:00:03.960" />
<gc-end id="822" type="global" contextid="814" durationms="35.441" usertimems="58.263" systemtimems="0.000" timestamp="2019-08-08T00:00:03.960" activeThreads="16">
  <mem-info id="823" free="18942952" total="25100288" percent="75">
    <mem type="tenure" free="18942952" total="25100288" percent="75">
      <mem type="soa" free="18692072" total="24849408" percent="75" />
      <mem type="loa" free="250880" total="250880" percent="100" />
    </mem>
  </mem-info>
</gc-end>
<cycle-end id="824" type="global" contextid="814" timestamp="2019-08-08T00:00:03.960" />
  <attribute name="elasticGC enabled" value="1" />
  <attribute name= "numThreadsSpecified" value="16" />
  <attribute name="heapSize specified" value="24772608" />
  <attribute name="Current GC Util" value="47" />
  <attribute name= "Current Time Running" value="122882" />
  <attribute name ="GC Interval" value="0" />
  <attribute name="Target GC Util Change" value ="80.000000" />
  <attribute name="Current GC Util Change" value="47.000000"/>
  <attribute name="Current Error" value="33.000000" />
  <attribute name="Output H" value="25075472"/>
  <attribute name="Output I" value="2184"/>
  <attribute name="Output T" value="16"/>
  <attribute name= "Current Time Running" value="122882" />
  <attribute name="GC Util currently" value="47" />
  <attribute name="CPU Util currently" value="45772648991" />
<allocation-satisfied id="825" threadId="0000000001DD0F00" bytesRequested="32" />
<af-end id="826" timestamp="2019-08-08T00:00:03.960" threadId="0000000001DD1888" success="true" />
<exclusive-end id="827" timestamp="2019-08-08T00:00:03.960" durationms="35.660" />

<exclusive-start id="828" timestamp="2019-08-08T00:00:04.026" intervalms="102.108">
  <response-info timems="0.021" idlems="0.021" threads="0" lastid="0000000001DD0F00" lastname="main" />
</exclusive-start>
<af-start id="829" threadId="0000000001DD1888" totalBytesRequested="40" timestamp="2019-08-08T00:00:04.026" intervalms="102.124" />
<cycle-start id="830" type="global" contextid="0" timestamp="2019-08-08T00:00:04.026" intervalms="102.129" />
<gc-start id="831" type="global" contextid="830" timestamp="2019-08-08T00:00:04.026">
  <mem-info id="832" free="250880" total="25100288" percent="0">
    <mem type="tenure" free="250880" total="25100288" percent="0">
      <mem type="soa" free="0" total="24849408" percent="0" />
      <mem type="loa" free="250880" total="250880" percent="100" />
    </mem>
  </mem-info>
</gc-start>
<allocation-stats totalBytes="18755640" >
  <allocated-bytes non-tlh="200440" tlh="18555200" />
  <largest-consumer threadName="main" threadId="0000000001DD0F00" bytes="18755640" />
</allocation-stats>
<gc-op id="833" type="mark" timems="4.799" contextid="830" timestamp="2019-08-08T00:00:04.031">
  <trace-info objectcount="122887" scancount="102603" scanbytes="3528532" />
  <finalization candidates="80" enqueued="0" />
  <ownableSynchronizers candidates="21" cleared="0" />
  <references type="soft" candidates="1917" cleared="0" enqueued="0" dynamicThreshold="24" maxThreshold="32" />
  <references type="weak" candidates="5380" cleared="0" enqueued="0" />
  <references type="phantom" candidates="97" cleared="0" enqueued="0" />
  <stringconstants candidates="12514" cleared="0"  />
</gc-op>
<gc-op id="834" type="sweep" timems="1.718" contextid="830" timestamp="2019-08-08T00:00:04.033" />
<mem-info id="835" free="18428088" total="25100288" percent="73">
  <mem type="tenure" free="18428088" total="25100288" percent="73" micro-fragmented="74549" macro-fragmented="0">
    <mem type="soa" free="18177208" total="24849408" percent="73" />
    <mem type="loa" free="250880" total="250880" percent="100" />
  </mem>
</mem-info>
<gc-op id="836" type="compact" timems="12.207" contextid="830" timestamp="2019-08-08T00:00:04.045">
  <compact-info movecount="26421" movebytes="1301136" reason="compact to aid heap contraction" />
</gc-op>
<heap-resize id="837" type="expand" space="tenure" amount="327680" count="1" timems="0.021" reason="satisfy allocation request" timestamp="2019-08-08T00:00:04.046" />
<gc-end id="838" type="global" contextid="830" durationms="19.907" usertimems="36.888" systemtimems="0.000" timestamp="2019-08-08T00:00:04.046" activeThreads="16">
  <mem-info id="839" free="18893872" total="25427968" percent="74">
    <mem type="tenure" free="18893872" total="25427968" percent="74">
      <mem type="soa" free="18639920" total="25174016" percent="74" />
      <mem type="loa" free="253952" total="253952" percent="100" />
    </mem>
  </mem-info>
</gc-end>
<cycle-end id="840" type="global" contextid="830" timestamp="2019-08-08T00:00:04.046" />
  <attribute name="elasticGC enabled" value="1" />
  <attribute name= "numThreadsSpecified" value="16" />
  <attribute name="heapSize specified" value="25100288" />
  <attribute name="Current GC Util" value="60" />
  <attribute name= "Current Time Running" value="122969" />
  <attribute name ="GC Interval" value="0" />
  <attribute name="Target GC Util Change" value ="80.000000" />
  <attribute name="Current GC Util Change" value="60.000000"/>
  <attribute name="Current Error" value="-201.000000" />
  <attribute name="Output H" value="25402072"/>
  <attribute name="Output I" value="968"/>
  <attribute name="Output T" value="16"/>
  <attribute name= "Current Time Running" value="122969" />
  <attribute name="GC Util currently" value="60" />
  <attribute name="CPU Util currently" value="93242158629" />
<allocation-satisfied id="841" threadId="0000000001DD0F00" bytesRequested="40" />
<af-end id="842" timestamp="2019-08-08T00:00:04.046" threadId="0000000001DD1888" success="true" />
<exclusive-end id="843" timestamp="2019-08-08T00:00:04.047" durationms="20.376" />

<exclusive-start id="844" timestamp="2019-08-08T00:00:04.110" intervalms="83.545">
  <response-info timems="0.063" idlems="0.063" threads="0" lastid="0000000001DD0F00" lastname="main" />
</exclusive-start>
<af-start id="845" threadId="0000000001DD1888" totalBytesRequested="32" timestamp="2019-08-08T00:00:04.110" intervalms="83.586" />
<cycle-start id="846" type="global" contextid="0" timestamp="2019-08-08T00:00:04.110" intervalms="83.570" />
<gc-start id="847" type="global" contextid="846" timestamp="2019-08-08T00:00:04.110">
  <mem-info id="848" free="253952" total="25427968" percent="0">
    <mem type="tenure" free="253952" total="25427968" percent="0">
      <mem type="soa" free="0" total="25174016" percent="0" />
      <mem type="loa" free="253952" total="253952" percent="100" />
    </mem>
  </mem-info>
</gc-start>
<allocation-stats totalBytes="18702992" >
  <allocated-bytes non-tlh="601688" tlh="18101304" />
  <largest-consumer threadName="main" threadId="0000000001DD0F00" bytes="18702992" />
</allocation-stats>
<gc-op id="849" type="mark" timems="11.435" contextid="846" timestamp="2019-08-08T00:00:04.121">
  <trace-info objectcount="111100" scancount="92402" scanbytes="3093048" />
  <finalization candidates="80" enqueued="0" />
  <ownableSynchronizers candidates="21" cleared="0" />
  <references type="soft" candidates="1920" cleared="0" enqueued="0" dynamicThreshold="23" maxThreshold="32" />
  <references type="weak" candidates="5395" cleared="0" enqueued="0" />
  <references type="phantom" candidates="97" cleared="0" enqueued="0" />
  <stringconstants candidates="12541" cleared="0"  />
</gc-op>
<gc-op id="850" type="classunload" timems="0.004" contextid="846" timestamp="2019-08-08T00:00:04.121">
  <classunload-info classloadercandidates="43" classloadersunloaded="0" classesunloaded="0" anonymousclassesunloaded="0" quiescems="0.000" setupms="0.003" scanms="0.001" postms="0.000" />
</gc-op>
<gc-op id="851" type="sweep" timems="0.951" contextid="846" timestamp="2019-08-08T00:00:04.122" />
<mem-info id="852" free="19353952" total="25427968" percent="76">
  <mem type="tenure" free="19353952" total="25427968" percent="76" micro-fragmented="42319" macro-fragmented="140211">
    <mem type="soa" free="19100000" total="25174016" percent="75" />
    <mem type="loa" free="253952" total="253952" percent="100" />
  </mem>
</mem-info>
<gc-op id="853" type="compact" timems="9.104" contextid="846" timestamp="2019-08-08T00:00:04.132">
  <compact-info movecount="14378" movebytes="797480" reason="compact to aid heap contraction" />
</gc-op>
<heap-resize id="854" type="expand" space="tenure" amount="327680" count="1" timems="0.021" reason="satisfy allocation request" timestamp="2019-08-08T00:00:04.132" />
<gc-end id="855" type="global" contextid="846" durationms="22.271" usertimems="40.439" systemtimems="0.000" timestamp="2019-08-08T00:00:04.132" activeThreads="16">
  <mem-info id="856" free="19717176" total="25755648" percent="76">
    <mem type="tenure" free="19717176" total="25755648" percent="76">
      <mem type="soa" free="19460152" total="25498624" percent="76" />
      <mem type="loa" free="257024" total="257024" percent="100" />
    </mem>
  </mem-info>
</gc-end>
<cycle-end id="857" type="global" contextid="846" timestamp="2019-08-08T00:00:04.132" />
  <attribute name="elasticGC enabled" value="1" />
  <attribute name= "numThreadsSpecified" value="16" />
  <attribute name="heapSize specified" value="25427968" />
  <attribute name="Current GC Util" value="66" />
  <attribute name= "Current Time Running" value="123055" />
  <attribute name ="GC Interval" value="0" />
  <attribute name="Target GC Util Change" value ="80.000000" />
  <attribute name="Current GC Util Change" value="66.000000"/>
  <attribute name="Current Error" value="-128.000000" />
  <attribute name="Output H" value="25730096"/>
  <attribute name="Output I" value="1344"/>
  <attribute name="Output T" value="16"/>
  <attribute name= "Current Time Running" value="123055" />
  <attribute name="GC Util currently" value="66" />
  <attribute name="CPU Util currently" value="126303695941" />
<allocation-satisfied id="858" threadId="0000000001DD0F00" bytesRequested="32" />
<af-end id="859" timestamp="2019-08-08T00:00:04.132" threadId="0000000001DD1888" success="true" />
<exclusive-end id="860" timestamp="2019-08-08T00:00:04.132" durationms="22.565" />

<exclusive-start id="861" timestamp="2019-08-08T00:00:04.188" intervalms="78.659">
  <response-info timems="0.068" idlems="0.068" threads="0" lastid="0000000001DD0F00" lastname="main" />
</exclusive-start>
<af-start id="862" threadId="0000000001DD1888" totalBytesRequested="24" timestamp="2019-08-08T00:00:04.188" intervalms="78.608" />
<cycle-start id="863" type="global" contextid="0" timestamp="2019-08-08T00:00:04.188" intervalms="78.616" />
<gc-start id="864" type="global" contextid="863" timestamp="2019-08-08T00:00:04.188">
  <mem-info id="865" free="257024" total="25755648" percent="0">
    <mem type="tenure" free="257024" total="25755648" percent="0">
      <mem type="soa" free="0" total="25498624" percent="0" />
      <mem type="loa" free="257024" total="257024" percent="100" />
    </mem>
  </mem-info>
</gc-start>
<allocation-stats totalBytes="19523424" >
  <allocated-bytes non-tlh="400800" tlh="19122624" />
  <largest-consumer threadName="main" threadId="0000000001DD0F00" bytes="19523424" />
</allocation-stats>
<gc-op id="866" type="mark" timems="4.278" contextid="863" timestamp="2019-08-08T00:00:04.193">
  <trace-info objectcount="109403" scancount="91012" scanbytes="3049004" />
  <finalization candidates="80" enqueued="0" />
  <ownableSynchronizers candidates="21" cleared="0" />
  <references type="soft" candidates="1922" cleared="0" enqueued="0" dynamicThreshold="24" maxThreshold="32" />
  <references type="weak" candidates="5403" cleared="0" enqueued="0" />
  <references type="phantom" candidates="97" cleared="0" enqueued="0" />
  <stringconstants candidates="12552" cleared="0"  />
</gc-op>
<gc-op id="867" type="sweep" timems="1.151" contextid="863" timestamp="2019-08-08T00:00:04.194" />
<mem-info id="868" free="19762216" total="25755648" percent="76">
  <mem type="tenure" free="19762216" total="25755648" percent="76" micro-fragmented="15638" macro-fragmented="11146343">
    <mem type="soa" free="19505192" total="25498624" percent="76" />
    <mem type="loa" free="257024" total="257024" percent="100" />
  </mem>
</mem-info>
<gc-op id="869" type="compact" timems="13.051" contextid="863" timestamp="2019-08-08T00:00:04.207">
  <compact-info movecount="16049" movebytes="931320" reason="compact to aid heap contraction" />
</gc-op>
<heap-resize id="870" type="expand" space="tenure" amount="327680" count="1" timems="0.016" reason="satisfy allocation request" timestamp="2019-08-08T00:00:04.208" />
<gc-end id="871" type="global" contextid="863" durationms="19.200" usertimems="39.154" systemtimems="0.000" timestamp="2019-08-08T00:00:04.208" activeThreads="16">
  <mem-info id="872" free="20064736" total="26083328" percent="76">
    <mem type="tenure" free="20064736" total="26083328" percent="76">
      <mem type="soa" free="19804640" total="25823232" percent="76" />
      <mem type="loa" free="260096" total="260096" percent="100" />
    </mem>
  </mem-info>
</gc-end>
<cycle-end id="873" type="global" contextid="863" timestamp="2019-08-08T00:00:04.208" />
  <attribute name="elasticGC enabled" value="1" />
  <attribute name= "numThreadsSpecified" value="16" />
  <attribute name="heapSize specified" value="25755648" />
  <attribute name="Current GC Util" value="50" />
  <attribute name= "Current Time Running" value="123130" />
  <attribute name ="GC Interval" value="0" />
  <attribute name="Target GC Util Change" value ="80.000000" />
  <attribute name="Current GC Util Change" value="50.000000"/>
  <attribute name="Current Error" value="30.000000" />
  <attribute name="Output H" value="26058504"/>
  <attribute name="Output I" value="2168"/>
  <attribute name="Output T" value="16"/>
  <attribute name= "Current Time Running" value="123130" />
  <attribute name="GC Util currently" value="50" />
  <attribute name="CPU Util currently" value="88046353706" />
<allocation-satisfied id="874" threadId="0000000001DD0F00" bytesRequested="24" />
<af-end id="875" timestamp="2019-08-08T00:00:04.208" threadId="0000000001DD1888" success="true" />
<exclusive-end id="876" timestamp="2019-08-08T00:00:04.208" durationms="19.507" />

<exclusive-start id="877" timestamp="2019-08-08T00:00:04.258" intervalms="69.852">
  <response-info timems="0.048" idlems="0.048" threads="0" lastid="0000000001DD0F00" lastname="main" />
</exclusive-start>
<af-start id="878" threadId="0000000001DD1888" totalBytesRequested="32" timestamp="2019-08-08T00:00:04.258" intervalms="69.841" />
<cycle-start id="879" type="global" contextid="0" timestamp="2019-08-08T00:00:04.258" intervalms="69.836" />
<gc-start id="880" type="global" contextid="879" timestamp="2019-08-08T00:00:04.258">
  <mem-info id="881" free="260096" total="26083328" percent="0">
    <mem type="tenure" free="260096" total="26083328" percent="0">
      <mem type="soa" free="0" total="25823232" percent="0" />
      <mem type="loa" free="260096" total="260096" percent="100" />
    </mem>
  </mem-info>
</gc-start>
<allocation-stats totalBytes="19867944" >
  <allocated-bytes non-tlh="200856" tlh="19667088" />
  <largest-consumer threadName="main" threadId="0000000001DD0F00" bytes="19867944" />
</allocation-stats>
<gc-op id="882" type="mark" timems="4.424" contextid="879" timestamp="2019-08-08T00:00:04.263">
  <trace-info objectcount="113160" scancount="94118" scanbytes="3142904" />
  <finalization candidates="80" enqueued="0" />
  <ownableSynchronizers candidates="21" cleared="0" />
  <references type="soft" candidates="1923" cleared="0" enqueued="0" dynamicThreshold="24" maxThreshold="32" />
  <references type="weak" candidates="5409" cleared="0" enqueued="0" />
  <references type="phantom" candidates="97" cleared="0" enqueued="0" />
  <stringconstants candidates="12569" cleared="0"  />
</gc-op>
<gc-op id="883" type="sweep" timems="1.435" contextid="879" timestamp="2019-08-08T00:00:04.264" />
<mem-info id="884" free="19799128" total="26083328" percent="75">
  <mem type="tenure" free="19799128" total="26083328" percent="75" micro-fragmented="107738" macro-fragmented="0">
    <mem type="soa" free="19539032" total="25823232" percent="75" />
    <mem type="loa" free="260096" total="260096" percent="100" />
  </mem>
</mem-info>
<gc-op id="885" type="compact" timems="14.375" contextid="879" timestamp="2019-08-08T00:00:04.279">
  <compact-info movecount="38764" movebytes="2054264" reason="compact to aid heap contraction" />
</gc-op>
<heap-resize id="886" type="expand" space="tenure" amount="327680" count="1" timems="0.018" reason="satisfy allocation request" timestamp="2019-08-08T00:00:04.279" />
<gc-end id="887" type="global" contextid="879" durationms="20.942" usertimems="39.332" systemtimems="0.000" timestamp="2019-08-08T00:00:04.279" activeThreads="16">
  <mem-info id="888" free="20279152" total="26411008" percent="76">
    <mem type="tenure" free="20279152" total="26411008" percent="76">
      <mem type="soa" free="20015984" total="26147840" percent="76" />
      <mem type="loa" free="263168" total="263168" percent="100" />
    </mem>
  </mem-info>
</gc-end>
<cycle-end id="889" type="global" contextid="879" timestamp="2019-08-08T00:00:04.279" />
  <attribute name="elasticGC enabled" value="1" />
  <attribute name= "numThreadsSpecified" value="16" />
  <attribute name="heapSize specified" value="26083328" />
  <attribute name="Current GC Util" value="54" />
  <attribute name= "Current Time Running" value="123202" />
  <attribute name ="GC Interval" value="0" />
  <attribute name="Target GC Util Change" value ="80.000000" />
  <attribute name="Current GC Util Change" value="54.000000"/>
  <attribute name="Current Error" value="-127.000000" />
  <attribute name="Output H" value="26385456"/>
  <attribute name="Output I" value="1352"/>
  <attribute name="Output T" value="16"/>
  <attribute name= "Current Time Running" value="123202" />
  <attribute name="GC Util currently" value="54" />
  <attribute name="CPU Util currently" value="80029529060" />
<allocation-satisfied id="890" threadId="0000000001DD0F00" bytesRequested="32" />
<af-end id="891" timestamp="2019-08-08T00:00:04.279" threadId="0000000001DD1888" success="true" />
<exclusive-end id="892" timestamp="2019-08-08T00:00:04.279" durationms="21.125" />

<exclusive-start id="893" timestamp="2019-08-08T00:00:04.339" intervalms="80.396">
  <response-info timems="0.061" idlems="0.061" threads="0" lastid="0000000001DD0F00" lastname="main" />
</exclusive-start>
<af-start id="894" threadId="0000000001DD1888" totalBytesRequested="32" timestamp="2019-08-08T00:00:04.339" intervalms="80.434" />
<cycle-start id="895" type="global" contextid="0" timestamp="2019-08-08T00:00:04.339" intervalms="80.638" />
<gc-start id="896" type="global" contextid="895" timestamp="2019-08-08T00:00:04.339">
  <mem-info id="897" free="263168" total="26411008" percent="0">
    <mem type="tenure" free="263168" total="26411008" percent="0">
      <mem type="soa" free="0" total="26147840" percent="0" />
      <mem type="loa" free="263168" total="263168" percent="100" />
    </mem>
  </mem-info>
</gc-start>
<allocation-stats totalBytes="20078112" >
  <allocated-bytes non-tlh="1002720" tlh="19075392" />
  <largest-consumer threadName="main" threadId="0000000001DD0F00" bytes="20078112" />
</allocation-stats>
<gc-op id="898" type="mark" timems="14.131" contextid="895" timestamp="2019-08-08T00:00:04.353">
  <trace-info objectcount="111114" scancount="92361" scanbytes="3119880" />
  <finalization candidates="80" enqueued="0" />
  <ownableSynchronizers candidates="21" cleared="0" />
  <references type="soft" candidates="1926" cleared="0" enqueued="0" dynamicThreshold="24" maxThreshold="32" />
  <references type="weak" candidates="5429" cleared="0" enqueued="0" />
  <references type="phantom" candidates="97" cleared="0" enqueued="0" />
  <stringconstants candidates="12610" cleared="4"  />
</gc-op>
<gc-op id="899" type="classunload" timems="0.454" contextid="895" timestamp="2019-08-08T00:00:04.354">
  <classunload-info classloadercandidates="51" classloadersunloaded="2" classesunloaded="2" anonymousclassesunloaded="0" quiescems="0.000" setupms="0.438" scanms="0.013" postms="0.003" />
</gc-op>
<gc-op id="900" type="sweep" timems="2.777" contextid="895" timestamp="2019-08-08T00:00:04.356" />
<mem-info id="901" free="20273840" total="26411008" percent="76">
  <mem type="tenure" free="20273840" total="26411008" percent="76" micro-fragmented="38617" macro-fragmented="11146343">
    <mem type="soa" free="20010672" total="26147840" percent="76" />
    <mem type="loa" free="263168" total="263168" percent="100" />
  </mem>
</mem-info>
<gc-op id="902" type="compact" timems="26.073" contextid="895" timestamp="2019-08-08T00:00:04.383">
  <compact-info movecount="63542" movebytes="3407720" reason="compact to aid heap contraction" />
</gc-op>
<heap-resize id="903" type="expand" space="tenure" amount="327680" count="1" timems="0.014" reason="satisfy allocation request" timestamp="2019-08-08T00:00:04.383" />
<gc-end id="904" type="global" contextid="895" durationms="44.222" usertimems="67.132" systemtimems="0.000" timestamp="2019-08-08T00:00:04.383" activeThreads="16">
  <mem-info id="905" free="20590880" total="26738688" percent="77">
    <mem type="tenure" free="20590880" total="26738688" percent="77">
      <mem type="soa" free="20323616" total="26471424" percent="76" />
      <mem type="loa" free="267264" total="267264" percent="100" />
    </mem>
  </mem-info>
</gc-end>
<cycle-end id="906" type="global" contextid="895" timestamp="2019-08-08T00:00:04.383" />
  <attribute name="elasticGC enabled" value="1" />
  <attribute name= "numThreadsSpecified" value="16" />
  <attribute name="heapSize specified" value="26411008" />
  <attribute name="Current GC Util" value="48" />
  <attribute name= "Current Time Running" value="123306" />
  <attribute name ="GC Interval" value="0" />
  <attribute name="Target GC Util Change" value ="80.000000" />
  <attribute name="Current GC Util Change" value="48.000000"/>
  <attribute name="Current Error" value="-66.000000" />
  <attribute name="Output H" value="26713416"/>
  <attribute name="Output I" value="1672"/>
  <attribute name="Output T" value="16"/>
  <attribute name= "Current Time Running" value="123306" />
  <attribute name="GC Util currently" value="48" />
  <attribute name="CPU Util currently" value="44144586829" />
<allocation-satisfied id="907" threadId="0000000001DD0F00" bytesRequested="32" />
<af-end id="908" timestamp="2019-08-08T00:00:04.383" threadId="0000000001DD1888" success="true" />
<exclusive-end id="909" timestamp="2019-08-08T00:00:04.383" durationms="44.634" />

<exclusive-start id="910" timestamp="2019-08-08T00:00:04.472" intervalms="133.482">
  <response-info timems="0.060" idlems="0.060" threads="0" lastid="0000000001DD0F00" lastname="main" />
</exclusive-start>
<af-start id="911" threadId="0000000001DD1888" totalBytesRequested="40" timestamp="2019-08-08T00:00:04.472" intervalms="133.454" />
<cycle-start id="912" type="global" contextid="0" timestamp="2019-08-08T00:00:04.472" intervalms="133.257" />
<gc-start id="913" type="global" contextid="912" timestamp="2019-08-08T00:00:04.472">
  <mem-info id="914" free="267264" total="26738688" percent="0">
    <mem type="tenure" free="267264" total="26738688" percent="0">
      <mem type="soa" free="0" total="26471424" percent="0" />
      <mem type="loa" free="267264" total="267264" percent="100" />
    </mem>
  </mem-info>
</gc-start>
<allocation-stats totalBytes="20387232" >
  <allocated-bytes non-tlh="200616" tlh="20186616" />
  <largest-consumer threadName="main" threadId="0000000001DD0F00" bytes="20387232" />
</allocation-stats>
<gc-op id="915" type="mark" timems="7.834" contextid="912" timestamp="2019-08-08T00:00:04.480">
  <trace-info objectcount="109054" scancount="90720" scanbytes="3018508" />
  <finalization candidates="80" enqueued="0" />
  <ownableSynchronizers candidates="21" cleared="0" />
  <references type="soft" candidates="1927" cleared="0" enqueued="0" dynamicThreshold="24" maxThreshold="32" />
  <references type="weak" candidates="5435" cleared="1" enqueued="1" />
  <references type="phantom" candidates="97" cleared="0" enqueued="0" />
  <stringconstants candidates="12615" cleared="12"  />
</gc-op>
<gc-op id="916" type="sweep" timems="2.211" contextid="912" timestamp="2019-08-08T00:00:04.482" />
<mem-info id="917" free="20796208" total="26738688" percent="77">
  <mem type="tenure" free="20796208" total="26738688" percent="77" micro-fragmented="8766" macro-fragmented="16050736">
    <mem type="soa" free="20528944" total="26471424" percent="77" />
    <mem type="loa" free="267264" total="267264" percent="100" />
  </mem>
  <pending-finalizers system="0" default="0" reference="1" classloader="0" />
</mem-info>
<gc-op id="918" type="compact" timems="17.736" contextid="912" timestamp="2019-08-08T00:00:04.500">
  <compact-info movecount="21762" movebytes="1148376" reason="compact to aid heap contraction" />
</gc-op>
<heap-resize id="919" type="expand" space="tenure" amount="327680" count="1" timems="0.017" reason="satisfy allocation request" timestamp="2019-08-08T00:00:04.501" />
<gc-end id="920" type="global" contextid="912" durationms="28.991" usertimems="77.687" systemtimems="0.000" timestamp="2019-08-08T00:00:04.501" activeThreads="8">
  <mem-info id="921" free="21078056" total="27066368" percent="77">
    <mem type="tenure" free="21078056" total="27066368" percent="77">
      <mem type="soa" free="20807720" total="26796032" percent="77" />
      <mem type="loa" free="270336" total="270336" percent="100" />
    </mem>
    <pending-finalizers system="0" default="0" reference="1" classloader="0" />
  </mem-info>
</gc-end>
<cycle-end id="922" type="global" contextid="912" timestamp="2019-08-08T00:00:04.501" />
  <attribute name="elasticGC enabled" value="1" />
  <attribute name= "numThreadsSpecified" value="8" />
  <attribute name="heapSize specified" value="26738688" />
  <attribute name="Current GC Util" value="84" />
  <attribute name= "Current Time Running" value="123423" />
  <attribute name ="GC Interval" value="0" />
  <attribute name="Target GC Util Change" value ="80.000000" />
  <attribute name="Current GC Util Change" value="84.000000"/>
  <attribute name="Current Error" value="-4.000000" />
  <attribute name="Output H" value="27041384"/>
  <attribute name="Output I" value="1992"/>
  <attribute name="Output T" value="8"/>
  <attribute name= "Current Time Running" value="123423" />
  <attribute name="GC Util currently" value="84" />
  <attribute name="CPU Util currently" value="64926631620" />
<allocation-satisfied id="923" threadId="0000000001DD0F00" bytesRequested="40" />
<af-end id="924" timestamp="2019-08-08T00:00:04.501" threadId="0000000001DD1888" success="true" />
<exclusive-end id="925" timestamp="2019-08-08T00:00:04.501" durationms="29.255" />

<exclusive-start id="926" timestamp="2019-08-08T00:00:04.550" intervalms="77.986">
  <response-info timems="0.052" idlems="0.052" threads="0" lastid="0000000001DD0F00" lastname="main" />
</exclusive-start>
<af-start id="927" threadId="0000000001DD1888" totalBytesRequested="88" timestamp="2019-08-08T00:00:04.550" intervalms="77.981" />
<cycle-start id="928" type="global" contextid="0" timestamp="2019-08-08T00:00:04.550" intervalms="77.972" />
<gc-start id="929" type="global" contextid="928" timestamp="2019-08-08T00:00:04.550">
  <mem-info id="930" free="270336" total="27066368" percent="0">
    <mem type="tenure" free="270336" total="27066368" percent="0">
      <mem type="soa" free="0" total="26796032" percent="0" />
      <mem type="loa" free="270336" total="270336" percent="100" />
    </mem>
  </mem-info>
</gc-start>
<allocation-stats totalBytes="20860976" >
  <allocated-bytes non-tlh="201760" tlh="20659216" />
  <largest-consumer threadName="main" threadId="0000000001DD0F00" bytes="20856880" />
</allocation-stats>
<gc-op id="931" type="mark" timems="10.829" contextid="928" timestamp="2019-08-08T00:00:04.561">
  <trace-info objectcount="105146" scancount="87175" scanbytes="2838448" />
  <finalization candidates="80" enqueued="0" />
  <ownableSynchronizers candidates="21" cleared="0" />
  <references type="soft" candidates="1928" cleared="0" enqueued="0" dynamicThreshold="24" maxThreshold="32" />
  <references type="weak" candidates="5435" cleared="1" enqueued="1" />
  <references type="phantom" candidates="96" cleared="0" enqueued="0" />
  <stringconstants candidates="12636" cleared="12"  />
</gc-op>
<gc-op id="932" type="sweep" timems="1.406" contextid="928" timestamp="2019-08-08T00:00:04.563" />
<mem-info id="933" free="21573120" total="27066368" percent="79">
  <mem type="tenure" free="21573120" total="27066368" percent="79" micro-fragmented="2432" macro-fragmented="0">
    <mem type="soa" free="21302784" total="26796032" percent="79" />
    <mem type="loa" free="270336" total="270336" percent="100" />
  </mem>
  <pending-finalizers system="0" default="0" reference="1" classloader="0" />
</mem-info>
<gc-op id="934" type="compact" timems="16.578" contextid="928" timestamp="2019-08-08T00:00:04.579">
  <compact-info movecount="16219" movebytes="624208" reason="compact to aid heap contraction" />
</gc-op>
<heap-resize id="935" type="expand" space="tenure" amount="327680" count="1" timems="0.016" reason="satisfy allocation request" timestamp="2019-08-08T00:00:04.580" />
<gc-end id="936" type="global" contextid="928" durationms="29.549" usertimems="63.103" systemtimems="0.000" timestamp="2019-08-08T00:00:04.580" activeThreads="16">
  <mem-info id="937" free="21909984" total="27394048" percent="79">
    <mem type="tenure" free="21909984" total="27394048" percent="79">
      <mem type="soa" free="21636576" total="27120640" percent="79" />
      <mem type="loa" free="273408" total="273408" percent="100" />
    </mem>
    <pending-finalizers system="0" default="0" reference="1" classloader="0" />
  </mem-info>
</gc-end>
<cycle-end id="938" type="global" contextid="928" timestamp="2019-08-08T00:00:04.580" />
  <attribute name="elasticGC enabled" value="1" />
  <attribute name= "numThreadsSpecified" value="16" />
  <attribute name="heapSize specified" value="27066368" />
  <attribute name="Current GC Util" value="67" />
  <attribute name= "Current Time Running" value="123502" />
  <attribute name ="GC Interval" value="0" />
  <attribute name="Target GC Util Change" value ="80.000000" />
  <attribute name="Current GC Util Change" value="67.000000"/>
  <attribute name="Current Error" value="-100.000000" />
  <attribute name="Output H" value="27368624"/>
  <attribute name="Output I" value="1496"/>
  <attribute name="Output T" value="16"/>
  <attribute name= "Current Time Running" value="123502" />
  <attribute name="GC Util currently" value="67" />
  <attribute name="CPU Util currently" value="69437072154" />
<allocation-satisfied id="939" threadId="0000000001DD0F00" bytesRequested="88" />
<af-end id="940" timestamp="2019-08-08T00:00:04.580" threadId="0000000001DD1888" success="true" />
<exclusive-end id="941" timestamp="2019-08-08T00:00:04.580" durationms="29.827" />

<exclusive-start id="942" timestamp="2019-08-08T00:00:04.708" intervalms="157.936">
  <response-info timems="0.154" idlems="0.154" threads="0" lastid="0000000001DD0F00" lastname="main" />
</exclusive-start>
<af-start id="943" threadId="0000000001DD1888" totalBytesRequested="1932752" timestamp="2019-08-08T00:00:04.708" intervalms="157.935" />
<cycle-start id="944" type="global" contextid="0" timestamp="2019-08-08T00:00:04.708" intervalms="157.942" />
<gc-start id="945" type="global" contextid="944" timestamp="2019-08-08T00:00:04.708">
  <mem-info id="946" free="878944" total="27394048" percent="3">
    <mem type="tenure" free="878944" total="27394048" percent="3">
      <mem type="soa" free="605536" total="27120640" percent="2" />
      <mem type="loa" free="273408" total="273408" percent="100" />
    </mem>
  </mem-info>
</gc-start>
<allocation-stats totalBytes="21026520" >
  <allocated-bytes non-tlh="1698008" tlh="19328512" />
  <largest-consumer threadName="main" threadId="0000000001DD0F00" bytes="21022424" />
</allocation-stats>
<heap-resize id="947" type="loa expand" space="tenure" amount="274432" count="1" timems="0.000" reason="expand on failed allocate" timestamp="2019-08-08T00:00:04.708" />
<gc-op id="948" type="mark" timems="6.122" contextid="944" timestamp="2019-08-08T00:00:04.714">
  <trace-info objectcount="114398" scancount="95675" scanbytes="3147080" />
  <finalization candidates="83" enqueued="1" />
  <ownableSynchronizers candidates="21" cleared="0" />
  <references type="soft" candidates="2706" cleared="0" enqueued="0" dynamicThreshold="25" maxThreshold="32" />
  <references type="weak" candidates="5551" cleared="24" enqueued="24" />
  <references type="phantom" candidates="99" cleared="0" enqueued="0" />
  <stringconstants candidates="13316" cleared="12"  />
</gc-op>
<gc-op id="949" type="sweep" timems="1.875" contextid="944" timestamp="2019-08-08T00:00:04.716" />
<mem-info id="950" free="20461032" total="27394048" percent="74">
  <mem type="tenure" free="20461032" total="27394048" percent="74" micro-fragmented="107812" macro-fragmented="0">
    <mem type="soa" free="19913192" total="26846208" percent="74" />
    <mem type="loa" free="547840" total="547840" percent="100" />
  </mem>
  <pending-finalizers system="0" default="1" reference="24" classloader="0" />
</mem-info>
<gc-op id="951" type="compact" timems="36.447" contextid="944" timestamp="2019-08-08T00:00:04.753">
  <compact-info movecount="110969" movebytes="6643048" reason="compact to aid heap contraction" />
</gc-op>
<heap-resize id="952" type="expand" space="tenure" amount="327680" count="1" timems="0.015" reason="satisfy allocation request" timestamp="2019-08-08T00:00:04.753" />
<gc-end id="953" type="global" contextid="944" durationms="45.285" usertimems="75.063" systemtimems="0.000" timestamp="2019-08-08T00:00:04.753" activeThreads="16">
  <mem-info id="954" free="18971912" total="27721728" percent="68">
    <mem type="tenure" free="18971912" total="27721728" percent="68">
      <mem type="soa" free="18417928" total="27167744" percent="67" />
      <mem type="loa" free="553984" total="553984" percent="100" />
    </mem>
    <pending-finalizers system="0" default="1" reference="24" classloader="0" />
  </mem-info>
</gc-end>
<cycle-end id="955" type="global" contextid="944" timestamp="2019-08-08T00:00:04.753" />
  <attribute name="elasticGC enabled" value="1" />
  <attribute name= "numThreadsSpecified" value="16" />
  <attribute name="heapSize specified" value="27394048" />
  <attribute name="Current GC Util" value="43" />
  <attribute name= "Current Time Running" value="123676" />
  <attribute name ="GC Interval" value="0" />
  <attribute name="Target GC Util Change" value ="80.000000" />
  <attribute name="Current GC Util Change" value="43.000000"/>
  <attribute name="Current Error" value="-182.000000" />
  <attribute name="Output H" value="27695920"/>
  <attribute name="Output I" value="1064"/>
  <attribute name="Output T" value="16"/>
  <attribute name= "Current Time Running" value="123676" />
  <attribute name="GC Util currently" value="43" />
  <attribute name="CPU Util currently" value="31609496309" />
<allocation-satisfied id="956" threadId="0000000001DD0F00" bytesRequested="1932752" />
<af-end id="957" timestamp="2019-08-08T00:00:04.754" threadId="0000000001DD1888" success="true" />
<exclusive-end id="958" timestamp="2019-08-08T00:00:04.754" durationms="45.543" />

<exclusive-start id="959" timestamp="2019-08-08T00:00:05.331" intervalms="623.219">
  <response-info timems="0.058" idlems="0.058" threads="0" lastid="0000000001DD0F00" lastname="main" />
</exclusive-start>
<af-start id="960" threadId="0000000001DD1888" totalBytesRequested="664" timestamp="2019-08-08T00:00:05.331" intervalms="623.267" />
<cycle-start id="961" type="global" contextid="0" timestamp="2019-08-08T00:00:05.331" intervalms="623.266" />
<gc-start id="962" type="global" contextid="961" timestamp="2019-08-08T00:00:05.331">
  <mem-info id="963" free="553984" total="27721728" percent="1">
    <mem type="tenure" free="553984" total="27721728" percent="1">
      <mem type="soa" free="0" total="27167744" percent="0" />
      <mem type="loa" free="553984" total="553984" percent="100" />
    </mem>
  </mem-info>
</gc-start>
<allocation-stats totalBytes="20332008" >
  <allocated-bytes non-tlh="1933520" tlh="18398488" />
  <largest-consumer threadName="main" threadId="0000000001DD0F00" bytes="20323816" />
</allocation-stats>
<heap-resize id="964" type="loa contract" space="tenure" amount="277504" count="1" timems="0.000" reason="contract underutilized loa" timestamp="2019-08-08T00:00:05.331" />
<gc-op id="965" type="mark" timems="18.430" contextid="961" timestamp="2019-08-08T00:00:05.350">
  <trace-info objectcount="146903" scancount="123579" scanbytes="3792544" />
  <finalization candidates="82" enqueued="1" />
  <ownableSynchronizers candidates="21" cleared="0" />
  <references type="soft" candidates="2706" cleared="307" enqueued="298" dynamicThreshold="21" maxThreshold="32" />
  <references type="weak" candidates="5532" cleared="0" enqueued="0" />
  <references type="phantom" candidates="98" cleared="0" enqueued="0" />
  <stringconstants candidates="13316" cleared="0"  />
</gc-op>
<gc-op id="966" type="sweep" timems="8.376" contextid="961" timestamp="2019-08-08T00:00:05.358" />
<mem-info id="967" free="18733320" total="27721728" percent="67">
  <mem type="tenure" free="18733320" total="27721728" percent="67" micro-fragmented="124011" macro-fragmented="6417623">
    <mem type="soa" free="18456840" total="27445248" percent="67" />
    <mem type="loa" free="276480" total="276480" percent="100" />
  </mem>
  <pending-finalizers system="0" default="1" reference="298" classloader="0" />
</mem-info>
<gc-op id="968" type="compact" timems="40.928" contextid="961" timestamp="2019-08-08T00:00:05.399">
  <compact-info movecount="130834" movebytes="7809296" reason="compact to aid heap contraction" />
</gc-op>
<heap-resize id="969" type="expand" space="tenure" amount="327680" count="1" timems="0.019" reason="satisfy allocation request" timestamp="2019-08-08T00:00:05.401" />
<gc-end id="970" type="global" contextid="961" durationms="69.319" usertimems="108.925" systemtimems="0.000" timestamp="2019-08-08T00:00:05.401" activeThreads="16">
  <mem-info id="971" free="19408304" total="28049408" percent="69">
    <mem type="tenure" free="19408304" total="28049408" percent="69">
      <mem type="soa" free="19128752" total="27769856" percent="68" />
      <mem type="loa" free="279552" total="279552" percent="100" />
    </mem>
    <pending-finalizers system="0" default="1" reference="298" classloader="0" />
  </mem-info>
</gc-end>
<cycle-end id="972" type="global" contextid="961" timestamp="2019-08-08T00:00:05.401" />
  <attribute name="elasticGC enabled" value="1" />
  <attribute name= "numThreadsSpecified" value="16" />
  <attribute name="heapSize specified" value="27721728" />
  <attribute name="Current GC Util" value="37" />
  <attribute name= "Current Time Running" value="124322" />
  <attribute name ="GC Interval" value="0" />
  <attribute name="Target GC Util Change" value ="80.000000" />
  <attribute name="Current GC Util Change" value="37.000000"/>
  <attribute name="Current Error" value="43.000000" />
  <attribute name="Output H" value="28024640"/>
  <attribute name="Output I" value="2232"/>
  <attribute name="Output T" value="16"/>
  <attribute name= "Current Time Running" value="124322" />
  <attribute name="GC Util currently" value="37" />
  <attribute name="CPU Util currently" value="28139821817" />
<allocation-satisfied id="973" threadId="0000000001DD0F00" bytesRequested="664" />
<af-end id="974" timestamp="2019-08-08T00:00:05.401" threadId="0000000001DD1888" success="true" />
<exclusive-end id="975" timestamp="2019-08-08T00:00:05.401" durationms="69.598" />

<exclusive-start id="976" timestamp="2019-08-08T00:00:05.655" intervalms="323.280">
  <response-info timems="0.099" idlems="0.099" threads="0" lastid="0000000001DD0F00" lastname="main" />
</exclusive-start>
<af-start id="977" threadId="0000000001DD1888" totalBytesRequested="712" timestamp="2019-08-08T00:00:05.655" intervalms="323.251" />
<cycle-start id="978" type="global" contextid="0" timestamp="2019-08-08T00:00:05.655" intervalms="323.260" />
<gc-start id="979" type="global" contextid="978" timestamp="2019-08-08T00:00:05.655">
  <mem-info id="980" free="279552" total="28049408" percent="0">
    <mem type="tenure" free="279552" total="28049408" percent="0">
      <mem type="soa" free="0" total="27769856" percent="0" />
      <mem type="loa" free="279552" total="279552" percent="100" />
    </mem>
  </mem-info>
</gc-start>
<allocation-stats totalBytes="19176144" >
  <allocated-bytes non-tlh="0" tlh="19176144" />
  <largest-consumer threadName="main" threadId="0000000001DD0F00" bytes="19176144" />
</allocation-stats>
<gc-op id="981" type="mark" timems="11.457" contextid="978" timestamp="2019-08-08T00:00:05.666">
  <trace-info objectcount="186549" scancount="157628" scanbytes="4615576" />
  <finalization candidates="81" enqueued="0" />
  <ownableSynchronizers candidates="21" cleared="0" />
  <references type="soft" candidates="2399" cleared="0" enqueued="0" dynamicThreshold="22" maxThreshold="32" />
  <references type="weak" candidates="5532" cleared="0" enqueued="0" />
  <references type="phantom" candidates="98" cleared="0" enqueued="0" />
  <stringconstants candidates="13316" cleared="77"  />
</gc-op>
<gc-op id="982" type="sweep" timems="3.711" contextid="978" timestamp="2019-08-08T00:00:05.670" />
<mem-info id="983" free="17657736" total="28049408" percent="62">
  <mem type="tenure" free="17657736" total="28049408" percent="62" micro-fragmented="94817" macro-fragmented="4483519">
    <mem type="soa" free="17378184" total="27769856" percent="62" />
    <mem type="loa" free="279552" total="279552" percent="100" />
  </mem>
</mem-info>
<gc-op id="984" type="compact" timems="54.856" contextid="978" timestamp="2019-08-08T00:00:05.725">
  <compact-info movecount="169307" movebytes="8699560" reason="compact to aid heap contraction" />
</gc-op>
<heap-resize id="985" type="expand" space="tenure" amount="327680" count="1" timems="0.028" reason="satisfy allocation request" timestamp="2019-08-08T00:00:05.727" />
<gc-end id="986" type="global" contextid="978" durationms="72.292" usertimems="92.940" systemtimems="0.000" timestamp="2019-08-08T00:00:05.727" activeThreads="16">
  <mem-info id="987" free="18761496" total="28377088" percent="66">
    <mem type="tenure" free="18761496" total="28377088" percent="66">
      <mem type="soa" free="18477848" total="28093440" percent="65" />
      <mem type="loa" free="283648" total="283648" percent="100" />
    </mem>
  </mem-info>
</gc-end>
<cycle-end id="988" type="global" contextid="978" timestamp="2019-08-08T00:00:05.727" />
  <attribute name="elasticGC enabled" value="1" />
  <attribute name= "numThreadsSpecified" value="16" />
  <attribute name="heapSize specified" value="28049408" />
  <attribute name="Current GC Util" value="0" />
  <attribute name= "Current Time Running" value="124648" />
  <attribute name ="GC Interval" value="0" />
  <attribute name="Target GC Util Change" value ="80.000000" />
  <attribute name="Current GC Util Change" value="0.000000"/>
  <attribute name="Current Error" value="75.000000" />
  <attribute name="Output H" value="28352472"/>
  <attribute name="Output I" value="2400"/>
  <attribute name="Output T" value="16"/>
  <attribute name= "Current Time Running" value="124648" />
  <attribute name="GC Util currently" value="0" />
  <attribute name="CPU Util currently" value="20979410333" />
<allocation-satisfied id="989" threadId="0000000001DD0F00" bytesRequested="712" />
<af-end id="990" timestamp="2019-08-08T00:00:05.727" threadId="0000000001DD1888" success="true" />
<exclusive-end id="991" timestamp="2019-08-08T00:00:05.727" durationms="72.564" />

<exclusive-start id="992" timestamp="2019-08-08T00:00:05.816" intervalms="161.156">
  <response-info timems="0.092" idlems="0.092" threads="0" lastid="0000000001DD0F00" lastname="main" />
</exclusive-start>
<af-start id="993" threadId="0000000001DD1888" totalBytesRequested="656" timestamp="2019-08-08T00:00:05.816" intervalms="161.137" />
<cycle-start id="994" type="global" contextid="0" timestamp="2019-08-08T00:00:05.816" intervalms="161.123" />
<gc-start id="995" type="global" contextid="994" timestamp="2019-08-08T00:00:05.816">
  <mem-info id="996" free="283648" total="28377088" percent="0">
    <mem type="tenure" free="283648" total="28377088" percent="0">
      <mem type="soa" free="0" total="28093440" percent="0" />
      <mem type="loa" free="283648" total="283648" percent="100" />
    </mem>
  </mem-info>
</gc-start>
<allocation-stats totalBytes="18521384" >
  <allocated-bytes non-tlh="0" tlh="18521384" />
  <largest-consumer threadName="main" threadId="0000000001DD0F00" bytes="18521384" />
</allocation-stats>
<gc-op id="997" type="mark" timems="8.324" contextid="994" timestamp="2019-08-08T00:00:05.824">
  <trace-info objectcount="221587" scancount="188085" scanbytes="5321256" />
  <finalization candidates="81" enqueued="0" />
  <ownableSynchronizers candidates="21" cleared="0" />
  <references type="soft" candidates="2399" cleared="111" enqueued="107" dynamicThreshold="21" maxThreshold="32" />
  <references type="weak" candidates="5532" cleared="0" enqueued="0" />
  <references type="phantom" candidates="98" cleared="0" enqueued="0" />
  <stringconstants candidates="13239" cleared="0"  />
</gc-op>
<gc-op id="998" type="sweep" timems="3.179" contextid="994" timestamp="2019-08-08T00:00:05.827" />
<mem-info id="999" free="17210568" total="28377088" percent="60">
  <mem type="tenure" free="17210568" total="28377088" percent="60" micro-fragmented="77885" macro-fragmented="2779888">
    <mem type="soa" free="16926920" total="28093440" percent="60" />
    <mem type="loa" free="283648" total="283648" percent="100" />
  </mem>
  <pending-finalizers system="0" default="0" reference="107" classloader="0" />
</mem-info>
<gc-op id="1000" type="compact" timems="60.908" contextid="994" timestamp="2019-08-08T00:00:05.889">
  <compact-info movecount="204491" movebytes="9556408" reason="compact to aid heap contraction" />
</gc-op>
<heap-resize id="1001" type="expand" space="tenure" amount="327680" count="1" timems="0.022" reason="satisfy allocation request" timestamp="2019-08-08T00:00:05.889" />
<gc-end id="1002" type="global" contextid="994" durationms="73.548" usertimems="103.435" systemtimems="0.000" timestamp="2019-08-08T00:00:05.889" activeThreads="16">
  <mem-info id="1003" free="18237432" total="28704768" percent="63">
    <mem type="tenure" free="18237432" total="28704768" percent="63">
      <mem type="soa" free="17950712" total="28418048" percent="63" />
      <mem type="loa" free="286720" total="286720" percent="100" />
    </mem>
    <pending-finalizers system="0" default="0" reference="107" classloader="0" />
  </mem-info>
</gc-end>
<cycle-end id="1004" type="global" contextid="994" timestamp="2019-08-08T00:00:05.889" />
  <attribute name="elasticGC enabled" value="1" />
  <attribute name= "numThreadsSpecified" value="16" />
  <attribute name="heapSize specified" value="28377088" />
  <attribute name="Current GC Util" value="28" />
  <attribute name= "Current Time Running" value="124812" />
  <attribute name ="GC Interval" value="0" />
  <attribute name="Target GC Util Change" value ="80.000000" />
  <attribute name="Current GC Util Change" value="28.000000"/>
  <attribute name="Current Error" value="-190.000000" />
  <attribute name="Output H" value="28678928"/>
  <attribute name="Output I" value="1024"/>
  <attribute name="Output T" value="16"/>
  <attribute name= "Current Time Running" value="124812" />
  <attribute name="GC Util currently" value="28" />
  <attribute name="CPU Util currently" value="18913407648" />
<allocation-satisfied id="1005" threadId="0000000001DD0F00" bytesRequested="656" />
<af-end id="1006" timestamp="2019-08-08T00:00:05.890" threadId="0000000001DD1888" success="true" />
<exclusive-end id="1007" timestamp="2019-08-08T00:00:05.890" durationms="73.934" />

<exclusive-start id="1008" timestamp="2019-08-08T00:00:05.962" intervalms="146.208">
  <response-info timems="0.182" idlems="0.182" threads="0" lastid="0000000001DD0F00" lastname="main" />
</exclusive-start>
<af-start id="1009" threadId="0000000001DD1888" totalBytesRequested="656" timestamp="2019-08-08T00:00:05.962" intervalms="146.213" />
<cycle-start id="1010" type="global" contextid="0" timestamp="2019-08-08T00:00:05.962" intervalms="146.213" />
<gc-start id="1011" type="global" contextid="1010" timestamp="2019-08-08T00:00:05.962">
  <mem-info id="1012" free="286720" total="28704768" percent="0">
    <mem type="tenure" free="286720" total="28704768" percent="0">
      <mem type="soa" free="0" total="28418048" percent="0" />
      <mem type="loa" free="286720" total="286720" percent="100" />
    </mem>
  </mem-info>
</gc-start>
<allocation-stats totalBytes="18002064" >
  <allocated-bytes non-tlh="0" tlh="18002064" />
  <largest-consumer threadName="main" threadId="0000000001DD0F00" bytes="17997968" />
</allocation-stats>
<gc-op id="1013" type="mark" timems="18.909" contextid="1010" timestamp="2019-08-08T00:00:05.981">
  <trace-info objectcount="258674" scancount="219606" scanbytes="6058744" />
  <finalization candidates="81" enqueued="0" />
  <ownableSynchronizers candidates="21" cleared="0" />
  <references type="soft" candidates="2288" cleared="9" enqueued="9" dynamicThreshold="20" maxThreshold="32" />
  <references type="weak" candidates="5532" cleared="0" enqueued="0" />
  <references type="phantom" candidates="98" cleared="0" enqueued="0" />
  <stringconstants candidates="13239" cleared="8"  />
</gc-op>
<gc-op id="1014" type="classunload" timems="0.005" contextid="1010" timestamp="2019-08-08T00:00:05.981">
  <classunload-info classloadercandidates="55" classloadersunloaded="0" classesunloaded="0" anonymousclassesunloaded="0" quiescems="0.000" setupms="0.005" scanms="0.000" postms="0.000" />
</gc-op>
<gc-op id="1015" type="sweep" timems="2.138" contextid="1010" timestamp="2019-08-08T00:00:05.984" />
<mem-info id="1016" free="16606488" total="28704768" percent="57">
  <mem type="tenure" free="16606488" total="28704768" percent="57" micro-fragmented="74877" macro-fragmented="1130516">
    <mem type="soa" free="16319768" total="28418048" percent="57" />
    <mem type="loa" free="286720" total="286720" percent="100" />
  </mem>
  <pending-finalizers system="0" default="0" reference="9" classloader="0" />
</mem-info>
<gc-op id="1017" type="compact" timems="69.676" contextid="1010" timestamp="2019-08-08T00:00:06.053">
  <compact-info movecount="233498" movebytes="9539616" reason="compact to aid heap contraction" />
</gc-op>
<heap-resize id="1018" type="expand" space="tenure" amount="327680" count="1" timems="0.029" reason="satisfy allocation request" timestamp="2019-08-08T00:00:06.055" />
<gc-end id="1019" type="global" contextid="1010" durationms="92.997" usertimems="157.845" systemtimems="0.000" timestamp="2019-08-08T00:00:06.055" activeThreads="16">
  <mem-info id="1020" free="17640912" total="29032448" percent="60">
    <mem type="tenure" free="17640912" total="29032448" percent="60">
      <mem type="soa" free="17351120" total="28742656" percent="60" />
      <mem type="loa" free="289792" total="289792" percent="100" />
    </mem>
    <pending-finalizers system="0" default="0" reference="9" classloader="0" />
  </mem-info>
</gc-end>
<cycle-end id="1021" type="global" contextid="1010" timestamp="2019-08-08T00:00:06.055" />
  <attribute name="elasticGC enabled" value="1" />
  <attribute name= "numThreadsSpecified" value="16" />
  <attribute name="heapSize specified" value="28704768" />
  <attribute name="Current GC Util" value="21" />
  <attribute name= "Current Time Running" value="124976" />
  <attribute name ="GC Interval" value="0" />
  <attribute name="Target GC Util Change" value ="80.000000" />
  <attribute name="Current GC Util Change" value="21.000000"/>
  <attribute name="Current Error" value="59.000000" />
  <attribute name="Output H" value="29007752"/>
  <attribute name="Output I" value="2320"/>
  <attribute name="Output T" value="16"/>
  <attribute name= "Current Time Running" value="124976" />
  <attribute name="GC Util currently" value="21" />
  <attribute name="CPU Util currently" value="16533133696" />
<allocation-satisfied id="1022" threadId="0000000001DD0F00" bytesRequested="656" />
<af-end id="1023" timestamp="2019-08-08T00:00:06.055" threadId="0000000001DD1888" success="true" />
<exclusive-end id="1024" timestamp="2019-08-08T00:00:06.055" durationms="93.223" />

<exclusive-start id="1025" timestamp="2019-08-08T00:00:06.112" intervalms="150.056">
  <response-info timems="0.018" idlems="0.018" threads="0" lastid="0000000001DD0F00" lastname="main" />
</exclusive-start>
<af-start id="1026" threadId="0000000001DD1888" totalBytesRequested="32" timestamp="2019-08-08T00:00:06.112" intervalms="150.083" />
<cycle-start id="1027" type="global" contextid="0" timestamp="2019-08-08T00:00:06.112" intervalms="150.088" />
<gc-start id="1028" type="global" contextid="1027" timestamp="2019-08-08T00:00:06.112">
  <mem-info id="1029" free="289792" total="29032448" percent="0">
    <mem type="tenure" free="289792" total="29032448" percent="0">
      <mem type="soa" free="0" total="28742656" percent="0" />
      <mem type="loa" free="289792" total="289792" percent="100" />
    </mem>
  </mem-info>
</gc-start>
<allocation-stats totalBytes="17400656" >
  <allocated-bytes non-tlh="65544" tlh="17335112" />
  <largest-consumer threadName="main" threadId="0000000001DD0F00" bytes="17400656" />
</allocation-stats>
<gc-op id="1030" type="mark" timems="6.236" contextid="1027" timestamp="2019-08-08T00:00:06.118">
  <trace-info objectcount="295706" scancount="250682" scanbytes="6850996" />
  <finalization candidates="81" enqueued="0" />
  <ownableSynchronizers candidates="21" cleared="0" />
  <references type="soft" candidates="2279" cleared="6" enqueued="6" dynamicThreshold="19" maxThreshold="32" />
  <references type="weak" candidates="5532" cleared="0" enqueued="0" />
  <references type="phantom" candidates="98" cleared="0" enqueued="0" />
  <stringconstants candidates="13231" cleared="0"  />
</gc-op>
<gc-op id="1031" type="sweep" timems="3.966" contextid="1027" timestamp="2019-08-08T00:00:06.122" />
<mem-info id="1032" free="15968384" total="29032448" percent="55">
  <mem type="tenure" free="15968384" total="29032448" percent="55" micro-fragmented="102538" macro-fragmented="0">
    <mem type="soa" free="15678592" total="28742656" percent="54" />
    <mem type="loa" free="289792" total="289792" percent="100" />
  </mem>
  <pending-finalizers system="0" default="0" reference="6" classloader="0" />
</mem-info>
<gc-op id="1033" type="compact" timems="60.880" contextid="1027" timestamp="2019-08-08T00:00:06.184">
  <compact-info movecount="253079" movebytes="9806616" reason="compact to aid heap contraction" />
</gc-op>
<heap-resize id="1034" type="expand" space="tenure" amount="327680" count="1" timems="0.017" reason="satisfy allocation request" timestamp="2019-08-08T00:00:06.184" />
<gc-end id="1035" type="global" contextid="1027" durationms="72.343" usertimems="108.556" systemtimems="0.000" timestamp="2019-08-08T00:00:06.184" activeThreads="16">
  <mem-info id="1036" free="17001640" total="29360128" percent="57">
    <mem type="tenure" free="17001640" total="29360128" percent="57">
      <mem type="soa" free="16708776" total="29067264" percent="57" />
      <mem type="loa" free="292864" total="292864" percent="100" />
    </mem>
    <pending-finalizers system="0" default="0" reference="6" classloader="0" />
  </mem-info>
</gc-end>
<cycle-end id="1037" type="global" contextid="1027" timestamp="2019-08-08T00:00:06.184" />
  <attribute name="elasticGC enabled" value="1" />
  <attribute name= "numThreadsSpecified" value="16" />
  <attribute name="heapSize specified" value="29032448" />
  <attribute name="Current GC Util" value="25" />
  <attribute name= "Current Time Running" value="125107" />
  <attribute name ="GC Interval" value="0" />
  <attribute name="Target GC Util Change" value ="80.000000" />
  <attribute name="Current GC Util Change" value="25.000000"/>
  <attribute name="Current Error" value="-273.000000" />
  <attribute name="Output H" value="29333904"/>
  <attribute name="Output I" value="592"/>
  <attribute name="Output T" value="16"/>
  <attribute name= "Current Time Running" value="125107" />
  <attribute name="GC Util currently" value="25" />
  <attribute name="CPU Util currently" value="18933421637" />
<allocation-satisfied id="1038" threadId="0000000001DD0F00" bytesRequested="32" />
<af-end id="1039" timestamp="2019-08-08T00:00:06.185" threadId="0000000001DD1888" success="true" />
<exclusive-end id="1040" timestamp="2019-08-08T00:00:06.185" durationms="72.579" />

<exclusive-start id="1041" timestamp="2019-08-08T00:00:06.219" intervalms="107.407">
  <response-info timems="0.021" idlems="0.021" threads="0" lastid="0000000001DD0F00" lastname="main" />
</exclusive-start>
<af-start id="1042" threadId="0000000001DD1888" totalBytesRequested="32" timestamp="2019-08-08T00:00:06.219" intervalms="107.426" />
<cycle-start id="1043" type="global" contextid="0" timestamp="2019-08-08T00:00:06.219" intervalms="107.418" />
<gc-start id="1044" type="global" contextid="1043" timestamp="2019-08-08T00:00:06.220">
  <mem-info id="1045" free="292864" total="29360128" percent="0">
    <mem type="tenure" free="292864" total="29360128" percent="0">
      <mem type="soa" free="0" total="29067264" percent="0" />
      <mem type="loa" free="292864" total="292864" percent="100" />
    </mem>
  </mem-info>
</gc-start>
<allocation-stats totalBytes="16757592" >
  <allocated-bytes non-tlh="0" tlh="16757592" />
  <largest-consumer threadName="main" threadId="0000000001DD0F00" bytes="16757592" />
</allocation-stats>
<gc-op id="1046" type="mark" timems="13.312" contextid="1043" timestamp="2019-08-08T00:00:06.233">
  <trace-info objectcount="329531" scancount="279578" scanbytes="7525952" />
  <finalization candidates="81" enqueued="0" />
  <ownableSynchronizers candidates="21" cleared="0" />
  <references type="soft" candidates="2273" cleared="22" enqueued="22" dynamicThreshold="18" maxThreshold="32" />
  <references type="weak" candidates="5532" cleared="0" enqueued="0" />
  <references type="phantom" candidates="98" cleared="0" enqueued="0" />
  <stringconstants candidates="13231" cleared="0"  />
</gc-op>
<gc-op id="1047" type="sweep" timems="3.531" contextid="1043" timestamp="2019-08-08T00:00:06.236" />
<mem-info id="1048" free="15559144" total="29360128" percent="52">
  <mem type="tenure" free="15559144" total="29360128" percent="52" micro-fragmented="56304" macro-fragmented="0">
    <mem type="soa" free="15266280" total="29067264" percent="52" />
    <mem type="loa" free="292864" total="292864" percent="100" />
  </mem>
  <pending-finalizers system="0" default="0" reference="22" classloader="0" />
</mem-info>
<gc-op id="1049" type="compact" timems="67.395" contextid="1043" timestamp="2019-08-08T00:00:06.304">
  <compact-info movecount="264449" movebytes="9459064" reason="compact to aid heap contraction" />
</gc-op>
<heap-resize id="1050" type="expand" space="tenure" amount="327680" count="1" timems="0.018" reason="satisfy allocation request" timestamp="2019-08-08T00:00:06.305" />
<gc-end id="1051" type="global" contextid="1043" durationms="85.759" usertimems="121.896" systemtimems="0.000" timestamp="2019-08-08T00:00:06.305" activeThreads="16">
  <mem-info id="1052" free="16499424" total="29687808" percent="55">
    <mem type="tenure" free="16499424" total="29687808" percent="55">
      <mem type="soa" free="16203488" total="29391872" percent="55" />
      <mem type="loa" free="295936" total="295936" percent="100" />
    </mem>
    <pending-finalizers system="0" default="0" reference="22" classloader="0" />
  </mem-info>
</gc-end>
<cycle-end id="1053" type="global" contextid="1043" timestamp="2019-08-08T00:00:06.305" />
  <attribute name="elasticGC enabled" value="1" />
  <attribute name= "numThreadsSpecified" value="16" />
  <attribute name="heapSize specified" value="29360128" />
  <attribute name="Current GC Util" value="21" />
  <attribute name= "Current Time Running" value="125227" />
  <attribute name ="GC Interval" value="0" />
  <attribute name="Target GC Util Change" value ="80.000000" />
  <attribute name="Current GC Util Change" value="21.000000"/>
  <attribute name="Current Error" value="-176.000000" />
  <attribute name="Output H" value="29662032"/>
  <attribute name="Output I" value="1096"/>
  <attribute name="Output T" value="16"/>
  <attribute name= "Current Time Running" value="125227" />
  <attribute name="GC Util currently" value="21" />
  <attribute name="CPU Util currently" value="17101981700" />
<allocation-satisfied id="1054" threadId="0000000001DD0F00" bytesRequested="32" />
<af-end id="1055" timestamp="2019-08-08T00:00:06.305" threadId="0000000001DD1888" success="true" />
<exclusive-end id="1056" timestamp="2019-08-08T00:00:06.305" durationms="85.993" />

<exclusive-start id="1057" timestamp="2019-08-08T00:00:06.367" intervalms="147.305">
  <response-info timems="0.016" idlems="0.016" threads="0" lastid="0000000001DD0F00" lastname="main" />
</exclusive-start>
<af-start id="1058" threadId="0000000001DD1888" totalBytesRequested="16" timestamp="2019-08-08T00:00:06.367" intervalms="147.255" />
<cycle-start id="1059" type="global" contextid="0" timestamp="2019-08-08T00:00:06.367" intervalms="147.255" />
<gc-start id="1060" type="global" contextid="1059" timestamp="2019-08-08T00:00:06.369">
  <mem-info id="1061" free="295936" total="29687808" percent="0">
    <mem type="tenure" free="295936" total="29687808" percent="0">
      <mem type="soa" free="0" total="29391872" percent="0" />
      <mem type="loa" free="295936" total="295936" percent="100" />
    </mem>
  </mem-info>
</gc-start>
<allocation-stats totalBytes="16254280" >
  <allocated-bytes non-tlh="0" tlh="16254280" />
  <largest-consumer threadName="main" threadId="0000000001DD0F00" bytes="16254280" />
</allocation-stats>
<gc-op id="1062" type="mark" timems="16.432" contextid="1059" timestamp="2019-08-08T00:00:06.385">
  <trace-info objectcount="363138" scancount="307918" scanbytes="8186824" />
  <finalization candidates="81" enqueued="0" />
  <ownableSynchronizers candidates="21" cleared="0" />
  <references type="soft" candidates="2251" cleared="27" enqueued="27" dynamicThreshold="17" maxThreshold="32" />
  <references type="weak" candidates="5532" cleared="0" enqueued="0" />
  <references type="phantom" candidates="98" cleared="0" enqueued="0" />
  <stringconstants candidates="13231" cleared="0"  />
</gc-op>
<gc-op id="1063" type="sweep" timems="5.014" contextid="1059" timestamp="2019-08-08T00:00:06.390" />
<mem-info id="1064" free="15046552" total="29687808" percent="50">
  <mem type="tenure" free="15046552" total="29687808" percent="50" micro-fragmented="52277" macro-fragmented="0">
    <mem type="soa" free="14750616" total="29391872" percent="50" />
    <mem type="loa" free="295936" total="295936" percent="100" />
  </mem>
  <pending-finalizers system="0" default="0" reference="27" classloader="0" />
</mem-info>
<gc-op id="1065" type="compact" timems="82.790" contextid="1059" timestamp="2019-08-08T00:00:06.473">
  <compact-info movecount="325443" movebytes="11729232" reason="compact to aid heap contraction" />
</gc-op>
<heap-resize id="1066" type="expand" space="tenure" amount="327680" count="1" timems="0.021" reason="satisfy allocation request" timestamp="2019-08-08T00:00:06.474" />
<gc-end id="1067" type="global" contextid="1059" durationms="105.687" usertimems="148.856" systemtimems="0.000" timestamp="2019-08-08T00:00:06.474" activeThreads="16">
  <mem-info id="1068" free="16000904" total="30015488" percent="53">
    <mem type="tenure" free="16000904" total="30015488" percent="53">
      <mem type="soa" free="15700872" total="29715456" percent="52" />
      <mem type="loa" free="300032" total="300032" percent="100" />
    </mem>
    <pending-finalizers system="0" default="0" reference="27" classloader="0" />
  </mem-info>
</gc-end>
<cycle-end id="1069" type="global" contextid="1059" timestamp="2019-08-08T00:00:06.474" />
  <attribute name="elasticGC enabled" value="1" />
  <attribute name= "numThreadsSpecified" value="16" />
  <attribute name="heapSize specified" value="29687808" />
  <attribute name="Current GC Util" value="19" />
  <attribute name= "Current Time Running" value="125397" />
  <attribute name ="GC Interval" value="0" />
  <attribute name="Target GC Util Change" value ="80.000000" />
  <attribute name="Current GC Util Change" value="19.000000"/>
  <attribute name="Current Error" value="61.000000" />
  <attribute name="Output H" value="29990808"/>
  <attribute name="Output I" value="2328"/>
  <attribute name="Output T" value="16"/>
  <attribute name= "Current Time Running" value="125397" />
  <attribute name="GC Util currently" value="19" />
  <attribute name="CPU Util currently" value="13919942304" />
<allocation-satisfied id="1070" threadId="0000000001DD0F00" bytesRequested="16" />
<af-end id="1071" timestamp="2019-08-08T00:00:06.474" threadId="0000000001DD1888" success="true" />
<exclusive-end id="1072" timestamp="2019-08-08T00:00:06.474" durationms="107.701" />

<exclusive-start id="1073" timestamp="2019-08-08T00:00:06.503" intervalms="136.747">
  <response-info timems="0.019" idlems="0.019" threads="0" lastid="0000000001DD0F00" lastname="main" />
</exclusive-start>
<af-start id="1074" threadId="0000000001DD1888" totalBytesRequested="24" timestamp="2019-08-08T00:00:06.503" intervalms="136.773" />
<cycle-start id="1075" type="global" contextid="0" timestamp="2019-08-08T00:00:06.503" intervalms="136.773" />
<gc-start id="1076" type="global" contextid="1075" timestamp="2019-08-08T00:00:06.504">
  <mem-info id="1077" free="300032" total="30015488" percent="0">
    <mem type="tenure" free="300032" total="30015488" percent="0">
      <mem type="soa" free="0" total="29715456" percent="0" />
      <mem type="loa" free="300032" total="300032" percent="100" />
    </mem>
  </mem-info>
</gc-start>
<allocation-stats totalBytes="15751504" >
  <allocated-bytes non-tlh="0" tlh="15751504" />
  <largest-consumer threadName="main" threadId="0000000001DD0F00" bytes="15751504" />
</allocation-stats>
<gc-op id="1078" type="mark" timems="10.544" contextid="1075" timestamp="2019-08-08T00:00:06.514">
  <trace-info objectcount="394371" scancount="335007" scanbytes="8820960" />
  <finalization candidates="81" enqueued="0" />
  <ownableSynchronizers candidates="21" cleared="0" />
  <references type="soft" candidates="2224" cleared="2" enqueued="2" dynamicThreshold="17" maxThreshold="32" />
  <references type="weak" candidates="5532" cleared="0" enqueued="0" />
  <references type="phantom" candidates="98" cleared="0" enqueued="0" />
  <stringconstants candidates="13231" cleared="3"  />
</gc-op>
<gc-op id="1079" type="sweep" timems="1.554" contextid="1075" timestamp="2019-08-08T00:00:06.516" />
<mem-info id="1080" free="14679416" total="30015488" percent="48">
  <mem type="tenure" free="14679416" total="30015488" percent="48" micro-fragmented="40446" macro-fragmented="0">
    <mem type="soa" free="14379384" total="29715456" percent="48" />
    <mem type="loa" free="300032" total="300032" percent="100" />
  </mem>
  <pending-finalizers system="0" default="0" reference="2" classloader="0" />
</mem-info>
<gc-op id="1081" type="compact" timems="77.117" contextid="1075" timestamp="2019-08-08T00:00:06.593">
  <compact-info movecount="356676" movebytes="12473728" reason="compact to aid heap contraction" />
</gc-op>
<heap-resize id="1082" type="expand" space="tenure" amount="327680" count="1" timems="0.019" reason="satisfy allocation request" timestamp="2019-08-08T00:00:06.594" />
<gc-end id="1083" type="global" contextid="1075" durationms="90.314" usertimems="134.869" systemtimems="0.000" timestamp="2019-08-08T00:00:06.594" activeThreads="16">
  <mem-info id="1084" free="15584088" total="30343168" percent="51">
    <mem type="tenure" free="15584088" total="30343168" percent="51">
      <mem type="soa" free="15280984" total="30040064" percent="50" />
      <mem type="loa" free="303104" total="303104" percent="100" />
    </mem>
    <pending-finalizers system="0" default="0" reference="2" classloader="0" />
  </mem-info>
</gc-end>
<cycle-end id="1085" type="global" contextid="1075" timestamp="2019-08-08T00:00:06.594" />
  <attribute name="elasticGC enabled" value="1" />
  <attribute name= "numThreadsSpecified" value="16" />
  <attribute name="heapSize specified" value="30015488" />
  <attribute name="Current GC Util" value="14" />
  <attribute name= "Current Time Running" value="125516" />
  <attribute name ="GC Interval" value="0" />
  <attribute name="Target GC Util Change" value ="80.000000" />
  <attribute name="Current GC Util Change" value="14.000000"/>
  <attribute name="Current Error" value="-416.000000" />
  <attribute name="Output H" value="30316280"/>
  <attribute name="Output I" value="200"/>
  <attribute name="Output T" value="16"/>
  <attribute name= "Current Time Running" value="125516" />
  <attribute name="GC Util currently" value="14" />
  <attribute name="CPU Util currently" value="14943316517" />
<allocation-satisfied id="1086" threadId="0000000001DD0F00" bytesRequested="24" />
<af-end id="1087" timestamp="2019-08-08T00:00:06.594" threadId="0000000001DD1888" success="true" />
<exclusive-end id="1088" timestamp="2019-08-08T00:00:06.594" durationms="90.545" />

<exclusive-start id="1089" timestamp="2019-08-08T00:00:06.623" intervalms="119.994">
  <response-info timems="0.017" idlems="0.017" threads="0" lastid="0000000001DD0F00" lastname="main" />
</exclusive-start>
<af-start id="1090" threadId="0000000001DD1888" totalBytesRequested="656" timestamp="2019-08-08T00:00:06.623" intervalms="119.967" />
<cycle-start id="1091" type="global" contextid="0" timestamp="2019-08-08T00:00:06.623" intervalms="119.968" />
<gc-start id="1092" type="global" contextid="1091" timestamp="2019-08-08T00:00:06.624">
  <mem-info id="1093" free="303104" total="30343168" percent="0">
    <mem type="tenure" free="303104" total="30343168" percent="0">
      <mem type="soa" free="0" total="30040064" percent="0" />
      <mem type="loa" free="303104" total="303104" percent="100" />
    </mem>
  </mem-info>
</gc-start>
<allocation-stats totalBytes="15328576" >
  <allocated-bytes non-tlh="262160" tlh="15066416" />
  <largest-consumer threadName="main" threadId="0000000001DD0F00" bytes="15328576" />
</allocation-stats>
<gc-op id="1094" type="mark" timems="7.771" contextid="1091" timestamp="2019-08-08T00:00:06.631">
  <trace-info objectcount="425943" scancount="360870" scanbytes="9557168" />
  <finalization candidates="81" enqueued="0" />
  <ownableSynchronizers candidates="21" cleared="0" />
  <references type="soft" candidates="2222" cleared="2" enqueued="2" dynamicThreshold="16" maxThreshold="32" />
  <references type="weak" candidates="5532" cleared="0" enqueued="0" />
  <references type="phantom" candidates="98" cleared="0" enqueued="0" />
  <stringconstants candidates="13228" cleared="0"  />
</gc-op>
<gc-op id="1095" type="sweep" timems="1.641" contextid="1091" timestamp="2019-08-08T00:00:06.633" />
<mem-info id="1096" free="14080336" total="30343168" percent="46">
  <mem type="tenure" free="14080336" total="30343168" percent="46" micro-fragmented="118494" macro-fragmented="0">
    <mem type="soa" free="13777232" total="30040064" percent="45" />
    <mem type="loa" free="303104" total="303104" percent="100" />
  </mem>
  <pending-finalizers system="0" default="0" reference="2" classloader="0" />
</mem-info>
<gc-op id="1097" type="compact" timems="75.523" contextid="1091" timestamp="2019-08-08T00:00:06.709">
  <compact-info movecount="329640" movebytes="10498568" reason="compact to aid heap contraction" />
</gc-op>
<heap-resize id="1098" type="expand" space="tenure" amount="327680" count="1" timems="0.033" reason="satisfy allocation request" timestamp="2019-08-08T00:00:06.710" />
<gc-end id="1099" type="global" contextid="1091" durationms="86.039" usertimems="123.334" systemtimems="0.000" timestamp="2019-08-08T00:00:06.710" activeThreads="16">
  <mem-info id="1100" free="14968920" total="30670848" percent="48">
    <mem type="tenure" free="14968920" total="30670848" percent="48">
      <mem type="soa" free="14662744" total="30364672" percent="48" />
      <mem type="loa" free="306176" total="306176" percent="100" />
    </mem>
    <pending-finalizers system="0" default="0" reference="2" classloader="0" />
  </mem-info>
</gc-end>
<cycle-end id="1101" type="global" contextid="1091" timestamp="2019-08-08T00:00:06.710" />
  <attribute name="elasticGC enabled" value="1" />
  <attribute name= "numThreadsSpecified" value="16" />
  <attribute name="heapSize specified" value="30343168" />
  <attribute name="Current GC Util" value="8" />
  <attribute name= "Current Time Running" value="125632" />
  <attribute name ="GC Interval" value="0" />
  <attribute name="Target GC Util Change" value ="80.000000" />
  <attribute name="Current GC Util Change" value="8.000000"/>
  <attribute name="Current Error" value="-322.000000" />
  <attribute name="Output H" value="30644400"/>
  <attribute name="Output I" value="336"/>
  <attribute name="Output T" value="16"/>
  <attribute name= "Current Time Running" value="125632" />
  <attribute name="GC Util currently" value="8" />
  <attribute name="CPU Util currently" value="15257306852" />
<allocation-satisfied id="1102" threadId="0000000001DD0F00" bytesRequested="656" />
<af-end id="1103" timestamp="2019-08-08T00:00:06.710" threadId="0000000001DD1888" success="true" />
<exclusive-end id="1104" timestamp="2019-08-08T00:00:06.710" durationms="86.228" />

<exclusive-start id="1105" timestamp="2019-08-08T00:00:06.739" intervalms="115.290">
  <response-info timems="0.017" idlems="0.017" threads="0" lastid="0000000001DD0F00" lastname="main" />
</exclusive-start>
<af-start id="1106" threadId="0000000001DD1888" totalBytesRequested="648" timestamp="2019-08-08T00:00:06.739" intervalms="115.379" />
<cycle-start id="1107" type="global" contextid="0" timestamp="2019-08-08T00:00:06.739" intervalms="115.494" />
<gc-start id="1108" type="global" contextid="1107" timestamp="2019-08-08T00:00:06.739">
  <mem-info id="1109" free="306176" total="30670848" percent="0">
    <mem type="tenure" free="306176" total="30670848" percent="0">
      <mem type="soa" free="0" total="30364672" percent="0" />
      <mem type="loa" free="306176" total="306176" percent="100" />
    </mem>
  </mem-info>
</gc-start>
<allocation-stats totalBytes="14713864" >
  <allocated-bytes non-tlh="0" tlh="14713864" />
  <largest-consumer threadName="main" threadId="0000000001DD0F00" bytes="14713864" />
</allocation-stats>
<gc-op id="1110" type="mark" timems="11.648" contextid="1107" timestamp="2019-08-08T00:00:06.751">
  <trace-info objectcount="456494" scancount="387324" scanbytes="10176592" />
  <finalization candidates="81" enqueued="0" />
  <ownableSynchronizers candidates="21" cleared="0" />
  <references type="soft" candidates="2220" cleared="5" enqueued="5" dynamicThreshold="15" maxThreshold="32" />
  <references type="weak" candidates="5532" cleared="0" enqueued="0" />
  <references type="phantom" candidates="98" cleared="0" enqueued="0" />
  <stringconstants candidates="13228" cleared="0"  />
</gc-op>
<gc-op id="1111" type="sweep" timems="1.943" contextid="1107" timestamp="2019-08-08T00:00:06.753" />
<mem-info id="1112" free="13642504" total="30670848" percent="44">
  <mem type="tenure" free="13642504" total="30670848" percent="44" micro-fragmented="46661" macro-fragmented="0">
    <mem type="soa" free="13336328" total="30364672" percent="43" />
    <mem type="loa" free="306176" total="306176" percent="100" />
  </mem>
  <pending-finalizers system="0" default="0" reference="5" classloader="0" />
</mem-info>
<gc-op id="1113" type="compact" timems="86.781" contextid="1107" timestamp="2019-08-08T00:00:06.840">
  <compact-info movecount="359211" movebytes="11224488" reason="compact to aid heap contraction" />
</gc-op>
<heap-resize id="1114" type="expand" space="tenure" amount="327680" count="1" timems="0.022" reason="satisfy allocation request" timestamp="2019-08-08T00:00:06.841" />
<gc-end id="1115" type="global" contextid="1107" durationms="101.560" usertimems="141.737" systemtimems="0.000" timestamp="2019-08-08T00:00:06.841" activeThreads="16">
  <mem-info id="1116" free="14539960" total="30998528" percent="46">
    <mem type="tenure" free="14539960" total="30998528" percent="46">
      <mem type="soa" free="14230712" total="30689280" percent="46" />
      <mem type="loa" free="309248" total="309248" percent="100" />
    </mem>
    <pending-finalizers system="0" default="0" reference="5" classloader="0" />
  </mem-info>
</gc-end>
<cycle-end id="1117" type="global" contextid="1107" timestamp="2019-08-08T00:00:06.841" />
  <attribute name="elasticGC enabled" value="1" />
  <attribute name= "numThreadsSpecified" value="16" />
  <attribute name="heapSize specified" value="30670848" />
  <attribute name="Current GC Util" value="11" />
  <attribute name= "Current Time Running" value="125763" />
  <attribute name ="GC Interval" value="0" />
  <attribute name="Target GC Util Change" value ="80.000000" />
  <attribute name="Current GC Util Change" value="11.000000"/>
  <attribute name="Current Error" value="69.000000" />
  <attribute name="Output H" value="30973880"/>
  <attribute name="Output I" value="2368"/>
  <attribute name="Output T" value="16"/>
  <attribute name= "Current Time Running" value="125763" />
  <attribute name="GC Util currently" value="11" />
  <attribute name="CPU Util currently" value="13284204091" />
<allocation-satisfied id="1118" threadId="0000000001DD0F00" bytesRequested="648" />
<af-end id="1119" timestamp="2019-08-08T00:00:06.841" threadId="0000000001DD1888" success="true" />
<exclusive-end id="1120" timestamp="2019-08-08T00:00:06.841" durationms="101.966" />

<exclusive-start id="1121" timestamp="2019-08-08T00:00:06.870" intervalms="131.502">
  <response-info timems="0.024" idlems="0.024" threads="0" lastid="0000000001DD0F00" lastname="main" />
</exclusive-start>
<af-start id="1122" threadId="0000000001DD1888" totalBytesRequested="648" timestamp="2019-08-08T00:00:06.870" intervalms="131.460" />
<cycle-start id="1123" type="global" contextid="0" timestamp="2019-08-08T00:00:06.870" intervalms="131.353" />
<gc-start id="1124" type="global" contextid="1123" timestamp="2019-08-08T00:00:06.870">
  <mem-info id="1125" free="309248" total="30998528" percent="0">
    <mem type="tenure" free="309248" total="30998528" percent="0">
      <mem type="soa" free="0" total="30689280" percent="0" />
      <mem type="loa" free="309248" total="309248" percent="100" />
    </mem>
  </mem-info>
</gc-start>
<allocation-stats totalBytes="14284144" >
  <allocated-bytes non-tlh="0" tlh="14284144" />
  <largest-consumer threadName="main" threadId="0000000001DD0F00" bytes="14284144" />
</allocation-stats>
<gc-op id="1126" type="mark" timems="11.781" contextid="1123" timestamp="2019-08-08T00:00:06.882">
  <trace-info objectcount="485563" scancount="411856" scanbytes="10750804" />
  <finalization candidates="81" enqueued="0" />
  <ownableSynchronizers candidates="21" cleared="0" />
  <references type="soft" candidates="2215" cleared="1" enqueued="1" dynamicThreshold="15" maxThreshold="32" />
  <references type="weak" candidates="5532" cleared="0" enqueued="0" />
  <references type="phantom" candidates="98" cleared="0" enqueued="0" />
  <stringconstants candidates="13228" cleared="0"  />
</gc-op>
<gc-op id="1127" type="sweep" timems="5.012" contextid="1123" timestamp="2019-08-08T00:00:06.887" />
<mem-info id="1128" free="13270744" total="30998528" percent="42">
  <mem type="tenure" free="13270744" total="30998528" percent="42" micro-fragmented="39184" macro-fragmented="0">
    <mem type="soa" free="12961496" total="30689280" percent="42" />
    <mem type="loa" free="309248" total="309248" percent="100" />
  </mem>
  <pending-finalizers system="0" default="0" reference="1" classloader="0" />
</mem-info>
<gc-op id="1129" type="compact" timems="100.344" contextid="1123" timestamp="2019-08-08T00:00:06.988">
  <compact-info movecount="387810" movebytes="11940528" reason="compact to aid heap contraction" />
</gc-op>
<heap-resize id="1130" type="expand" space="tenure" amount="327680" count="1" timems="0.017" reason="satisfy allocation request" timestamp="2019-08-08T00:00:06.989" />
<gc-end id="1131" type="global" contextid="1123" durationms="118.450" usertimems="157.220" systemtimems="0.000" timestamp="2019-08-08T00:00:06.989" activeThreads="16">
  <mem-info id="1132" free="14133576" total="31326208" percent="45">
    <mem type="tenure" free="14133576" total="31326208" percent="45">
      <mem type="soa" free="13821256" total="31013888" percent="44" />
      <mem type="loa" free="312320" total="312320" percent="100" />
    </mem>
    <pending-finalizers system="0" default="0" reference="1" classloader="0" />
  </mem-info>
</gc-end>
<cycle-end id="1133" type="global" contextid="1123" timestamp="2019-08-08T00:00:06.989" />
  <attribute name="elasticGC enabled" value="1" />
  <attribute name= "numThreadsSpecified" value="16" />
  <attribute name="heapSize specified" value="30998528" />
  <attribute name="Current GC Util" value="12" />
  <attribute name= "Current Time Running" value="125911" />
  <attribute name ="GC Interval" value="0" />
  <attribute name="Target GC Util Change" value ="80.000000" />
  <attribute name="Current GC Util Change" value="12.000000"/>
  <attribute name="Current Error" value="-356.000000" />
  <attribute name="Output H" value="31299600"/>
  <attribute name="Output I" value="200"/>
  <attribute name="Output T" value="16"/>
  <attribute name= "Current Time Running" value="125911" />
  <attribute name="GC Util currently" value="12" />
  <attribute name="CPU Util currently" value="11485836859" />
<allocation-satisfied id="1134" threadId="0000000001DD0F00" bytesRequested="648" />
<af-end id="1135" timestamp="2019-08-08T00:00:06.989" threadId="0000000001DD1888" success="true" />
<exclusive-end id="1136" timestamp="2019-08-08T00:00:06.989" durationms="118.691" />

<exclusive-start id="1137" timestamp="2019-08-08T00:00:07.010" intervalms="140.274">
  <response-info timems="0.031" idlems="0.031" threads="0" lastid="0000000001DD0F00" lastname="main" />
</exclusive-start>
<af-start id="1138" threadId="0000000001DD1888" totalBytesRequested="1206336" timestamp="2019-08-08T00:00:07.010" intervalms="140.221" />
<cycle-start id="1139" type="global" contextid="0" timestamp="2019-08-08T00:00:07.011" intervalms="140.212" />
<gc-start id="1140" type="global" contextid="1139" timestamp="2019-08-08T00:00:07.011">
  <mem-info id="1141" free="1045792" total="31326208" percent="3">
    <mem type="tenure" free="1045792" total="31326208" percent="3">
      <mem type="soa" free="733472" total="31013888" percent="2" />
      <mem type="loa" free="312320" total="312320" percent="100" />
    </mem>
  </mem-info>
</gc-start>
<allocation-stats totalBytes="13139184" >
  <allocated-bytes non-tlh="603176" tlh="12536008" />
  <largest-consumer threadName="main" threadId="0000000001DD0F00" bytes="13139184" />
</allocation-stats>
<heap-resize id="1142" type="loa expand" space="tenure" amount="313344" count="1" timems="0.000" reason="expand on failed allocate" timestamp="2019-08-08T00:00:07.011" />
<gc-op id="1143" type="mark" timems="8.138" contextid="1139" timestamp="2019-08-08T00:00:07.019">
  <trace-info objectcount="511812" scancount="433906" scanbytes="11266272" />
  <finalization candidates="82" enqueued="0" />
  <ownableSynchronizers candidates="21" cleared="0" />
  <references type="soft" candidates="2214" cleared="4" enqueued="4" dynamicThreshold="14" maxThreshold="32" />
  <references type="weak" candidates="5532" cleared="0" enqueued="0" />
  <references type="phantom" candidates="99" cleared="0" enqueued="0" />
  <stringconstants candidates="13228" cleared="0"  />
</gc-op>
<gc-op id="1144" type="sweep" timems="1.229" contextid="1139" timestamp="2019-08-08T00:00:07.020" />
<mem-info id="1145" free="14354640" total="31326208" percent="45">
  <mem type="tenure" free="14354640" total="31326208" percent="45" micro-fragmented="55600" macro-fragmented="0">
    <mem type="soa" free="13728976" total="30700544" percent="44" />
    <mem type="loa" free="625664" total="625664" percent="100" />
  </mem>
  <pending-finalizers system="0" default="0" reference="4" classloader="0" />
</mem-info>
<gc-op id="1146" type="compact" timems="103.663" contextid="1139" timestamp="2019-08-08T00:00:07.124">
  <compact-info movecount="426922" movebytes="11761240" reason="compact to aid heap contraction" />
</gc-op>
<heap-resize id="1147" type="expand" space="tenure" amount="327680" count="1" timems="0.023" reason="satisfy allocation request" timestamp="2019-08-08T00:00:07.125" />
<gc-end id="1148" type="global" contextid="1139" durationms="114.198" usertimems="161.319" systemtimems="0.000" timestamp="2019-08-08T00:00:07.125" activeThreads="16">
  <mem-info id="1149" free="13988680" total="31653888" percent="44">
    <mem type="tenure" free="13988680" total="31653888" percent="44">
      <mem type="soa" free="13355848" total="31021056" percent="43" />
      <mem type="loa" free="632832" total="632832" percent="100" />
    </mem>
    <pending-finalizers system="0" default="0" reference="4" classloader="0" />
  </mem-info>
</gc-end>
<cycle-end id="1150" type="global" contextid="1139" timestamp="2019-08-08T00:00:07.125" />
  <attribute name="elasticGC enabled" value="1" />
  <attribute name= "numThreadsSpecified" value="16" />
  <attribute name="heapSize specified" value="31326208" />
  <attribute name="Current GC Util" value="8" />
  <attribute name= "Current Time Running" value="126047" />
  <attribute name ="GC Interval" value="0" />
  <attribute name="Target GC Util Change" value ="80.000000" />
  <attribute name="Current GC Util Change" value="8.000000"/>
  <attribute name="Current Error" value="-424.000000" />
  <attribute name="Output H" value="31626968"/>
  <attribute name="Output I" value="200"/>
  <attribute name="Output T" value="16"/>
  <attribute name= "Current Time Running" value="126047" />
  <attribute name="GC Util currently" value="8" />
  <attribute name="CPU Util currently" value="11114788603" />
<allocation-satisfied id="1151" threadId="0000000001DD0F00" bytesRequested="1206336" />
<af-end id="1152" timestamp="2019-08-08T00:00:07.126" threadId="0000000001DD1888" success="true" />
<exclusive-end id="1153" timestamp="2019-08-08T00:00:07.126" durationms="115.232" />

<exclusive-start id="1154" timestamp="2019-08-08T00:00:07.198" intervalms="187.789">
  <response-info timems="0.096" idlems="0.096" threads="0" lastid="0000000001DD0F00" lastname="main" />
</exclusive-start>
<af-start id="1155" threadId="0000000001DD1888" totalBytesRequested="88" timestamp="2019-08-08T00:00:07.198" intervalms="187.788" />
<cycle-start id="1156" type="global" contextid="0" timestamp="2019-08-08T00:00:07.198" intervalms="187.796" />
<gc-start id="1157" type="global" contextid="1156" timestamp="2019-08-08T00:00:07.198">
  <mem-info id="1158" free="632832" total="31653888" percent="1">
    <mem type="tenure" free="632832" total="31653888" percent="1">
      <mem type="soa" free="0" total="31021056" percent="0" />
      <mem type="loa" free="632832" total="632832" percent="100" />
    </mem>
  </mem-info>
</gc-start>
<allocation-stats totalBytes="14560400" >
  <allocated-bytes non-tlh="1206336" tlh="13354064" />
  <largest-consumer threadName="main" threadId="0000000001DD0F00" bytes="14560400" />
</allocation-stats>
<heap-resize id="1159" type="loa contract" space="tenure" amount="316416" count="1" timems="0.000" reason="contract underutilized loa" timestamp="2019-08-08T00:00:07.198" />
<gc-op id="1160" type="mark" timems="9.981" contextid="1156" timestamp="2019-08-08T00:00:07.208">
  <trace-info objectcount="543791" scancount="465740" scanbytes="12044096" />
  <finalization candidates="82" enqueued="1" />
  <ownableSynchronizers candidates="21" cleared="0" />
  <references type="soft" candidates="2210" cleared="1" enqueued="1" dynamicThreshold="14" maxThreshold="32" />
  <references type="weak" candidates="5532" cleared="0" enqueued="0" />
  <references type="phantom" candidates="98" cleared="0" enqueued="0" />
  <stringconstants candidates="13228" cleared="0"  />
</gc-op>
<gc-op id="1161" type="sweep" timems="1.942" contextid="1156" timestamp="2019-08-08T00:00:07.211" />
<mem-info id="1162" free="12718936" total="31653888" percent="40">
  <mem type="tenure" free="12718936" total="31653888" percent="40" micro-fragmented="96047" macro-fragmented="0">
    <mem type="soa" free="12402520" total="31337472" percent="39" />
    <mem type="loa" free="316416" total="316416" percent="100" />
  </mem>
  <pending-finalizers system="0" default="1" reference="1" classloader="0" />
</mem-info>
<gc-op id="1163" type="compact" timems="111.175" contextid="1156" timestamp="2019-08-08T00:00:07.322">
  <compact-info movecount="478049" movebytes="14153864" reason="compact to aid heap contraction" />
</gc-op>
<heap-resize id="1164" type="expand" space="tenure" amount="327680" count="1" timems="0.017" reason="satisfy allocation request" timestamp="2019-08-08T00:00:07.322" />
<gc-end id="1165" type="global" contextid="1156" durationms="124.025" usertimems="176.257" systemtimems="0.000" timestamp="2019-08-08T00:00:07.322" activeThreads="16">
  <mem-info id="1166" free="14074416" total="31981568" percent="44">
    <mem type="tenure" free="14074416" total="31981568" percent="44">
      <mem type="soa" free="13754928" total="31662080" percent="43" />
      <mem type="loa" free="319488" total="319488" percent="100" />
    </mem>
    <pending-finalizers system="0" default="1" reference="1" classloader="0" />
  </mem-info>
</gc-end>
<cycle-end id="1167" type="global" contextid="1156" timestamp="2019-08-08T00:00:07.322" />
  <attribute name="elasticGC enabled" value="1" />
  <attribute name= "numThreadsSpecified" value="16" />
  <attribute name="heapSize specified" value="31653888" />
  <attribute name="Current GC Util" value="9" />
  <attribute name= "Current Time Running" value="126245" />
  <attribute name ="GC Interval" value="0" />
  <attribute name="Target GC Util Change" value ="80.000000" />
  <attribute name="Current GC Util Change" value="9.000000"/>
  <attribute name="Current Error" value="71.000000" />
  <attribute name="Output H" value="31956928"/>
  <attribute name="Output I" value="2376"/>
  <attribute name="Output T" value="16"/>
  <attribute name= "Current Time Running" value="126245" />
  <attribute name="GC Util currently" value="9" />
  <attribute name="CPU Util currently" value="10366840868" />
<allocation-satisfied id="1168" threadId="0000000001DD0F00" bytesRequested="88" />
<af-end id="1169" timestamp="2019-08-08T00:00:07.322" threadId="0000000001DD1888" success="true" />
<exclusive-end id="1170" timestamp="2019-08-08T00:00:07.322" durationms="124.206" />

<exclusive-start id="1171" timestamp="2019-08-08T00:00:07.378" intervalms="180.058">
  <response-info timems="0.050" idlems="0.050" threads="0" lastid="0000000001DD0F00" lastname="main" />
</exclusive-start>
<af-start id="1172" threadId="0000000001DD1888" totalBytesRequested="32" timestamp="2019-08-08T00:00:07.378" intervalms="180.073" />
<cycle-start id="1173" type="global" contextid="0" timestamp="2019-08-08T00:00:07.378" intervalms="180.074" />
<gc-start id="1174" type="global" contextid="1173" timestamp="2019-08-08T00:00:07.378">
  <mem-info id="1175" free="319488" total="31981568" percent="0">
    <mem type="tenure" free="319488" total="31981568" percent="0">
      <mem type="soa" free="0" total="31662080" percent="0" />
      <mem type="loa" free="319488" total="319488" percent="100" />
    </mem>
  </mem-info>
</gc-start>
<allocation-stats totalBytes="13819208" >
  <allocated-bytes non-tlh="131080" tlh="13688128" />
  <largest-consumer threadName="main" threadId="0000000001DD0F00" bytes="13819208" />
</allocation-stats>
<gc-op id="1176" type="mark" timems="9.814" contextid="1173" timestamp="2019-08-08T00:00:07.388">
  <trace-info objectcount="577076" scancount="499076" scanbytes="12837272" />
  <finalization candidates="81" enqueued="0" />
  <ownableSynchronizers candidates="21" cleared="0" />
  <references type="soft" candidates="2209" cleared="378" enqueued="374" dynamicThreshold="14" maxThreshold="32" />
  <references type="weak" candidates="5532" cleared="0" enqueued="0" />
  <references type="phantom" candidates="98" cleared="0" enqueued="0" />
  <stringconstants candidates="13228" cleared="5"  />
</gc-op>
<gc-op id="1177" type="sweep" timems="3.361" contextid="1173" timestamp="2019-08-08T00:00:07.392" />
<mem-info id="1178" free="12250408" total="31981568" percent="38">
  <mem type="tenure" free="12250408" total="31981568" percent="38" micro-fragmented="137259" macro-fragmented="0">
    <mem type="soa" free="11930920" total="31662080" percent="37" />
    <mem type="loa" free="319488" total="319488" percent="100" />
  </mem>
  <pending-finalizers system="0" default="0" reference="374" classloader="0" />
</mem-info>
<gc-op id="1179" type="compact" timems="167.582" contextid="1173" timestamp="2019-08-08T00:00:07.560">
  <compact-info movecount="560000" movebytes="17776704" reason="compact to aid heap contraction" />
</gc-op>
<heap-resize id="1180" type="expand" space="tenure" amount="327680" count="1" timems="0.021" reason="satisfy allocation request" timestamp="2019-08-08T00:00:07.561" />
<gc-end id="1181" type="global" contextid="1173" durationms="182.741" usertimems="227.439" systemtimems="0.000" timestamp="2019-08-08T00:00:07.561" activeThreads="16">
  <mem-info id="1182" free="13622408" total="32309248" percent="42">
    <mem type="tenure" free="13622408" total="32309248" percent="42">
      <mem type="soa" free="13299848" total="31986688" percent="41" />
      <mem type="loa" free="322560" total="322560" percent="100" />
    </mem>
    <pending-finalizers system="0" default="0" reference="374" classloader="0" />
  </mem-info>
</gc-end>
<cycle-end id="1183" type="global" contextid="1173" timestamp="2019-08-08T00:00:07.561" />
  <attribute name="elasticGC enabled" value="1" />
  <attribute name= "numThreadsSpecified" value="16" />
  <attribute name="heapSize specified" value="31981568" />
  <attribute name="Current GC Util" value="8" />
  <attribute name= "Current Time Running" value="126483" />
  <attribute name ="GC Interval" value="0" />
  <attribute name="Target GC Util Change" value ="80.000000" />
  <attribute name="Current GC Util Change" value="8.000000"/>
  <attribute name="Current Error" value="-343.000000" />
  <attribute name="Output H" value="32282696"/>
  <attribute name="Output I" value="232"/>
  <attribute name="Output T" value="16"/>
  <attribute name= "Current Time Running" value="126483" />
  <attribute name="GC Util currently" value="8" />
  <attribute name="CPU Util currently" value="6878665906" />
<allocation-satisfied id="1184" threadId="0000000001DD0F00" bytesRequested="32" />
<af-end id="1185" timestamp="2019-08-08T00:00:07.561" threadId="0000000001DD1888" success="true" />
<exclusive-end id="1186" timestamp="2019-08-08T00:00:07.561" durationms="182.977" />

-------------------------------------------------------------------------------
PYBENCH 2.0
-------------------------------------------------------------------------------
* using Python 2.5.2
* system check interval set to maximum: 2147483647
* using timer: time.time

Calibrating tests. Please wait...

Running 4 round(s) of the suite at warp factor 10:

<exclusive-start id="1187" timestamp="2019-08-08T00:00:07.712" intervalms="333.435">
  <response-info timems="0.041" idlems="0.041" threads="0" lastid="0000000001DD0F00" lastname="main" />
</exclusive-start>
<af-start id="1188" threadId="0000000001DD1888" totalBytesRequested="24" timestamp="2019-08-08T00:00:07.712" intervalms="333.447" />
<cycle-start id="1189" type="global" contextid="0" timestamp="2019-08-08T00:00:07.712" intervalms="333.441" />
<gc-start id="1190" type="global" contextid="1189" timestamp="2019-08-08T00:00:07.712">
  <mem-info id="1191" free="322560" total="32309248" percent="0">
    <mem type="tenure" free="322560" total="32309248" percent="0">
      <mem type="soa" free="0" total="31986688" percent="0" />
      <mem type="loa" free="322560" total="322560" percent="100" />
    </mem>
  </mem-info>
</gc-start>
<allocation-stats totalBytes="13364208" >
  <allocated-bytes non-tlh="18432" tlh="13345776" />
  <largest-consumer threadName="main" threadId="0000000001DD0F00" bytes="13364208" />
</allocation-stats>
<gc-op id="1192" type="mark" timems="9.810" contextid="1189" timestamp="2019-08-08T00:00:07.722">
  <trace-info objectcount="602502" scancount="523325" scanbytes="13440228" />
  <finalization candidates="81" enqueued="1" />
  <ownableSynchronizers candidates="21" cleared="0" />
  <references type="soft" candidates="4183" cleared="2" enqueued="2" dynamicThreshold="13" maxThreshold="32" />
  <references type="weak" candidates="5590" cleared="4" enqueued="3" />
  <references type="phantom" candidates="98" cleared="0" enqueued="0" />
  <stringconstants candidates="13685" cleared="41"  />
</gc-op>
<gc-op id="1193" type="sweep" timems="1.375" contextid="1189" timestamp="2019-08-08T00:00:07.724" />
<mem-info id="1194" free="13464392" total="32309248" percent="41">
  <mem type="tenure" free="13464392" total="32309248" percent="41" micro-fragmented="374823" macro-fragmented="0">
    <mem type="soa" free="13141832" total="31986688" percent="41" />
    <mem type="loa" free="322560" total="322560" percent="100" />
  </mem>
  <pending-finalizers system="0" default="1" reference="5" classloader="0" />
</mem-info>
<gc-op id="1195" type="compact" timems="165.820" contextid="1189" timestamp="2019-08-08T00:00:07.890">
  <compact-info movecount="589322" movebytes="17494224" reason="compact to aid heap contraction" />
</gc-op>
<heap-resize id="1196" type="expand" space="tenure" amount="327680" count="1" timems="0.017" reason="satisfy allocation request" timestamp="2019-08-08T00:00:07.890" />
<gc-end id="1197" type="global" contextid="1189" durationms="178.308" usertimems="218.247" systemtimems="0.000" timestamp="2019-08-08T00:00:07.890" activeThreads="16">
  <mem-info id="1198" free="14526632" total="32636928" percent="44">
    <mem type="tenure" free="14526632" total="32636928" percent="44">
      <mem type="soa" free="14201000" total="32311296" percent="43" />
      <mem type="loa" free="325632" total="325632" percent="100" />
    </mem>
    <pending-finalizers system="0" default="1" reference="5" classloader="0" />
  </mem-info>
</gc-end>
<cycle-end id="1199" type="global" contextid="1189" timestamp="2019-08-08T00:00:07.890" />
  <attribute name="elasticGC enabled" value="1" />
  <attribute name= "numThreadsSpecified" value="16" />
  <attribute name="heapSize specified" value="32309248" />
  <attribute name="Current GC Util" value="10" />
  <attribute name= "Current Time Running" value="126813" />
  <attribute name ="GC Interval" value="0" />
  <attribute name="Target GC Util Change" value ="80.000000" />
  <attribute name="Current GC Util Change" value="10.000000"/>
  <attribute name="Current Error" value="-260.000000" />
  <attribute name="Output H" value="32610760"/>
  <attribute name="Output I" value="664"/>
  <attribute name="Output T" value="16"/>
  <attribute name= "Current Time Running" value="126813" />
  <attribute name="GC Util currently" value="10" />
  <attribute name="CPU Util currently" value="6952867872" />
<allocation-satisfied id="1200" threadId="0000000001DD0F00" bytesRequested="24" />
<af-end id="1201" timestamp="2019-08-08T00:00:07.890" threadId="0000000001DD1888" success="true" />
<exclusive-end id="1202" timestamp="2019-08-08T00:00:07.890" durationms="178.508" />

<exclusive-start id="1203" timestamp="2019-08-08T00:00:07.948" intervalms="236.667">
  <response-info timems="0.049" idlems="0.049" threads="0" lastid="0000000001DD0F00" lastname="main" />
</exclusive-start>
<af-start id="1204" threadId="0000000001DD1888" totalBytesRequested="16" timestamp="2019-08-08T00:00:07.948" intervalms="236.646" />
<cycle-start id="1205" type="global" contextid="0" timestamp="2019-08-08T00:00:07.948" intervalms="236.653" />
<gc-start id="1206" type="global" contextid="1205" timestamp="2019-08-08T00:00:07.949">
  <mem-info id="1207" free="325632" total="32636928" percent="0">
    <mem type="tenure" free="325632" total="32636928" percent="0">
      <mem type="soa" free="0" total="32311296" percent="0" />
      <mem type="loa" free="325632" total="325632" percent="100" />
    </mem>
  </mem-info>
</gc-start>
<allocation-stats totalBytes="14266040" >
  <allocated-bytes non-tlh="0" tlh="14266040" />
  <largest-consumer threadName="main" threadId="0000000001DD0F00" bytes="14266040" />
</allocation-stats>
<gc-op id="1208" type="mark" timems="24.020" contextid="1205" timestamp="2019-08-08T00:00:07.973">
  <trace-info objectcount="602457" scancount="523287" scanbytes="13439088" />
  <finalization candidates="80" enqueued="0" />
  <ownableSynchronizers candidates="21" cleared="0" />
  <references type="soft" candidates="4181" cleared="0" enqueued="0" dynamicThreshold="14" maxThreshold="32" />
  <references type="weak" candidates="5586" cleared="0" enqueued="0" />
  <references type="phantom" candidates="98" cleared="1" enqueued="1" />
  <stringconstants candidates="13644" cleared="0"  />
</gc-op>
<gc-op id="1209" type="sweep" timems="7.261" contextid="1205" timestamp="2019-08-08T00:00:07.980" />
<mem-info id="1210" free="14602384" total="32636928" percent="44">
  <mem type="tenure" free="14602384" total="32636928" percent="44" micro-fragmented="0" macro-fragmented="6450429">
    <mem type="soa" free="14276752" total="32311296" percent="44" />
    <mem type="loa" free="325632" total="325632" percent="100" />
  </mem>
  <pending-finalizers system="0" default="0" reference="1" classloader="0" />
</mem-info>
<gc-op id="1211" type="compact" timems="125.145" contextid="1205" timestamp="2019-08-08T00:00:08.105">
  <compact-info movecount="532553" movebytes="14181184" reason="compact to aid heap contraction" />
</gc-op>
<heap-resize id="1212" type="expand" space="tenure" amount="327680" count="1" timems="0.019" reason="satisfy allocation request" timestamp="2019-08-08T00:00:08.106" />
<gc-end id="1213" type="global" contextid="1205" durationms="157.475" usertimems="234.276" systemtimems="0.000" timestamp="2019-08-08T00:00:08.106" activeThreads="16">
  <mem-info id="1214" free="14865480" total="32964608" percent="45">
    <mem type="tenure" free="14865480" total="32964608" percent="45">
      <mem type="soa" free="14536776" total="32635904" percent="44" />
      <mem type="loa" free="328704" total="328704" percent="100" />
    </mem>
    <pending-finalizers system="0" default="0" reference="1" classloader="0" />
  </mem-info>
</gc-end>
<cycle-end id="1215" type="global" contextid="1205" timestamp="2019-08-08T00:00:08.106" />
  <attribute name="elasticGC enabled" value="1" />
  <attribute name= "numThreadsSpecified" value="16" />
  <attribute name="heapSize specified" value="32636928" />
  <attribute name="Current GC Util" value="9" />
  <attribute name= "Current Time Running" value="127028" />
  <attribute name ="GC Interval" value="0" />
  <attribute name="Target GC Util Change" value ="80.000000" />
  <attribute name="Current GC Util Change" value="9.000000"/>
  <attribute name="Current Error" value="71.000000" />
  <attribute name="Output H" value="32939968"/>
  <attribute name="Output I" value="2376"/>
  <attribute name="Output T" value="16"/>
  <attribute name= "Current Time Running" value="127028" />
  <attribute name="GC Util currently" value="9" />
  <attribute name="CPU Util currently" value="9211320758" />
<allocation-satisfied id="1216" threadId="0000000001DD0F00" bytesRequested="16" />
<af-end id="1217" timestamp="2019-08-08T00:00:08.106" threadId="0000000001DD1888" success="true" />
<exclusive-end id="1218" timestamp="2019-08-08T00:00:08.106" durationms="157.682" />

<exclusive-start id="1219" timestamp="2019-08-08T00:00:08.242" intervalms="294.086">
  <response-info timems="0.043" idlems="0.043" threads="0" lastid="0000000001DD0F00" lastname="main" />
</exclusive-start>
<af-start id="1220" threadId="0000000001DD1888" totalBytesRequested="32" timestamp="2019-08-08T00:00:08.243" intervalms="294.098" />
<cycle-start id="1221" type="global" contextid="0" timestamp="2019-08-08T00:00:08.243" intervalms="294.098" />
<gc-start id="1222" type="global" contextid="1221" timestamp="2019-08-08T00:00:08.243">
  <mem-info id="1223" free="328704" total="32964608" percent="0">
    <mem type="tenure" free="328704" total="32964608" percent="0">
      <mem type="soa" free="0" total="32635904" percent="0" />
      <mem type="loa" free="328704" total="328704" percent="100" />
    </mem>
  </mem-info>
</gc-start>
<allocation-stats totalBytes="14600840" >
  <allocated-bytes non-tlh="0" tlh="14600840" />
  <largest-consumer threadName="main" threadId="0000000001DD0F00" bytes="14600840" />
</allocation-stats>
<gc-op id="1224" type="mark" timems="10.574" contextid="1221" timestamp="2019-08-08T00:00:08.253">
  <trace-info objectcount="602469" scancount="523305" scanbytes="13439368" />
  <finalization candidates="80" enqueued="0" />
  <ownableSynchronizers candidates="21" cleared="0" />
  <references type="soft" candidates="4181" cleared="0" enqueued="0" dynamicThreshold="14" maxThreshold="32" />
  <references type="weak" candidates="5586" cleared="0" enqueued="0" />
  <references type="phantom" candidates="97" cleared="0" enqueued="0" />
  <stringconstants candidates="13644" cleared="0"  />
</gc-op>
<gc-op id="1225" type="sweep" timems="1.662" contextid="1221" timestamp="2019-08-08T00:00:08.255" />
<mem-info id="1226" free="14929528" total="32964608" percent="45">
  <mem type="tenure" free="14929528" total="32964608" percent="45" micro-fragmented="0" macro-fragmented="13375613">
    <mem type="soa" free="14600824" total="32635904" percent="44" />
    <mem type="loa" free="328704" total="328704" percent="100" />
  </mem>
</mem-info>
<gc-op id="1227" type="compact" timems="128.766" contextid="1221" timestamp="2019-08-08T00:00:08.384">
  <compact-info movecount="538363" movebytes="14402728" reason="compact to aid heap contraction" />
</gc-op>
<heap-resize id="1228" type="expand" space="tenure" amount="327680" count="1" timems="0.015" reason="satisfy allocation request" timestamp="2019-08-08T00:00:08.384" />
<gc-end id="1229" type="global" contextid="1221" durationms="141.837" usertimems="194.670" systemtimems="0.000" timestamp="2019-08-08T00:00:08.384" activeThreads="16">
  <mem-info id="1230" free="15192872" total="33292288" percent="45">
    <mem type="tenure" free="15192872" total="33292288" percent="45">
      <mem type="soa" free="14860072" total="32959488" percent="45" />
      <mem type="loa" free="332800" total="332800" percent="100" />
    </mem>
  </mem-info>
</gc-end>
<cycle-end id="1231" type="global" contextid="1221" timestamp="2019-08-08T00:00:08.385" />
  <attribute name="elasticGC enabled" value="1" />
  <attribute name= "numThreadsSpecified" value="16" />
  <attribute name="heapSize specified" value="32964608" />
  <attribute name="Current GC Util" value="10" />
  <attribute name= "Current Time Running" value="127307" />
  <attribute name ="GC Interval" value="0" />
  <attribute name="Target GC Util Change" value ="80.000000" />
  <attribute name="Current GC Util Change" value="10.000000"/>
  <attribute name="Current Error" value="-261.000000" />
  <attribute name="Output H" value="33266120"/>
  <attribute name="Output I" value="656"/>
  <attribute name="Output T" value="16"/>
  <attribute name= "Current Time Running" value="127307" />
  <attribute name="GC Util currently" value="10" />
  <attribute name="CPU Util currently" value="8951142292" />
<allocation-satisfied id="1232" threadId="0000000001DD0F00" bytesRequested="32" />
<af-end id="1233" timestamp="2019-08-08T00:00:08.385" threadId="0000000001DD1888" success="true" />
<exclusive-end id="1234" timestamp="2019-08-08T00:00:08.385" durationms="142.161" />

<exclusive-start id="1235" timestamp="2019-08-08T00:00:08.467" intervalms="224.645">
  <response-info timems="0.082" idlems="0.082" threads="0" lastid="0000000001DD0F00" lastname="main" />
</exclusive-start>
<af-start id="1236" threadId="0000000001DD1888" totalBytesRequested="32" timestamp="2019-08-08T00:00:08.467" intervalms="224.633" />
<cycle-start id="1237" type="global" contextid="0" timestamp="2019-08-08T00:00:08.467" intervalms="224.624" />
<gc-start id="1238" type="global" contextid="1237" timestamp="2019-08-08T00:00:08.467">
  <mem-info id="1239" free="332800" total="33292288" percent="0">
    <mem type="tenure" free="332800" total="33292288" percent="0">
      <mem type="soa" free="0" total="32959488" percent="0" />
      <mem type="loa" free="332800" total="332800" percent="100" />
    </mem>
  </mem-info>
</gc-start>
<allocation-stats totalBytes="14923408" >
  <allocated-bytes non-tlh="0" tlh="14923408" />
  <largest-consumer threadName="main" threadId="0000000001DD0F00" bytes="14923408" />
</allocation-stats>
<gc-op id="1240" type="mark" timems="7.651" contextid="1237" timestamp="2019-08-08T00:00:08.475">
  <trace-info objectcount="602469" scancount="523301" scanbytes="13439368" />
  <finalization candidates="80" enqueued="0" />
  <ownableSynchronizers candidates="21" cleared="0" />
  <references type="soft" candidates="4181" cleared="0" enqueued="0" dynamicThreshold="14" maxThreshold="32" />
  <references type="weak" candidates="5586" cleared="0" enqueued="0" />
  <references type="phantom" candidates="97" cleared="0" enqueued="0" />
  <stringconstants candidates="13644" cleared="0"  />
</gc-op>
<gc-op id="1241" type="sweep" timems="1.498" contextid="1237" timestamp="2019-08-08T00:00:08.476" />
<mem-info id="1242" free="15258408" total="33292288" percent="45">
  <mem type="tenure" free="15258408" total="33292288" percent="45" micro-fragmented="0" macro-fragmented="0">
    <mem type="soa" free="14925608" total="32959488" percent="45" />
    <mem type="loa" free="332800" total="332800" percent="100" />
  </mem>
</mem-info>
<gc-op id="1243" type="compact" timems="23.688" contextid="1237" timestamp="2019-08-08T00:00:08.500">
  <compact-info movecount="1" movebytes="24" reason="compact to aid heap contraction" />
</gc-op>
<heap-resize id="1244" type="expand" space="tenure" amount="327680" count="1" timems="0.019" reason="satisfy allocation request" timestamp="2019-08-08T00:00:08.501" />
<gc-end id="1245" type="global" contextid="1237" durationms="33.757" usertimems="71.245" systemtimems="0.000" timestamp="2019-08-08T00:00:08.501" activeThreads="16">
  <mem-info id="1246" free="15520552" total="33619968" percent="46">
    <mem type="tenure" free="15520552" total="33619968" percent="46">
      <mem type="soa" free="15184680" total="33284096" percent="45" />
      <mem type="loa" free="335872" total="335872" percent="100" />
    </mem>
  </mem-info>
</gc-end>
<cycle-end id="1247" type="global" contextid="1237" timestamp="2019-08-08T00:00:08.501" />
  <attribute name="elasticGC enabled" value="1" />
  <attribute name= "numThreadsSpecified" value="16" />
  <attribute name="heapSize specified" value="33292288" />
  <attribute name="Current GC Util" value="30" />
  <attribute name= "Current Time Running" value="127423" />
  <attribute name ="GC Interval" value="0" />
  <attribute name="Target GC Util Change" value ="80.000000" />
  <attribute name="Current GC Util Change" value="30.000000"/>
  <attribute name="Current Error" value="-357.000000" />
  <attribute name="Output H" value="33593352"/>
  <attribute name="Output I" value="200"/>
  <attribute name="Output T" value="16"/>
  <attribute name= "Current Time Running" value="127423" />
  <attribute name="GC Util currently" value="30" />
  <attribute name="CPU Util currently" value="48620847769" />
<allocation-satisfied id="1248" threadId="0000000001DD0F00" bytesRequested="32" />
<af-end id="1249" timestamp="2019-08-08T00:00:08.501" threadId="0000000001DD1888" success="true" />
<exclusive-end id="1250" timestamp="2019-08-08T00:00:08.501" durationms="34.017" />

<exclusive-start id="1251" timestamp="2019-08-08T00:00:10.496" intervalms="2028.403">
  <response-info timems="0.059" idlems="0.059" threads="0" lastid="0000000001DD0F00" lastname="main" />
</exclusive-start>
<af-start id="1252" threadId="0000000001DD1888" totalBytesRequested="1168" timestamp="2019-08-08T00:00:10.496" intervalms="2028.410" />
<cycle-start id="1253" type="global" contextid="0" timestamp="2019-08-08T00:00:10.496" intervalms="2028.412" />
<gc-start id="1254" type="global" contextid="1253" timestamp="2019-08-08T00:00:10.496">
  <mem-info id="1255" free="335872" total="33619968" percent="0">
    <mem type="tenure" free="335872" total="33619968" percent="0">
      <mem type="soa" free="0" total="33284096" percent="0" />
      <mem type="loa" free="335872" total="335872" percent="100" />
    </mem>
  </mem-info>
</gc-start>
<allocation-stats totalBytes="15219392" >
  <allocated-bytes non-tlh="64" tlh="15219328" />
  <largest-consumer threadName="main" threadId="0000000001DD0F00" bytes="15219392" />
</allocation-stats>
<gc-op id="1256" type="mark" timems="11.720" contextid="1253" timestamp="2019-08-08T00:00:10.507">
  <trace-info objectcount="602534" scancount="523366" scanbytes="13440688" />
  <finalization candidates="80" enqueued="0" />
  <ownableSynchronizers candidates="21" cleared="0" />
  <references type="soft" candidates="4181" cleared="0" enqueued="0" dynamicThreshold="14" maxThreshold="32" />
  <references type="weak" candidates="5586" cleared="0" enqueued="0" />
  <references type="phantom" candidates="97" cleared="0" enqueued="0" />
  <stringconstants candidates="13645" cleared="0"  />
</gc-op>
<gc-op id="1257" type="sweep" timems="1.812" contextid="1253" timestamp="2019-08-08T00:00:10.509" />
<mem-info id="1258" free="15581960" total="33619968" percent="46">
  <mem type="tenure" free="15581960" total="33619968" percent="46" micro-fragmented="0" macro-fragmented="6450429">
    <mem type="soa" free="15246088" total="33284096" percent="45" />
    <mem type="loa" free="335872" total="335872" percent="100" />
  </mem>
</mem-info>
<gc-op id="1259" type="compact" timems="25.041" contextid="1253" timestamp="2019-08-08T00:00:10.535">
  <compact-info movecount="84" movebytes="3272" reason="compact to aid heap contraction" />
</gc-op>
<heap-resize id="1260" type="expand" space="tenure" amount="327680" count="1" timems="0.018" reason="satisfy allocation request" timestamp="2019-08-08T00:00:10.535" />
<gc-end id="1261" type="global" contextid="1253" durationms="39.450" usertimems="103.164" systemtimems="0.000" timestamp="2019-08-08T00:00:10.535" activeThreads="16">
  <mem-info id="1262" free="15845616" total="33947648" percent="46">
    <mem type="tenure" free="15845616" total="33947648" percent="46">
      <mem type="soa" free="15506672" total="33608704" percent="46" />
      <mem type="loa" free="338944" total="338944" percent="100" />
    </mem>
  </mem-info>
</gc-end>
<cycle-end id="1263" type="global" contextid="1253" timestamp="2019-08-08T00:00:10.535" />
  <attribute name="elasticGC enabled" value="1" />
  <attribute name= "numThreadsSpecified" value="16" />
  <attribute name="heapSize specified" value="33619968" />
  <attribute name="Current GC Util" value="41" />
  <attribute name= "Current Time Running" value="129458" />
  <attribute name ="GC Interval" value="0" />
  <attribute name="Target GC Util Change" value ="80.000000" />
  <attribute name="Current GC Util Change" value="41.000000"/>
  <attribute name="Current Error" value="39.000000" />
  <attribute name="Output H" value="33922864"/>
  <attribute name="Output I" value="2216"/>
  <attribute name="Output T" value="16"/>
  <attribute name= "Current Time Running" value="129458" />
  <attribute name="GC Util currently" value="41" />
  <attribute name="CPU Util currently" value="45967211364" />
<allocation-satisfied id="1264" threadId="0000000001DD0F00" bytesRequested="1168" />
<af-end id="1265" timestamp="2019-08-08T00:00:10.535" threadId="0000000001DD1888" success="true" />
<exclusive-end id="1266" timestamp="2019-08-08T00:00:10.535" durationms="39.722" />

<exclusive-start id="1267" timestamp="2019-08-08T00:00:10.543" intervalms="47.807">
  <response-info timems="0.042" idlems="0.042" threads="0" lastid="0000000001DD0F00" lastname="main" />
</exclusive-start>
<af-start id="1268" threadId="0000000001DD1888" totalBytesRequested="1168" timestamp="2019-08-08T00:00:10.543" intervalms="47.802" />
<cycle-start id="1269" type="global" contextid="0" timestamp="2019-08-08T00:00:10.543" intervalms="47.801" />
<gc-start id="1270" type="global" contextid="1269" timestamp="2019-08-08T00:00:10.543">
  <mem-info id="1271" free="338944" total="33947648" percent="0">
    <mem type="tenure" free="338944" total="33947648" percent="0">
      <mem type="soa" free="0" total="33608704" percent="0" />
      <mem type="loa" free="338944" total="338944" percent="100" />
    </mem>
  </mem-info>
</gc-start>
<allocation-stats totalBytes="15512112" >
  <allocated-bytes non-tlh="0" tlh="15512112" />
  <largest-consumer threadName="main" threadId="0000000001DD0F00" bytes="15512112" />
</allocation-stats>
<gc-op id="1272" type="mark" timems="11.652" contextid="1269" timestamp="2019-08-08T00:00:10.555">
  <trace-info objectcount="602534" scancount="523361" scanbytes="13440688" />
  <finalization candidates="80" enqueued="0" />
  <ownableSynchronizers candidates="21" cleared="0" />
  <references type="soft" candidates="4181" cleared="0" enqueued="0" dynamicThreshold="14" maxThreshold="32" />
  <references type="weak" candidates="5586" cleared="0" enqueued="0" />
  <references type="phantom" candidates="97" cleared="0" enqueued="0" />
  <stringconstants candidates="13645" cleared="0"  />
</gc-op>
<gc-op id="1273" type="sweep" timems="1.733" contextid="1269" timestamp="2019-08-08T00:00:10.557" />
<mem-info id="1274" free="15911136" total="33947648" percent="46">
  <mem type="tenure" free="15911136" total="33947648" percent="46" micro-fragmented="0" macro-fragmented="11146343">
    <mem type="soa" free="15572192" total="33608704" percent="46" />
    <mem type="loa" free="338944" total="338944" percent="100" />
  </mem>
</mem-info>
<gc-op id="1275" type="compact" timems="36.660" contextid="1269" timestamp="2019-08-08T00:00:10.594">
  <compact-info movecount="1" movebytes="32" reason="compact to aid heap contraction" />
</gc-op>
<heap-resize id="1276" type="expand" space="tenure" amount="327680" count="1" timems="0.021" reason="satisfy allocation request" timestamp="2019-08-08T00:00:10.596" />
<gc-end id="1277" type="global" contextid="1269" durationms="52.436" usertimems="115.625" systemtimems="0.000" timestamp="2019-08-08T00:00:10.596" activeThreads="16">
  <mem-info id="1278" free="16173296" total="34275328" percent="47">
    <mem type="tenure" free="16173296" total="34275328" percent="47">
      <mem type="soa" free="15831280" total="33933312" percent="46" />
      <mem type="loa" free="342016" total="342016" percent="100" />
    </mem>
  </mem-info>
</gc-end>
<cycle-end id="1279" type="global" contextid="1269" timestamp="2019-08-08T00:00:10.596" />
  <attribute name="elasticGC enabled" value="1" />
  <attribute name= "numThreadsSpecified" value="16" />
  <attribute name="heapSize specified" value="33947648" />
  <attribute name="Current GC Util" value="36" />
  <attribute name= "Current Time Running" value="129517" />
  <attribute name ="GC Interval" value="0" />
  <attribute name="Target GC Util Change" value ="80.000000" />
  <attribute name="Current GC Util Change" value="36.000000"/>
  <attribute name="Current Error" value="-646.000000" />
  <attribute name="Output H" value="34247384"/>
  <attribute name="Output I" value="200"/>
  <attribute name="Output T" value="16"/>
  <attribute name= "Current Time Running" value="129517" />
  <attribute name="GC Util currently" value="36" />
  <attribute name="CPU Util currently" value="31389342937" />
<allocation-satisfied id="1280" threadId="0000000001DD0F00" bytesRequested="1168" />
<af-end id="1281" timestamp="2019-08-08T00:00:10.596" threadId="0000000001DD1888" success="true" />
<exclusive-end id="1282" timestamp="2019-08-08T00:00:10.596" durationms="52.663" />

<exclusive-start id="1283" timestamp="2019-08-08T00:00:10.609" intervalms="65.230">
  <response-info timems="0.017" idlems="0.017" threads="0" lastid="0000000001DD0F00" lastname="main" />
</exclusive-start>
<af-start id="1284" threadId="0000000001DD1888" totalBytesRequested="1168" timestamp="2019-08-08T00:00:10.609" intervalms="65.238" />
<cycle-start id="1285" type="global" contextid="0" timestamp="2019-08-08T00:00:10.609" intervalms="65.243" />
<gc-start id="1286" type="global" contextid="1285" timestamp="2019-08-08T00:00:10.609">
  <mem-info id="1287" free="342016" total="34275328" percent="0">
    <mem type="tenure" free="342016" total="34275328" percent="0">
      <mem type="soa" free="0" total="33933312" percent="0" />
      <mem type="loa" free="342016" total="342016" percent="100" />
    </mem>
  </mem-info>
</gc-start>
<allocation-stats totalBytes="15834896" >
  <allocated-bytes non-tlh="0" tlh="15834896" />
  <largest-consumer threadName="main" threadId="0000000001DD0F00" bytes="15834896" />
</allocation-stats>
<gc-op id="1288" type="mark" timems="9.081" contextid="1285" timestamp="2019-08-08T00:00:10.618">
  <trace-info objectcount="602534" scancount="523395" scanbytes="13440688" />
  <finalization candidates="80" enqueued="0" />
  <ownableSynchronizers candidates="21" cleared="0" />
  <references type="soft" candidates="4181" cleared="0" enqueued="0" dynamicThreshold="15" maxThreshold="32" />
  <references type="weak" candidates="5586" cleared="0" enqueued="0" />
  <references type="phantom" candidates="97" cleared="0" enqueued="0" />
  <stringconstants candidates="13645" cleared="0"  />
</gc-op>
<gc-op id="1289" type="sweep" timems="1.948" contextid="1285" timestamp="2019-08-08T00:00:10.620" />
<mem-info id="1290" free="16238832" total="34275328" percent="47">
  <mem type="tenure" free="16238832" total="34275328" percent="47" micro-fragmented="0" macro-fragmented="13375613">
    <mem type="soa" free="15896816" total="33933312" percent="46" />
    <mem type="loa" free="342016" total="342016" percent="100" />
  </mem>
</mem-info>
<gc-op id="1291" type="compact" timems="26.445" contextid="1285" timestamp="2019-08-08T00:00:10.646">
  <compact-info movecount="1" movebytes="32" reason="compact to aid heap contraction" />
</gc-op>
<heap-resize id="1292" type="expand" space="tenure" amount="327680" count="1" timems="0.018" reason="satisfy allocation request" timestamp="2019-08-08T00:00:10.647" />
<gc-end id="1293" type="global" contextid="1285" durationms="38.378" usertimems="78.527" systemtimems="0.000" timestamp="2019-08-08T00:00:10.647" activeThreads="16">
  <mem-info id="1294" free="16500976" total="34603008" percent="47">
    <mem type="tenure" free="16500976" total="34603008" percent="47">
      <mem type="soa" free="16155888" total="34257920" percent="47" />
      <mem type="loa" free="345088" total="345088" percent="100" />
    </mem>
  </mem-info>
</gc-end>
<cycle-end id="1295" type="global" contextid="1285" timestamp="2019-08-08T00:00:10.647" />
  <attribute name="elasticGC enabled" value="1" />
  <attribute name= "numThreadsSpecified" value="16" />
  <attribute name="heapSize specified" value="34275328" />
  <attribute name="Current GC Util" value="32" />
  <attribute name= "Current Time Running" value="129569" />
  <attribute name ="GC Interval" value="0" />
  <attribute name="Target GC Util Change" value ="80.000000" />
  <attribute name="Current GC Util Change" value="32.000000"/>
  <attribute name="Current Error" value="-265.000000" />
  <attribute name="Output H" value="34576816"/>
  <attribute name="Output I" value="632"/>
  <attribute name="Output T" value="16"/>
  <attribute name= "Current Time Running" value="129569" />
  <attribute name="GC Util currently" value="32" />
  <attribute name="CPU Util currently" value="43565179705" />
<allocation-satisfied id="1296" threadId="0000000001DD0F00" bytesRequested="1168" />
<af-end id="1297" timestamp="2019-08-08T00:00:10.647" threadId="0000000001DD1888" success="true" />
<exclusive-end id="1298" timestamp="2019-08-08T00:00:10.647" durationms="38.593" />

<exclusive-start id="1299" timestamp="2019-08-08T00:00:10.655" intervalms="46.069">
  <response-info timems="0.035" idlems="0.035" threads="0" lastid="0000000001DD0F00" lastname="main" />
</exclusive-start>
<af-start id="1300" threadId="0000000001DD1888" totalBytesRequested="1168" timestamp="2019-08-08T00:00:10.655" intervalms="46.059" />
<cycle-start id="1301" type="global" contextid="0" timestamp="2019-08-08T00:00:10.655" intervalms="46.053" />
<gc-start id="1302" type="global" contextid="1301" timestamp="2019-08-08T00:00:10.655">
  <mem-info id="1303" free="345088" total="34603008" percent="0">
    <mem type="tenure" free="345088" total="34603008" percent="0">
      <mem type="soa" free="0" total="34257920" percent="0" />
      <mem type="loa" free="345088" total="345088" percent="100" />
    </mem>
  </mem-info>
</gc-start>
<allocation-stats totalBytes="16158912" >
  <allocated-bytes non-tlh="0" tlh="16158912" />
  <largest-consumer threadName="main" threadId="0000000001DD0F00" bytes="16158912" />
</allocation-stats>
<gc-op id="1304" type="mark" timems="10.620" contextid="1301" timestamp="2019-08-08T00:00:10.666">
  <trace-info objectcount="602534" scancount="523367" scanbytes="13440688" />
  <finalization candidates="80" enqueued="0" />
  <ownableSynchronizers candidates="21" cleared="0" />
  <references type="soft" candidates="4181" cleared="0" enqueued="0" dynamicThreshold="15" maxThreshold="32" />
  <references type="weak" candidates="5586" cleared="0" enqueued="0" />
  <references type="phantom" candidates="97" cleared="0" enqueued="0" />
  <stringconstants candidates="13645" cleared="0"  />
</gc-op>
<gc-op id="1305" type="sweep" timems="2.090" contextid="1301" timestamp="2019-08-08T00:00:10.668" />
<mem-info id="1306" free="16566480" total="34603008" percent="47">
  <mem type="tenure" free="16566480" total="34603008" percent="47" micro-fragmented="0" macro-fragmented="13375613">
    <mem type="soa" free="16221392" total="34257920" percent="47" />
    <mem type="loa" free="345088" total="345088" percent="100" />
  </mem>
</mem-info>
<gc-op id="1307" type="compact" timems="25.354" contextid="1301" timestamp="2019-08-08T00:00:10.693">
  <compact-info movecount="1" movebytes="32" reason="compact to aid heap contraction" />
</gc-op>
<heap-resize id="1308" type="expand" space="tenure" amount="327680" count="1" timems="0.017" reason="satisfy allocation request" timestamp="2019-08-08T00:00:10.694" />
<gc-end id="1309" type="global" contextid="1301" durationms="38.874" usertimems="102.509" systemtimems="0.000" timestamp="2019-08-08T00:00:10.694" activeThreads="16">
  <mem-info id="1310" free="16828656" total="34930688" percent="48">
    <mem type="tenure" free="16828656" total="34930688" percent="48">
      <mem type="soa" free="16479472" total="34581504" percent="47" />
      <mem type="loa" free="349184" total="349184" percent="100" />
    </mem>
  </mem-info>
</gc-end>
<cycle-end id="1311" type="global" contextid="1301" timestamp="2019-08-08T00:00:10.694" />
  <attribute name="elasticGC enabled" value="1" />
  <attribute name= "numThreadsSpecified" value="16" />
  <attribute name="heapSize specified" value="34603008" />
  <attribute name="Current GC Util" value="123" />
  <attribute name= "Current Time Running" value="129616" />
  <attribute name ="GC Interval" value="0" />
  <attribute name="Target GC Util Change" value ="80.000000" />
  <attribute name="Current GC Util Change" value="123.000000"/>
  <attribute name="Current Error" value="-43.000000" />
  <attribute name="Output H" value="34905528"/>
  <attribute name="Output I" value="1792"/>
  <attribute name="Output T" value="16"/>
  <attribute name= "Current Time Running" value="129616" />
  <attribute name="GC Util currently" value="123" />
  <attribute name="CPU Util currently" value="45442273369" />
<allocation-satisfied id="1312" threadId="0000000001DD0F00" bytesRequested="1168" />
<af-end id="1313" timestamp="2019-08-08T00:00:10.694" threadId="0000000001DD1888" success="true" />
<exclusive-end id="1314" timestamp="2019-08-08T00:00:10.694" durationms="39.110" />

<exclusive-start id="1315" timestamp="2019-08-08T00:00:10.700" intervalms="45.339">
  <response-info timems="0.033" idlems="0.033" threads="0" lastid="0000000001DD0F00" lastname="main" />
</exclusive-start>
<af-start id="1316" threadId="0000000001DD1888" totalBytesRequested="1168" timestamp="2019-08-08T00:00:10.700" intervalms="45.343" />
<cycle-start id="1317" type="global" contextid="0" timestamp="2019-08-08T00:00:10.700" intervalms="45.352" />
<gc-start id="1318" type="global" contextid="1317" timestamp="2019-08-08T00:00:10.700">
  <mem-info id="1319" free="349184" total="34930688" percent="0">
    <mem type="tenure" free="349184" total="34930688" percent="0">
      <mem type="soa" free="0" total="34581504" percent="0" />
      <mem type="loa" free="349184" total="349184" percent="100" />
    </mem>
  </mem-info>
</gc-start>
<allocation-stats totalBytes="16486800" >
  <allocated-bytes non-tlh="0" tlh="16486800" />
  <largest-consumer threadName="main" threadId="0000000001DD0F00" bytes="16486800" />
</allocation-stats>
<gc-op id="1320" type="mark" timems="9.319" contextid="1317" timestamp="2019-08-08T00:00:10.709">
  <trace-info objectcount="602535" scancount="523367" scanbytes="13440712" />
  <finalization candidates="80" enqueued="0" />
  <ownableSynchronizers candidates="21" cleared="0" />
  <references type="soft" candidates="4181" cleared="0" enqueued="0" dynamicThreshold="15" maxThreshold="32" />
  <references type="weak" candidates="5586" cleared="0" enqueued="0" />
  <references type="phantom" candidates="97" cleared="0" enqueued="0" />
  <stringconstants candidates="13645" cleared="0"  />
</gc-op>
<gc-op id="1321" type="sweep" timems="1.652" contextid="1317" timestamp="2019-08-08T00:00:10.711" />
<mem-info id="1322" free="16894168" total="34930688" percent="48">
  <mem type="tenure" free="16894168" total="34930688" percent="48" micro-fragmented="0" macro-fragmented="13375613">
    <mem type="soa" free="16544984" total="34581504" percent="47" />
    <mem type="loa" free="349184" total="349184" percent="100" />
  </mem>
</mem-info>
<gc-op id="1323" type="compact" timems="26.285" contextid="1317" timestamp="2019-08-08T00:00:10.738">
  <compact-info movecount="2" movebytes="56" reason="compact to aid heap contraction" />
</gc-op>
<heap-resize id="1324" type="expand" space="tenure" amount="327680" count="1" timems="0.020" reason="satisfy allocation request" timestamp="2019-08-08T00:00:10.738" />
<gc-end id="1325" type="global" contextid="1317" durationms="38.119" usertimems="90.323" systemtimems="0.000" timestamp="2019-08-08T00:00:10.738" activeThreads="16">
  <mem-info id="1326" free="17156312" total="35258368" percent="48">
    <mem type="tenure" free="17156312" total="35258368" percent="48">
      <mem type="soa" free="16804056" total="34906112" percent="48" />
      <mem type="loa" free="352256" total="352256" percent="100" />
    </mem>
  </mem-info>
</gc-end>
<cycle-end id="1327" type="global" contextid="1317" timestamp="2019-08-08T00:00:10.738" />
  <attribute name="elasticGC enabled" value="1" />
  <attribute name= "numThreadsSpecified" value="16" />
  <attribute name="heapSize specified" value="34930688" />
  <attribute name="Current GC Util" value="37" />
  <attribute name= "Current Time Running" value="129661" />
  <attribute name ="GC Interval" value="0" />
  <attribute name="Target GC Util Change" value ="80.000000" />
  <attribute name="Current GC Util Change" value="37.000000"/>
  <attribute name="Current Error" value="-537.000000" />
  <attribute name="Output H" value="35230920"/>
  <attribute name="Output I" value="200"/>
  <attribute name="Output T" value="16"/>
  <attribute name= "Current Time Running" value="129661" />
  <attribute name="GC Util currently" value="37" />
  <attribute name="CPU Util currently" value="43800202651" />
<allocation-satisfied id="1328" threadId="0000000001DD0F00" bytesRequested="1168" />
<af-end id="1329" timestamp="2019-08-08T00:00:10.738" threadId="0000000001DD1888" success="true" />
<exclusive-end id="1330" timestamp="2019-08-08T00:00:10.738" durationms="38.325" />

<exclusive-start id="1331" timestamp="2019-08-08T00:00:10.747" intervalms="47.522">
  <response-info timems="0.048" idlems="0.048" threads="0" lastid="0000000001DD0F00" lastname="main" />
</exclusive-start>
<af-start id="1332" threadId="0000000001DD1888" totalBytesRequested="1168" timestamp="2019-08-08T00:00:10.748" intervalms="47.528" />
<cycle-start id="1333" type="global" contextid="0" timestamp="2019-08-08T00:00:10.748" intervalms="47.528" />
<gc-start id="1334" type="global" contextid="1333" timestamp="2019-08-08T00:00:10.748">
  <mem-info id="1335" free="352256" total="35258368" percent="0">
    <mem type="tenure" free="352256" total="35258368" percent="0">
      <mem type="soa" free="0" total="34906112" percent="0" />
      <mem type="loa" free="352256" total="352256" percent="100" />
    </mem>
  </mem-info>
</gc-start>
<allocation-stats totalBytes="16811008" >
  <allocated-bytes non-tlh="0" tlh="16811008" />
  <largest-consumer threadName="main" threadId="0000000001DD0F00" bytes="16811008" />
</allocation-stats>
<gc-op id="1336" type="mark" timems="9.349" contextid="1333" timestamp="2019-08-08T00:00:10.757">
  <trace-info objectcount="602535" scancount="523366" scanbytes="13440712" />
  <finalization candidates="80" enqueued="0" />
  <ownableSynchronizers candidates="21" cleared="0" />
  <references type="soft" candidates="4181" cleared="0" enqueued="0" dynamicThreshold="15" maxThreshold="32" />
  <references type="weak" candidates="5586" cleared="0" enqueued="0" />
  <references type="phantom" candidates="97" cleared="0" enqueued="0" />
  <stringconstants candidates="13645" cleared="0"  />
</gc-op>
<gc-op id="1337" type="sweep" timems="1.679" contextid="1333" timestamp="2019-08-08T00:00:10.759" />
<mem-info id="1338" free="17221184" total="35258368" percent="48">
  <mem type="tenure" free="17221184" total="35258368" percent="48" micro-fragmented="0" macro-fragmented="16050736">
    <mem type="soa" free="16868928" total="34906112" percent="48" />
    <mem type="loa" free="352256" total="352256" percent="100" />
  </mem>
</mem-info>
<gc-op id="1339" type="compact" timems="32.000" contextid="1333" timestamp="2019-08-08T00:00:10.791">
  <compact-info movecount="2" movebytes="56" reason="compact to aid heap contraction" />
</gc-op>
<heap-resize id="1340" type="expand" space="tenure" amount="327680" count="1" timems="0.022" reason="satisfy allocation request" timestamp="2019-08-08T00:00:10.792" />
<gc-end id="1341" type="global" contextid="1333" durationms="44.477" usertimems="94.465" systemtimems="0.000" timestamp="2019-08-08T00:00:10.792" activeThreads="16">
  <mem-info id="1342" free="17483992" total="35586048" percent="49">
    <mem type="tenure" free="17483992" total="35586048" percent="49">
      <mem type="soa" free="17128664" total="35230720" percent="48" />
      <mem type="loa" free="355328" total="355328" percent="100" />
    </mem>
  </mem-info>
</gc-end>
<cycle-end id="1343" type="global" contextid="1333" timestamp="2019-08-08T00:00:10.792" />
  <attribute name="elasticGC enabled" value="1" />
  <attribute name= "numThreadsSpecified" value="16" />
  <attribute name="heapSize specified" value="35258368" />
  <attribute name="Current GC Util" value="35" />
  <attribute name= "Current Time Running" value="129714" />
  <attribute name ="GC Interval" value="0" />
  <attribute name="Target GC Util Change" value ="80.000000" />
  <attribute name="Current GC Util Change" value="35.000000"/>
  <attribute name="Current Error" value="-398.000000" />
  <attribute name="Output H" value="35559248"/>
  <attribute name="Output I" value="200"/>
  <attribute name="Output T" value="16"/>
  <attribute name= "Current Time Running" value="129714" />
  <attribute name="GC Util currently" value="35" />
  <attribute name="CPU Util currently" value="35959777603" />
<allocation-satisfied id="1344" threadId="0000000001DD0F00" bytesRequested="1168" />
<af-end id="1345" timestamp="2019-08-08T00:00:10.792" threadId="0000000001DD1888" success="true" />
<exclusive-end id="1346" timestamp="2019-08-08T00:00:10.792" durationms="44.769" />

<exclusive-start id="1347" timestamp="2019-08-08T00:00:10.800" intervalms="52.089">
  <response-info timems="0.030" idlems="0.030" threads="0" lastid="0000000001DD0F00" lastname="main" />
</exclusive-start>
<af-start id="1348" threadId="0000000001DD1888" totalBytesRequested="1168" timestamp="2019-08-08T00:00:10.800" intervalms="52.078" />
<cycle-start id="1349" type="global" contextid="0" timestamp="2019-08-08T00:00:10.800" intervalms="52.068" />
<gc-start id="1350" type="global" contextid="1349" timestamp="2019-08-08T00:00:10.800">
  <mem-info id="1351" free="355328" total="35586048" percent="0">
    <mem type="tenure" free="355328" total="35586048" percent="0">
      <mem type="soa" free="0" total="35230720" percent="0" />
      <mem type="loa" free="355328" total="355328" percent="100" />
    </mem>
  </mem-info>
</gc-start>
<allocation-stats totalBytes="17133960" >
  <allocated-bytes non-tlh="0" tlh="17133960" />
  <largest-consumer threadName="main" threadId="0000000001DD0F00" bytes="17133960" />
</allocation-stats>
<gc-op id="1352" type="mark" timems="8.147" contextid="1349" timestamp="2019-08-08T00:00:10.808">
  <trace-info objectcount="602535" scancount="523371" scanbytes="13440712" />
  <finalization candidates="80" enqueued="0" />
  <ownableSynchronizers candidates="21" cleared="0" />
  <references type="soft" candidates="4181" cleared="0" enqueued="0" dynamicThreshold="15" maxThreshold="32" />
  <references type="weak" candidates="5586" cleared="0" enqueued="0" />
  <references type="phantom" candidates="97" cleared="0" enqueued="0" />
  <stringconstants candidates="13645" cleared="0"  />
</gc-op>
<gc-op id="1353" type="sweep" timems="1.355" contextid="1349" timestamp="2019-08-08T00:00:10.809" />
<mem-info id="1354" free="17549528" total="35586048" percent="49">
  <mem type="tenure" free="17549528" total="35586048" percent="49" micro-fragmented="0" macro-fragmented="13375613">
    <mem type="soa" free="17194200" total="35230720" percent="48" />
    <mem type="loa" free="355328" total="355328" percent="100" />
  </mem>
</mem-info>
<gc-op id="1355" type="compact" timems="23.209" contextid="1349" timestamp="2019-08-08T00:00:10.833">
  <compact-info movecount="2" movebytes="56" reason="compact to aid heap contraction" />
</gc-op>
<heap-resize id="1356" type="expand" space="tenure" amount="327680" count="1" timems="0.017" reason="satisfy allocation request" timestamp="2019-08-08T00:00:10.833" />
<gc-end id="1357" type="global" contextid="1349" durationms="33.610" usertimems="71.213" systemtimems="0.000" timestamp="2019-08-08T00:00:10.833" activeThreads="16">
  <mem-info id="1358" free="17811672" total="35913728" percent="49">
    <mem type="tenure" free="17811672" total="35913728" percent="49">
      <mem type="soa" free="17453272" total="35555328" percent="49" />
      <mem type="loa" free="358400" total="358400" percent="100" />
    </mem>
  </mem-info>
</gc-end>
<cycle-end id="1359" type="global" contextid="1349" timestamp="2019-08-08T00:00:10.833" />
  <attribute name="elasticGC enabled" value="1" />
  <attribute name= "numThreadsSpecified" value="16" />
  <attribute name="heapSize specified" value="35586048" />
  <attribute name="Current GC Util" value="30" />
  <attribute name= "Current Time Running" value="129756" />
  <attribute name ="GC Interval" value="0" />
  <attribute name="Target GC Util Change" value ="80.000000" />
  <attribute name="Current GC Util Change" value="30.000000"/>
  <attribute name="Current Error" value="50.000000" />
  <attribute name="Output H" value="35888992"/>
  <attribute name="Output I" value="2272"/>
  <attribute name="Output T" value="16"/>
  <attribute name= "Current Time Running" value="129756" />
  <attribute name="GC Util currently" value="30" />
  <attribute name="CPU Util currently" value="49592774289" />
<allocation-satisfied id="1360" threadId="0000000001DD0F00" bytesRequested="1168" />
<af-end id="1361" timestamp="2019-08-08T00:00:10.833" threadId="0000000001DD1888" success="true" />
<exclusive-end id="1362" timestamp="2019-08-08T00:00:10.833" durationms="33.788" />

<exclusive-start id="1363" timestamp="2019-08-08T00:00:10.841" intervalms="41.032">
  <response-info timems="0.041" idlems="0.041" threads="0" lastid="0000000001DD0F00" lastname="main" />
</exclusive-start>
<af-start id="1364" threadId="0000000001DD1888" totalBytesRequested="1168" timestamp="2019-08-08T00:00:10.841" intervalms="41.034" />
<cycle-start id="1365" type="global" contextid="0" timestamp="2019-08-08T00:00:10.841" intervalms="41.034" />
<gc-start id="1366" type="global" contextid="1365" timestamp="2019-08-08T00:00:10.841">
  <mem-info id="1367" free="358400" total="35913728" percent="0">
    <mem type="tenure" free="358400" total="35913728" percent="0">
      <mem type="soa" free="0" total="35555328" percent="0" />
      <mem type="loa" free="358400" total="358400" percent="100" />
    </mem>
  </mem-info>
</gc-start>
<allocation-stats totalBytes="17458072" >
  <allocated-bytes non-tlh="0" tlh="17458072" />
  <largest-consumer threadName="main" threadId="0000000001DD0F00" bytes="17458072" />
</allocation-stats>
<gc-op id="1368" type="mark" timems="10.619" contextid="1365" timestamp="2019-08-08T00:00:10.851">
  <trace-info objectcount="602535" scancount="523368" scanbytes="13440712" />
  <finalization candidates="80" enqueued="0" />
  <ownableSynchronizers candidates="21" cleared="0" />
  <references type="soft" candidates="4181" cleared="0" enqueued="0" dynamicThreshold="15" maxThreshold="32" />
  <references type="weak" candidates="5586" cleared="0" enqueued="0" />
  <references type="phantom" candidates="97" cleared="0" enqueued="0" />
  <stringconstants candidates="13645" cleared="0"  />
</gc-op>
<gc-op id="1369" type="sweep" timems="1.441" contextid="1365" timestamp="2019-08-08T00:00:10.853" />
<mem-info id="1370" free="17876528" total="35913728" percent="49">
  <mem type="tenure" free="17876528" total="35913728" percent="49" micro-fragmented="0" macro-fragmented="16050736">
    <mem type="soa" free="17518128" total="35555328" percent="49" />
    <mem type="loa" free="358400" total="358400" percent="100" />
  </mem>
</mem-info>
<gc-op id="1371" type="compact" timems="21.932" contextid="1365" timestamp="2019-08-08T00:00:10.875">
  <compact-info movecount="2" movebytes="56" reason="compact to aid heap contraction" />
</gc-op>
<heap-resize id="1372" type="expand" space="tenure" amount="327680" count="1" timems="0.016" reason="satisfy allocation request" timestamp="2019-08-08T00:00:10.875" />
<gc-end id="1373" type="global" contextid="1365" durationms="34.644" usertimems="81.092" systemtimems="0.000" timestamp="2019-08-08T00:00:10.875" activeThreads="16">
  <mem-info id="1374" free="18139352" total="36241408" percent="50">
    <mem type="tenure" free="18139352" total="36241408" percent="50">
      <mem type="soa" free="17777880" total="35879936" percent="49" />
      <mem type="loa" free="361472" total="361472" percent="100" />
    </mem>
  </mem-info>
</gc-end>
<cycle-end id="1375" type="global" contextid="1365" timestamp="2019-08-08T00:00:10.875" />
  <attribute name="elasticGC enabled" value="1" />
  <attribute name= "numThreadsSpecified" value="16" />
  <attribute name="heapSize specified" value="35913728" />
  <attribute name="Current GC Util" value="26" />
  <attribute name= "Current Time Running" value="129798" />
  <attribute name ="GC Interval" value="0" />
  <attribute name="Target GC Util Change" value ="80.000000" />
  <attribute name="Current GC Util Change" value="26.000000"/>
  <attribute name="Current Error" value="-405.000000" />
  <attribute name="Output H" value="36214576"/>
  <attribute name="Output I" value="200"/>
  <attribute name="Output T" value="16"/>
  <attribute name= "Current Time Running" value="129798" />
  <attribute name="GC Util currently" value="26" />
  <attribute name="CPU Util currently" value="52487174229" />
<allocation-satisfied id="1376" threadId="0000000001DD0F00" bytesRequested="1168" />
<af-end id="1377" timestamp="2019-08-08T00:00:10.875" threadId="0000000001DD1888" success="true" />
<exclusive-end id="1378" timestamp="2019-08-08T00:00:10.875" durationms="34.827" />

<exclusive-start id="1379" timestamp="2019-08-08T00:00:10.883" intervalms="41.919">
  <response-info timems="0.074" idlems="0.074" threads="0" lastid="0000000001DD0F00" lastname="main" />
</exclusive-start>
<af-start id="1380" threadId="0000000001DD1888" totalBytesRequested="1168" timestamp="2019-08-08T00:00:10.883" intervalms="41.918" />
<cycle-start id="1381" type="global" contextid="0" timestamp="2019-08-08T00:00:10.883" intervalms="41.919" />
<gc-start id="1382" type="global" contextid="1381" timestamp="2019-08-08T00:00:10.883">
  <mem-info id="1383" free="361472" total="36241408" percent="0">
    <mem type="tenure" free="361472" total="36241408" percent="0">
      <mem type="soa" free="0" total="35879936" percent="0" />
      <mem type="loa" free="361472" total="361472" percent="100" />
    </mem>
  </mem-info>
</gc-start>
<allocation-stats totalBytes="17780976" >
  <allocated-bytes non-tlh="0" tlh="17780976" />
  <largest-consumer threadName="main" threadId="0000000001DD0F00" bytes="17780976" />
</allocation-stats>
<gc-op id="1384" type="mark" timems="9.227" contextid="1381" timestamp="2019-08-08T00:00:10.892">
  <trace-info objectcount="602535" scancount="523366" scanbytes="13440712" />
  <finalization candidates="80" enqueued="0" />
  <ownableSynchronizers candidates="21" cleared="0" />
  <references type="soft" candidates="4181" cleared="0" enqueued="0" dynamicThreshold="16" maxThreshold="32" />
  <references type="weak" candidates="5586" cleared="0" enqueued="0" />
  <references type="phantom" candidates="97" cleared="0" enqueued="0" />
  <stringconstants candidates="13645" cleared="0"  />
</gc-op>
<gc-op id="1385" type="sweep" timems="1.765" contextid="1381" timestamp="2019-08-08T00:00:10.894" />
<mem-info id="1386" free="18204888" total="36241408" percent="50">
  <mem type="tenure" free="18204888" total="36241408" percent="50" micro-fragmented="0" macro-fragmented="16050736">
    <mem type="soa" free="17843416" total="35879936" percent="49" />
    <mem type="loa" free="361472" total="361472" percent="100" />
  </mem>
</mem-info>
<gc-op id="1387" type="compact" timems="24.795" contextid="1381" timestamp="2019-08-08T00:00:10.919">
  <compact-info movecount="2" movebytes="56" reason="compact to aid heap contraction" />
</gc-op>
<heap-resize id="1388" type="expand" space="tenure" amount="327680" count="1" timems="0.019" reason="satisfy allocation request" timestamp="2019-08-08T00:00:10.919" />
<gc-end id="1389" type="global" contextid="1381" durationms="36.688" usertimems="86.445" systemtimems="0.000" timestamp="2019-08-08T00:00:10.919" activeThreads="16">
  <mem-info id="1390" free="18467032" total="36569088" percent="50">
    <mem type="tenure" free="18467032" total="36569088" percent="50">
      <mem type="soa" free="18101464" total="36203520" percent="49" />
      <mem type="loa" free="365568" total="365568" percent="100" />
    </mem>
  </mem-info>
</gc-end>
<cycle-end id="1391" type="global" contextid="1381" timestamp="2019-08-08T00:00:10.919" />
  <attribute name="elasticGC enabled" value="1" />
  <attribute name= "numThreadsSpecified" value="16" />
  <attribute name="heapSize specified" value="36241408" />
  <attribute name="Current GC Util" value="40" />
  <attribute name= "Current Time Running" value="129842" />
  <attribute name ="GC Interval" value="0" />
  <attribute name="Target GC Util Change" value ="80.000000" />
  <attribute name="Current GC Util Change" value="40.000000"/>
  <attribute name="Current Error" value="-348.000000" />
  <attribute name="Output H" value="36542520"/>
  <attribute name="Output I" value="200"/>
  <attribute name="Output T" value="16"/>
  <attribute name= "Current Time Running" value="129842" />
  <attribute name="GC Util currently" value="40" />
  <attribute name="CPU Util currently" value="46451466854" />
<allocation-satisfied id="1392" threadId="0000000001DD0F00" bytesRequested="1168" />
<af-end id="1393" timestamp="2019-08-08T00:00:10.919" threadId="0000000001DD1888" success="true" />
<exclusive-end id="1394" timestamp="2019-08-08T00:00:10.919" durationms="36.877" />

<exclusive-start id="1395" timestamp="2019-08-08T00:00:10.928" intervalms="44.962">
  <response-info timems="0.040" idlems="0.040" threads="0" lastid="0000000001DD0F00" lastname="main" />
</exclusive-start>
<af-start id="1396" threadId="0000000001DD1888" totalBytesRequested="1168" timestamp="2019-08-08T00:00:10.928" intervalms="44.968" />
<cycle-start id="1397" type="global" contextid="0" timestamp="2019-08-08T00:00:10.928" intervalms="44.970" />
<gc-start id="1398" type="global" contextid="1397" timestamp="2019-08-08T00:00:10.928">
  <mem-info id="1399" free="365568" total="36569088" percent="0">
    <mem type="tenure" free="365568" total="36569088" percent="0">
      <mem type="soa" free="0" total="36203520" percent="0" />
      <mem type="loa" free="365568" total="365568" percent="100" />
    </mem>
  </mem-info>
</gc-start>
<allocation-stats totalBytes="18103904" >
  <allocated-bytes non-tlh="0" tlh="18103904" />
  <largest-consumer threadName="main" threadId="0000000001DD0F00" bytes="18103904" />
</allocation-stats>
<gc-op id="1400" type="mark" timems="21.085" contextid="1397" timestamp="2019-08-08T00:00:10.949">
  <trace-info objectcount="602535" scancount="523368" scanbytes="13440712" />
  <finalization candidates="80" enqueued="0" />
  <ownableSynchronizers candidates="21" cleared="0" />
  <references type="soft" candidates="4181" cleared="0" enqueued="0" dynamicThreshold="16" maxThreshold="32" />
  <references type="weak" candidates="5586" cleared="0" enqueued="0" />
  <references type="phantom" candidates="97" cleared="0" enqueued="0" />
  <stringconstants candidates="13645" cleared="0"  />
</gc-op>
<gc-op id="1401" type="sweep" timems="3.004" contextid="1397" timestamp="2019-08-08T00:00:10.952" />
<mem-info id="1402" free="18532568" total="36569088" percent="50">
  <mem type="tenure" free="18532568" total="36569088" percent="50" micro-fragmented="0" macro-fragmented="6450429">
    <mem type="soa" free="18167000" total="36203520" percent="50" />
    <mem type="loa" free="365568" total="365568" percent="100" />
  </mem>
</mem-info>
<gc-op id="1403" type="compact" timems="28.603" contextid="1397" timestamp="2019-08-08T00:00:10.981">
  <compact-info movecount="2" movebytes="56" reason="compact to aid heap contraction" />
</gc-op>
<heap-resize id="1404" type="expand" space="tenure" amount="327680" count="1" timems="0.016" reason="satisfy allocation request" timestamp="2019-08-08T00:00:10.982" />
<gc-end id="1405" type="global" contextid="1397" durationms="53.929" usertimems="111.388" systemtimems="0.000" timestamp="2019-08-08T00:00:10.982" activeThreads="16">
  <mem-info id="1406" free="18794712" total="36896768" percent="50">
    <mem type="tenure" free="18794712" total="36896768" percent="50">
      <mem type="soa" free="18426072" total="36528128" percent="50" />
      <mem type="loa" free="368640" total="368640" percent="100" />
    </mem>
  </mem-info>
</gc-end>
<cycle-end id="1407" type="global" contextid="1397" timestamp="2019-08-08T00:00:10.982" />
  <attribute name="elasticGC enabled" value="1" />
  <attribute name= "numThreadsSpecified" value="16" />
  <attribute name="heapSize specified" value="36569088" />
  <attribute name="Current GC Util" value="46" />
  <attribute name= "Current Time Running" value="129904" />
  <attribute name ="GC Interval" value="0" />
  <attribute name="Target GC Util Change" value ="80.000000" />
  <attribute name="Current GC Util Change" value="46.000000"/>
  <attribute name="Current Error" value="34.000000" />
  <attribute name="Output H" value="36871960"/>
  <attribute name="Output I" value="2184"/>
  <attribute name="Output T" value="16"/>
  <attribute name= "Current Time Running" value="129904" />
  <attribute name="GC Util currently" value="46" />
  <attribute name="CPU Util currently" value="40158446781" />
<allocation-satisfied id="1408" threadId="0000000001DD0F00" bytesRequested="1168" />
<af-end id="1409" timestamp="2019-08-08T00:00:10.982" threadId="0000000001DD1888" success="true" />
<exclusive-end id="1410" timestamp="2019-08-08T00:00:10.982" durationms="54.130" />

<exclusive-start id="1411" timestamp="2019-08-08T00:00:10.989" intervalms="61.716">
  <response-info timems="0.045" idlems="0.045" threads="0" lastid="0000000001DD0F00" lastname="main" />
</exclusive-start>
<af-start id="1412" threadId="0000000001DD1888" totalBytesRequested="1168" timestamp="2019-08-08T00:00:10.989" intervalms="61.741" />
<cycle-start id="1413" type="global" contextid="0" timestamp="2019-08-08T00:00:10.989" intervalms="61.738" />
<gc-start id="1414" type="global" contextid="1413" timestamp="2019-08-08T00:00:10.989">
  <mem-info id="1415" free="368640" total="36896768" percent="0">
    <mem type="tenure" free="368640" total="36896768" percent="0">
      <mem type="soa" free="0" total="36528128" percent="0" />
      <mem type="loa" free="368640" total="368640" percent="100" />
    </mem>
  </mem-info>
</gc-start>
<allocation-stats totalBytes="18428040" >
  <allocated-bytes non-tlh="0" tlh="18428040" />
  <largest-consumer threadName="main" threadId="0000000001DD0F00" bytes="18428040" />
</allocation-stats>
<gc-op id="1416" type="mark" timems="10.103" contextid="1413" timestamp="2019-08-08T00:00:10.999">
  <trace-info objectcount="602535" scancount="523364" scanbytes="13440712" />
  <finalization candidates="80" enqueued="0" />
  <ownableSynchronizers candidates="21" cleared="0" />
  <references type="soft" candidates="4181" cleared="0" enqueued="0" dynamicThreshold="16" maxThreshold="32" />
  <references type="weak" candidates="5586" cleared="0" enqueued="0" />
  <references type="phantom" candidates="97" cleared="0" enqueued="0" />
  <stringconstants candidates="13645" cleared="0"  />
</gc-op>
<gc-op id="1417" type="sweep" timems="5.757" contextid="1413" timestamp="2019-08-08T00:00:11.005" />
<mem-info id="1418" free="18860168" total="36896768" percent="51">
  <mem type="tenure" free="18860168" total="36896768" percent="51" micro-fragmented="0" macro-fragmented="0">
    <mem type="soa" free="18491528" total="36528128" percent="50" />
    <mem type="loa" free="368640" total="368640" percent="100" />
  </mem>
</mem-info>
<gc-op id="1419" type="compact" timems="31.473" contextid="1413" timestamp="2019-08-08T00:00:11.037">
  <compact-info movecount="2" movebytes="56" reason="compact to aid heap contraction" />
</gc-op>
<heap-resize id="1420" type="expand" space="tenure" amount="327680" count="1" timems="0.021" reason="satisfy allocation request" timestamp="2019-08-08T00:00:11.037" />
<gc-end id="1421" type="global" contextid="1413" durationms="48.167" usertimems="83.157" systemtimems="0.000" timestamp="2019-08-08T00:00:11.038" activeThreads="16">
  <mem-info id="1422" free="19122392" total="37224448" percent="51">
    <mem type="tenure" free="19122392" total="37224448" percent="51">
      <mem type="soa" free="18750680" total="36852736" percent="50" />
      <mem type="loa" free="371712" total="371712" percent="100" />
    </mem>
  </mem-info>
</gc-end>
<cycle-end id="1423" type="global" contextid="1413" timestamp="2019-08-08T00:00:11.038" />
  <attribute name="elasticGC enabled" value="1" />
  <attribute name= "numThreadsSpecified" value="16" />
  <attribute name="heapSize specified" value="36896768" />
  <attribute name="Current GC Util" value="35" />
  <attribute name= "Current Time Running" value="129960" />
  <attribute name ="GC Interval" value="0" />
  <attribute name="Target GC Util Change" value ="80.000000" />
  <attribute name="Current GC Util Change" value="35.000000"/>
  <attribute name="Current Error" value="-414.000000" />
  <attribute name="Output H" value="37197568"/>
  <attribute name="Output I" value="200"/>
  <attribute name="Output T" value="16"/>
  <attribute name= "Current Time Running" value="129960" />
  <attribute name="GC Util currently" value="35" />
  <attribute name="CPU Util currently" value="36602986614" />
<allocation-satisfied id="1424" threadId="0000000001DD0F00" bytesRequested="1168" />
<af-end id="1425" timestamp="2019-08-08T00:00:11.038" threadId="0000000001DD1888" success="true" />
<exclusive-end id="1426" timestamp="2019-08-08T00:00:11.038" durationms="48.402" />

<exclusive-start id="1427" timestamp="2019-08-08T00:00:11.048" intervalms="58.721">
  <response-info timems="0.049" idlems="0.049" threads="0" lastid="0000000001DD0F00" lastname="main" />
</exclusive-start>
<af-start id="1428" threadId="0000000001DD1888" totalBytesRequested="1168" timestamp="2019-08-08T00:00:11.048" intervalms="58.702" />
<cycle-start id="1429" type="global" contextid="0" timestamp="2019-08-08T00:00:11.048" intervalms="58.709" />
<gc-start id="1430" type="global" contextid="1429" timestamp="2019-08-08T00:00:11.048">
  <mem-info id="1431" free="371712" total="37224448" percent="0">
    <mem type="tenure" free="371712" total="37224448" percent="0">
      <mem type="soa" free="0" total="36852736" percent="0" />
      <mem type="loa" free="371712" total="371712" percent="100" />
    </mem>
  </mem-info>
</gc-start>
<allocation-stats totalBytes="18750944" >
  <allocated-bytes non-tlh="0" tlh="18750944" />
  <largest-consumer threadName="main" threadId="0000000001DD0F00" bytes="18750944" />
</allocation-stats>
<gc-op id="1432" type="mark" timems="14.525" contextid="1429" timestamp="2019-08-08T00:00:11.063">
  <trace-info objectcount="602535" scancount="523368" scanbytes="13440712" />
  <finalization candidates="80" enqueued="0" />
  <ownableSynchronizers candidates="21" cleared="0" />
  <references type="soft" candidates="4181" cleared="0" enqueued="0" dynamicThreshold="16" maxThreshold="32" />
  <references type="weak" candidates="5586" cleared="0" enqueued="0" />
  <references type="phantom" candidates="97" cleared="0" enqueued="0" />
  <stringconstants candidates="13645" cleared="0"  />
</gc-op>
<gc-op id="1433" type="sweep" timems="2.295" contextid="1429" timestamp="2019-08-08T00:00:11.065" />
<mem-info id="1434" free="19187928" total="37224448" percent="51">
  <mem type="tenure" free="19187928" total="37224448" percent="51" micro-fragmented="0" macro-fragmented="16050736">
    <mem type="soa" free="18816216" total="36852736" percent="51" />
    <mem type="loa" free="371712" total="371712" percent="100" />
  </mem>
</mem-info>
<gc-op id="1435" type="compact" timems="35.005" contextid="1429" timestamp="2019-08-08T00:00:11.100">
  <compact-info movecount="2" movebytes="56" reason="compact to aid heap contraction" />
</gc-op>
<heap-resize id="1436" type="expand" space="tenure" amount="327680" count="1" timems="0.018" reason="satisfy allocation request" timestamp="2019-08-08T00:00:11.101" />
<gc-end id="1437" type="global" contextid="1429" durationms="52.593" usertimems="126.732" systemtimems="0.000" timestamp="2019-08-08T00:00:11.101" activeThreads="16">
  <mem-info id="1438" free="19450072" total="37552128" percent="51">
    <mem type="tenure" free="19450072" total="37552128" percent="51">
      <mem type="soa" free="19075288" total="37177344" percent="51" />
      <mem type="loa" free="374784" total="374784" percent="100" />
    </mem>
  </mem-info>
</gc-end>
<cycle-end id="1439" type="global" contextid="1429" timestamp="2019-08-08T00:00:11.101" />
  <attribute name="elasticGC enabled" value="1" />
  <attribute name= "numThreadsSpecified" value="16" />
  <attribute name="heapSize specified" value="37224448" />
  <attribute name="Current GC Util" value="35" />
  <attribute name= "Current Time Running" value="130023" />
  <attribute name ="GC Interval" value="0" />
  <attribute name="Target GC Util Change" value ="80.000000" />
  <attribute name="Current GC Util Change" value="35.000000"/>
  <attribute name="Current Error" value="-382.000000" />
  <attribute name="Output H" value="37525400"/>
  <attribute name="Output I" value="200"/>
  <attribute name="Output T" value="16"/>
  <attribute name= "Current Time Running" value="130023" />
  <attribute name="GC Util currently" value="35" />
  <attribute name="CPU Util currently" value="32906434570" />
<allocation-satisfied id="1440" threadId="0000000001DD0F00" bytesRequested="1168" />
<af-end id="1441" timestamp="2019-08-08T00:00:11.101" threadId="0000000001DD1888" success="true" />
<exclusive-end id="1442" timestamp="2019-08-08T00:00:11.101" durationms="52.813" />

<exclusive-start id="1443" timestamp="2019-08-08T00:00:11.108" intervalms="60.437">
  <response-info timems="0.063" idlems="0.063" threads="0" lastid="0000000001DD0F00" lastname="main" />
</exclusive-start>
<af-start id="1444" threadId="0000000001DD1888" totalBytesRequested="1168" timestamp="2019-08-08T00:00:11.108" intervalms="60.435" />
<cycle-start id="1445" type="global" contextid="0" timestamp="2019-08-08T00:00:11.108" intervalms="60.429" />
<gc-start id="1446" type="global" contextid="1445" timestamp="2019-08-08T00:00:11.109">
  <mem-info id="1447" free="374784" total="37552128" percent="0">
    <mem type="tenure" free="374784" total="37552128" percent="0">
      <mem type="soa" free="0" total="37177344" percent="0" />
      <mem type="loa" free="374784" total="374784" percent="100" />
    </mem>
  </mem-info>
</gc-start>
<allocation-stats totalBytes="19075104" >
  <allocated-bytes non-tlh="0" tlh="19075104" />
  <largest-consumer threadName="main" threadId="0000000001DD0F00" bytes="19075104" />
</allocation-stats>
<gc-op id="1448" type="mark" timems="21.083" contextid="1445" timestamp="2019-08-08T00:00:11.130">
  <trace-info objectcount="601414" scancount="522248" scanbytes="13401760" />
  <finalization candidates="80" enqueued="0" />
  <ownableSynchronizers candidates="21" cleared="0" />
  <references type="soft" candidates="4181" cleared="920" enqueued="920" dynamicThreshold="16" maxThreshold="32" />
  <references type="weak" candidates="5586" cleared="0" enqueued="0" />
  <references type="phantom" candidates="97" cleared="0" enqueued="0" />
  <stringconstants candidates="13645" cleared="0"  />
</gc-op>
<gc-op id="1449" type="sweep" timems="5.145" contextid="1445" timestamp="2019-08-08T00:00:11.135" />
<mem-info id="1450" free="19532336" total="37552128" percent="52">
  <mem type="tenure" free="19532336" total="37552128" percent="52" micro-fragmented="20261" macro-fragmented="0">
    <mem type="soa" free="19157552" total="37177344" percent="51" />
    <mem type="loa" free="374784" total="374784" percent="100" />
  </mem>
  <pending-finalizers system="0" default="0" reference="920" classloader="0" />
</mem-info>
<gc-op id="1451" type="compact" timems="158.267" contextid="1445" timestamp="2019-08-08T00:00:11.294">
  <compact-info movecount="572318" movebytes="16092120" reason="compact to aid heap contraction" />
</gc-op>
<heap-resize id="1452" type="expand" space="tenure" amount="327680" count="1" timems="0.019" reason="satisfy allocation request" timestamp="2019-08-08T00:00:11.294" />
<gc-end id="1453" type="global" contextid="1445" durationms="185.595" usertimems="263.074" systemtimems="0.000" timestamp="2019-08-08T00:00:11.294" activeThreads="16">
  <mem-info id="1454" free="19817168" total="37879808" percent="52">
    <mem type="tenure" free="19817168" total="37879808" percent="52">
      <mem type="soa" free="19439312" total="37501952" percent="51" />
      <mem type="loa" free="377856" total="377856" percent="100" />
    </mem>
    <pending-finalizers system="0" default="0" reference="920" classloader="0" />
  </mem-info>
</gc-end>
<cycle-end id="1455" type="global" contextid="1445" timestamp="2019-08-08T00:00:11.294" />
  <attribute name="elasticGC enabled" value="1" />
  <attribute name= "numThreadsSpecified" value="16" />
  <attribute name="heapSize specified" value="37552128" />
  <attribute name="Current GC Util" value="11" />
  <attribute name= "Current Time Running" value="130217" />
  <attribute name ="GC Interval" value="0" />
  <attribute name="Target GC Util Change" value ="80.000000" />
  <attribute name="Current GC Util Change" value="11.000000"/>
  <attribute name="Current Error" value="69.000000" />
  <attribute name="Output H" value="37855160"/>
  <attribute name="Output I" value="2368"/>
  <attribute name="Output T" value="16"/>
  <attribute name= "Current Time Running" value="130217" />
  <attribute name="GC Util currently" value="11" />
  <attribute name="CPU Util currently" value="7283261442" />
<allocation-satisfied id="1456" threadId="0000000001DD0F00" bytesRequested="1168" />
<af-end id="1457" timestamp="2019-08-08T00:00:11.294" threadId="0000000001DD1888" success="true" />
<exclusive-end id="1458" timestamp="2019-08-08T00:00:11.294" durationms="185.800" />

<exclusive-start id="1459" timestamp="2019-08-08T00:00:11.302" intervalms="194.026">
  <response-info timems="0.021" idlems="0.021" threads="0" lastid="0000000001DD0F00" lastname="main" />
</exclusive-start>
<af-start id="1460" threadId="0000000001DD1888" totalBytesRequested="1168" timestamp="2019-08-08T00:00:11.302" intervalms="194.042" />
<cycle-start id="1461" type="global" contextid="0" timestamp="2019-08-08T00:00:11.303" intervalms="194.050" />
<gc-start id="1462" type="global" contextid="1461" timestamp="2019-08-08T00:00:11.303">
  <mem-info id="1463" free="377856" total="37879808" percent="0">
    <mem type="tenure" free="377856" total="37879808" percent="0">
      <mem type="soa" free="0" total="37501952" percent="0" />
      <mem type="loa" free="377856" total="377856" percent="100" />
    </mem>
  </mem-info>
</gc-start>
<allocation-stats totalBytes="19436168" >
  <allocated-bytes non-tlh="0" tlh="19436168" />
  <largest-consumer threadName="main" threadId="0000000001DD0F00" bytes="19396776" />
</allocation-stats>
<gc-op id="1464" type="mark" timems="8.613" contextid="1461" timestamp="2019-08-08T00:00:11.311">
  <trace-info objectcount="600507" scancount="521418" scanbytes="13383112" />
  <finalization candidates="80" enqueued="0" />
  <ownableSynchronizers candidates="21" cleared="0" />
  <references type="soft" candidates="3261" cleared="0" enqueued="0" dynamicThreshold="16" maxThreshold="32" />
  <references type="weak" candidates="5586" cleared="0" enqueued="0" />
  <references type="phantom" candidates="97" cleared="0" enqueued="0" />
  <stringconstants candidates="13645" cleared="50"  />
</gc-op>
<gc-op id="1465" type="sweep" timems="2.149" contextid="1461" timestamp="2019-08-08T00:00:11.313" />
<mem-info id="1466" free="19898408" total="37879808" percent="52">
  <mem type="tenure" free="19898408" total="37879808" percent="52" micro-fragmented="2058" macro-fragmented="16050736">
    <mem type="soa" free="19520552" total="37501952" percent="52" />
    <mem type="loa" free="377856" total="377856" percent="100" />
  </mem>
</mem-info>
<gc-op id="1467" type="compact" timems="149.134" contextid="1461" timestamp="2019-08-08T00:00:11.463">
  <compact-info movecount="568550" movebytes="15965208" reason="compact to aid heap contraction" />
</gc-op>
<heap-resize id="1468" type="expand" space="tenure" amount="327680" count="1" timems="0.021" reason="satisfy allocation request" timestamp="2019-08-08T00:00:11.463" />
<gc-end id="1469" type="global" contextid="1461" durationms="160.924" usertimems="208.465" systemtimems="0.000" timestamp="2019-08-08T00:00:11.463" activeThreads="16">
  <mem-info id="1470" free="20165456" total="38207488" percent="52">
    <mem type="tenure" free="20165456" total="38207488" percent="52">
      <mem type="soa" free="19783504" total="37825536" percent="52" />
      <mem type="loa" free="381952" total="381952" percent="100" />
    </mem>
  </mem-info>
</gc-end>
<cycle-end id="1471" type="global" contextid="1461" timestamp="2019-08-08T00:00:11.464" />
  <attribute name="elasticGC enabled" value="1" />
  <attribute name= "numThreadsSpecified" value="16" />
  <attribute name="heapSize specified" value="37879808" />
  <attribute name="Current GC Util" value="10" />
  <attribute name= "Current Time Running" value="130386" />
  <attribute name ="GC Interval" value="0" />
  <attribute name="Target GC Util Change" value ="80.000000" />
  <attribute name="Current GC Util Change" value="10.000000"/>
  <attribute name="Current Error" value="-1952.000000" />
  <attribute name="Output H" value="38173504"/>
  <attribute name="Output I" value="200"/>
  <attribute name="Output T" value="16"/>
  <attribute name= "Current Time Running" value="130386" />
  <attribute name="GC Util currently" value="10" />
  <attribute name="CPU Util currently" value="7725209071" />
<allocation-satisfied id="1472" threadId="0000000001DD0F00" bytesRequested="1168" />
<af-end id="1473" timestamp="2019-08-08T00:00:11.464" threadId="0000000001DD1888" success="true" />
<exclusive-end id="1474" timestamp="2019-08-08T00:00:11.464" durationms="161.169" />

<exclusive-start id="1475" timestamp="2019-08-08T00:00:11.471" intervalms="169.019">
  <response-info timems="0.044" idlems="0.044" threads="0" lastid="0000000001DD0F00" lastname="main" />
</exclusive-start>
<af-start id="1476" threadId="0000000001DD1888" totalBytesRequested="1168" timestamp="2019-08-08T00:00:11.471" intervalms="168.987" />
<cycle-start id="1477" type="global" contextid="0" timestamp="2019-08-08T00:00:11.471" intervalms="168.978" />
<gc-start id="1478" type="global" contextid="1477" timestamp="2019-08-08T00:00:11.472">
  <mem-info id="1479" free="381952" total="38207488" percent="0">
    <mem type="tenure" free="381952" total="38207488" percent="0">
      <mem type="soa" free="0" total="37825536" percent="0" />
      <mem type="loa" free="381952" total="381952" percent="100" />
    </mem>
  </mem-info>
</gc-start>
<allocation-stats totalBytes="19781304" >
  <allocated-bytes non-tlh="0" tlh="19781304" />
  <largest-consumer threadName="main" threadId="0000000001DD0F00" bytes="19781304" />
</allocation-stats>
<gc-op id="1480" type="mark" timems="20.534" contextid="1477" timestamp="2019-08-08T00:00:11.492">
  <trace-info objectcount="600507" scancount="521385" scanbytes="13383112" />
  <finalization candidates="80" enqueued="0" />
  <ownableSynchronizers candidates="21" cleared="0" />
  <references type="soft" candidates="3261" cleared="0" enqueued="0" dynamicThreshold="16" maxThreshold="32" />
  <references type="weak" candidates="5586" cleared="0" enqueued="0" />
  <references type="phantom" candidates="97" cleared="0" enqueued="0" />
  <stringconstants candidates="13595" cleared="0"  />
</gc-op>
<gc-op id="1481" type="sweep" timems="5.328" contextid="1477" timestamp="2019-08-08T00:00:11.498" />
<mem-info id="1482" free="20230992" total="38207488" percent="52">
  <mem type="tenure" free="20230992" total="38207488" percent="52" micro-fragmented="0" macro-fragmented="16050736">
    <mem type="soa" free="19849040" total="37825536" percent="52" />
    <mem type="loa" free="381952" total="381952" percent="100" />
  </mem>
</mem-info>
<gc-op id="1483" type="compact" timems="29.429" contextid="1477" timestamp="2019-08-08T00:00:11.527">
  <compact-info movecount="2" movebytes="56" reason="compact to aid heap contraction" />
</gc-op>
<heap-resize id="1484" type="expand" space="tenure" amount="327680" count="1" timems="0.017" reason="satisfy allocation request" timestamp="2019-08-08T00:00:11.528" />
<gc-end id="1485" type="global" contextid="1477" durationms="56.214" usertimems="97.786" systemtimems="0.000" timestamp="2019-08-08T00:00:11.528" activeThreads="16">
  <mem-info id="1486" free="20493136" total="38535168" percent="53">
    <mem type="tenure" free="20493136" total="38535168" percent="53">
      <mem type="soa" free="20108112" total="38150144" percent="52" />
      <mem type="loa" free="385024" total="385024" percent="100" />
    </mem>
  </mem-info>
</gc-end>
<cycle-end id="1487" type="global" contextid="1477" timestamp="2019-08-08T00:00:11.528" />
  <attribute name="elasticGC enabled" value="1" />
  <attribute name= "numThreadsSpecified" value="16" />
  <attribute name="heapSize specified" value="38207488" />
  <attribute name="Current GC Util" value="64" />
  <attribute name= "Current Time Running" value="130450" />
  <attribute name ="GC Interval" value="0" />
  <attribute name="Target GC Util Change" value ="80.000000" />
  <attribute name="Current GC Util Change" value="64.000000"/>
  <attribute name="Current Error" value="-112.000000" />
  <attribute name="Output H" value="38509688"/>
  <attribute name="Output I" value="1432"/>
  <attribute name="Output T" value="16"/>
  <attribute name= "Current Time Running" value="130450" />
  <attribute name="GC Util currently" value="64" />
  <attribute name="CPU Util currently" value="39126245433" />
<allocation-satisfied id="1488" threadId="0000000001DD0F00" bytesRequested="1168" />
<af-end id="1489" timestamp="2019-08-08T00:00:11.528" threadId="0000000001DD1888" success="true" />
<exclusive-end id="1490" timestamp="2019-08-08T00:00:11.528" durationms="56.496" />

<exclusive-start id="1491" timestamp="2019-08-08T00:00:11.537" intervalms="65.881">
  <response-info timems="0.068" idlems="0.068" threads="0" lastid="0000000001DD0F00" lastname="main" />
</exclusive-start>
<af-start id="1492" threadId="0000000001DD1888" totalBytesRequested="1168" timestamp="2019-08-08T00:00:11.537" intervalms="65.887" />
<cycle-start id="1493" type="global" contextid="0" timestamp="2019-08-08T00:00:11.537" intervalms="65.894" />
<gc-start id="1494" type="global" contextid="1493" timestamp="2019-08-08T00:00:11.537">
  <mem-info id="1495" free="385024" total="38535168" percent="0">
    <mem type="tenure" free="385024" total="38535168" percent="0">
      <mem type="soa" free="0" total="38150144" percent="0" />
      <mem type="loa" free="385024" total="385024" percent="100" />
    </mem>
  </mem-info>
</gc-start>
<allocation-stats totalBytes="20104208" >
  <allocated-bytes non-tlh="0" tlh="20104208" />
  <largest-consumer threadName="main" threadId="0000000001DD0F00" bytes="20104208" />
</allocation-stats>
<gc-op id="1496" type="mark" timems="40.968" contextid="1493" timestamp="2019-08-08T00:00:11.578">
  <trace-info objectcount="600507" scancount="521392" scanbytes="13383112" />
  <finalization candidates="80" enqueued="0" />
  <ownableSynchronizers candidates="21" cleared="0" />
  <references type="soft" candidates="3261" cleared="0" enqueued="0" dynamicThreshold="17" maxThreshold="32" />
  <references type="weak" candidates="5586" cleared="0" enqueued="0" />
  <references type="phantom" candidates="97" cleared="0" enqueued="0" />
  <stringconstants candidates="13595" cleared="0"  />
</gc-op>
<gc-op id="1497" type="sweep" timems="2.523" contextid="1493" timestamp="2019-08-08T00:00:11.581" />
<mem-info id="1498" free="20558288" total="38535168" percent="53">
  <mem type="tenure" free="20558288" total="38535168" percent="53" micro-fragmented="0" macro-fragmented="19260884">
    <mem type="soa" free="20173264" total="38150144" percent="52" />
    <mem type="loa" free="385024" total="385024" percent="100" />
  </mem>
</mem-info>
<gc-op id="1499" type="compact" timems="28.858" contextid="1493" timestamp="2019-08-08T00:00:11.610">
  <compact-info movecount="2" movebytes="56" reason="compact to aid heap contraction" />
</gc-op>
<heap-resize id="1500" type="expand" space="tenure" amount="327680" count="1" timems="0.019" reason="satisfy allocation request" timestamp="2019-08-08T00:00:11.611" />
<gc-end id="1501" type="global" contextid="1493" durationms="73.783" usertimems="274.110" systemtimems="0.000" timestamp="2019-08-08T00:00:11.611" activeThreads="16">
  <mem-info id="1502" free="20820816" total="38862848" percent="53">
    <mem type="tenure" free="20820816" total="38862848" percent="53">
      <mem type="soa" free="20432720" total="38474752" percent="53" />
      <mem type="loa" free="388096" total="388096" percent="100" />
    </mem>
  </mem-info>
</gc-end>
<cycle-end id="1503" type="global" contextid="1493" timestamp="2019-08-08T00:00:11.611" />
  <attribute name="elasticGC enabled" value="1" />
  <attribute name= "numThreadsSpecified" value="16" />
  <attribute name="heapSize specified" value="38535168" />
  <attribute name="Current GC Util" value="47" />
  <attribute name= "Current Time Running" value="130533" />
  <attribute name ="GC Interval" value="0" />
  <attribute name="Target GC Util Change" value ="80.000000" />
  <attribute name="Current GC Util Change" value="47.000000"/>
  <attribute name="Current Error" value="33.000000" />
  <attribute name="Output H" value="38838032"/>
  <attribute name="Output I" value="2184"/>
  <attribute name="Output T" value="16"/>
  <attribute name= "Current Time Running" value="130533" />
  <attribute name="GC Util currently" value="47" />
  <attribute name="CPU Util currently" value="39914341804" />
<allocation-satisfied id="1504" threadId="0000000001DD0F00" bytesRequested="1168" />
<af-end id="1505" timestamp="2019-08-08T00:00:11.611" threadId="0000000001DD1888" success="true" />
<exclusive-end id="1506" timestamp="2019-08-08T00:00:11.611" durationms="73.997" />

<exclusive-start id="1507" timestamp="2019-08-08T00:00:11.619" intervalms="81.723">
  <response-info timems="0.042" idlems="0.042" threads="0" lastid="0000000001DD0F00" lastname="main" />
</exclusive-start>
<af-start id="1508" threadId="0000000001DD1888" totalBytesRequested="1168" timestamp="2019-08-08T00:00:11.619" intervalms="81.725" />
<cycle-start id="1509" type="global" contextid="0" timestamp="2019-08-08T00:00:11.619" intervalms="81.719" />
<gc-start id="1510" type="global" contextid="1509" timestamp="2019-08-08T00:00:11.619">
  <mem-info id="1511" free="388096" total="38862848" percent="0">
    <mem type="tenure" free="388096" total="38862848" percent="0">
      <mem type="soa" free="0" total="38474752" percent="0" />
      <mem type="loa" free="388096" total="388096" percent="100" />
    </mem>
  </mem-info>
</gc-start>
<allocation-stats totalBytes="20428344" >
  <allocated-bytes non-tlh="0" tlh="20428344" />
  <largest-consumer threadName="main" threadId="0000000001DD0F00" bytes="20428344" />
</allocation-stats>
<gc-op id="1512" type="mark" timems="10.337" contextid="1509" timestamp="2019-08-08T00:00:11.630">
  <trace-info objectcount="600507" scancount="521394" scanbytes="13383112" />
  <finalization candidates="80" enqueued="0" />
  <ownableSynchronizers candidates="21" cleared="0" />
  <references type="soft" candidates="3261" cleared="0" enqueued="0" dynamicThreshold="17" maxThreshold="32" />
  <references type="weak" candidates="5586" cleared="0" enqueued="0" />
  <references type="phantom" candidates="97" cleared="0" enqueued="0" />
  <stringconstants candidates="13595" cleared="0"  />
</gc-op>
<gc-op id="1513" type="sweep" timems="2.085" contextid="1509" timestamp="2019-08-08T00:00:11.632" />
<mem-info id="1514" free="20886352" total="38862848" percent="53">
  <mem type="tenure" free="20886352" total="38862848" percent="53" micro-fragmented="0" macro-fragmented="13375613">
    <mem type="soa" free="20498256" total="38474752" percent="53" />
    <mem type="loa" free="388096" total="388096" percent="100" />
  </mem>
</mem-info>
<gc-op id="1515" type="compact" timems="25.597" contextid="1509" timestamp="2019-08-08T00:00:11.657">
  <compact-info movecount="2" movebytes="56" reason="compact to aid heap contraction" />
</gc-op>
<heap-resize id="1516" type="expand" space="tenure" amount="327680" count="1" timems="0.024" reason="satisfy allocation request" timestamp="2019-08-08T00:00:11.660" />
<gc-end id="1517" type="global" contextid="1509" durationms="40.507" usertimems="94.008" systemtimems="0.000" timestamp="2019-08-08T00:00:11.660" activeThreads="16">
  <mem-info id="1518" free="21148496" total="39190528" percent="53">
    <mem type="tenure" free="21148496" total="39190528" percent="53">
      <mem type="soa" free="20757328" total="38799360" percent="53" />
      <mem type="loa" free="391168" total="391168" percent="100" />
    </mem>
  </mem-info>
</gc-end>
<cycle-end id="1519" type="global" contextid="1509" timestamp="2019-08-08T00:00:11.660" />
  <attribute name="elasticGC enabled" value="1" />
  <attribute name= "numThreadsSpecified" value="16" />
  <attribute name="heapSize specified" value="38862848" />
  <attribute name="Current GC Util" value="48" />
  <attribute name= "Current Time Running" value="130580" />
  <attribute name ="GC Interval" value="0" />
  <attribute name="Target GC Util Change" value ="80.000000" />
  <attribute name="Current GC Util Change" value="48.000000"/>
  <attribute name="Current Error" value="-638.000000" />
  <attribute name="Output H" value="39162616"/>
  <attribute name="Output I" value="200"/>
  <attribute name="Output T" value="16"/>
  <attribute name= "Current Time Running" value="130580" />
  <attribute name="GC Util currently" value="48" />
  <attribute name="CPU Util currently" value="44979185138" />
<allocation-satisfied id="1520" threadId="0000000001DD0F00" bytesRequested="1168" />
<af-end id="1521" timestamp="2019-08-08T00:00:11.660" threadId="0000000001DD1888" success="true" />
<exclusive-end id="1522" timestamp="2019-08-08T00:00:11.660" durationms="40.726" />

<exclusive-start id="1523" timestamp="2019-08-08T00:00:11.667" intervalms="48.195">
  <response-info timems="0.043" idlems="0.043" threads="0" lastid="0000000001DD0F00" lastname="main" />
</exclusive-start>
<af-start id="1524" threadId="0000000001DD1888" totalBytesRequested="1168" timestamp="2019-08-08T00:00:11.667" intervalms="48.192" />
<cycle-start id="1525" type="global" contextid="0" timestamp="2019-08-08T00:00:11.667" intervalms="48.190" />
<gc-start id="1526" type="global" contextid="1525" timestamp="2019-08-08T00:00:11.667">
  <mem-info id="1527" free="391168" total="39190528" percent="0">
    <mem type="tenure" free="391168" total="39190528" percent="0">
      <mem type="soa" free="0" total="38799360" percent="0" />
      <mem type="loa" free="391168" total="391168" percent="100" />
    </mem>
  </mem-info>
</gc-start>
<allocation-stats totalBytes="20751272" >
  <allocated-bytes non-tlh="0" tlh="20751272" />
  <largest-consumer threadName="main" threadId="0000000001DD0F00" bytes="20751272" />
</allocation-stats>
<gc-op id="1528" type="mark" timems="9.339" contextid="1525" timestamp="2019-08-08T00:00:11.677">
  <trace-info objectcount="600507" scancount="521395" scanbytes="13383112" />
  <finalization candidates="80" enqueued="0" />
  <ownableSynchronizers candidates="21" cleared="0" />
  <references type="soft" candidates="3261" cleared="0" enqueued="0" dynamicThreshold="17" maxThreshold="32" />
  <references type="weak" candidates="5586" cleared="0" enqueued="0" />
  <references type="phantom" candidates="97" cleared="0" enqueued="0" />
  <stringconstants candidates="13595" cleared="0"  />
</gc-op>
<gc-op id="1529" type="sweep" timems="1.822" contextid="1525" timestamp="2019-08-08T00:00:11.679" />
<mem-info id="1530" free="21213632" total="39190528" percent="54">
  <mem type="tenure" free="21213632" total="39190528" percent="54" micro-fragmented="0" macro-fragmented="16050736">
    <mem type="soa" free="20822464" total="38799360" percent="53" />
    <mem type="loa" free="391168" total="391168" percent="100" />
  </mem>
</mem-info>
<gc-op id="1531" type="compact" timems="29.645" contextid="1525" timestamp="2019-08-08T00:00:11.708">
  <compact-info movecount="2" movebytes="56" reason="compact to aid heap contraction" />
</gc-op>
<heap-resize id="1532" type="expand" space="tenure" amount="327680" count="1" timems="0.020" reason="satisfy allocation request" timestamp="2019-08-08T00:00:11.709" />
<gc-end id="1533" type="global" contextid="1525" durationms="41.892" usertimems="82.142" systemtimems="0.000" timestamp="2019-08-08T00:00:11.709" activeThreads="16">
  <mem-info id="1534" free="21476176" total="39518208" percent="54">
    <mem type="tenure" free="21476176" total="39518208" percent="54">
      <mem type="soa" free="21081936" total="39123968" percent="53" />
      <mem type="loa" free="394240" total="394240" percent="100" />
    </mem>
  </mem-info>
</gc-end>
<cycle-end id="1535" type="global" contextid="1525" timestamp="2019-08-08T00:00:11.709" />
  <attribute name="elasticGC enabled" value="1" />
  <attribute name= "numThreadsSpecified" value="16" />
  <attribute name="heapSize specified" value="39190528" />
  <attribute name="Current GC Util" value="28" />
  <attribute name= "Current Time Running" value="130631" />
  <attribute name ="GC Interval" value="0" />
  <attribute name="Target GC Util Change" value ="80.000000" />
  <attribute name="Current GC Util Change" value="28.000000"/>
  <attribute name="Current Error" value="-413.000000" />
  <attribute name="Output H" value="39491336"/>
  <attribute name="Output I" value="200"/>
  <attribute name="Output T" value="16"/>
  <attribute name= "Current Time Running" value="130631" />
  <attribute name="GC Util currently" value="28" />
  <attribute name="CPU Util currently" value="38794613683" />
<allocation-satisfied id="1536" threadId="0000000001DD0F00" bytesRequested="1168" />
<af-end id="1537" timestamp="2019-08-08T00:00:11.709" threadId="0000000001DD1888" success="true" />
<exclusive-end id="1538" timestamp="2019-08-08T00:00:11.709" durationms="42.094" />

<exclusive-start id="1539" timestamp="2019-08-08T00:00:11.714" intervalms="46.427">
  <response-info timems="0.036" idlems="0.036" threads="0" lastid="0000000001DD0F00" lastname="main" />
</exclusive-start>
<af-start id="1540" threadId="0000000001DD1888" totalBytesRequested="1168" timestamp="2019-08-08T00:00:11.714" intervalms="46.457" />
<cycle-start id="1541" type="global" contextid="0" timestamp="2019-08-08T00:00:11.714" intervalms="46.463" />
<gc-start id="1542" type="global" contextid="1541" timestamp="2019-08-08T00:00:11.714">
  <mem-info id="1543" free="394240" total="39518208" percent="0">
    <mem type="tenure" free="394240" total="39518208" percent="0">
      <mem type="soa" free="0" total="39123968" percent="0" />
      <mem type="loa" free="394240" total="394240" percent="100" />
    </mem>
  </mem-info>
</gc-start>
<allocation-stats totalBytes="21075408" >
  <allocated-bytes non-tlh="0" tlh="21075408" />
  <largest-consumer threadName="main" threadId="0000000001DD0F00" bytes="21075408" />
</allocation-stats>
<gc-op id="1544" type="mark" timems="10.735" contextid="1541" timestamp="2019-08-08T00:00:11.725">
  <trace-info objectcount="600507" scancount="521392" scanbytes="13383112" />
  <finalization candidates="80" enqueued="0" />
  <ownableSynchronizers candidates="21" cleared="0" />
  <references type="soft" candidates="3261" cleared="0" enqueued="0" dynamicThreshold="17" maxThreshold="32" />
  <references type="weak" candidates="5586" cleared="0" enqueued="0" />
  <references type="phantom" candidates="97" cleared="0" enqueued="0" />
  <stringconstants candidates="13595" cleared="0"  />
</gc-op>
<gc-op id="1545" type="sweep" timems="1.939" contextid="1541" timestamp="2019-08-08T00:00:11.727" />
<mem-info id="1546" free="21541704" total="39518208" percent="54">
  <mem type="tenure" free="21541704" total="39518208" percent="54" micro-fragmented="0" macro-fragmented="13375613">
    <mem type="soa" free="21147464" total="39123968" percent="54" />
    <mem type="loa" free="394240" total="394240" percent="100" />
  </mem>
</mem-info>
<gc-op id="1547" type="compact" timems="32.158" contextid="1541" timestamp="2019-08-08T00:00:11.759">
  <compact-info movecount="2" movebytes="56" reason="compact to aid heap contraction" />
</gc-op>
<heap-resize id="1548" type="expand" space="tenure" amount="327680" count="1" timems="0.022" reason="satisfy allocation request" timestamp="2019-08-08T00:00:11.760" />
<gc-end id="1549" type="global" contextid="1541" durationms="46.508" usertimems="83.300" systemtimems="0.000" timestamp="2019-08-08T00:00:11.760" activeThreads="16">
  <mem-info id="1550" free="21803856" total="39845888" percent="54">
    <mem type="tenure" free="21803856" total="39845888" percent="54">
      <mem type="soa" free="21405520" total="39447552" percent="54" />
      <mem type="loa" free="398336" total="398336" percent="100" />
    </mem>
  </mem-info>
</gc-end>
<cycle-end id="1551" type="global" contextid="1541" timestamp="2019-08-08T00:00:11.760" />
  <attribute name="elasticGC enabled" value="1" />
  <attribute name= "numThreadsSpecified" value="16" />
  <attribute name="heapSize specified" value="39518208" />
  <attribute name="Current GC Util" value="27" />
  <attribute name= "Current Time Running" value="130682" />
  <attribute name ="GC Interval" value="0" />
  <attribute name="Target GC Util Change" value ="80.000000" />
  <attribute name="Current GC Util Change" value="27.000000"/>
  <attribute name="Current Error" value="53.000000" />
  <attribute name="Output H" value="39821168"/>
  <attribute name="Output I" value="2288"/>
  <attribute name="Output T" value="16"/>
  <attribute name= "Current Time Running" value="130682" />
  <attribute name="GC Util currently" value="27" />
  <attribute name="CPU Util currently" value="35811734819" />
<allocation-satisfied id="1552" threadId="0000000001DD0F00" bytesRequested="1168" />
<af-end id="1553" timestamp="2019-08-08T00:00:11.760" threadId="0000000001DD1888" success="true" />
<exclusive-end id="1554" timestamp="2019-08-08T00:00:11.760" durationms="46.821" />

<exclusive-start id="1555" timestamp="2019-08-08T00:00:11.766" intervalms="52.487">
  <response-info timems="0.054" idlems="0.054" threads="0" lastid="0000000001DD0F00" lastname="main" />
</exclusive-start>
<af-start id="1556" threadId="0000000001DD1888" totalBytesRequested="1168" timestamp="2019-08-08T00:00:11.766" intervalms="52.471" />
<cycle-start id="1557" type="global" contextid="0" timestamp="2019-08-08T00:00:11.766" intervalms="52.476" />
<gc-start id="1558" type="global" contextid="1557" timestamp="2019-08-08T00:00:11.766">
  <mem-info id="1559" free="398336" total="39845888" percent="0">
    <mem type="tenure" free="398336" total="39845888" percent="0">
      <mem type="soa" free="0" total="39447552" percent="0" />
      <mem type="loa" free="398336" total="398336" percent="100" />
    </mem>
  </mem-info>
</gc-start>
<allocation-stats totalBytes="21397080" >
  <allocated-bytes non-tlh="0" tlh="21397080" />
  <largest-consumer threadName="main" threadId="0000000001DD0F00" bytes="21397080" />
</allocation-stats>
<gc-op id="1560" type="mark" timems="9.892" contextid="1557" timestamp="2019-08-08T00:00:11.776">
  <trace-info objectcount="600507" scancount="521392" scanbytes="13383112" />
  <finalization candidates="80" enqueued="0" />
  <ownableSynchronizers candidates="21" cleared="0" />
  <references type="soft" candidates="3261" cleared="0" enqueued="0" dynamicThreshold="17" maxThreshold="32" />
  <references type="weak" candidates="5586" cleared="0" enqueued="0" />
  <references type="phantom" candidates="97" cleared="0" enqueued="0" />
  <stringconstants candidates="13595" cleared="0"  />
</gc-op>
<gc-op id="1561" type="sweep" timems="1.708" contextid="1557" timestamp="2019-08-08T00:00:11.778" />
<mem-info id="1562" free="21868768" total="39845888" percent="54">
  <mem type="tenure" free="21868768" total="39845888" percent="54" micro-fragmented="0" macro-fragmented="19260884">
    <mem type="soa" free="21470432" total="39447552" percent="54" />
    <mem type="loa" free="398336" total="398336" percent="100" />
  </mem>
</mem-info>
<gc-op id="1563" type="compact" timems="35.482" contextid="1557" timestamp="2019-08-08T00:00:11.814">
  <compact-info movecount="2" movebytes="56" reason="compact to aid heap contraction" />
</gc-op>
<heap-resize id="1564" type="expand" space="tenure" amount="327680" count="1" timems="0.024" reason="satisfy allocation request" timestamp="2019-08-08T00:00:11.815" />
<gc-end id="1565" type="global" contextid="1557" durationms="49.230" usertimems="99.793" systemtimems="0.000" timestamp="2019-08-08T00:00:11.816" activeThreads="16">
  <mem-info id="1566" free="22131536" total="40173568" percent="55">
    <mem type="tenure" free="22131536" total="40173568" percent="55">
      <mem type="soa" free="21730128" total="39772160" percent="54" />
      <mem type="loa" free="401408" total="401408" percent="100" />
    </mem>
  </mem-info>
</gc-end>
<cycle-end id="1567" type="global" contextid="1557" timestamp="2019-08-08T00:00:11.816" />
  <attribute name="elasticGC enabled" value="1" />
  <attribute name= "numThreadsSpecified" value="16" />
  <attribute name="heapSize specified" value="39845888" />
  <attribute name="Current GC Util" value="38" />
  <attribute name= "Current Time Running" value="130737" />
  <attribute name ="GC Interval" value="0" />
  <attribute name="Target GC Util Change" value ="80.000000" />
  <attribute name="Current GC Util Change" value="38.000000"/>
  <attribute name="Current Error" value="-736.000000" />
  <attribute name="Output H" value="40145208"/>
  <attribute name="Output I" value="200"/>
  <attribute name="Output T" value="16"/>
  <attribute name= "Current Time Running" value="130737" />
  <attribute name="GC Util currently" value="38" />
  <attribute name="CPU Util currently" value="32456521071" />
<allocation-satisfied id="1568" threadId="0000000001DD0F00" bytesRequested="1168" />
<af-end id="1569" timestamp="2019-08-08T00:00:11.816" threadId="0000000001DD1888" success="true" />
<exclusive-end id="1570" timestamp="2019-08-08T00:00:11.816" durationms="49.467" />

<exclusive-start id="1571" timestamp="2019-08-08T00:00:11.821" intervalms="54.658">
  <response-info timems="0.019" idlems="0.019" threads="0" lastid="0000000001DD0F00" lastname="main" />
</exclusive-start>
<af-start id="1572" threadId="0000000001DD1888" totalBytesRequested="1168" timestamp="2019-08-08T00:00:11.821" intervalms="54.670" />
<cycle-start id="1573" type="global" contextid="0" timestamp="2019-08-08T00:00:11.821" intervalms="54.660" />
<gc-start id="1574" type="global" contextid="1573" timestamp="2019-08-08T00:00:11.821">
  <mem-info id="1575" free="401408" total="40173568" percent="0">
    <mem type="tenure" free="401408" total="40173568" percent="0">
      <mem type="soa" free="0" total="39772160" percent="0" />
      <mem type="loa" free="401408" total="401408" percent="100" />
    </mem>
  </mem-info>
</gc-start>
<allocation-stats totalBytes="21721240" >
  <allocated-bytes non-tlh="0" tlh="21721240" />
  <largest-consumer threadName="main" threadId="0000000001DD0F00" bytes="21721240" />
</allocation-stats>
<gc-op id="1576" type="mark" timems="9.102" contextid="1573" timestamp="2019-08-08T00:00:11.830">
  <trace-info objectcount="600507" scancount="521394" scanbytes="13383112" />
  <finalization candidates="80" enqueued="0" />
  <ownableSynchronizers candidates="21" cleared="0" />
  <references type="soft" candidates="3261" cleared="0" enqueued="0" dynamicThreshold="17" maxThreshold="32" />
  <references type="weak" candidates="5586" cleared="0" enqueued="0" />
  <references type="phantom" candidates="97" cleared="0" enqueued="0" />
  <stringconstants candidates="13595" cleared="0"  />
</gc-op>
<gc-op id="1577" type="sweep" timems="2.527" contextid="1573" timestamp="2019-08-08T00:00:11.833" />
<mem-info id="1578" free="22196840" total="40173568" percent="55">
  <mem type="tenure" free="22196840" total="40173568" percent="55" micro-fragmented="0" macro-fragmented="0">
    <mem type="soa" free="21795432" total="39772160" percent="54" />
    <mem type="loa" free="401408" total="401408" percent="100" />
  </mem>
</mem-info>
<gc-op id="1579" type="compact" timems="41.859" contextid="1573" timestamp="2019-08-08T00:00:11.875">
  <compact-info movecount="2" movebytes="56" reason="compact to aid heap contraction" />
</gc-op>
<heap-resize id="1580" type="expand" space="tenure" amount="327680" count="1" timems="0.022" reason="satisfy allocation request" timestamp="2019-08-08T00:00:11.876" />
<gc-end id="1581" type="global" contextid="1573" durationms="55.584" usertimems="111.229" systemtimems="0.000" timestamp="2019-08-08T00:00:11.877" activeThreads="16">
  <mem-info id="1582" free="22459216" total="40501248" percent="55">
    <mem type="tenure" free="22459216" total="40501248" percent="55">
      <mem type="soa" free="22054736" total="40096768" percent="55" />
      <mem type="loa" free="404480" total="404480" percent="100" />
    </mem>
  </mem-info>
</gc-end>
<cycle-end id="1583" type="global" contextid="1573" timestamp="2019-08-08T00:00:11.877" />
  <attribute name="elasticGC enabled" value="1" />
  <attribute name= "numThreadsSpecified" value="16" />
  <attribute name="heapSize specified" value="40173568" />
  <attribute name="Current GC Util" value="38" />
  <attribute name= "Current Time Running" value="130798" />
  <attribute name ="GC Interval" value="0" />
  <attribute name="Target GC Util Change" value ="80.000000" />
  <attribute name="Current GC Util Change" value="38.000000"/>
  <attribute name="Current Error" value="-542.000000" />
  <attribute name="Output H" value="40473784"/>
  <attribute name="Output I" value="200"/>
  <attribute name="Output T" value="16"/>
  <attribute name= "Current Time Running" value="130798" />
  <attribute name="GC Util currently" value="38" />
  <attribute name="CPU Util currently" value="27329625267" />
<allocation-satisfied id="1584" threadId="0000000001DD0F00" bytesRequested="1168" />
<af-end id="1585" timestamp="2019-08-08T00:00:11.877" threadId="0000000001DD1888" success="true" />
<exclusive-end id="1586" timestamp="2019-08-08T00:00:11.877" durationms="55.790" />

<exclusive-start id="1587" timestamp="2019-08-08T00:00:11.882" intervalms="61.370">
  <response-info timems="0.021" idlems="0.021" threads="0" lastid="0000000001DD0F00" lastname="main" />
</exclusive-start>
<af-start id="1588" threadId="0000000001DD1888" totalBytesRequested="1168" timestamp="2019-08-08T00:00:11.882" intervalms="61.348" />
<cycle-start id="1589" type="global" contextid="0" timestamp="2019-08-08T00:00:11.882" intervalms="61.348" />
<gc-start id="1590" type="global" contextid="1589" timestamp="2019-08-08T00:00:11.882">
  <mem-info id="1591" free="404480" total="40501248" percent="0">
    <mem type="tenure" free="404480" total="40501248" percent="0">
      <mem type="soa" free="0" total="40096768" percent="0" />
      <mem type="loa" free="404480" total="404480" percent="100" />
    </mem>
  </mem-info>
</gc-start>
<allocation-stats totalBytes="22044144" >
  <allocated-bytes non-tlh="0" tlh="22044144" />
  <largest-consumer threadName="main" threadId="0000000001DD0F00" bytes="22044144" />
</allocation-stats>
<gc-op id="1592" type="mark" timems="12.073" contextid="1589" timestamp="2019-08-08T00:00:11.894">
  <trace-info objectcount="600507" scancount="521394" scanbytes="13383112" />
  <finalization candidates="80" enqueued="0" />
  <ownableSynchronizers candidates="21" cleared="0" />
  <references type="soft" candidates="3261" cleared="0" enqueued="0" dynamicThreshold="17" maxThreshold="32" />
  <references type="weak" candidates="5586" cleared="0" enqueued="0" />
  <references type="phantom" candidates="97" cleared="0" enqueued="0" />
  <stringconstants candidates="13595" cleared="0"  />
</gc-op>
<gc-op id="1593" type="sweep" timems="2.044" contextid="1589" timestamp="2019-08-08T00:00:11.897" />
<mem-info id="1594" free="22524112" total="40501248" percent="55">
  <mem type="tenure" free="22524112" total="40501248" percent="55" micro-fragmented="0" macro-fragmented="0">
    <mem type="soa" free="22119632" total="40096768" percent="55" />
    <mem type="loa" free="404480" total="404480" percent="100" />
  </mem>
</mem-info>
<gc-op id="1595" type="compact" timems="34.014" contextid="1589" timestamp="2019-08-08T00:00:11.931">
  <compact-info movecount="2" movebytes="56" reason="compact to aid heap contraction" />
</gc-op>
<heap-resize id="1596" type="expand" space="tenure" amount="327680" count="1" timems="0.022" reason="satisfy allocation request" timestamp="2019-08-08T00:00:11.932" />
<gc-end id="1597" type="global" contextid="1589" durationms="49.829" usertimems="101.078" systemtimems="0.000" timestamp="2019-08-08T00:00:11.932" activeThreads="16">
  <mem-info id="1598" free="22786896" total="40828928" percent="55">
    <mem type="tenure" free="22786896" total="40828928" percent="55">
      <mem type="soa" free="22379344" total="40421376" percent="55" />
      <mem type="loa" free="407552" total="407552" percent="100" />
    </mem>
  </mem-info>
</gc-end>
<cycle-end id="1599" type="global" contextid="1589" timestamp="2019-08-08T00:00:11.932" />
  <attribute name="elasticGC enabled" value="1" />
  <attribute name= "numThreadsSpecified" value="16" />
  <attribute name="heapSize specified" value="40501248" />
  <attribute name="Current GC Util" value="37" />
  <attribute name= "Current Time Running" value="130854" />
  <attribute name ="GC Interval" value="0" />
  <attribute name="Target GC Util Change" value ="80.000000" />
  <attribute name="Current GC Util Change" value="37.000000"/>
  <attribute name="Current Error" value="43.000000" />
  <attribute name="Output H" value="40804160"/>
  <attribute name="Output I" value="2232"/>
  <attribute name="Output T" value="16"/>
  <attribute name= "Current Time Running" value="130854" />
  <attribute name="GC Util currently" value="37" />
  <attribute name="CPU Util currently" value="33865737698" />
<allocation-satisfied id="1600" threadId="0000000001DD0F00" bytesRequested="1168" />
<af-end id="1601" timestamp="2019-08-08T00:00:11.932" threadId="0000000001DD1888" success="true" />
<exclusive-end id="1602" timestamp="2019-08-08T00:00:11.932" durationms="50.043" />

<exclusive-start id="1603" timestamp="2019-08-08T00:00:11.937" intervalms="55.037">
  <response-info timems="0.019" idlems="0.019" threads="0" lastid="0000000001DD0F00" lastname="main" />
</exclusive-start>
<af-start id="1604" threadId="0000000001DD1888" totalBytesRequested="1168" timestamp="2019-08-08T00:00:11.937" intervalms="55.041" />
<cycle-start id="1605" type="global" contextid="0" timestamp="2019-08-08T00:00:11.937" intervalms="55.049" />
<gc-start id="1606" type="global" contextid="1605" timestamp="2019-08-08T00:00:11.937">
  <mem-info id="1607" free="407552" total="40828928" percent="0">
    <mem type="tenure" free="407552" total="40828928" percent="0">
      <mem type="soa" free="0" total="40421376" percent="0" />
      <mem type="loa" free="407552" total="407552" percent="100" />
    </mem>
  </mem-info>
</gc-start>
<allocation-stats totalBytes="22368280" >
  <allocated-bytes non-tlh="0" tlh="22368280" />
  <largest-consumer threadName="main" threadId="0000000001DD0F00" bytes="22368280" />
</allocation-stats>
<gc-op id="1608" type="mark" timems="9.015" contextid="1605" timestamp="2019-08-08T00:00:11.946">
  <trace-info objectcount="600507" scancount="521394" scanbytes="13383112" />
  <finalization candidates="80" enqueued="0" />
  <ownableSynchronizers candidates="21" cleared="0" />
  <references type="soft" candidates="3261" cleared="0" enqueued="0" dynamicThreshold="17" maxThreshold="32" />
  <references type="weak" candidates="5586" cleared="0" enqueued="0" />
  <references type="phantom" candidates="97" cleared="0" enqueued="0" />
  <stringconstants candidates="13595" cleared="0"  />
</gc-op>
<gc-op id="1609" type="sweep" timems="4.059" contextid="1605" timestamp="2019-08-08T00:00:11.950" />
<mem-info id="1610" free="22852184" total="40828928" percent="55">
  <mem type="tenure" free="22852184" total="40828928" percent="55" micro-fragmented="0" macro-fragmented="19260884">
    <mem type="soa" free="22444632" total="40421376" percent="55" />
    <mem type="loa" free="407552" total="407552" percent="100" />
  </mem>
</mem-info>
<gc-op id="1611" type="compact" timems="35.396" contextid="1605" timestamp="2019-08-08T00:00:11.986">
  <compact-info movecount="2" movebytes="56" reason="compact to aid heap contraction" />
</gc-op>
<heap-resize id="1612" type="expand" space="tenure" amount="327680" count="1" timems="0.023" reason="satisfy allocation request" timestamp="2019-08-08T00:00:11.988" />
<gc-end id="1613" type="global" contextid="1605" durationms="50.384" usertimems="100.852" systemtimems="0.000" timestamp="2019-08-08T00:00:11.988" activeThreads="16">
  <mem-info id="1614" free="23114576" total="41156608" percent="56">
    <mem type="tenure" free="23114576" total="41156608" percent="56">
      <mem type="soa" free="22703952" total="40745984" percent="55" />
      <mem type="loa" free="410624" total="410624" percent="100" />
    </mem>
  </mem-info>
</gc-end>
<cycle-end id="1615" type="global" contextid="1605" timestamp="2019-08-08T00:00:11.988" />
  <attribute name="elasticGC enabled" value="1" />
  <attribute name= "numThreadsSpecified" value="16" />
  <attribute name="heapSize specified" value="40828928" />
  <attribute name="Current GC Util" value="39" />
  <attribute name= "Current Time Running" value="130910" />
  <attribute name ="GC Interval" value="0" />
  <attribute name="Target GC Util Change" value ="80.000000" />
  <attribute name="Current GC Util Change" value="39.000000"/>
  <attribute name="Current Error" value="-808.000000" />
  <attribute name="Output H" value="41127912"/>
  <attribute name="Output I" value="200"/>
  <attribute name="Output T" value="16"/>
  <attribute name= "Current Time Running" value="130910" />
  <attribute name="GC Util currently" value="39" />
  <attribute name="CPU Util currently" value="32094049721" />
<allocation-satisfied id="1616" threadId="0000000001DD0F00" bytesRequested="1168" />
<af-end id="1617" timestamp="2019-08-08T00:00:11.988" threadId="0000000001DD1888" success="true" />
<exclusive-end id="1618" timestamp="2019-08-08T00:00:11.988" durationms="50.774" />

<exclusive-start id="1619" timestamp="2019-08-08T00:00:11.993" intervalms="55.695">
  <response-info timems="0.018" idlems="0.018" threads="0" lastid="0000000001DD0F00" lastname="main" />
</exclusive-start>
<af-start id="1620" threadId="0000000001DD1888" totalBytesRequested="1168" timestamp="2019-08-08T00:00:11.993" intervalms="55.688" />
<cycle-start id="1621" type="global" contextid="0" timestamp="2019-08-08T00:00:11.993" intervalms="55.679" />
<gc-start id="1622" type="global" contextid="1621" timestamp="2019-08-08T00:00:11.993">
  <mem-info id="1623" free="410624" total="41156608" percent="0">
    <mem type="tenure" free="410624" total="41156608" percent="0">
      <mem type="soa" free="0" total="40745984" percent="0" />
      <mem type="loa" free="410624" total="410624" percent="100" />
    </mem>
  </mem-info>
</gc-start>
<allocation-stats totalBytes="22691184" >
  <allocated-bytes non-tlh="0" tlh="22691184" />
  <largest-consumer threadName="main" threadId="0000000001DD0F00" bytes="22691184" />
</allocation-stats>
<gc-op id="1624" type="mark" timems="9.047" contextid="1621" timestamp="2019-08-08T00:00:12.002">
  <trace-info objectcount="600507" scancount="521394" scanbytes="13383112" />
  <finalization candidates="80" enqueued="0" />
  <ownableSynchronizers candidates="21" cleared="0" />
  <references type="soft" candidates="3261" cleared="0" enqueued="0" dynamicThreshold="17" maxThreshold="32" />
  <references type="weak" candidates="5586" cleared="0" enqueued="0" />
  <references type="phantom" candidates="97" cleared="0" enqueued="0" />
  <stringconstants candidates="13595" cleared="0"  />
</gc-op>
<gc-op id="1625" type="sweep" timems="1.991" contextid="1621" timestamp="2019-08-08T00:00:12.004" />
<mem-info id="1626" free="23180112" total="41156608" percent="56">
  <mem type="tenure" free="23180112" total="41156608" percent="56" micro-fragmented="0" macro-fragmented="0">
    <mem type="soa" free="22769488" total="40745984" percent="55" />
    <mem type="loa" free="410624" total="410624" percent="100" />
  </mem>
</mem-info>
<gc-op id="1627" type="compact" timems="28.084" contextid="1621" timestamp="2019-08-08T00:00:12.032">
  <compact-info movecount="2" movebytes="56" reason="compact to aid heap contraction" />
</gc-op>
<heap-resize id="1628" type="expand" space="tenure" amount="327680" count="1" timems="0.026" reason="satisfy allocation request" timestamp="2019-08-08T00:00:12.033" />
<gc-end id="1629" type="global" contextid="1621" durationms="40.369" usertimems="78.453" systemtimems="0.000" timestamp="2019-08-08T00:00:12.034" activeThreads="16">
  <mem-info id="1630" free="23442256" total="41484288" percent="56">
    <mem type="tenure" free="23442256" total="41484288" percent="56">
      <mem type="soa" free="23027536" total="41069568" percent="56" />
      <mem type="loa" free="414720" total="414720" percent="100" />
    </mem>
  </mem-info>
</gc-end>
<cycle-end id="1631" type="global" contextid="1621" timestamp="2019-08-08T00:00:12.034" />
  <attribute name="elasticGC enabled" value="1" />
  <attribute name= "numThreadsSpecified" value="16" />
  <attribute name="heapSize specified" value="41156608" />
  <attribute name="Current GC Util" value="29" />
  <attribute name= "Current Time Running" value="130956" />
  <attribute name ="GC Interval" value="0" />
  <attribute name="Target GC Util Change" value ="80.000000" />
  <attribute name="Current GC Util Change" value="29.000000"/>
  <attribute name="Current Error" value="-313.000000" />
  <attribute name="Output H" value="41457880"/>
  <attribute name="Output I" value="384"/>
  <attribute name="Output T" value="16"/>
  <attribute name= "Current Time Running" value="130956" />
  <attribute name="GC Util currently" value="29" />
  <attribute name="CPU Util currently" value="40984012043" />
<allocation-satisfied id="1632" threadId="0000000001DD0F00" bytesRequested="1168" />
<af-end id="1633" timestamp="2019-08-08T00:00:12.034" threadId="0000000001DD1888" success="true" />
<exclusive-end id="1634" timestamp="2019-08-08T00:00:12.034" durationms="40.736" />

<exclusive-start id="1635" timestamp="2019-08-08T00:00:12.040" intervalms="46.960">
  <response-info timems="0.065" idlems="0.065" threads="0" lastid="0000000001DD0F00" lastname="main" />
</exclusive-start>
<af-start id="1636" threadId="0000000001DD1888" totalBytesRequested="1168" timestamp="2019-08-08T00:00:12.040" intervalms="46.966" />
<cycle-start id="1637" type="global" contextid="0" timestamp="2019-08-08T00:00:12.040" intervalms="46.973" />
<gc-start id="1638" type="global" contextid="1637" timestamp="2019-08-08T00:00:12.040">
  <mem-info id="1639" free="414720" total="41484288" percent="0">
    <mem type="tenure" free="414720" total="41484288" percent="0">
      <mem type="soa" free="0" total="41069568" percent="0" />
      <mem type="loa" free="414720" total="414720" percent="100" />
    </mem>
  </mem-info>
</gc-start>
<allocation-stats totalBytes="23014088" >
  <allocated-bytes non-tlh="0" tlh="23014088" />
  <largest-consumer threadName="main" threadId="0000000001DD0F00" bytes="23014088" />
</allocation-stats>
<gc-op id="1640" type="mark" timems="9.647" contextid="1637" timestamp="2019-08-08T00:00:12.050">
  <trace-info objectcount="600507" scancount="521393" scanbytes="13383112" />
  <finalization candidates="80" enqueued="0" />
  <ownableSynchronizers candidates="21" cleared="0" />
  <references type="soft" candidates="3261" cleared="0" enqueued="0" dynamicThreshold="18" maxThreshold="32" />
  <references type="weak" candidates="5586" cleared="0" enqueued="0" />
  <references type="phantom" candidates="97" cleared="0" enqueued="0" />
  <stringconstants candidates="13595" cleared="0"  />
</gc-op>
<gc-op id="1641" type="sweep" timems="1.807" contextid="1637" timestamp="2019-08-08T00:00:12.052" />
<mem-info id="1642" free="23507320" total="41484288" percent="56">
  <mem type="tenure" free="23507320" total="41484288" percent="56" micro-fragmented="0" macro-fragmented="0">
    <mem type="soa" free="23092600" total="41069568" percent="56" />
    <mem type="loa" free="414720" total="414720" percent="100" />
  </mem>
</mem-info>
<gc-op id="1643" type="compact" timems="26.763" contextid="1637" timestamp="2019-08-08T00:00:12.078">
  <compact-info movecount="2" movebytes="56" reason="compact to aid heap contraction" />
</gc-op>
<heap-resize id="1644" type="expand" space="tenure" amount="327680" count="1" timems="0.018" reason="satisfy allocation request" timestamp="2019-08-08T00:00:12.079" />
<gc-end id="1645" type="global" contextid="1637" durationms="38.931" usertimems="80.033" systemtimems="0.000" timestamp="2019-08-08T00:00:12.079" activeThreads="16">
  <mem-info id="1646" free="23769936" total="41811968" percent="56">
    <mem type="tenure" free="23769936" total="41811968" percent="56">
      <mem type="soa" free="23352144" total="41394176" percent="56" />
      <mem type="loa" free="417792" total="417792" percent="100" />
    </mem>
  </mem-info>
</gc-end>
<cycle-end id="1647" type="global" contextid="1637" timestamp="2019-08-08T00:00:12.079" />
  <attribute name="elasticGC enabled" value="1" />
  <attribute name= "numThreadsSpecified" value="16" />
  <attribute name="heapSize specified" value="41484288" />
  <attribute name="Current GC Util" value="44" />
  <attribute name= "Current Time Running" value="131001" />
  <attribute name ="GC Interval" value="0" />
  <attribute name="Target GC Util Change" value ="80.000000" />
  <attribute name="Current GC Util Change" value="44.000000"/>
  <attribute name="Current Error" value="36.000000" />
  <attribute name="Output H" value="41787168"/>
  <attribute name="Output I" value="2200"/>
  <attribute name="Output T" value="16"/>
  <attribute name= "Current Time Running" value="131001" />
  <attribute name="GC Util currently" value="44" />
  <attribute name="CPU Util currently" value="43193405532" />
<allocation-satisfied id="1648" threadId="0000000001DD0F00" bytesRequested="1168" />
<af-end id="1649" timestamp="2019-08-08T00:00:12.079" threadId="0000000001DD1888" success="true" />
<exclusive-end id="1650" timestamp="2019-08-08T00:00:12.079" durationms="39.154" />

<exclusive-start id="1651" timestamp="2019-08-08T00:00:12.084" intervalms="44.412">
  <response-info timems="0.044" idlems="0.044" threads="0" lastid="0000000001DD0F00" lastname="main" />
</exclusive-start>
<af-start id="1652" threadId="0000000001DD1888" totalBytesRequested="1168" timestamp="2019-08-08T00:00:12.084" intervalms="44.414" />
<cycle-start id="1653" type="global" contextid="0" timestamp="2019-08-08T00:00:12.084" intervalms="44.416" />
<gc-start id="1654" type="global" contextid="1653" timestamp="2019-08-08T00:00:12.084">
  <mem-info id="1655" free="417792" total="41811968" percent="0">
    <mem type="tenure" free="417792" total="41811968" percent="0">
      <mem type="soa" free="0" total="41394176" percent="0" />
      <mem type="loa" free="417792" total="417792" percent="100" />
    </mem>
  </mem-info>
</gc-start>
<allocation-stats totalBytes="23338248" >
  <allocated-bytes non-tlh="0" tlh="23338248" />
  <largest-consumer threadName="main" threadId="0000000001DD0F00" bytes="23338248" />
</allocation-stats>
<gc-op id="1656" type="mark" timems="7.568" contextid="1653" timestamp="2019-08-08T00:00:12.092">
  <trace-info objectcount="600507" scancount="521393" scanbytes="13383112" />
  <finalization candidates="80" enqueued="0" />
  <ownableSynchronizers candidates="21" cleared="0" />
  <references type="soft" candidates="3261" cleared="0" enqueued="0" dynamicThreshold="18" maxThreshold="32" />
  <references type="weak" candidates="5586" cleared="0" enqueued="0" />
  <references type="phantom" candidates="97" cleared="0" enqueued="0" />
  <stringconstants candidates="13595" cleared="0"  />
</gc-op>
<gc-op id="1657" type="sweep" timems="1.568" contextid="1653" timestamp="2019-08-08T00:00:12.094" />
<mem-info id="1658" free="23835392" total="41811968" percent="57">
  <mem type="tenure" free="23835392" total="41811968" percent="57" micro-fragmented="0" macro-fragmented="0">
    <mem type="soa" free="23417600" total="41394176" percent="56" />
    <mem type="loa" free="417792" total="417792" percent="100" />
  </mem>
</mem-info>
<gc-op id="1659" type="compact" timems="28.589" contextid="1653" timestamp="2019-08-08T00:00:12.122">
  <compact-info movecount="2" movebytes="56" reason="compact to aid heap contraction" />
</gc-op>
<heap-resize id="1660" type="expand" space="tenure" amount="327680" count="1" timems="0.018" reason="satisfy allocation request" timestamp="2019-08-08T00:00:12.123" />
<gc-end id="1661" type="global" contextid="1653" durationms="38.699" usertimems="80.176" systemtimems="0.000" timestamp="2019-08-08T00:00:12.123" activeThreads="16">
  <mem-info id="1662" free="24097616" total="42139648" percent="57">
    <mem type="tenure" free="24097616" total="42139648" percent="57">
      <mem type="soa" free="23676752" total="41718784" percent="56" />
      <mem type="loa" free="420864" total="420864" percent="100" />
    </mem>
  </mem-info>
</gc-end>
<cycle-end id="1663" type="global" contextid="1653" timestamp="2019-08-08T00:00:12.123" />
  <attribute name="elasticGC enabled" value="1" />
  <attribute name= "numThreadsSpecified" value="16" />
  <attribute name="heapSize specified" value="41811968" />
  <attribute name="Current GC Util" value="33" />
  <attribute name= "Current Time Running" value="131045" />
  <attribute name ="GC Interval" value="0" />
  <attribute name="Target GC Util Change" value ="80.000000" />
  <attribute name="Current GC Util Change" value="33.000000"/>
  <attribute name="Current Error" value="-762.000000" />
  <attribute name="Output H" value="42111168"/>
  <attribute name="Output I" value="200"/>
  <attribute name="Output T" value="16"/>
  <attribute name= "Current Time Running" value="131045" />
  <attribute name="GC Util currently" value="33" />
  <attribute name="CPU Util currently" value="40272240971" />
<allocation-satisfied id="1664" threadId="0000000001DD0F00" bytesRequested="1168" />
<af-end id="1665" timestamp="2019-08-08T00:00:12.123" threadId="0000000001DD1888" success="true" />
<exclusive-end id="1666" timestamp="2019-08-08T00:00:12.123" durationms="38.936" />

<exclusive-start id="1667" timestamp="2019-08-08T00:00:12.129" intervalms="44.263">
  <response-info timems="0.043" idlems="0.043" threads="0" lastid="0000000001DD0F00" lastname="main" />
</exclusive-start>
<af-start id="1668" threadId="0000000001DD1888" totalBytesRequested="1168" timestamp="2019-08-08T00:00:12.129" intervalms="44.257" />
<cycle-start id="1669" type="global" contextid="0" timestamp="2019-08-08T00:00:12.129" intervalms="44.249" />
<gc-start id="1670" type="global" contextid="1669" timestamp="2019-08-08T00:00:12.129">
  <mem-info id="1671" free="420864" total="42139648" percent="0">
    <mem type="tenure" free="420864" total="42139648" percent="0">
      <mem type="soa" free="0" total="41718784" percent="0" />
      <mem type="loa" free="420864" total="420864" percent="100" />
    </mem>
  </mem-info>
</gc-start>
<allocation-stats totalBytes="23661152" >
  <allocated-bytes non-tlh="0" tlh="23661152" />
  <largest-consumer threadName="main" threadId="0000000001DD0F00" bytes="23661152" />
</allocation-stats>
<gc-op id="1672" type="mark" timems="8.065" contextid="1669" timestamp="2019-08-08T00:00:12.137">
  <trace-info objectcount="600507" scancount="521398" scanbytes="13383112" />
  <finalization candidates="80" enqueued="0" />
  <ownableSynchronizers candidates="21" cleared="0" />
  <references type="soft" candidates="3261" cleared="0" enqueued="0" dynamicThreshold="18" maxThreshold="32" />
  <references type="weak" candidates="5586" cleared="0" enqueued="0" />
  <references type="phantom" candidates="97" cleared="0" enqueued="0" />
  <stringconstants candidates="13595" cleared="0"  />
</gc-op>
<gc-op id="1673" type="sweep" timems="1.432" contextid="1669" timestamp="2019-08-08T00:00:12.138" />
<mem-info id="1674" free="24162664" total="42139648" percent="57">
  <mem type="tenure" free="24162664" total="42139648" percent="57" micro-fragmented="0" macro-fragmented="0">
    <mem type="soa" free="23741800" total="41718784" percent="56" />
    <mem type="loa" free="420864" total="420864" percent="100" />
  </mem>
</mem-info>
<gc-op id="1675" type="compact" timems="27.408" contextid="1669" timestamp="2019-08-08T00:00:12.166">
  <compact-info movecount="2" movebytes="56" reason="compact to aid heap contraction" />
</gc-op>
<heap-resize id="1676" type="expand" space="tenure" amount="327680" count="1" timems="0.017" reason="satisfy allocation request" timestamp="2019-08-08T00:00:12.167" />
<gc-end id="1677" type="global" contextid="1669" durationms="38.217" usertimems="80.474" systemtimems="0.000" timestamp="2019-08-08T00:00:12.167" activeThreads="16">
  <mem-info id="1678" free="24425296" total="42467328" percent="57">
    <mem type="tenure" free="24425296" total="42467328" percent="57">
      <mem type="soa" free="24001360" total="42043392" percent="57" />
      <mem type="loa" free="423936" total="423936" percent="100" />
    </mem>
  </mem-info>
</gc-end>
<cycle-end id="1679" type="global" contextid="1669" timestamp="2019-08-08T00:00:12.167" />
  <attribute name="elasticGC enabled" value="1" />
  <attribute name= "numThreadsSpecified" value="16" />
  <attribute name="heapSize specified" value="42139648" />
  <attribute name="Current GC Util" value="31" />
  <attribute name= "Current Time Running" value="131089" />
  <attribute name ="GC Interval" value="0" />
  <attribute name="Target GC Util Change" value ="80.000000" />
  <attribute name="Current GC Util Change" value="31.000000"/>
  <attribute name="Current Error" value="-382.000000" />
  <attribute name="Output H" value="42440600"/>
  <attribute name="Output I" value="200"/>
  <attribute name="Output T" value="16"/>
  <attribute name= "Current Time Running" value="131089" />
  <attribute name="GC Util currently" value="31" />
  <attribute name="CPU Util currently" value="42029348993" />
<allocation-satisfied id="1680" threadId="0000000001DD0F00" bytesRequested="1168" />
<af-end id="1681" timestamp="2019-08-08T00:00:12.167" threadId="0000000001DD1888" success="true" />
<exclusive-end id="1682" timestamp="2019-08-08T00:00:12.167" durationms="38.410" />

<exclusive-start id="1683" timestamp="2019-08-08T00:00:12.172" intervalms="43.828">
  <response-info timems="0.041" idlems="0.041" threads="0" lastid="0000000001DD0F00" lastname="main" />
</exclusive-start>
<af-start id="1684" threadId="0000000001DD1888" totalBytesRequested="1168" timestamp="2019-08-08T00:00:12.172" intervalms="43.831" />
<cycle-start id="1685" type="global" contextid="0" timestamp="2019-08-08T00:00:12.172" intervalms="43.832" />
<gc-start id="1686" type="global" contextid="1685" timestamp="2019-08-08T00:00:12.173">
  <mem-info id="1687" free="423936" total="42467328" percent="0">
    <mem type="tenure" free="423936" total="42467328" percent="0">
      <mem type="soa" free="0" total="42043392" percent="0" />
      <mem type="loa" free="423936" total="423936" percent="100" />
    </mem>
  </mem-info>
</gc-start>
<allocation-stats totalBytes="23985288" >
  <allocated-bytes non-tlh="0" tlh="23985288" />
  <largest-consumer threadName="main" threadId="0000000001DD0F00" bytes="23985288" />
</allocation-stats>
<gc-op id="1688" type="mark" timems="12.091" contextid="1685" timestamp="2019-08-08T00:00:12.185">
  <trace-info objectcount="600507" scancount="521390" scanbytes="13383112" />
  <finalization candidates="80" enqueued="0" />
  <ownableSynchronizers candidates="21" cleared="0" />
  <references type="soft" candidates="3261" cleared="0" enqueued="0" dynamicThreshold="18" maxThreshold="32" />
  <references type="weak" candidates="5586" cleared="0" enqueued="0" />
  <references type="phantom" candidates="97" cleared="0" enqueued="0" />
  <stringconstants candidates="13595" cleared="0"  />
</gc-op>
<gc-op id="1689" type="sweep" timems="1.419" contextid="1685" timestamp="2019-08-08T00:00:12.186" />
<mem-info id="1690" free="24490736" total="42467328" percent="57">
  <mem type="tenure" free="24490736" total="42467328" percent="57" micro-fragmented="0" macro-fragmented="0">
    <mem type="soa" free="24066800" total="42043392" percent="57" />
    <mem type="loa" free="423936" total="423936" percent="100" />
  </mem>
</mem-info>
<gc-op id="1691" type="compact" timems="30.623" contextid="1685" timestamp="2019-08-08T00:00:12.217">
  <compact-info movecount="2" movebytes="56" reason="compact to aid heap contraction" />
</gc-op>
<heap-resize id="1692" type="expand" space="tenure" amount="327680" count="1" timems="0.021" reason="satisfy allocation request" timestamp="2019-08-08T00:00:12.218" />
<gc-end id="1693" type="global" contextid="1685" durationms="46.004" usertimems="104.151" systemtimems="0.000" timestamp="2019-08-08T00:00:12.219" activeThreads="16">
  <mem-info id="1694" free="24752976" total="42795008" percent="57">
    <mem type="tenure" free="24752976" total="42795008" percent="57">
      <mem type="soa" free="24325968" total="42368000" percent="57" />
      <mem type="loa" free="427008" total="427008" percent="100" />
    </mem>
  </mem-info>
</gc-end>
<cycle-end id="1695" type="global" contextid="1685" timestamp="2019-08-08T00:00:12.219" />
  <attribute name="elasticGC enabled" value="1" />
  <attribute name= "numThreadsSpecified" value="16" />
  <attribute name="heapSize specified" value="42467328" />
  <attribute name="Current GC Util" value="23" />
  <attribute name= "Current Time Running" value="131140" />
  <attribute name ="GC Interval" value="0" />
  <attribute name="Target GC Util Change" value ="80.000000" />
  <attribute name="Current GC Util Change" value="23.000000"/>
  <attribute name="Current Error" value="57.000000" />
  <attribute name="Output H" value="42770304"/>
  <attribute name="Output I" value="2304"/>
  <attribute name="Output T" value="16"/>
  <attribute name= "Current Time Running" value="131140" />
  <attribute name="GC Util currently" value="23" />
  <attribute name="CPU Util currently" value="37600232260" />
<allocation-satisfied id="1696" threadId="0000000001DD0F00" bytesRequested="1168" />
<af-end id="1697" timestamp="2019-08-08T00:00:12.219" threadId="0000000001DD1888" success="true" />
<exclusive-end id="1698" timestamp="2019-08-08T00:00:12.219" durationms="46.309" />

<exclusive-start id="1699" timestamp="2019-08-08T00:00:12.225" intervalms="52.386">
  <response-info timems="0.033" idlems="0.033" threads="0" lastid="0000000001DD0F00" lastname="main" />
</exclusive-start>
<af-start id="1700" threadId="0000000001DD1888" totalBytesRequested="1168" timestamp="2019-08-08T00:00:12.225" intervalms="52.409" />
<cycle-start id="1701" type="global" contextid="0" timestamp="2019-08-08T00:00:12.225" intervalms="52.411" />
<gc-start id="1702" type="global" contextid="1701" timestamp="2019-08-08T00:00:12.225">
  <mem-info id="1703" free="427008" total="42795008" percent="0">
    <mem type="tenure" free="427008" total="42795008" percent="0">
      <mem type="soa" free="0" total="42368000" percent="0" />
      <mem type="loa" free="427008" total="427008" percent="100" />
    </mem>
  </mem-info>
</gc-start>
<allocation-stats totalBytes="24308216" >
  <allocated-bytes non-tlh="0" tlh="24308216" />
  <largest-consumer threadName="main" threadId="0000000001DD0F00" bytes="24308216" />
</allocation-stats>
<gc-op id="1704" type="mark" timems="10.274" contextid="1701" timestamp="2019-08-08T00:00:12.235">
  <trace-info objectcount="600507" scancount="521392" scanbytes="13383112" />
  <finalization candidates="80" enqueued="0" />
  <ownableSynchronizers candidates="21" cleared="0" />
  <references type="soft" candidates="3261" cleared="0" enqueued="0" dynamicThreshold="18" maxThreshold="32" />
  <references type="weak" candidates="5586" cleared="0" enqueued="0" />
  <references type="phantom" candidates="97" cleared="0" enqueued="0" />
  <stringconstants candidates="13595" cleared="0"  />
</gc-op>
<gc-op id="1705" type="sweep" timems="1.545" contextid="1701" timestamp="2019-08-08T00:00:12.237" />
<mem-info id="1706" free="24818008" total="42795008" percent="57">
  <mem type="tenure" free="24818008" total="42795008" percent="57" micro-fragmented="0" macro-fragmented="0">
    <mem type="soa" free="24391000" total="42368000" percent="57" />
    <mem type="loa" free="427008" total="427008" percent="100" />
  </mem>
</mem-info>
<gc-op id="1707" type="compact" timems="35.542" contextid="1701" timestamp="2019-08-08T00:00:12.272">
  <compact-info movecount="2" movebytes="56" reason="compact to aid heap contraction" />
</gc-op>
<heap-resize id="1708" type="expand" space="tenure" amount="327680" count="1" timems="0.343" reason="satisfy allocation request" timestamp="2019-08-08T00:00:12.275" />
<gc-end id="1709" type="global" contextid="1701" durationms="50.117" usertimems="105.735" systemtimems="0.000" timestamp="2019-08-08T00:00:12.275" activeThreads="16">
  <mem-info id="1710" free="25080656" total="43122688" percent="58">
    <mem type="tenure" free="25080656" total="43122688" percent="58">
      <mem type="soa" free="24649552" total="42691584" percent="57" />
      <mem type="loa" free="431104" total="431104" percent="100" />
    </mem>
  </mem-info>
</gc-end>
<cycle-end id="1711" type="global" contextid="1701" timestamp="2019-08-08T00:00:12.275" />
  <attribute name="elasticGC enabled" value="1" />
  <attribute name= "numThreadsSpecified" value="16" />
  <attribute name="heapSize specified" value="42795008" />
  <attribute name="Current GC Util" value="29" />
  <attribute name= "Current Time Running" value="131196" />
  <attribute name ="GC Interval" value="0" />
  <attribute name="Target GC Util Change" value ="80.000000" />
  <attribute name="Current GC Util Change" value="29.000000"/>
  <attribute name="Current Error" value="-742.000000" />
  <attribute name="Output H" value="43094296"/>
  <attribute name="Output I" value="200"/>
  <attribute name="Output T" value="16"/>
  <attribute name= "Current Time Running" value="131196" />
  <attribute name="GC Util currently" value="29" />
  <attribute name="CPU Util currently" value="32314297919" />
<allocation-satisfied id="1712" threadId="0000000001DD0F00" bytesRequested="1168" />
<af-end id="1713" timestamp="2019-08-08T00:00:12.275" threadId="0000000001DD1888" success="true" />
<exclusive-end id="1714" timestamp="2019-08-08T00:00:12.275" durationms="50.360" />

<exclusive-start id="1715" timestamp="2019-08-08T00:00:12.281" intervalms="56.112">
  <response-info timems="0.022" idlems="0.022" threads="0" lastid="0000000001DD0F00" lastname="main" />
</exclusive-start>
<af-start id="1716" threadId="0000000001DD1888" totalBytesRequested="1168" timestamp="2019-08-08T00:00:12.281" intervalms="56.076" />
<cycle-start id="1717" type="global" contextid="0" timestamp="2019-08-08T00:00:12.281" intervalms="56.078" />
<gc-start id="1718" type="global" contextid="1717" timestamp="2019-08-08T00:00:12.281">
  <mem-info id="1719" free="431104" total="43122688" percent="0">
    <mem type="tenure" free="431104" total="43122688" percent="0">
      <mem type="soa" free="0" total="42691584" percent="0" />
      <mem type="loa" free="431104" total="431104" percent="100" />
    </mem>
  </mem-info>
</gc-start>
<allocation-stats totalBytes="24631096" >
  <allocated-bytes non-tlh="0" tlh="24631096" />
  <largest-consumer threadName="main" threadId="0000000001DD0F00" bytes="24631096" />
</allocation-stats>
<gc-op id="1720" type="mark" timems="10.973" contextid="1717" timestamp="2019-08-08T00:00:12.292">
  <trace-info objectcount="600507" scancount="521393" scanbytes="13383112" />
  <finalization candidates="80" enqueued="0" />
  <ownableSynchronizers candidates="21" cleared="0" />
  <references type="soft" candidates="3261" cleared="0" enqueued="0" dynamicThreshold="18" maxThreshold="32" />
  <references type="weak" candidates="5586" cleared="0" enqueued="0" />
  <references type="phantom" candidates="97" cleared="0" enqueued="0" />
  <stringconstants candidates="13595" cleared="0"  />
</gc-op>
<gc-op id="1721" type="sweep" timems="1.629" contextid="1717" timestamp="2019-08-08T00:00:12.294" />
<mem-info id="1722" free="25145848" total="43122688" percent="58">
  <mem type="tenure" free="25145848" total="43122688" percent="58" micro-fragmented="0" macro-fragmented="0">
    <mem type="soa" free="24714744" total="42691584" percent="57" />
    <mem type="loa" free="431104" total="431104" percent="100" />
  </mem>
</mem-info>
<gc-op id="1723" type="compact" timems="35.004" contextid="1717" timestamp="2019-08-08T00:00:12.329">
  <compact-info movecount="2" movebytes="56" reason="compact to aid heap contraction" />
</gc-op>
<heap-resize id="1724" type="expand" space="tenure" amount="327680" count="1" timems="0.037" reason="satisfy allocation request" timestamp="2019-08-08T00:00:12.331" />
<gc-end id="1725" type="global" contextid="1717" durationms="50.202" usertimems="101.768" systemtimems="0.000" timestamp="2019-08-08T00:00:12.331" activeThreads="16">
  <mem-info id="1726" free="25408336" total="43450368" percent="58">
    <mem type="tenure" free="25408336" total="43450368" percent="58">
      <mem type="soa" free="24974160" total="43016192" percent="58" />
      <mem type="loa" free="434176" total="434176" percent="100" />
    </mem>
  </mem-info>
</gc-end>
<cycle-end id="1727" type="global" contextid="1717" timestamp="2019-08-08T00:00:12.331" />
  <attribute name="elasticGC enabled" value="1" />
  <attribute name= "numThreadsSpecified" value="16" />
  <attribute name="heapSize specified" value="43122688" />
  <attribute name="Current GC Util" value="36" />
  <attribute name= "Current Time Running" value="131252" />
  <attribute name ="GC Interval" value="0" />
  <attribute name="Target GC Util Change" value ="80.000000" />
  <attribute name="Current GC Util Change" value="36.000000"/>
  <attribute name="Current Error" value="-450.000000" />
  <attribute name="Output H" value="43423328"/>
  <attribute name="Output I" value="200"/>
  <attribute name="Output T" value="16"/>
  <attribute name= "Current Time Running" value="131252" />
  <attribute name="GC Util currently" value="36" />
  <attribute name="CPU Util currently" value="32751926048" />
<allocation-satisfied id="1728" threadId="0000000001DD0F00" bytesRequested="1168" />
<af-end id="1729" timestamp="2019-08-08T00:00:12.331" threadId="0000000001DD1888" success="true" />
<exclusive-end id="1730" timestamp="2019-08-08T00:00:12.331" durationms="50.391" />

<exclusive-start id="1731" timestamp="2019-08-08T00:00:12.339" intervalms="58.281">
  <response-info timems="0.174" idlems="0.174" threads="0" lastid="0000000001DD0F00" lastname="main" />
</exclusive-start>
<af-start id="1732" threadId="0000000001DD1888" totalBytesRequested="1168" timestamp="2019-08-08T00:00:12.339" intervalms="58.280" />
<cycle-start id="1733" type="global" contextid="0" timestamp="2019-08-08T00:00:12.339" intervalms="58.276" />
<gc-start id="1734" type="global" contextid="1733" timestamp="2019-08-08T00:00:12.339">
  <mem-info id="1735" free="434176" total="43450368" percent="0">
    <mem type="tenure" free="434176" total="43450368" percent="0">
      <mem type="soa" free="0" total="43016192" percent="0" />
      <mem type="loa" free="434176" total="434176" percent="100" />
    </mem>
  </mem-info>
</gc-start>
<allocation-stats totalBytes="24954024" >
  <allocated-bytes non-tlh="0" tlh="24954024" />
  <largest-consumer threadName="main" threadId="0000000001DD0F00" bytes="24954024" />
</allocation-stats>
<gc-op id="1736" type="mark" timems="14.305" contextid="1733" timestamp="2019-08-08T00:00:12.354">
  <trace-info objectcount="600507" scancount="521393" scanbytes="13383112" />
  <finalization candidates="80" enqueued="0" />
  <ownableSynchronizers candidates="21" cleared="0" />
  <references type="soft" candidates="3261" cleared="0" enqueued="0" dynamicThreshold="18" maxThreshold="32" />
  <references type="weak" candidates="5586" cleared="0" enqueued="0" />
  <references type="phantom" candidates="97" cleared="0" enqueued="0" />
  <stringconstants candidates="13595" cleared="0"  />
</gc-op>
<gc-op id="1737" type="sweep" timems="3.206" contextid="1733" timestamp="2019-08-08T00:00:12.357" />
<mem-info id="1738" free="25473120" total="43450368" percent="58">
  <mem type="tenure" free="25473120" total="43450368" percent="58" micro-fragmented="0" macro-fragmented="0">
    <mem type="soa" free="25038944" total="43016192" percent="58" />
    <mem type="loa" free="434176" total="434176" percent="100" />
  </mem>
</mem-info>
<gc-op id="1739" type="compact" timems="31.834" contextid="1733" timestamp="2019-08-08T00:00:12.389">
  <compact-info movecount="2" movebytes="56" reason="compact to aid heap contraction" />
</gc-op>
<heap-resize id="1740" type="expand" space="tenure" amount="327680" count="1" timems="0.018" reason="satisfy allocation request" timestamp="2019-08-08T00:00:12.389" />
<gc-end id="1741" type="global" contextid="1733" durationms="50.277" usertimems="80.908" systemtimems="0.000" timestamp="2019-08-08T00:00:12.390" activeThreads="16">
  <mem-info id="1742" free="25736016" total="43778048" percent="58">
    <mem type="tenure" free="25736016" total="43778048" percent="58">
      <mem type="soa" free="25298768" total="43340800" percent="58" />
      <mem type="loa" free="437248" total="437248" percent="100" />
    </mem>
  </mem-info>
</gc-end>
<cycle-end id="1743" type="global" contextid="1733" timestamp="2019-08-08T00:00:12.390" />
  <attribute name="elasticGC enabled" value="1" />
  <attribute name= "numThreadsSpecified" value="16" />
  <attribute name="heapSize specified" value="43450368" />
  <attribute name="Current GC Util" value="28" />
  <attribute name= "Current Time Running" value="131312" />
  <attribute name ="GC Interval" value="0" />
  <attribute name="Target GC Util Change" value ="80.000000" />
  <attribute name="Current GC Util Change" value="28.000000"/>
  <attribute name="Current Error" value="52.000000" />
  <attribute name="Output H" value="43753320"/>
  <attribute name="Output I" value="2280"/>
  <attribute name="Output T" value="16"/>
  <attribute name= "Current Time Running" value="131312" />
  <attribute name="GC Util currently" value="28" />
  <attribute name="CPU Util currently" value="36159986939" />
<allocation-satisfied id="1744" threadId="0000000001DD0F00" bytesRequested="1168" />
<af-end id="1745" timestamp="2019-08-08T00:00:12.390" threadId="0000000001DD1888" success="true" />
<exclusive-end id="1746" timestamp="2019-08-08T00:00:12.390" durationms="50.474" />

<exclusive-start id="1747" timestamp="2019-08-08T00:00:12.405" intervalms="65.431">
  <response-info timems="0.093" idlems="0.093" threads="0" lastid="0000000001DD0F00" lastname="main" />
</exclusive-start>
<af-start id="1748" threadId="0000000001DD1888" totalBytesRequested="1168" timestamp="2019-08-08T00:00:12.405" intervalms="65.441" />
<cycle-start id="1749" type="global" contextid="0" timestamp="2019-08-08T00:00:12.405" intervalms="65.441" />
<gc-start id="1750" type="global" contextid="1749" timestamp="2019-08-08T00:00:12.405">
  <mem-info id="1751" free="437248" total="43778048" percent="0">
    <mem type="tenure" free="437248" total="43778048" percent="0">
      <mem type="soa" free="0" total="43340800" percent="0" />
      <mem type="loa" free="437248" total="437248" percent="100" />
    </mem>
  </mem-info>
</gc-start>
<allocation-stats totalBytes="25202424" >
  <allocated-bytes non-tlh="0" tlh="25202424" />
  <largest-consumer threadName="main" threadId="0000000001DD0F00" bytes="25202424" />
</allocation-stats>
<gc-op id="1752" type="mark" timems="8.112" contextid="1749" timestamp="2019-08-08T00:00:12.413">
  <trace-info objectcount="600513" scancount="521400" scanbytes="13383264" />
  <finalization candidates="80" enqueued="0" />
  <ownableSynchronizers candidates="21" cleared="0" />
  <references type="soft" candidates="3261" cleared="0" enqueued="0" dynamicThreshold="18" maxThreshold="32" />
  <references type="weak" candidates="5586" cleared="0" enqueued="0" />
  <references type="phantom" candidates="97" cleared="0" enqueued="0" />
  <stringconstants candidates="13595" cleared="0"  />
</gc-op>
<gc-op id="1753" type="sweep" timems="1.990" contextid="1749" timestamp="2019-08-08T00:00:12.415" />
<mem-info id="1754" free="25800192" total="43778048" percent="58">
  <mem type="tenure" free="25800192" total="43778048" percent="58" micro-fragmented="0" macro-fragmented="0">
    <mem type="soa" free="25362944" total="43340800" percent="58" />
    <mem type="loa" free="437248" total="437248" percent="100" />
  </mem>
</mem-info>
<gc-op id="1755" type="compact" timems="34.969" contextid="1749" timestamp="2019-08-08T00:00:12.450">
  <compact-info movecount="28" movebytes="4984" reason="compact to aid heap contraction" />
</gc-op>
<heap-resize id="1756" type="expand" space="tenure" amount="327680" count="1" timems="0.026" reason="satisfy allocation request" timestamp="2019-08-08T00:00:12.451" />
<gc-end id="1757" type="global" contextid="1749" durationms="45.950" usertimems="123.819" systemtimems="0.000" timestamp="2019-08-08T00:00:12.451" activeThreads="16">
  <mem-info id="1758" free="26063536" total="44105728" percent="59">
    <mem type="tenure" free="26063536" total="44105728" percent="59">
      <mem type="soa" free="25623216" total="43665408" percent="58" />
      <mem type="loa" free="440320" total="440320" percent="100" />
    </mem>
  </mem-info>
</gc-end>
<cycle-end id="1759" type="global" contextid="1749" timestamp="2019-08-08T00:00:12.451" />
  <attribute name="elasticGC enabled" value="1" />
  <attribute name= "numThreadsSpecified" value="16" />
  <attribute name="heapSize specified" value="43778048" />
  <attribute name="Current GC Util" value="41" />
  <attribute name= "Current Time Running" value="131373" />
  <attribute name ="GC Interval" value="0" />
  <attribute name="Target GC Util Change" value ="80.000000" />
  <attribute name="Current GC Util Change" value="41.000000"/>
  <attribute name="Current Error" value="-492.000000" />
  <attribute name="Output H" value="44078488"/>
  <attribute name="Output I" value="200"/>
  <attribute name="Output T" value="16"/>
  <attribute name= "Current Time Running" value="131373" />
  <attribute name="GC Util currently" value="41" />
  <attribute name="CPU Util currently" value="33034139872" />
<allocation-satisfied id="1760" threadId="0000000001DD0F00" bytesRequested="1168" />
<af-end id="1761" timestamp="2019-08-08T00:00:12.451" threadId="0000000001DD1888" success="true" />
<exclusive-end id="1762" timestamp="2019-08-08T00:00:12.451" durationms="46.175" />

<exclusive-start id="1763" timestamp="2019-08-08T00:00:12.473" intervalms="68.030">
  <response-info timems="0.057" idlems="0.057" threads="0" lastid="0000000001DD0F00" lastname="main" />
</exclusive-start>
<af-start id="1764" threadId="0000000001DD1888" totalBytesRequested="1168" timestamp="2019-08-08T00:00:12.473" intervalms="68.036" />
<cycle-start id="1765" type="global" contextid="0" timestamp="2019-08-08T00:00:12.473" intervalms="68.043" />
<gc-start id="1766" type="global" contextid="1765" timestamp="2019-08-08T00:00:12.473">
  <mem-info id="1767" free="440320" total="44105728" percent="0">
    <mem type="tenure" free="440320" total="44105728" percent="0">
      <mem type="soa" free="0" total="43665408" percent="0" />
      <mem type="loa" free="440320" total="440320" percent="100" />
    </mem>
  </mem-info>
</gc-start>
<allocation-stats totalBytes="25519200" >
  <allocated-bytes non-tlh="0" tlh="25519200" />
  <largest-consumer threadName="main" threadId="0000000001DD0F00" bytes="25519200" />
</allocation-stats>
<gc-op id="1768" type="mark" timems="17.349" contextid="1765" timestamp="2019-08-08T00:00:12.490">
  <trace-info objectcount="600513" scancount="521401" scanbytes="13383264" />
  <finalization candidates="80" enqueued="0" />
  <ownableSynchronizers candidates="21" cleared="0" />
  <references type="soft" candidates="3261" cleared="0" enqueued="0" dynamicThreshold="18" maxThreshold="32" />
  <references type="weak" candidates="5586" cleared="0" enqueued="0" />
  <references type="phantom" candidates="97" cleared="0" enqueued="0" />
  <stringconstants candidates="13595" cleared="0"  />
</gc-op>
<gc-op id="1769" type="sweep" timems="3.677" contextid="1765" timestamp="2019-08-08T00:00:12.494" />
<mem-info id="1770" free="26128320" total="44105728" percent="59">
  <mem type="tenure" free="26128320" total="44105728" percent="59" micro-fragmented="0" macro-fragmented="0">
    <mem type="soa" free="25688000" total="43665408" percent="58" />
    <mem type="loa" free="440320" total="440320" percent="100" />
  </mem>
</mem-info>
<gc-op id="1771" type="compact" timems="28.761" contextid="1765" timestamp="2019-08-08T00:00:12.523">
  <compact-info movecount="1" movebytes="40" reason="compact to aid heap contraction" />
</gc-op>
<heap-resize id="1772" type="expand" space="tenure" amount="327680" count="1" timems="0.066" reason="satisfy allocation request" timestamp="2019-08-08T00:00:12.524" />
<gc-end id="1773" type="global" contextid="1765" durationms="50.783" usertimems="150.024" systemtimems="0.000" timestamp="2019-08-08T00:00:12.524" activeThreads="16">
  <mem-info id="1774" free="26391216" total="44433408" percent="59">
    <mem type="tenure" free="26391216" total="44433408" percent="59">
      <mem type="soa" free="25947824" total="43990016" percent="58" />
      <mem type="loa" free="443392" total="443392" percent="100" />
    </mem>
  </mem-info>
</gc-end>
<cycle-end id="1775" type="global" contextid="1765" timestamp="2019-08-08T00:00:12.524" />
  <attribute name="elasticGC enabled" value="1" />
  <attribute name= "numThreadsSpecified" value="16" />
  <attribute name="heapSize specified" value="44105728" />
  <attribute name="Current GC Util" value="53" />
  <attribute name= "Current Time Running" value="131446" />
  <attribute name ="GC Interval" value="0" />
  <attribute name="Target GC Util Change" value ="80.000000" />
  <attribute name="Current GC Util Change" value="53.000000"/>
  <attribute name="Current Error" value="-241.000000" />
  <attribute name="Output H" value="44407328"/>
  <attribute name="Output I" value="760"/>
  <attribute name="Output T" value="16"/>
  <attribute name= "Current Time Running" value="131446" />
  <attribute name="GC Util currently" value="53" />
  <attribute name="CPU Util currently" value="40034115782" />
<allocation-satisfied id="1776" threadId="0000000001DD0F00" bytesRequested="1168" />
<af-end id="1777" timestamp="2019-08-08T00:00:12.524" threadId="0000000001DD1888" success="true" />
<exclusive-end id="1778" timestamp="2019-08-08T00:00:12.524" durationms="51.028" />

<exclusive-start id="1779" timestamp="2019-08-08T00:00:12.550" intervalms="76.999">
  <response-info timems="0.149" idlems="0.149" threads="0" lastid="0000000001DD0F00" lastname="main" />
</exclusive-start>
<af-start id="1780" threadId="0000000001DD1888" totalBytesRequested="1168" timestamp="2019-08-08T00:00:12.550" intervalms="77.002" />
<cycle-start id="1781" type="global" contextid="0" timestamp="2019-08-08T00:00:12.550" intervalms="77.015" />
<gc-start id="1782" type="global" contextid="1781" timestamp="2019-08-08T00:00:12.550">
  <mem-info id="1783" free="443392" total="44433408" percent="0">
    <mem type="tenure" free="443392" total="44433408" percent="0">
      <mem type="soa" free="0" total="43990016" percent="0" />
      <mem type="loa" free="443392" total="443392" percent="100" />
    </mem>
  </mem-info>
</gc-start>
<allocation-stats totalBytes="25849088" >
  <allocated-bytes non-tlh="0" tlh="25849088" />
  <largest-consumer threadName="main" threadId="0000000001DD0F00" bytes="25849088" />
</allocation-stats>
<gc-op id="1784" type="mark" timems="14.118" contextid="1781" timestamp="2019-08-08T00:00:12.564">
  <trace-info objectcount="600514" scancount="521398" scanbytes="13383288" />
  <finalization candidates="80" enqueued="0" />
  <ownableSynchronizers candidates="21" cleared="0" />
  <references type="soft" candidates="3261" cleared="0" enqueued="0" dynamicThreshold="19" maxThreshold="32" />
  <references type="weak" candidates="5586" cleared="0" enqueued="0" />
  <references type="phantom" candidates="97" cleared="0" enqueued="0" />
  <stringconstants candidates="13595" cleared="0"  />
</gc-op>
<gc-op id="1785" type="sweep" timems="1.870" contextid="1781" timestamp="2019-08-08T00:00:12.566" />
<mem-info id="1786" free="26456408" total="44433408" percent="59">
  <mem type="tenure" free="26456408" total="44433408" percent="59" micro-fragmented="0" macro-fragmented="0">
    <mem type="soa" free="26013016" total="43990016" percent="59" />
    <mem type="loa" free="443392" total="443392" percent="100" />
  </mem>
</mem-info>
<gc-op id="1787" type="compact" timems="26.618" contextid="1781" timestamp="2019-08-08T00:00:12.593">
  <compact-info movecount="2" movebytes="64" reason="compact to aid heap contraction" />
</gc-op>
<heap-resize id="1788" type="expand" space="tenure" amount="327680" count="1" timems="0.018" reason="satisfy allocation request" timestamp="2019-08-08T00:00:12.593" />
<gc-end id="1789" type="global" contextid="1781" durationms="43.322" usertimems="105.640" systemtimems="0.000" timestamp="2019-08-08T00:00:12.593" activeThreads="16">
  <mem-info id="1790" free="26718872" total="44761088" percent="59">
    <mem type="tenure" free="26718872" total="44761088" percent="59">
      <mem type="soa" free="26271384" total="44313600" percent="59" />
      <mem type="loa" free="447488" total="447488" percent="100" />
    </mem>
  </mem-info>
</gc-end>
<cycle-end id="1791" type="global" contextid="1781" timestamp="2019-08-08T00:00:12.593" />
  <attribute name="elasticGC enabled" value="1" />
  <attribute name= "numThreadsSpecified" value="16" />
  <attribute name="heapSize specified" value="44433408" />
  <attribute name="Current GC Util" value="39" />
  <attribute name= "Current Time Running" value="131516" />
  <attribute name ="GC Interval" value="0" />
  <attribute name="Target GC Util Change" value ="80.000000" />
  <attribute name="Current GC Util Change" value="39.000000"/>
  <attribute name="Current Error" value="41.000000" />
  <attribute name="Output H" value="44736312"/>
  <attribute name="Output I" value="2224"/>
  <attribute name="Output T" value="16"/>
  <attribute name= "Current Time Running" value="131516" />
  <attribute name="GC Util currently" value="39" />
  <attribute name="CPU Util currently" value="43143508861" />
<allocation-satisfied id="1792" threadId="0000000001DD0F00" bytesRequested="1168" />
<af-end id="1793" timestamp="2019-08-08T00:00:12.593" threadId="0000000001DD1888" success="true" />
<exclusive-end id="1794" timestamp="2019-08-08T00:00:12.593" durationms="43.822" />

<exclusive-start id="1795" timestamp="2019-08-08T00:00:12.611" intervalms="60.967">
  <response-info timems="0.086" idlems="0.086" threads="0" lastid="0000000001DD0F00" lastname="main" />
</exclusive-start>
<af-start id="1796" threadId="0000000001DD1888" totalBytesRequested="1168" timestamp="2019-08-08T00:00:12.611" intervalms="60.980" />
<cycle-start id="1797" type="global" contextid="0" timestamp="2019-08-08T00:00:12.611" intervalms="60.958" />
<gc-start id="1798" type="global" contextid="1797" timestamp="2019-08-08T00:00:12.611">
  <mem-info id="1799" free="447488" total="44761088" percent="0">
    <mem type="tenure" free="447488" total="44761088" percent="0">
      <mem type="soa" free="0" total="44313600" percent="0" />
      <mem type="loa" free="447488" total="447488" percent="100" />
    </mem>
  </mem-info>
</gc-start>
<allocation-stats totalBytes="26171648" >
  <allocated-bytes non-tlh="0" tlh="26171648" />
  <largest-consumer threadName="main" threadId="0000000001DD0F00" bytes="26171648" />
</allocation-stats>
<gc-op id="1800" type="mark" timems="16.739" contextid="1797" timestamp="2019-08-08T00:00:12.627">
  <trace-info objectcount="600514" scancount="521403" scanbytes="13383288" />
  <finalization candidates="80" enqueued="0" />
  <ownableSynchronizers candidates="21" cleared="0" />
  <references type="soft" candidates="3261" cleared="0" enqueued="0" dynamicThreshold="19" maxThreshold="32" />
  <references type="weak" candidates="5586" cleared="0" enqueued="0" />
  <references type="phantom" candidates="97" cleared="0" enqueued="0" />
  <stringconstants candidates="13595" cleared="0"  />
</gc-op>
<gc-op id="1801" type="sweep" timems="1.811" contextid="1797" timestamp="2019-08-08T00:00:12.629" />
<mem-info id="1802" free="26783752" total="44761088" percent="59">
  <mem type="tenure" free="26783752" total="44761088" percent="59" micro-fragmented="0" macro-fragmented="0">
    <mem type="soa" free="26336264" total="44313600" percent="59" />
    <mem type="loa" free="447488" total="447488" percent="100" />
  </mem>
</mem-info>
<gc-op id="1803" type="compact" timems="28.246" contextid="1797" timestamp="2019-08-08T00:00:12.658">
  <compact-info movecount="2" movebytes="64" reason="compact to aid heap contraction" />
</gc-op>
<heap-resize id="1804" type="expand" space="tenure" amount="327680" count="1" timems="0.016" reason="satisfy allocation request" timestamp="2019-08-08T00:00:12.658" />
<gc-end id="1805" type="global" contextid="1797" durationms="47.564" usertimems="111.820" systemtimems="0.000" timestamp="2019-08-08T00:00:12.658" activeThreads="16">
  <mem-info id="1806" free="27046552" total="45088768" percent="59">
    <mem type="tenure" free="27046552" total="45088768" percent="59">
      <mem type="soa" free="26595992" total="44638208" percent="59" />
      <mem type="loa" free="450560" total="450560" percent="100" />
    </mem>
  </mem-info>
</gc-end>
<cycle-end id="1807" type="global" contextid="1797" timestamp="2019-08-08T00:00:12.658" />
  <attribute name="elasticGC enabled" value="1" />
  <attribute name= "numThreadsSpecified" value="16" />
  <attribute name="heapSize specified" value="44761088" />
  <attribute name="Current GC Util" value="38" />
  <attribute name= "Current Time Running" value="131581" />
  <attribute name ="GC Interval" value="0" />
  <attribute name="Target GC Util Change" value ="80.000000" />
  <attribute name="Current GC Util Change" value="38.000000"/>
  <attribute name="Current Error" value="-326.000000" />
  <attribute name="Output H" value="45062296"/>
  <attribute name="Output I" value="320"/>
  <attribute name="Output T" value="16"/>
  <attribute name= "Current Time Running" value="131581" />
  <attribute name="GC Util currently" value="38" />
  <attribute name="CPU Util currently" value="40761963405" />
<allocation-satisfied id="1808" threadId="0000000001DD0F00" bytesRequested="1168" />
<af-end id="1809" timestamp="2019-08-08T00:00:12.658" threadId="0000000001DD1888" success="true" />
<exclusive-end id="1810" timestamp="2019-08-08T00:00:12.658" durationms="47.847" />

<exclusive-start id="1811" timestamp="2019-08-08T00:00:12.684" intervalms="73.615">
  <response-info timems="0.094" idlems="0.094" threads="0" lastid="0000000001DD0F00" lastname="main" />
</exclusive-start>
<af-start id="1812" threadId="0000000001DD1888" totalBytesRequested="1168" timestamp="2019-08-08T00:00:12.684" intervalms="73.622" />
<cycle-start id="1813" type="global" contextid="0" timestamp="2019-08-08T00:00:12.684" intervalms="73.636" />
<gc-start id="1814" type="global" contextid="1813" timestamp="2019-08-08T00:00:12.684">
  <mem-info id="1815" free="450560" total="45088768" percent="0">
    <mem type="tenure" free="450560" total="45088768" percent="0">
      <mem type="soa" free="0" total="44638208" percent="0" />
      <mem type="loa" free="450560" total="450560" percent="100" />
    </mem>
  </mem-info>
</gc-start>
<allocation-stats totalBytes="26494192" >
  <allocated-bytes non-tlh="0" tlh="26494192" />
  <largest-consumer threadName="main" threadId="0000000001DD0F00" bytes="26494192" />
</allocation-stats>
<gc-op id="1816" type="mark" timems="10.743" contextid="1813" timestamp="2019-08-08T00:00:12.695">
  <trace-info objectcount="600514" scancount="521397" scanbytes="13383288" />
  <finalization candidates="80" enqueued="0" />
  <ownableSynchronizers candidates="21" cleared="0" />
  <references type="soft" candidates="3261" cleared="0" enqueued="0" dynamicThreshold="19" maxThreshold="32" />
  <references type="weak" candidates="5586" cleared="0" enqueued="0" />
  <references type="phantom" candidates="97" cleared="0" enqueued="0" />
  <stringconstants candidates="13595" cleared="0"  />
</gc-op>
<gc-op id="1817" type="sweep" timems="3.375" contextid="1813" timestamp="2019-08-08T00:00:12.699" />
<mem-info id="1818" free="27112088" total="45088768" percent="60">
  <mem type="tenure" free="27112088" total="45088768" percent="60" micro-fragmented="0" macro-fragmented="0">
    <mem type="soa" free="26661528" total="44638208" percent="59" />
    <mem type="loa" free="450560" total="450560" percent="100" />
  </mem>
</mem-info>
<gc-op id="1819" type="compact" timems="25.756" contextid="1813" timestamp="2019-08-08T00:00:12.724">
  <compact-info movecount="2" movebytes="64" reason="compact to aid heap contraction" />
</gc-op>
<heap-resize id="1820" type="expand" space="tenure" amount="327680" count="1" timems="0.069" reason="satisfy allocation request" timestamp="2019-08-08T00:00:12.725" />
<gc-end id="1821" type="global" contextid="1813" durationms="40.928" usertimems="127.132" systemtimems="0.000" timestamp="2019-08-08T00:00:12.725" activeThreads="16">
  <mem-info id="1822" free="27374232" total="45416448" percent="60">
    <mem type="tenure" free="27374232" total="45416448" percent="60">
      <mem type="soa" free="26920600" total="44962816" percent="59" />
      <mem type="loa" free="453632" total="453632" percent="100" />
    </mem>
  </mem-info>
</gc-end>
<cycle-end id="1823" type="global" contextid="1813" timestamp="2019-08-08T00:00:12.725" />
  <attribute name="elasticGC enabled" value="1" />
  <attribute name= "numThreadsSpecified" value="16" />
  <attribute name="heapSize specified" value="45088768" />
  <attribute name="Current GC Util" value="35" />
  <attribute name= "Current Time Running" value="131647" />
  <attribute name ="GC Interval" value="0" />
  <attribute name="Target GC Util Change" value ="80.000000" />
  <attribute name="Current GC Util Change" value="35.000000"/>
  <attribute name="Current Error" value="-328.000000" />
  <attribute name="Output H" value="45389968"/>
  <attribute name="Output I" value="304"/>
  <attribute name="Output T" value="16"/>
  <attribute name= "Current Time Running" value="131647" />
  <attribute name="GC Util currently" value="35" />
  <attribute name="CPU Util currently" value="44685230431" />
<allocation-satisfied id="1824" threadId="0000000001DD0F00" bytesRequested="1168" />
<af-end id="1825" timestamp="2019-08-08T00:00:12.725" threadId="0000000001DD1888" success="true" />
<exclusive-end id="1826" timestamp="2019-08-08T00:00:12.725" durationms="41.199" />

<exclusive-start id="1827" timestamp="2019-08-08T00:00:12.747" intervalms="63.256">
  <response-info timems="0.019" idlems="0.019" threads="0" lastid="0000000001DD0F00" lastname="main" />
</exclusive-start>
<af-start id="1828" threadId="0000000001DD1888" totalBytesRequested="1168" timestamp="2019-08-08T00:00:12.747" intervalms="63.221" />
<cycle-start id="1829" type="global" contextid="0" timestamp="2019-08-08T00:00:12.748" intervalms="63.228" />
<gc-start id="1830" type="global" contextid="1829" timestamp="2019-08-08T00:00:12.748">
  <mem-info id="1831" free="453632" total="45416448" percent="0">
    <mem type="tenure" free="453632" total="45416448" percent="0">
      <mem type="soa" free="0" total="44962816" percent="0" />
      <mem type="loa" free="453632" total="453632" percent="100" />
    </mem>
  </mem-info>
</gc-start>
<allocation-stats totalBytes="26816688" >
  <allocated-bytes non-tlh="0" tlh="26816688" />
  <largest-consumer threadName="main" threadId="0000000001DD0F00" bytes="26816688" />
</allocation-stats>
<gc-op id="1832" type="mark" timems="11.236" contextid="1829" timestamp="2019-08-08T00:00:12.759">
  <trace-info objectcount="600514" scancount="521404" scanbytes="13383288" />
  <finalization candidates="80" enqueued="0" />
  <ownableSynchronizers candidates="21" cleared="0" />
  <references type="soft" candidates="3261" cleared="0" enqueued="0" dynamicThreshold="19" maxThreshold="32" />
  <references type="weak" candidates="5586" cleared="0" enqueued="0" />
  <references type="phantom" candidates="97" cleared="0" enqueued="0" />
  <stringconstants candidates="13595" cleared="0"  />
</gc-op>
<gc-op id="1833" type="sweep" timems="1.808" contextid="1829" timestamp="2019-08-08T00:00:12.761" />
<mem-info id="1834" free="27439056" total="45416448" percent="60">
  <mem type="tenure" free="27439056" total="45416448" percent="60" micro-fragmented="0" macro-fragmented="0">
    <mem type="soa" free="26985424" total="44962816" percent="60" />
    <mem type="loa" free="453632" total="453632" percent="100" />
  </mem>
</mem-info>
<gc-op id="1835" type="compact" timems="26.753" contextid="1829" timestamp="2019-08-08T00:00:12.788">
  <compact-info movecount="2" movebytes="64" reason="compact to aid heap contraction" />
</gc-op>
<heap-resize id="1836" type="expand" space="tenure" amount="327680" count="1" timems="0.018" reason="satisfy allocation request" timestamp="2019-08-08T00:00:12.788" />
<gc-end id="1837" type="global" contextid="1829" durationms="40.867" usertimems="91.417" systemtimems="0.000" timestamp="2019-08-08T00:00:12.788" activeThreads="16">
  <mem-info id="1838" free="27701912" total="45744128" percent="60">
    <mem type="tenure" free="27701912" total="45744128" percent="60">
      <mem type="soa" free="27245208" total="45287424" percent="60" />
      <mem type="loa" free="456704" total="456704" percent="100" />
    </mem>
  </mem-info>
</gc-end>
<cycle-end id="1839" type="global" contextid="1829" timestamp="2019-08-08T00:00:12.789" />
  <attribute name="elasticGC enabled" value="1" />
  <attribute name= "numThreadsSpecified" value="16" />
  <attribute name="heapSize specified" value="45416448" />
  <attribute name="Current GC Util" value="48" />
  <attribute name= "Current Time Running" value="131711" />
  <attribute name ="GC Interval" value="0" />
  <attribute name="Target GC Util Change" value ="80.000000" />
  <attribute name="Current GC Util Change" value="48.000000"/>
  <attribute name="Current Error" value="32.000000" />
  <attribute name="Output H" value="45719312"/>
  <attribute name="Output I" value="2176"/>
  <attribute name="Output T" value="16"/>
  <attribute name= "Current Time Running" value="131711" />
  <attribute name="GC Util currently" value="48" />
  <attribute name="CPU Util currently" value="43037921274" />
<allocation-satisfied id="1840" threadId="0000000001DD0F00" bytesRequested="1168" />
<af-end id="1841" timestamp="2019-08-08T00:00:12.789" threadId="0000000001DD1888" success="true" />
<exclusive-end id="1842" timestamp="2019-08-08T00:00:12.789" durationms="41.163" />

<exclusive-start id="1843" timestamp="2019-08-08T00:00:12.813" intervalms="65.472">
  <response-info timems="0.060" idlems="0.060" threads="0" lastid="0000000001DD0F00" lastname="main" />
</exclusive-start>
<af-start id="1844" threadId="0000000001DD1888" totalBytesRequested="1168" timestamp="2019-08-08T00:00:12.813" intervalms="65.481" />
<cycle-start id="1845" type="global" contextid="0" timestamp="2019-08-08T00:00:12.813" intervalms="65.485" />
<gc-start id="1846" type="global" contextid="1845" timestamp="2019-08-08T00:00:12.813">
  <mem-info id="1847" free="456704" total="45744128" percent="0">
    <mem type="tenure" free="456704" total="45744128" percent="0">
      <mem type="soa" free="0" total="45287424" percent="0" />
      <mem type="loa" free="456704" total="456704" percent="100" />
    </mem>
  </mem-info>
</gc-start>
<allocation-stats totalBytes="27140448" >
  <allocated-bytes non-tlh="0" tlh="27140448" />
  <largest-consumer threadName="main" threadId="0000000001DD0F00" bytes="27140448" />
</allocation-stats>
<gc-op id="1848" type="mark" timems="24.896" contextid="1845" timestamp="2019-08-08T00:00:12.838">
  <trace-info objectcount="600514" scancount="521401" scanbytes="13383288" />
  <finalization candidates="80" enqueued="0" />
  <ownableSynchronizers candidates="21" cleared="0" />
  <references type="soft" candidates="3261" cleared="0" enqueued="0" dynamicThreshold="19" maxThreshold="32" />
  <references type="weak" candidates="5586" cleared="0" enqueued="0" />
  <references type="phantom" candidates="97" cleared="0" enqueued="0" />
  <stringconstants candidates="13595" cleared="0"  />
</gc-op>
<gc-op id="1849" type="sweep" timems="9.601" contextid="1845" timestamp="2019-08-08T00:00:12.848" />
<mem-info id="1850" free="27766800" total="45744128" percent="60">
  <mem type="tenure" free="27766800" total="45744128" percent="60" micro-fragmented="0" macro-fragmented="0">
    <mem type="soa" free="27310096" total="45287424" percent="60" />
    <mem type="loa" free="456704" total="456704" percent="100" />
  </mem>
</mem-info>
<gc-op id="1851" type="compact" timems="39.491" contextid="1845" timestamp="2019-08-08T00:00:12.887">
  <compact-info movecount="2" movebytes="64" reason="compact to aid heap contraction" />
</gc-op>
<heap-resize id="1852" type="expand" space="tenure" amount="327680" count="1" timems="0.018" reason="satisfy allocation request" timestamp="2019-08-08T00:00:12.888" />
<gc-end id="1853" type="global" contextid="1845" durationms="74.992" usertimems="98.080" systemtimems="0.000" timestamp="2019-08-08T00:00:12.888" activeThreads="16">
  <mem-info id="1854" free="28029592" total="46071808" percent="60">
    <mem type="tenure" free="28029592" total="46071808" percent="60">
      <mem type="soa" free="27569816" total="45612032" percent="60" />
      <mem type="loa" free="459776" total="459776" percent="100" />
    </mem>
  </mem-info>
</gc-end>
<cycle-end id="1855" type="global" contextid="1845" timestamp="2019-08-08T00:00:12.888" />
  <attribute name="elasticGC enabled" value="1" />
  <attribute name= "numThreadsSpecified" value="16" />
  <attribute name="heapSize specified" value="45744128" />
  <attribute name="Current GC Util" value="62" />
  <attribute name= "Current Time Running" value="131811" />
  <attribute name ="GC Interval" value="0" />
  <attribute name="Target GC Util Change" value ="80.000000" />
  <attribute name="Current GC Util Change" value="62.000000"/>
  <attribute name="Current Error" value="94.000000" />
  <attribute name="Output H" value="46047280"/>
  <attribute name="Output I" value="2496"/>
  <attribute name="Output T" value="16"/>
  <attribute name= "Current Time Running" value="131811" />
  <attribute name="GC Util currently" value="62" />
  <attribute name="CPU Util currently" value="29137744039" />
<allocation-satisfied id="1856" threadId="0000000001DD0F00" bytesRequested="1168" />
<af-end id="1857" timestamp="2019-08-08T00:00:12.888" threadId="0000000001DD1888" success="true" />
<exclusive-end id="1858" timestamp="2019-08-08T00:00:12.888" durationms="75.465" />

<exclusive-start id="1859" timestamp="2019-08-08T00:00:12.901" intervalms="88.195">
  <response-info timems="0.123" idlems="0.123" threads="0" lastid="0000000001DD0F00" lastname="main" />
</exclusive-start>
<af-start id="1860" threadId="0000000001DD1888" totalBytesRequested="1168" timestamp="2019-08-08T00:00:12.901" intervalms="88.258" />
<cycle-start id="1861" type="global" contextid="0" timestamp="2019-08-08T00:00:12.901" intervalms="88.272" />
<gc-start id="1862" type="global" contextid="1861" timestamp="2019-08-08T00:00:12.901">
  <mem-info id="1863" free="459776" total="46071808" percent="0">
    <mem type="tenure" free="459776" total="46071808" percent="0">
      <mem type="soa" free="0" total="45612032" percent="0" />
      <mem type="loa" free="459776" total="459776" percent="100" />
    </mem>
  </mem-info>
</gc-start>
<allocation-stats totalBytes="27461752" >
  <allocated-bytes non-tlh="0" tlh="27461752" />
  <largest-consumer threadName="main" threadId="0000000001DD0F00" bytes="27461752" />
</allocation-stats>
<gc-op id="1864" type="mark" timems="18.354" contextid="1861" timestamp="2019-08-08T00:00:12.920">
  <trace-info objectcount="600514" scancount="521405" scanbytes="13383288" />
  <finalization candidates="80" enqueued="0" />
  <ownableSynchronizers candidates="21" cleared="0" />
  <references type="soft" candidates="3261" cleared="0" enqueued="0" dynamicThreshold="19" maxThreshold="32" />
  <references type="weak" candidates="5586" cleared="0" enqueued="0" />
  <references type="phantom" candidates="97" cleared="0" enqueued="0" />
  <stringconstants candidates="13595" cleared="0"  />
</gc-op>
<gc-op id="1865" type="sweep" timems="2.942" contextid="1861" timestamp="2019-08-08T00:00:12.923" />
<mem-info id="1866" free="28095128" total="46071808" percent="60">
  <mem type="tenure" free="28095128" total="46071808" percent="60" micro-fragmented="0" macro-fragmented="0">
    <mem type="soa" free="27635352" total="45612032" percent="60" />
    <mem type="loa" free="459776" total="459776" percent="100" />
  </mem>
</mem-info>
<gc-op id="1867" type="compact" timems="39.097" contextid="1861" timestamp="2019-08-08T00:00:12.962">
  <compact-info movecount="2" movebytes="64" reason="compact to aid heap contraction" />
</gc-op>
<heap-resize id="1868" type="expand" space="tenure" amount="327680" count="1" timems="0.020" reason="satisfy allocation request" timestamp="2019-08-08T00:00:12.963" />
<gc-end id="1869" type="global" contextid="1861" durationms="62.007" usertimems="156.723" systemtimems="0.000" timestamp="2019-08-08T00:00:12.963" activeThreads="16">
  <mem-info id="1870" free="28357272" total="46399488" percent="61">
    <mem type="tenure" free="28357272" total="46399488" percent="61">
      <mem type="soa" free="27893400" total="45935616" percent="60" />
      <mem type="loa" free="463872" total="463872" percent="100" />
    </mem>
  </mem-info>
</gc-end>
<cycle-end id="1871" type="global" contextid="1861" timestamp="2019-08-08T00:00:12.963" />
  <attribute name="elasticGC enabled" value="1" />
  <attribute name= "numThreadsSpecified" value="16" />
  <attribute name="heapSize specified" value="46071808" />
  <attribute name="Current GC Util" value="34" />
  <attribute name= "Current Time Running" value="131885" />
  <attribute name ="GC Interval" value="0" />
  <attribute name="Target GC Util Change" value ="80.000000" />
  <attribute name="Current GC Util Change" value="34.000000"/>
  <attribute name="Current Error" value="-161.000000" />
  <attribute name="Output H" value="46373784"/>
  <attribute name="Output I" value="1176"/>
  <attribute name="Output T" value="16"/>
  <attribute name= "Current Time Running" value="131885" />
  <attribute name="GC Util currently" value="34" />
  <attribute name="CPU Util currently" value="29416264975" />
<allocation-satisfied id="1872" threadId="0000000001DD0F00" bytesRequested="1168" />
<af-end id="1873" timestamp="2019-08-08T00:00:12.964" threadId="0000000001DD1888" success="true" />
<exclusive-end id="1874" timestamp="2019-08-08T00:00:12.964" durationms="62.458" />

<exclusive-start id="1875" timestamp="2019-08-08T00:00:12.985" intervalms="84.313">
  <response-info timems="0.103" idlems="0.103" threads="0" lastid="0000000001DD0F00" lastname="main" />
</exclusive-start>
<af-start id="1876" threadId="0000000001DD1888" totalBytesRequested="1168" timestamp="2019-08-08T00:00:12.986" intervalms="84.319" />
<cycle-start id="1877" type="global" contextid="0" timestamp="2019-08-08T00:00:12.986" intervalms="84.360" />
<gc-start id="1878" type="global" contextid="1877" timestamp="2019-08-08T00:00:12.986">
  <mem-info id="1879" free="463872" total="46399488" percent="0">
    <mem type="tenure" free="463872" total="46399488" percent="0">
      <mem type="soa" free="0" total="45935616" percent="0" />
      <mem type="loa" free="463872" total="463872" percent="100" />
    </mem>
  </mem-info>
</gc-start>
<allocation-stats totalBytes="27784272" >
  <allocated-bytes non-tlh="0" tlh="27784272" />
  <largest-consumer threadName="main" threadId="0000000001DD0F00" bytes="27784272" />
</allocation-stats>
<gc-op id="1880" type="mark" timems="17.433" contextid="1877" timestamp="2019-08-08T00:00:13.003">
  <trace-info objectcount="600514" scancount="521402" scanbytes="13383288" />
  <finalization candidates="80" enqueued="0" />
  <ownableSynchronizers candidates="21" cleared="0" />
  <references type="soft" candidates="3261" cleared="0" enqueued="0" dynamicThreshold="19" maxThreshold="32" />
  <references type="weak" candidates="5586" cleared="0" enqueued="0" />
  <references type="phantom" candidates="97" cleared="0" enqueued="0" />
  <stringconstants candidates="13595" cleared="0"  />
</gc-op>
<gc-op id="1881" type="sweep" timems="2.165" contextid="1877" timestamp="2019-08-08T00:00:13.006" />
<mem-info id="1882" free="28422808" total="46399488" percent="61">
  <mem type="tenure" free="28422808" total="46399488" percent="61" micro-fragmented="0" macro-fragmented="0">
    <mem type="soa" free="27958936" total="45935616" percent="60" />
    <mem type="loa" free="463872" total="463872" percent="100" />
  </mem>
</mem-info>
<gc-op id="1883" type="compact" timems="38.926" contextid="1877" timestamp="2019-08-08T00:00:13.045">
  <compact-info movecount="2" movebytes="64" reason="compact to aid heap contraction" />
</gc-op>
<heap-resize id="1884" type="expand" space="tenure" amount="327680" count="1" timems="0.023" reason="satisfy allocation request" timestamp="2019-08-08T00:00:13.045" />
<gc-end id="1885" type="global" contextid="1877" durationms="59.791" usertimems="148.816" systemtimems="0.000" timestamp="2019-08-08T00:00:13.045" activeThreads="16">
  <mem-info id="1886" free="28684952" total="46727168" percent="61">
    <mem type="tenure" free="28684952" total="46727168" percent="61">
      <mem type="soa" free="28218008" total="46260224" percent="60" />
      <mem type="loa" free="466944" total="466944" percent="100" />
    </mem>
  </mem-info>
</gc-end>
<cycle-end id="1887" type="global" contextid="1877" timestamp="2019-08-08T00:00:13.046" />
  <attribute name="elasticGC enabled" value="1" />
  <attribute name= "numThreadsSpecified" value="16" />
  <attribute name="heapSize specified" value="46399488" />
  <attribute name="Current GC Util" value="27" />
  <attribute name= "Current Time Running" value="131968" />
  <attribute name ="GC Interval" value="0" />
  <attribute name="Target GC Util Change" value ="80.000000" />
  <attribute name="Current GC Util Change" value="27.000000"/>
  <attribute name="Current Error" value="53.000000" />
  <attribute name="Output H" value="46702448"/>
  <attribute name="Output I" value="2288"/>
  <attribute name="Output T" value="16"/>
  <attribute name= "Current Time Running" value="131968" />
  <attribute name="GC Util currently" value="27" />
  <attribute name="CPU Util currently" value="29597871240" />
<allocation-satisfied id="1888" threadId="0000000001DD0F00" bytesRequested="1168" />
<af-end id="1889" timestamp="2019-08-08T00:00:13.046" threadId="0000000001DD1888" success="true" />
<exclusive-end id="1890" timestamp="2019-08-08T00:00:13.046" durationms="60.148" />

<exclusive-start id="1891" timestamp="2019-08-08T00:00:13.059" intervalms="73.191">
  <response-info timems="0.069" idlems="0.069" threads="0" lastid="0000000001DD0F00" lastname="main" />
</exclusive-start>
<af-start id="1892" threadId="0000000001DD1888" totalBytesRequested="1168" timestamp="2019-08-08T00:00:13.059" intervalms="73.137" />
<cycle-start id="1893" type="global" contextid="0" timestamp="2019-08-08T00:00:13.059" intervalms="73.063" />
<gc-start id="1894" type="global" contextid="1893" timestamp="2019-08-08T00:00:13.059">
  <mem-info id="1895" free="466944" total="46727168" percent="0">
    <mem type="tenure" free="466944" total="46727168" percent="0">
      <mem type="soa" free="0" total="46260224" percent="0" />
      <mem type="loa" free="466944" total="466944" percent="100" />
    </mem>
  </mem-info>
</gc-start>
<allocation-stats totalBytes="28108032" >
  <allocated-bytes non-tlh="0" tlh="28108032" />
  <largest-consumer threadName="main" threadId="0000000001DD0F00" bytes="28108032" />
</allocation-stats>
<gc-op id="1896" type="mark" timems="43.825" contextid="1893" timestamp="2019-08-08T00:00:13.103">
  <trace-info objectcount="600514" scancount="521402" scanbytes="13383288" />
  <finalization candidates="80" enqueued="0" />
  <ownableSynchronizers candidates="21" cleared="0" />
  <references type="soft" candidates="3261" cleared="0" enqueued="0" dynamicThreshold="19" maxThreshold="32" />
  <references type="weak" candidates="5586" cleared="0" enqueued="0" />
  <references type="phantom" candidates="97" cleared="0" enqueued="0" />
  <stringconstants candidates="13595" cleared="0"  />
</gc-op>
<gc-op id="1897" type="sweep" timems="3.214" contextid="1893" timestamp="2019-08-08T00:00:13.106" />
<mem-info id="1898" free="28750368" total="46727168" percent="61">
  <mem type="tenure" free="28750368" total="46727168" percent="61" micro-fragmented="0" macro-fragmented="0">
    <mem type="soa" free="28283424" total="46260224" percent="61" />
    <mem type="loa" free="466944" total="466944" percent="100" />
  </mem>
</mem-info>
<gc-op id="1899" type="compact" timems="37.951" contextid="1893" timestamp="2019-08-08T00:00:13.144">
  <compact-info movecount="2" movebytes="64" reason="compact to aid heap contraction" />
</gc-op>
<heap-resize id="1900" type="expand" space="tenure" amount="327680" count="1" timems="0.018" reason="satisfy allocation request" timestamp="2019-08-08T00:00:13.144" />
<gc-end id="1901" type="global" contextid="1893" durationms="85.704" usertimems="185.811" systemtimems="0.000" timestamp="2019-08-08T00:00:13.144" activeThreads="16">
  <mem-info id="1902" free="29012632" total="47054848" percent="61">
    <mem type="tenure" free="29012632" total="47054848" percent="61">
      <mem type="soa" free="28542616" total="46584832" percent="61" />
      <mem type="loa" free="470016" total="470016" percent="100" />
    </mem>
  </mem-info>
</gc-end>
<cycle-end id="1903" type="global" contextid="1893" timestamp="2019-08-08T00:00:13.144" />
  <attribute name="elasticGC enabled" value="1" />
  <attribute name= "numThreadsSpecified" value="16" />
  <attribute name="heapSize specified" value="46727168" />
  <attribute name="Current GC Util" value="37" />
  <attribute name= "Current Time Running" value="132067" />
  <attribute name ="GC Interval" value="0" />
  <attribute name="Target GC Util Change" value ="80.000000" />
  <attribute name="Current GC Util Change" value="37.000000"/>
  <attribute name="Current Error" value="-365.000000" />
  <attribute name="Output H" value="47028200"/>
  <attribute name="Output I" value="200"/>
  <attribute name="Output T" value="16"/>
  <attribute name= "Current Time Running" value="132067" />
  <attribute name="GC Util currently" value="37" />
  <attribute name="CPU Util currently" value="30351416409" />
<allocation-satisfied id="1904" threadId="0000000001DD0F00" bytesRequested="1168" />
<af-end id="1905" timestamp="2019-08-08T00:00:13.145" threadId="0000000001DD1888" success="true" />
<exclusive-end id="1906" timestamp="2019-08-08T00:00:13.145" durationms="85.926" />

<exclusive-start id="1907" timestamp="2019-08-08T00:00:13.158" intervalms="98.915">
  <response-info timems="0.082" idlems="0.082" threads="0" lastid="0000000001DD0F00" lastname="main" />
</exclusive-start>
<af-start id="1908" threadId="0000000001DD1888" totalBytesRequested="1168" timestamp="2019-08-08T00:00:13.158" intervalms="98.906" />
<cycle-start id="1909" type="global" contextid="0" timestamp="2019-08-08T00:00:13.158" intervalms="98.908" />
<gc-start id="1910" type="global" contextid="1909" timestamp="2019-08-08T00:00:13.158">
  <mem-info id="1911" free="470016" total="47054848" percent="0">
    <mem type="tenure" free="470016" total="47054848" percent="0">
      <mem type="soa" free="0" total="46584832" percent="0" />
      <mem type="loa" free="470016" total="470016" percent="100" />
    </mem>
  </mem-info>
</gc-start>
<allocation-stats totalBytes="28429336" >
  <allocated-bytes non-tlh="0" tlh="28429336" />
  <largest-consumer threadName="main" threadId="0000000001DD0F00" bytes="28429336" />
</allocation-stats>
<gc-op id="1912" type="mark" timems="15.656" contextid="1909" timestamp="2019-08-08T00:00:13.173">
  <trace-info objectcount="600514" scancount="521404" scanbytes="13383288" />
  <finalization candidates="80" enqueued="0" />
  <ownableSynchronizers candidates="21" cleared="0" />
  <references type="soft" candidates="3261" cleared="0" enqueued="0" dynamicThreshold="19" maxThreshold="32" />
  <references type="weak" candidates="5586" cleared="0" enqueued="0" />
  <references type="phantom" candidates="97" cleared="0" enqueued="0" />
  <stringconstants candidates="13595" cleared="0"  />
</gc-op>
<gc-op id="1913" type="sweep" timems="7.566" contextid="1909" timestamp="2019-08-08T00:00:13.181" />
<mem-info id="1914" free="29077928" total="47054848" percent="61">
  <mem type="tenure" free="29077928" total="47054848" percent="61" micro-fragmented="0" macro-fragmented="0">
    <mem type="soa" free="28607912" total="46584832" percent="61" />
    <mem type="loa" free="470016" total="470016" percent="100" />
  </mem>
</mem-info>
<gc-op id="1915" type="compact" timems="47.002" contextid="1909" timestamp="2019-08-08T00:00:13.228">
  <compact-info movecount="2" movebytes="64" reason="compact to aid heap contraction" />
</gc-op>
<heap-resize id="1916" type="expand" space="tenure" amount="327680" count="1" timems="0.021" reason="satisfy allocation request" timestamp="2019-08-08T00:00:13.229" />
<gc-end id="1917" type="global" contextid="1909" durationms="71.300" usertimems="129.571" systemtimems="0.000" timestamp="2019-08-08T00:00:13.229" activeThreads="16">
  <mem-info id="1918" free="29340312" total="47382528" percent="61">
    <mem type="tenure" free="29340312" total="47382528" percent="61">
      <mem type="soa" free="28867224" total="46909440" percent="61" />
      <mem type="loa" free="473088" total="473088" percent="100" />
    </mem>
  </mem-info>
</gc-end>
<cycle-end id="1919" type="global" contextid="1909" timestamp="2019-08-08T00:00:13.229" />
  <attribute name="elasticGC enabled" value="1" />
  <attribute name= "numThreadsSpecified" value="16" />
  <attribute name="heapSize specified" value="47054848" />
  <attribute name="Current GC Util" value="56" />
  <attribute name= "Current Time Running" value="132151" />
  <attribute name ="GC Interval" value="0" />
  <attribute name="Target GC Util Change" value ="80.000000" />
  <attribute name="Current GC Util Change" value="56.000000"/>
  <attribute name="Current Error" value="-165.000000" />
  <attribute name="Output H" value="47356800"/>
  <attribute name="Output I" value="1152"/>
  <attribute name="Output T" value="16"/>
  <attribute name= "Current Time Running" value="132151" />
  <attribute name="GC Util currently" value="56" />
  <attribute name="CPU Util currently" value="24509438999" />
<allocation-satisfied id="1920" threadId="0000000001DD0F00" bytesRequested="1168" />
<af-end id="1921" timestamp="2019-08-08T00:00:13.229" threadId="0000000001DD1888" success="true" />
<exclusive-end id="1922" timestamp="2019-08-08T00:00:13.229" durationms="71.522" />

<exclusive-start id="1923" timestamp="2019-08-08T00:00:13.250" intervalms="92.696">
  <response-info timems="0.048" idlems="0.048" threads="0" lastid="0000000001DD0F00" lastname="main" />
</exclusive-start>
<af-start id="1924" threadId="0000000001DD1888" totalBytesRequested="1168" timestamp="2019-08-08T00:00:13.250" intervalms="92.695" />
<cycle-start id="1925" type="global" contextid="0" timestamp="2019-08-08T00:00:13.250" intervalms="92.697" />
<gc-start id="1926" type="global" contextid="1925" timestamp="2019-08-08T00:00:13.250">
  <mem-info id="1927" free="473088" total="47382528" percent="0">
    <mem type="tenure" free="473088" total="47382528" percent="0">
      <mem type="soa" free="0" total="46909440" percent="0" />
      <mem type="loa" free="473088" total="473088" percent="100" />
    </mem>
  </mem-info>
</gc-start>
<allocation-stats totalBytes="28751832" >
  <allocated-bytes non-tlh="0" tlh="28751832" />
  <largest-consumer threadName="main" threadId="0000000001DD0F00" bytes="28751832" />
</allocation-stats>
<gc-op id="1928" type="mark" timems="15.385" contextid="1925" timestamp="2019-08-08T00:00:13.266">
  <trace-info objectcount="600514" scancount="521399" scanbytes="13383288" />
  <finalization candidates="80" enqueued="0" />
  <ownableSynchronizers candidates="21" cleared="0" />
  <references type="soft" candidates="3261" cleared="0" enqueued="0" dynamicThreshold="19" maxThreshold="32" />
  <references type="weak" candidates="5586" cleared="0" enqueued="0" />
  <references type="phantom" candidates="97" cleared="0" enqueued="0" />
  <stringconstants candidates="13595" cleared="0"  />
</gc-op>
<gc-op id="1929" type="sweep" timems="4.551" contextid="1925" timestamp="2019-08-08T00:00:13.270" />
<mem-info id="1930" free="29405168" total="47382528" percent="62">
  <mem type="tenure" free="29405168" total="47382528" percent="62" micro-fragmented="0" macro-fragmented="0">
    <mem type="soa" free="28932080" total="46909440" percent="61" />
    <mem type="loa" free="473088" total="473088" percent="100" />
  </mem>
</mem-info>
<gc-op id="1931" type="compact" timems="29.880" contextid="1925" timestamp="2019-08-08T00:00:13.300">
  <compact-info movecount="2" movebytes="64" reason="compact to aid heap contraction" />
</gc-op>
<heap-resize id="1932" type="expand" space="tenure" amount="327680" count="1" timems="0.017" reason="satisfy allocation request" timestamp="2019-08-08T00:00:13.301" />
<gc-end id="1933" type="global" contextid="1925" durationms="50.749" usertimems="108.568" systemtimems="0.000" timestamp="2019-08-08T00:00:13.301" activeThreads="16">
  <mem-info id="1934" free="29667992" total="47710208" percent="62">
    <mem type="tenure" free="29667992" total="47710208" percent="62">
      <mem type="soa" free="29191832" total="47234048" percent="61" />
      <mem type="loa" free="476160" total="476160" percent="100" />
    </mem>
  </mem-info>
</gc-end>
<cycle-end id="1935" type="global" contextid="1925" timestamp="2019-08-08T00:00:13.301" />
  <attribute name="elasticGC enabled" value="1" />
  <attribute name= "numThreadsSpecified" value="16" />
  <attribute name="heapSize specified" value="47382528" />
  <attribute name="Current GC Util" value="74" />
  <attribute name= "Current Time Running" value="132224" />
  <attribute name ="GC Interval" value="0" />
  <attribute name="Target GC Util Change" value ="80.000000" />
  <attribute name="Current GC Util Change" value="74.000000"/>
  <attribute name="Current Error" value="6.000000" />
  <attribute name="Output H" value="47685272"/>
  <attribute name="Output I" value="2040"/>
  <attribute name="Output T" value="16"/>
  <attribute name= "Current Time Running" value="132224" />
  <attribute name="GC Util currently" value="74" />
  <attribute name="CPU Util currently" value="38560816151" />
<allocation-satisfied id="1936" threadId="0000000001DD0F00" bytesRequested="1168" />
<af-end id="1937" timestamp="2019-08-08T00:00:13.301" threadId="0000000001DD1888" success="true" />
<exclusive-end id="1938" timestamp="2019-08-08T00:00:13.301" durationms="50.962" />

<exclusive-start id="1939" timestamp="2019-08-08T00:00:13.313" intervalms="63.172">
  <response-info timems="0.043" idlems="0.043" threads="0" lastid="0000000001DD0F00" lastname="main" />
</exclusive-start>
<af-start id="1940" threadId="0000000001DD1888" totalBytesRequested="1168" timestamp="2019-08-08T00:00:13.313" intervalms="63.169" />
<cycle-start id="1941" type="global" contextid="0" timestamp="2019-08-08T00:00:13.313" intervalms="63.161" />
<gc-start id="1942" type="global" contextid="1941" timestamp="2019-08-08T00:00:13.314">
  <mem-info id="1943" free="476160" total="47710208" percent="0">
    <mem type="tenure" free="476160" total="47710208" percent="0">
      <mem type="soa" free="0" total="47234048" percent="0" />
      <mem type="loa" free="476160" total="476160" percent="100" />
    </mem>
  </mem-info>
</gc-start>
<allocation-stats totalBytes="29074376" >
  <allocated-bytes non-tlh="0" tlh="29074376" />
  <largest-consumer threadName="main" threadId="0000000001DD0F00" bytes="29074376" />
</allocation-stats>
<gc-op id="1944" type="mark" timems="20.958" contextid="1941" timestamp="2019-08-08T00:00:13.335">
  <trace-info objectcount="600514" scancount="521404" scanbytes="13383288" />
  <finalization candidates="80" enqueued="0" />
  <ownableSynchronizers candidates="21" cleared="0" />
  <references type="soft" candidates="3261" cleared="0" enqueued="0" dynamicThreshold="19" maxThreshold="32" />
  <references type="weak" candidates="5586" cleared="0" enqueued="0" />
  <references type="phantom" candidates="97" cleared="0" enqueued="0" />
  <stringconstants candidates="13595" cleared="0"  />
</gc-op>
<gc-op id="1945" type="sweep" timems="3.091" contextid="1941" timestamp="2019-08-08T00:00:13.338" />
<mem-info id="1946" free="29733232" total="47710208" percent="62">
  <mem type="tenure" free="29733232" total="47710208" percent="62" micro-fragmented="0" macro-fragmented="0">
    <mem type="soa" free="29257072" total="47234048" percent="61" />
    <mem type="loa" free="476160" total="476160" percent="100" />
  </mem>
</mem-info>
<gc-op id="1947" type="compact" timems="31.958" contextid="1941" timestamp="2019-08-08T00:00:13.370">
  <compact-info movecount="2" movebytes="64" reason="compact to aid heap contraction" />
</gc-op>
<heap-resize id="1948" type="expand" space="tenure" amount="327680" count="1" timems="0.018" reason="satisfy allocation request" timestamp="2019-08-08T00:00:13.371" />
<gc-end id="1949" type="global" contextid="1941" durationms="57.120" usertimems="99.868" systemtimems="0.000" timestamp="2019-08-08T00:00:13.371" activeThreads="16">
  <mem-info id="1950" free="29995672" total="48037888" percent="62">
    <mem type="tenure" free="29995672" total="48037888" percent="62">
      <mem type="soa" free="29515416" total="47557632" percent="62" />
      <mem type="loa" free="480256" total="480256" percent="100" />
    </mem>
  </mem-info>
</gc-end>
<cycle-end id="1951" type="global" contextid="1941" timestamp="2019-08-08T00:00:13.371" />
  <attribute name="elasticGC enabled" value="1" />
  <attribute name= "numThreadsSpecified" value="16" />
  <attribute name="heapSize specified" value="47710208" />
  <attribute name="Current GC Util" value="53" />
  <attribute name= "Current Time Running" value="132293" />
  <attribute name ="GC Interval" value="0" />
  <attribute name="Target GC Util Change" value ="80.000000" />
  <attribute name="Current GC Util Change" value="53.000000"/>
  <attribute name="Current Error" value="-306.000000" />
  <attribute name="Output H" value="48011512"/>
  <attribute name="Output I" value="424"/>
  <attribute name="Output T" value="16"/>
  <attribute name= "Current Time Running" value="132293" />
  <attribute name="GC Util currently" value="53" />
  <attribute name="CPU Util currently" value="36033976982" />
<allocation-satisfied id="1952" threadId="0000000001DD0F00" bytesRequested="1168" />
<af-end id="1953" timestamp="2019-08-08T00:00:13.371" threadId="0000000001DD1888" success="true" />
<exclusive-end id="1954" timestamp="2019-08-08T00:00:13.371" durationms="57.323" />

<exclusive-start id="1955" timestamp="2019-08-08T00:00:13.469" intervalms="155.908">
  <response-info timems="0.623" idlems="0.623" threads="0" lastid="0000000001DD0F00" lastname="main" />
</exclusive-start>
<af-start id="1956" threadId="0000000001DD1888" totalBytesRequested="64" timestamp="2019-08-08T00:00:13.469" intervalms="155.953" />
<cycle-start id="1957" type="global" contextid="0" timestamp="2019-08-08T00:00:13.469" intervalms="155.953" />
<gc-start id="1958" type="global" contextid="1957" timestamp="2019-08-08T00:00:13.469">
  <mem-info id="1959" free="480256" total="48037888" percent="0">
    <mem type="tenure" free="480256" total="48037888" percent="0">
      <mem type="soa" free="0" total="47557632" percent="0" />
      <mem type="loa" free="480256" total="480256" percent="100" />
    </mem>
  </mem-info>
</gc-start>
<allocation-stats totalBytes="29571640" >
  <allocated-bytes non-tlh="0" tlh="29571640" />
  <largest-consumer threadName="main" threadId="0000000001DD0F00" bytes="29571640" />
</allocation-stats>
<gc-op id="1960" type="mark" timems="14.724" contextid="1957" timestamp="2019-08-08T00:00:13.484">
  <trace-info objectcount="600646" scancount="521531" scanbytes="13387668" />
  <finalization candidates="80" enqueued="0" />
  <ownableSynchronizers candidates="21" cleared="0" />
  <references type="soft" candidates="3261" cleared="0" enqueued="0" dynamicThreshold="19" maxThreshold="32" />
  <references type="weak" candidates="5586" cleared="0" enqueued="0" />
  <references type="phantom" candidates="97" cleared="0" enqueued="0" />
  <stringconstants candidates="13595" cleared="0"  />
</gc-op>
<gc-op id="1961" type="sweep" timems="2.130" contextid="1957" timestamp="2019-08-08T00:00:13.486" />
<mem-info id="1962" free="30054576" total="48037888" percent="62">
  <mem type="tenure" free="30054576" total="48037888" percent="62" micro-fragmented="0" macro-fragmented="0">
    <mem type="soa" free="29574320" total="47557632" percent="62" />
    <mem type="loa" free="480256" total="480256" percent="100" />
  </mem>
</mem-info>
<gc-op id="1963" type="compact" timems="29.950" contextid="1957" timestamp="2019-08-08T00:00:13.516">
  <compact-info movecount="153" movebytes="5016" reason="compact to aid heap contraction" />
</gc-op>
<heap-resize id="1964" type="expand" space="tenure" amount="327680" count="1" timems="0.018" reason="satisfy allocation request" timestamp="2019-08-08T00:00:13.517" />
<gc-end id="1965" type="global" contextid="1957" durationms="47.754" usertimems="86.250" systemtimems="0.000" timestamp="2019-08-08T00:00:13.517" activeThreads="16">
  <mem-info id="1966" free="30320136" total="48365568" percent="62">
    <mem type="tenure" free="30320136" total="48365568" percent="62">
      <mem type="soa" free="29836808" total="47882240" percent="62" />
      <mem type="loa" free="483328" total="483328" percent="100" />
    </mem>
  </mem-info>
</gc-end>
<cycle-end id="1967" type="global" contextid="1957" timestamp="2019-08-08T00:00:13.517" />
  <attribute name="elasticGC enabled" value="1" />
  <attribute name= "numThreadsSpecified" value="16" />
  <attribute name="heapSize specified" value="48037888" />
  <attribute name="Current GC Util" value="22" />
  <attribute name= "Current Time Running" value="132439" />
  <attribute name ="GC Interval" value="0" />
  <attribute name="Target GC Util Change" value ="80.000000" />
  <attribute name="Current GC Util Change" value="22.000000"/>
  <attribute name="Current Error" value="-180.000000" />
  <attribute name="Output H" value="48339776"/>
  <attribute name="Output I" value="1080"/>
  <attribute name="Output T" value="16"/>
  <attribute name= "Current Time Running" value="132439" />
  <attribute name="GC Util currently" value="22" />
  <attribute name="CPU Util currently" value="38446862174" />
<allocation-satisfied id="1968" threadId="0000000001DD0F00" bytesRequested="64" />
<af-end id="1969" timestamp="2019-08-08T00:00:13.517" threadId="0000000001DD1888" success="true" />
<exclusive-end id="1970" timestamp="2019-08-08T00:00:13.517" durationms="48.001" />

<exclusive-start id="1971" timestamp="2019-08-08T00:00:13.623" intervalms="153.989">
  <response-info timems="0.062" idlems="0.062" threads="0" lastid="0000000001DD0F00" lastname="main" />
</exclusive-start>
<af-start id="1972" threadId="0000000001DD1888" totalBytesRequested="80" timestamp="2019-08-08T00:00:13.623" intervalms="153.948" />
<cycle-start id="1973" type="global" contextid="0" timestamp="2019-08-08T00:00:13.623" intervalms="153.956" />
<gc-start id="1974" type="global" contextid="1973" timestamp="2019-08-08T00:00:13.624">
  <mem-info id="1975" free="483328" total="48365568" percent="0">
    <mem type="tenure" free="483328" total="48365568" percent="0">
      <mem type="soa" free="0" total="47882240" percent="0" />
      <mem type="loa" free="483328" total="483328" percent="100" />
    </mem>
  </mem-info>
</gc-start>
<allocation-stats totalBytes="29898008" >
  <allocated-bytes non-tlh="0" tlh="29898008" />
  <largest-consumer threadName="main" threadId="0000000001DD0F00" bytes="29898008" />
</allocation-stats>
<gc-op id="1976" type="mark" timems="20.541" contextid="1973" timestamp="2019-08-08T00:00:13.644">
  <trace-info objectcount="600648" scancount="521536" scanbytes="13387756" />
  <finalization candidates="80" enqueued="0" />
  <ownableSynchronizers candidates="21" cleared="0" />
  <references type="soft" candidates="3261" cleared="0" enqueued="0" dynamicThreshold="20" maxThreshold="32" />
  <references type="weak" candidates="5586" cleared="0" enqueued="0" />
  <references type="phantom" candidates="97" cleared="0" enqueued="0" />
  <stringconstants candidates="13595" cleared="0"  />
</gc-op>
<gc-op id="1977" type="sweep" timems="2.513" contextid="1973" timestamp="2019-08-08T00:00:13.647" />
<mem-info id="1978" free="30382872" total="48365568" percent="62">
  <mem type="tenure" free="30382872" total="48365568" percent="62" micro-fragmented="0" macro-fragmented="0">
    <mem type="soa" free="29899544" total="47882240" percent="62" />
    <mem type="loa" free="483328" total="483328" percent="100" />
  </mem>
</mem-info>
<gc-op id="1979" type="compact" timems="25.110" contextid="1973" timestamp="2019-08-08T00:00:13.672">
  <compact-info movecount="105" movebytes="3424" reason="compact to aid heap contraction" />
</gc-op>
<heap-resize id="1980" type="expand" space="tenure" amount="327680" count="1" timems="0.017" reason="satisfy allocation request" timestamp="2019-08-08T00:00:13.672" />
<gc-end id="1981" type="global" contextid="1973" durationms="48.952" usertimems="165.778" systemtimems="0.000" timestamp="2019-08-08T00:00:13.673" activeThreads="16">
  <mem-info id="1982" free="30647728" total="48693248" percent="62">
    <mem type="tenure" free="30647728" total="48693248" percent="62">
      <mem type="soa" free="30161328" total="48206848" percent="62" />
      <mem type="loa" free="486400" total="486400" percent="100" />
    </mem>
  </mem-info>
</gc-end>
<cycle-end id="1983" type="global" contextid="1973" timestamp="2019-08-08T00:00:13.673" />
  <attribute name="elasticGC enabled" value="1" />
  <attribute name= "numThreadsSpecified" value="16" />
  <attribute name="heapSize specified" value="48365568" />
  <attribute name="Current GC Util" value="43" />
  <attribute name= "Current Time Running" value="132595" />
  <attribute name ="GC Interval" value="0" />
  <attribute name="Target GC Util Change" value ="80.000000" />
  <attribute name="Current GC Util Change" value="43.000000"/>
  <attribute name="Current Error" value="37.000000" />
  <attribute name="Output H" value="48668456"/>
  <attribute name="Output I" value="2200"/>
  <attribute name="Output T" value="16"/>
  <attribute name= "Current Time Running" value="132595" />
  <attribute name="GC Util currently" value="43" />
  <attribute name="CPU Util currently" value="45853123025" />
<allocation-satisfied id="1984" threadId="0000000001DD0F00" bytesRequested="80" />
<af-end id="1985" timestamp="2019-08-08T00:00:13.673" threadId="0000000001DD1888" success="true" />
<exclusive-end id="1986" timestamp="2019-08-08T00:00:13.673" durationms="49.418" />

<exclusive-start id="1987" timestamp="2019-08-08T00:00:13.898" intervalms="274.716">
  <response-info timems="0.046" idlems="0.046" threads="0" lastid="0000000001DD0F00" lastname="main" />
</exclusive-start>
<af-start id="1988" threadId="0000000001DD1888" totalBytesRequested="24" timestamp="2019-08-08T00:00:13.898" intervalms="274.707" />
<cycle-start id="1989" type="global" contextid="0" timestamp="2019-08-08T00:00:13.898" intervalms="274.706" />
<gc-start id="1990" type="global" contextid="1989" timestamp="2019-08-08T00:00:13.898">
  <mem-info id="1991" free="486400" total="48693248" percent="0">
    <mem type="tenure" free="486400" total="48693248" percent="0">
      <mem type="soa" free="0" total="48206848" percent="0" />
      <mem type="loa" free="486400" total="486400" percent="100" />
    </mem>
  </mem-info>
</gc-start>
<allocation-stats totalBytes="30222968" >
  <allocated-bytes non-tlh="0" tlh="30222968" />
  <largest-consumer threadName="main" threadId="0000000001DD0F00" bytes="30222968" />
</allocation-stats>
<gc-op id="1992" type="mark" timems="12.782" contextid="1989" timestamp="2019-08-08T00:00:13.911">
  <trace-info objectcount="600724" scancount="521614" scanbytes="13390132" />
  <finalization candidates="80" enqueued="0" />
  <ownableSynchronizers candidates="21" cleared="0" />
  <references type="soft" candidates="3261" cleared="0" enqueued="0" dynamicThreshold="20" maxThreshold="32" />
  <references type="weak" candidates="5615" cleared="0" enqueued="0" />
  <references type="phantom" candidates="97" cleared="0" enqueued="0" />
  <stringconstants candidates="13595" cleared="0"  />
</gc-op>
<gc-op id="1993" type="sweep" timems="2.322" contextid="1989" timestamp="2019-08-08T00:00:13.913" />
<mem-info id="1994" free="30699072" total="48693248" percent="63">
  <mem type="tenure" free="30699072" total="48693248" percent="63" micro-fragmented="2049" macro-fragmented="0">
    <mem type="soa" free="30212672" total="48206848" percent="62" />
    <mem type="loa" free="486400" total="486400" percent="100" />
  </mem>
</mem-info>
<gc-op id="1995" type="compact" timems="133.239" contextid="1989" timestamp="2019-08-08T00:00:14.047">
  <compact-info movecount="535388" movebytes="14304144" reason="compact to aid heap contraction" />
</gc-op>
<heap-resize id="1996" type="expand" space="tenure" amount="327680" count="1" timems="0.020" reason="satisfy allocation request" timestamp="2019-08-08T00:00:14.048" />
<gc-end id="1997" type="global" contextid="1989" durationms="149.411" usertimems="208.769" systemtimems="0.000" timestamp="2019-08-08T00:00:14.048" activeThreads="16">
  <mem-info id="1998" free="30972984" total="49020928" percent="63">
    <mem type="tenure" free="30972984" total="49020928" percent="63">
      <mem type="soa" free="30483512" total="48531456" percent="62" />
      <mem type="loa" free="489472" total="489472" percent="100" />
    </mem>
  </mem-info>
</gc-end>
<cycle-end id="1999" type="global" contextid="1989" timestamp="2019-08-08T00:00:14.048" />
  <attribute name="elasticGC enabled" value="1" />
  <attribute name= "numThreadsSpecified" value="16" />
  <attribute name="heapSize specified" value="48693248" />
  <attribute name="Current GC Util" value="13" />
  <attribute name= "Current Time Running" value="132970" />
  <attribute name ="GC Interval" value="0" />
  <attribute name="Target GC Util Change" value ="80.000000" />
  <attribute name="Current GC Util Change" value="13.000000"/>
  <attribute name="Current Error" value="-216.000000" />
  <attribute name="Output H" value="48994968"/>
  <attribute name="Output I" value="888"/>
  <attribute name="Output T" value="16"/>
  <attribute name= "Current Time Running" value="132970" />
  <attribute name="GC Util currently" value="13" />
  <attribute name="CPU Util currently" value="8650602891" />
<allocation-satisfied id="2000" threadId="0000000001DD0F00" bytesRequested="24" />
<af-end id="2001" timestamp="2019-08-08T00:00:14.048" threadId="0000000001DD1888" success="true" />
<exclusive-end id="2002" timestamp="2019-08-08T00:00:14.048" durationms="149.909" />

<exclusive-start id="2003" timestamp="2019-08-08T00:00:14.096" intervalms="197.609">
  <response-info timems="0.065" idlems="0.065" threads="0" lastid="0000000001DD0F00" lastname="main" />
</exclusive-start>
<af-start id="2004" threadId="0000000001DD1888" totalBytesRequested="144" timestamp="2019-08-08T00:00:14.096" intervalms="197.612" />
<cycle-start id="2005" type="global" contextid="0" timestamp="2019-08-08T00:00:14.096" intervalms="197.609" />
<gc-start id="2006" type="global" contextid="2005" timestamp="2019-08-08T00:00:14.096">
  <mem-info id="2007" free="489472" total="49020928" percent="0">
    <mem type="tenure" free="489472" total="49020928" percent="0">
      <mem type="soa" free="0" total="48531456" percent="0" />
      <mem type="loa" free="489472" total="489472" percent="100" />
    </mem>
  </mem-info>
</gc-start>
<allocation-stats totalBytes="30544216" >
  <allocated-bytes non-tlh="0" tlh="30544216" />
  <largest-consumer threadName="main" threadId="0000000001DD0F00" bytes="30544216" />
</allocation-stats>
<gc-op id="2008" type="mark" timems="14.975" contextid="2005" timestamp="2019-08-08T00:00:14.111">
  <trace-info objectcount="600563" scancount="521446" scanbytes="13384612" />
  <finalization candidates="80" enqueued="0" />
  <ownableSynchronizers candidates="21" cleared="0" />
  <references type="soft" candidates="3261" cleared="0" enqueued="0" dynamicThreshold="20" maxThreshold="32" />
  <references type="weak" candidates="5615" cleared="7" enqueued="3" />
  <references type="phantom" candidates="97" cleared="0" enqueued="0" />
  <stringconstants candidates="13595" cleared="0"  />
</gc-op>
<gc-op id="2009" type="sweep" timems="2.167" contextid="2005" timestamp="2019-08-08T00:00:14.113" />
<mem-info id="2010" free="31041904" total="49020928" percent="63">
  <mem type="tenure" free="31041904" total="49020928" percent="63" micro-fragmented="0" macro-fragmented="0">
    <mem type="soa" free="30552432" total="48531456" percent="62" />
    <mem type="loa" free="489472" total="489472" percent="100" />
  </mem>
  <pending-finalizers system="0" default="0" reference="3" classloader="0" />
</mem-info>
<gc-op id="2011" type="compact" timems="24.465" contextid="2005" timestamp="2019-08-08T00:00:14.138">
  <compact-info movecount="66" movebytes="2104" reason="compact to aid heap contraction" />
</gc-op>
<heap-resize id="2012" type="expand" space="tenure" amount="327680" count="1" timems="0.024" reason="satisfy allocation request" timestamp="2019-08-08T00:00:14.139" />
<gc-end id="2013" type="global" contextid="2005" durationms="42.682" usertimems="143.893" systemtimems="0.000" timestamp="2019-08-08T00:00:14.139" activeThreads="16">
  <mem-info id="2014" free="31306056" total="49348608" percent="63">
    <mem type="tenure" free="31306056" total="49348608" percent="63">
      <mem type="soa" free="30813512" total="48856064" percent="63" />
      <mem type="loa" free="492544" total="492544" percent="100" />
    </mem>
    <pending-finalizers system="0" default="0" reference="3" classloader="0" />
  </mem-info>
</gc-end>
<cycle-end id="2015" type="global" contextid="2005" timestamp="2019-08-08T00:00:14.139" />
  <attribute name="elasticGC enabled" value="1" />
  <attribute name= "numThreadsSpecified" value="16" />
  <attribute name="heapSize specified" value="49020928" />
  <attribute name="Current GC Util" value="43" />
  <attribute name= "Current Time Running" value="133061" />
  <attribute name ="GC Interval" value="0" />
  <attribute name="Target GC Util Change" value ="80.000000" />
  <attribute name="Current GC Util Change" value="43.000000"/>
  <attribute name="Current Error" value="-308.000000" />
  <attribute name="Output H" value="49322224"/>
  <attribute name="Output I" value="408"/>
  <attribute name="Output T" value="16"/>
  <attribute name= "Current Time Running" value="133061" />
  <attribute name="GC Util currently" value="43" />
  <attribute name="CPU Util currently" value="47050608596" />
<allocation-satisfied id="2016" threadId="0000000001DD0F00" bytesRequested="144" />
<af-end id="2017" timestamp="2019-08-08T00:00:14.139" threadId="0000000001DD1888" success="true" />
<exclusive-end id="2018" timestamp="2019-08-08T00:00:14.139" durationms="43.122" />

<exclusive-start id="2019" timestamp="2019-08-08T00:00:14.183" intervalms="87.058">
  <response-info timems="0.046" idlems="0.046" threads="0" lastid="0000000001DD0F00" lastname="main" />
</exclusive-start>
<af-start id="2020" threadId="0000000001DD1888" totalBytesRequested="32" timestamp="2019-08-08T00:00:14.183" intervalms="87.064" />
<cycle-start id="2021" type="global" contextid="0" timestamp="2019-08-08T00:00:14.183" intervalms="87.114" />
<gc-start id="2022" type="global" contextid="2021" timestamp="2019-08-08T00:00:14.183">
  <mem-info id="2023" free="492544" total="49348608" percent="0">
    <mem type="tenure" free="492544" total="49348608" percent="0">
      <mem type="soa" free="0" total="48856064" percent="0" />
      <mem type="loa" free="492544" total="492544" percent="100" />
    </mem>
  </mem-info>
</gc-start>
<allocation-stats totalBytes="30860056" >
  <allocated-bytes non-tlh="0" tlh="30860056" />
  <largest-consumer threadName="main" threadId="0000000001DD0F00" bytes="30855960" />
</allocation-stats>
<gc-op id="2024" type="mark" timems="10.734" contextid="2021" timestamp="2019-08-08T00:00:14.194">
  <trace-info objectcount="600564" scancount="521447" scanbytes="13385124" />
  <finalization candidates="80" enqueued="0" />
  <ownableSynchronizers candidates="21" cleared="0" />
  <references type="soft" candidates="3261" cleared="0" enqueued="0" dynamicThreshold="20" maxThreshold="32" />
  <references type="weak" candidates="5608" cleared="0" enqueued="0" />
  <references type="phantom" candidates="97" cleared="0" enqueued="0" />
  <stringconstants candidates="13595" cleared="0"  />
</gc-op>
<gc-op id="2025" type="sweep" timems="2.576" contextid="2021" timestamp="2019-08-08T00:00:14.196" />
<mem-info id="2026" free="31371096" total="49348608" percent="63">
  <mem type="tenure" free="31371096" total="49348608" percent="63" micro-fragmented="0" macro-fragmented="0">
    <mem type="soa" free="30878552" total="48856064" percent="63" />
    <mem type="loa" free="492544" total="492544" percent="100" />
  </mem>
</mem-info>
<gc-op id="2027" type="compact" timems="27.599" contextid="2021" timestamp="2019-08-08T00:00:14.224">
  <compact-info movecount="6" movebytes="720" reason="compact to aid heap contraction" />
</gc-op>
<heap-resize id="2028" type="expand" space="tenure" amount="327680" count="1" timems="0.053" reason="satisfy allocation request" timestamp="2019-08-08T00:00:14.225" />
<gc-end id="2029" type="global" contextid="2021" durationms="42.142" usertimems="113.477" systemtimems="0.000" timestamp="2019-08-08T00:00:14.225" activeThreads="16">
  <mem-info id="2030" free="31633248" total="49676288" percent="63">
    <mem type="tenure" free="31633248" total="49676288" percent="63">
      <mem type="soa" free="31136608" total="49179648" percent="63" />
      <mem type="loa" free="496640" total="496640" percent="100" />
    </mem>
  </mem-info>
</gc-end>
<cycle-end id="2031" type="global" contextid="2021" timestamp="2019-08-08T00:00:14.225" />
  <attribute name="elasticGC enabled" value="1" />
  <attribute name= "numThreadsSpecified" value="16" />
  <attribute name="heapSize specified" value="49348608" />
  <attribute name="Current GC Util" value="30" />
  <attribute name= "Current Time Running" value="133147" />
  <attribute name ="GC Interval" value="0" />
  <attribute name="Target GC Util Change" value ="80.000000" />
  <attribute name="Current GC Util Change" value="30.000000"/>
  <attribute name="Current Error" value="50.000000" />
  <attribute name="Output H" value="49651552"/>
  <attribute name="Output I" value="2272"/>
  <attribute name="Output T" value="16"/>
  <attribute name= "Current Time Running" value="133147" />
  <attribute name="GC Util currently" value="30" />
  <attribute name="CPU Util currently" value="41706015686" />
<allocation-satisfied id="2032" threadId="0000000001DD0F00" bytesRequested="32" />
<af-end id="2033" timestamp="2019-08-08T00:00:14.225" threadId="0000000001DD1888" success="true" />
<exclusive-end id="2034" timestamp="2019-08-08T00:00:14.225" durationms="42.435" />

<exclusive-start id="2035" timestamp="2019-08-08T00:00:14.263" intervalms="79.904">
  <response-info timems="0.145" idlems="0.145" threads="0" lastid="0000000001DD0F00" lastname="main" />
</exclusive-start>
<af-start id="2036" threadId="0000000001DD1888" totalBytesRequested="264" timestamp="2019-08-08T00:00:14.263" intervalms="79.906" />
<cycle-start id="2037" type="global" contextid="0" timestamp="2019-08-08T00:00:14.263" intervalms="79.861" />
<gc-start id="2038" type="global" contextid="2037" timestamp="2019-08-08T00:00:14.263">
  <mem-info id="2039" free="496640" total="49676288" percent="0">
    <mem type="tenure" free="496640" total="49676288" percent="0">
      <mem type="soa" free="0" total="49179648" percent="0" />
      <mem type="loa" free="496640" total="496640" percent="100" />
    </mem>
  </mem-info>
</gc-start>
<allocation-stats totalBytes="31185488" >
  <allocated-bytes non-tlh="0" tlh="31185488" />
  <largest-consumer threadName="main" threadId="0000000001DD0F00" bytes="31185488" />
</allocation-stats>
<gc-op id="2040" type="mark" timems="10.987" contextid="2037" timestamp="2019-08-08T00:00:14.274">
  <trace-info objectcount="600565" scancount="521455" scanbytes="13385156" />
  <finalization candidates="80" enqueued="0" />
  <ownableSynchronizers candidates="21" cleared="0" />
  <references type="soft" candidates="3261" cleared="0" enqueued="0" dynamicThreshold="20" maxThreshold="32" />
  <references type="weak" candidates="5608" cleared="0" enqueued="0" />
  <references type="phantom" candidates="97" cleared="0" enqueued="0" />
  <stringconstants candidates="13595" cleared="0"  />
</gc-op>
<gc-op id="2041" type="sweep" timems="2.151" contextid="2037" timestamp="2019-08-08T00:00:14.276" />
<mem-info id="2042" free="31698392" total="49676288" percent="63">
  <mem type="tenure" free="31698392" total="49676288" percent="63" micro-fragmented="0" macro-fragmented="0">
    <mem type="soa" free="31201752" total="49179648" percent="63" />
    <mem type="loa" free="496640" total="496640" percent="100" />
  </mem>
</mem-info>
<gc-op id="2043" type="compact" timems="34.618" contextid="2037" timestamp="2019-08-08T00:00:14.311">
  <compact-info movecount="6" movebytes="376" reason="compact to aid heap contraction" />
</gc-op>
<heap-resize id="2044" type="expand" space="tenure" amount="327680" count="1" timems="0.019" reason="satisfy allocation request" timestamp="2019-08-08T00:00:14.311" />
<gc-end id="2045" type="global" contextid="2037" durationms="48.553" usertimems="128.966" systemtimems="0.000" timestamp="2019-08-08T00:00:14.311" activeThreads="16">
  <mem-info id="2046" free="31960752" total="50003968" percent="63">
    <mem type="tenure" free="31960752" total="50003968" percent="63">
      <mem type="soa" free="31461040" total="49504256" percent="63" />
      <mem type="loa" free="499712" total="499712" percent="100" />
    </mem>
  </mem-info>
</gc-end>
<cycle-end id="2047" type="global" contextid="2037" timestamp="2019-08-08T00:00:14.311" />
  <attribute name="elasticGC enabled" value="1" />
  <attribute name= "numThreadsSpecified" value="16" />
  <attribute name="heapSize specified" value="49676288" />
  <attribute name="Current GC Util" value="54" />
  <attribute name= "Current Time Running" value="133234" />
  <attribute name ="GC Interval" value="0" />
  <attribute name="Target GC Util Change" value ="80.000000" />
  <attribute name="Current GC Util Change" value="54.000000"/>
  <attribute name="Current Error" value="-448.000000" />
  <attribute name="Output H" value="49976936"/>
  <attribute name="Output I" value="200"/>
  <attribute name="Output T" value="16"/>
  <attribute name= "Current Time Running" value="133234" />
  <attribute name="GC Util currently" value="54" />
  <attribute name="CPU Util currently" value="33264028966" />
<allocation-satisfied id="2048" threadId="0000000001DD0F00" bytesRequested="264" />
<af-end id="2049" timestamp="2019-08-08T00:00:14.311" threadId="0000000001DD1888" success="true" />
<exclusive-end id="2050" timestamp="2019-08-08T00:00:14.311" durationms="48.803" />

<exclusive-start id="2051" timestamp="2019-08-08T00:00:14.351" intervalms="88.019">
  <response-info timems="0.111" idlems="0.111" threads="0" lastid="0000000001DD0F00" lastname="main" />
</exclusive-start>
<af-start id="2052" threadId="0000000001DD1888" totalBytesRequested="32" timestamp="2019-08-08T00:00:14.351" intervalms="88.056" />
<cycle-start id="2053" type="global" contextid="0" timestamp="2019-08-08T00:00:14.351" intervalms="88.057" />
<gc-start id="2054" type="global" contextid="2053" timestamp="2019-08-08T00:00:14.351">
  <mem-info id="2055" free="499712" total="50003968" percent="0">
    <mem type="tenure" free="499712" total="50003968" percent="0">
      <mem type="soa" free="0" total="49504256" percent="0" />
      <mem type="loa" free="499712" total="499712" percent="100" />
    </mem>
  </mem-info>
</gc-start>
<allocation-stats totalBytes="31510360" >
  <allocated-bytes non-tlh="0" tlh="31510360" />
  <largest-consumer threadName="main" threadId="0000000001DD0F00" bytes="31510360" />
</allocation-stats>
<gc-op id="2056" type="mark" timems="28.521" contextid="2053" timestamp="2019-08-08T00:00:14.379">
  <trace-info objectcount="600564" scancount="521446" scanbytes="13385124" />
  <finalization candidates="80" enqueued="0" />
  <ownableSynchronizers candidates="21" cleared="0" />
  <references type="soft" candidates="3261" cleared="0" enqueued="0" dynamicThreshold="20" maxThreshold="32" />
  <references type="weak" candidates="5608" cleared="0" enqueued="0" />
  <references type="phantom" candidates="97" cleared="0" enqueued="0" />
  <stringconstants candidates="13595" cleared="0"  />
</gc-op>
<gc-op id="2057" type="sweep" timems="3.448" contextid="2053" timestamp="2019-08-08T00:00:14.383" />
<mem-info id="2058" free="32026472" total="50003968" percent="64">
  <mem type="tenure" free="32026472" total="50003968" percent="64" micro-fragmented="0" macro-fragmented="0">
    <mem type="soa" free="31526760" total="49504256" percent="63" />
    <mem type="loa" free="499712" total="499712" percent="100" />
  </mem>
</mem-info>
<gc-op id="2059" type="compact" timems="31.861" contextid="2053" timestamp="2019-08-08T00:00:14.415">
  <compact-info movecount="5" movebytes="184" reason="compact to aid heap contraction" />
</gc-op>
<heap-resize id="2060" type="expand" space="tenure" amount="327680" count="1" timems="0.024" reason="satisfy allocation request" timestamp="2019-08-08T00:00:14.416" />
<gc-end id="2061" type="global" contextid="2053" durationms="64.839" usertimems="170.838" systemtimems="0.000" timestamp="2019-08-08T00:00:14.416" activeThreads="16">
  <mem-info id="2062" free="32288624" total="50331648" percent="64">
    <mem type="tenure" free="32288624" total="50331648" percent="64">
      <mem type="soa" free="31785840" total="49828864" percent="63" />
      <mem type="loa" free="502784" total="502784" percent="100" />
    </mem>
  </mem-info>
</gc-end>
<cycle-end id="2063" type="global" contextid="2053" timestamp="2019-08-08T00:00:14.416" />
  <attribute name="elasticGC enabled" value="1" />
  <attribute name= "numThreadsSpecified" value="16" />
  <attribute name="heapSize specified" value="50003968" />
  <attribute name="Current GC Util" value="36" />
  <attribute name= "Current Time Running" value="133338" />
  <attribute name ="GC Interval" value="0" />
  <attribute name="Target GC Util Change" value ="80.000000" />
  <attribute name="Current GC Util Change" value="36.000000"/>
  <attribute name="Current Error" value="-325.000000" />
  <attribute name="Output H" value="50305184"/>
  <attribute name="Output I" value="320"/>
  <attribute name="Output T" value="16"/>
  <attribute name= "Current Time Running" value="133338" />
  <attribute name="GC Util currently" value="36" />
  <attribute name="CPU Util currently" value="36139706314" />
<allocation-satisfied id="2064" threadId="0000000001DD0F00" bytesRequested="32" />
<af-end id="2065" timestamp="2019-08-08T00:00:14.416" threadId="0000000001DD1888" success="true" />
<exclusive-end id="2066" timestamp="2019-08-08T00:00:14.416" durationms="65.310" />

<exclusive-start id="2067" timestamp="2019-08-08T00:00:14.444" intervalms="93.543">
  <response-info timems="1.165" idlems="1.165" threads="0" lastid="0000000001DD0F00" lastname="main" />
</exclusive-start>
<af-start id="2068" threadId="0000000001DD1888" totalBytesRequested="168" timestamp="2019-08-08T00:00:14.444" intervalms="93.499" />
<cycle-start id="2069" type="global" contextid="0" timestamp="2019-08-08T00:00:14.444" intervalms="93.489" />
<gc-start id="2070" type="global" contextid="2069" timestamp="2019-08-08T00:00:14.444">
  <mem-info id="2071" free="502784" total="50331648" percent="0">
    <mem type="tenure" free="502784" total="50331648" percent="0">
      <mem type="soa" free="0" total="49828864" percent="0" />
      <mem type="loa" free="502784" total="502784" percent="100" />
    </mem>
  </mem-info>
</gc-start>
<allocation-stats totalBytes="31834224" >
  <allocated-bytes non-tlh="0" tlh="31834224" />
  <largest-consumer threadName="main" threadId="0000000001DD0F00" bytes="31834224" />
</allocation-stats>
<gc-op id="2072" type="mark" timems="52.939" contextid="2069" timestamp="2019-08-08T00:00:14.497">
  <trace-info objectcount="600565" scancount="521453" scanbytes="13385156" />
  <finalization candidates="80" enqueued="0" />
  <ownableSynchronizers candidates="21" cleared="0" />
  <references type="soft" candidates="3261" cleared="0" enqueued="0" dynamicThreshold="20" maxThreshold="32" />
  <references type="weak" candidates="5608" cleared="0" enqueued="0" />
  <references type="phantom" candidates="97" cleared="0" enqueued="0" />
  <stringconstants candidates="13595" cleared="0"  />
</gc-op>
<gc-op id="2073" type="sweep" timems="4.785" contextid="2069" timestamp="2019-08-08T00:00:14.502" />
<mem-info id="2074" free="32353952" total="50331648" percent="64">
  <mem type="tenure" free="32353952" total="50331648" percent="64" micro-fragmented="0" macro-fragmented="0">
    <mem type="soa" free="31851168" total="49828864" percent="63" />
    <mem type="loa" free="502784" total="502784" percent="100" />
  </mem>
</mem-info>
<gc-op id="2075" type="compact" timems="29.155" contextid="2069" timestamp="2019-08-08T00:00:14.531">
  <compact-info movecount="6" movebytes="288" reason="compact to aid heap contraction" />
</gc-op>
<heap-resize id="2076" type="expand" space="tenure" amount="327680" count="1" timems="0.058" reason="satisfy allocation request" timestamp="2019-08-08T00:00:14.532" />
<gc-end id="2077" type="global" contextid="2069" durationms="88.163" usertimems="288.323" systemtimems="0.000" timestamp="2019-08-08T00:00:14.532" activeThreads="16">
  <mem-info id="2078" free="32616200" total="50659328" percent="64">
    <mem type="tenure" free="32616200" total="50659328" percent="64">
      <mem type="soa" free="32110344" total="50153472" percent="64" />
      <mem type="loa" free="505856" total="505856" percent="100" />
    </mem>
  </mem-info>
</gc-end>
<cycle-end id="2079" type="global" contextid="2069" timestamp="2019-08-08T00:00:14.532" />
  <attribute name="elasticGC enabled" value="1" />
  <attribute name= "numThreadsSpecified" value="16" />
  <attribute name="heapSize specified" value="50331648" />
  <attribute name="Current GC Util" value="31" />
  <attribute name= "Current Time Running" value="133454" />
  <attribute name ="GC Interval" value="0" />
  <attribute name="Target GC Util Change" value ="80.000000" />
  <attribute name="Current GC Util Change" value="31.000000"/>
  <attribute name="Current Error" value="49.000000" />
  <attribute name="Output H" value="50634592"/>
  <attribute name="Output I" value="2264"/>
  <attribute name="Output T" value="16"/>
  <attribute name= "Current Time Running" value="133454" />
  <attribute name="GC Util currently" value="31" />
  <attribute name="CPU Util currently" value="39524015747" />
<allocation-satisfied id="2080" threadId="0000000001DD0F00" bytesRequested="168" />
<af-end id="2081" timestamp="2019-08-08T00:00:14.533" threadId="0000000001DD1888" success="true" />
<exclusive-end id="2082" timestamp="2019-08-08T00:00:14.533" durationms="88.408" />

<exclusive-start id="2083" timestamp="2019-08-08T00:00:14.562" intervalms="118.250">
  <response-info timems="0.041" idlems="0.041" threads="0" lastid="0000000001DD0F00" lastname="main" />
</exclusive-start>
<af-start id="2084" threadId="0000000001DD1888" totalBytesRequested="32" timestamp="2019-08-08T00:00:14.562" intervalms="118.250" />
<cycle-start id="2085" type="global" contextid="0" timestamp="2019-08-08T00:00:14.562" intervalms="118.251" />
<gc-start id="2086" type="global" contextid="2085" timestamp="2019-08-08T00:00:14.563">
  <mem-info id="2087" free="505856" total="50659328" percent="0">
    <mem type="tenure" free="505856" total="50659328" percent="0">
      <mem type="soa" free="0" total="50153472" percent="0" />
      <mem type="loa" free="505856" total="505856" percent="100" />
    </mem>
  </mem-info>
</gc-start>
<allocation-stats totalBytes="32158976" >
  <allocated-bytes non-tlh="0" tlh="32158976" />
  <largest-consumer threadName="main" threadId="0000000001DD0F00" bytes="32158976" />
</allocation-stats>
<gc-op id="2088" type="mark" timems="32.799" contextid="2085" timestamp="2019-08-08T00:00:14.595">
  <trace-info objectcount="600564" scancount="521450" scanbytes="13385124" />
  <finalization candidates="80" enqueued="0" />
  <ownableSynchronizers candidates="21" cleared="0" />
  <references type="soft" candidates="3261" cleared="0" enqueued="0" dynamicThreshold="20" maxThreshold="32" />
  <references type="weak" candidates="5608" cleared="0" enqueued="0" />
  <references type="phantom" candidates="97" cleared="0" enqueued="0" />
  <stringconstants candidates="13595" cleared="0"  />
</gc-op>
<gc-op id="2089" type="sweep" timems="6.601" contextid="2085" timestamp="2019-08-08T00:00:14.602" />
<mem-info id="2090" free="32681720" total="50659328" percent="64">
  <mem type="tenure" free="32681720" total="50659328" percent="64" micro-fragmented="0" macro-fragmented="0">
    <mem type="soa" free="32175864" total="50153472" percent="64" />
    <mem type="loa" free="505856" total="505856" percent="100" />
  </mem>
</mem-info>
<gc-op id="2091" type="compact" timems="29.307" contextid="2085" timestamp="2019-08-08T00:00:14.631">
  <compact-info movecount="5" movebytes="280" reason="compact to aid heap contraction" />
</gc-op>
<heap-resize id="2092" type="expand" space="tenure" amount="327680" count="1" timems="0.022" reason="satisfy allocation request" timestamp="2019-08-08T00:00:14.633" />
<gc-end id="2093" type="global" contextid="2085" durationms="70.747" usertimems="195.838" systemtimems="0.000" timestamp="2019-08-08T00:00:14.633" activeThreads="16">
  <mem-info id="2094" free="32943888" total="50987008" percent="64">
    <mem type="tenure" free="32943888" total="50987008" percent="64">
      <mem type="soa" free="32434960" total="50478080" percent="64" />
      <mem type="loa" free="508928" total="508928" percent="100" />
    </mem>
  </mem-info>
</gc-end>
<cycle-end id="2095" type="global" contextid="2085" timestamp="2019-08-08T00:00:14.633" />
  <attribute name="elasticGC enabled" value="1" />
  <attribute name= "numThreadsSpecified" value="16" />
  <attribute name="heapSize specified" value="50659328" />
  <attribute name="Current GC Util" value="38" />
  <attribute name= "Current Time Running" value="133555" />
  <attribute name ="GC Interval" value="0" />
  <attribute name="Target GC Util Change" value ="80.000000" />
  <attribute name="Current GC Util Change" value="38.000000"/>
  <attribute name="Current Error" value="-266.000000" />
  <attribute name="Output H" value="50960816"/>
  <attribute name="Output I" value="632"/>
  <attribute name="Output T" value="16"/>
  <attribute name= "Current Time Running" value="133555" />
  <attribute name="GC Util currently" value="38" />
  <attribute name="CPU Util currently" value="39208014424" />
<allocation-satisfied id="2096" threadId="0000000001DD0F00" bytesRequested="32" />
<af-end id="2097" timestamp="2019-08-08T00:00:14.634" threadId="0000000001DD1888" success="true" />
<exclusive-end id="2098" timestamp="2019-08-08T00:00:14.634" durationms="71.142" />

<exclusive-start id="2099" timestamp="2019-08-08T00:00:14.661" intervalms="98.246">
  <response-info timems="0.038" idlems="0.038" threads="0" lastid="0000000001DD0F00" lastname="main" />
</exclusive-start>
<af-start id="2100" threadId="0000000001DD1888" totalBytesRequested="168" timestamp="2019-08-08T00:00:14.661" intervalms="98.265" />
<cycle-start id="2101" type="global" contextid="0" timestamp="2019-08-08T00:00:14.661" intervalms="98.282" />
<gc-start id="2102" type="global" contextid="2101" timestamp="2019-08-08T00:00:14.661">
  <mem-info id="2103" free="508928" total="50987008" percent="0">
    <mem type="tenure" free="508928" total="50987008" percent="0">
      <mem type="soa" free="0" total="50478080" percent="0" />
      <mem type="loa" free="508928" total="508928" percent="100" />
    </mem>
  </mem-info>
</gc-start>
<allocation-stats totalBytes="32483048" >
  <allocated-bytes non-tlh="0" tlh="32483048" />
  <largest-consumer threadName="main" threadId="0000000001DD0F00" bytes="32483048" />
</allocation-stats>
<gc-op id="2104" type="mark" timems="15.139" contextid="2101" timestamp="2019-08-08T00:00:14.676">
  <trace-info objectcount="600565" scancount="521451" scanbytes="13385156" />
  <finalization candidates="80" enqueued="0" />
  <ownableSynchronizers candidates="21" cleared="0" />
  <references type="soft" candidates="3261" cleared="0" enqueued="0" dynamicThreshold="20" maxThreshold="32" />
  <references type="weak" candidates="5608" cleared="0" enqueued="0" />
  <references type="phantom" candidates="97" cleared="0" enqueued="0" />
  <stringconstants candidates="13595" cleared="0"  />
</gc-op>
<gc-op id="2105" type="sweep" timems="4.527" contextid="2101" timestamp="2019-08-08T00:00:14.681" />
<mem-info id="2106" free="33009336" total="50987008" percent="64">
  <mem type="tenure" free="33009336" total="50987008" percent="64" micro-fragmented="0" macro-fragmented="0">
    <mem type="soa" free="32500408" total="50478080" percent="64" />
    <mem type="loa" free="508928" total="508928" percent="100" />
  </mem>
</mem-info>
<gc-op id="2107" type="compact" timems="29.219" contextid="2101" timestamp="2019-08-08T00:00:14.710">
  <compact-info movecount="6" movebytes="280" reason="compact to aid heap contraction" />
</gc-op>
<heap-resize id="2108" type="expand" space="tenure" amount="327680" count="1" timems="0.017" reason="satisfy allocation request" timestamp="2019-08-08T00:00:14.710" />
<gc-end id="2109" type="global" contextid="2101" durationms="49.605" usertimems="119.079" systemtimems="0.000" timestamp="2019-08-08T00:00:14.710" activeThreads="16">
  <mem-info id="2110" free="33271568" total="51314688" percent="64">
    <mem type="tenure" free="33271568" total="51314688" percent="64">
      <mem type="soa" free="32758544" total="50801664" percent="64" />
      <mem type="loa" free="513024" total="513024" percent="100" />
    </mem>
  </mem-info>
</gc-end>
<cycle-end id="2111" type="global" contextid="2101" timestamp="2019-08-08T00:00:14.711" />
  <attribute name="elasticGC enabled" value="1" />
  <attribute name= "numThreadsSpecified" value="16" />
  <attribute name="heapSize specified" value="50987008" />
  <attribute name="Current GC Util" value="45" />
  <attribute name= "Current Time Running" value="133633" />
  <attribute name ="GC Interval" value="0" />
  <attribute name="Target GC Util Change" value ="80.000000" />
  <attribute name="Current GC Util Change" value="45.000000"/>
  <attribute name="Current Error" value="-290.000000" />
  <attribute name="Output H" value="51288384"/>
  <attribute name="Output I" value="504"/>
  <attribute name="Output T" value="16"/>
  <attribute name= "Current Time Running" value="133633" />
  <attribute name="GC Util currently" value="45" />
  <attribute name="CPU Util currently" value="39427472254" />
<allocation-satisfied id="2112" threadId="0000000001DD0F00" bytesRequested="168" />
<af-end id="2113" timestamp="2019-08-08T00:00:14.711" threadId="0000000001DD1888" success="true" />
<exclusive-end id="2114" timestamp="2019-08-08T00:00:14.711" durationms="49.957" />

<exclusive-start id="2115" timestamp="2019-08-08T00:00:14.737" intervalms="76.394">
  <response-info timems="0.042" idlems="0.042" threads="0" lastid="0000000001DD0F00" lastname="main" />
</exclusive-start>
<af-start id="2116" threadId="0000000001DD1888" totalBytesRequested="48" timestamp="2019-08-08T00:00:14.737" intervalms="76.371" />
<cycle-start id="2117" type="global" contextid="0" timestamp="2019-08-08T00:00:14.737" intervalms="76.354" />
<gc-start id="2118" type="global" contextid="2117" timestamp="2019-08-08T00:00:14.737">
  <mem-info id="2119" free="513024" total="51314688" percent="0">
    <mem type="tenure" free="513024" total="51314688" percent="0">
      <mem type="soa" free="0" total="50801664" percent="0" />
      <mem type="loa" free="513024" total="513024" percent="100" />
    </mem>
  </mem-info>
</gc-start>
<allocation-stats totalBytes="32807096" >
  <allocated-bytes non-tlh="0" tlh="32807096" />
  <largest-consumer threadName="main" threadId="0000000001DD0F00" bytes="32807096" />
</allocation-stats>
<gc-op id="2120" type="mark" timems="22.315" contextid="2117" timestamp="2019-08-08T00:00:14.760">
  <trace-info objectcount="600565" scancount="521451" scanbytes="13385156" />
  <finalization candidates="80" enqueued="0" />
  <ownableSynchronizers candidates="21" cleared="0" />
  <references type="soft" candidates="3261" cleared="0" enqueued="0" dynamicThreshold="20" maxThreshold="32" />
  <references type="weak" candidates="5608" cleared="0" enqueued="0" />
  <references type="phantom" candidates="97" cleared="0" enqueued="0" />
  <stringconstants candidates="13595" cleared="0"  />
</gc-op>
<gc-op id="2121" type="sweep" timems="3.594" contextid="2117" timestamp="2019-08-08T00:00:14.763" />
<mem-info id="2122" free="33336952" total="51314688" percent="64">
  <mem type="tenure" free="33336952" total="51314688" percent="64" micro-fragmented="0" macro-fragmented="0">
    <mem type="soa" free="32823928" total="50801664" percent="64" />
    <mem type="loa" free="513024" total="513024" percent="100" />
  </mem>
</mem-info>
<gc-op id="2123" type="compact" timems="26.920" contextid="2117" timestamp="2019-08-08T00:00:14.790">
  <compact-info movecount="6" movebytes="160" reason="compact to aid heap contraction" />
</gc-op>
<heap-resize id="2124" type="expand" space="tenure" amount="327680" count="1" timems="0.022" reason="satisfy allocation request" timestamp="2019-08-08T00:00:14.791" />
<gc-end id="2125" type="global" contextid="2117" durationms="53.651" usertimems="162.919" systemtimems="0.000" timestamp="2019-08-08T00:00:14.791" activeThreads="16">
  <mem-info id="2126" free="33599368" total="51642368" percent="65">
    <mem type="tenure" free="33599368" total="51642368" percent="65">
      <mem type="soa" free="33083272" total="51126272" percent="64" />
      <mem type="loa" free="516096" total="516096" percent="100" />
    </mem>
  </mem-info>
</gc-end>
<cycle-end id="2127" type="global" contextid="2117" timestamp="2019-08-08T00:00:14.791" />
  <attribute name="elasticGC enabled" value="1" />
  <attribute name= "numThreadsSpecified" value="16" />
  <attribute name="heapSize specified" value="51314688" />
  <attribute name="Current GC Util" value="114" />
  <attribute name= "Current Time Running" value="133713" />
  <attribute name ="GC Interval" value="0" />
  <attribute name="Target GC Util Change" value ="80.000000" />
  <attribute name="Current GC Util Change" value="114.000000"/>
  <attribute name="Current Error" value="-34.000000" />
  <attribute name="Output H" value="51617248"/>
  <attribute name="Output I" value="1832"/>
  <attribute name="Output T" value="16"/>
  <attribute name= "Current Time Running" value="133713" />
  <attribute name="GC Util currently" value="114" />
  <attribute name="CPU Util currently" value="42752208618" />
<allocation-satisfied id="2128" threadId="0000000001DD0F00" bytesRequested="48" />
<af-end id="2129" timestamp="2019-08-08T00:00:14.791" threadId="0000000001DD1888" success="true" />
<exclusive-end id="2130" timestamp="2019-08-08T00:00:14.791" durationms="53.873" />

<exclusive-start id="2131" timestamp="2019-08-08T00:00:14.839" intervalms="101.750">
  <response-info timems="0.052" idlems="0.052" threads="0" lastid="0000000001DD0F00" lastname="main" />
</exclusive-start>
<af-start id="2132" threadId="0000000001DD1888" totalBytesRequested="304" timestamp="2019-08-08T00:00:14.839" intervalms="101.769" />
<cycle-start id="2133" type="global" contextid="0" timestamp="2019-08-08T00:00:14.839" intervalms="101.778" />
<gc-start id="2134" type="global" contextid="2133" timestamp="2019-08-08T00:00:14.839">
  <mem-info id="2135" free="516096" total="51642368" percent="0">
    <mem type="tenure" free="516096" total="51642368" percent="0">
      <mem type="soa" free="0" total="51126272" percent="0" />
      <mem type="loa" free="516096" total="516096" percent="100" />
    </mem>
  </mem-info>
</gc-start>
<allocation-stats totalBytes="33120968" >
  <allocated-bytes non-tlh="0" tlh="33120968" />
  <largest-consumer threadName="main" threadId="0000000001DD0F00" bytes="33120968" />
</allocation-stats>
<gc-op id="2136" type="mark" timems="9.322" contextid="2133" timestamp="2019-08-08T00:00:14.848">
  <trace-info objectcount="600572" scancount="521459" scanbytes="13385324" />
  <finalization candidates="80" enqueued="0" />
  <ownableSynchronizers candidates="21" cleared="0" />
  <references type="soft" candidates="3261" cleared="0" enqueued="0" dynamicThreshold="20" maxThreshold="32" />
  <references type="weak" candidates="5608" cleared="0" enqueued="0" />
  <references type="phantom" candidates="97" cleared="0" enqueued="0" />
  <stringconstants candidates="13595" cleared="0"  />
</gc-op>
<gc-op id="2137" type="sweep" timems="9.377" contextid="2133" timestamp="2019-08-08T00:00:14.858" />
<mem-info id="2138" free="33663504" total="51642368" percent="65">
  <mem type="tenure" free="33663504" total="51642368" percent="65" micro-fragmented="0" macro-fragmented="0">
    <mem type="soa" free="33147408" total="51126272" percent="64" />
    <mem type="loa" free="516096" total="516096" percent="100" />
  </mem>
</mem-info>
<gc-op id="2139" type="compact" timems="30.265" contextid="2133" timestamp="2019-08-08T00:00:14.888">
  <compact-info movecount="25" movebytes="1520" reason="compact to aid heap contraction" />
</gc-op>
<heap-resize id="2140" type="expand" space="tenure" amount="327680" count="1" timems="0.078" reason="satisfy allocation request" timestamp="2019-08-08T00:00:14.889" />
<gc-end id="2141" type="global" contextid="2133" durationms="49.956" usertimems="147.685" systemtimems="0.000" timestamp="2019-08-08T00:00:14.889" activeThreads="16">
  <mem-info id="2142" free="33926616" total="51970048" percent="65">
    <mem type="tenure" free="33926616" total="51970048" percent="65">
      <mem type="soa" free="33407448" total="51450880" percent="64" />
      <mem type="loa" free="519168" total="519168" percent="100" />
    </mem>
  </mem-info>
</gc-end>
<cycle-end id="2143" type="global" contextid="2133" timestamp="2019-08-08T00:00:14.889" />
  <attribute name="elasticGC enabled" value="1" />
  <attribute name= "numThreadsSpecified" value="16" />
  <attribute name="heapSize specified" value="51642368" />
  <attribute name="Current GC Util" value="38" />
  <attribute name= "Current Time Running" value="133811" />
  <attribute name ="GC Interval" value="0" />
  <attribute name="Target GC Util Change" value ="80.000000" />
  <attribute name="Current GC Util Change" value="38.000000"/>
  <attribute name="Current Error" value="-349.000000" />
  <attribute name="Output H" value="51943472"/>
  <attribute name="Output I" value="200"/>
  <attribute name="Output T" value="16"/>
  <attribute name= "Current Time Running" value="133811" />
  <attribute name="GC Util currently" value="38" />
  <attribute name="CPU Util currently" value="38044214131" />
<allocation-satisfied id="2144" threadId="0000000001DD0F00" bytesRequested="304" />
<af-end id="2145" timestamp="2019-08-08T00:00:14.889" threadId="0000000001DD1888" success="true" />
<exclusive-end id="2146" timestamp="2019-08-08T00:00:14.889" durationms="50.265" />

<exclusive-start id="2147" timestamp="2019-08-08T00:00:14.924" intervalms="85.160">
  <response-info timems="0.125" idlems="0.125" threads="0" lastid="0000000001DD0F00" lastname="main" />
</exclusive-start>
<af-start id="2148" threadId="0000000001DD1888" totalBytesRequested="16" timestamp="2019-08-08T00:00:14.924" intervalms="85.152" />
<cycle-start id="2149" type="global" contextid="0" timestamp="2019-08-08T00:00:14.924" intervalms="85.151" />
<gc-start id="2150" type="global" contextid="2149" timestamp="2019-08-08T00:00:14.924">
  <mem-info id="2151" free="519168" total="51970048" percent="0">
    <mem type="tenure" free="519168" total="51970048" percent="0">
      <mem type="soa" free="0" total="51450880" percent="0" />
      <mem type="loa" free="519168" total="519168" percent="100" />
    </mem>
  </mem-info>
</gc-start>
<allocation-stats totalBytes="33442624" >
  <allocated-bytes non-tlh="0" tlh="33442624" />
  <largest-consumer threadName="main" threadId="0000000001DD0F00" bytes="33442624" />
</allocation-stats>
<gc-op id="2152" type="mark" timems="82.931" contextid="2149" timestamp="2019-08-08T00:00:15.007">
  <trace-info objectcount="600573" scancount="521461" scanbytes="13385324" />
  <finalization candidates="80" enqueued="0" />
  <ownableSynchronizers candidates="21" cleared="0" />
  <references type="soft" candidates="3261" cleared="0" enqueued="0" dynamicThreshold="20" maxThreshold="32" />
  <references type="weak" candidates="5608" cleared="0" enqueued="0" />
  <references type="phantom" candidates="97" cleared="0" enqueued="0" />
  <stringconstants candidates="13595" cleared="0"  />
</gc-op>
<gc-op id="2153" type="sweep" timems="6.358" contextid="2149" timestamp="2019-08-08T00:00:15.013" />
<mem-info id="2154" free="33992392" total="51970048" percent="65">
  <mem type="tenure" free="33992392" total="51970048" percent="65" micro-fragmented="0" macro-fragmented="0">
    <mem type="soa" free="33473224" total="51450880" percent="65" />
    <mem type="loa" free="519168" total="519168" percent="100" />
  </mem>
</mem-info>
<gc-op id="2155" type="compact" timems="26.999" contextid="2149" timestamp="2019-08-08T00:00:15.041">
  <compact-info movecount="7" movebytes="184" reason="compact to aid heap contraction" />
</gc-op>
<heap-resize id="2156" type="expand" space="tenure" amount="327680" count="1" timems="0.022" reason="satisfy allocation request" timestamp="2019-08-08T00:00:15.041" />
<gc-end id="2157" type="global" contextid="2149" durationms="117.161" usertimems="433.951" systemtimems="5.580" timestamp="2019-08-08T00:00:15.041" activeThreads="16">
  <mem-info id="2158" free="34254544" total="52297728" percent="65">
    <mem type="tenure" free="34254544" total="52297728" percent="65">
      <mem type="soa" free="33732304" total="51775488" percent="65" />
      <mem type="loa" free="522240" total="522240" percent="100" />
    </mem>
  </mem-info>
</gc-end>
<cycle-end id="2159" type="global" contextid="2149" timestamp="2019-08-08T00:00:15.041" />
  <attribute name="elasticGC enabled" value="1" />
  <attribute name= "numThreadsSpecified" value="16" />
  <attribute name="heapSize specified" value="51970048" />
  <attribute name="Current GC Util" value="41" />
  <attribute name= "Current Time Running" value="133964" />
  <attribute name ="GC Interval" value="0" />
  <attribute name="Target GC Util Change" value ="80.000000" />
  <attribute name="Current GC Util Change" value="41.000000"/>
  <attribute name="Current Error" value="-222.000000" />
  <attribute name="Output H" value="52271736"/>
  <attribute name="Output I" value="856"/>
  <attribute name="Output T" value="16"/>
  <attribute name= "Current Time Running" value="133964" />
  <attribute name="GC Util currently" value="41" />
  <attribute name="CPU Util currently" value="42786710746" />
<allocation-satisfied id="2160" threadId="0000000001DD0F00" bytesRequested="16" />
<af-end id="2161" timestamp="2019-08-08T00:00:15.041" threadId="0000000001DD1888" success="true" />
<exclusive-end id="2162" timestamp="2019-08-08T00:00:15.041" durationms="117.490" />

<exclusive-start id="2163" timestamp="2019-08-08T00:00:15.087" intervalms="162.688">
  <response-info timems="0.056" idlems="0.056" threads="0" lastid="0000000001DD0F00" lastname="main" />
</exclusive-start>
<af-start id="2164" threadId="0000000001DD1888" totalBytesRequested="136" timestamp="2019-08-08T00:00:15.087" intervalms="162.692" />
<cycle-start id="2165" type="global" contextid="0" timestamp="2019-08-08T00:00:15.087" intervalms="162.694" />
<gc-start id="2166" type="global" contextid="2165" timestamp="2019-08-08T00:00:15.087">
  <mem-info id="2167" free="522240" total="52297728" percent="0">
    <mem type="tenure" free="522240" total="52297728" percent="0">
      <mem type="soa" free="0" total="51775488" percent="0" />
      <mem type="loa" free="522240" total="522240" percent="100" />
    </mem>
  </mem-info>
</gc-start>
<allocation-stats totalBytes="33771208" >
  <allocated-bytes non-tlh="0" tlh="33771208" />
  <largest-consumer threadName="main" threadId="0000000001DD0F00" bytes="33771208" />
</allocation-stats>
<gc-op id="2168" type="mark" timems="18.174" contextid="2165" timestamp="2019-08-08T00:00:15.105">
  <trace-info objectcount="600594" scancount="521487" scanbytes="13386332" />
  <finalization candidates="80" enqueued="0" />
  <ownableSynchronizers candidates="21" cleared="0" />
  <references type="soft" candidates="3261" cleared="0" enqueued="0" dynamicThreshold="20" maxThreshold="32" />
  <references type="weak" candidates="5608" cleared="0" enqueued="0" />
  <references type="phantom" candidates="97" cleared="0" enqueued="0" />
  <stringconstants candidates="13595" cleared="0"  />
</gc-op>
<gc-op id="2169" type="sweep" timems="2.853" contextid="2165" timestamp="2019-08-08T00:00:15.108" />
<mem-info id="2170" free="34318496" total="52297728" percent="65">
  <mem type="tenure" free="34318496" total="52297728" percent="65" micro-fragmented="0" macro-fragmented="0">
    <mem type="soa" free="33796256" total="51775488" percent="65" />
    <mem type="loa" free="522240" total="522240" percent="100" />
  </mem>
</mem-info>
<gc-op id="2171" type="compact" timems="26.811" contextid="2165" timestamp="2019-08-08T00:00:15.135">
  <compact-info movecount="39" movebytes="1560" reason="compact to aid heap contraction" />
</gc-op>
<heap-resize id="2172" type="expand" space="tenure" amount="327680" count="1" timems="0.019" reason="satisfy allocation request" timestamp="2019-08-08T00:00:15.136" />
<gc-end id="2173" type="global" contextid="2165" durationms="48.589" usertimems="131.690" systemtimems="0.000" timestamp="2019-08-08T00:00:15.136" activeThreads="16">
  <mem-info id="2174" free="34581256" total="52625408" percent="65">
    <mem type="tenure" free="34581256" total="52625408" percent="65">
      <mem type="soa" free="34055944" total="52100096" percent="65" />
      <mem type="loa" free="525312" total="525312" percent="100" />
    </mem>
  </mem-info>
</gc-end>
<cycle-end id="2175" type="global" contextid="2165" timestamp="2019-08-08T00:00:15.136" />
  <attribute name="elasticGC enabled" value="1" />
  <attribute name= "numThreadsSpecified" value="16" />
  <attribute name="heapSize specified" value="52297728" />
  <attribute name="Current GC Util" value="34" />
  <attribute name= "Current Time Running" value="134058" />
  <attribute name ="GC Interval" value="0" />
  <attribute name="Target GC Util Change" value ="80.000000" />
  <attribute name="Current GC Util Change" value="34.000000"/>
  <attribute name="Current Error" value="46.000000" />
  <attribute name="Output H" value="52600656"/>
  <attribute name="Output I" value="2248"/>
  <attribute name="Output T" value="16"/>
  <attribute name= "Current Time Running" value="134058" />
  <attribute name="GC Util currently" value="34" />
  <attribute name="CPU Util currently" value="43002567924" />
<allocation-satisfied id="2176" threadId="0000000001DD0F00" bytesRequested="136" />
<af-end id="2177" timestamp="2019-08-08T00:00:15.136" threadId="0000000001DD1888" success="true" />
<exclusive-end id="2178" timestamp="2019-08-08T00:00:15.136" durationms="49.216" />

<exclusive-start id="2179" timestamp="2019-08-08T00:00:15.243" intervalms="156.624">
  <response-info timems="0.172" idlems="0.172" threads="0" lastid="0000000001DD0F00" lastname="main" />
</exclusive-start>
<af-start id="2180" threadId="0000000001DD1888" totalBytesRequested="24" timestamp="2019-08-08T00:00:15.243" intervalms="156.614" />
<cycle-start id="2181" type="global" contextid="0" timestamp="2019-08-08T00:00:15.243" intervalms="156.604" />
<gc-start id="2182" type="global" contextid="2181" timestamp="2019-08-08T00:00:15.243">
  <mem-info id="2183" free="525312" total="52625408" percent="0">
    <mem type="tenure" free="525312" total="52625408" percent="0">
      <mem type="soa" free="0" total="52100096" percent="0" />
      <mem type="loa" free="525312" total="525312" percent="100" />
    </mem>
  </mem-info>
</gc-start>
<allocation-stats totalBytes="34113912" >
  <allocated-bytes non-tlh="0" tlh="34113912" />
  <largest-consumer threadName="main" threadId="0000000001DD0F00" bytes="34113912" />
</allocation-stats>
<gc-op id="2184" type="mark" timems="8.878" contextid="2181" timestamp="2019-08-08T00:00:15.252">
  <trace-info objectcount="600596" scancount="521477" scanbytes="13386444" />
  <finalization candidates="80" enqueued="0" />
  <ownableSynchronizers candidates="21" cleared="0" />
  <references type="soft" candidates="3261" cleared="0" enqueued="0" dynamicThreshold="21" maxThreshold="32" />
  <references type="weak" candidates="5608" cleared="0" enqueued="0" />
  <references type="phantom" candidates="97" cleared="0" enqueued="0" />
  <stringconstants candidates="13595" cleared="0"  />
</gc-op>
<gc-op id="2185" type="sweep" timems="2.560" contextid="2181" timestamp="2019-08-08T00:00:15.255" />
<mem-info id="2186" free="34646608" total="52625408" percent="65">
  <mem type="tenure" free="34646608" total="52625408" percent="65" micro-fragmented="0" macro-fragmented="0">
    <mem type="soa" free="34121296" total="52100096" percent="65" />
    <mem type="loa" free="525312" total="525312" percent="100" />
  </mem>
</mem-info>
<gc-op id="2187" type="compact" timems="31.644" contextid="2181" timestamp="2019-08-08T00:00:15.287">
  <compact-info movecount="23" movebytes="1088" reason="compact to aid heap contraction" />
</gc-op>
<heap-resize id="2188" type="expand" space="tenure" amount="327680" count="1" timems="0.019" reason="satisfy allocation request" timestamp="2019-08-08T00:00:15.288" />
<gc-end id="2189" type="global" contextid="2181" durationms="44.357" usertimems="125.418" systemtimems="12.097" timestamp="2019-08-08T00:00:15.288" activeThreads="16">
  <mem-info id="2190" free="34908824" total="52953088" percent="65">
    <mem type="tenure" free="34908824" total="52953088" percent="65">
      <mem type="soa" free="34379416" total="52423680" percent="65" />
      <mem type="loa" free="529408" total="529408" percent="100" />
    </mem>
  </mem-info>
</gc-end>
<cycle-end id="2191" type="global" contextid="2181" timestamp="2019-08-08T00:00:15.288" />
  <attribute name="elasticGC enabled" value="1" />
  <attribute name= "numThreadsSpecified" value="16" />
  <attribute name="heapSize specified" value="52625408" />
  <attribute name="Current GC Util" value="47" />
  <attribute name= "Current Time Running" value="134210" />
  <attribute name ="GC Interval" value="0" />
  <attribute name="Target GC Util Change" value ="80.000000" />
  <attribute name="Current GC Util Change" value="47.000000"/>
  <attribute name="Current Error" value="-303.000000" />
  <attribute name="Output H" value="52926728"/>
  <attribute name="Output I" value="440"/>
  <attribute name="Output T" value="16"/>
  <attribute name= "Current Time Running" value="134210" />
  <attribute name="GC Util currently" value="47" />
  <attribute name="CPU Util currently" value="36401616388" />
<allocation-satisfied id="2192" threadId="0000000001DD0F00" bytesRequested="24" />
<af-end id="2193" timestamp="2019-08-08T00:00:15.288" threadId="0000000001DD1888" success="true" />
<exclusive-end id="2194" timestamp="2019-08-08T00:00:15.288" durationms="44.651" />

<exclusive-start id="2195" timestamp="2019-08-08T00:00:15.390" intervalms="147.015">
  <response-info timems="0.077" idlems="0.077" threads="0" lastid="0000000001DD0F00" lastname="main" />
</exclusive-start>
<af-start id="2196" threadId="0000000001DD1888" totalBytesRequested="136" timestamp="2019-08-08T00:00:15.390" intervalms="147.023" />
<cycle-start id="2197" type="global" contextid="0" timestamp="2019-08-08T00:00:15.390" intervalms="147.030" />
<gc-start id="2198" type="global" contextid="2197" timestamp="2019-08-08T00:00:15.390">
  <mem-info id="2199" free="529408" total="52953088" percent="0">
    <mem type="tenure" free="529408" total="52953088" percent="0">
      <mem type="soa" free="0" total="52423680" percent="0" />
      <mem type="loa" free="529408" total="529408" percent="100" />
    </mem>
  </mem-info>
</gc-start>
<allocation-stats totalBytes="34437448" >
  <allocated-bytes non-tlh="0" tlh="34437448" />
  <largest-consumer threadName="main" threadId="0000000001DD0F00" bytes="34437448" />
</allocation-stats>
<gc-op id="2200" type="mark" timems="15.287" contextid="2197" timestamp="2019-08-08T00:00:15.406">
  <trace-info objectcount="600591" scancount="521478" scanbytes="13386148" />
  <finalization candidates="80" enqueued="0" />
  <ownableSynchronizers candidates="21" cleared="0" />
  <references type="soft" candidates="3261" cleared="0" enqueued="0" dynamicThreshold="21" maxThreshold="32" />
  <references type="weak" candidates="5608" cleared="0" enqueued="0" />
  <references type="phantom" candidates="97" cleared="0" enqueued="0" />
  <stringconstants candidates="13595" cleared="0"  />
</gc-op>
<gc-op id="2201" type="sweep" timems="1.911" contextid="2197" timestamp="2019-08-08T00:00:15.408" />
<mem-info id="2202" free="34974424" total="52953088" percent="66">
  <mem type="tenure" free="34974424" total="52953088" percent="66" micro-fragmented="0" macro-fragmented="0">
    <mem type="soa" free="34445016" total="52423680" percent="65" />
    <mem type="loa" free="529408" total="529408" percent="100" />
  </mem>
</mem-info>
<gc-op id="2203" type="compact" timems="31.515" contextid="2197" timestamp="2019-08-08T00:00:15.439">
  <compact-info movecount="18" movebytes="792" reason="compact to aid heap contraction" />
</gc-op>
<heap-resize id="2204" type="expand" space="tenure" amount="327680" count="1" timems="0.018" reason="satisfy allocation request" timestamp="2019-08-08T00:00:15.440" />
<gc-end id="2205" type="global" contextid="2197" durationms="50.133" usertimems="135.905" systemtimems="2.506" timestamp="2019-08-08T00:00:15.441" activeThreads="16">
  <mem-info id="2206" free="35236800" total="53280768" percent="66">
    <mem type="tenure" free="35236800" total="53280768" percent="66">
      <mem type="soa" free="34704320" total="52748288" percent="65" />
      <mem type="loa" free="532480" total="532480" percent="100" />
    </mem>
  </mem-info>
</gc-end>
<cycle-end id="2207" type="global" contextid="2197" timestamp="2019-08-08T00:00:15.441" />
  <attribute name="elasticGC enabled" value="1" />
  <attribute name= "numThreadsSpecified" value="16" />
  <attribute name="heapSize specified" value="52953088" />
  <attribute name="Current GC Util" value="26" />
  <attribute name= "Current Time Running" value="134362" />
  <attribute name ="GC Interval" value="0" />
  <attribute name="Target GC Util Change" value ="80.000000" />
  <attribute name="Current GC Util Change" value="26.000000"/>
  <attribute name="Current Error" value="-403.000000" />
  <attribute name="Output H" value="53253944"/>
  <attribute name="Output I" value="200"/>
  <attribute name="Output T" value="16"/>
  <attribute name= "Current Time Running" value="134362" />
  <attribute name="GC Util currently" value="26" />
  <attribute name="CPU Util currently" value="36554152988" />
<allocation-satisfied id="2208" threadId="0000000001DD0F00" bytesRequested="136" />
<af-end id="2209" timestamp="2019-08-08T00:00:15.441" threadId="0000000001DD1888" success="true" />
<exclusive-end id="2210" timestamp="2019-08-08T00:00:15.441" durationms="50.651" />

<exclusive-start id="2211" timestamp="2019-08-08T00:00:16.969" intervalms="1578.642">
  <response-info timems="0.132" idlems="0.132" threads="0" lastid="0000000001DD0F00" lastname="main" />
</exclusive-start>
<af-start id="2212" threadId="0000000001DD1888" totalBytesRequested="4008" timestamp="2019-08-08T00:00:16.969" intervalms="1578.630" />
<cycle-start id="2213" type="global" contextid="0" timestamp="2019-08-08T00:00:16.969" intervalms="1578.622" />
<gc-start id="2214" type="global" contextid="2213" timestamp="2019-08-08T00:00:16.969">
  <mem-info id="2215" free="532480" total="53280768" percent="0">
    <mem type="tenure" free="532480" total="53280768" percent="0">
      <mem type="soa" free="0" total="52748288" percent="0" />
      <mem type="loa" free="532480" total="532480" percent="100" />
    </mem>
  </mem-info>
</gc-start>
<allocation-stats totalBytes="33238312" >
  <allocated-bytes non-tlh="0" tlh="33238312" />
  <largest-consumer threadName="main" threadId="0000000001DD0F00" bytes="33238312" />
</allocation-stats>
<gc-op id="2216" type="mark" timems="10.045" contextid="2213" timestamp="2019-08-08T00:00:16.979">
  <trace-info objectcount="600633" scancount="521521" scanbytes="13392544" />
  <finalization candidates="80" enqueued="0" />
  <ownableSynchronizers candidates="21" cleared="0" />
  <references type="soft" candidates="3261" cleared="0" enqueued="0" dynamicThreshold="21" maxThreshold="32" />
  <references type="weak" candidates="5608" cleared="0" enqueued="0" />
  <references type="phantom" candidates="97" cleared="0" enqueued="0" />
  <stringconstants candidates="13595" cleared="0"  />
</gc-op>
<gc-op id="2217" type="sweep" timems="1.541" contextid="2213" timestamp="2019-08-08T00:00:16.981" />
<mem-info id="2218" free="35294008" total="53280768" percent="66">
  <mem type="tenure" free="35294008" total="53280768" percent="66" micro-fragmented="0" macro-fragmented="0">
    <mem type="soa" free="34761528" total="52748288" percent="65" />
    <mem type="loa" free="532480" total="532480" percent="100" />
  </mem>
</mem-info>
<gc-op id="2219" type="compact" timems="23.570" contextid="2213" timestamp="2019-08-08T00:00:17.004">
  <compact-info movecount="71" movebytes="7664" reason="compact to aid heap contraction" />
</gc-op>
<heap-resize id="2220" type="expand" space="tenure" amount="327680" count="1" timems="0.039" reason="satisfy allocation request" timestamp="2019-08-08T00:00:17.005" />
<gc-end id="2221" type="global" contextid="2213" durationms="35.817" usertimems="91.337" systemtimems="0.000" timestamp="2019-08-08T00:00:17.005" activeThreads="16">
  <mem-info id="2222" free="35558032" total="53608448" percent="66">
    <mem type="tenure" free="35558032" total="53608448" percent="66">
      <mem type="soa" free="35022480" total="53072896" percent="65" />
      <mem type="loa" free="535552" total="535552" percent="100" />
    </mem>
  </mem-info>
</gc-end>
<cycle-end id="2223" type="global" contextid="2213" timestamp="2019-08-08T00:00:17.005" />
  <attribute name="elasticGC enabled" value="1" />
  <attribute name= "numThreadsSpecified" value="16" />
  <attribute name="heapSize specified" value="53280768" />
  <attribute name="Current GC Util" value="34" />
  <attribute name= "Current Time Running" value="135927" />
  <attribute name ="GC Interval" value="0" />
  <attribute name="Target GC Util Change" value ="80.000000" />
  <attribute name="Current GC Util Change" value="34.000000"/>
  <attribute name="Current Error" value="46.000000" />
  <attribute name="Output H" value="53583696"/>
  <attribute name="Output I" value="2248"/>
  <attribute name="Output T" value="16"/>
  <attribute name= "Current Time Running" value="135927" />
  <attribute name="GC Util currently" value="34" />
  <attribute name="CPU Util currently" value="48836827851" />
<allocation-satisfied id="2224" threadId="0000000001DD0F00" bytesRequested="4008" />
<af-end id="2225" timestamp="2019-08-08T00:00:17.005" threadId="0000000001DD1888" success="true" />
<exclusive-end id="2226" timestamp="2019-08-08T00:00:17.005" durationms="36.013" />

<exclusive-start id="2227" timestamp="2019-08-08T00:00:17.044" intervalms="75.309">
  <response-info timems="0.251" idlems="0.251" threads="0" lastid="0000000001DD0F00" lastname="main" />
</exclusive-start>
<af-start id="2228" threadId="0000000001DD1888" totalBytesRequested="11768" timestamp="2019-08-08T00:00:17.044" intervalms="75.314" />
<cycle-start id="2229" type="global" contextid="0" timestamp="2019-08-08T00:00:17.044" intervalms="75.322" />
<gc-start id="2230" type="global" contextid="2229" timestamp="2019-08-08T00:00:17.044">
  <mem-info id="2231" free="535552" total="53608448" percent="0">
    <mem type="tenure" free="535552" total="53608448" percent="0">
      <mem type="soa" free="0" total="53072896" percent="0" />
      <mem type="loa" free="535552" total="535552" percent="100" />
    </mem>
  </mem-info>
</gc-start>
<allocation-stats totalBytes="32918784" >
  <allocated-bytes non-tlh="0" tlh="32918784" />
  <largest-consumer threadName="main" threadId="0000000001DD0F00" bytes="32918784" />
</allocation-stats>
<gc-op id="2232" type="mark" timems="12.732" contextid="2229" timestamp="2019-08-08T00:00:17.057">
  <trace-info objectcount="600635" scancount="521523" scanbytes="13400708" />
  <finalization candidates="80" enqueued="0" />
  <ownableSynchronizers candidates="21" cleared="0" />
  <references type="soft" candidates="3261" cleared="0" enqueued="0" dynamicThreshold="21" maxThreshold="32" />
  <references type="weak" candidates="5608" cleared="0" enqueued="0" />
  <references type="phantom" candidates="97" cleared="0" enqueued="0" />
  <stringconstants candidates="13595" cleared="0"  />
</gc-op>
<gc-op id="2233" type="sweep" timems="2.950" contextid="2229" timestamp="2019-08-08T00:00:17.060" />
<mem-info id="2234" free="35614408" total="53608448" percent="66">
  <mem type="tenure" free="35614408" total="53608448" percent="66" micro-fragmented="0" macro-fragmented="0">
    <mem type="soa" free="35078856" total="53072896" percent="66" />
    <mem type="loa" free="535552" total="535552" percent="100" />
  </mem>
</mem-info>
<gc-op id="2235" type="compact" timems="25.324" contextid="2229" timestamp="2019-08-08T00:00:17.085">
  <compact-info movecount="12" movebytes="13784" reason="compact to aid heap contraction" />
</gc-op>
<heap-resize id="2236" type="expand" space="tenure" amount="327680" count="1" timems="0.016" reason="satisfy allocation request" timestamp="2019-08-08T00:00:17.086" />
<gc-end id="2237" type="global" contextid="2229" durationms="41.884" usertimems="102.493" systemtimems="0.000" timestamp="2019-08-08T00:00:17.086" activeThreads="16">
  <mem-info id="2238" free="35877544" total="53936128" percent="66">
    <mem type="tenure" free="35877544" total="53936128" percent="66">
      <mem type="soa" free="35338920" total="53397504" percent="66" />
      <mem type="loa" free="538624" total="538624" percent="100" />
    </mem>
  </mem-info>
</gc-end>
<cycle-end id="2239" type="global" contextid="2229" timestamp="2019-08-08T00:00:17.086" />
  <attribute name="elasticGC enabled" value="1" />
  <attribute name= "numThreadsSpecified" value="16" />
  <attribute name="heapSize specified" value="53608448" />
  <attribute name="Current GC Util" value="43" />
  <attribute name= "Current Time Running" value="136009" />
  <attribute name ="GC Interval" value="0" />
  <attribute name="Target GC Util Change" value ="80.000000" />
  <attribute name="Current GC Util Change" value="43.000000"/>
  <attribute name="Current Error" value="-308.000000" />
  <attribute name="Output H" value="53909744"/>
  <attribute name="Output I" value="408"/>
  <attribute name="Output T" value="16"/>
  <attribute name= "Current Time Running" value="136009" />
  <attribute name="GC Util currently" value="43" />
  <attribute name="CPU Util currently" value="45482024155" />
<allocation-satisfied id="2240" threadId="0000000001DD0F00" bytesRequested="11768" />
<af-end id="2241" timestamp="2019-08-08T00:00:17.086" threadId="0000000001DD1888" success="true" />
<exclusive-end id="2242" timestamp="2019-08-08T00:00:17.086" durationms="42.104" />

<exclusive-start id="2243" timestamp="2019-08-08T00:00:18.098" intervalms="1053.865">
  <response-info timems="0.051" idlems="0.051" threads="0" lastid="0000000001DD0F00" lastname="main" />
</exclusive-start>
<af-start id="2244" threadId="0000000001DD1888" totalBytesRequested="80" timestamp="2019-08-08T00:00:18.098" intervalms="1053.880" />
<cycle-start id="2245" type="global" contextid="0" timestamp="2019-08-08T00:00:18.098" intervalms="1053.883" />
<gc-start id="2246" type="global" contextid="2245" timestamp="2019-08-08T00:00:18.098">
  <mem-info id="2247" free="538624" total="53936128" percent="0">
    <mem type="tenure" free="538624" total="53936128" percent="0">
      <mem type="soa" free="0" total="53397504" percent="0" />
      <mem type="loa" free="538624" total="538624" percent="100" />
    </mem>
  </mem-info>
</gc-start>
<allocation-stats totalBytes="35399648" >
  <allocated-bytes non-tlh="0" tlh="35399648" />
  <largest-consumer threadName="main" threadId="0000000001DD0F00" bytes="35399648" />
</allocation-stats>
<gc-op id="2248" type="mark" timems="10.380" contextid="2245" timestamp="2019-08-08T00:00:18.109">
  <trace-info objectcount="600654" scancount="521541" scanbytes="13387280" />
  <finalization candidates="80" enqueued="0" />
  <ownableSynchronizers candidates="21" cleared="0" />
  <references type="soft" candidates="3261" cleared="0" enqueued="0" dynamicThreshold="21" maxThreshold="32" />
  <references type="weak" candidates="5608" cleared="0" enqueued="0" />
  <references type="phantom" candidates="97" cleared="0" enqueued="0" />
  <stringconstants candidates="13595" cleared="0"  />
</gc-op>
<gc-op id="2249" type="sweep" timems="2.399" contextid="2245" timestamp="2019-08-08T00:00:18.111" />
<mem-info id="2250" free="35955672" total="53936128" percent="66">
  <mem type="tenure" free="35955672" total="53936128" percent="66" micro-fragmented="0" macro-fragmented="0">
    <mem type="soa" free="35417048" total="53397504" percent="66" />
    <mem type="loa" free="538624" total="538624" percent="100" />
  </mem>
</mem-info>
<gc-op id="2251" type="compact" timems="133.149" contextid="2245" timestamp="2019-08-08T00:00:18.244">
  <compact-info movecount="505429" movebytes="12878560" reason="compact to aid heap contraction" />
</gc-op>
<heap-resize id="2252" type="expand" space="tenure" amount="327680" count="1" timems="0.019" reason="satisfy allocation request" timestamp="2019-08-08T00:00:18.245" />
<gc-end id="2253" type="global" contextid="2245" durationms="146.882" usertimems="248.672" systemtimems="0.000" timestamp="2019-08-08T00:00:18.245" activeThreads="16">
  <mem-info id="2254" free="36218624" total="54263808" percent="66">
    <mem type="tenure" free="36218624" total="54263808" percent="66">
      <mem type="soa" free="35676928" total="53722112" percent="66" />
      <mem type="loa" free="541696" total="541696" percent="100" />
    </mem>
  </mem-info>
</gc-end>
<cycle-end id="2255" type="global" contextid="2245" timestamp="2019-08-08T00:00:18.245" />
  <attribute name="elasticGC enabled" value="1" />
  <attribute name= "numThreadsSpecified" value="16" />
  <attribute name="heapSize specified" value="53936128" />
  <attribute name="Current GC Util" value="10" />
  <attribute name= "Current Time Running" value="137167" />
  <attribute name ="GC Interval" value="0" />
  <attribute name="Target GC Util Change" value ="80.000000" />
  <attribute name="Current GC Util Change" value="10.000000"/>
  <attribute name="Current Error" value="-358.000000" />
  <attribute name="Output H" value="54237192"/>
  <attribute name="Output I" value="200"/>
  <attribute name="Output T" value="16"/>
  <attribute name= "Current Time Running" value="137167" />
  <attribute name="GC Util currently" value="10" />
  <attribute name="CPU Util currently" value="8653846244" />
<allocation-satisfied id="2256" threadId="0000000001DD0F00" bytesRequested="80" />
<af-end id="2257" timestamp="2019-08-08T00:00:18.245" threadId="0000000001DD1888" success="true" />
<exclusive-end id="2258" timestamp="2019-08-08T00:00:18.245" durationms="147.256" />

<exclusive-start id="2259" timestamp="2019-08-08T00:00:18.426" intervalms="327.992">
  <response-info timems="0.052" idlems="0.052" threads="0" lastid="0000000001DD0F00" lastname="main" />
</exclusive-start>
<af-start id="2260" threadId="0000000001DD1888" totalBytesRequested="80" timestamp="2019-08-08T00:00:18.426" intervalms="327.990" />
<cycle-start id="2261" type="global" contextid="0" timestamp="2019-08-08T00:00:18.426" intervalms="327.980" />
<gc-start id="2262" type="global" contextid="2261" timestamp="2019-08-08T00:00:18.426">
  <mem-info id="2263" free="541696" total="54263808" percent="0">
    <mem type="tenure" free="541696" total="54263808" percent="0">
      <mem type="soa" free="0" total="53722112" percent="0" />
      <mem type="loa" free="541696" total="541696" percent="100" />
    </mem>
  </mem-info>
</gc-start>
<allocation-stats totalBytes="35738240" >
  <allocated-bytes non-tlh="0" tlh="35738240" />
  <largest-consumer threadName="main" threadId="0000000001DD0F00" bytes="35738240" />
</allocation-stats>
<gc-op id="2264" type="mark" timems="11.249" contextid="2261" timestamp="2019-08-08T00:00:18.437">
  <trace-info objectcount="600653" scancount="521539" scanbytes="13387252" />
  <finalization candidates="80" enqueued="0" />
  <ownableSynchronizers candidates="21" cleared="0" />
  <references type="soft" candidates="3261" cleared="0" enqueued="0" dynamicThreshold="21" maxThreshold="32" />
  <references type="weak" candidates="5608" cleared="0" enqueued="0" />
  <references type="phantom" candidates="97" cleared="0" enqueued="0" />
  <stringconstants candidates="13595" cleared="0"  />
</gc-op>
<gc-op id="2265" type="sweep" timems="2.239" contextid="2261" timestamp="2019-08-08T00:00:18.440" />
<mem-info id="2266" free="36284192" total="54263808" percent="66">
  <mem type="tenure" free="36284192" total="54263808" percent="66" micro-fragmented="0" macro-fragmented="0">
    <mem type="soa" free="35742496" total="53722112" percent="66" />
    <mem type="loa" free="541696" total="541696" percent="100" />
  </mem>
</mem-info>
<gc-op id="2267" type="compact" timems="24.883" contextid="2261" timestamp="2019-08-08T00:00:18.465">
  <compact-info movecount="1" movebytes="24" reason="compact to aid heap contraction" />
</gc-op>
<heap-resize id="2268" type="expand" space="tenure" amount="327680" count="1" timems="0.020" reason="satisfy allocation request" timestamp="2019-08-08T00:00:18.465" />
<gc-end id="2269" type="global" contextid="2261" durationms="39.123" usertimems="135.913" systemtimems="0.000" timestamp="2019-08-08T00:00:18.465" activeThreads="16">
  <mem-info id="2270" free="36546336" total="54591488" percent="66">
    <mem type="tenure" free="36546336" total="54591488" percent="66">
      <mem type="soa" free="36000544" total="54045696" percent="66" />
      <mem type="loa" free="545792" total="545792" percent="100" />
    </mem>
  </mem-info>
</gc-end>
<cycle-end id="2271" type="global" contextid="2261" timestamp="2019-08-08T00:00:18.465" />
  <attribute name="elasticGC enabled" value="1" />
  <attribute name= "numThreadsSpecified" value="16" />
  <attribute name="heapSize specified" value="54263808" />
  <attribute name="Current GC Util" value="45" />
  <attribute name= "Current Time Running" value="137388" />
  <attribute name ="GC Interval" value="0" />
  <attribute name="Target GC Util Change" value ="80.000000" />
  <attribute name="Current GC Util Change" value="45.000000"/>
  <attribute name="Current Error" value="35.000000" />
  <attribute name="Output H" value="54566688"/>
  <attribute name="Output I" value="2192"/>
  <attribute name="Output T" value="16"/>
  <attribute name= "Current Time Running" value="137388" />
  <attribute name="GC Util currently" value="45" />
  <attribute name="CPU Util currently" value="46259864461" />
<allocation-satisfied id="2272" threadId="0000000001DD0F00" bytesRequested="80" />
<af-end id="2273" timestamp="2019-08-08T00:00:18.465" threadId="0000000001DD1888" success="true" />
<exclusive-end id="2274" timestamp="2019-08-08T00:00:18.465" durationms="39.325" />

<exclusive-start id="2275" timestamp="2019-08-08T00:00:18.757" intervalms="331.370">
  <response-info timems="0.063" idlems="0.063" threads="0" lastid="0000000001DD0F00" lastname="main" />
</exclusive-start>
<af-start id="2276" threadId="0000000001DD1888" totalBytesRequested="80" timestamp="2019-08-08T00:00:18.758" intervalms="331.415" />
<cycle-start id="2277" type="global" contextid="0" timestamp="2019-08-08T00:00:18.758" intervalms="331.458" />
<gc-start id="2278" type="global" contextid="2277" timestamp="2019-08-08T00:00:18.758">
  <mem-info id="2279" free="545792" total="54591488" percent="0">
    <mem type="tenure" free="545792" total="54591488" percent="0">
      <mem type="soa" free="0" total="54045696" percent="0" />
      <mem type="loa" free="545792" total="545792" percent="100" />
    </mem>
  </mem-info>
</gc-start>
<allocation-stats totalBytes="36059368" >
  <allocated-bytes non-tlh="32" tlh="36059336" />
  <largest-consumer threadName="main" threadId="0000000001DD0F00" bytes="36059368" />
</allocation-stats>
<gc-op id="2280" type="mark" timems="12.613" contextid="2277" timestamp="2019-08-08T00:00:18.772">
  <trace-info objectcount="600687" scancount="521596" scanbytes="13388256" />
  <finalization candidates="80" enqueued="0" />
  <ownableSynchronizers candidates="21" cleared="0" />
  <references type="soft" candidates="3261" cleared="0" enqueued="0" dynamicThreshold="21" maxThreshold="32" />
  <references type="weak" candidates="5608" cleared="0" enqueued="0" />
  <references type="phantom" candidates="97" cleared="0" enqueued="0" />
  <stringconstants candidates="13596" cleared="0"  />
</gc-op>
<gc-op id="2281" type="sweep" timems="2.078" contextid="2277" timestamp="2019-08-08T00:00:18.774" />
<mem-info id="2282" free="36608912" total="54591488" percent="67">
  <mem type="tenure" free="36608912" total="54591488" percent="67" micro-fragmented="0" macro-fragmented="0">
    <mem type="soa" free="36063120" total="54045696" percent="66" />
    <mem type="loa" free="545792" total="545792" percent="100" />
  </mem>
</mem-info>
<gc-op id="2283" type="compact" timems="40.123" contextid="2277" timestamp="2019-08-08T00:00:18.814">
  <compact-info movecount="56" movebytes="1904" reason="compact to aid heap contraction" />
</gc-op>
<heap-resize id="2284" type="expand" space="tenure" amount="327680" count="1" timems="0.023" reason="satisfy allocation request" timestamp="2019-08-08T00:00:18.815" />
<gc-end id="2285" type="global" contextid="2277" durationms="57.210" usertimems="151.774" systemtimems="0.000" timestamp="2019-08-08T00:00:18.815" activeThreads="16">
  <mem-info id="2286" free="36872984" total="54919168" percent="67">
    <mem type="tenure" free="36872984" total="54919168" percent="67">
      <mem type="soa" free="36324120" total="54370304" percent="66" />
      <mem type="loa" free="548864" total="548864" percent="100" />
    </mem>
  </mem-info>
</gc-end>
<cycle-end id="2287" type="global" contextid="2277" timestamp="2019-08-08T00:00:18.815" />
  <attribute name="elasticGC enabled" value="1" />
  <attribute name= "numThreadsSpecified" value="16" />
  <attribute name="heapSize specified" value="54591488" />
  <attribute name="Current GC Util" value="35" />
  <attribute name= "Current Time Running" value="137737" />
  <attribute name ="GC Interval" value="0" />
  <attribute name="Target GC Util Change" value ="80.000000" />
  <attribute name="Current GC Util Change" value="35.000000"/>
  <attribute name="Current Error" value="-271.000000" />
  <attribute name="Output H" value="54892952"/>
  <attribute name="Output I" value="600"/>
  <attribute name="Output T" value="16"/>
  <attribute name= "Current Time Running" value="137737" />
  <attribute name="GC Util currently" value="35" />
  <attribute name="CPU Util currently" value="28653090396" />
<allocation-satisfied id="2288" threadId="0000000001DD0F00" bytesRequested="80" />
<af-end id="2289" timestamp="2019-08-08T00:00:18.815" threadId="0000000001DD1888" success="true" />
<exclusive-end id="2290" timestamp="2019-08-08T00:00:18.815" durationms="57.753" />

<exclusive-start id="2291" timestamp="2019-08-08T00:00:19.282" intervalms="524.724">
  <response-info timems="0.144" idlems="0.144" threads="0" lastid="0000000001DD0F00" lastname="main" />
</exclusive-start>
<af-start id="2292" threadId="0000000001DD1888" totalBytesRequested="16" timestamp="2019-08-08T00:00:19.282" intervalms="524.740" />
<cycle-start id="2293" type="global" contextid="0" timestamp="2019-08-08T00:00:19.282" intervalms="524.771" />
<gc-start id="2294" type="global" contextid="2293" timestamp="2019-08-08T00:00:19.283">
  <mem-info id="2295" free="548864" total="54919168" percent="0">
    <mem type="tenure" free="548864" total="54919168" percent="0">
      <mem type="soa" free="0" total="54370304" percent="0" />
      <mem type="loa" free="548864" total="548864" percent="100" />
    </mem>
  </mem-info>
</gc-start>
<allocation-stats totalBytes="36375944" >
  <allocated-bytes non-tlh="0" tlh="36375944" />
  <largest-consumer threadName="main" threadId="0000000001DD0F00" bytes="36375944" />
</allocation-stats>
<gc-op id="2296" type="mark" timems="10.508" contextid="2293" timestamp="2019-08-08T00:00:19.294">
  <trace-info objectcount="600674" scancount="521562" scanbytes="13387836" />
  <finalization candidates="80" enqueued="0" />
  <ownableSynchronizers candidates="21" cleared="0" />
  <references type="soft" candidates="3261" cleared="0" enqueued="0" dynamicThreshold="21" maxThreshold="32" />
  <references type="weak" candidates="5608" cleared="0" enqueued="0" />
  <references type="phantom" candidates="97" cleared="0" enqueued="0" />
  <stringconstants candidates="13596" cleared="0"  />
</gc-op>
<gc-op id="2297" type="sweep" timems="3.704" contextid="2293" timestamp="2019-08-08T00:00:19.297" />
<mem-info id="2298" free="36938384" total="54919168" percent="67">
  <mem type="tenure" free="36938384" total="54919168" percent="67" micro-fragmented="0" macro-fragmented="0">
    <mem type="soa" free="36389520" total="54370304" percent="66" />
    <mem type="loa" free="548864" total="548864" percent="100" />
  </mem>
</mem-info>
<gc-op id="2299" type="compact" timems="24.973" contextid="2293" timestamp="2019-08-08T00:00:19.322">
  <compact-info movecount="43" movebytes="1496" reason="compact to aid heap contraction" />
</gc-op>
<heap-resize id="2300" type="expand" space="tenure" amount="327680" count="1" timems="0.019" reason="satisfy allocation request" timestamp="2019-08-08T00:00:19.323" />
<gc-end id="2301" type="global" contextid="2293" durationms="40.371" usertimems="87.414" systemtimems="0.000" timestamp="2019-08-08T00:00:19.323" activeThreads="16">
  <mem-info id="2302" free="37201072" total="55246848" percent="67">
    <mem type="tenure" free="37201072" total="55246848" percent="67">
      <mem type="soa" free="36649136" total="54694912" percent="67" />
      <mem type="loa" free="551936" total="551936" percent="100" />
    </mem>
  </mem-info>
</gc-end>
<cycle-end id="2303" type="global" contextid="2293" timestamp="2019-08-08T00:00:19.323" />
  <attribute name="elasticGC enabled" value="1" />
  <attribute name= "numThreadsSpecified" value="16" />
  <attribute name="heapSize specified" value="54919168" />
  <attribute name="Current GC Util" value="36" />
  <attribute name= "Current Time Running" value="138246" />
  <attribute name ="GC Interval" value="0" />
  <attribute name="Target GC Util Change" value ="80.000000" />
  <attribute name="Current GC Util Change" value="36.000000"/>
  <attribute name="Current Error" value="-299.000000" />
  <attribute name="Output H" value="55220504"/>
  <attribute name="Output I" value="456"/>
  <attribute name="Output T" value="16"/>
  <attribute name= "Current Time Running" value="138246" />
  <attribute name="GC Util currently" value="36" />
  <attribute name="CPU Util currently" value="45974657065" />
<allocation-satisfied id="2304" threadId="0000000001DD0F00" bytesRequested="16" />
<af-end id="2305" timestamp="2019-08-08T00:00:19.323" threadId="0000000001DD1888" success="true" />
<exclusive-end id="2306" timestamp="2019-08-08T00:00:19.323" durationms="41.210" />

<exclusive-start id="2307" timestamp="2019-08-08T00:00:19.806" intervalms="523.793">
  <response-info timems="0.238" idlems="0.238" threads="0" lastid="0000000001DD0F00" lastname="main" />
</exclusive-start>
<af-start id="2308" threadId="0000000001DD1888" totalBytesRequested="32" timestamp="2019-08-08T00:00:19.806" intervalms="523.728" />
<cycle-start id="2309" type="global" contextid="0" timestamp="2019-08-08T00:00:19.806" intervalms="523.664" />
<gc-start id="2310" type="global" contextid="2309" timestamp="2019-08-08T00:00:19.806">
  <mem-info id="2311" free="551936" total="55246848" percent="0">
    <mem type="tenure" free="551936" total="55246848" percent="0">
      <mem type="soa" free="0" total="54694912" percent="0" />
      <mem type="loa" free="551936" total="551936" percent="100" />
    </mem>
  </mem-info>
</gc-start>
<allocation-stats totalBytes="36707704" >
  <allocated-bytes non-tlh="0" tlh="36707704" />
  <largest-consumer threadName="main" threadId="0000000001DD0F00" bytes="36707704" />
</allocation-stats>
<gc-op id="2312" type="mark" timems="15.851" contextid="2309" timestamp="2019-08-08T00:00:19.822">
  <trace-info objectcount="600685" scancount="521574" scanbytes="13388000" />
  <finalization candidates="80" enqueued="0" />
  <ownableSynchronizers candidates="21" cleared="0" />
  <references type="soft" candidates="3261" cleared="0" enqueued="0" dynamicThreshold="21" maxThreshold="32" />
  <references type="weak" candidates="5608" cleared="0" enqueued="0" />
  <references type="phantom" candidates="97" cleared="0" enqueued="0" />
  <stringconstants candidates="13596" cleared="0"  />
</gc-op>
<gc-op id="2313" type="sweep" timems="2.725" contextid="2309" timestamp="2019-08-08T00:00:19.825" />
<mem-info id="2314" free="37265344" total="55246848" percent="67">
  <mem type="tenure" free="37265344" total="55246848" percent="67" micro-fragmented="0" macro-fragmented="0">
    <mem type="soa" free="36713408" total="54694912" percent="67" />
    <mem type="loa" free="551936" total="551936" percent="100" />
  </mem>
</mem-info>
<gc-op id="2315" type="compact" timems="28.494" contextid="2309" timestamp="2019-08-08T00:00:19.853">
  <compact-info movecount="29" movebytes="912" reason="compact to aid heap contraction" />
</gc-op>
<heap-resize id="2316" type="expand" space="tenure" amount="327680" count="1" timems="0.018" reason="satisfy allocation request" timestamp="2019-08-08T00:00:19.855" />
<gc-end id="2317" type="global" contextid="2309" durationms="48.549" usertimems="133.958" systemtimems="0.000" timestamp="2019-08-08T00:00:19.855" activeThreads="16">
  <mem-info id="2318" free="37528584" total="55574528" percent="67">
    <mem type="tenure" free="37528584" total="55574528" percent="67">
      <mem type="soa" free="36973576" total="55019520" percent="67" />
      <mem type="loa" free="555008" total="555008" percent="100" />
    </mem>
  </mem-info>
</gc-end>
<cycle-end id="2319" type="global" contextid="2309" timestamp="2019-08-08T00:00:19.855" />
  <attribute name="elasticGC enabled" value="1" />
  <attribute name= "numThreadsSpecified" value="16" />
  <attribute name="heapSize specified" value="55246848" />
  <attribute name="Current GC Util" value="41" />
  <attribute name= "Current Time Running" value="138776" />
  <attribute name ="GC Interval" value="0" />
  <attribute name="Target GC Util Change" value ="80.000000" />
  <attribute name="Current GC Util Change" value="41.000000"/>
  <attribute name="Current Error" value="39.000000" />
  <attribute name="Output H" value="55549744"/>
  <attribute name="Output I" value="2216"/>
  <attribute name="Output T" value="16"/>
  <attribute name= "Current Time Running" value="138776" />
  <attribute name="GC Util currently" value="41" />
  <attribute name="CPU Util currently" value="40407035447" />
<allocation-satisfied id="2320" threadId="0000000001DD0F00" bytesRequested="32" />
<af-end id="2321" timestamp="2019-08-08T00:00:19.855" threadId="0000000001DD1888" success="true" />
<exclusive-end id="2322" timestamp="2019-08-08T00:00:19.855" durationms="48.779" />

<exclusive-start id="2323" timestamp="2019-08-08T00:00:20.004" intervalms="197.698">
  <response-info timems="0.313" idlems="0.313" threads="0" lastid="0000000001DD0F00" lastname="main" />
</exclusive-start>
<af-start id="2324" threadId="0000000001DD1888" totalBytesRequested="24" timestamp="2019-08-08T00:00:20.004" intervalms="197.966" />
<cycle-start id="2325" type="global" contextid="0" timestamp="2019-08-08T00:00:20.004" intervalms="197.967" />
<gc-start id="2326" type="global" contextid="2325" timestamp="2019-08-08T00:00:20.004">
  <mem-info id="2327" free="555008" total="55574528" percent="0">
    <mem type="tenure" free="555008" total="55574528" percent="0">
      <mem type="soa" free="0" total="55019520" percent="0" />
      <mem type="loa" free="555008" total="555008" percent="100" />
    </mem>
  </mem-info>
</gc-start>
<allocation-stats totalBytes="37035176" >
  <allocated-bytes non-tlh="0" tlh="37035176" />
  <largest-consumer threadName="main" threadId="0000000001DD0F00" bytes="37035176" />
</allocation-stats>
<gc-op id="2328" type="mark" timems="12.649" contextid="2325" timestamp="2019-08-08T00:00:20.017">
  <trace-info objectcount="600700" scancount="521588" scanbytes="13388296" />
  <finalization candidates="80" enqueued="0" />
  <ownableSynchronizers candidates="21" cleared="0" />
  <references type="soft" candidates="3261" cleared="0" enqueued="0" dynamicThreshold="21" maxThreshold="32" />
  <references type="weak" candidates="5608" cleared="0" enqueued="0" />
  <references type="phantom" candidates="97" cleared="0" enqueued="0" />
  <stringconstants candidates="13596" cleared="0"  />
</gc-op>
<gc-op id="2329" type="sweep" timems="2.923" contextid="2325" timestamp="2019-08-08T00:00:20.020" />
<mem-info id="2330" free="37592600" total="55574528" percent="67">
  <mem type="tenure" free="37592600" total="55574528" percent="67" micro-fragmented="0" macro-fragmented="0">
    <mem type="soa" free="37037592" total="55019520" percent="67" />
    <mem type="loa" free="555008" total="555008" percent="100" />
  </mem>
</mem-info>
<gc-op id="2331" type="compact" timems="43.360" contextid="2325" timestamp="2019-08-08T00:00:20.063">
  <compact-info movecount="36" movebytes="1040" reason="compact to aid heap contraction" />
</gc-op>
<heap-resize id="2332" type="expand" space="tenure" amount="327680" count="1" timems="0.021" reason="satisfy allocation request" timestamp="2019-08-08T00:00:20.065" />
<gc-end id="2333" type="global" contextid="2325" durationms="60.865" usertimems="126.922" systemtimems="0.000" timestamp="2019-08-08T00:00:20.065" activeThreads="16">
  <mem-info id="2334" free="37855928" total="55902208" percent="67">
    <mem type="tenure" free="37855928" total="55902208" percent="67">
      <mem type="soa" free="37297848" total="55344128" percent="67" />
      <mem type="loa" free="558080" total="558080" percent="100" />
    </mem>
  </mem-info>
</gc-end>
<cycle-end id="2335" type="global" contextid="2325" timestamp="2019-08-08T00:00:20.065" />
  <attribute name="elasticGC enabled" value="1" />
  <attribute name= "numThreadsSpecified" value="16" />
  <attribute name="heapSize specified" value="55574528" />
  <attribute name="Current GC Util" value="59" />
  <attribute name= "Current Time Running" value="138986" />
  <attribute name ="GC Interval" value="0" />
  <attribute name="Target GC Util Change" value ="80.000000" />
  <attribute name="Current GC Util Change" value="59.000000"/>
  <attribute name="Current Error" value="-300.000000" />
  <attribute name="Output H" value="55875856"/>
  <attribute name="Output I" value="456"/>
  <attribute name="Output T" value="16"/>
  <attribute name= "Current Time Running" value="138986" />
  <attribute name="GC Util currently" value="59" />
  <attribute name="CPU Util currently" value="26625259355" />
<allocation-satisfied id="2336" threadId="0000000001DD0F00" bytesRequested="24" />
<af-end id="2337" timestamp="2019-08-08T00:00:20.065" threadId="0000000001DD1888" success="true" />
<exclusive-end id="2338" timestamp="2019-08-08T00:00:20.065" durationms="61.376" />

<exclusive-start id="2339" timestamp="2019-08-08T00:00:20.168" intervalms="164.609">
  <response-info timems="0.070" idlems="0.070" threads="0" lastid="0000000001DD0F00" lastname="main" />
</exclusive-start>
<af-start id="2340" threadId="0000000001DD1888" totalBytesRequested="40" timestamp="2019-08-08T00:00:20.168" intervalms="164.337" />
<cycle-start id="2341" type="global" contextid="0" timestamp="2019-08-08T00:00:20.168" intervalms="164.335" />
<gc-start id="2342" type="global" contextid="2341" timestamp="2019-08-08T00:00:20.168">
  <mem-info id="2343" free="558080" total="55902208" percent="0">
    <mem type="tenure" free="558080" total="55902208" percent="0">
      <mem type="soa" free="0" total="55344128" percent="0" />
      <mem type="loa" free="558080" total="558080" percent="100" />
    </mem>
  </mem-info>
</gc-start>
<allocation-stats totalBytes="37357704" >
  <allocated-bytes non-tlh="0" tlh="37357704" />
  <largest-consumer threadName="main" threadId="0000000001DD0F00" bytes="37357704" />
</allocation-stats>
<gc-op id="2344" type="mark" timems="22.906" contextid="2341" timestamp="2019-08-08T00:00:20.191">
  <trace-info objectcount="600702" scancount="521589" scanbytes="13388372" />
  <finalization candidates="80" enqueued="0" />
  <ownableSynchronizers candidates="21" cleared="0" />
  <references type="soft" candidates="3261" cleared="0" enqueued="0" dynamicThreshold="21" maxThreshold="32" />
  <references type="weak" candidates="5608" cleared="0" enqueued="0" />
  <references type="phantom" candidates="97" cleared="0" enqueued="0" />
  <stringconstants candidates="13596" cleared="0"  />
</gc-op>
<gc-op id="2345" type="sweep" timems="6.113" contextid="2341" timestamp="2019-08-08T00:00:20.198" />
<mem-info id="2346" free="37921408" total="55902208" percent="67">
  <mem type="tenure" free="37921408" total="55902208" percent="67" micro-fragmented="0" macro-fragmented="0">
    <mem type="soa" free="37363328" total="55344128" percent="67" />
    <mem type="loa" free="558080" total="558080" percent="100" />
  </mem>
</mem-info>
<gc-op id="2347" type="compact" timems="28.026" contextid="2341" timestamp="2019-08-08T00:00:20.226">
  <compact-info movecount="7" movebytes="168" reason="compact to aid heap contraction" />
</gc-op>
<heap-resize id="2348" type="expand" space="tenure" amount="327680" count="1" timems="0.016" reason="satisfy allocation request" timestamp="2019-08-08T00:00:20.226" />
<gc-end id="2349" type="global" contextid="2341" durationms="57.950" usertimems="128.459" systemtimems="0.000" timestamp="2019-08-08T00:00:20.226" activeThreads="16">
  <mem-info id="2350" free="38183552" total="56229888" percent="67">
    <mem type="tenure" free="38183552" total="56229888" percent="67">
      <mem type="soa" free="37621376" total="55667712" percent="67" />
      <mem type="loa" free="562176" total="562176" percent="100" />
    </mem>
  </mem-info>
</gc-end>
<cycle-end id="2351" type="global" contextid="2341" timestamp="2019-08-08T00:00:20.226" />
  <attribute name="elasticGC enabled" value="1" />
  <attribute name= "numThreadsSpecified" value="16" />
  <attribute name="heapSize specified" value="55902208" />
  <attribute name="Current GC Util" value="35" />
  <attribute name= "Current Time Running" value="139149" />
  <attribute name ="GC Interval" value="0" />
  <attribute name="Target GC Util Change" value ="80.000000" />
  <attribute name="Current GC Util Change" value="35.000000"/>
  <attribute name="Current Error" value="-301.000000" />
  <attribute name="Output H" value="56203536"/>
  <attribute name="Output I" value="448"/>
  <attribute name="Output T" value="16"/>
  <attribute name= "Current Time Running" value="139149" />
  <attribute name="GC Util currently" value="35" />
  <attribute name="CPU Util currently" value="41096448658" />
<allocation-satisfied id="2352" threadId="0000000001DD0F00" bytesRequested="40" />
<af-end id="2353" timestamp="2019-08-08T00:00:20.226" threadId="0000000001DD1888" success="true" />
<exclusive-end id="2354" timestamp="2019-08-08T00:00:20.226" durationms="58.184" />

<exclusive-start id="2355" timestamp="2019-08-08T00:00:20.460" intervalms="291.558">
  <response-info timems="0.019" idlems="0.019" threads="0" lastid="0000000001DD0F00" lastname="main" />
</exclusive-start>
<af-start id="2356" threadId="0000000001DD1888" totalBytesRequested="32" timestamp="2019-08-08T00:00:20.460" intervalms="291.567" />
<cycle-start id="2357" type="global" contextid="0" timestamp="2019-08-08T00:00:20.460" intervalms="291.557" />
<gc-start id="2358" type="global" contextid="2357" timestamp="2019-08-08T00:00:20.460">
  <mem-info id="2359" free="562176" total="56229888" percent="0">
    <mem type="tenure" free="562176" total="56229888" percent="0">
      <mem type="soa" free="0" total="55667712" percent="0" />
      <mem type="loa" free="562176" total="562176" percent="100" />
    </mem>
  </mem-info>
</gc-start>
<allocation-stats totalBytes="37684872" >
  <allocated-bytes non-tlh="0" tlh="37684872" />
  <largest-consumer threadName="main" threadId="0000000001DD0F00" bytes="37684872" />
</allocation-stats>
<gc-op id="2360" type="mark" timems="10.670" contextid="2357" timestamp="2019-08-08T00:00:20.471">
  <trace-info objectcount="600700" scancount="521591" scanbytes="13388288" />
  <finalization candidates="80" enqueued="0" />
  <ownableSynchronizers candidates="21" cleared="0" />
  <references type="soft" candidates="3261" cleared="0" enqueued="0" dynamicThreshold="21" maxThreshold="32" />
  <references type="weak" candidates="5608" cleared="0" enqueued="0" />
  <references type="phantom" candidates="97" cleared="0" enqueued="0" />
  <stringconstants candidates="13596" cleared="0"  />
</gc-op>
<gc-op id="2361" type="sweep" timems="1.794" contextid="2357" timestamp="2019-08-08T00:00:20.472" />
<mem-info id="2362" free="38248216" total="56229888" percent="68">
  <mem type="tenure" free="38248216" total="56229888" percent="68" micro-fragmented="0" macro-fragmented="0">
    <mem type="soa" free="37686040" total="55667712" percent="67" />
    <mem type="loa" free="562176" total="562176" percent="100" />
  </mem>
</mem-info>
<gc-op id="2363" type="compact" timems="35.834" contextid="2357" timestamp="2019-08-08T00:00:20.508">
  <compact-info movecount="22" movebytes="696" reason="compact to aid heap contraction" />
</gc-op>
<heap-resize id="2364" type="expand" space="tenure" amount="327680" count="1" timems="0.017" reason="satisfy allocation request" timestamp="2019-08-08T00:00:20.509" />
<gc-end id="2365" type="global" contextid="2357" durationms="49.059" usertimems="104.046" systemtimems="0.000" timestamp="2019-08-08T00:00:20.509" activeThreads="16">
  <mem-info id="2366" free="38511312" total="56557568" percent="68">
    <mem type="tenure" free="38511312" total="56557568" percent="68">
      <mem type="soa" free="37946064" total="55992320" percent="67" />
      <mem type="loa" free="565248" total="565248" percent="100" />
    </mem>
  </mem-info>
</gc-end>
<cycle-end id="2367" type="global" contextid="2357" timestamp="2019-08-08T00:00:20.509" />
  <attribute name="elasticGC enabled" value="1" />
  <attribute name= "numThreadsSpecified" value="16" />
  <attribute name="heapSize specified" value="56229888" />
  <attribute name="Current GC Util" value="27" />
  <attribute name= "Current Time Running" value="139431" />
  <attribute name ="GC Interval" value="0" />
  <attribute name="Target GC Util Change" value ="80.000000" />
  <attribute name="Current GC Util Change" value="27.000000"/>
  <attribute name="Current Error" value="53.000000" />
  <attribute name="Output H" value="56532848"/>
  <attribute name="Output I" value="2288"/>
  <attribute name="Output T" value="16"/>
  <attribute name= "Current Time Running" value="139431" />
  <attribute name="GC Util currently" value="27" />
  <attribute name="CPU Util currently" value="32145882055" />
<allocation-satisfied id="2368" threadId="0000000001DD0F00" bytesRequested="32" />
<af-end id="2369" timestamp="2019-08-08T00:00:20.509" threadId="0000000001DD1888" success="true" />
<exclusive-end id="2370" timestamp="2019-08-08T00:00:20.509" durationms="49.279" />

<exclusive-start id="2371" timestamp="2019-08-08T00:00:21.454" intervalms="994.183">
  <response-info timems="0.098" idlems="0.098" threads="0" lastid="0000000001DD0F00" lastname="main" />
</exclusive-start>
<af-start id="2372" threadId="0000000001DD1888" totalBytesRequested="24" timestamp="2019-08-08T00:00:21.454" intervalms="994.172" />
<cycle-start id="2373" type="global" contextid="0" timestamp="2019-08-08T00:00:21.454" intervalms="994.179" />
<gc-start id="2374" type="global" contextid="2373" timestamp="2019-08-08T00:00:21.454">
  <mem-info id="2375" free="565248" total="56557568" percent="0">
    <mem type="tenure" free="565248" total="56557568" percent="0">
      <mem type="soa" free="0" total="55992320" percent="0" />
      <mem type="loa" free="565248" total="565248" percent="100" />
    </mem>
  </mem-info>
</gc-start>
<allocation-stats totalBytes="38009232" >
  <allocated-bytes non-tlh="0" tlh="38009232" />
  <largest-consumer threadName="main" threadId="0000000001DD0F00" bytes="38009232" />
</allocation-stats>
<gc-op id="2376" type="mark" timems="10.358" contextid="2373" timestamp="2019-08-08T00:00:21.465">
  <trace-info objectcount="600712" scancount="521600" scanbytes="13388520" />
  <finalization candidates="80" enqueued="0" />
  <ownableSynchronizers candidates="21" cleared="0" />
  <references type="soft" candidates="3261" cleared="0" enqueued="0" dynamicThreshold="21" maxThreshold="32" />
  <references type="weak" candidates="5608" cleared="0" enqueued="0" />
  <references type="phantom" candidates="97" cleared="0" enqueued="0" />
  <stringconstants candidates="13596" cleared="0"  />
</gc-op>
<gc-op id="2377" type="sweep" timems="1.556" contextid="2373" timestamp="2019-08-08T00:00:21.466" />
<mem-info id="2378" free="38575232" total="56557568" percent="68">
  <mem type="tenure" free="38575232" total="56557568" percent="68" micro-fragmented="0" macro-fragmented="0">
    <mem type="soa" free="38009984" total="55992320" percent="67" />
    <mem type="loa" free="565248" total="565248" percent="100" />
  </mem>
</mem-info>
<gc-op id="2379" type="compact" timems="22.902" contextid="2373" timestamp="2019-08-08T00:00:21.489">
  <compact-info movecount="27" movebytes="784" reason="compact to aid heap contraction" />
</gc-op>
<heap-resize id="2380" type="expand" space="tenure" amount="327680" count="1" timems="0.018" reason="satisfy allocation request" timestamp="2019-08-08T00:00:21.490" />
<gc-end id="2381" type="global" contextid="2373" durationms="35.721" usertimems="98.357" systemtimems="0.000" timestamp="2019-08-08T00:00:21.490" activeThreads="16">
  <mem-info id="2382" free="38838744" total="56885248" percent="68">
    <mem type="tenure" free="38838744" total="56885248" percent="68">
      <mem type="soa" free="38270424" total="56316928" percent="67" />
      <mem type="loa" free="568320" total="568320" percent="100" />
    </mem>
  </mem-info>
</gc-end>
<cycle-end id="2383" type="global" contextid="2373" timestamp="2019-08-08T00:00:21.490" />
  <attribute name="elasticGC enabled" value="1" />
  <attribute name= "numThreadsSpecified" value="16" />
  <attribute name="heapSize specified" value="56557568" />
  <attribute name="Current GC Util" value="39" />
  <attribute name= "Current Time Running" value="140412" />
  <attribute name ="GC Interval" value="0" />
  <attribute name="Target GC Util Change" value ="80.000000" />
  <attribute name="Current GC Util Change" value="39.000000"/>
  <attribute name="Current Error" value="-297.000000" />
  <attribute name="Output H" value="56858912"/>
  <attribute name="Output I" value="472"/>
  <attribute name="Output T" value="16"/>
  <attribute name= "Current Time Running" value="140412" />
  <attribute name="GC Util currently" value="39" />
  <attribute name="CPU Util currently" value="50247743647" />
<allocation-satisfied id="2384" threadId="0000000001DD0F00" bytesRequested="24" />
<af-end id="2385" timestamp="2019-08-08T00:00:21.490" threadId="0000000001DD1888" success="true" />
<exclusive-end id="2386" timestamp="2019-08-08T00:00:21.490" durationms="35.948" />

<exclusive-start id="2387" timestamp="2019-08-08T00:00:22.995" intervalms="1541.191">
  <response-info timems="0.140" idlems="0.140" threads="0" lastid="0000000001DD0F00" lastname="main" />
</exclusive-start>
<af-start id="2388" threadId="0000000001DD1888" totalBytesRequested="24" timestamp="2019-08-08T00:00:22.995" intervalms="1541.189" />
<cycle-start id="2389" type="global" contextid="0" timestamp="2019-08-08T00:00:22.995" intervalms="1541.185" />
<gc-start id="2390" type="global" contextid="2389" timestamp="2019-08-08T00:00:22.995">
  <mem-info id="2391" free="568320" total="56885248" percent="0">
    <mem type="tenure" free="568320" total="56885248" percent="0">
      <mem type="soa" free="0" total="56316928" percent="0" />
      <mem type="loa" free="568320" total="568320" percent="100" />
    </mem>
  </mem-info>
</gc-start>
<allocation-stats totalBytes="38333384" >
  <allocated-bytes non-tlh="0" tlh="38333384" />
  <largest-consumer threadName="main" threadId="0000000001DD0F00" bytes="38333384" />
</allocation-stats>
<gc-op id="2392" type="mark" timems="21.123" contextid="2389" timestamp="2019-08-08T00:00:23.017">
  <trace-info objectcount="600744" scancount="521625" scanbytes="13389224" />
  <finalization candidates="80" enqueued="0" />
  <ownableSynchronizers candidates="21" cleared="0" />
  <references type="soft" candidates="3261" cleared="0" enqueued="0" dynamicThreshold="21" maxThreshold="32" />
  <references type="weak" candidates="5610" cleared="0" enqueued="0" />
  <references type="phantom" candidates="97" cleared="0" enqueued="0" />
  <stringconstants candidates="13596" cleared="0"  />
</gc-op>
<gc-op id="2393" type="sweep" timems="3.407" contextid="2389" timestamp="2019-08-08T00:00:23.020" />
<mem-info id="2394" free="38902864" total="56885248" percent="68">
  <mem type="tenure" free="38902864" total="56885248" percent="68" micro-fragmented="0" macro-fragmented="0">
    <mem type="soa" free="38334544" total="56316928" percent="68" />
    <mem type="loa" free="568320" total="568320" percent="100" />
  </mem>
</mem-info>
<gc-op id="2395" type="compact" timems="27.301" contextid="2389" timestamp="2019-08-08T00:00:23.048">
  <compact-info movecount="45" movebytes="1216" reason="compact to aid heap contraction" />
</gc-op>
<heap-resize id="2396" type="expand" space="tenure" amount="327680" count="1" timems="0.017" reason="satisfy allocation request" timestamp="2019-08-08T00:00:23.048" />
<gc-end id="2397" type="global" contextid="2389" durationms="53.167" usertimems="173.120" systemtimems="0.000" timestamp="2019-08-08T00:00:23.049" activeThreads="16">
  <mem-info id="2398" free="39165672" total="57212928" percent="68">
    <mem type="tenure" free="39165672" total="57212928" percent="68">
      <mem type="soa" free="38594280" total="56641536" percent="68" />
      <mem type="loa" free="571392" total="571392" percent="100" />
    </mem>
  </mem-info>
</gc-end>
<cycle-end id="2399" type="global" contextid="2389" timestamp="2019-08-08T00:00:23.049" />
  <attribute name="elasticGC enabled" value="1" />
  <attribute name= "numThreadsSpecified" value="16" />
  <attribute name="heapSize specified" value="56885248" />
  <attribute name="Current GC Util" value="65" />
  <attribute name= "Current Time Running" value="141971" />
  <attribute name ="GC Interval" value="0" />
  <attribute name="Target GC Util Change" value ="80.000000" />
  <attribute name="Current GC Util Change" value="65.000000"/>
  <attribute name="Current Error" value="-475.000000" />
  <attribute name="Output H" value="57185768"/>
  <attribute name="Output I" value="200"/>
  <attribute name="Output T" value="16"/>
  <attribute name= "Current Time Running" value="141971" />
  <attribute name="GC Util currently" value="65" />
  <attribute name="CPU Util currently" value="42179615486" />
<allocation-satisfied id="2400" threadId="0000000001DD0F00" bytesRequested="24" />
<af-end id="2401" timestamp="2019-08-08T00:00:23.049" threadId="0000000001DD1888" success="true" />
<exclusive-end id="2402" timestamp="2019-08-08T00:00:23.049" durationms="53.426" />

<exclusive-start id="2403" timestamp="2019-08-08T00:00:23.203" intervalms="207.921">
  <response-info timems="0.120" idlems="0.120" threads="0" lastid="0000000001DD0F00" lastname="main" />
</exclusive-start>
<af-start id="2404" threadId="0000000001DD1888" totalBytesRequested="16" timestamp="2019-08-08T00:00:23.203" intervalms="207.924" />
<cycle-start id="2405" type="global" contextid="0" timestamp="2019-08-08T00:00:23.203" intervalms="207.932" />
<gc-start id="2406" type="global" contextid="2405" timestamp="2019-08-08T00:00:23.203">
  <mem-info id="2407" free="571392" total="57212928" percent="0">
    <mem type="tenure" free="571392" total="57212928" percent="0">
      <mem type="soa" free="0" total="56641536" percent="0" />
      <mem type="loa" free="571392" total="571392" percent="100" />
    </mem>
  </mem-info>
</gc-start>
<allocation-stats totalBytes="38657088" >
  <allocated-bytes non-tlh="0" tlh="38657088" />
  <largest-consumer threadName="main" threadId="0000000001DD0F00" bytes="38657088" />
</allocation-stats>
<gc-op id="2408" type="mark" timems="25.664" contextid="2405" timestamp="2019-08-08T00:00:23.229">
  <trace-info objectcount="600760" scancount="521651" scanbytes="13389640" />
  <finalization candidates="80" enqueued="0" />
  <ownableSynchronizers candidates="21" cleared="0" />
  <references type="soft" candidates="3261" cleared="0" enqueued="0" dynamicThreshold="21" maxThreshold="32" />
  <references type="weak" candidates="5610" cleared="0" enqueued="0" />
  <references type="phantom" candidates="97" cleared="0" enqueued="0" />
  <stringconstants candidates="13596" cleared="0"  />
</gc-op>
<gc-op id="2409" type="sweep" timems="4.512" contextid="2405" timestamp="2019-08-08T00:00:23.234" />
<mem-info id="2410" free="39229376" total="57212928" percent="68">
  <mem type="tenure" free="39229376" total="57212928" percent="68" micro-fragmented="0" macro-fragmented="0">
    <mem type="soa" free="38657984" total="56641536" percent="68" />
    <mem type="loa" free="571392" total="571392" percent="100" />
  </mem>
</mem-info>
<gc-op id="2411" type="compact" timems="39.124" contextid="2405" timestamp="2019-08-08T00:00:23.273">
  <compact-info movecount="31" movebytes="928" reason="compact to aid heap contraction" />
</gc-op>
<heap-resize id="2412" type="expand" space="tenure" amount="327680" count="1" timems="0.023" reason="satisfy allocation request" timestamp="2019-08-08T00:00:23.273" />
<gc-end id="2413" type="global" contextid="2405" durationms="70.190" usertimems="182.526" systemtimems="0.000" timestamp="2019-08-08T00:00:23.273" activeThreads="16">
  <mem-info id="2414" free="39492936" total="57540608" percent="68">
    <mem type="tenure" free="39492936" total="57540608" percent="68">
      <mem type="soa" free="38918472" total="56966144" percent="68" />
      <mem type="loa" free="574464" total="574464" percent="100" />
    </mem>
  </mem-info>
</gc-end>
<cycle-end id="2415" type="global" contextid="2405" timestamp="2019-08-08T00:00:23.274" />
  <attribute name="elasticGC enabled" value="1" />
  <attribute name= "numThreadsSpecified" value="16" />
  <attribute name="heapSize specified" value="57212928" />
  <attribute name="Current GC Util" value="29" />
  <attribute name= "Current Time Running" value="142196" />
  <attribute name ="GC Interval" value="0" />
  <attribute name="Target GC Util Change" value ="80.000000" />
  <attribute name="Current GC Util Change" value="29.000000"/>
  <attribute name="Current Error" value="51.000000" />
  <attribute name="Output H" value="57515880"/>
  <attribute name="Output I" value="2280"/>
  <attribute name="Output T" value="16"/>
  <attribute name= "Current Time Running" value="142196" />
  <attribute name="GC Util currently" value="29" />
  <attribute name="CPU Util currently" value="29308119871" />
<allocation-satisfied id="2416" threadId="0000000001DD0F00" bytesRequested="16" />
<af-end id="2417" timestamp="2019-08-08T00:00:23.274" threadId="0000000001DD1888" success="true" />
<exclusive-end id="2418" timestamp="2019-08-08T00:00:23.274" durationms="70.497" />

<exclusive-start id="2419" timestamp="2019-08-08T00:00:23.544" intervalms="341.168">
  <response-info timems="0.026" idlems="0.026" threads="0" lastid="0000000001DD0F00" lastname="main" />
</exclusive-start>
<af-start id="2420" threadId="0000000001DD1888" totalBytesRequested="32" timestamp="2019-08-08T00:00:23.544" intervalms="341.176" />
<cycle-start id="2421" type="global" contextid="0" timestamp="2019-08-08T00:00:23.544" intervalms="341.177" />
<gc-start id="2422" type="global" contextid="2421" timestamp="2019-08-08T00:00:23.545">
  <mem-info id="2423" free="574464" total="57540608" percent="0">
    <mem type="tenure" free="574464" total="57540608" percent="0">
      <mem type="soa" free="0" total="56966144" percent="0" />
      <mem type="loa" free="574464" total="574464" percent="100" />
    </mem>
  </mem-info>
</gc-start>
<allocation-stats totalBytes="38981352" >
  <allocated-bytes non-tlh="0" tlh="38981352" />
  <largest-consumer threadName="main" threadId="0000000001DD0F00" bytes="38981352" />
</allocation-stats>
<gc-op id="2424" type="mark" timems="9.291" contextid="2421" timestamp="2019-08-08T00:00:23.554">
  <trace-info objectcount="600767" scancount="521656" scanbytes="13389792" />
  <finalization candidates="80" enqueued="0" />
  <ownableSynchronizers candidates="21" cleared="0" />
  <references type="soft" candidates="3261" cleared="0" enqueued="0" dynamicThreshold="21" maxThreshold="32" />
  <references type="weak" candidates="5610" cleared="0" enqueued="0" />
  <references type="phantom" candidates="97" cleared="0" enqueued="0" />
  <stringconstants candidates="13596" cleared="0"  />
</gc-op>
<gc-op id="2425" type="sweep" timems="1.397" contextid="2421" timestamp="2019-08-08T00:00:23.555" />
<mem-info id="2426" free="39556600" total="57540608" percent="68">
  <mem type="tenure" free="39556600" total="57540608" percent="68" micro-fragmented="0" macro-fragmented="0">
    <mem type="soa" free="38982136" total="56966144" percent="68" />
    <mem type="loa" free="574464" total="574464" percent="100" />
  </mem>
</mem-info>
<gc-op id="2427" type="compact" timems="40.710" contextid="2421" timestamp="2019-08-08T00:00:23.596">
  <compact-info movecount="31" movebytes="920" reason="compact to aid heap contraction" />
</gc-op>
<heap-resize id="2428" type="expand" space="tenure" amount="327680" count="1" timems="0.022" reason="satisfy allocation request" timestamp="2019-08-08T00:00:23.606" />
<gc-end id="2429" type="global" contextid="2421" durationms="61.607" usertimems="108.483" systemtimems="0.000" timestamp="2019-08-08T00:00:23.606" activeThreads="16">
  <mem-info id="2430" free="39820464" total="57868288" percent="68">
    <mem type="tenure" free="39820464" total="57868288" percent="68">
      <mem type="soa" free="39241904" total="57289728" percent="68" />
      <mem type="loa" free="578560" total="578560" percent="100" />
    </mem>
  </mem-info>
</gc-end>
<cycle-end id="2431" type="global" contextid="2421" timestamp="2019-08-08T00:00:23.606" />
  <attribute name="elasticGC enabled" value="1" />
  <attribute name= "numThreadsSpecified" value="16" />
  <attribute name="heapSize specified" value="57540608" />
  <attribute name="Current GC Util" value="53" />
  <attribute name= "Current Time Running" value="142522" />
  <attribute name ="GC Interval" value="0" />
  <attribute name="Target GC Util Change" value ="80.000000" />
  <attribute name="Current GC Util Change" value="53.000000"/>
  <attribute name="Current Error" value="-247.000000" />
  <attribute name="Output H" value="57842184"/>
  <attribute name="Output I" value="728"/>
  <attribute name="Output T" value="16"/>
  <attribute name= "Current Time Running" value="142522" />
  <attribute name="GC Util currently" value="53" />
  <attribute name="CPU Util currently" value="26681166003" />
<allocation-satisfied id="2432" threadId="0000000001DD0F00" bytesRequested="32" />
<af-end id="2433" timestamp="2019-08-08T00:00:23.606" threadId="0000000001DD1888" success="true" />
<exclusive-end id="2434" timestamp="2019-08-08T00:00:23.606" durationms="62.110" />

<exclusive-start id="2435" timestamp="2019-08-08T00:00:23.913" intervalms="368.289">
  <response-info timems="0.080" idlems="0.080" threads="0" lastid="0000000001DD0F00" lastname="main" />
</exclusive-start>
<af-start id="2436" threadId="0000000001DD1888" totalBytesRequested="32" timestamp="2019-08-08T00:00:23.913" intervalms="368.287" />
<cycle-start id="2437" type="global" contextid="0" timestamp="2019-08-08T00:00:23.913" intervalms="368.285" />
<gc-start id="2438" type="global" contextid="2437" timestamp="2019-08-08T00:00:23.913">
  <mem-info id="2439" free="578560" total="57868288" percent="0">
    <mem type="tenure" free="578560" total="57868288" percent="0">
      <mem type="soa" free="0" total="57289728" percent="0" />
      <mem type="loa" free="578560" total="578560" percent="100" />
    </mem>
  </mem-info>
</gc-start>
<allocation-stats totalBytes="39304432" >
  <allocated-bytes non-tlh="0" tlh="39304432" />
  <largest-consumer threadName="main" threadId="0000000001DD0F00" bytes="39304432" />
</allocation-stats>
<gc-op id="2440" type="mark" timems="13.622" contextid="2437" timestamp="2019-08-08T00:00:23.927">
  <trace-info objectcount="600762" scancount="521653" scanbytes="13389692" />
  <finalization candidates="80" enqueued="0" />
  <ownableSynchronizers candidates="21" cleared="0" />
  <references type="soft" candidates="3261" cleared="0" enqueued="0" dynamicThreshold="22" maxThreshold="32" />
  <references type="weak" candidates="5610" cleared="0" enqueued="0" />
  <references type="phantom" candidates="97" cleared="0" enqueued="0" />
  <stringconstants candidates="13596" cleared="0"  />
</gc-op>
<gc-op id="2441" type="sweep" timems="1.662" contextid="2437" timestamp="2019-08-08T00:00:23.928" />
<mem-info id="2442" free="39885456" total="57868288" percent="68">
  <mem type="tenure" free="39885456" total="57868288" percent="68" micro-fragmented="0" macro-fragmented="0">
    <mem type="soa" free="39306896" total="57289728" percent="68" />
    <mem type="loa" free="578560" total="578560" percent="100" />
  </mem>
</mem-info>
<gc-op id="2443" type="compact" timems="36.917" contextid="2437" timestamp="2019-08-08T00:00:23.965">
  <compact-info movecount="8" movebytes="224" reason="compact to aid heap contraction" />
</gc-op>
<heap-resize id="2444" type="expand" space="tenure" amount="327680" count="1" timems="0.017" reason="satisfy allocation request" timestamp="2019-08-08T00:00:23.966" />
<gc-end id="2445" type="global" contextid="2437" durationms="53.334" usertimems="92.734" systemtimems="0.000" timestamp="2019-08-08T00:00:23.966" activeThreads="16">
  <mem-info id="2446" free="40148248" total="58195968" percent="68">
    <mem type="tenure" free="40148248" total="58195968" percent="68">
      <mem type="soa" free="39566616" total="57614336" percent="68" />
      <mem type="loa" free="581632" total="581632" percent="100" />
    </mem>
  </mem-info>
</gc-end>
<cycle-end id="2447" type="global" contextid="2437" timestamp="2019-08-08T00:00:23.966" />
  <attribute name="elasticGC enabled" value="1" />
  <attribute name= "numThreadsSpecified" value="16" />
  <attribute name="heapSize specified" value="57868288" />
  <attribute name="Current GC Util" value="47" />
  <attribute name= "Current Time Running" value="142888" />
  <attribute name ="GC Interval" value="0" />
  <attribute name="Target GC Util Change" value ="80.000000" />
  <attribute name="Current GC Util Change" value="47.000000"/>
  <attribute name="Current Error" value="-135.000000" />
  <attribute name="Output H" value="58170384"/>
  <attribute name="Output I" value="1312"/>
  <attribute name="Output T" value="16"/>
  <attribute name= "Current Time Running" value="142888" />
  <attribute name="GC Util currently" value="47" />
  <attribute name="CPU Util currently" value="31200846313" />
<allocation-satisfied id="2448" threadId="0000000001DD0F00" bytesRequested="32" />
<af-end id="2449" timestamp="2019-08-08T00:00:23.966" threadId="0000000001DD1888" success="true" />
<exclusive-end id="2450" timestamp="2019-08-08T00:00:23.966" durationms="53.589" />

<exclusive-start id="2451" timestamp="2019-08-08T00:00:25.185" intervalms="1272.869">
  <response-info timems="0.090" idlems="0.090" threads="0" lastid="0000000001DD0F00" lastname="main" />
</exclusive-start>
<af-start id="2452" threadId="0000000001DD1888" totalBytesRequested="520" timestamp="2019-08-08T00:00:25.185" intervalms="1272.864" />
<cycle-start id="2453" type="global" contextid="0" timestamp="2019-08-08T00:00:25.186" intervalms="1272.864" />
<gc-start id="2454" type="global" contextid="2453" timestamp="2019-08-08T00:00:25.186">
  <mem-info id="2455" free="581632" total="58195968" percent="0">
    <mem type="tenure" free="581632" total="58195968" percent="0">
      <mem type="soa" free="0" total="57614336" percent="0" />
      <mem type="loa" free="581632" total="581632" percent="100" />
    </mem>
  </mem-info>
</gc-start>
<allocation-stats totalBytes="39617184" >
  <allocated-bytes non-tlh="360" tlh="39616824" />
  <largest-consumer threadName="main" threadId="0000000001DD0F00" bytes="39617184" />
</allocation-stats>
<gc-op id="2456" type="mark" timems="15.594" contextid="2453" timestamp="2019-08-08T00:00:25.201">
  <trace-info objectcount="600807" scancount="521684" scanbytes="13390380" />
  <finalization candidates="80" enqueued="0" />
  <ownableSynchronizers candidates="21" cleared="0" />
  <references type="soft" candidates="3261" cleared="0" enqueued="0" dynamicThreshold="22" maxThreshold="32" />
  <references type="weak" candidates="5612" cleared="0" enqueued="0" />
  <references type="phantom" candidates="97" cleared="0" enqueued="0" />
  <stringconstants candidates="13602" cleared="0"  />
</gc-op>
<gc-op id="2457" type="sweep" timems="2.580" contextid="2453" timestamp="2019-08-08T00:00:25.204" />
<mem-info id="2458" free="40209912" total="58195968" percent="69">
  <mem type="tenure" free="40209912" total="58195968" percent="69" micro-fragmented="0" macro-fragmented="0">
    <mem type="soa" free="39628280" total="57614336" percent="68" />
    <mem type="loa" free="581632" total="581632" percent="100" />
  </mem>
</mem-info>
<gc-op id="2459" type="compact" timems="33.021" contextid="2453" timestamp="2019-08-08T00:00:25.237">
  <compact-info movecount="294" movebytes="8736" reason="compact to aid heap contraction" />
</gc-op>
<heap-resize id="2460" type="expand" space="tenure" amount="327680" count="1" timems="0.111" reason="satisfy allocation request" timestamp="2019-08-08T00:00:25.238" />
<gc-end id="2461" type="global" contextid="2453" durationms="52.519" usertimems="140.569" systemtimems="0.000" timestamp="2019-08-08T00:00:25.238" activeThreads="16">
  <mem-info id="2462" free="40474064" total="58523648" percent="69">
    <mem type="tenure" free="40474064" total="58523648" percent="69">
      <mem type="soa" free="39889360" total="57938944" percent="68" />
      <mem type="loa" free="584704" total="584704" percent="100" />
    </mem>
  </mem-info>
</gc-end>
<cycle-end id="2463" type="global" contextid="2453" timestamp="2019-08-08T00:00:25.238" />
  <attribute name="elasticGC enabled" value="1" />
  <attribute name= "numThreadsSpecified" value="16" />
  <attribute name="heapSize specified" value="58195968" />
  <attribute name="Current GC Util" value="30" />
  <attribute name= "Current Time Running" value="144160" />
  <attribute name ="GC Interval" value="0" />
  <attribute name="Target GC Util Change" value ="80.000000" />
  <attribute name="Current GC Util Change" value="30.000000"/>
  <attribute name="Current Error" value="50.000000" />
  <attribute name="Output H" value="58498912"/>
  <attribute name="Output I" value="2272"/>
  <attribute name="Output T" value="16"/>
  <attribute name= "Current Time Running" value="144160" />
  <attribute name="GC Util currently" value="30" />
  <attribute name="CPU Util currently" value="34872173434" />
<allocation-satisfied id="2464" threadId="0000000001DD0F00" bytesRequested="520" />
<af-end id="2465" timestamp="2019-08-08T00:00:25.238" threadId="0000000001DD1888" success="true" />
<exclusive-end id="2466" timestamp="2019-08-08T00:00:25.238" durationms="52.780" />

<exclusive-start id="2467" timestamp="2019-08-08T00:00:25.295" intervalms="109.519">
  <response-info timems="0.110" idlems="0.110" threads="0" lastid="0000000001DD0F00" lastname="main" />
</exclusive-start>
<af-start id="2468" threadId="0000000001DD1888" totalBytesRequested="48" timestamp="2019-08-08T00:00:25.295" intervalms="109.511" />
<cycle-start id="2469" type="global" contextid="0" timestamp="2019-08-08T00:00:25.295" intervalms="109.505" />
<gc-start id="2470" type="global" contextid="2469" timestamp="2019-08-08T00:00:25.295">
  <mem-info id="2471" free="584704" total="58523648" percent="0">
    <mem type="tenure" free="584704" total="58523648" percent="0">
      <mem type="soa" free="0" total="57938944" percent="0" />
      <mem type="loa" free="584704" total="584704" percent="100" />
    </mem>
  </mem-info>
</gc-start>
<allocation-stats totalBytes="39935856" >
  <allocated-bytes non-tlh="0" tlh="39935856" />
  <largest-consumer threadName="main" threadId="0000000001DD0F00" bytes="39935856" />
</allocation-stats>
<gc-op id="2472" type="mark" timems="10.493" contextid="2469" timestamp="2019-08-08T00:00:25.306">
  <trace-info objectcount="600807" scancount="521682" scanbytes="13390380" />
  <finalization candidates="80" enqueued="0" />
  <ownableSynchronizers candidates="21" cleared="0" />
  <references type="soft" candidates="3261" cleared="0" enqueued="0" dynamicThreshold="22" maxThreshold="32" />
  <references type="weak" candidates="5612" cleared="0" enqueued="0" />
  <references type="phantom" candidates="97" cleared="0" enqueued="0" />
  <stringconstants candidates="13602" cleared="0"  />
</gc-op>
<gc-op id="2473" type="sweep" timems="3.794" contextid="2469" timestamp="2019-08-08T00:00:25.309" />
<mem-info id="2474" free="40539600" total="58523648" percent="69">
  <mem type="tenure" free="40539600" total="58523648" percent="69" micro-fragmented="0" macro-fragmented="0">
    <mem type="soa" free="39954896" total="57938944" percent="68" />
    <mem type="loa" free="584704" total="584704" percent="100" />
  </mem>
</mem-info>
<gc-op id="2475" type="compact" timems="36.878" contextid="2469" timestamp="2019-08-08T00:00:25.346">
  <compact-info movecount="2" movebytes="56" reason="compact to aid heap contraction" />
</gc-op>
<heap-resize id="2476" type="expand" space="tenure" amount="327680" count="1" timems="0.026" reason="satisfy allocation request" timestamp="2019-08-08T00:00:25.350" />
<gc-end id="2477" type="global" contextid="2469" durationms="55.348" usertimems="184.608" systemtimems="0.000" timestamp="2019-08-08T00:00:25.350" activeThreads="16">
  <mem-info id="2478" free="40801744" total="58851328" percent="69">
    <mem type="tenure" free="40801744" total="58851328" percent="69">
      <mem type="soa" free="40213968" total="58263552" percent="69" />
      <mem type="loa" free="587776" total="587776" percent="100" />
    </mem>
  </mem-info>
</gc-end>
<cycle-end id="2479" type="global" contextid="2469" timestamp="2019-08-08T00:00:25.350" />
  <attribute name="elasticGC enabled" value="1" />
  <attribute name= "numThreadsSpecified" value="16" />
  <attribute name="heapSize specified" value="58523648" />
  <attribute name="Current GC Util" value="41" />
  <attribute name= "Current Time Running" value="144269" />
  <attribute name ="GC Interval" value="0" />
  <attribute name="Target GC Util Change" value ="80.000000" />
  <attribute name="Current GC Util Change" value="41.000000"/>
  <attribute name="Current Error" value="-392.000000" />
  <attribute name="Output H" value="58824552"/>
  <attribute name="Output I" value="200"/>
  <attribute name="Output T" value="16"/>
  <attribute name= "Current Time Running" value="144269" />
  <attribute name="GC Util currently" value="41" />
  <attribute name="CPU Util currently" value="31232739481" />
<allocation-satisfied id="2480" threadId="0000000001DD0F00" bytesRequested="48" />
<af-end id="2481" timestamp="2019-08-08T00:00:25.351" threadId="0000000001DD1888" success="true" />
<exclusive-end id="2482" timestamp="2019-08-08T00:00:25.351" durationms="55.567" />

<exclusive-start id="2483" timestamp="2019-08-08T00:00:25.786" intervalms="491.214">
  <response-info timems="0.227" idlems="0.227" threads="0" lastid="0000000001DD0F00" lastname="main" />
</exclusive-start>
<af-start id="2484" threadId="0000000001DD1888" totalBytesRequested="544" timestamp="2019-08-08T00:00:25.786" intervalms="491.225" />
<cycle-start id="2485" type="global" contextid="0" timestamp="2019-08-08T00:00:25.786" intervalms="491.236" />
<gc-start id="2486" type="global" contextid="2485" timestamp="2019-08-08T00:00:25.786">
  <mem-info id="2487" free="587776" total="58851328" percent="0">
    <mem type="tenure" free="587776" total="58851328" percent="0">
      <mem type="soa" free="0" total="58263552" percent="0" />
      <mem type="loa" free="587776" total="587776" percent="100" />
    </mem>
  </mem-info>
</gc-start>
<allocation-stats totalBytes="40268336" >
  <allocated-bytes non-tlh="0" tlh="40268336" />
  <largest-consumer threadName="main" threadId="0000000001DD0F00" bytes="40268336" />
</allocation-stats>
<gc-op id="2488" type="mark" timems="26.204" contextid="2485" timestamp="2019-08-08T00:00:25.813">
  <trace-info objectcount="600819" scancount="521690" scanbytes="13390792" />
  <finalization candidates="80" enqueued="0" />
  <ownableSynchronizers candidates="21" cleared="0" />
  <references type="soft" candidates="3261" cleared="0" enqueued="0" dynamicThreshold="22" maxThreshold="32" />
  <references type="weak" candidates="5622" cleared="0" enqueued="0" />
  <references type="phantom" candidates="97" cleared="0" enqueued="0" />
  <stringconstants candidates="13602" cleared="0"  />
</gc-op>
<gc-op id="2489" type="sweep" timems="3.395" contextid="2485" timestamp="2019-08-08T00:00:25.816" />
<mem-info id="2490" free="40866144" total="58851328" percent="69">
  <mem type="tenure" free="40866144" total="58851328" percent="69" micro-fragmented="0" macro-fragmented="0">
    <mem type="soa" free="40278368" total="58263552" percent="69" />
    <mem type="loa" free="587776" total="587776" percent="100" />
  </mem>
</mem-info>
<gc-op id="2491" type="compact" timems="135.090" contextid="2485" timestamp="2019-08-08T00:00:25.951">
  <compact-info movecount="556854" movebytes="15441440" reason="compact to aid heap contraction" />
</gc-op>
<heap-resize id="2492" type="expand" space="tenure" amount="327680" count="1" timems="0.018" reason="satisfy allocation request" timestamp="2019-08-08T00:00:25.952" />
<gc-end id="2493" type="global" contextid="2485" durationms="165.501" usertimems="398.274" systemtimems="0.000" timestamp="2019-08-08T00:00:25.952" activeThreads="16">
  <mem-info id="2494" free="41129288" total="59179008" percent="69">
    <mem type="tenure" free="41129288" total="59179008" percent="69">
      <mem type="soa" free="40538440" total="58588160" percent="69" />
      <mem type="loa" free="590848" total="590848" percent="100" />
    </mem>
  </mem-info>
</gc-end>
<cycle-end id="2495" type="global" contextid="2485" timestamp="2019-08-08T00:00:25.952" />
  <attribute name="elasticGC enabled" value="1" />
  <attribute name= "numThreadsSpecified" value="16" />
  <attribute name="heapSize specified" value="58851328" />
  <attribute name="Current GC Util" value="18" />
  <attribute name= "Current Time Running" value="144874" />
  <attribute name ="GC Interval" value="0" />
  <attribute name="Target GC Util Change" value ="80.000000" />
  <attribute name="Current GC Util Change" value="18.000000"/>
  <attribute name="Current Error" value="-93.000000" />
  <attribute name="Output H" value="59153616"/>
  <attribute name="Output I" value="1528"/>
  <attribute name="Output T" value="16"/>
  <attribute name= "Current Time Running" value="144874" />
  <attribute name="GC Util currently" value="18" />
  <attribute name="CPU Util currently" value="8533180730" />
<allocation-satisfied id="2496" threadId="0000000001DD0F00" bytesRequested="544" />
<af-end id="2497" timestamp="2019-08-08T00:00:25.952" threadId="0000000001DD1888" success="true" />
<exclusive-end id="2498" timestamp="2019-08-08T00:00:25.952" durationms="165.731" />

<exclusive-start id="2499" timestamp="2019-08-08T00:00:25.984" intervalms="197.873">
  <response-info timems="0.075" idlems="0.075" threads="0" lastid="0000000001DD0F00" lastname="main" />
</exclusive-start>
<af-start id="2500" threadId="0000000001DD1888" totalBytesRequested="584" timestamp="2019-08-08T00:00:25.984" intervalms="197.937" />
<cycle-start id="2501" type="global" contextid="0" timestamp="2019-08-08T00:00:25.984" intervalms="197.931" />
<gc-start id="2502" type="global" contextid="2501" timestamp="2019-08-08T00:00:25.984">
  <mem-info id="2503" free="590848" total="59179008" percent="0">
    <mem type="tenure" free="590848" total="59179008" percent="0">
      <mem type="soa" free="0" total="58588160" percent="0" />
      <mem type="loa" free="590848" total="590848" percent="100" />
    </mem>
  </mem-info>
</gc-start>
<allocation-stats totalBytes="40543792" >
  <allocated-bytes non-tlh="0" tlh="40543792" />
  <largest-consumer threadName="main" threadId="0000000001DD0F00" bytes="40543792" />
</allocation-stats>
<gc-op id="2504" type="mark" timems="10.697" contextid="2501" timestamp="2019-08-08T00:00:25.995">
  <trace-info objectcount="600820" scancount="521702" scanbytes="13390816" />
  <finalization candidates="80" enqueued="0" />
  <ownableSynchronizers candidates="21" cleared="0" />
  <references type="soft" candidates="3261" cleared="0" enqueued="0" dynamicThreshold="22" maxThreshold="32" />
  <references type="weak" candidates="5622" cleared="0" enqueued="0" />
  <references type="phantom" candidates="97" cleared="0" enqueued="0" />
  <stringconstants candidates="13602" cleared="0"  />
</gc-op>
<gc-op id="2505" type="sweep" timems="2.356" contextid="2501" timestamp="2019-08-08T00:00:25.997" />
<mem-info id="2506" free="41194736" total="59179008" percent="69">
  <mem type="tenure" free="41194736" total="59179008" percent="69" micro-fragmented="0" macro-fragmented="0">
    <mem type="soa" free="40603888" total="58588160" percent="69" />
    <mem type="loa" free="590848" total="590848" percent="100" />
  </mem>
</mem-info>
<gc-op id="2507" type="compact" timems="27.567" contextid="2501" timestamp="2019-08-08T00:00:26.025">
  <compact-info movecount="3" movebytes="72" reason="compact to aid heap contraction" />
</gc-op>
<heap-resize id="2508" type="expand" space="tenure" amount="327680" count="1" timems="0.017" reason="satisfy allocation request" timestamp="2019-08-08T00:00:26.026" />
<gc-end id="2509" type="global" contextid="2501" durationms="41.269" usertimems="125.758" systemtimems="0.000" timestamp="2019-08-08T00:00:26.026" activeThreads="16">
  <mem-info id="2510" free="41456944" total="59506688" percent="69">
    <mem type="tenure" free="41456944" total="59506688" percent="69">
      <mem type="soa" free="40862000" total="58911744" percent="69" />
      <mem type="loa" free="594944" total="594944" percent="100" />
    </mem>
  </mem-info>
</gc-end>
<cycle-end id="2511" type="global" contextid="2501" timestamp="2019-08-08T00:00:26.026" />
  <attribute name="elasticGC enabled" value="1" />
  <attribute name= "numThreadsSpecified" value="16" />
  <attribute name="heapSize specified" value="59179008" />
  <attribute name="Current GC Util" value="30" />
  <attribute name= "Current Time Running" value="144948" />
  <attribute name ="GC Interval" value="0" />
  <attribute name="Target GC Util Change" value ="80.000000" />
  <attribute name="Current GC Util Change" value="30.000000"/>
  <attribute name="Current Error" value="50.000000" />
  <attribute name="Output H" value="59481952"/>
  <attribute name="Output I" value="2272"/>
  <attribute name="Output T" value="16"/>
  <attribute name= "Current Time Running" value="144948" />
  <attribute name="GC Util currently" value="30" />
  <attribute name="CPU Util currently" value="41784009912" />
<allocation-satisfied id="2512" threadId="0000000001DD0F00" bytesRequested="584" />
<af-end id="2513" timestamp="2019-08-08T00:00:26.026" threadId="0000000001DD1888" success="true" />
<exclusive-end id="2514" timestamp="2019-08-08T00:00:26.026" durationms="41.934" />

<exclusive-start id="2515" timestamp="2019-08-08T00:00:26.054" intervalms="69.912">
  <response-info timems="0.069" idlems="0.069" threads="0" lastid="0000000001DD0F00" lastname="main" />
</exclusive-start>
<af-start id="2516" threadId="0000000001DD1888" totalBytesRequested="544" timestamp="2019-08-08T00:00:26.054" intervalms="69.840" />
<cycle-start id="2517" type="global" contextid="0" timestamp="2019-08-08T00:00:26.054" intervalms="69.835" />
<gc-start id="2518" type="global" contextid="2517" timestamp="2019-08-08T00:00:26.054">
  <mem-info id="2519" free="594944" total="59506688" percent="0">
    <mem type="tenure" free="594944" total="59506688" percent="0">
      <mem type="soa" free="0" total="58911744" percent="0" />
      <mem type="loa" free="594944" total="594944" percent="100" />
    </mem>
  </mem-info>
</gc-start>
<allocation-stats totalBytes="40855424" >
  <allocated-bytes non-tlh="0" tlh="40855424" />
  <largest-consumer threadName="main" threadId="0000000001DD0F00" bytes="40855424" />
</allocation-stats>
<gc-op id="2520" type="mark" timems="40.449" contextid="2517" timestamp="2019-08-08T00:00:26.095">
  <trace-info objectcount="600820" scancount="521697" scanbytes="13390816" />
  <finalization candidates="80" enqueued="0" />
  <ownableSynchronizers candidates="21" cleared="0" />
  <references type="soft" candidates="3261" cleared="0" enqueued="0" dynamicThreshold="22" maxThreshold="32" />
  <references type="weak" candidates="5622" cleared="0" enqueued="0" />
  <references type="phantom" candidates="97" cleared="0" enqueued="0" />
  <stringconstants candidates="13602" cleared="0"  />
</gc-op>
<gc-op id="2521" type="sweep" timems="7.722" contextid="2517" timestamp="2019-08-08T00:00:26.102" />
<mem-info id="2522" free="41522216" total="59506688" percent="69">
  <mem type="tenure" free="41522216" total="59506688" percent="69" micro-fragmented="0" macro-fragmented="0">
    <mem type="soa" free="40927272" total="58911744" percent="69" />
    <mem type="loa" free="594944" total="594944" percent="100" />
  </mem>
</mem-info>
<gc-op id="2523" type="compact" timems="33.096" contextid="2517" timestamp="2019-08-08T00:00:26.136">
  <compact-info movecount="3" movebytes="72" reason="compact to aid heap contraction" />
</gc-op>
<heap-resize id="2524" type="expand" space="tenure" amount="327680" count="1" timems="0.025" reason="satisfy allocation request" timestamp="2019-08-08T00:00:26.136" />
<gc-end id="2525" type="global" contextid="2517" durationms="82.394" usertimems="306.870" systemtimems="0.000" timestamp="2019-08-08T00:00:26.137" activeThreads="16">
  <mem-info id="2526" free="41784624" total="59834368" percent="69">
    <mem type="tenure" free="41784624" total="59834368" percent="69">
      <mem type="soa" free="41186608" total="59236352" percent="69" />
      <mem type="loa" free="598016" total="598016" percent="100" />
    </mem>
  </mem-info>
</gc-end>
<cycle-end id="2527" type="global" contextid="2517" timestamp="2019-08-08T00:00:26.137" />
  <attribute name="elasticGC enabled" value="1" />
  <attribute name= "numThreadsSpecified" value="16" />
  <attribute name="heapSize specified" value="59506688" />
  <attribute name="Current GC Util" value="24" />
  <attribute name= "Current Time Running" value="145059" />
  <attribute name ="GC Interval" value="0" />
  <attribute name="Target GC Util Change" value ="80.000000" />
  <attribute name="Current GC Util Change" value="24.000000"/>
  <attribute name="Current Error" value="-310.000000" />
  <attribute name="Output H" value="59807976"/>
  <attribute name="Output I" value="400"/>
  <attribute name="Output T" value="16"/>
  <attribute name= "Current Time Running" value="145059" />
  <attribute name="GC Util currently" value="24" />
  <attribute name="CPU Util currently" value="34423697610" />
<allocation-satisfied id="2528" threadId="0000000001DD0F00" bytesRequested="544" />
<af-end id="2529" timestamp="2019-08-08T00:00:26.137" threadId="0000000001DD1888" success="true" />
<exclusive-end id="2530" timestamp="2019-08-08T00:00:26.137" durationms="82.710" />

<exclusive-start id="2531" timestamp="2019-08-08T00:00:26.166" intervalms="112.256">
  <response-info timems="0.058" idlems="0.058" threads="0" lastid="0000000001DD0F00" lastname="main" />
</exclusive-start>
<af-start id="2532" threadId="0000000001DD1888" totalBytesRequested="488" timestamp="2019-08-08T00:00:26.166" intervalms="112.249" />
<cycle-start id="2533" type="global" contextid="0" timestamp="2019-08-08T00:00:26.166" intervalms="112.277" />
<gc-start id="2534" type="global" contextid="2533" timestamp="2019-08-08T00:00:26.166">
  <mem-info id="2535" free="598016" total="59834368" percent="0">
    <mem type="tenure" free="598016" total="59834368" percent="0">
      <mem type="soa" free="0" total="59236352" percent="0" />
      <mem type="loa" free="598016" total="598016" percent="100" />
    </mem>
  </mem-info>
</gc-start>
<allocation-stats totalBytes="41179096" >
  <allocated-bytes non-tlh="0" tlh="41179096" />
  <largest-consumer threadName="main" threadId="0000000001DD0F00" bytes="41179096" />
</allocation-stats>
<gc-op id="2536" type="mark" timems="13.855" contextid="2533" timestamp="2019-08-08T00:00:26.180">
  <trace-info objectcount="600820" scancount="521692" scanbytes="13390816" />
  <finalization candidates="80" enqueued="0" />
  <ownableSynchronizers candidates="21" cleared="0" />
  <references type="soft" candidates="3261" cleared="0" enqueued="0" dynamicThreshold="22" maxThreshold="32" />
  <references type="weak" candidates="5622" cleared="0" enqueued="0" />
  <references type="phantom" candidates="97" cleared="0" enqueued="0" />
  <stringconstants candidates="13602" cleared="0"  />
</gc-op>
<gc-op id="2537" type="sweep" timems="1.337" contextid="2533" timestamp="2019-08-08T00:00:26.182" />
<mem-info id="2538" free="41849960" total="59834368" percent="69">
  <mem type="tenure" free="41849960" total="59834368" percent="69" micro-fragmented="0" macro-fragmented="0">
    <mem type="soa" free="41251944" total="59236352" percent="69" />
    <mem type="loa" free="598016" total="598016" percent="100" />
  </mem>
</mem-info>
<gc-op id="2539" type="compact" timems="26.669" contextid="2533" timestamp="2019-08-08T00:00:26.208">
  <compact-info movecount="3" movebytes="72" reason="compact to aid heap contraction" />
</gc-op>
<heap-resize id="2540" type="expand" space="tenure" amount="327680" count="1" timems="0.022" reason="satisfy allocation request" timestamp="2019-08-08T00:00:26.209" />
<gc-end id="2541" type="global" contextid="2533" durationms="42.698" usertimems="98.457" systemtimems="0.000" timestamp="2019-08-08T00:00:26.209" activeThreads="16">
  <mem-info id="2542" free="42112304" total="60162048" percent="69">
    <mem type="tenure" free="42112304" total="60162048" percent="69">
      <mem type="soa" free="41511216" total="59560960" percent="69" />
      <mem type="loa" free="601088" total="601088" percent="100" />
    </mem>
  </mem-info>
</gc-end>
<cycle-end id="2543" type="global" contextid="2533" timestamp="2019-08-08T00:00:26.209" />
  <attribute name="elasticGC enabled" value="1" />
  <attribute name= "numThreadsSpecified" value="16" />
  <attribute name="heapSize specified" value="59834368" />
  <attribute name="Current GC Util" value="27" />
  <attribute name= "Current Time Running" value="145131" />
  <attribute name ="GC Interval" value="0" />
  <attribute name="Target GC Util Change" value ="80.000000" />
  <attribute name="Current GC Util Change" value="27.000000"/>
  <attribute name="Current Error" value="-118.000000" />
  <attribute name="Output H" value="60136536"/>
  <attribute name="Output I" value="1400"/>
  <attribute name="Output T" value="16"/>
  <attribute name= "Current Time Running" value="145131" />
  <attribute name="GC Util currently" value="27" />
  <attribute name="CPU Util currently" value="43146927226" />
<allocation-satisfied id="2544" threadId="0000000001DD0F00" bytesRequested="488" />
<af-end id="2545" timestamp="2019-08-08T00:00:26.209" threadId="0000000001DD1888" success="true" />
<exclusive-end id="2546" timestamp="2019-08-08T00:00:26.209" durationms="42.956" />

<exclusive-start id="2547" timestamp="2019-08-08T00:00:26.240" intervalms="74.187">
  <response-info timems="0.084" idlems="0.084" threads="0" lastid="0000000001DD0F00" lastname="main" />
</exclusive-start>
<af-start id="2548" threadId="0000000001DD1888" totalBytesRequested="16" timestamp="2019-08-08T00:00:26.240" intervalms="74.198" />
<cycle-start id="2549" type="global" contextid="0" timestamp="2019-08-08T00:00:26.240" intervalms="74.168" />
<gc-start id="2550" type="global" contextid="2549" timestamp="2019-08-08T00:00:26.241">
  <mem-info id="2551" free="601088" total="60162048" percent="0">
    <mem type="tenure" free="601088" total="60162048" percent="0">
      <mem type="soa" free="0" total="59560960" percent="0" />
      <mem type="loa" free="601088" total="601088" percent="100" />
    </mem>
  </mem-info>
</gc-start>
<allocation-stats totalBytes="41503184" >
  <allocated-bytes non-tlh="0" tlh="41503184" />
  <largest-consumer threadName="main" threadId="0000000001DD0F00" bytes="41503184" />
</allocation-stats>
<gc-op id="2552" type="mark" timems="22.129" contextid="2549" timestamp="2019-08-08T00:00:26.263">
  <trace-info objectcount="600821" scancount="521698" scanbytes="13390848" />
  <finalization candidates="80" enqueued="0" />
  <ownableSynchronizers candidates="21" cleared="0" />
  <references type="soft" candidates="3261" cleared="0" enqueued="0" dynamicThreshold="22" maxThreshold="32" />
  <references type="weak" candidates="5622" cleared="0" enqueued="0" />
  <references type="phantom" candidates="97" cleared="0" enqueued="0" />
  <stringconstants candidates="13602" cleared="0"  />
</gc-op>
<gc-op id="2553" type="sweep" timems="5.125" contextid="2549" timestamp="2019-08-08T00:00:26.268" />
<mem-info id="2554" free="42177784" total="60162048" percent="70">
  <mem type="tenure" free="42177784" total="60162048" percent="70" micro-fragmented="0" macro-fragmented="0">
    <mem type="soa" free="41576696" total="59560960" percent="69" />
    <mem type="loa" free="601088" total="601088" percent="100" />
  </mem>
</mem-info>
<gc-op id="2555" type="compact" timems="38.988" contextid="2549" timestamp="2019-08-08T00:00:26.307">
  <compact-info movecount="4" movebytes="104" reason="compact to aid heap contraction" />
</gc-op>
<heap-resize id="2556" type="expand" space="tenure" amount="327680" count="1" timems="0.019" reason="satisfy allocation request" timestamp="2019-08-08T00:00:26.307" />
<gc-end id="2557" type="global" contextid="2549" durationms="66.858" usertimems="119.913" systemtimems="0.000" timestamp="2019-08-08T00:00:26.307" activeThreads="16">
  <mem-info id="2558" free="42439952" total="60489728" percent="70">
    <mem type="tenure" free="42439952" total="60489728" percent="70">
      <mem type="soa" free="41835792" total="59885568" percent="69" />
      <mem type="loa" free="604160" total="604160" percent="100" />
    </mem>
  </mem-info>
</gc-end>
<cycle-end id="2559" type="global" contextid="2549" timestamp="2019-08-08T00:00:26.308" />
  <attribute name="elasticGC enabled" value="1" />
  <attribute name= "numThreadsSpecified" value="16" />
  <attribute name="heapSize specified" value="60162048" />
  <attribute name="Current GC Util" value="19" />
  <attribute name= "Current Time Running" value="145230" />
  <attribute name ="GC Interval" value="0" />
  <attribute name="Target GC Util Change" value ="80.000000" />
  <attribute name="Current GC Util Change" value="19.000000"/>
  <attribute name="Current Error" value="61.000000" />
  <attribute name="Output H" value="60465048"/>
  <attribute name="Output I" value="2328"/>
  <attribute name="Output T" value="16"/>
  <attribute name= "Current Time Running" value="145230" />
  <attribute name="GC Util currently" value="19" />
  <attribute name="CPU Util currently" value="29552074464" />
<allocation-satisfied id="2560" threadId="0000000001DD0F00" bytesRequested="16" />
<af-end id="2561" timestamp="2019-08-08T00:00:26.308" threadId="0000000001DD1888" success="true" />
<exclusive-end id="2562" timestamp="2019-08-08T00:00:26.308" durationms="67.904" />

<exclusive-start id="2563" timestamp="2019-08-08T00:00:26.593" intervalms="352.245">
  <response-info timems="0.178" idlems="0.178" threads="0" lastid="0000000001DD0F00" lastname="main" />
</exclusive-start>
<af-start id="2564" threadId="0000000001DD1888" totalBytesRequested="456" timestamp="2019-08-08T00:00:26.593" intervalms="352.259" />
<cycle-start id="2565" type="global" contextid="0" timestamp="2019-08-08T00:00:26.593" intervalms="352.278" />
<gc-start id="2566" type="global" contextid="2565" timestamp="2019-08-08T00:00:26.593">
  <mem-info id="2567" free="604160" total="60489728" percent="0">
    <mem type="tenure" free="604160" total="60489728" percent="0">
      <mem type="soa" free="0" total="59885568" percent="0" />
      <mem type="loa" free="604160" total="604160" percent="100" />
    </mem>
  </mem-info>
</gc-start>
<allocation-stats totalBytes="41830856" >
  <allocated-bytes non-tlh="0" tlh="41830856" />
  <largest-consumer threadName="main" threadId="0000000001DD0F00" bytes="41830856" />
</allocation-stats>
<gc-op id="2568" type="mark" timems="25.118" contextid="2565" timestamp="2019-08-08T00:00:26.618">
  <trace-info objectcount="600833" scancount="521716" scanbytes="13391176" />
  <finalization candidates="80" enqueued="0" />
  <ownableSynchronizers candidates="21" cleared="0" />
  <references type="soft" candidates="3261" cleared="0" enqueued="0" dynamicThreshold="22" maxThreshold="32" />
  <references type="weak" candidates="5622" cleared="0" enqueued="0" />
  <references type="phantom" candidates="97" cleared="0" enqueued="0" />
  <stringconstants candidates="13602" cleared="0"  />
</gc-op>
<gc-op id="2569" type="sweep" timems="6.386" contextid="2565" timestamp="2019-08-08T00:00:26.625" />
<mem-info id="2570" free="42504104" total="60489728" percent="70">
  <mem type="tenure" free="42504104" total="60489728" percent="70" micro-fragmented="0" macro-fragmented="0">
    <mem type="soa" free="41899944" total="59885568" percent="69" />
    <mem type="loa" free="604160" total="604160" percent="100" />
  </mem>
</mem-info>
<gc-op id="2571" type="compact" timems="40.604" contextid="2565" timestamp="2019-08-08T00:00:26.665">
  <compact-info movecount="31" movebytes="1384" reason="compact to aid heap contraction" />
</gc-op>
<heap-resize id="2572" type="expand" space="tenure" amount="327680" count="1" timems="0.022" reason="satisfy allocation request" timestamp="2019-08-08T00:00:26.667" />
<gc-end id="2573" type="global" contextid="2565" durationms="73.864" usertimems="132.206" systemtimems="0.000" timestamp="2019-08-08T00:00:26.667" activeThreads="16">
  <mem-info id="2574" free="42767416" total="60817408" percent="70">
    <mem type="tenure" free="42767416" total="60817408" percent="70">
      <mem type="soa" free="42160184" total="60210176" percent="70" />
      <mem type="loa" free="607232" total="607232" percent="100" />
    </mem>
  </mem-info>
</gc-end>
<cycle-end id="2575" type="global" contextid="2565" timestamp="2019-08-08T00:00:26.667" />
  <attribute name="elasticGC enabled" value="1" />
  <attribute name= "numThreadsSpecified" value="16" />
  <attribute name="heapSize specified" value="60489728" />
  <attribute name="Current GC Util" value="30" />
  <attribute name= "Current Time Running" value="145588" />
  <attribute name ="GC Interval" value="0" />
  <attribute name="Target GC Util Change" value ="80.000000" />
  <attribute name="Current GC Util Change" value="30.000000"/>
  <attribute name="Current Error" value="-63.000000" />
  <attribute name="Output H" value="60792152"/>
  <attribute name="Output I" value="1688"/>
  <attribute name="Output T" value="16"/>
  <attribute name= "Current Time Running" value="145588" />
  <attribute name="GC Util currently" value="30" />
  <attribute name="CPU Util currently" value="28358793861" />
<allocation-satisfied id="2576" threadId="0000000001DD0F00" bytesRequested="456" />
<af-end id="2577" timestamp="2019-08-08T00:00:26.667" threadId="0000000001DD1888" success="true" />
<exclusive-end id="2578" timestamp="2019-08-08T00:00:26.667" durationms="74.356" />

<exclusive-start id="2579" timestamp="2019-08-08T00:00:26.800" intervalms="207.410">
  <response-info timems="0.044" idlems="0.044" threads="0" lastid="0000000001DD0F00" lastname="main" />
</exclusive-start>
<af-start id="2580" threadId="0000000001DD1888" totalBytesRequested="440" timestamp="2019-08-08T00:00:26.800" intervalms="207.386" />
<cycle-start id="2581" type="global" contextid="0" timestamp="2019-08-08T00:00:26.800" intervalms="207.366" />
<gc-start id="2582" type="global" contextid="2581" timestamp="2019-08-08T00:00:26.800">
  <mem-info id="2583" free="607232" total="60817408" percent="0">
    <mem type="tenure" free="607232" total="60817408" percent="0">
      <mem type="soa" free="0" total="60210176" percent="0" />
      <mem type="loa" free="607232" total="607232" percent="100" />
    </mem>
  </mem-info>
</gc-start>
<allocation-stats totalBytes="42186256" >
  <allocated-bytes non-tlh="0" tlh="42186256" />
  <largest-consumer threadName="main" threadId="0000000001DD0F00" bytes="42186256" />
</allocation-stats>
<gc-op id="2584" type="mark" timems="15.186" contextid="2581" timestamp="2019-08-08T00:00:26.815">
  <trace-info objectcount="600842" scancount="521720" scanbytes="13391368" />
  <finalization candidates="80" enqueued="0" />
  <ownableSynchronizers candidates="21" cleared="0" />
  <references type="soft" candidates="3261" cleared="0" enqueued="0" dynamicThreshold="22" maxThreshold="32" />
  <references type="weak" candidates="5622" cleared="0" enqueued="0" />
  <references type="phantom" candidates="97" cleared="0" enqueued="0" />
  <stringconstants candidates="13602" cleared="0"  />
</gc-op>
<gc-op id="2585" type="sweep" timems="1.583" contextid="2581" timestamp="2019-08-08T00:00:26.817" />
<mem-info id="2586" free="42832000" total="60817408" percent="70">
  <mem type="tenure" free="42832000" total="60817408" percent="70" micro-fragmented="0" macro-fragmented="0">
    <mem type="soa" free="42224768" total="60210176" percent="70" />
    <mem type="loa" free="607232" total="607232" percent="100" />
  </mem>
</mem-info>
<gc-op id="2587" type="compact" timems="39.858" contextid="2581" timestamp="2019-08-08T00:00:26.857">
  <compact-info movecount="15" movebytes="832" reason="compact to aid heap contraction" />
</gc-op>
<heap-resize id="2588" type="expand" space="tenure" amount="327680" count="1" timems="0.022" reason="satisfy allocation request" timestamp="2019-08-08T00:00:26.858" />
<gc-end id="2589" type="global" contextid="2581" durationms="57.568" usertimems="183.165" systemtimems="0.000" timestamp="2019-08-08T00:00:26.858" activeThreads="16">
  <mem-info id="2590" free="43094920" total="61145088" percent="70">
    <mem type="tenure" free="43094920" total="61145088" percent="70">
      <mem type="soa" free="42483592" total="60533760" percent="70" />
      <mem type="loa" free="611328" total="611328" percent="100" />
    </mem>
  </mem-info>
</gc-end>
<cycle-end id="2591" type="global" contextid="2581" timestamp="2019-08-08T00:00:26.858" />
  <attribute name="elasticGC enabled" value="1" />
  <attribute name= "numThreadsSpecified" value="16" />
  <attribute name="heapSize specified" value="60817408" />
  <attribute name="Current GC Util" value="27" />
  <attribute name= "Current Time Running" value="145780" />
  <attribute name ="GC Interval" value="0" />
  <attribute name="Target GC Util Change" value ="80.000000" />
  <attribute name="Current GC Util Change" value="27.000000"/>
  <attribute name="Current Error" value="-493.000000" />
  <attribute name="Output H" value="61117848"/>
  <attribute name="Output I" value="200"/>
  <attribute name="Output T" value="16"/>
  <attribute name= "Current Time Running" value="145780" />
  <attribute name="GC Util currently" value="27" />
  <attribute name="CPU Util currently" value="28886052180" />
<allocation-satisfied id="2592" threadId="0000000001DD0F00" bytesRequested="440" />
<af-end id="2593" timestamp="2019-08-08T00:00:26.858" threadId="0000000001DD1888" success="true" />
<exclusive-end id="2594" timestamp="2019-08-08T00:00:26.858" durationms="57.883" />

<exclusive-start id="2595" timestamp="2019-08-08T00:00:26.924" intervalms="124.406">
  <response-info timems="0.050" idlems="0.050" threads="0" lastid="0000000001DD0F00" lastname="main" />
</exclusive-start>
<af-start id="2596" threadId="0000000001DD1888" totalBytesRequested="408" timestamp="2019-08-08T00:00:26.925" intervalms="124.411" />
<cycle-start id="2597" type="global" contextid="0" timestamp="2019-08-08T00:00:26.925" intervalms="124.412" />
<gc-start id="2598" type="global" contextid="2597" timestamp="2019-08-08T00:00:26.925">
  <mem-info id="2599" free="611328" total="61145088" percent="0">
    <mem type="tenure" free="611328" total="61145088" percent="0">
      <mem type="soa" free="0" total="60533760" percent="0" />
      <mem type="loa" free="611328" total="611328" percent="100" />
    </mem>
  </mem-info>
</gc-start>
<allocation-stats totalBytes="42519120" >
  <allocated-bytes non-tlh="0" tlh="42519120" />
  <largest-consumer threadName="main" threadId="0000000001DD0F00" bytes="42519120" />
</allocation-stats>
<gc-op id="2600" type="mark" timems="20.735" contextid="2597" timestamp="2019-08-08T00:00:26.945">
  <trace-info objectcount="600846" scancount="521724" scanbytes="13392300" />
  <finalization candidates="80" enqueued="0" />
  <ownableSynchronizers candidates="21" cleared="0" />
  <references type="soft" candidates="3261" cleared="0" enqueued="0" dynamicThreshold="22" maxThreshold="32" />
  <references type="weak" candidates="5622" cleared="0" enqueued="0" />
  <references type="phantom" candidates="97" cleared="0" enqueued="0" />
  <stringconstants candidates="13602" cleared="0"  />
</gc-op>
<gc-op id="2601" type="sweep" timems="15.576" contextid="2597" timestamp="2019-08-08T00:00:26.961" />
<mem-info id="2602" free="43159216" total="61145088" percent="70">
  <mem type="tenure" free="43159216" total="61145088" percent="70" micro-fragmented="0" macro-fragmented="0">
    <mem type="soa" free="42547888" total="60533760" percent="70" />
    <mem type="loa" free="611328" total="611328" percent="100" />
  </mem>
</mem-info>
<gc-op id="2603" type="compact" timems="50.584" contextid="2597" timestamp="2019-08-08T00:00:27.014">
  <compact-info movecount="30" movebytes="1736" reason="compact to aid heap contraction" />
</gc-op>
<heap-resize id="2604" type="expand" space="tenure" amount="327680" count="1" timems="0.020" reason="satisfy allocation request" timestamp="2019-08-08T00:00:27.015" />
<gc-end id="2605" type="global" contextid="2597" durationms="90.595" usertimems="152.639" systemtimems="0.000" timestamp="2019-08-08T00:00:27.015" activeThreads="16">
  <mem-info id="2606" free="43422104" total="61472768" percent="70">
    <mem type="tenure" free="43422104" total="61472768" percent="70">
      <mem type="soa" free="42807704" total="60858368" percent="70" />
      <mem type="loa" free="614400" total="614400" percent="100" />
    </mem>
  </mem-info>
</gc-end>
<cycle-end id="2607" type="global" contextid="2597" timestamp="2019-08-08T00:00:27.015" />
  <attribute name="elasticGC enabled" value="1" />
  <attribute name= "numThreadsSpecified" value="16" />
  <attribute name="heapSize specified" value="61145088" />
  <attribute name="Current GC Util" value="31" />
  <attribute name= "Current Time Running" value="145938" />
  <attribute name ="GC Interval" value="0" />
  <attribute name="Target GC Util Change" value ="80.000000" />
  <attribute name="Current GC Util Change" value="31.000000"/>
  <attribute name="Current Error" value="49.000000" />
  <attribute name="Output H" value="61448032"/>
  <attribute name="Output I" value="2264"/>
  <attribute name="Output T" value="16"/>
  <attribute name= "Current Time Running" value="145938" />
  <attribute name="GC Util currently" value="31" />
  <attribute name="CPU Util currently" value="23485938836" />
<allocation-satisfied id="2608" threadId="0000000001DD0F00" bytesRequested="408" />
<af-end id="2609" timestamp="2019-08-08T00:00:27.015" threadId="0000000001DD1888" success="true" />
<exclusive-end id="2610" timestamp="2019-08-08T00:00:27.015" durationms="90.796" />

<exclusive-start id="2611" timestamp="2019-08-08T00:00:27.119" intervalms="194.500">
  <response-info timems="0.067" idlems="0.067" threads="0" lastid="0000000001DD0F00" lastname="main" />
</exclusive-start>
<af-start id="2612" threadId="0000000001DD1888" totalBytesRequested="1016" timestamp="2019-08-08T00:00:27.119" intervalms="194.508" />
<cycle-start id="2613" type="global" contextid="0" timestamp="2019-08-08T00:00:27.119" intervalms="194.521" />
<gc-start id="2614" type="global" contextid="2613" timestamp="2019-08-08T00:00:27.119">
  <mem-info id="2615" free="614400" total="61472768" percent="0">
    <mem type="tenure" free="614400" total="61472768" percent="0">
      <mem type="soa" free="0" total="60858368" percent="0" />
      <mem type="loa" free="614400" total="614400" percent="100" />
    </mem>
  </mem-info>
</gc-start>
<allocation-stats totalBytes="42834112" >
  <allocated-bytes non-tlh="3776" tlh="42830336" />
  <largest-consumer threadName="main" threadId="0000000001DD0F00" bytes="42834112" />
</allocation-stats>
<gc-op id="2616" type="mark" timems="14.089" contextid="2613" timestamp="2019-08-08T00:00:27.133">
  <trace-info objectcount="598947" scancount="519955" scanbytes="13345540" />
  <finalization candidates="80" enqueued="0" />
  <ownableSynchronizers candidates="21" cleared="0" />
  <references type="soft" candidates="3277" cleared="1422" enqueued="711" dynamicThreshold="22" maxThreshold="32" />
  <references type="weak" candidates="5682" cleared="10" enqueued="7" />
  <references type="phantom" candidates="97" cleared="0" enqueued="0" />
  <stringconstants candidates="13639" cleared="389"  />
</gc-op>
<gc-op id="2617" type="sweep" timems="3.564" contextid="2613" timestamp="2019-08-08T00:00:27.137" />
<mem-info id="2618" free="43432560" total="61472768" percent="70">
  <mem type="tenure" free="43432560" total="61472768" percent="70" micro-fragmented="59380" macro-fragmented="0">
    <mem type="soa" free="42818160" total="60858368" percent="70" />
    <mem type="loa" free="614400" total="614400" percent="100" />
  </mem>
  <pending-finalizers system="0" default="0" reference="718" classloader="0" />
</mem-info>
<gc-op id="2619" type="compact" timems="147.703" contextid="2613" timestamp="2019-08-08T00:00:27.285">
  <compact-info movecount="549910" movebytes="15203768" reason="compact to aid heap contraction" />
</gc-op>
<heap-resize id="2620" type="expand" space="tenure" amount="327680" count="1" timems="0.019" reason="satisfy allocation request" timestamp="2019-08-08T00:00:27.286" />
<gc-end id="2621" type="global" contextid="2613" durationms="167.334" usertimems="306.139" systemtimems="0.000" timestamp="2019-08-08T00:00:27.286" activeThreads="16">
  <mem-info id="2622" free="43771672" total="61800448" percent="70">
    <mem type="tenure" free="43771672" total="61800448" percent="70">
      <mem type="soa" free="43154200" total="61182976" percent="70" />
      <mem type="loa" free="617472" total="617472" percent="100" />
    </mem>
    <pending-finalizers system="0" default="0" reference="718" classloader="0" />
  </mem-info>
</gc-end>
<cycle-end id="2623" type="global" contextid="2613" timestamp="2019-08-08T00:00:27.287" />
  <attribute name="elasticGC enabled" value="1" />
  <attribute name= "numThreadsSpecified" value="16" />
  <attribute name="heapSize specified" value="61472768" />
  <attribute name="Current GC Util" value="12" />
  <attribute name= "Current Time Running" value="146208" />
  <attribute name ="GC Interval" value="0" />
  <attribute name="Target GC Util Change" value ="80.000000" />
  <attribute name="Current GC Util Change" value="12.000000"/>
  <attribute name="Current Error" value="-68.000000" />
  <attribute name="Output H" value="61775168"/>
  <attribute name="Output I" value="1656"/>
  <attribute name="Output T" value="16"/>
  <attribute name= "Current Time Running" value="146208" />
  <attribute name="GC Util currently" value="12" />
  <attribute name="CPU Util currently" value="7804030165" />
<allocation-satisfied id="2624" threadId="0000000001DD0F00" bytesRequested="1016" />
<af-end id="2625" timestamp="2019-08-08T00:00:27.287" threadId="0000000001DD1888" success="true" />
<exclusive-end id="2626" timestamp="2019-08-08T00:00:27.287" durationms="167.583" />

<exclusive-start id="2627" timestamp="2019-08-08T00:00:27.532" intervalms="412.945">
  <response-info timems="0.056" idlems="0.056" threads="0" lastid="0000000001DD0F00" lastname="main" />
</exclusive-start>
<af-start id="2628" threadId="0000000001DD1888" totalBytesRequested="1016" timestamp="2019-08-08T00:00:27.532" intervalms="412.933" />
<cycle-start id="2629" type="global" contextid="0" timestamp="2019-08-08T00:00:27.532" intervalms="412.919" />
<gc-start id="2630" type="global" contextid="2629" timestamp="2019-08-08T00:00:27.532">
  <mem-info id="2631" free="617472" total="61800448" percent="0">
    <mem type="tenure" free="617472" total="61800448" percent="0">
      <mem type="soa" free="0" total="61182976" percent="0" />
      <mem type="loa" free="617472" total="617472" percent="100" />
    </mem>
  </mem-info>
</gc-start>
<allocation-stats totalBytes="43158808" >
  <allocated-bytes non-tlh="0" tlh="43158808" />
  <largest-consumer threadName="main" threadId="0000000001DD0F00" bytes="43119416" />
</allocation-stats>
<gc-op id="2632" type="mark" timems="10.057" contextid="2629" timestamp="2019-08-08T00:00:27.542">
  <trace-info objectcount="598937" scancount="519951" scanbytes="13348348" />
  <finalization candidates="80" enqueued="0" />
  <ownableSynchronizers candidates="21" cleared="0" />
  <references type="soft" candidates="1855" cleared="0" enqueued="0" dynamicThreshold="22" maxThreshold="32" />
  <references type="weak" candidates="5672" cleared="0" enqueued="0" />
  <references type="phantom" candidates="97" cleared="0" enqueued="0" />
  <stringconstants candidates="13250" cleared="0"  />
</gc-op>
<gc-op id="2633" type="sweep" timems="1.708" contextid="2629" timestamp="2019-08-08T00:00:27.544" />
<mem-info id="2634" free="43835064" total="61800448" percent="70">
  <mem type="tenure" free="43835064" total="61800448" percent="70" micro-fragmented="0" macro-fragmented="0">
    <mem type="soa" free="43217592" total="61182976" percent="70" />
    <mem type="loa" free="617472" total="617472" percent="100" />
  </mem>
</mem-info>
<gc-op id="2635" type="compact" timems="26.243" contextid="2629" timestamp="2019-08-08T00:00:27.570">
  <compact-info movecount="832" movebytes="47200" reason="compact to aid heap contraction" />
</gc-op>
<heap-resize id="2636" type="expand" space="tenure" amount="327680" count="1" timems="0.032" reason="satisfy allocation request" timestamp="2019-08-08T00:00:27.571" />
<gc-end id="2637" type="global" contextid="2629" durationms="38.775" usertimems="83.158" systemtimems="0.000" timestamp="2019-08-08T00:00:27.571" activeThreads="16">
  <mem-info id="2638" free="44097672" total="62128128" percent="70">
    <mem type="tenure" free="44097672" total="62128128" percent="70">
      <mem type="soa" free="43477128" total="61507584" percent="70" />
      <mem type="loa" free="620544" total="620544" percent="100" />
    </mem>
  </mem-info>
</gc-end>
<cycle-end id="2639" type="global" contextid="2629" timestamp="2019-08-08T00:00:27.571" />
  <attribute name="elasticGC enabled" value="1" />
  <attribute name= "numThreadsSpecified" value="16" />
  <attribute name="heapSize specified" value="61800448" />
  <attribute name="Current GC Util" value="38" />
  <attribute name= "Current Time Running" value="146493" />
  <attribute name ="GC Interval" value="0" />
  <attribute name="Target GC Util Change" value ="80.000000" />
  <attribute name="Current GC Util Change" value="38.000000"/>
  <attribute name="Current Error" value="-381.000000" />
  <attribute name="Output H" value="62101408"/>
  <attribute name="Output I" value="200"/>
  <attribute name="Output T" value="16"/>
  <attribute name= "Current Time Running" value="146493" />
  <attribute name="GC Util currently" value="38" />
  <attribute name="CPU Util currently" value="43841227962" />
<allocation-satisfied id="2640" threadId="0000000001DD0F00" bytesRequested="1016" />
<af-end id="2641" timestamp="2019-08-08T00:00:27.571" threadId="0000000001DD1888" success="true" />
<exclusive-end id="2642" timestamp="2019-08-08T00:00:27.571" durationms="38.981" />

<exclusive-start id="2643" timestamp="2019-08-08T00:00:27.906" intervalms="373.933">
  <response-info timems="0.198" idlems="0.198" threads="0" lastid="0000000001DD0F00" lastname="main" />
</exclusive-start>
<af-start id="2644" threadId="0000000001DD1888" totalBytesRequested="32" timestamp="2019-08-08T00:00:27.906" intervalms="373.951" />
<cycle-start id="2645" type="global" contextid="0" timestamp="2019-08-08T00:00:27.906" intervalms="373.964" />
<gc-start id="2646" type="global" contextid="2645" timestamp="2019-08-08T00:00:27.906">
  <mem-info id="2647" free="620544" total="62128128" percent="0">
    <mem type="tenure" free="620544" total="62128128" percent="0">
      <mem type="soa" free="0" total="61507584" percent="0" />
      <mem type="loa" free="620544" total="620544" percent="100" />
    </mem>
  </mem-info>
</gc-start>
<allocation-stats totalBytes="43498056" >
  <allocated-bytes non-tlh="0" tlh="43498056" />
  <largest-consumer threadName="main" threadId="0000000001DD0F00" bytes="43498056" />
</allocation-stats>
<gc-op id="2648" type="mark" timems="22.972" contextid="2645" timestamp="2019-08-08T00:00:27.929">
  <trace-info objectcount="598947" scancount="519962" scanbytes="13348756" />
  <finalization candidates="80" enqueued="0" />
  <ownableSynchronizers candidates="21" cleared="0" />
  <references type="soft" candidates="1855" cleared="0" enqueued="0" dynamicThreshold="22" maxThreshold="32" />
  <references type="weak" candidates="5686" cleared="0" enqueued="0" />
  <references type="phantom" candidates="97" cleared="0" enqueued="0" />
  <stringconstants candidates="13250" cleared="0"  />
</gc-op>
<gc-op id="2649" type="sweep" timems="6.895" contextid="2645" timestamp="2019-08-08T00:00:27.936" />
<mem-info id="2650" free="44165952" total="62128128" percent="71">
  <mem type="tenure" free="44165952" total="62128128" percent="71" micro-fragmented="0" macro-fragmented="0">
    <mem type="soa" free="43545408" total="61507584" percent="70" />
    <mem type="loa" free="620544" total="620544" percent="100" />
  </mem>
</mem-info>
<gc-op id="2651" type="compact" timems="130.670" contextid="2645" timestamp="2019-08-08T00:00:28.067">
  <compact-info movecount="554845" movebytes="15413384" reason="compact to aid heap contraction" />
</gc-op>
<heap-resize id="2652" type="expand" space="tenure" amount="327680" count="1" timems="0.021" reason="satisfy allocation request" timestamp="2019-08-08T00:00:28.068" />
<gc-end id="2653" type="global" contextid="2645" durationms="161.862" usertimems="200.082" systemtimems="0.000" timestamp="2019-08-08T00:00:28.068" activeThreads="16">
  <mem-info id="2654" free="44429176" total="62455808" percent="71">
    <mem type="tenure" free="44429176" total="62455808" percent="71">
      <mem type="soa" free="43805560" total="61832192" percent="70" />
      <mem type="loa" free="623616" total="623616" percent="100" />
    </mem>
  </mem-info>
</gc-end>
<cycle-end id="2655" type="global" contextid="2645" timestamp="2019-08-08T00:00:28.068" />
  <attribute name="elasticGC enabled" value="1" />
  <attribute name= "numThreadsSpecified" value="16" />
  <attribute name="heapSize specified" value="62128128" />
  <attribute name="Current GC Util" value="9" />
  <attribute name= "Current Time Running" value="146990" />
  <attribute name ="GC Interval" value="0" />
  <attribute name="Target GC Util Change" value ="80.000000" />
  <attribute name="Current GC Util Change" value="9.000000"/>
  <attribute name="Current Error" value="71.000000" />
  <attribute name="Output H" value="62431168"/>
  <attribute name="Output I" value="2376"/>
  <attribute name="Output T" value="16"/>
  <attribute name= "Current Time Running" value="146990" />
  <attribute name="GC Util currently" value="9" />
  <attribute name="CPU Util currently" value="8819632707" />
<allocation-satisfied id="2656" threadId="0000000001DD0F00" bytesRequested="32" />
<af-end id="2657" timestamp="2019-08-08T00:00:28.068" threadId="0000000001DD1888" success="true" />
<exclusive-end id="2658" timestamp="2019-08-08T00:00:28.068" durationms="162.164" />

<exclusive-start id="2659" timestamp="2019-08-08T00:00:28.612" intervalms="706.612">
  <response-info timems="0.038" idlems="0.038" threads="0" lastid="0000000001DD0F00" lastname="main" />
</exclusive-start>
<af-start id="2660" threadId="0000000001DD1888" totalBytesRequested="24" timestamp="2019-08-08T00:00:28.613" intervalms="706.607" />
<cycle-start id="2661" type="global" contextid="0" timestamp="2019-08-08T00:00:28.613" intervalms="706.593" />
<gc-start id="2662" type="global" contextid="2661" timestamp="2019-08-08T00:00:28.613">
  <mem-info id="2663" free="623616" total="62455808" percent="0">
    <mem type="tenure" free="623616" total="62455808" percent="0">
      <mem type="soa" free="0" total="61832192" percent="0" />
      <mem type="loa" free="623616" total="623616" percent="100" />
    </mem>
  </mem-info>
</gc-start>
<allocation-stats totalBytes="43863784" >
  <allocated-bytes non-tlh="0" tlh="43863784" />
  <largest-consumer threadName="main" threadId="0000000001DD0F00" bytes="43863784" />
</allocation-stats>
<gc-op id="2664" type="mark" timems="8.330" contextid="2661" timestamp="2019-08-08T00:00:28.621">
  <trace-info objectcount="598966" scancount="519978" scanbytes="13349500" />
  <finalization candidates="80" enqueued="0" />
  <ownableSynchronizers candidates="21" cleared="0" />
  <references type="soft" candidates="1855" cleared="0" enqueued="0" dynamicThreshold="22" maxThreshold="32" />
  <references type="weak" candidates="5696" cleared="0" enqueued="0" />
  <references type="phantom" candidates="97" cleared="0" enqueued="0" />
  <stringconstants candidates="13250" cleared="0"  />
</gc-op>
<gc-op id="2665" type="sweep" timems="5.054" contextid="2661" timestamp="2019-08-08T00:00:28.626" />
<mem-info id="2666" free="44492400" total="62455808" percent="71">
  <mem type="tenure" free="44492400" total="62455808" percent="71" micro-fragmented="0" macro-fragmented="0">
    <mem type="soa" free="43868784" total="61832192" percent="70" />
    <mem type="loa" free="623616" total="623616" percent="100" />
  </mem>
</mem-info>
<gc-op id="2667" type="compact" timems="133.100" contextid="2661" timestamp="2019-08-08T00:00:28.759">
  <compact-info movecount="516184" movebytes="13334640" reason="compact to aid heap contraction" />
</gc-op>
<heap-resize id="2668" type="expand" space="tenure" amount="327680" count="1" timems="0.025" reason="satisfy allocation request" timestamp="2019-08-08T00:00:28.760" />
<gc-end id="2669" type="global" contextid="2661" durationms="147.234" usertimems="245.908" systemtimems="0.000" timestamp="2019-08-08T00:00:28.760" activeThreads="16">
  <mem-info id="2670" free="44756128" total="62783488" percent="71">
    <mem type="tenure" free="44756128" total="62783488" percent="71">
      <mem type="soa" free="44128416" total="62155776" percent="70" />
      <mem type="loa" free="627712" total="627712" percent="100" />
    </mem>
  </mem-info>
</gc-end>
<cycle-end id="2671" type="global" contextid="2661" timestamp="2019-08-08T00:00:28.760" />
  <attribute name="elasticGC enabled" value="1" />
  <attribute name= "numThreadsSpecified" value="16" />
  <attribute name="heapSize specified" value="62455808" />
  <attribute name="Current GC Util" value="12" />
  <attribute name= "Current Time Running" value="147682" />
  <attribute name ="GC Interval" value="0" />
  <attribute name="Target GC Util Change" value ="80.000000" />
  <attribute name="Current GC Util Change" value="12.000000"/>
  <attribute name="Current Error" value="-164.000000" />
  <attribute name="Output H" value="62757768"/>
  <attribute name="Output I" value="1160"/>
  <attribute name="Output T" value="16"/>
  <attribute name= "Current Time Running" value="147682" />
  <attribute name="GC Util currently" value="12" />
  <attribute name="CPU Util currently" value="8660484082" />
<allocation-satisfied id="2672" threadId="0000000001DD0F00" bytesRequested="24" />
<af-end id="2673" timestamp="2019-08-08T00:00:28.760" threadId="0000000001DD1888" success="true" />
<exclusive-end id="2674" timestamp="2019-08-08T00:00:28.760" durationms="147.473" />

<exclusive-start id="2675" timestamp="2019-08-08T00:00:28.887" intervalms="275.027">
  <response-info timems="0.100" idlems="0.100" threads="0" lastid="0000000001DD0F00" lastname="main" />
</exclusive-start>
<af-start id="2676" threadId="0000000001DD1888" totalBytesRequested="80" timestamp="2019-08-08T00:00:28.888" intervalms="275.025" />
<cycle-start id="2677" type="global" contextid="0" timestamp="2019-08-08T00:00:28.888" intervalms="275.034" />
<gc-start id="2678" type="global" contextid="2677" timestamp="2019-08-08T00:00:28.888">
  <mem-info id="2679" free="627712" total="62783488" percent="0">
    <mem type="tenure" free="627712" total="62783488" percent="0">
      <mem type="soa" free="0" total="62155776" percent="0" />
      <mem type="loa" free="627712" total="627712" percent="100" />
    </mem>
  </mem-info>
</gc-start>
<allocation-stats totalBytes="44185872" >
  <allocated-bytes non-tlh="0" tlh="44185872" />
  <largest-consumer threadName="main" threadId="0000000001DD0F00" bytes="44185872" />
</allocation-stats>
<gc-op id="2680" type="mark" timems="14.363" contextid="2677" timestamp="2019-08-08T00:00:28.902">
  <trace-info objectcount="598961" scancount="519999" scanbytes="13349200" />
  <finalization candidates="80" enqueued="0" />
  <ownableSynchronizers candidates="21" cleared="0" />
  <references type="soft" candidates="1855" cleared="0" enqueued="0" dynamicThreshold="22" maxThreshold="32" />
  <references type="weak" candidates="5696" cleared="0" enqueued="0" />
  <references type="phantom" candidates="97" cleared="0" enqueued="0" />
  <stringconstants candidates="13250" cleared="0"  />
</gc-op>
<gc-op id="2681" type="sweep" timems="1.863" contextid="2677" timestamp="2019-08-08T00:00:28.904" />
<mem-info id="2682" free="44821968" total="62783488" percent="71">
  <mem type="tenure" free="44821968" total="62783488" percent="71" micro-fragmented="0" macro-fragmented="0">
    <mem type="soa" free="44194256" total="62155776" percent="71" />
    <mem type="loa" free="627712" total="627712" percent="100" />
  </mem>
</mem-info>
<gc-op id="2683" type="compact" timems="26.671" contextid="2677" timestamp="2019-08-08T00:00:28.931">
  <compact-info movecount="2" movebytes="40" reason="compact to aid heap contraction" />
</gc-op>
<heap-resize id="2684" type="expand" space="tenure" amount="327680" count="1" timems="0.022" reason="satisfy allocation request" timestamp="2019-08-08T00:00:28.931" />
<gc-end id="2685" type="global" contextid="2677" durationms="43.760" usertimems="101.532" systemtimems="0.000" timestamp="2019-08-08T00:00:28.931" activeThreads="16">
  <mem-info id="2686" free="45084112" total="63111168" percent="71">
    <mem type="tenure" free="45084112" total="63111168" percent="71">
      <mem type="soa" free="44453328" total="62480384" percent="71" />
      <mem type="loa" free="630784" total="630784" percent="100" />
    </mem>
  </mem-info>
</gc-end>
<cycle-end id="2687" type="global" contextid="2677" timestamp="2019-08-08T00:00:28.931" />
  <attribute name="elasticGC enabled" value="1" />
  <attribute name= "numThreadsSpecified" value="16" />
  <attribute name="heapSize specified" value="62783488" />
  <attribute name="Current GC Util" value="39" />
  <attribute name= "Current Time Running" value="147854" />
  <attribute name ="GC Interval" value="0" />
  <attribute name="Target GC Util Change" value ="80.000000" />
  <attribute name="Current GC Util Change" value="39.000000"/>
  <attribute name="Current Error" value="-327.000000" />
  <attribute name="Output H" value="63084696"/>
  <attribute name="Output I" value="312"/>
  <attribute name="Output T" value="16"/>
  <attribute name= "Current Time Running" value="147854" />
  <attribute name="GC Util currently" value="39" />
  <attribute name="CPU Util currently" value="43138296303" />
<allocation-satisfied id="2688" threadId="0000000001DD0F00" bytesRequested="80" />
<af-end id="2689" timestamp="2019-08-08T00:00:28.931" threadId="0000000001DD1888" success="true" />
<exclusive-end id="2690" timestamp="2019-08-08T00:00:28.931" durationms="43.994" />

<exclusive-start id="2691" timestamp="2019-08-08T00:00:29.057" intervalms="169.153">
  <response-info timems="0.047" idlems="0.047" threads="0" lastid="0000000001DD0F00" lastname="main" />
</exclusive-start>
<af-start id="2692" threadId="0000000001DD1888" totalBytesRequested="80" timestamp="2019-08-08T00:00:29.057" intervalms="169.148" />
<cycle-start id="2693" type="global" contextid="0" timestamp="2019-08-08T00:00:29.057" intervalms="169.143" />
<gc-start id="2694" type="global" contextid="2693" timestamp="2019-08-08T00:00:29.057">
  <mem-info id="2695" free="630784" total="63111168" percent="0">
    <mem type="tenure" free="630784" total="63111168" percent="0">
      <mem type="soa" free="0" total="62480384" percent="0" />
      <mem type="loa" free="630784" total="630784" percent="100" />
    </mem>
  </mem-info>
</gc-start>
<allocation-stats totalBytes="44510520" >
  <allocated-bytes non-tlh="0" tlh="44510520" />
  <largest-consumer threadName="main" threadId="0000000001DD0F00" bytes="44510520" />
</allocation-stats>
<gc-op id="2696" type="mark" timems="34.274" contextid="2693" timestamp="2019-08-08T00:00:29.091">
  <trace-info objectcount="598960" scancount="519971" scanbytes="13349188" />
  <finalization candidates="80" enqueued="0" />
  <ownableSynchronizers candidates="21" cleared="0" />
  <references type="soft" candidates="1855" cleared="0" enqueued="0" dynamicThreshold="22" maxThreshold="32" />
  <references type="weak" candidates="5696" cleared="0" enqueued="0" />
  <references type="phantom" candidates="97" cleared="0" enqueued="0" />
  <stringconstants candidates="13250" cleared="0"  />
</gc-op>
<gc-op id="2697" type="sweep" timems="3.015" contextid="2693" timestamp="2019-08-08T00:00:29.094" />
<mem-info id="2698" free="45149664" total="63111168" percent="71">
  <mem type="tenure" free="45149664" total="63111168" percent="71" micro-fragmented="0" macro-fragmented="0">
    <mem type="soa" free="44518880" total="62480384" percent="71" />
    <mem type="loa" free="630784" total="630784" percent="100" />
  </mem>
</mem-info>
<gc-op id="2699" type="compact" timems="33.113" contextid="2693" timestamp="2019-08-08T00:00:29.127">
  <compact-info movecount="1" movebytes="24" reason="compact to aid heap contraction" />
</gc-op>
<heap-resize id="2700" type="expand" space="tenure" amount="327680" count="1" timems="0.019" reason="satisfy allocation request" timestamp="2019-08-08T00:00:29.129" />
<gc-end id="2701" type="global" contextid="2693" durationms="71.753" usertimems="296.620" systemtimems="0.000" timestamp="2019-08-08T00:00:29.129" activeThreads="16">
  <mem-info id="2702" free="45411808" total="63438848" percent="71">
    <mem type="tenure" free="45411808" total="63438848" percent="71">
      <mem type="soa" free="44777952" total="62804992" percent="71" />
      <mem type="loa" free="633856" total="633856" percent="100" />
    </mem>
  </mem-info>
</gc-end>
<cycle-end id="2703" type="global" contextid="2693" timestamp="2019-08-08T00:00:29.129" />
  <attribute name="elasticGC enabled" value="1" />
  <attribute name= "numThreadsSpecified" value="16" />
  <attribute name="heapSize specified" value="63111168" />
  <attribute name="Current GC Util" value="23" />
  <attribute name= "Current Time Running" value="148051" />
  <attribute name ="GC Interval" value="0" />
  <attribute name="Target GC Util Change" value ="80.000000" />
  <attribute name="Current GC Util Change" value="23.000000"/>
  <attribute name="Current Error" value="57.000000" />
  <attribute name="Output H" value="63414144"/>
  <attribute name="Output I" value="2304"/>
  <attribute name="Output T" value="16"/>
  <attribute name= "Current Time Running" value="148051" />
  <attribute name="GC Util currently" value="23" />
  <attribute name="CPU Util currently" value="34861815059" />
<allocation-satisfied id="2704" threadId="0000000001DD0F00" bytesRequested="80" />
<af-end id="2705" timestamp="2019-08-08T00:00:29.129" threadId="0000000001DD1888" success="true" />
<exclusive-end id="2706" timestamp="2019-08-08T00:00:29.129" durationms="71.971" />

<exclusive-start id="2707" timestamp="2019-08-08T00:00:29.249" intervalms="192.745">
  <response-info timems="0.019" idlems="0.019" threads="0" lastid="0000000001DD0F00" lastname="main" />
</exclusive-start>
<af-start id="2708" threadId="0000000001DD1888" totalBytesRequested="32" timestamp="2019-08-08T00:00:29.249" intervalms="192.739" />
<cycle-start id="2709" type="global" contextid="0" timestamp="2019-08-08T00:00:29.249" intervalms="192.735" />
<gc-start id="2710" type="global" contextid="2709" timestamp="2019-08-08T00:00:29.249">
  <mem-info id="2711" free="633856" total="63438848" percent="0">
    <mem type="tenure" free="633856" total="63438848" percent="0">
      <mem type="soa" free="0" total="62804992" percent="0" />
      <mem type="loa" free="633856" total="633856" percent="100" />
    </mem>
  </mem-info>
</gc-start>
<allocation-stats totalBytes="44835016" >
  <allocated-bytes non-tlh="0" tlh="44835016" />
  <largest-consumer threadName="main" threadId="0000000001DD0F00" bytes="44835016" />
</allocation-stats>
<gc-op id="2712" type="mark" timems="9.816" contextid="2709" timestamp="2019-08-08T00:00:29.259">
  <trace-info objectcount="598965" scancount="519978" scanbytes="13349412" />
  <finalization candidates="80" enqueued="0" />
  <ownableSynchronizers candidates="21" cleared="0" />
  <references type="soft" candidates="1855" cleared="0" enqueued="0" dynamicThreshold="22" maxThreshold="32" />
  <references type="weak" candidates="5696" cleared="0" enqueued="0" />
  <references type="phantom" candidates="97" cleared="0" enqueued="0" />
  <stringconstants candidates="13250" cleared="0"  />
</gc-op>
<gc-op id="2713" type="sweep" timems="2.290" contextid="2709" timestamp="2019-08-08T00:00:29.262" />
<mem-info id="2714" free="45477000" total="63438848" percent="71">
  <mem type="tenure" free="45477000" total="63438848" percent="71" micro-fragmented="0" macro-fragmented="0">
    <mem type="soa" free="44843144" total="62804992" percent="71" />
    <mem type="loa" free="633856" total="633856" percent="100" />
  </mem>
</mem-info>
<gc-op id="2715" type="compact" timems="26.315" contextid="2709" timestamp="2019-08-08T00:00:29.288">
  <compact-info movecount="6" movebytes="256" reason="compact to aid heap contraction" />
</gc-op>
<heap-resize id="2716" type="expand" space="tenure" amount="327680" count="1" timems="0.020" reason="satisfy allocation request" timestamp="2019-08-08T00:00:29.289" />
<gc-end id="2717" type="global" contextid="2709" durationms="40.045" usertimems="78.550" systemtimems="0.000" timestamp="2019-08-08T00:00:29.290" activeThreads="16">
  <mem-info id="2718" free="45739256" total="63766528" percent="71">
    <mem type="tenure" free="45739256" total="63766528" percent="71">
      <mem type="soa" free="45102328" total="63129600" percent="71" />
      <mem type="loa" free="636928" total="636928" percent="100" />
    </mem>
  </mem-info>
</gc-end>
<cycle-end id="2719" type="global" contextid="2709" timestamp="2019-08-08T00:00:29.290" />
  <attribute name="elasticGC enabled" value="1" />
  <attribute name= "numThreadsSpecified" value="16" />
  <attribute name="heapSize specified" value="63438848" />
  <attribute name="Current GC Util" value="109" />
  <attribute name= "Current Time Running" value="148211" />
  <attribute name ="GC Interval" value="0" />
  <attribute name="Target GC Util Change" value ="80.000000" />
  <attribute name="Current GC Util Change" value="109.000000"/>
  <attribute name="Current Error" value="-346.000000" />
  <attribute name="Output H" value="63739968"/>
  <attribute name="Output I" value="216"/>
  <attribute name="Output T" value="16"/>
  <attribute name= "Current Time Running" value="148211" />
  <attribute name="GC Util currently" value="109" />
  <attribute name="CPU Util currently" value="43784238234" />
<allocation-satisfied id="2720" threadId="0000000001DD0F00" bytesRequested="32" />
<af-end id="2721" timestamp="2019-08-08T00:00:29.290" threadId="0000000001DD1888" success="true" />
<exclusive-end id="2722" timestamp="2019-08-08T00:00:29.290" durationms="40.233" />

<exclusive-start id="2723" timestamp="2019-08-08T00:00:29.384" intervalms="134.309">
  <response-info timems="0.056" idlems="0.056" threads="0" lastid="0000000001DD0F00" lastname="main" />
</exclusive-start>
<af-start id="2724" threadId="0000000001DD1888" totalBytesRequested="544" timestamp="2019-08-08T00:00:29.384" intervalms="134.318" />
<cycle-start id="2725" type="global" contextid="0" timestamp="2019-08-08T00:00:29.384" intervalms="134.327" />
<gc-start id="2726" type="global" contextid="2725" timestamp="2019-08-08T00:00:29.384">
  <mem-info id="2727" free="636928" total="63766528" percent="0">
    <mem type="tenure" free="636928" total="63766528" percent="0">
      <mem type="soa" free="0" total="63129600" percent="0" />
      <mem type="loa" free="636928" total="636928" percent="100" />
    </mem>
  </mem-info>
</gc-start>
<allocation-stats totalBytes="45144048" >
  <allocated-bytes non-tlh="0" tlh="45144048" />
  <largest-consumer threadName="main" threadId="0000000001DD0F00" bytes="45144048" />
</allocation-stats>
<gc-op id="2728" type="mark" timems="10.588" contextid="2725" timestamp="2019-08-08T00:00:29.395">
  <trace-info objectcount="598970" scancount="519986" scanbytes="13349360" />
  <finalization candidates="80" enqueued="0" />
  <ownableSynchronizers candidates="21" cleared="0" />
  <references type="soft" candidates="1855" cleared="0" enqueued="0" dynamicThreshold="22" maxThreshold="32" />
  <references type="weak" candidates="5696" cleared="0" enqueued="0" />
  <references type="phantom" candidates="97" cleared="0" enqueued="0" />
  <stringconstants candidates="13250" cleared="0"  />
</gc-op>
<gc-op id="2729" type="sweep" timems="2.910" contextid="2725" timestamp="2019-08-08T00:00:29.397" />
<mem-info id="2730" free="45803176" total="63766528" percent="71">
  <mem type="tenure" free="45803176" total="63766528" percent="71" micro-fragmented="0" macro-fragmented="0">
    <mem type="soa" free="45166248" total="63129600" percent="71" />
    <mem type="loa" free="636928" total="636928" percent="100" />
  </mem>
</mem-info>
<gc-op id="2731" type="compact" timems="38.510" contextid="2725" timestamp="2019-08-08T00:00:29.436">
  <compact-info movecount="41" movebytes="1832" reason="compact to aid heap contraction" />
</gc-op>
<heap-resize id="2732" type="expand" space="tenure" amount="327680" count="1" timems="0.017" reason="satisfy allocation request" timestamp="2019-08-08T00:00:29.437" />
<gc-end id="2733" type="global" contextid="2725" durationms="52.759" usertimems="95.316" systemtimems="0.000" timestamp="2019-08-08T00:00:29.437" activeThreads="16">
  <mem-info id="2734" free="46066400" total="64094208" percent="71">
    <mem type="tenure" free="46066400" total="64094208" percent="71">
      <mem type="soa" free="45426400" total="63454208" percent="71" />
      <mem type="loa" free="640000" total="640000" percent="100" />
    </mem>
  </mem-info>
</gc-end>
<cycle-end id="2735" type="global" contextid="2725" timestamp="2019-08-08T00:00:29.437" />
  <attribute name="elasticGC enabled" value="1" />
  <attribute name= "numThreadsSpecified" value="16" />
  <attribute name="heapSize specified" value="63766528" />
  <attribute name="Current GC Util" value="82" />
  <attribute name= "Current Time Running" value="148359" />
  <attribute name ="GC Interval" value="0" />
  <attribute name="Target GC Util Change" value ="80.000000" />
  <attribute name="Current GC Util Change" value="82.000000"/>
  <attribute name="Current Error" value="-367.000000" />
  <attribute name="Output H" value="64067552"/>
  <attribute name="Output I" value="200"/>
  <attribute name="Output T" value="16"/>
  <attribute name= "Current Time Running" value="148359" />
  <attribute name="GC Util currently" value="82" />
  <attribute name="CPU Util currently" value="29911857893" />
<allocation-satisfied id="2736" threadId="0000000001DD0F00" bytesRequested="544" />
<af-end id="2737" timestamp="2019-08-08T00:00:29.437" threadId="0000000001DD1888" success="true" />
<exclusive-end id="2738" timestamp="2019-08-08T00:00:29.437" durationms="53.027" />

<exclusive-start id="2739" timestamp="2019-08-08T00:00:29.466" intervalms="82.523">
  <response-info timems="0.058" idlems="0.058" threads="0" lastid="0000000001DD0F00" lastname="main" />
</exclusive-start>
<af-start id="2740" threadId="0000000001DD1888" totalBytesRequested="40" timestamp="2019-08-08T00:00:29.466" intervalms="82.525" />
<cycle-start id="2741" type="global" contextid="0" timestamp="2019-08-08T00:00:29.466" intervalms="82.524" />
<gc-start id="2742" type="global" contextid="2741" timestamp="2019-08-08T00:00:29.466">
  <mem-info id="2743" free="640000" total="64094208" percent="0">
    <mem type="tenure" free="640000" total="64094208" percent="0">
      <mem type="soa" free="0" total="63454208" percent="0" />
      <mem type="loa" free="640000" total="640000" percent="100" />
    </mem>
  </mem-info>
</gc-start>
<allocation-stats totalBytes="45428552" >
  <allocated-bytes non-tlh="0" tlh="45428552" />
  <largest-consumer threadName="main" threadId="0000000001DD0F00" bytes="45428552" />
</allocation-stats>
<gc-op id="2744" type="mark" timems="26.209" contextid="2741" timestamp="2019-08-08T00:00:29.493">
  <trace-info objectcount="598969" scancount="519986" scanbytes="13349328" />
  <finalization candidates="80" enqueued="0" />
  <ownableSynchronizers candidates="21" cleared="0" />
  <references type="soft" candidates="1855" cleared="0" enqueued="0" dynamicThreshold="22" maxThreshold="32" />
  <references type="weak" candidates="5696" cleared="0" enqueued="0" />
  <references type="phantom" candidates="97" cleared="0" enqueued="0" />
  <stringconstants candidates="13250" cleared="0"  />
</gc-op>
<gc-op id="2745" type="sweep" timems="2.851" contextid="2741" timestamp="2019-08-08T00:00:29.496" />
<mem-info id="2746" free="46131928" total="64094208" percent="71">
  <mem type="tenure" free="46131928" total="64094208" percent="71" micro-fragmented="0" macro-fragmented="0">
    <mem type="soa" free="45491928" total="63454208" percent="71" />
    <mem type="loa" free="640000" total="640000" percent="100" />
  </mem>
</mem-info>
<gc-op id="2747" type="compact" timems="25.276" contextid="2741" timestamp="2019-08-08T00:00:29.521">
  <compact-info movecount="2" movebytes="56" reason="compact to aid heap contraction" />
</gc-op>
<heap-resize id="2748" type="expand" space="tenure" amount="327680" count="1" timems="0.019" reason="satisfy allocation request" timestamp="2019-08-08T00:00:29.521" />
<gc-end id="2749" type="global" contextid="2741" durationms="55.119" usertimems="122.493" systemtimems="0.000" timestamp="2019-08-08T00:00:29.521" activeThreads="16">
  <mem-info id="2750" free="46394112" total="64421888" percent="72">
    <mem type="tenure" free="46394112" total="64421888" percent="72">
      <mem type="soa" free="45750016" total="63777792" percent="71" />
      <mem type="loa" free="644096" total="644096" percent="100" />
    </mem>
  </mem-info>
</gc-end>
<cycle-end id="2751" type="global" contextid="2741" timestamp="2019-08-08T00:00:29.522" />
  <attribute name="elasticGC enabled" value="1" />
  <attribute name= "numThreadsSpecified" value="16" />
  <attribute name="heapSize specified" value="64094208" />
  <attribute name="Current GC Util" value="50" />
  <attribute name= "Current Time Running" value="148444" />
  <attribute name ="GC Interval" value="0" />
  <attribute name="Target GC Util Change" value ="80.000000" />
  <attribute name="Current GC Util Change" value="50.000000"/>
  <attribute name="Current Error" value="30.000000" />
  <attribute name="Output H" value="64397064"/>
  <attribute name="Output I" value="2168"/>
  <attribute name="Output T" value="16"/>
  <attribute name= "Current Time Running" value="148444" />
  <attribute name="GC Util currently" value="50" />
  <attribute name="CPU Util currently" value="45535518345" />
<allocation-satisfied id="2752" threadId="0000000001DD0F00" bytesRequested="40" />
<af-end id="2753" timestamp="2019-08-08T00:00:29.522" threadId="0000000001DD1888" success="true" />
<exclusive-end id="2754" timestamp="2019-08-08T00:00:29.522" durationms="55.354" />

<exclusive-start id="2755" timestamp="2019-08-08T00:00:29.549" intervalms="82.439">
  <response-info timems="0.051" idlems="0.051" threads="0" lastid="0000000001DD0F00" lastname="main" />
</exclusive-start>
<af-start id="2756" threadId="0000000001DD1888" totalBytesRequested="584" timestamp="2019-08-08T00:00:29.549" intervalms="82.431" />
<cycle-start id="2757" type="global" contextid="0" timestamp="2019-08-08T00:00:29.549" intervalms="82.543" />
<gc-start id="2758" type="global" contextid="2757" timestamp="2019-08-08T00:00:29.549">
  <mem-info id="2759" free="644096" total="64421888" percent="0">
    <mem type="tenure" free="644096" total="64421888" percent="0">
      <mem type="soa" free="0" total="63777792" percent="0" />
      <mem type="loa" free="644096" total="644096" percent="100" />
    </mem>
  </mem-info>
</gc-start>
<allocation-stats totalBytes="45753496" >
  <allocated-bytes non-tlh="0" tlh="45753496" />
  <largest-consumer threadName="main" threadId="0000000001DD0F00" bytes="45753496" />
</allocation-stats>
<gc-op id="2760" type="mark" timems="15.325" contextid="2757" timestamp="2019-08-08T00:00:29.564">
  <trace-info objectcount="598971" scancount="519989" scanbytes="13349384" />
  <finalization candidates="80" enqueued="0" />
  <ownableSynchronizers candidates="21" cleared="0" />
  <references type="soft" candidates="1855" cleared="0" enqueued="0" dynamicThreshold="23" maxThreshold="32" />
  <references type="weak" candidates="5696" cleared="0" enqueued="0" />
  <references type="phantom" candidates="97" cleared="0" enqueued="0" />
  <stringconstants candidates="13250" cleared="0"  />
</gc-op>
<gc-op id="2761" type="sweep" timems="2.998" contextid="2757" timestamp="2019-08-08T00:00:29.567" />
<mem-info id="2762" free="46459568" total="64421888" percent="72">
  <mem type="tenure" free="46459568" total="64421888" percent="72" micro-fragmented="0" macro-fragmented="0">
    <mem type="soa" free="45815472" total="63777792" percent="71" />
    <mem type="loa" free="644096" total="644096" percent="100" />
  </mem>
</mem-info>
<gc-op id="2763" type="compact" timems="29.939" contextid="2757" timestamp="2019-08-08T00:00:29.597">
  <compact-info movecount="4" movebytes="112" reason="compact to aid heap contraction" />
</gc-op>
<heap-resize id="2764" type="expand" space="tenure" amount="327680" count="1" timems="0.076" reason="satisfy allocation request" timestamp="2019-08-08T00:00:29.599" />
<gc-end id="2765" type="global" contextid="2757" durationms="50.031" usertimems="155.444" systemtimems="0.000" timestamp="2019-08-08T00:00:29.599" activeThreads="16">
  <mem-info id="2766" free="46721736" total="64749568" percent="72">
    <mem type="tenure" free="46721736" total="64749568" percent="72">
      <mem type="soa" free="46074568" total="64102400" percent="71" />
      <mem type="loa" free="647168" total="647168" percent="100" />
    </mem>
  </mem-info>
</gc-end>
<cycle-end id="2767" type="global" contextid="2757" timestamp="2019-08-08T00:00:29.599" />
  <attribute name="elasticGC enabled" value="1" />
  <attribute name= "numThreadsSpecified" value="16" />
  <attribute name="heapSize specified" value="64421888" />
  <attribute name="Current GC Util" value="47" />
  <attribute name= "Current Time Running" value="148520" />
  <attribute name ="GC Interval" value="0" />
  <attribute name="Target GC Util Change" value ="80.000000" />
  <attribute name="Current GC Util Change" value="47.000000"/>
  <attribute name="Current Error" value="-284.000000" />
  <attribute name="Output H" value="64723296"/>
  <attribute name="Output I" value="536"/>
  <attribute name="Output T" value="16"/>
  <attribute name= "Current Time Running" value="148520" />
  <attribute name="GC Util currently" value="47" />
  <attribute name="CPU Util currently" value="38485917305" />
<allocation-satisfied id="2768" threadId="0000000001DD0F00" bytesRequested="584" />
<af-end id="2769" timestamp="2019-08-08T00:00:29.599" threadId="0000000001DD1888" success="true" />
<exclusive-end id="2770" timestamp="2019-08-08T00:00:29.599" durationms="50.367" />

<exclusive-start id="2771" timestamp="2019-08-08T00:00:29.622" intervalms="73.067">
  <response-info timems="0.133" idlems="0.133" threads="0" lastid="0000000001DD0F00" lastname="main" />
</exclusive-start>
<af-start id="2772" threadId="0000000001DD1888" totalBytesRequested="32" timestamp="2019-08-08T00:00:29.624" intervalms="75.128" />
<cycle-start id="2773" type="global" contextid="0" timestamp="2019-08-08T00:00:29.624" intervalms="75.177" />
<gc-start id="2774" type="global" contextid="2773" timestamp="2019-08-08T00:00:29.624">
  <mem-info id="2775" free="647168" total="64749568" percent="0">
    <mem type="tenure" free="647168" total="64749568" percent="0">
      <mem type="soa" free="0" total="64102400" percent="0" />
      <mem type="loa" free="647168" total="647168" percent="100" />
    </mem>
  </mem-info>
</gc-start>
<allocation-stats totalBytes="46077584" >
  <allocated-bytes non-tlh="0" tlh="46077584" />
  <largest-consumer threadName="main" threadId="0000000001DD0F00" bytes="46077584" />
</allocation-stats>
<gc-op id="2776" type="mark" timems="14.554" contextid="2773" timestamp="2019-08-08T00:00:29.639">
  <trace-info objectcount="598968" scancount="519983" scanbytes="13349296" />
  <finalization candidates="80" enqueued="0" />
  <ownableSynchronizers candidates="21" cleared="0" />
  <references type="soft" candidates="1855" cleared="0" enqueued="0" dynamicThreshold="23" maxThreshold="32" />
  <references type="weak" candidates="5696" cleared="0" enqueued="0" />
  <references type="phantom" candidates="97" cleared="0" enqueued="0" />
  <stringconstants candidates="13250" cleared="0"  />
</gc-op>
<gc-op id="2777" type="sweep" timems="3.905" contextid="2773" timestamp="2019-08-08T00:00:29.643" />
<mem-info id="2778" free="46787360" total="64749568" percent="72">
  <mem type="tenure" free="46787360" total="64749568" percent="72" micro-fragmented="0" macro-fragmented="0">
    <mem type="soa" free="46140192" total="64102400" percent="71" />
    <mem type="loa" free="647168" total="647168" percent="100" />
  </mem>
</mem-info>
<gc-op id="2779" type="compact" timems="26.973" contextid="2773" timestamp="2019-08-08T00:00:29.670">
  <compact-info movecount="1" movebytes="24" reason="compact to aid heap contraction" />
</gc-op>
<heap-resize id="2780" type="expand" space="tenure" amount="327680" count="1" timems="0.016" reason="satisfy allocation request" timestamp="2019-08-08T00:00:29.670" />
<gc-end id="2781" type="global" contextid="2773" durationms="46.252" usertimems="120.637" systemtimems="0.000" timestamp="2019-08-08T00:00:29.670" activeThreads="16">
  <mem-info id="2782" free="47049504" total="65077248" percent="72">
    <mem type="tenure" free="47049504" total="65077248" percent="72">
      <mem type="soa" free="46399264" total="64427008" percent="72" />
      <mem type="loa" free="650240" total="650240" percent="100" />
    </mem>
  </mem-info>
</gc-end>
<cycle-end id="2783" type="global" contextid="2773" timestamp="2019-08-08T00:00:29.670" />
  <attribute name="elasticGC enabled" value="1" />
  <attribute name= "numThreadsSpecified" value="16" />
  <attribute name="heapSize specified" value="64749568" />
  <attribute name="Current GC Util" value="38" />
  <attribute name= "Current Time Running" value="148593" />
  <attribute name ="GC Interval" value="0" />
  <attribute name="Target GC Util Change" value ="80.000000" />
  <attribute name="Current GC Util Change" value="38.000000"/>
  <attribute name="Current Error" value="-311.000000" />
  <attribute name="Output H" value="65050848"/>
  <attribute name="Output I" value="392"/>
  <attribute name="Output T" value="16"/>
  <attribute name= "Current Time Running" value="148593" />
  <attribute name="GC Util currently" value="38" />
  <attribute name="CPU Util currently" value="42990476460" />
<allocation-satisfied id="2784" threadId="0000000001DD0F00" bytesRequested="32" />
<af-end id="2785" timestamp="2019-08-08T00:00:29.670" threadId="0000000001DD1888" success="true" />
<exclusive-end id="2786" timestamp="2019-08-08T00:00:29.670" durationms="48.695" />

* Round 1 done in 22.076 seconds.
<exclusive-start id="2787" timestamp="2019-08-08T00:00:29.706" intervalms="83.824">
  <response-info timems="0.039" idlems="0.039" threads="0" lastid="0000000001DD0F00" lastname="main" />
</exclusive-start>
<af-start id="2788" threadId="0000000001DD1888" totalBytesRequested="24" timestamp="2019-08-08T00:00:29.706" intervalms="81.758" />
<cycle-start id="2789" type="global" contextid="0" timestamp="2019-08-08T00:00:29.706" intervalms="81.588" />
<gc-start id="2790" type="global" contextid="2789" timestamp="2019-08-08T00:00:29.706">
  <mem-info id="2791" free="650240" total="65077248" percent="0">
    <mem type="tenure" free="650240" total="65077248" percent="0">
      <mem type="soa" free="0" total="64427008" percent="0" />
      <mem type="loa" free="650240" total="650240" percent="100" />
    </mem>
  </mem-info>
</gc-start>
<allocation-stats totalBytes="46417176" >
  <allocated-bytes non-tlh="2800" tlh="46414376" />
  <largest-consumer threadName="main" threadId="0000000001DD0F00" bytes="46417176" />
</allocation-stats>
<gc-op id="2792" type="mark" timems="10.683" contextid="2789" timestamp="2019-08-08T00:00:29.716">
  <trace-info objectcount="596696" scancount="517676" scanbytes="13287144" />
  <finalization candidates="80" enqueued="0" />
  <ownableSynchronizers candidates="21" cleared="0" />
  <references type="soft" candidates="1863" cleared="0" enqueued="0" dynamicThreshold="23" maxThreshold="32" />
  <references type="weak" candidates="5712" cleared="4" enqueued="3" />
  <references type="phantom" candidates="97" cleared="0" enqueued="0" />
  <stringconstants candidates="13275" cleared="0"  />
</gc-op>
<gc-op id="2793" type="sweep" timems="1.499" contextid="2789" timestamp="2019-08-08T00:00:29.718" />
<mem-info id="2794" free="47160536" total="65077248" percent="72">
  <mem type="tenure" free="47160536" total="65077248" percent="72" micro-fragmented="10736" macro-fragmented="0">
    <mem type="soa" free="46510296" total="64427008" percent="72" />
    <mem type="loa" free="650240" total="650240" percent="100" />
  </mem>
  <pending-finalizers system="0" default="0" reference="3" classloader="0" />
</mem-info>
<gc-op id="2795" type="compact" timems="129.820" contextid="2789" timestamp="2019-08-08T00:00:29.848">
  <compact-info movecount="523377" movebytes="13571672" reason="compact to aid heap contraction" />
</gc-op>
<heap-resize id="2796" type="expand" space="tenure" amount="327680" count="1" timems="0.021" reason="satisfy allocation request" timestamp="2019-08-08T00:00:29.849" />
<gc-end id="2797" type="global" contextid="2789" durationms="143.205" usertimems="199.450" systemtimems="0.000" timestamp="2019-08-08T00:00:29.849" activeThreads="16">
  <mem-info id="2798" free="47437768" total="65404928" percent="72">
    <mem type="tenure" free="47437768" total="65404928" percent="72">
      <mem type="soa" free="46784456" total="64751616" percent="72" />
      <mem type="loa" free="653312" total="653312" percent="100" />
    </mem>
    <pending-finalizers system="0" default="0" reference="3" classloader="0" />
  </mem-info>
</gc-end>
<cycle-end id="2799" type="global" contextid="2789" timestamp="2019-08-08T00:00:29.849" />
  <attribute name="elasticGC enabled" value="1" />
  <attribute name= "numThreadsSpecified" value="16" />
  <attribute name="heapSize specified" value="65077248" />
  <attribute name="Current GC Util" value="12" />
  <attribute name= "Current Time Running" value="148771" />
  <attribute name ="GC Interval" value="0" />
  <attribute name="Target GC Util Change" value ="80.000000" />
  <attribute name="Current GC Util Change" value="12.000000"/>
  <attribute name="Current Error" value="68.000000" />
  <attribute name="Output H" value="65380280"/>
  <attribute name="Output I" value="2368"/>
  <attribute name="Output T" value="16"/>
  <attribute name= "Current Time Running" value="148771" />
  <attribute name="GC Util currently" value="12" />
  <attribute name="CPU Util currently" value="8878670336" />
<allocation-satisfied id="2800" threadId="0000000001DD0F00" bytesRequested="24" />
<af-end id="2801" timestamp="2019-08-08T00:00:29.849" threadId="0000000001DD1888" success="true" />
<exclusive-end id="2802" timestamp="2019-08-08T00:00:29.849" durationms="143.398" />

<exclusive-start id="2803" timestamp="2019-08-08T00:00:30.057" intervalms="351.024">
  <response-info timems="0.020" idlems="0.020" threads="0" lastid="0000000001DD0F00" lastname="main" />
</exclusive-start>
<af-start id="2804" threadId="0000000001DD1888" totalBytesRequested="1168" timestamp="2019-08-08T00:00:30.057" intervalms="351.062" />
<cycle-start id="2805" type="global" contextid="0" timestamp="2019-08-08T00:00:30.057" intervalms="351.073" />
<gc-start id="2806" type="global" contextid="2805" timestamp="2019-08-08T00:00:30.057">
  <mem-info id="2807" free="653312" total="65404928" percent="0">
    <mem type="tenure" free="653312" total="65404928" percent="0">
      <mem type="soa" free="0" total="64751616" percent="0" />
      <mem type="loa" free="653312" total="653312" percent="100" />
    </mem>
  </mem-info>
</gc-start>
<allocation-stats totalBytes="46839336" >
  <allocated-bytes non-tlh="0" tlh="46839336" />
  <largest-consumer threadName="main" threadId="0000000001DD0F00" bytes="46839336" />
</allocation-stats>
<gc-op id="2808" type="mark" timems="40.291" contextid="2805" timestamp="2019-08-08T00:00:30.097">
  <trace-info objectcount="596705" scancount="517690" scanbytes="13287360" />
  <finalization candidates="80" enqueued="0" />
  <ownableSynchronizers candidates="21" cleared="0" />
  <references type="soft" candidates="1863" cleared="0" enqueued="0" dynamicThreshold="23" maxThreshold="32" />
  <references type="weak" candidates="5708" cleared="0" enqueued="0" />
  <references type="phantom" candidates="97" cleared="0" enqueued="0" />
  <stringconstants candidates="13275" cleared="0"  />
</gc-op>
<gc-op id="2809" type="sweep" timems="5.511" contextid="2805" timestamp="2019-08-08T00:00:30.103" />
<mem-info id="2810" free="47499360" total="65404928" percent="72">
  <mem type="tenure" free="47499360" total="65404928" percent="72" micro-fragmented="0" macro-fragmented="0">
    <mem type="soa" free="46846048" total="64751616" percent="72" />
    <mem type="loa" free="653312" total="653312" percent="100" />
  </mem>
</mem-info>
<gc-op id="2811" type="compact" timems="30.508" contextid="2805" timestamp="2019-08-08T00:00:30.133">
  <compact-info movecount="2093" movebytes="89248" reason="compact to aid heap contraction" />
</gc-op>
<heap-resize id="2812" type="expand" space="tenure" amount="327680" count="1" timems="0.067" reason="satisfy allocation request" timestamp="2019-08-08T00:00:30.134" />
<gc-end id="2813" type="global" contextid="2805" durationms="77.340" usertimems="190.261" systemtimems="0.000" timestamp="2019-08-08T00:00:30.134" activeThreads="16">
  <mem-info id="2814" free="47764128" total="65732608" percent="72">
    <mem type="tenure" free="47764128" total="65732608" percent="72">
      <mem type="soa" free="47107744" total="65076224" percent="72" />
      <mem type="loa" free="656384" total="656384" percent="100" />
    </mem>
  </mem-info>
</gc-end>
<cycle-end id="2815" type="global" contextid="2805" timestamp="2019-08-08T00:00:30.134" />
  <attribute name="elasticGC enabled" value="1" />
  <attribute name= "numThreadsSpecified" value="16" />
  <attribute name="heapSize specified" value="65404928" />
  <attribute name="Current GC Util" value="41" />
  <attribute name= "Current Time Running" value="149056" />
  <attribute name ="GC Interval" value="0" />
  <attribute name="Target GC Util Change" value ="80.000000" />
  <attribute name="Current GC Util Change" value="41.000000"/>
  <attribute name="Current Error" value="-166.000000" />
  <attribute name="Output H" value="65706880"/>
  <attribute name="Output I" value="1152"/>
  <attribute name="Output T" value="16"/>
  <attribute name= "Current Time Running" value="149056" />
  <attribute name="GC Util currently" value="41" />
  <attribute name="CPU Util currently" value="37672242663" />
<allocation-satisfied id="2816" threadId="0000000001DD0F00" bytesRequested="1168" />
<af-end id="2817" timestamp="2019-08-08T00:00:30.134" threadId="0000000001DD1888" success="true" />
<exclusive-end id="2818" timestamp="2019-08-08T00:00:30.134" durationms="77.910" />

<exclusive-start id="2819" timestamp="2019-08-08T00:00:30.142" intervalms="85.621">
  <response-info timems="0.022" idlems="0.022" threads="0" lastid="0000000001DD0F00" lastname="main" />
</exclusive-start>
<af-start id="2820" threadId="0000000001DD1888" totalBytesRequested="1168" timestamp="2019-08-08T00:00:30.142" intervalms="85.669" />
<cycle-start id="2821" type="global" contextid="0" timestamp="2019-08-08T00:00:30.142" intervalms="85.678" />
<gc-start id="2822" type="global" contextid="2821" timestamp="2019-08-08T00:00:30.142">
  <mem-info id="2823" free="656384" total="65732608" percent="0">
    <mem type="tenure" free="656384" total="65732608" percent="0">
      <mem type="soa" free="0" total="65076224" percent="0" />
      <mem type="loa" free="656384" total="656384" percent="100" />
    </mem>
  </mem-info>
</gc-start>
<allocation-stats totalBytes="46997104" >
  <allocated-bytes non-tlh="0" tlh="46997104" />
  <largest-consumer threadName="main" threadId="0000000001DD0F00" bytes="46997104" />
</allocation-stats>
<gc-op id="2824" type="mark" timems="13.152" contextid="2821" timestamp="2019-08-08T00:00:30.156">
  <trace-info objectcount="596705" scancount="517682" scanbytes="13287360" />
  <finalization candidates="80" enqueued="0" />
  <ownableSynchronizers candidates="21" cleared="0" />
  <references type="soft" candidates="1863" cleared="0" enqueued="0" dynamicThreshold="23" maxThreshold="32" />
  <references type="weak" candidates="5708" cleared="0" enqueued="0" />
  <references type="phantom" candidates="97" cleared="0" enqueued="0" />
  <stringconstants candidates="13275" cleared="0"  />
</gc-op>
<gc-op id="2825" type="sweep" timems="3.409" contextid="2821" timestamp="2019-08-08T00:00:30.159" />
<mem-info id="2826" free="47829248" total="65732608" percent="72">
  <mem type="tenure" free="47829248" total="65732608" percent="72" micro-fragmented="0" macro-fragmented="0">
    <mem type="soa" free="47172864" total="65076224" percent="72" />
    <mem type="loa" free="656384" total="656384" percent="100" />
  </mem>
</mem-info>
<gc-op id="2827" type="compact" timems="24.023" contextid="2821" timestamp="2019-08-08T00:00:30.183">
  <compact-info movecount="1" movebytes="32" reason="compact to aid heap contraction" />
</gc-op>
<heap-resize id="2828" type="expand" space="tenure" amount="327680" count="1" timems="0.023" reason="satisfy allocation request" timestamp="2019-08-08T00:00:30.184" />
<gc-end id="2829" type="global" contextid="2821" durationms="41.471" usertimems="88.384" systemtimems="0.000" timestamp="2019-08-08T00:00:30.184" activeThreads="16">
  <mem-info id="2830" free="48091808" total="66060288" percent="72">
    <mem type="tenure" free="48091808" total="66060288" percent="72">
      <mem type="soa" free="47431328" total="65399808" percent="72" />
      <mem type="loa" free="660480" total="660480" percent="100" />
    </mem>
  </mem-info>
</gc-end>
<cycle-end id="2831" type="global" contextid="2821" timestamp="2019-08-08T00:00:30.184" />
  <attribute name="elasticGC enabled" value="1" />
  <attribute name= "numThreadsSpecified" value="16" />
  <attribute name="heapSize specified" value="65732608" />
  <attribute name="Current GC Util" value="44" />
  <attribute name= "Current Time Running" value="149106" />
  <attribute name ="GC Interval" value="0" />
  <attribute name="Target GC Util Change" value ="80.000000" />
  <attribute name="Current GC Util Change" value="44.000000"/>
  <attribute name="Current Error" value="-269.000000" />
  <attribute name="Output H" value="66034080"/>
  <attribute name="Output I" value="616"/>
  <attribute name="Output T" value="16"/>
  <attribute name= "Current Time Running" value="149106" />
  <attribute name="GC Util currently" value="44" />
  <attribute name="CPU Util currently" value="47903668133" />
<allocation-satisfied id="2832" threadId="0000000001DD0F00" bytesRequested="1168" />
<af-end id="2833" timestamp="2019-08-08T00:00:30.184" threadId="0000000001DD1888" success="true" />
<exclusive-end id="2834" timestamp="2019-08-08T00:00:30.184" durationms="41.877" />

<exclusive-start id="2835" timestamp="2019-08-08T00:00:30.192" intervalms="49.951">
  <response-info timems="0.104" idlems="0.104" threads="0" lastid="0000000001DD0F00" lastname="main" />
</exclusive-start>
<af-start id="2836" threadId="0000000001DD1888" totalBytesRequested="1168" timestamp="2019-08-08T00:00:30.192" intervalms="49.886" />
<cycle-start id="2837" type="global" contextid="0" timestamp="2019-08-08T00:00:30.192" intervalms="49.879" />
<gc-start id="2838" type="global" contextid="2837" timestamp="2019-08-08T00:00:30.192">
  <mem-info id="2839" free="660480" total="66060288" percent="0">
    <mem type="tenure" free="660480" total="66060288" percent="0">
      <mem type="soa" free="0" total="65399808" percent="0" />
      <mem type="loa" free="660480" total="660480" percent="100" />
    </mem>
  </mem-info>
</gc-start>
<allocation-stats totalBytes="47335680" >
  <allocated-bytes non-tlh="0" tlh="47335680" />
  <largest-consumer threadName="main" threadId="0000000001DD0F00" bytes="47335680" />
</allocation-stats>
<gc-op id="2840" type="mark" timems="18.013" contextid="2837" timestamp="2019-08-08T00:00:30.210">
  <trace-info objectcount="596706" scancount="517683" scanbytes="13287384" />
  <finalization candidates="80" enqueued="0" />
  <ownableSynchronizers candidates="21" cleared="0" />
  <references type="soft" candidates="1863" cleared="0" enqueued="0" dynamicThreshold="23" maxThreshold="32" />
  <references type="weak" candidates="5708" cleared="0" enqueued="0" />
  <references type="phantom" candidates="97" cleared="0" enqueued="0" />
  <stringconstants candidates="13275" cleared="0"  />
</gc-op>
<gc-op id="2841" type="sweep" timems="14.511" contextid="2837" timestamp="2019-08-08T00:00:30.225" />
<mem-info id="2842" free="48157088" total="66060288" percent="72">
  <mem type="tenure" free="48157088" total="66060288" percent="72" micro-fragmented="0" macro-fragmented="0">
    <mem type="soa" free="47496608" total="65399808" percent="72" />
    <mem type="loa" free="660480" total="660480" percent="100" />
  </mem>
</mem-info>
<gc-op id="2843" type="compact" timems="25.838" contextid="2837" timestamp="2019-08-08T00:00:30.251">
  <compact-info movecount="2" movebytes="56" reason="compact to aid heap contraction" />
</gc-op>
<heap-resize id="2844" type="expand" space="tenure" amount="327680" count="1" timems="0.019" reason="satisfy allocation request" timestamp="2019-08-08T00:00:30.251" />
<gc-end id="2845" type="global" contextid="2837" durationms="59.094" usertimems="131.235" systemtimems="0.000" timestamp="2019-08-08T00:00:30.251" activeThreads="16">
  <mem-info id="2846" free="48419464" total="66387968" percent="72">
    <mem type="tenure" free="48419464" total="66387968" percent="72">
      <mem type="soa" free="47755912" total="65724416" percent="72" />
      <mem type="loa" free="663552" total="663552" percent="100" />
    </mem>
  </mem-info>
</gc-end>
<cycle-end id="2847" type="global" contextid="2837" timestamp="2019-08-08T00:00:30.251" />
  <attribute name="elasticGC enabled" value="1" />
  <attribute name= "numThreadsSpecified" value="16" />
  <attribute name="heapSize specified" value="66060288" />
  <attribute name="Current GC Util" value="45" />
  <attribute name= "Current Time Running" value="149174" />
  <attribute name ="GC Interval" value="0" />
  <attribute name="Target GC Util Change" value ="80.000000" />
  <attribute name="Current GC Util Change" value="45.000000"/>
  <attribute name="Current Error" value="35.000000" />
  <attribute name="Output H" value="66363168"/>
  <attribute name="Output I" value="2192"/>
  <attribute name="Output T" value="16"/>
  <attribute name= "Current Time Running" value="149174" />
  <attribute name="GC Util currently" value="45" />
  <attribute name="CPU Util currently" value="44580681913" />
<allocation-satisfied id="2848" threadId="0000000001DD0F00" bytesRequested="1168" />
<af-end id="2849" timestamp="2019-08-08T00:00:30.251" threadId="0000000001DD1888" success="true" />
<exclusive-end id="2850" timestamp="2019-08-08T00:00:30.251" durationms="59.364" />

<exclusive-start id="2851" timestamp="2019-08-08T00:00:30.259" intervalms="66.946">
  <response-info timems="0.022" idlems="0.022" threads="0" lastid="0000000001DD0F00" lastname="main" />
</exclusive-start>
<af-start id="2852" threadId="0000000001DD1888" totalBytesRequested="1168" timestamp="2019-08-08T00:00:30.259" intervalms="66.929" />
<cycle-start id="2853" type="global" contextid="0" timestamp="2019-08-08T00:00:30.259" intervalms="66.923" />
<gc-start id="2854" type="global" contextid="2853" timestamp="2019-08-08T00:00:30.259">
  <mem-info id="2855" free="663552" total="66387968" percent="0">
    <mem type="tenure" free="663552" total="66387968" percent="0">
      <mem type="soa" free="0" total="65724416" percent="0" />
      <mem type="loa" free="663552" total="663552" percent="100" />
    </mem>
  </mem-info>
</gc-start>
<allocation-stats totalBytes="47661224" >
  <allocated-bytes non-tlh="0" tlh="47661224" />
  <largest-consumer threadName="main" threadId="0000000001DD0F00" bytes="47661224" />
</allocation-stats>
<gc-op id="2856" type="mark" timems="28.428" contextid="2853" timestamp="2019-08-08T00:00:30.288">
  <trace-info objectcount="596706" scancount="517718" scanbytes="13287384" />
  <finalization candidates="80" enqueued="0" />
  <ownableSynchronizers candidates="21" cleared="0" />
  <references type="soft" candidates="1863" cleared="0" enqueued="0" dynamicThreshold="23" maxThreshold="32" />
  <references type="weak" candidates="5708" cleared="0" enqueued="0" />
  <references type="phantom" candidates="97" cleared="0" enqueued="0" />
  <stringconstants candidates="13275" cleared="0"  />
</gc-op>
<gc-op id="2857" type="sweep" timems="2.230" contextid="2853" timestamp="2019-08-08T00:00:30.290" />
<mem-info id="2858" free="48484384" total="66387968" percent="73">
  <mem type="tenure" free="48484384" total="66387968" percent="73" micro-fragmented="0" macro-fragmented="0">
    <mem type="soa" free="47820832" total="65724416" percent="72" />
    <mem type="loa" free="663552" total="663552" percent="100" />
  </mem>
</mem-info>
<gc-op id="2859" type="compact" timems="36.696" contextid="2853" timestamp="2019-08-08T00:00:30.327">
  <compact-info movecount="2" movebytes="56" reason="compact to aid heap contraction" />
</gc-op>
<heap-resize id="2860" type="expand" space="tenure" amount="327680" count="1" timems="0.023" reason="satisfy allocation request" timestamp="2019-08-08T00:00:30.328" />
<gc-end id="2861" type="global" contextid="2853" durationms="68.151" usertimems="129.809" systemtimems="0.000" timestamp="2019-08-08T00:00:30.328" activeThreads="16">
  <mem-info id="2862" free="48747144" total="66715648" percent="73">
    <mem type="tenure" free="48747144" total="66715648" percent="73">
      <mem type="soa" free="48080520" total="66049024" percent="72" />
      <mem type="loa" free="666624" total="666624" percent="100" />
    </mem>
  </mem-info>
</gc-end>
<cycle-end id="2863" type="global" contextid="2853" timestamp="2019-08-08T00:00:30.328" />
  <attribute name="elasticGC enabled" value="1" />
  <attribute name= "numThreadsSpecified" value="16" />
  <attribute name="heapSize specified" value="66387968" />
  <attribute name="Current GC Util" value="34" />
  <attribute name= "Current Time Running" value="149250" />
  <attribute name ="GC Interval" value="0" />
  <attribute name="Target GC Util Change" value ="80.000000" />
  <attribute name="Current GC Util Change" value="34.000000"/>
  <attribute name="Current Error" value="-381.000000" />
  <attribute name="Output H" value="66688928"/>
  <attribute name="Output I" value="200"/>
  <attribute name="Output T" value="16"/>
  <attribute name= "Current Time Running" value="149250" />
  <attribute name="GC Util currently" value="34" />
  <attribute name="CPU Util currently" value="31332683133" />
<allocation-satisfied id="2864" threadId="0000000001DD0F00" bytesRequested="1168" />
<af-end id="2865" timestamp="2019-08-08T00:00:30.328" threadId="0000000001DD1888" success="true" />
<exclusive-end id="2866" timestamp="2019-08-08T00:00:30.328" durationms="68.601" />

<exclusive-start id="2867" timestamp="2019-08-08T00:00:30.335" intervalms="75.673">
  <response-info timems="0.031" idlems="0.031" threads="0" lastid="0000000001DD0F00" lastname="main" />
</exclusive-start>
<af-start id="2868" threadId="0000000001DD1888" totalBytesRequested="1168" timestamp="2019-08-08T00:00:30.335" intervalms="75.728" />
<cycle-start id="2869" type="global" contextid="0" timestamp="2019-08-08T00:00:30.335" intervalms="75.738" />
<gc-start id="2870" type="global" contextid="2869" timestamp="2019-08-08T00:00:30.335">
  <mem-info id="2871" free="666624" total="66715648" percent="0">
    <mem type="tenure" free="666624" total="66715648" percent="0">
      <mem type="soa" free="0" total="66049024" percent="0" />
      <mem type="loa" free="666624" total="666624" percent="100" />
    </mem>
  </mem-info>
</gc-start>
<allocation-stats totalBytes="47985384" >
  <allocated-bytes non-tlh="0" tlh="47985384" />
  <largest-consumer threadName="main" threadId="0000000001DD0F00" bytes="47985384" />
</allocation-stats>
<gc-op id="2872" type="mark" timems="26.058" contextid="2869" timestamp="2019-08-08T00:00:30.361">
  <trace-info objectcount="596706" scancount="517688" scanbytes="13287384" />
  <finalization candidates="80" enqueued="0" />
  <ownableSynchronizers candidates="21" cleared="0" />
  <references type="soft" candidates="1863" cleared="0" enqueued="0" dynamicThreshold="23" maxThreshold="32" />
  <references type="weak" candidates="5708" cleared="0" enqueued="0" />
  <references type="phantom" candidates="97" cleared="0" enqueued="0" />
  <stringconstants candidates="13275" cleared="0"  />
</gc-op>
<gc-op id="2873" type="sweep" timems="5.274" contextid="2869" timestamp="2019-08-08T00:00:30.366" />
<mem-info id="2874" free="48812456" total="66715648" percent="73">
  <mem type="tenure" free="48812456" total="66715648" percent="73" micro-fragmented="0" macro-fragmented="0">
    <mem type="soa" free="48145832" total="66049024" percent="72" />
    <mem type="loa" free="666624" total="666624" percent="100" />
  </mem>
</mem-info>
<gc-op id="2875" type="compact" timems="30.771" contextid="2869" timestamp="2019-08-08T00:00:30.397">
  <compact-info movecount="2" movebytes="56" reason="compact to aid heap contraction" />
</gc-op>
<heap-resize id="2876" type="expand" space="tenure" amount="327680" count="1" timems="0.023" reason="satisfy allocation request" timestamp="2019-08-08T00:00:30.398" />
<gc-end id="2877" type="global" contextid="2869" durationms="63.179" usertimems="151.431" systemtimems="0.000" timestamp="2019-08-08T00:00:30.398" activeThreads="16">
  <mem-info id="2878" free="49074824" total="67043328" percent="73">
    <mem type="tenure" free="49074824" total="67043328" percent="73">
      <mem type="soa" free="48405128" total="66373632" percent="72" />
      <mem type="loa" free="669696" total="669696" percent="100" />
    </mem>
  </mem-info>
</gc-end>
<cycle-end id="2879" type="global" contextid="2869" timestamp="2019-08-08T00:00:30.398" />
  <attribute name="elasticGC enabled" value="1" />
  <attribute name= "numThreadsSpecified" value="16" />
  <attribute name="heapSize specified" value="66715648" />
  <attribute name="Current GC Util" value="47" />
  <attribute name= "Current Time Running" value="149320" />
  <attribute name ="GC Interval" value="0" />
  <attribute name="Target GC Util Change" value ="80.000000" />
  <attribute name="Current GC Util Change" value="47.000000"/>
  <attribute name="Current Error" value="-317.000000" />
  <attribute name="Output H" value="67016896"/>
  <attribute name="Output I" value="368"/>
  <attribute name="Output T" value="16"/>
  <attribute name= "Current Time Running" value="149320" />
  <attribute name="GC Util currently" value="47" />
  <attribute name="CPU Util currently" value="37442028666" />
<allocation-satisfied id="2880" threadId="0000000001DD0F00" bytesRequested="1168" />
<af-end id="2881" timestamp="2019-08-08T00:00:30.398" threadId="0000000001DD1888" success="true" />
<exclusive-end id="2882" timestamp="2019-08-08T00:00:30.398" durationms="63.511" />

<exclusive-start id="2883" timestamp="2019-08-08T00:00:30.407" intervalms="72.153">
  <response-info timems="0.022" idlems="0.022" threads="0" lastid="0000000001DD0F00" lastname="main" />
</exclusive-start>
<af-start id="2884" threadId="0000000001DD1888" totalBytesRequested="1168" timestamp="2019-08-08T00:00:30.407" intervalms="72.104" />
<cycle-start id="2885" type="global" contextid="0" timestamp="2019-08-08T00:00:30.407" intervalms="72.094" />
<gc-start id="2886" type="global" contextid="2885" timestamp="2019-08-08T00:00:30.407">
  <mem-info id="2887" free="669696" total="67043328" percent="0">
    <mem type="tenure" free="669696" total="67043328" percent="0">
      <mem type="soa" free="0" total="66373632" percent="0" />
      <mem type="loa" free="669696" total="669696" percent="100" />
    </mem>
  </mem-info>
</gc-start>
<allocation-stats totalBytes="48308288" >
  <allocated-bytes non-tlh="0" tlh="48308288" />
  <largest-consumer threadName="main" threadId="0000000001DD0F00" bytes="48308288" />
</allocation-stats>
<gc-op id="2888" type="mark" timems="17.147" contextid="2885" timestamp="2019-08-08T00:00:30.424">
  <trace-info objectcount="596706" scancount="517691" scanbytes="13287384" />
  <finalization candidates="80" enqueued="0" />
  <ownableSynchronizers candidates="21" cleared="0" />
  <references type="soft" candidates="1863" cleared="0" enqueued="0" dynamicThreshold="23" maxThreshold="32" />
  <references type="weak" candidates="5708" cleared="0" enqueued="0" />
  <references type="phantom" candidates="97" cleared="0" enqueued="0" />
  <stringconstants candidates="13275" cleared="0"  />
</gc-op>
<gc-op id="2889" type="sweep" timems="8.605" contextid="2885" timestamp="2019-08-08T00:00:30.433" />
<mem-info id="2890" free="49139728" total="67043328" percent="73">
  <mem type="tenure" free="49139728" total="67043328" percent="73" micro-fragmented="0" macro-fragmented="0">
    <mem type="soa" free="48470032" total="66373632" percent="73" />
    <mem type="loa" free="669696" total="669696" percent="100" />
  </mem>
</mem-info>
<gc-op id="2891" type="compact" timems="26.172" contextid="2885" timestamp="2019-08-08T00:00:30.459">
  <compact-info movecount="2" movebytes="56" reason="compact to aid heap contraction" />
</gc-op>
<heap-resize id="2892" type="expand" space="tenure" amount="327680" count="1" timems="0.018" reason="satisfy allocation request" timestamp="2019-08-08T00:00:30.460" />
<gc-end id="2893" type="global" contextid="2885" durationms="53.035" usertimems="107.888" systemtimems="0.000" timestamp="2019-08-08T00:00:30.460" activeThreads="16">
  <mem-info id="2894" free="49402504" total="67371008" percent="73">
    <mem type="tenure" free="49402504" total="67371008" percent="73">
      <mem type="soa" free="48729736" total="66698240" percent="73" />
      <mem type="loa" free="672768" total="672768" percent="100" />
    </mem>
  </mem-info>
</gc-end>
<cycle-end id="2895" type="global" contextid="2885" timestamp="2019-08-08T00:00:30.460" />
  <attribute name="elasticGC enabled" value="1" />
  <attribute name= "numThreadsSpecified" value="16" />
  <attribute name="heapSize specified" value="67043328" />
  <attribute name="Current GC Util" value="44" />
  <attribute name= "Current Time Running" value="149382" />
  <attribute name ="GC Interval" value="0" />
  <attribute name="Target GC Util Change" value ="80.000000" />
  <attribute name="Current GC Util Change" value="44.000000"/>
  <attribute name="Current Error" value="36.000000" />
  <attribute name="Output H" value="67346208"/>
  <attribute name="Output I" value="2200"/>
  <attribute name="Output T" value="16"/>
  <attribute name= "Current Time Running" value="149382" />
  <attribute name="GC Util currently" value="44" />
  <attribute name="CPU Util currently" value="43997878868" />
<allocation-satisfied id="2896" threadId="0000000001DD0F00" bytesRequested="1168" />
<af-end id="2897" timestamp="2019-08-08T00:00:30.460" threadId="0000000001DD1888" success="true" />
<exclusive-end id="2898" timestamp="2019-08-08T00:00:30.460" durationms="53.233" />

<exclusive-start id="2899" timestamp="2019-08-08T00:00:30.466" intervalms="58.826">
  <response-info timems="0.023" idlems="0.023" threads="0" lastid="0000000001DD0F00" lastname="main" />
</exclusive-start>
<af-start id="2900" threadId="0000000001DD1888" totalBytesRequested="1168" timestamp="2019-08-08T00:00:30.466" intervalms="58.825" />
<cycle-start id="2901" type="global" contextid="0" timestamp="2019-08-08T00:00:30.466" intervalms="58.826" />
<gc-start id="2902" type="global" contextid="2901" timestamp="2019-08-08T00:00:30.466">
  <mem-info id="2903" free="672768" total="67371008" percent="0">
    <mem type="tenure" free="672768" total="67371008" percent="0">
      <mem type="soa" free="0" total="66698240" percent="0" />
      <mem type="loa" free="672768" total="672768" percent="100" />
    </mem>
  </mem-info>
</gc-start>
<allocation-stats totalBytes="48632424" >
  <allocated-bytes non-tlh="0" tlh="48632424" />
  <largest-consumer threadName="main" threadId="0000000001DD0F00" bytes="48632424" />
</allocation-stats>
<gc-op id="2904" type="mark" timems="37.367" contextid="2901" timestamp="2019-08-08T00:00:30.503">
  <trace-info objectcount="596706" scancount="517685" scanbytes="13287384" />
  <finalization candidates="80" enqueued="0" />
  <ownableSynchronizers candidates="21" cleared="0" />
  <references type="soft" candidates="1863" cleared="0" enqueued="0" dynamicThreshold="23" maxThreshold="32" />
  <references type="weak" candidates="5708" cleared="0" enqueued="0" />
  <references type="phantom" candidates="97" cleared="0" enqueued="0" />
  <stringconstants candidates="13275" cleared="0"  />
</gc-op>
<gc-op id="2905" type="sweep" timems="4.319" contextid="2901" timestamp="2019-08-08T00:00:30.508" />
<mem-info id="2906" free="49467800" total="67371008" percent="73">
  <mem type="tenure" free="49467800" total="67371008" percent="73" micro-fragmented="0" macro-fragmented="0">
    <mem type="soa" free="48795032" total="66698240" percent="73" />
    <mem type="loa" free="672768" total="672768" percent="100" />
  </mem>
</mem-info>
<gc-op id="2907" type="compact" timems="28.616" contextid="2901" timestamp="2019-08-08T00:00:30.537">
  <compact-info movecount="2" movebytes="56" reason="compact to aid heap contraction" />
</gc-op>
<heap-resize id="2908" type="expand" space="tenure" amount="327680" count="1" timems="0.018" reason="satisfy allocation request" timestamp="2019-08-08T00:00:30.537" />
<gc-end id="2909" type="global" contextid="2901" durationms="71.612" usertimems="223.357" systemtimems="0.000" timestamp="2019-08-08T00:00:30.538" activeThreads="16">
  <mem-info id="2910" free="49730184" total="67698688" percent="73">
    <mem type="tenure" free="49730184" total="67698688" percent="73">
      <mem type="soa" free="49053320" total="67021824" percent="73" />
      <mem type="loa" free="676864" total="676864" percent="100" />
    </mem>
  </mem-info>
</gc-end>
<cycle-end id="2911" type="global" contextid="2901" timestamp="2019-08-08T00:00:30.538" />
  <attribute name="elasticGC enabled" value="1" />
  <attribute name= "numThreadsSpecified" value="16" />
  <attribute name="heapSize specified" value="67371008" />
  <attribute name="Current GC Util" value="50" />
  <attribute name= "Current Time Running" value="149460" />
  <attribute name ="GC Interval" value="0" />
  <attribute name="Target GC Util Change" value ="80.000000" />
  <attribute name="Current GC Util Change" value="50.000000"/>
  <attribute name="Current Error" value="-708.000000" />
  <attribute name="Output H" value="67670456"/>
  <attribute name="Output I" value="200"/>
  <attribute name="Output T" value="16"/>
  <attribute name= "Current Time Running" value="149460" />
  <attribute name="GC Util currently" value="50" />
  <attribute name="CPU Util currently" value="40271010758" />
<allocation-satisfied id="2912" threadId="0000000001DD0F00" bytesRequested="1168" />
<af-end id="2913" timestamp="2019-08-08T00:00:30.538" threadId="0000000001DD1888" success="true" />
<exclusive-end id="2914" timestamp="2019-08-08T00:00:30.538" durationms="71.860" />

<exclusive-start id="2915" timestamp="2019-08-08T00:00:30.544" intervalms="78.748">
  <response-info timems="0.024" idlems="0.024" threads="0" lastid="0000000001DD0F00" lastname="main" />
</exclusive-start>
<af-start id="2916" threadId="0000000001DD1888" totalBytesRequested="1168" timestamp="2019-08-08T00:00:30.545" intervalms="78.758" />
<cycle-start id="2917" type="global" contextid="0" timestamp="2019-08-08T00:00:30.545" intervalms="78.757" />
<gc-start id="2918" type="global" contextid="2917" timestamp="2019-08-08T00:00:30.545">
  <mem-info id="2919" free="676864" total="67698688" percent="0">
    <mem type="tenure" free="676864" total="67698688" percent="0">
      <mem type="soa" free="0" total="67021824" percent="0" />
      <mem type="loa" free="676864" total="676864" percent="100" />
    </mem>
  </mem-info>
</gc-start>
<allocation-stats totalBytes="48955352" >
  <allocated-bytes non-tlh="0" tlh="48955352" />
  <largest-consumer threadName="main" threadId="0000000001DD0F00" bytes="48955352" />
</allocation-stats>
<gc-op id="2920" type="mark" timems="15.294" contextid="2917" timestamp="2019-08-08T00:00:30.560">
  <trace-info objectcount="596706" scancount="517690" scanbytes="13287384" />
  <finalization candidates="80" enqueued="0" />
  <ownableSynchronizers candidates="21" cleared="0" />
  <references type="soft" candidates="1863" cleared="0" enqueued="0" dynamicThreshold="23" maxThreshold="32" />
  <references type="weak" candidates="5708" cleared="0" enqueued="0" />
  <references type="phantom" candidates="97" cleared="0" enqueued="0" />
  <stringconstants candidates="13275" cleared="0"  />
</gc-op>
<gc-op id="2921" type="sweep" timems="3.176" contextid="2917" timestamp="2019-08-08T00:00:30.563" />
<mem-info id="2922" free="49795688" total="67698688" percent="73">
  <mem type="tenure" free="49795688" total="67698688" percent="73" micro-fragmented="0" macro-fragmented="0">
    <mem type="soa" free="49118824" total="67021824" percent="73" />
    <mem type="loa" free="676864" total="676864" percent="100" />
  </mem>
</mem-info>
<gc-op id="2923" type="compact" timems="27.547" contextid="2917" timestamp="2019-08-08T00:00:30.591">
  <compact-info movecount="2" movebytes="56" reason="compact to aid heap contraction" />
</gc-op>
<heap-resize id="2924" type="expand" space="tenure" amount="327680" count="1" timems="0.018" reason="satisfy allocation request" timestamp="2019-08-08T00:00:30.591" />
<gc-end id="2925" type="global" contextid="2917" durationms="46.759" usertimems="98.484" systemtimems="0.000" timestamp="2019-08-08T00:00:30.591" activeThreads="16">
  <mem-info id="2926" free="50057864" total="68026368" percent="73">
    <mem type="tenure" free="50057864" total="68026368" percent="73">
      <mem type="soa" free="49377928" total="67346432" percent="73" />
      <mem type="loa" free="679936" total="679936" percent="100" />
    </mem>
  </mem-info>
</gc-end>
<cycle-end id="2927" type="global" contextid="2917" timestamp="2019-08-08T00:00:30.591" />
  <attribute name="elasticGC enabled" value="1" />
  <attribute name= "numThreadsSpecified" value="16" />
  <attribute name="heapSize specified" value="67698688" />
  <attribute name="Current GC Util" value="42" />
  <attribute name= "Current Time Running" value="149514" />
  <attribute name ="GC Interval" value="0" />
  <attribute name="Target GC Util Change" value ="80.000000" />
  <attribute name="Current GC Util Change" value="42.000000"/>
  <attribute name="Current Error" value="-264.000000" />
  <attribute name="Output H" value="68000184"/>
  <attribute name="Output I" value="640"/>
  <attribute name="Output T" value="16"/>
  <attribute name= "Current Time Running" value="149514" />
  <attribute name="GC Util currently" value="42" />
  <attribute name="CPU Util currently" value="41802140420" />
<allocation-satisfied id="2928" threadId="0000000001DD0F00" bytesRequested="1168" />
<af-end id="2929" timestamp="2019-08-08T00:00:30.592" threadId="0000000001DD1888" success="true" />
<exclusive-end id="2930" timestamp="2019-08-08T00:00:30.592" durationms="47.030" />

<exclusive-start id="2931" timestamp="2019-08-08T00:00:30.598" intervalms="53.602">
  <response-info timems="0.021" idlems="0.021" threads="0" lastid="0000000001DD0F00" lastname="main" />
</exclusive-start>
<af-start id="2932" threadId="0000000001DD1888" totalBytesRequested="1168" timestamp="2019-08-08T00:00:30.598" intervalms="53.589" />
<cycle-start id="2933" type="global" contextid="0" timestamp="2019-08-08T00:00:30.598" intervalms="53.586" />
<gc-start id="2934" type="global" contextid="2933" timestamp="2019-08-08T00:00:30.598">
  <mem-info id="2935" free="679936" total="68026368" percent="0">
    <mem type="tenure" free="679936" total="68026368" percent="0">
      <mem type="soa" free="0" total="67346432" percent="0" />
      <mem type="loa" free="679936" total="679936" percent="100" />
    </mem>
  </mem-info>
</gc-start>
<allocation-stats totalBytes="49278232" >
  <allocated-bytes non-tlh="0" tlh="49278232" />
  <largest-consumer threadName="main" threadId="0000000001DD0F00" bytes="49278232" />
</allocation-stats>
<gc-op id="2936" type="mark" timems="17.950" contextid="2933" timestamp="2019-08-08T00:00:30.616">
  <trace-info objectcount="596706" scancount="517689" scanbytes="13287384" />
  <finalization candidates="80" enqueued="0" />
  <ownableSynchronizers candidates="21" cleared="0" />
  <references type="soft" candidates="1863" cleared="0" enqueued="0" dynamicThreshold="23" maxThreshold="32" />
  <references type="weak" candidates="5708" cleared="0" enqueued="0" />
  <references type="phantom" candidates="97" cleared="0" enqueued="0" />
  <stringconstants candidates="13275" cleared="0"  />
</gc-op>
<gc-op id="2937" type="sweep" timems="7.489" contextid="2933" timestamp="2019-08-08T00:00:30.624" />
<mem-info id="2938" free="50122936" total="68026368" percent="73">
  <mem type="tenure" free="50122936" total="68026368" percent="73" micro-fragmented="0" macro-fragmented="0">
    <mem type="soa" free="49443000" total="67346432" percent="73" />
    <mem type="loa" free="679936" total="679936" percent="100" />
  </mem>
</mem-info>
<gc-op id="2939" type="compact" timems="26.526" contextid="2933" timestamp="2019-08-08T00:00:30.651">
  <compact-info movecount="2" movebytes="56" reason="compact to aid heap contraction" />
</gc-op>
<heap-resize id="2940" type="expand" space="tenure" amount="327680" count="1" timems="0.021" reason="satisfy allocation request" timestamp="2019-08-08T00:00:30.651" />
<gc-end id="2941" type="global" contextid="2933" durationms="52.993" usertimems="94.423" systemtimems="0.000" timestamp="2019-08-08T00:00:30.651" activeThreads="16">
  <mem-info id="2942" free="50385544" total="68354048" percent="73">
    <mem type="tenure" free="50385544" total="68354048" percent="73">
      <mem type="soa" free="49702536" total="67671040" percent="73" />
      <mem type="loa" free="683008" total="683008" percent="100" />
    </mem>
  </mem-info>
</gc-end>
<cycle-end id="2943" type="global" contextid="2933" timestamp="2019-08-08T00:00:30.651" />
  <attribute name="elasticGC enabled" value="1" />
  <attribute name= "numThreadsSpecified" value="16" />
  <attribute name="heapSize specified" value="68026368" />
  <attribute name="Current GC Util" value="55" />
  <attribute name= "Current Time Running" value="149574" />
  <attribute name ="GC Interval" value="0" />
  <attribute name="Target GC Util Change" value ="80.000000" />
  <attribute name="Current GC Util Change" value="55.000000"/>
  <attribute name="Current Error" value="25.000000" />
  <attribute name="Output H" value="68329200"/>
  <attribute name="Output I" value="2144"/>
  <attribute name="Output T" value="16"/>
  <attribute name= "Current Time Running" value="149574" />
  <attribute name="GC Util currently" value="55" />
  <attribute name="CPU Util currently" value="43398361155" />
<allocation-satisfied id="2944" threadId="0000000001DD0F00" bytesRequested="1168" />
<af-end id="2945" timestamp="2019-08-08T00:00:30.651" threadId="0000000001DD1888" success="true" />
<exclusive-end id="2946" timestamp="2019-08-08T00:00:30.651" durationms="53.224" />

<exclusive-start id="2947" timestamp="2019-08-08T00:00:30.658" intervalms="59.909">
  <response-info timems="0.024" idlems="0.024" threads="0" lastid="0000000001DD0F00" lastname="main" />
</exclusive-start>
<af-start id="2948" threadId="0000000001DD1888" totalBytesRequested="1168" timestamp="2019-08-08T00:00:30.658" intervalms="59.921" />
<cycle-start id="2949" type="global" contextid="0" timestamp="2019-08-08T00:00:30.658" intervalms="59.921" />
<gc-start id="2950" type="global" contextid="2949" timestamp="2019-08-08T00:00:30.658">
  <mem-info id="2951" free="683008" total="68354048" percent="0">
    <mem type="tenure" free="683008" total="68354048" percent="0">
      <mem type="soa" free="0" total="67671040" percent="0" />
      <mem type="loa" free="683008" total="683008" percent="100" />
    </mem>
  </mem-info>
</gc-start>
<allocation-stats totalBytes="49602392" >
  <allocated-bytes non-tlh="0" tlh="49602392" />
  <largest-consumer threadName="main" threadId="0000000001DD0F00" bytes="49602392" />
</allocation-stats>
<gc-op id="2952" type="mark" timems="42.827" contextid="2949" timestamp="2019-08-08T00:00:30.701">
  <trace-info objectcount="596706" scancount="517683" scanbytes="13287384" />
  <finalization candidates="80" enqueued="0" />
  <ownableSynchronizers candidates="21" cleared="0" />
  <references type="soft" candidates="1863" cleared="0" enqueued="0" dynamicThreshold="23" maxThreshold="32" />
  <references type="weak" candidates="5708" cleared="0" enqueued="0" />
  <references type="phantom" candidates="97" cleared="0" enqueued="0" />
  <stringconstants candidates="13275" cleared="0"  />
</gc-op>
<gc-op id="2953" type="sweep" timems="5.870" contextid="2949" timestamp="2019-08-08T00:00:30.707" />
<mem-info id="2954" free="50451008" total="68354048" percent="73">
  <mem type="tenure" free="50451008" total="68354048" percent="73" micro-fragmented="0" macro-fragmented="0">
    <mem type="soa" free="49768000" total="67671040" percent="73" />
    <mem type="loa" free="683008" total="683008" percent="100" />
  </mem>
</mem-info>
<gc-op id="2955" type="compact" timems="38.010" contextid="2949" timestamp="2019-08-08T00:00:30.745">
  <compact-info movecount="2" movebytes="56" reason="compact to aid heap contraction" />
</gc-op>
<heap-resize id="2956" type="expand" space="tenure" amount="327680" count="1" timems="0.022" reason="satisfy allocation request" timestamp="2019-08-08T00:00:30.747" />
<gc-end id="2957" type="global" contextid="2949" durationms="89.043" usertimems="281.486" systemtimems="0.000" timestamp="2019-08-08T00:00:30.747" activeThreads="16">
  <mem-info id="2958" free="50713224" total="68681728" percent="73">
    <mem type="tenure" free="50713224" total="68681728" percent="73">
      <mem type="soa" free="50027144" total="67995648" percent="73" />
      <mem type="loa" free="686080" total="686080" percent="100" />
    </mem>
  </mem-info>
</gc-end>
<cycle-end id="2959" type="global" contextid="2949" timestamp="2019-08-08T00:00:30.747" />
  <attribute name="elasticGC enabled" value="1" />
  <attribute name= "numThreadsSpecified" value="16" />
  <attribute name="heapSize specified" value="68354048" />
  <attribute name="Current GC Util" value="33" />
  <attribute name= "Current Time Running" value="149668" />
  <attribute name ="GC Interval" value="0" />
  <attribute name="Target GC Util Change" value ="80.000000" />
  <attribute name="Current GC Util Change" value="33.000000"/>
  <attribute name="Current Error" value="-645.000000" />
  <attribute name="Output H" value="68653784"/>
  <attribute name="Output I" value="200"/>
  <attribute name="Output T" value="16"/>
  <attribute name= "Current Time Running" value="149668" />
  <attribute name="GC Util currently" value="33" />
  <attribute name="CPU Util currently" value="30293616975" />
<allocation-satisfied id="2960" threadId="0000000001DD0F00" bytesRequested="1168" />
<af-end id="2961" timestamp="2019-08-08T00:00:30.747" threadId="0000000001DD1888" success="true" />
<exclusive-end id="2962" timestamp="2019-08-08T00:00:30.747" durationms="89.274" />

<exclusive-start id="2963" timestamp="2019-08-08T00:00:30.755" intervalms="96.941">
  <response-info timems="0.018" idlems="0.018" threads="0" lastid="0000000001DD0F00" lastname="main" />
</exclusive-start>
<af-start id="2964" threadId="0000000001DD1888" totalBytesRequested="1168" timestamp="2019-08-08T00:00:30.755" intervalms="96.940" />
<cycle-start id="2965" type="global" contextid="0" timestamp="2019-08-08T00:00:30.755" intervalms="96.940" />
<gc-start id="2966" type="global" contextid="2965" timestamp="2019-08-08T00:00:30.755">
  <mem-info id="2967" free="686080" total="68681728" percent="0">
    <mem type="tenure" free="686080" total="68681728" percent="0">
      <mem type="soa" free="0" total="67995648" percent="0" />
      <mem type="loa" free="686080" total="686080" percent="100" />
    </mem>
  </mem-info>
</gc-start>
<allocation-stats totalBytes="49925296" >
  <allocated-bytes non-tlh="0" tlh="49925296" />
  <largest-consumer threadName="main" threadId="0000000001DD0F00" bytes="49925296" />
</allocation-stats>
<gc-op id="2968" type="mark" timems="9.163" contextid="2965" timestamp="2019-08-08T00:00:30.764">
  <trace-info objectcount="596706" scancount="517690" scanbytes="13287384" />
  <finalization candidates="80" enqueued="0" />
  <ownableSynchronizers candidates="21" cleared="0" />
  <references type="soft" candidates="1863" cleared="0" enqueued="0" dynamicThreshold="23" maxThreshold="32" />
  <references type="weak" candidates="5708" cleared="0" enqueued="0" />
  <references type="phantom" candidates="97" cleared="0" enqueued="0" />
  <stringconstants candidates="13275" cleared="0"  />
</gc-op>
<gc-op id="2969" type="sweep" timems="1.966" contextid="2965" timestamp="2019-08-08T00:00:30.766" />
<mem-info id="2970" free="50778280" total="68681728" percent="73">
  <mem type="tenure" free="50778280" total="68681728" percent="73" micro-fragmented="0" macro-fragmented="0">
    <mem type="soa" free="50092200" total="67995648" percent="73" />
    <mem type="loa" free="686080" total="686080" percent="100" />
  </mem>
</mem-info>
<gc-op id="2971" type="compact" timems="28.416" contextid="2965" timestamp="2019-08-08T00:00:30.795">
  <compact-info movecount="2" movebytes="56" reason="compact to aid heap contraction" />
</gc-op>
<heap-resize id="2972" type="expand" space="tenure" amount="327680" count="1" timems="0.019" reason="satisfy allocation request" timestamp="2019-08-08T00:00:30.796" />
<gc-end id="2973" type="global" contextid="2965" durationms="40.879" usertimems="85.988" systemtimems="0.000" timestamp="2019-08-08T00:00:30.796" activeThreads="16">
  <mem-info id="2974" free="51040904" total="69009408" percent="73">
    <mem type="tenure" free="51040904" total="69009408" percent="73">
      <mem type="soa" free="50351752" total="68320256" percent="73" />
      <mem type="loa" free="689152" total="689152" percent="100" />
    </mem>
  </mem-info>
</gc-end>
<cycle-end id="2975" type="global" contextid="2965" timestamp="2019-08-08T00:00:30.796" />
  <attribute name="elasticGC enabled" value="1" />
  <attribute name= "numThreadsSpecified" value="16" />
  <attribute name="heapSize specified" value="68681728" />
  <attribute name="Current GC Util" value="36" />
  <attribute name= "Current Time Running" value="149718" />
  <attribute name ="GC Interval" value="0" />
  <attribute name="Target GC Util Change" value ="80.000000" />
  <attribute name="Current GC Util Change" value="36.000000"/>
  <attribute name="Current Error" value="-496.000000" />
  <attribute name="Output H" value="68982152"/>
  <attribute name="Output I" value="200"/>
  <attribute name="Output T" value="16"/>
  <attribute name= "Current Time Running" value="149718" />
  <attribute name="GC Util currently" value="36" />
  <attribute name="CPU Util currently" value="40518561233" />
<allocation-satisfied id="2976" threadId="0000000001DD0F00" bytesRequested="1168" />
<af-end id="2977" timestamp="2019-08-08T00:00:30.796" threadId="0000000001DD1888" success="true" />
<exclusive-end id="2978" timestamp="2019-08-08T00:00:30.796" durationms="41.086" />

<exclusive-start id="2979" timestamp="2019-08-08T00:00:30.803" intervalms="48.217">
  <response-info timems="0.020" idlems="0.020" threads="0" lastid="0000000001DD0F00" lastname="main" />
</exclusive-start>
<af-start id="2980" threadId="0000000001DD1888" totalBytesRequested="1168" timestamp="2019-08-08T00:00:30.803" intervalms="48.214" />
<cycle-start id="2981" type="global" contextid="0" timestamp="2019-08-08T00:00:30.803" intervalms="48.221" />
<gc-start id="2982" type="global" contextid="2981" timestamp="2019-08-08T00:00:30.803">
  <mem-info id="2983" free="689152" total="69009408" percent="0">
    <mem type="tenure" free="689152" total="69009408" percent="0">
      <mem type="soa" free="0" total="68320256" percent="0" />
      <mem type="loa" free="689152" total="689152" percent="100" />
    </mem>
  </mem-info>
</gc-start>
<allocation-stats totalBytes="50249456" >
  <allocated-bytes non-tlh="0" tlh="50249456" />
  <largest-consumer threadName="main" threadId="0000000001DD0F00" bytes="50249456" />
</allocation-stats>
<gc-op id="2984" type="mark" timems="14.106" contextid="2981" timestamp="2019-08-08T00:00:30.818">
  <trace-info objectcount="596669" scancount="517643" scanbytes="13286272" />
  <finalization candidates="80" enqueued="0" />
  <ownableSynchronizers candidates="21" cleared="0" />
  <references type="soft" candidates="1863" cleared="12" enqueued="12" dynamicThreshold="23" maxThreshold="32" />
  <references type="weak" candidates="5708" cleared="0" enqueued="0" />
  <references type="phantom" candidates="97" cleared="0" enqueued="0" />
  <stringconstants candidates="13275" cleared="0"  />
</gc-op>
<gc-op id="2985" type="sweep" timems="1.718" contextid="2981" timestamp="2019-08-08T00:00:30.820" />
<mem-info id="2986" free="51106352" total="69009408" percent="74">
  <mem type="tenure" free="51106352" total="69009408" percent="74" micro-fragmented="0" macro-fragmented="0">
    <mem type="soa" free="50417200" total="68320256" percent="73" />
    <mem type="loa" free="689152" total="689152" percent="100" />
  </mem>
  <pending-finalizers system="0" default="0" reference="12" classloader="0" />
</mem-info>
<gc-op id="2987" type="compact" timems="28.958" contextid="2981" timestamp="2019-08-08T00:00:30.849">
  <compact-info movecount="1494" movebytes="69384" reason="compact to aid heap contraction" />
</gc-op>
<heap-resize id="2988" type="expand" space="tenure" amount="327680" count="1" timems="0.021" reason="satisfy allocation request" timestamp="2019-08-08T00:00:30.849" />
<gc-end id="2989" type="global" contextid="2981" durationms="46.034" usertimems="111.664" systemtimems="0.000" timestamp="2019-08-08T00:00:30.849" activeThreads="16">
  <mem-info id="2990" free="51369696" total="69337088" percent="74">
    <mem type="tenure" free="51369696" total="69337088" percent="74">
      <mem type="soa" free="50676448" total="68643840" percent="73" />
      <mem type="loa" free="693248" total="693248" percent="100" />
    </mem>
    <pending-finalizers system="0" default="0" reference="12" classloader="0" />
  </mem-info>
</gc-end>
<cycle-end id="2991" type="global" contextid="2981" timestamp="2019-08-08T00:00:30.849" />
  <attribute name="elasticGC enabled" value="1" />
  <attribute name= "numThreadsSpecified" value="16" />
  <attribute name="heapSize specified" value="69009408" />
  <attribute name="Current GC Util" value="39" />
  <attribute name= "Current Time Running" value="149772" />
  <attribute name ="GC Interval" value="0" />
  <attribute name="Target GC Util Change" value ="80.000000" />
  <attribute name="Current GC Util Change" value="39.000000"/>
  <attribute name="Current Error" value="41.000000" />
  <attribute name="Output H" value="69312312"/>
  <attribute name="Output I" value="2224"/>
  <attribute name="Output T" value="16"/>
  <attribute name= "Current Time Running" value="149772" />
  <attribute name="GC Util currently" value="39" />
  <attribute name="CPU Util currently" value="39773265899" />
<allocation-satisfied id="2992" threadId="0000000001DD0F00" bytesRequested="1168" />
<af-end id="2993" timestamp="2019-08-08T00:00:30.849" threadId="0000000001DD1888" success="true" />
<exclusive-end id="2994" timestamp="2019-08-08T00:00:30.849" durationms="46.298" />

<exclusive-start id="2995" timestamp="2019-08-08T00:00:30.856" intervalms="52.771">
  <response-info timems="0.020" idlems="0.020" threads="0" lastid="0000000001DD0F00" lastname="main" />
</exclusive-start>
<af-start id="2996" threadId="0000000001DD1888" totalBytesRequested="1168" timestamp="2019-08-08T00:00:30.856" intervalms="52.751" />
<cycle-start id="2997" type="global" contextid="0" timestamp="2019-08-08T00:00:30.856" intervalms="52.742" />
<gc-start id="2998" type="global" contextid="2997" timestamp="2019-08-08T00:00:30.856">
  <mem-info id="2999" free="693248" total="69337088" percent="0">
    <mem type="tenure" free="693248" total="69337088" percent="0">
      <mem type="soa" free="0" total="68643840" percent="0" />
      <mem type="loa" free="693248" total="693248" percent="100" />
    </mem>
  </mem-info>
</gc-start>
<allocation-stats totalBytes="50572736" >
  <allocated-bytes non-tlh="0" tlh="50572736" />
  <largest-consumer threadName="main" threadId="0000000001DD0F00" bytes="50568640" />
</allocation-stats>
<gc-op id="3000" type="mark" timems="13.125" contextid="2997" timestamp="2019-08-08T00:00:30.869">
  <trace-info objectcount="596617" scancount="517599" scanbytes="13285112" />
  <finalization candidates="80" enqueued="0" />
  <ownableSynchronizers candidates="21" cleared="0" />
  <references type="soft" candidates="1851" cleared="0" enqueued="0" dynamicThreshold="23" maxThreshold="32" />
  <references type="weak" candidates="5708" cleared="0" enqueued="0" />
  <references type="phantom" candidates="97" cleared="0" enqueued="0" />
  <stringconstants candidates="13275" cleared="0"  />
</gc-op>
<gc-op id="3001" type="sweep" timems="2.051" contextid="2997" timestamp="2019-08-08T00:00:30.871" />
<mem-info id="3002" free="51435336" total="69337088" percent="74">
  <mem type="tenure" free="51435336" total="69337088" percent="74" micro-fragmented="0" macro-fragmented="0">
    <mem type="soa" free="50742088" total="68643840" percent="73" />
    <mem type="loa" free="693248" total="693248" percent="100" />
  </mem>
</mem-info>
<gc-op id="3003" type="compact" timems="39.428" contextid="2997" timestamp="2019-08-08T00:00:30.911">
  <compact-info movecount="1446" movebytes="68216" reason="compact to aid heap contraction" />
</gc-op>
<heap-resize id="3004" type="expand" space="tenure" amount="327680" count="1" timems="0.021" reason="satisfy allocation request" timestamp="2019-08-08T00:00:30.912" />
<gc-end id="3005" type="global" contextid="2997" durationms="56.294" usertimems="135.583" systemtimems="0.000" timestamp="2019-08-08T00:00:30.912" activeThreads="16">
  <mem-info id="3006" free="51698632" total="69664768" percent="74">
    <mem type="tenure" free="51698632" total="69664768" percent="74">
      <mem type="soa" free="51002312" total="68968448" percent="73" />
      <mem type="loa" free="696320" total="696320" percent="100" />
    </mem>
  </mem-info>
</gc-end>
<cycle-end id="3007" type="global" contextid="2997" timestamp="2019-08-08T00:00:30.912" />
  <attribute name="elasticGC enabled" value="1" />
  <attribute name= "numThreadsSpecified" value="16" />
  <attribute name="heapSize specified" value="69337088" />
  <attribute name="Current GC Util" value="38" />
  <attribute name= "Current Time Running" value="149834" />
  <attribute name ="GC Interval" value="0" />
  <attribute name="Target GC Util Change" value ="80.000000" />
  <attribute name="Current GC Util Change" value="38.000000"/>
  <attribute name="Current Error" value="-851.000000" />
  <attribute name="Output H" value="69635872"/>
  <attribute name="Output I" value="200"/>
  <attribute name="Output T" value="16"/>
  <attribute name= "Current Time Running" value="149834" />
  <attribute name="GC Util currently" value="38" />
  <attribute name="CPU Util currently" value="28912845022" />
<allocation-satisfied id="3008" threadId="0000000001DD0F00" bytesRequested="1168" />
<af-end id="3009" timestamp="2019-08-08T00:00:30.912" threadId="0000000001DD1888" success="true" />
<exclusive-end id="3010" timestamp="2019-08-08T00:00:30.912" durationms="56.577" />

<exclusive-start id="3011" timestamp="2019-08-08T00:00:30.931" intervalms="74.661">
  <response-info timems="0.020" idlems="0.020" threads="0" lastid="0000000001DD0F00" lastname="main" />
</exclusive-start>
<af-start id="3012" threadId="0000000001DD1888" totalBytesRequested="1168" timestamp="2019-08-08T00:00:30.931" intervalms="74.672" />
<cycle-start id="3013" type="global" contextid="0" timestamp="2019-08-08T00:00:30.931" intervalms="74.672" />
<gc-start id="3014" type="global" contextid="3013" timestamp="2019-08-08T00:00:30.931">
  <mem-info id="3015" free="696320" total="69664768" percent="0">
    <mem type="tenure" free="696320" total="69664768" percent="0">
      <mem type="soa" free="0" total="68968448" percent="0" />
      <mem type="loa" free="696320" total="696320" percent="100" />
    </mem>
  </mem-info>
</gc-start>
<allocation-stats totalBytes="50828928" >
  <allocated-bytes non-tlh="0" tlh="50828928" />
  <largest-consumer threadName="main" threadId="0000000001DD0F00" bytes="50828928" />
</allocation-stats>
<gc-op id="3016" type="mark" timems="8.940" contextid="3013" timestamp="2019-08-08T00:00:30.940">
  <trace-info objectcount="596606" scancount="517598" scanbytes="13285028" />
  <finalization candidates="80" enqueued="0" />
  <ownableSynchronizers candidates="21" cleared="0" />
  <references type="soft" candidates="1851" cleared="1" enqueued="0" dynamicThreshold="23" maxThreshold="32" />
  <references type="weak" candidates="5708" cleared="0" enqueued="0" />
  <references type="phantom" candidates="97" cleared="0" enqueued="0" />
  <stringconstants candidates="13275" cleared="0"  />
</gc-op>
<gc-op id="3017" type="sweep" timems="1.806" contextid="3013" timestamp="2019-08-08T00:00:30.942" />
<mem-info id="3018" free="51781944" total="69664768" percent="74">
  <mem type="tenure" free="51781944" total="69664768" percent="74" micro-fragmented="0" macro-fragmented="0">
    <mem type="soa" free="51085624" total="68968448" percent="74" />
    <mem type="loa" free="696320" total="696320" percent="100" />
  </mem>
</mem-info>
<gc-op id="3019" type="compact" timems="29.976" contextid="3013" timestamp="2019-08-08T00:00:30.972">
  <compact-info movecount="1967" movebytes="65008" reason="compact to aid heap contraction" />
</gc-op>
<heap-resize id="3020" type="expand" space="tenure" amount="327680" count="1" timems="0.018" reason="satisfy allocation request" timestamp="2019-08-08T00:00:30.973" />
<gc-end id="3021" type="global" contextid="3013" durationms="41.909" usertimems="85.999" systemtimems="0.000" timestamp="2019-08-08T00:00:30.973" activeThreads="16">
  <mem-info id="3022" free="52044488" total="69992448" percent="74">
    <mem type="tenure" free="52044488" total="69992448" percent="74">
      <mem type="soa" free="51345096" total="69293056" percent="74" />
      <mem type="loa" free="699392" total="699392" percent="100" />
    </mem>
  </mem-info>
</gc-end>
<cycle-end id="3023" type="global" contextid="3013" timestamp="2019-08-08T00:00:30.973" />
  <attribute name="elasticGC enabled" value="1" />
  <attribute name= "numThreadsSpecified" value="16" />
  <attribute name="heapSize specified" value="69664768" />
  <attribute name="Current GC Util" value="35" />
  <attribute name= "Current Time Running" value="149895" />
  <attribute name ="GC Interval" value="0" />
  <attribute name="Target GC Util Change" value ="80.000000" />
  <attribute name="Current GC Util Change" value="35.000000"/>
  <attribute name="Current Error" value="-393.000000" />
  <attribute name="Output H" value="69965672"/>
  <attribute name="Output I" value="200"/>
  <attribute name="Output T" value="16"/>
  <attribute name= "Current Time Running" value="149895" />
  <attribute name="GC Util currently" value="35" />
  <attribute name="CPU Util currently" value="38431916840" />
<allocation-satisfied id="3024" threadId="0000000001DD0F00" bytesRequested="1168" />
<af-end id="3025" timestamp="2019-08-08T00:00:30.973" threadId="0000000001DD1888" success="true" />
<exclusive-end id="3026" timestamp="2019-08-08T00:00:30.973" durationms="42.182" />

<exclusive-start id="3027" timestamp="2019-08-08T00:00:30.978" intervalms="47.566">
  <response-info timems="0.020" idlems="0.020" threads="0" lastid="0000000001DD0F00" lastname="main" />
</exclusive-start>
<af-start id="3028" threadId="0000000001DD1888" totalBytesRequested="1168" timestamp="2019-08-08T00:00:30.978" intervalms="47.570" />
<cycle-start id="3029" type="global" contextid="0" timestamp="2019-08-08T00:00:30.978" intervalms="47.572" />
<gc-start id="3030" type="global" contextid="3029" timestamp="2019-08-08T00:00:30.978">
  <mem-info id="3031" free="699392" total="69992448" percent="0">
    <mem type="tenure" free="699392" total="69992448" percent="0">
      <mem type="soa" free="0" total="69293056" percent="0" />
      <mem type="loa" free="699392" total="699392" percent="100" />
    </mem>
  </mem-info>
</gc-start>
<allocation-stats totalBytes="51075976" >
  <allocated-bytes non-tlh="0" tlh="51075976" />
  <largest-consumer threadName="main" threadId="0000000001DD0F00" bytes="51075976" />
</allocation-stats>
<gc-op id="3032" type="mark" timems="8.231" contextid="3029" timestamp="2019-08-08T00:00:30.987">
  <trace-info objectcount="596607" scancount="517600" scanbytes="13285052" />
  <finalization candidates="80" enqueued="0" />
  <ownableSynchronizers candidates="21" cleared="0" />
  <references type="soft" candidates="1850" cleared="0" enqueued="0" dynamicThreshold="23" maxThreshold="32" />
  <references type="weak" candidates="5708" cleared="0" enqueued="0" />
  <references type="phantom" candidates="97" cleared="0" enqueued="0" />
  <stringconstants candidates="13275" cleared="0"  />
</gc-op>
<gc-op id="3033" type="sweep" timems="3.231" contextid="3029" timestamp="2019-08-08T00:00:30.990" />
<mem-info id="3034" free="52109376" total="69992448" percent="74">
  <mem type="tenure" free="52109376" total="69992448" percent="74" micro-fragmented="0" macro-fragmented="0">
    <mem type="soa" free="51409984" total="69293056" percent="74" />
    <mem type="loa" free="699392" total="699392" percent="100" />
  </mem>
</mem-info>
<gc-op id="3035" type="compact" timems="38.051" contextid="3029" timestamp="2019-08-08T00:00:31.028">
  <compact-info movecount="2" movebytes="64" reason="compact to aid heap contraction" />
</gc-op>
<heap-resize id="3036" type="expand" space="tenure" amount="327680" count="1" timems="0.020" reason="satisfy allocation request" timestamp="2019-08-08T00:00:31.029" />
<gc-end id="3037" type="global" contextid="3029" durationms="50.310" usertimems="112.590" systemtimems="0.000" timestamp="2019-08-08T00:00:31.029" activeThreads="16">
  <mem-info id="3038" free="52372144" total="70320128" percent="74">
    <mem type="tenure" free="52372144" total="70320128" percent="74">
      <mem type="soa" free="51669680" total="69617664" percent="74" />
      <mem type="loa" free="702464" total="702464" percent="100" />
    </mem>
  </mem-info>
</gc-end>
<cycle-end id="3039" type="global" contextid="3029" timestamp="2019-08-08T00:00:31.029" />
  <attribute name="elasticGC enabled" value="1" />
  <attribute name= "numThreadsSpecified" value="16" />
  <attribute name="heapSize specified" value="69992448" />
  <attribute name="Current GC Util" value="55" />
  <attribute name= "Current Time Running" value="149951" />
  <attribute name ="GC Interval" value="0" />
  <attribute name="Target GC Util Change" value ="80.000000" />
  <attribute name="Current GC Util Change" value="55.000000"/>
  <attribute name="Current Error" value="25.000000" />
  <attribute name="Output H" value="70295280"/>
  <attribute name="Output I" value="2144"/>
  <attribute name="Output T" value="16"/>
  <attribute name= "Current Time Running" value="149951" />
  <attribute name="GC Util currently" value="55" />
  <attribute name="CPU Util currently" value="30262250352" />
<allocation-satisfied id="3040" threadId="0000000001DD0F00" bytesRequested="1168" />
<af-end id="3041" timestamp="2019-08-08T00:00:31.029" threadId="0000000001DD1888" success="true" />
<exclusive-end id="3042" timestamp="2019-08-08T00:00:31.029" durationms="50.547" />

<exclusive-start id="3043" timestamp="2019-08-08T00:00:31.034" intervalms="55.971">
  <response-info timems="0.019" idlems="0.019" threads="0" lastid="0000000001DD0F00" lastname="main" />
</exclusive-start>
<af-start id="3044" threadId="0000000001DD1888" totalBytesRequested="1168" timestamp="2019-08-08T00:00:31.034" intervalms="55.980" />
<cycle-start id="3045" type="global" contextid="0" timestamp="2019-08-08T00:00:31.034" intervalms="55.981" />
<gc-start id="3046" type="global" contextid="3045" timestamp="2019-08-08T00:00:31.034">
  <mem-info id="3047" free="702464" total="70320128" percent="0">
    <mem type="tenure" free="702464" total="70320128" percent="0">
      <mem type="soa" free="0" total="69617664" percent="0" />
      <mem type="loa" free="702464" total="702464" percent="100" />
    </mem>
  </mem-info>
</gc-start>
<allocation-stats totalBytes="51411696" >
  <allocated-bytes non-tlh="0" tlh="51411696" />
  <largest-consumer threadName="main" threadId="0000000001DD0F00" bytes="51411696" />
</allocation-stats>
<gc-op id="3048" type="mark" timems="9.516" contextid="3045" timestamp="2019-08-08T00:00:31.044">
  <trace-info objectcount="596607" scancount="517595" scanbytes="13285052" />
  <finalization candidates="80" enqueued="0" />
  <ownableSynchronizers candidates="21" cleared="0" />
  <references type="soft" candidates="1850" cleared="0" enqueued="0" dynamicThreshold="23" maxThreshold="32" />
  <references type="weak" candidates="5708" cleared="0" enqueued="0" />
  <references type="phantom" candidates="97" cleared="0" enqueued="0" />
  <stringconstants candidates="13275" cleared="0"  />
</gc-op>
<gc-op id="3049" type="sweep" timems="2.534" contextid="3045" timestamp="2019-08-08T00:00:31.046" />
<mem-info id="3050" free="52437680" total="70320128" percent="74">
  <mem type="tenure" free="52437680" total="70320128" percent="74" micro-fragmented="0" macro-fragmented="0">
    <mem type="soa" free="51735216" total="69617664" percent="74" />
    <mem type="loa" free="702464" total="702464" percent="100" />
  </mem>
</mem-info>
<gc-op id="3051" type="compact" timems="28.633" contextid="3045" timestamp="2019-08-08T00:00:31.075">
  <compact-info movecount="2" movebytes="64" reason="compact to aid heap contraction" />
</gc-op>
<heap-resize id="3052" type="expand" space="tenure" amount="327680" count="1" timems="0.019" reason="satisfy allocation request" timestamp="2019-08-08T00:00:31.076" />
<gc-end id="3053" type="global" contextid="3045" durationms="41.393" usertimems="94.126" systemtimems="0.000" timestamp="2019-08-08T00:00:31.076" activeThreads="16">
  <mem-info id="3054" free="52699824" total="70647808" percent="74">
    <mem type="tenure" free="52699824" total="70647808" percent="74">
      <mem type="soa" free="51994288" total="69942272" percent="74" />
      <mem type="loa" free="705536" total="705536" percent="100" />
    </mem>
  </mem-info>
</gc-end>
<cycle-end id="3055" type="global" contextid="3045" timestamp="2019-08-08T00:00:31.076" />
  <attribute name="elasticGC enabled" value="1" />
  <attribute name= "numThreadsSpecified" value="16" />
  <attribute name="heapSize specified" value="70320128" />
  <attribute name="Current GC Util" value="49" />
  <attribute name= "Current Time Running" value="149998" />
  <attribute name ="GC Interval" value="0" />
  <attribute name="Target GC Util Change" value ="80.000000" />
  <attribute name="Current GC Util Change" value="49.000000"/>
  <attribute name="Current Error" value="-953.000000" />
  <attribute name="Output H" value="70618440"/>
  <attribute name="Output I" value="200"/>
  <attribute name="Output T" value="16"/>
  <attribute name= "Current Time Running" value="149998" />
  <attribute name="GC Util currently" value="49" />
  <attribute name="CPU Util currently" value="40246662115" />
<allocation-satisfied id="3056" threadId="0000000001DD0F00" bytesRequested="1168" />
<af-end id="3057" timestamp="2019-08-08T00:00:31.076" threadId="0000000001DD1888" success="true" />
<exclusive-end id="3058" timestamp="2019-08-08T00:00:31.076" durationms="41.650" />

<exclusive-start id="3059" timestamp="2019-08-08T00:00:31.081" intervalms="47.072">
  <response-info timems="0.018" idlems="0.018" threads="0" lastid="0000000001DD0F00" lastname="main" />
</exclusive-start>
<af-start id="3060" threadId="0000000001DD1888" totalBytesRequested="1168" timestamp="2019-08-08T00:00:31.081" intervalms="47.059" />
<cycle-start id="3061" type="global" contextid="0" timestamp="2019-08-08T00:00:31.081" intervalms="47.054" />
<gc-start id="3062" type="global" contextid="3061" timestamp="2019-08-08T00:00:31.081">
  <mem-info id="3063" free="705536" total="70647808" percent="0">
    <mem type="tenure" free="705536" total="70647808" percent="0">
      <mem type="soa" free="0" total="69942272" percent="0" />
      <mem type="loa" free="705536" total="705536" percent="100" />
    </mem>
  </mem-info>
</gc-start>
<allocation-stats totalBytes="51734216" >
  <allocated-bytes non-tlh="0" tlh="51734216" />
  <largest-consumer threadName="main" threadId="0000000001DD0F00" bytes="51734216" />
</allocation-stats>
<gc-op id="3064" type="mark" timems="8.708" contextid="3061" timestamp="2019-08-08T00:00:31.090">
  <trace-info objectcount="596607" scancount="517597" scanbytes="13285052" />
  <finalization candidates="80" enqueued="0" />
  <ownableSynchronizers candidates="21" cleared="0" />
  <references type="soft" candidates="1850" cleared="0" enqueued="0" dynamicThreshold="23" maxThreshold="32" />
  <references type="weak" candidates="5708" cleared="0" enqueued="0" />
  <references type="phantom" candidates="97" cleared="0" enqueued="0" />
  <stringconstants candidates="13275" cleared="0"  />
</gc-op>
<gc-op id="3065" type="sweep" timems="2.294" contextid="3061" timestamp="2019-08-08T00:00:31.092" />
<mem-info id="3066" free="52765360" total="70647808" percent="74">
  <mem type="tenure" free="52765360" total="70647808" percent="74" micro-fragmented="0" macro-fragmented="0">
    <mem type="soa" free="52059824" total="69942272" percent="74" />
    <mem type="loa" free="705536" total="705536" percent="100" />
  </mem>
</mem-info>
<gc-op id="3067" type="compact" timems="32.706" contextid="3061" timestamp="2019-08-08T00:00:31.125">
  <compact-info movecount="2" movebytes="64" reason="compact to aid heap contraction" />
</gc-op>
<heap-resize id="3068" type="expand" space="tenure" amount="327680" count="1" timems="0.020" reason="satisfy allocation request" timestamp="2019-08-08T00:00:31.126" />
<gc-end id="3069" type="global" contextid="3061" durationms="44.490" usertimems="99.530" systemtimems="0.000" timestamp="2019-08-08T00:00:31.126" activeThreads="16">
  <mem-info id="3070" free="53027504" total="70975488" percent="74">
    <mem type="tenure" free="53027504" total="70975488" percent="74">
      <mem type="soa" free="52317872" total="70265856" percent="74" />
      <mem type="loa" free="709632" total="709632" percent="100" />
    </mem>
  </mem-info>
</gc-end>
<cycle-end id="3071" type="global" contextid="3061" timestamp="2019-08-08T00:00:31.126" />
  <attribute name="elasticGC enabled" value="1" />
  <attribute name= "numThreadsSpecified" value="16" />
  <attribute name="heapSize specified" value="70647808" />
  <attribute name="Current GC Util" value="50" />
  <attribute name= "Current Time Running" value="150048" />
  <attribute name ="GC Interval" value="0" />
  <attribute name="Target GC Util Change" value ="80.000000" />
  <attribute name="Current GC Util Change" value="50.000000"/>
  <attribute name="Current Error" value="-460.000000" />
  <attribute name="Output H" value="70948400"/>
  <attribute name="Output I" value="200"/>
  <attribute name="Output T" value="16"/>
  <attribute name= "Current Time Running" value="150048" />
  <attribute name="GC Util currently" value="50" />
  <attribute name="CPU Util currently" value="35204129706" />
<allocation-satisfied id="3072" threadId="0000000001DD0F00" bytesRequested="1168" />
<af-end id="3073" timestamp="2019-08-08T00:00:31.126" threadId="0000000001DD1888" success="true" />
<exclusive-end id="3074" timestamp="2019-08-08T00:00:31.126" durationms="44.702" />

<exclusive-start id="3075" timestamp="2019-08-08T00:00:31.132" intervalms="50.787">
  <response-info timems="0.019" idlems="0.019" threads="0" lastid="0000000001DD0F00" lastname="main" />
</exclusive-start>
<af-start id="3076" threadId="0000000001DD1888" totalBytesRequested="1168" timestamp="2019-08-08T00:00:31.132" intervalms="50.784" />
<cycle-start id="3077" type="global" contextid="0" timestamp="2019-08-08T00:00:31.132" intervalms="50.785" />
<gc-start id="3078" type="global" contextid="3077" timestamp="2019-08-08T00:00:31.132">
  <mem-info id="3079" free="709632" total="70975488" percent="0">
    <mem type="tenure" free="709632" total="70975488" percent="0">
      <mem type="soa" free="0" total="70265856" percent="0" />
      <mem type="loa" free="709632" total="709632" percent="100" />
    </mem>
  </mem-info>
</gc-start>
<allocation-stats totalBytes="52056736" >
  <allocated-bytes non-tlh="0" tlh="52056736" />
  <largest-consumer threadName="main" threadId="0000000001DD0F00" bytes="52056736" />
</allocation-stats>
<gc-op id="3080" type="mark" timems="12.226" contextid="3077" timestamp="2019-08-08T00:00:31.144">
  <trace-info objectcount="596607" scancount="517577" scanbytes="13285052" />
  <finalization candidates="80" enqueued="0" />
  <ownableSynchronizers candidates="21" cleared="0" />
  <references type="soft" candidates="1850" cleared="0" enqueued="0" dynamicThreshold="23" maxThreshold="32" />
  <references type="weak" candidates="5708" cleared="0" enqueued="0" />
  <references type="phantom" candidates="97" cleared="0" enqueued="0" />
  <stringconstants candidates="13275" cleared="0"  />
</gc-op>
<gc-op id="3081" type="sweep" timems="2.288" contextid="3077" timestamp="2019-08-08T00:00:31.147" />
<mem-info id="3082" free="53092944" total="70975488" percent="74">
  <mem type="tenure" free="53092944" total="70975488" percent="74" micro-fragmented="0" macro-fragmented="0">
    <mem type="soa" free="52383312" total="70265856" percent="74" />
    <mem type="loa" free="709632" total="709632" percent="100" />
  </mem>
</mem-info>
<gc-op id="3083" type="compact" timems="30.606" contextid="3077" timestamp="2019-08-08T00:00:31.177">
  <compact-info movecount="2" movebytes="64" reason="compact to aid heap contraction" />
</gc-op>
<heap-resize id="3084" type="expand" space="tenure" amount="327680" count="1" timems="0.018" reason="satisfy allocation request" timestamp="2019-08-08T00:00:31.178" />
<gc-end id="3085" type="global" contextid="3077" durationms="45.888" usertimems="103.803" systemtimems="0.000" timestamp="2019-08-08T00:00:31.178" activeThreads="16">
  <mem-info id="3086" free="53355184" total="71303168" percent="74">
    <mem type="tenure" free="53355184" total="71303168" percent="74">
      <mem type="soa" free="52642480" total="70590464" percent="74" />
      <mem type="loa" free="712704" total="712704" percent="100" />
    </mem>
  </mem-info>
</gc-end>
<cycle-end id="3087" type="global" contextid="3077" timestamp="2019-08-08T00:00:31.178" />
  <attribute name="elasticGC enabled" value="1" />
  <attribute name= "numThreadsSpecified" value="16" />
  <attribute name="heapSize specified" value="70975488" />
  <attribute name="Current GC Util" value="52" />
  <attribute name= "Current Time Running" value="150100" />
  <attribute name ="GC Interval" value="0" />
  <attribute name="Target GC Util Change" value ="80.000000" />
  <attribute name="Current GC Util Change" value="52.000000"/>
  <attribute name="Current Error" value="28.000000" />
  <attribute name="Output H" value="71278336"/>
  <attribute name="Output I" value="2160"/>
  <attribute name="Output T" value="16"/>
  <attribute name= "Current Time Running" value="150100" />
  <attribute name="GC Util currently" value="52" />
  <attribute name="CPU Util currently" value="37648605445" />
<allocation-satisfied id="3088" threadId="0000000001DD0F00" bytesRequested="1168" />
<af-end id="3089" timestamp="2019-08-08T00:00:31.178" threadId="0000000001DD1888" success="true" />
<exclusive-end id="3090" timestamp="2019-08-08T00:00:31.178" durationms="46.079" />

<exclusive-start id="3091" timestamp="2019-08-08T00:00:31.184" intervalms="51.725">
  <response-info timems="0.021" idlems="0.021" threads="0" lastid="0000000001DD0F00" lastname="main" />
</exclusive-start>
<af-start id="3092" threadId="0000000001DD1888" totalBytesRequested="1168" timestamp="2019-08-08T00:00:31.184" intervalms="51.731" />
<cycle-start id="3093" type="global" contextid="0" timestamp="2019-08-08T00:00:31.184" intervalms="51.752" />
<gc-start id="3094" type="global" contextid="3093" timestamp="2019-08-08T00:00:31.184">
  <mem-info id="3095" free="712704" total="71303168" percent="0">
    <mem type="tenure" free="712704" total="71303168" percent="0">
      <mem type="soa" free="0" total="70590464" percent="0" />
      <mem type="loa" free="712704" total="712704" percent="100" />
    </mem>
  </mem-info>
</gc-start>
<allocation-stats totalBytes="52378040" >
  <allocated-bytes non-tlh="0" tlh="52378040" />
  <largest-consumer threadName="main" threadId="0000000001DD0F00" bytes="52378040" />
</allocation-stats>
<gc-op id="3096" type="mark" timems="10.100" contextid="3093" timestamp="2019-08-08T00:00:31.194">
  <trace-info objectcount="596607" scancount="517598" scanbytes="13285052" />
  <finalization candidates="80" enqueued="0" />
  <ownableSynchronizers candidates="21" cleared="0" />
  <references type="soft" candidates="1850" cleared="0" enqueued="0" dynamicThreshold="23" maxThreshold="32" />
  <references type="weak" candidates="5708" cleared="0" enqueued="0" />
  <references type="phantom" candidates="97" cleared="0" enqueued="0" />
  <stringconstants candidates="13275" cleared="0"  />
</gc-op>
<gc-op id="3097" type="sweep" timems="2.398" contextid="3093" timestamp="2019-08-08T00:00:31.196" />
<mem-info id="3098" free="53420720" total="71303168" percent="74">
  <mem type="tenure" free="53420720" total="71303168" percent="74" micro-fragmented="0" macro-fragmented="0">
    <mem type="soa" free="52708016" total="70590464" percent="74" />
    <mem type="loa" free="712704" total="712704" percent="100" />
  </mem>
</mem-info>
<gc-op id="3099" type="compact" timems="27.283" contextid="3093" timestamp="2019-08-08T00:00:31.224">
  <compact-info movecount="2" movebytes="64" reason="compact to aid heap contraction" />
</gc-op>
<heap-resize id="3100" type="expand" space="tenure" amount="327680" count="1" timems="0.017" reason="satisfy allocation request" timestamp="2019-08-08T00:00:31.224" />
<gc-end id="3101" type="global" contextid="3093" durationms="40.528" usertimems="87.420" systemtimems="0.000" timestamp="2019-08-08T00:00:31.224" activeThreads="16">
  <mem-info id="3102" free="53682864" total="71630848" percent="74">
    <mem type="tenure" free="53682864" total="71630848" percent="74">
      <mem type="soa" free="52967088" total="70915072" percent="74" />
      <mem type="loa" free="715776" total="715776" percent="100" />
    </mem>
  </mem-info>
</gc-end>
<cycle-end id="3103" type="global" contextid="3093" timestamp="2019-08-08T00:00:31.224" />
  <attribute name="elasticGC enabled" value="1" />
  <attribute name= "numThreadsSpecified" value="16" />
  <attribute name="heapSize specified" value="71303168" />
  <attribute name="Current GC Util" value="38" />
  <attribute name= "Current Time Running" value="150147" />
  <attribute name ="GC Interval" value="0" />
  <attribute name="Target GC Util Change" value ="80.000000" />
  <attribute name="Current GC Util Change" value="38.000000"/>
  <attribute name="Current Error" value="-828.000000" />
  <attribute name="Output H" value="71602056"/>
  <attribute name="Output I" value="200"/>
  <attribute name="Output T" value="16"/>
  <attribute name= "Current Time Running" value="150147" />
  <attribute name="GC Util currently" value="38" />
  <attribute name="CPU Util currently" value="42182277772" />
<allocation-satisfied id="3104" threadId="0000000001DD0F00" bytesRequested="1168" />
<af-end id="3105" timestamp="2019-08-08T00:00:31.224" threadId="0000000001DD1888" success="true" />
<exclusive-end id="3106" timestamp="2019-08-08T00:00:31.224" durationms="40.740" />

<exclusive-start id="3107" timestamp="2019-08-08T00:00:31.230" intervalms="46.192">
  <response-info timems="0.022" idlems="0.022" threads="0" lastid="0000000001DD0F00" lastname="main" />
</exclusive-start>
<af-start id="3108" threadId="0000000001DD1888" totalBytesRequested="1168" timestamp="2019-08-08T00:00:31.230" intervalms="46.195" />
<cycle-start id="3109" type="global" contextid="0" timestamp="2019-08-08T00:00:31.230" intervalms="46.176" />
<gc-start id="3110" type="global" contextid="3109" timestamp="2019-08-08T00:00:31.230">
  <mem-info id="3111" free="715776" total="71630848" percent="0">
    <mem type="tenure" free="715776" total="71630848" percent="0">
      <mem type="soa" free="0" total="70915072" percent="0" />
      <mem type="loa" free="715776" total="715776" percent="100" />
    </mem>
  </mem-info>
</gc-start>
<allocation-stats totalBytes="52700536" >
  <allocated-bytes non-tlh="0" tlh="52700536" />
  <largest-consumer threadName="main" threadId="0000000001DD0F00" bytes="52700536" />
</allocation-stats>
<gc-op id="3112" type="mark" timems="10.246" contextid="3109" timestamp="2019-08-08T00:00:31.240">
  <trace-info objectcount="596607" scancount="517594" scanbytes="13285052" />
  <finalization candidates="80" enqueued="0" />
  <ownableSynchronizers candidates="21" cleared="0" />
  <references type="soft" candidates="1850" cleared="0" enqueued="0" dynamicThreshold="23" maxThreshold="32" />
  <references type="weak" candidates="5708" cleared="0" enqueued="0" />
  <references type="phantom" candidates="97" cleared="0" enqueued="0" />
  <stringconstants candidates="13275" cleared="0"  />
</gc-op>
<gc-op id="3113" type="sweep" timems="2.037" contextid="3109" timestamp="2019-08-08T00:00:31.242" />
<mem-info id="3114" free="53747744" total="71630848" percent="75">
  <mem type="tenure" free="53747744" total="71630848" percent="75" micro-fragmented="0" macro-fragmented="0">
    <mem type="soa" free="53031968" total="70915072" percent="74" />
    <mem type="loa" free="715776" total="715776" percent="100" />
  </mem>
</mem-info>
<gc-op id="3115" type="compact" timems="24.230" contextid="3109" timestamp="2019-08-08T00:00:31.267">
  <compact-info movecount="2" movebytes="64" reason="compact to aid heap contraction" />
</gc-op>
<heap-resize id="3116" type="expand" space="tenure" amount="327680" count="1" timems="0.017" reason="satisfy allocation request" timestamp="2019-08-08T00:00:31.267" />
<gc-end id="3117" type="global" contextid="3109" durationms="37.215" usertimems="88.056" systemtimems="0.000" timestamp="2019-08-08T00:00:31.267" activeThreads="16">
  <mem-info id="3118" free="54010544" total="71958528" percent="75">
    <mem type="tenure" free="54010544" total="71958528" percent="75">
      <mem type="soa" free="53291696" total="71239680" percent="74" />
      <mem type="loa" free="718848" total="718848" percent="100" />
    </mem>
  </mem-info>
</gc-end>
<cycle-end id="3119" type="global" contextid="3109" timestamp="2019-08-08T00:00:31.267" />
  <attribute name="elasticGC enabled" value="1" />
  <attribute name= "numThreadsSpecified" value="16" />
  <attribute name="heapSize specified" value="71630848" />
  <attribute name="Current GC Util" value="104" />
  <attribute name= "Current Time Running" value="150190" />
  <attribute name ="GC Interval" value="0" />
  <attribute name="Target GC Util Change" value ="80.000000" />
  <attribute name="Current GC Util Change" value="104.000000"/>
  <attribute name="Current Error" value="-485.000000" />
  <attribute name="Output H" value="71931320"/>
  <attribute name="Output I" value="200"/>
  <attribute name="Output T" value="16"/>
  <attribute name= "Current Time Running" value="150190" />
  <attribute name="GC Util currently" value="104" />
  <attribute name="CPU Util currently" value="47531236297" />
<allocation-satisfied id="3120" threadId="0000000001DD0F00" bytesRequested="1168" />
<af-end id="3121" timestamp="2019-08-08T00:00:31.267" threadId="0000000001DD1888" success="true" />
<exclusive-end id="3122" timestamp="2019-08-08T00:00:31.267" durationms="37.429" />

<exclusive-start id="3123" timestamp="2019-08-08T00:00:31.283" intervalms="53.265">
  <response-info timems="0.017" idlems="0.017" threads="0" lastid="0000000001DD0F00" lastname="main" />
</exclusive-start>
<af-start id="3124" threadId="0000000001DD1888" totalBytesRequested="24" timestamp="2019-08-08T00:00:31.283" intervalms="53.258" />
<cycle-start id="3125" type="global" contextid="0" timestamp="2019-08-08T00:00:31.283" intervalms="53.254" />
<gc-start id="3126" type="global" contextid="3125" timestamp="2019-08-08T00:00:31.283">
  <mem-info id="3127" free="718848" total="71958528" percent="0">
    <mem type="tenure" free="718848" total="71958528" percent="0">
      <mem type="soa" free="0" total="71239680" percent="0" />
      <mem type="loa" free="718848" total="718848" percent="100" />
    </mem>
  </mem-info>
</gc-start>
<allocation-stats totalBytes="53343888" >
  <allocated-bytes non-tlh="0" tlh="53343888" />
  <largest-consumer threadName="main" threadId="0000000001DD0F00" bytes="53343888" />
</allocation-stats>
<gc-op id="3128" type="mark" timems="17.007" contextid="3125" timestamp="2019-08-08T00:00:31.300">
  <trace-info objectcount="596730" scancount="517722" scanbytes="13289240" />
  <finalization candidates="80" enqueued="0" />
  <ownableSynchronizers candidates="21" cleared="0" />
  <references type="soft" candidates="1850" cleared="0" enqueued="0" dynamicThreshold="24" maxThreshold="32" />
  <references type="weak" candidates="5708" cleared="0" enqueued="0" />
  <references type="phantom" candidates="97" cleared="0" enqueued="0" />
  <stringconstants candidates="13275" cleared="0"  />
</gc-op>
<gc-op id="3129" type="sweep" timems="7.357" contextid="3125" timestamp="2019-08-08T00:00:31.308" />
<mem-info id="3130" free="54069440" total="71958528" percent="75">
  <mem type="tenure" free="54069440" total="71958528" percent="75" micro-fragmented="4096" macro-fragmented="0">
    <mem type="soa" free="53350592" total="71239680" percent="74" />
    <mem type="loa" free="718848" total="718848" percent="100" />
  </mem>
</mem-info>
<gc-op id="3131" type="compact" timems="30.862" contextid="3125" timestamp="2019-08-08T00:00:31.339">
  <compact-info movecount="2089" movebytes="67992" reason="compact to aid heap contraction" />
</gc-op>
<heap-resize id="3132" type="expand" space="tenure" amount="327680" count="1" timems="0.024" reason="satisfy allocation request" timestamp="2019-08-08T00:00:31.342" />
<gc-end id="3133" type="global" contextid="3125" durationms="58.377" usertimems="109.318" systemtimems="0.000" timestamp="2019-08-08T00:00:31.342" activeThreads="16">
  <mem-info id="3134" free="54335216" total="72286208" percent="75">
    <mem type="tenure" free="54335216" total="72286208" percent="75">
      <mem type="soa" free="53613296" total="71564288" percent="74" />
      <mem type="loa" free="721920" total="721920" percent="100" />
    </mem>
  </mem-info>
</gc-end>
<cycle-end id="3135" type="global" contextid="3125" timestamp="2019-08-08T00:00:31.342" />
  <attribute name="elasticGC enabled" value="1" />
  <attribute name= "numThreadsSpecified" value="16" />
  <attribute name="heapSize specified" value="71958528" />
  <attribute name="Current GC Util" value="49" />
  <attribute name= "Current Time Running" value="150262" />
  <attribute name ="GC Interval" value="0" />
  <attribute name="Target GC Util Change" value ="80.000000" />
  <attribute name="Current GC Util Change" value="49.000000"/>
  <attribute name="Current Error" value="31.000000" />
  <attribute name="Output H" value="72261384"/>
  <attribute name="Output I" value="2176"/>
  <attribute name="Output T" value="16"/>
  <attribute name= "Current Time Running" value="150262" />
  <attribute name="GC Util currently" value="49" />
  <attribute name="CPU Util currently" value="37330916317" />
<allocation-satisfied id="3136" threadId="0000000001DD0F00" bytesRequested="24" />
<af-end id="3137" timestamp="2019-08-08T00:00:31.342" threadId="0000000001DD1888" success="true" />
<exclusive-end id="3138" timestamp="2019-08-08T00:00:31.342" durationms="58.656" />

<exclusive-start id="3139" timestamp="2019-08-08T00:00:31.401" intervalms="118.146">
  <response-info timems="0.017" idlems="0.017" threads="0" lastid="0000000001DD0F00" lastname="main" />
</exclusive-start>
<af-start id="3140" threadId="0000000001DD1888" totalBytesRequested="32" timestamp="2019-08-08T00:00:31.401" intervalms="118.143" />
<cycle-start id="3141" type="global" contextid="0" timestamp="2019-08-08T00:00:31.401" intervalms="118.144" />
<gc-start id="3142" type="global" contextid="3141" timestamp="2019-08-08T00:00:31.401">
  <mem-info id="3143" free="721920" total="72286208" percent="0">
    <mem type="tenure" free="721920" total="72286208" percent="0">
      <mem type="soa" free="0" total="71564288" percent="0" />
      <mem type="loa" free="721920" total="721920" percent="100" />
    </mem>
  </mem-info>
</gc-start>
<allocation-stats totalBytes="53671040" >
  <allocated-bytes non-tlh="0" tlh="53671040" />
  <largest-consumer threadName="main" threadId="0000000001DD0F00" bytes="53671040" />
</allocation-stats>
<gc-op id="3144" type="mark" timems="8.988" contextid="3141" timestamp="2019-08-08T00:00:31.410">
  <trace-info objectcount="596803" scancount="517792" scanbytes="13291612" />
  <finalization candidates="80" enqueued="0" />
  <ownableSynchronizers candidates="21" cleared="0" />
  <references type="soft" candidates="1850" cleared="0" enqueued="0" dynamicThreshold="24" maxThreshold="32" />
  <references type="weak" candidates="5731" cleared="0" enqueued="0" />
  <references type="phantom" candidates="97" cleared="0" enqueued="0" />
  <stringconstants candidates="13275" cleared="0"  />
</gc-op>
<gc-op id="3145" type="sweep" timems="1.778" contextid="3141" timestamp="2019-08-08T00:00:31.412" />
<mem-info id="3146" free="54384944" total="72286208" percent="75">
  <mem type="tenure" free="54384944" total="72286208" percent="75" micro-fragmented="2050" macro-fragmented="0">
    <mem type="soa" free="53663024" total="71564288" percent="74" />
    <mem type="loa" free="721920" total="721920" percent="100" />
  </mem>
</mem-info>
<gc-op id="3147" type="compact" timems="128.878" contextid="3141" timestamp="2019-08-08T00:00:31.541">
  <compact-info movecount="531545" movebytes="14212112" reason="compact to aid heap contraction" />
</gc-op>
<heap-resize id="3148" type="expand" space="tenure" amount="327680" count="1" timems="0.017" reason="satisfy allocation request" timestamp="2019-08-08T00:00:31.542" />
<gc-end id="3149" type="global" contextid="3141" durationms="140.384" usertimems="194.791" systemtimems="0.000" timestamp="2019-08-08T00:00:31.542" activeThreads="16">
  <mem-info id="3150" free="54660496" total="72613888" percent="75">
    <mem type="tenure" free="54660496" total="72613888" percent="75">
      <mem type="soa" free="53934480" total="71887872" percent="75" />
      <mem type="loa" free="726016" total="726016" percent="100" />
    </mem>
  </mem-info>
</gc-end>
<cycle-end id="3151" type="global" contextid="3141" timestamp="2019-08-08T00:00:31.542" />
  <attribute name="elasticGC enabled" value="1" />
  <attribute name= "numThreadsSpecified" value="16" />
  <attribute name="heapSize specified" value="72286208" />
  <attribute name="Current GC Util" value="9" />
  <attribute name= "Current Time Running" value="150464" />
  <attribute name ="GC Interval" value="0" />
  <attribute name="Target GC Util Change" value ="80.000000" />
  <attribute name="Current GC Util Change" value="9.000000"/>
  <attribute name="Current Error" value="-373.000000" />
  <attribute name="Output H" value="72587200"/>
  <attribute name="Output I" value="200"/>
  <attribute name="Output T" value="16"/>
  <attribute name= "Current Time Running" value="150464" />
  <attribute name="GC Util currently" value="9" />
  <attribute name="CPU Util currently" value="8944114361" />
<allocation-satisfied id="3152" threadId="0000000001DD0F00" bytesRequested="32" />
<af-end id="3153" timestamp="2019-08-08T00:00:31.542" threadId="0000000001DD1888" success="true" />
<exclusive-end id="3154" timestamp="2019-08-08T00:00:31.542" durationms="140.592" />

<exclusive-start id="3155" timestamp="2019-08-08T00:00:31.576" intervalms="174.914">
  <response-info timems="0.021" idlems="0.021" threads="0" lastid="0000000001DD0F00" lastname="main" />
</exclusive-start>
<af-start id="3156" threadId="0000000001DD1888" totalBytesRequested="16" timestamp="2019-08-08T00:00:31.576" intervalms="174.914" />
<cycle-start id="3157" type="global" contextid="0" timestamp="2019-08-08T00:00:31.576" intervalms="174.924" />
<gc-start id="3158" type="global" contextid="3157" timestamp="2019-08-08T00:00:31.576">
  <mem-info id="3159" free="726016" total="72613888" percent="0">
    <mem type="tenure" free="726016" total="72613888" percent="0">
      <mem type="soa" free="0" total="71887872" percent="0" />
      <mem type="loa" free="726016" total="726016" percent="100" />
    </mem>
  </mem-info>
</gc-start>
<allocation-stats totalBytes="53982264" >
  <allocated-bytes non-tlh="0" tlh="53982264" />
  <largest-consumer threadName="main" threadId="0000000001DD0F00" bytes="53982264" />
</allocation-stats>
<gc-op id="3160" type="mark" timems="18.356" contextid="3157" timestamp="2019-08-08T00:00:31.595">
  <trace-info objectcount="596630" scancount="517619" scanbytes="13285716" />
  <finalization candidates="80" enqueued="0" />
  <ownableSynchronizers candidates="21" cleared="0" />
  <references type="soft" candidates="1850" cleared="0" enqueued="0" dynamicThreshold="24" maxThreshold="32" />
  <references type="weak" candidates="5731" cleared="5" enqueued="3" />
  <references type="phantom" candidates="97" cleared="0" enqueued="0" />
  <stringconstants candidates="13275" cleared="0"  />
</gc-op>
<gc-op id="3161" type="sweep" timems="4.116" contextid="3157" timestamp="2019-08-08T00:00:31.600" />
<mem-info id="3162" free="54728992" total="72613888" percent="75">
  <mem type="tenure" free="54728992" total="72613888" percent="75" micro-fragmented="0" macro-fragmented="0">
    <mem type="soa" free="54002976" total="71887872" percent="75" />
    <mem type="loa" free="726016" total="726016" percent="100" />
  </mem>
  <pending-finalizers system="0" default="0" reference="3" classloader="0" />
</mem-info>
<gc-op id="3163" type="compact" timems="26.241" contextid="3157" timestamp="2019-08-08T00:00:31.626">
  <compact-info movecount="1961" movebytes="63904" reason="compact to aid heap contraction" />
</gc-op>
<heap-resize id="3164" type="expand" space="tenure" amount="327680" count="1" timems="0.018" reason="satisfy allocation request" timestamp="2019-08-08T00:00:31.627" />
<gc-end id="3165" type="global" contextid="3157" durationms="50.263" usertimems="126.672" systemtimems="0.000" timestamp="2019-08-08T00:00:31.627" activeThreads="16">
  <mem-info id="3166" free="54993832" total="72941568" percent="75">
    <mem type="tenure" free="54993832" total="72941568" percent="75">
      <mem type="soa" free="54264744" total="72212480" percent="75" />
      <mem type="loa" free="729088" total="729088" percent="100" />
    </mem>
    <pending-finalizers system="0" default="0" reference="3" classloader="0" />
  </mem-info>
</gc-end>
<cycle-end id="3167" type="global" contextid="3157" timestamp="2019-08-08T00:00:31.627" />
  <attribute name="elasticGC enabled" value="1" />
  <attribute name= "numThreadsSpecified" value="16" />
  <attribute name="heapSize specified" value="72613888" />
  <attribute name="Current GC Util" value="40" />
  <attribute name= "Current Time Running" value="150549" />
  <attribute name ="GC Interval" value="0" />
  <attribute name="Target GC Util Change" value ="80.000000" />
  <attribute name="Current GC Util Change" value="40.000000"/>
  <attribute name="Current Error" value="-368.000000" />
  <attribute name="Output H" value="72914904"/>
  <attribute name="Output I" value="200"/>
  <attribute name="Output T" value="16"/>
  <attribute name= "Current Time Running" value="150549" />
  <attribute name="GC Util currently" value="40" />
  <attribute name="CPU Util currently" value="43880562763" />
<allocation-satisfied id="3168" threadId="0000000001DD0F00" bytesRequested="16" />
<af-end id="3169" timestamp="2019-08-08T00:00:31.627" threadId="0000000001DD1888" success="true" />
<exclusive-end id="3170" timestamp="2019-08-08T00:00:31.627" durationms="50.496" />

<exclusive-start id="3171" timestamp="2019-08-08T00:00:31.642" intervalms="65.784">
  <response-info timems="0.018" idlems="0.018" threads="0" lastid="0000000001DD0F00" lastname="main" />
</exclusive-start>
<af-start id="3172" threadId="0000000001DD1888" totalBytesRequested="40" timestamp="2019-08-08T00:00:31.642" intervalms="65.820" />
<cycle-start id="3173" type="global" contextid="0" timestamp="2019-08-08T00:00:31.642" intervalms="65.821" />
<gc-start id="3174" type="global" contextid="3173" timestamp="2019-08-08T00:00:31.642">
  <mem-info id="3175" free="729088" total="72941568" percent="0">
    <mem type="tenure" free="729088" total="72941568" percent="0">
      <mem type="soa" free="0" total="72212480" percent="0" />
      <mem type="loa" free="729088" total="729088" percent="100" />
    </mem>
  </mem-info>
</gc-start>
<allocation-stats totalBytes="54302824" >
  <allocated-bytes non-tlh="0" tlh="54302824" />
  <largest-consumer threadName="main" threadId="0000000001DD0F00" bytes="54302824" />
</allocation-stats>
<gc-op id="3176" type="mark" timems="18.248" contextid="3173" timestamp="2019-08-08T00:00:31.660">
  <trace-info objectcount="596272" scancount="517261" scanbytes="13274240" />
  <finalization candidates="80" enqueued="0" />
  <ownableSynchronizers candidates="21" cleared="0" />
  <references type="soft" candidates="1850" cleared="7" enqueued="7" dynamicThreshold="24" maxThreshold="32" />
  <references type="weak" candidates="5726" cleared="0" enqueued="0" />
  <references type="phantom" candidates="97" cleared="0" enqueued="0" />
  <stringconstants candidates="13275" cleared="0"  />
</gc-op>
<gc-op id="3177" type="sweep" timems="9.491" contextid="3173" timestamp="2019-08-08T00:00:31.670" />
<mem-info id="3178" free="55070680" total="72941568" percent="75">
  <mem type="tenure" free="55070680" total="72941568" percent="75" micro-fragmented="3100" macro-fragmented="0">
    <mem type="soa" free="54341592" total="72212480" percent="75" />
    <mem type="loa" free="729088" total="729088" percent="100" />
  </mem>
  <pending-finalizers system="0" default="0" reference="7" classloader="0" />
</mem-info>
<gc-op id="3179" type="compact" timems="26.760" contextid="3173" timestamp="2019-08-08T00:00:31.697">
  <compact-info movecount="290" movebytes="9352" reason="compact to aid heap contraction" />
</gc-op>
<heap-resize id="3180" type="expand" space="tenure" amount="327680" count="1" timems="0.023" reason="satisfy allocation request" timestamp="2019-08-08T00:00:31.698" />
<gc-end id="3181" type="global" contextid="3173" durationms="55.984" usertimems="118.927" systemtimems="0.000" timestamp="2019-08-08T00:00:31.698" activeThreads="16">
  <mem-info id="3182" free="55333432" total="73269248" percent="75">
    <mem type="tenure" free="55333432" total="73269248" percent="75">
      <mem type="soa" free="54601272" total="72537088" percent="75" />
      <mem type="loa" free="732160" total="732160" percent="100" />
    </mem>
    <pending-finalizers system="0" default="0" reference="7" classloader="0" />
  </mem-info>
</gc-end>
<cycle-end id="3183" type="global" contextid="3173" timestamp="2019-08-08T00:00:31.698" />
  <attribute name="elasticGC enabled" value="1" />
  <attribute name= "numThreadsSpecified" value="16" />
  <attribute name="heapSize specified" value="72941568" />
  <attribute name="Current GC Util" value="61" />
  <attribute name= "Current Time Running" value="150620" />
  <attribute name ="GC Interval" value="0" />
  <attribute name="Target GC Util Change" value ="80.000000" />
  <attribute name="Current GC Util Change" value="61.000000"/>
  <attribute name="Current Error" value="19.000000" />
  <attribute name="Output H" value="73244368"/>
  <attribute name="Output I" value="2112"/>
  <attribute name="Output T" value="16"/>
  <attribute name= "Current Time Running" value="150620" />
  <attribute name="GC Util currently" value="61" />
  <attribute name="CPU Util currently" value="42976998352" />
<allocation-satisfied id="3184" threadId="0000000001DD0F00" bytesRequested="40" />
<af-end id="3185" timestamp="2019-08-08T00:00:31.698" threadId="0000000001DD1888" success="true" />
<exclusive-end id="3186" timestamp="2019-08-08T00:00:31.698" durationms="56.230" />

<exclusive-start id="3187" timestamp="2019-08-08T00:00:31.709" intervalms="66.762">
  <response-info timems="0.027" idlems="0.027" threads="0" lastid="0000000001DD0F00" lastname="main" />
</exclusive-start>
<af-start id="3188" threadId="0000000001DD1888" totalBytesRequested="160" timestamp="2019-08-08T00:00:31.709" intervalms="66.750" />
<cycle-start id="3189" type="global" contextid="0" timestamp="2019-08-08T00:00:31.709" intervalms="66.749" />
<gc-start id="3190" type="global" contextid="3189" timestamp="2019-08-08T00:00:31.709">
  <mem-info id="3191" free="732160" total="73269248" percent="0">
    <mem type="tenure" free="732160" total="73269248" percent="0">
      <mem type="soa" free="0" total="72537088" percent="0" />
      <mem type="loa" free="732160" total="732160" percent="100" />
    </mem>
  </mem-info>
</gc-start>
<allocation-stats totalBytes="54638832" >
  <allocated-bytes non-tlh="0" tlh="54638832" />
  <largest-consumer threadName="main" threadId="0000000001DD0F00" bytes="54634736" />
</allocation-stats>
<gc-op id="3192" type="mark" timems="28.214" contextid="3189" timestamp="2019-08-08T00:00:31.737">
  <trace-info objectcount="596259" scancount="517249" scanbytes="13274232" />
  <finalization candidates="80" enqueued="0" />
  <ownableSynchronizers candidates="21" cleared="0" />
  <references type="soft" candidates="1843" cleared="0" enqueued="0" dynamicThreshold="24" maxThreshold="32" />
  <references type="weak" candidates="5726" cleared="0" enqueued="0" />
  <references type="phantom" candidates="97" cleared="0" enqueued="0" />
  <stringconstants candidates="13275" cleared="0"  />
</gc-op>
<gc-op id="3193" type="sweep" timems="3.505" contextid="3189" timestamp="2019-08-08T00:00:31.741" />
<mem-info id="3194" free="55398216" total="73269248" percent="75">
  <mem type="tenure" free="55398216" total="73269248" percent="75" micro-fragmented="0" macro-fragmented="0">
    <mem type="soa" free="54666056" total="72537088" percent="75" />
    <mem type="loa" free="732160" total="732160" percent="100" />
  </mem>
</mem-info>
<gc-op id="3195" type="compact" timems="26.511" contextid="3189" timestamp="2019-08-08T00:00:31.767">
  <compact-info movecount="272" movebytes="9336" reason="compact to aid heap contraction" />
</gc-op>
<heap-resize id="3196" type="expand" space="tenure" amount="327680" count="1" timems="0.016" reason="satisfy allocation request" timestamp="2019-08-08T00:00:31.768" />
<gc-end id="3197" type="global" contextid="3189" durationms="58.874" usertimems="128.968" systemtimems="0.000" timestamp="2019-08-08T00:00:31.768" activeThreads="16">
  <mem-info id="3198" free="55661000" total="73596928" percent="75">
    <mem type="tenure" free="55661000" total="73596928" percent="75">
      <mem type="soa" free="54925768" total="72861696" percent="75" />
      <mem type="loa" free="735232" total="735232" percent="100" />
    </mem>
  </mem-info>
</gc-end>
<cycle-end id="3199" type="global" contextid="3189" timestamp="2019-08-08T00:00:31.768" />
  <attribute name="elasticGC enabled" value="1" />
  <attribute name= "numThreadsSpecified" value="16" />
  <attribute name="heapSize specified" value="73269248" />
  <attribute name="Current GC Util" value="45" />
  <attribute name= "Current Time Running" value="150690" />
  <attribute name ="GC Interval" value="0" />
  <attribute name="Target GC Util Change" value ="80.000000" />
  <attribute name="Current GC Util Change" value="45.000000"/>
  <attribute name="Current Error" value="-411.000000" />
  <attribute name="Output H" value="73570064"/>
  <attribute name="Output I" value="200"/>
  <attribute name="Output T" value="16"/>
  <attribute name= "Current Time Running" value="150690" />
  <attribute name="GC Util currently" value="45" />
  <attribute name="CPU Util currently" value="43550066198" />
<allocation-satisfied id="3200" threadId="0000000001DD0F00" bytesRequested="160" />
<af-end id="3201" timestamp="2019-08-08T00:00:31.768" threadId="0000000001DD1888" success="true" />
<exclusive-end id="3202" timestamp="2019-08-08T00:00:31.768" durationms="59.116" />

<exclusive-start id="3203" timestamp="2019-08-08T00:00:31.779" intervalms="70.299">
  <response-info timems="0.018" idlems="0.018" threads="0" lastid="0000000001DD0F00" lastname="main" />
</exclusive-start>
<af-start id="3204" threadId="0000000001DD1888" totalBytesRequested="288" timestamp="2019-08-08T00:00:31.779" intervalms="70.272" />
<cycle-start id="3205" type="global" contextid="0" timestamp="2019-08-08T00:00:31.779" intervalms="70.265" />
<gc-start id="3206" type="global" contextid="3205" timestamp="2019-08-08T00:00:31.779">
  <mem-info id="3207" free="735232" total="73596928" percent="0">
    <mem type="tenure" free="735232" total="73596928" percent="0">
      <mem type="soa" free="0" total="72861696" percent="0" />
      <mem type="loa" free="735232" total="735232" percent="100" />
    </mem>
  </mem-info>
</gc-start>
<allocation-stats totalBytes="54963672" >
  <allocated-bytes non-tlh="0" tlh="54963672" />
  <largest-consumer threadName="main" threadId="0000000001DD0F00" bytes="54963672" />
</allocation-stats>
<gc-op id="3208" type="mark" timems="17.269" contextid="3205" timestamp="2019-08-08T00:00:31.797">
  <trace-info objectcount="596259" scancount="517272" scanbytes="13274232" />
  <finalization candidates="80" enqueued="0" />
  <ownableSynchronizers candidates="21" cleared="0" />
  <references type="soft" candidates="1843" cleared="0" enqueued="0" dynamicThreshold="24" maxThreshold="32" />
  <references type="weak" candidates="5726" cleared="0" enqueued="0" />
  <references type="phantom" candidates="97" cleared="0" enqueued="0" />
  <stringconstants candidates="13275" cleared="0"  />
</gc-op>
<gc-op id="3209" type="sweep" timems="6.803" contextid="3205" timestamp="2019-08-08T00:00:31.803" />
<mem-info id="3210" free="55726408" total="73596928" percent="75">
  <mem type="tenure" free="55726408" total="73596928" percent="75" micro-fragmented="0" macro-fragmented="0">
    <mem type="soa" free="54991176" total="72861696" percent="75" />
    <mem type="loa" free="735232" total="735232" percent="100" />
  </mem>
</mem-info>
<gc-op id="3211" type="compact" timems="26.062" contextid="3205" timestamp="2019-08-08T00:00:31.830">
  <compact-info movecount="5" movebytes="376" reason="compact to aid heap contraction" />
</gc-op>
<heap-resize id="3212" type="expand" space="tenure" amount="327680" count="1" timems="0.015" reason="satisfy allocation request" timestamp="2019-08-08T00:00:31.830" />
<gc-end id="3213" type="global" contextid="3205" durationms="50.907" usertimems="107.679" systemtimems="0.000" timestamp="2019-08-08T00:00:31.830" activeThreads="16">
  <mem-info id="3214" free="55988552" total="73924608" percent="75">
    <mem type="tenure" free="55988552" total="73924608" percent="75">
      <mem type="soa" free="55250248" total="73186304" percent="75" />
      <mem type="loa" free="738304" total="738304" percent="100" />
    </mem>
  </mem-info>
</gc-end>
<cycle-end id="3215" type="global" contextid="3205" timestamp="2019-08-08T00:00:31.830" />
  <attribute name="elasticGC enabled" value="1" />
  <attribute name= "numThreadsSpecified" value="16" />
  <attribute name="heapSize specified" value="73596928" />
  <attribute name="Current GC Util" value="45" />
  <attribute name= "Current Time Running" value="150753" />
  <attribute name ="GC Interval" value="0" />
  <attribute name="Target GC Util Change" value ="80.000000" />
  <attribute name="Current GC Util Change" value="45.000000"/>
  <attribute name="Current Error" value="-277.000000" />
  <attribute name="Output H" value="73898368"/>
  <attribute name="Output I" value="576"/>
  <attribute name="Output T" value="16"/>
  <attribute name= "Current Time Running" value="150753" />
  <attribute name="GC Util currently" value="45" />
  <attribute name="CPU Util currently" value="44206729762" />
<allocation-satisfied id="3216" threadId="0000000001DD0F00" bytesRequested="288" />
<af-end id="3217" timestamp="2019-08-08T00:00:31.830" threadId="0000000001DD1888" success="true" />
<exclusive-end id="3218" timestamp="2019-08-08T00:00:31.830" durationms="51.223" />

<exclusive-start id="3219" timestamp="2019-08-08T00:00:31.842" intervalms="62.597">
  <response-info timems="0.023" idlems="0.023" threads="0" lastid="0000000001DD0F00" lastname="main" />
</exclusive-start>
<af-start id="3220" threadId="0000000001DD1888" totalBytesRequested="240" timestamp="2019-08-08T00:00:31.842" intervalms="62.629" />
<cycle-start id="3221" type="global" contextid="0" timestamp="2019-08-08T00:00:31.842" intervalms="62.638" />
<gc-start id="3222" type="global" contextid="3221" timestamp="2019-08-08T00:00:31.842">
  <mem-info id="3223" free="738304" total="73924608" percent="0">
    <mem type="tenure" free="738304" total="73924608" percent="0">
      <mem type="soa" free="0" total="73186304" percent="0" />
      <mem type="loa" free="738304" total="738304" percent="100" />
    </mem>
  </mem-info>
</gc-start>
<allocation-stats totalBytes="55284240" >
  <allocated-bytes non-tlh="0" tlh="55284240" />
  <largest-consumer threadName="main" threadId="0000000001DD0F00" bytes="55284240" />
</allocation-stats>
<gc-op id="3224" type="mark" timems="24.844" contextid="3221" timestamp="2019-08-08T00:00:31.867">
  <trace-info objectcount="596260" scancount="517228" scanbytes="13274276" />
  <finalization candidates="80" enqueued="0" />
  <ownableSynchronizers candidates="21" cleared="0" />
  <references type="soft" candidates="1843" cleared="0" enqueued="0" dynamicThreshold="24" maxThreshold="32" />
  <references type="weak" candidates="5726" cleared="0" enqueued="0" />
  <references type="phantom" candidates="97" cleared="0" enqueued="0" />
  <stringconstants candidates="13275" cleared="0"  />
</gc-op>
<gc-op id="3225" type="sweep" timems="2.512" contextid="3221" timestamp="2019-08-08T00:00:31.869" />
<mem-info id="3226" free="56053080" total="73924608" percent="75">
  <mem type="tenure" free="56053080" total="73924608" percent="75" micro-fragmented="0" macro-fragmented="0">
    <mem type="soa" free="55314776" total="73186304" percent="75" />
    <mem type="loa" free="738304" total="738304" percent="100" />
  </mem>
</mem-info>
<gc-op id="3227" type="compact" timems="31.232" contextid="3221" timestamp="2019-08-08T00:00:31.901">
  <compact-info movecount="1587" movebytes="51632" reason="compact to aid heap contraction" />
</gc-op>
<heap-resize id="3228" type="expand" space="tenure" amount="327680" count="1" timems="0.022" reason="satisfy allocation request" timestamp="2019-08-08T00:00:31.902" />
<gc-end id="3229" type="global" contextid="3221" durationms="60.044" usertimems="154.004" systemtimems="0.000" timestamp="2019-08-08T00:00:31.902" activeThreads="16">
  <mem-info id="3230" free="56316232" total="74252288" percent="75">
    <mem type="tenure" free="56316232" total="74252288" percent="75">
      <mem type="soa" free="55573832" total="73509888" percent="75" />
      <mem type="loa" free="742400" total="742400" percent="100" />
    </mem>
  </mem-info>
</gc-end>
<cycle-end id="3231" type="global" contextid="3221" timestamp="2019-08-08T00:00:31.902" />
  <attribute name="elasticGC enabled" value="1" />
  <attribute name= "numThreadsSpecified" value="16" />
  <attribute name="heapSize specified" value="73924608" />
  <attribute name="Current GC Util" value="73" />
  <attribute name= "Current Time Running" value="150824" />
  <attribute name ="GC Interval" value="0" />
  <attribute name="Target GC Util Change" value ="80.000000" />
  <attribute name="Current GC Util Change" value="73.000000"/>
  <attribute name="Current Error" value="7.000000" />
  <attribute name="Output H" value="74227352"/>
  <attribute name="Output I" value="2048"/>
  <attribute name="Output T" value="16"/>
  <attribute name= "Current Time Running" value="150824" />
  <attribute name="GC Util currently" value="73" />
  <attribute name="CPU Util currently" value="36843651163" />
<allocation-satisfied id="3232" threadId="0000000001DD0F00" bytesRequested="240" />
<af-end id="3233" timestamp="2019-08-08T00:00:31.902" threadId="0000000001DD1888" success="true" />
<exclusive-end id="3234" timestamp="2019-08-08T00:00:31.902" durationms="60.356" />

<exclusive-start id="3235" timestamp="2019-08-08T00:00:31.917" intervalms="74.840">
  <response-info timems="0.387" idlems="0.387" threads="0" lastid="0000000001DD0F00" lastname="main" />
</exclusive-start>
<af-start id="3236" threadId="0000000001DD1888" totalBytesRequested="144" timestamp="2019-08-08T00:00:31.917" intervalms="74.814" />
<cycle-start id="3237" type="global" contextid="0" timestamp="2019-08-08T00:00:31.917" intervalms="74.804" />
<gc-start id="3238" type="global" contextid="3237" timestamp="2019-08-08T00:00:31.917">
  <mem-info id="3239" free="742400" total="74252288" percent="0">
    <mem type="tenure" free="742400" total="74252288" percent="0">
      <mem type="soa" free="0" total="73509888" percent="0" />
      <mem type="loa" free="742400" total="742400" percent="100" />
    </mem>
  </mem-info>
</gc-start>
<allocation-stats totalBytes="55588416" >
  <allocated-bytes non-tlh="0" tlh="55588416" />
  <largest-consumer threadName="main" threadId="0000000001DD0F00" bytes="55588416" />
</allocation-stats>
<gc-op id="3240" type="mark" timems="12.378" contextid="3237" timestamp="2019-08-08T00:00:31.929">
  <trace-info objectcount="596260" scancount="517248" scanbytes="13274276" />
  <finalization candidates="80" enqueued="0" />
  <ownableSynchronizers candidates="21" cleared="0" />
  <references type="soft" candidates="1843" cleared="0" enqueued="0" dynamicThreshold="24" maxThreshold="32" />
  <references type="weak" candidates="5726" cleared="0" enqueued="0" />
  <references type="phantom" candidates="97" cleared="0" enqueued="0" />
  <stringconstants candidates="13275" cleared="0"  />
</gc-op>
<gc-op id="3241" type="sweep" timems="2.850" contextid="3237" timestamp="2019-08-08T00:00:31.932" />
<mem-info id="3242" free="56381864" total="74252288" percent="75">
  <mem type="tenure" free="56381864" total="74252288" percent="75" micro-fragmented="0" macro-fragmented="0">
    <mem type="soa" free="55639464" total="73509888" percent="75" />
    <mem type="loa" free="742400" total="742400" percent="100" />
  </mem>
</mem-info>
<gc-op id="3243" type="compact" timems="37.948" contextid="3237" timestamp="2019-08-08T00:00:31.970">
  <compact-info movecount="5" movebytes="256" reason="compact to aid heap contraction" />
</gc-op>
<heap-resize id="3244" type="expand" space="tenure" amount="327680" count="1" timems="0.022" reason="satisfy allocation request" timestamp="2019-08-08T00:00:31.971" />
<gc-end id="3245" type="global" contextid="3237" durationms="54.151" usertimems="126.410" systemtimems="0.000" timestamp="2019-08-08T00:00:31.971" activeThreads="16">
  <mem-info id="3246" free="56644008" total="74579968" percent="75">
    <mem type="tenure" free="56644008" total="74579968" percent="75">
      <mem type="soa" free="55898536" total="73834496" percent="75" />
      <mem type="loa" free="745472" total="745472" percent="100" />
    </mem>
  </mem-info>
</gc-end>
<cycle-end id="3247" type="global" contextid="3237" timestamp="2019-08-08T00:00:31.971" />
  <attribute name="elasticGC enabled" value="1" />
  <attribute name= "numThreadsSpecified" value="16" />
  <attribute name="heapSize specified" value="74252288" />
  <attribute name="Current GC Util" value="39" />
  <attribute name= "Current Time Running" value="150893" />
  <attribute name ="GC Interval" value="0" />
  <attribute name="Target GC Util Change" value ="80.000000" />
  <attribute name="Current GC Util Change" value="39.000000"/>
  <attribute name="Current Error" value="-624.000000" />
  <attribute name="Output H" value="74552120"/>
  <attribute name="Output I" value="200"/>
  <attribute name="Output T" value="16"/>
  <attribute name= "Current Time Running" value="150893" />
  <attribute name="GC Util currently" value="39" />
  <attribute name="CPU Util currently" value="30354343305" />
<allocation-satisfied id="3248" threadId="0000000001DD0F00" bytesRequested="144" />
<af-end id="3249" timestamp="2019-08-08T00:00:31.971" threadId="0000000001DD1888" success="true" />
<exclusive-end id="3250" timestamp="2019-08-08T00:00:31.971" durationms="54.397" />

<exclusive-start id="3251" timestamp="2019-08-08T00:00:31.992" intervalms="75.160">
  <response-info timems="0.020" idlems="0.020" threads="0" lastid="0000000001DD0F00" lastname="main" />
</exclusive-start>
<af-start id="3252" threadId="0000000001DD1888" totalBytesRequested="24" timestamp="2019-08-08T00:00:31.992" intervalms="75.165" />
<cycle-start id="3253" type="global" contextid="0" timestamp="2019-08-08T00:00:31.992" intervalms="75.171" />
<gc-start id="3254" type="global" contextid="3253" timestamp="2019-08-08T00:00:31.992">
  <mem-info id="3255" free="745472" total="74579968" percent="0">
    <mem type="tenure" free="745472" total="74579968" percent="0">
      <mem type="soa" free="0" total="73834496" percent="0" />
      <mem type="loa" free="745472" total="745472" percent="100" />
    </mem>
  </mem-info>
</gc-start>
<allocation-stats totalBytes="55934744" >
  <allocated-bytes non-tlh="0" tlh="55934744" />
  <largest-consumer threadName="main" threadId="0000000001DD0F00" bytes="55934744" />
</allocation-stats>
<gc-op id="3256" type="mark" timems="17.963" contextid="3253" timestamp="2019-08-08T00:00:32.010">
  <trace-info objectcount="596270" scancount="517263" scanbytes="13274856" />
  <finalization candidates="80" enqueued="0" />
  <ownableSynchronizers candidates="21" cleared="0" />
  <references type="soft" candidates="1843" cleared="0" enqueued="0" dynamicThreshold="24" maxThreshold="32" />
  <references type="weak" candidates="5726" cleared="0" enqueued="0" />
  <references type="phantom" candidates="97" cleared="0" enqueued="0" />
  <stringconstants candidates="13275" cleared="0"  />
</gc-op>
<gc-op id="3257" type="sweep" timems="5.002" contextid="3253" timestamp="2019-08-08T00:00:32.015" />
<mem-info id="3258" free="56708512" total="74579968" percent="76">
  <mem type="tenure" free="56708512" total="74579968" percent="76" micro-fragmented="0" macro-fragmented="0">
    <mem type="soa" free="55963040" total="73834496" percent="75" />
    <mem type="loa" free="745472" total="745472" percent="100" />
  </mem>
</mem-info>
<gc-op id="3259" type="compact" timems="24.444" contextid="3253" timestamp="2019-08-08T00:00:32.039">
  <compact-info movecount="1595" movebytes="51920" reason="compact to aid heap contraction" />
</gc-op>
<heap-resize id="3260" type="expand" space="tenure" amount="327680" count="1" timems="0.018" reason="satisfy allocation request" timestamp="2019-08-08T00:00:32.040" />
<gc-end id="3261" type="global" contextid="3253" durationms="48.389" usertimems="176.158" systemtimems="0.000" timestamp="2019-08-08T00:00:32.040" activeThreads="16">
  <mem-info id="3262" free="56971256" total="74907648" percent="76">
    <mem type="tenure" free="56971256" total="74907648" percent="76">
      <mem type="soa" free="56222712" total="74159104" percent="75" />
      <mem type="loa" free="748544" total="748544" percent="100" />
    </mem>
  </mem-info>
</gc-end>
<cycle-end id="3263" type="global" contextid="3253" timestamp="2019-08-08T00:00:32.040" />
  <attribute name="elasticGC enabled" value="1" />
  <attribute name= "numThreadsSpecified" value="16" />
  <attribute name="heapSize specified" value="74579968" />
  <attribute name="Current GC Util" value="46" />
  <attribute name= "Current Time Running" value="150963" />
  <attribute name ="GC Interval" value="0" />
  <attribute name="Target GC Util Change" value ="80.000000" />
  <attribute name="Current GC Util Change" value="46.000000"/>
  <attribute name="Current Error" value="-685.000000" />
  <attribute name="Output H" value="74879520"/>
  <attribute name="Output I" value="200"/>
  <attribute name="Output T" value="16"/>
  <attribute name= "Current Time Running" value="150963" />
  <attribute name="GC Util currently" value="46" />
  <attribute name="CPU Util currently" value="47050258427" />
<allocation-satisfied id="3264" threadId="0000000001DD0F00" bytesRequested="24" />
<af-end id="3265" timestamp="2019-08-08T00:00:32.040" threadId="0000000001DD1888" success="true" />
<exclusive-end id="3266" timestamp="2019-08-08T00:00:32.040" durationms="48.651" />

<exclusive-start id="3267" timestamp="2019-08-08T00:00:32.261" intervalms="268.960">
  <response-info timems="0.020" idlems="0.020" threads="0" lastid="0000000001DD0F00" lastname="main" />
</exclusive-start>
<af-start id="3268" threadId="0000000001DD1888" totalBytesRequested="8632" timestamp="2019-08-08T00:00:32.261" intervalms="269.022" />
<cycle-start id="3269" type="global" contextid="0" timestamp="2019-08-08T00:00:32.261" intervalms="269.037" />
<gc-start id="3270" type="global" contextid="3269" timestamp="2019-08-08T00:00:32.261">
  <mem-info id="3271" free="748544" total="74907648" percent="0">
    <mem type="tenure" free="748544" total="74907648" percent="0">
      <mem type="soa" free="0" total="74159104" percent="0" />
      <mem type="loa" free="748544" total="748544" percent="100" />
    </mem>
  </mem-info>
</gc-start>
<allocation-stats totalBytes="56091624" >
  <allocated-bytes non-tlh="0" tlh="56091624" />
  <largest-consumer threadName="main" threadId="0000000001DD0F00" bytes="56091624" />
</allocation-stats>
<gc-op id="3272" type="mark" timems="9.338" contextid="3269" timestamp="2019-08-08T00:00:32.270">
  <trace-info objectcount="596281" scancount="517290" scanbytes="13292904" />
  <finalization candidates="80" enqueued="0" />
  <ownableSynchronizers candidates="21" cleared="0" />
  <references type="soft" candidates="1843" cleared="0" enqueued="0" dynamicThreshold="24" maxThreshold="32" />
  <references type="weak" candidates="5726" cleared="0" enqueued="0" />
  <references type="phantom" candidates="97" cleared="0" enqueued="0" />
  <stringconstants candidates="13275" cleared="0"  />
</gc-op>
<gc-op id="3273" type="sweep" timems="1.816" contextid="3269" timestamp="2019-08-08T00:00:32.272" />
<mem-info id="3274" free="57016272" total="74907648" percent="76">
  <mem type="tenure" free="57016272" total="74907648" percent="76" micro-fragmented="0" macro-fragmented="0">
    <mem type="soa" free="56267728" total="74159104" percent="75" />
    <mem type="loa" free="748544" total="748544" percent="100" />
  </mem>
</mem-info>
<gc-op id="3275" type="compact" timems="24.060" contextid="3269" timestamp="2019-08-08T00:00:32.296">
  <compact-info movecount="1604" movebytes="69904" reason="compact to aid heap contraction" />
</gc-op>
<heap-resize id="3276" type="expand" space="tenure" amount="327680" count="1" timems="0.018" reason="satisfy allocation request" timestamp="2019-08-08T00:00:32.297" />
<gc-end id="3277" type="global" contextid="3269" durationms="36.006" usertimems="83.946" systemtimems="0.000" timestamp="2019-08-08T00:00:32.297" activeThreads="16">
  <mem-info id="3278" free="57280904" total="75235328" percent="76">
    <mem type="tenure" free="57280904" total="75235328" percent="76">
      <mem type="soa" free="56529288" total="74483712" percent="75" />
      <mem type="loa" free="751616" total="751616" percent="100" />
    </mem>
  </mem-info>
</gc-end>
<cycle-end id="3279" type="global" contextid="3269" timestamp="2019-08-08T00:00:32.297" />
  <attribute name="elasticGC enabled" value="1" />
  <attribute name= "numThreadsSpecified" value="16" />
  <attribute name="heapSize specified" value="74907648" />
  <attribute name="Current GC Util" value="40" />
  <attribute name= "Current Time Running" value="151219" />
  <attribute name ="GC Interval" value="0" />
  <attribute name="Target GC Util Change" value ="80.000000" />
  <attribute name="Current GC Util Change" value="40.000000"/>
  <attribute name="Current Error" value="40.000000" />
  <attribute name="Output H" value="75210544"/>
  <attribute name="Output I" value="2216"/>
  <attribute name="Output T" value="16"/>
  <attribute name= "Current Time Running" value="151219" />
  <attribute name="GC Util currently" value="40" />
  <attribute name="CPU Util currently" value="47791251772" />
<allocation-satisfied id="3280" threadId="0000000001DD0F00" bytesRequested="8632" />
<af-end id="3281" timestamp="2019-08-08T00:00:32.297" threadId="0000000001DD1888" success="true" />
<exclusive-end id="3282" timestamp="2019-08-08T00:00:32.297" durationms="36.420" />

<exclusive-start id="3283" timestamp="2019-08-08T00:00:32.305" intervalms="44.050">
  <response-info timems="0.060" idlems="0.060" threads="0" lastid="0000000001DD0F00" lastname="main" />
</exclusive-start>
<af-start id="3284" threadId="0000000001DD1888" totalBytesRequested="2360" timestamp="2019-08-08T00:00:32.305" intervalms="44.026" />
<cycle-start id="3285" type="global" contextid="0" timestamp="2019-08-08T00:00:32.305" intervalms="44.042" />
<gc-start id="3286" type="global" contextid="3285" timestamp="2019-08-08T00:00:32.305">
  <mem-info id="3287" free="751616" total="75235328" percent="0">
    <mem type="tenure" free="751616" total="75235328" percent="0">
      <mem type="soa" free="0" total="74483712" percent="0" />
      <mem type="loa" free="751616" total="751616" percent="100" />
    </mem>
  </mem-info>
</gc-start>
<allocation-stats totalBytes="53064328" >
  <allocated-bytes non-tlh="0" tlh="53064328" />
  <largest-consumer threadName="main" threadId="0000000001DD0F00" bytes="53064328" />
</allocation-stats>
<gc-op id="3288" type="mark" timems="7.154" contextid="3285" timestamp="2019-08-08T00:00:32.312">
  <trace-info objectcount="596281" scancount="517272" scanbytes="13277976" />
  <finalization candidates="80" enqueued="0" />
  <ownableSynchronizers candidates="21" cleared="0" />
  <references type="soft" candidates="1843" cleared="0" enqueued="0" dynamicThreshold="24" maxThreshold="32" />
  <references type="weak" candidates="5726" cleared="0" enqueued="0" />
  <references type="phantom" candidates="97" cleared="0" enqueued="0" />
  <stringconstants candidates="13275" cleared="0"  />
</gc-op>
<gc-op id="3289" type="sweep" timems="1.712" contextid="3285" timestamp="2019-08-08T00:00:32.314" />
<mem-info id="3290" free="57360376" total="75235328" percent="76">
  <mem type="tenure" free="57360376" total="75235328" percent="76" micro-fragmented="0" macro-fragmented="0">
    <mem type="soa" free="56608760" total="74483712" percent="76" />
    <mem type="loa" free="751616" total="751616" percent="100" />
  </mem>
</mem-info>
<gc-op id="3291" type="compact" timems="31.514" contextid="3285" timestamp="2019-08-08T00:00:32.346">
  <compact-info movecount="11" movebytes="296" reason="compact to aid heap contraction" />
</gc-op>
<heap-resize id="3292" type="expand" space="tenure" amount="327680" count="1" timems="0.022" reason="satisfy allocation request" timestamp="2019-08-08T00:00:32.346" />
<gc-end id="3293" type="global" contextid="3285" durationms="41.398" usertimems="83.505" systemtimems="0.000" timestamp="2019-08-08T00:00:32.346" activeThreads="16">
  <mem-info id="3294" free="57623512" total="75563008" percent="76">
    <mem type="tenure" free="57623512" total="75563008" percent="76">
      <mem type="soa" free="56868824" total="74808320" percent="76" />
      <mem type="loa" free="754688" total="754688" percent="100" />
    </mem>
  </mem-info>
</gc-end>
<cycle-end id="3295" type="global" contextid="3285" timestamp="2019-08-08T00:00:32.346" />
  <attribute name="elasticGC enabled" value="1" />
  <attribute name= "numThreadsSpecified" value="16" />
  <attribute name="heapSize specified" value="75235328" />
  <attribute name="Current GC Util" value="22" />
  <attribute name= "Current Time Running" value="151269" />
  <attribute name ="GC Interval" value="0" />
  <attribute name="Target GC Util Change" value ="80.000000" />
  <attribute name="Current GC Util Change" value="22.000000"/>
  <attribute name="Current Error" value="-645.000000" />
  <attribute name="Output H" value="75535064"/>
  <attribute name="Output I" value="200"/>
  <attribute name="Output T" value="16"/>
  <attribute name= "Current Time Running" value="151269" />
  <attribute name="GC Util currently" value="22" />
  <attribute name="CPU Util currently" value="36443666263" />
<allocation-satisfied id="3296" threadId="0000000001DD0F00" bytesRequested="2360" />
<af-end id="3297" timestamp="2019-08-08T00:00:32.346" threadId="0000000001DD1888" success="true" />
<exclusive-end id="3298" timestamp="2019-08-08T00:00:32.346" durationms="41.811" />

<exclusive-start id="3299" timestamp="2019-08-08T00:00:32.512" intervalms="207.537">
  <response-info timems="0.017" idlems="0.017" threads="0" lastid="0000000001DD0F00" lastname="main" />
</exclusive-start>
<af-start id="3300" threadId="0000000001DD1888" totalBytesRequested="24" timestamp="2019-08-08T00:00:32.512" intervalms="207.527" />
<cycle-start id="3301" type="global" contextid="0" timestamp="2019-08-08T00:00:32.512" intervalms="207.497" />
<gc-start id="3302" type="global" contextid="3301" timestamp="2019-08-08T00:00:32.512">
  <mem-info id="3303" free="754688" total="75563008" percent="0">
    <mem type="tenure" free="754688" total="75563008" percent="0">
      <mem type="soa" free="0" total="74808320" percent="0" />
      <mem type="loa" free="754688" total="754688" percent="100" />
    </mem>
  </mem-info>
</gc-start>
<allocation-stats totalBytes="56927968" >
  <allocated-bytes non-tlh="0" tlh="56927968" />
  <largest-consumer threadName="main" threadId="0000000001DD0F00" bytes="56927968" />
</allocation-stats>
<gc-op id="3304" type="mark" timems="9.694" contextid="3301" timestamp="2019-08-08T00:00:32.522">
  <trace-info objectcount="596267" scancount="517275" scanbytes="13274548" />
  <finalization candidates="80" enqueued="0" />
  <ownableSynchronizers candidates="21" cleared="0" />
  <references type="soft" candidates="1843" cleared="0" enqueued="0" dynamicThreshold="24" maxThreshold="32" />
  <references type="weak" candidates="5726" cleared="0" enqueued="0" />
  <references type="phantom" candidates="97" cleared="0" enqueued="0" />
  <stringconstants candidates="13275" cleared="0"  />
</gc-op>
<gc-op id="3305" type="sweep" timems="2.656" contextid="3301" timestamp="2019-08-08T00:00:32.525" />
<mem-info id="3306" free="57691184" total="75563008" percent="76">
  <mem type="tenure" free="57691184" total="75563008" percent="76" micro-fragmented="0" macro-fragmented="0">
    <mem type="soa" free="56936496" total="74808320" percent="76" />
    <mem type="loa" free="754688" total="754688" percent="100" />
  </mem>
</mem-info>
<gc-op id="3307" type="compact" timems="27.788" contextid="3301" timestamp="2019-08-08T00:00:32.553">
  <compact-info movecount="1578" movebytes="51232" reason="compact to aid heap contraction" />
</gc-op>
<heap-resize id="3308" type="expand" space="tenure" amount="327680" count="1" timems="0.018" reason="satisfy allocation request" timestamp="2019-08-08T00:00:32.553" />
<gc-end id="3309" type="global" contextid="3301" durationms="41.031" usertimems="84.021" systemtimems="0.000" timestamp="2019-08-08T00:00:32.553" activeThreads="16">
  <mem-info id="3310" free="57954648" total="75890688" percent="76">
    <mem type="tenure" free="57954648" total="75890688" percent="76">
      <mem type="soa" free="57195864" total="75131904" percent="76" />
      <mem type="loa" free="758784" total="758784" percent="100" />
    </mem>
  </mem-info>
</gc-end>
<cycle-end id="3311" type="global" contextid="3301" timestamp="2019-08-08T00:00:32.553" />
  <attribute name="elasticGC enabled" value="1" />
  <attribute name= "numThreadsSpecified" value="16" />
  <attribute name="heapSize specified" value="75563008" />
  <attribute name="Current GC Util" value="50" />
  <attribute name= "Current Time Running" value="151476" />
  <attribute name ="GC Interval" value="0" />
  <attribute name="Target GC Util Change" value ="80.000000" />
  <attribute name="Current GC Util Change" value="50.000000"/>
  <attribute name="Current Error" value="-278.000000" />
  <attribute name="Output H" value="75864440"/>
  <attribute name="Output I" value="568"/>
  <attribute name="Output T" value="16"/>
  <attribute name= "Current Time Running" value="151476" />
  <attribute name="GC Util currently" value="50" />
  <attribute name="CPU Util currently" value="41292193781" />
<allocation-satisfied id="3312" threadId="0000000001DD0F00" bytesRequested="24" />
<af-end id="3313" timestamp="2019-08-08T00:00:32.554" threadId="0000000001DD1888" success="true" />
<exclusive-end id="3314" timestamp="2019-08-08T00:00:32.554" durationms="41.371" />

<exclusive-start id="3315" timestamp="2019-08-08T00:00:32.606" intervalms="93.530">
  <response-info timems="0.017" idlems="0.017" threads="0" lastid="0000000001DD0F00" lastname="main" />
</exclusive-start>
<af-start id="3316" threadId="0000000001DD1888" totalBytesRequested="80" timestamp="2019-08-08T00:00:32.606" intervalms="93.593" />
<cycle-start id="3317" type="global" contextid="0" timestamp="2019-08-08T00:00:32.606" intervalms="93.604" />
<gc-start id="3318" type="global" contextid="3317" timestamp="2019-08-08T00:00:32.606">
  <mem-info id="3319" free="758784" total="75890688" percent="0">
    <mem type="tenure" free="758784" total="75890688" percent="0">
      <mem type="soa" free="0" total="75131904" percent="0" />
      <mem type="loa" free="758784" total="758784" percent="100" />
    </mem>
  </mem-info>
</gc-start>
<allocation-stats totalBytes="57251216" >
  <allocated-bytes non-tlh="0" tlh="57251216" />
  <largest-consumer threadName="main" threadId="0000000001DD0F00" bytes="57251216" />
</allocation-stats>
<gc-op id="3320" type="mark" timems="9.515" contextid="3317" timestamp="2019-08-08T00:00:32.616">
  <trace-info objectcount="596268" scancount="517257" scanbytes="13274524" />
  <finalization candidates="80" enqueued="0" />
  <ownableSynchronizers candidates="21" cleared="0" />
  <references type="soft" candidates="1843" cleared="0" enqueued="0" dynamicThreshold="24" maxThreshold="32" />
  <references type="weak" candidates="5726" cleared="0" enqueued="0" />
  <references type="phantom" candidates="97" cleared="0" enqueued="0" />
  <stringconstants candidates="13275" cleared="0"  />
</gc-op>
<gc-op id="3321" type="sweep" timems="1.755" contextid="3317" timestamp="2019-08-08T00:00:32.617" />
<mem-info id="3322" free="58019080" total="75890688" percent="76">
  <mem type="tenure" free="58019080" total="75890688" percent="76" micro-fragmented="0" macro-fragmented="0">
    <mem type="soa" free="57260296" total="75131904" percent="76" />
    <mem type="loa" free="758784" total="758784" percent="100" />
  </mem>
</mem-info>
<gc-op id="3323" type="compact" timems="24.833" contextid="3317" timestamp="2019-08-08T00:00:32.642">
  <compact-info movecount="1565" movebytes="50752" reason="compact to aid heap contraction" />
</gc-op>
<heap-resize id="3324" type="expand" space="tenure" amount="327680" count="1" timems="0.020" reason="satisfy allocation request" timestamp="2019-08-08T00:00:32.643" />
<gc-end id="3325" type="global" contextid="3317" durationms="37.381" usertimems="81.378" systemtimems="0.000" timestamp="2019-08-08T00:00:32.643" activeThreads="16">
  <mem-info id="3326" free="58282360" total="76218368" percent="76">
    <mem type="tenure" free="58282360" total="76218368" percent="76">
      <mem type="soa" free="57520504" total="75456512" percent="76" />
      <mem type="loa" free="761856" total="761856" percent="100" />
    </mem>
  </mem-info>
</gc-end>
<cycle-end id="3327" type="global" contextid="3317" timestamp="2019-08-08T00:00:32.643" />
  <attribute name="elasticGC enabled" value="1" />
  <attribute name= "numThreadsSpecified" value="16" />
  <attribute name="heapSize specified" value="75890688" />
  <attribute name="Current GC Util" value="37" />
  <attribute name= "Current Time Running" value="151565" />
  <attribute name ="GC Interval" value="0" />
  <attribute name="Target GC Util Change" value ="80.000000" />
  <attribute name="Current GC Util Change" value="37.000000"/>
  <attribute name="Current Error" value="43.000000" />
  <attribute name="Output H" value="76193600"/>
  <attribute name="Output I" value="2232"/>
  <attribute name="Output T" value="16"/>
  <attribute name= "Current Time Running" value="151565" />
  <attribute name="GC Util currently" value="37" />
  <attribute name="CPU Util currently" value="46293542249" />
<allocation-satisfied id="3328" threadId="0000000001DD0F00" bytesRequested="80" />
<af-end id="3329" timestamp="2019-08-08T00:00:32.643" threadId="0000000001DD1888" success="true" />
<exclusive-end id="3330" timestamp="2019-08-08T00:00:32.643" durationms="37.760" />

<exclusive-start id="3331" timestamp="2019-08-08T00:00:32.694" intervalms="88.304">
  <response-info timems="0.019" idlems="0.019" threads="0" lastid="0000000001DD0F00" lastname="main" />
</exclusive-start>
<af-start id="3332" threadId="0000000001DD1888" totalBytesRequested="16" timestamp="2019-08-08T00:00:32.694" intervalms="88.257" />
<cycle-start id="3333" type="global" contextid="0" timestamp="2019-08-08T00:00:32.694" intervalms="88.248" />
<gc-start id="3334" type="global" contextid="3333" timestamp="2019-08-08T00:00:32.694">
  <mem-info id="3335" free="761856" total="76218368" percent="0">
    <mem type="tenure" free="761856" total="76218368" percent="0">
      <mem type="soa" free="0" total="75456512" percent="0" />
      <mem type="loa" free="761856" total="761856" percent="100" />
    </mem>
  </mem-info>
</gc-start>
<allocation-stats totalBytes="57567816" >
  <allocated-bytes non-tlh="0" tlh="57567816" />
  <largest-consumer threadName="main" threadId="0000000001DD0F00" bytes="57567816" />
</allocation-stats>
<gc-op id="3336" type="mark" timems="7.924" contextid="3333" timestamp="2019-08-08T00:00:32.702">
  <trace-info objectcount="596280" scancount="517270" scanbytes="13274852" />
  <finalization candidates="80" enqueued="0" />
  <ownableSynchronizers candidates="21" cleared="0" />
  <references type="soft" candidates="1843" cleared="0" enqueued="0" dynamicThreshold="24" maxThreshold="32" />
  <references type="weak" candidates="5726" cleared="0" enqueued="0" />
  <references type="phantom" candidates="97" cleared="0" enqueued="0" />
  <stringconstants candidates="13275" cleared="0"  />
</gc-op>
<gc-op id="3337" type="sweep" timems="1.666" contextid="3333" timestamp="2019-08-08T00:00:32.704" />
<mem-info id="3338" free="58346216" total="76218368" percent="76">
  <mem type="tenure" free="58346216" total="76218368" percent="76" micro-fragmented="0" macro-fragmented="0">
    <mem type="soa" free="57584360" total="75456512" percent="76" />
    <mem type="loa" free="761856" total="761856" percent="100" />
  </mem>
</mem-info>
<gc-op id="3339" type="compact" timems="25.504" contextid="3333" timestamp="2019-08-08T00:00:32.730">
  <compact-info movecount="1572" movebytes="51016" reason="compact to aid heap contraction" />
</gc-op>
<heap-resize id="3340" type="expand" space="tenure" amount="327680" count="1" timems="0.017" reason="satisfy allocation request" timestamp="2019-08-08T00:00:32.730" />
<gc-end id="3341" type="global" contextid="3333" durationms="35.970" usertimems="75.067" systemtimems="0.000" timestamp="2019-08-08T00:00:32.730" activeThreads="16">
  <mem-info id="3342" free="58609672" total="76546048" percent="76">
    <mem type="tenure" free="58609672" total="76546048" percent="76">
      <mem type="soa" free="57844744" total="75781120" percent="76" />
      <mem type="loa" free="764928" total="764928" percent="100" />
    </mem>
  </mem-info>
</gc-end>
<cycle-end id="3343" type="global" contextid="3333" timestamp="2019-08-08T00:00:32.730" />
  <attribute name="elasticGC enabled" value="1" />
  <attribute name= "numThreadsSpecified" value="16" />
  <attribute name="heapSize specified" value="76218368" />
  <attribute name="Current GC Util" value="31" />
  <attribute name= "Current Time Running" value="151653" />
  <attribute name ="GC Interval" value="0" />
  <attribute name="Target GC Util Change" value ="80.000000" />
  <attribute name="Current GC Util Change" value="31.000000"/>
  <attribute name="Current Error" value="-278.000000" />
  <attribute name="Output H" value="76519800"/>
  <attribute name="Output I" value="568"/>
  <attribute name="Output T" value="16"/>
  <attribute name= "Current Time Running" value="151653" />
  <attribute name="GC Util currently" value="31" />
  <attribute name="CPU Util currently" value="45070425686" />
<allocation-satisfied id="3344" threadId="0000000001DD0F00" bytesRequested="16" />
<af-end id="3345" timestamp="2019-08-08T00:00:32.730" threadId="0000000001DD1888" success="true" />
<exclusive-end id="3346" timestamp="2019-08-08T00:00:32.730" durationms="36.334" />

<exclusive-start id="3347" timestamp="2019-08-08T00:00:32.796" intervalms="102.288">
  <response-info timems="0.018" idlems="0.018" threads="0" lastid="0000000001DD0F00" lastname="main" />
</exclusive-start>
<af-start id="3348" threadId="0000000001DD1888" totalBytesRequested="24" timestamp="2019-08-08T00:00:32.796" intervalms="102.283" />
<cycle-start id="3349" type="global" contextid="0" timestamp="2019-08-08T00:00:32.796" intervalms="102.307" />
<gc-start id="3350" type="global" contextid="3349" timestamp="2019-08-08T00:00:32.797">
  <mem-info id="3351" free="764928" total="76546048" percent="0">
    <mem type="tenure" free="764928" total="76546048" percent="0">
      <mem type="soa" free="0" total="75781120" percent="0" />
      <mem type="loa" free="764928" total="764928" percent="100" />
    </mem>
  </mem-info>
</gc-start>
<allocation-stats totalBytes="57903360" >
  <allocated-bytes non-tlh="0" tlh="57903360" />
  <largest-consumer threadName="main" threadId="0000000001DD0F00" bytes="57903360" />
</allocation-stats>
<gc-op id="3352" type="mark" timems="16.616" contextid="3349" timestamp="2019-08-08T00:00:32.813">
  <trace-info objectcount="596281" scancount="517276" scanbytes="13274900" />
  <finalization candidates="80" enqueued="0" />
  <ownableSynchronizers candidates="21" cleared="0" />
  <references type="soft" candidates="1843" cleared="0" enqueued="0" dynamicThreshold="24" maxThreshold="32" />
  <references type="weak" candidates="5726" cleared="0" enqueued="0" />
  <references type="phantom" candidates="97" cleared="0" enqueued="0" />
  <stringconstants candidates="13275" cleared="0"  />
</gc-op>
<gc-op id="3353" type="sweep" timems="2.898" contextid="3349" timestamp="2019-08-08T00:00:32.816" />
<mem-info id="3354" free="58673648" total="76546048" percent="76">
  <mem type="tenure" free="58673648" total="76546048" percent="76" micro-fragmented="0" macro-fragmented="0">
    <mem type="soa" free="57908720" total="75781120" percent="76" />
    <mem type="loa" free="764928" total="764928" percent="100" />
  </mem>
</mem-info>
<gc-op id="3355" type="compact" timems="27.320" contextid="3349" timestamp="2019-08-08T00:00:32.844">
  <compact-info movecount="1571" movebytes="50968" reason="compact to aid heap contraction" />
</gc-op>
<heap-resize id="3356" type="expand" space="tenure" amount="327680" count="1" timems="0.019" reason="satisfy allocation request" timestamp="2019-08-08T00:00:32.844" />
<gc-end id="3357" type="global" contextid="3349" durationms="47.778" usertimems="96.558" systemtimems="0.000" timestamp="2019-08-08T00:00:32.844" activeThreads="16">
  <mem-info id="3358" free="58937352" total="76873728" percent="76">
    <mem type="tenure" free="58937352" total="76873728" percent="76">
      <mem type="soa" free="58169352" total="76105728" percent="76" />
      <mem type="loa" free="768000" total="768000" percent="100" />
    </mem>
  </mem-info>
</gc-end>
<cycle-end id="3359" type="global" contextid="3349" timestamp="2019-08-08T00:00:32.844" />
  <attribute name="elasticGC enabled" value="1" />
  <attribute name= "numThreadsSpecified" value="16" />
  <attribute name="heapSize specified" value="76546048" />
  <attribute name="Current GC Util" value="49" />
  <attribute name= "Current Time Running" value="151767" />
  <attribute name ="GC Interval" value="0" />
  <attribute name="Target GC Util Change" value ="80.000000" />
  <attribute name="Current GC Util Change" value="49.000000"/>
  <attribute name="Current Error" value="-212.000000" />
  <attribute name="Output H" value="76847784"/>
  <attribute name="Output I" value="912"/>
  <attribute name="Output T" value="16"/>
  <attribute name= "Current Time Running" value="151767" />
  <attribute name="GC Util currently" value="49" />
  <attribute name="CPU Util currently" value="41986019718" />
<allocation-satisfied id="3360" threadId="0000000001DD0F00" bytesRequested="24" />
<af-end id="3361" timestamp="2019-08-08T00:00:32.844" threadId="0000000001DD1888" success="true" />
<exclusive-end id="3362" timestamp="2019-08-08T00:00:32.844" durationms="48.157" />

<exclusive-start id="3363" timestamp="2019-08-08T00:00:32.889" intervalms="92.803">
  <response-info timems="0.017" idlems="0.017" threads="0" lastid="0000000001DD0F00" lastname="main" />
</exclusive-start>
<af-start id="3364" threadId="0000000001DD1888" totalBytesRequested="32" timestamp="2019-08-08T00:00:32.889" intervalms="92.799" />
<cycle-start id="3365" type="global" contextid="0" timestamp="2019-08-08T00:00:32.889" intervalms="92.789" />
<gc-start id="3366" type="global" contextid="3365" timestamp="2019-08-08T00:00:32.889">
  <mem-info id="3367" free="768000" total="76873728" percent="0">
    <mem type="tenure" free="768000" total="76873728" percent="0">
      <mem type="soa" free="0" total="76105728" percent="0" />
      <mem type="loa" free="768000" total="768000" percent="100" />
    </mem>
  </mem-info>
</gc-start>
<allocation-stats totalBytes="58229568" >
  <allocated-bytes non-tlh="0" tlh="58229568" />
  <largest-consumer threadName="main" threadId="0000000001DD0F00" bytes="58229568" />
</allocation-stats>
<gc-op id="3368" type="mark" timems="9.169" contextid="3365" timestamp="2019-08-08T00:00:32.899">
  <trace-info objectcount="596275" scancount="517266" scanbytes="13274744" />
  <finalization candidates="80" enqueued="0" />
  <ownableSynchronizers candidates="21" cleared="0" />
  <references type="soft" candidates="1843" cleared="0" enqueued="0" dynamicThreshold="24" maxThreshold="32" />
  <references type="weak" candidates="5726" cleared="0" enqueued="0" />
  <references type="phantom" candidates="97" cleared="0" enqueued="0" />
  <stringconstants candidates="13275" cleared="0"  />
</gc-op>
<gc-op id="3369" type="sweep" timems="1.476" contextid="3365" timestamp="2019-08-08T00:00:32.900" />
<mem-info id="3370" free="59002064" total="76873728" percent="76">
  <mem type="tenure" free="59002064" total="76873728" percent="76" micro-fragmented="0" macro-fragmented="0">
    <mem type="soa" free="58234064" total="76105728" percent="76" />
    <mem type="loa" free="768000" total="768000" percent="100" />
  </mem>
</mem-info>
<gc-op id="3371" type="compact" timems="23.684" contextid="3365" timestamp="2019-08-08T00:00:32.924">
  <compact-info movecount="1561" movebytes="50712" reason="compact to aid heap contraction" />
</gc-op>
<heap-resize id="3372" type="expand" space="tenure" amount="327680" count="1" timems="0.017" reason="satisfy allocation request" timestamp="2019-08-08T00:00:32.924" />
<gc-end id="3373" type="global" contextid="3365" durationms="35.150" usertimems="85.831" systemtimems="0.000" timestamp="2019-08-08T00:00:32.925" activeThreads="16">
  <mem-info id="3374" free="59265192" total="77201408" percent="76">
    <mem type="tenure" free="59265192" total="77201408" percent="76">
      <mem type="soa" free="58494120" total="76430336" percent="76" />
      <mem type="loa" free="771072" total="771072" percent="100" />
    </mem>
  </mem-info>
</gc-end>
<cycle-end id="3375" type="global" contextid="3365" timestamp="2019-08-08T00:00:32.925" />
  <attribute name="elasticGC enabled" value="1" />
  <attribute name= "numThreadsSpecified" value="16" />
  <attribute name="heapSize specified" value="76873728" />
  <attribute name="Current GC Util" value="36" />
  <attribute name= "Current Time Running" value="151847" />
  <attribute name ="GC Interval" value="0" />
  <attribute name="Target GC Util Change" value ="80.000000" />
  <attribute name="Current GC Util Change" value="36.000000"/>
  <attribute name="Current Error" value="44.000000" />
  <attribute name="Output H" value="77176648"/>
  <attribute name="Output I" value="2240"/>
  <attribute name="Output T" value="16"/>
  <attribute name= "Current Time Running" value="151847" />
  <attribute name="GC Util currently" value="36" />
  <attribute name="CPU Util currently" value="48477050908" />
<allocation-satisfied id="3376" threadId="0000000001DD0F00" bytesRequested="32" />
<af-end id="3377" timestamp="2019-08-08T00:00:32.925" threadId="0000000001DD1888" success="true" />
<exclusive-end id="3378" timestamp="2019-08-08T00:00:32.925" durationms="35.565" />

<exclusive-start id="3379" timestamp="2019-08-08T00:00:33.063" intervalms="173.516">
  <response-info timems="0.023" idlems="0.023" threads="0" lastid="0000000001DD0F00" lastname="main" />
</exclusive-start>
<af-start id="3380" threadId="0000000001DD1888" totalBytesRequested="24" timestamp="2019-08-08T00:00:33.063" intervalms="173.532" />
<cycle-start id="3381" type="global" contextid="0" timestamp="2019-08-08T00:00:33.063" intervalms="173.547" />
<gc-start id="3382" type="global" contextid="3381" timestamp="2019-08-08T00:00:33.063">
  <mem-info id="3383" free="771072" total="77201408" percent="0">
    <mem type="tenure" free="771072" total="77201408" percent="0">
      <mem type="soa" free="0" total="76430336" percent="0" />
      <mem type="loa" free="771072" total="771072" percent="100" />
    </mem>
  </mem-info>
</gc-start>
<allocation-stats totalBytes="58556400" >
  <allocated-bytes non-tlh="0" tlh="58556400" />
  <largest-consumer threadName="main" threadId="0000000001DD0F00" bytes="58556400" />
</allocation-stats>
<gc-op id="3384" type="mark" timems="13.138" contextid="3381" timestamp="2019-08-08T00:00:33.076">
  <trace-info objectcount="596283" scancount="517271" scanbytes="13274904" />
  <finalization candidates="80" enqueued="0" />
  <ownableSynchronizers candidates="21" cleared="0" />
  <references type="soft" candidates="1843" cleared="0" enqueued="0" dynamicThreshold="24" maxThreshold="32" />
  <references type="weak" candidates="5726" cleared="0" enqueued="0" />
  <references type="phantom" candidates="97" cleared="0" enqueued="0" />
  <stringconstants candidates="13275" cleared="0"  />
</gc-op>
<gc-op id="3385" type="sweep" timems="3.994" contextid="3381" timestamp="2019-08-08T00:00:33.080" />
<mem-info id="3386" free="59329000" total="77201408" percent="76">
  <mem type="tenure" free="59329000" total="77201408" percent="76" micro-fragmented="0" macro-fragmented="0">
    <mem type="soa" free="58557928" total="76430336" percent="76" />
    <mem type="loa" free="771072" total="771072" percent="100" />
  </mem>
</mem-info>
<gc-op id="3387" type="compact" timems="25.331" contextid="3381" timestamp="2019-08-08T00:00:33.106">
  <compact-info movecount="1567" movebytes="50832" reason="compact to aid heap contraction" />
</gc-op>
<heap-resize id="3388" type="expand" space="tenure" amount="327680" count="1" timems="0.016" reason="satisfy allocation request" timestamp="2019-08-08T00:00:33.106" />
<gc-end id="3389" type="global" contextid="3381" durationms="43.384" usertimems="77.949" systemtimems="0.000" timestamp="2019-08-08T00:00:33.106" activeThreads="16">
  <mem-info id="3390" free="59592704" total="77529088" percent="76">
    <mem type="tenure" free="59592704" total="77529088" percent="76">
      <mem type="soa" free="58817536" total="76753920" percent="76" />
      <mem type="loa" free="775168" total="775168" percent="100" />
    </mem>
  </mem-info>
</gc-end>
<cycle-end id="3391" type="global" contextid="3381" timestamp="2019-08-08T00:00:33.106" />
  <attribute name="elasticGC enabled" value="1" />
  <attribute name= "numThreadsSpecified" value="16" />
  <attribute name="heapSize specified" value="77201408" />
  <attribute name="Current GC Util" value="36" />
  <attribute name= "Current Time Running" value="152029" />
  <attribute name ="GC Interval" value="0" />
  <attribute name="Target GC Util Change" value ="80.000000" />
  <attribute name="Current GC Util Change" value="36.000000"/>
  <attribute name="Current Error" value="-32.000000" />
  <attribute name="Output H" value="77503976"/>
  <attribute name="Output I" value="1848"/>
  <attribute name="Output T" value="16"/>
  <attribute name= "Current Time Running" value="152029" />
  <attribute name="GC Util currently" value="36" />
  <attribute name="CPU Util currently" value="45436767895" />
<allocation-satisfied id="3392" threadId="0000000001DD0F00" bytesRequested="24" />
<af-end id="3393" timestamp="2019-08-08T00:00:33.106" threadId="0000000001DD1888" success="true" />
<exclusive-end id="3394" timestamp="2019-08-08T00:00:33.106" durationms="43.762" />

<exclusive-start id="3395" timestamp="2019-08-08T00:00:33.145" intervalms="82.493">
  <response-info timems="0.025" idlems="0.025" threads="0" lastid="0000000001DD0F00" lastname="main" />
</exclusive-start>
<af-start id="3396" threadId="0000000001DD1888" totalBytesRequested="32" timestamp="2019-08-08T00:00:33.145" intervalms="82.541" />
<cycle-start id="3397" type="global" contextid="0" timestamp="2019-08-08T00:00:33.145" intervalms="82.546" />
<gc-start id="3398" type="global" contextid="3397" timestamp="2019-08-08T00:00:33.145">
  <mem-info id="3399" free="775168" total="77529088" percent="0">
    <mem type="tenure" free="775168" total="77529088" percent="0">
      <mem type="soa" free="0" total="76753920" percent="0" />
      <mem type="loa" free="775168" total="775168" percent="100" />
    </mem>
  </mem-info>
</gc-start>
<allocation-stats totalBytes="58878744" >
  <allocated-bytes non-tlh="0" tlh="58878744" />
  <largest-consumer threadName="main" threadId="0000000001DD0F00" bytes="58878744" />
</allocation-stats>
<gc-op id="3400" type="mark" timems="10.554" contextid="3397" timestamp="2019-08-08T00:00:33.156">
  <trace-info objectcount="596289" scancount="517281" scanbytes="13275100" />
  <finalization candidates="80" enqueued="0" />
  <ownableSynchronizers candidates="21" cleared="0" />
  <references type="soft" candidates="1843" cleared="0" enqueued="0" dynamicThreshold="24" maxThreshold="32" />
  <references type="weak" candidates="5726" cleared="0" enqueued="0" />
  <references type="phantom" candidates="97" cleared="0" enqueued="0" />
  <stringconstants candidates="13275" cleared="0"  />
</gc-op>
<gc-op id="3401" type="sweep" timems="2.276" contextid="3397" timestamp="2019-08-08T00:00:33.158" />
<mem-info id="3402" free="59656688" total="77529088" percent="76">
  <mem type="tenure" free="59656688" total="77529088" percent="76" micro-fragmented="0" macro-fragmented="0">
    <mem type="soa" free="58881520" total="76753920" percent="76" />
    <mem type="loa" free="775168" total="775168" percent="100" />
  </mem>
</mem-info>
<gc-op id="3403" type="compact" timems="34.469" contextid="3397" timestamp="2019-08-08T00:00:33.193">
  <compact-info movecount="1559" movebytes="50648" reason="compact to aid heap contraction" />
</gc-op>
<heap-resize id="3404" type="expand" space="tenure" amount="327680" count="1" timems="0.018" reason="satisfy allocation request" timestamp="2019-08-08T00:00:33.193" />
<gc-end id="3405" type="global" contextid="3397" durationms="48.019" usertimems="97.377" systemtimems="0.000" timestamp="2019-08-08T00:00:33.193" activeThreads="16">
  <mem-info id="3406" free="59920216" total="77856768" percent="76">
    <mem type="tenure" free="59920216" total="77856768" percent="76">
      <mem type="soa" free="59141976" total="77078528" percent="76" />
      <mem type="loa" free="778240" total="778240" percent="100" />
    </mem>
  </mem-info>
</gc-end>
<cycle-end id="3407" type="global" contextid="3397" timestamp="2019-08-08T00:00:33.194" />
  <attribute name="elasticGC enabled" value="1" />
  <attribute name= "numThreadsSpecified" value="16" />
  <attribute name="heapSize specified" value="77529088" />
  <attribute name="Current GC Util" value="43" />
  <attribute name= "Current Time Running" value="152116" />
  <attribute name ="GC Interval" value="0" />
  <attribute name="Target GC Util Change" value ="80.000000" />
  <attribute name="Current GC Util Change" value="43.000000"/>
  <attribute name="Current Error" value="-371.000000" />
  <attribute name="Output H" value="77830088"/>
  <attribute name="Output I" value="200"/>
  <attribute name="Output T" value="16"/>
  <attribute name= "Current Time Running" value="152116" />
  <attribute name="GC Util currently" value="43" />
  <attribute name="CPU Util currently" value="33376240882" />
<allocation-satisfied id="3408" threadId="0000000001DD0F00" bytesRequested="32" />
<af-end id="3409" timestamp="2019-08-08T00:00:33.194" threadId="0000000001DD1888" success="true" />
<exclusive-end id="3410" timestamp="2019-08-08T00:00:33.194" durationms="48.497" />

<exclusive-start id="3411" timestamp="2019-08-08T00:00:33.241" intervalms="95.801">
  <response-info timems="0.020" idlems="0.020" threads="0" lastid="0000000001DD0F00" lastname="main" />
</exclusive-start>
<af-start id="3412" threadId="0000000001DD1888" totalBytesRequested="32" timestamp="2019-08-08T00:00:33.241" intervalms="95.734" />
<cycle-start id="3413" type="global" contextid="0" timestamp="2019-08-08T00:00:33.241" intervalms="95.728" />
<gc-start id="3414" type="global" contextid="3413" timestamp="2019-08-08T00:00:33.241">
  <mem-info id="3415" free="778240" total="77856768" percent="0">
    <mem type="tenure" free="778240" total="77856768" percent="0">
      <mem type="soa" free="0" total="77078528" percent="0" />
      <mem type="loa" free="778240" total="778240" percent="100" />
    </mem>
  </mem-info>
</gc-start>
<allocation-stats totalBytes="59203504" >
  <allocated-bytes non-tlh="0" tlh="59203504" />
  <largest-consumer threadName="main" threadId="0000000001DD0F00" bytes="59203504" />
</allocation-stats>
<gc-op id="3416" type="mark" timems="9.446" contextid="3413" timestamp="2019-08-08T00:00:33.251">
  <trace-info objectcount="596291" scancount="517286" scanbytes="13275172" />
  <finalization candidates="80" enqueued="0" />
  <ownableSynchronizers candidates="21" cleared="0" />
  <references type="soft" candidates="1843" cleared="0" enqueued="0" dynamicThreshold="24" maxThreshold="32" />
  <references type="weak" candidates="5726" cleared="0" enqueued="0" />
  <references type="phantom" candidates="97" cleared="0" enqueued="0" />
  <stringconstants candidates="13275" cleared="0"  />
</gc-op>
<gc-op id="3417" type="sweep" timems="13.772" contextid="3413" timestamp="2019-08-08T00:00:33.265" />
<mem-info id="3418" free="59983728" total="77856768" percent="77">
  <mem type="tenure" free="59983728" total="77856768" percent="77" micro-fragmented="0" macro-fragmented="0">
    <mem type="soa" free="59205488" total="77078528" percent="76" />
    <mem type="loa" free="778240" total="778240" percent="100" />
  </mem>
</mem-info>
<gc-op id="3419" type="compact" timems="23.411" contextid="3413" timestamp="2019-08-08T00:00:33.288">
  <compact-info movecount="1559" movebytes="50664" reason="compact to aid heap contraction" />
</gc-op>
<heap-resize id="3420" type="expand" space="tenure" amount="327680" count="1" timems="0.021" reason="satisfy allocation request" timestamp="2019-08-08T00:00:33.289" />
<gc-end id="3421" type="global" contextid="3413" durationms="47.696" usertimems="79.155" systemtimems="0.000" timestamp="2019-08-08T00:00:33.289" activeThreads="16">
  <mem-info id="3422" free="60247832" total="78184448" percent="77">
    <mem type="tenure" free="60247832" total="78184448" percent="77">
      <mem type="soa" free="59466520" total="77403136" percent="76" />
      <mem type="loa" free="781312" total="781312" percent="100" />
    </mem>
  </mem-info>
</gc-end>
<cycle-end id="3423" type="global" contextid="3413" timestamp="2019-08-08T00:00:33.289" />
  <attribute name="elasticGC enabled" value="1" />
  <attribute name= "numThreadsSpecified" value="16" />
  <attribute name="heapSize specified" value="77856768" />
  <attribute name="Current GC Util" value="100" />
  <attribute name= "Current Time Running" value="152211" />
  <attribute name ="GC Interval" value="0" />
  <attribute name="Target GC Util Change" value ="80.000000" />
  <attribute name="Current GC Util Change" value="100.000000"/>
  <attribute name="Current Error" value="-20.000000" />
  <attribute name="Output H" value="78159392"/>
  <attribute name="Output I" value="1912"/>
  <attribute name="Output T" value="16"/>
  <attribute name= "Current Time Running" value="152211" />
  <attribute name="GC Util currently" value="100" />
  <attribute name="CPU Util currently" value="49147797165" />
<allocation-satisfied id="3424" threadId="0000000001DD0F00" bytesRequested="32" />
<af-end id="3425" timestamp="2019-08-08T00:00:33.289" threadId="0000000001DD1888" success="true" />
<exclusive-end id="3426" timestamp="2019-08-08T00:00:33.289" durationms="48.108" />

<exclusive-start id="3427" timestamp="2019-08-08T00:00:33.390" intervalms="148.973">
  <response-info timems="0.022" idlems="0.022" threads="0" lastid="0000000001DD0F00" lastname="main" />
</exclusive-start>
<af-start id="3428" threadId="0000000001DD1888" totalBytesRequested="32" timestamp="2019-08-08T00:00:33.390" intervalms="148.939" />
<cycle-start id="3429" type="global" contextid="0" timestamp="2019-08-08T00:00:33.390" intervalms="148.901" />
<gc-start id="3430" type="global" contextid="3429" timestamp="2019-08-08T00:00:33.390">
  <mem-info id="3431" free="781312" total="78184448" percent="0">
    <mem type="tenure" free="781312" total="78184448" percent="0">
      <mem type="soa" free="0" total="77403136" percent="0" />
      <mem type="loa" free="781312" total="781312" percent="100" />
    </mem>
  </mem-info>
</gc-start>
<allocation-stats totalBytes="59513856" >
  <allocated-bytes non-tlh="0" tlh="59513856" />
  <largest-consumer threadName="main" threadId="0000000001DD0F00" bytes="59513856" />
</allocation-stats>
<gc-op id="3432" type="mark" timems="8.719" contextid="3429" timestamp="2019-08-08T00:00:33.399">
  <trace-info objectcount="596302" scancount="517286" scanbytes="13275264" />
  <finalization candidates="80" enqueued="0" />
  <ownableSynchronizers candidates="21" cleared="0" />
  <references type="soft" candidates="1843" cleared="0" enqueued="0" dynamicThreshold="24" maxThreshold="32" />
  <references type="weak" candidates="5726" cleared="0" enqueued="0" />
  <references type="phantom" candidates="97" cleared="0" enqueued="0" />
  <stringconstants candidates="13275" cleared="0"  />
</gc-op>
<gc-op id="3433" type="sweep" timems="1.524" contextid="3429" timestamp="2019-08-08T00:00:33.400" />
<mem-info id="3434" free="60310928" total="78184448" percent="77">
  <mem type="tenure" free="60310928" total="78184448" percent="77" micro-fragmented="0" macro-fragmented="0">
    <mem type="soa" free="59529616" total="77403136" percent="76" />
    <mem type="loa" free="781312" total="781312" percent="100" />
  </mem>
</mem-info>
<gc-op id="3435" type="compact" timems="30.689" contextid="3429" timestamp="2019-08-08T00:00:33.431">
  <compact-info movecount="1568" movebytes="51688" reason="compact to aid heap contraction" />
</gc-op>
<heap-resize id="3436" type="expand" space="tenure" amount="327680" count="1" timems="0.016" reason="satisfy allocation request" timestamp="2019-08-08T00:00:33.432" />
<gc-end id="3437" type="global" contextid="3429" durationms="41.515" usertimems="81.843" systemtimems="0.000" timestamp="2019-08-08T00:00:33.432" activeThreads="16">
  <mem-info id="3438" free="60574440" total="78512128" percent="77">
    <mem type="tenure" free="60574440" total="78512128" percent="77">
      <mem type="soa" free="59790056" total="77727744" percent="76" />
      <mem type="loa" free="784384" total="784384" percent="100" />
    </mem>
  </mem-info>
</gc-end>
<cycle-end id="3439" type="global" contextid="3429" timestamp="2019-08-08T00:00:33.432" />
  <attribute name="elasticGC enabled" value="1" />
  <attribute name= "numThreadsSpecified" value="16" />
  <attribute name="heapSize specified" value="78184448" />
  <attribute name="Current GC Util" value="34" />
  <attribute name= "Current Time Running" value="152354" />
  <attribute name ="GC Interval" value="0" />
  <attribute name="Target GC Util Change" value ="80.000000" />
  <attribute name="Current GC Util Change" value="34.000000"/>
  <attribute name="Current Error" value="-302.000000" />
  <attribute name="Output H" value="78485768"/>
  <attribute name="Output I" value="440"/>
  <attribute name="Output T" value="16"/>
  <attribute name= "Current Time Running" value="152354" />
  <attribute name="GC Util currently" value="34" />
  <attribute name="CPU Util currently" value="37527549050" />
<allocation-satisfied id="3440" threadId="0000000001DD0F00" bytesRequested="32" />
<af-end id="3441" timestamp="2019-08-08T00:00:33.432" threadId="0000000001DD1888" success="true" />
<exclusive-end id="3442" timestamp="2019-08-08T00:00:33.432" durationms="41.784" />

<exclusive-start id="3443" timestamp="2019-08-08T00:00:33.492" intervalms="102.250">
  <response-info timems="0.021" idlems="0.021" threads="0" lastid="0000000001DD0F00" lastname="main" />
</exclusive-start>
<af-start id="3444" threadId="0000000001DD1888" totalBytesRequested="32" timestamp="2019-08-08T00:00:33.492" intervalms="102.256" />
<cycle-start id="3445" type="global" contextid="0" timestamp="2019-08-08T00:00:33.492" intervalms="102.257" />
<gc-start id="3446" type="global" contextid="3445" timestamp="2019-08-08T00:00:33.492">
  <mem-info id="3447" free="784384" total="78512128" percent="0">
    <mem type="tenure" free="784384" total="78512128" percent="0">
      <mem type="soa" free="0" total="77727744" percent="0" />
      <mem type="loa" free="784384" total="784384" percent="100" />
    </mem>
  </mem-info>
</gc-start>
<allocation-stats totalBytes="59828432" >
  <allocated-bytes non-tlh="0" tlh="59828432" />
  <largest-consumer threadName="main" threadId="0000000001DD0F00" bytes="59828432" />
</allocation-stats>
<gc-op id="3448" type="mark" timems="16.662" contextid="3445" timestamp="2019-08-08T00:00:33.509">
  <trace-info objectcount="596291" scancount="517323" scanbytes="13275124" />
  <finalization candidates="80" enqueued="0" />
  <ownableSynchronizers candidates="21" cleared="0" />
  <references type="soft" candidates="1843" cleared="0" enqueued="0" dynamicThreshold="24" maxThreshold="32" />
  <references type="weak" candidates="5726" cleared="0" enqueued="0" />
  <references type="phantom" candidates="97" cleared="0" enqueued="0" />
  <stringconstants candidates="13275" cleared="0"  />
</gc-op>
<gc-op id="3449" type="sweep" timems="6.629" contextid="3445" timestamp="2019-08-08T00:00:33.516" />
<mem-info id="3450" free="60640144" total="78512128" percent="77">
  <mem type="tenure" free="60640144" total="78512128" percent="77" micro-fragmented="0" macro-fragmented="0">
    <mem type="soa" free="59855760" total="77727744" percent="77" />
    <mem type="loa" free="784384" total="784384" percent="100" />
  </mem>
</mem-info>
<gc-op id="3451" type="compact" timems="31.032" contextid="3445" timestamp="2019-08-08T00:00:33.547">
  <compact-info movecount="1535" movebytes="49952" reason="compact to aid heap contraction" />
</gc-op>
<heap-resize id="3452" type="expand" space="tenure" amount="327680" count="1" timems="0.022" reason="satisfy allocation request" timestamp="2019-08-08T00:00:33.548" />
<gc-end id="3453" type="global" contextid="3445" durationms="55.793" usertimems="126.556" systemtimems="0.000" timestamp="2019-08-08T00:00:33.548" activeThreads="16">
  <mem-info id="3454" free="60903224" total="78839808" percent="77">
    <mem type="tenure" free="60903224" total="78839808" percent="77">
      <mem type="soa" free="60115768" total="78052352" percent="77" />
      <mem type="loa" free="787456" total="787456" percent="100" />
    </mem>
  </mem-info>
</gc-end>
<cycle-end id="3455" type="global" contextid="3445" timestamp="2019-08-08T00:00:33.548" />
  <attribute name="elasticGC enabled" value="1" />
  <attribute name= "numThreadsSpecified" value="16" />
  <attribute name="heapSize specified" value="78512128" />
  <attribute name="Current GC Util" value="47" />
  <attribute name= "Current Time Running" value="152470" />
  <attribute name ="GC Interval" value="0" />
  <attribute name="Target GC Util Change" value ="80.000000" />
  <attribute name="Current GC Util Change" value="47.000000"/>
  <attribute name="Current Error" value="-312.000000" />
  <attribute name="Output H" value="78813400"/>
  <attribute name="Output I" value="392"/>
  <attribute name="Output T" value="16"/>
  <attribute name= "Current Time Running" value="152470" />
  <attribute name="GC Util currently" value="47" />
  <attribute name="CPU Util currently" value="37164357605" />
<allocation-satisfied id="3456" threadId="0000000001DD0F00" bytesRequested="32" />
<af-end id="3457" timestamp="2019-08-08T00:00:33.548" threadId="0000000001DD1888" success="true" />
<exclusive-end id="3458" timestamp="2019-08-08T00:00:33.548" durationms="56.000" />

<exclusive-start id="3459" timestamp="2019-08-08T00:00:33.603" intervalms="111.183">
  <response-info timems="0.021" idlems="0.021" threads="0" lastid="0000000001DD0F00" lastname="main" />
</exclusive-start>
<af-start id="3460" threadId="0000000001DD1888" totalBytesRequested="584" timestamp="2019-08-08T00:00:33.603" intervalms="111.172" />
<cycle-start id="3461" type="global" contextid="0" timestamp="2019-08-08T00:00:33.603" intervalms="111.173" />
<gc-start id="3462" type="global" contextid="3461" timestamp="2019-08-08T00:00:33.603">
  <mem-info id="3463" free="787456" total="78839808" percent="0">
    <mem type="tenure" free="787456" total="78839808" percent="0">
      <mem type="soa" free="0" total="78052352" percent="0" />
      <mem type="loa" free="787456" total="787456" percent="100" />
    </mem>
  </mem-info>
</gc-start>
<allocation-stats totalBytes="60122952" >
  <allocated-bytes non-tlh="0" tlh="60122952" />
  <largest-consumer threadName="main" threadId="0000000001DD0F00" bytes="60122952" />
</allocation-stats>
<gc-op id="3464" type="mark" timems="8.975" contextid="3461" timestamp="2019-08-08T00:00:33.612">
  <trace-info objectcount="596291" scancount="517285" scanbytes="13275116" />
  <finalization candidates="80" enqueued="0" />
  <ownableSynchronizers candidates="21" cleared="0" />
  <references type="soft" candidates="1843" cleared="0" enqueued="0" dynamicThreshold="24" maxThreshold="32" />
  <references type="weak" candidates="5726" cleared="0" enqueued="0" />
  <references type="phantom" candidates="97" cleared="0" enqueued="0" />
  <stringconstants candidates="13275" cleared="0"  />
</gc-op>
<gc-op id="3465" type="sweep" timems="5.073" contextid="3461" timestamp="2019-08-08T00:00:33.618" />
<mem-info id="3466" free="60966904" total="78839808" percent="77">
  <mem type="tenure" free="60966904" total="78839808" percent="77" micro-fragmented="0" macro-fragmented="0">
    <mem type="soa" free="60179448" total="78052352" percent="77" />
    <mem type="loa" free="787456" total="787456" percent="100" />
  </mem>
</mem-info>
<gc-op id="3467" type="compact" timems="35.154" contextid="3461" timestamp="2019-08-08T00:00:33.653">
  <compact-info movecount="1521" movebytes="50064" reason="compact to aid heap contraction" />
</gc-op>
<heap-resize id="3468" type="expand" space="tenure" amount="327680" count="1" timems="0.020" reason="satisfy allocation request" timestamp="2019-08-08T00:00:33.653" />
<gc-end id="3469" type="global" contextid="3461" durationms="49.881" usertimems="102.078" systemtimems="0.000" timestamp="2019-08-08T00:00:33.653" activeThreads="16">
  <mem-info id="3470" free="61230360" total="79167488" percent="77">
    <mem type="tenure" free="61230360" total="79167488" percent="77">
      <mem type="soa" free="60438808" total="78375936" percent="77" />
      <mem type="loa" free="791552" total="791552" percent="100" />
    </mem>
  </mem-info>
</gc-end>
<cycle-end id="3471" type="global" contextid="3461" timestamp="2019-08-08T00:00:33.653" />
  <attribute name="elasticGC enabled" value="1" />
  <attribute name= "numThreadsSpecified" value="16" />
  <attribute name="heapSize specified" value="78839808" />
  <attribute name="Current GC Util" value="37" />
  <attribute name= "Current Time Running" value="152576" />
  <attribute name ="GC Interval" value="0" />
  <attribute name="Target GC Util Change" value ="80.000000" />
  <attribute name="Current GC Util Change" value="37.000000"/>
  <attribute name="Current Error" value="43.000000" />
  <attribute name="Output H" value="79142720"/>
  <attribute name="Output I" value="2232"/>
  <attribute name="Output T" value="16"/>
  <attribute name= "Current Time Running" value="152576" />
  <attribute name="GC Util currently" value="37" />
  <attribute name="CPU Util currently" value="32757317206" />
<allocation-satisfied id="3472" threadId="0000000001DD0F00" bytesRequested="584" />
<af-end id="3473" timestamp="2019-08-08T00:00:33.653" threadId="0000000001DD1888" success="true" />
<exclusive-end id="3474" timestamp="2019-08-08T00:00:33.653" durationms="50.082" />

<exclusive-start id="3475" timestamp="2019-08-08T00:00:33.661" intervalms="57.957">
  <response-info timems="0.025" idlems="0.025" threads="0" lastid="0000000001DD0F00" lastname="main" />
</exclusive-start>
<af-start id="3476" threadId="0000000001DD1888" totalBytesRequested="488" timestamp="2019-08-08T00:00:33.661" intervalms="57.963" />
<cycle-start id="3477" type="global" contextid="0" timestamp="2019-08-08T00:00:33.661" intervalms="57.965" />
<gc-start id="3478" type="global" contextid="3477" timestamp="2019-08-08T00:00:33.661">
  <mem-info id="3479" free="791552" total="79167488" percent="0">
    <mem type="tenure" free="791552" total="79167488" percent="0">
      <mem type="soa" free="0" total="78375936" percent="0" />
      <mem type="loa" free="791552" total="791552" percent="100" />
    </mem>
  </mem-info>
</gc-start>
<allocation-stats totalBytes="60397728" >
  <allocated-bytes non-tlh="0" tlh="60397728" />
  <largest-consumer threadName="main" threadId="0000000001DD0F00" bytes="60397728" />
</allocation-stats>
<gc-op id="3480" type="mark" timems="14.267" contextid="3477" timestamp="2019-08-08T00:00:33.676">
  <trace-info objectcount="596291" scancount="517284" scanbytes="13275116" />
  <finalization candidates="80" enqueued="0" />
  <ownableSynchronizers candidates="21" cleared="0" />
  <references type="soft" candidates="1843" cleared="0" enqueued="0" dynamicThreshold="24" maxThreshold="32" />
  <references type="weak" candidates="5726" cleared="0" enqueued="0" />
  <references type="phantom" candidates="97" cleared="0" enqueued="0" />
  <stringconstants candidates="13275" cleared="0"  />
</gc-op>
<gc-op id="3481" type="sweep" timems="3.791" contextid="3477" timestamp="2019-08-08T00:00:33.680" />
<mem-info id="3482" free="61295600" total="79167488" percent="77">
  <mem type="tenure" free="61295600" total="79167488" percent="77" micro-fragmented="0" macro-fragmented="0">
    <mem type="soa" free="60504048" total="78375936" percent="77" />
    <mem type="loa" free="791552" total="791552" percent="100" />
  </mem>
</mem-info>
<gc-op id="3483" type="compact" timems="32.215" contextid="3477" timestamp="2019-08-08T00:00:33.712">
  <compact-info movecount="15" movebytes="368" reason="compact to aid heap contraction" />
</gc-op>
<heap-resize id="3484" type="expand" space="tenure" amount="327680" count="1" timems="0.018" reason="satisfy allocation request" timestamp="2019-08-08T00:00:33.713" />
<gc-end id="3485" type="global" contextid="3477" durationms="51.470" usertimems="137.424" systemtimems="0.000" timestamp="2019-08-08T00:00:33.713" activeThreads="16">
  <mem-info id="3486" free="61558040" total="79495168" percent="77">
    <mem type="tenure" free="61558040" total="79495168" percent="77">
      <mem type="soa" free="60763416" total="78700544" percent="77" />
      <mem type="loa" free="794624" total="794624" percent="100" />
    </mem>
  </mem-info>
</gc-end>
<cycle-end id="3487" type="global" contextid="3477" timestamp="2019-08-08T00:00:33.713" />
  <attribute name="elasticGC enabled" value="1" />
  <attribute name= "numThreadsSpecified" value="16" />
  <attribute name="heapSize specified" value="79167488" />
  <attribute name="Current GC Util" value="41" />
  <attribute name= "Current Time Running" value="152635" />
  <attribute name ="GC Interval" value="0" />
  <attribute name="Target GC Util Change" value ="80.000000" />
  <attribute name="Current GC Util Change" value="41.000000"/>
  <attribute name="Current Error" value="-850.000000" />
  <attribute name="Output H" value="79466280"/>
  <attribute name="Output I" value="200"/>
  <attribute name="Output T" value="16"/>
  <attribute name= "Current Time Running" value="152635" />
  <attribute name="GC Util currently" value="41" />
  <attribute name="CPU Util currently" value="35710425128" />
<allocation-satisfied id="3488" threadId="0000000001DD0F00" bytesRequested="488" />
<af-end id="3489" timestamp="2019-08-08T00:00:33.713" threadId="0000000001DD1888" success="true" />
<exclusive-end id="3490" timestamp="2019-08-08T00:00:33.713" durationms="51.680" />

<exclusive-start id="3491" timestamp="2019-08-08T00:00:33.722" intervalms="61.134">
  <response-info timems="0.023" idlems="0.023" threads="0" lastid="0000000001DD0F00" lastname="main" />
</exclusive-start>
<af-start id="3492" threadId="0000000001DD1888" totalBytesRequested="24" timestamp="2019-08-08T00:00:33.722" intervalms="61.130" />
<cycle-start id="3493" type="global" contextid="0" timestamp="2019-08-08T00:00:33.723" intervalms="61.125" />
<gc-start id="3494" type="global" contextid="3493" timestamp="2019-08-08T00:00:33.723">
  <mem-info id="3495" free="794624" total="79495168" percent="0">
    <mem type="tenure" free="794624" total="79495168" percent="0">
      <mem type="soa" free="0" total="78700544" percent="0" />
      <mem type="loa" free="794624" total="794624" percent="100" />
    </mem>
  </mem-info>
</gc-start>
<allocation-stats totalBytes="60720640" >
  <allocated-bytes non-tlh="0" tlh="60720640" />
  <largest-consumer threadName="main" threadId="0000000001DD0F00" bytes="60720640" />
</allocation-stats>
<gc-op id="3496" type="mark" timems="9.942" contextid="3493" timestamp="2019-08-08T00:00:33.733">
  <trace-info objectcount="596290" scancount="517280" scanbytes="13275100" />
  <finalization candidates="80" enqueued="0" />
  <ownableSynchronizers candidates="21" cleared="0" />
  <references type="soft" candidates="1843" cleared="0" enqueued="0" dynamicThreshold="24" maxThreshold="32" />
  <references type="weak" candidates="5726" cleared="0" enqueued="0" />
  <references type="phantom" candidates="97" cleared="0" enqueued="0" />
  <stringconstants candidates="13275" cleared="0"  />
</gc-op>
<gc-op id="3497" type="sweep" timems="2.068" contextid="3493" timestamp="2019-08-08T00:00:33.735" />
<mem-info id="3498" free="61622912" total="79495168" percent="77">
  <mem type="tenure" free="61622912" total="79495168" percent="77" micro-fragmented="0" macro-fragmented="0">
    <mem type="soa" free="60828288" total="78700544" percent="77" />
    <mem type="loa" free="794624" total="794624" percent="100" />
  </mem>
</mem-info>
<gc-op id="3499" type="compact" timems="45.598" contextid="3493" timestamp="2019-08-08T00:00:33.780">
  <compact-info movecount="14" movebytes="352" reason="compact to aid heap contraction" />
</gc-op>
<heap-resize id="3500" type="expand" space="tenure" amount="327680" count="1" timems="0.020" reason="satisfy allocation request" timestamp="2019-08-08T00:00:33.781" />
<gc-end id="3501" type="global" contextid="3493" durationms="58.585" usertimems="137.842" systemtimems="0.000" timestamp="2019-08-08T00:00:33.781" activeThreads="16">
  <mem-info id="3502" free="61885736" total="79822848" percent="77">
    <mem type="tenure" free="61885736" total="79822848" percent="77">
      <mem type="soa" free="61088040" total="79025152" percent="77" />
      <mem type="loa" free="797696" total="797696" percent="100" />
    </mem>
  </mem-info>
</gc-end>
<cycle-end id="3503" type="global" contextid="3493" timestamp="2019-08-08T00:00:33.781" />
  <attribute name="elasticGC enabled" value="1" />
  <attribute name= "numThreadsSpecified" value="16" />
  <attribute name="heapSize specified" value="79495168" />
  <attribute name="Current GC Util" value="91" />
  <attribute name= "Current Time Running" value="152703" />
  <attribute name ="GC Interval" value="0" />
  <attribute name="Target GC Util Change" value ="80.000000" />
  <attribute name="Current GC Util Change" value="91.000000"/>
  <attribute name="Current Error" value="-498.000000" />
  <attribute name="Output H" value="79795584"/>
  <attribute name="Output I" value="200"/>
  <attribute name="Output T" value="16"/>
  <attribute name= "Current Time Running" value="152703" />
  <attribute name="GC Util currently" value="91" />
  <attribute name="CPU Util currently" value="25257081367" />
<allocation-satisfied id="3504" threadId="0000000001DD0F00" bytesRequested="24" />
<af-end id="3505" timestamp="2019-08-08T00:00:33.781" threadId="0000000001DD1888" success="true" />
<exclusive-end id="3506" timestamp="2019-08-08T00:00:33.781" durationms="58.791" />

<exclusive-start id="3507" timestamp="2019-08-08T00:00:33.841" intervalms="118.865">
  <response-info timems="0.024" idlems="0.024" threads="0" lastid="0000000001DD0F00" lastname="main" />
</exclusive-start>
<af-start id="3508" threadId="0000000001DD1888" totalBytesRequested="440" timestamp="2019-08-08T00:00:33.841" intervalms="118.870" />
<cycle-start id="3509" type="global" contextid="0" timestamp="2019-08-08T00:00:33.841" intervalms="118.880" />
<gc-start id="3510" type="global" contextid="3509" timestamp="2019-08-08T00:00:33.841">
  <mem-info id="3511" free="797696" total="79822848" percent="0">
    <mem type="tenure" free="797696" total="79822848" percent="0">
      <mem type="soa" free="0" total="79025152" percent="0" />
      <mem type="loa" free="797696" total="797696" percent="100" />
    </mem>
  </mem-info>
</gc-start>
<allocation-stats totalBytes="61059688" >
  <allocated-bytes non-tlh="0" tlh="61059688" />
  <largest-consumer threadName="main" threadId="0000000001DD0F00" bytes="61059688" />
</allocation-stats>
<gc-op id="3512" type="mark" timems="12.075" contextid="3509" timestamp="2019-08-08T00:00:33.854">
  <trace-info objectcount="596289" scancount="517282" scanbytes="13275196" />
  <finalization candidates="80" enqueued="0" />
  <ownableSynchronizers candidates="21" cleared="0" />
  <references type="soft" candidates="1843" cleared="0" enqueued="0" dynamicThreshold="24" maxThreshold="32" />
  <references type="weak" candidates="5726" cleared="0" enqueued="0" />
  <references type="phantom" candidates="97" cleared="0" enqueued="0" />
  <stringconstants candidates="13275" cleared="0"  />
</gc-op>
<gc-op id="3513" type="sweep" timems="1.736" contextid="3509" timestamp="2019-08-08T00:00:33.855" />
<mem-info id="3514" free="61948840" total="79822848" percent="77">
  <mem type="tenure" free="61948840" total="79822848" percent="77" micro-fragmented="0" macro-fragmented="0">
    <mem type="soa" free="61151144" total="79025152" percent="77" />
    <mem type="loa" free="797696" total="797696" percent="100" />
  </mem>
</mem-info>
<gc-op id="3515" type="compact" timems="30.777" contextid="3509" timestamp="2019-08-08T00:00:33.886">
  <compact-info movecount="1517" movebytes="49496" reason="compact to aid heap contraction" />
</gc-op>
<heap-resize id="3516" type="expand" space="tenure" amount="327680" count="1" timems="0.020" reason="satisfy allocation request" timestamp="2019-08-08T00:00:33.888" />
<gc-end id="3517" type="global" contextid="3509" durationms="46.859" usertimems="108.684" systemtimems="0.000" timestamp="2019-08-08T00:00:33.888" activeThreads="16">
  <mem-info id="3518" free="62213920" total="80150528" percent="77">
    <mem type="tenure" free="62213920" total="80150528" percent="77">
      <mem type="soa" free="61413152" total="79349760" percent="77" />
      <mem type="loa" free="800768" total="800768" percent="100" />
    </mem>
  </mem-info>
</gc-end>
<cycle-end id="3519" type="global" contextid="3509" timestamp="2019-08-08T00:00:33.889" />
  <attribute name="elasticGC enabled" value="1" />
  <attribute name= "numThreadsSpecified" value="16" />
  <attribute name="heapSize specified" value="79822848" />
  <attribute name="Current GC Util" value="61" />
  <attribute name= "Current Time Running" value="152809" />
  <attribute name ="GC Interval" value="0" />
  <attribute name="Target GC Util Change" value ="80.000000" />
  <attribute name="Current GC Util Change" value="61.000000"/>
  <attribute name="Current Error" value="19.000000" />
  <attribute name="Output H" value="80125648"/>
  <attribute name="Output I" value="2112"/>
  <attribute name="Output T" value="16"/>
  <attribute name= "Current Time Running" value="152809" />
  <attribute name="GC Util currently" value="61" />
  <attribute name="CPU Util currently" value="37408692736" />
<allocation-satisfied id="3520" threadId="0000000001DD0F00" bytesRequested="440" />
<af-end id="3521" timestamp="2019-08-08T00:00:33.889" threadId="0000000001DD1888" success="true" />
<exclusive-end id="3522" timestamp="2019-08-08T00:00:33.889" durationms="47.345" />

<exclusive-start id="3523" timestamp="2019-08-08T00:00:33.951" intervalms="109.518">
  <response-info timems="0.034" idlems="0.034" threads="0" lastid="0000000001DD0F00" lastname="main" />
</exclusive-start>
<af-start id="3524" threadId="0000000001DD1888" totalBytesRequested="32" timestamp="2019-08-08T00:00:33.951" intervalms="109.504" />
<cycle-start id="3525" type="global" contextid="0" timestamp="2019-08-08T00:00:33.951" intervalms="109.493" />
<gc-start id="3526" type="global" contextid="3525" timestamp="2019-08-08T00:00:33.951">
  <mem-info id="3527" free="800768" total="80150528" percent="0">
    <mem type="tenure" free="800768" total="80150528" percent="0">
      <mem type="soa" free="0" total="79349760" percent="0" />
      <mem type="loa" free="800768" total="800768" percent="100" />
    </mem>
  </mem-info>
</gc-start>
<allocation-stats totalBytes="61428848" >
  <allocated-bytes non-tlh="0" tlh="61428848" />
  <largest-consumer threadName="main" threadId="0000000001DD0F00" bytes="61428848" />
</allocation-stats>
<gc-op id="3528" type="mark" timems="16.320" contextid="3525" timestamp="2019-08-08T00:00:33.967">
  <trace-info objectcount="596295" scancount="517287" scanbytes="13275876" />
  <finalization candidates="80" enqueued="0" />
  <ownableSynchronizers candidates="21" cleared="0" />
  <references type="soft" candidates="1843" cleared="0" enqueued="0" dynamicThreshold="24" maxThreshold="32" />
  <references type="weak" candidates="5726" cleared="0" enqueued="0" />
  <references type="phantom" candidates="97" cleared="0" enqueued="0" />
  <stringconstants candidates="13275" cleared="0"  />
</gc-op>
<gc-op id="3529" type="sweep" timems="4.067" contextid="3525" timestamp="2019-08-08T00:00:33.971" />
<mem-info id="3530" free="62277384" total="80150528" percent="77">
  <mem type="tenure" free="62277384" total="80150528" percent="77" micro-fragmented="0" macro-fragmented="0">
    <mem type="soa" free="61476616" total="79349760" percent="77" />
    <mem type="loa" free="800768" total="800768" percent="100" />
  </mem>
</mem-info>
<gc-op id="3531" type="compact" timems="39.607" contextid="3525" timestamp="2019-08-08T00:00:34.011">
  <compact-info movecount="1516" movebytes="49472" reason="compact to aid heap contraction" />
</gc-op>
<heap-resize id="3532" type="expand" space="tenure" amount="327680" count="1" timems="0.015" reason="satisfy allocation request" timestamp="2019-08-08T00:00:34.013" />
<gc-end id="3533" type="global" contextid="3525" durationms="62.283" usertimems="122.687" systemtimems="0.000" timestamp="2019-08-08T00:00:34.013" activeThreads="16">
  <mem-info id="3534" free="62541360" total="80478208" percent="77">
    <mem type="tenure" free="62541360" total="80478208" percent="77">
      <mem type="soa" free="61737520" total="79674368" percent="77" />
      <mem type="loa" free="803840" total="803840" percent="100" />
    </mem>
  </mem-info>
</gc-end>
<cycle-end id="3535" type="global" contextid="3525" timestamp="2019-08-08T00:00:34.013" />
  <attribute name="elasticGC enabled" value="1" />
  <attribute name= "numThreadsSpecified" value="16" />
  <attribute name="heapSize specified" value="80150528" />
  <attribute name="Current GC Util" value="76" />
  <attribute name= "Current Time Running" value="152934" />
  <attribute name ="GC Interval" value="0" />
  <attribute name="Target GC Util Change" value ="80.000000" />
  <attribute name="Current GC Util Change" value="76.000000"/>
  <attribute name="Current Error" value="-215.000000" />
  <attribute name="Output H" value="80452248"/>
  <attribute name="Output I" value="896"/>
  <attribute name="Output T" value="16"/>
  <attribute name= "Current Time Running" value="152934" />
  <attribute name="GC Util currently" value="76" />
  <attribute name="CPU Util currently" value="29072388536" />
<allocation-satisfied id="3536" threadId="0000000001DD0F00" bytesRequested="32" />
<af-end id="3537" timestamp="2019-08-08T00:00:34.013" threadId="0000000001DD1888" success="true" />
<exclusive-end id="3538" timestamp="2019-08-08T00:00:34.013" durationms="62.461" />

<exclusive-start id="3539" timestamp="2019-08-08T00:00:34.045" intervalms="94.617">
  <response-info timems="0.015" idlems="0.015" threads="0" lastid="0000000001DD0F00" lastname="main" />
</exclusive-start>
<af-start id="3540" threadId="0000000001DD1888" totalBytesRequested="208" timestamp="2019-08-08T00:00:34.045" intervalms="94.631" />
<cycle-start id="3541" type="global" contextid="0" timestamp="2019-08-08T00:00:34.046" intervalms="94.640" />
<gc-start id="3542" type="global" contextid="3541" timestamp="2019-08-08T00:00:34.046">
  <mem-info id="3543" free="803840" total="80478208" percent="0">
    <mem type="tenure" free="803840" total="80478208" percent="0">
      <mem type="soa" free="0" total="79674368" percent="0" />
      <mem type="loa" free="803840" total="803840" percent="100" />
    </mem>
  </mem-info>
</gc-start>
<allocation-stats totalBytes="61749808" >
  <allocated-bytes non-tlh="0" tlh="61749808" />
  <largest-consumer threadName="main" threadId="0000000001DD0F00" bytes="61749808" />
</allocation-stats>
<gc-op id="3544" type="mark" timems="10.114" contextid="3541" timestamp="2019-08-08T00:00:34.056">
  <trace-info objectcount="596342" scancount="517324" scanbytes="13276464" />
  <finalization candidates="80" enqueued="0" />
  <ownableSynchronizers candidates="21" cleared="0" />
  <references type="soft" candidates="1849" cleared="0" enqueued="0" dynamicThreshold="24" maxThreshold="32" />
  <references type="weak" candidates="5726" cleared="0" enqueued="0" />
  <references type="phantom" candidates="97" cleared="0" enqueued="0" />
  <stringconstants candidates="13275" cleared="0"  />
</gc-op>
<gc-op id="3545" type="sweep" timems="1.687" contextid="3541" timestamp="2019-08-08T00:00:34.057" />
<mem-info id="3546" free="62581184" total="80478208" percent="77">
  <mem type="tenure" free="62581184" total="80478208" percent="77" micro-fragmented="0" macro-fragmented="0">
    <mem type="soa" free="61777344" total="79674368" percent="77" />
    <mem type="loa" free="803840" total="803840" percent="100" />
  </mem>
</mem-info>
<gc-op id="3547" type="compact" timems="26.040" contextid="3541" timestamp="2019-08-08T00:00:34.084">
  <compact-info movecount="1552" movebytes="71440" reason="compact to aid heap contraction" />
</gc-op>
<heap-resize id="3548" type="expand" space="tenure" amount="327680" count="1" timems="0.022" reason="satisfy allocation request" timestamp="2019-08-08T00:00:34.085" />
<gc-end id="3549" type="global" contextid="3541" durationms="39.427" usertimems="81.696" systemtimems="0.000" timestamp="2019-08-08T00:00:34.085" activeThreads="16">
  <mem-info id="3550" free="62846896" total="80805888" percent="77">
    <mem type="tenure" free="62846896" total="80805888" percent="77">
      <mem type="soa" free="62038960" total="79997952" percent="77" />
      <mem type="loa" free="807936" total="807936" percent="100" />
    </mem>
  </mem-info>
</gc-end>
<cycle-end id="3551" type="global" contextid="3541" timestamp="2019-08-08T00:00:34.085" />
  <attribute name="elasticGC enabled" value="1" />
  <attribute name= "numThreadsSpecified" value="16" />
  <attribute name="heapSize specified" value="80478208" />
  <attribute name="Current GC Util" value="38" />
  <attribute name= "Current Time Running" value="153007" />
  <attribute name ="GC Interval" value="0" />
  <attribute name="Target GC Util Change" value ="80.000000" />
  <attribute name="Current GC Util Change" value="38.000000"/>
  <attribute name="Current Error" value="-319.000000" />
  <attribute name="Output H" value="80779448"/>
  <attribute name="Output I" value="352"/>
  <attribute name="Output T" value="16"/>
  <attribute name= "Current Time Running" value="153007" />
  <attribute name="GC Util currently" value="38" />
  <attribute name="CPU Util currently" value="44219759374" />
<allocation-satisfied id="3552" threadId="0000000001DD0F00" bytesRequested="208" />
<af-end id="3553" timestamp="2019-08-08T00:00:34.085" threadId="0000000001DD1888" success="true" />
<exclusive-end id="3554" timestamp="2019-08-08T00:00:34.085" durationms="39.652" />

<exclusive-start id="3555" timestamp="2019-08-08T00:00:34.174" intervalms="128.309">
  <response-info timems="0.022" idlems="0.022" threads="0" lastid="0000000001DD0F00" lastname="main" />
</exclusive-start>
<af-start id="3556" threadId="0000000001DD1888" totalBytesRequested="2008" timestamp="2019-08-08T00:00:34.174" intervalms="128.444" />
<cycle-start id="3557" type="global" contextid="0" timestamp="2019-08-08T00:00:34.174" intervalms="128.443" />
<gc-start id="3558" type="global" contextid="3557" timestamp="2019-08-08T00:00:34.174">
  <mem-info id="3559" free="807936" total="80805888" percent="0">
    <mem type="tenure" free="807936" total="80805888" percent="0">
      <mem type="soa" free="0" total="79997952" percent="0" />
      <mem type="loa" free="807936" total="807936" percent="100" />
    </mem>
  </mem-info>
</gc-start>
<allocation-stats totalBytes="62019536" >
  <allocated-bytes non-tlh="0" tlh="62019536" />
  <largest-consumer threadName="main" threadId="0000000001DD0F00" bytes="62019536" />
</allocation-stats>
<gc-op id="3560" type="mark" timems="10.856" contextid="3557" timestamp="2019-08-08T00:00:34.185">
  <trace-info objectcount="596341" scancount="517327" scanbytes="13276472" />
  <finalization candidates="80" enqueued="0" />
  <ownableSynchronizers candidates="21" cleared="0" />
  <references type="soft" candidates="1849" cleared="0" enqueued="0" dynamicThreshold="24" maxThreshold="32" />
  <references type="weak" candidates="5726" cleared="0" enqueued="0" />
  <references type="phantom" candidates="97" cleared="0" enqueued="0" />
  <stringconstants candidates="13275" cleared="0"  />
</gc-op>
<gc-op id="3561" type="sweep" timems="1.688" contextid="3557" timestamp="2019-08-08T00:00:34.187" />
<mem-info id="3562" free="62912632" total="80805888" percent="77">
  <mem type="tenure" free="62912632" total="80805888" percent="77" micro-fragmented="0" macro-fragmented="0">
    <mem type="soa" free="62104696" total="79997952" percent="77" />
    <mem type="loa" free="807936" total="807936" percent="100" />
  </mem>
</mem-info>
<gc-op id="3563" type="compact" timems="33.056" contextid="3557" timestamp="2019-08-08T00:00:34.220">
  <compact-info movecount="15" movebytes="392" reason="compact to aid heap contraction" />
</gc-op>
<heap-resize id="3564" type="expand" space="tenure" amount="327680" count="1" timems="0.501" reason="satisfy allocation request" timestamp="2019-08-08T00:00:34.221" />
<gc-end id="3565" type="global" contextid="3557" durationms="47.206" usertimems="90.462" systemtimems="0.000" timestamp="2019-08-08T00:00:34.221" activeThreads="16">
  <mem-info id="3566" free="63174776" total="81133568" percent="77">
    <mem type="tenure" free="63174776" total="81133568" percent="77">
      <mem type="soa" free="62363768" total="80322560" percent="77" />
      <mem type="loa" free="811008" total="811008" percent="100" />
    </mem>
  </mem-info>
</gc-end>
<cycle-end id="3567" type="global" contextid="3557" timestamp="2019-08-08T00:00:34.221" />
  <attribute name="elasticGC enabled" value="1" />
  <attribute name= "numThreadsSpecified" value="16" />
  <attribute name="heapSize specified" value="80805888" />
  <attribute name="Current GC Util" value="30" />
  <attribute name= "Current Time Running" value="153143" />
  <attribute name ="GC Interval" value="0" />
  <attribute name="Target GC Util Change" value ="80.000000" />
  <attribute name="Current GC Util Change" value="30.000000"/>
  <attribute name="Current Error" value="50.000000" />
  <attribute name="Output H" value="81108832"/>
  <attribute name="Output I" value="2272"/>
  <attribute name="Output T" value="16"/>
  <attribute name= "Current Time Running" value="153143" />
  <attribute name="GC Util currently" value="30" />
  <attribute name="CPU Util currently" value="34827327931" />
<allocation-satisfied id="3568" threadId="0000000001DD0F00" bytesRequested="2008" />
<af-end id="3569" timestamp="2019-08-08T00:00:34.221" threadId="0000000001DD1888" success="true" />
<exclusive-end id="3570" timestamp="2019-08-08T00:00:34.221" durationms="47.712" />

<exclusive-start id="3571" timestamp="2019-08-08T00:00:34.354" intervalms="180.503">
  <response-info timems="0.020" idlems="0.020" threads="0" lastid="0000000001DD0F00" lastname="main" />
</exclusive-start>
<af-start id="3572" threadId="0000000001DD1888" totalBytesRequested="80" timestamp="2019-08-08T00:00:34.354" intervalms="180.363" />
<cycle-start id="3573" type="global" contextid="0" timestamp="2019-08-08T00:00:34.354" intervalms="180.359" />
<gc-start id="3574" type="global" contextid="3573" timestamp="2019-08-08T00:00:34.354">
  <mem-info id="3575" free="811008" total="81133568" percent="0">
    <mem type="tenure" free="811008" total="81133568" percent="0">
      <mem type="soa" free="0" total="80322560" percent="0" />
      <mem type="loa" free="811008" total="811008" percent="100" />
    </mem>
  </mem-info>
</gc-start>
<allocation-stats totalBytes="62414312" >
  <allocated-bytes non-tlh="0" tlh="62414312" />
  <largest-consumer threadName="main" threadId="0000000001DD0F00" bytes="62414312" />
</allocation-stats>
<gc-op id="3576" type="mark" timems="11.023" contextid="3573" timestamp="2019-08-08T00:00:34.365">
  <trace-info objectcount="596328" scancount="517315" scanbytes="13276272" />
  <finalization candidates="80" enqueued="0" />
  <ownableSynchronizers candidates="21" cleared="0" />
  <references type="soft" candidates="1849" cleared="0" enqueued="0" dynamicThreshold="24" maxThreshold="32" />
  <references type="weak" candidates="5726" cleared="0" enqueued="0" />
  <references type="phantom" candidates="97" cleared="0" enqueued="0" />
  <stringconstants candidates="13275" cleared="0"  />
</gc-op>
<gc-op id="3577" type="sweep" timems="1.719" contextid="3573" timestamp="2019-08-08T00:00:34.367" />
<mem-info id="3578" free="63242984" total="81133568" percent="77">
  <mem type="tenure" free="63242984" total="81133568" percent="77" micro-fragmented="0" macro-fragmented="0">
    <mem type="soa" free="62431976" total="80322560" percent="77" />
    <mem type="loa" free="811008" total="811008" percent="100" />
  </mem>
</mem-info>
<gc-op id="3579" type="compact" timems="25.065" contextid="3573" timestamp="2019-08-08T00:00:34.392">
  <compact-info movecount="664" movebytes="38056" reason="compact to aid heap contraction" />
</gc-op>
<heap-resize id="3580" type="expand" space="tenure" amount="327680" count="1" timems="0.027" reason="satisfy allocation request" timestamp="2019-08-08T00:00:34.393" />
<gc-end id="3581" type="global" contextid="3573" durationms="38.745" usertimems="100.528" systemtimems="0.000" timestamp="2019-08-08T00:00:34.393" activeThreads="16">
  <mem-info id="3582" free="63505928" total="81461248" percent="77">
    <mem type="tenure" free="63505928" total="81461248" percent="77">
      <mem type="soa" free="62691848" total="80647168" percent="77" />
      <mem type="loa" free="814080" total="814080" percent="100" />
    </mem>
  </mem-info>
</gc-end>
<cycle-end id="3583" type="global" contextid="3573" timestamp="2019-08-08T00:00:34.393" />
  <attribute name="elasticGC enabled" value="1" />
  <attribute name= "numThreadsSpecified" value="16" />
  <attribute name="heapSize specified" value="81133568" />
  <attribute name="Current GC Util" value="45" />
  <attribute name= "Current Time Running" value="153315" />
  <attribute name ="GC Interval" value="0" />
  <attribute name="Target GC Util Change" value ="80.000000" />
  <attribute name="Current GC Util Change" value="45.000000"/>
  <attribute name="Current Error" value="-397.000000" />
  <attribute name="Output H" value="81434448"/>
  <attribute name="Output I" value="200"/>
  <attribute name="Output T" value="16"/>
  <attribute name= "Current Time Running" value="153315" />
  <attribute name="GC Util currently" value="45" />
  <attribute name="CPU Util currently" value="45928450202" />
<allocation-satisfied id="3584" threadId="0000000001DD0F00" bytesRequested="80" />
<af-end id="3585" timestamp="2019-08-08T00:00:34.393" threadId="0000000001DD1888" success="true" />
<exclusive-end id="3586" timestamp="2019-08-08T00:00:34.393" durationms="38.987" />

<exclusive-start id="3587" timestamp="2019-08-08T00:00:34.495" intervalms="141.240">
  <response-info timems="0.021" idlems="0.021" threads="0" lastid="0000000001DD0F00" lastname="main" />
</exclusive-start>
<af-start id="3588" threadId="0000000001DD1888" totalBytesRequested="80" timestamp="2019-08-08T00:00:34.496" intervalms="141.249" />
<cycle-start id="3589" type="global" contextid="0" timestamp="2019-08-08T00:00:34.496" intervalms="141.254" />
<gc-start id="3590" type="global" contextid="3589" timestamp="2019-08-08T00:00:34.496">
  <mem-info id="3591" free="814080" total="81461248" percent="0">
    <mem type="tenure" free="814080" total="81461248" percent="0">
      <mem type="soa" free="0" total="80647168" percent="0" />
      <mem type="loa" free="814080" total="814080" percent="100" />
    </mem>
  </mem-info>
</gc-start>
<allocation-stats totalBytes="62745728" >
  <allocated-bytes non-tlh="0" tlh="62745728" />
  <largest-consumer threadName="main" threadId="0000000001DD0F00" bytes="62745728" />
</allocation-stats>
<gc-op id="3592" type="mark" timems="10.086" contextid="3589" timestamp="2019-08-08T00:00:34.506">
  <trace-info objectcount="596341" scancount="517326" scanbytes="13276712" />
  <finalization candidates="80" enqueued="0" />
  <ownableSynchronizers candidates="21" cleared="0" />
  <references type="soft" candidates="1849" cleared="0" enqueued="0" dynamicThreshold="24" maxThreshold="32" />
  <references type="weak" candidates="5726" cleared="0" enqueued="0" />
  <references type="phantom" candidates="97" cleared="0" enqueued="0" />
  <stringconstants candidates="13275" cleared="0"  />
</gc-op>
<gc-op id="3593" type="sweep" timems="1.537" contextid="3589" timestamp="2019-08-08T00:00:34.507" />
<mem-info id="3594" free="63570856" total="81461248" percent="78">
  <mem type="tenure" free="63570856" total="81461248" percent="78" micro-fragmented="0" macro-fragmented="0">
    <mem type="soa" free="62756776" total="80647168" percent="77" />
    <mem type="loa" free="814080" total="814080" percent="100" />
  </mem>
</mem-info>
<gc-op id="3595" type="compact" timems="23.062" contextid="3589" timestamp="2019-08-08T00:00:34.530">
  <compact-info movecount="32" movebytes="912" reason="compact to aid heap contraction" />
</gc-op>
<heap-resize id="3596" type="expand" space="tenure" amount="327680" count="1" timems="0.019" reason="satisfy allocation request" timestamp="2019-08-08T00:00:34.531" />
<gc-end id="3597" type="global" contextid="3589" durationms="35.581" usertimems="86.751" systemtimems="0.000" timestamp="2019-08-08T00:00:34.531" activeThreads="16">
  <mem-info id="3598" free="63833152" total="81788928" percent="78">
    <mem type="tenure" free="63833152" total="81788928" percent="78">
      <mem type="soa" free="63016000" total="80971776" percent="77" />
      <mem type="loa" free="817152" total="817152" percent="100" />
    </mem>
  </mem-info>
</gc-end>
<cycle-end id="3599" type="global" contextid="3589" timestamp="2019-08-08T00:00:34.531" />
  <attribute name="elasticGC enabled" value="1" />
  <attribute name= "numThreadsSpecified" value="16" />
  <attribute name="heapSize specified" value="81461248" />
  <attribute name="Current GC Util" value="45" />
  <attribute name= "Current Time Running" value="153454" />
  <attribute name ="GC Interval" value="0" />
  <attribute name="Target GC Util Change" value ="80.000000" />
  <attribute name="Current GC Util Change" value="45.000000"/>
  <attribute name="Current Error" value="-394.000000" />
  <attribute name="Output H" value="81762144"/>
  <attribute name="Output I" value="200"/>
  <attribute name="Output T" value="16"/>
  <attribute name= "Current Time Running" value="153454" />
  <attribute name="GC Util currently" value="45" />
  <attribute name="CPU Util currently" value="49919647037" />
<allocation-satisfied id="3600" threadId="0000000001DD0F00" bytesRequested="80" />
<af-end id="3601" timestamp="2019-08-08T00:00:34.531" threadId="0000000001DD1888" success="true" />
<exclusive-end id="3602" timestamp="2019-08-08T00:00:34.531" durationms="35.795" />

<exclusive-start id="3603" timestamp="2019-08-08T00:00:34.636" intervalms="140.809">
  <response-info timems="0.019" idlems="0.019" threads="0" lastid="0000000001DD0F00" lastname="main" />
</exclusive-start>
<af-start id="3604" threadId="0000000001DD1888" totalBytesRequested="16" timestamp="2019-08-08T00:00:34.636" intervalms="140.820" />
<cycle-start id="3605" type="global" contextid="0" timestamp="2019-08-08T00:00:34.636" intervalms="140.819" />
<gc-start id="3606" type="global" contextid="3605" timestamp="2019-08-08T00:00:34.636">
  <mem-info id="3607" free="817152" total="81788928" percent="0">
    <mem type="tenure" free="817152" total="81788928" percent="0">
      <mem type="soa" free="0" total="80971776" percent="0" />
      <mem type="loa" free="817152" total="817152" percent="100" />
    </mem>
  </mem-info>
</gc-start>
<allocation-stats totalBytes="63070208" >
  <allocated-bytes non-tlh="0" tlh="63070208" />
  <largest-consumer threadName="main" threadId="0000000001DD0F00" bytes="63070208" />
</allocation-stats>
<gc-op id="3608" type="mark" timems="9.195" contextid="3605" timestamp="2019-08-08T00:00:34.646">
  <trace-info objectcount="596333" scancount="517318" scanbytes="13276564" />
  <finalization candidates="80" enqueued="0" />
  <ownableSynchronizers candidates="21" cleared="0" />
  <references type="soft" candidates="1849" cleared="0" enqueued="0" dynamicThreshold="24" maxThreshold="32" />
  <references type="weak" candidates="5726" cleared="0" enqueued="0" />
  <references type="phantom" candidates="97" cleared="0" enqueued="0" />
  <stringconstants candidates="13275" cleared="0"  />
</gc-op>
<gc-op id="3609" type="sweep" timems="1.694" contextid="3605" timestamp="2019-08-08T00:00:34.647" />
<mem-info id="3610" free="63898368" total="81788928" percent="78">
  <mem type="tenure" free="63898368" total="81788928" percent="78" micro-fragmented="0" macro-fragmented="0">
    <mem type="soa" free="63081216" total="80971776" percent="77" />
    <mem type="loa" free="817152" total="817152" percent="100" />
  </mem>
</mem-info>
<gc-op id="3611" type="compact" timems="22.966" contextid="3605" timestamp="2019-08-08T00:00:34.670">
  <compact-info movecount="24" movebytes="752" reason="compact to aid heap contraction" />
</gc-op>
<heap-resize id="3612" type="expand" space="tenure" amount="327680" count="1" timems="0.019" reason="satisfy allocation request" timestamp="2019-08-08T00:00:34.671" />
<gc-end id="3613" type="global" contextid="3605" durationms="34.722" usertimems="79.152" systemtimems="0.000" timestamp="2019-08-08T00:00:34.671" activeThreads="16">
  <mem-info id="3614" free="64160992" total="82116608" percent="78">
    <mem type="tenure" free="64160992" total="82116608" percent="78">
      <mem type="soa" free="63340768" total="81296384" percent="77" />
      <mem type="loa" free="820224" total="820224" percent="100" />
    </mem>
  </mem-info>
</gc-end>
<cycle-end id="3615" type="global" contextid="3605" timestamp="2019-08-08T00:00:34.671" />
  <attribute name="elasticGC enabled" value="1" />
  <attribute name= "numThreadsSpecified" value="16" />
  <attribute name="heapSize specified" value="81788928" />
  <attribute name="Current GC Util" value="36" />
  <attribute name= "Current Time Running" value="153594" />
  <attribute name ="GC Interval" value="0" />
  <attribute name="Target GC Util Change" value ="80.000000" />
  <attribute name="Current GC Util Change" value="36.000000"/>
  <attribute name="Current Error" value="44.000000" />
  <attribute name="Output H" value="82091848"/>
  <attribute name="Output I" value="2240"/>
  <attribute name="Output T" value="16"/>
  <attribute name= "Current Time Running" value="153594" />
  <attribute name="GC Util currently" value="36" />
  <attribute name="CPU Util currently" value="50131682008" />
<allocation-satisfied id="3616" threadId="0000000001DD0F00" bytesRequested="16" />
<af-end id="3617" timestamp="2019-08-08T00:00:34.671" threadId="0000000001DD1888" success="true" />
<exclusive-end id="3618" timestamp="2019-08-08T00:00:34.671" durationms="34.942" />

<exclusive-start id="3619" timestamp="2019-08-08T00:00:34.734" intervalms="98.088">
  <response-info timems="0.026" idlems="0.026" threads="0" lastid="0000000001DD0F00" lastname="main" />
</exclusive-start>
<af-start id="3620" threadId="0000000001DD1888" totalBytesRequested="24" timestamp="2019-08-08T00:00:34.734" intervalms="98.084" />
<cycle-start id="3621" type="global" contextid="0" timestamp="2019-08-08T00:00:34.734" intervalms="98.084" />
<gc-start id="3622" type="global" contextid="3621" timestamp="2019-08-08T00:00:34.735">
  <mem-info id="3623" free="820224" total="82116608" percent="0">
    <mem type="tenure" free="820224" total="82116608" percent="0">
      <mem type="soa" free="0" total="81296384" percent="0" />
      <mem type="loa" free="820224" total="820224" percent="100" />
    </mem>
  </mem-info>
</gc-start>
<allocation-stats totalBytes="63359976" >
  <allocated-bytes non-tlh="0" tlh="63359976" />
  <largest-consumer threadName="main" threadId="0000000001DD0F00" bytes="63359976" />
</allocation-stats>
<gc-op id="3624" type="mark" timems="19.051" contextid="3621" timestamp="2019-08-08T00:00:34.754">
  <trace-info objectcount="596331" scancount="517316" scanbytes="13276288" />
  <finalization candidates="80" enqueued="0" />
  <ownableSynchronizers candidates="21" cleared="0" />
  <references type="soft" candidates="1849" cleared="0" enqueued="0" dynamicThreshold="25" maxThreshold="32" />
  <references type="weak" candidates="5726" cleared="0" enqueued="0" />
  <references type="phantom" candidates="97" cleared="0" enqueued="0" />
  <stringconstants candidates="13275" cleared="0"  />
</gc-op>
<gc-op id="3625" type="sweep" timems="2.969" contextid="3621" timestamp="2019-08-08T00:00:34.757" />
<mem-info id="3626" free="64225248" total="82116608" percent="78">
  <mem type="tenure" free="64225248" total="82116608" percent="78" micro-fragmented="0" macro-fragmented="0">
    <mem type="soa" free="63405024" total="81296384" percent="77" />
    <mem type="loa" free="820224" total="820224" percent="100" />
  </mem>
</mem-info>
<gc-op id="3627" type="compact" timems="24.998" contextid="3621" timestamp="2019-08-08T00:00:34.782">
  <compact-info movecount="629" movebytes="37472" reason="compact to aid heap contraction" />
</gc-op>
<heap-resize id="3628" type="expand" space="tenure" amount="327680" count="1" timems="0.018" reason="satisfy allocation request" timestamp="2019-08-08T00:00:34.782" />
<gc-end id="3629" type="global" contextid="3621" durationms="47.747" usertimems="94.472" systemtimems="0.000" timestamp="2019-08-08T00:00:34.782" activeThreads="16">
  <mem-info id="3630" free="64488368" total="82444288" percent="78">
    <mem type="tenure" free="64488368" total="82444288" percent="78">
      <mem type="soa" free="63664048" total="81619968" percent="78" />
      <mem type="loa" free="824320" total="824320" percent="100" />
    </mem>
  </mem-info>
</gc-end>
<cycle-end id="3631" type="global" contextid="3621" timestamp="2019-08-08T00:00:34.782" />
  <attribute name="elasticGC enabled" value="1" />
  <attribute name= "numThreadsSpecified" value="16" />
  <attribute name="heapSize specified" value="82116608" />
  <attribute name="Current GC Util" value="35" />
  <attribute name= "Current Time Running" value="153705" />
  <attribute name ="GC Interval" value="0" />
  <attribute name="Target GC Util Change" value ="80.000000" />
  <attribute name="Current GC Util Change" value="35.000000"/>
  <attribute name="Current Error" value="-88.000000" />
  <attribute name="Output H" value="82418920"/>
  <attribute name="Output I" value="1552"/>
  <attribute name="Output T" value="16"/>
  <attribute name= "Current Time Running" value="153705" />
  <attribute name="GC Util currently" value="35" />
  <attribute name="CPU Util currently" value="46138380472" />
<allocation-satisfied id="3632" threadId="0000000001DD0F00" bytesRequested="24" />
<af-end id="3633" timestamp="2019-08-08T00:00:34.782" threadId="0000000001DD1888" success="true" />
<exclusive-end id="3634" timestamp="2019-08-08T00:00:34.782" durationms="47.990" />

<exclusive-start id="3635" timestamp="2019-08-08T00:00:34.795" intervalms="60.373">
  <response-info timems="0.027" idlems="0.027" threads="0" lastid="0000000001DD0F00" lastname="main" />
</exclusive-start>
<af-start id="3636" threadId="0000000001DD1888" totalBytesRequested="32" timestamp="2019-08-08T00:00:34.795" intervalms="60.399" />
<cycle-start id="3637" type="global" contextid="0" timestamp="2019-08-08T00:00:34.795" intervalms="60.443" />
<gc-start id="3638" type="global" contextid="3637" timestamp="2019-08-08T00:00:34.795">
  <mem-info id="3639" free="824320" total="82444288" percent="0">
    <mem type="tenure" free="824320" total="82444288" percent="0">
      <mem type="soa" free="0" total="81619968" percent="0" />
      <mem type="loa" free="824320" total="824320" percent="100" />
    </mem>
  </mem-info>
</gc-start>
<allocation-stats totalBytes="63641720" >
  <allocated-bytes non-tlh="0" tlh="63641720" />
  <largest-consumer threadName="main" threadId="0000000001DD0F00" bytes="63641720" />
</allocation-stats>
<gc-op id="3640" type="mark" timems="7.122" contextid="3637" timestamp="2019-08-08T00:00:34.802">
  <trace-info objectcount="596330" scancount="517313" scanbytes="13276256" />
  <finalization candidates="80" enqueued="0" />
  <ownableSynchronizers candidates="21" cleared="0" />
  <references type="soft" candidates="1849" cleared="0" enqueued="0" dynamicThreshold="25" maxThreshold="32" />
  <references type="weak" candidates="5726" cleared="0" enqueued="0" />
  <references type="phantom" candidates="97" cleared="0" enqueued="0" />
  <stringconstants candidates="13275" cleared="0"  />
</gc-op>
<gc-op id="3641" type="sweep" timems="1.515" contextid="3637" timestamp="2019-08-08T00:00:34.804" />
<mem-info id="3642" free="64553936" total="82444288" percent="78">
  <mem type="tenure" free="64553936" total="82444288" percent="78" micro-fragmented="0" macro-fragmented="0">
    <mem type="soa" free="63729616" total="81619968" percent="78" />
    <mem type="loa" free="824320" total="824320" percent="100" />
  </mem>
</mem-info>
<gc-op id="3643" type="compact" timems="26.706" contextid="3637" timestamp="2019-08-08T00:00:34.830">
  <compact-info movecount="19" movebytes="456" reason="compact to aid heap contraction" />
</gc-op>
<heap-resize id="3644" type="expand" space="tenure" amount="327680" count="1" timems="0.018" reason="satisfy allocation request" timestamp="2019-08-08T00:00:34.831" />
<gc-end id="3645" type="global" contextid="3637" durationms="36.423" usertimems="71.815" systemtimems="0.000" timestamp="2019-08-08T00:00:34.831" activeThreads="16">
  <mem-info id="3646" free="64816080" total="82771968" percent="78">
    <mem type="tenure" free="64816080" total="82771968" percent="78">
      <mem type="soa" free="63988688" total="81944576" percent="78" />
      <mem type="loa" free="827392" total="827392" percent="100" />
    </mem>
  </mem-info>
</gc-end>
<cycle-end id="3647" type="global" contextid="3637" timestamp="2019-08-08T00:00:34.831" />
  <attribute name="elasticGC enabled" value="1" />
  <attribute name= "numThreadsSpecified" value="16" />
  <attribute name="heapSize specified" value="82444288" />
  <attribute name="Current GC Util" value="30" />
  <attribute name= "Current Time Running" value="153754" />
  <attribute name ="GC Interval" value="0" />
  <attribute name="Target GC Util Change" value ="80.000000" />
  <attribute name="Current GC Util Change" value="30.000000"/>
  <attribute name="Current Error" value="-317.000000" />
  <attribute name="Output H" value="82745536"/>
  <attribute name="Output I" value="368"/>
  <attribute name="Output T" value="16"/>
  <attribute name= "Current Time Running" value="153754" />
  <attribute name="GC Util currently" value="30" />
  <attribute name="CPU Util currently" value="43082979988" />
<allocation-satisfied id="3648" threadId="0000000001DD0F00" bytesRequested="32" />
<af-end id="3649" timestamp="2019-08-08T00:00:34.832" threadId="0000000001DD1888" success="true" />
<exclusive-end id="3650" timestamp="2019-08-08T00:00:34.832" durationms="36.746" />

<exclusive-start id="3651" timestamp="2019-08-08T00:00:34.843" intervalms="48.272">
  <response-info timems="0.022" idlems="0.022" threads="0" lastid="0000000001DD0F00" lastname="main" />
</exclusive-start>
<af-start id="3652" threadId="0000000001DD1888" totalBytesRequested="24" timestamp="2019-08-08T00:00:34.843" intervalms="48.233" />
<cycle-start id="3653" type="global" contextid="0" timestamp="2019-08-08T00:00:34.843" intervalms="48.186" />
<gc-start id="3654" type="global" contextid="3653" timestamp="2019-08-08T00:00:34.843">
  <mem-info id="3655" free="827392" total="82771968" percent="0">
    <mem type="tenure" free="827392" total="82771968" percent="0">
      <mem type="soa" free="0" total="81944576" percent="0" />
      <mem type="loa" free="827392" total="827392" percent="100" />
    </mem>
  </mem-info>
</gc-start>
<allocation-stats totalBytes="63965448" >
  <allocated-bytes non-tlh="0" tlh="63965448" />
  <largest-consumer threadName="main" threadId="0000000001DD0F00" bytes="63965448" />
</allocation-stats>
<gc-op id="3656" type="mark" timems="9.205" contextid="3653" timestamp="2019-08-08T00:00:34.852">
  <trace-info objectcount="596330" scancount="517311" scanbytes="13276256" />
  <finalization candidates="80" enqueued="0" />
  <ownableSynchronizers candidates="21" cleared="0" />
  <references type="soft" candidates="1849" cleared="0" enqueued="0" dynamicThreshold="25" maxThreshold="32" />
  <references type="weak" candidates="5726" cleared="0" enqueued="0" />
  <references type="phantom" candidates="97" cleared="0" enqueued="0" />
  <stringconstants candidates="13275" cleared="0"  />
</gc-op>
<gc-op id="3657" type="sweep" timems="1.455" contextid="3653" timestamp="2019-08-08T00:00:34.854" />
<mem-info id="3658" free="64881616" total="82771968" percent="78">
  <mem type="tenure" free="64881616" total="82771968" percent="78" micro-fragmented="0" macro-fragmented="0">
    <mem type="soa" free="64054224" total="81944576" percent="78" />
    <mem type="loa" free="827392" total="827392" percent="100" />
  </mem>
</mem-info>
<gc-op id="3659" type="compact" timems="28.010" contextid="3653" timestamp="2019-08-08T00:00:34.882">
  <compact-info movecount="19" movebytes="456" reason="compact to aid heap contraction" />
</gc-op>
<heap-resize id="3660" type="expand" space="tenure" amount="327680" count="1" timems="0.017" reason="satisfy allocation request" timestamp="2019-08-08T00:00:34.883" />
<gc-end id="3661" type="global" contextid="3653" durationms="40.054" usertimems="89.603" systemtimems="0.000" timestamp="2019-08-08T00:00:34.883" activeThreads="16">
  <mem-info id="3662" free="65143760" total="83099648" percent="78">
    <mem type="tenure" free="65143760" total="83099648" percent="78">
      <mem type="soa" free="64313296" total="82269184" percent="78" />
      <mem type="loa" free="830464" total="830464" percent="100" />
    </mem>
  </mem-info>
</gc-end>
<cycle-end id="3663" type="global" contextid="3653" timestamp="2019-08-08T00:00:34.883" />
  <attribute name="elasticGC enabled" value="1" />
  <attribute name= "numThreadsSpecified" value="16" />
  <attribute name="heapSize specified" value="82771968" />
  <attribute name="Current GC Util" value="38" />
  <attribute name= "Current Time Running" value="153805" />
  <attribute name ="GC Interval" value="0" />
  <attribute name="Target GC Util Change" value ="80.000000" />
  <attribute name="Current GC Util Change" value="38.000000"/>
  <attribute name="Current Error" value="42.000000" />
  <attribute name="Output H" value="83074880"/>
  <attribute name="Output I" value="2232"/>
  <attribute name="Output T" value="16"/>
  <attribute name= "Current Time Running" value="153805" />
  <attribute name="GC Util currently" value="38" />
  <attribute name="CPU Util currently" value="40791207863" />
<allocation-satisfied id="3664" threadId="0000000001DD0F00" bytesRequested="24" />
<af-end id="3665" timestamp="2019-08-08T00:00:34.883" threadId="0000000001DD1888" success="true" />
<exclusive-end id="3666" timestamp="2019-08-08T00:00:34.883" durationms="40.253" />

* Round 2 done in 5.185 seconds.
<exclusive-start id="3667" timestamp="2019-08-08T00:00:34.921" intervalms="77.469">
  <response-info timems="0.018" idlems="0.018" threads="0" lastid="0000000001DD0F00" lastname="main" />
</exclusive-start>
<af-start id="3668" threadId="0000000001DD1888" totalBytesRequested="32" timestamp="2019-08-08T00:00:34.921" intervalms="77.462" />
<cycle-start id="3669" type="global" contextid="0" timestamp="2019-08-08T00:00:34.921" intervalms="77.458" />
<gc-start id="3670" type="global" contextid="3669" timestamp="2019-08-08T00:00:34.921">
  <mem-info id="3671" free="830464" total="83099648" percent="0">
    <mem type="tenure" free="830464" total="83099648" percent="0">
      <mem type="soa" free="0" total="82269184" percent="0" />
      <mem type="loa" free="830464" total="830464" percent="100" />
    </mem>
  </mem-info>
</gc-start>
<allocation-stats totalBytes="64338048" >
  <allocated-bytes non-tlh="0" tlh="64338048" />
  <largest-consumer threadName="main" threadId="0000000001DD0F00" bytes="64338048" />
</allocation-stats>
<gc-op id="3672" type="mark" timems="11.170" contextid="3669" timestamp="2019-08-08T00:00:34.932">
  <trace-info objectcount="596707" scancount="517689" scanbytes="13288516" />
  <finalization candidates="80" enqueued="0" />
  <ownableSynchronizers candidates="21" cleared="0" />
  <references type="soft" candidates="1855" cleared="0" enqueued="0" dynamicThreshold="25" maxThreshold="32" />
  <references type="weak" candidates="5726" cleared="0" enqueued="0" />
  <references type="phantom" candidates="97" cleared="0" enqueued="0" />
  <stringconstants candidates="13275" cleared="0"  />
</gc-op>
<gc-op id="3673" type="sweep" timems="1.730" contextid="3669" timestamp="2019-08-08T00:00:34.934" />
<mem-info id="3674" free="65188544" total="83099648" percent="78">
  <mem type="tenure" free="65188544" total="83099648" percent="78" micro-fragmented="0" macro-fragmented="0">
    <mem type="soa" free="64358080" total="82269184" percent="78" />
    <mem type="loa" free="830464" total="830464" percent="100" />
  </mem>
</mem-info>
<gc-op id="3675" type="compact" timems="35.234" contextid="3669" timestamp="2019-08-08T00:00:34.969">
  <compact-info movecount="1003" movebytes="49264" reason="compact to aid heap contraction" />
</gc-op>
<heap-resize id="3676" type="expand" space="tenure" amount="327680" count="1" timems="0.017" reason="satisfy allocation request" timestamp="2019-08-08T00:00:34.969" />
<gc-end id="3677" type="global" contextid="3669" durationms="48.860" usertimems="98.870" systemtimems="0.000" timestamp="2019-08-08T00:00:34.969" activeThreads="16">
  <mem-info id="3678" free="65459568" total="83427328" percent="78">
    <mem type="tenure" free="65459568" total="83427328" percent="78">
      <mem type="soa" free="64626032" total="82593792" percent="78" />
      <mem type="loa" free="833536" total="833536" percent="100" />
    </mem>
  </mem-info>
</gc-end>
<cycle-end id="3679" type="global" contextid="3669" timestamp="2019-08-08T00:00:34.970" />
  <attribute name="elasticGC enabled" value="1" />
  <attribute name= "numThreadsSpecified" value="16" />
  <attribute name="heapSize specified" value="83099648" />
  <attribute name="Current GC Util" value="30" />
  <attribute name= "Current Time Running" value="153892" />
  <attribute name ="GC Interval" value="0" />
  <attribute name="Target GC Util Change" value ="80.000000" />
  <attribute name="Current GC Util Change" value="30.000000"/>
  <attribute name="Current Error" value="-262.000000" />
  <attribute name="Output H" value="83401152"/>
  <attribute name="Output I" value="648"/>
  <attribute name="Output T" value="16"/>
  <attribute name= "Current Time Running" value="153892" />
  <attribute name="GC Util currently" value="30" />
  <attribute name="CPU Util currently" value="32695172080" />
<allocation-satisfied id="3680" threadId="0000000001DD0F00" bytesRequested="32" />
<af-end id="3681" timestamp="2019-08-08T00:00:34.970" threadId="0000000001DD1888" success="true" />
<exclusive-end id="3682" timestamp="2019-08-08T00:00:34.970" durationms="49.057" />

<exclusive-start id="3683" timestamp="2019-08-08T00:00:35.164" intervalms="243.966">
  <response-info timems="0.022" idlems="0.022" threads="0" lastid="0000000001DD0F00" lastname="main" />
</exclusive-start>
<af-start id="3684" threadId="0000000001DD1888" totalBytesRequested="1168" timestamp="2019-08-08T00:00:35.165" intervalms="243.972" />
<cycle-start id="3685" type="global" contextid="0" timestamp="2019-08-08T00:00:35.165" intervalms="243.974" />
<gc-start id="3686" type="global" contextid="3685" timestamp="2019-08-08T00:00:35.165">
  <mem-info id="3687" free="833536" total="83427328" percent="0">
    <mem type="tenure" free="833536" total="83427328" percent="0">
      <mem type="soa" free="0" total="82593792" percent="0" />
      <mem type="loa" free="833536" total="833536" percent="100" />
    </mem>
  </mem-info>
</gc-start>
<allocation-stats totalBytes="64528120" >
  <allocated-bytes non-tlh="0" tlh="64528120" />
  <largest-consumer threadName="main" threadId="0000000001DD0F00" bytes="64528120" />
</allocation-stats>
<gc-op id="3688" type="mark" timems="11.404" contextid="3685" timestamp="2019-08-08T00:00:35.176">
  <trace-info objectcount="596718" scancount="517703" scanbytes="13288716" />
  <finalization candidates="80" enqueued="0" />
  <ownableSynchronizers candidates="21" cleared="0" />
  <references type="soft" candidates="1855" cleared="0" enqueued="0" dynamicThreshold="25" maxThreshold="32" />
  <references type="weak" candidates="5726" cleared="0" enqueued="0" />
  <references type="phantom" candidates="97" cleared="0" enqueued="0" />
  <stringconstants candidates="13275" cleared="0"  />
</gc-op>
<gc-op id="3689" type="sweep" timems="1.454" contextid="3685" timestamp="2019-08-08T00:00:35.178" />
<mem-info id="3690" free="65521376" total="83427328" percent="78">
  <mem type="tenure" free="65521376" total="83427328" percent="78" micro-fragmented="0" macro-fragmented="0">
    <mem type="soa" free="64687840" total="82593792" percent="78" />
    <mem type="loa" free="833536" total="833536" percent="100" />
  </mem>
</mem-info>
<gc-op id="3691" type="compact" timems="34.150" contextid="3685" timestamp="2019-08-08T00:00:35.212">
  <compact-info movecount="828" movebytes="44056" reason="compact to aid heap contraction" />
</gc-op>
<heap-resize id="3692" type="expand" space="tenure" amount="327680" count="1" timems="0.022" reason="satisfy allocation request" timestamp="2019-08-08T00:00:35.212" />
<gc-end id="3693" type="global" contextid="3685" durationms="47.741" usertimems="87.830" systemtimems="0.000" timestamp="2019-08-08T00:00:35.212" activeThreads="16">
  <mem-info id="3694" free="65785832" total="83755008" percent="78">
    <mem type="tenure" free="65785832" total="83755008" percent="78">
      <mem type="soa" free="64949224" total="82918400" percent="78" />
      <mem type="loa" free="836608" total="836608" percent="100" />
    </mem>
  </mem-info>
</gc-end>
<cycle-end id="3695" type="global" contextid="3685" timestamp="2019-08-08T00:00:35.212" />
  <attribute name="elasticGC enabled" value="1" />
  <attribute name= "numThreadsSpecified" value="16" />
  <attribute name="heapSize specified" value="83427328" />
  <attribute name="Current GC Util" value="26" />
  <attribute name= "Current Time Running" value="154135" />
  <attribute name ="GC Interval" value="0" />
  <attribute name="Target GC Util Change" value ="80.000000" />
  <attribute name="Current GC Util Change" value="26.000000"/>
  <attribute name="Current Error" value="-320.000000" />
  <attribute name="Output H" value="83728568"/>
  <attribute name="Output I" value="352"/>
  <attribute name="Output T" value="16"/>
  <attribute name= "Current Time Running" value="154135" />
  <attribute name="GC Util currently" value="26" />
  <attribute name="CPU Util currently" value="33722264196" />
<allocation-satisfied id="3696" threadId="0000000001DD0F00" bytesRequested="1168" />
<af-end id="3697" timestamp="2019-08-08T00:00:35.212" threadId="0000000001DD1888" success="true" />
<exclusive-end id="3698" timestamp="2019-08-08T00:00:35.212" durationms="47.972" />

<exclusive-start id="3699" timestamp="2019-08-08T00:00:35.220" intervalms="55.841">
  <response-info timems="0.024" idlems="0.024" threads="0" lastid="0000000001DD0F00" lastname="main" />
</exclusive-start>
<af-start id="3700" threadId="0000000001DD1888" totalBytesRequested="1168" timestamp="2019-08-08T00:00:35.220" intervalms="55.844" />
<cycle-start id="3701" type="global" contextid="0" timestamp="2019-08-08T00:00:35.220" intervalms="55.848" />
<gc-start id="3702" type="global" contextid="3701" timestamp="2019-08-08T00:00:35.220">
  <mem-info id="3703" free="836608" total="83755008" percent="0">
    <mem type="tenure" free="836608" total="83755008" percent="0">
      <mem type="soa" free="0" total="82918400" percent="0" />
      <mem type="loa" free="836608" total="836608" percent="100" />
    </mem>
  </mem-info>
</gc-start>
<allocation-stats totalBytes="64793064" >
  <allocated-bytes non-tlh="0" tlh="64793064" />
  <largest-consumer threadName="main" threadId="0000000001DD0F00" bytes="64793064" />
</allocation-stats>
<gc-op id="3704" type="mark" timems="13.877" contextid="3701" timestamp="2019-08-08T00:00:35.234">
  <trace-info objectcount="596719" scancount="517739" scanbytes="13288740" />
  <finalization candidates="80" enqueued="0" />
  <ownableSynchronizers candidates="21" cleared="0" />
  <references type="soft" candidates="1855" cleared="0" enqueued="0" dynamicThreshold="25" maxThreshold="32" />
  <references type="weak" candidates="5726" cleared="0" enqueued="0" />
  <references type="phantom" candidates="97" cleared="0" enqueued="0" />
  <stringconstants candidates="13275" cleared="0"  />
</gc-op>
<gc-op id="3705" type="sweep" timems="2.124" contextid="3701" timestamp="2019-08-08T00:00:35.237" />
<mem-info id="3706" free="65851344" total="83755008" percent="78">
  <mem type="tenure" free="65851344" total="83755008" percent="78" micro-fragmented="0" macro-fragmented="0">
    <mem type="soa" free="65014736" total="82918400" percent="78" />
    <mem type="loa" free="836608" total="836608" percent="100" />
  </mem>
</mem-info>
<gc-op id="3707" type="compact" timems="32.566" contextid="3701" timestamp="2019-08-08T00:00:35.269">
  <compact-info movecount="20" movebytes="488" reason="compact to aid heap contraction" />
</gc-op>
<heap-resize id="3708" type="expand" space="tenure" amount="327680" count="1" timems="0.019" reason="satisfy allocation request" timestamp="2019-08-08T00:00:35.270" />
<gc-end id="3709" type="global" contextid="3701" durationms="49.449" usertimems="124.144" systemtimems="0.000" timestamp="2019-08-08T00:00:35.270" activeThreads="16">
  <mem-info id="3710" free="66113488" total="84082688" percent="78">
    <mem type="tenure" free="66113488" total="84082688" percent="78">
      <mem type="soa" free="65272784" total="83241984" percent="78" />
      <mem type="loa" free="840704" total="840704" percent="100" />
    </mem>
  </mem-info>
</gc-end>
<cycle-end id="3711" type="global" contextid="3701" timestamp="2019-08-08T00:00:35.270" />
  <attribute name="elasticGC enabled" value="1" />
  <attribute name= "numThreadsSpecified" value="16" />
  <attribute name="heapSize specified" value="83755008" />
  <attribute name="Current GC Util" value="55" />
  <attribute name= "Current Time Running" value="154192" />
  <attribute name ="GC Interval" value="0" />
  <attribute name="Target GC Util Change" value ="80.000000" />
  <attribute name="Current GC Util Change" value="55.000000"/>
  <attribute name="Current Error" value="25.000000" />
  <attribute name="Output H" value="84057840"/>
  <attribute name="Output I" value="2144"/>
  <attribute name="Output T" value="16"/>
  <attribute name= "Current Time Running" value="154192" />
  <attribute name="GC Util currently" value="55" />
  <attribute name="CPU Util currently" value="35380741971" />
<allocation-satisfied id="3712" threadId="0000000001DD0F00" bytesRequested="1168" />
<af-end id="3713" timestamp="2019-08-08T00:00:35.270" threadId="0000000001DD1888" success="true" />
<exclusive-end id="3714" timestamp="2019-08-08T00:00:35.270" durationms="49.684" />

<exclusive-start id="3715" timestamp="2019-08-08T00:00:35.277" intervalms="56.604">
  <response-info timems="0.026" idlems="0.026" threads="0" lastid="0000000001DD0F00" lastname="main" />
</exclusive-start>
<af-start id="3716" threadId="0000000001DD1888" totalBytesRequested="1168" timestamp="2019-08-08T00:00:35.277" intervalms="56.709" />
<cycle-start id="3717" type="global" contextid="0" timestamp="2019-08-08T00:00:35.277" intervalms="56.709" />
<gc-start id="3718" type="global" contextid="3717" timestamp="2019-08-08T00:00:35.277">
  <mem-info id="3719" free="840704" total="84082688" percent="0">
    <mem type="tenure" free="840704" total="84082688" percent="0">
      <mem type="soa" free="0" total="83241984" percent="0" />
      <mem type="loa" free="840704" total="840704" percent="100" />
    </mem>
  </mem-info>
</gc-start>
<allocation-stats totalBytes="65120552" >
  <allocated-bytes non-tlh="0" tlh="65120552" />
  <largest-consumer threadName="main" threadId="0000000001DD0F00" bytes="65120552" />
</allocation-stats>
<gc-op id="3720" type="mark" timems="24.433" contextid="3717" timestamp="2019-08-08T00:00:35.302">
  <trace-info objectcount="596719" scancount="517704" scanbytes="13288740" />
  <finalization candidates="80" enqueued="0" />
  <ownableSynchronizers candidates="21" cleared="0" />
  <references type="soft" candidates="1855" cleared="0" enqueued="0" dynamicThreshold="25" maxThreshold="32" />
  <references type="weak" candidates="5726" cleared="0" enqueued="0" />
  <references type="phantom" candidates="97" cleared="0" enqueued="0" />
  <stringconstants candidates="13275" cleared="0"  />
</gc-op>
<gc-op id="3721" type="sweep" timems="3.551" contextid="3717" timestamp="2019-08-08T00:00:35.305" />
<mem-info id="3722" free="66179024" total="84082688" percent="78">
  <mem type="tenure" free="66179024" total="84082688" percent="78" micro-fragmented="0" macro-fragmented="0">
    <mem type="soa" free="65338320" total="83241984" percent="78" />
    <mem type="loa" free="840704" total="840704" percent="100" />
  </mem>
</mem-info>
<gc-op id="3723" type="compact" timems="28.567" contextid="3717" timestamp="2019-08-08T00:00:35.334">
  <compact-info movecount="20" movebytes="488" reason="compact to aid heap contraction" />
</gc-op>
<heap-resize id="3724" type="expand" space="tenure" amount="327680" count="1" timems="0.021" reason="satisfy allocation request" timestamp="2019-08-08T00:00:35.334" />
<gc-end id="3725" type="global" contextid="3717" durationms="57.327" usertimems="133.014" systemtimems="0.000" timestamp="2019-08-08T00:00:35.334" activeThreads="16">
  <mem-info id="3726" free="66441168" total="84410368" percent="78">
    <mem type="tenure" free="66441168" total="84410368" percent="78">
      <mem type="soa" free="65597392" total="83566592" percent="78" />
      <mem type="loa" free="843776" total="843776" percent="100" />
    </mem>
  </mem-info>
</gc-end>
<cycle-end id="3727" type="global" contextid="3717" timestamp="2019-08-08T00:00:35.335" />
  <attribute name="elasticGC enabled" value="1" />
  <attribute name= "numThreadsSpecified" value="16" />
  <attribute name="heapSize specified" value="84082688" />
  <attribute name="Current GC Util" value="47" />
  <attribute name= "Current Time Running" value="154257" />
  <attribute name ="GC Interval" value="0" />
  <attribute name="Target GC Util Change" value ="80.000000" />
  <attribute name="Current GC Util Change" value="47.000000"/>
  <attribute name="Current Error" value="-572.000000" />
  <attribute name="Output H" value="84382760"/>
  <attribute name="Output I" value="200"/>
  <attribute name="Output T" value="16"/>
  <attribute name= "Current Time Running" value="154257" />
  <attribute name="GC Util currently" value="47" />
  <attribute name="CPU Util currently" value="40323158121" />
<allocation-satisfied id="3728" threadId="0000000001DD0F00" bytesRequested="1168" />
<af-end id="3729" timestamp="2019-08-08T00:00:35.335" threadId="0000000001DD1888" success="true" />
<exclusive-end id="3730" timestamp="2019-08-08T00:00:35.335" durationms="57.659" />

<exclusive-start id="3731" timestamp="2019-08-08T00:00:35.342" intervalms="65.015">
  <response-info timems="0.025" idlems="0.025" threads="0" lastid="0000000001DD0F00" lastname="main" />
</exclusive-start>
<af-start id="3732" threadId="0000000001DD1888" totalBytesRequested="1168" timestamp="2019-08-08T00:00:35.342" intervalms="64.937" />
<cycle-start id="3733" type="global" contextid="0" timestamp="2019-08-08T00:00:35.342" intervalms="64.931" />
<gc-start id="3734" type="global" contextid="3733" timestamp="2019-08-08T00:00:35.342">
  <mem-info id="3735" free="843776" total="84410368" percent="0">
    <mem type="tenure" free="843776" total="84410368" percent="0">
      <mem type="soa" free="0" total="83566592" percent="0" />
      <mem type="loa" free="843776" total="843776" percent="100" />
    </mem>
  </mem-info>
</gc-start>
<allocation-stats totalBytes="65444688" >
  <allocated-bytes non-tlh="0" tlh="65444688" />
  <largest-consumer threadName="main" threadId="0000000001DD0F00" bytes="65444688" />
</allocation-stats>
<gc-op id="3736" type="mark" timems="19.018" contextid="3733" timestamp="2019-08-08T00:00:35.361">
  <trace-info objectcount="596719" scancount="517709" scanbytes="13288740" />
  <finalization candidates="80" enqueued="0" />
  <ownableSynchronizers candidates="21" cleared="0" />
  <references type="soft" candidates="1855" cleared="0" enqueued="0" dynamicThreshold="25" maxThreshold="32" />
  <references type="weak" candidates="5726" cleared="0" enqueued="0" />
  <references type="phantom" candidates="97" cleared="0" enqueued="0" />
  <stringconstants candidates="13275" cleared="0"  />
</gc-op>
<gc-op id="3737" type="sweep" timems="1.383" contextid="3733" timestamp="2019-08-08T00:00:35.363" />
<mem-info id="3738" free="66506704" total="84410368" percent="78">
  <mem type="tenure" free="66506704" total="84410368" percent="78" micro-fragmented="0" macro-fragmented="0">
    <mem type="soa" free="65662928" total="83566592" percent="78" />
    <mem type="loa" free="843776" total="843776" percent="100" />
  </mem>
</mem-info>
<gc-op id="3739" type="compact" timems="28.231" contextid="3733" timestamp="2019-08-08T00:00:35.391">
  <compact-info movecount="20" movebytes="488" reason="compact to aid heap contraction" />
</gc-op>
<heap-resize id="3740" type="expand" space="tenure" amount="327680" count="1" timems="0.019" reason="satisfy allocation request" timestamp="2019-08-08T00:00:35.392" />
<gc-end id="3741" type="global" contextid="3733" durationms="49.849" usertimems="121.155" systemtimems="0.000" timestamp="2019-08-08T00:00:35.392" activeThreads="16">
  <mem-info id="3742" free="66768848" total="84738048" percent="78">
    <mem type="tenure" free="66768848" total="84738048" percent="78">
      <mem type="soa" free="65922000" total="83891200" percent="78" />
      <mem type="loa" free="846848" total="846848" percent="100" />
    </mem>
  </mem-info>
</gc-end>
<cycle-end id="3743" type="global" contextid="3733" timestamp="2019-08-08T00:00:35.392" />
  <attribute name="elasticGC enabled" value="1" />
  <attribute name= "numThreadsSpecified" value="16" />
  <attribute name="heapSize specified" value="84410368" />
  <attribute name="Current GC Util" value="45" />
  <attribute name= "Current Time Running" value="154314" />
  <attribute name ="GC Interval" value="0" />
  <attribute name="Target GC Util Change" value ="80.000000" />
  <attribute name="Current GC Util Change" value="45.000000"/>
  <attribute name="Current Error" value="-353.000000" />
  <attribute name="Output H" value="84711456"/>
  <attribute name="Output I" value="200"/>
  <attribute name="Output T" value="16"/>
  <attribute name= "Current Time Running" value="154314" />
  <attribute name="GC Util currently" value="45" />
  <attribute name="CPU Util currently" value="40788633191" />
<allocation-satisfied id="3744" threadId="0000000001DD0F00" bytesRequested="1168" />
<af-end id="3745" timestamp="2019-08-08T00:00:35.392" threadId="0000000001DD1888" success="true" />
<exclusive-end id="3746" timestamp="2019-08-08T00:00:35.392" durationms="50.080" />

<exclusive-start id="3747" timestamp="2019-08-08T00:00:35.399" intervalms="57.482">
  <response-info timems="0.028" idlems="0.028" threads="0" lastid="0000000001DD0F00" lastname="main" />
</exclusive-start>
<af-start id="3748" threadId="0000000001DD1888" totalBytesRequested="1168" timestamp="2019-08-08T00:00:35.399" intervalms="57.459" />
<cycle-start id="3749" type="global" contextid="0" timestamp="2019-08-08T00:00:35.400" intervalms="57.466" />
<gc-start id="3750" type="global" contextid="3749" timestamp="2019-08-08T00:00:35.400">
  <mem-info id="3751" free="846848" total="84738048" percent="0">
    <mem type="tenure" free="846848" total="84738048" percent="0">
      <mem type="soa" free="0" total="83891200" percent="0" />
      <mem type="loa" free="846848" total="846848" percent="100" />
    </mem>
  </mem-info>
</gc-start>
<allocation-stats totalBytes="65767592" >
  <allocated-bytes non-tlh="0" tlh="65767592" />
  <largest-consumer threadName="main" threadId="0000000001DD0F00" bytes="65767592" />
</allocation-stats>
<gc-op id="3752" type="mark" timems="9.563" contextid="3749" timestamp="2019-08-08T00:00:35.409">
  <trace-info objectcount="596719" scancount="517705" scanbytes="13288740" />
  <finalization candidates="80" enqueued="0" />
  <ownableSynchronizers candidates="21" cleared="0" />
  <references type="soft" candidates="1855" cleared="0" enqueued="0" dynamicThreshold="25" maxThreshold="32" />
  <references type="weak" candidates="5726" cleared="0" enqueued="0" />
  <references type="phantom" candidates="97" cleared="0" enqueued="0" />
  <stringconstants candidates="13275" cleared="0"  />
</gc-op>
<gc-op id="3753" type="sweep" timems="4.687" contextid="3749" timestamp="2019-08-08T00:00:35.414" />
<mem-info id="3754" free="66834384" total="84738048" percent="78">
  <mem type="tenure" free="66834384" total="84738048" percent="78" micro-fragmented="0" macro-fragmented="0">
    <mem type="soa" free="65987536" total="83891200" percent="78" />
    <mem type="loa" free="846848" total="846848" percent="100" />
  </mem>
</mem-info>
<gc-op id="3755" type="compact" timems="31.067" contextid="3749" timestamp="2019-08-08T00:00:35.445">
  <compact-info movecount="20" movebytes="488" reason="compact to aid heap contraction" />
</gc-op>
<heap-resize id="3756" type="expand" space="tenure" amount="327680" count="1" timems="0.022" reason="satisfy allocation request" timestamp="2019-08-08T00:00:35.446" />
<gc-end id="3757" type="global" contextid="3749" durationms="46.689" usertimems="93.146" systemtimems="0.000" timestamp="2019-08-08T00:00:35.446" activeThreads="16">
  <mem-info id="3758" free="67096528" total="85065728" percent="78">
    <mem type="tenure" free="67096528" total="85065728" percent="78">
      <mem type="soa" free="66246608" total="84215808" percent="78" />
      <mem type="loa" free="849920" total="849920" percent="100" />
    </mem>
  </mem-info>
</gc-end>
<cycle-end id="3759" type="global" contextid="3749" timestamp="2019-08-08T00:00:35.446" />
  <attribute name="elasticGC enabled" value="1" />
  <attribute name= "numThreadsSpecified" value="16" />
  <attribute name="heapSize specified" value="84738048" />
  <attribute name="Current GC Util" value="52" />
  <attribute name= "Current Time Running" value="154368" />
  <attribute name ="GC Interval" value="0" />
  <attribute name="Target GC Util Change" value ="80.000000" />
  <attribute name="Current GC Util Change" value="52.000000"/>
  <attribute name="Current Error" value="28.000000" />
  <attribute name="Output H" value="85040896"/>
  <attribute name="Output I" value="2160"/>
  <attribute name="Output T" value="16"/>
  <attribute name= "Current Time Running" value="154368" />
  <attribute name="GC Util currently" value="52" />
  <attribute name="CPU Util currently" value="37092880242" />
<allocation-satisfied id="3760" threadId="0000000001DD0F00" bytesRequested="1168" />
<af-end id="3761" timestamp="2019-08-08T00:00:35.446" threadId="0000000001DD1888" success="true" />
<exclusive-end id="3762" timestamp="2019-08-08T00:00:35.446" durationms="46.942" />

<exclusive-start id="3763" timestamp="2019-08-08T00:00:35.454" intervalms="54.967">
  <response-info timems="0.086" idlems="0.086" threads="0" lastid="0000000001DD0F00" lastname="main" />
</exclusive-start>
<af-start id="3764" threadId="0000000001DD1888" totalBytesRequested="1168" timestamp="2019-08-08T00:00:35.454" intervalms="54.957" />
<cycle-start id="3765" type="global" contextid="0" timestamp="2019-08-08T00:00:35.454" intervalms="54.951" />
<gc-start id="3766" type="global" contextid="3765" timestamp="2019-08-08T00:00:35.455">
  <mem-info id="3767" free="849920" total="85065728" percent="0">
    <mem type="tenure" free="849920" total="85065728" percent="0">
      <mem type="soa" free="0" total="84215808" percent="0" />
      <mem type="loa" free="849920" total="849920" percent="100" />
    </mem>
  </mem-info>
</gc-start>
<allocation-stats totalBytes="66091728" >
  <allocated-bytes non-tlh="0" tlh="66091728" />
  <largest-consumer threadName="main" threadId="0000000001DD0F00" bytes="66091728" />
</allocation-stats>
<gc-op id="3768" type="mark" timems="12.752" contextid="3765" timestamp="2019-08-08T00:00:35.467">
  <trace-info objectcount="596719" scancount="517727" scanbytes="13288740" />
  <finalization candidates="80" enqueued="0" />
  <ownableSynchronizers candidates="21" cleared="0" />
  <references type="soft" candidates="1855" cleared="0" enqueued="0" dynamicThreshold="25" maxThreshold="32" />
  <references type="weak" candidates="5726" cleared="0" enqueued="0" />
  <references type="phantom" candidates="97" cleared="0" enqueued="0" />
  <stringconstants candidates="13275" cleared="0"  />
</gc-op>
<gc-op id="3769" type="sweep" timems="2.095" contextid="3765" timestamp="2019-08-08T00:00:35.469" />
<mem-info id="3770" free="67162064" total="85065728" percent="78">
  <mem type="tenure" free="67162064" total="85065728" percent="78" micro-fragmented="0" macro-fragmented="0">
    <mem type="soa" free="66312144" total="84215808" percent="78" />
    <mem type="loa" free="849920" total="849920" percent="100" />
  </mem>
</mem-info>
<gc-op id="3771" type="compact" timems="28.181" contextid="3765" timestamp="2019-08-08T00:00:35.498">
  <compact-info movecount="20" movebytes="488" reason="compact to aid heap contraction" />
</gc-op>
<heap-resize id="3772" type="expand" space="tenure" amount="327680" count="1" timems="0.018" reason="satisfy allocation request" timestamp="2019-08-08T00:00:35.498" />
<gc-end id="3773" type="global" contextid="3765" durationms="43.747" usertimems="90.694" systemtimems="0.000" timestamp="2019-08-08T00:00:35.498" activeThreads="16">
  <mem-info id="3774" free="67424208" total="85393408" percent="78">
    <mem type="tenure" free="67424208" total="85393408" percent="78">
      <mem type="soa" free="66571216" total="84540416" percent="78" />
      <mem type="loa" free="852992" total="852992" percent="100" />
    </mem>
  </mem-info>
</gc-end>
<cycle-end id="3775" type="global" contextid="3765" timestamp="2019-08-08T00:00:35.498" />
  <attribute name="elasticGC enabled" value="1" />
  <attribute name= "numThreadsSpecified" value="16" />
  <attribute name="heapSize specified" value="85065728" />
  <attribute name="Current GC Util" value="30" />
  <attribute name= "Current Time Running" value="154421" />
  <attribute name ="GC Interval" value="0" />
  <attribute name="Target GC Util Change" value ="80.000000" />
  <attribute name="Current GC Util Change" value="30.000000"/>
  <attribute name="Current Error" value="-480.000000" />
  <attribute name="Output H" value="85366224"/>
  <attribute name="Output I" value="200"/>
  <attribute name="Output T" value="16"/>
  <attribute name= "Current Time Running" value="154421" />
  <attribute name="GC Util currently" value="30" />
  <attribute name="CPU Util currently" value="40795648981" />
<allocation-satisfied id="3776" threadId="0000000001DD0F00" bytesRequested="1168" />
<af-end id="3777" timestamp="2019-08-08T00:00:35.498" threadId="0000000001DD1888" success="true" />
<exclusive-end id="3778" timestamp="2019-08-08T00:00:35.498" durationms="43.944" />

<exclusive-start id="3779" timestamp="2019-08-08T00:00:35.505" intervalms="50.930">
  <response-info timems="0.024" idlems="0.024" threads="0" lastid="0000000001DD0F00" lastname="main" />
</exclusive-start>
<af-start id="3780" threadId="0000000001DD1888" totalBytesRequested="1168" timestamp="2019-08-08T00:00:35.505" intervalms="50.999" />
<cycle-start id="3781" type="global" contextid="0" timestamp="2019-08-08T00:00:35.505" intervalms="51.017" />
<gc-start id="3782" type="global" contextid="3781" timestamp="2019-08-08T00:00:35.506">
  <mem-info id="3783" free="852992" total="85393408" percent="0">
    <mem type="tenure" free="852992" total="85393408" percent="0">
      <mem type="soa" free="0" total="84540416" percent="0" />
      <mem type="loa" free="852992" total="852992" percent="100" />
    </mem>
  </mem-info>
</gc-start>
<allocation-stats totalBytes="66415888" >
  <allocated-bytes non-tlh="0" tlh="66415888" />
  <largest-consumer threadName="main" threadId="0000000001DD0F00" bytes="66415888" />
</allocation-stats>
<gc-op id="3784" type="mark" timems="11.890" contextid="3781" timestamp="2019-08-08T00:00:35.518">
  <trace-info objectcount="596719" scancount="517705" scanbytes="13288740" />
  <finalization candidates="80" enqueued="0" />
  <ownableSynchronizers candidates="21" cleared="0" />
  <references type="soft" candidates="1855" cleared="0" enqueued="0" dynamicThreshold="25" maxThreshold="32" />
  <references type="weak" candidates="5726" cleared="0" enqueued="0" />
  <references type="phantom" candidates="97" cleared="0" enqueued="0" />
  <stringconstants candidates="13275" cleared="0"  />
</gc-op>
<gc-op id="3785" type="sweep" timems="2.434" contextid="3781" timestamp="2019-08-08T00:00:35.520" />
<mem-info id="3786" free="67489744" total="85393408" percent="79">
  <mem type="tenure" free="67489744" total="85393408" percent="79" micro-fragmented="0" macro-fragmented="0">
    <mem type="soa" free="66636752" total="84540416" percent="78" />
    <mem type="loa" free="852992" total="852992" percent="100" />
  </mem>
</mem-info>
<gc-op id="3787" type="compact" timems="29.798" contextid="3781" timestamp="2019-08-08T00:00:35.550">
  <compact-info movecount="20" movebytes="488" reason="compact to aid heap contraction" />
</gc-op>
<heap-resize id="3788" type="expand" space="tenure" amount="327680" count="1" timems="0.018" reason="satisfy allocation request" timestamp="2019-08-08T00:00:35.550" />
<gc-end id="3789" type="global" contextid="3781" durationms="44.916" usertimems="98.892" systemtimems="0.000" timestamp="2019-08-08T00:00:35.550" activeThreads="16">
  <mem-info id="3790" free="67751888" total="85721088" percent="79">
    <mem type="tenure" free="67751888" total="85721088" percent="79">
      <mem type="soa" free="66894800" total="84864000" percent="78" />
      <mem type="loa" free="857088" total="857088" percent="100" />
    </mem>
  </mem-info>
</gc-end>
<cycle-end id="3791" type="global" contextid="3781" timestamp="2019-08-08T00:00:35.551" />
  <attribute name="elasticGC enabled" value="1" />
  <attribute name= "numThreadsSpecified" value="16" />
  <attribute name="heapSize specified" value="85393408" />
  <attribute name="Current GC Util" value="37" />
  <attribute name= "Current Time Running" value="154473" />
  <attribute name ="GC Interval" value="0" />
  <attribute name="Target GC Util Change" value ="80.000000" />
  <attribute name="Current GC Util Change" value="37.000000"/>
  <attribute name="Current Error" value="-352.000000" />
  <attribute name="Output H" value="85694496"/>
  <attribute name="Output I" value="200"/>
  <attribute name="Output T" value="16"/>
  <attribute name= "Current Time Running" value="154473" />
  <attribute name="GC Util currently" value="37" />
  <attribute name="CPU Util currently" value="38658925541" />
<allocation-satisfied id="3792" threadId="0000000001DD0F00" bytesRequested="1168" />
<af-end id="3793" timestamp="2019-08-08T00:00:35.551" threadId="0000000001DD1888" success="true" />
<exclusive-end id="3794" timestamp="2019-08-08T00:00:35.551" durationms="45.230" />

<exclusive-start id="3795" timestamp="2019-08-08T00:00:35.557" intervalms="51.689">
  <response-info timems="0.023" idlems="0.023" threads="0" lastid="0000000001DD0F00" lastname="main" />
</exclusive-start>
<af-start id="3796" threadId="0000000001DD1888" totalBytesRequested="1168" timestamp="2019-08-08T00:00:35.557" intervalms="51.622" />
<cycle-start id="3797" type="global" contextid="0" timestamp="2019-08-08T00:00:35.557" intervalms="51.606" />
<gc-start id="3798" type="global" contextid="3797" timestamp="2019-08-08T00:00:35.557">
  <mem-info id="3799" free="857088" total="85721088" percent="0">
    <mem type="tenure" free="857088" total="85721088" percent="0">
      <mem type="soa" free="0" total="84864000" percent="0" />
      <mem type="loa" free="857088" total="857088" percent="100" />
    </mem>
  </mem-info>
</gc-start>
<allocation-stats totalBytes="66737560" >
  <allocated-bytes non-tlh="0" tlh="66737560" />
  <largest-consumer threadName="main" threadId="0000000001DD0F00" bytes="66737560" />
</allocation-stats>
<gc-op id="3800" type="mark" timems="7.939" contextid="3797" timestamp="2019-08-08T00:00:35.565">
  <trace-info objectcount="596719" scancount="517706" scanbytes="13288740" />
  <finalization candidates="80" enqueued="0" />
  <ownableSynchronizers candidates="21" cleared="0" />
  <references type="soft" candidates="1855" cleared="0" enqueued="0" dynamicThreshold="25" maxThreshold="32" />
  <references type="weak" candidates="5726" cleared="0" enqueued="0" />
  <references type="phantom" candidates="97" cleared="0" enqueued="0" />
  <stringconstants candidates="13275" cleared="0"  />
</gc-op>
<gc-op id="3801" type="sweep" timems="1.681" contextid="3797" timestamp="2019-08-08T00:00:35.567" />
<mem-info id="3802" free="67817424" total="85721088" percent="79">
  <mem type="tenure" free="67817424" total="85721088" percent="79" micro-fragmented="0" macro-fragmented="0">
    <mem type="soa" free="66960336" total="84864000" percent="78" />
    <mem type="loa" free="857088" total="857088" percent="100" />
  </mem>
</mem-info>
<gc-op id="3803" type="compact" timems="33.039" contextid="3797" timestamp="2019-08-08T00:00:35.600">
  <compact-info movecount="20" movebytes="488" reason="compact to aid heap contraction" />
</gc-op>
<heap-resize id="3804" type="expand" space="tenure" amount="327680" count="1" timems="0.020" reason="satisfy allocation request" timestamp="2019-08-08T00:00:35.601" />
<gc-end id="3805" type="global" contextid="3797" durationms="44.377" usertimems="92.390" systemtimems="0.000" timestamp="2019-08-08T00:00:35.602" activeThreads="16">
  <mem-info id="3806" free="68079568" total="86048768" percent="79">
    <mem type="tenure" free="68079568" total="86048768" percent="79">
      <mem type="soa" free="67219408" total="85188608" percent="78" />
      <mem type="loa" free="860160" total="860160" percent="100" />
    </mem>
  </mem-info>
</gc-end>
<cycle-end id="3807" type="global" contextid="3797" timestamp="2019-08-08T00:00:35.602" />
  <attribute name="elasticGC enabled" value="1" />
  <attribute name= "numThreadsSpecified" value="16" />
  <attribute name="heapSize specified" value="85721088" />
  <attribute name="Current GC Util" value="102" />
  <attribute name= "Current Time Running" value="154523" />
  <attribute name ="GC Interval" value="0" />
  <attribute name="Target GC Util Change" value ="80.000000" />
  <attribute name="Current GC Util Change" value="102.000000"/>
  <attribute name="Current Error" value="-22.000000" />
  <attribute name="Output H" value="86023704"/>
  <attribute name="Output I" value="1896"/>
  <attribute name="Output T" value="16"/>
  <attribute name= "Current Time Running" value="154523" />
  <attribute name="GC Util currently" value="102" />
  <attribute name="CPU Util currently" value="34864811832" />
<allocation-satisfied id="3808" threadId="0000000001DD0F00" bytesRequested="1168" />
<af-end id="3809" timestamp="2019-08-08T00:00:35.602" threadId="0000000001DD1888" success="true" />
<exclusive-end id="3810" timestamp="2019-08-08T00:00:35.602" durationms="44.578" />

<exclusive-start id="3811" timestamp="2019-08-08T00:00:35.613" intervalms="56.445">
  <response-info timems="0.021" idlems="0.021" threads="0" lastid="0000000001DD0F00" lastname="main" />
</exclusive-start>
<af-start id="3812" threadId="0000000001DD1888" totalBytesRequested="1168" timestamp="2019-08-08T00:00:35.613" intervalms="56.449" />
<cycle-start id="3813" type="global" contextid="0" timestamp="2019-08-08T00:00:35.614" intervalms="56.453" />
<gc-start id="3814" type="global" contextid="3813" timestamp="2019-08-08T00:00:35.614">
  <mem-info id="3815" free="860160" total="86048768" percent="0">
    <mem type="tenure" free="860160" total="86048768" percent="0">
      <mem type="soa" free="0" total="85188608" percent="0" />
      <mem type="loa" free="860160" total="860160" percent="100" />
    </mem>
  </mem-info>
</gc-start>
<allocation-stats totalBytes="67061696" >
  <allocated-bytes non-tlh="0" tlh="67061696" />
  <largest-consumer threadName="main" threadId="0000000001DD0F00" bytes="67061696" />
</allocation-stats>
<gc-op id="3816" type="mark" timems="9.837" contextid="3813" timestamp="2019-08-08T00:00:35.624">
  <trace-info objectcount="596719" scancount="517701" scanbytes="13288740" />
  <finalization candidates="80" enqueued="0" />
  <ownableSynchronizers candidates="21" cleared="0" />
  <references type="soft" candidates="1855" cleared="0" enqueued="0" dynamicThreshold="25" maxThreshold="32" />
  <references type="weak" candidates="5726" cleared="0" enqueued="0" />
  <references type="phantom" candidates="97" cleared="0" enqueued="0" />
  <stringconstants candidates="13275" cleared="0"  />
</gc-op>
<gc-op id="3817" type="sweep" timems="2.139" contextid="3813" timestamp="2019-08-08T00:00:35.626" />
<mem-info id="3818" free="68145104" total="86048768" percent="79">
  <mem type="tenure" free="68145104" total="86048768" percent="79" micro-fragmented="0" macro-fragmented="0">
    <mem type="soa" free="67284944" total="85188608" percent="78" />
    <mem type="loa" free="860160" total="860160" percent="100" />
  </mem>
</mem-info>
<gc-op id="3819" type="compact" timems="30.911" contextid="3813" timestamp="2019-08-08T00:00:35.657">
  <compact-info movecount="20" movebytes="488" reason="compact to aid heap contraction" />
</gc-op>
<heap-resize id="3820" type="expand" space="tenure" amount="327680" count="1" timems="0.020" reason="satisfy allocation request" timestamp="2019-08-08T00:00:35.658" />
<gc-end id="3821" type="global" contextid="3813" durationms="44.321" usertimems="86.433" systemtimems="0.000" timestamp="2019-08-08T00:00:35.658" activeThreads="16">
  <mem-info id="3822" free="68407248" total="86376448" percent="79">
    <mem type="tenure" free="68407248" total="86376448" percent="79">
      <mem type="soa" free="67544016" total="85513216" percent="78" />
      <mem type="loa" free="863232" total="863232" percent="100" />
    </mem>
  </mem-info>
</gc-end>
<cycle-end id="3823" type="global" contextid="3813" timestamp="2019-08-08T00:00:35.658" />
  <attribute name="elasticGC enabled" value="1" />
  <attribute name= "numThreadsSpecified" value="16" />
  <attribute name="heapSize specified" value="86048768" />
  <attribute name="Current GC Util" value="42" />
  <attribute name= "Current Time Running" value="154580" />
  <attribute name ="GC Interval" value="0" />
  <attribute name="Target GC Util Change" value ="80.000000" />
  <attribute name="Current GC Util Change" value="42.000000"/>
  <attribute name="Current Error" value="-359.000000" />
  <attribute name="Output H" value="86349824"/>
  <attribute name="Output I" value="200"/>
  <attribute name="Output T" value="16"/>
  <attribute name= "Current Time Running" value="154580" />
  <attribute name="GC Util currently" value="42" />
  <attribute name="CPU Util currently" value="37268561042" />
<allocation-satisfied id="3824" threadId="0000000001DD0F00" bytesRequested="1168" />
<af-end id="3825" timestamp="2019-08-08T00:00:35.658" threadId="0000000001DD1888" success="true" />
<exclusive-end id="3826" timestamp="2019-08-08T00:00:35.658" durationms="44.567" />

<exclusive-start id="3827" timestamp="2019-08-08T00:00:35.666" intervalms="52.851">
  <response-info timems="0.024" idlems="0.024" threads="0" lastid="0000000001DD0F00" lastname="main" />
</exclusive-start>
<af-start id="3828" threadId="0000000001DD1888" totalBytesRequested="1168" timestamp="2019-08-08T00:00:35.666" intervalms="52.848" />
<cycle-start id="3829" type="global" contextid="0" timestamp="2019-08-08T00:00:35.666" intervalms="52.868" />
<gc-start id="3830" type="global" contextid="3829" timestamp="2019-08-08T00:00:35.666">
  <mem-info id="3831" free="863232" total="86376448" percent="0">
    <mem type="tenure" free="863232" total="86376448" percent="0">
      <mem type="soa" free="0" total="85513216" percent="0" />
      <mem type="loa" free="863232" total="863232" percent="100" />
    </mem>
  </mem-info>
</gc-start>
<allocation-stats totalBytes="67308728" >
  <allocated-bytes non-tlh="0" tlh="67308728" />
  <largest-consumer threadName="main" threadId="0000000001DD0F00" bytes="67308728" />
</allocation-stats>
<gc-op id="3832" type="mark" timems="9.868" contextid="3829" timestamp="2019-08-08T00:00:35.676">
  <trace-info objectcount="596719" scancount="517703" scanbytes="13288768" />
  <finalization candidates="80" enqueued="0" />
  <ownableSynchronizers candidates="21" cleared="0" />
  <references type="soft" candidates="1855" cleared="0" enqueued="0" dynamicThreshold="25" maxThreshold="32" />
  <references type="weak" candidates="5726" cleared="0" enqueued="0" />
  <references type="phantom" candidates="97" cleared="0" enqueued="0" />
  <stringconstants candidates="13275" cleared="0"  />
</gc-op>
<gc-op id="3833" type="sweep" timems="2.144" contextid="3829" timestamp="2019-08-08T00:00:35.679" />
<mem-info id="3834" free="68471464" total="86376448" percent="79">
  <mem type="tenure" free="68471464" total="86376448" percent="79" micro-fragmented="0" macro-fragmented="0">
    <mem type="soa" free="67608232" total="85513216" percent="79" />
    <mem type="loa" free="863232" total="863232" percent="100" />
  </mem>
</mem-info>
<gc-op id="3835" type="compact" timems="32.321" contextid="3829" timestamp="2019-08-08T00:00:35.711">
  <compact-info movecount="820" movebytes="43392" reason="compact to aid heap contraction" />
</gc-op>
<heap-resize id="3836" type="expand" space="tenure" amount="327680" count="1" timems="0.022" reason="satisfy allocation request" timestamp="2019-08-08T00:00:35.712" />
<gc-end id="3837" type="global" contextid="3829" durationms="45.650" usertimems="103.080" systemtimems="0.000" timestamp="2019-08-08T00:00:35.712" activeThreads="16">
  <mem-info id="3838" free="68734896" total="86704128" percent="79">
    <mem type="tenure" free="68734896" total="86704128" percent="79">
      <mem type="soa" free="67868592" total="85837824" percent="79" />
      <mem type="loa" free="866304" total="866304" percent="100" />
    </mem>
  </mem-info>
</gc-end>
<cycle-end id="3839" type="global" contextid="3829" timestamp="2019-08-08T00:00:35.712" />
  <attribute name="elasticGC enabled" value="1" />
  <attribute name= "numThreadsSpecified" value="16" />
  <attribute name="heapSize specified" value="86376448" />
  <attribute name="Current GC Util" value="48" />
  <attribute name= "Current Time Running" value="154634" />
  <attribute name ="GC Interval" value="0" />
  <attribute name="Target GC Util Change" value ="80.000000" />
  <attribute name="Current GC Util Change" value="48.000000"/>
  <attribute name="Current Error" value="-551.000000" />
  <attribute name="Output H" value="86676616"/>
  <attribute name="Output I" value="200"/>
  <attribute name="Output T" value="16"/>
  <attribute name= "Current Time Running" value="154634" />
  <attribute name="GC Util currently" value="48" />
  <attribute name="CPU Util currently" value="35605293796" />
<allocation-satisfied id="3840" threadId="0000000001DD0F00" bytesRequested="1168" />
<af-end id="3841" timestamp="2019-08-08T00:00:35.712" threadId="0000000001DD1888" success="true" />
<exclusive-end id="3842" timestamp="2019-08-08T00:00:35.712" durationms="45.894" />

<exclusive-start id="3843" timestamp="2019-08-08T00:00:35.721" intervalms="54.759">
  <response-info timems="0.023" idlems="0.023" threads="0" lastid="0000000001DD0F00" lastname="main" />
</exclusive-start>
<af-start id="3844" threadId="0000000001DD1888" totalBytesRequested="1168" timestamp="2019-08-08T00:00:35.721" intervalms="54.765" />
<cycle-start id="3845" type="global" contextid="0" timestamp="2019-08-08T00:00:35.721" intervalms="54.740" />
<gc-start id="3846" type="global" contextid="3845" timestamp="2019-08-08T00:00:35.721">
  <mem-info id="3847" free="866304" total="86704128" percent="0">
    <mem type="tenure" free="866304" total="86704128" percent="0">
      <mem type="soa" free="0" total="85837824" percent="0" />
      <mem type="loa" free="866304" total="866304" percent="100" />
    </mem>
  </mem-info>
</gc-start>
<allocation-stats totalBytes="67496384" >
  <allocated-bytes non-tlh="0" tlh="67496384" />
  <largest-consumer threadName="main" threadId="0000000001DD0F00" bytes="67496384" />
</allocation-stats>
<gc-op id="3848" type="mark" timems="10.924" contextid="3845" timestamp="2019-08-08T00:00:35.732">
  <trace-info objectcount="596720" scancount="517704" scanbytes="13288792" />
  <finalization candidates="80" enqueued="0" />
  <ownableSynchronizers candidates="21" cleared="0" />
  <references type="soft" candidates="1855" cleared="0" enqueued="0" dynamicThreshold="25" maxThreshold="32" />
  <references type="weak" candidates="5726" cleared="0" enqueued="0" />
  <references type="phantom" candidates="97" cleared="0" enqueued="0" />
  <stringconstants candidates="13275" cleared="0"  />
</gc-op>
<gc-op id="3849" type="sweep" timems="2.403" contextid="3845" timestamp="2019-08-08T00:00:35.735" />
<mem-info id="3850" free="68800408" total="86704128" percent="79">
  <mem type="tenure" free="68800408" total="86704128" percent="79" micro-fragmented="0" macro-fragmented="0">
    <mem type="soa" free="67934104" total="85837824" percent="79" />
    <mem type="loa" free="866304" total="866304" percent="100" />
  </mem>
</mem-info>
<gc-op id="3851" type="compact" timems="26.347" contextid="3845" timestamp="2019-08-08T00:00:35.761">
  <compact-info movecount="20" movebytes="496" reason="compact to aid heap contraction" />
</gc-op>
<heap-resize id="3852" type="expand" space="tenure" amount="327680" count="1" timems="0.030" reason="satisfy allocation request" timestamp="2019-08-08T00:00:35.765" />
<gc-end id="3853" type="global" contextid="3845" durationms="44.001" usertimems="74.054" systemtimems="0.000" timestamp="2019-08-08T00:00:35.765" activeThreads="16">
  <mem-info id="3854" free="69062552" total="87031808" percent="79">
    <mem type="tenure" free="69062552" total="87031808" percent="79">
      <mem type="soa" free="68193176" total="86162432" percent="79" />
      <mem type="loa" free="869376" total="869376" percent="100" />
    </mem>
  </mem-info>
</gc-end>
<cycle-end id="3855" type="global" contextid="3845" timestamp="2019-08-08T00:00:35.765" />
  <attribute name="elasticGC enabled" value="1" />
  <attribute name= "numThreadsSpecified" value="16" />
  <attribute name="heapSize specified" value="86704128" />
  <attribute name="Current GC Util" value="42" />
  <attribute name= "Current Time Running" value="154684" />
  <attribute name ="GC Interval" value="0" />
  <attribute name="Target GC Util Change" value ="80.000000" />
  <attribute name="Current GC Util Change" value="42.000000"/>
  <attribute name="Current Error" value="38.000000" />
  <attribute name="Output H" value="87007016"/>
  <attribute name="Output I" value="2208"/>
  <attribute name="Output T" value="16"/>
  <attribute name= "Current Time Running" value="154684" />
  <attribute name="GC Util currently" value="42" />
  <attribute name="CPU Util currently" value="43714562024" />
<allocation-satisfied id="3856" threadId="0000000001DD0F00" bytesRequested="1168" />
<af-end id="3857" timestamp="2019-08-08T00:00:35.765" threadId="0000000001DD1888" success="true" />
<exclusive-end id="3858" timestamp="2019-08-08T00:00:35.765" durationms="44.266" />

<exclusive-start id="3859" timestamp="2019-08-08T00:00:35.774" intervalms="53.293">
  <response-info timems="0.025" idlems="0.025" threads="0" lastid="0000000001DD0F00" lastname="main" />
</exclusive-start>
<af-start id="3860" threadId="0000000001DD1888" totalBytesRequested="1168" timestamp="2019-08-08T00:00:35.774" intervalms="53.288" />
<cycle-start id="3861" type="global" contextid="0" timestamp="2019-08-08T00:00:35.774" intervalms="53.289" />
<gc-start id="3862" type="global" contextid="3861" timestamp="2019-08-08T00:00:35.774">
  <mem-info id="3863" free="869376" total="87031808" percent="0">
    <mem type="tenure" free="869376" total="87031808" percent="0">
      <mem type="soa" free="0" total="86162432" percent="0" />
      <mem type="loa" free="869376" total="869376" percent="100" />
    </mem>
  </mem-info>
</gc-start>
<allocation-stats totalBytes="67831936" >
  <allocated-bytes non-tlh="0" tlh="67831936" />
  <largest-consumer threadName="main" threadId="0000000001DD0F00" bytes="67831936" />
</allocation-stats>
<gc-op id="3864" type="mark" timems="8.626" contextid="3861" timestamp="2019-08-08T00:00:35.783">
  <trace-info objectcount="596720" scancount="517707" scanbytes="13288792" />
  <finalization candidates="80" enqueued="0" />
  <ownableSynchronizers candidates="21" cleared="0" />
  <references type="soft" candidates="1855" cleared="0" enqueued="0" dynamicThreshold="25" maxThreshold="32" />
  <references type="weak" candidates="5726" cleared="0" enqueued="0" />
  <references type="phantom" candidates="97" cleared="0" enqueued="0" />
  <stringconstants candidates="13275" cleared="0"  />
</gc-op>
<gc-op id="3865" type="sweep" timems="2.402" contextid="3861" timestamp="2019-08-08T00:00:35.786" />
<mem-info id="3866" free="69128088" total="87031808" percent="79">
  <mem type="tenure" free="69128088" total="87031808" percent="79" micro-fragmented="0" macro-fragmented="0">
    <mem type="soa" free="68258712" total="86162432" percent="79" />
    <mem type="loa" free="869376" total="869376" percent="100" />
  </mem>
</mem-info>
<gc-op id="3867" type="compact" timems="33.031" contextid="3861" timestamp="2019-08-08T00:00:35.819">
  <compact-info movecount="20" movebytes="480" reason="compact to aid heap contraction" />
</gc-op>
<heap-resize id="3868" type="expand" space="tenure" amount="327680" count="1" timems="0.020" reason="satisfy allocation request" timestamp="2019-08-08T00:00:35.821" />
<gc-end id="3869" type="global" contextid="3861" durationms="46.131" usertimems="94.375" systemtimems="0.000" timestamp="2019-08-08T00:00:35.821" activeThreads="16">
  <mem-info id="3870" free="69390232" total="87359488" percent="79">
    <mem type="tenure" free="69390232" total="87359488" percent="79">
      <mem type="soa" free="68516760" total="86486016" percent="79" />
      <mem type="loa" free="873472" total="873472" percent="100" />
    </mem>
  </mem-info>
</gc-end>
<cycle-end id="3871" type="global" contextid="3861" timestamp="2019-08-08T00:00:35.821" />
  <attribute name="elasticGC enabled" value="1" />
  <attribute name= "numThreadsSpecified" value="16" />
  <attribute name="heapSize specified" value="87031808" />
  <attribute name="Current GC Util" value="25" />
  <attribute name= "Current Time Running" value="154742" />
  <attribute name ="GC Interval" value="0" />
  <attribute name="Target GC Util Change" value ="80.000000" />
  <attribute name="Current GC Util Change" value="25.000000"/>
  <attribute name="Current Error" value="-563.000000" />
  <attribute name="Output H" value="87331920"/>
  <attribute name="Output I" value="200"/>
  <attribute name="Output T" value="16"/>
  <attribute name= "Current Time Running" value="154742" />
  <attribute name="GC Util currently" value="25" />
  <attribute name="CPU Util currently" value="34879800180" />
<allocation-satisfied id="3872" threadId="0000000001DD0F00" bytesRequested="1168" />
<af-end id="3873" timestamp="2019-08-08T00:00:35.821" threadId="0000000001DD1888" success="true" />
<exclusive-end id="3874" timestamp="2019-08-08T00:00:35.821" durationms="46.332" />

<exclusive-start id="3875" timestamp="2019-08-08T00:00:35.830" intervalms="55.283">
  <response-info timems="0.025" idlems="0.025" threads="0" lastid="0000000001DD0F00" lastname="main" />
</exclusive-start>
<af-start id="3876" threadId="0000000001DD1888" totalBytesRequested="1168" timestamp="2019-08-08T00:00:35.830" intervalms="55.466" />
<cycle-start id="3877" type="global" contextid="0" timestamp="2019-08-08T00:00:35.830" intervalms="55.471" />
<gc-start id="3878" type="global" contextid="3877" timestamp="2019-08-08T00:00:35.830">
  <mem-info id="3879" free="873472" total="87359488" percent="0">
    <mem type="tenure" free="873472" total="87359488" percent="0">
      <mem type="soa" free="0" total="86486016" percent="0" />
      <mem type="loa" free="873472" total="873472" percent="100" />
    </mem>
  </mem-info>
</gc-start>
<allocation-stats totalBytes="68153192" >
  <allocated-bytes non-tlh="0" tlh="68153192" />
  <largest-consumer threadName="main" threadId="0000000001DD0F00" bytes="68153192" />
</allocation-stats>
<gc-op id="3880" type="mark" timems="12.186" contextid="3877" timestamp="2019-08-08T00:00:35.842">
  <trace-info objectcount="596720" scancount="517708" scanbytes="13288792" />
  <finalization candidates="80" enqueued="0" />
  <ownableSynchronizers candidates="21" cleared="0" />
  <references type="soft" candidates="1855" cleared="0" enqueued="0" dynamicThreshold="25" maxThreshold="32" />
  <references type="weak" candidates="5726" cleared="0" enqueued="0" />
  <references type="phantom" candidates="97" cleared="0" enqueued="0" />
  <stringconstants candidates="13275" cleared="0"  />
</gc-op>
<gc-op id="3881" type="sweep" timems="2.127" contextid="3877" timestamp="2019-08-08T00:00:35.844" />
<mem-info id="3882" free="69455672" total="87359488" percent="79">
  <mem type="tenure" free="69455672" total="87359488" percent="79" micro-fragmented="0" macro-fragmented="0">
    <mem type="soa" free="68582200" total="86486016" percent="79" />
    <mem type="loa" free="873472" total="873472" percent="100" />
  </mem>
</mem-info>
<gc-op id="3883" type="compact" timems="35.024" contextid="3877" timestamp="2019-08-08T00:00:35.879">
  <compact-info movecount="20" movebytes="496" reason="compact to aid heap contraction" />
</gc-op>
<heap-resize id="3884" type="expand" space="tenure" amount="327680" count="1" timems="0.021" reason="satisfy allocation request" timestamp="2019-08-08T00:00:35.881" />
<gc-end id="3885" type="global" contextid="3877" durationms="51.460" usertimems="112.669" systemtimems="0.000" timestamp="2019-08-08T00:00:35.881" activeThreads="16">
  <mem-info id="3886" free="69717912" total="87687168" percent="79">
    <mem type="tenure" free="69717912" total="87687168" percent="79">
      <mem type="soa" free="68841368" total="86810624" percent="79" />
      <mem type="loa" free="876544" total="876544" percent="100" />
    </mem>
  </mem-info>
</gc-end>
<cycle-end id="3887" type="global" contextid="3877" timestamp="2019-08-08T00:00:35.881" />
  <attribute name="elasticGC enabled" value="1" />
  <attribute name= "numThreadsSpecified" value="16" />
  <attribute name="heapSize specified" value="87359488" />
  <attribute name="Current GC Util" value="61" />
  <attribute name= "Current Time Running" value="154803" />
  <attribute name ="GC Interval" value="0" />
  <attribute name="Target GC Util Change" value ="80.000000" />
  <attribute name="Current GC Util Change" value="61.000000"/>
  <attribute name="Current Error" value="-408.000000" />
  <attribute name="Output H" value="87660320"/>
  <attribute name="Output I" value="200"/>
  <attribute name="Output T" value="16"/>
  <attribute name= "Current Time Running" value="154803" />
  <attribute name="GC Util currently" value="61" />
  <attribute name="CPU Util currently" value="32869119503" />
<allocation-satisfied id="3888" threadId="0000000001DD0F00" bytesRequested="1168" />
<af-end id="3889" timestamp="2019-08-08T00:00:35.881" threadId="0000000001DD1888" success="true" />
<exclusive-end id="3890" timestamp="2019-08-08T00:00:35.882" durationms="51.873" />

<exclusive-start id="3891" timestamp="2019-08-08T00:00:35.891" intervalms="60.934">
  <response-info timems="0.023" idlems="0.023" threads="0" lastid="0000000001DD0F00" lastname="main" />
</exclusive-start>
<af-start id="3892" threadId="0000000001DD1888" totalBytesRequested="1168" timestamp="2019-08-08T00:00:35.891" intervalms="60.771" />
<cycle-start id="3893" type="global" contextid="0" timestamp="2019-08-08T00:00:35.891" intervalms="60.770" />
<gc-start id="3894" type="global" contextid="3893" timestamp="2019-08-08T00:00:35.891">
  <mem-info id="3895" free="876544" total="87687168" percent="0">
    <mem type="tenure" free="876544" total="87687168" percent="0">
      <mem type="soa" free="0" total="86810624" percent="0" />
      <mem type="loa" free="876544" total="876544" percent="100" />
    </mem>
  </mem-info>
</gc-start>
<allocation-stats totalBytes="68475736" >
  <allocated-bytes non-tlh="0" tlh="68475736" />
  <largest-consumer threadName="main" threadId="0000000001DD0F00" bytes="68475736" />
</allocation-stats>
<gc-op id="3896" type="mark" timems="10.286" contextid="3893" timestamp="2019-08-08T00:00:35.901">
  <trace-info objectcount="596720" scancount="517704" scanbytes="13288792" />
  <finalization candidates="80" enqueued="0" />
  <ownableSynchronizers candidates="21" cleared="0" />
  <references type="soft" candidates="1855" cleared="0" enqueued="0" dynamicThreshold="25" maxThreshold="32" />
  <references type="weak" candidates="5726" cleared="0" enqueued="0" />
  <references type="phantom" candidates="97" cleared="0" enqueued="0" />
  <stringconstants candidates="13275" cleared="0"  />
</gc-op>
<gc-op id="3897" type="sweep" timems="1.929" contextid="3893" timestamp="2019-08-08T00:00:35.903" />
<mem-info id="3898" free="69783448" total="87687168" percent="79">
  <mem type="tenure" free="69783448" total="87687168" percent="79" micro-fragmented="0" macro-fragmented="0">
    <mem type="soa" free="68906904" total="86810624" percent="79" />
    <mem type="loa" free="876544" total="876544" percent="100" />
  </mem>
</mem-info>
<gc-op id="3899" type="compact" timems="35.074" contextid="3893" timestamp="2019-08-08T00:00:35.938">
  <compact-info movecount="20" movebytes="480" reason="compact to aid heap contraction" />
</gc-op>
<heap-resize id="3900" type="expand" space="tenure" amount="327680" count="1" timems="0.020" reason="satisfy allocation request" timestamp="2019-08-08T00:00:35.939" />
<gc-end id="3901" type="global" contextid="3893" durationms="48.314" usertimems="111.654" systemtimems="0.000" timestamp="2019-08-08T00:00:35.939" activeThreads="16">
  <mem-info id="3902" free="70045592" total="88014848" percent="79">
    <mem type="tenure" free="70045592" total="88014848" percent="79">
      <mem type="soa" free="69165976" total="87135232" percent="79" />
      <mem type="loa" free="879616" total="879616" percent="100" />
    </mem>
  </mem-info>
</gc-end>
<cycle-end id="3903" type="global" contextid="3893" timestamp="2019-08-08T00:00:35.939" />
  <attribute name="elasticGC enabled" value="1" />
  <attribute name= "numThreadsSpecified" value="16" />
  <attribute name="heapSize specified" value="87687168" />
  <attribute name="Current GC Util" value="54" />
  <attribute name= "Current Time Running" value="154861" />
  <attribute name ="GC Interval" value="0" />
  <attribute name="Target GC Util Change" value ="80.000000" />
  <attribute name="Current GC Util Change" value="54.000000"/>
  <attribute name="Current Error" value="26.000000" />
  <attribute name="Output H" value="87990000"/>
  <attribute name="Output I" value="2144"/>
  <attribute name="Output T" value="16"/>
  <attribute name= "Current Time Running" value="154861" />
  <attribute name="GC Util currently" value="54" />
  <attribute name="CPU Util currently" value="32842157471" />
<allocation-satisfied id="3904" threadId="0000000001DD0F00" bytesRequested="1168" />
<af-end id="3905" timestamp="2019-08-08T00:00:35.939" threadId="0000000001DD1888" success="true" />
<exclusive-end id="3906" timestamp="2019-08-08T00:00:35.939" durationms="48.593" />

<exclusive-start id="3907" timestamp="2019-08-08T00:00:35.947" intervalms="56.353">
  <response-info timems="0.025" idlems="0.025" threads="0" lastid="0000000001DD0F00" lastname="main" />
</exclusive-start>
<af-start id="3908" threadId="0000000001DD1888" totalBytesRequested="1168" timestamp="2019-08-08T00:00:35.947" intervalms="56.330" />
<cycle-start id="3909" type="global" contextid="0" timestamp="2019-08-08T00:00:35.947" intervalms="56.325" />
<gc-start id="3910" type="global" contextid="3909" timestamp="2019-08-08T00:00:35.947">
  <mem-info id="3911" free="879616" total="88014848" percent="0">
    <mem type="tenure" free="879616" total="88014848" percent="0">
      <mem type="soa" free="0" total="87135232" percent="0" />
      <mem type="loa" free="879616" total="879616" percent="100" />
    </mem>
  </mem-info>
</gc-start>
<allocation-stats totalBytes="68798280" >
  <allocated-bytes non-tlh="0" tlh="68798280" />
  <largest-consumer threadName="main" threadId="0000000001DD0F00" bytes="68798280" />
</allocation-stats>
<gc-op id="3912" type="mark" timems="9.999" contextid="3909" timestamp="2019-08-08T00:00:35.957">
  <trace-info objectcount="596720" scancount="517700" scanbytes="13288792" />
  <finalization candidates="80" enqueued="0" />
  <ownableSynchronizers candidates="21" cleared="0" />
  <references type="soft" candidates="1855" cleared="0" enqueued="0" dynamicThreshold="25" maxThreshold="32" />
  <references type="weak" candidates="5726" cleared="0" enqueued="0" />
  <references type="phantom" candidates="97" cleared="0" enqueued="0" />
  <stringconstants candidates="13275" cleared="0"  />
</gc-op>
<gc-op id="3913" type="sweep" timems="1.860" contextid="3909" timestamp="2019-08-08T00:00:35.959" />
<mem-info id="3914" free="70111128" total="88014848" percent="79">
  <mem type="tenure" free="70111128" total="88014848" percent="79" micro-fragmented="0" macro-fragmented="0">
    <mem type="soa" free="69231512" total="87135232" percent="79" />
    <mem type="loa" free="879616" total="879616" percent="100" />
  </mem>
</mem-info>
<gc-op id="3915" type="compact" timems="24.166" contextid="3909" timestamp="2019-08-08T00:00:35.983">
  <compact-info movecount="20" movebytes="480" reason="compact to aid heap contraction" />
</gc-op>
<heap-resize id="3916" type="expand" space="tenure" amount="327680" count="1" timems="0.022" reason="satisfy allocation request" timestamp="2019-08-08T00:00:35.985" />
<gc-end id="3917" type="global" contextid="3909" durationms="37.838" usertimems="89.946" systemtimems="0.000" timestamp="2019-08-08T00:00:35.985" activeThreads="16">
  <mem-info id="3918" free="70373272" total="88342528" percent="79">
    <mem type="tenure" free="70373272" total="88342528" percent="79">
      <mem type="soa" free="69490584" total="87459840" percent="79" />
      <mem type="loa" free="882688" total="882688" percent="100" />
    </mem>
  </mem-info>
</gc-end>
<cycle-end id="3919" type="global" contextid="3909" timestamp="2019-08-08T00:00:35.985" />
  <attribute name="elasticGC enabled" value="1" />
  <attribute name= "numThreadsSpecified" value="16" />
  <attribute name="heapSize specified" value="88014848" />
  <attribute name="Current GC Util" value="111" />
  <attribute name= "Current Time Running" value="154906" />
  <attribute name ="GC Interval" value="0" />
  <attribute name="Target GC Util Change" value ="80.000000" />
  <attribute name="Current GC Util Change" value="111.000000"/>
  <attribute name="Current Error" value="-843.000000" />
  <attribute name="Output H" value="88313672"/>
  <attribute name="Output I" value="200"/>
  <attribute name="Output T" value="16"/>
  <attribute name= "Current Time Running" value="154906" />
  <attribute name="GC Util currently" value="111" />
  <attribute name="CPU Util currently" value="47624085522" />
<allocation-satisfied id="3920" threadId="0000000001DD0F00" bytesRequested="1168" />
<af-end id="3921" timestamp="2019-08-08T00:00:35.985" threadId="0000000001DD1888" success="true" />
<exclusive-end id="3922" timestamp="2019-08-08T00:00:35.985" durationms="38.055" />

<exclusive-start id="3923" timestamp="2019-08-08T00:00:36.044" intervalms="97.539">
  <response-info timems="0.021" idlems="0.021" threads="0" lastid="0000000001DD0F00" lastname="main" />
</exclusive-start>
<af-start id="3924" threadId="0000000001DD1888" totalBytesRequested="32" timestamp="2019-08-08T00:00:36.045" intervalms="97.537" />
<cycle-start id="3925" type="global" contextid="0" timestamp="2019-08-08T00:00:36.045" intervalms="97.535" />
<gc-start id="3926" type="global" contextid="3925" timestamp="2019-08-08T00:00:36.045">
  <mem-info id="3927" free="882688" total="88342528" percent="0">
    <mem type="tenure" free="882688" total="88342528" percent="0">
      <mem type="soa" free="0" total="87459840" percent="0" />
      <mem type="loa" free="882688" total="882688" percent="100" />
    </mem>
  </mem-info>
</gc-start>
<allocation-stats totalBytes="69542472" >
  <allocated-bytes non-tlh="0" tlh="69542472" />
  <largest-consumer threadName="main" threadId="0000000001DD0F00" bytes="69542472" />
</allocation-stats>
<gc-op id="3928" type="mark" timems="9.668" contextid="3925" timestamp="2019-08-08T00:00:36.054">
  <trace-info objectcount="596917" scancount="517906" scanbytes="13295368" />
  <finalization candidates="80" enqueued="0" />
  <ownableSynchronizers candidates="21" cleared="0" />
  <references type="soft" candidates="1855" cleared="0" enqueued="0" dynamicThreshold="25" maxThreshold="32" />
  <references type="weak" candidates="5749" cleared="0" enqueued="0" />
  <references type="phantom" candidates="97" cleared="0" enqueued="0" />
  <stringconstants candidates="13275" cleared="0"  />
</gc-op>
<gc-op id="3929" type="sweep" timems="1.807" contextid="3925" timestamp="2019-08-08T00:00:36.056" />
<mem-info id="3930" free="70420616" total="88342528" percent="79">
  <mem type="tenure" free="70420616" total="88342528" percent="79" micro-fragmented="0" macro-fragmented="0">
    <mem type="soa" free="69537928" total="87459840" percent="79" />
    <mem type="loa" free="882688" total="882688" percent="100" />
  </mem>
</mem-info>
<gc-op id="3931" type="compact" timems="140.494" contextid="3925" timestamp="2019-08-08T00:00:36.197">
  <compact-info movecount="552911" movebytes="15365216" reason="compact to aid heap contraction" />
</gc-op>
<heap-resize id="3932" type="expand" space="tenure" amount="327680" count="1" timems="0.019" reason="satisfy allocation request" timestamp="2019-08-08T00:00:36.198" />
<gc-end id="3933" type="global" contextid="3925" durationms="152.985" usertimems="205.394" systemtimems="0.000" timestamp="2019-08-08T00:00:36.198" activeThreads="16">
  <mem-info id="3934" free="70695504" total="88670208" percent="79">
    <mem type="tenure" free="70695504" total="88670208" percent="79">
      <mem type="soa" free="69809744" total="87784448" percent="79" />
      <mem type="loa" free="885760" total="885760" percent="100" />
    </mem>
  </mem-info>
</gc-end>
<cycle-end id="3935" type="global" contextid="3925" timestamp="2019-08-08T00:00:36.198" />
  <attribute name="elasticGC enabled" value="1" />
  <attribute name= "numThreadsSpecified" value="16" />
  <attribute name="heapSize specified" value="88342528" />
  <attribute name="Current GC Util" value="12" />
  <attribute name= "Current Time Running" value="155120" />
  <attribute name ="GC Interval" value="0" />
  <attribute name="Target GC Util Change" value ="80.000000" />
  <attribute name="Current GC Util Change" value="12.000000"/>
  <attribute name="Current Error" value="-428.000000" />
  <attribute name="Output H" value="88643264"/>
  <attribute name="Output I" value="200"/>
  <attribute name="Output T" value="16"/>
  <attribute name= "Current Time Running" value="155120" />
  <attribute name="GC Util currently" value="12" />
  <attribute name="CPU Util currently" value="8203712664" />
<allocation-satisfied id="3936" threadId="0000000001DD0F00" bytesRequested="32" />
<af-end id="3937" timestamp="2019-08-08T00:00:36.198" threadId="0000000001DD1888" success="true" />
<exclusive-end id="3938" timestamp="2019-08-08T00:00:36.198" durationms="153.169" />

<exclusive-start id="3939" timestamp="2019-08-08T00:00:36.248" intervalms="203.868">
  <response-info timems="0.024" idlems="0.024" threads="0" lastid="0000000001DD0F00" lastname="main" />
</exclusive-start>
<af-start id="3940" threadId="0000000001DD1888" totalBytesRequested="120" timestamp="2019-08-08T00:00:36.248" intervalms="203.875" />
<cycle-start id="3941" type="global" contextid="0" timestamp="2019-08-08T00:00:36.248" intervalms="203.881" />
<gc-start id="3942" type="global" contextid="3941" timestamp="2019-08-08T00:00:36.248">
  <mem-info id="3943" free="885760" total="88670208" percent="0">
    <mem type="tenure" free="885760" total="88670208" percent="0">
      <mem type="soa" free="0" total="87784448" percent="0" />
      <mem type="loa" free="885760" total="885760" percent="100" />
    </mem>
  </mem-info>
</gc-start>
<allocation-stats totalBytes="69851144" >
  <allocated-bytes non-tlh="0" tlh="69851144" />
  <largest-consumer threadName="main" threadId="0000000001DD0F00" bytes="69851144" />
</allocation-stats>
<gc-op id="3944" type="mark" timems="11.904" contextid="3941" timestamp="2019-08-08T00:00:36.260">
  <trace-info objectcount="596724" scancount="517710" scanbytes="13288888" />
  <finalization candidates="80" enqueued="0" />
  <ownableSynchronizers candidates="21" cleared="0" />
  <references type="soft" candidates="1855" cleared="5" enqueued="5" dynamicThreshold="25" maxThreshold="32" />
  <references type="weak" candidates="5749" cleared="7" enqueued="3" />
  <references type="phantom" candidates="97" cleared="0" enqueued="0" />
  <stringconstants candidates="13275" cleared="0"  />
</gc-op>
<gc-op id="3945" type="sweep" timems="1.996" contextid="3941" timestamp="2019-08-08T00:00:36.263" />
<mem-info id="3946" free="70764744" total="88670208" percent="79">
  <mem type="tenure" free="70764744" total="88670208" percent="79" micro-fragmented="0" macro-fragmented="0">
    <mem type="soa" free="69878984" total="87784448" percent="79" />
    <mem type="loa" free="885760" total="885760" percent="100" />
  </mem>
  <pending-finalizers system="0" default="0" reference="8" classloader="0" />
</mem-info>
<gc-op id="3947" type="compact" timems="34.014" contextid="3941" timestamp="2019-08-08T00:00:36.297">
  <compact-info movecount="805" movebytes="41928" reason="compact to aid heap contraction" />
</gc-op>
<heap-resize id="3948" type="expand" space="tenure" amount="327680" count="1" timems="0.023" reason="satisfy allocation request" timestamp="2019-08-08T00:00:36.298" />
<gc-end id="3949" type="global" contextid="3941" durationms="49.653" usertimems="99.079" systemtimems="0.000" timestamp="2019-08-08T00:00:36.298" activeThreads="16">
  <mem-info id="3950" free="71029568" total="88997888" percent="79">
    <mem type="tenure" free="71029568" total="88997888" percent="79">
      <mem type="soa" free="70139712" total="88108032" percent="79" />
      <mem type="loa" free="889856" total="889856" percent="100" />
    </mem>
    <pending-finalizers system="0" default="0" reference="8" classloader="0" />
  </mem-info>
</gc-end>
<cycle-end id="3951" type="global" contextid="3941" timestamp="2019-08-08T00:00:36.298" />
  <attribute name="elasticGC enabled" value="1" />
  <attribute name= "numThreadsSpecified" value="16" />
  <attribute name="heapSize specified" value="88670208" />
  <attribute name="Current GC Util" value="37" />
  <attribute name= "Current Time Running" value="155220" />
  <attribute name ="GC Interval" value="0" />
  <attribute name="Target GC Util Change" value ="80.000000" />
  <attribute name="Current GC Util Change" value="37.000000"/>
  <attribute name="Current Error" value="43.000000" />
  <attribute name="Output H" value="88973120"/>
  <attribute name="Output I" value="2232"/>
  <attribute name="Output T" value="16"/>
  <attribute name= "Current Time Running" value="155220" />
  <attribute name="GC Util currently" value="37" />
  <attribute name="CPU Util currently" value="33868840474" />
<allocation-satisfied id="3952" threadId="0000000001DD0F00" bytesRequested="120" />
<af-end id="3953" timestamp="2019-08-08T00:00:36.298" threadId="0000000001DD1888" success="true" />
<exclusive-end id="3954" timestamp="2019-08-08T00:00:36.298" durationms="49.859" />

<exclusive-start id="3955" timestamp="2019-08-08T00:00:36.313" intervalms="64.672">
  <response-info timems="0.018" idlems="0.018" threads="0" lastid="0000000001DD0F00" lastname="main" />
</exclusive-start>
<af-start id="3956" threadId="0000000001DD1888" totalBytesRequested="216" timestamp="2019-08-08T00:00:36.313" intervalms="64.664" />
<cycle-start id="3957" type="global" contextid="0" timestamp="2019-08-08T00:00:36.313" intervalms="64.661" />
<gc-start id="3958" type="global" contextid="3957" timestamp="2019-08-08T00:00:36.313">
  <mem-info id="3959" free="889856" total="88997888" percent="0">
    <mem type="tenure" free="889856" total="88997888" percent="0">
      <mem type="soa" free="0" total="88108032" percent="0" />
      <mem type="loa" free="889856" total="889856" percent="100" />
    </mem>
  </mem-info>
</gc-start>
<allocation-stats totalBytes="70168640" >
  <allocated-bytes non-tlh="0" tlh="70168640" />
  <largest-consumer threadName="main" threadId="0000000001DD0F00" bytes="70168640" />
</allocation-stats>
<gc-op id="3960" type="mark" timems="12.471" contextid="3957" timestamp="2019-08-08T00:00:36.326">
  <trace-info objectcount="596710" scancount="517697" scanbytes="13288360" />
  <finalization candidates="80" enqueued="0" />
  <ownableSynchronizers candidates="21" cleared="0" />
  <references type="soft" candidates="1850" cleared="0" enqueued="0" dynamicThreshold="25" maxThreshold="32" />
  <references type="weak" candidates="5742" cleared="0" enqueued="0" />
  <references type="phantom" candidates="97" cleared="0" enqueued="0" />
  <stringconstants candidates="13275" cleared="0"  />
</gc-op>
<gc-op id="3961" type="sweep" timems="4.477" contextid="3957" timestamp="2019-08-08T00:00:36.330" />
<mem-info id="3962" free="71094720" total="88997888" percent="79">
  <mem type="tenure" free="71094720" total="88997888" percent="79" micro-fragmented="0" macro-fragmented="0">
    <mem type="soa" free="70204864" total="88108032" percent="79" />
    <mem type="loa" free="889856" total="889856" percent="100" />
  </mem>
</mem-info>
<gc-op id="3963" type="compact" timems="35.271" contextid="3957" timestamp="2019-08-08T00:00:36.365">
  <compact-info movecount="579" movebytes="36000" reason="compact to aid heap contraction" />
</gc-op>
<heap-resize id="3964" type="expand" space="tenure" amount="327680" count="1" timems="0.020" reason="satisfy allocation request" timestamp="2019-08-08T00:00:36.367" />
<gc-end id="3965" type="global" contextid="3957" durationms="54.377" usertimems="95.462" systemtimems="0.000" timestamp="2019-08-08T00:00:36.367" activeThreads="16">
  <mem-info id="3966" free="71357680" total="89325568" percent="79">
    <mem type="tenure" free="71357680" total="89325568" percent="79">
      <mem type="soa" free="70464752" total="88432640" percent="79" />
      <mem type="loa" free="892928" total="892928" percent="100" />
    </mem>
  </mem-info>
</gc-end>
<cycle-end id="3967" type="global" contextid="3957" timestamp="2019-08-08T00:00:36.368" />
  <attribute name="elasticGC enabled" value="1" />
  <attribute name= "numThreadsSpecified" value="16" />
  <attribute name="heapSize specified" value="88997888" />
  <attribute name="Current GC Util" value="39" />
  <attribute name= "Current Time Running" value="155289" />
  <attribute name ="GC Interval" value="0" />
  <attribute name="Target GC Util Change" value ="80.000000" />
  <attribute name="Current GC Util Change" value="39.000000"/>
  <attribute name="Current Error" value="-371.000000" />
  <attribute name="Output H" value="89298888"/>
  <attribute name="Output I" value="200"/>
  <attribute name="Output T" value="16"/>
  <attribute name= "Current Time Running" value="155289" />
  <attribute name="GC Util currently" value="39" />
  <attribute name="CPU Util currently" value="32585109904" />
<allocation-satisfied id="3968" threadId="0000000001DD0F00" bytesRequested="216" />
<af-end id="3969" timestamp="2019-08-08T00:00:36.368" threadId="0000000001DD1888" success="true" />
<exclusive-end id="3970" timestamp="2019-08-08T00:00:36.368" durationms="54.619" />

<exclusive-start id="3971" timestamp="2019-08-08T00:00:36.386" intervalms="72.832">
  <response-info timems="0.021" idlems="0.021" threads="0" lastid="0000000001DD0F00" lastname="main" />
</exclusive-start>
<af-start id="3972" threadId="0000000001DD1888" totalBytesRequested="280" timestamp="2019-08-08T00:00:36.386" intervalms="72.860" />
<cycle-start id="3973" type="global" contextid="0" timestamp="2019-08-08T00:00:36.386" intervalms="72.865" />
<gc-start id="3974" type="global" contextid="3973" timestamp="2019-08-08T00:00:36.386">
  <mem-info id="3975" free="892928" total="89325568" percent="0">
    <mem type="tenure" free="892928" total="89325568" percent="0">
      <mem type="soa" free="0" total="88432640" percent="0" />
      <mem type="loa" free="892928" total="892928" percent="100" />
    </mem>
  </mem-info>
</gc-start>
<allocation-stats totalBytes="70494592" >
  <allocated-bytes non-tlh="0" tlh="70494592" />
  <largest-consumer threadName="main" threadId="0000000001DD0F00" bytes="70494592" />
</allocation-stats>
<gc-op id="3976" type="mark" timems="25.461" contextid="3973" timestamp="2019-08-08T00:00:36.412">
  <trace-info objectcount="596699" scancount="517692" scanbytes="13288248" />
  <finalization candidates="80" enqueued="0" />
  <ownableSynchronizers candidates="21" cleared="0" />
  <references type="soft" candidates="1850" cleared="1" enqueued="0" dynamicThreshold="25" maxThreshold="32" />
  <references type="weak" candidates="5742" cleared="0" enqueued="0" />
  <references type="phantom" candidates="97" cleared="0" enqueued="0" />
  <stringconstants candidates="13275" cleared="0"  />
</gc-op>
<gc-op id="3977" type="sweep" timems="3.127" contextid="3973" timestamp="2019-08-08T00:00:36.415" />
<mem-info id="3978" free="71440960" total="89325568" percent="79">
  <mem type="tenure" free="71440960" total="89325568" percent="79" micro-fragmented="0" macro-fragmented="0">
    <mem type="soa" free="70548032" total="88432640" percent="79" />
    <mem type="loa" free="892928" total="892928" percent="100" />
  </mem>
</mem-info>
<gc-op id="3979" type="compact" timems="76.678" contextid="3973" timestamp="2019-08-08T00:00:36.491">
  <compact-info movecount="559" movebytes="17616" reason="compact to aid heap contraction" />
</gc-op>
<heap-resize id="3980" type="expand" space="tenure" amount="327680" count="1" timems="0.017" reason="satisfy allocation request" timestamp="2019-08-08T00:00:36.493" />
<gc-end id="3981" type="global" contextid="3973" durationms="106.726" usertimems="171.177" systemtimems="0.000" timestamp="2019-08-08T00:00:36.493" activeThreads="16">
  <mem-info id="3982" free="71703496" total="89653248" percent="79">
    <mem type="tenure" free="71703496" total="89653248" percent="79">
      <mem type="soa" free="70807496" total="88757248" percent="79" />
      <mem type="loa" free="896000" total="896000" percent="100" />
    </mem>
  </mem-info>
</gc-end>
<cycle-end id="3983" type="global" contextid="3973" timestamp="2019-08-08T00:00:36.493" />
  <attribute name="elasticGC enabled" value="1" />
  <attribute name= "numThreadsSpecified" value="16" />
  <attribute name="heapSize specified" value="89325568" />
  <attribute name="Current GC Util" value="29" />
  <attribute name= "Current Time Running" value="155414" />
  <attribute name ="GC Interval" value="0" />
  <attribute name="Target GC Util Change" value ="80.000000" />
  <attribute name="Current GC Util Change" value="29.000000"/>
  <attribute name="Current Error" value="-204.000000" />
  <attribute name="Output H" value="89627344"/>
  <attribute name="Output I" value="952"/>
  <attribute name="Output T" value="16"/>
  <attribute name= "Current Time Running" value="155414" />
  <attribute name="GC Util currently" value="29" />
  <attribute name="CPU Util currently" value="15030779423" />
<allocation-satisfied id="3984" threadId="0000000001DD0F00" bytesRequested="280" />
<af-end id="3985" timestamp="2019-08-08T00:00:36.493" threadId="0000000001DD1888" success="true" />
<exclusive-end id="3986" timestamp="2019-08-08T00:00:36.493" durationms="107.063" />

<exclusive-start id="3987" timestamp="2019-08-08T00:00:36.510" intervalms="124.641">
  <response-info timems="0.020" idlems="0.020" threads="0" lastid="0000000001DD0F00" lastname="main" />
</exclusive-start>
<af-start id="3988" threadId="0000000001DD1888" totalBytesRequested="256" timestamp="2019-08-08T00:00:36.511" intervalms="124.607" />
<cycle-start id="3989" type="global" contextid="0" timestamp="2019-08-08T00:00:36.511" intervalms="124.608" />
<gc-start id="3990" type="global" contextid="3989" timestamp="2019-08-08T00:00:36.511">
  <mem-info id="3991" free="896000" total="89653248" percent="0">
    <mem type="tenure" free="896000" total="89653248" percent="0">
      <mem type="soa" free="0" total="88757248" percent="0" />
      <mem type="loa" free="896000" total="896000" percent="100" />
    </mem>
  </mem-info>
</gc-start>
<allocation-stats totalBytes="70831912" >
  <allocated-bytes non-tlh="0" tlh="70831912" />
  <largest-consumer threadName="main" threadId="0000000001DD0F00" bytes="70831912" />
</allocation-stats>
<gc-op id="3992" type="mark" timems="15.548" contextid="3989" timestamp="2019-08-08T00:00:36.526">
  <trace-info objectcount="596700" scancount="517693" scanbytes="13288292" />
  <finalization candidates="80" enqueued="0" />
  <ownableSynchronizers candidates="21" cleared="0" />
  <references type="soft" candidates="1849" cleared="0" enqueued="0" dynamicThreshold="25" maxThreshold="32" />
  <references type="weak" candidates="5742" cleared="0" enqueued="0" />
  <references type="phantom" candidates="97" cleared="0" enqueued="0" />
  <stringconstants candidates="13275" cleared="0"  />
</gc-op>
<gc-op id="3993" type="sweep" timems="1.468" contextid="3989" timestamp="2019-08-08T00:00:36.528" />
<mem-info id="3994" free="71767880" total="89653248" percent="80">
  <mem type="tenure" free="71767880" total="89653248" percent="80" micro-fragmented="0" macro-fragmented="0">
    <mem type="soa" free="70871880" total="88757248" percent="79" />
    <mem type="loa" free="896000" total="896000" percent="100" />
  </mem>
</mem-info>
<gc-op id="3995" type="compact" timems="29.655" contextid="3989" timestamp="2019-08-08T00:00:36.557">
  <compact-info movecount="779" movebytes="22840" reason="compact to aid heap contraction" />
</gc-op>
<heap-resize id="3996" type="expand" space="tenure" amount="327680" count="1" timems="0.018" reason="satisfy allocation request" timestamp="2019-08-08T00:00:36.559" />
<gc-end id="3997" type="global" contextid="3989" durationms="48.121" usertimems="80.458" systemtimems="0.000" timestamp="2019-08-08T00:00:36.559" activeThreads="16">
  <mem-info id="3998" free="72031152" total="89980928" percent="80">
    <mem type="tenure" free="72031152" total="89980928" percent="80">
      <mem type="soa" free="71132080" total="89081856" percent="79" />
      <mem type="loa" free="899072" total="899072" percent="100" />
    </mem>
  </mem-info>
</gc-end>
<cycle-end id="3999" type="global" contextid="3989" timestamp="2019-08-08T00:00:36.559" />
  <attribute name="elasticGC enabled" value="1" />
  <attribute name= "numThreadsSpecified" value="16" />
  <attribute name="heapSize specified" value="89653248" />
  <attribute name="Current GC Util" value="42" />
  <attribute name= "Current Time Running" value="155480" />
  <attribute name ="GC Interval" value="0" />
  <attribute name="Target GC Util Change" value ="80.000000" />
  <attribute name="Current GC Util Change" value="42.000000"/>
  <attribute name="Current Error" value="38.000000" />
  <attribute name="Output H" value="89956136"/>
  <attribute name="Output I" value="2208"/>
  <attribute name="Output T" value="16"/>
  <attribute name= "Current Time Running" value="155480" />
  <attribute name="GC Util currently" value="42" />
  <attribute name="CPU Util currently" value="38824793301" />
<allocation-satisfied id="4000" threadId="0000000001DD0F00" bytesRequested="256" />
<af-end id="4001" timestamp="2019-08-08T00:00:36.559" threadId="0000000001DD1888" success="true" />
<exclusive-end id="4002" timestamp="2019-08-08T00:00:36.559" durationms="48.348" />

<exclusive-start id="4003" timestamp="2019-08-08T00:00:36.576" intervalms="66.024">
  <response-info timems="0.019" idlems="0.019" threads="0" lastid="0000000001DD0F00" lastname="main" />
</exclusive-start>
<af-start id="4004" threadId="0000000001DD1888" totalBytesRequested="264" timestamp="2019-08-08T00:00:36.577" intervalms="66.038" />
<cycle-start id="4005" type="global" contextid="0" timestamp="2019-08-08T00:00:36.577" intervalms="66.038" />
<gc-start id="4006" type="global" contextid="4005" timestamp="2019-08-08T00:00:36.577">
  <mem-info id="4007" free="899072" total="89980928" percent="0">
    <mem type="tenure" free="899072" total="89980928" percent="0">
      <mem type="soa" free="0" total="89081856" percent="0" />
      <mem type="loa" free="899072" total="899072" percent="100" />
    </mem>
  </mem-info>
</gc-start>
<allocation-stats totalBytes="71132368" >
  <allocated-bytes non-tlh="0" tlh="71132368" />
  <largest-consumer threadName="main" threadId="0000000001DD0F00" bytes="71132368" />
</allocation-stats>
<gc-op id="4008" type="mark" timems="20.363" contextid="4005" timestamp="2019-08-08T00:00:36.597">
  <trace-info objectcount="596700" scancount="517693" scanbytes="13288292" />
  <finalization candidates="80" enqueued="0" />
  <ownableSynchronizers candidates="21" cleared="0" />
  <references type="soft" candidates="1849" cleared="0" enqueued="0" dynamicThreshold="25" maxThreshold="32" />
  <references type="weak" candidates="5742" cleared="0" enqueued="0" />
  <references type="phantom" candidates="97" cleared="0" enqueued="0" />
  <stringconstants candidates="13275" cleared="0"  />
</gc-op>
<gc-op id="4009" type="sweep" timems="3.369" contextid="4005" timestamp="2019-08-08T00:00:36.600" />
<mem-info id="4010" free="72096088" total="89980928" percent="80">
  <mem type="tenure" free="72096088" total="89980928" percent="80" micro-fragmented="0" macro-fragmented="0">
    <mem type="soa" free="71197016" total="89081856" percent="79" />
    <mem type="loa" free="899072" total="899072" percent="100" />
  </mem>
</mem-info>
<gc-op id="4011" type="compact" timems="58.242" contextid="4005" timestamp="2019-08-08T00:00:36.659">
  <compact-info movecount="30" movebytes="968" reason="compact to aid heap contraction" />
</gc-op>
<heap-resize id="4012" type="expand" space="tenure" amount="327680" count="1" timems="0.022" reason="satisfy allocation request" timestamp="2019-08-08T00:00:36.662" />
<gc-end id="4013" type="global" contextid="4005" durationms="84.923" usertimems="78.052" systemtimems="18.589" timestamp="2019-08-08T00:00:36.662" activeThreads="16">
  <mem-info id="4014" free="72358824" total="90308608" percent="80">
    <mem type="tenure" free="72358824" total="90308608" percent="80">
      <mem type="soa" free="71456680" total="89406464" percent="79" />
      <mem type="loa" free="902144" total="902144" percent="100" />
    </mem>
  </mem-info>
</gc-end>
<cycle-end id="4015" type="global" contextid="4005" timestamp="2019-08-08T00:00:36.662" />
  <attribute name="elasticGC enabled" value="1" />
  <attribute name= "numThreadsSpecified" value="16" />
  <attribute name="heapSize specified" value="89980928" />
  <attribute name="Current GC Util" value="14" />
  <attribute name= "Current Time Running" value="155582" />
  <attribute name ="GC Interval" value="0" />
  <attribute name="Target GC Util Change" value ="80.000000" />
  <attribute name="Current GC Util Change" value="14.000000"/>
  <attribute name="Current Error" value="-100.000000" />
  <attribute name="Output H" value="90283184"/>
  <attribute name="Output I" value="1496"/>
  <attribute name="Output T" value="16"/>
  <attribute name= "Current Time Running" value="155582" />
  <attribute name="GC Util currently" value="14" />
  <attribute name="CPU Util currently" value="19766217058" />
<allocation-satisfied id="4016" threadId="0000000001DD0F00" bytesRequested="264" />
<af-end id="4017" timestamp="2019-08-08T00:00:36.662" threadId="0000000001DD1888" success="true" />
<exclusive-end id="4018" timestamp="2019-08-08T00:00:36.662" durationms="85.177" />

<exclusive-start id="4019" timestamp="2019-08-08T00:00:36.690" intervalms="113.472">
  <response-info timems="0.019" idlems="0.019" threads="0" lastid="0000000001DD0F00" lastname="main" />
</exclusive-start>
<af-start id="4020" threadId="0000000001DD1888" totalBytesRequested="64" timestamp="2019-08-08T00:00:36.690" intervalms="113.472" />
<cycle-start id="4021" type="global" contextid="0" timestamp="2019-08-08T00:00:36.690" intervalms="113.468" />
<gc-start id="4022" type="global" contextid="4021" timestamp="2019-08-08T00:00:36.690">
  <mem-info id="4023" free="902144" total="90308608" percent="0">
    <mem type="tenure" free="902144" total="90308608" percent="0">
      <mem type="soa" free="0" total="89406464" percent="0" />
      <mem type="loa" free="902144" total="902144" percent="100" />
    </mem>
  </mem-info>
</gc-start>
<allocation-stats totalBytes="71504840" >
  <allocated-bytes non-tlh="0" tlh="71504840" />
  <largest-consumer threadName="main" threadId="0000000001DD0F00" bytes="71504840" />
</allocation-stats>
<gc-op id="4024" type="mark" timems="14.211" contextid="4021" timestamp="2019-08-08T00:00:36.704">
  <trace-info objectcount="596711" scancount="517726" scanbytes="13288896" />
  <finalization candidates="80" enqueued="0" />
  <ownableSynchronizers candidates="21" cleared="0" />
  <references type="soft" candidates="1849" cleared="0" enqueued="0" dynamicThreshold="25" maxThreshold="32" />
  <references type="weak" candidates="5742" cleared="0" enqueued="0" />
  <references type="phantom" candidates="97" cleared="0" enqueued="0" />
  <stringconstants candidates="13275" cleared="0"  />
</gc-op>
<gc-op id="4025" type="sweep" timems="3.113" contextid="4021" timestamp="2019-08-08T00:00:36.708" />
<mem-info id="4026" free="72423000" total="90308608" percent="80">
  <mem type="tenure" free="72423000" total="90308608" percent="80" micro-fragmented="0" macro-fragmented="0">
    <mem type="soa" free="71520856" total="89406464" percent="79" />
    <mem type="loa" free="902144" total="902144" percent="100" />
  </mem>
</mem-info>
<gc-op id="4027" type="compact" timems="33.409" contextid="4021" timestamp="2019-08-08T00:00:36.741">
  <compact-info movecount="789" movebytes="23176" reason="compact to aid heap contraction" />
</gc-op>
<heap-resize id="4028" type="expand" space="tenure" amount="327680" count="1" timems="0.021" reason="satisfy allocation request" timestamp="2019-08-08T00:00:36.742" />
<gc-end id="4029" type="global" contextid="4021" durationms="51.623" usertimems="78.707" systemtimems="18.685" timestamp="2019-08-08T00:00:36.742" activeThreads="16">
  <mem-info id="4030" free="72686152" total="90636288" percent="80">
    <mem type="tenure" free="72686152" total="90636288" percent="80">
      <mem type="soa" free="71779912" total="89730048" percent="79" />
      <mem type="loa" free="906240" total="906240" percent="100" />
    </mem>
  </mem-info>
</gc-end>
<cycle-end id="4031" type="global" contextid="4021" timestamp="2019-08-08T00:00:36.742" />
  <attribute name="elasticGC enabled" value="1" />
  <attribute name= "numThreadsSpecified" value="16" />
  <attribute name="heapSize specified" value="90308608" />
  <attribute name="Current GC Util" value="36" />
  <attribute name= "Current Time Running" value="155664" />
  <attribute name ="GC Interval" value="0" />
  <attribute name="Target GC Util Change" value ="80.000000" />
  <attribute name="Current GC Util Change" value="36.000000"/>
  <attribute name="Current Error" value="-269.000000" />
  <attribute name="Output H" value="90610080"/>
  <attribute name="Output I" value="616"/>
  <attribute name="Output T" value="16"/>
  <attribute name= "Current Time Running" value="155664" />
  <attribute name="GC Util currently" value="36" />
  <attribute name="CPU Util currently" value="34430784835" />
<allocation-satisfied id="4032" threadId="0000000001DD0F00" bytesRequested="64" />
<af-end id="4033" timestamp="2019-08-08T00:00:36.742" threadId="0000000001DD1888" success="true" />
<exclusive-end id="4034" timestamp="2019-08-08T00:00:36.742" durationms="51.909" />

<exclusive-start id="4035" timestamp="2019-08-08T00:00:36.977" intervalms="286.547">
  <response-info timems="0.025" idlems="0.025" threads="0" lastid="0000000001DD0F00" lastname="main" />
</exclusive-start>
<af-start id="4036" threadId="0000000001DD1888" totalBytesRequested="2560" timestamp="2019-08-08T00:00:36.977" intervalms="286.565" />
<cycle-start id="4037" type="global" contextid="0" timestamp="2019-08-08T00:00:36.977" intervalms="286.568" />
<gc-start id="4038" type="global" contextid="4037" timestamp="2019-08-08T00:00:36.977">
  <mem-info id="4039" free="906240" total="90636288" percent="0">
    <mem type="tenure" free="906240" total="90636288" percent="0">
      <mem type="soa" free="0" total="89730048" percent="0" />
      <mem type="loa" free="906240" total="906240" percent="100" />
    </mem>
  </mem-info>
</gc-start>
<allocation-stats totalBytes="68499496" >
  <allocated-bytes non-tlh="0" tlh="68499496" />
  <largest-consumer threadName="main" threadId="0000000001DD0F00" bytes="68499496" />
</allocation-stats>
<gc-op id="4040" type="mark" timems="18.710" contextid="4037" timestamp="2019-08-08T00:00:36.995">
  <trace-info objectcount="596721" scancount="517711" scanbytes="13295656" />
  <finalization candidates="80" enqueued="0" />
  <ownableSynchronizers candidates="21" cleared="0" />
  <references type="soft" candidates="1849" cleared="0" enqueued="0" dynamicThreshold="25" maxThreshold="32" />
  <references type="weak" candidates="5742" cleared="0" enqueued="0" />
  <references type="phantom" candidates="97" cleared="0" enqueued="0" />
  <stringconstants candidates="13275" cleared="0"  />
</gc-op>
<gc-op id="4041" type="sweep" timems="6.469" contextid="4037" timestamp="2019-08-08T00:00:37.002" />
<mem-info id="4042" free="72741912" total="90636288" percent="80">
  <mem type="tenure" free="72741912" total="90636288" percent="80" micro-fragmented="0" macro-fragmented="0">
    <mem type="soa" free="71835672" total="89730048" percent="80" />
    <mem type="loa" free="906240" total="906240" percent="100" />
  </mem>
</mem-info>
<gc-op id="4043" type="compact" timems="37.743" contextid="4037" timestamp="2019-08-08T00:00:37.040">
  <compact-info movecount="798" movebytes="29944" reason="compact to aid heap contraction" />
</gc-op>
<heap-resize id="4044" type="expand" space="tenure" amount="327680" count="1" timems="0.018" reason="satisfy allocation request" timestamp="2019-08-08T00:00:37.041" />
<gc-end id="4045" type="global" contextid="4037" durationms="63.980" usertimems="112.348" systemtimems="0.000" timestamp="2019-08-08T00:00:37.041" activeThreads="16">
  <mem-info id="4046" free="73007040" total="90963968" percent="80">
    <mem type="tenure" free="73007040" total="90963968" percent="80">
      <mem type="soa" free="72097728" total="90054656" percent="80" />
      <mem type="loa" free="909312" total="909312" percent="100" />
    </mem>
  </mem-info>
</gc-end>
<cycle-end id="4047" type="global" contextid="4037" timestamp="2019-08-08T00:00:37.041" />
  <attribute name="elasticGC enabled" value="1" />
  <attribute name= "numThreadsSpecified" value="16" />
  <attribute name="heapSize specified" value="90636288" />
  <attribute name="Current GC Util" value="28" />
  <attribute name= "Current Time Running" value="155963" />
  <attribute name ="GC Interval" value="0" />
  <attribute name="Target GC Util Change" value ="80.000000" />
  <attribute name="Current GC Util Change" value="28.000000"/>
  <attribute name="Current Error" value="52.000000" />
  <attribute name="Output H" value="90939240"/>
  <attribute name="Output I" value="2280"/>
  <attribute name="Output T" value="16"/>
  <attribute name= "Current Time Running" value="155963" />
  <attribute name="GC Util currently" value="28" />
  <attribute name="CPU Util currently" value="30492550900" />
<allocation-satisfied id="4048" threadId="0000000001DD0F00" bytesRequested="2560" />
<af-end id="4049" timestamp="2019-08-08T00:00:37.041" threadId="0000000001DD1888" success="true" />
<exclusive-end id="4050" timestamp="2019-08-08T00:00:37.041" durationms="64.236" />

<exclusive-start id="4051" timestamp="2019-08-08T00:00:37.212" intervalms="235.750">
  <response-info timems="0.020" idlems="0.020" threads="0" lastid="0000000001DD0F00" lastname="main" />
</exclusive-start>
<af-start id="4052" threadId="0000000001DD1888" totalBytesRequested="32" timestamp="2019-08-08T00:00:37.212" intervalms="235.724" />
<cycle-start id="4053" type="global" contextid="0" timestamp="2019-08-08T00:00:37.212" intervalms="235.717" />
<gc-start id="4054" type="global" contextid="4053" timestamp="2019-08-08T00:00:37.212">
  <mem-info id="4055" free="909312" total="90963968" percent="0">
    <mem type="tenure" free="909312" total="90963968" percent="0">
      <mem type="soa" free="0" total="90054656" percent="0" />
      <mem type="loa" free="909312" total="909312" percent="100" />
    </mem>
  </mem-info>
</gc-start>
<allocation-stats totalBytes="72155784" >
  <allocated-bytes non-tlh="0" tlh="72155784" />
  <largest-consumer threadName="main" threadId="0000000001DD0F00" bytes="72155784" />
</allocation-stats>
<gc-op id="4056" type="mark" timems="9.473" contextid="4053" timestamp="2019-08-08T00:00:37.222">
  <trace-info objectcount="596710" scancount="517700" scanbytes="13288648" />
  <finalization candidates="80" enqueued="0" />
  <ownableSynchronizers candidates="21" cleared="0" />
  <references type="soft" candidates="1849" cleared="0" enqueued="0" dynamicThreshold="25" maxThreshold="32" />
  <references type="weak" candidates="5742" cleared="0" enqueued="0" />
  <references type="phantom" candidates="97" cleared="0" enqueued="0" />
  <stringconstants candidates="13275" cleared="0"  />
</gc-op>
<gc-op id="4057" type="sweep" timems="1.282" contextid="4053" timestamp="2019-08-08T00:00:37.223" />
<mem-info id="4058" free="73078256" total="90963968" percent="80">
  <mem type="tenure" free="73078256" total="90963968" percent="80" micro-fragmented="0" macro-fragmented="0">
    <mem type="soa" free="72168944" total="90054656" percent="80" />
    <mem type="loa" free="909312" total="909312" percent="100" />
  </mem>
</mem-info>
<gc-op id="4059" type="compact" timems="25.384" contextid="4053" timestamp="2019-08-08T00:00:37.249">
  <compact-info movecount="781" movebytes="22800" reason="compact to aid heap contraction" />
</gc-op>
<heap-resize id="4060" type="expand" space="tenure" amount="327680" count="1" timems="0.017" reason="satisfy allocation request" timestamp="2019-08-08T00:00:37.249" />
<gc-end id="4061" type="global" contextid="4053" durationms="36.812" usertimems="81.691" systemtimems="0.000" timestamp="2019-08-08T00:00:37.249" activeThreads="16">
  <mem-info id="4062" free="73341720" total="91291648" percent="80">
    <mem type="tenure" free="73341720" total="91291648" percent="80">
      <mem type="soa" free="72429336" total="90379264" percent="80" />
      <mem type="loa" free="912384" total="912384" percent="100" />
    </mem>
  </mem-info>
</gc-end>
<cycle-end id="4063" type="global" contextid="4053" timestamp="2019-08-08T00:00:37.249" />
  <attribute name="elasticGC enabled" value="1" />
  <attribute name= "numThreadsSpecified" value="16" />
  <attribute name="heapSize specified" value="90963968" />
  <attribute name="Current GC Util" value="41" />
  <attribute name= "Current Time Running" value="156172" />
  <attribute name ="GC Interval" value="0" />
  <attribute name="Target GC Util Change" value ="80.000000" />
  <attribute name="Current GC Util Change" value="41.000000"/>
  <attribute name="Current Error" value="-277.000000" />
  <attribute name="Output H" value="91265408"/>
  <attribute name="Output I" value="576"/>
  <attribute name="Output T" value="16"/>
  <attribute name= "Current Time Running" value="156172" />
  <attribute name="GC Util currently" value="41" />
  <attribute name="CPU Util currently" value="45351870787" />
<allocation-satisfied id="4064" threadId="0000000001DD0F00" bytesRequested="32" />
<af-end id="4065" timestamp="2019-08-08T00:00:37.249" threadId="0000000001DD1888" success="true" />
<exclusive-end id="4066" timestamp="2019-08-08T00:00:37.249" durationms="37.033" />

<exclusive-start id="4067" timestamp="2019-08-08T00:00:37.310" intervalms="97.981">
  <response-info timems="0.021" idlems="0.021" threads="0" lastid="0000000001DD0F00" lastname="main" />
</exclusive-start>
<af-start id="4068" threadId="0000000001DD1888" totalBytesRequested="16" timestamp="2019-08-08T00:00:37.310" intervalms="97.994" />
<cycle-start id="4069" type="global" contextid="0" timestamp="2019-08-08T00:00:37.310" intervalms="97.995" />
<gc-start id="4070" type="global" contextid="4069" timestamp="2019-08-08T00:00:37.310">
  <mem-info id="4071" free="912384" total="91291648" percent="0">
    <mem type="tenure" free="912384" total="91291648" percent="0">
      <mem type="soa" free="0" total="90379264" percent="0" />
      <mem type="loa" free="912384" total="912384" percent="100" />
    </mem>
  </mem-info>
</gc-start>
<allocation-stats totalBytes="72475984" >
  <allocated-bytes non-tlh="0" tlh="72475984" />
  <largest-consumer threadName="main" threadId="0000000001DD0F00" bytes="72475984" />
</allocation-stats>
<gc-op id="4072" type="mark" timems="10.845" contextid="4069" timestamp="2019-08-08T00:00:37.321">
  <trace-info objectcount="596357" scancount="517351" scanbytes="13277256" />
  <finalization candidates="80" enqueued="0" />
  <ownableSynchronizers candidates="21" cleared="0" />
  <references type="soft" candidates="1849" cleared="6" enqueued="6" dynamicThreshold="25" maxThreshold="32" />
  <references type="weak" candidates="5742" cleared="0" enqueued="0" />
  <references type="phantom" candidates="97" cleared="0" enqueued="0" />
  <stringconstants candidates="13275" cleared="0"  />
</gc-op>
<gc-op id="4073" type="sweep" timems="4.242" contextid="4069" timestamp="2019-08-08T00:00:37.326" />
<mem-info id="4074" free="73417192" total="91291648" percent="80">
  <mem type="tenure" free="73417192" total="91291648" percent="80" micro-fragmented="0" macro-fragmented="0">
    <mem type="soa" free="72504808" total="90379264" percent="80" />
    <mem type="loa" free="912384" total="912384" percent="100" />
  </mem>
  <pending-finalizers system="0" default="0" reference="6" classloader="0" />
</mem-info>
<gc-op id="4075" type="compact" timems="31.083" contextid="4069" timestamp="2019-08-08T00:00:37.357">
  <compact-info movecount="424" movebytes="11104" reason="compact to aid heap contraction" />
</gc-op>
<heap-resize id="4076" type="expand" space="tenure" amount="327680" count="1" timems="0.017" reason="satisfy allocation request" timestamp="2019-08-08T00:00:37.357" />
<gc-end id="4077" type="global" contextid="4069" durationms="47.125" usertimems="92.860" systemtimems="12.090" timestamp="2019-08-08T00:00:37.357" activeThreads="16">
  <mem-info id="4078" free="73681000" total="91619328" percent="80">
    <mem type="tenure" free="73681000" total="91619328" percent="80">
      <mem type="soa" free="72765544" total="90703872" percent="80" />
      <mem type="loa" free="915456" total="915456" percent="100" />
    </mem>
    <pending-finalizers system="0" default="0" reference="6" classloader="0" />
  </mem-info>
</gc-end>
<cycle-end id="4079" type="global" contextid="4069" timestamp="2019-08-08T00:00:37.358" />
  <attribute name="elasticGC enabled" value="1" />
  <attribute name= "numThreadsSpecified" value="16" />
  <attribute name="heapSize specified" value="91291648" />
  <attribute name="Current GC Util" value="128" />
  <attribute name= "Current Time Running" value="156280" />
  <attribute name ="GC Interval" value="0" />
  <attribute name="Target GC Util Change" value ="80.000000" />
  <attribute name="Current GC Util Change" value="128.000000"/>
  <attribute name="Current Error" value="-434.000000" />
  <attribute name="Output H" value="91592360"/>
  <attribute name="Output I" value="200"/>
  <attribute name="Output T" value="16"/>
  <attribute name= "Current Time Running" value="156280" />
  <attribute name="GC Util currently" value="128" />
  <attribute name="CPU Util currently" value="37049954476" />
<allocation-satisfied id="4080" threadId="0000000001DD0F00" bytesRequested="16" />
<af-end id="4081" timestamp="2019-08-08T00:00:37.358" threadId="0000000001DD1888" success="true" />
<exclusive-end id="4082" timestamp="2019-08-08T00:00:37.358" durationms="47.470" />

<exclusive-start id="4083" timestamp="2019-08-08T00:00:37.441" intervalms="130.458">
  <response-info timems="0.019" idlems="0.019" threads="0" lastid="0000000001DD0F00" lastname="main" />
</exclusive-start>
<af-start id="4084" threadId="0000000001DD1888" totalBytesRequested="16" timestamp="2019-08-08T00:00:37.441" intervalms="130.447" />
<cycle-start id="4085" type="global" contextid="0" timestamp="2019-08-08T00:00:37.441" intervalms="130.530" />
<gc-start id="4086" type="global" contextid="4085" timestamp="2019-08-08T00:00:37.441">
  <mem-info id="4087" free="915456" total="91619328" percent="0">
    <mem type="tenure" free="915456" total="91619328" percent="0">
      <mem type="soa" free="0" total="90703872" percent="0" />
      <mem type="loa" free="915456" total="915456" percent="100" />
    </mem>
  </mem-info>
</gc-start>
<allocation-stats totalBytes="72819720" >
  <allocated-bytes non-tlh="0" tlh="72819720" />
  <largest-consumer threadName="main" threadId="0000000001DD0F00" bytes="72819720" />
</allocation-stats>
<gc-op id="4088" type="mark" timems="27.005" contextid="4085" timestamp="2019-08-08T00:00:37.468">
  <trace-info objectcount="596355" scancount="517346" scanbytes="13277004" />
  <finalization candidates="80" enqueued="0" />
  <ownableSynchronizers candidates="21" cleared="0" />
  <references type="soft" candidates="1843" cleared="0" enqueued="0" dynamicThreshold="25" maxThreshold="32" />
  <references type="weak" candidates="5742" cleared="0" enqueued="0" />
  <references type="phantom" candidates="97" cleared="0" enqueued="0" />
  <stringconstants candidates="13275" cleared="0"  />
</gc-op>
<gc-op id="4089" type="sweep" timems="5.775" contextid="4085" timestamp="2019-08-08T00:00:37.474" />
<mem-info id="4090" free="73744608" total="91619328" percent="80">
  <mem type="tenure" free="73744608" total="91619328" percent="80" micro-fragmented="0" macro-fragmented="0">
    <mem type="soa" free="72829152" total="90703872" percent="80" />
    <mem type="loa" free="915456" total="915456" percent="100" />
  </mem>
</mem-info>
<gc-op id="4091" type="compact" timems="35.689" contextid="4085" timestamp="2019-08-08T00:00:37.510">
  <compact-info movecount="421" movebytes="10880" reason="compact to aid heap contraction" />
</gc-op>
<heap-resize id="4092" type="expand" space="tenure" amount="327680" count="1" timems="0.019" reason="satisfy allocation request" timestamp="2019-08-08T00:00:37.510" />
<gc-end id="4093" type="global" contextid="4085" durationms="69.353" usertimems="100.229" systemtimems="17.667" timestamp="2019-08-08T00:00:37.510" activeThreads="16">
  <mem-info id="4094" free="74008880" total="91947008" percent="80">
    <mem type="tenure" free="74008880" total="91947008" percent="80">
      <mem type="soa" free="73090352" total="91028480" percent="80" />
      <mem type="loa" free="918528" total="918528" percent="100" />
    </mem>
  </mem-info>
</gc-end>
<cycle-end id="4095" type="global" contextid="4085" timestamp="2019-08-08T00:00:37.510" />
  <attribute name="elasticGC enabled" value="1" />
  <attribute name= "numThreadsSpecified" value="16" />
  <attribute name="heapSize specified" value="91619328" />
  <attribute name="Current GC Util" value="24" />
  <attribute name= "Current Time Running" value="156433" />
  <attribute name ="GC Interval" value="0" />
  <attribute name="Target GC Util Change" value ="80.000000" />
  <attribute name="Current GC Util Change" value="24.000000"/>
  <attribute name="Current Error" value="56.000000" />
  <attribute name="Output H" value="91922304"/>
  <attribute name="Output I" value="2304"/>
  <attribute name="Output T" value="16"/>
  <attribute name= "Current Time Running" value="156433" />
  <attribute name="GC Util currently" value="24" />
  <attribute name="CPU Util currently" value="32284166391" />
<allocation-satisfied id="4096" threadId="0000000001DD0F00" bytesRequested="16" />
<af-end id="4097" timestamp="2019-08-08T00:00:37.510" threadId="0000000001DD1888" success="true" />
<exclusive-end id="4098" timestamp="2019-08-08T00:00:37.510" durationms="69.630" />

<exclusive-start id="4099" timestamp="2019-08-08T00:00:37.575" intervalms="134.055">
  <response-info timems="0.020" idlems="0.020" threads="0" lastid="0000000001DD0F00" lastname="main" />
</exclusive-start>
<af-start id="4100" threadId="0000000001DD1888" totalBytesRequested="32" timestamp="2019-08-08T00:00:37.575" intervalms="134.068" />
<cycle-start id="4101" type="global" contextid="0" timestamp="2019-08-08T00:00:37.575" intervalms="133.985" />
<gc-start id="4102" type="global" contextid="4101" timestamp="2019-08-08T00:00:37.575">
  <mem-info id="4103" free="918528" total="91947008" percent="0">
    <mem type="tenure" free="918528" total="91947008" percent="0">
      <mem type="soa" free="0" total="91028480" percent="0" />
      <mem type="loa" free="918528" total="918528" percent="100" />
    </mem>
  </mem-info>
</gc-start>
<allocation-stats totalBytes="73147920" >
  <allocated-bytes non-tlh="0" tlh="73147920" />
  <largest-consumer threadName="main" threadId="0000000001DD0F00" bytes="73147920" />
</allocation-stats>
<gc-op id="4104" type="mark" timems="9.165" contextid="4101" timestamp="2019-08-08T00:00:37.584">
  <trace-info objectcount="596349" scancount="517348" scanbytes="13276868" />
  <finalization candidates="80" enqueued="0" />
  <ownableSynchronizers candidates="21" cleared="0" />
  <references type="soft" candidates="1843" cleared="0" enqueued="0" dynamicThreshold="25" maxThreshold="32" />
  <references type="weak" candidates="5742" cleared="0" enqueued="0" />
  <references type="phantom" candidates="97" cleared="0" enqueued="0" />
  <stringconstants candidates="13275" cleared="0"  />
</gc-op>
<gc-op id="4105" type="sweep" timems="2.173" contextid="4101" timestamp="2019-08-08T00:00:37.586" />
<mem-info id="4106" free="74073448" total="91947008" percent="80">
  <mem type="tenure" free="74073448" total="91947008" percent="80" micro-fragmented="0" macro-fragmented="0">
    <mem type="soa" free="73154920" total="91028480" percent="80" />
    <mem type="loa" free="918528" total="918528" percent="100" />
  </mem>
</mem-info>
<gc-op id="4107" type="compact" timems="25.105" contextid="4101" timestamp="2019-08-08T00:00:37.611">
  <compact-info movecount="413" movebytes="10664" reason="compact to aid heap contraction" />
</gc-op>
<heap-resize id="4108" type="expand" space="tenure" amount="327680" count="1" timems="0.019" reason="satisfy allocation request" timestamp="2019-08-08T00:00:37.612" />
<gc-end id="4109" type="global" contextid="4101" durationms="37.241" usertimems="72.542" systemtimems="13.189" timestamp="2019-08-08T00:00:37.612" activeThreads="16">
  <mem-info id="4110" free="74336728" total="92274688" percent="80">
    <mem type="tenure" free="74336728" total="92274688" percent="80">
      <mem type="soa" free="73414104" total="91352064" percent="80" />
      <mem type="loa" free="922624" total="922624" percent="100" />
    </mem>
  </mem-info>
</gc-end>
<cycle-end id="4111" type="global" contextid="4101" timestamp="2019-08-08T00:00:37.612" />
  <attribute name="elasticGC enabled" value="1" />
  <attribute name= "numThreadsSpecified" value="16" />
  <attribute name="heapSize specified" value="91947008" />
  <attribute name="Current GC Util" value="42" />
  <attribute name= "Current Time Running" value="156535" />
  <attribute name ="GC Interval" value="0" />
  <attribute name="Target GC Util Change" value ="80.000000" />
  <attribute name="Current GC Util Change" value="42.000000"/>
  <attribute name="Current Error" value="-345.000000" />
  <attribute name="Output H" value="92248128"/>
  <attribute name="Output I" value="216"/>
  <attribute name="Output T" value="16"/>
  <attribute name= "Current Time Running" value="156535" />
  <attribute name="GC Util currently" value="42" />
  <attribute name="CPU Util currently" value="45870145376" />
<allocation-satisfied id="4112" threadId="0000000001DD0F00" bytesRequested="32" />
<af-end id="4113" timestamp="2019-08-08T00:00:37.612" threadId="0000000001DD1888" success="true" />
<exclusive-end id="4114" timestamp="2019-08-08T00:00:37.612" durationms="37.444" />

<exclusive-start id="4115" timestamp="2019-08-08T00:00:37.749" intervalms="173.978">
  <response-info timems="0.020" idlems="0.020" threads="0" lastid="0000000001DD0F00" lastname="main" />
</exclusive-start>
<af-start id="4116" threadId="0000000001DD1888" totalBytesRequested="24" timestamp="2019-08-08T00:00:37.749" intervalms="173.978" />
<cycle-start id="4117" type="global" contextid="0" timestamp="2019-08-08T00:00:37.749" intervalms="173.979" />
<gc-start id="4118" type="global" contextid="4117" timestamp="2019-08-08T00:00:37.749">
  <mem-info id="4119" free="922624" total="92274688" percent="0">
    <mem type="tenure" free="922624" total="92274688" percent="0">
      <mem type="soa" free="0" total="91352064" percent="0" />
      <mem type="loa" free="922624" total="922624" percent="100" />
    </mem>
  </mem-info>
</gc-start>
<allocation-stats totalBytes="73474936" >
  <allocated-bytes non-tlh="0" tlh="73474936" />
  <largest-consumer threadName="main" threadId="0000000001DD0F00" bytes="73474936" />
</allocation-stats>
<gc-op id="4120" type="mark" timems="12.846" contextid="4117" timestamp="2019-08-08T00:00:37.762">
  <trace-info objectcount="596357" scancount="517351" scanbytes="13277020" />
  <finalization candidates="80" enqueued="0" />
  <ownableSynchronizers candidates="21" cleared="0" />
  <references type="soft" candidates="1843" cleared="0" enqueued="0" dynamicThreshold="25" maxThreshold="32" />
  <references type="weak" candidates="5742" cleared="0" enqueued="0" />
  <references type="phantom" candidates="97" cleared="0" enqueued="0" />
  <stringconstants candidates="13275" cleared="0"  />
</gc-op>
<gc-op id="4121" type="sweep" timems="3.398" contextid="4117" timestamp="2019-08-08T00:00:37.765" />
<mem-info id="4122" free="74400440" total="92274688" percent="80">
  <mem type="tenure" free="74400440" total="92274688" percent="80" micro-fragmented="0" macro-fragmented="0">
    <mem type="soa" free="73477816" total="91352064" percent="80" />
    <mem type="loa" free="922624" total="922624" percent="100" />
  </mem>
</mem-info>
<gc-op id="4123" type="compact" timems="28.285" contextid="4117" timestamp="2019-08-08T00:00:37.794">
  <compact-info movecount="419" movebytes="10824" reason="compact to aid heap contraction" />
</gc-op>
<heap-resize id="4124" type="expand" space="tenure" amount="327680" count="1" timems="0.017" reason="satisfy allocation request" timestamp="2019-08-08T00:00:37.794" />
<gc-end id="4125" type="global" contextid="4117" durationms="45.541" usertimems="92.079" systemtimems="0.000" timestamp="2019-08-08T00:00:37.794" activeThreads="16">
  <mem-info id="4126" free="74664200" total="92602368" percent="80">
    <mem type="tenure" free="74664200" total="92602368" percent="80">
      <mem type="soa" free="73738504" total="91676672" percent="80" />
      <mem type="loa" free="925696" total="925696" percent="100" />
    </mem>
  </mem-info>
</gc-end>
<cycle-end id="4127" type="global" contextid="4117" timestamp="2019-08-08T00:00:37.794" />
  <attribute name="elasticGC enabled" value="1" />
  <attribute name= "numThreadsSpecified" value="16" />
  <attribute name="heapSize specified" value="92274688" />
  <attribute name="Current GC Util" value="48" />
  <attribute name= "Current Time Running" value="156717" />
  <attribute name ="GC Interval" value="0" />
  <attribute name="Target GC Util Change" value ="80.000000" />
  <attribute name="Current GC Util Change" value="48.000000"/>
  <attribute name="Current Error" value="-298.000000" />
  <attribute name="Output H" value="92576024"/>
  <attribute name="Output I" value="464"/>
  <attribute name="Output T" value="16"/>
  <attribute name= "Current Time Running" value="156717" />
  <attribute name="GC Util currently" value="48" />
  <attribute name="CPU Util currently" value="40639838559" />
<allocation-satisfied id="4128" threadId="0000000001DD0F00" bytesRequested="24" />
<af-end id="4129" timestamp="2019-08-08T00:00:37.794" threadId="0000000001DD1888" success="true" />
<exclusive-end id="4130" timestamp="2019-08-08T00:00:37.794" durationms="45.758" />

<exclusive-start id="4131" timestamp="2019-08-08T00:00:37.875" intervalms="126.611">
  <response-info timems="0.020" idlems="0.020" threads="0" lastid="0000000001DD0F00" lastname="main" />
</exclusive-start>
<af-start id="4132" threadId="0000000001DD1888" totalBytesRequested="32" timestamp="2019-08-08T00:00:37.875" intervalms="126.630" />
<cycle-start id="4133" type="global" contextid="0" timestamp="2019-08-08T00:00:37.875" intervalms="126.627" />
<gc-start id="4134" type="global" contextid="4133" timestamp="2019-08-08T00:00:37.875">
  <mem-info id="4135" free="925696" total="92602368" percent="0">
    <mem type="tenure" free="925696" total="92602368" percent="0">
      <mem type="soa" free="0" total="91676672" percent="0" />
      <mem type="loa" free="925696" total="925696" percent="100" />
    </mem>
  </mem-info>
</gc-start>
<allocation-stats totalBytes="73799176" >
  <allocated-bytes non-tlh="0" tlh="73799176" />
  <largest-consumer threadName="main" threadId="0000000001DD0F00" bytes="73799176" />
</allocation-stats>
<gc-op id="4136" type="mark" timems="13.879" contextid="4133" timestamp="2019-08-08T00:00:37.889">
  <trace-info objectcount="596360" scancount="517371" scanbytes="13277192" />
  <finalization candidates="80" enqueued="0" />
  <ownableSynchronizers candidates="21" cleared="0" />
  <references type="soft" candidates="1843" cleared="0" enqueued="0" dynamicThreshold="25" maxThreshold="32" />
  <references type="weak" candidates="5742" cleared="0" enqueued="0" />
  <references type="phantom" candidates="97" cleared="0" enqueued="0" />
  <stringconstants candidates="13275" cleared="0"  />
</gc-op>
<gc-op id="4137" type="sweep" timems="3.951" contextid="4133" timestamp="2019-08-08T00:00:37.893" />
<mem-info id="4138" free="74728408" total="92602368" percent="80">
  <mem type="tenure" free="74728408" total="92602368" percent="80" micro-fragmented="0" macro-fragmented="0">
    <mem type="soa" free="73802712" total="91676672" percent="80" />
    <mem type="loa" free="925696" total="925696" percent="100" />
  </mem>
</mem-info>
<gc-op id="4139" type="compact" timems="27.423" contextid="4133" timestamp="2019-08-08T00:00:37.921">
  <compact-info movecount="416" movebytes="10824" reason="compact to aid heap contraction" />
</gc-op>
<heap-resize id="4140" type="expand" space="tenure" amount="327680" count="1" timems="0.013" reason="satisfy allocation request" timestamp="2019-08-08T00:00:37.921" />
<gc-end id="4141" type="global" contextid="4133" durationms="45.944" usertimems="103.216" systemtimems="4.802" timestamp="2019-08-08T00:00:37.921" activeThreads="16">
  <mem-info id="4142" free="74991736" total="92930048" percent="80">
    <mem type="tenure" free="74991736" total="92930048" percent="80">
      <mem type="soa" free="74062968" total="92001280" percent="80" />
      <mem type="loa" free="928768" total="928768" percent="100" />
    </mem>
  </mem-info>
</gc-end>
<cycle-end id="4143" type="global" contextid="4133" timestamp="2019-08-08T00:00:37.921" />
  <attribute name="elasticGC enabled" value="1" />
  <attribute name= "numThreadsSpecified" value="16" />
  <attribute name="heapSize specified" value="92602368" />
  <attribute name="Current GC Util" value="35" />
  <attribute name= "Current Time Running" value="156844" />
  <attribute name ="GC Interval" value="0" />
  <attribute name="Target GC Util Change" value ="80.000000" />
  <attribute name="Current GC Util Change" value="35.000000"/>
  <attribute name="Current Error" value="45.000000" />
  <attribute name="Output H" value="92905288"/>
  <attribute name="Output I" value="2248"/>
  <attribute name="Output T" value="16"/>
  <attribute name= "Current Time Running" value="156844" />
  <attribute name="GC Util currently" value="35" />
  <attribute name="CPU Util currently" value="41994650074" />
<allocation-satisfied id="4144" threadId="0000000001DD0F00" bytesRequested="32" />
<af-end id="4145" timestamp="2019-08-08T00:00:37.922" threadId="0000000001DD1888" success="true" />
<exclusive-end id="4146" timestamp="2019-08-08T00:00:37.922" durationms="46.161" />

<exclusive-start id="4147" timestamp="2019-08-08T00:00:38.020" intervalms="144.590">
  <response-info timems="0.020" idlems="0.020" threads="0" lastid="0000000001DD0F00" lastname="main" />
</exclusive-start>
<af-start id="4148" threadId="0000000001DD1888" totalBytesRequested="112" timestamp="2019-08-08T00:00:38.020" intervalms="144.561" />
<cycle-start id="4149" type="global" contextid="0" timestamp="2019-08-08T00:00:38.020" intervalms="144.562" />
<gc-start id="4150" type="global" contextid="4149" timestamp="2019-08-08T00:00:38.020">
  <mem-info id="4151" free="928768" total="92930048" percent="0">
    <mem type="tenure" free="928768" total="92930048" percent="0">
      <mem type="soa" free="0" total="92001280" percent="0" />
      <mem type="loa" free="928768" total="928768" percent="100" />
    </mem>
  </mem-info>
</gc-start>
<allocation-stats totalBytes="74115728" >
  <allocated-bytes non-tlh="0" tlh="74115728" />
  <largest-consumer threadName="main" threadId="0000000001DD0F00" bytes="74115728" />
</allocation-stats>
<gc-op id="4152" type="mark" timems="24.300" contextid="4149" timestamp="2019-08-08T00:00:38.044">
  <trace-info objectcount="596374" scancount="517366" scanbytes="13277372" />
  <finalization candidates="80" enqueued="0" />
  <ownableSynchronizers candidates="21" cleared="0" />
  <references type="soft" candidates="1843" cleared="0" enqueued="0" dynamicThreshold="25" maxThreshold="32" />
  <references type="weak" candidates="5742" cleared="0" enqueued="0" />
  <references type="phantom" candidates="97" cleared="0" enqueued="0" />
  <stringconstants candidates="13275" cleared="0"  />
</gc-op>
<gc-op id="4153" type="sweep" timems="5.675" contextid="4149" timestamp="2019-08-08T00:00:38.050" />
<mem-info id="4154" free="75054608" total="92930048" percent="80">
  <mem type="tenure" free="75054608" total="92930048" percent="80" micro-fragmented="0" macro-fragmented="0">
    <mem type="soa" free="74125840" total="92001280" percent="80" />
    <mem type="loa" free="928768" total="928768" percent="100" />
  </mem>
</mem-info>
<gc-op id="4155" type="compact" timems="35.760" contextid="4149" timestamp="2019-08-08T00:00:38.086">
  <compact-info movecount="429" movebytes="11880" reason="compact to aid heap contraction" />
</gc-op>
<heap-resize id="4156" type="expand" space="tenure" amount="327680" count="1" timems="0.061" reason="satisfy allocation request" timestamp="2019-08-08T00:00:38.088" />
<gc-end id="4157" type="global" contextid="4149" durationms="67.820" usertimems="87.312" systemtimems="34.203" timestamp="2019-08-08T00:00:38.088" activeThreads="16">
  <mem-info id="4158" free="75318336" total="93257728" percent="80">
    <mem type="tenure" free="75318336" total="93257728" percent="80">
      <mem type="soa" free="74386496" total="92325888" percent="80" />
      <mem type="loa" free="931840" total="931840" percent="100" />
    </mem>
  </mem-info>
</gc-end>
<cycle-end id="4159" type="global" contextid="4149" timestamp="2019-08-08T00:00:38.088" />
  <attribute name="elasticGC enabled" value="1" />
  <attribute name= "numThreadsSpecified" value="16" />
  <attribute name="heapSize specified" value="92930048" />
  <attribute name="Current GC Util" value="42" />
  <attribute name= "Current Time Running" value="157009" />
  <attribute name ="GC Interval" value="0" />
  <attribute name="Target GC Util Change" value ="80.000000" />
  <attribute name="Current GC Util Change" value="42.000000"/>
  <attribute name="Current Error" value="-56.000000" />
  <attribute name="Output H" value="93232504"/>
  <attribute name="Output I" value="1720"/>
  <attribute name="Output T" value="16"/>
  <attribute name= "Current Time Running" value="157009" />
  <attribute name="GC Util currently" value="42" />
  <attribute name="CPU Util currently" value="32220280030" />
<allocation-satisfied id="4160" threadId="0000000001DD0F00" bytesRequested="112" />
<af-end id="4161" timestamp="2019-08-08T00:00:38.088" threadId="0000000001DD1888" success="true" />
<exclusive-end id="4162" timestamp="2019-08-08T00:00:38.088" durationms="68.012" />

<exclusive-start id="4163" timestamp="2019-08-08T00:00:38.153" intervalms="132.588">
  <response-info timems="0.019" idlems="0.019" threads="0" lastid="0000000001DD0F00" lastname="main" />
</exclusive-start>
<af-start id="4164" threadId="0000000001DD1888" totalBytesRequested="520" timestamp="2019-08-08T00:00:38.153" intervalms="132.748" />
<cycle-start id="4165" type="global" contextid="0" timestamp="2019-08-08T00:00:38.153" intervalms="132.862" />
<gc-start id="4166" type="global" contextid="4165" timestamp="2019-08-08T00:00:38.153">
  <mem-info id="4167" free="931840" total="93257728" percent="0">
    <mem type="tenure" free="931840" total="93257728" percent="0">
      <mem type="soa" free="0" total="92325888" percent="0" />
      <mem type="loa" free="931840" total="931840" percent="100" />
    </mem>
  </mem-info>
</gc-start>
<allocation-stats totalBytes="74417792" >
  <allocated-bytes non-tlh="0" tlh="74417792" />
  <largest-consumer threadName="main" threadId="0000000001DD0F00" bytes="74417792" />
</allocation-stats>
<gc-op id="4168" type="mark" timems="16.307" contextid="4165" timestamp="2019-08-08T00:00:38.169">
  <trace-info objectcount="596374" scancount="517378" scanbytes="13277372" />
  <finalization candidates="80" enqueued="0" />
  <ownableSynchronizers candidates="21" cleared="0" />
  <references type="soft" candidates="1843" cleared="0" enqueued="0" dynamicThreshold="25" maxThreshold="32" />
  <references type="weak" candidates="5742" cleared="0" enqueued="0" />
  <references type="phantom" candidates="97" cleared="0" enqueued="0" />
  <stringconstants candidates="13275" cleared="0"  />
</gc-op>
<gc-op id="4169" type="sweep" timems="5.370" contextid="4165" timestamp="2019-08-08T00:00:38.175" />
<mem-info id="4170" free="75383296" total="93257728" percent="80">
  <mem type="tenure" free="75383296" total="93257728" percent="80" micro-fragmented="0" macro-fragmented="0">
    <mem type="soa" free="74451456" total="92325888" percent="80" />
    <mem type="loa" free="931840" total="931840" percent="100" />
  </mem>
</mem-info>
<gc-op id="4171" type="compact" timems="32.103" contextid="4165" timestamp="2019-08-08T00:00:38.207">
  <compact-info movecount="105" movebytes="2520" reason="compact to aid heap contraction" />
</gc-op>
<heap-resize id="4172" type="expand" space="tenure" amount="327680" count="1" timems="0.015" reason="satisfy allocation request" timestamp="2019-08-08T00:00:38.208" />
<gc-end id="4173" type="global" contextid="4165" durationms="54.622" usertimems="70.582" systemtimems="31.455" timestamp="2019-08-08T00:00:38.208" activeThreads="16">
  <mem-info id="4174" free="75646016" total="93585408" percent="80">
    <mem type="tenure" free="75646016" total="93585408" percent="80">
      <mem type="soa" free="74711104" total="92650496" percent="80" />
      <mem type="loa" free="934912" total="934912" percent="100" />
    </mem>
  </mem-info>
</gc-end>
<cycle-end id="4175" type="global" contextid="4165" timestamp="2019-08-08T00:00:38.208" />
  <attribute name="elasticGC enabled" value="1" />
  <attribute name= "numThreadsSpecified" value="16" />
  <attribute name="heapSize specified" value="93257728" />
  <attribute name="Current GC Util" value="109" />
  <attribute name= "Current Time Running" value="157130" />
  <attribute name ="GC Interval" value="0" />
  <attribute name="Target GC Util Change" value ="80.000000" />
  <attribute name="Current GC Util Change" value="109.000000"/>
  <attribute name="Current Error" value="-301.000000" />
  <attribute name="Output H" value="93559056"/>
  <attribute name="Output I" value="448"/>
  <attribute name="Output T" value="16"/>
  <attribute name= "Current Time Running" value="157130" />
  <attribute name="GC Util currently" value="109" />
  <attribute name="CPU Util currently" value="35884903238" />
<allocation-satisfied id="4176" threadId="0000000001DD0F00" bytesRequested="520" />
<af-end id="4177" timestamp="2019-08-08T00:00:38.208" threadId="0000000001DD1888" success="true" />
<exclusive-end id="4178" timestamp="2019-08-08T00:00:38.208" durationms="55.161" />

<exclusive-start id="4179" timestamp="2019-08-08T00:00:38.253" intervalms="100.441">
  <response-info timems="0.026" idlems="0.026" threads="0" lastid="0000000001DD0F00" lastname="main" />
</exclusive-start>
<af-start id="4180" threadId="0000000001DD1888" totalBytesRequested="544" timestamp="2019-08-08T00:00:38.253" intervalms="100.285" />
<cycle-start id="4181" type="global" contextid="0" timestamp="2019-08-08T00:00:38.253" intervalms="100.189" />
<gc-start id="4182" type="global" contextid="4181" timestamp="2019-08-08T00:00:38.253">
  <mem-info id="4183" free="934912" total="93585408" percent="0">
    <mem type="tenure" free="934912" total="93585408" percent="0">
      <mem type="soa" free="0" total="92650496" percent="0" />
      <mem type="loa" free="934912" total="934912" percent="100" />
    </mem>
  </mem-info>
</gc-start>
<allocation-stats totalBytes="74696288" >
  <allocated-bytes non-tlh="0" tlh="74696288" />
  <largest-consumer threadName="main" threadId="0000000001DD0F00" bytes="74696288" />
</allocation-stats>
<gc-op id="4184" type="mark" timems="26.315" contextid="4181" timestamp="2019-08-08T00:00:38.279">
  <trace-info objectcount="596365" scancount="517359" scanbytes="13277240" />
  <finalization candidates="80" enqueued="0" />
  <ownableSynchronizers candidates="21" cleared="0" />
  <references type="soft" candidates="1843" cleared="0" enqueued="0" dynamicThreshold="25" maxThreshold="32" />
  <references type="weak" candidates="5742" cleared="0" enqueued="0" />
  <references type="phantom" candidates="97" cleared="0" enqueued="0" />
  <stringconstants candidates="13275" cleared="0"  />
</gc-op>
<gc-op id="4185" type="sweep" timems="6.993" contextid="4181" timestamp="2019-08-08T00:00:38.287" />
<mem-info id="4186" free="75710688" total="93585408" percent="80">
  <mem type="tenure" free="75710688" total="93585408" percent="80" micro-fragmented="0" macro-fragmented="0">
    <mem type="soa" free="74775776" total="92650496" percent="80" />
    <mem type="loa" free="934912" total="934912" percent="100" />
  </mem>
</mem-info>
<gc-op id="4187" type="compact" timems="38.983" contextid="4181" timestamp="2019-08-08T00:00:38.326">
  <compact-info movecount="417" movebytes="11392" reason="compact to aid heap contraction" />
</gc-op>
<heap-resize id="4188" type="expand" space="tenure" amount="327680" count="1" timems="0.021" reason="satisfy allocation request" timestamp="2019-08-08T00:00:38.329" />
<gc-end id="4189" type="global" contextid="4181" durationms="75.632" usertimems="99.333" systemtimems="37.193" timestamp="2019-08-08T00:00:38.329" activeThreads="16">
  <mem-info id="4190" free="75974112" total="93913088" percent="80">
    <mem type="tenure" free="75974112" total="93913088" percent="80">
      <mem type="soa" free="75035104" total="92974080" percent="80" />
      <mem type="loa" free="939008" total="939008" percent="100" />
    </mem>
  </mem-info>
</gc-end>
<cycle-end id="4191" type="global" contextid="4181" timestamp="2019-08-08T00:00:38.329" />
  <attribute name="elasticGC enabled" value="1" />
  <attribute name= "numThreadsSpecified" value="16" />
  <attribute name="heapSize specified" value="93585408" />
  <attribute name="Current GC Util" value="39" />
  <attribute name= "Current Time Running" value="157249" />
  <attribute name ="GC Interval" value="0" />
  <attribute name="Target GC Util Change" value ="80.000000" />
  <attribute name="Current GC Util Change" value="39.000000"/>
  <attribute name="Current Error" value="41.000000" />
  <attribute name="Output H" value="93888312"/>
  <attribute name="Output I" value="2224"/>
  <attribute name="Output T" value="16"/>
  <attribute name= "Current Time Running" value="157249" />
  <attribute name="GC Util currently" value="39" />
  <attribute name="CPU Util currently" value="29534908749" />
<allocation-satisfied id="4192" threadId="0000000001DD0F00" bytesRequested="544" />
<af-end id="4193" timestamp="2019-08-08T00:00:38.329" threadId="0000000001DD1888" success="true" />
<exclusive-end id="4194" timestamp="2019-08-08T00:00:38.329" durationms="75.952" />

<exclusive-start id="4195" timestamp="2019-08-08T00:00:38.340" intervalms="87.111">
  <response-info timems="0.019" idlems="0.019" threads="0" lastid="0000000001DD0F00" lastname="main" />
</exclusive-start>
<af-start id="4196" threadId="0000000001DD1888" totalBytesRequested="584" timestamp="2019-08-08T00:00:38.340" intervalms="87.109" />
<cycle-start id="4197" type="global" contextid="0" timestamp="2019-08-08T00:00:38.340" intervalms="87.094" />
<gc-start id="4198" type="global" contextid="4197" timestamp="2019-08-08T00:00:38.340">
  <mem-info id="4199" free="939008" total="93913088" percent="0">
    <mem type="tenure" free="939008" total="93913088" percent="0">
      <mem type="soa" free="0" total="92974080" percent="0" />
      <mem type="loa" free="939008" total="939008" percent="100" />
    </mem>
  </mem-info>
</gc-start>
<allocation-stats totalBytes="74967160" >
  <allocated-bytes non-tlh="0" tlh="74967160" />
  <largest-consumer threadName="main" threadId="0000000001DD0F00" bytes="74967160" />
</allocation-stats>
<gc-op id="4200" type="mark" timems="14.305" contextid="4197" timestamp="2019-08-08T00:00:38.355">
  <trace-info objectcount="596365" scancount="517358" scanbytes="13277240" />
  <finalization candidates="80" enqueued="0" />
  <ownableSynchronizers candidates="21" cleared="0" />
  <references type="soft" candidates="1843" cleared="0" enqueued="0" dynamicThreshold="25" maxThreshold="32" />
  <references type="weak" candidates="5742" cleared="0" enqueued="0" />
  <references type="phantom" candidates="97" cleared="0" enqueued="0" />
  <stringconstants candidates="13275" cleared="0"  />
</gc-op>
<gc-op id="4201" type="sweep" timems="2.549" contextid="4197" timestamp="2019-08-08T00:00:38.357" />
<mem-info id="4202" free="76039016" total="93913088" percent="80">
  <mem type="tenure" free="76039016" total="93913088" percent="80" micro-fragmented="0" macro-fragmented="0">
    <mem type="soa" free="75100008" total="92974080" percent="80" />
    <mem type="loa" free="939008" total="939008" percent="100" />
  </mem>
</mem-info>
<gc-op id="4203" type="compact" timems="29.367" contextid="4197" timestamp="2019-08-08T00:00:38.387">
  <compact-info movecount="133" movebytes="3888" reason="compact to aid heap contraction" />
</gc-op>
<heap-resize id="4204" type="expand" space="tenure" amount="327680" count="1" timems="0.018" reason="satisfy allocation request" timestamp="2019-08-08T00:00:38.387" />
<gc-end id="4205" type="global" contextid="4197" durationms="47.140" usertimems="82.851" systemtimems="14.140" timestamp="2019-08-08T00:00:38.387" activeThreads="16">
  <mem-info id="4206" free="76301792" total="94240768" percent="80">
    <mem type="tenure" free="76301792" total="94240768" percent="80">
      <mem type="soa" free="75359712" total="93298688" percent="80" />
      <mem type="loa" free="942080" total="942080" percent="100" />
    </mem>
  </mem-info>
</gc-end>
<cycle-end id="4207" type="global" contextid="4197" timestamp="2019-08-08T00:00:38.387" />
  <attribute name="elasticGC enabled" value="1" />
  <attribute name= "numThreadsSpecified" value="16" />
  <attribute name="heapSize specified" value="93913088" />
  <attribute name="Current GC Util" value="54" />
  <attribute name= "Current Time Running" value="157310" />
  <attribute name ="GC Interval" value="0" />
  <attribute name="Target GC Util Change" value ="80.000000" />
  <attribute name="Current GC Util Change" value="54.000000"/>
  <attribute name="Current Error" value="-526.000000" />
  <attribute name="Output H" value="94213376"/>
  <attribute name="Output I" value="200"/>
  <attribute name="Output T" value="16"/>
  <attribute name= "Current Time Running" value="157310" />
  <attribute name="GC Util currently" value="54" />
  <attribute name="CPU Util currently" value="39234420258" />
<allocation-satisfied id="4208" threadId="0000000001DD0F00" bytesRequested="584" />
<af-end id="4209" timestamp="2019-08-08T00:00:38.387" threadId="0000000001DD1888" success="true" />
<exclusive-end id="4210" timestamp="2019-08-08T00:00:38.387" durationms="47.361" />

<exclusive-start id="4211" timestamp="2019-08-08T00:00:38.398" intervalms="57.969">
  <response-info timems="0.018" idlems="0.018" threads="0" lastid="0000000001DD0F00" lastname="main" />
</exclusive-start>
<af-start id="4212" threadId="0000000001DD1888" totalBytesRequested="584" timestamp="2019-08-08T00:00:38.398" intervalms="57.972" />
<cycle-start id="4213" type="global" contextid="0" timestamp="2019-08-08T00:00:38.398" intervalms="57.973" />
<gc-start id="4214" type="global" contextid="4213" timestamp="2019-08-08T00:00:38.398">
  <mem-info id="4215" free="942080" total="94240768" percent="0">
    <mem type="tenure" free="942080" total="94240768" percent="0">
      <mem type="soa" free="0" total="93298688" percent="0" />
      <mem type="loa" free="942080" total="942080" percent="100" />
    </mem>
  </mem-info>
</gc-start>
<allocation-stats totalBytes="75291552" >
  <allocated-bytes non-tlh="0" tlh="75291552" />
  <largest-consumer threadName="main" threadId="0000000001DD0F00" bytes="75291552" />
</allocation-stats>
<gc-op id="4216" type="mark" timems="14.129" contextid="4213" timestamp="2019-08-08T00:00:38.412">
  <trace-info objectcount="596365" scancount="517361" scanbytes="13277240" />
  <finalization candidates="80" enqueued="0" />
  <ownableSynchronizers candidates="21" cleared="0" />
  <references type="soft" candidates="1843" cleared="0" enqueued="0" dynamicThreshold="25" maxThreshold="32" />
  <references type="weak" candidates="5742" cleared="0" enqueued="0" />
  <references type="phantom" candidates="97" cleared="0" enqueued="0" />
  <stringconstants candidates="13275" cleared="0"  />
</gc-op>
<gc-op id="4217" type="sweep" timems="4.351" contextid="4213" timestamp="2019-08-08T00:00:38.417" />
<mem-info id="4218" free="76366752" total="94240768" percent="81">
  <mem type="tenure" free="76366752" total="94240768" percent="81" micro-fragmented="0" macro-fragmented="0">
    <mem type="soa" free="75424672" total="93298688" percent="80" />
    <mem type="loa" free="942080" total="942080" percent="100" />
  </mem>
</mem-info>
<gc-op id="4219" type="compact" timems="31.256" contextid="4213" timestamp="2019-08-08T00:00:38.449">
  <compact-info movecount="133" movebytes="3888" reason="compact to aid heap contraction" />
</gc-op>
<heap-resize id="4220" type="expand" space="tenure" amount="327680" count="1" timems="0.015" reason="satisfy allocation request" timestamp="2019-08-08T00:00:38.450" />
<gc-end id="4221" type="global" contextid="4213" durationms="51.506" usertimems="75.851" systemtimems="24.264" timestamp="2019-08-08T00:00:38.450" activeThreads="16">
  <mem-info id="4222" free="76629472" total="94568448" percent="81">
    <mem type="tenure" free="76629472" total="94568448" percent="81">
      <mem type="soa" free="75684320" total="93623296" percent="80" />
      <mem type="loa" free="945152" total="945152" percent="100" />
    </mem>
  </mem-info>
</gc-end>
<cycle-end id="4223" type="global" contextid="4213" timestamp="2019-08-08T00:00:38.450" />
  <attribute name="elasticGC enabled" value="1" />
  <attribute name= "numThreadsSpecified" value="16" />
  <attribute name="heapSize specified" value="94240768" />
  <attribute name="Current GC Util" value="54" />
  <attribute name= "Current Time Running" value="157372" />
  <attribute name ="GC Interval" value="0" />
  <attribute name="Target GC Util Change" value ="80.000000" />
  <attribute name="Current GC Util Change" value="54.000000"/>
  <attribute name="Current Error" value="-287.000000" />
  <attribute name="Output H" value="94542160"/>
  <attribute name="Output I" value="520"/>
  <attribute name="Output T" value="16"/>
  <attribute name= "Current Time Running" value="157372" />
  <attribute name="GC Util currently" value="54" />
  <attribute name="CPU Util currently" value="36842266493" />
<allocation-satisfied id="4224" threadId="0000000001DD0F00" bytesRequested="584" />
<af-end id="4225" timestamp="2019-08-08T00:00:38.450" threadId="0000000001DD1888" success="true" />
<exclusive-end id="4226" timestamp="2019-08-08T00:00:38.450" durationms="51.731" />

<exclusive-start id="4227" timestamp="2019-08-08T00:00:38.536" intervalms="137.702">
  <response-info timems="0.022" idlems="0.022" threads="0" lastid="0000000001DD0F00" lastname="main" />
</exclusive-start>
<af-start id="4228" threadId="0000000001DD1888" totalBytesRequested="32" timestamp="2019-08-08T00:00:38.536" intervalms="137.769" />
<cycle-start id="4229" type="global" contextid="0" timestamp="2019-08-08T00:00:38.536" intervalms="137.763" />
<gc-start id="4230" type="global" contextid="4229" timestamp="2019-08-08T00:00:38.536">
  <mem-info id="4231" free="945152" total="94568448" percent="0">
    <mem type="tenure" free="945152" total="94568448" percent="0">
      <mem type="soa" free="0" total="93623296" percent="0" />
      <mem type="loa" free="945152" total="945152" percent="100" />
    </mem>
  </mem-info>
</gc-start>
<allocation-stats totalBytes="75685888" >
  <allocated-bytes non-tlh="0" tlh="75685888" />
  <largest-consumer threadName="main" threadId="0000000001DD0F00" bytes="75685888" />
</allocation-stats>
<gc-op id="4232" type="mark" timems="20.243" contextid="4229" timestamp="2019-08-08T00:00:38.556">
  <trace-info objectcount="596374" scancount="517366" scanbytes="13278380" />
  <finalization candidates="80" enqueued="0" />
  <ownableSynchronizers candidates="21" cleared="0" />
  <references type="soft" candidates="1843" cleared="0" enqueued="0" dynamicThreshold="25" maxThreshold="32" />
  <references type="weak" candidates="5742" cleared="0" enqueued="0" />
  <references type="phantom" candidates="97" cleared="0" enqueued="0" />
  <stringconstants candidates="13275" cleared="0"  />
</gc-op>
<gc-op id="4233" type="sweep" timems="7.021" contextid="4229" timestamp="2019-08-08T00:00:38.563" />
<mem-info id="4234" free="76693256" total="94568448" percent="81">
  <mem type="tenure" free="76693256" total="94568448" percent="81" micro-fragmented="0" macro-fragmented="0">
    <mem type="soa" free="75748104" total="93623296" percent="80" />
    <mem type="loa" free="945152" total="945152" percent="100" />
  </mem>
</mem-info>
<gc-op id="4235" type="compact" timems="29.597" contextid="4229" timestamp="2019-08-08T00:00:38.593">
  <compact-info movecount="422" movebytes="11840" reason="compact to aid heap contraction" />
</gc-op>
<heap-resize id="4236" type="expand" space="tenure" amount="327680" count="1" timems="0.015" reason="satisfy allocation request" timestamp="2019-08-08T00:00:38.594" />
<gc-end id="4237" type="global" contextid="4229" durationms="57.622" usertimems="86.578" systemtimems="33.825" timestamp="2019-08-08T00:00:38.594" activeThreads="16">
  <mem-info id="4238" free="76956584" total="94896128" percent="81">
    <mem type="tenure" free="76956584" total="94896128" percent="81">
      <mem type="soa" free="76008360" total="93947904" percent="80" />
      <mem type="loa" free="948224" total="948224" percent="100" />
    </mem>
  </mem-info>
</gc-end>
<cycle-end id="4239" type="global" contextid="4229" timestamp="2019-08-08T00:00:38.594" />
  <attribute name="elasticGC enabled" value="1" />
  <attribute name= "numThreadsSpecified" value="16" />
  <attribute name="heapSize specified" value="94568448" />
  <attribute name="Current GC Util" value="44" />
  <attribute name= "Current Time Running" value="157516" />
  <attribute name ="GC Interval" value="0" />
  <attribute name="Target GC Util Change" value ="80.000000" />
  <attribute name="Current GC Util Change" value="44.000000"/>
  <attribute name="Current Error" value="36.000000" />
  <attribute name="Output H" value="94871328"/>
  <attribute name="Output I" value="2200"/>
  <attribute name="Output T" value="16"/>
  <attribute name= "Current Time Running" value="157516" />
  <attribute name="GC Util currently" value="44" />
  <attribute name="CPU Util currently" value="38917209812" />
<allocation-satisfied id="4240" threadId="0000000001DD0F00" bytesRequested="32" />
<af-end id="4241" timestamp="2019-08-08T00:00:38.594" threadId="0000000001DD1888" success="true" />
<exclusive-end id="4242" timestamp="2019-08-08T00:00:38.594" durationms="57.957" />

<exclusive-start id="4243" timestamp="2019-08-08T00:00:38.650" intervalms="113.890">
  <response-info timems="0.016" idlems="0.016" threads="0" lastid="0000000001DD0F00" lastname="main" />
</exclusive-start>
<af-start id="4244" threadId="0000000001DD1888" totalBytesRequested="1008" timestamp="2019-08-08T00:00:38.650" intervalms="113.832" />
<cycle-start id="4245" type="global" contextid="0" timestamp="2019-08-08T00:00:38.650" intervalms="113.839" />
<gc-start id="4246" type="global" contextid="4245" timestamp="2019-08-08T00:00:38.650">
  <mem-info id="4247" free="948224" total="94896128" percent="0">
    <mem type="tenure" free="948224" total="94896128" percent="0">
      <mem type="soa" free="0" total="93947904" percent="0" />
      <mem type="loa" free="948224" total="948224" percent="100" />
    </mem>
  </mem-info>
</gc-start>
<allocation-stats totalBytes="76003664" >
  <allocated-bytes non-tlh="0" tlh="76003664" />
  <largest-consumer threadName="main" threadId="0000000001DD0F00" bytes="76003664" />
</allocation-stats>
<gc-op id="4248" type="mark" timems="11.046" contextid="4245" timestamp="2019-08-08T00:00:38.661">
  <trace-info objectcount="596416" scancount="517401" scanbytes="13278596" />
  <finalization candidates="80" enqueued="0" />
  <ownableSynchronizers candidates="21" cleared="0" />
  <references type="soft" candidates="1849" cleared="0" enqueued="0" dynamicThreshold="25" maxThreshold="32" />
  <references type="weak" candidates="5742" cleared="0" enqueued="0" />
  <references type="phantom" candidates="97" cleared="0" enqueued="0" />
  <stringconstants candidates="13275" cleared="0"  />
</gc-op>
<gc-op id="4249" type="sweep" timems="1.640" contextid="4245" timestamp="2019-08-08T00:00:38.663" />
<mem-info id="4250" free="76996952" total="94896128" percent="81">
  <mem type="tenure" free="76996952" total="94896128" percent="81" micro-fragmented="0" macro-fragmented="0">
    <mem type="soa" free="76048728" total="93947904" percent="80" />
    <mem type="loa" free="948224" total="948224" percent="100" />
  </mem>
</mem-info>
<gc-op id="4251" type="compact" timems="23.775" contextid="4245" timestamp="2019-08-08T00:00:38.686">
  <compact-info movecount="458" movebytes="33232" reason="compact to aid heap contraction" />
</gc-op>
<heap-resize id="4252" type="expand" space="tenure" amount="327680" count="1" timems="0.032" reason="satisfy allocation request" timestamp="2019-08-08T00:00:38.688" />
<gc-end id="4253" type="global" contextid="4245" durationms="37.818" usertimems="73.114" systemtimems="1.882" timestamp="2019-08-08T00:00:38.688" activeThreads="16">
  <mem-info id="4254" free="77262696" total="95223808" percent="81">
    <mem type="tenure" free="77262696" total="95223808" percent="81">
      <mem type="soa" free="76311400" total="94272512" percent="80" />
      <mem type="loa" free="951296" total="951296" percent="100" />
    </mem>
  </mem-info>
</gc-end>
<cycle-end id="4255" type="global" contextid="4245" timestamp="2019-08-08T00:00:38.688" />
  <attribute name="elasticGC enabled" value="1" />
  <attribute name= "numThreadsSpecified" value="16" />
  <attribute name="heapSize specified" value="94896128" />
  <attribute name="Current GC Util" value="44" />
  <attribute name= "Current Time Running" value="157610" />
  <attribute name ="GC Interval" value="0" />
  <attribute name="Target GC Util Change" value ="80.000000" />
  <attribute name="Current GC Util Change" value="44.000000"/>
  <attribute name="Current Error" value="-219.000000" />
  <attribute name="Output H" value="95197832"/>
  <attribute name="Output I" value="872"/>
  <attribute name="Output T" value="16"/>
  <attribute name= "Current Time Running" value="157610" />
  <attribute name="GC Util currently" value="44" />
  <attribute name="CPU Util currently" value="48393924724" />
<allocation-satisfied id="4256" threadId="0000000001DD0F00" bytesRequested="1008" />
<af-end id="4257" timestamp="2019-08-08T00:00:38.688" threadId="0000000001DD1888" success="true" />
<exclusive-end id="4258" timestamp="2019-08-08T00:00:38.688" durationms="38.207" />

<exclusive-start id="4259" timestamp="2019-08-08T00:00:38.816" intervalms="166.481">
  <response-info timems="0.019" idlems="0.019" threads="0" lastid="0000000001DD0F00" lastname="main" />
</exclusive-start>
<af-start id="4260" threadId="0000000001DD1888" totalBytesRequested="32" timestamp="2019-08-08T00:00:38.816" intervalms="166.461" />
<cycle-start id="4261" type="global" contextid="0" timestamp="2019-08-08T00:00:38.816" intervalms="166.455" />
<gc-start id="4262" type="global" contextid="4261" timestamp="2019-08-08T00:00:38.816">
  <mem-info id="4263" free="951296" total="95223808" percent="0">
    <mem type="tenure" free="951296" total="95223808" percent="0">
      <mem type="soa" free="0" total="94272512" percent="0" />
      <mem type="loa" free="951296" total="951296" percent="100" />
    </mem>
  </mem-info>
</gc-start>
<allocation-stats totalBytes="76300880" >
  <allocated-bytes non-tlh="0" tlh="76300880" />
  <largest-consumer threadName="main" threadId="0000000001DD0F00" bytes="76300880" />
</allocation-stats>
<gc-op id="4264" type="mark" timems="12.747" contextid="4261" timestamp="2019-08-08T00:00:38.829">
  <trace-info objectcount="596411" scancount="517428" scanbytes="13278744" />
  <finalization candidates="80" enqueued="0" />
  <ownableSynchronizers candidates="21" cleared="0" />
  <references type="soft" candidates="1849" cleared="0" enqueued="0" dynamicThreshold="25" maxThreshold="32" />
  <references type="weak" candidates="5742" cleared="0" enqueued="0" />
  <references type="phantom" candidates="97" cleared="0" enqueued="0" />
  <stringconstants candidates="13275" cleared="0"  />
</gc-op>
<gc-op id="4265" type="sweep" timems="1.536" contextid="4261" timestamp="2019-08-08T00:00:38.831" />
<mem-info id="4266" free="77330320" total="95223808" percent="81">
  <mem type="tenure" free="77330320" total="95223808" percent="81" micro-fragmented="0" macro-fragmented="0">
    <mem type="soa" free="76379024" total="94272512" percent="81" />
    <mem type="loa" free="951296" total="951296" percent="100" />
  </mem>
</mem-info>
<gc-op id="4267" type="compact" timems="23.618" contextid="4261" timestamp="2019-08-08T00:00:38.854">
  <compact-info movecount="452" movebytes="30136" reason="compact to aid heap contraction" />
</gc-op>
<heap-resize id="4268" type="expand" space="tenure" amount="327680" count="1" timems="0.018" reason="satisfy allocation request" timestamp="2019-08-08T00:00:38.855" />
<gc-end id="4269" type="global" contextid="4261" durationms="38.617" usertimems="81.517" systemtimems="15.601" timestamp="2019-08-08T00:00:38.855" activeThreads="16">
  <mem-info id="4270" free="77593472" total="95551488" percent="81">
    <mem type="tenure" free="77593472" total="95551488" percent="81">
      <mem type="soa" free="76638080" total="94596096" percent="81" />
      <mem type="loa" free="955392" total="955392" percent="100" />
    </mem>
  </mem-info>
</gc-end>
<cycle-end id="4271" type="global" contextid="4261" timestamp="2019-08-08T00:00:38.855" />
  <attribute name="elasticGC enabled" value="1" />
  <attribute name= "numThreadsSpecified" value="16" />
  <attribute name="heapSize specified" value="95223808" />
  <attribute name="Current GC Util" value="36" />
  <attribute name= "Current Time Running" value="157777" />
  <attribute name ="GC Interval" value="0" />
  <attribute name="Target GC Util Change" value ="80.000000" />
  <attribute name="Current GC Util Change" value="36.000000"/>
  <attribute name="Current Error" value="-372.000000" />
  <attribute name="Output H" value="95524808"/>
  <attribute name="Output I" value="200"/>
  <attribute name="Output T" value="16"/>
  <attribute name= "Current Time Running" value="157777" />
  <attribute name="GC Util currently" value="36" />
  <attribute name="CPU Util currently" value="48761367346" />
<allocation-satisfied id="4272" threadId="0000000001DD0F00" bytesRequested="32" />
<af-end id="4273" timestamp="2019-08-08T00:00:38.855" threadId="0000000001DD1888" success="true" />
<exclusive-end id="4274" timestamp="2019-08-08T00:00:38.855" durationms="38.806" />

<exclusive-start id="4275" timestamp="2019-08-08T00:00:38.978" intervalms="162.241">
  <response-info timems="0.020" idlems="0.020" threads="0" lastid="0000000001DD0F00" lastname="main" />
</exclusive-start>
<af-start id="4276" threadId="0000000001DD1888" totalBytesRequested="32" timestamp="2019-08-08T00:00:38.978" intervalms="162.243" />
<cycle-start id="4277" type="global" contextid="0" timestamp="2019-08-08T00:00:38.978" intervalms="162.243" />
<gc-start id="4278" type="global" contextid="4277" timestamp="2019-08-08T00:00:38.978">
  <mem-info id="4279" free="955392" total="95551488" percent="0">
    <mem type="tenure" free="955392" total="95551488" percent="0">
      <mem type="soa" free="0" total="94596096" percent="0" />
      <mem type="loa" free="955392" total="955392" percent="100" />
    </mem>
  </mem-info>
</gc-start>
<allocation-stats totalBytes="76690248" >
  <allocated-bytes non-tlh="0" tlh="76690248" />
  <largest-consumer threadName="main" threadId="0000000001DD0F00" bytes="76690248" />
</allocation-stats>
<gc-op id="4280" type="mark" timems="8.045" contextid="4277" timestamp="2019-08-08T00:00:38.987">
  <trace-info objectcount="596409" scancount="517398" scanbytes="13278652" />
  <finalization candidates="80" enqueued="0" />
  <ownableSynchronizers candidates="21" cleared="0" />
  <references type="soft" candidates="1849" cleared="0" enqueued="0" dynamicThreshold="25" maxThreshold="32" />
  <references type="weak" candidates="5742" cleared="0" enqueued="0" />
  <references type="phantom" candidates="97" cleared="0" enqueued="0" />
  <stringconstants candidates="13275" cleared="0"  />
</gc-op>
<gc-op id="4281" type="sweep" timems="1.519" contextid="4277" timestamp="2019-08-08T00:00:38.988" />
<mem-info id="4282" free="77658648" total="95551488" percent="81">
  <mem type="tenure" free="77658648" total="95551488" percent="81" micro-fragmented="0" macro-fragmented="0">
    <mem type="soa" free="76703256" total="94596096" percent="81" />
    <mem type="loa" free="955392" total="955392" percent="100" />
  </mem>
</mem-info>
<gc-op id="4283" type="compact" timems="23.298" contextid="4277" timestamp="2019-08-08T00:00:39.011">
  <compact-info movecount="148" movebytes="3864" reason="compact to aid heap contraction" />
</gc-op>
<heap-resize id="4284" type="expand" space="tenure" amount="327680" count="1" timems="0.020" reason="satisfy allocation request" timestamp="2019-08-08T00:00:39.012" />
<gc-end id="4285" type="global" contextid="4277" durationms="33.609" usertimems="77.511" systemtimems="0.000" timestamp="2019-08-08T00:00:39.012" activeThreads="16">
  <mem-info id="4286" free="77921248" total="95879168" percent="81">
    <mem type="tenure" free="77921248" total="95879168" percent="81">
      <mem type="soa" free="76962784" total="94920704" percent="81" />
      <mem type="loa" free="958464" total="958464" percent="100" />
    </mem>
  </mem-info>
</gc-end>
<cycle-end id="4287" type="global" contextid="4277" timestamp="2019-08-08T00:00:39.012" />
  <attribute name="elasticGC enabled" value="1" />
  <attribute name= "numThreadsSpecified" value="16" />
  <attribute name="heapSize specified" value="95551488" />
  <attribute name="Current GC Util" value="31" />
  <attribute name= "Current Time Running" value="157935" />
  <attribute name ="GC Interval" value="0" />
  <attribute name="Target GC Util Change" value ="80.000000" />
  <attribute name="Current GC Util Change" value="31.000000"/>
  <attribute name="Current Error" value="49.000000" />
  <attribute name="Output H" value="95854432"/>
  <attribute name="Output I" value="2264"/>
  <attribute name="Output T" value="16"/>
  <attribute name= "Current Time Running" value="157935" />
  <attribute name="GC Util currently" value="31" />
  <attribute name="CPU Util currently" value="49399539424" />
<allocation-satisfied id="4288" threadId="0000000001DD0F00" bytesRequested="32" />
<af-end id="4289" timestamp="2019-08-08T00:00:39.012" threadId="0000000001DD1888" success="true" />
<exclusive-end id="4290" timestamp="2019-08-08T00:00:39.012" durationms="33.794" />

<exclusive-start id="4291" timestamp="2019-08-08T00:00:39.132" intervalms="153.862">
  <response-info timems="0.023" idlems="0.023" threads="0" lastid="0000000001DD0F00" lastname="main" />
</exclusive-start>
<af-start id="4292" threadId="0000000001DD1888" totalBytesRequested="40" timestamp="2019-08-08T00:00:39.132" intervalms="153.893" />
<cycle-start id="4293" type="global" contextid="0" timestamp="2019-08-08T00:00:39.132" intervalms="153.897" />
<gc-start id="4294" type="global" contextid="4293" timestamp="2019-08-08T00:00:39.132">
  <mem-info id="4295" free="958464" total="95879168" percent="0">
    <mem type="tenure" free="958464" total="95879168" percent="0">
      <mem type="soa" free="0" total="94920704" percent="0" />
      <mem type="loa" free="958464" total="958464" percent="100" />
    </mem>
  </mem-info>
</gc-start>
<allocation-stats totalBytes="77014168" >
  <allocated-bytes non-tlh="0" tlh="77014168" />
  <largest-consumer threadName="main" threadId="0000000001DD0F00" bytes="77014168" />
</allocation-stats>
<gc-op id="4296" type="mark" timems="14.089" contextid="4293" timestamp="2019-08-08T00:00:39.147">
  <trace-info objectcount="596407" scancount="517413" scanbytes="13278592" />
  <finalization candidates="80" enqueued="0" />
  <ownableSynchronizers candidates="21" cleared="0" />
  <references type="soft" candidates="1849" cleared="0" enqueued="0" dynamicThreshold="26" maxThreshold="32" />
  <references type="weak" candidates="5742" cleared="0" enqueued="0" />
  <references type="phantom" candidates="97" cleared="0" enqueued="0" />
  <stringconstants candidates="13275" cleared="0"  />
</gc-op>
<gc-op id="4297" type="sweep" timems="1.665" contextid="4293" timestamp="2019-08-08T00:00:39.148" />
<mem-info id="4298" free="77986568" total="95879168" percent="81">
  <mem type="tenure" free="77986568" total="95879168" percent="81" micro-fragmented="0" macro-fragmented="0">
    <mem type="soa" free="77028104" total="94920704" percent="81" />
    <mem type="loa" free="958464" total="958464" percent="100" />
  </mem>
</mem-info>
<gc-op id="4299" type="compact" timems="26.540" contextid="4293" timestamp="2019-08-08T00:00:39.175">
  <compact-info movecount="146" movebytes="3800" reason="compact to aid heap contraction" />
</gc-op>
<heap-resize id="4300" type="expand" space="tenure" amount="327680" count="1" timems="0.013" reason="satisfy allocation request" timestamp="2019-08-08T00:00:39.175" />
<gc-end id="4301" type="global" contextid="4293" durationms="43.063" usertimems="89.518" systemtimems="0.619" timestamp="2019-08-08T00:00:39.175" activeThreads="16">
  <mem-info id="4302" free="78248992" total="96206848" percent="81">
    <mem type="tenure" free="78248992" total="96206848" percent="81">
      <mem type="soa" free="77287456" total="95245312" percent="81" />
      <mem type="loa" free="961536" total="961536" percent="100" />
    </mem>
  </mem-info>
</gc-end>
<cycle-end id="4303" type="global" contextid="4293" timestamp="2019-08-08T00:00:39.175" />
  <attribute name="elasticGC enabled" value="1" />
  <attribute name= "numThreadsSpecified" value="16" />
  <attribute name="heapSize specified" value="95879168" />
  <attribute name="Current GC Util" value="44" />
  <attribute name= "Current Time Running" value="158098" />
  <attribute name ="GC Interval" value="0" />
  <attribute name="Target GC Util Change" value ="80.000000" />
  <attribute name="Current GC Util Change" value="44.000000"/>
  <attribute name="Current Error" value="-150.000000" />
  <attribute name="Output H" value="96181192"/>
  <attribute name="Output I" value="1232"/>
  <attribute name="Output T" value="16"/>
  <attribute name= "Current Time Running" value="158098" />
  <attribute name="GC Util currently" value="44" />
  <attribute name="CPU Util currently" value="43398043743" />
<allocation-satisfied id="4304" threadId="0000000001DD0F00" bytesRequested="40" />
<af-end id="4305" timestamp="2019-08-08T00:00:39.175" threadId="0000000001DD1888" success="true" />
<exclusive-end id="4306" timestamp="2019-08-08T00:00:39.175" durationms="43.268" />

<exclusive-start id="4307" timestamp="2019-08-08T00:00:39.254" intervalms="122.279">
  <response-info timems="0.022" idlems="0.022" threads="0" lastid="0000000001DD0F00" lastname="main" />
</exclusive-start>
<af-start id="4308" threadId="0000000001DD1888" totalBytesRequested="584" timestamp="2019-08-08T00:00:39.255" intervalms="122.250" />
<cycle-start id="4309" type="global" contextid="0" timestamp="2019-08-08T00:00:39.255" intervalms="122.256" />
<gc-start id="4310" type="global" contextid="4309" timestamp="2019-08-08T00:00:39.255">
  <mem-info id="4311" free="961536" total="96206848" percent="0">
    <mem type="tenure" free="961536" total="96206848" percent="0">
      <mem type="soa" free="0" total="95245312" percent="0" />
      <mem type="loa" free="961536" total="961536" percent="100" />
    </mem>
  </mem-info>
</gc-start>
<allocation-stats totalBytes="77300936" >
  <allocated-bytes non-tlh="0" tlh="77300936" />
  <largest-consumer threadName="main" threadId="0000000001DD0F00" bytes="77300936" />
</allocation-stats>
<gc-op id="4312" type="mark" timems="15.727" contextid="4309" timestamp="2019-08-08T00:00:39.271">
  <trace-info objectcount="596409" scancount="517394" scanbytes="13278492" />
  <finalization candidates="80" enqueued="0" />
  <ownableSynchronizers candidates="21" cleared="0" />
  <references type="soft" candidates="1849" cleared="0" enqueued="0" dynamicThreshold="26" maxThreshold="32" />
  <references type="weak" candidates="5742" cleared="0" enqueued="0" />
  <references type="phantom" candidates="97" cleared="0" enqueued="0" />
  <stringconstants candidates="13275" cleared="0"  />
</gc-op>
<gc-op id="4313" type="sweep" timems="1.642" contextid="4309" timestamp="2019-08-08T00:00:39.272" />
<mem-info id="4314" free="78312264" total="96206848" percent="81">
  <mem type="tenure" free="78312264" total="96206848" percent="81" micro-fragmented="0" macro-fragmented="0">
    <mem type="soa" free="77350728" total="95245312" percent="81" />
    <mem type="loa" free="961536" total="961536" percent="100" />
  </mem>
</mem-info>
<gc-op id="4315" type="compact" timems="29.303" contextid="4309" timestamp="2019-08-08T00:00:39.302">
  <compact-info movecount="450" movebytes="30464" reason="compact to aid heap contraction" />
</gc-op>
<heap-resize id="4316" type="expand" space="tenure" amount="327680" count="1" timems="0.020" reason="satisfy allocation request" timestamp="2019-08-08T00:00:39.302" />
<gc-end id="4317" type="global" contextid="4309" durationms="47.457" usertimems="89.135" systemtimems="16.763" timestamp="2019-08-08T00:00:39.302" activeThreads="16">
  <mem-info id="4318" free="78576184" total="96534528" percent="81">
    <mem type="tenure" free="78576184" total="96534528" percent="81">
      <mem type="soa" free="77611576" total="95569920" percent="81" />
      <mem type="loa" free="964608" total="964608" percent="100" />
    </mem>
  </mem-info>
</gc-end>
<cycle-end id="4319" type="global" contextid="4309" timestamp="2019-08-08T00:00:39.302" />
  <attribute name="elasticGC enabled" value="1" />
  <attribute name= "numThreadsSpecified" value="16" />
  <attribute name="heapSize specified" value="96206848" />
  <attribute name="Current GC Util" value="30" />
  <attribute name= "Current Time Running" value="158225" />
  <attribute name ="GC Interval" value="0" />
  <attribute name="Target GC Util Change" value ="80.000000" />
  <attribute name="Current GC Util Change" value="30.000000"/>
  <attribute name="Current Error" value="-314.000000" />
  <attribute name="Output H" value="96508112"/>
  <attribute name="Output I" value="384"/>
  <attribute name="Output T" value="16"/>
  <attribute name= "Current Time Running" value="158225" />
  <attribute name="GC Util currently" value="30" />
  <attribute name="CPU Util currently" value="39290863847" />
<allocation-satisfied id="4320" threadId="0000000001DD0F00" bytesRequested="584" />
<af-end id="4321" timestamp="2019-08-08T00:00:39.302" threadId="0000000001DD1888" success="true" />
<exclusive-end id="4322" timestamp="2019-08-08T00:00:39.302" durationms="47.903" />

<exclusive-start id="4323" timestamp="2019-08-08T00:00:39.315" intervalms="60.909">
  <response-info timems="0.021" idlems="0.021" threads="0" lastid="0000000001DD0F00" lastname="main" />
</exclusive-start>
<af-start id="4324" threadId="0000000001DD1888" totalBytesRequested="584" timestamp="2019-08-08T00:00:39.315" intervalms="60.905" />
<cycle-start id="4325" type="global" contextid="0" timestamp="2019-08-08T00:00:39.315" intervalms="60.896" />
<gc-start id="4326" type="global" contextid="4325" timestamp="2019-08-08T00:00:39.316">
  <mem-info id="4327" free="964608" total="96534528" percent="0">
    <mem type="tenure" free="964608" total="96534528" percent="0">
      <mem type="soa" free="0" total="95569920" percent="0" />
      <mem type="loa" free="964608" total="964608" percent="100" />
    </mem>
  </mem-info>
</gc-start>
<allocation-stats totalBytes="77570944" >
  <allocated-bytes non-tlh="0" tlh="77570944" />
  <largest-consumer threadName="main" threadId="0000000001DD0F00" bytes="77570944" />
</allocation-stats>
<gc-op id="4328" type="mark" timems="9.423" contextid="4325" timestamp="2019-08-08T00:00:39.325">
  <trace-info objectcount="596409" scancount="517392" scanbytes="13278492" />
  <finalization candidates="80" enqueued="0" />
  <ownableSynchronizers candidates="21" cleared="0" />
  <references type="soft" candidates="1849" cleared="0" enqueued="0" dynamicThreshold="26" maxThreshold="32" />
  <references type="weak" candidates="5742" cleared="0" enqueued="0" />
  <references type="phantom" candidates="97" cleared="0" enqueued="0" />
  <stringconstants candidates="13275" cleared="0"  />
</gc-op>
<gc-op id="4329" type="sweep" timems="1.849" contextid="4325" timestamp="2019-08-08T00:00:39.327" />
<mem-info id="4330" free="78641440" total="96534528" percent="81">
  <mem type="tenure" free="78641440" total="96534528" percent="81" micro-fragmented="0" macro-fragmented="0">
    <mem type="soa" free="77676832" total="95569920" percent="81" />
    <mem type="loa" free="964608" total="964608" percent="100" />
  </mem>
</mem-info>
<gc-op id="4331" type="compact" timems="28.069" contextid="4325" timestamp="2019-08-08T00:00:39.355">
  <compact-info movecount="132" movebytes="3184" reason="compact to aid heap contraction" />
</gc-op>
<heap-resize id="4332" type="expand" space="tenure" amount="327680" count="1" timems="0.018" reason="satisfy allocation request" timestamp="2019-08-08T00:00:39.356" />
<gc-end id="4333" type="global" contextid="4325" durationms="40.007" usertimems="87.354" systemtimems="9.141" timestamp="2019-08-08T00:00:39.356" activeThreads="16">
  <mem-info id="4334" free="78903864" total="96862208" percent="81">
    <mem type="tenure" free="78903864" total="96862208" percent="81">
      <mem type="soa" free="77936184" total="95894528" percent="81" />
      <mem type="loa" free="967680" total="967680" percent="100" />
    </mem>
  </mem-info>
</gc-end>
<cycle-end id="4335" type="global" contextid="4325" timestamp="2019-08-08T00:00:39.356" />
  <attribute name="elasticGC enabled" value="1" />
  <attribute name= "numThreadsSpecified" value="16" />
  <attribute name="heapSize specified" value="96534528" />
  <attribute name="Current GC Util" value="50" />
  <attribute name= "Current Time Running" value="158278" />
  <attribute name ="GC Interval" value="0" />
  <attribute name="Target GC Util Change" value ="80.000000" />
  <attribute name="Current GC Util Change" value="50.000000"/>
  <attribute name="Current Error" value="30.000000" />
  <attribute name="Output H" value="96837384"/>
  <attribute name="Output I" value="2168"/>
  <attribute name="Output T" value="16"/>
  <attribute name= "Current Time Running" value="158278" />
  <attribute name="GC Util currently" value="50" />
  <attribute name="CPU Util currently" value="41025885274" />
<allocation-satisfied id="4336" threadId="0000000001DD0F00" bytesRequested="584" />
<af-end id="4337" timestamp="2019-08-08T00:00:39.356" threadId="0000000001DD1888" success="true" />
<exclusive-end id="4338" timestamp="2019-08-08T00:00:39.356" durationms="40.230" />

* Round 3 done in 4.474 seconds.
<exclusive-start id="4339" timestamp="2019-08-08T00:00:39.371" intervalms="55.292">
  <response-info timems="0.022" idlems="0.022" threads="0" lastid="0000000001DD0F00" lastname="main" />
</exclusive-start>
<af-start id="4340" threadId="0000000001DD1888" totalBytesRequested="24" timestamp="2019-08-08T00:00:39.371" intervalms="55.291" />
<cycle-start id="4341" type="global" contextid="0" timestamp="2019-08-08T00:00:39.371" intervalms="55.292" />
<gc-start id="4342" type="global" contextid="4341" timestamp="2019-08-08T00:00:39.371">
  <mem-info id="4343" free="967680" total="96862208" percent="0">
    <mem type="tenure" free="967680" total="96862208" percent="0">
      <mem type="soa" free="0" total="95894528" percent="0" />
      <mem type="loa" free="967680" total="967680" percent="100" />
    </mem>
  </mem-info>
</gc-start>
<allocation-stats totalBytes="77898752" >
  <allocated-bytes non-tlh="0" tlh="77898752" />
  <largest-consumer threadName="main" threadId="0000000001DD0F00" bytes="77898752" />
</allocation-stats>
<gc-op id="4344" type="mark" timems="8.261" contextid="4341" timestamp="2019-08-08T00:00:39.379">
  <trace-info objectcount="596775" scancount="517764" scanbytes="13290436" />
  <finalization candidates="80" enqueued="0" />
  <ownableSynchronizers candidates="21" cleared="0" />
  <references type="soft" candidates="1855" cleared="0" enqueued="0" dynamicThreshold="26" maxThreshold="32" />
  <references type="weak" candidates="5742" cleared="0" enqueued="0" />
  <references type="phantom" candidates="97" cleared="0" enqueued="0" />
  <stringconstants candidates="13275" cleared="0"  />
</gc-op>
<gc-op id="4345" type="sweep" timems="1.934" contextid="4341" timestamp="2019-08-08T00:00:39.381" />
<mem-info id="4346" free="78949928" total="96862208" percent="81">
  <mem type="tenure" free="78949928" total="96862208" percent="81" micro-fragmented="0" macro-fragmented="0">
    <mem type="soa" free="77982248" total="95894528" percent="81" />
    <mem type="loa" free="967680" total="967680" percent="100" />
  </mem>
</mem-info>
<gc-op id="4347" type="compact" timems="26.822" contextid="4341" timestamp="2019-08-08T00:00:39.408">
  <compact-info movecount="814" movebytes="41984" reason="compact to aid heap contraction" />
</gc-op>
<heap-resize id="4348" type="expand" space="tenure" amount="327680" count="1" timems="0.018" reason="satisfy allocation request" timestamp="2019-08-08T00:00:39.408" />
<gc-end id="4349" type="global" contextid="4341" durationms="37.657" usertimems="76.876" systemtimems="7.607" timestamp="2019-08-08T00:00:39.409" activeThreads="16">
  <mem-info id="4350" free="79219976" total="97189888" percent="81">
    <mem type="tenure" free="79219976" total="97189888" percent="81">
      <mem type="soa" free="78248200" total="96218112" percent="81" />
      <mem type="loa" free="971776" total="971776" percent="100" />
    </mem>
  </mem-info>
</gc-end>
<cycle-end id="4351" type="global" contextid="4341" timestamp="2019-08-08T00:00:39.409" />
  <attribute name="elasticGC enabled" value="1" />
  <attribute name= "numThreadsSpecified" value="16" />
  <attribute name="heapSize specified" value="96862208" />
  <attribute name="Current GC Util" value="30" />
  <attribute name= "Current Time Running" value="158331" />
  <attribute name ="GC Interval" value="0" />
  <attribute name="Target GC Util Change" value ="80.000000" />
  <attribute name="Current GC Util Change" value="30.000000"/>
  <attribute name="Current Error" value="-539.000000" />
  <attribute name="Output H" value="97162432"/>
  <attribute name="Output I" value="200"/>
  <attribute name="Output T" value="16"/>
  <attribute name= "Current Time Running" value="158331" />
  <attribute name="GC Util currently" value="30" />
  <attribute name="CPU Util currently" value="42932488505" />
<allocation-satisfied id="4352" threadId="0000000001DD0F00" bytesRequested="24" />
<af-end id="4353" timestamp="2019-08-08T00:00:39.409" threadId="0000000001DD1888" success="true" />
<exclusive-end id="4354" timestamp="2019-08-08T00:00:39.409" durationms="37.884" />

<exclusive-start id="4355" timestamp="2019-08-08T00:00:39.622" intervalms="251.673">
  <response-info timems="0.022" idlems="0.022" threads="0" lastid="0000000001DD0F00" lastname="main" />
</exclusive-start>
<af-start id="4356" threadId="0000000001DD1888" totalBytesRequested="1168" timestamp="2019-08-08T00:00:39.622" intervalms="251.679" />
<cycle-start id="4357" type="global" contextid="0" timestamp="2019-08-08T00:00:39.622" intervalms="251.679" />
<gc-start id="4358" type="global" contextid="4357" timestamp="2019-08-08T00:00:39.623">
  <mem-info id="4359" free="971776" total="97189888" percent="0">
    <mem type="tenure" free="971776" total="97189888" percent="0">
      <mem type="soa" free="0" total="96218112" percent="0" />
      <mem type="loa" free="971776" total="971776" percent="100" />
    </mem>
  </mem-info>
</gc-start>
<allocation-stats totalBytes="78222848" >
  <allocated-bytes non-tlh="0" tlh="78222848" />
  <largest-consumer threadName="main" threadId="0000000001DD0F00" bytes="78222848" />
</allocation-stats>
<gc-op id="4360" type="mark" timems="9.532" contextid="4357" timestamp="2019-08-08T00:00:39.632">
  <trace-info objectcount="596794" scancount="517778" scanbytes="13290864" />
  <finalization candidates="80" enqueued="0" />
  <ownableSynchronizers candidates="21" cleared="0" />
  <references type="soft" candidates="1855" cleared="0" enqueued="0" dynamicThreshold="26" maxThreshold="32" />
  <references type="weak" candidates="5742" cleared="0" enqueued="0" />
  <references type="phantom" candidates="97" cleared="0" enqueued="0" />
  <stringconstants candidates="13275" cleared="0"  />
</gc-op>
<gc-op id="4361" type="sweep" timems="1.605" contextid="4357" timestamp="2019-08-08T00:00:39.634" />
<mem-info id="4362" free="79281496" total="97189888" percent="81">
  <mem type="tenure" free="79281496" total="97189888" percent="81" micro-fragmented="15486" macro-fragmented="0">
    <mem type="soa" free="78309720" total="96218112" percent="81" />
    <mem type="loa" free="971776" total="971776" percent="100" />
  </mem>
</mem-info>
<gc-op id="4363" type="compact" timems="22.812" contextid="4357" timestamp="2019-08-08T00:00:39.657">
  <compact-info movecount="832" movebytes="43528" reason="compact to aid heap contraction" />
</gc-op>
<heap-resize id="4364" type="expand" space="tenure" amount="327680" count="1" timems="0.018" reason="satisfy allocation request" timestamp="2019-08-08T00:00:39.657" />
<gc-end id="4365" type="global" contextid="4357" durationms="34.660" usertimems="68.695" systemtimems="0.000" timestamp="2019-08-08T00:00:39.657" activeThreads="16">
  <mem-info id="4366" free="79546080" total="97517568" percent="81">
    <mem type="tenure" free="79546080" total="97517568" percent="81">
      <mem type="soa" free="78571232" total="96542720" percent="81" />
      <mem type="loa" free="974848" total="974848" percent="100" />
    </mem>
  </mem-info>
</gc-end>
<cycle-end id="4367" type="global" contextid="4357" timestamp="2019-08-08T00:00:39.657" />
  <attribute name="elasticGC enabled" value="1" />
  <attribute name= "numThreadsSpecified" value="16" />
  <attribute name="heapSize specified" value="97189888" />
  <attribute name="Current GC Util" value="28" />
  <attribute name= "Current Time Running" value="158580" />
  <attribute name ="GC Interval" value="0" />
  <attribute name="Target GC Util Change" value ="80.000000" />
  <attribute name="Current GC Util Change" value="28.000000"/>
  <attribute name="Current Error" value="-271.000000" />
  <attribute name="Output H" value="97491352"/>
  <attribute name="Output I" value="600"/>
  <attribute name="Output T" value="16"/>
  <attribute name= "Current Time Running" value="158580" />
  <attribute name="GC Util currently" value="28" />
  <attribute name="CPU Util currently" value="50474206414" />
<allocation-satisfied id="4368" threadId="0000000001DD0F00" bytesRequested="1168" />
<af-end id="4369" timestamp="2019-08-08T00:00:39.657" threadId="0000000001DD1888" success="true" />
<exclusive-end id="4370" timestamp="2019-08-08T00:00:39.657" durationms="34.857" />

<exclusive-start id="4371" timestamp="2019-08-08T00:00:39.667" intervalms="44.159">
  <response-info timems="0.028" idlems="0.028" threads="0" lastid="0000000001DD0F00" lastname="main" />
</exclusive-start>
<af-start id="4372" threadId="0000000001DD1888" totalBytesRequested="1168" timestamp="2019-08-08T00:00:39.667" intervalms="44.186" />
<cycle-start id="4373" type="global" contextid="0" timestamp="2019-08-08T00:00:39.667" intervalms="44.224" />
<gc-start id="4374" type="global" contextid="4373" timestamp="2019-08-08T00:00:39.667">
  <mem-info id="4375" free="974848" total="97517568" percent="0">
    <mem type="tenure" free="974848" total="97517568" percent="0">
      <mem type="soa" free="0" total="96542720" percent="0" />
      <mem type="loa" free="974848" total="974848" percent="100" />
    </mem>
  </mem-info>
</gc-start>
<allocation-stats totalBytes="78363296" >
  <allocated-bytes non-tlh="0" tlh="78363296" />
  <largest-consumer threadName="main" threadId="0000000001DD0F00" bytes="78363296" />
</allocation-stats>
<gc-op id="4376" type="mark" timems="22.191" contextid="4373" timestamp="2019-08-08T00:00:39.689">
  <trace-info objectcount="596795" scancount="517785" scanbytes="13290888" />
  <finalization candidates="80" enqueued="0" />
  <ownableSynchronizers candidates="21" cleared="0" />
  <references type="soft" candidates="1855" cleared="0" enqueued="0" dynamicThreshold="26" maxThreshold="32" />
  <references type="weak" candidates="5742" cleared="0" enqueued="0" />
  <references type="phantom" candidates="97" cleared="0" enqueued="0" />
  <stringconstants candidates="13275" cleared="0"  />
</gc-op>
<gc-op id="4377" type="sweep" timems="3.467" contextid="4373" timestamp="2019-08-08T00:00:39.692" />
<mem-info id="4378" free="79610944" total="97517568" percent="81">
  <mem type="tenure" free="79610944" total="97517568" percent="81" micro-fragmented="0" macro-fragmented="0">
    <mem type="soa" free="78636096" total="96542720" percent="81" />
    <mem type="loa" free="974848" total="974848" percent="100" />
  </mem>
</mem-info>
<gc-op id="4379" type="compact" timems="39.640" contextid="4373" timestamp="2019-08-08T00:00:39.732">
  <compact-info movecount="526" movebytes="16192" reason="compact to aid heap contraction" />
</gc-op>
<heap-resize id="4380" type="expand" space="tenure" amount="327680" count="1" timems="0.021" reason="satisfy allocation request" timestamp="2019-08-08T00:00:39.734" />
<gc-end id="4381" type="global" contextid="4373" durationms="67.549" usertimems="96.532" systemtimems="19.041" timestamp="2019-08-08T00:00:39.734" activeThreads="16">
  <mem-info id="4382" free="79873736" total="97845248" percent="81">
    <mem type="tenure" free="79873736" total="97845248" percent="81">
      <mem type="soa" free="78895816" total="96867328" percent="81" />
      <mem type="loa" free="977920" total="977920" percent="100" />
    </mem>
  </mem-info>
</gc-end>
<cycle-end id="4383" type="global" contextid="4373" timestamp="2019-08-08T00:00:39.734" />
  <attribute name="elasticGC enabled" value="1" />
  <attribute name= "numThreadsSpecified" value="16" />
  <attribute name="heapSize specified" value="97517568" />
  <attribute name="Current GC Util" value="35" />
  <attribute name= "Current Time Running" value="158655" />
  <attribute name ="GC Interval" value="0" />
  <attribute name="Target GC Util Change" value ="80.000000" />
  <attribute name="Current GC Util Change" value="35.000000"/>
  <attribute name="Current Error" value="45.000000" />
  <attribute name="Output H" value="97820488"/>
  <attribute name="Output I" value="2248"/>
  <attribute name="Output T" value="16"/>
  <attribute name= "Current Time Running" value="158655" />
  <attribute name="GC Util currently" value="35" />
  <attribute name="CPU Util currently" value="29057904518" />
<allocation-satisfied id="4384" threadId="0000000001DD0F00" bytesRequested="1168" />
<af-end id="4385" timestamp="2019-08-08T00:00:39.734" threadId="0000000001DD1888" success="true" />
<exclusive-end id="4386" timestamp="2019-08-08T00:00:39.734" durationms="67.868" />

<exclusive-start id="4387" timestamp="2019-08-08T00:00:39.747" intervalms="80.500">
  <response-info timems="0.026" idlems="0.026" threads="0" lastid="0000000001DD0F00" lastname="main" />
</exclusive-start>
<af-start id="4388" threadId="0000000001DD1888" totalBytesRequested="1168" timestamp="2019-08-08T00:00:39.747" intervalms="80.486" />
<cycle-start id="4389" type="global" contextid="0" timestamp="2019-08-08T00:00:39.747" intervalms="80.453" />
<gc-start id="4390" type="global" contextid="4389" timestamp="2019-08-08T00:00:39.747">
  <mem-info id="4391" free="977920" total="97845248" percent="0">
    <mem type="tenure" free="977920" total="97845248" percent="0">
      <mem type="soa" free="0" total="96867328" percent="0" />
      <mem type="loa" free="977920" total="977920" percent="100" />
    </mem>
  </mem-info>
</gc-start>
<allocation-stats totalBytes="78700008" >
  <allocated-bytes non-tlh="0" tlh="78700008" />
  <largest-consumer threadName="main" threadId="0000000001DD0F00" bytes="78700008" />
</allocation-stats>
<gc-op id="4392" type="mark" timems="21.246" contextid="4389" timestamp="2019-08-08T00:00:39.768">
  <trace-info objectcount="596795" scancount="517782" scanbytes="13290888" />
  <finalization candidates="80" enqueued="0" />
  <ownableSynchronizers candidates="21" cleared="0" />
  <references type="soft" candidates="1855" cleared="0" enqueued="0" dynamicThreshold="26" maxThreshold="32" />
  <references type="weak" candidates="5742" cleared="0" enqueued="0" />
  <references type="phantom" candidates="97" cleared="0" enqueued="0" />
  <stringconstants candidates="13275" cleared="0"  />
</gc-op>
<gc-op id="4393" type="sweep" timems="4.406" contextid="4389" timestamp="2019-08-08T00:00:39.773" />
<mem-info id="4394" free="79939272" total="97845248" percent="81">
  <mem type="tenure" free="79939272" total="97845248" percent="81" micro-fragmented="0" macro-fragmented="0">
    <mem type="soa" free="78961352" total="96867328" percent="81" />
    <mem type="loa" free="977920" total="977920" percent="100" />
  </mem>
</mem-info>
<gc-op id="4395" type="compact" timems="28.181" contextid="4389" timestamp="2019-08-08T00:00:39.801">
  <compact-info movecount="526" movebytes="16192" reason="compact to aid heap contraction" />
</gc-op>
<heap-resize id="4396" type="expand" space="tenure" amount="327680" count="1" timems="0.013" reason="satisfy allocation request" timestamp="2019-08-08T00:00:39.802" />
<gc-end id="4397" type="global" contextid="4389" durationms="54.856" usertimems="99.640" systemtimems="45.405" timestamp="2019-08-08T00:00:39.802" activeThreads="16">
  <mem-info id="4398" free="80201416" total="98172928" percent="81">
    <mem type="tenure" free="80201416" total="98172928" percent="81">
      <mem type="soa" free="79220424" total="97191936" percent="81" />
      <mem type="loa" free="980992" total="980992" percent="100" />
    </mem>
  </mem-info>
</gc-end>
<cycle-end id="4399" type="global" contextid="4389" timestamp="2019-08-08T00:00:39.802" />
  <attribute name="elasticGC enabled" value="1" />
  <attribute name= "numThreadsSpecified" value="16" />
  <attribute name="heapSize specified" value="97845248" />
  <attribute name="Current GC Util" value="60" />
  <attribute name= "Current Time Running" value="158724" />
  <attribute name ="GC Interval" value="0" />
  <attribute name="Target GC Util Change" value ="80.000000" />
  <attribute name="Current GC Util Change" value="60.000000"/>
  <attribute name="Current Error" value="-529.000000" />
  <attribute name="Output H" value="98145520"/>
  <attribute name="Output I" value="200"/>
  <attribute name="Output T" value="16"/>
  <attribute name= "Current Time Running" value="158724" />
  <attribute name="GC Util currently" value="60" />
  <attribute name="CPU Util currently" value="40904979330" />
<allocation-satisfied id="4400" threadId="0000000001DD0F00" bytesRequested="1168" />
<af-end id="4401" timestamp="2019-08-08T00:00:39.802" threadId="0000000001DD1888" success="true" />
<exclusive-end id="4402" timestamp="2019-08-08T00:00:39.802" durationms="55.108" />

<exclusive-start id="4403" timestamp="2019-08-08T00:00:39.814" intervalms="67.260">
  <response-info timems="0.021" idlems="0.021" threads="0" lastid="0000000001DD0F00" lastname="main" />
</exclusive-start>
<af-start id="4404" threadId="0000000001DD1888" totalBytesRequested="1168" timestamp="2019-08-08T00:00:39.814" intervalms="67.238" />
<cycle-start id="4405" type="global" contextid="0" timestamp="2019-08-08T00:00:39.814" intervalms="67.263" />
<gc-start id="4406" type="global" contextid="4405" timestamp="2019-08-08T00:00:39.814">
  <mem-info id="4407" free="980992" total="98172928" percent="0">
    <mem type="tenure" free="980992" total="98172928" percent="0">
      <mem type="soa" free="0" total="97191936" percent="0" />
      <mem type="loa" free="980992" total="980992" percent="100" />
    </mem>
  </mem-info>
</gc-start>
<allocation-stats totalBytes="79022936" >
  <allocated-bytes non-tlh="0" tlh="79022936" />
  <largest-consumer threadName="main" threadId="0000000001DD0F00" bytes="79022936" />
</allocation-stats>
<gc-op id="4408" type="mark" timems="17.402" contextid="4405" timestamp="2019-08-08T00:00:39.832">
  <trace-info objectcount="596795" scancount="517774" scanbytes="13290888" />
  <finalization candidates="80" enqueued="0" />
  <ownableSynchronizers candidates="21" cleared="0" />
  <references type="soft" candidates="1855" cleared="0" enqueued="0" dynamicThreshold="26" maxThreshold="32" />
  <references type="weak" candidates="5742" cleared="0" enqueued="0" />
  <references type="phantom" candidates="97" cleared="0" enqueued="0" />
  <stringconstants candidates="13275" cleared="0"  />
</gc-op>
<gc-op id="4409" type="sweep" timems="7.279" contextid="4405" timestamp="2019-08-08T00:00:39.840" />
<mem-info id="4410" free="80266952" total="98172928" percent="81">
  <mem type="tenure" free="80266952" total="98172928" percent="81" micro-fragmented="0" macro-fragmented="0">
    <mem type="soa" free="79285960" total="97191936" percent="81" />
    <mem type="loa" free="980992" total="980992" percent="100" />
  </mem>
</mem-info>
<gc-op id="4411" type="compact" timems="28.583" contextid="4405" timestamp="2019-08-08T00:00:39.868">
  <compact-info movecount="526" movebytes="16192" reason="compact to aid heap contraction" />
</gc-op>
<heap-resize id="4412" type="expand" space="tenure" amount="327680" count="1" timems="0.021" reason="satisfy allocation request" timestamp="2019-08-08T00:00:39.869" />
<gc-end id="4413" type="global" contextid="4405" durationms="54.556" usertimems="74.146" systemtimems="39.465" timestamp="2019-08-08T00:00:39.869" activeThreads="16">
  <mem-info id="4414" free="80529096" total="98500608" percent="81">
    <mem type="tenure" free="80529096" total="98500608" percent="81">
      <mem type="soa" free="79545032" total="97516544" percent="81" />
      <mem type="loa" free="984064" total="984064" percent="100" />
    </mem>
  </mem-info>
</gc-end>
<cycle-end id="4415" type="global" contextid="4405" timestamp="2019-08-08T00:00:39.869" />
  <attribute name="elasticGC enabled" value="1" />
  <attribute name= "numThreadsSpecified" value="16" />
  <attribute name="heapSize specified" value="98172928" />
  <attribute name="Current GC Util" value="56" />
  <attribute name= "Current Time Running" value="158791" />
  <attribute name ="GC Interval" value="0" />
  <attribute name="Target GC Util Change" value ="80.000000" />
  <attribute name="Current GC Util Change" value="56.000000"/>
  <attribute name="Current Error" value="-268.000000" />
  <attribute name="Output H" value="98474408"/>
  <attribute name="Output I" value="616"/>
  <attribute name="Output T" value="16"/>
  <attribute name= "Current Time Running" value="158791" />
  <attribute name="GC Util currently" value="56" />
  <attribute name="CPU Util currently" value="40287259097" />
<allocation-satisfied id="4416" threadId="0000000001DD0F00" bytesRequested="1168" />
<af-end id="4417" timestamp="2019-08-08T00:00:39.869" threadId="0000000001DD1888" success="true" />
<exclusive-end id="4418" timestamp="2019-08-08T00:00:39.869" durationms="54.799" />

<exclusive-start id="4419" timestamp="2019-08-08T00:00:39.882" intervalms="67.400">
  <response-info timems="0.026" idlems="0.026" threads="0" lastid="0000000001DD0F00" lastname="main" />
</exclusive-start>
<af-start id="4420" threadId="0000000001DD1888" totalBytesRequested="1168" timestamp="2019-08-08T00:00:39.882" intervalms="67.405" />
<cycle-start id="4421" type="global" contextid="0" timestamp="2019-08-08T00:00:39.882" intervalms="67.385" />
<gc-start id="4422" type="global" contextid="4421" timestamp="2019-08-08T00:00:39.882">
  <mem-info id="4423" free="984064" total="98500608" percent="0">
    <mem type="tenure" free="984064" total="98500608" percent="0">
      <mem type="soa" free="0" total="97516544" percent="0" />
      <mem type="loa" free="984064" total="984064" percent="100" />
    </mem>
  </mem-info>
</gc-start>
<allocation-stats totalBytes="79347048" >
  <allocated-bytes non-tlh="0" tlh="79347048" />
  <largest-consumer threadName="main" threadId="0000000001DD0F00" bytes="79347048" />
</allocation-stats>
<gc-op id="4424" type="mark" timems="21.466" contextid="4421" timestamp="2019-08-08T00:00:39.903">
  <trace-info objectcount="596795" scancount="517777" scanbytes="13290888" />
  <finalization candidates="80" enqueued="0" />
  <ownableSynchronizers candidates="21" cleared="0" />
  <references type="soft" candidates="1855" cleared="0" enqueued="0" dynamicThreshold="26" maxThreshold="32" />
  <references type="weak" candidates="5742" cleared="0" enqueued="0" />
  <references type="phantom" candidates="97" cleared="0" enqueued="0" />
  <stringconstants candidates="13275" cleared="0"  />
</gc-op>
<gc-op id="4425" type="sweep" timems="2.748" contextid="4421" timestamp="2019-08-08T00:00:39.906" />
<mem-info id="4426" free="80594632" total="98500608" percent="81">
  <mem type="tenure" free="80594632" total="98500608" percent="81" micro-fragmented="0" macro-fragmented="0">
    <mem type="soa" free="79610568" total="97516544" percent="81" />
    <mem type="loa" free="984064" total="984064" percent="100" />
  </mem>
</mem-info>
<gc-op id="4427" type="compact" timems="26.524" contextid="4421" timestamp="2019-08-08T00:00:39.933">
  <compact-info movecount="526" movebytes="16192" reason="compact to aid heap contraction" />
</gc-op>
<heap-resize id="4428" type="expand" space="tenure" amount="327680" count="1" timems="0.023" reason="satisfy allocation request" timestamp="2019-08-08T00:00:39.933" />
<gc-end id="4429" type="global" contextid="4421" durationms="51.509" usertimems="89.579" systemtimems="21.255" timestamp="2019-08-08T00:00:39.933" activeThreads="16">
  <mem-info id="4430" free="80856776" total="98828288" percent="81">
    <mem type="tenure" free="80856776" total="98828288" percent="81">
      <mem type="soa" free="79868616" total="97840128" percent="81" />
      <mem type="loa" free="988160" total="988160" percent="100" />
    </mem>
  </mem-info>
</gc-end>
<cycle-end id="4431" type="global" contextid="4421" timestamp="2019-08-08T00:00:39.933" />
  <attribute name="elasticGC enabled" value="1" />
  <attribute name= "numThreadsSpecified" value="16" />
  <attribute name="heapSize specified" value="98500608" />
  <attribute name="Current GC Util" value="52" />
  <attribute name= "Current Time Running" value="158856" />
  <attribute name ="GC Interval" value="0" />
  <attribute name="Target GC Util Change" value ="80.000000" />
  <attribute name="Current GC Util Change" value="52.000000"/>
  <attribute name="Current Error" value="28.000000" />
  <attribute name="Output H" value="98803456"/>
  <attribute name="Output I" value="2160"/>
  <attribute name="Output T" value="16"/>
  <attribute name= "Current Time Running" value="158856" />
  <attribute name="GC Util currently" value="52" />
  <attribute name="CPU Util currently" value="43390553233" />
<allocation-satisfied id="4432" threadId="0000000001DD0F00" bytesRequested="1168" />
<af-end id="4433" timestamp="2019-08-08T00:00:39.933" threadId="0000000001DD1888" success="true" />
<exclusive-end id="4434" timestamp="2019-08-08T00:00:39.933" durationms="51.757" />

<exclusive-start id="4435" timestamp="2019-08-08T00:00:39.946" intervalms="64.078">
  <response-info timems="0.035" idlems="0.035" threads="0" lastid="0000000001DD0F00" lastname="main" />
</exclusive-start>
<af-start id="4436" threadId="0000000001DD1888" totalBytesRequested="1168" timestamp="2019-08-08T00:00:39.946" intervalms="64.148" />
<cycle-start id="4437" type="global" contextid="0" timestamp="2019-08-08T00:00:39.946" intervalms="64.163" />
<gc-start id="4438" type="global" contextid="4437" timestamp="2019-08-08T00:00:39.946">
  <mem-info id="4439" free="988160" total="98828288" percent="0">
    <mem type="tenure" free="988160" total="98828288" percent="0">
      <mem type="soa" free="0" total="97840128" percent="0" />
      <mem type="loa" free="988160" total="988160" percent="100" />
    </mem>
  </mem-info>
</gc-start>
<allocation-stats totalBytes="79668744" >
  <allocated-bytes non-tlh="0" tlh="79668744" />
  <largest-consumer threadName="main" threadId="0000000001DD0F00" bytes="79668744" />
</allocation-stats>
<gc-op id="4440" type="mark" timems="16.100" contextid="4437" timestamp="2019-08-08T00:00:39.962">
  <trace-info objectcount="596795" scancount="517788" scanbytes="13290888" />
  <finalization candidates="80" enqueued="0" />
  <ownableSynchronizers candidates="21" cleared="0" />
  <references type="soft" candidates="1855" cleared="0" enqueued="0" dynamicThreshold="26" maxThreshold="32" />
  <references type="weak" candidates="5742" cleared="0" enqueued="0" />
  <references type="phantom" candidates="97" cleared="0" enqueued="0" />
  <stringconstants candidates="13275" cleared="0"  />
</gc-op>
<gc-op id="4441" type="sweep" timems="4.529" contextid="4437" timestamp="2019-08-08T00:00:39.967" />
<mem-info id="4442" free="80922312" total="98828288" percent="81">
  <mem type="tenure" free="80922312" total="98828288" percent="81" micro-fragmented="0" macro-fragmented="0">
    <mem type="soa" free="79934152" total="97840128" percent="81" />
    <mem type="loa" free="988160" total="988160" percent="100" />
  </mem>
</mem-info>
<gc-op id="4443" type="compact" timems="36.488" contextid="4437" timestamp="2019-08-08T00:00:40.003">
  <compact-info movecount="526" movebytes="16192" reason="compact to aid heap contraction" />
</gc-op>
<heap-resize id="4444" type="expand" space="tenure" amount="327680" count="1" timems="0.018" reason="satisfy allocation request" timestamp="2019-08-08T00:00:40.004" />
<gc-end id="4445" type="global" contextid="4437" durationms="58.031" usertimems="85.118" systemtimems="29.724" timestamp="2019-08-08T00:00:40.004" activeThreads="16">
  <mem-info id="4446" free="81184456" total="99155968" percent="81">
    <mem type="tenure" free="81184456" total="99155968" percent="81">
      <mem type="soa" free="80193224" total="98164736" percent="81" />
      <mem type="loa" free="991232" total="991232" percent="100" />
    </mem>
  </mem-info>
</gc-end>
<cycle-end id="4447" type="global" contextid="4437" timestamp="2019-08-08T00:00:40.004" />
  <attribute name="elasticGC enabled" value="1" />
  <attribute name= "numThreadsSpecified" value="16" />
  <attribute name="heapSize specified" value="98828288" />
  <attribute name="Current GC Util" value="63" />
  <attribute name= "Current Time Running" value="158926" />
  <attribute name ="GC Interval" value="0" />
  <attribute name="Target GC Util Change" value ="80.000000" />
  <attribute name="Current GC Util Change" value="63.000000"/>
  <attribute name="Current Error" value="-376.000000" />
  <attribute name="Output H" value="99129264"/>
  <attribute name="Output I" value="200"/>
  <attribute name="Output T" value="16"/>
  <attribute name= "Current Time Running" value="158926" />
  <attribute name="GC Util currently" value="63" />
  <attribute name="CPU Util currently" value="31590162224" />
<allocation-satisfied id="4448" threadId="0000000001DD0F00" bytesRequested="1168" />
<af-end id="4449" timestamp="2019-08-08T00:00:40.004" threadId="0000000001DD1888" success="true" />
<exclusive-end id="4450" timestamp="2019-08-08T00:00:40.004" durationms="58.366" />

<exclusive-start id="4451" timestamp="2019-08-08T00:00:40.014" intervalms="67.785">
  <response-info timems="0.023" idlems="0.023" threads="0" lastid="0000000001DD0F00" lastname="main" />
</exclusive-start>
<af-start id="4452" threadId="0000000001DD1888" totalBytesRequested="1168" timestamp="2019-08-08T00:00:40.014" intervalms="67.720" />
<cycle-start id="4453" type="global" contextid="0" timestamp="2019-08-08T00:00:40.014" intervalms="67.697" />
<gc-start id="4454" type="global" contextid="4453" timestamp="2019-08-08T00:00:40.014">
  <mem-info id="4455" free="991232" total="99155968" percent="0">
    <mem type="tenure" free="991232" total="99155968" percent="0">
      <mem type="soa" free="0" total="98164736" percent="0" />
      <mem type="loa" free="991232" total="991232" percent="100" />
    </mem>
  </mem-info>
</gc-start>
<allocation-stats totalBytes="79992880" >
  <allocated-bytes non-tlh="0" tlh="79992880" />
  <largest-consumer threadName="main" threadId="0000000001DD0F00" bytes="79992880" />
</allocation-stats>
<gc-op id="4456" type="mark" timems="8.994" contextid="4453" timestamp="2019-08-08T00:00:40.023">
  <trace-info objectcount="596795" scancount="517793" scanbytes="13290888" />
  <finalization candidates="80" enqueued="0" />
  <ownableSynchronizers candidates="21" cleared="0" />
  <references type="soft" candidates="1855" cleared="0" enqueued="0" dynamicThreshold="26" maxThreshold="32" />
  <references type="weak" candidates="5742" cleared="0" enqueued="0" />
  <references type="phantom" candidates="97" cleared="0" enqueued="0" />
  <stringconstants candidates="13275" cleared="0"  />
</gc-op>
<gc-op id="4457" type="sweep" timems="7.622" contextid="4453" timestamp="2019-08-08T00:00:40.030" />
<mem-info id="4458" free="81249992" total="99155968" percent="81">
  <mem type="tenure" free="81249992" total="99155968" percent="81" micro-fragmented="0" macro-fragmented="0">
    <mem type="soa" free="80258760" total="98164736" percent="81" />
    <mem type="loa" free="991232" total="991232" percent="100" />
  </mem>
</mem-info>
<gc-op id="4459" type="compact" timems="33.362" contextid="4453" timestamp="2019-08-08T00:00:40.064">
  <compact-info movecount="526" movebytes="16192" reason="compact to aid heap contraction" />
</gc-op>
<heap-resize id="4460" type="expand" space="tenure" amount="327680" count="1" timems="0.024" reason="satisfy allocation request" timestamp="2019-08-08T00:00:40.064" />
<gc-end id="4461" type="global" contextid="4453" durationms="50.794" usertimems="85.214" systemtimems="22.664" timestamp="2019-08-08T00:00:40.065" activeThreads="16">
  <mem-info id="4462" free="81512136" total="99483648" percent="81">
    <mem type="tenure" free="81512136" total="99483648" percent="81">
      <mem type="soa" free="80517832" total="98489344" percent="81" />
      <mem type="loa" free="994304" total="994304" percent="100" />
    </mem>
  </mem-info>
</gc-end>
<cycle-end id="4463" type="global" contextid="4453" timestamp="2019-08-08T00:00:40.065" />
  <attribute name="elasticGC enabled" value="1" />
  <attribute name= "numThreadsSpecified" value="16" />
  <attribute name="heapSize specified" value="99155968" />
  <attribute name="Current GC Util" value="53" />
  <attribute name= "Current Time Running" value="158987" />
  <attribute name ="GC Interval" value="0" />
  <attribute name="Target GC Util Change" value ="80.000000" />
  <attribute name="Current GC Util Change" value="53.000000"/>
  <attribute name="Current Error" value="-457.000000" />
  <attribute name="Output H" value="99456576"/>
  <attribute name="Output I" value="200"/>
  <attribute name="Output T" value="16"/>
  <attribute name= "Current Time Running" value="158987" />
  <attribute name="GC Util currently" value="53" />
  <attribute name="CPU Util currently" value="34692333085" />
<allocation-satisfied id="4464" threadId="0000000001DD0F00" bytesRequested="1168" />
<af-end id="4465" timestamp="2019-08-08T00:00:40.065" threadId="0000000001DD1888" success="true" />
<exclusive-end id="4466" timestamp="2019-08-08T00:00:40.065" durationms="51.073" />

<exclusive-start id="4467" timestamp="2019-08-08T00:00:40.077" intervalms="63.940">
  <response-info timems="0.030" idlems="0.030" threads="0" lastid="0000000001DD0F00" lastname="main" />
</exclusive-start>
<af-start id="4468" threadId="0000000001DD1888" totalBytesRequested="1168" timestamp="2019-08-08T00:00:40.078" intervalms="63.953" />
<cycle-start id="4469" type="global" contextid="0" timestamp="2019-08-08T00:00:40.078" intervalms="63.958" />
<gc-start id="4470" type="global" contextid="4469" timestamp="2019-08-08T00:00:40.078">
  <mem-info id="4471" free="994304" total="99483648" percent="0">
    <mem type="tenure" free="994304" total="99483648" percent="0">
      <mem type="soa" free="0" total="98489344" percent="0" />
      <mem type="loa" free="994304" total="994304" percent="100" />
    </mem>
  </mem-info>
</gc-start>
<allocation-stats totalBytes="80315784" >
  <allocated-bytes non-tlh="0" tlh="80315784" />
  <largest-consumer threadName="main" threadId="0000000001DD0F00" bytes="80315784" />
</allocation-stats>
<gc-op id="4472" type="mark" timems="23.367" contextid="4469" timestamp="2019-08-08T00:00:40.101">
  <trace-info objectcount="596795" scancount="517766" scanbytes="13290888" />
  <finalization candidates="80" enqueued="0" />
  <ownableSynchronizers candidates="21" cleared="0" />
  <references type="soft" candidates="1855" cleared="0" enqueued="0" dynamicThreshold="26" maxThreshold="32" />
  <references type="weak" candidates="5742" cleared="0" enqueued="0" />
  <references type="phantom" candidates="97" cleared="0" enqueued="0" />
  <stringconstants candidates="13275" cleared="0"  />
</gc-op>
<gc-op id="4473" type="sweep" timems="17.863" contextid="4469" timestamp="2019-08-08T00:00:40.119" />
<mem-info id="4474" free="81577672" total="99483648" percent="82">
  <mem type="tenure" free="81577672" total="99483648" percent="82" micro-fragmented="0" macro-fragmented="0">
    <mem type="soa" free="80583368" total="98489344" percent="81" />
    <mem type="loa" free="994304" total="994304" percent="100" />
  </mem>
</mem-info>
<gc-op id="4475" type="compact" timems="27.352" contextid="4469" timestamp="2019-08-08T00:00:40.147">
  <compact-info movecount="526" movebytes="16192" reason="compact to aid heap contraction" />
</gc-op>
<heap-resize id="4476" type="expand" space="tenure" amount="327680" count="1" timems="0.022" reason="satisfy allocation request" timestamp="2019-08-08T00:00:40.147" />
<gc-end id="4477" type="global" contextid="4469" durationms="69.490" usertimems="81.921" systemtimems="38.458" timestamp="2019-08-08T00:00:40.147" activeThreads="16">
  <mem-info id="4478" free="81839816" total="99811328" percent="81">
    <mem type="tenure" free="81839816" total="99811328" percent="81">
      <mem type="soa" free="80842440" total="98813952" percent="81" />
      <mem type="loa" free="997376" total="997376" percent="100" />
    </mem>
  </mem-info>
</gc-end>
<cycle-end id="4479" type="global" contextid="4469" timestamp="2019-08-08T00:00:40.147" />
  <attribute name="elasticGC enabled" value="1" />
  <attribute name= "numThreadsSpecified" value="16" />
  <attribute name="heapSize specified" value="99483648" />
  <attribute name="Current GC Util" value="51" />
  <attribute name= "Current Time Running" value="159070" />
  <attribute name ="GC Interval" value="0" />
  <attribute name="Target GC Util Change" value ="80.000000" />
  <attribute name="Current GC Util Change" value="51.000000"/>
  <attribute name="Current Error" value="29.000000" />
  <attribute name="Output H" value="99786496"/>
  <attribute name="Output I" value="2160"/>
  <attribute name="Output T" value="16"/>
  <attribute name= "Current Time Running" value="159070" />
  <attribute name="GC Util currently" value="51" />
  <attribute name="CPU Util currently" value="42110352550" />
<allocation-satisfied id="4480" threadId="0000000001DD0F00" bytesRequested="1168" />
<af-end id="4481" timestamp="2019-08-08T00:00:40.147" threadId="0000000001DD1888" success="true" />
<exclusive-end id="4482" timestamp="2019-08-08T00:00:40.147" durationms="69.741" />

<exclusive-start id="4483" timestamp="2019-08-08T00:00:40.161" intervalms="83.207">
  <response-info timems="0.030" idlems="0.030" threads="0" lastid="0000000001DD0F00" lastname="main" />
</exclusive-start>
<af-start id="4484" threadId="0000000001DD1888" totalBytesRequested="1168" timestamp="2019-08-08T00:00:40.161" intervalms="83.210" />
<cycle-start id="4485" type="global" contextid="0" timestamp="2019-08-08T00:00:40.161" intervalms="83.233" />
<gc-start id="4486" type="global" contextid="4485" timestamp="2019-08-08T00:00:40.161">
  <mem-info id="4487" free="997376" total="99811328" percent="0">
    <mem type="tenure" free="997376" total="99811328" percent="0">
      <mem type="soa" free="0" total="98813952" percent="0" />
      <mem type="loa" free="997376" total="997376" percent="100" />
    </mem>
  </mem-info>
</gc-start>
<allocation-stats totalBytes="80494544" >
  <allocated-bytes non-tlh="0" tlh="80494544" />
  <largest-consumer threadName="main" threadId="0000000001DD0F00" bytes="80494544" />
</allocation-stats>
<gc-op id="4488" type="mark" timems="23.177" contextid="4485" timestamp="2019-08-08T00:00:40.184">
  <trace-info objectcount="596795" scancount="517779" scanbytes="13290916" />
  <finalization candidates="80" enqueued="0" />
  <ownableSynchronizers candidates="21" cleared="0" />
  <references type="soft" candidates="1855" cleared="0" enqueued="0" dynamicThreshold="26" maxThreshold="32" />
  <references type="weak" candidates="5742" cleared="0" enqueued="0" />
  <references type="phantom" candidates="97" cleared="0" enqueued="0" />
  <stringconstants candidates="13275" cleared="0"  />
</gc-op>
<gc-op id="4489" type="sweep" timems="6.878" contextid="4485" timestamp="2019-08-08T00:00:40.191" />
<mem-info id="4490" free="81903944" total="99811328" percent="82">
  <mem type="tenure" free="81903944" total="99811328" percent="82" micro-fragmented="0" macro-fragmented="0">
    <mem type="soa" free="80906568" total="98813952" percent="81" />
    <mem type="loa" free="997376" total="997376" percent="100" />
  </mem>
</mem-info>
<gc-op id="4491" type="compact" timems="27.350" contextid="4485" timestamp="2019-08-08T00:00:40.218">
  <compact-info movecount="824" movebytes="43352" reason="compact to aid heap contraction" />
</gc-op>
<heap-resize id="4492" type="expand" space="tenure" amount="327680" count="1" timems="0.019" reason="satisfy allocation request" timestamp="2019-08-08T00:00:40.219" />
<gc-end id="4493" type="global" contextid="4485" durationms="58.316" usertimems="92.115" systemtimems="42.460" timestamp="2019-08-08T00:00:40.219" activeThreads="16">
  <mem-info id="4494" free="82167472" total="100139008" percent="82">
    <mem type="tenure" free="82167472" total="100139008" percent="82">
      <mem type="soa" free="81167024" total="99138560" percent="81" />
      <mem type="loa" free="1000448" total="1000448" percent="100" />
    </mem>
  </mem-info>
</gc-end>
<cycle-end id="4495" type="global" contextid="4485" timestamp="2019-08-08T00:00:40.219" />
  <attribute name="elasticGC enabled" value="1" />
  <attribute name= "numThreadsSpecified" value="16" />
  <attribute name="heapSize specified" value="99811328" />
  <attribute name="Current GC Util" value="49" />
  <attribute name= "Current Time Running" value="159142" />
  <attribute name ="GC Interval" value="0" />
  <attribute name="Target GC Util Change" value ="80.000000" />
  <attribute name="Current GC Util Change" value="49.000000"/>
  <attribute name="Current Error" value="-403.000000" />
  <attribute name="Output H" value="100112184"/>
  <attribute name="Output I" value="200"/>
  <attribute name="Output T" value="16"/>
  <attribute name= "Current Time Running" value="159142" />
  <attribute name="GC Util currently" value="49" />
  <attribute name="CPU Util currently" value="42095968724" />
<allocation-satisfied id="4496" threadId="0000000001DD0F00" bytesRequested="1168" />
<af-end id="4497" timestamp="2019-08-08T00:00:40.219" threadId="0000000001DD1888" success="true" />
<exclusive-end id="4498" timestamp="2019-08-08T00:00:40.219" durationms="58.577" />

<exclusive-start id="4499" timestamp="2019-08-08T00:00:40.230" intervalms="69.537">
  <response-info timems="0.022" idlems="0.022" threads="0" lastid="0000000001DD0F00" lastname="main" />
</exclusive-start>
<af-start id="4500" threadId="0000000001DD1888" totalBytesRequested="1168" timestamp="2019-08-08T00:00:40.230" intervalms="69.518" />
<cycle-start id="4501" type="global" contextid="0" timestamp="2019-08-08T00:00:40.230" intervalms="69.489" />
<gc-start id="4502" type="global" contextid="4501" timestamp="2019-08-08T00:00:40.230">
  <mem-info id="4503" free="1000448" total="100139008" percent="0">
    <mem type="tenure" free="1000448" total="100139008" percent="0">
      <mem type="soa" free="0" total="99138560" percent="0" />
      <mem type="loa" free="1000448" total="1000448" percent="100" />
    </mem>
  </mem-info>
</gc-start>
<allocation-stats totalBytes="80719208" >
  <allocated-bytes non-tlh="0" tlh="80719208" />
  <largest-consumer threadName="main" threadId="0000000001DD0F00" bytes="80719208" />
</allocation-stats>
<gc-op id="4504" type="mark" timems="41.536" contextid="4501" timestamp="2019-08-08T00:00:40.272">
  <trace-info objectcount="596796" scancount="517749" scanbytes="13290940" />
  <finalization candidates="80" enqueued="0" />
  <ownableSynchronizers candidates="21" cleared="0" />
  <references type="soft" candidates="1855" cleared="0" enqueued="0" dynamicThreshold="26" maxThreshold="32" />
  <references type="weak" candidates="5742" cleared="0" enqueued="0" />
  <references type="phantom" candidates="97" cleared="0" enqueued="0" />
  <stringconstants candidates="13275" cleared="0"  />
</gc-op>
<gc-op id="4505" type="sweep" timems="3.653" contextid="4501" timestamp="2019-08-08T00:00:40.276" />
<mem-info id="4506" free="82232408" total="100139008" percent="82">
  <mem type="tenure" free="82232408" total="100139008" percent="82" micro-fragmented="0" macro-fragmented="0">
    <mem type="soa" free="81231960" total="99138560" percent="81" />
    <mem type="loa" free="1000448" total="1000448" percent="100" />
  </mem>
</mem-info>
<gc-op id="4507" type="compact" timems="28.009" contextid="4501" timestamp="2019-08-08T00:00:40.304">
  <compact-info movecount="551" movebytes="18080" reason="compact to aid heap contraction" />
</gc-op>
<heap-resize id="4508" type="expand" space="tenure" amount="327680" count="1" timems="0.019" reason="satisfy allocation request" timestamp="2019-08-08T00:00:40.305" />
<gc-end id="4509" type="global" contextid="4501" durationms="74.800" usertimems="168.027" systemtimems="87.138" timestamp="2019-08-08T00:00:40.305" activeThreads="16">
  <mem-info id="4510" free="82495128" total="100466688" percent="82">
    <mem type="tenure" free="82495128" total="100466688" percent="82">
      <mem type="soa" free="81490584" total="99462144" percent="81" />
      <mem type="loa" free="1004544" total="1004544" percent="100" />
    </mem>
  </mem-info>
</gc-end>
<cycle-end id="4511" type="global" contextid="4501" timestamp="2019-08-08T00:00:40.305" />
  <attribute name="elasticGC enabled" value="1" />
  <attribute name= "numThreadsSpecified" value="16" />
  <attribute name="heapSize specified" value="100139008" />
  <attribute name="Current GC Util" value="61" />
  <attribute name= "Current Time Running" value="159227" />
  <attribute name ="GC Interval" value="0" />
  <attribute name="Target GC Util Change" value ="80.000000" />
  <attribute name="Current GC Util Change" value="61.000000"/>
  <attribute name="Current Error" value="-466.000000" />
  <attribute name="Output H" value="100439568"/>
  <attribute name="Output I" value="200"/>
  <attribute name="Output T" value="16"/>
  <attribute name= "Current Time Running" value="159227" />
  <attribute name="GC Util currently" value="61" />
  <attribute name="CPU Util currently" value="41091286437" />
<allocation-satisfied id="4512" threadId="0000000001DD0F00" bytesRequested="1168" />
<af-end id="4513" timestamp="2019-08-08T00:00:40.305" threadId="0000000001DD1888" success="true" />
<exclusive-end id="4514" timestamp="2019-08-08T00:00:40.305" durationms="74.989" />

<exclusive-start id="4515" timestamp="2019-08-08T00:00:40.317" intervalms="86.634">
  <response-info timems="0.022" idlems="0.022" threads="0" lastid="0000000001DD0F00" lastname="main" />
</exclusive-start>
<af-start id="4516" threadId="0000000001DD1888" totalBytesRequested="1168" timestamp="2019-08-08T00:00:40.317" intervalms="86.646" />
<cycle-start id="4517" type="global" contextid="0" timestamp="2019-08-08T00:00:40.317" intervalms="86.652" />
<gc-start id="4518" type="global" contextid="4517" timestamp="2019-08-08T00:00:40.317">
  <mem-info id="4519" free="1004544" total="100466688" percent="0">
    <mem type="tenure" free="1004544" total="100466688" percent="0">
      <mem type="soa" free="0" total="99462144" percent="0" />
      <mem type="loa" free="1004544" total="1004544" percent="100" />
    </mem>
  </mem-info>
</gc-start>
<allocation-stats totalBytes="81046768" >
  <allocated-bytes non-tlh="0" tlh="81046768" />
  <largest-consumer threadName="main" threadId="0000000001DD0F00" bytes="81046768" />
</allocation-stats>
<gc-op id="4520" type="mark" timems="17.365" contextid="4517" timestamp="2019-08-08T00:00:40.334">
  <trace-info objectcount="596796" scancount="517784" scanbytes="13290940" />
  <finalization candidates="80" enqueued="0" />
  <ownableSynchronizers candidates="21" cleared="0" />
  <references type="soft" candidates="1855" cleared="0" enqueued="0" dynamicThreshold="26" maxThreshold="32" />
  <references type="weak" candidates="5742" cleared="0" enqueued="0" />
  <references type="phantom" candidates="97" cleared="0" enqueued="0" />
  <stringconstants candidates="13275" cleared="0"  />
</gc-op>
<gc-op id="4521" type="sweep" timems="4.083" contextid="4517" timestamp="2019-08-08T00:00:40.339" />
<mem-info id="4522" free="82560224" total="100466688" percent="82">
  <mem type="tenure" free="82560224" total="100466688" percent="82" micro-fragmented="0" macro-fragmented="0">
    <mem type="soa" free="81555680" total="99462144" percent="81" />
    <mem type="loa" free="1004544" total="1004544" percent="100" />
  </mem>
</mem-info>
<gc-op id="4523" type="compact" timems="27.816" contextid="4517" timestamp="2019-08-08T00:00:40.366">
  <compact-info movecount="2" movebytes="64" reason="compact to aid heap contraction" />
</gc-op>
<heap-resize id="4524" type="expand" space="tenure" amount="327680" count="1" timems="0.018" reason="satisfy allocation request" timestamp="2019-08-08T00:00:40.367" />
<gc-end id="4525" type="global" contextid="4517" durationms="50.389" usertimems="76.953" systemtimems="32.816" timestamp="2019-08-08T00:00:40.367" activeThreads="16">
  <mem-info id="4526" free="82822808" total="100794368" percent="82">
    <mem type="tenure" free="82822808" total="100794368" percent="82">
      <mem type="soa" free="81815192" total="99786752" percent="81" />
      <mem type="loa" free="1007616" total="1007616" percent="100" />
    </mem>
  </mem-info>
</gc-end>
<cycle-end id="4527" type="global" contextid="4517" timestamp="2019-08-08T00:00:40.367" />
  <attribute name="elasticGC enabled" value="1" />
  <attribute name= "numThreadsSpecified" value="16" />
  <attribute name="heapSize specified" value="100466688" />
  <attribute name="Current GC Util" value="46" />
  <attribute name= "Current Time Running" value="159290" />
  <attribute name ="GC Interval" value="0" />
  <attribute name="Target GC Util Change" value ="80.000000" />
  <attribute name="Current GC Util Change" value="46.000000"/>
  <attribute name="Current Error" value="34.000000" />
  <attribute name="Output H" value="100769560"/>
  <attribute name="Output I" value="2184"/>
  <attribute name="Output T" value="16"/>
  <attribute name= "Current Time Running" value="159290" />
  <attribute name="GC Util currently" value="46" />
  <attribute name="CPU Util currently" value="41397330153" />
<allocation-satisfied id="4528" threadId="0000000001DD0F00" bytesRequested="1168" />
<af-end id="4529" timestamp="2019-08-08T00:00:40.367" threadId="0000000001DD1888" success="true" />
<exclusive-end id="4530" timestamp="2019-08-08T00:00:40.367" durationms="50.626" />

<exclusive-start id="4531" timestamp="2019-08-08T00:00:40.379" intervalms="62.222">
  <response-info timems="0.038" idlems="0.038" threads="0" lastid="0000000001DD0F00" lastname="main" />
</exclusive-start>
<af-start id="4532" threadId="0000000001DD1888" totalBytesRequested="1168" timestamp="2019-08-08T00:00:40.379" intervalms="62.231" />
<cycle-start id="4533" type="global" contextid="0" timestamp="2019-08-08T00:00:40.379" intervalms="62.227" />
<gc-start id="4534" type="global" contextid="4533" timestamp="2019-08-08T00:00:40.379">
  <mem-info id="4535" free="1007616" total="100794368" percent="0">
    <mem type="tenure" free="1007616" total="100794368" percent="0">
      <mem type="soa" free="0" total="99786752" percent="0" />
      <mem type="loa" free="1007616" total="1007616" percent="100" />
    </mem>
  </mem-info>
</gc-start>
<allocation-stats totalBytes="81368048" >
  <allocated-bytes non-tlh="0" tlh="81368048" />
  <largest-consumer threadName="main" threadId="0000000001DD0F00" bytes="81368048" />
</allocation-stats>
<gc-op id="4536" type="mark" timems="18.717" contextid="4533" timestamp="2019-08-08T00:00:40.398">
  <trace-info objectcount="596796" scancount="517783" scanbytes="13290940" />
  <finalization candidates="80" enqueued="0" />
  <ownableSynchronizers candidates="21" cleared="0" />
  <references type="soft" candidates="1855" cleared="0" enqueued="0" dynamicThreshold="26" maxThreshold="32" />
  <references type="weak" candidates="5742" cleared="0" enqueued="0" />
  <references type="phantom" candidates="97" cleared="0" enqueued="0" />
  <stringconstants candidates="13275" cleared="0"  />
</gc-op>
<gc-op id="4537" type="sweep" timems="3.667" contextid="4533" timestamp="2019-08-08T00:00:40.402" />
<mem-info id="4538" free="82888344" total="100794368" percent="82">
  <mem type="tenure" free="82888344" total="100794368" percent="82" micro-fragmented="0" macro-fragmented="0">
    <mem type="soa" free="81880728" total="99786752" percent="82" />
    <mem type="loa" free="1007616" total="1007616" percent="100" />
  </mem>
</mem-info>
<gc-op id="4539" type="compact" timems="27.456" contextid="4533" timestamp="2019-08-08T00:00:40.429">
  <compact-info movecount="2" movebytes="64" reason="compact to aid heap contraction" />
</gc-op>
<heap-resize id="4540" type="expand" space="tenure" amount="327680" count="1" timems="0.026" reason="satisfy allocation request" timestamp="2019-08-08T00:00:40.430" />
<gc-end id="4541" type="global" contextid="4533" durationms="51.059" usertimems="93.212" systemtimems="17.386" timestamp="2019-08-08T00:00:40.430" activeThreads="16">
  <mem-info id="4542" free="83150488" total="101122048" percent="82">
    <mem type="tenure" free="83150488" total="101122048" percent="82">
      <mem type="soa" free="82139800" total="100111360" percent="82" />
      <mem type="loa" free="1010688" total="1010688" percent="100" />
    </mem>
  </mem-info>
</gc-end>
<cycle-end id="4543" type="global" contextid="4533" timestamp="2019-08-08T00:00:40.430" />
  <attribute name="elasticGC enabled" value="1" />
  <attribute name= "numThreadsSpecified" value="16" />
  <attribute name="heapSize specified" value="100794368" />
  <attribute name="Current GC Util" value="44" />
  <attribute name= "Current Time Running" value="159353" />
  <attribute name ="GC Interval" value="0" />
  <attribute name="Target GC Util Change" value ="80.000000" />
  <attribute name="Current GC Util Change" value="44.000000"/>
  <attribute name="Current Error" value="-388.000000" />
  <attribute name="Output H" value="101095288"/>
  <attribute name="Output I" value="200"/>
  <attribute name="Output T" value="16"/>
  <attribute name= "Current Time Running" value="159353" />
  <attribute name="GC Util currently" value="44" />
  <attribute name="CPU Util currently" value="42174240939" />
<allocation-satisfied id="4544" threadId="0000000001DD0F00" bytesRequested="1168" />
<af-end id="4545" timestamp="2019-08-08T00:00:40.430" threadId="0000000001DD1888" success="true" />
<exclusive-end id="4546" timestamp="2019-08-08T00:00:40.430" durationms="51.322" />

<exclusive-start id="4547" timestamp="2019-08-08T00:00:40.442" intervalms="62.405">
  <response-info timems="0.019" idlems="0.019" threads="0" lastid="0000000001DD0F00" lastname="main" />
</exclusive-start>
<af-start id="4548" threadId="0000000001DD1888" totalBytesRequested="1168" timestamp="2019-08-08T00:00:40.442" intervalms="62.399" />
<cycle-start id="4549" type="global" contextid="0" timestamp="2019-08-08T00:00:40.442" intervalms="62.399" />
<gc-start id="4550" type="global" contextid="4549" timestamp="2019-08-08T00:00:40.442">
  <mem-info id="4551" free="1010688" total="101122048" percent="0">
    <mem type="tenure" free="1010688" total="101122048" percent="0">
      <mem type="soa" free="0" total="100111360" percent="0" />
      <mem type="loa" free="1010688" total="1010688" percent="100" />
    </mem>
  </mem-info>
</gc-start>
<allocation-stats totalBytes="81690568" >
  <allocated-bytes non-tlh="0" tlh="81690568" />
  <largest-consumer threadName="main" threadId="0000000001DD0F00" bytes="81690568" />
</allocation-stats>
<gc-op id="4552" type="mark" timems="13.037" contextid="4549" timestamp="2019-08-08T00:00:40.455">
  <trace-info objectcount="596796" scancount="517784" scanbytes="13290940" />
  <finalization candidates="80" enqueued="0" />
  <ownableSynchronizers candidates="21" cleared="0" />
  <references type="soft" candidates="1855" cleared="0" enqueued="0" dynamicThreshold="26" maxThreshold="32" />
  <references type="weak" candidates="5742" cleared="0" enqueued="0" />
  <references type="phantom" candidates="97" cleared="0" enqueued="0" />
  <stringconstants candidates="13275" cleared="0"  />
</gc-op>
<gc-op id="4553" type="sweep" timems="2.501" contextid="4549" timestamp="2019-08-08T00:00:40.457" />
<mem-info id="4554" free="83215592" total="101122048" percent="82">
  <mem type="tenure" free="83215592" total="101122048" percent="82" micro-fragmented="0" macro-fragmented="0">
    <mem type="soa" free="82204904" total="100111360" percent="82" />
    <mem type="loa" free="1010688" total="1010688" percent="100" />
  </mem>
</mem-info>
<gc-op id="4555" type="compact" timems="31.736" contextid="4549" timestamp="2019-08-08T00:00:40.489">
  <compact-info movecount="2" movebytes="64" reason="compact to aid heap contraction" />
</gc-op>
<heap-resize id="4556" type="expand" space="tenure" amount="327680" count="1" timems="0.019" reason="satisfy allocation request" timestamp="2019-08-08T00:00:40.490" />
<gc-end id="4557" type="global" contextid="4549" durationms="48.523" usertimems="76.130" systemtimems="21.527" timestamp="2019-08-08T00:00:40.490" activeThreads="16">
  <mem-info id="4558" free="83478168" total="101449728" percent="82">
    <mem type="tenure" free="83478168" total="101449728" percent="82">
      <mem type="soa" free="82464408" total="100435968" percent="82" />
      <mem type="loa" free="1013760" total="1013760" percent="100" />
    </mem>
  </mem-info>
</gc-end>
<cycle-end id="4559" type="global" contextid="4549" timestamp="2019-08-08T00:00:40.490" />
  <attribute name="elasticGC enabled" value="1" />
  <attribute name= "numThreadsSpecified" value="16" />
  <attribute name="heapSize specified" value="101122048" />
  <attribute name="Current GC Util" value="57" />
  <attribute name= "Current Time Running" value="159412" />
  <attribute name ="GC Interval" value="0" />
  <attribute name="Target GC Util Change" value ="80.000000" />
  <attribute name="Current GC Util Change" value="57.000000"/>
  <attribute name="Current Error" value="-258.000000" />
  <attribute name="Output H" value="101423576"/>
  <attribute name="Output I" value="672"/>
  <attribute name="Output T" value="16"/>
  <attribute name= "Current Time Running" value="159412" />
  <attribute name="GC Util currently" value="57" />
  <attribute name="CPU Util currently" value="36273495495" />
<allocation-satisfied id="4560" threadId="0000000001DD0F00" bytesRequested="1168" />
<af-end id="4561" timestamp="2019-08-08T00:00:40.490" threadId="0000000001DD1888" success="true" />
<exclusive-end id="4562" timestamp="2019-08-08T00:00:40.490" durationms="48.770" />

<exclusive-start id="4563" timestamp="2019-08-08T00:00:40.565" intervalms="123.220">
  <response-info timems="0.014" idlems="0.014" threads="0" lastid="0000000001DD0F00" lastname="main" />
</exclusive-start>
<af-start id="4564" threadId="0000000001DD1888" totalBytesRequested="32" timestamp="2019-08-08T00:00:40.565" intervalms="123.205" />
<cycle-start id="4565" type="global" contextid="0" timestamp="2019-08-08T00:00:40.565" intervalms="123.201" />
<gc-start id="4566" type="global" contextid="4565" timestamp="2019-08-08T00:00:40.565">
  <mem-info id="4567" free="1013760" total="101449728" percent="0">
    <mem type="tenure" free="1013760" total="101449728" percent="0">
      <mem type="soa" free="0" total="100435968" percent="0" />
      <mem type="loa" free="1013760" total="1013760" percent="100" />
    </mem>
  </mem-info>
</gc-start>
<allocation-stats totalBytes="82514984" >
  <allocated-bytes non-tlh="0" tlh="82514984" />
  <largest-consumer threadName="main" threadId="0000000001DD0F00" bytes="82514984" />
</allocation-stats>
<gc-op id="4568" type="mark" timems="9.751" contextid="4565" timestamp="2019-08-08T00:00:40.575">
  <trace-info objectcount="596992" scancount="517975" scanbytes="13297500" />
  <finalization candidates="80" enqueued="0" />
  <ownableSynchronizers candidates="21" cleared="0" />
  <references type="soft" candidates="1855" cleared="0" enqueued="0" dynamicThreshold="26" maxThreshold="32" />
  <references type="weak" candidates="5767" cleared="0" enqueued="0" />
  <references type="phantom" candidates="97" cleared="0" enqueued="0" />
  <stringconstants candidates="13275" cleared="0"  />
</gc-op>
<gc-op id="4569" type="sweep" timems="1.881" contextid="4565" timestamp="2019-08-08T00:00:40.577" />
<mem-info id="4570" free="83525896" total="101449728" percent="82">
  <mem type="tenure" free="83525896" total="101449728" percent="82" micro-fragmented="8517" macro-fragmented="0">
    <mem type="soa" free="82512136" total="100435968" percent="82" />
    <mem type="loa" free="1013760" total="1013760" percent="100" />
  </mem>
</mem-info>
<gc-op id="4571" type="compact" timems="128.404" contextid="4565" timestamp="2019-08-08T00:00:40.705">
  <compact-info movecount="552621" movebytes="15355392" reason="compact to aid heap contraction" />
</gc-op>
<heap-resize id="4572" type="expand" space="tenure" amount="327680" count="1" timems="0.018" reason="satisfy allocation request" timestamp="2019-08-08T00:00:40.706" />
<gc-end id="4573" type="global" contextid="4565" durationms="140.695" usertimems="192.897" systemtimems="0.000" timestamp="2019-08-08T00:00:40.706" activeThreads="16">
  <mem-info id="4574" free="83800432" total="101777408" percent="82">
    <mem type="tenure" free="83800432" total="101777408" percent="82">
      <mem type="soa" free="82783600" total="100760576" percent="82" />
      <mem type="loa" free="1016832" total="1016832" percent="100" />
    </mem>
  </mem-info>
</gc-end>
<cycle-end id="4575" type="global" contextid="4565" timestamp="2019-08-08T00:00:40.706" />
  <attribute name="elasticGC enabled" value="1" />
  <attribute name= "numThreadsSpecified" value="16" />
  <attribute name="heapSize specified" value="101449728" />
  <attribute name="Current GC Util" value="12" />
  <attribute name= "Current Time Running" value="159628" />
  <attribute name ="GC Interval" value="0" />
  <attribute name="Target GC Util Change" value ="80.000000" />
  <attribute name="Current GC Util Change" value="12.000000"/>
  <attribute name="Current Error" value="68.000000" />
  <attribute name="Output H" value="101752760"/>
  <attribute name="Output I" value="2368"/>
  <attribute name="Output T" value="16"/>
  <attribute name= "Current Time Running" value="159628" />
  <attribute name="GC Util currently" value="12" />
  <attribute name="CPU Util currently" value="8976135232" />
<allocation-satisfied id="4576" threadId="0000000001DD0F00" bytesRequested="32" />
<af-end id="4577" timestamp="2019-08-08T00:00:40.706" threadId="0000000001DD1888" success="true" />
<exclusive-end id="4578" timestamp="2019-08-08T00:00:40.706" durationms="140.935" />

<exclusive-start id="4579" timestamp="2019-08-08T00:00:40.733" intervalms="167.801">
  <response-info timems="0.019" idlems="0.019" threads="0" lastid="0000000001DD0F00" lastname="main" />
</exclusive-start>
<af-start id="4580" threadId="0000000001DD1888" totalBytesRequested="72" timestamp="2019-08-08T00:00:40.733" intervalms="167.802" />
<cycle-start id="4581" type="global" contextid="0" timestamp="2019-08-08T00:00:40.733" intervalms="167.801" />
<gc-start id="4582" type="global" contextid="4581" timestamp="2019-08-08T00:00:40.733">
  <mem-info id="4583" free="1016832" total="101777408" percent="0">
    <mem type="tenure" free="1016832" total="101777408" percent="0">
      <mem type="soa" free="0" total="100760576" percent="0" />
      <mem type="loa" free="1016832" total="1016832" percent="100" />
    </mem>
  </mem-info>
</gc-start>
<allocation-stats totalBytes="82810792" >
  <allocated-bytes non-tlh="0" tlh="82810792" />
  <largest-consumer threadName="main" threadId="0000000001DD0F00" bytes="82810792" />
</allocation-stats>
<gc-op id="4584" type="mark" timems="7.659" contextid="4581" timestamp="2019-08-08T00:00:40.740">
  <trace-info objectcount="596820" scancount="517804" scanbytes="13291660" />
  <finalization candidates="80" enqueued="0" />
  <ownableSynchronizers candidates="21" cleared="0" />
  <references type="soft" candidates="1855" cleared="0" enqueued="0" dynamicThreshold="26" maxThreshold="32" />
  <references type="weak" candidates="5767" cleared="7" enqueued="3" />
  <references type="phantom" candidates="97" cleared="0" enqueued="0" />
  <stringconstants candidates="13275" cleared="0"  />
</gc-op>
<gc-op id="4585" type="sweep" timems="1.476" contextid="4581" timestamp="2019-08-08T00:00:40.742" />
<mem-info id="4586" free="83869632" total="101777408" percent="82">
  <mem type="tenure" free="83869632" total="101777408" percent="82" micro-fragmented="720" macro-fragmented="0">
    <mem type="soa" free="82852800" total="100760576" percent="82" />
    <mem type="loa" free="1016832" total="1016832" percent="100" />
  </mem>
  <pending-finalizers system="0" default="0" reference="3" classloader="0" />
</mem-info>
<gc-op id="4587" type="compact" timems="30.422" contextid="4581" timestamp="2019-08-08T00:00:40.773">
  <compact-info movecount="291" movebytes="25912" reason="compact to aid heap contraction" />
</gc-op>
<heap-resize id="4588" type="expand" space="tenure" amount="327680" count="1" timems="0.019" reason="satisfy allocation request" timestamp="2019-08-08T00:00:40.774" />
<gc-end id="4589" type="global" contextid="4581" durationms="41.020" usertimems="78.970" systemtimems="8.510" timestamp="2019-08-08T00:00:40.774" activeThreads="16">
  <mem-info id="4590" free="84133904" total="102105088" percent="82">
    <mem type="tenure" free="84133904" total="102105088" percent="82">
      <mem type="soa" free="83112976" total="101084160" percent="82" />
      <mem type="loa" free="1020928" total="1020928" percent="100" />
    </mem>
    <pending-finalizers system="0" default="0" reference="3" classloader="0" />
  </mem-info>
</gc-end>
<cycle-end id="4591" type="global" contextid="4581" timestamp="2019-08-08T00:00:40.774" />
  <attribute name="elasticGC enabled" value="1" />
  <attribute name= "numThreadsSpecified" value="16" />
  <attribute name="heapSize specified" value="101777408" />
  <attribute name="Current GC Util" value="34" />
  <attribute name= "Current Time Running" value="159696" />
  <attribute name ="GC Interval" value="0" />
  <attribute name="Target GC Util Change" value ="80.000000" />
  <attribute name="Current GC Util Change" value="34.000000"/>
  <attribute name="Current Error" value="-796.000000" />
  <attribute name="Output H" value="102076448"/>
  <attribute name="Output I" value="200"/>
  <attribute name="Output T" value="16"/>
  <attribute name= "Current Time Running" value="159696" />
  <attribute name="GC Util currently" value="34" />
  <attribute name="CPU Util currently" value="37866168776" />
<allocation-satisfied id="4592" threadId="0000000001DD0F00" bytesRequested="72" />
<af-end id="4593" timestamp="2019-08-08T00:00:40.774" threadId="0000000001DD1888" success="true" />
<exclusive-end id="4594" timestamp="2019-08-08T00:00:40.774" durationms="41.355" />

<exclusive-start id="4595" timestamp="2019-08-08T00:00:40.803" intervalms="70.873">
  <response-info timems="0.025" idlems="0.025" threads="0" lastid="0000000001DD0F00" lastname="main" />
</exclusive-start>
<af-start id="4596" threadId="0000000001DD1888" totalBytesRequested="16" timestamp="2019-08-08T00:00:40.803" intervalms="70.926" />
<cycle-start id="4597" type="global" contextid="0" timestamp="2019-08-08T00:00:40.804" intervalms="70.928" />
<gc-start id="4598" type="global" contextid="4597" timestamp="2019-08-08T00:00:40.804">
  <mem-info id="4599" free="1020928" total="102105088" percent="0">
    <mem type="tenure" free="1020928" total="102105088" percent="0">
      <mem type="soa" free="0" total="101084160" percent="0" />
      <mem type="loa" free="1020928" total="1020928" percent="100" />
    </mem>
  </mem-info>
</gc-start>
<allocation-stats totalBytes="83135968" >
  <allocated-bytes non-tlh="0" tlh="83135968" />
  <largest-consumer threadName="main" threadId="0000000001DD0F00" bytes="83135968" />
</allocation-stats>
<gc-op id="4600" type="mark" timems="13.871" contextid="4597" timestamp="2019-08-08T00:00:40.818">
  <trace-info objectcount="596821" scancount="517809" scanbytes="13291660" />
  <finalization candidates="80" enqueued="0" />
  <ownableSynchronizers candidates="21" cleared="0" />
  <references type="soft" candidates="1855" cleared="0" enqueued="0" dynamicThreshold="26" maxThreshold="32" />
  <references type="weak" candidates="5760" cleared="0" enqueued="0" />
  <references type="phantom" candidates="97" cleared="0" enqueued="0" />
  <stringconstants candidates="13275" cleared="0"  />
</gc-op>
<gc-op id="4601" type="sweep" timems="4.356" contextid="4597" timestamp="2019-08-08T00:00:40.822" />
<mem-info id="4602" free="84199232" total="102105088" percent="82">
  <mem type="tenure" free="84199232" total="102105088" percent="82" micro-fragmented="0" macro-fragmented="0">
    <mem type="soa" free="83178304" total="101084160" percent="82" />
    <mem type="loa" free="1020928" total="1020928" percent="100" />
  </mem>
</mem-info>
<gc-op id="4603" type="compact" timems="25.942" contextid="4597" timestamp="2019-08-08T00:00:40.848">
  <compact-info movecount="7" movebytes="400" reason="compact to aid heap contraction" />
</gc-op>
<heap-resize id="4604" type="expand" space="tenure" amount="327680" count="1" timems="0.017" reason="satisfy allocation request" timestamp="2019-08-08T00:00:40.848" />
<gc-end id="4605" type="global" contextid="4597" durationms="44.914" usertimems="82.795" systemtimems="17.081" timestamp="2019-08-08T00:00:40.848" activeThreads="16">
  <mem-info id="4606" free="84461376" total="102432768" percent="82">
    <mem type="tenure" free="84461376" total="102432768" percent="82">
      <mem type="soa" free="83437376" total="101408768" percent="82" />
      <mem type="loa" free="1024000" total="1024000" percent="100" />
    </mem>
  </mem-info>
</gc-end>
<cycle-end id="4607" type="global" contextid="4597" timestamp="2019-08-08T00:00:40.849" />
  <attribute name="elasticGC enabled" value="1" />
  <attribute name= "numThreadsSpecified" value="16" />
  <attribute name="heapSize specified" value="102105088" />
  <attribute name="Current GC Util" value="41" />
  <attribute name= "Current Time Running" value="159771" />
  <attribute name ="GC Interval" value="0" />
  <attribute name="Target GC Util Change" value ="80.000000" />
  <attribute name="Current GC Util Change" value="41.000000"/>
  <attribute name="Current Error" value="-334.000000" />
  <attribute name="Output H" value="102406264"/>
  <attribute name="Output I" value="280"/>
  <attribute name="Output T" value="16"/>
  <attribute name= "Current Time Running" value="159771" />
  <attribute name="GC Util currently" value="41" />
  <attribute name="CPU Util currently" value="44404227617" />
<allocation-satisfied id="4608" threadId="0000000001DD0F00" bytesRequested="16" />
<af-end id="4609" timestamp="2019-08-08T00:00:40.849" threadId="0000000001DD1888" success="true" />
<exclusive-end id="4610" timestamp="2019-08-08T00:00:40.849" durationms="45.170" />

<exclusive-start id="4611" timestamp="2019-08-08T00:00:40.867" intervalms="63.991">
  <response-info timems="0.017" idlems="0.017" threads="0" lastid="0000000001DD0F00" lastname="main" />
</exclusive-start>
<af-start id="4612" threadId="0000000001DD1888" totalBytesRequested="168" timestamp="2019-08-08T00:00:40.867" intervalms="63.927" />
<cycle-start id="4613" type="global" contextid="0" timestamp="2019-08-08T00:00:40.867" intervalms="63.926" />
<gc-start id="4614" type="global" contextid="4613" timestamp="2019-08-08T00:00:40.867">
  <mem-info id="4615" free="1024000" total="102432768" percent="0">
    <mem type="tenure" free="1024000" total="102432768" percent="0">
      <mem type="soa" free="0" total="101408768" percent="0" />
      <mem type="loa" free="1024000" total="1024000" percent="100" />
    </mem>
  </mem-info>
</gc-start>
<allocation-stats totalBytes="83459488" >
  <allocated-bytes non-tlh="0" tlh="83459488" />
  <largest-consumer threadName="main" threadId="0000000001DD0F00" bytes="83459488" />
</allocation-stats>
<gc-op id="4616" type="mark" timems="37.259" contextid="4613" timestamp="2019-08-08T00:00:40.905">
  <trace-info objectcount="596820" scancount="517809" scanbytes="13291680" />
  <finalization candidates="80" enqueued="0" />
  <ownableSynchronizers candidates="21" cleared="0" />
  <references type="soft" candidates="1855" cleared="0" enqueued="0" dynamicThreshold="26" maxThreshold="32" />
  <references type="weak" candidates="5760" cleared="0" enqueued="0" />
  <references type="phantom" candidates="97" cleared="0" enqueued="0" />
  <stringconstants candidates="13275" cleared="0"  />
</gc-op>
<gc-op id="4617" type="sweep" timems="3.427" contextid="4613" timestamp="2019-08-08T00:00:40.908" />
<mem-info id="4618" free="84526352" total="102432768" percent="82">
  <mem type="tenure" free="84526352" total="102432768" percent="82" micro-fragmented="0" macro-fragmented="0">
    <mem type="soa" free="83502352" total="101408768" percent="82" />
    <mem type="loa" free="1024000" total="1024000" percent="100" />
  </mem>
</mem-info>
<gc-op id="4619" type="compact" timems="31.238" contextid="4613" timestamp="2019-08-08T00:00:40.940">
  <compact-info movecount="247" movebytes="24696" reason="compact to aid heap contraction" />
</gc-op>
<heap-resize id="4620" type="expand" space="tenure" amount="327680" count="1" timems="0.015" reason="satisfy allocation request" timestamp="2019-08-08T00:00:40.940" />
<gc-end id="4621" type="global" contextid="4613" durationms="72.823" usertimems="140.647" systemtimems="79.469" timestamp="2019-08-08T00:00:40.940" activeThreads="16">
  <mem-info id="4622" free="84789152" total="102760448" percent="82">
    <mem type="tenure" free="84789152" total="102760448" percent="82">
      <mem type="soa" free="83762080" total="101733376" percent="82" />
      <mem type="loa" free="1027072" total="1027072" percent="100" />
    </mem>
  </mem-info>
</gc-end>
<cycle-end id="4623" type="global" contextid="4613" timestamp="2019-08-08T00:00:40.940" />
  <attribute name="elasticGC enabled" value="1" />
  <attribute name= "numThreadsSpecified" value="16" />
  <attribute name="heapSize specified" value="102432768" />
  <attribute name="Current GC Util" value="55" />
  <attribute name= "Current Time Running" value="159863" />
  <attribute name ="GC Interval" value="0" />
  <attribute name="Target GC Util Change" value ="80.000000" />
  <attribute name="Current GC Util Change" value="55.000000"/>
  <attribute name="Current Error" value="25.000000" />
  <attribute name="Output H" value="102735600"/>
  <attribute name="Output I" value="2144"/>
  <attribute name="Output T" value="16"/>
  <attribute name= "Current Time Running" value="159863" />
  <attribute name="GC Util currently" value="55" />
  <attribute name="CPU Util currently" value="36887786487" />
<allocation-satisfied id="4624" threadId="0000000001DD0F00" bytesRequested="168" />
<af-end id="4625" timestamp="2019-08-08T00:00:40.940" threadId="0000000001DD1888" success="true" />
<exclusive-end id="4626" timestamp="2019-08-08T00:00:40.940" durationms="73.017" />

<exclusive-start id="4627" timestamp="2019-08-08T00:00:40.959" intervalms="91.150">
  <response-info timems="0.019" idlems="0.019" threads="0" lastid="0000000001DD0F00" lastname="main" />
</exclusive-start>
<af-start id="4628" threadId="0000000001DD1888" totalBytesRequested="40" timestamp="2019-08-08T00:00:40.959" intervalms="91.161" />
<cycle-start id="4629" type="global" contextid="0" timestamp="2019-08-08T00:00:40.959" intervalms="91.162" />
<gc-start id="4630" type="global" contextid="4629" timestamp="2019-08-08T00:00:40.959">
  <mem-info id="4631" free="1027072" total="102760448" percent="0">
    <mem type="tenure" free="1027072" total="102760448" percent="0">
      <mem type="soa" free="0" total="101733376" percent="0" />
      <mem type="loa" free="1027072" total="1027072" percent="100" />
    </mem>
  </mem-info>
</gc-start>
<allocation-stats totalBytes="83752064" >
  <allocated-bytes non-tlh="0" tlh="83752064" />
  <largest-consumer threadName="main" threadId="0000000001DD0F00" bytes="83752064" />
</allocation-stats>
<gc-op id="4632" type="mark" timems="26.845" contextid="4629" timestamp="2019-08-08T00:00:40.986">
  <trace-info objectcount="596820" scancount="517807" scanbytes="13291664" />
  <finalization candidates="80" enqueued="0" />
  <ownableSynchronizers candidates="21" cleared="0" />
  <references type="soft" candidates="1855" cleared="0" enqueued="0" dynamicThreshold="26" maxThreshold="32" />
  <references type="weak" candidates="5760" cleared="0" enqueued="0" />
  <references type="phantom" candidates="97" cleared="0" enqueued="0" />
  <stringconstants candidates="13275" cleared="0"  />
</gc-op>
<gc-op id="4633" type="sweep" timems="8.112" contextid="4629" timestamp="2019-08-08T00:00:40.994" />
<mem-info id="4634" free="84854608" total="102760448" percent="82">
  <mem type="tenure" free="84854608" total="102760448" percent="82" micro-fragmented="0" macro-fragmented="0">
    <mem type="soa" free="83827536" total="101733376" percent="82" />
    <mem type="loa" free="1027072" total="1027072" percent="100" />
  </mem>
</mem-info>
<gc-op id="4635" type="compact" timems="25.530" contextid="4629" timestamp="2019-08-08T00:00:41.020">
  <compact-info movecount="5" movebytes="336" reason="compact to aid heap contraction" />
</gc-op>
<heap-resize id="4636" type="expand" space="tenure" amount="327680" count="1" timems="0.019" reason="satisfy allocation request" timestamp="2019-08-08T00:00:41.020" />
<gc-end id="4637" type="global" contextid="4629" durationms="61.617" usertimems="114.625" systemtimems="46.316" timestamp="2019-08-08T00:00:41.020" activeThreads="16">
  <mem-info id="4638" free="85116776" total="103088128" percent="82">
    <mem type="tenure" free="85116776" total="103088128" percent="82">
      <mem type="soa" free="84086632" total="102057984" percent="82" />
      <mem type="loa" free="1030144" total="1030144" percent="100" />
    </mem>
  </mem-info>
</gc-end>
<cycle-end id="4639" type="global" contextid="4629" timestamp="2019-08-08T00:00:41.020" />
  <attribute name="elasticGC enabled" value="1" />
  <attribute name= "numThreadsSpecified" value="16" />
  <attribute name="heapSize specified" value="102760448" />
  <attribute name="Current GC Util" value="41" />
  <attribute name= "Current Time Running" value="159943" />
  <attribute name ="GC Interval" value="0" />
  <attribute name="Target GC Util Change" value ="80.000000" />
  <attribute name="Current GC Util Change" value="41.000000"/>
  <attribute name="Current Error" value="-499.000000" />
  <attribute name="Output H" value="103060856"/>
  <attribute name="Output I" value="200"/>
  <attribute name="Output T" value="16"/>
  <attribute name= "Current Time Running" value="159943" />
  <attribute name="GC Util currently" value="41" />
  <attribute name="CPU Util currently" value="44920254094" />
<allocation-satisfied id="4640" threadId="0000000001DD0F00" bytesRequested="40" />
<af-end id="4641" timestamp="2019-08-08T00:00:41.021" threadId="0000000001DD1888" success="true" />
<exclusive-end id="4642" timestamp="2019-08-08T00:00:41.021" durationms="62.060" />

<exclusive-start id="4643" timestamp="2019-08-08T00:00:41.053" intervalms="94.606">
  <response-info timems="0.014" idlems="0.014" threads="0" lastid="0000000001DD0F00" lastname="main" />
</exclusive-start>
<af-start id="4644" threadId="0000000001DD1888" totalBytesRequested="64" timestamp="2019-08-08T00:00:41.053" intervalms="94.648" />
<cycle-start id="4645" type="global" contextid="0" timestamp="2019-08-08T00:00:41.053" intervalms="94.685" />
<gc-start id="4646" type="global" contextid="4645" timestamp="2019-08-08T00:00:41.053">
  <mem-info id="4647" free="1030144" total="103088128" percent="0">
    <mem type="tenure" free="1030144" total="103088128" percent="0">
      <mem type="soa" free="0" total="102057984" percent="0" />
      <mem type="loa" free="1030144" total="1030144" percent="100" />
    </mem>
  </mem-info>
</gc-start>
<allocation-stats totalBytes="84131472" >
  <allocated-bytes non-tlh="0" tlh="84131472" />
  <largest-consumer threadName="main" threadId="0000000001DD0F00" bytes="84131472" />
</allocation-stats>
<gc-op id="4648" type="mark" timems="11.336" contextid="4645" timestamp="2019-08-08T00:00:41.065">
  <trace-info objectcount="596841" scancount="517828" scanbytes="13292756" />
  <finalization candidates="80" enqueued="0" />
  <ownableSynchronizers candidates="21" cleared="0" />
  <references type="soft" candidates="1855" cleared="0" enqueued="0" dynamicThreshold="26" maxThreshold="32" />
  <references type="weak" candidates="5760" cleared="0" enqueued="0" />
  <references type="phantom" candidates="97" cleared="0" enqueued="0" />
  <stringconstants candidates="13275" cleared="0"  />
</gc-op>
<gc-op id="4649" type="sweep" timems="1.602" contextid="4645" timestamp="2019-08-08T00:00:41.067" />
<mem-info id="4650" free="85180760" total="103088128" percent="82">
  <mem type="tenure" free="85180760" total="103088128" percent="82" micro-fragmented="0" macro-fragmented="0">
    <mem type="soa" free="84150616" total="102057984" percent="82" />
    <mem type="loa" free="1030144" total="1030144" percent="100" />
  </mem>
</mem-info>
<gc-op id="4651" type="compact" timems="25.371" contextid="4645" timestamp="2019-08-08T00:00:41.092">
  <compact-info movecount="212" movebytes="6064" reason="compact to aid heap contraction" />
</gc-op>
<heap-resize id="4652" type="expand" space="tenure" amount="327680" count="1" timems="0.021" reason="satisfy allocation request" timestamp="2019-08-08T00:00:41.093" />
<gc-end id="4653" type="global" contextid="4645" durationms="39.345" usertimems="80.417" systemtimems="9.537" timestamp="2019-08-08T00:00:41.093" activeThreads="16">
  <mem-info id="4654" free="85443608" total="103415808" percent="82">
    <mem type="tenure" free="85443608" total="103415808" percent="82">
      <mem type="soa" free="84410392" total="102382592" percent="82" />
      <mem type="loa" free="1033216" total="1033216" percent="100" />
    </mem>
  </mem-info>
</gc-end>
<cycle-end id="4655" type="global" contextid="4645" timestamp="2019-08-08T00:00:41.093" />
  <attribute name="elasticGC enabled" value="1" />
  <attribute name= "numThreadsSpecified" value="16" />
  <attribute name="heapSize specified" value="103088128" />
  <attribute name="Current GC Util" value="39" />
  <attribute name= "Current Time Running" value="160015" />
  <attribute name ="GC Interval" value="0" />
  <attribute name="Target GC Util Change" value ="80.000000" />
  <attribute name="Current GC Util Change" value="39.000000"/>
  <attribute name="Current Error" value="-380.000000" />
  <attribute name="Output H" value="103389088"/>
  <attribute name="Output I" value="200"/>
  <attribute name="Output T" value="16"/>
  <attribute name= "Current Time Running" value="160015" />
  <attribute name="GC Util currently" value="39" />
  <attribute name="CPU Util currently" value="45249230956" />
<allocation-satisfied id="4656" threadId="0000000001DD0F00" bytesRequested="64" />
<af-end id="4657" timestamp="2019-08-08T00:00:41.093" threadId="0000000001DD1888" success="true" />
<exclusive-end id="4658" timestamp="2019-08-08T00:00:41.093" durationms="40.035" />

<exclusive-start id="4659" timestamp="2019-08-08T00:00:41.301" intervalms="248.001">
  <response-info timems="0.013" idlems="0.013" threads="0" lastid="0000000001DD0F00" lastname="main" />
</exclusive-start>
<af-start id="4660" threadId="0000000001DD1888" totalBytesRequested="32" timestamp="2019-08-08T00:00:41.301" intervalms="247.994" />
<cycle-start id="4661" type="global" contextid="0" timestamp="2019-08-08T00:00:41.301" intervalms="248.002" />
<gc-start id="4662" type="global" contextid="4661" timestamp="2019-08-08T00:00:41.301">
  <mem-info id="4663" free="1033216" total="103415808" percent="0">
    <mem type="tenure" free="1033216" total="103415808" percent="0">
      <mem type="soa" free="0" total="102382592" percent="0" />
      <mem type="loa" free="1033216" total="1033216" percent="100" />
    </mem>
  </mem-info>
</gc-start>
<allocation-stats totalBytes="84467760" >
  <allocated-bytes non-tlh="0" tlh="84467760" />
  <largest-consumer threadName="main" threadId="0000000001DD0F00" bytes="84467760" />
</allocation-stats>
<gc-op id="4664" type="mark" timems="13.390" contextid="4661" timestamp="2019-08-08T00:00:41.315">
  <trace-info objectcount="596919" scancount="517904" scanbytes="13298012" />
  <finalization candidates="80" enqueued="0" />
  <ownableSynchronizers candidates="21" cleared="0" />
  <references type="soft" candidates="1855" cleared="5" enqueued="5" dynamicThreshold="26" maxThreshold="32" />
  <references type="weak" candidates="5760" cleared="0" enqueued="0" />
  <references type="phantom" candidates="97" cleared="0" enqueued="0" />
  <stringconstants candidates="13275" cleared="0"  />
</gc-op>
<gc-op id="4665" type="sweep" timems="2.132" contextid="4661" timestamp="2019-08-08T00:00:41.317" />
<mem-info id="4666" free="85501408" total="103415808" percent="82">
  <mem type="tenure" free="85501408" total="103415808" percent="82" micro-fragmented="0" macro-fragmented="0">
    <mem type="soa" free="84468192" total="102382592" percent="82" />
    <mem type="loa" free="1033216" total="1033216" percent="100" />
  </mem>
  <pending-finalizers system="0" default="0" reference="5" classloader="0" />
</mem-info>
<gc-op id="4667" type="compact" timems="31.961" contextid="4661" timestamp="2019-08-08T00:00:41.349">
  <compact-info movecount="414" movebytes="32568" reason="compact to aid heap contraction" />
</gc-op>
<heap-resize id="4668" type="expand" space="tenure" amount="327680" count="1" timems="0.018" reason="satisfy allocation request" timestamp="2019-08-08T00:00:41.350" />
<gc-end id="4669" type="global" contextid="4661" durationms="48.586" usertimems="96.077" systemtimems="0.000" timestamp="2019-08-08T00:00:41.350" activeThreads="16">
  <mem-info id="4670" free="85766056" total="103743488" percent="82">
    <mem type="tenure" free="85766056" total="103743488" percent="82">
      <mem type="soa" free="84728744" total="102706176" percent="82" />
      <mem type="loa" free="1037312" total="1037312" percent="100" />
    </mem>
    <pending-finalizers system="0" default="0" reference="5" classloader="0" />
  </mem-info>
</gc-end>
<cycle-end id="4671" type="global" contextid="4661" timestamp="2019-08-08T00:00:41.350" />
  <attribute name="elasticGC enabled" value="1" />
  <attribute name= "numThreadsSpecified" value="16" />
  <attribute name="heapSize specified" value="103415808" />
  <attribute name="Current GC Util" value="87" />
  <attribute name= "Current Time Running" value="160272" />
  <attribute name ="GC Interval" value="0" />
  <attribute name="Target GC Util Change" value ="80.000000" />
  <attribute name="Current GC Util Change" value="87.000000"/>
  <attribute name="Current Error" value="-7.000000" />
  <attribute name="Output H" value="103718488"/>
  <attribute name="Output I" value="1976"/>
  <attribute name="Output T" value="16"/>
  <attribute name= "Current Time Running" value="160272" />
  <attribute name="GC Util currently" value="87" />
  <attribute name="CPU Util currently" value="36055131438" />
<allocation-satisfied id="4672" threadId="0000000001DD0F00" bytesRequested="32" />
<af-end id="4673" timestamp="2019-08-08T00:00:41.350" threadId="0000000001DD1888" success="true" />
<exclusive-end id="4674" timestamp="2019-08-08T00:00:41.350" durationms="49.039" />

<exclusive-start id="4675" timestamp="2019-08-08T00:00:41.457" intervalms="155.531">
  <response-info timems="0.017" idlems="0.017" threads="0" lastid="0000000001DD0F00" lastname="main" />
</exclusive-start>
<af-start id="4676" threadId="0000000001DD1888" totalBytesRequested="32" timestamp="2019-08-08T00:00:41.457" intervalms="155.497" />
<cycle-start id="4677" type="global" contextid="0" timestamp="2019-08-08T00:00:41.457" intervalms="155.460" />
<gc-start id="4678" type="global" contextid="4677" timestamp="2019-08-08T00:00:41.457">
  <mem-info id="4679" free="1037312" total="103743488" percent="0">
    <mem type="tenure" free="1037312" total="103743488" percent="0">
      <mem type="soa" free="0" total="102706176" percent="0" />
      <mem type="loa" free="1037312" total="1037312" percent="100" />
    </mem>
  </mem-info>
</gc-start>
<allocation-stats totalBytes="84781880" >
  <allocated-bytes non-tlh="0" tlh="84781880" />
  <largest-consumer threadName="main" threadId="0000000001DD0F00" bytes="84781880" />
</allocation-stats>
<gc-op id="4680" type="mark" timems="9.194" contextid="4677" timestamp="2019-08-08T00:00:41.466">
  <trace-info objectcount="596810" scancount="517797" scanbytes="13291560" />
  <finalization candidates="80" enqueued="0" />
  <ownableSynchronizers candidates="21" cleared="0" />
  <references type="soft" candidates="1850" cleared="1" enqueued="0" dynamicThreshold="26" maxThreshold="32" />
  <references type="weak" candidates="5760" cleared="0" enqueued="0" />
  <references type="phantom" candidates="97" cleared="0" enqueued="0" />
  <stringconstants candidates="13275" cleared="0"  />
</gc-op>
<gc-op id="4681" type="sweep" timems="2.016" contextid="4677" timestamp="2019-08-08T00:00:41.468" />
<mem-info id="4682" free="85852520" total="103743488" percent="82">
  <mem type="tenure" free="85852520" total="103743488" percent="82" micro-fragmented="0" macro-fragmented="0">
    <mem type="soa" free="84815208" total="102706176" percent="82" />
    <mem type="loa" free="1037312" total="1037312" percent="100" />
  </mem>
</mem-info>
<gc-op id="4683" type="compact" timems="25.292" contextid="4677" timestamp="2019-08-08T00:00:41.493">
  <compact-info movecount="396" movebytes="10360" reason="compact to aid heap contraction" />
</gc-op>
<heap-resize id="4684" type="expand" space="tenure" amount="327680" count="1" timems="0.024" reason="satisfy allocation request" timestamp="2019-08-08T00:00:41.494" />
<gc-end id="4685" type="global" contextid="4677" durationms="37.305" usertimems="77.569" systemtimems="4.339" timestamp="2019-08-08T00:00:41.494" activeThreads="16">
  <mem-info id="4686" free="86118296" total="104071168" percent="82">
    <mem type="tenure" free="86118296" total="104071168" percent="82">
      <mem type="soa" free="85077912" total="103030784" percent="82" />
      <mem type="loa" free="1040384" total="1040384" percent="100" />
    </mem>
  </mem-info>
</gc-end>
<cycle-end id="4687" type="global" contextid="4677" timestamp="2019-08-08T00:00:41.494" />
  <attribute name="elasticGC enabled" value="1" />
  <attribute name= "numThreadsSpecified" value="16" />
  <attribute name="heapSize specified" value="103743488" />
  <attribute name="Current GC Util" value="66" />
  <attribute name= "Current Time Running" value="160417" />
  <attribute name ="GC Interval" value="0" />
  <attribute name="Target GC Util Change" value ="80.000000" />
  <attribute name="Current GC Util Change" value="66.000000"/>
  <attribute name="Current Error" value="-299.000000" />
  <attribute name="Output H" value="104044824"/>
  <attribute name="Output I" value="456"/>
  <attribute name="Output T" value="16"/>
  <attribute name= "Current Time Running" value="160417" />
  <attribute name="GC Util currently" value="66" />
  <attribute name="CPU Util currently" value="45506032147" />
<allocation-satisfied id="4688" threadId="0000000001DD0F00" bytesRequested="32" />
<af-end id="4689" timestamp="2019-08-08T00:00:41.494" threadId="0000000001DD1888" success="true" />
<exclusive-end id="4690" timestamp="2019-08-08T00:00:41.494" durationms="37.608" />

<exclusive-start id="4691" timestamp="2019-08-08T00:00:41.580" intervalms="122.877">
  <response-info timems="0.023" idlems="0.023" threads="0" lastid="0000000001DD0F00" lastname="main" />
</exclusive-start>
<af-start id="4692" threadId="0000000001DD1888" totalBytesRequested="16" timestamp="2019-08-08T00:00:41.580" intervalms="122.882" />
<cycle-start id="4693" type="global" contextid="0" timestamp="2019-08-08T00:00:41.580" intervalms="122.881" />
<gc-start id="4694" type="global" contextid="4693" timestamp="2019-08-08T00:00:41.580">
  <mem-info id="4695" free="1040384" total="104071168" percent="0">
    <mem type="tenure" free="1040384" total="104071168" percent="0">
      <mem type="soa" free="0" total="103030784" percent="0" />
      <mem type="loa" free="1040384" total="1040384" percent="100" />
    </mem>
  </mem-info>
</gc-start>
<allocation-stats totalBytes="85120656" >
  <allocated-bytes non-tlh="0" tlh="85120656" />
  <largest-consumer threadName="main" threadId="0000000001DD0F00" bytes="85120656" />
</allocation-stats>
<gc-op id="4696" type="mark" timems="8.214" contextid="4693" timestamp="2019-08-08T00:00:41.588">
  <trace-info objectcount="596799" scancount="517791" scanbytes="13291108" />
  <finalization candidates="80" enqueued="0" />
  <ownableSynchronizers candidates="21" cleared="0" />
  <references type="soft" candidates="1849" cleared="0" enqueued="0" dynamicThreshold="26" maxThreshold="32" />
  <references type="weak" candidates="5760" cleared="0" enqueued="0" />
  <references type="phantom" candidates="97" cleared="0" enqueued="0" />
  <stringconstants candidates="13275" cleared="0"  />
</gc-op>
<gc-op id="4697" type="sweep" timems="1.984" contextid="4693" timestamp="2019-08-08T00:00:41.590" />
<mem-info id="4698" free="86182216" total="104071168" percent="82">
  <mem type="tenure" free="86182216" total="104071168" percent="82" micro-fragmented="0" macro-fragmented="0">
    <mem type="soa" free="85141832" total="103030784" percent="82" />
    <mem type="loa" free="1040384" total="1040384" percent="100" />
  </mem>
</mem-info>
<gc-op id="4699" type="compact" timems="24.478" contextid="4693" timestamp="2019-08-08T00:00:41.614">
  <compact-info movecount="381" movebytes="9840" reason="compact to aid heap contraction" />
</gc-op>
<heap-resize id="4700" type="expand" space="tenure" amount="327680" count="1" timems="0.020" reason="satisfy allocation request" timestamp="2019-08-08T00:00:41.616" />
<gc-end id="4701" type="global" contextid="4693" durationms="35.945" usertimems="78.163" systemtimems="0.000" timestamp="2019-08-08T00:00:41.616" activeThreads="16">
  <mem-info id="4702" free="86446400" total="104398848" percent="82">
    <mem type="tenure" free="86446400" total="104398848" percent="82">
      <mem type="soa" free="85402944" total="103355392" percent="82" />
      <mem type="loa" free="1043456" total="1043456" percent="100" />
    </mem>
  </mem-info>
</gc-end>
<cycle-end id="4703" type="global" contextid="4693" timestamp="2019-08-08T00:00:41.616" />
  <attribute name="elasticGC enabled" value="1" />
  <attribute name= "numThreadsSpecified" value="16" />
  <attribute name="heapSize specified" value="104071168" />
  <attribute name="Current GC Util" value="43" />
  <attribute name= "Current Time Running" value="160538" />
  <attribute name ="GC Interval" value="0" />
  <attribute name="Target GC Util Change" value ="80.000000" />
  <attribute name="Current GC Util Change" value="43.000000"/>
  <attribute name="Current Error" value="-406.000000" />
  <attribute name="Output H" value="104372008"/>
  <attribute name="Output I" value="200"/>
  <attribute name="Output T" value="16"/>
  <attribute name= "Current Time Running" value="160538" />
  <attribute name="GC Util currently" value="43" />
  <attribute name="CPU Util currently" value="47025850723" />
<allocation-satisfied id="4704" threadId="0000000001DD0F00" bytesRequested="16" />
<af-end id="4705" timestamp="2019-08-08T00:00:41.616" threadId="0000000001DD1888" success="true" />
<exclusive-end id="4706" timestamp="2019-08-08T00:00:41.616" durationms="36.410" />

<exclusive-start id="4707" timestamp="2019-08-08T00:00:41.705" intervalms="125.313">
  <response-info timems="0.021" idlems="0.021" threads="0" lastid="0000000001DD0F00" lastname="main" />
</exclusive-start>
<af-start id="4708" threadId="0000000001DD1888" totalBytesRequested="32" timestamp="2019-08-08T00:00:41.705" intervalms="125.303" />
<cycle-start id="4709" type="global" contextid="0" timestamp="2019-08-08T00:00:41.705" intervalms="125.295" />
<gc-start id="4710" type="global" contextid="4709" timestamp="2019-08-08T00:00:41.705">
  <mem-info id="4711" free="1043456" total="104398848" percent="0">
    <mem type="tenure" free="1043456" total="104398848" percent="0">
      <mem type="soa" free="0" total="103355392" percent="0" />
      <mem type="loa" free="1043456" total="1043456" percent="100" />
    </mem>
  </mem-info>
</gc-start>
<allocation-stats totalBytes="85459080" >
  <allocated-bytes non-tlh="0" tlh="85459080" />
  <largest-consumer threadName="main" threadId="0000000001DD0F00" bytes="85459080" />
</allocation-stats>
<gc-op id="4712" type="mark" timems="9.288" contextid="4709" timestamp="2019-08-08T00:00:41.714">
  <trace-info objectcount="596793" scancount="517787" scanbytes="13290972" />
  <finalization candidates="80" enqueued="0" />
  <ownableSynchronizers candidates="21" cleared="0" />
  <references type="soft" candidates="1849" cleared="0" enqueued="0" dynamicThreshold="26" maxThreshold="32" />
  <references type="weak" candidates="5760" cleared="0" enqueued="0" />
  <references type="phantom" candidates="97" cleared="0" enqueued="0" />
  <stringconstants candidates="13275" cleared="0"  />
</gc-op>
<gc-op id="4713" type="sweep" timems="2.134" contextid="4709" timestamp="2019-08-08T00:00:41.716" />
<mem-info id="4714" free="86510984" total="104398848" percent="82">
  <mem type="tenure" free="86510984" total="104398848" percent="82" micro-fragmented="0" macro-fragmented="0">
    <mem type="soa" free="85467528" total="103355392" percent="82" />
    <mem type="loa" free="1043456" total="1043456" percent="100" />
  </mem>
</mem-info>
<gc-op id="4715" type="compact" timems="23.734" contextid="4709" timestamp="2019-08-08T00:00:41.740">
  <compact-info movecount="372" movebytes="9584" reason="compact to aid heap contraction" />
</gc-op>
<heap-resize id="4716" type="expand" space="tenure" amount="327680" count="1" timems="0.017" reason="satisfy allocation request" timestamp="2019-08-08T00:00:41.741" />
<gc-end id="4717" type="global" contextid="4709" durationms="36.318" usertimems="88.095" systemtimems="8.087" timestamp="2019-08-08T00:00:41.741" activeThreads="16">
  <mem-info id="4718" free="86774264" total="104726528" percent="82">
    <mem type="tenure" free="86774264" total="104726528" percent="82">
      <mem type="soa" free="85727736" total="103680000" percent="82" />
      <mem type="loa" free="1046528" total="1046528" percent="100" />
    </mem>
  </mem-info>
</gc-end>
<cycle-end id="4719" type="global" contextid="4709" timestamp="2019-08-08T00:00:41.741" />
  <attribute name="elasticGC enabled" value="1" />
  <attribute name= "numThreadsSpecified" value="16" />
  <attribute name="heapSize specified" value="104398848" />
  <attribute name="Current GC Util" value="50" />
  <attribute name= "Current Time Running" value="160663" />
  <attribute name ="GC Interval" value="0" />
  <attribute name="Target GC Util Change" value ="80.000000" />
  <attribute name="Current GC Util Change" value="50.000000"/>
  <attribute name="Current Error" value="30.000000" />
  <attribute name="Output H" value="104701704"/>
  <attribute name="Output I" value="2168"/>
  <attribute name="Output T" value="16"/>
  <attribute name= "Current Time Running" value="160663" />
  <attribute name="GC Util currently" value="50" />
  <attribute name="CPU Util currently" value="48526681469" />
<allocation-satisfied id="4720" threadId="0000000001DD0F00" bytesRequested="32" />
<af-end id="4721" timestamp="2019-08-08T00:00:41.742" threadId="0000000001DD1888" success="true" />
<exclusive-end id="4722" timestamp="2019-08-08T00:00:41.742" durationms="36.643" />

<exclusive-start id="4723" timestamp="2019-08-08T00:00:41.879" intervalms="173.802">
  <response-info timems="0.022" idlems="0.022" threads="0" lastid="0000000001DD0F00" lastname="main" />
</exclusive-start>
<af-start id="4724" threadId="0000000001DD1888" totalBytesRequested="24" timestamp="2019-08-08T00:00:41.879" intervalms="173.836" />
<cycle-start id="4725" type="global" contextid="0" timestamp="2019-08-08T00:00:41.879" intervalms="173.837" />
<gc-start id="4726" type="global" contextid="4725" timestamp="2019-08-08T00:00:41.879">
  <mem-info id="4727" free="1046528" total="104726528" percent="0">
    <mem type="tenure" free="1046528" total="104726528" percent="0">
      <mem type="soa" free="0" total="103680000" percent="0" />
      <mem type="loa" free="1046528" total="1046528" percent="100" />
    </mem>
  </mem-info>
</gc-start>
<allocation-stats totalBytes="85788152" >
  <allocated-bytes non-tlh="0" tlh="85788152" />
  <largest-consumer threadName="main" threadId="0000000001DD0F00" bytes="85788152" />
</allocation-stats>
<gc-op id="4728" type="mark" timems="19.310" contextid="4725" timestamp="2019-08-08T00:00:41.898">
  <trace-info objectcount="596802" scancount="517793" scanbytes="13291148" />
  <finalization candidates="80" enqueued="0" />
  <ownableSynchronizers candidates="21" cleared="0" />
  <references type="soft" candidates="1849" cleared="0" enqueued="0" dynamicThreshold="26" maxThreshold="32" />
  <references type="weak" candidates="5760" cleared="0" enqueued="0" />
  <references type="phantom" candidates="97" cleared="0" enqueued="0" />
  <stringconstants candidates="13275" cleared="0"  />
</gc-op>
<gc-op id="4729" type="sweep" timems="1.847" contextid="4725" timestamp="2019-08-08T00:00:41.900" />
<mem-info id="4730" free="86838080" total="104726528" percent="82">
  <mem type="tenure" free="86838080" total="104726528" percent="82" micro-fragmented="0" macro-fragmented="0">
    <mem type="soa" free="85791552" total="103680000" percent="82" />
    <mem type="loa" free="1046528" total="1046528" percent="100" />
  </mem>
</mem-info>
<gc-op id="4731" type="compact" timems="23.725" contextid="4725" timestamp="2019-08-08T00:00:41.924">
  <compact-info movecount="379" movebytes="9720" reason="compact to aid heap contraction" />
</gc-op>
<heap-resize id="4732" type="expand" space="tenure" amount="327680" count="1" timems="0.018" reason="satisfy allocation request" timestamp="2019-08-08T00:00:41.924" />
<gc-end id="4733" type="global" contextid="4725" durationms="45.684" usertimems="145.944" systemtimems="19.935" timestamp="2019-08-08T00:00:41.925" activeThreads="16">
  <mem-info id="4734" free="87101760" total="105054208" percent="82">
    <mem type="tenure" free="87101760" total="105054208" percent="82">
      <mem type="soa" free="86052160" total="104004608" percent="82" />
      <mem type="loa" free="1049600" total="1049600" percent="100" />
    </mem>
  </mem-info>
</gc-end>
<cycle-end id="4735" type="global" contextid="4725" timestamp="2019-08-08T00:00:41.925" />
  <attribute name="elasticGC enabled" value="1" />
  <attribute name= "numThreadsSpecified" value="16" />
  <attribute name="heapSize specified" value="104726528" />
  <attribute name="Current GC Util" value="45" />
  <attribute name= "Current Time Running" value="160847" />
  <attribute name ="GC Interval" value="0" />
  <attribute name="Target GC Util Change" value ="80.000000" />
  <attribute name="Current GC Util Change" value="45.000000"/>
  <attribute name="Current Error" value="-491.000000" />
  <attribute name="Output H" value="105026976"/>
  <attribute name="Output I" value="200"/>
  <attribute name="Output T" value="16"/>
  <attribute name= "Current Time Running" value="160847" />
  <attribute name="GC Util currently" value="45" />
  <attribute name="CPU Util currently" value="48534646431" />
<allocation-satisfied id="4736" threadId="0000000001DD0F00" bytesRequested="24" />
<af-end id="4737" timestamp="2019-08-08T00:00:41.925" threadId="0000000001DD1888" success="true" />
<exclusive-end id="4738" timestamp="2019-08-08T00:00:41.925" durationms="45.957" />

<exclusive-start id="4739" timestamp="2019-08-08T00:00:41.987" intervalms="108.126">
  <response-info timems="0.027" idlems="0.027" threads="0" lastid="0000000001DD0F00" lastname="main" />
</exclusive-start>
<af-start id="4740" threadId="0000000001DD1888" totalBytesRequested="16" timestamp="2019-08-08T00:00:41.987" intervalms="108.090" />
<cycle-start id="4741" type="global" contextid="0" timestamp="2019-08-08T00:00:41.987" intervalms="108.088" />
<gc-start id="4742" type="global" contextid="4741" timestamp="2019-08-08T00:00:41.987">
  <mem-info id="4743" free="1049600" total="105054208" percent="0">
    <mem type="tenure" free="1049600" total="105054208" percent="0">
      <mem type="soa" free="0" total="104004608" percent="0" />
      <mem type="loa" free="1049600" total="1049600" percent="100" />
    </mem>
  </mem-info>
</gc-start>
<allocation-stats totalBytes="86111824" >
  <allocated-bytes non-tlh="0" tlh="86111824" />
  <largest-consumer threadName="main" threadId="0000000001DD0F00" bytes="86111824" />
</allocation-stats>
<gc-op id="4744" type="mark" timems="9.470" contextid="4741" timestamp="2019-08-08T00:00:41.996">
  <trace-info objectcount="596807" scancount="517800" scanbytes="13291384" />
  <finalization candidates="80" enqueued="0" />
  <ownableSynchronizers candidates="21" cleared="0" />
  <references type="soft" candidates="1849" cleared="0" enqueued="0" dynamicThreshold="26" maxThreshold="32" />
  <references type="weak" candidates="5760" cleared="0" enqueued="0" />
  <references type="phantom" candidates="97" cleared="0" enqueued="0" />
  <stringconstants candidates="13275" cleared="0"  />
</gc-op>
<gc-op id="4745" type="sweep" timems="1.807" contextid="4741" timestamp="2019-08-08T00:00:41.998" />
<mem-info id="4746" free="87166064" total="105054208" percent="82">
  <mem type="tenure" free="87166064" total="105054208" percent="82" micro-fragmented="0" macro-fragmented="0">
    <mem type="soa" free="86116464" total="104004608" percent="82" />
    <mem type="loa" free="1049600" total="1049600" percent="100" />
  </mem>
</mem-info>
<gc-op id="4747" type="compact" timems="27.216" contextid="4741" timestamp="2019-08-08T00:00:42.025">
  <compact-info movecount="196" movebytes="5192" reason="compact to aid heap contraction" />
</gc-op>
<heap-resize id="4748" type="expand" space="tenure" amount="327680" count="1" timems="0.019" reason="satisfy allocation request" timestamp="2019-08-08T00:00:42.026" />
<gc-end id="4749" type="global" contextid="4741" durationms="39.288" usertimems="86.961" systemtimems="1.273" timestamp="2019-08-08T00:00:42.026" activeThreads="16">
  <mem-info id="4750" free="87429248" total="105381888" percent="82">
    <mem type="tenure" free="87429248" total="105381888" percent="82">
      <mem type="soa" free="86375552" total="104328192" percent="82" />
      <mem type="loa" free="1053696" total="1053696" percent="100" />
    </mem>
  </mem-info>
</gc-end>
<cycle-end id="4751" type="global" contextid="4741" timestamp="2019-08-08T00:00:42.026" />
  <attribute name="elasticGC enabled" value="1" />
  <attribute name= "numThreadsSpecified" value="16" />
  <attribute name="heapSize specified" value="105054208" />
  <attribute name="Current GC Util" value="39" />
  <attribute name= "Current Time Running" value="160949" />
  <attribute name ="GC Interval" value="0" />
  <attribute name="Target GC Util Change" value ="80.000000" />
  <attribute name="Current GC Util Change" value="39.000000"/>
  <attribute name="Current Error" value="-416.000000" />
  <attribute name="Output H" value="105355000"/>
  <attribute name="Output I" value="200"/>
  <attribute name="Output T" value="16"/>
  <attribute name= "Current Time Running" value="160949" />
  <attribute name="GC Util currently" value="39" />
  <attribute name="CPU Util currently" value="42272719884" />
<allocation-satisfied id="4752" threadId="0000000001DD0F00" bytesRequested="16" />
<af-end id="4753" timestamp="2019-08-08T00:00:42.026" threadId="0000000001DD1888" success="true" />
<exclusive-end id="4754" timestamp="2019-08-08T00:00:42.026" durationms="39.594" />

<exclusive-start id="4755" timestamp="2019-08-08T00:00:42.143" intervalms="156.584">
  <response-info timems="0.054" idlems="0.054" threads="0" lastid="0000000001DD0F00" lastname="main" />
</exclusive-start>
<af-start id="4756" threadId="0000000001DD1888" totalBytesRequested="520" timestamp="2019-08-08T00:00:42.143" intervalms="156.592" />
<cycle-start id="4757" type="global" contextid="0" timestamp="2019-08-08T00:00:42.143" intervalms="156.601" />
<gc-start id="4758" type="global" contextid="4757" timestamp="2019-08-08T00:00:42.144">
  <mem-info id="4759" free="1053696" total="105381888" percent="0">
    <mem type="tenure" free="1053696" total="105381888" percent="0">
      <mem type="soa" free="0" total="104328192" percent="0" />
      <mem type="loa" free="1053696" total="1053696" percent="100" />
    </mem>
  </mem-info>
</gc-start>
<allocation-stats totalBytes="86416024" >
  <allocated-bytes non-tlh="0" tlh="86416024" />
  <largest-consumer threadName="main" threadId="0000000001DD0F00" bytes="86416024" />
</allocation-stats>
<gc-op id="4760" type="mark" timems="8.864" contextid="4757" timestamp="2019-08-08T00:00:42.152">
  <trace-info objectcount="596468" scancount="517457" scanbytes="13280128" />
  <finalization candidates="80" enqueued="0" />
  <ownableSynchronizers candidates="21" cleared="0" />
  <references type="soft" candidates="1849" cleared="6" enqueued="6" dynamicThreshold="26" maxThreshold="32" />
  <references type="weak" candidates="5760" cleared="0" enqueued="0" />
  <references type="phantom" candidates="97" cleared="0" enqueued="0" />
  <stringconstants candidates="13275" cleared="0"  />
</gc-op>
<gc-op id="4761" type="sweep" timems="2.037" contextid="4757" timestamp="2019-08-08T00:00:42.155" />
<mem-info id="4762" free="87503560" total="105381888" percent="83">
  <mem type="tenure" free="87503560" total="105381888" percent="83" micro-fragmented="0" macro-fragmented="0">
    <mem type="soa" free="86449864" total="104328192" percent="82" />
    <mem type="loa" free="1053696" total="1053696" percent="100" />
  </mem>
  <pending-finalizers system="0" default="0" reference="6" classloader="0" />
</mem-info>
<gc-op id="4763" type="compact" timems="23.899" contextid="4757" timestamp="2019-08-08T00:00:42.179">
  <compact-info movecount="449" movebytes="13104" reason="compact to aid heap contraction" />
</gc-op>
<heap-resize id="4764" type="expand" space="tenure" amount="327680" count="1" timems="0.017" reason="satisfy allocation request" timestamp="2019-08-08T00:00:42.179" />
<gc-end id="4765" type="global" contextid="4757" durationms="35.828" usertimems="85.674" systemtimems="0.000" timestamp="2019-08-08T00:00:42.179" activeThreads="16">
  <mem-info id="4766" free="87767000" total="105709568" percent="83">
    <mem type="tenure" free="87767000" total="105709568" percent="83">
      <mem type="soa" free="86710232" total="104652800" percent="82" />
      <mem type="loa" free="1056768" total="1056768" percent="100" />
    </mem>
    <pending-finalizers system="0" default="0" reference="6" classloader="0" />
  </mem-info>
</gc-end>
<cycle-end id="4767" type="global" contextid="4757" timestamp="2019-08-08T00:00:42.180" />
  <attribute name="elasticGC enabled" value="1" />
  <attribute name= "numThreadsSpecified" value="16" />
  <attribute name="heapSize specified" value="105381888" />
  <attribute name="Current GC Util" value="43" />
  <attribute name= "Current Time Running" value="161102" />
  <attribute name ="GC Interval" value="0" />
  <attribute name="Target GC Util Change" value ="80.000000" />
  <attribute name="Current GC Util Change" value="43.000000"/>
  <attribute name="Current Error" value="37.000000" />
  <attribute name="Output H" value="105684776"/>
  <attribute name="Output I" value="2200"/>
  <attribute name="Output T" value="16"/>
  <attribute name= "Current Time Running" value="161102" />
  <attribute name="GC Util currently" value="43" />
  <attribute name="CPU Util currently" value="48157406738" />
<allocation-satisfied id="4768" threadId="0000000001DD0F00" bytesRequested="520" />
<af-end id="4769" timestamp="2019-08-08T00:00:42.180" threadId="0000000001DD1888" success="true" />
<exclusive-end id="4770" timestamp="2019-08-08T00:00:42.180" durationms="36.205" />

<exclusive-start id="4771" timestamp="2019-08-08T00:00:42.260" intervalms="117.051">
  <response-info timems="0.019" idlems="0.019" threads="0" lastid="0000000001DD0F00" lastname="main" />
</exclusive-start>
<af-start id="4772" threadId="0000000001DD1888" totalBytesRequested="488" timestamp="2019-08-08T00:00:42.260" intervalms="117.040" />
<cycle-start id="4773" type="global" contextid="0" timestamp="2019-08-08T00:00:42.260" intervalms="117.030" />
<gc-start id="4774" type="global" contextid="4773" timestamp="2019-08-08T00:00:42.261">
  <mem-info id="4775" free="1056768" total="105709568" percent="0">
    <mem type="tenure" free="1056768" total="105709568" percent="0">
      <mem type="soa" free="0" total="104652800" percent="0" />
      <mem type="loa" free="1056768" total="1056768" percent="100" />
    </mem>
  </mem-info>
</gc-start>
<allocation-stats totalBytes="86733592" >
  <allocated-bytes non-tlh="0" tlh="86733592" />
  <largest-consumer threadName="main" threadId="0000000001DD0F00" bytes="86733592" />
</allocation-stats>
<gc-op id="4776" type="mark" timems="7.853" contextid="4773" timestamp="2019-08-08T00:00:42.268">
  <trace-info objectcount="596443" scancount="517432" scanbytes="13279452" />
  <finalization candidates="80" enqueued="0" />
  <ownableSynchronizers candidates="21" cleared="0" />
  <references type="soft" candidates="1843" cleared="0" enqueued="0" dynamicThreshold="26" maxThreshold="32" />
  <references type="weak" candidates="5760" cleared="0" enqueued="0" />
  <references type="phantom" candidates="97" cleared="0" enqueued="0" />
  <stringconstants candidates="13275" cleared="0"  />
</gc-op>
<gc-op id="4777" type="sweep" timems="2.301" contextid="4773" timestamp="2019-08-08T00:00:42.271" />
<mem-info id="4778" free="87832632" total="105709568" percent="83">
  <mem type="tenure" free="87832632" total="105709568" percent="83" micro-fragmented="0" macro-fragmented="0">
    <mem type="soa" free="86775864" total="104652800" percent="82" />
    <mem type="loa" free="1056768" total="1056768" percent="100" />
  </mem>
</mem-info>
<gc-op id="4779" type="compact" timems="25.453" contextid="4773" timestamp="2019-08-08T00:00:42.296">
  <compact-info movecount="228" movebytes="6696" reason="compact to aid heap contraction" />
</gc-op>
<heap-resize id="4780" type="expand" space="tenure" amount="327680" count="1" timems="0.018" reason="satisfy allocation request" timestamp="2019-08-08T00:00:42.297" />
<gc-end id="4781" type="global" contextid="4773" durationms="36.417" usertimems="82.894" systemtimems="0.000" timestamp="2019-08-08T00:00:42.297" activeThreads="16">
  <mem-info id="4782" free="88096176" total="106037248" percent="83">
    <mem type="tenure" free="88096176" total="106037248" percent="83">
      <mem type="soa" free="87036336" total="104977408" percent="82" />
      <mem type="loa" free="1059840" total="1059840" percent="100" />
    </mem>
  </mem-info>
</gc-end>
<cycle-end id="4783" type="global" contextid="4773" timestamp="2019-08-08T00:00:42.297" />
  <attribute name="elasticGC enabled" value="1" />
  <attribute name= "numThreadsSpecified" value="16" />
  <attribute name="heapSize specified" value="105709568" />
  <attribute name="Current GC Util" value="41" />
  <attribute name= "Current Time Running" value="161219" />
  <attribute name ="GC Interval" value="0" />
  <attribute name="Target GC Util Change" value ="80.000000" />
  <attribute name="Current GC Util Change" value="41.000000"/>
  <attribute name="Current Error" value="-338.000000" />
  <attribute name="Output H" value="106010720"/>
  <attribute name="Output I" value="256"/>
  <attribute name="Output T" value="16"/>
  <attribute name= "Current Time Running" value="161219" />
  <attribute name="GC Util currently" value="41" />
  <attribute name="CPU Util currently" value="45262379924" />
<allocation-satisfied id="4784" threadId="0000000001DD0F00" bytesRequested="488" />
<af-end id="4785" timestamp="2019-08-08T00:00:42.297" threadId="0000000001DD1888" success="true" />
<exclusive-end id="4786" timestamp="2019-08-08T00:00:42.297" durationms="36.701" />

<exclusive-start id="4787" timestamp="2019-08-08T00:00:42.308" intervalms="47.943">
  <response-info timems="0.020" idlems="0.020" threads="0" lastid="0000000001DD0F00" lastname="main" />
</exclusive-start>
<af-start id="4788" threadId="0000000001DD1888" totalBytesRequested="544" timestamp="2019-08-08T00:00:42.308" intervalms="47.955" />
<cycle-start id="4789" type="global" contextid="0" timestamp="2019-08-08T00:00:42.308" intervalms="47.957" />
<gc-start id="4790" type="global" contextid="4789" timestamp="2019-08-08T00:00:42.309">
  <mem-info id="4791" free="1059840" total="106037248" percent="0">
    <mem type="tenure" free="1059840" total="106037248" percent="0">
      <mem type="soa" free="0" total="104977408" percent="0" />
      <mem type="loa" free="1059840" total="1059840" percent="100" />
    </mem>
  </mem-info>
</gc-start>
<allocation-stats totalBytes="86946536" >
  <allocated-bytes non-tlh="0" tlh="86946536" />
  <largest-consumer threadName="main" threadId="0000000001DD0F00" bytes="86946536" />
</allocation-stats>
<gc-op id="4792" type="mark" timems="8.612" contextid="4789" timestamp="2019-08-08T00:00:42.317">
  <trace-info objectcount="596443" scancount="517431" scanbytes="13279452" />
  <finalization candidates="80" enqueued="0" />
  <ownableSynchronizers candidates="21" cleared="0" />
  <references type="soft" candidates="1843" cleared="0" enqueued="0" dynamicThreshold="26" maxThreshold="32" />
  <references type="weak" candidates="5760" cleared="0" enqueued="0" />
  <references type="phantom" candidates="97" cleared="0" enqueued="0" />
  <stringconstants candidates="13275" cleared="0"  />
</gc-op>
<gc-op id="4793" type="sweep" timems="2.103" contextid="4789" timestamp="2019-08-08T00:00:42.319" />
<mem-info id="4794" free="88161688" total="106037248" percent="83">
  <mem type="tenure" free="88161688" total="106037248" percent="83" micro-fragmented="0" macro-fragmented="0">
    <mem type="soa" free="87101848" total="104977408" percent="82" />
    <mem type="loa" free="1059840" total="1059840" percent="100" />
  </mem>
</mem-info>
<gc-op id="4795" type="compact" timems="25.201" contextid="4789" timestamp="2019-08-08T00:00:42.345">
  <compact-info movecount="3" movebytes="72" reason="compact to aid heap contraction" />
</gc-op>
<heap-resize id="4796" type="expand" space="tenure" amount="327680" count="1" timems="0.018" reason="satisfy allocation request" timestamp="2019-08-08T00:00:42.345" />
<gc-end id="4797" type="global" contextid="4789" durationms="36.726" usertimems="77.338" systemtimems="8.088" timestamp="2019-08-08T00:00:42.345" activeThreads="16">
  <mem-info id="4798" free="88423856" total="106364928" percent="83">
    <mem type="tenure" free="88423856" total="106364928" percent="83">
      <mem type="soa" free="87360944" total="105302016" percent="82" />
      <mem type="loa" free="1062912" total="1062912" percent="100" />
    </mem>
  </mem-info>
</gc-end>
<cycle-end id="4799" type="global" contextid="4789" timestamp="2019-08-08T00:00:42.345" />
  <attribute name="elasticGC enabled" value="1" />
  <attribute name= "numThreadsSpecified" value="16" />
  <attribute name="heapSize specified" value="106037248" />
  <attribute name="Current GC Util" value="46" />
  <attribute name= "Current Time Running" value="161268" />
  <attribute name ="GC Interval" value="0" />
  <attribute name="Target GC Util Change" value ="80.000000" />
  <attribute name="Current GC Util Change" value="46.000000"/>
  <attribute name="Current Error" value="-451.000000" />
  <attribute name="Output H" value="106337880"/>
  <attribute name="Output I" value="200"/>
  <attribute name="Output T" value="16"/>
  <attribute name= "Current Time Running" value="161268" />
  <attribute name="GC Util currently" value="46" />
  <attribute name="CPU Util currently" value="45688042474" />
<allocation-satisfied id="4800" threadId="0000000001DD0F00" bytesRequested="544" />
<af-end id="4801" timestamp="2019-08-08T00:00:42.345" threadId="0000000001DD1888" success="true" />
<exclusive-end id="4802" timestamp="2019-08-08T00:00:42.345" durationms="36.929" />

<exclusive-start id="4803" timestamp="2019-08-08T00:00:42.360" intervalms="51.659">
  <response-info timems="0.017" idlems="0.017" threads="0" lastid="0000000001DD0F00" lastname="main" />
</exclusive-start>
<af-start id="4804" threadId="0000000001DD1888" totalBytesRequested="544" timestamp="2019-08-08T00:00:42.360" intervalms="51.657" />
<cycle-start id="4805" type="global" contextid="0" timestamp="2019-08-08T00:00:42.360" intervalms="51.661" />
<gc-start id="4806" type="global" contextid="4805" timestamp="2019-08-08T00:00:42.360">
  <mem-info id="4807" free="1062912" total="106364928" percent="0">
    <mem type="tenure" free="1062912" total="106364928" percent="0">
      <mem type="soa" free="0" total="105302016" percent="0" />
      <mem type="loa" free="1062912" total="1062912" percent="100" />
    </mem>
  </mem-info>
</gc-start>
<allocation-stats totalBytes="87270912" >
  <allocated-bytes non-tlh="0" tlh="87270912" />
  <largest-consumer threadName="main" threadId="0000000001DD0F00" bytes="87270912" />
</allocation-stats>
<gc-op id="4808" type="mark" timems="12.637" contextid="4805" timestamp="2019-08-08T00:00:42.373">
  <trace-info objectcount="596443" scancount="517435" scanbytes="13279452" />
  <finalization candidates="80" enqueued="0" />
  <ownableSynchronizers candidates="21" cleared="0" />
  <references type="soft" candidates="1843" cleared="0" enqueued="0" dynamicThreshold="26" maxThreshold="32" />
  <references type="weak" candidates="5760" cleared="0" enqueued="0" />
  <references type="phantom" candidates="97" cleared="0" enqueued="0" />
  <stringconstants candidates="13275" cleared="0"  />
</gc-op>
<gc-op id="4809" type="sweep" timems="9.006" contextid="4805" timestamp="2019-08-08T00:00:42.382" />
<mem-info id="4810" free="88489152" total="106364928" percent="83">
  <mem type="tenure" free="88489152" total="106364928" percent="83" micro-fragmented="0" macro-fragmented="0">
    <mem type="soa" free="87426240" total="105302016" percent="83" />
    <mem type="loa" free="1062912" total="1062912" percent="100" />
  </mem>
</mem-info>
<gc-op id="4811" type="compact" timems="25.109" contextid="4805" timestamp="2019-08-08T00:00:42.407">
  <compact-info movecount="3" movebytes="72" reason="compact to aid heap contraction" />
</gc-op>
<heap-resize id="4812" type="expand" space="tenure" amount="327680" count="1" timems="0.024" reason="satisfy allocation request" timestamp="2019-08-08T00:00:42.411" />
<gc-end id="4813" type="global" contextid="4805" durationms="50.806" usertimems="67.802" systemtimems="14.432" timestamp="2019-08-08T00:00:42.411" activeThreads="16">
  <mem-info id="4814" free="88751536" total="106692608" percent="83">
    <mem type="tenure" free="88751536" total="106692608" percent="83">
      <mem type="soa" free="87685552" total="105626624" percent="83" />
      <mem type="loa" free="1065984" total="1065984" percent="100" />
    </mem>
  </mem-info>
</gc-end>
<cycle-end id="4815" type="global" contextid="4805" timestamp="2019-08-08T00:00:42.411" />
  <attribute name="elasticGC enabled" value="1" />
  <attribute name= "numThreadsSpecified" value="16" />
  <attribute name="heapSize specified" value="106364928" />
  <attribute name="Current GC Util" value="37" />
  <attribute name= "Current Time Running" value="161330" />
  <attribute name ="GC Interval" value="0" />
  <attribute name="Target GC Util Change" value ="80.000000" />
  <attribute name="Current GC Util Change" value="37.000000"/>
  <attribute name="Current Error" value="43.000000" />
  <attribute name="Output H" value="106667840"/>
  <attribute name="Output I" value="2232"/>
  <attribute name="Output T" value="16"/>
  <attribute name= "Current Time Running" value="161330" />
  <attribute name="GC Util currently" value="37" />
  <attribute name="CPU Util currently" value="45864321355" />
<allocation-satisfied id="4816" threadId="0000000001DD0F00" bytesRequested="544" />
<af-end id="4817" timestamp="2019-08-08T00:00:42.411" threadId="0000000001DD1888" success="true" />
<exclusive-end id="4818" timestamp="2019-08-08T00:00:42.411" durationms="51.029" />

<exclusive-start id="4819" timestamp="2019-08-08T00:00:42.505" intervalms="144.478">
  <response-info timems="0.021" idlems="0.021" threads="0" lastid="0000000001DD0F00" lastname="main" />
</exclusive-start>
<af-start id="4820" threadId="0000000001DD1888" totalBytesRequested="408" timestamp="2019-08-08T00:00:42.505" intervalms="144.477" />
<cycle-start id="4821" type="global" contextid="0" timestamp="2019-08-08T00:00:42.505" intervalms="144.473" />
<gc-start id="4822" type="global" contextid="4821" timestamp="2019-08-08T00:00:42.505">
  <mem-info id="4823" free="1065984" total="106692608" percent="0">
    <mem type="tenure" free="1065984" total="106692608" percent="0">
      <mem type="soa" free="0" total="105626624" percent="0" />
      <mem type="loa" free="1065984" total="1065984" percent="100" />
    </mem>
  </mem-info>
</gc-start>
<allocation-stats totalBytes="87667512" >
  <allocated-bytes non-tlh="0" tlh="87667512" />
  <largest-consumer threadName="main" threadId="0000000001DD0F00" bytes="87667512" />
</allocation-stats>
<gc-op id="4824" type="mark" timems="11.586" contextid="4821" timestamp="2019-08-08T00:00:42.516">
  <trace-info objectcount="596451" scancount="517445" scanbytes="13280188" />
  <finalization candidates="80" enqueued="0" />
  <ownableSynchronizers candidates="21" cleared="0" />
  <references type="soft" candidates="1843" cleared="0" enqueued="0" dynamicThreshold="26" maxThreshold="32" />
  <references type="weak" candidates="5760" cleared="0" enqueued="0" />
  <references type="phantom" candidates="97" cleared="0" enqueued="0" />
  <stringconstants candidates="13275" cleared="0"  />
</gc-op>
<gc-op id="4825" type="sweep" timems="2.858" contextid="4821" timestamp="2019-08-08T00:00:42.519" />
<mem-info id="4826" free="88815384" total="106692608" percent="83">
  <mem type="tenure" free="88815384" total="106692608" percent="83" micro-fragmented="0" macro-fragmented="0">
    <mem type="soa" free="87749400" total="105626624" percent="83" />
    <mem type="loa" free="1065984" total="1065984" percent="100" />
  </mem>
</mem-info>
<gc-op id="4827" type="compact" timems="23.206" contextid="4821" timestamp="2019-08-08T00:00:42.542">
  <compact-info movecount="387" movebytes="10408" reason="compact to aid heap contraction" />
</gc-op>
<heap-resize id="4828" type="expand" space="tenure" amount="327680" count="1" timems="0.019" reason="satisfy allocation request" timestamp="2019-08-08T00:00:42.543" />
<gc-end id="4829" type="global" contextid="4821" durationms="38.451" usertimems="77.129" systemtimems="1.430" timestamp="2019-08-08T00:00:42.543" activeThreads="16">
  <mem-info id="4830" free="89079080" total="107020288" percent="83">
    <mem type="tenure" free="89079080" total="107020288" percent="83">
      <mem type="soa" free="88009000" total="105950208" percent="83" />
      <mem type="loa" free="1070080" total="1070080" percent="100" />
    </mem>
  </mem-info>
</gc-end>
<cycle-end id="4831" type="global" contextid="4821" timestamp="2019-08-08T00:00:42.543" />
  <attribute name="elasticGC enabled" value="1" />
  <attribute name= "numThreadsSpecified" value="16" />
  <attribute name="heapSize specified" value="106692608" />
  <attribute name="Current GC Util" value="33" />
  <attribute name= "Current Time Running" value="161465" />
  <attribute name ="GC Interval" value="0" />
  <attribute name="Target GC Util Change" value ="80.000000" />
  <attribute name="Current GC Util Change" value="33.000000"/>
  <attribute name="Current Error" value="-189.000000" />
  <attribute name="Output H" value="106994448"/>
  <attribute name="Output I" value="1032"/>
  <attribute name="Output T" value="16"/>
  <attribute name= "Current Time Running" value="161465" />
  <attribute name="GC Util currently" value="33" />
  <attribute name="CPU Util currently" value="49596014523" />
<allocation-satisfied id="4832" threadId="0000000001DD0F00" bytesRequested="408" />
<af-end id="4833" timestamp="2019-08-08T00:00:42.543" threadId="0000000001DD1888" success="true" />
<exclusive-end id="4834" timestamp="2019-08-08T00:00:42.543" durationms="38.745" />

<exclusive-start id="4835" timestamp="2019-08-08T00:00:42.608" intervalms="103.725">
  <response-info timems="0.030" idlems="0.030" threads="0" lastid="0000000001DD0F00" lastname="main" />
</exclusive-start>
<af-start id="4836" threadId="0000000001DD1888" totalBytesRequested="2008" timestamp="2019-08-08T00:00:42.608" intervalms="103.750" />
<cycle-start id="4837" type="global" contextid="0" timestamp="2019-08-08T00:00:42.608" intervalms="103.758" />
<gc-start id="4838" type="global" contextid="4837" timestamp="2019-08-08T00:00:42.609">
  <mem-info id="4839" free="1070080" total="107020288" percent="0">
    <mem type="tenure" free="1070080" total="107020288" percent="0">
      <mem type="soa" free="0" total="105950208" percent="0" />
      <mem type="loa" free="1070080" total="1070080" percent="100" />
    </mem>
  </mem-info>
</gc-start>
<allocation-stats totalBytes="87971992" >
  <allocated-bytes non-tlh="0" tlh="87971992" />
  <largest-consumer threadName="main" threadId="0000000001DD0F00" bytes="87971992" />
</allocation-stats>
<gc-op id="4840" type="mark" timems="8.217" contextid="4837" timestamp="2019-08-08T00:00:42.617">
  <trace-info objectcount="596494" scancount="517473" scanbytes="13280808" />
  <finalization candidates="80" enqueued="0" />
  <ownableSynchronizers candidates="21" cleared="0" />
  <references type="soft" candidates="1849" cleared="0" enqueued="0" dynamicThreshold="26" maxThreshold="32" />
  <references type="weak" candidates="5760" cleared="0" enqueued="0" />
  <references type="phantom" candidates="97" cleared="0" enqueued="0" />
  <stringconstants candidates="13275" cleared="0"  />
</gc-op>
<gc-op id="4841" type="sweep" timems="1.281" contextid="4837" timestamp="2019-08-08T00:00:42.618" />
<mem-info id="4842" free="89119040" total="107020288" percent="83">
  <mem type="tenure" free="89119040" total="107020288" percent="83" micro-fragmented="0" macro-fragmented="0">
    <mem type="soa" free="88048960" total="105950208" percent="83" />
    <mem type="loa" free="1070080" total="1070080" percent="100" />
  </mem>
</mem-info>
<gc-op id="4843" type="compact" timems="22.802" contextid="4837" timestamp="2019-08-08T00:00:42.641">
  <compact-info movecount="471" movebytes="33584" reason="compact to aid heap contraction" />
</gc-op>
<heap-resize id="4844" type="expand" space="tenure" amount="327680" count="1" timems="0.017" reason="satisfy allocation request" timestamp="2019-08-08T00:00:42.642" />
<gc-end id="4845" type="global" contextid="4837" durationms="33.081" usertimems="72.080" systemtimems="3.883" timestamp="2019-08-08T00:00:42.642" activeThreads="16">
  <mem-info id="4846" free="89384792" total="107347968" percent="83">
    <mem type="tenure" free="89384792" total="107347968" percent="83">
      <mem type="soa" free="88311640" total="106274816" percent="83" />
      <mem type="loa" free="1073152" total="1073152" percent="100" />
    </mem>
  </mem-info>
</gc-end>
<cycle-end id="4847" type="global" contextid="4837" timestamp="2019-08-08T00:00:42.642" />
  <attribute name="elasticGC enabled" value="1" />
  <attribute name= "numThreadsSpecified" value="16" />
  <attribute name="heapSize specified" value="107020288" />
  <attribute name="Current GC Util" value="35" />
  <attribute name= "Current Time Running" value="161564" />
  <attribute name ="GC Interval" value="0" />
  <attribute name="Target GC Util Change" value ="80.000000" />
  <attribute name="Current GC Util Change" value="35.000000"/>
  <attribute name="Current Error" value="-431.000000" />
  <attribute name="Output H" value="107321016"/>
  <attribute name="Output I" value="200"/>
  <attribute name="Output T" value="16"/>
  <attribute name= "Current Time Running" value="161564" />
  <attribute name="GC Util currently" value="35" />
  <attribute name="CPU Util currently" value="50481673252" />
<allocation-satisfied id="4848" threadId="0000000001DD0F00" bytesRequested="2008" />
<af-end id="4849" timestamp="2019-08-08T00:00:42.642" threadId="0000000001DD1888" success="true" />
<exclusive-end id="4850" timestamp="2019-08-08T00:00:42.642" durationms="33.755" />

<exclusive-start id="4851" timestamp="2019-08-08T00:00:42.786" intervalms="177.630">
  <response-info timems="0.025" idlems="0.025" threads="0" lastid="0000000001DD0F00" lastname="main" />
</exclusive-start>
<af-start id="4852" threadId="0000000001DD1888" totalBytesRequested="16" timestamp="2019-08-08T00:00:42.786" intervalms="177.610" />
<cycle-start id="4853" type="global" contextid="0" timestamp="2019-08-08T00:00:42.786" intervalms="177.611" />
<gc-start id="4854" type="global" contextid="4853" timestamp="2019-08-08T00:00:42.786">
  <mem-info id="4855" free="1073152" total="107347968" percent="0">
    <mem type="tenure" free="1073152" total="107347968" percent="0">
      <mem type="soa" free="0" total="106274816" percent="0" />
      <mem type="loa" free="1073152" total="1073152" percent="100" />
    </mem>
  </mem-info>
</gc-start>
<allocation-stats totalBytes="88315336" >
  <allocated-bytes non-tlh="0" tlh="88315336" />
  <largest-consumer threadName="main" threadId="0000000001DD0F00" bytes="88315336" />
</allocation-stats>
<gc-op id="4856" type="mark" timems="8.484" contextid="4853" timestamp="2019-08-08T00:00:42.795">
  <trace-info objectcount="596493" scancount="517481" scanbytes="13281044" />
  <finalization candidates="80" enqueued="0" />
  <ownableSynchronizers candidates="21" cleared="0" />
  <references type="soft" candidates="1849" cleared="0" enqueued="0" dynamicThreshold="26" maxThreshold="32" />
  <references type="weak" candidates="5760" cleared="0" enqueued="0" />
  <references type="phantom" candidates="97" cleared="0" enqueued="0" />
  <stringconstants candidates="13275" cleared="0"  />
</gc-op>
<gc-op id="4857" type="sweep" timems="1.547" contextid="4853" timestamp="2019-08-08T00:00:42.796" />
<mem-info id="4858" free="89452408" total="107347968" percent="83">
  <mem type="tenure" free="89452408" total="107347968" percent="83" micro-fragmented="0" macro-fragmented="0">
    <mem type="soa" free="88379256" total="106274816" percent="83" />
    <mem type="loa" free="1073152" total="1073152" percent="100" />
  </mem>
</mem-info>
<gc-op id="4859" type="compact" timems="33.276" contextid="4853" timestamp="2019-08-08T00:00:42.830">
  <compact-info movecount="461" movebytes="30152" reason="compact to aid heap contraction" />
</gc-op>
<heap-resize id="4860" type="expand" space="tenure" amount="327680" count="1" timems="0.017" reason="satisfy allocation request" timestamp="2019-08-08T00:00:42.830" />
<gc-end id="4861" type="global" contextid="4853" durationms="44.118" usertimems="87.752" systemtimems="0.000" timestamp="2019-08-08T00:00:42.830" activeThreads="16">
  <mem-info id="4862" free="89715496" total="107675648" percent="83">
    <mem type="tenure" free="89715496" total="107675648" percent="83">
      <mem type="soa" free="88639272" total="106599424" percent="83" />
      <mem type="loa" free="1076224" total="1076224" percent="100" />
    </mem>
  </mem-info>
</gc-end>
<cycle-end id="4863" type="global" contextid="4853" timestamp="2019-08-08T00:00:42.830" />
  <attribute name="elasticGC enabled" value="1" />
  <attribute name= "numThreadsSpecified" value="16" />
  <attribute name="heapSize specified" value="107347968" />
  <attribute name="Current GC Util" value="23" />
  <attribute name= "Current Time Running" value="161753" />
  <attribute name ="GC Interval" value="0" />
  <attribute name="Target GC Util Change" value ="80.000000" />
  <attribute name="Current GC Util Change" value="23.000000"/>
  <attribute name="Current Error" value="57.000000" />
  <attribute name="Output H" value="107650944"/>
  <attribute name="Output I" value="2304"/>
  <attribute name="Output T" value="16"/>
  <attribute name= "Current Time Running" value="161753" />
  <attribute name="GC Util currently" value="23" />
  <attribute name="CPU Util currently" value="34619796363" />
<allocation-satisfied id="4864" threadId="0000000001DD0F00" bytesRequested="16" />
<af-end id="4865" timestamp="2019-08-08T00:00:42.830" threadId="0000000001DD1888" success="true" />
<exclusive-end id="4866" timestamp="2019-08-08T00:00:42.830" durationms="44.459" />

<exclusive-start id="4867" timestamp="2019-08-08T00:00:42.968" intervalms="181.776">
  <response-info timems="0.020" idlems="0.020" threads="0" lastid="0000000001DD0F00" lastname="main" />
</exclusive-start>
<af-start id="4868" threadId="0000000001DD1888" totalBytesRequested="80" timestamp="2019-08-08T00:00:42.968" intervalms="181.782" />
<cycle-start id="4869" type="global" contextid="0" timestamp="2019-08-08T00:00:42.968" intervalms="181.775" />
<gc-start id="4870" type="global" contextid="4869" timestamp="2019-08-08T00:00:42.968">
  <mem-info id="4871" free="1076224" total="107675648" percent="0">
    <mem type="tenure" free="1076224" total="107675648" percent="0">
      <mem type="soa" free="0" total="106599424" percent="0" />
      <mem type="loa" free="1076224" total="1076224" percent="100" />
    </mem>
  </mem-info>
</gc-start>
<allocation-stats totalBytes="88688704" >
  <allocated-bytes non-tlh="0" tlh="88688704" />
  <largest-consumer threadName="main" threadId="0000000001DD0F00" bytes="88688704" />
</allocation-stats>
<gc-op id="4872" type="mark" timems="9.603" contextid="4869" timestamp="2019-08-08T00:00:42.977">
  <trace-info objectcount="596484" scancount="517471" scanbytes="13280724" />
  <finalization candidates="80" enqueued="0" />
  <ownableSynchronizers candidates="21" cleared="0" />
  <references type="soft" candidates="1849" cleared="0" enqueued="0" dynamicThreshold="26" maxThreshold="32" />
  <references type="weak" candidates="5760" cleared="0" enqueued="0" />
  <references type="phantom" candidates="97" cleared="0" enqueued="0" />
  <stringconstants candidates="13275" cleared="0"  />
</gc-op>
<gc-op id="4873" type="sweep" timems="1.466" contextid="4869" timestamp="2019-08-08T00:00:42.979" />
<mem-info id="4874" free="89781360" total="107675648" percent="83">
  <mem type="tenure" free="89781360" total="107675648" percent="83" micro-fragmented="0" macro-fragmented="0">
    <mem type="soa" free="88705136" total="106599424" percent="83" />
    <mem type="loa" free="1076224" total="1076224" percent="100" />
  </mem>
</mem-info>
<gc-op id="4875" type="compact" timems="21.737" contextid="4869" timestamp="2019-08-08T00:00:43.001">
  <compact-info movecount="2" movebytes="96" reason="compact to aid heap contraction" />
</gc-op>
<heap-resize id="4876" type="expand" space="tenure" amount="327680" count="1" timems="0.022" reason="satisfy allocation request" timestamp="2019-08-08T00:00:43.001" />
<gc-end id="4877" type="global" contextid="4869" durationms="33.369" usertimems="74.199" systemtimems="0.000" timestamp="2019-08-08T00:00:43.001" activeThreads="16">
  <mem-info id="4878" free="90043504" total="108003328" percent="83">
    <mem type="tenure" free="90043504" total="108003328" percent="83">
      <mem type="soa" free="88964208" total="106924032" percent="83" />
      <mem type="loa" free="1079296" total="1079296" percent="100" />
    </mem>
  </mem-info>
</gc-end>
<cycle-end id="4879" type="global" contextid="4869" timestamp="2019-08-08T00:00:43.001" />
  <attribute name="elasticGC enabled" value="1" />
  <attribute name= "numThreadsSpecified" value="16" />
  <attribute name="heapSize specified" value="107675648" />
  <attribute name="Current GC Util" value="32" />
  <attribute name= "Current Time Running" value="161924" />
  <attribute name ="GC Interval" value="0" />
  <attribute name="Target GC Util Change" value ="80.000000" />
  <attribute name="Current GC Util Change" value="32.000000"/>
  <attribute name="Current Error" value="-250.000000" />
  <attribute name="Output H" value="107977208"/>
  <attribute name="Output I" value="712"/>
  <attribute name="Output T" value="16"/>
  <attribute name= "Current Time Running" value="161924" />
  <attribute name="GC Util currently" value="32" />
  <attribute name="CPU Util currently" value="52918321098" />
<allocation-satisfied id="4880" threadId="0000000001DD0F00" bytesRequested="80" />
<af-end id="4881" timestamp="2019-08-08T00:00:43.001" threadId="0000000001DD1888" success="true" />
<exclusive-end id="4882" timestamp="2019-08-08T00:00:43.001" durationms="33.625" />

<exclusive-start id="4883" timestamp="2019-08-08T00:00:43.137" intervalms="169.348">
  <response-info timems="0.016" idlems="0.016" threads="0" lastid="0000000001DD0F00" lastname="main" />
</exclusive-start>
<af-start id="4884" threadId="0000000001DD1888" totalBytesRequested="544" timestamp="2019-08-08T00:00:43.137" intervalms="169.333" />
<cycle-start id="4885" type="global" contextid="0" timestamp="2019-08-08T00:00:43.137" intervalms="169.330" />
<gc-start id="4886" type="global" contextid="4885" timestamp="2019-08-08T00:00:43.137">
  <mem-info id="4887" free="1079296" total="108003328" percent="0">
    <mem type="tenure" free="1079296" total="108003328" percent="0">
      <mem type="soa" free="0" total="106924032" percent="0" />
      <mem type="loa" free="1079296" total="1079296" percent="100" />
    </mem>
  </mem-info>
</gc-start>
<allocation-stats totalBytes="89009904" >
  <allocated-bytes non-tlh="0" tlh="89009904" />
  <largest-consumer threadName="main" threadId="0000000001DD0F00" bytes="89009904" />
</allocation-stats>
<gc-op id="4888" type="mark" timems="8.488" contextid="4885" timestamp="2019-08-08T00:00:43.146">
  <trace-info objectcount="596486" scancount="517472" scanbytes="13280680" />
  <finalization candidates="80" enqueued="0" />
  <ownableSynchronizers candidates="21" cleared="0" />
  <references type="soft" candidates="1849" cleared="0" enqueued="0" dynamicThreshold="26" maxThreshold="32" />
  <references type="weak" candidates="5760" cleared="0" enqueued="0" />
  <references type="phantom" candidates="97" cleared="0" enqueued="0" />
  <stringconstants candidates="13275" cleared="0"  />
</gc-op>
<gc-op id="4889" type="sweep" timems="1.462" contextid="4885" timestamp="2019-08-08T00:00:43.147" />
<mem-info id="4890" free="90107816" total="108003328" percent="83">
  <mem type="tenure" free="90107816" total="108003328" percent="83" micro-fragmented="0" macro-fragmented="0">
    <mem type="soa" free="89028520" total="106924032" percent="83" />
    <mem type="loa" free="1079296" total="1079296" percent="100" />
  </mem>
</mem-info>
<gc-op id="4891" type="compact" timems="23.243" contextid="4885" timestamp="2019-08-08T00:00:43.170">
  <compact-info movecount="190" movebytes="5384" reason="compact to aid heap contraction" />
</gc-op>
<heap-resize id="4892" type="expand" space="tenure" amount="327680" count="1" timems="0.019" reason="satisfy allocation request" timestamp="2019-08-08T00:00:43.171" />
<gc-end id="4893" type="global" contextid="4885" durationms="34.111" usertimems="79.992" systemtimems="0.000" timestamp="2019-08-08T00:00:43.171" activeThreads="16">
  <mem-info id="4894" free="90370648" total="108331008" percent="83">
    <mem type="tenure" free="90370648" total="108331008" percent="83">
      <mem type="soa" free="89288280" total="107248640" percent="83" />
      <mem type="loa" free="1082368" total="1082368" percent="100" />
    </mem>
  </mem-info>
</gc-end>
<cycle-end id="4895" type="global" contextid="4885" timestamp="2019-08-08T00:00:43.171" />
  <attribute name="elasticGC enabled" value="1" />
  <attribute name= "numThreadsSpecified" value="16" />
  <attribute name="heapSize specified" value="108003328" />
  <attribute name="Current GC Util" value="36" />
  <attribute name= "Current Time Running" value="162093" />
  <attribute name ="GC Interval" value="0" />
  <attribute name="Target GC Util Change" value ="80.000000" />
  <attribute name="Current GC Util Change" value="36.000000"/>
  <attribute name="Current Error" value="-431.000000" />
  <attribute name="Output H" value="108304056"/>
  <attribute name="Output I" value="200"/>
  <attribute name="Output T" value="16"/>
  <attribute name= "Current Time Running" value="162093" />
  <attribute name="GC Util currently" value="36" />
  <attribute name="CPU Util currently" value="49528833982" />
<allocation-satisfied id="4896" threadId="0000000001DD0F00" bytesRequested="544" />
<af-end id="4897" timestamp="2019-08-08T00:00:43.171" threadId="0000000001DD1888" success="true" />
<exclusive-end id="4898" timestamp="2019-08-08T00:00:43.171" durationms="34.298" />

<exclusive-start id="4899" timestamp="2019-08-08T00:00:43.186" intervalms="48.889">
  <response-info timems="0.023" idlems="0.023" threads="0" lastid="0000000001DD0F00" lastname="main" />
</exclusive-start>
<af-start id="4900" threadId="0000000001DD1888" totalBytesRequested="544" timestamp="2019-08-08T00:00:43.186" intervalms="48.893" />
<cycle-start id="4901" type="global" contextid="0" timestamp="2019-08-08T00:00:43.186" intervalms="48.893" />
<gc-start id="4902" type="global" contextid="4901" timestamp="2019-08-08T00:00:43.186">
  <mem-info id="4903" free="1082368" total="108331008" percent="0">
    <mem type="tenure" free="1082368" total="108331008" percent="0">
      <mem type="soa" free="0" total="107248640" percent="0" />
      <mem type="loa" free="1082368" total="1082368" percent="100" />
    </mem>
  </mem-info>
</gc-start>
<allocation-stats totalBytes="89228560" >
  <allocated-bytes non-tlh="0" tlh="89228560" />
  <largest-consumer threadName="main" threadId="0000000001DD0F00" bytes="89228560" />
</allocation-stats>
<gc-op id="4904" type="mark" timems="7.651" contextid="4901" timestamp="2019-08-08T00:00:43.194">
  <trace-info objectcount="596487" scancount="517475" scanbytes="13280704" />
  <finalization candidates="80" enqueued="0" />
  <ownableSynchronizers candidates="21" cleared="0" />
  <references type="soft" candidates="1849" cleared="0" enqueued="0" dynamicThreshold="26" maxThreshold="32" />
  <references type="weak" candidates="5760" cleared="0" enqueued="0" />
  <references type="phantom" candidates="97" cleared="0" enqueued="0" />
  <stringconstants candidates="13275" cleared="0"  />
</gc-op>
<gc-op id="4905" type="sweep" timems="1.446" contextid="4901" timestamp="2019-08-08T00:00:43.195" />
<mem-info id="4906" free="90435888" total="108331008" percent="83">
  <mem type="tenure" free="90435888" total="108331008" percent="83" micro-fragmented="0" macro-fragmented="0">
    <mem type="soa" free="89353520" total="107248640" percent="83" />
    <mem type="loa" free="1082368" total="1082368" percent="100" />
  </mem>
</mem-info>
<gc-op id="4907" type="compact" timems="37.136" contextid="4901" timestamp="2019-08-08T00:00:43.232">
  <compact-info movecount="24" movebytes="1304" reason="compact to aid heap contraction" />
</gc-op>
<heap-resize id="4908" type="expand" space="tenure" amount="327680" count="1" timems="0.021" reason="satisfy allocation request" timestamp="2019-08-08T00:00:43.234" />
<gc-end id="4909" type="global" contextid="4901" durationms="48.336" usertimems="89.882" systemtimems="0.000" timestamp="2019-08-08T00:00:43.234" activeThreads="16">
  <mem-info id="4910" free="90698304" total="108658688" percent="83">
    <mem type="tenure" free="90698304" total="108658688" percent="83">
      <mem type="soa" free="89611840" total="107572224" percent="83" />
      <mem type="loa" free="1086464" total="1086464" percent="100" />
    </mem>
  </mem-info>
</gc-end>
<cycle-end id="4911" type="global" contextid="4901" timestamp="2019-08-08T00:00:43.234" />
  <attribute name="elasticGC enabled" value="1" />
  <attribute name= "numThreadsSpecified" value="16" />
  <attribute name="heapSize specified" value="108331008" />
  <attribute name="Current GC Util" value="27" />
  <attribute name= "Current Time Running" value="162155" />
  <attribute name ="GC Interval" value="0" />
  <attribute name="Target GC Util Change" value ="80.000000" />
  <attribute name="Current GC Util Change" value="27.000000"/>
  <attribute name="Current Error" value="53.000000" />
  <attribute name="Output H" value="108633968"/>
  <attribute name="Output I" value="2288"/>
  <attribute name="Output T" value="16"/>
  <attribute name= "Current Time Running" value="162155" />
  <attribute name="GC Util currently" value="27" />
  <attribute name="CPU Util currently" value="31020322147" />
<allocation-satisfied id="4912" threadId="0000000001DD0F00" bytesRequested="544" />
<af-end id="4913" timestamp="2019-08-08T00:00:43.235" threadId="0000000001DD1888" success="true" />
<exclusive-end id="4914" timestamp="2019-08-08T00:00:43.235" durationms="48.648" />

<exclusive-start id="4915" timestamp="2019-08-08T00:00:43.249" intervalms="63.458">
  <response-info timems="0.024" idlems="0.024" threads="0" lastid="0000000001DD0F00" lastname="main" />
</exclusive-start>
<af-start id="4916" threadId="0000000001DD1888" totalBytesRequested="488" timestamp="2019-08-08T00:00:43.249" intervalms="63.461" />
<cycle-start id="4917" type="global" contextid="0" timestamp="2019-08-08T00:00:43.249" intervalms="63.464" />
<gc-start id="4918" type="global" contextid="4917" timestamp="2019-08-08T00:00:43.249">
  <mem-info id="4919" free="1086464" total="108658688" percent="0">
    <mem type="tenure" free="1086464" total="108658688" percent="0">
      <mem type="soa" free="0" total="107572224" percent="0" />
      <mem type="loa" free="1086464" total="1086464" percent="100" />
    </mem>
  </mem-info>
</gc-start>
<allocation-stats totalBytes="89553696" >
  <allocated-bytes non-tlh="0" tlh="89553696" />
  <largest-consumer threadName="main" threadId="0000000001DD0F00" bytes="89553696" />
</allocation-stats>
<gc-op id="4920" type="mark" timems="7.592" contextid="4917" timestamp="2019-08-08T00:00:43.257">
  <trace-info objectcount="596487" scancount="517472" scanbytes="13280704" />
  <finalization candidates="80" enqueued="0" />
  <ownableSynchronizers candidates="21" cleared="0" />
  <references type="soft" candidates="1849" cleared="0" enqueued="0" dynamicThreshold="26" maxThreshold="32" />
  <references type="weak" candidates="5760" cleared="0" enqueued="0" />
  <references type="phantom" candidates="97" cleared="0" enqueued="0" />
  <stringconstants candidates="13275" cleared="0"  />
</gc-op>
<gc-op id="4921" type="sweep" timems="1.984" contextid="4917" timestamp="2019-08-08T00:00:43.259" />
<mem-info id="4922" free="90763432" total="108658688" percent="83">
  <mem type="tenure" free="90763432" total="108658688" percent="83" micro-fragmented="0" macro-fragmented="0">
    <mem type="soa" free="89676968" total="107572224" percent="83" />
    <mem type="loa" free="1086464" total="1086464" percent="100" />
  </mem>
</mem-info>
<gc-op id="4923" type="compact" timems="28.896" contextid="4917" timestamp="2019-08-08T00:00:43.288">
  <compact-info movecount="24" movebytes="1304" reason="compact to aid heap contraction" />
</gc-op>
<heap-resize id="4924" type="expand" space="tenure" amount="327680" count="1" timems="0.018" reason="satisfy allocation request" timestamp="2019-08-08T00:00:43.289" />
<gc-end id="4925" type="global" contextid="4917" durationms="39.175" usertimems="82.018" systemtimems="0.526" timestamp="2019-08-08T00:00:43.289" activeThreads="16">
  <mem-info id="4926" free="91025984" total="108986368" percent="83">
    <mem type="tenure" free="91025984" total="108986368" percent="83">
      <mem type="soa" free="89936448" total="107896832" percent="83" />
      <mem type="loa" free="1089536" total="1089536" percent="100" />
    </mem>
  </mem-info>
</gc-end>
<cycle-end id="4927" type="global" contextid="4917" timestamp="2019-08-08T00:00:43.289" />
  <attribute name="elasticGC enabled" value="1" />
  <attribute name= "numThreadsSpecified" value="16" />
  <attribute name="heapSize specified" value="108658688" />
  <attribute name="Current GC Util" value="48" />
  <attribute name= "Current Time Running" value="162211" />
  <attribute name ="GC Interval" value="0" />
  <attribute name="Target GC Util Change" value ="80.000000" />
  <attribute name="Current GC Util Change" value="48.000000"/>
  <attribute name="Current Error" value="-541.000000" />
  <attribute name="Output H" value="108958904"/>
  <attribute name="Output I" value="200"/>
  <attribute name="Output T" value="16"/>
  <attribute name= "Current Time Running" value="162211" />
  <attribute name="GC Util currently" value="48" />
  <attribute name="CPU Util currently" value="39869337922" />
<allocation-satisfied id="4928" threadId="0000000001DD0F00" bytesRequested="488" />
<af-end id="4929" timestamp="2019-08-08T00:00:43.289" threadId="0000000001DD1888" success="true" />
<exclusive-end id="4930" timestamp="2019-08-08T00:00:43.289" durationms="39.387" />

* Round 4 done in 3.918 seconds.

-------------------------------------------------------------------------------
Benchmark: 2019-08-08 00:00:07
-------------------------------------------------------------------------------

    Rounds: 4
    Warp:   10
    Timer:  time.time

Test                             minimum  average  operation  overhead
-------------------------------------------------------------------------------
          BuiltinFunctionCalls:     14ms    181ms    0.35us    0.000ms
           BuiltinMethodLookup:     39ms    147ms    0.14us    0.000ms
                 CompareFloats:     15ms    137ms    0.11us    0.000ms
         CompareFloatsIntegers:     21ms     95ms    0.11us    0.000ms
               CompareIntegers:     22ms     71ms    0.04us    0.000ms
        CompareInternedStrings:     33ms    143ms    0.10us    0.000ms
                  CompareLongs:     15ms     46ms    0.04us    0.000ms
                CompareStrings:     26ms     65ms    0.07us    0.000ms
                CompareUnicode:     21ms     54ms    0.07us    0.000ms
                 ConcatStrings:    504ms    950ms    1.90us    0.000ms
                 ConcatUnicode:    323ms    500ms    1.67us    0.000ms
               CreateInstances:     39ms    120ms    1.07us    0.000ms
            CreateNewInstances:    192ms    254ms    3.03us    0.000ms
       CreateStringsWithConcat:    142ms    344ms    0.34us    0.000ms
       CreateUnicodeWithConcat:    139ms    181ms    0.45us    0.000ms
                  DictCreation:     73ms    161ms    0.40us    0.000ms
             DictWithFloatKeys:     15ms    117ms    0.13us    0.000ms
           DictWithIntegerKeys:     18ms     73ms    0.06us    0.000ms
            DictWithStringKeys:     19ms     69ms    0.06us    0.000ms
                      ForLoops:     69ms    163ms    6.50us    0.000ms
                    IfThenElse:     19ms     89ms    0.07us    0.000ms
                   ListSlicing:      8ms     87ms    6.20us    0.000ms
                NestedForLoops:     96ms    134ms    0.09us    0.000ms
          NormalClassAttribute:     23ms    133ms    0.11us    0.000ms
       NormalInstanceAttribute:     22ms     72ms    0.06us    0.000ms
           PythonFunctionCalls:     22ms    153ms    0.46us    0.000ms
             PythonMethodCalls:     29ms    118ms    0.52us    0.000ms
                     Recursion:     40ms    208ms    4.17us    0.000ms
                  SecondImport:     32ms    137ms    1.37us    0.000ms
           SecondPackageImport:     33ms     77ms    0.77us    0.000ms
         SecondSubmoduleImport:     54ms    123ms    1.23us    0.000ms
       SimpleComplexArithmetic:     49ms    114ms    0.13us    0.000ms
        SimpleDictManipulation:     25ms    108ms    0.09us    0.000ms
         SimpleFloatArithmetic:     17ms    166ms    0.13us    0.000ms
      SimpleIntFloatArithmetic:     18ms    115ms    0.09us    0.000ms
       SimpleIntegerArithmetic:     17ms    101ms    0.08us    0.000ms
        SimpleListManipulation:     30ms    136ms    0.12us    0.000ms
          SimpleLongArithmetic:     66ms    156ms    0.24us    0.000ms
                    SmallLists:     40ms    120ms    0.18us    0.000ms
                   SmallTuples:     85ms    219ms    0.41us    0.000ms
         SpecialClassAttribute:     23ms     76ms    0.06us    0.000ms
      SpecialInstanceAttribute:     22ms     82ms    0.07us    0.000ms
                StringMappings:    107ms    330ms    1.31us    0.000ms
              StringPredicates:     37ms    150ms    0.21us    0.000ms
                 StringSlicing:    155ms    281ms    0.50us    0.000ms
                     TryExcept:      2ms     54ms    0.02us    0.000ms
                TryRaiseExcept:     78ms    159ms    2.48us    0.000ms
                  TupleSlicing:     56ms     94ms    0.36us    0.000ms
               UnicodeMappings:    139ms    280ms    7.78us    0.000ms
             UnicodePredicates:     45ms    168ms    0.31us    0.000ms
             UnicodeProperties:    394ms    612ms    1.53us    0.000ms
                UnicodeSlicing:    118ms    191ms    0.39us    0.000ms
-------------------------------------------------------------------------------
Totals:                           3640ms   8913ms

===== DaCapo 9.12-MR1 jython PASSED in 40951 msec =====
<exclusive-start id="4931" timestamp="2019-08-08T00:00:43.524" intervalms="274.738">
  <response-info timems="0.344" idlems="0.344" threads="0" lastid="0000000001DD0F00" lastname="main" />
</exclusive-start>
<af-start id="4932" threadId="0000000001DD1888" totalBytesRequested="48024" timestamp="2019-08-08T00:00:43.524" intervalms="274.770" />
<cycle-start id="4933" type="global" contextid="0" timestamp="2019-08-08T00:00:43.524" intervalms="274.788" />
<gc-start id="4934" type="global" contextid="4933" timestamp="2019-08-08T00:00:43.524">
  <mem-info id="4935" free="1089536" total="108986368" percent="0">
    <mem type="tenure" free="1089536" total="108986368" percent="0">
      <mem type="soa" free="0" total="107896832" percent="0" />
      <mem type="loa" free="1089536" total="1089536" percent="100" />
    </mem>
  </mem-info>
</gc-start>
<allocation-stats totalBytes="79532880" >
  <allocated-bytes non-tlh="12353880" tlh="67179000" />
  <largest-consumer threadName="main" threadId="0000000001DD0F00" bytes="79532880" />
</allocation-stats>
<gc-op id="4936" type="mark" timems="33.087" contextid="4933" timestamp="2019-08-08T00:00:43.557">
  <trace-info objectcount="599282" scancount="518976" scanbytes="13325360" />
  <finalization candidates="81" enqueued="1" />
  <ownableSynchronizers candidates="24" cleared="3" />
  <references type="soft" candidates="1871" cleared="11" enqueued="11" dynamicThreshold="26" maxThreshold="32" />
  <references type="weak" candidates="5833" cleared="60" enqueued="60" />
  <references type="phantom" candidates="133" cleared="11" enqueued="11" />
  <stringconstants candidates="13694" cleared="0"  />
</gc-op>
<gc-op id="4937" type="sweep" timems="3.138" contextid="4933" timestamp="2019-08-08T00:00:43.561" />
<mem-info id="4938" free="90205616" total="108986368" percent="82">
  <mem type="tenure" free="90205616" total="108986368" percent="82" micro-fragmented="202762" macro-fragmented="0">
    <mem type="soa" free="89116080" total="107896832" percent="82" />
    <mem type="loa" free="1089536" total="1089536" percent="100" />
  </mem>
  <pending-finalizers system="1" default="0" reference="82" classloader="0" />
</mem-info>
<gc-op id="4939" type="compact" timems="185.511" contextid="4933" timestamp="2019-08-08T00:00:43.747">
  <compact-info movecount="586908" movebytes="18027272" reason="compact to aid heap contraction" />
</gc-op>
<heap-resize id="4940" type="expand" space="tenure" amount="327680" count="1" timems="0.030" reason="satisfy allocation request" timestamp="2019-08-08T00:00:43.748" />
<gc-end id="4941" type="global" contextid="4933" durationms="223.566" usertimems="320.521" systemtimems="46.053" timestamp="2019-08-08T00:00:43.748" activeThreads="16">
  <mem-info id="4942" free="90707496" total="109314048" percent="82">
    <mem type="tenure" free="90707496" total="109314048" percent="82">
      <mem type="soa" free="89614888" total="108221440" percent="82" />
      <mem type="loa" free="1092608" total="1092608" percent="100" />
    </mem>
    <pending-finalizers system="1" default="0" reference="82" classloader="0" />
  </mem-info>
</gc-end>
<cycle-end id="4943" type="global" contextid="4933" timestamp="2019-08-08T00:00:43.748" />
  <attribute name="elasticGC enabled" value="1" />
  <attribute name= "numThreadsSpecified" value="16" />
  <attribute name="heapSize specified" value="108986368" />
  <attribute name="Current GC Util" value="9" />
  <attribute name= "Current Time Running" value="162670" />
  <attribute name ="GC Interval" value="0" />
  <attribute name="Target GC Util Change" value ="80.000000" />
  <attribute name="Current GC Util Change" value="9.000000"/>
  <attribute name="Current Error" value="-234.000000" />
  <attribute name="Output H" value="109288000"/>
  <attribute name="Output I" value="800"/>
  <attribute name="Output T" value="16"/>
  <attribute name= "Current Time Running" value="162670" />
  <attribute name="GC Util currently" value="9" />
  <attribute name="CPU Util currently" value="6213940326" />
<allocation-satisfied id="4944" threadId="0000000001DD0F00" bytesRequested="48024" />
<af-end id="4945" timestamp="2019-08-08T00:00:43.748" threadId="0000000001DD1888" success="true" />
<exclusive-end id="4946" timestamp="2019-08-08T00:00:43.748" durationms="224.077" />

<exclusive-start id="4947" timestamp="2019-08-08T00:00:43.756" intervalms="232.294">
  <response-info timems="0.112" idlems="0.112" threads="0" lastid="0000000001DD0F00" lastname="main" />
</exclusive-start>
<af-start id="4948" threadId="0000000001DD1888" totalBytesRequested="144968" timestamp="2019-08-08T00:00:43.756" intervalms="232.266" />
<cycle-start id="4949" type="global" contextid="0" timestamp="2019-08-08T00:00:43.756" intervalms="232.255" />
<gc-start id="4950" type="global" contextid="4949" timestamp="2019-08-08T00:00:43.757">
  <mem-info id="4951" free="8032" total="109314048" percent="0">
    <mem type="tenure" free="8032" total="109314048" percent="0">
      <mem type="soa" free="8032" total="108221440" percent="0" />
      <mem type="loa" free="0" total="1092608" percent="0" />
    </mem>
  </mem-info>
</gc-start>
<allocation-stats totalBytes="86583752" >
  <allocated-bytes non-tlh="58127440" tlh="28456312" />
  <largest-consumer threadName="main" threadId="0000000001DD0F00" bytes="86579656" />
</allocation-stats>
<heap-resize id="4952" type="loa expand" space="tenure" amount="1093632" count="1" timems="0.000" reason="expand on failed allocate" timestamp="2019-08-08T00:00:43.757" />
<gc-op id="4953" type="mark" timems="10.689" contextid="4949" timestamp="2019-08-08T00:00:43.767">
  <trace-info objectcount="599021" scancount="518759" scanbytes="13319620" />
  <finalization candidates="80" enqueued="0" />
  <ownableSynchronizers candidates="21" cleared="0" />
  <references type="soft" candidates="1862" cleared="0" enqueued="0" dynamicThreshold="26" maxThreshold="32" />
  <references type="weak" candidates="5771" cleared="0" enqueued="0" />
  <references type="phantom" candidates="121" cleared="0" enqueued="0" />
  <stringconstants candidates="13694" cleared="1"  />
</gc-op>
<gc-op id="4954" type="sweep" timems="1.980" contextid="4949" timestamp="2019-08-08T00:00:43.769" />
<mem-info id="4955" free="90875040" total="109314048" percent="83">
  <mem type="tenure" free="90875040" total="109314048" percent="83" micro-fragmented="0" macro-fragmented="0">
    <mem type="soa" free="88768400" total="107127808" percent="82" />
    <mem type="loa" free="2106640" total="2186240" percent="96" />
  </mem>
</mem-info>
<gc-op id="4956" type="compact" timems="156.370" contextid="4949" timestamp="2019-08-08T00:00:43.926">
  <compact-info movecount="580431" movebytes="16830248" reason="compact to aid heap contraction" />
</gc-op>
<heap-resize id="4957" type="expand" space="tenure" amount="327680" count="1" timems="0.020" reason="satisfy allocation request" timestamp="2019-08-08T00:00:43.926" />
<gc-end id="4958" type="global" contextid="4949" durationms="169.820" usertimems="206.710" systemtimems="20.594" timestamp="2019-08-08T00:00:43.926" activeThreads="16">
  <mem-info id="4959" free="91064064" total="109641728" percent="83">
    <mem type="tenure" free="91064064" total="109641728" percent="83">
      <mem type="soa" free="88951280" total="107449344" percent="82" />
      <mem type="loa" free="2112784" total="2192384" percent="96" />
    </mem>
  </mem-info>
</gc-end>
<cycle-end id="4960" type="global" contextid="4949" timestamp="2019-08-08T00:00:43.926" />
  <attribute name="elasticGC enabled" value="1" />
  <attribute name= "numThreadsSpecified" value="16" />
  <attribute name="heapSize specified" value="109314048" />
  <attribute name="Current GC Util" value="10" />
  <attribute name= "Current Time Running" value="162849" />
  <attribute name ="GC Interval" value="0" />
  <attribute name="Target GC Util Change" value ="80.000000" />
  <attribute name="Current GC Util Change" value="10.000000"/>
  <attribute name="Current Error" value="70.000000" />
  <attribute name="Output H" value="109617088"/>
  <attribute name="Output I" value="2376"/>
  <attribute name="Output T" value="16"/>
  <attribute name= "Current Time Running" value="162849" />
  <attribute name="GC Util currently" value="10" />
  <attribute name="CPU Util currently" value="7371228188" />
<allocation-satisfied id="4961" threadId="0000000001DD0F00" bytesRequested="144968" />
<af-end id="4962" timestamp="2019-08-08T00:00:43.926" threadId="0000000001DD1888" success="true" />
<exclusive-end id="4963" timestamp="2019-08-08T00:00:43.926" durationms="170.029" />

<exclusive-start id="4964" timestamp="2019-08-08T00:00:43.927" intervalms="170.538">
  <response-info timems="0.149" idlems="0.149" threads="0" lastid="0000000001DD0F00" lastname="main" />
</exclusive-start>
<sys-start reason="explicit" id="4965" timestamp="2019-08-08T00:00:43.927" intervalms="41614.841" />
<cycle-start id="4966" type="global" contextid="0" timestamp="2019-08-08T00:00:43.927" intervalms="170.499" />
<gc-start id="4967" type="global" contextid="4966" timestamp="2019-08-08T00:00:43.927">
  <mem-info id="4968" free="87422752" total="109641728" percent="79">
    <mem type="tenure" free="87422752" total="109641728" percent="79">
      <mem type="soa" free="85309968" total="107449344" percent="79" />
      <mem type="loa" free="2112784" total="2192384" percent="96" />
    </mem>
  </mem-info>
</gc-start>
<allocation-stats totalBytes="3786280" >
  <allocated-bytes non-tlh="3720744" tlh="65536" />
  <largest-consumer threadName="main" threadId="0000000001DD0F00" bytes="3786280" />
</allocation-stats>
<gc-op id="4969" type="mark" timems="13.091" contextid="4966" timestamp="2019-08-08T00:00:43.940">
  <trace-info objectcount="597294" scancount="517583" scanbytes="13292068" />
  <finalization candidates="80" enqueued="0" />
  <ownableSynchronizers candidates="21" cleared="0" />
  <references type="soft" candidates="1862" cleared="0" enqueued="0" dynamicThreshold="26" maxThreshold="32" />
  <references type="weak" candidates="5771" cleared="0" enqueued="0" />
  <references type="phantom" candidates="121" cleared="0" enqueued="0" />
  <stringconstants candidates="13693" cleared="3"  />
</gc-op>
<gc-op id="4970" type="classunload" timems="0.536" contextid="4966" timestamp="2019-08-08T00:00:43.941">
  <classunload-info classloadercandidates="56" classloadersunloaded="2" classesunloaded="2" anonymousclassesunloaded="0" quiescems="0.117" setupms="0.514" scanms="0.017" postms="0.005" />
</gc-op>
<gc-op id="4971" type="sweep" timems="1.361" contextid="4966" timestamp="2019-08-08T00:00:43.942" />
<mem-info id="4972" free="91318672" total="109641728" percent="83">
  <mem type="tenure" free="91318672" total="109641728" percent="83" micro-fragmented="0" macro-fragmented="0">
    <mem type="soa" free="89126288" total="107449344" percent="82" />
    <mem type="loa" free="2192384" total="2192384" percent="100" />
  </mem>
</mem-info>
<gc-op id="4973" type="compact" timems="116.158" contextid="4966" timestamp="2019-08-08T00:00:44.059">
  <compact-info movecount="511064" movebytes="13546584" reason="compact to aid heap contraction" />
</gc-op>
<heap-resize id="4974" type="expand" space="tenure" amount="262144" count="1" timems="0.016" reason="satisfy allocation request" timestamp="2019-08-08T00:00:44.059" />
<gc-end id="4975" type="global" contextid="4966" durationms="132.521" usertimems="182.661" systemtimems="0.957" timestamp="2019-08-08T00:00:44.060" activeThreads="16">
  <mem-info id="4976" free="91582344" total="109903872" percent="83">
    <mem type="tenure" free="91582344" total="109903872" percent="83">
      <mem type="soa" free="89384840" total="107706368" percent="82" />
      <mem type="loa" free="2197504" total="2197504" percent="100" />
    </mem>
  </mem-info>
</gc-end>
<cycle-end id="4977" type="global" contextid="4966" timestamp="2019-08-08T00:00:44.060" />
  <attribute name="elasticGC enabled" value="1" />
  <attribute name= "numThreadsSpecified" value="16" />
  <attribute name="heapSize specified" value="109641728" />
  <attribute name="Current GC Util" value="8" />
  <attribute name= "Current Time Running" value="162982" />
  <attribute name ="GC Interval" value="0" />
  <attribute name="Target GC Util Change" value ="80.000000" />
  <attribute name="Current GC Util Change" value="8.000000"/>
  <attribute name="Current Error" value="-11930.000000" />
  <attribute name="Output H" value="109889336"/>
  <attribute name="Output I" value="200"/>
  <attribute name="Output T" value="16"/>
  <attribute name= "Current Time Running" value="162982" />
  <attribute name="GC Util currently" value="8" />
  <attribute name="CPU Util currently" value="9920827916" />
<sys-end id="4978" timestamp="2019-08-08T00:00:44.060" />
<exclusive-end id="4979" timestamp="2019-08-08T00:00:44.060" durationms="132.692" />

===== DaCapo 9.12-MR1 pmd starting =====
<warning details="slow exclusive request due to Exclusive Access" threadname="PmdThread 8" timems="79" />
<exclusive-start id="4980" timestamp="2019-08-08T00:00:46.886" intervalms="2959.004">
  <response-info timems="42.156" idlems="16.063" threads="3" lastid="00000000020D9200" lastname="PmdThread 2" />
</exclusive-start>
<af-start id="4981" threadId="000000000210AA88" totalBytesRequested="40" timestamp="2019-08-08T00:00:46.886" intervalms="3129.566" />
<cycle-start id="4982" type="global" contextid="0" timestamp="2019-08-08T00:00:46.886" intervalms="2959.083" />
<gc-start id="4983" type="global" contextid="4982" timestamp="2019-08-08T00:00:46.886">
  <mem-info id="4984" free="2197504" total="109903872" percent="1">
    <mem type="tenure" free="2197504" total="109903872" percent="1">
      <mem type="soa" free="0" total="107706368" percent="0" />
      <mem type="loa" free="2197504" total="2197504" percent="100" />
    </mem>
  </mem-info>
</gc-start>
<allocation-stats totalBytes="89288808" >
  <allocated-bytes non-tlh="600760" tlh="88688048" />
  <largest-consumer threadName="main" threadId="0000000001DD0F00" bytes="8627128" />
</allocation-stats>
<gc-op id="4985" type="mark" timems="34.837" contextid="4982" timestamp="2019-08-08T00:00:46.921">
  <trace-info objectcount="801395" scancount="699616" scanbytes="18680912" />
  <finalization candidates="83" enqueued="0" />
  <ownableSynchronizers candidates="40" cleared="0" />
  <references type="soft" candidates="2004" cleared="0" enqueued="0" dynamicThreshold="26" maxThreshold="32" />
  <references type="weak" candidates="7118" cleared="1129" enqueued="1053" />
  <references type="phantom" candidates="373" cleared="124" enqueued="124" />
  <stringconstants candidates="15186" cleared="4"  />
</gc-op>
<gc-op id="4986" type="sweep" timems="4.907" contextid="4982" timestamp="2019-08-08T00:00:46.926" />
<mem-info id="4987" free="70969112" total="109903872" percent="64">
  <mem type="tenure" free="70969112" total="109903872" percent="64" micro-fragmented="8574820" macro-fragmented="5140623">
    <mem type="soa" free="68771608" total="107706368" percent="63" />
    <mem type="loa" free="2197504" total="2197504" percent="100" />
  </mem>
  <pending-finalizers system="0" default="0" reference="1177" classloader="0" />
</mem-info>
<gc-op id="4988" type="compact" timems="172.094" contextid="4982" timestamp="2019-08-08T00:00:47.098">
  <compact-info movecount="785976" movebytes="27584528" reason="compact to aid heap contraction" />
</gc-op>
<heap-resize id="4989" type="expand" space="tenure" amount="327680" count="1" timems="0.027" reason="satisfy allocation request" timestamp="2019-08-08T00:00:47.100" />
<gc-end id="4990" type="global" contextid="4982" durationms="213.475" usertimems="318.703" systemtimems="0.000" timestamp="2019-08-08T00:00:47.100" activeThreads="16">
  <mem-info id="4991" free="81897464" total="110231552" percent="74">
    <mem type="tenure" free="81897464" total="110231552" percent="74">
      <mem type="soa" free="79693816" total="108027904" percent="73" />
      <mem type="loa" free="2203648" total="2203648" percent="100" />
    </mem>
    <pending-finalizers system="0" default="0" reference="1177" classloader="0" />
  </mem-info>
</gc-end>
<cycle-end id="4992" type="global" contextid="4982" timestamp="2019-08-08T00:00:47.100" />
  <attribute name="elasticGC enabled" value="1" />
  <attribute name= "numThreadsSpecified" value="16" />
  <attribute name="heapSize specified" value="109903872" />
  <attribute name="Current GC Util" value="28" />
  <attribute name= "Current Time Running" value="166021" />
  <attribute name ="GC Interval" value="0" />
  <attribute name="Target GC Util Change" value ="80.000000" />
  <attribute name="Current GC Util Change" value="28.000000"/>
  <attribute name="Current Error" value="-140.000000" />
  <attribute name="Output H" value="110205944"/>
  <attribute name="Output I" value="1288"/>
  <attribute name="Output T" value="16"/>
  <attribute name= "Current Time Running" value="166021" />
  <attribute name="GC Util currently" value="28" />
  <attribute name="CPU Util currently" value="6697330124" />
<allocation-satisfied id="4993" threadId="000000000210A100" bytesRequested="40" />
<af-end id="4994" timestamp="2019-08-08T00:00:47.100" threadId="000000000210AA88" success="true" />
<exclusive-end id="4995" timestamp="2019-08-08T00:00:47.100" durationms="214.052" />

<exclusive-start id="4996" timestamp="2019-08-08T00:00:48.729" intervalms="1843.103">
  <response-info timems="9.944" idlems="3.473" threads="2" lastid="0000000001DD8700" lastname="JIT Compilation Thread-1" />
</exclusive-start>
<af-start id="4997" threadId="00000000020FF788" totalBytesRequested="3008" timestamp="2019-08-08T00:00:48.729" intervalms="1843.079" />
<cycle-start id="4998" type="global" contextid="0" timestamp="2019-08-08T00:00:48.729" intervalms="1843.074" />
<gc-start id="4999" type="global" contextid="4998" timestamp="2019-08-08T00:00:48.729">
  <mem-info id="5000" free="2203648" total="110231552" percent="1">
    <mem type="tenure" free="2203648" total="110231552" percent="1">
      <mem type="soa" free="0" total="108027904" percent="0" />
      <mem type="loa" free="2203648" total="2203648" percent="100" />
    </mem>
  </mem-info>
</gc-start>
<allocation-stats totalBytes="79719648" >
  <allocated-bytes non-tlh="10192" tlh="79709456" />
  <largest-consumer threadName="PmdThread 5" threadId="00000000020B3B00" bytes="12897512" />
</allocation-stats>
<gc-op id="5001" type="mark" timems="21.728" contextid="4998" timestamp="2019-08-08T00:00:48.751">
  <trace-info objectcount="968774" scancount="856614" scanbytes="24327276" />
  <finalization candidates="84" enqueued="0" />
  <ownableSynchronizers candidates="40" cleared="0" />
  <references type="soft" candidates="2015" cleared="0" enqueued="0" dynamicThreshold="23" maxThreshold="32" />
  <references type="weak" candidates="7211" cleared="1060" enqueued="988" />
  <references type="phantom" candidates="359" cleared="106" enqueued="106" />
  <stringconstants candidates="15246" cleared="0"  />
</gc-op>
<gc-op id="5002" type="sweep" timems="5.629" contextid="4998" timestamp="2019-08-08T00:00:48.757" />
<mem-info id="5003" free="62500648" total="110231552" percent="56">
  <mem type="tenure" free="62500648" total="110231552" percent="56" micro-fragmented="9105685" macro-fragmented="0">
    <mem type="soa" free="60297000" total="108027904" percent="55" />
    <mem type="loa" free="2203648" total="2203648" percent="100" />
  </mem>
  <pending-finalizers system="0" default="0" reference="1094" classloader="0" />
</mem-info>
<gc-op id="5004" type="compact" timems="214.859" contextid="4998" timestamp="2019-08-08T00:00:48.972">
  <compact-info movecount="949514" movebytes="32975888" reason="compact to aid heap contraction" />
</gc-op>
<heap-resize id="5005" type="expand" space="tenure" amount="327680" count="1" timems="0.022" reason="satisfy allocation request" timestamp="2019-08-08T00:00:48.992" />
<gc-end id="5006" type="global" contextid="4998" durationms="263.365" usertimems="367.093" systemtimems="0.000" timestamp="2019-08-08T00:00:48.993" activeThreads="16">
  <mem-info id="5007" free="75977720" total="110559232" percent="68">
    <mem type="tenure" free="75977720" total="110559232" percent="68">
      <mem type="soa" free="73766904" total="108348416" percent="68" />
      <mem type="loa" free="2210816" total="2210816" percent="100" />
    </mem>
    <pending-finalizers system="0" default="0" reference="1094" classloader="0" />
  </mem-info>
</gc-end>
<cycle-end id="5008" type="global" contextid="4998" timestamp="2019-08-08T00:00:48.993" />
  <attribute name="elasticGC enabled" value="1" />
  <attribute name= "numThreadsSpecified" value="16" />
  <attribute name="heapSize specified" value="110231552" />
  <attribute name="Current GC Util" value="34" />
  <attribute name= "Current Time Running" value="167895" />
  <attribute name ="GC Interval" value="0" />
  <attribute name="Target GC Util Change" value ="80.000000" />
  <attribute name="Current GC Util Change" value="34.000000"/>
  <attribute name="Current Error" value="46.000000" />
  <attribute name="Output H" value="110534480"/>
  <attribute name="Output I" value="2248"/>
  <attribute name="Output T" value="16"/>
  <attribute name= "Current Time Running" value="167895" />
  <attribute name="GC Util currently" value="34" />
  <attribute name="CPU Util currently" value="5364711052" />
<allocation-satisfied id="5009" threadId="00000000020FEE00" bytesRequested="3008" />
<af-end id="5010" timestamp="2019-08-08T00:00:48.993" threadId="00000000020FF788" success="true" />
<exclusive-end id="5011" timestamp="2019-08-08T00:00:48.994" durationms="264.653" />

<exclusive-start id="5012" timestamp="2019-08-08T00:00:49.700" intervalms="971.302">
  <response-info timems="6.255" idlems="6.255" threads="0" lastid="0000000002111900" lastname="PmdThread 8" />
</exclusive-start>
<af-start id="5013" threadId="0000000002112288" totalBytesRequested="24" timestamp="2019-08-08T00:00:49.700" intervalms="971.305" />
<cycle-start id="5014" type="global" contextid="0" timestamp="2019-08-08T00:00:49.700" intervalms="971.293" />
<gc-start id="5015" type="global" contextid="5014" timestamp="2019-08-08T00:00:49.700">
  <mem-info id="5016" free="2210816" total="110559232" percent="1">
    <mem type="tenure" free="2210816" total="110559232" percent="1">
      <mem type="soa" free="0" total="108348416" percent="0" />
      <mem type="loa" free="2210816" total="2210816" percent="100" />
    </mem>
  </mem-info>
</gc-start>
<allocation-stats totalBytes="73807328" >
  <allocated-bytes non-tlh="15144" tlh="73792184" />
  <largest-consumer threadName="PmdThread 5" threadId="00000000020B3B00" bytes="18969960" />
</allocation-stats>
<gc-op id="5017" type="mark" timems="32.469" contextid="5014" timestamp="2019-08-08T00:00:49.733">
  <trace-info objectcount="1116621" scancount="998973" scanbytes="29377624" />
  <finalization candidates="84" enqueued="0" />
  <ownableSynchronizers candidates="40" cleared="0" />
  <references type="soft" candidates="2015" cleared="0" enqueued="0" dynamicThreshold="21" maxThreshold="32" />
  <references type="weak" candidates="6990" cleared="839" enqueued="839" />
  <references type="phantom" candidates="339" cleared="86" enqueued="86" />
  <stringconstants candidates="15311" cleared="0"  />
</gc-op>
<gc-op id="5018" type="sweep" timems="6.801" contextid="5014" timestamp="2019-08-08T00:00:49.740" />
<mem-info id="5019" free="59521888" total="110559232" percent="53">
  <mem type="tenure" free="59521888" total="110559232" percent="53" micro-fragmented="8157982" macro-fragmented="0">
    <mem type="soa" free="57311072" total="108348416" percent="52" />
    <mem type="loa" free="2210816" total="2210816" percent="100" />
  </mem>
  <pending-finalizers system="0" default="0" reference="925" classloader="0" />
</mem-info>
<gc-op id="5020" type="compact" timems="215.135" contextid="5014" timestamp="2019-08-08T00:00:49.955">
  <compact-info movecount="519067" movebytes="21395880" reason="compact to aid heap contraction" />
</gc-op>
<heap-resize id="5021" type="expand" space="tenure" amount="327680" count="1" timems="0.027" reason="satisfy allocation request" timestamp="2019-08-08T00:00:49.956" />
<gc-end id="5022" type="global" contextid="5014" durationms="255.889" usertimems="474.372" systemtimems="94.481" timestamp="2019-08-08T00:00:49.956" activeThreads="16">
  <mem-info id="5023" free="71115840" total="110886912" percent="64">
    <mem type="tenure" free="71115840" total="110886912" percent="64">
      <mem type="soa" free="68898880" total="108669952" percent="63" />
      <mem type="loa" free="2216960" total="2216960" percent="100" />
    </mem>
    <pending-finalizers system="0" default="0" reference="925" classloader="0" />
  </mem-info>
</gc-end>
<cycle-end id="5024" type="global" contextid="5014" timestamp="2019-08-08T00:00:49.958" />
  <attribute name="elasticGC enabled" value="1" />
  <attribute name= "numThreadsSpecified" value="16" />
  <attribute name="heapSize specified" value="110559232" />
  <attribute name="Current GC Util" value="98" />
  <attribute name= "Current Time Running" value="168879" />
  <attribute name ="GC Interval" value="0" />
  <attribute name="Target GC Util Change" value ="80.000000" />
  <attribute name="Current GC Util Change" value="98.000000"/>
  <attribute name="Current Error" value="-342.000000" />
  <attribute name="Output H" value="110860368"/>
  <attribute name="Output I" value="232"/>
  <attribute name="Output T" value="16"/>
  <attribute name= "Current Time Running" value="168879" />
  <attribute name="GC Util currently" value="98" />
  <attribute name="CPU Util currently" value="5356858759" />
<allocation-satisfied id="5025" threadId="0000000002111900" bytesRequested="24" />
<af-end id="5026" timestamp="2019-08-08T00:00:49.958" threadId="0000000002112288" success="true" />
<exclusive-end id="5027" timestamp="2019-08-08T00:00:49.958" durationms="257.692" />

<exclusive-start id="5028" timestamp="2019-08-08T00:00:50.611" intervalms="910.255">
  <response-info timems="0.726" idlems="0.726" threads="0" lastid="000000000210A100" lastname="PmdThread 3" />
</exclusive-start>
<af-start id="5029" threadId="000000000210AA88" totalBytesRequested="16392" timestamp="2019-08-08T00:00:50.611" intervalms="910.312" />
<cycle-start id="5030" type="global" contextid="0" timestamp="2019-08-08T00:00:50.611" intervalms="910.320" />
<gc-start id="5031" type="global" contextid="5030" timestamp="2019-08-08T00:00:50.612">
  <mem-info id="5032" free="2216960" total="110886912" percent="1">
    <mem type="tenure" free="2216960" total="110886912" percent="1">
      <mem type="soa" free="0" total="108669952" percent="0" />
      <mem type="loa" free="2216960" total="2216960" percent="100" />
    </mem>
  </mem-info>
</gc-start>
<allocation-stats totalBytes="68914928" >
  <allocated-bytes non-tlh="454160" tlh="68460768" />
  <largest-consumer threadName="PmdThread 5" threadId="00000000020B3B00" bytes="10596624" />
</allocation-stats>
<gc-op id="5033" type="mark" timems="50.506" contextid="5030" timestamp="2019-08-08T00:00:50.662">
  <trace-info objectcount="1061761" scancount="948964" scanbytes="27586044" />
  <finalization candidates="84" enqueued="0" />
  <ownableSynchronizers candidates="40" cleared="0" />
  <references type="soft" candidates="2015" cleared="0" enqueued="0" dynamicThreshold="20" maxThreshold="32" />
  <references type="weak" candidates="6854" cleared="702" enqueued="701" />
  <references type="phantom" candidates="340" cleared="83" enqueued="83" />
  <stringconstants candidates="15366" cleared="0"  />
</gc-op>
<gc-op id="5034" type="sweep" timems="7.687" contextid="5030" timestamp="2019-08-08T00:00:50.671" />
<mem-info id="5035" free="68006968" total="110886912" percent="61">
  <mem type="tenure" free="68006968" total="110886912" percent="61" micro-fragmented="2997806" macro-fragmented="0">
    <mem type="soa" free="65790008" total="108669952" percent="60" />
    <mem type="loa" free="2216960" total="2216960" percent="100" />
  </mem>
  <pending-finalizers system="0" default="0" reference="784" classloader="0" />
</mem-info>
<gc-op id="5036" type="compact" timems="207.117" contextid="5030" timestamp="2019-08-08T00:00:50.878">
  <compact-info movecount="465316" movebytes="19921984" reason="compact to aid heap contraction" />
</gc-op>
<heap-resize id="5037" type="expand" space="tenure" amount="327680" count="1" timems="0.022" reason="satisfy allocation request" timestamp="2019-08-08T00:00:50.883" />
<gc-end id="5038" type="global" contextid="5030" durationms="271.332" usertimems="529.418" systemtimems="113.160" timestamp="2019-08-08T00:00:50.883" activeThreads="16">
  <mem-info id="5039" free="73332360" total="111214592" percent="65">
    <mem type="tenure" free="73332360" total="111214592" percent="65">
      <mem type="soa" free="71108232" total="108990464" percent="65" />
      <mem type="loa" free="2224128" total="2224128" percent="100" />
    </mem>
    <pending-finalizers system="0" default="0" reference="784" classloader="0" />
  </mem-info>
</gc-end>
<cycle-end id="5040" type="global" contextid="5030" timestamp="2019-08-08T00:00:50.883" />
  <attribute name="elasticGC enabled" value="1" />
  <attribute name= "numThreadsSpecified" value="16" />
  <attribute name="heapSize specified" value="110886912" />
  <attribute name="Current GC Util" value="63" />
  <attribute name= "Current Time Running" value="169801" />
  <attribute name ="GC Interval" value="0" />
  <attribute name="Target GC Util Change" value ="80.000000" />
  <attribute name="Current GC Util Change" value="63.000000"/>
  <attribute name="Current Error" value="-493.000000" />
  <attribute name="Output H" value="111187352"/>
  <attribute name="Output I" value="200"/>
  <attribute name="Output T" value="16"/>
  <attribute name= "Current Time Running" value="169801" />
  <attribute name="GC Util currently" value="63" />
  <attribute name="CPU Util currently" value="5565556156" />
<allocation-satisfied id="5041" threadId="000000000210A100" bytesRequested="16392" />
<af-end id="5042" timestamp="2019-08-08T00:00:50.883" threadId="000000000210AA88" success="true" />
<exclusive-end id="5043" timestamp="2019-08-08T00:00:50.883" durationms="272.391" />

<exclusive-start id="5044" timestamp="2019-08-08T00:00:51.217" intervalms="606.415">
  <response-info timems="3.970" idlems="2.002" threads="1" lastid="00000000020C2B00" lastname="PmdThread 15" />
</exclusive-start>
<af-start id="5045" threadId="000000000210AA88" totalBytesRequested="16" timestamp="2019-08-08T00:00:51.217" intervalms="606.359" />
<cycle-start id="5046" type="global" contextid="0" timestamp="2019-08-08T00:00:51.217" intervalms="606.390" />
<gc-start id="5047" type="global" contextid="5046" timestamp="2019-08-08T00:00:51.217">
  <mem-info id="5048" free="2224128" total="111214592" percent="1">
    <mem type="tenure" free="2224128" total="111214592" percent="1">
      <mem type="soa" free="0" total="108990464" percent="0" />
      <mem type="loa" free="2224128" total="2224128" percent="100" />
    </mem>
  </mem-info>
</gc-start>
<allocation-stats totalBytes="71136696" >
  <allocated-bytes non-tlh="11664" tlh="71125032" />
  <largest-consumer threadName="PmdThread 13" threadId="0000000002102A00" bytes="13231560" />
</allocation-stats>
<gc-op id="5049" type="mark" timems="36.067" contextid="5046" timestamp="2019-08-08T00:00:51.253">
  <trace-info objectcount="1128852" scancount="1014654" scanbytes="29927712" />
  <finalization candidates="84" enqueued="0" />
  <ownableSynchronizers candidates="40" cleared="0" />
  <references type="soft" candidates="2015" cleared="0" enqueued="0" dynamicThreshold="21" maxThreshold="32" />
  <references type="weak" candidates="7285" cleared="1132" enqueued="1128" />
  <references type="phantom" candidates="348" cleared="93" enqueued="93" />
  <stringconstants candidates="15426" cleared="0"  />
</gc-op>
<gc-op id="5050" type="sweep" timems="19.010" contextid="5046" timestamp="2019-08-08T00:00:51.279" />
<mem-info id="5051" free="63351256" total="111214592" percent="56">
  <mem type="tenure" free="63351256" total="111214592" percent="56" micro-fragmented="5008810" macro-fragmented="0">
    <mem type="soa" free="61127128" total="108990464" percent="56" />
    <mem type="loa" free="2224128" total="2224128" percent="100" />
  </mem>
  <pending-finalizers system="0" default="0" reference="1221" classloader="0" />
</mem-info>
<gc-op id="5052" type="compact" timems="242.616" contextid="5046" timestamp="2019-08-08T00:00:51.521">
  <compact-info movecount="527309" movebytes="21951248" reason="compact to aid heap contraction" />
</gc-op>
<heap-resize id="5053" type="expand" space="tenure" amount="327680" count="1" timems="0.022" reason="satisfy allocation request" timestamp="2019-08-08T00:00:51.523" />
<gc-end id="5054" type="global" contextid="5046" durationms="305.456" usertimems="415.836" systemtimems="59.060" timestamp="2019-08-08T00:00:51.523" activeThreads="16">
  <mem-info id="5055" free="71100776" total="111542272" percent="63">
    <mem type="tenure" free="71100776" total="111542272" percent="63">
      <mem type="soa" free="68870504" total="109312000" percent="63" />
      <mem type="loa" free="2230272" total="2230272" percent="100" />
    </mem>
    <pending-finalizers system="0" default="0" reference="1221" classloader="0" />
  </mem-info>
</gc-end>
<cycle-end id="5056" type="global" contextid="5046" timestamp="2019-08-08T00:00:51.523" />
  <attribute name="elasticGC enabled" value="1" />
  <attribute name= "numThreadsSpecified" value="16" />
  <attribute name="heapSize specified" value="111214592" />
  <attribute name="Current GC Util" value="82" />
  <attribute name= "Current Time Running" value="170444" />
  <attribute name ="GC Interval" value="0" />
  <attribute name="Target GC Util Change" value ="80.000000" />
  <attribute name="Current GC Util Change" value="82.000000"/>
  <attribute name="Current Error" value="-2.000000" />
  <attribute name="Output H" value="111517296"/>
  <attribute name="Output I" value="2000"/>
  <attribute name="Output T" value="16"/>
  <attribute name= "Current Time Running" value="170444" />
  <attribute name="GC Util currently" value="82" />
  <attribute name="CPU Util currently" value="4751703261" />
<allocation-satisfied id="5057" threadId="000000000210A100" bytesRequested="16" />
<af-end id="5058" timestamp="2019-08-08T00:00:51.523" threadId="000000000210AA88" success="true" />
<exclusive-end id="5059" timestamp="2019-08-08T00:00:51.523" durationms="305.764" />

<exclusive-start id="5060" timestamp="2019-08-08T00:00:51.909" intervalms="691.598">
  <response-info timems="6.254" idlems="6.254" threads="0" lastid="000000000210A100" lastname="PmdThread 3" />
</exclusive-start>
<af-start id="5061" threadId="000000000210AA88" totalBytesRequested="48" timestamp="2019-08-08T00:00:51.909" intervalms="691.618" />
<cycle-start id="5062" type="global" contextid="0" timestamp="2019-08-08T00:00:51.910" intervalms="692.445" />
<gc-start id="5063" type="global" contextid="5062" timestamp="2019-08-08T00:00:51.910">
  <mem-info id="5064" free="2230272" total="111542272" percent="1">
    <mem type="tenure" free="2230272" total="111542272" percent="1">
      <mem type="soa" free="0" total="109312000" percent="0" />
      <mem type="loa" free="2230272" total="2230272" percent="100" />
    </mem>
  </mem-info>
</gc-start>
<allocation-stats totalBytes="68899152" >
  <allocated-bytes non-tlh="13504" tlh="68885648" />
  <largest-consumer threadName="PmdThread 13" threadId="0000000002102A00" bytes="8878064" />
</allocation-stats>
<gc-op id="5065" type="mark" timems="55.958" contextid="5062" timestamp="2019-08-08T00:00:51.966">
  <trace-info objectcount="1089645" scancount="977599" scanbytes="28579920" />
  <finalization candidates="84" enqueued="0" />
  <ownableSynchronizers candidates="40" cleared="0" />
  <references type="soft" candidates="2015" cleared="0" enqueued="0" dynamicThreshold="20" maxThreshold="32" />
  <references type="weak" candidates="7063" cleared="908" enqueued="900" />
  <references type="phantom" candidates="327" cleared="73" enqueued="73" />
  <stringconstants candidates="15492" cleared="0"  />
</gc-op>
<gc-op id="5066" type="sweep" timems="6.393" contextid="5062" timestamp="2019-08-08T00:00:51.973" />
<mem-info id="5067" free="70108664" total="111542272" percent="62">
  <mem type="tenure" free="70108664" total="111542272" percent="62" micro-fragmented="2149921" macro-fragmented="573664">
    <mem type="soa" free="67878392" total="109312000" percent="62" />
    <mem type="loa" free="2230272" total="2230272" percent="100" />
  </mem>
  <pending-finalizers system="0" default="0" reference="973" classloader="0" />
</mem-info>
<gc-op id="5068" type="compact" timems="145.424" contextid="5062" timestamp="2019-08-08T00:00:52.118">
  <compact-info movecount="485764" movebytes="20090248" reason="compact to aid heap contraction" />
</gc-op>
<heap-resize id="5069" type="expand" space="tenure" amount="327680" count="1" timems="0.020" reason="satisfy allocation request" timestamp="2019-08-08T00:00:52.119" />
<gc-end id="5070" type="global" contextid="5062" durationms="209.158" usertimems="431.891" systemtimems="70.079" timestamp="2019-08-08T00:00:52.119" activeThreads="16">
  <mem-info id="5071" free="73216432" total="111869952" percent="65">
    <mem type="tenure" free="73216432" total="111869952" percent="65">
      <mem type="soa" free="70980016" total="109633536" percent="64" />
      <mem type="loa" free="2236416" total="2236416" percent="100" />
    </mem>
    <pending-finalizers system="0" default="0" reference="973" classloader="0" />
  </mem-info>
</gc-end>
<cycle-end id="5072" type="global" contextid="5062" timestamp="2019-08-08T00:00:52.119" />
  <attribute name="elasticGC enabled" value="1" />
  <attribute name= "numThreadsSpecified" value="16" />
  <attribute name="heapSize specified" value="111542272" />
  <attribute name="Current GC Util" value="96" />
  <attribute name= "Current Time Running" value="171041" />
  <attribute name ="GC Interval" value="0" />
  <attribute name="Target GC Util Change" value ="80.000000" />
  <attribute name="Current GC Util Change" value="96.000000"/>
  <attribute name="Current Error" value="-273.000000" />
  <attribute name="Output H" value="111843728"/>
  <attribute name="Output I" value="592"/>
  <attribute name="Output T" value="16"/>
  <attribute name= "Current Time Running" value="171041" />
  <attribute name="GC Util currently" value="96" />
  <attribute name="CPU Util currently" value="7927133028" />
<allocation-satisfied id="5073" threadId="000000000210A100" bytesRequested="48" />
<af-end id="5074" timestamp="2019-08-08T00:00:52.119" threadId="000000000210AA88" success="true" />
<exclusive-end id="5075" timestamp="2019-08-08T00:00:52.119" durationms="210.847" />

<exclusive-start id="5076" timestamp="2019-08-08T00:00:52.503" intervalms="594.558">
  <response-info timems="27.867" idlems="27.867" threads="0" lastid="0000000002115500" lastname="PmdThread 12" />
</exclusive-start>
<af-start id="5077" threadId="0000000002115E88" totalBytesRequested="16" timestamp="2019-08-08T00:00:52.503" intervalms="594.533" />
<cycle-start id="5078" type="global" contextid="0" timestamp="2019-08-08T00:00:52.503" intervalms="593.676" />
<gc-start id="5079" type="global" contextid="5078" timestamp="2019-08-08T00:00:52.503">
  <mem-info id="5080" free="2236416" total="111869952" percent="1">
    <mem type="tenure" free="2236416" total="111869952" percent="1">
      <mem type="soa" free="0" total="109633536" percent="0" />
      <mem type="loa" free="2236416" total="2236416" percent="100" />
    </mem>
  </mem-info>
</gc-start>
<allocation-stats totalBytes="70993656" >
  <allocated-bytes non-tlh="11936" tlh="70981720" />
  <largest-consumer threadName="PmdThread 14" threadId="00000000020CA300" bytes="9494664" />
</allocation-stats>
<gc-op id="5081" type="mark" timems="95.535" contextid="5078" timestamp="2019-08-08T00:00:52.599">
  <trace-info objectcount="1011807" scancount="902344" scanbytes="25863124" />
  <finalization candidates="84" enqueued="0" />
  <ownableSynchronizers candidates="40" cleared="0" />
  <references type="soft" candidates="2017" cleared="0" enqueued="0" dynamicThreshold="20" maxThreshold="32" />
  <references type="weak" candidates="7373" cleared="1217" enqueued="1214" />
  <references type="phantom" candidates="382" cleared="126" enqueued="126" />
  <stringconstants candidates="15559" cleared="0"  />
</gc-op>
<gc-op id="5082" type="sweep" timems="2.897" contextid="5078" timestamp="2019-08-08T00:00:52.602" />
<mem-info id="5083" free="71445464" total="111869952" percent="63">
  <mem type="tenure" free="71445464" total="111869952" percent="63" micro-fragmented="3035803" macro-fragmented="0">
    <mem type="soa" free="69209048" total="109633536" percent="63" />
    <mem type="loa" free="2236416" total="2236416" percent="100" />
  </mem>
  <pending-finalizers system="0" default="0" reference="1340" classloader="0" />
</mem-info>
<gc-op id="5084" type="compact" timems="81.191" contextid="5078" timestamp="2019-08-08T00:00:52.683">
  <compact-info movecount="407100" movebytes="17515744" reason="compact to aid heap contraction" />
</gc-op>
<heap-resize id="5085" type="expand" space="tenure" amount="327680" count="1" timems="0.019" reason="satisfy allocation request" timestamp="2019-08-08T00:00:52.684" />
<gc-end id="5086" type="global" contextid="5078" durationms="180.709" usertimems="448.336" systemtimems="112.514" timestamp="2019-08-08T00:00:52.684" activeThreads="16">
  <mem-info id="5087" free="76099608" total="112197632" percent="67">
    <mem type="tenure" free="76099608" total="112197632" percent="67">
      <mem type="soa" free="73856024" total="109954048" percent="67" />
      <mem type="loa" free="2243584" total="2243584" percent="100" />
    </mem>
    <pending-finalizers system="0" default="0" reference="1340" classloader="0" />
  </mem-info>
</gc-end>
<cycle-end id="5088" type="global" contextid="5078" timestamp="2019-08-08T00:00:52.685" />
  <attribute name="elasticGC enabled" value="1" />
  <attribute name= "numThreadsSpecified" value="16" />
  <attribute name="heapSize specified" value="111869952" />
  <attribute name="Current GC Util" value="149" />
  <attribute name= "Current Time Running" value="171606" />
  <attribute name ="GC Interval" value="0" />
  <attribute name="Target GC Util Change" value ="80.000000" />
  <attribute name="Current GC Util Change" value="149.000000"/>
  <attribute name="Current Error" value="-407.000000" />
  <attribute name="Output H" value="112170792"/>
  <attribute name="Output I" value="200"/>
  <attribute name="Output T" value="16"/>
  <attribute name= "Current Time Running" value="171606" />
  <attribute name="GC Util currently" value="149" />
  <attribute name="CPU Util currently" value="14195616240" />
<allocation-satisfied id="5089" threadId="0000000002115500" bytesRequested="16" />
<af-end id="5090" timestamp="2019-08-08T00:00:52.685" threadId="0000000002115E88" success="true" />
<exclusive-end id="5091" timestamp="2019-08-08T00:00:52.685" durationms="181.484" />

<exclusive-start id="5092" timestamp="2019-08-08T00:00:52.999" intervalms="495.940">
  <response-info timems="0.020" idlems="0.020" threads="0" lastid="00000000020B3B00" lastname="PmdThread 5" />
</exclusive-start>
<af-start id="5093" threadId="00000000020B4488" totalBytesRequested="24" timestamp="2019-08-08T00:00:52.999" intervalms="495.932" />
<cycle-start id="5094" type="global" contextid="0" timestamp="2019-08-08T00:00:52.999" intervalms="495.920" />
<gc-start id="5095" type="global" contextid="5094" timestamp="2019-08-08T00:00:52.999">
  <mem-info id="5096" free="2243584" total="112197632" percent="1">
    <mem type="tenure" free="2243584" total="112197632" percent="1">
      <mem type="soa" free="0" total="109954048" percent="0" />
      <mem type="loa" free="2243584" total="2243584" percent="100" />
    </mem>
  </mem-info>
</gc-start>
<allocation-stats totalBytes="73877368" >
  <allocated-bytes non-tlh="13472" tlh="73863896" />
  <largest-consumer threadName="PmdThread 5" threadId="00000000020B3B00" bytes="47992616" />
</allocation-stats>
<gc-op id="5097" type="mark" timems="15.162" contextid="5094" timestamp="2019-08-08T00:00:53.014">
  <trace-info objectcount="985194" scancount="879201" scanbytes="25085808" />
  <finalization candidates="84" enqueued="0" />
  <ownableSynchronizers candidates="40" cleared="15" />
  <references type="soft" candidates="2004" cleared="0" enqueued="0" dynamicThreshold="21" maxThreshold="32" />
  <references type="weak" candidates="7773" cleared="1690" enqueued="1690" />
  <references type="phantom" candidates="297" cleared="41" enqueued="41" />
  <stringconstants candidates="15639" cleared="0"  />
</gc-op>
<gc-op id="5098" type="sweep" timems="1.912" contextid="5094" timestamp="2019-08-08T00:00:53.016" />
<mem-info id="5099" free="76695400" total="112197632" percent="68">
  <mem type="tenure" free="76695400" total="112197632" percent="68" micro-fragmented="1056548" macro-fragmented="0">
    <mem type="soa" free="74451816" total="109954048" percent="67" />
    <mem type="loa" free="2243584" total="2243584" percent="100" />
  </mem>
  <pending-finalizers system="0" default="0" reference="1731" classloader="0" />
</mem-info>
<gc-op id="5100" type="compact" timems="228.580" contextid="5094" timestamp="2019-08-08T00:00:53.245">
  <compact-info movecount="958668" movebytes="32944552" reason="compact to aid heap contraction" />
</gc-op>
<heap-resize id="5101" type="expand" space="tenure" amount="327680" count="1" timems="0.023" reason="satisfy allocation request" timestamp="2019-08-08T00:00:53.246" />
<gc-end id="5102" type="global" contextid="5094" durationms="246.953" usertimems="379.580" systemtimems="0.000" timestamp="2019-08-08T00:00:53.246" activeThreads="16">
  <mem-info id="5103" free="78514944" total="112525312" percent="69">
    <mem type="tenure" free="78514944" total="112525312" percent="69">
      <mem type="soa" free="76265216" total="110275584" percent="69" />
      <mem type="loa" free="2249728" total="2249728" percent="100" />
    </mem>
    <pending-finalizers system="0" default="0" reference="1731" classloader="0" />
  </mem-info>
</gc-end>
<cycle-end id="5104" type="global" contextid="5094" timestamp="2019-08-08T00:00:53.246" />
  <attribute name="elasticGC enabled" value="1" />
  <attribute name= "numThreadsSpecified" value="16" />
  <attribute name="heapSize specified" value="112197632" />
  <attribute name="Current GC Util" value="33" />
  <attribute name= "Current Time Running" value="172168" />
  <attribute name ="GC Interval" value="0" />
  <attribute name="Target GC Util Change" value ="80.000000" />
  <attribute name="Current GC Util Change" value="33.000000"/>
  <attribute name="Current Error" value="47.000000" />
  <attribute name="Output H" value="112500568"/>
  <attribute name="Output I" value="2256"/>
  <attribute name="Output T" value="16"/>
  <attribute name= "Current Time Running" value="172168" />
  <attribute name="GC Util currently" value="33" />
  <attribute name="CPU Util currently" value="5043197754" />
<allocation-satisfied id="5105" threadId="00000000020B3B00" bytesRequested="24" />
<af-end id="5106" timestamp="2019-08-08T00:00:53.246" threadId="00000000020B4488" success="true" />
<exclusive-end id="5107" timestamp="2019-08-08T00:00:53.246" durationms="247.315" />

===== DaCapo 9.12-MR1 pmd PASSED in 9334 msec =====
Using scaled threading model. 16 processors detected, 16 threads used to drive the workload, in a possible range of [1,512]
<exclusive-start id="5108" timestamp="2019-08-08T00:00:53.550" intervalms="551.222">
  <response-info timems="0.046" idlems="0.046" threads="0" lastid="0000000001DD0F00" lastname="main" />
</exclusive-start>
<sys-start reason="explicit" id="5109" timestamp="2019-08-08T00:00:53.550" intervalms="9623.427" />
<cycle-start id="5110" type="global" contextid="0" timestamp="2019-08-08T00:00:53.550" intervalms="551.233" />
<gc-start id="5111" type="global" contextid="5110" timestamp="2019-08-08T00:00:53.550">
  <mem-info id="5112" free="58740552" total="112525312" percent="52">
    <mem type="tenure" free="58740552" total="112525312" percent="52">
      <mem type="soa" free="56490824" total="110275584" percent="51" />
      <mem type="loa" free="2249728" total="2249728" percent="100" />
    </mem>
  </mem-info>
</gc-start>
<allocation-stats totalBytes="19834864" >
  <allocated-bytes non-tlh="2915256" tlh="16919608" />
  <largest-consumer threadName="main" threadId="0000000001DD0F00" bytes="9644984" />
</allocation-stats>
<gc-op id="5113" type="mark" timems="16.241" contextid="5110" timestamp="2019-08-08T00:00:53.567">
  <trace-info objectcount="605579" scancount="524555" scanbytes="13541952" />
  <finalization candidates="152" enqueued="1" />
  <ownableSynchronizers candidates="27" cleared="4" />
  <references type="soft" candidates="1902" cleared="0" enqueued="0" dynamicThreshold="22" maxThreshold="32" />
  <references type="weak" candidates="6289" cleared="36" enqueued="33" />
  <references type="phantom" candidates="269" cleared="14" enqueued="14" />
  <stringconstants candidates="15830" cleared="1770"  />
</gc-op>
<gc-op id="5114" type="classunload" timems="15.207" contextid="5110" timestamp="2019-08-08T00:00:53.582">
  <classunload-info classloadercandidates="59" classloadersunloaded="5" classesunloaded="1007" anonymousclassesunloaded="0" quiescems="0.000" setupms="6.190" scanms="9.008" postms="0.009" />
</gc-op>
<gc-op id="5115" type="sweep" timems="4.010" contextid="5110" timestamp="2019-08-08T00:00:53.586" />
<mem-info id="5116" free="91502136" total="112525312" percent="81">
  <mem type="tenure" free="91502136" total="112525312" percent="81" micro-fragmented="142352" macro-fragmented="67617">
    <mem type="soa" free="89252408" total="110275584" percent="80" />
    <mem type="loa" free="2249728" total="2249728" percent="100" />
  </mem>
  <pending-finalizers system="1" default="0" reference="47" classloader="0" />
</mem-info>
<gc-op id="5117" type="compact" timems="206.520" contextid="5110" timestamp="2019-08-08T00:00:53.793">
  <compact-info movecount="602088" movebytes="20628704" reason="compact to aid heap contraction" />
</gc-op>
<heap-resize id="5118" type="expand" space="tenure" amount="327680" count="1" timems="0.023" reason="satisfy allocation request" timestamp="2019-08-08T00:00:53.794" />
<gc-end id="5119" type="global" contextid="5110" durationms="243.780" usertimems="296.428" systemtimems="2.551" timestamp="2019-08-08T00:00:53.794" activeThreads="16">
  <mem-info id="5120" free="92046992" total="112852992" percent="81">
    <mem type="tenure" free="92046992" total="112852992" percent="81">
      <mem type="soa" free="89790096" total="110596096" percent="81" />
      <mem type="loa" free="2256896" total="2256896" percent="100" />
    </mem>
    <pending-finalizers system="1" default="0" reference="47" classloader="0" />
  </mem-info>
</gc-end>
<cycle-end id="5121" type="global" contextid="5110" timestamp="2019-08-08T00:00:53.798" />
  <attribute name="elasticGC enabled" value="1" />
  <attribute name= "numThreadsSpecified" value="16" />
  <attribute name="heapSize specified" value="112525312" />
  <attribute name="Current GC Util" value="9" />
  <attribute name= "Current Time Running" value="172716" />
  <attribute name ="GC Interval" value="0" />
  <attribute name="Target GC Util Change" value ="80.000000" />
  <attribute name="Current GC Util Change" value="9.000000"/>
  <attribute name="Current Error" value="-79.000000" />
  <attribute name="Output H" value="112827664"/>
  <attribute name="Output I" value="1600"/>
  <attribute name="Output T" value="16"/>
  <attribute name= "Current Time Running" value="172716" />
  <attribute name="GC Util currently" value="9" />
  <attribute name="CPU Util currently" value="5579548280" />
<sys-end id="5122" timestamp="2019-08-08T00:00:53.798" />
<exclusive-end id="5123" timestamp="2019-08-08T00:00:53.798" durationms="247.723" />

===== DaCapo 9.12-MR1 sunflow starting =====
<exclusive-start id="5124" timestamp="2019-08-08T00:00:54.643" intervalms="1092.804">
  <response-info timems="0.352" idlems="0.179" threads="1" lastid="00000000020EBE00" lastname="Thread-26" />
</exclusive-start>
<af-start id="5125" threadId="00000000020D9B88" totalBytesRequested="24" timestamp="2019-08-08T00:00:54.643" intervalms="1644.083" />
<cycle-start id="5126" type="global" contextid="0" timestamp="2019-08-08T00:00:54.643" intervalms="1092.869" />
<gc-start id="5127" type="global" contextid="5126" timestamp="2019-08-08T00:00:54.643">
  <mem-info id="5128" free="2256896" total="112852992" percent="1">
    <mem type="tenure" free="2256896" total="112852992" percent="1">
      <mem type="soa" free="0" total="110596096" percent="0" />
      <mem type="loa" free="2256896" total="2256896" percent="100" />
    </mem>
  </mem-info>
</gc-start>
<allocation-stats totalBytes="89727888" >
  <allocated-bytes non-tlh="3153256" tlh="86574632" />
  <largest-consumer threadName="Thread-29" threadId="00000000020CA300" bytes="9418640" />
</allocation-stats>
<gc-op id="5129" type="mark" timems="17.998" contextid="5126" timestamp="2019-08-08T00:00:54.661">
  <trace-info objectcount="720944" scancount="637886" scanbytes="18614704" />
  <finalization candidates="151" enqueued="0" />
  <ownableSynchronizers candidates="23" cleared="0" />
  <references type="soft" candidates="1917" cleared="0" enqueued="0" dynamicThreshold="26" maxThreshold="32" />
  <references type="weak" candidates="6291" cleared="25" enqueued="25" />
  <references type="phantom" candidates="237" cleared="0" enqueued="0" />
  <stringconstants candidates="14617" cleared="1"  />
</gc-op>
<gc-op id="5130" type="sweep" timems="2.419" contextid="5126" timestamp="2019-08-08T00:00:54.664" />
<mem-info id="5131" free="84498592" total="112852992" percent="74">
  <mem type="tenure" free="84498592" total="112852992" percent="74" micro-fragmented="921183" macro-fragmented="27769388">
    <mem type="soa" free="82241696" total="110596096" percent="74" />
    <mem type="loa" free="2256896" total="2256896" percent="100" />
  </mem>
  <pending-finalizers system="0" default="0" reference="25" classloader="0" />
</mem-info>
<gc-op id="5132" type="compact" timems="299.301" contextid="5126" timestamp="2019-08-08T00:00:54.963">
  <compact-info movecount="713363" movebytes="26816968" reason="compact to aid heap contraction" />
</gc-op>
<heap-resize id="5133" type="expand" space="tenure" amount="327680" count="1" timems="0.021" reason="satisfy allocation request" timestamp="2019-08-08T00:00:54.964" />
<gc-end id="5134" type="global" contextid="5126" durationms="320.479" usertimems="314.128" systemtimems="7.433" timestamp="2019-08-08T00:00:54.964" activeThreads="16">
  <mem-info id="5135" free="85963864" total="113180672" percent="75">
    <mem type="tenure" free="85963864" total="113180672" percent="75">
      <mem type="soa" free="83700824" total="110917632" percent="75" />
      <mem type="loa" free="2263040" total="2263040" percent="100" />
    </mem>
    <pending-finalizers system="0" default="0" reference="25" classloader="0" />
  </mem-info>
</gc-end>
<cycle-end id="5136" type="global" contextid="5126" timestamp="2019-08-08T00:00:54.964" />
  <attribute name="elasticGC enabled" value="1" />
  <attribute name= "numThreadsSpecified" value="16" />
  <attribute name="heapSize specified" value="112852992" />
  <attribute name="Current GC Util" value="9" />
  <attribute name= "Current Time Running" value="173886" />
  <attribute name ="GC Interval" value="0" />
  <attribute name="Target GC Util Change" value ="80.000000" />
  <attribute name="Current GC Util Change" value="9.000000"/>
  <attribute name="Current Error" value="-79.000000" />
  <attribute name="Output H" value="113155344"/>
  <attribute name="Output I" value="1600"/>
  <attribute name="Output T" value="16"/>
  <attribute name= "Current Time Running" value="173886" />
  <attribute name="GC Util currently" value="9" />
  <attribute name="CPU Util currently" value="3851662878" />
<allocation-satisfied id="5137" threadId="00000000020D9200" bytesRequested="24" />
<af-end id="5138" timestamp="2019-08-08T00:00:54.964" threadId="00000000020D9B88" success="true" />
<exclusive-end id="5139" timestamp="2019-08-08T00:00:54.964" durationms="320.890" />

<exclusive-start id="5140" timestamp="2019-08-08T00:00:55.082" intervalms="439.108">
  <response-info timems="4.593" idlems="4.593" threads="0" lastid="00000000020FEE00" lastname="Thread-33" />
</exclusive-start>
<af-start id="5141" threadId="00000000020FF788" totalBytesRequested="24" timestamp="2019-08-08T00:00:55.082" intervalms="439.070" />
<cycle-start id="5142" type="global" contextid="0" timestamp="2019-08-08T00:00:55.082" intervalms="439.051" />
<gc-start id="5143" type="global" contextid="5142" timestamp="2019-08-08T00:00:55.082">
  <mem-info id="5144" free="2263040" total="113180672" percent="1">
    <mem type="tenure" free="2263040" total="113180672" percent="1">
      <mem type="soa" free="0" total="110917632" percent="0" />
      <mem type="loa" free="2263040" total="2263040" percent="100" />
    </mem>
  </mem-info>
</gc-start>
<allocation-stats totalBytes="83755616" >
  <allocated-bytes non-tlh="168" tlh="83755448" />
  <largest-consumer threadName="Thread-33" threadId="00000000020FEE00" bytes="8754904" />
</allocation-stats>
<gc-op id="5145" type="mark" timems="137.597" contextid="5142" timestamp="2019-08-08T00:00:55.220">
  <trace-info objectcount="730593" scancount="647563" scanbytes="18847776" />
  <finalization candidates="151" enqueued="0" />
  <ownableSynchronizers candidates="23" cleared="0" />
  <references type="soft" candidates="1917" cleared="0" enqueued="0" dynamicThreshold="24" maxThreshold="32" />
  <references type="weak" candidates="6266" cleared="0" enqueued="0" />
  <references type="phantom" candidates="237" cleared="0" enqueued="0" />
  <stringconstants candidates="14617" cleared="0"  />
</gc-op>
<gc-op id="5146" type="sweep" timems="4.914" contextid="5142" timestamp="2019-08-08T00:00:55.225" />
<mem-info id="5147" free="85447008" total="113180672" percent="75">
  <mem type="tenure" free="85447008" total="113180672" percent="75" micro-fragmented="233342" macro-fragmented="21471349">
    <mem type="soa" free="83183968" total="110917632" percent="74" />
    <mem type="loa" free="2263040" total="2263040" percent="100" />
  </mem>
</mem-info>
<gc-op id="5148" type="compact" timems="37.739" contextid="5142" timestamp="2019-08-08T00:00:55.263">
  <compact-info movecount="126485" movebytes="6889456" reason="compact to aid heap contraction" />
</gc-op>
<heap-resize id="5149" type="expand" space="tenure" amount="327680" count="1" timems="0.021" reason="satisfy allocation request" timestamp="2019-08-08T00:00:55.263" />
<gc-end id="5150" type="global" contextid="5142" durationms="180.983" usertimems="241.957" systemtimems="71.983" timestamp="2019-08-08T00:00:55.263" activeThreads="16">
  <mem-info id="5151" free="86039080" total="113508352" percent="75">
    <mem type="tenure" free="86039080" total="113508352" percent="75">
      <mem type="soa" free="83769896" total="111239168" percent="75" />
      <mem type="loa" free="2269184" total="2269184" percent="100" />
    </mem>
  </mem-info>
</gc-end>
<cycle-end id="5152" type="global" contextid="5142" timestamp="2019-08-08T00:00:55.263" />
  <attribute name="elasticGC enabled" value="1" />
  <attribute name= "numThreadsSpecified" value="16" />
  <attribute name="heapSize specified" value="113180672" />
  <attribute name="Current GC Util" value="60" />
  <attribute name= "Current Time Running" value="174186" />
  <attribute name ="GC Interval" value="0" />
  <attribute name="Target GC Util Change" value ="80.000000" />
  <attribute name="Current GC Util Change" value="60.000000"/>
  <attribute name="Current Error" value="20.000000" />
  <attribute name="Output H" value="113483480"/>
  <attribute name="Output I" value="2112"/>
  <attribute name="Output T" value="16"/>
  <attribute name= "Current Time Running" value="174186" />
  <attribute name="GC Util currently" value="60" />
  <attribute name="CPU Util currently" value="30533006783" />
<allocation-satisfied id="5153" threadId="00000000020FEE00" bytesRequested="24" />
<af-end id="5154" timestamp="2019-08-08T00:00:55.263" threadId="00000000020FF788" success="true" />
<exclusive-end id="5155" timestamp="2019-08-08T00:00:55.263" durationms="181.229" />

<exclusive-start id="5156" timestamp="2019-08-08T00:00:55.446" intervalms="363.606">
  <response-info timems="40.409" idlems="40.409" threads="0" lastid="0000000002115500" lastname="Thread-22" />
</exclusive-start>
<af-start id="5157" threadId="0000000002115E88" totalBytesRequested="24" timestamp="2019-08-08T00:00:55.446" intervalms="363.654" />
<cycle-start id="5158" type="global" contextid="0" timestamp="2019-08-08T00:00:55.446" intervalms="363.674" />
<gc-start id="5159" type="global" contextid="5158" timestamp="2019-08-08T00:00:55.446">
  <mem-info id="5160" free="2269184" total="113508352" percent="1">
    <mem type="tenure" free="2269184" total="113508352" percent="1">
      <mem type="soa" free="0" total="111239168" percent="0" />
      <mem type="loa" free="2269184" total="2269184" percent="100" />
    </mem>
  </mem-info>
</gc-start>
<allocation-stats totalBytes="83825360" >
  <allocated-bytes non-tlh="0" tlh="83825360" />
  <largest-consumer threadName="Thread-36" threadId="00000000020CDF00" bytes="7961528" />
</allocation-stats>
<gc-op id="5161" type="mark" timems="120.519" contextid="5158" timestamp="2019-08-08T00:00:55.567">
  <trace-info objectcount="745145" scancount="662099" scanbytes="19196312" />
  <finalization candidates="151" enqueued="0" />
  <ownableSynchronizers candidates="23" cleared="0" />
  <references type="soft" candidates="1917" cleared="0" enqueued="0" dynamicThreshold="24" maxThreshold="32" />
  <references type="weak" candidates="6266" cleared="0" enqueued="0" />
  <references type="phantom" candidates="237" cleared="0" enqueued="0" />
  <stringconstants candidates="14617" cleared="0"  />
</gc-op>
<gc-op id="5162" type="sweep" timems="1.876" contextid="5158" timestamp="2019-08-08T00:00:55.569" />
<mem-info id="5163" free="84869216" total="113508352" percent="74">
  <mem type="tenure" free="84869216" total="113508352" percent="74" micro-fragmented="481119" macro-fragmented="31512157">
    <mem type="soa" free="82600032" total="111239168" percent="74" />
    <mem type="loa" free="2269184" total="2269184" percent="100" />
  </mem>
</mem-info>
<gc-op id="5164" type="compact" timems="31.649" contextid="5158" timestamp="2019-08-08T00:00:55.600">
  <compact-info movecount="90464" movebytes="3816128" reason="compact to aid heap contraction" />
</gc-op>
<heap-resize id="5165" type="expand" space="tenure" amount="327680" count="1" timems="0.018" reason="satisfy allocation request" timestamp="2019-08-08T00:00:55.601" />
<gc-end id="5166" type="global" contextid="5158" durationms="154.922" usertimems="159.997" systemtimems="90.560" timestamp="2019-08-08T00:00:55.601" activeThreads="16">
  <mem-info id="5167" free="86018224" total="113836032" percent="75">
    <mem type="tenure" free="86018224" total="113836032" percent="75">
      <mem type="soa" free="83741872" total="111559680" percent="75" />
      <mem type="loa" free="2276352" total="2276352" percent="100" />
    </mem>
  </mem-info>
</gc-end>
<cycle-end id="5168" type="global" contextid="5158" timestamp="2019-08-08T00:00:55.601" />
  <attribute name="elasticGC enabled" value="1" />
  <attribute name= "numThreadsSpecified" value="16" />
  <attribute name="heapSize specified" value="113508352" />
  <attribute name="Current GC Util" value="58" />
  <attribute name= "Current Time Running" value="174523" />
  <attribute name ="GC Interval" value="0" />
  <attribute name="Target GC Util Change" value ="80.000000" />
  <attribute name="Current GC Util Change" value="58.000000"/>
  <attribute name="Current Error" value="-67.000000" />
  <attribute name="Output H" value="113810760"/>
  <attribute name="Output I" value="1664"/>
  <attribute name="Output T" value="16"/>
  <attribute name= "Current Time Running" value="174523" />
  <attribute name="GC Util currently" value="58" />
  <attribute name="CPU Util currently" value="36393198063" />
<allocation-satisfied id="5169" threadId="0000000002115500" bytesRequested="24" />
<af-end id="5170" timestamp="2019-08-08T00:00:55.601" threadId="0000000002115E88" success="true" />
<exclusive-end id="5171" timestamp="2019-08-08T00:00:55.601" durationms="155.223" />

<exclusive-start id="5172" timestamp="2019-08-08T00:00:55.756" intervalms="310.269">
  <response-info timems="9.699" idlems="9.699" threads="0" lastid="00000000020B3B00" lastname="Thread-27" />
</exclusive-start>
<af-start id="5173" threadId="00000000020B4488" totalBytesRequested="40" timestamp="2019-08-08T00:00:55.756" intervalms="310.215" />
<cycle-start id="5174" type="global" contextid="0" timestamp="2019-08-08T00:00:55.756" intervalms="310.197" />
<gc-start id="5175" type="global" contextid="5174" timestamp="2019-08-08T00:00:55.756">
  <mem-info id="5176" free="2276352" total="113836032" percent="1">
    <mem type="tenure" free="2276352" total="113836032" percent="1">
      <mem type="soa" free="0" total="111559680" percent="0" />
      <mem type="loa" free="2276352" total="2276352" percent="100" />
    </mem>
  </mem-info>
</gc-start>
<allocation-stats totalBytes="83797352" >
  <allocated-bytes non-tlh="0" tlh="83797352" />
  <largest-consumer threadName="Thread-23" threadId="0000000002102A00" bytes="9306568" />
</allocation-stats>
<gc-op id="5177" type="mark" timems="251.602" contextid="5174" timestamp="2019-08-08T00:00:56.008">
  <trace-info objectcount="724288" scancount="641258" scanbytes="18697248" />
  <finalization candidates="151" enqueued="0" />
  <ownableSynchronizers candidates="23" cleared="0" />
  <references type="soft" candidates="1917" cleared="0" enqueued="0" dynamicThreshold="24" maxThreshold="32" />
  <references type="weak" candidates="6266" cleared="0" enqueued="0" />
  <references type="phantom" candidates="237" cleared="0" enqueued="0" />
  <stringconstants candidates="14617" cleared="0"  />
</gc-op>
<gc-op id="5178" type="sweep" timems="3.079" contextid="5174" timestamp="2019-08-08T00:00:56.011" />
<mem-info id="5179" free="86113072" total="113836032" percent="75">
  <mem type="tenure" free="86113072" total="113836032" percent="75" micro-fragmented="232776" macro-fragmented="13432428">
    <mem type="soa" free="83836720" total="111559680" percent="75" />
    <mem type="loa" free="2276352" total="2276352" percent="100" />
  </mem>
</mem-info>
<gc-op id="5180" type="compact" timems="30.046" contextid="5174" timestamp="2019-08-08T00:00:56.041">
  <compact-info movecount="102752" movebytes="4971584" reason="compact to aid heap contraction" />
</gc-op>
<heap-resize id="5181" type="expand" space="tenure" amount="327680" count="1" timems="0.018" reason="satisfy allocation request" timestamp="2019-08-08T00:00:56.042" />
<gc-end id="5182" type="global" contextid="5174" durationms="285.752" usertimems="198.572" systemtimems="130.266" timestamp="2019-08-08T00:00:56.042" activeThreads="16">
  <mem-info id="5183" free="86844968" total="114163712" percent="76">
    <mem type="tenure" free="86844968" total="114163712" percent="76">
      <mem type="soa" free="84562472" total="111881216" percent="75" />
      <mem type="loa" free="2282496" total="2282496" percent="100" />
    </mem>
  </mem-info>
</gc-end>
<cycle-end id="5184" type="global" contextid="5174" timestamp="2019-08-08T00:00:56.042" />
  <attribute name="elasticGC enabled" value="1" />
  <attribute name= "numThreadsSpecified" value="16" />
  <attribute name="heapSize specified" value="113836032" />
  <attribute name="Current GC Util" value="56" />
  <attribute name= "Current Time Running" value="174964" />
  <attribute name ="GC Interval" value="0" />
  <attribute name="Target GC Util Change" value ="80.000000" />
  <attribute name="Current GC Util Change" value="56.000000"/>
  <attribute name="Current Error" value="30.000000" />
  <attribute name="Output H" value="114138888"/>
  <attribute name="Output I" value="2168"/>
  <attribute name="Output T" value="16"/>
  <attribute name= "Current Time Running" value="174964" />
  <attribute name="GC Util currently" value="56" />
  <attribute name="CPU Util currently" value="38314975854" />
<allocation-satisfied id="5185" threadId="00000000020B3B00" bytesRequested="40" />
<af-end id="5186" timestamp="2019-08-08T00:00:56.042" threadId="00000000020B4488" success="true" />
<exclusive-end id="5187" timestamp="2019-08-08T00:00:56.042" durationms="286.089" />

<exclusive-start id="5188" timestamp="2019-08-08T00:00:56.438" intervalms="681.702">
  <response-info timems="58.087" idlems="58.087" threads="0" lastid="0000000002106500" lastname="Thread-24" />
</exclusive-start>
<af-start id="5189" threadId="0000000002106E88" totalBytesRequested="24" timestamp="2019-08-08T00:00:56.438" intervalms="681.693" />
<cycle-start id="5190" type="global" contextid="0" timestamp="2019-08-08T00:00:56.438" intervalms="681.702" />
<gc-start id="5191" type="global" contextid="5190" timestamp="2019-08-08T00:00:56.438">
  <mem-info id="5192" free="2282496" total="114163712" percent="1">
    <mem type="tenure" free="2282496" total="114163712" percent="1">
      <mem type="soa" free="0" total="111881216" percent="0" />
      <mem type="loa" free="2282496" total="2282496" percent="100" />
    </mem>
  </mem-info>
</gc-start>
<allocation-stats totalBytes="84617592" >
  <allocated-bytes non-tlh="0" tlh="84617592" />
  <largest-consumer threadName="Thread-30" threadId="00000000020EFA00" bytes="10713584" />
</allocation-stats>
<gc-op id="5193" type="mark" timems="57.256" contextid="5190" timestamp="2019-08-08T00:00:56.495">
  <trace-info objectcount="733774" scancount="650737" scanbytes="18924184" />
  <finalization candidates="151" enqueued="0" />
  <ownableSynchronizers candidates="23" cleared="0" />
  <references type="soft" candidates="1917" cleared="0" enqueued="0" dynamicThreshold="24" maxThreshold="32" />
  <references type="weak" candidates="6266" cleared="0" enqueued="0" />
  <references type="phantom" candidates="237" cleared="0" enqueued="0" />
  <stringconstants candidates="14617" cleared="0"  />
</gc-op>
<gc-op id="5194" type="sweep" timems="5.910" contextid="5190" timestamp="2019-08-08T00:00:56.501" />
<mem-info id="5195" free="86353976" total="114163712" percent="75">
  <mem type="tenure" free="86353976" total="114163712" percent="75" micro-fragmented="174736" macro-fragmented="24865531">
    <mem type="soa" free="84071480" total="111881216" percent="75" />
    <mem type="loa" free="2282496" total="2282496" percent="100" />
  </mem>
</mem-info>
<gc-op id="5196" type="compact" timems="53.889" contextid="5190" timestamp="2019-08-08T00:00:56.555">
  <compact-info movecount="102863" movebytes="4489904" reason="compact to aid heap contraction" />
</gc-op>
<heap-resize id="5197" type="expand" space="tenure" amount="327680" count="1" timems="0.024" reason="satisfy allocation request" timestamp="2019-08-08T00:00:56.557" />
<gc-end id="5198" type="global" contextid="5190" durationms="118.762" usertimems="165.862" systemtimems="81.348" timestamp="2019-08-08T00:00:56.557" activeThreads="16">
  <mem-info id="5199" free="86945712" total="114491392" percent="75">
    <mem type="tenure" free="86945712" total="114491392" percent="75">
      <mem type="soa" free="84656048" total="112201728" percent="75" />
      <mem type="loa" free="2289664" total="2289664" percent="100" />
    </mem>
  </mem-info>
</gc-end>
<cycle-end id="5200" type="global" contextid="5190" timestamp="2019-08-08T00:00:56.557" />
  <attribute name="elasticGC enabled" value="1" />
  <attribute name= "numThreadsSpecified" value="16" />
  <attribute name="heapSize specified" value="114163712" />
  <attribute name="Current GC Util" value="59" />
  <attribute name= "Current Time Running" value="175478" />
  <attribute name ="GC Interval" value="0" />
  <attribute name="Target GC Util Change" value ="80.000000" />
  <attribute name="Current GC Util Change" value="59.000000"/>
  <attribute name="Current Error" value="21.000000" />
  <attribute name="Output H" value="114466520"/>
  <attribute name="Output I" value="2120"/>
  <attribute name="Output T" value="16"/>
  <attribute name= "Current Time Running" value="175478" />
  <attribute name="GC Util currently" value="59" />
  <attribute name="CPU Util currently" value="21383965393" />
<allocation-satisfied id="5201" threadId="0000000002106500" bytesRequested="24" />
<af-end id="5202" timestamp="2019-08-08T00:00:56.557" threadId="0000000002106E88" success="true" />
<exclusive-end id="5203" timestamp="2019-08-08T00:00:56.557" durationms="119.366" />

<exclusive-start id="5204" timestamp="2019-08-08T00:00:56.833" intervalms="394.752">
  <response-info timems="7.888" idlems="7.888" threads="0" lastid="00000000020DCE00" lastname="Thread-35" />
</exclusive-start>
<af-start id="5205" threadId="00000000020DD788" totalBytesRequested="24" timestamp="2019-08-08T00:00:56.833" intervalms="394.827" />
<cycle-start id="5206" type="global" contextid="0" timestamp="2019-08-08T00:00:56.833" intervalms="394.829" />
<gc-start id="5207" type="global" contextid="5206" timestamp="2019-08-08T00:00:56.833">
  <mem-info id="5208" free="2289664" total="114491392" percent="1">
    <mem type="tenure" free="2289664" total="114491392" percent="1">
      <mem type="soa" free="0" total="112201728" percent="0" />
      <mem type="loa" free="2289664" total="2289664" percent="100" />
    </mem>
  </mem-info>
</gc-start>
<allocation-stats totalBytes="84711288" >
  <allocated-bytes non-tlh="0" tlh="84711288" />
  <largest-consumer threadName="Thread-21" threadId="00000000020D5600" bytes="9276680" />
</allocation-stats>
<gc-op id="5209" type="mark" timems="29.711" contextid="5206" timestamp="2019-08-08T00:00:56.863">
  <trace-info objectcount="739051" scancount="656036" scanbytes="19051288" />
  <finalization candidates="151" enqueued="0" />
  <ownableSynchronizers candidates="23" cleared="0" />
  <references type="soft" candidates="1917" cleared="0" enqueued="0" dynamicThreshold="24" maxThreshold="32" />
  <references type="weak" candidates="6266" cleared="0" enqueued="0" />
  <references type="phantom" candidates="237" cleared="0" enqueued="0" />
  <stringconstants candidates="14617" cleared="0"  />
</gc-op>
<gc-op id="5210" type="sweep" timems="3.624" contextid="5206" timestamp="2019-08-08T00:00:56.866" />
<mem-info id="5211" free="86597328" total="114491392" percent="75">
  <mem type="tenure" free="86597328" total="114491392" percent="75" micro-fragmented="82171" macro-fragmented="16355287">
    <mem type="soa" free="84307664" total="112201728" percent="75" />
    <mem type="loa" free="2289664" total="2289664" percent="100" />
  </mem>
</mem-info>
<gc-op id="5212" type="compact" timems="56.393" contextid="5206" timestamp="2019-08-08T00:00:56.923">
  <compact-info movecount="115226" movebytes="5527064" reason="compact to aid heap contraction" />
</gc-op>
<heap-resize id="5213" type="expand" space="tenure" amount="327680" count="1" timems="0.028" reason="satisfy allocation request" timestamp="2019-08-08T00:00:56.931" />
<gc-end id="5214" type="global" contextid="5206" durationms="98.658" usertimems="139.346" systemtimems="34.924" timestamp="2019-08-08T00:00:56.931" activeThreads="16">
  <mem-info id="5215" free="87146288" total="114819072" percent="75">
    <mem type="tenure" free="87146288" total="114819072" percent="75">
      <mem type="soa" free="84850480" total="112523264" percent="75" />
      <mem type="loa" free="2295808" total="2295808" percent="100" />
    </mem>
  </mem-info>
</gc-end>
<cycle-end id="5216" type="global" contextid="5206" timestamp="2019-08-08T00:00:56.932" />
  <attribute name="elasticGC enabled" value="1" />
  <attribute name= "numThreadsSpecified" value="16" />
  <attribute name="heapSize specified" value="114491392" />
  <attribute name="Current GC Util" value="47" />
  <attribute name= "Current Time Running" value="175846" />
  <attribute name ="GC Interval" value="0" />
  <attribute name="Target GC Util Change" value ="80.000000" />
  <attribute name="Current GC Util Change" value="47.000000"/>
  <attribute name="Current Error" value="-197.000000" />
  <attribute name="Output H" value="114793200"/>
  <attribute name="Output I" value="992"/>
  <attribute name="Output T" value="16"/>
  <attribute name= "Current Time Running" value="175846" />
  <attribute name="GC Util currently" value="47" />
  <attribute name="CPU Util currently" value="20417297175" />
<allocation-satisfied id="5217" threadId="00000000020DCE00" bytesRequested="24" />
<af-end id="5218" timestamp="2019-08-08T00:00:56.932" threadId="00000000020DD788" success="true" />
<exclusive-end id="5219" timestamp="2019-08-08T00:00:56.932" durationms="99.144" />

<exclusive-start id="5220" timestamp="2019-08-08T00:00:57.076" intervalms="243.925">
  <response-info timems="2.970" idlems="1.468" threads="10" lastid="00000000020CA300" lastname="Thread-29" />
</exclusive-start>
<af-start id="5221" threadId="0000000002112288" totalBytesRequested="40" timestamp="2019-08-08T00:00:57.077" intervalms="243.860" />
<cycle-start id="5222" type="global" contextid="0" timestamp="2019-08-08T00:00:57.077" intervalms="243.851" />
<gc-start id="5223" type="global" contextid="5222" timestamp="2019-08-08T00:00:57.077">
  <mem-info id="5224" free="2295808" total="114819072" percent="1">
    <mem type="tenure" free="2295808" total="114819072" percent="1">
      <mem type="soa" free="0" total="112523264" percent="0" />
      <mem type="loa" free="2295808" total="2295808" percent="100" />
    </mem>
  </mem-info>
</gc-start>
<allocation-stats totalBytes="84905344" >
  <allocated-bytes non-tlh="0" tlh="84905344" />
  <largest-consumer threadName="Thread-35" threadId="00000000020DCE00" bytes="10294200" />
</allocation-stats>
<heap-resize id="5225" type="loa contract" space="tenure" amount="1147904" count="1" timems="0.000" reason="contract underutilized loa" timestamp="2019-08-08T00:00:57.077" />
<gc-op id="5226" type="mark" timems="17.566" contextid="5222" timestamp="2019-08-08T00:00:57.094">
  <trace-info objectcount="742998" scancount="659968" scanbytes="19145536" />
  <finalization candidates="151" enqueued="0" />
  <ownableSynchronizers candidates="23" cleared="0" />
  <references type="soft" candidates="1917" cleared="5" enqueued="5" dynamicThreshold="24" maxThreshold="32" />
  <references type="weak" candidates="6266" cleared="0" enqueued="0" />
  <references type="phantom" candidates="237" cleared="0" enqueued="0" />
  <stringconstants candidates="14617" cleared="0"  />
</gc-op>
<gc-op id="5227" type="sweep" timems="3.126" contextid="5222" timestamp="2019-08-08T00:00:57.098" />
<mem-info id="5228" free="86957456" total="114819072" percent="75">
  <mem type="tenure" free="86957456" total="114819072" percent="75" micro-fragmented="77969" macro-fragmented="8545740">
    <mem type="soa" free="85809552" total="113671168" percent="75" />
    <mem type="loa" free="1147904" total="1147904" percent="100" />
  </mem>
  <pending-finalizers system="0" default="0" reference="5" classloader="0" />
</mem-info>
<gc-op id="5229" type="compact" timems="32.770" contextid="5222" timestamp="2019-08-08T00:00:57.131">
  <compact-info movecount="119475" movebytes="5696488" reason="compact to aid heap contraction" />
</gc-op>
<heap-resize id="5230" type="expand" space="tenure" amount="327680" count="1" timems="0.020" reason="satisfy allocation request" timestamp="2019-08-08T00:00:57.132" />
<gc-end id="5231" type="global" contextid="5222" durationms="55.530" usertimems="122.426" systemtimems="21.085" timestamp="2019-08-08T00:00:57.132" activeThreads="16">
  <mem-info id="5232" free="87379720" total="115146752" percent="75">
    <mem type="tenure" free="87379720" total="115146752" percent="75">
      <mem type="soa" free="86228744" total="113995776" percent="75" />
      <mem type="loa" free="1150976" total="1150976" percent="100" />
    </mem>
    <pending-finalizers system="0" default="0" reference="5" classloader="0" />
  </mem-info>
</gc-end>
<cycle-end id="5233" type="global" contextid="5222" timestamp="2019-08-08T00:00:57.132" />
  <attribute name="elasticGC enabled" value="1" />
  <attribute name= "numThreadsSpecified" value="16" />
  <attribute name="heapSize specified" value="114819072" />
  <attribute name="Current GC Util" value="81" />
  <attribute name= "Current Time Running" value="176054" />
  <attribute name ="GC Interval" value="0" />
  <attribute name="Target GC Util Change" value ="80.000000" />
  <attribute name="Current GC Util Change" value="81.000000"/>
  <attribute name="Current Error" value="-327.000000" />
  <attribute name="Output H" value="115120280"/>
  <attribute name="Output I" value="312"/>
  <attribute name="Output T" value="16"/>
  <attribute name= "Current Time Running" value="176054" />
  <attribute name="GC Util currently" value="81" />
  <attribute name="CPU Util currently" value="35041015999" />
<allocation-satisfied id="5234" threadId="0000000002111900" bytesRequested="40" />
<af-end id="5235" timestamp="2019-08-08T00:00:57.133" threadId="0000000002112288" success="true" />
<exclusive-end id="5236" timestamp="2019-08-08T00:00:57.133" durationms="56.089" />

<exclusive-start id="5237" timestamp="2019-08-08T00:00:57.289" intervalms="212.889">
  <response-info timems="0.738" idlems="0.738" threads="0" lastid="00000000020D1B00" lastname="Thread-34" />
</exclusive-start>
<af-start id="5238" threadId="00000000020D2488" totalBytesRequested="40" timestamp="2019-08-08T00:00:57.289" intervalms="212.905" />
<cycle-start id="5239" type="global" contextid="0" timestamp="2019-08-08T00:00:57.290" intervalms="213.052" />
<gc-start id="5240" type="global" contextid="5239" timestamp="2019-08-08T00:00:57.290">
  <mem-info id="5241" free="1150976" total="115146752" percent="0">
    <mem type="tenure" free="1150976" total="115146752" percent="0">
      <mem type="soa" free="0" total="113995776" percent="0" />
      <mem type="loa" free="1150976" total="1150976" percent="100" />
    </mem>
  </mem-info>
</gc-start>
<allocation-stats totalBytes="86283352" >
  <allocated-bytes non-tlh="0" tlh="86283352" />
  <largest-consumer threadName="Thread-36" threadId="00000000020CDF00" bytes="11500144" />
</allocation-stats>
<gc-op id="5242" type="mark" timems="21.772" contextid="5239" timestamp="2019-08-08T00:00:57.312">
  <trace-info objectcount="737842" scancount="654826" scanbytes="19022368" />
  <finalization candidates="151" enqueued="0" />
  <ownableSynchronizers candidates="23" cleared="0" />
  <references type="soft" candidates="1912" cleared="1" enqueued="0" dynamicThreshold="24" maxThreshold="32" />
  <references type="weak" candidates="6266" cleared="0" enqueued="0" />
  <references type="phantom" candidates="237" cleared="0" enqueued="0" />
  <stringconstants candidates="14617" cleared="0"  />
</gc-op>
<gc-op id="5243" type="sweep" timems="3.019" contextid="5239" timestamp="2019-08-08T00:00:57.315" />
<mem-info id="5244" free="87235072" total="115146752" percent="75">
  <mem type="tenure" free="87235072" total="115146752" percent="75" micro-fragmented="143486" macro-fragmented="21400472">
    <mem type="soa" free="86084096" total="113995776" percent="75" />
    <mem type="loa" free="1150976" total="1150976" percent="100" />
  </mem>
</mem-info>
<gc-op id="5245" type="compact" timems="37.323" contextid="5239" timestamp="2019-08-08T00:00:57.352">
  <compact-info movecount="126261" movebytes="6284824" reason="compact to aid heap contraction" />
</gc-op>
<heap-resize id="5246" type="expand" space="tenure" amount="327680" count="1" timems="0.041" reason="satisfy allocation request" timestamp="2019-08-08T00:00:57.353" />
<gc-end id="5247" type="global" contextid="5239" durationms="62.956" usertimems="150.115" systemtimems="33.456" timestamp="2019-08-08T00:00:57.353" activeThreads="8">
  <mem-info id="5248" free="87848656" total="115474432" percent="76">
    <mem type="tenure" free="87848656" total="115474432" percent="76">
      <mem type="soa" free="86694608" total="114320384" percent="75" />
      <mem type="loa" free="1154048" total="1154048" percent="100" />
    </mem>
  </mem-info>
</gc-end>
<cycle-end id="5249" type="global" contextid="5239" timestamp="2019-08-08T00:00:57.353" />
  <attribute name="elasticGC enabled" value="1" />
  <attribute name= "numThreadsSpecified" value="8" />
  <attribute name="heapSize specified" value="115146752" />
  <attribute name="Current GC Util" value="84" />
  <attribute name= "Current Time Running" value="176275" />
  <attribute name ="GC Interval" value="0" />
  <attribute name="Target GC Util Change" value ="80.000000" />
  <attribute name="Current GC Util Change" value="84.000000"/>
  <attribute name="Current Error" value="-4.000000" />
  <attribute name="Output H" value="115449448"/>
  <attribute name="Output I" value="1992"/>
  <attribute name="Output T" value="8"/>
  <attribute name= "Current Time Running" value="176275" />
  <attribute name="GC Util currently" value="84" />
  <attribute name="CPU Util currently" value="30900056004" />
<allocation-satisfied id="5250" threadId="00000000020D1B00" bytesRequested="40" />
<af-end id="5251" timestamp="2019-08-08T00:00:57.353" threadId="00000000020D2488" success="true" />
<exclusive-end id="5252" timestamp="2019-08-08T00:00:57.353" durationms="63.644" />

<exclusive-start id="5253" timestamp="2019-08-08T00:00:57.590" intervalms="300.178">
  <response-info timems="1.378" idlems="0.483" threads="2" lastid="00000000020D5600" lastname="Thread-21" />
</exclusive-start>
<af-start id="5254" threadId="00000000020CAC88" totalBytesRequested="24" timestamp="2019-08-08T00:00:57.590" intervalms="300.169" />
<cycle-start id="5255" type="global" contextid="0" timestamp="2019-08-08T00:00:57.590" intervalms="300.031" />
<gc-start id="5256" type="global" contextid="5255" timestamp="2019-08-08T00:00:57.590">
  <mem-info id="5257" free="1154048" total="115474432" percent="0">
    <mem type="tenure" free="1154048" total="115474432" percent="0">
      <mem type="soa" free="0" total="114320384" percent="0" />
      <mem type="loa" free="1154048" total="1154048" percent="100" />
    </mem>
  </mem-info>
</gc-start>
<allocation-stats totalBytes="86753256" >
  <allocated-bytes non-tlh="0" tlh="86753256" />
  <largest-consumer threadName="Thread-36" threadId="00000000020CDF00" bytes="13204104" />
</allocation-stats>
<gc-op id="5258" type="mark" timems="16.380" contextid="5255" timestamp="2019-08-08T00:00:57.606">
  <trace-info objectcount="735189" scancount="652160" scanbytes="18959056" />
  <finalization candidates="151" enqueued="0" />
  <ownableSynchronizers candidates="23" cleared="0" />
  <references type="soft" candidates="1911" cleared="0" enqueued="0" dynamicThreshold="24" maxThreshold="32" />
  <references type="weak" candidates="6266" cleared="0" enqueued="0" />
  <references type="phantom" candidates="237" cleared="0" enqueued="0" />
  <stringconstants candidates="14617" cleared="0"  />
</gc-op>
<gc-op id="5259" type="sweep" timems="4.784" contextid="5255" timestamp="2019-08-08T00:00:57.611" />
<mem-info id="5260" free="87796088" total="115474432" percent="76">
  <mem type="tenure" free="87796088" total="115474432" percent="76" micro-fragmented="136140" macro-fragmented="21553445">
    <mem type="soa" free="86642040" total="114320384" percent="75" />
    <mem type="loa" free="1154048" total="1154048" percent="100" />
  </mem>
</mem-info>
<gc-op id="5261" type="compact" timems="41.382" contextid="5255" timestamp="2019-08-08T00:00:57.653">
  <compact-info movecount="115057" movebytes="5423024" reason="compact to aid heap contraction" />
</gc-op>
<heap-resize id="5262" type="expand" space="tenure" amount="327680" count="1" timems="0.053" reason="satisfy allocation request" timestamp="2019-08-08T00:00:57.655" />
<gc-end id="5263" type="global" contextid="5255" durationms="65.465" usertimems="104.346" systemtimems="20.876" timestamp="2019-08-08T00:00:57.655" activeThreads="16">
  <mem-info id="5264" free="88239648" total="115802112" percent="76">
    <mem type="tenure" free="88239648" total="115802112" percent="76">
      <mem type="soa" free="87082528" total="114644992" percent="75" />
      <mem type="loa" free="1157120" total="1157120" percent="100" />
    </mem>
  </mem-info>
</gc-end>
<cycle-end id="5265" type="global" contextid="5255" timestamp="2019-08-08T00:00:57.655" />
  <attribute name="elasticGC enabled" value="1" />
  <attribute name= "numThreadsSpecified" value="16" />
  <attribute name="heapSize specified" value="115474432" />
  <attribute name="Current GC Util" value="54" />
  <attribute name= "Current Time Running" value="176576" />
  <attribute name ="GC Interval" value="0" />
  <attribute name="Target GC Util Change" value ="80.000000" />
  <attribute name="Current GC Util Change" value="54.000000"/>
  <attribute name="Current Error" value="-229.000000" />
  <attribute name="Output H" value="115776088"/>
  <attribute name="Output I" value="824"/>
  <attribute name="Output T" value="16"/>
  <attribute name= "Current Time Running" value="176576" />
  <attribute name="GC Util currently" value="54" />
  <attribute name="CPU Util currently" value="27834388099" />
<allocation-satisfied id="5266" threadId="00000000020CA300" bytesRequested="24" />
<af-end id="5267" timestamp="2019-08-08T00:00:57.655" threadId="00000000020CAC88" success="true" />
<exclusive-end id="5268" timestamp="2019-08-08T00:00:57.655" durationms="65.853" />

<exclusive-start id="5269" timestamp="2019-08-08T00:00:57.784" intervalms="194.468">
  <response-info timems="0.758" idlems="0.758" threads="0" lastid="00000000020CDF00" lastname="Thread-36" />
</exclusive-start>
<af-start id="5270" threadId="00000000020CE888" totalBytesRequested="40" timestamp="2019-08-08T00:00:57.784" intervalms="194.451" />
<cycle-start id="5271" type="global" contextid="0" timestamp="2019-08-08T00:00:57.784" intervalms="194.474" />
<gc-start id="5272" type="global" contextid="5271" timestamp="2019-08-08T00:00:57.784">
  <mem-info id="5273" free="1157120" total="115802112" percent="0">
    <mem type="tenure" free="1157120" total="115802112" percent="0">
      <mem type="soa" free="0" total="114644992" percent="0" />
      <mem type="loa" free="1157120" total="1157120" percent="100" />
    </mem>
  </mem-info>
</gc-start>
<allocation-stats totalBytes="87140824" >
  <allocated-bytes non-tlh="0" tlh="87140824" />
  <largest-consumer threadName="Thread-33" threadId="00000000020FEE00" bytes="13644568" />
</allocation-stats>
<gc-op id="5274" type="mark" timems="23.745" contextid="5271" timestamp="2019-08-08T00:00:57.808">
  <trace-info objectcount="727896" scancount="644872" scanbytes="18783816" />
  <finalization candidates="151" enqueued="0" />
  <ownableSynchronizers candidates="23" cleared="0" />
  <references type="soft" candidates="1911" cleared="0" enqueued="0" dynamicThreshold="24" maxThreshold="32" />
  <references type="weak" candidates="6266" cleared="0" enqueued="0" />
  <references type="phantom" candidates="237" cleared="0" enqueued="0" />
  <stringconstants candidates="14617" cleared="0"  />
</gc-op>
<gc-op id="5275" type="sweep" timems="3.369" contextid="5271" timestamp="2019-08-08T00:00:57.812" />
<mem-info id="5276" free="88320160" total="115802112" percent="76">
  <mem type="tenure" free="88320160" total="115802112" percent="76" micro-fragmented="123155" macro-fragmented="13713484">
    <mem type="soa" free="87163040" total="114644992" percent="76" />
    <mem type="loa" free="1157120" total="1157120" percent="100" />
  </mem>
</mem-info>
<gc-op id="5277" type="compact" timems="34.498" contextid="5271" timestamp="2019-08-08T00:00:57.846">
  <compact-info movecount="97049" movebytes="4257608" reason="compact to aid heap contraction" />
</gc-op>
<heap-resize id="5278" type="expand" space="tenure" amount="327680" count="1" timems="0.023" reason="satisfy allocation request" timestamp="2019-08-08T00:00:57.852" />
<gc-end id="5279" type="global" contextid="5271" durationms="67.867" usertimems="104.191" systemtimems="22.029" timestamp="2019-08-08T00:00:57.852" activeThreads="16">
  <mem-info id="5280" free="88742568" total="116129792" percent="76">
    <mem type="tenure" free="88742568" total="116129792" percent="76">
      <mem type="soa" free="87581352" total="114968576" percent="76" />
      <mem type="loa" free="1161216" total="1161216" percent="100" />
    </mem>
  </mem-info>
</gc-end>
<cycle-end id="5281" type="global" contextid="5271" timestamp="2019-08-08T00:00:57.852" />
  <attribute name="elasticGC enabled" value="1" />
  <attribute name= "numThreadsSpecified" value="16" />
  <attribute name="heapSize specified" value="115802112" />
  <attribute name="Current GC Util" value="55" />
  <attribute name= "Current Time Running" value="176769" />
  <attribute name ="GC Interval" value="0" />
  <attribute name="Target GC Util Change" value ="80.000000" />
  <attribute name="Current GC Util Change" value="55.000000"/>
  <attribute name="Current Error" value="-260.000000" />
  <attribute name="Output H" value="116103624"/>
  <attribute name="Output I" value="664"/>
  <attribute name="Output T" value="16"/>
  <attribute name= "Current Time Running" value="176769" />
  <attribute name="GC Util currently" value="55" />
  <attribute name="CPU Util currently" value="33329244450" />
<allocation-satisfied id="5282" threadId="00000000020CDF00" bytesRequested="40" />
<af-end id="5283" timestamp="2019-08-08T00:00:57.852" threadId="00000000020CE888" success="true" />
<exclusive-end id="5284" timestamp="2019-08-08T00:00:57.852" durationms="68.375" />

<exclusive-start id="5285" timestamp="2019-08-08T00:00:58.005" intervalms="220.958">
  <response-info timems="0.244" idlems="0.176" threads="3" lastid="0000000002102A00" lastname="Thread-23" />
</exclusive-start>
<af-start id="5286" threadId="00000000020D5F88" totalBytesRequested="40" timestamp="2019-08-08T00:00:58.005" intervalms="220.958" />
<cycle-start id="5287" type="global" contextid="0" timestamp="2019-08-08T00:00:58.005" intervalms="220.943" />
<gc-start id="5288" type="global" contextid="5287" timestamp="2019-08-08T00:00:58.005">
  <mem-info id="5289" free="1161216" total="116129792" percent="0">
    <mem type="tenure" free="1161216" total="116129792" percent="0">
      <mem type="soa" free="0" total="114968576" percent="0" />
      <mem type="loa" free="1161216" total="1161216" percent="100" />
    </mem>
  </mem-info>
</gc-start>
<allocation-stats totalBytes="87636136" >
  <allocated-bytes non-tlh="0" tlh="87636136" />
  <largest-consumer threadName="Thread-31" threadId="00000000020D9200" bytes="15251656" />
</allocation-stats>
<gc-op id="5290" type="mark" timems="32.620" contextid="5287" timestamp="2019-08-08T00:00:58.038">
  <trace-info objectcount="736584" scancount="653527" scanbytes="18992384" />
  <finalization candidates="151" enqueued="0" />
  <ownableSynchronizers candidates="23" cleared="0" />
  <references type="soft" candidates="1911" cleared="0" enqueued="0" dynamicThreshold="24" maxThreshold="32" />
  <references type="weak" candidates="6266" cleared="0" enqueued="0" />
  <references type="phantom" candidates="237" cleared="0" enqueued="0" />
  <stringconstants candidates="14617" cleared="0"  />
</gc-op>
<gc-op id="5291" type="sweep" timems="2.366" contextid="5287" timestamp="2019-08-08T00:00:58.040" />
<mem-info id="5292" free="88495504" total="116129792" percent="76">
  <mem type="tenure" free="88495504" total="116129792" percent="76" micro-fragmented="102175" macro-fragmented="5472929">
    <mem type="soa" free="87334288" total="114968576" percent="75" />
    <mem type="loa" free="1161216" total="1161216" percent="100" />
  </mem>
</mem-info>
<gc-op id="5293" type="compact" timems="47.111" contextid="5287" timestamp="2019-08-08T00:00:58.087">
  <compact-info movecount="115543" movebytes="4976272" reason="compact to aid heap contraction" />
</gc-op>
<heap-resize id="5294" type="expand" space="tenure" amount="327680" count="1" timems="0.020" reason="satisfy allocation request" timestamp="2019-08-08T00:00:58.088" />
<gc-end id="5295" type="global" contextid="5287" durationms="82.990" usertimems="149.687" systemtimems="35.081" timestamp="2019-08-08T00:00:58.088" activeThreads="16">
  <mem-info id="5296" free="88861680" total="116457472" percent="76">
    <mem type="tenure" free="88861680" total="116457472" percent="76">
      <mem type="soa" free="87697392" total="115293184" percent="76" />
      <mem type="loa" free="1164288" total="1164288" percent="100" />
    </mem>
  </mem-info>
</gc-end>
<cycle-end id="5297" type="global" contextid="5287" timestamp="2019-08-08T00:00:58.088" />
  <attribute name="elasticGC enabled" value="1" />
  <attribute name= "numThreadsSpecified" value="16" />
  <attribute name="heapSize specified" value="116129792" />
  <attribute name="Current GC Util" value="50" />
  <attribute name= "Current Time Running" value="177010" />
  <attribute name ="GC Interval" value="0" />
  <attribute name="Target GC Util Change" value ="80.000000" />
  <attribute name="Current GC Util Change" value="50.000000"/>
  <attribute name="Current Error" value="30.000000" />
  <attribute name="Output H" value="116432648"/>
  <attribute name="Output I" value="2168"/>
  <attribute name="Output T" value="16"/>
  <attribute name= "Current Time Running" value="177010" />
  <attribute name="GC Util currently" value="50" />
  <attribute name="CPU Util currently" value="24458775134" />
<allocation-satisfied id="5298" threadId="00000000020D5600" bytesRequested="40" />
<af-end id="5299" timestamp="2019-08-08T00:00:58.088" threadId="00000000020D5F88" success="true" />
<exclusive-end id="5300" timestamp="2019-08-08T00:00:58.088" durationms="83.254" />

<exclusive-start id="5301" timestamp="2019-08-08T00:00:58.180" intervalms="175.139">
  <response-info timems="6.551" idlems="1.928" threads="3" lastid="00000000020EFA00" lastname="Thread-30" />
</exclusive-start>
<af-start id="5302" threadId="00000000020BBC88" totalBytesRequested="24" timestamp="2019-08-08T00:00:58.180" intervalms="175.143" />
<cycle-start id="5303" type="global" contextid="0" timestamp="2019-08-08T00:00:58.180" intervalms="175.123" />
<gc-start id="5304" type="global" contextid="5303" timestamp="2019-08-08T00:00:58.180">
  <mem-info id="5305" free="1164288" total="116457472" percent="0">
    <mem type="tenure" free="1164288" total="116457472" percent="0">
      <mem type="soa" free="0" total="115293184" percent="0" />
      <mem type="loa" free="1164288" total="1164288" percent="100" />
    </mem>
  </mem-info>
</gc-start>
<allocation-stats totalBytes="87752664" >
  <allocated-bytes non-tlh="0" tlh="87752664" />
  <largest-consumer threadName="Thread-23" threadId="0000000002102A00" bytes="11238384" />
</allocation-stats>
<gc-op id="5306" type="mark" timems="103.244" contextid="5303" timestamp="2019-08-08T00:00:58.284">
  <trace-info objectcount="738978" scancount="655953" scanbytes="19049960" />
  <finalization candidates="151" enqueued="0" />
  <ownableSynchronizers candidates="23" cleared="0" />
  <references type="soft" candidates="1911" cleared="0" enqueued="0" dynamicThreshold="24" maxThreshold="32" />
  <references type="weak" candidates="6266" cleared="0" enqueued="0" />
  <references type="phantom" candidates="237" cleared="0" enqueued="0" />
  <stringconstants candidates="14617" cleared="0"  />
</gc-op>
<gc-op id="5307" type="sweep" timems="1.923" contextid="5303" timestamp="2019-08-08T00:00:58.285" />
<mem-info id="5308" free="88746440" total="116457472" percent="76">
  <mem type="tenure" free="88746440" total="116457472" percent="76" micro-fragmented="142634" macro-fragmented="37992366">
    <mem type="soa" free="87582152" total="115293184" percent="75" />
    <mem type="loa" free="1164288" total="1164288" percent="100" />
  </mem>
</mem-info>
<gc-op id="5309" type="compact" timems="36.574" contextid="5303" timestamp="2019-08-08T00:00:58.322">
  <compact-info movecount="124883" movebytes="6012760" reason="compact to aid heap contraction" />
</gc-op>
<heap-resize id="5310" type="expand" space="tenure" amount="327680" count="1" timems="0.022" reason="satisfy allocation request" timestamp="2019-08-08T00:00:58.324" />
<gc-end id="5311" type="global" contextid="5303" durationms="143.510" usertimems="110.824" systemtimems="53.598" timestamp="2019-08-08T00:00:58.324" activeThreads="16">
  <mem-info id="5312" free="89131784" total="116785152" percent="76">
    <mem type="tenure" free="89131784" total="116785152" percent="76">
      <mem type="soa" free="87964424" total="115617792" percent="76" />
      <mem type="loa" free="1167360" total="1167360" percent="100" />
    </mem>
  </mem-info>
</gc-end>
<cycle-end id="5313" type="global" contextid="5303" timestamp="2019-08-08T00:00:58.324" />
  <attribute name="elasticGC enabled" value="1" />
  <attribute name= "numThreadsSpecified" value="16" />
  <attribute name="heapSize specified" value="116457472" />
  <attribute name="Current GC Util" value="67" />
  <attribute name= "Current Time Running" value="177245" />
  <attribute name ="GC Interval" value="0" />
  <attribute name="Target GC Util Change" value ="80.000000" />
  <attribute name="Current GC Util Change" value="67.000000"/>
  <attribute name="Current Error" value="-69.000000" />
  <attribute name="Output H" value="116759872"/>
  <attribute name="Output I" value="1656"/>
  <attribute name="Output T" value="16"/>
  <attribute name= "Current Time Running" value="177245" />
  <attribute name="GC Util currently" value="67" />
  <attribute name="CPU Util currently" value="31486608792" />
<allocation-satisfied id="5314" threadId="00000000020BB300" bytesRequested="24" />
<af-end id="5315" timestamp="2019-08-08T00:00:58.324" threadId="00000000020BBC88" success="true" />
<exclusive-end id="5316" timestamp="2019-08-08T00:00:58.324" durationms="143.771" />

<exclusive-start id="5317" timestamp="2019-08-08T00:00:58.393" intervalms="212.827">
  <response-info timems="1.594" idlems="1.594" threads="0" lastid="00000000020D9200" lastname="Thread-31" />
</exclusive-start>
<af-start id="5318" threadId="00000000020D9B88" totalBytesRequested="40" timestamp="2019-08-08T00:00:58.393" intervalms="212.840" />
<cycle-start id="5319" type="global" contextid="0" timestamp="2019-08-08T00:00:58.393" intervalms="212.849" />
<gc-start id="5320" type="global" contextid="5319" timestamp="2019-08-08T00:00:58.393">
  <mem-info id="5321" free="1167360" total="116785152" percent="0">
    <mem type="tenure" free="1167360" total="116785152" percent="0">
      <mem type="soa" free="0" total="115617792" percent="0" />
      <mem type="loa" free="1167360" total="1167360" percent="100" />
    </mem>
  </mem-info>
</gc-start>
<allocation-stats totalBytes="88019880" >
  <allocated-bytes non-tlh="0" tlh="88019880" />
  <largest-consumer threadName="Thread-29" threadId="00000000020CA300" bytes="13167080" />
</allocation-stats>
<gc-op id="5322" type="mark" timems="18.889" contextid="5319" timestamp="2019-08-08T00:00:58.412">
  <trace-info objectcount="735047" scancount="652019" scanbytes="18955604" />
  <finalization candidates="151" enqueued="0" />
  <ownableSynchronizers candidates="23" cleared="0" />
  <references type="soft" candidates="1911" cleared="6" enqueued="6" dynamicThreshold="24" maxThreshold="32" />
  <references type="weak" candidates="6266" cleared="0" enqueued="0" />
  <references type="phantom" candidates="237" cleared="0" enqueued="0" />
  <stringconstants candidates="14617" cleared="0"  />
</gc-op>
<gc-op id="5323" type="sweep" timems="41.819" contextid="5319" timestamp="2019-08-08T00:00:58.461" />
<mem-info id="5324" free="89130320" total="116785152" percent="76">
  <mem type="tenure" free="89130320" total="116785152" percent="76" micro-fragmented="166657" macro-fragmented="594215">
    <mem type="soa" free="87962960" total="115617792" percent="76" />
    <mem type="loa" free="1167360" total="1167360" percent="100" />
  </mem>
  <pending-finalizers system="0" default="0" reference="6" classloader="0" />
</mem-info>
<gc-op id="5325" type="compact" timems="110.632" contextid="5319" timestamp="2019-08-08T00:00:58.576">
  <compact-info movecount="139042" movebytes="9569952" reason="compact to aid heap contraction" />
</gc-op>
<heap-resize id="5326" type="expand" space="tenure" amount="327680" count="1" timems="0.023" reason="satisfy allocation request" timestamp="2019-08-08T00:00:58.577" />
<gc-end id="5327" type="global" contextid="5319" durationms="184.016" usertimems="124.814" systemtimems="55.222" timestamp="2019-08-08T00:00:58.577" activeThreads="16">
  <mem-info id="5328" free="89553832" total="117112832" percent="76">
    <mem type="tenure" free="89553832" total="117112832" percent="76">
      <mem type="soa" free="88383400" total="115942400" percent="76" />
      <mem type="loa" free="1170432" total="1170432" percent="100" />
    </mem>
    <pending-finalizers system="0" default="0" reference="6" classloader="0" />
  </mem-info>
</gc-end>
<cycle-end id="5329" type="global" contextid="5319" timestamp="2019-08-08T00:00:58.577" />
  <attribute name="elasticGC enabled" value="1" />
  <attribute name= "numThreadsSpecified" value="16" />
  <attribute name="heapSize specified" value="116785152" />
  <attribute name="Current GC Util" value="31" />
  <attribute name= "Current Time Running" value="177499" />
  <attribute name ="GC Interval" value="0" />
  <attribute name="Target GC Util Change" value ="80.000000" />
  <attribute name="Current GC Util Change" value="31.000000"/>
  <attribute name="Current Error" value="4.000000" />
  <attribute name="Output H" value="117087888"/>
  <attribute name="Output I" value="2032"/>
  <attribute name="Output T" value="16"/>
  <attribute name= "Current Time Running" value="177499" />
  <attribute name="GC Util currently" value="31" />
  <attribute name="CPU Util currently" value="10956607243" />
<allocation-satisfied id="5330" threadId="00000000020D9200" bytesRequested="40" />
<af-end id="5331" timestamp="2019-08-08T00:00:58.577" threadId="00000000020D9B88" success="true" />
<exclusive-end id="5332" timestamp="2019-08-08T00:00:58.577" durationms="184.438" />

<exclusive-start id="5333" timestamp="2019-08-08T00:00:58.687" intervalms="293.606">
  <response-info timems="2.524" idlems="2.524" threads="0" lastid="00000000020D5600" lastname="Thread-21" />
</exclusive-start>
<af-start id="5334" threadId="00000000020D5F88" totalBytesRequested="24" timestamp="2019-08-08T00:00:58.687" intervalms="293.600" />
<cycle-start id="5335" type="global" contextid="0" timestamp="2019-08-08T00:00:58.687" intervalms="293.596" />
<gc-start id="5336" type="global" contextid="5335" timestamp="2019-08-08T00:00:58.687">
  <mem-info id="5337" free="1170432" total="117112832" percent="0">
    <mem type="tenure" free="1170432" total="117112832" percent="0">
      <mem type="soa" free="0" total="115942400" percent="0" />
      <mem type="loa" free="1170432" total="1170432" percent="100" />
    </mem>
  </mem-info>
</gc-start>
<allocation-stats totalBytes="88440584" >
  <allocated-bytes non-tlh="0" tlh="88440584" />
  <largest-consumer threadName="Thread-35" threadId="00000000020DCE00" bytes="9488168" />
</allocation-stats>
<gc-op id="5338" type="mark" timems="109.220" contextid="5335" timestamp="2019-08-08T00:00:58.796">
  <trace-info objectcount="748492" scancount="665460" scanbytes="19277748" />
  <finalization candidates="151" enqueued="0" />
  <ownableSynchronizers candidates="23" cleared="0" />
  <references type="soft" candidates="1905" cleared="2" enqueued="2" dynamicThreshold="24" maxThreshold="32" />
  <references type="weak" candidates="6266" cleared="0" enqueued="0" />
  <references type="phantom" candidates="237" cleared="0" enqueued="0" />
  <stringconstants candidates="14617" cleared="0"  />
</gc-op>
<gc-op id="5339" type="sweep" timems="5.904" contextid="5335" timestamp="2019-08-08T00:00:58.802" />
<mem-info id="5340" free="89204032" total="117112832" percent="76">
  <mem type="tenure" free="89204032" total="117112832" percent="76" micro-fragmented="64452" macro-fragmented="30146160">
    <mem type="soa" free="88033600" total="115942400" percent="75" />
    <mem type="loa" free="1170432" total="1170432" percent="100" />
  </mem>
  <pending-finalizers system="0" default="0" reference="2" classloader="0" />
</mem-info>
<gc-op id="5341" type="compact" timems="46.774" contextid="5335" timestamp="2019-08-08T00:00:58.849">
  <compact-info movecount="105300" movebytes="7123128" reason="compact to aid heap contraction" />
</gc-op>
<heap-resize id="5342" type="expand" space="tenure" amount="327680" count="1" timems="0.079" reason="satisfy allocation request" timestamp="2019-08-08T00:00:58.853" />
<gc-end id="5343" type="global" contextid="5335" durationms="166.378" usertimems="173.427" systemtimems="60.566" timestamp="2019-08-08T00:00:58.853" activeThreads="16">
  <mem-info id="5344" free="89559368" total="117440512" percent="76">
    <mem type="tenure" free="89559368" total="117440512" percent="76">
      <mem type="soa" free="88385864" total="116267008" percent="76" />
      <mem type="loa" free="1173504" total="1173504" percent="100" />
    </mem>
    <pending-finalizers system="0" default="0" reference="2" classloader="0" />
  </mem-info>
</gc-end>
<cycle-end id="5345" type="global" contextid="5335" timestamp="2019-08-08T00:00:58.853" />
  <attribute name="elasticGC enabled" value="1" />
  <attribute name= "numThreadsSpecified" value="16" />
  <attribute name="heapSize specified" value="117112832" />
  <attribute name="Current GC Util" value="48" />
  <attribute name= "Current Time Running" value="177772" />
  <attribute name ="GC Interval" value="0" />
  <attribute name="Target GC Util Change" value ="80.000000" />
  <attribute name="Current GC Util Change" value="48.000000"/>
  <attribute name="Current Error" value="32.000000" />
  <attribute name="Output H" value="117415696"/>
  <attribute name="Output I" value="2176"/>
  <attribute name="Output T" value="16"/>
  <attribute name= "Current Time Running" value="177772" />
  <attribute name="GC Util currently" value="48" />
  <attribute name="CPU Util currently" value="24627550745" />
<allocation-satisfied id="5346" threadId="00000000020D5600" bytesRequested="24" />
<af-end id="5347" timestamp="2019-08-08T00:00:58.853" threadId="00000000020D5F88" success="true" />
<exclusive-end id="5348" timestamp="2019-08-08T00:00:58.853" durationms="166.773" />

<exclusive-start id="5349" timestamp="2019-08-08T00:00:59.022" intervalms="335.514">
  <response-info timems="25.822" idlems="18.924" threads="3" lastid="00000000020D5600" lastname="Thread-21" />
</exclusive-start>
<af-start id="5350" threadId="00000000020EC788" totalBytesRequested="40" timestamp="2019-08-08T00:00:59.024" intervalms="337.592" />
<cycle-start id="5351" type="global" contextid="0" timestamp="2019-08-08T00:00:59.026" intervalms="339.456" />
<gc-start id="5352" type="global" contextid="5351" timestamp="2019-08-08T00:00:59.027">
  <mem-info id="5353" free="1173504" total="117440512" percent="0">
    <mem type="tenure" free="1173504" total="117440512" percent="0">
      <mem type="soa" free="0" total="116267008" percent="0" />
      <mem type="loa" free="1173504" total="1173504" percent="100" />
    </mem>
  </mem-info>
</gc-start>
<allocation-stats totalBytes="88442120" >
  <allocated-bytes non-tlh="0" tlh="88442120" />
  <largest-consumer threadName="Thread-26" threadId="00000000020EBE00" bytes="10844880" />
</allocation-stats>
<gc-op id="5354" type="mark" timems="40.639" contextid="5351" timestamp="2019-08-08T00:00:59.068">
  <trace-info objectcount="737268" scancount="654234" scanbytes="19008684" />
  <finalization candidates="151" enqueued="0" />
  <ownableSynchronizers candidates="23" cleared="0" />
  <references type="soft" candidates="1903" cleared="0" enqueued="0" dynamicThreshold="24" maxThreshold="32" />
  <references type="weak" candidates="6266" cleared="0" enqueued="0" />
  <references type="phantom" candidates="237" cleared="0" enqueued="0" />
  <stringconstants candidates="14617" cleared="0"  />
</gc-op>
<gc-op id="5355" type="sweep" timems="2.663" contextid="5351" timestamp="2019-08-08T00:00:59.070" />
<mem-info id="5356" free="89724784" total="117440512" percent="76">
  <mem type="tenure" free="89724784" total="117440512" percent="76" micro-fragmented="127294" macro-fragmented="21683726">
    <mem type="soa" free="88551280" total="116267008" percent="76" />
    <mem type="loa" free="1173504" total="1173504" percent="100" />
  </mem>
</mem-info>
<gc-op id="5357" type="compact" timems="37.251" contextid="5351" timestamp="2019-08-08T00:00:59.108">
  <compact-info movecount="131600" movebytes="8457752" reason="compact to aid heap contraction" />
</gc-op>
<heap-resize id="5358" type="expand" space="tenure" amount="327680" count="1" timems="0.024" reason="satisfy allocation request" timestamp="2019-08-08T00:00:59.109" />
<gc-end id="5359" type="global" contextid="5351" durationms="81.727" usertimems="142.690" systemtimems="20.164" timestamp="2019-08-08T00:00:59.109" activeThreads="16">
  <mem-info id="5360" free="90156112" total="117768192" percent="76">
    <mem type="tenure" free="90156112" total="117768192" percent="76">
      <mem type="soa" free="88978512" total="116590592" percent="76" />
      <mem type="loa" free="1177600" total="1177600" percent="100" />
    </mem>
  </mem-info>
</gc-end>
<cycle-end id="5361" type="global" contextid="5351" timestamp="2019-08-08T00:00:59.109" />
  <attribute name="elasticGC enabled" value="1" />
  <attribute name= "numThreadsSpecified" value="16" />
  <attribute name="heapSize specified" value="117440512" />
  <attribute name="Current GC Util" value="59" />
  <attribute name= "Current Time Running" value="178031" />
  <attribute name ="GC Interval" value="0" />
  <attribute name="Target GC Util Change" value ="80.000000" />
  <attribute name="Current GC Util Change" value="59.000000"/>
  <attribute name="Current Error" value="-62.000000" />
  <attribute name="Output H" value="117742944"/>
  <attribute name="Output I" value="1688"/>
  <attribute name="Output T" value="16"/>
  <attribute name= "Current Time Running" value="178031" />
  <attribute name="GC Util currently" value="59" />
  <attribute name="CPU Util currently" value="30930413148" />
<allocation-satisfied id="5362" threadId="00000000020EBE00" bytesRequested="40" />
<af-end id="5363" timestamp="2019-08-08T00:00:59.109" threadId="00000000020EC788" success="true" />
<exclusive-end id="5364" timestamp="2019-08-08T00:00:59.109" durationms="86.914" />

<exclusive-start id="5365" timestamp="2019-08-08T00:00:59.243" intervalms="220.584">
  <response-info timems="26.809" idlems="11.795" threads="2" lastid="0000000002111900" lastname="Thread-25" />
</exclusive-start>
<af-start id="5366" threadId="00000000020DD788" totalBytesRequested="40" timestamp="2019-08-08T00:00:59.251" intervalms="227.287" />
<cycle-start id="5367" type="global" contextid="0" timestamp="2019-08-08T00:00:59.252" intervalms="225.439" />
<gc-start id="5368" type="global" contextid="5367" timestamp="2019-08-08T00:00:59.252">
  <mem-info id="5369" free="1177600" total="117768192" percent="0">
    <mem type="tenure" free="1177600" total="117768192" percent="0">
      <mem type="soa" free="0" total="116590592" percent="0" />
      <mem type="loa" free="1177600" total="1177600" percent="100" />
    </mem>
  </mem-info>
</gc-start>
<allocation-stats totalBytes="89036880" >
  <allocated-bytes non-tlh="0" tlh="89036880" />
  <largest-consumer threadName="Thread-35" threadId="00000000020DCE00" bytes="11005072" />
</allocation-stats>
<gc-op id="5370" type="mark" timems="45.748" contextid="5367" timestamp="2019-08-08T00:00:59.297">
  <trace-info objectcount="733627" scancount="650577" scanbytes="18920676" />
  <finalization candidates="151" enqueued="0" />
  <ownableSynchronizers candidates="23" cleared="0" />
  <references type="soft" candidates="1903" cleared="3" enqueued="3" dynamicThreshold="24" maxThreshold="32" />
  <references type="weak" candidates="6266" cleared="0" enqueued="0" />
  <references type="phantom" candidates="237" cleared="0" enqueued="0" />
  <stringconstants candidates="14617" cleared="0"  />
</gc-op>
<gc-op id="5371" type="sweep" timems="4.272" contextid="5367" timestamp="2019-08-08T00:00:59.302" />
<mem-info id="5372" free="90204856" total="117768192" percent="76">
  <mem type="tenure" free="90204856" total="117768192" percent="76" micro-fragmented="65604" macro-fragmented="13600527">
    <mem type="soa" free="89027256" total="116590592" percent="76" />
    <mem type="loa" free="1177600" total="1177600" percent="100" />
  </mem>
  <pending-finalizers system="0" default="0" reference="3" classloader="0" />
</mem-info>
<gc-op id="5373" type="compact" timems="131.988" contextid="5367" timestamp="2019-08-08T00:00:59.434">
  <compact-info movecount="137035" movebytes="9461072" reason="compact to aid heap contraction" />
</gc-op>
<heap-resize id="5374" type="expand" space="tenure" amount="327680" count="1" timems="0.021" reason="satisfy allocation request" timestamp="2019-08-08T00:00:59.436" />
<gc-end id="5375" type="global" contextid="5367" durationms="184.058" usertimems="150.421" systemtimems="54.203" timestamp="2019-08-08T00:00:59.436" activeThreads="16">
  <mem-info id="5376" free="90571808" total="118095872" percent="76">
    <mem type="tenure" free="90571808" total="118095872" percent="76">
      <mem type="soa" free="89391136" total="116915200" percent="76" />
      <mem type="loa" free="1180672" total="1180672" percent="100" />
    </mem>
    <pending-finalizers system="0" default="0" reference="3" classloader="0" />
  </mem-info>
</gc-end>
<cycle-end id="5377" type="global" contextid="5367" timestamp="2019-08-08T00:00:59.436" />
  <attribute name="elasticGC enabled" value="1" />
  <attribute name= "numThreadsSpecified" value="16" />
  <attribute name="heapSize specified" value="117768192" />
  <attribute name="Current GC Util" value="28" />
  <attribute name= "Current Time Running" value="178357" />
  <attribute name ="GC Interval" value="0" />
  <attribute name="Target GC Util Change" value ="80.000000" />
  <attribute name="Current GC Util Change" value="28.000000"/>
  <attribute name="Current Error" value="-100.000000" />
  <attribute name="Output H" value="118070448"/>
  <attribute name="Output I" value="1496"/>
  <attribute name="Output T" value="16"/>
  <attribute name= "Current Time Running" value="178357" />
  <attribute name="GC Util currently" value="28" />
  <attribute name="CPU Util currently" value="8737217425" />
<allocation-satisfied id="5378" threadId="00000000020DCE00" bytesRequested="40" />
<af-end id="5379" timestamp="2019-08-08T00:00:59.436" threadId="00000000020DD788" success="true" />
<exclusive-end id="5380" timestamp="2019-08-08T00:00:59.436" durationms="193.308" />

<exclusive-start id="5381" timestamp="2019-08-08T00:00:59.636" intervalms="393.047">
  <response-info timems="7.024" idlems="7.024" threads="0" lastid="00000000020B3B00" lastname="Thread-27" />
</exclusive-start>
<af-start id="5382" threadId="00000000020B4488" totalBytesRequested="40" timestamp="2019-08-08T00:00:59.636" intervalms="384.458" />
<cycle-start id="5383" type="global" contextid="0" timestamp="2019-08-08T00:00:59.636" intervalms="384.444" />
<gc-start id="5384" type="global" contextid="5383" timestamp="2019-08-08T00:00:59.636">
  <mem-info id="5385" free="1180672" total="118095872" percent="0">
    <mem type="tenure" free="1180672" total="118095872" percent="0">
      <mem type="soa" free="0" total="116915200" percent="0" />
      <mem type="loa" free="1180672" total="1180672" percent="100" />
    </mem>
  </mem-info>
</gc-start>
<allocation-stats totalBytes="89444592" >
  <allocated-bytes non-tlh="0" tlh="89444592" />
  <largest-consumer threadName="Thread-24" threadId="0000000002106500" bytes="9271904" />
</allocation-stats>
<gc-op id="5386" type="mark" timems="28.515" contextid="5383" timestamp="2019-08-08T00:00:59.665">
  <trace-info objectcount="725600" scancount="642580" scanbytes="18728508" />
  <finalization candidates="151" enqueued="0" />
  <ownableSynchronizers candidates="23" cleared="0" />
  <references type="soft" candidates="1900" cleared="0" enqueued="0" dynamicThreshold="24" maxThreshold="32" />
  <references type="weak" candidates="6266" cleared="0" enqueued="0" />
  <references type="phantom" candidates="237" cleared="0" enqueued="0" />
  <stringconstants candidates="14617" cleared="0"  />
</gc-op>
<gc-op id="5387" type="sweep" timems="3.787" contextid="5383" timestamp="2019-08-08T00:00:59.668" />
<mem-info id="5388" free="90671200" total="118095872" percent="76">
  <mem type="tenure" free="90671200" total="118095872" percent="76" micro-fragmented="97090" macro-fragmented="5585068">
    <mem type="soa" free="89490528" total="116915200" percent="76" />
    <mem type="loa" free="1180672" total="1180672" percent="100" />
  </mem>
</mem-info>
<gc-op id="5389" type="compact" timems="91.293" contextid="5383" timestamp="2019-08-08T00:00:59.760">
  <compact-info movecount="109179" movebytes="5573456" reason="compact to aid heap contraction" />
</gc-op>
<heap-resize id="5390" type="expand" space="tenure" amount="327680" count="1" timems="0.023" reason="satisfy allocation request" timestamp="2019-08-08T00:00:59.761" />
<gc-end id="5391" type="global" contextid="5383" durationms="125.069" usertimems="196.896" systemtimems="60.381" timestamp="2019-08-08T00:00:59.761" activeThreads="16">
  <mem-info id="5392" free="91091656" total="118423552" percent="76">
    <mem type="tenure" free="91091656" total="118423552" percent="76">
      <mem type="soa" free="89907912" total="117239808" percent="76" />
      <mem type="loa" free="1183744" total="1183744" percent="100" />
    </mem>
  </mem-info>
</gc-end>
<cycle-end id="5393" type="global" contextid="5383" timestamp="2019-08-08T00:00:59.761" />
  <attribute name="elasticGC enabled" value="1" />
  <attribute name= "numThreadsSpecified" value="16" />
  <attribute name="heapSize specified" value="118095872" />
  <attribute name="Current GC Util" value="28" />
  <attribute name= "Current Time Running" value="178683" />
  <attribute name ="GC Interval" value="0" />
  <attribute name="Target GC Util Change" value ="80.000000" />
  <attribute name="Current GC Util Change" value="28.000000"/>
  <attribute name="Current Error" value="52.000000" />
  <attribute name="Output H" value="118398824"/>
  <attribute name="Output I" value="2280"/>
  <attribute name="Output T" value="16"/>
  <attribute name= "Current Time Running" value="178683" />
  <attribute name="GC Util currently" value="28" />
  <attribute name="CPU Util currently" value="12624009275" />
<allocation-satisfied id="5394" threadId="00000000020B3B00" bytesRequested="40" />
<af-end id="5395" timestamp="2019-08-08T00:00:59.761" threadId="00000000020B4488" success="true" />
<exclusive-end id="5396" timestamp="2019-08-08T00:00:59.761" durationms="125.620" />

<exclusive-start id="5397" timestamp="2019-08-08T00:00:59.977" intervalms="340.854">
  <response-info timems="7.506" idlems="7.506" threads="0" lastid="00000000020B3B00" lastname="Thread-27" />
</exclusive-start>
<af-start id="5398" threadId="00000000020B4488" totalBytesRequested="40" timestamp="2019-08-08T00:00:59.977" intervalms="340.711" />
<cycle-start id="5399" type="global" contextid="0" timestamp="2019-08-08T00:00:59.977" intervalms="340.789" />
<gc-start id="5400" type="global" contextid="5399" timestamp="2019-08-08T00:00:59.977">
  <mem-info id="5401" free="1183744" total="118423552" percent="0">
    <mem type="tenure" free="1183744" total="118423552" percent="0">
      <mem type="soa" free="0" total="117239808" percent="0" />
      <mem type="loa" free="1183744" total="1183744" percent="100" />
    </mem>
  </mem-info>
</gc-start>
<allocation-stats totalBytes="89960280" >
  <allocated-bytes non-tlh="0" tlh="89960280" />
  <largest-consumer threadName="Thread-32" threadId="00000000020FE200" bytes="8168456" />
</allocation-stats>
<gc-op id="5402" type="mark" timems="27.046" contextid="5399" timestamp="2019-08-08T00:01:00.004">
  <trace-info objectcount="727997" scancount="644956" scanbytes="18786828" />
  <finalization candidates="151" enqueued="0" />
  <ownableSynchronizers candidates="23" cleared="0" />
  <references type="soft" candidates="1900" cleared="0" enqueued="0" dynamicThreshold="24" maxThreshold="32" />
  <references type="weak" candidates="6266" cleared="0" enqueued="0" />
  <references type="phantom" candidates="237" cleared="0" enqueued="0" />
  <stringconstants candidates="14617" cleared="0"  />
</gc-op>
<gc-op id="5403" type="sweep" timems="2.018" contextid="5399" timestamp="2019-08-08T00:01:00.006" />
<mem-info id="5404" free="90920984" total="118423552" percent="76">
  <mem type="tenure" free="90920984" total="118423552" percent="76" micro-fragmented="79105" macro-fragmented="385861">
    <mem type="soa" free="89737240" total="117239808" percent="76" />
    <mem type="loa" free="1183744" total="1183744" percent="100" />
  </mem>
</mem-info>
<gc-op id="5405" type="compact" timems="46.906" contextid="5399" timestamp="2019-08-08T00:01:00.053">
  <compact-info movecount="110916" movebytes="5615936" reason="compact to aid heap contraction" />
</gc-op>
<heap-resize id="5406" type="expand" space="tenure" amount="327680" count="1" timems="0.033" reason="satisfy allocation request" timestamp="2019-08-08T00:01:00.066" />
<gc-end id="5407" type="global" contextid="5399" durationms="91.743" usertimems="127.295" systemtimems="37.045" timestamp="2019-08-08T00:01:00.069" activeThreads="16">
  <mem-info id="5408" free="91361016" total="118751232" percent="76">
    <mem type="tenure" free="91361016" total="118751232" percent="76">
      <mem type="soa" free="90174200" total="117564416" percent="76" />
      <mem type="loa" free="1186816" total="1186816" percent="100" />
    </mem>
  </mem-info>
</gc-end>
<cycle-end id="5409" type="global" contextid="5399" timestamp="2019-08-08T00:01:00.069" />
  <attribute name="elasticGC enabled" value="1" />
  <attribute name= "numThreadsSpecified" value="16" />
  <attribute name="heapSize specified" value="118423552" />
  <attribute name="Current GC Util" value="45" />
  <attribute name= "Current Time Running" value="178976" />
  <attribute name ="GC Interval" value="0" />
  <attribute name="Target GC Util Change" value ="80.000000" />
  <attribute name="Current GC Util Change" value="45.000000"/>
  <attribute name="Current Error" value="-217.000000" />
  <attribute name="Output H" value="118725264"/>
  <attribute name="Output I" value="888"/>
  <attribute name="Output T" value="16"/>
  <attribute name= "Current Time Running" value="178976" />
  <attribute name="GC Util currently" value="45" />
  <attribute name="CPU Util currently" value="24549600630" />
<allocation-satisfied id="5410" threadId="00000000020B3B00" bytesRequested="40" />
<af-end id="5411" timestamp="2019-08-08T00:01:00.069" threadId="00000000020B4488" success="true" />
<exclusive-end id="5412" timestamp="2019-08-08T00:01:00.069" durationms="92.222" />

<exclusive-start id="5413" timestamp="2019-08-08T00:01:00.322" intervalms="345.612">
  <response-info timems="6.400" idlems="3.351" threads="1" lastid="00000000020CDF00" lastname="Thread-36" />
</exclusive-start>
<af-start id="5414" threadId="0000000002106E88" totalBytesRequested="40" timestamp="2019-08-08T00:01:00.322" intervalms="345.569" />
<cycle-start id="5415" type="global" contextid="0" timestamp="2019-08-08T00:01:00.322" intervalms="345.482" />
<gc-start id="5416" type="global" contextid="5415" timestamp="2019-08-08T00:01:00.322">
  <mem-info id="5417" free="1186816" total="118751232" percent="0">
    <mem type="tenure" free="1186816" total="118751232" percent="0">
      <mem type="soa" free="0" total="117564416" percent="0" />
      <mem type="loa" free="1186816" total="1186816" percent="100" />
    </mem>
  </mem-info>
</gc-start>
<allocation-stats totalBytes="90235848" >
  <allocated-bytes non-tlh="0" tlh="90235848" />
  <largest-consumer threadName="Thread-27" threadId="00000000020B3B00" bytes="12549592" />
</allocation-stats>
<gc-op id="5418" type="mark" timems="20.623" contextid="5415" timestamp="2019-08-08T00:01:00.343">
  <trace-info objectcount="730022" scancount="647020" scanbytes="18834132" />
  <finalization candidates="151" enqueued="0" />
  <ownableSynchronizers candidates="23" cleared="0" />
  <references type="soft" candidates="1900" cleared="0" enqueued="0" dynamicThreshold="24" maxThreshold="32" />
  <references type="weak" candidates="6266" cleared="0" enqueued="0" />
  <references type="phantom" candidates="237" cleared="0" enqueued="0" />
  <stringconstants candidates="14617" cleared="0"  />
</gc-op>
<gc-op id="5419" type="sweep" timems="6.653" contextid="5415" timestamp="2019-08-08T00:01:00.350" />
<mem-info id="5420" free="91181632" total="118751232" percent="76">
  <mem type="tenure" free="91181632" total="118751232" percent="76" micro-fragmented="107125" macro-fragmented="178763">
    <mem type="soa" free="89994816" total="117564416" percent="76" />
    <mem type="loa" free="1186816" total="1186816" percent="100" />
  </mem>
</mem-info>
<gc-op id="5421" type="compact" timems="52.113" contextid="5415" timestamp="2019-08-08T00:01:00.402">
  <compact-info movecount="118218" movebytes="5927248" reason="compact to aid heap contraction" />
</gc-op>
<heap-resize id="5422" type="expand" space="tenure" amount="327680" count="1" timems="0.025" reason="satisfy allocation request" timestamp="2019-08-08T00:01:00.403" />
<gc-end id="5423" type="global" contextid="5415" durationms="80.861" usertimems="105.922" systemtimems="17.721" timestamp="2019-08-08T00:01:00.403" activeThreads="16">
  <mem-info id="5424" free="91641392" total="119078912" percent="76">
    <mem type="tenure" free="91641392" total="119078912" percent="76">
      <mem type="soa" free="90451504" total="117889024" percent="76" />
      <mem type="loa" free="1189888" total="1189888" percent="100" />
    </mem>
  </mem-info>
</gc-end>
<cycle-end id="5425" type="global" contextid="5415" timestamp="2019-08-08T00:01:00.403" />
  <attribute name="elasticGC enabled" value="1" />
  <attribute name= "numThreadsSpecified" value="16" />
  <attribute name="heapSize specified" value="118751232" />
  <attribute name="Current GC Util" value="37" />
  <attribute name= "Current Time Running" value="179325" />
  <attribute name ="GC Interval" value="0" />
  <attribute name="Target GC Util Change" value ="80.000000" />
  <attribute name="Current GC Util Change" value="37.000000"/>
  <attribute name="Current Error" value="-181.000000" />
  <attribute name="Output H" value="119053112"/>
  <attribute name="Output I" value="1072"/>
  <attribute name="Output T" value="16"/>
  <attribute name= "Current Time Running" value="179325" />
  <attribute name="GC Util currently" value="37" />
  <attribute name="CPU Util currently" value="22011741996" />
<allocation-satisfied id="5426" threadId="0000000002106500" bytesRequested="40" />
<af-end id="5427" timestamp="2019-08-08T00:01:00.403" threadId="0000000002106E88" success="true" />
<exclusive-end id="5428" timestamp="2019-08-08T00:01:00.403" durationms="81.252" />

<exclusive-start id="5429" timestamp="2019-08-08T00:01:00.681" intervalms="358.833">
  <response-info timems="16.594" idlems="16.594" threads="0" lastid="00000000020FE200" lastname="Thread-32" />
</exclusive-start>
<af-start id="5430" threadId="00000000020FEB88" totalBytesRequested="40" timestamp="2019-08-08T00:01:00.681" intervalms="358.836" />
<cycle-start id="5431" type="global" contextid="0" timestamp="2019-08-08T00:01:00.681" intervalms="358.849" />
<gc-start id="5432" type="global" contextid="5431" timestamp="2019-08-08T00:01:00.681">
  <mem-info id="5433" free="1189888" total="119078912" percent="0">
    <mem type="tenure" free="1189888" total="119078912" percent="0">
      <mem type="soa" free="0" total="117889024" percent="0" />
      <mem type="loa" free="1189888" total="1189888" percent="100" />
    </mem>
  </mem-info>
</gc-start>
<allocation-stats totalBytes="90510600" >
  <allocated-bytes non-tlh="0" tlh="90510600" />
  <largest-consumer threadName="Thread-32" threadId="00000000020FE200" bytes="10190440" />
</allocation-stats>
<gc-op id="5434" type="mark" timems="20.475" contextid="5431" timestamp="2019-08-08T00:01:00.702">
  <trace-info objectcount="730622" scancount="647594" scanbytes="18850052" />
  <finalization candidates="151" enqueued="0" />
  <ownableSynchronizers candidates="23" cleared="0" />
  <references type="soft" candidates="1900" cleared="0" enqueued="0" dynamicThreshold="24" maxThreshold="32" />
  <references type="weak" candidates="6266" cleared="0" enqueued="0" />
  <references type="phantom" candidates="237" cleared="0" enqueued="0" />
  <stringconstants candidates="14617" cleared="0"  />
</gc-op>
<gc-op id="5435" type="sweep" timems="8.111" contextid="5431" timestamp="2019-08-08T00:01:00.710" />
<mem-info id="5436" free="91535072" total="119078912" percent="76">
  <mem type="tenure" free="91535072" total="119078912" percent="76" micro-fragmented="101078" macro-fragmented="195648">
    <mem type="soa" free="90345184" total="117889024" percent="76" />
    <mem type="loa" free="1189888" total="1189888" percent="100" />
  </mem>
</mem-info>
<gc-op id="5437" type="compact" timems="75.282" contextid="5431" timestamp="2019-08-08T00:01:00.785">
  <compact-info movecount="111979" movebytes="4966824" reason="compact to aid heap contraction" />
</gc-op>
<heap-resize id="5438" type="expand" space="tenure" amount="327680" count="1" timems="0.021" reason="satisfy allocation request" timestamp="2019-08-08T00:01:00.793" />
<gc-end id="5439" type="global" contextid="5431" durationms="111.774" usertimems="138.178" systemtimems="29.034" timestamp="2019-08-08T00:01:00.793" activeThreads="16">
  <mem-info id="5440" free="91953152" total="119406592" percent="77">
    <mem type="tenure" free="91953152" total="119406592" percent="77">
      <mem type="soa" free="90759168" total="118212608" percent="76" />
      <mem type="loa" free="1193984" total="1193984" percent="100" />
    </mem>
  </mem-info>
</gc-end>
<cycle-end id="5441" type="global" contextid="5431" timestamp="2019-08-08T00:01:00.793" />
  <attribute name="elasticGC enabled" value="1" />
  <attribute name= "numThreadsSpecified" value="16" />
  <attribute name="heapSize specified" value="119078912" />
  <attribute name="Current GC Util" value="39" />
  <attribute name= "Current Time Running" value="179713" />
  <attribute name ="GC Interval" value="0" />
  <attribute name="Target GC Util Change" value ="80.000000" />
  <attribute name="Current GC Util Change" value="39.000000"/>
  <attribute name="Current Error" value="41.000000" />
  <attribute name="Output H" value="119381816"/>
  <attribute name="Output I" value="2224"/>
  <attribute name="Output T" value="16"/>
  <attribute name= "Current Time Running" value="179713" />
  <attribute name="GC Util currently" value="39" />
  <attribute name="CPU Util currently" value="14422141668" />
<allocation-satisfied id="5442" threadId="00000000020FE200" bytesRequested="40" />
<af-end id="5443" timestamp="2019-08-08T00:01:00.793" threadId="00000000020FEB88" success="true" />
<exclusive-end id="5444" timestamp="2019-08-08T00:01:00.793" durationms="112.069" />

<exclusive-start id="5445" timestamp="2019-08-08T00:01:00.995" intervalms="313.951">
  <response-info timems="4.958" idlems="4.958" threads="0" lastid="0000000002111900" lastname="Thread-25" />
</exclusive-start>
<af-start id="5446" threadId="0000000002112288" totalBytesRequested="40" timestamp="2019-08-08T00:01:00.995" intervalms="313.952" />
<cycle-start id="5447" type="global" contextid="0" timestamp="2019-08-08T00:01:00.995" intervalms="313.952" />
<gc-start id="5448" type="global" contextid="5447" timestamp="2019-08-08T00:01:00.995">
  <mem-info id="5449" free="1193984" total="119406592" percent="0">
    <mem type="tenure" free="1193984" total="119406592" percent="0">
      <mem type="soa" free="0" total="118212608" percent="0" />
      <mem type="loa" free="1193984" total="1193984" percent="100" />
    </mem>
  </mem-info>
</gc-start>
<allocation-stats totalBytes="90807008" >
  <allocated-bytes non-tlh="0" tlh="90807008" />
  <largest-consumer threadName="Thread-22" threadId="0000000002115500" bytes="11349320" />
</allocation-stats>
<gc-op id="5450" type="mark" timems="14.284" contextid="5447" timestamp="2019-08-08T00:01:01.010">
  <trace-info objectcount="722283" scancount="639253" scanbytes="18649788" />
  <finalization candidates="151" enqueued="0" />
  <ownableSynchronizers candidates="23" cleared="0" />
  <references type="soft" candidates="1900" cleared="0" enqueued="0" dynamicThreshold="24" maxThreshold="32" />
  <references type="weak" candidates="6266" cleared="0" enqueued="0" />
  <references type="phantom" candidates="237" cleared="0" enqueued="0" />
  <stringconstants candidates="14617" cleared="0"  />
</gc-op>
<gc-op id="5451" type="sweep" timems="3.320" contextid="5447" timestamp="2019-08-08T00:01:01.013" />
<mem-info id="5452" free="92062208" total="119406592" percent="77">
  <mem type="tenure" free="92062208" total="119406592" percent="77" micro-fragmented="110260" macro-fragmented="143112">
    <mem type="soa" free="90868224" total="118212608" percent="76" />
    <mem type="loa" free="1193984" total="1193984" percent="100" />
  </mem>
</mem-info>
<gc-op id="5453" type="compact" timems="64.052" contextid="5447" timestamp="2019-08-08T00:01:01.077">
  <compact-info movecount="110597" movebytes="5745752" reason="compact to aid heap contraction" />
</gc-op>
<heap-resize id="5454" type="expand" space="tenure" amount="327680" count="1" timems="0.029" reason="satisfy allocation request" timestamp="2019-08-08T00:01:01.108" />
<gc-end id="5455" type="global" contextid="5447" durationms="116.549" usertimems="138.619" systemtimems="36.376" timestamp="2019-08-08T00:01:01.112" activeThreads="16">
  <mem-info id="5456" free="92481096" total="119734272" percent="77">
    <mem type="tenure" free="92481096" total="119734272" percent="77">
      <mem type="soa" free="91284040" total="118537216" percent="77" />
      <mem type="loa" free="1197056" total="1197056" percent="100" />
    </mem>
  </mem-info>
</gc-end>
<cycle-end id="5457" type="global" contextid="5447" timestamp="2019-08-08T00:01:01.112" />
  <attribute name="elasticGC enabled" value="1" />
  <attribute name= "numThreadsSpecified" value="16" />
  <attribute name="heapSize specified" value="119406592" />
  <attribute name="Current GC Util" value="37" />
  <attribute name= "Current Time Running" value="180004" />
  <attribute name ="GC Interval" value="0" />
  <attribute name="Target GC Util Change" value ="80.000000" />
  <attribute name="Current GC Util Change" value="37.000000"/>
  <attribute name="Current Error" value="-109.000000" />
  <attribute name="Output H" value="119708808"/>
  <attribute name="Output I" value="1448"/>
  <attribute name="Output T" value="16"/>
  <attribute name= "Current Time Running" value="180004" />
  <attribute name="GC Util currently" value="37" />
  <attribute name="CPU Util currently" value="16959086456" />
<allocation-satisfied id="5458" threadId="0000000002111900" bytesRequested="40" />
<af-end id="5459" timestamp="2019-08-08T00:01:01.112" threadId="0000000002112288" success="true" />
<exclusive-end id="5460" timestamp="2019-08-08T00:01:01.112" durationms="116.865" />

<exclusive-start id="5461" timestamp="2019-08-08T00:01:01.454" intervalms="458.763">
  <response-info timems="2.326" idlems="1.314" threads="1" lastid="00000000020FE200" lastname="Thread-32" />
</exclusive-start>
<af-start id="5462" threadId="0000000002106E88" totalBytesRequested="40" timestamp="2019-08-08T00:01:01.454" intervalms="459.140" />
<cycle-start id="5463" type="global" contextid="0" timestamp="2019-08-08T00:01:01.454" intervalms="459.149" />
<gc-start id="5464" type="global" contextid="5463" timestamp="2019-08-08T00:01:01.454">
  <mem-info id="5465" free="1197056" total="119734272" percent="0">
    <mem type="tenure" free="1197056" total="119734272" percent="0">
      <mem type="soa" free="0" total="118537216" percent="0" />
      <mem type="loa" free="1197056" total="1197056" percent="100" />
    </mem>
  </mem-info>
</gc-start>
<allocation-stats totalBytes="91340416" >
  <allocated-bytes non-tlh="0" tlh="91340416" />
  <largest-consumer threadName="Thread-28" threadId="00000000020BB300" bytes="9279496" />
</allocation-stats>
<gc-op id="5466" type="mark" timems="15.180" contextid="5463" timestamp="2019-08-08T00:01:01.470">
  <trace-info objectcount="732452" scancount="649427" scanbytes="18893084" />
  <finalization candidates="151" enqueued="0" />
  <ownableSynchronizers candidates="23" cleared="1" />
  <references type="soft" candidates="1900" cleared="0" enqueued="0" dynamicThreshold="24" maxThreshold="32" />
  <references type="weak" candidates="6266" cleared="0" enqueued="0" />
  <references type="phantom" candidates="237" cleared="0" enqueued="0" />
  <stringconstants candidates="14617" cleared="0"  />
</gc-op>
<gc-op id="5467" type="sweep" timems="5.945" contextid="5463" timestamp="2019-08-08T00:01:01.476" />
<mem-info id="5468" free="92218488" total="119734272" percent="77">
  <mem type="tenure" free="92218488" total="119734272" percent="77" micro-fragmented="81760" macro-fragmented="113220">
    <mem type="soa" free="91021432" total="118537216" percent="76" />
    <mem type="loa" free="1197056" total="1197056" percent="100" />
  </mem>
</mem-info>
<gc-op id="5469" type="compact" timems="231.705" contextid="5463" timestamp="2019-08-08T00:01:01.708">
  <compact-info movecount="665631" movebytes="23795816" reason="compact to aid heap contraction" />
</gc-op>
<heap-resize id="5470" type="expand" space="tenure" amount="327680" count="1" timems="0.021" reason="satisfy allocation request" timestamp="2019-08-08T00:01:01.708" />
<gc-end id="5471" type="global" contextid="5463" durationms="254.067" usertimems="291.229" systemtimems="23.385" timestamp="2019-08-08T00:01:01.708" activeThreads="16">
  <mem-info id="5472" free="92565760" total="120061952" percent="77">
    <mem type="tenure" free="92565760" total="120061952" percent="77">
      <mem type="soa" free="91365632" total="118861824" percent="76" />
      <mem type="loa" free="1200128" total="1200128" percent="100" />
    </mem>
  </mem-info>
</gc-end>
<cycle-end id="5473" type="global" contextid="5463" timestamp="2019-08-08T00:01:01.709" />
  <attribute name="elasticGC enabled" value="1" />
  <attribute name= "numThreadsSpecified" value="16" />
  <attribute name="heapSize specified" value="119734272" />
  <attribute name="Current GC Util" value="14" />
  <attribute name= "Current Time Running" value="180631" />
  <attribute name ="GC Interval" value="0" />
  <attribute name="Target GC Util Change" value ="80.000000" />
  <attribute name="Current GC Util Change" value="14.000000"/>
  <attribute name="Current Error" value="-231.000000" />
  <attribute name="Output H" value="120035920"/>
  <attribute name="Output I" value="808"/>
  <attribute name="Output T" value="16"/>
  <attribute name= "Current Time Running" value="180631" />
  <attribute name="GC Util currently" value="14" />
  <attribute name="CPU Util currently" value="4973765509" />
<allocation-satisfied id="5474" threadId="0000000002106500" bytesRequested="40" />
<af-end id="5475" timestamp="2019-08-08T00:01:01.709" threadId="0000000002106E88" success="true" />
<exclusive-end id="5476" timestamp="2019-08-08T00:01:01.709" durationms="255.129" />

<exclusive-start id="5477" timestamp="2019-08-08T00:01:01.921" intervalms="467.767">
  <response-info timems="10.525" idlems="10.525" threads="0" lastid="00000000020BB300" lastname="Thread-28" />
</exclusive-start>
<af-start id="5478" threadId="00000000020BBC88" totalBytesRequested="40" timestamp="2019-08-08T00:01:01.922" intervalms="467.386" />
<cycle-start id="5479" type="global" contextid="0" timestamp="2019-08-08T00:01:01.922" intervalms="467.373" />
<gc-start id="5480" type="global" contextid="5479" timestamp="2019-08-08T00:01:01.922">
  <mem-info id="5481" free="1200128" total="120061952" percent="0">
    <mem type="tenure" free="1200128" total="120061952" percent="0">
      <mem type="soa" free="0" total="118861824" percent="0" />
      <mem type="loa" free="1200128" total="1200128" percent="100" />
    </mem>
  </mem-info>
</gc-start>
<allocation-stats totalBytes="91420128" >
  <allocated-bytes non-tlh="0" tlh="91420128" />
  <largest-consumer threadName="Thread-28" threadId="00000000020BB300" bytes="10841728" />
</allocation-stats>
<gc-op id="5482" type="mark" timems="12.526" contextid="5479" timestamp="2019-08-08T00:01:01.934">
  <trace-info objectcount="728872" scancount="645824" scanbytes="18807060" />
  <finalization candidates="151" enqueued="0" />
  <ownableSynchronizers candidates="22" cleared="0" />
  <references type="soft" candidates="1900" cleared="2" enqueued="2" dynamicThreshold="24" maxThreshold="32" />
  <references type="weak" candidates="6266" cleared="0" enqueued="0" />
  <references type="phantom" candidates="237" cleared="0" enqueued="0" />
  <stringconstants candidates="14617" cleared="0"  />
</gc-op>
<gc-op id="5483" type="sweep" timems="2.326" contextid="5479" timestamp="2019-08-08T00:01:01.937" />
<mem-info id="5484" free="92633976" total="120061952" percent="77">
  <mem type="tenure" free="92633976" total="120061952" percent="77" micro-fragmented="98502" macro-fragmented="48335">
    <mem type="soa" free="91433848" total="118861824" percent="76" />
    <mem type="loa" free="1200128" total="1200128" percent="100" />
  </mem>
  <pending-finalizers system="0" default="0" reference="2" classloader="0" />
</mem-info>
<gc-op id="5485" type="compact" timems="31.958" contextid="5479" timestamp="2019-08-08T00:01:01.969">
  <compact-info movecount="103004" movebytes="7987328" reason="compact to aid heap contraction" />
</gc-op>
<heap-resize id="5486" type="expand" space="tenure" amount="327680" count="1" timems="0.018" reason="satisfy allocation request" timestamp="2019-08-08T00:01:01.970" />
<gc-end id="5487" type="global" contextid="5479" durationms="47.926" usertimems="139.033" systemtimems="18.533" timestamp="2019-08-08T00:01:01.970" activeThreads="16">
  <mem-info id="5488" free="92979464" total="120389632" percent="77">
    <mem type="tenure" free="92979464" total="120389632" percent="77">
      <mem type="soa" free="91776264" total="119186432" percent="77" />
      <mem type="loa" free="1203200" total="1203200" percent="100" />
    </mem>
    <pending-finalizers system="0" default="0" reference="2" classloader="0" />
  </mem-info>
</gc-end>
<cycle-end id="5489" type="global" contextid="5479" timestamp="2019-08-08T00:01:01.970" />
  <attribute name="elasticGC enabled" value="1" />
  <attribute name= "numThreadsSpecified" value="16" />
  <attribute name="heapSize specified" value="120061952" />
  <attribute name="Current GC Util" value="67" />
  <attribute name= "Current Time Running" value="180892" />
  <attribute name ="GC Interval" value="0" />
  <attribute name="Target GC Util Change" value ="80.000000" />
  <attribute name="Current GC Util Change" value="67.000000"/>
  <attribute name="Current Error" value="13.000000" />
  <attribute name="Output H" value="120364728"/>
  <attribute name="Output I" value="2080"/>
  <attribute name="Output T" value="16"/>
  <attribute name= "Current Time Running" value="180892" />
  <attribute name="GC Util currently" value="67" />
  <attribute name="CPU Util currently" value="36024010044" />
<allocation-satisfied id="5490" threadId="00000000020BB300" bytesRequested="40" />
<af-end id="5491" timestamp="2019-08-08T00:01:01.970" threadId="00000000020BBC88" success="true" />
<exclusive-end id="5492" timestamp="2019-08-08T00:01:01.970" durationms="48.168" />

<exclusive-start id="5493" timestamp="2019-08-08T00:01:02.219" intervalms="297.091">
  <response-info timems="20.524" idlems="20.524" threads="0" lastid="00000000020EFA00" lastname="Thread-30" />
</exclusive-start>
<af-start id="5494" threadId="00000000020F0388" totalBytesRequested="40" timestamp="2019-08-08T00:01:02.219" intervalms="297.421" />
<cycle-start id="5495" type="global" contextid="0" timestamp="2019-08-08T00:01:02.219" intervalms="297.447" />
<gc-start id="5496" type="global" contextid="5495" timestamp="2019-08-08T00:01:02.219">
  <mem-info id="5497" free="1203200" total="120389632" percent="0">
    <mem type="tenure" free="1203200" total="120389632" percent="0">
      <mem type="soa" free="0" total="119186432" percent="0" />
      <mem type="loa" free="1203200" total="1203200" percent="100" />
    </mem>
  </mem-info>
</gc-start>
<allocation-stats totalBytes="91831464" >
  <allocated-bytes non-tlh="0" tlh="91831464" />
  <largest-consumer threadName="Thread-24" threadId="0000000002106500" bytes="10189656" />
</allocation-stats>
<gc-op id="5498" type="mark" timems="68.211" contextid="5495" timestamp="2019-08-08T00:01:02.287">
  <trace-info objectcount="734173" scancount="651860" scanbytes="18941788" />
  <finalization candidates="151" enqueued="0" />
  <ownableSynchronizers candidates="22" cleared="0" />
  <references type="soft" candidates="1898" cleared="28" enqueued="25" dynamicThreshold="24" maxThreshold="32" />
  <references type="weak" candidates="6266" cleared="0" enqueued="0" />
  <references type="phantom" candidates="237" cleared="0" enqueued="0" />
  <stringconstants candidates="14617" cleared="0"  />
</gc-op>
<gc-op id="5499" type="sweep" timems="4.989" contextid="5495" timestamp="2019-08-08T00:01:02.293" />
<mem-info id="5500" free="92881720" total="120389632" percent="77">
  <mem type="tenure" free="92881720" total="120389632" percent="77" micro-fragmented="82950" macro-fragmented="128945">
    <mem type="soa" free="91678520" total="119186432" percent="76" />
    <mem type="loa" free="1203200" total="1203200" percent="100" />
  </mem>
  <pending-finalizers system="0" default="0" reference="25" classloader="0" />
</mem-info>
<gc-op id="5501" type="compact" timems="84.095" contextid="5495" timestamp="2019-08-08T00:01:02.377">
  <compact-info movecount="140360" movebytes="9599152" reason="compact to aid heap contraction" />
</gc-op>
<heap-resize id="5502" type="expand" space="tenure" amount="327680" count="1" timems="0.031" reason="satisfy allocation request" timestamp="2019-08-08T00:01:02.398" />
<gc-end id="5503" type="global" contextid="5495" durationms="179.191" usertimems="191.227" systemtimems="85.273" timestamp="2019-08-08T00:01:02.398" activeThreads="16">
  <mem-info id="5504" free="93254392" total="120717312" percent="77">
    <mem type="tenure" free="93254392" total="120717312" percent="77">
      <mem type="soa" free="92048120" total="119511040" percent="77" />
      <mem type="loa" free="1206272" total="1206272" percent="100" />
    </mem>
    <pending-finalizers system="0" default="0" reference="25" classloader="0" />
  </mem-info>
</gc-end>
<cycle-end id="5505" type="global" contextid="5495" timestamp="2019-08-08T00:01:02.398" />
  <attribute name="elasticGC enabled" value="1" />
  <attribute name= "numThreadsSpecified" value="16" />
  <attribute name="heapSize specified" value="120389632" />
  <attribute name="Current GC Util" value="71" />
  <attribute name= "Current Time Running" value="181300" />
  <attribute name ="GC Interval" value="0" />
  <attribute name="Target GC Util Change" value ="80.000000" />
  <attribute name="Current GC Util Change" value="71.000000"/>
  <attribute name="Current Error" value="-145.000000" />
  <attribute name="Output H" value="120691680"/>
  <attribute name="Output I" value="1256"/>
  <attribute name="Output T" value="16"/>
  <attribute name= "Current Time Running" value="181300" />
  <attribute name="GC Util currently" value="71" />
  <attribute name="CPU Util currently" value="13701121308" />
<allocation-satisfied id="5506" threadId="00000000020EFA00" bytesRequested="40" />
<af-end id="5507" timestamp="2019-08-08T00:01:02.399" threadId="00000000020F0388" success="true" />
<exclusive-end id="5508" timestamp="2019-08-08T00:01:02.399" durationms="180.039" />

<exclusive-start id="5509" timestamp="2019-08-08T00:01:02.585" intervalms="366.321">
  <response-info timems="0.514" idlems="0.252" threads="2" lastid="00000000020D9200" lastname="Thread-31" />
</exclusive-start>
<af-start id="5510" threadId="0000000002103388" totalBytesRequested="40" timestamp="2019-08-08T00:01:02.585" intervalms="365.996" />
<cycle-start id="5511" type="global" contextid="0" timestamp="2019-08-08T00:01:02.585" intervalms="365.963" />
<gc-start id="5512" type="global" contextid="5511" timestamp="2019-08-08T00:01:02.585">
  <mem-info id="5513" free="1206272" total="120717312" percent="0">
    <mem type="tenure" free="1206272" total="120717312" percent="0">
      <mem type="soa" free="0" total="119511040" percent="0" />
      <mem type="loa" free="1206272" total="1206272" percent="100" />
    </mem>
  </mem-info>
</gc-start>
<allocation-stats totalBytes="92104504" >
  <allocated-bytes non-tlh="0" tlh="92104504" />
  <largest-consumer threadName="Thread-27" threadId="00000000020B3B00" bytes="9544208" />
</allocation-stats>
<gc-op id="5514" type="mark" timems="19.462" contextid="5511" timestamp="2019-08-08T00:01:02.605">
  <trace-info objectcount="732107" scancount="650628" scanbytes="18901540" />
  <finalization candidates="151" enqueued="0" />
  <ownableSynchronizers candidates="22" cleared="0" />
  <references type="soft" candidates="1870" cleared="14" enqueued="12" dynamicThreshold="24" maxThreshold="32" />
  <references type="weak" candidates="6266" cleared="0" enqueued="0" />
  <references type="phantom" candidates="237" cleared="0" enqueued="0" />
  <stringconstants candidates="14617" cleared="0"  />
</gc-op>
<gc-op id="5515" type="sweep" timems="6.762" contextid="5511" timestamp="2019-08-08T00:01:02.612" />
<mem-info id="5516" free="93362200" total="120717312" percent="77">
  <mem type="tenure" free="93362200" total="120717312" percent="77" micro-fragmented="76276" macro-fragmented="0">
    <mem type="soa" free="92155928" total="119511040" percent="77" />
    <mem type="loa" free="1206272" total="1206272" percent="100" />
  </mem>
  <pending-finalizers system="0" default="0" reference="12" classloader="0" />
</mem-info>
<gc-op id="5517" type="compact" timems="144.988" contextid="5511" timestamp="2019-08-08T00:01:02.757">
  <compact-info movecount="66770" movebytes="5705184" reason="compact to aid heap contraction" />
</gc-op>
<heap-resize id="5518" type="expand" space="tenure" amount="327680" count="1" timems="0.028" reason="satisfy allocation request" timestamp="2019-08-08T00:01:02.758" />
<gc-end id="5519" type="global" contextid="5511" durationms="173.435" usertimems="140.586" systemtimems="78.269" timestamp="2019-08-08T00:01:02.758" activeThreads="16">
  <mem-info id="5520" free="93691688" total="121044992" percent="77">
    <mem type="tenure" free="93691688" total="121044992" percent="77">
      <mem type="soa" free="92481320" total="119834624" percent="77" />
      <mem type="loa" free="1210368" total="1210368" percent="100" />
    </mem>
    <pending-finalizers system="0" default="0" reference="12" classloader="0" />
  </mem-info>
</gc-end>
<cycle-end id="5521" type="global" contextid="5511" timestamp="2019-08-08T00:01:02.759" />
  <attribute name="elasticGC enabled" value="1" />
  <attribute name= "numThreadsSpecified" value="16" />
  <attribute name="heapSize specified" value="120717312" />
  <attribute name="Current GC Util" value="30" />
  <attribute name= "Current Time Running" value="181680" />
  <attribute name ="GC Interval" value="0" />
  <attribute name="Target GC Util Change" value ="80.000000" />
  <attribute name="Current GC Util Change" value="30.000000"/>
  <attribute name="Current Error" value="-393.000000" />
  <attribute name="Output H" value="121018216"/>
  <attribute name="Output I" value="200"/>
  <attribute name="Output T" value="16"/>
  <attribute name= "Current Time Running" value="181680" />
  <attribute name="GC Util currently" value="30" />
  <attribute name="CPU Util currently" value="7945129658" />
<allocation-satisfied id="5522" threadId="0000000002102A00" bytesRequested="40" />
<af-end id="5523" timestamp="2019-08-08T00:01:02.759" threadId="0000000002103388" success="true" />
<exclusive-end id="5524" timestamp="2019-08-08T00:01:02.759" durationms="173.691" />

<exclusive-start id="5525" timestamp="2019-08-08T00:01:02.871" intervalms="285.817">
  <response-info timems="5.720" idlems="2.274" threads="2" lastid="0000000001DE3B00" lastname="JIT Compilation Thread-4" />
</exclusive-start>
<af-start id="5526" threadId="00000000020BBC88" totalBytesRequested="40" timestamp="2019-08-08T00:01:02.871" intervalms="285.798" />
<cycle-start id="5527" type="global" contextid="0" timestamp="2019-08-08T00:01:02.871" intervalms="285.829" />
<gc-start id="5528" type="global" contextid="5527" timestamp="2019-08-08T00:01:02.871">
  <mem-info id="5529" free="1210368" total="121044992" percent="0">
    <mem type="tenure" free="1210368" total="121044992" percent="0">
      <mem type="soa" free="0" total="119834624" percent="0" />
      <mem type="loa" free="1210368" total="1210368" percent="100" />
    </mem>
  </mem-info>
</gc-start>
<allocation-stats totalBytes="92536792" >
  <allocated-bytes non-tlh="0" tlh="92536792" />
  <largest-consumer threadName="Thread-24" threadId="0000000002106500" bytes="10583088" />
</allocation-stats>
<gc-op id="5530" type="mark" timems="18.039" contextid="5527" timestamp="2019-08-08T00:01:02.889">
  <trace-info objectcount="735529" scancount="654023" scanbytes="18984308" />
  <finalization candidates="151" enqueued="0" />
  <ownableSynchronizers candidates="22" cleared="0" />
  <references type="soft" candidates="1856" cleared="1" enqueued="0" dynamicThreshold="24" maxThreshold="32" />
  <references type="weak" candidates="6266" cleared="0" enqueued="0" />
  <references type="phantom" candidates="237" cleared="0" enqueued="0" />
  <stringconstants candidates="14617" cleared="0"  />
</gc-op>
<gc-op id="5531" type="sweep" timems="1.850" contextid="5527" timestamp="2019-08-08T00:01:02.891" />
<mem-info id="5532" free="93540432" total="121044992" percent="77">
  <mem type="tenure" free="93540432" total="121044992" percent="77" micro-fragmented="91050" macro-fragmented="0">
    <mem type="soa" free="92330064" total="119834624" percent="77" />
    <mem type="loa" free="1210368" total="1210368" percent="100" />
  </mem>
</mem-info>
<gc-op id="5533" type="compact" timems="111.112" contextid="5527" timestamp="2019-08-08T00:01:03.002">
  <compact-info movecount="102200" movebytes="7116320" reason="compact to aid heap contraction" />
</gc-op>
<heap-resize id="5534" type="expand" space="tenure" amount="327680" count="1" timems="0.018" reason="satisfy allocation request" timestamp="2019-08-08T00:01:03.003" />
<gc-end id="5535" type="global" contextid="5527" durationms="132.271" usertimems="153.045" systemtimems="18.258" timestamp="2019-08-08T00:01:03.003" activeThreads="16">
  <mem-info id="5536" free="93936736" total="121372672" percent="77">
    <mem type="tenure" free="93936736" total="121372672" percent="77">
      <mem type="soa" free="92723296" total="120159232" percent="77" />
      <mem type="loa" free="1213440" total="1213440" percent="100" />
    </mem>
  </mem-info>
</gc-end>
<cycle-end id="5537" type="global" contextid="5527" timestamp="2019-08-08T00:01:03.003" />
  <attribute name="elasticGC enabled" value="1" />
  <attribute name= "numThreadsSpecified" value="16" />
  <attribute name="heapSize specified" value="121044992" />
  <attribute name="Current GC Util" value="24" />
  <attribute name= "Current Time Running" value="181925" />
  <attribute name ="GC Interval" value="0" />
  <attribute name="Target GC Util Change" value ="80.000000" />
  <attribute name="Current GC Util Change" value="24.000000"/>
  <attribute name="Current Error" value="56.000000" />
  <attribute name="Output H" value="121347968"/>
  <attribute name="Output I" value="2304"/>
  <attribute name="Output T" value="16"/>
  <attribute name= "Current Time Running" value="181925" />
  <attribute name="GC Util currently" value="24" />
  <attribute name="CPU Util currently" value="10368257300" />
<allocation-satisfied id="5538" threadId="00000000020BB300" bytesRequested="40" />
<af-end id="5539" timestamp="2019-08-08T00:01:03.003" threadId="00000000020BBC88" success="true" />
<exclusive-end id="5540" timestamp="2019-08-08T00:01:03.003" durationms="132.669" />

<exclusive-start id="5541" timestamp="2019-08-08T00:01:03.115" intervalms="244.387">
  <response-info timems="1.689" idlems="1.689" threads="0" lastid="0000000002106500" lastname="Thread-24" />
</exclusive-start>
<af-start id="5542" threadId="0000000002106E88" totalBytesRequested="40" timestamp="2019-08-08T00:01:03.115" intervalms="244.399" />
<cycle-start id="5543" type="global" contextid="0" timestamp="2019-08-08T00:01:03.115" intervalms="244.370" />
<gc-start id="5544" type="global" contextid="5543" timestamp="2019-08-08T00:01:03.115">
  <mem-info id="5545" free="1213440" total="121372672" percent="0">
    <mem type="tenure" free="1213440" total="121372672" percent="0">
      <mem type="soa" free="0" total="120159232" percent="0" />
      <mem type="loa" free="1213440" total="1213440" percent="100" />
    </mem>
  </mem-info>
</gc-start>
<allocation-stats totalBytes="92779968" >
  <allocated-bytes non-tlh="0" tlh="92779968" />
  <largest-consumer threadName="Thread-24" threadId="0000000002106500" bytes="10605232" />
</allocation-stats>
<gc-op id="5546" type="mark" timems="27.731" contextid="5543" timestamp="2019-08-08T00:01:03.143">
  <trace-info objectcount="729436" scancount="647939" scanbytes="18838204" />
  <finalization candidates="151" enqueued="0" />
  <ownableSynchronizers candidates="22" cleared="0" />
  <references type="soft" candidates="1855" cleared="0" enqueued="0" dynamicThreshold="24" maxThreshold="32" />
  <references type="weak" candidates="6266" cleared="0" enqueued="0" />
  <references type="phantom" candidates="237" cleared="0" enqueued="0" />
  <stringconstants candidates="14617" cleared="0"  />
</gc-op>
<gc-op id="5547" type="sweep" timems="3.198" contextid="5543" timestamp="2019-08-08T00:01:03.146" />
<mem-info id="5548" free="93767040" total="121372672" percent="77">
  <mem type="tenure" free="93767040" total="121372672" percent="77" micro-fragmented="260551" macro-fragmented="0">
    <mem type="soa" free="92553600" total="120159232" percent="77" />
    <mem type="loa" free="1213440" total="1213440" percent="100" />
  </mem>
</mem-info>
<gc-op id="5549" type="compact" timems="77.996" contextid="5543" timestamp="2019-08-08T00:01:03.224">
  <compact-info movecount="118151" movebytes="5734488" reason="compact to aid heap contraction" />
</gc-op>
<heap-resize id="5550" type="expand" space="tenure" amount="327680" count="1" timems="0.024" reason="satisfy allocation request" timestamp="2019-08-08T00:01:03.233" />
<gc-end id="5551" type="global" contextid="5543" durationms="118.280" usertimems="250.853" systemtimems="54.208" timestamp="2019-08-08T00:01:03.234" activeThreads="16">
  <mem-info id="5552" free="94410520" total="121700352" percent="77">
    <mem type="tenure" free="94410520" total="121700352" percent="77">
      <mem type="soa" free="93194008" total="120483840" percent="77" />
      <mem type="loa" free="1216512" total="1216512" percent="100" />
    </mem>
  </mem-info>
</gc-end>
<cycle-end id="5553" type="global" contextid="5543" timestamp="2019-08-08T00:01:03.234" />
  <attribute name="elasticGC enabled" value="1" />
  <attribute name= "numThreadsSpecified" value="16" />
  <attribute name="heapSize specified" value="121372672" />
  <attribute name="Current GC Util" value="47" />
  <attribute name= "Current Time Running" value="182148" />
  <attribute name ="GC Interval" value="0" />
  <attribute name="Target GC Util Change" value ="80.000000" />
  <attribute name="Current GC Util Change" value="47.000000"/>
  <attribute name="Current Error" value="-376.000000" />
  <attribute name="Output H" value="121673648"/>
  <attribute name="Output I" value="200"/>
  <attribute name="Output T" value="16"/>
  <attribute name= "Current Time Running" value="182148" />
  <attribute name="GC Util currently" value="47" />
  <attribute name="CPU Util currently" value="14735173212" />
<allocation-satisfied id="5554" threadId="0000000002106500" bytesRequested="40" />
<af-end id="5555" timestamp="2019-08-08T00:01:03.234" threadId="0000000002106E88" success="true" />
<exclusive-end id="5556" timestamp="2019-08-08T00:01:03.234" durationms="118.671" />

<exclusive-start id="5557" timestamp="2019-08-08T00:01:03.340" intervalms="224.885">
  <response-info timems="14.999" idlems="8.699" threads="1" lastid="00000000020D1B00" lastname="Thread-34" />
</exclusive-start>
<af-start id="5558" threadId="0000000002112288" totalBytesRequested="40" timestamp="2019-08-08T00:01:03.340" intervalms="224.882" />
<cycle-start id="5559" type="global" contextid="0" timestamp="2019-08-08T00:01:03.340" intervalms="224.927" />
<gc-start id="5560" type="global" contextid="5559" timestamp="2019-08-08T00:01:03.340">
  <mem-info id="5561" free="1216512" total="121700352" percent="0">
    <mem type="tenure" free="1216512" total="121700352" percent="0">
      <mem type="soa" free="0" total="120483840" percent="0" />
      <mem type="loa" free="1216512" total="1216512" percent="100" />
    </mem>
  </mem-info>
</gc-start>
<allocation-stats totalBytes="93249976" >
  <allocated-bytes non-tlh="0" tlh="93249976" />
  <largest-consumer threadName="Thread-24" threadId="0000000002106500" bytes="9403408" />
</allocation-stats>
<gc-op id="5562" type="mark" timems="16.326" contextid="5559" timestamp="2019-08-08T00:01:03.357">
  <trace-info objectcount="726897" scancount="645404" scanbytes="18776740" />
  <finalization candidates="151" enqueued="0" />
  <ownableSynchronizers candidates="22" cleared="0" />
  <references type="soft" candidates="1855" cleared="0" enqueued="0" dynamicThreshold="24" maxThreshold="32" />
  <references type="weak" candidates="6266" cleared="0" enqueued="0" />
  <references type="phantom" candidates="237" cleared="0" enqueued="0" />
  <stringconstants candidates="14617" cleared="0"  />
</gc-op>
<gc-op id="5563" type="sweep" timems="4.241" contextid="5559" timestamp="2019-08-08T00:01:03.361" />
<mem-info id="5564" free="94251640" total="121700352" percent="77">
  <mem type="tenure" free="94251640" total="121700352" percent="77" micro-fragmented="196543" macro-fragmented="0">
    <mem type="soa" free="93035128" total="120483840" percent="77" />
    <mem type="loa" free="1216512" total="1216512" percent="100" />
  </mem>
</mem-info>
<gc-op id="5565" type="compact" timems="41.577" contextid="5559" timestamp="2019-08-08T00:01:03.402">
  <compact-info movecount="109647" movebytes="5355440" reason="compact to aid heap contraction" />
</gc-op>
<heap-resize id="5566" type="expand" space="tenure" amount="327680" count="1" timems="0.875" reason="satisfy allocation request" timestamp="2019-08-08T00:01:03.418" />
<gc-end id="5567" type="global" contextid="5559" durationms="77.945" usertimems="114.826" systemtimems="11.898" timestamp="2019-08-08T00:01:03.418" activeThreads="16">
  <mem-info id="5568" free="94799664" total="122028032" percent="77">
    <mem type="tenure" free="94799664" total="122028032" percent="77">
      <mem type="soa" free="93580080" total="120808448" percent="77" />
      <mem type="loa" free="1219584" total="1219584" percent="100" />
    </mem>
  </mem-info>
</gc-end>
<cycle-end id="5569" type="global" contextid="5559" timestamp="2019-08-08T00:01:03.418" />
  <attribute name="elasticGC enabled" value="1" />
  <attribute name= "numThreadsSpecified" value="16" />
  <attribute name="heapSize specified" value="121700352" />
  <attribute name="Current GC Util" value="47" />
  <attribute name= "Current Time Running" value="182326" />
  <attribute name ="GC Interval" value="0" />
  <attribute name="Target GC Util Change" value ="80.000000" />
  <attribute name="Current GC Util Change" value="47.000000"/>
  <attribute name="Current Error" value="-259.000000" />
  <attribute name="Output H" value="122001872"/>
  <attribute name="Output I" value="664"/>
  <attribute name="Output T" value="16"/>
  <attribute name= "Current Time Running" value="182326" />
  <attribute name="GC Util currently" value="47" />
  <attribute name="CPU Util currently" value="27244847921" />
<allocation-satisfied id="5570" threadId="0000000002111900" bytesRequested="40" />
<af-end id="5571" timestamp="2019-08-08T00:01:03.418" threadId="0000000002112288" success="true" />
<exclusive-end id="5572" timestamp="2019-08-08T00:01:03.418" durationms="78.287" />

<exclusive-start id="5573" timestamp="2019-08-08T00:01:03.628" intervalms="288.424">
  <response-info timems="2.335" idlems="0.628" threads="6" lastid="00000000020FEE00" lastname="Thread-33" />
</exclusive-start>
<af-start id="5574" threadId="00000000020CE888" totalBytesRequested="40" timestamp="2019-08-08T00:01:03.628" intervalms="288.420" />
<cycle-start id="5575" type="global" contextid="0" timestamp="2019-08-08T00:01:03.628" intervalms="288.374" />
<gc-start id="5576" type="global" contextid="5575" timestamp="2019-08-08T00:01:03.629">
  <mem-info id="5577" free="1219584" total="122028032" percent="0">
    <mem type="tenure" free="1219584" total="122028032" percent="0">
      <mem type="soa" free="0" total="120808448" percent="0" />
      <mem type="loa" free="1219584" total="1219584" percent="100" />
    </mem>
  </mem-info>
</gc-start>
<allocation-stats totalBytes="93634760" >
  <allocated-bytes non-tlh="0" tlh="93634760" />
  <largest-consumer threadName="Thread-29" threadId="00000000020CA300" bytes="12177752" />
</allocation-stats>
<gc-op id="5578" type="mark" timems="13.604" contextid="5575" timestamp="2019-08-08T00:01:03.643">
  <trace-info objectcount="729137" scancount="647643" scanbytes="18830388" />
  <finalization candidates="151" enqueued="0" />
  <ownableSynchronizers candidates="22" cleared="0" />
  <references type="soft" candidates="1855" cleared="0" enqueued="0" dynamicThreshold="24" maxThreshold="32" />
  <references type="weak" candidates="6266" cleared="0" enqueued="0" />
  <references type="phantom" candidates="237" cleared="0" enqueued="0" />
  <stringconstants candidates="14617" cleared="0"  />
</gc-op>
<gc-op id="5579" type="sweep" timems="2.546" contextid="5575" timestamp="2019-08-08T00:01:03.645" />
<mem-info id="5580" free="94577600" total="122028032" percent="77">
  <mem type="tenure" free="94577600" total="122028032" percent="77" micro-fragmented="148840" macro-fragmented="0">
    <mem type="soa" free="93358016" total="120808448" percent="77" />
    <mem type="loa" free="1219584" total="1219584" percent="100" />
  </mem>
</mem-info>
<gc-op id="5581" type="compact" timems="29.636" contextid="5575" timestamp="2019-08-08T00:01:03.675">
  <compact-info movecount="65138" movebytes="2666248" reason="compact to aid heap contraction" />
</gc-op>
<heap-resize id="5582" type="expand" space="tenure" amount="327680" count="1" timems="0.021" reason="satisfy allocation request" timestamp="2019-08-08T00:01:03.677" />
<gc-end id="5583" type="global" contextid="5575" durationms="48.470" usertimems="144.611" systemtimems="0.000" timestamp="2019-08-08T00:01:03.677" activeThreads="16">
  <mem-info id="5584" free="95073696" total="122355712" percent="77">
    <mem type="tenure" free="95073696" total="122355712" percent="77">
      <mem type="soa" free="93851040" total="121133056" percent="77" />
      <mem type="loa" free="1222656" total="1222656" percent="100" />
    </mem>
  </mem-info>
</gc-end>
<cycle-end id="5585" type="global" contextid="5575" timestamp="2019-08-08T00:01:03.677" />
  <attribute name="elasticGC enabled" value="1" />
  <attribute name= "numThreadsSpecified" value="16" />
  <attribute name="heapSize specified" value="122028032" />
  <attribute name="Current GC Util" value="51" />
  <attribute name= "Current Time Running" value="182599" />
  <attribute name ="GC Interval" value="0" />
  <attribute name="Target GC Util Change" value ="80.000000" />
  <attribute name="Current GC Util Change" value="51.000000"/>
  <attribute name="Current Error" value="29.000000" />
  <attribute name="Output H" value="122330880"/>
  <attribute name="Output I" value="2160"/>
  <attribute name="Output T" value="16"/>
  <attribute name= "Current Time Running" value="182599" />
  <attribute name="GC Util currently" value="51" />
  <attribute name="CPU Util currently" value="38031784878" />
<allocation-satisfied id="5586" threadId="00000000020CDF00" bytesRequested="40" />
<af-end id="5587" timestamp="2019-08-08T00:01:03.677" threadId="00000000020CE888" success="true" />
<exclusive-end id="5588" timestamp="2019-08-08T00:01:03.677" durationms="48.840" />

<exclusive-start id="5589" timestamp="2019-08-08T00:01:03.796" intervalms="167.594">
  <response-info timems="2.850" idlems="1.457" threads="1" lastid="00000000020CA300" lastname="Thread-29" />
</exclusive-start>
<af-start id="5590" threadId="00000000020EC788" totalBytesRequested="40" timestamp="2019-08-08T00:01:03.796" intervalms="167.579" />
<cycle-start id="5591" type="global" contextid="0" timestamp="2019-08-08T00:01:03.796" intervalms="167.581" />
<gc-start id="5592" type="global" contextid="5591" timestamp="2019-08-08T00:01:03.796">
  <mem-info id="5593" free="1222656" total="122355712" percent="0">
    <mem type="tenure" free="1222656" total="122355712" percent="0">
      <mem type="soa" free="0" total="121133056" percent="0" />
      <mem type="loa" free="1222656" total="1222656" percent="100" />
    </mem>
  </mem-info>
</gc-start>
<allocation-stats totalBytes="93907120" >
  <allocated-bytes non-tlh="0" tlh="93907120" />
  <largest-consumer threadName="Thread-26" threadId="00000000020EBE00" bytes="15650336" />
</allocation-stats>
<gc-op id="5594" type="mark" timems="105.823" contextid="5591" timestamp="2019-08-08T00:01:03.902">
  <trace-info objectcount="730754" scancount="649259" scanbytes="18869372" />
  <finalization candidates="151" enqueued="0" />
  <ownableSynchronizers candidates="22" cleared="0" />
  <references type="soft" candidates="1855" cleared="0" enqueued="0" dynamicThreshold="24" maxThreshold="32" />
  <references type="weak" candidates="6266" cleared="0" enqueued="0" />
  <references type="phantom" candidates="237" cleared="0" enqueued="0" />
  <stringconstants candidates="14617" cleared="0"  />
</gc-op>
<gc-op id="5595" type="sweep" timems="7.561" contextid="5591" timestamp="2019-08-08T00:01:03.910" />
<mem-info id="5596" free="94863680" total="122355712" percent="77">
  <mem type="tenure" free="94863680" total="122355712" percent="77" micro-fragmented="142427" macro-fragmented="0">
    <mem type="soa" free="93641024" total="121133056" percent="77" />
    <mem type="loa" free="1222656" total="1222656" percent="100" />
  </mem>
</mem-info>
<gc-op id="5597" type="compact" timems="35.935" contextid="5591" timestamp="2019-08-08T00:01:03.946">
  <compact-info movecount="85320" movebytes="3463072" reason="compact to aid heap contraction" />
</gc-op>
<heap-resize id="5598" type="expand" space="tenure" amount="327680" count="1" timems="0.020" reason="satisfy allocation request" timestamp="2019-08-08T00:01:03.946" />
<gc-end id="5599" type="global" contextid="5591" durationms="150.297" usertimems="289.773" systemtimems="115.525" timestamp="2019-08-08T00:01:03.946" activeThreads="16">
  <mem-info id="5600" free="95362392" total="122683392" percent="77">
    <mem type="tenure" free="95362392" total="122683392" percent="77">
      <mem type="soa" free="94135640" total="121456640" percent="77" />
      <mem type="loa" free="1226752" total="1226752" percent="100" />
    </mem>
  </mem-info>
</gc-end>
<cycle-end id="5601" type="global" contextid="5591" timestamp="2019-08-08T00:01:03.946" />
  <attribute name="elasticGC enabled" value="1" />
  <attribute name= "numThreadsSpecified" value="16" />
  <attribute name="heapSize specified" value="122355712" />
  <attribute name="Current GC Util" value="52" />
  <attribute name= "Current Time Running" value="182869" />
  <attribute name ="GC Interval" value="0" />
  <attribute name="Target GC Util Change" value ="80.000000" />
  <attribute name="Current GC Util Change" value="52.000000"/>
  <attribute name="Current Error" value="-13.000000" />
  <attribute name="Output H" value="122658368"/>
  <attribute name="Output I" value="1944"/>
  <attribute name="Output T" value="16"/>
  <attribute name= "Current Time Running" value="182869" />
  <attribute name="GC Util currently" value="52" />
  <attribute name="CPU Util currently" value="32065036079" />
<allocation-satisfied id="5602" threadId="00000000020EBE00" bytesRequested="40" />
<af-end id="5603" timestamp="2019-08-08T00:01:03.947" threadId="00000000020EC788" success="true" />
<exclusive-end id="5604" timestamp="2019-08-08T00:01:03.947" durationms="150.543" />

<exclusive-start id="5605" timestamp="2019-08-08T00:01:04.007" intervalms="210.861">
  <response-info timems="0.602" idlems="0.602" threads="0" lastid="00000000020EBE00" lastname="Thread-26" />
</exclusive-start>
<af-start id="5606" threadId="00000000020EC788" totalBytesRequested="40" timestamp="2019-08-08T00:01:04.007" intervalms="210.874" />
<cycle-start id="5607" type="global" contextid="0" timestamp="2019-08-08T00:01:04.007" intervalms="210.898" />
<gc-start id="5608" type="global" contextid="5607" timestamp="2019-08-08T00:01:04.007">
  <mem-info id="5609" free="1226752" total="122683392" percent="0">
    <mem type="tenure" free="1226752" total="122683392" percent="0">
      <mem type="soa" free="0" total="121456640" percent="0" />
      <mem type="loa" free="1226752" total="1226752" percent="100" />
    </mem>
  </mem-info>
</gc-start>
<allocation-stats totalBytes="94187456" >
  <allocated-bytes non-tlh="0" tlh="94187456" />
  <largest-consumer threadName="Thread-34" threadId="00000000020D1B00" bytes="12154864" />
</allocation-stats>
<gc-op id="5610" type="mark" timems="112.580" contextid="5607" timestamp="2019-08-08T00:01:04.120">
  <trace-info objectcount="737757" scancount="656271" scanbytes="19037660" />
  <finalization candidates="151" enqueued="0" />
  <ownableSynchronizers candidates="22" cleared="0" />
  <references type="soft" candidates="1855" cleared="0" enqueued="0" dynamicThreshold="24" maxThreshold="32" />
  <references type="weak" candidates="6266" cleared="0" enqueued="0" />
  <references type="phantom" candidates="237" cleared="0" enqueued="0" />
  <stringconstants candidates="14617" cleared="0"  />
</gc-op>
<gc-op id="5611" type="sweep" timems="6.916" contextid="5607" timestamp="2019-08-08T00:01:04.127" />
<mem-info id="5612" free="95063576" total="122683392" percent="77">
  <mem type="tenure" free="95063576" total="122683392" percent="77" micro-fragmented="64312" macro-fragmented="0">
    <mem type="soa" free="93836824" total="121456640" percent="77" />
    <mem type="loa" free="1226752" total="1226752" percent="100" />
  </mem>
</mem-info>
<gc-op id="5613" type="compact" timems="29.997" contextid="5607" timestamp="2019-08-08T00:01:04.157">
  <compact-info movecount="32688" movebytes="1141512" reason="compact to aid heap contraction" />
</gc-op>
<heap-resize id="5614" type="expand" space="tenure" amount="327680" count="1" timems="0.018" reason="satisfy allocation request" timestamp="2019-08-08T00:01:04.157" />
<gc-end id="5615" type="global" contextid="5607" durationms="150.284" usertimems="118.153" systemtimems="57.870" timestamp="2019-08-08T00:01:04.157" activeThreads="16">
  <mem-info id="5616" free="95521784" total="123011072" percent="77">
    <mem type="tenure" free="95521784" total="123011072" percent="77">
      <mem type="soa" free="94291960" total="121781248" percent="77" />
      <mem type="loa" free="1229824" total="1229824" percent="100" />
    </mem>
  </mem-info>
</gc-end>
<cycle-end id="5617" type="global" contextid="5607" timestamp="2019-08-08T00:01:04.158" />
  <attribute name="elasticGC enabled" value="1" />
  <attribute name= "numThreadsSpecified" value="16" />
  <attribute name="heapSize specified" value="122683392" />
  <attribute name="Current GC Util" value="65" />
  <attribute name= "Current Time Running" value="183080" />
  <attribute name ="GC Interval" value="0" />
  <attribute name="Target GC Util Change" value ="80.000000" />
  <attribute name="Current GC Util Change" value="65.000000"/>
  <attribute name="Current Error" value="-27.000000" />
  <attribute name="Output H" value="122985984"/>
  <attribute name="Output I" value="1872"/>
  <attribute name="Output T" value="16"/>
  <attribute name= "Current Time Running" value="183080" />
  <attribute name="GC Util currently" value="65" />
  <attribute name="CPU Util currently" value="38390997405" />
<allocation-satisfied id="5618" threadId="00000000020EBE00" bytesRequested="40" />
<af-end id="5619" timestamp="2019-08-08T00:01:04.158" threadId="00000000020EC788" success="true" />
<exclusive-end id="5620" timestamp="2019-08-08T00:01:04.158" durationms="150.705" />

<exclusive-start id="5621" timestamp="2019-08-08T00:01:04.219" intervalms="211.805">
  <response-info timems="6.687" idlems="6.687" threads="0" lastid="00000000020EBE00" lastname="Thread-26" />
</exclusive-start>
<af-start id="5622" threadId="00000000020EC788" totalBytesRequested="24" timestamp="2019-08-08T00:01:04.219" intervalms="211.871" />
<cycle-start id="5623" type="global" contextid="0" timestamp="2019-08-08T00:01:04.219" intervalms="211.941" />
<gc-start id="5624" type="global" contextid="5623" timestamp="2019-08-08T00:01:04.219">
  <mem-info id="5625" free="1229824" total="123011072" percent="0">
    <mem type="tenure" free="1229824" total="123011072" percent="0">
      <mem type="soa" free="0" total="121781248" percent="0" />
      <mem type="loa" free="1229824" total="1229824" percent="100" />
    </mem>
  </mem-info>
</gc-start>
<allocation-stats totalBytes="94347392" >
  <allocated-bytes non-tlh="0" tlh="94347392" />
  <largest-consumer threadName="Thread-34" threadId="00000000020D1B00" bytes="9796672" />
</allocation-stats>
<gc-op id="5626" type="mark" timems="76.076" contextid="5623" timestamp="2019-08-08T00:01:04.295">
  <trace-info objectcount="735472" scancount="653987" scanbytes="18982740" />
  <finalization candidates="151" enqueued="0" />
  <ownableSynchronizers candidates="22" cleared="0" />
  <references type="soft" candidates="1855" cleared="0" enqueued="0" dynamicThreshold="24" maxThreshold="32" />
  <references type="weak" candidates="6266" cleared="0" enqueued="0" />
  <references type="phantom" candidates="237" cleared="0" enqueued="0" />
  <stringconstants candidates="14617" cleared="0"  />
</gc-op>
<gc-op id="5627" type="sweep" timems="5.189" contextid="5623" timestamp="2019-08-08T00:01:04.300" />
<mem-info id="5628" free="95233136" total="123011072" percent="77">
  <mem type="tenure" free="95233136" total="123011072" percent="77" micro-fragmented="337638" macro-fragmented="0">
    <mem type="soa" free="94003312" total="121781248" percent="77" />
    <mem type="loa" free="1229824" total="1229824" percent="100" />
  </mem>
</mem-info>
<gc-op id="5629" type="compact" timems="30.491" contextid="5623" timestamp="2019-08-08T00:01:04.331">
  <compact-info movecount="129156" movebytes="6135656" reason="compact to aid heap contraction" />
</gc-op>
<heap-resize id="5630" type="expand" space="tenure" amount="327680" count="1" timems="0.024" reason="satisfy allocation request" timestamp="2019-08-08T00:01:04.333" />
<gc-end id="5631" type="global" contextid="5623" durationms="113.774" usertimems="107.848" systemtimems="12.899" timestamp="2019-08-08T00:01:04.333" activeThreads="16">
  <mem-info id="5632" free="95904384" total="123338752" percent="77">
    <mem type="tenure" free="95904384" total="123338752" percent="77">
      <mem type="soa" free="94671488" total="122105856" percent="77" />
      <mem type="loa" free="1232896" total="1232896" percent="100" />
    </mem>
  </mem-info>
</gc-end>
<cycle-end id="5633" type="global" contextid="5623" timestamp="2019-08-08T00:01:04.333" />
  <attribute name="elasticGC enabled" value="1" />
  <attribute name= "numThreadsSpecified" value="16" />
  <attribute name="heapSize specified" value="123011072" />
  <attribute name="Current GC Util" value="83" />
  <attribute name= "Current Time Running" value="183254" />
  <attribute name ="GC Interval" value="0" />
  <attribute name="Target GC Util Change" value ="80.000000" />
  <attribute name="Current GC Util Change" value="83.000000"/>
  <attribute name="Current Error" value="-3.000000" />
  <attribute name="Output H" value="123313776"/>
  <attribute name="Output I" value="2000"/>
  <attribute name="Output T" value="16"/>
  <attribute name= "Current Time Running" value="183254" />
  <attribute name="GC Util currently" value="83" />
  <attribute name="CPU Util currently" value="37783361642" />
<allocation-satisfied id="5634" threadId="00000000020EBE00" bytesRequested="24" />
<af-end id="5635" timestamp="2019-08-08T00:01:04.333" threadId="00000000020EC788" success="true" />
<exclusive-end id="5636" timestamp="2019-08-08T00:01:04.333" durationms="114.315" />

<exclusive-start id="5637" timestamp="2019-08-08T00:01:04.566" intervalms="347.809">
  <response-info timems="12.172" idlems="6.099" threads="1" lastid="00000000020FEE00" lastname="Thread-33" />
</exclusive-start>
<af-start id="5638" threadId="00000000020BBC88" totalBytesRequested="40" timestamp="2019-08-08T00:01:04.567" intervalms="347.787" />
<cycle-start id="5639" type="global" contextid="0" timestamp="2019-08-08T00:01:04.567" intervalms="347.697" />
<gc-start id="5640" type="global" contextid="5639" timestamp="2019-08-08T00:01:04.567">
  <mem-info id="5641" free="1232896" total="123338752" percent="0">
    <mem type="tenure" free="1232896" total="123338752" percent="0">
      <mem type="soa" free="0" total="122105856" percent="0" />
      <mem type="loa" free="1232896" total="1232896" percent="100" />
    </mem>
  </mem-info>
</gc-start>
<allocation-stats totalBytes="94726200" >
  <allocated-bytes non-tlh="0" tlh="94726200" />
  <largest-consumer threadName="Thread-35" threadId="00000000020DCE00" bytes="10320704" />
</allocation-stats>
<gc-op id="5642" type="mark" timems="22.337" contextid="5639" timestamp="2019-08-08T00:01:04.589">
  <trace-info objectcount="729540" scancount="648056" scanbytes="18840868" />
  <finalization candidates="151" enqueued="0" />
  <ownableSynchronizers candidates="22" cleared="0" />
  <references type="soft" candidates="1855" cleared="0" enqueued="0" dynamicThreshold="24" maxThreshold="32" />
  <references type="weak" candidates="6266" cleared="0" enqueued="0" />
  <references type="phantom" candidates="237" cleared="0" enqueued="0" />
  <stringconstants candidates="14617" cleared="0"  />
</gc-op>
<gc-op id="5643" type="sweep" timems="4.468" contextid="5639" timestamp="2019-08-08T00:01:04.594" />
<mem-info id="5644" free="95861376" total="123338752" percent="77">
  <mem type="tenure" free="95861376" total="123338752" percent="77" micro-fragmented="196529" macro-fragmented="0">
    <mem type="soa" free="94628480" total="122105856" percent="77" />
    <mem type="loa" free="1232896" total="1232896" percent="100" />
  </mem>
</mem-info>
<gc-op id="5645" type="compact" timems="140.790" contextid="5639" timestamp="2019-08-08T00:01:04.734">
  <compact-info movecount="117411" movebytes="5058144" reason="compact to aid heap contraction" />
</gc-op>
<heap-resize id="5646" type="expand" space="tenure" amount="327680" count="1" timems="0.036" reason="satisfy allocation request" timestamp="2019-08-08T00:01:04.739" />
<gc-end id="5647" type="global" contextid="5639" durationms="172.384" usertimems="150.564" systemtimems="48.372" timestamp="2019-08-08T00:01:04.739" activeThreads="16">
  <mem-info id="5648" free="96373936" total="123666432" percent="77">
    <mem type="tenure" free="96373936" total="123666432" percent="77">
      <mem type="soa" free="95137968" total="122430464" percent="77" />
      <mem type="loa" free="1235968" total="1235968" percent="100" />
    </mem>
  </mem-info>
</gc-end>
<cycle-end id="5649" type="global" contextid="5639" timestamp="2019-08-08T00:01:04.739" />
  <attribute name="elasticGC enabled" value="1" />
  <attribute name= "numThreadsSpecified" value="16" />
  <attribute name="heapSize specified" value="123338752" />
  <attribute name="Current GC Util" value="55" />
  <attribute name= "Current Time Running" value="183657" />
  <attribute name ="GC Interval" value="0" />
  <attribute name="Target GC Util Change" value ="80.000000" />
  <attribute name="Current GC Util Change" value="55.000000"/>
  <attribute name="Current Error" value="-231.000000" />
  <attribute name="Output H" value="123640400"/>
  <attribute name="Output I" value="808"/>
  <attribute name="Output T" value="16"/>
  <attribute name= "Current Time Running" value="183657" />
  <attribute name="GC Util currently" value="55" />
  <attribute name="CPU Util currently" value="8186617611" />
<allocation-satisfied id="5650" threadId="00000000020BB300" bytesRequested="40" />
<af-end id="5651" timestamp="2019-08-08T00:01:04.739" threadId="00000000020BBC88" success="true" />
<exclusive-end id="5652" timestamp="2019-08-08T00:01:04.739" durationms="172.693" />

<exclusive-start id="5653" timestamp="2019-08-08T00:01:04.854" intervalms="287.134">
  <response-info timems="7.404" idlems="7.404" threads="0" lastid="00000000020B3B00" lastname="Thread-27" />
</exclusive-start>
<af-start id="5654" threadId="00000000020B4488" totalBytesRequested="40" timestamp="2019-08-08T00:01:04.854" intervalms="287.102" />
<cycle-start id="5655" type="global" contextid="0" timestamp="2019-08-08T00:01:04.854" intervalms="287.221" />
<gc-start id="5656" type="global" contextid="5655" timestamp="2019-08-08T00:01:04.854">
  <mem-info id="5657" free="1235968" total="123666432" percent="0">
    <mem type="tenure" free="1235968" total="123666432" percent="0">
      <mem type="soa" free="0" total="122430464" percent="0" />
      <mem type="loa" free="1235968" total="1235968" percent="100" />
    </mem>
  </mem-info>
</gc-start>
<allocation-stats totalBytes="95191112" >
  <allocated-bytes non-tlh="0" tlh="95191112" />
  <largest-consumer threadName="Thread-27" threadId="00000000020B3B00" bytes="13597152" />
</allocation-stats>
<gc-op id="5658" type="mark" timems="15.069" contextid="5655" timestamp="2019-08-08T00:01:04.869">
  <trace-info objectcount="735415" scancount="653919" scanbytes="18981772" />
  <finalization candidates="151" enqueued="0" />
  <ownableSynchronizers candidates="22" cleared="0" />
  <references type="soft" candidates="1855" cleared="0" enqueued="0" dynamicThreshold="24" maxThreshold="32" />
  <references type="weak" candidates="6266" cleared="0" enqueued="0" />
  <references type="phantom" candidates="237" cleared="0" enqueued="0" />
  <stringconstants candidates="14617" cleared="0"  />
</gc-op>
<gc-op id="5659" type="sweep" timems="12.524" contextid="5655" timestamp="2019-08-08T00:01:04.882" />
<mem-info id="5660" free="96081608" total="123666432" percent="77">
  <mem type="tenure" free="96081608" total="123666432" percent="77" micro-fragmented="177656" macro-fragmented="0">
    <mem type="soa" free="94845640" total="122430464" percent="77" />
    <mem type="loa" free="1235968" total="1235968" percent="100" />
  </mem>
</mem-info>
<gc-op id="5661" type="compact" timems="106.775" contextid="5655" timestamp="2019-08-08T00:01:04.988">
  <compact-info movecount="111279" movebytes="4598600" reason="compact to aid heap contraction" />
</gc-op>
<heap-resize id="5662" type="expand" space="tenure" amount="327680" count="1" timems="0.034" reason="satisfy allocation request" timestamp="2019-08-08T00:01:04.993" />
<gc-end id="5663" type="global" contextid="5655" durationms="138.936" usertimems="127.200" systemtimems="14.946" timestamp="2019-08-08T00:01:04.993" activeThreads="16">
  <mem-info id="5664" free="96560712" total="123994112" percent="77">
    <mem type="tenure" free="96560712" total="123994112" percent="77">
      <mem type="soa" free="95321672" total="122755072" percent="77" />
      <mem type="loa" free="1239040" total="1239040" percent="100" />
    </mem>
  </mem-info>
</gc-end>
<cycle-end id="5665" type="global" contextid="5655" timestamp="2019-08-08T00:01:04.993" />
  <attribute name="elasticGC enabled" value="1" />
  <attribute name= "numThreadsSpecified" value="16" />
  <attribute name="heapSize specified" value="123666432" />
  <attribute name="Current GC Util" value="25" />
  <attribute name= "Current Time Running" value="183911" />
  <attribute name ="GC Interval" value="0" />
  <attribute name="Target GC Util Change" value ="80.000000" />
  <attribute name="Current GC Util Change" value="25.000000"/>
  <attribute name="Current Error" value="-145.000000" />
  <attribute name="Output H" value="123968480"/>
  <attribute name="Output I" value="1256"/>
  <attribute name="Output T" value="16"/>
  <attribute name= "Current Time Running" value="183911" />
  <attribute name="GC Util currently" value="25" />
  <attribute name="CPU Util currently" value="10796501302" />
<allocation-satisfied id="5666" threadId="00000000020B3B00" bytesRequested="40" />
<af-end id="5667" timestamp="2019-08-08T00:01:04.993" threadId="00000000020B4488" success="true" />
<exclusive-end id="5668" timestamp="2019-08-08T00:01:04.993" durationms="139.319" />

<exclusive-start id="5669" timestamp="2019-08-08T00:01:05.121" intervalms="267.512">
  <response-info timems="1.211" idlems="1.211" threads="0" lastid="00000000020BB300" lastname="Thread-28" />
</exclusive-start>
<af-start id="5670" threadId="00000000020BBC88" totalBytesRequested="40" timestamp="2019-08-08T00:01:05.121" intervalms="267.521" />
<cycle-start id="5671" type="global" contextid="0" timestamp="2019-08-08T00:01:05.121" intervalms="267.403" />
<gc-start id="5672" type="global" contextid="5671" timestamp="2019-08-08T00:01:05.121">
  <mem-info id="5673" free="1239040" total="123994112" percent="0">
    <mem type="tenure" free="1239040" total="123994112" percent="0">
      <mem type="soa" free="0" total="122755072" percent="0" />
      <mem type="loa" free="1239040" total="1239040" percent="100" />
    </mem>
  </mem-info>
</gc-start>
<allocation-stats totalBytes="95377136" >
  <allocated-bytes non-tlh="0" tlh="95377136" />
  <largest-consumer threadName="Thread-22" threadId="0000000002115500" bytes="10320888" />
</allocation-stats>
<gc-op id="5674" type="mark" timems="12.559" contextid="5671" timestamp="2019-08-08T00:01:05.134">
  <trace-info objectcount="720190" scancount="638676" scanbytes="18615532" />
  <finalization candidates="151" enqueued="0" />
  <ownableSynchronizers candidates="22" cleared="0" />
  <references type="soft" candidates="1855" cleared="0" enqueued="0" dynamicThreshold="24" maxThreshold="32" />
  <references type="weak" candidates="6266" cleared="0" enqueued="0" />
  <references type="phantom" candidates="237" cleared="0" enqueued="0" />
  <stringconstants candidates="14617" cleared="0"  />
</gc-op>
<gc-op id="5675" type="sweep" timems="4.475" contextid="5671" timestamp="2019-08-08T00:01:05.138" />
<mem-info id="5676" free="96825288" total="123994112" percent="78">
  <mem type="tenure" free="96825288" total="123994112" percent="78" micro-fragmented="108803" macro-fragmented="0">
    <mem type="soa" free="95586248" total="122755072" percent="77" />
    <mem type="loa" free="1239040" total="1239040" percent="100" />
  </mem>
</mem-info>
<gc-op id="5677" type="compact" timems="30.843" contextid="5671" timestamp="2019-08-08T00:01:05.169">
  <compact-info movecount="81937" movebytes="3655832" reason="compact to aid heap contraction" />
</gc-op>
<heap-resize id="5678" type="expand" space="tenure" amount="327680" count="1" timems="0.015" reason="satisfy allocation request" timestamp="2019-08-08T00:01:05.170" />
<gc-end id="5679" type="global" contextid="5671" durationms="48.636" usertimems="100.393" systemtimems="11.146" timestamp="2019-08-08T00:01:05.170" activeThreads="16">
  <mem-info id="5680" free="97254632" total="124321792" percent="78">
    <mem type="tenure" free="97254632" total="124321792" percent="78">
      <mem type="soa" free="96011496" total="123078656" percent="78" />
      <mem type="loa" free="1243136" total="1243136" percent="100" />
    </mem>
  </mem-info>
</gc-end>
<cycle-end id="5681" type="global" contextid="5671" timestamp="2019-08-08T00:01:05.170" />
  <attribute name="elasticGC enabled" value="1" />
  <attribute name= "numThreadsSpecified" value="16" />
  <attribute name="heapSize specified" value="123994112" />
  <attribute name="Current GC Util" value="70" />
  <attribute name= "Current Time Running" value="184092" />
  <attribute name ="GC Interval" value="0" />
  <attribute name="Target GC Util Change" value ="80.000000" />
  <attribute name="Current GC Util Change" value="70.000000"/>
  <attribute name="Current Error" value="10.000000" />
  <attribute name="Output H" value="124296872"/>
  <attribute name="Output I" value="2064"/>
  <attribute name="Output T" value="16"/>
  <attribute name= "Current Time Running" value="184092" />
  <attribute name="GC Util currently" value="70" />
  <attribute name="CPU Util currently" value="37351781518" />
<allocation-satisfied id="5682" threadId="00000000020BB300" bytesRequested="40" />
<af-end id="5683" timestamp="2019-08-08T00:01:05.170" threadId="00000000020BBC88" success="true" />
<exclusive-end id="5684" timestamp="2019-08-08T00:01:05.170" durationms="48.887" />

<exclusive-start id="5685" timestamp="2019-08-08T00:01:05.367" intervalms="246.314">
  <response-info timems="1.640" idlems="1.640" threads="0" lastid="00000000020D1B00" lastname="Thread-34" />
</exclusive-start>
<af-start id="5686" threadId="00000000020D2488" totalBytesRequested="40" timestamp="2019-08-08T00:01:05.367" intervalms="246.319" />
<cycle-start id="5687" type="global" contextid="0" timestamp="2019-08-08T00:01:05.368" intervalms="246.329" />
<gc-start id="5688" type="global" contextid="5687" timestamp="2019-08-08T00:01:05.368">
  <mem-info id="5689" free="1243136" total="124321792" percent="0">
    <mem type="tenure" free="1243136" total="124321792" percent="0">
      <mem type="soa" free="0" total="123078656" percent="0" />
      <mem type="loa" free="1243136" total="1243136" percent="100" />
    </mem>
  </mem-info>
</gc-start>
<allocation-stats totalBytes="96066984" >
  <allocated-bytes non-tlh="0" tlh="96066984" />
  <largest-consumer threadName="Thread-22" threadId="0000000002115500" bytes="11237888" />
</allocation-stats>
<gc-op id="5690" type="mark" timems="64.251" contextid="5687" timestamp="2019-08-08T00:01:05.432">
  <trace-info objectcount="718833" scancount="637340" scanbytes="18583084" />
  <finalization candidates="151" enqueued="0" />
  <ownableSynchronizers candidates="22" cleared="0" />
  <references type="soft" candidates="1855" cleared="0" enqueued="0" dynamicThreshold="25" maxThreshold="32" />
  <references type="weak" candidates="6266" cleared="0" enqueued="0" />
  <references type="phantom" candidates="237" cleared="0" enqueued="0" />
  <stringconstants candidates="14617" cleared="0"  />
</gc-op>
<gc-op id="5691" type="sweep" timems="5.338" contextid="5687" timestamp="2019-08-08T00:01:05.437" />
<mem-info id="5692" free="97073368" total="124321792" percent="78">
  <mem type="tenure" free="97073368" total="124321792" percent="78" micro-fragmented="173889" macro-fragmented="0">
    <mem type="soa" free="95830232" total="123078656" percent="77" />
    <mem type="loa" free="1243136" total="1243136" percent="100" />
  </mem>
</mem-info>
<gc-op id="5693" type="compact" timems="37.814" contextid="5687" timestamp="2019-08-08T00:01:05.475">
  <compact-info movecount="100849" movebytes="4486496" reason="compact to aid heap contraction" />
</gc-op>
<heap-resize id="5694" type="expand" space="tenure" amount="327680" count="1" timems="0.019" reason="satisfy allocation request" timestamp="2019-08-08T00:01:05.476" />
<gc-end id="5695" type="global" contextid="5687" durationms="108.488" usertimems="216.450" systemtimems="63.134" timestamp="2019-08-08T00:01:05.476" activeThreads="16">
  <mem-info id="5696" free="97614760" total="124649472" percent="78">
    <mem type="tenure" free="97614760" total="124649472" percent="78">
      <mem type="soa" free="96368552" total="123403264" percent="78" />
      <mem type="loa" free="1246208" total="1246208" percent="100" />
    </mem>
  </mem-info>
</gc-end>
<cycle-end id="5697" type="global" contextid="5687" timestamp="2019-08-08T00:01:05.476" />
  <attribute name="elasticGC enabled" value="1" />
  <attribute name= "numThreadsSpecified" value="16" />
  <attribute name="heapSize specified" value="124321792" />
  <attribute name="Current GC Util" value="71" />
  <attribute name= "Current Time Running" value="184398" />
  <attribute name ="GC Interval" value="0" />
  <attribute name="Target GC Util Change" value ="80.000000" />
  <attribute name="Current GC Util Change" value="71.000000"/>
  <attribute name="Current Error" value="-58.000000" />
  <attribute name="Output H" value="124624240"/>
  <attribute name="Output I" value="1712"/>
  <attribute name="Output T" value="16"/>
  <attribute name= "Current Time Running" value="184398" />
  <attribute name="GC Util currently" value="71" />
  <attribute name="CPU Util currently" value="30448078130" />
<allocation-satisfied id="5698" threadId="00000000020D1B00" bytesRequested="40" />
<af-end id="5699" timestamp="2019-08-08T00:01:05.476" threadId="00000000020D2488" success="true" />
<exclusive-end id="5700" timestamp="2019-08-08T00:01:05.476" durationms="108.784" />

<exclusive-start id="5701" timestamp="2019-08-08T00:01:05.563" intervalms="195.422">
  <response-info timems="1.173" idlems="0.588" threads="1" lastid="00000000020FEE00" lastname="Thread-33" />
</exclusive-start>
<af-start id="5702" threadId="00000000020EC788" totalBytesRequested="40" timestamp="2019-08-08T00:01:05.563" intervalms="195.424" />
<cycle-start id="5703" type="global" contextid="0" timestamp="2019-08-08T00:01:05.563" intervalms="195.438" />
<gc-start id="5704" type="global" contextid="5703" timestamp="2019-08-08T00:01:05.563">
  <mem-info id="5705" free="1246208" total="124649472" percent="0">
    <mem type="tenure" free="1246208" total="124649472" percent="0">
      <mem type="soa" free="0" total="123403264" percent="0" />
      <mem type="loa" free="1246208" total="1246208" percent="100" />
    </mem>
  </mem-info>
</gc-start>
<allocation-stats totalBytes="96423584" >
  <allocated-bytes non-tlh="0" tlh="96423584" />
  <largest-consumer threadName="Thread-28" threadId="00000000020BB300" bytes="10189784" />
</allocation-stats>
<gc-op id="5706" type="mark" timems="90.883" contextid="5703" timestamp="2019-08-08T00:01:05.654">
  <trace-info objectcount="716366" scancount="634860" scanbytes="18523748" />
  <finalization candidates="151" enqueued="0" />
  <ownableSynchronizers candidates="22" cleared="0" />
  <references type="soft" candidates="1855" cleared="0" enqueued="0" dynamicThreshold="25" maxThreshold="32" />
  <references type="weak" candidates="6266" cleared="0" enqueued="0" />
  <references type="phantom" candidates="237" cleared="0" enqueued="0" />
  <stringconstants candidates="14617" cleared="0"  />
</gc-op>
<gc-op id="5707" type="sweep" timems="5.853" contextid="5703" timestamp="2019-08-08T00:01:05.660" />
<mem-info id="5708" free="97450648" total="124649472" percent="78">
  <mem type="tenure" free="97450648" total="124649472" percent="78" micro-fragmented="158870" macro-fragmented="0">
    <mem type="soa" free="96204440" total="123403264" percent="77" />
    <mem type="loa" free="1246208" total="1246208" percent="100" />
  </mem>
</mem-info>
<gc-op id="5709" type="compact" timems="49.721" contextid="5703" timestamp="2019-08-08T00:01:05.710">
  <compact-info movecount="96864" movebytes="4390728" reason="compact to aid heap contraction" />
</gc-op>
<heap-resize id="5710" type="expand" space="tenure" amount="327680" count="1" timems="0.022" reason="satisfy allocation request" timestamp="2019-08-08T00:01:05.711" />
<gc-end id="5711" type="global" contextid="5703" durationms="147.526" usertimems="137.060" systemtimems="51.768" timestamp="2019-08-08T00:01:05.711" activeThreads="16">
  <mem-info id="5712" free="98001776" total="124977152" percent="78">
    <mem type="tenure" free="98001776" total="124977152" percent="78">
      <mem type="soa" free="96752496" total="123727872" percent="78" />
      <mem type="loa" free="1249280" total="1249280" percent="100" />
    </mem>
  </mem-info>
</gc-end>
<cycle-end id="5713" type="global" contextid="5703" timestamp="2019-08-08T00:01:05.711" />
  <attribute name="elasticGC enabled" value="1" />
  <attribute name= "numThreadsSpecified" value="16" />
  <attribute name="heapSize specified" value="124649472" />
  <attribute name="Current GC Util" value="64" />
  <attribute name= "Current Time Running" value="184633" />
  <attribute name ="GC Interval" value="0" />
  <attribute name="Target GC Util Change" value ="80.000000" />
  <attribute name="Current GC Util Change" value="64.000000"/>
  <attribute name="Current Error" value="-106.000000" />
  <attribute name="Output H" value="124951696"/>
  <attribute name="Output I" value="1464"/>
  <attribute name="Output T" value="16"/>
  <attribute name= "Current Time Running" value="184633" />
  <attribute name="GC Util currently" value="64" />
  <attribute name="CPU Util currently" value="23156864375" />
<allocation-satisfied id="5714" threadId="00000000020EBE00" bytesRequested="40" />
<af-end id="5715" timestamp="2019-08-08T00:01:05.711" threadId="00000000020EC788" success="true" />
<exclusive-end id="5716" timestamp="2019-08-08T00:01:05.711" durationms="147.871" />

<exclusive-start id="5717" timestamp="2019-08-08T00:01:05.794" intervalms="231.455">
  <response-info timems="6.544" idlems="6.544" threads="0" lastid="00000000020D9200" lastname="Thread-31" />
</exclusive-start>
<af-start id="5718" threadId="00000000020D9B88" totalBytesRequested="40" timestamp="2019-08-08T00:01:05.794" intervalms="231.413" />
<cycle-start id="5719" type="global" contextid="0" timestamp="2019-08-08T00:01:05.794" intervalms="231.385" />
<gc-start id="5720" type="global" contextid="5719" timestamp="2019-08-08T00:01:05.794">
  <mem-info id="5721" free="1249280" total="124977152" percent="0">
    <mem type="tenure" free="1249280" total="124977152" percent="0">
      <mem type="soa" free="0" total="123727872" percent="0" />
      <mem type="loa" free="1249280" total="1249280" percent="100" />
    </mem>
  </mem-info>
</gc-start>
<allocation-stats totalBytes="96805936" >
  <allocated-bytes non-tlh="0" tlh="96805936" />
  <largest-consumer threadName="Thread-28" threadId="00000000020BB300" bytes="10058672" />
</allocation-stats>
<gc-op id="5722" type="mark" timems="120.164" contextid="5719" timestamp="2019-08-08T00:01:05.915">
  <trace-info objectcount="720599" scancount="639100" scanbytes="18625028" />
  <finalization candidates="151" enqueued="0" />
  <ownableSynchronizers candidates="22" cleared="0" />
  <references type="soft" candidates="1855" cleared="0" enqueued="0" dynamicThreshold="25" maxThreshold="32" />
  <references type="weak" candidates="6266" cleared="0" enqueued="0" />
  <references type="phantom" candidates="237" cleared="0" enqueued="0" />
  <stringconstants candidates="14617" cleared="0"  />
</gc-op>
<gc-op id="5723" type="sweep" timems="3.550" contextid="5719" timestamp="2019-08-08T00:01:05.918" />
<mem-info id="5724" free="97773464" total="124977152" percent="78">
  <mem type="tenure" free="97773464" total="124977152" percent="78" micro-fragmented="58103" macro-fragmented="0">
    <mem type="soa" free="96524184" total="123727872" percent="78" />
    <mem type="loa" free="1249280" total="1249280" percent="100" />
  </mem>
</mem-info>
<gc-op id="5725" type="compact" timems="32.812" contextid="5719" timestamp="2019-08-08T00:01:05.951">
  <compact-info movecount="81268" movebytes="3603984" reason="compact to aid heap contraction" />
</gc-op>
<heap-resize id="5726" type="expand" space="tenure" amount="327680" count="1" timems="0.019" reason="satisfy allocation request" timestamp="2019-08-08T00:01:05.953" />
<gc-end id="5727" type="global" contextid="5719" durationms="158.672" usertimems="147.644" systemtimems="81.762" timestamp="2019-08-08T00:01:05.953" activeThreads="8">
  <mem-info id="5728" free="98228176" total="125304832" percent="78">
    <mem type="tenure" free="98228176" total="125304832" percent="78">
      <mem type="soa" free="96975824" total="124052480" percent="78" />
      <mem type="loa" free="1252352" total="1252352" percent="100" />
    </mem>
  </mem-info>
</gc-end>
<cycle-end id="5729" type="global" contextid="5719" timestamp="2019-08-08T00:01:05.953" />
  <attribute name="elasticGC enabled" value="1" />
  <attribute name= "numThreadsSpecified" value="8" />
  <attribute name="heapSize specified" value="124977152" />
  <attribute name="Current GC Util" value="84" />
  <attribute name= "Current Time Running" value="184874" />
  <attribute name ="GC Interval" value="0" />
  <attribute name="Target GC Util Change" value ="80.000000" />
  <attribute name="Current GC Util Change" value="84.000000"/>
  <attribute name="Current Error" value="-4.000000" />
  <attribute name="Output H" value="125279848"/>
  <attribute name="Output I" value="1992"/>
  <attribute name="Output T" value="8"/>
  <attribute name= "Current Time Running" value="184874" />
  <attribute name="GC Util currently" value="84" />
  <attribute name="CPU Util currently" value="35115421907" />
<allocation-satisfied id="5730" threadId="00000000020D9200" bytesRequested="40" />
<af-end id="5731" timestamp="2019-08-08T00:01:05.953" threadId="00000000020D9B88" success="true" />
<exclusive-end id="5732" timestamp="2019-08-08T00:01:05.953" durationms="158.960" />

<exclusive-start id="5733" timestamp="2019-08-08T00:01:06.211" intervalms="417.025">
  <response-info timems="1.655" idlems="0.854" threads="10" lastid="0000000002111900" lastname="Thread-25" />
</exclusive-start>
<af-start id="5734" threadId="00000000020EC788" totalBytesRequested="40" timestamp="2019-08-08T00:01:06.211" intervalms="417.040" />
<cycle-start id="5735" type="global" contextid="0" timestamp="2019-08-08T00:01:06.211" intervalms="417.045" />
<gc-start id="5736" type="global" contextid="5735" timestamp="2019-08-08T00:01:06.211">
  <mem-info id="5737" free="1252352" total="125304832" percent="0">
    <mem type="tenure" free="1252352" total="125304832" percent="0">
      <mem type="soa" free="0" total="124052480" percent="0" />
      <mem type="loa" free="1252352" total="1252352" percent="100" />
    </mem>
  </mem-info>
</gc-start>
<allocation-stats totalBytes="97028232" >
  <allocated-bytes non-tlh="0" tlh="97028232" />
  <largest-consumer threadName="Thread-26" threadId="00000000020EBE00" bytes="10975664" />
</allocation-stats>
<gc-op id="5738" type="mark" timems="20.661" contextid="5735" timestamp="2019-08-08T00:01:06.232">
  <trace-info objectcount="726028" scancount="644525" scanbytes="18754132" />
  <finalization candidates="151" enqueued="0" />
  <ownableSynchronizers candidates="22" cleared="0" />
  <references type="soft" candidates="1855" cleared="0" enqueued="0" dynamicThreshold="25" maxThreshold="32" />
  <references type="weak" candidates="6266" cleared="0" enqueued="0" />
  <references type="phantom" candidates="237" cleared="0" enqueued="0" />
  <stringconstants candidates="14617" cleared="0"  />
</gc-op>
<gc-op id="5739" type="sweep" timems="9.236" contextid="5735" timestamp="2019-08-08T00:01:06.241" />
<mem-info id="5740" free="97947960" total="125304832" percent="78">
  <mem type="tenure" free="97947960" total="125304832" percent="78" micro-fragmented="82101" macro-fragmented="0">
    <mem type="soa" free="96695608" total="124052480" percent="77" />
    <mem type="loa" free="1252352" total="1252352" percent="100" />
  </mem>
</mem-info>
<gc-op id="5741" type="compact" timems="122.359" contextid="5735" timestamp="2019-08-08T00:01:06.364">
  <compact-info movecount="98125" movebytes="4282112" reason="compact to aid heap contraction" />
</gc-op>
<heap-resize id="5742" type="expand" space="tenure" amount="327680" count="1" timems="0.027" reason="satisfy allocation request" timestamp="2019-08-08T00:01:06.375" />
<gc-end id="5743" type="global" contextid="5735" durationms="163.608" usertimems="286.490" systemtimems="101.245" timestamp="2019-08-08T00:01:06.375" activeThreads="16">
  <mem-info id="5744" free="98426752" total="125632512" percent="78">
    <mem type="tenure" free="98426752" total="125632512" percent="78">
      <mem type="soa" free="97171328" total="124377088" percent="78" />
      <mem type="loa" free="1255424" total="1255424" percent="100" />
    </mem>
  </mem-info>
</gc-end>
<cycle-end id="5745" type="global" contextid="5735" timestamp="2019-08-08T00:01:06.375" />
  <attribute name="elasticGC enabled" value="1" />
  <attribute name= "numThreadsSpecified" value="16" />
  <attribute name="heapSize specified" value="125304832" />
  <attribute name="Current GC Util" value="23" />
  <attribute name= "Current Time Running" value="185287" />
  <attribute name ="GC Interval" value="0" />
  <attribute name="Target GC Util Change" value ="80.000000" />
  <attribute name="Current GC Util Change" value="23.000000"/>
  <attribute name="Current Error" value="-469.000000" />
  <attribute name="Output H" value="125605384"/>
  <attribute name="Output I" value="200"/>
  <attribute name="Output T" value="16"/>
  <attribute name= "Current Time Running" value="185287" />
  <attribute name="GC Util currently" value="23" />
  <attribute name="CPU Util currently" value="9418767737" />
<allocation-satisfied id="5746" threadId="00000000020EBE00" bytesRequested="40" />
<af-end id="5747" timestamp="2019-08-08T00:01:06.388" threadId="00000000020EC788" success="true" />
<exclusive-end id="5748" timestamp="2019-08-08T00:01:06.397" durationms="185.609" />

<exclusive-start id="5749" timestamp="2019-08-08T00:01:06.616" intervalms="405.152">
  <response-info timems="8.479" idlems="4.249" threads="1" lastid="00000000020D5600" lastname="Thread-21" />
</exclusive-start>
<af-start id="5750" threadId="00000000020B4488" totalBytesRequested="40" timestamp="2019-08-08T00:01:06.617" intervalms="405.194" />
<cycle-start id="5751" type="global" contextid="0" timestamp="2019-08-08T00:01:06.617" intervalms="405.207" />
<gc-start id="5752" type="global" contextid="5751" timestamp="2019-08-08T00:01:06.618">
  <mem-info id="5753" free="1255424" total="125632512" percent="0">
    <mem type="tenure" free="1255424" total="125632512" percent="0">
      <mem type="soa" free="0" total="124377088" percent="0" />
      <mem type="loa" free="1255424" total="1255424" percent="100" />
    </mem>
  </mem-info>
</gc-start>
<allocation-stats totalBytes="97223784" >
  <allocated-bytes non-tlh="0" tlh="97223784" />
  <largest-consumer threadName="Thread-27" threadId="00000000020B3B00" bytes="13203512" />
</allocation-stats>
<gc-op id="5754" type="mark" timems="19.402" contextid="5751" timestamp="2019-08-08T00:01:06.638">
  <trace-info objectcount="727417" scancount="645931" scanbytes="18654264" />
  <finalization candidates="151" enqueued="0" />
  <ownableSynchronizers candidates="22" cleared="0" />
  <references type="soft" candidates="1855" cleared="0" enqueued="0" dynamicThreshold="25" maxThreshold="32" />
  <references type="weak" candidates="6266" cleared="0" enqueued="0" />
  <references type="phantom" candidates="237" cleared="0" enqueued="0" />
  <stringconstants candidates="14617" cleared="0"  />
</gc-op>
<gc-op id="5755" type="sweep" timems="3.832" contextid="5751" timestamp="2019-08-08T00:01:06.642" />
<mem-info id="5756" free="98273432" total="125632512" percent="78">
  <mem type="tenure" free="98273432" total="125632512" percent="78" micro-fragmented="130392" macro-fragmented="0">
    <mem type="soa" free="97018008" total="124377088" percent="78" />
    <mem type="loa" free="1255424" total="1255424" percent="100" />
  </mem>
</mem-info>
<gc-op id="5757" type="compact" timems="44.984" contextid="5751" timestamp="2019-08-08T00:01:06.687">
  <compact-info movecount="75195" movebytes="3049080" reason="compact to aid heap contraction" />
</gc-op>
<heap-resize id="5758" type="expand" space="tenure" amount="327680" count="1" timems="0.021" reason="satisfy allocation request" timestamp="2019-08-08T00:01:06.689" />
<gc-end id="5759" type="global" contextid="5751" durationms="70.980" usertimems="128.808" systemtimems="15.503" timestamp="2019-08-08T00:01:06.689" activeThreads="16">
  <mem-info id="5760" free="98854304" total="125960192" percent="78">
    <mem type="tenure" free="98854304" total="125960192" percent="78">
      <mem type="soa" free="97594784" total="124700672" percent="78" />
      <mem type="loa" free="1259520" total="1259520" percent="100" />
    </mem>
  </mem-info>
</gc-end>
<cycle-end id="5761" type="global" contextid="5751" timestamp="2019-08-08T00:01:06.689" />
  <attribute name="elasticGC enabled" value="1" />
  <attribute name= "numThreadsSpecified" value="16" />
  <attribute name="heapSize specified" value="125632512" />
  <attribute name="Current GC Util" value="77" />
  <attribute name= "Current Time Running" value="185610" />
  <attribute name ="GC Interval" value="0" />
  <attribute name="Target GC Util Change" value ="80.000000" />
  <attribute name="Current GC Util Change" value="77.000000"/>
  <attribute name="Current Error" value="-276.000000" />
  <attribute name="Output H" value="125933952"/>
  <attribute name="Output I" value="576"/>
  <attribute name="Output T" value="16"/>
  <attribute name= "Current Time Running" value="185610" />
  <attribute name="GC Util currently" value="77" />
  <attribute name="CPU Util currently" value="25596866776" />
<allocation-satisfied id="5762" threadId="00000000020B3B00" bytesRequested="40" />
<af-end id="5763" timestamp="2019-08-08T00:01:06.689" threadId="00000000020B4488" success="true" />
<exclusive-end id="5764" timestamp="2019-08-08T00:01:06.689" durationms="73.033" />

<exclusive-start id="5765" timestamp="2019-08-08T00:01:06.942" intervalms="325.631">
  <response-info timems="4.438" idlems="4.438" threads="0" lastid="0000000002102A00" lastname="Thread-23" />
</exclusive-start>
<af-start id="5766" threadId="0000000002103388" totalBytesRequested="40" timestamp="2019-08-08T00:01:06.942" intervalms="325.604" />
<cycle-start id="5767" type="global" contextid="0" timestamp="2019-08-08T00:01:06.942" intervalms="325.590" />
<gc-start id="5768" type="global" contextid="5767" timestamp="2019-08-08T00:01:06.942">
  <mem-info id="5769" free="1259520" total="125960192" percent="0">
    <mem type="tenure" free="1259520" total="125960192" percent="0">
      <mem type="soa" free="0" total="124700672" percent="0" />
      <mem type="loa" free="1259520" total="1259520" percent="100" />
    </mem>
  </mem-info>
</gc-start>
<allocation-stats totalBytes="97645144" >
  <allocated-bytes non-tlh="0" tlh="97645144" />
  <largest-consumer threadName="Thread-33" threadId="00000000020FEE00" bytes="13859144" />
</allocation-stats>
<gc-op id="5770" type="mark" timems="26.086" contextid="5767" timestamp="2019-08-08T00:01:06.968">
  <trace-info objectcount="729366" scancount="647888" scanbytes="18835156" />
  <finalization candidates="151" enqueued="0" />
  <ownableSynchronizers candidates="22" cleared="0" />
  <references type="soft" candidates="1855" cleared="0" enqueued="0" dynamicThreshold="25" maxThreshold="32" />
  <references type="weak" candidates="6266" cleared="0" enqueued="0" />
  <references type="phantom" candidates="237" cleared="0" enqueued="0" />
  <stringconstants candidates="14617" cleared="0"  />
</gc-op>
<gc-op id="5771" type="sweep" timems="9.563" contextid="5767" timestamp="2019-08-08T00:01:06.978" />
<mem-info id="5772" free="98429040" total="125960192" percent="78">
  <mem type="tenure" free="98429040" total="125960192" percent="78" micro-fragmented="126861" macro-fragmented="0">
    <mem type="soa" free="97169520" total="124700672" percent="77" />
    <mem type="loa" free="1259520" total="1259520" percent="100" />
  </mem>
</mem-info>
<gc-op id="5773" type="compact" timems="57.324" contextid="5767" timestamp="2019-08-08T00:01:07.035">
  <compact-info movecount="123108" movebytes="5991024" reason="compact to aid heap contraction" />
</gc-op>
<heap-resize id="5774" type="expand" space="tenure" amount="327680" count="1" timems="0.033" reason="satisfy allocation request" timestamp="2019-08-08T00:01:07.041" />
<gc-end id="5775" type="global" contextid="5767" durationms="98.847" usertimems="143.379" systemtimems="11.862" timestamp="2019-08-08T00:01:07.041" activeThreads="16">
  <mem-info id="5776" free="99001088" total="126287872" percent="78">
    <mem type="tenure" free="99001088" total="126287872" percent="78">
      <mem type="soa" free="97738496" total="125025280" percent="78" />
      <mem type="loa" free="1262592" total="1262592" percent="100" />
    </mem>
  </mem-info>
</gc-end>
<cycle-end id="5777" type="global" contextid="5767" timestamp="2019-08-08T00:01:07.041" />
  <attribute name="elasticGC enabled" value="1" />
  <attribute name= "numThreadsSpecified" value="16" />
  <attribute name="heapSize specified" value="125960192" />
  <attribute name="Current GC Util" value="51" />
  <attribute name= "Current Time Running" value="185959" />
  <attribute name ="GC Interval" value="0" />
  <attribute name="Target GC Util Change" value ="80.000000" />
  <attribute name="Current GC Util Change" value="51.000000"/>
  <attribute name="Current Error" value="29.000000" />
  <attribute name="Output H" value="126263040"/>
  <attribute name="Output I" value="2160"/>
  <attribute name="Output T" value="16"/>
  <attribute name= "Current Time Running" value="185959" />
  <attribute name="GC Util currently" value="51" />
  <attribute name="CPU Util currently" value="20090233165" />
<allocation-satisfied id="5778" threadId="0000000002102A00" bytesRequested="40" />
<af-end id="5779" timestamp="2019-08-08T00:01:07.041" threadId="0000000002103388" success="true" />
<exclusive-end id="5780" timestamp="2019-08-08T00:01:07.041" durationms="99.283" />

<exclusive-start id="5781" timestamp="2019-08-08T00:01:07.196" intervalms="253.896">
  <response-info timems="16.324" idlems="11.721" threads="7" lastid="0000000002111900" lastname="Thread-25" />
</exclusive-start>
<af-start id="5782" threadId="00000000020B4488" totalBytesRequested="24" timestamp="2019-08-08T00:01:07.202" intervalms="260.056" />
<cycle-start id="5783" type="global" contextid="0" timestamp="2019-08-08T00:01:07.202" intervalms="260.062" />
<gc-start id="5784" type="global" contextid="5783" timestamp="2019-08-08T00:01:07.204">
  <mem-info id="5785" free="1262592" total="126287872" percent="0">
    <mem type="tenure" free="1262592" total="126287872" percent="0">
      <mem type="soa" free="0" total="125025280" percent="0" />
      <mem type="loa" free="1262592" total="1262592" percent="100" />
    </mem>
  </mem-info>
</gc-start>
<allocation-stats totalBytes="97798376" >
  <allocated-bytes non-tlh="0" tlh="97798376" />
  <largest-consumer threadName="Thread-25" threadId="0000000002111900" bytes="8879632" />
</allocation-stats>
<gc-op id="5786" type="mark" timems="24.325" contextid="5783" timestamp="2019-08-08T00:01:07.228">
  <trace-info objectcount="733490" scancount="651995" scanbytes="18934564" />
  <finalization candidates="151" enqueued="0" />
  <ownableSynchronizers candidates="22" cleared="0" />
  <references type="soft" candidates="1855" cleared="0" enqueued="0" dynamicThreshold="25" maxThreshold="32" />
  <references type="weak" candidates="6266" cleared="0" enqueued="0" />
  <references type="phantom" candidates="237" cleared="0" enqueued="0" />
  <stringconstants candidates="14617" cleared="0"  />
</gc-op>
<gc-op id="5787" type="sweep" timems="2.919" contextid="5783" timestamp="2019-08-08T00:01:07.231" />
<mem-info id="5788" free="98739512" total="126287872" percent="78">
  <mem type="tenure" free="98739512" total="126287872" percent="78" micro-fragmented="116657" macro-fragmented="0">
    <mem type="soa" free="97476920" total="125025280" percent="77" />
    <mem type="loa" free="1262592" total="1262592" percent="100" />
  </mem>
</mem-info>
<gc-op id="5789" type="compact" timems="33.300" contextid="5783" timestamp="2019-08-08T00:01:07.264">
  <compact-info movecount="127238" movebytes="6090576" reason="compact to aid heap contraction" />
</gc-op>
<heap-resize id="5790" type="expand" space="tenure" amount="327680" count="1" timems="0.016" reason="satisfy allocation request" timestamp="2019-08-08T00:01:07.266" />
<gc-end id="5791" type="global" contextid="5783" durationms="62.579" usertimems="119.075" systemtimems="29.178" timestamp="2019-08-08T00:01:07.266" activeThreads="16">
  <mem-info id="5792" free="99229360" total="126615552" percent="78">
    <mem type="tenure" free="99229360" total="126615552" percent="78">
      <mem type="soa" free="97963696" total="125349888" percent="78" />
      <mem type="loa" free="1265664" total="1265664" percent="100" />
    </mem>
  </mem-info>
</gc-end>
<cycle-end id="5793" type="global" contextid="5783" timestamp="2019-08-08T00:01:07.266" />
  <attribute name="elasticGC enabled" value="1" />
  <attribute name= "numThreadsSpecified" value="16" />
  <attribute name="heapSize specified" value="126287872" />
  <attribute name="Current GC Util" value="101" />
  <attribute name= "Current Time Running" value="186188" />
  <attribute name ="GC Interval" value="0" />
  <attribute name="Target GC Util Change" value ="80.000000" />
  <attribute name="Current GC Util Change" value="101.000000"/>
  <attribute name="Current Error" value="-187.000000" />
  <attribute name="Output H" value="126589728"/>
  <attribute name="Output I" value="1040"/>
  <attribute name="Output T" value="16"/>
  <attribute name= "Current Time Running" value="186188" />
  <attribute name="GC Util currently" value="101" />
  <attribute name="CPU Util currently" value="34593332434" />
<allocation-satisfied id="5794" threadId="00000000020B3B00" bytesRequested="24" />
<af-end id="5795" timestamp="2019-08-08T00:01:07.266" threadId="00000000020B4488" success="true" />
<exclusive-end id="5796" timestamp="2019-08-08T00:01:07.267" durationms="71.284" />

<exclusive-start id="5797" timestamp="2019-08-08T00:01:07.444" intervalms="247.807">
  <response-info timems="5.878" idlems="1.844" threads="3" lastid="00000000020FEE00" lastname="Thread-33" />
</exclusive-start>
<af-start id="5798" threadId="00000000020D5F88" totalBytesRequested="40" timestamp="2019-08-08T00:01:07.444" intervalms="241.617" />
<cycle-start id="5799" type="global" contextid="0" timestamp="2019-08-08T00:01:07.444" intervalms="241.623" />
<gc-start id="5800" type="global" contextid="5799" timestamp="2019-08-08T00:01:07.444">
  <mem-info id="5801" free="1265664" total="126615552" percent="0">
    <mem type="tenure" free="1265664" total="126615552" percent="0">
      <mem type="soa" free="0" total="125349888" percent="0" />
      <mem type="loa" free="1265664" total="1265664" percent="100" />
    </mem>
  </mem-info>
</gc-start>
<allocation-stats totalBytes="98017384" >
  <allocated-bytes non-tlh="0" tlh="98017384" />
  <largest-consumer threadName="Thread-27" threadId="00000000020B3B00" bytes="15300544" />
</allocation-stats>
<gc-op id="5802" type="mark" timems="28.491" contextid="5799" timestamp="2019-08-08T00:01:07.473">
  <trace-info objectcount="732277" scancount="650775" scanbytes="18904956" />
  <finalization candidates="151" enqueued="0" />
  <ownableSynchronizers candidates="22" cleared="0" />
  <references type="soft" candidates="1855" cleared="0" enqueued="0" dynamicThreshold="25" maxThreshold="32" />
  <references type="weak" candidates="6266" cleared="0" enqueued="0" />
  <references type="phantom" candidates="237" cleared="0" enqueued="0" />
  <stringconstants candidates="14617" cleared="0"  />
</gc-op>
<gc-op id="5803" type="sweep" timems="8.892" contextid="5799" timestamp="2019-08-08T00:01:07.481" />
<mem-info id="5804" free="99161256" total="126615552" percent="78">
  <mem type="tenure" free="99161256" total="126615552" percent="78" micro-fragmented="98009" macro-fragmented="0">
    <mem type="soa" free="97895592" total="125349888" percent="78" />
    <mem type="loa" free="1265664" total="1265664" percent="100" />
  </mem>
</mem-info>
<gc-op id="5805" type="compact" timems="38.377" contextid="5799" timestamp="2019-08-08T00:01:07.520">
  <compact-info movecount="97388" movebytes="4649768" reason="compact to aid heap contraction" />
</gc-op>
<heap-resize id="5806" type="expand" space="tenure" amount="327680" count="1" timems="0.028" reason="satisfy allocation request" timestamp="2019-08-08T00:01:07.596" />
<gc-end id="5807" type="global" contextid="5799" durationms="152.130" usertimems="144.713" systemtimems="34.116" timestamp="2019-08-08T00:01:07.596" activeThreads="16">
  <mem-info id="5808" free="99586648" total="126943232" percent="78">
    <mem type="tenure" free="99586648" total="126943232" percent="78">
      <mem type="soa" free="98317912" total="125674496" percent="78" />
      <mem type="loa" free="1268736" total="1268736" percent="100" />
    </mem>
  </mem-info>
</gc-end>
<cycle-end id="5809" type="global" contextid="5799" timestamp="2019-08-08T00:01:07.596" />
  <attribute name="elasticGC enabled" value="1" />
  <attribute name= "numThreadsSpecified" value="16" />
  <attribute name="heapSize specified" value="126615552" />
  <attribute name="Current GC Util" value="79" />
  <attribute name= "Current Time Running" value="186443" />
  <attribute name ="GC Interval" value="0" />
  <attribute name="Target GC Util Change" value ="80.000000" />
  <attribute name="Current GC Util Change" value="79.000000"/>
  <attribute name="Current Error" value="-126.000000" />
  <attribute name="Output H" value="126917688"/>
  <attribute name="Output I" value="1360"/>
  <attribute name="Output T" value="16"/>
  <attribute name= "Current Time Running" value="186443" />
  <attribute name="GC Util currently" value="79" />
  <attribute name="CPU Util currently" value="30008111615" />
<allocation-satisfied id="5810" threadId="00000000020D5600" bytesRequested="40" />
<af-end id="5811" timestamp="2019-08-08T00:01:07.596" threadId="00000000020D5F88" success="true" />
<exclusive-end id="5812" timestamp="2019-08-08T00:01:07.596" durationms="152.403" />

<exclusive-start id="5813" timestamp="2019-08-08T00:01:07.759" intervalms="315.500">
  <response-info timems="19.444" idlems="19.433" threads="1" lastid="00000000020D9200" lastname="Thread-31" />
</exclusive-start>
<af-start id="5814" threadId="00000000020D5F88" totalBytesRequested="40" timestamp="2019-08-08T00:01:07.759" intervalms="315.531" />
<cycle-start id="5815" type="global" contextid="0" timestamp="2019-08-08T00:01:07.759" intervalms="315.518" />
<gc-start id="5816" type="global" contextid="5815" timestamp="2019-08-08T00:01:07.759">
  <mem-info id="5817" free="1268736" total="126943232" percent="0">
    <mem type="tenure" free="1268736" total="126943232" percent="0">
      <mem type="soa" free="0" total="125674496" percent="0" />
      <mem type="loa" free="1268736" total="1268736" percent="100" />
    </mem>
  </mem-info>
</gc-start>
<allocation-stats totalBytes="98375296" >
  <allocated-bytes non-tlh="0" tlh="98375296" />
  <largest-consumer threadName="Thread-31" threadId="00000000020D9200" bytes="9414384" />
</allocation-stats>
<gc-op id="5818" type="mark" timems="20.147" contextid="5815" timestamp="2019-08-08T00:01:07.780">
  <trace-info objectcount="726800" scancount="645326" scanbytes="18774172" />
  <finalization candidates="151" enqueued="0" />
  <ownableSynchronizers candidates="22" cleared="0" />
  <references type="soft" candidates="1855" cleared="0" enqueued="0" dynamicThreshold="25" maxThreshold="32" />
  <references type="weak" candidates="6266" cleared="0" enqueued="0" />
  <references type="phantom" candidates="237" cleared="0" enqueued="0" />
  <stringconstants candidates="14617" cleared="0"  />
</gc-op>
<gc-op id="5819" type="sweep" timems="2.578" contextid="5815" timestamp="2019-08-08T00:01:07.782" />
<mem-info id="5820" free="99590280" total="126943232" percent="78">
  <mem type="tenure" free="99590280" total="126943232" percent="78" micro-fragmented="158093" macro-fragmented="0">
    <mem type="soa" free="98321544" total="125674496" percent="78" />
    <mem type="loa" free="1268736" total="1268736" percent="100" />
  </mem>
</mem-info>
<gc-op id="5821" type="compact" timems="34.172" contextid="5815" timestamp="2019-08-08T00:01:07.817">
  <compact-info movecount="120413" movebytes="5926928" reason="compact to aid heap contraction" />
</gc-op>
<heap-resize id="5822" type="expand" space="tenure" amount="327680" count="1" timems="0.020" reason="satisfy allocation request" timestamp="2019-08-08T00:01:07.821" />
<gc-end id="5823" type="global" contextid="5815" durationms="61.220" usertimems="130.997" systemtimems="6.326" timestamp="2019-08-08T00:01:07.821" activeThreads="16">
  <mem-info id="5824" free="100045112" total="127270912" percent="78">
    <mem type="tenure" free="100045112" total="127270912" percent="78">
      <mem type="soa" free="98773304" total="125999104" percent="78" />
      <mem type="loa" free="1271808" total="1271808" percent="100" />
    </mem>
  </mem-info>
</gc-end>
<cycle-end id="5825" type="global" contextid="5815" timestamp="2019-08-08T00:01:07.821" />
  <attribute name="elasticGC enabled" value="1" />
  <attribute name= "numThreadsSpecified" value="16" />
  <attribute name="heapSize specified" value="126943232" />
  <attribute name="Current GC Util" value="108" />
  <attribute name= "Current Time Running" value="186740" />
  <attribute name ="GC Interval" value="0" />
  <attribute name="Target GC Util Change" value ="80.000000" />
  <attribute name="Current GC Util Change" value="108.000000"/>
  <attribute name="Current Error" value="-28.000000" />
  <attribute name="Output H" value="127245816"/>
  <attribute name="Output I" value="1864"/>
  <attribute name="Output T" value="16"/>
  <attribute name= "Current Time Running" value="186740" />
  <attribute name="GC Util currently" value="108" />
  <attribute name="CPU Util currently" value="33700816779" />
<allocation-satisfied id="5826" threadId="00000000020D5600" bytesRequested="40" />
<af-end id="5827" timestamp="2019-08-08T00:01:07.821" threadId="00000000020D5F88" success="true" />
<exclusive-end id="5828" timestamp="2019-08-08T00:01:07.821" durationms="61.604" />

<exclusive-start id="5829" timestamp="2019-08-08T00:01:07.958" intervalms="198.901">
  <response-info timems="3.706" idlems="1.958" threads="2" lastid="0000000002111900" lastname="Thread-25" />
</exclusive-start>
<af-start id="5830" threadId="00000000020D2488" totalBytesRequested="40" timestamp="2019-08-08T00:01:07.958" intervalms="198.911" />
<cycle-start id="5831" type="global" contextid="0" timestamp="2019-08-08T00:01:07.958" intervalms="198.915" />
<gc-start id="5832" type="global" contextid="5831" timestamp="2019-08-08T00:01:07.958">
  <mem-info id="5833" free="1271808" total="127270912" percent="0">
    <mem type="tenure" free="1271808" total="127270912" percent="0">
      <mem type="soa" free="0" total="125999104" percent="0" />
      <mem type="loa" free="1271808" total="1271808" percent="100" />
    </mem>
  </mem-info>
</gc-start>
<allocation-stats totalBytes="98832264" >
  <allocated-bytes non-tlh="0" tlh="98832264" />
  <largest-consumer threadName="Thread-31" threadId="00000000020D9200" bytes="11863600" />
</allocation-stats>
<gc-op id="5834" type="mark" timems="55.414" contextid="5831" timestamp="2019-08-08T00:01:08.014">
  <trace-info objectcount="732196" scancount="650711" scanbytes="18903748" />
  <finalization candidates="151" enqueued="0" />
  <ownableSynchronizers candidates="22" cleared="0" />
  <references type="soft" candidates="1855" cleared="0" enqueued="0" dynamicThreshold="25" maxThreshold="32" />
  <references type="weak" candidates="6266" cleared="0" enqueued="0" />
  <references type="phantom" candidates="237" cleared="0" enqueued="0" />
  <stringconstants candidates="14617" cleared="0"  />
</gc-op>
<gc-op id="5835" type="sweep" timems="8.035" contextid="5831" timestamp="2019-08-08T00:01:08.022" />
<mem-info id="5836" free="99841848" total="127270912" percent="78">
  <mem type="tenure" free="99841848" total="127270912" percent="78" micro-fragmented="118594" macro-fragmented="0">
    <mem type="soa" free="98570040" total="125999104" percent="78" />
    <mem type="loa" free="1271808" total="1271808" percent="100" />
  </mem>
</mem-info>
<gc-op id="5837" type="compact" timems="35.338" contextid="5831" timestamp="2019-08-08T00:01:08.057">
  <compact-info movecount="122467" movebytes="5976312" reason="compact to aid heap contraction" />
</gc-op>
<heap-resize id="5838" type="expand" space="tenure" amount="327680" count="1" timems="0.020" reason="satisfy allocation request" timestamp="2019-08-08T00:01:08.058" />
<gc-end id="5839" type="global" contextid="5831" durationms="99.882" usertimems="131.326" systemtimems="16.404" timestamp="2019-08-08T00:01:08.058" activeThreads="16">
  <mem-info id="5840" free="100243216" total="127598592" percent="78">
    <mem type="tenure" free="100243216" total="127598592" percent="78">
      <mem type="soa" free="98967312" total="126322688" percent="78" />
      <mem type="loa" free="1275904" total="1275904" percent="100" />
    </mem>
  </mem-info>
</gc-end>
<cycle-end id="5841" type="global" contextid="5831" timestamp="2019-08-08T00:01:08.058" />
  <attribute name="elasticGC enabled" value="1" />
  <attribute name= "numThreadsSpecified" value="16" />
  <attribute name="heapSize specified" value="127270912" />
  <attribute name="Current GC Util" value="84" />
  <attribute name= "Current Time Running" value="186980" />
  <attribute name ="GC Interval" value="0" />
  <attribute name="Target GC Util Change" value ="80.000000" />
  <attribute name="Current GC Util Change" value="84.000000"/>
  <attribute name="Current Error" value="-67.000000" />
  <attribute name="Output H" value="127573320"/>
  <attribute name="Output I" value="1664"/>
  <attribute name="Output T" value="16"/>
  <attribute name= "Current Time Running" value="186980" />
  <attribute name="GC Util currently" value="84" />
  <attribute name="CPU Util currently" value="32601429355" />
<allocation-satisfied id="5842" threadId="00000000020D1B00" bytesRequested="40" />
<af-end id="5843" timestamp="2019-08-08T00:01:08.058" threadId="00000000020D2488" success="true" />
<exclusive-end id="5844" timestamp="2019-08-08T00:01:08.058" durationms="100.169" />

<exclusive-start id="5845" timestamp="2019-08-08T00:01:08.249" intervalms="290.463">
  <response-info timems="7.152" idlems="7.152" threads="0" lastid="0000000002115500" lastname="Thread-22" />
</exclusive-start>
<af-start id="5846" threadId="0000000002115E88" totalBytesRequested="40" timestamp="2019-08-08T00:01:08.249" intervalms="290.451" />
<cycle-start id="5847" type="global" contextid="0" timestamp="2019-08-08T00:01:08.249" intervalms="290.455" />
<gc-start id="5848" type="global" contextid="5847" timestamp="2019-08-08T00:01:08.249">
  <mem-info id="5849" free="1275904" total="127598592" percent="0">
    <mem type="tenure" free="1275904" total="127598592" percent="0">
      <mem type="soa" free="0" total="126322688" percent="0" />
      <mem type="loa" free="1275904" total="1275904" percent="100" />
    </mem>
  </mem-info>
</gc-start>
<allocation-stats totalBytes="99026368" >
  <allocated-bytes non-tlh="0" tlh="99026368" />
  <largest-consumer threadName="Thread-28" threadId="00000000020BB300" bytes="13990792" />
</allocation-stats>
<gc-op id="5850" type="mark" timems="55.947" contextid="5847" timestamp="2019-08-08T00:01:08.305">
  <trace-info objectcount="735323" scancount="653842" scanbytes="18977820" />
  <finalization candidates="151" enqueued="0" />
  <ownableSynchronizers candidates="22" cleared="0" />
  <references type="soft" candidates="1855" cleared="0" enqueued="0" dynamicThreshold="25" maxThreshold="32" />
  <references type="weak" candidates="6266" cleared="0" enqueued="0" />
  <references type="phantom" candidates="237" cleared="0" enqueued="0" />
  <stringconstants candidates="14617" cleared="0"  />
</gc-op>
<gc-op id="5851" type="sweep" timems="2.564" contextid="5847" timestamp="2019-08-08T00:01:08.308" />
<mem-info id="5852" free="100098712" total="127598592" percent="78">
  <mem type="tenure" free="100098712" total="127598592" percent="78" micro-fragmented="83364" macro-fragmented="0">
    <mem type="soa" free="98822808" total="126322688" percent="78" />
    <mem type="loa" free="1275904" total="1275904" percent="100" />
  </mem>
</mem-info>
<gc-op id="5853" type="compact" timems="35.679" contextid="5847" timestamp="2019-08-08T00:01:08.343">
  <compact-info movecount="128604" movebytes="6122608" reason="compact to aid heap contraction" />
</gc-op>
<heap-resize id="5854" type="expand" space="tenure" amount="327680" count="1" timems="0.020" reason="satisfy allocation request" timestamp="2019-08-08T00:01:08.345" />
<gc-end id="5855" type="global" contextid="5847" durationms="96.605" usertimems="116.495" systemtimems="60.501" timestamp="2019-08-08T00:01:08.345" activeThreads="16">
  <mem-info id="5856" free="100496824" total="127926272" percent="78">
    <mem type="tenure" free="100496824" total="127926272" percent="78">
      <mem type="soa" free="99217848" total="126647296" percent="78" />
      <mem type="loa" free="1278976" total="1278976" percent="100" />
    </mem>
  </mem-info>
</gc-end>
<cycle-end id="5857" type="global" contextid="5847" timestamp="2019-08-08T00:01:08.345" />
  <attribute name="elasticGC enabled" value="1" />
  <attribute name= "numThreadsSpecified" value="16" />
  <attribute name="heapSize specified" value="127598592" />
  <attribute name="Current GC Util" value="77" />
  <attribute name= "Current Time Running" value="187266" />
  <attribute name ="GC Interval" value="0" />
  <attribute name="Target GC Util Change" value ="80.000000" />
  <attribute name="Current GC Util Change" value="77.000000"/>
  <attribute name="Current Error" value="-150.000000" />
  <attribute name="Output H" value="127900616"/>
  <attribute name="Output I" value="1232"/>
  <attribute name="Output T" value="16"/>
  <attribute name= "Current Time Running" value="187266" />
  <attribute name="GC Util currently" value="77" />
  <attribute name="CPU Util currently" value="32280892676" />
<allocation-satisfied id="5858" threadId="0000000002115500" bytesRequested="40" />
<af-end id="5859" timestamp="2019-08-08T00:01:08.346" threadId="0000000002115E88" success="true" />
<exclusive-end id="5860" timestamp="2019-08-08T00:01:08.346" durationms="96.864" />

<exclusive-start id="5861" timestamp="2019-08-08T00:01:08.502" intervalms="252.904">
  <response-info timems="8.652" idlems="8.652" threads="0" lastid="0000000002106500" lastname="Thread-24" />
</exclusive-start>
<af-start id="5862" threadId="0000000002106E88" totalBytesRequested="40" timestamp="2019-08-08T00:01:08.502" intervalms="253.265" />
<cycle-start id="5863" type="global" contextid="0" timestamp="2019-08-08T00:01:08.502" intervalms="253.359" />
<gc-start id="5864" type="global" contextid="5863" timestamp="2019-08-08T00:01:08.502">
  <mem-info id="5865" free="1278976" total="127926272" percent="0">
    <mem type="tenure" free="1278976" total="127926272" percent="0">
      <mem type="soa" free="0" total="126647296" percent="0" />
      <mem type="loa" free="1278976" total="1278976" percent="100" />
    </mem>
  </mem-info>
</gc-start>
<allocation-stats totalBytes="99274928" >
  <allocated-bytes non-tlh="0" tlh="99274928" />
  <largest-consumer threadName="Thread-32" threadId="00000000020FE200" bytes="16005576" />
</allocation-stats>
<gc-op id="5866" type="mark" timems="53.072" contextid="5863" timestamp="2019-08-08T00:01:08.556">
  <trace-info objectcount="726752" scancount="645259" scanbytes="18772372" />
  <finalization candidates="151" enqueued="0" />
  <ownableSynchronizers candidates="22" cleared="0" />
  <references type="soft" candidates="1855" cleared="0" enqueued="0" dynamicThreshold="25" maxThreshold="32" />
  <references type="weak" candidates="6266" cleared="0" enqueued="0" />
  <references type="phantom" candidates="237" cleared="0" enqueued="0" />
  <stringconstants candidates="14617" cleared="0"  />
</gc-op>
<gc-op id="5867" type="sweep" timems="3.540" contextid="5863" timestamp="2019-08-08T00:01:08.559" />
<mem-info id="5868" free="100559168" total="127926272" percent="78">
  <mem type="tenure" free="100559168" total="127926272" percent="78" micro-fragmented="143350" macro-fragmented="0">
    <mem type="soa" free="99280192" total="126647296" percent="78" />
    <mem type="loa" free="1278976" total="1278976" percent="100" />
  </mem>
</mem-info>
<gc-op id="5869" type="compact" timems="129.036" contextid="5863" timestamp="2019-08-08T00:01:08.688">
  <compact-info movecount="107212" movebytes="5297688" reason="compact to aid heap contraction" />
</gc-op>
<heap-resize id="5870" type="expand" space="tenure" amount="327680" count="1" timems="0.022" reason="satisfy allocation request" timestamp="2019-08-08T00:01:08.691" />
<gc-end id="5871" type="global" contextid="5863" durationms="188.705" usertimems="214.157" systemtimems="95.507" timestamp="2019-08-08T00:01:08.691" activeThreads="16">
  <mem-info id="5872" free="101029952" total="128253952" percent="78">
    <mem type="tenure" free="101029952" total="128253952" percent="78">
      <mem type="soa" free="99747904" total="126971904" percent="78" />
      <mem type="loa" free="1282048" total="1282048" percent="100" />
    </mem>
  </mem-info>
</gc-end>
<cycle-end id="5873" type="global" contextid="5863" timestamp="2019-08-08T00:01:08.691" />
  <attribute name="elasticGC enabled" value="1" />
  <attribute name= "numThreadsSpecified" value="16" />
  <attribute name="heapSize specified" value="127926272" />
  <attribute name="Current GC Util" value="54" />
  <attribute name= "Current Time Running" value="187612" />
  <attribute name ="GC Interval" value="0" />
  <attribute name="Target GC Util Change" value ="80.000000" />
  <attribute name="Current GC Util Change" value="54.000000"/>
  <attribute name="Current Error" value="26.000000" />
  <attribute name="Output H" value="128229104"/>
  <attribute name="Output I" value="2144"/>
  <attribute name="Output T" value="16"/>
  <attribute name= "Current Time Running" value="187612" />
  <attribute name="GC Util currently" value="54" />
  <attribute name="CPU Util currently" value="8922272537" />
<allocation-satisfied id="5874" threadId="0000000002106500" bytesRequested="40" />
<af-end id="5875" timestamp="2019-08-08T00:01:08.691" threadId="0000000002106E88" success="true" />
<exclusive-end id="5876" timestamp="2019-08-08T00:01:08.692" durationms="190.128" />

<exclusive-start id="5877" timestamp="2019-08-08T00:01:08.765" intervalms="263.601">
  <response-info timems="4.136" idlems="2.114" threads="1" lastid="00000000020D1B00" lastname="Thread-34" />
</exclusive-start>
<af-start id="5878" threadId="00000000020B4488" totalBytesRequested="40" timestamp="2019-08-08T00:01:08.765" intervalms="263.247" />
<cycle-start id="5879" type="global" contextid="0" timestamp="2019-08-08T00:01:08.765" intervalms="263.147" />
<gc-start id="5880" type="global" contextid="5879" timestamp="2019-08-08T00:01:08.765">
  <mem-info id="5881" free="1282048" total="128253952" percent="0">
    <mem type="tenure" free="1282048" total="128253952" percent="0">
      <mem type="soa" free="0" total="126971904" percent="0" />
      <mem type="loa" free="1282048" total="1282048" percent="100" />
    </mem>
  </mem-info>
</gc-start>
<allocation-stats totalBytes="99804760" >
  <allocated-bytes non-tlh="0" tlh="99804760" />
  <largest-consumer threadName="Thread-25" threadId="0000000002111900" bytes="12265840" />
</allocation-stats>
<gc-op id="5882" type="mark" timems="18.954" contextid="5879" timestamp="2019-08-08T00:01:08.784">
  <trace-info objectcount="719237" scancount="637741" scanbytes="18592532" />
  <finalization candidates="151" enqueued="0" />
  <ownableSynchronizers candidates="22" cleared="0" />
  <references type="soft" candidates="1855" cleared="0" enqueued="0" dynamicThreshold="25" maxThreshold="32" />
  <references type="weak" candidates="6266" cleared="0" enqueued="0" />
  <references type="phantom" candidates="237" cleared="0" enqueued="0" />
  <stringconstants candidates="14617" cleared="0"  />
</gc-op>
<gc-op id="5883" type="sweep" timems="1.836" contextid="5879" timestamp="2019-08-08T00:01:08.786" />
<mem-info id="5884" free="101099968" total="128253952" percent="78">
  <mem type="tenure" free="101099968" total="128253952" percent="78" micro-fragmented="150177" macro-fragmented="0">
    <mem type="soa" free="99817920" total="126971904" percent="78" />
    <mem type="loa" free="1282048" total="1282048" percent="100" />
  </mem>
</mem-info>
<gc-op id="5885" type="compact" timems="113.661" contextid="5879" timestamp="2019-08-08T00:01:08.900">
  <compact-info movecount="85258" movebytes="3837312" reason="compact to aid heap contraction" />
</gc-op>
<heap-resize id="5886" type="expand" space="tenure" amount="327680" count="1" timems="0.028" reason="satisfy allocation request" timestamp="2019-08-08T00:01:08.902" />
<gc-end id="5887" type="global" contextid="5879" durationms="137.008" usertimems="133.463" systemtimems="40.806" timestamp="2019-08-08T00:01:08.902" activeThreads="16">
  <mem-info id="5888" free="101537472" total="128581632" percent="78">
    <mem type="tenure" free="101537472" total="128581632" percent="78">
      <mem type="soa" free="100252352" total="127296512" percent="78" />
      <mem type="loa" free="1285120" total="1285120" percent="100" />
    </mem>
  </mem-info>
</gc-end>
<cycle-end id="5889" type="global" contextid="5879" timestamp="2019-08-08T00:01:08.902" />
  <attribute name="elasticGC enabled" value="1" />
  <attribute name= "numThreadsSpecified" value="16" />
  <attribute name="heapSize specified" value="128253952" />
  <attribute name="Current GC Util" value="23" />
  <attribute name= "Current Time Running" value="187823" />
  <attribute name ="GC Interval" value="0" />
  <attribute name="Target GC Util Change" value ="80.000000" />
  <attribute name="Current GC Util Change" value="23.000000"/>
  <attribute name="Current Error" value="-448.000000" />
  <attribute name="Output H" value="128554600"/>
  <attribute name="Output I" value="200"/>
  <attribute name="Output T" value="16"/>
  <attribute name= "Current Time Running" value="187823" />
  <attribute name="GC Util currently" value="23" />
  <attribute name="CPU Util currently" value="10140710055" />
<allocation-satisfied id="5890" threadId="00000000020B3B00" bytesRequested="40" />
<af-end id="5891" timestamp="2019-08-08T00:01:08.903" threadId="00000000020B4488" success="true" />
<exclusive-end id="5892" timestamp="2019-08-08T00:01:08.903" durationms="137.376" />

<exclusive-start id="5893" timestamp="2019-08-08T00:01:09.002" intervalms="237.169">
  <response-info timems="0.118" idlems="0.118" threads="0" lastid="00000000020CDF00" lastname="Thread-36" />
</exclusive-start>
<af-start id="5894" threadId="00000000020CE888" totalBytesRequested="24" timestamp="2019-08-08T00:01:09.002" intervalms="237.228" />
<cycle-start id="5895" type="global" contextid="0" timestamp="2019-08-08T00:01:09.003" intervalms="237.464" />
<gc-start id="5896" type="global" contextid="5895" timestamp="2019-08-08T00:01:09.003">
  <mem-info id="5897" free="1285120" total="128581632" percent="0">
    <mem type="tenure" free="1285120" total="128581632" percent="0">
      <mem type="soa" free="0" total="127296512" percent="0" />
      <mem type="loa" free="1285120" total="1285120" percent="100" />
    </mem>
  </mem-info>
</gc-start>
<allocation-stats totalBytes="100302056" >
  <allocated-bytes non-tlh="0" tlh="100302056" />
  <largest-consumer threadName="Thread-30" threadId="00000000020EFA00" bytes="10844464" />
</allocation-stats>
<gc-op id="5898" type="mark" timems="14.502" contextid="5895" timestamp="2019-08-08T00:01:09.018">
  <trace-info objectcount="727248" scancount="645741" scanbytes="18785412" />
  <finalization candidates="151" enqueued="0" />
  <ownableSynchronizers candidates="22" cleared="0" />
  <references type="soft" candidates="1855" cleared="0" enqueued="0" dynamicThreshold="25" maxThreshold="32" />
  <references type="weak" candidates="6266" cleared="0" enqueued="0" />
  <references type="phantom" candidates="237" cleared="0" enqueued="0" />
  <stringconstants candidates="14617" cleared="0"  />
</gc-op>
<gc-op id="5899" type="sweep" timems="2.710" contextid="5895" timestamp="2019-08-08T00:01:09.021" />
<mem-info id="5900" free="101321664" total="128581632" percent="78">
  <mem type="tenure" free="101321664" total="128581632" percent="78" micro-fragmented="47010" macro-fragmented="0">
    <mem type="soa" free="100036544" total="127296512" percent="78" />
    <mem type="loa" free="1285120" total="1285120" percent="100" />
  </mem>
</mem-info>
<gc-op id="5901" type="compact" timems="123.726" contextid="5895" timestamp="2019-08-08T00:01:09.144">
  <compact-info movecount="56796" movebytes="2467960" reason="compact to aid heap contraction" />
</gc-op>
<heap-resize id="5902" type="expand" space="tenure" amount="327680" count="1" timems="0.028" reason="satisfy allocation request" timestamp="2019-08-08T00:01:09.147" />
<gc-end id="5903" type="global" contextid="5895" durationms="143.736" usertimems="116.554" systemtimems="53.791" timestamp="2019-08-08T00:01:09.147" activeThreads="16">
  <mem-info id="5904" free="101672272" total="128909312" percent="78">
    <mem type="tenure" free="101672272" total="128909312" percent="78">
      <mem type="soa" free="100384080" total="127621120" percent="78" />
      <mem type="loa" free="1288192" total="1288192" percent="100" />
    </mem>
  </mem-info>
</gc-end>
<cycle-end id="5905" type="global" contextid="5895" timestamp="2019-08-08T00:01:09.147" />
  <attribute name="elasticGC enabled" value="1" />
  <attribute name= "numThreadsSpecified" value="16" />
  <attribute name="heapSize specified" value="128581632" />
  <attribute name="Current GC Util" value="52" />
  <attribute name= "Current Time Running" value="188068" />
  <attribute name ="GC Interval" value="0" />
  <attribute name="Target GC Util Change" value ="80.000000" />
  <attribute name="Current GC Util Change" value="52.000000"/>
  <attribute name="Current Error" value="-453.000000" />
  <attribute name="Output H" value="128882256"/>
  <attribute name="Output I" value="200"/>
  <attribute name="Output T" value="16"/>
  <attribute name= "Current Time Running" value="188068" />
  <attribute name="GC Util currently" value="52" />
  <attribute name="CPU Util currently" value="9320562166" />
<allocation-satisfied id="5906" threadId="00000000020CDF00" bytesRequested="24" />
<af-end id="5907" timestamp="2019-08-08T00:01:09.147" threadId="00000000020CE888" success="true" />
<exclusive-end id="5908" timestamp="2019-08-08T00:01:09.148" durationms="145.300" />

<exclusive-start id="5909" timestamp="2019-08-08T00:01:09.284" intervalms="282.140">
  <response-info timems="12.042" idlems="12.042" threads="0" lastid="00000000020FEE00" lastname="Thread-33" />
</exclusive-start>
<af-start id="5910" threadId="00000000020FF788" totalBytesRequested="24" timestamp="2019-08-08T00:01:09.285" intervalms="282.609" />
<cycle-start id="5911" type="global" contextid="0" timestamp="2019-08-08T00:01:09.285" intervalms="282.610" />
<gc-start id="5912" type="global" contextid="5911" timestamp="2019-08-08T00:01:09.286">
  <mem-info id="5913" free="1288192" total="128909312" percent="0">
    <mem type="tenure" free="1288192" total="128909312" percent="0">
      <mem type="soa" free="0" total="127621120" percent="0" />
      <mem type="loa" free="1288192" total="1288192" percent="100" />
    </mem>
  </mem-info>
</gc-start>
<allocation-stats totalBytes="100440640" >
  <allocated-bytes non-tlh="0" tlh="100440640" />
  <largest-consumer threadName="Thread-22" threadId="0000000002115500" bytes="10571592" />
</allocation-stats>
<gc-op id="5914" type="mark" timems="19.297" contextid="5911" timestamp="2019-08-08T00:01:09.305">
  <trace-info objectcount="736763" scancount="655275" scanbytes="19014236" />
  <finalization candidates="151" enqueued="0" />
  <ownableSynchronizers candidates="22" cleared="0" />
  <references type="soft" candidates="1855" cleared="0" enqueued="0" dynamicThreshold="25" maxThreshold="32" />
  <references type="weak" candidates="6266" cleared="0" enqueued="0" />
  <references type="phantom" candidates="237" cleared="0" enqueued="0" />
  <stringconstants candidates="14617" cleared="0"  />
</gc-op>
<gc-op id="5915" type="sweep" timems="3.911" contextid="5911" timestamp="2019-08-08T00:01:09.309" />
<mem-info id="5916" free="101374352" total="128909312" percent="78">
  <mem type="tenure" free="101374352" total="128909312" percent="78" micro-fragmented="97418" macro-fragmented="0">
    <mem type="soa" free="100086160" total="127621120" percent="78" />
    <mem type="loa" free="1288192" total="1288192" percent="100" />
  </mem>
</mem-info>
<gc-op id="5917" type="compact" timems="87.005" contextid="5911" timestamp="2019-08-08T00:01:09.396">
  <compact-info movecount="95732" movebytes="3952392" reason="compact to aid heap contraction" />
</gc-op>
<heap-resize id="5918" type="expand" space="tenure" amount="327680" count="1" timems="0.028" reason="satisfy allocation request" timestamp="2019-08-08T00:01:09.427" />
<gc-end id="5919" type="global" contextid="5911" durationms="145.284" usertimems="133.402" systemtimems="57.202" timestamp="2019-08-08T00:01:09.431" activeThreads="16">
  <mem-info id="5920" free="101771128" total="129236992" percent="78">
    <mem type="tenure" free="101771128" total="129236992" percent="78">
      <mem type="soa" free="100478840" total="127944704" percent="78" />
      <mem type="loa" free="1292288" total="1292288" percent="100" />
    </mem>
  </mem-info>
</gc-end>
<cycle-end id="5921" type="global" contextid="5911" timestamp="2019-08-08T00:01:09.431" />
  <attribute name="elasticGC enabled" value="1" />
  <attribute name= "numThreadsSpecified" value="16" />
  <attribute name="heapSize specified" value="128909312" />
  <attribute name="Current GC Util" value="41" />
  <attribute name= "Current Time Running" value="188336" />
  <attribute name ="GC Interval" value="0" />
  <attribute name="Target GC Util Change" value ="80.000000" />
  <attribute name="Current GC Util Change" value="41.000000"/>
  <attribute name="Current Error" value="39.000000" />
  <attribute name="Output H" value="129212208"/>
  <attribute name="Output I" value="2216"/>
  <attribute name="Output T" value="16"/>
  <attribute name= "Current Time Running" value="188336" />
  <attribute name="GC Util currently" value="41" />
  <attribute name="CPU Util currently" value="11091285709" />
<allocation-satisfied id="5922" threadId="00000000020FEE00" bytesRequested="24" />
<af-end id="5923" timestamp="2019-08-08T00:01:09.431" threadId="00000000020FF788" success="true" />
<exclusive-end id="5924" timestamp="2019-08-08T00:01:09.431" durationms="146.490" />

<exclusive-start id="5925" timestamp="2019-08-08T00:01:09.551" intervalms="266.544">
  <response-info timems="4.714" idlems="4.714" threads="0" lastid="00000000020BB300" lastname="Thread-28" />
</exclusive-start>
<af-start id="5926" threadId="00000000020BBC88" totalBytesRequested="40" timestamp="2019-08-08T00:01:09.551" intervalms="266.193" />
<cycle-start id="5927" type="global" contextid="0" timestamp="2019-08-08T00:01:09.551" intervalms="265.947" />
<gc-start id="5928" type="global" contextid="5927" timestamp="2019-08-08T00:01:09.551">
  <mem-info id="5929" free="1292288" total="129236992" percent="0">
    <mem type="tenure" free="1292288" total="129236992" percent="0">
      <mem type="soa" free="0" total="127944704" percent="0" />
      <mem type="loa" free="1292288" total="1292288" percent="100" />
    </mem>
  </mem-info>
</gc-start>
<allocation-stats totalBytes="100525992" >
  <allocated-bytes non-tlh="0" tlh="100525992" />
  <largest-consumer threadName="Thread-27" threadId="00000000020B3B00" bytes="10113528" />
</allocation-stats>
<gc-op id="5930" type="mark" timems="17.050" contextid="5927" timestamp="2019-08-08T00:01:09.569">
  <trace-info objectcount="725781" scancount="644292" scanbytes="18749868" />
  <finalization candidates="151" enqueued="0" />
  <ownableSynchronizers candidates="22" cleared="0" />
  <references type="soft" candidates="1855" cleared="0" enqueued="0" dynamicThreshold="25" maxThreshold="32" />
  <references type="weak" candidates="6266" cleared="0" enqueued="0" />
  <references type="phantom" candidates="237" cleared="0" enqueued="0" />
  <stringconstants candidates="14617" cleared="0"  />
</gc-op>
<gc-op id="5931" type="sweep" timems="5.115" contextid="5927" timestamp="2019-08-08T00:01:09.574" />
<mem-info id="5932" free="101880392" total="129236992" percent="78">
  <mem type="tenure" free="101880392" total="129236992" percent="78" micro-fragmented="145090" macro-fragmented="0">
    <mem type="soa" free="100588104" total="127944704" percent="78" />
    <mem type="loa" free="1292288" total="1292288" percent="100" />
  </mem>
</mem-info>
<gc-op id="5933" type="compact" timems="64.490" contextid="5927" timestamp="2019-08-08T00:01:09.638">
  <compact-info movecount="113801" movebytes="5594000" reason="compact to aid heap contraction" />
</gc-op>
<heap-resize id="5934" type="expand" space="tenure" amount="327680" count="1" timems="0.025" reason="satisfy allocation request" timestamp="2019-08-08T00:01:09.641" />
<gc-end id="5935" type="global" contextid="5927" durationms="89.317" usertimems="111.709" systemtimems="13.767" timestamp="2019-08-08T00:01:09.641" activeThreads="16">
  <mem-info id="5936" free="102363176" total="129564672" percent="79">
    <mem type="tenure" free="102363176" total="129564672" percent="79">
      <mem type="soa" free="101067816" total="128269312" percent="78" />
      <mem type="loa" free="1295360" total="1295360" percent="100" />
    </mem>
  </mem-info>
</gc-end>
<cycle-end id="5937" type="global" contextid="5927" timestamp="2019-08-08T00:01:09.641" />
  <attribute name="elasticGC enabled" value="1" />
  <attribute name= "numThreadsSpecified" value="16" />
  <attribute name="heapSize specified" value="129236992" />
  <attribute name="Current GC Util" value="35" />
  <attribute name= "Current Time Running" value="188562" />
  <attribute name ="GC Interval" value="0" />
  <attribute name="Target GC Util Change" value ="80.000000" />
  <attribute name="Current GC Util Change" value="35.000000"/>
  <attribute name="Current Error" value="-181.000000" />
  <attribute name="Output H" value="129538872"/>
  <attribute name="Output I" value="1072"/>
  <attribute name="Output T" value="16"/>
  <attribute name= "Current Time Running" value="188562" />
  <attribute name="GC Util currently" value="35" />
  <attribute name="CPU Util currently" value="17794781307" />
<allocation-satisfied id="5938" threadId="00000000020BB300" bytesRequested="40" />
<af-end id="5939" timestamp="2019-08-08T00:01:09.641" threadId="00000000020BBC88" success="true" />
<exclusive-end id="5940" timestamp="2019-08-08T00:01:09.641" durationms="89.748" />

<exclusive-start id="5941" timestamp="2019-08-08T00:01:09.731" intervalms="179.605">
  <response-info timems="3.794" idlems="3.794" threads="0" lastid="00000000020FE200" lastname="Thread-32" />
</exclusive-start>
<af-start id="5942" threadId="00000000020FEB88" totalBytesRequested="40" timestamp="2019-08-08T00:01:09.731" intervalms="179.445" />
<cycle-start id="5943" type="global" contextid="0" timestamp="2019-08-08T00:01:09.731" intervalms="179.514" />
<gc-start id="5944" type="global" contextid="5943" timestamp="2019-08-08T00:01:09.731">
  <mem-info id="5945" free="1295360" total="129564672" percent="0">
    <mem type="tenure" free="1295360" total="129564672" percent="0">
      <mem type="soa" free="0" total="128269312" percent="0" />
      <mem type="loa" free="1295360" total="1295360" percent="100" />
    </mem>
  </mem-info>
</gc-start>
<allocation-stats totalBytes="101119136" >
  <allocated-bytes non-tlh="0" tlh="101119136" />
  <largest-consumer threadName="Thread-23" threadId="0000000002102A00" bytes="11238048" />
</allocation-stats>
<gc-op id="5946" type="mark" timems="15.751" contextid="5943" timestamp="2019-08-08T00:01:09.747">
  <trace-info objectcount="715728" scancount="634243" scanbytes="18508460" />
  <finalization candidates="151" enqueued="0" />
  <ownableSynchronizers candidates="22" cleared="0" />
  <references type="soft" candidates="1855" cleared="0" enqueued="0" dynamicThreshold="25" maxThreshold="32" />
  <references type="weak" candidates="6266" cleared="0" enqueued="0" />
  <references type="phantom" candidates="237" cleared="0" enqueued="0" />
  <stringconstants candidates="14617" cleared="0"  />
</gc-op>
<gc-op id="5947" type="sweep" timems="4.523" contextid="5943" timestamp="2019-08-08T00:01:09.751" />
<mem-info id="5948" free="102266328" total="129564672" percent="78">
  <mem type="tenure" free="102266328" total="129564672" percent="78" micro-fragmented="163754" macro-fragmented="0">
    <mem type="soa" free="100970968" total="128269312" percent="78" />
    <mem type="loa" free="1295360" total="1295360" percent="100" />
  </mem>
</mem-info>
<gc-op id="5949" type="compact" timems="30.189" contextid="5943" timestamp="2019-08-08T00:01:09.781">
  <compact-info movecount="104806" movebytes="5398096" reason="compact to aid heap contraction" />
</gc-op>
<heap-resize id="5950" type="expand" space="tenure" amount="327680" count="1" timems="0.021" reason="satisfy allocation request" timestamp="2019-08-08T00:01:09.783" />
<gc-end id="5951" type="global" contextid="5943" durationms="52.362" usertimems="98.963" systemtimems="19.680" timestamp="2019-08-08T00:01:09.783" activeThreads="16">
  <mem-info id="5952" free="102932264" total="129892352" percent="79">
    <mem type="tenure" free="102932264" total="129892352" percent="79">
      <mem type="soa" free="101633832" total="128593920" percent="79" />
      <mem type="loa" free="1298432" total="1298432" percent="100" />
    </mem>
  </mem-info>
</gc-end>
<cycle-end id="5953" type="global" contextid="5943" timestamp="2019-08-08T00:01:09.783" />
  <attribute name="elasticGC enabled" value="1" />
  <attribute name= "numThreadsSpecified" value="16" />
  <attribute name="heapSize specified" value="129564672" />
  <attribute name="Current GC Util" value="77" />
  <attribute name= "Current Time Running" value="188705" />
  <attribute name ="GC Interval" value="0" />
  <attribute name="Target GC Util Change" value ="80.000000" />
  <attribute name="Current GC Util Change" value="77.000000"/>
  <attribute name="Current Error" value="-272.000000" />
  <attribute name="Output H" value="129866128"/>
  <attribute name="Output I" value="600"/>
  <attribute name="Output T" value="16"/>
  <attribute name= "Current Time Running" value="188705" />
  <attribute name="GC Util currently" value="77" />
  <attribute name="CPU Util currently" value="38134826521" />
<allocation-satisfied id="5954" threadId="00000000020FE200" bytesRequested="40" />
<af-end id="5955" timestamp="2019-08-08T00:01:09.783" threadId="00000000020FEB88" success="true" />
<exclusive-end id="5956" timestamp="2019-08-08T00:01:09.783" durationms="52.729" />

<exclusive-start id="5957" timestamp="2019-08-08T00:01:09.895" intervalms="164.511">
  <response-info timems="16.006" idlems="15.770" threads="2" lastid="00000000020FEE00" lastname="Thread-33" />
</exclusive-start>
<af-start id="5958" threadId="0000000002106E88" totalBytesRequested="40" timestamp="2019-08-08T00:01:09.895" intervalms="164.501" />
<cycle-start id="5959" type="global" contextid="0" timestamp="2019-08-08T00:01:09.895" intervalms="164.505" />
<gc-start id="5960" type="global" contextid="5959" timestamp="2019-08-08T00:01:09.895">
  <mem-info id="5961" free="1298432" total="129892352" percent="0">
    <mem type="tenure" free="1298432" total="129892352" percent="0">
      <mem type="soa" free="0" total="128593920" percent="0" />
      <mem type="loa" free="1298432" total="1298432" percent="100" />
    </mem>
  </mem-info>
</gc-start>
<allocation-stats totalBytes="101684456" >
  <allocated-bytes non-tlh="0" tlh="101684456" />
  <largest-consumer threadName="Thread-25" threadId="0000000002111900" bytes="11337040" />
</allocation-stats>
<gc-op id="5962" type="mark" timems="89.309" contextid="5959" timestamp="2019-08-08T00:01:09.985">
  <trace-info objectcount="724452" scancount="642967" scanbytes="18719300" />
  <finalization candidates="151" enqueued="0" />
  <ownableSynchronizers candidates="22" cleared="0" />
  <references type="soft" candidates="1855" cleared="0" enqueued="0" dynamicThreshold="25" maxThreshold="32" />
  <references type="weak" candidates="6266" cleared="0" enqueued="0" />
  <references type="phantom" candidates="237" cleared="0" enqueued="0" />
  <stringconstants candidates="14617" cleared="0"  />
</gc-op>
<gc-op id="5963" type="sweep" timems="6.941" contextid="5959" timestamp="2019-08-08T00:01:09.992" />
<mem-info id="5964" free="102484672" total="129892352" percent="78">
  <mem type="tenure" free="102484672" total="129892352" percent="78" micro-fragmented="119731" macro-fragmented="0">
    <mem type="soa" free="101186240" total="128593920" percent="78" />
    <mem type="loa" free="1298432" total="1298432" percent="100" />
  </mem>
</mem-info>
<gc-op id="5965" type="compact" timems="46.730" contextid="5959" timestamp="2019-08-08T00:01:10.039">
  <compact-info movecount="75333" movebytes="3188592" reason="compact to aid heap contraction" />
</gc-op>
<heap-resize id="5966" type="expand" space="tenure" amount="327680" count="1" timems="0.020" reason="satisfy allocation request" timestamp="2019-08-08T00:01:10.042" />
<gc-end id="5967" type="global" contextid="5959" durationms="149.509" usertimems="151.570" systemtimems="73.381" timestamp="2019-08-08T00:01:10.045" activeThreads="16">
  <mem-info id="5968" free="103049104" total="130220032" percent="79">
    <mem type="tenure" free="103049104" total="130220032" percent="79">
      <mem type="soa" free="101747600" total="128918528" percent="78" />
      <mem type="loa" free="1301504" total="1301504" percent="100" />
    </mem>
  </mem-info>
</gc-end>
<cycle-end id="5969" type="global" contextid="5959" timestamp="2019-08-08T00:01:10.045" />
  <attribute name="elasticGC enabled" value="1" />
  <attribute name= "numThreadsSpecified" value="16" />
  <attribute name="heapSize specified" value="129892352" />
  <attribute name="Current GC Util" value="62" />
  <attribute name= "Current Time Running" value="188962" />
  <attribute name ="GC Interval" value="0" />
  <attribute name="Target GC Util Change" value ="80.000000" />
  <attribute name="Current GC Util Change" value="62.000000"/>
  <attribute name="Current Error" value="18.000000" />
  <attribute name="Output H" value="130195152"/>
  <attribute name="Output I" value="2104"/>
  <attribute name="Output T" value="16"/>
  <attribute name= "Current Time Running" value="188962" />
  <attribute name="GC Util currently" value="62" />
  <attribute name="CPU Util currently" value="24609399609" />
<allocation-satisfied id="5970" threadId="0000000002106500" bytesRequested="40" />
<af-end id="5971" timestamp="2019-08-08T00:01:10.045" threadId="0000000002106E88" success="true" />
<exclusive-end id="5972" timestamp="2019-08-08T00:01:10.045" durationms="149.999" />

<exclusive-start id="5973" timestamp="2019-08-08T00:01:10.190" intervalms="295.310">
  <response-info timems="8.342" idlems="8.342" threads="0" lastid="00000000020CA300" lastname="Thread-29" />
</exclusive-start>
<af-start id="5974" threadId="00000000020CAC88" totalBytesRequested="40" timestamp="2019-08-08T00:01:10.191" intervalms="295.407" />
<cycle-start id="5975" type="global" contextid="0" timestamp="2019-08-08T00:01:10.191" intervalms="295.569" />
<gc-start id="5976" type="global" contextid="5975" timestamp="2019-08-08T00:01:10.191">
  <mem-info id="5977" free="1301504" total="130220032" percent="0">
    <mem type="tenure" free="1301504" total="130220032" percent="0">
      <mem type="soa" free="0" total="128918528" percent="0" />
      <mem type="loa" free="1301504" total="1301504" percent="100" />
    </mem>
  </mem-info>
</gc-start>
<allocation-stats totalBytes="101805896" >
  <allocated-bytes non-tlh="0" tlh="101805896" />
  <largest-consumer threadName="Thread-34" threadId="00000000020D1B00" bytes="14895928" />
</allocation-stats>
<gc-op id="5978" type="mark" timems="37.091" contextid="5975" timestamp="2019-08-08T00:01:10.228">
  <trace-info objectcount="727666" scancount="646165" scanbytes="18796708" />
  <finalization candidates="151" enqueued="0" />
  <ownableSynchronizers candidates="22" cleared="0" />
  <references type="soft" candidates="1855" cleared="0" enqueued="0" dynamicThreshold="25" maxThreshold="32" />
  <references type="weak" candidates="6266" cleared="0" enqueued="0" />
  <references type="phantom" candidates="237" cleared="0" enqueued="0" />
  <stringconstants candidates="14617" cleared="0"  />
</gc-op>
<gc-op id="5979" type="sweep" timems="4.681" contextid="5975" timestamp="2019-08-08T00:01:10.233" />
<mem-info id="5980" free="102622688" total="130220032" percent="78">
  <mem type="tenure" free="102622688" total="130220032" percent="78" micro-fragmented="135982" macro-fragmented="0">
    <mem type="soa" free="101321184" total="128918528" percent="78" />
    <mem type="loa" free="1301504" total="1301504" percent="100" />
  </mem>
</mem-info>
<gc-op id="5981" type="compact" timems="40.148" contextid="5975" timestamp="2019-08-08T00:01:10.273">
  <compact-info movecount="114615" movebytes="4955872" reason="compact to aid heap contraction" />
</gc-op>
<heap-resize id="5982" type="expand" space="tenure" amount="327680" count="1" timems="0.035" reason="satisfy allocation request" timestamp="2019-08-08T00:01:10.318" />
<gc-end id="5983" type="global" contextid="5975" durationms="136.219" usertimems="188.659" systemtimems="100.548" timestamp="2019-08-08T00:01:10.327" activeThreads="16">
  <mem-info id="5984" free="103299376" total="130547712" percent="79">
    <mem type="tenure" free="103299376" total="130547712" percent="79">
      <mem type="soa" free="101994800" total="129243136" percent="78" />
      <mem type="loa" free="1304576" total="1304576" percent="100" />
    </mem>
  </mem-info>
</gc-end>
<cycle-end id="5985" type="global" contextid="5975" timestamp="2019-08-08T00:01:10.332" />
  <attribute name="elasticGC enabled" value="1" />
  <attribute name= "numThreadsSpecified" value="16" />
  <attribute name="heapSize specified" value="130220032" />
  <attribute name="Current GC Util" value="92" />
  <attribute name= "Current Time Running" value="189196" />
  <attribute name ="GC Interval" value="0" />
  <attribute name="Target GC Util Change" value ="80.000000" />
  <attribute name="Current GC Util Change" value="92.000000"/>
  <attribute name="Current Error" value="-393.000000" />
  <attribute name="Output H" value="130520936"/>
  <attribute name="Output I" value="200"/>
  <attribute name="Output T" value="16"/>
  <attribute name= "Current Time Running" value="189196" />
  <attribute name="GC Util currently" value="92" />
  <attribute name="CPU Util currently" value="28661420621" />
<allocation-satisfied id="5986" threadId="00000000020CA300" bytesRequested="40" />
<af-end id="5987" timestamp="2019-08-08T00:01:10.332" threadId="00000000020CAC88" success="true" />
<exclusive-end id="5988" timestamp="2019-08-08T00:01:10.332" durationms="141.170" />

<exclusive-start id="5989" timestamp="2019-08-08T00:01:10.484" intervalms="293.066">
  <response-info timems="11.227" idlems="11.227" threads="0" lastid="00000000020FE200" lastname="Thread-32" />
</exclusive-start>
<af-start id="5990" threadId="00000000020FEB88" totalBytesRequested="24" timestamp="2019-08-08T00:01:10.484" intervalms="292.935" />
<cycle-start id="5991" type="global" contextid="0" timestamp="2019-08-08T00:01:10.484" intervalms="292.715" />
<gc-start id="5992" type="global" contextid="5991" timestamp="2019-08-08T00:01:10.484">
  <mem-info id="5993" free="1304576" total="130547712" percent="0">
    <mem type="tenure" free="1304576" total="130547712" percent="0">
      <mem type="soa" free="0" total="129243136" percent="0" />
      <mem type="loa" free="1304576" total="1304576" percent="100" />
    </mem>
  </mem-info>
</gc-start>
<allocation-stats totalBytes="102053168" >
  <allocated-bytes non-tlh="0" tlh="102053168" />
  <largest-consumer threadName="Thread-31" threadId="00000000020D9200" bytes="9665752" />
</allocation-stats>
<gc-op id="5994" type="mark" timems="19.964" contextid="5991" timestamp="2019-08-08T00:01:10.504">
  <trace-info objectcount="730933" scancount="649446" scanbytes="18874932" />
  <finalization candidates="151" enqueued="0" />
  <ownableSynchronizers candidates="22" cleared="0" />
  <references type="soft" candidates="1855" cleared="0" enqueued="0" dynamicThreshold="25" maxThreshold="32" />
  <references type="weak" candidates="6266" cleared="0" enqueued="0" />
  <references type="phantom" candidates="237" cleared="0" enqueued="0" />
  <stringconstants candidates="14617" cleared="0"  />
</gc-op>
<gc-op id="5995" type="sweep" timems="2.871" contextid="5991" timestamp="2019-08-08T00:01:10.507" />
<mem-info id="5996" free="102908616" total="130547712" percent="78">
  <mem type="tenure" free="102908616" total="130547712" percent="78" micro-fragmented="87415" macro-fragmented="0">
    <mem type="soa" free="101604040" total="129243136" percent="78" />
    <mem type="loa" free="1304576" total="1304576" percent="100" />
  </mem>
</mem-info>
<gc-op id="5997" type="compact" timems="34.120" contextid="5991" timestamp="2019-08-08T00:01:10.541">
  <compact-info movecount="106491" movebytes="5182256" reason="compact to aid heap contraction" />
</gc-op>
<heap-resize id="5998" type="expand" space="tenure" amount="327680" count="1" timems="0.020" reason="satisfy allocation request" timestamp="2019-08-08T00:01:10.542" />
<gc-end id="5999" type="global" contextid="5991" durationms="58.662" usertimems="106.258" systemtimems="25.552" timestamp="2019-08-08T00:01:10.542" activeThreads="16">
  <mem-info id="6000" free="103548832" total="130875392" percent="79">
    <mem type="tenure" free="103548832" total="130875392" percent="79">
      <mem type="soa" free="102240160" total="129566720" percent="78" />
      <mem type="loa" free="1308672" total="1308672" percent="100" />
    </mem>
  </mem-info>
</gc-end>
<cycle-end id="6001" type="global" contextid="5991" timestamp="2019-08-08T00:01:10.542" />
  <attribute name="elasticGC enabled" value="1" />
  <attribute name= "numThreadsSpecified" value="16" />
  <attribute name="heapSize specified" value="130547712" />
  <attribute name="Current GC Util" value="83" />
  <attribute name= "Current Time Running" value="189464" />
  <attribute name ="GC Interval" value="0" />
  <attribute name="Target GC Util Change" value ="80.000000" />
  <attribute name="Current GC Util Change" value="83.000000"/>
  <attribute name="Current Error" value="-318.000000" />
  <attribute name="Output H" value="130848960"/>
  <attribute name="Output I" value="360"/>
  <attribute name="Output T" value="16"/>
  <attribute name= "Current Time Running" value="189464" />
  <attribute name="GC Util currently" value="83" />
  <attribute name="CPU Util currently" value="33460527039" />
<allocation-satisfied id="6002" threadId="00000000020FE200" bytesRequested="24" />
<af-end id="6003" timestamp="2019-08-08T00:01:10.542" threadId="00000000020FEB88" success="true" />
<exclusive-end id="6004" timestamp="2019-08-08T00:01:10.542" durationms="58.894" />

<exclusive-start id="6005" timestamp="2019-08-08T00:01:10.702" intervalms="218.139">
  <response-info timems="37.779" idlems="22.975" threads="4" lastid="00000000020DCE00" lastname="Thread-35" />
</exclusive-start>
<af-start id="6006" threadId="00000000020B4488" totalBytesRequested="24" timestamp="2019-08-08T00:01:10.702" intervalms="218.163" />
<cycle-start id="6007" type="global" contextid="0" timestamp="2019-08-08T00:01:10.702" intervalms="218.168" />
<gc-start id="6008" type="global" contextid="6007" timestamp="2019-08-08T00:01:10.702">
  <mem-info id="6009" free="1308672" total="130875392" percent="0">
    <mem type="tenure" free="1308672" total="130875392" percent="0">
      <mem type="soa" free="0" total="129566720" percent="0" />
      <mem type="loa" free="1308672" total="1308672" percent="100" />
    </mem>
  </mem-info>
</gc-start>
<allocation-stats totalBytes="102295544" >
  <allocated-bytes non-tlh="0" tlh="102295544" />
  <largest-consumer threadName="Thread-23" threadId="0000000002102A00" bytes="12548928" />
</allocation-stats>
<gc-op id="6010" type="mark" timems="23.506" contextid="6007" timestamp="2019-08-08T00:01:10.726">
  <trace-info objectcount="720475" scancount="638967" scanbytes="18623884" />
  <finalization candidates="151" enqueued="0" />
  <ownableSynchronizers candidates="22" cleared="0" />
  <references type="soft" candidates="1855" cleared="0" enqueued="0" dynamicThreshold="25" maxThreshold="32" />
  <references type="weak" candidates="6266" cleared="0" enqueued="0" />
  <references type="phantom" candidates="237" cleared="0" enqueued="0" />
  <stringconstants candidates="14617" cleared="0"  />
</gc-op>
<gc-op id="6011" type="sweep" timems="3.463" contextid="6007" timestamp="2019-08-08T00:01:10.730" />
<mem-info id="6012" free="103470072" total="130875392" percent="79">
  <mem type="tenure" free="103470072" total="130875392" percent="79" micro-fragmented="249027" macro-fragmented="0">
    <mem type="soa" free="102161400" total="129566720" percent="78" />
    <mem type="loa" free="1308672" total="1308672" percent="100" />
  </mem>
</mem-info>
<gc-op id="6013" type="compact" timems="39.058" contextid="6007" timestamp="2019-08-08T00:01:10.769">
  <compact-info movecount="90349" movebytes="3961136" reason="compact to aid heap contraction" />
</gc-op>
<heap-resize id="6014" type="expand" space="tenure" amount="327680" count="1" timems="0.030" reason="satisfy allocation request" timestamp="2019-08-08T00:01:10.780" />
<gc-end id="6015" type="global" contextid="6007" durationms="81.343" usertimems="109.629" systemtimems="21.946" timestamp="2019-08-08T00:01:10.783" activeThreads="16">
  <mem-info id="6016" free="104127560" total="131203072" percent="79">
    <mem type="tenure" free="104127560" total="131203072" percent="79">
      <mem type="soa" free="102815816" total="129891328" percent="79" />
      <mem type="loa" free="1311744" total="1311744" percent="100" />
    </mem>
  </mem-info>
</gc-end>
<cycle-end id="6017" type="global" contextid="6007" timestamp="2019-08-08T00:01:10.783" />
  <attribute name="elasticGC enabled" value="1" />
  <attribute name= "numThreadsSpecified" value="16" />
  <attribute name="heapSize specified" value="130875392" />
  <attribute name="Current GC Util" value="41" />
  <attribute name= "Current Time Running" value="189698" />
  <attribute name ="GC Interval" value="0" />
  <attribute name="Target GC Util Change" value ="80.000000" />
  <attribute name="Current GC Util Change" value="41.000000"/>
  <attribute name="Current Error" value="39.000000" />
  <attribute name="Output H" value="131178288"/>
  <attribute name="Output I" value="2216"/>
  <attribute name="Output T" value="16"/>
  <attribute name= "Current Time Running" value="189698" />
  <attribute name="GC Util currently" value="41" />
  <attribute name="CPU Util currently" value="25533221966" />
<allocation-satisfied id="6018" threadId="00000000020B3B00" bytesRequested="24" />
<af-end id="6019" timestamp="2019-08-08T00:01:10.783" threadId="00000000020B4488" success="true" />
<exclusive-end id="6020" timestamp="2019-08-08T00:01:10.783" durationms="81.674" />

<exclusive-start id="6021" timestamp="2019-08-08T00:01:10.883" intervalms="181.354">
  <response-info timems="6.089" idlems="6.086" threads="1" lastid="00000000020DCE00" lastname="Thread-35" />
</exclusive-start>
<af-start id="6022" threadId="00000000020D5F88" totalBytesRequested="40" timestamp="2019-08-08T00:01:10.883" intervalms="181.388" />
<cycle-start id="6023" type="global" contextid="0" timestamp="2019-08-08T00:01:10.883" intervalms="181.370" />
<gc-start id="6024" type="global" contextid="6023" timestamp="2019-08-08T00:01:10.883">
  <mem-info id="6025" free="1311744" total="131203072" percent="0">
    <mem type="tenure" free="1311744" total="131203072" percent="0">
      <mem type="soa" free="0" total="129891328" percent="0" />
      <mem type="loa" free="1311744" total="1311744" percent="100" />
    </mem>
  </mem-info>
</gc-start>
<allocation-stats totalBytes="102867832" >
  <allocated-bytes non-tlh="0" tlh="102867832" />
  <largest-consumer threadName="Thread-27" threadId="00000000020B3B00" bytes="12548408" />
</allocation-stats>
<gc-op id="6026" type="mark" timems="47.320" contextid="6023" timestamp="2019-08-08T00:01:10.931">
  <trace-info objectcount="725923" scancount="644406" scanbytes="18754844" />
  <finalization candidates="151" enqueued="0" />
  <ownableSynchronizers candidates="22" cleared="0" />
  <references type="soft" candidates="1855" cleared="0" enqueued="0" dynamicThreshold="25" maxThreshold="32" />
  <references type="weak" candidates="6266" cleared="0" enqueued="0" />
  <references type="phantom" candidates="237" cleared="0" enqueued="0" />
  <stringconstants candidates="14617" cleared="0"  />
</gc-op>
<gc-op id="6027" type="sweep" timems="5.996" contextid="6023" timestamp="2019-08-08T00:01:10.937" />
<mem-info id="6028" free="103754688" total="131203072" percent="79">
  <mem type="tenure" free="103754688" total="131203072" percent="79" micro-fragmented="70354" macro-fragmented="0">
    <mem type="soa" free="102442944" total="129891328" percent="78" />
    <mem type="loa" free="1311744" total="1311744" percent="100" />
  </mem>
</mem-info>
<gc-op id="6029" type="compact" timems="33.845" contextid="6023" timestamp="2019-08-08T00:01:10.971">
  <compact-info movecount="107475" movebytes="4647120" reason="compact to aid heap contraction" />
</gc-op>
<heap-resize id="6030" type="expand" space="tenure" amount="327680" count="1" timems="0.021" reason="satisfy allocation request" timestamp="2019-08-08T00:01:10.972" />
<gc-end id="6031" type="global" contextid="6023" durationms="88.812" usertimems="117.710" systemtimems="36.818" timestamp="2019-08-08T00:01:10.972" activeThreads="16">
  <mem-info id="6032" free="104324280" total="131530752" percent="79">
    <mem type="tenure" free="104324280" total="131530752" percent="79">
      <mem type="soa" free="103009464" total="130215936" percent="79" />
      <mem type="loa" free="1314816" total="1314816" percent="100" />
    </mem>
  </mem-info>
</gc-end>
<cycle-end id="6033" type="global" contextid="6023" timestamp="2019-08-08T00:01:10.972" />
  <attribute name="elasticGC enabled" value="1" />
  <attribute name= "numThreadsSpecified" value="16" />
  <attribute name="heapSize specified" value="131203072" />
  <attribute name="Current GC Util" value="91" />
  <attribute name= "Current Time Running" value="189894" />
  <attribute name ="GC Interval" value="0" />
  <attribute name="Target GC Util Change" value ="80.000000" />
  <attribute name="Current GC Util Change" value="91.000000"/>
  <attribute name="Current Error" value="-89.000000" />
  <attribute name="Output H" value="131505376"/>
  <attribute name="Output I" value="1552"/>
  <attribute name="Output T" value="16"/>
  <attribute name= "Current Time Running" value="189894" />
  <attribute name="GC Util currently" value="91" />
  <attribute name="CPU Util currently" value="34026043440" />
<allocation-satisfied id="6034" threadId="00000000020D5600" bytesRequested="40" />
<af-end id="6035" timestamp="2019-08-08T00:01:10.972" threadId="00000000020D5F88" success="true" />
<exclusive-end id="6036" timestamp="2019-08-08T00:01:10.972" durationms="89.224" />

<exclusive-start id="6037" timestamp="2019-08-08T00:01:11.075" intervalms="192.101">
  <response-info timems="17.443" idlems="16.946" threads="3" lastid="00000000020EBE00" lastname="Thread-26" />
</exclusive-start>
<af-start id="6038" threadId="0000000002115E88" totalBytesRequested="40" timestamp="2019-08-08T00:01:11.075" intervalms="192.077" />
<cycle-start id="6039" type="global" contextid="0" timestamp="2019-08-08T00:01:11.075" intervalms="192.087" />
<gc-start id="6040" type="global" contextid="6039" timestamp="2019-08-08T00:01:11.075">
  <mem-info id="6041" free="1314816" total="131530752" percent="0">
    <mem type="tenure" free="1314816" total="131530752" percent="0">
      <mem type="soa" free="0" total="130215936" percent="0" />
      <mem type="loa" free="1314816" total="1314816" percent="100" />
    </mem>
  </mem-info>
</gc-start>
<allocation-stats totalBytes="103066488" >
  <allocated-bytes non-tlh="0" tlh="103066488" />
  <largest-consumer threadName="Thread-27" threadId="00000000020B3B00" bytes="14456568" />
</allocation-stats>
<gc-op id="6042" type="mark" timems="43.838" contextid="6039" timestamp="2019-08-08T00:01:11.119">
  <trace-info objectcount="727459" scancount="645952" scanbytes="18791308" />
  <finalization candidates="151" enqueued="0" />
  <ownableSynchronizers candidates="22" cleared="0" />
  <references type="soft" candidates="1855" cleared="0" enqueued="0" dynamicThreshold="25" maxThreshold="32" />
  <references type="weak" candidates="6266" cleared="0" enqueued="0" />
  <references type="phantom" candidates="237" cleared="0" enqueued="0" />
  <stringconstants candidates="14617" cleared="0"  />
</gc-op>
<gc-op id="6043" type="sweep" timems="7.507" contextid="6039" timestamp="2019-08-08T00:01:11.127" />
<mem-info id="6044" free="103860608" total="131530752" percent="78">
  <mem type="tenure" free="103860608" total="131530752" percent="78" micro-fragmented="229463" macro-fragmented="0">
    <mem type="soa" free="102545792" total="130215936" percent="78" />
    <mem type="loa" free="1314816" total="1314816" percent="100" />
  </mem>
</mem-info>
<gc-op id="6045" type="compact" timems="167.917" contextid="6039" timestamp="2019-08-08T00:01:11.295">
  <compact-info movecount="79797" movebytes="3295568" reason="compact to aid heap contraction" />
</gc-op>
<heap-resize id="6046" type="expand" space="tenure" amount="327680" count="1" timems="0.024" reason="satisfy allocation request" timestamp="2019-08-08T00:01:11.296" />
<gc-end id="6047" type="global" contextid="6039" durationms="220.695" usertimems="143.503" systemtimems="99.875" timestamp="2019-08-08T00:01:11.296" activeThreads="16">
  <mem-info id="6048" free="104615496" total="131858432" percent="79">
    <mem type="tenure" free="104615496" total="131858432" percent="79">
      <mem type="soa" free="103297608" total="130540544" percent="79" />
      <mem type="loa" free="1317888" total="1317888" percent="100" />
    </mem>
  </mem-info>
</gc-end>
<cycle-end id="6049" type="global" contextid="6039" timestamp="2019-08-08T00:01:11.296" />
  <attribute name="elasticGC enabled" value="1" />
  <attribute name= "numThreadsSpecified" value="16" />
  <attribute name="heapSize specified" value="131530752" />
  <attribute name="Current GC Util" value="64" />
  <attribute name= "Current Time Running" value="190218" />
  <attribute name ="GC Interval" value="0" />
  <attribute name="Target GC Util Change" value ="80.000000" />
  <attribute name="Current GC Util Change" value="64.000000"/>
  <attribute name="Current Error" value="-248.000000" />
  <attribute name="Output H" value="131832320"/>
  <attribute name="Output I" value="720"/>
  <attribute name="Output T" value="16"/>
  <attribute name= "Current Time Running" value="190218" />
  <attribute name="GC Util currently" value="64" />
  <attribute name="CPU Util currently" value="6863907333" />
<allocation-satisfied id="6050" threadId="0000000002115500" bytesRequested="40" />
<af-end id="6051" timestamp="2019-08-08T00:01:11.296" threadId="0000000002115E88" success="true" />
<exclusive-end id="6052" timestamp="2019-08-08T00:01:11.296" durationms="221.078" />

<exclusive-start id="6053" timestamp="2019-08-08T00:01:11.398" intervalms="322.525">
  <response-info timems="2.853" idlems="2.853" threads="0" lastid="00000000020D1B00" lastname="Thread-34" />
</exclusive-start>
<af-start id="6054" threadId="00000000020D2488" totalBytesRequested="40" timestamp="2019-08-08T00:01:11.398" intervalms="322.741" />
<cycle-start id="6055" type="global" contextid="0" timestamp="2019-08-08T00:01:11.398" intervalms="322.808" />
<gc-start id="6056" type="global" contextid="6055" timestamp="2019-08-08T00:01:11.398">
  <mem-info id="6057" free="1317888" total="131858432" percent="0">
    <mem type="tenure" free="1317888" total="131858432" percent="0">
      <mem type="soa" free="0" total="130540544" percent="0" />
      <mem type="loa" free="1317888" total="1317888" percent="100" />
    </mem>
  </mem-info>
</gc-start>
<allocation-stats totalBytes="103359760" >
  <allocated-bytes non-tlh="0" tlh="103359760" />
  <largest-consumer threadName="Thread-22" threadId="0000000002115500" bytes="13336072" />
</allocation-stats>
<gc-op id="6058" type="mark" timems="16.957" contextid="6055" timestamp="2019-08-08T00:01:11.415">
  <trace-info objectcount="726808" scancount="645322" scanbytes="18776196" />
  <finalization candidates="151" enqueued="0" />
  <ownableSynchronizers candidates="22" cleared="0" />
  <references type="soft" candidates="1855" cleared="0" enqueued="0" dynamicThreshold="25" maxThreshold="32" />
  <references type="weak" candidates="6266" cleared="0" enqueued="0" />
  <references type="phantom" candidates="237" cleared="0" enqueued="0" />
  <stringconstants candidates="14617" cleared="0"  />
</gc-op>
<gc-op id="6059" type="sweep" timems="3.233" contextid="6055" timestamp="2019-08-08T00:01:11.419" />
<mem-info id="6060" free="104181992" total="131858432" percent="79">
  <mem type="tenure" free="104181992" total="131858432" percent="79" micro-fragmented="167361" macro-fragmented="0">
    <mem type="soa" free="102864104" total="130540544" percent="78" />
    <mem type="loa" free="1317888" total="1317888" percent="100" />
  </mem>
</mem-info>
<gc-op id="6061" type="compact" timems="68.849" contextid="6055" timestamp="2019-08-08T00:01:11.488">
  <compact-info movecount="97144" movebytes="4124520" reason="compact to aid heap contraction" />
</gc-op>
<heap-resize id="6062" type="expand" space="tenure" amount="327680" count="1" timems="0.025" reason="satisfy allocation request" timestamp="2019-08-08T00:01:11.505" />
<gc-end id="6063" type="global" contextid="6055" durationms="106.805" usertimems="112.256" systemtimems="34.447" timestamp="2019-08-08T00:01:11.505" activeThreads="16">
  <mem-info id="6064" free="104958288" total="132186112" percent="79">
    <mem type="tenure" free="104958288" total="132186112" percent="79">
      <mem type="soa" free="103637328" total="130865152" percent="79" />
      <mem type="loa" free="1320960" total="1320960" percent="100" />
    </mem>
  </mem-info>
</gc-end>
<cycle-end id="6065" type="global" contextid="6055" timestamp="2019-08-08T00:01:11.505" />
  <attribute name="elasticGC enabled" value="1" />
  <attribute name= "numThreadsSpecified" value="16" />
  <attribute name="heapSize specified" value="131858432" />
  <attribute name="Current GC Util" value="42" />
  <attribute name= "Current Time Running" value="190411" />
  <attribute name ="GC Interval" value="0" />
  <attribute name="Target GC Util Change" value ="80.000000" />
  <attribute name="Current GC Util Change" value="42.000000"/>
  <attribute name="Current Error" value="38.000000" />
  <attribute name="Output H" value="132161320"/>
  <attribute name="Output I" value="2208"/>
  <attribute name="Output T" value="16"/>
  <attribute name= "Current Time Running" value="190411" />
  <attribute name="GC Util currently" value="42" />
  <attribute name="CPU Util currently" value="16726067664" />
<allocation-satisfied id="6066" threadId="00000000020D1B00" bytesRequested="40" />
<af-end id="6067" timestamp="2019-08-08T00:01:11.505" threadId="00000000020D2488" success="true" />
<exclusive-end id="6068" timestamp="2019-08-08T00:01:11.505" durationms="107.649" />

<exclusive-start id="6069" timestamp="2019-08-08T00:01:11.576" intervalms="178.498">
  <response-info timems="0.335" idlems="0.335" threads="0" lastid="00000000020D9200" lastname="Thread-31" />
</exclusive-start>
<af-start id="6070" threadId="00000000020D9B88" totalBytesRequested="40" timestamp="2019-08-08T00:01:11.576" intervalms="178.396" />
<cycle-start id="6071" type="global" contextid="0" timestamp="2019-08-08T00:01:11.576" intervalms="178.325" />
<gc-start id="6072" type="global" contextid="6071" timestamp="2019-08-08T00:01:11.576">
  <mem-info id="6073" free="1320960" total="132186112" percent="0">
    <mem type="tenure" free="1320960" total="132186112" percent="0">
      <mem type="soa" free="0" total="130865152" percent="0" />
      <mem type="loa" free="1320960" total="1320960" percent="100" />
    </mem>
  </mem-info>
</gc-start>
<allocation-stats totalBytes="103684672" >
  <allocated-bytes non-tlh="0" tlh="103684672" />
  <largest-consumer threadName="Thread-26" threadId="00000000020EBE00" bytes="15079544" />
</allocation-stats>
<gc-op id="6074" type="mark" timems="31.143" contextid="6071" timestamp="2019-08-08T00:01:11.608">
  <trace-info objectcount="732104" scancount="650608" scanbytes="18903852" />
  <finalization candidates="151" enqueued="0" />
  <ownableSynchronizers candidates="22" cleared="0" />
  <references type="soft" candidates="1855" cleared="0" enqueued="0" dynamicThreshold="25" maxThreshold="32" />
  <references type="weak" candidates="6266" cleared="0" enqueued="0" />
  <references type="phantom" candidates="237" cleared="0" enqueued="0" />
  <stringconstants candidates="14617" cleared="0"  />
</gc-op>
<gc-op id="6075" type="sweep" timems="3.351" contextid="6071" timestamp="2019-08-08T00:01:11.611" />
<mem-info id="6076" free="104348880" total="132186112" percent="78">
  <mem type="tenure" free="104348880" total="132186112" percent="78" micro-fragmented="234653" macro-fragmented="0">
    <mem type="soa" free="103027920" total="130865152" percent="78" />
    <mem type="loa" free="1320960" total="1320960" percent="100" />
  </mem>
</mem-info>
<gc-op id="6077" type="compact" timems="82.251" contextid="6071" timestamp="2019-08-08T00:01:11.693">
  <compact-info movecount="90019" movebytes="3679336" reason="compact to aid heap contraction" />
</gc-op>
<heap-resize id="6078" type="expand" space="tenure" amount="327680" count="1" timems="0.026" reason="satisfy allocation request" timestamp="2019-08-08T00:01:11.694" />
<gc-end id="6079" type="global" contextid="6071" durationms="117.946" usertimems="115.564" systemtimems="17.864" timestamp="2019-08-08T00:01:11.694" activeThreads="16">
  <mem-info id="6080" free="105158312" total="132513792" percent="79">
    <mem type="tenure" free="105158312" total="132513792" percent="79">
      <mem type="soa" free="103833256" total="131188736" percent="79" />
      <mem type="loa" free="1325056" total="1325056" percent="100" />
    </mem>
  </mem-info>
</gc-end>
<cycle-end id="6081" type="global" contextid="6071" timestamp="2019-08-08T00:01:11.694" />
  <attribute name="elasticGC enabled" value="1" />
  <attribute name= "numThreadsSpecified" value="16" />
  <attribute name="heapSize specified" value="132186112" />
  <attribute name="Current GC Util" value="23" />
  <attribute name= "Current Time Running" value="190616" />
  <attribute name ="GC Interval" value="0" />
  <attribute name="Target GC Util Change" value ="80.000000" />
  <attribute name="Current GC Util Change" value="23.000000"/>
  <attribute name="Current Error" value="-9.000000" />
  <attribute name="Output H" value="132488784"/>
  <attribute name="Output I" value="1968"/>
  <attribute name="Output T" value="16"/>
  <attribute name= "Current Time Running" value="190616" />
  <attribute name="GC Util currently" value="23" />
  <attribute name="CPU Util currently" value="14007418363" />
<allocation-satisfied id="6082" threadId="00000000020D9200" bytesRequested="40" />
<af-end id="6083" timestamp="2019-08-08T00:01:11.694" threadId="00000000020D9B88" success="true" />
<exclusive-end id="6084" timestamp="2019-08-08T00:01:11.694" durationms="118.341" />

<exclusive-start id="6085" timestamp="2019-08-08T00:01:11.764" intervalms="187.696">
  <response-info timems="2.581" idlems="2.581" threads="0" lastid="0000000002111900" lastname="Thread-25" />
</exclusive-start>
<af-start id="6086" threadId="0000000002112288" totalBytesRequested="40" timestamp="2019-08-08T00:01:11.764" intervalms="187.585" />
<cycle-start id="6087" type="global" contextid="0" timestamp="2019-08-08T00:01:11.764" intervalms="187.578" />
<gc-start id="6088" type="global" contextid="6087" timestamp="2019-08-08T00:01:11.764">
  <mem-info id="6089" free="1325056" total="132513792" percent="0">
    <mem type="tenure" free="1325056" total="132513792" percent="0">
      <mem type="soa" free="0" total="131188736" percent="0" />
      <mem type="loa" free="1325056" total="1325056" percent="100" />
    </mem>
  </mem-info>
</gc-start>
<allocation-stats totalBytes="103887072" >
  <allocated-bytes non-tlh="0" tlh="103887072" />
  <largest-consumer threadName="Thread-28" threadId="00000000020BB300" bytes="10845096" />
</allocation-stats>
<gc-op id="6090" type="mark" timems="16.065" contextid="6087" timestamp="2019-08-08T00:01:11.780">
  <trace-info objectcount="719445" scancount="637949" scanbytes="18600268" />
  <finalization candidates="151" enqueued="0" />
  <ownableSynchronizers candidates="22" cleared="0" />
  <references type="soft" candidates="1855" cleared="0" enqueued="0" dynamicThreshold="25" maxThreshold="32" />
  <references type="weak" candidates="6266" cleared="0" enqueued="0" />
  <references type="phantom" candidates="237" cleared="0" enqueued="0" />
  <stringconstants candidates="14617" cleared="0"  />
</gc-op>
<gc-op id="6091" type="sweep" timems="2.543" contextid="6087" timestamp="2019-08-08T00:01:11.783" />
<mem-info id="6092" free="105100712" total="132513792" percent="79">
  <mem type="tenure" free="105100712" total="132513792" percent="79" micro-fragmented="233301" macro-fragmented="0">
    <mem type="soa" free="103775656" total="131188736" percent="79" />
    <mem type="loa" free="1325056" total="1325056" percent="100" />
  </mem>
</mem-info>
<gc-op id="6093" type="compact" timems="102.614" contextid="6087" timestamp="2019-08-08T00:01:11.885">
  <compact-info movecount="106668" movebytes="4766024" reason="compact to aid heap contraction" />
</gc-op>
<heap-resize id="6094" type="expand" space="tenure" amount="327680" count="1" timems="0.025" reason="satisfy allocation request" timestamp="2019-08-08T00:01:11.888" />
<gc-end id="6095" type="global" contextid="6087" durationms="124.008" usertimems="110.609" systemtimems="39.703" timestamp="2019-08-08T00:01:11.888" activeThreads="16">
  <mem-info id="6096" free="105789576" total="132841472" percent="79">
    <mem type="tenure" free="105789576" total="132841472" percent="79">
      <mem type="soa" free="104461448" total="131513344" percent="79" />
      <mem type="loa" free="1328128" total="1328128" percent="100" />
    </mem>
  </mem-info>
</gc-end>
<cycle-end id="6097" type="global" contextid="6087" timestamp="2019-08-08T00:01:11.888" />
  <attribute name="elasticGC enabled" value="1" />
  <attribute name= "numThreadsSpecified" value="16" />
  <attribute name="heapSize specified" value="132513792" />
  <attribute name="Current GC Util" value="42" />
  <attribute name= "Current Time Running" value="190809" />
  <attribute name ="GC Interval" value="0" />
  <attribute name="Target GC Util Change" value ="80.000000" />
  <attribute name="Current GC Util Change" value="42.000000"/>
  <attribute name="Current Error" value="-340.000000" />
  <attribute name="Output H" value="132814936"/>
  <attribute name="Output I" value="248"/>
  <attribute name="Output T" value="16"/>
  <attribute name= "Current Time Running" value="190809" />
  <attribute name="GC Util currently" value="42" />
  <attribute name="CPU Util currently" value="11212093223" />
<allocation-satisfied id="6098" threadId="0000000002111900" bytesRequested="40" />
<af-end id="6099" timestamp="2019-08-08T00:01:11.888" threadId="0000000002112288" success="true" />
<exclusive-end id="6100" timestamp="2019-08-08T00:01:11.888" durationms="124.293" />

<exclusive-start id="6101" timestamp="2019-08-08T00:01:11.971" intervalms="207.430">
  <response-info timems="1.005" idlems="0.680" threads="2" lastid="0000000002106500" lastname="Thread-24" />
</exclusive-start>
<af-start id="6102" threadId="0000000002103388" totalBytesRequested="48" timestamp="2019-08-08T00:01:11.971" intervalms="207.414" />
<cycle-start id="6103" type="global" contextid="0" timestamp="2019-08-08T00:01:11.971" intervalms="207.412" />
<gc-start id="6104" type="global" contextid="6103" timestamp="2019-08-08T00:01:11.971">
  <mem-info id="6105" free="1328128" total="132841472" percent="0">
    <mem type="tenure" free="1328128" total="132841472" percent="0">
      <mem type="soa" free="0" total="131513344" percent="0" />
      <mem type="loa" free="1328128" total="1328128" percent="100" />
    </mem>
  </mem-info>
</gc-start>
<allocation-stats totalBytes="104522568" >
  <allocated-bytes non-tlh="0" tlh="104522568" />
  <largest-consumer threadName="Thread-26" threadId="00000000020EBE00" bytes="12811744" />
</allocation-stats>
<gc-op id="6106" type="mark" timems="13.626" contextid="6103" timestamp="2019-08-08T00:01:11.985">
  <trace-info objectcount="713676" scancount="632171" scanbytes="18376100" />
  <finalization candidates="151" enqueued="0" />
  <ownableSynchronizers candidates="22" cleared="0" />
  <references type="soft" candidates="1855" cleared="0" enqueued="0" dynamicThreshold="25" maxThreshold="32" />
  <references type="weak" candidates="6266" cleared="0" enqueued="0" />
  <references type="phantom" candidates="237" cleared="0" enqueued="0" />
  <stringconstants candidates="14617" cleared="0"  />
</gc-op>
<gc-op id="6107" type="sweep" timems="3.055" contextid="6103" timestamp="2019-08-08T00:01:11.988" />
<mem-info id="6108" free="105617456" total="132841472" percent="79">
  <mem type="tenure" free="105617456" total="132841472" percent="79" micro-fragmented="192428" macro-fragmented="0">
    <mem type="soa" free="104289328" total="131513344" percent="79" />
    <mem type="loa" free="1328128" total="1328128" percent="100" />
  </mem>
</mem-info>
<gc-op id="6109" type="compact" timems="77.599" contextid="6103" timestamp="2019-08-08T00:01:12.066">
  <compact-info movecount="90826" movebytes="4025352" reason="compact to aid heap contraction" />
</gc-op>
<heap-resize id="6110" type="expand" space="tenure" amount="327680" count="1" timems="0.028" reason="satisfy allocation request" timestamp="2019-08-08T00:01:12.070" />
<gc-end id="6111" type="global" contextid="6103" durationms="98.842" usertimems="96.197" systemtimems="16.274" timestamp="2019-08-08T00:01:12.070" activeThreads="16">
  <mem-info id="6112" free="106341424" total="133169152" percent="79">
    <mem type="tenure" free="106341424" total="133169152" percent="79">
      <mem type="soa" free="105010224" total="131837952" percent="79" />
      <mem type="loa" free="1331200" total="1331200" percent="100" />
    </mem>
  </mem-info>
</gc-end>
<cycle-end id="6113" type="global" contextid="6103" timestamp="2019-08-08T00:01:12.070" />
  <attribute name="elasticGC enabled" value="1" />
  <attribute name= "numThreadsSpecified" value="16" />
  <attribute name="heapSize specified" value="132841472" />
  <attribute name="Current GC Util" value="24" />
  <attribute name= "Current Time Running" value="190989" />
  <attribute name ="GC Interval" value="0" />
  <attribute name="Target GC Util Change" value ="80.000000" />
  <attribute name="Current GC Util Change" value="24.000000"/>
  <attribute name="Current Error" value="56.000000" />
  <attribute name="Output H" value="133144448"/>
  <attribute name="Output I" value="2304"/>
  <attribute name="Output T" value="16"/>
  <attribute name= "Current Time Running" value="190989" />
  <attribute name="GC Util currently" value="24" />
  <attribute name="CPU Util currently" value="14847734965" />
<allocation-satisfied id="6114" threadId="0000000002102A00" bytesRequested="48" />
<af-end id="6115" timestamp="2019-08-08T00:01:12.070" threadId="0000000002103388" success="true" />
<exclusive-end id="6116" timestamp="2019-08-08T00:01:12.070" durationms="99.085" />

<exclusive-start id="6117" timestamp="2019-08-08T00:01:12.145" intervalms="173.492">
  <response-info timems="7.028" idlems="7.028" threads="0" lastid="00000000020DCE00" lastname="Thread-35" />
</exclusive-start>
<af-start id="6118" threadId="00000000020DD788" totalBytesRequested="40" timestamp="2019-08-08T00:01:12.145" intervalms="173.632" />
<cycle-start id="6119" type="global" contextid="0" timestamp="2019-08-08T00:01:12.145" intervalms="173.645" />
<gc-start id="6120" type="global" contextid="6119" timestamp="2019-08-08T00:01:12.145">
  <mem-info id="6121" free="1331200" total="133169152" percent="0">
    <mem type="tenure" free="1331200" total="133169152" percent="0">
      <mem type="soa" free="0" total="131837952" percent="0" />
      <mem type="loa" free="1331200" total="1331200" percent="100" />
    </mem>
  </mem-info>
</gc-start>
<allocation-stats totalBytes="105064080" >
  <allocated-bytes non-tlh="0" tlh="105064080" />
  <largest-consumer threadName="Thread-35" threadId="00000000020DCE00" bytes="9665656" />
</allocation-stats>
<gc-op id="6122" type="mark" timems="17.824" contextid="6119" timestamp="2019-08-08T00:01:12.163">
  <trace-info objectcount="723348" scancount="641866" scanbytes="18692828" />
  <finalization candidates="151" enqueued="0" />
  <ownableSynchronizers candidates="22" cleared="0" />
  <references type="soft" candidates="1855" cleared="0" enqueued="0" dynamicThreshold="25" maxThreshold="32" />
  <references type="weak" candidates="6266" cleared="0" enqueued="0" />
  <references type="phantom" candidates="237" cleared="0" enqueued="0" />
  <stringconstants candidates="14617" cleared="0"  />
</gc-op>
<gc-op id="6123" type="sweep" timems="7.914" contextid="6119" timestamp="2019-08-08T00:01:12.171" />
<mem-info id="6124" free="105719368" total="133169152" percent="79">
  <mem type="tenure" free="105719368" total="133169152" percent="79" micro-fragmented="156220" macro-fragmented="0">
    <mem type="soa" free="104388168" total="131837952" percent="79" />
    <mem type="loa" free="1331200" total="1331200" percent="100" />
  </mem>
</mem-info>
<gc-op id="6125" type="compact" timems="96.060" contextid="6119" timestamp="2019-08-08T00:01:12.267">
  <compact-info movecount="110531" movebytes="4857624" reason="compact to aid heap contraction" />
</gc-op>
<heap-resize id="6126" type="expand" space="tenure" amount="327680" count="1" timems="0.028" reason="satisfy allocation request" timestamp="2019-08-08T00:01:12.271" />
<gc-end id="6127" type="global" contextid="6119" durationms="126.418" usertimems="109.284" systemtimems="69.285" timestamp="2019-08-08T00:01:12.271" activeThreads="16">
  <mem-info id="6128" free="106352376" total="133496832" percent="79">
    <mem type="tenure" free="106352376" total="133496832" percent="79">
      <mem type="soa" free="105018104" total="132162560" percent="79" />
      <mem type="loa" free="1334272" total="1334272" percent="100" />
    </mem>
  </mem-info>
</gc-end>
<cycle-end id="6129" type="global" contextid="6119" timestamp="2019-08-08T00:01:12.272" />
  <attribute name="elasticGC enabled" value="1" />
  <attribute name= "numThreadsSpecified" value="16" />
  <attribute name="heapSize specified" value="133169152" />
  <attribute name="Current GC Util" value="42" />
  <attribute name= "Current Time Running" value="191190" />
  <attribute name ="GC Interval" value="0" />
  <attribute name="Target GC Util Change" value ="80.000000" />
  <attribute name="Current GC Util Change" value="42.000000"/>
  <attribute name="Current Error" value="-59.000000" />
  <attribute name="Output H" value="133471592"/>
  <attribute name="Output I" value="1704"/>
  <attribute name="Output T" value="16"/>
  <attribute name= "Current Time Running" value="191190" />
  <attribute name="GC Util currently" value="42" />
  <attribute name="CPU Util currently" value="11991353748" />
<allocation-satisfied id="6130" threadId="00000000020DCE00" bytesRequested="40" />
<af-end id="6131" timestamp="2019-08-08T00:01:12.272" threadId="00000000020DD788" success="true" />
<exclusive-end id="6132" timestamp="2019-08-08T00:01:12.272" durationms="126.826" />

<exclusive-start id="6133" timestamp="2019-08-08T00:01:12.350" intervalms="205.273">
  <response-info timems="15.539" idlems="14.261" threads="1" lastid="00000000020FEE00" lastname="Thread-33" />
</exclusive-start>
<af-start id="6134" threadId="00000000020CAC88" totalBytesRequested="24" timestamp="2019-08-08T00:01:12.350" intervalms="205.428" />
<cycle-start id="6135" type="global" contextid="0" timestamp="2019-08-08T00:01:12.350" intervalms="205.429" />
<gc-start id="6136" type="global" contextid="6135" timestamp="2019-08-08T00:01:12.350">
  <mem-info id="6137" free="1334272" total="133496832" percent="0">
    <mem type="tenure" free="1334272" total="133496832" percent="0">
      <mem type="soa" free="0" total="132162560" percent="0" />
      <mem type="loa" free="1334272" total="1334272" percent="100" />
    </mem>
  </mem-info>
</gc-start>
<allocation-stats totalBytes="105071400" >
  <allocated-bytes non-tlh="0" tlh="105071400" />
  <largest-consumer threadName="Thread-23" threadId="0000000002102A00" bytes="10844368" />
</allocation-stats>
<gc-op id="6138" type="mark" timems="18.750" contextid="6135" timestamp="2019-08-08T00:01:12.369">
  <trace-info objectcount="728199" scancount="646722" scanbytes="18809564" />
  <finalization candidates="151" enqueued="0" />
  <ownableSynchronizers candidates="22" cleared="0" />
  <references type="soft" candidates="1855" cleared="0" enqueued="0" dynamicThreshold="25" maxThreshold="32" />
  <references type="weak" candidates="6266" cleared="0" enqueued="0" />
  <references type="phantom" candidates="237" cleared="0" enqueued="0" />
  <stringconstants candidates="14617" cleared="0"  />
</gc-op>
<gc-op id="6139" type="sweep" timems="3.235" contextid="6135" timestamp="2019-08-08T00:01:12.373" />
<mem-info id="6140" free="105923520" total="133496832" percent="79">
  <mem type="tenure" free="105923520" total="133496832" percent="79" micro-fragmented="156070" macro-fragmented="0">
    <mem type="soa" free="104589248" total="132162560" percent="79" />
    <mem type="loa" free="1334272" total="1334272" percent="100" />
  </mem>
</mem-info>
<gc-op id="6141" type="compact" timems="34.545" contextid="6135" timestamp="2019-08-08T00:01:12.407">
  <compact-info movecount="100347" movebytes="4201376" reason="compact to aid heap contraction" />
</gc-op>
<heap-resize id="6142" type="expand" space="tenure" amount="327680" count="1" timems="0.027" reason="satisfy allocation request" timestamp="2019-08-08T00:01:12.501" />
<gc-end id="6143" type="global" contextid="6135" durationms="150.812" usertimems="126.095" systemtimems="58.429" timestamp="2019-08-08T00:01:12.501" activeThreads="16">
  <mem-info id="6144" free="106563320" total="133824512" percent="79">
    <mem type="tenure" free="106563320" total="133824512" percent="79">
      <mem type="soa" free="105225976" total="132487168" percent="79" />
      <mem type="loa" free="1337344" total="1337344" percent="100" />
    </mem>
  </mem-info>
</gc-end>
<cycle-end id="6145" type="global" contextid="6135" timestamp="2019-08-08T00:01:12.501" />
  <attribute name="elasticGC enabled" value="1" />
  <attribute name= "numThreadsSpecified" value="16" />
  <attribute name="heapSize specified" value="133496832" />
  <attribute name="Current GC Util" value="142" />
  <attribute name= "Current Time Running" value="191330" />
  <attribute name ="GC Interval" value="0" />
  <attribute name="Target GC Util Change" value ="80.000000" />
  <attribute name="Current GC Util Change" value="142.000000"/>
  <attribute name="Current Error" value="-420.000000" />
  <attribute name="Output H" value="133797608"/>
  <attribute name="Output I" value="200"/>
  <attribute name="Output T" value="16"/>
  <attribute name= "Current Time Running" value="191330" />
  <attribute name="GC Util currently" value="142" />
  <attribute name="CPU Util currently" value="33322992706" />
<allocation-satisfied id="6146" threadId="00000000020CA300" bytesRequested="24" />
<af-end id="6147" timestamp="2019-08-08T00:01:12.502" threadId="00000000020CAC88" success="true" />
<exclusive-end id="6148" timestamp="2019-08-08T00:01:12.502" durationms="151.590" />

<exclusive-start id="6149" timestamp="2019-08-08T00:01:12.611" intervalms="261.050">
  <response-info timems="5.975" idlems="5.975" threads="0" lastid="00000000020EBE00" lastname="Thread-26" />
</exclusive-start>
<af-start id="6150" threadId="00000000020EC788" totalBytesRequested="24" timestamp="2019-08-08T00:01:12.611" intervalms="260.914" />
<cycle-start id="6151" type="global" contextid="0" timestamp="2019-08-08T00:01:12.611" intervalms="260.993" />
<gc-start id="6152" type="global" contextid="6151" timestamp="2019-08-08T00:01:12.611">
  <mem-info id="6153" free="1337344" total="133824512" percent="0">
    <mem type="tenure" free="1337344" total="133824512" percent="0">
      <mem type="soa" free="0" total="132487168" percent="0" />
      <mem type="loa" free="1337344" total="1337344" percent="100" />
    </mem>
  </mem-info>
</gc-start>
<allocation-stats totalBytes="105279600" >
  <allocated-bytes non-tlh="0" tlh="105279600" />
  <largest-consumer threadName="Thread-23" threadId="0000000002102A00" bytes="9796584" />
</allocation-stats>
<gc-op id="6154" type="mark" timems="19.873" contextid="6151" timestamp="2019-08-08T00:01:12.631">
  <trace-info objectcount="729189" scancount="647677" scanbytes="18833356" />
  <finalization candidates="151" enqueued="0" />
  <ownableSynchronizers candidates="22" cleared="0" />
  <references type="soft" candidates="1855" cleared="0" enqueued="0" dynamicThreshold="25" maxThreshold="32" />
  <references type="weak" candidates="6266" cleared="0" enqueued="0" />
  <references type="phantom" candidates="237" cleared="0" enqueued="0" />
  <stringconstants candidates="14617" cleared="0"  />
</gc-op>
<gc-op id="6155" type="sweep" timems="2.819" contextid="6151" timestamp="2019-08-08T00:01:12.634" />
<mem-info id="6156" free="106306000" total="133824512" percent="79">
  <mem type="tenure" free="106306000" total="133824512" percent="79" micro-fragmented="167116" macro-fragmented="0">
    <mem type="soa" free="104968656" total="132487168" percent="79" />
    <mem type="loa" free="1337344" total="1337344" percent="100" />
  </mem>
</mem-info>
<gc-op id="6157" type="compact" timems="32.376" contextid="6151" timestamp="2019-08-08T00:01:12.667">
  <compact-info movecount="99221" movebytes="4174400" reason="compact to aid heap contraction" />
</gc-op>
<heap-resize id="6158" type="expand" space="tenure" amount="327680" count="1" timems="0.025" reason="satisfy allocation request" timestamp="2019-08-08T00:01:12.669" />
<gc-end id="6159" type="global" contextid="6151" durationms="57.580" usertimems="107.372" systemtimems="25.335" timestamp="2019-08-08T00:01:12.669" activeThreads="16">
  <mem-info id="6160" free="106867208" total="134152192" percent="79">
    <mem type="tenure" free="106867208" total="134152192" percent="79">
      <mem type="soa" free="105525768" total="132810752" percent="79" />
      <mem type="loa" free="1341440" total="1341440" percent="100" />
    </mem>
  </mem-info>
</gc-end>
<cycle-end id="6161" type="global" contextid="6151" timestamp="2019-08-08T00:01:12.669" />
  <attribute name="elasticGC enabled" value="1" />
  <attribute name= "numThreadsSpecified" value="16" />
  <attribute name="heapSize specified" value="133824512" />
  <attribute name="Current GC Util" value="71" />
  <attribute name= "Current Time Running" value="191590" />
  <attribute name ="GC Interval" value="0" />
  <attribute name="Target GC Util Change" value ="80.000000" />
  <attribute name="Current GC Util Change" value="71.000000"/>
  <attribute name="Current Error" value="9.000000" />
  <attribute name="Output H" value="134127272"/>
  <attribute name="Output I" value="2056"/>
  <attribute name="Output T" value="16"/>
  <attribute name= "Current Time Running" value="191590" />
  <attribute name="GC Util currently" value="71" />
  <attribute name="CPU Util currently" value="35182441868" />
<allocation-satisfied id="6162" threadId="00000000020EBE00" bytesRequested="24" />
<af-end id="6163" timestamp="2019-08-08T00:01:12.669" threadId="00000000020EC788" success="true" />
<exclusive-end id="6164" timestamp="2019-08-08T00:01:12.669" durationms="58.087" />

<exclusive-start id="6165" timestamp="2019-08-08T00:01:12.800" intervalms="188.743">
  <response-info timems="26.480" idlems="13.571" threads="2" lastid="00000000020D5600" lastname="Thread-21" />
</exclusive-start>
<af-start id="6166" threadId="00000000020CE888" totalBytesRequested="40" timestamp="2019-08-08T00:01:12.807" intervalms="195.867" />
<cycle-start id="6167" type="global" contextid="0" timestamp="2019-08-08T00:01:12.807" intervalms="195.793" />
<gc-start id="6168" type="global" contextid="6167" timestamp="2019-08-08T00:01:12.807">
  <mem-info id="6169" free="1341440" total="134152192" percent="0">
    <mem type="tenure" free="1341440" total="134152192" percent="0">
      <mem type="soa" free="0" total="132810752" percent="0" />
      <mem type="loa" free="1341440" total="1341440" percent="100" />
    </mem>
  </mem-info>
</gc-start>
<allocation-stats totalBytes="105581832" >
  <allocated-bytes non-tlh="0" tlh="105581832" />
  <largest-consumer threadName="Thread-33" threadId="00000000020FEE00" bytes="11107408" />
</allocation-stats>
<gc-op id="6170" type="mark" timems="83.972" contextid="6167" timestamp="2019-08-08T00:01:12.898">
  <trace-info objectcount="726452" scancount="644964" scanbytes="18767204" />
  <finalization candidates="151" enqueued="0" />
  <ownableSynchronizers candidates="22" cleared="0" />
  <references type="soft" candidates="1855" cleared="0" enqueued="0" dynamicThreshold="25" maxThreshold="32" />
  <references type="weak" candidates="6266" cleared="0" enqueued="0" />
  <references type="phantom" candidates="237" cleared="0" enqueued="0" />
  <stringconstants candidates="14617" cleared="0"  />
</gc-op>
<gc-op id="6171" type="sweep" timems="10.237" contextid="6167" timestamp="2019-08-08T00:01:12.908" />
<mem-info id="6172" free="106716600" total="134152192" percent="79">
  <mem type="tenure" free="106716600" total="134152192" percent="79" micro-fragmented="197818" macro-fragmented="0">
    <mem type="soa" free="105375160" total="132810752" percent="79" />
    <mem type="loa" free="1341440" total="1341440" percent="100" />
  </mem>
</mem-info>
<gc-op id="6173" type="compact" timems="100.343" contextid="6167" timestamp="2019-08-08T00:01:13.008">
  <compact-info movecount="113668" movebytes="4932688" reason="compact to aid heap contraction" />
</gc-op>
<heap-resize id="6174" type="expand" space="tenure" amount="327680" count="1" timems="0.027" reason="satisfy allocation request" timestamp="2019-08-08T00:01:13.018" />
<gc-end id="6175" type="global" contextid="6167" durationms="210.499" usertimems="172.633" systemtimems="104.096" timestamp="2019-08-08T00:01:13.018" activeThreads="16">
  <mem-info id="6176" free="107261040" total="134479872" percent="79">
    <mem type="tenure" free="107261040" total="134479872" percent="79">
      <mem type="soa" free="105916528" total="133135360" percent="79" />
      <mem type="loa" free="1344512" total="1344512" percent="100" />
    </mem>
  </mem-info>
</gc-end>
<cycle-end id="6177" type="global" contextid="6167" timestamp="2019-08-08T00:01:13.018" />
  <attribute name="elasticGC enabled" value="1" />
  <attribute name= "numThreadsSpecified" value="16" />
  <attribute name="heapSize specified" value="134152192" />
  <attribute name="Current GC Util" value="44" />
  <attribute name= "Current Time Running" value="191931" />
  <attribute name ="GC Interval" value="0" />
  <attribute name="Target GC Util Change" value ="80.000000" />
  <attribute name="Current GC Util Change" value="44.000000"/>
  <attribute name="Current Error" value="-55.000000" />
  <attribute name="Output H" value="134454656"/>
  <attribute name="Output I" value="1728"/>
  <attribute name="Output T" value="16"/>
  <attribute name= "Current Time Running" value="191931" />
  <attribute name="GC Util currently" value="44" />
  <attribute name="CPU Util currently" value="11481638267" />
<allocation-satisfied id="6178" threadId="00000000020CDF00" bytesRequested="40" />
<af-end id="6179" timestamp="2019-08-08T00:01:13.018" threadId="00000000020CE888" success="true" />
<exclusive-end id="6180" timestamp="2019-08-08T00:01:13.018" durationms="218.169" />

<exclusive-start id="6181" timestamp="2019-08-08T00:01:13.090" intervalms="290.330">
  <response-info timems="4.151" idlems="2.697" threads="3" lastid="00000000020EFA00" lastname="Thread-30" />
</exclusive-start>
<af-start id="6182" threadId="0000000002112288" totalBytesRequested="40" timestamp="2019-08-08T00:01:13.090" intervalms="283.080" />
<cycle-start id="6183" type="global" contextid="0" timestamp="2019-08-08T00:01:13.090" intervalms="283.069" />
<gc-start id="6184" type="global" contextid="6183" timestamp="2019-08-08T00:01:13.090">
  <mem-info id="6185" free="1344512" total="134479872" percent="0">
    <mem type="tenure" free="1344512" total="134479872" percent="0">
      <mem type="soa" free="0" total="133135360" percent="0" />
      <mem type="loa" free="1344512" total="1344512" percent="100" />
    </mem>
  </mem-info>
</gc-start>
<allocation-stats totalBytes="105969296" >
  <allocated-bytes non-tlh="0" tlh="105969296" />
  <largest-consumer threadName="Thread-21" threadId="00000000020D5600" bytes="11504960" />
</allocation-stats>
<gc-op id="6186" type="mark" timems="25.354" contextid="6183" timestamp="2019-08-08T00:01:13.116">
  <trace-info objectcount="726866" scancount="645381" scanbytes="18777268" />
  <finalization candidates="151" enqueued="0" />
  <ownableSynchronizers candidates="22" cleared="0" />
  <references type="soft" candidates="1855" cleared="0" enqueued="0" dynamicThreshold="25" maxThreshold="32" />
  <references type="weak" candidates="6266" cleared="0" enqueued="0" />
  <references type="phantom" candidates="237" cleared="0" enqueued="0" />
  <stringconstants candidates="14617" cleared="0"  />
</gc-op>
<gc-op id="6187" type="sweep" timems="2.941" contextid="6183" timestamp="2019-08-08T00:01:13.119" />
<mem-info id="6188" free="107106160" total="134479872" percent="79">
  <mem type="tenure" free="107106160" total="134479872" percent="79" micro-fragmented="130847" macro-fragmented="0">
    <mem type="soa" free="105761648" total="133135360" percent="79" />
    <mem type="loa" free="1344512" total="1344512" percent="100" />
  </mem>
</mem-info>
<gc-op id="6189" type="compact" timems="113.691" contextid="6183" timestamp="2019-08-08T00:01:13.233">
  <compact-info movecount="115309" movebytes="5668584" reason="compact to aid heap contraction" />
</gc-op>
<heap-resize id="6190" type="expand" space="tenure" amount="327680" count="1" timems="0.025" reason="satisfy allocation request" timestamp="2019-08-08T00:01:13.235" />
<gc-end id="6191" type="global" contextid="6183" durationms="144.468" usertimems="137.082" systemtimems="57.049" timestamp="2019-08-08T00:01:13.235" activeThreads="16">
  <mem-info id="6192" free="107578656" total="134807552" percent="79">
    <mem type="tenure" free="107578656" total="134807552" percent="79">
      <mem type="soa" free="106231072" total="133459968" percent="79" />
      <mem type="loa" free="1347584" total="1347584" percent="100" />
    </mem>
  </mem-info>
</gc-end>
<cycle-end id="6193" type="global" contextid="6183" timestamp="2019-08-08T00:01:13.235" />
  <attribute name="elasticGC enabled" value="1" />
  <attribute name= "numThreadsSpecified" value="16" />
  <attribute name="heapSize specified" value="134479872" />
  <attribute name="Current GC Util" value="24" />
  <attribute name= "Current Time Running" value="192156" />
  <attribute name ="GC Interval" value="0" />
  <attribute name="Target GC Util Change" value ="80.000000" />
  <attribute name="Current GC Util Change" value="24.000000"/>
  <attribute name="Current Error" value="-225.000000" />
  <attribute name="Output H" value="134781552"/>
  <attribute name="Output I" value="840"/>
  <attribute name="Output T" value="16"/>
  <attribute name= "Current Time Running" value="192156" />
  <attribute name="GC Util currently" value="24" />
  <attribute name="CPU Util currently" value="10120231272" />
<allocation-satisfied id="6194" threadId="0000000002111900" bytesRequested="40" />
<af-end id="6195" timestamp="2019-08-08T00:01:13.235" threadId="0000000002112288" success="true" />
<exclusive-end id="6196" timestamp="2019-08-08T00:01:13.235" durationms="145.306" />

<exclusive-start id="6197" timestamp="2019-08-08T00:01:13.307" intervalms="217.113">
  <response-info timems="1.300" idlems="1.300" threads="0" lastid="00000000020D9200" lastname="Thread-31" />
</exclusive-start>
<af-start id="6198" threadId="00000000020D9B88" totalBytesRequested="40" timestamp="2019-08-08T00:01:13.307" intervalms="217.057" />
<cycle-start id="6199" type="global" contextid="0" timestamp="2019-08-08T00:01:13.307" intervalms="217.048" />
<gc-start id="6200" type="global" contextid="6199" timestamp="2019-08-08T00:01:13.307">
  <mem-info id="6201" free="1347584" total="134807552" percent="0">
    <mem type="tenure" free="1347584" total="134807552" percent="0">
      <mem type="soa" free="0" total="133459968" percent="0" />
      <mem type="loa" free="1347584" total="1347584" percent="100" />
    </mem>
  </mem-info>
</gc-start>
<allocation-stats totalBytes="106292592" >
  <allocated-bytes non-tlh="0" tlh="106292592" />
  <largest-consumer threadName="Thread-26" threadId="00000000020EBE00" bytes="13113696" />
</allocation-stats>
<gc-op id="6202" type="mark" timems="14.508" contextid="6199" timestamp="2019-08-08T00:01:13.322">
  <trace-info objectcount="724252" scancount="642765" scanbytes="18714516" />
  <finalization candidates="151" enqueued="0" />
  <ownableSynchronizers candidates="22" cleared="0" />
  <references type="soft" candidates="1855" cleared="0" enqueued="0" dynamicThreshold="25" maxThreshold="32" />
  <references type="weak" candidates="6266" cleared="0" enqueued="0" />
  <references type="phantom" candidates="237" cleared="0" enqueued="0" />
  <stringconstants candidates="14617" cleared="0"  />
</gc-op>
<gc-op id="6203" type="sweep" timems="3.129" contextid="6199" timestamp="2019-08-08T00:01:13.325" />
<mem-info id="6204" free="107487776" total="134807552" percent="79">
  <mem type="tenure" free="107487776" total="134807552" percent="79" micro-fragmented="148662" macro-fragmented="0">
    <mem type="soa" free="106140192" total="133459968" percent="79" />
    <mem type="loa" free="1347584" total="1347584" percent="100" />
  </mem>
</mem-info>
<gc-op id="6205" type="compact" timems="127.397" contextid="6199" timestamp="2019-08-08T00:01:13.453">
  <compact-info movecount="112396" movebytes="5598656" reason="compact to aid heap contraction" />
</gc-op>
<heap-resize id="6206" type="expand" space="tenure" amount="327680" count="1" timems="0.022" reason="satisfy allocation request" timestamp="2019-08-08T00:01:13.456" />
<gc-end id="6207" type="global" contextid="6199" durationms="148.775" usertimems="145.525" systemtimems="16.921" timestamp="2019-08-08T00:01:13.456" activeThreads="16">
  <mem-info id="6208" free="107969088" total="135135232" percent="79">
    <mem type="tenure" free="107969088" total="135135232" percent="79">
      <mem type="soa" free="106618432" total="133784576" percent="79" />
      <mem type="loa" free="1350656" total="1350656" percent="100" />
    </mem>
  </mem-info>
</gc-end>
<cycle-end id="6209" type="global" contextid="6199" timestamp="2019-08-08T00:01:13.456" />
  <attribute name="elasticGC enabled" value="1" />
  <attribute name= "numThreadsSpecified" value="16" />
  <attribute name="heapSize specified" value="134807552" />
  <attribute name="Current GC Util" value="33" />
  <attribute name= "Current Time Running" value="192377" />
  <attribute name ="GC Interval" value="0" />
  <attribute name="Target GC Util Change" value ="80.000000" />
  <attribute name="Current GC Util Change" value="33.000000"/>
  <attribute name="Current Error" value="47.000000" />
  <attribute name="Output H" value="135110488"/>
  <attribute name="Output I" value="2256"/>
  <attribute name="Output T" value="16"/>
  <attribute name= "Current Time Running" value="192377" />
  <attribute name="GC Util currently" value="33" />
  <attribute name="CPU Util currently" value="8946610893" />
<allocation-satisfied id="6210" threadId="00000000020D9200" bytesRequested="40" />
<af-end id="6211" timestamp="2019-08-08T00:01:13.456" threadId="00000000020D9B88" success="true" />
<exclusive-end id="6212" timestamp="2019-08-08T00:01:13.456" durationms="149.082" />

<exclusive-start id="6213" timestamp="2019-08-08T00:01:13.520" intervalms="213.234">
  <response-info timems="5.245" idlems="1.347" threads="3" lastid="00000000020D5600" lastname="Thread-21" />
</exclusive-start>
<af-start id="6214" threadId="0000000002106E88" totalBytesRequested="40" timestamp="2019-08-08T00:01:13.521" intervalms="213.256" />
<cycle-start id="6215" type="global" contextid="0" timestamp="2019-08-08T00:01:13.521" intervalms="213.264" />
<gc-start id="6216" type="global" contextid="6215" timestamp="2019-08-08T00:01:13.521">
  <mem-info id="6217" free="1350656" total="135135232" percent="0">
    <mem type="tenure" free="1350656" total="135135232" percent="0">
      <mem type="soa" free="0" total="133784576" percent="0" />
      <mem type="loa" free="1350656" total="1350656" percent="100" />
    </mem>
  </mem-info>
</gc-start>
<allocation-stats totalBytes="106670560" >
  <allocated-bytes non-tlh="0" tlh="106670560" />
  <largest-consumer threadName="Thread-25" threadId="0000000002111900" bytes="11762536" />
</allocation-stats>
<gc-op id="6218" type="mark" timems="14.423" contextid="6215" timestamp="2019-08-08T00:01:13.535">
  <trace-info objectcount="729125" scancount="647610" scanbytes="18830292" />
  <finalization candidates="151" enqueued="0" />
  <ownableSynchronizers candidates="22" cleared="0" />
  <references type="soft" candidates="1855" cleared="0" enqueued="0" dynamicThreshold="25" maxThreshold="32" />
  <references type="weak" candidates="6266" cleared="0" enqueued="0" />
  <references type="phantom" candidates="237" cleared="0" enqueued="0" />
  <stringconstants candidates="14617" cleared="0"  />
</gc-op>
<gc-op id="6219" type="sweep" timems="1.937" contextid="6215" timestamp="2019-08-08T00:01:13.537" />
<mem-info id="6220" free="107703400" total="135135232" percent="79">
  <mem type="tenure" free="107703400" total="135135232" percent="79" micro-fragmented="116819" macro-fragmented="0">
    <mem type="soa" free="106352744" total="133784576" percent="79" />
    <mem type="loa" free="1350656" total="1350656" percent="100" />
  </mem>
</mem-info>
<gc-op id="6221" type="compact" timems="39.454" contextid="6215" timestamp="2019-08-08T00:01:13.577">
  <compact-info movecount="122698" movebytes="5982088" reason="compact to aid heap contraction" />
</gc-op>
<heap-resize id="6222" type="expand" space="tenure" amount="327680" count="1" timems="0.028" reason="satisfy allocation request" timestamp="2019-08-08T00:01:13.642" />
<gc-end id="6223" type="global" contextid="6215" durationms="130.011" usertimems="133.158" systemtimems="27.431" timestamp="2019-08-08T00:01:13.651" activeThreads="16">
  <mem-info id="6224" free="108180992" total="135462912" percent="79">
    <mem type="tenure" free="108180992" total="135462912" percent="79">
      <mem type="soa" free="106827264" total="134109184" percent="79" />
      <mem type="loa" free="1353728" total="1353728" percent="100" />
    </mem>
  </mem-info>
</gc-end>
<cycle-end id="6225" type="global" contextid="6215" timestamp="2019-08-08T00:01:13.652" />
  <attribute name="elasticGC enabled" value="1" />
  <attribute name= "numThreadsSpecified" value="16" />
  <attribute name="heapSize specified" value="135135232" />
  <attribute name="Current GC Util" value="57" />
  <attribute name= "Current Time Running" value="192514" />
  <attribute name ="GC Interval" value="0" />
  <attribute name="Target GC Util Change" value ="80.000000" />
  <attribute name="Current GC Util Change" value="57.000000"/>
  <attribute name="Current Error" value="-481.000000" />
  <attribute name="Output H" value="135435728"/>
  <attribute name="Output I" value="200"/>
  <attribute name="Output T" value="16"/>
  <attribute name= "Current Time Running" value="192514" />
  <attribute name="GC Util currently" value="57" />
  <attribute name="CPU Util currently" value="21334658151" />
<allocation-satisfied id="6226" threadId="0000000002106500" bytesRequested="40" />
<af-end id="6227" timestamp="2019-08-08T00:01:13.652" threadId="0000000002106E88" success="true" />
<exclusive-end id="6228" timestamp="2019-08-08T00:01:13.652" durationms="131.118" />

<exclusive-start id="6229" timestamp="2019-08-08T00:01:13.777" intervalms="256.587">
  <response-info timems="6.579" idlems="6.579" threads="0" lastid="00000000020EFA00" lastname="Thread-30" />
</exclusive-start>
<af-start id="6230" threadId="00000000020F0388" totalBytesRequested="24" timestamp="2019-08-08T00:01:13.777" intervalms="256.602" />
<cycle-start id="6231" type="global" contextid="0" timestamp="2019-08-08T00:01:13.777" intervalms="256.631" />
<gc-start id="6232" type="global" contextid="6231" timestamp="2019-08-08T00:01:13.777">
  <mem-info id="6233" free="1353728" total="135462912" percent="0">
    <mem type="tenure" free="1353728" total="135462912" percent="0">
      <mem type="soa" free="0" total="134109184" percent="0" />
      <mem type="loa" free="1353728" total="1353728" percent="100" />
    </mem>
  </mem-info>
</gc-start>
<allocation-stats totalBytes="106874488" >
  <allocated-bytes non-tlh="0" tlh="106874488" />
  <largest-consumer threadName="Thread-30" threadId="00000000020EFA00" bytes="10844464" />
</allocation-stats>
<gc-op id="6234" type="mark" timems="20.262" contextid="6231" timestamp="2019-08-08T00:01:13.798">
  <trace-info objectcount="721534" scancount="640043" scanbytes="18648764" />
  <finalization candidates="151" enqueued="0" />
  <ownableSynchronizers candidates="22" cleared="0" />
  <references type="soft" candidates="1855" cleared="0" enqueued="0" dynamicThreshold="25" maxThreshold="32" />
  <references type="weak" candidates="6266" cleared="0" enqueued="0" />
  <references type="phantom" candidates="237" cleared="0" enqueued="0" />
  <stringconstants candidates="14617" cleared="0"  />
</gc-op>
<gc-op id="6235" type="sweep" timems="3.888" contextid="6231" timestamp="2019-08-08T00:01:13.802" />
<mem-info id="6236" free="108226192" total="135462912" percent="79">
  <mem type="tenure" free="108226192" total="135462912" percent="79" micro-fragmented="139817" macro-fragmented="0">
    <mem type="soa" free="106872464" total="134109184" percent="79" />
    <mem type="loa" free="1353728" total="1353728" percent="100" />
  </mem>
</mem-info>
<gc-op id="6237" type="compact" timems="29.960" contextid="6231" timestamp="2019-08-08T00:01:13.832">
  <compact-info movecount="104679" movebytes="5275552" reason="compact to aid heap contraction" />
</gc-op>
<heap-resize id="6238" type="expand" space="tenure" amount="327680" count="1" timems="0.019" reason="satisfy allocation request" timestamp="2019-08-08T00:01:13.832" />
<gc-end id="6239" type="global" contextid="6231" durationms="54.966" usertimems="93.421" systemtimems="39.963" timestamp="2019-08-08T00:01:13.832" activeThreads="16">
  <mem-info id="6240" free="108690200" total="135790592" percent="80">
    <mem type="tenure" free="108690200" total="135790592" percent="80">
      <mem type="soa" free="107332376" total="134432768" percent="79" />
      <mem type="loa" free="1357824" total="1357824" percent="100" />
    </mem>
  </mem-info>
</gc-end>
<cycle-end id="6241" type="global" contextid="6231" timestamp="2019-08-08T00:01:13.832" />
  <attribute name="elasticGC enabled" value="1" />
  <attribute name= "numThreadsSpecified" value="16" />
  <attribute name="heapSize specified" value="135462912" />
  <attribute name="Current GC Util" value="95" />
  <attribute name= "Current Time Running" value="192755" />
  <attribute name ="GC Interval" value="0" />
  <attribute name="Target GC Util Change" value ="80.000000" />
  <attribute name="Current GC Util Change" value="95.000000"/>
  <attribute name="Current Error" value="-324.000000" />
  <attribute name="Output H" value="135764128"/>
  <attribute name="Output I" value="328"/>
  <attribute name="Output T" value="16"/>
  <attribute name= "Current Time Running" value="192755" />
  <attribute name="GC Util currently" value="95" />
  <attribute name="CPU Util currently" value="38382242379" />
<allocation-satisfied id="6242" threadId="00000000020EFA00" bytesRequested="24" />
<af-end id="6243" timestamp="2019-08-08T00:01:13.832" threadId="00000000020F0388" success="true" />
<exclusive-end id="6244" timestamp="2019-08-08T00:01:13.832" durationms="55.397" />

<exclusive-start id="6245" timestamp="2019-08-08T00:01:13.918" intervalms="140.541">
  <response-info timems="4.158" idlems="4.158" threads="0" lastid="00000000020CA300" lastname="Thread-29" />
</exclusive-start>
<af-start id="6246" threadId="00000000020CAC88" totalBytesRequested="24" timestamp="2019-08-08T00:01:13.918" intervalms="141.015" />
<cycle-start id="6247" type="global" contextid="0" timestamp="2019-08-08T00:01:13.918" intervalms="140.995" />
<gc-start id="6248" type="global" contextid="6247" timestamp="2019-08-08T00:01:13.918">
  <mem-info id="6249" free="1357824" total="135790592" percent="0">
    <mem type="tenure" free="1357824" total="135790592" percent="0">
      <mem type="soa" free="0" total="134432768" percent="0" />
      <mem type="loa" free="1357824" total="1357824" percent="100" />
    </mem>
  </mem-info>
</gc-start>
<allocation-stats totalBytes="107384768" >
  <allocated-bytes non-tlh="0" tlh="107384768" />
  <largest-consumer threadName="Thread-32" threadId="00000000020FE200" bytes="11893536" />
</allocation-stats>
<gc-op id="6250" type="mark" timems="91.524" contextid="6247" timestamp="2019-08-08T00:01:14.010">
  <trace-info objectcount="721505" scancount="640042" scanbytes="18514728" />
  <finalization candidates="151" enqueued="0" />
  <ownableSynchronizers candidates="22" cleared="0" />
  <references type="soft" candidates="1855" cleared="0" enqueued="0" dynamicThreshold="25" maxThreshold="32" />
  <references type="weak" candidates="6266" cleared="0" enqueued="0" />
  <references type="phantom" candidates="237" cleared="0" enqueued="0" />
  <stringconstants candidates="14617" cleared="0"  />
</gc-op>
<gc-op id="6251" type="sweep" timems="2.611" contextid="6247" timestamp="2019-08-08T00:01:14.012" />
<mem-info id="6252" free="108717416" total="135790592" percent="80">
  <mem type="tenure" free="108717416" total="135790592" percent="80" micro-fragmented="92941" macro-fragmented="0">
    <mem type="soa" free="107359592" total="134432768" percent="79" />
    <mem type="loa" free="1357824" total="1357824" percent="100" />
  </mem>
</mem-info>
<gc-op id="6253" type="compact" timems="31.285" contextid="6247" timestamp="2019-08-08T00:01:14.044">
  <compact-info movecount="108707" movebytes="4680024" reason="compact to aid heap contraction" />
</gc-op>
<heap-resize id="6254" type="expand" space="tenure" amount="327680" count="1" timems="0.019" reason="satisfy allocation request" timestamp="2019-08-08T00:01:14.045" />
<gc-end id="6255" type="global" contextid="6247" durationms="127.115" usertimems="153.211" systemtimems="62.196" timestamp="2019-08-08T00:01:14.045" activeThreads="16">
  <mem-info id="6256" free="109151872" total="136118272" percent="80">
    <mem type="tenure" free="109151872" total="136118272" percent="80">
      <mem type="soa" free="107790976" total="134757376" percent="79" />
      <mem type="loa" free="1360896" total="1360896" percent="100" />
    </mem>
  </mem-info>
</gc-end>
<cycle-end id="6257" type="global" contextid="6247" timestamp="2019-08-08T00:01:14.045" />
  <attribute name="elasticGC enabled" value="1" />
  <attribute name= "numThreadsSpecified" value="16" />
  <attribute name="heapSize specified" value="135790592" />
  <attribute name="Current GC Util" value="70" />
  <attribute name= "Current Time Running" value="192967" />
  <attribute name ="GC Interval" value="0" />
  <attribute name="Target GC Util Change" value ="80.000000" />
  <attribute name="Current GC Util Change" value="70.000000"/>
  <attribute name="Current Error" value="10.000000" />
  <attribute name="Output H" value="136093352"/>
  <attribute name="Output I" value="2064"/>
  <attribute name="Output T" value="16"/>
  <attribute name= "Current Time Running" value="192967" />
  <attribute name="GC Util currently" value="70" />
  <attribute name="CPU Util currently" value="36788305885" />
<allocation-satisfied id="6258" threadId="00000000020CA300" bytesRequested="24" />
<af-end id="6259" timestamp="2019-08-08T00:01:14.046" threadId="00000000020CAC88" success="true" />
<exclusive-end id="6260" timestamp="2019-08-08T00:01:14.046" durationms="127.900" />

<exclusive-start id="6261" timestamp="2019-08-08T00:01:14.131" intervalms="213.798">
  <response-info timems="4.959" idlems="4.959" threads="0" lastid="0000000002115500" lastname="Thread-22" />
</exclusive-start>
<af-start id="6262" threadId="0000000002115E88" totalBytesRequested="40" timestamp="2019-08-08T00:01:14.131" intervalms="213.295" />
<cycle-start id="6263" type="global" contextid="0" timestamp="2019-08-08T00:01:14.132" intervalms="213.279" />
<gc-start id="6264" type="global" contextid="6263" timestamp="2019-08-08T00:01:14.132">
  <mem-info id="6265" free="1360896" total="136118272" percent="0">
    <mem type="tenure" free="1360896" total="136118272" percent="0">
      <mem type="soa" free="0" total="134757376" percent="0" />
      <mem type="loa" free="1360896" total="1360896" percent="100" />
    </mem>
  </mem-info>
</gc-start>
<allocation-stats totalBytes="107840840" >
  <allocated-bytes non-tlh="0" tlh="107840840" />
  <largest-consumer threadName="Thread-34" threadId="00000000020D1B00" bytes="12286304" />
</allocation-stats>
<gc-op id="6266" type="mark" timems="16.294" contextid="6263" timestamp="2019-08-08T00:01:14.148">
  <trace-info objectcount="725889" scancount="644388" scanbytes="18752052" />
  <finalization candidates="151" enqueued="0" />
  <ownableSynchronizers candidates="22" cleared="0" />
  <references type="soft" candidates="1855" cleared="0" enqueued="0" dynamicThreshold="25" maxThreshold="32" />
  <references type="weak" candidates="6266" cleared="0" enqueued="0" />
  <references type="phantom" candidates="237" cleared="0" enqueued="0" />
  <stringconstants candidates="14617" cleared="0"  />
</gc-op>
<gc-op id="6267" type="sweep" timems="13.746" contextid="6263" timestamp="2019-08-08T00:01:14.162" />
<mem-info id="6268" free="108682688" total="136118272" percent="79">
  <mem type="tenure" free="108682688" total="136118272" percent="79" micro-fragmented="225371" macro-fragmented="0">
    <mem type="soa" free="107321792" total="134757376" percent="79" />
    <mem type="loa" free="1360896" total="1360896" percent="100" />
  </mem>
</mem-info>
<gc-op id="6269" type="compact" timems="62.255" contextid="6263" timestamp="2019-08-08T00:01:14.232">
  <compact-info movecount="64360" movebytes="2786128" reason="compact to aid heap contraction" />
</gc-op>
<heap-resize id="6270" type="expand" space="tenure" amount="327680" count="1" timems="0.021" reason="satisfy allocation request" timestamp="2019-08-08T00:01:14.232" />
<gc-end id="6271" type="global" contextid="6263" durationms="100.709" usertimems="108.231" systemtimems="16.896" timestamp="2019-08-08T00:01:14.232" activeThreads="16">
  <mem-info id="6272" free="109242272" total="136445952" percent="80">
    <mem type="tenure" free="109242272" total="136445952" percent="80">
      <mem type="soa" free="107878304" total="135081984" percent="79" />
      <mem type="loa" free="1363968" total="1363968" percent="100" />
    </mem>
  </mem-info>
</gc-end>
<cycle-end id="6273" type="global" contextid="6263" timestamp="2019-08-08T00:01:14.232" />
  <attribute name="elasticGC enabled" value="1" />
  <attribute name= "numThreadsSpecified" value="16" />
  <attribute name="heapSize specified" value="136118272" />
  <attribute name="Current GC Util" value="35" />
  <attribute name= "Current Time Running" value="193155" />
  <attribute name ="GC Interval" value="0" />
  <attribute name="Target GC Util Change" value ="80.000000" />
  <attribute name="Current GC Util Change" value="35.000000"/>
  <attribute name="Current Error" value="-49.000000" />
  <attribute name="Output H" value="136420760"/>
  <attribute name="Output I" value="1760"/>
  <attribute name="Output T" value="16"/>
  <attribute name= "Current Time Running" value="193155" />
  <attribute name="GC Util currently" value="35" />
  <attribute name="CPU Util currently" value="18575566980" />
<allocation-satisfied id="6274" threadId="0000000002115500" bytesRequested="40" />
<af-end id="6275" timestamp="2019-08-08T00:01:14.232" threadId="0000000002115E88" success="true" />
<exclusive-end id="6276" timestamp="2019-08-08T00:01:14.232" durationms="100.921" />

<exclusive-start id="6277" timestamp="2019-08-08T00:01:14.309" intervalms="177.458">
  <response-info timems="5.136" idlems="3.211" threads="6" lastid="00000000020D5600" lastname="Thread-21" />
</exclusive-start>
<af-start id="6278" threadId="0000000002103388" totalBytesRequested="40" timestamp="2019-08-08T00:01:14.309" intervalms="177.460" />
<cycle-start id="6279" type="global" contextid="0" timestamp="2019-08-08T00:01:14.309" intervalms="177.467" />
<gc-start id="6280" type="global" contextid="6279" timestamp="2019-08-08T00:01:14.309">
  <mem-info id="6281" free="1363968" total="136445952" percent="0">
    <mem type="tenure" free="1363968" total="136445952" percent="0">
      <mem type="soa" free="0" total="135081984" percent="0" />
      <mem type="loa" free="1363968" total="1363968" percent="100" />
    </mem>
  </mem-info>
</gc-start>
<allocation-stats totalBytes="107935912" >
  <allocated-bytes non-tlh="0" tlh="107935912" />
  <largest-consumer threadName="Thread-30" threadId="00000000020EFA00" bytes="12287016" />
</allocation-stats>
<gc-op id="6282" type="mark" timems="139.576" contextid="6279" timestamp="2019-08-08T00:01:14.449">
  <trace-info objectcount="737137" scancount="655665" scanbytes="19022268" />
  <finalization candidates="151" enqueued="0" />
  <ownableSynchronizers candidates="22" cleared="0" />
  <references type="soft" candidates="1855" cleared="0" enqueued="0" dynamicThreshold="25" maxThreshold="32" />
  <references type="weak" candidates="6266" cleared="0" enqueued="0" />
  <references type="phantom" candidates="237" cleared="0" enqueued="0" />
  <stringconstants candidates="14617" cleared="0"  />
</gc-op>
<gc-op id="6283" type="sweep" timems="4.480" contextid="6279" timestamp="2019-08-08T00:01:14.453" />
<mem-info id="6284" free="108382072" total="136445952" percent="79">
  <mem type="tenure" free="108382072" total="136445952" percent="79" micro-fragmented="341882" macro-fragmented="0">
    <mem type="soa" free="107018104" total="135081984" percent="79" />
    <mem type="loa" free="1363968" total="1363968" percent="100" />
  </mem>
</mem-info>
<gc-op id="6285" type="compact" timems="39.433" contextid="6279" timestamp="2019-08-08T00:01:14.493">
  <compact-info movecount="69348" movebytes="2768728" reason="compact to aid heap contraction" />
</gc-op>
<heap-resize id="6286" type="expand" space="tenure" amount="327680" count="1" timems="0.022" reason="satisfy allocation request" timestamp="2019-08-08T00:01:14.495" />
<gc-end id="6287" type="global" contextid="6279" durationms="185.644" usertimems="200.228" systemtimems="95.004" timestamp="2019-08-08T00:01:14.495" activeThreads="16">
  <mem-info id="6288" free="109299736" total="136773632" percent="79">
    <mem type="tenure" free="109299736" total="136773632" percent="79">
      <mem type="soa" free="107932696" total="135406592" percent="79" />
      <mem type="loa" free="1367040" total="1367040" percent="100" />
    </mem>
  </mem-info>
</gc-end>
<cycle-end id="6289" type="global" contextid="6279" timestamp="2019-08-08T00:01:14.495" />
  <attribute name="elasticGC enabled" value="1" />
  <attribute name= "numThreadsSpecified" value="16" />
  <attribute name="heapSize specified" value="136445952" />
  <attribute name="Current GC Util" value="60" />
  <attribute name= "Current Time Running" value="193416" />
  <attribute name ="GC Interval" value="0" />
  <attribute name="Target GC Util Change" value ="80.000000" />
  <attribute name="Current GC Util Change" value="60.000000"/>
  <attribute name="Current Error" value="-97.000000" />
  <attribute name="Output H" value="136748216"/>
  <attribute name="Output I" value="1504"/>
  <attribute name="Output T" value="16"/>
  <attribute name= "Current Time Running" value="193416" />
  <attribute name="GC Util currently" value="60" />
  <attribute name="CPU Util currently" value="29196024210" />
<allocation-satisfied id="6290" threadId="0000000002102A00" bytesRequested="40" />
<af-end id="6291" timestamp="2019-08-08T00:01:14.495" threadId="0000000002103388" success="true" />
<exclusive-end id="6292" timestamp="2019-08-08T00:01:14.495" durationms="185.988" />

<exclusive-start id="6293" timestamp="2019-08-08T00:01:14.677" intervalms="367.653">
  <response-info timems="7.152" idlems="7.152" threads="0" lastid="00000000020FE200" lastname="Thread-32" />
</exclusive-start>
<af-start id="6294" threadId="00000000020FEB88" totalBytesRequested="40" timestamp="2019-08-08T00:01:14.677" intervalms="367.711" />
<cycle-start id="6295" type="global" contextid="0" timestamp="2019-08-08T00:01:14.677" intervalms="367.715" />
<gc-start id="6296" type="global" contextid="6295" timestamp="2019-08-08T00:01:14.677">
  <mem-info id="6297" free="1367040" total="136773632" percent="0">
    <mem type="tenure" free="1367040" total="136773632" percent="0">
      <mem type="soa" free="0" total="135406592" percent="0" />
      <mem type="loa" free="1367040" total="1367040" percent="100" />
    </mem>
  </mem-info>
</gc-start>
<allocation-stats totalBytes="107981984" >
  <allocated-bytes non-tlh="0" tlh="107981984" />
  <largest-consumer threadName="Thread-32" threadId="00000000020FE200" bytes="13858800" />
</allocation-stats>
<gc-op id="6298" type="mark" timems="17.379" contextid="6295" timestamp="2019-08-08T00:01:14.694">
  <trace-info objectcount="731460" scancount="649970" scanbytes="18885820" />
  <finalization candidates="151" enqueued="0" />
  <ownableSynchronizers candidates="22" cleared="0" />
  <references type="soft" candidates="1855" cleared="0" enqueued="0" dynamicThreshold="25" maxThreshold="32" />
  <references type="weak" candidates="6266" cleared="0" enqueued="0" />
  <references type="phantom" candidates="237" cleared="0" enqueued="0" />
  <stringconstants candidates="14617" cleared="0"  />
</gc-op>
<gc-op id="6299" type="sweep" timems="5.096" contextid="6295" timestamp="2019-08-08T00:01:14.699" />
<mem-info id="6300" free="108914208" total="136773632" percent="79">
  <mem type="tenure" free="108914208" total="136773632" percent="79" micro-fragmented="245104" macro-fragmented="0">
    <mem type="soa" free="107547168" total="135406592" percent="79" />
    <mem type="loa" free="1367040" total="1367040" percent="100" />
  </mem>
</mem-info>
<gc-op id="6301" type="compact" timems="34.230" contextid="6295" timestamp="2019-08-08T00:01:14.734">
  <compact-info movecount="98809" movebytes="4162472" reason="compact to aid heap contraction" />
</gc-op>
<heap-resize id="6302" type="expand" space="tenure" amount="327680" count="1" timems="0.014" reason="satisfy allocation request" timestamp="2019-08-08T00:01:14.735" />
<gc-end id="6303" type="global" contextid="6295" durationms="57.796" usertimems="102.625" systemtimems="20.331" timestamp="2019-08-08T00:01:14.735" activeThreads="16">
  <mem-info id="6304" free="109763864" total="137101312" percent="80">
    <mem type="tenure" free="109763864" total="137101312" percent="80">
      <mem type="soa" free="108393752" total="135731200" percent="79" />
      <mem type="loa" free="1370112" total="1370112" percent="100" />
    </mem>
  </mem-info>
</gc-end>
<cycle-end id="6305" type="global" contextid="6295" timestamp="2019-08-08T00:01:14.735" />
  <attribute name="elasticGC enabled" value="1" />
  <attribute name= "numThreadsSpecified" value="16" />
  <attribute name="heapSize specified" value="136773632" />
  <attribute name="Current GC Util" value="78" />
  <attribute name= "Current Time Running" value="193657" />
  <attribute name ="GC Interval" value="0" />
  <attribute name="Target GC Util Change" value ="80.000000" />
  <attribute name="Current GC Util Change" value="78.000000"/>
  <attribute name="Current Error" value="2.000000" />
  <attribute name="Output H" value="137076360"/>
  <attribute name="Output I" value="2024"/>
  <attribute name="Output T" value="16"/>
  <attribute name= "Current Time Running" value="193657" />
  <attribute name="GC Util currently" value="78" />
  <attribute name="CPU Util currently" value="33604160758" />
<allocation-satisfied id="6306" threadId="00000000020FE200" bytesRequested="40" />
<af-end id="6307" timestamp="2019-08-08T00:01:14.735" threadId="00000000020FEB88" success="true" />
<exclusive-end id="6308" timestamp="2019-08-08T00:01:14.735" durationms="58.172" />

<exclusive-start id="6309" timestamp="2019-08-08T00:01:14.870" intervalms="193.903">
  <response-info timems="11.382" idlems="5.972" threads="1" lastid="00000000020EFA00" lastname="Thread-30" />
</exclusive-start>
<af-start id="6310" threadId="00000000020CE888" totalBytesRequested="40" timestamp="2019-08-08T00:01:14.878" intervalms="201.193" />
<cycle-start id="6311" type="global" contextid="0" timestamp="2019-08-08T00:01:14.878" intervalms="201.201" />
<gc-start id="6312" type="global" contextid="6311" timestamp="2019-08-08T00:01:14.878">
  <mem-info id="6313" free="1370112" total="137101312" percent="0">
    <mem type="tenure" free="1370112" total="137101312" percent="0">
      <mem type="soa" free="0" total="135731200" percent="0" />
      <mem type="loa" free="1370112" total="1370112" percent="100" />
    </mem>
  </mem-info>
</gc-start>
<allocation-stats totalBytes="108447208" >
  <allocated-bytes non-tlh="0" tlh="108447208" />
  <largest-consumer threadName="Thread-32" threadId="00000000020FE200" bytes="12643208" />
</allocation-stats>
<gc-op id="6314" type="mark" timems="50.841" contextid="6311" timestamp="2019-08-08T00:01:14.929">
  <trace-info objectcount="731966" scancount="650469" scanbytes="18897116" />
  <finalization candidates="151" enqueued="0" />
  <ownableSynchronizers candidates="22" cleared="0" />
  <references type="soft" candidates="1855" cleared="0" enqueued="0" dynamicThreshold="25" maxThreshold="32" />
  <references type="weak" candidates="6266" cleared="0" enqueued="0" />
  <references type="phantom" candidates="237" cleared="0" enqueued="0" />
  <stringconstants candidates="14617" cleared="0"  />
</gc-op>
<gc-op id="6315" type="sweep" timems="4.186" contextid="6311" timestamp="2019-08-08T00:01:14.933" />
<mem-info id="6316" free="109314400" total="137101312" percent="79">
  <mem type="tenure" free="109314400" total="137101312" percent="79" micro-fragmented="228737" macro-fragmented="0">
    <mem type="soa" free="107944288" total="135731200" percent="79" />
    <mem type="loa" free="1370112" total="1370112" percent="100" />
  </mem>
</mem-info>
<gc-op id="6317" type="compact" timems="59.840" contextid="6311" timestamp="2019-08-08T00:01:14.993">
  <compact-info movecount="109292" movebytes="4550592" reason="compact to aid heap contraction" />
</gc-op>
<heap-resize id="6318" type="expand" space="tenure" amount="327680" count="1" timems="0.020" reason="satisfy allocation request" timestamp="2019-08-08T00:01:14.994" />
<gc-end id="6319" type="global" contextid="6311" durationms="116.275" usertimems="122.708" systemtimems="36.325" timestamp="2019-08-08T00:01:14.994" activeThreads="16">
  <mem-info id="6320" free="110080248" total="137428992" percent="80">
    <mem type="tenure" free="110080248" total="137428992" percent="80">
      <mem type="soa" free="108706040" total="136054784" percent="79" />
      <mem type="loa" free="1374208" total="1374208" percent="100" />
    </mem>
  </mem-info>
</gc-end>
<cycle-end id="6321" type="global" contextid="6311" timestamp="2019-08-08T00:01:14.994" />
  <attribute name="elasticGC enabled" value="1" />
  <attribute name= "numThreadsSpecified" value="16" />
  <attribute name="heapSize specified" value="137101312" />
  <attribute name="Current GC Util" value="54" />
  <attribute name= "Current Time Running" value="193916" />
  <attribute name ="GC Interval" value="0" />
  <attribute name="Target GC Util Change" value ="80.000000" />
  <attribute name="Current GC Util Change" value="54.000000"/>
  <attribute name="Current Error" value="-104.000000" />
  <attribute name="Output H" value="137403544"/>
  <attribute name="Output I" value="1472"/>
  <attribute name="Output T" value="16"/>
  <attribute name= "Current Time Running" value="193916" />
  <attribute name="GC Util currently" value="54" />
  <attribute name="CPU Util currently" value="19256841952" />
<allocation-satisfied id="6322" threadId="00000000020CDF00" bytesRequested="40" />
<af-end id="6323" timestamp="2019-08-08T00:01:14.994" threadId="00000000020CE888" success="true" />
<exclusive-end id="6324" timestamp="2019-08-08T00:01:14.994" durationms="123.868" />

<exclusive-start id="6325" timestamp="2019-08-08T00:01:15.113" intervalms="242.964">
  <response-info timems="21.693" idlems="21.693" threads="0" lastid="00000000020BB300" lastname="Thread-28" />
</exclusive-start>
<af-start id="6326" threadId="00000000020BBC88" totalBytesRequested="40" timestamp="2019-08-08T00:01:15.114" intervalms="235.676" />
<cycle-start id="6327" type="global" contextid="0" timestamp="2019-08-08T00:01:15.114" intervalms="235.664" />
<gc-start id="6328" type="global" contextid="6327" timestamp="2019-08-08T00:01:15.114">
  <mem-info id="6329" free="1374208" total="137428992" percent="0">
    <mem type="tenure" free="1374208" total="137428992" percent="0">
      <mem type="soa" free="0" total="136054784" percent="0" />
      <mem type="loa" free="1374208" total="1374208" percent="100" />
    </mem>
  </mem-info>
</gc-start>
<allocation-stats totalBytes="108762384" >
  <allocated-bytes non-tlh="0" tlh="108762384" />
  <largest-consumer threadName="Thread-31" threadId="00000000020D9200" bytes="13335000" />
</allocation-stats>
<gc-op id="6330" type="mark" timems="27.397" contextid="6327" timestamp="2019-08-08T00:01:15.141">
  <trace-info objectcount="735340" scancount="653835" scanbytes="18979492" />
  <finalization candidates="151" enqueued="0" />
  <ownableSynchronizers candidates="22" cleared="0" />
  <references type="soft" candidates="1855" cleared="0" enqueued="0" dynamicThreshold="25" maxThreshold="32" />
  <references type="weak" candidates="6266" cleared="0" enqueued="0" />
  <references type="phantom" candidates="237" cleared="0" enqueued="0" />
  <stringconstants candidates="14617" cleared="0"  />
</gc-op>
<gc-op id="6331" type="sweep" timems="8.953" contextid="6327" timestamp="2019-08-08T00:01:15.150" />
<mem-info id="6332" free="109708848" total="137428992" percent="79">
  <mem type="tenure" free="109708848" total="137428992" percent="79" micro-fragmented="130058" macro-fragmented="0">
    <mem type="soa" free="108334640" total="136054784" percent="79" />
    <mem type="loa" free="1374208" total="1374208" percent="100" />
  </mem>
</mem-info>
<gc-op id="6333" type="compact" timems="38.469" contextid="6327" timestamp="2019-08-08T00:01:15.189">
  <compact-info movecount="109066" movebytes="4546552" reason="compact to aid heap contraction" />
</gc-op>
<heap-resize id="6334" type="expand" space="tenure" amount="327680" count="1" timems="0.024" reason="satisfy allocation request" timestamp="2019-08-08T00:01:15.190" />
<gc-end id="6335" type="global" contextid="6327" durationms="76.244" usertimems="140.188" systemtimems="33.737" timestamp="2019-08-08T00:01:15.190" activeThreads="16">
  <mem-info id="6336" free="110325552" total="137756672" percent="80">
    <mem type="tenure" free="110325552" total="137756672" percent="80">
      <mem type="soa" free="108948272" total="136379392" percent="79" />
      <mem type="loa" free="1377280" total="1377280" percent="100" />
    </mem>
  </mem-info>
</gc-end>
<cycle-end id="6337" type="global" contextid="6327" timestamp="2019-08-08T00:01:15.190" />
  <attribute name="elasticGC enabled" value="1" />
  <attribute name= "numThreadsSpecified" value="16" />
  <attribute name="heapSize specified" value="137428992" />
  <attribute name="Current GC Util" value="95" />
  <attribute name= "Current Time Running" value="194112" />
  <attribute name ="GC Interval" value="0" />
  <attribute name="Target GC Util Change" value ="80.000000" />
  <attribute name="Current GC Util Change" value="95.000000"/>
  <attribute name="Current Error" value="-270.000000" />
  <attribute name="Output H" value="137730464"/>
  <attribute name="Output I" value="608"/>
  <attribute name="Output T" value="16"/>
  <attribute name= "Current Time Running" value="194112" />
  <attribute name="GC Util currently" value="95" />
  <attribute name="CPU Util currently" value="29933110217" />
<allocation-satisfied id="6338" threadId="00000000020BB300" bytesRequested="40" />
<af-end id="6339" timestamp="2019-08-08T00:01:15.190" threadId="00000000020BBC88" success="true" />
<exclusive-end id="6340" timestamp="2019-08-08T00:01:15.190" durationms="76.552" />

<exclusive-start id="6341" timestamp="2019-08-08T00:01:15.301" intervalms="187.981">
  <response-info timems="4.011" idlems="4.011" threads="0" lastid="00000000020EBE00" lastname="Thread-26" />
</exclusive-start>
<af-start id="6342" threadId="00000000020EC788" totalBytesRequested="24" timestamp="2019-08-08T00:01:15.302" intervalms="188.389" />
<cycle-start id="6343" type="global" contextid="0" timestamp="2019-08-08T00:01:15.302" intervalms="188.408" />
<gc-start id="6344" type="global" contextid="6343" timestamp="2019-08-08T00:01:15.302">
  <mem-info id="6345" free="1377280" total="137756672" percent="0">
    <mem type="tenure" free="1377280" total="137756672" percent="0">
      <mem type="soa" free="0" total="136379392" percent="0" />
      <mem type="loa" free="1377280" total="1377280" percent="100" />
    </mem>
  </mem-info>
</gc-start>
<allocation-stats totalBytes="109002600" >
  <allocated-bytes non-tlh="0" tlh="109002600" />
  <largest-consumer threadName="Thread-28" threadId="00000000020BB300" bytes="15030280" />
</allocation-stats>
<gc-op id="6346" type="mark" timems="36.148" contextid="6343" timestamp="2019-08-08T00:01:15.338">
  <trace-info objectcount="726751" scancount="645242" scanbytes="18635124" />
  <finalization candidates="151" enqueued="0" />
  <ownableSynchronizers candidates="22" cleared="0" />
  <references type="soft" candidates="1855" cleared="0" enqueued="0" dynamicThreshold="25" maxThreshold="32" />
  <references type="weak" candidates="6266" cleared="0" enqueued="0" />
  <references type="phantom" candidates="237" cleared="0" enqueued="0" />
  <stringconstants candidates="14617" cleared="0"  />
</gc-op>
<gc-op id="6347" type="sweep" timems="1.913" contextid="6343" timestamp="2019-08-08T00:01:15.340" />
<mem-info id="6348" free="110577008" total="137756672" percent="80">
  <mem type="tenure" free="110577008" total="137756672" percent="80" micro-fragmented="95499" macro-fragmented="0">
    <mem type="soa" free="109199728" total="136379392" percent="80" />
    <mem type="loa" free="1377280" total="1377280" percent="100" />
  </mem>
</mem-info>
<gc-op id="6349" type="compact" timems="28.519" contextid="6343" timestamp="2019-08-08T00:01:15.369">
  <compact-info movecount="102976" movebytes="5038904" reason="compact to aid heap contraction" />
</gc-op>
<heap-resize id="6350" type="expand" space="tenure" amount="327680" count="1" timems="0.019" reason="satisfy allocation request" timestamp="2019-08-08T00:01:15.369" />
<gc-end id="6351" type="global" contextid="6343" durationms="67.387" usertimems="215.301" systemtimems="61.274" timestamp="2019-08-08T00:01:15.369" activeThreads="16">
  <mem-info id="6352" free="111052152" total="138084352" percent="80">
    <mem type="tenure" free="111052152" total="138084352" percent="80">
      <mem type="soa" free="109671800" total="136704000" percent="80" />
      <mem type="loa" free="1380352" total="1380352" percent="100" />
    </mem>
  </mem-info>
</gc-end>
<cycle-end id="6353" type="global" contextid="6343" timestamp="2019-08-08T00:01:15.369" />
  <attribute name="elasticGC enabled" value="1" />
  <attribute name= "numThreadsSpecified" value="16" />
  <attribute name="heapSize specified" value="137756672" />
  <attribute name="Current GC Util" value="115" />
  <attribute name= "Current Time Running" value="194292" />
  <attribute name ="GC Interval" value="0" />
  <attribute name="Target GC Util Change" value ="80.000000" />
  <attribute name="Current GC Util Change" value="115.000000"/>
  <attribute name="Current Error" value="-35.000000" />
  <attribute name="Output H" value="138059224"/>
  <attribute name="Output I" value="1832"/>
  <attribute name="Output T" value="16"/>
  <attribute name= "Current Time Running" value="194292" />
  <attribute name="GC Util currently" value="115" />
  <attribute name="CPU Util currently" value="40379070242" />
<allocation-satisfied id="6354" threadId="00000000020EBE00" bytesRequested="24" />
<af-end id="6355" timestamp="2019-08-08T00:01:15.369" threadId="00000000020EC788" success="true" />
<exclusive-end id="6356" timestamp="2019-08-08T00:01:15.369" durationms="68.121" />

<exclusive-start id="6357" timestamp="2019-08-08T00:01:15.431" intervalms="129.733">
  <response-info timems="1.174" idlems="1.174" threads="0" lastid="0000000002106500" lastname="Thread-24" />
</exclusive-start>
<af-start id="6358" threadId="0000000002106E88" totalBytesRequested="40" timestamp="2019-08-08T00:01:15.431" intervalms="129.257" />
<cycle-start id="6359" type="global" contextid="0" timestamp="2019-08-08T00:01:15.431" intervalms="129.230" />
<gc-start id="6360" type="global" contextid="6359" timestamp="2019-08-08T00:01:15.431">
  <mem-info id="6361" free="1380352" total="138084352" percent="0">
    <mem type="tenure" free="1380352" total="138084352" percent="0">
      <mem type="soa" free="0" total="136704000" percent="0" />
      <mem type="loa" free="1380352" total="1380352" percent="100" />
    </mem>
  </mem-info>
</gc-start>
<allocation-stats totalBytes="109722072" >
  <allocated-bytes non-tlh="0" tlh="109722072" />
  <largest-consumer threadName="Thread-34" threadId="00000000020D1B00" bytes="15038056" />
</allocation-stats>
<gc-op id="6362" type="mark" timems="10.965" contextid="6359" timestamp="2019-08-08T00:01:15.442">
  <trace-info objectcount="642224" scancount="560772" scanbytes="15084876" />
  <finalization candidates="151" enqueued="0" />
  <ownableSynchronizers candidates="22" cleared="0" />
  <references type="soft" candidates="1855" cleared="0" enqueued="0" dynamicThreshold="25" maxThreshold="32" />
  <references type="weak" candidates="6266" cleared="0" enqueued="0" />
  <references type="phantom" candidates="237" cleared="0" enqueued="0" />
  <stringconstants candidates="14617" cleared="0"  />
</gc-op>
<gc-op id="6363" type="sweep" timems="2.980" contextid="6359" timestamp="2019-08-08T00:01:15.445" />
<mem-info id="6364" free="115037144" total="138084352" percent="83">
  <mem type="tenure" free="115037144" total="138084352" percent="83" micro-fragmented="95360" macro-fragmented="0">
    <mem type="soa" free="113656792" total="136704000" percent="83" />
    <mem type="loa" free="1380352" total="1380352" percent="100" />
  </mem>
</mem-info>
<gc-op id="6365" type="compact" timems="33.214" contextid="6359" timestamp="2019-08-08T00:01:15.479">
  <compact-info movecount="31752" movebytes="1540320" reason="compact to aid heap contraction" />
</gc-op>
<heap-resize id="6366" type="expand" space="tenure" amount="327680" count="1" timems="0.021" reason="satisfy allocation request" timestamp="2019-08-08T00:01:15.480" />
<gc-end id="6367" type="global" contextid="6359" durationms="48.843" usertimems="99.936" systemtimems="5.770" timestamp="2019-08-08T00:01:15.480" activeThreads="16">
  <mem-info id="6368" free="115530152" total="138412032" percent="83">
    <mem type="tenure" free="115530152" total="138412032" percent="83">
      <mem type="soa" free="114146728" total="137028608" percent="83" />
      <mem type="loa" free="1383424" total="1383424" percent="100" />
    </mem>
  </mem-info>
</gc-end>
<cycle-end id="6369" type="global" contextid="6359" timestamp="2019-08-08T00:01:15.480" />
  <attribute name="elasticGC enabled" value="1" />
  <attribute name= "numThreadsSpecified" value="16" />
  <attribute name="heapSize specified" value="138084352" />
  <attribute name="Current GC Util" value="58" />
  <attribute name= "Current Time Running" value="194402" />
  <attribute name ="GC Interval" value="0" />
  <attribute name="Target GC Util Change" value ="80.000000" />
  <attribute name="Current GC Util Change" value="58.000000"/>
  <attribute name="Current Error" value="-459.000000" />
  <attribute name="Output H" value="138384944"/>
  <attribute name="Output I" value="200"/>
  <attribute name="Output T" value="16"/>
  <attribute name= "Current Time Running" value="194402" />
  <attribute name="GC Util currently" value="58" />
  <attribute name="CPU Util currently" value="34685266146" />
<allocation-satisfied id="6370" threadId="0000000002106500" bytesRequested="40" />
<af-end id="6371" timestamp="2019-08-08T00:01:15.480" threadId="0000000002106E88" success="true" />
<exclusive-end id="6372" timestamp="2019-08-08T00:01:15.480" durationms="49.064" />

===== DaCapo 9.12-MR1 sunflow PASSED in 21728 msec =====
Using scaled threading model. 16 processors detected, 16 threads used to drive the workload, in a possible range of [1,1000]
<exclusive-start id="6373" timestamp="2019-08-08T00:01:15.848" intervalms="417.075">
  <response-info timems="0.081" idlems="0.081" threads="0" lastid="0000000001DD0F00" lastname="main" />
</exclusive-start>
<sys-start reason="explicit" id="6374" timestamp="2019-08-08T00:01:15.848" intervalms="22297.874" />
<cycle-start id="6375" type="global" contextid="0" timestamp="2019-08-08T00:01:15.848" intervalms="417.067" />
<gc-start id="6376" type="global" contextid="6375" timestamp="2019-08-08T00:01:15.848">
  <mem-info id="6377" free="35482632" total="138412032" percent="25">
    <mem type="tenure" free="35482632" total="138412032" percent="25">
      <mem type="soa" free="34099208" total="137028608" percent="24" />
      <mem type="loa" free="1383424" total="1383424" percent="100" />
    </mem>
  </mem-info>
</gc-start>
<allocation-stats totalBytes="80056688" >
  <allocated-bytes non-tlh="493432" tlh="79563256" />
  <largest-consumer threadName="main" threadId="0000000001DD0F00" bytes="11386792" />
</allocation-stats>
<gc-op id="6378" type="mark" timems="19.337" contextid="6375" timestamp="2019-08-08T00:01:15.868">
  <trace-info objectcount="619173" scancount="535013" scanbytes="13989052" />
  <finalization candidates="154" enqueued="1" />
  <ownableSynchronizers candidates="22" cleared="0" />
  <references type="soft" candidates="1945" cleared="7" enqueued="7" dynamicThreshold="26" maxThreshold="32" />
  <references type="weak" candidates="6379" cleared="96" enqueued="96" />
  <references type="phantom" candidates="289" cleared="10" enqueued="10" />
  <stringconstants candidates="15615" cleared="22"  />
</gc-op>
<gc-op id="6379" type="classunload" timems="0.006" contextid="6375" timestamp="2019-08-08T00:01:15.868">
  <classunload-info classloadercandidates="67" classloadersunloaded="0" classesunloaded="0" anonymousclassesunloaded="0" quiescems="0.000" setupms="0.005" scanms="0.001" postms="0.000" />
</gc-op>
<gc-op id="6380" type="sweep" timems="3.810" contextid="6375" timestamp="2019-08-08T00:01:15.872" />
<mem-info id="6381" free="115898000" total="138412032" percent="83">
  <mem type="tenure" free="115898000" total="138412032" percent="83" micro-fragmented="319539" macro-fragmented="0">
    <mem type="soa" free="114514576" total="137028608" percent="83" />
    <mem type="loa" free="1383424" total="1383424" percent="100" />
  </mem>
  <pending-finalizers system="1" default="0" reference="113" classloader="0" />
</mem-info>
<gc-op id="6382" type="compact" timems="309.268" contextid="6375" timestamp="2019-08-08T00:01:16.181">
  <compact-info movecount="615230" movebytes="21863928" reason="compact to aid heap contraction" />
</gc-op>
<heap-resize id="6383" type="expand" space="tenure" amount="327680" count="1" timems="0.030" reason="satisfy allocation request" timestamp="2019-08-08T00:01:16.215" />
<gc-end id="6384" type="global" contextid="6375" durationms="366.900" usertimems="369.058" systemtimems="42.384" timestamp="2019-08-08T00:01:16.215" activeThreads="16">
  <mem-info id="6385" free="116680808" total="138739712" percent="84">
    <mem type="tenure" free="116680808" total="138739712" percent="84">
      <mem type="soa" free="115294312" total="137353216" percent="83" />
      <mem type="loa" free="1386496" total="1386496" percent="100" />
    </mem>
    <pending-finalizers system="1" default="0" reference="113" classloader="0" />
  </mem-info>
</gc-end>
<cycle-end id="6386" type="global" contextid="6375" timestamp="2019-08-08T00:01:16.221" />
  <attribute name="elasticGC enabled" value="1" />
  <attribute name= "numThreadsSpecified" value="16" />
  <attribute name="heapSize specified" value="138412032" />
  <attribute name="Current GC Util" value="10" />
  <attribute name= "Current Time Running" value="195106" />
  <attribute name ="GC Interval" value="0" />
  <attribute name="Target GC Util Change" value ="80.000000" />
  <attribute name="Current GC Util Change" value="10.000000"/>
  <attribute name="Current Error" value="-212.000000" />
  <attribute name="Output H" value="138713768"/>
  <attribute name="Output I" value="912"/>
  <attribute name="Output T" value="16"/>
  <attribute name= "Current Time Running" value="195106" />
  <attribute name="GC Util currently" value="10" />
  <attribute name="CPU Util currently" value="3706778680" />
<sys-end id="6387" timestamp="2019-08-08T00:01:16.221" />
<exclusive-end id="6388" timestamp="2019-08-08T00:01:16.221" durationms="372.878" />

===== DaCapo 9.12-MR1 xalan starting =====
<exclusive-start id="6389" timestamp="2019-08-08T00:01:19.360" intervalms="3511.834">
  <response-info timems="2.896" idlems="2.896" threads="0" lastid="00000000020EFA00" lastname="Thread-50" />
</exclusive-start>
<af-start id="6390" threadId="00000000020F0388" totalBytesRequested="1032" timestamp="2019-08-08T00:01:19.360" intervalms="3928.919" />
<cycle-start id="6391" type="global" contextid="0" timestamp="2019-08-08T00:01:19.361" intervalms="3512.664" />
<gc-start id="6392" type="global" contextid="6391" timestamp="2019-08-08T00:01:19.361">
  <mem-info id="6393" free="1386496" total="138739712" percent="0">
    <mem type="tenure" free="1386496" total="138739712" percent="0">
      <mem type="soa" free="0" total="137353216" percent="0" />
      <mem type="loa" free="1386496" total="1386496" percent="100" />
    </mem>
  </mem-info>
</gc-start>
<allocation-stats totalBytes="115035064" >
  <allocated-bytes non-tlh="1708800" tlh="113326264" />
  <largest-consumer threadName="Thread-52" threadId="00000000020CA300" bytes="9777952" />
</allocation-stats>
<gc-op id="6394" type="mark" timems="16.905" contextid="6391" timestamp="2019-08-08T00:01:19.378">
  <trace-info objectcount="656451" scancount="568340" scanbytes="16408204" />
  <finalization candidates="155" enqueued="1" />
  <ownableSynchronizers candidates="22" cleared="0" />
  <references type="soft" candidates="1964" cleared="0" enqueued="0" dynamicThreshold="26" maxThreshold="32" />
  <references type="weak" candidates="6369" cleared="23" enqueued="21" />
  <references type="phantom" candidates="303" cleared="0" enqueued="0" />
  <stringconstants candidates="15971" cleared="0"  />
</gc-op>
<gc-op id="6395" type="sweep" timems="1.700" contextid="6391" timestamp="2019-08-08T00:01:19.380" />
<mem-info id="6396" free="111547272" total="138739712" percent="80">
  <mem type="tenure" free="111547272" total="138739712" percent="80" micro-fragmented="201489" macro-fragmented="0">
    <mem type="soa" free="110160776" total="137353216" percent="80" />
    <mem type="loa" free="1386496" total="1386496" percent="100" />
  </mem>
  <pending-finalizers system="1" default="0" reference="21" classloader="0" />
</mem-info>
<gc-op id="6397" type="compact" timems="123.303" contextid="6391" timestamp="2019-08-08T00:01:19.503">
  <compact-info movecount="59375" movebytes="8666472" reason="compact to aid heap contraction" />
</gc-op>
<heap-resize id="6398" type="expand" space="tenure" amount="327680" count="1" timems="0.065" reason="satisfy allocation request" timestamp="2019-08-08T00:01:19.518" />
<gc-end id="6399" type="global" contextid="6391" durationms="156.606" usertimems="122.575" systemtimems="30.984" timestamp="2019-08-08T00:01:19.518" activeThreads="16">
  <mem-info id="6400" free="112292264" total="139067392" percent="80">
    <mem type="tenure" free="112292264" total="139067392" percent="80">
      <mem type="soa" free="110901672" total="137676800" percent="80" />
      <mem type="loa" free="1390592" total="1390592" percent="100" />
    </mem>
    <pending-finalizers system="1" default="0" reference="21" classloader="0" />
  </mem-info>
</gc-end>
<cycle-end id="6401" type="global" contextid="6391" timestamp="2019-08-08T00:01:19.520" />
  <attribute name="elasticGC enabled" value="1" />
  <attribute name= "numThreadsSpecified" value="16" />
  <attribute name="heapSize specified" value="138739712" />
  <attribute name="Current GC Util" value="29" />
  <attribute name= "Current Time Running" value="198427" />
  <attribute name ="GC Interval" value="0" />
  <attribute name="Target GC Util Change" value ="80.000000" />
  <attribute name="Current GC Util Change" value="29.000000"/>
  <attribute name="Current Error" value="51.000000" />
  <attribute name="Output H" value="139042664"/>
  <attribute name="Output I" value="2280"/>
  <attribute name="Output T" value="16"/>
  <attribute name= "Current Time Running" value="198427" />
  <attribute name="GC Util currently" value="29" />
  <attribute name="CPU Util currently" value="9301822062" />
<allocation-satisfied id="6402" threadId="00000000020EFA00" bytesRequested="1032" />
<af-end id="6403" timestamp="2019-08-08T00:01:19.520" threadId="00000000020F0388" success="true" />
<exclusive-end id="6404" timestamp="2019-08-08T00:01:19.520" durationms="160.056" />

<exclusive-start id="6405" timestamp="2019-08-08T00:01:20.519" intervalms="1159.125">
  <response-info timems="1.144" idlems="0.670" threads="12" lastid="00000000020BB300" lastname="Thread-48" />
</exclusive-start>
<af-start id="6406" threadId="00000000020D5F88" totalBytesRequested="2056" timestamp="2019-08-08T00:01:20.519" intervalms="1159.168" />
<cycle-start id="6407" type="global" contextid="0" timestamp="2019-08-08T00:01:20.519" intervalms="1158.372" />
<gc-start id="6408" type="global" contextid="6407" timestamp="2019-08-08T00:01:20.519">
  <mem-info id="6409" free="1390592" total="139067392" percent="0">
    <mem type="tenure" free="1390592" total="139067392" percent="0">
      <mem type="soa" free="0" total="137676800" percent="0" />
      <mem type="loa" free="1390592" total="1390592" percent="100" />
    </mem>
  </mem-info>
</gc-start>
<allocation-stats totalBytes="110774632" >
  <allocated-bytes non-tlh="0" tlh="110774632" />
  <largest-consumer threadName="Thread-48" threadId="00000000020BB300" bytes="13858384" />
</allocation-stats>
<gc-op id="6410" type="mark" timems="16.114" contextid="6407" timestamp="2019-08-08T00:01:20.536">
  <trace-info objectcount="653502" scancount="565620" scanbytes="16018416" />
  <finalization candidates="154" enqueued="0" />
  <ownableSynchronizers candidates="22" cleared="0" />
  <references type="soft" candidates="1964" cleared="0" enqueued="0" dynamicThreshold="25" maxThreshold="32" />
  <references type="weak" candidates="6349" cleared="0" enqueued="0" />
  <references type="phantom" candidates="305" cleared="0" enqueued="0" />
  <stringconstants candidates="15971" cleared="0"  />
</gc-op>
<gc-op id="6411" type="sweep" timems="4.075" contextid="6407" timestamp="2019-08-08T00:01:20.540" />
<mem-info id="6412" free="113253640" total="139067392" percent="81">
  <mem type="tenure" free="113253640" total="139067392" percent="81" micro-fragmented="31053" macro-fragmented="0">
    <mem type="soa" free="111863048" total="137676800" percent="81" />
    <mem type="loa" free="1390592" total="1390592" percent="100" />
  </mem>
</mem-info>
<gc-op id="6413" type="compact" timems="48.172" contextid="6407" timestamp="2019-08-08T00:01:20.588">
  <compact-info movecount="36547" movebytes="3859992" reason="compact to aid heap contraction" />
</gc-op>
<heap-resize id="6414" type="expand" space="tenure" amount="327680" count="1" timems="0.033" reason="satisfy allocation request" timestamp="2019-08-08T00:01:20.599" />
<gc-end id="6415" type="global" contextid="6407" durationms="84.480" usertimems="134.875" systemtimems="8.651" timestamp="2019-08-08T00:01:20.604" activeThreads="16">
  <mem-info id="6416" free="113602008" total="139395072" percent="81">
    <mem type="tenure" free="113602008" total="139395072" percent="81">
      <mem type="soa" free="112208344" total="138001408" percent="81" />
      <mem type="loa" free="1393664" total="1393664" percent="100" />
    </mem>
  </mem-info>
</gc-end>
<cycle-end id="6417" type="global" contextid="6407" timestamp="2019-08-08T00:01:20.604" />
  <attribute name="elasticGC enabled" value="1" />
  <attribute name= "numThreadsSpecified" value="16" />
  <attribute name="heapSize specified" value="139067392" />
  <attribute name="Current GC Util" value="42" />
  <attribute name= "Current Time Running" value="199511" />
  <attribute name ="GC Interval" value="0" />
  <attribute name="Target GC Util Change" value ="80.000000" />
  <attribute name="Current GC Util Change" value="42.000000"/>
  <attribute name="Current Error" value="-166.000000" />
  <attribute name="Output H" value="139369344"/>
  <attribute name="Output I" value="1152"/>
  <attribute name="Output T" value="16"/>
  <attribute name= "Current Time Running" value="199511" />
  <attribute name="GC Util currently" value="42" />
  <attribute name="CPU Util currently" value="23922038321" />
<allocation-satisfied id="6418" threadId="00000000020D5600" bytesRequested="2056" />
<af-end id="6419" timestamp="2019-08-08T00:01:20.604" threadId="00000000020D5F88" success="true" />
<exclusive-end id="6420" timestamp="2019-08-08T00:01:20.604" durationms="84.797" />

<exclusive-start id="6421" timestamp="2019-08-08T00:01:21.576" intervalms="1056.817">
  <response-info timems="1.045" idlems="1.045" threads="0" lastid="00000000020CA300" lastname="Thread-52" />
</exclusive-start>
<af-start id="6422" threadId="00000000020CAC88" totalBytesRequested="16392" timestamp="2019-08-08T00:01:21.576" intervalms="1056.883" />
<cycle-start id="6423" type="global" contextid="0" timestamp="2019-08-08T00:01:21.576" intervalms="1056.956" />
<gc-start id="6424" type="global" contextid="6423" timestamp="2019-08-08T00:01:21.576">
  <mem-info id="6425" free="1393664" total="139395072" percent="0">
    <mem type="tenure" free="1393664" total="139395072" percent="0">
      <mem type="soa" free="0" total="138001408" percent="0" />
      <mem type="loa" free="1393664" total="1393664" percent="100" />
    </mem>
  </mem-info>
</gc-start>
<allocation-stats totalBytes="112088248" >
  <allocated-bytes non-tlh="0" tlh="112088248" />
  <largest-consumer threadName="Thread-41" threadId="000000000210A100" bytes="13655080" />
</allocation-stats>
<gc-op id="6426" type="mark" timems="19.991" contextid="6423" timestamp="2019-08-08T00:01:21.597">
  <trace-info objectcount="654587" scancount="566573" scanbytes="16252476" />
  <finalization candidates="154" enqueued="0" />
  <ownableSynchronizers candidates="22" cleared="0" />
  <references type="soft" candidates="1964" cleared="0" enqueued="0" dynamicThreshold="26" maxThreshold="32" />
  <references type="weak" candidates="6351" cleared="0" enqueued="0" />
  <references type="phantom" candidates="309" cleared="0" enqueued="0" />
  <stringconstants candidates="15971" cleared="0"  />
</gc-op>
<gc-op id="6427" type="sweep" timems="4.063" contextid="6423" timestamp="2019-08-08T00:01:21.601" />
<mem-info id="6428" free="113323760" total="139395072" percent="81">
  <mem type="tenure" free="113323760" total="139395072" percent="81" micro-fragmented="18653" macro-fragmented="0">
    <mem type="soa" free="111930096" total="138001408" percent="81" />
    <mem type="loa" free="1393664" total="1393664" percent="100" />
  </mem>
</mem-info>
<gc-op id="6429" type="compact" timems="47.406" contextid="6423" timestamp="2019-08-08T00:01:21.648">
  <compact-info movecount="37286" movebytes="4130840" reason="compact to aid heap contraction" />
</gc-op>
<heap-resize id="6430" type="expand" space="tenure" amount="327680" count="1" timems="0.027" reason="satisfy allocation request" timestamp="2019-08-08T00:01:21.674" />
<gc-end id="6431" type="global" contextid="6423" durationms="103.781" usertimems="190.630" systemtimems="29.870" timestamp="2019-08-08T00:01:21.680" activeThreads="16">
  <mem-info id="6432" free="113657496" total="139722752" percent="81">
    <mem type="tenure" free="113657496" total="139722752" percent="81">
      <mem type="soa" free="112260760" total="138326016" percent="81" />
      <mem type="loa" free="1396736" total="1396736" percent="100" />
    </mem>
  </mem-info>
</gc-end>
<cycle-end id="6433" type="global" contextid="6423" timestamp="2019-08-08T00:01:21.680" />
  <attribute name="elasticGC enabled" value="1" />
  <attribute name= "numThreadsSpecified" value="16" />
  <attribute name="heapSize specified" value="139395072" />
  <attribute name="Current GC Util" value="41" />
  <attribute name= "Current Time Running" value="200571" />
  <attribute name ="GC Interval" value="0" />
  <attribute name="Target GC Util Change" value ="80.000000" />
  <attribute name="Current GC Util Change" value="41.000000"/>
  <attribute name="Current Error" value="-223.000000" />
  <attribute name="Output H" value="139696760"/>
  <attribute name="Output I" value="856"/>
  <attribute name="Output T" value="16"/>
  <attribute name= "Current Time Running" value="200571" />
  <attribute name="GC Util currently" value="41" />
  <attribute name="CPU Util currently" value="24285622686" />
<allocation-satisfied id="6434" threadId="00000000020CA300" bytesRequested="16392" />
<af-end id="6435" timestamp="2019-08-08T00:01:21.680" threadId="00000000020CAC88" success="true" />
<exclusive-end id="6436" timestamp="2019-08-08T00:01:21.684" durationms="107.965" />

<exclusive-start id="6437" timestamp="2019-08-08T00:01:22.238" intervalms="662.071">
  <response-info timems="8.471" idlems="8.471" threads="0" lastid="0000000002115500" lastname="Thread-46" />
</exclusive-start>
<af-start id="6438" threadId="0000000002115E88" totalBytesRequested="8200" timestamp="2019-08-08T00:01:22.238" intervalms="661.969" />
<cycle-start id="6439" type="global" contextid="0" timestamp="2019-08-08T00:01:22.238" intervalms="661.911" />
<gc-start id="6440" type="global" contextid="6439" timestamp="2019-08-08T00:01:22.238">
  <mem-info id="6441" free="1396736" total="139722752" percent="0">
    <mem type="tenure" free="1396736" total="139722752" percent="0">
      <mem type="soa" free="0" total="138326016" percent="0" />
      <mem type="loa" free="1396736" total="1396736" percent="100" />
    </mem>
  </mem-info>
</gc-start>
<allocation-stats totalBytes="112107472" >
  <allocated-bytes non-tlh="0" tlh="112107472" />
  <largest-consumer threadName="Thread-50" threadId="00000000020EFA00" bytes="12294120" />
</allocation-stats>
<gc-op id="6442" type="mark" timems="16.562" contextid="6439" timestamp="2019-08-08T00:01:22.255">
  <trace-info objectcount="654895" scancount="566779" scanbytes="16287428" />
  <finalization candidates="154" enqueued="0" />
  <ownableSynchronizers candidates="22" cleared="0" />
  <references type="soft" candidates="1964" cleared="0" enqueued="0" dynamicThreshold="26" maxThreshold="32" />
  <references type="weak" candidates="6347" cleared="0" enqueued="0" />
  <references type="phantom" candidates="305" cleared="0" enqueued="0" />
  <stringconstants candidates="15971" cleared="0"  />
</gc-op>
<gc-op id="6443" type="sweep" timems="4.773" contextid="6439" timestamp="2019-08-08T00:01:22.260" />
<mem-info id="6444" free="113497336" total="139722752" percent="81">
  <mem type="tenure" free="113497336" total="139722752" percent="81" micro-fragmented="8506" macro-fragmented="0">
    <mem type="soa" free="112100600" total="138326016" percent="81" />
    <mem type="loa" free="1396736" total="1396736" percent="100" />
  </mem>
</mem-info>
<gc-op id="6445" type="compact" timems="155.314" contextid="6439" timestamp="2019-08-08T00:01:22.415">
  <compact-info movecount="37256" movebytes="4207976" reason="compact to aid heap contraction" />
</gc-op>
<heap-resize id="6446" type="expand" space="tenure" amount="327680" count="1" timems="0.026" reason="satisfy allocation request" timestamp="2019-08-08T00:01:22.424" />
<gc-end id="6447" type="global" contextid="6439" durationms="186.255" usertimems="207.045" systemtimems="4.094" timestamp="2019-08-08T00:01:22.424" activeThreads="16">
  <mem-info id="6448" free="113828248" total="140050432" percent="81">
    <mem type="tenure" free="113828248" total="140050432" percent="81">
      <mem type="soa" free="112428440" total="138650624" percent="81" />
      <mem type="loa" free="1399808" total="1399808" percent="100" />
    </mem>
  </mem-info>
</gc-end>
<cycle-end id="6449" type="global" contextid="6439" timestamp="2019-08-08T00:01:22.425" />
  <attribute name="elasticGC enabled" value="1" />
  <attribute name= "numThreadsSpecified" value="16" />
  <attribute name="heapSize specified" value="139722752" />
  <attribute name="Current GC Util" value="15" />
  <attribute name= "Current Time Running" value="201338" />
  <attribute name ="GC Interval" value="0" />
  <attribute name="Target GC Util Change" value ="80.000000" />
  <attribute name="Current GC Util Change" value="15.000000"/>
  <attribute name="Current Error" value="65.000000" />
  <attribute name="Output H" value="140025768"/>
  <attribute name="Output I" value="2352"/>
  <attribute name="Output T" value="16"/>
  <attribute name= "Current Time Running" value="201338" />
  <attribute name="GC Util currently" value="15" />
  <attribute name="CPU Util currently" value="7422397061" />
<allocation-satisfied id="6450" threadId="0000000002115500" bytesRequested="8200" />
<af-end id="6451" timestamp="2019-08-08T00:01:22.425" threadId="0000000002115E88" success="true" />
<exclusive-end id="6452" timestamp="2019-08-08T00:01:22.425" durationms="186.756" />

<exclusive-start id="6453" timestamp="2019-08-08T00:01:22.732" intervalms="494.267">
  <response-info timems="0.588" idlems="0.307" threads="1" lastid="00000000020F3600" lastname="Thread-43" />
</exclusive-start>
<af-start id="6454" threadId="00000000020B8088" totalBytesRequested="8200" timestamp="2019-08-08T00:01:22.732" intervalms="494.249" />
<cycle-start id="6455" type="global" contextid="0" timestamp="2019-08-08T00:01:22.732" intervalms="494.247" />
<gc-start id="6456" type="global" contextid="6455" timestamp="2019-08-08T00:01:22.732">
  <mem-info id="6457" free="1399808" total="140050432" percent="0">
    <mem type="tenure" free="1399808" total="140050432" percent="0">
      <mem type="soa" free="0" total="138650624" percent="0" />
      <mem type="loa" free="1399808" total="1399808" percent="100" />
    </mem>
  </mem-info>
</gc-start>
<allocation-stats totalBytes="112346512" >
  <allocated-bytes non-tlh="32776" tlh="112313736" />
  <largest-consumer threadName="Thread-44" threadId="00000000020B7700" bytes="9622088" />
</allocation-stats>
<gc-op id="6458" type="mark" timems="162.072" contextid="6455" timestamp="2019-08-08T00:01:22.895">
  <trace-info objectcount="655035" scancount="566879" scanbytes="16296560" />
  <finalization candidates="154" enqueued="0" />
  <ownableSynchronizers candidates="22" cleared="0" />
  <references type="soft" candidates="1964" cleared="0" enqueued="0" dynamicThreshold="26" maxThreshold="32" />
  <references type="weak" candidates="6347" cleared="0" enqueued="0" />
  <references type="phantom" candidates="305" cleared="0" enqueued="0" />
  <stringconstants candidates="15971" cleared="0"  />
</gc-op>
<gc-op id="6459" type="sweep" timems="66.222" contextid="6455" timestamp="2019-08-08T00:01:22.961" />
<mem-info id="6460" free="113623544" total="140050432" percent="81">
  <mem type="tenure" free="113623544" total="140050432" percent="81" micro-fragmented="13825" macro-fragmented="0">
    <mem type="soa" free="112223736" total="138650624" percent="80" />
    <mem type="loa" free="1399808" total="1399808" percent="100" />
  </mem>
</mem-info>
<gc-op id="6461" type="compact" timems="115.673" contextid="6455" timestamp="2019-08-08T00:01:23.077">
  <compact-info movecount="31367" movebytes="3994512" reason="compact to aid heap contraction" />
</gc-op>
<heap-resize id="6462" type="expand" space="tenure" amount="327680" count="1" timems="0.027" reason="satisfy allocation request" timestamp="2019-08-08T00:01:23.085" />
<gc-end id="6463" type="global" contextid="6455" durationms="375.225" usertimems="176.684" systemtimems="96.698" timestamp="2019-08-08T00:01:23.108" activeThreads="16">
  <mem-info id="6464" free="113958432" total="140378112" percent="81">
    <mem type="tenure" free="113958432" total="140378112" percent="81">
      <mem type="soa" free="112555552" total="138975232" percent="80" />
      <mem type="loa" free="1402880" total="1402880" percent="100" />
    </mem>
  </mem-info>
</gc-end>
<cycle-end id="6465" type="global" contextid="6455" timestamp="2019-08-08T00:01:23.108" />
  <attribute name="elasticGC enabled" value="1" />
  <attribute name= "numThreadsSpecified" value="16" />
  <attribute name="heapSize specified" value="140050432" />
  <attribute name="Current GC Util" value="15" />
  <attribute name= "Current Time Running" value="202000" />
  <attribute name ="GC Interval" value="0" />
  <attribute name="Target GC Util Change" value ="80.000000" />
  <attribute name="Current GC Util Change" value="15.000000"/>
  <attribute name="Current Error" value="201.000000" />
  <attribute name="Output H" value="140354072"/>
  <attribute name="Output I" value="3056"/>
  <attribute name="Output T" value="16"/>
  <attribute name= "Current Time Running" value="202000" />
  <attribute name="GC Util currently" value="15" />
  <attribute name="CPU Util currently" value="9960448850" />
<allocation-satisfied id="6466" threadId="00000000020B7700" bytesRequested="8200" />
<af-end id="6467" timestamp="2019-08-08T00:01:23.108" threadId="00000000020B8088" success="true" />
<exclusive-end id="6468" timestamp="2019-08-08T00:01:23.111" durationms="378.989" />

<exclusive-start id="6469" timestamp="2019-08-08T00:01:23.478" intervalms="745.753">
  <response-info timems="1.059" idlems="0.532" threads="1" lastid="00000000020E0A00" lastname="Thread-37" />
</exclusive-start>
<af-start id="6470" threadId="00000000020F3F88" totalBytesRequested="16392" timestamp="2019-08-08T00:01:23.478" intervalms="745.755" />
<cycle-start id="6471" type="global" contextid="0" timestamp="2019-08-08T00:01:23.478" intervalms="745.730" />
<gc-start id="6472" type="global" contextid="6471" timestamp="2019-08-08T00:01:23.478">
  <mem-info id="6473" free="1402880" total="140378112" percent="0">
    <mem type="tenure" free="1402880" total="140378112" percent="0">
      <mem type="soa" free="0" total="138975232" percent="0" />
      <mem type="loa" free="1402880" total="1402880" percent="100" />
    </mem>
  </mem-info>
</gc-start>
<allocation-stats totalBytes="112553440" >
  <allocated-bytes non-tlh="8200" tlh="112545240" />
  <largest-consumer threadName="Thread-48" threadId="00000000020BB300" bytes="11660840" />
</allocation-stats>
<gc-op id="6474" type="mark" timems="46.101" contextid="6471" timestamp="2019-08-08T00:01:23.524">
  <trace-info objectcount="654780" scancount="566514" scanbytes="16148352" />
  <finalization candidates="154" enqueued="0" />
  <ownableSynchronizers candidates="22" cleared="0" />
  <references type="soft" candidates="1964" cleared="0" enqueued="0" dynamicThreshold="25" maxThreshold="32" />
  <references type="weak" candidates="6349" cleared="0" enqueued="0" />
  <references type="phantom" candidates="305" cleared="0" enqueued="0" />
  <stringconstants candidates="15971" cleared="0"  />
</gc-op>
<gc-op id="6475" type="sweep" timems="3.438" contextid="6471" timestamp="2019-08-08T00:01:23.528" />
<mem-info id="6476" free="114100904" total="140378112" percent="81">
  <mem type="tenure" free="114100904" total="140378112" percent="81" micro-fragmented="45796" macro-fragmented="0">
    <mem type="soa" free="112698024" total="138975232" percent="81" />
    <mem type="loa" free="1402880" total="1402880" percent="100" />
  </mem>
</mem-info>
<gc-op id="6477" type="compact" timems="60.310" contextid="6471" timestamp="2019-08-08T00:01:23.588">
  <compact-info movecount="37017" movebytes="4290768" reason="compact to aid heap contraction" />
</gc-op>
<heap-resize id="6478" type="expand" space="tenure" amount="327680" count="1" timems="0.297" reason="satisfy allocation request" timestamp="2019-08-08T00:01:23.618" />
<gc-end id="6479" type="global" contextid="6471" durationms="139.933" usertimems="116.720" systemtimems="45.264" timestamp="2019-08-08T00:01:23.618" activeThreads="16">
  <mem-info id="6480" free="114460192" total="140705792" percent="81">
    <mem type="tenure" free="114460192" total="140705792" percent="81">
      <mem type="soa" free="113053216" total="139298816" percent="81" />
      <mem type="loa" free="1406976" total="1406976" percent="100" />
    </mem>
  </mem-info>
</gc-end>
<cycle-end id="6481" type="global" contextid="6471" timestamp="2019-08-08T00:01:23.618" />
  <attribute name="elasticGC enabled" value="1" />
  <attribute name= "numThreadsSpecified" value="16" />
  <attribute name="heapSize specified" value="140378112" />
  <attribute name="Current GC Util" value="25" />
  <attribute name= "Current Time Running" value="202511" />
  <attribute name ="GC Interval" value="0" />
  <attribute name="Target GC Util Change" value ="80.000000" />
  <attribute name="Current GC Util Change" value="25.000000"/>
  <attribute name="Current Error" value="-13.000000" />
  <attribute name="Output H" value="140680768"/>
  <attribute name="Output I" value="1944"/>
  <attribute name="Output T" value="16"/>
  <attribute name= "Current Time Running" value="202511" />
  <attribute name="GC Util currently" value="25" />
  <attribute name="CPU Util currently" value="19084343661" />
<allocation-satisfied id="6482" threadId="00000000020F3600" bytesRequested="16392" />
<af-end id="6483" timestamp="2019-08-08T00:01:23.618" threadId="00000000020F3F88" success="true" />
<exclusive-end id="6484" timestamp="2019-08-08T00:01:23.619" durationms="140.473" />

<exclusive-start id="6485" timestamp="2019-08-08T00:01:23.840" intervalms="362.152">
  <response-info timems="5.238" idlems="3.079" threads="2" lastid="0000000002111900" lastname="Thread-45" />
</exclusive-start>
<af-start id="6486" threadId="000000000210E688" totalBytesRequested="32776" timestamp="2019-08-08T00:01:23.840" intervalms="362.189" />
<cycle-start id="6487" type="global" contextid="0" timestamp="2019-08-08T00:01:23.840" intervalms="362.308" />
<gc-start id="6488" type="global" contextid="6487" timestamp="2019-08-08T00:01:23.841">
  <mem-info id="6489" free="1406976" total="140705792" percent="0">
    <mem type="tenure" free="1406976" total="140705792" percent="0">
      <mem type="soa" free="0" total="139298816" percent="0" />
      <mem type="loa" free="1406976" total="1406976" percent="100" />
    </mem>
  </mem-info>
</gc-start>
<allocation-stats totalBytes="112883864" >
  <allocated-bytes non-tlh="0" tlh="112883864" />
  <largest-consumer threadName="Thread-41" threadId="000000000210A100" bytes="10223160" />
</allocation-stats>
<gc-op id="6490" type="mark" timems="19.815" contextid="6487" timestamp="2019-08-08T00:01:23.861">
  <trace-info objectcount="655870" scancount="567498" scanbytes="16459824" />
  <finalization candidates="154" enqueued="0" />
  <ownableSynchronizers candidates="22" cleared="0" />
  <references type="soft" candidates="1964" cleared="0" enqueued="0" dynamicThreshold="26" maxThreshold="32" />
  <references type="weak" candidates="6346" cleared="0" enqueued="0" />
  <references type="phantom" candidates="309" cleared="0" enqueued="0" />
  <stringconstants candidates="15971" cleared="0"  />
</gc-op>
<gc-op id="6491" type="sweep" timems="4.772" contextid="6487" timestamp="2019-08-08T00:01:23.866" />
<mem-info id="6492" free="113732592" total="140705792" percent="80">
  <mem type="tenure" free="113732592" total="140705792" percent="80" micro-fragmented="56962" macro-fragmented="0">
    <mem type="soa" free="112325616" total="139298816" percent="80" />
    <mem type="loa" free="1406976" total="1406976" percent="100" />
  </mem>
</mem-info>
<gc-op id="6493" type="compact" timems="31.442" contextid="6487" timestamp="2019-08-08T00:01:23.898">
  <compact-info movecount="32045" movebytes="4523824" reason="compact to aid heap contraction" />
</gc-op>
<heap-resize id="6494" type="expand" space="tenure" amount="327680" count="1" timems="0.022" reason="satisfy allocation request" timestamp="2019-08-08T00:01:23.898" />
<gc-end id="6495" type="global" contextid="6487" durationms="57.774" usertimems="109.677" systemtimems="10.435" timestamp="2019-08-08T00:01:23.898" activeThreads="16">
  <mem-info id="6496" free="114076280" total="141033472" percent="80">
    <mem type="tenure" free="114076280" total="141033472" percent="80">
      <mem type="soa" free="112666232" total="139623424" percent="80" />
      <mem type="loa" free="1410048" total="1410048" percent="100" />
    </mem>
  </mem-info>
</gc-end>
<cycle-end id="6497" type="global" contextid="6487" timestamp="2019-08-08T00:01:23.898" />
  <attribute name="elasticGC enabled" value="1" />
  <attribute name= "numThreadsSpecified" value="16" />
  <attribute name="heapSize specified" value="140705792" />
  <attribute name="Current GC Util" value="53" />
  <attribute name= "Current Time Running" value="202821" />
  <attribute name ="GC Interval" value="0" />
  <attribute name="Target GC Util Change" value ="80.000000" />
  <attribute name="Current GC Util Change" value="53.000000"/>
  <attribute name="Current Error" value="27.000000" />
  <attribute name="Output H" value="141008632"/>
  <attribute name="Output I" value="2152"/>
  <attribute name="Output T" value="16"/>
  <attribute name= "Current Time Running" value="202821" />
  <attribute name="GC Util currently" value="53" />
  <attribute name="CPU Util currently" value="36622280431" />
<allocation-satisfied id="6498" threadId="000000000210DD00" bytesRequested="32776" />
<af-end id="6499" timestamp="2019-08-08T00:01:23.898" threadId="000000000210E688" success="true" />
<exclusive-end id="6500" timestamp="2019-08-08T00:01:23.898" durationms="58.173" />

<exclusive-start id="6501" timestamp="2019-08-08T00:01:24.369" intervalms="528.756">
  <response-info timems="4.785" idlems="4.785" threads="0" lastid="00000000020D5600" lastname="Thread-49" />
</exclusive-start>
<af-start id="6502" threadId="00000000020D5F88" totalBytesRequested="32776" timestamp="2019-08-08T00:01:24.369" intervalms="528.739" />
<cycle-start id="6503" type="global" contextid="0" timestamp="2019-08-08T00:01:24.370" intervalms="529.529" />
<gc-start id="6504" type="global" contextid="6503" timestamp="2019-08-08T00:01:24.370">
  <mem-info id="6505" free="1410048" total="141033472" percent="0">
    <mem type="tenure" free="1410048" total="141033472" percent="0">
      <mem type="soa" free="0" total="139623424" percent="0" />
      <mem type="loa" free="1410048" total="1410048" percent="100" />
    </mem>
  </mem-info>
</gc-start>
<allocation-stats totalBytes="112457528" >
  <allocated-bytes non-tlh="0" tlh="112457528" />
  <largest-consumer threadName="Thread-39" threadId="000000000210DD00" bytes="10326464" />
</allocation-stats>
<gc-op id="6506" type="mark" timems="41.057" contextid="6503" timestamp="2019-08-08T00:01:24.411">
  <trace-info objectcount="653002" scancount="564996" scanbytes="16270276" />
  <finalization candidates="154" enqueued="0" />
  <ownableSynchronizers candidates="22" cleared="0" />
  <references type="soft" candidates="1964" cleared="0" enqueued="0" dynamicThreshold="25" maxThreshold="32" />
  <references type="weak" candidates="6346" cleared="0" enqueued="0" />
  <references type="phantom" candidates="306" cleared="0" enqueued="0" />
  <stringconstants candidates="15971" cleared="0"  />
</gc-op>
<gc-op id="6507" type="sweep" timems="1.422" contextid="6503" timestamp="2019-08-08T00:01:24.413" />
<mem-info id="6508" free="114823536" total="141033472" percent="81">
  <mem type="tenure" free="114823536" total="141033472" percent="81" micro-fragmented="32069" macro-fragmented="0">
    <mem type="soa" free="113413488" total="139623424" percent="81" />
    <mem type="loa" free="1410048" total="1410048" percent="100" />
  </mem>
</mem-info>
<gc-op id="6509" type="compact" timems="47.723" contextid="6503" timestamp="2019-08-08T00:01:24.461">
  <compact-info movecount="31109" movebytes="3890528" reason="compact to aid heap contraction" />
</gc-op>
<heap-resize id="6510" type="expand" space="tenure" amount="327680" count="1" timems="0.019" reason="satisfy allocation request" timestamp="2019-08-08T00:01:24.461" />
<gc-end id="6511" type="global" contextid="6503" durationms="91.095" usertimems="134.673" systemtimems="4.797" timestamp="2019-08-08T00:01:24.461" activeThreads="16">
  <mem-info id="6512" free="115142856" total="141361152" percent="81">
    <mem type="tenure" free="115142856" total="141361152" percent="81">
      <mem type="soa" free="113729736" total="139948032" percent="81" />
      <mem type="loa" free="1413120" total="1413120" percent="100" />
    </mem>
  </mem-info>
</gc-end>
<cycle-end id="6513" type="global" contextid="6503" timestamp="2019-08-08T00:01:24.461" />
  <attribute name="elasticGC enabled" value="1" />
  <attribute name= "numThreadsSpecified" value="16" />
  <attribute name="heapSize specified" value="141033472" />
  <attribute name="Current GC Util" value="32" />
  <attribute name= "Current Time Running" value="203384" />
  <attribute name ="GC Interval" value="0" />
  <attribute name="Target GC Util Change" value ="80.000000" />
  <attribute name="Current GC Util Change" value="32.000000"/>
  <attribute name="Current Error" value="13.000000" />
  <attribute name="Output H" value="141336248"/>
  <attribute name="Output I" value="2080"/>
  <attribute name="Output T" value="16"/>
  <attribute name= "Current Time Running" value="203384" />
  <attribute name="GC Util currently" value="32" />
  <attribute name="CPU Util currently" value="24107383408" />
<allocation-satisfied id="6514" threadId="00000000020D5600" bytesRequested="32776" />
<af-end id="6515" timestamp="2019-08-08T00:01:24.461" threadId="00000000020D5F88" success="true" />
<exclusive-end id="6516" timestamp="2019-08-08T00:01:24.461" durationms="92.414" />

<exclusive-start id="6517" timestamp="2019-08-08T00:01:24.947" intervalms="577.913">
  <response-info timems="6.341" idlems="6.341" threads="0" lastid="00000000020F3600" lastname="Thread-43" />
</exclusive-start>
<af-start id="6518" threadId="00000000020F3F88" totalBytesRequested="2056" timestamp="2019-08-08T00:01:24.947" intervalms="577.888" />
<cycle-start id="6519" type="global" contextid="0" timestamp="2019-08-08T00:01:24.947" intervalms="576.978" />
<gc-start id="6520" type="global" contextid="6519" timestamp="2019-08-08T00:01:24.947">
  <mem-info id="6521" free="1413120" total="141361152" percent="0">
    <mem type="tenure" free="1413120" total="141361152" percent="0">
      <mem type="soa" free="0" total="139948032" percent="0" />
      <mem type="loa" free="1413120" total="1413120" percent="100" />
    </mem>
  </mem-info>
</gc-start>
<allocation-stats totalBytes="113595848" >
  <allocated-bytes non-tlh="16392" tlh="113579456" />
  <largest-consumer threadName="Thread-49" threadId="00000000020D5600" bytes="12517496" />
</allocation-stats>
<gc-op id="6522" type="mark" timems="17.959" contextid="6519" timestamp="2019-08-08T00:01:24.965">
  <trace-info objectcount="655032" scancount="566824" scanbytes="16438144" />
  <finalization candidates="154" enqueued="0" />
  <ownableSynchronizers candidates="22" cleared="0" />
  <references type="soft" candidates="1964" cleared="0" enqueued="0" dynamicThreshold="26" maxThreshold="32" />
  <references type="weak" candidates="6346" cleared="0" enqueued="0" />
  <references type="phantom" candidates="308" cleared="0" enqueued="0" />
  <stringconstants candidates="15971" cleared="0"  />
</gc-op>
<gc-op id="6523" type="sweep" timems="3.224" contextid="6519" timestamp="2019-08-08T00:01:24.968" />
<mem-info id="6524" free="114728568" total="141361152" percent="81">
  <mem type="tenure" free="114728568" total="141361152" percent="81" micro-fragmented="9364" macro-fragmented="0">
    <mem type="soa" free="113315448" total="139948032" percent="80" />
    <mem type="loa" free="1413120" total="1413120" percent="100" />
  </mem>
</mem-info>
<gc-op id="6525" type="compact" timems="70.446" contextid="6519" timestamp="2019-08-08T00:01:25.039">
  <compact-info movecount="39527" movebytes="4838064" reason="compact to aid heap contraction" />
</gc-op>
<heap-resize id="6526" type="expand" space="tenure" amount="327680" count="1" timems="0.033" reason="satisfy allocation request" timestamp="2019-08-08T00:01:25.047" />
<gc-end id="6527" type="global" contextid="6519" durationms="100.332" usertimems="133.361" systemtimems="21.494" timestamp="2019-08-08T00:01:25.047" activeThreads="16">
  <mem-info id="6528" free="115060192" total="141688832" percent="81">
    <mem type="tenure" free="115060192" total="141688832" percent="81">
      <mem type="soa" free="113644000" total="140272640" percent="81" />
      <mem type="loa" free="1416192" total="1416192" percent="100" />
    </mem>
  </mem-info>
</gc-end>
<cycle-end id="6529" type="global" contextid="6519" timestamp="2019-08-08T00:01:25.048" />
  <attribute name="elasticGC enabled" value="1" />
  <attribute name= "numThreadsSpecified" value="16" />
  <attribute name="heapSize specified" value="141361152" />
  <attribute name="Current GC Util" value="44" />
  <attribute name= "Current Time Running" value="203965" />
  <attribute name ="GC Interval" value="0" />
  <attribute name="Target GC Util Change" value ="80.000000" />
  <attribute name="Current GC Util Change" value="44.000000"/>
  <attribute name="Current Error" value="-281.000000" />
  <attribute name="Output H" value="141662568"/>
  <attribute name="Output I" value="552"/>
  <attribute name="Output T" value="16"/>
  <attribute name= "Current Time Running" value="203965" />
  <attribute name="GC Util currently" value="44" />
  <attribute name="CPU Util currently" value="15786284549" />
<allocation-satisfied id="6530" threadId="00000000020F3600" bytesRequested="2056" />
<af-end id="6531" timestamp="2019-08-08T00:01:25.048" threadId="00000000020F3F88" success="true" />
<exclusive-end id="6532" timestamp="2019-08-08T00:01:25.048" durationms="101.145" />

<exclusive-start id="6533" timestamp="2019-08-08T00:01:25.349" intervalms="402.453">
  <response-info timems="0.728" idlems="0.169" threads="6" lastid="00000000020BEF00" lastname="Thread-38" />
</exclusive-start>
<af-start id="6534" threadId="00000000020F3F88" totalBytesRequested="16" timestamp="2019-08-08T00:01:25.349" intervalms="402.461" />
<cycle-start id="6535" type="global" contextid="0" timestamp="2019-08-08T00:01:25.349" intervalms="402.461" />
<gc-start id="6536" type="global" contextid="6535" timestamp="2019-08-08T00:01:25.350">
  <mem-info id="6537" free="1416192" total="141688832" percent="0">
    <mem type="tenure" free="1416192" total="141688832" percent="0">
      <mem type="soa" free="0" total="140272640" percent="0" />
      <mem type="loa" free="1416192" total="1416192" percent="100" />
    </mem>
  </mem-info>
</gc-start>
<allocation-stats totalBytes="113559544" >
  <allocated-bytes non-tlh="0" tlh="113559544" />
  <largest-consumer threadName="Thread-38" threadId="00000000020BEF00" bytes="13681264" />
</allocation-stats>
<gc-op id="6538" type="mark" timems="20.304" contextid="6535" timestamp="2019-08-08T00:01:25.370">
  <trace-info objectcount="654698" scancount="566376" scanbytes="16203600" />
  <finalization candidates="154" enqueued="0" />
  <ownableSynchronizers candidates="22" cleared="0" />
  <references type="soft" candidates="1964" cleared="0" enqueued="0" dynamicThreshold="25" maxThreshold="32" />
  <references type="weak" candidates="6346" cleared="0" enqueued="0" />
  <references type="phantom" candidates="303" cleared="0" enqueued="0" />
  <stringconstants candidates="15971" cleared="0"  />
</gc-op>
<gc-op id="6539" type="sweep" timems="7.321" contextid="6535" timestamp="2019-08-08T00:01:25.377" />
<mem-info id="6540" free="115233936" total="141688832" percent="81">
  <mem type="tenure" free="115233936" total="141688832" percent="81" micro-fragmented="77228" macro-fragmented="0">
    <mem type="soa" free="113817744" total="140272640" percent="81" />
    <mem type="loa" free="1416192" total="1416192" percent="100" />
  </mem>
</mem-info>
<gc-op id="6541" type="compact" timems="76.887" contextid="6535" timestamp="2019-08-08T00:01:25.454">
  <compact-info movecount="30799" movebytes="4003560" reason="compact to aid heap contraction" />
</gc-op>
<heap-resize id="6542" type="expand" space="tenure" amount="327680" count="1" timems="0.025" reason="satisfy allocation request" timestamp="2019-08-08T00:01:25.501" />
<gc-end id="6543" type="global" contextid="6535" durationms="151.742" usertimems="128.803" systemtimems="8.470" timestamp="2019-08-08T00:01:25.501" activeThreads="16">
  <mem-info id="6544" free="115572272" total="142016512" percent="81">
    <mem type="tenure" free="115572272" total="142016512" percent="81">
      <mem type="soa" free="114153008" total="140597248" percent="81" />
      <mem type="loa" free="1419264" total="1419264" percent="100" />
    </mem>
  </mem-info>
</gc-end>
<cycle-end id="6545" type="global" contextid="6535" timestamp="2019-08-08T00:01:25.502" />
  <attribute name="elasticGC enabled" value="1" />
  <attribute name= "numThreadsSpecified" value="16" />
  <attribute name="heapSize specified" value="141688832" />
  <attribute name="Current GC Util" value="23" />
  <attribute name= "Current Time Running" value="204377" />
  <attribute name ="GC Interval" value="0" />
  <attribute name="Target GC Util Change" value ="80.000000" />
  <attribute name="Current GC Util Change" value="23.000000"/>
  <attribute name="Current Error" value="57.000000" />
  <attribute name="Output H" value="141991808"/>
  <attribute name="Output I" value="2304"/>
  <attribute name="Output T" value="16"/>
  <attribute name= "Current Time Running" value="204377" />
  <attribute name="GC Util currently" value="23" />
  <attribute name="CPU Util currently" value="14983594266" />
<allocation-satisfied id="6546" threadId="00000000020F3600" bytesRequested="16" />
<af-end id="6547" timestamp="2019-08-08T00:01:25.502" threadId="00000000020F3F88" success="true" />
<exclusive-end id="6548" timestamp="2019-08-08T00:01:25.502" durationms="152.461" />

<exclusive-start id="6549" timestamp="2019-08-08T00:01:25.728" intervalms="378.768">
  <response-info timems="1.472" idlems="0.594" threads="2" lastid="00000000020EFA00" lastname="Thread-50" />
</exclusive-start>
<af-start id="6550" threadId="00000000020C3488" totalBytesRequested="8200" timestamp="2019-08-08T00:01:25.728" intervalms="378.770" />
<cycle-start id="6551" type="global" contextid="0" timestamp="2019-08-08T00:01:25.728" intervalms="378.768" />
<gc-start id="6552" type="global" contextid="6551" timestamp="2019-08-08T00:01:25.728">
  <mem-info id="6553" free="1419264" total="142016512" percent="0">
    <mem type="tenure" free="1419264" total="142016512" percent="0">
      <mem type="soa" free="0" total="140597248" percent="0" />
      <mem type="loa" free="1419264" total="1419264" percent="100" />
    </mem>
  </mem-info>
</gc-start>
<allocation-stats totalBytes="113986264" >
  <allocated-bytes non-tlh="0" tlh="113986264" />
  <largest-consumer threadName="Thread-43" threadId="00000000020F3600" bytes="9725792" />
</allocation-stats>
<gc-op id="6554" type="mark" timems="26.743" contextid="6551" timestamp="2019-08-08T00:01:25.755">
  <trace-info objectcount="652578" scancount="564573" scanbytes="16157756" />
  <finalization candidates="154" enqueued="0" />
  <ownableSynchronizers candidates="22" cleared="0" />
  <references type="soft" candidates="1964" cleared="0" enqueued="0" dynamicThreshold="26" maxThreshold="32" />
  <references type="weak" candidates="6346" cleared="0" enqueued="0" />
  <references type="phantom" candidates="309" cleared="0" enqueued="0" />
  <stringconstants candidates="15971" cleared="0"  />
</gc-op>
<gc-op id="6555" type="sweep" timems="1.737" contextid="6551" timestamp="2019-08-08T00:01:25.757" />
<mem-info id="6556" free="116008944" total="142016512" percent="81">
  <mem type="tenure" free="116008944" total="142016512" percent="81" micro-fragmented="7510" macro-fragmented="0">
    <mem type="soa" free="114589680" total="140597248" percent="81" />
    <mem type="loa" free="1419264" total="1419264" percent="100" />
  </mem>
</mem-info>
<gc-op id="6557" type="compact" timems="37.207" contextid="6551" timestamp="2019-08-08T00:01:25.794">
  <compact-info movecount="34781" movebytes="4066680" reason="compact to aid heap contraction" />
</gc-op>
<heap-resize id="6558" type="expand" space="tenure" amount="327680" count="1" timems="0.025" reason="satisfy allocation request" timestamp="2019-08-08T00:01:25.797" />
<gc-end id="6559" type="global" contextid="6551" durationms="68.452" usertimems="144.169" systemtimems="36.483" timestamp="2019-08-08T00:01:25.797" activeThreads="16">
  <mem-info id="6560" free="116317704" total="142344192" percent="81">
    <mem type="tenure" free="116317704" total="142344192" percent="81">
      <mem type="soa" free="114894344" total="140920832" percent="81" />
      <mem type="loa" free="1423360" total="1423360" percent="100" />
    </mem>
  </mem-info>
</gc-end>
<cycle-end id="6561" type="global" contextid="6551" timestamp="2019-08-08T00:01:25.797" />
  <attribute name="elasticGC enabled" value="1" />
  <attribute name= "numThreadsSpecified" value="16" />
  <attribute name="heapSize specified" value="142016512" />
  <attribute name="Current GC Util" value="46" />
  <attribute name= "Current Time Running" value="204717" />
  <attribute name ="GC Interval" value="0" />
  <attribute name="Target GC Util Change" value ="80.000000" />
  <attribute name="Current GC Util Change" value="46.000000"/>
  <attribute name="Current Error" value="-336.000000" />
  <attribute name="Output H" value="142317680"/>
  <attribute name="Output I" value="264"/>
  <attribute name="Output T" value="16"/>
  <attribute name= "Current Time Running" value="204717" />
  <attribute name="GC Util currently" value="46" />
  <attribute name="CPU Util currently" value="30959379655" />
<allocation-satisfied id="6562" threadId="00000000020C2B00" bytesRequested="8200" />
<af-end id="6563" timestamp="2019-08-08T00:01:25.797" threadId="00000000020C3488" success="true" />
<exclusive-end id="6564" timestamp="2019-08-08T00:01:25.797" durationms="69.354" />

<exclusive-start id="6565" timestamp="2019-08-08T00:01:26.102" intervalms="374.396">
  <response-info timems="11.082" idlems="11.082" threads="0" lastid="0000000002115500" lastname="Thread-46" />
</exclusive-start>
<af-start id="6566" threadId="0000000002115E88" totalBytesRequested="824" timestamp="2019-08-08T00:01:26.103" intervalms="374.413" />
<cycle-start id="6567" type="global" contextid="0" timestamp="2019-08-08T00:01:26.103" intervalms="374.435" />
<gc-start id="6568" type="global" contextid="6567" timestamp="2019-08-08T00:01:26.103">
  <mem-info id="6569" free="1423360" total="142344192" percent="0">
    <mem type="tenure" free="1423360" total="142344192" percent="0">
      <mem type="soa" free="0" total="140920832" percent="0" />
      <mem type="loa" free="1423360" total="1423360" percent="100" />
    </mem>
  </mem-info>
</gc-start>
<allocation-stats totalBytes="114734640" >
  <allocated-bytes non-tlh="0" tlh="114734640" />
  <largest-consumer threadName="Thread-48" threadId="00000000020BB300" bytes="11850432" />
</allocation-stats>
<gc-op id="6570" type="mark" timems="17.425" contextid="6567" timestamp="2019-08-08T00:01:26.120">
  <trace-info objectcount="652117" scancount="564106" scanbytes="15995492" />
  <finalization candidates="154" enqueued="0" />
  <ownableSynchronizers candidates="22" cleared="0" />
  <references type="soft" candidates="1964" cleared="0" enqueued="0" dynamicThreshold="26" maxThreshold="32" />
  <references type="weak" candidates="6347" cleared="0" enqueued="0" />
  <references type="phantom" candidates="308" cleared="0" enqueued="0" />
  <stringconstants candidates="15971" cleared="0"  />
</gc-op>
<gc-op id="6571" type="sweep" timems="3.047" contextid="6567" timestamp="2019-08-08T00:01:26.123" />
<mem-info id="6572" free="116628264" total="142344192" percent="81">
  <mem type="tenure" free="116628264" total="142344192" percent="81" micro-fragmented="32477" macro-fragmented="0">
    <mem type="soa" free="115204904" total="140920832" percent="81" />
    <mem type="loa" free="1423360" total="1423360" percent="100" />
  </mem>
</mem-info>
<gc-op id="6573" type="compact" timems="33.175" contextid="6567" timestamp="2019-08-08T00:01:26.157">
  <compact-info movecount="34311" movebytes="3766888" reason="compact to aid heap contraction" />
</gc-op>
<heap-resize id="6574" type="expand" space="tenure" amount="327680" count="1" timems="0.018" reason="satisfy allocation request" timestamp="2019-08-08T00:01:26.157" />
<gc-end id="6575" type="global" contextid="6567" durationms="54.709" usertimems="172.932" systemtimems="5.604" timestamp="2019-08-08T00:01:26.157" activeThreads="16">
  <mem-info id="6576" free="116942424" total="142671872" percent="81">
    <mem type="tenure" free="116942424" total="142671872" percent="81">
      <mem type="soa" free="115515992" total="141245440" percent="81" />
      <mem type="loa" free="1426432" total="1426432" percent="100" />
    </mem>
  </mem-info>
</gc-end>
<cycle-end id="6577" type="global" contextid="6567" timestamp="2019-08-08T00:01:26.158" />
  <attribute name="elasticGC enabled" value="1" />
  <attribute name= "numThreadsSpecified" value="16" />
  <attribute name="heapSize specified" value="142344192" />
  <attribute name="Current GC Util" value="49" />
  <attribute name= "Current Time Running" value="205080" />
  <attribute name ="GC Interval" value="0" />
  <attribute name="Target GC Util Change" value ="80.000000" />
  <attribute name="Current GC Util Change" value="49.000000"/>
  <attribute name="Current Error" value="-379.000000" />
  <attribute name="Output H" value="142645160"/>
  <attribute name="Output I" value="200"/>
  <attribute name="Output T" value="16"/>
  <attribute name= "Current Time Running" value="205080" />
  <attribute name="GC Util currently" value="49" />
  <attribute name="CPU Util currently" value="34704628135" />
<allocation-satisfied id="6578" threadId="0000000002115500" bytesRequested="824" />
<af-end id="6579" timestamp="2019-08-08T00:01:26.158" threadId="0000000002115E88" success="true" />
<exclusive-end id="6580" timestamp="2019-08-08T00:01:26.158" durationms="55.704" />

<exclusive-start id="6581" timestamp="2019-08-08T00:01:26.802" intervalms="699.092">
  <response-info timems="1.352" idlems="0.332" threads="9" lastid="00000000020EFA00" lastname="Thread-50" />
</exclusive-start>
<af-start id="6582" threadId="0000000002115E88" totalBytesRequested="8200" timestamp="2019-08-08T00:01:26.803" intervalms="700.562" />
<cycle-start id="6583" type="global" contextid="0" timestamp="2019-08-08T00:01:26.803" intervalms="700.568" />
<gc-start id="6584" type="global" contextid="6583" timestamp="2019-08-08T00:01:26.803">
  <mem-info id="6585" free="1426432" total="142671872" percent="0">
    <mem type="tenure" free="1426432" total="142671872" percent="0">
      <mem type="soa" free="0" total="141245440" percent="0" />
      <mem type="loa" free="1426432" total="1426432" percent="100" />
    </mem>
  </mem-info>
</gc-start>
<allocation-stats totalBytes="115394416" >
  <allocated-bytes non-tlh="32776" tlh="115361640" />
  <largest-consumer threadName="Thread-38" threadId="00000000020BEF00" bytes="15338296" />
</allocation-stats>
<gc-op id="6586" type="mark" timems="54.920" contextid="6583" timestamp="2019-08-08T00:01:26.858">
  <trace-info objectcount="653385" scancount="565291" scanbytes="16325396" />
  <finalization candidates="154" enqueued="0" />
  <ownableSynchronizers candidates="22" cleared="0" />
  <references type="soft" candidates="1964" cleared="0" enqueued="0" dynamicThreshold="26" maxThreshold="32" />
  <references type="weak" candidates="6347" cleared="0" enqueued="0" />
  <references type="phantom" candidates="310" cleared="0" enqueued="0" />
  <stringconstants candidates="15971" cleared="0"  />
</gc-op>
<gc-op id="6587" type="sweep" timems="6.235" contextid="6583" timestamp="2019-08-08T00:01:26.865" />
<mem-info id="6588" free="116381728" total="142671872" percent="81">
  <mem type="tenure" free="116381728" total="142671872" percent="81" micro-fragmented="14865" macro-fragmented="0">
    <mem type="soa" free="114955296" total="141245440" percent="81" />
    <mem type="loa" free="1426432" total="1426432" percent="100" />
  </mem>
</mem-info>
<gc-op id="6589" type="compact" timems="46.888" contextid="6583" timestamp="2019-08-08T00:01:26.912">
  <compact-info movecount="44402" movebytes="4794864" reason="compact to aid heap contraction" />
</gc-op>
<heap-resize id="6590" type="expand" space="tenure" amount="327680" count="1" timems="0.025" reason="satisfy allocation request" timestamp="2019-08-08T00:01:26.912" />
<gc-end id="6591" type="global" contextid="6583" durationms="108.897" usertimems="206.613" systemtimems="48.021" timestamp="2019-08-08T00:01:26.912" activeThreads="16">
  <mem-info id="6592" free="116699424" total="142999552" percent="81">
    <mem type="tenure" free="116699424" total="142999552" percent="81">
      <mem type="soa" free="115269920" total="141570048" percent="81" />
      <mem type="loa" free="1429504" total="1429504" percent="100" />
    </mem>
  </mem-info>
</gc-end>
<cycle-end id="6593" type="global" contextid="6583" timestamp="2019-08-08T00:01:26.912" />
  <attribute name="elasticGC enabled" value="1" />
  <attribute name= "numThreadsSpecified" value="16" />
  <attribute name="heapSize specified" value="142671872" />
  <attribute name="Current GC Util" value="69" />
  <attribute name= "Current Time Running" value="205835" />
  <attribute name ="GC Interval" value="0" />
  <attribute name="Target GC Util Change" value ="80.000000" />
  <attribute name="Current GC Util Change" value="69.000000"/>
  <attribute name="Current Error" value="11.000000" />
  <attribute name="Output H" value="142974640"/>
  <attribute name="Output I" value="2072"/>
  <attribute name="Output T" value="16"/>
  <attribute name= "Current Time Running" value="205835" />
  <attribute name="GC Util currently" value="69" />
  <attribute name="CPU Util currently" value="24570838027" />
<allocation-satisfied id="6594" threadId="0000000002115500" bytesRequested="8200" />
<af-end id="6595" timestamp="2019-08-08T00:01:26.913" threadId="0000000002115E88" success="true" />
<exclusive-end id="6596" timestamp="2019-08-08T00:01:26.913" durationms="110.964" />

<exclusive-start id="6597" timestamp="2019-08-08T00:01:27.295" intervalms="493.797">
  <response-info timems="47.807" idlems="46.904" threads="1" lastid="00000000020BEF00" lastname="Thread-38" />
</exclusive-start>
<af-start id="6598" threadId="0000000002115E88" totalBytesRequested="16392" timestamp="2019-08-08T00:01:27.295" intervalms="492.316" />
<cycle-start id="6599" type="global" contextid="0" timestamp="2019-08-08T00:01:27.295" intervalms="492.305" />
<gc-start id="6600" type="global" contextid="6599" timestamp="2019-08-08T00:01:27.296">
  <mem-info id="6601" free="1429504" total="142999552" percent="0">
    <mem type="tenure" free="1429504" total="142999552" percent="0">
      <mem type="soa" free="0" total="141570048" percent="0" />
      <mem type="loa" free="1429504" total="1429504" percent="100" />
    </mem>
  </mem-info>
</gc-start>
<allocation-stats totalBytes="115162112" >
  <allocated-bytes non-tlh="0" tlh="115162112" />
  <largest-consumer threadName="Thread-52" threadId="00000000020CA300" bytes="14915896" />
</allocation-stats>
<gc-op id="6602" type="mark" timems="198.378" contextid="6599" timestamp="2019-08-08T00:01:27.494">
  <trace-info objectcount="653848" scancount="565565" scanbytes="16379572" />
  <finalization candidates="154" enqueued="0" />
  <ownableSynchronizers candidates="22" cleared="0" />
  <references type="soft" candidates="1964" cleared="0" enqueued="0" dynamicThreshold="26" maxThreshold="32" />
  <references type="weak" candidates="6346" cleared="0" enqueued="0" />
  <references type="phantom" candidates="306" cleared="0" enqueued="0" />
  <stringconstants candidates="15971" cleared="0"  />
</gc-op>
<gc-op id="6603" type="sweep" timems="38.097" contextid="6599" timestamp="2019-08-08T00:01:27.532" />
<mem-info id="6604" free="116348816" total="142999552" percent="81">
  <mem type="tenure" free="116348816" total="142999552" percent="81" micro-fragmented="32419" macro-fragmented="0">
    <mem type="soa" free="114919312" total="141570048" percent="81" />
    <mem type="loa" free="1429504" total="1429504" percent="100" />
  </mem>
</mem-info>
<gc-op id="6605" type="compact" timems="104.996" contextid="6599" timestamp="2019-08-08T00:01:27.637">
  <compact-info movecount="35829" movebytes="4664792" reason="compact to aid heap contraction" />
</gc-op>
<heap-resize id="6606" type="expand" space="tenure" amount="327680" count="1" timems="0.021" reason="satisfy allocation request" timestamp="2019-08-08T00:01:27.638" />
<gc-end id="6607" type="global" contextid="6599" durationms="342.090" usertimems="473.188" systemtimems="216.221" timestamp="2019-08-08T00:01:27.638" activeThreads="16">
  <mem-info id="6608" free="116688464" total="143327232" percent="81">
    <mem type="tenure" free="116688464" total="143327232" percent="81">
      <mem type="soa" free="115255888" total="141894656" percent="81" />
      <mem type="loa" free="1432576" total="1432576" percent="100" />
    </mem>
  </mem-info>
</gc-end>
<cycle-end id="6609" type="global" contextid="6599" timestamp="2019-08-08T00:01:27.638" />
  <attribute name="elasticGC enabled" value="1" />
  <attribute name= "numThreadsSpecified" value="16" />
  <attribute name="heapSize specified" value="142999552" />
  <attribute name="Current GC Util" value="59" />
  <attribute name= "Current Time Running" value="206560" />
  <attribute name ="GC Interval" value="0" />
  <attribute name="Target GC Util Change" value ="80.000000" />
  <attribute name="Current GC Util Change" value="59.000000"/>
  <attribute name="Current Error" value="50.000000" />
  <attribute name="Output H" value="143302496"/>
  <attribute name="Output I" value="2272"/>
  <attribute name="Output T" value="16"/>
  <attribute name= "Current Time Running" value="206560" />
  <attribute name="GC Util currently" value="59" />
  <attribute name="CPU Util currently" value="11292759348" />
<allocation-satisfied id="6610" threadId="0000000002115500" bytesRequested="16392" />
<af-end id="6611" timestamp="2019-08-08T00:01:27.638" threadId="0000000002115E88" success="true" />
<exclusive-end id="6612" timestamp="2019-08-08T00:01:27.638" durationms="342.685" />

<exclusive-start id="6613" timestamp="2019-08-08T00:01:27.992" intervalms="696.850">
  <response-info timems="15.035" idlems="10.722" threads="10" lastid="0000000001DE3B00" lastname="JIT Compilation Thread-4" />
</exclusive-start>
<af-start id="6614" threadId="000000000210AA88" totalBytesRequested="16392" timestamp="2019-08-08T00:01:27.997" intervalms="701.580" />
<cycle-start id="6615" type="global" contextid="0" timestamp="2019-08-08T00:01:27.997" intervalms="701.592" />
<gc-start id="6616" type="global" contextid="6615" timestamp="2019-08-08T00:01:28.001">
  <mem-info id="6617" free="1432576" total="143327232" percent="0">
    <mem type="tenure" free="1432576" total="143327232" percent="0">
      <mem type="soa" free="0" total="141894656" percent="0" />
      <mem type="loa" free="1432576" total="1432576" percent="100" />
    </mem>
  </mem-info>
</gc-start>
<allocation-stats totalBytes="115064376" >
  <allocated-bytes non-tlh="0" tlh="115064376" />
  <largest-consumer threadName="Thread-49" threadId="00000000020D5600" bytes="9921344" />
</allocation-stats>
<gc-op id="6618" type="mark" timems="58.014" contextid="6615" timestamp="2019-08-08T00:01:28.059">
  <trace-info objectcount="653674" scancount="565448" scanbytes="16406676" />
  <finalization candidates="154" enqueued="0" />
  <ownableSynchronizers candidates="22" cleared="0" />
  <references type="soft" candidates="1964" cleared="0" enqueued="0" dynamicThreshold="26" maxThreshold="32" />
  <references type="weak" candidates="6347" cleared="0" enqueued="0" />
  <references type="phantom" candidates="309" cleared="0" enqueued="0" />
  <stringconstants candidates="15971" cleared="0"  />
</gc-op>
<gc-op id="6619" type="sweep" timems="2.608" contextid="6615" timestamp="2019-08-08T00:01:28.062" />
<mem-info id="6620" free="116701184" total="143327232" percent="81">
  <mem type="tenure" free="116701184" total="143327232" percent="81" micro-fragmented="12827" macro-fragmented="0">
    <mem type="soa" free="115268608" total="141894656" percent="81" />
    <mem type="loa" free="1432576" total="1432576" percent="100" />
  </mem>
</mem-info>
<gc-op id="6621" type="compact" timems="35.079" contextid="6615" timestamp="2019-08-08T00:01:28.097">
  <compact-info movecount="42986" movebytes="5319016" reason="compact to aid heap contraction" />
</gc-op>
<heap-resize id="6622" type="expand" space="tenure" amount="327680" count="1" timems="0.024" reason="satisfy allocation request" timestamp="2019-08-08T00:01:28.098" />
<gc-end id="6623" type="global" contextid="6615" durationms="96.974" usertimems="178.599" systemtimems="20.749" timestamp="2019-08-08T00:01:28.098" activeThreads="16">
  <mem-info id="6624" free="117029376" total="143654912" percent="81">
    <mem type="tenure" free="117029376" total="143654912" percent="81">
      <mem type="soa" free="115593728" total="142219264" percent="81" />
      <mem type="loa" free="1435648" total="1435648" percent="100" />
    </mem>
  </mem-info>
</gc-end>
<cycle-end id="6625" type="global" contextid="6615" timestamp="2019-08-08T00:01:28.098" />
  <attribute name="elasticGC enabled" value="1" />
  <attribute name= "numThreadsSpecified" value="16" />
  <attribute name="heapSize specified" value="143327232" />
  <attribute name="Current GC Util" value="61" />
  <attribute name= "Current Time Running" value="207020" />
  <attribute name ="GC Interval" value="0" />
  <attribute name="Target GC Util Change" value ="80.000000" />
  <attribute name="Current GC Util Change" value="61.000000"/>
  <attribute name="Current Error" value="-168.000000" />
  <attribute name="Output H" value="143629176"/>
  <attribute name="Output I" value="1136"/>
  <attribute name="Output T" value="16"/>
  <attribute name= "Current Time Running" value="207020" />
  <attribute name="GC Util currently" value="61" />
  <attribute name="CPU Util currently" value="32829368417" />
<allocation-satisfied id="6626" threadId="000000000210A100" bytesRequested="16392" />
<af-end id="6627" timestamp="2019-08-08T00:01:28.098" threadId="000000000210AA88" success="true" />
<exclusive-end id="6628" timestamp="2019-08-08T00:01:28.098" durationms="105.716" />

<exclusive-start id="6629" timestamp="2019-08-08T00:01:28.278" intervalms="285.933">
  <response-info timems="4.568" idlems="2.959" threads="2" lastid="0000000002102A00" lastname="Thread-51" />
</exclusive-start>
<af-start id="6630" threadId="00000000020E1388" totalBytesRequested="32776" timestamp="2019-08-08T00:01:28.278" intervalms="281.212" />
<cycle-start id="6631" type="global" contextid="0" timestamp="2019-08-08T00:01:28.278" intervalms="281.208" />
<gc-start id="6632" type="global" contextid="6631" timestamp="2019-08-08T00:01:28.279">
  <mem-info id="6633" free="1435648" total="143654912" percent="0">
    <mem type="tenure" free="1435648" total="143654912" percent="0">
      <mem type="soa" free="0" total="142219264" percent="0" />
      <mem type="loa" free="1435648" total="1435648" percent="100" />
    </mem>
  </mem-info>
</gc-start>
<allocation-stats totalBytes="115469896" >
  <allocated-bytes non-tlh="0" tlh="115469896" />
  <largest-consumer threadName="Thread-49" threadId="00000000020D5600" bytes="14606144" />
</allocation-stats>
<gc-op id="6634" type="mark" timems="54.006" contextid="6631" timestamp="2019-08-08T00:01:28.333">
  <trace-info objectcount="654039" scancount="565705" scanbytes="16384064" />
  <finalization candidates="154" enqueued="0" />
  <ownableSynchronizers candidates="22" cleared="0" />
  <references type="soft" candidates="1964" cleared="0" enqueued="0" dynamicThreshold="26" maxThreshold="32" />
  <references type="weak" candidates="6346" cleared="0" enqueued="0" />
  <references type="phantom" candidates="303" cleared="0" enqueued="0" />
  <stringconstants candidates="15971" cleared="0"  />
</gc-op>
<gc-op id="6635" type="sweep" timems="4.798" contextid="6631" timestamp="2019-08-08T00:01:28.337" />
<mem-info id="6636" free="116772984" total="143654912" percent="81">
  <mem type="tenure" free="116772984" total="143654912" percent="81" micro-fragmented="41807" macro-fragmented="0">
    <mem type="soa" free="115337336" total="142219264" percent="81" />
    <mem type="loa" free="1435648" total="1435648" percent="100" />
  </mem>
</mem-info>
<gc-op id="6637" type="compact" timems="36.639" contextid="6631" timestamp="2019-08-08T00:01:28.374">
  <compact-info movecount="36031" movebytes="4902232" reason="compact to aid heap contraction" />
</gc-op>
<heap-resize id="6638" type="expand" space="tenure" amount="327680" count="1" timems="0.019" reason="satisfy allocation request" timestamp="2019-08-08T00:01:28.375" />
<gc-end id="6639" type="global" contextid="6631" durationms="96.228" usertimems="191.590" systemtimems="59.548" timestamp="2019-08-08T00:01:28.375" activeThreads="16">
  <mem-info id="6640" free="117109640" total="143982592" percent="81">
    <mem type="tenure" free="117109640" total="143982592" percent="81">
      <mem type="soa" free="115669896" total="142542848" percent="81" />
      <mem type="loa" free="1439744" total="1439744" percent="100" />
    </mem>
  </mem-info>
</gc-end>
<cycle-end id="6641" type="global" contextid="6631" timestamp="2019-08-08T00:01:28.375" />
  <attribute name="elasticGC enabled" value="1" />
  <attribute name= "numThreadsSpecified" value="16" />
  <attribute name="heapSize specified" value="143654912" />
  <attribute name="Current GC Util" value="71" />
  <attribute name= "Current Time Running" value="207297" />
  <attribute name ="GC Interval" value="0" />
  <attribute name="Target GC Util Change" value ="80.000000" />
  <attribute name="Current GC Util Change" value="71.000000"/>
  <attribute name="Current Error" value="9.000000" />
  <attribute name="Output H" value="143957672"/>
  <attribute name="Output I" value="2056"/>
  <attribute name="Output T" value="16"/>
  <attribute name= "Current Time Running" value="207297" />
  <attribute name="GC Util currently" value="71" />
  <attribute name="CPU Util currently" value="31537176794" />
<allocation-satisfied id="6642" threadId="00000000020E0A00" bytesRequested="32776" />
<af-end id="6643" timestamp="2019-08-08T00:01:28.375" threadId="00000000020E1388" success="true" />
<exclusive-end id="6644" timestamp="2019-08-08T00:01:28.375" durationms="96.936" />

<exclusive-start id="6645" timestamp="2019-08-08T00:01:28.594" intervalms="315.851">
  <response-info timems="4.723" idlems="4.723" threads="0" lastid="000000000210DD00" lastname="Thread-39" />
</exclusive-start>
<af-start id="6646" threadId="000000000210E688" totalBytesRequested="16392" timestamp="2019-08-08T00:01:28.594" intervalms="315.850" />
<cycle-start id="6647" type="global" contextid="0" timestamp="2019-08-08T00:01:28.594" intervalms="315.829" />
<gc-start id="6648" type="global" contextid="6647" timestamp="2019-08-08T00:01:28.594">
  <mem-info id="6649" free="1439744" total="143982592" percent="0">
    <mem type="tenure" free="1439744" total="143982592" percent="0">
      <mem type="soa" free="0" total="142542848" percent="0" />
      <mem type="loa" free="1439744" total="1439744" percent="100" />
    </mem>
  </mem-info>
</gc-start>
<allocation-stats totalBytes="115436328" >
  <allocated-bytes non-tlh="0" tlh="115436328" />
  <largest-consumer threadName="Thread-42" threadId="00000000020C2B00" bytes="13752168" />
</allocation-stats>
<gc-op id="6650" type="mark" timems="31.705" contextid="6647" timestamp="2019-08-08T00:01:28.626">
  <trace-info objectcount="651932" scancount="563991" scanbytes="16288816" />
  <finalization candidates="154" enqueued="0" />
  <ownableSynchronizers candidates="22" cleared="0" />
  <references type="soft" candidates="1964" cleared="0" enqueued="0" dynamicThreshold="26" maxThreshold="32" />
  <references type="weak" candidates="6347" cleared="0" enqueued="0" />
  <references type="phantom" candidates="312" cleared="0" enqueued="0" />
  <stringconstants candidates="15971" cleared="0"  />
</gc-op>
<gc-op id="6651" type="sweep" timems="3.996" contextid="6647" timestamp="2019-08-08T00:01:28.630" />
<mem-info id="6652" free="117799376" total="143982592" percent="81">
  <mem type="tenure" free="117799376" total="143982592" percent="81" micro-fragmented="6708" macro-fragmented="0">
    <mem type="soa" free="116359632" total="142542848" percent="81" />
    <mem type="loa" free="1439744" total="1439744" percent="100" />
  </mem>
</mem-info>
<gc-op id="6653" type="compact" timems="55.034" contextid="6647" timestamp="2019-08-08T00:01:28.685">
  <compact-info movecount="42972" movebytes="4713896" reason="compact to aid heap contraction" />
</gc-op>
<heap-resize id="6654" type="expand" space="tenure" amount="327680" count="1" timems="0.027" reason="satisfy allocation request" timestamp="2019-08-08T00:01:28.686" />
<gc-end id="6655" type="global" contextid="6647" durationms="91.805" usertimems="152.265" systemtimems="21.259" timestamp="2019-08-08T00:01:28.686" activeThreads="16">
  <mem-info id="6656" free="118108384" total="144310272" percent="81">
    <mem type="tenure" free="118108384" total="144310272" percent="81">
      <mem type="soa" free="116665568" total="142867456" percent="81" />
      <mem type="loa" free="1442816" total="1442816" percent="100" />
    </mem>
  </mem-info>
</gc-end>
<cycle-end id="6657" type="global" contextid="6647" timestamp="2019-08-08T00:01:28.686" />
  <attribute name="elasticGC enabled" value="1" />
  <attribute name= "numThreadsSpecified" value="16" />
  <attribute name="heapSize specified" value="143982592" />
  <attribute name="Current GC Util" value="70" />
  <attribute name= "Current Time Running" value="207608" />
  <attribute name ="GC Interval" value="0" />
  <attribute name="Target GC Util Change" value ="80.000000" />
  <attribute name="Current GC Util Change" value="70.000000"/>
  <attribute name="Current Error" value="-76.000000" />
  <attribute name="Output H" value="144284960"/>
  <attribute name="Output I" value="1616"/>
  <attribute name="Output T" value="16"/>
  <attribute name= "Current Time Running" value="207608" />
  <attribute name="GC Util currently" value="70" />
  <attribute name="CPU Util currently" value="20930020531" />
<allocation-satisfied id="6658" threadId="000000000210DD00" bytesRequested="16392" />
<af-end id="6659" timestamp="2019-08-08T00:01:28.686" threadId="000000000210E688" success="true" />
<exclusive-end id="6660" timestamp="2019-08-08T00:01:28.686" durationms="92.081" />

<exclusive-start id="6661" timestamp="2019-08-08T00:01:28.957" intervalms="363.345">
  <response-info timems="5.744" idlems="2.888" threads="1" lastid="00000000020EFA00" lastname="Thread-50" />
</exclusive-start>
<af-start id="6662" threadId="00000000020CAC88" totalBytesRequested="40" timestamp="2019-08-08T00:01:28.957" intervalms="363.334" />
<cycle-start id="6663" type="global" contextid="0" timestamp="2019-08-08T00:01:28.957" intervalms="363.339" />
<gc-start id="6664" type="global" contextid="6663" timestamp="2019-08-08T00:01:28.958">
  <mem-info id="6665" free="1442816" total="144310272" percent="0">
    <mem type="tenure" free="1442816" total="144310272" percent="0">
      <mem type="soa" free="0" total="142867456" percent="0" />
      <mem type="loa" free="1442816" total="1442816" percent="100" />
    </mem>
  </mem-info>
</gc-start>
<allocation-stats totalBytes="116593240" >
  <allocated-bytes non-tlh="0" tlh="116593240" />
  <largest-consumer threadName="Thread-40" threadId="00000000020E8200" bytes="13820368" />
</allocation-stats>
<gc-op id="6666" type="mark" timems="26.921" contextid="6663" timestamp="2019-08-08T00:01:28.985">
  <trace-info objectcount="654338" scancount="565864" scanbytes="16435600" />
  <finalization candidates="154" enqueued="0" />
  <ownableSynchronizers candidates="22" cleared="0" />
  <references type="soft" candidates="1964" cleared="0" enqueued="0" dynamicThreshold="26" maxThreshold="32" />
  <references type="weak" candidates="6346" cleared="0" enqueued="0" />
  <references type="phantom" candidates="304" cleared="0" enqueued="0" />
  <stringconstants candidates="15971" cleared="0"  />
</gc-op>
<gc-op id="6667" type="sweep" timems="13.854" contextid="6663" timestamp="2019-08-08T00:01:28.998" />
<mem-info id="6668" free="117436864" total="144310272" percent="81">
  <mem type="tenure" free="117436864" total="144310272" percent="81" micro-fragmented="59021" macro-fragmented="0">
    <mem type="soa" free="115994048" total="142867456" percent="81" />
    <mem type="loa" free="1442816" total="1442816" percent="100" />
  </mem>
</mem-info>
<gc-op id="6669" type="compact" timems="41.497" contextid="6663" timestamp="2019-08-08T00:01:29.040">
  <compact-info movecount="45349" movebytes="5334064" reason="compact to aid heap contraction" />
</gc-op>
<heap-resize id="6670" type="expand" space="tenure" amount="327680" count="1" timems="0.032" reason="satisfy allocation request" timestamp="2019-08-08T00:01:29.063" />
<gc-end id="6671" type="global" contextid="6663" durationms="105.261" usertimems="154.405" systemtimems="32.848" timestamp="2019-08-08T00:01:29.063" activeThreads="16">
  <mem-info id="6672" free="117797976" total="144637952" percent="81">
    <mem type="tenure" free="117797976" total="144637952" percent="81">
      <mem type="soa" free="116352088" total="143192064" percent="81" />
      <mem type="loa" free="1445888" total="1445888" percent="100" />
    </mem>
  </mem-info>
</gc-end>
<cycle-end id="6673" type="global" contextid="6663" timestamp="2019-08-08T00:01:29.063" />
  <attribute name="elasticGC enabled" value="1" />
  <attribute name= "numThreadsSpecified" value="16" />
  <attribute name="heapSize specified" value="144310272" />
  <attribute name="Current GC Util" value="53" />
  <attribute name= "Current Time Running" value="207963" />
  <attribute name ="GC Interval" value="0" />
  <attribute name="Target GC Util Change" value ="80.000000" />
  <attribute name="Current GC Util Change" value="53.000000"/>
  <attribute name="Current Error" value="-268.000000" />
  <attribute name="Output H" value="144611752"/>
  <attribute name="Output I" value="616"/>
  <attribute name="Output T" value="16"/>
  <attribute name= "Current Time Running" value="207963" />
  <attribute name="GC Util currently" value="53" />
  <attribute name="CPU Util currently" value="27745764306" />
<allocation-satisfied id="6674" threadId="00000000020CA300" bytesRequested="40" />
<af-end id="6675" timestamp="2019-08-08T00:01:29.063" threadId="00000000020CAC88" success="true" />
<exclusive-end id="6676" timestamp="2019-08-08T00:01:29.063" durationms="105.607" />

<exclusive-start id="6677" timestamp="2019-08-08T00:01:29.320" intervalms="362.918">
  <response-info timems="11.490" idlems="11.490" threads="0" lastid="0000000002102A00" lastname="Thread-51" />
</exclusive-start>
<af-start id="6678" threadId="0000000002103388" totalBytesRequested="48" timestamp="2019-08-08T00:01:29.320" intervalms="362.962" />
<cycle-start id="6679" type="global" contextid="0" timestamp="2019-08-08T00:01:29.320" intervalms="362.964" />
<gc-start id="6680" type="global" contextid="6679" timestamp="2019-08-08T00:01:29.321">
  <mem-info id="6681" free="1445888" total="144637952" percent="0">
    <mem type="tenure" free="1445888" total="144637952" percent="0">
      <mem type="soa" free="0" total="143192064" percent="0" />
      <mem type="loa" free="1445888" total="1445888" percent="100" />
    </mem>
  </mem-info>
</gc-start>
<allocation-stats totalBytes="116277608" >
  <allocated-bytes non-tlh="0" tlh="116277608" />
  <largest-consumer threadName="Thread-39" threadId="000000000210DD00" bytes="13033320" />
</allocation-stats>
<gc-op id="6682" type="mark" timems="41.929" contextid="6679" timestamp="2019-08-08T00:01:29.362">
  <trace-info objectcount="653864" scancount="565477" scanbytes="16423476" />
  <finalization candidates="154" enqueued="0" />
  <ownableSynchronizers candidates="22" cleared="0" />
  <references type="soft" candidates="1964" cleared="0" enqueued="0" dynamicThreshold="26" maxThreshold="32" />
  <references type="weak" candidates="6346" cleared="0" enqueued="0" />
  <references type="phantom" candidates="306" cleared="0" enqueued="0" />
  <stringconstants candidates="15971" cleared="0"  />
</gc-op>
<gc-op id="6683" type="sweep" timems="3.419" contextid="6679" timestamp="2019-08-08T00:01:29.366" />
<mem-info id="6684" free="117688104" total="144637952" percent="81">
  <mem type="tenure" free="117688104" total="144637952" percent="81" micro-fragmented="45640" macro-fragmented="0">
    <mem type="soa" free="116242216" total="143192064" percent="81" />
    <mem type="loa" free="1445888" total="1445888" percent="100" />
  </mem>
</mem-info>
<gc-op id="6685" type="compact" timems="34.931" contextid="6679" timestamp="2019-08-08T00:01:29.401">
  <compact-info movecount="44894" movebytes="5448824" reason="compact to aid heap contraction" />
</gc-op>
<heap-resize id="6686" type="expand" space="tenure" amount="327680" count="1" timems="0.024" reason="satisfy allocation request" timestamp="2019-08-08T00:01:29.402" />
<gc-end id="6687" type="global" contextid="6679" durationms="81.610" usertimems="251.277" systemtimems="52.674" timestamp="2019-08-08T00:01:29.402" activeThreads="16">
  <mem-info id="6688" free="118027952" total="144965632" percent="81">
    <mem type="tenure" free="118027952" total="144965632" percent="81">
      <mem type="soa" free="116578992" total="143516672" percent="81" />
      <mem type="loa" free="1448960" total="1448960" percent="100" />
    </mem>
  </mem-info>
</gc-end>
<cycle-end id="6689" type="global" contextid="6679" timestamp="2019-08-08T00:01:29.402" />
  <attribute name="elasticGC enabled" value="1" />
  <attribute name= "numThreadsSpecified" value="16" />
  <attribute name="heapSize specified" value="144637952" />
  <attribute name="Current GC Util" value="66" />
  <attribute name= "Current Time Running" value="208324" />
  <attribute name ="GC Interval" value="0" />
  <attribute name="Target GC Util Change" value ="80.000000" />
  <attribute name="Current GC Util Change" value="66.000000"/>
  <attribute name="Current Error" value="14.000000" />
  <attribute name="Output H" value="144940728"/>
  <attribute name="Output I" value="2080"/>
  <attribute name="Output T" value="16"/>
  <attribute name= "Current Time Running" value="208324" />
  <attribute name="GC Util currently" value="66" />
  <attribute name="CPU Util currently" value="32948517793" />
<allocation-satisfied id="6690" threadId="0000000002102A00" bytesRequested="48" />
<af-end id="6691" timestamp="2019-08-08T00:01:29.402" threadId="0000000002103388" success="true" />
<exclusive-end id="6692" timestamp="2019-08-08T00:01:29.402" durationms="81.961" />

<exclusive-start id="6693" timestamp="2019-08-08T00:01:29.729" intervalms="408.728">
  <response-info timems="19.053" idlems="19.053" threads="0" lastid="00000000020F3600" lastname="Thread-43" />
</exclusive-start>
<af-start id="6694" threadId="00000000020F3F88" totalBytesRequested="16392" timestamp="2019-08-08T00:01:29.729" intervalms="408.685" />
<cycle-start id="6695" type="global" contextid="0" timestamp="2019-08-08T00:01:29.729" intervalms="408.686" />
<gc-start id="6696" type="global" contextid="6695" timestamp="2019-08-08T00:01:29.729">
  <mem-info id="6697" free="1448960" total="144965632" percent="0">
    <mem type="tenure" free="1448960" total="144965632" percent="0">
      <mem type="soa" free="0" total="143516672" percent="0" />
      <mem type="loa" free="1448960" total="1448960" percent="100" />
    </mem>
  </mem-info>
</gc-start>
<allocation-stats totalBytes="116456408" >
  <allocated-bytes non-tlh="0" tlh="116456408" />
  <largest-consumer threadName="Thread-46" threadId="0000000002115500" bytes="13376248" />
</allocation-stats>
<gc-op id="6698" type="mark" timems="16.416" contextid="6695" timestamp="2019-08-08T00:01:29.746">
  <trace-info objectcount="652988" scancount="564582" scanbytes="16275196" />
  <finalization candidates="154" enqueued="0" />
  <ownableSynchronizers candidates="22" cleared="0" />
  <references type="soft" candidates="1964" cleared="0" enqueued="0" dynamicThreshold="26" maxThreshold="32" />
  <references type="weak" candidates="6346" cleared="0" enqueued="0" />
  <references type="phantom" candidates="303" cleared="0" enqueued="0" />
  <stringconstants candidates="15971" cleared="0"  />
</gc-op>
<gc-op id="6699" type="sweep" timems="2.115" contextid="6695" timestamp="2019-08-08T00:01:29.748" />
<mem-info id="6700" free="118351656" total="144965632" percent="81">
  <mem type="tenure" free="118351656" total="144965632" percent="81" micro-fragmented="83579" macro-fragmented="0">
    <mem type="soa" free="116902696" total="143516672" percent="81" />
    <mem type="loa" free="1448960" total="1448960" percent="100" />
  </mem>
</mem-info>
<gc-op id="6701" type="compact" timems="51.165" contextid="6695" timestamp="2019-08-08T00:01:29.799">
  <compact-info movecount="28833" movebytes="4122672" reason="compact to aid heap contraction" />
</gc-op>
<heap-resize id="6702" type="expand" space="tenure" amount="327680" count="1" timems="0.033" reason="satisfy allocation request" timestamp="2019-08-08T00:01:29.805" />
<gc-end id="6703" type="global" contextid="6695" durationms="75.840" usertimems="187.203" systemtimems="4.063" timestamp="2019-08-08T00:01:29.805" activeThreads="16">
  <mem-info id="6704" free="118698528" total="145293312" percent="81">
    <mem type="tenure" free="118698528" total="145293312" percent="81">
      <mem type="soa" free="117246496" total="143841280" percent="81" />
      <mem type="loa" free="1452032" total="1452032" percent="100" />
    </mem>
  </mem-info>
</gc-end>
<cycle-end id="6705" type="global" contextid="6695" timestamp="2019-08-08T00:01:29.805" />
  <attribute name="elasticGC enabled" value="1" />
  <attribute name= "numThreadsSpecified" value="16" />
  <attribute name="heapSize specified" value="144965632" />
  <attribute name="Current GC Util" value="35" />
  <attribute name= "Current Time Running" value="208722" />
  <attribute name ="GC Interval" value="0" />
  <attribute name="Target GC Util Change" value ="80.000000" />
  <attribute name="Current GC Util Change" value="35.000000"/>
  <attribute name="Current Error" value="-141.000000" />
  <attribute name="Output H" value="145267696"/>
  <attribute name="Output I" value="1280"/>
  <attribute name="Output T" value="16"/>
  <attribute name= "Current Time Running" value="208722" />
  <attribute name="GC Util currently" value="35" />
  <attribute name="CPU Util currently" value="22512695595" />
<allocation-satisfied id="6706" threadId="00000000020F3600" bytesRequested="16392" />
<af-end id="6707" timestamp="2019-08-08T00:01:29.805" threadId="00000000020F3F88" success="true" />
<exclusive-end id="6708" timestamp="2019-08-08T00:01:29.805" durationms="76.121" />

<exclusive-start id="6709" timestamp="2019-08-08T00:01:29.973" intervalms="244.282">
  <response-info timems="5.535" idlems="2.781" threads="1" lastid="00000000020D5600" lastname="Thread-49" />
</exclusive-start>
<af-start id="6710" threadId="00000000020BF888" totalBytesRequested="32776" timestamp="2019-08-08T00:01:29.973" intervalms="244.323" />
<cycle-start id="6711" type="global" contextid="0" timestamp="2019-08-08T00:01:29.973" intervalms="244.334" />
<gc-start id="6712" type="global" contextid="6711" timestamp="2019-08-08T00:01:29.974">
  <mem-info id="6713" free="1452032" total="145293312" percent="0">
    <mem type="tenure" free="1452032" total="145293312" percent="0">
      <mem type="soa" free="0" total="143841280" percent="0" />
      <mem type="loa" free="1452032" total="1452032" percent="100" />
    </mem>
  </mem-info>
</gc-start>
<allocation-stats totalBytes="117210144" >
  <allocated-bytes non-tlh="0" tlh="117210144" />
  <largest-consumer threadName="Thread-40" threadId="00000000020E8200" bytes="11624136" />
</allocation-stats>
<gc-op id="6714" type="mark" timems="17.825" contextid="6711" timestamp="2019-08-08T00:01:29.991">
  <trace-info objectcount="653955" scancount="565433" scanbytes="16427476" />
  <finalization candidates="154" enqueued="0" />
  <ownableSynchronizers candidates="22" cleared="0" />
  <references type="soft" candidates="1964" cleared="0" enqueued="0" dynamicThreshold="26" maxThreshold="32" />
  <references type="weak" candidates="6347" cleared="0" enqueued="0" />
  <references type="phantom" candidates="304" cleared="0" enqueued="0" />
  <stringconstants candidates="15971" cleared="0"  />
</gc-op>
<gc-op id="6715" type="sweep" timems="3.868" contextid="6711" timestamp="2019-08-08T00:01:29.995" />
<mem-info id="6716" free="118209232" total="145293312" percent="81">
  <mem type="tenure" free="118209232" total="145293312" percent="81" micro-fragmented="41872" macro-fragmented="0">
    <mem type="soa" free="116757200" total="143841280" percent="81" />
    <mem type="loa" free="1452032" total="1452032" percent="100" />
  </mem>
</mem-info>
<gc-op id="6717" type="compact" timems="87.428" contextid="6711" timestamp="2019-08-08T00:01:30.083">
  <compact-info movecount="38858" movebytes="5086048" reason="compact to aid heap contraction" />
</gc-op>
<heap-resize id="6718" type="expand" space="tenure" amount="327680" count="1" timems="0.030" reason="satisfy allocation request" timestamp="2019-08-08T00:01:30.095" />
<gc-end id="6719" type="global" contextid="6711" durationms="121.585" usertimems="164.401" systemtimems="26.547" timestamp="2019-08-08T00:01:30.095" activeThreads="16">
  <mem-info id="6720" free="118562448" total="145620992" percent="81">
    <mem type="tenure" free="118562448" total="145620992" percent="81">
      <mem type="soa" free="117106320" total="144164864" percent="81" />
      <mem type="loa" free="1456128" total="1456128" percent="100" />
    </mem>
  </mem-info>
</gc-end>
<cycle-end id="6721" type="global" contextid="6711" timestamp="2019-08-08T00:01:30.095" />
  <attribute name="elasticGC enabled" value="1" />
  <attribute name= "numThreadsSpecified" value="16" />
  <attribute name="heapSize specified" value="145293312" />
  <attribute name="Current GC Util" value="35" />
  <attribute name= "Current Time Running" value="209014" />
  <attribute name ="GC Interval" value="0" />
  <attribute name="Target GC Util Change" value ="80.000000" />
  <attribute name="Current GC Util Change" value="35.000000"/>
  <attribute name="Current Error" value="-205.000000" />
  <attribute name="Output H" value="145595080"/>
  <attribute name="Output I" value="944"/>
  <attribute name="Output T" value="16"/>
  <attribute name= "Current Time Running" value="209014" />
  <attribute name="GC Util currently" value="35" />
  <attribute name="CPU Util currently" value="12050039464" />
<allocation-satisfied id="6722" threadId="00000000020BEF00" bytesRequested="32776" />
<af-end id="6723" timestamp="2019-08-08T00:01:30.095" threadId="00000000020BF888" success="true" />
<exclusive-end id="6724" timestamp="2019-08-08T00:01:30.095" durationms="121.943" />

<exclusive-start id="6725" timestamp="2019-08-08T00:01:30.233" intervalms="259.893">
  <response-info timems="0.457" idlems="0.450" threads="1" lastid="000000000210A100" lastname="Thread-41" />
</exclusive-start>
<af-start id="6726" threadId="00000000020F3F88" totalBytesRequested="8200" timestamp="2019-08-08T00:01:30.233" intervalms="259.899" />
<cycle-start id="6727" type="global" contextid="0" timestamp="2019-08-08T00:01:30.233" intervalms="259.888" />
<gc-start id="6728" type="global" contextid="6727" timestamp="2019-08-08T00:01:30.233">
  <mem-info id="6729" free="1456128" total="145620992" percent="0">
    <mem type="tenure" free="1456128" total="145620992" percent="0">
      <mem type="soa" free="0" total="144164864" percent="0" />
      <mem type="loa" free="1456128" total="1456128" percent="100" />
    </mem>
  </mem-info>
</gc-start>
<allocation-stats totalBytes="116939424" >
  <allocated-bytes non-tlh="0" tlh="116939424" />
  <largest-consumer threadName="Thread-39" threadId="000000000210DD00" bytes="12556752" />
</allocation-stats>
<gc-op id="6730" type="mark" timems="25.975" contextid="6727" timestamp="2019-08-08T00:01:30.260">
  <trace-info objectcount="652482" scancount="564157" scanbytes="16311884" />
  <finalization candidates="154" enqueued="0" />
  <ownableSynchronizers candidates="22" cleared="0" />
  <references type="soft" candidates="1964" cleared="0" enqueued="0" dynamicThreshold="26" maxThreshold="32" />
  <references type="weak" candidates="6346" cleared="0" enqueued="0" />
  <references type="phantom" candidates="305" cleared="0" enqueued="0" />
  <stringconstants candidates="15971" cleared="0"  />
</gc-op>
<gc-op id="6731" type="sweep" timems="3.023" contextid="6727" timestamp="2019-08-08T00:01:30.263" />
<mem-info id="6732" free="118913752" total="145620992" percent="81">
  <mem type="tenure" free="118913752" total="145620992" percent="81" micro-fragmented="36733" macro-fragmented="0">
    <mem type="soa" free="117457624" total="144164864" percent="81" />
    <mem type="loa" free="1456128" total="1456128" percent="100" />
  </mem>
</mem-info>
<gc-op id="6733" type="compact" timems="61.502" contextid="6727" timestamp="2019-08-08T00:01:30.324">
  <compact-info movecount="28346" movebytes="4232064" reason="compact to aid heap contraction" />
</gc-op>
<heap-resize id="6734" type="expand" space="tenure" amount="327680" count="1" timems="0.028" reason="satisfy allocation request" timestamp="2019-08-08T00:01:30.350" />
<gc-end id="6735" type="global" contextid="6727" durationms="117.080" usertimems="205.937" systemtimems="56.760" timestamp="2019-08-08T00:01:30.350" activeThreads="16">
  <mem-info id="6736" free="119261096" total="145948672" percent="81">
    <mem type="tenure" free="119261096" total="145948672" percent="81">
      <mem type="soa" free="117801896" total="144489472" percent="81" />
      <mem type="loa" free="1459200" total="1459200" percent="100" />
    </mem>
  </mem-info>
</gc-end>
<cycle-end id="6737" type="global" contextid="6727" timestamp="2019-08-08T00:01:30.351" />
  <attribute name="elasticGC enabled" value="1" />
  <attribute name= "numThreadsSpecified" value="16" />
  <attribute name="heapSize specified" value="145620992" />
  <attribute name="Current GC Util" value="24" />
  <attribute name= "Current Time Running" value="209252" />
  <attribute name ="GC Interval" value="0" />
  <attribute name="Target GC Util Change" value ="80.000000" />
  <attribute name="Current GC Util Change" value="24.000000"/>
  <attribute name="Current Error" value="56.000000" />
  <attribute name="Output H" value="145923968"/>
  <attribute name="Output I" value="2304"/>
  <attribute name="Output T" value="16"/>
  <attribute name= "Current Time Running" value="209252" />
  <attribute name="GC Util currently" value="24" />
  <attribute name="CPU Util currently" value="17415614827" />
<allocation-satisfied id="6738" threadId="00000000020F3600" bytesRequested="8200" />
<af-end id="6739" timestamp="2019-08-08T00:01:30.351" threadId="00000000020F3F88" success="true" />
<exclusive-end id="6740" timestamp="2019-08-08T00:01:30.351" durationms="117.883" />

<exclusive-start id="6741" timestamp="2019-08-08T00:01:30.593" intervalms="360.306">
  <response-info timems="7.329" idlems="7.329" threads="0" lastid="00000000020C2B00" lastname="Thread-42" />
</exclusive-start>
<af-start id="6742" threadId="00000000020C3488" totalBytesRequested="16392" timestamp="2019-08-08T00:01:30.594" intervalms="360.307" />
<cycle-start id="6743" type="global" contextid="0" timestamp="2019-08-08T00:01:30.594" intervalms="360.308" />
<gc-start id="6744" type="global" contextid="6743" timestamp="2019-08-08T00:01:30.594">
  <mem-info id="6745" free="1459200" total="145948672" percent="0">
    <mem type="tenure" free="1459200" total="145948672" percent="0">
      <mem type="soa" free="0" total="144489472" percent="0" />
      <mem type="loa" free="1459200" total="1459200" percent="100" />
    </mem>
  </mem-info>
</gc-start>
<allocation-stats totalBytes="117670768" >
  <allocated-bytes non-tlh="0" tlh="117670768" />
  <largest-consumer threadName="Thread-48" threadId="00000000020BB300" bytes="13955976" />
</allocation-stats>
<gc-op id="6746" type="mark" timems="26.055" contextid="6743" timestamp="2019-08-08T00:01:30.620">
  <trace-info objectcount="653821" scancount="565256" scanbytes="16423244" />
  <finalization candidates="154" enqueued="0" />
  <ownableSynchronizers candidates="22" cleared="0" />
  <references type="soft" candidates="1964" cleared="0" enqueued="0" dynamicThreshold="26" maxThreshold="32" />
  <references type="weak" candidates="6347" cleared="0" enqueued="0" />
  <references type="phantom" candidates="303" cleared="0" enqueued="0" />
  <stringconstants candidates="15971" cleared="0"  />
</gc-op>
<gc-op id="6747" type="sweep" timems="12.982" contextid="6743" timestamp="2019-08-08T00:01:30.633" />
<mem-info id="6748" free="118800032" total="145948672" percent="81">
  <mem type="tenure" free="118800032" total="145948672" percent="81" micro-fragmented="80549" macro-fragmented="0">
    <mem type="soa" free="117340832" total="144489472" percent="81" />
    <mem type="loa" free="1459200" total="1459200" percent="100" />
  </mem>
</mem-info>
<gc-op id="6749" type="compact" timems="84.160" contextid="6743" timestamp="2019-08-08T00:01:30.717">
  <compact-info movecount="29651" movebytes="4631536" reason="compact to aid heap contraction" />
</gc-op>
<heap-resize id="6750" type="expand" space="tenure" amount="327680" count="1" timems="0.031" reason="satisfy allocation request" timestamp="2019-08-08T00:01:30.730" />
<gc-end id="6751" type="global" contextid="6743" durationms="135.939" usertimems="134.397" systemtimems="20.779" timestamp="2019-08-08T00:01:30.730" activeThreads="16">
  <mem-info id="6752" free="119171136" total="146276352" percent="81">
    <mem type="tenure" free="119171136" total="146276352" percent="81">
      <mem type="soa" free="117708864" total="144814080" percent="81" />
      <mem type="loa" free="1462272" total="1462272" percent="100" />
    </mem>
  </mem-info>
</gc-end>
<cycle-end id="6753" type="global" contextid="6743" timestamp="2019-08-08T00:01:30.730" />
  <attribute name="elasticGC enabled" value="1" />
  <attribute name= "numThreadsSpecified" value="16" />
  <attribute name="heapSize specified" value="145948672" />
  <attribute name="Current GC Util" value="23" />
  <attribute name= "Current Time Running" value="209640" />
  <attribute name ="GC Interval" value="0" />
  <attribute name="Target GC Util Change" value ="80.000000" />
  <attribute name="Current GC Util Change" value="23.000000"/>
  <attribute name="Current Error" value="107.000000" />
  <attribute name="Output H" value="146251880"/>
  <attribute name="Output I" value="2568"/>
  <attribute name="Output T" value="16"/>
  <attribute name= "Current Time Running" value="209640" />
  <attribute name="GC Util currently" value="23" />
  <attribute name="CPU Util currently" value="13693580888" />
<allocation-satisfied id="6754" threadId="00000000020C2B00" bytesRequested="16392" />
<af-end id="6755" timestamp="2019-08-08T00:01:30.730" threadId="00000000020C3488" success="true" />
<exclusive-end id="6756" timestamp="2019-08-08T00:01:30.730" durationms="136.827" />

<exclusive-start id="6757" timestamp="2019-08-08T00:01:30.859" intervalms="265.770">
  <response-info timems="0.227" idlems="0.227" threads="0" lastid="00000000020FE200" lastname="Thread-47" />
</exclusive-start>
<af-start id="6758" threadId="00000000020FEB88" totalBytesRequested="32776" timestamp="2019-08-08T00:01:30.859" intervalms="265.734" />
<cycle-start id="6759" type="global" contextid="0" timestamp="2019-08-08T00:01:30.859" intervalms="265.724" />
<gc-start id="6760" type="global" contextid="6759" timestamp="2019-08-08T00:01:30.859">
  <mem-info id="6761" free="1462272" total="146276352" percent="0">
    <mem type="tenure" free="1462272" total="146276352" percent="0">
      <mem type="soa" free="0" total="144814080" percent="0" />
      <mem type="loa" free="1462272" total="1462272" percent="100" />
    </mem>
  </mem-info>
</gc-start>
<allocation-stats totalBytes="117603688" >
  <allocated-bytes non-tlh="0" tlh="117603688" />
  <largest-consumer threadName="Thread-40" threadId="00000000020E8200" bytes="14583400" />
</allocation-stats>
<gc-op id="6762" type="mark" timems="25.308" contextid="6759" timestamp="2019-08-08T00:01:30.885">
  <trace-info objectcount="653781" scancount="565165" scanbytes="16423000" />
  <finalization candidates="154" enqueued="0" />
  <ownableSynchronizers candidates="22" cleared="0" />
  <references type="soft" candidates="1964" cleared="0" enqueued="0" dynamicThreshold="26" maxThreshold="32" />
  <references type="weak" candidates="6346" cleared="0" enqueued="0" />
  <references type="phantom" candidates="302" cleared="0" enqueued="0" />
  <stringconstants candidates="15971" cleared="0"  />
</gc-op>
<gc-op id="6763" type="sweep" timems="3.038" contextid="6759" timestamp="2019-08-08T00:01:30.888" />
<mem-info id="6764" free="118954016" total="146276352" percent="81">
  <mem type="tenure" free="118954016" total="146276352" percent="81" micro-fragmented="62303" macro-fragmented="0">
    <mem type="soa" free="117491744" total="144814080" percent="81" />
    <mem type="loa" free="1462272" total="1462272" percent="100" />
  </mem>
</mem-info>
<gc-op id="6765" type="compact" timems="85.183" contextid="6759" timestamp="2019-08-08T00:01:30.973">
  <compact-info movecount="29641" movebytes="4799280" reason="compact to aid heap contraction" />
</gc-op>
<heap-resize id="6766" type="expand" space="tenure" amount="327680" count="1" timems="0.029" reason="satisfy allocation request" timestamp="2019-08-08T00:01:30.975" />
<gc-end id="6767" type="global" contextid="6759" durationms="115.587" usertimems="134.006" systemtimems="14.612" timestamp="2019-08-08T00:01:30.975" activeThreads="16">
  <mem-info id="6768" free="119316176" total="146604032" percent="81">
    <mem type="tenure" free="119316176" total="146604032" percent="81">
      <mem type="soa" free="117850832" total="145138688" percent="81" />
      <mem type="loa" free="1465344" total="1465344" percent="100" />
    </mem>
  </mem-info>
</gc-end>
<cycle-end id="6769" type="global" contextid="6759" timestamp="2019-08-08T00:01:30.975" />
  <attribute name="elasticGC enabled" value="1" />
  <attribute name= "numThreadsSpecified" value="16" />
  <attribute name="heapSize specified" value="146276352" />
  <attribute name="Current GC Util" value="23" />
  <attribute name= "Current Time Running" value="209896" />
  <attribute name ="GC Interval" value="0" />
  <attribute name="Target GC Util Change" value ="80.000000" />
  <attribute name="Current GC Util Change" value="23.000000"/>
  <attribute name="Current Error" value="-23.000000" />
  <attribute name="Output H" value="146578960"/>
  <attribute name="Output I" value="1896"/>
  <attribute name="Output T" value="16"/>
  <attribute name= "Current Time Running" value="209896" />
  <attribute name="GC Util currently" value="23" />
  <attribute name="CPU Util currently" value="13530803881" />
<allocation-satisfied id="6770" threadId="00000000020FE200" bytesRequested="32776" />
<af-end id="6771" timestamp="2019-08-08T00:01:30.975" threadId="00000000020FEB88" success="true" />
<exclusive-end id="6772" timestamp="2019-08-08T00:01:30.975" durationms="115.854" />

<exclusive-start id="6773" timestamp="2019-08-08T00:01:31.051" intervalms="191.422">
  <response-info timems="3.597" idlems="1.895" threads="1" lastid="000000000210DD00" lastname="Thread-39" />
</exclusive-start>
<af-start id="6774" threadId="00000000020C3488" totalBytesRequested="32776" timestamp="2019-08-08T00:01:31.051" intervalms="191.402" />
<cycle-start id="6775" type="global" contextid="0" timestamp="2019-08-08T00:01:31.051" intervalms="191.409" />
<gc-start id="6776" type="global" contextid="6775" timestamp="2019-08-08T00:01:31.051">
  <mem-info id="6777" free="1465344" total="146604032" percent="0">
    <mem type="tenure" free="1465344" total="146604032" percent="0">
      <mem type="soa" free="0" total="145138688" percent="0" />
      <mem type="loa" free="1465344" total="1465344" percent="100" />
    </mem>
  </mem-info>
</gc-start>
<allocation-stats totalBytes="117666648" >
  <allocated-bytes non-tlh="0" tlh="117666648" />
  <largest-consumer threadName="Thread-41" threadId="000000000210A100" bytes="13147968" />
</allocation-stats>
<gc-op id="6778" type="mark" timems="18.078" contextid="6775" timestamp="2019-08-08T00:01:31.069">
  <trace-info objectcount="652203" scancount="563801" scanbytes="16313912" />
  <finalization candidates="154" enqueued="0" />
  <ownableSynchronizers candidates="22" cleared="0" />
  <references type="soft" candidates="1964" cleared="0" enqueued="0" dynamicThreshold="26" maxThreshold="32" />
  <references type="weak" candidates="6346" cleared="0" enqueued="0" />
  <references type="phantom" candidates="306" cleared="0" enqueued="0" />
  <stringconstants candidates="15971" cleared="0"  />
</gc-op>
<gc-op id="6779" type="sweep" timems="1.934" contextid="6775" timestamp="2019-08-08T00:01:31.071" />
<mem-info id="6780" free="119853224" total="146604032" percent="81">
  <mem type="tenure" free="119853224" total="146604032" percent="81" micro-fragmented="62982" macro-fragmented="0">
    <mem type="soa" free="118387880" total="145138688" percent="81" />
    <mem type="loa" free="1465344" total="1465344" percent="100" />
  </mem>
</mem-info>
<gc-op id="6781" type="compact" timems="58.906" contextid="6775" timestamp="2019-08-08T00:01:31.130">
  <compact-info movecount="28026" movebytes="4256192" reason="compact to aid heap contraction" />
</gc-op>
<heap-resize id="6782" type="expand" space="tenure" amount="327680" count="1" timems="0.033" reason="satisfy allocation request" timestamp="2019-08-08T00:01:31.132" />
<gc-end id="6783" type="global" contextid="6775" durationms="81.253" usertimems="204.445" systemtimems="0.000" timestamp="2019-08-08T00:01:31.132" activeThreads="16">
  <mem-info id="6784" free="120201360" total="146931712" percent="81">
    <mem type="tenure" free="120201360" total="146931712" percent="81">
      <mem type="soa" free="118732944" total="145463296" percent="81" />
      <mem type="loa" free="1468416" total="1468416" percent="100" />
    </mem>
  </mem-info>
</gc-end>
<cycle-end id="6785" type="global" contextid="6775" timestamp="2019-08-08T00:01:31.132" />
  <attribute name="elasticGC enabled" value="1" />
  <attribute name= "numThreadsSpecified" value="16" />
  <attribute name="heapSize specified" value="146604032" />
  <attribute name="Current GC Util" value="33" />
  <attribute name= "Current Time Running" value="210053" />
  <attribute name ="GC Interval" value="0" />
  <attribute name="Target GC Util Change" value ="80.000000" />
  <attribute name="Current GC Util Change" value="33.000000"/>
  <attribute name="Current Error" value="47.000000" />
  <attribute name="Output H" value="146906968"/>
  <attribute name="Output I" value="2256"/>
  <attribute name="Output T" value="16"/>
  <attribute name= "Current Time Running" value="210053" />
  <attribute name="GC Util currently" value="33" />
  <attribute name="CPU Util currently" value="19556246277" />
<allocation-satisfied id="6786" threadId="00000000020C2B00" bytesRequested="32776" />
<af-end id="6787" timestamp="2019-08-08T00:01:31.132" threadId="00000000020C3488" success="true" />
<exclusive-end id="6788" timestamp="2019-08-08T00:01:31.132" durationms="81.558" />

<exclusive-start id="6789" timestamp="2019-08-08T00:01:31.406" intervalms="355.232">
  <response-info timems="9.304" idlems="9.302" threads="1" lastid="00000000020D5600" lastname="Thread-49" />
</exclusive-start>
<af-start id="6790" threadId="00000000020FEB88" totalBytesRequested="32776" timestamp="2019-08-08T00:01:31.406" intervalms="355.252" />
<cycle-start id="6791" type="global" contextid="0" timestamp="2019-08-08T00:01:31.406" intervalms="355.249" />
<gc-start id="6792" type="global" contextid="6791" timestamp="2019-08-08T00:01:31.406">
  <mem-info id="6793" free="1468416" total="146931712" percent="0">
    <mem type="tenure" free="1468416" total="146931712" percent="0">
      <mem type="soa" free="0" total="145463296" percent="0" />
      <mem type="loa" free="1468416" total="1468416" percent="100" />
    </mem>
  </mem-info>
</gc-start>
<allocation-stats totalBytes="118646040" >
  <allocated-bytes non-tlh="0" tlh="118646040" />
  <largest-consumer threadName="Thread-43" threadId="00000000020F3600" bytes="12226616" />
</allocation-stats>
<gc-op id="6794" type="mark" timems="11.444" contextid="6791" timestamp="2019-08-08T00:01:31.418">
  <trace-info objectcount="650269" scancount="562063" scanbytes="16151340" />
  <finalization candidates="154" enqueued="0" />
  <ownableSynchronizers candidates="22" cleared="0" />
  <references type="soft" candidates="1964" cleared="76" enqueued="73" dynamicThreshold="26" maxThreshold="32" />
  <references type="weak" candidates="6346" cleared="0" enqueued="0" />
  <references type="phantom" candidates="303" cleared="0" enqueued="0" />
  <stringconstants candidates="15971" cleared="0"  />
</gc-op>
<gc-op id="6795" type="sweep" timems="2.517" contextid="6791" timestamp="2019-08-08T00:01:31.421" />
<mem-info id="6796" free="120630424" total="146931712" percent="82">
  <mem type="tenure" free="120630424" total="146931712" percent="82" micro-fragmented="84649" macro-fragmented="0">
    <mem type="soa" free="119162008" total="145463296" percent="81" />
    <mem type="loa" free="1468416" total="1468416" percent="100" />
  </mem>
  <pending-finalizers system="0" default="0" reference="73" classloader="0" />
</mem-info>
<gc-op id="6797" type="compact" timems="29.920" contextid="6791" timestamp="2019-08-08T00:01:31.451">
  <compact-info movecount="44561" movebytes="5373400" reason="compact to aid heap contraction" />
</gc-op>
<heap-resize id="6798" type="expand" space="tenure" amount="327680" count="1" timems="0.020" reason="satisfy allocation request" timestamp="2019-08-08T00:01:31.451" />
<gc-end id="6799" type="global" contextid="6791" durationms="44.937" usertimems="121.597" systemtimems="8.785" timestamp="2019-08-08T00:01:31.451" activeThreads="16">
  <mem-info id="6800" free="120969592" total="147259392" percent="82">
    <mem type="tenure" free="120969592" total="147259392" percent="82">
      <mem type="soa" free="119497080" total="145786880" percent="81" />
      <mem type="loa" free="1472512" total="1472512" percent="100" />
    </mem>
    <pending-finalizers system="0" default="0" reference="73" classloader="0" />
  </mem-info>
</gc-end>
<cycle-end id="6801" type="global" contextid="6791" timestamp="2019-08-08T00:01:31.451" />
  <attribute name="elasticGC enabled" value="1" />
  <attribute name= "numThreadsSpecified" value="16" />
  <attribute name="heapSize specified" value="146931712" />
  <attribute name="Current GC Util" value="69" />
  <attribute name= "Current Time Running" value="210374" />
  <attribute name ="GC Interval" value="0" />
  <attribute name="Target GC Util Change" value ="80.000000" />
  <attribute name="Current GC Util Change" value="69.000000"/>
  <attribute name="Current Error" value="-269.000000" />
  <attribute name="Output H" value="147233184"/>
  <attribute name="Output I" value="616"/>
  <attribute name="Output T" value="16"/>
  <attribute name= "Current Time Running" value="210374" />
  <attribute name="GC Util currently" value="69" />
  <attribute name="CPU Util currently" value="38461413895" />
<allocation-satisfied id="6802" threadId="00000000020FE200" bytesRequested="32776" />
<af-end id="6803" timestamp="2019-08-08T00:01:31.451" threadId="00000000020FEB88" success="true" />
<exclusive-end id="6804" timestamp="2019-08-08T00:01:31.451" durationms="45.490" />

<exclusive-start id="6805" timestamp="2019-08-08T00:01:31.517" intervalms="110.076">
  <response-info timems="4.510" idlems="4.510" threads="0" lastid="00000000020CA300" lastname="Thread-52" />
</exclusive-start>
<af-start id="6806" threadId="00000000020CAC88" totalBytesRequested="2056" timestamp="2019-08-08T00:01:31.517" intervalms="110.603" />
<cycle-start id="6807" type="global" contextid="0" timestamp="2019-08-08T00:01:31.517" intervalms="110.610" />
<gc-start id="6808" type="global" contextid="6807" timestamp="2019-08-08T00:01:31.517">
  <mem-info id="6809" free="1472512" total="147259392" percent="0">
    <mem type="tenure" free="1472512" total="147259392" percent="0">
      <mem type="soa" free="0" total="145786880" percent="0" />
      <mem type="loa" free="1472512" total="1472512" percent="100" />
    </mem>
  </mem-info>
</gc-start>
<allocation-stats totalBytes="119333536" >
  <allocated-bytes non-tlh="0" tlh="119333536" />
  <largest-consumer threadName="Thread-52" threadId="00000000020CA300" bytes="13581608" />
</allocation-stats>
<gc-op id="6810" type="mark" timems="103.225" contextid="6807" timestamp="2019-08-08T00:01:31.620">
  <trace-info objectcount="649706" scancount="561819" scanbytes="16326296" />
  <finalization candidates="154" enqueued="0" />
  <ownableSynchronizers candidates="22" cleared="0" />
  <references type="soft" candidates="1888" cleared="11" enqueued="7" dynamicThreshold="26" maxThreshold="32" />
  <references type="weak" candidates="6346" cleared="0" enqueued="0" />
  <references type="phantom" candidates="305" cleared="0" enqueued="0" />
  <stringconstants candidates="15971" cleared="18"  />
</gc-op>
<gc-op id="6811" type="sweep" timems="4.268" contextid="6807" timestamp="2019-08-08T00:01:31.624" />
<mem-info id="6812" free="120311328" total="147259392" percent="81">
  <mem type="tenure" free="120311328" total="147259392" percent="81" micro-fragmented="63387" macro-fragmented="0">
    <mem type="soa" free="118838816" total="145786880" percent="81" />
    <mem type="loa" free="1472512" total="1472512" percent="100" />
  </mem>
  <pending-finalizers system="0" default="0" reference="7" classloader="0" />
</mem-info>
<gc-op id="6813" type="compact" timems="45.754" contextid="6807" timestamp="2019-08-08T00:01:31.670">
  <compact-info movecount="44179" movebytes="6026952" reason="compact to aid heap contraction" />
</gc-op>
<heap-resize id="6814" type="expand" space="tenure" amount="327680" count="1" timems="0.022" reason="satisfy allocation request" timestamp="2019-08-08T00:01:31.671" />
<gc-end id="6815" type="global" contextid="6807" durationms="154.305" usertimems="175.441" systemtimems="76.285" timestamp="2019-08-08T00:01:31.671" activeThreads="16">
  <mem-info id="6816" free="120684144" total="147587072" percent="81">
    <mem type="tenure" free="120684144" total="147587072" percent="81">
      <mem type="soa" free="119208560" total="146111488" percent="81" />
      <mem type="loa" free="1475584" total="1475584" percent="100" />
    </mem>
    <pending-finalizers system="0" default="0" reference="7" classloader="0" />
  </mem-info>
</gc-end>
<cycle-end id="6817" type="global" contextid="6807" timestamp="2019-08-08T00:01:31.671" />
  <attribute name="elasticGC enabled" value="1" />
  <attribute name= "numThreadsSpecified" value="16" />
  <attribute name="heapSize specified" value="147259392" />
  <attribute name="Current GC Util" value="39" />
  <attribute name= "Current Time Running" value="210593" />
  <attribute name ="GC Interval" value="0" />
  <attribute name="Target GC Util Change" value ="80.000000" />
  <attribute name="Current GC Util Change" value="39.000000"/>
  <attribute name="Current Error" value="-155.000000" />
  <attribute name="Output H" value="147561392"/>
  <attribute name="Output I" value="1208"/>
  <attribute name="Output T" value="16"/>
  <attribute name= "Current Time Running" value="210593" />
  <attribute name="GC Util currently" value="39" />
  <attribute name="CPU Util currently" value="25188743324" />
<allocation-satisfied id="6818" threadId="00000000020CA300" bytesRequested="2056" />
<af-end id="6819" timestamp="2019-08-08T00:01:31.671" threadId="00000000020CAC88" success="true" />
<exclusive-end id="6820" timestamp="2019-08-08T00:01:31.671" durationms="155.153" />

<exclusive-start id="6821" timestamp="2019-08-08T00:01:31.855" intervalms="339.161">
  <response-info timems="26.758" idlems="26.758" threads="0" lastid="00000000020E8200" lastname="Thread-40" />
</exclusive-start>
<af-start id="6822" threadId="00000000020E8B88" totalBytesRequested="2008" timestamp="2019-08-08T00:01:31.855" intervalms="338.644" />
<cycle-start id="6823" type="global" contextid="0" timestamp="2019-08-08T00:01:31.855" intervalms="338.644" />
<gc-start id="6824" type="global" contextid="6823" timestamp="2019-08-08T00:01:31.855">
  <mem-info id="6825" free="1475584" total="147587072" percent="0">
    <mem type="tenure" free="1475584" total="147587072" percent="0">
      <mem type="soa" free="0" total="146111488" percent="0" />
      <mem type="loa" free="1475584" total="1475584" percent="100" />
    </mem>
  </mem-info>
</gc-start>
<allocation-stats totalBytes="119036736" >
  <allocated-bytes non-tlh="0" tlh="119036736" />
  <largest-consumer threadName="Thread-47" threadId="00000000020FE200" bytes="17149504" />
</allocation-stats>
<gc-op id="6826" type="mark" timems="266.619" contextid="6823" timestamp="2019-08-08T00:01:32.122">
  <trace-info objectcount="649884" scancount="561870" scanbytes="16333000" />
  <finalization candidates="154" enqueued="0" />
  <ownableSynchronizers candidates="22" cleared="0" />
  <references type="soft" candidates="1877" cleared="0" enqueued="0" dynamicThreshold="26" maxThreshold="32" />
  <references type="weak" candidates="6346" cleared="0" enqueued="0" />
  <references type="phantom" candidates="302" cleared="0" enqueued="0" />
  <stringconstants candidates="15953" cleared="0"  />
</gc-op>
<gc-op id="6827" type="sweep" timems="72.023" contextid="6823" timestamp="2019-08-08T00:01:32.217" />
<mem-info id="6828" free="120563936" total="147587072" percent="81">
  <mem type="tenure" free="120563936" total="147587072" percent="81" micro-fragmented="69034" macro-fragmented="0">
    <mem type="soa" free="119088352" total="146111488" percent="81" />
    <mem type="loa" free="1475584" total="1475584" percent="100" />
  </mem>
</mem-info>
<gc-op id="6829" type="compact" timems="306.586" contextid="6823" timestamp="2019-08-08T00:01:32.523">
  <compact-info movecount="43939" movebytes="6087024" reason="compact to aid heap contraction" />
</gc-op>
<heap-resize id="6830" type="expand" space="tenure" amount="327680" count="1" timems="0.025" reason="satisfy allocation request" timestamp="2019-08-08T00:01:32.524" />
<gc-end id="6831" type="global" contextid="6823" durationms="668.796" usertimems="422.754" systemtimems="369.773" timestamp="2019-08-08T00:01:32.524" activeThreads="16">
  <mem-info id="6832" free="120931296" total="147914752" percent="81">
    <mem type="tenure" free="120931296" total="147914752" percent="81">
      <mem type="soa" free="119452640" total="146436096" percent="81" />
      <mem type="loa" free="1478656" total="1478656" percent="100" />
    </mem>
  </mem-info>
</gc-end>
<cycle-end id="6833" type="global" contextid="6823" timestamp="2019-08-08T00:01:32.524" />
  <attribute name="elasticGC enabled" value="1" />
  <attribute name= "numThreadsSpecified" value="16" />
  <attribute name="heapSize specified" value="147587072" />
  <attribute name="Current GC Util" value="116" />
  <attribute name= "Current Time Running" value="211447" />
  <attribute name ="GC Interval" value="0" />
  <attribute name="Target GC Util Change" value ="80.000000" />
  <attribute name="Current GC Util Change" value="116.000000"/>
  <attribute name="Current Error" value="-36.000000" />
  <attribute name="Output H" value="147889624"/>
  <attribute name="Output I" value="1824"/>
  <attribute name="Output T" value="16"/>
  <attribute name= "Current Time Running" value="211447" />
  <attribute name="GC Util currently" value="116" />
  <attribute name="CPU Util currently" value="3760160714" />
<allocation-satisfied id="6834" threadId="00000000020E8200" bytesRequested="2008" />
<af-end id="6835" timestamp="2019-08-08T00:01:32.524" threadId="00000000020E8B88" success="true" />
<exclusive-end id="6836" timestamp="2019-08-08T00:01:32.524" durationms="669.139" />

<exclusive-start id="6837" timestamp="2019-08-08T00:01:32.614" intervalms="759.121">
  <response-info timems="9.209" idlems="4.643" threads="1" lastid="0000000001DD4B00" lastname="JIT Compilation Thread-0" />
</exclusive-start>
<af-start id="6838" threadId="00000000020C3488" totalBytesRequested="32776" timestamp="2019-08-08T00:01:32.614" intervalms="759.178" />
<cycle-start id="6839" type="global" contextid="0" timestamp="2019-08-08T00:01:32.614" intervalms="759.208" />
<gc-start id="6840" type="global" contextid="6839" timestamp="2019-08-08T00:01:32.615">
  <mem-info id="6841" free="1478656" total="147914752" percent="0">
    <mem type="tenure" free="1478656" total="147914752" percent="0">
      <mem type="soa" free="0" total="146436096" percent="0" />
      <mem type="loa" free="1478656" total="1478656" percent="100" />
    </mem>
  </mem-info>
</gc-start>
<allocation-stats totalBytes="119315152" >
  <allocated-bytes non-tlh="0" tlh="119315152" />
  <largest-consumer threadName="Thread-47" threadId="00000000020FE200" bytes="14257736" />
</allocation-stats>
<gc-op id="6842" type="mark" timems="82.563" contextid="6839" timestamp="2019-08-08T00:01:32.704">
  <trace-info objectcount="649348" scancount="561396" scanbytes="16279868" />
  <finalization candidates="154" enqueued="0" />
  <ownableSynchronizers candidates="22" cleared="0" />
  <references type="soft" candidates="1877" cleared="0" enqueued="0" dynamicThreshold="26" maxThreshold="32" />
  <references type="weak" candidates="6346" cleared="0" enqueued="0" />
  <references type="phantom" candidates="303" cleared="0" enqueued="0" />
  <stringconstants candidates="15953" cleared="0"  />
</gc-op>
<gc-op id="6843" type="sweep" timems="31.052" contextid="6839" timestamp="2019-08-08T00:01:32.735" />
<mem-info id="6844" free="120836488" total="147914752" percent="81">
  <mem type="tenure" free="120836488" total="147914752" percent="81" micro-fragmented="40148" macro-fragmented="0">
    <mem type="soa" free="119357832" total="146436096" percent="81" />
    <mem type="loa" free="1478656" total="1478656" percent="100" />
  </mem>
</mem-info>
<gc-op id="6845" type="compact" timems="45.714" contextid="6839" timestamp="2019-08-08T00:01:32.781">
  <compact-info movecount="26998" movebytes="4647248" reason="compact to aid heap contraction" />
</gc-op>
<heap-resize id="6846" type="expand" space="tenure" amount="327680" count="1" timems="0.022" reason="satisfy allocation request" timestamp="2019-08-08T00:01:32.782" />
<gc-end id="6847" type="global" contextid="6839" durationms="167.624" usertimems="204.794" systemtimems="105.251" timestamp="2019-08-08T00:01:32.782" activeThreads="16">
  <mem-info id="6848" free="121201456" total="148242432" percent="81">
    <mem type="tenure" free="121201456" total="148242432" percent="81">
      <mem type="soa" free="119719728" total="146760704" percent="81" />
      <mem type="loa" free="1481728" total="1481728" percent="100" />
    </mem>
  </mem-info>
</gc-end>
<cycle-end id="6849" type="global" contextid="6839" timestamp="2019-08-08T00:01:32.782" />
  <attribute name="elasticGC enabled" value="1" />
  <attribute name= "numThreadsSpecified" value="16" />
  <attribute name="heapSize specified" value="147914752" />
  <attribute name="Current GC Util" value="108" />
  <attribute name= "Current Time Running" value="211704" />
  <attribute name ="GC Interval" value="0" />
  <attribute name="Target GC Util Change" value ="80.000000" />
  <attribute name="Current GC Util Change" value="108.000000"/>
  <attribute name="Current Error" value="-215.000000" />
  <attribute name="Output H" value="148216472"/>
  <attribute name="Output I" value="896"/>
  <attribute name="Output T" value="16"/>
  <attribute name= "Current Time Running" value="211704" />
  <attribute name="GC Util currently" value="108" />
  <attribute name="CPU Util currently" value="25205681778" />
<allocation-satisfied id="6850" threadId="00000000020C2B00" bytesRequested="32776" />
<af-end id="6851" timestamp="2019-08-08T00:01:32.782" threadId="00000000020C3488" success="true" />
<exclusive-end id="6852" timestamp="2019-08-08T00:01:32.782" durationms="168.148" />

<exclusive-start id="6853" timestamp="2019-08-08T00:01:32.975" intervalms="361.119">
  <response-info timems="5.241" idlems="1.914" threads="2" lastid="00000000020B7700" lastname="Thread-44" />
</exclusive-start>
<af-start id="6854" threadId="00000000020CAC88" totalBytesRequested="32776" timestamp="2019-08-08T00:01:32.975" intervalms="361.049" />
<cycle-start id="6855" type="global" contextid="0" timestamp="2019-08-08T00:01:32.976" intervalms="361.024" />
<gc-start id="6856" type="global" contextid="6855" timestamp="2019-08-08T00:01:32.976">
  <mem-info id="6857" free="1481728" total="148242432" percent="0">
    <mem type="tenure" free="1481728" total="148242432" percent="0">
      <mem type="soa" free="0" total="146760704" percent="0" />
      <mem type="loa" free="1481728" total="1481728" percent="100" />
    </mem>
  </mem-info>
</gc-start>
<allocation-stats totalBytes="119600704" >
  <allocated-bytes non-tlh="16392" tlh="119584312" />
  <largest-consumer threadName="Thread-47" threadId="00000000020FE200" bytes="15144968" />
</allocation-stats>
<gc-op id="6858" type="mark" timems="71.537" contextid="6855" timestamp="2019-08-08T00:01:33.047">
  <trace-info objectcount="648451" scancount="560611" scanbytes="16257436" />
  <finalization candidates="154" enqueued="0" />
  <ownableSynchronizers candidates="22" cleared="0" />
  <references type="soft" candidates="1877" cleared="0" enqueued="0" dynamicThreshold="26" maxThreshold="32" />
  <references type="weak" candidates="6346" cleared="0" enqueued="0" />
  <references type="phantom" candidates="303" cleared="0" enqueued="0" />
  <stringconstants candidates="15953" cleared="0"  />
</gc-op>
<gc-op id="6859" type="sweep" timems="9.247" contextid="6855" timestamp="2019-08-08T00:01:33.056" />
<mem-info id="6860" free="121492648" total="148242432" percent="81">
  <mem type="tenure" free="121492648" total="148242432" percent="81" micro-fragmented="42002" macro-fragmented="0">
    <mem type="soa" free="120010920" total="146760704" percent="81" />
    <mem type="loa" free="1481728" total="1481728" percent="100" />
  </mem>
</mem-info>
<gc-op id="6861" type="compact" timems="38.300" contextid="6855" timestamp="2019-08-08T00:01:33.095">
  <compact-info movecount="26087" movebytes="4318936" reason="compact to aid heap contraction" />
</gc-op>
<heap-resize id="6862" type="expand" space="tenure" amount="327680" count="1" timems="0.019" reason="satisfy allocation request" timestamp="2019-08-08T00:01:33.096" />
<gc-end id="6863" type="global" contextid="6855" durationms="120.504" usertimems="196.327" systemtimems="51.977" timestamp="2019-08-08T00:01:33.096" activeThreads="16">
  <mem-info id="6864" free="121841072" total="148570112" percent="82">
    <mem type="tenure" free="121841072" total="148570112" percent="82">
      <mem type="soa" free="120356272" total="147085312" percent="81" />
      <mem type="loa" free="1484800" total="1484800" percent="100" />
    </mem>
  </mem-info>
</gc-end>
<cycle-end id="6865" type="global" contextid="6855" timestamp="2019-08-08T00:01:33.096" />
  <attribute name="elasticGC enabled" value="1" />
  <attribute name= "numThreadsSpecified" value="16" />
  <attribute name="heapSize specified" value="148242432" />
  <attribute name="Current GC Util" value="80" />
  <attribute name= "Current Time Running" value="212018" />
  <attribute name ="GC Interval" value="0" />
  <attribute name="Target GC Util Change" value ="80.000000" />
  <attribute name="Current GC Util Change" value="80.000000"/>
  <attribute name="Current Error" value="-154.000000" />
  <attribute name="Output H" value="148544440"/>
  <attribute name="Output I" value="1208"/>
  <attribute name="Output T" value="16"/>
  <attribute name= "Current Time Running" value="212018" />
  <attribute name="GC Util currently" value="80" />
  <attribute name="CPU Util currently" value="30088644952" />
<allocation-satisfied id="6866" threadId="00000000020CA300" bytesRequested="32776" />
<af-end id="6867" timestamp="2019-08-08T00:01:33.096" threadId="00000000020CAC88" success="true" />
<exclusive-end id="6868" timestamp="2019-08-08T00:01:33.096" durationms="120.788" />

<exclusive-start id="6869" timestamp="2019-08-08T00:01:33.211" intervalms="235.768">
  <response-info timems="0.111" idlems="0.111" threads="0" lastid="00000000020CA300" lastname="Thread-52" />
</exclusive-start>
<af-start id="6870" threadId="00000000020CAC88" totalBytesRequested="2056" timestamp="2019-08-08T00:01:33.211" intervalms="235.762" />
<cycle-start id="6871" type="global" contextid="0" timestamp="2019-08-08T00:01:33.211" intervalms="235.754" />
<gc-start id="6872" type="global" contextid="6871" timestamp="2019-08-08T00:01:33.211">
  <mem-info id="6873" free="1484800" total="148570112" percent="0">
    <mem type="tenure" free="1484800" total="148570112" percent="0">
      <mem type="soa" free="0" total="147085312" percent="0" />
      <mem type="loa" free="1484800" total="1484800" percent="100" />
    </mem>
  </mem-info>
</gc-start>
<allocation-stats totalBytes="120286768" >
  <allocated-bytes non-tlh="16392" tlh="120270376" />
  <largest-consumer threadName="Thread-50" threadId="00000000020EFA00" bytes="14720640" />
</allocation-stats>
<gc-op id="6874" type="mark" timems="42.484" contextid="6871" timestamp="2019-08-08T00:01:33.254">
  <trace-info objectcount="648871" scancount="561020" scanbytes="16307060" />
  <finalization candidates="154" enqueued="0" />
  <ownableSynchronizers candidates="22" cleared="0" />
  <references type="soft" candidates="1877" cleared="0" enqueued="0" dynamicThreshold="26" maxThreshold="32" />
  <references type="weak" candidates="6346" cleared="0" enqueued="0" />
  <references type="phantom" candidates="306" cleared="0" enqueued="0" />
  <stringconstants candidates="15953" cleared="0"  />
</gc-op>
<gc-op id="6875" type="sweep" timems="10.224" contextid="6871" timestamp="2019-08-08T00:01:33.264" />
<mem-info id="6876" free="121543088" total="148570112" percent="81">
  <mem type="tenure" free="121543088" total="148570112" percent="81" micro-fragmented="39117" macro-fragmented="0">
    <mem type="soa" free="120058288" total="147085312" percent="81" />
    <mem type="loa" free="1484800" total="1484800" percent="100" />
  </mem>
</mem-info>
<gc-op id="6877" type="compact" timems="140.128" contextid="6871" timestamp="2019-08-08T00:01:33.404">
  <compact-info movecount="26549" movebytes="4615480" reason="compact to aid heap contraction" />
</gc-op>
<heap-resize id="6878" type="expand" space="tenure" amount="327680" count="1" timems="0.029" reason="satisfy allocation request" timestamp="2019-08-08T00:01:33.408" />
<gc-end id="6879" type="global" contextid="6871" durationms="196.630" usertimems="189.508" systemtimems="44.541" timestamp="2019-08-08T00:01:33.408" activeThreads="16">
  <mem-info id="6880" free="121889888" total="148897792" percent="81">
    <mem type="tenure" free="121889888" total="148897792" percent="81">
      <mem type="soa" free="120400992" total="147408896" percent="81" />
      <mem type="loa" free="1488896" total="1488896" percent="100" />
    </mem>
  </mem-info>
</gc-end>
<cycle-end id="6881" type="global" contextid="6871" timestamp="2019-08-08T00:01:33.408" />
  <attribute name="elasticGC enabled" value="1" />
  <attribute name= "numThreadsSpecified" value="16" />
  <attribute name="heapSize specified" value="148570112" />
  <attribute name="Current GC Util" value="18" />
  <attribute name= "Current Time Running" value="212327" />
  <attribute name ="GC Interval" value="0" />
  <attribute name="Target GC Util Change" value ="80.000000" />
  <attribute name="Current GC Util Change" value="18.000000"/>
  <attribute name="Current Error" value="62.000000" />
  <attribute name="Output H" value="148873112"/>
  <attribute name="Output I" value="2336"/>
  <attribute name="Output T" value="16"/>
  <attribute name= "Current Time Running" value="212327" />
  <attribute name="GC Util currently" value="18" />
  <attribute name="CPU Util currently" value="8226092636" />
<allocation-satisfied id="6882" threadId="00000000020CA300" bytesRequested="2056" />
<af-end id="6883" timestamp="2019-08-08T00:01:33.408" threadId="00000000020CAC88" success="true" />
<exclusive-end id="6884" timestamp="2019-08-08T00:01:33.408" durationms="196.918" />

<exclusive-start id="6885" timestamp="2019-08-08T00:01:33.512" intervalms="301.102">
  <response-info timems="0.493" idlems="0.490" threads="2" lastid="000000000210A100" lastname="Thread-41" />
</exclusive-start>
<af-start id="6886" threadId="00000000020BF888" totalBytesRequested="16392" timestamp="2019-08-08T00:01:33.512" intervalms="301.129" />
<cycle-start id="6887" type="global" contextid="0" timestamp="2019-08-08T00:01:33.512" intervalms="301.133" />
<gc-start id="6888" type="global" contextid="6887" timestamp="2019-08-08T00:01:33.512">
  <mem-info id="6889" free="1488896" total="148897792" percent="0">
    <mem type="tenure" free="1488896" total="148897792" percent="0">
      <mem type="soa" free="0" total="147408896" percent="0" />
      <mem type="loa" free="1488896" total="1488896" percent="100" />
    </mem>
  </mem-info>
</gc-start>
<allocation-stats totalBytes="120233392" >
  <allocated-bytes non-tlh="0" tlh="120233392" />
  <largest-consumer threadName="Thread-49" threadId="00000000020D5600" bytes="12549032" />
</allocation-stats>
<gc-op id="6890" type="mark" timems="54.329" contextid="6887" timestamp="2019-08-08T00:01:33.567">
  <trace-info objectcount="648245" scancount="560333" scanbytes="16215352" />
  <finalization candidates="154" enqueued="0" />
  <ownableSynchronizers candidates="22" cleared="0" />
  <references type="soft" candidates="1877" cleared="0" enqueued="0" dynamicThreshold="26" maxThreshold="32" />
  <references type="weak" candidates="6346" cleared="0" enqueued="0" />
  <references type="phantom" candidates="304" cleared="0" enqueued="0" />
  <stringconstants candidates="15953" cleared="0"  />
</gc-op>
<gc-op id="6891" type="sweep" timems="2.991" contextid="6887" timestamp="2019-08-08T00:01:33.570" />
<mem-info id="6892" free="121982680" total="148897792" percent="81">
  <mem type="tenure" free="121982680" total="148897792" percent="81" micro-fragmented="27780" macro-fragmented="0">
    <mem type="soa" free="120493784" total="147408896" percent="81" />
    <mem type="loa" free="1488896" total="1488896" percent="100" />
  </mem>
</mem-info>
<gc-op id="6893" type="compact" timems="78.164" contextid="6887" timestamp="2019-08-08T00:01:33.648">
  <compact-info movecount="25911" movebytes="4451784" reason="compact to aid heap contraction" />
</gc-op>
<heap-resize id="6894" type="expand" space="tenure" amount="327680" count="1" timems="0.029" reason="satisfy allocation request" timestamp="2019-08-08T00:01:33.653" />
<gc-end id="6895" type="global" contextid="6887" durationms="140.946" usertimems="206.954" systemtimems="38.618" timestamp="2019-08-08T00:01:33.653" activeThreads="16">
  <mem-info id="6896" free="122348792" total="149225472" percent="81">
    <mem type="tenure" free="122348792" total="149225472" percent="81">
      <mem type="soa" free="120856824" total="147733504" percent="81" />
      <mem type="loa" free="1491968" total="1491968" percent="100" />
    </mem>
  </mem-info>
</gc-end>
<cycle-end id="6897" type="global" contextid="6887" timestamp="2019-08-08T00:01:33.653" />
  <attribute name="elasticGC enabled" value="1" />
  <attribute name= "numThreadsSpecified" value="16" />
  <attribute name="heapSize specified" value="148897792" />
  <attribute name="Current GC Util" value="22" />
  <attribute name= "Current Time Running" value="212571" />
  <attribute name ="GC Interval" value="0" />
  <attribute name="Target GC Util Change" value ="80.000000" />
  <attribute name="Current GC Util Change" value="22.000000"/>
  <attribute name="Current Error" value="-154.000000" />
  <attribute name="Output H" value="149199800"/>
  <attribute name="Output I" value="1208"/>
  <attribute name="Output T" value="16"/>
  <attribute name= "Current Time Running" value="212571" />
  <attribute name="GC Util currently" value="22" />
  <attribute name="CPU Util currently" value="14741124514" />
<allocation-satisfied id="6898" threadId="00000000020BEF00" bytesRequested="16392" />
<af-end id="6899" timestamp="2019-08-08T00:01:33.654" threadId="00000000020BF888" success="true" />
<exclusive-end id="6900" timestamp="2019-08-08T00:01:33.656" durationms="144.164" />

<exclusive-start id="6901" timestamp="2019-08-08T00:01:33.839" intervalms="326.822">
  <response-info timems="2.871" idlems="2.871" threads="0" lastid="00000000020C2B00" lastname="Thread-42" />
</exclusive-start>
<af-start id="6902" threadId="00000000020C3488" totalBytesRequested="40" timestamp="2019-08-08T00:01:33.842" intervalms="329.387" />
<cycle-start id="6903" type="global" contextid="0" timestamp="2019-08-08T00:01:33.842" intervalms="329.402" />
<gc-start id="6904" type="global" contextid="6903" timestamp="2019-08-08T00:01:33.842">
  <mem-info id="6905" free="1491968" total="149225472" percent="0">
    <mem type="tenure" free="1491968" total="149225472" percent="0">
      <mem type="soa" free="0" total="147733504" percent="0" />
      <mem type="loa" free="1491968" total="1491968" percent="100" />
    </mem>
  </mem-info>
</gc-start>
<allocation-stats totalBytes="120787568" >
  <allocated-bytes non-tlh="0" tlh="120787568" />
  <largest-consumer threadName="Thread-39" threadId="000000000210DD00" bytes="13451912" />
</allocation-stats>
<gc-op id="6906" type="mark" timems="19.728" contextid="6903" timestamp="2019-08-08T00:01:33.862">
  <trace-info objectcount="648533" scancount="560639" scanbytes="16303832" />
  <finalization candidates="154" enqueued="0" />
  <ownableSynchronizers candidates="22" cleared="0" />
  <references type="soft" candidates="1877" cleared="0" enqueued="0" dynamicThreshold="26" maxThreshold="32" />
  <references type="weak" candidates="6346" cleared="0" enqueued="0" />
  <references type="phantom" candidates="304" cleared="0" enqueued="0" />
  <stringconstants candidates="15953" cleared="0"  />
</gc-op>
<gc-op id="6907" type="sweep" timems="6.308" contextid="6903" timestamp="2019-08-08T00:01:33.868" />
<mem-info id="6908" free="122205584" total="149225472" percent="81">
  <mem type="tenure" free="122205584" total="149225472" percent="81" micro-fragmented="122328" macro-fragmented="0">
    <mem type="soa" free="120713616" total="147733504" percent="81" />
    <mem type="loa" free="1491968" total="1491968" percent="100" />
  </mem>
</mem-info>
<gc-op id="6909" type="compact" timems="37.811" contextid="6903" timestamp="2019-08-08T00:01:33.906">
  <compact-info movecount="26183" movebytes="4575392" reason="compact to aid heap contraction" />
</gc-op>
<heap-resize id="6910" type="expand" space="tenure" amount="327680" count="1" timems="0.032" reason="satisfy allocation request" timestamp="2019-08-08T00:01:33.930" />
<gc-end id="6911" type="global" contextid="6903" durationms="88.789" usertimems="113.227" systemtimems="28.080" timestamp="2019-08-08T00:01:33.931" activeThreads="16">
  <mem-info id="6912" free="122567528" total="149553152" percent="81">
    <mem type="tenure" free="122567528" total="149553152" percent="81">
      <mem type="soa" free="121072488" total="148058112" percent="81" />
      <mem type="loa" free="1495040" total="1495040" percent="100" />
    </mem>
  </mem-info>
</gc-end>
<cycle-end id="6913" type="global" contextid="6903" timestamp="2019-08-08T00:01:33.935" />
  <attribute name="elasticGC enabled" value="1" />
  <attribute name= "numThreadsSpecified" value="16" />
  <attribute name="heapSize specified" value="149225472" />
  <attribute name="Current GC Util" value="39" />
  <attribute name= "Current Time Running" value="212829" />
  <attribute name ="GC Interval" value="0" />
  <attribute name="Target GC Util Change" value ="80.000000" />
  <attribute name="Current GC Util Change" value="39.000000"/>
  <attribute name="Current Error" value="-216.000000" />
  <attribute name="Output H" value="149527192"/>
  <attribute name="Output I" value="888"/>
  <attribute name="Output T" value="16"/>
  <attribute name= "Current Time Running" value="212829" />
  <attribute name="GC Util currently" value="39" />
  <attribute name="CPU Util currently" value="30434609498" />
<allocation-satisfied id="6914" threadId="00000000020C2B00" bytesRequested="40" />
<af-end id="6915" timestamp="2019-08-08T00:01:33.935" threadId="00000000020C3488" success="true" />
<exclusive-end id="6916" timestamp="2019-08-08T00:01:33.935" durationms="95.889" />

<exclusive-start id="6917" timestamp="2019-08-08T00:01:34.239" intervalms="400.379">
  <response-info timems="2.778" idlems="0.831" threads="3" lastid="0000000002111900" lastname="Thread-45" />
</exclusive-start>
<af-start id="6918" threadId="00000000020F3F88" totalBytesRequested="32776" timestamp="2019-08-08T00:01:34.240" intervalms="397.789" />
<cycle-start id="6919" type="global" contextid="0" timestamp="2019-08-08T00:01:34.240" intervalms="397.784" />
<gc-start id="6920" type="global" contextid="6919" timestamp="2019-08-08T00:01:34.240">
  <mem-info id="6921" free="1495040" total="149553152" percent="0">
    <mem type="tenure" free="1495040" total="149553152" percent="0">
      <mem type="soa" free="0" total="148058112" percent="0" />
      <mem type="loa" free="1495040" total="1495040" percent="100" />
    </mem>
  </mem-info>
</gc-start>
<allocation-stats totalBytes="121018552" >
  <allocated-bytes non-tlh="0" tlh="121018552" />
  <largest-consumer threadName="Thread-44" threadId="00000000020B7700" bytes="12176280" />
</allocation-stats>
<gc-op id="6922" type="mark" timems="22.580" contextid="6919" timestamp="2019-08-08T00:01:34.262">
  <trace-info objectcount="648852" scancount="560846" scanbytes="16311584" />
  <finalization candidates="154" enqueued="0" />
  <ownableSynchronizers candidates="22" cleared="0" />
  <references type="soft" candidates="1877" cleared="0" enqueued="0" dynamicThreshold="26" maxThreshold="32" />
  <references type="weak" candidates="6346" cleared="0" enqueued="0" />
  <references type="phantom" candidates="302" cleared="0" enqueued="0" />
  <stringconstants candidates="15953" cleared="0"  />
</gc-op>
<gc-op id="6923" type="sweep" timems="2.844" contextid="6919" timestamp="2019-08-08T00:01:34.265" />
<mem-info id="6924" free="122400096" total="149553152" percent="81">
  <mem type="tenure" free="122400096" total="149553152" percent="81" micro-fragmented="33456" macro-fragmented="0">
    <mem type="soa" free="120905056" total="148058112" percent="81" />
    <mem type="loa" free="1495040" total="1495040" percent="100" />
  </mem>
</mem-info>
<gc-op id="6925" type="compact" timems="41.901" contextid="6919" timestamp="2019-08-08T00:01:34.307">
  <compact-info movecount="26501" movebytes="4716688" reason="compact to aid heap contraction" />
</gc-op>
<heap-resize id="6926" type="expand" space="tenure" amount="327680" count="1" timems="0.026" reason="satisfy allocation request" timestamp="2019-08-08T00:01:34.341" />
<gc-end id="6927" type="global" contextid="6919" durationms="104.386" usertimems="132.093" systemtimems="29.901" timestamp="2019-08-08T00:01:34.344" activeThreads="16">
  <mem-info id="6928" free="122769760" total="149880832" percent="81">
    <mem type="tenure" free="122769760" total="149880832" percent="81">
      <mem type="soa" free="121271648" total="148382720" percent="81" />
      <mem type="loa" free="1498112" total="1498112" percent="100" />
    </mem>
  </mem-info>
</gc-end>
<cycle-end id="6929" type="global" contextid="6919" timestamp="2019-08-08T00:01:34.345" />
  <attribute name="elasticGC enabled" value="1" />
  <attribute name= "numThreadsSpecified" value="16" />
  <attribute name="heapSize specified" value="149553152" />
  <attribute name="Current GC Util" value="43" />
  <attribute name= "Current Time Running" value="213230" />
  <attribute name ="GC Interval" value="0" />
  <attribute name="Target GC Util Change" value ="80.000000" />
  <attribute name="Current GC Util Change" value="43.000000"/>
  <attribute name="Current Error" value="37.000000" />
  <attribute name="Output H" value="149856040"/>
  <attribute name="Output I" value="2200"/>
  <attribute name="Output T" value="16"/>
  <attribute name= "Current Time Running" value="213230" />
  <attribute name="GC Util currently" value="43" />
  <attribute name="CPU Util currently" value="27487567630" />
<allocation-satisfied id="6930" threadId="00000000020F3600" bytesRequested="32776" />
<af-end id="6931" timestamp="2019-08-08T00:01:34.345" threadId="00000000020F3F88" success="true" />
<exclusive-end id="6932" timestamp="2019-08-08T00:01:34.345" durationms="105.759" />

<exclusive-start id="6933" timestamp="2019-08-08T00:01:34.536" intervalms="296.158">
  <response-info timems="1.056" idlems="0.531" threads="1" lastid="0000000002111900" lastname="Thread-45" />
</exclusive-start>
<af-start id="6934" threadId="00000000020E1388" totalBytesRequested="16392" timestamp="2019-08-08T00:01:34.536" intervalms="296.237" />
<cycle-start id="6935" type="global" contextid="0" timestamp="2019-08-08T00:01:34.536" intervalms="296.225" />
<gc-start id="6936" type="global" contextid="6935" timestamp="2019-08-08T00:01:34.536">
  <mem-info id="6937" free="1498112" total="149880832" percent="0">
    <mem type="tenure" free="1498112" total="149880832" percent="0">
      <mem type="soa" free="0" total="148382720" percent="0" />
      <mem type="loa" free="1498112" total="1498112" percent="100" />
    </mem>
  </mem-info>
</gc-start>
<allocation-stats totalBytes="121107496" >
  <allocated-bytes non-tlh="0" tlh="121107496" />
  <largest-consumer threadName="Thread-46" threadId="0000000002115500" bytes="15229384" />
</allocation-stats>
<gc-op id="6938" type="mark" timems="21.777" contextid="6935" timestamp="2019-08-08T00:01:34.558">
  <trace-info objectcount="647534" scancount="559659" scanbytes="16165608" />
  <finalization candidates="154" enqueued="0" />
  <ownableSynchronizers candidates="22" cleared="0" />
  <references type="soft" candidates="1877" cleared="0" enqueued="0" dynamicThreshold="26" maxThreshold="32" />
  <references type="weak" candidates="6346" cleared="0" enqueued="0" />
  <references type="phantom" candidates="302" cleared="0" enqueued="0" />
  <stringconstants candidates="15953" cleared="0"  />
</gc-op>
<gc-op id="6939" type="sweep" timems="3.991" contextid="6935" timestamp="2019-08-08T00:01:34.562" />
<mem-info id="6940" free="123093720" total="149880832" percent="82">
  <mem type="tenure" free="123093720" total="149880832" percent="82" micro-fragmented="85384" macro-fragmented="0">
    <mem type="soa" free="121595608" total="148382720" percent="81" />
    <mem type="loa" free="1498112" total="1498112" percent="100" />
  </mem>
</mem-info>
<gc-op id="6941" type="compact" timems="27.850" contextid="6935" timestamp="2019-08-08T00:01:34.590">
  <compact-info movecount="25193" movebytes="4360904" reason="compact to aid heap contraction" />
</gc-op>
<heap-resize id="6942" type="expand" space="tenure" amount="327680" count="1" timems="0.020" reason="satisfy allocation request" timestamp="2019-08-08T00:01:34.591" />
<gc-end id="6943" type="global" contextid="6935" durationms="54.758" usertimems="104.105" systemtimems="18.467" timestamp="2019-08-08T00:01:34.591" activeThreads="16">
  <mem-info id="6944" free="123453448" total="150208512" percent="82">
    <mem type="tenure" free="123453448" total="150208512" percent="82">
      <mem type="soa" free="121952264" total="148707328" percent="82" />
      <mem type="loa" free="1501184" total="1501184" percent="100" />
    </mem>
  </mem-info>
</gc-end>
<cycle-end id="6945" type="global" contextid="6935" timestamp="2019-08-08T00:01:34.591" />
  <attribute name="elasticGC enabled" value="1" />
  <attribute name= "numThreadsSpecified" value="16" />
  <attribute name="heapSize specified" value="149880832" />
  <attribute name="Current GC Util" value="60" />
  <attribute name= "Current Time Running" value="213513" />
  <attribute name ="GC Interval" value="0" />
  <attribute name="Target GC Util Change" value ="80.000000" />
  <attribute name="Current GC Util Change" value="60.000000"/>
  <attribute name="Current Error" value="-111.000000" />
  <attribute name="Output H" value="150183032"/>
  <attribute name="Output I" value="1432"/>
  <attribute name="Output T" value="16"/>
  <attribute name= "Current Time Running" value="213513" />
  <attribute name="GC Util currently" value="60" />
  <attribute name="CPU Util currently" value="41390527332" />
<allocation-satisfied id="6946" threadId="00000000020E0A00" bytesRequested="16392" />
<af-end id="6947" timestamp="2019-08-08T00:01:34.591" threadId="00000000020E1388" success="true" />
<exclusive-end id="6948" timestamp="2019-08-08T00:01:34.591" durationms="55.092" />

<exclusive-start id="6949" timestamp="2019-08-08T00:01:34.850" intervalms="314.353">
  <response-info timems="14.075" idlems="4.980" threads="3" lastid="000000000210A100" lastname="Thread-41" />
</exclusive-start>
<af-start id="6950" threadId="00000000020E8B88" totalBytesRequested="8200" timestamp="2019-08-08T00:01:34.850" intervalms="314.276" />
<cycle-start id="6951" type="global" contextid="0" timestamp="2019-08-08T00:01:34.850" intervalms="314.275" />
<gc-start id="6952" type="global" contextid="6951" timestamp="2019-08-08T00:01:34.850">
  <mem-info id="6953" free="1501184" total="150208512" percent="0">
    <mem type="tenure" free="1501184" total="150208512" percent="0">
      <mem type="soa" free="0" total="148707328" percent="0" />
      <mem type="loa" free="1501184" total="1501184" percent="100" />
    </mem>
  </mem-info>
</gc-start>
<allocation-stats totalBytes="121858400" >
  <allocated-bytes non-tlh="0" tlh="121858400" />
  <largest-consumer threadName="Thread-47" threadId="00000000020FE200" bytes="11756856" />
</allocation-stats>
<gc-op id="6954" type="mark" timems="19.784" contextid="6951" timestamp="2019-08-08T00:01:34.870">
  <trace-info objectcount="647798" scancount="559892" scanbytes="16282584" />
  <finalization candidates="154" enqueued="0" />
  <ownableSynchronizers candidates="22" cleared="0" />
  <references type="soft" candidates="1877" cleared="0" enqueued="0" dynamicThreshold="26" maxThreshold="32" />
  <references type="weak" candidates="6346" cleared="0" enqueued="0" />
  <references type="phantom" candidates="303" cleared="0" enqueued="0" />
  <stringconstants candidates="15953" cleared="0"  />
</gc-op>
<gc-op id="6955" type="sweep" timems="20.966" contextid="6951" timestamp="2019-08-08T00:01:34.891" />
<mem-info id="6956" free="123332680" total="150208512" percent="82">
  <mem type="tenure" free="123332680" total="150208512" percent="82" micro-fragmented="43158" macro-fragmented="0">
    <mem type="soa" free="121831496" total="148707328" percent="81" />
    <mem type="loa" free="1501184" total="1501184" percent="100" />
  </mem>
</mem-info>
<gc-op id="6957" type="compact" timems="48.842" contextid="6951" timestamp="2019-08-08T00:01:34.940">
  <compact-info movecount="25456" movebytes="4449424" reason="compact to aid heap contraction" />
</gc-op>
<heap-resize id="6958" type="expand" space="tenure" amount="327680" count="1" timems="0.027" reason="satisfy allocation request" timestamp="2019-08-08T00:01:34.942" />
<gc-end id="6959" type="global" contextid="6951" durationms="91.756" usertimems="182.249" systemtimems="19.410" timestamp="2019-08-08T00:01:34.942" activeThreads="16">
  <mem-info id="6960" free="123693296" total="150536192" percent="82">
    <mem type="tenure" free="123693296" total="150536192" percent="82">
      <mem type="soa" free="122188016" total="149030912" percent="81" />
      <mem type="loa" free="1505280" total="1505280" percent="100" />
    </mem>
  </mem-info>
</gc-end>
<cycle-end id="6961" type="global" contextid="6951" timestamp="2019-08-08T00:01:34.942" />
  <attribute name="elasticGC enabled" value="1" />
  <attribute name= "numThreadsSpecified" value="16" />
  <attribute name="heapSize specified" value="150208512" />
  <attribute name="Current GC Util" value="67" />
  <attribute name= "Current Time Running" value="213863" />
  <attribute name ="GC Interval" value="0" />
  <attribute name="Target GC Util Change" value ="80.000000" />
  <attribute name="Current GC Util Change" value="67.000000"/>
  <attribute name="Current Error" value="-88.000000" />
  <attribute name="Output H" value="150510824"/>
  <attribute name="Output I" value="1552"/>
  <attribute name="Output T" value="16"/>
  <attribute name= "Current Time Running" value="213863" />
  <attribute name="GC Util currently" value="67" />
  <attribute name="CPU Util currently" value="23602762848" />
<allocation-satisfied id="6962" threadId="00000000020E8200" bytesRequested="8200" />
<af-end id="6963" timestamp="2019-08-08T00:01:34.942" threadId="00000000020E8B88" success="true" />
<exclusive-end id="6964" timestamp="2019-08-08T00:01:34.942" durationms="92.125" />

<exclusive-start id="6965" timestamp="2019-08-08T00:01:35.004" intervalms="154.406">
  <response-info timems="4.075" idlems="4.075" threads="0" lastid="00000000020FE200" lastname="Thread-47" />
</exclusive-start>
<af-start id="6966" threadId="00000000020FEB88" totalBytesRequested="16392" timestamp="2019-08-08T00:01:35.004" intervalms="154.408" />
<cycle-start id="6967" type="global" contextid="0" timestamp="2019-08-08T00:01:35.004" intervalms="154.408" />
<gc-start id="6968" type="global" contextid="6967" timestamp="2019-08-08T00:01:35.005">
  <mem-info id="6969" free="1505280" total="150536192" percent="0">
    <mem type="tenure" free="1505280" total="150536192" percent="0">
      <mem type="soa" free="0" total="149030912" percent="0" />
      <mem type="loa" free="1505280" total="1505280" percent="100" />
    </mem>
  </mem-info>
</gc-start>
<allocation-stats totalBytes="122048168" >
  <allocated-bytes non-tlh="0" tlh="122048168" />
  <largest-consumer threadName="Thread-40" threadId="00000000020E8200" bytes="14261296" />
</allocation-stats>
<gc-op id="6970" type="mark" timems="76.751" contextid="6967" timestamp="2019-08-08T00:01:35.081">
  <trace-info objectcount="646074" scancount="558361" scanbytes="16114340" />
  <finalization candidates="154" enqueued="0" />
  <ownableSynchronizers candidates="22" cleared="0" />
  <references type="soft" candidates="1877" cleared="0" enqueued="0" dynamicThreshold="26" maxThreshold="32" />
  <references type="weak" candidates="6346" cleared="0" enqueued="0" />
  <references type="phantom" candidates="305" cleared="0" enqueued="0" />
  <stringconstants candidates="15953" cleared="0"  />
</gc-op>
<gc-op id="6971" type="sweep" timems="4.812" contextid="6967" timestamp="2019-08-08T00:01:35.086" />
<mem-info id="6972" free="124182256" total="150536192" percent="82">
  <mem type="tenure" free="124182256" total="150536192" percent="82" micro-fragmented="46532" macro-fragmented="0">
    <mem type="soa" free="122676976" total="149030912" percent="82" />
    <mem type="loa" free="1505280" total="1505280" percent="100" />
  </mem>
</mem-info>
<gc-op id="6973" type="compact" timems="88.045" contextid="6967" timestamp="2019-08-08T00:01:35.174">
  <compact-info movecount="23706" movebytes="3938440" reason="compact to aid heap contraction" />
</gc-op>
<heap-resize id="6974" type="expand" space="tenure" amount="327680" count="1" timems="0.021" reason="satisfy allocation request" timestamp="2019-08-08T00:01:35.176" />
<gc-end id="6975" type="global" contextid="6967" durationms="171.543" usertimems="157.720" systemtimems="43.934" timestamp="2019-08-08T00:01:35.176" activeThreads="16">
  <mem-info id="6976" free="124521808" total="150863872" percent="82">
    <mem type="tenure" free="124521808" total="150863872" percent="82">
      <mem type="soa" free="123013456" total="149355520" percent="82" />
      <mem type="loa" free="1508352" total="1508352" percent="100" />
    </mem>
  </mem-info>
</gc-end>
<cycle-end id="6977" type="global" contextid="6967" timestamp="2019-08-08T00:01:35.176" />
  <attribute name="elasticGC enabled" value="1" />
  <attribute name= "numThreadsSpecified" value="16" />
  <attribute name="heapSize specified" value="150536192" />
  <attribute name="Current GC Util" value="61" />
  <attribute name= "Current Time Running" value="214098" />
  <attribute name ="GC Interval" value="0" />
  <attribute name="Target GC Util Change" value ="80.000000" />
  <attribute name="Current GC Util Change" value="61.000000"/>
  <attribute name="Current Error" value="19.000000" />
  <attribute name="Output H" value="150838992"/>
  <attribute name="Output I" value="2112"/>
  <attribute name="Output T" value="16"/>
  <attribute name= "Current Time Running" value="214098" />
  <attribute name="GC Util currently" value="61" />
  <attribute name="CPU Util currently" value="13089262875" />
<allocation-satisfied id="6978" threadId="00000000020FE200" bytesRequested="16392" />
<af-end id="6979" timestamp="2019-08-08T00:01:35.176" threadId="00000000020FEB88" success="true" />
<exclusive-end id="6980" timestamp="2019-08-08T00:01:35.176" durationms="171.956" />

<exclusive-start id="6981" timestamp="2019-08-08T00:01:35.335" intervalms="330.692">
  <response-info timems="2.168" idlems="2.168" threads="0" lastid="00000000020F3600" lastname="Thread-43" />
</exclusive-start>
<af-start id="6982" threadId="00000000020F3F88" totalBytesRequested="16392" timestamp="2019-08-08T00:01:35.335" intervalms="330.771" />
<cycle-start id="6983" type="global" contextid="0" timestamp="2019-08-08T00:01:35.335" intervalms="330.859" />
<gc-start id="6984" type="global" contextid="6983" timestamp="2019-08-08T00:01:35.336">
  <mem-info id="6985" free="1508352" total="150863872" percent="0">
    <mem type="tenure" free="1508352" total="150863872" percent="0">
      <mem type="soa" free="0" total="149355520" percent="0" />
      <mem type="loa" free="1508352" total="1508352" percent="100" />
    </mem>
  </mem-info>
</gc-start>
<allocation-stats totalBytes="122901376" >
  <allocated-bytes non-tlh="0" tlh="122901376" />
  <largest-consumer threadName="Thread-39" threadId="000000000210DD00" bytes="12373344" />
</allocation-stats>
<gc-op id="6986" type="mark" timems="55.034" contextid="6983" timestamp="2019-08-08T00:01:35.391">
  <trace-info objectcount="647200" scancount="559295" scanbytes="16234936" />
  <finalization candidates="154" enqueued="0" />
  <ownableSynchronizers candidates="22" cleared="0" />
  <references type="soft" candidates="1877" cleared="0" enqueued="0" dynamicThreshold="26" maxThreshold="32" />
  <references type="weak" candidates="6346" cleared="0" enqueued="0" />
  <references type="phantom" candidates="302" cleared="0" enqueued="0" />
  <stringconstants candidates="15953" cleared="0"  />
</gc-op>
<gc-op id="6987" type="sweep" timems="15.910" contextid="6983" timestamp="2019-08-08T00:01:35.407" />
<mem-info id="6988" free="123972568" total="150863872" percent="82">
  <mem type="tenure" free="123972568" total="150863872" percent="82" micro-fragmented="23022" macro-fragmented="0">
    <mem type="soa" free="122464216" total="149355520" percent="81" />
    <mem type="loa" free="1508352" total="1508352" percent="100" />
  </mem>
</mem-info>
<gc-op id="6989" type="compact" timems="38.033" contextid="6983" timestamp="2019-08-08T00:01:35.445">
  <compact-info movecount="24834" movebytes="4447504" reason="compact to aid heap contraction" />
</gc-op>
<heap-resize id="6990" type="expand" space="tenure" amount="327680" count="1" timems="0.021" reason="satisfy allocation request" timestamp="2019-08-08T00:01:35.446" />
<gc-end id="6991" type="global" contextid="6983" durationms="110.400" usertimems="122.611" systemtimems="15.498" timestamp="2019-08-08T00:01:35.446" activeThreads="16">
  <mem-info id="6992" free="124338184" total="151191552" percent="82">
    <mem type="tenure" free="124338184" total="151191552" percent="82">
      <mem type="soa" free="122826760" total="149680128" percent="82" />
      <mem type="loa" free="1511424" total="1511424" percent="100" />
    </mem>
  </mem-info>
</gc-end>
<cycle-end id="6993" type="global" contextid="6983" timestamp="2019-08-08T00:01:35.446" />
  <attribute name="elasticGC enabled" value="1" />
  <attribute name= "numThreadsSpecified" value="16" />
  <attribute name="heapSize specified" value="150863872" />
  <attribute name="Current GC Util" value="49" />
  <attribute name= "Current Time Running" value="214368" />
  <attribute name ="GC Interval" value="0" />
  <attribute name="Target GC Util Change" value ="80.000000" />
  <attribute name="Current GC Util Change" value="49.000000"/>
  <attribute name="Current Error" value="68.000000" />
  <attribute name="Output H" value="151166904"/>
  <attribute name="Output I" value="2368"/>
  <attribute name="Output T" value="16"/>
  <attribute name= "Current Time Running" value="214368" />
  <attribute name="GC Util currently" value="49" />
  <attribute name="CPU Util currently" value="30274949822" />
<allocation-satisfied id="6994" threadId="00000000020F3600" bytesRequested="16392" />
<af-end id="6995" timestamp="2019-08-08T00:01:35.446" threadId="00000000020F3F88" success="true" />
<exclusive-end id="6996" timestamp="2019-08-08T00:01:35.446" durationms="110.929" />

<exclusive-start id="6997" timestamp="2019-08-08T00:01:35.615" intervalms="280.176">
  <response-info timems="4.443" idlems="4.443" threads="0" lastid="00000000020FE200" lastname="Thread-47" />
</exclusive-start>
<af-start id="6998" threadId="00000000020FEB88" totalBytesRequested="16" timestamp="2019-08-08T00:01:35.615" intervalms="280.097" />
<cycle-start id="6999" type="global" contextid="0" timestamp="2019-08-08T00:01:35.615" intervalms="280.010" />
<gc-start id="7000" type="global" contextid="6999" timestamp="2019-08-08T00:01:35.615">
  <mem-info id="7001" free="1511424" total="151191552" percent="0">
    <mem type="tenure" free="1511424" total="151191552" percent="0">
      <mem type="soa" free="0" total="149680128" percent="0" />
      <mem type="loa" free="1511424" total="1511424" percent="100" />
    </mem>
  </mem-info>
</gc-start>
<allocation-stats totalBytes="122719768" >
  <allocated-bytes non-tlh="0" tlh="122719768" />
  <largest-consumer threadName="Thread-46" threadId="0000000002115500" bytes="12307184" />
</allocation-stats>
<gc-op id="7002" type="mark" timems="61.281" contextid="6999" timestamp="2019-08-08T00:01:35.677">
  <trace-info objectcount="647318" scancount="559370" scanbytes="16271024" />
  <finalization candidates="154" enqueued="0" />
  <ownableSynchronizers candidates="22" cleared="0" />
  <references type="soft" candidates="1877" cleared="0" enqueued="0" dynamicThreshold="26" maxThreshold="32" />
  <references type="weak" candidates="6346" cleared="0" enqueued="0" />
  <references type="phantom" candidates="303" cleared="0" enqueued="0" />
  <stringconstants candidates="15953" cleared="0"  />
</gc-op>
<gc-op id="7003" type="sweep" timems="23.630" contextid="6999" timestamp="2019-08-08T00:01:35.710" />
<mem-info id="7004" free="124177648" total="151191552" percent="82">
  <mem type="tenure" free="124177648" total="151191552" percent="82" micro-fragmented="44866" macro-fragmented="0">
    <mem type="soa" free="122666224" total="149680128" percent="81" />
    <mem type="loa" free="1511424" total="1511424" percent="100" />
  </mem>
</mem-info>
<gc-op id="7005" type="compact" timems="41.228" contextid="6999" timestamp="2019-08-08T00:01:35.751">
  <compact-info movecount="24948" movebytes="4557040" reason="compact to aid heap contraction" />
</gc-op>
<heap-resize id="7006" type="expand" space="tenure" amount="327680" count="1" timems="0.026" reason="satisfy allocation request" timestamp="2019-08-08T00:01:35.752" />
<gc-end id="7007" type="global" contextid="6999" durationms="136.806" usertimems="171.943" systemtimems="62.953" timestamp="2019-08-08T00:01:35.752" activeThreads="16">
  <mem-info id="7008" free="124535080" total="151519232" percent="82">
    <mem type="tenure" free="124535080" total="151519232" percent="82">
      <mem type="soa" free="123020584" total="150004736" percent="82" />
      <mem type="loa" free="1514496" total="1514496" percent="100" />
    </mem>
  </mem-info>
</gc-end>
<cycle-end id="7009" type="global" contextid="6999" timestamp="2019-08-08T00:01:35.752" />
  <attribute name="elasticGC enabled" value="1" />
  <attribute name= "numThreadsSpecified" value="16" />
  <attribute name="heapSize specified" value="151191552" />
  <attribute name="Current GC Util" value="61" />
  <attribute name= "Current Time Running" value="214674" />
  <attribute name ="GC Interval" value="0" />
  <attribute name="Target GC Util Change" value ="80.000000" />
  <attribute name="Current GC Util Change" value="61.000000"/>
  <attribute name="Current Error" value="-52.000000" />
  <attribute name="Output H" value="151494024"/>
  <attribute name="Output I" value="1744"/>
  <attribute name="Output T" value="16"/>
  <attribute name= "Current Time Running" value="214674" />
  <attribute name="GC Util currently" value="61" />
  <attribute name="CPU Util currently" value="27949585574" />
<allocation-satisfied id="7010" threadId="00000000020FE200" bytesRequested="16" />
<af-end id="7011" timestamp="2019-08-08T00:01:35.752" threadId="00000000020FEB88" success="true" />
<exclusive-end id="7012" timestamp="2019-08-08T00:01:35.752" durationms="137.101" />

<exclusive-start id="7013" timestamp="2019-08-08T00:01:36.081" intervalms="465.675">
  <response-info timems="18.986" idlems="18.986" threads="0" lastid="0000000002115500" lastname="Thread-46" />
</exclusive-start>
<af-start id="7014" threadId="0000000002115E88" totalBytesRequested="48" timestamp="2019-08-08T00:01:36.081" intervalms="465.675" />
<cycle-start id="7015" type="global" contextid="0" timestamp="2019-08-08T00:01:36.081" intervalms="465.675" />
<gc-start id="7016" type="global" contextid="7015" timestamp="2019-08-08T00:01:36.081">
  <mem-info id="7017" free="1514496" total="151519232" percent="0">
    <mem type="tenure" free="1514496" total="151519232" percent="0">
      <mem type="soa" free="0" total="150004736" percent="0" />
      <mem type="loa" free="1514496" total="1514496" percent="100" />
    </mem>
  </mem-info>
</gc-start>
<allocation-stats totalBytes="122935208" >
  <allocated-bytes non-tlh="0" tlh="122935208" />
  <largest-consumer threadName="Thread-46" threadId="0000000002115500" bytes="14391688" />
</allocation-stats>
<gc-op id="7018" type="mark" timems="42.778" contextid="7015" timestamp="2019-08-08T00:01:36.124">
  <trace-info objectcount="646994" scancount="559090" scanbytes="16262492" />
  <finalization candidates="154" enqueued="0" />
  <ownableSynchronizers candidates="22" cleared="0" />
  <references type="soft" candidates="1877" cleared="0" enqueued="0" dynamicThreshold="26" maxThreshold="32" />
  <references type="weak" candidates="6346" cleared="0" enqueued="0" />
  <references type="phantom" candidates="304" cleared="0" enqueued="0" />
  <stringconstants candidates="15953" cleared="0"  />
</gc-op>
<gc-op id="7019" type="sweep" timems="6.941" contextid="7015" timestamp="2019-08-08T00:01:36.131" />
<mem-info id="7020" free="124469928" total="151519232" percent="82">
  <mem type="tenure" free="124469928" total="151519232" percent="82" micro-fragmented="52382" macro-fragmented="0">
    <mem type="soa" free="122955432" total="150004736" percent="81" />
    <mem type="loa" free="1514496" total="1514496" percent="100" />
  </mem>
</mem-info>
<gc-op id="7021" type="compact" timems="75.040" contextid="7015" timestamp="2019-08-08T00:01:36.206">
  <compact-info movecount="24592" movebytes="4633152" reason="compact to aid heap contraction" />
</gc-op>
<heap-resize id="7022" type="expand" space="tenure" amount="327680" count="1" timems="0.026" reason="satisfy allocation request" timestamp="2019-08-08T00:01:36.216" />
<gc-end id="7023" type="global" contextid="7015" durationms="135.302" usertimems="193.074" systemtimems="39.791" timestamp="2019-08-08T00:01:36.216" activeThreads="16">
  <mem-info id="7024" free="124818856" total="151846912" percent="82">
    <mem type="tenure" free="124818856" total="151846912" percent="82">
      <mem type="soa" free="123301288" total="150329344" percent="82" />
      <mem type="loa" free="1517568" total="1517568" percent="100" />
    </mem>
  </mem-info>
</gc-end>
<cycle-end id="7025" type="global" contextid="7015" timestamp="2019-08-08T00:01:36.216" />
  <attribute name="elasticGC enabled" value="1" />
  <attribute name= "numThreadsSpecified" value="16" />
  <attribute name="heapSize specified" value="151519232" />
  <attribute name="Current GC Util" value="37" />
  <attribute name= "Current Time Running" value="215129" />
  <attribute name ="GC Interval" value="0" />
  <attribute name="Target GC Util Change" value ="80.000000" />
  <attribute name="Current GC Util Change" value="37.000000"/>
  <attribute name="Current Error" value="43.000000" />
  <attribute name="Output H" value="151822144"/>
  <attribute name="Output I" value="2232"/>
  <attribute name="Output T" value="16"/>
  <attribute name= "Current Time Running" value="215129" />
  <attribute name="GC Util currently" value="37" />
  <attribute name="CPU Util currently" value="15343207199" />
<allocation-satisfied id="7026" threadId="0000000002115500" bytesRequested="48" />
<af-end id="7027" timestamp="2019-08-08T00:01:36.216" threadId="0000000002115E88" success="true" />
<exclusive-end id="7028" timestamp="2019-08-08T00:01:36.217" durationms="135.591" />

<exclusive-start id="7029" timestamp="2019-08-08T00:01:36.664" intervalms="583.285">
  <response-info timems="1.044" idlems="0.287" threads="3" lastid="00000000020F3600" lastname="Thread-43" />
</exclusive-start>
<af-start id="7030" threadId="00000000020E8B88" totalBytesRequested="8200" timestamp="2019-08-08T00:01:36.664" intervalms="583.279" />
<cycle-start id="7031" type="global" contextid="0" timestamp="2019-08-08T00:01:36.664" intervalms="583.278" />
<gc-start id="7032" type="global" contextid="7031" timestamp="2019-08-08T00:01:36.664">
  <mem-info id="7033" free="1517568" total="151846912" percent="0">
    <mem type="tenure" free="1517568" total="151846912" percent="0">
      <mem type="soa" free="0" total="150329344" percent="0" />
      <mem type="loa" free="1517568" total="1517568" percent="100" />
    </mem>
  </mem-info>
</gc-start>
<allocation-stats totalBytes="123179024" >
  <allocated-bytes non-tlh="0" tlh="123179024" />
  <largest-consumer threadName="Thread-43" threadId="00000000020F3600" bytes="13631232" />
</allocation-stats>
<gc-op id="7034" type="mark" timems="58.744" contextid="7031" timestamp="2019-08-08T00:01:36.723">
  <trace-info objectcount="646623" scancount="558747" scanbytes="16254152" />
  <finalization candidates="154" enqueued="0" />
  <ownableSynchronizers candidates="22" cleared="0" />
  <references type="soft" candidates="1877" cleared="0" enqueued="0" dynamicThreshold="26" maxThreshold="32" />
  <references type="weak" candidates="6346" cleared="0" enqueued="0" />
  <references type="phantom" candidates="304" cleared="0" enqueued="0" />
  <stringconstants candidates="15953" cleared="0"  />
</gc-op>
<gc-op id="7035" type="sweep" timems="5.455" contextid="7031" timestamp="2019-08-08T00:01:36.729" />
<mem-info id="7036" free="124940808" total="151846912" percent="82">
  <mem type="tenure" free="124940808" total="151846912" percent="82" micro-fragmented="58218" macro-fragmented="0">
    <mem type="soa" free="123423240" total="150329344" percent="82" />
    <mem type="loa" free="1517568" total="1517568" percent="100" />
  </mem>
</mem-info>
<gc-op id="7037" type="compact" timems="82.384" contextid="7031" timestamp="2019-08-08T00:01:36.811">
  <compact-info movecount="24210" movebytes="4481240" reason="compact to aid heap contraction" />
</gc-op>
<heap-resize id="7038" type="expand" space="tenure" amount="327680" count="1" timems="0.028" reason="satisfy allocation request" timestamp="2019-08-08T00:01:36.901" />
<gc-end id="7039" type="global" contextid="7031" durationms="246.859" usertimems="185.595" systemtimems="90.877" timestamp="2019-08-08T00:01:36.911" activeThreads="16">
  <mem-info id="7040" free="125295040" total="152174592" percent="82">
    <mem type="tenure" free="125295040" total="152174592" percent="82">
      <mem type="soa" free="123773376" total="150652928" percent="82" />
      <mem type="loa" free="1521664" total="1521664" percent="100" />
    </mem>
  </mem-info>
</gc-end>
<cycle-end id="7041" type="global" contextid="7031" timestamp="2019-08-08T00:01:36.911" />
  <attribute name="elasticGC enabled" value="1" />
  <attribute name= "numThreadsSpecified" value="16" />
  <attribute name="heapSize specified" value="151846912" />
  <attribute name="Current GC Util" value="31" />
  <attribute name= "Current Time Running" value="215734" />
  <attribute name ="GC Interval" value="0" />
  <attribute name="Target GC Util Change" value ="80.000000" />
  <attribute name="Current GC Util Change" value="31.000000"/>
  <attribute name="Current Error" value="133.000000" />
  <attribute name="Output H" value="152150240"/>
  <attribute name="Output I" value="2704"/>
  <attribute name="Output T" value="16"/>
  <attribute name= "Current Time Running" value="215734" />
  <attribute name="GC Util currently" value="31" />
  <attribute name="CPU Util currently" value="14000009073" />
<allocation-satisfied id="7042" threadId="00000000020E8200" bytesRequested="8200" />
<af-end id="7043" timestamp="2019-08-08T00:01:36.911" threadId="00000000020E8B88" success="true" />
<exclusive-end id="7044" timestamp="2019-08-08T00:01:36.911" durationms="247.132" />

<exclusive-start id="7045" timestamp="2019-08-08T00:01:37.177" intervalms="512.932">
  <response-info timems="1.666" idlems="1.666" threads="0" lastid="00000000020FE200" lastname="Thread-47" />
</exclusive-start>
<af-start id="7046" threadId="00000000020FEB88" totalBytesRequested="8200" timestamp="2019-08-08T00:01:37.177" intervalms="512.929" />
<cycle-start id="7047" type="global" contextid="0" timestamp="2019-08-08T00:01:37.177" intervalms="512.916" />
<gc-start id="7048" type="global" contextid="7047" timestamp="2019-08-08T00:01:37.177">
  <mem-info id="7049" free="1521664" total="152174592" percent="0">
    <mem type="tenure" free="1521664" total="152174592" percent="0">
      <mem type="soa" free="0" total="150652928" percent="0" />
      <mem type="loa" free="1521664" total="1521664" percent="100" />
    </mem>
  </mem-info>
</gc-start>
<allocation-stats totalBytes="123560400" >
  <allocated-bytes non-tlh="0" tlh="123560400" />
  <largest-consumer threadName="Thread-47" threadId="00000000020FE200" bytes="19027304" />
</allocation-stats>
<gc-op id="7050" type="mark" timems="36.335" contextid="7047" timestamp="2019-08-08T00:01:37.214">
  <trace-info objectcount="646006" scancount="558263" scanbytes="16243232" />
  <finalization candidates="154" enqueued="0" />
  <ownableSynchronizers candidates="22" cleared="0" />
  <references type="soft" candidates="1877" cleared="0" enqueued="0" dynamicThreshold="26" maxThreshold="32" />
  <references type="weak" candidates="6346" cleared="0" enqueued="0" />
  <references type="phantom" candidates="304" cleared="0" enqueued="0" />
  <stringconstants candidates="15953" cleared="0"  />
</gc-op>
<gc-op id="7051" type="sweep" timems="11.475" contextid="7047" timestamp="2019-08-08T00:01:37.225" />
<mem-info id="7052" free="125465048" total="152174592" percent="82">
  <mem type="tenure" free="125465048" total="152174592" percent="82" micro-fragmented="66907" macro-fragmented="0">
    <mem type="soa" free="123943384" total="150652928" percent="82" />
    <mem type="loa" free="1521664" total="1521664" percent="100" />
  </mem>
</mem-info>
<gc-op id="7053" type="compact" timems="92.147" contextid="7047" timestamp="2019-08-08T00:01:37.318">
  <compact-info movecount="23569" movebytes="4161744" reason="compact to aid heap contraction" />
</gc-op>
<heap-resize id="7054" type="expand" space="tenure" amount="327680" count="1" timems="0.044" reason="satisfy allocation request" timestamp="2019-08-08T00:01:37.323" />
<gc-end id="7055" type="global" contextid="7047" durationms="145.390" usertimems="283.441" systemtimems="62.204" timestamp="2019-08-08T00:01:37.323" activeThreads="16">
  <mem-info id="7056" free="125820352" total="152502272" percent="82">
    <mem type="tenure" free="125820352" total="152502272" percent="82">
      <mem type="soa" free="124295616" total="150977536" percent="82" />
      <mem type="loa" free="1524736" total="1524736" percent="100" />
    </mem>
  </mem-info>
</gc-end>
<cycle-end id="7057" type="global" contextid="7047" timestamp="2019-08-08T00:01:37.323" />
  <attribute name="elasticGC enabled" value="1" />
  <attribute name= "numThreadsSpecified" value="16" />
  <attribute name="heapSize specified" value="152174592" />
  <attribute name="Current GC Util" value="54" />
  <attribute name= "Current Time Running" value="216241" />
  <attribute name ="GC Interval" value="0" />
  <attribute name="Target GC Util Change" value ="80.000000" />
  <attribute name="Current GC Util Change" value="54.000000"/>
  <attribute name="Current Error" value="-298.000000" />
  <attribute name="Output H" value="152475928"/>
  <attribute name="Output I" value="464"/>
  <attribute name="Output T" value="16"/>
  <attribute name= "Current Time Running" value="216241" />
  <attribute name="GC Util currently" value="54" />
  <attribute name="CPU Util currently" value="12505300244" />
<allocation-satisfied id="7058" threadId="00000000020FE200" bytesRequested="8200" />
<af-end id="7059" timestamp="2019-08-08T00:01:37.323" threadId="00000000020FEB88" success="true" />
<exclusive-end id="7060" timestamp="2019-08-08T00:01:37.323" durationms="145.652" />

<exclusive-start id="7061" timestamp="2019-08-08T00:01:37.723" intervalms="546.241">
  <response-info timems="0.649" idlems="0.146" threads="5" lastid="000000000210DD00" lastname="Thread-39" />
</exclusive-start>
<af-start id="7062" threadId="00000000020BBC88" totalBytesRequested="16392" timestamp="2019-08-08T00:01:37.723" intervalms="546.238" />
<cycle-start id="7063" type="global" contextid="0" timestamp="2019-08-08T00:01:37.723" intervalms="546.245" />
<gc-start id="7064" type="global" contextid="7063" timestamp="2019-08-08T00:01:37.724">
  <mem-info id="7065" free="1524736" total="152502272" percent="0">
    <mem type="tenure" free="1524736" total="152502272" percent="0">
      <mem type="soa" free="0" total="150977536" percent="0" />
      <mem type="loa" free="1524736" total="1524736" percent="100" />
    </mem>
  </mem-info>
</gc-start>
<allocation-stats totalBytes="124125920" >
  <allocated-bytes non-tlh="8200" tlh="124117720" />
  <largest-consumer threadName="Thread-49" threadId="00000000020D5600" bytes="14672184" />
</allocation-stats>
<gc-op id="7066" type="mark" timems="31.308" contextid="7063" timestamp="2019-08-08T00:01:37.755">
  <trace-info objectcount="644817" scancount="557093" scanbytes="16168424" />
  <finalization candidates="154" enqueued="0" />
  <ownableSynchronizers candidates="22" cleared="0" />
  <references type="soft" candidates="1877" cleared="0" enqueued="0" dynamicThreshold="26" maxThreshold="32" />
  <references type="weak" candidates="6346" cleared="0" enqueued="0" />
  <references type="phantom" candidates="303" cleared="0" enqueued="0" />
  <stringconstants candidates="15953" cleared="0"  />
</gc-op>
<gc-op id="7067" type="sweep" timems="4.198" contextid="7063" timestamp="2019-08-08T00:01:37.759" />
<mem-info id="7068" free="125926632" total="152502272" percent="82">
  <mem type="tenure" free="125926632" total="152502272" percent="82" micro-fragmented="75772" macro-fragmented="0">
    <mem type="soa" free="124401896" total="150977536" percent="82" />
    <mem type="loa" free="1524736" total="1524736" percent="100" />
  </mem>
</mem-info>
<gc-op id="7069" type="compact" timems="59.006" contextid="7063" timestamp="2019-08-08T00:01:37.818">
  <compact-info movecount="22384" movebytes="4136584" reason="compact to aid heap contraction" />
</gc-op>
<heap-resize id="7070" type="expand" space="tenure" amount="327680" count="1" timems="0.029" reason="satisfy allocation request" timestamp="2019-08-08T00:01:37.819" />
<gc-end id="7071" type="global" contextid="7063" durationms="97.138" usertimems="145.279" systemtimems="15.727" timestamp="2019-08-08T00:01:37.821" activeThreads="16">
  <mem-info id="7072" free="126277440" total="152829952" percent="82">
    <mem type="tenure" free="126277440" total="152829952" percent="82">
      <mem type="soa" free="124749632" total="151302144" percent="82" />
      <mem type="loa" free="1527808" total="1527808" percent="100" />
    </mem>
  </mem-info>
</gc-end>
<cycle-end id="7073" type="global" contextid="7063" timestamp="2019-08-08T00:01:37.821" />
  <attribute name="elasticGC enabled" value="1" />
  <attribute name= "numThreadsSpecified" value="16" />
  <attribute name="heapSize specified" value="152502272" />
  <attribute name="Current GC Util" value="43" />
  <attribute name= "Current Time Running" value="216741" />
  <attribute name ="GC Interval" value="0" />
  <attribute name="Target GC Util Change" value ="80.000000" />
  <attribute name="Current GC Util Change" value="43.000000"/>
  <attribute name="Current Error" value="37.000000" />
  <attribute name="Output H" value="152805160"/>
  <attribute name="Output I" value="2200"/>
  <attribute name="Output T" value="16"/>
  <attribute name= "Current Time Running" value="216741" />
  <attribute name="GC Util currently" value="43" />
  <attribute name="CPU Util currently" value="19521967734" />
<allocation-satisfied id="7074" threadId="00000000020BB300" bytesRequested="16392" />
<af-end id="7075" timestamp="2019-08-08T00:01:37.821" threadId="00000000020BBC88" success="true" />
<exclusive-end id="7076" timestamp="2019-08-08T00:01:37.821" durationms="97.805" />

<exclusive-start id="7077" timestamp="2019-08-08T00:01:38.175" intervalms="452.076">
  <response-info timems="3.347" idlems="3.347" threads="0" lastid="00000000020FE200" lastname="Thread-47" />
</exclusive-start>
<af-start id="7078" threadId="00000000020FEB88" totalBytesRequested="16" timestamp="2019-08-08T00:01:38.175" intervalms="452.068" />
<cycle-start id="7079" type="global" contextid="0" timestamp="2019-08-08T00:01:38.176" intervalms="452.063" />
<gc-start id="7080" type="global" contextid="7079" timestamp="2019-08-08T00:01:38.176">
  <mem-info id="7081" free="1527808" total="152829952" percent="0">
    <mem type="tenure" free="1527808" total="152829952" percent="0">
      <mem type="soa" free="0" total="151302144" percent="0" />
      <mem type="loa" free="1527808" total="1527808" percent="100" />
    </mem>
  </mem-info>
</gc-start>
<allocation-stats totalBytes="124620392" >
  <allocated-bytes non-tlh="0" tlh="124620392" />
  <largest-consumer threadName="Thread-38" threadId="00000000020BEF00" bytes="12668912" />
</allocation-stats>
<gc-op id="7082" type="mark" timems="17.102" contextid="7079" timestamp="2019-08-08T00:01:38.193">
  <trace-info objectcount="645553" scancount="557789" scanbytes="16237648" />
  <finalization candidates="154" enqueued="0" />
  <ownableSynchronizers candidates="22" cleared="0" />
  <references type="soft" candidates="1877" cleared="0" enqueued="0" dynamicThreshold="26" maxThreshold="32" />
  <references type="weak" candidates="6346" cleared="0" enqueued="0" />
  <references type="phantom" candidates="304" cleared="0" enqueued="0" />
  <stringconstants candidates="15953" cleared="0"  />
</gc-op>
<gc-op id="7083" type="sweep" timems="1.741" contextid="7079" timestamp="2019-08-08T00:01:38.195" />
<mem-info id="7084" free="126244696" total="152829952" percent="82">
  <mem type="tenure" free="126244696" total="152829952" percent="82" micro-fragmented="58910" macro-fragmented="0">
    <mem type="soa" free="124716888" total="151302144" percent="82" />
    <mem type="loa" free="1527808" total="1527808" percent="100" />
  </mem>
</mem-info>
<gc-op id="7085" type="compact" timems="59.200" contextid="7079" timestamp="2019-08-08T00:01:38.254">
  <compact-info movecount="40875" movebytes="5749352" reason="compact to aid heap contraction" />
</gc-op>
<heap-resize id="7086" type="expand" space="tenure" amount="327680" count="1" timems="0.058" reason="satisfy allocation request" timestamp="2019-08-08T00:01:38.258" />
<gc-end id="7087" type="global" contextid="7079" durationms="82.582" usertimems="131.757" systemtimems="13.826" timestamp="2019-08-08T00:01:38.258" activeThreads="16">
  <mem-info id="7088" free="126586912" total="153157632" percent="82">
    <mem type="tenure" free="126586912" total="153157632" percent="82">
      <mem type="soa" free="125056032" total="151626752" percent="82" />
      <mem type="loa" free="1530880" total="1530880" percent="100" />
    </mem>
  </mem-info>
</gc-end>
<cycle-end id="7089" type="global" contextid="7079" timestamp="2019-08-08T00:01:38.259" />
  <attribute name="elasticGC enabled" value="1" />
  <attribute name= "numThreadsSpecified" value="16" />
  <attribute name="heapSize specified" value="152829952" />
  <attribute name="Current GC Util" value="46" />
  <attribute name= "Current Time Running" value="217177" />
  <attribute name ="GC Interval" value="0" />
  <attribute name="Target GC Util Change" value ="80.000000" />
  <attribute name="Current GC Util Change" value="46.000000"/>
  <attribute name="Current Error" value="-178.000000" />
  <attribute name="Output H" value="153131848"/>
  <attribute name="Output I" value="1088"/>
  <attribute name="Output T" value="16"/>
  <attribute name= "Current Time Running" value="217177" />
  <attribute name="GC Util currently" value="46" />
  <attribute name="CPU Util currently" value="19459271153" />
<allocation-satisfied id="7090" threadId="00000000020FE200" bytesRequested="16" />
<af-end id="7091" timestamp="2019-08-08T00:01:38.259" threadId="00000000020FEB88" success="true" />
<exclusive-end id="7092" timestamp="2019-08-08T00:01:38.259" durationms="83.114" />

<exclusive-start id="7093" timestamp="2019-08-08T00:01:38.662" intervalms="486.084">
  <response-info timems="42.072" idlems="7.965" threads="5" lastid="00000000020F3600" lastname="Thread-43" />
</exclusive-start>
<af-start id="7094" threadId="00000000020BF888" totalBytesRequested="16392" timestamp="2019-08-08T00:01:38.662" intervalms="486.171" />
<cycle-start id="7095" type="global" contextid="0" timestamp="2019-08-08T00:01:38.662" intervalms="486.238" />
<gc-start id="7096" type="global" contextid="7095" timestamp="2019-08-08T00:01:38.662">
  <mem-info id="7097" free="1530880" total="153157632" percent="0">
    <mem type="tenure" free="1530880" total="153157632" percent="0">
      <mem type="soa" free="0" total="151626752" percent="0" />
      <mem type="loa" free="1530880" total="1530880" percent="100" />
    </mem>
  </mem-info>
</gc-start>
<allocation-stats totalBytes="124904272" >
  <allocated-bytes non-tlh="0" tlh="124904272" />
  <largest-consumer threadName="Thread-37" threadId="00000000020E0A00" bytes="12427424" />
</allocation-stats>
<gc-op id="7098" type="mark" timems="24.041" contextid="7095" timestamp="2019-08-08T00:01:38.686">
  <trace-info objectcount="644796" scancount="557036" scanbytes="16169852" />
  <finalization candidates="154" enqueued="0" />
  <ownableSynchronizers candidates="22" cleared="0" />
  <references type="soft" candidates="1877" cleared="0" enqueued="0" dynamicThreshold="26" maxThreshold="32" />
  <references type="weak" candidates="6346" cleared="0" enqueued="0" />
  <references type="phantom" candidates="305" cleared="0" enqueued="0" />
  <stringconstants candidates="15953" cleared="0"  />
</gc-op>
<gc-op id="7099" type="sweep" timems="3.345" contextid="7095" timestamp="2019-08-08T00:01:38.690" />
<mem-info id="7100" free="126529920" total="153157632" percent="82">
  <mem type="tenure" free="126529920" total="153157632" percent="82" micro-fragmented="72879" macro-fragmented="0">
    <mem type="soa" free="124999040" total="151626752" percent="82" />
    <mem type="loa" free="1530880" total="1530880" percent="100" />
  </mem>
</mem-info>
<gc-op id="7101" type="compact" timems="72.112" contextid="7095" timestamp="2019-08-08T00:01:38.762">
  <compact-info movecount="22370" movebytes="4207560" reason="compact to aid heap contraction" />
</gc-op>
<heap-resize id="7102" type="expand" space="tenure" amount="327680" count="1" timems="0.029" reason="satisfy allocation request" timestamp="2019-08-08T00:01:38.765" />
<gc-end id="7103" type="global" contextid="7095" durationms="102.493" usertimems="115.196" systemtimems="26.472" timestamp="2019-08-08T00:01:38.765" activeThreads="16">
  <mem-info id="7104" free="126872016" total="153485312" percent="82">
    <mem type="tenure" free="126872016" total="153485312" percent="82">
      <mem type="soa" free="125338064" total="151951360" percent="82" />
      <mem type="loa" free="1533952" total="1533952" percent="100" />
    </mem>
  </mem-info>
</gc-end>
<cycle-end id="7105" type="global" contextid="7095" timestamp="2019-08-08T00:01:38.766" />
  <attribute name="elasticGC enabled" value="1" />
  <attribute name= "numThreadsSpecified" value="16" />
  <attribute name="heapSize specified" value="153157632" />
  <attribute name="Current GC Util" value="23" />
  <attribute name= "Current Time Running" value="217685" />
  <attribute name ="GC Interval" value="0" />
  <attribute name="Target GC Util Change" value ="80.000000" />
  <attribute name="Current GC Util Change" value="23.000000"/>
  <attribute name="Current Error" value="-123.000000" />
  <attribute name="Output H" value="153459776"/>
  <attribute name="Output I" value="1376"/>
  <attribute name="Output T" value="16"/>
  <attribute name= "Current Time Running" value="217685" />
  <attribute name="GC Util currently" value="23" />
  <attribute name="CPU Util currently" value="15965116038" />
<allocation-satisfied id="7106" threadId="00000000020BEF00" bytesRequested="16392" />
<af-end id="7107" timestamp="2019-08-08T00:01:38.766" threadId="00000000020BF888" success="true" />
<exclusive-end id="7108" timestamp="2019-08-08T00:01:38.766" durationms="104.211" />

<exclusive-start id="7109" timestamp="2019-08-08T00:01:38.935" intervalms="273.098">
  <response-info timems="0.814" idlems="0.276" threads="2" lastid="00000000020B7700" lastname="Thread-44" />
</exclusive-start>
<af-start id="7110" threadId="00000000020CAC88" totalBytesRequested="16392" timestamp="2019-08-08T00:01:38.935" intervalms="273.366" />
<cycle-start id="7111" type="global" contextid="0" timestamp="2019-08-08T00:01:38.935" intervalms="273.300" />
<gc-start id="7112" type="global" contextid="7111" timestamp="2019-08-08T00:01:38.935">
  <mem-info id="7113" free="1533952" total="153485312" percent="0">
    <mem type="tenure" free="1533952" total="153485312" percent="0">
      <mem type="soa" free="0" total="151951360" percent="0" />
      <mem type="loa" free="1533952" total="1533952" percent="100" />
    </mem>
  </mem-info>
</gc-start>
<allocation-stats totalBytes="125182448" >
  <allocated-bytes non-tlh="0" tlh="125182448" />
  <largest-consumer threadName="Thread-38" threadId="00000000020BEF00" bytes="15823496" />
</allocation-stats>
<gc-op id="7114" type="mark" timems="21.922" contextid="7111" timestamp="2019-08-08T00:01:38.957">
  <trace-info objectcount="645321" scancount="557473" scanbytes="16189532" />
  <finalization candidates="154" enqueued="0" />
  <ownableSynchronizers candidates="22" cleared="0" />
  <references type="soft" candidates="1877" cleared="0" enqueued="0" dynamicThreshold="26" maxThreshold="32" />
  <references type="weak" candidates="6346" cleared="0" enqueued="0" />
  <references type="phantom" candidates="303" cleared="0" enqueued="0" />
  <stringconstants candidates="15953" cleared="0"  />
</gc-op>
<gc-op id="7115" type="sweep" timems="1.739" contextid="7111" timestamp="2019-08-08T00:01:38.959" />
<mem-info id="7116" free="126706720" total="153485312" percent="82">
  <mem type="tenure" free="126706720" total="153485312" percent="82" micro-fragmented="48108" macro-fragmented="0">
    <mem type="soa" free="125172768" total="151951360" percent="82" />
    <mem type="loa" free="1533952" total="1533952" percent="100" />
  </mem>
</mem-info>
<gc-op id="7117" type="compact" timems="29.133" contextid="7111" timestamp="2019-08-08T00:01:38.988">
  <compact-info movecount="22892" movebytes="4333720" reason="compact to aid heap contraction" />
</gc-op>
<heap-resize id="7118" type="expand" space="tenure" amount="327680" count="1" timems="0.023" reason="satisfy allocation request" timestamp="2019-08-08T00:01:38.990" />
<gc-end id="7119" type="global" contextid="7111" durationms="55.055" usertimems="150.645" systemtimems="14.557" timestamp="2019-08-08T00:01:38.990" activeThreads="16">
  <mem-info id="7120" free="127073144" total="153812992" percent="82">
    <mem type="tenure" free="127073144" total="153812992" percent="82">
      <mem type="soa" free="125535096" total="152274944" percent="82" />
      <mem type="loa" free="1538048" total="1538048" percent="100" />
    </mem>
  </mem-info>
</gc-end>
<cycle-end id="7121" type="global" contextid="7111" timestamp="2019-08-08T00:01:38.991" />
  <attribute name="elasticGC enabled" value="1" />
  <attribute name= "numThreadsSpecified" value="16" />
  <attribute name="heapSize specified" value="153485312" />
  <attribute name="Current GC Util" value="57" />
  <attribute name= "Current Time Running" value="217911" />
  <attribute name ="GC Interval" value="0" />
  <attribute name="Target GC Util Change" value ="80.000000" />
  <attribute name="Current GC Util Change" value="57.000000"/>
  <attribute name="Current Error" value="23.000000" />
  <attribute name="Output H" value="153788136"/>
  <attribute name="Output I" value="2128"/>
  <attribute name="Output T" value="16"/>
  <attribute name= "Current Time Running" value="217911" />
  <attribute name="GC Util currently" value="57" />
  <attribute name="CPU Util currently" value="39539921494" />
<allocation-satisfied id="7122" threadId="00000000020CA300" bytesRequested="16392" />
<af-end id="7123" timestamp="2019-08-08T00:01:38.991" threadId="00000000020CAC88" success="true" />
<exclusive-end id="7124" timestamp="2019-08-08T00:01:38.991" durationms="56.099" />

<exclusive-start id="7125" timestamp="2019-08-08T00:01:39.258" intervalms="323.652">
  <response-info timems="1.307" idlems="1.307" threads="0" lastid="00000000020FE200" lastname="Thread-47" />
</exclusive-start>
<af-start id="7126" threadId="00000000020FEB88" totalBytesRequested="16392" timestamp="2019-08-08T00:01:39.258" intervalms="323.295" />
<cycle-start id="7127" type="global" contextid="0" timestamp="2019-08-08T00:01:39.258" intervalms="323.293" />
<gc-start id="7128" type="global" contextid="7127" timestamp="2019-08-08T00:01:39.258">
  <mem-info id="7129" free="1538048" total="153812992" percent="0">
    <mem type="tenure" free="1538048" total="153812992" percent="0">
      <mem type="soa" free="0" total="152274944" percent="0" />
      <mem type="loa" free="1538048" total="1538048" percent="100" />
    </mem>
  </mem-info>
</gc-start>
<allocation-stats totalBytes="125442072" >
  <allocated-bytes non-tlh="0" tlh="125442072" />
  <largest-consumer threadName="Thread-39" threadId="000000000210DD00" bytes="11371600" />
</allocation-stats>
<gc-op id="7130" type="mark" timems="15.763" contextid="7127" timestamp="2019-08-08T00:01:39.274">
  <trace-info objectcount="644991" scancount="557180" scanbytes="16215472" />
  <finalization candidates="154" enqueued="0" />
  <ownableSynchronizers candidates="22" cleared="0" />
  <references type="soft" candidates="1877" cleared="0" enqueued="0" dynamicThreshold="26" maxThreshold="32" />
  <references type="weak" candidates="6347" cleared="0" enqueued="0" />
  <references type="phantom" candidates="306" cleared="0" enqueued="0" />
  <stringconstants candidates="15953" cleared="0"  />
</gc-op>
<gc-op id="7131" type="sweep" timems="2.031" contextid="7127" timestamp="2019-08-08T00:01:39.276" />
<mem-info id="7132" free="126987008" total="153812992" percent="82">
  <mem type="tenure" free="126987008" total="153812992" percent="82" micro-fragmented="54542" macro-fragmented="0">
    <mem type="soa" free="125448960" total="152274944" percent="82" />
    <mem type="loa" free="1538048" total="1538048" percent="100" />
  </mem>
</mem-info>
<gc-op id="7133" type="compact" timems="52.625" contextid="7127" timestamp="2019-08-08T00:01:39.329">
  <compact-info movecount="22558" movebytes="4395656" reason="compact to aid heap contraction" />
</gc-op>
<heap-resize id="7134" type="expand" space="tenure" amount="327680" count="1" timems="0.029" reason="satisfy allocation request" timestamp="2019-08-08T00:01:39.331" />
<gc-end id="7135" type="global" contextid="7127" durationms="72.767" usertimems="149.283" systemtimems="5.979" timestamp="2019-08-08T00:01:39.331" activeThreads="16">
  <mem-info id="7136" free="127322408" total="154140672" percent="82">
    <mem type="tenure" free="127322408" total="154140672" percent="82">
      <mem type="soa" free="125781288" total="152599552" percent="82" />
      <mem type="loa" free="1541120" total="1541120" percent="100" />
    </mem>
  </mem-info>
</gc-end>
<cycle-end id="7137" type="global" contextid="7127" timestamp="2019-08-08T00:01:39.332" />
  <attribute name="elasticGC enabled" value="1" />
  <attribute name= "numThreadsSpecified" value="16" />
  <attribute name="heapSize specified" value="153812992" />
  <attribute name="Current GC Util" value="29" />
  <attribute name= "Current Time Running" value="218252" />
  <attribute name ="GC Interval" value="0" />
  <attribute name="Target GC Util Change" value ="80.000000" />
  <attribute name="Current GC Util Change" value="29.000000"/>
  <attribute name="Current Error" value="-192.000000" />
  <attribute name="Output H" value="154114824"/>
  <attribute name="Output I" value="1016"/>
  <attribute name="Output T" value="16"/>
  <attribute name= "Current Time Running" value="218252" />
  <attribute name="GC Util currently" value="29" />
  <attribute name="CPU Util currently" value="21884065739" />
<allocation-satisfied id="7138" threadId="00000000020FE200" bytesRequested="16392" />
<af-end id="7139" timestamp="2019-08-08T00:01:39.334" threadId="00000000020FEB88" success="true" />
<exclusive-end id="7140" timestamp="2019-08-08T00:01:39.334" durationms="75.248" />

<exclusive-start id="7141" timestamp="2019-08-08T00:01:39.595" intervalms="337.025">
  <response-info timems="1.699" idlems="1.699" threads="0" lastid="00000000020FE200" lastname="Thread-47" />
</exclusive-start>
<af-start id="7142" threadId="00000000020FEB88" totalBytesRequested="32776" timestamp="2019-08-08T00:01:39.595" intervalms="337.018" />
<cycle-start id="7143" type="global" contextid="0" timestamp="2019-08-08T00:01:39.595" intervalms="337.020" />
<gc-start id="7144" type="global" contextid="7143" timestamp="2019-08-08T00:01:39.595">
  <mem-info id="7145" free="1541120" total="154140672" percent="0">
    <mem type="tenure" free="1541120" total="154140672" percent="0">
      <mem type="soa" free="0" total="152599552" percent="0" />
      <mem type="loa" free="1541120" total="1541120" percent="100" />
    </mem>
  </mem-info>
</gc-start>
<allocation-stats totalBytes="125602776" >
  <allocated-bytes non-tlh="32776" tlh="125570000" />
  <largest-consumer threadName="Thread-37" threadId="00000000020E0A00" bytes="11975368" />
</allocation-stats>
<gc-op id="7146" type="mark" timems="15.563" contextid="7143" timestamp="2019-08-08T00:01:39.611">
  <trace-info objectcount="643901" scancount="556234" scanbytes="16124908" />
  <finalization candidates="154" enqueued="0" />
  <ownableSynchronizers candidates="22" cleared="0" />
  <references type="soft" candidates="1877" cleared="0" enqueued="0" dynamicThreshold="26" maxThreshold="32" />
  <references type="weak" candidates="6346" cleared="0" enqueued="0" />
  <references type="phantom" candidates="306" cleared="0" enqueued="0" />
  <stringconstants candidates="15953" cleared="0"  />
</gc-op>
<gc-op id="7147" type="sweep" timems="2.459" contextid="7143" timestamp="2019-08-08T00:01:39.614" />
<mem-info id="7148" free="127763968" total="154140672" percent="82">
  <mem type="tenure" free="127763968" total="154140672" percent="82" micro-fragmented="44305" macro-fragmented="0">
    <mem type="soa" free="126222848" total="152599552" percent="82" />
    <mem type="loa" free="1541120" total="1541120" percent="100" />
  </mem>
</mem-info>
<gc-op id="7149" type="compact" timems="78.456" contextid="7143" timestamp="2019-08-08T00:01:39.692">
  <compact-info movecount="21476" movebytes="3965088" reason="compact to aid heap contraction" />
</gc-op>
<heap-resize id="7150" type="expand" space="tenure" amount="327680" count="1" timems="0.026" reason="satisfy allocation request" timestamp="2019-08-08T00:01:39.693" />
<gc-end id="7151" type="global" contextid="7143" durationms="97.618" usertimems="181.208" systemtimems="18.854" timestamp="2019-08-08T00:01:39.693" activeThreads="16">
  <mem-info id="7152" free="128097280" total="154468352" percent="82">
    <mem type="tenure" free="128097280" total="154468352" percent="82">
      <mem type="soa" free="126553088" total="152924160" percent="82" />
      <mem type="loa" free="1544192" total="1544192" percent="100" />
    </mem>
  </mem-info>
</gc-end>
<cycle-end id="7153" type="global" contextid="7143" timestamp="2019-08-08T00:01:39.694" />
  <attribute name="elasticGC enabled" value="1" />
  <attribute name= "numThreadsSpecified" value="16" />
  <attribute name="heapSize specified" value="154140672" />
  <attribute name="Current GC Util" value="21" />
  <attribute name= "Current Time Running" value="218615" />
  <attribute name ="GC Interval" value="0" />
  <attribute name="Target GC Util Change" value ="80.000000" />
  <attribute name="Current GC Util Change" value="21.000000"/>
  <attribute name="Current Error" value="-224.000000" />
  <attribute name="Output H" value="154442352"/>
  <attribute name="Output I" value="848"/>
  <attribute name="Output T" value="16"/>
  <attribute name= "Current Time Running" value="218615" />
  <attribute name="GC Util currently" value="21" />
  <attribute name="CPU Util currently" value="14685994746" />
<allocation-satisfied id="7154" threadId="00000000020FE200" bytesRequested="32776" />
<af-end id="7155" timestamp="2019-08-08T00:01:39.694" threadId="00000000020FEB88" success="true" />
<exclusive-end id="7156" timestamp="2019-08-08T00:01:39.694" durationms="98.414" />

<exclusive-start id="7157" timestamp="2019-08-08T00:01:39.922" intervalms="327.052">
  <response-info timems="1.804" idlems="0.342" threads="7" lastid="00000000020C2B00" lastname="Thread-42" />
</exclusive-start>
<af-start id="7158" threadId="00000000020B8088" totalBytesRequested="16392" timestamp="2019-08-08T00:01:39.922" intervalms="327.066" />
<cycle-start id="7159" type="global" contextid="0" timestamp="2019-08-08T00:01:39.922" intervalms="327.063" />
<gc-start id="7160" type="global" contextid="7159" timestamp="2019-08-08T00:01:39.923">
  <mem-info id="7161" free="1544192" total="154468352" percent="0">
    <mem type="tenure" free="1544192" total="154468352" percent="0">
      <mem type="soa" free="0" total="152924160" percent="0" />
      <mem type="loa" free="1544192" total="1544192" percent="100" />
    </mem>
  </mem-info>
</gc-start>
<allocation-stats totalBytes="126424920" >
  <allocated-bytes non-tlh="16392" tlh="126408528" />
  <largest-consumer threadName="Thread-37" threadId="00000000020E0A00" bytes="11035080" />
</allocation-stats>
<gc-op id="7162" type="mark" timems="13.345" contextid="7159" timestamp="2019-08-08T00:01:39.936">
  <trace-info objectcount="643711" scancount="556006" scanbytes="16113944" />
  <finalization candidates="154" enqueued="0" />
  <ownableSynchronizers candidates="22" cleared="0" />
  <references type="soft" candidates="1877" cleared="0" enqueued="0" dynamicThreshold="26" maxThreshold="32" />
  <references type="weak" candidates="6347" cleared="0" enqueued="0" />
  <references type="phantom" candidates="306" cleared="0" enqueued="0" />
  <stringconstants candidates="15953" cleared="0"  />
</gc-op>
<gc-op id="7163" type="sweep" timems="2.435" contextid="7159" timestamp="2019-08-08T00:01:39.938" />
<mem-info id="7164" free="128011744" total="154468352" percent="82">
  <mem type="tenure" free="128011744" total="154468352" percent="82" micro-fragmented="94249" macro-fragmented="0">
    <mem type="soa" free="126467552" total="152924160" percent="82" />
    <mem type="loa" free="1544192" total="1544192" percent="100" />
  </mem>
</mem-info>
<gc-op id="7165" type="compact" timems="35.318" contextid="7159" timestamp="2019-08-08T00:01:39.974">
  <compact-info movecount="21288" movebytes="4031112" reason="compact to aid heap contraction" />
</gc-op>
<heap-resize id="7166" type="expand" space="tenure" amount="327680" count="1" timems="0.017" reason="satisfy allocation request" timestamp="2019-08-08T00:01:39.975" />
<gc-end id="7167" type="global" contextid="7159" durationms="52.019" usertimems="153.154" systemtimems="11.340" timestamp="2019-08-08T00:01:39.975" activeThreads="16">
  <mem-info id="7168" free="128358768" total="154796032" percent="82">
    <mem type="tenure" free="128358768" total="154796032" percent="82">
      <mem type="soa" free="126811504" total="153248768" percent="82" />
      <mem type="loa" free="1547264" total="1547264" percent="100" />
    </mem>
  </mem-info>
</gc-end>
<cycle-end id="7169" type="global" contextid="7159" timestamp="2019-08-08T00:01:39.975" />
  <attribute name="elasticGC enabled" value="1" />
  <attribute name= "numThreadsSpecified" value="16" />
  <attribute name="heapSize specified" value="154468352" />
  <attribute name="Current GC Util" value="49" />
  <attribute name= "Current Time Running" value="218897" />
  <attribute name ="GC Interval" value="0" />
  <attribute name="Target GC Util Change" value ="80.000000" />
  <attribute name="Current GC Util Change" value="49.000000"/>
  <attribute name="Current Error" value="31.000000" />
  <attribute name="Output H" value="154771208"/>
  <attribute name="Output I" value="2176"/>
  <attribute name="Output T" value="16"/>
  <attribute name= "Current Time Running" value="218897" />
  <attribute name="GC Util currently" value="49" />
  <attribute name="CPU Util currently" value="32582216772" />
<allocation-satisfied id="7170" threadId="00000000020B7700" bytesRequested="16392" />
<af-end id="7171" timestamp="2019-08-08T00:01:39.975" threadId="00000000020B8088" success="true" />
<exclusive-end id="7172" timestamp="2019-08-08T00:01:39.975" durationms="52.403" />

<exclusive-start id="7173" timestamp="2019-08-08T00:01:40.292" intervalms="369.339">
  <response-info timems="2.975" idlems="2.975" threads="0" lastid="00000000020F3600" lastname="Thread-43" />
</exclusive-start>
<af-start id="7174" threadId="00000000020F3F88" totalBytesRequested="8200" timestamp="2019-08-08T00:01:40.292" intervalms="369.617" />
<cycle-start id="7175" type="global" contextid="0" timestamp="2019-08-08T00:01:40.292" intervalms="369.631" />
<gc-start id="7176" type="global" contextid="7175" timestamp="2019-08-08T00:01:40.292">
  <mem-info id="7177" free="1547264" total="154796032" percent="0">
    <mem type="tenure" free="1547264" total="154796032" percent="0">
      <mem type="soa" free="0" total="153248768" percent="0" />
      <mem type="loa" free="1547264" total="1547264" percent="100" />
    </mem>
  </mem-info>
</gc-start>
<allocation-stats totalBytes="126705232" >
  <allocated-bytes non-tlh="0" tlh="126705232" />
  <largest-consumer threadName="Thread-49" threadId="00000000020D5600" bytes="12447752" />
</allocation-stats>
<gc-op id="7178" type="mark" timems="24.623" contextid="7175" timestamp="2019-08-08T00:01:40.317">
  <trace-info objectcount="644351" scancount="556449" scanbytes="16193112" />
  <finalization candidates="154" enqueued="0" />
  <ownableSynchronizers candidates="22" cleared="0" />
  <references type="soft" candidates="1877" cleared="0" enqueued="0" dynamicThreshold="26" maxThreshold="32" />
  <references type="weak" candidates="6346" cleared="0" enqueued="0" />
  <references type="phantom" candidates="305" cleared="0" enqueued="0" />
  <stringconstants candidates="15953" cleared="0"  />
</gc-op>
<gc-op id="7179" type="sweep" timems="7.057" contextid="7175" timestamp="2019-08-08T00:01:40.324" />
<mem-info id="7180" free="127866856" total="154796032" percent="82">
  <mem type="tenure" free="127866856" total="154796032" percent="82" micro-fragmented="64607" macro-fragmented="0">
    <mem type="soa" free="126319592" total="153248768" percent="82" />
    <mem type="loa" free="1547264" total="1547264" percent="100" />
  </mem>
</mem-info>
<gc-op id="7181" type="compact" timems="101.015" contextid="7175" timestamp="2019-08-08T00:01:40.425">
  <compact-info movecount="21900" movebytes="4479256" reason="compact to aid heap contraction" />
</gc-op>
<heap-resize id="7182" type="expand" space="tenure" amount="327680" count="1" timems="0.029" reason="satisfy allocation request" timestamp="2019-08-08T00:01:40.429" />
<gc-end id="7183" type="global" contextid="7175" durationms="136.908" usertimems="160.364" systemtimems="41.061" timestamp="2019-08-08T00:01:40.429" activeThreads="16">
  <mem-info id="7184" free="128220880" total="155123712" percent="82">
    <mem type="tenure" free="128220880" total="155123712" percent="82">
      <mem type="soa" free="126670544" total="153573376" percent="82" />
      <mem type="loa" free="1550336" total="1550336" percent="100" />
    </mem>
  </mem-info>
</gc-end>
<cycle-end id="7185" type="global" contextid="7175" timestamp="2019-08-08T00:01:40.430" />
  <attribute name="elasticGC enabled" value="1" />
  <attribute name= "numThreadsSpecified" value="16" />
  <attribute name="heapSize specified" value="154796032" />
  <attribute name="Current GC Util" value="18" />
  <attribute name= "Current Time Running" value="219348" />
  <attribute name ="GC Interval" value="0" />
  <attribute name="Target GC Util Change" value ="80.000000" />
  <attribute name="Current GC Util Change" value="18.000000"/>
  <attribute name="Current Error" value="1.000000" />
  <attribute name="Output H" value="155098752"/>
  <attribute name="Output I" value="2016"/>
  <attribute name="Output T" value="16"/>
  <attribute name= "Current Time Running" value="219348" />
  <attribute name="GC Util currently" value="18" />
  <attribute name="CPU Util currently" value="11402089908" />
<allocation-satisfied id="7186" threadId="00000000020F3600" bytesRequested="8200" />
<af-end id="7187" timestamp="2019-08-08T00:01:40.432" threadId="00000000020F3F88" success="true" />
<exclusive-end id="7188" timestamp="2019-08-08T00:01:40.432" durationms="139.827" />

<exclusive-start id="7189" timestamp="2019-08-08T00:01:40.662" intervalms="370.528">
  <response-info timems="9.989" idlems="3.699" threads="4" lastid="000000000210DD00" lastname="Thread-39" />
</exclusive-start>
<af-start id="7190" threadId="00000000020CAC88" totalBytesRequested="8200" timestamp="2019-08-08T00:01:40.662" intervalms="370.253" />
<cycle-start id="7191" type="global" contextid="0" timestamp="2019-08-08T00:01:40.662" intervalms="370.249" />
<gc-start id="7192" type="global" contextid="7191" timestamp="2019-08-08T00:01:40.662">
  <mem-info id="7193" free="1550336" total="155123712" percent="0">
    <mem type="tenure" free="1550336" total="155123712" percent="0">
      <mem type="soa" free="0" total="153573376" percent="0" />
      <mem type="loa" free="1550336" total="1550336" percent="100" />
    </mem>
  </mem-info>
</gc-start>
<allocation-stats totalBytes="126603968" >
  <allocated-bytes non-tlh="16392" tlh="126587576" />
  <largest-consumer threadName="Thread-49" threadId="00000000020D5600" bytes="12096616" />
</allocation-stats>
<gc-op id="7194" type="mark" timems="13.667" contextid="7191" timestamp="2019-08-08T00:01:40.676">
  <trace-info objectcount="643762" scancount="556008" scanbytes="16188536" />
  <finalization candidates="154" enqueued="0" />
  <ownableSynchronizers candidates="22" cleared="0" />
  <references type="soft" candidates="1877" cleared="0" enqueued="0" dynamicThreshold="26" maxThreshold="32" />
  <references type="weak" candidates="6346" cleared="0" enqueued="0" />
  <references type="phantom" candidates="304" cleared="0" enqueued="0" />
  <stringconstants candidates="15953" cleared="0"  />
</gc-op>
<gc-op id="7195" type="sweep" timems="2.692" contextid="7191" timestamp="2019-08-08T00:01:40.679" />
<mem-info id="7196" free="128478856" total="155123712" percent="82">
  <mem type="tenure" free="128478856" total="155123712" percent="82" micro-fragmented="104127" macro-fragmented="0">
    <mem type="soa" free="126928520" total="153573376" percent="82" />
    <mem type="loa" free="1550336" total="1550336" percent="100" />
  </mem>
</mem-info>
<gc-op id="7197" type="compact" timems="76.020" contextid="7191" timestamp="2019-08-08T00:01:40.755">
  <compact-info movecount="21346" movebytes="4133048" reason="compact to aid heap contraction" />
</gc-op>
<heap-resize id="7198" type="expand" space="tenure" amount="327680" count="1" timems="0.025" reason="satisfy allocation request" timestamp="2019-08-08T00:01:40.758" />
<gc-end id="7199" type="global" contextid="7191" durationms="95.585" usertimems="93.516" systemtimems="21.061" timestamp="2019-08-08T00:01:40.758" activeThreads="16">
  <mem-info id="7200" free="128824408" total="155451392" percent="82">
    <mem type="tenure" free="128824408" total="155451392" percent="82">
      <mem type="soa" free="127269976" total="153896960" percent="82" />
      <mem type="loa" free="1554432" total="1554432" percent="100" />
    </mem>
  </mem-info>
</gc-end>
<cycle-end id="7201" type="global" contextid="7191" timestamp="2019-08-08T00:01:40.759" />
  <attribute name="elasticGC enabled" value="1" />
  <attribute name= "numThreadsSpecified" value="16" />
  <attribute name="heapSize specified" value="155123712" />
  <attribute name="Current GC Util" value="20" />
  <attribute name= "Current Time Running" value="219678" />
  <attribute name ="GC Interval" value="0" />
  <attribute name="Target GC Util Change" value ="80.000000" />
  <attribute name="Current GC Util Change" value="20.000000"/>
  <attribute name="Current Error" value="-148.000000" />
  <attribute name="Output H" value="155425744"/>
  <attribute name="Output I" value="1240"/>
  <attribute name="Output T" value="16"/>
  <attribute name= "Current Time Running" value="219678" />
  <attribute name="GC Util currently" value="20" />
  <attribute name="CPU Util currently" value="15156406699" />
<allocation-satisfied id="7202" threadId="00000000020CA300" bytesRequested="8200" />
<af-end id="7203" timestamp="2019-08-08T00:01:40.759" threadId="00000000020CAC88" success="true" />
<exclusive-end id="7204" timestamp="2019-08-08T00:01:40.759" durationms="96.533" />

<exclusive-start id="7205" timestamp="2019-08-08T00:01:40.890" intervalms="228.235">
  <response-info timems="2.620" idlems="2.620" threads="0" lastid="0000000002115500" lastname="Thread-46" />
</exclusive-start>
<af-start id="7206" threadId="0000000002115E88" totalBytesRequested="48" timestamp="2019-08-08T00:01:40.891" intervalms="228.223" />
<cycle-start id="7207" type="global" contextid="0" timestamp="2019-08-08T00:01:40.891" intervalms="228.220" />
<gc-start id="7208" type="global" contextid="7207" timestamp="2019-08-08T00:01:40.891">
  <mem-info id="7209" free="1554432" total="155451392" percent="0">
    <mem type="tenure" free="1554432" total="155451392" percent="0">
      <mem type="soa" free="0" total="153896960" percent="0" />
      <mem type="loa" free="1554432" total="1554432" percent="100" />
    </mem>
  </mem-info>
</gc-start>
<allocation-stats totalBytes="127055824" >
  <allocated-bytes non-tlh="0" tlh="127055824" />
  <largest-consumer threadName="Thread-37" threadId="00000000020E0A00" bytes="14028560" />
</allocation-stats>
<gc-op id="7210" type="mark" timems="14.891" contextid="7207" timestamp="2019-08-08T00:01:40.906">
  <trace-info objectcount="644162" scancount="556305" scanbytes="16201164" />
  <finalization candidates="154" enqueued="0" />
  <ownableSynchronizers candidates="22" cleared="0" />
  <references type="soft" candidates="1877" cleared="0" enqueued="0" dynamicThreshold="26" maxThreshold="32" />
  <references type="weak" candidates="6346" cleared="0" enqueued="0" />
  <references type="phantom" candidates="303" cleared="0" enqueued="0" />
  <stringconstants candidates="15953" cleared="0"  />
</gc-op>
<gc-op id="7211" type="sweep" timems="3.669" contextid="7207" timestamp="2019-08-08T00:01:40.910" />
<mem-info id="7212" free="128555232" total="155451392" percent="82">
  <mem type="tenure" free="128555232" total="155451392" percent="82" micro-fragmented="66684" macro-fragmented="0">
    <mem type="soa" free="127000800" total="153896960" percent="82" />
    <mem type="loa" free="1554432" total="1554432" percent="100" />
  </mem>
</mem-info>
<gc-op id="7213" type="compact" timems="114.191" contextid="7207" timestamp="2019-08-08T00:01:41.024">
  <compact-info movecount="21733" movebytes="4459288" reason="compact to aid heap contraction" />
</gc-op>
<heap-resize id="7214" type="expand" space="tenure" amount="327680" count="1" timems="0.032" reason="satisfy allocation request" timestamp="2019-08-08T00:01:41.037" />
<gc-end id="7215" type="global" contextid="7207" durationms="150.026" usertimems="150.153" systemtimems="70.765" timestamp="2019-08-08T00:01:41.041" activeThreads="16">
  <mem-info id="7216" free="128913576" total="155779072" percent="82">
    <mem type="tenure" free="128913576" total="155779072" percent="82">
      <mem type="soa" free="127356072" total="154221568" percent="82" />
      <mem type="loa" free="1557504" total="1557504" percent="100" />
    </mem>
  </mem-info>
</gc-end>
<cycle-end id="7217" type="global" contextid="7207" timestamp="2019-08-08T00:01:41.041" />
  <attribute name="elasticGC enabled" value="1" />
  <attribute name= "numThreadsSpecified" value="16" />
  <attribute name="heapSize specified" value="155451392" />
  <attribute name="Current GC Util" value="50" />
  <attribute name= "Current Time Running" value="219947" />
  <attribute name ="GC Interval" value="0" />
  <attribute name="Target GC Util Change" value ="80.000000" />
  <attribute name="Current GC Util Change" value="50.000000"/>
  <attribute name="Current Error" value="30.000000" />
  <attribute name="Output H" value="155754248"/>
  <attribute name="Output I" value="2168"/>
  <attribute name="Output T" value="16"/>
  <attribute name= "Current Time Running" value="219947" />
  <attribute name="GC Util currently" value="50" />
  <attribute name="CPU Util currently" value="10092481923" />
<allocation-satisfied id="7218" threadId="0000000002115500" bytesRequested="48" />
<af-end id="7219" timestamp="2019-08-08T00:01:41.041" threadId="0000000002115E88" success="true" />
<exclusive-end id="7220" timestamp="2019-08-08T00:01:41.041" durationms="150.490" />

<exclusive-start id="7221" timestamp="2019-08-08T00:01:41.233" intervalms="342.763">
  <response-info timems="2.372" idlems="2.372" threads="0" lastid="00000000020F3600" lastname="Thread-43" />
</exclusive-start>
<af-start id="7222" threadId="00000000020F3F88" totalBytesRequested="8200" timestamp="2019-08-08T00:01:41.233" intervalms="342.790" />
<cycle-start id="7223" type="global" contextid="0" timestamp="2019-08-08T00:01:41.233" intervalms="342.786" />
<gc-start id="7224" type="global" contextid="7223" timestamp="2019-08-08T00:01:41.233">
  <mem-info id="7225" free="1557504" total="155779072" percent="0">
    <mem type="tenure" free="1557504" total="155779072" percent="0">
      <mem type="soa" free="0" total="154221568" percent="0" />
      <mem type="loa" free="1557504" total="1557504" percent="100" />
    </mem>
  </mem-info>
</gc-start>
<allocation-stats totalBytes="127309848" >
  <allocated-bytes non-tlh="0" tlh="127309848" />
  <largest-consumer threadName="Thread-38" threadId="00000000020BEF00" bytes="14282576" />
</allocation-stats>
<gc-op id="7226" type="mark" timems="25.367" contextid="7223" timestamp="2019-08-08T00:01:41.259">
  <trace-info objectcount="643516" scancount="555642" scanbytes="16113956" />
  <finalization candidates="154" enqueued="0" />
  <ownableSynchronizers candidates="22" cleared="0" />
  <references type="soft" candidates="1877" cleared="0" enqueued="0" dynamicThreshold="26" maxThreshold="32" />
  <references type="weak" candidates="6347" cleared="0" enqueued="0" />
  <references type="phantom" candidates="303" cleared="0" enqueued="0" />
  <stringconstants candidates="15953" cleared="0"  />
</gc-op>
<gc-op id="7227" type="sweep" timems="5.984" contextid="7223" timestamp="2019-08-08T00:01:41.265" />
<mem-info id="7228" free="129189632" total="155779072" percent="82">
  <mem type="tenure" free="129189632" total="155779072" percent="82" micro-fragmented="50709" macro-fragmented="0">
    <mem type="soa" free="127632128" total="154221568" percent="82" />
    <mem type="loa" free="1557504" total="1557504" percent="100" />
  </mem>
</mem-info>
<gc-op id="7229" type="compact" timems="78.294" contextid="7223" timestamp="2019-08-08T00:01:41.343">
  <compact-info movecount="21089" movebytes="4155104" reason="compact to aid heap contraction" />
</gc-op>
<heap-resize id="7230" type="expand" space="tenure" amount="327680" count="1" timems="0.032" reason="satisfy allocation request" timestamp="2019-08-08T00:01:41.346" />
<gc-end id="7231" type="global" contextid="7223" durationms="113.568" usertimems="111.951" systemtimems="14.400" timestamp="2019-08-08T00:01:41.347" activeThreads="16">
  <mem-info id="7232" free="129545736" total="156106752" percent="82">
    <mem type="tenure" free="129545736" total="156106752" percent="82">
      <mem type="soa" free="127985160" total="154546176" percent="82" />
      <mem type="loa" free="1560576" total="1560576" percent="100" />
    </mem>
  </mem-info>
</gc-end>
<cycle-end id="7233" type="global" contextid="7223" timestamp="2019-08-08T00:01:41.347" />
  <attribute name="elasticGC enabled" value="1" />
  <attribute name= "numThreadsSpecified" value="16" />
  <attribute name="heapSize specified" value="155779072" />
  <attribute name="Current GC Util" value="26" />
  <attribute name= "Current Time Running" value="220266" />
  <attribute name ="GC Interval" value="0" />
  <attribute name="Target GC Util Change" value ="80.000000" />
  <attribute name="Current GC Util Change" value="26.000000"/>
  <attribute name="Current Error" value="27.000000" />
  <attribute name="Output H" value="156081912"/>
  <attribute name="Output I" value="2152"/>
  <attribute name="Output T" value="16"/>
  <attribute name= "Current Time Running" value="220266" />
  <attribute name="GC Util currently" value="26" />
  <attribute name="CPU Util currently" value="14713999997" />
<allocation-satisfied id="7234" threadId="00000000020F3600" bytesRequested="8200" />
<af-end id="7235" timestamp="2019-08-08T00:01:41.347" threadId="00000000020F3F88" success="true" />
<exclusive-end id="7236" timestamp="2019-08-08T00:01:41.347" durationms="114.102" />

<exclusive-start id="7237" timestamp="2019-08-08T00:01:41.502" intervalms="268.845">
  <response-info timems="8.087" idlems="4.105" threads="3" lastid="00000000020EFA00" lastname="Thread-50" />
</exclusive-start>
<af-start id="7238" threadId="0000000002112288" totalBytesRequested="16392" timestamp="2019-08-08T00:01:41.502" intervalms="268.880" />
<cycle-start id="7239" type="global" contextid="0" timestamp="2019-08-08T00:01:41.502" intervalms="268.894" />
<gc-start id="7240" type="global" contextid="7239" timestamp="2019-08-08T00:01:41.502">
  <mem-info id="7241" free="1560576" total="156106752" percent="0">
    <mem type="tenure" free="1560576" total="156106752" percent="0">
      <mem type="soa" free="0" total="154546176" percent="0" />
      <mem type="loa" free="1560576" total="1560576" percent="100" />
    </mem>
  </mem-info>
</gc-start>
<allocation-stats totalBytes="127900464" >
  <allocated-bytes non-tlh="0" tlh="127900464" />
  <largest-consumer threadName="Thread-46" threadId="0000000002115500" bytes="12429728" />
</allocation-stats>
<gc-op id="7242" type="mark" timems="15.405" contextid="7239" timestamp="2019-08-08T00:01:41.518">
  <trace-info objectcount="642563" scancount="554890" scanbytes="16085984" />
  <finalization candidates="154" enqueued="0" />
  <ownableSynchronizers candidates="22" cleared="0" />
  <references type="soft" candidates="1877" cleared="0" enqueued="0" dynamicThreshold="26" maxThreshold="32" />
  <references type="weak" candidates="6346" cleared="0" enqueued="0" />
  <references type="phantom" candidates="304" cleared="0" enqueued="0" />
  <stringconstants candidates="15953" cleared="0"  />
</gc-op>
<gc-op id="7243" type="sweep" timems="1.755" contextid="7239" timestamp="2019-08-08T00:01:41.520" />
<mem-info id="7244" free="129684800" total="156106752" percent="83">
  <mem type="tenure" free="129684800" total="156106752" percent="83" micro-fragmented="42536" macro-fragmented="0">
    <mem type="soa" free="128124224" total="154546176" percent="82" />
    <mem type="loa" free="1560576" total="1560576" percent="100" />
  </mem>
</mem-info>
<gc-op id="7245" type="compact" timems="57.437" contextid="7239" timestamp="2019-08-08T00:01:41.577">
  <compact-info movecount="20182" movebytes="3989752" reason="compact to aid heap contraction" />
</gc-op>
<heap-resize id="7246" type="expand" space="tenure" amount="327680" count="1" timems="0.027" reason="satisfy allocation request" timestamp="2019-08-08T00:01:41.579" />
<gc-end id="7247" type="global" contextid="7239" durationms="76.659" usertimems="79.554" systemtimems="39.338" timestamp="2019-08-08T00:01:41.579" activeThreads="16">
  <mem-info id="7248" free="130044984" total="156434432" percent="83">
    <mem type="tenure" free="130044984" total="156434432" percent="83">
      <mem type="soa" free="128481336" total="154870784" percent="82" />
      <mem type="loa" free="1563648" total="1563648" percent="100" />
    </mem>
  </mem-info>
</gc-end>
<cycle-end id="7249" type="global" contextid="7239" timestamp="2019-08-08T00:01:41.580" />
  <attribute name="elasticGC enabled" value="1" />
  <attribute name= "numThreadsSpecified" value="16" />
  <attribute name="heapSize specified" value="156106752" />
  <attribute name="Current GC Util" value="28" />
  <attribute name= "Current Time Running" value="220501" />
  <attribute name ="GC Interval" value="0" />
  <attribute name="Target GC Util Change" value ="80.000000" />
  <attribute name="Current GC Util Change" value="28.000000"/>
  <attribute name="Current Error" value="-307.000000" />
  <attribute name="Output H" value="156408048"/>
  <attribute name="Output I" value="416"/>
  <attribute name="Output T" value="16"/>
  <attribute name= "Current Time Running" value="220501" />
  <attribute name="GC Util currently" value="28" />
  <attribute name="CPU Util currently" value="19689795642" />
<allocation-satisfied id="7250" threadId="0000000002111900" bytesRequested="16392" />
<af-end id="7251" timestamp="2019-08-08T00:01:41.580" threadId="0000000002112288" success="true" />
<exclusive-end id="7252" timestamp="2019-08-08T00:01:41.580" durationms="77.572" />

<exclusive-start id="7253" timestamp="2019-08-08T00:01:41.819" intervalms="316.443">
  <response-info timems="2.827" idlems="1.439" threads="1" lastid="0000000002111900" lastname="Thread-45" />
</exclusive-start>
<af-start id="7254" threadId="0000000002103388" totalBytesRequested="2056" timestamp="2019-08-08T00:01:41.819" intervalms="316.400" />
<cycle-start id="7255" type="global" contextid="0" timestamp="2019-08-08T00:01:41.819" intervalms="316.394" />
<gc-start id="7256" type="global" contextid="7255" timestamp="2019-08-08T00:01:41.819">
  <mem-info id="7257" free="1563648" total="156434432" percent="0">
    <mem type="tenure" free="1563648" total="156434432" percent="0">
      <mem type="soa" free="0" total="154870784" percent="0" />
      <mem type="loa" free="1563648" total="1563648" percent="100" />
    </mem>
  </mem-info>
</gc-start>
<allocation-stats totalBytes="128350840" >
  <allocated-bytes non-tlh="0" tlh="128350840" />
  <largest-consumer threadName="Thread-37" threadId="00000000020E0A00" bytes="13879248" />
</allocation-stats>
<gc-op id="7258" type="mark" timems="18.537" contextid="7255" timestamp="2019-08-08T00:01:41.837">
  <trace-info objectcount="643515" scancount="555596" scanbytes="16182768" />
  <finalization candidates="154" enqueued="0" />
  <ownableSynchronizers candidates="22" cleared="0" />
  <references type="soft" candidates="1877" cleared="0" enqueued="0" dynamicThreshold="26" maxThreshold="32" />
  <references type="weak" candidates="6346" cleared="0" enqueued="0" />
  <references type="phantom" candidates="304" cleared="0" enqueued="0" />
  <stringconstants candidates="15953" cleared="0"  />
</gc-op>
<gc-op id="7259" type="sweep" timems="6.490" contextid="7255" timestamp="2019-08-08T00:01:41.844" />
<mem-info id="7260" free="129594944" total="156434432" percent="82">
  <mem type="tenure" free="129594944" total="156434432" percent="82" micro-fragmented="74163" macro-fragmented="0">
    <mem type="soa" free="128031296" total="154870784" percent="82" />
    <mem type="loa" free="1563648" total="1563648" percent="100" />
  </mem>
</mem-info>
<gc-op id="7261" type="compact" timems="30.357" contextid="7255" timestamp="2019-08-08T00:01:41.874">
  <compact-info movecount="38768" movebytes="5960048" reason="compact to aid heap contraction" />
</gc-op>
<heap-resize id="7262" type="expand" space="tenure" amount="327680" count="1" timems="0.019" reason="satisfy allocation request" timestamp="2019-08-08T00:01:41.875" />
<gc-end id="7263" type="global" contextid="7255" durationms="56.379" usertimems="135.875" systemtimems="14.522" timestamp="2019-08-08T00:01:41.875" activeThreads="16">
  <mem-info id="7264" free="129966080" total="156762112" percent="82">
    <mem type="tenure" free="129966080" total="156762112" percent="82">
      <mem type="soa" free="128399360" total="155195392" percent="82" />
      <mem type="loa" free="1566720" total="1566720" percent="100" />
    </mem>
  </mem-info>
</gc-end>
<cycle-end id="7265" type="global" contextid="7255" timestamp="2019-08-08T00:01:41.875" />
  <attribute name="elasticGC enabled" value="1" />
  <attribute name= "numThreadsSpecified" value="16" />
  <attribute name="heapSize specified" value="156434432" />
  <attribute name="Current GC Util" value="83" />
  <attribute name= "Current Time Running" value="220797" />
  <attribute name ="GC Interval" value="0" />
  <attribute name="Target GC Util Change" value ="80.000000" />
  <attribute name="Current GC Util Change" value="83.000000"/>
  <attribute name="Current Error" value="-3.000000" />
  <attribute name="Output H" value="156737136"/>
  <attribute name="Output I" value="2000"/>
  <attribute name="Output T" value="16"/>
  <attribute name= "Current Time Running" value="220797" />
  <attribute name="GC Util currently" value="83" />
  <attribute name="CPU Util currently" value="37969614781" />
<allocation-satisfied id="7266" threadId="0000000002102A00" bytesRequested="2056" />
<af-end id="7267" timestamp="2019-08-08T00:01:41.875" threadId="0000000002103388" success="true" />
<exclusive-end id="7268" timestamp="2019-08-08T00:01:41.875" durationms="56.622" />

<exclusive-start id="7269" timestamp="2019-08-08T00:01:42.057" intervalms="238.433">
  <response-info timems="6.723" idlems="2.471" threads="6" lastid="000000000210DD00" lastname="Thread-39" />
</exclusive-start>
<af-start id="7270" threadId="00000000020F3F88" totalBytesRequested="16392" timestamp="2019-08-08T00:01:42.057" intervalms="238.434" />
<cycle-start id="7271" type="global" contextid="0" timestamp="2019-08-08T00:01:42.057" intervalms="238.443" />
<gc-start id="7272" type="global" contextid="7271" timestamp="2019-08-08T00:01:42.057">
  <mem-info id="7273" free="1566720" total="156762112" percent="0">
    <mem type="tenure" free="1566720" total="156762112" percent="0">
      <mem type="soa" free="0" total="155195392" percent="0" />
      <mem type="loa" free="1566720" total="1566720" percent="100" />
    </mem>
  </mem-info>
</gc-start>
<allocation-stats totalBytes="128319360" >
  <allocated-bytes non-tlh="0" tlh="128319360" />
  <largest-consumer threadName="Thread-37" threadId="00000000020E0A00" bytes="14009320" />
</allocation-stats>
<gc-op id="7274" type="mark" timems="55.299" contextid="7271" timestamp="2019-08-08T00:01:42.112">
  <trace-info objectcount="642980" scancount="555065" scanbytes="16099540" />
  <finalization candidates="154" enqueued="0" />
  <ownableSynchronizers candidates="22" cleared="0" />
  <references type="soft" candidates="1877" cleared="0" enqueued="0" dynamicThreshold="26" maxThreshold="32" />
  <references type="weak" candidates="6346" cleared="0" enqueued="0" />
  <references type="phantom" candidates="302" cleared="0" enqueued="0" />
  <stringconstants candidates="15953" cleared="0"  />
</gc-op>
<gc-op id="7275" type="sweep" timems="3.059" contextid="7271" timestamp="2019-08-08T00:01:42.116" />
<mem-info id="7276" free="130063456" total="156762112" percent="82">
  <mem type="tenure" free="130063456" total="156762112" percent="82" micro-fragmented="72035" macro-fragmented="0">
    <mem type="soa" free="128496736" total="155195392" percent="82" />
    <mem type="loa" free="1566720" total="1566720" percent="100" />
  </mem>
</mem-info>
<gc-op id="7277" type="compact" timems="43.713" contextid="7271" timestamp="2019-08-08T00:01:42.159">
  <compact-info movecount="20535" movebytes="4191880" reason="compact to aid heap contraction" />
</gc-op>
<heap-resize id="7278" type="expand" space="tenure" amount="327680" count="1" timems="0.021" reason="satisfy allocation request" timestamp="2019-08-08T00:01:42.160" />
<gc-end id="7279" type="global" contextid="7271" durationms="102.898" usertimems="178.681" systemtimems="52.688" timestamp="2019-08-08T00:01:42.160" activeThreads="16">
  <mem-info id="7280" free="130425480" total="157089792" percent="83">
    <mem type="tenure" free="130425480" total="157089792" percent="83">
      <mem type="soa" free="128854664" total="155518976" percent="82" />
      <mem type="loa" free="1570816" total="1570816" percent="100" />
    </mem>
  </mem-info>
</gc-end>
<cycle-end id="7281" type="global" contextid="7271" timestamp="2019-08-08T00:01:42.160" />
  <attribute name="elasticGC enabled" value="1" />
  <attribute name= "numThreadsSpecified" value="16" />
  <attribute name="heapSize specified" value="156762112" />
  <attribute name="Current GC Util" value="37" />
  <attribute name= "Current Time Running" value="221083" />
  <attribute name ="GC Interval" value="0" />
  <attribute name="Target GC Util Change" value ="80.000000" />
  <attribute name="Current GC Util Change" value="37.000000"/>
  <attribute name="Current Error" value="-141.000000" />
  <attribute name="Output H" value="157064176"/>
  <attribute name="Output I" value="1280"/>
  <attribute name="Output T" value="16"/>
  <attribute name= "Current Time Running" value="221083" />
  <attribute name="GC Util currently" value="37" />
  <attribute name="CPU Util currently" value="26322145670" />
<allocation-satisfied id="7282" threadId="00000000020F3600" bytesRequested="16392" />
<af-end id="7283" timestamp="2019-08-08T00:01:42.160" threadId="00000000020F3F88" success="true" />
<exclusive-end id="7284" timestamp="2019-08-08T00:01:42.160" durationms="103.549" />

<exclusive-start id="7285" timestamp="2019-08-08T00:01:42.314" intervalms="257.334">
  <response-info timems="22.834" idlems="22.834" threads="0" lastid="0000000002102A00" lastname="Thread-51" />
</exclusive-start>
<af-start id="7286" threadId="0000000002103388" totalBytesRequested="16392" timestamp="2019-08-08T00:01:42.314" intervalms="257.323" />
<cycle-start id="7287" type="global" contextid="0" timestamp="2019-08-08T00:01:42.314" intervalms="257.309" />
<gc-start id="7288" type="global" contextid="7287" timestamp="2019-08-08T00:01:42.314">
  <mem-info id="7289" free="1570816" total="157089792" percent="0">
    <mem type="tenure" free="1570816" total="157089792" percent="0">
      <mem type="soa" free="0" total="155518976" percent="0" />
      <mem type="loa" free="1570816" total="1570816" percent="100" />
    </mem>
  </mem-info>
</gc-start>
<allocation-stats totalBytes="128775384" >
  <allocated-bytes non-tlh="16392" tlh="128758992" />
  <largest-consumer threadName="Thread-37" threadId="00000000020E0A00" bytes="12939024" />
</allocation-stats>
<gc-op id="7290" type="mark" timems="47.296" contextid="7287" timestamp="2019-08-08T00:01:42.362">
  <trace-info objectcount="642601" scancount="554660" scanbytes="16106984" />
  <finalization candidates="154" enqueued="0" />
  <ownableSynchronizers candidates="22" cleared="0" />
  <references type="soft" candidates="1877" cleared="0" enqueued="0" dynamicThreshold="26" maxThreshold="32" />
  <references type="weak" candidates="6346" cleared="0" enqueued="0" />
  <references type="phantom" candidates="303" cleared="0" enqueued="0" />
  <stringconstants candidates="15953" cleared="0"  />
</gc-op>
<gc-op id="7291" type="sweep" timems="26.253" contextid="7287" timestamp="2019-08-08T00:01:42.388" />
<mem-info id="7292" free="130438808" total="157089792" percent="83">
  <mem type="tenure" free="130438808" total="157089792" percent="83" micro-fragmented="55491" macro-fragmented="0">
    <mem type="soa" free="128867992" total="155518976" percent="82" />
    <mem type="loa" free="1570816" total="1570816" percent="100" />
  </mem>
</mem-info>
<gc-op id="7293" type="compact" timems="40.558" contextid="7287" timestamp="2019-08-08T00:01:42.429">
  <compact-info movecount="20169" movebytes="4170816" reason="compact to aid heap contraction" />
</gc-op>
<heap-resize id="7294" type="expand" space="tenure" amount="327680" count="1" timems="0.021" reason="satisfy allocation request" timestamp="2019-08-08T00:01:42.430" />
<gc-end id="7295" type="global" contextid="7287" durationms="115.306" usertimems="136.222" systemtimems="27.102" timestamp="2019-08-08T00:01:42.430" activeThreads="16">
  <mem-info id="7296" free="130800720" total="157417472" percent="83">
    <mem type="tenure" free="130800720" total="157417472" percent="83">
      <mem type="soa" free="129226832" total="155843584" percent="82" />
      <mem type="loa" free="1573888" total="1573888" percent="100" />
    </mem>
  </mem-info>
</gc-end>
<cycle-end id="7297" type="global" contextid="7287" timestamp="2019-08-08T00:01:42.430" />
  <attribute name="elasticGC enabled" value="1" />
  <attribute name= "numThreadsSpecified" value="16" />
  <attribute name="heapSize specified" value="157089792" />
  <attribute name="Current GC Util" value="56" />
  <attribute name= "Current Time Running" value="221352" />
  <attribute name ="GC Interval" value="0" />
  <attribute name="Target GC Util Change" value ="80.000000" />
  <attribute name="Current GC Util Change" value="56.000000"/>
  <attribute name="Current Error" value="-70.000000" />
  <attribute name="Output H" value="157392184"/>
  <attribute name="Output I" value="1648"/>
  <attribute name="Output T" value="16"/>
  <attribute name= "Current Time Running" value="221352" />
  <attribute name="GC Util currently" value="56" />
  <attribute name="CPU Util currently" value="28398467902" />
<allocation-satisfied id="7298" threadId="0000000002102A00" bytesRequested="16392" />
<af-end id="7299" timestamp="2019-08-08T00:01:42.430" threadId="0000000002103388" success="true" />
<exclusive-end id="7300" timestamp="2019-08-08T00:01:42.430" durationms="115.589" />

<exclusive-start id="7301" timestamp="2019-08-08T00:01:42.760" intervalms="446.195">
  <response-info timems="0.622" idlems="0.622" threads="0" lastid="00000000020E0A00" lastname="Thread-37" />
</exclusive-start>
<af-start id="7302" threadId="00000000020E1388" totalBytesRequested="16392" timestamp="2019-08-08T00:01:42.761" intervalms="446.303" />
<cycle-start id="7303" type="global" contextid="0" timestamp="2019-08-08T00:01:42.761" intervalms="446.337" />
<gc-start id="7304" type="global" contextid="7303" timestamp="2019-08-08T00:01:42.761">
  <mem-info id="7305" free="1573888" total="157417472" percent="0">
    <mem type="tenure" free="1573888" total="157417472" percent="0">
      <mem type="soa" free="0" total="155843584" percent="0" />
      <mem type="loa" free="1573888" total="1573888" percent="100" />
    </mem>
  </mem-info>
</gc-start>
<allocation-stats totalBytes="129110256" >
  <allocated-bytes non-tlh="0" tlh="129110256" />
  <largest-consumer threadName="Thread-51" threadId="0000000002102A00" bytes="12901048" />
</allocation-stats>
<gc-op id="7306" type="mark" timems="19.353" contextid="7303" timestamp="2019-08-08T00:01:42.780">
  <trace-info objectcount="642102" scancount="554330" scanbytes="16100740" />
  <finalization candidates="154" enqueued="0" />
  <ownableSynchronizers candidates="22" cleared="0" />
  <references type="soft" candidates="1877" cleared="0" enqueued="0" dynamicThreshold="26" maxThreshold="32" />
  <references type="weak" candidates="6346" cleared="0" enqueued="0" />
  <references type="phantom" candidates="304" cleared="0" enqueued="0" />
  <stringconstants candidates="15953" cleared="0"  />
</gc-op>
<gc-op id="7307" type="sweep" timems="4.186" contextid="7303" timestamp="2019-08-08T00:01:42.784" />
<mem-info id="7308" free="130811912" total="157417472" percent="83">
  <mem type="tenure" free="130811912" total="157417472" percent="83" micro-fragmented="89316" macro-fragmented="0">
    <mem type="soa" free="129238024" total="155843584" percent="82" />
    <mem type="loa" free="1573888" total="1573888" percent="100" />
  </mem>
</mem-info>
<gc-op id="7309" type="compact" timems="31.258" contextid="7303" timestamp="2019-08-08T00:01:42.816">
  <compact-info movecount="19651" movebytes="4111056" reason="compact to aid heap contraction" />
</gc-op>
<heap-resize id="7310" type="expand" space="tenure" amount="327680" count="1" timems="0.025" reason="satisfy allocation request" timestamp="2019-08-08T00:01:42.821" />
<gc-end id="7311" type="global" contextid="7303" durationms="59.979" usertimems="92.990" systemtimems="24.475" timestamp="2019-08-08T00:01:42.821" activeThreads="16">
  <mem-info id="7312" free="131161312" total="157745152" percent="83">
    <mem type="tenure" free="131161312" total="157745152" percent="83">
      <mem type="soa" free="129584352" total="156168192" percent="82" />
      <mem type="loa" free="1576960" total="1576960" percent="100" />
    </mem>
  </mem-info>
</gc-end>
<cycle-end id="7313" type="global" contextid="7303" timestamp="2019-08-08T00:01:42.821" />
  <attribute name="elasticGC enabled" value="1" />
  <attribute name= "numThreadsSpecified" value="16" />
  <attribute name="heapSize specified" value="157417472" />
  <attribute name="Current GC Util" value="45" />
  <attribute name= "Current Time Running" value="221743" />
  <attribute name ="GC Interval" value="0" />
  <attribute name="Target GC Util Change" value ="80.000000" />
  <attribute name="Current GC Util Change" value="45.000000"/>
  <attribute name="Current Error" value="35.000000" />
  <attribute name="Output H" value="157720352"/>
  <attribute name="Output I" value="2192"/>
  <attribute name="Output T" value="16"/>
  <attribute name= "Current Time Running" value="221743" />
  <attribute name="GC Util currently" value="45" />
  <attribute name="CPU Util currently" value="32297437597" />
<allocation-satisfied id="7314" threadId="00000000020E0A00" bytesRequested="16392" />
<af-end id="7315" timestamp="2019-08-08T00:01:42.821" threadId="00000000020E1388" success="true" />
<exclusive-end id="7316" timestamp="2019-08-08T00:01:42.821" durationms="60.912" />

<exclusive-start id="7317" timestamp="2019-08-08T00:01:43.096" intervalms="335.084">
  <response-info timems="8.823" idlems="4.414" threads="1" lastid="0000000002102A00" lastname="Thread-51" />
</exclusive-start>
<af-start id="7318" threadId="00000000020F0388" totalBytesRequested="8200" timestamp="2019-08-08T00:01:43.100" intervalms="339.276" />
<cycle-start id="7319" type="global" contextid="0" timestamp="2019-08-08T00:01:43.100" intervalms="339.253" />
<gc-start id="7320" type="global" contextid="7319" timestamp="2019-08-08T00:01:43.100">
  <mem-info id="7321" free="1576960" total="157745152" percent="0">
    <mem type="tenure" free="1576960" total="157745152" percent="0">
      <mem type="soa" free="0" total="156168192" percent="0" />
      <mem type="loa" free="1576960" total="1576960" percent="100" />
    </mem>
  </mem-info>
</gc-start>
<allocation-stats totalBytes="129526944" >
  <allocated-bytes non-tlh="0" tlh="129526944" />
  <largest-consumer threadName="Thread-43" threadId="00000000020F3600" bytes="14563568" />
</allocation-stats>
<gc-op id="7322" type="mark" timems="37.672" contextid="7319" timestamp="2019-08-08T00:01:43.138">
  <trace-info objectcount="642533" scancount="554545" scanbytes="16153808" />
  <finalization candidates="154" enqueued="0" />
  <ownableSynchronizers candidates="22" cleared="0" />
  <references type="soft" candidates="1877" cleared="0" enqueued="0" dynamicThreshold="26" maxThreshold="32" />
  <references type="weak" candidates="6346" cleared="0" enqueued="0" />
  <references type="phantom" candidates="303" cleared="0" enqueued="0" />
  <stringconstants candidates="15953" cleared="0"  />
</gc-op>
<gc-op id="7323" type="sweep" timems="4.435" contextid="7319" timestamp="2019-08-08T00:01:43.142" />
<mem-info id="7324" free="130790952" total="157745152" percent="82">
  <mem type="tenure" free="130790952" total="157745152" percent="82" micro-fragmented="69223" macro-fragmented="0">
    <mem type="soa" free="129213992" total="156168192" percent="82" />
    <mem type="loa" free="1576960" total="1576960" percent="100" />
  </mem>
</mem-info>
<gc-op id="7325" type="compact" timems="33.540" contextid="7319" timestamp="2019-08-08T00:01:43.176">
  <compact-info movecount="20122" movebytes="4493872" reason="compact to aid heap contraction" />
</gc-op>
<heap-resize id="7326" type="expand" space="tenure" amount="327680" count="1" timems="0.025" reason="satisfy allocation request" timestamp="2019-08-08T00:01:43.178" />
<gc-end id="7327" type="global" contextid="7319" durationms="77.673" usertimems="122.616" systemtimems="83.634" timestamp="2019-08-08T00:01:43.178" activeThreads="16">
  <mem-info id="7328" free="131165616" total="158072832" percent="82">
    <mem type="tenure" free="131165616" total="158072832" percent="82">
      <mem type="soa" free="129585584" total="156492800" percent="82" />
      <mem type="loa" free="1580032" total="1580032" percent="100" />
    </mem>
  </mem-info>
</gc-end>
<cycle-end id="7329" type="global" contextid="7319" timestamp="2019-08-08T00:01:43.178" />
  <attribute name="elasticGC enabled" value="1" />
  <attribute name= "numThreadsSpecified" value="16" />
  <attribute name="heapSize specified" value="157745152" />
  <attribute name="Current GC Util" value="71" />
  <attribute name= "Current Time Running" value="222099" />
  <attribute name ="GC Interval" value="0" />
  <attribute name="Target GC Util Change" value ="80.000000" />
  <attribute name="Current GC Util Change" value="71.000000"/>
  <attribute name="Current Error" value="-111.000000" />
  <attribute name="Output H" value="158047352"/>
  <attribute name="Output I" value="1432"/>
  <attribute name="Output T" value="16"/>
  <attribute name= "Current Time Running" value="222099" />
  <attribute name="GC Util currently" value="71" />
  <attribute name="CPU Util currently" value="34319011583" />
<allocation-satisfied id="7330" threadId="00000000020EFA00" bytesRequested="8200" />
<af-end id="7331" timestamp="2019-08-08T00:01:43.178" threadId="00000000020F0388" success="true" />
<exclusive-end id="7332" timestamp="2019-08-08T00:01:43.178" durationms="82.308" />

<exclusive-start id="7333" timestamp="2019-08-08T00:01:43.349" intervalms="252.941">
  <response-info timems="12.645" idlems="4.399" threads="2" lastid="00000000020E0A00" lastname="Thread-37" />
</exclusive-start>
<af-start id="7334" threadId="00000000020F0388" totalBytesRequested="8200" timestamp="2019-08-08T00:01:43.349" intervalms="248.796" />
<cycle-start id="7335" type="global" contextid="0" timestamp="2019-08-08T00:01:43.349" intervalms="249.093" />
<gc-start id="7336" type="global" contextid="7335" timestamp="2019-08-08T00:01:43.349">
  <mem-info id="7337" free="1580032" total="158072832" percent="0">
    <mem type="tenure" free="1580032" total="158072832" percent="0">
      <mem type="soa" free="0" total="156492800" percent="0" />
      <mem type="loa" free="1580032" total="1580032" percent="100" />
    </mem>
  </mem-info>
</gc-start>
<allocation-stats totalBytes="129415616" >
  <allocated-bytes non-tlh="0" tlh="129415616" />
  <largest-consumer threadName="Thread-44" threadId="00000000020B7700" bytes="14139400" />
</allocation-stats>
<gc-op id="7338" type="mark" timems="31.606" contextid="7335" timestamp="2019-08-08T00:01:43.381">
  <trace-info objectcount="642201" scancount="554333" scanbytes="16151276" />
  <finalization candidates="154" enqueued="0" />
  <ownableSynchronizers candidates="22" cleared="0" />
  <references type="soft" candidates="1877" cleared="0" enqueued="0" dynamicThreshold="26" maxThreshold="32" />
  <references type="weak" candidates="6346" cleared="0" enqueued="0" />
  <references type="phantom" candidates="304" cleared="0" enqueued="0" />
  <stringconstants candidates="15953" cleared="0"  />
</gc-op>
<gc-op id="7339" type="sweep" timems="1.984" contextid="7335" timestamp="2019-08-08T00:01:43.383" />
<mem-info id="7340" free="131289584" total="158072832" percent="83">
  <mem type="tenure" free="131289584" total="158072832" percent="83" micro-fragmented="51211" macro-fragmented="0">
    <mem type="soa" free="129709552" total="156492800" percent="82" />
    <mem type="loa" free="1580032" total="1580032" percent="100" />
  </mem>
</mem-info>
<gc-op id="7341" type="compact" timems="41.005" contextid="7335" timestamp="2019-08-08T00:01:43.424">
  <compact-info movecount="19766" movebytes="4345392" reason="compact to aid heap contraction" />
</gc-op>
<heap-resize id="7342" type="expand" space="tenure" amount="327680" count="1" timems="0.020" reason="satisfy allocation request" timestamp="2019-08-08T00:01:43.425" />
<gc-end id="7343" type="global" contextid="7335" durationms="75.790" usertimems="121.979" systemtimems="15.750" timestamp="2019-08-08T00:01:43.425" activeThreads="16">
  <mem-info id="7344" free="131648288" total="158400512" percent="83">
    <mem type="tenure" free="131648288" total="158400512" percent="83">
      <mem type="soa" free="130065184" total="156817408" percent="82" />
      <mem type="loa" free="1583104" total="1583104" percent="100" />
    </mem>
  </mem-info>
</gc-end>
<cycle-end id="7345" type="global" contextid="7335" timestamp="2019-08-08T00:01:43.425" />
  <attribute name="elasticGC enabled" value="1" />
  <attribute name= "numThreadsSpecified" value="16" />
  <attribute name="heapSize specified" value="158072832" />
  <attribute name="Current GC Util" value="50" />
  <attribute name= "Current Time Running" value="222347" />
  <attribute name ="GC Interval" value="0" />
  <attribute name="Target GC Util Change" value ="80.000000" />
  <attribute name="Current GC Util Change" value="50.000000"/>
  <attribute name="Current Error" value="-199.000000" />
  <attribute name="Output H" value="158374632"/>
  <attribute name="Output I" value="976"/>
  <attribute name="Output T" value="16"/>
  <attribute name= "Current Time Running" value="222347" />
  <attribute name="GC Util currently" value="50" />
  <attribute name="CPU Util currently" value="28094399525" />
<allocation-satisfied id="7346" threadId="00000000020EFA00" bytesRequested="8200" />
<af-end id="7347" timestamp="2019-08-08T00:01:43.425" threadId="00000000020F0388" success="true" />
<exclusive-end id="7348" timestamp="2019-08-08T00:01:43.425" durationms="76.506" />

<exclusive-start id="7349" timestamp="2019-08-08T00:01:43.761" intervalms="412.417">
  <response-info timems="21.652" idlems="10.873" threads="1" lastid="00000000020CA300" lastname="Thread-52" />
</exclusive-start>
<af-start id="7350" threadId="0000000002112288" totalBytesRequested="2056" timestamp="2019-08-08T00:01:43.761" intervalms="412.265" />
<cycle-start id="7351" type="global" contextid="0" timestamp="2019-08-08T00:01:43.761" intervalms="411.955" />
<gc-start id="7352" type="global" contextid="7351" timestamp="2019-08-08T00:01:43.761">
  <mem-info id="7353" free="1583104" total="158400512" percent="0">
    <mem type="tenure" free="1583104" total="158400512" percent="0">
      <mem type="soa" free="0" total="156817408" percent="0" />
      <mem type="loa" free="1583104" total="1583104" percent="100" />
    </mem>
  </mem-info>
</gc-start>
<allocation-stats totalBytes="129914776" >
  <allocated-bytes non-tlh="0" tlh="129914776" />
  <largest-consumer threadName="Thread-51" threadId="0000000002102A00" bytes="14937880" />
</allocation-stats>
<gc-op id="7354" type="mark" timems="55.090" contextid="7351" timestamp="2019-08-08T00:01:43.816">
  <trace-info objectcount="642011" scancount="554136" scanbytes="16145860" />
  <finalization candidates="154" enqueued="0" />
  <ownableSynchronizers candidates="22" cleared="0" />
  <references type="soft" candidates="1877" cleared="0" enqueued="0" dynamicThreshold="26" maxThreshold="32" />
  <references type="weak" candidates="6346" cleared="0" enqueued="0" />
  <references type="phantom" candidates="304" cleared="0" enqueued="0" />
  <stringconstants candidates="15953" cleared="0"  />
</gc-op>
<gc-op id="7355" type="sweep" timems="9.029" contextid="7351" timestamp="2019-08-08T00:01:43.825" />
<mem-info id="7356" free="131532832" total="158400512" percent="83">
  <mem type="tenure" free="131532832" total="158400512" percent="83" micro-fragmented="90000" macro-fragmented="0">
    <mem type="soa" free="129949728" total="156817408" percent="82" />
    <mem type="loa" free="1583104" total="1583104" percent="100" />
  </mem>
</mem-info>
<gc-op id="7357" type="compact" timems="50.848" contextid="7351" timestamp="2019-08-08T00:01:43.877">
  <compact-info movecount="19610" movebytes="4443088" reason="compact to aid heap contraction" />
</gc-op>
<heap-resize id="7358" type="expand" space="tenure" amount="327680" count="1" timems="0.031" reason="satisfy allocation request" timestamp="2019-08-08T00:01:43.892" />
<gc-end id="7359" type="global" contextid="7351" durationms="130.887" usertimems="124.533" systemtimems="35.931" timestamp="2019-08-08T00:01:43.892" activeThreads="16">
  <mem-info id="7360" free="131889368" total="158728192" percent="83">
    <mem type="tenure" free="131889368" total="158728192" percent="83">
      <mem type="soa" free="130302168" total="157140992" percent="82" />
      <mem type="loa" free="1587200" total="1587200" percent="100" />
    </mem>
  </mem-info>
</gc-end>
<cycle-end id="7361" type="global" contextid="7351" timestamp="2019-08-08T00:01:43.892" />
  <attribute name="elasticGC enabled" value="1" />
  <attribute name= "numThreadsSpecified" value="16" />
  <attribute name="heapSize specified" value="158400512" />
  <attribute name="Current GC Util" value="48" />
  <attribute name= "Current Time Running" value="222801" />
  <attribute name ="GC Interval" value="0" />
  <attribute name="Target GC Util Change" value ="80.000000" />
  <attribute name="Current GC Util Change" value="48.000000"/>
  <attribute name="Current Error" value="32.000000" />
  <attribute name="Output H" value="158703376"/>
  <attribute name="Output I" value="2176"/>
  <attribute name="Output T" value="16"/>
  <attribute name= "Current Time Running" value="222801" />
  <attribute name="GC Util currently" value="48" />
  <attribute name="CPU Util currently" value="22146509976" />
<allocation-satisfied id="7362" threadId="0000000002111900" bytesRequested="2056" />
<af-end id="7363" timestamp="2019-08-08T00:01:43.892" threadId="0000000002112288" success="true" />
<exclusive-end id="7364" timestamp="2019-08-08T00:01:43.892" durationms="131.168" />

<exclusive-start id="7365" timestamp="2019-08-08T00:01:44.132" intervalms="370.805">
  <response-info timems="5.525" idlems="5.525" threads="0" lastid="000000000210A100" lastname="Thread-41" />
</exclusive-start>
<af-start id="7366" threadId="000000000210AA88" totalBytesRequested="16" timestamp="2019-08-08T00:01:44.132" intervalms="370.819" />
<cycle-start id="7367" type="global" contextid="0" timestamp="2019-08-08T00:01:44.132" intervalms="371.074" />
<gc-start id="7368" type="global" contextid="7367" timestamp="2019-08-08T00:01:44.132">
  <mem-info id="7369" free="1587200" total="158728192" percent="0">
    <mem type="tenure" free="1587200" total="158728192" percent="0">
      <mem type="soa" free="0" total="157140992" percent="0" />
      <mem type="loa" free="1587200" total="1587200" percent="100" />
    </mem>
  </mem-info>
</gc-start>
<allocation-stats totalBytes="130126712" >
  <allocated-bytes non-tlh="0" tlh="130126712" />
  <largest-consumer threadName="Thread-43" threadId="00000000020F3600" bytes="15871952" />
</allocation-stats>
<gc-op id="7370" type="mark" timems="28.749" contextid="7367" timestamp="2019-08-08T00:01:44.161">
  <trace-info objectcount="640906" scancount="553171" scanbytes="16118864" />
  <finalization candidates="154" enqueued="0" />
  <ownableSynchronizers candidates="22" cleared="0" />
  <references type="soft" candidates="1877" cleared="0" enqueued="0" dynamicThreshold="26" maxThreshold="32" />
  <references type="weak" candidates="6346" cleared="0" enqueued="0" />
  <references type="phantom" candidates="307" cleared="0" enqueued="0" />
  <stringconstants candidates="15953" cleared="0"  />
</gc-op>
<gc-op id="7371" type="sweep" timems="3.141" contextid="7367" timestamp="2019-08-08T00:01:44.164" />
<mem-info id="7372" free="132111800" total="158728192" percent="83">
  <mem type="tenure" free="132111800" total="158728192" percent="83" micro-fragmented="68695" macro-fragmented="0">
    <mem type="soa" free="130524600" total="157140992" percent="83" />
    <mem type="loa" free="1587200" total="1587200" percent="100" />
  </mem>
</mem-info>
<gc-op id="7373" type="compact" timems="36.157" contextid="7367" timestamp="2019-08-08T00:01:44.200">
  <compact-info movecount="18484" movebytes="4190528" reason="compact to aid heap contraction" />
</gc-op>
<heap-resize id="7374" type="expand" space="tenure" amount="327680" count="1" timems="0.031" reason="satisfy allocation request" timestamp="2019-08-08T00:01:44.203" />
<gc-end id="7375" type="global" contextid="7367" durationms="70.978" usertimems="163.306" systemtimems="26.595" timestamp="2019-08-08T00:01:44.203" activeThreads="16">
  <mem-info id="7376" free="132452264" total="159055872" percent="83">
    <mem type="tenure" free="132452264" total="159055872" percent="83">
      <mem type="soa" free="130861992" total="157465600" percent="83" />
      <mem type="loa" free="1590272" total="1590272" percent="100" />
    </mem>
  </mem-info>
</gc-end>
<cycle-end id="7377" type="global" contextid="7367" timestamp="2019-08-08T00:01:44.203" />
  <attribute name="elasticGC enabled" value="1" />
  <attribute name= "numThreadsSpecified" value="16" />
  <attribute name="heapSize specified" value="158728192" />
  <attribute name="Current GC Util" value="47" />
  <attribute name= "Current Time Running" value="223124" />
  <attribute name ="GC Interval" value="0" />
  <attribute name="Target GC Util Change" value ="80.000000" />
  <attribute name="Current GC Util Change" value="47.000000"/>
  <attribute name="Current Error" value="-214.000000" />
  <attribute name="Output H" value="159029920"/>
  <attribute name="Output I" value="896"/>
  <attribute name="Output T" value="16"/>
  <attribute name= "Current Time Running" value="223124" />
  <attribute name="GC Util currently" value="47" />
  <attribute name="CPU Util currently" value="31781990638" />
<allocation-satisfied id="7378" threadId="000000000210A100" bytesRequested="16" />
<af-end id="7379" timestamp="2019-08-08T00:01:44.203" threadId="000000000210AA88" success="true" />
<exclusive-end id="7380" timestamp="2019-08-08T00:01:44.203" durationms="71.531" />

<exclusive-start id="7381" timestamp="2019-08-08T00:01:44.434" intervalms="302.202">
  <response-info timems="2.900" idlems="2.900" threads="0" lastid="00000000020E0A00" lastname="Thread-37" />
</exclusive-start>
<af-start id="7382" threadId="00000000020E1388" totalBytesRequested="16392" timestamp="2019-08-08T00:01:44.434" intervalms="302.189" />
<cycle-start id="7383" type="global" contextid="0" timestamp="2019-08-08T00:01:44.434" intervalms="301.934" />
<gc-start id="7384" type="global" contextid="7383" timestamp="2019-08-08T00:01:44.434">
  <mem-info id="7385" free="1590272" total="159055872" percent="0">
    <mem type="tenure" free="1590272" total="159055872" percent="0">
      <mem type="soa" free="0" total="157465600" percent="0" />
      <mem type="loa" free="1590272" total="1590272" percent="100" />
    </mem>
  </mem-info>
</gc-start>
<allocation-stats totalBytes="130734808" >
  <allocated-bytes non-tlh="0" tlh="130734808" />
  <largest-consumer threadName="Thread-40" threadId="00000000020E8200" bytes="13304096" />
</allocation-stats>
<gc-op id="7386" type="mark" timems="25.697" contextid="7383" timestamp="2019-08-08T00:01:44.460">
  <trace-info objectcount="641759" scancount="553759" scanbytes="16084588" />
  <finalization candidates="154" enqueued="0" />
  <ownableSynchronizers candidates="22" cleared="0" />
  <references type="soft" candidates="1877" cleared="0" enqueued="0" dynamicThreshold="26" maxThreshold="32" />
  <references type="weak" candidates="6346" cleared="0" enqueued="0" />
  <references type="phantom" candidates="303" cleared="0" enqueued="0" />
  <stringconstants candidates="15953" cleared="0"  />
</gc-op>
<gc-op id="7387" type="sweep" timems="1.892" contextid="7383" timestamp="2019-08-08T00:01:44.462" />
<mem-info id="7388" free="132125416" total="159055872" percent="83">
  <mem type="tenure" free="132125416" total="159055872" percent="83" micro-fragmented="43453" macro-fragmented="0">
    <mem type="soa" free="130535144" total="157465600" percent="82" />
    <mem type="loa" free="1590272" total="1590272" percent="100" />
  </mem>
</mem-info>
<gc-op id="7389" type="compact" timems="72.210" contextid="7383" timestamp="2019-08-08T00:01:44.534">
  <compact-info movecount="19350" movebytes="4491888" reason="compact to aid heap contraction" />
</gc-op>
<heap-resize id="7390" type="expand" space="tenure" amount="327680" count="1" timems="0.029" reason="satisfy allocation request" timestamp="2019-08-08T00:01:44.547" />
<gc-end id="7391" type="global" contextid="7383" durationms="113.266" usertimems="187.375" systemtimems="17.422" timestamp="2019-08-08T00:01:44.547" activeThreads="16">
  <mem-info id="7392" free="132495456" total="159383552" percent="83">
    <mem type="tenure" free="132495456" total="159383552" percent="83">
      <mem type="soa" free="130902112" total="157790208" percent="82" />
      <mem type="loa" free="1593344" total="1593344" percent="100" />
    </mem>
  </mem-info>
</gc-end>
<cycle-end id="7393" type="global" contextid="7383" timestamp="2019-08-08T00:01:44.547" />
  <attribute name="elasticGC enabled" value="1" />
  <attribute name= "numThreadsSpecified" value="16" />
  <attribute name="heapSize specified" value="159055872" />
  <attribute name="Current GC Util" value="57" />
  <attribute name= "Current Time Running" value="223457" />
  <attribute name ="GC Interval" value="0" />
  <attribute name="Target GC Util Change" value ="80.000000" />
  <attribute name="Current GC Util Change" value="57.000000"/>
  <attribute name="Current Error" value="-208.000000" />
  <attribute name="Output H" value="159357624"/>
  <attribute name="Output I" value="928"/>
  <attribute name="Output T" value="16"/>
  <attribute name= "Current Time Running" value="223457" />
  <attribute name="GC Util currently" value="57" />
  <attribute name="CPU Util currently" value="15954890229" />
<allocation-satisfied id="7394" threadId="00000000020E0A00" bytesRequested="16392" />
<af-end id="7395" timestamp="2019-08-08T00:01:44.547" threadId="00000000020E1388" success="true" />
<exclusive-end id="7396" timestamp="2019-08-08T00:01:44.547" durationms="113.561" />

<exclusive-start id="7397" timestamp="2019-08-08T00:01:44.766" intervalms="332.213">
  <response-info timems="2.599" idlems="2.599" threads="0" lastid="00000000020BB300" lastname="Thread-48" />
</exclusive-start>
<af-start id="7398" threadId="00000000020BBC88" totalBytesRequested="16392" timestamp="2019-08-08T00:01:44.766" intervalms="332.220" />
<cycle-start id="7399" type="global" contextid="0" timestamp="2019-08-08T00:01:44.766" intervalms="332.227" />
<gc-start id="7400" type="global" contextid="7399" timestamp="2019-08-08T00:01:44.766">
  <mem-info id="7401" free="1593344" total="159383552" percent="0">
    <mem type="tenure" free="1593344" total="159383552" percent="0">
      <mem type="soa" free="0" total="157790208" percent="0" />
      <mem type="loa" free="1593344" total="1593344" percent="100" />
    </mem>
  </mem-info>
</gc-start>
<allocation-stats totalBytes="130853680" >
  <allocated-bytes non-tlh="0" tlh="130853680" />
  <largest-consumer threadName="Thread-47" threadId="00000000020FE200" bytes="13491816" />
</allocation-stats>
<gc-op id="7402" type="mark" timems="36.039" contextid="7399" timestamp="2019-08-08T00:01:44.802">
  <trace-info objectcount="640658" scancount="552913" scanbytes="16066524" />
  <finalization candidates="154" enqueued="0" />
  <ownableSynchronizers candidates="22" cleared="0" />
  <references type="soft" candidates="1877" cleared="0" enqueued="0" dynamicThreshold="26" maxThreshold="32" />
  <references type="weak" candidates="6346" cleared="0" enqueued="0" />
  <references type="phantom" candidates="303" cleared="0" enqueued="0" />
  <stringconstants candidates="15953" cleared="0"  />
</gc-op>
<gc-op id="7403" type="sweep" timems="3.203" contextid="7399" timestamp="2019-08-08T00:01:44.806" />
<mem-info id="7404" free="132861512" total="159383552" percent="83">
  <mem type="tenure" free="132861512" total="159383552" percent="83" micro-fragmented="58301" macro-fragmented="0">
    <mem type="soa" free="131268168" total="157790208" percent="83" />
    <mem type="loa" free="1593344" total="1593344" percent="100" />
  </mem>
</mem-info>
<gc-op id="7405" type="compact" timems="40.135" contextid="7399" timestamp="2019-08-08T00:01:44.846">
  <compact-info movecount="18237" movebytes="4094672" reason="compact to aid heap contraction" />
</gc-op>
<heap-resize id="7406" type="expand" space="tenure" amount="327680" count="1" timems="0.023" reason="satisfy allocation request" timestamp="2019-08-08T00:01:44.849" />
<gc-end id="7407" type="global" contextid="7399" durationms="82.382" usertimems="248.174" systemtimems="66.499" timestamp="2019-08-08T00:01:44.849" activeThreads="16">
  <mem-info id="7408" free="133215600" total="159711232" percent="83">
    <mem type="tenure" free="133215600" total="159711232" percent="83">
      <mem type="soa" free="131619184" total="158114816" percent="83" />
      <mem type="loa" free="1596416" total="1596416" percent="100" />
    </mem>
  </mem-info>
</gc-end>
<cycle-end id="7409" type="global" contextid="7399" timestamp="2019-08-08T00:01:44.849" />
  <attribute name="elasticGC enabled" value="1" />
  <attribute name= "numThreadsSpecified" value="16" />
  <attribute name="heapSize specified" value="159383552" />
  <attribute name="Current GC Util" value="49" />
  <attribute name= "Current Time Running" value="223769" />
  <attribute name ="GC Interval" value="0" />
  <attribute name="Target GC Util Change" value ="80.000000" />
  <attribute name="Current GC Util Change" value="49.000000"/>
  <attribute name="Current Error" value="31.000000" />
  <attribute name="Output H" value="159686408"/>
  <attribute name="Output I" value="2176"/>
  <attribute name="Output T" value="16"/>
  <attribute name= "Current Time Running" value="223769" />
  <attribute name="GC Util currently" value="49" />
  <attribute name="CPU Util currently" value="28694649950" />
<allocation-satisfied id="7410" threadId="00000000020BB300" bytesRequested="16392" />
<af-end id="7411" timestamp="2019-08-08T00:01:44.849" threadId="00000000020BBC88" success="true" />
<exclusive-end id="7412" timestamp="2019-08-08T00:01:44.849" durationms="82.914" />

<exclusive-start id="7413" timestamp="2019-08-08T00:01:45.018" intervalms="251.925">
  <response-info timems="0.750" idlems="0.750" threads="0" lastid="00000000020F3600" lastname="Thread-43" />
</exclusive-start>
<af-start id="7414" threadId="00000000020F3F88" totalBytesRequested="16392" timestamp="2019-08-08T00:01:45.018" intervalms="251.928" />
<cycle-start id="7415" type="global" contextid="0" timestamp="2019-08-08T00:01:45.018" intervalms="251.932" />
<gc-start id="7416" type="global" contextid="7415" timestamp="2019-08-08T00:01:45.018">
  <mem-info id="7417" free="1596416" total="159711232" percent="0">
    <mem type="tenure" free="1596416" total="159711232" percent="0">
      <mem type="soa" free="0" total="158114816" percent="0" />
      <mem type="loa" free="1596416" total="1596416" percent="100" />
    </mem>
  </mem-info>
</gc-start>
<allocation-stats totalBytes="131484368" >
  <allocated-bytes non-tlh="0" tlh="131484368" />
  <largest-consumer threadName="Thread-38" threadId="00000000020BEF00" bytes="14993256" />
</allocation-stats>
<gc-op id="7418" type="mark" timems="53.125" contextid="7415" timestamp="2019-08-08T00:01:45.071">
  <trace-info objectcount="640734" scancount="552837" scanbytes="16044356" />
  <finalization candidates="154" enqueued="0" />
  <ownableSynchronizers candidates="22" cleared="0" />
  <references type="soft" candidates="1877" cleared="0" enqueued="0" dynamicThreshold="26" maxThreshold="32" />
  <references type="weak" candidates="6346" cleared="0" enqueued="0" />
  <references type="phantom" candidates="304" cleared="0" enqueued="0" />
  <stringconstants candidates="15953" cleared="0"  />
</gc-op>
<gc-op id="7419" type="sweep" timems="7.618" contextid="7415" timestamp="2019-08-08T00:01:45.079" />
<mem-info id="7420" free="133128208" total="159711232" percent="83">
  <mem type="tenure" free="133128208" total="159711232" percent="83" micro-fragmented="39209" macro-fragmented="0">
    <mem type="soa" free="131531792" total="158114816" percent="83" />
    <mem type="loa" free="1596416" total="1596416" percent="100" />
  </mem>
</mem-info>
<gc-op id="7421" type="compact" timems="48.083" contextid="7415" timestamp="2019-08-08T00:01:45.127">
  <compact-info movecount="18249" movebytes="4116400" reason="compact to aid heap contraction" />
</gc-op>
<heap-resize id="7422" type="expand" space="tenure" amount="327680" count="1" timems="0.031" reason="satisfy allocation request" timestamp="2019-08-08T00:01:45.132" />
<gc-end id="7423" type="global" contextid="7415" durationms="113.750" usertimems="180.932" systemtimems="59.800" timestamp="2019-08-08T00:01:45.132" activeThreads="16">
  <mem-info id="7424" free="133488104" total="160038912" percent="83">
    <mem type="tenure" free="133488104" total="160038912" percent="83">
      <mem type="soa" free="131888616" total="158439424" percent="83" />
      <mem type="loa" free="1599488" total="1599488" percent="100" />
    </mem>
  </mem-info>
</gc-end>
<cycle-end id="7425" type="global" contextid="7415" timestamp="2019-08-08T00:01:45.132" />
  <attribute name="elasticGC enabled" value="1" />
  <attribute name= "numThreadsSpecified" value="16" />
  <attribute name="heapSize specified" value="159711232" />
  <attribute name="Current GC Util" value="53" />
  <attribute name= "Current Time Running" value="224050" />
  <attribute name ="GC Interval" value="0" />
  <attribute name="Target GC Util Change" value ="80.000000" />
  <attribute name="Current GC Util Change" value="53.000000"/>
  <attribute name="Current Error" value="-116.000000" />
  <attribute name="Output H" value="160013416"/>
  <attribute name="Output I" value="1408"/>
  <attribute name="Output T" value="16"/>
  <attribute name= "Current Time Running" value="224050" />
  <attribute name="GC Util currently" value="53" />
  <attribute name="CPU Util currently" value="23957004307" />
<allocation-satisfied id="7426" threadId="00000000020F3600" bytesRequested="16392" />
<af-end id="7427" timestamp="2019-08-08T00:01:45.132" threadId="00000000020F3F88" success="true" />
<exclusive-end id="7428" timestamp="2019-08-08T00:01:45.132" durationms="114.050" />

<exclusive-start id="7429" timestamp="2019-08-08T00:01:45.345" intervalms="326.732">
  <response-info timems="1.765" idlems="1.765" threads="0" lastid="00000000020BB300" lastname="Thread-48" />
</exclusive-start>
<af-start id="7430" threadId="00000000020BBC88" totalBytesRequested="16" timestamp="2019-08-08T00:01:45.345" intervalms="326.742" />
<cycle-start id="7431" type="global" contextid="0" timestamp="2019-08-08T00:01:45.345" intervalms="326.741" />
<gc-start id="7432" type="global" contextid="7431" timestamp="2019-08-08T00:01:45.345">
  <mem-info id="7433" free="1599488" total="160038912" percent="0">
    <mem type="tenure" free="1599488" total="160038912" percent="0">
      <mem type="soa" free="0" total="158439424" percent="0" />
      <mem type="loa" free="1599488" total="1599488" percent="100" />
    </mem>
  </mem-info>
</gc-start>
<allocation-stats totalBytes="131752624" >
  <allocated-bytes non-tlh="0" tlh="131752624" />
  <largest-consumer threadName="Thread-40" threadId="00000000020E8200" bytes="14540400" />
</allocation-stats>
<gc-op id="7434" type="mark" timems="21.483" contextid="7431" timestamp="2019-08-08T00:01:45.367">
  <trace-info objectcount="640237" scancount="552464" scanbytes="16103896" />
  <finalization candidates="154" enqueued="0" />
  <ownableSynchronizers candidates="22" cleared="0" />
  <references type="soft" candidates="1877" cleared="0" enqueued="0" dynamicThreshold="26" maxThreshold="32" />
  <references type="weak" candidates="6346" cleared="0" enqueued="0" />
  <references type="phantom" candidates="306" cleared="0" enqueued="0" />
  <stringconstants candidates="15953" cleared="0"  />
</gc-op>
<gc-op id="7435" type="sweep" timems="3.778" contextid="7431" timestamp="2019-08-08T00:01:45.370" />
<mem-info id="7436" free="133439360" total="160038912" percent="83">
  <mem type="tenure" free="133439360" total="160038912" percent="83" micro-fragmented="17931" macro-fragmented="0">
    <mem type="soa" free="131839872" total="158439424" percent="83" />
    <mem type="loa" free="1599488" total="1599488" percent="100" />
  </mem>
</mem-info>
<gc-op id="7437" type="compact" timems="31.863" contextid="7431" timestamp="2019-08-08T00:01:45.402">
  <compact-info movecount="17763" movebytes="4151096" reason="compact to aid heap contraction" />
</gc-op>
<heap-resize id="7438" type="expand" space="tenure" amount="327680" count="1" timems="0.024" reason="satisfy allocation request" timestamp="2019-08-08T00:01:45.403" />
<gc-end id="7439" type="global" contextid="7431" durationms="58.059" usertimems="121.999" systemtimems="35.184" timestamp="2019-08-08T00:01:45.403" activeThreads="16">
  <mem-info id="7440" free="133781576" total="160366592" percent="83">
    <mem type="tenure" free="133781576" total="160366592" percent="83">
      <mem type="soa" free="132177992" total="158763008" percent="83" />
      <mem type="loa" free="1603584" total="1603584" percent="100" />
    </mem>
  </mem-info>
</gc-end>
<cycle-end id="7441" type="global" contextid="7431" timestamp="2019-08-08T00:01:45.403" />
  <attribute name="elasticGC enabled" value="1" />
  <attribute name= "numThreadsSpecified" value="16" />
  <attribute name="heapSize specified" value="160038912" />
  <attribute name="Current GC Util" value="60" />
  <attribute name= "Current Time Running" value="224325" />
  <attribute name ="GC Interval" value="0" />
  <attribute name="Target GC Util Change" value ="80.000000" />
  <attribute name="Current GC Util Change" value="60.000000"/>
  <attribute name="Current Error" value="-206.000000" />
  <attribute name="Output H" value="160340680"/>
  <attribute name="Output I" value="944"/>
  <attribute name="Output T" value="16"/>
  <attribute name= "Current Time Running" value="224325" />
  <attribute name="GC Util currently" value="60" />
  <attribute name="CPU Util currently" value="36172459250" />
<allocation-satisfied id="7442" threadId="00000000020BB300" bytesRequested="16" />
<af-end id="7443" timestamp="2019-08-08T00:01:45.403" threadId="00000000020BBC88" success="true" />
<exclusive-end id="7444" timestamp="2019-08-08T00:01:45.403" durationms="58.470" />

<exclusive-start id="7445" timestamp="2019-08-08T00:01:45.762" intervalms="417.154">
  <response-info timems="1.582" idlems="1.054" threads="2" lastid="00000000020FE200" lastname="Thread-47" />
</exclusive-start>
<af-start id="7446" threadId="00000000020BF888" totalBytesRequested="16392" timestamp="2019-08-08T00:01:45.762" intervalms="417.204" />
<cycle-start id="7447" type="global" contextid="0" timestamp="2019-08-08T00:01:45.762" intervalms="417.209" />
<gc-start id="7448" type="global" contextid="7447" timestamp="2019-08-08T00:01:45.762">
  <mem-info id="7449" free="1603584" total="160366592" percent="0">
    <mem type="tenure" free="1603584" total="160366592" percent="0">
      <mem type="soa" free="0" total="158763008" percent="0" />
      <mem type="loa" free="1603584" total="1603584" percent="100" />
    </mem>
  </mem-info>
</gc-start>
<allocation-stats totalBytes="132053672" >
  <allocated-bytes non-tlh="0" tlh="132053672" />
  <largest-consumer threadName="Thread-51" threadId="0000000002102A00" bytes="14976880" />
</allocation-stats>
<gc-op id="7450" type="mark" timems="24.845" contextid="7447" timestamp="2019-08-08T00:01:45.787">
  <trace-info objectcount="638624" scancount="551071" scanbytes="15959832" />
  <finalization candidates="154" enqueued="0" />
  <ownableSynchronizers candidates="22" cleared="0" />
  <references type="soft" candidates="1877" cleared="0" enqueued="0" dynamicThreshold="26" maxThreshold="32" />
  <references type="weak" candidates="6346" cleared="0" enqueued="0" />
  <references type="phantom" candidates="304" cleared="0" enqueued="0" />
  <stringconstants candidates="15953" cleared="0"  />
</gc-op>
<gc-op id="7451" type="sweep" timems="6.728" contextid="7447" timestamp="2019-08-08T00:01:45.794" />
<mem-info id="7452" free="134406360" total="160366592" percent="83">
  <mem type="tenure" free="134406360" total="160366592" percent="83" micro-fragmented="69481" macro-fragmented="0">
    <mem type="soa" free="132802776" total="158763008" percent="83" />
    <mem type="loa" free="1603584" total="1603584" percent="100" />
  </mem>
</mem-info>
<gc-op id="7453" type="compact" timems="101.166" contextid="7447" timestamp="2019-08-08T00:01:45.895">
  <compact-info movecount="16160" movebytes="3520864" reason="compact to aid heap contraction" />
</gc-op>
<heap-resize id="7454" type="expand" space="tenure" amount="327680" count="1" timems="0.028" reason="satisfy allocation request" timestamp="2019-08-08T00:01:45.899" />
<gc-end id="7455" type="global" contextid="7447" durationms="136.511" usertimems="132.051" systemtimems="16.166" timestamp="2019-08-08T00:01:45.899" activeThreads="16">
  <mem-info id="7456" free="134740288" total="160694272" percent="83">
    <mem type="tenure" free="134740288" total="160694272" percent="83">
      <mem type="soa" free="133133632" total="159087616" percent="83" />
      <mem type="loa" free="1606656" total="1606656" percent="100" />
    </mem>
  </mem-info>
</gc-end>
<cycle-end id="7457" type="global" contextid="7447" timestamp="2019-08-08T00:01:45.899" />
  <attribute name="elasticGC enabled" value="1" />
  <attribute name= "numThreadsSpecified" value="16" />
  <attribute name="heapSize specified" value="160366592" />
  <attribute name="Current GC Util" value="23" />
  <attribute name= "Current Time Running" value="224818" />
  <attribute name ="GC Interval" value="0" />
  <attribute name="Target GC Util Change" value ="80.000000" />
  <attribute name="Current GC Util Change" value="23.000000"/>
  <attribute name="Current Error" value="57.000000" />
  <attribute name="Output H" value="160669568"/>
  <attribute name="Output I" value="2304"/>
  <attribute name="Output T" value="16"/>
  <attribute name= "Current Time Running" value="224818" />
  <attribute name="GC Util currently" value="23" />
  <attribute name="CPU Util currently" value="11390445590" />
<allocation-satisfied id="7458" threadId="00000000020BEF00" bytesRequested="16392" />
<af-end id="7459" timestamp="2019-08-08T00:01:45.899" threadId="00000000020BF888" success="true" />
<exclusive-end id="7460" timestamp="2019-08-08T00:01:45.899" durationms="136.879" />

<exclusive-start id="7461" timestamp="2019-08-08T00:01:46.028" intervalms="266.389">
  <response-info timems="0.100" idlems="0.100" threads="0" lastid="00000000020E0A00" lastname="Thread-37" />
</exclusive-start>
<af-start id="7462" threadId="00000000020E1388" totalBytesRequested="2056" timestamp="2019-08-08T00:01:46.028" intervalms="266.318" />
<cycle-start id="7463" type="global" contextid="0" timestamp="2019-08-08T00:01:46.028" intervalms="266.304" />
<gc-start id="7464" type="global" contextid="7463" timestamp="2019-08-08T00:01:46.028">
  <mem-info id="7465" free="1606656" total="160694272" percent="0">
    <mem type="tenure" free="1606656" total="160694272" percent="0">
      <mem type="soa" free="0" total="159087616" percent="0" />
      <mem type="loa" free="1606656" total="1606656" percent="100" />
    </mem>
  </mem-info>
</gc-start>
<allocation-stats totalBytes="133029688" >
  <allocated-bytes non-tlh="0" tlh="133029688" />
  <largest-consumer threadName="Thread-50" threadId="00000000020EFA00" bytes="17393392" />
</allocation-stats>
<gc-op id="7466" type="mark" timems="11.176" contextid="7463" timestamp="2019-08-08T00:01:46.040">
  <trace-info objectcount="640249" scancount="552386" scanbytes="16108608" />
  <finalization candidates="154" enqueued="0" />
  <ownableSynchronizers candidates="22" cleared="0" />
  <references type="soft" candidates="1877" cleared="0" enqueued="0" dynamicThreshold="26" maxThreshold="32" />
  <references type="weak" candidates="6346" cleared="0" enqueued="0" />
  <references type="phantom" candidates="304" cleared="0" enqueued="0" />
  <stringconstants candidates="15953" cleared="0"  />
</gc-op>
<gc-op id="7467" type="sweep" timems="2.196" contextid="7463" timestamp="2019-08-08T00:01:46.042" />
<mem-info id="7468" free="133918080" total="160694272" percent="83">
  <mem type="tenure" free="133918080" total="160694272" percent="83" micro-fragmented="76018" macro-fragmented="0">
    <mem type="soa" free="132311424" total="159087616" percent="83" />
    <mem type="loa" free="1606656" total="1606656" percent="100" />
  </mem>
</mem-info>
<gc-op id="7469" type="compact" timems="81.927" contextid="7463" timestamp="2019-08-08T00:01:46.124">
  <compact-info movecount="35601" movebytes="5930032" reason="compact to aid heap contraction" />
</gc-op>
<heap-resize id="7470" type="expand" space="tenure" amount="327680" count="1" timems="0.028" reason="satisfy allocation request" timestamp="2019-08-08T00:01:46.126" />
<gc-end id="7471" type="global" contextid="7463" durationms="102.968" usertimems="145.964" systemtimems="9.731" timestamp="2019-08-08T00:01:46.131" activeThreads="16">
  <mem-info id="7472" free="134281472" total="161021952" percent="83">
    <mem type="tenure" free="134281472" total="161021952" percent="83">
      <mem type="soa" free="132671744" total="159412224" percent="83" />
      <mem type="loa" free="1609728" total="1609728" percent="100" />
    </mem>
  </mem-info>
</gc-end>
<cycle-end id="7473" type="global" contextid="7463" timestamp="2019-08-08T00:01:46.132" />
  <attribute name="elasticGC enabled" value="1" />
  <attribute name= "numThreadsSpecified" value="16" />
  <attribute name="heapSize specified" value="160694272" />
  <attribute name="Current GC Util" value="35" />
  <attribute name= "Current Time Running" value="225047" />
  <attribute name ="GC Interval" value="0" />
  <attribute name="Target GC Util Change" value ="80.000000" />
  <attribute name="Current GC Util Change" value="35.000000"/>
  <attribute name="Current Error" value="-438.000000" />
  <attribute name="Output H" value="160994968"/>
  <attribute name="Output I" value="200"/>
  <attribute name="Output T" value="16"/>
  <attribute name= "Current Time Running" value="225047" />
  <attribute name="GC Util currently" value="35" />
  <attribute name="CPU Util currently" value="14053948519" />
<allocation-satisfied id="7474" threadId="00000000020E0A00" bytesRequested="2056" />
<af-end id="7475" timestamp="2019-08-08T00:01:46.132" threadId="00000000020E1388" success="true" />
<exclusive-end id="7476" timestamp="2019-08-08T00:01:46.132" durationms="103.288" />

<exclusive-start id="7477" timestamp="2019-08-08T00:01:46.320" intervalms="291.478">
  <response-info timems="0.375" idlems="0.214" threads="1" lastid="00000000020D5600" lastname="Thread-49" />
</exclusive-start>
<af-start id="7478" threadId="000000000210E688" totalBytesRequested="48" timestamp="2019-08-08T00:01:46.320" intervalms="291.467" />
<cycle-start id="7479" type="global" contextid="0" timestamp="2019-08-08T00:01:46.320" intervalms="291.465" />
<gc-start id="7480" type="global" contextid="7479" timestamp="2019-08-08T00:01:46.320">
  <mem-info id="7481" free="1609728" total="161021952" percent="0">
    <mem type="tenure" free="1609728" total="161021952" percent="0">
      <mem type="soa" free="0" total="159412224" percent="0" />
      <mem type="loa" free="1609728" total="1609728" percent="100" />
    </mem>
  </mem-info>
</gc-start>
<allocation-stats totalBytes="132587464" >
  <allocated-bytes non-tlh="0" tlh="132587464" />
  <largest-consumer threadName="Thread-49" threadId="00000000020D5600" bytes="12970904" />
</allocation-stats>
<gc-op id="7482" type="mark" timems="59.574" contextid="7479" timestamp="2019-08-08T00:01:46.382">
  <trace-info objectcount="639957" scancount="552029" scanbytes="16025496" />
  <finalization candidates="154" enqueued="0" />
  <ownableSynchronizers candidates="22" cleared="0" />
  <references type="soft" candidates="1877" cleared="0" enqueued="0" dynamicThreshold="26" maxThreshold="32" />
  <references type="weak" candidates="6347" cleared="0" enqueued="0" />
  <references type="phantom" candidates="305" cleared="0" enqueued="0" />
  <stringconstants candidates="15953" cleared="0"  />
</gc-op>
<gc-op id="7483" type="sweep" timems="13.775" contextid="7479" timestamp="2019-08-08T00:01:46.396" />
<mem-info id="7484" free="134384328" total="161021952" percent="83">
  <mem type="tenure" free="134384328" total="161021952" percent="83" micro-fragmented="29247" macro-fragmented="0">
    <mem type="soa" free="132774600" total="159412224" percent="83" />
    <mem type="loa" free="1609728" total="1609728" percent="100" />
  </mem>
</mem-info>
<gc-op id="7485" type="compact" timems="129.854" contextid="7479" timestamp="2019-08-08T00:01:46.526">
  <compact-info movecount="17474" movebytes="4170272" reason="compact to aid heap contraction" />
</gc-op>
<heap-resize id="7486" type="expand" space="tenure" amount="327680" count="1" timems="0.038" reason="satisfy allocation request" timestamp="2019-08-08T00:01:46.589" />
<gc-end id="7487" type="global" contextid="7479" durationms="269.109" usertimems="306.933" systemtimems="110.872" timestamp="2019-08-08T00:01:46.589" activeThreads="16">
  <mem-info id="7488" free="134744648" total="161349632" percent="83">
    <mem type="tenure" free="134744648" total="161349632" percent="83">
      <mem type="soa" free="133131848" total="159736832" percent="83" />
      <mem type="loa" free="1612800" total="1612800" percent="100" />
    </mem>
  </mem-info>
</gc-end>
<cycle-end id="7489" type="global" contextid="7479" timestamp="2019-08-08T00:01:46.589" />
  <attribute name="elasticGC enabled" value="1" />
  <attribute name= "numThreadsSpecified" value="16" />
  <attribute name="heapSize specified" value="161021952" />
  <attribute name="Current GC Util" value="34" />
  <attribute name= "Current Time Running" value="225465" />
  <attribute name ="GC Interval" value="0" />
  <attribute name="Target GC Util Change" value ="80.000000" />
  <attribute name="Current GC Util Change" value="34.000000"/>
  <attribute name="Current Error" value="-212.000000" />
  <attribute name="Output H" value="161323688"/>
  <attribute name="Output I" value="912"/>
  <attribute name="Output T" value="16"/>
  <attribute name= "Current Time Running" value="225465" />
  <attribute name="GC Util currently" value="34" />
  <attribute name="CPU Util currently" value="7894580190" />
<allocation-satisfied id="7490" threadId="000000000210DD00" bytesRequested="48" />
<af-end id="7491" timestamp="2019-08-08T00:01:46.589" threadId="000000000210E688" success="true" />
<exclusive-end id="7492" timestamp="2019-08-08T00:01:46.589" durationms="269.341" />

<exclusive-start id="7493" timestamp="2019-08-08T00:01:46.710" intervalms="390.209">
  <response-info timems="0.806" idlems="0.806" threads="0" lastid="00000000020EFA00" lastname="Thread-50" />
</exclusive-start>
<af-start id="7494" threadId="00000000020F0388" totalBytesRequested="2056" timestamp="2019-08-08T00:01:46.710" intervalms="390.238" />
<cycle-start id="7495" type="global" contextid="0" timestamp="2019-08-08T00:01:46.710" intervalms="390.247" />
<gc-start id="7496" type="global" contextid="7495" timestamp="2019-08-08T00:01:46.710">
  <mem-info id="7497" free="1612800" total="161349632" percent="0">
    <mem type="tenure" free="1612800" total="161349632" percent="0">
      <mem type="soa" free="0" total="159736832" percent="0" />
      <mem type="loa" free="1612800" total="1612800" percent="100" />
    </mem>
  </mem-info>
</gc-start>
<allocation-stats totalBytes="132931296" >
  <allocated-bytes non-tlh="32776" tlh="132898520" />
  <largest-consumer threadName="Thread-42" threadId="00000000020C2B00" bytes="13804848" />
</allocation-stats>
<gc-op id="7498" type="mark" timems="36.181" contextid="7495" timestamp="2019-08-08T00:01:46.746">
  <trace-info objectcount="638978" scancount="551262" scanbytes="16069688" />
  <finalization candidates="154" enqueued="0" />
  <ownableSynchronizers candidates="22" cleared="0" />
  <references type="soft" candidates="1877" cleared="0" enqueued="0" dynamicThreshold="26" maxThreshold="32" />
  <references type="weak" candidates="6346" cleared="0" enqueued="0" />
  <references type="phantom" candidates="307" cleared="0" enqueued="0" />
  <stringconstants candidates="15953" cleared="0"  />
</gc-op>
<gc-op id="7499" type="sweep" timems="10.453" contextid="7495" timestamp="2019-08-08T00:01:46.757" />
<mem-info id="7500" free="134781080" total="161349632" percent="83">
  <mem type="tenure" free="134781080" total="161349632" percent="83" micro-fragmented="40072" macro-fragmented="0">
    <mem type="soa" free="133168280" total="159736832" percent="83" />
    <mem type="loa" free="1612800" total="1612800" percent="100" />
  </mem>
</mem-info>
<gc-op id="7501" type="compact" timems="90.149" contextid="7495" timestamp="2019-08-08T00:01:46.847">
  <compact-info movecount="16515" movebytes="4145656" reason="compact to aid heap contraction" />
</gc-op>
<heap-resize id="7502" type="expand" space="tenure" amount="327680" count="1" timems="0.023" reason="satisfy allocation request" timestamp="2019-08-08T00:01:46.849" />
<gc-end id="7503" type="global" contextid="7495" durationms="139.287" usertimems="208.246" systemtimems="33.128" timestamp="2019-08-08T00:01:46.849" activeThreads="16">
  <mem-info id="7504" free="135114360" total="161677312" percent="83">
    <mem type="tenure" free="135114360" total="161677312" percent="83">
      <mem type="soa" free="133498488" total="160061440" percent="83" />
      <mem type="loa" free="1615872" total="1615872" percent="100" />
    </mem>
  </mem-info>
</gc-end>
<cycle-end id="7505" type="global" contextid="7495" timestamp="2019-08-08T00:01:46.850" />
  <attribute name="elasticGC enabled" value="1" />
  <attribute name= "numThreadsSpecified" value="16" />
  <attribute name="heapSize specified" value="161349632" />
  <attribute name="Current GC Util" value="30" />
  <attribute name= "Current Time Running" value="225770" />
  <attribute name ="GC Interval" value="0" />
  <attribute name="Target GC Util Change" value ="80.000000" />
  <attribute name="Current GC Util Change" value="30.000000"/>
  <attribute name="Current Error" value="50.000000" />
  <attribute name="Output H" value="161652576"/>
  <attribute name="Output I" value="2272"/>
  <attribute name="Output T" value="16"/>
  <attribute name= "Current Time Running" value="225770" />
  <attribute name="GC Util currently" value="30" />
  <attribute name="CPU Util currently" value="12784409399" />
<allocation-satisfied id="7506" threadId="00000000020EFA00" bytesRequested="2056" />
<af-end id="7507" timestamp="2019-08-08T00:01:46.850" threadId="00000000020F0388" success="true" />
<exclusive-end id="7508" timestamp="2019-08-08T00:01:46.850" durationms="139.581" />

<exclusive-start id="7509" timestamp="2019-08-08T00:01:46.971" intervalms="260.549">
  <response-info timems="11.566" idlems="11.566" threads="0" lastid="0000000002111900" lastname="Thread-45" />
</exclusive-start>
<af-start id="7510" threadId="0000000002112288" totalBytesRequested="32776" timestamp="2019-08-08T00:01:46.971" intervalms="260.525" />
<cycle-start id="7511" type="global" contextid="0" timestamp="2019-08-08T00:01:46.971" intervalms="260.516" />
<gc-start id="7512" type="global" contextid="7511" timestamp="2019-08-08T00:01:46.971">
  <mem-info id="7513" free="1615872" total="161677312" percent="0">
    <mem type="tenure" free="1615872" total="161677312" percent="0">
      <mem type="soa" free="0" total="160061440" percent="0" />
      <mem type="loa" free="1615872" total="1615872" percent="100" />
    </mem>
  </mem-info>
</gc-start>
<allocation-stats totalBytes="133285600" >
  <allocated-bytes non-tlh="0" tlh="133285600" />
  <largest-consumer threadName="Thread-51" threadId="0000000002102A00" bytes="13534984" />
</allocation-stats>
<gc-op id="7514" type="mark" timems="20.165" contextid="7511" timestamp="2019-08-08T00:01:46.991">
  <trace-info objectcount="638762" scancount="551021" scanbytes="16036072" />
  <finalization candidates="154" enqueued="0" />
  <ownableSynchronizers candidates="22" cleared="0" />
  <references type="soft" candidates="1877" cleared="0" enqueued="0" dynamicThreshold="26" maxThreshold="32" />
  <references type="weak" candidates="6346" cleared="0" enqueued="0" />
  <references type="phantom" candidates="304" cleared="0" enqueued="0" />
  <stringconstants candidates="15953" cleared="0"  />
</gc-op>
<gc-op id="7515" type="sweep" timems="6.081" contextid="7511" timestamp="2019-08-08T00:01:46.997" />
<mem-info id="7516" free="135185360" total="161677312" percent="83">
  <mem type="tenure" free="135185360" total="161677312" percent="83" micro-fragmented="65144" macro-fragmented="0">
    <mem type="soa" free="133569488" total="160061440" percent="83" />
    <mem type="loa" free="1615872" total="1615872" percent="100" />
  </mem>
</mem-info>
<gc-op id="7517" type="compact" timems="33.872" contextid="7511" timestamp="2019-08-08T00:01:47.031">
  <compact-info movecount="16292" movebytes="4057288" reason="compact to aid heap contraction" />
</gc-op>
<heap-resize id="7518" type="expand" space="tenure" amount="327680" count="1" timems="0.019" reason="satisfy allocation request" timestamp="2019-08-08T00:01:47.032" />
<gc-end id="7519" type="global" contextid="7511" durationms="61.494" usertimems="157.975" systemtimems="28.171" timestamp="2019-08-08T00:01:47.032" activeThreads="16">
  <mem-info id="7520" free="135530072" total="162004992" percent="83">
    <mem type="tenure" free="135530072" total="162004992" percent="83">
      <mem type="soa" free="133910104" total="160385024" percent="83" />
      <mem type="loa" free="1619968" total="1619968" percent="100" />
    </mem>
  </mem-info>
</gc-end>
<cycle-end id="7521" type="global" contextid="7511" timestamp="2019-08-08T00:01:47.032" />
  <attribute name="elasticGC enabled" value="1" />
  <attribute name= "numThreadsSpecified" value="16" />
  <attribute name="heapSize specified" value="161677312" />
  <attribute name="Current GC Util" value="50" />
  <attribute name= "Current Time Running" value="225954" />
  <attribute name ="GC Interval" value="0" />
  <attribute name="Target GC Util Change" value ="80.000000" />
  <attribute name="Current GC Util Change" value="50.000000"/>
  <attribute name="Current Error" value="-220.000000" />
  <attribute name="Output H" value="161979008"/>
  <attribute name="Output I" value="872"/>
  <attribute name="Output T" value="16"/>
  <attribute name= "Current Time Running" value="225954" />
  <attribute name="GC Util currently" value="50" />
  <attribute name="CPU Util currently" value="34004631027" />
<allocation-satisfied id="7522" threadId="0000000002111900" bytesRequested="32776" />
<af-end id="7523" timestamp="2019-08-08T00:01:47.032" threadId="0000000002112288" success="true" />
<exclusive-end id="7524" timestamp="2019-08-08T00:01:47.032" durationms="61.764" />

<exclusive-start id="7525" timestamp="2019-08-08T00:01:47.341" intervalms="370.691">
  <response-info timems="8.144" idlems="5.850" threads="2" lastid="00000000020E0A00" lastname="Thread-37" />
</exclusive-start>
<af-start id="7526" threadId="00000000020C3488" totalBytesRequested="2056" timestamp="2019-08-08T00:01:47.341" intervalms="370.844" />
<cycle-start id="7527" type="global" contextid="0" timestamp="2019-08-08T00:01:47.342" intervalms="370.888" />
<gc-start id="7528" type="global" contextid="7527" timestamp="2019-08-08T00:01:47.342">
  <mem-info id="7529" free="1619968" total="162004992" percent="0">
    <mem type="tenure" free="1619968" total="162004992" percent="0">
      <mem type="soa" free="0" total="160385024" percent="0" />
      <mem type="loa" free="1619968" total="1619968" percent="100" />
    </mem>
  </mem-info>
</gc-start>
<allocation-stats totalBytes="133878960" >
  <allocated-bytes non-tlh="0" tlh="133878960" />
  <largest-consumer threadName="Thread-45" threadId="0000000002111900" bytes="16278960" />
</allocation-stats>
<gc-op id="7530" type="mark" timems="135.785" contextid="7527" timestamp="2019-08-08T00:01:47.478">
  <trace-info objectcount="638894" scancount="551099" scanbytes="16038920" />
  <finalization candidates="154" enqueued="0" />
  <ownableSynchronizers candidates="22" cleared="0" />
  <references type="soft" candidates="1877" cleared="0" enqueued="0" dynamicThreshold="26" maxThreshold="32" />
  <references type="weak" candidates="6346" cleared="0" enqueued="0" />
  <references type="phantom" candidates="303" cleared="0" enqueued="0" />
  <stringconstants candidates="15953" cleared="0"  />
</gc-op>
<gc-op id="7531" type="sweep" timems="15.956" contextid="7527" timestamp="2019-08-08T00:01:47.494" />
<mem-info id="7532" free="135490248" total="162004992" percent="83">
  <mem type="tenure" free="135490248" total="162004992" percent="83" micro-fragmented="93479" macro-fragmented="0">
    <mem type="soa" free="133870280" total="160385024" percent="83" />
    <mem type="loa" free="1619968" total="1619968" percent="100" />
  </mem>
</mem-info>
<gc-op id="7533" type="compact" timems="30.292" contextid="7527" timestamp="2019-08-08T00:01:47.524">
  <compact-info movecount="16411" movebytes="4048080" reason="compact to aid heap contraction" />
</gc-op>
<heap-resize id="7534" type="expand" space="tenure" amount="327680" count="1" timems="0.024" reason="satisfy allocation request" timestamp="2019-08-08T00:01:47.525" />
<gc-end id="7535" type="global" contextid="7527" durationms="183.274" usertimems="400.345" systemtimems="117.319" timestamp="2019-08-08T00:01:47.525" activeThreads="16">
  <mem-info id="7536" free="135850176" total="162332672" percent="83">
    <mem type="tenure" free="135850176" total="162332672" percent="83">
      <mem type="soa" free="134227136" total="160709632" percent="83" />
      <mem type="loa" free="1623040" total="1623040" percent="100" />
    </mem>
  </mem-info>
</gc-end>
<cycle-end id="7537" type="global" contextid="7527" timestamp="2019-08-08T00:01:47.525" />
  <attribute name="elasticGC enabled" value="1" />
  <attribute name= "numThreadsSpecified" value="16" />
  <attribute name="heapSize specified" value="162004992" />
  <attribute name="Current GC Util" value="135" />
  <attribute name= "Current Time Running" value="226447" />
  <attribute name ="GC Interval" value="0" />
  <attribute name="Target GC Util Change" value ="80.000000" />
  <attribute name="Current GC Util Change" value="135.000000"/>
  <attribute name="Current Error" value="-196.000000" />
  <attribute name="Output H" value="162306800"/>
  <attribute name="Output I" value="992"/>
  <attribute name="Output T" value="16"/>
  <attribute name= "Current Time Running" value="226447" />
  <attribute name="GC Util currently" value="135" />
  <attribute name="CPU Util currently" value="38021762650" />
<allocation-satisfied id="7538" threadId="00000000020C2B00" bytesRequested="2056" />
<af-end id="7539" timestamp="2019-08-08T00:01:47.525" threadId="00000000020C3488" success="true" />
<exclusive-end id="7540" timestamp="2019-08-08T00:01:47.525" durationms="183.759" />

<exclusive-start id="7541" timestamp="2019-08-08T00:01:47.627" intervalms="286.036">
  <response-info timems="3.071" idlems="3.070" threads="2" lastid="00000000020BB300" lastname="Thread-48" />
</exclusive-start>
<af-start id="7542" threadId="00000000020FEB88" totalBytesRequested="56" timestamp="2019-08-08T00:01:47.627" intervalms="285.896" />
<cycle-start id="7543" type="global" contextid="0" timestamp="2019-08-08T00:01:47.627" intervalms="285.862" />
<gc-start id="7544" type="global" contextid="7543" timestamp="2019-08-08T00:01:47.627">
  <mem-info id="7545" free="1623040" total="162332672" percent="0">
    <mem type="tenure" free="1623040" total="162332672" percent="0">
      <mem type="soa" free="0" total="160709632" percent="0" />
      <mem type="loa" free="1623040" total="1623040" percent="100" />
    </mem>
  </mem-info>
</gc-start>
<allocation-stats totalBytes="134107680" >
  <allocated-bytes non-tlh="0" tlh="134107680" />
  <largest-consumer threadName="Thread-45" threadId="0000000002111900" bytes="15505440" />
</allocation-stats>
<gc-op id="7546" type="mark" timems="174.653" contextid="7543" timestamp="2019-08-08T00:01:47.802">
  <trace-info objectcount="638001" scancount="550292" scanbytes="15911924" />
  <finalization candidates="154" enqueued="0" />
  <ownableSynchronizers candidates="22" cleared="0" />
  <references type="soft" candidates="1877" cleared="0" enqueued="0" dynamicThreshold="26" maxThreshold="32" />
  <references type="weak" candidates="6346" cleared="0" enqueued="0" />
  <references type="phantom" candidates="302" cleared="0" enqueued="0" />
  <stringconstants candidates="15953" cleared="0"  />
</gc-op>
<gc-op id="7547" type="sweep" timems="27.041" contextid="7543" timestamp="2019-08-08T00:01:47.829" />
<mem-info id="7548" free="135986200" total="162332672" percent="83">
  <mem type="tenure" free="135986200" total="162332672" percent="83" micro-fragmented="70102" macro-fragmented="0">
    <mem type="soa" free="134363160" total="160709632" percent="83" />
    <mem type="loa" free="1623040" total="1623040" percent="100" />
  </mem>
</mem-info>
<gc-op id="7549" type="compact" timems="32.530" contextid="7543" timestamp="2019-08-08T00:01:47.862">
  <compact-info movecount="15512" movebytes="3890272" reason="compact to aid heap contraction" />
</gc-op>
<heap-resize id="7550" type="expand" space="tenure" amount="327680" count="1" timems="0.024" reason="satisfy allocation request" timestamp="2019-08-08T00:01:47.863" />
<gc-end id="7551" type="global" contextid="7543" durationms="235.441" usertimems="462.449" systemtimems="175.318" timestamp="2019-08-08T00:01:47.863" activeThreads="16">
  <mem-info id="7552" free="136335016" total="162660352" percent="83">
    <mem type="tenure" free="136335016" total="162660352" percent="83">
      <mem type="soa" free="134708904" total="161034240" percent="83" />
      <mem type="loa" free="1626112" total="1626112" percent="100" />
    </mem>
  </mem-info>
</gc-end>
<cycle-end id="7553" type="global" contextid="7543" timestamp="2019-08-08T00:01:47.863" />
  <attribute name="elasticGC enabled" value="1" />
  <attribute name= "numThreadsSpecified" value="16" />
  <attribute name="heapSize specified" value="162332672" />
  <attribute name="Current GC Util" value="52" />
  <attribute name= "Current Time Running" value="226785" />
  <attribute name ="GC Interval" value="0" />
  <attribute name="Target GC Util Change" value ="80.000000" />
  <attribute name="Current GC Util Change" value="52.000000"/>
  <attribute name="Current Error" value="28.000000" />
  <attribute name="Output H" value="162635520"/>
  <attribute name="Output I" value="2160"/>
  <attribute name="Output T" value="16"/>
  <attribute name= "Current Time Running" value="226785" />
  <attribute name="GC Util currently" value="52" />
  <attribute name="CPU Util currently" value="35406478794" />
<allocation-satisfied id="7554" threadId="00000000020FE200" bytesRequested="56" />
<af-end id="7555" timestamp="2019-08-08T00:01:47.863" threadId="00000000020FEB88" success="true" />
<exclusive-end id="7556" timestamp="2019-08-08T00:01:47.863" durationms="235.753" />

<exclusive-start id="7557" timestamp="2019-08-08T00:01:48.074" intervalms="447.160">
  <response-info timems="6.218" idlems="6.218" threads="0" lastid="00000000020BB300" lastname="Thread-48" />
</exclusive-start>
<af-start id="7558" threadId="00000000020BBC88" totalBytesRequested="2056" timestamp="2019-08-08T00:01:48.075" intervalms="447.178" />
<cycle-start id="7559" type="global" contextid="0" timestamp="2019-08-08T00:01:48.075" intervalms="447.181" />
<gc-start id="7560" type="global" contextid="7559" timestamp="2019-08-08T00:01:48.075">
  <mem-info id="7561" free="1626112" total="162660352" percent="0">
    <mem type="tenure" free="1626112" total="162660352" percent="0">
      <mem type="soa" free="0" total="161034240" percent="0" />
      <mem type="loa" free="1626112" total="1626112" percent="100" />
    </mem>
  </mem-info>
</gc-start>
<allocation-stats totalBytes="134674736" >
  <allocated-bytes non-tlh="0" tlh="134674736" />
  <largest-consumer threadName="Thread-50" threadId="00000000020EFA00" bytes="17512456" />
</allocation-stats>
<gc-op id="7562" type="mark" timems="45.271" contextid="7559" timestamp="2019-08-08T00:01:48.121">
  <trace-info objectcount="638789" scancount="550864" scanbytes="16066332" />
  <finalization candidates="154" enqueued="0" />
  <ownableSynchronizers candidates="22" cleared="0" />
  <references type="soft" candidates="1877" cleared="0" enqueued="0" dynamicThreshold="26" maxThreshold="32" />
  <references type="weak" candidates="6346" cleared="0" enqueued="0" />
  <references type="phantom" candidates="304" cleared="0" enqueued="0" />
  <stringconstants candidates="15953" cleared="0"  />
</gc-op>
<gc-op id="7563" type="sweep" timems="4.859" contextid="7559" timestamp="2019-08-08T00:01:48.125" />
<mem-info id="7564" free="135926920" total="162660352" percent="83">
  <mem type="tenure" free="135926920" total="162660352" percent="83" micro-fragmented="75659" macro-fragmented="0">
    <mem type="soa" free="134300808" total="161034240" percent="83" />
    <mem type="loa" free="1626112" total="1626112" percent="100" />
  </mem>
</mem-info>
<gc-op id="7565" type="compact" timems="41.373" contextid="7559" timestamp="2019-08-08T00:01:48.167">
  <compact-info movecount="16301" movebytes="4227120" reason="compact to aid heap contraction" />
</gc-op>
<heap-resize id="7566" type="expand" space="tenure" amount="327680" count="1" timems="0.020" reason="satisfy allocation request" timestamp="2019-08-08T00:01:48.168" />
<gc-end id="7567" type="global" contextid="7559" durationms="92.531" usertimems="310.701" systemtimems="32.687" timestamp="2019-08-08T00:01:48.168" activeThreads="16">
  <mem-info id="7568" free="136293360" total="162988032" percent="83">
    <mem type="tenure" free="136293360" total="162988032" percent="83">
      <mem type="soa" free="134664176" total="161358848" percent="83" />
      <mem type="loa" free="1629184" total="1629184" percent="100" />
    </mem>
  </mem-info>
</gc-end>
<cycle-end id="7569" type="global" contextid="7559" timestamp="2019-08-08T00:01:48.168" />
  <attribute name="elasticGC enabled" value="1" />
  <attribute name= "numThreadsSpecified" value="16" />
  <attribute name="heapSize specified" value="162660352" />
  <attribute name="Current GC Util" value="65" />
  <attribute name= "Current Time Running" value="227090" />
  <attribute name ="GC Interval" value="0" />
  <attribute name="Target GC Util Change" value ="80.000000" />
  <attribute name="Current GC Util Change" value="65.000000"/>
  <attribute name="Current Error" value="-205.000000" />
  <attribute name="Output H" value="162962120"/>
  <attribute name="Output I" value="944"/>
  <attribute name="Output T" value="16"/>
  <attribute name= "Current Time Running" value="227090" />
  <attribute name="GC Util currently" value="65" />
  <attribute name="CPU Util currently" value="27836025168" />
<allocation-satisfied id="7570" threadId="00000000020BB300" bytesRequested="2056" />
<af-end id="7571" timestamp="2019-08-08T00:01:48.168" threadId="00000000020BBC88" success="true" />
<exclusive-end id="7572" timestamp="2019-08-08T00:01:48.168" durationms="93.479" />

<exclusive-start id="7573" timestamp="2019-08-08T00:01:48.310" intervalms="235.704">
  <response-info timems="0.920" idlems="0.692" threads="5" lastid="00000000020CA300" lastname="Thread-52" />
</exclusive-start>
<af-start id="7574" threadId="00000000020BF888" totalBytesRequested="2056" timestamp="2019-08-08T00:01:48.310" intervalms="235.693" />
<cycle-start id="7575" type="global" contextid="0" timestamp="2019-08-08T00:01:48.310" intervalms="235.688" />
<gc-start id="7576" type="global" contextid="7575" timestamp="2019-08-08T00:01:48.310">
  <mem-info id="7577" free="1629184" total="162988032" percent="0">
    <mem type="tenure" free="1629184" total="162988032" percent="0">
      <mem type="soa" free="0" total="161358848" percent="0" />
      <mem type="loa" free="1629184" total="1629184" percent="100" />
    </mem>
  </mem-info>
</gc-start>
<allocation-stats totalBytes="134561856" >
  <allocated-bytes non-tlh="16392" tlh="134545464" />
  <largest-consumer threadName="Thread-51" threadId="0000000002102A00" bytes="14182816" />
</allocation-stats>
<gc-op id="7578" type="mark" timems="543.501" contextid="7575" timestamp="2019-08-08T00:01:48.854">
  <trace-info objectcount="637640" scancount="549943" scanbytes="15977408" />
  <finalization candidates="154" enqueued="0" />
  <ownableSynchronizers candidates="22" cleared="0" />
  <references type="soft" candidates="1877" cleared="0" enqueued="0" dynamicThreshold="26" maxThreshold="32" />
  <references type="weak" candidates="6346" cleared="0" enqueued="0" />
  <references type="phantom" candidates="305" cleared="0" enqueued="0" />
  <stringconstants candidates="15953" cleared="0"  />
</gc-op>
<gc-op id="7579" type="sweep" timems="79.239" contextid="7575" timestamp="2019-08-08T00:01:48.933" />
<mem-info id="7580" free="136651416" total="162988032" percent="83">
  <mem type="tenure" free="136651416" total="162988032" percent="83" micro-fragmented="22642" macro-fragmented="0">
    <mem type="soa" free="135022232" total="161358848" percent="83" />
    <mem type="loa" free="1629184" total="1629184" percent="100" />
  </mem>
</mem-info>
<gc-op id="7581" type="compact" timems="86.752" contextid="7575" timestamp="2019-08-08T00:01:49.030">
  <compact-info movecount="15175" movebytes="3892544" reason="compact to aid heap contraction" />
</gc-op>
<heap-resize id="7582" type="expand" space="tenure" amount="327680" count="1" timems="0.028" reason="satisfy allocation request" timestamp="2019-08-08T00:01:49.035" />
<gc-end id="7583" type="global" contextid="7575" durationms="724.473" usertimems="619.043" systemtimems="432.820" timestamp="2019-08-08T00:01:49.035" activeThreads="16">
  <mem-info id="7584" free="137005496" total="163315712" percent="83">
    <mem type="tenure" free="137005496" total="163315712" percent="83">
      <mem type="soa" free="135373240" total="161683456" percent="83" />
      <mem type="loa" free="1632256" total="1632256" percent="100" />
    </mem>
  </mem-info>
</gc-end>
<cycle-end id="7585" type="global" contextid="7575" timestamp="2019-08-08T00:01:49.035" />
  <attribute name="elasticGC enabled" value="1" />
  <attribute name= "numThreadsSpecified" value="16" />
  <attribute name="heapSize specified" value="162988032" />
  <attribute name="Current GC Util" value="79" />
  <attribute name= "Current Time Running" value="227953" />
  <attribute name ="GC Interval" value="0" />
  <attribute name="Target GC Util Change" value ="80.000000" />
  <attribute name="Current GC Util Change" value="79.000000"/>
  <attribute name="Current Error" value="59.000000" />
  <attribute name="Output H" value="163291016"/>
  <attribute name="Output I" value="2320"/>
  <attribute name="Output T" value="16"/>
  <attribute name= "Current Time Running" value="227953" />
  <attribute name="GC Util currently" value="79" />
  <attribute name="CPU Util currently" value="13290684891" />
<allocation-satisfied id="7586" threadId="00000000020BEF00" bytesRequested="2056" />
<af-end id="7587" timestamp="2019-08-08T00:01:49.035" threadId="00000000020BF888" success="true" />
<exclusive-end id="7588" timestamp="2019-08-08T00:01:49.036" durationms="725.990" />

===== DaCapo 9.12-MR1 xalan PASSED in 33031 msec =====
</verbosegc>

