
<?xml version="1.0" ?>

<verbosegc xmlns="http://www.ibm.com/j9/verbosegc" version="6fe7bac_CMPRSS">

<gc check installed>
<initialized id="1" timestamp="2019-08-08T10:54:11.539">
  <attribute name="gcPolicy" value="-Xgcpolicy:optthruput" />
  <attribute name="elasticGC enabled" value="1" />
  <attribute name= "numThreadsSpecified" value="0" />
  <attribute name="heapSize specified" value="0" />
  <attribute name="Current GC Util" value="0" />
  <attribute name= "Current Time Running" value="0" />
  <attribute name ="GC Interval" value="0" />
  <attribute name="Target GC Util Change" value ="0.000000" />
  <attribute name="Current GC Util Change" value="0.000000"/>
  <attribute name="Current Error" value="0.000000" />
  <attribute name="Output H" value="0"/>
  <attribute name="Output I" value="0"/>
  <attribute name="Output T" value="0"/>
  <attribute name= "Current Time Running" value="0" />
  <attribute name="GC Util currently" value="0" />
  <attribute name="CPU Util currently" value="0" />
  <attribute name="maxHeapSize" value="0xfa900000" />
  <attribute name="initialHeapSize" value="0x800000" />
  <attribute name="compressedRefs" value="true" />
  <attribute name="compressedRefsDisplacement" value="0x0" />
  <attribute name="compressedRefsShift" value="0x3" />
  <attribute name="pageSize" value="0x1000" />
  <attribute name="pageType" value="not used" />
  <attribute name="requestedPageSize" value="0x1000" />
  <attribute name="requestedPageType" value="not used" />
  <attribute name="gcthreads" value="16" />
  <attribute name="packetListSplit" value="16" />
  <attribute name="cacheListSplit" value="16" />
  <attribute name="splitFreeListSplitAmount" value="2" />
  <attribute name="numaNodes" value="0" />
  <system>
    <attribute name="physicalMemory" value="16815001600" />
    <attribute name="numCPUs" value="16" />
    <attribute name="architecture" value="amd64" />
    <attribute name="os" value="Linux" />
    <attribute name="osVersion" value="4.15.0" />
  </system>
  <vmargs>
    <vmarg name="-Xoptionsfile=/jdk/lib/options.default" />
    <vmarg name="-Xlockword:mode=default,noLockword=java/lang/String,noLockword=java/util/MapEntry,noLockword=java/util/HashMap$Entry,noLockword..." />
    <vmarg name="-Xjcl:jclse29" />
    <vmarg name="-Dcom.ibm.oti.vm.bootstrap.library.path=/jdk/lib/compressedrefs:/jdk/lib" />
    <vmarg name="-Dsun.boot.library.path=/jdk/lib/compressedrefs:/jdk/lib" />
    <vmarg name="-Djava.library.path=/jdk/lib/compressedrefs:/jdk/lib:/usr/lib64:/usr/lib" />
    <vmarg name="-Djava.home=/jdk" />
    <vmarg name="-Duser.dir=/" />
    <vmarg name="-Xgcelastic" />
    <vmarg name="-Xcheck:gc:::elasticGC" />
    <vmarg name="-Xgcpolicy:optthruput" />
    <vmarg name="-verbose:gc" />
    <vmarg name="-Djava.class.path=dacapo-9.12-MR1-bach.jar" />
    <vmarg name="-Dsun.java.command=dacapo-9.12-MR1-bach.jar avrora jython pmd sunflow xalan --size=large" />
    <vmarg name="-Dsun.java.launcher=SUN_STANDARD" />
    <vmarg name="-Dsun.java.launcher.pid=1" />
  </vmargs>
</initialized>

<exclusive-start id="2" timestamp="2019-08-08T10:54:11.790" intervalms="251.244">
  <response-info timems="0.013" idlems="0.013" threads="0" lastid="0000000002035F00" lastname="main" />
</exclusive-start>
<sys-start reason="explicit" id="3" timestamp="2019-08-08T10:54:11.790" intervalms="251.291" />
<cycle-start id="4" type="global" contextid="0" timestamp="2019-08-08T10:54:11.790" intervalms="251.310" />
<gc-start id="5" type="global" contextid="4" timestamp="2019-08-08T10:54:11.790">
  <mem-info id="6" free="2321544" total="8388608" percent="27">
    <mem type="tenure" free="2321544" total="8388608" percent="27">
      <mem type="soa" free="1902728" total="7969792" percent="23" />
      <mem type="loa" free="418816" total="418816" percent="100" />
    </mem>
  </mem-info>
</gc-start>
<allocation-stats totalBytes="6057320" >
  <allocated-bytes non-tlh="455544" tlh="5601776" />
  <largest-consumer threadName="main" threadId="0000000002035F00" bytes="5976896" />
</allocation-stats>
<gc-op id="7" type="mark" timems="13.655" contextid="4" timestamp="2019-08-08T10:54:11.804">
  <trace-info objectcount="17930" scancount="14817" scanbytes="467556" />
  <finalization candidates="14" enqueued="1" />
  <references type="soft" candidates="66" cleared="0" enqueued="0" dynamicThreshold="32" maxThreshold="32" />
  <references type="weak" candidates="553" cleared="411" enqueued="372" />
  <references type="phantom" candidates="99" cleared="41" enqueued="41" />
  <stringconstants candidates="2455" cleared="0"  />
</gc-op>
<gc-op id="8" type="classunload" timems="0.002" contextid="4" timestamp="2019-08-08T10:54:11.804">
  <classunload-info classloadercandidates="6" classloadersunloaded="0" classesunloaded="0" anonymousclassesunloaded="0" quiescems="0.000" setupms="0.002" scanms="0.000" postms="0.000" />
</gc-op>
<gc-op id="9" type="sweep" timems="0.372" contextid="4" timestamp="2019-08-08T10:54:11.804" />
<mem-info id="10" free="7121000" total="8388608" percent="84">
  <mem type="tenure" free="7121000" total="8388608" percent="84" micro-fragmented="222984" macro-fragmented="0">
    <mem type="soa" free="6702184" total="7969792" percent="84" />
    <mem type="loa" free="418816" total="418816" percent="100" />
  </mem>
  <pending-finalizers system="1" default="0" reference="413" classloader="0" />
</mem-info>
<gc-op id="11" type="compact" timems="9.061" contextid="4" timestamp="2019-08-08T10:54:11.813">
  <compact-info movecount="17929" movebytes="1026600" reason="compact to aid heap contraction" />
</gc-op>
<heap-resize id="12" type="expand" space="tenure" amount="131072" count="1" timems="0.014" reason="satisfy allocation request" timestamp="2019-08-08T10:54:11.814" />
<gc-end id="13" type="global" contextid="4" durationms="23.677" usertimems="38.322" systemtimems="6.248" timestamp="2019-08-08T10:54:11.814" activeThreads="16">
  <mem-info id="14" free="7492992" total="8519680" percent="87">
    <mem type="tenure" free="7492992" total="8519680" percent="87">
      <mem type="soa" free="7067008" total="8093696" percent="87" />
      <mem type="loa" free="425984" total="425984" percent="100" />
    </mem>
    <pending-finalizers system="1" default="0" reference="413" classloader="0" />
  </mem-info>
</gc-end>
<cycle-end id="15" type="global" contextid="4" timestamp="2019-08-08T10:54:11.814" />
  <attribute name="elasticGC enabled" value="1" />
  <attribute name= "numThreadsSpecified" value="16" />
  <attribute name="heapSize specified" value="8388608" />
  <attribute name="Current GC Util" value="126" />
  <attribute name= "Current Time Running" value="207" />
  <attribute name ="GC Interval" value="0" />
  <attribute name="Target GC Util Change" value ="80.000000" />
  <attribute name="Current GC Util Change" value="126.000000"/>
  <attribute name="Current Error" value="12.000000" />
  <attribute name="Output H" value="8464304"/>
  <attribute name="Output I" value="2032"/>
  <attribute name="Output T" value="16"/>
  <attribute name= "Current Time Running" value="207" />
  <attribute name="GC Util currently" value="126" />
  <attribute name="CPU Util currently" value="126887819184" />
<sys-end id="16" timestamp="2019-08-08T10:54:11.814" />
<exclusive-end id="17" timestamp="2019-08-08T10:54:11.814" durationms="23.792" />

===== DaCapo 9.12-MR1 avrora starting =====
<exclusive-start id="18" timestamp="2019-08-08T10:54:12.120" intervalms="329.367">
  <response-info timems="0.017" idlems="0.017" threads="0" lastid="0000000002035F00" lastname="main" />
</exclusive-start>
<af-start id="19" threadId="0000000002036888" totalBytesRequested="88" timestamp="2019-08-08T10:54:12.120" intervalms="580.659" />
<cycle-start id="20" type="global" contextid="0" timestamp="2019-08-08T10:54:12.120" intervalms="329.379" />
<gc-start id="21" type="global" contextid="20" timestamp="2019-08-08T10:54:12.120">
  <mem-info id="22" free="425984" total="8519680" percent="5">
    <mem type="tenure" free="425984" total="8519680" percent="5">
      <mem type="soa" free="0" total="8093696" percent="0" />
      <mem type="loa" free="425984" total="425984" percent="100" />
    </mem>
  </mem-info>
</gc-start>
<allocation-stats totalBytes="6991312" >
  <allocated-bytes non-tlh="139776" tlh="6851536" />
  <largest-consumer threadName="main" threadId="0000000002035F00" bytes="6975240" />
</allocation-stats>
<gc-op id="23" type="mark" timems="9.690" contextid="20" timestamp="2019-08-08T10:54:12.129">
  <trace-info objectcount="95624" scancount="89240" scanbytes="2710648" />
  <finalization candidates="13" enqueued="0" />
  <references type="soft" candidates="66" cleared="0" enqueued="0" dynamicThreshold="28" maxThreshold="32" />
  <references type="weak" candidates="185" cleared="42" enqueued="42" />
  <references type="phantom" candidates="70" cleared="13" enqueued="13" />
  <stringconstants candidates="3584" cleared="0"  />
</gc-op>
<gc-op id="24" type="sweep" timems="5.003" contextid="20" timestamp="2019-08-08T10:54:12.135" />
<mem-info id="25" free="4297072" total="8519680" percent="50">
  <mem type="tenure" free="4297072" total="8519680" percent="50" micro-fragmented="521664" macro-fragmented="0">
    <mem type="soa" free="3871088" total="8093696" percent="47" />
    <mem type="loa" free="425984" total="425984" percent="100" />
  </mem>
  <pending-finalizers system="0" default="0" reference="55" classloader="0" />
</mem-info>
<gc-op id="26" type="compact" timems="54.904" contextid="20" timestamp="2019-08-08T10:54:12.189">
  <compact-info movecount="83344" movebytes="3139680" reason="compact to aid heap contraction" />
</gc-op>
<heap-resize id="27" type="expand" space="tenure" amount="131072" count="1" timems="0.017" reason="satisfy allocation request" timestamp="2019-08-08T10:54:12.192" />
<gc-end id="28" type="global" contextid="20" durationms="72.289" usertimems="62.162" systemtimems="17.360" timestamp="2019-08-08T10:54:12.192" activeThreads="16">
  <mem-info id="29" free="5006248" total="8650752" percent="57">
    <mem type="tenure" free="5006248" total="8650752" percent="57">
      <mem type="soa" free="4574120" total="8218624" percent="55" />
      <mem type="loa" free="432128" total="432128" percent="100" />
    </mem>
    <pending-finalizers system="0" default="0" reference="55" classloader="0" />
  </mem-info>
</gc-end>
<cycle-end id="30" type="global" contextid="20" timestamp="2019-08-08T10:54:12.192" />
  <attribute name="elasticGC enabled" value="1" />
  <attribute name= "numThreadsSpecified" value="16" />
  <attribute name="heapSize specified" value="8519680" />
  <attribute name="Current GC Util" value="87" />
  <attribute name= "Current Time Running" value="583" />
  <attribute name ="GC Interval" value="0" />
  <attribute name="Target GC Util Change" value ="80.000000" />
  <attribute name="Current GC Util Change" value="87.000000"/>
  <attribute name="Current Error" value="-152.000000" />
  <attribute name="Output H" value="8595192"/>
  <attribute name="Output I" value="1744"/>
  <attribute name="Output T" value="16"/>
  <attribute name= "Current Time Running" value="583" />
  <attribute name="GC Util currently" value="87" />
  <attribute name="CPU Util currently" value="24" />
<allocation-satisfied id="31" threadId="0000000002035F00" bytesRequested="88" />
<af-end id="32" timestamp="2019-08-08T10:54:12.192" threadId="0000000002036888" success="true" />
<exclusive-end id="33" timestamp="2019-08-08T10:54:12.192" durationms="72.506" />

<exclusive-start id="34" timestamp="2019-08-08T10:54:12.296" intervalms="175.923">
  <response-info timems="0.016" idlems="0.016" threads="0" lastid="0000000002035F00" lastname="main" />
</exclusive-start>
<af-start id="35" threadId="0000000002036888" totalBytesRequested="16" timestamp="2019-08-08T10:54:12.296" intervalms="175.916" />
<cycle-start id="36" type="global" contextid="0" timestamp="2019-08-08T10:54:12.296" intervalms="175.917" />
<gc-start id="37" type="global" contextid="36" timestamp="2019-08-08T10:54:12.296">
  <mem-info id="38" free="432128" total="8650752" percent="4">
    <mem type="tenure" free="432128" total="8650752" percent="4">
      <mem type="soa" free="0" total="8218624" percent="0" />
      <mem type="loa" free="432128" total="432128" percent="100" />
    </mem>
  </mem-info>
</gc-start>
<allocation-stats totalBytes="4570816" >
  <allocated-bytes non-tlh="98552" tlh="4472264" />
  <largest-consumer threadName="main" threadId="0000000002035F00" bytes="4570816" />
</allocation-stats>
<gc-op id="39" type="mark" timems="23.877" contextid="36" timestamp="2019-08-08T10:54:12.320">
  <trace-info objectcount="136887" scancount="127786" scanbytes="4899576" />
  <finalization candidates="13" enqueued="0" />
  <references type="soft" candidates="66" cleared="0" enqueued="0" dynamicThreshold="18" maxThreshold="32" />
  <references type="weak" candidates="143" cleared="0" enqueued="0" />
  <references type="phantom" candidates="57" cleared="0" enqueued="0" />
  <stringconstants candidates="3823" cleared="0"  />
</gc-op>
<gc-op id="40" type="sweep" timems="3.838" contextid="36" timestamp="2019-08-08T10:54:12.323" />
<mem-info id="41" free="1747792" total="8650752" percent="20">
  <mem type="tenure" free="1747792" total="8650752" percent="20" micro-fragmented="416626" macro-fragmented="0">
    <mem type="soa" free="1315664" total="8218624" percent="16" />
    <mem type="loa" free="432128" total="432128" percent="100" />
  </mem>
</mem-info>
<gc-op id="42" type="compact" timems="77.637" contextid="36" timestamp="2019-08-08T10:54:12.401">
  <compact-info movecount="120282" movebytes="5643744" reason="compact to aid heap contraction" />
</gc-op>
<heap-resize id="43" type="expand" space="tenure" amount="131072" count="1" timems="0.020" reason="satisfy allocation request" timestamp="2019-08-08T10:54:12.406" />
<gc-end id="44" type="global" contextid="36" durationms="110.642" usertimems="100.334" systemtimems="22.104" timestamp="2019-08-08T10:54:12.406" activeThreads="16">
  <mem-info id="45" free="2344256" total="8781824" percent="26">
    <mem type="tenure" free="2344256" total="8781824" percent="26">
      <mem type="soa" free="1905984" total="8343552" percent="22" />
      <mem type="loa" free="438272" total="438272" percent="100" />
    </mem>
  </mem-info>
</gc-end>
<cycle-end id="46" type="global" contextid="36" timestamp="2019-08-08T10:54:12.406" />
  <attribute name="elasticGC enabled" value="1" />
  <attribute name= "numThreadsSpecified" value="16" />
  <attribute name="heapSize specified" value="8650752" />
  <attribute name="Current GC Util" value="18" />
  <attribute name= "Current Time Running" value="795" />
  <attribute name ="GC Interval" value="0" />
  <attribute name="Target GC Util Change" value ="80.000000" />
  <attribute name="Current GC Util Change" value="18.000000"/>
  <attribute name="Current Error" value="62.000000" />
  <attribute name="Output H" value="8726504"/>
  <attribute name="Output I" value="2120"/>
  <attribute name="Output T" value="16"/>
  <attribute name= "Current Time Running" value="795" />
  <attribute name="GC Util currently" value="18" />
  <attribute name="CPU Util currently" value="23" />
<allocation-satisfied id="47" threadId="0000000002035F00" bytesRequested="16" />
<af-end id="48" timestamp="2019-08-08T10:54:12.406" threadId="0000000002036888" success="true" />
<exclusive-end id="49" timestamp="2019-08-08T10:54:12.406" durationms="110.776" />

<exclusive-start id="50" timestamp="2019-08-08T10:54:15.001" intervalms="2705.928">
  <response-info timems="0.017" idlems="0.017" threads="0" lastid="0000000002349A00" lastname="node-3" />
</exclusive-start>
<af-start id="51" threadId="000000000234A388" totalBytesRequested="32" timestamp="2019-08-08T10:54:15.001" intervalms="2705.932" />
<cycle-start id="52" type="global" contextid="0" timestamp="2019-08-08T10:54:15.002" intervalms="2705.949" />
<gc-start id="53" type="global" contextid="52" timestamp="2019-08-08T10:54:15.002">
  <mem-info id="54" free="438272" total="8781824" percent="4">
    <mem type="tenure" free="438272" total="8781824" percent="4">
      <mem type="soa" free="0" total="8343552" percent="0" />
      <mem type="loa" free="438272" total="438272" percent="100" />
    </mem>
  </mem-info>
</gc-start>
<allocation-stats totalBytes="1967208" >
  <allocated-bytes non-tlh="66536" tlh="1900672" />
  <largest-consumer threadName="main" threadId="0000000002035F00" bytes="560824" />
</allocation-stats>
<gc-op id="55" type="mark" timems="4.582" contextid="52" timestamp="2019-08-08T10:54:15.006">
  <trace-info objectcount="145915" scancount="136358" scanbytes="5332416" />
  <finalization candidates="13" enqueued="0" />
  <references type="soft" candidates="66" cleared="0" enqueued="0" dynamicThreshold="8" maxThreshold="32" />
  <references type="weak" candidates="145" cleared="2" enqueued="2" />
  <references type="phantom" candidates="57" cleared="0" enqueued="0" />
  <stringconstants candidates="3837" cleared="0"  />
</gc-op>
<gc-op id="56" type="sweep" timems="0.977" contextid="52" timestamp="2019-08-08T10:54:15.007" />
<mem-info id="57" free="1789896" total="8781824" percent="20">
  <mem type="tenure" free="1789896" total="8781824" percent="20" micro-fragmented="70384" macro-fragmented="0">
    <mem type="soa" free="1351624" total="8343552" percent="16" />
    <mem type="loa" free="438272" total="438272" percent="100" />
  </mem>
  <pending-finalizers system="0" default="0" reference="2" classloader="0" />
</mem-info>
<gc-op id="58" type="compact" timems="77.242" contextid="52" timestamp="2019-08-08T10:54:15.084">
  <compact-info movecount="145168" movebytes="6878344" reason="compact to aid heap contraction" />
</gc-op>
<heap-resize id="59" type="expand" space="tenure" amount="131072" count="1" timems="0.018" reason="satisfy allocation request" timestamp="2019-08-08T10:54:15.085" />
<gc-end id="60" type="global" contextid="52" durationms="83.666" usertimems="92.793" systemtimems="9.744" timestamp="2019-08-08T10:54:15.085" activeThreads="16">
  <mem-info id="61" free="1997352" total="8912896" percent="22">
    <mem type="tenure" free="1997352" total="8912896" percent="22">
      <mem type="soa" free="1551912" total="8467456" percent="18" />
      <mem type="loa" free="445440" total="445440" percent="100" />
    </mem>
    <pending-finalizers system="0" default="0" reference="2" classloader="0" />
  </mem-info>
</gc-end>
<cycle-end id="62" type="global" contextid="52" timestamp="2019-08-08T10:54:15.085" />
  <attribute name="elasticGC enabled" value="1" />
  <attribute name= "numThreadsSpecified" value="16" />
  <attribute name="heapSize specified" value="8781824" />
  <attribute name="Current GC Util" value="105" />
  <attribute name= "Current Time Running" value="3478" />
  <attribute name ="GC Interval" value="0" />
  <attribute name="Target GC Util Change" value ="80.000000" />
  <attribute name="Current GC Util Change" value="105.000000"/>
  <attribute name="Current Error" value="-195.000000" />
  <attribute name="Output H" value="8857280"/>
  <attribute name="Output I" value="1664"/>
  <attribute name="Output T" value="16"/>
  <attribute name= "Current Time Running" value="3478" />
  <attribute name="GC Util currently" value="105" />
  <attribute name="CPU Util currently" value="14910650784" />
<allocation-satisfied id="63" threadId="0000000002349A00" bytesRequested="32" />
<af-end id="64" timestamp="2019-08-08T10:54:15.085" threadId="000000000234A388" success="true" />
<exclusive-end id="65" timestamp="2019-08-08T10:54:15.085" durationms="84.047" />

<exclusive-start id="66" timestamp="2019-08-08T10:54:17.724" intervalms="2722.106">
  <response-info timems="0.037" idlems="0.037" threads="0" lastid="0000000002342200" lastname="node-4" />
</exclusive-start>
<af-start id="67" threadId="0000000002342B88" totalBytesRequested="24" timestamp="2019-08-08T10:54:17.724" intervalms="2722.115" />
<cycle-start id="68" type="global" contextid="0" timestamp="2019-08-08T10:54:17.724" intervalms="2722.096" />
<gc-start id="69" type="global" contextid="68" timestamp="2019-08-08T10:54:17.724">
  <mem-info id="70" free="445440" total="8912896" percent="4">
    <mem type="tenure" free="445440" total="8912896" percent="4">
      <mem type="soa" free="0" total="8467456" percent="0" />
      <mem type="loa" free="445440" total="445440" percent="100" />
    </mem>
  </mem-info>
</gc-start>
<allocation-stats totalBytes="1566536" >
  <allocated-bytes non-tlh="0" tlh="1566536" />
  <largest-consumer threadName="node-0" threadId="000000000232F300" bytes="208832" />
</allocation-stats>
<gc-op id="71" type="mark" timems="5.822" contextid="68" timestamp="2019-08-08T10:54:17.730">
  <trace-info objectcount="145879" scancount="136374" scanbytes="5331296" />
  <finalization candidates="13" enqueued="0" />
  <references type="soft" candidates="66" cleared="0" enqueued="0" dynamicThreshold="7" maxThreshold="32" />
  <references type="weak" candidates="143" cleared="0" enqueued="0" />
  <references type="phantom" candidates="57" cleared="0" enqueued="0" />
  <stringconstants candidates="3837" cleared="0"  />
</gc-op>
<gc-op id="72" type="sweep" timems="1.492" contextid="68" timestamp="2019-08-08T10:54:17.731" />
<mem-info id="73" free="2005248" total="8912896" percent="22">
  <mem type="tenure" free="2005248" total="8912896" percent="22" micro-fragmented="0" macro-fragmented="0">
    <mem type="soa" free="1559808" total="8467456" percent="18" />
    <mem type="loa" free="445440" total="445440" percent="100" />
  </mem>
</mem-info>
<gc-op id="74" type="compact" timems="26.796" contextid="68" timestamp="2019-08-08T10:54:17.758">
  <compact-info movecount="36984" movebytes="2477712" reason="compact to aid heap contraction" />
</gc-op>
<heap-resize id="75" type="expand" space="tenure" amount="131072" count="1" timems="0.020" reason="satisfy allocation request" timestamp="2019-08-08T10:54:17.760" />
<gc-end id="76" type="global" contextid="68" durationms="36.263" usertimems="39.768" systemtimems="19.597" timestamp="2019-08-08T10:54:17.760" activeThreads="16">
  <mem-info id="77" free="2124688" total="9043968" percent="23">
    <mem type="tenure" free="2124688" total="9043968" percent="23">
      <mem type="soa" free="1673104" total="8592384" percent="19" />
      <mem type="loa" free="451584" total="451584" percent="100" />
    </mem>
  </mem-info>
</gc-end>
<cycle-end id="78" type="global" contextid="68" timestamp="2019-08-08T10:54:17.760" />
  <attribute name="elasticGC enabled" value="1" />
  <attribute name= "numThreadsSpecified" value="16" />
  <attribute name="heapSize specified" value="8912896" />
  <attribute name="Current GC Util" value="50" />
  <attribute name= "Current Time Running" value="6151" />
  <attribute name ="GC Interval" value="0" />
  <attribute name="Target GC Util Change" value ="80.000000" />
  <attribute name="Current GC Util Change" value="50.000000"/>
  <attribute name="Current Error" value="-171.000000" />
  <attribute name="Output H" value="8988384"/>
  <attribute name="Output I" value="1704"/>
  <attribute name="Output T" value="16"/>
  <attribute name= "Current Time Running" value="6151" />
  <attribute name="GC Util currently" value="50" />
  <attribute name="CPU Util currently" value="42907278944" />
<allocation-satisfied id="79" threadId="0000000002342200" bytesRequested="24" />
<af-end id="80" timestamp="2019-08-08T10:54:17.760" threadId="0000000002342B88" success="true" />
<exclusive-end id="81" timestamp="2019-08-08T10:54:17.760" durationms="36.614" />

<exclusive-start id="82" timestamp="2019-08-08T10:54:19.341" intervalms="1617.022">
  <response-info timems="0.046" idlems="0.046" threads="0" lastid="000000000232F300" lastname="node-0" />
</exclusive-start>
<af-start id="83" threadId="000000000232FC88" totalBytesRequested="32" timestamp="2019-08-08T10:54:19.341" intervalms="1617.051" />
<cycle-start id="84" type="global" contextid="0" timestamp="2019-08-08T10:54:19.341" intervalms="1617.059" />
<gc-start id="85" type="global" contextid="84" timestamp="2019-08-08T10:54:19.341">
  <mem-info id="86" free="451584" total="9043968" percent="4">
    <mem type="tenure" free="451584" total="9043968" percent="4">
      <mem type="soa" free="0" total="8592384" percent="0" />
      <mem type="loa" free="451584" total="451584" percent="100" />
    </mem>
  </mem-info>
</gc-start>
<allocation-stats totalBytes="1689776" >
  <allocated-bytes non-tlh="0" tlh="1689776" />
  <largest-consumer threadName="node-1" threadId="0000000002360200" bytes="163456" />
</allocation-stats>
<gc-op id="87" type="mark" timems="6.330" contextid="84" timestamp="2019-08-08T10:54:19.347">
  <trace-info objectcount="145794" scancount="136240" scanbytes="5328944" />
  <finalization candidates="13" enqueued="0" />
  <references type="soft" candidates="66" cleared="0" enqueued="0" dynamicThreshold="7" maxThreshold="32" />
  <references type="weak" candidates="143" cleared="0" enqueued="0" />
  <references type="phantom" candidates="57" cleared="0" enqueued="0" />
  <stringconstants candidates="3837" cleared="0"  />
</gc-op>
<gc-op id="88" type="sweep" timems="3.968" contextid="84" timestamp="2019-08-08T10:54:19.351" />
<mem-info id="89" free="2142888" total="9043968" percent="23">
  <mem type="tenure" free="2142888" total="9043968" percent="23" micro-fragmented="0" macro-fragmented="0">
    <mem type="soa" free="1691304" total="8592384" percent="19" />
    <mem type="loa" free="451584" total="451584" percent="100" />
  </mem>
</mem-info>
<gc-op id="90" type="compact" timems="23.877" contextid="84" timestamp="2019-08-08T10:54:19.375">
  <compact-info movecount="31475" movebytes="2142216" reason="compact to aid heap contraction" />
</gc-op>
<heap-resize id="91" type="expand" space="tenure" amount="131072" count="1" timems="0.014" reason="satisfy allocation request" timestamp="2019-08-08T10:54:19.377" />
<gc-end id="92" type="global" contextid="84" durationms="36.343" usertimems="27.750" systemtimems="28.929" timestamp="2019-08-08T10:54:19.377" activeThreads="16">
  <mem-info id="93" free="2258952" total="9175040" percent="24">
    <mem type="tenure" free="2258952" total="9175040" percent="24">
      <mem type="soa" free="1800200" total="8716288" percent="20" />
      <mem type="loa" free="458752" total="458752" percent="100" />
    </mem>
  </mem-info>
</gc-end>
<cycle-end id="94" type="global" contextid="84" timestamp="2019-08-08T10:54:19.377" />
  <attribute name="elasticGC enabled" value="1" />
  <attribute name= "numThreadsSpecified" value="16" />
  <attribute name="heapSize specified" value="9043968" />
  <attribute name="Current GC Util" value="39" />
  <attribute name= "Current Time Running" value="7769" />
  <attribute name ="GC Interval" value="0" />
  <attribute name="Target GC Util Change" value ="80.000000" />
  <attribute name="Current GC Util Change" value="39.000000"/>
  <attribute name="Current Error" value="41.000000" />
  <attribute name="Output H" value="9119696"/>
  <attribute name="Output I" value="2088"/>
  <attribute name="Output T" value="16"/>
  <attribute name= "Current Time Running" value="7769" />
  <attribute name="GC Util currently" value="39" />
  <attribute name="CPU Util currently" value="48185093438" />
<allocation-satisfied id="95" threadId="000000000232F300" bytesRequested="32" />
<af-end id="96" timestamp="2019-08-08T10:54:19.377" threadId="000000000232FC88" success="true" />
<exclusive-end id="97" timestamp="2019-08-08T10:54:19.377" durationms="36.556" />

<exclusive-start id="98" timestamp="2019-08-08T10:54:20.418" intervalms="1077.871">
  <response-info timems="0.020" idlems="0.020" threads="0" lastid="0000000002372D00" lastname="node-2" />
</exclusive-start>
<af-start id="99" threadId="0000000002373688" totalBytesRequested="24" timestamp="2019-08-08T10:54:20.419" intervalms="1077.895" />
<cycle-start id="100" type="global" contextid="0" timestamp="2019-08-08T10:54:20.419" intervalms="1077.908" />
<gc-start id="101" type="global" contextid="100" timestamp="2019-08-08T10:54:20.419">
  <mem-info id="102" free="458752" total="9175040" percent="5">
    <mem type="tenure" free="458752" total="9175040" percent="5">
      <mem type="soa" free="0" total="8716288" percent="0" />
      <mem type="loa" free="458752" total="458752" percent="100" />
    </mem>
  </mem-info>
</gc-start>
<allocation-stats totalBytes="1817424" >
  <allocated-bytes non-tlh="0" tlh="1817424" />
  <largest-consumer threadName="node-9" threadId="000000000236B500" bytes="143344" />
</allocation-stats>
<gc-op id="103" type="mark" timems="10.040" contextid="100" timestamp="2019-08-08T10:54:20.429">
  <trace-info objectcount="145746" scancount="136212" scanbytes="5327480" />
  <finalization candidates="13" enqueued="0" />
  <references type="soft" candidates="66" cleared="0" enqueued="0" dynamicThreshold="7" maxThreshold="32" />
  <references type="weak" candidates="143" cleared="0" enqueued="0" />
  <references type="phantom" candidates="57" cleared="0" enqueued="0" />
  <stringconstants candidates="3837" cleared="0"  />
</gc-op>
<gc-op id="104" type="sweep" timems="2.097" contextid="100" timestamp="2019-08-08T10:54:20.431" />
<mem-info id="105" free="2273376" total="9175040" percent="24">
  <mem type="tenure" free="2273376" total="9175040" percent="24" micro-fragmented="7702" macro-fragmented="0">
    <mem type="soa" free="1814624" total="8716288" percent="20" />
    <mem type="loa" free="458752" total="458752" percent="100" />
  </mem>
</mem-info>
<gc-op id="106" type="compact" timems="13.314" contextid="100" timestamp="2019-08-08T10:54:20.445">
  <compact-info movecount="2404" movebytes="61768" reason="compact to aid heap contraction" />
</gc-op>
<heap-resize id="107" type="expand" space="tenure" amount="131072" count="1" timems="0.025" reason="satisfy allocation request" timestamp="2019-08-08T10:54:20.446" />
<gc-end id="108" type="global" contextid="100" durationms="27.264" usertimems="27.233" systemtimems="15.188" timestamp="2019-08-08T10:54:20.446" activeThreads="16">
  <mem-info id="109" free="2392280" total="9306112" percent="25">
    <mem type="tenure" free="2392280" total="9306112" percent="25">
      <mem type="soa" free="1927384" total="8841216" percent="21" />
      <mem type="loa" free="464896" total="464896" percent="100" />
    </mem>
  </mem-info>
</gc-end>
<cycle-end id="110" type="global" contextid="100" timestamp="2019-08-08T10:54:20.446" />
  <attribute name="elasticGC enabled" value="1" />
  <attribute name= "numThreadsSpecified" value="16" />
  <attribute name="heapSize specified" value="9175040" />
  <attribute name="Current GC Util" value="50" />
  <attribute name= "Current Time Running" value="8838" />
  <attribute name ="GC Interval" value="0" />
  <attribute name="Target GC Util Change" value ="80.000000" />
  <attribute name="Current GC Util Change" value="50.000000"/>
  <attribute name="Current Error" value="38.000000" />
  <attribute name="Output H" value="9250768"/>
  <attribute name="Output I" value="2080"/>
  <attribute name="Output T" value="16"/>
  <attribute name= "Current Time Running" value="8838" />
  <attribute name="GC Util currently" value="50" />
  <attribute name="CPU Util currently" value="85739374103" />
<allocation-satisfied id="111" threadId="0000000002372D00" bytesRequested="24" />
<af-end id="112" timestamp="2019-08-08T10:54:20.446" threadId="0000000002373688" success="true" />
<exclusive-end id="113" timestamp="2019-08-08T10:54:20.446" durationms="27.714" />

<exclusive-start id="114" timestamp="2019-08-08T10:54:21.849" intervalms="1430.979">
  <response-info timems="0.314" idlems="0.303" threads="1" lastid="0000000002349A00" lastname="node-3" />
</exclusive-start>
<af-start id="115" threadId="0000000002368388" totalBytesRequested="16" timestamp="2019-08-08T10:54:21.849" intervalms="1430.936" />
<cycle-start id="116" type="global" contextid="0" timestamp="2019-08-08T10:54:21.850" intervalms="1430.917" />
<gc-start id="117" type="global" contextid="116" timestamp="2019-08-08T10:54:21.850">
  <mem-info id="118" free="464896" total="9306112" percent="4">
    <mem type="tenure" free="464896" total="9306112" percent="4">
      <mem type="soa" free="0" total="8841216" percent="0" />
      <mem type="loa" free="464896" total="464896" percent="100" />
    </mem>
  </mem-info>
</gc-start>
<allocation-stats totalBytes="1945624" >
  <allocated-bytes non-tlh="0" tlh="1945624" />
  <largest-consumer threadName="node-9" threadId="000000000236B500" bytes="143336" />
</allocation-stats>
<gc-op id="119" type="mark" timems="7.682" contextid="116" timestamp="2019-08-08T10:54:21.857">
  <trace-info objectcount="145712" scancount="136173" scanbytes="5326336" />
  <finalization candidates="13" enqueued="0" />
  <references type="soft" candidates="66" cleared="0" enqueued="0" dynamicThreshold="8" maxThreshold="32" />
  <references type="weak" candidates="143" cleared="0" enqueued="0" />
  <references type="phantom" candidates="57" cleared="0" enqueued="0" />
  <stringconstants candidates="3837" cleared="0"  />
</gc-op>
<gc-op id="120" type="sweep" timems="1.504" contextid="116" timestamp="2019-08-08T10:54:21.859" />
<mem-info id="121" free="2407144" total="9306112" percent="25">
  <mem type="tenure" free="2407144" total="9306112" percent="25" micro-fragmented="0" macro-fragmented="0">
    <mem type="soa" free="1942248" total="8841216" percent="21" />
    <mem type="loa" free="464896" total="464896" percent="100" />
  </mem>
</mem-info>
<gc-op id="122" type="compact" timems="14.627" contextid="116" timestamp="2019-08-08T10:54:21.874">
  <compact-info movecount="2365" movebytes="61720" reason="compact to aid heap contraction" />
</gc-op>
<heap-resize id="123" type="expand" space="tenure" amount="131072" count="1" timems="0.020" reason="satisfy allocation request" timestamp="2019-08-08T10:54:21.875" />
<gc-end id="124" type="global" contextid="116" durationms="25.273" usertimems="36.316" systemtimems="10.104" timestamp="2019-08-08T10:54:21.875" activeThreads="16">
  <mem-info id="125" free="2523240" total="9437184" percent="26">
    <mem type="tenure" free="2523240" total="9437184" percent="26">
      <mem type="soa" free="2052200" total="8966144" percent="22" />
      <mem type="loa" free="471040" total="471040" percent="100" />
    </mem>
  </mem-info>
</gc-end>
<cycle-end id="126" type="global" contextid="116" timestamp="2019-08-08T10:54:21.875" />
  <attribute name="elasticGC enabled" value="1" />
  <attribute name= "numThreadsSpecified" value="16" />
  <attribute name="heapSize specified" value="9306112" />
  <attribute name="Current GC Util" value="67" />
  <attribute name= "Current Time Running" value="10267" />
  <attribute name ="GC Interval" value="0" />
  <attribute name="Target GC Util Change" value ="80.000000" />
  <attribute name="Current GC Util Change" value="67.000000"/>
  <attribute name="Current Error" value="-139.000000" />
  <attribute name="Output H" value="9381632"/>
  <attribute name="Output I" value="1760"/>
  <attribute name="Output T" value="16"/>
  <attribute name= "Current Time Running" value="10267" />
  <attribute name="GC Util currently" value="67" />
  <attribute name="CPU Util currently" value="78388573494" />
<allocation-satisfied id="127" threadId="0000000002367A00" bytesRequested="16" />
<af-end id="128" timestamp="2019-08-08T10:54:21.875" threadId="0000000002368388" success="true" />
<exclusive-end id="129" timestamp="2019-08-08T10:54:21.875" durationms="25.611" />

<exclusive-start id="130" timestamp="2019-08-08T10:54:23.398" intervalms="1548.530">
  <response-info timems="0.044" idlems="0.044" threads="0" lastid="0000000002318B00" lastname="node-12" />
</exclusive-start>
<af-start id="131" threadId="0000000002319488" totalBytesRequested="24" timestamp="2019-08-08T10:54:23.398" intervalms="1548.524" />
<cycle-start id="132" type="global" contextid="0" timestamp="2019-08-08T10:54:23.398" intervalms="1548.522" />
<gc-start id="133" type="global" contextid="132" timestamp="2019-08-08T10:54:23.398">
  <mem-info id="134" free="471040" total="9437184" percent="4">
    <mem type="tenure" free="471040" total="9437184" percent="4">
      <mem type="soa" free="0" total="8966144" percent="0" />
      <mem type="loa" free="471040" total="471040" percent="100" />
    </mem>
  </mem-info>
</gc-start>
<allocation-stats totalBytes="2069784" >
  <allocated-bytes non-tlh="0" tlh="2069784" />
  <largest-consumer threadName="node-13" threadId="000000000232B700" bytes="143328" />
</allocation-stats>
<gc-op id="135" type="mark" timems="4.347" contextid="132" timestamp="2019-08-08T10:54:23.402">
  <trace-info objectcount="145598" scancount="136066" scanbytes="5323308" />
  <finalization candidates="13" enqueued="0" />
  <references type="soft" candidates="66" cleared="20" enqueued="16" dynamicThreshold="8" maxThreshold="32" />
  <references type="weak" candidates="143" cleared="0" enqueued="0" />
  <references type="phantom" candidates="57" cleared="0" enqueued="0" />
  <stringconstants candidates="3837" cleared="0"  />
</gc-op>
<gc-op id="136" type="sweep" timems="1.178" contextid="132" timestamp="2019-08-08T10:54:23.404" />
<mem-info id="137" free="2532440" total="9437184" percent="26">
  <mem type="tenure" free="2532440" total="9437184" percent="26" micro-fragmented="14609" macro-fragmented="0">
    <mem type="soa" free="2061400" total="8966144" percent="22" />
    <mem type="loa" free="471040" total="471040" percent="100" />
  </mem>
  <pending-finalizers system="0" default="0" reference="16" classloader="0" />
</mem-info>
<gc-op id="138" type="compact" timems="78.896" contextid="132" timestamp="2019-08-08T10:54:23.483">
  <compact-info movecount="138148" movebytes="6560064" reason="compact to aid heap contraction" />
</gc-op>
<heap-resize id="139" type="expand" space="tenure" amount="131072" count="1" timems="0.020" reason="satisfy allocation request" timestamp="2019-08-08T10:54:23.484" />
<gc-end id="140" type="global" contextid="132" durationms="85.639" usertimems="102.127" systemtimems="0.000" timestamp="2019-08-08T10:54:23.484" activeThreads="16">
  <mem-info id="141" free="2660064" total="9568256" percent="27">
    <mem type="tenure" free="2660064" total="9568256" percent="27">
      <mem type="soa" free="2181856" total="9090048" percent="24" />
      <mem type="loa" free="478208" total="478208" percent="100" />
    </mem>
    <pending-finalizers system="0" default="0" reference="16" classloader="0" />
  </mem-info>
</gc-end>
<cycle-end id="142" type="global" contextid="132" timestamp="2019-08-08T10:54:23.484" />
  <attribute name="elasticGC enabled" value="1" />
  <attribute name= "numThreadsSpecified" value="16" />
  <attribute name="heapSize specified" value="9437184" />
  <attribute name="Current GC Util" value="7" />
  <attribute name= "Current Time Running" value="11876" />
  <attribute name ="GC Interval" value="0" />
  <attribute name="Target GC Util Change" value ="80.000000" />
  <attribute name="Current GC Util Change" value="7.000000"/>
  <attribute name="Current Error" value="73.000000" />
  <attribute name="Output H" value="9512952"/>
  <attribute name="Output I" value="2144"/>
  <attribute name="Output T" value="16"/>
  <attribute name= "Current Time Running" value="11876" />
  <attribute name="GC Util currently" value="7" />
  <attribute name="CPU Util currently" value="14585573351" />
<allocation-satisfied id="143" threadId="0000000002318B00" bytesRequested="24" />
<af-end id="144" timestamp="2019-08-08T10:54:23.484" threadId="0000000002319488" success="true" />
<exclusive-end id="145" timestamp="2019-08-08T10:54:23.484" durationms="86.008" />

<exclusive-start id="146" timestamp="2019-08-08T10:54:25.043" intervalms="1644.710">
  <response-info timems="0.044" idlems="0.044" threads="0" lastid="0000000002341700" lastname="node-19" />
</exclusive-start>
<af-start id="147" threadId="0000000002342088" totalBytesRequested="24" timestamp="2019-08-08T10:54:25.043" intervalms="1644.716" />
<cycle-start id="148" type="global" contextid="0" timestamp="2019-08-08T10:54:25.043" intervalms="1644.720" />
<gc-start id="149" type="global" contextid="148" timestamp="2019-08-08T10:54:25.043">
  <mem-info id="150" free="478208" total="9568256" percent="4">
    <mem type="tenure" free="478208" total="9568256" percent="4">
      <mem type="soa" free="0" total="9090048" percent="0" />
      <mem type="loa" free="478208" total="478208" percent="100" />
    </mem>
  </mem-info>
</gc-start>
<allocation-stats totalBytes="2200712" >
  <allocated-bytes non-tlh="0" tlh="2200712" />
  <largest-consumer threadName="node-9" threadId="000000000236B500" bytes="143344" />
</allocation-stats>
<gc-op id="151" type="mark" timems="4.809" contextid="148" timestamp="2019-08-08T10:54:25.048">
  <trace-info objectcount="145488" scancount="135954" scanbytes="5319680" />
  <finalization candidates="13" enqueued="0" />
  <references type="soft" candidates="46" cleared="0" enqueued="0" dynamicThreshold="8" maxThreshold="32" />
  <references type="weak" candidates="143" cleared="0" enqueued="0" />
  <references type="phantom" candidates="57" cleared="0" enqueued="0" />
  <stringconstants candidates="3837" cleared="0"  />
</gc-op>
<gc-op id="152" type="sweep" timems="1.323" contextid="148" timestamp="2019-08-08T10:54:25.049" />
<mem-info id="153" free="2672136" total="9568256" percent="27">
  <mem type="tenure" free="2672136" total="9568256" percent="27" micro-fragmented="0" macro-fragmented="0">
    <mem type="soa" free="2193928" total="9090048" percent="24" />
    <mem type="loa" free="478208" total="478208" percent="100" />
  </mem>
</mem-info>
<gc-op id="154" type="compact" timems="83.720" contextid="148" timestamp="2019-08-08T10:54:25.134">
  <compact-info movecount="133043" movebytes="6370512" reason="compact to aid heap contraction" />
</gc-op>
<heap-resize id="155" type="expand" space="tenure" amount="131072" count="1" timems="0.022" reason="satisfy allocation request" timestamp="2019-08-08T10:54:25.135" />
<gc-end id="156" type="global" contextid="148" durationms="92.311" usertimems="96.243" systemtimems="10.463" timestamp="2019-08-08T10:54:25.135" activeThreads="16">
  <mem-info id="157" free="2798240" total="9699328" percent="28">
    <mem type="tenure" free="2798240" total="9699328" percent="28">
      <mem type="soa" free="2313888" total="9214976" percent="25" />
      <mem type="loa" free="484352" total="484352" percent="100" />
    </mem>
  </mem-info>
</gc-end>
<cycle-end id="158" type="global" contextid="148" timestamp="2019-08-08T10:54:25.136" />
  <attribute name="elasticGC enabled" value="1" />
  <attribute name= "numThreadsSpecified" value="16" />
  <attribute name="heapSize specified" value="9568256" />
  <attribute name="Current GC Util" value="9" />
  <attribute name= "Current Time Running" value="13528" />
  <attribute name ="GC Interval" value="0" />
  <attribute name="Target GC Util Change" value ="80.000000" />
  <attribute name="Current GC Util Change" value="9.000000"/>
  <attribute name="Current Error" value="23.000000" />
  <attribute name="Output H" value="9643968"/>
  <attribute name="Output I" value="2056"/>
  <attribute name="Output T" value="16"/>
  <attribute name= "Current Time Running" value="13528" />
  <attribute name="GC Util currently" value="9" />
  <attribute name="CPU Util currently" value="13765944665" />
<allocation-satisfied id="159" threadId="0000000002341700" bytesRequested="24" />
<af-end id="160" timestamp="2019-08-08T10:54:25.136" threadId="0000000002342088" success="true" />
<exclusive-end id="161" timestamp="2019-08-08T10:54:25.136" durationms="93.752" />

<exclusive-start id="162" timestamp="2019-08-08T10:54:26.819" intervalms="1775.913">
  <response-info timems="0.022" idlems="0.022" threads="0" lastid="000000000237A500" lastname="node-7" />
</exclusive-start>
<af-start id="163" threadId="000000000237AE88" totalBytesRequested="24" timestamp="2019-08-08T10:54:26.819" intervalms="1775.933" />
<cycle-start id="164" type="global" contextid="0" timestamp="2019-08-08T10:54:26.819" intervalms="1775.928" />
<gc-start id="165" type="global" contextid="164" timestamp="2019-08-08T10:54:26.819">
  <mem-info id="166" free="484352" total="9699328" percent="4">
    <mem type="tenure" free="484352" total="9699328" percent="4">
      <mem type="soa" free="0" total="9214976" percent="0" />
      <mem type="loa" free="484352" total="484352" percent="100" />
    </mem>
  </mem-info>
</gc-start>
<allocation-stats totalBytes="2327176" >
  <allocated-bytes non-tlh="0" tlh="2327176" />
  <largest-consumer threadName="node-9" threadId="000000000236B500" bytes="143304" />
</allocation-stats>
<gc-op id="167" type="mark" timems="7.513" contextid="164" timestamp="2019-08-08T10:54:26.826">
  <trace-info objectcount="145460" scancount="135942" scanbytes="5318880" />
  <finalization candidates="13" enqueued="0" />
  <references type="soft" candidates="46" cleared="0" enqueued="0" dynamicThreshold="9" maxThreshold="32" />
  <references type="weak" candidates="143" cleared="0" enqueued="0" />
  <references type="phantom" candidates="57" cleared="0" enqueued="0" />
  <stringconstants candidates="3837" cleared="0"  />
</gc-op>
<gc-op id="168" type="sweep" timems="2.921" contextid="164" timestamp="2019-08-08T10:54:26.829" />
<mem-info id="169" free="2806648" total="9699328" percent="28">
  <mem type="tenure" free="2806648" total="9699328" percent="28" micro-fragmented="0" macro-fragmented="0">
    <mem type="soa" free="2322296" total="9214976" percent="25" />
    <mem type="loa" free="484352" total="484352" percent="100" />
  </mem>
</mem-info>
<gc-op id="170" type="compact" timems="19.846" contextid="164" timestamp="2019-08-08T10:54:26.849">
  <compact-info movecount="5983" movebytes="333256" reason="compact to aid heap contraction" />
</gc-op>
<heap-resize id="171" type="expand" space="tenure" amount="131072" count="1" timems="0.019" reason="satisfy allocation request" timestamp="2019-08-08T10:54:26.850" />
<gc-end id="172" type="global" contextid="164" durationms="31.030" usertimems="29.356" systemtimems="24.253" timestamp="2019-08-08T10:54:26.850" activeThreads="16">
  <mem-info id="173" free="2926104" total="9830400" percent="29">
    <mem type="tenure" free="2926104" total="9830400" percent="29">
      <mem type="soa" free="2434584" total="9338880" percent="26" />
      <mem type="loa" free="491520" total="491520" percent="100" />
    </mem>
  </mem-info>
</gc-end>
<cycle-end id="174" type="global" contextid="164" timestamp="2019-08-08T10:54:26.850" />
  <attribute name="elasticGC enabled" value="1" />
  <attribute name= "numThreadsSpecified" value="16" />
  <attribute name="heapSize specified" value="9699328" />
  <attribute name="Current GC Util" value="84" />
  <attribute name= "Current Time Running" value="15243" />
  <attribute name ="GC Interval" value="0" />
  <attribute name="Target GC Util Change" value ="80.000000" />
  <attribute name="Current GC Util Change" value="84.000000"/>
  <attribute name="Current Error" value="-162.000000" />
  <attribute name="Output H" value="9774824"/>
  <attribute name="Output I" value="1720"/>
  <attribute name="Output T" value="16"/>
  <attribute name= "Current Time Running" value="15243" />
  <attribute name="GC Util currently" value="84" />
  <attribute name="CPU Util currently" value="57828729937" />
<allocation-satisfied id="175" threadId="000000000237A500" bytesRequested="24" />
<af-end id="176" timestamp="2019-08-08T10:54:26.850" threadId="000000000237AE88" success="true" />
<exclusive-end id="177" timestamp="2019-08-08T10:54:26.850" durationms="31.615" />

<exclusive-start id="178" timestamp="2019-08-08T10:54:28.057" intervalms="1238.504">
  <response-info timems="0.392" idlems="0.392" threads="0" lastid="000000000231C700" lastname="node-6" />
</exclusive-start>
<af-start id="179" threadId="000000000231D088" totalBytesRequested="16" timestamp="2019-08-08T10:54:28.059" intervalms="1239.956" />
<cycle-start id="180" type="global" contextid="0" timestamp="2019-08-08T10:54:28.059" intervalms="1240.264" />
<gc-start id="181" type="global" contextid="180" timestamp="2019-08-08T10:54:28.059">
  <mem-info id="182" free="491520" total="9830400" percent="5">
    <mem type="tenure" free="491520" total="9830400" percent="5">
      <mem type="soa" free="0" total="9338880" percent="0" />
      <mem type="loa" free="491520" total="491520" percent="100" />
    </mem>
  </mem-info>
</gc-start>
<allocation-stats totalBytes="2450304" >
  <allocated-bytes non-tlh="0" tlh="2450304" />
  <largest-consumer threadName="node-9" threadId="000000000236B500" bytes="142656" />
</allocation-stats>
<gc-op id="183" type="mark" timems="7.499" contextid="180" timestamp="2019-08-08T10:54:28.067">
  <trace-info objectcount="145431" scancount="135895" scanbytes="5318072" />
  <finalization candidates="13" enqueued="0" />
  <references type="soft" candidates="46" cleared="0" enqueued="0" dynamicThreshold="9" maxThreshold="32" />
  <references type="weak" candidates="143" cleared="0" enqueued="0" />
  <references type="phantom" candidates="57" cleared="0" enqueued="0" />
  <stringconstants candidates="3837" cleared="0"  />
</gc-op>
<gc-op id="184" type="sweep" timems="0.946" contextid="180" timestamp="2019-08-08T10:54:28.068" />
<mem-info id="185" free="2935512" total="9830400" percent="29">
  <mem type="tenure" free="2935512" total="9830400" percent="29" micro-fragmented="0" macro-fragmented="0">
    <mem type="soa" free="2443992" total="9338880" percent="26" />
    <mem type="loa" free="491520" total="491520" percent="100" />
  </mem>
</mem-info>
<gc-op id="186" type="compact" timems="15.630" contextid="180" timestamp="2019-08-08T10:54:28.084">
  <compact-info movecount="2337" movebytes="66712" reason="compact to aid heap contraction" />
</gc-op>
<heap-resize id="187" type="expand" space="tenure" amount="131072" count="1" timems="0.026" reason="satisfy allocation request" timestamp="2019-08-08T10:54:28.085" />
<gc-end id="188" type="global" contextid="180" durationms="26.469" usertimems="29.080" systemtimems="7.894" timestamp="2019-08-08T10:54:28.085" activeThreads="16">
  <mem-info id="189" free="3057264" total="9961472" percent="30">
    <mem type="tenure" free="3057264" total="9961472" percent="30">
      <mem type="soa" free="2559600" total="9463808" percent="27" />
      <mem type="loa" free="497664" total="497664" percent="100" />
    </mem>
  </mem-info>
</gc-end>
<cycle-end id="190" type="global" contextid="180" timestamp="2019-08-08T10:54:28.086" />
  <attribute name="elasticGC enabled" value="1" />
  <attribute name= "numThreadsSpecified" value="16" />
  <attribute name="heapSize specified" value="9830400" />
  <attribute name="Current GC Util" value="50" />
  <attribute name= "Current Time Running" value="16477" />
  <attribute name ="GC Interval" value="0" />
  <attribute name="Target GC Util Change" value ="80.000000" />
  <attribute name="Current GC Util Change" value="50.000000"/>
  <attribute name="Current Error" value="30.000000" />
  <attribute name="Output H" value="9906120"/>
  <attribute name="Output I" value="2064"/>
  <attribute name="Output T" value="16"/>
  <attribute name= "Current Time Running" value="16477" />
  <attribute name="GC Util currently" value="50" />
  <attribute name="CPU Util currently" value="71858715756" />
<allocation-satisfied id="191" threadId="000000000231C700" bytesRequested="16" />
<af-end id="192" timestamp="2019-08-08T10:54:28.086" threadId="000000000231D088" success="true" />
<exclusive-end id="193" timestamp="2019-08-08T10:54:28.086" durationms="28.920" />

<exclusive-start id="194" timestamp="2019-08-08T10:54:29.229" intervalms="1172.242">
  <response-info timems="3.376" idlems="3.376" threads="0" lastid="0000000002320300" lastname="node-21" />
</exclusive-start>
<af-start id="195" threadId="0000000002320C88" totalBytesRequested="832" timestamp="2019-08-08T10:54:29.229" intervalms="1170.783" />
<cycle-start id="196" type="global" contextid="0" timestamp="2019-08-08T10:54:29.229" intervalms="1170.479" />
<gc-start id="197" type="global" contextid="196" timestamp="2019-08-08T10:54:29.230">
  <mem-info id="198" free="497664" total="9961472" percent="4">
    <mem type="tenure" free="497664" total="9961472" percent="4">
      <mem type="soa" free="0" total="9463808" percent="0" />
      <mem type="loa" free="497664" total="497664" percent="100" />
    </mem>
  </mem-info>
</gc-start>
<allocation-stats totalBytes="2576872" >
  <allocated-bytes non-tlh="0" tlh="2576872" />
  <largest-consumer threadName="node-7" threadId="000000000237A500" bytes="143272" />
</allocation-stats>
<gc-op id="199" type="mark" timems="12.330" contextid="196" timestamp="2019-08-08T10:54:29.242">
  <trace-info objectcount="145416" scancount="135870" scanbytes="5317432" />
  <finalization candidates="13" enqueued="0" />
  <references type="soft" candidates="46" cleared="1" enqueued="0" dynamicThreshold="9" maxThreshold="32" />
  <references type="weak" candidates="143" cleared="0" enqueued="0" />
  <references type="phantom" candidates="57" cleared="0" enqueued="0" />
  <stringconstants candidates="3837" cleared="0"  />
</gc-op>
<gc-op id="200" type="sweep" timems="3.358" contextid="196" timestamp="2019-08-08T10:54:29.246" />
<mem-info id="201" free="3061160" total="9961472" percent="30">
  <mem type="tenure" free="3061160" total="9961472" percent="30" micro-fragmented="0" macro-fragmented="0">
    <mem type="soa" free="2563496" total="9463808" percent="27" />
    <mem type="loa" free="497664" total="497664" percent="100" />
  </mem>
</mem-info>
<gc-op id="202" type="compact" timems="80.245" contextid="196" timestamp="2019-08-08T10:54:29.326">
  <compact-info movecount="128794" movebytes="6086216" reason="compact to aid heap contraction" />
</gc-op>
<heap-resize id="203" type="expand" space="tenure" amount="131072" count="1" timems="0.020" reason="satisfy allocation request" timestamp="2019-08-08T10:54:29.327" />
<gc-end id="204" type="global" contextid="196" durationms="96.989" usertimems="110.193" systemtimems="0.000" timestamp="2019-08-08T10:54:29.327" activeThreads="16">
  <mem-info id="205" free="3180608" total="10092544" percent="31">
    <mem type="tenure" free="3180608" total="10092544" percent="31">
      <mem type="soa" free="2676800" total="9588736" percent="27" />
      <mem type="loa" free="503808" total="503808" percent="100" />
    </mem>
  </mem-info>
</gc-end>
<cycle-end id="206" type="global" contextid="196" timestamp="2019-08-08T10:54:29.327" />
  <attribute name="elasticGC enabled" value="1" />
  <attribute name= "numThreadsSpecified" value="16" />
  <attribute name="heapSize specified" value="9961472" />
  <attribute name="Current GC Util" value="6" />
  <attribute name= "Current Time Running" value="17720" />
  <attribute name ="GC Interval" value="0" />
  <attribute name="Target GC Util Change" value ="80.000000" />
  <attribute name="Current GC Util Change" value="6.000000"/>
  <attribute name="Current Error" value="31.000000" />
  <attribute name="Output H" value="10037192"/>
  <attribute name="Output I" value="2064"/>
  <attribute name="Output T" value="16"/>
  <attribute name= "Current Time Running" value="17720" />
  <attribute name="GC Util currently" value="6" />
  <attribute name="CPU Util currently" value="14371943991" />
<allocation-satisfied id="207" threadId="0000000002320300" bytesRequested="832" />
<af-end id="208" timestamp="2019-08-08T10:54:29.327" threadId="0000000002320C88" success="true" />
<exclusive-end id="209" timestamp="2019-08-08T10:54:29.327" durationms="97.828" />

<exclusive-start id="210" timestamp="2019-08-08T10:54:30.387" intervalms="1157.720">
  <response-info timems="0.024" idlems="0.024" threads="0" lastid="0000000002320300" lastname="node-21" />
</exclusive-start>
<af-start id="211" threadId="0000000002320C88" totalBytesRequested="24" timestamp="2019-08-08T10:54:30.389" intervalms="1159.529" />
<cycle-start id="212" type="global" contextid="0" timestamp="2019-08-08T10:54:30.389" intervalms="1159.529" />
<gc-start id="213" type="global" contextid="212" timestamp="2019-08-08T10:54:30.389">
  <mem-info id="214" free="503808" total="10092544" percent="4">
    <mem type="tenure" free="503808" total="10092544" percent="4">
      <mem type="soa" free="0" total="9588736" percent="0" />
      <mem type="loa" free="503808" total="503808" percent="100" />
    </mem>
  </mem-info>
</gc-start>
<allocation-stats totalBytes="2692880" >
  <allocated-bytes non-tlh="0" tlh="2692880" />
  <largest-consumer threadName="node-8" threadId="0000000002323F00" bytes="143344" />
</allocation-stats>
<gc-op id="215" type="mark" timems="9.318" contextid="212" timestamp="2019-08-08T10:54:30.398">
  <trace-info objectcount="145371" scancount="135859" scanbytes="5316704" />
  <finalization candidates="13" enqueued="0" />
  <references type="soft" candidates="45" cleared="0" enqueued="0" dynamicThreshold="10" maxThreshold="32" />
  <references type="weak" candidates="143" cleared="0" enqueued="0" />
  <references type="phantom" candidates="57" cleared="0" enqueued="0" />
  <stringconstants candidates="3837" cleared="0"  />
</gc-op>
<gc-op id="216" type="sweep" timems="4.615" contextid="212" timestamp="2019-08-08T10:54:30.403" />
<mem-info id="217" free="3194928" total="10092544" percent="31">
  <mem type="tenure" free="3194928" total="10092544" percent="31" micro-fragmented="0" macro-fragmented="0">
    <mem type="soa" free="2691120" total="9588736" percent="28" />
    <mem type="loa" free="503808" total="503808" percent="100" />
  </mem>
</mem-info>
<gc-op id="218" type="compact" timems="24.432" contextid="212" timestamp="2019-08-08T10:54:30.428">
  <compact-info movecount="2072" movebytes="51760" reason="compact to aid heap contraction" />
</gc-op>
<heap-resize id="219" type="expand" space="tenure" amount="131072" count="1" timems="0.017" reason="satisfy allocation request" timestamp="2019-08-08T10:54:30.428" />
<gc-end id="220" type="global" contextid="212" durationms="39.345" usertimems="23.111" systemtimems="26.173" timestamp="2019-08-08T10:54:30.428" activeThreads="16">
  <mem-info id="221" free="3321600" total="10223616" percent="32">
    <mem type="tenure" free="3321600" total="10223616" percent="32">
      <mem type="soa" free="2810624" total="9712640" percent="28" />
      <mem type="loa" free="510976" total="510976" percent="100" />
    </mem>
  </mem-info>
</gc-end>
<cycle-end id="222" type="global" contextid="212" timestamp="2019-08-08T10:54:30.428" />
  <attribute name="elasticGC enabled" value="1" />
  <attribute name= "numThreadsSpecified" value="16" />
  <attribute name="heapSize specified" value="10092544" />
  <attribute name="Current GC Util" value="34" />
  <attribute name= "Current Time Running" value="18821" />
  <attribute name ="GC Interval" value="0" />
  <attribute name="Target GC Util Change" value ="80.000000" />
  <attribute name="Current GC Util Change" value="34.000000"/>
  <attribute name="Current Error" value="-110.000000" />
  <attribute name="Output H" value="10168104"/>
  <attribute name="Output I" value="1816"/>
  <attribute name="Output T" value="16"/>
  <attribute name= "Current Time Running" value="18821" />
  <attribute name="GC Util currently" value="34" />
  <attribute name="CPU Util currently" value="47160416219" />
<allocation-satisfied id="223" threadId="0000000002320300" bytesRequested="24" />
<af-end id="224" timestamp="2019-08-08T10:54:30.429" threadId="0000000002320C88" success="true" />
<exclusive-end id="225" timestamp="2019-08-08T10:54:30.429" durationms="41.480" />

<exclusive-start id="226" timestamp="2019-08-08T10:54:31.723" intervalms="1335.907">
  <response-info timems="0.021" idlems="0.021" threads="0" lastid="0000000002332F00" lastname="node-11" />
</exclusive-start>
<af-start id="227" threadId="0000000002333888" totalBytesRequested="264" timestamp="2019-08-08T10:54:31.723" intervalms="1334.103" />
<cycle-start id="228" type="global" contextid="0" timestamp="2019-08-08T10:54:31.723" intervalms="1334.101" />
<gc-start id="229" type="global" contextid="228" timestamp="2019-08-08T10:54:31.723">
  <mem-info id="230" free="510976" total="10223616" percent="4">
    <mem type="tenure" free="510976" total="10223616" percent="4">
      <mem type="soa" free="0" total="9712640" percent="0" />
      <mem type="loa" free="510976" total="510976" percent="100" />
    </mem>
  </mem-info>
</gc-start>
<allocation-stats totalBytes="2817856" >
  <allocated-bytes non-tlh="0" tlh="2817856" />
  <largest-consumer threadName="node-9" threadId="000000000236B500" bytes="143344" />
</allocation-stats>
<gc-op id="231" type="mark" timems="7.928" contextid="228" timestamp="2019-08-08T10:54:31.731">
  <trace-info objectcount="145335" scancount="135829" scanbytes="5316072" />
  <finalization candidates="13" enqueued="0" />
  <references type="soft" candidates="45" cleared="0" enqueued="0" dynamicThreshold="10" maxThreshold="32" />
  <references type="weak" candidates="143" cleared="0" enqueued="0" />
  <references type="phantom" candidates="57" cleared="0" enqueued="0" />
  <stringconstants candidates="3837" cleared="0"  />
</gc-op>
<gc-op id="232" type="sweep" timems="2.266" contextid="228" timestamp="2019-08-08T10:54:31.733" />
<mem-info id="233" free="3335496" total="10223616" percent="32">
  <mem type="tenure" free="3335496" total="10223616" percent="32" micro-fragmented="0" macro-fragmented="0">
    <mem type="soa" free="2824520" total="9712640" percent="29" />
    <mem type="loa" free="510976" total="510976" percent="100" />
  </mem>
</mem-info>
<gc-op id="234" type="compact" timems="15.287" contextid="228" timestamp="2019-08-08T10:54:31.749">
  <compact-info movecount="2036" movebytes="51296" reason="compact to aid heap contraction" />
</gc-op>
<heap-resize id="235" type="expand" space="tenure" amount="131072" count="1" timems="0.033" reason="satisfy allocation request" timestamp="2019-08-08T10:54:31.752" />
<gc-end id="236" type="global" contextid="228" durationms="28.637" usertimems="25.673" systemtimems="26.822" timestamp="2019-08-08T10:54:31.752" activeThreads="16">
  <mem-info id="237" free="3453136" total="10354688" percent="33">
    <mem type="tenure" free="3453136" total="10354688" percent="33">
      <mem type="soa" free="2936016" total="9837568" percent="29" />
      <mem type="loa" free="517120" total="517120" percent="100" />
    </mem>
  </mem-info>
</gc-end>
<cycle-end id="238" type="global" contextid="228" timestamp="2019-08-08T10:54:31.752" />
  <attribute name="elasticGC enabled" value="1" />
  <attribute name= "numThreadsSpecified" value="16" />
  <attribute name="heapSize specified" value="10223616" />
  <attribute name="Current GC Util" value="54" />
  <attribute name= "Current Time Running" value="20142" />
  <attribute name ="GC Interval" value="0" />
  <attribute name="Target GC Util Change" value ="80.000000" />
  <attribute name="Current GC Util Change" value="54.000000"/>
  <attribute name="Current Error" value="26.000000" />
  <attribute name="Output H" value="10299328"/>
  <attribute name="Output I" value="2056"/>
  <attribute name="Output T" value="16"/>
  <attribute name= "Current Time Running" value="20142" />
  <attribute name="GC Util currently" value="54" />
  <attribute name="CPU Util currently" value="75276349179" />
<allocation-satisfied id="239" threadId="0000000002332F00" bytesRequested="264" />
<af-end id="240" timestamp="2019-08-08T10:54:31.753" threadId="0000000002333888" success="true" />
<exclusive-end id="241" timestamp="2019-08-08T10:54:31.753" durationms="29.601" />

<exclusive-start id="242" timestamp="2019-08-08T10:54:33.109" intervalms="1386.428">
  <response-info timems="0.202" idlems="0.202" threads="0" lastid="0000000002320300" lastname="node-21" />
</exclusive-start>
<af-start id="243" threadId="0000000002320C88" totalBytesRequested="16" timestamp="2019-08-08T10:54:33.109" intervalms="1386.401" />
<cycle-start id="244" type="global" contextid="0" timestamp="2019-08-08T10:54:33.109" intervalms="1386.406" />
<gc-start id="245" type="global" contextid="244" timestamp="2019-08-08T10:54:33.109">
  <mem-info id="246" free="517120" total="10354688" percent="4">
    <mem type="tenure" free="517120" total="10354688" percent="4">
      <mem type="soa" free="0" total="9837568" percent="0" />
      <mem type="loa" free="517120" total="517120" percent="100" />
    </mem>
  </mem-info>
</gc-start>
<allocation-stats totalBytes="2952560" >
  <allocated-bytes non-tlh="0" tlh="2952560" />
  <largest-consumer threadName="node-7" threadId="000000000237A500" bytes="143336" />
</allocation-stats>
<heap-resize id="247" type="loa contract" space="tenure" amount="103424" count="1" timems="0.000" reason="contract underutilized loa" timestamp="2019-08-08T10:54:33.110" />
<gc-op id="248" type="mark" timems="9.428" contextid="244" timestamp="2019-08-08T10:54:33.119">
  <trace-info objectcount="145347" scancount="135818" scanbytes="5315664" />
  <finalization candidates="13" enqueued="0" />
  <references type="soft" candidates="45" cleared="0" enqueued="0" dynamicThreshold="10" maxThreshold="32" />
  <references type="weak" candidates="143" cleared="0" enqueued="0" />
  <references type="phantom" candidates="57" cleared="0" enqueued="0" />
  <stringconstants candidates="3837" cleared="0"  />
</gc-op>
<gc-op id="249" type="sweep" timems="3.448" contextid="244" timestamp="2019-08-08T10:54:33.122" />
<mem-info id="250" free="3449816" total="10354688" percent="33">
  <mem type="tenure" free="3449816" total="10354688" percent="33" micro-fragmented="0" macro-fragmented="0">
    <mem type="soa" free="3036120" total="9940992" percent="30" />
    <mem type="loa" free="413696" total="413696" percent="100" />
  </mem>
</mem-info>
<gc-op id="251" type="compact" timems="20.587" contextid="244" timestamp="2019-08-08T10:54:33.143">
  <compact-info movecount="2048" movebytes="61560" reason="compact to aid heap contraction" />
</gc-op>
<heap-resize id="252" type="expand" space="tenure" amount="131072" count="1" timems="0.024" reason="satisfy allocation request" timestamp="2019-08-08T10:54:33.145" />
<gc-end id="253" type="global" contextid="244" durationms="35.181" usertimems="31.216" systemtimems="23.786" timestamp="2019-08-08T10:54:33.145" activeThreads="16">
  <mem-info id="254" free="3573944" total="10485760" percent="34">
    <mem type="tenure" free="3573944" total="10485760" percent="34">
      <mem type="soa" free="3155128" total="10066944" percent="31" />
      <mem type="loa" free="418816" total="418816" percent="100" />
    </mem>
  </mem-info>
</gc-end>
<cycle-end id="255" type="global" contextid="244" timestamp="2019-08-08T10:54:33.145" />
  <attribute name="elasticGC enabled" value="1" />
  <attribute name= "numThreadsSpecified" value="16" />
  <attribute name="heapSize specified" value="10354688" />
  <attribute name="Current GC Util" value="56" />
  <attribute name= "Current Time Running" value="21537" />
  <attribute name ="GC Interval" value="0" />
  <attribute name="Target GC Util Change" value ="80.000000" />
  <attribute name="Current GC Util Change" value="56.000000"/>
  <attribute name="Current Error" value="-12.000000" />
  <attribute name="Output H" value="10430360"/>
  <attribute name="Output I" value="1992"/>
  <attribute name="Output T" value="16"/>
  <attribute name= "Current Time Running" value="21537" />
  <attribute name="GC Util currently" value="56" />
  <attribute name="CPU Util currently" value="55411354377" />
<allocation-satisfied id="256" threadId="0000000002320300" bytesRequested="16" />
<af-end id="257" timestamp="2019-08-08T10:54:33.146" threadId="0000000002320C88" success="true" />
<exclusive-end id="258" timestamp="2019-08-08T10:54:33.146" durationms="36.228" />

<exclusive-start id="259" timestamp="2019-08-08T10:54:34.690" intervalms="1580.171">
  <response-info timems="0.304" idlems="0.304" threads="0" lastid="0000000002345E00" lastname="node-24" />
</exclusive-start>
<af-start id="260" threadId="0000000002346788" totalBytesRequested="32" timestamp="2019-08-08T10:54:34.690" intervalms="1580.163" />
<cycle-start id="261" type="global" contextid="0" timestamp="2019-08-08T10:54:34.690" intervalms="1580.154" />
<gc-start id="262" type="global" contextid="261" timestamp="2019-08-08T10:54:34.690">
  <mem-info id="263" free="418816" total="10485760" percent="3">
    <mem type="tenure" free="418816" total="10485760" percent="3">
      <mem type="soa" free="0" total="10066944" percent="0" />
      <mem type="loa" free="418816" total="418816" percent="100" />
    </mem>
  </mem-info>
</gc-start>
<allocation-stats totalBytes="3171680" >
  <allocated-bytes non-tlh="0" tlh="3171680" />
  <largest-consumer threadName="node-15" threadId="0000000002354E00" bytes="143352" />
</allocation-stats>
<heap-resize id="264" type="loa contract" space="tenure" amount="104448" count="1" timems="0.000" reason="contract underutilized loa" timestamp="2019-08-08T10:54:34.690" />
<gc-op id="265" type="mark" timems="6.590" contextid="261" timestamp="2019-08-08T10:54:34.696">
  <trace-info objectcount="145297" scancount="135783" scanbytes="5314880" />
  <finalization candidates="13" enqueued="0" />
  <references type="soft" candidates="45" cleared="0" enqueued="0" dynamicThreshold="10" maxThreshold="32" />
  <references type="weak" candidates="143" cleared="0" enqueued="0" />
  <references type="phantom" candidates="57" cleared="0" enqueued="0" />
  <stringconstants candidates="3837" cleared="0"  />
</gc-op>
<gc-op id="266" type="sweep" timems="2.058" contextid="261" timestamp="2019-08-08T10:54:34.698" />
<mem-info id="267" free="3598288" total="10485760" percent="34">
  <mem type="tenure" free="3598288" total="10485760" percent="34" micro-fragmented="0" macro-fragmented="0">
    <mem type="soa" free="3283920" total="10171392" percent="32" />
    <mem type="loa" free="314368" total="314368" percent="100" />
  </mem>
</mem-info>
<gc-op id="268" type="compact" timems="16.786" contextid="261" timestamp="2019-08-08T10:54:34.715">
  <compact-info movecount="1998" movebytes="49936" reason="compact to aid heap contraction" />
</gc-op>
<heap-resize id="269" type="expand" space="tenure" amount="131072" count="1" timems="0.024" reason="satisfy allocation request" timestamp="2019-08-08T10:54:34.716" />
<gc-end id="270" type="global" contextid="261" durationms="26.749" usertimems="27.650" systemtimems="15.053" timestamp="2019-08-08T10:54:34.716" activeThreads="16">
  <mem-info id="271" free="3716640" total="10616832" percent="35">
    <mem type="tenure" free="3716640" total="10616832" percent="35">
      <mem type="soa" free="3398176" total="10298368" percent="32" />
      <mem type="loa" free="318464" total="318464" percent="100" />
    </mem>
  </mem-info>
</gc-end>
<cycle-end id="272" type="global" contextid="261" timestamp="2019-08-08T10:54:34.717" />
  <attribute name="elasticGC enabled" value="1" />
  <attribute name= "numThreadsSpecified" value="16" />
  <attribute name="heapSize specified" value="10485760" />
  <attribute name="Current GC Util" value="38" />
  <attribute name= "Current Time Running" value="23109" />
  <attribute name ="GC Interval" value="0" />
  <attribute name="Target GC Util Change" value ="80.000000" />
  <attribute name="Current GC Util Change" value="38.000000"/>
  <attribute name="Current Error" value="-74.000000" />
  <attribute name="Output H" value="10561360"/>
  <attribute name="Output I" value="1880"/>
  <attribute name="Output T" value="16"/>
  <attribute name= "Current Time Running" value="23109" />
  <attribute name="GC Util currently" value="38" />
  <attribute name="CPU Util currently" value="68533974973" />
<allocation-satisfied id="273" threadId="0000000002345E00" bytesRequested="32" />
<af-end id="274" timestamp="2019-08-08T10:54:34.717" threadId="0000000002346788" success="true" />
<exclusive-end id="275" timestamp="2019-08-08T10:54:34.717" durationms="27.016" />

<exclusive-start id="276" timestamp="2019-08-08T10:54:36.264" intervalms="1574.919">
  <response-info timems="0.156" idlems="0.156" threads="0" lastid="0000000002320300" lastname="node-21" />
</exclusive-start>
<af-start id="277" threadId="0000000002320C88" totalBytesRequested="16" timestamp="2019-08-08T10:54:36.265" intervalms="1575.530" />
<cycle-start id="278" type="global" contextid="0" timestamp="2019-08-08T10:54:36.265" intervalms="1575.601" />
<gc-start id="279" type="global" contextid="278" timestamp="2019-08-08T10:54:36.265">
  <mem-info id="280" free="318464" total="10616832" percent="2">
    <mem type="tenure" free="318464" total="10616832" percent="2">
      <mem type="soa" free="0" total="10298368" percent="0" />
      <mem type="loa" free="318464" total="318464" percent="100" />
    </mem>
  </mem-info>
</gc-start>
<allocation-stats totalBytes="3415344" >
  <allocated-bytes non-tlh="0" tlh="3415344" />
  <largest-consumer threadName="node-9" threadId="000000000236B500" bytes="184112" />
</allocation-stats>
<heap-resize id="281" type="loa contract" space="tenure" amount="106496" count="1" timems="0.000" reason="contract underutilized loa" timestamp="2019-08-08T10:54:36.265" />
<gc-op id="282" type="mark" timems="8.094" contextid="278" timestamp="2019-08-08T10:54:36.273">
  <trace-info objectcount="145262" scancount="135762" scanbytes="5313984" />
  <finalization candidates="13" enqueued="0" />
  <references type="soft" candidates="45" cleared="0" enqueued="0" dynamicThreshold="11" maxThreshold="32" />
  <references type="weak" candidates="143" cleared="0" enqueued="0" />
  <references type="phantom" candidates="57" cleared="0" enqueued="0" />
  <stringconstants candidates="3837" cleared="0"  />
</gc-op>
<gc-op id="283" type="sweep" timems="4.065" contextid="278" timestamp="2019-08-08T10:54:36.278" />
<mem-info id="284" free="3727328" total="10616832" percent="35">
  <mem type="tenure" free="3727328" total="10616832" percent="35" micro-fragmented="0" macro-fragmented="0">
    <mem type="soa" free="3515360" total="10404864" percent="33" />
    <mem type="loa" free="211968" total="211968" percent="100" />
  </mem>
</mem-info>
<gc-op id="285" type="compact" timems="23.060" contextid="278" timestamp="2019-08-08T10:54:36.301">
  <compact-info movecount="1963" movebytes="49472" reason="compact to aid heap contraction" />
</gc-op>
<heap-resize id="286" type="expand" space="tenure" amount="131072" count="1" timems="0.021" reason="satisfy allocation request" timestamp="2019-08-08T10:54:36.303" />
<gc-end id="287" type="global" contextid="278" durationms="38.101" usertimems="29.413" systemtimems="29.210" timestamp="2019-08-08T10:54:36.303" activeThreads="16">
  <mem-info id="288" free="3848176" total="10747904" percent="35">
    <mem type="tenure" free="3848176" total="10747904" percent="35">
      <mem type="soa" free="3634160" total="10533888" percent="34" />
      <mem type="loa" free="214016" total="214016" percent="100" />
    </mem>
  </mem-info>
</gc-end>
<cycle-end id="289" type="global" contextid="278" timestamp="2019-08-08T10:54:36.304" />
  <attribute name="elasticGC enabled" value="1" />
  <attribute name= "numThreadsSpecified" value="16" />
  <attribute name="heapSize specified" value="10616832" />
  <attribute name="Current GC Util" value="45" />
  <attribute name= "Current Time Running" value="24694" />
  <attribute name ="GC Interval" value="0" />
  <attribute name="Target GC Util Change" value ="80.000000" />
  <attribute name="Current GC Util Change" value="45.000000"/>
  <attribute name="Current Error" value="35.000000" />
  <attribute name="Output H" value="10692552"/>
  <attribute name="Output I" value="2072"/>
  <attribute name="Output T" value="16"/>
  <attribute name= "Current Time Running" value="24694" />
  <attribute name="GC Util currently" value="45" />
  <attribute name="CPU Util currently" value="49893127005" />
<allocation-satisfied id="290" threadId="0000000002320300" bytesRequested="16" />
<af-end id="291" timestamp="2019-08-08T10:54:36.304" threadId="0000000002320C88" success="true" />
<exclusive-end id="292" timestamp="2019-08-08T10:54:36.304" durationms="39.112" />

<exclusive-start id="293" timestamp="2019-08-08T10:54:38.114" intervalms="1849.345">
  <response-info timems="0.029" idlems="0.029" threads="0" lastid="0000000002336B00" lastname="node-25" />
</exclusive-start>
<af-start id="294" threadId="0000000002337488" totalBytesRequested="376" timestamp="2019-08-08T10:54:38.114" intervalms="1848.774" />
<cycle-start id="295" type="global" contextid="0" timestamp="2019-08-08T10:54:38.114" intervalms="1848.706" />
<gc-start id="296" type="global" contextid="295" timestamp="2019-08-08T10:54:38.114">
  <mem-info id="297" free="214016" total="10747904" percent="1">
    <mem type="tenure" free="214016" total="10747904" percent="1">
      <mem type="soa" free="0" total="10533888" percent="0" />
      <mem type="loa" free="214016" total="214016" percent="100" />
    </mem>
  </mem-info>
</gc-start>
<allocation-stats totalBytes="3647192" >
  <allocated-bytes non-tlh="0" tlh="3647192" />
  <largest-consumer threadName="node-0" threadId="000000000232F300" bytes="184272" />
</allocation-stats>
<heap-resize id="298" type="loa contract" space="tenure" amount="107520" count="1" timems="0.000" reason="contract underutilized loa" timestamp="2019-08-08T10:54:38.114" />
<gc-op id="299" type="mark" timems="17.330" contextid="295" timestamp="2019-08-08T10:54:38.131">
  <trace-info objectcount="145238" scancount="135704" scanbytes="5313456" />
  <finalization candidates="13" enqueued="0" />
  <references type="soft" candidates="45" cleared="0" enqueued="0" dynamicThreshold="11" maxThreshold="32" />
  <references type="weak" candidates="143" cleared="0" enqueued="0" />
  <references type="phantom" candidates="57" cleared="0" enqueued="0" />
  <stringconstants candidates="3837" cleared="0"  />
</gc-op>
<gc-op id="300" type="sweep" timems="3.304" contextid="295" timestamp="2019-08-08T10:54:38.135" />
<mem-info id="301" free="3860296" total="10747904" percent="35">
  <mem type="tenure" free="3860296" total="10747904" percent="35" micro-fragmented="0" macro-fragmented="1500163">
    <mem type="soa" free="3753800" total="10641408" percent="35" />
    <mem type="loa" free="106496" total="106496" percent="100" />
  </mem>
</mem-info>
<gc-op id="302" type="compact" timems="15.597" contextid="295" timestamp="2019-08-08T10:54:38.150">
  <compact-info movecount="1939" movebytes="54936" reason="compact to aid heap contraction" />
</gc-op>
<heap-resize id="303" type="expand" space="tenure" amount="131072" count="1" timems="0.020" reason="satisfy allocation request" timestamp="2019-08-08T10:54:38.152" />
<gc-end id="304" type="global" contextid="295" durationms="37.591" usertimems="27.144" systemtimems="29.514" timestamp="2019-08-08T10:54:38.152" activeThreads="16">
  <mem-info id="305" free="3973784" total="10878976" percent="36">
    <mem type="tenure" free="3973784" total="10878976" percent="36">
      <mem type="soa" free="3865240" total="10770432" percent="35" />
      <mem type="loa" free="108544" total="108544" percent="100" />
    </mem>
  </mem-info>
</gc-end>
<cycle-end id="306" type="global" contextid="295" timestamp="2019-08-08T10:54:38.152" />
  <attribute name="elasticGC enabled" value="1" />
  <attribute name= "numThreadsSpecified" value="16" />
  <attribute name="heapSize specified" value="10747904" />
  <attribute name="Current GC Util" value="73" />
  <attribute name= "Current Time Running" value="26544" />
  <attribute name ="GC Interval" value="0" />
  <attribute name="Target GC Util Change" value ="80.000000" />
  <attribute name="Current GC Util Change" value="73.000000"/>
  <attribute name="Current Error" value="33.000000" />
  <attribute name="Output H" value="10823624"/>
  <attribute name="Output I" value="2072"/>
  <attribute name="Output T" value="16"/>
  <attribute name= "Current Time Running" value="26544" />
  <attribute name="GC Util currently" value="73" />
  <attribute name="CPU Util currently" value="73746381093" />
<allocation-satisfied id="307" threadId="0000000002336B00" bytesRequested="376" />
<af-end id="308" timestamp="2019-08-08T10:54:38.152" threadId="0000000002337488" success="true" />
<exclusive-end id="309" timestamp="2019-08-08T10:54:38.152" durationms="37.813" />

<exclusive-start id="310" timestamp="2019-08-08T10:54:40.134" intervalms="2020.124">
  <response-info timems="0.226" idlems="0.226" threads="0" lastid="0000000002345E00" lastname="node-24" />
</exclusive-start>
<af-start id="311" threadId="0000000002346788" totalBytesRequested="720" timestamp="2019-08-08T10:54:40.134" intervalms="2020.101" />
<cycle-start id="312" type="global" contextid="0" timestamp="2019-08-08T10:54:40.134" intervalms="2020.104" />
<gc-start id="313" type="global" contextid="312" timestamp="2019-08-08T10:54:40.134">
  <mem-info id="314" free="108544" total="10878976" percent="0">
    <mem type="tenure" free="108544" total="10878976" percent="0">
      <mem type="soa" free="0" total="10770432" percent="0" />
      <mem type="loa" free="108544" total="108544" percent="100" />
    </mem>
  </mem-info>
</gc-start>
<allocation-stats totalBytes="3881912" >
  <allocated-bytes non-tlh="0" tlh="3881912" />
  <largest-consumer threadName="node-10" threadId="0000000002367A00" bytes="184304" />
</allocation-stats>
<gc-op id="315" type="mark" timems="10.570" contextid="312" timestamp="2019-08-08T10:54:40.145">
  <trace-info objectcount="145230" scancount="135677" scanbytes="5312800" />
  <finalization candidates="13" enqueued="0" />
  <references type="soft" candidates="45" cleared="0" enqueued="0" dynamicThreshold="11" maxThreshold="32" />
  <references type="weak" candidates="143" cleared="0" enqueued="0" />
  <references type="phantom" candidates="57" cleared="0" enqueued="0" />
  <stringconstants candidates="3837" cleared="0"  />
</gc-op>
<gc-op id="316" type="sweep" timems="1.130" contextid="312" timestamp="2019-08-08T10:54:40.146" />
<mem-info id="317" free="3980640" total="10878976" percent="36">
  <mem type="tenure" free="3980640" total="10878976" percent="36" micro-fragmented="0" macro-fragmented="0">
    <mem type="soa" free="3872096" total="10770432" percent="35" />
    <mem type="loa" free="108544" total="108544" percent="100" />
  </mem>
</mem-info>
<gc-op id="318" type="compact" timems="16.153" contextid="312" timestamp="2019-08-08T10:54:40.162">
  <compact-info movecount="1931" movebytes="60728" reason="compact to aid heap contraction" />
</gc-op>
<heap-resize id="319" type="expand" space="tenure" amount="131072" count="1" timems="0.021" reason="satisfy allocation request" timestamp="2019-08-08T10:54:40.163" />
<gc-end id="320" type="global" contextid="312" durationms="28.793" usertimems="32.783" systemtimems="12.365" timestamp="2019-08-08T10:54:40.163" activeThreads="16">
  <mem-info id="321" free="4099064" total="11010048" percent="37">
    <mem type="tenure" free="4099064" total="11010048" percent="37">
      <mem type="soa" free="3989496" total="10900480" percent="36" />
      <mem type="loa" free="109568" total="109568" percent="100" />
    </mem>
  </mem-info>
</gc-end>
<cycle-end id="322" type="global" contextid="312" timestamp="2019-08-08T10:54:40.163" />
  <attribute name="elasticGC enabled" value="1" />
  <attribute name= "numThreadsSpecified" value="16" />
  <attribute name="heapSize specified" value="10878976" />
  <attribute name="Current GC Util" value="65" />
  <attribute name= "Current Time Running" value="28556" />
  <attribute name ="GC Interval" value="0" />
  <attribute name="Target GC Util Change" value ="80.000000" />
  <attribute name="Current GC Util Change" value="65.000000"/>
  <attribute name="Current Error" value="-103.000000" />
  <attribute name="Output H" value="10954544"/>
  <attribute name="Output I" value="1832"/>
  <attribute name="Output T" value="16"/>
  <attribute name= "Current Time Running" value="28556" />
  <attribute name="GC Util currently" value="65" />
  <attribute name="CPU Util currently" value="71113740867" />
<allocation-satisfied id="323" threadId="0000000002345E00" bytesRequested="720" />
<af-end id="324" timestamp="2019-08-08T10:54:40.163" threadId="0000000002346788" success="true" />
<exclusive-end id="325" timestamp="2019-08-08T10:54:40.163" durationms="29.017" />

<exclusive-start id="326" timestamp="2019-08-08T10:54:42.627" intervalms="2493.175">
  <response-info timems="0.057" idlems="0.057" threads="0" lastid="0000000002372D00" lastname="node-2" />
</exclusive-start>
<af-start id="327" threadId="0000000002373688" totalBytesRequested="24" timestamp="2019-08-08T10:54:42.627" intervalms="2493.171" />
<cycle-start id="328" type="global" contextid="0" timestamp="2019-08-08T10:54:42.627" intervalms="2493.174" />
<gc-start id="329" type="global" contextid="328" timestamp="2019-08-08T10:54:42.627">
  <mem-info id="330" free="109568" total="11010048" percent="0">
    <mem type="tenure" free="109568" total="11010048" percent="0">
      <mem type="soa" free="0" total="10900480" percent="0" />
      <mem type="loa" free="109568" total="109568" percent="100" />
    </mem>
  </mem-info>
</gc-start>
<allocation-stats totalBytes="4005744" >
  <allocated-bytes non-tlh="0" tlh="4005744" />
  <largest-consumer threadName="node-9" threadId="000000000236B500" bytes="208864" />
</allocation-stats>
<gc-op id="331" type="mark" timems="9.711" contextid="328" timestamp="2019-08-08T10:54:42.637">
  <trace-info objectcount="145162" scancount="135635" scanbytes="5311648" />
  <finalization candidates="13" enqueued="0" />
  <references type="soft" candidates="45" cleared="0" enqueued="0" dynamicThreshold="11" maxThreshold="32" />
  <references type="weak" candidates="143" cleared="0" enqueued="0" />
  <references type="phantom" candidates="57" cleared="0" enqueued="0" />
  <stringconstants candidates="3837" cleared="0"  />
</gc-op>
<gc-op id="332" type="sweep" timems="3.456" contextid="328" timestamp="2019-08-08T10:54:42.641" />
<mem-info id="333" free="4129288" total="11010048" percent="37">
  <mem type="tenure" free="4129288" total="11010048" percent="37" micro-fragmented="0" macro-fragmented="1500163">
    <mem type="soa" free="4019720" total="10900480" percent="36" />
    <mem type="loa" free="109568" total="109568" percent="100" />
  </mem>
</mem-info>
<gc-op id="334" type="compact" timems="25.399" contextid="328" timestamp="2019-08-08T10:54:42.666">
  <compact-info movecount="1863" movebytes="46752" reason="compact to aid heap contraction" />
</gc-op>
<heap-resize id="335" type="expand" space="tenure" amount="131072" count="1" timems="0.027" reason="satisfy allocation request" timestamp="2019-08-08T10:54:42.667" />
<gc-end id="336" type="global" contextid="328" durationms="40.161" usertimems="44.464" systemtimems="18.723" timestamp="2019-08-08T10:54:42.667" activeThreads="16">
  <mem-info id="337" free="4240016" total="11141120" percent="38">
    <mem type="tenure" free="4240016" total="11141120" percent="38">
      <mem type="soa" free="4129424" total="11030528" percent="37" />
      <mem type="loa" free="110592" total="110592" percent="100" />
    </mem>
  </mem-info>
</gc-end>
<cycle-end id="338" type="global" contextid="328" timestamp="2019-08-08T10:54:42.667" />
  <attribute name="elasticGC enabled" value="1" />
  <attribute name= "numThreadsSpecified" value="16" />
  <attribute name="heapSize specified" value="11010048" />
  <attribute name="Current GC Util" value="114" />
  <attribute name= "Current Time Running" value="31059" />
  <attribute name ="GC Interval" value="0" />
  <attribute name="Target GC Util Change" value ="80.000000" />
  <attribute name="Current GC Util Change" value="114.000000"/>
  <attribute name="Current Error" value="-34.000000" />
  <attribute name="Output H" value="11085696"/>
  <attribute name="Output I" value="1952"/>
  <attribute name="Output T" value="16"/>
  <attribute name= "Current Time Running" value="31059" />
  <attribute name="GC Util currently" value="114" />
  <attribute name="CPU Util currently" value="45285709504" />
<allocation-satisfied id="339" threadId="0000000002372D00" bytesRequested="24" />
<af-end id="340" timestamp="2019-08-08T10:54:42.667" threadId="0000000002373688" success="true" />
<exclusive-end id="341" timestamp="2019-08-08T10:54:42.668" durationms="40.388" />

<exclusive-start id="342" timestamp="2019-08-08T10:54:44.780" intervalms="2153.014">
  <response-info timems="0.041" idlems="0.041" threads="0" lastid="0000000002336B00" lastname="node-25" />
</exclusive-start>
<af-start id="343" threadId="0000000002337488" totalBytesRequested="24" timestamp="2019-08-08T10:54:44.780" intervalms="2153.044" />
<cycle-start id="344" type="global" contextid="0" timestamp="2019-08-08T10:54:44.780" intervalms="2153.039" />
<gc-start id="345" type="global" contextid="344" timestamp="2019-08-08T10:54:44.780">
  <mem-info id="346" free="110592" total="11141120" percent="0">
    <mem type="tenure" free="110592" total="11141120" percent="0">
      <mem type="soa" free="0" total="11030528" percent="0" />
      <mem type="loa" free="110592" total="110592" percent="100" />
    </mem>
  </mem-info>
</gc-start>
<allocation-stats totalBytes="4151936" >
  <allocated-bytes non-tlh="0" tlh="4151936" />
  <largest-consumer threadName="node-15" threadId="0000000002354E00" bytes="208880" />
</allocation-stats>
<gc-op id="347" type="mark" timems="10.660" contextid="344" timestamp="2019-08-08T10:54:44.791">
  <trace-info objectcount="145125" scancount="135607" scanbytes="5310760" />
  <finalization candidates="13" enqueued="0" />
  <references type="soft" candidates="45" cleared="0" enqueued="0" dynamicThreshold="12" maxThreshold="32" />
  <references type="weak" candidates="143" cleared="0" enqueued="0" />
  <references type="phantom" candidates="57" cleared="0" enqueued="0" />
  <stringconstants candidates="3837" cleared="0"  />
</gc-op>
<gc-op id="348" type="sweep" timems="5.934" contextid="344" timestamp="2019-08-08T10:54:44.797" />
<mem-info id="349" free="4245752" total="11141120" percent="38">
  <mem type="tenure" free="4245752" total="11141120" percent="38" micro-fragmented="0" macro-fragmented="0">
    <mem type="soa" free="4135160" total="11030528" percent="37" />
    <mem type="loa" free="110592" total="110592" percent="100" />
  </mem>
</mem-info>
<gc-op id="350" type="compact" timems="19.598" contextid="344" timestamp="2019-08-08T10:54:44.817">
  <compact-info movecount="1826" movebytes="45864" reason="compact to aid heap contraction" />
</gc-op>
<heap-resize id="351" type="expand" space="tenure" amount="131072" count="1" timems="0.019" reason="satisfy allocation request" timestamp="2019-08-08T10:54:44.818" />
<gc-end id="352" type="global" contextid="344" durationms="37.181" usertimems="38.116" systemtimems="34.877" timestamp="2019-08-08T10:54:44.818" activeThreads="16">
  <mem-info id="353" free="4371976" total="11272192" percent="38">
    <mem type="tenure" free="4371976" total="11272192" percent="38">
      <mem type="soa" free="4259336" total="11159552" percent="38" />
      <mem type="loa" free="112640" total="112640" percent="100" />
    </mem>
  </mem-info>
</gc-end>
<cycle-end id="354" type="global" contextid="344" timestamp="2019-08-08T10:54:44.818" />
  <attribute name="elasticGC enabled" value="1" />
  <attribute name= "numThreadsSpecified" value="16" />
  <attribute name="heapSize specified" value="11141120" />
  <attribute name="Current GC Util" value="118" />
  <attribute name= "Current Time Running" value="33210" />
  <attribute name ="GC Interval" value="0" />
  <attribute name="Target GC Util Change" value ="80.000000" />
  <attribute name="Current GC Util Change" value="118.000000"/>
  <attribute name="Current Error" value="-156.000000" />
  <attribute name="Output H" value="11216624"/>
  <attribute name="Output I" value="1736"/>
  <attribute name="Output T" value="16"/>
  <attribute name= "Current Time Running" value="33210" />
  <attribute name="GC Util currently" value="118" />
  <attribute name="CPU Util currently" value="58793038806" />
<allocation-satisfied id="355" threadId="0000000002336B00" bytesRequested="24" />
<af-end id="356" timestamp="2019-08-08T10:54:44.818" threadId="0000000002337488" success="true" />
<exclusive-end id="357" timestamp="2019-08-08T10:54:44.818" durationms="37.511" />

<exclusive-start id="358" timestamp="2019-08-08T10:54:46.452" intervalms="1671.474">
  <response-info timems="0.140" idlems="0.140" threads="0" lastid="0000000002332F00" lastname="node-11" />
</exclusive-start>
<af-start id="359" threadId="0000000002333888" totalBytesRequested="16" timestamp="2019-08-08T10:54:46.452" intervalms="1671.464" />
<cycle-start id="360" type="global" contextid="0" timestamp="2019-08-08T10:54:46.452" intervalms="1671.469" />
<gc-start id="361" type="global" contextid="360" timestamp="2019-08-08T10:54:46.452">
  <mem-info id="362" free="112640" total="11272192" percent="0">
    <mem type="tenure" free="112640" total="11272192" percent="0">
      <mem type="soa" free="0" total="11159552" percent="0" />
      <mem type="loa" free="112640" total="112640" percent="100" />
    </mem>
  </mem-info>
</gc-start>
<allocation-stats totalBytes="4278576" >
  <allocated-bytes non-tlh="0" tlh="4278576" />
  <largest-consumer threadName="node-25" threadId="0000000002336B00" bytes="208880" />
</allocation-stats>
<gc-op id="363" type="mark" timems="28.190" contextid="360" timestamp="2019-08-08T10:54:46.480">
  <trace-info objectcount="145114" scancount="135581" scanbytes="5310072" />
  <finalization candidates="13" enqueued="0" />
  <references type="soft" candidates="45" cleared="0" enqueued="0" dynamicThreshold="12" maxThreshold="32" />
  <references type="weak" candidates="143" cleared="0" enqueued="0" />
  <references type="phantom" candidates="57" cleared="0" enqueued="0" />
  <stringconstants candidates="3837" cleared="0"  />
</gc-op>
<gc-op id="364" type="sweep" timems="4.577" contextid="360" timestamp="2019-08-08T10:54:46.485" />
<mem-info id="365" free="4376392" total="11272192" percent="38">
  <mem type="tenure" free="4376392" total="11272192" percent="38" micro-fragmented="0" macro-fragmented="0">
    <mem type="soa" free="4263752" total="11159552" percent="38" />
    <mem type="loa" free="112640" total="112640" percent="100" />
  </mem>
</mem-info>
<gc-op id="366" type="compact" timems="23.895" contextid="360" timestamp="2019-08-08T10:54:46.509">
  <compact-info movecount="1815" movebytes="58336" reason="compact to aid heap contraction" />
</gc-op>
<heap-resize id="367" type="expand" space="tenure" amount="131072" count="1" timems="0.018" reason="satisfy allocation request" timestamp="2019-08-08T10:54:46.510" />
<gc-end id="368" type="global" contextid="360" durationms="57.898" usertimems="45.662" systemtimems="46.408" timestamp="2019-08-08T10:54:46.510" activeThreads="16">
  <mem-info id="369" free="4490576" total="11403264" percent="39">
    <mem type="tenure" free="4490576" total="11403264" percent="39">
      <mem type="soa" free="4376912" total="11289600" percent="38" />
      <mem type="loa" free="113664" total="113664" percent="100" />
    </mem>
  </mem-info>
</gc-end>
<cycle-end id="370" type="global" contextid="360" timestamp="2019-08-08T10:54:46.510" />
  <attribute name="elasticGC enabled" value="1" />
  <attribute name= "numThreadsSpecified" value="16" />
  <attribute name="heapSize specified" value="11272192" />
  <attribute name="Current GC Util" value="81" />
  <attribute name= "Current Time Running" value="34902" />
  <attribute name ="GC Interval" value="0" />
  <attribute name="Target GC Util Change" value ="80.000000" />
  <attribute name="Current GC Util Change" value="81.000000"/>
  <attribute name="Current Error" value="-139.000000" />
  <attribute name="Output H" value="11347712"/>
  <attribute name="Output I" value="1760"/>
  <attribute name="Output T" value="16"/>
  <attribute name= "Current Time Running" value="34902" />
  <attribute name="GC Util currently" value="81" />
  <attribute name="CPU Util currently" value="48209396400" />
<allocation-satisfied id="371" threadId="0000000002332F00" bytesRequested="16" />
<af-end id="372" timestamp="2019-08-08T10:54:46.510" threadId="0000000002333888" success="true" />
<exclusive-end id="373" timestamp="2019-08-08T10:54:46.510" durationms="58.343" />

<exclusive-start id="374" timestamp="2019-08-08T10:54:48.618" intervalms="2166.558">
  <response-info timems="0.710" idlems="0.495" threads="2" lastid="0000000002323F00" lastname="node-8" />
</exclusive-start>
<af-start id="375" threadId="0000000002337488" totalBytesRequested="16" timestamp="2019-08-08T10:54:48.618" intervalms="2166.568" />
<cycle-start id="376" type="global" contextid="0" timestamp="2019-08-08T10:54:48.618" intervalms="2166.573" />
<gc-start id="377" type="global" contextid="376" timestamp="2019-08-08T10:54:48.618">
  <mem-info id="378" free="113664" total="11403264" percent="0">
    <mem type="tenure" free="113664" total="11403264" percent="0">
      <mem type="soa" free="0" total="11289600" percent="0" />
      <mem type="loa" free="113664" total="113664" percent="100" />
    </mem>
  </mem-info>
</gc-start>
<allocation-stats totalBytes="4394256" >
  <allocated-bytes non-tlh="0" tlh="4394256" />
  <largest-consumer threadName="node-11" threadId="0000000002332F00" bytes="208872" />
</allocation-stats>
<gc-op id="379" type="mark" timems="12.149" contextid="376" timestamp="2019-08-08T10:54:48.630">
  <trace-info objectcount="145076" scancount="135526" scanbytes="5309144" />
  <finalization candidates="13" enqueued="0" />
  <references type="soft" candidates="45" cleared="0" enqueued="0" dynamicThreshold="12" maxThreshold="32" />
  <references type="weak" candidates="143" cleared="0" enqueued="0" />
  <references type="phantom" candidates="57" cleared="0" enqueued="0" />
  <stringconstants candidates="3837" cleared="0"  />
</gc-op>
<gc-op id="380" type="sweep" timems="5.671" contextid="376" timestamp="2019-08-08T10:54:48.636" />
<mem-info id="381" free="4510360" total="11403264" percent="39">
  <mem type="tenure" free="4510360" total="11403264" percent="39" micro-fragmented="0" macro-fragmented="0">
    <mem type="soa" free="4396696" total="11289600" percent="38" />
    <mem type="loa" free="113664" total="113664" percent="100" />
  </mem>
</mem-info>
<gc-op id="382" type="compact" timems="20.342" contextid="376" timestamp="2019-08-08T10:54:48.657">
  <compact-info movecount="1777" movebytes="56688" reason="compact to aid heap contraction" />
</gc-op>
<heap-resize id="383" type="expand" space="tenure" amount="131072" count="1" timems="0.022" reason="satisfy allocation request" timestamp="2019-08-08T10:54:48.658" />
<gc-end id="384" type="global" contextid="376" durationms="39.318" usertimems="27.663" systemtimems="47.681" timestamp="2019-08-08T10:54:48.658" activeThreads="16">
  <mem-info id="385" free="4623296" total="11534336" percent="40">
    <mem type="tenure" free="4623296" total="11534336" percent="40">
      <mem type="soa" free="4508608" total="11419648" percent="39" />
      <mem type="loa" free="114688" total="114688" percent="100" />
    </mem>
  </mem-info>
</gc-end>
<cycle-end id="386" type="global" contextid="376" timestamp="2019-08-08T10:54:48.658" />
  <attribute name="elasticGC enabled" value="1" />
  <attribute name= "numThreadsSpecified" value="16" />
  <attribute name="heapSize specified" value="11403264" />
  <attribute name="Current GC Util" value="88" />
  <attribute name= "Current Time Running" value="37050" />
  <attribute name ="GC Interval" value="0" />
  <attribute name="Target GC Util Change" value ="80.000000" />
  <attribute name="Current GC Util Change" value="88.000000"/>
  <attribute name="Current Error" value="-8.000000" />
  <attribute name="Output H" value="11478936"/>
  <attribute name="Output I" value="2000"/>
  <attribute name="Output T" value="16"/>
  <attribute name= "Current Time Running" value="37050" />
  <attribute name="GC Util currently" value="88" />
  <attribute name="CPU Util currently" value="56371845564" />
<allocation-satisfied id="387" threadId="0000000002336B00" bytesRequested="16" />
<af-end id="388" timestamp="2019-08-08T10:54:48.658" threadId="0000000002337488" success="true" />
<exclusive-end id="389" timestamp="2019-08-08T10:54:48.658" durationms="39.570" />

<exclusive-start id="390" timestamp="2019-08-08T10:54:50.664" intervalms="2046.079">
  <response-info timems="0.326" idlems="0.326" threads="0" lastid="0000000002372D00" lastname="node-2" />
</exclusive-start>
<af-start id="391" threadId="0000000002373688" totalBytesRequested="32" timestamp="2019-08-08T10:54:50.664" intervalms="2046.119" />
<cycle-start id="392" type="global" contextid="0" timestamp="2019-08-08T10:54:50.664" intervalms="2046.111" />
<gc-start id="393" type="global" contextid="392" timestamp="2019-08-08T10:54:50.664">
  <mem-info id="394" free="114688" total="11534336" percent="0">
    <mem type="tenure" free="114688" total="11534336" percent="0">
      <mem type="soa" free="0" total="11419648" percent="0" />
      <mem type="loa" free="114688" total="114688" percent="100" />
    </mem>
  </mem-info>
</gc-start>
<allocation-stats totalBytes="4529296" >
  <allocated-bytes non-tlh="0" tlh="4529296" />
  <largest-consumer threadName="node-16" threadId="0000000002327B00" bytes="208880" />
</allocation-stats>
<gc-op id="395" type="mark" timems="10.595" contextid="392" timestamp="2019-08-08T10:54:50.675">
  <trace-info objectcount="144980" scancount="135468" scanbytes="5307768" />
  <finalization candidates="13" enqueued="0" />
  <references type="soft" candidates="45" cleared="0" enqueued="0" dynamicThreshold="12" maxThreshold="32" />
  <references type="weak" candidates="143" cleared="0" enqueued="0" />
  <references type="phantom" candidates="57" cleared="0" enqueued="0" />
  <stringconstants candidates="3837" cleared="0"  />
</gc-op>
<gc-op id="396" type="sweep" timems="6.853" contextid="392" timestamp="2019-08-08T10:54:50.682" />
<mem-info id="397" free="4661408" total="11534336" percent="40">
  <mem type="tenure" free="4661408" total="11534336" percent="40" micro-fragmented="0" macro-fragmented="0">
    <mem type="soa" free="4546720" total="11419648" percent="39" />
    <mem type="loa" free="114688" total="114688" percent="100" />
  </mem>
</mem-info>
<gc-op id="398" type="compact" timems="27.965" contextid="392" timestamp="2019-08-08T10:54:50.710">
  <compact-info movecount="1668" movebytes="39104" reason="compact to aid heap contraction" />
</gc-op>
<heap-resize id="399" type="expand" space="tenure" amount="131072" count="1" timems="0.022" reason="satisfy allocation request" timestamp="2019-08-08T10:54:50.711" />
<gc-end id="400" type="global" contextid="392" durationms="46.461" usertimems="34.044" systemtimems="46.136" timestamp="2019-08-08T10:54:50.711" activeThreads="16">
  <mem-info id="401" free="4771360" total="11665408" percent="40">
    <mem type="tenure" free="4771360" total="11665408" percent="40">
      <mem type="soa" free="4655648" total="11549696" percent="40" />
      <mem type="loa" free="115712" total="115712" percent="100" />
    </mem>
  </mem-info>
</gc-end>
<cycle-end id="402" type="global" contextid="392" timestamp="2019-08-08T10:54:50.711" />
  <attribute name="elasticGC enabled" value="1" />
  <attribute name= "numThreadsSpecified" value="16" />
  <attribute name="heapSize specified" value="11534336" />
  <attribute name="Current GC Util" value="85" />
  <attribute name= "Current Time Running" value="39103" />
  <attribute name ="GC Interval" value="0" />
  <attribute name="Target GC Util Change" value ="80.000000" />
  <attribute name="Current GC Util Change" value="85.000000"/>
  <attribute name="Current Error" value="-109.000000" />
  <attribute name="Output H" value="11609896"/>
  <attribute name="Output I" value="1816"/>
  <attribute name="Output T" value="16"/>
  <attribute name= "Current Time Running" value="39103" />
  <attribute name="GC Util currently" value="85" />
  <attribute name="CPU Util currently" value="41220581808" />
<allocation-satisfied id="403" threadId="0000000002372D00" bytesRequested="32" />
<af-end id="404" timestamp="2019-08-08T10:54:50.711" threadId="0000000002373688" success="true" />
<exclusive-end id="405" timestamp="2019-08-08T10:54:50.711" durationms="46.730" />

<exclusive-start id="406" timestamp="2019-08-08T10:54:53.118" intervalms="2453.480">
  <response-info timems="3.960" idlems="3.960" threads="0" lastid="0000000002345E00" lastname="node-24" />
</exclusive-start>
<af-start id="407" threadId="0000000002346788" totalBytesRequested="16" timestamp="2019-08-08T10:54:53.118" intervalms="2453.459" />
<cycle-start id="408" type="global" contextid="0" timestamp="2019-08-08T10:54:53.118" intervalms="2453.468" />
<gc-start id="409" type="global" contextid="408" timestamp="2019-08-08T10:54:53.118">
  <mem-info id="410" free="115712" total="11665408" percent="0">
    <mem type="tenure" free="115712" total="11665408" percent="0">
      <mem type="soa" free="0" total="11549696" percent="0" />
      <mem type="loa" free="115712" total="115712" percent="100" />
    </mem>
  </mem-info>
</gc-start>
<allocation-stats totalBytes="4673136" >
  <allocated-bytes non-tlh="0" tlh="4673136" />
  <largest-consumer threadName="node-3" threadId="0000000002349A00" bytes="208888" />
</allocation-stats>
<gc-op id="411" type="mark" timems="18.306" contextid="408" timestamp="2019-08-08T10:54:53.136">
  <trace-info objectcount="144994" scancount="135468" scanbytes="5307248" />
  <finalization candidates="13" enqueued="0" />
  <references type="soft" candidates="45" cleared="0" enqueued="0" dynamicThreshold="13" maxThreshold="32" />
  <references type="weak" candidates="143" cleared="0" enqueued="0" />
  <references type="phantom" candidates="57" cleared="0" enqueued="0" />
  <stringconstants candidates="3837" cleared="0"  />
</gc-op>
<gc-op id="412" type="sweep" timems="4.334" contextid="408" timestamp="2019-08-08T10:54:53.141" />
<mem-info id="413" free="4780488" total="11665408" percent="40">
  <mem type="tenure" free="4780488" total="11665408" percent="40" micro-fragmented="0" macro-fragmented="27173">
    <mem type="soa" free="4664776" total="11549696" percent="40" />
    <mem type="loa" free="115712" total="115712" percent="100" />
  </mem>
</mem-info>
<gc-op id="414" type="compact" timems="20.642" contextid="408" timestamp="2019-08-08T10:54:53.161">
  <compact-info movecount="1682" movebytes="54352" reason="compact to aid heap contraction" />
</gc-op>
<heap-resize id="415" type="expand" space="tenure" amount="131072" count="1" timems="0.021" reason="satisfy allocation request" timestamp="2019-08-08T10:54:53.164" />
<gc-end id="416" type="global" contextid="408" durationms="46.088" usertimems="37.875" systemtimems="43.101" timestamp="2019-08-08T10:54:53.164" activeThreads="16">
  <mem-info id="417" free="4887184" total="11796480" percent="41">
    <mem type="tenure" free="4887184" total="11796480" percent="41">
      <mem type="soa" free="4769424" total="11678720" percent="40" />
      <mem type="loa" free="117760" total="117760" percent="100" />
    </mem>
  </mem-info>
</gc-end>
<cycle-end id="418" type="global" contextid="408" timestamp="2019-08-08T10:54:53.164" />
  <attribute name="elasticGC enabled" value="1" />
  <attribute name= "numThreadsSpecified" value="16" />
  <attribute name="heapSize specified" value="11665408" />
  <attribute name="Current GC Util" value="86" />
  <attribute name= "Current Time Running" value="41555" />
  <attribute name ="GC Interval" value="0" />
  <attribute name="Target GC Util Change" value ="80.000000" />
  <attribute name="Current GC Util Change" value="86.000000"/>
  <attribute name="Current Error" value="-164.000000" />
  <attribute name="Output H" value="11740904"/>
  <attribute name="Output I" value="1720"/>
  <attribute name="Output T" value="16"/>
  <attribute name= "Current Time Running" value="41555" />
  <attribute name="GC Util currently" value="86" />
  <attribute name="CPU Util currently" value="55828737638" />
<allocation-satisfied id="419" threadId="0000000002345E00" bytesRequested="16" />
<af-end id="420" timestamp="2019-08-08T10:54:53.164" threadId="0000000002346788" success="true" />
<exclusive-end id="421" timestamp="2019-08-08T10:54:53.164" durationms="46.332" />

<exclusive-start id="422" timestamp="2019-08-08T10:54:55.345" intervalms="2227.247">
  <response-info timems="0.229" idlems="0.229" threads="0" lastid="0000000002323F00" lastname="node-8" />
</exclusive-start>
<af-start id="423" threadId="0000000002324888" totalBytesRequested="16" timestamp="2019-08-08T10:54:55.345" intervalms="2227.192" />
<cycle-start id="424" type="global" contextid="0" timestamp="2019-08-08T10:54:55.345" intervalms="2227.179" />
<gc-start id="425" type="global" contextid="424" timestamp="2019-08-08T10:54:55.345">
  <mem-info id="426" free="117760" total="11796480" percent="0">
    <mem type="tenure" free="117760" total="11796480" percent="0">
      <mem type="soa" free="0" total="11678720" percent="0" />
      <mem type="loa" free="117760" total="117760" percent="100" />
    </mem>
  </mem-info>
</gc-start>
<allocation-stats totalBytes="4789448" >
  <allocated-bytes non-tlh="0" tlh="4789448" />
  <largest-consumer threadName="node-9" threadId="000000000236B500" bytes="221160" />
</allocation-stats>
<gc-op id="427" type="mark" timems="12.000" contextid="424" timestamp="2019-08-08T10:54:55.357">
  <trace-info objectcount="144964" scancount="135432" scanbytes="5306712" />
  <finalization candidates="13" enqueued="0" />
  <references type="soft" candidates="45" cleared="0" enqueued="0" dynamicThreshold="13" maxThreshold="32" />
  <references type="weak" candidates="143" cleared="0" enqueued="0" />
  <references type="phantom" candidates="57" cleared="0" enqueued="0" />
  <stringconstants candidates="3837" cleared="0"  />
</gc-op>
<gc-op id="428" type="sweep" timems="4.110" contextid="424" timestamp="2019-08-08T10:54:55.361" />
<mem-info id="429" free="4902576" total="11796480" percent="41">
  <mem type="tenure" free="4902576" total="11796480" percent="41" micro-fragmented="0" macro-fragmented="0">
    <mem type="soa" free="4784816" total="11678720" percent="40" />
    <mem type="loa" free="117760" total="117760" percent="100" />
  </mem>
</mem-info>
<gc-op id="430" type="compact" timems="20.949" contextid="424" timestamp="2019-08-08T10:54:55.382">
  <compact-info movecount="1652" movebytes="45368" reason="compact to aid heap contraction" />
</gc-op>
<heap-resize id="431" type="expand" space="tenure" amount="131072" count="1" timems="0.027" reason="satisfy allocation request" timestamp="2019-08-08T10:54:55.384" />
<gc-end id="432" type="global" contextid="424" durationms="38.386" usertimems="39.905" systemtimems="29.783" timestamp="2019-08-08T10:54:55.384" activeThreads="16">
  <mem-info id="433" free="5027240" total="11927552" percent="42">
    <mem type="tenure" free="5027240" total="11927552" percent="42">
      <mem type="soa" free="4908456" total="11808768" percent="41" />
      <mem type="loa" free="118784" total="118784" percent="100" />
    </mem>
  </mem-info>
</gc-end>
<cycle-end id="434" type="global" contextid="424" timestamp="2019-08-08T10:54:55.384" />
  <attribute name="elasticGC enabled" value="1" />
  <attribute name= "numThreadsSpecified" value="16" />
  <attribute name="heapSize specified" value="11796480" />
  <attribute name="Current GC Util" value="54" />
  <attribute name= "Current Time Running" value="43776" />
  <attribute name ="GC Interval" value="0" />
  <attribute name="Target GC Util Change" value ="80.000000" />
  <attribute name="Current GC Util Change" value="54.000000"/>
  <attribute name="Current Error" value="26.000000" />
  <attribute name="Output H" value="11872192"/>
  <attribute name="Output I" value="2056"/>
  <attribute name="Output T" value="16"/>
  <attribute name= "Current Time Running" value="43776" />
  <attribute name="GC Util currently" value="54" />
  <attribute name="CPU Util currently" value="54903687651" />
<allocation-satisfied id="435" threadId="0000000002323F00" bytesRequested="16" />
<af-end id="436" timestamp="2019-08-08T10:54:55.384" threadId="0000000002324888" success="true" />
<exclusive-end id="437" timestamp="2019-08-08T10:54:55.384" durationms="39.193" />

<exclusive-start id="438" timestamp="2019-08-08T10:54:58.049" intervalms="2704.420">
  <response-info timems="0.721" idlems="0.721" threads="0" lastid="0000000002363E00" lastname="node-14" />
</exclusive-start>
<af-start id="439" threadId="0000000002364788" totalBytesRequested="24" timestamp="2019-08-08T10:54:58.050" intervalms="2704.538" />
<cycle-start id="440" type="global" contextid="0" timestamp="2019-08-08T10:54:58.050" intervalms="2704.553" />
<gc-start id="441" type="global" contextid="440" timestamp="2019-08-08T10:54:58.050">
  <mem-info id="442" free="118784" total="11927552" percent="0">
    <mem type="tenure" free="118784" total="11927552" percent="0">
      <mem type="soa" free="0" total="11808768" percent="0" />
      <mem type="loa" free="118784" total="118784" percent="100" />
    </mem>
  </mem-info>
</gc-start>
<allocation-stats totalBytes="4929816" >
  <allocated-bytes non-tlh="0" tlh="4929816" />
  <largest-consumer threadName="node-8" threadId="0000000002323F00" bytes="257984" />
</allocation-stats>
<gc-op id="443" type="mark" timems="9.407" contextid="440" timestamp="2019-08-08T10:54:58.059">
  <trace-info objectcount="144873" scancount="135340" scanbytes="5304704" />
  <finalization candidates="13" enqueued="0" />
  <references type="soft" candidates="45" cleared="0" enqueued="0" dynamicThreshold="13" maxThreshold="32" />
  <references type="weak" candidates="143" cleared="0" enqueued="0" />
  <references type="phantom" candidates="57" cleared="0" enqueued="0" />
  <stringconstants candidates="3837" cleared="0"  />
</gc-op>
<gc-op id="444" type="sweep" timems="2.322" contextid="440" timestamp="2019-08-08T10:54:58.062" />
<mem-info id="445" free="5040792" total="11927552" percent="42">
  <mem type="tenure" free="5040792" total="11927552" percent="42" micro-fragmented="0" macro-fragmented="0">
    <mem type="soa" free="4922008" total="11808768" percent="41" />
    <mem type="loa" free="118784" total="118784" percent="100" />
  </mem>
</mem-info>
<gc-op id="446" type="compact" timems="17.285" contextid="440" timestamp="2019-08-08T10:54:58.079">
  <compact-info movecount="1561" movebytes="39168" reason="compact to aid heap contraction" />
</gc-op>
<heap-resize id="447" type="expand" space="tenure" amount="131072" count="1" timems="0.026" reason="satisfy allocation request" timestamp="2019-08-08T10:54:58.080" />
<gc-end id="448" type="global" contextid="440" durationms="30.534" usertimems="32.621" systemtimems="23.057" timestamp="2019-08-08T10:54:58.080" activeThreads="16">
  <mem-info id="449" free="5164512" total="12058624" percent="42">
    <mem type="tenure" free="5164512" total="12058624" percent="42">
      <mem type="soa" free="5044704" total="11938816" percent="42" />
      <mem type="loa" free="119808" total="119808" percent="100" />
    </mem>
  </mem-info>
</gc-end>
<cycle-end id="450" type="global" contextid="440" timestamp="2019-08-08T10:54:58.080" />
  <attribute name="elasticGC enabled" value="1" />
  <attribute name= "numThreadsSpecified" value="16" />
  <attribute name="heapSize specified" value="11927552" />
  <attribute name="Current GC Util" value="63" />
  <attribute name= "Current Time Running" value="46472" />
  <attribute name ="GC Interval" value="0" />
  <attribute name="Target GC Util Change" value ="80.000000" />
  <attribute name="Current GC Util Change" value="63.000000"/>
  <attribute name="Current Error" value="-89.000000" />
  <attribute name="Output H" value="12003136"/>
  <attribute name="Output I" value="1856"/>
  <attribute name="Output T" value="16"/>
  <attribute name= "Current Time Running" value="46472" />
  <attribute name="GC Util currently" value="63" />
  <attribute name="CPU Util currently" value="66525986645" />
<allocation-satisfied id="451" threadId="0000000002363E00" bytesRequested="24" />
<af-end id="452" timestamp="2019-08-08T10:54:58.080" threadId="0000000002364788" success="true" />
<exclusive-end id="453" timestamp="2019-08-08T10:54:58.080" durationms="30.928" />

<exclusive-start id="454" timestamp="2019-08-08T10:55:00.574" intervalms="2524.839">
  <response-info timems="0.320" idlems="0.217" threads="1" lastid="0000000002376900" lastname="node-20" />
</exclusive-start>
<af-start id="455" threadId="0000000002337488" totalBytesRequested="16" timestamp="2019-08-08T10:55:00.574" intervalms="2524.809" />
<cycle-start id="456" type="global" contextid="0" timestamp="2019-08-08T10:55:00.574" intervalms="2524.800" />
<gc-start id="457" type="global" contextid="456" timestamp="2019-08-08T10:55:00.574">
  <mem-info id="458" free="119808" total="12058624" percent="0">
    <mem type="tenure" free="119808" total="12058624" percent="0">
      <mem type="soa" free="0" total="11938816" percent="0" />
      <mem type="loa" free="119808" total="119808" percent="100" />
    </mem>
  </mem-info>
</gc-start>
<allocation-stats totalBytes="5065456" >
  <allocated-bytes non-tlh="0" tlh="5065456" />
  <largest-consumer threadName="node-23" threadId="000000000236F100" bytes="258000" />
</allocation-stats>
<gc-op id="459" type="mark" timems="10.739" contextid="456" timestamp="2019-08-08T10:55:00.585">
  <trace-info objectcount="144851" scancount="135307" scanbytes="5303856" />
  <finalization candidates="13" enqueued="0" />
  <references type="soft" candidates="45" cleared="0" enqueued="0" dynamicThreshold="13" maxThreshold="32" />
  <references type="weak" candidates="143" cleared="0" enqueued="0" />
  <references type="phantom" candidates="57" cleared="0" enqueued="0" />
  <stringconstants candidates="3837" cleared="0"  />
</gc-op>
<gc-op id="460" type="sweep" timems="3.892" contextid="456" timestamp="2019-08-08T10:55:00.589" />
<mem-info id="461" free="5163016" total="12058624" percent="42">
  <mem type="tenure" free="5163016" total="12058624" percent="42" micro-fragmented="0" macro-fragmented="0">
    <mem type="soa" free="5043208" total="11938816" percent="42" />
    <mem type="loa" free="119808" total="119808" percent="100" />
  </mem>
</mem-info>
<gc-op id="462" type="compact" timems="29.896" contextid="456" timestamp="2019-08-08T10:55:00.619">
  <compact-info movecount="1539" movebytes="46984" reason="compact to aid heap contraction" />
</gc-op>
<heap-resize id="463" type="expand" space="tenure" amount="131072" count="1" timems="0.019" reason="satisfy allocation request" timestamp="2019-08-08T10:55:00.621" />
<gc-end id="464" type="global" contextid="456" durationms="47.071" usertimems="32.923" systemtimems="48.683" timestamp="2019-08-08T10:55:00.621" activeThreads="16">
  <mem-info id="465" free="5287768" total="12189696" percent="43">
    <mem type="tenure" free="5287768" total="12189696" percent="43">
      <mem type="soa" free="5165912" total="12067840" percent="42" />
      <mem type="loa" free="121856" total="121856" percent="100" />
    </mem>
  </mem-info>
</gc-end>
<cycle-end id="466" type="global" contextid="456" timestamp="2019-08-08T10:55:00.622" />
  <attribute name="elasticGC enabled" value="1" />
  <attribute name= "numThreadsSpecified" value="16" />
  <attribute name="heapSize specified" value="12058624" />
  <attribute name="Current GC Util" value="101" />
  <attribute name= "Current Time Running" value="49014" />
  <attribute name ="GC Interval" value="0" />
  <attribute name="Target GC Util Change" value ="80.000000" />
  <attribute name="Current GC Util Change" value="101.000000"/>
  <attribute name="Current Error" value="-221.000000" />
  <attribute name="Output H" value="12134056"/>
  <attribute name="Output I" value="1616"/>
  <attribute name="Output T" value="16"/>
  <attribute name= "Current Time Running" value="49014" />
  <attribute name="GC Util currently" value="101" />
  <attribute name="CPU Util currently" value="36473822889" />
<allocation-satisfied id="467" threadId="0000000002336B00" bytesRequested="16" />
<af-end id="468" timestamp="2019-08-08T10:55:00.622" threadId="0000000002337488" success="true" />
<exclusive-end id="469" timestamp="2019-08-08T10:55:00.622" durationms="47.442" />

<exclusive-start id="470" timestamp="2019-08-08T10:55:03.022" intervalms="2447.514">
  <response-info timems="0.063" idlems="0.063" threads="0" lastid="000000000232F300" lastname="node-0" />
</exclusive-start>
<af-start id="471" threadId="000000000232FC88" totalBytesRequested="24" timestamp="2019-08-08T10:55:03.022" intervalms="2447.428" />
<cycle-start id="472" type="global" contextid="0" timestamp="2019-08-08T10:55:03.022" intervalms="2447.430" />
<gc-start id="473" type="global" contextid="472" timestamp="2019-08-08T10:55:03.022">
  <mem-info id="474" free="121856" total="12189696" percent="0">
    <mem type="tenure" free="121856" total="12189696" percent="0">
      <mem type="soa" free="0" total="12067840" percent="0" />
      <mem type="loa" free="121856" total="121856" percent="100" />
    </mem>
  </mem-info>
</gc-start>
<allocation-stats totalBytes="5184832" >
  <allocated-bytes non-tlh="0" tlh="5184832" />
  <largest-consumer threadName="node-10" threadId="0000000002367A00" bytes="257928" />
</allocation-stats>
<gc-op id="475" type="mark" timems="7.659" contextid="472" timestamp="2019-08-08T10:55:03.030">
  <trace-info objectcount="144778" scancount="135244" scanbytes="5302424" />
  <finalization candidates="13" enqueued="0" />
  <references type="soft" candidates="45" cleared="0" enqueued="0" dynamicThreshold="13" maxThreshold="32" />
  <references type="weak" candidates="143" cleared="0" enqueued="0" />
  <references type="phantom" candidates="57" cleared="0" enqueued="0" />
  <stringconstants candidates="3837" cleared="0"  />
</gc-op>
<gc-op id="476" type="sweep" timems="4.431" contextid="472" timestamp="2019-08-08T10:55:03.034" />
<mem-info id="477" free="5316672" total="12189696" percent="43">
  <mem type="tenure" free="5316672" total="12189696" percent="43" micro-fragmented="0" macro-fragmented="0">
    <mem type="soa" free="5194816" total="12067840" percent="43" />
    <mem type="loa" free="121856" total="121856" percent="100" />
  </mem>
</mem-info>
<gc-op id="478" type="compact" timems="18.816" contextid="472" timestamp="2019-08-08T10:55:03.053">
  <compact-info movecount="1466" movebytes="36888" reason="compact to aid heap contraction" />
</gc-op>
<heap-resize id="479" type="expand" space="tenure" amount="131072" count="1" timems="0.498" reason="satisfy allocation request" timestamp="2019-08-08T10:55:03.059" />
<gc-end id="480" type="global" contextid="472" durationms="37.413" usertimems="32.202" systemtimems="38.035" timestamp="2019-08-08T10:55:03.059" activeThreads="16">
  <mem-info id="481" free="5428936" total="12320768" percent="44">
    <mem type="tenure" free="5428936" total="12320768" percent="44">
      <mem type="soa" free="5306056" total="12197888" percent="43" />
      <mem type="loa" free="122880" total="122880" percent="100" />
    </mem>
  </mem-info>
</gc-end>
<cycle-end id="482" type="global" contextid="472" timestamp="2019-08-08T10:55:03.059" />
  <attribute name="elasticGC enabled" value="1" />
  <attribute name= "numThreadsSpecified" value="16" />
  <attribute name="heapSize specified" value="12189696" />
  <attribute name="Current GC Util" value="73" />
  <attribute name= "Current Time Running" value="51447" />
  <attribute name ="GC Interval" value="0" />
  <attribute name="Target GC Util Change" value ="80.000000" />
  <attribute name="Current GC Util Change" value="73.000000"/>
  <attribute name="Current Error" value="7.000000" />
  <attribute name="Output H" value="12265384"/>
  <attribute name="Output I" value="2024"/>
  <attribute name="Output T" value="16"/>
  <attribute name= "Current Time Running" value="51447" />
  <attribute name="GC Util currently" value="73" />
  <attribute name="CPU Util currently" value="60357878665" />
<allocation-satisfied id="483" threadId="000000000232F300" bytesRequested="24" />
<af-end id="484" timestamp="2019-08-08T10:55:03.060" threadId="000000000232FC88" success="true" />
<exclusive-end id="485" timestamp="2019-08-08T10:55:03.060" durationms="37.775" />

<exclusive-start id="486" timestamp="2019-08-08T10:55:05.804" intervalms="2782.309">
  <response-info timems="3.558" idlems="3.558" threads="0" lastid="000000000231C700" lastname="node-6" />
</exclusive-start>
<af-start id="487" threadId="000000000231D088" totalBytesRequested="24" timestamp="2019-08-08T10:55:05.804" intervalms="2782.386" />
<cycle-start id="488" type="global" contextid="0" timestamp="2019-08-08T10:55:05.804" intervalms="2782.385" />
<gc-start id="489" type="global" contextid="488" timestamp="2019-08-08T10:55:05.804">
  <mem-info id="490" free="122880" total="12320768" percent="0">
    <mem type="tenure" free="122880" total="12320768" percent="0">
      <mem type="soa" free="0" total="12197888" percent="0" />
      <mem type="loa" free="122880" total="122880" percent="100" />
    </mem>
  </mem-info>
</gc-start>
<allocation-stats totalBytes="5325496" >
  <allocated-bytes non-tlh="0" tlh="5325496" />
  <largest-consumer threadName="node-4" threadId="0000000002342200" bytes="257800" />
</allocation-stats>
<gc-op id="491" type="mark" timems="12.368" contextid="488" timestamp="2019-08-08T10:55:05.817">
  <trace-info objectcount="144764" scancount="135232" scanbytes="5301680" />
  <finalization candidates="13" enqueued="0" />
  <references type="soft" candidates="45" cleared="0" enqueued="0" dynamicThreshold="14" maxThreshold="32" />
  <references type="weak" candidates="143" cleared="0" enqueued="0" />
  <references type="phantom" candidates="57" cleared="0" enqueued="0" />
  <stringconstants candidates="3837" cleared="0"  />
</gc-op>
<gc-op id="492" type="sweep" timems="6.748" contextid="488" timestamp="2019-08-08T10:55:05.823" />
<mem-info id="493" free="5433832" total="12320768" percent="44">
  <mem type="tenure" free="5433832" total="12320768" percent="44" micro-fragmented="0" macro-fragmented="0">
    <mem type="soa" free="5310952" total="12197888" percent="43" />
    <mem type="loa" free="122880" total="122880" percent="100" />
  </mem>
</mem-info>
<gc-op id="494" type="compact" timems="17.839" contextid="488" timestamp="2019-08-08T10:55:05.841">
  <compact-info movecount="1452" movebytes="45048" reason="compact to aid heap contraction" />
</gc-op>
<heap-resize id="495" type="expand" space="tenure" amount="131072" count="1" timems="0.025" reason="satisfy allocation request" timestamp="2019-08-08T10:55:05.843" />
<gc-end id="496" type="global" contextid="488" durationms="38.702" usertimems="42.808" systemtimems="23.147" timestamp="2019-08-08T10:55:05.843" activeThreads="16">
  <mem-info id="497" free="5551848" total="12451840" percent="44">
    <mem type="tenure" free="5551848" total="12451840" percent="44">
      <mem type="soa" free="5427944" total="12327936" percent="44" />
      <mem type="loa" free="123904" total="123904" percent="100" />
    </mem>
  </mem-info>
</gc-end>
<cycle-end id="498" type="global" contextid="488" timestamp="2019-08-08T10:55:05.843" />
  <attribute name="elasticGC enabled" value="1" />
  <attribute name= "numThreadsSpecified" value="16" />
  <attribute name="heapSize specified" value="12320768" />
  <attribute name="Current GC Util" value="78" />
  <attribute name= "Current Time Running" value="54235" />
  <attribute name ="GC Interval" value="0" />
  <attribute name="Target GC Util Change" value ="80.000000" />
  <attribute name="Current GC Util Change" value="78.000000"/>
  <attribute name="Current Error" value="-96.000000" />
  <attribute name="Output H" value="12396344"/>
  <attribute name="Output I" value="1840"/>
  <attribute name="Output T" value="16"/>
  <attribute name= "Current Time Running" value="54235" />
  <attribute name="GC Util currently" value="78" />
  <attribute name="CPU Util currently" value="64503239873" />
<allocation-satisfied id="499" threadId="000000000231C700" bytesRequested="24" />
<af-end id="500" timestamp="2019-08-08T10:55:05.843" threadId="000000000231D088" success="true" />
<exclusive-end id="501" timestamp="2019-08-08T10:55:05.843" durationms="39.065" />

<exclusive-start id="502" timestamp="2019-08-08T10:55:08.861" intervalms="3057.230">
  <response-info timems="0.320" idlems="0.320" threads="0" lastid="000000000236B500" lastname="node-9" />
</exclusive-start>
<af-start id="503" threadId="000000000236BE88" totalBytesRequested="16" timestamp="2019-08-08T10:55:08.861" intervalms="3057.160" />
<cycle-start id="504" type="global" contextid="0" timestamp="2019-08-08T10:55:08.861" intervalms="3057.157" />
<gc-start id="505" type="global" contextid="504" timestamp="2019-08-08T10:55:08.861">
  <mem-info id="506" free="123904" total="12451840" percent="0">
    <mem type="tenure" free="123904" total="12451840" percent="0">
      <mem type="soa" free="0" total="12327936" percent="0" />
      <mem type="loa" free="123904" total="123904" percent="100" />
    </mem>
  </mem-info>
</gc-start>
<allocation-stats totalBytes="5445856" >
  <allocated-bytes non-tlh="0" tlh="5445856" />
  <largest-consumer threadName="node-2" threadId="0000000002372D00" bytes="258024" />
</allocation-stats>
<gc-op id="507" type="mark" timems="9.959" contextid="504" timestamp="2019-08-08T10:55:08.871">
  <trace-info objectcount="144684" scancount="135162" scanbytes="5300008" />
  <finalization candidates="13" enqueued="0" />
  <references type="soft" candidates="45" cleared="0" enqueued="0" dynamicThreshold="14" maxThreshold="32" />
  <references type="weak" candidates="143" cleared="0" enqueued="0" />
  <references type="phantom" candidates="57" cleared="0" enqueued="0" />
  <stringconstants candidates="3837" cleared="0"  />
</gc-op>
<gc-op id="508" type="sweep" timems="5.974" contextid="504" timestamp="2019-08-08T10:55:08.878" />
<mem-info id="509" free="5572608" total="12451840" percent="44">
  <mem type="tenure" free="5572608" total="12451840" percent="44" micro-fragmented="0" macro-fragmented="0">
    <mem type="soa" free="5448704" total="12327936" percent="44" />
    <mem type="loa" free="123904" total="123904" percent="100" />
  </mem>
</mem-info>
<gc-op id="510" type="compact" timems="20.106" contextid="504" timestamp="2019-08-08T10:55:08.898">
  <compact-info movecount="1372" movebytes="36688" reason="compact to aid heap contraction" />
</gc-op>
<heap-resize id="511" type="expand" space="tenure" amount="131072" count="1" timems="0.020" reason="satisfy allocation request" timestamp="2019-08-08T10:55:08.900" />
<gc-end id="512" type="global" contextid="504" durationms="38.900" usertimems="35.252" systemtimems="29.281" timestamp="2019-08-08T10:55:08.900" activeThreads="16">
  <mem-info id="513" free="5687184" total="12582912" percent="45">
    <mem type="tenure" free="5687184" total="12582912" percent="45">
      <mem type="soa" free="5562256" total="12457984" percent="44" />
      <mem type="loa" free="124928" total="124928" percent="100" />
    </mem>
  </mem-info>
</gc-end>
<cycle-end id="514" type="global" contextid="504" timestamp="2019-08-08T10:55:08.900" />
  <attribute name="elasticGC enabled" value="1" />
  <attribute name= "numThreadsSpecified" value="16" />
  <attribute name="heapSize specified" value="12451840" />
  <attribute name="Current GC Util" value="100" />
  <attribute name= "Current Time Running" value="57293" />
  <attribute name ="GC Interval" value="0" />
  <attribute name="Target GC Util Change" value ="80.000000" />
  <attribute name="Current GC Util Change" value="100.000000"/>
  <attribute name="Current Error" value="-110.000000" />
  <attribute name="Output H" value="12527400"/>
  <attribute name="Output I" value="1816"/>
  <attribute name="Output T" value="16"/>
  <attribute name= "Current Time Running" value="57293" />
  <attribute name="GC Util currently" value="100" />
  <attribute name="CPU Util currently" value="53429971623" />
<allocation-satisfied id="515" threadId="000000000236B500" bytesRequested="16" />
<af-end id="516" timestamp="2019-08-08T10:55:08.900" threadId="000000000236BE88" success="true" />
<exclusive-end id="517" timestamp="2019-08-08T10:55:08.901" durationms="39.405" />

<exclusive-start id="518" timestamp="2019-08-08T10:55:11.617" intervalms="2755.291">
  <response-info timems="0.590" idlems="0.314" threads="1" lastid="0000000002342200" lastname="node-4" />
</exclusive-start>
<af-start id="519" threadId="0000000002346788" totalBytesRequested="496" timestamp="2019-08-08T10:55:11.617" intervalms="2755.295" />
<cycle-start id="520" type="global" contextid="0" timestamp="2019-08-08T10:55:11.617" intervalms="2755.295" />
<gc-start id="521" type="global" contextid="520" timestamp="2019-08-08T10:55:11.617">
  <mem-info id="522" free="124928" total="12582912" percent="0">
    <mem type="tenure" free="124928" total="12582912" percent="0">
      <mem type="soa" free="0" total="12457984" percent="0" />
      <mem type="loa" free="124928" total="124928" percent="100" />
    </mem>
  </mem-info>
</gc-start>
<allocation-stats totalBytes="5587728" >
  <allocated-bytes non-tlh="0" tlh="5587728" />
  <largest-consumer threadName="node-7" threadId="000000000237A500" bytes="286648" />
</allocation-stats>
<gc-op id="523" type="mark" timems="10.647" contextid="520" timestamp="2019-08-08T10:55:11.627">
  <trace-info objectcount="144609" scancount="135110" scanbytes="5298816" />
  <finalization candidates="13" enqueued="0" />
  <references type="soft" candidates="45" cleared="0" enqueued="0" dynamicThreshold="14" maxThreshold="32" />
  <references type="weak" candidates="143" cleared="0" enqueued="0" />
  <references type="phantom" candidates="57" cleared="0" enqueued="0" />
  <stringconstants candidates="3837" cleared="0"  />
</gc-op>
<gc-op id="524" type="sweep" timems="5.329" contextid="520" timestamp="2019-08-08T10:55:11.633" />
<mem-info id="525" free="5718264" total="12582912" percent="45">
  <mem type="tenure" free="5718264" total="12582912" percent="45" micro-fragmented="0" macro-fragmented="0">
    <mem type="soa" free="5593336" total="12457984" percent="44" />
    <mem type="loa" free="124928" total="124928" percent="100" />
  </mem>
</mem-info>
<gc-op id="526" type="compact" timems="18.050" contextid="520" timestamp="2019-08-08T10:55:11.651">
  <compact-info movecount="1297" movebytes="30696" reason="compact to aid heap contraction" />
</gc-op>
<heap-resize id="527" type="expand" space="tenure" amount="131072" count="1" timems="0.023" reason="satisfy allocation request" timestamp="2019-08-08T10:55:11.653" />
<gc-end id="528" type="global" contextid="520" durationms="36.325" usertimems="40.754" systemtimems="23.368" timestamp="2019-08-08T10:55:11.653" activeThreads="16">
  <mem-info id="529" free="5824248" total="12713984" percent="45">
    <mem type="tenure" free="5824248" total="12713984" percent="45">
      <mem type="soa" free="5697272" total="12587008" percent="45" />
      <mem type="loa" free="126976" total="126976" percent="100" />
    </mem>
  </mem-info>
</gc-end>
<cycle-end id="530" type="global" contextid="520" timestamp="2019-08-08T10:55:11.653" />
  <attribute name="elasticGC enabled" value="1" />
  <attribute name= "numThreadsSpecified" value="16" />
  <attribute name="heapSize specified" value="12582912" />
  <attribute name="Current GC Util" value="62" />
  <attribute name= "Current Time Running" value="60044" />
  <attribute name ="GC Interval" value="0" />
  <attribute name="Target GC Util Change" value ="80.000000" />
  <attribute name="Current GC Util Change" value="62.000000"/>
  <attribute name="Current Error" value="18.000000" />
  <attribute name="Output H" value="12658616"/>
  <attribute name="Output I" value="2040"/>
  <attribute name="Output T" value="16"/>
  <attribute name= "Current Time Running" value="60044" />
  <attribute name="GC Util currently" value="62" />
  <attribute name="CPU Util currently" value="63759367332" />
<allocation-satisfied id="531" threadId="0000000002345E00" bytesRequested="496" />
<af-end id="532" timestamp="2019-08-08T10:55:11.653" threadId="0000000002346788" success="true" />
<exclusive-end id="533" timestamp="2019-08-08T10:55:11.653" durationms="36.602" />

<exclusive-start id="534" timestamp="2019-08-08T10:55:14.638" intervalms="3021.440">
  <response-info timems="0.027" idlems="0.027" threads="0" lastid="0000000002367A00" lastname="node-10" />
</exclusive-start>
<af-start id="535" threadId="0000000002368388" totalBytesRequested="32" timestamp="2019-08-08T10:55:14.638" intervalms="3021.445" />
<cycle-start id="536" type="global" contextid="0" timestamp="2019-08-08T10:55:14.638" intervalms="3021.445" />
<gc-start id="537" type="global" contextid="536" timestamp="2019-08-08T10:55:14.638">
  <mem-info id="538" free="126976" total="12713984" percent="0">
    <mem type="tenure" free="126976" total="12713984" percent="0">
      <mem type="soa" free="0" total="12587008" percent="0" />
      <mem type="loa" free="126976" total="126976" percent="100" />
    </mem>
  </mem-info>
</gc-start>
<allocation-stats totalBytes="5722576" >
  <allocated-bytes non-tlh="0" tlh="5722576" />
  <largest-consumer threadName="node-9" threadId="000000000236B500" bytes="286688" />
</allocation-stats>
<gc-op id="539" type="mark" timems="19.281" contextid="536" timestamp="2019-08-08T10:55:14.657">
  <trace-info objectcount="144571" scancount="135039" scanbytes="5297456" />
  <finalization candidates="13" enqueued="0" />
  <references type="soft" candidates="45" cleared="0" enqueued="0" dynamicThreshold="14" maxThreshold="32" />
  <references type="weak" candidates="143" cleared="0" enqueued="0" />
  <references type="phantom" candidates="57" cleared="0" enqueued="0" />
  <stringconstants candidates="3837" cleared="0"  />
</gc-op>
<gc-op id="540" type="sweep" timems="10.435" contextid="536" timestamp="2019-08-08T10:55:14.668" />
<mem-info id="541" free="5844232" total="12713984" percent="45">
  <mem type="tenure" free="5844232" total="12713984" percent="45" micro-fragmented="0" macro-fragmented="0">
    <mem type="soa" free="5717256" total="12587008" percent="45" />
    <mem type="loa" free="126976" total="126976" percent="100" />
  </mem>
</mem-info>
<gc-op id="542" type="compact" timems="15.205" contextid="536" timestamp="2019-08-08T10:55:14.683">
  <compact-info movecount="1259" movebytes="31920" reason="compact to aid heap contraction" />
</gc-op>
<heap-resize id="543" type="expand" space="tenure" amount="131072" count="1" timems="0.017" reason="satisfy allocation request" timestamp="2019-08-08T10:55:14.685" />
<gc-end id="544" type="global" contextid="536" durationms="46.470" usertimems="38.153" systemtimems="39.038" timestamp="2019-08-08T10:55:14.685" activeThreads="16">
  <mem-info id="545" free="5954096" total="12845056" percent="46">
    <mem type="tenure" free="5954096" total="12845056" percent="46">
      <mem type="soa" free="5826096" total="12717056" percent="45" />
      <mem type="loa" free="128000" total="128000" percent="100" />
    </mem>
  </mem-info>
</gc-end>
<cycle-end id="546" type="global" contextid="536" timestamp="2019-08-08T10:55:14.685" />
  <attribute name="elasticGC enabled" value="1" />
  <attribute name= "numThreadsSpecified" value="16" />
  <attribute name="heapSize specified" value="12713984" />
  <attribute name="Current GC Util" value="67" />
  <attribute name= "Current Time Running" value="63077" />
  <attribute name ="GC Interval" value="0" />
  <attribute name="Target GC Util Change" value ="80.000000" />
  <attribute name="Current GC Util Change" value="67.000000"/>
  <attribute name="Current Error" value="4.000000" />
  <attribute name="Output H" value="12789672"/>
  <attribute name="Output I" value="2016"/>
  <attribute name="Output T" value="16"/>
  <attribute name= "Current Time Running" value="63077" />
  <attribute name="GC Util currently" value="67" />
  <attribute name="CPU Util currently" value="74791284741" />
<allocation-satisfied id="547" threadId="0000000002367A00" bytesRequested="32" />
<af-end id="548" timestamp="2019-08-08T10:55:14.685" threadId="0000000002368388" success="true" />
<exclusive-end id="549" timestamp="2019-08-08T10:55:14.685" durationms="46.710" />

<exclusive-start id="550" timestamp="2019-08-08T10:55:17.685" intervalms="3046.699">
  <response-info timems="0.358" idlems="0.358" threads="0" lastid="0000000002332F00" lastname="node-11" />
</exclusive-start>
<af-start id="551" threadId="0000000002333888" totalBytesRequested="16" timestamp="2019-08-08T10:55:17.685" intervalms="3047.099" />
<cycle-start id="552" type="global" contextid="0" timestamp="2019-08-08T10:55:17.685" intervalms="3047.103" />
<gc-start id="553" type="global" contextid="552" timestamp="2019-08-08T10:55:17.685">
  <mem-info id="554" free="128000" total="12845056" percent="0">
    <mem type="tenure" free="128000" total="12845056" percent="0">
      <mem type="soa" free="0" total="12717056" percent="0" />
      <mem type="loa" free="128000" total="128000" percent="100" />
    </mem>
  </mem-info>
</gc-start>
<allocation-stats totalBytes="5848512" >
  <allocated-bytes non-tlh="0" tlh="5848512" />
  <largest-consumer threadName="node-23" threadId="000000000236F100" bytes="286664" />
</allocation-stats>
<gc-op id="555" type="mark" timems="8.135" contextid="552" timestamp="2019-08-08T10:55:17.694">
  <trace-info objectcount="144544" scancount="135016" scanbytes="5296416" />
  <finalization candidates="13" enqueued="0" />
  <references type="soft" candidates="45" cleared="0" enqueued="0" dynamicThreshold="14" maxThreshold="32" />
  <references type="weak" candidates="143" cleared="0" enqueued="0" />
  <references type="phantom" candidates="57" cleared="0" enqueued="0" />
  <stringconstants candidates="3837" cleared="0"  />
</gc-op>
<gc-op id="556" type="sweep" timems="3.834" contextid="552" timestamp="2019-08-08T10:55:17.697" />
<mem-info id="557" free="5961272" total="12845056" percent="46">
  <mem type="tenure" free="5961272" total="12845056" percent="46" micro-fragmented="0" macro-fragmented="0">
    <mem type="soa" free="5833272" total="12717056" percent="45" />
    <mem type="loa" free="128000" total="128000" percent="100" />
  </mem>
</mem-info>
<gc-op id="558" type="compact" timems="15.184" contextid="552" timestamp="2019-08-08T10:55:17.713">
  <compact-info movecount="1232" movebytes="41704" reason="compact to aid heap contraction" />
</gc-op>
<heap-resize id="559" type="expand" space="tenure" amount="131072" count="1" timems="0.025" reason="satisfy allocation request" timestamp="2019-08-08T10:55:17.714" />
<gc-end id="560" type="global" contextid="552" durationms="28.465" usertimems="35.212" systemtimems="15.987" timestamp="2019-08-08T10:55:17.714" activeThreads="16">
  <mem-info id="561" free="6075384" total="12976128" percent="46">
    <mem type="tenure" free="6075384" total="12976128" percent="46">
      <mem type="soa" free="5946360" total="12847104" percent="46" />
      <mem type="loa" free="129024" total="129024" percent="100" />
    </mem>
  </mem-info>
</gc-end>
<cycle-end id="562" type="global" contextid="552" timestamp="2019-08-08T10:55:17.714" />
  <attribute name="elasticGC enabled" value="1" />
  <attribute name= "numThreadsSpecified" value="16" />
  <attribute name="heapSize specified" value="12845056" />
  <attribute name="Current GC Util" value="79" />
  <attribute name= "Current Time Running" value="66106" />
  <attribute name ="GC Interval" value="0" />
  <attribute name="Target GC Util Change" value ="80.000000" />
  <attribute name="Current GC Util Change" value="79.000000"/>
  <attribute name="Current Error" value="-200.000000" />
  <attribute name="Output H" value="12920512"/>
  <attribute name="Output I" value="1656"/>
  <attribute name="Output T" value="16"/>
  <attribute name= "Current Time Running" value="66106" />
  <attribute name="GC Util currently" value="79" />
  <attribute name="CPU Util currently" value="75764663424" />
<allocation-satisfied id="563" threadId="0000000002332F00" bytesRequested="16" />
<af-end id="564" timestamp="2019-08-08T10:55:17.714" threadId="0000000002333888" success="true" />
<exclusive-end id="565" timestamp="2019-08-08T10:55:17.714" durationms="29.201" />

<exclusive-start id="566" timestamp="2019-08-08T10:55:20.239" intervalms="2553.821">
  <response-info timems="1.843" idlems="1.836" threads="2" lastid="0000000002372D00" lastname="node-2" />
</exclusive-start>
<af-start id="567" threadId="0000000002377288" totalBytesRequested="16" timestamp="2019-08-08T10:55:20.239" intervalms="2554.045" />
<cycle-start id="568" type="global" contextid="0" timestamp="2019-08-08T10:55:20.239" intervalms="2554.050" />
<gc-start id="569" type="global" contextid="568" timestamp="2019-08-08T10:55:20.239">
  <mem-info id="570" free="129024" total="12976128" percent="0">
    <mem type="tenure" free="129024" total="12976128" percent="0">
      <mem type="soa" free="0" total="12847104" percent="0" />
      <mem type="loa" free="129024" total="129024" percent="100" />
    </mem>
  </mem-info>
</gc-start>
<allocation-stats totalBytes="5971936" >
  <allocated-bytes non-tlh="0" tlh="5971936" />
  <largest-consumer threadName="node-25" threadId="0000000002336B00" bytes="286688" />
</allocation-stats>
<gc-op id="571" type="mark" timems="9.281" contextid="568" timestamp="2019-08-08T10:55:20.249">
  <trace-info objectcount="144485" scancount="134943" scanbytes="5295088" />
  <finalization candidates="13" enqueued="0" />
  <references type="soft" candidates="45" cleared="0" enqueued="0" dynamicThreshold="14" maxThreshold="32" />
  <references type="weak" candidates="143" cleared="0" enqueued="0" />
  <references type="phantom" candidates="57" cleared="0" enqueued="0" />
  <stringconstants candidates="3837" cleared="0"  />
</gc-op>
<gc-op id="572" type="sweep" timems="3.102" contextid="568" timestamp="2019-08-08T10:55:20.252" />
<mem-info id="573" free="6103040" total="12976128" percent="47">
  <mem type="tenure" free="6103040" total="12976128" percent="47" micro-fragmented="0" macro-fragmented="0">
    <mem type="soa" free="5974016" total="12847104" percent="46" />
    <mem type="loa" free="129024" total="129024" percent="100" />
  </mem>
</mem-info>
<gc-op id="574" type="compact" timems="14.283" contextid="568" timestamp="2019-08-08T10:55:20.266">
  <compact-info movecount="1173" movebytes="35840" reason="compact to aid heap contraction" />
</gc-op>
<heap-resize id="575" type="expand" space="tenure" amount="131072" count="1" timems="0.022" reason="satisfy allocation request" timestamp="2019-08-08T10:55:20.267" />
<gc-end id="576" type="global" contextid="568" durationms="28.108" usertimems="35.837" systemtimems="14.267" timestamp="2019-08-08T10:55:20.267" activeThreads="16">
  <mem-info id="577" free="6212320" total="13107200" percent="47">
    <mem type="tenure" free="6212320" total="13107200" percent="47">
      <mem type="soa" free="6081248" total="12976128" percent="46" />
      <mem type="loa" free="131072" total="131072" percent="100" />
    </mem>
  </mem-info>
</gc-end>
<cycle-end id="578" type="global" contextid="568" timestamp="2019-08-08T10:55:20.267" />
  <attribute name="elasticGC enabled" value="1" />
  <attribute name= "numThreadsSpecified" value="16" />
  <attribute name="heapSize specified" value="12976128" />
  <attribute name="Current GC Util" value="65" />
  <attribute name= "Current Time Running" value="68659" />
  <attribute name ="GC Interval" value="0" />
  <attribute name="Target GC Util Change" value ="80.000000" />
  <attribute name="Current GC Util Change" value="65.000000"/>
  <attribute name="Current Error" value="15.000000" />
  <attribute name="Output H" value="13051832"/>
  <attribute name="Output I" value="2040"/>
  <attribute name="Output T" value="16"/>
  <attribute name= "Current Time Running" value="68659" />
  <attribute name="GC Util currently" value="65" />
  <attribute name="CPU Util currently" value="81518491707" />
<allocation-satisfied id="579" threadId="0000000002376900" bytesRequested="16" />
<af-end id="580" timestamp="2019-08-08T10:55:20.267" threadId="0000000002377288" success="true" />
<exclusive-end id="581" timestamp="2019-08-08T10:55:20.268" durationms="29.358" />

<exclusive-start id="582" timestamp="2019-08-08T10:55:23.356" intervalms="3117.793">
  <response-info timems="0.026" idlems="0.026" threads="0" lastid="000000000232B700" lastname="node-13" />
</exclusive-start>
<af-start id="583" threadId="000000000232C088" totalBytesRequested="32" timestamp="2019-08-08T10:55:23.356" intervalms="3117.150" />
<cycle-start id="584" type="global" contextid="0" timestamp="2019-08-08T10:55:23.356" intervalms="3117.144" />
<gc-start id="585" type="global" contextid="584" timestamp="2019-08-08T10:55:23.356">
  <mem-info id="586" free="131072" total="13107200" percent="1">
    <mem type="tenure" free="131072" total="13107200" percent="1">
      <mem type="soa" free="0" total="12976128" percent="0" />
      <mem type="loa" free="131072" total="131072" percent="100" />
    </mem>
  </mem-info>
</gc-start>
<allocation-stats totalBytes="6100240" >
  <allocated-bytes non-tlh="0" tlh="6100240" />
  <largest-consumer threadName="node-16" threadId="0000000002327B00" bytes="286576" />
</allocation-stats>
<gc-op id="587" type="mark" timems="7.796" contextid="584" timestamp="2019-08-08T10:55:23.364">
  <trace-info objectcount="144412" scancount="134878" scanbytes="5293640" />
  <finalization candidates="13" enqueued="0" />
  <references type="soft" candidates="45" cleared="0" enqueued="0" dynamicThreshold="15" maxThreshold="32" />
  <references type="weak" candidates="143" cleared="0" enqueued="0" />
  <references type="phantom" candidates="57" cleared="0" enqueued="0" />
  <stringconstants candidates="3837" cleared="0"  />
</gc-op>
<gc-op id="588" type="sweep" timems="4.168" contextid="584" timestamp="2019-08-08T10:55:23.368" />
<mem-info id="589" free="6242560" total="13107200" percent="47">
  <mem type="tenure" free="6242560" total="13107200" percent="47" micro-fragmented="0" macro-fragmented="0">
    <mem type="soa" free="6111488" total="12976128" percent="47" />
    <mem type="loa" free="131072" total="131072" percent="100" />
  </mem>
</mem-info>
<gc-op id="590" type="compact" timems="14.869" contextid="584" timestamp="2019-08-08T10:55:23.383">
  <compact-info movecount="1100" movebytes="28104" reason="compact to aid heap contraction" />
</gc-op>
<heap-resize id="591" type="expand" space="tenure" amount="131072" count="1" timems="0.025" reason="satisfy allocation request" timestamp="2019-08-08T10:55:23.386" />
<gc-end id="592" type="global" contextid="584" durationms="29.618" usertimems="27.235" systemtimems="18.337" timestamp="2019-08-08T10:55:23.386" activeThreads="16">
  <mem-info id="593" free="6351128" total="13238272" percent="47">
    <mem type="tenure" free="6351128" total="13238272" percent="47">
      <mem type="soa" free="6219032" total="13106176" percent="47" />
      <mem type="loa" free="132096" total="132096" percent="100" />
    </mem>
  </mem-info>
</gc-end>
<cycle-end id="594" type="global" contextid="584" timestamp="2019-08-08T10:55:23.386" />
  <attribute name="elasticGC enabled" value="1" />
  <attribute name= "numThreadsSpecified" value="16" />
  <attribute name="heapSize specified" value="13107200" />
  <attribute name="Current GC Util" value="60" />
  <attribute name= "Current Time Running" value="71777" />
  <attribute name ="GC Interval" value="0" />
  <attribute name="Target GC Util Change" value ="80.000000" />
  <attribute name="Current GC Util Change" value="60.000000"/>
  <attribute name="Current Error" value="-49.000000" />
  <attribute name="Output H" value="13182824"/>
  <attribute name="Output I" value="1928"/>
  <attribute name="Output T" value="16"/>
  <attribute name= "Current Time Running" value="71777" />
  <attribute name="GC Util currently" value="60" />
  <attribute name="CPU Util currently" value="76625472170" />
<allocation-satisfied id="595" threadId="000000000232B700" bytesRequested="32" />
<af-end id="596" timestamp="2019-08-08T10:55:23.386" threadId="000000000232C088" success="true" />
<exclusive-end id="597" timestamp="2019-08-08T10:55:23.386" durationms="29.802" />

<exclusive-start id="598" timestamp="2019-08-08T10:55:26.136" intervalms="2779.791">
  <response-info timems="0.020" idlems="0.020" threads="0" lastid="0000000002376900" lastname="node-20" />
</exclusive-start>
<af-start id="599" threadId="0000000002377288" totalBytesRequested="376" timestamp="2019-08-08T10:55:26.136" intervalms="2779.812" />
<cycle-start id="600" type="global" contextid="0" timestamp="2019-08-08T10:55:26.136" intervalms="2779.806" />
<gc-start id="601" type="global" contextid="600" timestamp="2019-08-08T10:55:26.136">
  <mem-info id="602" free="132096" total="13238272" percent="0">
    <mem type="tenure" free="132096" total="13238272" percent="0">
      <mem type="soa" free="0" total="13106176" percent="0" />
      <mem type="loa" free="132096" total="132096" percent="100" />
    </mem>
  </mem-info>
</gc-start>
<allocation-stats totalBytes="6244392" >
  <allocated-bytes non-tlh="0" tlh="6244392" />
  <largest-consumer threadName="node-11" threadId="0000000002332F00" bytes="286688" />
</allocation-stats>
<gc-op id="603" type="mark" timems="8.166" contextid="600" timestamp="2019-08-08T10:55:26.144">
  <trace-info objectcount="144359" scancount="134848" scanbytes="5292504" />
  <finalization candidates="13" enqueued="0" />
  <references type="soft" candidates="45" cleared="0" enqueued="0" dynamicThreshold="15" maxThreshold="32" />
  <references type="weak" candidates="143" cleared="0" enqueued="0" />
  <references type="phantom" candidates="57" cleared="0" enqueued="0" />
  <stringconstants candidates="3837" cleared="0"  />
</gc-op>
<gc-op id="604" type="sweep" timems="3.763" contextid="600" timestamp="2019-08-08T10:55:26.148" />
<mem-info id="605" free="6369376" total="13238272" percent="48">
  <mem type="tenure" free="6369376" total="13238272" percent="48" micro-fragmented="0" macro-fragmented="0">
    <mem type="soa" free="6237280" total="13106176" percent="47" />
    <mem type="loa" free="132096" total="132096" percent="100" />
  </mem>
</mem-info>
<gc-op id="606" type="compact" timems="25.169" contextid="600" timestamp="2019-08-08T10:55:26.174">
  <compact-info movecount="1047" movebytes="30824" reason="compact to aid heap contraction" />
</gc-op>
<heap-resize id="607" type="expand" space="tenure" amount="131072" count="1" timems="0.024" reason="satisfy allocation request" timestamp="2019-08-08T10:55:26.175" />
<gc-end id="608" type="global" contextid="600" durationms="39.255" usertimems="35.204" systemtimems="39.462" timestamp="2019-08-08T10:55:26.175" activeThreads="16">
  <mem-info id="609" free="6479480" total="13369344" percent="48">
    <mem type="tenure" free="6479480" total="13369344" percent="48">
      <mem type="soa" free="6346360" total="13236224" percent="47" />
      <mem type="loa" free="133120" total="133120" percent="100" />
    </mem>
  </mem-info>
</gc-end>
<cycle-end id="610" type="global" contextid="600" timestamp="2019-08-08T10:55:26.176" />
  <attribute name="elasticGC enabled" value="1" />
  <attribute name= "numThreadsSpecified" value="16" />
  <attribute name="heapSize specified" value="13238272" />
  <attribute name="Current GC Util" value="96" />
  <attribute name= "Current Time Running" value="74567" />
  <attribute name ="GC Interval" value="0" />
  <attribute name="Target GC Util Change" value ="80.000000" />
  <attribute name="Current GC Util Change" value="96.000000"/>
  <attribute name="Current Error" value="-293.000000" />
  <attribute name="Output H" value="13313616"/>
  <attribute name="Output I" value="1488"/>
  <attribute name="Output T" value="16"/>
  <attribute name= "Current Time Running" value="74567" />
  <attribute name="GC Util currently" value="96" />
  <attribute name="CPU Util currently" value="45689054687" />
<allocation-satisfied id="611" threadId="0000000002376900" bytesRequested="376" />
<af-end id="612" timestamp="2019-08-08T10:55:26.176" threadId="0000000002377288" success="true" />
<exclusive-end id="613" timestamp="2019-08-08T10:55:26.176" durationms="39.459" />

<exclusive-start id="614" timestamp="2019-08-08T10:55:29.284" intervalms="3147.742">
  <response-info timems="0.022" idlems="0.022" threads="0" lastid="0000000002342200" lastname="node-4" />
</exclusive-start>
<af-start id="615" threadId="0000000002342B88" totalBytesRequested="720" timestamp="2019-08-08T10:55:29.284" intervalms="3147.736" />
<cycle-start id="616" type="global" contextid="0" timestamp="2019-08-08T10:55:29.284" intervalms="3147.734" />
<gc-start id="617" type="global" contextid="616" timestamp="2019-08-08T10:55:29.284">
  <mem-info id="618" free="133120" total="13369344" percent="0">
    <mem type="tenure" free="133120" total="13369344" percent="0">
      <mem type="soa" free="0" total="13236224" percent="0" />
      <mem type="loa" free="133120" total="133120" percent="100" />
    </mem>
  </mem-info>
</gc-start>
<allocation-stats totalBytes="6370920" >
  <allocated-bytes non-tlh="0" tlh="6370920" />
  <largest-consumer threadName="node-12" threadId="0000000002318B00" bytes="286720" />
</allocation-stats>
<gc-op id="619" type="mark" timems="11.421" contextid="616" timestamp="2019-08-08T10:55:29.295">
  <trace-info objectcount="144338" scancount="134804" scanbytes="5291416" />
  <finalization candidates="13" enqueued="0" />
  <references type="soft" candidates="45" cleared="0" enqueued="0" dynamicThreshold="15" maxThreshold="32" />
  <references type="weak" candidates="143" cleared="0" enqueued="0" />
  <references type="phantom" candidates="57" cleared="0" enqueued="0" />
  <stringconstants candidates="3837" cleared="0"  />
</gc-op>
<gc-op id="620" type="sweep" timems="4.315" contextid="616" timestamp="2019-08-08T10:55:29.300" />
<mem-info id="621" free="6485120" total="13369344" percent="48">
  <mem type="tenure" free="6485120" total="13369344" percent="48" micro-fragmented="0" macro-fragmented="0">
    <mem type="soa" free="6352000" total="13236224" percent="47" />
    <mem type="loa" free="133120" total="133120" percent="100" />
  </mem>
</mem-info>
<gc-op id="622" type="compact" timems="18.522" contextid="616" timestamp="2019-08-08T10:55:29.318">
  <compact-info movecount="1026" movebytes="38616" reason="compact to aid heap contraction" />
</gc-op>
<heap-resize id="623" type="expand" space="tenure" amount="131072" count="1" timems="0.022" reason="satisfy allocation request" timestamp="2019-08-08T10:55:29.320" />
<gc-end id="624" type="global" contextid="616" durationms="36.192" usertimems="25.775" systemtimems="31.459" timestamp="2019-08-08T10:55:29.320" activeThreads="16">
  <mem-info id="625" free="6602760" total="13500416" percent="48">
    <mem type="tenure" free="6602760" total="13500416" percent="48">
      <mem type="soa" free="6468616" total="13366272" percent="48" />
      <mem type="loa" free="134144" total="134144" percent="100" />
    </mem>
  </mem-info>
</gc-end>
<cycle-end id="626" type="global" contextid="616" timestamp="2019-08-08T10:55:29.320" />
  <attribute name="elasticGC enabled" value="1" />
  <attribute name= "numThreadsSpecified" value="16" />
  <attribute name="heapSize specified" value="13369344" />
  <attribute name="Current GC Util" value="47" />
  <attribute name= "Current Time Running" value="77712" />
  <attribute name ="GC Interval" value="0" />
  <attribute name="Target GC Util Change" value ="80.000000" />
  <attribute name="Current GC Util Change" value="47.000000"/>
  <attribute name="Current Error" value="33.000000" />
  <attribute name="Output H" value="13445064"/>
  <attribute name="Output I" value="2072"/>
  <attribute name="Output T" value="16"/>
  <attribute name= "Current Time Running" value="77712" />
  <attribute name="GC Util currently" value="47" />
  <attribute name="CPU Util currently" value="62631817663" />
<allocation-satisfied id="627" threadId="0000000002342200" bytesRequested="720" />
<af-end id="628" timestamp="2019-08-08T10:55:29.320" threadId="0000000002342B88" success="true" />
<exclusive-end id="629" timestamp="2019-08-08T10:55:29.321" durationms="36.713" />

<exclusive-start id="630" timestamp="2019-08-08T10:55:32.244" intervalms="2959.879">
  <response-info timems="0.478" idlems="0.478" threads="0" lastid="0000000002349A00" lastname="node-3" />
</exclusive-start>
<af-start id="631" threadId="000000000234A388" totalBytesRequested="432" timestamp="2019-08-08T10:55:32.244" intervalms="2960.300" />
<cycle-start id="632" type="global" contextid="0" timestamp="2019-08-08T10:55:32.244" intervalms="2960.310" />
<gc-start id="633" type="global" contextid="632" timestamp="2019-08-08T10:55:32.244">
  <mem-info id="634" free="134144" total="13500416" percent="0">
    <mem type="tenure" free="134144" total="13500416" percent="0">
      <mem type="soa" free="0" total="13366272" percent="0" />
      <mem type="loa" free="134144" total="134144" percent="100" />
    </mem>
  </mem-info>
</gc-start>
<allocation-stats totalBytes="6490400" >
  <allocated-bytes non-tlh="0" tlh="6490400" />
  <largest-consumer threadName="node-2" threadId="0000000002372D00" bytes="286688" />
</allocation-stats>
<gc-op id="635" type="mark" timems="8.268" contextid="632" timestamp="2019-08-08T10:55:32.253">
  <trace-info objectcount="144245" scancount="134734" scanbytes="5289600" />
  <finalization candidates="13" enqueued="0" />
  <references type="soft" candidates="45" cleared="0" enqueued="0" dynamicThreshold="15" maxThreshold="32" />
  <references type="weak" candidates="143" cleared="0" enqueued="0" />
  <references type="phantom" candidates="57" cleared="0" enqueued="0" />
  <stringconstants candidates="3837" cleared="0"  />
</gc-op>
<gc-op id="636" type="sweep" timems="6.510" contextid="632" timestamp="2019-08-08T10:55:32.259" />
<mem-info id="637" free="6636512" total="13500416" percent="49">
  <mem type="tenure" free="6636512" total="13500416" percent="49" micro-fragmented="0" macro-fragmented="0">
    <mem type="soa" free="6502368" total="13366272" percent="48" />
    <mem type="loa" free="134144" total="134144" percent="100" />
  </mem>
</mem-info>
<gc-op id="638" type="compact" timems="20.834" contextid="632" timestamp="2019-08-08T10:55:32.280">
  <compact-info movecount="933" movebytes="25224" reason="compact to aid heap contraction" />
</gc-op>
<heap-resize id="639" type="expand" space="tenure" amount="131072" count="1" timems="0.020" reason="satisfy allocation request" timestamp="2019-08-08T10:55:32.281" />
<gc-end id="640" type="global" contextid="632" durationms="36.989" usertimems="36.773" systemtimems="22.167" timestamp="2019-08-08T10:55:32.281" activeThreads="16">
  <mem-info id="641" free="6747224" total="13631488" percent="49">
    <mem type="tenure" free="6747224" total="13631488" percent="49">
      <mem type="soa" free="6611032" total="13495296" percent="48" />
      <mem type="loa" free="136192" total="136192" percent="100" />
    </mem>
  </mem-info>
</gc-end>
<cycle-end id="642" type="global" contextid="632" timestamp="2019-08-08T10:55:32.281" />
  <attribute name="elasticGC enabled" value="1" />
  <attribute name= "numThreadsSpecified" value="16" />
  <attribute name="heapSize specified" value="13500416" />
  <attribute name="Current GC Util" value="55" />
  <attribute name= "Current Time Running" value="80673" />
  <attribute name ="GC Interval" value="0" />
  <attribute name="Target GC Util Change" value ="80.000000" />
  <attribute name="Current GC Util Change" value="55.000000"/>
  <attribute name="Current Error" value="19.000000" />
  <attribute name="Output H" value="13576120"/>
  <attribute name="Output I" value="2048"/>
  <attribute name="Output T" value="16"/>
  <attribute name= "Current Time Running" value="80673" />
  <attribute name="GC Util currently" value="55" />
  <attribute name="CPU Util currently" value="55280412742" />
<allocation-satisfied id="643" threadId="0000000002349A00" bytesRequested="432" />
<af-end id="644" timestamp="2019-08-08T10:55:32.281" threadId="000000000234A388" success="true" />
<exclusive-end id="645" timestamp="2019-08-08T10:55:32.281" durationms="37.638" />

<exclusive-start id="646" timestamp="2019-08-08T10:55:35.419" intervalms="3175.500">
  <response-info timems="0.074" idlems="0.074" threads="0" lastid="000000000236B500" lastname="node-9" />
</exclusive-start>
<af-start id="647" threadId="000000000236BE88" totalBytesRequested="16" timestamp="2019-08-08T10:55:35.419" intervalms="3175.097" />
<cycle-start id="648" type="global" contextid="0" timestamp="2019-08-08T10:55:35.419" intervalms="3175.095" />
<gc-start id="649" type="global" contextid="648" timestamp="2019-08-08T10:55:35.419">
  <mem-info id="650" free="136192" total="13631488" percent="0">
    <mem type="tenure" free="136192" total="13631488" percent="0">
      <mem type="soa" free="0" total="13495296" percent="0" />
      <mem type="loa" free="136192" total="136192" percent="100" />
    </mem>
  </mem-info>
</gc-start>
<allocation-stats totalBytes="6634568" >
  <allocated-bytes non-tlh="0" tlh="6634568" />
  <largest-consumer threadName="node-16" threadId="0000000002327B00" bytes="298976" />
</allocation-stats>
<gc-op id="651" type="mark" timems="13.991" contextid="648" timestamp="2019-08-08T10:55:35.433">
  <trace-info objectcount="144192" scancount="134657" scanbytes="5288248" />
  <finalization candidates="13" enqueued="0" />
  <references type="soft" candidates="45" cleared="0" enqueued="0" dynamicThreshold="15" maxThreshold="32" />
  <references type="weak" candidates="143" cleared="0" enqueued="0" />
  <references type="phantom" candidates="57" cleared="0" enqueued="0" />
  <stringconstants candidates="3837" cleared="0"  />
</gc-op>
<gc-op id="652" type="sweep" timems="4.084" contextid="648" timestamp="2019-08-08T10:55:35.438" />
<mem-info id="653" free="6763688" total="13631488" percent="49">
  <mem type="tenure" free="6763688" total="13631488" percent="49" micro-fragmented="0" macro-fragmented="0">
    <mem type="soa" free="6627496" total="13495296" percent="49" />
    <mem type="loa" free="136192" total="136192" percent="100" />
  </mem>
</mem-info>
<gc-op id="654" type="compact" timems="24.388" contextid="648" timestamp="2019-08-08T10:55:35.462">
  <compact-info movecount="880" movebytes="24192" reason="compact to aid heap contraction" />
</gc-op>
<heap-resize id="655" type="expand" space="tenure" amount="131072" count="1" timems="0.020" reason="satisfy allocation request" timestamp="2019-08-08T10:55:35.465" />
<gc-end id="656" type="global" contextid="648" durationms="45.521" usertimems="44.854" systemtimems="35.560" timestamp="2019-08-08T10:55:35.465" activeThreads="16">
  <mem-info id="657" free="6879328" total="13762560" percent="49">
    <mem type="tenure" free="6879328" total="13762560" percent="49">
      <mem type="soa" free="6742112" total="13625344" percent="49" />
      <mem type="loa" free="137216" total="137216" percent="100" />
    </mem>
  </mem-info>
</gc-end>
<cycle-end id="658" type="global" contextid="648" timestamp="2019-08-08T10:55:35.465" />
  <attribute name="elasticGC enabled" value="1" />
  <attribute name= "numThreadsSpecified" value="16" />
  <attribute name="heapSize specified" value="13631488" />
  <attribute name="Current GC Util" value="67" />
  <attribute name= "Current Time Running" value="83856" />
  <attribute name ="GC Interval" value="0" />
  <attribute name="Target GC Util Change" value ="80.000000" />
  <attribute name="Current GC Util Change" value="67.000000"/>
  <attribute name="Current Error" value="-162.000000" />
  <attribute name="Output H" value="13706984"/>
  <attribute name="Output I" value="1720"/>
  <attribute name="Output T" value="16"/>
  <attribute name= "Current Time Running" value="83856" />
  <attribute name="GC Util currently" value="67" />
  <attribute name="CPU Util currently" value="46345956870" />
<allocation-satisfied id="659" threadId="000000000236B500" bytesRequested="16" />
<af-end id="660" timestamp="2019-08-08T10:55:35.465" threadId="000000000236BE88" success="true" />
<exclusive-end id="661" timestamp="2019-08-08T10:55:35.465" durationms="45.765" />

<exclusive-start id="662" timestamp="2019-08-08T10:55:38.734" intervalms="3314.973">
  <response-info timems="1.185" idlems="1.185" threads="0" lastid="000000000237A500" lastname="node-7" />
</exclusive-start>
<af-start id="663" threadId="000000000237AE88" totalBytesRequested="16" timestamp="2019-08-08T10:55:38.734" intervalms="3314.960" />
<cycle-start id="664" type="global" contextid="0" timestamp="2019-08-08T10:55:38.734" intervalms="3314.958" />
<gc-start id="665" type="global" contextid="664" timestamp="2019-08-08T10:55:38.734">
  <mem-info id="666" free="137216" total="13762560" percent="0">
    <mem type="tenure" free="137216" total="13762560" percent="0">
      <mem type="soa" free="0" total="13625344" percent="0" />
      <mem type="loa" free="137216" total="137216" percent="100" />
    </mem>
  </mem-info>
</gc-start>
<allocation-stats totalBytes="6764088" >
  <allocated-bytes non-tlh="0" tlh="6764088" />
  <largest-consumer threadName="node-8" threadId="0000000002323F00" bytes="343976" />
</allocation-stats>
<gc-op id="667" type="mark" timems="9.128" contextid="664" timestamp="2019-08-08T10:55:38.743">
  <trace-info objectcount="144140" scancount="134611" scanbytes="5286880" />
  <finalization candidates="13" enqueued="0" />
  <references type="soft" candidates="45" cleared="0" enqueued="0" dynamicThreshold="15" maxThreshold="32" />
  <references type="weak" candidates="143" cleared="0" enqueued="0" />
  <references type="phantom" candidates="57" cleared="0" enqueued="0" />
  <stringconstants candidates="3837" cleared="0"  />
</gc-op>
<gc-op id="668" type="sweep" timems="4.577" contextid="664" timestamp="2019-08-08T10:55:38.748" />
<mem-info id="669" free="6890384" total="13762560" percent="50">
  <mem type="tenure" free="6890384" total="13762560" percent="50" micro-fragmented="0" macro-fragmented="0">
    <mem type="soa" free="6753168" total="13625344" percent="49" />
    <mem type="loa" free="137216" total="137216" percent="100" />
  </mem>
</mem-info>
<gc-op id="670" type="compact" timems="25.598" contextid="664" timestamp="2019-08-08T10:55:38.774">
  <compact-info movecount="828" movebytes="26424" reason="compact to aid heap contraction" />
</gc-op>
<heap-resize id="671" type="expand" space="tenure" amount="131072" count="1" timems="0.022" reason="satisfy allocation request" timestamp="2019-08-08T10:55:38.777" />
<gc-end id="672" type="global" contextid="664" durationms="42.400" usertimems="33.141" systemtimems="38.766" timestamp="2019-08-08T10:55:38.777" activeThreads="16">
  <mem-info id="673" free="7008168" total="13893632" percent="50">
    <mem type="tenure" free="7008168" total="13893632" percent="50">
      <mem type="soa" free="6869928" total="13755392" percent="49" />
      <mem type="loa" free="138240" total="138240" percent="100" />
    </mem>
  </mem-info>
</gc-end>
<cycle-end id="674" type="global" contextid="664" timestamp="2019-08-08T10:55:38.777" />
  <attribute name="elasticGC enabled" value="1" />
  <attribute name= "numThreadsSpecified" value="16" />
  <attribute name="heapSize specified" value="13762560" />
  <attribute name="Current GC Util" value="110" />
  <attribute name= "Current Time Running" value="87167" />
  <attribute name ="GC Interval" value="0" />
  <attribute name="Target GC Util Change" value ="80.000000" />
  <attribute name="Current GC Util Change" value="110.000000"/>
  <attribute name="Current Error" value="-30.000000" />
  <attribute name="Output H" value="13838208"/>
  <attribute name="Output I" value="1960"/>
  <attribute name="Output T" value="16"/>
  <attribute name= "Current Time Running" value="87167" />
  <attribute name="GC Util currently" value="110" />
  <attribute name="CPU Util currently" value="44972617611" />
<allocation-satisfied id="675" threadId="000000000237A500" bytesRequested="16" />
<af-end id="676" timestamp="2019-08-08T10:55:38.777" threadId="000000000237AE88" success="true" />
<exclusive-end id="677" timestamp="2019-08-08T10:55:38.777" durationms="42.654" />

<exclusive-start id="678" timestamp="2019-08-08T10:55:41.834" intervalms="3099.332">
  <response-info timems="2.699" idlems="2.699" threads="0" lastid="0000000002345E00" lastname="node-24" />
</exclusive-start>
<af-start id="679" threadId="0000000002346788" totalBytesRequested="24" timestamp="2019-08-08T10:55:41.834" intervalms="3099.452" />
<cycle-start id="680" type="global" contextid="0" timestamp="2019-08-08T10:55:41.834" intervalms="3099.459" />
<gc-start id="681" type="global" contextid="680" timestamp="2019-08-08T10:55:41.834">
  <mem-info id="682" free="138240" total="13893632" percent="0">
    <mem type="tenure" free="138240" total="13893632" percent="0">
      <mem type="soa" free="0" total="13755392" percent="0" />
      <mem type="loa" free="138240" total="138240" percent="100" />
    </mem>
  </mem-info>
</gc-start>
<allocation-stats totalBytes="6890720" >
  <allocated-bytes non-tlh="0" tlh="6890720" />
  <largest-consumer threadName="node-2" threadId="0000000002372D00" bytes="343664" />
</allocation-stats>
<gc-op id="683" type="mark" timems="10.813" contextid="680" timestamp="2019-08-08T10:55:41.845">
  <trace-info objectcount="144072" scancount="134538" scanbytes="5285480" />
  <finalization candidates="13" enqueued="0" />
  <references type="soft" candidates="45" cleared="0" enqueued="0" dynamicThreshold="16" maxThreshold="32" />
  <references type="weak" candidates="143" cleared="0" enqueued="0" />
  <references type="phantom" candidates="57" cleared="0" enqueued="0" />
  <stringconstants candidates="3837" cleared="0"  />
</gc-op>
<gc-op id="684" type="sweep" timems="5.021" contextid="680" timestamp="2019-08-08T10:55:41.850" />
<mem-info id="685" free="7036376" total="13893632" percent="50">
  <mem type="tenure" free="7036376" total="13893632" percent="50" micro-fragmented="0" macro-fragmented="0">
    <mem type="soa" free="6898136" total="13755392" percent="50" />
    <mem type="loa" free="138240" total="138240" percent="100" />
  </mem>
</mem-info>
<gc-op id="686" type="compact" timems="20.303" contextid="680" timestamp="2019-08-08T10:55:41.870">
  <compact-info movecount="760" movebytes="19944" reason="compact to aid heap contraction" />
</gc-op>
<heap-resize id="687" type="expand" space="tenure" amount="131072" count="1" timems="0.024" reason="satisfy allocation request" timestamp="2019-08-08T10:55:41.872" />
<gc-end id="688" type="global" contextid="680" durationms="38.681" usertimems="20.587" systemtimems="44.118" timestamp="2019-08-08T10:55:41.873" activeThreads="16">
  <mem-info id="689" free="7145720" total="14024704" percent="50">
    <mem type="tenure" free="7145720" total="14024704" percent="50">
      <mem type="soa" free="7006456" total="13885440" percent="50" />
      <mem type="loa" free="139264" total="139264" percent="100" />
    </mem>
  </mem-info>
</gc-end>
<cycle-end id="690" type="global" contextid="680" timestamp="2019-08-08T10:55:41.873" />
  <attribute name="elasticGC enabled" value="1" />
  <attribute name= "numThreadsSpecified" value="16" />
  <attribute name="heapSize specified" value="13893632" />
  <attribute name="Current GC Util" value="65" />
  <attribute name= "Current Time Running" value="90264" />
  <attribute name ="GC Interval" value="0" />
  <attribute name="Target GC Util Change" value ="80.000000" />
  <attribute name="Current GC Util Change" value="65.000000"/>
  <attribute name="Current Error" value="-144.000000" />
  <attribute name="Output H" value="13969152"/>
  <attribute name="Output I" value="1752"/>
  <attribute name="Output T" value="16"/>
  <attribute name= "Current Time Running" value="90264" />
  <attribute name="GC Util currently" value="65" />
  <attribute name="CPU Util currently" value="56183195978" />
<allocation-satisfied id="691" threadId="0000000002345E00" bytesRequested="24" />
<af-end id="692" timestamp="2019-08-08T10:55:41.873" threadId="0000000002346788" success="true" />
<exclusive-end id="693" timestamp="2019-08-08T10:55:41.873" durationms="39.161" />

<exclusive-start id="694" timestamp="2019-08-08T10:55:44.822" intervalms="2988.296">
  <response-info timems="0.108" idlems="0.108" threads="0" lastid="000000000232B700" lastname="node-13" />
</exclusive-start>
<af-start id="695" threadId="000000000232C088" totalBytesRequested="24" timestamp="2019-08-08T10:55:44.822" intervalms="2988.158" />
<cycle-start id="696" type="global" contextid="0" timestamp="2019-08-08T10:55:44.822" intervalms="2988.150" />
<gc-start id="697" type="global" contextid="696" timestamp="2019-08-08T10:55:44.822">
  <mem-info id="698" free="139264" total="14024704" percent="0">
    <mem type="tenure" free="139264" total="14024704" percent="0">
      <mem type="soa" free="0" total="13885440" percent="0" />
      <mem type="loa" free="139264" total="139264" percent="100" />
    </mem>
  </mem-info>
</gc-start>
<allocation-stats totalBytes="7028896" >
  <allocated-bytes non-tlh="0" tlh="7028896" />
  <largest-consumer threadName="node-12" threadId="0000000002318B00" bytes="343816" />
</allocation-stats>
<gc-op id="699" type="mark" timems="12.659" contextid="696" timestamp="2019-08-08T10:55:44.835">
  <trace-info objectcount="144006" scancount="134506" scanbytes="5283896" />
  <finalization candidates="13" enqueued="0" />
  <references type="soft" candidates="45" cleared="0" enqueued="0" dynamicThreshold="16" maxThreshold="32" />
  <references type="weak" candidates="143" cleared="0" enqueued="0" />
  <references type="phantom" candidates="57" cleared="0" enqueued="0" />
  <stringconstants candidates="3837" cleared="0"  />
</gc-op>
<gc-op id="700" type="sweep" timems="6.613" contextid="696" timestamp="2019-08-08T10:55:44.841" />
<mem-info id="701" free="7167088" total="14024704" percent="51">
  <mem type="tenure" free="7167088" total="14024704" percent="51" micro-fragmented="0" macro-fragmented="0">
    <mem type="soa" free="7027824" total="13885440" percent="50" />
    <mem type="loa" free="139264" total="139264" percent="100" />
  </mem>
</mem-info>
<gc-op id="702" type="compact" timems="18.424" contextid="696" timestamp="2019-08-08T10:55:44.860">
  <compact-info movecount="694" movebytes="18360" reason="compact to aid heap contraction" />
</gc-op>
<heap-resize id="703" type="expand" space="tenure" amount="131072" count="1" timems="0.019" reason="satisfy allocation request" timestamp="2019-08-08T10:55:44.861" />
<gc-end id="704" type="global" contextid="696" durationms="39.217" usertimems="39.693" systemtimems="25.755" timestamp="2019-08-08T10:55:44.861" activeThreads="16">
  <mem-info id="705" free="7278376" total="14155776" percent="51">
    <mem type="tenure" free="7278376" total="14155776" percent="51">
      <mem type="soa" free="7137064" total="14014464" percent="50" />
      <mem type="loa" free="141312" total="141312" percent="100" />
    </mem>
  </mem-info>
</gc-end>
<cycle-end id="706" type="global" contextid="696" timestamp="2019-08-08T10:55:44.861" />
  <attribute name="elasticGC enabled" value="1" />
  <attribute name= "numThreadsSpecified" value="16" />
  <attribute name="heapSize specified" value="14024704" />
  <attribute name="Current GC Util" value="84" />
  <attribute name= "Current Time Running" value="93253" />
  <attribute name ="GC Interval" value="0" />
  <attribute name="Target GC Util Change" value ="80.000000" />
  <attribute name="Current GC Util Change" value="84.000000"/>
  <attribute name="Current Error" value="-106.000000" />
  <attribute name="Output H" value="14100264"/>
  <attribute name="Output I" value="1824"/>
  <attribute name="Output T" value="16"/>
  <attribute name= "Current Time Running" value="93253" />
  <attribute name="GC Util currently" value="84" />
  <attribute name="CPU Util currently" value="62267879704" />
<allocation-satisfied id="707" threadId="000000000232B700" bytesRequested="24" />
<af-end id="708" timestamp="2019-08-08T10:55:44.861" threadId="000000000232C088" success="true" />
<exclusive-end id="709" timestamp="2019-08-08T10:55:44.861" durationms="39.393" />

<exclusive-start id="710" timestamp="2019-08-08T10:55:48.662" intervalms="3840.469">
  <response-info timems="0.022" idlems="0.022" threads="0" lastid="0000000002376900" lastname="node-20" />
</exclusive-start>
<af-start id="711" threadId="0000000002377288" totalBytesRequested="24" timestamp="2019-08-08T10:55:48.662" intervalms="3840.611" />
<cycle-start id="712" type="global" contextid="0" timestamp="2019-08-08T10:55:48.663" intervalms="3840.632" />
<gc-start id="713" type="global" contextid="712" timestamp="2019-08-08T10:55:48.663">
  <mem-info id="714" free="141312" total="14155776" percent="0">
    <mem type="tenure" free="141312" total="14155776" percent="0">
      <mem type="soa" free="0" total="14014464" percent="0" />
      <mem type="loa" free="141312" total="141312" percent="100" />
    </mem>
  </mem-info>
</gc-start>
<allocation-stats totalBytes="7159016" >
  <allocated-bytes non-tlh="0" tlh="7159016" />
  <largest-consumer threadName="node-11" threadId="0000000002332F00" bytes="344008" />
</allocation-stats>
<gc-op id="715" type="mark" timems="8.387" contextid="712" timestamp="2019-08-08T10:55:48.671">
  <trace-info objectcount="143946" scancount="134419" scanbytes="5282464" />
  <finalization candidates="13" enqueued="0" />
  <references type="soft" candidates="45" cleared="0" enqueued="0" dynamicThreshold="16" maxThreshold="32" />
  <references type="weak" candidates="143" cleared="0" enqueued="0" />
  <references type="phantom" candidates="57" cleared="0" enqueued="0" />
  <stringconstants candidates="3837" cleared="0"  />
</gc-op>
<gc-op id="716" type="sweep" timems="4.978" contextid="712" timestamp="2019-08-08T10:55:48.676" />
<mem-info id="717" free="7306464" total="14155776" percent="51">
  <mem type="tenure" free="7306464" total="14155776" percent="51" micro-fragmented="0" macro-fragmented="0">
    <mem type="soa" free="7165152" total="14014464" percent="51" />
    <mem type="loa" free="141312" total="141312" percent="100" />
  </mem>
</mem-info>
<gc-op id="718" type="compact" timems="19.080" contextid="712" timestamp="2019-08-08T10:55:48.696">
  <compact-info movecount="634" movebytes="16976" reason="compact to aid heap contraction" />
</gc-op>
<heap-resize id="719" type="expand" space="tenure" amount="131072" count="1" timems="0.024" reason="satisfy allocation request" timestamp="2019-08-08T10:55:48.701" />
<gc-end id="720" type="global" contextid="712" durationms="38.526" usertimems="32.148" systemtimems="16.176" timestamp="2019-08-08T10:55:48.701" activeThreads="16">
  <mem-info id="721" free="7410832" total="14286848" percent="51">
    <mem type="tenure" free="7410832" total="14286848" percent="51">
      <mem type="soa" free="7268496" total="14144512" percent="51" />
      <mem type="loa" free="142336" total="142336" percent="100" />
    </mem>
  </mem-info>
</gc-end>
<cycle-end id="722" type="global" contextid="712" timestamp="2019-08-08T10:55:48.701" />
  <attribute name="elasticGC enabled" value="1" />
  <attribute name= "numThreadsSpecified" value="16" />
  <attribute name="heapSize specified" value="14155776" />
  <attribute name="Current GC Util" value="70" />
  <attribute name= "Current Time Running" value="97089" />
  <attribute name ="GC Interval" value="0" />
  <attribute name="Target GC Util Change" value ="80.000000" />
  <attribute name="Current GC Util Change" value="70.000000"/>
  <attribute name="Current Error" value="10.000000" />
  <attribute name="Output H" value="14231472"/>
  <attribute name="Output I" value="2032"/>
  <attribute name="Output T" value="16"/>
  <attribute name= "Current Time Running" value="97089" />
  <attribute name="GC Util currently" value="70" />
  <attribute name="CPU Util currently" value="60067265676" />
<allocation-satisfied id="723" threadId="0000000002376900" bytesRequested="24" />
<af-end id="724" timestamp="2019-08-08T10:55:48.701" threadId="0000000002377288" success="true" />
<exclusive-end id="725" timestamp="2019-08-08T10:55:48.701" durationms="38.979" />

<exclusive-start id="726" timestamp="2019-08-08T10:55:51.821" intervalms="3158.871">
  <response-info timems="1.249" idlems="1.249" threads="0" lastid="000000000231C700" lastname="node-6" />
</exclusive-start>
<af-start id="727" threadId="000000000231D088" totalBytesRequested="720" timestamp="2019-08-08T10:55:51.821" intervalms="3158.837" />
<cycle-start id="728" type="global" contextid="0" timestamp="2019-08-08T10:55:51.821" intervalms="3158.857" />
<gc-start id="729" type="global" contextid="728" timestamp="2019-08-08T10:55:51.821">
  <mem-info id="730" free="142336" total="14286848" percent="0">
    <mem type="tenure" free="142336" total="14286848" percent="0">
      <mem type="soa" free="0" total="14144512" percent="0" />
      <mem type="loa" free="142336" total="142336" percent="100" />
    </mem>
  </mem-info>
</gc-start>
<allocation-stats totalBytes="7290688" >
  <allocated-bytes non-tlh="0" tlh="7290688" />
  <largest-consumer threadName="node-3" threadId="0000000002349A00" bytes="344008" />
</allocation-stats>
<gc-op id="731" type="mark" timems="16.525" contextid="728" timestamp="2019-08-08T10:55:51.838">
  <trace-info objectcount="143888" scancount="134364" scanbytes="5280848" />
  <finalization candidates="13" enqueued="0" />
  <references type="soft" candidates="45" cleared="0" enqueued="0" dynamicThreshold="16" maxThreshold="32" />
  <references type="weak" candidates="143" cleared="0" enqueued="0" />
  <references type="phantom" candidates="57" cleared="0" enqueued="0" />
  <stringconstants candidates="3837" cleared="0"  />
</gc-op>
<gc-op id="732" type="sweep" timems="5.049" contextid="728" timestamp="2019-08-08T10:55:51.843" />
<mem-info id="733" free="7423064" total="14286848" percent="51">
  <mem type="tenure" free="7423064" total="14286848" percent="51" micro-fragmented="0" macro-fragmented="0">
    <mem type="soa" free="7280728" total="14144512" percent="51" />
    <mem type="loa" free="142336" total="142336" percent="100" />
  </mem>
</mem-info>
<gc-op id="734" type="compact" timems="15.881" contextid="728" timestamp="2019-08-08T10:55:51.859">
  <compact-info movecount="576" movebytes="18624" reason="compact to aid heap contraction" />
</gc-op>
<heap-resize id="735" type="expand" space="tenure" amount="131072" count="1" timems="0.017" reason="satisfy allocation request" timestamp="2019-08-08T10:55:51.861" />
<gc-end id="736" type="global" contextid="728" durationms="39.467" usertimems="29.067" systemtimems="31.948" timestamp="2019-08-08T10:55:51.861" activeThreads="16">
  <mem-info id="737" free="7540256" total="14417920" percent="52">
    <mem type="tenure" free="7540256" total="14417920" percent="52">
      <mem type="soa" free="7396896" total="14274560" percent="51" />
      <mem type="loa" free="143360" total="143360" percent="100" />
    </mem>
  </mem-info>
</gc-end>
<cycle-end id="738" type="global" contextid="728" timestamp="2019-08-08T10:55:51.861" />
  <attribute name="elasticGC enabled" value="1" />
  <attribute name= "numThreadsSpecified" value="16" />
  <attribute name="heapSize specified" value="14286848" />
  <attribute name="Current GC Util" value="0" />
  <attribute name= "Current Time Running" value="100252" />
  <attribute name ="GC Interval" value="0" />
  <attribute name="Target GC Util Change" value ="80.000000" />
  <attribute name="Current GC Util Change" value="0.000000"/>
  <attribute name="Current Error" value="60.000000" />
  <attribute name="Output H" value="14362600"/>
  <attribute name="Output I" value="2120"/>
  <attribute name="Output T" value="16"/>
  <attribute name= "Current Time Running" value="100252" />
  <attribute name="GC Util currently" value="0" />
  <attribute name="CPU Util currently" value="72481464498" />
<allocation-satisfied id="739" threadId="000000000231C700" bytesRequested="720" />
<af-end id="740" timestamp="2019-08-08T10:55:51.861" threadId="000000000231D088" success="true" />
<exclusive-end id="741" timestamp="2019-08-08T10:55:51.861" durationms="40.034" />

<exclusive-start id="742" timestamp="2019-08-08T10:55:55.849" intervalms="4027.459">
  <response-info timems="0.025" idlems="0.025" threads="0" lastid="000000000231C700" lastname="node-6" />
</exclusive-start>
<af-start id="743" threadId="000000000231D088" totalBytesRequested="24" timestamp="2019-08-08T10:55:55.849" intervalms="4027.384" />
<cycle-start id="744" type="global" contextid="0" timestamp="2019-08-08T10:55:55.849" intervalms="4027.345" />
<gc-start id="745" type="global" contextid="744" timestamp="2019-08-08T10:55:55.849">
  <mem-info id="746" free="143360" total="14417920" percent="0">
    <mem type="tenure" free="143360" total="14417920" percent="0">
      <mem type="soa" free="0" total="14274560" percent="0" />
      <mem type="loa" free="143360" total="143360" percent="100" />
    </mem>
  </mem-info>
</gc-start>
<allocation-stats totalBytes="7420376" >
  <allocated-bytes non-tlh="0" tlh="7420376" />
  <largest-consumer threadName="node-8" threadId="0000000002323F00" bytes="376768" />
</allocation-stats>
<gc-op id="747" type="mark" timems="13.590" contextid="744" timestamp="2019-08-08T10:55:55.862">
  <trace-info objectcount="143813" scancount="134301" scanbytes="5279296" />
  <finalization candidates="13" enqueued="0" />
  <references type="soft" candidates="45" cleared="0" enqueued="0" dynamicThreshold="16" maxThreshold="32" />
  <references type="weak" candidates="143" cleared="0" enqueued="0" />
  <references type="phantom" candidates="57" cleared="0" enqueued="0" />
  <stringconstants candidates="3837" cleared="0"  />
</gc-op>
<gc-op id="748" type="sweep" timems="4.792" contextid="744" timestamp="2019-08-08T10:55:55.867" />
<mem-info id="749" free="7567176" total="14417920" percent="52">
  <mem type="tenure" free="7567176" total="14417920" percent="52" micro-fragmented="0" macro-fragmented="0">
    <mem type="soa" free="7423816" total="14274560" percent="52" />
    <mem type="loa" free="143360" total="143360" percent="100" />
  </mem>
</mem-info>
<gc-op id="750" type="compact" timems="18.138" contextid="744" timestamp="2019-08-08T10:55:55.885">
  <compact-info movecount="501" movebytes="13784" reason="compact to aid heap contraction" />
</gc-op>
<heap-resize id="751" type="expand" space="tenure" amount="131072" count="1" timems="0.017" reason="satisfy allocation request" timestamp="2019-08-08T10:55:55.886" />
<gc-end id="752" type="global" contextid="744" durationms="37.370" usertimems="38.122" systemtimems="23.555" timestamp="2019-08-08T10:55:55.886" activeThreads="16">
  <mem-info id="753" free="7676168" total="14548992" percent="52">
    <mem type="tenure" free="7676168" total="14548992" percent="52">
      <mem type="soa" free="7530760" total="14403584" percent="52" />
      <mem type="loa" free="145408" total="145408" percent="100" />
    </mem>
  </mem-info>
</gc-end>
<cycle-end id="754" type="global" contextid="744" timestamp="2019-08-08T10:55:55.886" />
  <attribute name="elasticGC enabled" value="1" />
  <attribute name= "numThreadsSpecified" value="16" />
  <attribute name="heapSize specified" value="14417920" />
  <attribute name="Current GC Util" value="62" />
  <attribute name= "Current Time Running" value="104279" />
  <attribute name ="GC Interval" value="0" />
  <attribute name="Target GC Util Change" value ="80.000000" />
  <attribute name="Current GC Util Change" value="62.000000"/>
  <attribute name="Current Error" value="-181.000000" />
  <attribute name="Output H" value="14493392"/>
  <attribute name="Output I" value="1688"/>
  <attribute name="Output T" value="16"/>
  <attribute name= "Current Time Running" value="104279" />
  <attribute name="GC Util currently" value="62" />
  <attribute name="CPU Util currently" value="63460370557" />
<allocation-satisfied id="755" threadId="000000000231C700" bytesRequested="24" />
<af-end id="756" timestamp="2019-08-08T10:55:55.886" threadId="000000000231D088" success="true" />
<exclusive-end id="757" timestamp="2019-08-08T10:55:55.886" durationms="37.604" />

<exclusive-start id="758" timestamp="2019-08-08T10:55:59.413" intervalms="3564.363">
  <response-info timems="0.684" idlems="0.358" threads="1" lastid="0000000002320300" lastname="node-21" />
</exclusive-start>
<af-start id="759" threadId="0000000002342088" totalBytesRequested="248" timestamp="2019-08-08T10:55:59.413" intervalms="3564.341" />
<cycle-start id="760" type="global" contextid="0" timestamp="2019-08-08T10:55:59.413" intervalms="3564.335" />
<gc-start id="761" type="global" contextid="760" timestamp="2019-08-08T10:55:59.413">
  <mem-info id="762" free="145408" total="14548992" percent="0">
    <mem type="tenure" free="145408" total="14548992" percent="0">
      <mem type="soa" free="0" total="14403584" percent="0" />
      <mem type="loa" free="145408" total="145408" percent="100" />
    </mem>
  </mem-info>
</gc-start>
<allocation-stats totalBytes="7549296" >
  <allocated-bytes non-tlh="0" tlh="7549296" />
  <largest-consumer threadName="node-7" threadId="000000000237A500" bytes="376640" />
</allocation-stats>
<gc-op id="763" type="mark" timems="17.469" contextid="760" timestamp="2019-08-08T10:55:59.431">
  <trace-info objectcount="143775" scancount="134227" scanbytes="5277936" />
  <finalization candidates="13" enqueued="0" />
  <references type="soft" candidates="45" cleared="0" enqueued="0" dynamicThreshold="16" maxThreshold="32" />
  <references type="weak" candidates="143" cleared="0" enqueued="0" />
  <references type="phantom" candidates="57" cleared="0" enqueued="0" />
  <stringconstants candidates="3837" cleared="0"  />
</gc-op>
<gc-op id="764" type="sweep" timems="4.454" contextid="760" timestamp="2019-08-08T10:55:59.435" />
<mem-info id="765" free="7685832" total="14548992" percent="52">
  <mem type="tenure" free="7685832" total="14548992" percent="52" micro-fragmented="0" macro-fragmented="0">
    <mem type="soa" free="7540424" total="14403584" percent="52" />
    <mem type="loa" free="145408" total="145408" percent="100" />
  </mem>
</mem-info>
<gc-op id="766" type="compact" timems="29.462" contextid="760" timestamp="2019-08-08T10:55:59.465">
  <compact-info movecount="463" movebytes="21320" reason="compact to aid heap contraction" />
</gc-op>
<heap-resize id="767" type="expand" space="tenure" amount="131072" count="1" timems="0.023" reason="satisfy allocation request" timestamp="2019-08-08T10:55:59.467" />
<gc-end id="768" type="global" contextid="760" durationms="53.614" usertimems="42.059" systemtimems="44.362" timestamp="2019-08-08T10:55:59.467" activeThreads="16">
  <mem-info id="769" free="7795608" total="14680064" percent="53">
    <mem type="tenure" free="7795608" total="14680064" percent="53">
      <mem type="soa" free="7649176" total="14533632" percent="52" />
      <mem type="loa" free="146432" total="146432" percent="100" />
    </mem>
  </mem-info>
</gc-end>
<cycle-end id="770" type="global" contextid="760" timestamp="2019-08-08T10:55:59.467" />
  <attribute name="elasticGC enabled" value="1" />
  <attribute name= "numThreadsSpecified" value="16" />
  <attribute name="heapSize specified" value="14548992" />
  <attribute name="Current GC Util" value="87" />
  <attribute name= "Current Time Running" value="107859" />
  <attribute name ="GC Interval" value="0" />
  <attribute name="Target GC Util Change" value ="80.000000" />
  <attribute name="Current GC Util Change" value="87.000000"/>
  <attribute name="Current Error" value="-7.000000" />
  <attribute name="Output H" value="14624664"/>
  <attribute name="Output I" value="2000"/>
  <attribute name="Output T" value="16"/>
  <attribute name= "Current Time Running" value="107859" />
  <attribute name="GC Util currently" value="87" />
  <attribute name="CPU Util currently" value="37853423716" />
<allocation-satisfied id="771" threadId="0000000002341700" bytesRequested="248" />
<af-end id="772" timestamp="2019-08-08T10:55:59.467" threadId="0000000002342088" success="true" />
<exclusive-end id="773" timestamp="2019-08-08T10:55:59.467" durationms="53.941" />

<exclusive-start id="774" timestamp="2019-08-08T10:56:03.625" intervalms="4211.713">
  <response-info timems="1.412" idlems="1.412" threads="0" lastid="0000000002327B00" lastname="node-16" />
</exclusive-start>
<af-start id="775" threadId="0000000002328488" totalBytesRequested="24" timestamp="2019-08-08T10:56:03.625" intervalms="4211.945" />
<cycle-start id="776" type="global" contextid="0" timestamp="2019-08-08T10:56:03.625" intervalms="4212.248" />
<gc-start id="777" type="global" contextid="776" timestamp="2019-08-08T10:56:03.625">
  <mem-info id="778" free="146432" total="14680064" percent="0">
    <mem type="tenure" free="146432" total="14680064" percent="0">
      <mem type="soa" free="0" total="14533632" percent="0" />
      <mem type="loa" free="146432" total="146432" percent="100" />
    </mem>
  </mem-info>
</gc-start>
<allocation-stats totalBytes="7675888" >
  <allocated-bytes non-tlh="0" tlh="7675888" />
  <largest-consumer threadName="node-24" threadId="0000000002345E00" bytes="376752" />
</allocation-stats>
<gc-op id="779" type="mark" timems="13.534" contextid="776" timestamp="2019-08-08T10:56:03.639">
  <trace-info objectcount="143663" scancount="134130" scanbytes="5275664" />
  <finalization candidates="13" enqueued="0" />
  <references type="soft" candidates="45" cleared="0" enqueued="0" dynamicThreshold="16" maxThreshold="32" />
  <references type="weak" candidates="143" cleared="0" enqueued="0" />
  <references type="phantom" candidates="57" cleared="0" enqueued="0" />
  <stringconstants candidates="3837" cleared="0"  />
</gc-op>
<gc-op id="780" type="sweep" timems="2.419" contextid="776" timestamp="2019-08-08T10:56:03.642" />
<mem-info id="781" free="7837440" total="14680064" percent="53">
  <mem type="tenure" free="7837440" total="14680064" percent="53" micro-fragmented="0" macro-fragmented="0">
    <mem type="soa" free="7691008" total="14533632" percent="52" />
    <mem type="loa" free="146432" total="146432" percent="100" />
  </mem>
</mem-info>
<gc-op id="782" type="compact" timems="15.659" contextid="776" timestamp="2019-08-08T10:56:03.657">
  <compact-info movecount="351" movebytes="10128" reason="compact to aid heap contraction" />
</gc-op>
<heap-resize id="783" type="expand" space="tenure" amount="131072" count="1" timems="0.023" reason="satisfy allocation request" timestamp="2019-08-08T10:56:03.661" />
<gc-end id="784" type="global" contextid="776" durationms="35.723" usertimems="38.977" systemtimems="12.203" timestamp="2019-08-08T10:56:03.661" activeThreads="16">
  <mem-info id="785" free="7937872" total="14811136" percent="53">
    <mem type="tenure" free="7937872" total="14811136" percent="53">
      <mem type="soa" free="7790416" total="14663680" percent="53" />
      <mem type="loa" free="147456" total="147456" percent="100" />
    </mem>
  </mem-info>
</gc-end>
<cycle-end id="786" type="global" contextid="776" timestamp="2019-08-08T10:56:03.661" />
  <attribute name="elasticGC enabled" value="1" />
  <attribute name= "numThreadsSpecified" value="16" />
  <attribute name="heapSize specified" value="14680064" />
  <attribute name="Current GC Util" value="0" />
  <attribute name= "Current Time Running" value="112051" />
  <attribute name ="GC Interval" value="0" />
  <attribute name="Target GC Util Change" value ="80.000000" />
  <attribute name="Current GC Util Change" value="0.000000"/>
  <attribute name="Current Error" value="60.000000" />
  <attribute name="Output H" value="14755816"/>
  <attribute name="Output I" value="2120"/>
  <attribute name="Output T" value="16"/>
  <attribute name= "Current Time Running" value="112051" />
  <attribute name="GC Util currently" value="0" />
  <attribute name="CPU Util currently" value="73445117987" />
<allocation-satisfied id="787" threadId="0000000002327B00" bytesRequested="24" />
<af-end id="788" timestamp="2019-08-08T10:56:03.661" threadId="0000000002328488" success="true" />
<exclusive-end id="789" timestamp="2019-08-08T10:56:03.661" durationms="36.676" />

<exclusive-start id="790" timestamp="2019-08-08T10:56:07.179" intervalms="3554.271">
  <response-info timems="0.089" idlems="0.089" threads="0" lastid="0000000002367A00" lastname="node-10" />
</exclusive-start>
<af-start id="791" threadId="0000000002368388" totalBytesRequested="32" timestamp="2019-08-08T10:56:07.179" intervalms="3554.039" />
<cycle-start id="792" type="global" contextid="0" timestamp="2019-08-08T10:56:07.179" intervalms="3553.742" />
<gc-start id="793" type="global" contextid="792" timestamp="2019-08-08T10:56:07.179">
  <mem-info id="794" free="147456" total="14811136" percent="0">
    <mem type="tenure" free="147456" total="14811136" percent="0">
      <mem type="soa" free="0" total="14663680" percent="0" />
      <mem type="loa" free="147456" total="147456" percent="100" />
    </mem>
  </mem-info>
</gc-start>
<allocation-stats totalBytes="7813376" >
  <allocated-bytes non-tlh="0" tlh="7813376" />
  <largest-consumer threadName="node-16" threadId="0000000002327B00" bytes="376736" />
</allocation-stats>
<gc-op id="795" type="mark" timems="11.945" contextid="792" timestamp="2019-08-08T10:56:07.191">
  <trace-info objectcount="143572" scancount="134075" scanbytes="5273976" />
  <finalization candidates="13" enqueued="0" />
  <references type="soft" candidates="45" cleared="0" enqueued="0" dynamicThreshold="17" maxThreshold="32" />
  <references type="weak" candidates="143" cleared="0" enqueued="0" />
  <references type="phantom" candidates="57" cleared="0" enqueued="0" />
  <stringconstants candidates="3837" cleared="0"  />
</gc-op>
<gc-op id="796" type="sweep" timems="4.119" contextid="792" timestamp="2019-08-08T10:56:07.195" />
<mem-info id="797" free="7968696" total="14811136" percent="53">
  <mem type="tenure" free="7968696" total="14811136" percent="53" micro-fragmented="0" macro-fragmented="0">
    <mem type="soa" free="7821240" total="14663680" percent="53" />
    <mem type="loa" free="147456" total="147456" percent="100" />
  </mem>
</mem-info>
<gc-op id="798" type="compact" timems="15.982" contextid="792" timestamp="2019-08-08T10:56:07.212">
  <compact-info movecount="260" movebytes="5312" reason="compact to aid heap contraction" />
</gc-op>
<heap-resize id="799" type="expand" space="tenure" amount="131072" count="1" timems="0.019" reason="satisfy allocation request" timestamp="2019-08-08T10:56:07.213" />
<gc-end id="800" type="global" contextid="792" durationms="33.977" usertimems="29.461" systemtimems="29.432" timestamp="2019-08-08T10:56:07.213" activeThreads="16">
  <mem-info id="801" free="8073760" total="14942208" percent="54">
    <mem type="tenure" free="8073760" total="14942208" percent="54">
      <mem type="soa" free="7925280" total="14793728" percent="53" />
      <mem type="loa" free="148480" total="148480" percent="100" />
    </mem>
  </mem-info>
</gc-end>
<cycle-end id="802" type="global" contextid="792" timestamp="2019-08-08T10:56:07.213" />
  <attribute name="elasticGC enabled" value="1" />
  <attribute name= "numThreadsSpecified" value="16" />
  <attribute name="heapSize specified" value="14811136" />
  <attribute name="Current GC Util" value="61" />
  <attribute name= "Current Time Running" value="115605" />
  <attribute name ="GC Interval" value="0" />
  <attribute name="Target GC Util Change" value ="80.000000" />
  <attribute name="Current GC Util Change" value="61.000000"/>
  <attribute name="Current Error" value="-180.000000" />
  <attribute name="Output H" value="14886616"/>
  <attribute name="Output I" value="1688"/>
  <attribute name="Output T" value="16"/>
  <attribute name= "Current Time Running" value="115605" />
  <attribute name="GC Util currently" value="61" />
  <attribute name="CPU Util currently" value="72069934771" />
<allocation-satisfied id="803" threadId="0000000002367A00" bytesRequested="32" />
<af-end id="804" timestamp="2019-08-08T10:56:07.213" threadId="0000000002368388" success="true" />
<exclusive-end id="805" timestamp="2019-08-08T10:56:07.213" durationms="34.350" />

<exclusive-start id="806" timestamp="2019-08-08T10:56:11.479" intervalms="4300.199">
  <response-info timems="0.165" idlems="0.165" threads="0" lastid="0000000002318B00" lastname="node-12" />
</exclusive-start>
<af-start id="807" threadId="0000000002319488" totalBytesRequested="32" timestamp="2019-08-08T10:56:11.479" intervalms="4300.188" />
<cycle-start id="808" type="global" contextid="0" timestamp="2019-08-08T10:56:11.479" intervalms="4300.186" />
<gc-start id="809" type="global" contextid="808" timestamp="2019-08-08T10:56:11.479">
  <mem-info id="810" free="148480" total="14942208" percent="0">
    <mem type="tenure" free="148480" total="14942208" percent="0">
      <mem type="soa" free="0" total="14793728" percent="0" />
      <mem type="loa" free="148480" total="148480" percent="100" />
    </mem>
  </mem-info>
</gc-start>
<allocation-stats totalBytes="7952064" >
  <allocated-bytes non-tlh="0" tlh="7952064" />
  <largest-consumer threadName="node-8" threadId="0000000002323F00" bytes="376776" />
</allocation-stats>
<gc-op id="811" type="mark" timems="15.018" contextid="808" timestamp="2019-08-08T10:56:11.494">
  <trace-info objectcount="143494" scancount="134009" scanbytes="5272104" />
  <finalization candidates="13" enqueued="0" />
  <references type="soft" candidates="45" cleared="0" enqueued="0" dynamicThreshold="17" maxThreshold="32" />
  <references type="weak" candidates="143" cleared="0" enqueued="0" />
  <references type="phantom" candidates="57" cleared="0" enqueued="0" />
  <stringconstants candidates="3837" cleared="0"  />
</gc-op>
<gc-op id="812" type="sweep" timems="4.831" contextid="808" timestamp="2019-08-08T10:56:11.499" />
<mem-info id="813" free="8090120" total="14942208" percent="54">
  <mem type="tenure" free="8090120" total="14942208" percent="54" micro-fragmented="0" macro-fragmented="0">
    <mem type="soa" free="7941640" total="14793728" percent="53" />
    <mem type="loa" free="148480" total="148480" percent="100" />
  </mem>
</mem-info>
<gc-op id="814" type="compact" timems="22.836" contextid="808" timestamp="2019-08-08T10:56:11.522">
  <compact-info movecount="182" movebytes="3440" reason="compact to aid heap contraction" />
</gc-op>
<heap-resize id="815" type="expand" space="tenure" amount="131072" count="1" timems="0.025" reason="satisfy allocation request" timestamp="2019-08-08T10:56:11.524" />
<gc-end id="816" type="global" contextid="808" durationms="44.464" usertimems="28.478" systemtimems="39.778" timestamp="2019-08-08T10:56:11.524" activeThreads="16">
  <mem-info id="817" free="8206704" total="15073280" percent="54">
    <mem type="tenure" free="8206704" total="15073280" percent="54">
      <mem type="soa" free="8056176" total="14922752" percent="53" />
      <mem type="loa" free="150528" total="150528" percent="100" />
    </mem>
  </mem-info>
</gc-end>
<cycle-end id="818" type="global" contextid="808" timestamp="2019-08-08T10:56:11.524" />
  <attribute name="elasticGC enabled" value="1" />
  <attribute name= "numThreadsSpecified" value="16" />
  <attribute name="heapSize specified" value="14942208" />
  <attribute name="Current GC Util" value="58" />
  <attribute name= "Current Time Running" value="119915" />
  <attribute name ="GC Interval" value="0" />
  <attribute name="Target GC Util Change" value ="80.000000" />
  <attribute name="Current GC Util Change" value="58.000000"/>
  <attribute name="Current Error" value="22.000000" />
  <attribute name="Output H" value="15017920"/>
  <attribute name="Output I" value="2048"/>
  <attribute name="Output T" value="16"/>
  <attribute name= "Current Time Running" value="119915" />
  <attribute name="GC Util currently" value="58" />
  <attribute name="CPU Util currently" value="50391942457" />
<allocation-satisfied id="819" threadId="0000000002318B00" bytesRequested="32" />
<af-end id="820" timestamp="2019-08-08T10:56:11.524" threadId="0000000002319488" success="true" />
<exclusive-end id="821" timestamp="2019-08-08T10:56:11.524" durationms="44.751" />

===== DaCapo 9.12-MR1 avrora PASSED in 122460 msec =====
<exclusive-start id="822" timestamp="2019-08-08T10:56:14.465" intervalms="2985.726">
  <response-info timems="0.018" idlems="0.018" threads="0" lastid="0000000002035F00" lastname="main" />
</exclusive-start>
<af-start id="823" threadId="0000000002036888" totalBytesRequested="2056" timestamp="2019-08-08T10:56:14.465" intervalms="2985.723" />
<cycle-start id="824" type="global" contextid="0" timestamp="2019-08-08T10:56:14.465" intervalms="2985.716" />
<gc-start id="825" type="global" contextid="824" timestamp="2019-08-08T10:56:14.465">
  <mem-info id="826" free="150528" total="15073280" percent="0">
    <mem type="tenure" free="150528" total="15073280" percent="0">
      <mem type="soa" free="0" total="14922752" percent="0" />
      <mem type="loa" free="150528" total="150528" percent="100" />
    </mem>
  </mem-info>
</gc-start>
<allocation-stats totalBytes="8053112" >
  <allocated-bytes non-tlh="68776" tlh="7984336" />
  <largest-consumer threadName="main" threadId="0000000002035F00" bytes="2124352" />
</allocation-stats>
<gc-op id="827" type="mark" timems="5.702" contextid="824" timestamp="2019-08-08T10:56:14.471">
  <trace-info objectcount="24373" scancount="19166" scanbytes="597344" />
  <finalization candidates="14" enqueued="1" />
  <references type="soft" candidates="56" cleared="2" enqueued="2" dynamicThreshold="17" maxThreshold="32" />
  <references type="weak" candidates="160" cleared="16" enqueued="16" />
  <references type="phantom" candidates="71" cleared="12" enqueued="12" />
  <stringconstants candidates="3849" cleared="0"  />
</gc-op>
<gc-op id="828" type="sweep" timems="2.025" contextid="824" timestamp="2019-08-08T10:56:14.473" />
<mem-info id="829" free="13534632" total="15073280" percent="89">
  <mem type="tenure" free="13534632" total="15073280" percent="89" micro-fragmented="22557" macro-fragmented="0">
    <mem type="soa" free="13384104" total="14922752" percent="89" />
    <mem type="loa" free="150528" total="150528" percent="100" />
  </mem>
  <pending-finalizers system="1" default="0" reference="30" classloader="0" />
</mem-info>
<gc-op id="830" type="compact" timems="10.339" contextid="824" timestamp="2019-08-08T10:56:14.483">
  <compact-info movecount="20935" movebytes="1315032" reason="compact to aid heap contraction" />
</gc-op>
<heap-resize id="831" type="expand" space="tenure" amount="131072" count="1" timems="0.017" reason="satisfy allocation request" timestamp="2019-08-08T10:56:14.484" />
<gc-end id="832" type="global" contextid="824" durationms="18.978" usertimems="12.719" systemtimems="16.994" timestamp="2019-08-08T10:56:14.484" activeThreads="16">
  <mem-info id="833" free="13649744" total="15204352" percent="89">
    <mem type="tenure" free="13649744" total="15204352" percent="89">
      <mem type="soa" free="13498192" total="15052800" percent="89" />
      <mem type="loa" free="151552" total="151552" percent="100" />
    </mem>
    <pending-finalizers system="1" default="0" reference="30" classloader="0" />
  </mem-info>
</gc-end>
<cycle-end id="834" type="global" contextid="824" timestamp="2019-08-08T10:56:14.484" />
  <attribute name="elasticGC enabled" value="1" />
  <attribute name= "numThreadsSpecified" value="16" />
  <attribute name="heapSize specified" value="15073280" />
  <attribute name="Current GC Util" value="85" />
  <attribute name= "Current Time Running" value="122877" />
  <attribute name ="GC Interval" value="0" />
  <attribute name="Target GC Util Change" value ="80.000000" />
  <attribute name="Current GC Util Change" value="85.000000"/>
  <attribute name="Current Error" value="9.000000" />
  <attribute name="Output H" value="15148976"/>
  <attribute name="Output I" value="2024"/>
  <attribute name="Output T" value="16"/>
  <attribute name= "Current Time Running" value="122877" />
  <attribute name="GC Util currently" value="85" />
  <attribute name="CPU Util currently" value="110968664946" />
<allocation-satisfied id="835" threadId="0000000002035F00" bytesRequested="2056" />
<af-end id="836" timestamp="2019-08-08T10:56:14.484" threadId="0000000002036888" success="true" />
<exclusive-end id="837" timestamp="2019-08-08T10:56:14.484" durationms="19.304" />

WARNING: An illegal reflective access operation has occurred
WARNING: Illegal reflective access by com.google.common.base.internal.Finalizer (file:/./scratch/jar/guava-r07.jar) to field java.lang.Thread.inheritableThreadLocals
WARNING: Please consider reporting this to the maintainers of com.google.common.base.internal.Finalizer
WARNING: Use --illegal-access=warn to enable warnings of further illegal reflective access operations
WARNING: All illegal access operations will be denied in a future release
<exclusive-start id="838" timestamp="2019-08-08T10:56:14.861" intervalms="396.439">
  <response-info timems="0.048" idlems="0.048" threads="0" lastid="0000000002035F00" lastname="main" />
</exclusive-start>
<af-start id="839" threadId="0000000002036888" totalBytesRequested="88" timestamp="2019-08-08T10:56:14.861" intervalms="396.446" />
<cycle-start id="840" type="global" contextid="0" timestamp="2019-08-08T10:56:14.861" intervalms="396.450" />
<gc-start id="841" type="global" contextid="840" timestamp="2019-08-08T10:56:14.861">
  <mem-info id="842" free="151552" total="15204352" percent="0">
    <mem type="tenure" free="151552" total="15204352" percent="0">
      <mem type="soa" free="0" total="15052800" percent="0" />
      <mem type="loa" free="151552" total="151552" percent="100" />
    </mem>
  </mem-info>
</gc-start>
<allocation-stats totalBytes="13541800" >
  <allocated-bytes non-tlh="654896" tlh="12886904" />
  <largest-consumer threadName="main" threadId="0000000002035F00" bytes="13541800" />
</allocation-stats>
<gc-op id="843" type="mark" timems="10.554" contextid="840" timestamp="2019-08-08T10:56:14.872">
  <trace-info objectcount="32479" scancount="25772" scanbytes="826956" />
  <finalization candidates="52" enqueued="1" />
  <ownableSynchronizers candidates="17" cleared="0" />
  <references type="soft" candidates="63" cleared="0" enqueued="0" dynamicThreshold="28" maxThreshold="32" />
  <references type="weak" candidates="1292" cleared="432" enqueued="318" />
  <references type="phantom" candidates="91" cleared="3" enqueued="3" />
  <stringconstants candidates="4570" cleared="0"  />
</gc-op>
<gc-op id="844" type="classunload" timems="0.002" contextid="840" timestamp="2019-08-08T10:56:14.872">
  <classunload-info classloadercandidates="8" classloadersunloaded="0" classesunloaded="0" anonymousclassesunloaded="0" quiescems="0.000" setupms="0.002" scanms="0.000" postms="0.000" />
</gc-op>
<gc-op id="845" type="sweep" timems="1.644" contextid="840" timestamp="2019-08-08T10:56:14.874" />
<mem-info id="846" free="12771184" total="15204352" percent="83">
  <mem type="tenure" free="12771184" total="15204352" percent="83" micro-fragmented="115306" macro-fragmented="0">
    <mem type="soa" free="12619632" total="15052800" percent="83" />
    <mem type="loa" free="151552" total="151552" percent="100" />
  </mem>
  <pending-finalizers system="1" default="0" reference="321" classloader="0" />
</mem-info>
<gc-op id="847" type="compact" timems="13.771" contextid="840" timestamp="2019-08-08T10:56:14.888">
  <compact-info movecount="31814" movebytes="2264072" reason="compact to aid heap contraction" />
</gc-op>
<heap-resize id="848" type="expand" space="tenure" amount="131072" count="1" timems="0.017" reason="satisfy allocation request" timestamp="2019-08-08T10:56:14.888" />
<gc-end id="849" type="global" contextid="840" durationms="26.890" usertimems="26.337" systemtimems="26.207" timestamp="2019-08-08T10:56:14.888" activeThreads="16">
  <mem-info id="850" free="13052872" total="15335424" percent="85">
    <mem type="tenure" free="13052872" total="15335424" percent="85">
      <mem type="soa" free="12900296" total="15182848" percent="84" />
      <mem type="loa" free="152576" total="152576" percent="100" />
    </mem>
    <pending-finalizers system="1" default="0" reference="321" classloader="0" />
  </mem-info>
</gc-end>
<cycle-end id="851" type="global" contextid="840" timestamp="2019-08-08T10:56:14.889" />
  <attribute name="elasticGC enabled" value="1" />
  <attribute name= "numThreadsSpecified" value="16" />
  <attribute name="heapSize specified" value="15204352" />
  <attribute name="Current GC Util" value="98" />
  <attribute name= "Current Time Running" value="123281" />
  <attribute name ="GC Interval" value="0" />
  <attribute name="Target GC Util Change" value ="80.000000" />
  <attribute name="Current GC Util Change" value="98.000000"/>
  <attribute name="Current Error" value="-183.000000" />
  <attribute name="Output H" value="15279824"/>
  <attribute name="Output I" value="1688"/>
  <attribute name="Output T" value="16"/>
  <attribute name= "Current Time Running" value="123281" />
  <attribute name="GC Util currently" value="98" />
  <attribute name="CPU Util currently" value="83531004261" />
<allocation-satisfied id="852" threadId="0000000002035F00" bytesRequested="88" />
<af-end id="853" timestamp="2019-08-08T10:56:14.889" threadId="0000000002036888" success="true" />
<exclusive-end id="854" timestamp="2019-08-08T10:56:14.889" durationms="27.273" />

<exclusive-start id="855" timestamp="2019-08-08T10:56:16.017" intervalms="1155.761">
  <response-info timems="0.023" idlems="0.023" threads="0" lastid="0000000002035F00" lastname="main" />
</exclusive-start>
<af-start id="856" threadId="0000000002036888" totalBytesRequested="88" timestamp="2019-08-08T10:56:16.017" intervalms="1155.762" />
<cycle-start id="857" type="global" contextid="0" timestamp="2019-08-08T10:56:16.017" intervalms="1155.771" />
<gc-start id="858" type="global" contextid="857" timestamp="2019-08-08T10:56:16.017">
  <mem-info id="859" free="152576" total="15335424" percent="0">
    <mem type="tenure" free="152576" total="15335424" percent="0">
      <mem type="soa" free="0" total="15182848" percent="0" />
      <mem type="loa" free="152576" total="152576" percent="100" />
    </mem>
  </mem-info>
</gc-start>
<allocation-stats totalBytes="12842488" >
  <allocated-bytes non-tlh="610008" tlh="12232480" />
  <largest-consumer threadName="main" threadId="0000000002035F00" bytes="12764976" />
</allocation-stats>
<gc-op id="860" type="mark" timems="12.762" contextid="857" timestamp="2019-08-08T10:56:16.030">
  <trace-info objectcount="60229" scancount="48787" scanbytes="1624620" />
  <finalization candidates="80" enqueued="0" />
  <ownableSynchronizers candidates="21" cleared="0" />
  <references type="soft" candidates="950" cleared="0" enqueued="0" dynamicThreshold="27" maxThreshold="32" />
  <references type="weak" candidates="3504" cleared="559" enqueued="404" />
  <references type="phantom" candidates="105" cleared="8" enqueued="8" />
  <stringconstants candidates="7597" cleared="0"  />
</gc-op>
<gc-op id="861" type="classunload" timems="0.004" contextid="857" timestamp="2019-08-08T10:56:16.030">
  <classunload-info classloadercandidates="12" classloadersunloaded="0" classesunloaded="0" anonymousclassesunloaded="0" quiescems="0.000" setupms="0.003" scanms="0.001" postms="0.000" />
</gc-op>
<gc-op id="862" type="sweep" timems="2.104" contextid="857" timestamp="2019-08-08T10:56:16.032" />
<mem-info id="863" free="11104128" total="15335424" percent="72">
  <mem type="tenure" free="11104128" total="15335424" percent="72" micro-fragmented="376932" macro-fragmented="92854">
    <mem type="soa" free="10951552" total="15182848" percent="72" />
    <mem type="loa" free="152576" total="152576" percent="100" />
  </mem>
  <pending-finalizers system="0" default="0" reference="412" classloader="0" />
</mem-info>
<gc-op id="864" type="compact" timems="17.626" contextid="857" timestamp="2019-08-08T10:56:16.050">
  <compact-info movecount="59556" movebytes="3722640" reason="compact to aid heap contraction" />
</gc-op>
<heap-resize id="865" type="expand" space="tenure" amount="131072" count="1" timems="0.015" reason="satisfy allocation request" timestamp="2019-08-08T10:56:16.051" />
<gc-end id="866" type="global" contextid="857" durationms="33.458" usertimems="59.162" systemtimems="0.000" timestamp="2019-08-08T10:56:16.051" activeThreads="16">
  <mem-info id="867" free="11725248" total="15466496" percent="75">
    <mem type="tenure" free="11725248" total="15466496" percent="75">
      <mem type="soa" free="11570624" total="15311872" percent="75" />
      <mem type="loa" free="154624" total="154624" percent="100" />
    </mem>
    <pending-finalizers system="0" default="0" reference="412" classloader="0" />
  </mem-info>
</gc-end>
<cycle-end id="868" type="global" contextid="857" timestamp="2019-08-08T10:56:16.051" />
  <attribute name="elasticGC enabled" value="1" />
  <attribute name= "numThreadsSpecified" value="16" />
  <attribute name="heapSize specified" value="15335424" />
  <attribute name="Current GC Util" value="66" />
  <attribute name= "Current Time Running" value="124443" />
  <attribute name ="GC Interval" value="0" />
  <attribute name="Target GC Util Change" value ="80.000000" />
  <attribute name="Current GC Util Change" value="66.000000"/>
  <attribute name="Current Error" value="14.000000" />
  <attribute name="Output H" value="15411120"/>
  <attribute name="Output I" value="2040"/>
  <attribute name="Output T" value="16"/>
  <attribute name= "Current Time Running" value="124443" />
  <attribute name="GC Util currently" value="66" />
  <attribute name="CPU Util currently" value="65284752556" />
<allocation-satisfied id="869" threadId="0000000002035F00" bytesRequested="88" />
<af-end id="870" timestamp="2019-08-08T10:56:16.051" threadId="0000000002036888" success="true" />
<exclusive-end id="871" timestamp="2019-08-08T10:56:16.051" durationms="33.791" />

<exclusive-start id="872" timestamp="2019-08-08T10:56:16.308" intervalms="290.926">
  <response-info timems="0.067" idlems="0.067" threads="0" lastid="0000000002035F00" lastname="main" />
</exclusive-start>
<af-start id="873" threadId="0000000002036888" totalBytesRequested="32" timestamp="2019-08-08T10:56:16.308" intervalms="290.924" />
<cycle-start id="874" type="global" contextid="0" timestamp="2019-08-08T10:56:16.308" intervalms="290.949" />
<gc-start id="875" type="global" contextid="874" timestamp="2019-08-08T10:56:16.308">
  <mem-info id="876" free="154624" total="15466496" percent="0">
    <mem type="tenure" free="154624" total="15466496" percent="0">
      <mem type="soa" free="0" total="15311872" percent="0" />
      <mem type="loa" free="154624" total="154624" percent="100" />
    </mem>
  </mem-info>
</gc-start>
<allocation-stats totalBytes="11561000" >
  <allocated-bytes non-tlh="1261344" tlh="10299656" />
  <largest-consumer threadName="main" threadId="0000000002035F00" bytes="11552808" />
</allocation-stats>
<gc-op id="877" type="mark" timems="5.334" contextid="874" timestamp="2019-08-08T10:56:16.314">
  <trace-info objectcount="73979" scancount="60344" scanbytes="2078612" />
  <finalization candidates="80" enqueued="0" />
  <ownableSynchronizers candidates="21" cleared="0" />
  <references type="soft" candidates="1013" cleared="0" enqueued="0" dynamicThreshold="24" maxThreshold="32" />
  <references type="weak" candidates="3579" cleared="9" enqueued="9" />
  <references type="phantom" candidates="100" cleared="1" enqueued="1" />
  <stringconstants candidates="8799" cleared="0"  />
</gc-op>
<gc-op id="878" type="sweep" timems="1.739" contextid="874" timestamp="2019-08-08T10:56:16.315" />
<mem-info id="879" free="10438648" total="15466496" percent="67">
  <mem type="tenure" free="10438648" total="15466496" percent="67" micro-fragmented="95575" macro-fragmented="0">
    <mem type="soa" free="10284024" total="15311872" percent="67" />
    <mem type="loa" free="154624" total="154624" percent="100" />
  </mem>
  <pending-finalizers system="0" default="0" reference="10" classloader="0" />
</mem-info>
<gc-op id="880" type="compact" timems="18.109" contextid="874" timestamp="2019-08-08T10:56:16.334">
  <compact-info movecount="46064" movebytes="2687816" reason="compact to aid heap contraction" />
</gc-op>
<heap-resize id="881" type="expand" space="tenure" amount="131072" count="1" timems="0.021" reason="satisfy allocation request" timestamp="2019-08-08T10:56:16.336" />
<gc-end id="882" type="global" contextid="874" durationms="28.074" usertimems="48.574" systemtimems="0.000" timestamp="2019-08-08T10:56:16.336" activeThreads="16">
  <mem-info id="883" free="10731400" total="15597568" percent="68">
    <mem type="tenure" free="10731400" total="15597568" percent="68">
      <mem type="soa" free="10575752" total="15441920" percent="68" />
      <mem type="loa" free="155648" total="155648" percent="100" />
    </mem>
    <pending-finalizers system="0" default="0" reference="10" classloader="0" />
  </mem-info>
</gc-end>
<cycle-end id="884" type="global" contextid="874" timestamp="2019-08-08T10:56:16.336" />
  <attribute name="elasticGC enabled" value="1" />
  <attribute name= "numThreadsSpecified" value="16" />
  <attribute name="heapSize specified" value="15466496" />
  <attribute name="Current GC Util" value="64" />
  <attribute name= "Current Time Running" value="124727" />
  <attribute name ="GC Interval" value="0" />
  <attribute name="Target GC Util Change" value ="80.000000" />
  <attribute name="Current GC Util Change" value="64.000000"/>
  <attribute name="Current Error" value="-98.000000" />
  <attribute name="Output H" value="15542064"/>
  <attribute name="Output I" value="1840"/>
  <attribute name="Output T" value="16"/>
  <attribute name= "Current Time Running" value="124727" />
  <attribute name="GC Util currently" value="64" />
  <attribute name="CPU Util currently" value="62611310764" />
<allocation-satisfied id="885" threadId="0000000002035F00" bytesRequested="32" />
<af-end id="886" timestamp="2019-08-08T10:56:16.336" threadId="0000000002036888" success="true" />
<exclusive-end id="887" timestamp="2019-08-08T10:56:16.336" durationms="28.357" />

<exclusive-start id="888" timestamp="2019-08-08T10:56:16.555" intervalms="246.890">
  <response-info timems="0.017" idlems="0.017" threads="0" lastid="0000000002035F00" lastname="main" />
</exclusive-start>
<af-start id="889" threadId="0000000002036888" totalBytesRequested="88" timestamp="2019-08-08T10:56:16.555" intervalms="246.882" />
<cycle-start id="890" type="global" contextid="0" timestamp="2019-08-08T10:56:16.555" intervalms="246.847" />
<gc-start id="891" type="global" contextid="890" timestamp="2019-08-08T10:56:16.555">
  <mem-info id="892" free="155648" total="15597568" percent="0">
    <mem type="tenure" free="155648" total="15597568" percent="0">
      <mem type="soa" free="0" total="15441920" percent="0" />
      <mem type="loa" free="155648" total="155648" percent="100" />
    </mem>
  </mem-info>
</gc-start>
<allocation-stats totalBytes="10637968" >
  <allocated-bytes non-tlh="256016" tlh="10381952" />
  <largest-consumer threadName="main" threadId="0000000002035F00" bytes="10629776" />
</allocation-stats>
<gc-op id="893" type="mark" timems="5.860" contextid="890" timestamp="2019-08-08T10:56:16.561">
  <trace-info objectcount="75721" scancount="61867" scanbytes="2157548" />
  <finalization candidates="80" enqueued="0" />
  <ownableSynchronizers candidates="21" cleared="0" />
  <references type="soft" candidates="1086" cleared="0" enqueued="0" dynamicThreshold="22" maxThreshold="32" />
  <references type="weak" candidates="3777" cleared="5" enqueued="5" />
  <references type="phantom" candidates="99" cleared="0" enqueued="0" />
  <stringconstants candidates="9205" cleared="0"  />
</gc-op>
<gc-op id="894" type="sweep" timems="2.222" contextid="890" timestamp="2019-08-08T10:56:16.563" />
<mem-info id="895" free="10494296" total="15597568" percent="67">
  <mem type="tenure" free="10494296" total="15597568" percent="67" micro-fragmented="82707" macro-fragmented="0">
    <mem type="soa" free="10338648" total="15441920" percent="66" />
    <mem type="loa" free="155648" total="155648" percent="100" />
  </mem>
  <pending-finalizers system="0" default="0" reference="5" classloader="0" />
</mem-info>
<gc-op id="896" type="compact" timems="18.183" contextid="890" timestamp="2019-08-08T10:56:16.581">
  <compact-info movecount="48527" movebytes="2878976" reason="compact to aid heap contraction" />
</gc-op>
<heap-resize id="897" type="expand" space="tenure" amount="131072" count="1" timems="0.017" reason="satisfy allocation request" timestamp="2019-08-08T10:56:16.582" />
<gc-end id="898" type="global" contextid="890" durationms="27.185" usertimems="43.157" systemtimems="0.000" timestamp="2019-08-08T10:56:16.582" activeThreads="16">
  <mem-info id="899" free="10773320" total="15728640" percent="68">
    <mem type="tenure" free="10773320" total="15728640" percent="68">
      <mem type="soa" free="10616648" total="15571968" percent="68" />
      <mem type="loa" free="156672" total="156672" percent="100" />
    </mem>
    <pending-finalizers system="0" default="0" reference="5" classloader="0" />
  </mem-info>
</gc-end>
<cycle-end id="900" type="global" contextid="890" timestamp="2019-08-08T10:56:16.582" />
  <attribute name="elasticGC enabled" value="1" />
  <attribute name= "numThreadsSpecified" value="16" />
  <attribute name="heapSize specified" value="15597568" />
  <attribute name="Current GC Util" value="93" />
  <attribute name= "Current Time Running" value="124975" />
  <attribute name ="GC Interval" value="0" />
  <attribute name="Target GC Util Change" value ="80.000000" />
  <attribute name="Current GC Util Change" value="93.000000"/>
  <attribute name="Current Error" value="-6.000000" />
  <attribute name="Output H" value="15673248"/>
  <attribute name="Output I" value="2000"/>
  <attribute name="Output T" value="16"/>
  <attribute name= "Current Time Running" value="124975" />
  <attribute name="GC Util currently" value="93" />
  <attribute name="CPU Util currently" value="63247354757" />
<allocation-satisfied id="901" threadId="0000000002035F00" bytesRequested="88" />
<af-end id="902" timestamp="2019-08-08T10:56:16.582" threadId="0000000002036888" success="true" />
<exclusive-end id="903" timestamp="2019-08-08T10:56:16.582" durationms="27.374" />

<exclusive-start id="904" timestamp="2019-08-08T10:56:16.733" intervalms="177.962">
  <response-info timems="0.149" idlems="0.149" threads="0" lastid="0000000002035F00" lastname="main" />
</exclusive-start>
<af-start id="905" threadId="0000000002036888" totalBytesRequested="160" timestamp="2019-08-08T10:56:16.733" intervalms="177.961" />
<cycle-start id="906" type="global" contextid="0" timestamp="2019-08-08T10:56:16.733" intervalms="177.995" />
<gc-start id="907" type="global" contextid="906" timestamp="2019-08-08T10:56:16.733">
  <mem-info id="908" free="156672" total="15728640" percent="0">
    <mem type="tenure" free="156672" total="15728640" percent="0">
      <mem type="soa" free="0" total="15571968" percent="0" />
      <mem type="loa" free="156672" total="156672" percent="100" />
    </mem>
  </mem-info>
</gc-start>
<allocation-stats totalBytes="10614864" >
  <allocated-bytes non-tlh="11096" tlh="10603768" />
  <largest-consumer threadName="main" threadId="0000000002035F00" bytes="10614864" />
</allocation-stats>
<gc-op id="909" type="mark" timems="4.877" contextid="906" timestamp="2019-08-08T10:56:16.738">
  <trace-info objectcount="90771" scancount="75023" scanbytes="2615476" />
  <finalization candidates="80" enqueued="0" />
  <ownableSynchronizers candidates="21" cleared="0" />
  <references type="soft" candidates="1086" cleared="0" enqueued="0" dynamicThreshold="21" maxThreshold="32" />
  <references type="weak" candidates="3864" cleared="0" enqueued="0" />
  <references type="phantom" candidates="98" cleared="0" enqueued="0" />
  <stringconstants candidates="9269" cleared="0"  />
</gc-op>
<gc-op id="910" type="sweep" timems="1.693" contextid="906" timestamp="2019-08-08T10:56:16.740" />
<mem-info id="911" free="9718624" total="15728640" percent="61">
  <mem type="tenure" free="9718624" total="15728640" percent="61" micro-fragmented="419277" macro-fragmented="0">
    <mem type="soa" free="9561952" total="15571968" percent="61" />
    <mem type="loa" free="156672" total="156672" percent="100" />
  </mem>
</mem-info>
<gc-op id="912" type="compact" timems="13.392" contextid="906" timestamp="2019-08-08T10:56:16.753">
  <compact-info movecount="30083" movebytes="1340544" reason="compact to aid heap contraction" />
</gc-op>
<heap-resize id="913" type="expand" space="tenure" amount="131072" count="1" timems="0.020" reason="satisfy allocation request" timestamp="2019-08-08T10:56:16.754" />
<gc-end id="914" type="global" contextid="906" durationms="21.145" usertimems="44.284" systemtimems="0.000" timestamp="2019-08-08T10:56:16.754" activeThreads="16">
  <mem-info id="915" free="10486584" total="15859712" percent="66">
    <mem type="tenure" free="10486584" total="15859712" percent="66">
      <mem type="soa" free="10328888" total="15702016" percent="65" />
      <mem type="loa" free="157696" total="157696" percent="100" />
    </mem>
  </mem-info>
</gc-end>
<cycle-end id="916" type="global" contextid="906" timestamp="2019-08-08T10:56:16.754" />
  <attribute name="elasticGC enabled" value="1" />
  <attribute name= "numThreadsSpecified" value="16" />
  <attribute name="heapSize specified" value="15728640" />
  <attribute name="Current GC Util" value="90" />
  <attribute name= "Current Time Running" value="125147" />
  <attribute name ="GC Interval" value="0" />
  <attribute name="Target GC Util Change" value ="80.000000" />
  <attribute name="Current GC Util Change" value="90.000000"/>
  <attribute name="Current Error" value="-10.000000" />
  <attribute name="Output H" value="15804312"/>
  <attribute name="Output I" value="1992"/>
  <attribute name="Output T" value="16"/>
  <attribute name= "Current Time Running" value="125147" />
  <attribute name="GC Util currently" value="90" />
  <attribute name="CPU Util currently" value="85768094248" />
<allocation-satisfied id="917" threadId="0000000002035F00" bytesRequested="160" />
<af-end id="918" timestamp="2019-08-08T10:56:16.754" threadId="0000000002036888" success="true" />
<exclusive-end id="919" timestamp="2019-08-08T10:56:16.754" durationms="21.459" />

<exclusive-start id="920" timestamp="2019-08-08T10:56:16.872" intervalms="139.385">
  <response-info timems="0.114" idlems="0.114" threads="0" lastid="0000000002035F00" lastname="main" />
</exclusive-start>
<af-start id="921" threadId="0000000002036888" totalBytesRequested="24" timestamp="2019-08-08T10:56:16.872" intervalms="139.394" />
<cycle-start id="922" type="global" contextid="0" timestamp="2019-08-08T10:56:16.873" intervalms="139.536" />
<gc-start id="923" type="global" contextid="922" timestamp="2019-08-08T10:56:16.873">
  <mem-info id="924" free="157696" total="15859712" percent="0">
    <mem type="tenure" free="157696" total="15859712" percent="0">
      <mem type="soa" free="0" total="15702016" percent="0" />
      <mem type="loa" free="157696" total="157696" percent="100" />
    </mem>
  </mem-info>
</gc-start>
<allocation-stats totalBytes="10392168" >
  <allocated-bytes non-tlh="324672" tlh="10067496" />
  <largest-consumer threadName="main" threadId="0000000002035F00" bytes="10392168" />
</allocation-stats>
<gc-op id="925" type="mark" timems="9.227" contextid="922" timestamp="2019-08-08T10:56:16.882">
  <trace-info objectcount="91336" scancount="75858" scanbytes="2627356" />
  <finalization candidates="80" enqueued="0" />
  <ownableSynchronizers candidates="21" cleared="0" />
  <references type="soft" candidates="1310" cleared="0" enqueued="0" dynamicThreshold="21" maxThreshold="32" />
  <references type="weak" candidates="4260" cleared="8" enqueued="7" />
  <references type="phantom" candidates="98" cleared="0" enqueued="0" />
  <stringconstants candidates="9715" cleared="0"  />
</gc-op>
<gc-op id="926" type="sweep" timems="1.860" contextid="922" timestamp="2019-08-08T10:56:16.884" />
<mem-info id="927" free="9851320" total="15859712" percent="62">
  <mem type="tenure" free="9851320" total="15859712" percent="62" micro-fragmented="365289" macro-fragmented="0">
    <mem type="soa" free="9693624" total="15702016" percent="61" />
    <mem type="loa" free="157696" total="157696" percent="100" />
  </mem>
  <pending-finalizers system="0" default="0" reference="7" classloader="0" />
</mem-info>
<gc-op id="928" type="compact" timems="31.983" contextid="922" timestamp="2019-08-08T10:56:16.916">
  <compact-info movecount="79482" movebytes="4815808" reason="compact to aid heap contraction" />
</gc-op>
<heap-resize id="929" type="expand" space="tenure" amount="131072" count="1" timems="0.017" reason="satisfy allocation request" timestamp="2019-08-08T10:56:16.917" />
<gc-end id="930" type="global" contextid="922" durationms="44.248" usertimems="75.711" systemtimems="0.000" timestamp="2019-08-08T10:56:16.917" activeThreads="16">
  <mem-info id="931" free="10618368" total="15990784" percent="66">
    <mem type="tenure" free="10618368" total="15990784" percent="66">
      <mem type="soa" free="10458624" total="15831040" percent="66" />
      <mem type="loa" free="159744" total="159744" percent="100" />
    </mem>
    <pending-finalizers system="0" default="0" reference="7" classloader="0" />
  </mem-info>
</gc-end>
<cycle-end id="932" type="global" contextid="922" timestamp="2019-08-08T10:56:16.917" />
  <attribute name="elasticGC enabled" value="1" />
  <attribute name= "numThreadsSpecified" value="16" />
  <attribute name="heapSize specified" value="15859712" />
  <attribute name="Current GC Util" value="47" />
  <attribute name= "Current Time Running" value="125310" />
  <attribute name ="GC Interval" value="0" />
  <attribute name="Target GC Util Change" value ="80.000000" />
  <attribute name="Current GC Util Change" value="47.000000"/>
  <attribute name="Current Error" value="-95.000000" />
  <attribute name="Output H" value="15935288"/>
  <attribute name="Output I" value="1840"/>
  <attribute name="Output T" value="16"/>
  <attribute name= "Current Time Running" value="125310" />
  <attribute name="GC Util currently" value="47" />
  <attribute name="CPU Util currently" value="36100790329" />
<allocation-satisfied id="933" threadId="0000000002035F00" bytesRequested="24" />
<af-end id="934" timestamp="2019-08-08T10:56:16.917" threadId="0000000002036888" success="true" />
<exclusive-end id="935" timestamp="2019-08-08T10:56:16.917" durationms="44.661" />

<exclusive-start id="936" timestamp="2019-08-08T10:56:16.992" intervalms="120.113">
  <response-info timems="0.012" idlems="0.012" threads="0" lastid="0000000002035F00" lastname="main" />
</exclusive-start>
<sys-start reason="explicit" id="937" timestamp="2019-08-08T10:56:16.992" intervalms="125202.160" />
<cycle-start id="938" type="global" contextid="0" timestamp="2019-08-08T10:56:16.992" intervalms="119.940" />
<gc-start id="939" type="global" contextid="938" timestamp="2019-08-08T10:56:16.993">
  <mem-info id="940" free="6734328" total="15990784" percent="42">
    <mem type="tenure" free="6734328" total="15990784" percent="42">
      <mem type="soa" free="6574584" total="15831040" percent="41" />
      <mem type="loa" free="159744" total="159744" percent="100" />
    </mem>
  </mem-info>
</gc-start>
<allocation-stats totalBytes="3945400" >
  <allocated-bytes non-tlh="431112" tlh="3514288" />
  <largest-consumer threadName="main" threadId="0000000002035F00" bytes="3945400" />
</allocation-stats>
<gc-op id="941" type="mark" timems="10.921" contextid="938" timestamp="2019-08-08T10:56:17.003">
  <trace-info objectcount="75470" scancount="62872" scanbytes="2115636" />
  <finalization candidates="80" enqueued="0" />
  <ownableSynchronizers candidates="21" cleared="0" />
  <references type="soft" candidates="1630" cleared="0" enqueued="0" dynamicThreshold="21" maxThreshold="32" />
  <references type="weak" candidates="4502" cleared="22" enqueued="20" />
  <references type="phantom" candidates="98" cleared="1" enqueued="1" />
  <stringconstants candidates="10077" cleared="1394"  />
</gc-op>
<gc-op id="942" type="classunload" timems="4.487" contextid="938" timestamp="2019-08-08T10:56:17.008">
  <classunload-info classloadercandidates="18" classloadersunloaded="2" classesunloaded="509" anonymousclassesunloaded="0" quiescems="0.000" setupms="1.619" scanms="2.864" postms="0.004" />
</gc-op>
<gc-op id="943" type="sweep" timems="1.436" contextid="938" timestamp="2019-08-08T10:56:17.009" />
<mem-info id="944" free="11336544" total="15990784" percent="70">
  <mem type="tenure" free="11336544" total="15990784" percent="70" micro-fragmented="93996" macro-fragmented="3732887">
    <mem type="soa" free="11176800" total="15831040" percent="70" />
    <mem type="loa" free="159744" total="159744" percent="100" />
  </mem>
  <pending-finalizers system="0" default="0" reference="21" classloader="0" />
</mem-info>
<gc-op id="945" type="compact" timems="27.568" contextid="938" timestamp="2019-08-08T10:56:17.037">
  <compact-info movecount="72103" movebytes="4353048" reason="compact to aid heap contraction" />
</gc-op>
<heap-resize id="946" type="expand" space="tenure" amount="131072" count="1" timems="0.018" reason="satisfy allocation request" timestamp="2019-08-08T10:56:17.038" />
<gc-end id="947" type="global" contextid="938" durationms="45.150" usertimems="68.097" systemtimems="0.000" timestamp="2019-08-08T10:56:17.038" activeThreads="16">
  <mem-info id="948" free="11597016" total="16121856" percent="71">
    <mem type="tenure" free="11597016" total="16121856" percent="71">
      <mem type="soa" free="11436248" total="15961088" percent="71" />
      <mem type="loa" free="160768" total="160768" percent="100" />
    </mem>
    <pending-finalizers system="0" default="0" reference="21" classloader="0" />
  </mem-info>
</gc-end>
<cycle-end id="949" type="global" contextid="938" timestamp="2019-08-08T10:56:17.038" />
  <attribute name="elasticGC enabled" value="1" />
  <attribute name= "numThreadsSpecified" value="16" />
  <attribute name="heapSize specified" value="15990784" />
  <attribute name="Current GC Util" value="52" />
  <attribute name= "Current Time Running" value="125431" />
  <attribute name ="GC Interval" value="0" />
  <attribute name="Target GC Util Change" value ="80.000000" />
  <attribute name="Current GC Util Change" value="52.000000"/>
  <attribute name="Current Error" value="-34.000000" />
  <attribute name="Output H" value="16066432"/>
  <attribute name="Output I" value="1952"/>
  <attribute name="Output T" value="16"/>
  <attribute name= "Current Time Running" value="125431" />
  <attribute name="GC Util currently" value="52" />
  <attribute name="CPU Util currently" value="41783031345" />
<sys-end id="950" timestamp="2019-08-08T10:56:17.038" />
<exclusive-end id="951" timestamp="2019-08-08T10:56:17.038" durationms="46.040" />

===== DaCapo 9.12-MR1 jython starting =====
<exclusive-start id="952" timestamp="2019-08-08T10:56:17.136" intervalms="143.188">
  <response-info timems="0.129" idlems="0.129" threads="0" lastid="0000000002035F00" lastname="main" />
</exclusive-start>
<af-start id="953" threadId="0000000002036888" totalBytesRequested="32" timestamp="2019-08-08T10:56:17.136" intervalms="263.282" />
<cycle-start id="954" type="global" contextid="0" timestamp="2019-08-08T10:56:17.136" intervalms="143.173" />
<gc-start id="955" type="global" contextid="954" timestamp="2019-08-08T10:56:17.136">
  <mem-info id="956" free="160768" total="16121856" percent="0">
    <mem type="tenure" free="160768" total="16121856" percent="0">
      <mem type="soa" free="0" total="15961088" percent="0" />
      <mem type="loa" free="160768" total="160768" percent="100" />
    </mem>
  </mem-info>
</gc-start>
<allocation-stats totalBytes="11434640" >
  <allocated-bytes non-tlh="528544" tlh="10906096" />
  <largest-consumer threadName="main" threadId="0000000002035F00" bytes="11422296" />
</allocation-stats>
<gc-op id="957" type="mark" timems="6.393" contextid="954" timestamp="2019-08-08T10:56:17.142">
  <trace-info objectcount="97319" scancount="82460" scanbytes="2947324" />
  <finalization candidates="80" enqueued="0" />
  <ownableSynchronizers candidates="21" cleared="0" />
  <references type="soft" candidates="1632" cleared="0" enqueued="0" dynamicThreshold="23" maxThreshold="32" />
  <references type="weak" candidates="4485" cleared="4" enqueued="4" />
  <references type="phantom" candidates="99" cleared="2" enqueued="2" />
  <stringconstants candidates="8697" cleared="0"  />
</gc-op>
<gc-op id="958" type="sweep" timems="2.435" contextid="954" timestamp="2019-08-08T10:56:17.145" />
<mem-info id="959" free="10055032" total="16121856" percent="62">
  <mem type="tenure" free="10055032" total="16121856" percent="62" micro-fragmented="196069" macro-fragmented="0">
    <mem type="soa" free="9894264" total="15961088" percent="61" />
    <mem type="loa" free="160768" total="160768" percent="100" />
  </mem>
  <pending-finalizers system="0" default="0" reference="6" classloader="0" />
</mem-info>
<gc-op id="960" type="compact" timems="30.761" contextid="954" timestamp="2019-08-08T10:56:17.175">
  <compact-info movecount="81501" movebytes="4808832" reason="compact to aid heap contraction" />
</gc-op>
<heap-resize id="961" type="expand" space="tenure" amount="131072" count="1" timems="0.038" reason="satisfy allocation request" timestamp="2019-08-08T10:56:17.176" />
<gc-end id="962" type="global" contextid="954" durationms="40.407" usertimems="77.033" systemtimems="0.000" timestamp="2019-08-08T10:56:17.176" activeThreads="16">
  <mem-info id="963" free="10628056" total="16252928" percent="65">
    <mem type="tenure" free="10628056" total="16252928" percent="65">
      <mem type="soa" free="10466264" total="16091136" percent="65" />
      <mem type="loa" free="161792" total="161792" percent="100" />
    </mem>
    <pending-finalizers system="0" default="0" reference="6" classloader="0" />
  </mem-info>
</gc-end>
<cycle-end id="964" type="global" contextid="954" timestamp="2019-08-08T10:56:17.176" />
  <attribute name="elasticGC enabled" value="1" />
  <attribute name= "numThreadsSpecified" value="16" />
  <attribute name="heapSize specified" value="16121856" />
  <attribute name="Current GC Util" value="40" />
  <attribute name= "Current Time Running" value="125569" />
  <attribute name ="GC Interval" value="0" />
  <attribute name="Target GC Util Change" value ="80.000000" />
  <attribute name="Current GC Util Change" value="40.000000"/>
  <attribute name="Current Error" value="40.000000" />
  <attribute name="Output H" value="16197584"/>
  <attribute name="Output I" value="2080"/>
  <attribute name="Output T" value="16"/>
  <attribute name= "Current Time Running" value="125569" />
  <attribute name="GC Util currently" value="40" />
  <attribute name="CPU Util currently" value="37519308274" />
<allocation-satisfied id="965" threadId="0000000002035F00" bytesRequested="32" />
<af-end id="966" timestamp="2019-08-08T10:56:17.176" threadId="0000000002036888" success="true" />
<exclusive-end id="967" timestamp="2019-08-08T10:56:17.176" durationms="40.688" />

<exclusive-start id="968" timestamp="2019-08-08T10:56:17.275" intervalms="138.937">
  <response-info timems="0.050" idlems="0.050" threads="0" lastid="0000000002035F00" lastname="main" />
</exclusive-start>
<af-start id="969" threadId="0000000002036888" totalBytesRequested="16" timestamp="2019-08-08T10:56:17.275" intervalms="138.944" />
<cycle-start id="970" type="global" contextid="0" timestamp="2019-08-08T10:56:17.275" intervalms="138.939" />
<gc-start id="971" type="global" contextid="970" timestamp="2019-08-08T10:56:17.275">
  <mem-info id="972" free="161792" total="16252928" percent="0">
    <mem type="tenure" free="161792" total="16252928" percent="0">
      <mem type="soa" free="0" total="16091136" percent="0" />
      <mem type="loa" free="161792" total="161792" percent="100" />
    </mem>
  </mem-info>
</gc-start>
<allocation-stats totalBytes="10529760" >
  <allocated-bytes non-tlh="406088" tlh="10123672" />
  <largest-consumer threadName="main" threadId="0000000002035F00" bytes="10529760" />
</allocation-stats>
<gc-op id="973" type="mark" timems="5.700" contextid="970" timestamp="2019-08-08T10:56:17.280">
  <trace-info objectcount="97864" scancount="80954" scanbytes="2701068" />
  <finalization candidates="80" enqueued="0" />
  <ownableSynchronizers candidates="21" cleared="0" />
  <references type="soft" candidates="1689" cleared="0" enqueued="0" dynamicThreshold="20" maxThreshold="32" />
  <references type="weak" candidates="4602" cleared="17" enqueued="14" />
  <references type="phantom" candidates="96" cleared="0" enqueued="0" />
  <stringconstants candidates="10904" cleared="0"  />
</gc-op>
<gc-op id="974" type="sweep" timems="1.699" contextid="970" timestamp="2019-08-08T10:56:17.282" />
<mem-info id="975" free="10570552" total="16252928" percent="65">
  <mem type="tenure" free="10570552" total="16252928" percent="65" micro-fragmented="224753" macro-fragmented="0">
    <mem type="soa" free="10408760" total="16091136" percent="64" />
    <mem type="loa" free="161792" total="161792" percent="100" />
  </mem>
  <pending-finalizers system="0" default="0" reference="14" classloader="0" />
</mem-info>
<gc-op id="976" type="compact" timems="24.008" contextid="970" timestamp="2019-08-08T10:56:17.306">
  <compact-info movecount="63517" movebytes="3184304" reason="compact to aid heap contraction" />
</gc-op>
<heap-resize id="977" type="expand" space="tenure" amount="131072" count="1" timems="0.015" reason="satisfy allocation request" timestamp="2019-08-08T10:56:17.307" />
<gc-end id="978" type="global" contextid="970" durationms="32.328" usertimems="72.419" systemtimems="0.000" timestamp="2019-08-08T10:56:17.307" activeThreads="16">
  <mem-info id="979" free="11036176" total="16384000" percent="67">
    <mem type="tenure" free="11036176" total="16384000" percent="67">
      <mem type="soa" free="10872336" total="16220160" percent="67" />
      <mem type="loa" free="163840" total="163840" percent="100" />
    </mem>
    <pending-finalizers system="0" default="0" reference="14" classloader="0" />
  </mem-info>
</gc-end>
<cycle-end id="980" type="global" contextid="970" timestamp="2019-08-08T10:56:17.307" />
  <attribute name="elasticGC enabled" value="1" />
  <attribute name= "numThreadsSpecified" value="16" />
  <attribute name="heapSize specified" value="16252928" />
  <attribute name="Current GC Util" value="43" />
  <attribute name= "Current Time Running" value="125700" />
  <attribute name ="GC Interval" value="0" />
  <attribute name="Target GC Util Change" value ="80.000000" />
  <attribute name="Current GC Util Change" value="43.000000"/>
  <attribute name="Current Error" value="-138.000000" />
  <attribute name="Output H" value="16328456"/>
  <attribute name="Output I" value="1768"/>
  <attribute name="Output T" value="16"/>
  <attribute name= "Current Time Running" value="125700" />
  <attribute name="GC Util currently" value="43" />
  <attribute name="CPU Util currently" value="47979927516" />
<allocation-satisfied id="981" threadId="0000000002035F00" bytesRequested="16" />
<af-end id="982" timestamp="2019-08-08T10:56:17.307" threadId="0000000002036888" success="true" />
<exclusive-end id="983" timestamp="2019-08-08T10:56:17.307" durationms="32.519" />

<exclusive-start id="984" timestamp="2019-08-08T10:56:17.382" intervalms="107.874">
  <response-info timems="0.019" idlems="0.019" threads="0" lastid="0000000002035F00" lastname="main" />
</exclusive-start>
<af-start id="985" threadId="0000000002036888" totalBytesRequested="48" timestamp="2019-08-08T10:56:17.382" intervalms="107.887" />
<cycle-start id="986" type="global" contextid="0" timestamp="2019-08-08T10:56:17.382" intervalms="107.905" />
<gc-start id="987" type="global" contextid="986" timestamp="2019-08-08T10:56:17.383">
  <mem-info id="988" free="163840" total="16384000" percent="1">
    <mem type="tenure" free="163840" total="16384000" percent="1">
      <mem type="soa" free="0" total="16220160" percent="0" />
      <mem type="loa" free="163840" total="163840" percent="100" />
    </mem>
  </mem-info>
</gc-start>
<allocation-stats totalBytes="10934520" >
  <allocated-bytes non-tlh="502912" tlh="10431608" />
  <largest-consumer threadName="main" threadId="0000000002035F00" bytes="10934520" />
</allocation-stats>
<gc-op id="989" type="mark" timems="10.668" contextid="986" timestamp="2019-08-08T10:56:17.393">
  <trace-info objectcount="96906" scancount="79793" scanbytes="2734252" />
  <finalization candidates="80" enqueued="0" />
  <ownableSynchronizers candidates="21" cleared="0" />
  <references type="soft" candidates="1722" cleared="0" enqueued="0" dynamicThreshold="21" maxThreshold="32" />
  <references type="weak" candidates="4613" cleared="2" enqueued="2" />
  <references type="phantom" candidates="97" cleared="0" enqueued="0" />
  <stringconstants candidates="11076" cleared="0"  />
</gc-op>
<gc-op id="990" type="classunload" timems="0.004" contextid="986" timestamp="2019-08-08T10:56:17.393">
  <classunload-info classloadercandidates="19" classloadersunloaded="0" classesunloaded="0" anonymousclassesunloaded="0" quiescems="0.000" setupms="0.004" scanms="0.000" postms="0.000" />
</gc-op>
<gc-op id="991" type="sweep" timems="1.362" contextid="986" timestamp="2019-08-08T10:56:17.395" />
<mem-info id="992" free="10662648" total="16384000" percent="65">
  <mem type="tenure" free="10662648" total="16384000" percent="65" micro-fragmented="88208" macro-fragmented="0">
    <mem type="soa" free="10498808" total="16220160" percent="64" />
    <mem type="loa" free="163840" total="163840" percent="100" />
  </mem>
  <pending-finalizers system="0" default="0" reference="2" classloader="0" />
</mem-info>
<gc-op id="993" type="compact" timems="26.420" contextid="986" timestamp="2019-08-08T10:56:17.421">
  <compact-info movecount="76099" movebytes="3945720" reason="compact to aid heap contraction" />
</gc-op>
<heap-resize id="994" type="expand" space="tenure" amount="131072" count="1" timems="0.020" reason="satisfy allocation request" timestamp="2019-08-08T10:56:17.422" />
<gc-end id="995" type="global" contextid="986" durationms="39.948" usertimems="67.156" systemtimems="0.000" timestamp="2019-08-08T10:56:17.422" activeThreads="16">
  <mem-info id="996" free="10889536" total="16515072" percent="65">
    <mem type="tenure" free="10889536" total="16515072" percent="65">
      <mem type="soa" free="10724672" total="16350208" percent="65" />
      <mem type="loa" free="164864" total="164864" percent="100" />
    </mem>
    <pending-finalizers system="0" default="0" reference="2" classloader="0" />
  </mem-info>
</gc-end>
<cycle-end id="997" type="global" contextid="986" timestamp="2019-08-08T10:56:17.423" />
  <attribute name="elasticGC enabled" value="1" />
  <attribute name= "numThreadsSpecified" value="16" />
  <attribute name="heapSize specified" value="16384000" />
  <attribute name="Current GC Util" value="61" />
  <attribute name= "Current Time Running" value="125815" />
  <attribute name ="GC Interval" value="0" />
  <attribute name="Target GC Util Change" value ="80.000000" />
  <attribute name="Current GC Util Change" value="61.000000"/>
  <attribute name="Current Error" value="-184.000000" />
  <attribute name="Output H" value="16459472"/>
  <attribute name="Output I" value="1680"/>
  <attribute name="Output T" value="16"/>
  <attribute name= "Current Time Running" value="125815" />
  <attribute name="GC Util currently" value="61" />
  <attribute name="CPU Util currently" value="43578347293" />
<allocation-satisfied id="998" threadId="0000000002035F00" bytesRequested="48" />
<af-end id="999" timestamp="2019-08-08T10:56:17.423" threadId="0000000002036888" success="true" />
<exclusive-end id="1000" timestamp="2019-08-08T10:56:17.423" durationms="40.185" />

<exclusive-start id="1001" timestamp="2019-08-08T10:56:17.453" intervalms="70.620">
  <response-info timems="0.061" idlems="0.061" threads="0" lastid="0000000002035F00" lastname="main" />
</exclusive-start>
<af-start id="1002" threadId="0000000002036888" totalBytesRequested="32" timestamp="2019-08-08T10:56:17.454" intervalms="71.420" />
<cycle-start id="1003" type="global" contextid="0" timestamp="2019-08-08T10:56:17.454" intervalms="71.401" />
<gc-start id="1004" type="global" contextid="1003" timestamp="2019-08-08T10:56:17.454">
  <mem-info id="1005" free="164864" total="16515072" percent="0">
    <mem type="tenure" free="164864" total="16515072" percent="0">
      <mem type="soa" free="0" total="16350208" percent="0" />
      <mem type="loa" free="164864" total="164864" percent="100" />
    </mem>
  </mem-info>
</gc-start>
<allocation-stats totalBytes="10789176" >
  <allocated-bytes non-tlh="0" tlh="10789176" />
  <largest-consumer threadName="main" threadId="0000000002035F00" bytes="10785080" />
</allocation-stats>
<gc-op id="1006" type="mark" timems="18.108" contextid="1003" timestamp="2019-08-08T10:56:17.472">
  <trace-info objectcount="106888" scancount="88942" scanbytes="3085020" />
  <finalization candidates="80" enqueued="0" />
  <ownableSynchronizers candidates="21" cleared="0" />
  <references type="soft" candidates="1722" cleared="0" enqueued="0" dynamicThreshold="21" maxThreshold="32" />
  <references type="weak" candidates="4609" cleared="0" enqueued="0" />
  <references type="phantom" candidates="97" cleared="0" enqueued="0" />
  <stringconstants candidates="11076" cleared="0"  />
</gc-op>
<gc-op id="1007" type="sweep" timems="5.603" contextid="1003" timestamp="2019-08-08T10:56:17.478" />
<mem-info id="1008" free="10405024" total="16515072" percent="63">
  <mem type="tenure" free="10405024" total="16515072" percent="63" micro-fragmented="95809" macro-fragmented="0">
    <mem type="soa" free="10240160" total="16350208" percent="62" />
    <mem type="loa" free="164864" total="164864" percent="100" />
  </mem>
</mem-info>
<gc-op id="1009" type="compact" timems="11.237" contextid="1003" timestamp="2019-08-08T10:56:17.489">
  <compact-info movecount="18657" movebytes="1120312" reason="compact to aid heap contraction" />
</gc-op>
<heap-resize id="1010" type="expand" space="tenure" amount="131072" count="1" timems="0.018" reason="satisfy allocation request" timestamp="2019-08-08T10:56:17.492" />
<gc-end id="1011" type="global" contextid="1003" durationms="37.758" usertimems="70.421" systemtimems="0.000" timestamp="2019-08-08T10:56:17.492" activeThreads="16">
  <mem-info id="1012" free="10649976" total="16646144" percent="63">
    <mem type="tenure" free="10649976" total="16646144" percent="63">
      <mem type="soa" free="10484088" total="16480256" percent="63" />
      <mem type="loa" free="165888" total="165888" percent="100" />
    </mem>
  </mem-info>
</gc-end>
<cycle-end id="1013" type="global" contextid="1003" timestamp="2019-08-08T10:56:17.492" />
  <attribute name="elasticGC enabled" value="1" />
  <attribute name= "numThreadsSpecified" value="16" />
  <attribute name="heapSize specified" value="16515072" />
  <attribute name="Current GC Util" value="62" />
  <attribute name= "Current Time Running" value="125883" />
  <attribute name ="GC Interval" value="0" />
  <attribute name="Target GC Util Change" value ="80.000000" />
  <attribute name="Current GC Util Change" value="62.000000"/>
  <attribute name="Current Error" value="18.000000" />
  <attribute name="Output H" value="16590776"/>
  <attribute name="Output I" value="2040"/>
  <attribute name="Output T" value="16"/>
  <attribute name= "Current Time Running" value="125883" />
  <attribute name="GC Util currently" value="62" />
  <attribute name="CPU Util currently" value="102147980781" />
<allocation-satisfied id="1014" threadId="0000000002035F00" bytesRequested="32" />
<af-end id="1015" timestamp="2019-08-08T10:56:17.492" threadId="0000000002036888" success="true" />
<exclusive-end id="1016" timestamp="2019-08-08T10:56:17.492" durationms="38.759" />

<exclusive-start id="1017" timestamp="2019-08-08T10:56:17.557" intervalms="103.674">
  <response-info timems="0.019" idlems="0.019" threads="0" lastid="0000000002035F00" lastname="main" />
</exclusive-start>
<af-start id="1018" threadId="0000000002036888" totalBytesRequested="48" timestamp="2019-08-08T10:56:17.557" intervalms="102.867" />
<cycle-start id="1019" type="global" contextid="0" timestamp="2019-08-08T10:56:17.557" intervalms="102.871" />
<gc-start id="1020" type="global" contextid="1019" timestamp="2019-08-08T10:56:17.557">
  <mem-info id="1021" free="165888" total="16646144" percent="0">
    <mem type="tenure" free="165888" total="16646144" percent="0">
      <mem type="soa" free="0" total="16480256" percent="0" />
      <mem type="loa" free="165888" total="165888" percent="100" />
    </mem>
  </mem-info>
</gc-start>
<allocation-stats totalBytes="10548320" >
  <allocated-bytes non-tlh="482616" tlh="10065704" />
  <largest-consumer threadName="main" threadId="0000000002035F00" bytes="10548320" />
</allocation-stats>
<gc-op id="1022" type="mark" timems="5.531" contextid="1019" timestamp="2019-08-08T10:56:17.562">
  <trace-info objectcount="96355" scancount="79319" scanbytes="2683012" />
  <finalization candidates="80" enqueued="0" />
  <ownableSynchronizers candidates="21" cleared="0" />
  <references type="soft" candidates="1733" cleared="0" enqueued="0" dynamicThreshold="20" maxThreshold="32" />
  <references type="weak" candidates="4786" cleared="1" enqueued="1" />
  <references type="phantom" candidates="97" cleared="0" enqueued="0" />
  <stringconstants candidates="11326" cleared="12"  />
</gc-op>
<gc-op id="1023" type="sweep" timems="1.991" contextid="1019" timestamp="2019-08-08T10:56:17.565" />
<mem-info id="1024" free="11091384" total="16646144" percent="66">
  <mem type="tenure" free="11091384" total="16646144" percent="66" micro-fragmented="35404" macro-fragmented="0">
    <mem type="soa" free="10925496" total="16480256" percent="66" />
    <mem type="loa" free="165888" total="165888" percent="100" />
  </mem>
  <pending-finalizers system="0" default="0" reference="1" classloader="0" />
</mem-info>
<gc-op id="1025" type="compact" timems="21.973" contextid="1019" timestamp="2019-08-08T10:56:17.587">
  <compact-info movecount="51972" movebytes="2963408" reason="compact to aid heap contraction" />
</gc-op>
<heap-resize id="1026" type="expand" space="tenure" amount="131072" count="1" timems="0.019" reason="satisfy allocation request" timestamp="2019-08-08T10:56:17.587" />
<gc-end id="1027" type="global" contextid="1019" durationms="30.516" usertimems="53.463" systemtimems="0.000" timestamp="2019-08-08T10:56:17.587" activeThreads="16">
  <mem-info id="1028" free="11193888" total="16777216" percent="66">
    <mem type="tenure" free="11193888" total="16777216" percent="66">
      <mem type="soa" free="11026976" total="16610304" percent="66" />
      <mem type="loa" free="166912" total="166912" percent="100" />
    </mem>
    <pending-finalizers system="0" default="0" reference="1" classloader="0" />
  </mem-info>
</gc-end>
<cycle-end id="1029" type="global" contextid="1019" timestamp="2019-08-08T10:56:17.587" />
  <attribute name="elasticGC enabled" value="1" />
  <attribute name= "numThreadsSpecified" value="16" />
  <attribute name="heapSize specified" value="16646144" />
  <attribute name="Current GC Util" value="52" />
  <attribute name= "Current Time Running" value="125980" />
  <attribute name ="GC Interval" value="0" />
  <attribute name="Target GC Util Change" value ="80.000000" />
  <attribute name="Current GC Util Change" value="52.000000"/>
  <attribute name="Current Error" value="-162.000000" />
  <attribute name="Output H" value="16721640"/>
  <attribute name="Output I" value="1720"/>
  <attribute name="Output T" value="16"/>
  <attribute name= "Current Time Running" value="125980" />
  <attribute name="GC Util currently" value="52" />
  <attribute name="CPU Util currently" value="52284959822" />
<allocation-satisfied id="1030" threadId="0000000002035F00" bytesRequested="48" />
<af-end id="1031" timestamp="2019-08-08T10:56:17.588" threadId="0000000002036888" success="true" />
<exclusive-end id="1032" timestamp="2019-08-08T10:56:17.588" durationms="30.839" />

<exclusive-start id="1033" timestamp="2019-08-08T10:56:17.637" intervalms="80.040">
  <response-info timems="0.049" idlems="0.049" threads="0" lastid="0000000002035F00" lastname="main" />
</exclusive-start>
<af-start id="1034" threadId="0000000002036888" totalBytesRequested="40" timestamp="2019-08-08T10:56:17.637" intervalms="80.038" />
<cycle-start id="1035" type="global" contextid="0" timestamp="2019-08-08T10:56:17.637" intervalms="80.030" />
<gc-start id="1036" type="global" contextid="1035" timestamp="2019-08-08T10:56:17.637">
  <mem-info id="1037" free="166912" total="16777216" percent="0">
    <mem type="tenure" free="166912" total="16777216" percent="0">
      <mem type="soa" free="0" total="16610304" percent="0" />
      <mem type="loa" free="166912" total="166912" percent="100" />
    </mem>
  </mem-info>
</gc-start>
<allocation-stats totalBytes="11091240" >
  <allocated-bytes non-tlh="576" tlh="11090664" />
  <largest-consumer threadName="main" threadId="0000000002035F00" bytes="11087144" />
</allocation-stats>
<gc-op id="1038" type="mark" timems="12.744" contextid="1035" timestamp="2019-08-08T10:56:17.650">
  <trace-info objectcount="114865" scancount="95987" scanbytes="3379924" />
  <finalization candidates="80" enqueued="0" />
  <ownableSynchronizers candidates="21" cleared="0" />
  <references type="soft" candidates="1733" cleared="0" enqueued="0" dynamicThreshold="21" maxThreshold="32" />
  <references type="weak" candidates="4786" cleared="0" enqueued="0" />
  <references type="phantom" candidates="97" cleared="0" enqueued="0" />
  <stringconstants candidates="11326" cleared="0"  />
</gc-op>
<gc-op id="1039" type="sweep" timems="4.234" contextid="1035" timestamp="2019-08-08T10:56:17.654" />
<mem-info id="1040" free="10003592" total="16777216" percent="59">
  <mem type="tenure" free="10003592" total="16777216" percent="59" micro-fragmented="325534" macro-fragmented="0">
    <mem type="soa" free="9836680" total="16610304" percent="59" />
    <mem type="loa" free="166912" total="166912" percent="100" />
  </mem>
</mem-info>
<gc-op id="1041" type="compact" timems="16.891" contextid="1035" timestamp="2019-08-08T10:56:17.671">
  <compact-info movecount="39406" movebytes="1925752" reason="compact to aid heap contraction" />
</gc-op>
<heap-resize id="1042" type="expand" space="tenure" amount="131072" count="1" timems="0.018" reason="satisfy allocation request" timestamp="2019-08-08T10:56:17.672" />
<gc-end id="1043" type="global" contextid="1035" durationms="34.609" usertimems="75.942" systemtimems="0.000" timestamp="2019-08-08T10:56:17.672" activeThreads="16">
  <mem-info id="1044" free="10584552" total="16908288" percent="62">
    <mem type="tenure" free="10584552" total="16908288" percent="62">
      <mem type="soa" free="10415592" total="16739328" percent="62" />
      <mem type="loa" free="168960" total="168960" percent="100" />
    </mem>
  </mem-info>
</gc-end>
<cycle-end id="1045" type="global" contextid="1035" timestamp="2019-08-08T10:56:17.672" />
  <attribute name="elasticGC enabled" value="1" />
  <attribute name= "numThreadsSpecified" value="16" />
  <attribute name="heapSize specified" value="16777216" />
  <attribute name="Current GC Util" value="100" />
  <attribute name= "Current Time Running" value="126064" />
  <attribute name ="GC Interval" value="0" />
  <attribute name="Target GC Util Change" value ="80.000000" />
  <attribute name="Current GC Util Change" value="100.000000"/>
  <attribute name="Current Error" value="-283.000000" />
  <attribute name="Output H" value="16852576"/>
  <attribute name="Output I" value="1504"/>
  <attribute name="Output T" value="16"/>
  <attribute name= "Current Time Running" value="126064" />
  <attribute name="GC Util currently" value="100" />
  <attribute name="CPU Util currently" value="68178955595" />
<allocation-satisfied id="1046" threadId="0000000002035F00" bytesRequested="40" />
<af-end id="1047" timestamp="2019-08-08T10:56:17.672" threadId="0000000002036888" success="true" />
<exclusive-end id="1048" timestamp="2019-08-08T10:56:17.672" durationms="34.911" />

<exclusive-start id="1049" timestamp="2019-08-08T10:56:17.754" intervalms="117.600">
  <response-info timems="0.036" idlems="0.036" threads="0" lastid="0000000002035F00" lastname="main" />
</exclusive-start>
<af-start id="1050" threadId="0000000002036888" totalBytesRequested="32" timestamp="2019-08-08T10:56:17.754" intervalms="117.600" />
<cycle-start id="1051" type="global" contextid="0" timestamp="2019-08-08T10:56:17.754" intervalms="117.603" />
<gc-start id="1052" type="global" contextid="1051" timestamp="2019-08-08T10:56:17.754">
  <mem-info id="1053" free="168960" total="16908288" percent="0">
    <mem type="tenure" free="168960" total="16908288" percent="0">
      <mem type="soa" free="0" total="16739328" percent="0" />
      <mem type="loa" free="168960" total="168960" percent="100" />
    </mem>
  </mem-info>
</gc-start>
<allocation-stats totalBytes="10478952" >
  <allocated-bytes non-tlh="224512" tlh="10254440" />
  <largest-consumer threadName="main" threadId="0000000002035F00" bytes="10478952" />
</allocation-stats>
<gc-op id="1054" type="mark" timems="7.886" contextid="1051" timestamp="2019-08-08T10:56:17.762">
  <trace-info objectcount="95771" scancount="78680" scanbytes="2607592" />
  <finalization candidates="80" enqueued="0" />
  <ownableSynchronizers candidates="21" cleared="0" />
  <references type="soft" candidates="1757" cleared="0" enqueued="0" dynamicThreshold="20" maxThreshold="32" />
  <references type="weak" candidates="4964" cleared="2" enqueued="2" />
  <references type="phantom" candidates="97" cleared="0" enqueued="0" />
  <stringconstants candidates="11544" cleared="0"  />
</gc-op>
<gc-op id="1055" type="sweep" timems="2.268" contextid="1051" timestamp="2019-08-08T10:56:17.765" />
<mem-info id="1056" free="11432728" total="16908288" percent="67">
  <mem type="tenure" free="11432728" total="16908288" percent="67" micro-fragmented="62449" macro-fragmented="7740515">
    <mem type="soa" free="11263768" total="16739328" percent="67" />
    <mem type="loa" free="168960" total="168960" percent="100" />
  </mem>
  <pending-finalizers system="0" default="0" reference="2" classloader="0" />
</mem-info>
<gc-op id="1057" type="compact" timems="22.367" contextid="1051" timestamp="2019-08-08T10:56:17.787">
  <compact-info movecount="51581" movebytes="2828664" reason="compact to aid heap contraction" />
</gc-op>
<heap-resize id="1058" type="expand" space="tenure" amount="131072" count="1" timems="0.019" reason="satisfy allocation request" timestamp="2019-08-08T10:56:17.788" />
<gc-end id="1059" type="global" contextid="1051" durationms="33.433" usertimems="58.845" systemtimems="0.000" timestamp="2019-08-08T10:56:17.788" activeThreads="16">
  <mem-info id="1060" free="11597608" total="17039360" percent="68">
    <mem type="tenure" free="11597608" total="17039360" percent="68">
      <mem type="soa" free="11427624" total="16869376" percent="67" />
      <mem type="loa" free="169984" total="169984" percent="100" />
    </mem>
    <pending-finalizers system="0" default="0" reference="2" classloader="0" />
  </mem-info>
</gc-end>
<cycle-end id="1061" type="global" contextid="1051" timestamp="2019-08-08T10:56:17.788" />
  <attribute name="elasticGC enabled" value="1" />
  <attribute name= "numThreadsSpecified" value="16" />
  <attribute name="heapSize specified" value="16908288" />
  <attribute name="Current GC Util" value="61" />
  <attribute name= "Current Time Running" value="126180" />
  <attribute name ="GC Interval" value="0" />
  <attribute name="Target GC Util Change" value ="80.000000" />
  <attribute name="Current GC Util Change" value="61.000000"/>
  <attribute name="Current Error" value="19.000000" />
  <attribute name="Output H" value="16983992"/>
  <attribute name="Output I" value="2048"/>
  <attribute name="Output T" value="16"/>
  <attribute name= "Current Time Running" value="126180" />
  <attribute name="GC Util currently" value="61" />
  <attribute name="CPU Util currently" value="51436351040" />
<allocation-satisfied id="1062" threadId="0000000002035F00" bytesRequested="32" />
<af-end id="1063" timestamp="2019-08-08T10:56:17.788" threadId="0000000002036888" success="true" />
<exclusive-end id="1064" timestamp="2019-08-08T10:56:17.788" durationms="33.624" />

<exclusive-start id="1065" timestamp="2019-08-08T10:56:17.885" intervalms="130.933">
  <response-info timems="0.045" idlems="0.045" threads="0" lastid="0000000002035F00" lastname="main" />
</exclusive-start>
<af-start id="1066" threadId="0000000002036888" totalBytesRequested="32" timestamp="2019-08-08T10:56:17.885" intervalms="130.935" />
<cycle-start id="1067" type="global" contextid="0" timestamp="2019-08-08T10:56:17.885" intervalms="130.942" />
<gc-start id="1068" type="global" contextid="1067" timestamp="2019-08-08T10:56:17.885">
  <mem-info id="1069" free="169984" total="17039360" percent="0">
    <mem type="tenure" free="169984" total="17039360" percent="0">
      <mem type="soa" free="0" total="16869376" percent="0" />
      <mem type="loa" free="169984" total="169984" percent="100" />
    </mem>
  </mem-info>
</gc-start>
<allocation-stats totalBytes="11491256" >
  <allocated-bytes non-tlh="479112" tlh="11012144" />
  <largest-consumer threadName="main" threadId="0000000002035F00" bytes="11487160" />
</allocation-stats>
<gc-op id="1070" type="mark" timems="14.401" contextid="1067" timestamp="2019-08-08T10:56:17.900">
  <trace-info objectcount="105204" scancount="86906" scanbytes="2953420" />
  <finalization candidates="81" enqueued="1" />
  <ownableSynchronizers candidates="21" cleared="0" />
  <references type="soft" candidates="1758" cleared="0" enqueued="0" dynamicThreshold="21" maxThreshold="32" />
  <references type="weak" candidates="5089" cleared="13" enqueued="13" />
  <references type="phantom" candidates="97" cleared="0" enqueued="0" />
  <stringconstants candidates="11675" cleared="0"  />
</gc-op>
<gc-op id="1071" type="classunload" timems="0.006" contextid="1067" timestamp="2019-08-08T10:56:17.900">
  <classunload-info classloadercandidates="25" classloadersunloaded="0" classesunloaded="0" anonymousclassesunloaded="0" quiescems="0.000" setupms="0.005" scanms="0.001" postms="0.000" />
</gc-op>
<gc-op id="1072" type="sweep" timems="2.968" contextid="1067" timestamp="2019-08-08T10:56:17.903" />
<mem-info id="1073" free="10911320" total="17039360" percent="64">
  <mem type="tenure" free="10911320" total="17039360" percent="64" micro-fragmented="185747" macro-fragmented="0">
    <mem type="soa" free="10741336" total="16869376" percent="63" />
    <mem type="loa" free="169984" total="169984" percent="100" />
  </mem>
  <pending-finalizers system="0" default="1" reference="13" classloader="0" />
</mem-info>
<gc-op id="1074" type="compact" timems="31.696" contextid="1067" timestamp="2019-08-08T10:56:17.935">
  <compact-info movecount="86493" movebytes="4314392" reason="compact to aid heap contraction" />
</gc-op>
<heap-resize id="1075" type="expand" space="tenure" amount="131072" count="1" timems="0.020" reason="satisfy allocation request" timestamp="2019-08-08T10:56:17.935" />
<gc-end id="1076" type="global" contextid="1067" durationms="49.870" usertimems="74.921" systemtimems="0.000" timestamp="2019-08-08T10:56:17.935" activeThreads="16">
  <mem-info id="1077" free="11267184" total="17170432" percent="65">
    <mem type="tenure" free="11267184" total="17170432" percent="65">
      <mem type="soa" free="11096176" total="16999424" percent="65" />
      <mem type="loa" free="171008" total="171008" percent="100" />
    </mem>
    <pending-finalizers system="0" default="1" reference="13" classloader="0" />
  </mem-info>
</gc-end>
<cycle-end id="1078" type="global" contextid="1067" timestamp="2019-08-08T10:56:17.935" />
  <attribute name="elasticGC enabled" value="1" />
  <attribute name= "numThreadsSpecified" value="16" />
  <attribute name="heapSize specified" value="17039360" />
  <attribute name="Current GC Util" value="47" />
  <attribute name= "Current Time Running" value="126328" />
  <attribute name ="GC Interval" value="0" />
  <attribute name="Target GC Util Change" value ="80.000000" />
  <attribute name="Current GC Util Change" value="47.000000"/>
  <attribute name="Current Error" value="4.000000" />
  <attribute name="Output H" value="17115048"/>
  <attribute name="Output I" value="2016"/>
  <attribute name="Output T" value="16"/>
  <attribute name= "Current Time Running" value="126328" />
  <attribute name="GC Util currently" value="47" />
  <attribute name="CPU Util currently" value="36342756751" />
<allocation-satisfied id="1079" threadId="0000000002035F00" bytesRequested="32" />
<af-end id="1080" timestamp="2019-08-08T10:56:17.935" threadId="0000000002036888" success="true" />
<exclusive-end id="1081" timestamp="2019-08-08T10:56:17.935" durationms="50.064" />

<exclusive-start id="1082" timestamp="2019-08-08T10:56:18.019" intervalms="133.652">
  <response-info timems="0.022" idlems="0.022" threads="0" lastid="0000000002035F00" lastname="main" />
</exclusive-start>
<af-start id="1083" threadId="0000000002036888" totalBytesRequested="24" timestamp="2019-08-08T10:56:18.019" intervalms="133.661" />
<cycle-start id="1084" type="global" contextid="0" timestamp="2019-08-08T10:56:18.019" intervalms="133.665" />
<gc-start id="1085" type="global" contextid="1084" timestamp="2019-08-08T10:56:18.019">
  <mem-info id="1086" free="171008" total="17170432" percent="0">
    <mem type="tenure" free="171008" total="17170432" percent="0">
      <mem type="soa" free="0" total="16999424" percent="0" />
      <mem type="loa" free="171008" total="171008" percent="100" />
    </mem>
  </mem-info>
</gc-start>
<allocation-stats totalBytes="11159808" >
  <allocated-bytes non-tlh="813608" tlh="10346200" />
  <largest-consumer threadName="main" threadId="0000000002035F00" bytes="11151496" />
</allocation-stats>
<gc-op id="1087" type="mark" timems="7.946" contextid="1084" timestamp="2019-08-08T10:56:18.027">
  <trace-info objectcount="105682" scancount="87652" scanbytes="3022788" />
  <finalization candidates="80" enqueued="0" />
  <ownableSynchronizers candidates="21" cleared="0" />
  <references type="soft" candidates="1783" cleared="0" enqueued="0" dynamicThreshold="20" maxThreshold="32" />
  <references type="weak" candidates="5085" cleared="2" enqueued="2" />
  <references type="phantom" candidates="98" cleared="0" enqueued="0" />
  <stringconstants candidates="11804" cleared="0"  />
</gc-op>
<gc-op id="1088" type="sweep" timems="2.394" contextid="1084" timestamp="2019-08-08T10:56:18.029" />
<mem-info id="1089" free="10640288" total="17170432" percent="61">
  <mem type="tenure" free="10640288" total="17170432" percent="61" micro-fragmented="204463" macro-fragmented="0">
    <mem type="soa" free="10469280" total="16999424" percent="61" />
    <mem type="loa" free="171008" total="171008" percent="100" />
  </mem>
  <pending-finalizers system="0" default="0" reference="2" classloader="0" />
</mem-info>
<gc-op id="1090" type="compact" timems="28.848" contextid="1084" timestamp="2019-08-08T10:56:18.058">
  <compact-info movecount="88332" movebytes="5432624" reason="compact to aid heap contraction" />
</gc-op>
<heap-resize id="1091" type="expand" space="tenure" amount="131072" count="1" timems="0.016" reason="satisfy allocation request" timestamp="2019-08-08T10:56:18.059" />
<gc-end id="1092" type="global" contextid="1084" durationms="40.212" usertimems="70.043" systemtimems="0.000" timestamp="2019-08-08T10:56:18.059" activeThreads="16">
  <mem-info id="1093" free="10948792" total="17301504" percent="63">
    <mem type="tenure" free="10948792" total="17301504" percent="63">
      <mem type="soa" free="10776760" total="17129472" percent="62" />
      <mem type="loa" free="172032" total="172032" percent="100" />
    </mem>
    <pending-finalizers system="0" default="0" reference="2" classloader="0" />
  </mem-info>
</gc-end>
<cycle-end id="1094" type="global" contextid="1084" timestamp="2019-08-08T10:56:18.059" />
  <attribute name="elasticGC enabled" value="1" />
  <attribute name= "numThreadsSpecified" value="16" />
  <attribute name="heapSize specified" value="17170432" />
  <attribute name="Current GC Util" value="57" />
  <attribute name= "Current Time Running" value="126452" />
  <attribute name ="GC Interval" value="0" />
  <attribute name="Target GC Util Change" value ="80.000000" />
  <attribute name="Current GC Util Change" value="57.000000"/>
  <attribute name="Current Error" value="-186.000000" />
  <attribute name="Output H" value="17245904"/>
  <attribute name="Output I" value="1680"/>
  <attribute name="Output T" value="16"/>
  <attribute name= "Current Time Running" value="126452" />
  <attribute name="GC Util currently" value="57" />
  <attribute name="CPU Util currently" value="39915978876" />
<allocation-satisfied id="1095" threadId="0000000002035F00" bytesRequested="24" />
<af-end id="1096" timestamp="2019-08-08T10:56:18.059" threadId="0000000002036888" success="true" />
<exclusive-end id="1097" timestamp="2019-08-08T10:56:18.059" durationms="40.411" />

<exclusive-start id="1098" timestamp="2019-08-08T10:56:18.124" intervalms="104.971">
  <response-info timems="0.157" idlems="0.157" threads="0" lastid="0000000002035F00" lastname="main" />
</exclusive-start>
<af-start id="1099" threadId="0000000002036888" totalBytesRequested="200008" timestamp="2019-08-08T10:56:18.124" intervalms="105.030" />
<cycle-start id="1100" type="global" contextid="0" timestamp="2019-08-08T10:56:18.124" intervalms="105.037" />
<gc-start id="1101" type="global" contextid="1100" timestamp="2019-08-08T10:56:18.124">
  <mem-info id="1102" free="260584" total="17301504" percent="1">
    <mem type="tenure" free="260584" total="17301504" percent="1">
      <mem type="soa" free="88552" total="17129472" percent="0" />
      <mem type="loa" free="172032" total="172032" percent="100" />
    </mem>
  </mem-info>
</gc-start>
<allocation-stats totalBytes="10736864" >
  <allocated-bytes non-tlh="38608" tlh="10698256" />
  <largest-consumer threadName="main" threadId="0000000002035F00" bytes="10736864" />
</allocation-stats>
<heap-resize id="1103" type="loa expand" space="tenure" amount="173056" count="1" timems="0.000" reason="expand on failed allocate" timestamp="2019-08-08T10:56:18.124" />
<gc-op id="1104" type="mark" timems="6.014" contextid="1100" timestamp="2019-08-08T10:56:18.130">
  <trace-info objectcount="99242" scancount="81814" scanbytes="2709332" />
  <finalization candidates="80" enqueued="0" />
  <ownableSynchronizers candidates="21" cleared="0" />
  <references type="soft" candidates="1873" cleared="0" enqueued="0" dynamicThreshold="20" maxThreshold="32" />
  <references type="weak" candidates="5241" cleared="9" enqueued="9" />
  <references type="phantom" candidates="98" cleared="0" enqueued="0" />
  <stringconstants candidates="11986" cleared="1"  />
</gc-op>
<gc-op id="1105" type="sweep" timems="2.618" contextid="1100" timestamp="2019-08-08T10:56:18.133" />
<mem-info id="1106" free="11633192" total="17301504" percent="67">
  <mem type="tenure" free="11633192" total="17301504" percent="67" micro-fragmented="52526" macro-fragmented="9288619">
    <mem type="soa" free="11349136" total="16956416" percent="66" />
    <mem type="loa" free="284056" total="345088" percent="82" />
  </mem>
  <pending-finalizers system="0" default="0" reference="9" classloader="0" />
</mem-info>
<gc-op id="1107" type="compact" timems="28.551" contextid="1100" timestamp="2019-08-08T10:56:18.161">
  <compact-info movecount="53479" movebytes="2986152" reason="compact to aid heap contraction" />
</gc-op>
<heap-resize id="1108" type="expand" space="tenure" amount="131072" count="1" timems="0.018" reason="satisfy allocation request" timestamp="2019-08-08T10:56:18.163" />
<gc-end id="1109" type="global" contextid="1100" durationms="38.660" usertimems="66.294" systemtimems="0.000" timestamp="2019-08-08T10:56:18.163" activeThreads="16">
  <mem-info id="1110" free="11640696" total="17432576" percent="66">
    <mem type="tenure" free="11640696" total="17432576" percent="66">
      <mem type="soa" free="11292536" total="17084416" percent="66" />
      <mem type="loa" free="348160" total="348160" percent="100" />
    </mem>
    <pending-finalizers system="0" default="0" reference="9" classloader="0" />
  </mem-info>
</gc-end>
<cycle-end id="1111" type="global" contextid="1100" timestamp="2019-08-08T10:56:18.163" />
  <attribute name="elasticGC enabled" value="1" />
  <attribute name= "numThreadsSpecified" value="16" />
  <attribute name="heapSize specified" value="17301504" />
  <attribute name="Current GC Util" value="65" />
  <attribute name= "Current Time Running" value="126555" />
  <attribute name ="GC Interval" value="0" />
  <attribute name="Target GC Util Change" value ="80.000000" />
  <attribute name="Current GC Util Change" value="65.000000"/>
  <attribute name="Current Error" value="15.000000" />
  <attribute name="Output H" value="17377208"/>
  <attribute name="Output I" value="2040"/>
  <attribute name="Output T" value="16"/>
  <attribute name= "Current Time Running" value="126555" />
  <attribute name="GC Util currently" value="65" />
  <attribute name="CPU Util currently" value="40336079382" />
<allocation-satisfied id="1112" threadId="0000000002035F00" bytesRequested="200008" />
<af-end id="1113" timestamp="2019-08-08T10:56:18.163" threadId="0000000002036888" success="true" />
<exclusive-end id="1114" timestamp="2019-08-08T10:56:18.163" durationms="39.036" />

<exclusive-start id="1115" timestamp="2019-08-08T10:56:18.235" intervalms="111.247">
  <response-info timems="0.052" idlems="0.052" threads="0" lastid="0000000002035F00" lastname="main" />
</exclusive-start>
<af-start id="1116" threadId="0000000002036888" totalBytesRequested="24" timestamp="2019-08-08T10:56:18.235" intervalms="111.176" />
<cycle-start id="1117" type="global" contextid="0" timestamp="2019-08-08T10:56:18.235" intervalms="111.166" />
<gc-start id="1118" type="global" contextid="1117" timestamp="2019-08-08T10:56:18.235">
  <mem-info id="1119" free="148152" total="17432576" percent="0">
    <mem type="tenure" free="148152" total="17432576" percent="0">
      <mem type="soa" free="0" total="17084416" percent="0" />
      <mem type="loa" free="148152" total="348160" percent="42" />
    </mem>
  </mem-info>
</gc-start>
<allocation-stats totalBytes="11690736" >
  <allocated-bytes non-tlh="621432" tlh="11069304" />
  <largest-consumer threadName="main" threadId="0000000002035F00" bytes="11690736" />
</allocation-stats>
<gc-op id="1120" type="mark" timems="15.106" contextid="1117" timestamp="2019-08-08T10:56:18.250">
  <trace-info objectcount="100339" scancount="82525" scanbytes="2703024" />
  <finalization candidates="80" enqueued="0" />
  <ownableSynchronizers candidates="21" cleared="0" />
  <references type="soft" candidates="1875" cleared="0" enqueued="0" dynamicThreshold="21" maxThreshold="32" />
  <references type="weak" candidates="5276" cleared="1" enqueued="1" />
  <references type="phantom" candidates="97" cleared="0" enqueued="0" />
  <stringconstants candidates="12302" cleared="8"  />
</gc-op>
<gc-op id="1121" type="classunload" timems="0.560" contextid="1117" timestamp="2019-08-08T10:56:18.251">
  <classunload-info classloadercandidates="33" classloadersunloaded="2" classesunloaded="2" anonymousclassesunloaded="0" quiescems="0.000" setupms="0.543" scanms="0.014" postms="0.003" />
</gc-op>
<gc-op id="1122" type="sweep" timems="2.233" contextid="1117" timestamp="2019-08-08T10:56:18.253" />
<mem-info id="1123" free="11852696" total="17432576" percent="67">
  <mem type="tenure" free="11852696" total="17432576" percent="67" micro-fragmented="19940" macro-fragmented="0">
    <mem type="soa" free="11704544" total="17084416" percent="68" />
    <mem type="loa" free="148152" total="348160" percent="42" />
  </mem>
  <pending-finalizers system="0" default="0" reference="1" classloader="0" />
</mem-info>
<gc-op id="1124" type="compact" timems="24.339" contextid="1117" timestamp="2019-08-08T10:56:18.278">
  <compact-info movecount="67994" movebytes="3512912" reason="compact to aid heap contraction" />
</gc-op>
<heap-resize id="1125" type="expand" space="tenure" amount="131072" count="1" timems="0.014" reason="satisfy allocation request" timestamp="2019-08-08T10:56:18.279" />
<gc-end id="1126" type="global" contextid="1117" durationms="43.525" usertimems="79.947" systemtimems="0.000" timestamp="2019-08-08T10:56:18.279" activeThreads="16">
  <mem-info id="1127" free="11961672" total="17563648" percent="68">
    <mem type="tenure" free="11961672" total="17563648" percent="68">
      <mem type="soa" free="11610440" total="17212416" percent="67" />
      <mem type="loa" free="351232" total="351232" percent="100" />
    </mem>
    <pending-finalizers system="0" default="0" reference="1" classloader="0" />
  </mem-info>
</gc-end>
<cycle-end id="1128" type="global" contextid="1117" timestamp="2019-08-08T10:56:18.279" />
  <attribute name="elasticGC enabled" value="1" />
  <attribute name= "numThreadsSpecified" value="16" />
  <attribute name="heapSize specified" value="17432576" />
  <attribute name="Current GC Util" value="128" />
  <attribute name= "Current Time Running" value="126671" />
  <attribute name ="GC Interval" value="0" />
  <attribute name="Target GC Util Change" value ="80.000000" />
  <attribute name="Current GC Util Change" value="128.000000"/>
  <attribute name="Current Error" value="-160.000000" />
  <attribute name="Output H" value="17508072"/>
  <attribute name="Output I" value="1728"/>
  <attribute name="Output T" value="16"/>
  <attribute name= "Current Time Running" value="126671" />
  <attribute name="GC Util currently" value="128" />
  <attribute name="CPU Util currently" value="47313061989" />
<allocation-satisfied id="1129" threadId="0000000002035F00" bytesRequested="24" />
<af-end id="1130" timestamp="2019-08-08T10:56:18.279" threadId="0000000002036888" success="true" />
<exclusive-end id="1131" timestamp="2019-08-08T10:56:18.279" durationms="43.878" />

<exclusive-start id="1132" timestamp="2019-08-08T10:56:18.340" intervalms="105.091">
  <response-info timems="0.037" idlems="0.037" threads="0" lastid="0000000002035F00" lastname="main" />
</exclusive-start>
<af-start id="1133" threadId="0000000002036888" totalBytesRequested="24" timestamp="2019-08-08T10:56:18.340" intervalms="105.088" />
<cycle-start id="1134" type="global" contextid="0" timestamp="2019-08-08T10:56:18.340" intervalms="105.093" />
<gc-start id="1135" type="global" contextid="1134" timestamp="2019-08-08T10:56:18.340">
  <mem-info id="1136" free="151224" total="17563648" percent="0">
    <mem type="tenure" free="151224" total="17563648" percent="0">
      <mem type="soa" free="0" total="17212416" percent="0" />
      <mem type="loa" free="151224" total="351232" percent="43" />
    </mem>
  </mem-info>
</gc-start>
<allocation-stats totalBytes="11873592" >
  <allocated-bytes non-tlh="617528" tlh="11256064" />
  <largest-consumer threadName="main" threadId="0000000002035F00" bytes="11873592" />
</allocation-stats>
<gc-op id="1137" type="mark" timems="12.213" contextid="1134" timestamp="2019-08-08T10:56:18.353">
  <trace-info objectcount="101079" scancount="83308" scanbytes="2728380" />
  <finalization candidates="80" enqueued="0" />
  <ownableSynchronizers candidates="21" cleared="0" />
  <references type="soft" candidates="1878" cleared="0" enqueued="0" dynamicThreshold="21" maxThreshold="32" />
  <references type="weak" candidates="5295" cleared="1" enqueued="1" />
  <references type="phantom" candidates="97" cleared="0" enqueued="0" />
  <stringconstants candidates="12396" cleared="12"  />
</gc-op>
<gc-op id="1138" type="sweep" timems="3.387" contextid="1134" timestamp="2019-08-08T10:56:18.356" />
<mem-info id="1139" free="11953344" total="17563648" percent="68">
  <mem type="tenure" free="11953344" total="17563648" percent="68" micro-fragmented="17994" macro-fragmented="0">
    <mem type="soa" free="11802120" total="17212416" percent="68" />
    <mem type="loa" free="151224" total="351232" percent="43" />
  </mem>
  <pending-finalizers system="0" default="0" reference="1" classloader="0" />
</mem-info>
<gc-op id="1140" type="compact" timems="20.251" contextid="1134" timestamp="2019-08-08T10:56:18.376">
  <compact-info movecount="46883" movebytes="2362016" reason="compact to aid heap contraction" />
</gc-op>
<heap-resize id="1141" type="expand" space="tenure" amount="131072" count="1" timems="0.015" reason="satisfy allocation request" timestamp="2019-08-08T10:56:18.377" />
<gc-end id="1142" type="global" contextid="1134" durationms="36.770" usertimems="79.591" systemtimems="0.000" timestamp="2019-08-08T10:56:18.377" activeThreads="16">
  <mem-info id="1143" free="12043648" total="17694720" percent="68">
    <mem type="tenure" free="12043648" total="17694720" percent="68">
      <mem type="soa" free="11690368" total="17341440" percent="67" />
      <mem type="loa" free="353280" total="353280" percent="100" />
    </mem>
    <pending-finalizers system="0" default="0" reference="1" classloader="0" />
  </mem-info>
</gc-end>
<cycle-end id="1144" type="global" contextid="1134" timestamp="2019-08-08T10:56:18.377" />
  <attribute name="elasticGC enabled" value="1" />
  <attribute name= "numThreadsSpecified" value="16" />
  <attribute name="heapSize specified" value="17563648" />
  <attribute name="Current GC Util" value="83" />
  <attribute name= "Current Time Running" value="126770" />
  <attribute name ="GC Interval" value="0" />
  <attribute name="Target GC Util Change" value ="80.000000" />
  <attribute name="Current GC Util Change" value="83.000000"/>
  <attribute name="Current Error" value="-279.000000" />
  <attribute name="Output H" value="17639008"/>
  <attribute name="Output I" value="1512"/>
  <attribute name="Output T" value="16"/>
  <attribute name= "Current Time Running" value="126770" />
  <attribute name="GC Util currently" value="83" />
  <attribute name="CPU Util currently" value="56932572074" />
<allocation-satisfied id="1145" threadId="0000000002035F00" bytesRequested="24" />
<af-end id="1146" timestamp="2019-08-08T10:56:18.377" threadId="0000000002036888" success="true" />
<exclusive-end id="1147" timestamp="2019-08-08T10:56:18.377" durationms="37.089" />

<exclusive-start id="1148" timestamp="2019-08-08T10:56:18.426" intervalms="85.995">
  <response-info timems="0.053" idlems="0.053" threads="0" lastid="0000000002035F00" lastname="main" />
</exclusive-start>
<af-start id="1149" threadId="0000000002036888" totalBytesRequested="32" timestamp="2019-08-08T10:56:18.426" intervalms="86.009" />
<cycle-start id="1150" type="global" contextid="0" timestamp="2019-08-08T10:56:18.426" intervalms="86.009" />
<gc-start id="1151" type="global" contextid="1150" timestamp="2019-08-08T10:56:18.426">
  <mem-info id="1152" free="353280" total="17694720" percent="1">
    <mem type="tenure" free="353280" total="17694720" percent="1">
      <mem type="soa" free="0" total="17341440" percent="0" />
      <mem type="loa" free="353280" total="353280" percent="100" />
    </mem>
  </mem-info>
</gc-start>
<allocation-stats totalBytes="11754288" >
  <allocated-bytes non-tlh="406832" tlh="11347456" />
  <largest-consumer threadName="main" threadId="0000000002035F00" bytes="11750192" />
</allocation-stats>
<gc-op id="1153" type="mark" timems="6.959" contextid="1150" timestamp="2019-08-08T10:56:18.433">
  <trace-info objectcount="116270" scancount="97081" scanbytes="3360564" />
  <finalization candidates="80" enqueued="0" />
  <ownableSynchronizers candidates="21" cleared="0" />
  <references type="soft" candidates="1913" cleared="0" enqueued="0" dynamicThreshold="21" maxThreshold="32" />
  <references type="weak" candidates="5346" cleared="2" enqueued="2" />
  <references type="phantom" candidates="97" cleared="0" enqueued="0" />
  <stringconstants candidates="12479" cleared="0"  />
</gc-op>
<gc-op id="1154" type="sweep" timems="1.796" contextid="1150" timestamp="2019-08-08T10:56:18.435" />
<mem-info id="1155" free="11194288" total="17694720" percent="63">
  <mem type="tenure" free="11194288" total="17694720" percent="63" micro-fragmented="183155" macro-fragmented="0">
    <mem type="soa" free="10841008" total="17341440" percent="62" />
    <mem type="loa" free="353280" total="353280" percent="100" />
  </mem>
  <pending-finalizers system="0" default="0" reference="2" classloader="0" />
</mem-info>
<gc-op id="1156" type="compact" timems="27.844" contextid="1150" timestamp="2019-08-08T10:56:18.463">
  <compact-info movecount="81926" movebytes="4178232" reason="compact to aid heap contraction" />
</gc-op>
<heap-resize id="1157" type="expand" space="tenure" amount="131072" count="1" timems="0.019" reason="satisfy allocation request" timestamp="2019-08-08T10:56:18.464" />
<gc-end id="1158" type="global" contextid="1150" durationms="37.938" usertimems="71.974" systemtimems="0.000" timestamp="2019-08-08T10:56:18.464" activeThreads="16">
  <mem-info id="1159" free="11483496" total="17825792" percent="64">
    <mem type="tenure" free="11483496" total="17825792" percent="64">
      <mem type="soa" free="11127144" total="17469440" percent="63" />
      <mem type="loa" free="356352" total="356352" percent="100" />
    </mem>
    <pending-finalizers system="0" default="0" reference="2" classloader="0" />
  </mem-info>
</gc-end>
<cycle-end id="1160" type="global" contextid="1150" timestamp="2019-08-08T10:56:18.464" />
  <attribute name="elasticGC enabled" value="1" />
  <attribute name= "numThreadsSpecified" value="16" />
  <attribute name="heapSize specified" value="17694720" />
  <attribute name="Current GC Util" value="73" />
  <attribute name= "Current Time Running" value="126857" />
  <attribute name ="GC Interval" value="0" />
  <attribute name="Target GC Util Change" value ="80.000000" />
  <attribute name="Current GC Util Change" value="73.000000"/>
  <attribute name="Current Error" value="7.000000" />
  <attribute name="Output H" value="17770408"/>
  <attribute name="Output I" value="2024"/>
  <attribute name="Output T" value="16"/>
  <attribute name= "Current Time Running" value="126857" />
  <attribute name="GC Util currently" value="73" />
  <attribute name="CPU Util currently" value="41372194811" />
<allocation-satisfied id="1161" threadId="0000000002035F00" bytesRequested="32" />
<af-end id="1162" timestamp="2019-08-08T10:56:18.464" threadId="0000000002036888" success="true" />
<exclusive-end id="1163" timestamp="2019-08-08T10:56:18.464" durationms="38.199" />

<exclusive-start id="1164" timestamp="2019-08-08T10:56:18.495" intervalms="69.123">
  <response-info timems="0.038" idlems="0.038" threads="0" lastid="0000000002035F00" lastname="main" />
</exclusive-start>
<af-start id="1165" threadId="0000000002036888" totalBytesRequested="32776" timestamp="2019-08-08T10:56:18.495" intervalms="69.107" />
<cycle-start id="1166" type="global" contextid="0" timestamp="2019-08-08T10:56:18.495" intervalms="69.091" />
<gc-start id="1167" type="global" contextid="1166" timestamp="2019-08-08T10:56:18.495">
  <mem-info id="1168" free="290808" total="17825792" percent="1">
    <mem type="tenure" free="290808" total="17825792" percent="1">
      <mem type="soa" free="0" total="17469440" percent="0" />
      <mem type="loa" free="290808" total="356352" percent="81" />
    </mem>
  </mem-info>
</gc-start>
<allocation-stats totalBytes="11236744" >
  <allocated-bytes non-tlh="266312" tlh="10970432" />
  <largest-consumer threadName="main" threadId="0000000002035F00" bytes="11232648" />
</allocation-stats>
<gc-op id="1169" type="mark" timems="10.205" contextid="1166" timestamp="2019-08-08T10:56:18.506">
  <trace-info objectcount="101320" scancount="83513" scanbytes="2716524" />
  <finalization candidates="80" enqueued="0" />
  <ownableSynchronizers candidates="21" cleared="0" />
  <references type="soft" candidates="1914" cleared="3" enqueued="1" dynamicThreshold="20" maxThreshold="32" />
  <references type="weak" candidates="5342" cleared="1" enqueued="1" />
  <references type="phantom" candidates="97" cleared="0" enqueued="0" />
  <stringconstants candidates="12490" cleared="12"  />
</gc-op>
<gc-op id="1170" type="classunload" timems="0.005" contextid="1166" timestamp="2019-08-08T10:56:18.506">
  <classunload-info classloadercandidates="37" classloadersunloaded="0" classesunloaded="0" anonymousclassesunloaded="0" quiescems="0.000" setupms="0.005" scanms="0.000" postms="0.000" />
</gc-op>
<gc-op id="1171" type="sweep" timems="1.267" contextid="1166" timestamp="2019-08-08T10:56:18.507" />
<mem-info id="1172" free="12160760" total="17825792" percent="68">
  <mem type="tenure" free="12160760" total="17825792" percent="68" micro-fragmented="0" macro-fragmented="9288619">
    <mem type="soa" free="11869952" total="17469440" percent="67" />
    <mem type="loa" free="290808" total="356352" percent="81" />
  </mem>
  <pending-finalizers system="0" default="0" reference="2" classloader="0" />
</mem-info>
<gc-op id="1173" type="compact" timems="32.588" contextid="1166" timestamp="2019-08-08T10:56:18.540">
  <compact-info movecount="84069" movebytes="4806976" reason="compact to aid heap contraction" />
</gc-op>
<heap-resize id="1174" type="expand" space="tenure" amount="131072" count="1" timems="0.070" reason="satisfy allocation request" timestamp="2019-08-08T10:56:18.542" />
<gc-end id="1175" type="global" contextid="1166" durationms="46.716" usertimems="75.314" systemtimems="0.000" timestamp="2019-08-08T10:56:18.542" activeThreads="16">
  <mem-info id="1176" free="12233664" total="17956864" percent="68">
    <mem type="tenure" free="12233664" total="17956864" percent="68">
      <mem type="soa" free="11875264" total="17598464" percent="67" />
      <mem type="loa" free="358400" total="358400" percent="100" />
    </mem>
    <pending-finalizers system="0" default="0" reference="2" classloader="0" />
  </mem-info>
</gc-end>
<cycle-end id="1177" type="global" contextid="1166" timestamp="2019-08-08T10:56:18.542" />
  <attribute name="elasticGC enabled" value="1" />
  <attribute name= "numThreadsSpecified" value="16" />
  <attribute name="heapSize specified" value="17825792" />
  <attribute name="Current GC Util" value="51" />
  <attribute name= "Current Time Running" value="126933" />
  <attribute name ="GC Interval" value="0" />
  <attribute name="Target GC Util Change" value ="80.000000" />
  <attribute name="Current GC Util Change" value="51.000000"/>
  <attribute name="Current Error" value="-156.000000" />
  <attribute name="Output H" value="17901296"/>
  <attribute name="Output I" value="1736"/>
  <attribute name="Output T" value="16"/>
  <attribute name= "Current Time Running" value="126933" />
  <attribute name="GC Util currently" value="51" />
  <attribute name="CPU Util currently" value="35336961371" />
<allocation-satisfied id="1178" threadId="0000000002035F00" bytesRequested="32776" />
<af-end id="1179" timestamp="2019-08-08T10:56:18.542" threadId="0000000002036888" success="true" />
<exclusive-end id="1180" timestamp="2019-08-08T10:56:18.542" durationms="46.902" />

<exclusive-start id="1181" timestamp="2019-08-08T10:56:18.577" intervalms="81.610">
  <response-info timems="0.045" idlems="0.045" threads="0" lastid="0000000002035F00" lastname="main" />
</exclusive-start>
<af-start id="1182" threadId="0000000002036888" totalBytesRequested="32" timestamp="2019-08-08T10:56:18.577" intervalms="81.626" />
<cycle-start id="1183" type="global" contextid="0" timestamp="2019-08-08T10:56:18.577" intervalms="81.636" />
<gc-start id="1184" type="global" contextid="1183" timestamp="2019-08-08T10:56:18.577">
  <mem-info id="1185" free="358400" total="17956864" percent="1">
    <mem type="tenure" free="358400" total="17956864" percent="1">
      <mem type="soa" free="0" total="17598464" percent="0" />
      <mem type="loa" free="358400" total="358400" percent="100" />
    </mem>
  </mem-info>
</gc-start>
<allocation-stats totalBytes="11939416" >
  <allocated-bytes non-tlh="576" tlh="11938840" />
  <largest-consumer threadName="main" threadId="0000000002035F00" bytes="11935320" />
</allocation-stats>
<gc-op id="1186" type="mark" timems="5.125" contextid="1183" timestamp="2019-08-08T10:56:18.582">
  <trace-info objectcount="118942" scancount="99342" scanbytes="3320688" />
  <finalization candidates="80" enqueued="0" />
  <ownableSynchronizers candidates="21" cleared="0" />
  <references type="soft" candidates="1911" cleared="0" enqueued="0" dynamicThreshold="21" maxThreshold="32" />
  <references type="weak" candidates="5342" cleared="0" enqueued="0" />
  <references type="phantom" candidates="96" cleared="0" enqueued="0" />
  <stringconstants candidates="12490" cleared="0"  />
</gc-op>
<gc-op id="1187" type="sweep" timems="1.940" contextid="1183" timestamp="2019-08-08T10:56:18.584" />
<mem-info id="1188" free="11276208" total="17956864" percent="62">
  <mem type="tenure" free="11276208" total="17956864" percent="62" micro-fragmented="368704" macro-fragmented="1531481">
    <mem type="soa" free="10917808" total="17598464" percent="62" />
    <mem type="loa" free="358400" total="358400" percent="100" />
  </mem>
</mem-info>
<gc-op id="1189" type="compact" timems="37.377" contextid="1183" timestamp="2019-08-08T10:56:18.622">
  <compact-info movecount="101691" movebytes="5218424" reason="compact to aid heap contraction" />
</gc-op>
<heap-resize id="1190" type="expand" space="tenure" amount="131072" count="1" timems="0.018" reason="satisfy allocation request" timestamp="2019-08-08T10:56:18.623" />
<gc-end id="1191" type="global" contextid="1183" durationms="45.723" usertimems="75.638" systemtimems="0.000" timestamp="2019-08-08T10:56:18.623" activeThreads="16">
  <mem-info id="1192" free="11953288" total="18087936" percent="66">
    <mem type="tenure" free="11953288" total="18087936" percent="66">
      <mem type="soa" free="11591816" total="17726464" percent="65" />
      <mem type="loa" free="361472" total="361472" percent="100" />
    </mem>
  </mem-info>
</gc-end>
<cycle-end id="1193" type="global" contextid="1183" timestamp="2019-08-08T10:56:18.623" />
  <attribute name="elasticGC enabled" value="1" />
  <attribute name= "numThreadsSpecified" value="16" />
  <attribute name="heapSize specified" value="17956864" />
  <attribute name="Current GC Util" value="42" />
  <attribute name= "Current Time Running" value="127015" />
  <attribute name ="GC Interval" value="0" />
  <attribute name="Target GC Util Change" value ="80.000000" />
  <attribute name="Current GC Util Change" value="42.000000"/>
  <attribute name="Current Error" value="-291.000000" />
  <attribute name="Output H" value="18032208"/>
  <attribute name="Output I" value="1496"/>
  <attribute name="Output T" value="16"/>
  <attribute name= "Current Time Running" value="127015" />
  <attribute name="GC Util currently" value="42" />
  <attribute name="CPU Util currently" value="30738724136" />
<allocation-satisfied id="1194" threadId="0000000002035F00" bytesRequested="32" />
<af-end id="1195" timestamp="2019-08-08T10:56:18.623" threadId="0000000002036888" success="true" />
<exclusive-end id="1196" timestamp="2019-08-08T10:56:18.623" durationms="46.044" />

<exclusive-start id="1197" timestamp="2019-08-08T10:56:18.665" intervalms="87.995">
  <response-info timems="0.137" idlems="0.137" threads="0" lastid="0000000002035F00" lastname="main" />
</exclusive-start>
<af-start id="1198" threadId="0000000002036888" totalBytesRequested="40" timestamp="2019-08-08T10:56:18.665" intervalms="88.065" />
<cycle-start id="1199" type="global" contextid="0" timestamp="2019-08-08T10:56:18.665" intervalms="88.103" />
<gc-start id="1200" type="global" contextid="1199" timestamp="2019-08-08T10:56:18.665">
  <mem-info id="1201" free="361472" total="18087936" percent="1">
    <mem type="tenure" free="361472" total="18087936" percent="1">
      <mem type="soa" free="0" total="17726464" percent="0" />
      <mem type="loa" free="361472" total="361472" percent="100" />
    </mem>
  </mem-info>
</gc-start>
<allocation-stats totalBytes="11655568" >
  <allocated-bytes non-tlh="200384" tlh="11455184" />
  <largest-consumer threadName="main" threadId="0000000002035F00" bytes="11655568" />
</allocation-stats>
<gc-op id="1202" type="mark" timems="6.717" contextid="1199" timestamp="2019-08-08T10:56:18.672">
  <trace-info objectcount="110664" scancount="92228" scanbytes="3093576" />
  <finalization candidates="80" enqueued="0" />
  <ownableSynchronizers candidates="21" cleared="0" />
  <references type="soft" candidates="1912" cleared="181" enqueued="177" dynamicThreshold="21" maxThreshold="32" />
  <references type="weak" candidates="5354" cleared="0" enqueued="0" />
  <references type="phantom" candidates="97" cleared="0" enqueued="0" />
  <stringconstants candidates="12495" cleared="0"  />
</gc-op>
<gc-op id="1203" type="sweep" timems="5.512" contextid="1199" timestamp="2019-08-08T10:56:18.678" />
<mem-info id="1204" free="11989752" total="18087936" percent="66">
  <mem type="tenure" free="11989752" total="18087936" percent="66" micro-fragmented="56728" macro-fragmented="0">
    <mem type="soa" free="11628280" total="17726464" percent="65" />
    <mem type="loa" free="361472" total="361472" percent="100" />
  </mem>
  <pending-finalizers system="0" default="0" reference="177" classloader="0" />
</mem-info>
<gc-op id="1205" type="compact" timems="31.647" contextid="1199" timestamp="2019-08-08T10:56:18.710">
  <compact-info movecount="93315" movebytes="5120392" reason="compact to aid heap contraction" />
</gc-op>
<heap-resize id="1206" type="expand" space="tenure" amount="131072" count="1" timems="0.018" reason="satisfy allocation request" timestamp="2019-08-08T10:56:18.711" />
<gc-end id="1207" type="global" contextid="1199" durationms="45.329" usertimems="82.229" systemtimems="0.000" timestamp="2019-08-08T10:56:18.711" activeThreads="16">
  <mem-info id="1208" free="12178600" total="18219008" percent="66">
    <mem type="tenure" free="12178600" total="18219008" percent="66">
      <mem type="soa" free="11815080" total="17855488" percent="66" />
      <mem type="loa" free="363520" total="363520" percent="100" />
    </mem>
    <pending-finalizers system="0" default="0" reference="177" classloader="0" />
  </mem-info>
</gc-end>
<cycle-end id="1209" type="global" contextid="1199" timestamp="2019-08-08T10:56:18.711" />
  <attribute name="elasticGC enabled" value="1" />
  <attribute name= "numThreadsSpecified" value="16" />
  <attribute name="heapSize specified" value="18087936" />
  <attribute name="Current GC Util" value="60" />
  <attribute name= "Current Time Running" value="127103" />
  <attribute name ="GC Interval" value="0" />
  <attribute name="Target GC Util Change" value ="80.000000" />
  <attribute name="Current GC Util Change" value="60.000000"/>
  <attribute name="Current Error" value="20.000000" />
  <attribute name="Output H" value="18163640"/>
  <attribute name="Output I" value="2048"/>
  <attribute name="Output T" value="16"/>
  <attribute name= "Current Time Running" value="127103" />
  <attribute name="GC Util currently" value="60" />
  <attribute name="CPU Util currently" value="36341506817" />
<allocation-satisfied id="1210" threadId="0000000002035F00" bytesRequested="40" />
<af-end id="1211" timestamp="2019-08-08T10:56:18.711" threadId="0000000002036888" success="true" />
<exclusive-end id="1212" timestamp="2019-08-08T10:56:18.711" durationms="45.687" />

<exclusive-start id="1213" timestamp="2019-08-08T10:56:18.745" intervalms="80.403">
  <response-info timems="0.039" idlems="0.039" threads="0" lastid="0000000002035F00" lastname="main" />
</exclusive-start>
<af-start id="1214" threadId="0000000002036888" totalBytesRequested="32" timestamp="2019-08-08T10:56:18.745" intervalms="80.320" />
<cycle-start id="1215" type="global" contextid="0" timestamp="2019-08-08T10:56:18.745" intervalms="80.275" />
<gc-start id="1216" type="global" contextid="1215" timestamp="2019-08-08T10:56:18.745">
  <mem-info id="1217" free="363520" total="18219008" percent="1">
    <mem type="tenure" free="363520" total="18219008" percent="1">
      <mem type="soa" free="0" total="17855488" percent="0" />
      <mem type="loa" free="363520" total="363520" percent="100" />
    </mem>
  </mem-info>
</gc-start>
<allocation-stats totalBytes="11879392" >
  <allocated-bytes non-tlh="202024" tlh="11677368" />
  <largest-consumer threadName="main" threadId="0000000002035F00" bytes="11879392" />
</allocation-stats>
<gc-op id="1218" type="mark" timems="9.595" contextid="1215" timestamp="2019-08-08T10:56:18.755">
  <trace-info objectcount="112092" scancount="93520" scanbytes="3169964" />
  <finalization candidates="80" enqueued="0" />
  <ownableSynchronizers candidates="21" cleared="0" />
  <references type="soft" candidates="1732" cleared="9" enqueued="8" dynamicThreshold="21" maxThreshold="32" />
  <references type="weak" candidates="5360" cleared="0" enqueued="0" />
  <references type="phantom" candidates="97" cleared="0" enqueued="0" />
  <stringconstants candidates="12508" cleared="22"  />
</gc-op>
<gc-op id="1219" type="sweep" timems="5.026" contextid="1215" timestamp="2019-08-08T10:56:18.760" />
<mem-info id="1220" free="11885184" total="18219008" percent="65">
  <mem type="tenure" free="11885184" total="18219008" percent="65" micro-fragmented="187289" macro-fragmented="0">
    <mem type="soa" free="11521664" total="17855488" percent="64" />
    <mem type="loa" free="363520" total="363520" percent="100" />
  </mem>
  <pending-finalizers system="0" default="0" reference="8" classloader="0" />
</mem-info>
<gc-op id="1221" type="compact" timems="34.411" contextid="1215" timestamp="2019-08-08T10:56:18.795">
  <compact-info movecount="94747" movebytes="5216456" reason="compact to aid heap contraction" />
</gc-op>
<heap-resize id="1222" type="expand" space="tenure" amount="131072" count="1" timems="0.019" reason="satisfy allocation request" timestamp="2019-08-08T10:56:18.796" />
<gc-end id="1223" type="global" contextid="1215" durationms="50.635" usertimems="94.770" systemtimems="0.000" timestamp="2019-08-08T10:56:18.796" activeThreads="16">
  <mem-info id="1224" free="12213688" total="18350080" percent="66">
    <mem type="tenure" free="12213688" total="18350080" percent="66">
      <mem type="soa" free="11847096" total="17983488" percent="65" />
      <mem type="loa" free="366592" total="366592" percent="100" />
    </mem>
    <pending-finalizers system="0" default="0" reference="8" classloader="0" />
  </mem-info>
</gc-end>
<cycle-end id="1225" type="global" contextid="1215" timestamp="2019-08-08T10:56:18.796" />
  <attribute name="elasticGC enabled" value="1" />
  <attribute name= "numThreadsSpecified" value="16" />
  <attribute name="heapSize specified" value="18219008" />
  <attribute name="Current GC Util" value="84" />
  <attribute name= "Current Time Running" value="127188" />
  <attribute name ="GC Interval" value="0" />
  <attribute name="Target GC Util Change" value ="80.000000" />
  <attribute name="Current GC Util Change" value="84.000000"/>
  <attribute name="Current Error" value="-201.000000" />
  <attribute name="Output H" value="18294456"/>
  <attribute name="Output I" value="1656"/>
  <attribute name="Output T" value="16"/>
  <attribute name= "Current Time Running" value="127188" />
  <attribute name="GC Util currently" value="84" />
  <attribute name="CPU Util currently" value="33460704770" />
<allocation-satisfied id="1226" threadId="0000000002035F00" bytesRequested="32" />
<af-end id="1227" timestamp="2019-08-08T10:56:18.796" threadId="0000000002036888" success="true" />
<exclusive-end id="1228" timestamp="2019-08-08T10:56:18.796" durationms="50.834" />

<exclusive-start id="1229" timestamp="2019-08-08T10:56:18.834" intervalms="88.329">
  <response-info timems="0.076" idlems="0.076" threads="0" lastid="0000000002035F00" lastname="main" />
</exclusive-start>
<af-start id="1230" threadId="0000000002036888" totalBytesRequested="56" timestamp="2019-08-08T10:56:18.834" intervalms="88.331" />
<cycle-start id="1231" type="global" contextid="0" timestamp="2019-08-08T10:56:18.834" intervalms="88.331" />
<gc-start id="1232" type="global" contextid="1231" timestamp="2019-08-08T10:56:18.834">
  <mem-info id="1233" free="366592" total="18350080" percent="1">
    <mem type="tenure" free="366592" total="18350080" percent="1">
      <mem type="soa" free="0" total="17983488" percent="0" />
      <mem type="loa" free="366592" total="366592" percent="100" />
    </mem>
  </mem-info>
</gc-start>
<allocation-stats totalBytes="11911048" >
  <allocated-bytes non-tlh="200440" tlh="11710608" />
  <largest-consumer threadName="main" threadId="0000000002035F00" bytes="11911048" />
</allocation-stats>
<gc-op id="1234" type="mark" timems="7.384" contextid="1231" timestamp="2019-08-08T10:56:18.841">
  <trace-info objectcount="115100" scancount="95998" scanbytes="3270908" />
  <finalization candidates="80" enqueued="0" />
  <ownableSynchronizers candidates="21" cleared="0" />
  <references type="soft" candidates="1724" cleared="13" enqueued="12" dynamicThreshold="21" maxThreshold="32" />
  <references type="weak" candidates="5364" cleared="0" enqueued="0" />
  <references type="phantom" candidates="97" cleared="0" enqueued="0" />
  <stringconstants candidates="12492" cleared="0"  />
</gc-op>
<gc-op id="1235" type="sweep" timems="2.854" contextid="1231" timestamp="2019-08-08T10:56:18.844" />
<mem-info id="1236" free="12046408" total="18350080" percent="65">
  <mem type="tenure" free="12046408" total="18350080" percent="65" micro-fragmented="40155" macro-fragmented="0">
    <mem type="soa" free="11679816" total="17983488" percent="64" />
    <mem type="loa" free="366592" total="366592" percent="100" />
  </mem>
  <pending-finalizers system="0" default="0" reference="12" classloader="0" />
</mem-info>
<gc-op id="1237" type="compact" timems="27.240" contextid="1231" timestamp="2019-08-08T10:56:18.872">
  <compact-info movecount="75850" movebytes="3862456" reason="compact to aid heap contraction" />
</gc-op>
<heap-resize id="1238" type="expand" space="tenure" amount="131072" count="1" timems="0.019" reason="satisfy allocation request" timestamp="2019-08-08T10:56:18.872" />
<gc-end id="1239" type="global" contextid="1231" durationms="38.487" usertimems="82.045" systemtimems="0.000" timestamp="2019-08-08T10:56:18.872" activeThreads="16">
  <mem-info id="1240" free="12237552" total="18481152" percent="66">
    <mem type="tenure" free="12237552" total="18481152" percent="66">
      <mem type="soa" free="11868912" total="18112512" percent="65" />
      <mem type="loa" free="368640" total="368640" percent="100" />
    </mem>
    <pending-finalizers system="0" default="0" reference="12" classloader="0" />
  </mem-info>
</gc-end>
<cycle-end id="1241" type="global" contextid="1231" timestamp="2019-08-08T10:56:18.872" />
  <attribute name="elasticGC enabled" value="1" />
  <attribute name= "numThreadsSpecified" value="16" />
  <attribute name="heapSize specified" value="18350080" />
  <attribute name="Current GC Util" value="71" />
  <attribute name= "Current Time Running" value="127265" />
  <attribute name ="GC Interval" value="0" />
  <attribute name="Target GC Util Change" value ="80.000000" />
  <attribute name="Current GC Util Change" value="71.000000"/>
  <attribute name="Current Error" value="-287.000000" />
  <attribute name="Output H" value="18425432"/>
  <attribute name="Output I" value="1496"/>
  <attribute name="Output T" value="16"/>
  <attribute name= "Current Time Running" value="127265" />
  <attribute name="GC Util currently" value="71" />
  <attribute name="CPU Util currently" value="42284955687" />
<allocation-satisfied id="1242" threadId="0000000002035F00" bytesRequested="56" />
<af-end id="1243" timestamp="2019-08-08T10:56:18.872" threadId="0000000002036888" success="true" />
<exclusive-end id="1244" timestamp="2019-08-08T10:56:18.872" durationms="38.692" />

<exclusive-start id="1245" timestamp="2019-08-08T10:56:18.898" intervalms="64.336">
  <response-info timems="0.219" idlems="0.219" threads="0" lastid="0000000002035F00" lastname="main" />
</exclusive-start>
<af-start id="1246" threadId="0000000002036888" totalBytesRequested="56" timestamp="2019-08-08T10:56:18.898" intervalms="64.355" />
<cycle-start id="1247" type="global" contextid="0" timestamp="2019-08-08T10:56:18.898" intervalms="64.363" />
<gc-start id="1248" type="global" contextid="1247" timestamp="2019-08-08T10:56:18.898">
  <mem-info id="1249" free="368640" total="18481152" percent="1">
    <mem type="tenure" free="368640" total="18481152" percent="1">
      <mem type="soa" free="0" total="18112512" percent="0" />
      <mem type="loa" free="368640" total="368640" percent="100" />
    </mem>
  </mem-info>
</gc-start>
<allocation-stats totalBytes="11932472" >
  <allocated-bytes non-tlh="0" tlh="11932472" />
  <largest-consumer threadName="main" threadId="0000000002035F00" bytes="11932472" />
</allocation-stats>
<gc-op id="1250" type="mark" timems="8.280" contextid="1247" timestamp="2019-08-08T10:56:18.906">
  <trace-info objectcount="120631" scancount="101473" scanbytes="3418352" />
  <finalization candidates="80" enqueued="0" />
  <ownableSynchronizers candidates="21" cleared="0" />
  <references type="soft" candidates="1711" cleared="0" enqueued="0" dynamicThreshold="21" maxThreshold="32" />
  <references type="weak" candidates="5364" cleared="0" enqueued="0" />
  <references type="phantom" candidates="96" cleared="0" enqueued="0" />
  <stringconstants candidates="12492" cleared="0"  />
</gc-op>
<gc-op id="1251" type="sweep" timems="4.697" contextid="1247" timestamp="2019-08-08T10:56:18.911" />
<mem-info id="1252" free="11848184" total="18481152" percent="64">
  <mem type="tenure" free="11848184" total="18481152" percent="64" micro-fragmented="321152" macro-fragmented="408850">
    <mem type="soa" free="11479544" total="18112512" percent="63" />
    <mem type="loa" free="368640" total="368640" percent="100" />
  </mem>
</mem-info>
<gc-op id="1253" type="compact" timems="28.156" contextid="1247" timestamp="2019-08-08T10:56:18.940">
  <compact-info movecount="60576" movebytes="2653992" reason="compact to aid heap contraction" />
</gc-op>
<heap-resize id="1254" type="expand" space="tenure" amount="131072" count="1" timems="0.034" reason="satisfy allocation request" timestamp="2019-08-08T10:56:18.942" />
<gc-end id="1255" type="global" contextid="1247" durationms="43.871" usertimems="65.376" systemtimems="0.000" timestamp="2019-08-08T10:56:18.942" activeThreads="16">
  <mem-info id="1256" free="12440776" total="18612224" percent="66">
    <mem type="tenure" free="12440776" total="18612224" percent="66">
      <mem type="soa" free="12069064" total="18240512" percent="66" />
      <mem type="loa" free="371712" total="371712" percent="100" />
    </mem>
  </mem-info>
</gc-end>
<cycle-end id="1257" type="global" contextid="1247" timestamp="2019-08-08T10:56:18.942" />
  <attribute name="elasticGC enabled" value="1" />
  <attribute name= "numThreadsSpecified" value="16" />
  <attribute name="heapSize specified" value="18481152" />
  <attribute name="Current GC Util" value="45" />
  <attribute name= "Current Time Running" value="127333" />
  <attribute name ="GC Interval" value="0" />
  <attribute name="Target GC Util Change" value ="80.000000" />
  <attribute name="Current GC Util Change" value="45.000000"/>
  <attribute name="Current Error" value="35.000000" />
  <attribute name="Output H" value="18556872"/>
  <attribute name="Output I" value="2072"/>
  <attribute name="Output T" value="16"/>
  <attribute name= "Current Time Running" value="127333" />
  <attribute name="GC Util currently" value="45" />
  <attribute name="CPU Util currently" value="40875872325" />
<allocation-satisfied id="1258" threadId="0000000002035F00" bytesRequested="56" />
<af-end id="1259" timestamp="2019-08-08T10:56:18.942" threadId="0000000002036888" success="true" />
<exclusive-end id="1260" timestamp="2019-08-08T10:56:18.942" durationms="44.093" />

<exclusive-start id="1261" timestamp="2019-08-08T10:56:18.982" intervalms="83.985">
  <response-info timems="0.024" idlems="0.024" threads="0" lastid="0000000002035F00" lastname="main" />
</exclusive-start>
<af-start id="1262" threadId="0000000002036888" totalBytesRequested="32" timestamp="2019-08-08T10:56:18.982" intervalms="83.991" />
<cycle-start id="1263" type="global" contextid="0" timestamp="2019-08-08T10:56:18.982" intervalms="83.993" />
<gc-start id="1264" type="global" contextid="1263" timestamp="2019-08-08T10:56:18.982">
  <mem-info id="1265" free="371712" total="18612224" percent="1">
    <mem type="tenure" free="371712" total="18612224" percent="1">
      <mem type="soa" free="0" total="18240512" percent="0" />
      <mem type="loa" free="371712" total="371712" percent="100" />
    </mem>
  </mem-info>
</gc-start>
<allocation-stats totalBytes="12132656" >
  <allocated-bytes non-tlh="601688" tlh="11530968" />
  <largest-consumer threadName="main" threadId="0000000002035F00" bytes="12132656" />
</allocation-stats>
<gc-op id="1266" type="mark" timems="11.489" contextid="1263" timestamp="2019-08-08T10:56:18.994">
  <trace-info objectcount="108853" scancount="90522" scanbytes="3015368" />
  <finalization candidates="80" enqueued="0" />
  <ownableSynchronizers candidates="21" cleared="0" />
  <references type="soft" candidates="1714" cleared="101" enqueued="100" dynamicThreshold="21" maxThreshold="32" />
  <references type="weak" candidates="5381" cleared="0" enqueued="0" />
  <references type="phantom" candidates="97" cleared="0" enqueued="0" />
  <stringconstants candidates="12519" cleared="0"  />
</gc-op>
<gc-op id="1267" type="classunload" timems="0.006" contextid="1263" timestamp="2019-08-08T10:56:18.994">
  <classunload-info classloadercandidates="43" classloadersunloaded="0" classesunloaded="0" anonymousclassesunloaded="0" quiescems="0.000" setupms="0.005" scanms="0.001" postms="0.000" />
</gc-op>
<gc-op id="1268" type="sweep" timems="1.981" contextid="1263" timestamp="2019-08-08T10:56:18.996" />
<mem-info id="1269" free="12632632" total="18612224" percent="67">
  <mem type="tenure" free="12632632" total="18612224" percent="67" micro-fragmented="69339" macro-fragmented="0">
    <mem type="soa" free="12260920" total="18240512" percent="67" />
    <mem type="loa" free="371712" total="371712" percent="100" />
  </mem>
  <pending-finalizers system="0" default="0" reference="100" classloader="0" />
</mem-info>
<gc-op id="1270" type="compact" timems="32.042" contextid="1263" timestamp="2019-08-08T10:56:19.028">
  <compact-info movecount="77444" movebytes="3891264" reason="compact to aid heap contraction" />
</gc-op>
<heap-resize id="1271" type="expand" space="tenure" amount="131072" count="1" timems="0.021" reason="satisfy allocation request" timestamp="2019-08-08T10:56:19.029" />
<gc-end id="1272" type="global" contextid="1263" durationms="46.515" usertimems="80.958" systemtimems="0.000" timestamp="2019-08-08T10:56:19.029" activeThreads="16">
  <mem-info id="1273" free="12800192" total="18743296" percent="68">
    <mem type="tenure" free="12800192" total="18743296" percent="68">
      <mem type="soa" free="12425408" total="18368512" percent="67" />
      <mem type="loa" free="374784" total="374784" percent="100" />
    </mem>
    <pending-finalizers system="0" default="0" reference="100" classloader="0" />
  </mem-info>
</gc-end>
<cycle-end id="1274" type="global" contextid="1263" timestamp="2019-08-08T10:56:19.029" />
  <attribute name="elasticGC enabled" value="1" />
  <attribute name= "numThreadsSpecified" value="16" />
  <attribute name="heapSize specified" value="18612224" />
  <attribute name="Current GC Util" value="66" />
  <attribute name= "Current Time Running" value="127421" />
  <attribute name ="GC Interval" value="0" />
  <attribute name="Target GC Util Change" value ="80.000000" />
  <attribute name="Current GC Util Change" value="66.000000"/>
  <attribute name="Current Error" value="-198.000000" />
  <attribute name="Output H" value="18687680"/>
  <attribute name="Output I" value="1656"/>
  <attribute name="Output T" value="16"/>
  <attribute name= "Current Time Running" value="127421" />
  <attribute name="GC Util currently" value="66" />
  <attribute name="CPU Util currently" value="35932655973" />
<allocation-satisfied id="1275" threadId="0000000002035F00" bytesRequested="32" />
<af-end id="1276" timestamp="2019-08-08T10:56:19.029" threadId="0000000002036888" success="true" />
<exclusive-end id="1277" timestamp="2019-08-08T10:56:19.029" durationms="46.863" />

<exclusive-start id="1278" timestamp="2019-08-08T10:56:19.057" intervalms="75.217">
  <response-info timems="0.036" idlems="0.036" threads="0" lastid="0000000002035F00" lastname="main" />
</exclusive-start>
<af-start id="1279" threadId="0000000002036888" totalBytesRequested="32" timestamp="2019-08-08T10:56:19.057" intervalms="75.191" />
<cycle-start id="1280" type="global" contextid="0" timestamp="2019-08-08T10:56:19.057" intervalms="75.181" />
<gc-start id="1281" type="global" contextid="1280" timestamp="2019-08-08T10:56:19.057">
  <mem-info id="1282" free="374784" total="18743296" percent="1">
    <mem type="tenure" free="374784" total="18743296" percent="1">
      <mem type="soa" free="0" total="18368512" percent="0" />
      <mem type="loa" free="374784" total="374784" percent="100" />
    </mem>
  </mem-info>
</gc-start>
<allocation-stats totalBytes="12489192" >
  <allocated-bytes non-tlh="200432" tlh="12288760" />
  <largest-consumer threadName="main" threadId="0000000002035F00" bytes="12489192" />
</allocation-stats>
<gc-op id="1283" type="mark" timems="7.370" contextid="1280" timestamp="2019-08-08T10:56:19.065">
  <trace-info objectcount="112518" scancount="94093" scanbytes="3173228" />
  <finalization candidates="80" enqueued="0" />
  <ownableSynchronizers candidates="21" cleared="0" />
  <references type="soft" candidates="1614" cleared="76" enqueued="75" dynamicThreshold="21" maxThreshold="32" />
  <references type="weak" candidates="5387" cleared="0" enqueued="0" />
  <references type="phantom" candidates="97" cleared="0" enqueued="0" />
  <stringconstants candidates="12525" cleared="55"  />
</gc-op>
<gc-op id="1284" type="sweep" timems="1.886" contextid="1280" timestamp="2019-08-08T10:56:19.067" />
<mem-info id="1285" free="12513848" total="18743296" percent="66">
  <mem type="tenure" free="12513848" total="18743296" percent="66" micro-fragmented="74184" macro-fragmented="0">
    <mem type="soa" free="12139064" total="18368512" percent="66" />
    <mem type="loa" free="374784" total="374784" percent="100" />
  </mem>
  <pending-finalizers system="0" default="0" reference="75" classloader="0" />
</mem-info>
<gc-op id="1286" type="compact" timems="26.316" contextid="1280" timestamp="2019-08-08T10:56:19.093">
  <compact-info movecount="80987" movebytes="4065640" reason="compact to aid heap contraction" />
</gc-op>
<heap-resize id="1287" type="expand" space="tenure" amount="131072" count="1" timems="0.018" reason="satisfy allocation request" timestamp="2019-08-08T10:56:19.094" />
<gc-end id="1288" type="global" contextid="1280" durationms="36.421" usertimems="67.845" systemtimems="0.000" timestamp="2019-08-08T10:56:19.094" activeThreads="16">
  <mem-info id="1289" free="12752248" total="18874368" percent="67">
    <mem type="tenure" free="12752248" total="18874368" percent="67">
      <mem type="soa" free="12375416" total="18497536" percent="66" />
      <mem type="loa" free="376832" total="376832" percent="100" />
    </mem>
    <pending-finalizers system="0" default="0" reference="75" classloader="0" />
  </mem-info>
</gc-end>
<cycle-end id="1290" type="global" contextid="1280" timestamp="2019-08-08T10:56:19.094" />
  <attribute name="elasticGC enabled" value="1" />
  <attribute name= "numThreadsSpecified" value="16" />
  <attribute name="heapSize specified" value="18743296" />
  <attribute name="Current GC Util" value="64" />
  <attribute name= "Current Time Running" value="127487" />
  <attribute name ="GC Interval" value="0" />
  <attribute name="Target GC Util Change" value ="80.000000" />
  <attribute name="Current GC Util Change" value="64.000000"/>
  <attribute name="Current Error" value="-203.000000" />
  <attribute name="Output H" value="18818744"/>
  <attribute name="Output I" value="1648"/>
  <attribute name="Output T" value="16"/>
  <attribute name= "Current Time Running" value="127487" />
  <attribute name="GC Util currently" value="64" />
  <attribute name="CPU Util currently" value="43837615050" />
<allocation-satisfied id="1291" threadId="0000000002035F00" bytesRequested="32" />
<af-end id="1292" timestamp="2019-08-08T10:56:19.094" threadId="0000000002036888" success="true" />
<exclusive-end id="1293" timestamp="2019-08-08T10:56:19.094" durationms="36.715" />

<exclusive-start id="1294" timestamp="2019-08-08T10:56:19.118" intervalms="61.009">
  <response-info timems="0.058" idlems="0.058" threads="0" lastid="0000000002035F00" lastname="main" />
</exclusive-start>
<af-start id="1295" threadId="0000000002036888" totalBytesRequested="96" timestamp="2019-08-08T10:56:19.118" intervalms="61.011" />
<cycle-start id="1296" type="global" contextid="0" timestamp="2019-08-08T10:56:19.118" intervalms="61.010" />
<gc-start id="1297" type="global" contextid="1296" timestamp="2019-08-08T10:56:19.118">
  <mem-info id="1298" free="376832" total="18874368" percent="1">
    <mem type="tenure" free="376832" total="18874368" percent="1">
      <mem type="soa" free="0" total="18497536" percent="0" />
      <mem type="loa" free="376832" total="376832" percent="100" />
    </mem>
  </mem-info>
</gc-start>
<allocation-stats totalBytes="12439504" >
  <allocated-bytes non-tlh="200368" tlh="12239136" />
  <largest-consumer threadName="main" threadId="0000000002035F00" bytes="12439504" />
</allocation-stats>
<gc-op id="1299" type="mark" timems="10.789" contextid="1296" timestamp="2019-08-08T10:56:19.129">
  <trace-info objectcount="110045" scancount="91654" scanbytes="3071844" />
  <finalization candidates="80" enqueued="0" />
  <ownableSynchronizers candidates="21" cleared="0" />
  <references type="soft" candidates="1539" cleared="3" enqueued="2" dynamicThreshold="21" maxThreshold="32" />
  <references type="weak" candidates="5391" cleared="0" enqueued="0" />
  <references type="phantom" candidates="97" cleared="0" enqueued="0" />
  <stringconstants candidates="12475" cleared="8"  />
</gc-op>
<gc-op id="1300" type="sweep" timems="4.998" contextid="1296" timestamp="2019-08-08T10:56:19.135" />
<mem-info id="1301" free="12820840" total="18874368" percent="67">
  <mem type="tenure" free="12820840" total="18874368" percent="67" micro-fragmented="28108" macro-fragmented="0">
    <mem type="soa" free="12444008" total="18497536" percent="67" />
    <mem type="loa" free="376832" total="376832" percent="100" />
  </mem>
  <pending-finalizers system="0" default="0" reference="2" classloader="0" />
</mem-info>
<gc-op id="1302" type="compact" timems="36.419" contextid="1296" timestamp="2019-08-08T10:56:19.171">
  <compact-info movecount="92940" movebytes="5117704" reason="compact to aid heap contraction" />
</gc-op>
<heap-resize id="1303" type="expand" space="tenure" amount="131072" count="1" timems="0.020" reason="satisfy allocation request" timestamp="2019-08-08T10:56:19.172" />
<gc-end id="1304" type="global" contextid="1296" durationms="54.044" usertimems="91.701" systemtimems="0.000" timestamp="2019-08-08T10:56:19.172" activeThreads="16">
  <mem-info id="1305" free="12976616" total="19005440" percent="68">
    <mem type="tenure" free="12976616" total="19005440" percent="68">
      <mem type="soa" free="12596712" total="18625536" percent="67" />
      <mem type="loa" free="379904" total="379904" percent="100" />
    </mem>
    <pending-finalizers system="0" default="0" reference="2" classloader="0" />
  </mem-info>
</gc-end>
<cycle-end id="1306" type="global" contextid="1296" timestamp="2019-08-08T10:56:19.173" />
  <attribute name="elasticGC enabled" value="1" />
  <attribute name= "numThreadsSpecified" value="16" />
  <attribute name="heapSize specified" value="18874368" />
  <attribute name="Current GC Util" value="48" />
  <attribute name= "Current Time Running" value="127565" />
  <attribute name ="GC Interval" value="0" />
  <attribute name="Target GC Util Change" value ="80.000000" />
  <attribute name="Current GC Util Change" value="48.000000"/>
  <attribute name="Current Error" value="32.000000" />
  <attribute name="Output H" value="18950088"/>
  <attribute name="Output I" value="2072"/>
  <attribute name="Output T" value="16"/>
  <attribute name= "Current Time Running" value="127565" />
  <attribute name="GC Util currently" value="48" />
  <attribute name="CPU Util currently" value="31718566892" />
<allocation-satisfied id="1307" threadId="0000000002035F00" bytesRequested="96" />
<af-end id="1308" timestamp="2019-08-08T10:56:19.173" threadId="0000000002036888" success="true" />
<exclusive-end id="1309" timestamp="2019-08-08T10:56:19.173" durationms="54.392" />

<exclusive-start id="1310" timestamp="2019-08-08T10:56:19.208" intervalms="89.521">
  <response-info timems="0.021" idlems="0.021" threads="0" lastid="0000000002035F00" lastname="main" />
</exclusive-start>
<af-start id="1311" threadId="0000000002036888" totalBytesRequested="16" timestamp="2019-08-08T10:56:19.208" intervalms="89.557" />
<cycle-start id="1312" type="global" contextid="0" timestamp="2019-08-08T10:56:19.208" intervalms="89.605" />
<gc-start id="1313" type="global" contextid="1312" timestamp="2019-08-08T10:56:19.208">
  <mem-info id="1314" free="379904" total="19005440" percent="1">
    <mem type="tenure" free="379904" total="19005440" percent="1">
      <mem type="soa" free="0" total="18625536" percent="0" />
      <mem type="loa" free="379904" total="379904" percent="100" />
    </mem>
  </mem-info>
</gc-start>
<allocation-stats totalBytes="12660744" >
  <allocated-bytes non-tlh="0" tlh="12660744" />
  <largest-consumer threadName="main" threadId="0000000002035F00" bytes="12660744" />
</allocation-stats>
<gc-op id="1315" type="mark" timems="9.058" contextid="1312" timestamp="2019-08-08T10:56:19.217">
  <trace-info objectcount="113182" scancount="94721" scanbytes="3156632" />
  <finalization candidates="80" enqueued="0" />
  <ownableSynchronizers candidates="21" cleared="0" />
  <references type="soft" candidates="1536" cleared="32" enqueued="30" dynamicThreshold="21" maxThreshold="32" />
  <references type="weak" candidates="5391" cleared="0" enqueued="0" />
  <references type="phantom" candidates="96" cleared="0" enqueued="0" />
  <stringconstants candidates="12467" cleared="0"  />
</gc-op>
<gc-op id="1316" type="sweep" timems="2.177" contextid="1312" timestamp="2019-08-08T10:56:19.220" />
<mem-info id="1317" free="12908000" total="19005440" percent="67">
  <mem type="tenure" free="12908000" total="19005440" percent="67" micro-fragmented="104123" macro-fragmented="397615">
    <mem type="soa" free="12528096" total="18625536" percent="67" />
    <mem type="loa" free="379904" total="379904" percent="100" />
  </mem>
  <pending-finalizers system="0" default="0" reference="30" classloader="0" />
</mem-info>
<gc-op id="1318" type="compact" timems="29.971" contextid="1312" timestamp="2019-08-08T10:56:19.250">
  <compact-info movecount="87011" movebytes="4007024" reason="compact to aid heap contraction" />
</gc-op>
<heap-resize id="1319" type="expand" space="tenure" amount="131072" count="1" timems="0.017" reason="satisfy allocation request" timestamp="2019-08-08T10:56:19.251" />
<gc-end id="1320" type="global" contextid="1312" durationms="42.616" usertimems="87.278" systemtimems="0.000" timestamp="2019-08-08T10:56:19.251" activeThreads="16">
  <mem-info id="1321" free="13233424" total="19136512" percent="69">
    <mem type="tenure" free="13233424" total="19136512" percent="69">
      <mem type="soa" free="12851472" total="18754560" percent="68" />
      <mem type="loa" free="381952" total="381952" percent="100" />
    </mem>
    <pending-finalizers system="0" default="0" reference="30" classloader="0" />
  </mem-info>
</gc-end>
<cycle-end id="1322" type="global" contextid="1312" timestamp="2019-08-08T10:56:19.251" />
  <attribute name="elasticGC enabled" value="1" />
  <attribute name= "numThreadsSpecified" value="16" />
  <attribute name="heapSize specified" value="19005440" />
  <attribute name="Current GC Util" value="72" />
  <attribute name= "Current Time Running" value="127643" />
  <attribute name ="GC Interval" value="0" />
  <attribute name="Target GC Util Change" value ="80.000000" />
  <attribute name="Current GC Util Change" value="72.000000"/>
  <attribute name="Current Error" value="-257.000000" />
  <attribute name="Output H" value="19080824"/>
  <attribute name="Output I" value="1552"/>
  <attribute name="Output T" value="16"/>
  <attribute name= "Current Time Running" value="127643" />
  <attribute name="GC Util currently" value="72" />
  <attribute name="CPU Util currently" value="38430757999" />
<allocation-satisfied id="1323" threadId="0000000002035F00" bytesRequested="16" />
<af-end id="1324" timestamp="2019-08-08T10:56:19.251" threadId="0000000002036888" success="true" />
<exclusive-end id="1325" timestamp="2019-08-08T10:56:19.251" durationms="42.891" />

<exclusive-start id="1326" timestamp="2019-08-08T10:56:19.291" intervalms="82.943">
  <response-info timems="0.079" idlems="0.079" threads="0" lastid="0000000002035F00" lastname="main" />
</exclusive-start>
<af-start id="1327" threadId="0000000002036888" totalBytesRequested="24" timestamp="2019-08-08T10:56:19.291" intervalms="82.928" />
<cycle-start id="1328" type="global" contextid="0" timestamp="2019-08-08T10:56:19.291" intervalms="82.885" />
<gc-start id="1329" type="global" contextid="1328" timestamp="2019-08-08T10:56:19.291">
  <mem-info id="1330" free="381952" total="19136512" percent="1">
    <mem type="tenure" free="381952" total="19136512" percent="1">
      <mem type="soa" free="0" total="18754560" percent="0" />
      <mem type="loa" free="381952" total="381952" percent="100" />
    </mem>
  </mem-info>
</gc-start>
<allocation-stats totalBytes="12914176" >
  <allocated-bytes non-tlh="1002408" tlh="11911768" />
  <largest-consumer threadName="main" threadId="0000000002035F00" bytes="12910080" />
</allocation-stats>
<gc-op id="1331" type="mark" timems="6.392" contextid="1328" timestamp="2019-08-08T10:56:19.297">
  <trace-info objectcount="110946" scancount="92390" scanbytes="3104648" />
  <finalization candidates="80" enqueued="0" />
  <ownableSynchronizers candidates="21" cleared="0" />
  <references type="soft" candidates="1509" cleared="0" enqueued="0" dynamicThreshold="22" maxThreshold="32" />
  <references type="weak" candidates="5405" cleared="0" enqueued="0" />
  <references type="phantom" candidates="97" cleared="0" enqueued="0" />
  <stringconstants candidates="12502" cleared="0"  />
</gc-op>
<gc-op id="1332" type="sweep" timems="1.714" contextid="1328" timestamp="2019-08-08T10:56:19.299" />
<mem-info id="1333" free="12909632" total="19136512" percent="67">
  <mem type="tenure" free="12909632" total="19136512" percent="67" micro-fragmented="145437" macro-fragmented="0">
    <mem type="soa" free="12527680" total="18754560" percent="66" />
    <mem type="loa" free="381952" total="381952" percent="100" />
  </mem>
</mem-info>
<gc-op id="1334" type="compact" timems="27.633" contextid="1328" timestamp="2019-08-08T10:56:19.327">
  <compact-info movecount="84779" movebytes="4170888" reason="compact to aid heap contraction" />
</gc-op>
<heap-resize id="1335" type="expand" space="tenure" amount="131072" count="1" timems="0.022" reason="satisfy allocation request" timestamp="2019-08-08T10:56:19.328" />
<gc-end id="1336" type="global" contextid="1328" durationms="37.352" usertimems="69.708" systemtimems="0.000" timestamp="2019-08-08T10:56:19.328" activeThreads="16">
  <mem-info id="1337" free="13200720" total="19267584" percent="68">
    <mem type="tenure" free="13200720" total="19267584" percent="68">
      <mem type="soa" free="12815696" total="18882560" percent="67" />
      <mem type="loa" free="385024" total="385024" percent="100" />
    </mem>
  </mem-info>
</gc-end>
<cycle-end id="1338" type="global" contextid="1328" timestamp="2019-08-08T10:56:19.328" />
  <attribute name="elasticGC enabled" value="1" />
  <attribute name= "numThreadsSpecified" value="16" />
  <attribute name="heapSize specified" value="19136512" />
  <attribute name="Current GC Util" value="53" />
  <attribute name= "Current Time Running" value="127720" />
  <attribute name ="GC Interval" value="0" />
  <attribute name="Target GC Util Change" value ="80.000000" />
  <attribute name="Current GC Util Change" value="53.000000"/>
  <attribute name="Current Error" value="-223.000000" />
  <attribute name="Output H" value="19211936"/>
  <attribute name="Output I" value="1616"/>
  <attribute name="Output T" value="16"/>
  <attribute name= "Current Time Running" value="127720" />
  <attribute name="GC Util currently" value="53" />
  <attribute name="CPU Util currently" value="41548275311" />
<allocation-satisfied id="1339" threadId="0000000002035F00" bytesRequested="24" />
<af-end id="1340" timestamp="2019-08-08T10:56:19.328" threadId="0000000002036888" success="true" />
<exclusive-end id="1341" timestamp="2019-08-08T10:56:19.328" durationms="37.755" />

<exclusive-start id="1342" timestamp="2019-08-08T10:56:19.370" intervalms="78.892">
  <response-info timems="0.104" idlems="0.104" threads="0" lastid="0000000002035F00" lastname="main" />
</exclusive-start>
<af-start id="1343" threadId="0000000002036888" totalBytesRequested="32" timestamp="2019-08-08T10:56:19.370" intervalms="78.862" />
<cycle-start id="1344" type="global" contextid="0" timestamp="2019-08-08T10:56:19.370" intervalms="78.863" />
<gc-start id="1345" type="global" contextid="1344" timestamp="2019-08-08T10:56:19.370">
  <mem-info id="1346" free="385024" total="19267584" percent="1">
    <mem type="tenure" free="385024" total="19267584" percent="1">
      <mem type="soa" free="0" total="18882560" percent="0" />
      <mem type="loa" free="385024" total="385024" percent="100" />
    </mem>
  </mem-info>
</gc-start>
<allocation-stats totalBytes="12879488" >
  <allocated-bytes non-tlh="201168" tlh="12678320" />
  <largest-consumer threadName="main" threadId="0000000002035F00" bytes="12879488" />
</allocation-stats>
<gc-op id="1347" type="mark" timems="14.724" contextid="1344" timestamp="2019-08-08T10:56:19.384">
  <trace-info objectcount="109758" scancount="91314" scanbytes="3079248" />
  <finalization candidates="80" enqueued="0" />
  <ownableSynchronizers candidates="21" cleared="0" />
  <references type="soft" candidates="1510" cleared="5" enqueued="5" dynamicThreshold="21" maxThreshold="32" />
  <references type="weak" candidates="5417" cleared="0" enqueued="0" />
  <references type="phantom" candidates="97" cleared="0" enqueued="0" />
  <stringconstants candidates="12525" cleared="0"  />
</gc-op>
<gc-op id="1348" type="sweep" timems="4.454" contextid="1344" timestamp="2019-08-08T10:56:19.389" />
<mem-info id="1349" free="13075832" total="19267584" percent="67">
  <mem type="tenure" free="13075832" total="19267584" percent="67" micro-fragmented="70762" macro-fragmented="0">
    <mem type="soa" free="12690808" total="18882560" percent="67" />
    <mem type="loa" free="385024" total="385024" percent="100" />
  </mem>
  <pending-finalizers system="0" default="0" reference="5" classloader="0" />
</mem-info>
<gc-op id="1350" type="compact" timems="26.587" contextid="1344" timestamp="2019-08-08T10:56:19.416">
  <compact-info movecount="67149" movebytes="3541280" reason="compact to aid heap contraction" />
</gc-op>
<heap-resize id="1351" type="expand" space="tenure" amount="131072" count="1" timems="0.018" reason="satisfy allocation request" timestamp="2019-08-08T10:56:19.416" />
<gc-end id="1352" type="global" contextid="1344" durationms="46.811" usertimems="85.703" systemtimems="0.000" timestamp="2019-08-08T10:56:19.416" activeThreads="16">
  <mem-info id="1353" free="13307488" total="19398656" percent="68">
    <mem type="tenure" free="13307488" total="19398656" percent="68">
      <mem type="soa" free="12920416" total="19011584" percent="67" />
      <mem type="loa" free="387072" total="387072" percent="100" />
    </mem>
    <pending-finalizers system="0" default="0" reference="5" classloader="0" />
  </mem-info>
</gc-end>
<cycle-end id="1354" type="global" contextid="1344" timestamp="2019-08-08T10:56:19.417" />
  <attribute name="elasticGC enabled" value="1" />
  <attribute name= "numThreadsSpecified" value="16" />
  <attribute name="heapSize specified" value="19267584" />
  <attribute name="Current GC Util" value="68" />
  <attribute name= "Current Time Running" value="127809" />
  <attribute name ="GC Interval" value="0" />
  <attribute name="Target GC Util Change" value ="80.000000" />
  <attribute name="Current GC Util Change" value="68.000000"/>
  <attribute name="Current Error" value="12.000000" />
  <attribute name="Output H" value="19343280"/>
  <attribute name="Output I" value="2032"/>
  <attribute name="Output T" value="16"/>
  <attribute name= "Current Time Running" value="127809" />
  <attribute name="GC Util currently" value="68" />
  <attribute name="CPU Util currently" value="43342731560" />
<allocation-satisfied id="1355" threadId="0000000002035F00" bytesRequested="32" />
<af-end id="1356" timestamp="2019-08-08T10:56:19.417" threadId="0000000002036888" success="true" />
<exclusive-end id="1357" timestamp="2019-08-08T10:56:19.417" durationms="47.002" />

<exclusive-start id="1358" timestamp="2019-08-08T10:56:19.448" intervalms="78.763">
  <response-info timems="0.119" idlems="0.119" threads="0" lastid="0000000002035F00" lastname="main" />
</exclusive-start>
<af-start id="1359" threadId="0000000002036888" totalBytesRequested="24" timestamp="2019-08-08T10:56:19.448" intervalms="78.785" />
<cycle-start id="1360" type="global" contextid="0" timestamp="2019-08-08T10:56:19.448" intervalms="78.789" />
<gc-start id="1361" type="global" contextid="1360" timestamp="2019-08-08T10:56:19.448">
  <mem-info id="1362" free="387072" total="19398656" percent="1">
    <mem type="tenure" free="387072" total="19398656" percent="1">
      <mem type="soa" free="0" total="19011584" percent="0" />
      <mem type="loa" free="387072" total="387072" percent="100" />
    </mem>
  </mem-info>
</gc-start>
<allocation-stats totalBytes="12984648" >
  <allocated-bytes non-tlh="0" tlh="12984648" />
  <largest-consumer threadName="main" threadId="0000000002035F00" bytes="12984648" />
</allocation-stats>
<gc-op id="1363" type="mark" timems="29.008" contextid="1360" timestamp="2019-08-08T10:56:19.478">
  <trace-info objectcount="120959" scancount="101371" scanbytes="3461164" />
  <finalization candidates="80" enqueued="0" />
  <ownableSynchronizers candidates="21" cleared="0" />
  <references type="soft" candidates="1505" cleared="5" enqueued="5" dynamicThreshold="21" maxThreshold="32" />
  <references type="weak" candidates="5417" cleared="0" enqueued="0" />
  <references type="phantom" candidates="97" cleared="0" enqueued="0" />
  <stringconstants candidates="12525" cleared="0"  />
</gc-op>
<gc-op id="1364" type="sweep" timems="1.371" contextid="1360" timestamp="2019-08-08T10:56:19.479" />
<mem-info id="1365" free="12521608" total="19398656" percent="64">
  <mem type="tenure" free="12521608" total="19398656" percent="64" micro-fragmented="136021" macro-fragmented="1407300">
    <mem type="soa" free="12134536" total="19011584" percent="63" />
    <mem type="loa" free="387072" total="387072" percent="100" />
  </mem>
  <pending-finalizers system="0" default="0" reference="5" classloader="0" />
</mem-info>
<gc-op id="1366" type="compact" timems="34.375" contextid="1360" timestamp="2019-08-08T10:56:19.514">
  <compact-info movecount="78350" movebytes="3945936" reason="compact to aid heap contraction" />
</gc-op>
<heap-resize id="1367" type="expand" space="tenure" amount="131072" count="1" timems="0.021" reason="satisfy allocation request" timestamp="2019-08-08T10:56:19.515" />
<gc-end id="1368" type="global" contextid="1360" durationms="66.636" usertimems="70.210" systemtimems="39.207" timestamp="2019-08-08T10:56:19.515" activeThreads="16">
  <mem-info id="1369" free="13033904" total="19529728" percent="66">
    <mem type="tenure" free="13033904" total="19529728" percent="66">
      <mem type="soa" free="12643760" total="19139584" percent="66" />
      <mem type="loa" free="390144" total="390144" percent="100" />
    </mem>
    <pending-finalizers system="0" default="0" reference="5" classloader="0" />
  </mem-info>
</gc-end>
<cycle-end id="1370" type="global" contextid="1360" timestamp="2019-08-08T10:56:19.515" />
  <attribute name="elasticGC enabled" value="1" />
  <attribute name= "numThreadsSpecified" value="16" />
  <attribute name="heapSize specified" value="19398656" />
  <attribute name="Current GC Util" value="53" />
  <attribute name= "Current Time Running" value="127907" />
  <attribute name ="GC Interval" value="0" />
  <attribute name="Target GC Util Change" value ="80.000000" />
  <attribute name="Current GC Util Change" value="53.000000"/>
  <attribute name="Current Error" value="-69.000000" />
  <attribute name="Output H" value="19474264"/>
  <attribute name="Output I" value="1888"/>
  <attribute name="Output T" value="16"/>
  <attribute name= "Current Time Running" value="127907" />
  <attribute name="GC Util currently" value="53" />
  <attribute name="CPU Util currently" value="33326499059" />
<allocation-satisfied id="1371" threadId="0000000002035F00" bytesRequested="24" />
<af-end id="1372" timestamp="2019-08-08T10:56:19.515" threadId="0000000002036888" success="true" />
<exclusive-end id="1373" timestamp="2019-08-08T10:56:19.515" durationms="66.867" />

<exclusive-start id="1374" timestamp="2019-08-08T10:56:19.557" intervalms="109.076">
  <response-info timems="0.061" idlems="0.061" threads="0" lastid="0000000002035F00" lastname="main" />
</exclusive-start>
<af-start id="1375" threadId="0000000002036888" totalBytesRequested="48" timestamp="2019-08-08T10:56:19.557" intervalms="109.063" />
<cycle-start id="1376" type="global" contextid="0" timestamp="2019-08-08T10:56:19.557" intervalms="109.054" />
<gc-start id="1377" type="global" contextid="1376" timestamp="2019-08-08T10:56:19.558">
  <mem-info id="1378" free="390144" total="19529728" percent="1">
    <mem type="tenure" free="390144" total="19529728" percent="1">
      <mem type="soa" free="0" total="19139584" percent="0" />
      <mem type="loa" free="390144" total="390144" percent="100" />
    </mem>
  </mem-info>
</gc-start>
<allocation-stats totalBytes="12707744" >
  <allocated-bytes non-tlh="200616" tlh="12507128" />
  <largest-consumer threadName="main" threadId="0000000002035F00" bytes="12707744" />
</allocation-stats>
<heap-resize id="1379" type="loa contract" space="tenure" amount="195584" count="1" timems="0.000" reason="contract underutilized loa" timestamp="2019-08-08T10:56:19.558" />
<gc-op id="1380" type="mark" timems="17.123" contextid="1376" timestamp="2019-08-08T10:56:19.575">
  <trace-info objectcount="113724" scancount="94882" scanbytes="3198728" />
  <finalization candidates="80" enqueued="0" />
  <ownableSynchronizers candidates="21" cleared="0" />
  <references type="soft" candidates="1501" cleared="0" enqueued="0" dynamicThreshold="21" maxThreshold="32" />
  <references type="weak" candidates="5421" cleared="0" enqueued="0" />
  <references type="phantom" candidates="97" cleared="0" enqueued="0" />
  <stringconstants candidates="12534" cleared="0"  />
</gc-op>
<gc-op id="1381" type="sweep" timems="1.525" contextid="1376" timestamp="2019-08-08T10:56:19.576" />
<mem-info id="1382" free="13164296" total="19529728" percent="67">
  <mem type="tenure" free="13164296" total="19529728" percent="67" micro-fragmented="185937" macro-fragmented="0">
    <mem type="soa" free="12969736" total="19335168" percent="67" />
    <mem type="loa" free="194560" total="194560" percent="100" />
  </mem>
</mem-info>
<gc-op id="1383" type="compact" timems="22.580" contextid="1376" timestamp="2019-08-08T10:56:19.599">
  <compact-info movecount="29628" movebytes="1426976" reason="compact to aid heap contraction" />
</gc-op>
<heap-resize id="1384" type="expand" space="tenure" amount="131072" count="1" timems="0.016" reason="satisfy allocation request" timestamp="2019-08-08T10:56:19.600" />
<gc-end id="1385" type="global" contextid="1376" durationms="42.413" usertimems="96.907" systemtimems="34.031" timestamp="2019-08-08T10:56:19.600" activeThreads="16">
  <mem-info id="1386" free="13494368" total="19660800" percent="68">
    <mem type="tenure" free="13494368" total="19660800" percent="68">
      <mem type="soa" free="13297760" total="19464192" percent="68" />
      <mem type="loa" free="196608" total="196608" percent="100" />
    </mem>
  </mem-info>
</gc-end>
<cycle-end id="1387" type="global" contextid="1376" timestamp="2019-08-08T10:56:19.600" />
  <attribute name="elasticGC enabled" value="1" />
  <attribute name= "numThreadsSpecified" value="16" />
  <attribute name="heapSize specified" value="19529728" />
  <attribute name="Current GC Util" value="70" />
  <attribute name= "Current Time Running" value="127992" />
  <attribute name ="GC Interval" value="0" />
  <attribute name="Target GC Util Change" value ="80.000000" />
  <attribute name="Current GC Util Change" value="70.000000"/>
  <attribute name="Current Error" value="-222.000000" />
  <attribute name="Output H" value="19605152"/>
  <attribute name="Output I" value="1616"/>
  <attribute name="Output T" value="16"/>
  <attribute name= "Current Time Running" value="127992" />
  <attribute name="GC Util currently" value="70" />
  <attribute name="CPU Util currently" value="51006248379" />
<allocation-satisfied id="1388" threadId="0000000002035F00" bytesRequested="48" />
<af-end id="1389" timestamp="2019-08-08T10:56:19.600" threadId="0000000002036888" success="true" />
<exclusive-end id="1390" timestamp="2019-08-08T10:56:19.600" durationms="42.606" />

<exclusive-start id="1391" timestamp="2019-08-08T10:56:19.653" intervalms="95.187">
  <response-info timems="0.067" idlems="0.067" threads="0" lastid="0000000002035F00" lastname="main" />
</exclusive-start>
<af-start id="1392" threadId="0000000002036888" totalBytesRequested="120" timestamp="2019-08-08T10:56:19.653" intervalms="95.191" />
<cycle-start id="1393" type="global" contextid="0" timestamp="2019-08-08T10:56:19.653" intervalms="95.192" />
<gc-start id="1394" type="global" contextid="1393" timestamp="2019-08-08T10:56:19.653">
  <mem-info id="1395" free="196608" total="19660800" percent="1">
    <mem type="tenure" free="196608" total="19660800" percent="1">
      <mem type="soa" free="0" total="19464192" percent="0" />
      <mem type="loa" free="196608" total="196608" percent="100" />
    </mem>
  </mem-info>
</gc-start>
<allocation-stats totalBytes="13360776" >
  <allocated-bytes non-tlh="403880" tlh="12956896" />
  <largest-consumer threadName="main" threadId="0000000002035F00" bytes="13360776" />
</allocation-stats>
<gc-op id="1396" type="mark" timems="6.345" contextid="1393" timestamp="2019-08-08T10:56:19.659">
  <trace-info objectcount="103447" scancount="85666" scanbytes="2782100" />
  <finalization candidates="80" enqueued="0" />
  <ownableSynchronizers candidates="21" cleared="0" />
  <references type="soft" candidates="1503" cleared="4" enqueued="4" dynamicThreshold="21" maxThreshold="32" />
  <references type="weak" candidates="5421" cleared="0" enqueued="0" />
  <references type="phantom" candidates="96" cleared="0" enqueued="0" />
  <stringconstants candidates="12603" cleared="0"  />
</gc-op>
<gc-op id="1397" type="sweep" timems="1.812" contextid="1393" timestamp="2019-08-08T10:56:19.661" />
<mem-info id="1398" free="14154576" total="19660800" percent="71">
  <mem type="tenure" free="14154576" total="19660800" percent="71" micro-fragmented="71493" macro-fragmented="6843626">
    <mem type="soa" free="13957968" total="19464192" percent="71" />
    <mem type="loa" free="196608" total="196608" percent="100" />
  </mem>
  <pending-finalizers system="0" default="0" reference="4" classloader="0" />
</mem-info>
<gc-op id="1399" type="compact" timems="13.696" contextid="1393" timestamp="2019-08-08T10:56:19.675">
  <compact-info movecount="17522" movebytes="677920" reason="compact to aid heap contraction" />
</gc-op>
<heap-resize id="1400" type="expand" space="tenure" amount="131072" count="1" timems="0.023" reason="satisfy allocation request" timestamp="2019-08-08T10:56:19.676" />
<gc-end id="1401" type="global" contextid="1393" durationms="23.452" usertimems="56.838" systemtimems="0.000" timestamp="2019-08-08T10:56:19.676" activeThreads="16">
  <mem-info id="1402" free="14313480" total="19791872" percent="72">
    <mem type="tenure" free="14313480" total="19791872" percent="72">
      <mem type="soa" free="14115848" total="19594240" percent="72" />
      <mem type="loa" free="197632" total="197632" percent="100" />
    </mem>
    <pending-finalizers system="0" default="0" reference="4" classloader="0" />
  </mem-info>
</gc-end>
<cycle-end id="1403" type="global" contextid="1393" timestamp="2019-08-08T10:56:19.676" />
  <attribute name="elasticGC enabled" value="1" />
  <attribute name= "numThreadsSpecified" value="16" />
  <attribute name="heapSize specified" value="19660800" />
  <attribute name="Current GC Util" value="93" />
  <attribute name= "Current Time Running" value="128068" />
  <attribute name ="GC Interval" value="0" />
  <attribute name="Target GC Util Change" value ="80.000000" />
  <attribute name="Current GC Util Change" value="93.000000"/>
  <attribute name="Current Error" value="-13.000000" />
  <attribute name="Output H" value="19736472"/>
  <attribute name="Output I" value="1992"/>
  <attribute name="Output T" value="16"/>
  <attribute name= "Current Time Running" value="128068" />
  <attribute name="GC Util currently" value="93" />
  <attribute name="CPU Util currently" value="84106898533" />
<allocation-satisfied id="1404" threadId="0000000002035F00" bytesRequested="120" />
<af-end id="1405" timestamp="2019-08-08T10:56:19.676" threadId="0000000002036888" success="true" />
<exclusive-end id="1406" timestamp="2019-08-08T10:56:19.676" durationms="23.669" />

<exclusive-start id="1407" timestamp="2019-08-08T10:56:19.777" intervalms="124.578">
  <response-info timems="0.076" idlems="0.076" threads="0" lastid="0000000002035F00" lastname="main" />
</exclusive-start>
<af-start id="1408" threadId="0000000002036888" totalBytesRequested="32" timestamp="2019-08-08T10:56:19.777" intervalms="124.571" />
<cycle-start id="1409" type="global" contextid="0" timestamp="2019-08-08T10:56:19.777" intervalms="124.573" />
<gc-start id="1410" type="global" contextid="1409" timestamp="2019-08-08T10:56:19.777">
  <mem-info id="1411" free="197632" total="19791872" percent="0">
    <mem type="tenure" free="197632" total="19791872" percent="0">
      <mem type="soa" free="0" total="19594240" percent="0" />
      <mem type="loa" free="197632" total="197632" percent="100" />
    </mem>
  </mem-info>
</gc-start>
<allocation-stats totalBytes="14176536" >
  <allocated-bytes non-tlh="448576" tlh="13727960" />
  <largest-consumer threadName="main" threadId="0000000002035F00" bytes="14176536" />
</allocation-stats>
<gc-op id="1412" type="mark" timems="6.610" contextid="1409" timestamp="2019-08-08T10:56:19.784">
  <trace-info objectcount="114293" scancount="95616" scanbytes="3178732" />
  <finalization candidates="80" enqueued="0" />
  <ownableSynchronizers candidates="21" cleared="0" />
  <references type="soft" candidates="2275" cleared="0" enqueued="0" dynamicThreshold="23" maxThreshold="32" />
  <references type="weak" candidates="5507" cleared="20" enqueued="20" />
  <references type="phantom" candidates="97" cleared="0" enqueued="0" />
  <stringconstants candidates="13185" cleared="0"  />
</gc-op>
<gc-op id="1413" type="sweep" timems="1.218" contextid="1409" timestamp="2019-08-08T10:56:19.785" />
<mem-info id="1414" free="13482952" total="19791872" percent="68">
  <mem type="tenure" free="13482952" total="19791872" percent="68" micro-fragmented="138835" macro-fragmented="5375357">
    <mem type="soa" free="13285320" total="19594240" percent="67" />
    <mem type="loa" free="197632" total="197632" percent="100" />
  </mem>
  <pending-finalizers system="0" default="0" reference="20" classloader="0" />
</mem-info>
<gc-op id="1415" type="compact" timems="24.169" contextid="1409" timestamp="2019-08-08T10:56:19.810">
  <compact-info movecount="68360" movebytes="3509912" reason="compact to aid heap contraction" />
</gc-op>
<heap-resize id="1416" type="expand" space="tenure" amount="131072" count="1" timems="0.017" reason="satisfy allocation request" timestamp="2019-08-08T10:56:19.810" />
<gc-end id="1417" type="global" contextid="1409" durationms="33.067" usertimems="79.395" systemtimems="0.000" timestamp="2019-08-08T10:56:19.810" activeThreads="16">
  <mem-info id="1418" free="13738776" total="19922944" percent="68">
    <mem type="tenure" free="13738776" total="19922944" percent="68">
      <mem type="soa" free="13540120" total="19724288" percent="68" />
      <mem type="loa" free="198656" total="198656" percent="100" />
    </mem>
    <pending-finalizers system="0" default="0" reference="20" classloader="0" />
  </mem-info>
</gc-end>
<cycle-end id="1419" type="global" contextid="1409" timestamp="2019-08-08T10:56:19.810" />
  <attribute name="elasticGC enabled" value="1" />
  <attribute name= "numThreadsSpecified" value="16" />
  <attribute name="heapSize specified" value="19791872" />
  <attribute name="Current GC Util" value="53" />
  <attribute name= "Current Time Running" value="128203" />
  <attribute name ="GC Interval" value="0" />
  <attribute name="Target GC Util Change" value ="80.000000" />
  <attribute name="Current GC Util Change" value="53.000000"/>
  <attribute name="Current Error" value="-118.000000" />
  <attribute name="Output H" value="19867416"/>
  <attribute name="Output I" value="1800"/>
  <attribute name="Output T" value="16"/>
  <attribute name= "Current Time Running" value="128203" />
  <attribute name="GC Util currently" value="53" />
  <attribute name="CPU Util currently" value="47520672647" />
<allocation-satisfied id="1420" threadId="0000000002035F00" bytesRequested="32" />
<af-end id="1421" timestamp="2019-08-08T10:56:19.810" threadId="0000000002036888" success="true" />
<exclusive-end id="1422" timestamp="2019-08-08T10:56:19.810" durationms="33.268" />

<exclusive-start id="1423" timestamp="2019-08-08T10:56:20.127" intervalms="349.664">
  <response-info timems="0.120" idlems="0.120" threads="0" lastid="0000000002035F00" lastname="main" />
</exclusive-start>
<af-start id="1424" threadId="0000000002036888" totalBytesRequested="760" timestamp="2019-08-08T10:56:20.127" intervalms="349.671" />
<cycle-start id="1425" type="global" contextid="0" timestamp="2019-08-08T10:56:20.127" intervalms="349.672" />
<gc-start id="1426" type="global" contextid="1425" timestamp="2019-08-08T10:56:20.127">
  <mem-info id="1427" free="198656" total="19922944" percent="0">
    <mem type="tenure" free="198656" total="19922944" percent="0">
      <mem type="soa" free="0" total="19724288" percent="0" />
      <mem type="loa" free="198656" total="198656" percent="100" />
    </mem>
  </mem-info>
</gc-start>
<allocation-stats totalBytes="13598520" >
  <allocated-bytes non-tlh="2914136" tlh="10684384" />
  <largest-consumer threadName="main" threadId="0000000002035F00" bytes="13598520" />
</allocation-stats>
<gc-op id="1428" type="mark" timems="5.638" contextid="1425" timestamp="2019-08-08T10:56:20.133">
  <trace-info objectcount="120716" scancount="100790" scanbytes="3217152" />
  <finalization candidates="83" enqueued="2" />
  <ownableSynchronizers candidates="21" cleared="0" />
  <references type="soft" candidates="2276" cleared="1" enqueued="1" dynamicThreshold="22" maxThreshold="32" />
  <references type="weak" candidates="5517" cleared="4" enqueued="4" />
  <references type="phantom" candidates="98" cleared="0" enqueued="0" />
  <stringconstants candidates="13247" cleared="12"  />
</gc-op>
<gc-op id="1429" type="sweep" timems="1.341" contextid="1425" timestamp="2019-08-08T10:56:20.134" />
<mem-info id="1430" free="11919320" total="19922944" percent="59">
  <mem type="tenure" free="11919320" total="19922944" percent="59" micro-fragmented="27641" macro-fragmented="821097">
    <mem type="soa" free="11720664" total="19724288" percent="59" />
    <mem type="loa" free="198656" total="198656" percent="100" />
  </mem>
  <pending-finalizers system="0" default="2" reference="5" classloader="0" />
</mem-info>
<gc-op id="1431" type="compact" timems="48.027" contextid="1425" timestamp="2019-08-08T10:56:20.183">
  <compact-info movecount="117287" movebytes="7711096" reason="compact to aid heap contraction" />
</gc-op>
<heap-resize id="1432" type="expand" space="tenure" amount="131072" count="1" timems="0.027" reason="satisfy allocation request" timestamp="2019-08-08T10:56:20.184" />
<gc-end id="1433" type="global" contextid="1425" durationms="56.672" usertimems="89.327" systemtimems="0.000" timestamp="2019-08-08T10:56:20.184" activeThreads="16">
  <mem-info id="1434" free="12103368" total="20054016" percent="60">
    <mem type="tenure" free="12103368" total="20054016" percent="60">
      <mem type="soa" free="11903688" total="19854336" percent="59" />
      <mem type="loa" free="199680" total="199680" percent="100" />
    </mem>
    <pending-finalizers system="0" default="2" reference="5" classloader="0" />
  </mem-info>
</gc-end>
<cycle-end id="1435" type="global" contextid="1425" timestamp="2019-08-08T10:56:20.184" />
  <attribute name="elasticGC enabled" value="1" />
  <attribute name= "numThreadsSpecified" value="16" />
  <attribute name="heapSize specified" value="19922944" />
  <attribute name="Current GC Util" value="39" />
  <attribute name= "Current Time Running" value="128576" />
  <attribute name ="GC Interval" value="0" />
  <attribute name="Target GC Util Change" value ="80.000000" />
  <attribute name="Current GC Util Change" value="39.000000"/>
  <attribute name="Current Error" value="-181.000000" />
  <attribute name="Output H" value="19998416"/>
  <attribute name="Output I" value="1688"/>
  <attribute name="Output T" value="16"/>
  <attribute name= "Current Time Running" value="128576" />
  <attribute name="GC Util currently" value="39" />
  <attribute name="CPU Util currently" value="24001250846" />
<allocation-satisfied id="1436" threadId="0000000002035F00" bytesRequested="760" />
<af-end id="1437" timestamp="2019-08-08T10:56:20.184" threadId="0000000002036888" success="true" />
<exclusive-end id="1438" timestamp="2019-08-08T10:56:20.184" durationms="56.922" />

<exclusive-start id="1439" timestamp="2019-08-08T10:56:20.458" intervalms="330.894">
  <response-info timems="0.254" idlems="0.254" threads="0" lastid="0000000002035F00" lastname="main" />
</exclusive-start>
<af-start id="1440" threadId="0000000002036888" totalBytesRequested="712" timestamp="2019-08-08T10:56:20.458" intervalms="331.238" />
<cycle-start id="1441" type="global" contextid="0" timestamp="2019-08-08T10:56:20.458" intervalms="331.243" />
<gc-start id="1442" type="global" contextid="1441" timestamp="2019-08-08T10:56:20.458">
  <mem-info id="1443" free="199680" total="20054016" percent="0">
    <mem type="tenure" free="199680" total="20054016" percent="0">
      <mem type="soa" free="0" total="19854336" percent="0" />
      <mem type="loa" free="199680" total="199680" percent="100" />
    </mem>
  </mem-info>
</gc-start>
<allocation-stats totalBytes="11952736" >
  <allocated-bytes non-tlh="0" tlh="11952736" />
  <largest-consumer threadName="main" threadId="0000000002035F00" bytes="11944544" />
</allocation-stats>
<gc-op id="1444" type="mark" timems="13.704" contextid="1441" timestamp="2019-08-08T10:56:20.472">
  <trace-info objectcount="143356" scancount="120155" scanbytes="3676936" />
  <finalization candidates="81" enqueued="0" />
  <ownableSynchronizers candidates="21" cleared="0" />
  <references type="soft" candidates="2275" cleared="26" enqueued="26" dynamicThreshold="19" maxThreshold="32" />
  <references type="weak" candidates="5512" cleared="0" enqueued="0" />
  <references type="phantom" candidates="98" cleared="0" enqueued="0" />
  <stringconstants candidates="13235" cleared="0"  />
</gc-op>
<gc-op id="1445" type="sweep" timems="3.299" contextid="1441" timestamp="2019-08-08T10:56:20.476" />
<mem-info id="1446" free="11317864" total="20054016" percent="56">
  <mem type="tenure" free="11317864" total="20054016" percent="56" micro-fragmented="38479" macro-fragmented="0">
    <mem type="soa" free="11118184" total="19854336" percent="55" />
    <mem type="loa" free="199680" total="199680" percent="100" />
  </mem>
  <pending-finalizers system="0" default="0" reference="26" classloader="0" />
</mem-info>
<gc-op id="1447" type="compact" timems="25.764" contextid="1441" timestamp="2019-08-08T10:56:20.502">
  <compact-info movecount="78236" movebytes="4778848" reason="compact to aid heap contraction" />
</gc-op>
<heap-resize id="1448" type="expand" space="tenure" amount="131072" count="1" timems="0.019" reason="satisfy allocation request" timestamp="2019-08-08T10:56:20.503" />
<gc-end id="1449" type="global" contextid="1441" durationms="44.776" usertimems="67.447" systemtimems="0.000" timestamp="2019-08-08T10:56:20.503" activeThreads="16">
  <mem-info id="1450" free="11674352" total="20185088" percent="57">
    <mem type="tenure" free="11674352" total="20185088" percent="57">
      <mem type="soa" free="11472624" total="19983360" percent="57" />
      <mem type="loa" free="201728" total="201728" percent="100" />
    </mem>
    <pending-finalizers system="0" default="0" reference="26" classloader="0" />
  </mem-info>
</gc-end>
<cycle-end id="1451" type="global" contextid="1441" timestamp="2019-08-08T10:56:20.503" />
  <attribute name="elasticGC enabled" value="1" />
  <attribute name= "numThreadsSpecified" value="16" />
  <attribute name="heapSize specified" value="20054016" />
  <attribute name="Current GC Util" value="46" />
  <attribute name= "Current Time Running" value="128895" />
  <attribute name ="GC Interval" value="0" />
  <attribute name="Target GC Util Change" value ="80.000000" />
  <attribute name="Current GC Util Change" value="46.000000"/>
  <attribute name="Current Error" value="34.000000" />
  <attribute name="Output H" value="20129736"/>
  <attribute name="Output I" value="2072"/>
  <attribute name="Output T" value="16"/>
  <attribute name= "Current Time Running" value="128895" />
  <attribute name="GC Util currently" value="46" />
  <attribute name="CPU Util currently" value="44649065333" />
<allocation-satisfied id="1452" threadId="0000000002035F00" bytesRequested="712" />
<af-end id="1453" timestamp="2019-08-08T10:56:20.503" threadId="0000000002036888" success="true" />
<exclusive-end id="1454" timestamp="2019-08-08T10:56:20.503" durationms="45.362" />

<exclusive-start id="1455" timestamp="2019-08-08T10:56:20.626" intervalms="168.566">
  <response-info timems="0.023" idlems="0.023" threads="0" lastid="0000000002035F00" lastname="main" />
</exclusive-start>
<af-start id="1456" threadId="0000000002036888" totalBytesRequested="16" timestamp="2019-08-08T10:56:20.626" intervalms="168.235" />
<cycle-start id="1457" type="global" contextid="0" timestamp="2019-08-08T10:56:20.626" intervalms="168.239" />
<gc-start id="1458" type="global" contextid="1457" timestamp="2019-08-08T10:56:20.626">
  <mem-info id="1459" free="201728" total="20185088" percent="0">
    <mem type="tenure" free="201728" total="20185088" percent="0">
      <mem type="soa" free="0" total="19983360" percent="0" />
      <mem type="loa" free="201728" total="201728" percent="100" />
    </mem>
  </mem-info>
</gc-start>
<allocation-stats totalBytes="11527680" >
  <allocated-bytes non-tlh="0" tlh="11527680" />
  <largest-consumer threadName="main" threadId="0000000002035F00" bytes="11527680" />
</allocation-stats>
<gc-op id="1460" type="mark" timems="22.047" contextid="1457" timestamp="2019-08-08T10:56:20.649">
  <trace-info objectcount="167739" scancount="141027" scanbytes="4177364" />
  <finalization candidates="81" enqueued="0" />
  <ownableSynchronizers candidates="21" cleared="0" />
  <references type="soft" candidates="2247" cleared="24" enqueued="24" dynamicThreshold="18" maxThreshold="32" />
  <references type="weak" candidates="5512" cleared="0" enqueued="0" />
  <references type="phantom" candidates="98" cleared="0" enqueued="0" />
  <stringconstants candidates="13235" cleared="4"  />
</gc-op>
<gc-op id="1461" type="classunload" timems="0.653" contextid="1457" timestamp="2019-08-08T10:56:20.649">
  <classunload-info classloadercandidates="57" classloadersunloaded="2" classesunloaded="2" anonymousclassesunloaded="0" quiescems="0.000" setupms="0.636" scanms="0.013" postms="0.004" />
</gc-op>
<gc-op id="1462" type="sweep" timems="2.878" contextid="1457" timestamp="2019-08-08T10:56:20.652" />
<mem-info id="1463" free="10661056" total="20185088" percent="52">
  <mem type="tenure" free="10661056" total="20185088" percent="52" micro-fragmented="50148" macro-fragmented="0">
    <mem type="soa" free="10459328" total="19983360" percent="52" />
    <mem type="loa" free="201728" total="201728" percent="100" />
  </mem>
  <pending-finalizers system="0" default="0" reference="24" classloader="0" />
</mem-info>
<gc-op id="1464" type="compact" timems="46.742" contextid="1457" timestamp="2019-08-08T10:56:20.699">
  <compact-info movecount="130054" movebytes="6819336" reason="compact to aid heap contraction" />
</gc-op>
<heap-resize id="1465" type="expand" space="tenure" amount="131072" count="1" timems="0.017" reason="satisfy allocation request" timestamp="2019-08-08T10:56:20.700" />
<gc-end id="1466" type="global" contextid="1457" durationms="73.673" usertimems="100.713" systemtimems="0.000" timestamp="2019-08-08T10:56:20.700" activeThreads="16">
  <mem-info id="1467" free="11206792" total="20316160" percent="55">
    <mem type="tenure" free="11206792" total="20316160" percent="55">
      <mem type="soa" free="11004040" total="20113408" percent="54" />
      <mem type="loa" free="202752" total="202752" percent="100" />
    </mem>
    <pending-finalizers system="0" default="0" reference="24" classloader="0" />
  </mem-info>
</gc-end>
<cycle-end id="1468" type="global" contextid="1457" timestamp="2019-08-08T10:56:20.700" />
  <attribute name="elasticGC enabled" value="1" />
  <attribute name= "numThreadsSpecified" value="16" />
  <attribute name="heapSize specified" value="20185088" />
  <attribute name="Current GC Util" value="38" />
  <attribute name= "Current Time Running" value="129093" />
  <attribute name ="GC Interval" value="0" />
  <attribute name="Target GC Util Change" value ="80.000000" />
  <attribute name="Current GC Util Change" value="38.000000"/>
  <attribute name="Current Error" value="34.000000" />
  <attribute name="Output H" value="20260808"/>
  <attribute name="Output I" value="2072"/>
  <attribute name="Output T" value="16"/>
  <attribute name= "Current Time Running" value="129093" />
  <attribute name="GC Util currently" value="38" />
  <attribute name="CPU Util currently" value="24637533106" />
<allocation-satisfied id="1469" threadId="0000000002035F00" bytesRequested="16" />
<af-end id="1470" timestamp="2019-08-08T10:56:20.700" threadId="0000000002036888" success="true" />
<exclusive-end id="1471" timestamp="2019-08-08T10:56:20.700" durationms="73.904" />

<exclusive-start id="1472" timestamp="2019-08-08T10:56:20.792" intervalms="165.578">
  <response-info timems="0.243" idlems="0.243" threads="0" lastid="0000000002035F00" lastname="main" />
</exclusive-start>
<af-start id="1473" threadId="0000000002036888" totalBytesRequested="80" timestamp="2019-08-08T10:56:20.792" intervalms="165.576" />
<cycle-start id="1474" type="global" contextid="0" timestamp="2019-08-08T10:56:20.792" intervalms="165.572" />
<gc-start id="1475" type="global" contextid="1474" timestamp="2019-08-08T10:56:20.792">
  <mem-info id="1476" free="202752" total="20316160" percent="0">
    <mem type="tenure" free="202752" total="20316160" percent="0">
      <mem type="soa" free="0" total="20113408" percent="0" />
      <mem type="loa" free="202752" total="202752" percent="100" />
    </mem>
  </mem-info>
</gc-start>
<allocation-stats totalBytes="11057328" >
  <allocated-bytes non-tlh="0" tlh="11057328" />
  <largest-consumer threadName="main" threadId="0000000002035F00" bytes="11057328" />
</allocation-stats>
<gc-op id="1477" type="mark" timems="22.832" contextid="1474" timestamp="2019-08-08T10:56:20.815">
  <trace-info objectcount="189923" scancount="160245" scanbytes="4645756" />
  <finalization candidates="81" enqueued="0" />
  <ownableSynchronizers candidates="21" cleared="0" />
  <references type="soft" candidates="2223" cleared="309" enqueued="309" dynamicThreshold="17" maxThreshold="32" />
  <references type="weak" candidates="5512" cleared="0" enqueued="0" />
  <references type="phantom" candidates="98" cleared="0" enqueued="0" />
  <stringconstants candidates="13231" cleared="3"  />
</gc-op>
<gc-op id="1478" type="sweep" timems="2.727" contextid="1474" timestamp="2019-08-08T10:56:20.818" />
<mem-info id="1479" free="10254400" total="20316160" percent="50">
  <mem type="tenure" free="10254400" total="20316160" percent="50" micro-fragmented="47635" macro-fragmented="0">
    <mem type="soa" free="10051648" total="20113408" percent="49" />
    <mem type="loa" free="202752" total="202752" percent="100" />
  </mem>
  <pending-finalizers system="0" default="0" reference="309" classloader="0" />
</mem-info>
<gc-op id="1480" type="compact" timems="44.688" contextid="1474" timestamp="2019-08-08T10:56:20.863">
  <compact-info movecount="157842" movebytes="7582616" reason="compact to aid heap contraction" />
</gc-op>
<heap-resize id="1481" type="expand" space="tenure" amount="131072" count="1" timems="0.018" reason="satisfy allocation request" timestamp="2019-08-08T10:56:20.864" />
<gc-end id="1482" type="global" contextid="1474" durationms="71.596" usertimems="114.347" systemtimems="0.000" timestamp="2019-08-08T10:56:20.864" activeThreads="16">
  <mem-info id="1483" free="10779632" total="20447232" percent="52">
    <mem type="tenure" free="10779632" total="20447232" percent="52">
      <mem type="soa" free="10575856" total="20243456" percent="52" />
      <mem type="loa" free="203776" total="203776" percent="100" />
    </mem>
    <pending-finalizers system="0" default="0" reference="309" classloader="0" />
  </mem-info>
</gc-end>
<cycle-end id="1484" type="global" contextid="1474" timestamp="2019-08-08T10:56:20.864" />
  <attribute name="elasticGC enabled" value="1" />
  <attribute name= "numThreadsSpecified" value="16" />
  <attribute name="heapSize specified" value="20316160" />
  <attribute name="Current GC Util" value="28" />
  <attribute name= "Current Time Running" value="129256" />
  <attribute name ="GC Interval" value="0" />
  <attribute name="Target GC Util Change" value ="80.000000" />
  <attribute name="Current GC Util Change" value="28.000000"/>
  <attribute name="Current Error" value="-41.000000" />
  <attribute name="Output H" value="20391800"/>
  <attribute name="Output I" value="1936"/>
  <attribute name="Output T" value="16"/>
  <attribute name= "Current Time Running" value="129256" />
  <attribute name="GC Util currently" value="28" />
  <attribute name="CPU Util currently" value="25780732371" />
<allocation-satisfied id="1485" threadId="0000000002035F00" bytesRequested="80" />
<af-end id="1486" timestamp="2019-08-08T10:56:20.864" threadId="0000000002036888" success="true" />
<exclusive-end id="1487" timestamp="2019-08-08T10:56:20.864" durationms="71.859" />

<exclusive-start id="1488" timestamp="2019-08-08T10:56:20.951" intervalms="159.148">
  <response-info timems="15.765" idlems="15.765" threads="0" lastid="0000000002035F00" lastname="main" />
</exclusive-start>
<af-start id="1489" threadId="0000000002036888" totalBytesRequested="696" timestamp="2019-08-08T10:56:20.951" intervalms="159.167" />
<cycle-start id="1490" type="global" contextid="0" timestamp="2019-08-08T10:56:20.951" intervalms="159.306" />
<gc-start id="1491" type="global" contextid="1490" timestamp="2019-08-08T10:56:20.951">
  <mem-info id="1492" free="203776" total="20447232" percent="0">
    <mem type="tenure" free="203776" total="20447232" percent="0">
      <mem type="soa" free="0" total="20243456" percent="0" />
      <mem type="loa" free="203776" total="203776" percent="100" />
    </mem>
  </mem-info>
</gc-start>
<allocation-stats totalBytes="10628216" >
  <allocated-bytes non-tlh="0" tlh="10628216" />
  <largest-consumer threadName="main" threadId="0000000002035F00" bytes="10628216" />
</allocation-stats>
<gc-op id="1493" type="mark" timems="15.734" contextid="1490" timestamp="2019-08-08T10:56:20.967">
  <trace-info objectcount="209687" scancount="177447" scanbytes="5046400" />
  <finalization candidates="81" enqueued="0" />
  <ownableSynchronizers candidates="21" cleared="0" />
  <references type="soft" candidates="1914" cleared="2" enqueued="2" dynamicThreshold="16" maxThreshold="32" />
  <references type="weak" candidates="5512" cleared="0" enqueued="0" />
  <references type="phantom" candidates="98" cleared="0" enqueued="0" />
  <stringconstants candidates="13228" cleared="84"  />
</gc-op>
<gc-op id="1494" type="sweep" timems="3.417" contextid="1490" timestamp="2019-08-08T10:56:20.971" />
<mem-info id="1495" free="9901536" total="20447232" percent="48">
  <mem type="tenure" free="9901536" total="20447232" percent="48" micro-fragmented="81411" macro-fragmented="0">
    <mem type="soa" free="9697760" total="20243456" percent="47" />
    <mem type="loa" free="203776" total="203776" percent="100" />
  </mem>
  <pending-finalizers system="0" default="0" reference="2" classloader="0" />
</mem-info>
<gc-op id="1496" type="compact" timems="58.722" contextid="1490" timestamp="2019-08-08T10:56:21.030">
  <compact-info movecount="177572" movebytes="8060784" reason="compact to aid heap contraction" />
</gc-op>
<heap-resize id="1497" type="expand" space="tenure" amount="131072" count="1" timems="0.043" reason="satisfy allocation request" timestamp="2019-08-08T10:56:21.031" />
<gc-end id="1498" type="global" contextid="1490" durationms="79.466" usertimems="129.989" systemtimems="0.000" timestamp="2019-08-08T10:56:21.031" activeThreads="16">
  <mem-info id="1499" free="10429544" total="20578304" percent="50">
    <mem type="tenure" free="10429544" total="20578304" percent="50">
      <mem type="soa" free="10224744" total="20373504" percent="50" />
      <mem type="loa" free="204800" total="204800" percent="100" />
    </mem>
    <pending-finalizers system="0" default="0" reference="2" classloader="0" />
  </mem-info>
</gc-end>
<cycle-end id="1500" type="global" contextid="1490" timestamp="2019-08-08T10:56:21.031" />
  <attribute name="elasticGC enabled" value="1" />
  <attribute name= "numThreadsSpecified" value="16" />
  <attribute name="heapSize specified" value="20447232" />
  <attribute name="Current GC Util" value="44" />
  <attribute name= "Current Time Running" value="129424" />
  <attribute name ="GC Interval" value="0" />
  <attribute name="Target GC Util Change" value ="80.000000" />
  <attribute name="Current GC Util Change" value="44.000000"/>
  <attribute name="Current Error" value="36.000000" />
  <attribute name="Output H" value="20522960"/>
  <attribute name="Output I" value="2072"/>
  <attribute name="Output T" value="16"/>
  <attribute name= "Current Time Running" value="129424" />
  <attribute name="GC Util currently" value="44" />
  <attribute name="CPU Util currently" value="19608630093" />
<allocation-satisfied id="1501" threadId="0000000002035F00" bytesRequested="696" />
<af-end id="1502" timestamp="2019-08-08T10:56:21.031" threadId="0000000002036888" success="true" />
<exclusive-end id="1503" timestamp="2019-08-08T10:56:21.031" durationms="80.014" />

<exclusive-start id="1504" timestamp="2019-08-08T10:56:21.077" intervalms="126.385">
  <response-info timems="0.188" idlems="0.188" threads="0" lastid="0000000002035F00" lastname="main" />
</exclusive-start>
<af-start id="1505" threadId="0000000002036888" totalBytesRequested="56" timestamp="2019-08-08T10:56:21.077" intervalms="126.348" />
<cycle-start id="1506" type="global" contextid="0" timestamp="2019-08-08T10:56:21.077" intervalms="126.203" />
<gc-start id="1507" type="global" contextid="1506" timestamp="2019-08-08T10:56:21.078">
  <mem-info id="1508" free="204800" total="20578304" percent="0">
    <mem type="tenure" free="204800" total="20578304" percent="0">
      <mem type="soa" free="0" total="20373504" percent="0" />
      <mem type="loa" free="204800" total="204800" percent="100" />
    </mem>
  </mem-info>
</gc-start>
<allocation-stats totalBytes="10281912" >
  <allocated-bytes non-tlh="0" tlh="10281912" />
  <largest-consumer threadName="main" threadId="0000000002035F00" bytes="10281912" />
</allocation-stats>
<gc-op id="1509" type="mark" timems="8.713" contextid="1506" timestamp="2019-08-08T10:56:21.086">
  <trace-info objectcount="230730" scancount="195794" scanbytes="5476192" />
  <finalization candidates="81" enqueued="0" />
  <ownableSynchronizers candidates="21" cleared="0" />
  <references type="soft" candidates="1912" cleared="0" enqueued="0" dynamicThreshold="16" maxThreshold="32" />
  <references type="weak" candidates="5512" cleared="0" enqueued="0" />
  <references type="phantom" candidates="98" cleared="0" enqueued="0" />
  <stringconstants candidates="13144" cleared="0"  />
</gc-op>
<gc-op id="1510" type="sweep" timems="1.478" contextid="1506" timestamp="2019-08-08T10:56:21.088" />
<mem-info id="1511" free="9539368" total="20578304" percent="46">
  <mem type="tenure" free="9539368" total="20578304" percent="46" micro-fragmented="34214" macro-fragmented="0">
    <mem type="soa" free="9334568" total="20373504" percent="45" />
    <mem type="loa" free="204800" total="204800" percent="100" />
  </mem>
</mem-info>
<gc-op id="1512" type="compact" timems="35.452" contextid="1506" timestamp="2019-08-08T10:56:21.124">
  <compact-info movecount="135332" movebytes="5490624" reason="compact to aid heap contraction" />
</gc-op>
<heap-resize id="1513" type="expand" space="tenure" amount="131072" count="1" timems="0.016" reason="satisfy allocation request" timestamp="2019-08-08T10:56:21.125" />
<gc-end id="1514" type="global" contextid="1506" durationms="46.913" usertimems="83.567" systemtimems="0.000" timestamp="2019-08-08T10:56:21.125" activeThreads="16">
  <mem-info id="1515" free="10047552" total="20709376" percent="48">
    <mem type="tenure" free="10047552" total="20709376" percent="48">
      <mem type="soa" free="9840704" total="20502528" percent="47" />
      <mem type="loa" free="206848" total="206848" percent="100" />
    </mem>
  </mem-info>
</gc-end>
<cycle-end id="1516" type="global" contextid="1506" timestamp="2019-08-08T10:56:21.125" />
  <attribute name="elasticGC enabled" value="1" />
  <attribute name= "numThreadsSpecified" value="16" />
  <attribute name="heapSize specified" value="20578304" />
  <attribute name="Current GC Util" value="24" />
  <attribute name= "Current Time Running" value="129517" />
  <attribute name ="GC Interval" value="0" />
  <attribute name="Target GC Util Change" value ="80.000000" />
  <attribute name="Current GC Util Change" value="24.000000"/>
  <attribute name="Current Error" value="-203.000000" />
  <attribute name="Output H" value="20653752"/>
  <attribute name="Output I" value="1648"/>
  <attribute name="Output T" value="16"/>
  <attribute name= "Current Time Running" value="129517" />
  <attribute name="GC Util currently" value="24" />
  <attribute name="CPU Util currently" value="32547771918" />
<allocation-satisfied id="1517" threadId="0000000002035F00" bytesRequested="56" />
<af-end id="1518" timestamp="2019-08-08T10:56:21.125" threadId="0000000002036888" success="true" />
<exclusive-end id="1519" timestamp="2019-08-08T10:56:21.125" durationms="47.300" />

<exclusive-start id="1520" timestamp="2019-08-08T10:56:21.156" intervalms="78.888">
  <response-info timems="0.102" idlems="0.102" threads="0" lastid="0000000002035F00" lastname="main" />
</exclusive-start>
<af-start id="1521" threadId="0000000002036888" totalBytesRequested="24" timestamp="2019-08-08T10:56:21.156" intervalms="79.031" />
<cycle-start id="1522" type="global" contextid="0" timestamp="2019-08-08T10:56:21.157" intervalms="79.041" />
<gc-start id="1523" type="global" contextid="1522" timestamp="2019-08-08T10:56:21.157">
  <mem-info id="1524" free="206848" total="20709376" percent="0">
    <mem type="tenure" free="206848" total="20709376" percent="0">
      <mem type="soa" free="0" total="20502528" percent="0" />
      <mem type="loa" free="206848" total="206848" percent="100" />
    </mem>
  </mem-info>
</gc-start>
<allocation-stats totalBytes="9895216" >
  <allocated-bytes non-tlh="0" tlh="9895216" />
  <largest-consumer threadName="main" threadId="0000000002035F00" bytes="9895216" />
</allocation-stats>
<gc-op id="1525" type="mark" timems="15.339" contextid="1522" timestamp="2019-08-08T10:56:21.172">
  <trace-info objectcount="250985" scancount="212907" scanbytes="5876812" />
  <finalization candidates="81" enqueued="0" />
  <ownableSynchronizers candidates="21" cleared="0" />
  <references type="soft" candidates="1912" cleared="4" enqueued="4" dynamicThreshold="15" maxThreshold="32" />
  <references type="weak" candidates="5512" cleared="0" enqueued="0" />
  <references type="phantom" candidates="98" cleared="0" enqueued="0" />
  <stringconstants candidates="13144" cleared="0"  />
</gc-op>
<gc-op id="1526" type="sweep" timems="3.431" contextid="1522" timestamp="2019-08-08T10:56:21.176" />
<mem-info id="1527" free="9211256" total="20709376" percent="44">
  <mem type="tenure" free="9211256" total="20709376" percent="44" micro-fragmented="27992" macro-fragmented="0">
    <mem type="soa" free="9004408" total="20502528" percent="43" />
    <mem type="loa" free="206848" total="206848" percent="100" />
  </mem>
  <pending-finalizers system="0" default="0" reference="4" classloader="0" />
</mem-info>
<gc-op id="1528" type="compact" timems="41.284" contextid="1522" timestamp="2019-08-08T10:56:21.217">
  <compact-info movecount="155117" movebytes="5990448" reason="compact to aid heap contraction" />
</gc-op>
<heap-resize id="1529" type="expand" space="tenure" amount="131072" count="1" timems="0.017" reason="satisfy allocation request" timestamp="2019-08-08T10:56:21.218" />
<gc-end id="1530" type="global" contextid="1522" durationms="61.196" usertimems="94.669" systemtimems="0.000" timestamp="2019-08-08T10:56:21.218" activeThreads="16">
  <mem-info id="1531" free="9660776" total="20840448" percent="46">
    <mem type="tenure" free="9660776" total="20840448" percent="46">
      <mem type="soa" free="9452904" total="20632576" percent="45" />
      <mem type="loa" free="207872" total="207872" percent="100" />
    </mem>
    <pending-finalizers system="0" default="0" reference="4" classloader="0" />
  </mem-info>
</gc-end>
<cycle-end id="1532" type="global" contextid="1522" timestamp="2019-08-08T10:56:21.218" />
  <attribute name="elasticGC enabled" value="1" />
  <attribute name= "numThreadsSpecified" value="16" />
  <attribute name="heapSize specified" value="20709376" />
  <attribute name="Current GC Util" value="37" />
  <attribute name= "Current Time Running" value="129611" />
  <attribute name ="GC Interval" value="0" />
  <attribute name="Target GC Util Change" value ="80.000000" />
  <attribute name="Current GC Util Change" value="37.000000"/>
  <attribute name="Current Error" value="-110.000000" />
  <attribute name="Output H" value="20784936"/>
  <attribute name="Output I" value="1816"/>
  <attribute name="Output T" value="16"/>
  <attribute name= "Current Time Running" value="129611" />
  <attribute name="GC Util currently" value="37" />
  <attribute name="CPU Util currently" value="27907973256" />
<allocation-satisfied id="1533" threadId="0000000002035F00" bytesRequested="24" />
<af-end id="1534" timestamp="2019-08-08T10:56:21.218" threadId="0000000002036888" success="true" />
<exclusive-end id="1535" timestamp="2019-08-08T10:56:21.218" durationms="61.677" />

<exclusive-start id="1536" timestamp="2019-08-08T10:56:21.241" intervalms="84.530">
  <response-info timems="0.016" idlems="0.016" threads="0" lastid="0000000002035F00" lastname="main" />
</exclusive-start>
<af-start id="1537" threadId="0000000002036888" totalBytesRequested="56" timestamp="2019-08-08T10:56:21.241" intervalms="84.391" />
<cycle-start id="1538" type="global" contextid="0" timestamp="2019-08-08T10:56:21.241" intervalms="84.376" />
<gc-start id="1539" type="global" contextid="1538" timestamp="2019-08-08T10:56:21.241">
  <mem-info id="1540" free="207872" total="20840448" percent="0">
    <mem type="tenure" free="207872" total="20840448" percent="0">
      <mem type="soa" free="0" total="20632576" percent="0" />
      <mem type="loa" free="207872" total="207872" percent="100" />
    </mem>
  </mem-info>
</gc-start>
<allocation-stats totalBytes="9507568" >
  <allocated-bytes non-tlh="65544" tlh="9442024" />
  <largest-consumer threadName="main" threadId="0000000002035F00" bytes="9507568" />
</allocation-stats>
<gc-op id="1541" type="mark" timems="20.347" contextid="1538" timestamp="2019-08-08T10:56:21.261">
  <trace-info objectcount="270789" scancount="229515" scanbytes="6331116" />
  <finalization candidates="81" enqueued="0" />
  <ownableSynchronizers candidates="21" cleared="0" />
  <references type="soft" candidates="1908" cleared="1" enqueued="1" dynamicThreshold="14" maxThreshold="32" />
  <references type="weak" candidates="5512" cleared="0" enqueued="0" />
  <references type="phantom" candidates="98" cleared="0" enqueued="0" />
  <stringconstants candidates="13144" cleared="0"  />
</gc-op>
<gc-op id="1542" type="sweep" timems="5.094" contextid="1538" timestamp="2019-08-08T10:56:21.267" />
<mem-info id="1543" free="8768896" total="20840448" percent="42">
  <mem type="tenure" free="8768896" total="20840448" percent="42" micro-fragmented="61721" macro-fragmented="0">
    <mem type="soa" free="8561024" total="20632576" percent="41" />
    <mem type="loa" free="207872" total="207872" percent="100" />
  </mem>
  <pending-finalizers system="0" default="0" reference="1" classloader="0" />
</mem-info>
<gc-op id="1544" type="compact" timems="48.315" contextid="1538" timestamp="2019-08-08T10:56:21.315">
  <compact-info movecount="174921" movebytes="6535040" reason="compact to aid heap contraction" />
</gc-op>
<heap-resize id="1545" type="expand" space="tenure" amount="131072" count="1" timems="0.016" reason="satisfy allocation request" timestamp="2019-08-08T10:56:21.316" />
<gc-end id="1546" type="global" contextid="1538" durationms="74.950" usertimems="105.816" systemtimems="0.000" timestamp="2019-08-08T10:56:21.316" activeThreads="16">
  <mem-info id="1547" free="9247256" total="20971520" percent="44">
    <mem type="tenure" free="9247256" total="20971520" percent="44">
      <mem type="soa" free="9038360" total="20762624" percent="43" />
      <mem type="loa" free="208896" total="208896" percent="100" />
    </mem>
    <pending-finalizers system="0" default="0" reference="1" classloader="0" />
  </mem-info>
</gc-end>
<cycle-end id="1548" type="global" contextid="1538" timestamp="2019-08-08T10:56:21.316" />
  <attribute name="elasticGC enabled" value="1" />
  <attribute name= "numThreadsSpecified" value="16" />
  <attribute name="heapSize specified" value="20840448" />
  <attribute name="Current GC Util" value="18" />
  <attribute name= "Current Time Running" value="129709" />
  <attribute name ="GC Interval" value="0" />
  <attribute name="Target GC Util Change" value ="80.000000" />
  <attribute name="Current GC Util Change" value="18.000000"/>
  <attribute name="Current Error" value="62.000000" />
  <attribute name="Output H" value="20916200"/>
  <attribute name="Output I" value="2120"/>
  <attribute name="Output T" value="16"/>
  <attribute name= "Current Time Running" value="129709" />
  <attribute name="GC Util currently" value="18" />
  <attribute name="CPU Util currently" value="23845880347" />
<allocation-satisfied id="1549" threadId="0000000002035F00" bytesRequested="56" />
<af-end id="1550" timestamp="2019-08-08T10:56:21.316" threadId="0000000002036888" success="true" />
<exclusive-end id="1551" timestamp="2019-08-08T10:56:21.316" durationms="75.211" />

<exclusive-start id="1552" timestamp="2019-08-08T10:56:21.340" intervalms="98.926">
  <response-info timems="0.156" idlems="0.156" threads="0" lastid="0000000002035F00" lastname="main" />
</exclusive-start>
<af-start id="1553" threadId="0000000002036888" totalBytesRequested="16" timestamp="2019-08-08T10:56:21.340" intervalms="99.019" />
<cycle-start id="1554" type="global" contextid="0" timestamp="2019-08-08T10:56:21.340" intervalms="99.073" />
<gc-start id="1555" type="global" contextid="1554" timestamp="2019-08-08T10:56:21.340">
  <mem-info id="1556" free="208896" total="20971520" percent="0">
    <mem type="tenure" free="208896" total="20971520" percent="0">
      <mem type="soa" free="0" total="20762624" percent="0" />
      <mem type="loa" free="208896" total="208896" percent="100" />
    </mem>
  </mem-info>
</gc-start>
<allocation-stats totalBytes="9096056" >
  <allocated-bytes non-tlh="0" tlh="9096056" />
  <largest-consumer threadName="main" threadId="0000000002035F00" bytes="9096056" />
</allocation-stats>
<gc-op id="1557" type="mark" timems="16.292" contextid="1554" timestamp="2019-08-08T10:56:21.356">
  <trace-info objectcount="290395" scancount="245946" scanbytes="6715908" />
  <finalization candidates="81" enqueued="0" />
  <ownableSynchronizers candidates="21" cleared="0" />
  <references type="soft" candidates="1907" cleared="3" enqueued="3" dynamicThreshold="14" maxThreshold="32" />
  <references type="weak" candidates="5512" cleared="0" enqueued="0" />
  <references type="phantom" candidates="98" cleared="0" enqueued="0" />
  <stringconstants candidates="13144" cleared="0"  />
</gc-op>
<gc-op id="1558" type="sweep" timems="3.365" contextid="1554" timestamp="2019-08-08T10:56:21.360" />
<mem-info id="1559" free="8442440" total="20971520" percent="40">
  <mem type="tenure" free="8442440" total="20971520" percent="40" micro-fragmented="42268" macro-fragmented="0">
    <mem type="soa" free="8233544" total="20762624" percent="39" />
    <mem type="loa" free="208896" total="208896" percent="100" />
  </mem>
  <pending-finalizers system="0" default="0" reference="3" classloader="0" />
</mem-info>
<gc-op id="1560" type="compact" timems="59.332" contextid="1554" timestamp="2019-08-08T10:56:21.419">
  <compact-info movecount="193790" movebytes="6988600" reason="compact to aid heap contraction" />
</gc-op>
<heap-resize id="1561" type="expand" space="tenure" amount="131072" count="1" timems="0.019" reason="satisfy allocation request" timestamp="2019-08-08T10:56:21.421" />
<gc-end id="1562" type="global" contextid="1554" durationms="80.845" usertimems="113.750" systemtimems="0.000" timestamp="2019-08-08T10:56:21.421" activeThreads="16">
  <mem-info id="1563" free="8898736" total="21102592" percent="42">
    <mem type="tenure" free="8898736" total="21102592" percent="42">
      <mem type="soa" free="8687792" total="20891648" percent="41" />
      <mem type="loa" free="210944" total="210944" percent="100" />
    </mem>
    <pending-finalizers system="0" default="0" reference="3" classloader="0" />
  </mem-info>
</gc-end>
<cycle-end id="1564" type="global" contextid="1554" timestamp="2019-08-08T10:56:21.421" />
  <attribute name="elasticGC enabled" value="1" />
  <attribute name= "numThreadsSpecified" value="16" />
  <attribute name="heapSize specified" value="20971520" />
  <attribute name="Current GC Util" value="18" />
  <attribute name= "Current Time Running" value="129813" />
  <attribute name ="GC Interval" value="0" />
  <attribute name="Target GC Util Change" value ="80.000000" />
  <attribute name="Current GC Util Change" value="18.000000"/>
  <attribute name="Current Error" value="-164.000000" />
  <attribute name="Output H" value="21047016"/>
  <attribute name="Output I" value="1720"/>
  <attribute name="Output T" value="16"/>
  <attribute name= "Current Time Running" value="129813" />
  <attribute name="GC Util currently" value="18" />
  <attribute name="CPU Util currently" value="19421724232" />
<allocation-satisfied id="1565" threadId="0000000002035F00" bytesRequested="16" />
<af-end id="1566" timestamp="2019-08-08T10:56:21.421" threadId="0000000002036888" success="true" />
<exclusive-end id="1567" timestamp="2019-08-08T10:56:21.421" durationms="81.267" />

<exclusive-start id="1568" timestamp="2019-08-08T10:56:21.443" intervalms="102.958">
  <response-info timems="0.017" idlems="0.017" threads="0" lastid="0000000002035F00" lastname="main" />
</exclusive-start>
<af-start id="1569" threadId="0000000002036888" totalBytesRequested="16" timestamp="2019-08-08T10:56:21.443" intervalms="102.862" />
<cycle-start id="1570" type="global" contextid="0" timestamp="2019-08-08T10:56:21.443" intervalms="102.824" />
<gc-start id="1571" type="global" contextid="1570" timestamp="2019-08-08T10:56:21.443">
  <mem-info id="1572" free="210944" total="21102592" percent="0">
    <mem type="tenure" free="210944" total="21102592" percent="0">
      <mem type="soa" free="0" total="20891648" percent="0" />
      <mem type="loa" free="210944" total="210944" percent="100" />
    </mem>
  </mem-info>
</gc-start>
<allocation-stats totalBytes="8744384" >
  <allocated-bytes non-tlh="0" tlh="8744384" />
  <largest-consumer threadName="main" threadId="0000000002035F00" bytes="8744384" />
</allocation-stats>
<gc-op id="1573" type="mark" timems="14.636" contextid="1570" timestamp="2019-08-08T10:56:21.458">
  <trace-info objectcount="308461" scancount="261334" scanbytes="7076172" />
  <finalization candidates="81" enqueued="0" />
  <ownableSynchronizers candidates="21" cleared="0" />
  <references type="soft" candidates="1904" cleared="1" enqueued="1" dynamicThreshold="13" maxThreshold="32" />
  <references type="weak" candidates="5512" cleared="0" enqueued="0" />
  <references type="phantom" candidates="98" cleared="0" enqueued="0" />
  <stringconstants candidates="13144" cleared="0"  />
</gc-op>
<gc-op id="1574" type="sweep" timems="5.540" contextid="1570" timestamp="2019-08-08T10:56:21.463" />
<mem-info id="1575" free="8145776" total="21102592" percent="38">
  <mem type="tenure" free="8145776" total="21102592" percent="38" micro-fragmented="37186" macro-fragmented="0">
    <mem type="soa" free="7934832" total="20891648" percent="37" />
    <mem type="loa" free="210944" total="210944" percent="100" />
  </mem>
  <pending-finalizers system="0" default="0" reference="1" classloader="0" />
</mem-info>
<gc-op id="1576" type="compact" timems="59.780" contextid="1570" timestamp="2019-08-08T10:56:21.523">
  <compact-info movecount="211727" movebytes="7428768" reason="compact to aid heap contraction" />
</gc-op>
<heap-resize id="1577" type="expand" space="tenure" amount="131072" count="1" timems="0.017" reason="satisfy allocation request" timestamp="2019-08-08T10:56:21.525" />
<gc-end id="1578" type="global" contextid="1570" durationms="82.497" usertimems="138.180" systemtimems="0.000" timestamp="2019-08-08T10:56:21.525" activeThreads="16">
  <mem-info id="1579" free="8583672" total="21233664" percent="40">
    <mem type="tenure" free="8583672" total="21233664" percent="40">
      <mem type="soa" free="8371704" total="21021696" percent="39" />
      <mem type="loa" free="211968" total="211968" percent="100" />
    </mem>
    <pending-finalizers system="0" default="0" reference="1" classloader="0" />
  </mem-info>
</gc-end>
<cycle-end id="1580" type="global" contextid="1570" timestamp="2019-08-08T10:56:21.525" />
  <attribute name="elasticGC enabled" value="1" />
  <attribute name= "numThreadsSpecified" value="16" />
  <attribute name="heapSize specified" value="21102592" />
  <attribute name="Current GC Util" value="28" />
  <attribute name= "Current Time Running" value="129917" />
  <attribute name ="GC Interval" value="0" />
  <attribute name="Target GC Util Change" value ="80.000000" />
  <attribute name="Current GC Util Change" value="28.000000"/>
  <attribute name="Current Error" value="-217.000000" />
  <attribute name="Output H" value="21178024"/>
  <attribute name="Output I" value="1624"/>
  <attribute name="Output T" value="16"/>
  <attribute name= "Current Time Running" value="129917" />
  <attribute name="GC Util currently" value="28" />
  <attribute name="CPU Util currently" value="19267680714" />
<allocation-satisfied id="1581" threadId="0000000002035F00" bytesRequested="16" />
<af-end id="1582" timestamp="2019-08-08T10:56:21.525" threadId="0000000002036888" success="true" />
<exclusive-end id="1583" timestamp="2019-08-08T10:56:21.525" durationms="82.704" />

<exclusive-start id="1584" timestamp="2019-08-08T10:56:21.545" intervalms="102.116">
  <response-info timems="0.017" idlems="0.017" threads="0" lastid="0000000002035F00" lastname="main" />
</exclusive-start>
<af-start id="1585" threadId="0000000002036888" totalBytesRequested="680" timestamp="2019-08-08T10:56:21.545" intervalms="102.113" />
<cycle-start id="1586" type="global" contextid="0" timestamp="2019-08-08T10:56:21.545" intervalms="102.095" />
<gc-start id="1587" type="global" contextid="1586" timestamp="2019-08-08T10:56:21.545">
  <mem-info id="1588" free="211968" total="21233664" percent="0">
    <mem type="tenure" free="211968" total="21233664" percent="0">
      <mem type="soa" free="0" total="21021696" percent="0" />
      <mem type="loa" free="211968" total="211968" percent="100" />
    </mem>
  </mem-info>
</gc-start>
<allocation-stats totalBytes="8428496" >
  <allocated-bytes non-tlh="0" tlh="8428496" />
  <largest-consumer threadName="main" threadId="0000000002035F00" bytes="8428496" />
</allocation-stats>
<gc-op id="1589" type="mark" timems="6.354" contextid="1586" timestamp="2019-08-08T10:56:21.551">
  <trace-info objectcount="325412" scancount="275869" scanbytes="7416628" />
  <finalization candidates="81" enqueued="0" />
  <ownableSynchronizers candidates="21" cleared="0" />
  <references type="soft" candidates="1903" cleared="3" enqueued="3" dynamicThreshold="12" maxThreshold="32" />
  <references type="weak" candidates="5512" cleared="0" enqueued="0" />
  <references type="phantom" candidates="98" cleared="0" enqueued="0" />
  <stringconstants candidates="13144" cleared="0"  />
</gc-op>
<gc-op id="1590" type="sweep" timems="6.019" contextid="1586" timestamp="2019-08-08T10:56:21.557" />
<mem-info id="1591" free="7898120" total="21233664" percent="37">
  <mem type="tenure" free="7898120" total="21233664" percent="37" micro-fragmented="45457" macro-fragmented="0">
    <mem type="soa" free="7686152" total="21021696" percent="36" />
    <mem type="loa" free="211968" total="211968" percent="100" />
  </mem>
  <pending-finalizers system="0" default="0" reference="3" classloader="0" />
</mem-info>
<gc-op id="1592" type="compact" timems="61.107" contextid="1586" timestamp="2019-08-08T10:56:21.619">
  <compact-info movecount="228056" movebytes="7823792" reason="compact to aid heap contraction" />
</gc-op>
<heap-resize id="1593" type="expand" space="tenure" amount="131072" count="1" timems="0.021" reason="satisfy allocation request" timestamp="2019-08-08T10:56:21.620" />
<gc-end id="1594" type="global" contextid="1586" durationms="75.326" usertimems="107.272" systemtimems="0.000" timestamp="2019-08-08T10:56:21.620" activeThreads="16">
  <mem-info id="1595" free="8298944" total="21364736" percent="38">
    <mem type="tenure" free="8298944" total="21364736" percent="38">
      <mem type="soa" free="8085952" total="21151744" percent="38" />
      <mem type="loa" free="212992" total="212992" percent="100" />
    </mem>
    <pending-finalizers system="0" default="0" reference="3" classloader="0" />
  </mem-info>
</gc-end>
<cycle-end id="1596" type="global" contextid="1586" timestamp="2019-08-08T10:56:21.620" />
  <attribute name="elasticGC enabled" value="1" />
  <attribute name= "numThreadsSpecified" value="16" />
  <attribute name="heapSize specified" value="21233664" />
  <attribute name="Current GC Util" value="16" />
  <attribute name= "Current Time Running" value="130012" />
  <attribute name ="GC Interval" value="0" />
  <attribute name="Target GC Util Change" value ="80.000000" />
  <attribute name="Current GC Util Change" value="16.000000"/>
  <attribute name="Current Error" value="64.000000" />
  <attribute name="Output H" value="21309424"/>
  <attribute name="Output I" value="2128"/>
  <attribute name="Output T" value="16"/>
  <attribute name= "Current Time Running" value="130012" />
  <attribute name="GC Util currently" value="16" />
  <attribute name="CPU Util currently" value="18858429557" />
<allocation-satisfied id="1597" threadId="0000000002035F00" bytesRequested="680" />
<af-end id="1598" timestamp="2019-08-08T10:56:21.620" threadId="0000000002036888" success="true" />
<exclusive-end id="1599" timestamp="2019-08-08T10:56:21.620" durationms="75.536" />

<exclusive-start id="1600" timestamp="2019-08-08T10:56:21.637" intervalms="92.366">
  <response-info timems="0.022" idlems="0.022" threads="0" lastid="0000000002035F00" lastname="main" />
</exclusive-start>
<af-start id="1601" threadId="0000000002036888" totalBytesRequested="32" timestamp="2019-08-08T10:56:21.637" intervalms="92.380" />
<cycle-start id="1602" type="global" contextid="0" timestamp="2019-08-08T10:56:21.637" intervalms="92.390" />
<gc-start id="1603" type="global" contextid="1602" timestamp="2019-08-08T10:56:21.637">
  <mem-info id="1604" free="212992" total="21364736" percent="0">
    <mem type="tenure" free="212992" total="21364736" percent="0">
      <mem type="soa" free="0" total="21151744" percent="0" />
      <mem type="loa" free="212992" total="212992" percent="100" />
    </mem>
  </mem-info>
</gc-start>
<allocation-stats totalBytes="8140896" >
  <allocated-bytes non-tlh="0" tlh="8140896" />
  <largest-consumer threadName="main" threadId="0000000002035F00" bytes="8140896" />
</allocation-stats>
<gc-op id="1605" type="mark" timems="6.146" contextid="1602" timestamp="2019-08-08T10:56:21.644">
  <trace-info objectcount="342216" scancount="289949" scanbytes="7742948" />
  <finalization candidates="81" enqueued="0" />
  <ownableSynchronizers candidates="21" cleared="0" />
  <references type="soft" candidates="1900" cleared="62" enqueued="62" dynamicThreshold="12" maxThreshold="32" />
  <references type="weak" candidates="5512" cleared="0" enqueued="0" />
  <references type="phantom" candidates="98" cleared="0" enqueued="0" />
  <stringconstants candidates="13144" cleared="0"  />
</gc-op>
<gc-op id="1606" type="sweep" timems="1.370" contextid="1602" timestamp="2019-08-08T10:56:21.645" />
<mem-info id="1607" free="7620088" total="21364736" percent="35">
  <mem type="tenure" free="7620088" total="21364736" percent="35" micro-fragmented="21017" macro-fragmented="0">
    <mem type="soa" free="7407096" total="21151744" percent="35" />
    <mem type="loa" free="212992" total="212992" percent="100" />
  </mem>
  <pending-finalizers system="0" default="0" reference="62" classloader="0" />
</mem-info>
<gc-op id="1608" type="compact" timems="62.584" contextid="1602" timestamp="2019-08-08T10:56:21.708">
  <compact-info movecount="244493" movebytes="8218576" reason="compact to aid heap contraction" />
</gc-op>
<heap-resize id="1609" type="expand" space="tenure" amount="131072" count="1" timems="0.018" reason="satisfy allocation request" timestamp="2019-08-08T10:56:21.709" />
<gc-end id="1610" type="global" contextid="1602" durationms="71.262" usertimems="105.460" systemtimems="0.000" timestamp="2019-08-08T10:56:21.709" activeThreads="16">
  <mem-info id="1611" free="8022712" total="21495808" percent="37">
    <mem type="tenure" free="8022712" total="21495808" percent="37">
      <mem type="soa" free="7808696" total="21281792" percent="36" />
      <mem type="loa" free="214016" total="214016" percent="100" />
    </mem>
    <pending-finalizers system="0" default="0" reference="62" classloader="0" />
  </mem-info>
</gc-end>
<cycle-end id="1612" type="global" contextid="1602" timestamp="2019-08-08T10:56:21.709" />
  <attribute name="elasticGC enabled" value="1" />
  <attribute name= "numThreadsSpecified" value="16" />
  <attribute name="heapSize specified" value="21364736" />
  <attribute name="Current GC Util" value="18" />
  <attribute name= "Current Time Running" value="130101" />
  <attribute name ="GC Interval" value="0" />
  <attribute name="Target GC Util Change" value ="80.000000" />
  <attribute name="Current GC Util Change" value="18.000000"/>
  <attribute name="Current Error" value="-531.000000" />
  <attribute name="Output H" value="21439808"/>
  <attribute name="Output I" value="1064"/>
  <attribute name="Output T" value="16"/>
  <attribute name= "Current Time Running" value="130101" />
  <attribute name="GC Util currently" value="18" />
  <attribute name="CPU Util currently" value="18406227895" />
<allocation-satisfied id="1613" threadId="0000000002035F00" bytesRequested="32" />
<af-end id="1614" timestamp="2019-08-08T10:56:21.709" threadId="0000000002036888" success="true" />
<exclusive-end id="1615" timestamp="2019-08-08T10:56:21.709" durationms="71.543" />

<exclusive-start id="1616" timestamp="2019-08-08T10:56:21.726" intervalms="88.496">
  <response-info timems="0.018" idlems="0.018" threads="0" lastid="0000000002035F00" lastname="main" />
</exclusive-start>
<af-start id="1617" threadId="0000000002036888" totalBytesRequested="16" timestamp="2019-08-08T10:56:21.726" intervalms="88.498" />
<cycle-start id="1618" type="global" contextid="0" timestamp="2019-08-08T10:56:21.726" intervalms="88.488" />
<gc-start id="1619" type="global" contextid="1618" timestamp="2019-08-08T10:56:21.726">
  <mem-info id="1620" free="214016" total="21495808" percent="0">
    <mem type="tenure" free="214016" total="21495808" percent="0">
      <mem type="soa" free="0" total="21281792" percent="0" />
      <mem type="loa" free="214016" total="214016" percent="100" />
    </mem>
  </mem-info>
</gc-start>
<allocation-stats totalBytes="7863464" >
  <allocated-bytes non-tlh="0" tlh="7863464" />
  <largest-consumer threadName="main" threadId="0000000002035F00" bytes="7863464" />
</allocation-stats>
<gc-op id="1621" type="mark" timems="7.240" contextid="1618" timestamp="2019-08-08T10:56:21.733">
  <trace-info objectcount="358279" scancount="303476" scanbytes="8057496" />
  <finalization candidates="81" enqueued="0" />
  <ownableSynchronizers candidates="21" cleared="0" />
  <references type="soft" candidates="1838" cleared="9" enqueued="5" dynamicThreshold="11" maxThreshold="32" />
  <references type="weak" candidates="5512" cleared="0" enqueued="0" />
  <references type="phantom" candidates="98" cleared="0" enqueued="0" />
  <stringconstants candidates="13144" cleared="5"  />
</gc-op>
<gc-op id="1622" type="sweep" timems="2.244" contextid="1618" timestamp="2019-08-08T10:56:21.735" />
<mem-info id="1623" free="7355288" total="21495808" percent="34">
  <mem type="tenure" free="7355288" total="21495808" percent="34" micro-fragmented="41951" macro-fragmented="0">
    <mem type="soa" free="7141272" total="21281792" percent="33" />
    <mem type="loa" free="214016" total="214016" percent="100" />
  </mem>
  <pending-finalizers system="0" default="0" reference="5" classloader="0" />
</mem-info>
<gc-op id="1624" type="compact" timems="86.675" contextid="1618" timestamp="2019-08-08T10:56:21.822">
  <compact-info movecount="341196" movebytes="12960664" reason="compact to aid heap contraction" />
</gc-op>
<heap-resize id="1625" type="expand" space="tenure" amount="131072" count="1" timems="0.023" reason="satisfy allocation request" timestamp="2019-08-08T10:56:21.824" />
<gc-end id="1626" type="global" contextid="1618" durationms="98.598" usertimems="133.269" systemtimems="0.000" timestamp="2019-08-08T10:56:21.824" activeThreads="16">
  <mem-info id="1627" free="7755976" total="21626880" percent="35">
    <mem type="tenure" free="7755976" total="21626880" percent="35">
      <mem type="soa" free="7539912" total="21410816" percent="35" />
      <mem type="loa" free="216064" total="216064" percent="100" />
    </mem>
    <pending-finalizers system="0" default="0" reference="5" classloader="0" />
  </mem-info>
</gc-end>
<cycle-end id="1628" type="global" contextid="1618" timestamp="2019-08-08T10:56:21.824" />
  <attribute name="elasticGC enabled" value="1" />
  <attribute name= "numThreadsSpecified" value="16" />
  <attribute name="heapSize specified" value="21495808" />
  <attribute name="Current GC Util" value="15" />
  <attribute name= "Current Time Running" value="130216" />
  <attribute name ="GC Interval" value="0" />
  <attribute name="Target GC Util Change" value ="80.000000" />
  <attribute name="Current GC Util Change" value="15.000000"/>
  <attribute name="Current Error" value="-220.000000" />
  <attribute name="Output H" value="21571240"/>
  <attribute name="Output I" value="1616"/>
  <attribute name="Output T" value="16"/>
  <attribute name= "Current Time Running" value="130216" />
  <attribute name="GC Util currently" value="15" />
  <attribute name="CPU Util currently" value="13299534542" />
<allocation-satisfied id="1629" threadId="0000000002035F00" bytesRequested="16" />
<af-end id="1630" timestamp="2019-08-08T10:56:21.824" threadId="0000000002036888" success="true" />
<exclusive-end id="1631" timestamp="2019-08-08T10:56:21.824" durationms="98.807" />

<exclusive-start id="1632" timestamp="2019-08-08T10:56:21.846" intervalms="119.955">
  <response-info timems="0.014" idlems="0.014" threads="0" lastid="0000000002035F00" lastname="main" />
</exclusive-start>
<af-start id="1633" threadId="0000000002036888" totalBytesRequested="24" timestamp="2019-08-08T10:56:21.846" intervalms="119.940" />
<cycle-start id="1634" type="global" contextid="0" timestamp="2019-08-08T10:56:21.846" intervalms="119.943" />
<gc-start id="1635" type="global" contextid="1634" timestamp="2019-08-08T10:56:21.846">
  <mem-info id="1636" free="216064" total="21626880" percent="0">
    <mem type="tenure" free="216064" total="21626880" percent="0">
      <mem type="soa" free="0" total="21410816" percent="0" />
      <mem type="loa" free="216064" total="216064" percent="100" />
    </mem>
  </mem-info>
</gc-start>
<allocation-stats totalBytes="7597120" >
  <allocated-bytes non-tlh="0" tlh="7597120" />
  <largest-consumer threadName="main" threadId="0000000002035F00" bytes="7597120" />
</allocation-stats>
<gc-op id="1637" type="mark" timems="8.757" contextid="1634" timestamp="2019-08-08T10:56:21.855">
  <trace-info objectcount="373345" scancount="316657" scanbytes="8366044" />
  <finalization candidates="81" enqueued="0" />
  <ownableSynchronizers candidates="21" cleared="0" />
  <references type="soft" candidates="1829" cleared="0" enqueued="0" dynamicThreshold="11" maxThreshold="32" />
  <references type="weak" candidates="5512" cleared="0" enqueued="0" />
  <references type="phantom" candidates="98" cleared="0" enqueued="0" />
  <stringconstants candidates="13139" cleared="0"  />
</gc-op>
<gc-op id="1638" type="sweep" timems="1.504" contextid="1634" timestamp="2019-08-08T10:56:21.856" />
<mem-info id="1639" free="7147352" total="21626880" percent="33">
  <mem type="tenure" free="7147352" total="21626880" percent="33" micro-fragmented="23713" macro-fragmented="0">
    <mem type="soa" free="6931288" total="21410816" percent="32" />
    <mem type="loa" free="216064" total="216064" percent="100" />
  </mem>
</mem-info>
<gc-op id="1640" type="compact" timems="97.524" contextid="1634" timestamp="2019-08-08T10:56:21.954">
  <compact-info movecount="356065" movebytes="13310680" reason="compact to aid heap contraction" />
</gc-op>
<heap-resize id="1641" type="expand" space="tenure" amount="131072" count="1" timems="0.018" reason="satisfy allocation request" timestamp="2019-08-08T10:56:21.955" />
<gc-end id="1642" type="global" contextid="1634" durationms="109.498" usertimems="157.884" systemtimems="0.000" timestamp="2019-08-08T10:56:21.955" activeThreads="16">
  <mem-info id="1643" free="7529472" total="21757952" percent="34">
    <mem type="tenure" free="7529472" total="21757952" percent="34">
      <mem type="soa" free="7312384" total="21540864" percent="33" />
      <mem type="loa" free="217088" total="217088" percent="100" />
    </mem>
  </mem-info>
</gc-end>
<cycle-end id="1644" type="global" contextid="1634" timestamp="2019-08-08T10:56:21.955" />
  <attribute name="elasticGC enabled" value="1" />
  <attribute name= "numThreadsSpecified" value="16" />
  <attribute name="heapSize specified" value="21626880" />
  <attribute name="Current GC Util" value="15" />
  <attribute name= "Current Time Running" value="130347" />
  <attribute name ="GC Interval" value="0" />
  <attribute name="Target GC Util Change" value ="80.000000" />
  <attribute name="Current GC Util Change" value="15.000000"/>
  <attribute name="Current Error" value="65.000000" />
  <attribute name="Output H" value="21702640"/>
  <attribute name="Output I" value="2128"/>
  <attribute name="Output T" value="16"/>
  <attribute name= "Current Time Running" value="130347" />
  <attribute name="GC Util currently" value="15" />
  <attribute name="CPU Util currently" value="11815289468" />
<allocation-satisfied id="1645" threadId="0000000002035F00" bytesRequested="24" />
<af-end id="1646" timestamp="2019-08-08T10:56:21.955" threadId="0000000002036888" success="true" />
<exclusive-end id="1647" timestamp="2019-08-08T10:56:21.955" durationms="109.684" />

<exclusive-start id="1648" timestamp="2019-08-08T10:56:21.974" intervalms="128.370">
  <response-info timems="0.023" idlems="0.023" threads="0" lastid="0000000002035F00" lastname="main" />
</exclusive-start>
<af-start id="1649" threadId="0000000002036888" totalBytesRequested="16" timestamp="2019-08-08T10:56:21.974" intervalms="128.386" />
<cycle-start id="1650" type="global" contextid="0" timestamp="2019-08-08T10:56:21.974" intervalms="128.395" />
<gc-start id="1651" type="global" contextid="1650" timestamp="2019-08-08T10:56:21.974">
  <mem-info id="1652" free="217088" total="21757952" percent="0">
    <mem type="tenure" free="217088" total="21757952" percent="0">
      <mem type="soa" free="0" total="21540864" percent="0" />
      <mem type="loa" free="217088" total="217088" percent="100" />
    </mem>
  </mem-info>
</gc-start>
<allocation-stats totalBytes="7368184" >
  <allocated-bytes non-tlh="0" tlh="7368184" />
  <largest-consumer threadName="main" threadId="0000000002035F00" bytes="7368184" />
</allocation-stats>
<gc-op id="1653" type="mark" timems="18.078" contextid="1650" timestamp="2019-08-08T10:56:21.992">
  <trace-info objectcount="388055" scancount="329454" scanbytes="8665856" />
  <finalization candidates="81" enqueued="0" />
  <ownableSynchronizers candidates="21" cleared="0" />
  <references type="soft" candidates="1829" cleared="0" enqueued="0" dynamicThreshold="11" maxThreshold="32" />
  <references type="weak" candidates="5512" cleared="0" enqueued="0" />
  <references type="phantom" candidates="98" cleared="0" enqueued="0" />
  <stringconstants candidates="13139" cleared="0"  />
</gc-op>
<gc-op id="1654" type="sweep" timems="1.789" contextid="1650" timestamp="2019-08-08T10:56:21.994" />
<mem-info id="1655" free="6947184" total="21757952" percent="31">
  <mem type="tenure" free="6947184" total="21757952" percent="31" micro-fragmented="22688" macro-fragmented="0">
    <mem type="soa" free="6730096" total="21540864" percent="31" />
    <mem type="loa" free="217088" total="217088" percent="100" />
  </mem>
</mem-info>
<gc-op id="1656" type="compact" timems="24.088" contextid="1650" timestamp="2019-08-08T10:56:22.018">
  <compact-info movecount="14798" movebytes="352864" reason="compact to aid heap contraction" />
</gc-op>
<heap-resize id="1657" type="expand" space="tenure" amount="131072" count="1" timems="0.023" reason="satisfy allocation request" timestamp="2019-08-08T10:56:22.022" />
<gc-end id="1658" type="global" contextid="1650" durationms="48.024" usertimems="138.799" systemtimems="0.000" timestamp="2019-08-08T10:56:22.022" activeThreads="16">
  <mem-info id="1659" free="7310736" total="21889024" percent="33">
    <mem type="tenure" free="7310736" total="21889024" percent="33">
      <mem type="soa" free="7092624" total="21670912" percent="32" />
      <mem type="loa" free="218112" total="218112" percent="100" />
    </mem>
  </mem-info>
</gc-end>
<cycle-end id="1660" type="global" contextid="1650" timestamp="2019-08-08T10:56:22.022" />
  <attribute name="elasticGC enabled" value="1" />
  <attribute name= "numThreadsSpecified" value="16" />
  <attribute name="heapSize specified" value="21757952" />
  <attribute name="Current GC Util" value="61" />
  <attribute name= "Current Time Running" value="130412" />
  <attribute name ="GC Interval" value="0" />
  <attribute name="Target GC Util Change" value ="80.000000" />
  <attribute name="Current GC Util Change" value="61.000000"/>
  <attribute name="Current Error" value="-788.000000" />
  <attribute name="Output H" value="21832728"/>
  <attribute name="Output I" value="608"/>
  <attribute name="Output T" value="16"/>
  <attribute name= "Current Time Running" value="130412" />
  <attribute name="GC Util currently" value="61" />
  <attribute name="CPU Util currently" value="47784433778" />
<allocation-satisfied id="1661" threadId="0000000002035F00" bytesRequested="16" />
<af-end id="1662" timestamp="2019-08-08T10:56:22.022" threadId="0000000002036888" success="true" />
<exclusive-end id="1663" timestamp="2019-08-08T10:56:22.022" durationms="48.262" />

<exclusive-start id="1664" timestamp="2019-08-08T10:56:22.039" intervalms="64.689">
  <response-info timems="0.013" idlems="0.013" threads="0" lastid="0000000002035F00" lastname="main" />
</exclusive-start>
<af-start id="1665" threadId="0000000002036888" totalBytesRequested="672" timestamp="2019-08-08T10:56:22.039" intervalms="64.674" />
<cycle-start id="1666" type="global" contextid="0" timestamp="2019-08-08T10:56:22.039" intervalms="64.662" />
<gc-start id="1667" type="global" contextid="1666" timestamp="2019-08-08T10:56:22.039">
  <mem-info id="1668" free="218112" total="21889024" percent="0">
    <mem type="tenure" free="218112" total="21889024" percent="0">
      <mem type="soa" free="0" total="21670912" percent="0" />
      <mem type="loa" free="218112" total="218112" percent="100" />
    </mem>
  </mem-info>
</gc-start>
<allocation-stats totalBytes="7148384" >
  <allocated-bytes non-tlh="0" tlh="7148384" />
  <largest-consumer threadName="main" threadId="0000000002035F00" bytes="7148384" />
</allocation-stats>
<gc-op id="1669" type="mark" timems="7.191" contextid="1666" timestamp="2019-08-08T10:56:22.046">
  <trace-info objectcount="402618" scancount="341658" scanbytes="8951696" />
  <finalization candidates="81" enqueued="0" />
  <ownableSynchronizers candidates="21" cleared="0" />
  <references type="soft" candidates="1829" cleared="0" enqueued="0" dynamicThreshold="10" maxThreshold="32" />
  <references type="weak" candidates="5512" cleared="0" enqueued="0" />
  <references type="phantom" candidates="98" cleared="0" enqueued="0" />
  <stringconstants candidates="13139" cleared="0"  />
</gc-op>
<gc-op id="1670" type="sweep" timems="1.499" contextid="1666" timestamp="2019-08-08T10:56:22.048" />
<mem-info id="1671" free="6728160" total="21889024" percent="30">
  <mem type="tenure" free="6728160" total="21889024" percent="30" micro-fragmented="29689" macro-fragmented="0">
    <mem type="soa" free="6510048" total="21670912" percent="30" />
    <mem type="loa" free="218112" total="218112" percent="100" />
  </mem>
</mem-info>
<gc-op id="1672" type="compact" timems="23.514" contextid="1666" timestamp="2019-08-08T10:56:22.071">
  <compact-info movecount="45634" movebytes="1098432" reason="compact to aid heap contraction" />
</gc-op>
<heap-resize id="1673" type="expand" space="tenure" amount="131072" count="1" timems="0.017" reason="satisfy allocation request" timestamp="2019-08-08T10:56:22.072" />
<gc-end id="1674" type="global" contextid="1666" durationms="33.119" usertimems="66.395" systemtimems="0.000" timestamp="2019-08-08T10:56:22.072" activeThreads="16">
  <mem-info id="1675" free="7081784" total="22020096" percent="32">
    <mem type="tenure" free="7081784" total="22020096" percent="32">
      <mem type="soa" free="6861624" total="21799936" percent="31" />
      <mem type="loa" free="220160" total="220160" percent="100" />
    </mem>
  </mem-info>
</gc-end>
<cycle-end id="1676" type="global" contextid="1666" timestamp="2019-08-08T10:56:22.072" />
  <attribute name="elasticGC enabled" value="1" />
  <attribute name= "numThreadsSpecified" value="16" />
  <attribute name="heapSize specified" value="21889024" />
  <attribute name="Current GC Util" value="35" />
  <attribute name= "Current Time Running" value="130465" />
  <attribute name ="GC Interval" value="0" />
  <attribute name="Target GC Util Change" value ="80.000000" />
  <attribute name="Current GC Util Change" value="35.000000"/>
  <attribute name="Current Error" value="-340.000000" />
  <attribute name="Output H" value="21964312"/>
  <attribute name="Output I" value="1408"/>
  <attribute name="Output T" value="16"/>
  <attribute name= "Current Time Running" value="130465" />
  <attribute name="GC Util currently" value="35" />
  <attribute name="CPU Util currently" value="48962071723" />
<allocation-satisfied id="1677" threadId="0000000002035F00" bytesRequested="672" />
<af-end id="1678" timestamp="2019-08-08T10:56:22.072" threadId="0000000002036888" success="true" />
<exclusive-end id="1679" timestamp="2019-08-08T10:56:22.072" durationms="33.307" />

<exclusive-start id="1680" timestamp="2019-08-08T10:56:22.091" intervalms="52.261">
  <response-info timems="0.017" idlems="0.017" threads="0" lastid="0000000002035F00" lastname="main" />
</exclusive-start>
<af-start id="1681" threadId="0000000002036888" totalBytesRequested="648" timestamp="2019-08-08T10:56:22.091" intervalms="52.266" />
<cycle-start id="1682" type="global" contextid="0" timestamp="2019-08-08T10:56:22.091" intervalms="52.269" />
<gc-start id="1683" type="global" contextid="1682" timestamp="2019-08-08T10:56:22.091">
  <mem-info id="1684" free="220160" total="22020096" percent="0">
    <mem type="tenure" free="220160" total="22020096" percent="0">
      <mem type="soa" free="0" total="21799936" percent="0" />
      <mem type="loa" free="220160" total="220160" percent="100" />
    </mem>
  </mem-info>
</gc-start>
<allocation-stats totalBytes="6919064" >
  <allocated-bytes non-tlh="262160" tlh="6656904" />
  <largest-consumer threadName="main" threadId="0000000002035F00" bytes="6919064" />
</allocation-stats>
<gc-op id="1685" type="mark" timems="13.253" contextid="1682" timestamp="2019-08-08T10:56:22.104">
  <trace-info objectcount="416576" scancount="352935" scanbytes="9346924" />
  <finalization candidates="81" enqueued="0" />
  <ownableSynchronizers candidates="21" cleared="0" />
  <references type="soft" candidates="1829" cleared="0" enqueued="0" dynamicThreshold="10" maxThreshold="32" />
  <references type="weak" candidates="5512" cleared="0" enqueued="0" />
  <references type="phantom" candidates="98" cleared="0" enqueued="0" />
  <stringconstants candidates="13139" cleared="0"  />
</gc-op>
<gc-op id="1686" type="sweep" timems="1.862" contextid="1682" timestamp="2019-08-08T10:56:22.106" />
<mem-info id="1687" free="6323712" total="22020096" percent="28">
  <mem type="tenure" free="6323712" total="22020096" percent="28" micro-fragmented="62900" macro-fragmented="0">
    <mem type="soa" free="6103552" total="21799936" percent="27" />
    <mem type="loa" free="220160" total="220160" percent="100" />
  </mem>
</mem-info>
<gc-op id="1688" type="compact" timems="73.778" contextid="1682" timestamp="2019-08-08T10:56:22.180">
  <compact-info movecount="308739" movebytes="7861560" reason="compact to aid heap contraction" />
</gc-op>
<heap-resize id="1689" type="expand" space="tenure" amount="131072" count="1" timems="0.018" reason="satisfy allocation request" timestamp="2019-08-08T10:56:22.181" />
<gc-end id="1690" type="global" contextid="1682" durationms="89.900" usertimems="129.293" systemtimems="0.000" timestamp="2019-08-08T10:56:22.181" activeThreads="16">
  <mem-info id="1691" free="6709344" total="22151168" percent="30">
    <mem type="tenure" free="6709344" total="22151168" percent="30">
      <mem type="soa" free="6488160" total="21929984" percent="29" />
      <mem type="loa" free="221184" total="221184" percent="100" />
    </mem>
  </mem-info>
</gc-end>
<cycle-end id="1692" type="global" contextid="1682" timestamp="2019-08-08T10:56:22.181" />
  <attribute name="elasticGC enabled" value="1" />
  <attribute name= "numThreadsSpecified" value="16" />
  <attribute name="heapSize specified" value="22020096" />
  <attribute name="Current GC Util" value="13" />
  <attribute name= "Current Time Running" value="130574" />
  <attribute name ="GC Interval" value="0" />
  <attribute name="Target GC Util Change" value ="80.000000" />
  <attribute name="Current GC Util Change" value="13.000000"/>
  <attribute name="Current Error" value="67.000000" />
  <attribute name="Output H" value="22095856"/>
  <attribute name="Output I" value="2128"/>
  <attribute name="Output T" value="16"/>
  <attribute name= "Current Time Running" value="130574" />
  <attribute name="GC Util currently" value="13" />
  <attribute name="CPU Util currently" value="15620976426" />
<allocation-satisfied id="1693" threadId="0000000002035F00" bytesRequested="648" />
<af-end id="1694" timestamp="2019-08-08T10:56:22.181" threadId="0000000002036888" success="true" />
<exclusive-end id="1695" timestamp="2019-08-08T10:56:22.181" durationms="90.102" />

<exclusive-start id="1696" timestamp="2019-08-08T10:56:22.197" intervalms="105.606">
  <response-info timems="0.015" idlems="0.015" threads="0" lastid="0000000002035F00" lastname="main" />
</exclusive-start>
<af-start id="1697" threadId="0000000002036888" totalBytesRequested="128" timestamp="2019-08-08T10:56:22.197" intervalms="105.617" />
<cycle-start id="1698" type="global" contextid="0" timestamp="2019-08-08T10:56:22.197" intervalms="105.618" />
<gc-start id="1699" type="global" contextid="1698" timestamp="2019-08-08T10:56:22.197">
  <mem-info id="1700" free="221184" total="22151168" percent="0">
    <mem type="tenure" free="221184" total="22151168" percent="0">
      <mem type="soa" free="0" total="21929984" percent="0" />
      <mem type="loa" free="221184" total="221184" percent="100" />
    </mem>
  </mem-info>
</gc-start>
<allocation-stats totalBytes="6547384" >
  <allocated-bytes non-tlh="0" tlh="6547384" />
  <largest-consumer threadName="main" threadId="0000000002035F00" bytes="6547384" />
</allocation-stats>
<gc-op id="1701" type="mark" timems="10.020" contextid="1698" timestamp="2019-08-08T10:56:22.207">
  <trace-info objectcount="430284" scancount="364286" scanbytes="9612868" />
  <finalization candidates="81" enqueued="0" />
  <ownableSynchronizers candidates="21" cleared="0" />
  <references type="soft" candidates="1829" cleared="0" enqueued="0" dynamicThreshold="9" maxThreshold="32" />
  <references type="weak" candidates="5512" cleared="0" enqueued="0" />
  <references type="phantom" candidates="98" cleared="0" enqueued="0" />
  <stringconstants candidates="13139" cleared="0"  />
</gc-op>
<gc-op id="1702" type="sweep" timems="1.627" contextid="1698" timestamp="2019-08-08T10:56:22.208" />
<mem-info id="1703" free="6192520" total="22151168" percent="27">
  <mem type="tenure" free="6192520" total="22151168" percent="27" micro-fragmented="50275" macro-fragmented="0">
    <mem type="soa" free="5971336" total="21929984" percent="27" />
    <mem type="loa" free="221184" total="221184" percent="100" />
  </mem>
</mem-info>
<gc-op id="1704" type="compact" timems="19.965" contextid="1698" timestamp="2019-08-08T10:56:22.229">
  <compact-info movecount="13773" movebytes="346728" reason="compact to aid heap contraction" />
</gc-op>
<heap-resize id="1705" type="expand" space="tenure" amount="131072" count="1" timems="0.013" reason="satisfy allocation request" timestamp="2019-08-08T10:56:22.229" />
<gc-end id="1706" type="global" contextid="1698" durationms="32.373" usertimems="64.000" systemtimems="0.000" timestamp="2019-08-08T10:56:22.229" activeThreads="16">
  <mem-info id="1707" free="6495504" total="22282240" percent="29">
    <mem type="tenure" free="6495504" total="22282240" percent="29">
      <mem type="soa" free="6273296" total="22060032" percent="28" />
      <mem type="loa" free="222208" total="222208" percent="100" />
    </mem>
  </mem-info>
</gc-end>
<cycle-end id="1708" type="global" contextid="1698" timestamp="2019-08-08T10:56:22.229" />
  <attribute name="elasticGC enabled" value="1" />
  <attribute name= "numThreadsSpecified" value="16" />
  <attribute name="heapSize specified" value="22151168" />
  <attribute name="Current GC Util" value="35" />
  <attribute name= "Current Time Running" value="130622" />
  <attribute name ="GC Interval" value="0" />
  <attribute name="Target GC Util Change" value ="80.000000" />
  <attribute name="Current GC Util Change" value="35.000000"/>
  <attribute name="Current Error" value="-564.000000" />
  <attribute name="Output H" value="22226200"/>
  <attribute name="Output I" value="1008"/>
  <attribute name="Output T" value="16"/>
  <attribute name= "Current Time Running" value="130622" />
  <attribute name="GC Util currently" value="35" />
  <attribute name="CPU Util currently" value="57657725454" />
<allocation-satisfied id="1709" threadId="0000000002035F00" bytesRequested="128" />
<af-end id="1710" timestamp="2019-08-08T10:56:22.229" threadId="0000000002036888" success="true" />
<exclusive-end id="1711" timestamp="2019-08-08T10:56:22.229" durationms="32.559" />

<exclusive-start id="1712" timestamp="2019-08-08T10:56:22.243" intervalms="46.536">
  <response-info timems="0.019" idlems="0.019" threads="0" lastid="0000000002035F00" lastname="main" />
</exclusive-start>
<af-start id="1713" threadId="0000000002036888" totalBytesRequested="88" timestamp="2019-08-08T10:56:22.243" intervalms="46.522" />
<cycle-start id="1714" type="global" contextid="0" timestamp="2019-08-08T10:56:22.243" intervalms="46.519" />
<gc-start id="1715" type="global" contextid="1714" timestamp="2019-08-08T10:56:22.243">
  <mem-info id="1716" free="222208" total="22282240" percent="0">
    <mem type="tenure" free="222208" total="22282240" percent="0">
      <mem type="soa" free="0" total="22060032" percent="0" />
      <mem type="loa" free="222208" total="222208" percent="100" />
    </mem>
  </mem-info>
</gc-start>
<allocation-stats totalBytes="6333440" >
  <allocated-bytes non-tlh="0" tlh="6333440" />
  <largest-consumer threadName="main" threadId="0000000002035F00" bytes="6333440" />
</allocation-stats>
<gc-op id="1717" type="mark" timems="14.361" contextid="1714" timestamp="2019-08-08T10:56:22.258">
  <trace-info objectcount="443872" scancount="376134" scanbytes="9890132" />
  <finalization candidates="81" enqueued="0" />
  <ownableSynchronizers candidates="21" cleared="0" />
  <references type="soft" candidates="1829" cleared="0" enqueued="0" dynamicThreshold="9" maxThreshold="32" />
  <references type="weak" candidates="5512" cleared="0" enqueued="0" />
  <references type="phantom" candidates="98" cleared="0" enqueued="0" />
  <stringconstants candidates="13139" cleared="0"  />
</gc-op>
<gc-op id="1718" type="sweep" timems="7.634" contextid="1714" timestamp="2019-08-08T10:56:22.265" />
<mem-info id="1719" free="5915480" total="22282240" percent="26">
  <mem type="tenure" free="5915480" total="22282240" percent="26" micro-fragmented="26214" macro-fragmented="0">
    <mem type="soa" free="5693272" total="22060032" percent="25" />
    <mem type="loa" free="222208" total="222208" percent="100" />
  </mem>
</mem-info>
<gc-op id="1720" type="compact" timems="26.344" contextid="1714" timestamp="2019-08-08T10:56:22.292">
  <compact-info movecount="13653" movebytes="333992" reason="compact to aid heap contraction" />
</gc-op>
<heap-resize id="1721" type="expand" space="tenure" amount="131072" count="1" timems="0.021" reason="satisfy allocation request" timestamp="2019-08-08T10:56:22.293" />
<gc-end id="1722" type="global" contextid="1714" durationms="50.090" usertimems="90.391" systemtimems="0.000" timestamp="2019-08-08T10:56:22.293" activeThreads="16">
  <mem-info id="1723" free="6294856" total="22413312" percent="28">
    <mem type="tenure" free="6294856" total="22413312" percent="28">
      <mem type="soa" free="6071624" total="22190080" percent="27" />
      <mem type="loa" free="223232" total="223232" percent="100" />
    </mem>
  </mem-info>
</gc-end>
<cycle-end id="1724" type="global" contextid="1714" timestamp="2019-08-08T10:56:22.293" />
  <attribute name="elasticGC enabled" value="1" />
  <attribute name= "numThreadsSpecified" value="16" />
  <attribute name="heapSize specified" value="22282240" />
  <attribute name="Current GC Util" value="96" />
  <attribute name= "Current Time Running" value="130685" />
  <attribute name ="GC Interval" value="0" />
  <attribute name="Target GC Util Change" value ="80.000000" />
  <attribute name="Current GC Util Change" value="96.000000"/>
  <attribute name="Current Error" value="-230.000000" />
  <attribute name="Output H" value="22357656"/>
  <attribute name="Output I" value="1600"/>
  <attribute name="Output T" value="16"/>
  <attribute name= "Current Time Running" value="130685" />
  <attribute name="GC Util currently" value="96" />
  <attribute name="CPU Util currently" value="43673088639" />
<allocation-satisfied id="1725" threadId="0000000002035F00" bytesRequested="88" />
<af-end id="1726" timestamp="2019-08-08T10:56:22.293" threadId="0000000002036888" success="true" />
<exclusive-end id="1727" timestamp="2019-08-08T10:56:22.293" durationms="50.277" />

<exclusive-start id="1728" timestamp="2019-08-08T10:56:22.307" intervalms="64.241">
  <response-info timems="0.014" idlems="0.014" threads="0" lastid="0000000002035F00" lastname="main" />
</exclusive-start>
<af-start id="1729" threadId="0000000002036888" totalBytesRequested="32" timestamp="2019-08-08T10:56:22.307" intervalms="64.238" />
<cycle-start id="1730" type="global" contextid="0" timestamp="2019-08-08T10:56:22.307" intervalms="64.237" />
<gc-start id="1731" type="global" contextid="1730" timestamp="2019-08-08T10:56:22.307">
  <mem-info id="1732" free="223232" total="22413312" percent="0">
    <mem type="tenure" free="223232" total="22413312" percent="0">
      <mem type="soa" free="0" total="22190080" percent="0" />
      <mem type="loa" free="223232" total="223232" percent="100" />
    </mem>
  </mem-info>
</gc-start>
<allocation-stats totalBytes="6129288" >
  <allocated-bytes non-tlh="0" tlh="6129288" />
  <largest-consumer threadName="main" threadId="0000000002035F00" bytes="6129288" />
</allocation-stats>
<gc-op id="1733" type="mark" timems="14.419" contextid="1730" timestamp="2019-08-08T10:56:22.322">
  <trace-info objectcount="456256" scancount="386913" scanbytes="10143248" />
  <finalization candidates="81" enqueued="0" />
  <ownableSynchronizers candidates="21" cleared="0" />
  <references type="soft" candidates="1829" cleared="0" enqueued="0" dynamicThreshold="8" maxThreshold="32" />
  <references type="weak" candidates="5512" cleared="0" enqueued="0" />
  <references type="phantom" candidates="98" cleared="0" enqueued="0" />
  <stringconstants candidates="13139" cleared="0"  />
</gc-op>
<gc-op id="1734" type="sweep" timems="3.720" contextid="1730" timestamp="2019-08-08T10:56:22.326" />
<mem-info id="1735" free="5799416" total="22413312" percent="25">
  <mem type="tenure" free="5799416" total="22413312" percent="25" micro-fragmented="10373" macro-fragmented="0">
    <mem type="soa" free="5576184" total="22190080" percent="25" />
    <mem type="loa" free="223232" total="223232" percent="100" />
  </mem>
</mem-info>
<gc-op id="1736" type="compact" timems="21.964" contextid="1730" timestamp="2019-08-08T10:56:22.348">
  <compact-info movecount="12451" movebytes="312928" reason="compact to aid heap contraction" />
</gc-op>
<heap-resize id="1737" type="expand" space="tenure" amount="131072" count="1" timems="0.018" reason="satisfy allocation request" timestamp="2019-08-08T10:56:22.349" />
<gc-end id="1738" type="global" contextid="1730" durationms="41.145" usertimems="91.602" systemtimems="0.000" timestamp="2019-08-08T10:56:22.349" activeThreads="16">
  <mem-info id="1739" free="6115408" total="22544384" percent="27">
    <mem type="tenure" free="6115408" total="22544384" percent="27">
      <mem type="soa" free="5890128" total="22319104" percent="26" />
      <mem type="loa" free="225280" total="225280" percent="100" />
    </mem>
  </mem-info>
</gc-end>
<cycle-end id="1740" type="global" contextid="1730" timestamp="2019-08-08T10:56:22.349" />
  <attribute name="elasticGC enabled" value="1" />
  <attribute name= "numThreadsSpecified" value="16" />
  <attribute name="heapSize specified" value="22413312" />
  <attribute name="Current GC Util" value="49" />
  <attribute name= "Current Time Running" value="130741" />
  <attribute name ="GC Interval" value="0" />
  <attribute name="Target GC Util Change" value ="80.000000" />
  <attribute name="Current GC Util Change" value="49.000000"/>
  <attribute name="Current Error" value="31.000000" />
  <attribute name="Output H" value="22489032"/>
  <attribute name="Output I" value="2064"/>
  <attribute name="Output T" value="16"/>
  <attribute name= "Current Time Running" value="130741" />
  <attribute name="GC Util currently" value="49" />
  <attribute name="CPU Util currently" value="52404105793" />
<allocation-satisfied id="1741" threadId="0000000002035F00" bytesRequested="32" />
<af-end id="1742" timestamp="2019-08-08T10:56:22.349" threadId="0000000002036888" success="true" />
<exclusive-end id="1743" timestamp="2019-08-08T10:56:22.349" durationms="41.330" />

<exclusive-start id="1744" timestamp="2019-08-08T10:56:22.362" intervalms="54.660">
  <response-info timems="0.017" idlems="0.017" threads="0" lastid="0000000002035F00" lastname="main" />
</exclusive-start>
<af-start id="1745" threadId="0000000002036888" totalBytesRequested="24" timestamp="2019-08-08T10:56:22.362" intervalms="54.661" />
<cycle-start id="1746" type="global" contextid="0" timestamp="2019-08-08T10:56:22.362" intervalms="54.663" />
<gc-start id="1747" type="global" contextid="1746" timestamp="2019-08-08T10:56:22.362">
  <mem-info id="1748" free="225280" total="22544384" percent="0">
    <mem type="tenure" free="225280" total="22544384" percent="0">
      <mem type="soa" free="0" total="22319104" percent="0" />
      <mem type="loa" free="225280" total="225280" percent="100" />
    </mem>
  </mem-info>
</gc-start>
<allocation-stats totalBytes="5948224" >
  <allocated-bytes non-tlh="0" tlh="5948224" />
  <largest-consumer threadName="main" threadId="0000000002035F00" bytes="5948224" />
</allocation-stats>
<gc-op id="1749" type="mark" timems="11.371" contextid="1746" timestamp="2019-08-08T10:56:22.374">
  <trace-info objectcount="468365" scancount="397154" scanbytes="10383024" />
  <finalization candidates="81" enqueued="0" />
  <ownableSynchronizers candidates="21" cleared="0" />
  <references type="soft" candidates="1829" cleared="0" enqueued="0" dynamicThreshold="8" maxThreshold="32" />
  <references type="weak" candidates="5512" cleared="0" enqueued="0" />
  <references type="phantom" candidates="98" cleared="0" enqueued="0" />
  <stringconstants candidates="13139" cleared="0"  />
</gc-op>
<gc-op id="1750" type="sweep" timems="4.119" contextid="1746" timestamp="2019-08-08T10:56:22.378" />
<mem-info id="1751" free="5640544" total="22544384" percent="25">
  <mem type="tenure" free="5640544" total="22544384" percent="25" micro-fragmented="19723" macro-fragmented="0">
    <mem type="soa" free="5415264" total="22319104" percent="24" />
    <mem type="loa" free="225280" total="225280" percent="100" />
  </mem>
</mem-info>
<gc-op id="1752" type="compact" timems="23.786" contextid="1746" timestamp="2019-08-08T10:56:22.402">
  <compact-info movecount="12193" movebytes="303936" reason="compact to aid heap contraction" />
</gc-op>
<heap-resize id="1753" type="expand" space="tenure" amount="131072" count="1" timems="0.019" reason="satisfy allocation request" timestamp="2019-08-08T10:56:22.402" />
<gc-end id="1754" type="global" contextid="1746" durationms="40.333" usertimems="80.870" systemtimems="0.000" timestamp="2019-08-08T10:56:22.402" activeThreads="16">
  <mem-info id="1755" free="5944688" total="22675456" percent="26">
    <mem type="tenure" free="5944688" total="22675456" percent="26">
      <mem type="soa" free="5718384" total="22449152" percent="25" />
      <mem type="loa" free="226304" total="226304" percent="100" />
    </mem>
  </mem-info>
</gc-end>
<cycle-end id="1756" type="global" contextid="1746" timestamp="2019-08-08T10:56:22.402" />
  <attribute name="elasticGC enabled" value="1" />
  <attribute name= "numThreadsSpecified" value="16" />
  <attribute name="heapSize specified" value="22544384" />
  <attribute name="Current GC Util" value="67" />
  <attribute name= "Current Time Running" value="130795" />
  <attribute name ="GC Interval" value="0" />
  <attribute name="Target GC Util Change" value ="80.000000" />
  <attribute name="Current GC Util Change" value="67.000000"/>
  <attribute name="Current Error" value="-307.000000" />
  <attribute name="Output H" value="22619712"/>
  <attribute name="Output I" value="1464"/>
  <attribute name="Output T" value="16"/>
  <attribute name= "Current Time Running" value="130795" />
  <attribute name="GC Util currently" value="67" />
  <attribute name="CPU Util currently" value="48432438263" />
<allocation-satisfied id="1757" threadId="0000000002035F00" bytesRequested="24" />
<af-end id="1758" timestamp="2019-08-08T10:56:22.403" threadId="0000000002036888" success="true" />
<exclusive-end id="1759" timestamp="2019-08-08T10:56:22.403" durationms="40.520" />

<exclusive-start id="1760" timestamp="2019-08-08T10:56:22.414" intervalms="52.467">
  <response-info timems="0.013" idlems="0.013" threads="0" lastid="0000000002035F00" lastname="main" />
</exclusive-start>
<af-start id="1761" threadId="0000000002036888" totalBytesRequested="648" timestamp="2019-08-08T10:56:22.415" intervalms="52.471" />
<cycle-start id="1762" type="global" contextid="0" timestamp="2019-08-08T10:56:22.415" intervalms="52.469" />
<gc-start id="1763" type="global" contextid="1762" timestamp="2019-08-08T10:56:22.415">
  <mem-info id="1764" free="226304" total="22675456" percent="0">
    <mem type="tenure" free="226304" total="22675456" percent="0">
      <mem type="soa" free="0" total="22449152" percent="0" />
      <mem type="loa" free="226304" total="226304" percent="100" />
    </mem>
  </mem-info>
</gc-start>
<allocation-stats totalBytes="5778368" >
  <allocated-bytes non-tlh="0" tlh="5778368" />
  <largest-consumer threadName="main" threadId="0000000002035F00" bytes="5778368" />
</allocation-stats>
<gc-op id="1765" type="mark" timems="14.748" contextid="1762" timestamp="2019-08-08T10:56:22.429">
  <trace-info objectcount="480187" scancount="407087" scanbytes="10615732" />
  <finalization candidates="81" enqueued="0" />
  <ownableSynchronizers candidates="21" cleared="0" />
  <references type="soft" candidates="1829" cleared="0" enqueued="0" dynamicThreshold="8" maxThreshold="32" />
  <references type="weak" candidates="5512" cleared="0" enqueued="0" />
  <references type="phantom" candidates="98" cleared="0" enqueued="0" />
  <stringconstants candidates="13139" cleared="0"  />
</gc-op>
<gc-op id="1766" type="sweep" timems="3.799" contextid="1762" timestamp="2019-08-08T10:56:22.433" />
<mem-info id="1767" free="5478200" total="22675456" percent="24">
  <mem type="tenure" free="5478200" total="22675456" percent="24" micro-fragmented="18564" macro-fragmented="0">
    <mem type="soa" free="5251896" total="22449152" percent="23" />
    <mem type="loa" free="226304" total="226304" percent="100" />
  </mem>
</mem-info>
<gc-op id="1768" type="compact" timems="25.352" contextid="1762" timestamp="2019-08-08T10:56:22.459">
  <compact-info movecount="11889" movebytes="304216" reason="compact to aid heap contraction" />
</gc-op>
<heap-resize id="1769" type="expand" space="tenure" amount="131072" count="1" timems="0.030" reason="satisfy allocation request" timestamp="2019-08-08T10:56:22.460" />
<gc-end id="1770" type="global" contextid="1762" durationms="45.225" usertimems="84.671" systemtimems="13.038" timestamp="2019-08-08T10:56:22.460" activeThreads="16">
  <mem-info id="1771" free="5773256" total="22806528" percent="25">
    <mem type="tenure" free="5773256" total="22806528" percent="25">
      <mem type="soa" free="5545928" total="22579200" percent="24" />
      <mem type="loa" free="227328" total="227328" percent="100" />
    </mem>
  </mem-info>
</gc-end>
<cycle-end id="1772" type="global" contextid="1762" timestamp="2019-08-08T10:56:22.460" />
  <attribute name="elasticGC enabled" value="1" />
  <attribute name= "numThreadsSpecified" value="16" />
  <attribute name="heapSize specified" value="22675456" />
  <attribute name="Current GC Util" value="64" />
  <attribute name= "Current Time Running" value="130852" />
  <attribute name ="GC Interval" value="0" />
  <attribute name="Target GC Util Change" value ="80.000000" />
  <attribute name="Current GC Util Change" value="64.000000"/>
  <attribute name="Current Error" value="-257.000000" />
  <attribute name="Output H" value="22750840"/>
  <attribute name="Output I" value="1552"/>
  <attribute name="Output T" value="16"/>
  <attribute name= "Current Time Running" value="130852" />
  <attribute name="GC Util currently" value="64" />
  <attribute name="CPU Util currently" value="45585536867" />
<allocation-satisfied id="1773" threadId="0000000002035F00" bytesRequested="648" />
<af-end id="1774" timestamp="2019-08-08T10:56:22.460" threadId="0000000002036888" success="true" />
<exclusive-end id="1775" timestamp="2019-08-08T10:56:22.460" durationms="45.426" />

<exclusive-start id="1776" timestamp="2019-08-08T10:56:22.472" intervalms="57.047">
  <response-info timems="0.012" idlems="0.012" threads="0" lastid="0000000002035F00" lastname="main" />
</exclusive-start>
<af-start id="1777" threadId="0000000002036888" totalBytesRequested="16" timestamp="2019-08-08T10:56:22.472" intervalms="57.040" />
<cycle-start id="1778" type="global" contextid="0" timestamp="2019-08-08T10:56:22.472" intervalms="57.040" />
<gc-start id="1779" type="global" contextid="1778" timestamp="2019-08-08T10:56:22.472">
  <mem-info id="1780" free="227328" total="22806528" percent="0">
    <mem type="tenure" free="227328" total="22806528" percent="0">
      <mem type="soa" free="0" total="22579200" percent="0" />
      <mem type="loa" free="227328" total="227328" percent="100" />
    </mem>
  </mem-info>
</gc-start>
<allocation-stats totalBytes="5603800" >
  <allocated-bytes non-tlh="0" tlh="5603800" />
  <largest-consumer threadName="main" threadId="0000000002035F00" bytes="5603800" />
</allocation-stats>
<gc-op id="1781" type="mark" timems="18.123" contextid="1778" timestamp="2019-08-08T10:56:22.490">
  <trace-info objectcount="492594" scancount="417479" scanbytes="10859196" />
  <finalization candidates="81" enqueued="0" />
  <ownableSynchronizers candidates="21" cleared="0" />
  <references type="soft" candidates="1829" cleared="0" enqueued="0" dynamicThreshold="8" maxThreshold="32" />
  <references type="weak" candidates="5512" cleared="0" enqueued="0" />
  <references type="phantom" candidates="98" cleared="0" enqueued="0" />
  <stringconstants candidates="13139" cleared="0"  />
</gc-op>
<gc-op id="1782" type="sweep" timems="5.203" contextid="1778" timestamp="2019-08-08T10:56:22.495" />
<mem-info id="1783" free="5277880" total="22806528" percent="23">
  <mem type="tenure" free="5277880" total="22806528" percent="23" micro-fragmented="22351" macro-fragmented="0">
    <mem type="soa" free="5050552" total="22579200" percent="22" />
    <mem type="loa" free="227328" total="227328" percent="100" />
  </mem>
</mem-info>
<gc-op id="1784" type="compact" timems="33.015" contextid="1778" timestamp="2019-08-08T10:56:22.528">
  <compact-info movecount="12471" movebytes="317504" reason="compact to aid heap contraction" />
</gc-op>
<heap-resize id="1785" type="expand" space="tenure" amount="131072" count="1" timems="0.016" reason="satisfy allocation request" timestamp="2019-08-08T10:56:22.529" />
<gc-end id="1786" type="global" contextid="1778" durationms="57.517" usertimems="65.497" systemtimems="51.333" timestamp="2019-08-08T10:56:22.529" activeThreads="16">
  <mem-info id="1787" free="5588504" total="22937600" percent="24">
    <mem type="tenure" free="5588504" total="22937600" percent="24">
      <mem type="soa" free="5359128" total="22708224" percent="23" />
      <mem type="loa" free="229376" total="229376" percent="100" />
    </mem>
  </mem-info>
</gc-end>
<cycle-end id="1788" type="global" contextid="1778" timestamp="2019-08-08T10:56:22.529" />
  <attribute name="elasticGC enabled" value="1" />
  <attribute name= "numThreadsSpecified" value="16" />
  <attribute name="heapSize specified" value="22806528" />
  <attribute name="Current GC Util" value="91" />
  <attribute name= "Current Time Running" value="130922" />
  <attribute name ="GC Interval" value="0" />
  <attribute name="Target GC Util Change" value ="80.000000" />
  <attribute name="Current GC Util Change" value="91.000000"/>
  <attribute name="Current Error" value="-11.000000" />
  <attribute name="Output H" value="22882200"/>
  <attribute name="Output I" value="1992"/>
  <attribute name="Output T" value="16"/>
  <attribute name= "Current Time Running" value="130922" />
  <attribute name="GC Util currently" value="91" />
  <attribute name="CPU Util currently" value="34869966208" />
<allocation-satisfied id="1789" threadId="0000000002035F00" bytesRequested="16" />
<af-end id="1790" timestamp="2019-08-08T10:56:22.529" threadId="0000000002036888" success="true" />
<exclusive-end id="1791" timestamp="2019-08-08T10:56:22.529" durationms="57.694" />

<exclusive-start id="1792" timestamp="2019-08-08T10:56:22.549" intervalms="77.452">
  <response-info timems="0.020" idlems="0.020" threads="0" lastid="0000000002035F00" lastname="main" />
</exclusive-start>
<af-start id="1793" threadId="0000000002036888" totalBytesRequested="16" timestamp="2019-08-08T10:56:22.549" intervalms="77.442" />
<cycle-start id="1794" type="global" contextid="0" timestamp="2019-08-08T10:56:22.549" intervalms="77.446" />
<gc-start id="1795" type="global" contextid="1794" timestamp="2019-08-08T10:56:22.549">
  <mem-info id="1796" free="229376" total="22937600" percent="1">
    <mem type="tenure" free="229376" total="22937600" percent="1">
      <mem type="soa" free="0" total="22708224" percent="0" />
      <mem type="loa" free="229376" total="229376" percent="100" />
    </mem>
  </mem-info>
</gc-start>
<allocation-stats totalBytes="5417864" >
  <allocated-bytes non-tlh="0" tlh="5417864" />
  <largest-consumer threadName="main" threadId="0000000002035F00" bytes="5417864" />
</allocation-stats>
<gc-op id="1797" type="mark" timems="25.955" contextid="1794" timestamp="2019-08-08T10:56:22.575">
  <trace-info objectcount="503672" scancount="426782" scanbytes="11077200" />
  <finalization candidates="81" enqueued="0" />
  <ownableSynchronizers candidates="21" cleared="0" />
  <references type="soft" candidates="1829" cleared="0" enqueued="0" dynamicThreshold="7" maxThreshold="32" />
  <references type="weak" candidates="5512" cleared="0" enqueued="0" />
  <references type="phantom" candidates="98" cleared="0" enqueued="0" />
  <stringconstants candidates="13139" cleared="0"  />
</gc-op>
<gc-op id="1798" type="sweep" timems="3.974" contextid="1794" timestamp="2019-08-08T10:56:22.579" />
<mem-info id="1799" free="5150896" total="22937600" percent="22">
  <mem type="tenure" free="5150896" total="22937600" percent="22" micro-fragmented="17670" macro-fragmented="0">
    <mem type="soa" free="4921520" total="22708224" percent="21" />
    <mem type="loa" free="229376" total="229376" percent="100" />
  </mem>
</mem-info>
<gc-op id="1800" type="compact" timems="26.623" contextid="1794" timestamp="2019-08-08T10:56:22.606">
  <compact-info movecount="11199" movebytes="277896" reason="compact to aid heap contraction" />
</gc-op>
<heap-resize id="1801" type="expand" space="tenure" amount="131072" count="1" timems="0.020" reason="satisfy allocation request" timestamp="2019-08-08T10:56:22.607" />
<gc-end id="1802" type="global" contextid="1794" durationms="57.499" usertimems="74.053" systemtimems="51.735" timestamp="2019-08-08T10:56:22.607" activeThreads="16">
  <mem-info id="1803" free="5444656" total="23068672" percent="23">
    <mem type="tenure" free="5444656" total="23068672" percent="23">
      <mem type="soa" free="5214256" total="22838272" percent="22" />
      <mem type="loa" free="230400" total="230400" percent="100" />
    </mem>
  </mem-info>
</gc-end>
<cycle-end id="1804" type="global" contextid="1794" timestamp="2019-08-08T10:56:22.607" />
  <attribute name="elasticGC enabled" value="1" />
  <attribute name= "numThreadsSpecified" value="16" />
  <attribute name="heapSize specified" value="22937600" />
  <attribute name="Current GC Util" value="41" />
  <attribute name= "Current Time Running" value="130999" />
  <attribute name ="GC Interval" value="0" />
  <attribute name="Target GC Util Change" value ="80.000000" />
  <attribute name="Current GC Util Change" value="41.000000"/>
  <attribute name="Current Error" value="-249.000000" />
  <attribute name="Output H" value="23013000"/>
  <attribute name="Output I" value="1568"/>
  <attribute name="Output T" value="16"/>
  <attribute name= "Current Time Running" value="130999" />
  <attribute name="GC Util currently" value="41" />
  <attribute name="CPU Util currently" value="43258356320" />
<allocation-satisfied id="1805" threadId="0000000002035F00" bytesRequested="16" />
<af-end id="1806" timestamp="2019-08-08T10:56:22.607" threadId="0000000002036888" success="true" />
<exclusive-end id="1807" timestamp="2019-08-08T10:56:22.607" durationms="57.876" />

<exclusive-start id="1808" timestamp="2019-08-08T10:56:22.619" intervalms="69.647">
  <response-info timems="0.021" idlems="0.021" threads="0" lastid="0000000002035F00" lastname="main" />
</exclusive-start>
<af-start id="1809" threadId="0000000002036888" totalBytesRequested="32" timestamp="2019-08-08T10:56:22.619" intervalms="69.673" />
<cycle-start id="1810" type="global" contextid="0" timestamp="2019-08-08T10:56:22.619" intervalms="69.678" />
<gc-start id="1811" type="global" contextid="1810" timestamp="2019-08-08T10:56:22.619">
  <mem-info id="1812" free="230400" total="23068672" percent="0">
    <mem type="tenure" free="230400" total="23068672" percent="0">
      <mem type="soa" free="0" total="22838272" percent="0" />
      <mem type="loa" free="230400" total="230400" percent="100" />
    </mem>
  </mem-info>
</gc-start>
<allocation-stats totalBytes="5277208" >
  <allocated-bytes non-tlh="1809512" tlh="3467696" />
  <largest-consumer threadName="main" threadId="0000000002035F00" bytes="5277208" />
</allocation-stats>
<gc-op id="1813" type="mark" timems="14.403" contextid="1810" timestamp="2019-08-08T10:56:22.633">
  <trace-info objectcount="510747" scancount="432837" scanbytes="11219524" />
  <finalization candidates="82" enqueued="1" />
  <ownableSynchronizers candidates="21" cleared="0" />
  <references type="soft" candidates="1829" cleared="0" enqueued="0" dynamicThreshold="7" maxThreshold="32" />
  <references type="weak" candidates="5516" cleared="0" enqueued="0" />
  <references type="phantom" candidates="98" cleared="0" enqueued="0" />
  <stringconstants candidates="13139" cleared="0"  />
</gc-op>
<gc-op id="1814" type="sweep" timems="4.463" contextid="1810" timestamp="2019-08-08T10:56:22.638" />
<mem-info id="1815" free="5882488" total="23068672" percent="25">
  <mem type="tenure" free="5882488" total="23068672" percent="25" micro-fragmented="8238" macro-fragmented="0">
    <mem type="soa" free="5652088" total="22838272" percent="24" />
    <mem type="loa" free="230400" total="230400" percent="100" />
  </mem>
  <pending-finalizers system="0" default="1" reference="0" classloader="0" />
</mem-info>
<gc-op id="1816" type="compact" timems="108.412" contextid="1810" timestamp="2019-08-08T10:56:22.747">
  <compact-info movecount="423226" movebytes="12199416" reason="compact to aid heap contraction" />
</gc-op>
<heap-resize id="1817" type="expand" space="tenure" amount="131072" count="1" timems="0.018" reason="satisfy allocation request" timestamp="2019-08-08T10:56:22.747" />
<gc-end id="1818" type="global" contextid="1810" durationms="128.517" usertimems="166.820" systemtimems="3.897" timestamp="2019-08-08T10:56:22.747" activeThreads="16">
  <mem-info id="1819" free="6124368" total="23199744" percent="26">
    <mem type="tenure" free="6124368" total="23199744" percent="26">
      <mem type="soa" free="5892944" total="22968320" percent="25" />
      <mem type="loa" free="231424" total="231424" percent="100" />
    </mem>
    <pending-finalizers system="0" default="1" reference="0" classloader="0" />
  </mem-info>
</gc-end>
<cycle-end id="1820" type="global" contextid="1810" timestamp="2019-08-08T10:56:22.748" />
  <attribute name="elasticGC enabled" value="1" />
  <attribute name= "numThreadsSpecified" value="16" />
  <attribute name="heapSize specified" value="23068672" />
  <attribute name="Current GC Util" value="12" />
  <attribute name= "Current Time Running" value="131140" />
  <attribute name ="GC Interval" value="0" />
  <attribute name="Target GC Util Change" value ="80.000000" />
  <attribute name="Current GC Util Change" value="12.000000"/>
  <attribute name="Current Error" value="-190.000000" />
  <attribute name="Output H" value="23144136"/>
  <attribute name="Output I" value="1672"/>
  <attribute name="Output T" value="16"/>
  <attribute name= "Current Time Running" value="131140" />
  <attribute name="GC Util currently" value="12" />
  <attribute name="CPU Util currently" value="10631186614" />
<allocation-satisfied id="1821" threadId="0000000002035F00" bytesRequested="32" />
<af-end id="1822" timestamp="2019-08-08T10:56:22.748" threadId="0000000002036888" success="true" />
<exclusive-end id="1823" timestamp="2019-08-08T10:56:22.748" durationms="128.921" />

<exclusive-start id="1824" timestamp="2019-08-08T10:56:22.783" intervalms="164.355">
  <response-info timems="0.806" idlems="0.299" threads="2" lastid="0000000002039B00" lastname="JIT Compilation Thread-0" />
</exclusive-start>
<af-start id="1825" threadId="0000000002036888" totalBytesRequested="80" timestamp="2019-08-08T10:56:22.783" intervalms="164.355" />
<cycle-start id="1826" type="global" contextid="0" timestamp="2019-08-08T10:56:22.783" intervalms="164.357" />
<gc-start id="1827" type="global" contextid="1826" timestamp="2019-08-08T10:56:22.783">
  <mem-info id="1828" free="231424" total="23199744" percent="0">
    <mem type="tenure" free="231424" total="23199744" percent="0">
      <mem type="soa" free="0" total="22968320" percent="0" />
      <mem type="loa" free="231424" total="231424" percent="100" />
    </mem>
  </mem-info>
</gc-start>
<allocation-stats totalBytes="5957792" >
  <allocated-bytes non-tlh="0" tlh="5957792" />
  <largest-consumer threadName="main" threadId="0000000002035F00" bytes="5957792" />
</allocation-stats>
<gc-op id="1829" type="mark" timems="17.315" contextid="1826" timestamp="2019-08-08T10:56:22.800">
  <trace-info objectcount="524700" scancount="446791" scanbytes="11561920" />
  <finalization candidates="81" enqueued="0" />
  <ownableSynchronizers candidates="21" cleared="0" />
  <references type="soft" candidates="1829" cleared="0" enqueued="0" dynamicThreshold="8" maxThreshold="32" />
  <references type="weak" candidates="5516" cleared="0" enqueued="0" />
  <references type="phantom" candidates="98" cleared="0" enqueued="0" />
  <stringconstants candidates="13139" cleared="0"  />
</gc-op>
<gc-op id="1830" type="sweep" timems="6.041" contextid="1826" timestamp="2019-08-08T10:56:22.807" />
<mem-info id="1831" free="5302648" total="23199744" percent="22">
  <mem type="tenure" free="5302648" total="23199744" percent="22" micro-fragmented="60232" macro-fragmented="0">
    <mem type="soa" free="5071224" total="22968320" percent="22" />
    <mem type="loa" free="231424" total="231424" percent="100" />
  </mem>
</mem-info>
<gc-op id="1832" type="compact" timems="27.054" contextid="1826" timestamp="2019-08-08T10:56:22.834">
  <compact-info movecount="15370" movebytes="1581624" reason="compact to aid heap contraction" />
</gc-op>
<heap-resize id="1833" type="expand" space="tenure" amount="131072" count="1" timems="0.015" reason="satisfy allocation request" timestamp="2019-08-08T10:56:22.834" />
<gc-end id="1834" type="global" contextid="1826" durationms="51.389" usertimems="96.616" systemtimems="23.761" timestamp="2019-08-08T10:56:22.835" activeThreads="16">
  <mem-info id="1835" free="5923016" total="23330816" percent="25">
    <mem type="tenure" free="5923016" total="23330816" percent="25">
      <mem type="soa" free="5690568" total="23098368" percent="24" />
      <mem type="loa" free="232448" total="232448" percent="100" />
    </mem>
  </mem-info>
</gc-end>
<cycle-end id="1836" type="global" contextid="1826" timestamp="2019-08-08T10:56:22.835" />
  <attribute name="elasticGC enabled" value="1" />
  <attribute name= "numThreadsSpecified" value="16" />
  <attribute name="heapSize specified" value="23199744" />
  <attribute name="Current GC Util" value="55" />
  <attribute name= "Current Time Running" value="131227" />
  <attribute name ="GC Interval" value="0" />
  <attribute name="Target GC Util Change" value ="80.000000" />
  <attribute name="Current GC Util Change" value="55.000000"/>
  <attribute name="Current Error" value="25.000000" />
  <attribute name="Output H" value="23275456"/>
  <attribute name="Output I" value="2056"/>
  <attribute name="Output T" value="16"/>
  <attribute name= "Current Time Running" value="131227" />
  <attribute name="GC Util currently" value="55" />
  <attribute name="CPU Util currently" value="42556180711" />
<allocation-satisfied id="1837" threadId="0000000002035F00" bytesRequested="80" />
<af-end id="1838" timestamp="2019-08-08T10:56:22.835" threadId="0000000002036888" success="true" />
<exclusive-end id="1839" timestamp="2019-08-08T10:56:22.835" durationms="51.617" />

<exclusive-start id="1840" timestamp="2019-08-08T10:56:22.857" intervalms="73.688">
  <response-info timems="0.090" idlems="0.090" threads="0" lastid="0000000002035F00" lastname="main" />
</exclusive-start>
<af-start id="1841" threadId="0000000002036888" totalBytesRequested="32" timestamp="2019-08-08T10:56:22.857" intervalms="73.681" />
<cycle-start id="1842" type="global" contextid="0" timestamp="2019-08-08T10:56:22.857" intervalms="73.746" />
<gc-start id="1843" type="global" contextid="1842" timestamp="2019-08-08T10:56:22.857">
  <mem-info id="1844" free="232448" total="23330816" percent="0">
    <mem type="tenure" free="232448" total="23330816" percent="0">
      <mem type="soa" free="0" total="23098368" percent="0" />
      <mem type="loa" free="232448" total="232448" percent="100" />
    </mem>
  </mem-info>
</gc-start>
<allocation-stats totalBytes="5755384" >
  <allocated-bytes non-tlh="0" tlh="5755384" />
  <largest-consumer threadName="main" threadId="0000000002035F00" bytes="5755384" />
</allocation-stats>
<gc-op id="1845" type="mark" timems="11.380" contextid="1842" timestamp="2019-08-08T10:56:22.868">
  <trace-info objectcount="539024" scancount="461117" scanbytes="11882672" />
  <finalization candidates="81" enqueued="0" />
  <ownableSynchronizers candidates="21" cleared="0" />
  <references type="soft" candidates="1829" cleared="0" enqueued="0" dynamicThreshold="8" maxThreshold="32" />
  <references type="weak" candidates="5516" cleared="0" enqueued="0" />
  <references type="phantom" candidates="98" cleared="0" enqueued="0" />
  <stringconstants candidates="13139" cleared="0"  />
</gc-op>
<gc-op id="1846" type="sweep" timems="2.966" contextid="1842" timestamp="2019-08-08T10:56:22.871" />
<mem-info id="1847" free="5207696" total="23330816" percent="22">
  <mem type="tenure" free="5207696" total="23330816" percent="22" micro-fragmented="35980" macro-fragmented="0">
    <mem type="soa" free="4975248" total="23098368" percent="21" />
    <mem type="loa" free="232448" total="232448" percent="100" />
  </mem>
</mem-info>
<gc-op id="1848" type="compact" timems="33.093" contextid="1842" timestamp="2019-08-08T10:56:22.905">
  <compact-info movecount="14355" movebytes="321624" reason="compact to aid heap contraction" />
</gc-op>
<heap-resize id="1849" type="expand" space="tenure" amount="131072" count="1" timems="0.016" reason="satisfy allocation request" timestamp="2019-08-08T10:56:22.905" />
<gc-end id="1850" type="global" contextid="1842" durationms="48.272" usertimems="84.509" systemtimems="5.940" timestamp="2019-08-08T10:56:22.905" activeThreads="16">
  <mem-info id="1851" free="5733264" total="23461888" percent="24">
    <mem type="tenure" free="5733264" total="23461888" percent="24">
      <mem type="soa" free="5498768" total="23227392" percent="23" />
      <mem type="loa" free="234496" total="234496" percent="100" />
    </mem>
  </mem-info>
</gc-end>
<cycle-end id="1852" type="global" contextid="1842" timestamp="2019-08-08T10:56:22.905" />
  <attribute name="elasticGC enabled" value="1" />
  <attribute name= "numThreadsSpecified" value="16" />
  <attribute name="heapSize specified" value="23330816" />
  <attribute name="Current GC Util" value="54" />
  <attribute name= "Current Time Running" value="131298" />
  <attribute name ="GC Interval" value="0" />
  <attribute name="Target GC Util Change" value ="80.000000" />
  <attribute name="Current GC Util Change" value="54.000000"/>
  <attribute name="Current Error" value="-260.000000" />
  <attribute name="Output H" value="23406200"/>
  <attribute name="Output I" value="1544"/>
  <attribute name="Output T" value="16"/>
  <attribute name= "Current Time Running" value="131298" />
  <attribute name="GC Util currently" value="54" />
  <attribute name="CPU Util currently" value="34806279167" />
<allocation-satisfied id="1853" threadId="0000000002035F00" bytesRequested="32" />
<af-end id="1854" timestamp="2019-08-08T10:56:22.905" threadId="0000000002036888" success="true" />
<exclusive-end id="1855" timestamp="2019-08-08T10:56:22.905" durationms="48.532" />

<exclusive-start id="1856" timestamp="2019-08-08T10:56:22.915" intervalms="58.487">
  <response-info timems="0.059" idlems="0.059" threads="0" lastid="0000000002035F00" lastname="main" />
</exclusive-start>
<af-start id="1857" threadId="0000000002036888" totalBytesRequested="80" timestamp="2019-08-08T10:56:22.915" intervalms="58.481" />
<cycle-start id="1858" type="global" contextid="0" timestamp="2019-08-08T10:56:22.915" intervalms="58.406" />
<gc-start id="1859" type="global" contextid="1858" timestamp="2019-08-08T10:56:22.915">
  <mem-info id="1860" free="234496" total="23461888" percent="0">
    <mem type="tenure" free="234496" total="23461888" percent="0">
      <mem type="soa" free="0" total="23227392" percent="0" />
      <mem type="loa" free="234496" total="234496" percent="100" />
    </mem>
  </mem-info>
</gc-start>
<allocation-stats totalBytes="5563752" >
  <allocated-bytes non-tlh="65544" tlh="5498208" />
  <largest-consumer threadName="main" threadId="0000000002035F00" bytes="5563752" />
</allocation-stats>
<gc-op id="1861" type="mark" timems="13.408" contextid="1858" timestamp="2019-08-08T10:56:22.929">
  <trace-info objectcount="552709" scancount="474792" scanbytes="12221884" />
  <finalization candidates="81" enqueued="0" />
  <ownableSynchronizers candidates="21" cleared="0" />
  <references type="soft" candidates="1829" cleared="0" enqueued="0" dynamicThreshold="7" maxThreshold="32" />
  <references type="weak" candidates="5516" cleared="0" enqueued="0" />
  <references type="phantom" candidates="98" cleared="0" enqueued="0" />
  <stringconstants candidates="13139" cleared="0"  />
</gc-op>
<gc-op id="1862" type="sweep" timems="2.169" contextid="1858" timestamp="2019-08-08T10:56:22.931" />
<mem-info id="1863" free="5014392" total="23461888" percent="21">
  <mem type="tenure" free="5014392" total="23461888" percent="21" micro-fragmented="35908" macro-fragmented="0">
    <mem type="soa" free="4779896" total="23227392" percent="20" />
    <mem type="loa" free="234496" total="234496" percent="100" />
  </mem>
</mem-info>
<gc-op id="1864" type="compact" timems="48.711" contextid="1858" timestamp="2019-08-08T10:56:22.980">
  <compact-info movecount="43249" movebytes="1032512" reason="compact to aid heap contraction" />
</gc-op>
<heap-resize id="1865" type="expand" space="tenure" amount="131072" count="1" timems="0.018" reason="satisfy allocation request" timestamp="2019-08-08T10:56:22.981" />
<gc-end id="1866" type="global" contextid="1858" durationms="65.758" usertimems="95.081" systemtimems="11.266" timestamp="2019-08-08T10:56:22.981" activeThreads="16">
  <mem-info id="1867" free="5524976" total="23592960" percent="23">
    <mem type="tenure" free="5524976" total="23592960" percent="23">
      <mem type="soa" free="5289456" total="23357440" percent="22" />
      <mem type="loa" free="235520" total="235520" percent="100" />
    </mem>
  </mem-info>
</gc-end>
<cycle-end id="1868" type="global" contextid="1858" timestamp="2019-08-08T10:56:22.981" />
  <attribute name="elasticGC enabled" value="1" />
  <attribute name= "numThreadsSpecified" value="16" />
  <attribute name="heapSize specified" value="23461888" />
  <attribute name="Current GC Util" value="32" />
  <attribute name= "Current Time Running" value="131373" />
  <attribute name ="GC Interval" value="0" />
  <attribute name="Target GC Util Change" value ="80.000000" />
  <attribute name="Current GC Util Change" value="32.000000"/>
  <attribute name="Current Error" value="-228.000000" />
  <attribute name="Output H" value="23537312"/>
  <attribute name="Output I" value="1608"/>
  <attribute name="Output T" value="16"/>
  <attribute name= "Current Time Running" value="131373" />
  <attribute name="GC Util currently" value="32" />
  <attribute name="CPU Util currently" value="23651416870" />
<allocation-satisfied id="1869" threadId="0000000002035F00" bytesRequested="80" />
<af-end id="1870" timestamp="2019-08-08T10:56:22.981" threadId="0000000002036888" success="true" />
<exclusive-end id="1871" timestamp="2019-08-08T10:56:22.981" durationms="65.948" />

<exclusive-start id="1872" timestamp="2019-08-08T10:56:22.991" intervalms="75.849">
  <response-info timems="0.706" idlems="0.378" threads="1" lastid="0000000002039B00" lastname="JIT Compilation Thread-0" />
</exclusive-start>
<af-start id="1873" threadId="0000000002036888" totalBytesRequested="16" timestamp="2019-08-08T10:56:22.991" intervalms="75.851" />
<cycle-start id="1874" type="global" contextid="0" timestamp="2019-08-08T10:56:22.991" intervalms="75.849" />
<gc-start id="1875" type="global" contextid="1874" timestamp="2019-08-08T10:56:22.991">
  <mem-info id="1876" free="235520" total="23592960" percent="0">
    <mem type="tenure" free="235520" total="23592960" percent="0">
      <mem type="soa" free="0" total="23357440" percent="0" />
      <mem type="loa" free="235520" total="235520" percent="100" />
    </mem>
  </mem-info>
</gc-start>
<allocation-stats totalBytes="5354264" >
  <allocated-bytes non-tlh="0" tlh="5354264" />
  <largest-consumer threadName="main" threadId="0000000002035F00" bytes="5354264" />
</allocation-stats>
<gc-op id="1877" type="mark" timems="8.028" contextid="1874" timestamp="2019-08-08T10:56:22.999">
  <trace-info objectcount="566271" scancount="488353" scanbytes="12525728" />
  <finalization candidates="81" enqueued="0" />
  <ownableSynchronizers candidates="21" cleared="0" />
  <references type="soft" candidates="1829" cleared="0" enqueued="0" dynamicThreshold="7" maxThreshold="32" />
  <references type="weak" candidates="5516" cleared="0" enqueued="0" />
  <references type="phantom" candidates="98" cleared="0" enqueued="0" />
  <stringconstants candidates="13139" cleared="0"  />
</gc-op>
<gc-op id="1878" type="sweep" timems="2.212" contextid="1874" timestamp="2019-08-08T10:56:23.001" />
<mem-info id="1879" free="4850544" total="23592960" percent="20">
  <mem type="tenure" free="4850544" total="23592960" percent="20" micro-fragmented="41267" macro-fragmented="0">
    <mem type="soa" free="4615024" total="23357440" percent="19" />
    <mem type="loa" free="235520" total="235520" percent="100" />
  </mem>
</mem-info>
<gc-op id="1880" type="compact" timems="35.987" contextid="1874" timestamp="2019-08-08T10:56:23.038">
  <compact-info movecount="13599" movebytes="304984" reason="compact to aid heap contraction" />
</gc-op>
<heap-resize id="1881" type="expand" space="tenure" amount="131072" count="1" timems="0.018" reason="satisfy allocation request" timestamp="2019-08-08T10:56:23.043" />
<gc-end id="1882" type="global" contextid="1874" durationms="51.890" usertimems="92.497" systemtimems="12.819" timestamp="2019-08-08T10:56:23.043" activeThreads="16">
  <mem-info id="1883" free="5352064" total="23724032" percent="22">
    <mem type="tenure" free="5352064" total="23724032" percent="22">
      <mem type="soa" free="5115520" total="23487488" percent="21" />
      <mem type="loa" free="236544" total="236544" percent="100" />
    </mem>
  </mem-info>
</gc-end>
<cycle-end id="1884" type="global" contextid="1874" timestamp="2019-08-08T10:56:23.043" />
  <attribute name="elasticGC enabled" value="1" />
  <attribute name= "numThreadsSpecified" value="16" />
  <attribute name="heapSize specified" value="23592960" />
  <attribute name="Current GC Util" value="38" />
  <attribute name= "Current Time Running" value="131431" />
  <attribute name ="GC Interval" value="0" />
  <attribute name="Target GC Util Change" value ="80.000000" />
  <attribute name="Current GC Util Change" value="38.000000"/>
  <attribute name="Current Error" value="42.000000" />
  <attribute name="Output H" value="23668688"/>
  <attribute name="Output I" value="2088"/>
  <attribute name="Output T" value="16"/>
  <attribute name= "Current Time Running" value="131431" />
  <attribute name="GC Util currently" value="38" />
  <attribute name="CPU Util currently" value="32024265045" />
<allocation-satisfied id="1885" threadId="0000000002035F00" bytesRequested="16" />
<af-end id="1886" timestamp="2019-08-08T10:56:23.043" threadId="0000000002036888" success="true" />
<exclusive-end id="1887" timestamp="2019-08-08T10:56:23.043" durationms="52.088" />

<exclusive-start id="1888" timestamp="2019-08-08T10:56:23.052" intervalms="61.224">
  <response-info timems="0.055" idlems="0.055" threads="0" lastid="0000000002035F00" lastname="main" />
</exclusive-start>
<af-start id="1889" threadId="0000000002036888" totalBytesRequested="32" timestamp="2019-08-08T10:56:23.052" intervalms="61.222" />
<cycle-start id="1890" type="global" contextid="0" timestamp="2019-08-08T10:56:23.052" intervalms="61.224" />
<gc-start id="1891" type="global" contextid="1890" timestamp="2019-08-08T10:56:23.052">
  <mem-info id="1892" free="236544" total="23724032" percent="0">
    <mem type="tenure" free="236544" total="23724032" percent="0">
      <mem type="soa" free="0" total="23487488" percent="0" />
      <mem type="loa" free="236544" total="236544" percent="100" />
    </mem>
  </mem-info>
</gc-start>
<allocation-stats totalBytes="5180464" >
  <allocated-bytes non-tlh="131080" tlh="5049384" />
  <largest-consumer threadName="main" threadId="0000000002035F00" bytes="5180464" />
</allocation-stats>
<gc-op id="1893" type="mark" timems="7.695" contextid="1890" timestamp="2019-08-08T10:56:23.060">
  <trace-info objectcount="578675" scancount="500760" scanbytes="12869120" />
  <finalization candidates="81" enqueued="0" />
  <ownableSynchronizers candidates="21" cleared="0" />
  <references type="soft" candidates="1829" cleared="0" enqueued="0" dynamicThreshold="7" maxThreshold="32" />
  <references type="weak" candidates="5516" cleared="0" enqueued="0" />
  <references type="phantom" candidates="98" cleared="0" enqueued="0" />
  <stringconstants candidates="13139" cleared="0"  />
</gc-op>
<gc-op id="1894" type="sweep" timems="1.874" contextid="1890" timestamp="2019-08-08T10:56:23.062" />
<mem-info id="1895" free="4674168" total="23724032" percent="19">
  <mem type="tenure" free="4674168" total="23724032" percent="19" micro-fragmented="35898" macro-fragmented="0">
    <mem type="soa" free="4437624" total="23487488" percent="18" />
    <mem type="loa" free="236544" total="236544" percent="100" />
  </mem>
</mem-info>
<gc-op id="1896" type="compact" timems="38.078" contextid="1890" timestamp="2019-08-08T10:56:23.100">
  <compact-info movecount="57257" movebytes="1414296" reason="compact to aid heap contraction" />
</gc-op>
<heap-resize id="1897" type="expand" space="tenure" amount="131072" count="1" timems="0.018" reason="satisfy allocation request" timestamp="2019-08-08T10:56:23.101" />
<gc-end id="1898" type="global" contextid="1890" durationms="48.684" usertimems="118.824" systemtimems="0.000" timestamp="2019-08-08T10:56:23.101" activeThreads="16">
  <mem-info id="1899" free="5139824" total="23855104" percent="21">
    <mem type="tenure" free="5139824" total="23855104" percent="21">
      <mem type="soa" free="4902256" total="23617536" percent="20" />
      <mem type="loa" free="237568" total="237568" percent="100" />
    </mem>
  </mem-info>
</gc-end>
<cycle-end id="1900" type="global" contextid="1890" timestamp="2019-08-08T10:56:23.101" />
  <attribute name="elasticGC enabled" value="1" />
  <attribute name= "numThreadsSpecified" value="16" />
  <attribute name="heapSize specified" value="23724032" />
  <attribute name="Current GC Util" value="38" />
  <attribute name= "Current Time Running" value="131494" />
  <attribute name ="GC Interval" value="0" />
  <attribute name="Target GC Util Change" value ="80.000000" />
  <attribute name="Current GC Util Change" value="38.000000"/>
  <attribute name="Current Error" value="-695.000000" />
  <attribute name="Output H" value="23798912"/>
  <attribute name="Output I" value="768"/>
  <attribute name="Output T" value="16"/>
  <attribute name= "Current Time Running" value="131494" />
  <attribute name="GC Util currently" value="38" />
  <attribute name="CPU Util currently" value="30252445372" />
<allocation-satisfied id="1901" threadId="0000000002035F00" bytesRequested="32" />
<af-end id="1902" timestamp="2019-08-08T10:56:23.101" threadId="0000000002036888" success="true" />
<exclusive-end id="1903" timestamp="2019-08-08T10:56:23.101" durationms="48.879" />

-------------------------------------------------------------------------------
PYBENCH 2.0
-------------------------------------------------------------------------------
* using Python 2.5.2
* system check interval set to maximum: 2147483647
* using timer: time.time

<exclusive-start id="1904" timestamp="2019-08-08T10:56:23.120" intervalms="67.835">
  <response-info timems="0.020" idlems="0.020" threads="0" lastid="0000000002035F00" lastname="main" />
</exclusive-start>
<af-start id="1905" threadId="0000000002036888" totalBytesRequested="16" timestamp="2019-08-08T10:56:23.120" intervalms="67.832" />
<cycle-start id="1906" type="global" contextid="0" timestamp="2019-08-08T10:56:23.120" intervalms="67.831" />
<gc-start id="1907" type="global" contextid="1906" timestamp="2019-08-08T10:56:23.120">
  <mem-info id="1908" free="237568" total="23855104" percent="0">
    <mem type="tenure" free="237568" total="23855104" percent="0">
      <mem type="soa" free="0" total="23617536" percent="0" />
      <mem type="loa" free="237568" total="237568" percent="100" />
    </mem>
  </mem-info>
</gc-start>
<allocation-stats totalBytes="4967424" >
  <allocated-bytes non-tlh="3792" tlh="4963632" />
  <largest-consumer threadName="main" threadId="0000000002035F00" bytes="4967424" />
</allocation-stats>
<gc-op id="1909" type="mark" timems="8.523" contextid="1906" timestamp="2019-08-08T10:56:23.129">
  <trace-info objectcount="593382" scancount="514659" scanbytes="13188588" />
  <finalization candidates="81" enqueued="1" />
  <ownableSynchronizers candidates="21" cleared="0" />
  <references type="soft" candidates="1899" cleared="0" enqueued="0" dynamicThreshold="6" maxThreshold="32" />
  <references type="weak" candidates="5560" cleared="2" enqueued="1" />
  <references type="phantom" candidates="98" cleared="0" enqueued="0" />
  <stringconstants candidates="13204" cleared="4"  />
</gc-op>
<gc-op id="1910" type="sweep" timems="1.934" contextid="1906" timestamp="2019-08-08T10:56:23.131" />
<mem-info id="1911" free="5665568" total="23855104" percent="23">
  <mem type="tenure" free="5665568" total="23855104" percent="23" micro-fragmented="32881" macro-fragmented="0">
    <mem type="soa" free="5428000" total="23617536" percent="22" />
    <mem type="loa" free="237568" total="237568" percent="100" />
  </mem>
  <pending-finalizers system="0" default="1" reference="1" classloader="0" />
</mem-info>
<gc-op id="1912" type="compact" timems="161.787" contextid="1906" timestamp="2019-08-08T10:56:23.293">
  <compact-info movecount="580181" movebytes="17231304" reason="compact to aid heap contraction" />
</gc-op>
<heap-resize id="1913" type="expand" space="tenure" amount="131072" count="1" timems="0.018" reason="satisfy allocation request" timestamp="2019-08-08T10:56:23.294" />
<gc-end id="1914" type="global" contextid="1906" durationms="173.560" usertimems="230.334" systemtimems="0.000" timestamp="2019-08-08T10:56:23.294" activeThreads="16">
  <mem-info id="1915" free="6203744" total="23986176" percent="25">
    <mem type="tenure" free="6203744" total="23986176" percent="25">
      <mem type="soa" free="5964128" total="23746560" percent="25" />
      <mem type="loa" free="239616" total="239616" percent="100" />
    </mem>
    <pending-finalizers system="0" default="1" reference="1" classloader="0" />
  </mem-info>
</gc-end>
<cycle-end id="1916" type="global" contextid="1906" timestamp="2019-08-08T10:56:23.294" />
  <attribute name="elasticGC enabled" value="1" />
  <attribute name= "numThreadsSpecified" value="16" />
  <attribute name="heapSize specified" value="23855104" />
  <attribute name="Current GC Util" value="10" />
  <attribute name= "Current Time Running" value="131686" />
  <attribute name ="GC Interval" value="0" />
  <attribute name="Target GC Util Change" value ="80.000000" />
  <attribute name="Current GC Util Change" value="10.000000"/>
  <attribute name="Current Error" value="-443.000000" />
  <attribute name="Output H" value="23930280"/>
  <attribute name="Output I" value="1224"/>
  <attribute name="Output T" value="16"/>
  <attribute name= "Current Time Running" value="131686" />
  <attribute name="GC Util currently" value="10" />
  <attribute name="CPU Util currently" value="7123736407" />
<allocation-satisfied id="1917" threadId="0000000002035F00" bytesRequested="16" />
<af-end id="1918" timestamp="2019-08-08T10:56:23.294" threadId="0000000002036888" success="true" />
<exclusive-end id="1919" timestamp="2019-08-08T10:56:23.294" durationms="173.907" />

Calibrating tests. Please wait...

Running 4 round(s) of the suite at warp factor 10:

<exclusive-start id="1920" timestamp="2019-08-08T10:56:23.419" intervalms="298.833">
  <response-info timems="0.048" idlems="0.048" threads="0" lastid="0000000002035F00" lastname="main" />
</exclusive-start>
<af-start id="1921" threadId="0000000002036888" totalBytesRequested="24" timestamp="2019-08-08T10:56:23.419" intervalms="298.848" />
<cycle-start id="1922" type="global" contextid="0" timestamp="2019-08-08T10:56:23.419" intervalms="298.849" />
<gc-start id="1923" type="global" contextid="1922" timestamp="2019-08-08T10:56:23.419">
  <mem-info id="1924" free="239616" total="23986176" percent="0">
    <mem type="tenure" free="239616" total="23986176" percent="0">
      <mem type="soa" free="0" total="23746560" percent="0" />
      <mem type="loa" free="239616" total="239616" percent="100" />
    </mem>
  </mem-info>
</gc-start>
<allocation-stats totalBytes="5963760" >
  <allocated-bytes non-tlh="16784" tlh="5946976" />
  <largest-consumer threadName="main" threadId="0000000002035F00" bytes="5963760" />
</allocation-stats>
<gc-op id="1925" type="mark" timems="9.870" contextid="1922" timestamp="2019-08-08T10:56:23.429">
  <trace-info objectcount="602447" scancount="523278" scanbytes="13438208" />
  <finalization candidates="80" enqueued="0" />
  <ownableSynchronizers candidates="21" cleared="0" />
  <references type="soft" candidates="4181" cleared="0" enqueued="0" dynamicThreshold="8" maxThreshold="32" />
  <references type="weak" candidates="5572" cleared="2" enqueued="2" />
  <references type="phantom" candidates="98" cleared="1" enqueued="1" />
  <stringconstants candidates="13645" cleared="1"  />
</gc-op>
<gc-op id="1926" type="sweep" timems="2.434" contextid="1922" timestamp="2019-08-08T10:56:23.432" />
<mem-info id="1927" free="5680896" total="23986176" percent="23">
  <mem type="tenure" free="5680896" total="23986176" percent="23" micro-fragmented="268385" macro-fragmented="1500163">
    <mem type="soa" free="5441280" total="23746560" percent="22" />
    <mem type="loa" free="239616" total="239616" percent="100" />
  </mem>
  <pending-finalizers system="0" default="0" reference="3" classloader="0" />
</mem-info>
<gc-op id="1928" type="compact" timems="168.683" contextid="1922" timestamp="2019-08-08T10:56:23.600">
  <compact-info movecount="589266" movebytes="17482216" reason="compact to aid heap contraction" />
</gc-op>
<heap-resize id="1929" type="expand" space="tenure" amount="131072" count="1" timems="0.020" reason="satisfy allocation request" timestamp="2019-08-08T10:56:23.601" />
<gc-end id="1930" type="global" contextid="1922" durationms="182.336" usertimems="238.705" systemtimems="0.000" timestamp="2019-08-08T10:56:23.601" activeThreads="16">
  <mem-info id="1931" free="6018936" total="24117248" percent="24">
    <mem type="tenure" free="6018936" total="24117248" percent="24">
      <mem type="soa" free="5778296" total="23876608" percent="24" />
      <mem type="loa" free="240640" total="240640" percent="100" />
    </mem>
    <pending-finalizers system="0" default="0" reference="3" classloader="0" />
  </mem-info>
</gc-end>
<cycle-end id="1932" type="global" contextid="1922" timestamp="2019-08-08T10:56:23.601" />
  <attribute name="elasticGC enabled" value="1" />
  <attribute name= "numThreadsSpecified" value="16" />
  <attribute name="heapSize specified" value="23986176" />
  <attribute name="Current GC Util" value="10" />
  <attribute name= "Current Time Running" value="131994" />
  <attribute name ="GC Interval" value="0" />
  <attribute name="Target GC Util Change" value ="80.000000" />
  <attribute name="Current GC Util Change" value="10.000000"/>
  <attribute name="Current Error" value="70.000000" />
  <attribute name="Output H" value="24061936"/>
  <attribute name="Output I" value="2136"/>
  <attribute name="Output T" value="16"/>
  <attribute name= "Current Time Running" value="131994" />
  <attribute name="GC Util currently" value="10" />
  <attribute name="CPU Util currently" value="6833360714" />
<allocation-satisfied id="1933" threadId="0000000002035F00" bytesRequested="24" />
<af-end id="1934" timestamp="2019-08-08T10:56:23.601" threadId="0000000002036888" success="true" />
<exclusive-end id="1935" timestamp="2019-08-08T10:56:23.601" durationms="182.544" />

<exclusive-start id="1936" timestamp="2019-08-08T10:56:23.639" intervalms="220.532">
  <response-info timems="0.066" idlems="0.066" threads="0" lastid="0000000002035F00" lastname="main" />
</exclusive-start>
<af-start id="1937" threadId="0000000002036888" totalBytesRequested="24" timestamp="2019-08-08T10:56:23.639" intervalms="220.520" />
<cycle-start id="1938" type="global" contextid="0" timestamp="2019-08-08T10:56:23.639" intervalms="220.519" />
<gc-start id="1939" type="global" contextid="1938" timestamp="2019-08-08T10:56:23.640">
  <mem-info id="1940" free="240640" total="24117248" percent="0">
    <mem type="tenure" free="240640" total="24117248" percent="0">
      <mem type="soa" free="0" total="23876608" percent="0" />
      <mem type="loa" free="240640" total="240640" percent="100" />
    </mem>
  </mem-info>
</gc-start>
<allocation-stats totalBytes="5843536" >
  <allocated-bytes non-tlh="0" tlh="5843536" />
  <largest-consumer threadName="main" threadId="0000000002035F00" bytes="5843536" />
</allocation-stats>
<gc-op id="1941" type="mark" timems="11.119" contextid="1938" timestamp="2019-08-08T10:56:23.651">
  <trace-info objectcount="602443" scancount="523272" scanbytes="13438092" />
  <finalization candidates="80" enqueued="0" />
  <ownableSynchronizers candidates="21" cleared="0" />
  <references type="soft" candidates="4181" cleared="0" enqueued="0" dynamicThreshold="7" maxThreshold="32" />
  <references type="weak" candidates="5570" cleared="0" enqueued="0" />
  <references type="phantom" candidates="97" cleared="0" enqueued="0" />
  <stringconstants candidates="13644" cleared="0"  />
</gc-op>
<gc-op id="1942" type="sweep" timems="1.595" contextid="1938" timestamp="2019-08-08T10:56:23.652" />
<mem-info id="1943" free="6084392" total="24117248" percent="25">
  <mem type="tenure" free="6084392" total="24117248" percent="25" micro-fragmented="0" macro-fragmented="5375357">
    <mem type="soa" free="5843752" total="23876608" percent="24" />
    <mem type="loa" free="240640" total="240640" percent="100" />
  </mem>
</mem-info>
<gc-op id="1944" type="compact" timems="123.504" contextid="1938" timestamp="2019-08-08T10:56:23.776">
  <compact-info movecount="495859" movebytes="12507208" reason="compact to aid heap contraction" />
</gc-op>
<heap-resize id="1945" type="expand" space="tenure" amount="131072" count="1" timems="0.043" reason="satisfy allocation request" timestamp="2019-08-08T10:56:23.778" />
<gc-end id="1946" type="global" contextid="1938" durationms="138.348" usertimems="176.829" systemtimems="0.000" timestamp="2019-08-08T10:56:23.778" activeThreads="16">
  <mem-info id="1947" free="6150144" total="24248320" percent="25">
    <mem type="tenure" free="6150144" total="24248320" percent="25">
      <mem type="soa" free="5908480" total="24006656" percent="24" />
      <mem type="loa" free="241664" total="241664" percent="100" />
    </mem>
  </mem-info>
</gc-end>
<cycle-end id="1948" type="global" contextid="1938" timestamp="2019-08-08T10:56:23.778" />
  <attribute name="elasticGC enabled" value="1" />
  <attribute name= "numThreadsSpecified" value="16" />
  <attribute name="heapSize specified" value="24117248" />
  <attribute name="Current GC Util" value="7" />
  <attribute name= "Current Time Running" value="132169" />
  <attribute name ="GC Interval" value="0" />
  <attribute name="Target GC Util Change" value ="80.000000" />
  <attribute name="Current GC Util Change" value="7.000000"/>
  <attribute name="Current Error" value="-595.000000" />
  <attribute name="Output H" value="24192248"/>
  <attribute name="Output I" value="952"/>
  <attribute name="Output T" value="16"/>
  <attribute name= "Current Time Running" value="132169" />
  <attribute name="GC Util currently" value="7" />
  <attribute name="CPU Util currently" value="9331858462" />
<allocation-satisfied id="1949" threadId="0000000002035F00" bytesRequested="24" />
<af-end id="1950" timestamp="2019-08-08T10:56:23.778" threadId="0000000002036888" success="true" />
<exclusive-end id="1951" timestamp="2019-08-08T10:56:23.778" durationms="138.552" />

<exclusive-start id="1952" timestamp="2019-08-08T10:56:23.805" intervalms="165.609">
  <response-info timems="0.050" idlems="0.050" threads="0" lastid="0000000002035F00" lastname="main" />
</exclusive-start>
<af-start id="1953" threadId="0000000002036888" totalBytesRequested="24" timestamp="2019-08-08T10:56:23.805" intervalms="165.643" />
<cycle-start id="1954" type="global" contextid="0" timestamp="2019-08-08T10:56:23.805" intervalms="165.660" />
<gc-start id="1955" type="global" contextid="1954" timestamp="2019-08-08T10:56:23.805">
  <mem-info id="1956" free="241664" total="24248320" percent="0">
    <mem type="tenure" free="241664" total="24248320" percent="0">
      <mem type="soa" free="0" total="24006656" percent="0" />
      <mem type="loa" free="241664" total="241664" percent="100" />
    </mem>
  </mem-info>
</gc-start>
<allocation-stats totalBytes="5973608" >
  <allocated-bytes non-tlh="0" tlh="5973608" />
  <largest-consumer threadName="main" threadId="0000000002035F00" bytes="5973608" />
</allocation-stats>
<gc-op id="1957" type="mark" timems="9.460" contextid="1954" timestamp="2019-08-08T10:56:23.815">
  <trace-info objectcount="602440" scancount="523268" scanbytes="13438032" />
  <finalization candidates="80" enqueued="0" />
  <ownableSynchronizers candidates="21" cleared="0" />
  <references type="soft" candidates="4181" cleared="0" enqueued="0" dynamicThreshold="8" maxThreshold="32" />
  <references type="weak" candidates="5570" cleared="0" enqueued="0" />
  <references type="phantom" candidates="97" cleared="0" enqueued="0" />
  <stringconstants candidates="13644" cleared="0"  />
</gc-op>
<gc-op id="1958" type="sweep" timems="1.335" contextid="1954" timestamp="2019-08-08T10:56:23.816" />
<mem-info id="1959" free="6215744" total="24248320" percent="25">
  <mem type="tenure" free="6215744" total="24248320" percent="25" micro-fragmented="0" macro-fragmented="0">
    <mem type="soa" free="5974080" total="24006656" percent="24" />
    <mem type="loa" free="241664" total="241664" percent="100" />
  </mem>
</mem-info>
<gc-op id="1960" type="compact" timems="22.944" contextid="1954" timestamp="2019-08-08T10:56:23.839">
  <compact-info movecount="1" movebytes="24" reason="compact to aid heap contraction" />
</gc-op>
<heap-resize id="1961" type="expand" space="tenure" amount="131072" count="1" timems="0.019" reason="satisfy allocation request" timestamp="2019-08-08T10:56:23.841" />
<gc-end id="1962" type="global" contextid="1954" durationms="35.309" usertimems="71.660" systemtimems="0.000" timestamp="2019-08-08T10:56:23.841" activeThreads="16">
  <mem-info id="1963" free="6281280" total="24379392" percent="25">
    <mem type="tenure" free="6281280" total="24379392" percent="25">
      <mem type="soa" free="6037568" total="24135680" percent="25" />
      <mem type="loa" free="243712" total="243712" percent="100" />
    </mem>
  </mem-info>
</gc-end>
<cycle-end id="1964" type="global" contextid="1954" timestamp="2019-08-08T10:56:23.841" />
  <attribute name="elasticGC enabled" value="1" />
  <attribute name= "numThreadsSpecified" value="16" />
  <attribute name="heapSize specified" value="24248320" />
  <attribute name="Current GC Util" value="37" />
  <attribute name= "Current Time Running" value="132233" />
  <attribute name ="GC Interval" value="0" />
  <attribute name="Target GC Util Change" value ="80.000000" />
  <attribute name="Current GC Util Change" value="37.000000"/>
  <attribute name="Current Error" value="-261.000000" />
  <attribute name="Output H" value="24323704"/>
  <attribute name="Output I" value="1544"/>
  <attribute name="Output T" value="16"/>
  <attribute name= "Current Time Running" value="132233" />
  <attribute name="GC Util currently" value="37" />
  <attribute name="CPU Util currently" value="50090716611" />
<allocation-satisfied id="1965" threadId="0000000002035F00" bytesRequested="24" />
<af-end id="1966" timestamp="2019-08-08T10:56:23.841" threadId="0000000002036888" success="true" />
<exclusive-end id="1967" timestamp="2019-08-08T10:56:23.841" durationms="35.576" />

<exclusive-start id="1968" timestamp="2019-08-08T10:56:23.877" intervalms="72.081">
  <response-info timems="0.017" idlems="0.017" threads="0" lastid="0000000002035F00" lastname="main" />
</exclusive-start>
<af-start id="1969" threadId="0000000002036888" totalBytesRequested="32" timestamp="2019-08-08T10:56:23.877" intervalms="72.040" />
<cycle-start id="1970" type="global" contextid="0" timestamp="2019-08-08T10:56:23.877" intervalms="72.025" />
<gc-start id="1971" type="global" contextid="1970" timestamp="2019-08-08T10:56:23.877">
  <mem-info id="1972" free="243712" total="24379392" percent="0">
    <mem type="tenure" free="243712" total="24379392" percent="0">
      <mem type="soa" free="0" total="24135680" percent="0" />
      <mem type="loa" free="243712" total="243712" percent="100" />
    </mem>
  </mem-info>
</gc-start>
<allocation-stats totalBytes="6102840" >
  <allocated-bytes non-tlh="0" tlh="6102840" />
  <largest-consumer threadName="main" threadId="0000000002035F00" bytes="6102840" />
</allocation-stats>
<gc-op id="1973" type="mark" timems="12.741" contextid="1970" timestamp="2019-08-08T10:56:23.890">
  <trace-info objectcount="602454" scancount="523286" scanbytes="13438400" />
  <finalization candidates="80" enqueued="0" />
  <ownableSynchronizers candidates="21" cleared="0" />
  <references type="soft" candidates="4181" cleared="0" enqueued="0" dynamicThreshold="8" maxThreshold="32" />
  <references type="weak" candidates="5572" cleared="0" enqueued="0" />
  <references type="phantom" candidates="97" cleared="0" enqueued="0" />
  <stringconstants candidates="13644" cleared="0"  />
</gc-op>
<gc-op id="1974" type="sweep" timems="3.163" contextid="1970" timestamp="2019-08-08T10:56:23.893" />
<mem-info id="1975" free="6345352" total="24379392" percent="26">
  <mem type="tenure" free="6345352" total="24379392" percent="26" micro-fragmented="0" macro-fragmented="0">
    <mem type="soa" free="6101640" total="24135680" percent="25" />
    <mem type="loa" free="243712" total="243712" percent="100" />
  </mem>
</mem-info>
<gc-op id="1976" type="compact" timems="26.878" contextid="1970" timestamp="2019-08-08T10:56:23.920">
  <compact-info movecount="1458" movebytes="50888" reason="compact to aid heap contraction" />
</gc-op>
<heap-resize id="1977" type="expand" space="tenure" amount="131072" count="1" timems="0.015" reason="satisfy allocation request" timestamp="2019-08-08T10:56:23.921" />
<gc-end id="1978" type="global" contextid="1970" durationms="44.105" usertimems="123.009" systemtimems="0.000" timestamp="2019-08-08T10:56:23.921" activeThreads="16">
  <mem-info id="1979" free="6411976" total="24510464" percent="26">
    <mem type="tenure" free="6411976" total="24510464" percent="26">
      <mem type="soa" free="6167240" total="24265728" percent="25" />
      <mem type="loa" free="244736" total="244736" percent="100" />
    </mem>
  </mem-info>
</gc-end>
<cycle-end id="1980" type="global" contextid="1970" timestamp="2019-08-08T10:56:23.921" />
  <attribute name="elasticGC enabled" value="1" />
  <attribute name= "numThreadsSpecified" value="16" />
  <attribute name="heapSize specified" value="24379392" />
  <attribute name="Current GC Util" value="134" />
  <attribute name= "Current Time Running" value="132314" />
  <attribute name ="GC Interval" value="0" />
  <attribute name="Target GC Util Change" value ="80.000000" />
  <attribute name="Current GC Util Change" value="134.000000"/>
  <attribute name="Current Error" value="-54.000000" />
  <attribute name="Output H" value="24455016"/>
  <attribute name="Output I" value="1912"/>
  <attribute name="Output T" value="16"/>
  <attribute name= "Current Time Running" value="132314" />
  <attribute name="GC Util currently" value="134" />
  <attribute name="CPU Util currently" value="42791744090" />
<allocation-satisfied id="1981" threadId="0000000002035F00" bytesRequested="32" />
<af-end id="1982" timestamp="2019-08-08T10:56:23.921" threadId="0000000002036888" success="true" />
<exclusive-end id="1983" timestamp="2019-08-08T10:56:23.921" durationms="44.271" />

<exclusive-start id="1984" timestamp="2019-08-08T10:56:23.966" intervalms="89.147">
  <response-info timems="1.714" idlems="1.714" threads="0" lastid="0000000002035F00" lastname="main" />
</exclusive-start>
<af-start id="1985" threadId="0000000002036888" totalBytesRequested="32" timestamp="2019-08-08T10:56:23.966" intervalms="89.170" />
<cycle-start id="1986" type="global" contextid="0" timestamp="2019-08-08T10:56:23.966" intervalms="89.173" />
<gc-start id="1987" type="global" contextid="1986" timestamp="2019-08-08T10:56:23.966">
  <mem-info id="1988" free="244736" total="24510464" percent="0">
    <mem type="tenure" free="244736" total="24510464" percent="0">
      <mem type="soa" free="0" total="24265728" percent="0" />
      <mem type="loa" free="244736" total="244736" percent="100" />
    </mem>
  </mem-info>
</gc-start>
<allocation-stats totalBytes="6232272" >
  <allocated-bytes non-tlh="0" tlh="6232272" />
  <largest-consumer threadName="main" threadId="0000000002035F00" bytes="6232272" />
</allocation-stats>
<gc-op id="1989" type="mark" timems="32.386" contextid="1986" timestamp="2019-08-08T10:56:23.999">
  <trace-info objectcount="602455" scancount="523292" scanbytes="13438424" />
  <finalization candidates="80" enqueued="0" />
  <ownableSynchronizers candidates="21" cleared="0" />
  <references type="soft" candidates="4181" cleared="0" enqueued="0" dynamicThreshold="8" maxThreshold="32" />
  <references type="weak" candidates="5572" cleared="0" enqueued="0" />
  <references type="phantom" candidates="97" cleared="0" enqueued="0" />
  <stringconstants candidates="13644" cleared="0"  />
</gc-op>
<gc-op id="1990" type="sweep" timems="3.275" contextid="1986" timestamp="2019-08-08T10:56:24.002" />
<mem-info id="1991" free="6477488" total="24510464" percent="26">
  <mem type="tenure" free="6477488" total="24510464" percent="26" micro-fragmented="0" macro-fragmented="3110739">
    <mem type="soa" free="6232752" total="24265728" percent="25" />
    <mem type="loa" free="244736" total="244736" percent="100" />
  </mem>
</mem-info>
<gc-op id="1992" type="compact" timems="35.959" contextid="1986" timestamp="2019-08-08T10:56:24.038">
  <compact-info movecount="1" movebytes="24" reason="compact to aid heap contraction" />
</gc-op>
<heap-resize id="1993" type="expand" space="tenure" amount="131072" count="1" timems="0.019" reason="satisfy allocation request" timestamp="2019-08-08T10:56:24.039" />
<gc-end id="1994" type="global" contextid="1986" durationms="72.870" usertimems="186.232" systemtimems="0.000" timestamp="2019-08-08T10:56:24.039" activeThreads="16">
  <mem-info id="1995" free="6543024" total="24641536" percent="26">
    <mem type="tenure" free="6543024" total="24641536" percent="26">
      <mem type="soa" free="6297264" total="24395776" percent="25" />
      <mem type="loa" free="245760" total="245760" percent="100" />
    </mem>
  </mem-info>
</gc-end>
<cycle-end id="1996" type="global" contextid="1986" timestamp="2019-08-08T10:56:24.039" />
  <attribute name="elasticGC enabled" value="1" />
  <attribute name= "numThreadsSpecified" value="16" />
  <attribute name="heapSize specified" value="24510464" />
  <attribute name="Current GC Util" value="50" />
  <attribute name= "Current Time Running" value="132432" />
  <attribute name ="GC Interval" value="0" />
  <attribute name="Target GC Util Change" value ="80.000000" />
  <attribute name="Current GC Util Change" value="50.000000"/>
  <attribute name="Current Error" value="-154.000000" />
  <attribute name="Output H" value="24585968"/>
  <attribute name="Output I" value="1736"/>
  <attribute name="Output T" value="16"/>
  <attribute name= "Current Time Running" value="132432" />
  <attribute name="GC Util currently" value="50" />
  <attribute name="CPU Util currently" value="31977630971" />
<allocation-satisfied id="1997" threadId="0000000002035F00" bytesRequested="32" />
<af-end id="1998" timestamp="2019-08-08T10:56:24.039" threadId="0000000002036888" success="true" />
<exclusive-end id="1999" timestamp="2019-08-08T10:56:24.039" durationms="73.136" />

<exclusive-start id="2000" timestamp="2019-08-08T10:56:24.072" intervalms="105.477">
  <response-info timems="0.074" idlems="0.074" threads="0" lastid="0000000002035F00" lastname="main" />
</exclusive-start>
<af-start id="2001" threadId="0000000002036888" totalBytesRequested="32" timestamp="2019-08-08T10:56:24.072" intervalms="105.494" />
<cycle-start id="2002" type="global" contextid="0" timestamp="2019-08-08T10:56:24.072" intervalms="105.491" />
<gc-start id="2003" type="global" contextid="2002" timestamp="2019-08-08T10:56:24.072">
  <mem-info id="2004" free="245760" total="24641536" percent="0">
    <mem type="tenure" free="245760" total="24641536" percent="0">
      <mem type="soa" free="0" total="24395776" percent="0" />
      <mem type="loa" free="245760" total="245760" percent="100" />
    </mem>
  </mem-info>
</gc-start>
<allocation-stats totalBytes="6361864" >
  <allocated-bytes non-tlh="0" tlh="6361864" />
  <largest-consumer threadName="main" threadId="0000000002035F00" bytes="6361864" />
</allocation-stats>
<gc-op id="2005" type="mark" timems="24.819" contextid="2002" timestamp="2019-08-08T10:56:24.097">
  <trace-info objectcount="602455" scancount="523286" scanbytes="13438424" />
  <finalization candidates="80" enqueued="0" />
  <ownableSynchronizers candidates="21" cleared="0" />
  <references type="soft" candidates="4181" cleared="0" enqueued="0" dynamicThreshold="8" maxThreshold="32" />
  <references type="weak" candidates="5572" cleared="0" enqueued="0" />
  <references type="phantom" candidates="97" cleared="0" enqueued="0" />
  <stringconstants candidates="13644" cleared="0"  />
</gc-op>
<gc-op id="2006" type="sweep" timems="2.801" contextid="2002" timestamp="2019-08-08T10:56:24.100" />
<mem-info id="2007" free="6608560" total="24641536" percent="26">
  <mem type="tenure" free="6608560" total="24641536" percent="26" micro-fragmented="0" macro-fragmented="0">
    <mem type="soa" free="6362800" total="24395776" percent="26" />
    <mem type="loa" free="245760" total="245760" percent="100" />
  </mem>
</mem-info>
<gc-op id="2008" type="compact" timems="23.347" contextid="2002" timestamp="2019-08-08T10:56:24.125">
  <compact-info movecount="1" movebytes="24" reason="compact to aid heap contraction" />
</gc-op>
<heap-resize id="2009" type="expand" space="tenure" amount="131072" count="1" timems="0.020" reason="satisfy allocation request" timestamp="2019-08-08T10:56:24.125" />
<gc-end id="2010" type="global" contextid="2002" durationms="53.404" usertimems="173.040" systemtimems="0.000" timestamp="2019-08-08T10:56:24.125" activeThreads="16">
  <mem-info id="2011" free="6674096" total="24772608" percent="26">
    <mem type="tenure" free="6674096" total="24772608" percent="26">
      <mem type="soa" free="6427312" total="24525824" percent="26" />
      <mem type="loa" free="246784" total="246784" percent="100" />
    </mem>
  </mem-info>
</gc-end>
<cycle-end id="2012" type="global" contextid="2002" timestamp="2019-08-08T10:56:24.125" />
  <attribute name="elasticGC enabled" value="1" />
  <attribute name= "numThreadsSpecified" value="16" />
  <attribute name="heapSize specified" value="24641536" />
  <attribute name="Current GC Util" value="47" />
  <attribute name= "Current Time Running" value="132518" />
  <attribute name ="GC Interval" value="0" />
  <attribute name="Target GC Util Change" value ="80.000000" />
  <attribute name="Current GC Util Change" value="47.000000"/>
  <attribute name="Current Error" value="-408.000000" />
  <attribute name="Output H" value="24716752"/>
  <attribute name="Output I" value="1280"/>
  <attribute name="Output T" value="16"/>
  <attribute name= "Current Time Running" value="132518" />
  <attribute name="GC Util currently" value="47" />
  <attribute name="CPU Util currently" value="49331436111" />
<allocation-satisfied id="2013" threadId="0000000002035F00" bytesRequested="32" />
<af-end id="2014" timestamp="2019-08-08T10:56:24.125" threadId="0000000002036888" success="true" />
<exclusive-end id="2015" timestamp="2019-08-08T10:56:24.125" durationms="53.624" />

<exclusive-start id="2016" timestamp="2019-08-08T10:56:24.177" intervalms="105.264">
  <response-info timems="0.039" idlems="0.039" threads="0" lastid="0000000002035F00" lastname="main" />
</exclusive-start>
<af-start id="2017" threadId="0000000002036888" totalBytesRequested="32" timestamp="2019-08-08T10:56:24.177" intervalms="105.228" />
<cycle-start id="2018" type="global" contextid="0" timestamp="2019-08-08T10:56:24.177" intervalms="105.227" />
<gc-start id="2019" type="global" contextid="2018" timestamp="2019-08-08T10:56:24.177">
  <mem-info id="2020" free="246784" total="24772608" percent="0">
    <mem type="tenure" free="246784" total="24772608" percent="0">
      <mem type="soa" free="0" total="24525824" percent="0" />
      <mem type="loa" free="246784" total="246784" percent="100" />
    </mem>
  </mem-info>
</gc-start>
<allocation-stats totalBytes="6491888" >
  <allocated-bytes non-tlh="0" tlh="6491888" />
  <largest-consumer threadName="main" threadId="0000000002035F00" bytes="6491888" />
</allocation-stats>
<gc-op id="2021" type="mark" timems="14.027" contextid="2018" timestamp="2019-08-08T10:56:24.191">
  <trace-info objectcount="602455" scancount="523288" scanbytes="13438424" />
  <finalization candidates="80" enqueued="0" />
  <ownableSynchronizers candidates="21" cleared="0" />
  <references type="soft" candidates="4181" cleared="0" enqueued="0" dynamicThreshold="8" maxThreshold="32" />
  <references type="weak" candidates="5572" cleared="0" enqueued="0" />
  <references type="phantom" candidates="97" cleared="0" enqueued="0" />
  <stringconstants candidates="13644" cleared="0"  />
</gc-op>
<gc-op id="2022" type="sweep" timems="9.456" contextid="2018" timestamp="2019-08-08T10:56:24.201" />
<mem-info id="2023" free="6739568" total="24772608" percent="27">
  <mem type="tenure" free="6739568" total="24772608" percent="27" micro-fragmented="0" macro-fragmented="6450429">
    <mem type="soa" free="6492784" total="24525824" percent="26" />
    <mem type="loa" free="246784" total="246784" percent="100" />
  </mem>
</mem-info>
<gc-op id="2024" type="compact" timems="32.515" contextid="2018" timestamp="2019-08-08T10:56:24.234">
  <compact-info movecount="1" movebytes="24" reason="compact to aid heap contraction" />
</gc-op>
<heap-resize id="2025" type="expand" space="tenure" amount="131072" count="1" timems="0.016" reason="satisfy allocation request" timestamp="2019-08-08T10:56:24.234" />
<gc-end id="2026" type="global" contextid="2018" durationms="57.121" usertimems="128.894" systemtimems="0.000" timestamp="2019-08-08T10:56:24.234" activeThreads="16">
  <mem-info id="2027" free="6805168" total="24903680" percent="27">
    <mem type="tenure" free="6805168" total="24903680" percent="27">
      <mem type="soa" free="6556336" total="24654848" percent="26" />
      <mem type="loa" free="248832" total="248832" percent="100" />
    </mem>
  </mem-info>
</gc-end>
<cycle-end id="2028" type="global" contextid="2018" timestamp="2019-08-08T10:56:24.234" />
  <attribute name="elasticGC enabled" value="1" />
  <attribute name= "numThreadsSpecified" value="16" />
  <attribute name="heapSize specified" value="24772608" />
  <attribute name="Current GC Util" value="40" />
  <attribute name= "Current Time Running" value="132627" />
  <attribute name ="GC Interval" value="0" />
  <attribute name="Target GC Util Change" value ="80.000000" />
  <attribute name="Current GC Util Change" value="40.000000"/>
  <attribute name="Current Error" value="40.000000" />
  <attribute name="Output H" value="24848336"/>
  <attribute name="Output I" value="2080"/>
  <attribute name="Output T" value="16"/>
  <attribute name= "Current Time Running" value="132627" />
  <attribute name="GC Util currently" value="40" />
  <attribute name="CPU Util currently" value="35387328929" />
<allocation-satisfied id="2029" threadId="0000000002035F00" bytesRequested="32" />
<af-end id="2030" timestamp="2019-08-08T10:56:24.234" threadId="0000000002036888" success="true" />
<exclusive-end id="2031" timestamp="2019-08-08T10:56:24.234" durationms="57.305" />

<exclusive-start id="2032" timestamp="2019-08-08T10:56:24.269" intervalms="91.594">
  <response-info timems="0.046" idlems="0.046" threads="0" lastid="0000000002035F00" lastname="main" />
</exclusive-start>
<af-start id="2033" threadId="0000000002036888" totalBytesRequested="32" timestamp="2019-08-08T10:56:24.269" intervalms="91.787" />
<cycle-start id="2034" type="global" contextid="0" timestamp="2019-08-08T10:56:24.269" intervalms="91.796" />
<gc-start id="2035" type="global" contextid="2034" timestamp="2019-08-08T10:56:24.269">
  <mem-info id="2036" free="248832" total="24903680" percent="0">
    <mem type="tenure" free="248832" total="24903680" percent="0">
      <mem type="soa" free="0" total="24654848" percent="0" />
      <mem type="loa" free="248832" total="248832" percent="100" />
    </mem>
  </mem-info>
</gc-start>
<allocation-stats totalBytes="6620864" >
  <allocated-bytes non-tlh="0" tlh="6620864" />
  <largest-consumer threadName="main" threadId="0000000002035F00" bytes="6620864" />
</allocation-stats>
<gc-op id="2037" type="mark" timems="16.540" contextid="2034" timestamp="2019-08-08T10:56:24.286">
  <trace-info objectcount="602430" scancount="523282" scanbytes="13437800" />
  <finalization candidates="80" enqueued="0" />
  <ownableSynchronizers candidates="21" cleared="0" />
  <references type="soft" candidates="4181" cleared="24" enqueued="24" dynamicThreshold="8" maxThreshold="32" />
  <references type="weak" candidates="5572" cleared="0" enqueued="0" />
  <references type="phantom" candidates="97" cleared="0" enqueued="0" />
  <stringconstants candidates="13644" cleared="0"  />
</gc-op>
<gc-op id="2038" type="sweep" timems="3.457" contextid="2034" timestamp="2019-08-08T10:56:24.289" />
<mem-info id="2039" free="6870704" total="24903680" percent="27">
  <mem type="tenure" free="6870704" total="24903680" percent="27" micro-fragmented="0" macro-fragmented="3110739">
    <mem type="soa" free="6621872" total="24654848" percent="26" />
    <mem type="loa" free="248832" total="248832" percent="100" />
  </mem>
  <pending-finalizers system="0" default="0" reference="24" classloader="0" />
</mem-info>
<gc-op id="2040" type="compact" timems="148.100" contextid="2034" timestamp="2019-08-08T10:56:24.437">
  <compact-info movecount="573384" movebytes="16125344" reason="compact to aid heap contraction" />
</gc-op>
<heap-resize id="2041" type="expand" space="tenure" amount="131072" count="1" timems="0.017" reason="satisfy allocation request" timestamp="2019-08-08T10:56:24.438" />
<gc-end id="2042" type="global" contextid="2034" durationms="169.139" usertimems="235.256" systemtimems="0.000" timestamp="2019-08-08T10:56:24.438" activeThreads="16">
  <mem-info id="2043" free="6936872" total="25034752" percent="27">
    <mem type="tenure" free="6936872" total="25034752" percent="27">
      <mem type="soa" free="6687016" total="24784896" percent="26" />
      <mem type="loa" free="249856" total="249856" percent="100" />
    </mem>
    <pending-finalizers system="0" default="0" reference="24" classloader="0" />
  </mem-info>
</gc-end>
<cycle-end id="2044" type="global" contextid="2034" timestamp="2019-08-08T10:56:24.438" />
  <attribute name="elasticGC enabled" value="1" />
  <attribute name= "numThreadsSpecified" value="16" />
  <attribute name="heapSize specified" value="24903680" />
  <attribute name="Current GC Util" value="13" />
  <attribute name= "Current Time Running" value="132831" />
  <attribute name ="GC Interval" value="0" />
  <attribute name="Target GC Util Change" value ="80.000000" />
  <attribute name="Current GC Util Change" value="13.000000"/>
  <attribute name="Current Error" value="-213.000000" />
  <attribute name="Output H" value="24979120"/>
  <attribute name="Output I" value="1632"/>
  <attribute name="Output T" value="16"/>
  <attribute name= "Current Time Running" value="132831" />
  <attribute name="GC Util currently" value="13" />
  <attribute name="CPU Util currently" value="7783476413" />
<allocation-satisfied id="2045" threadId="0000000002035F00" bytesRequested="32" />
<af-end id="2046" timestamp="2019-08-08T10:56:24.438" threadId="0000000002036888" success="true" />
<exclusive-end id="2047" timestamp="2019-08-08T10:56:24.438" durationms="169.525" />

<exclusive-start id="2048" timestamp="2019-08-08T10:56:24.927" intervalms="658.756">
  <response-info timems="0.044" idlems="0.044" threads="0" lastid="0000000002035F00" lastname="main" />
</exclusive-start>
<af-start id="2049" threadId="0000000002036888" totalBytesRequested="24" timestamp="2019-08-08T10:56:24.927" intervalms="658.574" />
<cycle-start id="2050" type="global" contextid="0" timestamp="2019-08-08T10:56:24.927" intervalms="658.567" />
<gc-start id="2051" type="global" contextid="2050" timestamp="2019-08-08T10:56:24.927">
  <mem-info id="2052" free="249856" total="25034752" percent="0">
    <mem type="tenure" free="249856" total="25034752" percent="0">
      <mem type="soa" free="0" total="24784896" percent="0" />
      <mem type="loa" free="249856" total="249856" percent="100" />
    </mem>
  </mem-info>
</gc-start>
<allocation-stats totalBytes="6751592" >
  <allocated-bytes non-tlh="0" tlh="6751592" />
  <largest-consumer threadName="main" threadId="0000000002035F00" bytes="6747496" />
</allocation-stats>
<gc-op id="2053" type="mark" timems="16.378" contextid="2050" timestamp="2019-08-08T10:56:24.944">
  <trace-info objectcount="601337" scancount="522169" scanbytes="13399976" />
  <finalization candidates="80" enqueued="0" />
  <ownableSynchronizers candidates="21" cleared="0" />
  <references type="soft" candidates="4157" cleared="896" enqueued="896" dynamicThreshold="8" maxThreshold="32" />
  <references type="weak" candidates="5572" cleared="0" enqueued="0" />
  <references type="phantom" candidates="97" cleared="0" enqueued="0" />
  <stringconstants candidates="13644" cleared="0"  />
</gc-op>
<gc-op id="2054" type="sweep" timems="2.155" contextid="2050" timestamp="2019-08-08T10:56:24.946" />
<mem-info id="2055" free="7017664" total="25034752" percent="28">
  <mem type="tenure" free="7017664" total="25034752" percent="28" micro-fragmented="26174" macro-fragmented="0">
    <mem type="soa" free="6767808" total="24784896" percent="27" />
    <mem type="loa" free="249856" total="249856" percent="100" />
  </mem>
  <pending-finalizers system="0" default="0" reference="896" classloader="0" />
</mem-info>
<gc-op id="2056" type="compact" timems="30.214" contextid="2050" timestamp="2019-08-08T10:56:24.977">
  <compact-info movecount="10665" movebytes="289992" reason="compact to aid heap contraction" />
</gc-op>
<heap-resize id="2057" type="expand" space="tenure" amount="131072" count="1" timems="0.020" reason="satisfy allocation request" timestamp="2019-08-08T10:56:24.977" />
<gc-end id="2058" type="global" contextid="2050" durationms="49.863" usertimems="76.368" systemtimems="0.000" timestamp="2019-08-08T10:56:24.977" activeThreads="16">
  <mem-info id="2059" free="7106216" total="25165824" percent="28">
    <mem type="tenure" free="7106216" total="25165824" percent="28">
      <mem type="soa" free="6855336" total="24914944" percent="27" />
      <mem type="loa" free="250880" total="250880" percent="100" />
    </mem>
    <pending-finalizers system="0" default="0" reference="896" classloader="0" />
  </mem-info>
</gc-end>
<cycle-end id="2060" type="global" contextid="2050" timestamp="2019-08-08T10:56:24.977" />
  <attribute name="elasticGC enabled" value="1" />
  <attribute name= "numThreadsSpecified" value="16" />
  <attribute name="heapSize specified" value="25034752" />
  <attribute name="Current GC Util" value="26" />
  <attribute name= "Current Time Running" value="133370" />
  <attribute name ="GC Interval" value="0" />
  <attribute name="Target GC Util Change" value ="80.000000" />
  <attribute name="Current GC Util Change" value="26.000000"/>
  <attribute name="Current Error" value="-188.000000" />
  <attribute name="Output H" value="25110216"/>
  <attribute name="Output I" value="1680"/>
  <attribute name="Output T" value="16"/>
  <attribute name= "Current Time Running" value="133370" />
  <attribute name="GC Util currently" value="26" />
  <attribute name="CPU Util currently" value="38089583063" />
<allocation-satisfied id="2061" threadId="0000000002035F00" bytesRequested="24" />
<af-end id="2062" timestamp="2019-08-08T10:56:24.977" threadId="0000000002036888" success="true" />
<exclusive-end id="2063" timestamp="2019-08-08T10:56:24.977" durationms="50.101" />

<exclusive-start id="2064" timestamp="2019-08-08T10:56:26.589" intervalms="1661.991">
  <response-info timems="0.037" idlems="0.037" threads="0" lastid="0000000002035F00" lastname="main" />
</exclusive-start>
<af-start id="2065" threadId="0000000002036888" totalBytesRequested="1168" timestamp="2019-08-08T10:56:26.589" intervalms="1661.990" />
<cycle-start id="2066" type="global" contextid="0" timestamp="2019-08-08T10:56:26.589" intervalms="1661.990" />
<gc-start id="2067" type="global" contextid="2066" timestamp="2019-08-08T10:56:26.589">
  <mem-info id="2068" free="250880" total="25165824" percent="0">
    <mem type="tenure" free="250880" total="25165824" percent="0">
      <mem type="soa" free="0" total="24914944" percent="0" />
      <mem type="loa" free="250880" total="250880" percent="100" />
    </mem>
  </mem-info>
</gc-start>
<allocation-stats totalBytes="6900144" >
  <allocated-bytes non-tlh="64" tlh="6900080" />
  <largest-consumer threadName="main" threadId="0000000002035F00" bytes="6861272" />
</allocation-stats>
<gc-op id="2069" type="mark" timems="9.010" contextid="2066" timestamp="2019-08-08T10:56:26.599">
  <trace-info objectcount="600492" scancount="521383" scanbytes="13382144" />
  <finalization candidates="80" enqueued="0" />
  <ownableSynchronizers candidates="21" cleared="0" />
  <references type="soft" candidates="3261" cleared="0" enqueued="0" dynamicThreshold="9" maxThreshold="32" />
  <references type="weak" candidates="5572" cleared="0" enqueued="0" />
  <references type="phantom" candidates="97" cleared="0" enqueued="0" />
  <stringconstants candidates="13645" cleared="50"  />
</gc-op>
<gc-op id="2070" type="sweep" timems="2.457" contextid="2066" timestamp="2019-08-08T10:56:26.601" />
<mem-info id="2071" free="7186712" total="25165824" percent="28">
  <mem type="tenure" free="7186712" total="25165824" percent="28" micro-fragmented="13370" macro-fragmented="0">
    <mem type="soa" free="6935832" total="24914944" percent="27" />
    <mem type="loa" free="250880" total="250880" percent="100" />
  </mem>
</mem-info>
<gc-op id="2072" type="compact" timems="27.115" contextid="2066" timestamp="2019-08-08T10:56:26.628">
  <compact-info movecount="1692" movebytes="52920" reason="compact to aid heap contraction" />
</gc-op>
<heap-resize id="2073" type="expand" space="tenure" amount="131072" count="1" timems="0.018" reason="satisfy allocation request" timestamp="2019-08-08T10:56:26.629" />
<gc-end id="2074" type="global" contextid="2066" durationms="39.440" usertimems="80.926" systemtimems="0.000" timestamp="2019-08-08T10:56:26.629" activeThreads="16">
  <mem-info id="2075" free="7255792" total="25296896" percent="28">
    <mem type="tenure" free="7255792" total="25296896" percent="28">
      <mem type="soa" free="7002864" total="25043968" percent="27" />
      <mem type="loa" free="252928" total="252928" percent="100" />
    </mem>
  </mem-info>
</gc-end>
<cycle-end id="2076" type="global" contextid="2066" timestamp="2019-08-08T10:56:26.629" />
  <attribute name="elasticGC enabled" value="1" />
  <attribute name= "numThreadsSpecified" value="16" />
  <attribute name="heapSize specified" value="25165824" />
  <attribute name="Current GC Util" value="121" />
  <attribute name= "Current Time Running" value="135022" />
  <attribute name ="GC Interval" value="0" />
  <attribute name="Target GC Util Change" value ="80.000000" />
  <attribute name="Current GC Util Change" value="121.000000"/>
  <attribute name="Current Error" value="-41.000000" />
  <attribute name="Output H" value="25241464"/>
  <attribute name="Output I" value="1936"/>
  <attribute name="Output T" value="16"/>
  <attribute name= "Current Time Running" value="135022" />
  <attribute name="GC Util currently" value="121" />
  <attribute name="CPU Util currently" value="42480576284" />
<allocation-satisfied id="2077" threadId="0000000002035F00" bytesRequested="1168" />
<af-end id="2078" timestamp="2019-08-08T10:56:26.629" threadId="0000000002036888" success="true" />
<exclusive-end id="2079" timestamp="2019-08-08T10:56:26.629" durationms="39.635" />

<exclusive-start id="2080" timestamp="2019-08-08T10:56:26.632" intervalms="42.772">
  <response-info timems="0.042" idlems="0.042" threads="0" lastid="0000000002035F00" lastname="main" />
</exclusive-start>
<af-start id="2081" threadId="0000000002036888" totalBytesRequested="1168" timestamp="2019-08-08T10:56:26.632" intervalms="42.759" />
<cycle-start id="2082" type="global" contextid="0" timestamp="2019-08-08T10:56:26.632" intervalms="42.757" />
<gc-start id="2083" type="global" contextid="2082" timestamp="2019-08-08T10:56:26.632">
  <mem-info id="2084" free="252928" total="25296896" percent="0">
    <mem type="tenure" free="252928" total="25296896" percent="0">
      <mem type="soa" free="0" total="25043968" percent="0" />
      <mem type="loa" free="252928" total="252928" percent="100" />
    </mem>
  </mem-info>
</gc-start>
<allocation-stats totalBytes="7038416" >
  <allocated-bytes non-tlh="0" tlh="7038416" />
  <largest-consumer threadName="main" threadId="0000000002035F00" bytes="7038416" />
</allocation-stats>
<gc-op id="2085" type="mark" timems="9.269" contextid="2082" timestamp="2019-08-08T10:56:26.642">
  <trace-info objectcount="600492" scancount="521378" scanbytes="13382144" />
  <finalization candidates="80" enqueued="0" />
  <ownableSynchronizers candidates="21" cleared="0" />
  <references type="soft" candidates="3261" cleared="0" enqueued="0" dynamicThreshold="9" maxThreshold="32" />
  <references type="weak" candidates="5572" cleared="0" enqueued="0" />
  <references type="phantom" candidates="97" cleared="0" enqueued="0" />
  <stringconstants candidates="13595" cleared="0"  />
</gc-op>
<gc-op id="2086" type="sweep" timems="2.661" contextid="2082" timestamp="2019-08-08T10:56:26.644" />
<mem-info id="2087" free="7321328" total="25296896" percent="28">
  <mem type="tenure" free="7321328" total="25296896" percent="28" micro-fragmented="0" macro-fragmented="6450429">
    <mem type="soa" free="7068400" total="25043968" percent="28" />
    <mem type="loa" free="252928" total="252928" percent="100" />
  </mem>
</mem-info>
<gc-op id="2088" type="compact" timems="25.040" contextid="2082" timestamp="2019-08-08T10:56:26.669">
  <compact-info movecount="1" movebytes="32" reason="compact to aid heap contraction" />
</gc-op>
<heap-resize id="2089" type="expand" space="tenure" amount="131072" count="1" timems="0.018" reason="satisfy allocation request" timestamp="2019-08-08T10:56:26.671" />
<gc-end id="2090" type="global" contextid="2082" durationms="38.369" usertimems="88.178" systemtimems="0.000" timestamp="2019-08-08T10:56:26.671" activeThreads="16">
  <mem-info id="2091" free="7386864" total="25427968" percent="29">
    <mem type="tenure" free="7386864" total="25427968" percent="29">
      <mem type="soa" free="7132912" total="25174016" percent="28" />
      <mem type="loa" free="253952" total="253952" percent="100" />
    </mem>
  </mem-info>
</gc-end>
<cycle-end id="2092" type="global" contextid="2082" timestamp="2019-08-08T10:56:26.671" />
  <attribute name="elasticGC enabled" value="1" />
  <attribute name= "numThreadsSpecified" value="16" />
  <attribute name="heapSize specified" value="25296896" />
  <attribute name="Current GC Util" value="46" />
  <attribute name= "Current Time Running" value="135063" />
  <attribute name ="GC Interval" value="0" />
  <attribute name="Target GC Util Change" value ="80.000000" />
  <attribute name="Current GC Util Change" value="46.000000"/>
  <attribute name="Current Error" value="-642.000000" />
  <attribute name="Output H" value="25371840"/>
  <attribute name="Output I" value="864"/>
  <attribute name="Output T" value="16"/>
  <attribute name= "Current Time Running" value="135063" />
  <attribute name="GC Util currently" value="46" />
  <attribute name="CPU Util currently" value="45969662665" />
<allocation-satisfied id="2093" threadId="0000000002035F00" bytesRequested="1168" />
<af-end id="2094" timestamp="2019-08-08T10:56:26.671" threadId="0000000002036888" success="true" />
<exclusive-end id="2095" timestamp="2019-08-08T10:56:26.671" durationms="38.562" />

<exclusive-start id="2096" timestamp="2019-08-08T10:56:26.676" intervalms="43.515">
  <response-info timems="0.094" idlems="0.094" threads="0" lastid="0000000002035F00" lastname="main" />
</exclusive-start>
<af-start id="2097" threadId="0000000002036888" totalBytesRequested="1168" timestamp="2019-08-08T10:56:26.676" intervalms="43.523" />
<cycle-start id="2098" type="global" contextid="0" timestamp="2019-08-08T10:56:26.676" intervalms="43.524" />
<gc-start id="2099" type="global" contextid="2098" timestamp="2019-08-08T10:56:26.676">
  <mem-info id="2100" free="253952" total="25427968" percent="0">
    <mem type="tenure" free="253952" total="25427968" percent="0">
      <mem type="soa" free="0" total="25174016" percent="0" />
      <mem type="loa" free="253952" total="253952" percent="100" />
    </mem>
  </mem-info>
</gc-start>
<allocation-stats totalBytes="7169008" >
  <allocated-bytes non-tlh="0" tlh="7169008" />
  <largest-consumer threadName="main" threadId="0000000002035F00" bytes="7169008" />
</allocation-stats>
<gc-op id="2101" type="mark" timems="15.630" contextid="2098" timestamp="2019-08-08T10:56:26.691">
  <trace-info objectcount="600492" scancount="521376" scanbytes="13382144" />
  <finalization candidates="80" enqueued="0" />
  <ownableSynchronizers candidates="21" cleared="0" />
  <references type="soft" candidates="3261" cleared="0" enqueued="0" dynamicThreshold="9" maxThreshold="32" />
  <references type="weak" candidates="5572" cleared="0" enqueued="0" />
  <references type="phantom" candidates="97" cleared="0" enqueued="0" />
  <stringconstants candidates="13595" cleared="0"  />
</gc-op>
<gc-op id="2102" type="sweep" timems="1.723" contextid="2098" timestamp="2019-08-08T10:56:26.693" />
<mem-info id="2103" free="7452320" total="25427968" percent="29">
  <mem type="tenure" free="7452320" total="25427968" percent="29" micro-fragmented="0" macro-fragmented="5375357">
    <mem type="soa" free="7198368" total="25174016" percent="28" />
    <mem type="loa" free="253952" total="253952" percent="100" />
  </mem>
</mem-info>
<gc-op id="2104" type="compact" timems="28.571" contextid="2098" timestamp="2019-08-08T10:56:26.722">
  <compact-info movecount="1" movebytes="32" reason="compact to aid heap contraction" />
</gc-op>
<heap-resize id="2105" type="expand" space="tenure" amount="131072" count="1" timems="0.017" reason="satisfy allocation request" timestamp="2019-08-08T10:56:26.724" />
<gc-end id="2106" type="global" contextid="2098" durationms="48.624" usertimems="128.694" systemtimems="0.000" timestamp="2019-08-08T10:56:26.724" activeThreads="16">
  <mem-info id="2107" free="7517936" total="25559040" percent="29">
    <mem type="tenure" free="7517936" total="25559040" percent="29">
      <mem type="soa" free="7262960" total="25304064" percent="28" />
      <mem type="loa" free="254976" total="254976" percent="100" />
    </mem>
  </mem-info>
</gc-end>
<cycle-end id="2108" type="global" contextid="2098" timestamp="2019-08-08T10:56:26.724" />
  <attribute name="elasticGC enabled" value="1" />
  <attribute name= "numThreadsSpecified" value="16" />
  <attribute name="heapSize specified" value="25427968" />
  <attribute name="Current GC Util" value="42" />
  <attribute name= "Current Time Running" value="135115" />
  <attribute name ="GC Interval" value="0" />
  <attribute name="Target GC Util Change" value ="80.000000" />
  <attribute name="Current GC Util Change" value="42.000000"/>
  <attribute name="Current Error" value="-324.000000" />
  <attribute name="Output H" value="25503280"/>
  <attribute name="Output I" value="1432"/>
  <attribute name="Output T" value="16"/>
  <attribute name= "Current Time Running" value="135115" />
  <attribute name="GC Util currently" value="42" />
  <attribute name="CPU Util currently" value="40293569583" />
<allocation-satisfied id="2109" threadId="0000000002035F00" bytesRequested="1168" />
<af-end id="2110" timestamp="2019-08-08T10:56:26.724" threadId="0000000002036888" success="true" />
<exclusive-end id="2111" timestamp="2019-08-08T10:56:26.724" durationms="48.843" />

<exclusive-start id="2112" timestamp="2019-08-08T10:56:26.731" intervalms="55.399">
  <response-info timems="0.043" idlems="0.043" threads="0" lastid="0000000002035F00" lastname="main" />
</exclusive-start>
<af-start id="2113" threadId="0000000002036888" totalBytesRequested="1168" timestamp="2019-08-08T10:56:26.731" intervalms="55.429" />
<cycle-start id="2114" type="global" contextid="0" timestamp="2019-08-08T10:56:26.731" intervalms="55.438" />
<gc-start id="2115" type="global" contextid="2114" timestamp="2019-08-08T10:56:26.731">
  <mem-info id="2116" free="254976" total="25559040" percent="0">
    <mem type="tenure" free="254976" total="25559040" percent="0">
      <mem type="soa" free="0" total="25304064" percent="0" />
      <mem type="loa" free="254976" total="254976" percent="100" />
    </mem>
  </mem-info>
</gc-start>
<allocation-stats totalBytes="7298368" >
  <allocated-bytes non-tlh="0" tlh="7298368" />
  <largest-consumer threadName="main" threadId="0000000002035F00" bytes="7298368" />
</allocation-stats>
<gc-op id="2117" type="mark" timems="13.051" contextid="2114" timestamp="2019-08-08T10:56:26.744">
  <trace-info objectcount="600492" scancount="521378" scanbytes="13382144" />
  <finalization candidates="80" enqueued="0" />
  <ownableSynchronizers candidates="21" cleared="0" />
  <references type="soft" candidates="3261" cleared="0" enqueued="0" dynamicThreshold="9" maxThreshold="32" />
  <references type="weak" candidates="5572" cleared="0" enqueued="0" />
  <references type="phantom" candidates="97" cleared="0" enqueued="0" />
  <stringconstants candidates="13595" cleared="0"  />
</gc-op>
<gc-op id="2118" type="sweep" timems="5.169" contextid="2114" timestamp="2019-08-08T10:56:26.749" />
<mem-info id="2119" free="7583184" total="25559040" percent="29">
  <mem type="tenure" free="7583184" total="25559040" percent="29" micro-fragmented="0" macro-fragmented="6450429">
    <mem type="soa" free="7328208" total="25304064" percent="28" />
    <mem type="loa" free="254976" total="254976" percent="100" />
  </mem>
</mem-info>
<gc-op id="2120" type="compact" timems="21.990" contextid="2114" timestamp="2019-08-08T10:56:26.772">
  <compact-info movecount="1" movebytes="32" reason="compact to aid heap contraction" />
</gc-op>
<heap-resize id="2121" type="expand" space="tenure" amount="131072" count="1" timems="0.019" reason="satisfy allocation request" timestamp="2019-08-08T10:56:26.772" />
<gc-end id="2122" type="global" contextid="2114" durationms="40.967" usertimems="87.228" systemtimems="0.000" timestamp="2019-08-08T10:56:26.772" activeThreads="16">
  <mem-info id="2123" free="7649008" total="25690112" percent="29">
    <mem type="tenure" free="7649008" total="25690112" percent="29">
      <mem type="soa" free="7393008" total="25434112" percent="29" />
      <mem type="loa" free="256000" total="256000" percent="100" />
    </mem>
  </mem-info>
</gc-end>
<cycle-end id="2124" type="global" contextid="2114" timestamp="2019-08-08T10:56:26.772" />
  <attribute name="elasticGC enabled" value="1" />
  <attribute name= "numThreadsSpecified" value="16" />
  <attribute name="heapSize specified" value="25559040" />
  <attribute name="Current GC Util" value="31" />
  <attribute name= "Current Time Running" value="135165" />
  <attribute name ="GC Interval" value="0" />
  <attribute name="Target GC Util Change" value ="80.000000" />
  <attribute name="Current GC Util Change" value="31.000000"/>
  <attribute name="Current Error" value="49.000000" />
  <attribute name="Output H" value="25634776"/>
  <attribute name="Output I" value="2096"/>
  <attribute name="Output T" value="16"/>
  <attribute name= "Current Time Running" value="135165" />
  <attribute name="GC Util currently" value="31" />
  <attribute name="CPU Util currently" value="52338398231" />
<allocation-satisfied id="2125" threadId="0000000002035F00" bytesRequested="1168" />
<af-end id="2126" timestamp="2019-08-08T10:56:26.772" threadId="0000000002036888" success="true" />
<exclusive-end id="2127" timestamp="2019-08-08T10:56:26.772" durationms="41.215" />

<exclusive-start id="2128" timestamp="2019-08-08T10:56:26.776" intervalms="45.061">
  <response-info timems="0.029" idlems="0.029" threads="0" lastid="0000000002035F00" lastname="main" />
</exclusive-start>
<af-start id="2129" threadId="0000000002036888" totalBytesRequested="1168" timestamp="2019-08-08T10:56:26.776" intervalms="45.026" />
<cycle-start id="2130" type="global" contextid="0" timestamp="2019-08-08T10:56:26.776" intervalms="45.015" />
<gc-start id="2131" type="global" contextid="2130" timestamp="2019-08-08T10:56:26.776">
  <mem-info id="2132" free="256000" total="25690112" percent="0">
    <mem type="tenure" free="256000" total="25690112" percent="0">
      <mem type="soa" free="0" total="25434112" percent="0" />
      <mem type="loa" free="256000" total="256000" percent="100" />
    </mem>
  </mem-info>
</gc-start>
<allocation-stats totalBytes="7427728" >
  <allocated-bytes non-tlh="0" tlh="7427728" />
  <largest-consumer threadName="main" threadId="0000000002035F00" bytes="7427728" />
</allocation-stats>
<gc-op id="2133" type="mark" timems="8.135" contextid="2130" timestamp="2019-08-08T10:56:26.784">
  <trace-info objectcount="600492" scancount="521371" scanbytes="13382144" />
  <finalization candidates="80" enqueued="0" />
  <ownableSynchronizers candidates="21" cleared="0" />
  <references type="soft" candidates="3261" cleared="0" enqueued="0" dynamicThreshold="9" maxThreshold="32" />
  <references type="weak" candidates="5572" cleared="0" enqueued="0" />
  <references type="phantom" candidates="97" cleared="0" enqueued="0" />
  <stringconstants candidates="13595" cleared="0"  />
</gc-op>
<gc-op id="2134" type="sweep" timems="1.862" contextid="2130" timestamp="2019-08-08T10:56:26.786" />
<mem-info id="2135" free="7714048" total="25690112" percent="30">
  <mem type="tenure" free="7714048" total="25690112" percent="30" micro-fragmented="0" macro-fragmented="6450429">
    <mem type="soa" free="7458048" total="25434112" percent="29" />
    <mem type="loa" free="256000" total="256000" percent="100" />
  </mem>
</mem-info>
<gc-op id="2136" type="compact" timems="22.378" contextid="2130" timestamp="2019-08-08T10:56:26.809">
  <compact-info movecount="1" movebytes="32" reason="compact to aid heap contraction" />
</gc-op>
<heap-resize id="2137" type="expand" space="tenure" amount="131072" count="1" timems="0.019" reason="satisfy allocation request" timestamp="2019-08-08T10:56:26.809" />
<gc-end id="2138" type="global" contextid="2130" durationms="33.105" usertimems="75.977" systemtimems="0.000" timestamp="2019-08-08T10:56:26.809" activeThreads="16">
  <mem-info id="2139" free="7780080" total="25821184" percent="30">
    <mem type="tenure" free="7780080" total="25821184" percent="30">
      <mem type="soa" free="7522032" total="25563136" percent="29" />
      <mem type="loa" free="258048" total="258048" percent="100" />
    </mem>
  </mem-info>
</gc-end>
<cycle-end id="2140" type="global" contextid="2130" timestamp="2019-08-08T10:56:26.809" />
  <attribute name="elasticGC enabled" value="1" />
  <attribute name= "numThreadsSpecified" value="16" />
  <attribute name="heapSize specified" value="25690112" />
  <attribute name="Current GC Util" value="34" />
  <attribute name= "Current Time Running" value="135202" />
  <attribute name ="GC Interval" value="0" />
  <attribute name="Target GC Util Change" value ="80.000000" />
  <attribute name="Current GC Util Change" value="34.000000"/>
  <attribute name="Current Error" value="-935.000000" />
  <attribute name="Output H" value="25764720"/>
  <attribute name="Output I" value="344"/>
  <attribute name="Output T" value="16"/>
  <attribute name= "Current Time Running" value="135202" />
  <attribute name="GC Util currently" value="34" />
  <attribute name="CPU Util currently" value="51404118531" />
<allocation-satisfied id="2141" threadId="0000000002035F00" bytesRequested="1168" />
<af-end id="2142" timestamp="2019-08-08T10:56:26.809" threadId="0000000002036888" success="true" />
<exclusive-end id="2143" timestamp="2019-08-08T10:56:26.809" durationms="33.290" />

<exclusive-start id="2144" timestamp="2019-08-08T10:56:26.814" intervalms="37.683">
  <response-info timems="0.021" idlems="0.021" threads="0" lastid="0000000002035F00" lastname="main" />
</exclusive-start>
<af-start id="2145" threadId="0000000002036888" totalBytesRequested="1168" timestamp="2019-08-08T10:56:26.814" intervalms="37.734" />
<cycle-start id="2146" type="global" contextid="0" timestamp="2019-08-08T10:56:26.814" intervalms="37.738" />
<gc-start id="2147" type="global" contextid="2146" timestamp="2019-08-08T10:56:26.814">
  <mem-info id="2148" free="258048" total="25821184" percent="0">
    <mem type="tenure" free="258048" total="25821184" percent="0">
      <mem type="soa" free="0" total="25563136" percent="0" />
      <mem type="loa" free="258048" total="258048" percent="100" />
    </mem>
  </mem-info>
</gc-start>
<allocation-stats totalBytes="7555856" >
  <allocated-bytes non-tlh="0" tlh="7555856" />
  <largest-consumer threadName="main" threadId="0000000002035F00" bytes="7555856" />
</allocation-stats>
<gc-op id="2149" type="mark" timems="11.153" contextid="2146" timestamp="2019-08-08T10:56:26.825">
  <trace-info objectcount="600492" scancount="521414" scanbytes="13382144" />
  <finalization candidates="80" enqueued="0" />
  <ownableSynchronizers candidates="21" cleared="0" />
  <references type="soft" candidates="3261" cleared="0" enqueued="0" dynamicThreshold="9" maxThreshold="32" />
  <references type="weak" candidates="5572" cleared="0" enqueued="0" />
  <references type="phantom" candidates="97" cleared="0" enqueued="0" />
  <stringconstants candidates="13595" cleared="0"  />
</gc-op>
<gc-op id="2150" type="sweep" timems="1.824" contextid="2146" timestamp="2019-08-08T10:56:26.827" />
<mem-info id="2151" free="7845616" total="25821184" percent="30">
  <mem type="tenure" free="7845616" total="25821184" percent="30" micro-fragmented="0" macro-fragmented="6450429">
    <mem type="soa" free="7587568" total="25563136" percent="29" />
    <mem type="loa" free="258048" total="258048" percent="100" />
  </mem>
</mem-info>
<gc-op id="2152" type="compact" timems="22.341" contextid="2146" timestamp="2019-08-08T10:56:26.849">
  <compact-info movecount="1" movebytes="32" reason="compact to aid heap contraction" />
</gc-op>
<heap-resize id="2153" type="expand" space="tenure" amount="131072" count="1" timems="0.016" reason="satisfy allocation request" timestamp="2019-08-08T10:56:26.850" />
<gc-end id="2154" type="global" contextid="2146" durationms="36.115" usertimems="86.268" systemtimems="0.000" timestamp="2019-08-08T10:56:26.850" activeThreads="16">
  <mem-info id="2155" free="7911152" total="25952256" percent="30">
    <mem type="tenure" free="7911152" total="25952256" percent="30">
      <mem type="soa" free="7652080" total="25693184" percent="29" />
      <mem type="loa" free="259072" total="259072" percent="100" />
    </mem>
  </mem-info>
</gc-end>
<cycle-end id="2156" type="global" contextid="2146" timestamp="2019-08-08T10:56:26.850" />
  <attribute name="elasticGC enabled" value="1" />
  <attribute name= "numThreadsSpecified" value="16" />
  <attribute name="heapSize specified" value="25821184" />
  <attribute name="Current GC Util" value="42" />
  <attribute name= "Current Time Running" value="135243" />
  <attribute name ="GC Interval" value="0" />
  <attribute name="Target GC Util Change" value ="80.000000" />
  <attribute name="Current GC Util Change" value="42.000000"/>
  <attribute name="Current Error" value="-383.000000" />
  <attribute name="Output H" value="25896424"/>
  <attribute name="Output I" value="1328"/>
  <attribute name="Output T" value="16"/>
  <attribute name= "Current Time Running" value="135243" />
  <attribute name="GC Util currently" value="42" />
  <attribute name="CPU Util currently" value="51541220393" />
<allocation-satisfied id="2157" threadId="0000000002035F00" bytesRequested="1168" />
<af-end id="2158" timestamp="2019-08-08T10:56:26.850" threadId="0000000002036888" success="true" />
<exclusive-end id="2159" timestamp="2019-08-08T10:56:26.850" durationms="36.363" />

<exclusive-start id="2160" timestamp="2019-08-08T10:56:26.853" intervalms="39.250">
  <response-info timems="0.035" idlems="0.035" threads="0" lastid="0000000002035F00" lastname="main" />
</exclusive-start>
<af-start id="2161" threadId="0000000002036888" totalBytesRequested="1168" timestamp="2019-08-08T10:56:26.853" intervalms="39.198" />
<cycle-start id="2162" type="global" contextid="0" timestamp="2019-08-08T10:56:26.853" intervalms="39.195" />
<gc-start id="2163" type="global" contextid="2162" timestamp="2019-08-08T10:56:26.853">
  <mem-info id="2164" free="259072" total="25952256" percent="0">
    <mem type="tenure" free="259072" total="25952256" percent="0">
      <mem type="soa" free="0" total="25693184" percent="0" />
      <mem type="loa" free="259072" total="259072" percent="100" />
    </mem>
  </mem-info>
</gc-start>
<allocation-stats totalBytes="7685216" >
  <allocated-bytes non-tlh="0" tlh="7685216" />
  <largest-consumer threadName="main" threadId="0000000002035F00" bytes="7685216" />
</allocation-stats>
<gc-op id="2165" type="mark" timems="14.555" contextid="2162" timestamp="2019-08-08T10:56:26.868">
  <trace-info objectcount="600492" scancount="521379" scanbytes="13382144" />
  <finalization candidates="80" enqueued="0" />
  <ownableSynchronizers candidates="21" cleared="0" />
  <references type="soft" candidates="3261" cleared="0" enqueued="0" dynamicThreshold="9" maxThreshold="32" />
  <references type="weak" candidates="5572" cleared="0" enqueued="0" />
  <references type="phantom" candidates="97" cleared="0" enqueued="0" />
  <stringconstants candidates="13595" cleared="0"  />
</gc-op>
<gc-op id="2166" type="sweep" timems="9.303" contextid="2162" timestamp="2019-08-08T10:56:26.877" />
<mem-info id="2167" free="7976688" total="25952256" percent="30">
  <mem type="tenure" free="7976688" total="25952256" percent="30" micro-fragmented="0" macro-fragmented="0">
    <mem type="soa" free="7717616" total="25693184" percent="30" />
    <mem type="loa" free="259072" total="259072" percent="100" />
  </mem>
</mem-info>
<gc-op id="2168" type="compact" timems="33.166" contextid="2162" timestamp="2019-08-08T10:56:26.910">
  <compact-info movecount="1" movebytes="32" reason="compact to aid heap contraction" />
</gc-op>
<heap-resize id="2169" type="expand" space="tenure" amount="131072" count="1" timems="0.020" reason="satisfy allocation request" timestamp="2019-08-08T10:56:26.911" />
<gc-end id="2170" type="global" contextid="2162" durationms="58.050" usertimems="119.399" systemtimems="0.000" timestamp="2019-08-08T10:56:26.911" activeThreads="16">
  <mem-info id="2171" free="8042224" total="26083328" percent="30">
    <mem type="tenure" free="8042224" total="26083328" percent="30">
      <mem type="soa" free="7782128" total="25823232" percent="30" />
      <mem type="loa" free="260096" total="260096" percent="100" />
    </mem>
  </mem-info>
</gc-end>
<cycle-end id="2172" type="global" contextid="2162" timestamp="2019-08-08T10:56:26.911" />
  <attribute name="elasticGC enabled" value="1" />
  <attribute name= "numThreadsSpecified" value="16" />
  <attribute name="heapSize specified" value="25952256" />
  <attribute name="Current GC Util" value="19" />
  <attribute name= "Current Time Running" value="135304" />
  <attribute name ="GC Interval" value="0" />
  <attribute name="Target GC Util Change" value ="80.000000" />
  <attribute name="Current GC Util Change" value="19.000000"/>
  <attribute name="Current Error" value="61.000000" />
  <attribute name="Output H" value="26028008"/>
  <attribute name="Output I" value="2120"/>
  <attribute name="Output T" value="16"/>
  <attribute name= "Current Time Running" value="135304" />
  <attribute name="GC Util currently" value="19" />
  <attribute name="CPU Util currently" value="34746074035" />
<allocation-satisfied id="2173" threadId="0000000002035F00" bytesRequested="1168" />
<af-end id="2174" timestamp="2019-08-08T10:56:26.911" threadId="0000000002036888" success="true" />
<exclusive-end id="2175" timestamp="2019-08-08T10:56:26.911" durationms="58.250" />

<exclusive-start id="2176" timestamp="2019-08-08T10:56:26.915" intervalms="61.638">
  <response-info timems="0.140" idlems="0.140" threads="0" lastid="0000000002035F00" lastname="main" />
</exclusive-start>
<af-start id="2177" threadId="0000000002036888" totalBytesRequested="1168" timestamp="2019-08-08T10:56:26.915" intervalms="61.675" />
<cycle-start id="2178" type="global" contextid="0" timestamp="2019-08-08T10:56:26.915" intervalms="61.677" />
<gc-start id="2179" type="global" contextid="2178" timestamp="2019-08-08T10:56:26.915">
  <mem-info id="2180" free="260096" total="26083328" percent="0">
    <mem type="tenure" free="260096" total="26083328" percent="0">
      <mem type="soa" free="0" total="25823232" percent="0" />
      <mem type="loa" free="260096" total="260096" percent="100" />
    </mem>
  </mem-info>
</gc-start>
<allocation-stats totalBytes="7816312" >
  <allocated-bytes non-tlh="0" tlh="7816312" />
  <largest-consumer threadName="main" threadId="0000000002035F00" bytes="7816312" />
</allocation-stats>
<gc-op id="2181" type="mark" timems="58.091" contextid="2178" timestamp="2019-08-08T10:56:26.973">
  <trace-info objectcount="600493" scancount="521378" scanbytes="13382168" />
  <finalization candidates="80" enqueued="0" />
  <ownableSynchronizers candidates="21" cleared="0" />
  <references type="soft" candidates="3261" cleared="0" enqueued="0" dynamicThreshold="9" maxThreshold="32" />
  <references type="weak" candidates="5572" cleared="0" enqueued="0" />
  <references type="phantom" candidates="97" cleared="0" enqueued="0" />
  <stringconstants candidates="13595" cleared="0"  />
</gc-op>
<gc-op id="2182" type="sweep" timems="2.524" contextid="2178" timestamp="2019-08-08T10:56:26.976" />
<mem-info id="2183" free="8107640" total="26083328" percent="31">
  <mem type="tenure" free="8107640" total="26083328" percent="31" micro-fragmented="0" macro-fragmented="7740515">
    <mem type="soa" free="7847544" total="25823232" percent="30" />
    <mem type="loa" free="260096" total="260096" percent="100" />
  </mem>
</mem-info>
<gc-op id="2184" type="compact" timems="30.004" contextid="2178" timestamp="2019-08-08T10:56:27.006">
  <compact-info movecount="2" movebytes="56" reason="compact to aid heap contraction" />
</gc-op>
<heap-resize id="2185" type="expand" space="tenure" amount="131072" count="1" timems="0.016" reason="satisfy allocation request" timestamp="2019-08-08T10:56:27.006" />
<gc-end id="2186" type="global" contextid="2178" durationms="91.612" usertimems="321.228" systemtimems="0.000" timestamp="2019-08-08T10:56:27.007" activeThreads="16">
  <mem-info id="2187" free="8173272" total="26214400" percent="31">
    <mem type="tenure" free="8173272" total="26214400" percent="31">
      <mem type="soa" free="7911128" total="25952256" percent="30" />
      <mem type="loa" free="262144" total="262144" percent="100" />
    </mem>
  </mem-info>
</gc-end>
<cycle-end id="2188" type="global" contextid="2178" timestamp="2019-08-08T10:56:27.007" />
  <attribute name="elasticGC enabled" value="1" />
  <attribute name= "numThreadsSpecified" value="16" />
  <attribute name="heapSize specified" value="26083328" />
  <attribute name="Current GC Util" value="45" />
  <attribute name= "Current Time Running" value="135399" />
  <attribute name ="GC Interval" value="0" />
  <attribute name="Target GC Util Change" value ="80.000000" />
  <attribute name="Current GC Util Change" value="45.000000"/>
  <attribute name="Current Error" value="-1189.000000" />
  <attribute name="Output H" value="26157640"/>
  <attribute name="Output I" value="200"/>
  <attribute name="Output T" value="16"/>
  <attribute name= "Current Time Running" value="135399" />
  <attribute name="GC Util currently" value="45" />
  <attribute name="CPU Util currently" value="38255029494" />
<allocation-satisfied id="2189" threadId="0000000002035F00" bytesRequested="1168" />
<af-end id="2190" timestamp="2019-08-08T10:56:27.007" threadId="0000000002036888" success="true" />
<exclusive-end id="2191" timestamp="2019-08-08T10:56:27.007" durationms="91.957" />

<exclusive-start id="2192" timestamp="2019-08-08T10:56:27.010" intervalms="95.426">
  <response-info timems="0.036" idlems="0.036" threads="0" lastid="0000000002035F00" lastname="main" />
</exclusive-start>
<af-start id="2193" threadId="0000000002036888" totalBytesRequested="1168" timestamp="2019-08-08T10:56:27.010" intervalms="95.405" />
<cycle-start id="2194" type="global" contextid="0" timestamp="2019-08-08T10:56:27.010" intervalms="95.404" />
<gc-start id="2195" type="global" contextid="2194" timestamp="2019-08-08T10:56:27.010">
  <mem-info id="2196" free="262144" total="26214400" percent="1">
    <mem type="tenure" free="262144" total="26214400" percent="1">
      <mem type="soa" free="0" total="25952256" percent="0" />
      <mem type="loa" free="262144" total="262144" percent="100" />
    </mem>
  </mem-info>
</gc-start>
<allocation-stats totalBytes="7947032" >
  <allocated-bytes non-tlh="0" tlh="7947032" />
  <largest-consumer threadName="main" threadId="0000000002035F00" bytes="7947032" />
</allocation-stats>
<gc-op id="2197" type="mark" timems="15.218" contextid="2194" timestamp="2019-08-08T10:56:27.025">
  <trace-info objectcount="600493" scancount="521380" scanbytes="13382168" />
  <finalization candidates="80" enqueued="0" />
  <ownableSynchronizers candidates="21" cleared="0" />
  <references type="soft" candidates="3261" cleared="0" enqueued="0" dynamicThreshold="9" maxThreshold="32" />
  <references type="weak" candidates="5572" cleared="0" enqueued="0" />
  <references type="phantom" candidates="97" cleared="0" enqueued="0" />
  <stringconstants candidates="13595" cleared="0"  />
</gc-op>
<gc-op id="2198" type="sweep" timems="3.809" contextid="2194" timestamp="2019-08-08T10:56:27.029" />
<mem-info id="2199" free="8238320" total="26214400" percent="31">
  <mem type="tenure" free="8238320" total="26214400" percent="31" micro-fragmented="0" macro-fragmented="6450429">
    <mem type="soa" free="7976176" total="25952256" percent="30" />
    <mem type="loa" free="262144" total="262144" percent="100" />
  </mem>
</mem-info>
<gc-op id="2200" type="compact" timems="25.326" contextid="2194" timestamp="2019-08-08T10:56:27.055">
  <compact-info movecount="2" movebytes="56" reason="compact to aid heap contraction" />
</gc-op>
<heap-resize id="2201" type="expand" space="tenure" amount="131072" count="1" timems="0.019" reason="satisfy allocation request" timestamp="2019-08-08T10:56:27.055" />
<gc-end id="2202" type="global" contextid="2194" durationms="45.177" usertimems="96.981" systemtimems="0.000" timestamp="2019-08-08T10:56:27.055" activeThreads="16">
  <mem-info id="2203" free="8304344" total="26345472" percent="31">
    <mem type="tenure" free="8304344" total="26345472" percent="31">
      <mem type="soa" free="8041176" total="26082304" percent="30" />
      <mem type="loa" free="263168" total="263168" percent="100" />
    </mem>
  </mem-info>
</gc-end>
<cycle-end id="2204" type="global" contextid="2194" timestamp="2019-08-08T10:56:27.055" />
  <attribute name="elasticGC enabled" value="1" />
  <attribute name= "numThreadsSpecified" value="16" />
  <attribute name="heapSize specified" value="26214400" />
  <attribute name="Current GC Util" value="45" />
  <attribute name= "Current Time Running" value="135448" />
  <attribute name ="GC Interval" value="0" />
  <attribute name="Target GC Util Change" value ="80.000000" />
  <attribute name="Current GC Util Change" value="45.000000"/>
  <attribute name="Current Error" value="-239.000000" />
  <attribute name="Output H" value="26289808"/>
  <attribute name="Output I" value="1584"/>
  <attribute name="Output T" value="16"/>
  <attribute name= "Current Time Running" value="135448" />
  <attribute name="GC Util currently" value="45" />
  <attribute name="CPU Util currently" value="45460244080" />
<allocation-satisfied id="2205" threadId="0000000002035F00" bytesRequested="1168" />
<af-end id="2206" timestamp="2019-08-08T10:56:27.055" threadId="0000000002036888" success="true" />
<exclusive-end id="2207" timestamp="2019-08-08T10:56:27.055" durationms="45.383" />

<exclusive-start id="2208" timestamp="2019-08-08T10:56:27.059" intervalms="49.363">
  <response-info timems="0.041" idlems="0.041" threads="0" lastid="0000000002035F00" lastname="main" />
</exclusive-start>
<af-start id="2209" threadId="0000000002036888" totalBytesRequested="1168" timestamp="2019-08-08T10:56:27.059" intervalms="49.353" />
<cycle-start id="2210" type="global" contextid="0" timestamp="2019-08-08T10:56:27.060" intervalms="49.356" />
<gc-start id="2211" type="global" contextid="2210" timestamp="2019-08-08T10:56:27.060">
  <mem-info id="2212" free="263168" total="26345472" percent="0">
    <mem type="tenure" free="263168" total="26345472" percent="0">
      <mem type="soa" free="0" total="26082304" percent="0" />
      <mem type="loa" free="263168" total="263168" percent="100" />
    </mem>
  </mem-info>
</gc-start>
<allocation-stats totalBytes="8076440" >
  <allocated-bytes non-tlh="0" tlh="8076440" />
  <largest-consumer threadName="main" threadId="0000000002035F00" bytes="8076440" />
</allocation-stats>
<gc-op id="2213" type="mark" timems="14.481" contextid="2210" timestamp="2019-08-08T10:56:27.074">
  <trace-info objectcount="600493" scancount="521375" scanbytes="13382168" />
  <finalization candidates="80" enqueued="0" />
  <ownableSynchronizers candidates="21" cleared="0" />
  <references type="soft" candidates="3261" cleared="0" enqueued="0" dynamicThreshold="10" maxThreshold="32" />
  <references type="weak" candidates="5572" cleared="0" enqueued="0" />
  <references type="phantom" candidates="97" cleared="0" enqueued="0" />
  <stringconstants candidates="13595" cleared="0"  />
</gc-op>
<gc-op id="2214" type="sweep" timems="2.422" contextid="2210" timestamp="2019-08-08T10:56:27.077" />
<mem-info id="2215" free="8369184" total="26345472" percent="31">
  <mem type="tenure" free="8369184" total="26345472" percent="31" micro-fragmented="0" macro-fragmented="7740515">
    <mem type="soa" free="8106016" total="26082304" percent="31" />
    <mem type="loa" free="263168" total="263168" percent="100" />
  </mem>
</mem-info>
<gc-op id="2216" type="compact" timems="30.421" contextid="2210" timestamp="2019-08-08T10:56:27.107">
  <compact-info movecount="2" movebytes="56" reason="compact to aid heap contraction" />
</gc-op>
<heap-resize id="2217" type="expand" space="tenure" amount="131072" count="1" timems="0.018" reason="satisfy allocation request" timestamp="2019-08-08T10:56:27.108" />
<gc-end id="2218" type="global" contextid="2210" durationms="48.484" usertimems="109.076" systemtimems="0.000" timestamp="2019-08-08T10:56:27.108" activeThreads="16">
  <mem-info id="2219" free="8435416" total="26476544" percent="31">
    <mem type="tenure" free="8435416" total="26476544" percent="31">
      <mem type="soa" free="8171224" total="26212352" percent="31" />
      <mem type="loa" free="264192" total="264192" percent="100" />
    </mem>
  </mem-info>
</gc-end>
<cycle-end id="2220" type="global" contextid="2210" timestamp="2019-08-08T10:56:27.108" />
  <attribute name="elasticGC enabled" value="1" />
  <attribute name= "numThreadsSpecified" value="16" />
  <attribute name="heapSize specified" value="26345472" />
  <attribute name="Current GC Util" value="31" />
  <attribute name= "Current Time Running" value="135500" />
  <attribute name ="GC Interval" value="0" />
  <attribute name="Target GC Util Change" value ="80.000000" />
  <attribute name="Current GC Util Change" value="31.000000"/>
  <attribute name="Current Error" value="49.000000" />
  <attribute name="Output H" value="26421208"/>
  <attribute name="Output I" value="2096"/>
  <attribute name="Output T" value="16"/>
  <attribute name= "Current Time Running" value="135500" />
  <attribute name="GC Util currently" value="31" />
  <attribute name="CPU Util currently" value="37865169070" />
<allocation-satisfied id="2221" threadId="0000000002035F00" bytesRequested="1168" />
<af-end id="2222" timestamp="2019-08-08T10:56:27.108" threadId="0000000002036888" success="true" />
<exclusive-end id="2223" timestamp="2019-08-08T10:56:27.108" durationms="48.671" />

<exclusive-start id="2224" timestamp="2019-08-08T10:56:27.111" intervalms="51.849">
  <response-info timems="0.014" idlems="0.014" threads="0" lastid="0000000002035F00" lastname="main" />
</exclusive-start>
<af-start id="2225" threadId="0000000002036888" totalBytesRequested="1168" timestamp="2019-08-08T10:56:27.111" intervalms="51.840" />
<cycle-start id="2226" type="global" contextid="0" timestamp="2019-08-08T10:56:27.111" intervalms="51.835" />
<gc-start id="2227" type="global" contextid="2226" timestamp="2019-08-08T10:56:27.111">
  <mem-info id="2228" free="264192" total="26476544" percent="0">
    <mem type="tenure" free="264192" total="26476544" percent="0">
      <mem type="soa" free="0" total="26212352" percent="0" />
      <mem type="loa" free="264192" total="264192" percent="100" />
    </mem>
  </mem-info>
</gc-start>
<allocation-stats totalBytes="8205848" >
  <allocated-bytes non-tlh="0" tlh="8205848" />
  <largest-consumer threadName="main" threadId="0000000002035F00" bytes="8205848" />
</allocation-stats>
<gc-op id="2229" type="mark" timems="13.943" contextid="2226" timestamp="2019-08-08T10:56:27.125">
  <trace-info objectcount="600493" scancount="521375" scanbytes="13382168" />
  <finalization candidates="80" enqueued="0" />
  <ownableSynchronizers candidates="21" cleared="0" />
  <references type="soft" candidates="3261" cleared="0" enqueued="0" dynamicThreshold="10" maxThreshold="32" />
  <references type="weak" candidates="5572" cleared="0" enqueued="0" />
  <references type="phantom" candidates="97" cleared="0" enqueued="0" />
  <stringconstants candidates="13595" cleared="0"  />
</gc-op>
<gc-op id="2230" type="sweep" timems="4.126" contextid="2226" timestamp="2019-08-08T10:56:27.130" />
<mem-info id="2231" free="8500952" total="26476544" percent="32">
  <mem type="tenure" free="8500952" total="26476544" percent="32" micro-fragmented="0" macro-fragmented="6450429">
    <mem type="soa" free="8236760" total="26212352" percent="31" />
    <mem type="loa" free="264192" total="264192" percent="100" />
  </mem>
</mem-info>
<gc-op id="2232" type="compact" timems="28.159" contextid="2226" timestamp="2019-08-08T10:56:27.158">
  <compact-info movecount="2" movebytes="56" reason="compact to aid heap contraction" />
</gc-op>
<heap-resize id="2233" type="expand" space="tenure" amount="131072" count="1" timems="0.019" reason="satisfy allocation request" timestamp="2019-08-08T10:56:27.159" />
<gc-end id="2234" type="global" contextid="2226" durationms="47.260" usertimems="99.686" systemtimems="0.000" timestamp="2019-08-08T10:56:27.159" activeThreads="16">
  <mem-info id="2235" free="8566488" total="26607616" percent="32">
    <mem type="tenure" free="8566488" total="26607616" percent="32">
      <mem type="soa" free="8301272" total="26342400" percent="31" />
      <mem type="loa" free="265216" total="265216" percent="100" />
    </mem>
  </mem-info>
</gc-end>
<cycle-end id="2236" type="global" contextid="2226" timestamp="2019-08-08T10:56:27.159" />
  <attribute name="elasticGC enabled" value="1" />
  <attribute name= "numThreadsSpecified" value="16" />
  <attribute name="heapSize specified" value="26476544" />
  <attribute name="Current GC Util" value="42" />
  <attribute name= "Current Time Running" value="135551" />
  <attribute name ="GC Interval" value="0" />
  <attribute name="Target GC Util Change" value ="80.000000" />
  <attribute name="Current GC Util Change" value="42.000000"/>
  <attribute name="Current Error" value="-899.000000" />
  <attribute name="Output H" value="26551192"/>
  <attribute name="Output I" value="408"/>
  <attribute name="Output T" value="16"/>
  <attribute name= "Current Time Running" value="135551" />
  <attribute name="GC Util currently" value="42" />
  <attribute name="CPU Util currently" value="40856034832" />
<allocation-satisfied id="2237" threadId="0000000002035F00" bytesRequested="1168" />
<af-end id="2238" timestamp="2019-08-08T10:56:27.159" threadId="0000000002036888" success="true" />
<exclusive-end id="2239" timestamp="2019-08-08T10:56:27.159" durationms="47.459" />

<exclusive-start id="2240" timestamp="2019-08-08T10:56:27.162" intervalms="50.709">
  <response-info timems="0.137" idlems="0.137" threads="0" lastid="0000000002035F00" lastname="main" />
</exclusive-start>
<af-start id="2241" threadId="0000000002036888" totalBytesRequested="1168" timestamp="2019-08-08T10:56:27.162" intervalms="50.752" />
<cycle-start id="2242" type="global" contextid="0" timestamp="2019-08-08T10:56:27.162" intervalms="50.754" />
<gc-start id="2243" type="global" contextid="2242" timestamp="2019-08-08T10:56:27.162">
  <mem-info id="2244" free="265216" total="26607616" percent="0">
    <mem type="tenure" free="265216" total="26607616" percent="0">
      <mem type="soa" free="0" total="26342400" percent="0" />
      <mem type="loa" free="265216" total="265216" percent="100" />
    </mem>
  </mem-info>
</gc-start>
<allocation-stats totalBytes="8335280" >
  <allocated-bytes non-tlh="0" tlh="8335280" />
  <largest-consumer threadName="main" threadId="0000000002035F00" bytes="8335280" />
</allocation-stats>
<gc-op id="2245" type="mark" timems="13.455" contextid="2242" timestamp="2019-08-08T10:56:27.176">
  <trace-info objectcount="600493" scancount="521379" scanbytes="13382168" />
  <finalization candidates="80" enqueued="0" />
  <ownableSynchronizers candidates="21" cleared="0" />
  <references type="soft" candidates="3261" cleared="0" enqueued="0" dynamicThreshold="10" maxThreshold="32" />
  <references type="weak" candidates="5572" cleared="0" enqueued="0" />
  <references type="phantom" candidates="97" cleared="0" enqueued="0" />
  <stringconstants candidates="13595" cleared="0"  />
</gc-op>
<gc-op id="2246" type="sweep" timems="2.973" contextid="2242" timestamp="2019-08-08T10:56:27.179" />
<mem-info id="2247" free="8632024" total="26607616" percent="32">
  <mem type="tenure" free="8632024" total="26607616" percent="32" micro-fragmented="0" macro-fragmented="7740515">
    <mem type="soa" free="8366808" total="26342400" percent="31" />
    <mem type="loa" free="265216" total="265216" percent="100" />
  </mem>
</mem-info>
<gc-op id="2248" type="compact" timems="31.382" contextid="2242" timestamp="2019-08-08T10:56:27.210">
  <compact-info movecount="2" movebytes="56" reason="compact to aid heap contraction" />
</gc-op>
<heap-resize id="2249" type="expand" space="tenure" amount="131072" count="1" timems="0.021" reason="satisfy allocation request" timestamp="2019-08-08T10:56:27.211" />
<gc-end id="2250" type="global" contextid="2242" durationms="48.879" usertimems="112.136" systemtimems="0.000" timestamp="2019-08-08T10:56:27.211" activeThreads="16">
  <mem-info id="2251" free="8697560" total="26738688" percent="32">
    <mem type="tenure" free="8697560" total="26738688" percent="32">
      <mem type="soa" free="8430296" total="26471424" percent="31" />
      <mem type="loa" free="267264" total="267264" percent="100" />
    </mem>
  </mem-info>
</gc-end>
<cycle-end id="2252" type="global" contextid="2242" timestamp="2019-08-08T10:56:27.211" />
  <attribute name="elasticGC enabled" value="1" />
  <attribute name= "numThreadsSpecified" value="16" />
  <attribute name="heapSize specified" value="26607616" />
  <attribute name="Current GC Util" value="42" />
  <attribute name= "Current Time Running" value="135603" />
  <attribute name ="GC Interval" value="0" />
  <attribute name="Target GC Util Change" value ="80.000000" />
  <attribute name="Current GC Util Change" value="42.000000"/>
  <attribute name="Current Error" value="-423.000000" />
  <attribute name="Output H" value="26682808"/>
  <attribute name="Output I" value="1256"/>
  <attribute name="Output T" value="16"/>
  <attribute name= "Current Time Running" value="135603" />
  <attribute name="GC Util currently" value="42" />
  <attribute name="CPU Util currently" value="36704252751" />
<allocation-satisfied id="2253" threadId="0000000002035F00" bytesRequested="1168" />
<af-end id="2254" timestamp="2019-08-08T10:56:27.211" threadId="0000000002036888" success="true" />
<exclusive-end id="2255" timestamp="2019-08-08T10:56:27.211" durationms="49.117" />

<exclusive-start id="2256" timestamp="2019-08-08T10:56:27.216" intervalms="54.151">
  <response-info timems="0.023" idlems="0.023" threads="0" lastid="0000000002035F00" lastname="main" />
</exclusive-start>
<af-start id="2257" threadId="0000000002036888" totalBytesRequested="1168" timestamp="2019-08-08T10:56:27.216" intervalms="54.127" />
<cycle-start id="2258" type="global" contextid="0" timestamp="2019-08-08T10:56:27.216" intervalms="54.135" />
<gc-start id="2259" type="global" contextid="2258" timestamp="2019-08-08T10:56:27.216">
  <mem-info id="2260" free="267264" total="26738688" percent="0">
    <mem type="tenure" free="267264" total="26738688" percent="0">
      <mem type="soa" free="0" total="26471424" percent="0" />
      <mem type="loa" free="267264" total="267264" percent="100" />
    </mem>
  </mem-info>
</gc-start>
<allocation-stats totalBytes="8464664" >
  <allocated-bytes non-tlh="0" tlh="8464664" />
  <largest-consumer threadName="main" threadId="0000000002035F00" bytes="8464664" />
</allocation-stats>
<gc-op id="2261" type="mark" timems="20.891" contextid="2258" timestamp="2019-08-08T10:56:27.237">
  <trace-info objectcount="600493" scancount="521379" scanbytes="13382168" />
  <finalization candidates="80" enqueued="0" />
  <ownableSynchronizers candidates="21" cleared="0" />
  <references type="soft" candidates="3261" cleared="0" enqueued="0" dynamicThreshold="10" maxThreshold="32" />
  <references type="weak" candidates="5572" cleared="0" enqueued="0" />
  <references type="phantom" candidates="97" cleared="0" enqueued="0" />
  <stringconstants candidates="13595" cleared="0"  />
</gc-op>
<gc-op id="2262" type="sweep" timems="2.649" contextid="2258" timestamp="2019-08-08T10:56:27.240" />
<mem-info id="2263" free="8762800" total="26738688" percent="32">
  <mem type="tenure" free="8762800" total="26738688" percent="32" micro-fragmented="0" macro-fragmented="7740515">
    <mem type="soa" free="8495536" total="26471424" percent="32" />
    <mem type="loa" free="267264" total="267264" percent="100" />
  </mem>
</mem-info>
<gc-op id="2264" type="compact" timems="32.804" contextid="2258" timestamp="2019-08-08T10:56:27.273">
  <compact-info movecount="2" movebytes="56" reason="compact to aid heap contraction" />
</gc-op>
<heap-resize id="2265" type="expand" space="tenure" amount="131072" count="1" timems="0.017" reason="satisfy allocation request" timestamp="2019-08-08T10:56:27.274" />
<gc-end id="2266" type="global" contextid="2258" durationms="57.623" usertimems="136.755" systemtimems="0.000" timestamp="2019-08-08T10:56:27.274" activeThreads="16">
  <mem-info id="2267" free="8828632" total="26869760" percent="32">
    <mem type="tenure" free="8828632" total="26869760" percent="32">
      <mem type="soa" free="8560344" total="26601472" percent="32" />
      <mem type="loa" free="268288" total="268288" percent="100" />
    </mem>
  </mem-info>
</gc-end>
<cycle-end id="2268" type="global" contextid="2258" timestamp="2019-08-08T10:56:27.274" />
  <attribute name="elasticGC enabled" value="1" />
  <attribute name= "numThreadsSpecified" value="16" />
  <attribute name="heapSize specified" value="26738688" />
  <attribute name="Current GC Util" value="42" />
  <attribute name= "Current Time Running" value="135666" />
  <attribute name ="GC Interval" value="0" />
  <attribute name="Target GC Util Change" value ="80.000000" />
  <attribute name="Current GC Util Change" value="42.000000"/>
  <attribute name="Current Error" value="38.000000" />
  <attribute name="Output H" value="26814416"/>
  <attribute name="Output I" value="2080"/>
  <attribute name="Output T" value="16"/>
  <attribute name= "Current Time Running" value="135666" />
  <attribute name="GC Util currently" value="42" />
  <attribute name="CPU Util currently" value="35117090270" />
<allocation-satisfied id="2269" threadId="0000000002035F00" bytesRequested="1168" />
<af-end id="2270" timestamp="2019-08-08T10:56:27.274" threadId="0000000002036888" success="true" />
<exclusive-end id="2271" timestamp="2019-08-08T10:56:27.274" durationms="57.843" />

<exclusive-start id="2272" timestamp="2019-08-08T10:56:27.277" intervalms="61.192">
  <response-info timems="0.102" idlems="0.102" threads="0" lastid="0000000002035F00" lastname="main" />
</exclusive-start>
<af-start id="2273" threadId="0000000002036888" totalBytesRequested="1168" timestamp="2019-08-08T10:56:27.277" intervalms="61.193" />
<cycle-start id="2274" type="global" contextid="0" timestamp="2019-08-08T10:56:27.277" intervalms="61.184" />
<gc-start id="2275" type="global" contextid="2274" timestamp="2019-08-08T10:56:27.277">
  <mem-info id="2276" free="268288" total="26869760" percent="0">
    <mem type="tenure" free="268288" total="26869760" percent="0">
      <mem type="soa" free="0" total="26601472" percent="0" />
      <mem type="loa" free="268288" total="268288" percent="100" />
    </mem>
  </mem-info>
</gc-start>
<allocation-stats totalBytes="8594072" >
  <allocated-bytes non-tlh="0" tlh="8594072" />
  <largest-consumer threadName="main" threadId="0000000002035F00" bytes="8594072" />
</allocation-stats>
<gc-op id="2277" type="mark" timems="12.752" contextid="2274" timestamp="2019-08-08T10:56:27.290">
  <trace-info objectcount="600493" scancount="521374" scanbytes="13382168" />
  <finalization candidates="80" enqueued="0" />
  <ownableSynchronizers candidates="21" cleared="0" />
  <references type="soft" candidates="3261" cleared="0" enqueued="0" dynamicThreshold="10" maxThreshold="32" />
  <references type="weak" candidates="5572" cleared="0" enqueued="0" />
  <references type="phantom" candidates="97" cleared="0" enqueued="0" />
  <stringconstants candidates="13595" cleared="0"  />
</gc-op>
<gc-op id="2278" type="sweep" timems="8.242" contextid="2274" timestamp="2019-08-08T10:56:27.299" />
<mem-info id="2279" free="8893664" total="26869760" percent="33">
  <mem type="tenure" free="8893664" total="26869760" percent="33" micro-fragmented="0" macro-fragmented="6450429">
    <mem type="soa" free="8625376" total="26601472" percent="32" />
    <mem type="loa" free="268288" total="268288" percent="100" />
  </mem>
</mem-info>
<gc-op id="2280" type="compact" timems="26.464" contextid="2274" timestamp="2019-08-08T10:56:27.325">
  <compact-info movecount="2" movebytes="56" reason="compact to aid heap contraction" />
</gc-op>
<heap-resize id="2281" type="expand" space="tenure" amount="131072" count="1" timems="0.019" reason="satisfy allocation request" timestamp="2019-08-08T10:56:27.326" />
<gc-end id="2282" type="global" contextid="2274" durationms="48.320" usertimems="112.680" systemtimems="0.000" timestamp="2019-08-08T10:56:27.326" activeThreads="16">
  <mem-info id="2283" free="8959704" total="27000832" percent="33">
    <mem type="tenure" free="8959704" total="27000832" percent="33">
      <mem type="soa" free="8690392" total="26731520" percent="32" />
      <mem type="loa" free="269312" total="269312" percent="100" />
    </mem>
  </mem-info>
</gc-end>
<cycle-end id="2284" type="global" contextid="2274" timestamp="2019-08-08T10:56:27.326" />
  <attribute name="elasticGC enabled" value="1" />
  <attribute name= "numThreadsSpecified" value="16" />
  <attribute name="heapSize specified" value="26869760" />
  <attribute name="Current GC Util" value="45" />
  <attribute name= "Current Time Running" value="135718" />
  <attribute name ="GC Interval" value="0" />
  <attribute name="Target GC Util Change" value ="80.000000" />
  <attribute name="Current GC Util Change" value="45.000000"/>
  <attribute name="Current Error" value="-864.000000" />
  <attribute name="Output H" value="26944448"/>
  <attribute name="Output I" value="472"/>
  <attribute name="Output T" value="16"/>
  <attribute name= "Current Time Running" value="135718" />
  <attribute name="GC Util currently" value="45" />
  <attribute name="CPU Util currently" value="43516632208" />
<allocation-satisfied id="2285" threadId="0000000002035F00" bytesRequested="1168" />
<af-end id="2286" timestamp="2019-08-08T10:56:27.326" threadId="0000000002036888" success="true" />
<exclusive-end id="2287" timestamp="2019-08-08T10:56:27.326" durationms="48.659" />

<exclusive-start id="2288" timestamp="2019-08-08T10:56:27.329" intervalms="51.987">
  <response-info timems="0.042" idlems="0.042" threads="0" lastid="0000000002035F00" lastname="main" />
</exclusive-start>
<af-start id="2289" threadId="0000000002036888" totalBytesRequested="1168" timestamp="2019-08-08T10:56:27.329" intervalms="51.975" />
<cycle-start id="2290" type="global" contextid="0" timestamp="2019-08-08T10:56:27.329" intervalms="51.976" />
<gc-start id="2291" type="global" contextid="2290" timestamp="2019-08-08T10:56:27.329">
  <mem-info id="2292" free="269312" total="27000832" percent="0">
    <mem type="tenure" free="269312" total="27000832" percent="0">
      <mem type="soa" free="0" total="26731520" percent="0" />
      <mem type="loa" free="269312" total="269312" percent="100" />
    </mem>
  </mem-info>
</gc-start>
<allocation-stats totalBytes="8723504" >
  <allocated-bytes non-tlh="0" tlh="8723504" />
  <largest-consumer threadName="main" threadId="0000000002035F00" bytes="8723504" />
</allocation-stats>
<gc-op id="2293" type="mark" timems="12.856" contextid="2290" timestamp="2019-08-08T10:56:27.342">
  <trace-info objectcount="600493" scancount="521378" scanbytes="13382168" />
  <finalization candidates="80" enqueued="0" />
  <ownableSynchronizers candidates="21" cleared="0" />
  <references type="soft" candidates="3261" cleared="0" enqueued="0" dynamicThreshold="10" maxThreshold="32" />
  <references type="weak" candidates="5572" cleared="0" enqueued="0" />
  <references type="phantom" candidates="97" cleared="0" enqueued="0" />
  <stringconstants candidates="13595" cleared="0"  />
</gc-op>
<gc-op id="2294" type="sweep" timems="1.907" contextid="2290" timestamp="2019-08-08T10:56:27.344" />
<mem-info id="2295" free="9024528" total="27000832" percent="33">
  <mem type="tenure" free="9024528" total="27000832" percent="33" micro-fragmented="0" macro-fragmented="7740515">
    <mem type="soa" free="8755216" total="26731520" percent="32" />
    <mem type="loa" free="269312" total="269312" percent="100" />
  </mem>
</mem-info>
<gc-op id="2296" type="compact" timems="28.101" contextid="2290" timestamp="2019-08-08T10:56:27.372">
  <compact-info movecount="2" movebytes="56" reason="compact to aid heap contraction" />
</gc-op>
<heap-resize id="2297" type="expand" space="tenure" amount="131072" count="1" timems="0.018" reason="satisfy allocation request" timestamp="2019-08-08T10:56:27.373" />
<gc-end id="2298" type="global" contextid="2290" durationms="43.873" usertimems="106.195" systemtimems="0.000" timestamp="2019-08-08T10:56:27.373" activeThreads="16">
  <mem-info id="2299" free="9090776" total="27131904" percent="33">
    <mem type="tenure" free="9090776" total="27131904" percent="33">
      <mem type="soa" free="8820440" total="26861568" percent="32" />
      <mem type="loa" free="270336" total="270336" percent="100" />
    </mem>
  </mem-info>
</gc-end>
<cycle-end id="2300" type="global" contextid="2290" timestamp="2019-08-08T10:56:27.373" />
  <attribute name="elasticGC enabled" value="1" />
  <attribute name= "numThreadsSpecified" value="16" />
  <attribute name="heapSize specified" value="27000832" />
  <attribute name="Current GC Util" value="37" />
  <attribute name= "Current Time Running" value="135766" />
  <attribute name ="GC Interval" value="0" />
  <attribute name="Target GC Util Change" value ="80.000000" />
  <attribute name="Current GC Util Change" value="37.000000"/>
  <attribute name="Current Error" value="-367.000000" />
  <attribute name="Output H" value="27076096"/>
  <attribute name="Output I" value="1360"/>
  <attribute name="Output T" value="16"/>
  <attribute name= "Current Time Running" value="135766" />
  <attribute name="GC Util currently" value="37" />
  <attribute name="CPU Util currently" value="40973278299" />
<allocation-satisfied id="2301" threadId="0000000002035F00" bytesRequested="1168" />
<af-end id="2302" timestamp="2019-08-08T10:56:27.373" threadId="0000000002036888" success="true" />
<exclusive-end id="2303" timestamp="2019-08-08T10:56:27.373" durationms="44.067" />

<exclusive-start id="2304" timestamp="2019-08-08T10:56:27.377" intervalms="47.598">
  <response-info timems="0.056" idlems="0.056" threads="0" lastid="0000000002035F00" lastname="main" />
</exclusive-start>
<af-start id="2305" threadId="0000000002036888" totalBytesRequested="1168" timestamp="2019-08-08T10:56:27.377" intervalms="47.601" />
<cycle-start id="2306" type="global" contextid="0" timestamp="2019-08-08T10:56:27.377" intervalms="47.607" />
<gc-start id="2307" type="global" contextid="2306" timestamp="2019-08-08T10:56:27.377">
  <mem-info id="2308" free="270336" total="27131904" percent="0">
    <mem type="tenure" free="270336" total="27131904" percent="0">
      <mem type="soa" free="0" total="26861568" percent="0" />
      <mem type="loa" free="270336" total="270336" percent="100" />
    </mem>
  </mem-info>
</gc-start>
<allocation-stats totalBytes="8852912" >
  <allocated-bytes non-tlh="0" tlh="8852912" />
  <largest-consumer threadName="main" threadId="0000000002035F00" bytes="8852912" />
</allocation-stats>
<gc-op id="2309" type="mark" timems="10.327" contextid="2306" timestamp="2019-08-08T10:56:27.387">
  <trace-info objectcount="600493" scancount="521397" scanbytes="13382168" />
  <finalization candidates="80" enqueued="0" />
  <ownableSynchronizers candidates="21" cleared="0" />
  <references type="soft" candidates="3261" cleared="0" enqueued="0" dynamicThreshold="10" maxThreshold="32" />
  <references type="weak" candidates="5572" cleared="0" enqueued="0" />
  <references type="phantom" candidates="97" cleared="0" enqueued="0" />
  <stringconstants candidates="13595" cleared="0"  />
</gc-op>
<gc-op id="2310" type="sweep" timems="4.172" contextid="2306" timestamp="2019-08-08T10:56:27.392" />
<mem-info id="2311" free="9156312" total="27131904" percent="33">
  <mem type="tenure" free="9156312" total="27131904" percent="33" micro-fragmented="0" macro-fragmented="0">
    <mem type="soa" free="8885976" total="26861568" percent="33" />
    <mem type="loa" free="270336" total="270336" percent="100" />
  </mem>
</mem-info>
<gc-op id="2312" type="compact" timems="32.232" contextid="2306" timestamp="2019-08-08T10:56:27.424">
  <compact-info movecount="2" movebytes="56" reason="compact to aid heap contraction" />
</gc-op>
<heap-resize id="2313" type="expand" space="tenure" amount="131072" count="1" timems="0.017" reason="satisfy allocation request" timestamp="2019-08-08T10:56:27.425" />
<gc-end id="2314" type="global" contextid="2306" durationms="48.066" usertimems="93.365" systemtimems="0.000" timestamp="2019-08-08T10:56:27.425" activeThreads="16">
  <mem-info id="2315" free="9221848" total="27262976" percent="33">
    <mem type="tenure" free="9221848" total="27262976" percent="33">
      <mem type="soa" free="8949464" total="26990592" percent="33" />
      <mem type="loa" free="272384" total="272384" percent="100" />
    </mem>
  </mem-info>
</gc-end>
<cycle-end id="2316" type="global" contextid="2306" timestamp="2019-08-08T10:56:27.425" />
  <attribute name="elasticGC enabled" value="1" />
  <attribute name= "numThreadsSpecified" value="16" />
  <attribute name="heapSize specified" value="27131904" />
  <attribute name="Current GC Util" value="31" />
  <attribute name= "Current Time Running" value="135818" />
  <attribute name ="GC Interval" value="0" />
  <attribute name="Target GC Util Change" value ="80.000000" />
  <attribute name="Current GC Util Change" value="31.000000"/>
  <attribute name="Current Error" value="49.000000" />
  <attribute name="Output H" value="27207640"/>
  <attribute name="Output I" value="2096"/>
  <attribute name="Output T" value="16"/>
  <attribute name= "Current Time Running" value="135818" />
  <attribute name="GC Util currently" value="31" />
  <attribute name="CPU Util currently" value="35738866433" />
<allocation-satisfied id="2317" threadId="0000000002035F00" bytesRequested="1168" />
<af-end id="2318" timestamp="2019-08-08T10:56:27.425" threadId="0000000002036888" success="true" />
<exclusive-end id="2319" timestamp="2019-08-08T10:56:27.425" durationms="48.298" />

<exclusive-start id="2320" timestamp="2019-08-08T10:56:27.430" intervalms="52.629">
  <response-info timems="0.050" idlems="0.050" threads="0" lastid="0000000002035F00" lastname="main" />
</exclusive-start>
<af-start id="2321" threadId="0000000002036888" totalBytesRequested="1168" timestamp="2019-08-08T10:56:27.430" intervalms="52.623" />
<cycle-start id="2322" type="global" contextid="0" timestamp="2019-08-08T10:56:27.430" intervalms="52.617" />
<gc-start id="2323" type="global" contextid="2322" timestamp="2019-08-08T10:56:27.430">
  <mem-info id="2324" free="272384" total="27262976" percent="0">
    <mem type="tenure" free="272384" total="27262976" percent="0">
      <mem type="soa" free="0" total="26990592" percent="0" />
      <mem type="loa" free="272384" total="272384" percent="100" />
    </mem>
  </mem-info>
</gc-start>
<allocation-stats totalBytes="8982296" >
  <allocated-bytes non-tlh="0" tlh="8982296" />
  <largest-consumer threadName="main" threadId="0000000002035F00" bytes="8982296" />
</allocation-stats>
<gc-op id="2325" type="mark" timems="8.682" contextid="2322" timestamp="2019-08-08T10:56:27.438">
  <trace-info objectcount="600493" scancount="521375" scanbytes="13382168" />
  <finalization candidates="80" enqueued="0" />
  <ownableSynchronizers candidates="21" cleared="0" />
  <references type="soft" candidates="3261" cleared="0" enqueued="0" dynamicThreshold="10" maxThreshold="32" />
  <references type="weak" candidates="5572" cleared="0" enqueued="0" />
  <references type="phantom" candidates="97" cleared="0" enqueued="0" />
  <stringconstants candidates="13595" cleared="0"  />
</gc-op>
<gc-op id="2326" type="sweep" timems="1.741" contextid="2322" timestamp="2019-08-08T10:56:27.440" />
<mem-info id="2327" free="9287280" total="27262976" percent="34">
  <mem type="tenure" free="9287280" total="27262976" percent="34" micro-fragmented="0" macro-fragmented="7740515">
    <mem type="soa" free="9014896" total="26990592" percent="33" />
    <mem type="loa" free="272384" total="272384" percent="100" />
  </mem>
</mem-info>
<gc-op id="2328" type="compact" timems="29.590" contextid="2322" timestamp="2019-08-08T10:56:27.470">
  <compact-info movecount="2" movebytes="56" reason="compact to aid heap contraction" />
</gc-op>
<heap-resize id="2329" type="expand" space="tenure" amount="131072" count="1" timems="0.023" reason="satisfy allocation request" timestamp="2019-08-08T10:56:27.471" />
<gc-end id="2330" type="global" contextid="2322" durationms="41.798" usertimems="86.655" systemtimems="0.000" timestamp="2019-08-08T10:56:27.471" activeThreads="16">
  <mem-info id="2331" free="9352920" total="27394048" percent="34">
    <mem type="tenure" free="9352920" total="27394048" percent="34">
      <mem type="soa" free="9079512" total="27120640" percent="33" />
      <mem type="loa" free="273408" total="273408" percent="100" />
    </mem>
  </mem-info>
</gc-end>
<cycle-end id="2332" type="global" contextid="2322" timestamp="2019-08-08T10:56:27.472" />
  <attribute name="elasticGC enabled" value="1" />
  <attribute name= "numThreadsSpecified" value="16" />
  <attribute name="heapSize specified" value="27262976" />
  <attribute name="Current GC Util" value="32" />
  <attribute name= "Current Time Running" value="135863" />
  <attribute name ="GC Interval" value="0" />
  <attribute name="Target GC Util Change" value ="80.000000" />
  <attribute name="Current GC Util Change" value="32.000000"/>
  <attribute name="Current Error" value="-936.000000" />
  <attribute name="Output H" value="27337576"/>
  <attribute name="Output I" value="336"/>
  <attribute name="Output T" value="16"/>
  <attribute name= "Current Time Running" value="135863" />
  <attribute name="GC Util currently" value="32" />
  <attribute name="CPU Util currently" value="38912900869" />
<allocation-satisfied id="2333" threadId="0000000002035F00" bytesRequested="1168" />
<af-end id="2334" timestamp="2019-08-08T10:56:27.472" threadId="0000000002036888" success="true" />
<exclusive-end id="2335" timestamp="2019-08-08T10:56:27.472" durationms="42.019" />

<exclusive-start id="2336" timestamp="2019-08-08T10:56:27.477" intervalms="46.947">
  <response-info timems="0.055" idlems="0.055" threads="0" lastid="0000000002035F00" lastname="main" />
</exclusive-start>
<af-start id="2337" threadId="0000000002036888" totalBytesRequested="1168" timestamp="2019-08-08T10:56:27.477" intervalms="46.972" />
<cycle-start id="2338" type="global" contextid="0" timestamp="2019-08-08T10:56:27.477" intervalms="46.971" />
<gc-start id="2339" type="global" contextid="2338" timestamp="2019-08-08T10:56:27.477">
  <mem-info id="2340" free="273408" total="27394048" percent="0">
    <mem type="tenure" free="273408" total="27394048" percent="0">
      <mem type="soa" free="0" total="27120640" percent="0" />
      <mem type="loa" free="273408" total="273408" percent="100" />
    </mem>
  </mem-info>
</gc-start>
<allocation-stats totalBytes="9111728" >
  <allocated-bytes non-tlh="0" tlh="9111728" />
  <largest-consumer threadName="main" threadId="0000000002035F00" bytes="9111728" />
</allocation-stats>
<gc-op id="2341" type="mark" timems="18.313" contextid="2338" timestamp="2019-08-08T10:56:27.495">
  <trace-info objectcount="600493" scancount="521378" scanbytes="13382168" />
  <finalization candidates="80" enqueued="0" />
  <ownableSynchronizers candidates="21" cleared="0" />
  <references type="soft" candidates="3261" cleared="0" enqueued="0" dynamicThreshold="10" maxThreshold="32" />
  <references type="weak" candidates="5572" cleared="0" enqueued="0" />
  <references type="phantom" candidates="97" cleared="0" enqueued="0" />
  <stringconstants candidates="13595" cleared="0"  />
</gc-op>
<gc-op id="2342" type="sweep" timems="3.037" contextid="2338" timestamp="2019-08-08T10:56:27.498" />
<mem-info id="2343" free="9418144" total="27394048" percent="34">
  <mem type="tenure" free="9418144" total="27394048" percent="34" micro-fragmented="0" macro-fragmented="7740515">
    <mem type="soa" free="9144736" total="27120640" percent="33" />
    <mem type="loa" free="273408" total="273408" percent="100" />
  </mem>
</mem-info>
<gc-op id="2344" type="compact" timems="28.266" contextid="2338" timestamp="2019-08-08T10:56:27.526">
  <compact-info movecount="2" movebytes="56" reason="compact to aid heap contraction" />
</gc-op>
<heap-resize id="2345" type="expand" space="tenure" amount="131072" count="1" timems="0.021" reason="satisfy allocation request" timestamp="2019-08-08T10:56:27.528" />
<gc-end id="2346" type="global" contextid="2338" durationms="51.317" usertimems="141.482" systemtimems="0.000" timestamp="2019-08-08T10:56:27.528" activeThreads="16">
  <mem-info id="2347" free="9483992" total="27525120" percent="34">
    <mem type="tenure" free="9483992" total="27525120" percent="34">
      <mem type="soa" free="9209560" total="27250688" percent="33" />
      <mem type="loa" free="274432" total="274432" percent="100" />
    </mem>
  </mem-info>
</gc-end>
<cycle-end id="2348" type="global" contextid="2338" timestamp="2019-08-08T10:56:27.528" />
  <attribute name="elasticGC enabled" value="1" />
  <attribute name= "numThreadsSpecified" value="16" />
  <attribute name="heapSize specified" value="27394048" />
  <attribute name="Current GC Util" value="45" />
  <attribute name= "Current Time Running" value="135920" />
  <attribute name ="GC Interval" value="0" />
  <attribute name="Target GC Util Change" value ="80.000000" />
  <attribute name="Current GC Util Change" value="45.000000"/>
  <attribute name="Current Error" value="-274.000000" />
  <attribute name="Output H" value="27469416"/>
  <attribute name="Output I" value="1520"/>
  <attribute name="Output T" value="16"/>
  <attribute name= "Current Time Running" value="135920" />
  <attribute name="GC Util currently" value="45" />
  <attribute name="CPU Util currently" value="40660725992" />
<allocation-satisfied id="2349" threadId="0000000002035F00" bytesRequested="1168" />
<af-end id="2350" timestamp="2019-08-08T10:56:27.528" threadId="0000000002036888" success="true" />
<exclusive-end id="2351" timestamp="2019-08-08T10:56:27.528" durationms="51.530" />

<exclusive-start id="2352" timestamp="2019-08-08T10:56:27.532" intervalms="55.751">
  <response-info timems="0.023" idlems="0.023" threads="0" lastid="0000000002035F00" lastname="main" />
</exclusive-start>
<af-start id="2353" threadId="0000000002036888" totalBytesRequested="1168" timestamp="2019-08-08T10:56:27.532" intervalms="55.748" />
<cycle-start id="2354" type="global" contextid="0" timestamp="2019-08-08T10:56:27.532" intervalms="55.753" />
<gc-start id="2355" type="global" contextid="2354" timestamp="2019-08-08T10:56:27.532">
  <mem-info id="2356" free="274432" total="27525120" percent="0">
    <mem type="tenure" free="274432" total="27525120" percent="0">
      <mem type="soa" free="0" total="27250688" percent="0" />
      <mem type="loa" free="274432" total="274432" percent="100" />
    </mem>
  </mem-info>
</gc-start>
<allocation-stats totalBytes="9241136" >
  <allocated-bytes non-tlh="0" tlh="9241136" />
  <largest-consumer threadName="main" threadId="0000000002035F00" bytes="9241136" />
</allocation-stats>
<gc-op id="2357" type="mark" timems="17.666" contextid="2354" timestamp="2019-08-08T10:56:27.550">
  <trace-info objectcount="600493" scancount="521378" scanbytes="13382168" />
  <finalization candidates="80" enqueued="0" />
  <ownableSynchronizers candidates="21" cleared="0" />
  <references type="soft" candidates="3261" cleared="0" enqueued="0" dynamicThreshold="11" maxThreshold="32" />
  <references type="weak" candidates="5572" cleared="0" enqueued="0" />
  <references type="phantom" candidates="97" cleared="0" enqueued="0" />
  <stringconstants candidates="13595" cleared="0"  />
</gc-op>
<gc-op id="2358" type="sweep" timems="2.678" contextid="2354" timestamp="2019-08-08T10:56:27.553" />
<mem-info id="2359" free="9549008" total="27525120" percent="34">
  <mem type="tenure" free="9549008" total="27525120" percent="34" micro-fragmented="0" macro-fragmented="7740515">
    <mem type="soa" free="9274576" total="27250688" percent="34" />
    <mem type="loa" free="274432" total="274432" percent="100" />
  </mem>
</mem-info>
<gc-op id="2360" type="compact" timems="31.429" contextid="2354" timestamp="2019-08-08T10:56:27.584">
  <compact-info movecount="2" movebytes="56" reason="compact to aid heap contraction" />
</gc-op>
<heap-resize id="2361" type="expand" space="tenure" amount="131072" count="1" timems="0.019" reason="satisfy allocation request" timestamp="2019-08-08T10:56:27.586" />
<gc-end id="2362" type="global" contextid="2354" durationms="53.733" usertimems="108.229" systemtimems="0.000" timestamp="2019-08-08T10:56:27.586" activeThreads="16">
  <mem-info id="2363" free="9615064" total="27656192" percent="34">
    <mem type="tenure" free="9615064" total="27656192" percent="34">
      <mem type="soa" free="9338584" total="27379712" percent="34" />
      <mem type="loa" free="276480" total="276480" percent="100" />
    </mem>
  </mem-info>
</gc-end>
<cycle-end id="2364" type="global" contextid="2354" timestamp="2019-08-08T10:56:27.586" />
  <attribute name="elasticGC enabled" value="1" />
  <attribute name= "numThreadsSpecified" value="16" />
  <attribute name="heapSize specified" value="27525120" />
  <attribute name="Current GC Util" value="33" />
  <attribute name= "Current Time Running" value="135978" />
  <attribute name ="GC Interval" value="0" />
  <attribute name="Target GC Util Change" value ="80.000000" />
  <attribute name="Current GC Util Change" value="33.000000"/>
  <attribute name="Current Error" value="47.000000" />
  <attribute name="Output H" value="27600856"/>
  <attribute name="Output I" value="2096"/>
  <attribute name="Output T" value="16"/>
  <attribute name= "Current Time Running" value="135978" />
  <attribute name="GC Util currently" value="33" />
  <attribute name="CPU Util currently" value="36626433809" />
<allocation-satisfied id="2365" threadId="0000000002035F00" bytesRequested="1168" />
<af-end id="2366" timestamp="2019-08-08T10:56:27.586" threadId="0000000002036888" success="true" />
<exclusive-end id="2367" timestamp="2019-08-08T10:56:27.586" durationms="53.944" />

<exclusive-start id="2368" timestamp="2019-08-08T10:56:27.592" intervalms="59.499">
  <response-info timems="0.153" idlems="0.153" threads="0" lastid="0000000002035F00" lastname="main" />
</exclusive-start>
<af-start id="2369" threadId="0000000002036888" totalBytesRequested="1168" timestamp="2019-08-08T10:56:27.592" intervalms="59.610" />
<cycle-start id="2370" type="global" contextid="0" timestamp="2019-08-08T10:56:27.592" intervalms="59.660" />
<gc-start id="2371" type="global" contextid="2370" timestamp="2019-08-08T10:56:27.592">
  <mem-info id="2372" free="276480" total="27656192" percent="0">
    <mem type="tenure" free="276480" total="27656192" percent="0">
      <mem type="soa" free="0" total="27379712" percent="0" />
      <mem type="loa" free="276480" total="276480" percent="100" />
    </mem>
  </mem-info>
</gc-start>
<allocation-stats totalBytes="9370544" >
  <allocated-bytes non-tlh="0" tlh="9370544" />
  <largest-consumer threadName="main" threadId="0000000002035F00" bytes="9370544" />
</allocation-stats>
<gc-op id="2373" type="mark" timems="17.627" contextid="2370" timestamp="2019-08-08T10:56:27.610">
  <trace-info objectcount="600493" scancount="521396" scanbytes="13382168" />
  <finalization candidates="80" enqueued="0" />
  <ownableSynchronizers candidates="21" cleared="0" />
  <references type="soft" candidates="3261" cleared="0" enqueued="0" dynamicThreshold="11" maxThreshold="32" />
  <references type="weak" candidates="5572" cleared="0" enqueued="0" />
  <references type="phantom" candidates="97" cleared="0" enqueued="0" />
  <stringconstants candidates="13595" cleared="0"  />
</gc-op>
<gc-op id="2374" type="sweep" timems="1.805" contextid="2370" timestamp="2019-08-08T10:56:27.612" />
<mem-info id="2375" free="9680464" total="27656192" percent="35">
  <mem type="tenure" free="9680464" total="27656192" percent="35" micro-fragmented="0" macro-fragmented="0">
    <mem type="soa" free="9403984" total="27379712" percent="34" />
    <mem type="loa" free="276480" total="276480" percent="100" />
  </mem>
</mem-info>
<gc-op id="2376" type="compact" timems="24.396" contextid="2370" timestamp="2019-08-08T10:56:27.636">
  <compact-info movecount="2" movebytes="56" reason="compact to aid heap contraction" />
</gc-op>
<heap-resize id="2377" type="expand" space="tenure" amount="131072" count="1" timems="0.020" reason="satisfy allocation request" timestamp="2019-08-08T10:56:27.637" />
<gc-end id="2378" type="global" contextid="2370" durationms="44.937" usertimems="126.838" systemtimems="0.000" timestamp="2019-08-08T10:56:27.637" activeThreads="16">
  <mem-info id="2379" free="9746136" total="27787264" percent="35">
    <mem type="tenure" free="9746136" total="27787264" percent="35">
      <mem type="soa" free="9468632" total="27509760" percent="34" />
      <mem type="loa" free="277504" total="277504" percent="100" />
    </mem>
  </mem-info>
</gc-end>
<cycle-end id="2380" type="global" contextid="2370" timestamp="2019-08-08T10:56:27.637" />
  <attribute name="elasticGC enabled" value="1" />
  <attribute name= "numThreadsSpecified" value="16" />
  <attribute name="heapSize specified" value="27656192" />
  <attribute name="Current GC Util" value="50" />
  <attribute name= "Current Time Running" value="136029" />
  <attribute name ="GC Interval" value="0" />
  <attribute name="Target GC Util Change" value ="80.000000" />
  <attribute name="Current GC Util Change" value="50.000000"/>
  <attribute name="Current Error" value="-736.000000" />
  <attribute name="Output H" value="27731024"/>
  <attribute name="Output I" value="696"/>
  <attribute name="Output T" value="16"/>
  <attribute name= "Current Time Running" value="136029" />
  <attribute name="GC Util currently" value="50" />
  <attribute name="CPU Util currently" value="47210428023" />
<allocation-satisfied id="2381" threadId="0000000002035F00" bytesRequested="1168" />
<af-end id="2382" timestamp="2019-08-08T10:56:27.637" threadId="0000000002036888" success="true" />
<exclusive-end id="2383" timestamp="2019-08-08T10:56:27.637" durationms="45.348" />

<exclusive-start id="2384" timestamp="2019-08-08T10:56:27.643" intervalms="50.912">
  <response-info timems="0.047" idlems="0.047" threads="0" lastid="0000000002035F00" lastname="main" />
</exclusive-start>
<af-start id="2385" threadId="0000000002036888" totalBytesRequested="1168" timestamp="2019-08-08T10:56:27.643" intervalms="50.787" />
<cycle-start id="2386" type="global" contextid="0" timestamp="2019-08-08T10:56:27.643" intervalms="50.735" />
<gc-start id="2387" type="global" contextid="2386" timestamp="2019-08-08T10:56:27.643">
  <mem-info id="2388" free="277504" total="27787264" percent="0">
    <mem type="tenure" free="277504" total="27787264" percent="0">
      <mem type="soa" free="0" total="27509760" percent="0" />
      <mem type="loa" free="277504" total="277504" percent="100" />
    </mem>
  </mem-info>
</gc-start>
<allocation-stats totalBytes="9499952" >
  <allocated-bytes non-tlh="0" tlh="9499952" />
  <largest-consumer threadName="main" threadId="0000000002035F00" bytes="9499952" />
</allocation-stats>
<gc-op id="2389" type="mark" timems="21.272" contextid="2386" timestamp="2019-08-08T10:56:27.664">
  <trace-info objectcount="600493" scancount="521371" scanbytes="13382168" />
  <finalization candidates="80" enqueued="0" />
  <ownableSynchronizers candidates="21" cleared="0" />
  <references type="soft" candidates="3261" cleared="0" enqueued="0" dynamicThreshold="11" maxThreshold="32" />
  <references type="weak" candidates="5572" cleared="0" enqueued="0" />
  <references type="phantom" candidates="97" cleared="0" enqueued="0" />
  <stringconstants candidates="13595" cleared="0"  />
</gc-op>
<gc-op id="2390" type="sweep" timems="6.047" contextid="2386" timestamp="2019-08-08T10:56:27.670" />
<mem-info id="2391" free="9811328" total="27787264" percent="35">
  <mem type="tenure" free="9811328" total="27787264" percent="35" micro-fragmented="0" macro-fragmented="0">
    <mem type="soa" free="9533824" total="27509760" percent="34" />
    <mem type="loa" free="277504" total="277504" percent="100" />
  </mem>
</mem-info>
<gc-op id="2392" type="compact" timems="31.902" contextid="2386" timestamp="2019-08-08T10:56:27.702">
  <compact-info movecount="2" movebytes="56" reason="compact to aid heap contraction" />
</gc-op>
<heap-resize id="2393" type="expand" space="tenure" amount="131072" count="1" timems="0.020" reason="satisfy allocation request" timestamp="2019-08-08T10:56:27.707" />
<gc-end id="2394" type="global" contextid="2386" durationms="63.993" usertimems="125.347" systemtimems="0.000" timestamp="2019-08-08T10:56:27.707" activeThreads="16">
  <mem-info id="2395" free="9877208" total="27918336" percent="35">
    <mem type="tenure" free="9877208" total="27918336" percent="35">
      <mem type="soa" free="9598680" total="27639808" percent="34" />
      <mem type="loa" free="278528" total="278528" percent="100" />
    </mem>
  </mem-info>
</gc-end>
<cycle-end id="2396" type="global" contextid="2386" timestamp="2019-08-08T10:56:27.707" />
  <attribute name="elasticGC enabled" value="1" />
  <attribute name= "numThreadsSpecified" value="16" />
  <attribute name="heapSize specified" value="27787264" />
  <attribute name="Current GC Util" value="47" />
  <attribute name= "Current Time Running" value="136096" />
  <attribute name ="GC Interval" value="0" />
  <attribute name="Target GC Util Change" value ="80.000000" />
  <attribute name="Current GC Util Change" value="47.000000"/>
  <attribute name="Current Error" value="-202.000000" />
  <attribute name="Output H" value="27862712"/>
  <attribute name="Output I" value="1648"/>
  <attribute name="Output T" value="16"/>
  <attribute name= "Current Time Running" value="136096" />
  <attribute name="GC Util currently" value="47" />
  <attribute name="CPU Util currently" value="36084574495" />
<allocation-satisfied id="2397" threadId="0000000002035F00" bytesRequested="1168" />
<af-end id="2398" timestamp="2019-08-08T10:56:27.707" threadId="0000000002036888" success="true" />
<exclusive-end id="2399" timestamp="2019-08-08T10:56:27.707" durationms="64.199" />

<exclusive-start id="2400" timestamp="2019-08-08T10:56:27.713" intervalms="69.987">
  <response-info timems="0.077" idlems="0.077" threads="0" lastid="0000000002035F00" lastname="main" />
</exclusive-start>
<af-start id="2401" threadId="0000000002036888" totalBytesRequested="1168" timestamp="2019-08-08T10:56:27.713" intervalms="70.041" />
<cycle-start id="2402" type="global" contextid="0" timestamp="2019-08-08T10:56:27.713" intervalms="70.099" />
<gc-start id="2403" type="global" contextid="2402" timestamp="2019-08-08T10:56:27.713">
  <mem-info id="2404" free="278528" total="27918336" percent="0">
    <mem type="tenure" free="278528" total="27918336" percent="0">
      <mem type="soa" free="0" total="27639808" percent="0" />
      <mem type="loa" free="278528" total="278528" percent="100" />
    </mem>
  </mem-info>
</gc-start>
<allocation-stats totalBytes="9629384" >
  <allocated-bytes non-tlh="0" tlh="9629384" />
  <largest-consumer threadName="main" threadId="0000000002035F00" bytes="9629384" />
</allocation-stats>
<gc-op id="2405" type="mark" timems="14.527" contextid="2402" timestamp="2019-08-08T10:56:27.727">
  <trace-info objectcount="600493" scancount="521378" scanbytes="13382168" />
  <finalization candidates="80" enqueued="0" />
  <ownableSynchronizers candidates="21" cleared="0" />
  <references type="soft" candidates="3261" cleared="0" enqueued="0" dynamicThreshold="11" maxThreshold="32" />
  <references type="weak" candidates="5572" cleared="0" enqueued="0" />
  <references type="phantom" candidates="97" cleared="0" enqueued="0" />
  <stringconstants candidates="13595" cleared="0"  />
</gc-op>
<gc-op id="2406" type="sweep" timems="6.438" contextid="2402" timestamp="2019-08-08T10:56:27.734" />
<mem-info id="2407" free="9942192" total="27918336" percent="35">
  <mem type="tenure" free="9942192" total="27918336" percent="35" micro-fragmented="0" macro-fragmented="0">
    <mem type="soa" free="9663664" total="27639808" percent="34" />
    <mem type="loa" free="278528" total="278528" percent="100" />
  </mem>
</mem-info>
<gc-op id="2408" type="compact" timems="30.611" contextid="2402" timestamp="2019-08-08T10:56:27.765">
  <compact-info movecount="2" movebytes="56" reason="compact to aid heap contraction" />
</gc-op>
<heap-resize id="2409" type="expand" space="tenure" amount="131072" count="1" timems="0.014" reason="satisfy allocation request" timestamp="2019-08-08T10:56:27.767" />
<gc-end id="2410" type="global" contextid="2402" durationms="54.021" usertimems="143.230" systemtimems="0.000" timestamp="2019-08-08T10:56:27.767" activeThreads="16">
  <mem-info id="2411" free="10008280" total="28049408" percent="35">
    <mem type="tenure" free="10008280" total="28049408" percent="35">
      <mem type="soa" free="9728728" total="27769856" percent="35" />
      <mem type="loa" free="279552" total="279552" percent="100" />
    </mem>
  </mem-info>
</gc-end>
<cycle-end id="2412" type="global" contextid="2402" timestamp="2019-08-08T10:56:27.767" />
  <attribute name="elasticGC enabled" value="1" />
  <attribute name= "numThreadsSpecified" value="16" />
  <attribute name="heapSize specified" value="27918336" />
  <attribute name="Current GC Util" value="67" />
  <attribute name= "Current Time Running" value="136158" />
  <attribute name ="GC Interval" value="0" />
  <attribute name="Target GC Util Change" value ="80.000000" />
  <attribute name="Current GC Util Change" value="67.000000"/>
  <attribute name="Current Error" value="13.000000" />
  <attribute name="Output H" value="27994032"/>
  <attribute name="Output I" value="2032"/>
  <attribute name="Output T" value="16"/>
  <attribute name= "Current Time Running" value="136158" />
  <attribute name="GC Util currently" value="67" />
  <attribute name="CPU Util currently" value="37600752708" />
<allocation-satisfied id="2413" threadId="0000000002035F00" bytesRequested="1168" />
<af-end id="2414" timestamp="2019-08-08T10:56:27.767" threadId="0000000002036888" success="true" />
<exclusive-end id="2415" timestamp="2019-08-08T10:56:27.767" durationms="54.352" />

<exclusive-start id="2416" timestamp="2019-08-08T10:56:27.770" intervalms="57.702">
  <response-info timems="0.028" idlems="0.028" threads="0" lastid="0000000002035F00" lastname="main" />
</exclusive-start>
<af-start id="2417" threadId="0000000002036888" totalBytesRequested="1168" timestamp="2019-08-08T10:56:27.770" intervalms="57.656" />
<cycle-start id="2418" type="global" contextid="0" timestamp="2019-08-08T10:56:27.770" intervalms="57.609" />
<gc-start id="2419" type="global" contextid="2418" timestamp="2019-08-08T10:56:27.771">
  <mem-info id="2420" free="279552" total="28049408" percent="0">
    <mem type="tenure" free="279552" total="28049408" percent="0">
      <mem type="soa" free="0" total="27769856" percent="0" />
      <mem type="loa" free="279552" total="279552" percent="100" />
    </mem>
  </mem-info>
</gc-start>
<allocation-stats totalBytes="9758768" >
  <allocated-bytes non-tlh="0" tlh="9758768" />
  <largest-consumer threadName="main" threadId="0000000002035F00" bytes="9758768" />
</allocation-stats>
<gc-op id="2421" type="mark" timems="38.823" contextid="2418" timestamp="2019-08-08T10:56:27.809">
  <trace-info objectcount="600493" scancount="521378" scanbytes="13382168" />
  <finalization candidates="80" enqueued="0" />
  <ownableSynchronizers candidates="21" cleared="0" />
  <references type="soft" candidates="3261" cleared="0" enqueued="0" dynamicThreshold="11" maxThreshold="32" />
  <references type="weak" candidates="5572" cleared="0" enqueued="0" />
  <references type="phantom" candidates="97" cleared="0" enqueued="0" />
  <stringconstants candidates="13595" cleared="0"  />
</gc-op>
<gc-op id="2422" type="sweep" timems="5.068" contextid="2418" timestamp="2019-08-08T10:56:27.815" />
<mem-info id="2423" free="10073056" total="28049408" percent="35">
  <mem type="tenure" free="10073056" total="28049408" percent="35" micro-fragmented="0" macro-fragmented="0">
    <mem type="soa" free="9793504" total="27769856" percent="35" />
    <mem type="loa" free="279552" total="279552" percent="100" />
  </mem>
</mem-info>
<gc-op id="2424" type="compact" timems="25.948" contextid="2418" timestamp="2019-08-08T10:56:27.841">
  <compact-info movecount="2" movebytes="56" reason="compact to aid heap contraction" />
</gc-op>
<heap-resize id="2425" type="expand" space="tenure" amount="131072" count="1" timems="0.017" reason="satisfy allocation request" timestamp="2019-08-08T10:56:27.841" />
<gc-end id="2426" type="global" contextid="2418" durationms="70.702" usertimems="82.054" systemtimems="25.783" timestamp="2019-08-08T10:56:27.841" activeThreads="16">
  <mem-info id="2427" free="10139352" total="28180480" percent="35">
    <mem type="tenure" free="10139352" total="28180480" percent="35">
      <mem type="soa" free="9857752" total="27898880" percent="35" />
      <mem type="loa" free="281600" total="281600" percent="100" />
    </mem>
  </mem-info>
</gc-end>
<cycle-end id="2428" type="global" contextid="2418" timestamp="2019-08-08T10:56:27.841" />
  <attribute name="elasticGC enabled" value="1" />
  <attribute name= "numThreadsSpecified" value="16" />
  <attribute name="heapSize specified" value="28049408" />
  <attribute name="Current GC Util" value="56" />
  <attribute name= "Current Time Running" value="136234" />
  <attribute name ="GC Interval" value="0" />
  <attribute name="Target GC Util Change" value ="80.000000" />
  <attribute name="Current GC Util Change" value="56.000000"/>
  <attribute name="Current Error" value="-533.000000" />
  <attribute name="Output H" value="28124480"/>
  <attribute name="Output I" value="1056"/>
  <attribute name="Output T" value="16"/>
  <attribute name= "Current Time Running" value="136234" />
  <attribute name="GC Util currently" value="56" />
  <attribute name="CPU Util currently" value="44397156155" />
<allocation-satisfied id="2429" threadId="0000000002035F00" bytesRequested="1168" />
<af-end id="2430" timestamp="2019-08-08T10:56:27.841" threadId="0000000002036888" success="true" />
<exclusive-end id="2431" timestamp="2019-08-08T10:56:27.841" durationms="70.945" />

<exclusive-start id="2432" timestamp="2019-08-08T10:56:27.844" intervalms="73.168">
  <response-info timems="0.013" idlems="0.013" threads="0" lastid="0000000002035F00" lastname="main" />
</exclusive-start>
<af-start id="2433" threadId="0000000002036888" totalBytesRequested="1168" timestamp="2019-08-08T10:56:27.844" intervalms="73.144" />
<cycle-start id="2434" type="global" contextid="0" timestamp="2019-08-08T10:56:27.844" intervalms="73.130" />
<gc-start id="2435" type="global" contextid="2434" timestamp="2019-08-08T10:56:27.844">
  <mem-info id="2436" free="281600" total="28180480" percent="0">
    <mem type="tenure" free="281600" total="28180480" percent="0">
      <mem type="soa" free="0" total="27898880" percent="0" />
      <mem type="loa" free="281600" total="281600" percent="100" />
    </mem>
  </mem-info>
</gc-start>
<allocation-stats totalBytes="9886968" >
  <allocated-bytes non-tlh="0" tlh="9886968" />
  <largest-consumer threadName="main" threadId="0000000002035F00" bytes="9886968" />
</allocation-stats>
<gc-op id="2437" type="mark" timems="17.489" contextid="2434" timestamp="2019-08-08T10:56:27.861">
  <trace-info objectcount="600493" scancount="521377" scanbytes="13382168" />
  <finalization candidates="80" enqueued="0" />
  <ownableSynchronizers candidates="21" cleared="0" />
  <references type="soft" candidates="3261" cleared="0" enqueued="0" dynamicThreshold="11" maxThreshold="32" />
  <references type="weak" candidates="5572" cleared="0" enqueued="0" />
  <references type="phantom" candidates="97" cleared="0" enqueued="0" />
  <stringconstants candidates="13595" cleared="0"  />
</gc-op>
<gc-op id="2438" type="sweep" timems="4.174" contextid="2434" timestamp="2019-08-08T10:56:27.865" />
<mem-info id="2439" free="10204888" total="28180480" percent="36">
  <mem type="tenure" free="10204888" total="28180480" percent="36" micro-fragmented="0" macro-fragmented="0">
    <mem type="soa" free="9923288" total="27898880" percent="35" />
    <mem type="loa" free="281600" total="281600" percent="100" />
  </mem>
</mem-info>
<gc-op id="2440" type="compact" timems="26.999" contextid="2434" timestamp="2019-08-08T10:56:27.893">
  <compact-info movecount="2" movebytes="56" reason="compact to aid heap contraction" />
</gc-op>
<heap-resize id="2441" type="expand" space="tenure" amount="131072" count="1" timems="0.018" reason="satisfy allocation request" timestamp="2019-08-08T10:56:27.893" />
<gc-end id="2442" type="global" contextid="2434" durationms="49.619" usertimems="68.166" systemtimems="10.361" timestamp="2019-08-08T10:56:27.893" activeThreads="16">
  <mem-info id="2443" free="10270424" total="28311552" percent="36">
    <mem type="tenure" free="10270424" total="28311552" percent="36">
      <mem type="soa" free="9987800" total="28028928" percent="35" />
      <mem type="loa" free="282624" total="282624" percent="100" />
    </mem>
  </mem-info>
</gc-end>
<cycle-end id="2444" type="global" contextid="2434" timestamp="2019-08-08T10:56:27.893" />
  <attribute name="elasticGC enabled" value="1" />
  <attribute name= "numThreadsSpecified" value="16" />
  <attribute name="heapSize specified" value="28180480" />
  <attribute name="Current GC Util" value="33" />
  <attribute name= "Current Time Running" value="136286" />
  <attribute name ="GC Interval" value="0" />
  <attribute name="Target GC Util Change" value ="80.000000" />
  <attribute name="Current GC Util Change" value="33.000000"/>
  <attribute name="Current Error" value="-57.000000" />
  <attribute name="Output H" value="28256096"/>
  <attribute name="Output I" value="1912"/>
  <attribute name="Output T" value="16"/>
  <attribute name= "Current Time Running" value="136286" />
  <attribute name="GC Util currently" value="33" />
  <attribute name="CPU Util currently" value="42667173267" />
<allocation-satisfied id="2445" threadId="0000000002035F00" bytesRequested="1168" />
<af-end id="2446" timestamp="2019-08-08T10:56:27.893" threadId="0000000002036888" success="true" />
<exclusive-end id="2447" timestamp="2019-08-08T10:56:27.893" durationms="49.789" />

<exclusive-start id="2448" timestamp="2019-08-08T10:56:27.895" intervalms="51.819">
  <response-info timems="0.036" idlems="0.036" threads="0" lastid="0000000002035F00" lastname="main" />
</exclusive-start>
<af-start id="2449" threadId="0000000002036888" totalBytesRequested="1168" timestamp="2019-08-08T10:56:27.895" intervalms="51.818" />
<cycle-start id="2450" type="global" contextid="0" timestamp="2019-08-08T10:56:27.895" intervalms="51.818" />
<gc-start id="2451" type="global" contextid="2450" timestamp="2019-08-08T10:56:27.895">
  <mem-info id="2452" free="282624" total="28311552" percent="0">
    <mem type="tenure" free="282624" total="28311552" percent="0">
      <mem type="soa" free="0" total="28028928" percent="0" />
      <mem type="loa" free="282624" total="282624" percent="100" />
    </mem>
  </mem-info>
</gc-start>
<allocation-stats totalBytes="10017584" >
  <allocated-bytes non-tlh="0" tlh="10017584" />
  <largest-consumer threadName="main" threadId="0000000002035F00" bytes="10017584" />
</allocation-stats>
<gc-op id="2453" type="mark" timems="12.548" contextid="2450" timestamp="2019-08-08T10:56:27.908">
  <trace-info objectcount="600493" scancount="521381" scanbytes="13382168" />
  <finalization candidates="80" enqueued="0" />
  <ownableSynchronizers candidates="21" cleared="0" />
  <references type="soft" candidates="3261" cleared="0" enqueued="0" dynamicThreshold="11" maxThreshold="32" />
  <references type="weak" candidates="5572" cleared="0" enqueued="0" />
  <references type="phantom" candidates="97" cleared="0" enqueued="0" />
  <stringconstants candidates="13595" cleared="0"  />
</gc-op>
<gc-op id="2454" type="sweep" timems="7.546" contextid="2450" timestamp="2019-08-08T10:56:27.916" />
<mem-info id="2455" free="10335808" total="28311552" percent="36">
  <mem type="tenure" free="10335808" total="28311552" percent="36" micro-fragmented="0" macro-fragmented="0">
    <mem type="soa" free="10053184" total="28028928" percent="35" />
    <mem type="loa" free="282624" total="282624" percent="100" />
  </mem>
</mem-info>
<gc-op id="2456" type="compact" timems="27.994" contextid="2450" timestamp="2019-08-08T10:56:27.944">
  <compact-info movecount="2" movebytes="56" reason="compact to aid heap contraction" />
</gc-op>
<heap-resize id="2457" type="expand" space="tenure" amount="131072" count="1" timems="0.022" reason="satisfy allocation request" timestamp="2019-08-08T10:56:27.944" />
<gc-end id="2458" type="global" contextid="2450" durationms="49.009" usertimems="77.879" systemtimems="22.438" timestamp="2019-08-08T10:56:27.944" activeThreads="16">
  <mem-info id="2459" free="10401496" total="28442624" percent="36">
    <mem type="tenure" free="10401496" total="28442624" percent="36">
      <mem type="soa" free="10117848" total="28158976" percent="35" />
      <mem type="loa" free="283648" total="283648" percent="100" />
    </mem>
  </mem-info>
</gc-end>
<cycle-end id="2460" type="global" contextid="2450" timestamp="2019-08-08T10:56:27.945" />
  <attribute name="elasticGC enabled" value="1" />
  <attribute name= "numThreadsSpecified" value="16" />
  <attribute name="heapSize specified" value="28311552" />
  <attribute name="Current GC Util" value="56" />
  <attribute name= "Current Time Running" value="136337" />
  <attribute name ="GC Interval" value="0" />
  <attribute name="Target GC Util Change" value ="80.000000" />
  <attribute name="Current GC Util Change" value="56.000000"/>
  <attribute name="Current Error" value="24.000000" />
  <attribute name="Output H" value="28387264"/>
  <attribute name="Output I" value="2056"/>
  <attribute name="Output T" value="16"/>
  <attribute name= "Current Time Running" value="136337" />
  <attribute name="GC Util currently" value="56" />
  <attribute name="CPU Util currently" value="41114989765" />
<allocation-satisfied id="2461" threadId="0000000002035F00" bytesRequested="1168" />
<af-end id="2462" timestamp="2019-08-08T10:56:27.945" threadId="0000000002036888" success="true" />
<exclusive-end id="2463" timestamp="2019-08-08T10:56:27.945" durationms="49.201" />

<exclusive-start id="2464" timestamp="2019-08-08T10:56:27.947" intervalms="52.078">
  <response-info timems="0.043" idlems="0.043" threads="0" lastid="0000000002035F00" lastname="main" />
</exclusive-start>
<af-start id="2465" threadId="0000000002036888" totalBytesRequested="1168" timestamp="2019-08-08T10:56:27.947" intervalms="52.086" />
<cycle-start id="2466" type="global" contextid="0" timestamp="2019-08-08T10:56:27.947" intervalms="52.090" />
<gc-start id="2467" type="global" contextid="2466" timestamp="2019-08-08T10:56:27.948">
  <mem-info id="2468" free="283648" total="28442624" percent="0">
    <mem type="tenure" free="283648" total="28442624" percent="0">
      <mem type="soa" free="0" total="28158976" percent="0" />
      <mem type="loa" free="283648" total="283648" percent="100" />
    </mem>
  </mem-info>
</gc-start>
<allocation-stats totalBytes="10147016" >
  <allocated-bytes non-tlh="0" tlh="10147016" />
  <largest-consumer threadName="main" threadId="0000000002035F00" bytes="10147016" />
</allocation-stats>
<gc-op id="2469" type="mark" timems="22.091" contextid="2466" timestamp="2019-08-08T10:56:27.970">
  <trace-info objectcount="600493" scancount="521375" scanbytes="13382168" />
  <finalization candidates="80" enqueued="0" />
  <ownableSynchronizers candidates="21" cleared="0" />
  <references type="soft" candidates="3261" cleared="0" enqueued="0" dynamicThreshold="11" maxThreshold="32" />
  <references type="weak" candidates="5572" cleared="0" enqueued="0" />
  <references type="phantom" candidates="97" cleared="0" enqueued="0" />
  <stringconstants candidates="13595" cleared="0"  />
</gc-op>
<gc-op id="2470" type="sweep" timems="3.862" contextid="2466" timestamp="2019-08-08T10:56:27.974" />
<mem-info id="2471" free="10466672" total="28442624" percent="36">
  <mem type="tenure" free="10466672" total="28442624" percent="36" micro-fragmented="0" macro-fragmented="0">
    <mem type="soa" free="10183024" total="28158976" percent="36" />
    <mem type="loa" free="283648" total="283648" percent="100" />
  </mem>
</mem-info>
<gc-op id="2472" type="compact" timems="32.477" contextid="2466" timestamp="2019-08-08T10:56:28.006">
  <compact-info movecount="2" movebytes="56" reason="compact to aid heap contraction" />
</gc-op>
<heap-resize id="2473" type="expand" space="tenure" amount="131072" count="1" timems="0.012" reason="satisfy allocation request" timestamp="2019-08-08T10:56:28.008" />
<gc-end id="2474" type="global" contextid="2466" durationms="60.123" usertimems="88.122" systemtimems="31.463" timestamp="2019-08-08T10:56:28.008" activeThreads="16">
  <mem-info id="2475" free="10532568" total="28573696" percent="36">
    <mem type="tenure" free="10532568" total="28573696" percent="36">
      <mem type="soa" free="10246872" total="28288000" percent="36" />
      <mem type="loa" free="285696" total="285696" percent="100" />
    </mem>
  </mem-info>
</gc-end>
<cycle-end id="2476" type="global" contextid="2466" timestamp="2019-08-08T10:56:28.008" />
  <attribute name="elasticGC enabled" value="1" />
  <attribute name= "numThreadsSpecified" value="16" />
  <attribute name="heapSize specified" value="28442624" />
  <attribute name="Current GC Util" value="50" />
  <attribute name= "Current Time Running" value="136399" />
  <attribute name ="GC Interval" value="0" />
  <attribute name="Target GC Util Change" value ="80.000000" />
  <attribute name="Current GC Util Change" value="50.000000"/>
  <attribute name="Current Error" value="-882.000000" />
  <attribute name="Output H" value="28517288"/>
  <attribute name="Output I" value="440"/>
  <attribute name="Output T" value="16"/>
  <attribute name= "Current Time Running" value="136399" />
  <attribute name="GC Util currently" value="50" />
  <attribute name="CPU Util currently" value="35462824354" />
<allocation-satisfied id="2477" threadId="0000000002035F00" bytesRequested="1168" />
<af-end id="2478" timestamp="2019-08-08T10:56:28.008" threadId="0000000002036888" success="true" />
<exclusive-end id="2479" timestamp="2019-08-08T10:56:28.008" durationms="60.333" />

<exclusive-start id="2480" timestamp="2019-08-08T10:56:28.010" intervalms="62.904">
  <response-info timems="0.017" idlems="0.017" threads="0" lastid="0000000002035F00" lastname="main" />
</exclusive-start>
<af-start id="2481" threadId="0000000002036888" totalBytesRequested="1168" timestamp="2019-08-08T10:56:28.010" intervalms="62.921" />
<cycle-start id="2482" type="global" contextid="0" timestamp="2019-08-08T10:56:28.010" intervalms="62.923" />
<gc-start id="2483" type="global" contextid="2482" timestamp="2019-08-08T10:56:28.010">
  <mem-info id="2484" free="285696" total="28573696" percent="0">
    <mem type="tenure" free="285696" total="28573696" percent="0">
      <mem type="soa" free="0" total="28288000" percent="0" />
      <mem type="loa" free="285696" total="285696" percent="100" />
    </mem>
  </mem-info>
</gc-start>
<allocation-stats totalBytes="10275168" >
  <allocated-bytes non-tlh="0" tlh="10275168" />
  <largest-consumer threadName="main" threadId="0000000002035F00" bytes="10275168" />
</allocation-stats>
<gc-op id="2485" type="mark" timems="34.219" contextid="2482" timestamp="2019-08-08T10:56:28.045">
  <trace-info objectcount="600493" scancount="521379" scanbytes="13382168" />
  <finalization candidates="80" enqueued="0" />
  <ownableSynchronizers candidates="21" cleared="0" />
  <references type="soft" candidates="3261" cleared="0" enqueued="0" dynamicThreshold="11" maxThreshold="32" />
  <references type="weak" candidates="5572" cleared="0" enqueued="0" />
  <references type="phantom" candidates="97" cleared="0" enqueued="0" />
  <stringconstants candidates="13595" cleared="0"  />
</gc-op>
<gc-op id="2486" type="sweep" timems="4.541" contextid="2482" timestamp="2019-08-08T10:56:28.049" />
<mem-info id="2487" free="10598104" total="28573696" percent="37">
  <mem type="tenure" free="10598104" total="28573696" percent="37" micro-fragmented="0" macro-fragmented="0">
    <mem type="soa" free="10312408" total="28288000" percent="36" />
    <mem type="loa" free="285696" total="285696" percent="100" />
  </mem>
</mem-info>
<gc-op id="2488" type="compact" timems="29.034" contextid="2482" timestamp="2019-08-08T10:56:28.078">
  <compact-info movecount="2" movebytes="56" reason="compact to aid heap contraction" />
</gc-op>
<heap-resize id="2489" type="expand" space="tenure" amount="131072" count="1" timems="0.037" reason="satisfy allocation request" timestamp="2019-08-08T10:56:28.081" />
<gc-end id="2490" type="global" contextid="2482" durationms="70.288" usertimems="123.367" systemtimems="60.043" timestamp="2019-08-08T10:56:28.081" activeThreads="16">
  <mem-info id="2491" free="10663640" total="28704768" percent="37">
    <mem type="tenure" free="10663640" total="28704768" percent="37">
      <mem type="soa" free="10376920" total="28418048" percent="36" />
      <mem type="loa" free="286720" total="286720" percent="100" />
    </mem>
  </mem-info>
</gc-end>
<cycle-end id="2492" type="global" contextid="2482" timestamp="2019-08-08T10:56:28.081" />
  <attribute name="elasticGC enabled" value="1" />
  <attribute name= "numThreadsSpecified" value="16" />
  <attribute name="heapSize specified" value="28573696" />
  <attribute name="Current GC Util" value="58" />
  <attribute name= "Current Time Running" value="136472" />
  <attribute name ="GC Interval" value="0" />
  <attribute name="Target GC Util Change" value ="80.000000" />
  <attribute name="Current GC Util Change" value="58.000000"/>
  <attribute name="Current Error" value="-259.000000" />
  <attribute name="Output H" value="28649080"/>
  <attribute name="Output I" value="1552"/>
  <attribute name="Output T" value="16"/>
  <attribute name= "Current Time Running" value="136472" />
  <attribute name="GC Util currently" value="58" />
  <attribute name="CPU Util currently" value="39659461952" />
<allocation-satisfied id="2493" threadId="0000000002035F00" bytesRequested="1168" />
<af-end id="2494" timestamp="2019-08-08T10:56:28.081" threadId="0000000002036888" success="true" />
<exclusive-end id="2495" timestamp="2019-08-08T10:56:28.081" durationms="70.591" />

<exclusive-start id="2496" timestamp="2019-08-08T10:56:28.084" intervalms="73.194">
  <response-info timems="0.016" idlems="0.016" threads="0" lastid="0000000002035F00" lastname="main" />
</exclusive-start>
<af-start id="2497" threadId="0000000002036888" totalBytesRequested="1168" timestamp="2019-08-08T10:56:28.084" intervalms="73.190" />
<cycle-start id="2498" type="global" contextid="0" timestamp="2019-08-08T10:56:28.084" intervalms="73.190" />
<gc-start id="2499" type="global" contextid="2498" timestamp="2019-08-08T10:56:28.084">
  <mem-info id="2500" free="286720" total="28704768" percent="0">
    <mem type="tenure" free="286720" total="28704768" percent="0">
      <mem type="soa" free="0" total="28418048" percent="0" />
      <mem type="loa" free="286720" total="286720" percent="100" />
    </mem>
  </mem-info>
</gc-start>
<allocation-stats totalBytes="10404600" >
  <allocated-bytes non-tlh="0" tlh="10404600" />
  <largest-consumer threadName="main" threadId="0000000002035F00" bytes="10404600" />
</allocation-stats>
<gc-op id="2501" type="mark" timems="22.042" contextid="2498" timestamp="2019-08-08T10:56:28.106">
  <trace-info objectcount="600493" scancount="521382" scanbytes="13382168" />
  <finalization candidates="80" enqueued="0" />
  <ownableSynchronizers candidates="21" cleared="0" />
  <references type="soft" candidates="3261" cleared="0" enqueued="0" dynamicThreshold="11" maxThreshold="32" />
  <references type="weak" candidates="5572" cleared="0" enqueued="0" />
  <references type="phantom" candidates="97" cleared="0" enqueued="0" />
  <stringconstants candidates="13595" cleared="0"  />
</gc-op>
<gc-op id="2502" type="sweep" timems="3.532" contextid="2498" timestamp="2019-08-08T10:56:28.109" />
<mem-info id="2503" free="10729176" total="28704768" percent="37">
  <mem type="tenure" free="10729176" total="28704768" percent="37" micro-fragmented="0" macro-fragmented="0">
    <mem type="soa" free="10442456" total="28418048" percent="36" />
    <mem type="loa" free="286720" total="286720" percent="100" />
  </mem>
</mem-info>
<gc-op id="2504" type="compact" timems="27.009" contextid="2498" timestamp="2019-08-08T10:56:28.136">
  <compact-info movecount="2" movebytes="56" reason="compact to aid heap contraction" />
</gc-op>
<heap-resize id="2505" type="expand" space="tenure" amount="131072" count="1" timems="0.023" reason="satisfy allocation request" timestamp="2019-08-08T10:56:28.138" />
<gc-end id="2506" type="global" contextid="2498" durationms="54.590" usertimems="64.966" systemtimems="50.853" timestamp="2019-08-08T10:56:28.138" activeThreads="16">
  <mem-info id="2507" free="10794712" total="28835840" percent="37">
    <mem type="tenure" free="10794712" total="28835840" percent="37">
      <mem type="soa" free="10506968" total="28548096" percent="36" />
      <mem type="loa" free="287744" total="287744" percent="100" />
    </mem>
  </mem-info>
</gc-end>
<cycle-end id="2508" type="global" contextid="2498" timestamp="2019-08-08T10:56:28.138" />
  <attribute name="elasticGC enabled" value="1" />
  <attribute name= "numThreadsSpecified" value="16" />
  <attribute name="heapSize specified" value="28704768" />
  <attribute name="Current GC Util" value="50" />
  <attribute name= "Current Time Running" value="136530" />
  <attribute name ="GC Interval" value="0" />
  <attribute name="Target GC Util Change" value ="80.000000" />
  <attribute name="Current GC Util Change" value="50.000000"/>
  <attribute name="Current Error" value="30.000000" />
  <attribute name="Output H" value="28780488"/>
  <attribute name="Output I" value="2064"/>
  <attribute name="Output T" value="16"/>
  <attribute name= "Current Time Running" value="136530" />
  <attribute name="GC Util currently" value="50" />
  <attribute name="CPU Util currently" value="42586786897" />
<allocation-satisfied id="2509" threadId="0000000002035F00" bytesRequested="1168" />
<af-end id="2510" timestamp="2019-08-08T10:56:28.138" threadId="0000000002036888" success="true" />
<exclusive-end id="2511" timestamp="2019-08-08T10:56:28.138" durationms="54.830" />

<exclusive-start id="2512" timestamp="2019-08-08T10:56:28.141" intervalms="57.404">
  <response-info timems="0.018" idlems="0.018" threads="0" lastid="0000000002035F00" lastname="main" />
</exclusive-start>
<af-start id="2513" threadId="0000000002036888" totalBytesRequested="1168" timestamp="2019-08-08T10:56:28.141" intervalms="57.397" />
<cycle-start id="2514" type="global" contextid="0" timestamp="2019-08-08T10:56:28.141" intervalms="57.392" />
<gc-start id="2515" type="global" contextid="2514" timestamp="2019-08-08T10:56:28.141">
  <mem-info id="2516" free="287744" total="28835840" percent="0">
    <mem type="tenure" free="287744" total="28835840" percent="0">
      <mem type="soa" free="0" total="28548096" percent="0" />
      <mem type="loa" free="287744" total="287744" percent="100" />
    </mem>
  </mem-info>
</gc-start>
<allocation-stats totalBytes="10535240" >
  <allocated-bytes non-tlh="0" tlh="10535240" />
  <largest-consumer threadName="main" threadId="0000000002035F00" bytes="10535240" />
</allocation-stats>
<gc-op id="2517" type="mark" timems="12.971" contextid="2514" timestamp="2019-08-08T10:56:28.154">
  <trace-info objectcount="600493" scancount="521381" scanbytes="13382168" />
  <finalization candidates="80" enqueued="0" />
  <ownableSynchronizers candidates="21" cleared="0" />
  <references type="soft" candidates="3261" cleared="0" enqueued="0" dynamicThreshold="11" maxThreshold="32" />
  <references type="weak" candidates="5572" cleared="0" enqueued="0" />
  <references type="phantom" candidates="97" cleared="0" enqueued="0" />
  <stringconstants candidates="13595" cleared="0"  />
</gc-op>
<gc-op id="2518" type="sweep" timems="4.315" contextid="2514" timestamp="2019-08-08T10:56:28.158" />
<mem-info id="2519" free="10860248" total="28835840" percent="37">
  <mem type="tenure" free="10860248" total="28835840" percent="37" micro-fragmented="0" macro-fragmented="0">
    <mem type="soa" free="10572504" total="28548096" percent="37" />
    <mem type="loa" free="287744" total="287744" percent="100" />
  </mem>
</mem-info>
<gc-op id="2520" type="compact" timems="27.325" contextid="2514" timestamp="2019-08-08T10:56:28.186">
  <compact-info movecount="2" movebytes="56" reason="compact to aid heap contraction" />
</gc-op>
<heap-resize id="2521" type="expand" space="tenure" amount="131072" count="1" timems="0.019" reason="satisfy allocation request" timestamp="2019-08-08T10:56:28.186" />
<gc-end id="2522" type="global" contextid="2514" durationms="45.427" usertimems="55.217" systemtimems="31.075" timestamp="2019-08-08T10:56:28.186" activeThreads="16">
  <mem-info id="2523" free="10925784" total="28966912" percent="37">
    <mem type="tenure" free="10925784" total="28966912" percent="37">
      <mem type="soa" free="10637016" total="28678144" percent="37" />
      <mem type="loa" free="288768" total="288768" percent="100" />
    </mem>
  </mem-info>
</gc-end>
<cycle-end id="2524" type="global" contextid="2514" timestamp="2019-08-08T10:56:28.187" />
  <attribute name="elasticGC enabled" value="1" />
  <attribute name= "numThreadsSpecified" value="16" />
  <attribute name="heapSize specified" value="28835840" />
  <attribute name="Current GC Util" value="42" />
  <attribute name= "Current Time Running" value="136579" />
  <attribute name ="GC Interval" value="0" />
  <attribute name="Target GC Util Change" value ="80.000000" />
  <attribute name="Current GC Util Change" value="42.000000"/>
  <attribute name="Current Error" value="-932.000000" />
  <attribute name="Output H" value="28910448"/>
  <attribute name="Output I" value="344"/>
  <attribute name="Output T" value="16"/>
  <attribute name= "Current Time Running" value="136579" />
  <attribute name="GC Util currently" value="42" />
  <attribute name="CPU Util currently" value="42153484923" />
<allocation-satisfied id="2525" threadId="0000000002035F00" bytesRequested="1168" />
<af-end id="2526" timestamp="2019-08-08T10:56:28.187" threadId="0000000002036888" success="true" />
<exclusive-end id="2527" timestamp="2019-08-08T10:56:28.187" durationms="45.633" />

<exclusive-start id="2528" timestamp="2019-08-08T10:56:28.189" intervalms="47.932">
  <response-info timems="0.033" idlems="0.033" threads="0" lastid="0000000002035F00" lastname="main" />
</exclusive-start>
<af-start id="2529" threadId="0000000002036888" totalBytesRequested="1168" timestamp="2019-08-08T10:56:28.189" intervalms="47.921" />
<cycle-start id="2530" type="global" contextid="0" timestamp="2019-08-08T10:56:28.189" intervalms="47.920" />
<gc-start id="2531" type="global" contextid="2530" timestamp="2019-08-08T10:56:28.189">
  <mem-info id="2532" free="288768" total="28966912" percent="0">
    <mem type="tenure" free="288768" total="28966912" percent="0">
      <mem type="soa" free="0" total="28678144" percent="0" />
      <mem type="loa" free="288768" total="288768" percent="100" />
    </mem>
  </mem-info>
</gc-start>
<allocation-stats totalBytes="10664648" >
  <allocated-bytes non-tlh="0" tlh="10664648" />
  <largest-consumer threadName="main" threadId="0000000002035F00" bytes="10664648" />
</allocation-stats>
<gc-op id="2533" type="mark" timems="13.200" contextid="2530" timestamp="2019-08-08T10:56:28.202">
  <trace-info objectcount="600493" scancount="521380" scanbytes="13382168" />
  <finalization candidates="80" enqueued="0" />
  <ownableSynchronizers candidates="21" cleared="0" />
  <references type="soft" candidates="3261" cleared="0" enqueued="0" dynamicThreshold="12" maxThreshold="32" />
  <references type="weak" candidates="5572" cleared="0" enqueued="0" />
  <references type="phantom" candidates="97" cleared="0" enqueued="0" />
  <stringconstants candidates="13595" cleared="0"  />
</gc-op>
<gc-op id="2534" type="sweep" timems="2.014" contextid="2530" timestamp="2019-08-08T10:56:28.204" />
<mem-info id="2535" free="10991152" total="28966912" percent="37">
  <mem type="tenure" free="10991152" total="28966912" percent="37" micro-fragmented="0" macro-fragmented="0">
    <mem type="soa" free="10702384" total="28678144" percent="37" />
    <mem type="loa" free="288768" total="288768" percent="100" />
  </mem>
</mem-info>
<gc-op id="2536" type="compact" timems="42.709" contextid="2530" timestamp="2019-08-08T10:56:28.247">
  <compact-info movecount="2" movebytes="56" reason="compact to aid heap contraction" />
</gc-op>
<heap-resize id="2537" type="expand" space="tenure" amount="131072" count="1" timems="0.016" reason="satisfy allocation request" timestamp="2019-08-08T10:56:28.248" />
<gc-end id="2538" type="global" contextid="2530" durationms="58.881" usertimems="78.876" systemtimems="42.733" timestamp="2019-08-08T10:56:28.248" activeThreads="16">
  <mem-info id="2539" free="11056856" total="29097984" percent="37">
    <mem type="tenure" free="11056856" total="29097984" percent="37">
      <mem type="soa" free="10766040" total="28807168" percent="37" />
      <mem type="loa" free="290816" total="290816" percent="100" />
    </mem>
  </mem-info>
</gc-end>
<cycle-end id="2540" type="global" contextid="2530" timestamp="2019-08-08T10:56:28.248" />
  <attribute name="elasticGC enabled" value="1" />
  <attribute name= "numThreadsSpecified" value="16" />
  <attribute name="heapSize specified" value="28966912" />
  <attribute name="Current GC Util" value="65" />
  <attribute name= "Current Time Running" value="136640" />
  <attribute name ="GC Interval" value="0" />
  <attribute name="Target GC Util Change" value ="80.000000" />
  <attribute name="Current GC Util Change" value="65.000000"/>
  <attribute name="Current Error" value="-359.000000" />
  <attribute name="Output H" value="29042184"/>
  <attribute name="Output I" value="1368"/>
  <attribute name="Output T" value="16"/>
  <attribute name= "Current Time Running" value="136640" />
  <attribute name="GC Util currently" value="65" />
  <attribute name="CPU Util currently" value="26975011795" />
<allocation-satisfied id="2541" threadId="0000000002035F00" bytesRequested="1168" />
<af-end id="2542" timestamp="2019-08-08T10:56:28.248" threadId="0000000002036888" success="true" />
<exclusive-end id="2543" timestamp="2019-08-08T10:56:28.248" durationms="59.056" />

<exclusive-start id="2544" timestamp="2019-08-08T10:56:28.250" intervalms="61.217">
  <response-info timems="0.013" idlems="0.013" threads="0" lastid="0000000002035F00" lastname="main" />
</exclusive-start>
<af-start id="2545" threadId="0000000002036888" totalBytesRequested="1168" timestamp="2019-08-08T10:56:28.250" intervalms="61.213" />
<cycle-start id="2546" type="global" contextid="0" timestamp="2019-08-08T10:56:28.250" intervalms="61.211" />
<gc-start id="2547" type="global" contextid="2546" timestamp="2019-08-08T10:56:28.250">
  <mem-info id="2548" free="290816" total="29097984" percent="0">
    <mem type="tenure" free="290816" total="29097984" percent="0">
      <mem type="soa" free="0" total="28807168" percent="0" />
      <mem type="loa" free="290816" total="290816" percent="100" />
    </mem>
  </mem-info>
</gc-start>
<allocation-stats totalBytes="10792824" >
  <allocated-bytes non-tlh="0" tlh="10792824" />
  <largest-consumer threadName="main" threadId="0000000002035F00" bytes="10792824" />
</allocation-stats>
<gc-op id="2549" type="mark" timems="11.678" contextid="2546" timestamp="2019-08-08T10:56:28.262">
  <trace-info objectcount="600493" scancount="521379" scanbytes="13382168" />
  <finalization candidates="80" enqueued="0" />
  <ownableSynchronizers candidates="21" cleared="0" />
  <references type="soft" candidates="3261" cleared="0" enqueued="0" dynamicThreshold="12" maxThreshold="32" />
  <references type="weak" candidates="5572" cleared="0" enqueued="0" />
  <references type="phantom" candidates="97" cleared="0" enqueued="0" />
  <stringconstants candidates="13595" cleared="0"  />
</gc-op>
<gc-op id="2550" type="sweep" timems="4.863" contextid="2546" timestamp="2019-08-08T10:56:28.267" />
<mem-info id="2551" free="11121784" total="29097984" percent="38">
  <mem type="tenure" free="11121784" total="29097984" percent="38" micro-fragmented="0" macro-fragmented="0">
    <mem type="soa" free="10830968" total="28807168" percent="37" />
    <mem type="loa" free="290816" total="290816" percent="100" />
  </mem>
</mem-info>
<gc-op id="2552" type="compact" timems="37.328" contextid="2546" timestamp="2019-08-08T10:56:28.304">
  <compact-info movecount="2" movebytes="56" reason="compact to aid heap contraction" />
</gc-op>
<heap-resize id="2553" type="expand" space="tenure" amount="131072" count="1" timems="0.019" reason="satisfy allocation request" timestamp="2019-08-08T10:56:28.305" />
<gc-end id="2554" type="global" contextid="2546" durationms="54.883" usertimems="99.875" systemtimems="25.236" timestamp="2019-08-08T10:56:28.305" activeThreads="16">
  <mem-info id="2555" free="11187928" total="29229056" percent="38">
    <mem type="tenure" free="11187928" total="29229056" percent="38">
      <mem type="soa" free="10896088" total="28937216" percent="37" />
      <mem type="loa" free="291840" total="291840" percent="100" />
    </mem>
  </mem-info>
</gc-end>
<cycle-end id="2556" type="global" contextid="2546" timestamp="2019-08-08T10:56:28.305" />
  <attribute name="elasticGC enabled" value="1" />
  <attribute name= "numThreadsSpecified" value="16" />
  <attribute name="heapSize specified" value="29097984" />
  <attribute name="Current GC Util" value="68" />
  <attribute name= "Current Time Running" value="136698" />
  <attribute name ="GC Interval" value="0" />
  <attribute name="Target GC Util Change" value ="80.000000" />
  <attribute name="Current GC Util Change" value="68.000000"/>
  <attribute name="Current Error" value="12.000000" />
  <attribute name="Output H" value="29173680"/>
  <attribute name="Output I" value="2032"/>
  <attribute name="Output T" value="16"/>
  <attribute name= "Current Time Running" value="136698" />
  <attribute name="GC Util currently" value="68" />
  <attribute name="CPU Util currently" value="30864632083" />
<allocation-satisfied id="2557" threadId="0000000002035F00" bytesRequested="1168" />
<af-end id="2558" timestamp="2019-08-08T10:56:28.305" threadId="0000000002036888" success="true" />
<exclusive-end id="2559" timestamp="2019-08-08T10:56:28.305" durationms="55.058" />

<exclusive-start id="2560" timestamp="2019-08-08T10:56:28.307" intervalms="57.285">
  <response-info timems="0.035" idlems="0.035" threads="0" lastid="0000000002035F00" lastname="main" />
</exclusive-start>
<af-start id="2561" threadId="0000000002036888" totalBytesRequested="1168" timestamp="2019-08-08T10:56:28.307" intervalms="57.293" />
<cycle-start id="2562" type="global" contextid="0" timestamp="2019-08-08T10:56:28.307" intervalms="57.301" />
<gc-start id="2563" type="global" contextid="2562" timestamp="2019-08-08T10:56:28.307">
  <mem-info id="2564" free="291840" total="29229056" percent="0">
    <mem type="tenure" free="291840" total="29229056" percent="0">
      <mem type="soa" free="0" total="28937216" percent="0" />
      <mem type="loa" free="291840" total="291840" percent="100" />
    </mem>
  </mem-info>
</gc-start>
<allocation-stats totalBytes="10922256" >
  <allocated-bytes non-tlh="0" tlh="10922256" />
  <largest-consumer threadName="main" threadId="0000000002035F00" bytes="10922256" />
</allocation-stats>
<gc-op id="2565" type="mark" timems="10.528" contextid="2562" timestamp="2019-08-08T10:56:28.318">
  <trace-info objectcount="600493" scancount="521377" scanbytes="13382168" />
  <finalization candidates="80" enqueued="0" />
  <ownableSynchronizers candidates="21" cleared="0" />
  <references type="soft" candidates="3261" cleared="0" enqueued="0" dynamicThreshold="12" maxThreshold="32" />
  <references type="weak" candidates="5572" cleared="0" enqueued="0" />
  <references type="phantom" candidates="97" cleared="0" enqueued="0" />
  <stringconstants candidates="13595" cleared="0"  />
</gc-op>
<gc-op id="2566" type="sweep" timems="1.664" contextid="2562" timestamp="2019-08-08T10:56:28.320" />
<mem-info id="2567" free="11253464" total="29229056" percent="38">
  <mem type="tenure" free="11253464" total="29229056" percent="38" micro-fragmented="0" macro-fragmented="0">
    <mem type="soa" free="10961624" total="28937216" percent="37" />
    <mem type="loa" free="291840" total="291840" percent="100" />
  </mem>
</mem-info>
<gc-op id="2568" type="compact" timems="35.424" contextid="2562" timestamp="2019-08-08T10:56:28.355">
  <compact-info movecount="2" movebytes="56" reason="compact to aid heap contraction" />
</gc-op>
<heap-resize id="2569" type="expand" space="tenure" amount="131072" count="1" timems="0.020" reason="satisfy allocation request" timestamp="2019-08-08T10:56:28.356" />
<gc-end id="2570" type="global" contextid="2562" durationms="48.257" usertimems="87.598" systemtimems="15.583" timestamp="2019-08-08T10:56:28.356" activeThreads="16">
  <mem-info id="2571" free="11319000" total="29360128" percent="38">
    <mem type="tenure" free="11319000" total="29360128" percent="38">
      <mem type="soa" free="11026136" total="29067264" percent="37" />
      <mem type="loa" free="292864" total="292864" percent="100" />
    </mem>
  </mem-info>
</gc-end>
<cycle-end id="2572" type="global" contextid="2562" timestamp="2019-08-08T10:56:28.356" />
  <attribute name="elasticGC enabled" value="1" />
  <attribute name= "numThreadsSpecified" value="16" />
  <attribute name="heapSize specified" value="29229056" />
  <attribute name="Current GC Util" value="41" />
  <attribute name= "Current Time Running" value="136749" />
  <attribute name ="GC Interval" value="0" />
  <attribute name="Target GC Util Change" value ="80.000000" />
  <attribute name="Current GC Util Change" value="41.000000"/>
  <attribute name="Current Error" value="-1590.000000" />
  <attribute name="Output H" value="29302904"/>
  <attribute name="Output I" value="200"/>
  <attribute name="Output T" value="16"/>
  <attribute name= "Current Time Running" value="136749" />
  <attribute name="GC Util currently" value="41" />
  <attribute name="CPU Util currently" value="32503202385" />
<allocation-satisfied id="2573" threadId="0000000002035F00" bytesRequested="1168" />
<af-end id="2574" timestamp="2019-08-08T10:56:28.356" threadId="0000000002036888" success="true" />
<exclusive-end id="2575" timestamp="2019-08-08T10:56:28.356" durationms="48.500" />

<exclusive-start id="2576" timestamp="2019-08-08T10:56:28.359" intervalms="51.412">
  <response-info timems="0.020" idlems="0.020" threads="0" lastid="0000000002035F00" lastname="main" />
</exclusive-start>
<af-start id="2577" threadId="0000000002036888" totalBytesRequested="1168" timestamp="2019-08-08T10:56:28.359" intervalms="51.429" />
<cycle-start id="2578" type="global" contextid="0" timestamp="2019-08-08T10:56:28.359" intervalms="51.428" />
<gc-start id="2579" type="global" contextid="2578" timestamp="2019-08-08T10:56:28.359">
  <mem-info id="2580" free="292864" total="29360128" percent="0">
    <mem type="tenure" free="292864" total="29360128" percent="0">
      <mem type="soa" free="0" total="29067264" percent="0" />
      <mem type="loa" free="292864" total="292864" percent="100" />
    </mem>
  </mem-info>
</gc-start>
<allocation-stats totalBytes="11051640" >
  <allocated-bytes non-tlh="0" tlh="11051640" />
  <largest-consumer threadName="main" threadId="0000000002035F00" bytes="11051640" />
</allocation-stats>
<gc-op id="2581" type="mark" timems="9.062" contextid="2578" timestamp="2019-08-08T10:56:28.368">
  <trace-info objectcount="600493" scancount="521379" scanbytes="13382168" />
  <finalization candidates="80" enqueued="0" />
  <ownableSynchronizers candidates="21" cleared="0" />
  <references type="soft" candidates="3261" cleared="0" enqueued="0" dynamicThreshold="12" maxThreshold="32" />
  <references type="weak" candidates="5572" cleared="0" enqueued="0" />
  <references type="phantom" candidates="97" cleared="0" enqueued="0" />
  <stringconstants candidates="13595" cleared="0"  />
</gc-op>
<gc-op id="2582" type="sweep" timems="1.747" contextid="2578" timestamp="2019-08-08T10:56:28.370" />
<mem-info id="2583" free="11384536" total="29360128" percent="38">
  <mem type="tenure" free="11384536" total="29360128" percent="38" micro-fragmented="0" macro-fragmented="0">
    <mem type="soa" free="11091672" total="29067264" percent="38" />
    <mem type="loa" free="292864" total="292864" percent="100" />
  </mem>
</mem-info>
<gc-op id="2584" type="compact" timems="31.199" contextid="2578" timestamp="2019-08-08T10:56:28.401">
  <compact-info movecount="2" movebytes="56" reason="compact to aid heap contraction" />
</gc-op>
<heap-resize id="2585" type="expand" space="tenure" amount="131072" count="1" timems="0.019" reason="satisfy allocation request" timestamp="2019-08-08T10:56:28.402" />
<gc-end id="2586" type="global" contextid="2578" durationms="42.763" usertimems="93.266" systemtimems="0.551" timestamp="2019-08-08T10:56:28.402" activeThreads="16">
  <mem-info id="2587" free="11450072" total="29491200" percent="38">
    <mem type="tenure" free="11450072" total="29491200" percent="38">
      <mem type="soa" free="11155160" total="29196288" percent="38" />
      <mem type="loa" free="294912" total="294912" percent="100" />
    </mem>
  </mem-info>
</gc-end>
<cycle-end id="2588" type="global" contextid="2578" timestamp="2019-08-08T10:56:28.402" />
  <attribute name="elasticGC enabled" value="1" />
  <attribute name= "numThreadsSpecified" value="16" />
  <attribute name="heapSize specified" value="29360128" />
  <attribute name="Current GC Util" value="38" />
  <attribute name= "Current Time Running" value="136794" />
  <attribute name ="GC Interval" value="0" />
  <attribute name="Target GC Util Change" value ="80.000000" />
  <attribute name="Current GC Util Change" value="38.000000"/>
  <attribute name="Current Error" value="-449.000000" />
  <attribute name="Output H" value="29435296"/>
  <attribute name="Output I" value="1208"/>
  <attribute name="Output T" value="16"/>
  <attribute name= "Current Time Running" value="136794" />
  <attribute name="GC Util currently" value="38" />
  <attribute name="CPU Util currently" value="36902405660" />
<allocation-satisfied id="2589" threadId="0000000002035F00" bytesRequested="1168" />
<af-end id="2590" timestamp="2019-08-08T10:56:28.402" threadId="0000000002036888" success="true" />
<exclusive-end id="2591" timestamp="2019-08-08T10:56:28.402" durationms="43.041" />

<exclusive-start id="2592" timestamp="2019-08-08T10:56:28.404" intervalms="45.310">
  <response-info timems="0.034" idlems="0.034" threads="0" lastid="0000000002035F00" lastname="main" />
</exclusive-start>
<af-start id="2593" threadId="0000000002036888" totalBytesRequested="1168" timestamp="2019-08-08T10:56:28.404" intervalms="45.288" />
<cycle-start id="2594" type="global" contextid="0" timestamp="2019-08-08T10:56:28.404" intervalms="45.288" />
<gc-start id="2595" type="global" contextid="2594" timestamp="2019-08-08T10:56:28.404">
  <mem-info id="2596" free="294912" total="29491200" percent="1">
    <mem type="tenure" free="294912" total="29491200" percent="1">
      <mem type="soa" free="0" total="29196288" percent="0" />
      <mem type="loa" free="294912" total="294912" percent="100" />
    </mem>
  </mem-info>
</gc-start>
<allocation-stats totalBytes="11181048" >
  <allocated-bytes non-tlh="0" tlh="11181048" />
  <largest-consumer threadName="main" threadId="0000000002035F00" bytes="11181048" />
</allocation-stats>
<gc-op id="2597" type="mark" timems="8.765" contextid="2594" timestamp="2019-08-08T10:56:28.413">
  <trace-info objectcount="600493" scancount="521375" scanbytes="13382168" />
  <finalization candidates="80" enqueued="0" />
  <ownableSynchronizers candidates="21" cleared="0" />
  <references type="soft" candidates="3261" cleared="0" enqueued="0" dynamicThreshold="12" maxThreshold="32" />
  <references type="weak" candidates="5572" cleared="0" enqueued="0" />
  <references type="phantom" candidates="97" cleared="0" enqueued="0" />
  <stringconstants candidates="13595" cleared="0"  />
</gc-op>
<gc-op id="2598" type="sweep" timems="1.934" contextid="2594" timestamp="2019-08-08T10:56:28.415" />
<mem-info id="2599" free="11515400" total="29491200" percent="39">
  <mem type="tenure" free="11515400" total="29491200" percent="39" micro-fragmented="0" macro-fragmented="0">
    <mem type="soa" free="11220488" total="29196288" percent="38" />
    <mem type="loa" free="294912" total="294912" percent="100" />
  </mem>
</mem-info>
<gc-op id="2600" type="compact" timems="28.340" contextid="2594" timestamp="2019-08-08T10:56:28.443">
  <compact-info movecount="2" movebytes="56" reason="compact to aid heap contraction" />
</gc-op>
<heap-resize id="2601" type="expand" space="tenure" amount="131072" count="1" timems="0.018" reason="satisfy allocation request" timestamp="2019-08-08T10:56:28.444" />
<gc-end id="2602" type="global" contextid="2594" durationms="39.842" usertimems="84.616" systemtimems="5.310" timestamp="2019-08-08T10:56:28.444" activeThreads="16">
  <mem-info id="2603" free="11581144" total="29622272" percent="39">
    <mem type="tenure" free="11581144" total="29622272" percent="39">
      <mem type="soa" free="11285208" total="29326336" percent="38" />
      <mem type="loa" free="295936" total="295936" percent="100" />
    </mem>
  </mem-info>
</gc-end>
<cycle-end id="2604" type="global" contextid="2594" timestamp="2019-08-08T10:56:28.444" />
  <attribute name="elasticGC enabled" value="1" />
  <attribute name= "numThreadsSpecified" value="16" />
  <attribute name="heapSize specified" value="29491200" />
  <attribute name="Current GC Util" value="41" />
  <attribute name= "Current Time Running" value="136837" />
  <attribute name ="GC Interval" value="0" />
  <attribute name="Target GC Util Change" value ="80.000000" />
  <attribute name="Current GC Util Change" value="41.000000"/>
  <attribute name="Current Error" value="39.000000" />
  <attribute name="Output H" value="29566928"/>
  <attribute name="Output I" value="2080"/>
  <attribute name="Output T" value="16"/>
  <attribute name= "Current Time Running" value="136837" />
  <attribute name="GC Util currently" value="41" />
  <attribute name="CPU Util currently" value="40640898681" />
<allocation-satisfied id="2605" threadId="0000000002035F00" bytesRequested="1168" />
<af-end id="2606" timestamp="2019-08-08T10:56:28.444" threadId="0000000002036888" success="true" />
<exclusive-end id="2607" timestamp="2019-08-08T10:56:28.444" durationms="40.014" />

<exclusive-start id="2608" timestamp="2019-08-08T10:56:28.448" intervalms="43.570">
  <response-info timems="0.020" idlems="0.020" threads="0" lastid="0000000002035F00" lastname="main" />
</exclusive-start>
<af-start id="2609" threadId="0000000002036888" totalBytesRequested="1168" timestamp="2019-08-08T10:56:28.448" intervalms="43.589" />
<cycle-start id="2610" type="global" contextid="0" timestamp="2019-08-08T10:56:28.448" intervalms="43.592" />
<gc-start id="2611" type="global" contextid="2610" timestamp="2019-08-08T10:56:28.448">
  <mem-info id="2612" free="295936" total="29622272" percent="0">
    <mem type="tenure" free="295936" total="29622272" percent="0">
      <mem type="soa" free="0" total="29326336" percent="0" />
      <mem type="loa" free="295936" total="295936" percent="100" />
    </mem>
  </mem-info>
</gc-start>
<allocation-stats totalBytes="11310480" >
  <allocated-bytes non-tlh="0" tlh="11310480" />
  <largest-consumer threadName="main" threadId="0000000002035F00" bytes="11310480" />
</allocation-stats>
<gc-op id="2613" type="mark" timems="8.653" contextid="2610" timestamp="2019-08-08T10:56:28.457">
  <trace-info objectcount="600493" scancount="521380" scanbytes="13382168" />
  <finalization candidates="80" enqueued="0" />
  <ownableSynchronizers candidates="21" cleared="0" />
  <references type="soft" candidates="3261" cleared="0" enqueued="0" dynamicThreshold="12" maxThreshold="32" />
  <references type="weak" candidates="5572" cleared="0" enqueued="0" />
  <references type="phantom" candidates="97" cleared="0" enqueued="0" />
  <stringconstants candidates="13595" cleared="0"  />
</gc-op>
<gc-op id="2614" type="sweep" timems="1.772" contextid="2610" timestamp="2019-08-08T10:56:28.458" />
<mem-info id="2615" free="11646288" total="29622272" percent="39">
  <mem type="tenure" free="11646288" total="29622272" percent="39" micro-fragmented="0" macro-fragmented="0">
    <mem type="soa" free="11350352" total="29326336" percent="38" />
    <mem type="loa" free="295936" total="295936" percent="100" />
  </mem>
</mem-info>
<gc-op id="2616" type="compact" timems="27.863" contextid="2610" timestamp="2019-08-08T10:56:28.486">
  <compact-info movecount="2" movebytes="56" reason="compact to aid heap contraction" />
</gc-op>
<heap-resize id="2617" type="expand" space="tenure" amount="131072" count="1" timems="0.018" reason="satisfy allocation request" timestamp="2019-08-08T10:56:28.488" />
<gc-end id="2618" type="global" contextid="2610" durationms="39.953" usertimems="80.726" systemtimems="2.416" timestamp="2019-08-08T10:56:28.488" activeThreads="16">
  <mem-info id="2619" free="11712216" total="29753344" percent="39">
    <mem type="tenure" free="11712216" total="29753344" percent="39">
      <mem type="soa" free="11415256" total="29456384" percent="38" />
      <mem type="loa" free="296960" total="296960" percent="100" />
    </mem>
  </mem-info>
</gc-end>
<cycle-end id="2620" type="global" contextid="2610" timestamp="2019-08-08T10:56:28.488" />
  <attribute name="elasticGC enabled" value="1" />
  <attribute name= "numThreadsSpecified" value="16" />
  <attribute name="heapSize specified" value="29622272" />
  <attribute name="Current GC Util" value="33" />
  <attribute name= "Current Time Running" value="136880" />
  <attribute name ="GC Interval" value="0" />
  <attribute name="Target GC Util Change" value ="80.000000" />
  <attribute name="Current GC Util Change" value="33.000000"/>
  <attribute name="Current Error" value="-977.000000" />
  <attribute name="Output H" value="29696824"/>
  <attribute name="Output I" value="264"/>
  <attribute name="Output T" value="16"/>
  <attribute name= "Current Time Running" value="136880" />
  <attribute name="GC Util currently" value="33" />
  <attribute name="CPU Util currently" value="41340580856" />
<allocation-satisfied id="2621" threadId="0000000002035F00" bytesRequested="1168" />
<af-end id="2622" timestamp="2019-08-08T10:56:28.488" threadId="0000000002036888" success="true" />
<exclusive-end id="2623" timestamp="2019-08-08T10:56:28.488" durationms="40.236" />

<exclusive-start id="2624" timestamp="2019-08-08T10:56:28.493" intervalms="45.007">
  <response-info timems="0.472" idlems="0.472" threads="0" lastid="0000000002035F00" lastname="main" />
</exclusive-start>
<af-start id="2625" threadId="0000000002036888" totalBytesRequested="1168" timestamp="2019-08-08T10:56:28.493" intervalms="45.012" />
<cycle-start id="2626" type="global" contextid="0" timestamp="2019-08-08T10:56:28.493" intervalms="45.005" />
<gc-start id="2627" type="global" contextid="2626" timestamp="2019-08-08T10:56:28.493">
  <mem-info id="2628" free="296960" total="29753344" percent="0">
    <mem type="tenure" free="296960" total="29753344" percent="0">
      <mem type="soa" free="0" total="29456384" percent="0" />
      <mem type="loa" free="296960" total="296960" percent="100" />
    </mem>
  </mem-info>
</gc-start>
<allocation-stats totalBytes="11439888" >
  <allocated-bytes non-tlh="0" tlh="11439888" />
  <largest-consumer threadName="main" threadId="0000000002035F00" bytes="11439888" />
</allocation-stats>
<gc-op id="2629" type="mark" timems="9.687" contextid="2626" timestamp="2019-08-08T10:56:28.503">
  <trace-info objectcount="600493" scancount="521377" scanbytes="13382168" />
  <finalization candidates="80" enqueued="0" />
  <ownableSynchronizers candidates="21" cleared="0" />
  <references type="soft" candidates="3261" cleared="0" enqueued="0" dynamicThreshold="12" maxThreshold="32" />
  <references type="weak" candidates="5572" cleared="0" enqueued="0" />
  <references type="phantom" candidates="97" cleared="0" enqueued="0" />
  <stringconstants candidates="13595" cleared="0"  />
</gc-op>
<gc-op id="2630" type="sweep" timems="1.728" contextid="2626" timestamp="2019-08-08T10:56:28.504" />
<mem-info id="2631" free="11777152" total="29753344" percent="39">
  <mem type="tenure" free="11777152" total="29753344" percent="39" micro-fragmented="0" macro-fragmented="0">
    <mem type="soa" free="11480192" total="29456384" percent="38" />
    <mem type="loa" free="296960" total="296960" percent="100" />
  </mem>
</mem-info>
<gc-op id="2632" type="compact" timems="30.923" contextid="2626" timestamp="2019-08-08T10:56:28.535">
  <compact-info movecount="2" movebytes="56" reason="compact to aid heap contraction" />
</gc-op>
<heap-resize id="2633" type="expand" space="tenure" amount="131072" count="1" timems="0.016" reason="satisfy allocation request" timestamp="2019-08-08T10:56:28.536" />
<gc-end id="2634" type="global" contextid="2626" durationms="43.121" usertimems="98.731" systemtimems="0.000" timestamp="2019-08-08T10:56:28.536" activeThreads="16">
  <mem-info id="2635" free="11843288" total="29884416" percent="39">
    <mem type="tenure" free="11843288" total="29884416" percent="39">
      <mem type="soa" free="11545304" total="29586432" percent="39" />
      <mem type="loa" free="297984" total="297984" percent="100" />
    </mem>
  </mem-info>
</gc-end>
<cycle-end id="2636" type="global" contextid="2626" timestamp="2019-08-08T10:56:28.536" />
  <attribute name="elasticGC enabled" value="1" />
  <attribute name= "numThreadsSpecified" value="16" />
  <attribute name="heapSize specified" value="29753344" />
  <attribute name="Current GC Util" value="39" />
  <attribute name= "Current Time Running" value="136929" />
  <attribute name ="GC Interval" value="0" />
  <attribute name="Target GC Util Change" value ="80.000000" />
  <attribute name="Current GC Util Change" value="39.000000"/>
  <attribute name="Current Error" value="-441.000000" />
  <attribute name="Output H" value="29828520"/>
  <attribute name="Output I" value="1224"/>
  <attribute name="Output T" value="16"/>
  <attribute name= "Current Time Running" value="136929" />
  <attribute name="GC Util currently" value="39" />
  <attribute name="CPU Util currently" value="37243458166" />
<allocation-satisfied id="2637" threadId="0000000002035F00" bytesRequested="1168" />
<af-end id="2638" timestamp="2019-08-08T10:56:28.536" threadId="0000000002036888" success="true" />
<exclusive-end id="2639" timestamp="2019-08-08T10:56:28.536" durationms="43.422" />

<exclusive-start id="2640" timestamp="2019-08-08T10:56:28.538" intervalms="45.685">
  <response-info timems="0.036" idlems="0.036" threads="0" lastid="0000000002035F00" lastname="main" />
</exclusive-start>
<af-start id="2641" threadId="0000000002036888" totalBytesRequested="1168" timestamp="2019-08-08T10:56:28.538" intervalms="45.657" />
<cycle-start id="2642" type="global" contextid="0" timestamp="2019-08-08T10:56:28.538" intervalms="45.654" />
<gc-start id="2643" type="global" contextid="2642" timestamp="2019-08-08T10:56:28.538">
  <mem-info id="2644" free="297984" total="29884416" percent="0">
    <mem type="tenure" free="297984" total="29884416" percent="0">
      <mem type="soa" free="0" total="29586432" percent="0" />
      <mem type="loa" free="297984" total="297984" percent="100" />
    </mem>
  </mem-info>
</gc-start>
<allocation-stats totalBytes="11569272" >
  <allocated-bytes non-tlh="0" tlh="11569272" />
  <largest-consumer threadName="main" threadId="0000000002035F00" bytes="11569272" />
</allocation-stats>
<gc-op id="2645" type="mark" timems="12.040" contextid="2642" timestamp="2019-08-08T10:56:28.551">
  <trace-info objectcount="600493" scancount="521394" scanbytes="13382168" />
  <finalization candidates="80" enqueued="0" />
  <ownableSynchronizers candidates="21" cleared="0" />
  <references type="soft" candidates="3261" cleared="0" enqueued="0" dynamicThreshold="12" maxThreshold="32" />
  <references type="weak" candidates="5572" cleared="0" enqueued="0" />
  <references type="phantom" candidates="97" cleared="0" enqueued="0" />
  <stringconstants candidates="13595" cleared="0"  />
</gc-op>
<gc-op id="2646" type="sweep" timems="5.111" contextid="2642" timestamp="2019-08-08T10:56:28.556" />
<mem-info id="2647" free="11908824" total="29884416" percent="39">
  <mem type="tenure" free="11908824" total="29884416" percent="39" micro-fragmented="0" macro-fragmented="0">
    <mem type="soa" free="11610840" total="29586432" percent="39" />
    <mem type="loa" free="297984" total="297984" percent="100" />
  </mem>
</mem-info>
<gc-op id="2648" type="compact" timems="32.105" contextid="2642" timestamp="2019-08-08T10:56:28.588">
  <compact-info movecount="2" movebytes="56" reason="compact to aid heap contraction" />
</gc-op>
<heap-resize id="2649" type="expand" space="tenure" amount="131072" count="1" timems="0.018" reason="satisfy allocation request" timestamp="2019-08-08T10:56:28.589" />
<gc-end id="2650" type="global" contextid="2642" durationms="50.115" usertimems="90.077" systemtimems="32.711" timestamp="2019-08-08T10:56:28.589" activeThreads="16">
  <mem-info id="2651" free="11974360" total="30015488" percent="39">
    <mem type="tenure" free="11974360" total="30015488" percent="39">
      <mem type="soa" free="11674328" total="29715456" percent="39" />
      <mem type="loa" free="300032" total="300032" percent="100" />
    </mem>
  </mem-info>
</gc-end>
<cycle-end id="2652" type="global" contextid="2642" timestamp="2019-08-08T10:56:28.589" />
  <attribute name="elasticGC enabled" value="1" />
  <attribute name= "numThreadsSpecified" value="16" />
  <attribute name="heapSize specified" value="29884416" />
  <attribute name="Current GC Util" value="53" />
  <attribute name= "Current Time Running" value="136981" />
  <attribute name ="GC Interval" value="0" />
  <attribute name="Target GC Util Change" value ="80.000000" />
  <attribute name="Current GC Util Change" value="53.000000"/>
  <attribute name="Current Error" value="27.000000" />
  <attribute name="Output H" value="29960128"/>
  <attribute name="Output I" value="2056"/>
  <attribute name="Output T" value="16"/>
  <attribute name= "Current Time Running" value="136981" />
  <attribute name="GC Util currently" value="53" />
  <attribute name="CPU Util currently" value="35875297235" />
<allocation-satisfied id="2653" threadId="0000000002035F00" bytesRequested="1168" />
<af-end id="2654" timestamp="2019-08-08T10:56:28.589" threadId="0000000002036888" success="true" />
<exclusive-end id="2655" timestamp="2019-08-08T10:56:28.589" durationms="50.302" />

<exclusive-start id="2656" timestamp="2019-08-08T10:56:28.591" intervalms="52.787">
  <response-info timems="0.041" idlems="0.041" threads="0" lastid="0000000002035F00" lastname="main" />
</exclusive-start>
<af-start id="2657" threadId="0000000002036888" totalBytesRequested="1168" timestamp="2019-08-08T10:56:28.591" intervalms="52.790" />
<cycle-start id="2658" type="global" contextid="0" timestamp="2019-08-08T10:56:28.591" intervalms="52.790" />
<gc-start id="2659" type="global" contextid="2658" timestamp="2019-08-08T10:56:28.591">
  <mem-info id="2660" free="300032" total="30015488" percent="0">
    <mem type="tenure" free="300032" total="30015488" percent="0">
      <mem type="soa" free="0" total="29715456" percent="0" />
      <mem type="loa" free="300032" total="300032" percent="100" />
    </mem>
  </mem-info>
</gc-start>
<allocation-stats totalBytes="11698704" >
  <allocated-bytes non-tlh="0" tlh="11698704" />
  <largest-consumer threadName="main" threadId="0000000002035F00" bytes="11698704" />
</allocation-stats>
<gc-op id="2661" type="mark" timems="11.839" contextid="2658" timestamp="2019-08-08T10:56:28.603">
  <trace-info objectcount="600493" scancount="521378" scanbytes="13382168" />
  <finalization candidates="80" enqueued="0" />
  <ownableSynchronizers candidates="21" cleared="0" />
  <references type="soft" candidates="3261" cleared="0" enqueued="0" dynamicThreshold="12" maxThreshold="32" />
  <references type="weak" candidates="5572" cleared="0" enqueued="0" />
  <references type="phantom" candidates="97" cleared="0" enqueued="0" />
  <stringconstants candidates="13595" cleared="0"  />
</gc-op>
<gc-op id="2662" type="sweep" timems="2.815" contextid="2658" timestamp="2019-08-08T10:56:28.606" />
<mem-info id="2663" free="12039880" total="30015488" percent="40">
  <mem type="tenure" free="12039880" total="30015488" percent="40" micro-fragmented="0" macro-fragmented="0">
    <mem type="soa" free="11739848" total="29715456" percent="39" />
    <mem type="loa" free="300032" total="300032" percent="100" />
  </mem>
</mem-info>
<gc-op id="2664" type="compact" timems="36.358" contextid="2658" timestamp="2019-08-08T10:56:28.642">
  <compact-info movecount="2" movebytes="56" reason="compact to aid heap contraction" />
</gc-op>
<heap-resize id="2665" type="expand" space="tenure" amount="131072" count="1" timems="0.022" reason="satisfy allocation request" timestamp="2019-08-08T10:56:28.643" />
<gc-end id="2666" type="global" contextid="2658" durationms="51.992" usertimems="81.613" systemtimems="26.820" timestamp="2019-08-08T10:56:28.643" activeThreads="16">
  <mem-info id="2667" free="12105432" total="30146560" percent="40">
    <mem type="tenure" free="12105432" total="30146560" percent="40">
      <mem type="soa" free="11804376" total="29845504" percent="39" />
      <mem type="loa" free="301056" total="301056" percent="100" />
    </mem>
  </mem-info>
</gc-end>
<cycle-end id="2668" type="global" contextid="2658" timestamp="2019-08-08T10:56:28.643" />
  <attribute name="elasticGC enabled" value="1" />
  <attribute name= "numThreadsSpecified" value="16" />
  <attribute name="heapSize specified" value="30015488" />
  <attribute name="Current GC Util" value="41" />
  <attribute name= "Current Time Running" value="137036" />
  <attribute name ="GC Interval" value="0" />
  <attribute name="Target GC Util Change" value ="80.000000" />
  <attribute name="Current GC Util Change" value="41.000000"/>
  <attribute name="Current Error" value="-1439.000000" />
  <attribute name="Output H" value="30089512"/>
  <attribute name="Output I" value="200"/>
  <attribute name="Output T" value="16"/>
  <attribute name= "Current Time Running" value="137036" />
  <attribute name="GC Util currently" value="41" />
  <attribute name="CPU Util currently" value="31691901096" />
<allocation-satisfied id="2669" threadId="0000000002035F00" bytesRequested="1168" />
<af-end id="2670" timestamp="2019-08-08T10:56:28.643" threadId="0000000002036888" success="true" />
<exclusive-end id="2671" timestamp="2019-08-08T10:56:28.643" durationms="52.175" />

<exclusive-start id="2672" timestamp="2019-08-08T10:56:28.647" intervalms="55.512">
  <response-info timems="0.018" idlems="0.018" threads="0" lastid="0000000002035F00" lastname="main" />
</exclusive-start>
<af-start id="2673" threadId="0000000002036888" totalBytesRequested="1168" timestamp="2019-08-08T10:56:28.647" intervalms="55.539" />
<cycle-start id="2674" type="global" contextid="0" timestamp="2019-08-08T10:56:28.647" intervalms="55.547" />
<gc-start id="2675" type="global" contextid="2674" timestamp="2019-08-08T10:56:28.647">
  <mem-info id="2676" free="301056" total="30146560" percent="0">
    <mem type="tenure" free="301056" total="30146560" percent="0">
      <mem type="soa" free="0" total="29845504" percent="0" />
      <mem type="loa" free="301056" total="301056" percent="100" />
    </mem>
  </mem-info>
</gc-start>
<allocation-stats totalBytes="11828112" >
  <allocated-bytes non-tlh="0" tlh="11828112" />
  <largest-consumer threadName="main" threadId="0000000002035F00" bytes="11828112" />
</allocation-stats>
<gc-op id="2677" type="mark" timems="8.757" contextid="2674" timestamp="2019-08-08T10:56:28.656">
  <trace-info objectcount="600493" scancount="521380" scanbytes="13382168" />
  <finalization candidates="80" enqueued="0" />
  <ownableSynchronizers candidates="21" cleared="0" />
  <references type="soft" candidates="3261" cleared="0" enqueued="0" dynamicThreshold="12" maxThreshold="32" />
  <references type="weak" candidates="5572" cleared="0" enqueued="0" />
  <references type="phantom" candidates="97" cleared="0" enqueued="0" />
  <stringconstants candidates="13595" cleared="0"  />
</gc-op>
<gc-op id="2678" type="sweep" timems="4.018" contextid="2674" timestamp="2019-08-08T10:56:28.660" />
<mem-info id="2679" free="12170768" total="30146560" percent="40">
  <mem type="tenure" free="12170768" total="30146560" percent="40" micro-fragmented="0" macro-fragmented="0">
    <mem type="soa" free="11869712" total="29845504" percent="39" />
    <mem type="loa" free="301056" total="301056" percent="100" />
  </mem>
</mem-info>
<gc-op id="2680" type="compact" timems="34.972" contextid="2674" timestamp="2019-08-08T10:56:28.695">
  <compact-info movecount="2" movebytes="56" reason="compact to aid heap contraction" />
</gc-op>
<heap-resize id="2681" type="expand" space="tenure" amount="131072" count="1" timems="0.019" reason="satisfy allocation request" timestamp="2019-08-08T10:56:28.695" />
<gc-end id="2682" type="global" contextid="2674" durationms="48.597" usertimems="76.768" systemtimems="26.173" timestamp="2019-08-08T10:56:28.695" activeThreads="16">
  <mem-info id="2683" free="12236504" total="30277632" percent="40">
    <mem type="tenure" free="12236504" total="30277632" percent="40">
      <mem type="soa" free="11934424" total="29975552" percent="39" />
      <mem type="loa" free="302080" total="302080" percent="100" />
    </mem>
  </mem-info>
</gc-end>
<cycle-end id="2684" type="global" contextid="2674" timestamp="2019-08-08T10:56:28.695" />
  <attribute name="elasticGC enabled" value="1" />
  <attribute name= "numThreadsSpecified" value="16" />
  <attribute name="heapSize specified" value="30146560" />
  <attribute name="Current GC Util" value="109" />
  <attribute name= "Current Time Running" value="137088" />
  <attribute name ="GC Interval" value="0" />
  <attribute name="Target GC Util Change" value ="80.000000" />
  <attribute name="Current GC Util Change" value="109.000000"/>
  <attribute name="Current Error" value="-481.000000" />
  <attribute name="Output H" value="30221688"/>
  <attribute name="Output I" value="1152"/>
  <attribute name="Output T" value="16"/>
  <attribute name= "Current Time Running" value="137088" />
  <attribute name="GC Util currently" value="109" />
  <attribute name="CPU Util currently" value="32896669342" />
<allocation-satisfied id="2685" threadId="0000000002035F00" bytesRequested="1168" />
<af-end id="2686" timestamp="2019-08-08T10:56:28.695" threadId="0000000002036888" success="true" />
<exclusive-end id="2687" timestamp="2019-08-08T10:56:28.695" durationms="48.843" />

<exclusive-start id="2688" timestamp="2019-08-08T10:56:28.699" intervalms="52.094">
  <response-info timems="0.019" idlems="0.019" threads="0" lastid="0000000002035F00" lastname="main" />
</exclusive-start>
<af-start id="2689" threadId="0000000002036888" totalBytesRequested="1168" timestamp="2019-08-08T10:56:28.699" intervalms="52.077" />
<cycle-start id="2690" type="global" contextid="0" timestamp="2019-08-08T10:56:28.699" intervalms="52.095" />
<gc-start id="2691" type="global" contextid="2690" timestamp="2019-08-08T10:56:28.699">
  <mem-info id="2692" free="302080" total="30277632" percent="0">
    <mem type="tenure" free="302080" total="30277632" percent="0">
      <mem type="soa" free="0" total="29975552" percent="0" />
      <mem type="loa" free="302080" total="302080" percent="100" />
    </mem>
  </mem-info>
</gc-start>
<allocation-stats totalBytes="11957520" >
  <allocated-bytes non-tlh="0" tlh="11957520" />
  <largest-consumer threadName="main" threadId="0000000002035F00" bytes="11957520" />
</allocation-stats>
<gc-op id="2693" type="mark" timems="12.371" contextid="2690" timestamp="2019-08-08T10:56:28.711">
  <trace-info objectcount="600493" scancount="521377" scanbytes="13382168" />
  <finalization candidates="80" enqueued="0" />
  <ownableSynchronizers candidates="21" cleared="0" />
  <references type="soft" candidates="3261" cleared="0" enqueued="0" dynamicThreshold="12" maxThreshold="32" />
  <references type="weak" candidates="5572" cleared="0" enqueued="0" />
  <references type="phantom" candidates="97" cleared="0" enqueued="0" />
  <stringconstants candidates="13595" cleared="0"  />
</gc-op>
<gc-op id="2694" type="sweep" timems="8.063" contextid="2690" timestamp="2019-08-08T10:56:28.719" />
<mem-info id="2695" free="12301608" total="30277632" percent="40">
  <mem type="tenure" free="12301608" total="30277632" percent="40" micro-fragmented="0" macro-fragmented="0">
    <mem type="soa" free="11999528" total="29975552" percent="40" />
    <mem type="loa" free="302080" total="302080" percent="100" />
  </mem>
</mem-info>
<gc-op id="2696" type="compact" timems="26.821" contextid="2690" timestamp="2019-08-08T10:56:28.746">
  <compact-info movecount="2" movebytes="56" reason="compact to aid heap contraction" />
</gc-op>
<heap-resize id="2697" type="expand" space="tenure" amount="131072" count="1" timems="0.017" reason="satisfy allocation request" timestamp="2019-08-08T10:56:28.747" />
<gc-end id="2698" type="global" contextid="2690" durationms="48.237" usertimems="84.029" systemtimems="35.255" timestamp="2019-08-08T10:56:28.747" activeThreads="16">
  <mem-info id="2699" free="12367576" total="30408704" percent="40">
    <mem type="tenure" free="12367576" total="30408704" percent="40">
      <mem type="soa" free="12064472" total="30105600" percent="40" />
      <mem type="loa" free="303104" total="303104" percent="100" />
    </mem>
  </mem-info>
</gc-end>
<cycle-end id="2700" type="global" contextid="2690" timestamp="2019-08-08T10:56:28.747" />
  <attribute name="elasticGC enabled" value="1" />
  <attribute name= "numThreadsSpecified" value="16" />
  <attribute name="heapSize specified" value="30277632" />
  <attribute name="Current GC Util" value="48" />
  <attribute name= "Current Time Running" value="137140" />
  <attribute name ="GC Interval" value="0" />
  <attribute name="Target GC Util Change" value ="80.000000" />
  <attribute name="Current GC Util Change" value="48.000000"/>
  <attribute name="Current Error" value="32.000000" />
  <attribute name="Output H" value="30353352"/>
  <attribute name="Output I" value="2072"/>
  <attribute name="Output T" value="16"/>
  <attribute name= "Current Time Running" value="137140" />
  <attribute name="GC Util currently" value="48" />
  <attribute name="CPU Util currently" value="42946123542" />
<allocation-satisfied id="2701" threadId="0000000002035F00" bytesRequested="1168" />
<af-end id="2702" timestamp="2019-08-08T10:56:28.747" threadId="0000000002036888" success="true" />
<exclusive-end id="2703" timestamp="2019-08-08T10:56:28.747" durationms="48.483" />

<exclusive-start id="2704" timestamp="2019-08-08T10:56:28.750" intervalms="51.135">
  <response-info timems="0.017" idlems="0.017" threads="0" lastid="0000000002035F00" lastname="main" />
</exclusive-start>
<af-start id="2705" threadId="0000000002036888" totalBytesRequested="1168" timestamp="2019-08-08T10:56:28.750" intervalms="51.146" />
<cycle-start id="2706" type="global" contextid="0" timestamp="2019-08-08T10:56:28.750" intervalms="51.122" />
<gc-start id="2707" type="global" contextid="2706" timestamp="2019-08-08T10:56:28.750">
  <mem-info id="2708" free="303104" total="30408704" percent="0">
    <mem type="tenure" free="303104" total="30408704" percent="0">
      <mem type="soa" free="0" total="30105600" percent="0" />
      <mem type="loa" free="303104" total="303104" percent="100" />
    </mem>
  </mem-info>
</gc-start>
<allocation-stats totalBytes="12086928" >
  <allocated-bytes non-tlh="0" tlh="12086928" />
  <largest-consumer threadName="main" threadId="0000000002035F00" bytes="12086928" />
</allocation-stats>
<gc-op id="2709" type="mark" timems="9.161" contextid="2706" timestamp="2019-08-08T10:56:28.759">
  <trace-info objectcount="600493" scancount="521381" scanbytes="13382168" />
  <finalization candidates="80" enqueued="0" />
  <ownableSynchronizers candidates="21" cleared="0" />
  <references type="soft" candidates="3261" cleared="0" enqueued="0" dynamicThreshold="13" maxThreshold="32" />
  <references type="weak" candidates="5572" cleared="0" enqueued="0" />
  <references type="phantom" candidates="97" cleared="0" enqueued="0" />
  <stringconstants candidates="13595" cleared="0"  />
</gc-op>
<gc-op id="2710" type="sweep" timems="2.625" contextid="2706" timestamp="2019-08-08T10:56:28.762" />
<mem-info id="2711" free="12432472" total="30408704" percent="40">
  <mem type="tenure" free="12432472" total="30408704" percent="40" micro-fragmented="0" macro-fragmented="0">
    <mem type="soa" free="12129368" total="30105600" percent="40" />
    <mem type="loa" free="303104" total="303104" percent="100" />
  </mem>
</mem-info>
<gc-op id="2712" type="compact" timems="31.128" contextid="2706" timestamp="2019-08-08T10:56:28.793">
  <compact-info movecount="2" movebytes="56" reason="compact to aid heap contraction" />
</gc-op>
<heap-resize id="2713" type="expand" space="tenure" amount="131072" count="1" timems="0.018" reason="satisfy allocation request" timestamp="2019-08-08T10:56:28.794" />
<gc-end id="2714" type="global" contextid="2706" durationms="43.632" usertimems="87.600" systemtimems="17.433" timestamp="2019-08-08T10:56:28.794" activeThreads="16">
  <mem-info id="2715" free="12498648" total="30539776" percent="40">
    <mem type="tenure" free="12498648" total="30539776" percent="40">
      <mem type="soa" free="12193496" total="30234624" percent="40" />
      <mem type="loa" free="305152" total="305152" percent="100" />
    </mem>
  </mem-info>
</gc-end>
<cycle-end id="2716" type="global" contextid="2706" timestamp="2019-08-08T10:56:28.794" />
  <attribute name="elasticGC enabled" value="1" />
  <attribute name= "numThreadsSpecified" value="16" />
  <attribute name="heapSize specified" value="30408704" />
  <attribute name="Current GC Util" value="65" />
  <attribute name= "Current Time Running" value="137186" />
  <attribute name ="GC Interval" value="0" />
  <attribute name="Target GC Util Change" value ="80.000000" />
  <attribute name="Current GC Util Change" value="65.000000"/>
  <attribute name="Current Error" value="-1314.000000" />
  <attribute name="Output H" value="30482872"/>
  <attribute name="Output I" value="200"/>
  <attribute name="Output T" value="16"/>
  <attribute name= "Current Time Running" value="137186" />
  <attribute name="GC Util currently" value="65" />
  <attribute name="CPU Util currently" value="37010460705" />
<allocation-satisfied id="2717" threadId="0000000002035F00" bytesRequested="1168" />
<af-end id="2718" timestamp="2019-08-08T10:56:28.794" threadId="0000000002036888" success="true" />
<exclusive-end id="2719" timestamp="2019-08-08T10:56:28.794" durationms="43.821" />

<exclusive-start id="2720" timestamp="2019-08-08T10:56:28.796" intervalms="46.368">
  <response-info timems="0.070" idlems="0.070" threads="0" lastid="0000000002035F00" lastname="main" />
</exclusive-start>
<af-start id="2721" threadId="0000000002036888" totalBytesRequested="1168" timestamp="2019-08-08T10:56:28.796" intervalms="46.346" />
<cycle-start id="2722" type="global" contextid="0" timestamp="2019-08-08T10:56:28.796" intervalms="46.345" />
<gc-start id="2723" type="global" contextid="2722" timestamp="2019-08-08T10:56:28.796">
  <mem-info id="2724" free="305152" total="30539776" percent="0">
    <mem type="tenure" free="305152" total="30539776" percent="0">
      <mem type="soa" free="0" total="30234624" percent="0" />
      <mem type="loa" free="305152" total="305152" percent="100" />
    </mem>
  </mem-info>
</gc-start>
<allocation-stats totalBytes="12215128" >
  <allocated-bytes non-tlh="0" tlh="12215128" />
  <largest-consumer threadName="main" threadId="0000000002035F00" bytes="12215128" />
</allocation-stats>
<gc-op id="2725" type="mark" timems="7.890" contextid="2722" timestamp="2019-08-08T10:56:28.804">
  <trace-info objectcount="600493" scancount="521381" scanbytes="13382168" />
  <finalization candidates="80" enqueued="0" />
  <ownableSynchronizers candidates="21" cleared="0" />
  <references type="soft" candidates="3261" cleared="0" enqueued="0" dynamicThreshold="13" maxThreshold="32" />
  <references type="weak" candidates="5572" cleared="0" enqueued="0" />
  <references type="phantom" candidates="97" cleared="0" enqueued="0" />
  <stringconstants candidates="13595" cleared="0"  />
</gc-op>
<gc-op id="2726" type="sweep" timems="2.652" contextid="2722" timestamp="2019-08-08T10:56:28.807" />
<mem-info id="2727" free="12564184" total="30539776" percent="41">
  <mem type="tenure" free="12564184" total="30539776" percent="41" micro-fragmented="0" macro-fragmented="0">
    <mem type="soa" free="12259032" total="30234624" percent="40" />
    <mem type="loa" free="305152" total="305152" percent="100" />
  </mem>
</mem-info>
<gc-op id="2728" type="compact" timems="33.077" contextid="2722" timestamp="2019-08-08T10:56:28.840">
  <compact-info movecount="2" movebytes="56" reason="compact to aid heap contraction" />
</gc-op>
<heap-resize id="2729" type="expand" space="tenure" amount="131072" count="1" timems="0.020" reason="satisfy allocation request" timestamp="2019-08-08T10:56:28.841" />
<gc-end id="2730" type="global" contextid="2722" durationms="45.039" usertimems="75.077" systemtimems="16.665" timestamp="2019-08-08T10:56:28.841" activeThreads="16">
  <mem-info id="2731" free="12629720" total="30670848" percent="41">
    <mem type="tenure" free="12629720" total="30670848" percent="41">
      <mem type="soa" free="12323544" total="30364672" percent="40" />
      <mem type="loa" free="306176" total="306176" percent="100" />
    </mem>
  </mem-info>
</gc-end>
<cycle-end id="2732" type="global" contextid="2722" timestamp="2019-08-08T10:56:28.841" />
  <attribute name="elasticGC enabled" value="1" />
  <attribute name= "numThreadsSpecified" value="16" />
  <attribute name="heapSize specified" value="30539776" />
  <attribute name="Current GC Util" value="41" />
  <attribute name= "Current Time Running" value="137234" />
  <attribute name ="GC Interval" value="0" />
  <attribute name="Target GC Util Change" value ="80.000000" />
  <attribute name="Current GC Util Change" value="41.000000"/>
  <attribute name="Current Error" value="-424.000000" />
  <attribute name="Output H" value="30614968"/>
  <attribute name="Output I" value="1256"/>
  <attribute name="Output T" value="16"/>
  <attribute name= "Current Time Running" value="137234" />
  <attribute name="GC Util currently" value="41" />
  <attribute name="CPU Util currently" value="34800556289" />
<allocation-satisfied id="2733" threadId="0000000002035F00" bytesRequested="1168" />
<af-end id="2734" timestamp="2019-08-08T10:56:28.841" threadId="0000000002036888" success="true" />
<exclusive-end id="2735" timestamp="2019-08-08T10:56:28.841" durationms="45.207" />

<exclusive-start id="2736" timestamp="2019-08-08T10:56:28.844" intervalms="47.770">
  <response-info timems="0.019" idlems="0.019" threads="0" lastid="0000000002035F00" lastname="main" />
</exclusive-start>
<af-start id="2737" threadId="0000000002036888" totalBytesRequested="1168" timestamp="2019-08-08T10:56:28.844" intervalms="47.788" />
<cycle-start id="2738" type="global" contextid="0" timestamp="2019-08-08T10:56:28.844" intervalms="47.789" />
<gc-start id="2739" type="global" contextid="2738" timestamp="2019-08-08T10:56:28.844">
  <mem-info id="2740" free="306176" total="30670848" percent="0">
    <mem type="tenure" free="306176" total="30670848" percent="0">
      <mem type="soa" free="0" total="30364672" percent="0" />
      <mem type="loa" free="306176" total="306176" percent="100" />
    </mem>
  </mem-info>
</gc-start>
<allocation-stats totalBytes="12345744" >
  <allocated-bytes non-tlh="0" tlh="12345744" />
  <largest-consumer threadName="main" threadId="0000000002035F00" bytes="12345744" />
</allocation-stats>
<gc-op id="2741" type="mark" timems="9.979" contextid="2738" timestamp="2019-08-08T10:56:28.854">
  <trace-info objectcount="600493" scancount="521377" scanbytes="13382168" />
  <finalization candidates="80" enqueued="0" />
  <ownableSynchronizers candidates="21" cleared="0" />
  <references type="soft" candidates="3261" cleared="0" enqueued="0" dynamicThreshold="13" maxThreshold="32" />
  <references type="weak" candidates="5572" cleared="0" enqueued="0" />
  <references type="phantom" candidates="97" cleared="0" enqueued="0" />
  <stringconstants candidates="13595" cleared="0"  />
</gc-op>
<gc-op id="2742" type="sweep" timems="1.756" contextid="2738" timestamp="2019-08-08T10:56:28.856" />
<mem-info id="2743" free="12695248" total="30670848" percent="41">
  <mem type="tenure" free="12695248" total="30670848" percent="41" micro-fragmented="0" macro-fragmented="0">
    <mem type="soa" free="12389072" total="30364672" percent="40" />
    <mem type="loa" free="306176" total="306176" percent="100" />
  </mem>
</mem-info>
<gc-op id="2744" type="compact" timems="29.502" contextid="2738" timestamp="2019-08-08T10:56:28.885">
  <compact-info movecount="2" movebytes="56" reason="compact to aid heap contraction" />
</gc-op>
<heap-resize id="2745" type="expand" space="tenure" amount="131072" count="1" timems="0.023" reason="satisfy allocation request" timestamp="2019-08-08T10:56:28.889" />
<gc-end id="2746" type="global" contextid="2738" durationms="44.587" usertimems="78.725" systemtimems="22.279" timestamp="2019-08-08T10:56:28.889" activeThreads="16">
  <mem-info id="2747" free="12760792" total="30801920" percent="41">
    <mem type="tenure" free="12760792" total="30801920" percent="41">
      <mem type="soa" free="12453592" total="30494720" percent="40" />
      <mem type="loa" free="307200" total="307200" percent="100" />
    </mem>
  </mem-info>
</gc-end>
<cycle-end id="2748" type="global" contextid="2738" timestamp="2019-08-08T10:56:28.889" />
  <attribute name="elasticGC enabled" value="1" />
  <attribute name= "numThreadsSpecified" value="16" />
  <attribute name="heapSize specified" value="30670848" />
  <attribute name="Current GC Util" value="44" />
  <attribute name= "Current Time Running" value="137279" />
  <attribute name ="GC Interval" value="0" />
  <attribute name="Target GC Util Change" value ="80.000000" />
  <attribute name="Current GC Util Change" value="44.000000"/>
  <attribute name="Current Error" value="36.000000" />
  <attribute name="Output H" value="30746576"/>
  <attribute name="Output I" value="2072"/>
  <attribute name="Output T" value="16"/>
  <attribute name= "Current Time Running" value="137279" />
  <attribute name="GC Util currently" value="44" />
  <attribute name="CPU Util currently" value="39031159911" />
<allocation-satisfied id="2749" threadId="0000000002035F00" bytesRequested="1168" />
<af-end id="2750" timestamp="2019-08-08T10:56:28.889" threadId="0000000002036888" success="true" />
<exclusive-end id="2751" timestamp="2019-08-08T10:56:28.889" durationms="44.815" />

<exclusive-start id="2752" timestamp="2019-08-08T10:56:28.892" intervalms="47.802">
  <response-info timems="0.021" idlems="0.021" threads="0" lastid="0000000002035F00" lastname="main" />
</exclusive-start>
<af-start id="2753" threadId="0000000002036888" totalBytesRequested="1168" timestamp="2019-08-08T10:56:28.892" intervalms="47.810" />
<cycle-start id="2754" type="global" contextid="0" timestamp="2019-08-08T10:56:28.892" intervalms="47.813" />
<gc-start id="2755" type="global" contextid="2754" timestamp="2019-08-08T10:56:28.892">
  <mem-info id="2756" free="307200" total="30801920" percent="0">
    <mem type="tenure" free="307200" total="30801920" percent="0">
      <mem type="soa" free="0" total="30494720" percent="0" />
      <mem type="loa" free="307200" total="307200" percent="100" />
    </mem>
  </mem-info>
</gc-start>
<allocation-stats totalBytes="12475152" >
  <allocated-bytes non-tlh="0" tlh="12475152" />
  <largest-consumer threadName="main" threadId="0000000002035F00" bytes="12475152" />
</allocation-stats>
<gc-op id="2757" type="mark" timems="12.479" contextid="2754" timestamp="2019-08-08T10:56:28.904">
  <trace-info objectcount="600493" scancount="521380" scanbytes="13382168" />
  <finalization candidates="80" enqueued="0" />
  <ownableSynchronizers candidates="21" cleared="0" />
  <references type="soft" candidates="3261" cleared="0" enqueued="0" dynamicThreshold="13" maxThreshold="32" />
  <references type="weak" candidates="5572" cleared="0" enqueued="0" />
  <references type="phantom" candidates="97" cleared="0" enqueued="0" />
  <stringconstants candidates="13595" cleared="0"  />
</gc-op>
<gc-op id="2758" type="sweep" timems="1.721" contextid="2754" timestamp="2019-08-08T10:56:28.906" />
<mem-info id="2759" free="12826088" total="30801920" percent="41">
  <mem type="tenure" free="12826088" total="30801920" percent="41" micro-fragmented="0" macro-fragmented="0">
    <mem type="soa" free="12518888" total="30494720" percent="41" />
    <mem type="loa" free="307200" total="307200" percent="100" />
  </mem>
</mem-info>
<gc-op id="2760" type="compact" timems="30.547" contextid="2754" timestamp="2019-08-08T10:56:28.937">
  <compact-info movecount="2" movebytes="56" reason="compact to aid heap contraction" />
</gc-op>
<heap-resize id="2761" type="expand" space="tenure" amount="131072" count="1" timems="0.021" reason="satisfy allocation request" timestamp="2019-08-08T10:56:28.937" />
<gc-end id="2762" type="global" contextid="2754" durationms="45.470" usertimems="66.917" systemtimems="33.780" timestamp="2019-08-08T10:56:28.937" activeThreads="16">
  <mem-info id="2763" free="12891864" total="30932992" percent="41">
    <mem type="tenure" free="12891864" total="30932992" percent="41">
      <mem type="soa" free="12582616" total="30623744" percent="41" />
      <mem type="loa" free="309248" total="309248" percent="100" />
    </mem>
  </mem-info>
</gc-end>
<cycle-end id="2764" type="global" contextid="2754" timestamp="2019-08-08T10:56:28.937" />
  <attribute name="elasticGC enabled" value="1" />
  <attribute name= "numThreadsSpecified" value="16" />
  <attribute name="heapSize specified" value="30801920" />
  <attribute name="Current GC Util" value="30" />
  <attribute name= "Current Time Running" value="137330" />
  <attribute name ="GC Interval" value="0" />
  <attribute name="Target GC Util Change" value ="80.000000" />
  <attribute name="Current GC Util Change" value="30.000000"/>
  <attribute name="Current Error" value="-747.000000" />
  <attribute name="Output H" value="30876744"/>
  <attribute name="Output I" value="680"/>
  <attribute name="Output T" value="16"/>
  <attribute name= "Current Time Running" value="137330" />
  <attribute name="GC Util currently" value="30" />
  <attribute name="CPU Util currently" value="37683385525" />
<allocation-satisfied id="2765" threadId="0000000002035F00" bytesRequested="1168" />
<af-end id="2766" timestamp="2019-08-08T10:56:28.937" threadId="0000000002036888" success="true" />
<exclusive-end id="2767" timestamp="2019-08-08T10:56:28.937" durationms="45.684" />

<exclusive-start id="2768" timestamp="2019-08-08T10:56:28.941" intervalms="49.646">
  <response-info timems="0.142" idlems="0.142" threads="0" lastid="0000000002035F00" lastname="main" />
</exclusive-start>
<af-start id="2769" threadId="0000000002036888" totalBytesRequested="1168" timestamp="2019-08-08T10:56:28.942" intervalms="49.636" />
<cycle-start id="2770" type="global" contextid="0" timestamp="2019-08-08T10:56:28.942" intervalms="49.638" />
<gc-start id="2771" type="global" contextid="2770" timestamp="2019-08-08T10:56:28.942">
  <mem-info id="2772" free="309248" total="30932992" percent="0">
    <mem type="tenure" free="309248" total="30932992" percent="0">
      <mem type="soa" free="0" total="30623744" percent="0" />
      <mem type="loa" free="309248" total="309248" percent="100" />
    </mem>
  </mem-info>
</gc-start>
<allocation-stats totalBytes="12603352" >
  <allocated-bytes non-tlh="0" tlh="12603352" />
  <largest-consumer threadName="main" threadId="0000000002035F00" bytes="12603352" />
</allocation-stats>
<gc-op id="2773" type="mark" timems="7.936" contextid="2770" timestamp="2019-08-08T10:56:28.950">
  <trace-info objectcount="600493" scancount="521378" scanbytes="13382168" />
  <finalization candidates="80" enqueued="0" />
  <ownableSynchronizers candidates="21" cleared="0" />
  <references type="soft" candidates="3261" cleared="0" enqueued="0" dynamicThreshold="13" maxThreshold="32" />
  <references type="weak" candidates="5572" cleared="0" enqueued="0" />
  <references type="phantom" candidates="97" cleared="0" enqueued="0" />
  <stringconstants candidates="13595" cleared="0"  />
</gc-op>
<gc-op id="2774" type="sweep" timems="1.824" contextid="2770" timestamp="2019-08-08T10:56:28.951" />
<mem-info id="2775" free="12956768" total="30932992" percent="41">
  <mem type="tenure" free="12956768" total="30932992" percent="41" micro-fragmented="0" macro-fragmented="0">
    <mem type="soa" free="12647520" total="30623744" percent="41" />
    <mem type="loa" free="309248" total="309248" percent="100" />
  </mem>
</mem-info>
<gc-op id="2776" type="compact" timems="28.531" contextid="2770" timestamp="2019-08-08T10:56:28.980">
  <compact-info movecount="2" movebytes="56" reason="compact to aid heap contraction" />
</gc-op>
<heap-resize id="2777" type="expand" space="tenure" amount="131072" count="1" timems="0.019" reason="satisfy allocation request" timestamp="2019-08-08T10:56:28.981" />
<gc-end id="2778" type="global" contextid="2770" durationms="39.563" usertimems="78.255" systemtimems="6.241" timestamp="2019-08-08T10:56:28.981" activeThreads="16">
  <mem-info id="2779" free="13022936" total="31064064" percent="41">
    <mem type="tenure" free="13022936" total="31064064" percent="41">
      <mem type="soa" free="12712664" total="30753792" percent="41" />
      <mem type="loa" free="310272" total="310272" percent="100" />
    </mem>
  </mem-info>
</gc-end>
<cycle-end id="2780" type="global" contextid="2770" timestamp="2019-08-08T10:56:28.981" />
  <attribute name="elasticGC enabled" value="1" />
  <attribute name= "numThreadsSpecified" value="16" />
  <attribute name="heapSize specified" value="30932992" />
  <attribute name="Current GC Util" value="32" />
  <attribute name= "Current Time Running" value="137373" />
  <attribute name ="GC Interval" value="0" />
  <attribute name="Target GC Util Change" value ="80.000000" />
  <attribute name="Current GC Util Change" value="32.000000"/>
  <attribute name="Current Error" value="-424.000000" />
  <attribute name="Output H" value="31008184"/>
  <attribute name="Output I" value="1256"/>
  <attribute name="Output T" value="16"/>
  <attribute name= "Current Time Running" value="137373" />
  <attribute name="GC Util currently" value="32" />
  <attribute name="CPU Util currently" value="40371052722" />
<allocation-satisfied id="2781" threadId="0000000002035F00" bytesRequested="1168" />
<af-end id="2782" timestamp="2019-08-08T10:56:28.981" threadId="0000000002036888" success="true" />
<exclusive-end id="2783" timestamp="2019-08-08T10:56:28.981" durationms="39.793" />

<exclusive-start id="2784" timestamp="2019-08-08T10:56:28.984" intervalms="42.406">
  <response-info timems="0.037" idlems="0.037" threads="0" lastid="0000000002035F00" lastname="main" />
</exclusive-start>
<af-start id="2785" threadId="0000000002036888" totalBytesRequested="1168" timestamp="2019-08-08T10:56:28.984" intervalms="42.403" />
<cycle-start id="2786" type="global" contextid="0" timestamp="2019-08-08T10:56:28.984" intervalms="42.406" />
<gc-start id="2787" type="global" contextid="2786" timestamp="2019-08-08T10:56:28.984">
  <mem-info id="2788" free="310272" total="31064064" percent="0">
    <mem type="tenure" free="310272" total="31064064" percent="0">
      <mem type="soa" free="0" total="30753792" percent="0" />
      <mem type="loa" free="310272" total="310272" percent="100" />
    </mem>
  </mem-info>
</gc-start>
<allocation-stats totalBytes="12732760" >
  <allocated-bytes non-tlh="0" tlh="12732760" />
  <largest-consumer threadName="main" threadId="0000000002035F00" bytes="12732760" />
</allocation-stats>
<gc-op id="2789" type="mark" timems="14.007" contextid="2786" timestamp="2019-08-08T10:56:28.998">
  <trace-info objectcount="600493" scancount="521377" scanbytes="13382168" />
  <finalization candidates="80" enqueued="0" />
  <ownableSynchronizers candidates="21" cleared="0" />
  <references type="soft" candidates="3261" cleared="0" enqueued="0" dynamicThreshold="13" maxThreshold="32" />
  <references type="weak" candidates="5572" cleared="0" enqueued="0" />
  <references type="phantom" candidates="97" cleared="0" enqueued="0" />
  <stringconstants candidates="13595" cleared="0"  />
</gc-op>
<gc-op id="2790" type="sweep" timems="3.592" contextid="2786" timestamp="2019-08-08T10:56:29.002" />
<mem-info id="2791" free="13088472" total="31064064" percent="42">
  <mem type="tenure" free="13088472" total="31064064" percent="42" micro-fragmented="0" macro-fragmented="0">
    <mem type="soa" free="12778200" total="30753792" percent="41" />
    <mem type="loa" free="310272" total="310272" percent="100" />
  </mem>
</mem-info>
<gc-op id="2792" type="compact" timems="28.834" contextid="2786" timestamp="2019-08-08T10:56:29.031">
  <compact-info movecount="2" movebytes="56" reason="compact to aid heap contraction" />
</gc-op>
<heap-resize id="2793" type="expand" space="tenure" amount="131072" count="1" timems="0.016" reason="satisfy allocation request" timestamp="2019-08-08T10:56:29.031" />
<gc-end id="2794" type="global" contextid="2786" durationms="47.156" usertimems="88.995" systemtimems="29.212" timestamp="2019-08-08T10:56:29.031" activeThreads="16">
  <mem-info id="2795" free="13154008" total="31195136" percent="42">
    <mem type="tenure" free="13154008" total="31195136" percent="42">
      <mem type="soa" free="12842712" total="30883840" percent="41" />
      <mem type="loa" free="311296" total="311296" percent="100" />
    </mem>
  </mem-info>
</gc-end>
<cycle-end id="2796" type="global" contextid="2786" timestamp="2019-08-08T10:56:29.031" />
  <attribute name="elasticGC enabled" value="1" />
  <attribute name= "numThreadsSpecified" value="16" />
  <attribute name="heapSize specified" value="31064064" />
  <attribute name="Current GC Util" value="45" />
  <attribute name= "Current Time Running" value="137424" />
  <attribute name ="GC Interval" value="0" />
  <attribute name="Target GC Util Change" value ="80.000000" />
  <attribute name="Current GC Util Change" value="45.000000"/>
  <attribute name="Current Error" value="35.000000" />
  <attribute name="Output H" value="31139784"/>
  <attribute name="Output I" value="2072"/>
  <attribute name="Output T" value="16"/>
  <attribute name= "Current Time Running" value="137424" />
  <attribute name="GC Util currently" value="45" />
  <attribute name="CPU Util currently" value="39972941633" />
<allocation-satisfied id="2797" threadId="0000000002035F00" bytesRequested="1168" />
<af-end id="2798" timestamp="2019-08-08T10:56:29.031" threadId="0000000002036888" success="true" />
<exclusive-end id="2799" timestamp="2019-08-08T10:56:29.031" durationms="47.357" />

<exclusive-start id="2800" timestamp="2019-08-08T10:56:29.034" intervalms="50.368">
  <response-info timems="0.129" idlems="0.129" threads="0" lastid="0000000002035F00" lastname="main" />
</exclusive-start>
<af-start id="2801" threadId="0000000002036888" totalBytesRequested="1168" timestamp="2019-08-08T10:56:29.034" intervalms="50.362" />
<cycle-start id="2802" type="global" contextid="0" timestamp="2019-08-08T10:56:29.034" intervalms="50.354" />
<gc-start id="2803" type="global" contextid="2802" timestamp="2019-08-08T10:56:29.034">
  <mem-info id="2804" free="311296" total="31195136" percent="0">
    <mem type="tenure" free="311296" total="31195136" percent="0">
      <mem type="soa" free="0" total="30883840" percent="0" />
      <mem type="loa" free="311296" total="311296" percent="100" />
    </mem>
  </mem-info>
</gc-start>
<allocation-stats totalBytes="12862144" >
  <allocated-bytes non-tlh="0" tlh="12862144" />
  <largest-consumer threadName="main" threadId="0000000002035F00" bytes="12862144" />
</allocation-stats>
<gc-op id="2805" type="mark" timems="11.353" contextid="2802" timestamp="2019-08-08T10:56:29.046">
  <trace-info objectcount="600493" scancount="521378" scanbytes="13382168" />
  <finalization candidates="80" enqueued="0" />
  <ownableSynchronizers candidates="21" cleared="0" />
  <references type="soft" candidates="3261" cleared="0" enqueued="0" dynamicThreshold="13" maxThreshold="32" />
  <references type="weak" candidates="5572" cleared="0" enqueued="0" />
  <references type="phantom" candidates="97" cleared="0" enqueued="0" />
  <stringconstants candidates="13595" cleared="0"  />
</gc-op>
<gc-op id="2806" type="sweep" timems="2.857" contextid="2802" timestamp="2019-08-08T10:56:29.049" />
<mem-info id="2807" free="13219544" total="31195136" percent="42">
  <mem type="tenure" free="13219544" total="31195136" percent="42" micro-fragmented="0" macro-fragmented="0">
    <mem type="soa" free="12908248" total="30883840" percent="41" />
    <mem type="loa" free="311296" total="311296" percent="100" />
  </mem>
</mem-info>
<gc-op id="2808" type="compact" timems="31.235" contextid="2802" timestamp="2019-08-08T10:56:29.080">
  <compact-info movecount="2" movebytes="56" reason="compact to aid heap contraction" />
</gc-op>
<heap-resize id="2809" type="expand" space="tenure" amount="131072" count="1" timems="0.020" reason="satisfy allocation request" timestamp="2019-08-08T10:56:29.081" />
<gc-end id="2810" type="global" contextid="2802" durationms="46.719" usertimems="79.205" systemtimems="32.890" timestamp="2019-08-08T10:56:29.081" activeThreads="16">
  <mem-info id="2811" free="13285080" total="31326208" percent="42">
    <mem type="tenure" free="13285080" total="31326208" percent="42">
      <mem type="soa" free="12972760" total="31013888" percent="41" />
      <mem type="loa" free="312320" total="312320" percent="100" />
    </mem>
  </mem-info>
</gc-end>
<cycle-end id="2812" type="global" contextid="2802" timestamp="2019-08-08T10:56:29.081" />
  <attribute name="elasticGC enabled" value="1" />
  <attribute name= "numThreadsSpecified" value="16" />
  <attribute name="heapSize specified" value="31195136" />
  <attribute name="Current GC Util" value="56" />
  <attribute name= "Current Time Running" value="137473" />
  <attribute name ="GC Interval" value="0" />
  <attribute name="Target GC Util Change" value ="80.000000" />
  <attribute name="Current GC Util Change" value="56.000000"/>
  <attribute name="Current Error" value="-1239.000000" />
  <attribute name="Output H" value="31269392"/>
  <attribute name="Output I" value="200"/>
  <attribute name="Output T" value="16"/>
  <attribute name= "Current Time Running" value="137473" />
  <attribute name="GC Util currently" value="56" />
  <attribute name="CPU Util currently" value="36858408794" />
<allocation-satisfied id="2813" threadId="0000000002035F00" bytesRequested="1168" />
<af-end id="2814" timestamp="2019-08-08T10:56:29.081" threadId="0000000002036888" success="true" />
<exclusive-end id="2815" timestamp="2019-08-08T10:56:29.081" durationms="46.904" />

<exclusive-start id="2816" timestamp="2019-08-08T10:56:29.085" intervalms="50.648">
  <response-info timems="0.017" idlems="0.017" threads="0" lastid="0000000002035F00" lastname="main" />
</exclusive-start>
<af-start id="2817" threadId="0000000002036888" totalBytesRequested="1168" timestamp="2019-08-08T10:56:29.085" intervalms="50.712" />
<cycle-start id="2818" type="global" contextid="0" timestamp="2019-08-08T10:56:29.085" intervalms="50.718" />
<gc-start id="2819" type="global" contextid="2818" timestamp="2019-08-08T10:56:29.085">
  <mem-info id="2820" free="312320" total="31326208" percent="0">
    <mem type="tenure" free="312320" total="31326208" percent="0">
      <mem type="soa" free="0" total="31013888" percent="0" />
      <mem type="loa" free="312320" total="312320" percent="100" />
    </mem>
  </mem-info>
</gc-start>
<allocation-stats totalBytes="12992808" >
  <allocated-bytes non-tlh="0" tlh="12992808" />
  <largest-consumer threadName="main" threadId="0000000002035F00" bytes="12992808" />
</allocation-stats>
<gc-op id="2821" type="mark" timems="9.975" contextid="2818" timestamp="2019-08-08T10:56:29.095">
  <trace-info objectcount="600493" scancount="521379" scanbytes="13382168" />
  <finalization candidates="80" enqueued="0" />
  <ownableSynchronizers candidates="21" cleared="0" />
  <references type="soft" candidates="3261" cleared="0" enqueued="0" dynamicThreshold="13" maxThreshold="32" />
  <references type="weak" candidates="5572" cleared="0" enqueued="0" />
  <references type="phantom" candidates="97" cleared="0" enqueued="0" />
  <stringconstants candidates="13595" cleared="0"  />
</gc-op>
<gc-op id="2822" type="sweep" timems="2.447" contextid="2818" timestamp="2019-08-08T10:56:29.098" />
<mem-info id="2823" free="13350568" total="31326208" percent="42">
  <mem type="tenure" free="13350568" total="31326208" percent="42" micro-fragmented="0" macro-fragmented="0">
    <mem type="soa" free="13038248" total="31013888" percent="42" />
    <mem type="loa" free="312320" total="312320" percent="100" />
  </mem>
</mem-info>
<gc-op id="2824" type="compact" timems="29.459" contextid="2818" timestamp="2019-08-08T10:56:29.127">
  <compact-info movecount="2" movebytes="56" reason="compact to aid heap contraction" />
</gc-op>
<heap-resize id="2825" type="expand" space="tenure" amount="131072" count="1" timems="0.023" reason="satisfy allocation request" timestamp="2019-08-08T10:56:29.128" />
<gc-end id="2826" type="global" contextid="2818" durationms="43.455" usertimems="86.294" systemtimems="11.700" timestamp="2019-08-08T10:56:29.129" activeThreads="16">
  <mem-info id="2827" free="13416152" total="31457280" percent="42">
    <mem type="tenure" free="13416152" total="31457280" percent="42">
      <mem type="soa" free="13101784" total="31142912" percent="42" />
      <mem type="loa" free="314368" total="314368" percent="100" />
    </mem>
  </mem-info>
</gc-end>
<cycle-end id="2828" type="global" contextid="2818" timestamp="2019-08-08T10:56:29.129" />
  <attribute name="elasticGC enabled" value="1" />
  <attribute name= "numThreadsSpecified" value="16" />
  <attribute name="heapSize specified" value="31326208" />
  <attribute name="Current GC Util" value="65" />
  <attribute name= "Current Time Running" value="137520" />
  <attribute name ="GC Interval" value="0" />
  <attribute name="Target GC Util Change" value ="80.000000" />
  <attribute name="Current GC Util Change" value="65.000000"/>
  <attribute name="Current Error" value="-426.000000" />
  <attribute name="Output H" value="31401400"/>
  <attribute name="Output I" value="1248"/>
  <attribute name="Output T" value="16"/>
  <attribute name= "Current Time Running" value="137520" />
  <attribute name="GC Util currently" value="65" />
  <attribute name="CPU Util currently" value="39104737130" />
<allocation-satisfied id="2829" threadId="0000000002035F00" bytesRequested="1168" />
<af-end id="2830" timestamp="2019-08-08T10:56:29.129" threadId="0000000002036888" success="true" />
<exclusive-end id="2831" timestamp="2019-08-08T10:56:29.129" durationms="43.732" />

<exclusive-start id="2832" timestamp="2019-08-08T10:56:29.132" intervalms="46.877">
  <response-info timems="0.097" idlems="0.097" threads="0" lastid="0000000002035F00" lastname="main" />
</exclusive-start>
<af-start id="2833" threadId="0000000002036888" totalBytesRequested="1168" timestamp="2019-08-08T10:56:29.132" intervalms="46.870" />
<cycle-start id="2834" type="global" contextid="0" timestamp="2019-08-08T10:56:29.132" intervalms="46.862" />
<gc-start id="2835" type="global" contextid="2834" timestamp="2019-08-08T10:56:29.132">
  <mem-info id="2836" free="314368" total="31457280" percent="0">
    <mem type="tenure" free="314368" total="31457280" percent="0">
      <mem type="soa" free="0" total="31142912" percent="0" />
      <mem type="loa" free="314368" total="314368" percent="100" />
    </mem>
  </mem-info>
</gc-start>
<allocation-stats totalBytes="13120984" >
  <allocated-bytes non-tlh="0" tlh="13120984" />
  <largest-consumer threadName="main" threadId="0000000002035F00" bytes="13120984" />
</allocation-stats>
<gc-op id="2837" type="mark" timems="8.852" contextid="2834" timestamp="2019-08-08T10:56:29.141">
  <trace-info objectcount="600493" scancount="521375" scanbytes="13382168" />
  <finalization candidates="80" enqueued="0" />
  <ownableSynchronizers candidates="21" cleared="0" />
  <references type="soft" candidates="3261" cleared="0" enqueued="0" dynamicThreshold="13" maxThreshold="32" />
  <references type="weak" candidates="5572" cleared="0" enqueued="0" />
  <references type="phantom" candidates="97" cleared="0" enqueued="0" />
  <stringconstants candidates="13595" cleared="0"  />
</gc-op>
<gc-op id="2838" type="sweep" timems="1.711" contextid="2834" timestamp="2019-08-08T10:56:29.143" />
<mem-info id="2839" free="13481248" total="31457280" percent="42">
  <mem type="tenure" free="13481248" total="31457280" percent="42" micro-fragmented="0" macro-fragmented="0">
    <mem type="soa" free="13166880" total="31142912" percent="42" />
    <mem type="loa" free="314368" total="314368" percent="100" />
  </mem>
</mem-info>
<gc-op id="2840" type="compact" timems="36.320" contextid="2834" timestamp="2019-08-08T10:56:29.179">
  <compact-info movecount="2" movebytes="56" reason="compact to aid heap contraction" />
</gc-op>
<heap-resize id="2841" type="expand" space="tenure" amount="131072" count="1" timems="0.025" reason="satisfy allocation request" timestamp="2019-08-08T10:56:29.180" />
<gc-end id="2842" type="global" contextid="2834" durationms="48.107" usertimems="77.944" systemtimems="24.591" timestamp="2019-08-08T10:56:29.180" activeThreads="16">
  <mem-info id="2843" free="13547224" total="31588352" percent="42">
    <mem type="tenure" free="13547224" total="31588352" percent="42">
      <mem type="soa" free="13231832" total="31272960" percent="42" />
      <mem type="loa" free="315392" total="315392" percent="100" />
    </mem>
  </mem-info>
</gc-end>
<cycle-end id="2844" type="global" contextid="2834" timestamp="2019-08-08T10:56:29.180" />
  <attribute name="elasticGC enabled" value="1" />
  <attribute name= "numThreadsSpecified" value="16" />
  <attribute name="heapSize specified" value="31457280" />
  <attribute name="Current GC Util" value="83" />
  <attribute name= "Current Time Running" value="137572" />
  <attribute name ="GC Interval" value="0" />
  <attribute name="Target GC Util Change" value ="80.000000" />
  <attribute name="Current GC Util Change" value="83.000000"/>
  <attribute name="Current Error" value="-3.000000" />
  <attribute name="Output H" value="31532960"/>
  <attribute name="Output I" value="2008"/>
  <attribute name="Output T" value="16"/>
  <attribute name= "Current Time Running" value="137572" />
  <attribute name="GC Util currently" value="83" />
  <attribute name="CPU Util currently" value="31706715767" />
<allocation-satisfied id="2845" threadId="0000000002035F00" bytesRequested="1168" />
<af-end id="2846" timestamp="2019-08-08T10:56:29.180" threadId="0000000002036888" success="true" />
<exclusive-end id="2847" timestamp="2019-08-08T10:56:29.180" durationms="48.357" />

<exclusive-start id="2848" timestamp="2019-08-08T10:56:29.183" intervalms="51.166">
  <response-info timems="0.048" idlems="0.048" threads="0" lastid="0000000002035F00" lastname="main" />
</exclusive-start>
<af-start id="2849" threadId="0000000002036888" totalBytesRequested="1168" timestamp="2019-08-08T10:56:29.183" intervalms="51.131" />
<cycle-start id="2850" type="global" contextid="0" timestamp="2019-08-08T10:56:29.183" intervalms="51.138" />
<gc-start id="2851" type="global" contextid="2850" timestamp="2019-08-08T10:56:29.183">
  <mem-info id="2852" free="315392" total="31588352" percent="0">
    <mem type="tenure" free="315392" total="31588352" percent="0">
      <mem type="soa" free="0" total="31272960" percent="0" />
      <mem type="loa" free="315392" total="315392" percent="100" />
    </mem>
  </mem-info>
</gc-start>
<allocation-stats totalBytes="13250392" >
  <allocated-bytes non-tlh="0" tlh="13250392" />
  <largest-consumer threadName="main" threadId="0000000002035F00" bytes="13250392" />
</allocation-stats>
<gc-op id="2853" type="mark" timems="16.384" contextid="2850" timestamp="2019-08-08T10:56:29.199">
  <trace-info objectcount="600493" scancount="521380" scanbytes="13382168" />
  <finalization candidates="80" enqueued="0" />
  <ownableSynchronizers candidates="21" cleared="0" />
  <references type="soft" candidates="3261" cleared="0" enqueued="0" dynamicThreshold="13" maxThreshold="32" />
  <references type="weak" candidates="5572" cleared="0" enqueued="0" />
  <references type="phantom" candidates="97" cleared="0" enqueued="0" />
  <stringconstants candidates="13595" cleared="0"  />
</gc-op>
<gc-op id="2854" type="sweep" timems="2.574" contextid="2850" timestamp="2019-08-08T10:56:29.202" />
<mem-info id="2855" free="13612088" total="31588352" percent="43">
  <mem type="tenure" free="13612088" total="31588352" percent="43" micro-fragmented="0" macro-fragmented="0">
    <mem type="soa" free="13296696" total="31272960" percent="42" />
    <mem type="loa" free="315392" total="315392" percent="100" />
  </mem>
</mem-info>
<gc-op id="2856" type="compact" timems="35.529" contextid="2850" timestamp="2019-08-08T10:56:29.238">
  <compact-info movecount="2" movebytes="56" reason="compact to aid heap contraction" />
</gc-op>
<heap-resize id="2857" type="expand" space="tenure" amount="131072" count="1" timems="0.015" reason="satisfy allocation request" timestamp="2019-08-08T10:56:29.240" />
<gc-end id="2858" type="global" contextid="2850" durationms="56.991" usertimems="79.842" systemtimems="37.374" timestamp="2019-08-08T10:56:29.240" activeThreads="16">
  <mem-info id="2859" free="13678296" total="31719424" percent="43">
    <mem type="tenure" free="13678296" total="31719424" percent="43">
      <mem type="soa" free="13361880" total="31403008" percent="42" />
      <mem type="loa" free="316416" total="316416" percent="100" />
    </mem>
  </mem-info>
</gc-end>
<cycle-end id="2860" type="global" contextid="2850" timestamp="2019-08-08T10:56:29.240" />
  <attribute name="elasticGC enabled" value="1" />
  <attribute name= "numThreadsSpecified" value="16" />
  <attribute name="heapSize specified" value="31588352" />
  <attribute name="Current GC Util" value="51" />
  <attribute name= "Current Time Running" value="137631" />
  <attribute name ="GC Interval" value="0" />
  <attribute name="Target GC Util Change" value ="80.000000" />
  <attribute name="Current GC Util Change" value="51.000000"/>
  <attribute name="Current Error" value="-936.000000" />
  <attribute name="Output H" value="31662952"/>
  <attribute name="Output I" value="336"/>
  <attribute name="Output T" value="16"/>
  <attribute name= "Current Time Running" value="137631" />
  <attribute name="GC Util currently" value="51" />
  <attribute name="CPU Util currently" value="32392555448" />
<allocation-satisfied id="2861" threadId="0000000002035F00" bytesRequested="1168" />
<af-end id="2862" timestamp="2019-08-08T10:56:29.240" threadId="0000000002036888" success="true" />
<exclusive-end id="2863" timestamp="2019-08-08T10:56:29.240" durationms="57.228" />

<exclusive-start id="2864" timestamp="2019-08-08T10:56:29.246" intervalms="62.940">
  <response-info timems="1.134" idlems="1.134" threads="0" lastid="0000000002035F00" lastname="main" />
</exclusive-start>
<af-start id="2865" threadId="0000000002036888" totalBytesRequested="1168" timestamp="2019-08-08T10:56:29.246" intervalms="62.960" />
<cycle-start id="2866" type="global" contextid="0" timestamp="2019-08-08T10:56:29.246" intervalms="62.962" />
<gc-start id="2867" type="global" contextid="2866" timestamp="2019-08-08T10:56:29.246">
  <mem-info id="2868" free="316416" total="31719424" percent="0">
    <mem type="tenure" free="316416" total="31719424" percent="0">
      <mem type="soa" free="0" total="31403008" percent="0" />
      <mem type="loa" free="316416" total="316416" percent="100" />
    </mem>
  </mem-info>
</gc-start>
<allocation-stats totalBytes="13379800" >
  <allocated-bytes non-tlh="0" tlh="13379800" />
  <largest-consumer threadName="main" threadId="0000000002035F00" bytes="13379800" />
</allocation-stats>
<gc-op id="2869" type="mark" timems="23.805" contextid="2866" timestamp="2019-08-08T10:56:29.270">
  <trace-info objectcount="600493" scancount="521377" scanbytes="13382168" />
  <finalization candidates="80" enqueued="0" />
  <ownableSynchronizers candidates="21" cleared="0" />
  <references type="soft" candidates="3261" cleared="0" enqueued="0" dynamicThreshold="13" maxThreshold="32" />
  <references type="weak" candidates="5572" cleared="0" enqueued="0" />
  <references type="phantom" candidates="97" cleared="0" enqueued="0" />
  <stringconstants candidates="13595" cleared="0"  />
</gc-op>
<gc-op id="2870" type="sweep" timems="4.209" contextid="2866" timestamp="2019-08-08T10:56:29.274" />
<mem-info id="2871" free="13743832" total="31719424" percent="43">
  <mem type="tenure" free="13743832" total="31719424" percent="43" micro-fragmented="0" macro-fragmented="0">
    <mem type="soa" free="13427416" total="31403008" percent="42" />
    <mem type="loa" free="316416" total="316416" percent="100" />
  </mem>
</mem-info>
<gc-op id="2872" type="compact" timems="23.311" contextid="2866" timestamp="2019-08-08T10:56:29.297">
  <compact-info movecount="2" movebytes="56" reason="compact to aid heap contraction" />
</gc-op>
<heap-resize id="2873" type="expand" space="tenure" amount="131072" count="1" timems="0.019" reason="satisfy allocation request" timestamp="2019-08-08T10:56:29.298" />
<gc-end id="2874" type="global" contextid="2866" durationms="52.186" usertimems="85.044" systemtimems="29.491" timestamp="2019-08-08T10:56:29.298" activeThreads="16">
  <mem-info id="2875" free="13809368" total="31850496" percent="43">
    <mem type="tenure" free="13809368" total="31850496" percent="43">
      <mem type="soa" free="13490904" total="31532032" percent="42" />
      <mem type="loa" free="318464" total="318464" percent="100" />
    </mem>
  </mem-info>
</gc-end>
<cycle-end id="2876" type="global" contextid="2866" timestamp="2019-08-08T10:56:29.298" />
  <attribute name="elasticGC enabled" value="1" />
  <attribute name= "numThreadsSpecified" value="16" />
  <attribute name="heapSize specified" value="31719424" />
  <attribute name="Current GC Util" value="48" />
  <attribute name= "Current Time Running" value="137691" />
  <attribute name ="GC Interval" value="0" />
  <attribute name="Target GC Util Change" value ="80.000000" />
  <attribute name="Current GC Util Change" value="48.000000"/>
  <attribute name="Current Error" value="-212.000000" />
  <attribute name="Output H" value="31794864"/>
  <attribute name="Output I" value="1632"/>
  <attribute name="Output T" value="16"/>
  <attribute name= "Current Time Running" value="137691" />
  <attribute name="GC Util currently" value="48" />
  <attribute name="CPU Util currently" value="49390963363" />
<allocation-satisfied id="2877" threadId="0000000002035F00" bytesRequested="1168" />
<af-end id="2878" timestamp="2019-08-08T10:56:29.298" threadId="0000000002036888" success="true" />
<exclusive-end id="2879" timestamp="2019-08-08T10:56:29.298" durationms="52.474" />

<exclusive-start id="2880" timestamp="2019-08-08T10:56:29.302" intervalms="55.936">
  <response-info timems="0.024" idlems="0.024" threads="0" lastid="0000000002035F00" lastname="main" />
</exclusive-start>
<af-start id="2881" threadId="0000000002036888" totalBytesRequested="1168" timestamp="2019-08-08T10:56:29.302" intervalms="56.004" />
<cycle-start id="2882" type="global" contextid="0" timestamp="2019-08-08T10:56:29.302" intervalms="56.005" />
<gc-start id="2883" type="global" contextid="2882" timestamp="2019-08-08T10:56:29.302">
  <mem-info id="2884" free="318464" total="31850496" percent="0">
    <mem type="tenure" free="318464" total="31850496" percent="0">
      <mem type="soa" free="0" total="31532032" percent="0" />
      <mem type="loa" free="318464" total="318464" percent="100" />
    </mem>
  </mem-info>
</gc-start>
<allocation-stats totalBytes="13509208" >
  <allocated-bytes non-tlh="0" tlh="13509208" />
  <largest-consumer threadName="main" threadId="0000000002035F00" bytes="13509208" />
</allocation-stats>
<gc-op id="2885" type="mark" timems="23.386" contextid="2882" timestamp="2019-08-08T10:56:29.325">
  <trace-info objectcount="600493" scancount="521375" scanbytes="13382168" />
  <finalization candidates="80" enqueued="0" />
  <ownableSynchronizers candidates="21" cleared="0" />
  <references type="soft" candidates="3261" cleared="0" enqueued="0" dynamicThreshold="13" maxThreshold="32" />
  <references type="weak" candidates="5572" cleared="0" enqueued="0" />
  <references type="phantom" candidates="97" cleared="0" enqueued="0" />
  <stringconstants candidates="13595" cleared="0"  />
</gc-op>
<gc-op id="2886" type="sweep" timems="2.853" contextid="2882" timestamp="2019-08-08T10:56:29.328" />
<mem-info id="2887" free="13874840" total="31850496" percent="43">
  <mem type="tenure" free="13874840" total="31850496" percent="43" micro-fragmented="0" macro-fragmented="0">
    <mem type="soa" free="13556376" total="31532032" percent="42" />
    <mem type="loa" free="318464" total="318464" percent="100" />
  </mem>
</mem-info>
<gc-op id="2888" type="compact" timems="22.798" contextid="2882" timestamp="2019-08-08T10:56:29.351">
  <compact-info movecount="2" movebytes="56" reason="compact to aid heap contraction" />
</gc-op>
<heap-resize id="2889" type="expand" space="tenure" amount="131072" count="1" timems="0.017" reason="satisfy allocation request" timestamp="2019-08-08T10:56:29.352" />
<gc-end id="2890" type="global" contextid="2882" durationms="49.936" usertimems="86.424" systemtimems="20.689" timestamp="2019-08-08T10:56:29.352" activeThreads="16">
  <mem-info id="2891" free="13940440" total="31981568" percent="43">
    <mem type="tenure" free="13940440" total="31981568" percent="43">
      <mem type="soa" free="13620952" total="31662080" percent="43" />
      <mem type="loa" free="319488" total="319488" percent="100" />
    </mem>
  </mem-info>
</gc-end>
<cycle-end id="2892" type="global" contextid="2882" timestamp="2019-08-08T10:56:29.352" />
  <attribute name="elasticGC enabled" value="1" />
  <attribute name= "numThreadsSpecified" value="16" />
  <attribute name="heapSize specified" value="31850496" />
  <attribute name="Current GC Util" value="39" />
  <attribute name= "Current Time Running" value="137745" />
  <attribute name ="GC Interval" value="0" />
  <attribute name="Target GC Util Change" value ="80.000000" />
  <attribute name="Current GC Util Change" value="39.000000"/>
  <attribute name="Current Error" value="41.000000" />
  <attribute name="Output H" value="31926224"/>
  <attribute name="Output I" value="2088"/>
  <attribute name="Output T" value="16"/>
  <attribute name= "Current Time Running" value="137745" />
  <attribute name="GC Util currently" value="39" />
  <attribute name="CPU Util currently" value="50537742156" />
<allocation-satisfied id="2893" threadId="0000000002035F00" bytesRequested="1168" />
<af-end id="2894" timestamp="2019-08-08T10:56:29.352" threadId="0000000002036888" success="true" />
<exclusive-end id="2895" timestamp="2019-08-08T10:56:29.352" durationms="50.246" />

<exclusive-start id="2896" timestamp="2019-08-08T10:56:29.356" intervalms="54.618">
  <response-info timems="0.055" idlems="0.055" threads="0" lastid="0000000002035F00" lastname="main" />
</exclusive-start>
<af-start id="2897" threadId="0000000002036888" totalBytesRequested="1168" timestamp="2019-08-08T10:56:29.356" intervalms="54.543" />
<cycle-start id="2898" type="global" contextid="0" timestamp="2019-08-08T10:56:29.357" intervalms="54.546" />
<gc-start id="2899" type="global" contextid="2898" timestamp="2019-08-08T10:56:29.357">
  <mem-info id="2900" free="319488" total="31981568" percent="0">
    <mem type="tenure" free="319488" total="31981568" percent="0">
      <mem type="soa" free="0" total="31662080" percent="0" />
      <mem type="loa" free="319488" total="319488" percent="100" />
    </mem>
  </mem-info>
</gc-start>
<allocation-stats totalBytes="13638640" >
  <allocated-bytes non-tlh="0" tlh="13638640" />
  <largest-consumer threadName="main" threadId="0000000002035F00" bytes="13638640" />
</allocation-stats>
<gc-op id="2901" type="mark" timems="22.657" contextid="2898" timestamp="2019-08-08T10:56:29.379">
  <trace-info objectcount="600493" scancount="521373" scanbytes="13382168" />
  <finalization candidates="80" enqueued="0" />
  <ownableSynchronizers candidates="21" cleared="0" />
  <references type="soft" candidates="3261" cleared="0" enqueued="0" dynamicThreshold="13" maxThreshold="32" />
  <references type="weak" candidates="5572" cleared="0" enqueued="0" />
  <references type="phantom" candidates="97" cleared="0" enqueued="0" />
  <stringconstants candidates="13595" cleared="0"  />
</gc-op>
<gc-op id="2902" type="sweep" timems="8.003" contextid="2898" timestamp="2019-08-08T10:56:29.387" />
<mem-info id="2903" free="14005728" total="31981568" percent="43">
  <mem type="tenure" free="14005728" total="31981568" percent="43" micro-fragmented="0" macro-fragmented="0">
    <mem type="soa" free="13686240" total="31662080" percent="43" />
    <mem type="loa" free="319488" total="319488" percent="100" />
  </mem>
</mem-info>
<gc-op id="2904" type="compact" timems="24.082" contextid="2898" timestamp="2019-08-08T10:56:29.412">
  <compact-info movecount="2" movebytes="56" reason="compact to aid heap contraction" />
</gc-op>
<heap-resize id="2905" type="expand" space="tenure" amount="131072" count="1" timems="0.021" reason="satisfy allocation request" timestamp="2019-08-08T10:56:29.413" />
<gc-end id="2906" type="global" contextid="2898" durationms="56.343" usertimems="90.371" systemtimems="42.001" timestamp="2019-08-08T10:56:29.413" activeThreads="16">
  <mem-info id="2907" free="14071512" total="32112640" percent="43">
    <mem type="tenure" free="14071512" total="32112640" percent="43">
      <mem type="soa" free="13751000" total="31792128" percent="43" />
      <mem type="loa" free="320512" total="320512" percent="100" />
    </mem>
  </mem-info>
</gc-end>
<cycle-end id="2908" type="global" contextid="2898" timestamp="2019-08-08T10:56:29.413" />
  <attribute name="elasticGC enabled" value="1" />
  <attribute name= "numThreadsSpecified" value="16" />
  <attribute name="heapSize specified" value="31981568" />
  <attribute name="Current GC Util" value="44" />
  <attribute name= "Current Time Running" value="137805" />
  <attribute name ="GC Interval" value="0" />
  <attribute name="Target GC Util Change" value ="80.000000" />
  <attribute name="Current GC Util Change" value="44.000000"/>
  <attribute name="Current Error" value="-702.000000" />
  <attribute name="Output H" value="32056440"/>
  <attribute name="Output I" value="760"/>
  <attribute name="Output T" value="16"/>
  <attribute name= "Current Time Running" value="137805" />
  <attribute name="GC Util currently" value="44" />
  <attribute name="CPU Util currently" value="47847174524" />
<allocation-satisfied id="2909" threadId="0000000002035F00" bytesRequested="1168" />
<af-end id="2910" timestamp="2019-08-08T10:56:29.413" threadId="0000000002036888" success="true" />
<exclusive-end id="2911" timestamp="2019-08-08T10:56:29.413" durationms="56.590" />

<exclusive-start id="2912" timestamp="2019-08-08T10:56:29.417" intervalms="60.291">
  <response-info timems="0.081" idlems="0.081" threads="0" lastid="0000000002035F00" lastname="main" />
</exclusive-start>
<af-start id="2913" threadId="0000000002036888" totalBytesRequested="1168" timestamp="2019-08-08T10:56:29.417" intervalms="60.276" />
<cycle-start id="2914" type="global" contextid="0" timestamp="2019-08-08T10:56:29.417" intervalms="60.457" />
<gc-start id="2915" type="global" contextid="2914" timestamp="2019-08-08T10:56:29.417">
  <mem-info id="2916" free="320512" total="32112640" percent="0">
    <mem type="tenure" free="320512" total="32112640" percent="0">
      <mem type="soa" free="0" total="31792128" percent="0" />
      <mem type="loa" free="320512" total="320512" percent="100" />
    </mem>
  </mem-info>
</gc-start>
<allocation-stats totalBytes="13768024" >
  <allocated-bytes non-tlh="0" tlh="13768024" />
  <largest-consumer threadName="main" threadId="0000000002035F00" bytes="13768024" />
</allocation-stats>
<gc-op id="2917" type="mark" timems="51.290" contextid="2914" timestamp="2019-08-08T10:56:29.468">
  <trace-info objectcount="600493" scancount="521379" scanbytes="13382168" />
  <finalization candidates="80" enqueued="0" />
  <ownableSynchronizers candidates="21" cleared="0" />
  <references type="soft" candidates="3261" cleared="0" enqueued="0" dynamicThreshold="14" maxThreshold="32" />
  <references type="weak" candidates="5572" cleared="0" enqueued="0" />
  <references type="phantom" candidates="97" cleared="0" enqueued="0" />
  <stringconstants candidates="13595" cleared="0"  />
</gc-op>
<gc-op id="2918" type="sweep" timems="6.556" contextid="2914" timestamp="2019-08-08T10:56:29.475" />
<mem-info id="2919" free="14136568" total="32112640" percent="44">
  <mem type="tenure" free="14136568" total="32112640" percent="44" micro-fragmented="0" macro-fragmented="0">
    <mem type="soa" free="13816056" total="31792128" percent="43" />
    <mem type="loa" free="320512" total="320512" percent="100" />
  </mem>
</mem-info>
<gc-op id="2920" type="compact" timems="265.877" contextid="2914" timestamp="2019-08-08T10:56:29.741">
  <compact-info movecount="2" movebytes="56" reason="compact to aid heap contraction" />
</gc-op>
<heap-resize id="2921" type="expand" space="tenure" amount="131072" count="1" timems="0.024" reason="satisfy allocation request" timestamp="2019-08-08T10:56:29.742" />
<gc-end id="2922" type="global" contextid="2914" durationms="325.444" usertimems="130.638" systemtimems="218.451" timestamp="2019-08-08T10:56:29.742" activeThreads="8">
  <mem-info id="2923" free="14202584" total="32243712" percent="44">
    <mem type="tenure" free="14202584" total="32243712" percent="44">
      <mem type="soa" free="13881048" total="31922176" percent="43" />
      <mem type="loa" free="321536" total="321536" percent="100" />
    </mem>
  </mem-info>
</gc-end>
<cycle-end id="2924" type="global" contextid="2914" timestamp="2019-08-08T10:56:29.743" />
  <attribute name="elasticGC enabled" value="1" />
  <attribute name= "numThreadsSpecified" value="8" />
  <attribute name="heapSize specified" value="32112640" />
  <attribute name="Current GC Util" value="63" />
  <attribute name= "Current Time Running" value="138134" />
  <attribute name ="GC Interval" value="0" />
  <attribute name="Target GC Util Change" value ="80.000000" />
  <attribute name="Current GC Util Change" value="63.000000"/>
  <attribute name="Current Error" value="-17.000000" />
  <attribute name="Output H" value="32188304"/>
  <attribute name="Output I" value="1984"/>
  <attribute name="Output T" value="8"/>
  <attribute name= "Current Time Running" value="138134" />
  <attribute name="GC Util currently" value="63" />
  <attribute name="CPU Util currently" value="4335237261" />
<allocation-satisfied id="2925" threadId="0000000002035F00" bytesRequested="1168" />
<af-end id="2926" timestamp="2019-08-08T10:56:29.743" threadId="0000000002036888" success="true" />
<exclusive-end id="2927" timestamp="2019-08-08T10:56:29.743" durationms="325.871" />

<exclusive-start id="2928" timestamp="2019-08-08T10:56:29.746" intervalms="329.572">
  <response-info timems="0.225" idlems="0.225" threads="0" lastid="0000000002035F00" lastname="main" />
</exclusive-start>
<af-start id="2929" threadId="0000000002036888" totalBytesRequested="1168" timestamp="2019-08-08T10:56:29.746" intervalms="329.630" />
<cycle-start id="2930" type="global" contextid="0" timestamp="2019-08-08T10:56:29.746" intervalms="329.454" />
<gc-start id="2931" type="global" contextid="2930" timestamp="2019-08-08T10:56:29.747">
  <mem-info id="2932" free="321536" total="32243712" percent="0">
    <mem type="tenure" free="321536" total="32243712" percent="0">
      <mem type="soa" free="0" total="31922176" percent="0" />
      <mem type="loa" free="321536" total="321536" percent="100" />
    </mem>
  </mem-info>
</gc-start>
<allocation-stats totalBytes="13897456" >
  <allocated-bytes non-tlh="0" tlh="13897456" />
  <largest-consumer threadName="main" threadId="0000000002035F00" bytes="13897456" />
</allocation-stats>
<gc-op id="2933" type="mark" timems="19.126" contextid="2930" timestamp="2019-08-08T10:56:29.766">
  <trace-info objectcount="600493" scancount="521378" scanbytes="13382168" />
  <finalization candidates="80" enqueued="0" />
  <ownableSynchronizers candidates="21" cleared="0" />
  <references type="soft" candidates="3261" cleared="0" enqueued="0" dynamicThreshold="14" maxThreshold="32" />
  <references type="weak" candidates="5572" cleared="0" enqueued="0" />
  <references type="phantom" candidates="97" cleared="0" enqueued="0" />
  <stringconstants candidates="13595" cleared="0"  />
</gc-op>
<gc-op id="2934" type="sweep" timems="5.528" contextid="2930" timestamp="2019-08-08T10:56:29.771" />
<mem-info id="2935" free="14267456" total="32243712" percent="44">
  <mem type="tenure" free="14267456" total="32243712" percent="44" micro-fragmented="0" macro-fragmented="0">
    <mem type="soa" free="13945920" total="31922176" percent="43" />
    <mem type="loa" free="321536" total="321536" percent="100" />
  </mem>
</mem-info>
<gc-op id="2936" type="compact" timems="27.725" contextid="2930" timestamp="2019-08-08T10:56:29.799">
  <compact-info movecount="2" movebytes="56" reason="compact to aid heap contraction" />
</gc-op>
<heap-resize id="2937" type="expand" space="tenure" amount="131072" count="1" timems="0.022" reason="satisfy allocation request" timestamp="2019-08-08T10:56:29.801" />
<gc-end id="2938" type="global" contextid="2930" durationms="54.092" usertimems="148.562" systemtimems="16.170" timestamp="2019-08-08T10:56:29.801" activeThreads="16">
  <mem-info id="2939" free="14333656" total="32374784" percent="44">
    <mem type="tenure" free="14333656" total="32374784" percent="44">
      <mem type="soa" free="14010072" total="32051200" percent="43" />
      <mem type="loa" free="323584" total="323584" percent="100" />
    </mem>
  </mem-info>
</gc-end>
<cycle-end id="2940" type="global" contextid="2930" timestamp="2019-08-08T10:56:29.801" />
  <attribute name="elasticGC enabled" value="1" />
  <attribute name= "numThreadsSpecified" value="16" />
  <attribute name="heapSize specified" value="32243712" />
  <attribute name="Current GC Util" value="31" />
  <attribute name= "Current Time Running" value="138192" />
  <attribute name ="GC Interval" value="0" />
  <attribute name="Target GC Util Change" value ="80.000000" />
  <attribute name="Current GC Util Change" value="31.000000"/>
  <attribute name="Current Error" value="49.000000" />
  <attribute name="Output H" value="32319448"/>
  <attribute name="Output I" value="2096"/>
  <attribute name="Output T" value="16"/>
  <attribute name= "Current Time Running" value="138192" />
  <attribute name="GC Util currently" value="31" />
  <attribute name="CPU Util currently" value="41497401756" />
<allocation-satisfied id="2941" threadId="0000000002035F00" bytesRequested="1168" />
<af-end id="2942" timestamp="2019-08-08T10:56:29.801" threadId="0000000002036888" success="true" />
<exclusive-end id="2943" timestamp="2019-08-08T10:56:29.801" durationms="54.424" />

<exclusive-start id="2944" timestamp="2019-08-08T10:56:29.805" intervalms="58.889">
  <response-info timems="0.167" idlems="0.167" threads="0" lastid="0000000002035F00" lastname="main" />
</exclusive-start>
<af-start id="2945" threadId="0000000002036888" totalBytesRequested="1168" timestamp="2019-08-08T10:56:29.805" intervalms="58.829" />
<cycle-start id="2946" type="global" contextid="0" timestamp="2019-08-08T10:56:29.805" intervalms="58.820" />
<gc-start id="2947" type="global" contextid="2946" timestamp="2019-08-08T10:56:29.805">
  <mem-info id="2948" free="323584" total="32374784" percent="0">
    <mem type="tenure" free="323584" total="32374784" percent="0">
      <mem type="soa" free="0" total="32051200" percent="0" />
      <mem type="loa" free="323584" total="323584" percent="100" />
    </mem>
  </mem-info>
</gc-start>
<allocation-stats totalBytes="14025608" >
  <allocated-bytes non-tlh="0" tlh="14025608" />
  <largest-consumer threadName="main" threadId="0000000002035F00" bytes="14025608" />
</allocation-stats>
<gc-op id="2949" type="mark" timems="16.455" contextid="2946" timestamp="2019-08-08T10:56:29.822">
  <trace-info objectcount="600493" scancount="521381" scanbytes="13382168" />
  <finalization candidates="80" enqueued="0" />
  <ownableSynchronizers candidates="21" cleared="0" />
  <references type="soft" candidates="3261" cleared="0" enqueued="0" dynamicThreshold="14" maxThreshold="32" />
  <references type="weak" candidates="5572" cleared="0" enqueued="0" />
  <references type="phantom" candidates="97" cleared="0" enqueued="0" />
  <stringconstants candidates="13595" cleared="0"  />
</gc-op>
<gc-op id="2950" type="sweep" timems="1.794" contextid="2946" timestamp="2019-08-08T10:56:29.824" />
<mem-info id="2951" free="14399192" total="32374784" percent="44">
  <mem type="tenure" free="14399192" total="32374784" percent="44" micro-fragmented="0" macro-fragmented="0">
    <mem type="soa" free="14075608" total="32051200" percent="43" />
    <mem type="loa" free="323584" total="323584" percent="100" />
  </mem>
</mem-info>
<gc-op id="2952" type="compact" timems="35.640" contextid="2946" timestamp="2019-08-08T10:56:29.859">
  <compact-info movecount="2" movebytes="56" reason="compact to aid heap contraction" />
</gc-op>
<heap-resize id="2953" type="expand" space="tenure" amount="131072" count="1" timems="0.020" reason="satisfy allocation request" timestamp="2019-08-08T10:56:29.861" />
<gc-end id="2954" type="global" contextid="2946" durationms="55.351" usertimems="139.779" systemtimems="10.461" timestamp="2019-08-08T10:56:29.861" activeThreads="16">
  <mem-info id="2955" free="14464728" total="32505856" percent="44">
    <mem type="tenure" free="14464728" total="32505856" percent="44">
      <mem type="soa" free="14140120" total="32181248" percent="43" />
      <mem type="loa" free="324608" total="324608" percent="100" />
    </mem>
  </mem-info>
</gc-end>
<cycle-end id="2956" type="global" contextid="2946" timestamp="2019-08-08T10:56:29.861" />
  <attribute name="elasticGC enabled" value="1" />
  <attribute name= "numThreadsSpecified" value="16" />
  <attribute name="heapSize specified" value="32374784" />
  <attribute name="Current GC Util" value="26" />
  <attribute name= "Current Time Running" value="138253" />
  <attribute name ="GC Interval" value="0" />
  <attribute name="Target GC Util Change" value ="80.000000" />
  <attribute name="Current GC Util Change" value="26.000000"/>
  <attribute name="Current Error" value="-613.000000" />
  <attribute name="Output H" value="32449760"/>
  <attribute name="Output I" value="920"/>
  <attribute name="Output T" value="16"/>
  <attribute name= "Current Time Running" value="138253" />
  <attribute name="GC Util currently" value="26" />
  <attribute name="CPU Util currently" value="32278912166" />
<allocation-satisfied id="2957" threadId="0000000002035F00" bytesRequested="1168" />
<af-end id="2958" timestamp="2019-08-08T10:56:29.861" threadId="0000000002036888" success="true" />
<exclusive-end id="2959" timestamp="2019-08-08T10:56:29.861" durationms="55.615" />

<exclusive-start id="2960" timestamp="2019-08-08T10:56:29.865" intervalms="59.383">
  <response-info timems="0.099" idlems="0.099" threads="0" lastid="0000000002035F00" lastname="main" />
</exclusive-start>
<af-start id="2961" threadId="0000000002036888" totalBytesRequested="1168" timestamp="2019-08-08T10:56:29.865" intervalms="59.371" />
<cycle-start id="2962" type="global" contextid="0" timestamp="2019-08-08T10:56:29.865" intervalms="59.373" />
<gc-start id="2963" type="global" contextid="2962" timestamp="2019-08-08T10:56:29.865">
  <mem-info id="2964" free="324608" total="32505856" percent="0">
    <mem type="tenure" free="324608" total="32505856" percent="0">
      <mem type="soa" free="0" total="32181248" percent="0" />
      <mem type="loa" free="324608" total="324608" percent="100" />
    </mem>
  </mem-info>
</gc-start>
<allocation-stats totalBytes="14156272" >
  <allocated-bytes non-tlh="0" tlh="14156272" />
  <largest-consumer threadName="main" threadId="0000000002035F00" bytes="14156272" />
</allocation-stats>
<gc-op id="2965" type="mark" timems="20.085" contextid="2962" timestamp="2019-08-08T10:56:29.885">
  <trace-info objectcount="600493" scancount="521372" scanbytes="13382168" />
  <finalization candidates="80" enqueued="0" />
  <ownableSynchronizers candidates="21" cleared="0" />
  <references type="soft" candidates="3261" cleared="0" enqueued="0" dynamicThreshold="14" maxThreshold="32" />
  <references type="weak" candidates="5572" cleared="0" enqueued="0" />
  <references type="phantom" candidates="97" cleared="0" enqueued="0" />
  <stringconstants candidates="13595" cleared="0"  />
</gc-op>
<gc-op id="2966" type="sweep" timems="3.310" contextid="2962" timestamp="2019-08-08T10:56:29.888" />
<mem-info id="2967" free="14530184" total="32505856" percent="44">
  <mem type="tenure" free="14530184" total="32505856" percent="44" micro-fragmented="0" macro-fragmented="0">
    <mem type="soa" free="14205576" total="32181248" percent="44" />
    <mem type="loa" free="324608" total="324608" percent="100" />
  </mem>
</mem-info>
<gc-op id="2968" type="compact" timems="30.301" contextid="2962" timestamp="2019-08-08T10:56:29.919">
  <compact-info movecount="2" movebytes="56" reason="compact to aid heap contraction" />
</gc-op>
<heap-resize id="2969" type="expand" space="tenure" amount="131072" count="1" timems="0.037" reason="satisfy allocation request" timestamp="2019-08-08T10:56:29.920" />
<gc-end id="2970" type="global" contextid="2962" durationms="55.066" usertimems="99.378" systemtimems="29.241" timestamp="2019-08-08T10:56:29.920" activeThreads="16">
  <mem-info id="2971" free="14595800" total="32636928" percent="44">
    <mem type="tenure" free="14595800" total="32636928" percent="44">
      <mem type="soa" free="14270168" total="32311296" percent="44" />
      <mem type="loa" free="325632" total="325632" percent="100" />
    </mem>
  </mem-info>
</gc-end>
<cycle-end id="2972" type="global" contextid="2962" timestamp="2019-08-08T10:56:29.920" />
  <attribute name="elasticGC enabled" value="1" />
  <attribute name= "numThreadsSpecified" value="16" />
  <attribute name="heapSize specified" value="32505856" />
  <attribute name="Current GC Util" value="42" />
  <attribute name= "Current Time Running" value="138312" />
  <attribute name ="GC Interval" value="0" />
  <attribute name="Target GC Util Change" value ="80.000000" />
  <attribute name="Current GC Util Change" value="42.000000"/>
  <attribute name="Current Error" value="-348.000000" />
  <attribute name="Output H" value="32581136"/>
  <attribute name="Output I" value="1392"/>
  <attribute name="Output T" value="16"/>
  <attribute name= "Current Time Running" value="138312" />
  <attribute name="GC Util currently" value="42" />
  <attribute name="CPU Util currently" value="37960120407" />
<allocation-satisfied id="2973" threadId="0000000002035F00" bytesRequested="1168" />
<af-end id="2974" timestamp="2019-08-08T10:56:29.920" threadId="0000000002036888" success="true" />
<exclusive-end id="2975" timestamp="2019-08-08T10:56:29.920" durationms="55.320" />

<exclusive-start id="2976" timestamp="2019-08-08T10:56:29.924" intervalms="59.553">
  <response-info timems="0.144" idlems="0.144" threads="0" lastid="0000000002035F00" lastname="main" />
</exclusive-start>
<af-start id="2977" threadId="0000000002036888" totalBytesRequested="1168" timestamp="2019-08-08T10:56:29.924" intervalms="59.560" />
<cycle-start id="2978" type="global" contextid="0" timestamp="2019-08-08T10:56:29.924" intervalms="59.571" />
<gc-start id="2979" type="global" contextid="2978" timestamp="2019-08-08T10:56:29.924">
  <mem-info id="2980" free="325632" total="32636928" percent="0">
    <mem type="tenure" free="325632" total="32636928" percent="0">
      <mem type="soa" free="0" total="32311296" percent="0" />
      <mem type="loa" free="325632" total="325632" percent="100" />
    </mem>
  </mem-info>
</gc-start>
<allocation-stats totalBytes="14285680" >
  <allocated-bytes non-tlh="0" tlh="14285680" />
  <largest-consumer threadName="main" threadId="0000000002035F00" bytes="14285680" />
</allocation-stats>
<gc-op id="2981" type="mark" timems="16.023" contextid="2978" timestamp="2019-08-08T10:56:29.940">
  <trace-info objectcount="600493" scancount="521375" scanbytes="13382168" />
  <finalization candidates="80" enqueued="0" />
  <ownableSynchronizers candidates="21" cleared="0" />
  <references type="soft" candidates="3261" cleared="0" enqueued="0" dynamicThreshold="14" maxThreshold="32" />
  <references type="weak" candidates="5572" cleared="0" enqueued="0" />
  <references type="phantom" candidates="97" cleared="0" enqueued="0" />
  <stringconstants candidates="13595" cleared="0"  />
</gc-op>
<gc-op id="2982" type="sweep" timems="3.408" contextid="2978" timestamp="2019-08-08T10:56:29.944" />
<mem-info id="2983" free="14661072" total="32636928" percent="44">
  <mem type="tenure" free="14661072" total="32636928" percent="44" micro-fragmented="0" macro-fragmented="0">
    <mem type="soa" free="14335440" total="32311296" percent="44" />
    <mem type="loa" free="325632" total="325632" percent="100" />
  </mem>
</mem-info>
<gc-op id="2984" type="compact" timems="27.112" contextid="2978" timestamp="2019-08-08T10:56:29.971">
  <compact-info movecount="2" movebytes="56" reason="compact to aid heap contraction" />
</gc-op>
<heap-resize id="2985" type="expand" space="tenure" amount="131072" count="1" timems="0.025" reason="satisfy allocation request" timestamp="2019-08-08T10:56:29.973" />
<gc-end id="2986" type="global" contextid="2978" durationms="48.947" usertimems="79.738" systemtimems="20.806" timestamp="2019-08-08T10:56:29.973" activeThreads="16">
  <mem-info id="2987" free="14726872" total="32768000" percent="44">
    <mem type="tenure" free="14726872" total="32768000" percent="44">
      <mem type="soa" free="14399192" total="32440320" percent="44" />
      <mem type="loa" free="327680" total="327680" percent="100" />
    </mem>
  </mem-info>
</gc-end>
<cycle-end id="2988" type="global" contextid="2978" timestamp="2019-08-08T10:56:29.973" />
  <attribute name="elasticGC enabled" value="1" />
  <attribute name= "numThreadsSpecified" value="16" />
  <attribute name="heapSize specified" value="32636928" />
  <attribute name="Current GC Util" value="35" />
  <attribute name= "Current Time Running" value="138364" />
  <attribute name ="GC Interval" value="0" />
  <attribute name="Target GC Util Change" value ="80.000000" />
  <attribute name="Current GC Util Change" value="35.000000"/>
  <attribute name="Current Error" value="45.000000" />
  <attribute name="Output H" value="32712664"/>
  <attribute name="Output I" value="2088"/>
  <attribute name="Output T" value="16"/>
  <attribute name= "Current Time Running" value="138364" />
  <attribute name="GC Util currently" value="35" />
  <attribute name="CPU Util currently" value="42438733338" />
<allocation-satisfied id="2989" threadId="0000000002035F00" bytesRequested="1168" />
<af-end id="2990" timestamp="2019-08-08T10:56:29.973" threadId="0000000002036888" success="true" />
<exclusive-end id="2991" timestamp="2019-08-08T10:56:29.973" durationms="49.173" />

<exclusive-start id="2992" timestamp="2019-08-08T10:56:29.984" intervalms="60.016">
  <response-info timems="0.097" idlems="0.097" threads="0" lastid="0000000002035F00" lastname="main" />
</exclusive-start>
<af-start id="2993" threadId="0000000002036888" totalBytesRequested="1168" timestamp="2019-08-08T10:56:29.984" intervalms="60.001" />
<cycle-start id="2994" type="global" contextid="0" timestamp="2019-08-08T10:56:29.984" intervalms="59.989" />
<gc-start id="2995" type="global" contextid="2994" timestamp="2019-08-08T10:56:29.984">
  <mem-info id="2996" free="327680" total="32768000" percent="1">
    <mem type="tenure" free="327680" total="32768000" percent="1">
      <mem type="soa" free="0" total="32440320" percent="0" />
      <mem type="loa" free="327680" total="327680" percent="100" />
    </mem>
  </mem-info>
</gc-start>
<allocation-stats totalBytes="14377968" >
  <allocated-bytes non-tlh="0" tlh="14377968" />
  <largest-consumer threadName="main" threadId="0000000002035F00" bytes="14377968" />
</allocation-stats>
<gc-op id="2997" type="mark" timems="13.099" contextid="2994" timestamp="2019-08-08T10:56:29.997">
  <trace-info objectcount="600499" scancount="521381" scanbytes="13382320" />
  <finalization candidates="80" enqueued="0" />
  <ownableSynchronizers candidates="21" cleared="0" />
  <references type="soft" candidates="3261" cleared="0" enqueued="0" dynamicThreshold="14" maxThreshold="32" />
  <references type="weak" candidates="5572" cleared="0" enqueued="0" />
  <references type="phantom" candidates="97" cleared="0" enqueued="0" />
  <stringconstants candidates="13595" cleared="0"  />
</gc-op>
<gc-op id="2998" type="sweep" timems="1.490" contextid="2994" timestamp="2019-08-08T10:56:29.999" />
<mem-info id="2999" free="14791432" total="32768000" percent="45">
  <mem type="tenure" free="14791432" total="32768000" percent="45" micro-fragmented="0" macro-fragmented="0">
    <mem type="soa" free="14463752" total="32440320" percent="44" />
    <mem type="loa" free="327680" total="327680" percent="100" />
  </mem>
</mem-info>
<gc-op id="3000" type="compact" timems="27.178" contextid="2994" timestamp="2019-08-08T10:56:30.026">
  <compact-info movecount="27" movebytes="1936" reason="compact to aid heap contraction" />
</gc-op>
<heap-resize id="3001" type="expand" space="tenure" amount="131072" count="1" timems="0.021" reason="satisfy allocation request" timestamp="2019-08-08T10:56:30.027" />
<gc-end id="3002" type="global" contextid="2994" durationms="43.087" usertimems="84.267" systemtimems="1.684" timestamp="2019-08-08T10:56:30.027" activeThreads="16">
  <mem-info id="3003" free="14857784" total="32899072" percent="45">
    <mem type="tenure" free="14857784" total="32899072" percent="45">
      <mem type="soa" free="14529080" total="32570368" percent="44" />
      <mem type="loa" free="328704" total="328704" percent="100" />
    </mem>
  </mem-info>
</gc-end>
<cycle-end id="3004" type="global" contextid="2994" timestamp="2019-08-08T10:56:30.027" />
  <attribute name="elasticGC enabled" value="1" />
  <attribute name= "numThreadsSpecified" value="16" />
  <attribute name="heapSize specified" value="32768000" />
  <attribute name="Current GC Util" value="31" />
  <attribute name= "Current Time Running" value="138419" />
  <attribute name ="GC Interval" value="0" />
  <attribute name="Target GC Util Change" value ="80.000000" />
  <attribute name="Current GC Util Change" value="31.000000"/>
  <attribute name="Current Error" value="-347.000000" />
  <attribute name="Output H" value="32843280"/>
  <attribute name="Output I" value="1392"/>
  <attribute name="Output T" value="16"/>
  <attribute name= "Current Time Running" value="138419" />
  <attribute name="GC Util currently" value="31" />
  <attribute name="CPU Util currently" value="42375566299" />
<allocation-satisfied id="3005" threadId="0000000002035F00" bytesRequested="1168" />
<af-end id="3006" timestamp="2019-08-08T10:56:30.027" threadId="0000000002036888" success="true" />
<exclusive-end id="3007" timestamp="2019-08-08T10:56:30.027" durationms="43.275" />

<exclusive-start id="3008" timestamp="2019-08-08T10:56:30.036" intervalms="51.937">
  <response-info timems="0.040" idlems="0.040" threads="0" lastid="0000000002035F00" lastname="main" />
</exclusive-start>
<af-start id="3009" threadId="0000000002036888" totalBytesRequested="1168" timestamp="2019-08-08T10:56:30.036" intervalms="51.945" />
<cycle-start id="3010" type="global" contextid="0" timestamp="2019-08-08T10:56:30.036" intervalms="51.938" />
<gc-start id="3011" type="global" contextid="3010" timestamp="2019-08-08T10:56:30.036">
  <mem-info id="3012" free="328704" total="32899072" percent="0">
    <mem type="tenure" free="328704" total="32899072" percent="0">
      <mem type="soa" free="0" total="32570368" percent="0" />
      <mem type="loa" free="328704" total="328704" percent="100" />
    </mem>
  </mem-info>
</gc-start>
<allocation-stats totalBytes="14498080" >
  <allocated-bytes non-tlh="0" tlh="14498080" />
  <largest-consumer threadName="main" threadId="0000000002035F00" bytes="14498080" />
</allocation-stats>
<gc-op id="3013" type="mark" timems="16.707" contextid="3010" timestamp="2019-08-08T10:56:30.053">
  <trace-info objectcount="600499" scancount="521384" scanbytes="13382320" />
  <finalization candidates="80" enqueued="0" />
  <ownableSynchronizers candidates="21" cleared="0" />
  <references type="soft" candidates="3261" cleared="0" enqueued="0" dynamicThreshold="14" maxThreshold="32" />
  <references type="weak" candidates="5572" cleared="0" enqueued="0" />
  <references type="phantom" candidates="97" cleared="0" enqueued="0" />
  <stringconstants candidates="13595" cleared="0"  />
</gc-op>
<gc-op id="3014" type="sweep" timems="5.288" contextid="3010" timestamp="2019-08-08T10:56:30.058" />
<mem-info id="3015" free="14923320" total="32899072" percent="45">
  <mem type="tenure" free="14923320" total="32899072" percent="45" micro-fragmented="0" macro-fragmented="0">
    <mem type="soa" free="14594616" total="32570368" percent="44" />
    <mem type="loa" free="328704" total="328704" percent="100" />
  </mem>
</mem-info>
<gc-op id="3016" type="compact" timems="35.995" contextid="3010" timestamp="2019-08-08T10:56:30.094">
  <compact-info movecount="1" movebytes="40" reason="compact to aid heap contraction" />
</gc-op>
<heap-resize id="3017" type="expand" space="tenure" amount="131072" count="1" timems="0.016" reason="satisfy allocation request" timestamp="2019-08-08T10:56:30.095" />
<gc-end id="3018" type="global" contextid="3010" durationms="58.982" usertimems="103.701" systemtimems="34.206" timestamp="2019-08-08T10:56:30.095" activeThreads="16">
  <mem-info id="3019" free="14988856" total="33030144" percent="45">
    <mem type="tenure" free="14988856" total="33030144" percent="45">
      <mem type="soa" free="14659128" total="32700416" percent="44" />
      <mem type="loa" free="329728" total="329728" percent="100" />
    </mem>
  </mem-info>
</gc-end>
<cycle-end id="3020" type="global" contextid="3010" timestamp="2019-08-08T10:56:30.095" />
  <attribute name="elasticGC enabled" value="1" />
  <attribute name= "numThreadsSpecified" value="16" />
  <attribute name="heapSize specified" value="32899072" />
  <attribute name="Current GC Util" value="36" />
  <attribute name= "Current Time Running" value="138488" />
  <attribute name ="GC Interval" value="0" />
  <attribute name="Target GC Util Change" value ="80.000000" />
  <attribute name="Current GC Util Change" value="36.000000"/>
  <attribute name="Current Error" value="-339.000000" />
  <attribute name="Output H" value="32974368"/>
  <attribute name="Output I" value="1408"/>
  <attribute name="Output T" value="16"/>
  <attribute name= "Current Time Running" value="138488" />
  <attribute name="GC Util currently" value="36" />
  <attribute name="CPU Util currently" value="31998366408" />
<allocation-satisfied id="3021" threadId="0000000002035F00" bytesRequested="1168" />
<af-end id="3022" timestamp="2019-08-08T10:56:30.095" threadId="0000000002036888" success="true" />
<exclusive-end id="3023" timestamp="2019-08-08T10:56:30.095" durationms="59.203" />

<exclusive-start id="3024" timestamp="2019-08-08T10:56:30.105" intervalms="69.006">
  <response-info timems="0.103" idlems="0.103" threads="0" lastid="0000000002035F00" lastname="main" />
</exclusive-start>
<af-start id="3025" threadId="0000000002036888" totalBytesRequested="1168" timestamp="2019-08-08T10:56:30.105" intervalms="69.061" />
<cycle-start id="3026" type="global" contextid="0" timestamp="2019-08-08T10:56:30.105" intervalms="69.075" />
<gc-start id="3027" type="global" contextid="3026" timestamp="2019-08-08T10:56:30.105">
  <mem-info id="3028" free="329728" total="33030144" percent="0">
    <mem type="tenure" free="329728" total="33030144" percent="0">
      <mem type="soa" free="0" total="32700416" percent="0" />
      <mem type="loa" free="329728" total="329728" percent="100" />
    </mem>
  </mem-info>
</gc-start>
<allocation-stats totalBytes="14628280" >
  <allocated-bytes non-tlh="0" tlh="14628280" />
  <largest-consumer threadName="main" threadId="0000000002035F00" bytes="14628280" />
</allocation-stats>
<gc-op id="3029" type="mark" timems="18.047" contextid="3026" timestamp="2019-08-08T10:56:30.123">
  <trace-info objectcount="600499" scancount="521381" scanbytes="13382320" />
  <finalization candidates="80" enqueued="0" />
  <ownableSynchronizers candidates="21" cleared="0" />
  <references type="soft" candidates="3261" cleared="0" enqueued="0" dynamicThreshold="14" maxThreshold="32" />
  <references type="weak" candidates="5572" cleared="0" enqueued="0" />
  <references type="phantom" candidates="97" cleared="0" enqueued="0" />
  <stringconstants candidates="13595" cleared="0"  />
</gc-op>
<gc-op id="3030" type="sweep" timems="5.355" contextid="3026" timestamp="2019-08-08T10:56:30.129" />
<mem-info id="3031" free="15054392" total="33030144" percent="45">
  <mem type="tenure" free="15054392" total="33030144" percent="45" micro-fragmented="0" macro-fragmented="0">
    <mem type="soa" free="14724664" total="32700416" percent="45" />
    <mem type="loa" free="329728" total="329728" percent="100" />
  </mem>
</mem-info>
<gc-op id="3032" type="compact" timems="34.278" contextid="3026" timestamp="2019-08-08T10:56:30.163">
  <compact-info movecount="1" movebytes="40" reason="compact to aid heap contraction" />
</gc-op>
<heap-resize id="3033" type="expand" space="tenure" amount="131072" count="1" timems="0.026" reason="satisfy allocation request" timestamp="2019-08-08T10:56:30.164" />
<gc-end id="3034" type="global" contextid="3026" durationms="59.323" usertimems="145.080" systemtimems="21.010" timestamp="2019-08-08T10:56:30.165" activeThreads="16">
  <mem-info id="3035" free="15119928" total="33161216" percent="45">
    <mem type="tenure" free="15119928" total="33161216" percent="45">
      <mem type="soa" free="14789176" total="32830464" percent="45" />
      <mem type="loa" free="330752" total="330752" percent="100" />
    </mem>
  </mem-info>
</gc-end>
<cycle-end id="3036" type="global" contextid="3026" timestamp="2019-08-08T10:56:30.165" />
  <attribute name="elasticGC enabled" value="1" />
  <attribute name= "numThreadsSpecified" value="16" />
  <attribute name="heapSize specified" value="33030144" />
  <attribute name="Current GC Util" value="66" />
  <attribute name= "Current Time Running" value="138557" />
  <attribute name ="GC Interval" value="0" />
  <attribute name="Target GC Util Change" value ="80.000000" />
  <attribute name="Current GC Util Change" value="66.000000"/>
  <attribute name="Current Error" value="14.000000" />
  <attribute name="Output H" value="33105840"/>
  <attribute name="Output I" value="2040"/>
  <attribute name="Output T" value="16"/>
  <attribute name= "Current Time Running" value="138557" />
  <attribute name="GC Util currently" value="66" />
  <attribute name="CPU Util currently" value="33569253126" />
<allocation-satisfied id="3037" threadId="0000000002035F00" bytesRequested="1168" />
<af-end id="3038" timestamp="2019-08-08T10:56:30.165" threadId="0000000002036888" success="true" />
<exclusive-end id="3039" timestamp="2019-08-08T10:56:30.165" durationms="59.622" />

<exclusive-start id="3040" timestamp="2019-08-08T10:56:30.174" intervalms="69.028">
  <response-info timems="0.091" idlems="0.091" threads="0" lastid="0000000002035F00" lastname="main" />
</exclusive-start>
<af-start id="3041" threadId="0000000002036888" totalBytesRequested="1168" timestamp="2019-08-08T10:56:30.174" intervalms="68.999" />
<cycle-start id="3042" type="global" contextid="0" timestamp="2019-08-08T10:56:30.174" intervalms="69.006" />
<gc-start id="3043" type="global" contextid="3042" timestamp="2019-08-08T10:56:30.174">
  <mem-info id="3044" free="330752" total="33161216" percent="0">
    <mem type="tenure" free="330752" total="33161216" percent="0">
      <mem type="soa" free="0" total="32830464" percent="0" />
      <mem type="loa" free="330752" total="330752" percent="100" />
    </mem>
  </mem-info>
</gc-start>
<allocation-stats totalBytes="14757240" >
  <allocated-bytes non-tlh="0" tlh="14757240" />
  <largest-consumer threadName="main" threadId="0000000002035F00" bytes="14757240" />
</allocation-stats>
<gc-op id="3045" type="mark" timems="38.712" contextid="3042" timestamp="2019-08-08T10:56:30.213">
  <trace-info objectcount="600499" scancount="521384" scanbytes="13382320" />
  <finalization candidates="80" enqueued="0" />
  <ownableSynchronizers candidates="21" cleared="0" />
  <references type="soft" candidates="3261" cleared="0" enqueued="0" dynamicThreshold="14" maxThreshold="32" />
  <references type="weak" candidates="5572" cleared="0" enqueued="0" />
  <references type="phantom" candidates="97" cleared="0" enqueued="0" />
  <stringconstants candidates="13595" cleared="0"  />
</gc-op>
<gc-op id="3046" type="sweep" timems="4.330" contextid="3042" timestamp="2019-08-08T10:56:30.217" />
<mem-info id="3047" free="15185288" total="33161216" percent="45">
  <mem type="tenure" free="15185288" total="33161216" percent="45" micro-fragmented="0" macro-fragmented="0">
    <mem type="soa" free="14854536" total="32830464" percent="45" />
    <mem type="loa" free="330752" total="330752" percent="100" />
  </mem>
</mem-info>
<gc-op id="3048" type="compact" timems="31.525" contextid="3042" timestamp="2019-08-08T10:56:30.249">
  <compact-info movecount="1" movebytes="40" reason="compact to aid heap contraction" />
</gc-op>
<heap-resize id="3049" type="expand" space="tenure" amount="131072" count="1" timems="0.018" reason="satisfy allocation request" timestamp="2019-08-08T10:56:30.250" />
<gc-end id="3050" type="global" contextid="3042" durationms="75.351" usertimems="88.171" systemtimems="53.258" timestamp="2019-08-08T10:56:30.250" activeThreads="16">
  <mem-info id="3051" free="15251000" total="33292288" percent="45">
    <mem type="tenure" free="15251000" total="33292288" percent="45">
      <mem type="soa" free="14918200" total="32959488" percent="45" />
      <mem type="loa" free="332800" total="332800" percent="100" />
    </mem>
  </mem-info>
</gc-end>
<cycle-end id="3052" type="global" contextid="3042" timestamp="2019-08-08T10:56:30.250" />
  <attribute name="elasticGC enabled" value="1" />
  <attribute name= "numThreadsSpecified" value="16" />
  <attribute name="heapSize specified" value="33161216" />
  <attribute name="Current GC Util" value="59" />
  <attribute name= "Current Time Running" value="138642" />
  <attribute name ="GC Interval" value="0" />
  <attribute name="Target GC Util Change" value ="80.000000" />
  <attribute name="Current GC Util Change" value="59.000000"/>
  <attribute name="Current Error" value="-362.000000" />
  <attribute name="Output H" value="33236480"/>
  <attribute name="Output I" value="1368"/>
  <attribute name="Output T" value="16"/>
  <attribute name= "Current Time Running" value="138642" />
  <attribute name="GC Util currently" value="59" />
  <attribute name="CPU Util currently" value="36581513977" />
<allocation-satisfied id="3053" threadId="0000000002035F00" bytesRequested="1168" />
<af-end id="3054" timestamp="2019-08-08T10:56:30.250" threadId="0000000002036888" success="true" />
<exclusive-end id="3055" timestamp="2019-08-08T10:56:30.250" durationms="75.600" />

<exclusive-start id="3056" timestamp="2019-08-08T10:56:30.257" intervalms="83.010">
  <response-info timems="0.024" idlems="0.024" threads="0" lastid="0000000002035F00" lastname="main" />
</exclusive-start>
<af-start id="3057" threadId="0000000002036888" totalBytesRequested="1168" timestamp="2019-08-08T10:56:30.257" intervalms="82.994" />
<cycle-start id="3058" type="global" contextid="0" timestamp="2019-08-08T10:56:30.257" intervalms="82.982" />
<gc-start id="3059" type="global" contextid="3058" timestamp="2019-08-08T10:56:30.257">
  <mem-info id="3060" free="332800" total="33292288" percent="0">
    <mem type="tenure" free="332800" total="33292288" percent="0">
      <mem type="soa" free="0" total="32959488" percent="0" />
      <mem type="loa" free="332800" total="332800" percent="100" />
    </mem>
  </mem-info>
</gc-start>
<allocation-stats totalBytes="14890240" >
  <allocated-bytes non-tlh="0" tlh="14890240" />
  <largest-consumer threadName="main" threadId="0000000002035F00" bytes="14890240" />
</allocation-stats>
<gc-op id="3061" type="mark" timems="20.814" contextid="3058" timestamp="2019-08-08T10:56:30.278">
  <trace-info objectcount="600500" scancount="521382" scanbytes="13382344" />
  <finalization candidates="80" enqueued="0" />
  <ownableSynchronizers candidates="21" cleared="0" />
  <references type="soft" candidates="3261" cleared="0" enqueued="0" dynamicThreshold="14" maxThreshold="32" />
  <references type="weak" candidates="5572" cleared="0" enqueued="0" />
  <references type="phantom" candidates="97" cleared="0" enqueued="0" />
  <stringconstants candidates="13595" cleared="0"  />
</gc-op>
<gc-op id="3062" type="sweep" timems="5.077" contextid="3058" timestamp="2019-08-08T10:56:30.283" />
<mem-info id="3063" free="15315928" total="33292288" percent="46">
  <mem type="tenure" free="15315928" total="33292288" percent="46" micro-fragmented="0" macro-fragmented="0">
    <mem type="soa" free="14983128" total="32959488" percent="45" />
    <mem type="loa" free="332800" total="332800" percent="100" />
  </mem>
</mem-info>
<gc-op id="3064" type="compact" timems="27.317" contextid="3058" timestamp="2019-08-08T10:56:30.311">
  <compact-info movecount="2" movebytes="64" reason="compact to aid heap contraction" />
</gc-op>
<heap-resize id="3065" type="expand" space="tenure" amount="131072" count="1" timems="0.022" reason="satisfy allocation request" timestamp="2019-08-08T10:56:30.312" />
<gc-end id="3066" type="global" contextid="3058" durationms="55.014" usertimems="83.325" systemtimems="21.755" timestamp="2019-08-08T10:56:30.312" activeThreads="16">
  <mem-info id="3067" free="15382048" total="33423360" percent="46">
    <mem type="tenure" free="15382048" total="33423360" percent="46">
      <mem type="soa" free="15048224" total="33089536" percent="45" />
      <mem type="loa" free="333824" total="333824" percent="100" />
    </mem>
  </mem-info>
</gc-end>
<cycle-end id="3068" type="global" contextid="3058" timestamp="2019-08-08T10:56:30.312" />
  <attribute name="elasticGC enabled" value="1" />
  <attribute name= "numThreadsSpecified" value="16" />
  <attribute name="heapSize specified" value="33292288" />
  <attribute name="Current GC Util" value="35" />
  <attribute name= "Current Time Running" value="138704" />
  <attribute name ="GC Interval" value="0" />
  <attribute name="Target GC Util Change" value ="80.000000" />
  <attribute name="Current GC Util Change" value="35.000000"/>
  <attribute name="Current Error" value="-145.000000" />
  <attribute name="Output H" value="33367808"/>
  <attribute name="Output I" value="1752"/>
  <attribute name="Output T" value="16"/>
  <attribute name= "Current Time Running" value="138704" />
  <attribute name="GC Util currently" value="35" />
  <attribute name="CPU Util currently" value="42131314334" />
<allocation-satisfied id="3069" threadId="0000000002035F00" bytesRequested="1168" />
<af-end id="3070" timestamp="2019-08-08T10:56:30.312" threadId="0000000002036888" success="true" />
<exclusive-end id="3071" timestamp="2019-08-08T10:56:30.312" durationms="55.261" />

<exclusive-start id="3072" timestamp="2019-08-08T10:56:30.323" intervalms="65.956">
  <response-info timems="0.197" idlems="0.197" threads="0" lastid="0000000002035F00" lastname="main" />
</exclusive-start>
<af-start id="3073" threadId="0000000002036888" totalBytesRequested="1168" timestamp="2019-08-08T10:56:30.323" intervalms="65.990" />
<cycle-start id="3074" type="global" contextid="0" timestamp="2019-08-08T10:56:30.323" intervalms="65.981" />
<gc-start id="3075" type="global" contextid="3074" timestamp="2019-08-08T10:56:30.323">
  <mem-info id="3076" free="333824" total="33423360" percent="0">
    <mem type="tenure" free="333824" total="33423360" percent="0">
      <mem type="soa" free="0" total="33089536" percent="0" />
      <mem type="loa" free="333824" total="333824" percent="100" />
    </mem>
  </mem-info>
</gc-start>
<allocation-stats totalBytes="15019728" >
  <allocated-bytes non-tlh="0" tlh="15019728" />
  <largest-consumer threadName="main" threadId="0000000002035F00" bytes="15019728" />
</allocation-stats>
<gc-op id="3077" type="mark" timems="13.750" contextid="3074" timestamp="2019-08-08T10:56:30.337">
  <trace-info objectcount="600500" scancount="521385" scanbytes="13382344" />
  <finalization candidates="80" enqueued="0" />
  <ownableSynchronizers candidates="21" cleared="0" />
  <references type="soft" candidates="3261" cleared="0" enqueued="0" dynamicThreshold="14" maxThreshold="32" />
  <references type="weak" candidates="5572" cleared="0" enqueued="0" />
  <references type="phantom" candidates="97" cleared="0" enqueued="0" />
  <stringconstants candidates="13595" cleared="0"  />
</gc-op>
<gc-op id="3078" type="sweep" timems="1.761" contextid="3074" timestamp="2019-08-08T10:56:30.339" />
<mem-info id="3079" free="15447584" total="33423360" percent="46">
  <mem type="tenure" free="15447584" total="33423360" percent="46" micro-fragmented="0" macro-fragmented="0">
    <mem type="soa" free="15113760" total="33089536" percent="45" />
    <mem type="loa" free="333824" total="333824" percent="100" />
  </mem>
</mem-info>
<gc-op id="3080" type="compact" timems="30.466" contextid="3074" timestamp="2019-08-08T10:56:30.369">
  <compact-info movecount="2" movebytes="64" reason="compact to aid heap contraction" />
</gc-op>
<heap-resize id="3081" type="expand" space="tenure" amount="131072" count="1" timems="0.021" reason="satisfy allocation request" timestamp="2019-08-08T10:56:30.374" />
<gc-end id="3082" type="global" contextid="3074" durationms="50.679" usertimems="96.336" systemtimems="16.381" timestamp="2019-08-08T10:56:30.374" activeThreads="16">
  <mem-info id="3083" free="15513120" total="33554432" percent="46">
    <mem type="tenure" free="15513120" total="33554432" percent="46">
      <mem type="soa" free="15178272" total="33219584" percent="45" />
      <mem type="loa" free="334848" total="334848" percent="100" />
    </mem>
  </mem-info>
</gc-end>
<cycle-end id="3084" type="global" contextid="3074" timestamp="2019-08-08T10:56:30.374" />
  <attribute name="elasticGC enabled" value="1" />
  <attribute name= "numThreadsSpecified" value="16" />
  <attribute name="heapSize specified" value="33423360" />
  <attribute name="Current GC Util" value="60" />
  <attribute name= "Current Time Running" value="138763" />
  <attribute name ="GC Interval" value="0" />
  <attribute name="Target GC Util Change" value ="80.000000" />
  <attribute name="Current GC Util Change" value="60.000000"/>
  <attribute name="Current Error" value="20.000000" />
  <attribute name="Output H" value="33499064"/>
  <attribute name="Output I" value="2048"/>
  <attribute name="Output T" value="16"/>
  <attribute name= "Current Time Running" value="138763" />
  <attribute name="GC Util currently" value="60" />
  <attribute name="CPU Util currently" value="37800022273" />
<allocation-satisfied id="3085" threadId="0000000002035F00" bytesRequested="1168" />
<af-end id="3086" timestamp="2019-08-08T10:56:30.374" threadId="0000000002036888" success="true" />
<exclusive-end id="3087" timestamp="2019-08-08T10:56:30.374" durationms="50.920" />

<exclusive-start id="3088" timestamp="2019-08-08T10:56:30.384" intervalms="60.640">
  <response-info timems="0.044" idlems="0.044" threads="0" lastid="0000000002035F00" lastname="main" />
</exclusive-start>
<af-start id="3089" threadId="0000000002036888" totalBytesRequested="1168" timestamp="2019-08-08T10:56:30.384" intervalms="60.596" />
<cycle-start id="3090" type="global" contextid="0" timestamp="2019-08-08T10:56:30.384" intervalms="60.596" />
<gc-start id="3091" type="global" contextid="3090" timestamp="2019-08-08T10:56:30.384">
  <mem-info id="3092" free="334848" total="33554432" percent="0">
    <mem type="tenure" free="334848" total="33554432" percent="0">
      <mem type="soa" free="0" total="33219584" percent="0" />
      <mem type="loa" free="334848" total="334848" percent="100" />
    </mem>
  </mem-info>
</gc-start>
<allocation-stats totalBytes="15148736" >
  <allocated-bytes non-tlh="0" tlh="15148736" />
  <largest-consumer threadName="main" threadId="0000000002035F00" bytes="15148736" />
</allocation-stats>
<gc-op id="3093" type="mark" timems="11.184" contextid="3090" timestamp="2019-08-08T10:56:30.395">
  <trace-info objectcount="600500" scancount="521386" scanbytes="13382344" />
  <finalization candidates="80" enqueued="0" />
  <ownableSynchronizers candidates="21" cleared="0" />
  <references type="soft" candidates="3261" cleared="0" enqueued="0" dynamicThreshold="14" maxThreshold="32" />
  <references type="weak" candidates="5572" cleared="0" enqueued="0" />
  <references type="phantom" candidates="97" cleared="0" enqueued="0" />
  <stringconstants candidates="13595" cleared="0"  />
</gc-op>
<gc-op id="3094" type="sweep" timems="2.189" contextid="3090" timestamp="2019-08-08T10:56:30.397" />
<mem-info id="3095" free="15578656" total="33554432" percent="46">
  <mem type="tenure" free="15578656" total="33554432" percent="46" micro-fragmented="0" macro-fragmented="0">
    <mem type="soa" free="15243808" total="33219584" percent="45" />
    <mem type="loa" free="334848" total="334848" percent="100" />
  </mem>
</mem-info>
<gc-op id="3096" type="compact" timems="27.370" contextid="3090" timestamp="2019-08-08T10:56:30.425">
  <compact-info movecount="2" movebytes="64" reason="compact to aid heap contraction" />
</gc-op>
<heap-resize id="3097" type="expand" space="tenure" amount="131072" count="1" timems="0.022" reason="satisfy allocation request" timestamp="2019-08-08T10:56:30.426" />
<gc-end id="3098" type="global" contextid="3090" durationms="42.616" usertimems="78.059" systemtimems="23.756" timestamp="2019-08-08T10:56:30.426" activeThreads="16">
  <mem-info id="3099" free="15644192" total="33685504" percent="46">
    <mem type="tenure" free="15644192" total="33685504" percent="46">
      <mem type="soa" free="15308320" total="33349632" percent="45" />
      <mem type="loa" free="335872" total="335872" percent="100" />
    </mem>
  </mem-info>
</gc-end>
<cycle-end id="3100" type="global" contextid="3090" timestamp="2019-08-08T10:56:30.426" />
  <attribute name="elasticGC enabled" value="1" />
  <attribute name= "numThreadsSpecified" value="16" />
  <attribute name="heapSize specified" value="33554432" />
  <attribute name="Current GC Util" value="50" />
  <attribute name= "Current Time Running" value="138818" />
  <attribute name ="GC Interval" value="0" />
  <attribute name="Target GC Util Change" value ="80.000000" />
  <attribute name="Current GC Util Change" value="50.000000"/>
  <attribute name="Current Error" value="-541.000000" />
  <attribute name="Output H" value="33629488"/>
  <attribute name="Output I" value="1048"/>
  <attribute name="Output T" value="16"/>
  <attribute name= "Current Time Running" value="138818" />
  <attribute name="GC Util currently" value="50" />
  <attribute name="CPU Util currently" value="42026609252" />
<allocation-satisfied id="3101" threadId="0000000002035F00" bytesRequested="1168" />
<af-end id="3102" timestamp="2019-08-08T10:56:30.427" threadId="0000000002036888" success="true" />
<exclusive-end id="3103" timestamp="2019-08-08T10:56:30.427" durationms="42.823" />

<exclusive-start id="3104" timestamp="2019-08-08T10:56:30.433" intervalms="49.677">
  <response-info timems="0.044" idlems="0.044" threads="0" lastid="0000000002035F00" lastname="main" />
</exclusive-start>
<af-start id="3105" threadId="0000000002036888" totalBytesRequested="1168" timestamp="2019-08-08T10:56:30.433" intervalms="49.679" />
<cycle-start id="3106" type="global" contextid="0" timestamp="2019-08-08T10:56:30.433" intervalms="49.679" />
<gc-start id="3107" type="global" contextid="3106" timestamp="2019-08-08T10:56:30.434">
  <mem-info id="3108" free="335872" total="33685504" percent="0">
    <mem type="tenure" free="335872" total="33685504" percent="0">
      <mem type="soa" free="0" total="33349632" percent="0" />
      <mem type="loa" free="335872" total="335872" percent="100" />
    </mem>
  </mem-info>
</gc-start>
<allocation-stats totalBytes="15277768" >
  <allocated-bytes non-tlh="0" tlh="15277768" />
  <largest-consumer threadName="main" threadId="0000000002035F00" bytes="15277768" />
</allocation-stats>
<gc-op id="3109" type="mark" timems="35.497" contextid="3106" timestamp="2019-08-08T10:56:30.469">
  <trace-info objectcount="600500" scancount="521408" scanbytes="13382344" />
  <finalization candidates="80" enqueued="0" />
  <ownableSynchronizers candidates="21" cleared="0" />
  <references type="soft" candidates="3261" cleared="0" enqueued="0" dynamicThreshold="14" maxThreshold="32" />
  <references type="weak" candidates="5572" cleared="0" enqueued="0" />
  <references type="phantom" candidates="97" cleared="0" enqueued="0" />
  <stringconstants candidates="13595" cleared="0"  />
</gc-op>
<gc-op id="3110" type="sweep" timems="1.161" contextid="3106" timestamp="2019-08-08T10:56:30.470" />
<mem-info id="3111" free="15709232" total="33685504" percent="46">
  <mem type="tenure" free="15709232" total="33685504" percent="46" micro-fragmented="0" macro-fragmented="0">
    <mem type="soa" free="15373360" total="33349632" percent="46" />
    <mem type="loa" free="335872" total="335872" percent="100" />
  </mem>
</mem-info>
<gc-op id="3112" type="compact" timems="24.578" contextid="3106" timestamp="2019-08-08T10:56:30.495">
  <compact-info movecount="2" movebytes="64" reason="compact to aid heap contraction" />
</gc-op>
<heap-resize id="3113" type="expand" space="tenure" amount="131072" count="1" timems="0.069" reason="satisfy allocation request" timestamp="2019-08-08T10:56:30.496" />
<gc-end id="3114" type="global" contextid="3106" durationms="62.333" usertimems="182.232" systemtimems="98.755" timestamp="2019-08-08T10:56:30.496" activeThreads="16">
  <mem-info id="3115" free="15775264" total="33816576" percent="46">
    <mem type="tenure" free="15775264" total="33816576" percent="46">
      <mem type="soa" free="15437344" total="33478656" percent="46" />
      <mem type="loa" free="337920" total="337920" percent="100" />
    </mem>
  </mem-info>
</gc-end>
<cycle-end id="3116" type="global" contextid="3106" timestamp="2019-08-08T10:56:30.496" />
  <attribute name="elasticGC enabled" value="1" />
  <attribute name= "numThreadsSpecified" value="16" />
  <attribute name="heapSize specified" value="33685504" />
  <attribute name="Current GC Util" value="118" />
  <attribute name= "Current Time Running" value="138888" />
  <attribute name ="GC Interval" value="0" />
  <attribute name="Target GC Util Change" value ="80.000000" />
  <attribute name="Current GC Util Change" value="118.000000"/>
  <attribute name="Current Error" value="-535.000000" />
  <attribute name="Output H" value="33760568"/>
  <attribute name="Output I" value="1056"/>
  <attribute name="Output T" value="16"/>
  <attribute name= "Current Time Running" value="138888" />
  <attribute name="GC Util currently" value="118" />
  <attribute name="CPU Util currently" value="46834860293" />
<allocation-satisfied id="3117" threadId="0000000002035F00" bytesRequested="1168" />
<af-end id="3118" timestamp="2019-08-08T10:56:30.496" threadId="0000000002036888" success="true" />
<exclusive-end id="3119" timestamp="2019-08-08T10:56:30.496" durationms="62.668" />

<exclusive-start id="3120" timestamp="2019-08-08T10:56:30.507" intervalms="73.898">
  <response-info timems="0.187" idlems="0.187" threads="0" lastid="0000000002035F00" lastname="main" />
</exclusive-start>
<af-start id="3121" threadId="0000000002036888" totalBytesRequested="1168" timestamp="2019-08-08T10:56:30.507" intervalms="73.921" />
<cycle-start id="3122" type="global" contextid="0" timestamp="2019-08-08T10:56:30.507" intervalms="73.929" />
<gc-start id="3123" type="global" contextid="3122" timestamp="2019-08-08T10:56:30.507">
  <mem-info id="3124" free="337920" total="33816576" percent="0">
    <mem type="tenure" free="337920" total="33816576" percent="0">
      <mem type="soa" free="0" total="33478656" percent="0" />
      <mem type="loa" free="337920" total="337920" percent="100" />
    </mem>
  </mem-info>
</gc-start>
<allocation-stats totalBytes="15405512" >
  <allocated-bytes non-tlh="0" tlh="15405512" />
  <largest-consumer threadName="main" threadId="0000000002035F00" bytes="15405512" />
</allocation-stats>
<gc-op id="3125" type="mark" timems="20.339" contextid="3122" timestamp="2019-08-08T10:56:30.528">
  <trace-info objectcount="600500" scancount="521384" scanbytes="13382344" />
  <finalization candidates="80" enqueued="0" />
  <ownableSynchronizers candidates="21" cleared="0" />
  <references type="soft" candidates="3261" cleared="0" enqueued="0" dynamicThreshold="14" maxThreshold="32" />
  <references type="weak" candidates="5572" cleared="0" enqueued="0" />
  <references type="phantom" candidates="97" cleared="0" enqueued="0" />
  <stringconstants candidates="13595" cleared="0"  />
</gc-op>
<gc-op id="3126" type="sweep" timems="3.339" contextid="3122" timestamp="2019-08-08T10:56:30.531" />
<mem-info id="3127" free="15840800" total="33816576" percent="46">
  <mem type="tenure" free="15840800" total="33816576" percent="46" micro-fragmented="0" macro-fragmented="0">
    <mem type="soa" free="15502880" total="33478656" percent="46" />
    <mem type="loa" free="337920" total="337920" percent="100" />
  </mem>
</mem-info>
<gc-op id="3128" type="compact" timems="38.242" contextid="3122" timestamp="2019-08-08T10:56:30.570">
  <compact-info movecount="2" movebytes="64" reason="compact to aid heap contraction" />
</gc-op>
<heap-resize id="3129" type="expand" space="tenure" amount="131072" count="1" timems="0.024" reason="satisfy allocation request" timestamp="2019-08-08T10:56:30.571" />
<gc-end id="3130" type="global" contextid="3122" durationms="63.937" usertimems="141.866" systemtimems="34.333" timestamp="2019-08-08T10:56:30.571" activeThreads="16">
  <mem-info id="3131" free="15906336" total="33947648" percent="46">
    <mem type="tenure" free="15906336" total="33947648" percent="46">
      <mem type="soa" free="15567392" total="33608704" percent="46" />
      <mem type="loa" free="338944" total="338944" percent="100" />
    </mem>
  </mem-info>
</gc-end>
<cycle-end id="3132" type="global" contextid="3122" timestamp="2019-08-08T10:56:30.571" />
  <attribute name="elasticGC enabled" value="1" />
  <attribute name= "numThreadsSpecified" value="16" />
  <attribute name="heapSize specified" value="33816576" />
  <attribute name="Current GC Util" value="40" />
  <attribute name= "Current Time Running" value="138963" />
  <attribute name ="GC Interval" value="0" />
  <attribute name="Target GC Util Change" value ="80.000000" />
  <attribute name="Current GC Util Change" value="40.000000"/>
  <attribute name="Current Error" value="40.000000" />
  <attribute name="Output H" value="33892304"/>
  <attribute name="Output I" value="2080"/>
  <attribute name="Output T" value="16"/>
  <attribute name= "Current Time Running" value="138963" />
  <attribute name="GC Util currently" value="40" />
  <attribute name="CPU Util currently" value="30125171994" />
<allocation-satisfied id="3133" threadId="0000000002035F00" bytesRequested="1168" />
<af-end id="3134" timestamp="2019-08-08T10:56:30.571" threadId="0000000002036888" success="true" />
<exclusive-end id="3135" timestamp="2019-08-08T10:56:30.571" durationms="64.193" />

<exclusive-start id="3136" timestamp="2019-08-08T10:56:30.585" intervalms="78.217">
  <response-info timems="0.082" idlems="0.082" threads="0" lastid="0000000002035F00" lastname="main" />
</exclusive-start>
<af-start id="3137" threadId="0000000002036888" totalBytesRequested="1168" timestamp="2019-08-08T10:56:30.586" intervalms="78.185" />
<cycle-start id="3138" type="global" contextid="0" timestamp="2019-08-08T10:56:30.586" intervalms="78.177" />
<gc-start id="3139" type="global" contextid="3138" timestamp="2019-08-08T10:56:30.586">
  <mem-info id="3140" free="338944" total="33947648" percent="0">
    <mem type="tenure" free="338944" total="33947648" percent="0">
      <mem type="soa" free="0" total="33608704" percent="0" />
      <mem type="loa" free="338944" total="338944" percent="100" />
    </mem>
  </mem-info>
</gc-start>
<allocation-stats totalBytes="15535784" >
  <allocated-bytes non-tlh="0" tlh="15535784" />
  <largest-consumer threadName="main" threadId="0000000002035F00" bytes="15535784" />
</allocation-stats>
<gc-op id="3141" type="mark" timems="13.992" contextid="3138" timestamp="2019-08-08T10:56:30.600">
  <trace-info objectcount="600500" scancount="521384" scanbytes="13382344" />
  <finalization candidates="80" enqueued="0" />
  <ownableSynchronizers candidates="21" cleared="0" />
  <references type="soft" candidates="3261" cleared="0" enqueued="0" dynamicThreshold="14" maxThreshold="32" />
  <references type="weak" candidates="5572" cleared="0" enqueued="0" />
  <references type="phantom" candidates="97" cleared="0" enqueued="0" />
  <stringconstants candidates="13595" cleared="0"  />
</gc-op>
<gc-op id="3142" type="sweep" timems="4.517" contextid="3138" timestamp="2019-08-08T10:56:30.604" />
<mem-info id="3143" free="15971256" total="33947648" percent="47">
  <mem type="tenure" free="15971256" total="33947648" percent="47" micro-fragmented="0" macro-fragmented="0">
    <mem type="soa" free="15632312" total="33608704" percent="46" />
    <mem type="loa" free="338944" total="338944" percent="100" />
  </mem>
</mem-info>
<gc-op id="3144" type="compact" timems="26.416" contextid="3138" timestamp="2019-08-08T10:56:30.631">
  <compact-info movecount="2" movebytes="64" reason="compact to aid heap contraction" />
</gc-op>
<heap-resize id="3145" type="expand" space="tenure" amount="131072" count="1" timems="0.018" reason="satisfy allocation request" timestamp="2019-08-08T10:56:30.634" />
<gc-end id="3146" type="global" contextid="3138" durationms="47.974" usertimems="64.216" systemtimems="32.235" timestamp="2019-08-08T10:56:30.634" activeThreads="16">
  <mem-info id="3147" free="16037408" total="34078720" percent="47">
    <mem type="tenure" free="16037408" total="34078720" percent="47">
      <mem type="soa" free="15697440" total="33738752" percent="46" />
      <mem type="loa" free="339968" total="339968" percent="100" />
    </mem>
  </mem-info>
</gc-end>
<cycle-end id="3148" type="global" contextid="3138" timestamp="2019-08-08T10:56:30.634" />
  <attribute name="elasticGC enabled" value="1" />
  <attribute name= "numThreadsSpecified" value="16" />
  <attribute name="heapSize specified" value="33947648" />
  <attribute name="Current GC Util" value="46" />
  <attribute name= "Current Time Running" value="139024" />
  <attribute name ="GC Interval" value="0" />
  <attribute name="Target GC Util Change" value ="80.000000" />
  <attribute name="Current GC Util Change" value="46.000000"/>
  <attribute name="Current Error" value="-323.000000" />
  <attribute name="Output H" value="34022960"/>
  <attribute name="Output I" value="1432"/>
  <attribute name="Output T" value="16"/>
  <attribute name= "Current Time Running" value="139024" />
  <attribute name="GC Util currently" value="46" />
  <attribute name="CPU Util currently" value="42980889132" />
<allocation-satisfied id="3149" threadId="0000000002035F00" bytesRequested="1168" />
<af-end id="3150" timestamp="2019-08-08T10:56:30.634" threadId="0000000002036888" success="true" />
<exclusive-end id="3151" timestamp="2019-08-08T10:56:30.634" durationms="48.181" />

<exclusive-start id="3152" timestamp="2019-08-08T10:56:30.642" intervalms="56.111">
  <response-info timems="0.049" idlems="0.049" threads="0" lastid="0000000002035F00" lastname="main" />
</exclusive-start>
<af-start id="3153" threadId="0000000002036888" totalBytesRequested="1168" timestamp="2019-08-08T10:56:30.642" intervalms="56.118" />
<cycle-start id="3154" type="global" contextid="0" timestamp="2019-08-08T10:56:30.642" intervalms="56.120" />
<gc-start id="3155" type="global" contextid="3154" timestamp="2019-08-08T10:56:30.642">
  <mem-info id="3156" free="339968" total="34078720" percent="0">
    <mem type="tenure" free="339968" total="34078720" percent="0">
      <mem type="soa" free="0" total="33738752" percent="0" />
      <mem type="loa" free="339968" total="339968" percent="100" />
    </mem>
  </mem-info>
</gc-start>
<allocation-stats totalBytes="15664768" >
  <allocated-bytes non-tlh="0" tlh="15664768" />
  <largest-consumer threadName="main" threadId="0000000002035F00" bytes="15664768" />
</allocation-stats>
<gc-op id="3157" type="mark" timems="20.146" contextid="3154" timestamp="2019-08-08T10:56:30.662">
  <trace-info objectcount="600500" scancount="521390" scanbytes="13382344" />
  <finalization candidates="80" enqueued="0" />
  <ownableSynchronizers candidates="21" cleared="0" />
  <references type="soft" candidates="3261" cleared="0" enqueued="0" dynamicThreshold="15" maxThreshold="32" />
  <references type="weak" candidates="5572" cleared="0" enqueued="0" />
  <references type="phantom" candidates="97" cleared="0" enqueued="0" />
  <stringconstants candidates="13595" cleared="0"  />
</gc-op>
<gc-op id="3158" type="sweep" timems="4.260" contextid="3154" timestamp="2019-08-08T10:56:30.666" />
<mem-info id="3159" free="16102824" total="34078720" percent="47">
  <mem type="tenure" free="16102824" total="34078720" percent="47" micro-fragmented="0" macro-fragmented="0">
    <mem type="soa" free="15762856" total="33738752" percent="46" />
    <mem type="loa" free="339968" total="339968" percent="100" />
  </mem>
</mem-info>
<gc-op id="3160" type="compact" timems="25.503" contextid="3154" timestamp="2019-08-08T10:56:30.692">
  <compact-info movecount="2" movebytes="64" reason="compact to aid heap contraction" />
</gc-op>
<heap-resize id="3161" type="expand" space="tenure" amount="131072" count="1" timems="0.020" reason="satisfy allocation request" timestamp="2019-08-08T10:56:30.693" />
<gc-end id="3162" type="global" contextid="3154" durationms="50.719" usertimems="84.646" systemtimems="31.164" timestamp="2019-08-08T10:56:30.693" activeThreads="16">
  <mem-info id="3163" free="16168480" total="34209792" percent="47">
    <mem type="tenure" free="16168480" total="34209792" percent="47">
      <mem type="soa" free="15826464" total="33867776" percent="46" />
      <mem type="loa" free="342016" total="342016" percent="100" />
    </mem>
  </mem-info>
</gc-end>
<cycle-end id="3164" type="global" contextid="3154" timestamp="2019-08-08T10:56:30.693" />
  <attribute name="elasticGC enabled" value="1" />
  <attribute name= "numThreadsSpecified" value="16" />
  <attribute name="heapSize specified" value="34078720" />
  <attribute name="Current GC Util" value="39" />
  <attribute name= "Current Time Running" value="139085" />
  <attribute name ="GC Interval" value="0" />
  <attribute name="Target GC Util Change" value ="80.000000" />
  <attribute name="Current GC Util Change" value="39.000000"/>
  <attribute name="Current Error" value="-228.000000" />
  <attribute name="Output H" value="34154144"/>
  <attribute name="Output I" value="1608"/>
  <attribute name="Output T" value="16"/>
  <attribute name= "Current Time Running" value="139085" />
  <attribute name="GC Util currently" value="39" />
  <attribute name="CPU Util currently" value="45174941778" />
<allocation-satisfied id="3165" threadId="0000000002035F00" bytesRequested="1168" />
<af-end id="3166" timestamp="2019-08-08T10:56:30.693" threadId="0000000002036888" success="true" />
<exclusive-end id="3167" timestamp="2019-08-08T10:56:30.693" durationms="51.036" />

<exclusive-start id="3168" timestamp="2019-08-08T10:56:30.700" intervalms="58.790">
  <response-info timems="0.023" idlems="0.023" threads="0" lastid="0000000002035F00" lastname="main" />
</exclusive-start>
<af-start id="3169" threadId="0000000002036888" totalBytesRequested="1168" timestamp="2019-08-08T10:56:30.700" intervalms="58.797" />
<cycle-start id="3170" type="global" contextid="0" timestamp="2019-08-08T10:56:30.700" intervalms="58.801" />
<gc-start id="3171" type="global" contextid="3170" timestamp="2019-08-08T10:56:30.701">
  <mem-info id="3172" free="342016" total="34209792" percent="0">
    <mem type="tenure" free="342016" total="34209792" percent="0">
      <mem type="soa" free="0" total="33867776" percent="0" />
      <mem type="loa" free="342016" total="342016" percent="100" />
    </mem>
  </mem-info>
</gc-start>
<allocation-stats totalBytes="15793800" >
  <allocated-bytes non-tlh="0" tlh="15793800" />
  <largest-consumer threadName="main" threadId="0000000002035F00" bytes="15793800" />
</allocation-stats>
<gc-op id="3173" type="mark" timems="15.074" contextid="3170" timestamp="2019-08-08T10:56:30.716">
  <trace-info objectcount="600500" scancount="521386" scanbytes="13382344" />
  <finalization candidates="80" enqueued="0" />
  <ownableSynchronizers candidates="21" cleared="0" />
  <references type="soft" candidates="3261" cleared="0" enqueued="0" dynamicThreshold="15" maxThreshold="32" />
  <references type="weak" candidates="5572" cleared="0" enqueued="0" />
  <references type="phantom" candidates="97" cleared="0" enqueued="0" />
  <stringconstants candidates="13595" cleared="0"  />
</gc-op>
<gc-op id="3174" type="sweep" timems="3.056" contextid="3170" timestamp="2019-08-08T10:56:30.719" />
<mem-info id="3175" free="16233992" total="34209792" percent="47">
  <mem type="tenure" free="16233992" total="34209792" percent="47" micro-fragmented="0" macro-fragmented="0">
    <mem type="soa" free="15891976" total="33867776" percent="46" />
    <mem type="loa" free="342016" total="342016" percent="100" />
  </mem>
</mem-info>
<gc-op id="3176" type="compact" timems="30.449" contextid="3170" timestamp="2019-08-08T10:56:30.749">
  <compact-info movecount="2" movebytes="64" reason="compact to aid heap contraction" />
</gc-op>
<heap-resize id="3177" type="expand" space="tenure" amount="131072" count="1" timems="0.017" reason="satisfy allocation request" timestamp="2019-08-08T10:56:30.751" />
<gc-end id="3178" type="global" contextid="3170" durationms="50.083" usertimems="75.324" systemtimems="27.454" timestamp="2019-08-08T10:56:30.751" activeThreads="16">
  <mem-info id="3179" free="16299552" total="34340864" percent="47">
    <mem type="tenure" free="16299552" total="34340864" percent="47">
      <mem type="soa" free="15956512" total="33997824" percent="46" />
      <mem type="loa" free="343040" total="343040" percent="100" />
    </mem>
  </mem-info>
</gc-end>
<cycle-end id="3180" type="global" contextid="3170" timestamp="2019-08-08T10:56:30.751" />
  <attribute name="elasticGC enabled" value="1" />
  <attribute name= "numThreadsSpecified" value="16" />
  <attribute name="heapSize specified" value="34209792" />
  <attribute name="Current GC Util" value="59" />
  <attribute name= "Current Time Running" value="139143" />
  <attribute name ="GC Interval" value="0" />
  <attribute name="Target GC Util Change" value ="80.000000" />
  <attribute name="Current GC Util Change" value="59.000000"/>
  <attribute name="Current Error" value="21.000000" />
  <attribute name="Output H" value="34285496"/>
  <attribute name="Output I" value="2048"/>
  <attribute name="Output T" value="16"/>
  <attribute name= "Current Time Running" value="139143" />
  <attribute name="GC Util currently" value="59" />
  <attribute name="CPU Util currently" value="37874289157" />
<allocation-satisfied id="3181" threadId="0000000002035F00" bytesRequested="1168" />
<af-end id="3182" timestamp="2019-08-08T10:56:30.751" threadId="0000000002036888" success="true" />
<exclusive-end id="3183" timestamp="2019-08-08T10:56:30.751" durationms="50.329" />

<exclusive-start id="3184" timestamp="2019-08-08T10:56:30.761" intervalms="60.973">
  <response-info timems="0.100" idlems="0.100" threads="0" lastid="0000000002035F00" lastname="main" />
</exclusive-start>
<af-start id="3185" threadId="0000000002036888" totalBytesRequested="1168" timestamp="2019-08-08T10:56:30.761" intervalms="60.994" />
<cycle-start id="3186" type="global" contextid="0" timestamp="2019-08-08T10:56:30.761" intervalms="60.997" />
<gc-start id="3187" type="global" contextid="3186" timestamp="2019-08-08T10:56:30.762">
  <mem-info id="3188" free="343040" total="34340864" percent="0">
    <mem type="tenure" free="343040" total="34340864" percent="0">
      <mem type="soa" free="0" total="33997824" percent="0" />
      <mem type="loa" free="343040" total="343040" percent="100" />
    </mem>
  </mem-info>
</gc-start>
<allocation-stats totalBytes="15921544" >
  <allocated-bytes non-tlh="0" tlh="15921544" />
  <largest-consumer threadName="main" threadId="0000000002035F00" bytes="15921544" />
</allocation-stats>
<gc-op id="3189" type="mark" timems="17.337" contextid="3186" timestamp="2019-08-08T10:56:30.779">
  <trace-info objectcount="600500" scancount="521385" scanbytes="13382344" />
  <finalization candidates="80" enqueued="0" />
  <ownableSynchronizers candidates="21" cleared="0" />
  <references type="soft" candidates="3261" cleared="0" enqueued="0" dynamicThreshold="15" maxThreshold="32" />
  <references type="weak" candidates="5572" cleared="0" enqueued="0" />
  <references type="phantom" candidates="97" cleared="0" enqueued="0" />
  <stringconstants candidates="13595" cleared="0"  />
</gc-op>
<gc-op id="3190" type="sweep" timems="4.063" contextid="3186" timestamp="2019-08-08T10:56:30.783" />
<mem-info id="3191" free="16365088" total="34340864" percent="47">
  <mem type="tenure" free="16365088" total="34340864" percent="47" micro-fragmented="0" macro-fragmented="0">
    <mem type="soa" free="16022048" total="33997824" percent="47" />
    <mem type="loa" free="343040" total="343040" percent="100" />
  </mem>
</mem-info>
<gc-op id="3192" type="compact" timems="29.109" contextid="3186" timestamp="2019-08-08T10:56:30.812">
  <compact-info movecount="2" movebytes="64" reason="compact to aid heap contraction" />
</gc-op>
<heap-resize id="3193" type="expand" space="tenure" amount="131072" count="1" timems="0.019" reason="satisfy allocation request" timestamp="2019-08-08T10:56:30.813" />
<gc-end id="3194" type="global" contextid="3186" durationms="51.701" usertimems="99.612" systemtimems="30.968" timestamp="2019-08-08T10:56:30.813" activeThreads="16">
  <mem-info id="3195" free="16430624" total="34471936" percent="47">
    <mem type="tenure" free="16430624" total="34471936" percent="47">
      <mem type="soa" free="16086560" total="34127872" percent="47" />
      <mem type="loa" free="344064" total="344064" percent="100" />
    </mem>
  </mem-info>
</gc-end>
<cycle-end id="3196" type="global" contextid="3186" timestamp="2019-08-08T10:56:30.813" />
  <attribute name="elasticGC enabled" value="1" />
  <attribute name= "numThreadsSpecified" value="16" />
  <attribute name="heapSize specified" value="34340864" />
  <attribute name="Current GC Util" value="50" />
  <attribute name= "Current Time Running" value="139206" />
  <attribute name ="GC Interval" value="0" />
  <attribute name="Target GC Util Change" value ="80.000000" />
  <attribute name="Current GC Util Change" value="50.000000"/>
  <attribute name="Current Error" value="-423.000000" />
  <attribute name="Output H" value="34416056"/>
  <attribute name="Output I" value="1256"/>
  <attribute name="Output T" value="16"/>
  <attribute name= "Current Time Running" value="139206" />
  <attribute name="GC Util currently" value="50" />
  <attribute name="CPU Util currently" value="39578683416" />
<allocation-satisfied id="3197" threadId="0000000002035F00" bytesRequested="1168" />
<af-end id="3198" timestamp="2019-08-08T10:56:30.813" threadId="0000000002036888" success="true" />
<exclusive-end id="3199" timestamp="2019-08-08T10:56:30.813" durationms="51.949" />

<exclusive-start id="3200" timestamp="2019-08-08T10:56:30.843" intervalms="81.684">
  <response-info timems="3.083" idlems="3.083" threads="0" lastid="0000000002035F00" lastname="main" />
</exclusive-start>
<af-start id="3201" threadId="0000000002036888" totalBytesRequested="1168" timestamp="2019-08-08T10:56:30.843" intervalms="81.653" />
<cycle-start id="3202" type="global" contextid="0" timestamp="2019-08-08T10:56:30.843" intervalms="81.648" />
<gc-start id="3203" type="global" contextid="3202" timestamp="2019-08-08T10:56:30.843">
  <mem-info id="3204" free="344064" total="34471936" percent="0">
    <mem type="tenure" free="344064" total="34471936" percent="0">
      <mem type="soa" free="0" total="34127872" percent="0" />
      <mem type="loa" free="344064" total="344064" percent="100" />
    </mem>
  </mem-info>
</gc-start>
<allocation-stats totalBytes="16050576" >
  <allocated-bytes non-tlh="0" tlh="16050576" />
  <largest-consumer threadName="main" threadId="0000000002035F00" bytes="16050576" />
</allocation-stats>
<gc-op id="3205" type="mark" timems="18.916" contextid="3202" timestamp="2019-08-08T10:56:30.862">
  <trace-info objectcount="600500" scancount="521384" scanbytes="13382344" />
  <finalization candidates="80" enqueued="0" />
  <ownableSynchronizers candidates="21" cleared="0" />
  <references type="soft" candidates="3261" cleared="0" enqueued="0" dynamicThreshold="15" maxThreshold="32" />
  <references type="weak" candidates="5572" cleared="0" enqueued="0" />
  <references type="phantom" candidates="97" cleared="0" enqueued="0" />
  <stringconstants candidates="13595" cleared="0"  />
</gc-op>
<gc-op id="3206" type="sweep" timems="4.731" contextid="3202" timestamp="2019-08-08T10:56:30.867" />
<mem-info id="3207" free="16496160" total="34471936" percent="47">
  <mem type="tenure" free="16496160" total="34471936" percent="47" micro-fragmented="0" macro-fragmented="0">
    <mem type="soa" free="16152096" total="34127872" percent="47" />
    <mem type="loa" free="344064" total="344064" percent="100" />
  </mem>
</mem-info>
<gc-op id="3208" type="compact" timems="25.136" contextid="3202" timestamp="2019-08-08T10:56:30.892">
  <compact-info movecount="2" movebytes="64" reason="compact to aid heap contraction" />
</gc-op>
<heap-resize id="3209" type="expand" space="tenure" amount="131072" count="1" timems="0.021" reason="satisfy allocation request" timestamp="2019-08-08T10:56:30.894" />
<gc-end id="3210" type="global" contextid="3202" durationms="51.195" usertimems="93.027" systemtimems="41.481" timestamp="2019-08-08T10:56:30.894" activeThreads="16">
  <mem-info id="3211" free="16561696" total="34603008" percent="47">
    <mem type="tenure" free="16561696" total="34603008" percent="47">
      <mem type="soa" free="16216608" total="34257920" percent="47" />
      <mem type="loa" free="345088" total="345088" percent="100" />
    </mem>
  </mem-info>
</gc-end>
<cycle-end id="3212" type="global" contextid="3202" timestamp="2019-08-08T10:56:30.894" />
  <attribute name="elasticGC enabled" value="1" />
  <attribute name= "numThreadsSpecified" value="16" />
  <attribute name="heapSize specified" value="34471936" />
  <attribute name="Current GC Util" value="57" />
  <attribute name= "Current Time Running" value="139285" />
  <attribute name ="GC Interval" value="0" />
  <attribute name="Target GC Util Change" value ="80.000000" />
  <attribute name="Current GC Util Change" value="57.000000"/>
  <attribute name="Current Error" value="-380.000000" />
  <attribute name="Output H" value="34547184"/>
  <attribute name="Output I" value="1336"/>
  <attribute name="Output T" value="16"/>
  <attribute name= "Current Time Running" value="139285" />
  <attribute name="GC Util currently" value="57" />
  <attribute name="CPU Util currently" value="45780371587" />
<allocation-satisfied id="3213" threadId="0000000002035F00" bytesRequested="1168" />
<af-end id="3214" timestamp="2019-08-08T10:56:30.894" threadId="0000000002036888" success="true" />
<exclusive-end id="3215" timestamp="2019-08-08T10:56:30.894" durationms="51.389" />

<exclusive-start id="3216" timestamp="2019-08-08T10:56:30.904" intervalms="60.618">
  <response-info timems="0.017" idlems="0.017" threads="0" lastid="0000000002035F00" lastname="main" />
</exclusive-start>
<af-start id="3217" threadId="0000000002036888" totalBytesRequested="1168" timestamp="2019-08-08T10:56:30.904" intervalms="61.017" />
<cycle-start id="3218" type="global" contextid="0" timestamp="2019-08-08T10:56:30.904" intervalms="61.018" />
<gc-start id="3219" type="global" contextid="3218" timestamp="2019-08-08T10:56:30.904">
  <mem-info id="3220" free="345088" total="34603008" percent="0">
    <mem type="tenure" free="345088" total="34603008" percent="0">
      <mem type="soa" free="0" total="34257920" percent="0" />
      <mem type="loa" free="345088" total="345088" percent="100" />
    </mem>
  </mem-info>
</gc-start>
<allocation-stats totalBytes="16180824" >
  <allocated-bytes non-tlh="0" tlh="16180824" />
  <largest-consumer threadName="main" threadId="0000000002035F00" bytes="16180824" />
</allocation-stats>
<gc-op id="3221" type="mark" timems="39.497" contextid="3218" timestamp="2019-08-08T10:56:30.944">
  <trace-info objectcount="600500" scancount="521385" scanbytes="13382344" />
  <finalization candidates="80" enqueued="0" />
  <ownableSynchronizers candidates="21" cleared="0" />
  <references type="soft" candidates="3261" cleared="0" enqueued="0" dynamicThreshold="15" maxThreshold="32" />
  <references type="weak" candidates="5572" cleared="0" enqueued="0" />
  <references type="phantom" candidates="97" cleared="0" enqueued="0" />
  <stringconstants candidates="13595" cleared="0"  />
</gc-op>
<gc-op id="3222" type="sweep" timems="3.298" contextid="3218" timestamp="2019-08-08T10:56:30.947" />
<mem-info id="3223" free="16626536" total="34603008" percent="48">
  <mem type="tenure" free="16626536" total="34603008" percent="48" micro-fragmented="0" macro-fragmented="0">
    <mem type="soa" free="16281448" total="34257920" percent="47" />
    <mem type="loa" free="345088" total="345088" percent="100" />
  </mem>
</mem-info>
<gc-op id="3224" type="compact" timems="27.452" contextid="3218" timestamp="2019-08-08T10:56:30.975">
  <compact-info movecount="2" movebytes="64" reason="compact to aid heap contraction" />
</gc-op>
<heap-resize id="3225" type="expand" space="tenure" amount="131072" count="1" timems="0.019" reason="satisfy allocation request" timestamp="2019-08-08T10:56:30.977" />
<gc-end id="3226" type="global" contextid="3218" durationms="73.050" usertimems="131.649" systemtimems="58.454" timestamp="2019-08-08T10:56:30.977" activeThreads="16">
  <mem-info id="3227" free="16692768" total="34734080" percent="48">
    <mem type="tenure" free="16692768" total="34734080" percent="48">
      <mem type="soa" free="16345632" total="34386944" percent="47" />
      <mem type="loa" free="347136" total="347136" percent="100" />
    </mem>
  </mem-info>
</gc-end>
<cycle-end id="3228" type="global" contextid="3218" timestamp="2019-08-08T10:56:30.977" />
  <attribute name="elasticGC enabled" value="1" />
  <attribute name= "numThreadsSpecified" value="16" />
  <attribute name="heapSize specified" value="34603008" />
  <attribute name="Current GC Util" value="40" />
  <attribute name= "Current Time Running" value="139368" />
  <attribute name ="GC Interval" value="0" />
  <attribute name="Target GC Util Change" value ="80.000000" />
  <attribute name="Current GC Util Change" value="40.000000"/>
  <attribute name="Current Error" value="40.000000" />
  <attribute name="Output H" value="34678736"/>
  <attribute name="Output I" value="2080"/>
  <attribute name="Output T" value="16"/>
  <attribute name= "Current Time Running" value="139368" />
  <attribute name="GC Util currently" value="40" />
  <attribute name="CPU Util currently" value="41916846145" />
<allocation-satisfied id="3229" threadId="0000000002035F00" bytesRequested="1168" />
<af-end id="3230" timestamp="2019-08-08T10:56:30.977" threadId="0000000002036888" success="true" />
<exclusive-end id="3231" timestamp="2019-08-08T10:56:30.977" durationms="73.674" />

<exclusive-start id="3232" timestamp="2019-08-08T10:56:30.985" intervalms="81.526">
  <response-info timems="0.033" idlems="0.033" threads="0" lastid="0000000002035F00" lastname="main" />
</exclusive-start>
<af-start id="3233" threadId="0000000002036888" totalBytesRequested="1168" timestamp="2019-08-08T10:56:30.985" intervalms="81.135" />
<cycle-start id="3234" type="global" contextid="0" timestamp="2019-08-08T10:56:30.985" intervalms="81.132" />
<gc-start id="3235" type="global" contextid="3234" timestamp="2019-08-08T10:56:30.985">
  <mem-info id="3236" free="347136" total="34734080" percent="0">
    <mem type="tenure" free="347136" total="34734080" percent="0">
      <mem type="soa" free="0" total="34386944" percent="0" />
      <mem type="loa" free="347136" total="347136" percent="100" />
    </mem>
  </mem-info>
</gc-start>
<allocation-stats totalBytes="16308592" >
  <allocated-bytes non-tlh="0" tlh="16308592" />
  <largest-consumer threadName="main" threadId="0000000002035F00" bytes="16308592" />
</allocation-stats>
<gc-op id="3237" type="mark" timems="16.746" contextid="3234" timestamp="2019-08-08T10:56:31.002">
  <trace-info objectcount="600500" scancount="521390" scanbytes="13382344" />
  <finalization candidates="80" enqueued="0" />
  <ownableSynchronizers candidates="21" cleared="0" />
  <references type="soft" candidates="3261" cleared="0" enqueued="0" dynamicThreshold="15" maxThreshold="32" />
  <references type="weak" candidates="5572" cleared="0" enqueued="0" />
  <references type="phantom" candidates="97" cleared="0" enqueued="0" />
  <stringconstants candidates="13595" cleared="0"  />
</gc-op>
<gc-op id="3238" type="sweep" timems="4.302" contextid="3234" timestamp="2019-08-08T10:56:31.006" />
<mem-info id="3239" free="16758304" total="34734080" percent="48">
  <mem type="tenure" free="16758304" total="34734080" percent="48" micro-fragmented="0" macro-fragmented="0">
    <mem type="soa" free="16411168" total="34386944" percent="47" />
    <mem type="loa" free="347136" total="347136" percent="100" />
  </mem>
</mem-info>
<gc-op id="3240" type="compact" timems="35.765" contextid="3234" timestamp="2019-08-08T10:56:31.042">
  <compact-info movecount="2" movebytes="64" reason="compact to aid heap contraction" />
</gc-op>
<heap-resize id="3241" type="expand" space="tenure" amount="131072" count="1" timems="0.020" reason="satisfy allocation request" timestamp="2019-08-08T10:56:31.043" />
<gc-end id="3242" type="global" contextid="3234" durationms="57.781" usertimems="96.105" systemtimems="8.596" timestamp="2019-08-08T10:56:31.043" activeThreads="16">
  <mem-info id="3243" free="16823840" total="34865152" percent="48">
    <mem type="tenure" free="16823840" total="34865152" percent="48">
      <mem type="soa" free="16475680" total="34516992" percent="47" />
      <mem type="loa" free="348160" total="348160" percent="100" />
    </mem>
  </mem-info>
</gc-end>
<cycle-end id="3244" type="global" contextid="3234" timestamp="2019-08-08T10:56:31.043" />
  <attribute name="elasticGC enabled" value="1" />
  <attribute name= "numThreadsSpecified" value="16" />
  <attribute name="heapSize specified" value="34734080" />
  <attribute name="Current GC Util" value="32" />
  <attribute name= "Current Time Running" value="139436" />
  <attribute name ="GC Interval" value="0" />
  <attribute name="Target GC Util Change" value ="80.000000" />
  <attribute name="Current GC Util Change" value="32.000000"/>
  <attribute name="Current Error" value="-406.000000" />
  <attribute name="Output H" value="34809296"/>
  <attribute name="Output I" value="1288"/>
  <attribute name="Output T" value="16"/>
  <attribute name= "Current Time Running" value="139436" />
  <attribute name="GC Util currently" value="32" />
  <attribute name="CPU Util currently" value="32204345161" />
<allocation-satisfied id="3245" threadId="0000000002035F00" bytesRequested="1168" />
<af-end id="3246" timestamp="2019-08-08T10:56:31.043" threadId="0000000002036888" success="true" />
<exclusive-end id="3247" timestamp="2019-08-08T10:56:31.043" durationms="58.002" />

<exclusive-start id="3248" timestamp="2019-08-08T10:56:31.047" intervalms="62.299">
  <response-info timems="0.041" idlems="0.041" threads="0" lastid="0000000002035F00" lastname="main" />
</exclusive-start>
<af-start id="3249" threadId="0000000002036888" totalBytesRequested="1168" timestamp="2019-08-08T10:56:31.048" intervalms="62.285" />
<cycle-start id="3250" type="global" contextid="0" timestamp="2019-08-08T10:56:31.048" intervalms="62.282" />
<gc-start id="3251" type="global" contextid="3250" timestamp="2019-08-08T10:56:31.048">
  <mem-info id="3252" free="348160" total="34865152" percent="0">
    <mem type="tenure" free="348160" total="34865152" percent="0">
      <mem type="soa" free="0" total="34516992" percent="0" />
      <mem type="loa" free="348160" total="348160" percent="100" />
    </mem>
  </mem-info>
</gc-start>
<allocation-stats totalBytes="16438840" >
  <allocated-bytes non-tlh="0" tlh="16438840" />
  <largest-consumer threadName="main" threadId="0000000002035F00" bytes="16438840" />
</allocation-stats>
<gc-op id="3253" type="mark" timems="14.564" contextid="3250" timestamp="2019-08-08T10:56:31.062">
  <trace-info objectcount="600500" scancount="521387" scanbytes="13382344" />
  <finalization candidates="80" enqueued="0" />
  <ownableSynchronizers candidates="21" cleared="0" />
  <references type="soft" candidates="3261" cleared="0" enqueued="0" dynamicThreshold="15" maxThreshold="32" />
  <references type="weak" candidates="5572" cleared="0" enqueued="0" />
  <references type="phantom" candidates="97" cleared="0" enqueued="0" />
  <stringconstants candidates="13595" cleared="0"  />
</gc-op>
<gc-op id="3254" type="sweep" timems="7.578" contextid="3250" timestamp="2019-08-08T10:56:31.070" />
<mem-info id="3255" free="16889272" total="34865152" percent="48">
  <mem type="tenure" free="16889272" total="34865152" percent="48" micro-fragmented="0" macro-fragmented="0">
    <mem type="soa" free="16541112" total="34516992" percent="47" />
    <mem type="loa" free="348160" total="348160" percent="100" />
  </mem>
</mem-info>
<gc-op id="3256" type="compact" timems="31.237" contextid="3250" timestamp="2019-08-08T10:56:31.101">
  <compact-info movecount="2" movebytes="64" reason="compact to aid heap contraction" />
</gc-op>
<heap-resize id="3257" type="expand" space="tenure" amount="131072" count="1" timems="0.019" reason="satisfy allocation request" timestamp="2019-08-08T10:56:31.102" />
<gc-end id="3258" type="global" contextid="3250" durationms="54.879" usertimems="83.092" systemtimems="22.488" timestamp="2019-08-08T10:56:31.102" activeThreads="16">
  <mem-info id="3259" free="16954912" total="34996224" percent="48">
    <mem type="tenure" free="16954912" total="34996224" percent="48">
      <mem type="soa" free="16605728" total="34647040" percent="47" />
      <mem type="loa" free="349184" total="349184" percent="100" />
    </mem>
  </mem-info>
</gc-end>
<cycle-end id="3260" type="global" contextid="3250" timestamp="2019-08-08T10:56:31.103" />
  <attribute name="elasticGC enabled" value="1" />
  <attribute name= "numThreadsSpecified" value="16" />
  <attribute name="heapSize specified" value="34865152" />
  <attribute name="Current GC Util" value="72" />
  <attribute name= "Current Time Running" value="139495" />
  <attribute name ="GC Interval" value="0" />
  <attribute name="Target GC Util Change" value ="80.000000" />
  <attribute name="Current GC Util Change" value="72.000000"/>
  <attribute name="Current Error" value="-205.000000" />
  <attribute name="Output H" value="34940600"/>
  <attribute name="Output I" value="1648"/>
  <attribute name="Output T" value="16"/>
  <attribute name= "Current Time Running" value="139495" />
  <attribute name="GC Util currently" value="72" />
  <attribute name="CPU Util currently" value="36844451128" />
<allocation-satisfied id="3261" threadId="0000000002035F00" bytesRequested="1168" />
<af-end id="3262" timestamp="2019-08-08T10:56:31.103" threadId="0000000002036888" success="true" />
<exclusive-end id="3263" timestamp="2019-08-08T10:56:31.103" durationms="55.081" />

<exclusive-start id="3264" timestamp="2019-08-08T10:56:31.108" intervalms="60.233">
  <response-info timems="0.048" idlems="0.048" threads="0" lastid="0000000002035F00" lastname="main" />
</exclusive-start>
<af-start id="3265" threadId="0000000002036888" totalBytesRequested="1168" timestamp="2019-08-08T10:56:31.108" intervalms="60.243" />
<cycle-start id="3266" type="global" contextid="0" timestamp="2019-08-08T10:56:31.108" intervalms="60.334" />
<gc-start id="3267" type="global" contextid="3266" timestamp="2019-08-08T10:56:31.108">
  <mem-info id="3268" free="349184" total="34996224" percent="0">
    <mem type="tenure" free="349184" total="34996224" percent="0">
      <mem type="soa" free="0" total="34647040" percent="0" />
      <mem type="loa" free="349184" total="349184" percent="100" />
    </mem>
  </mem-info>
</gc-start>
<allocation-stats totalBytes="16567848" >
  <allocated-bytes non-tlh="0" tlh="16567848" />
  <largest-consumer threadName="main" threadId="0000000002035F00" bytes="16567848" />
</allocation-stats>
<gc-op id="3269" type="mark" timems="22.342" contextid="3266" timestamp="2019-08-08T10:56:31.130">
  <trace-info objectcount="600500" scancount="521382" scanbytes="13382344" />
  <finalization candidates="80" enqueued="0" />
  <ownableSynchronizers candidates="21" cleared="0" />
  <references type="soft" candidates="3261" cleared="0" enqueued="0" dynamicThreshold="15" maxThreshold="32" />
  <references type="weak" candidates="5572" cleared="0" enqueued="0" />
  <references type="phantom" candidates="97" cleared="0" enqueued="0" />
  <stringconstants candidates="13595" cleared="0"  />
</gc-op>
<gc-op id="3270" type="sweep" timems="3.331" contextid="3266" timestamp="2019-08-08T10:56:31.134" />
<mem-info id="3271" free="17020128" total="34996224" percent="48">
  <mem type="tenure" free="17020128" total="34996224" percent="48" micro-fragmented="0" macro-fragmented="0">
    <mem type="soa" free="16670944" total="34647040" percent="48" />
    <mem type="loa" free="349184" total="349184" percent="100" />
  </mem>
</mem-info>
<gc-op id="3272" type="compact" timems="29.111" contextid="3266" timestamp="2019-08-08T10:56:31.163">
  <compact-info movecount="2" movebytes="64" reason="compact to aid heap contraction" />
</gc-op>
<heap-resize id="3273" type="expand" space="tenure" amount="131072" count="1" timems="0.020" reason="satisfy allocation request" timestamp="2019-08-08T10:56:31.164" />
<gc-end id="3274" type="global" contextid="3266" durationms="56.496" usertimems="84.987" systemtimems="25.098" timestamp="2019-08-08T10:56:31.164" activeThreads="16">
  <mem-info id="3275" free="17085984" total="35127296" percent="48">
    <mem type="tenure" free="17085984" total="35127296" percent="48">
      <mem type="soa" free="16734752" total="34776064" percent="48" />
      <mem type="loa" free="351232" total="351232" percent="100" />
    </mem>
  </mem-info>
</gc-end>
<cycle-end id="3276" type="global" contextid="3266" timestamp="2019-08-08T10:56:31.164" />
  <attribute name="elasticGC enabled" value="1" />
  <attribute name= "numThreadsSpecified" value="16" />
  <attribute name="heapSize specified" value="34996224" />
  <attribute name="Current GC Util" value="58" />
  <attribute name= "Current Time Running" value="139556" />
  <attribute name ="GC Interval" value="0" />
  <attribute name="Target GC Util Change" value ="80.000000" />
  <attribute name="Current GC Util Change" value="58.000000"/>
  <attribute name="Current Error" value="22.000000" />
  <attribute name="Output H" value="35071936"/>
  <attribute name="Output I" value="2048"/>
  <attribute name="Output T" value="16"/>
  <attribute name= "Current Time Running" value="139556" />
  <attribute name="GC Util currently" value="58" />
  <attribute name="CPU Util currently" value="39605141220" />
<allocation-satisfied id="3277" threadId="0000000002035F00" bytesRequested="1168" />
<af-end id="3278" timestamp="2019-08-08T10:56:31.165" threadId="0000000002036888" success="true" />
<exclusive-end id="3279" timestamp="2019-08-08T10:56:31.165" durationms="56.870" />

<exclusive-start id="3280" timestamp="2019-08-08T10:56:31.170" intervalms="62.018">
  <response-info timems="0.025" idlems="0.025" threads="0" lastid="0000000002035F00" lastname="main" />
</exclusive-start>
<af-start id="3281" threadId="0000000002036888" totalBytesRequested="1168" timestamp="2019-08-08T10:56:31.170" intervalms="62.087" />
<cycle-start id="3282" type="global" contextid="0" timestamp="2019-08-08T10:56:31.170" intervalms="62.013" />
<gc-start id="3283" type="global" contextid="3282" timestamp="2019-08-08T10:56:31.170">
  <mem-info id="3284" free="351232" total="35127296" percent="0">
    <mem type="tenure" free="351232" total="35127296" percent="0">
      <mem type="soa" free="0" total="34776064" percent="0" />
      <mem type="loa" free="351232" total="351232" percent="100" />
    </mem>
  </mem-info>
</gc-start>
<allocation-stats totalBytes="16695616" >
  <allocated-bytes non-tlh="0" tlh="16695616" />
  <largest-consumer threadName="main" threadId="0000000002035F00" bytes="16695616" />
</allocation-stats>
<gc-op id="3285" type="mark" timems="21.683" contextid="3282" timestamp="2019-08-08T10:56:31.192">
  <trace-info objectcount="600500" scancount="521384" scanbytes="13382344" />
  <finalization candidates="80" enqueued="0" />
  <ownableSynchronizers candidates="21" cleared="0" />
  <references type="soft" candidates="3261" cleared="0" enqueued="0" dynamicThreshold="15" maxThreshold="32" />
  <references type="weak" candidates="5572" cleared="0" enqueued="0" />
  <references type="phantom" candidates="97" cleared="0" enqueued="0" />
  <stringconstants candidates="13595" cleared="0"  />
</gc-op>
<gc-op id="3286" type="sweep" timems="4.450" contextid="3282" timestamp="2019-08-08T10:56:31.196" />
<mem-info id="3287" free="17150768" total="35127296" percent="48">
  <mem type="tenure" free="17150768" total="35127296" percent="48" micro-fragmented="0" macro-fragmented="0">
    <mem type="soa" free="16799536" total="34776064" percent="48" />
    <mem type="loa" free="351232" total="351232" percent="100" />
  </mem>
</mem-info>
<gc-op id="3288" type="compact" timems="34.063" contextid="3282" timestamp="2019-08-08T10:56:31.230">
  <compact-info movecount="2" movebytes="64" reason="compact to aid heap contraction" />
</gc-op>
<heap-resize id="3289" type="expand" space="tenure" amount="131072" count="1" timems="0.017" reason="satisfy allocation request" timestamp="2019-08-08T10:56:31.232" />
<gc-end id="3290" type="global" contextid="3282" durationms="61.706" usertimems="73.116" systemtimems="46.749" timestamp="2019-08-08T10:56:31.232" activeThreads="16">
  <mem-info id="3291" free="17217056" total="35258368" percent="48">
    <mem type="tenure" free="17217056" total="35258368" percent="48">
      <mem type="soa" free="16864800" total="34906112" percent="48" />
      <mem type="loa" free="352256" total="352256" percent="100" />
    </mem>
  </mem-info>
</gc-end>
<cycle-end id="3292" type="global" contextid="3282" timestamp="2019-08-08T10:56:31.232" />
  <attribute name="elasticGC enabled" value="1" />
  <attribute name= "numThreadsSpecified" value="16" />
  <attribute name="heapSize specified" value="35127296" />
  <attribute name="Current GC Util" value="53" />
  <attribute name= "Current Time Running" value="139624" />
  <attribute name ="GC Interval" value="0" />
  <attribute name="Target GC Util Change" value ="80.000000" />
  <attribute name="Current GC Util Change" value="53.000000"/>
  <attribute name="Current Error" value="-575.000000" />
  <attribute name="Output H" value="35202320"/>
  <attribute name="Output I" value="984"/>
  <attribute name="Output T" value="16"/>
  <attribute name= "Current Time Running" value="139624" />
  <attribute name="GC Util currently" value="53" />
  <attribute name="CPU Util currently" value="33812082606" />
<allocation-satisfied id="3293" threadId="0000000002035F00" bytesRequested="1168" />
<af-end id="3294" timestamp="2019-08-08T10:56:31.232" threadId="0000000002036888" success="true" />
<exclusive-end id="3295" timestamp="2019-08-08T10:56:31.232" durationms="62.039" />

<exclusive-start id="3296" timestamp="2019-08-08T10:56:31.236" intervalms="66.344">
  <response-info timems="0.017" idlems="0.017" threads="0" lastid="0000000002035F00" lastname="main" />
</exclusive-start>
<af-start id="3297" threadId="0000000002036888" totalBytesRequested="1168" timestamp="2019-08-08T10:56:31.236" intervalms="66.270" />
<cycle-start id="3298" type="global" contextid="0" timestamp="2019-08-08T10:56:31.236" intervalms="66.271" />
<gc-start id="3299" type="global" contextid="3298" timestamp="2019-08-08T10:56:31.236">
  <mem-info id="3300" free="352256" total="35258368" percent="0">
    <mem type="tenure" free="352256" total="35258368" percent="0">
      <mem type="soa" free="0" total="34906112" percent="0" />
      <mem type="loa" free="352256" total="352256" percent="100" />
    </mem>
  </mem-info>
</gc-start>
<allocation-stats totalBytes="16824648" >
  <allocated-bytes non-tlh="0" tlh="16824648" />
  <largest-consumer threadName="main" threadId="0000000002035F00" bytes="16824648" />
</allocation-stats>
<gc-op id="3301" type="mark" timems="68.861" contextid="3298" timestamp="2019-08-08T10:56:31.305">
  <trace-info objectcount="600500" scancount="521388" scanbytes="13382344" />
  <finalization candidates="80" enqueued="0" />
  <ownableSynchronizers candidates="21" cleared="0" />
  <references type="soft" candidates="3261" cleared="0" enqueued="0" dynamicThreshold="15" maxThreshold="32" />
  <references type="weak" candidates="5572" cleared="0" enqueued="0" />
  <references type="phantom" candidates="97" cleared="0" enqueued="0" />
  <stringconstants candidates="13595" cleared="0"  />
</gc-op>
<gc-op id="3302" type="sweep" timems="4.149" contextid="3298" timestamp="2019-08-08T10:56:31.309" />
<mem-info id="3303" free="17282360" total="35258368" percent="49">
  <mem type="tenure" free="17282360" total="35258368" percent="49" micro-fragmented="0" macro-fragmented="0">
    <mem type="soa" free="16930104" total="34906112" percent="48" />
    <mem type="loa" free="352256" total="352256" percent="100" />
  </mem>
</mem-info>
<gc-op id="3304" type="compact" timems="26.887" contextid="3298" timestamp="2019-08-08T10:56:31.336">
  <compact-info movecount="2" movebytes="64" reason="compact to aid heap contraction" />
</gc-op>
<heap-resize id="3305" type="expand" space="tenure" amount="131072" count="1" timems="0.022" reason="satisfy allocation request" timestamp="2019-08-08T10:56:31.337" />
<gc-end id="3306" type="global" contextid="3298" durationms="101.098" usertimems="70.937" systemtimems="60.756" timestamp="2019-08-08T10:56:31.337" activeThreads="16">
  <mem-info id="3307" free="17348128" total="35389440" percent="49">
    <mem type="tenure" free="17348128" total="35389440" percent="49">
      <mem type="soa" free="16994848" total="35036160" percent="48" />
      <mem type="loa" free="353280" total="353280" percent="100" />
    </mem>
  </mem-info>
</gc-end>
<cycle-end id="3308" type="global" contextid="3298" timestamp="2019-08-08T10:56:31.337" />
  <attribute name="elasticGC enabled" value="1" />
  <attribute name= "numThreadsSpecified" value="16" />
  <attribute name="heapSize specified" value="35258368" />
  <attribute name="Current GC Util" value="53" />
  <attribute name= "Current Time Running" value="139730" />
  <attribute name ="GC Interval" value="0" />
  <attribute name="Target GC Util Change" value ="80.000000" />
  <attribute name="Current GC Util Change" value="53.000000"/>
  <attribute name="Current Error" value="-36.000000" />
  <attribute name="Output H" value="35334008"/>
  <attribute name="Output I" value="1944"/>
  <attribute name="Output T" value="16"/>
  <attribute name= "Current Time Running" value="139730" />
  <attribute name="GC Util currently" value="53" />
  <attribute name="CPU Util currently" value="42836967490" />
<allocation-satisfied id="3309" threadId="0000000002035F00" bytesRequested="1168" />
<af-end id="3310" timestamp="2019-08-08T10:56:31.337" threadId="0000000002036888" success="true" />
<exclusive-end id="3311" timestamp="2019-08-08T10:56:31.337" durationms="101.368" />

<exclusive-start id="3312" timestamp="2019-08-08T10:56:31.342" intervalms="105.603">
  <response-info timems="0.017" idlems="0.017" threads="0" lastid="0000000002035F00" lastname="main" />
</exclusive-start>
<af-start id="3313" threadId="0000000002036888" totalBytesRequested="1168" timestamp="2019-08-08T10:56:31.342" intervalms="105.615" />
<cycle-start id="3314" type="global" contextid="0" timestamp="2019-08-08T10:56:31.342" intervalms="105.624" />
<gc-start id="3315" type="global" contextid="3314" timestamp="2019-08-08T10:56:31.342">
  <mem-info id="3316" free="353280" total="35389440" percent="0">
    <mem type="tenure" free="353280" total="35389440" percent="0">
      <mem type="soa" free="0" total="35036160" percent="0" />
      <mem type="loa" free="353280" total="353280" percent="100" />
    </mem>
  </mem-info>
</gc-start>
<allocation-stats totalBytes="16953632" >
  <allocated-bytes non-tlh="0" tlh="16953632" />
  <largest-consumer threadName="main" threadId="0000000002035F00" bytes="16953632" />
</allocation-stats>
<gc-op id="3317" type="mark" timems="19.505" contextid="3314" timestamp="2019-08-08T10:56:31.361">
  <trace-info objectcount="600500" scancount="521384" scanbytes="13382344" />
  <finalization candidates="80" enqueued="0" />
  <ownableSynchronizers candidates="21" cleared="0" />
  <references type="soft" candidates="3261" cleared="0" enqueued="0" dynamicThreshold="15" maxThreshold="32" />
  <references type="weak" candidates="5572" cleared="0" enqueued="0" />
  <references type="phantom" candidates="97" cleared="0" enqueued="0" />
  <stringconstants candidates="13595" cleared="0"  />
</gc-op>
<gc-op id="3318" type="sweep" timems="3.616" contextid="3314" timestamp="2019-08-08T10:56:31.365" />
<mem-info id="3319" free="17413216" total="35389440" percent="49">
  <mem type="tenure" free="17413216" total="35389440" percent="49" micro-fragmented="0" macro-fragmented="0">
    <mem type="soa" free="17059936" total="35036160" percent="48" />
    <mem type="loa" free="353280" total="353280" percent="100" />
  </mem>
</mem-info>
<gc-op id="3320" type="compact" timems="26.258" contextid="3314" timestamp="2019-08-08T10:56:31.391">
  <compact-info movecount="2" movebytes="64" reason="compact to aid heap contraction" />
</gc-op>
<heap-resize id="3321" type="expand" space="tenure" amount="131072" count="1" timems="0.024" reason="satisfy allocation request" timestamp="2019-08-08T10:56:31.392" />
<gc-end id="3322" type="global" contextid="3314" durationms="50.180" usertimems="74.134" systemtimems="28.771" timestamp="2019-08-08T10:56:31.392" activeThreads="16">
  <mem-info id="3323" free="17479200" total="35520512" percent="49">
    <mem type="tenure" free="17479200" total="35520512" percent="49">
      <mem type="soa" free="17124896" total="35166208" percent="48" />
      <mem type="loa" free="354304" total="354304" percent="100" />
    </mem>
  </mem-info>
</gc-end>
<cycle-end id="3324" type="global" contextid="3314" timestamp="2019-08-08T10:56:31.392" />
  <attribute name="elasticGC enabled" value="1" />
  <attribute name= "numThreadsSpecified" value="16" />
  <attribute name="heapSize specified" value="35389440" />
  <attribute name="Current GC Util" value="49" />
  <attribute name= "Current Time Running" value="139785" />
  <attribute name ="GC Interval" value="0" />
  <attribute name="Target GC Util Change" value ="80.000000" />
  <attribute name="Current GC Util Change" value="49.000000"/>
  <attribute name="Current Error" value="31.000000" />
  <attribute name="Output H" value="35465160"/>
  <attribute name="Output I" value="2064"/>
  <attribute name="Output T" value="16"/>
  <attribute name= "Current Time Running" value="139785" />
  <attribute name="GC Util currently" value="49" />
  <attribute name="CPU Util currently" value="43827599501" />
<allocation-satisfied id="3325" threadId="0000000002035F00" bytesRequested="1168" />
<af-end id="3326" timestamp="2019-08-08T10:56:31.392" threadId="0000000002036888" success="true" />
<exclusive-end id="3327" timestamp="2019-08-08T10:56:31.392" durationms="50.434" />

<exclusive-start id="3328" timestamp="2019-08-08T10:56:31.397" intervalms="55.734">
  <response-info timems="0.049" idlems="0.049" threads="0" lastid="0000000002035F00" lastname="main" />
</exclusive-start>
<af-start id="3329" threadId="0000000002036888" totalBytesRequested="1168" timestamp="2019-08-08T10:56:31.397" intervalms="55.721" />
<cycle-start id="3330" type="global" contextid="0" timestamp="2019-08-08T10:56:31.397" intervalms="55.702" />
<gc-start id="3331" type="global" contextid="3330" timestamp="2019-08-08T10:56:31.398">
  <mem-info id="3332" free="354304" total="35520512" percent="0">
    <mem type="tenure" free="354304" total="35520512" percent="0">
      <mem type="soa" free="0" total="35166208" percent="0" />
      <mem type="loa" free="354304" total="354304" percent="100" />
    </mem>
  </mem-info>
</gc-start>
<allocation-stats totalBytes="17083880" >
  <allocated-bytes non-tlh="0" tlh="17083880" />
  <largest-consumer threadName="main" threadId="0000000002035F00" bytes="17083880" />
</allocation-stats>
<gc-op id="3333" type="mark" timems="21.289" contextid="3330" timestamp="2019-08-08T10:56:31.419">
  <trace-info objectcount="600500" scancount="521380" scanbytes="13382344" />
  <finalization candidates="80" enqueued="0" />
  <ownableSynchronizers candidates="21" cleared="0" />
  <references type="soft" candidates="3261" cleared="0" enqueued="0" dynamicThreshold="15" maxThreshold="32" />
  <references type="weak" candidates="5572" cleared="0" enqueued="0" />
  <references type="phantom" candidates="97" cleared="0" enqueued="0" />
  <stringconstants candidates="13595" cleared="0"  />
</gc-op>
<gc-op id="3334" type="sweep" timems="3.687" contextid="3330" timestamp="2019-08-08T10:56:31.423" />
<mem-info id="3335" free="17544576" total="35520512" percent="49">
  <mem type="tenure" free="17544576" total="35520512" percent="49" micro-fragmented="0" macro-fragmented="0">
    <mem type="soa" free="17190272" total="35166208" percent="48" />
    <mem type="loa" free="354304" total="354304" percent="100" />
  </mem>
</mem-info>
<gc-op id="3336" type="compact" timems="30.469" contextid="3330" timestamp="2019-08-08T10:56:31.453">
  <compact-info movecount="2" movebytes="64" reason="compact to aid heap contraction" />
</gc-op>
<heap-resize id="3337" type="expand" space="tenure" amount="131072" count="1" timems="0.019" reason="satisfy allocation request" timestamp="2019-08-08T10:56:31.454" />
<gc-end id="3338" type="global" contextid="3330" durationms="56.874" usertimems="89.771" systemtimems="33.716" timestamp="2019-08-08T10:56:31.454" activeThreads="16">
  <mem-info id="3339" free="17610272" total="35651584" percent="49">
    <mem type="tenure" free="17610272" total="35651584" percent="49">
      <mem type="soa" free="17253920" total="35295232" percent="48" />
      <mem type="loa" free="356352" total="356352" percent="100" />
    </mem>
  </mem-info>
</gc-end>
<cycle-end id="3340" type="global" contextid="3330" timestamp="2019-08-08T10:56:31.454" />
  <attribute name="elasticGC enabled" value="1" />
  <attribute name= "numThreadsSpecified" value="16" />
  <attribute name="heapSize specified" value="35520512" />
  <attribute name="Current GC Util" value="56" />
  <attribute name= "Current Time Running" value="139847" />
  <attribute name ="GC Interval" value="0" />
  <attribute name="Target GC Util Change" value ="80.000000" />
  <attribute name="Current GC Util Change" value="56.000000"/>
  <attribute name="Current Error" value="-647.000000" />
  <attribute name="Output H" value="35595448"/>
  <attribute name="Output I" value="856"/>
  <attribute name="Output T" value="16"/>
  <attribute name= "Current Time Running" value="139847" />
  <attribute name="GC Util currently" value="56" />
  <attribute name="CPU Util currently" value="37771881695" />
<allocation-satisfied id="3341" threadId="0000000002035F00" bytesRequested="1168" />
<af-end id="3342" timestamp="2019-08-08T10:56:31.454" threadId="0000000002036888" success="true" />
<exclusive-end id="3343" timestamp="2019-08-08T10:56:31.454" durationms="57.068" />

<exclusive-start id="3344" timestamp="2019-08-08T10:56:31.459" intervalms="61.124">
  <response-info timems="0.035" idlems="0.035" threads="0" lastid="0000000002035F00" lastname="main" />
</exclusive-start>
<af-start id="3345" threadId="0000000002036888" totalBytesRequested="1168" timestamp="2019-08-08T10:56:31.459" intervalms="61.173" />
<cycle-start id="3346" type="global" contextid="0" timestamp="2019-08-08T10:56:31.459" intervalms="61.172" />
<gc-start id="3347" type="global" contextid="3346" timestamp="2019-08-08T10:56:31.459">
  <mem-info id="3348" free="356352" total="35651584" percent="0">
    <mem type="tenure" free="356352" total="35651584" percent="0">
      <mem type="soa" free="0" total="35295232" percent="0" />
      <mem type="loa" free="356352" total="356352" percent="100" />
    </mem>
  </mem-info>
</gc-start>
<allocation-stats totalBytes="17210432" >
  <allocated-bytes non-tlh="0" tlh="17210432" />
  <largest-consumer threadName="main" threadId="0000000002035F00" bytes="17210432" />
</allocation-stats>
<gc-op id="3349" type="mark" timems="14.001" contextid="3346" timestamp="2019-08-08T10:56:31.473">
  <trace-info objectcount="600500" scancount="521397" scanbytes="13382344" />
  <finalization candidates="80" enqueued="0" />
  <ownableSynchronizers candidates="21" cleared="0" />
  <references type="soft" candidates="3261" cleared="0" enqueued="0" dynamicThreshold="15" maxThreshold="32" />
  <references type="weak" candidates="5572" cleared="0" enqueued="0" />
  <references type="phantom" candidates="97" cleared="0" enqueued="0" />
  <stringconstants candidates="13595" cleared="0"  />
</gc-op>
<gc-op id="3350" type="sweep" timems="8.356" contextid="3346" timestamp="2019-08-08T10:56:31.481" />
<mem-info id="3351" free="17675808" total="35651584" percent="49">
  <mem type="tenure" free="17675808" total="35651584" percent="49" micro-fragmented="0" macro-fragmented="0">
    <mem type="soa" free="17319456" total="35295232" percent="49" />
    <mem type="loa" free="356352" total="356352" percent="100" />
  </mem>
</mem-info>
<gc-op id="3352" type="compact" timems="28.185" contextid="3346" timestamp="2019-08-08T10:56:31.509">
  <compact-info movecount="2" movebytes="64" reason="compact to aid heap contraction" />
</gc-op>
<heap-resize id="3353" type="expand" space="tenure" amount="131072" count="1" timems="0.020" reason="satisfy allocation request" timestamp="2019-08-08T10:56:31.510" />
<gc-end id="3354" type="global" contextid="3346" durationms="51.318" usertimems="89.115" systemtimems="10.836" timestamp="2019-08-08T10:56:31.510" activeThreads="16">
  <mem-info id="3355" free="17741344" total="35782656" percent="49">
    <mem type="tenure" free="17741344" total="35782656" percent="49">
      <mem type="soa" free="17383968" total="35425280" percent="49" />
      <mem type="loa" free="357376" total="357376" percent="100" />
    </mem>
  </mem-info>
</gc-end>
<cycle-end id="3356" type="global" contextid="3346" timestamp="2019-08-08T10:56:31.510" />
  <attribute name="elasticGC enabled" value="1" />
  <attribute name= "numThreadsSpecified" value="16" />
  <attribute name="heapSize specified" value="35651584" />
  <attribute name="Current GC Util" value="45" />
  <attribute name= "Current Time Running" value="139903" />
  <attribute name ="GC Interval" value="0" />
  <attribute name="Target GC Util Change" value ="80.000000" />
  <attribute name="Current GC Util Change" value="45.000000"/>
  <attribute name="Current Error" value="-263.000000" />
  <attribute name="Output H" value="35726968"/>
  <attribute name="Output I" value="1544"/>
  <attribute name="Output T" value="16"/>
  <attribute name= "Current Time Running" value="139903" />
  <attribute name="GC Util currently" value="45" />
  <attribute name="CPU Util currently" value="40815135626" />
<allocation-satisfied id="3357" threadId="0000000002035F00" bytesRequested="1168" />
<af-end id="3358" timestamp="2019-08-08T10:56:31.510" threadId="0000000002036888" success="true" />
<exclusive-end id="3359" timestamp="2019-08-08T10:56:31.510" durationms="51.729" />

<exclusive-start id="3360" timestamp="2019-08-08T10:56:31.563" intervalms="104.291">
  <response-info timems="0.107" idlems="0.107" threads="0" lastid="0000000002035F00" lastname="main" />
</exclusive-start>
<af-start id="3361" threadId="0000000002036888" totalBytesRequested="24" timestamp="2019-08-08T10:56:31.563" intervalms="104.245" />
<cycle-start id="3362" type="global" contextid="0" timestamp="2019-08-08T10:56:31.563" intervalms="104.238" />
<gc-start id="3363" type="global" contextid="3362" timestamp="2019-08-08T10:56:31.563">
  <mem-info id="3364" free="357376" total="35782656" percent="0">
    <mem type="tenure" free="357376" total="35782656" percent="0">
      <mem type="soa" free="0" total="35425280" percent="0" />
      <mem type="loa" free="357376" total="357376" percent="100" />
    </mem>
  </mem-info>
</gc-start>
<allocation-stats totalBytes="17442616" >
  <allocated-bytes non-tlh="0" tlh="17442616" />
  <largest-consumer threadName="main" threadId="0000000002035F00" bytes="17442616" />
</allocation-stats>
<gc-op id="3365" type="mark" timems="13.451" contextid="3362" timestamp="2019-08-08T10:56:31.576">
  <trace-info objectcount="600640" scancount="521529" scanbytes="13387028" />
  <finalization candidates="80" enqueued="0" />
  <ownableSynchronizers candidates="21" cleared="0" />
  <references type="soft" candidates="3261" cleared="0" enqueued="0" dynamicThreshold="15" maxThreshold="32" />
  <references type="weak" candidates="5572" cleared="0" enqueued="0" />
  <references type="phantom" candidates="97" cleared="0" enqueued="0" />
  <stringconstants candidates="13595" cleared="0"  />
</gc-op>
<gc-op id="3366" type="sweep" timems="3.801" contextid="3362" timestamp="2019-08-08T10:56:31.580" />
<mem-info id="3367" free="17799976" total="35782656" percent="49">
  <mem type="tenure" free="17799976" total="35782656" percent="49" micro-fragmented="0" macro-fragmented="0">
    <mem type="soa" free="17442600" total="35425280" percent="49" />
    <mem type="loa" free="357376" total="357376" percent="100" />
  </mem>
</mem-info>
<gc-op id="3368" type="compact" timems="32.940" contextid="3362" timestamp="2019-08-08T10:56:31.613">
  <compact-info movecount="161" movebytes="5320" reason="compact to aid heap contraction" />
</gc-op>
<heap-resize id="3369" type="expand" space="tenure" amount="131072" count="1" timems="0.019" reason="satisfy allocation request" timestamp="2019-08-08T10:56:31.614" />
<gc-end id="3370" type="global" contextid="3362" durationms="51.227" usertimems="145.824" systemtimems="1.756" timestamp="2019-08-08T10:56:31.614" activeThreads="16">
  <mem-info id="3371" free="17868896" total="35913728" percent="49">
    <mem type="tenure" free="17868896" total="35913728" percent="49">
      <mem type="soa" free="17510496" total="35555328" percent="49" />
      <mem type="loa" free="358400" total="358400" percent="100" />
    </mem>
  </mem-info>
</gc-end>
<cycle-end id="3372" type="global" contextid="3362" timestamp="2019-08-08T10:56:31.614" />
  <attribute name="elasticGC enabled" value="1" />
  <attribute name= "numThreadsSpecified" value="16" />
  <attribute name="heapSize specified" value="35782656" />
  <attribute name="Current GC Util" value="63" />
  <attribute name= "Current Time Running" value="140007" />
  <attribute name ="GC Interval" value="0" />
  <attribute name="Target GC Util Change" value ="80.000000" />
  <attribute name="Current GC Util Change" value="63.000000"/>
  <attribute name="Current Error" value="17.000000" />
  <attribute name="Output H" value="35858360"/>
  <attribute name="Output I" value="2040"/>
  <attribute name="Output T" value="16"/>
  <attribute name= "Current Time Running" value="140007" />
  <attribute name="GC Util currently" value="63" />
  <attribute name="CPU Util currently" value="34975088796" />
<allocation-satisfied id="3373" threadId="0000000002035F00" bytesRequested="24" />
<af-end id="3374" timestamp="2019-08-08T10:56:31.614" threadId="0000000002036888" success="true" />
<exclusive-end id="3375" timestamp="2019-08-08T10:56:31.614" durationms="51.409" />

<exclusive-start id="3376" timestamp="2019-08-08T10:56:31.758" intervalms="195.155">
  <response-info timems="0.057" idlems="0.057" threads="0" lastid="0000000002035F00" lastname="main" />
</exclusive-start>
<af-start id="3377" threadId="0000000002036888" totalBytesRequested="24" timestamp="2019-08-08T10:56:31.758" intervalms="195.157" />
<cycle-start id="3378" type="global" contextid="0" timestamp="2019-08-08T10:56:31.758" intervalms="195.167" />
<gc-start id="3379" type="global" contextid="3378" timestamp="2019-08-08T10:56:31.758">
  <mem-info id="3380" free="358400" total="35913728" percent="0">
    <mem type="tenure" free="358400" total="35913728" percent="0">
      <mem type="soa" free="0" total="35555328" percent="0" />
      <mem type="loa" free="358400" total="358400" percent="100" />
    </mem>
  </mem-info>
</gc-start>
<allocation-stats totalBytes="17573576" >
  <allocated-bytes non-tlh="0" tlh="17573576" />
  <largest-consumer threadName="main" threadId="0000000002035F00" bytes="17573576" />
</allocation-stats>
<gc-op id="3381" type="mark" timems="27.540" contextid="3378" timestamp="2019-08-08T10:56:31.786">
  <trace-info objectcount="600633" scancount="521520" scanbytes="13386788" />
  <finalization candidates="80" enqueued="0" />
  <ownableSynchronizers candidates="21" cleared="0" />
  <references type="soft" candidates="3261" cleared="0" enqueued="0" dynamicThreshold="15" maxThreshold="32" />
  <references type="weak" candidates="5572" cleared="0" enqueued="0" />
  <references type="phantom" candidates="97" cleared="0" enqueued="0" />
  <stringconstants candidates="13595" cleared="0"  />
</gc-op>
<gc-op id="3382" type="sweep" timems="7.165" contextid="3378" timestamp="2019-08-08T10:56:31.793" />
<mem-info id="3383" free="17932736" total="35913728" percent="49">
  <mem type="tenure" free="17932736" total="35913728" percent="49" micro-fragmented="0" macro-fragmented="0">
    <mem type="soa" free="17574336" total="35555328" percent="49" />
    <mem type="loa" free="358400" total="358400" percent="100" />
  </mem>
</mem-info>
<gc-op id="3384" type="compact" timems="27.381" contextid="3378" timestamp="2019-08-08T10:56:31.820">
  <compact-info movecount="104" movebytes="3400" reason="compact to aid heap contraction" />
</gc-op>
<heap-resize id="3385" type="expand" space="tenure" amount="131072" count="1" timems="0.020" reason="satisfy allocation request" timestamp="2019-08-08T10:56:31.822" />
<gc-end id="3386" type="global" contextid="3378" durationms="63.503" usertimems="105.828" systemtimems="22.236" timestamp="2019-08-08T10:56:31.822" activeThreads="16">
  <mem-info id="3387" free="18000208" total="36044800" percent="49">
    <mem type="tenure" free="18000208" total="36044800" percent="49">
      <mem type="soa" free="17639760" total="35684352" percent="49" />
      <mem type="loa" free="360448" total="360448" percent="100" />
    </mem>
  </mem-info>
</gc-end>
<cycle-end id="3388" type="global" contextid="3378" timestamp="2019-08-08T10:56:31.822" />
  <attribute name="elasticGC enabled" value="1" />
  <attribute name= "numThreadsSpecified" value="16" />
  <attribute name="heapSize specified" value="35913728" />
  <attribute name="Current GC Util" value="71" />
  <attribute name= "Current Time Running" value="140214" />
  <attribute name ="GC Interval" value="0" />
  <attribute name="Target GC Util Change" value ="80.000000" />
  <attribute name="Current GC Util Change" value="71.000000"/>
  <attribute name="Current Error" value="-53.000000" />
  <attribute name="Output H" value="35989352"/>
  <attribute name="Output I" value="1920"/>
  <attribute name="Output T" value="16"/>
  <attribute name= "Current Time Running" value="140214" />
  <attribute name="GC Util currently" value="71" />
  <attribute name="CPU Util currently" value="42044742781" />
<allocation-satisfied id="3389" threadId="0000000002035F00" bytesRequested="24" />
<af-end id="3390" timestamp="2019-08-08T10:56:31.822" threadId="0000000002036888" success="true" />
<exclusive-end id="3391" timestamp="2019-08-08T10:56:31.822" durationms="63.721" />

<exclusive-start id="3392" timestamp="2019-08-08T10:56:31.871" intervalms="112.620">
  <response-info timems="0.167" idlems="0.167" threads="0" lastid="0000000002035F00" lastname="main" />
</exclusive-start>
<af-start id="3393" threadId="0000000002036888" totalBytesRequested="24" timestamp="2019-08-08T10:56:31.871" intervalms="112.664" />
<cycle-start id="3394" type="global" contextid="0" timestamp="2019-08-08T10:56:31.871" intervalms="112.798" />
<gc-start id="3395" type="global" contextid="3394" timestamp="2019-08-08T10:56:31.871">
  <mem-info id="3396" free="360448" total="36044800" percent="1">
    <mem type="tenure" free="360448" total="36044800" percent="1">
      <mem type="soa" free="0" total="35684352" percent="0" />
      <mem type="loa" free="360448" total="360448" percent="100" />
    </mem>
  </mem-info>
</gc-start>
<allocation-stats totalBytes="17702752" >
  <allocated-bytes non-tlh="0" tlh="17702752" />
  <largest-consumer threadName="main" threadId="0000000002035F00" bytes="17702752" />
</allocation-stats>
<gc-op id="3397" type="mark" timems="11.428" contextid="3394" timestamp="2019-08-08T10:56:31.884">
  <trace-info objectcount="600631" scancount="521517" scanbytes="13386700" />
  <finalization candidates="80" enqueued="0" />
  <ownableSynchronizers candidates="21" cleared="0" />
  <references type="soft" candidates="3261" cleared="0" enqueued="0" dynamicThreshold="15" maxThreshold="32" />
  <references type="weak" candidates="5572" cleared="0" enqueued="0" />
  <references type="phantom" candidates="97" cleared="0" enqueued="0" />
  <stringconstants candidates="13595" cleared="0"  />
</gc-op>
<gc-op id="3398" type="sweep" timems="3.032" contextid="3394" timestamp="2019-08-08T10:56:31.887" />
<mem-info id="3399" free="18063904" total="36044800" percent="50">
  <mem type="tenure" free="18063904" total="36044800" percent="50" micro-fragmented="0" macro-fragmented="0">
    <mem type="soa" free="17703456" total="35684352" percent="49" />
    <mem type="loa" free="360448" total="360448" percent="100" />
  </mem>
</mem-info>
<gc-op id="3400" type="compact" timems="31.316" contextid="3394" timestamp="2019-08-08T10:56:31.918">
  <compact-info movecount="102" movebytes="3312" reason="compact to aid heap contraction" />
</gc-op>
<heap-resize id="3401" type="expand" space="tenure" amount="131072" count="1" timems="0.020" reason="satisfy allocation request" timestamp="2019-08-08T10:56:31.919" />
<gc-end id="3402" type="global" contextid="3394" durationms="48.423" usertimems="124.117" systemtimems="0.000" timestamp="2019-08-08T10:56:31.919" activeThreads="16">
  <mem-info id="3403" free="18131368" total="36175872" percent="50">
    <mem type="tenure" free="18131368" total="36175872" percent="50">
      <mem type="soa" free="17769896" total="35814400" percent="49" />
      <mem type="loa" free="361472" total="361472" percent="100" />
    </mem>
  </mem-info>
</gc-end>
<cycle-end id="3404" type="global" contextid="3394" timestamp="2019-08-08T10:56:31.919" />
  <attribute name="elasticGC enabled" value="1" />
  <attribute name= "numThreadsSpecified" value="16" />
  <attribute name="heapSize specified" value="36044800" />
  <attribute name="Current GC Util" value="35" />
  <attribute name= "Current Time Running" value="140312" />
  <attribute name ="GC Interval" value="0" />
  <attribute name="Target GC Util Change" value ="80.000000" />
  <attribute name="Current GC Util Change" value="35.000000"/>
  <attribute name="Current Error" value="-234.000000" />
  <attribute name="Output H" value="36120216"/>
  <attribute name="Output I" value="1592"/>
  <attribute name="Output T" value="16"/>
  <attribute name= "Current Time Running" value="140312" />
  <attribute name="GC Util currently" value="35" />
  <attribute name="CPU Util currently" value="36705247868" />
<allocation-satisfied id="3405" threadId="0000000002035F00" bytesRequested="24" />
<af-end id="3406" timestamp="2019-08-08T10:56:31.920" threadId="0000000002036888" success="true" />
<exclusive-end id="3407" timestamp="2019-08-08T10:56:31.920" durationms="48.979" />

<exclusive-start id="3408" timestamp="2019-08-08T10:56:32.051" intervalms="180.878">
  <response-info timems="0.073" idlems="0.073" threads="0" lastid="0000000002035F00" lastname="main" />
</exclusive-start>
<af-start id="3409" threadId="0000000002036888" totalBytesRequested="32" timestamp="2019-08-08T10:56:32.052" intervalms="180.881" />
<cycle-start id="3410" type="global" contextid="0" timestamp="2019-08-08T10:56:32.052" intervalms="180.766" />
<gc-start id="3411" type="global" contextid="3410" timestamp="2019-08-08T10:56:32.052">
  <mem-info id="3412" free="361472" total="36175872" percent="0">
    <mem type="tenure" free="361472" total="36175872" percent="0">
      <mem type="soa" free="0" total="35814400" percent="0" />
      <mem type="loa" free="361472" total="361472" percent="100" />
    </mem>
  </mem-info>
</gc-start>
<allocation-stats totalBytes="17832856" >
  <allocated-bytes non-tlh="0" tlh="17832856" />
  <largest-consumer threadName="main" threadId="0000000002035F00" bytes="17832856" />
</allocation-stats>
<gc-op id="3413" type="mark" timems="10.239" contextid="3410" timestamp="2019-08-08T10:56:32.062">
  <trace-info objectcount="600701" scancount="521590" scanbytes="13388892" />
  <finalization candidates="80" enqueued="0" />
  <ownableSynchronizers candidates="21" cleared="0" />
  <references type="soft" candidates="3261" cleared="0" enqueued="0" dynamicThreshold="16" maxThreshold="32" />
  <references type="weak" candidates="5593" cleared="0" enqueued="0" />
  <references type="phantom" candidates="97" cleared="0" enqueued="0" />
  <stringconstants candidates="13595" cleared="0"  />
</gc-op>
<gc-op id="3414" type="sweep" timems="1.889" contextid="3410" timestamp="2019-08-08T10:56:32.064" />
<mem-info id="3415" free="18182472" total="36175872" percent="50">
  <mem type="tenure" free="18182472" total="36175872" percent="50" micro-fragmented="0" macro-fragmented="0">
    <mem type="soa" free="17821000" total="35814400" percent="49" />
    <mem type="loa" free="361472" total="361472" percent="100" />
  </mem>
</mem-info>
<gc-op id="3416" type="compact" timems="144.355" contextid="3410" timestamp="2019-08-08T10:56:32.208">
  <compact-info movecount="559687" movebytes="15549056" reason="compact to aid heap contraction" />
</gc-op>
<heap-resize id="3417" type="expand" space="tenure" amount="131072" count="1" timems="0.016" reason="satisfy allocation request" timestamp="2019-08-08T10:56:32.209" />
<gc-end id="3418" type="global" contextid="3410" durationms="157.510" usertimems="270.412" systemtimems="0.000" timestamp="2019-08-08T10:56:32.209" activeThreads="16">
  <mem-info id="3419" free="18260192" total="36306944" percent="50">
    <mem type="tenure" free="18260192" total="36306944" percent="50">
      <mem type="soa" free="17897696" total="35944448" percent="49" />
      <mem type="loa" free="362496" total="362496" percent="100" />
    </mem>
  </mem-info>
</gc-end>
<cycle-end id="3420" type="global" contextid="3410" timestamp="2019-08-08T10:56:32.209" />
  <attribute name="elasticGC enabled" value="1" />
  <attribute name= "numThreadsSpecified" value="16" />
  <attribute name="heapSize specified" value="36175872" />
  <attribute name="Current GC Util" value="10" />
  <attribute name= "Current Time Running" value="140602" />
  <attribute name ="GC Interval" value="0" />
  <attribute name="Target GC Util Change" value ="80.000000" />
  <attribute name="Current GC Util Change" value="10.000000"/>
  <attribute name="Current Error" value="70.000000" />
  <attribute name="Output H" value="36251632"/>
  <attribute name="Output I" value="2136"/>
  <attribute name="Output T" value="16"/>
  <attribute name= "Current Time Running" value="140602" />
  <attribute name="GC Util currently" value="10" />
  <attribute name="CPU Util currently" value="7985533998" />
<allocation-satisfied id="3421" threadId="0000000002035F00" bytesRequested="32" />
<af-end id="3422" timestamp="2019-08-08T10:56:32.209" threadId="0000000002036888" success="true" />
<exclusive-end id="3423" timestamp="2019-08-08T10:56:32.209" durationms="157.821" />

<exclusive-start id="3424" timestamp="2019-08-08T10:56:32.262" intervalms="210.341">
  <response-info timems="0.079" idlems="0.079" threads="0" lastid="0000000002035F00" lastname="main" />
</exclusive-start>
<af-start id="3425" threadId="0000000002036888" totalBytesRequested="32" timestamp="2019-08-08T10:56:32.262" intervalms="210.304" />
<cycle-start id="3426" type="global" contextid="0" timestamp="2019-08-08T10:56:32.262" intervalms="210.288" />
<gc-start id="3427" type="global" contextid="3426" timestamp="2019-08-08T10:56:32.262">
  <mem-info id="3428" free="362496" total="36306944" percent="0">
    <mem type="tenure" free="362496" total="36306944" percent="0">
      <mem type="soa" free="0" total="35944448" percent="0" />
      <mem type="loa" free="362496" total="362496" percent="100" />
    </mem>
  </mem-info>
</gc-start>
<allocation-stats totalBytes="17961008" >
  <allocated-bytes non-tlh="0" tlh="17961008" />
  <largest-consumer threadName="main" threadId="0000000002035F00" bytes="17961008" />
</allocation-stats>
<gc-op id="3429" type="mark" timems="17.450" contextid="3426" timestamp="2019-08-08T10:56:32.279">
  <trace-info objectcount="600712" scancount="521593" scanbytes="13389240" />
  <finalization candidates="80" enqueued="0" />
  <ownableSynchronizers candidates="21" cleared="0" />
  <references type="soft" candidates="3261" cleared="0" enqueued="0" dynamicThreshold="16" maxThreshold="32" />
  <references type="weak" candidates="5593" cleared="0" enqueued="0" />
  <references type="phantom" candidates="97" cleared="0" enqueued="0" />
  <stringconstants candidates="13595" cleared="0"  />
</gc-op>
<gc-op id="3430" type="sweep" timems="1.921" contextid="3426" timestamp="2019-08-08T10:56:32.281" />
<mem-info id="3431" free="18319056" total="36306944" percent="50">
  <mem type="tenure" free="18319056" total="36306944" percent="50" micro-fragmented="0" macro-fragmented="0">
    <mem type="soa" free="17956560" total="35944448" percent="49" />
    <mem type="loa" free="362496" total="362496" percent="100" />
  </mem>
</mem-info>
<gc-op id="3432" type="compact" timems="27.285" contextid="3426" timestamp="2019-08-08T10:56:32.309">
  <compact-info movecount="129" movebytes="3968" reason="compact to aid heap contraction" />
</gc-op>
<heap-resize id="3433" type="expand" space="tenure" amount="131072" count="1" timems="0.023" reason="satisfy allocation request" timestamp="2019-08-08T10:56:32.310" />
<gc-end id="3434" type="global" contextid="3426" durationms="47.592" usertimems="93.647" systemtimems="0.000" timestamp="2019-08-08T10:56:32.310" activeThreads="16">
  <mem-info id="3435" free="18390912" total="36438016" percent="50">
    <mem type="tenure" free="18390912" total="36438016" percent="50">
      <mem type="soa" free="18027392" total="36074496" percent="49" />
      <mem type="loa" free="363520" total="363520" percent="100" />
    </mem>
  </mem-info>
</gc-end>
<cycle-end id="3436" type="global" contextid="3426" timestamp="2019-08-08T10:56:32.310" />
  <attribute name="elasticGC enabled" value="1" />
  <attribute name= "numThreadsSpecified" value="16" />
  <attribute name="heapSize specified" value="36306944" />
  <attribute name="Current GC Util" value="43" />
  <attribute name= "Current Time Running" value="140702" />
  <attribute name ="GC Interval" value="0" />
  <attribute name="Target GC Util Change" value ="80.000000" />
  <attribute name="Current GC Util Change" value="43.000000"/>
  <attribute name="Current Error" value="-307.000000" />
  <attribute name="Output H" value="36382272"/>
  <attribute name="Output I" value="1464"/>
  <attribute name="Output T" value="16"/>
  <attribute name= "Current Time Running" value="140702" />
  <attribute name="GC Util currently" value="43" />
  <attribute name="CPU Util currently" value="42072227981" />
<allocation-satisfied id="3437" threadId="0000000002035F00" bytesRequested="32" />
<af-end id="3438" timestamp="2019-08-08T10:56:32.310" threadId="0000000002036888" success="true" />
<exclusive-end id="3439" timestamp="2019-08-08T10:56:32.310" durationms="48.049" />

<exclusive-start id="3440" timestamp="2019-08-08T10:56:32.349" intervalms="86.783">
  <response-info timems="0.071" idlems="0.071" threads="0" lastid="0000000002035F00" lastname="main" />
</exclusive-start>
<af-start id="3441" threadId="0000000002036888" totalBytesRequested="24" timestamp="2019-08-08T10:56:32.349" intervalms="86.790" />
<cycle-start id="3442" type="global" contextid="0" timestamp="2019-08-08T10:56:32.349" intervalms="86.786" />
<gc-start id="3443" type="global" contextid="3442" timestamp="2019-08-08T10:56:32.349">
  <mem-info id="3444" free="363520" total="36438016" percent="0">
    <mem type="tenure" free="363520" total="36438016" percent="0">
      <mem type="soa" free="0" total="36074496" percent="0" />
      <mem type="loa" free="363520" total="363520" percent="100" />
    </mem>
  </mem-info>
</gc-start>
<allocation-stats totalBytes="18090752" >
  <allocated-bytes non-tlh="0" tlh="18090752" />
  <largest-consumer threadName="main" threadId="0000000002035F00" bytes="18090752" />
</allocation-stats>
<gc-op id="3445" type="mark" timems="14.094" contextid="3442" timestamp="2019-08-08T10:56:32.363">
  <trace-info objectcount="600711" scancount="521595" scanbytes="13389216" />
  <finalization candidates="80" enqueued="0" />
  <ownableSynchronizers candidates="21" cleared="0" />
  <references type="soft" candidates="3261" cleared="0" enqueued="0" dynamicThreshold="16" maxThreshold="32" />
  <references type="weak" candidates="5593" cleared="0" enqueued="0" />
  <references type="phantom" candidates="97" cleared="0" enqueued="0" />
  <stringconstants candidates="13595" cleared="0"  />
</gc-op>
<gc-op id="3446" type="sweep" timems="2.343" contextid="3442" timestamp="2019-08-08T10:56:32.365" />
<mem-info id="3447" free="18450408" total="36438016" percent="50">
  <mem type="tenure" free="18450408" total="36438016" percent="50" micro-fragmented="0" macro-fragmented="0">
    <mem type="soa" free="18086888" total="36074496" percent="50" />
    <mem type="loa" free="363520" total="363520" percent="100" />
  </mem>
</mem-info>
<gc-op id="3448" type="compact" timems="25.335" contextid="3442" timestamp="2019-08-08T10:56:32.391">
  <compact-info movecount="128" movebytes="3944" reason="compact to aid heap contraction" />
</gc-op>
<heap-resize id="3449" type="expand" space="tenure" amount="131072" count="1" timems="0.021" reason="satisfy allocation request" timestamp="2019-08-08T10:56:32.392" />
<gc-end id="3450" type="global" contextid="3442" durationms="42.947" usertimems="95.436" systemtimems="0.000" timestamp="2019-08-08T10:56:32.392" activeThreads="16">
  <mem-info id="3451" free="18522008" total="36569088" percent="50">
    <mem type="tenure" free="18522008" total="36569088" percent="50">
      <mem type="soa" free="18156440" total="36203520" percent="50" />
      <mem type="loa" free="365568" total="365568" percent="100" />
    </mem>
  </mem-info>
</gc-end>
<cycle-end id="3452" type="global" contextid="3442" timestamp="2019-08-08T10:56:32.392" />
  <attribute name="elasticGC enabled" value="1" />
  <attribute name= "numThreadsSpecified" value="16" />
  <attribute name="heapSize specified" value="36438016" />
  <attribute name="Current GC Util" value="46" />
  <attribute name= "Current Time Running" value="140784" />
  <attribute name ="GC Interval" value="0" />
  <attribute name="Target GC Util Change" value ="80.000000" />
  <attribute name="Current GC Util Change" value="46.000000"/>
  <attribute name="Current Error" value="-355.000000" />
  <attribute name="Output H" value="36513288"/>
  <attribute name="Output I" value="1376"/>
  <attribute name="Output T" value="16"/>
  <attribute name= "Current Time Running" value="140784" />
  <attribute name="GC Util currently" value="46" />
  <attribute name="CPU Util currently" value="45333100146" />
<allocation-satisfied id="3453" threadId="0000000002035F00" bytesRequested="24" />
<af-end id="3454" timestamp="2019-08-08T10:56:32.392" threadId="0000000002036888" success="true" />
<exclusive-end id="3455" timestamp="2019-08-08T10:56:32.392" durationms="43.279" />

<exclusive-start id="3456" timestamp="2019-08-08T10:56:32.419" intervalms="70.748">
  <response-info timems="0.075" idlems="0.075" threads="0" lastid="0000000002035F00" lastname="main" />
</exclusive-start>
<af-start id="3457" threadId="0000000002036888" totalBytesRequested="192" timestamp="2019-08-08T10:56:32.419" intervalms="70.729" />
<cycle-start id="3458" type="global" contextid="0" timestamp="2019-08-08T10:56:32.419" intervalms="70.720" />
<gc-start id="3459" type="global" contextid="3458" timestamp="2019-08-08T10:56:32.419">
  <mem-info id="3460" free="365568" total="36569088" percent="0">
    <mem type="tenure" free="365568" total="36569088" percent="0">
      <mem type="soa" free="0" total="36203520" percent="0" />
      <mem type="loa" free="365568" total="365568" percent="100" />
    </mem>
  </mem-info>
</gc-start>
<allocation-stats totalBytes="18209848" >
  <allocated-bytes non-tlh="0" tlh="18209848" />
  <largest-consumer threadName="main" threadId="0000000002035F00" bytes="18209848" />
</allocation-stats>
<gc-op id="3461" type="mark" timems="8.353" contextid="3458" timestamp="2019-08-08T10:56:32.428">
  <trace-info objectcount="600543" scancount="521427" scanbytes="13383444" />
  <finalization candidates="80" enqueued="0" />
  <ownableSynchronizers candidates="21" cleared="0" />
  <references type="soft" candidates="3261" cleared="0" enqueued="0" dynamicThreshold="16" maxThreshold="32" />
  <references type="weak" candidates="5593" cleared="7" enqueued="3" />
  <references type="phantom" candidates="97" cleared="0" enqueued="0" />
  <stringconstants candidates="13595" cleared="0"  />
</gc-op>
<gc-op id="3462" type="sweep" timems="3.366" contextid="3458" timestamp="2019-08-08T10:56:32.431" />
<mem-info id="3463" free="18590952" total="36569088" percent="50">
  <mem type="tenure" free="18590952" total="36569088" percent="50" micro-fragmented="0" macro-fragmented="0">
    <mem type="soa" free="18225384" total="36203520" percent="50" />
    <mem type="loa" free="365568" total="365568" percent="100" />
  </mem>
  <pending-finalizers system="0" default="0" reference="3" classloader="0" />
</mem-info>
<gc-op id="3464" type="compact" timems="23.040" contextid="3458" timestamp="2019-08-08T10:56:32.454">
  <compact-info movecount="67" movebytes="2176" reason="compact to aid heap contraction" />
</gc-op>
<heap-resize id="3465" type="expand" space="tenure" amount="131072" count="1" timems="0.018" reason="satisfy allocation request" timestamp="2019-08-08T10:56:32.455" />
<gc-end id="3466" type="global" contextid="3458" durationms="35.770" usertimems="82.130" systemtimems="0.000" timestamp="2019-08-08T10:56:32.455" activeThreads="16">
  <mem-info id="3467" free="18658680" total="36700160" percent="50">
    <mem type="tenure" free="18658680" total="36700160" percent="50">
      <mem type="soa" free="18292088" total="36333568" percent="50" />
      <mem type="loa" free="366592" total="366592" percent="100" />
    </mem>
    <pending-finalizers system="0" default="0" reference="3" classloader="0" />
  </mem-info>
</gc-end>
<cycle-end id="3468" type="global" contextid="3458" timestamp="2019-08-08T10:56:32.455" />
  <attribute name="elasticGC enabled" value="1" />
  <attribute name= "numThreadsSpecified" value="16" />
  <attribute name="heapSize specified" value="36569088" />
  <attribute name="Current GC Util" value="41" />
  <attribute name= "Current Time Running" value="140848" />
  <attribute name ="GC Interval" value="0" />
  <attribute name="Target GC Util Change" value ="80.000000" />
  <attribute name="Current GC Util Change" value="41.000000"/>
  <attribute name="Current Error" value="39.000000" />
  <attribute name="Output H" value="36644816"/>
  <attribute name="Output I" value="2080"/>
  <attribute name="Output T" value="16"/>
  <attribute name= "Current Time Running" value="140848" />
  <attribute name="GC Util currently" value="41" />
  <attribute name="CPU Util currently" value="50006364015" />
<allocation-satisfied id="3469" threadId="0000000002035F00" bytesRequested="192" />
<af-end id="3470" timestamp="2019-08-08T10:56:32.455" threadId="0000000002036888" success="true" />
<exclusive-end id="3471" timestamp="2019-08-08T10:56:32.455" durationms="35.976" />

<exclusive-start id="3472" timestamp="2019-08-08T10:56:32.470" intervalms="50.216">
  <response-info timems="0.062" idlems="0.062" threads="0" lastid="0000000002035F00" lastname="main" />
</exclusive-start>
<af-start id="3473" threadId="0000000002036888" totalBytesRequested="136" timestamp="2019-08-08T10:56:32.470" intervalms="50.232" />
<cycle-start id="3474" type="global" contextid="0" timestamp="2019-08-08T10:56:32.470" intervalms="50.496" />
<gc-start id="3475" type="global" contextid="3474" timestamp="2019-08-08T10:56:32.470">
  <mem-info id="3476" free="366592" total="36700160" percent="0">
    <mem type="tenure" free="366592" total="36700160" percent="0">
      <mem type="soa" free="0" total="36333568" percent="0" />
      <mem type="loa" free="366592" total="366592" percent="100" />
    </mem>
  </mem-info>
</gc-start>
<allocation-stats totalBytes="18347576" >
  <allocated-bytes non-tlh="0" tlh="18347576" />
  <largest-consumer threadName="main" threadId="0000000002035F00" bytes="18343480" />
</allocation-stats>
<gc-op id="3477" type="mark" timems="32.113" contextid="3474" timestamp="2019-08-08T10:56:32.502">
  <trace-info objectcount="600544" scancount="521434" scanbytes="13383964" />
  <finalization candidates="80" enqueued="0" />
  <ownableSynchronizers candidates="21" cleared="0" />
  <references type="soft" candidates="3261" cleared="0" enqueued="0" dynamicThreshold="16" maxThreshold="32" />
  <references type="weak" candidates="5586" cleared="0" enqueued="0" />
  <references type="phantom" candidates="97" cleared="0" enqueued="0" />
  <stringconstants candidates="13595" cleared="0"  />
</gc-op>
<gc-op id="3478" type="sweep" timems="2.672" contextid="3474" timestamp="2019-08-08T10:56:32.505" />
<mem-info id="3479" free="18723696" total="36700160" percent="51">
  <mem type="tenure" free="18723696" total="36700160" percent="51" micro-fragmented="0" macro-fragmented="0">
    <mem type="soa" free="18357104" total="36333568" percent="50" />
    <mem type="loa" free="366592" total="366592" percent="100" />
  </mem>
</mem-info>
<gc-op id="3480" type="compact" timems="23.044" contextid="3474" timestamp="2019-08-08T10:56:32.528">
  <compact-info movecount="7" movebytes="768" reason="compact to aid heap contraction" />
</gc-op>
<heap-resize id="3481" type="expand" space="tenure" amount="131072" count="1" timems="0.018" reason="satisfy allocation request" timestamp="2019-08-08T10:56:32.529" />
<gc-end id="3482" type="global" contextid="3474" durationms="58.629" usertimems="186.941" systemtimems="0.000" timestamp="2019-08-08T10:56:32.529" activeThreads="16">
  <mem-info id="3483" free="18789288" total="36831232" percent="51">
    <mem type="tenure" free="18789288" total="36831232" percent="51">
      <mem type="soa" free="18421672" total="36463616" percent="50" />
      <mem type="loa" free="367616" total="367616" percent="100" />
    </mem>
  </mem-info>
</gc-end>
<cycle-end id="3484" type="global" contextid="3474" timestamp="2019-08-08T10:56:32.529" />
  <attribute name="elasticGC enabled" value="1" />
  <attribute name= "numThreadsSpecified" value="16" />
  <attribute name="heapSize specified" value="36700160" />
  <attribute name="Current GC Util" value="42" />
  <attribute name= "Current Time Running" value="140921" />
  <attribute name ="GC Interval" value="0" />
  <attribute name="Target GC Util Change" value ="80.000000" />
  <attribute name="Current GC Util Change" value="42.000000"/>
  <attribute name="Current Error" value="-343.000000" />
  <attribute name="Output H" value="36775448"/>
  <attribute name="Output I" value="1400"/>
  <attribute name="Output T" value="16"/>
  <attribute name= "Current Time Running" value="140921" />
  <attribute name="GC Util currently" value="42" />
  <attribute name="CPU Util currently" value="49960207844" />
<allocation-satisfied id="3485" threadId="0000000002035F00" bytesRequested="136" />
<af-end id="3486" timestamp="2019-08-08T10:56:32.529" threadId="0000000002036888" success="true" />
<exclusive-end id="3487" timestamp="2019-08-08T10:56:32.529" durationms="59.203" />

<exclusive-start id="3488" timestamp="2019-08-08T10:56:32.555" intervalms="85.726">
  <response-info timems="0.041" idlems="0.041" threads="0" lastid="0000000002035F00" lastname="main" />
</exclusive-start>
<af-start id="3489" threadId="0000000002036888" totalBytesRequested="16" timestamp="2019-08-08T10:56:32.555" intervalms="85.710" />
<cycle-start id="3490" type="global" contextid="0" timestamp="2019-08-08T10:56:32.555" intervalms="85.456" />
<gc-start id="3491" type="global" contextid="3490" timestamp="2019-08-08T10:56:32.555">
  <mem-info id="3492" free="367616" total="36831232" percent="0">
    <mem type="tenure" free="367616" total="36831232" percent="0">
      <mem type="soa" free="0" total="36463616" percent="0" />
      <mem type="loa" free="367616" total="367616" percent="100" />
    </mem>
  </mem-info>
</gc-start>
<allocation-stats totalBytes="18477864" >
  <allocated-bytes non-tlh="0" tlh="18477864" />
  <largest-consumer threadName="main" threadId="0000000002035F00" bytes="18477864" />
</allocation-stats>
<gc-op id="3493" type="mark" timems="16.798" contextid="3490" timestamp="2019-08-08T10:56:32.572">
  <trace-info objectcount="600542" scancount="521429" scanbytes="13383916" />
  <finalization candidates="80" enqueued="0" />
  <ownableSynchronizers candidates="21" cleared="0" />
  <references type="soft" candidates="3261" cleared="0" enqueued="0" dynamicThreshold="16" maxThreshold="32" />
  <references type="weak" candidates="5586" cleared="0" enqueued="0" />
  <references type="phantom" candidates="97" cleared="0" enqueued="0" />
  <stringconstants candidates="13595" cleared="0"  />
</gc-op>
<gc-op id="3494" type="sweep" timems="1.829" contextid="3490" timestamp="2019-08-08T10:56:32.574" />
<mem-info id="3495" free="18854976" total="36831232" percent="51">
  <mem type="tenure" free="18854976" total="36831232" percent="51" micro-fragmented="0" macro-fragmented="0">
    <mem type="soa" free="18487360" total="36463616" percent="50" />
    <mem type="loa" free="367616" total="367616" percent="100" />
  </mem>
</mem-info>
<gc-op id="3496" type="compact" timems="26.985" contextid="3490" timestamp="2019-08-08T10:56:32.601">
  <compact-info movecount="4" movebytes="96" reason="compact to aid heap contraction" />
</gc-op>
<heap-resize id="3497" type="expand" space="tenure" amount="131072" count="1" timems="0.017" reason="satisfy allocation request" timestamp="2019-08-08T10:56:32.602" />
<gc-end id="3498" type="global" contextid="3490" durationms="46.993" usertimems="117.415" systemtimems="5.404" timestamp="2019-08-08T10:56:32.602" activeThreads="16">
  <mem-info id="3499" free="18920512" total="36962304" percent="51">
    <mem type="tenure" free="18920512" total="36962304" percent="51">
      <mem type="soa" free="18551872" total="36593664" percent="50" />
      <mem type="loa" free="368640" total="368640" percent="100" />
    </mem>
  </mem-info>
</gc-end>
<cycle-end id="3500" type="global" contextid="3490" timestamp="2019-08-08T10:56:32.603" />
  <attribute name="elasticGC enabled" value="1" />
  <attribute name= "numThreadsSpecified" value="16" />
  <attribute name="heapSize specified" value="36831232" />
  <attribute name="Current GC Util" value="42" />
  <attribute name= "Current Time Running" value="140995" />
  <attribute name ="GC Interval" value="0" />
  <attribute name="Target GC Util Change" value ="80.000000" />
  <attribute name="Current GC Util Change" value="42.000000"/>
  <attribute name="Current Error" value="-421.000000" />
  <attribute name="Output H" value="36906432"/>
  <attribute name="Output I" value="1256"/>
  <attribute name="Output T" value="16"/>
  <attribute name= "Current Time Running" value="140995" />
  <attribute name="GC Util currently" value="42" />
  <attribute name="CPU Util currently" value="42676206963" />
<allocation-satisfied id="3501" threadId="0000000002035F00" bytesRequested="16" />
<af-end id="3502" timestamp="2019-08-08T10:56:32.603" threadId="0000000002036888" success="true" />
<exclusive-end id="3503" timestamp="2019-08-08T10:56:32.603" durationms="47.225" />

<exclusive-start id="3504" timestamp="2019-08-08T10:56:32.620" intervalms="64.907">
  <response-info timems="0.051" idlems="0.051" threads="0" lastid="0000000002035F00" lastname="main" />
</exclusive-start>
<af-start id="3505" threadId="0000000002036888" totalBytesRequested="144" timestamp="2019-08-08T10:56:32.620" intervalms="64.894" />
<cycle-start id="3506" type="global" contextid="0" timestamp="2019-08-08T10:56:32.620" intervalms="64.884" />
<gc-start id="3507" type="global" contextid="3506" timestamp="2019-08-08T10:56:32.620">
  <mem-info id="3508" free="368640" total="36962304" percent="0">
    <mem type="tenure" free="368640" total="36962304" percent="0">
      <mem type="soa" free="0" total="36593664" percent="0" />
      <mem type="loa" free="368640" total="368640" percent="100" />
    </mem>
  </mem-info>
</gc-start>
<allocation-stats totalBytes="18607200" >
  <allocated-bytes non-tlh="0" tlh="18607200" />
  <largest-consumer threadName="main" threadId="0000000002035F00" bytes="18607200" />
</allocation-stats>
<gc-op id="3509" type="mark" timems="13.911" contextid="3506" timestamp="2019-08-08T10:56:32.634">
  <trace-info objectcount="600544" scancount="521428" scanbytes="13383964" />
  <finalization candidates="80" enqueued="0" />
  <ownableSynchronizers candidates="21" cleared="0" />
  <references type="soft" candidates="3261" cleared="0" enqueued="0" dynamicThreshold="16" maxThreshold="32" />
  <references type="weak" candidates="5586" cleared="0" enqueued="0" />
  <references type="phantom" candidates="97" cleared="0" enqueued="0" />
  <stringconstants candidates="13595" cleared="0"  />
</gc-op>
<gc-op id="3510" type="sweep" timems="1.615" contextid="3506" timestamp="2019-08-08T10:56:32.636" />
<mem-info id="3511" free="18985848" total="36962304" percent="51">
  <mem type="tenure" free="18985848" total="36962304" percent="51" micro-fragmented="0" macro-fragmented="0">
    <mem type="soa" free="18617208" total="36593664" percent="50" />
    <mem type="loa" free="368640" total="368640" percent="100" />
  </mem>
</mem-info>
<gc-op id="3512" type="compact" timems="25.422" contextid="3506" timestamp="2019-08-08T10:56:32.661">
  <compact-info movecount="6" movebytes="264" reason="compact to aid heap contraction" />
</gc-op>
<heap-resize id="3513" type="expand" space="tenure" amount="131072" count="1" timems="0.025" reason="satisfy allocation request" timestamp="2019-08-08T10:56:32.662" />
<gc-end id="3514" type="global" contextid="3506" durationms="42.077" usertimems="97.969" systemtimems="0.000" timestamp="2019-08-08T10:56:32.662" activeThreads="16">
  <mem-info id="3515" free="19051416" total="37093376" percent="51">
    <mem type="tenure" free="19051416" total="37093376" percent="51">
      <mem type="soa" free="18680728" total="36722688" percent="50" />
      <mem type="loa" free="370688" total="370688" percent="100" />
    </mem>
  </mem-info>
</gc-end>
<cycle-end id="3516" type="global" contextid="3506" timestamp="2019-08-08T10:56:32.662" />
  <attribute name="elasticGC enabled" value="1" />
  <attribute name= "numThreadsSpecified" value="16" />
  <attribute name="heapSize specified" value="36962304" />
  <attribute name="Current GC Util" value="40" />
  <attribute name= "Current Time Running" value="141055" />
  <attribute name ="GC Interval" value="0" />
  <attribute name="Target GC Util Change" value ="80.000000" />
  <attribute name="Current GC Util Change" value="40.000000"/>
  <attribute name="Current Error" value="40.000000" />
  <attribute name="Output H" value="37038032"/>
  <attribute name="Output I" value="2080"/>
  <attribute name="Output T" value="16"/>
  <attribute name= "Current Time Running" value="141055" />
  <attribute name="GC Util currently" value="40" />
  <attribute name="CPU Util currently" value="45271052232" />
<allocation-satisfied id="3517" threadId="0000000002035F00" bytesRequested="144" />
<af-end id="3518" timestamp="2019-08-08T10:56:32.663" threadId="0000000002036888" success="true" />
<exclusive-end id="3519" timestamp="2019-08-08T10:56:32.663" durationms="42.309" />

<exclusive-start id="3520" timestamp="2019-08-08T10:56:32.686" intervalms="65.549">
  <response-info timems="0.064" idlems="0.064" threads="0" lastid="0000000002035F00" lastname="main" />
</exclusive-start>
<af-start id="3521" threadId="0000000002036888" totalBytesRequested="32" timestamp="2019-08-08T10:56:32.686" intervalms="65.610" />
<cycle-start id="3522" type="global" contextid="0" timestamp="2019-08-08T10:56:32.686" intervalms="65.613" />
<gc-start id="3523" type="global" contextid="3522" timestamp="2019-08-08T10:56:32.686">
  <mem-info id="3524" free="370688" total="37093376" percent="0">
    <mem type="tenure" free="370688" total="37093376" percent="0">
      <mem type="soa" free="0" total="36722688" percent="0" />
      <mem type="loa" free="370688" total="370688" percent="100" />
    </mem>
  </mem-info>
</gc-start>
<allocation-stats totalBytes="18736264" >
  <allocated-bytes non-tlh="0" tlh="18736264" />
  <largest-consumer threadName="main" threadId="0000000002035F00" bytes="18736264" />
</allocation-stats>
<gc-op id="3525" type="mark" timems="18.999" contextid="3522" timestamp="2019-08-08T10:56:32.705">
  <trace-info objectcount="600543" scancount="521429" scanbytes="13383932" />
  <finalization candidates="80" enqueued="0" />
  <ownableSynchronizers candidates="21" cleared="0" />
  <references type="soft" candidates="3261" cleared="0" enqueued="0" dynamicThreshold="16" maxThreshold="32" />
  <references type="weak" candidates="5586" cleared="0" enqueued="0" />
  <references type="phantom" candidates="97" cleared="0" enqueued="0" />
  <stringconstants candidates="13595" cleared="0"  />
</gc-op>
<gc-op id="3526" type="sweep" timems="7.165" contextid="3522" timestamp="2019-08-08T10:56:32.712" />
<mem-info id="3527" free="19117000" total="37093376" percent="51">
  <mem type="tenure" free="19117000" total="37093376" percent="51" micro-fragmented="0" macro-fragmented="0">
    <mem type="soa" free="18746312" total="36722688" percent="51" />
    <mem type="loa" free="370688" total="370688" percent="100" />
  </mem>
</mem-info>
<gc-op id="3528" type="compact" timems="41.881" contextid="3522" timestamp="2019-08-08T10:56:32.754">
  <compact-info movecount="5" movebytes="112" reason="compact to aid heap contraction" />
</gc-op>
<heap-resize id="3529" type="expand" space="tenure" amount="131072" count="1" timems="0.023" reason="satisfy allocation request" timestamp="2019-08-08T10:56:32.756" />
<gc-end id="3530" type="global" contextid="3522" durationms="70.340" usertimems="107.065" systemtimems="24.251" timestamp="2019-08-08T10:56:32.756" activeThreads="16">
  <mem-info id="3531" free="19182640" total="37224448" percent="51">
    <mem type="tenure" free="19182640" total="37224448" percent="51">
      <mem type="soa" free="18810928" total="36852736" percent="51" />
      <mem type="loa" free="371712" total="371712" percent="100" />
    </mem>
  </mem-info>
</gc-end>
<cycle-end id="3532" type="global" contextid="3522" timestamp="2019-08-08T10:56:32.756" />
  <attribute name="elasticGC enabled" value="1" />
  <attribute name= "numThreadsSpecified" value="16" />
  <attribute name="heapSize specified" value="37093376" />
  <attribute name="Current GC Util" value="52" />
  <attribute name= "Current Time Running" value="141147" />
  <attribute name ="GC Interval" value="0" />
  <attribute name="Target GC Util Change" value ="80.000000" />
  <attribute name="Current GC Util Change" value="52.000000"/>
  <attribute name="Current Error" value="-238.000000" />
  <attribute name="Output H" value="37168784"/>
  <attribute name="Output I" value="1584"/>
  <attribute name="Output T" value="16"/>
  <attribute name= "Current Time Running" value="141147" />
  <attribute name="GC Util currently" value="52" />
  <attribute name="CPU Util currently" value="27510672749" />
<allocation-satisfied id="3533" threadId="0000000002035F00" bytesRequested="32" />
<af-end id="3534" timestamp="2019-08-08T10:56:32.756" threadId="0000000002036888" success="true" />
<exclusive-end id="3535" timestamp="2019-08-08T10:56:32.756" durationms="70.595" />

<exclusive-start id="3536" timestamp="2019-08-08T10:56:32.781" intervalms="94.786">
  <response-info timems="0.067" idlems="0.067" threads="0" lastid="0000000002035F00" lastname="main" />
</exclusive-start>
<af-start id="3537" threadId="0000000002036888" totalBytesRequested="168" timestamp="2019-08-08T10:56:32.781" intervalms="94.749" />
<cycle-start id="3538" type="global" contextid="0" timestamp="2019-08-08T10:56:32.781" intervalms="94.751" />
<gc-start id="3539" type="global" contextid="3538" timestamp="2019-08-08T10:56:32.781">
  <mem-info id="3540" free="371712" total="37224448" percent="0">
    <mem type="tenure" free="371712" total="37224448" percent="0">
      <mem type="soa" free="0" total="36852736" percent="0" />
      <mem type="loa" free="371712" total="371712" percent="100" />
    </mem>
  </mem-info>
</gc-start>
<allocation-stats totalBytes="18866680" >
  <allocated-bytes non-tlh="0" tlh="18866680" />
  <largest-consumer threadName="main" threadId="0000000002035F00" bytes="18866680" />
</allocation-stats>
<gc-op id="3541" type="mark" timems="41.913" contextid="3538" timestamp="2019-08-08T10:56:32.823">
  <trace-info objectcount="600544" scancount="521433" scanbytes="13383964" />
  <finalization candidates="80" enqueued="0" />
  <ownableSynchronizers candidates="21" cleared="0" />
  <references type="soft" candidates="3261" cleared="0" enqueued="0" dynamicThreshold="16" maxThreshold="32" />
  <references type="weak" candidates="5586" cleared="0" enqueued="0" />
  <references type="phantom" candidates="97" cleared="0" enqueued="0" />
  <stringconstants candidates="13595" cleared="0"  />
</gc-op>
<gc-op id="3542" type="sweep" timems="7.557" contextid="3538" timestamp="2019-08-08T10:56:32.830" />
<mem-info id="3543" free="19247968" total="37224448" percent="51">
  <mem type="tenure" free="19247968" total="37224448" percent="51" micro-fragmented="0" macro-fragmented="0">
    <mem type="soa" free="18876256" total="36852736" percent="51" />
    <mem type="loa" free="371712" total="371712" percent="100" />
  </mem>
</mem-info>
<gc-op id="3544" type="compact" timems="34.529" contextid="3538" timestamp="2019-08-08T10:56:32.865">
  <compact-info movecount="6" movebytes="288" reason="compact to aid heap contraction" />
</gc-op>
<heap-resize id="3545" type="expand" space="tenure" amount="131072" count="1" timems="0.024" reason="satisfy allocation request" timestamp="2019-08-08T10:56:32.866" />
<gc-end id="3546" type="global" contextid="3538" durationms="85.883" usertimems="156.396" systemtimems="70.038" timestamp="2019-08-08T10:56:32.867" activeThreads="16">
  <mem-info id="3547" free="19313536" total="37355520" percent="51">
    <mem type="tenure" free="19313536" total="37355520" percent="51">
      <mem type="soa" free="18940800" total="36982784" percent="51" />
      <mem type="loa" free="372736" total="372736" percent="100" />
    </mem>
  </mem-info>
</gc-end>
<cycle-end id="3548" type="global" contextid="3538" timestamp="2019-08-08T10:56:32.867" />
  <attribute name="elasticGC enabled" value="1" />
  <attribute name= "numThreadsSpecified" value="16" />
  <attribute name="heapSize specified" value="37224448" />
  <attribute name="Current GC Util" value="55" />
  <attribute name= "Current Time Running" value="141258" />
  <attribute name ="GC Interval" value="0" />
  <attribute name="Target GC Util Change" value ="80.000000" />
  <attribute name="Current GC Util Change" value="55.000000"/>
  <attribute name="Current Error" value="-282.000000" />
  <attribute name="Output H" value="37299808"/>
  <attribute name="Output I" value="1512"/>
  <attribute name="Output T" value="16"/>
  <attribute name= "Current Time Running" value="141258" />
  <attribute name="GC Util currently" value="55" />
  <attribute name="CPU Util currently" value="33342349715" />
<allocation-satisfied id="3549" threadId="0000000002035F00" bytesRequested="168" />
<af-end id="3550" timestamp="2019-08-08T10:56:32.867" threadId="0000000002036888" success="true" />
<exclusive-end id="3551" timestamp="2019-08-08T10:56:32.867" durationms="86.146" />

<exclusive-start id="3552" timestamp="2019-08-08T10:56:32.885" intervalms="104.205">
  <response-info timems="0.049" idlems="0.049" threads="0" lastid="0000000002035F00" lastname="main" />
</exclusive-start>
<af-start id="3553" threadId="0000000002036888" totalBytesRequested="120" timestamp="2019-08-08T10:56:32.885" intervalms="104.240" />
<cycle-start id="3554" type="global" contextid="0" timestamp="2019-08-08T10:56:32.885" intervalms="104.246" />
<gc-start id="3555" type="global" contextid="3554" timestamp="2019-08-08T10:56:32.885">
  <mem-info id="3556" free="372736" total="37355520" percent="0">
    <mem type="tenure" free="372736" total="37355520" percent="0">
      <mem type="soa" free="0" total="36982784" percent="0" />
      <mem type="loa" free="372736" total="372736" percent="100" />
    </mem>
  </mem-info>
</gc-start>
<allocation-stats totalBytes="18996024" >
  <allocated-bytes non-tlh="0" tlh="18996024" />
  <largest-consumer threadName="main" threadId="0000000002035F00" bytes="18996024" />
</allocation-stats>
<gc-op id="3557" type="mark" timems="13.817" contextid="3554" timestamp="2019-08-08T10:56:32.899">
  <trace-info objectcount="600544" scancount="521428" scanbytes="13383964" />
  <finalization candidates="80" enqueued="0" />
  <ownableSynchronizers candidates="21" cleared="0" />
  <references type="soft" candidates="3261" cleared="0" enqueued="0" dynamicThreshold="16" maxThreshold="32" />
  <references type="weak" candidates="5586" cleared="0" enqueued="0" />
  <references type="phantom" candidates="97" cleared="0" enqueued="0" />
  <stringconstants candidates="13595" cleared="0"  />
</gc-op>
<gc-op id="3558" type="sweep" timems="2.408" contextid="3554" timestamp="2019-08-08T10:56:32.901" />
<mem-info id="3559" free="19379024" total="37355520" percent="51">
  <mem type="tenure" free="19379024" total="37355520" percent="51" micro-fragmented="0" macro-fragmented="0">
    <mem type="soa" free="19006288" total="36982784" percent="51" />
    <mem type="loa" free="372736" total="372736" percent="100" />
  </mem>
</mem-info>
<gc-op id="3560" type="compact" timems="29.154" contextid="3554" timestamp="2019-08-08T10:56:32.930">
  <compact-info movecount="6" movebytes="232" reason="compact to aid heap contraction" />
</gc-op>
<heap-resize id="3561" type="expand" space="tenure" amount="131072" count="1" timems="0.021" reason="satisfy allocation request" timestamp="2019-08-08T10:56:32.932" />
<gc-end id="3562" type="global" contextid="3554" durationms="46.693" usertimems="123.660" systemtimems="9.915" timestamp="2019-08-08T10:56:32.932" activeThreads="16">
  <mem-info id="3563" free="19444664" total="37486592" percent="51">
    <mem type="tenure" free="19444664" total="37486592" percent="51">
      <mem type="soa" free="19069880" total="37111808" percent="51" />
      <mem type="loa" free="374784" total="374784" percent="100" />
    </mem>
  </mem-info>
</gc-end>
<cycle-end id="3564" type="global" contextid="3554" timestamp="2019-08-08T10:56:32.932" />
  <attribute name="elasticGC enabled" value="1" />
  <attribute name= "numThreadsSpecified" value="16" />
  <attribute name="heapSize specified" value="37355520" />
  <attribute name="Current GC Util" value="41" />
  <attribute name= "Current Time Running" value="141324" />
  <attribute name ="GC Interval" value="0" />
  <attribute name="Target GC Util Change" value ="80.000000" />
  <attribute name="Current GC Util Change" value="41.000000"/>
  <attribute name="Current Error" value="39.000000" />
  <attribute name="Output H" value="37431248"/>
  <attribute name="Output I" value="2080"/>
  <attribute name="Output T" value="16"/>
  <attribute name= "Current Time Running" value="141324" />
  <attribute name="GC Util currently" value="41" />
  <attribute name="CPU Util currently" value="39471096780" />
<allocation-satisfied id="3565" threadId="0000000002035F00" bytesRequested="120" />
<af-end id="3566" timestamp="2019-08-08T10:56:32.932" threadId="0000000002036888" success="true" />
<exclusive-end id="3567" timestamp="2019-08-08T10:56:32.932" durationms="47.167" />

<exclusive-start id="3568" timestamp="2019-08-08T10:56:32.954" intervalms="69.732">
  <response-info timems="0.050" idlems="0.050" threads="0" lastid="0000000002035F00" lastname="main" />
</exclusive-start>
<af-start id="3569" threadId="0000000002036888" totalBytesRequested="16" timestamp="2019-08-08T10:56:32.955" intervalms="69.694" />
<cycle-start id="3570" type="global" contextid="0" timestamp="2019-08-08T10:56:32.955" intervalms="69.691" />
<gc-start id="3571" type="global" contextid="3570" timestamp="2019-08-08T10:56:32.955">
  <mem-info id="3572" free="374784" total="37486592" percent="0">
    <mem type="tenure" free="374784" total="37486592" percent="0">
      <mem type="soa" free="0" total="37111808" percent="0" />
      <mem type="loa" free="374784" total="374784" percent="100" />
    </mem>
  </mem-info>
</gc-start>
<allocation-stats totalBytes="19124896" >
  <allocated-bytes non-tlh="0" tlh="19124896" />
  <largest-consumer threadName="main" threadId="0000000002035F00" bytes="19124896" />
</allocation-stats>
<gc-op id="3573" type="mark" timems="9.063" contextid="3570" timestamp="2019-08-08T10:56:32.964">
  <trace-info objectcount="600546" scancount="521430" scanbytes="13383980" />
  <finalization candidates="80" enqueued="0" />
  <ownableSynchronizers candidates="21" cleared="0" />
  <references type="soft" candidates="3261" cleared="0" enqueued="0" dynamicThreshold="16" maxThreshold="32" />
  <references type="weak" candidates="5586" cleared="0" enqueued="0" />
  <references type="phantom" candidates="97" cleared="0" enqueued="0" />
  <stringconstants candidates="13595" cleared="0"  />
</gc-op>
<gc-op id="3574" type="sweep" timems="1.761" contextid="3570" timestamp="2019-08-08T10:56:32.966" />
<mem-info id="3575" free="19509904" total="37486592" percent="52">
  <mem type="tenure" free="19509904" total="37486592" percent="52" micro-fragmented="0" macro-fragmented="0">
    <mem type="soa" free="19135120" total="37111808" percent="51" />
    <mem type="loa" free="374784" total="374784" percent="100" />
  </mem>
</mem-info>
<gc-op id="3576" type="compact" timems="34.921" contextid="3570" timestamp="2019-08-08T10:56:33.001">
  <compact-info movecount="8" movebytes="528" reason="compact to aid heap contraction" />
</gc-op>
<heap-resize id="3577" type="expand" space="tenure" amount="131072" count="1" timems="0.017" reason="satisfy allocation request" timestamp="2019-08-08T10:56:33.001" />
<gc-end id="3578" type="global" contextid="3570" durationms="46.523" usertimems="136.621" systemtimems="7.951" timestamp="2019-08-08T10:56:33.001" activeThreads="16">
  <mem-info id="3579" free="19575440" total="37617664" percent="52">
    <mem type="tenure" free="19575440" total="37617664" percent="52">
      <mem type="soa" free="19199632" total="37241856" percent="51" />
      <mem type="loa" free="375808" total="375808" percent="100" />
    </mem>
  </mem-info>
</gc-end>
<cycle-end id="3580" type="global" contextid="3570" timestamp="2019-08-08T10:56:33.001" />
  <attribute name="elasticGC enabled" value="1" />
  <attribute name= "numThreadsSpecified" value="16" />
  <attribute name="heapSize specified" value="37486592" />
  <attribute name="Current GC Util" value="67" />
  <attribute name= "Current Time Running" value="141394" />
  <attribute name ="GC Interval" value="0" />
  <attribute name="Target GC Util Change" value ="80.000000" />
  <attribute name="Current GC Util Change" value="67.000000"/>
  <attribute name="Current Error" value="-446.000000" />
  <attribute name="Output H" value="37561760"/>
  <attribute name="Output I" value="1216"/>
  <attribute name="Output T" value="16"/>
  <attribute name= "Current Time Running" value="141394" />
  <attribute name="GC Util currently" value="67" />
  <attribute name="CPU Util currently" value="32986490075" />
<allocation-satisfied id="3581" threadId="0000000002035F00" bytesRequested="16" />
<af-end id="3582" timestamp="2019-08-08T10:56:33.001" threadId="0000000002036888" success="true" />
<exclusive-end id="3583" timestamp="2019-08-08T10:56:33.001" durationms="46.740" />

<exclusive-start id="3584" timestamp="2019-08-08T10:56:33.016" intervalms="61.803">
  <response-info timems="0.043" idlems="0.043" threads="0" lastid="0000000002035F00" lastname="main" />
</exclusive-start>
<af-start id="3585" threadId="0000000002036888" totalBytesRequested="32" timestamp="2019-08-08T10:56:33.016" intervalms="61.796" />
<cycle-start id="3586" type="global" contextid="0" timestamp="2019-08-08T10:56:33.016" intervalms="61.788" />
<gc-start id="3587" type="global" contextid="3586" timestamp="2019-08-08T10:56:33.016">
  <mem-info id="3588" free="375808" total="37617664" percent="0">
    <mem type="tenure" free="375808" total="37617664" percent="0">
      <mem type="soa" free="0" total="37241856" percent="0" />
      <mem type="loa" free="375808" total="375808" percent="100" />
    </mem>
  </mem-info>
</gc-start>
<allocation-stats totalBytes="19254640" >
  <allocated-bytes non-tlh="0" tlh="19254640" />
  <largest-consumer threadName="main" threadId="0000000002035F00" bytes="19254640" />
</allocation-stats>
<gc-op id="3589" type="mark" timems="20.479" contextid="3586" timestamp="2019-08-08T10:56:33.037">
  <trace-info objectcount="600543" scancount="521430" scanbytes="13383932" />
  <finalization candidates="80" enqueued="0" />
  <ownableSynchronizers candidates="21" cleared="0" />
  <references type="soft" candidates="3261" cleared="0" enqueued="0" dynamicThreshold="16" maxThreshold="32" />
  <references type="weak" candidates="5586" cleared="0" enqueued="0" />
  <references type="phantom" candidates="97" cleared="0" enqueued="0" />
  <stringconstants candidates="13595" cleared="0"  />
</gc-op>
<gc-op id="3590" type="sweep" timems="5.895" contextid="3586" timestamp="2019-08-08T10:56:33.043" />
<mem-info id="3591" free="19641256" total="37617664" percent="52">
  <mem type="tenure" free="19641256" total="37617664" percent="52" micro-fragmented="0" macro-fragmented="0">
    <mem type="soa" free="19265448" total="37241856" percent="51" />
    <mem type="loa" free="375808" total="375808" percent="100" />
  </mem>
</mem-info>
<gc-op id="3592" type="compact" timems="34.568" contextid="3586" timestamp="2019-08-08T10:56:33.077">
  <compact-info movecount="5" movebytes="240" reason="compact to aid heap contraction" />
</gc-op>
<heap-resize id="3593" type="expand" space="tenure" amount="131072" count="1" timems="0.018" reason="satisfy allocation request" timestamp="2019-08-08T10:56:33.079" />
<gc-end id="3594" type="global" contextid="3586" durationms="62.164" usertimems="145.525" systemtimems="31.980" timestamp="2019-08-08T10:56:33.079" activeThreads="16">
  <mem-info id="3595" free="19706800" total="37748736" percent="52">
    <mem type="tenure" free="19706800" total="37748736" percent="52">
      <mem type="soa" free="19329968" total="37371904" percent="51" />
      <mem type="loa" free="376832" total="376832" percent="100" />
    </mem>
  </mem-info>
</gc-end>
<cycle-end id="3596" type="global" contextid="3586" timestamp="2019-08-08T10:56:33.079" />
  <attribute name="elasticGC enabled" value="1" />
  <attribute name= "numThreadsSpecified" value="16" />
  <attribute name="heapSize specified" value="37617664" />
  <attribute name="Current GC Util" value="135" />
  <attribute name= "Current Time Running" value="141471" />
  <attribute name ="GC Interval" value="0" />
  <attribute name="Target GC Util Change" value ="80.000000" />
  <attribute name="Current GC Util Change" value="135.000000"/>
  <attribute name="Current Error" value="-439.000000" />
  <attribute name="Output H" value="37692840"/>
  <attribute name="Output I" value="1224"/>
  <attribute name="Output T" value="16"/>
  <attribute name= "Current Time Running" value="141471" />
  <attribute name="GC Util currently" value="135" />
  <attribute name="CPU Util currently" value="33342359291" />
<allocation-satisfied id="3597" threadId="0000000002035F00" bytesRequested="32" />
<af-end id="3598" timestamp="2019-08-08T10:56:33.079" threadId="0000000002036888" success="true" />
<exclusive-end id="3599" timestamp="2019-08-08T10:56:33.079" durationms="62.422" />

<exclusive-start id="3600" timestamp="2019-08-08T10:56:33.100" intervalms="83.653">
  <response-info timems="0.320" idlems="0.320" threads="0" lastid="0000000002035F00" lastname="main" />
</exclusive-start>
<af-start id="3601" threadId="0000000002036888" totalBytesRequested="264" timestamp="2019-08-08T10:56:33.100" intervalms="83.669" />
<cycle-start id="3602" type="global" contextid="0" timestamp="2019-08-08T10:56:33.100" intervalms="83.668" />
<gc-start id="3603" type="global" contextid="3602" timestamp="2019-08-08T10:56:33.100">
  <mem-info id="3604" free="376832" total="37748736" percent="0">
    <mem type="tenure" free="376832" total="37748736" percent="0">
      <mem type="soa" free="0" total="37371904" percent="0" />
      <mem type="loa" free="376832" total="376832" percent="100" />
    </mem>
  </mem-info>
</gc-start>
<allocation-stats totalBytes="19385272" >
  <allocated-bytes non-tlh="0" tlh="19385272" />
  <largest-consumer threadName="main" threadId="0000000002035F00" bytes="19385272" />
</allocation-stats>
<gc-op id="3605" type="mark" timems="16.716" contextid="3602" timestamp="2019-08-08T10:56:33.117">
  <trace-info objectcount="600544" scancount="521431" scanbytes="13383964" />
  <finalization candidates="80" enqueued="0" />
  <ownableSynchronizers candidates="21" cleared="0" />
  <references type="soft" candidates="3261" cleared="0" enqueued="0" dynamicThreshold="16" maxThreshold="32" />
  <references type="weak" candidates="5586" cleared="0" enqueued="0" />
  <references type="phantom" candidates="97" cleared="0" enqueued="0" />
  <stringconstants candidates="13595" cleared="0"  />
</gc-op>
<gc-op id="3606" type="sweep" timems="1.871" contextid="3602" timestamp="2019-08-08T10:56:33.119" />
<mem-info id="3607" free="19771968" total="37748736" percent="52">
  <mem type="tenure" free="19771968" total="37748736" percent="52" micro-fragmented="0" macro-fragmented="0">
    <mem type="soa" free="19395136" total="37371904" percent="51" />
    <mem type="loa" free="376832" total="376832" percent="100" />
  </mem>
</mem-info>
<gc-op id="3608" type="compact" timems="27.382" contextid="3602" timestamp="2019-08-08T10:56:33.146">
  <compact-info movecount="6" movebytes="384" reason="compact to aid heap contraction" />
</gc-op>
<heap-resize id="3609" type="expand" space="tenure" amount="131072" count="1" timems="0.022" reason="satisfy allocation request" timestamp="2019-08-08T10:56:33.149" />
<gc-end id="3610" type="global" contextid="3602" durationms="49.239" usertimems="106.815" systemtimems="9.884" timestamp="2019-08-08T10:56:33.149" activeThreads="16">
  <mem-info id="3611" free="19837728" total="37879808" percent="52">
    <mem type="tenure" free="19837728" total="37879808" percent="52">
      <mem type="soa" free="19459872" total="37501952" percent="51" />
      <mem type="loa" free="377856" total="377856" percent="100" />
    </mem>
  </mem-info>
</gc-end>
<cycle-end id="3612" type="global" contextid="3602" timestamp="2019-08-08T10:56:33.149" />
  <attribute name="elasticGC enabled" value="1" />
  <attribute name= "numThreadsSpecified" value="16" />
  <attribute name="heapSize specified" value="37748736" />
  <attribute name="Current GC Util" value="40" />
  <attribute name= "Current Time Running" value="141540" />
  <attribute name ="GC Interval" value="0" />
  <attribute name="Target GC Util Change" value ="80.000000" />
  <attribute name="Current GC Util Change" value="40.000000"/>
  <attribute name="Current Error" value="40.000000" />
  <attribute name="Output H" value="37824464"/>
  <attribute name="Output I" value="2080"/>
  <attribute name="Output T" value="16"/>
  <attribute name= "Current Time Running" value="141540" />
  <attribute name="GC Util currently" value="40" />
  <attribute name="CPU Util currently" value="42025387407" />
<allocation-satisfied id="3613" threadId="0000000002035F00" bytesRequested="264" />
<af-end id="3614" timestamp="2019-08-08T10:56:33.149" threadId="0000000002036888" success="true" />
<exclusive-end id="3615" timestamp="2019-08-08T10:56:33.149" durationms="49.470" />

<exclusive-start id="3616" timestamp="2019-08-08T10:56:33.166" intervalms="66.364">
  <response-info timems="0.041" idlems="0.041" threads="0" lastid="0000000002035F00" lastname="main" />
</exclusive-start>
<af-start id="3617" threadId="0000000002036888" totalBytesRequested="264" timestamp="2019-08-08T10:56:33.166" intervalms="66.349" />
<cycle-start id="3618" type="global" contextid="0" timestamp="2019-08-08T10:56:33.166" intervalms="66.376" />
<gc-start id="3619" type="global" contextid="3618" timestamp="2019-08-08T10:56:33.166">
  <mem-info id="3620" free="377856" total="37879808" percent="0">
    <mem type="tenure" free="377856" total="37879808" percent="0">
      <mem type="soa" free="0" total="37501952" percent="0" />
      <mem type="loa" free="377856" total="377856" percent="100" />
    </mem>
  </mem-info>
</gc-start>
<allocation-stats totalBytes="19514952" >
  <allocated-bytes non-tlh="0" tlh="19514952" />
  <largest-consumer threadName="main" threadId="0000000002035F00" bytes="19514952" />
</allocation-stats>
<gc-op id="3621" type="mark" timems="8.825" contextid="3618" timestamp="2019-08-08T10:56:33.175">
  <trace-info objectcount="600544" scancount="521434" scanbytes="13383964" />
  <finalization candidates="80" enqueued="0" />
  <ownableSynchronizers candidates="21" cleared="0" />
  <references type="soft" candidates="3261" cleared="0" enqueued="0" dynamicThreshold="16" maxThreshold="32" />
  <references type="weak" candidates="5586" cleared="0" enqueued="0" />
  <references type="phantom" candidates="97" cleared="0" enqueued="0" />
  <stringconstants candidates="13595" cleared="0"  />
</gc-op>
<gc-op id="3622" type="sweep" timems="2.210" contextid="3618" timestamp="2019-08-08T10:56:33.178" />
<mem-info id="3623" free="19903136" total="37879808" percent="52">
  <mem type="tenure" free="19903136" total="37879808" percent="52" micro-fragmented="0" macro-fragmented="0">
    <mem type="soa" free="19525280" total="37501952" percent="52" />
    <mem type="loa" free="377856" total="377856" percent="100" />
  </mem>
</mem-info>
<gc-op id="3624" type="compact" timems="40.886" contextid="3618" timestamp="2019-08-08T10:56:33.218">
  <compact-info movecount="6" movebytes="376" reason="compact to aid heap contraction" />
</gc-op>
<heap-resize id="3625" type="expand" space="tenure" amount="131072" count="1" timems="0.018" reason="satisfy allocation request" timestamp="2019-08-08T10:56:33.219" />
<gc-end id="3626" type="global" contextid="3618" durationms="52.659" usertimems="140.624" systemtimems="0.000" timestamp="2019-08-08T10:56:33.219" activeThreads="16">
  <mem-info id="3627" free="19968808" total="38010880" percent="52">
    <mem type="tenure" free="19968808" total="38010880" percent="52">
      <mem type="soa" free="19588904" total="37630976" percent="52" />
      <mem type="loa" free="379904" total="379904" percent="100" />
    </mem>
  </mem-info>
</gc-end>
<cycle-end id="3628" type="global" contextid="3618" timestamp="2019-08-08T10:56:33.219" />
  <attribute name="elasticGC enabled" value="1" />
  <attribute name= "numThreadsSpecified" value="16" />
  <attribute name="heapSize specified" value="37879808" />
  <attribute name="Current GC Util" value="31" />
  <attribute name= "Current Time Running" value="141612" />
  <attribute name ="GC Interval" value="0" />
  <attribute name="Target GC Util Change" value ="80.000000" />
  <attribute name="Current GC Util Change" value="31.000000"/>
  <attribute name="Current Error" value="-428.000000" />
  <attribute name="Output H" value="37955000"/>
  <attribute name="Output I" value="1248"/>
  <attribute name="Output T" value="16"/>
  <attribute name= "Current Time Running" value="141612" />
  <attribute name="GC Util currently" value="31" />
  <attribute name="CPU Util currently" value="28178359139" />
<allocation-satisfied id="3629" threadId="0000000002035F00" bytesRequested="264" />
<af-end id="3630" timestamp="2019-08-08T10:56:33.219" threadId="0000000002036888" success="true" />
<exclusive-end id="3631" timestamp="2019-08-08T10:56:33.219" durationms="52.894" />

<exclusive-start id="3632" timestamp="2019-08-08T10:56:33.235" intervalms="68.472">
  <response-info timems="0.017" idlems="0.017" threads="0" lastid="0000000002035F00" lastname="main" />
</exclusive-start>
<af-start id="3633" threadId="0000000002036888" totalBytesRequested="120" timestamp="2019-08-08T10:56:33.235" intervalms="68.457" />
<cycle-start id="3634" type="global" contextid="0" timestamp="2019-08-08T10:56:33.235" intervalms="68.432" />
<gc-start id="3635" type="global" contextid="3634" timestamp="2019-08-08T10:56:33.235">
  <mem-info id="3636" free="379904" total="38010880" percent="0">
    <mem type="tenure" free="379904" total="38010880" percent="0">
      <mem type="soa" free="0" total="37630976" percent="0" />
      <mem type="loa" free="379904" total="379904" percent="100" />
    </mem>
  </mem-info>
</gc-start>
<allocation-stats totalBytes="19644256" >
  <allocated-bytes non-tlh="0" tlh="19644256" />
  <largest-consumer threadName="main" threadId="0000000002035F00" bytes="19644256" />
</allocation-stats>
<gc-op id="3637" type="mark" timems="13.522" contextid="3634" timestamp="2019-08-08T10:56:33.248">
  <trace-info objectcount="600544" scancount="521435" scanbytes="13383964" />
  <finalization candidates="80" enqueued="0" />
  <ownableSynchronizers candidates="21" cleared="0" />
  <references type="soft" candidates="3261" cleared="0" enqueued="0" dynamicThreshold="16" maxThreshold="32" />
  <references type="weak" candidates="5586" cleared="0" enqueued="0" />
  <references type="phantom" candidates="97" cleared="0" enqueued="0" />
  <stringconstants candidates="13595" cleared="0"  />
</gc-op>
<gc-op id="3638" type="sweep" timems="4.591" contextid="3634" timestamp="2019-08-08T10:56:33.253" />
<mem-info id="3639" free="20034488" total="38010880" percent="52">
  <mem type="tenure" free="20034488" total="38010880" percent="52" micro-fragmented="0" macro-fragmented="0">
    <mem type="soa" free="19654584" total="37630976" percent="52" />
    <mem type="loa" free="379904" total="379904" percent="100" />
  </mem>
</mem-info>
<gc-op id="3640" type="compact" timems="27.335" contextid="3634" timestamp="2019-08-08T10:56:33.280">
  <compact-info movecount="6" movebytes="232" reason="compact to aid heap contraction" />
</gc-op>
<heap-resize id="3641" type="expand" space="tenure" amount="131072" count="1" timems="0.019" reason="satisfy allocation request" timestamp="2019-08-08T10:56:33.281" />
<gc-end id="3642" type="global" contextid="3634" durationms="46.251" usertimems="90.881" systemtimems="0.599" timestamp="2019-08-08T10:56:33.281" activeThreads="16">
  <mem-info id="3643" free="20100024" total="38141952" percent="52">
    <mem type="tenure" free="20100024" total="38141952" percent="52">
      <mem type="soa" free="19719096" total="37761024" percent="52" />
      <mem type="loa" free="380928" total="380928" percent="100" />
    </mem>
  </mem-info>
</gc-end>
<cycle-end id="3644" type="global" contextid="3634" timestamp="2019-08-08T10:56:33.281" />
  <attribute name="elasticGC enabled" value="1" />
  <attribute name= "numThreadsSpecified" value="16" />
  <attribute name="heapSize specified" value="38010880" />
  <attribute name="Current GC Util" value="47" />
  <attribute name= "Current Time Running" value="141674" />
  <attribute name ="GC Interval" value="0" />
  <attribute name="Target GC Util Change" value ="80.000000" />
  <attribute name="Current GC Util Change" value="47.000000"/>
  <attribute name="Current Error" value="-201.000000" />
  <attribute name="Output H" value="38086328"/>
  <attribute name="Output I" value="1656"/>
  <attribute name="Output T" value="16"/>
  <attribute name= "Current Time Running" value="141674" />
  <attribute name="GC Util currently" value="47" />
  <attribute name="CPU Util currently" value="42134328098" />
<allocation-satisfied id="3645" threadId="0000000002035F00" bytesRequested="120" />
<af-end id="3646" timestamp="2019-08-08T10:56:33.281" threadId="0000000002036888" success="true" />
<exclusive-end id="3647" timestamp="2019-08-08T10:56:33.281" durationms="46.438" />

<exclusive-start id="3648" timestamp="2019-08-08T10:56:33.318" intervalms="82.858">
  <response-info timems="0.216" idlems="0.216" threads="0" lastid="0000000002035F00" lastname="main" />
</exclusive-start>
<af-start id="3649" threadId="0000000002036888" totalBytesRequested="16" timestamp="2019-08-08T10:56:33.318" intervalms="82.862" />
<cycle-start id="3650" type="global" contextid="0" timestamp="2019-08-08T10:56:33.318" intervalms="82.862" />
<gc-start id="3651" type="global" contextid="3650" timestamp="2019-08-08T10:56:33.318">
  <mem-info id="3652" free="380928" total="38141952" percent="0">
    <mem type="tenure" free="380928" total="38141952" percent="0">
      <mem type="soa" free="0" total="37761024" percent="0" />
      <mem type="loa" free="380928" total="380928" percent="100" />
    </mem>
  </mem-info>
</gc-start>
<allocation-stats totalBytes="19769720" >
  <allocated-bytes non-tlh="0" tlh="19769720" />
  <largest-consumer threadName="main" threadId="0000000002035F00" bytes="19769720" />
</allocation-stats>
<gc-op id="3653" type="mark" timems="13.078" contextid="3650" timestamp="2019-08-08T10:56:33.331">
  <trace-info objectcount="600553" scancount="521437" scanbytes="13384148" />
  <finalization candidates="80" enqueued="0" />
  <ownableSynchronizers candidates="21" cleared="0" />
  <references type="soft" candidates="3261" cleared="0" enqueued="0" dynamicThreshold="16" maxThreshold="32" />
  <references type="weak" candidates="5586" cleared="0" enqueued="0" />
  <references type="phantom" candidates="97" cleared="0" enqueued="0" />
  <stringconstants candidates="13595" cleared="0"  />
</gc-op>
<gc-op id="3654" type="sweep" timems="2.832" contextid="3650" timestamp="2019-08-08T10:56:33.334" />
<mem-info id="3655" free="20164112" total="38141952" percent="52">
  <mem type="tenure" free="20164112" total="38141952" percent="52" micro-fragmented="0" macro-fragmented="0">
    <mem type="soa" free="19783184" total="37761024" percent="52" />
    <mem type="loa" free="380928" total="380928" percent="100" />
  </mem>
</mem-info>
<gc-op id="3656" type="compact" timems="27.515" contextid="3650" timestamp="2019-08-08T10:56:33.361">
  <compact-info movecount="27" movebytes="1712" reason="compact to aid heap contraction" />
</gc-op>
<heap-resize id="3657" type="expand" space="tenure" amount="131072" count="1" timems="0.025" reason="satisfy allocation request" timestamp="2019-08-08T10:56:33.364" />
<gc-end id="3658" type="global" contextid="3650" durationms="46.033" usertimems="148.135" systemtimems="0.000" timestamp="2019-08-08T10:56:33.364" activeThreads="16">
  <mem-info id="3659" free="20230544" total="38273024" percent="52">
    <mem type="tenure" free="20230544" total="38273024" percent="52">
      <mem type="soa" free="19848592" total="37891072" percent="52" />
      <mem type="loa" free="381952" total="381952" percent="100" />
    </mem>
  </mem-info>
</gc-end>
<cycle-end id="3660" type="global" contextid="3650" timestamp="2019-08-08T10:56:33.364" />
  <attribute name="elasticGC enabled" value="1" />
  <attribute name= "numThreadsSpecified" value="16" />
  <attribute name="heapSize specified" value="38141952" />
  <attribute name="Current GC Util" value="40" />
  <attribute name= "Current Time Running" value="141755" />
  <attribute name ="GC Interval" value="0" />
  <attribute name="Target GC Util Change" value ="80.000000" />
  <attribute name="Current GC Util Change" value="40.000000"/>
  <attribute name="Current Error" value="40.000000" />
  <attribute name="Output H" value="38217680"/>
  <attribute name="Output I" value="2080"/>
  <attribute name="Output T" value="16"/>
  <attribute name= "Current Time Running" value="141755" />
  <attribute name="GC Util currently" value="40" />
  <attribute name="CPU Util currently" value="41873574241" />
<allocation-satisfied id="3661" threadId="0000000002035F00" bytesRequested="16" />
<af-end id="3662" timestamp="2019-08-08T10:56:33.364" threadId="0000000002036888" success="true" />
<exclusive-end id="3663" timestamp="2019-08-08T10:56:33.364" durationms="46.382" />

<exclusive-start id="3664" timestamp="2019-08-08T10:56:33.381" intervalms="63.860">
  <response-info timems="0.042" idlems="0.042" threads="0" lastid="0000000002035F00" lastname="main" />
</exclusive-start>
<af-start id="3665" threadId="0000000002036888" totalBytesRequested="312" timestamp="2019-08-08T10:56:33.382" intervalms="63.870" />
<cycle-start id="3666" type="global" contextid="0" timestamp="2019-08-08T10:56:33.382" intervalms="63.869" />
<gc-start id="3667" type="global" contextid="3666" timestamp="2019-08-08T10:56:33.382">
  <mem-info id="3668" free="381952" total="38273024" percent="0">
    <mem type="tenure" free="381952" total="38273024" percent="0">
      <mem type="soa" free="0" total="37891072" percent="0" />
      <mem type="loa" free="381952" total="381952" percent="100" />
    </mem>
  </mem-info>
</gc-start>
<allocation-stats totalBytes="19896608" >
  <allocated-bytes non-tlh="0" tlh="19896608" />
  <largest-consumer threadName="main" threadId="0000000002035F00" bytes="19896608" />
</allocation-stats>
<gc-op id="3669" type="mark" timems="10.011" contextid="3666" timestamp="2019-08-08T10:56:33.392">
  <trace-info objectcount="600551" scancount="521436" scanbytes="13384132" />
  <finalization candidates="80" enqueued="0" />
  <ownableSynchronizers candidates="21" cleared="0" />
  <references type="soft" candidates="3261" cleared="0" enqueued="0" dynamicThreshold="16" maxThreshold="32" />
  <references type="weak" candidates="5586" cleared="0" enqueued="0" />
  <references type="phantom" candidates="97" cleared="0" enqueued="0" />
  <stringconstants candidates="13595" cleared="0"  />
</gc-op>
<gc-op id="3670" type="sweep" timems="2.053" contextid="3666" timestamp="2019-08-08T10:56:33.394" />
<mem-info id="3671" free="20295968" total="38273024" percent="53">
  <mem type="tenure" free="20295968" total="38273024" percent="53" micro-fragmented="0" macro-fragmented="0">
    <mem type="soa" free="19914016" total="37891072" percent="52" />
    <mem type="loa" free="381952" total="381952" percent="100" />
  </mem>
</mem-info>
<gc-op id="3672" type="compact" timems="53.093" contextid="3666" timestamp="2019-08-08T10:56:33.447">
  <compact-info movecount="6" movebytes="440" reason="compact to aid heap contraction" />
</gc-op>
<heap-resize id="3673" type="expand" space="tenure" amount="131072" count="1" timems="0.021" reason="satisfy allocation request" timestamp="2019-08-08T10:56:33.449" />
<gc-end id="3674" type="global" contextid="3666" durationms="67.988" usertimems="152.130" systemtimems="32.591" timestamp="2019-08-08T10:56:33.450" activeThreads="16">
  <mem-info id="3675" free="20361800" total="38404096" percent="53">
    <mem type="tenure" free="20361800" total="38404096" percent="53">
      <mem type="soa" free="19977800" total="38020096" percent="52" />
      <mem type="loa" free="384000" total="384000" percent="100" />
    </mem>
  </mem-info>
</gc-end>
<cycle-end id="3676" type="global" contextid="3666" timestamp="2019-08-08T10:56:33.450" />
  <attribute name="elasticGC enabled" value="1" />
  <attribute name= "numThreadsSpecified" value="16" />
  <attribute name="heapSize specified" value="38273024" />
  <attribute name="Current GC Util" value="29" />
  <attribute name= "Current Time Running" value="141841" />
  <attribute name ="GC Interval" value="0" />
  <attribute name="Target GC Util Change" value ="80.000000" />
  <attribute name="Current GC Util Change" value="29.000000"/>
  <attribute name="Current Error" value="-491.000000" />
  <attribute name="Output H" value="38348144"/>
  <attribute name="Output I" value="1136"/>
  <attribute name="Output T" value="16"/>
  <attribute name= "Current Time Running" value="141841" />
  <attribute name="GC Util currently" value="29" />
  <attribute name="CPU Util currently" value="21602294841" />
<allocation-satisfied id="3677" threadId="0000000002035F00" bytesRequested="312" />
<af-end id="3678" timestamp="2019-08-08T10:56:33.450" threadId="0000000002036888" success="true" />
<exclusive-end id="3679" timestamp="2019-08-08T10:56:33.450" durationms="68.527" />

<exclusive-start id="3680" timestamp="2019-08-08T10:56:33.471" intervalms="89.613">
  <response-info timems="0.045" idlems="0.045" threads="0" lastid="0000000002035F00" lastname="main" />
</exclusive-start>
<af-start id="3681" threadId="0000000002036888" totalBytesRequested="168" timestamp="2019-08-08T10:56:33.471" intervalms="89.663" />
<cycle-start id="3682" type="global" contextid="0" timestamp="2019-08-08T10:56:33.471" intervalms="89.710" />
<gc-start id="3683" type="global" contextid="3682" timestamp="2019-08-08T10:56:33.471">
  <mem-info id="3684" free="384000" total="38404096" percent="0">
    <mem type="tenure" free="384000" total="38404096" percent="0">
      <mem type="soa" free="0" total="38020096" percent="0" />
      <mem type="loa" free="384000" total="384000" percent="100" />
    </mem>
  </mem-info>
</gc-start>
<allocation-stats totalBytes="20025096" >
  <allocated-bytes non-tlh="0" tlh="20025096" />
  <largest-consumer threadName="main" threadId="0000000002035F00" bytes="20025096" />
</allocation-stats>
<gc-op id="3685" type="mark" timems="10.116" contextid="3682" timestamp="2019-08-08T10:56:33.482">
  <trace-info objectcount="600551" scancount="521441" scanbytes="13384132" />
  <finalization candidates="80" enqueued="0" />
  <ownableSynchronizers candidates="21" cleared="0" />
  <references type="soft" candidates="3261" cleared="0" enqueued="0" dynamicThreshold="16" maxThreshold="32" />
  <references type="weak" candidates="5586" cleared="0" enqueued="0" />
  <references type="phantom" candidates="97" cleared="0" enqueued="0" />
  <stringconstants candidates="13595" cleared="0"  />
</gc-op>
<gc-op id="3686" type="sweep" timems="1.847" contextid="3682" timestamp="2019-08-08T10:56:33.484" />
<mem-info id="3687" free="20427424" total="38404096" percent="53">
  <mem type="tenure" free="20427424" total="38404096" percent="53" micro-fragmented="0" macro-fragmented="0">
    <mem type="soa" free="20043424" total="38020096" percent="52" />
    <mem type="loa" free="384000" total="384000" percent="100" />
  </mem>
</mem-info>
<gc-op id="3688" type="compact" timems="30.375" contextid="3682" timestamp="2019-08-08T10:56:33.514">
  <compact-info movecount="6" movebytes="296" reason="compact to aid heap contraction" />
</gc-op>
<heap-resize id="3689" type="expand" space="tenure" amount="131072" count="1" timems="0.036" reason="satisfy allocation request" timestamp="2019-08-08T10:56:33.517" />
<gc-end id="3690" type="global" contextid="3682" durationms="45.241" usertimems="82.646" systemtimems="23.567" timestamp="2019-08-08T10:56:33.517" activeThreads="16">
  <mem-info id="3691" free="20493016" total="38535168" percent="53">
    <mem type="tenure" free="20493016" total="38535168" percent="53">
      <mem type="soa" free="20107992" total="38150144" percent="52" />
      <mem type="loa" free="385024" total="385024" percent="100" />
    </mem>
  </mem-info>
</gc-end>
<cycle-end id="3692" type="global" contextid="3682" timestamp="2019-08-08T10:56:33.517" />
  <attribute name="elasticGC enabled" value="1" />
  <attribute name= "numThreadsSpecified" value="16" />
  <attribute name="heapSize specified" value="38404096" />
  <attribute name="Current GC Util" value="39" />
  <attribute name= "Current Time Running" value="141907" />
  <attribute name ="GC Interval" value="0" />
  <attribute name="Target GC Util Change" value ="80.000000" />
  <attribute name="Current GC Util Change" value="39.000000"/>
  <attribute name="Current Error" value="-473.000000" />
  <attribute name="Output H" value="38479232"/>
  <attribute name="Output I" value="1168"/>
  <attribute name="Output T" value="16"/>
  <attribute name= "Current Time Running" value="141907" />
  <attribute name="GC Util currently" value="39" />
  <attribute name="CPU Util currently" value="37800421638" />
<allocation-satisfied id="3693" threadId="0000000002035F00" bytesRequested="168" />
<af-end id="3694" timestamp="2019-08-08T10:56:33.517" threadId="0000000002036888" success="true" />
<exclusive-end id="3695" timestamp="2019-08-08T10:56:33.517" durationms="45.804" />

<exclusive-start id="3696" timestamp="2019-08-08T10:56:33.538" intervalms="66.700">
  <response-info timems="0.047" idlems="0.047" threads="0" lastid="0000000002035F00" lastname="main" />
</exclusive-start>
<af-start id="3697" threadId="0000000002036888" totalBytesRequested="288" timestamp="2019-08-08T10:56:33.538" intervalms="66.697" />
<cycle-start id="3698" type="global" contextid="0" timestamp="2019-08-08T10:56:33.538" intervalms="66.682" />
<gc-start id="3699" type="global" contextid="3698" timestamp="2019-08-08T10:56:33.538">
  <mem-info id="3700" free="385024" total="38535168" percent="0">
    <mem type="tenure" free="385024" total="38535168" percent="0">
      <mem type="soa" free="0" total="38150144" percent="0" />
      <mem type="loa" free="385024" total="385024" percent="100" />
    </mem>
  </mem-info>
</gc-start>
<allocation-stats totalBytes="20155080" >
  <allocated-bytes non-tlh="0" tlh="20155080" />
  <largest-consumer threadName="main" threadId="0000000002035F00" bytes="20155080" />
</allocation-stats>
<gc-op id="3701" type="mark" timems="8.458" contextid="3698" timestamp="2019-08-08T10:56:33.547">
  <trace-info objectcount="600551" scancount="521440" scanbytes="13384132" />
  <finalization candidates="80" enqueued="0" />
  <ownableSynchronizers candidates="21" cleared="0" />
  <references type="soft" candidates="3261" cleared="0" enqueued="0" dynamicThreshold="17" maxThreshold="32" />
  <references type="weak" candidates="5586" cleared="0" enqueued="0" />
  <references type="phantom" candidates="97" cleared="0" enqueued="0" />
  <stringconstants candidates="13595" cleared="0"  />
</gc-op>
<gc-op id="3702" type="sweep" timems="1.803" contextid="3698" timestamp="2019-08-08T10:56:33.548" />
<mem-info id="3703" free="20558208" total="38535168" percent="53">
  <mem type="tenure" free="20558208" total="38535168" percent="53" micro-fragmented="0" macro-fragmented="0">
    <mem type="soa" free="20173184" total="38150144" percent="52" />
    <mem type="loa" free="385024" total="385024" percent="100" />
  </mem>
</mem-info>
<gc-op id="3704" type="compact" timems="24.056" contextid="3698" timestamp="2019-08-08T10:56:33.573">
  <compact-info movecount="6" movebytes="424" reason="compact to aid heap contraction" />
</gc-op>
<heap-resize id="3705" type="expand" space="tenure" amount="131072" count="1" timems="0.016" reason="satisfy allocation request" timestamp="2019-08-08T10:56:33.573" />
<gc-end id="3706" type="global" contextid="3698" durationms="35.407" usertimems="77.136" systemtimems="9.570" timestamp="2019-08-08T10:56:33.573" activeThreads="16">
  <mem-info id="3707" free="20623960" total="38666240" percent="53">
    <mem type="tenure" free="20623960" total="38666240" percent="53">
      <mem type="soa" free="20237912" total="38280192" percent="52" />
      <mem type="loa" free="386048" total="386048" percent="100" />
    </mem>
  </mem-info>
</gc-end>
<cycle-end id="3708" type="global" contextid="3698" timestamp="2019-08-08T10:56:33.573" />
  <attribute name="elasticGC enabled" value="1" />
  <attribute name= "numThreadsSpecified" value="16" />
  <attribute name="heapSize specified" value="38535168" />
  <attribute name="Current GC Util" value="43" />
  <attribute name= "Current Time Running" value="141966" />
  <attribute name ="GC Interval" value="0" />
  <attribute name="Target GC Util Change" value ="80.000000" />
  <attribute name="Current GC Util Change" value="43.000000"/>
  <attribute name="Current Error" value="37.000000" />
  <attribute name="Output H" value="38610896"/>
  <attribute name="Output I" value="2080"/>
  <attribute name="Output T" value="16"/>
  <attribute name= "Current Time Running" value="141966" />
  <attribute name="GC Util currently" value="43" />
  <attribute name="CPU Util currently" value="47767793597" />
<allocation-satisfied id="3709" threadId="0000000002035F00" bytesRequested="288" />
<af-end id="3710" timestamp="2019-08-08T10:56:33.574" threadId="0000000002036888" success="true" />
<exclusive-end id="3711" timestamp="2019-08-08T10:56:33.574" durationms="35.764" />

<exclusive-start id="3712" timestamp="2019-08-08T10:56:33.621" intervalms="83.154">
  <response-info timems="0.046" idlems="0.046" threads="0" lastid="0000000002035F00" lastname="main" />
</exclusive-start>
<af-start id="3713" threadId="0000000002036888" totalBytesRequested="24" timestamp="2019-08-08T10:56:33.621" intervalms="83.150" />
<cycle-start id="3714" type="global" contextid="0" timestamp="2019-08-08T10:56:33.621" intervalms="83.138" />
<gc-start id="3715" type="global" contextid="3714" timestamp="2019-08-08T10:56:33.621">
  <mem-info id="3716" free="386048" total="38666240" percent="0">
    <mem type="tenure" free="386048" total="38666240" percent="0">
      <mem type="soa" free="0" total="38280192" percent="0" />
      <mem type="loa" free="386048" total="386048" percent="100" />
    </mem>
  </mem-info>
</gc-start>
<allocation-stats totalBytes="20289576" >
  <allocated-bytes non-tlh="0" tlh="20289576" />
  <largest-consumer threadName="main" threadId="0000000002035F00" bytes="20289576" />
</allocation-stats>
<gc-op id="3717" type="mark" timems="14.240" contextid="3714" timestamp="2019-08-08T10:56:33.636">
  <trace-info objectcount="600574" scancount="521464" scanbytes="13385276" />
  <finalization candidates="80" enqueued="0" />
  <ownableSynchronizers candidates="21" cleared="0" />
  <references type="soft" candidates="3261" cleared="0" enqueued="0" dynamicThreshold="17" maxThreshold="32" />
  <references type="weak" candidates="5586" cleared="0" enqueued="0" />
  <references type="phantom" candidates="97" cleared="0" enqueued="0" />
  <stringconstants candidates="13595" cleared="0"  />
</gc-op>
<gc-op id="3718" type="sweep" timems="2.811" contextid="3714" timestamp="2019-08-08T10:56:33.638" />
<mem-info id="3719" free="20688072" total="38666240" percent="53">
  <mem type="tenure" free="20688072" total="38666240" percent="53" micro-fragmented="0" macro-fragmented="0">
    <mem type="soa" free="20302024" total="38280192" percent="53" />
    <mem type="loa" free="386048" total="386048" percent="100" />
  </mem>
</mem-info>
<gc-op id="3720" type="compact" timems="26.498" contextid="3714" timestamp="2019-08-08T10:56:33.665">
  <compact-info movecount="40" movebytes="1696" reason="compact to aid heap contraction" />
</gc-op>
<heap-resize id="3721" type="expand" space="tenure" amount="131072" count="1" timems="0.017" reason="satisfy allocation request" timestamp="2019-08-08T10:56:33.666" />
<gc-end id="3722" type="global" contextid="3714" durationms="44.778" usertimems="98.078" systemtimems="27.723" timestamp="2019-08-08T10:56:33.666" activeThreads="16">
  <mem-info id="3723" free="20754168" total="38797312" percent="53">
    <mem type="tenure" free="20754168" total="38797312" percent="53">
      <mem type="soa" free="20367096" total="38410240" percent="53" />
      <mem type="loa" free="387072" total="387072" percent="100" />
    </mem>
  </mem-info>
</gc-end>
<cycle-end id="3724" type="global" contextid="3714" timestamp="2019-08-08T10:56:33.666" />
  <attribute name="elasticGC enabled" value="1" />
  <attribute name= "numThreadsSpecified" value="16" />
  <attribute name="heapSize specified" value="38666240" />
  <attribute name="Current GC Util" value="42" />
  <attribute name= "Current Time Running" value="142059" />
  <attribute name ="GC Interval" value="0" />
  <attribute name="Target GC Util Change" value ="80.000000" />
  <attribute name="Current GC Util Change" value="42.000000"/>
  <attribute name="Current Error" value="-317.000000" />
  <attribute name="Output H" value="38741560"/>
  <attribute name="Output I" value="1448"/>
  <attribute name="Output T" value="16"/>
  <attribute name= "Current Time Running" value="142059" />
  <attribute name="GC Util currently" value="42" />
  <attribute name="CPU Util currently" value="43338595736" />
<allocation-satisfied id="3725" threadId="0000000002035F00" bytesRequested="24" />
<af-end id="3726" timestamp="2019-08-08T10:56:33.666" threadId="0000000002036888" success="true" />
<exclusive-end id="3727" timestamp="2019-08-08T10:56:33.666" durationms="45.223" />

<exclusive-start id="3728" timestamp="2019-08-08T10:56:33.753" intervalms="132.094">
  <response-info timems="0.111" idlems="0.111" threads="0" lastid="0000000002035F00" lastname="main" />
</exclusive-start>
<af-start id="3729" threadId="0000000002036888" totalBytesRequested="64" timestamp="2019-08-08T10:56:33.753" intervalms="132.111" />
<cycle-start id="3730" type="global" contextid="0" timestamp="2019-08-08T10:56:33.753" intervalms="132.113" />
<gc-start id="3731" type="global" contextid="3730" timestamp="2019-08-08T10:56:33.753">
  <mem-info id="3732" free="387072" total="38797312" percent="0">
    <mem type="tenure" free="387072" total="38797312" percent="0">
      <mem type="soa" free="0" total="38410240" percent="0" />
      <mem type="loa" free="387072" total="387072" percent="100" />
    </mem>
  </mem-info>
</gc-start>
<allocation-stats totalBytes="20428144" >
  <allocated-bytes non-tlh="0" tlh="20428144" />
  <largest-consumer threadName="main" threadId="0000000002035F00" bytes="20428144" />
</allocation-stats>
<gc-op id="3733" type="mark" timems="11.001" contextid="3730" timestamp="2019-08-08T10:56:33.764">
  <trace-info objectcount="600572" scancount="521460" scanbytes="13385068" />
  <finalization candidates="80" enqueued="0" />
  <ownableSynchronizers candidates="21" cleared="0" />
  <references type="soft" candidates="3261" cleared="0" enqueued="0" dynamicThreshold="17" maxThreshold="32" />
  <references type="weak" candidates="5586" cleared="0" enqueued="0" />
  <references type="phantom" candidates="97" cleared="0" enqueued="0" />
  <stringconstants candidates="13595" cleared="0"  />
</gc-op>
<gc-op id="3734" type="sweep" timems="3.685" contextid="3730" timestamp="2019-08-08T10:56:33.768" />
<mem-info id="3735" free="20819880" total="38797312" percent="53">
  <mem type="tenure" free="20819880" total="38797312" percent="53" micro-fragmented="0" macro-fragmented="0">
    <mem type="soa" free="20432808" total="38410240" percent="53" />
    <mem type="loa" free="387072" total="387072" percent="100" />
  </mem>
</mem-info>
<gc-op id="3736" type="compact" timems="32.164" contextid="3730" timestamp="2019-08-08T10:56:33.800">
  <compact-info movecount="20" movebytes="904" reason="compact to aid heap contraction" />
</gc-op>
<heap-resize id="3737" type="expand" space="tenure" amount="131072" count="1" timems="0.021" reason="satisfy allocation request" timestamp="2019-08-08T10:56:33.801" />
<gc-end id="3738" type="global" contextid="3730" durationms="47.856" usertimems="105.400" systemtimems="0.000" timestamp="2019-08-08T10:56:33.801" activeThreads="16">
  <mem-info id="3739" free="20885448" total="38928384" percent="53">
    <mem type="tenure" free="20885448" total="38928384" percent="53">
      <mem type="soa" free="20496328" total="38539264" percent="53" />
      <mem type="loa" free="389120" total="389120" percent="100" />
    </mem>
  </mem-info>
</gc-end>
<cycle-end id="3740" type="global" contextid="3730" timestamp="2019-08-08T10:56:33.801" />
  <attribute name="elasticGC enabled" value="1" />
  <attribute name= "numThreadsSpecified" value="16" />
  <attribute name="heapSize specified" value="38797312" />
  <attribute name="Current GC Util" value="33" />
  <attribute name= "Current Time Running" value="142194" />
  <attribute name ="GC Interval" value="0" />
  <attribute name="Target GC Util Change" value ="80.000000" />
  <attribute name="Current GC Util Change" value="33.000000"/>
  <attribute name="Current Error" value="-405.000000" />
  <attribute name="Output H" value="38872528"/>
  <attribute name="Output I" value="1288"/>
  <attribute name="Output T" value="16"/>
  <attribute name= "Current Time Running" value="142194" />
  <attribute name="GC Util currently" value="33" />
  <attribute name="CPU Util currently" value="35737860727" />
<allocation-satisfied id="3741" threadId="0000000002035F00" bytesRequested="64" />
<af-end id="3742" timestamp="2019-08-08T10:56:33.801" threadId="0000000002036888" success="true" />
<exclusive-end id="3743" timestamp="2019-08-08T10:56:33.801" durationms="48.261" />

<exclusive-start id="3744" timestamp="2019-08-08T10:56:33.870" intervalms="116.485">
  <response-info timems="0.123" idlems="0.123" threads="0" lastid="0000000002035F00" lastname="main" />
</exclusive-start>
<af-start id="3745" threadId="0000000002036888" totalBytesRequested="32" timestamp="2019-08-08T10:56:33.870" intervalms="116.460" />
<cycle-start id="3746" type="global" contextid="0" timestamp="2019-08-08T10:56:33.870" intervalms="116.445" />
<gc-start id="3747" type="global" contextid="3746" timestamp="2019-08-08T10:56:33.870">
  <mem-info id="3748" free="389120" total="38928384" percent="0">
    <mem type="tenure" free="389120" total="38928384" percent="0">
      <mem type="soa" free="0" total="38539264" percent="0" />
      <mem type="loa" free="389120" total="389120" percent="100" />
    </mem>
  </mem-info>
</gc-start>
<allocation-stats totalBytes="20556936" >
  <allocated-bytes non-tlh="0" tlh="20556936" />
  <largest-consumer threadName="main" threadId="0000000002035F00" bytes="20556936" />
</allocation-stats>
<gc-op id="3749" type="mark" timems="16.336" contextid="3746" timestamp="2019-08-08T10:56:33.886">
  <trace-info objectcount="600571" scancount="521456" scanbytes="13385044" />
  <finalization candidates="80" enqueued="0" />
  <ownableSynchronizers candidates="21" cleared="0" />
  <references type="soft" candidates="3261" cleared="0" enqueued="0" dynamicThreshold="17" maxThreshold="32" />
  <references type="weak" candidates="5586" cleared="0" enqueued="0" />
  <references type="phantom" candidates="97" cleared="0" enqueued="0" />
  <stringconstants candidates="13595" cleared="0"  />
</gc-op>
<gc-op id="3750" type="sweep" timems="2.529" contextid="3746" timestamp="2019-08-08T10:56:33.889" />
<mem-info id="3751" free="20950920" total="38928384" percent="53">
  <mem type="tenure" free="20950920" total="38928384" percent="53" micro-fragmented="0" macro-fragmented="0">
    <mem type="soa" free="20561800" total="38539264" percent="53" />
    <mem type="loa" free="389120" total="389120" percent="100" />
  </mem>
</mem-info>
<gc-op id="3752" type="compact" timems="25.358" contextid="3746" timestamp="2019-08-08T10:56:33.914">
  <compact-info movecount="19" movebytes="880" reason="compact to aid heap contraction" />
</gc-op>
<heap-resize id="3753" type="expand" space="tenure" amount="131072" count="1" timems="0.016" reason="satisfy allocation request" timestamp="2019-08-08T10:56:33.915" />
<gc-end id="3754" type="global" contextid="3746" durationms="45.348" usertimems="140.202" systemtimems="0.000" timestamp="2019-08-08T10:56:33.915" activeThreads="16">
  <mem-info id="3755" free="21016544" total="39059456" percent="53">
    <mem type="tenure" free="21016544" total="39059456" percent="53">
      <mem type="soa" free="20626400" total="38669312" percent="53" />
      <mem type="loa" free="390144" total="390144" percent="100" />
    </mem>
  </mem-info>
</gc-end>
<cycle-end id="3756" type="global" contextid="3746" timestamp="2019-08-08T10:56:33.915" />
  <attribute name="elasticGC enabled" value="1" />
  <attribute name= "numThreadsSpecified" value="16" />
  <attribute name="heapSize specified" value="38928384" />
  <attribute name="Current GC Util" value="124" />
  <attribute name= "Current Time Running" value="142308" />
  <attribute name ="GC Interval" value="0" />
  <attribute name="Target GC Util Change" value ="80.000000" />
  <attribute name="Current GC Util Change" value="124.000000"/>
  <attribute name="Current Error" value="-44.000000" />
  <attribute name="Output H" value="39004016"/>
  <attribute name="Output I" value="1936"/>
  <attribute name="Output T" value="16"/>
  <attribute name= "Current Time Running" value="142308" />
  <attribute name="GC Util currently" value="124" />
  <attribute name="CPU Util currently" value="45287194898" />
<allocation-satisfied id="3757" threadId="0000000002035F00" bytesRequested="32" />
<af-end id="3758" timestamp="2019-08-08T10:56:33.915" threadId="0000000002036888" success="true" />
<exclusive-end id="3759" timestamp="2019-08-08T10:56:33.915" durationms="45.775" />

<exclusive-start id="3760" timestamp="2019-08-08T10:56:33.978" intervalms="108.712">
  <response-info timems="0.068" idlems="0.068" threads="0" lastid="0000000002035F00" lastname="main" />
</exclusive-start>
<af-start id="3761" threadId="0000000002036888" totalBytesRequested="136" timestamp="2019-08-08T10:56:33.978" intervalms="108.787" />
<cycle-start id="3762" type="global" contextid="0" timestamp="2019-08-08T10:56:33.978" intervalms="108.829" />
<gc-start id="3763" type="global" contextid="3762" timestamp="2019-08-08T10:56:33.979">
  <mem-info id="3764" free="390144" total="39059456" percent="0">
    <mem type="tenure" free="390144" total="39059456" percent="0">
      <mem type="soa" free="0" total="38669312" percent="0" />
      <mem type="loa" free="390144" total="390144" percent="100" />
    </mem>
  </mem-info>
</gc-start>
<allocation-stats totalBytes="20687248" >
  <allocated-bytes non-tlh="0" tlh="20687248" />
  <largest-consumer threadName="main" threadId="0000000002035F00" bytes="20687248" />
</allocation-stats>
<gc-op id="3765" type="mark" timems="15.321" contextid="3762" timestamp="2019-08-08T10:56:33.994">
  <trace-info objectcount="600570" scancount="521453" scanbytes="13384956" />
  <finalization candidates="80" enqueued="0" />
  <ownableSynchronizers candidates="21" cleared="0" />
  <references type="soft" candidates="3261" cleared="0" enqueued="0" dynamicThreshold="17" maxThreshold="32" />
  <references type="weak" candidates="5586" cleared="0" enqueued="0" />
  <references type="phantom" candidates="97" cleared="0" enqueued="0" />
  <stringconstants candidates="13595" cleared="0"  />
</gc-op>
<gc-op id="3766" type="sweep" timems="2.374" contextid="3762" timestamp="2019-08-08T10:56:33.996" />
<mem-info id="3767" free="21082016" total="39059456" percent="53">
  <mem type="tenure" free="21082016" total="39059456" percent="53" micro-fragmented="0" macro-fragmented="0">
    <mem type="soa" free="20691872" total="38669312" percent="53" />
    <mem type="loa" free="390144" total="390144" percent="100" />
  </mem>
</mem-info>
<gc-op id="3768" type="compact" timems="23.586" contextid="3762" timestamp="2019-08-08T10:56:34.020">
  <compact-info movecount="18" movebytes="792" reason="compact to aid heap contraction" />
</gc-op>
<heap-resize id="3769" type="expand" space="tenure" amount="131072" count="1" timems="0.022" reason="satisfy allocation request" timestamp="2019-08-08T10:56:34.021" />
<gc-end id="3770" type="global" contextid="3762" durationms="42.039" usertimems="105.331" systemtimems="0.000" timestamp="2019-08-08T10:56:34.021" activeThreads="16">
  <mem-info id="3771" free="21147704" total="39190528" percent="53">
    <mem type="tenure" free="21147704" total="39190528" percent="53">
      <mem type="soa" free="20756536" total="38799360" percent="53" />
      <mem type="loa" free="391168" total="391168" percent="100" />
    </mem>
  </mem-info>
</gc-end>
<cycle-end id="3772" type="global" contextid="3762" timestamp="2019-08-08T10:56:34.021" />
  <attribute name="elasticGC enabled" value="1" />
  <attribute name= "numThreadsSpecified" value="16" />
  <attribute name="heapSize specified" value="39059456" />
  <attribute name="Current GC Util" value="41" />
  <attribute name= "Current Time Running" value="142413" />
  <attribute name ="GC Interval" value="0" />
  <attribute name="Target GC Util Change" value ="80.000000" />
  <attribute name="Current GC Util Change" value="41.000000"/>
  <attribute name="Current Error" value="-355.000000" />
  <attribute name="Output H" value="39134728"/>
  <attribute name="Output I" value="1376"/>
  <attribute name="Output T" value="16"/>
  <attribute name= "Current Time Running" value="142413" />
  <attribute name="GC Util currently" value="41" />
  <attribute name="CPU Util currently" value="48780481441" />
<allocation-satisfied id="3773" threadId="0000000002035F00" bytesRequested="136" />
<af-end id="3774" timestamp="2019-08-08T10:56:34.021" threadId="0000000002036888" success="true" />
<exclusive-end id="3775" timestamp="2019-08-08T10:56:34.021" durationms="42.619" />

<exclusive-start id="3776" timestamp="2019-08-08T10:56:35.681" intervalms="1702.410">
  <response-info timems="0.455" idlems="0.455" threads="0" lastid="0000000002035F00" lastname="main" />
</exclusive-start>
<af-start id="3777" threadId="0000000002036888" totalBytesRequested="17456" timestamp="2019-08-08T10:56:35.681" intervalms="1702.297" />
<cycle-start id="3778" type="global" contextid="0" timestamp="2019-08-08T10:56:35.681" intervalms="1702.259" />
<gc-start id="3779" type="global" contextid="3778" timestamp="2019-08-08T10:56:35.681">
  <mem-info id="3780" free="391168" total="39190528" percent="0">
    <mem type="tenure" free="391168" total="39190528" percent="0">
      <mem type="soa" free="0" total="38799360" percent="0" />
      <mem type="loa" free="391168" total="391168" percent="100" />
    </mem>
  </mem-info>
</gc-start>
<allocation-stats totalBytes="20716568" >
  <allocated-bytes non-tlh="0" tlh="20716568" />
  <largest-consumer threadName="main" threadId="0000000002035F00" bytes="20716568" />
</allocation-stats>
<gc-op id="3781" type="mark" timems="20.581" contextid="3778" timestamp="2019-08-08T10:56:35.701">
  <trace-info objectcount="600614" scancount="521512" scanbytes="13423484" />
  <finalization candidates="80" enqueued="0" />
  <ownableSynchronizers candidates="21" cleared="0" />
  <references type="soft" candidates="3261" cleared="0" enqueued="0" dynamicThreshold="17" maxThreshold="32" />
  <references type="weak" candidates="5586" cleared="0" enqueued="0" />
  <references type="phantom" candidates="97" cleared="0" enqueued="0" />
  <stringconstants candidates="13595" cleared="0"  />
</gc-op>
<gc-op id="3782" type="sweep" timems="3.623" contextid="3778" timestamp="2019-08-08T10:56:35.705" />
<mem-info id="3783" free="21172344" total="39190528" percent="54">
  <mem type="tenure" free="21172344" total="39190528" percent="54" micro-fragmented="0" macro-fragmented="0">
    <mem type="soa" free="20781176" total="38799360" percent="53" />
    <mem type="loa" free="391168" total="391168" percent="100" />
  </mem>
</mem-info>
<gc-op id="3784" type="compact" timems="24.285" contextid="3778" timestamp="2019-08-08T10:56:35.729">
  <compact-info movecount="73" movebytes="39800" reason="compact to aid heap contraction" />
</gc-op>
<heap-resize id="3785" type="expand" space="tenure" amount="131072" count="1" timems="0.019" reason="satisfy allocation request" timestamp="2019-08-08T10:56:35.730" />
<gc-end id="3786" type="global" contextid="3778" durationms="49.580" usertimems="142.349" systemtimems="0.000" timestamp="2019-08-08T10:56:35.730" activeThreads="16">
  <mem-info id="3787" free="21288272" total="39321600" percent="54">
    <mem type="tenure" free="21288272" total="39321600" percent="54">
      <mem type="soa" free="20895056" total="38928384" percent="53" />
      <mem type="loa" free="393216" total="393216" percent="100" />
    </mem>
  </mem-info>
</gc-end>
<cycle-end id="3788" type="global" contextid="3778" timestamp="2019-08-08T10:56:35.731" />
  <attribute name="elasticGC enabled" value="1" />
  <attribute name= "numThreadsSpecified" value="16" />
  <attribute name="heapSize specified" value="39190528" />
  <attribute name="Current GC Util" value="43" />
  <attribute name= "Current Time Running" value="144123" />
  <attribute name ="GC Interval" value="0" />
  <attribute name="Target GC Util Change" value ="80.000000" />
  <attribute name="Current GC Util Change" value="43.000000"/>
  <attribute name="Current Error" value="-178.000000" />
  <attribute name="Output H" value="39266008"/>
  <attribute name="Output I" value="1696"/>
  <attribute name="Output T" value="16"/>
  <attribute name= "Current Time Running" value="144123" />
  <attribute name="GC Util currently" value="43" />
  <attribute name="CPU Util currently" value="47397152004" />
<allocation-satisfied id="3789" threadId="0000000002035F00" bytesRequested="17456" />
<af-end id="3790" timestamp="2019-08-08T10:56:35.731" threadId="0000000002036888" success="true" />
<exclusive-end id="3791" timestamp="2019-08-08T10:56:35.731" durationms="49.918" />

<exclusive-start id="3792" timestamp="2019-08-08T10:56:35.766" intervalms="85.655">
  <response-info timems="0.075" idlems="0.075" threads="0" lastid="0000000002035F00" lastname="main" />
</exclusive-start>
<af-start id="3793" threadId="0000000002036888" totalBytesRequested="14904" timestamp="2019-08-08T10:56:35.766" intervalms="85.657" />
<cycle-start id="3794" type="global" contextid="0" timestamp="2019-08-08T10:56:35.766" intervalms="85.646" />
<gc-start id="3795" type="global" contextid="3794" timestamp="2019-08-08T10:56:35.766">
  <mem-info id="3796" free="393216" total="39321600" percent="1">
    <mem type="tenure" free="393216" total="39321600" percent="1">
      <mem type="soa" free="0" total="38928384" percent="0" />
      <mem type="loa" free="393216" total="393216" percent="100" />
    </mem>
  </mem-info>
</gc-start>
<allocation-stats totalBytes="19579384" >
  <allocated-bytes non-tlh="17456" tlh="19561928" />
  <largest-consumer threadName="main" threadId="0000000002035F00" bytes="19579384" />
</allocation-stats>
<gc-op id="3797" type="mark" timems="12.582" contextid="3794" timestamp="2019-08-08T10:56:35.779">
  <trace-info objectcount="600614" scancount="521501" scanbytes="13421132" />
  <finalization candidates="80" enqueued="0" />
  <ownableSynchronizers candidates="21" cleared="0" />
  <references type="soft" candidates="3261" cleared="0" enqueued="0" dynamicThreshold="17" maxThreshold="32" />
  <references type="weak" candidates="5586" cleared="0" enqueued="0" />
  <references type="phantom" candidates="97" cleared="0" enqueued="0" />
  <stringconstants candidates="13595" cleared="0"  />
</gc-op>
<gc-op id="3798" type="sweep" timems="1.705" contextid="3794" timestamp="2019-08-08T10:56:35.781" />
<mem-info id="3799" free="21307584" total="39321600" percent="54">
  <mem type="tenure" free="21307584" total="39321600" percent="54" micro-fragmented="0" macro-fragmented="0">
    <mem type="soa" free="20914368" total="38928384" percent="53" />
    <mem type="loa" free="393216" total="393216" percent="100" />
  </mem>
</mem-info>
<gc-op id="3800" type="compact" timems="38.994" contextid="3794" timestamp="2019-08-08T10:56:35.820">
  <compact-info movecount="12" movebytes="35400" reason="compact to aid heap contraction" />
</gc-op>
<heap-resize id="3801" type="expand" space="tenure" amount="131072" count="1" timems="0.022" reason="satisfy allocation request" timestamp="2019-08-08T10:56:35.820" />
<gc-end id="3802" type="global" contextid="3794" durationms="54.048" usertimems="157.446" systemtimems="0.000" timestamp="2019-08-08T10:56:35.820" activeThreads="16">
  <mem-info id="3803" free="21373616" total="39452672" percent="54">
    <mem type="tenure" free="21373616" total="39452672" percent="54">
      <mem type="soa" free="20979376" total="39058432" percent="53" />
      <mem type="loa" free="394240" total="394240" percent="100" />
    </mem>
  </mem-info>
</gc-end>
<cycle-end id="3804" type="global" contextid="3794" timestamp="2019-08-08T10:56:35.821" />
  <attribute name="elasticGC enabled" value="1" />
  <attribute name= "numThreadsSpecified" value="16" />
  <attribute name="heapSize specified" value="39321600" />
  <attribute name="Current GC Util" value="27" />
  <attribute name= "Current Time Running" value="144213" />
  <attribute name ="GC Interval" value="0" />
  <attribute name="Target GC Util Change" value ="80.000000" />
  <attribute name="Current GC Util Change" value="27.000000"/>
  <attribute name="Current Error" value="53.000000" />
  <attribute name="Output H" value="39397344"/>
  <attribute name="Output I" value="2104"/>
  <attribute name="Output T" value="16"/>
  <attribute name= "Current Time Running" value="144213" />
  <attribute name="GC Util currently" value="27" />
  <attribute name="CPU Util currently" value="29530664803" />
<allocation-satisfied id="3805" threadId="0000000002035F00" bytesRequested="14904" />
<af-end id="3806" timestamp="2019-08-08T10:56:35.821" threadId="0000000002036888" success="true" />
<exclusive-end id="3807" timestamp="2019-08-08T10:56:35.821" durationms="54.243" />

<exclusive-start id="3808" timestamp="2019-08-08T10:56:35.842" intervalms="75.344">
  <response-info timems="0.053" idlems="0.053" threads="0" lastid="0000000002035F00" lastname="main" />
</exclusive-start>
<af-start id="3809" threadId="0000000002036888" totalBytesRequested="15688" timestamp="2019-08-08T10:56:35.842" intervalms="75.358" />
<cycle-start id="3810" type="global" contextid="0" timestamp="2019-08-08T10:56:35.842" intervalms="75.372" />
<gc-start id="3811" type="global" contextid="3810" timestamp="2019-08-08T10:56:35.842">
  <mem-info id="3812" free="394240" total="39452672" percent="0">
    <mem type="tenure" free="394240" total="39452672" percent="0">
      <mem type="soa" free="0" total="39058432" percent="0" />
      <mem type="loa" free="394240" total="394240" percent="100" />
    </mem>
  </mem-info>
</gc-start>
<allocation-stats totalBytes="19779032" >
  <allocated-bytes non-tlh="0" tlh="19779032" />
  <largest-consumer threadName="main" threadId="0000000002035F00" bytes="19779032" />
</allocation-stats>
<gc-op id="3813" type="mark" timems="14.823" contextid="3810" timestamp="2019-08-08T10:56:35.857">
  <trace-info objectcount="600614" scancount="521500" scanbytes="13406256" />
  <finalization candidates="80" enqueued="0" />
  <ownableSynchronizers candidates="21" cleared="0" />
  <references type="soft" candidates="3261" cleared="0" enqueued="0" dynamicThreshold="17" maxThreshold="32" />
  <references type="weak" candidates="5586" cleared="0" enqueued="0" />
  <references type="phantom" candidates="97" cleared="0" enqueued="0" />
  <stringconstants candidates="13595" cleared="0"  />
</gc-op>
<gc-op id="3814" type="sweep" timems="2.331" contextid="3810" timestamp="2019-08-08T10:56:35.859" />
<mem-info id="3815" free="21452872" total="39452672" percent="54">
  <mem type="tenure" free="21452872" total="39452672" percent="54" micro-fragmented="0" macro-fragmented="0">
    <mem type="soa" free="21058632" total="39058432" percent="53" />
    <mem type="loa" free="394240" total="394240" percent="100" />
  </mem>
</mem-info>
<gc-op id="3816" type="compact" timems="33.961" contextid="3810" timestamp="2019-08-08T10:56:35.893">
  <compact-info movecount="12" movebytes="20528" reason="compact to aid heap contraction" />
</gc-op>
<heap-resize id="3817" type="expand" space="tenure" amount="131072" count="1" timems="0.017" reason="satisfy allocation request" timestamp="2019-08-08T10:56:35.894" />
<gc-end id="3818" type="global" contextid="3810" durationms="52.217" usertimems="170.338" systemtimems="0.000" timestamp="2019-08-08T10:56:35.894" activeThreads="16">
  <mem-info id="3819" free="21519560" total="39583744" percent="54">
    <mem type="tenure" free="21519560" total="39583744" percent="54">
      <mem type="soa" free="21124296" total="39188480" percent="53" />
      <mem type="loa" free="395264" total="395264" percent="100" />
    </mem>
  </mem-info>
</gc-end>
<cycle-end id="3820" type="global" contextid="3810" timestamp="2019-08-08T10:56:35.894" />
  <attribute name="elasticGC enabled" value="1" />
  <attribute name= "numThreadsSpecified" value="16" />
  <attribute name="heapSize specified" value="39452672" />
  <attribute name="Current GC Util" value="105" />
  <attribute name= "Current Time Running" value="144286" />
  <attribute name ="GC Interval" value="0" />
  <attribute name="Target GC Util Change" value ="80.000000" />
  <attribute name="Current GC Util Change" value="105.000000"/>
  <attribute name="Current Error" value="-665.000000" />
  <attribute name="Output H" value="39527592"/>
  <attribute name="Output I" value="824"/>
  <attribute name="Output T" value="16"/>
  <attribute name= "Current Time Running" value="144286" />
  <attribute name="GC Util currently" value="105" />
  <attribute name="CPU Util currently" value="33929145638" />
<allocation-satisfied id="3821" threadId="0000000002035F00" bytesRequested="15688" />
<af-end id="3822" timestamp="2019-08-08T10:56:35.894" threadId="0000000002036888" success="true" />
<exclusive-end id="3823" timestamp="2019-08-08T10:56:35.894" durationms="52.511" />

<exclusive-start id="3824" timestamp="2019-08-08T10:56:35.920" intervalms="78.492">
  <response-info timems="0.226" idlems="0.226" threads="0" lastid="0000000002035F00" lastname="main" />
</exclusive-start>
<af-start id="3825" threadId="0000000002036888" totalBytesRequested="16672" timestamp="2019-08-08T10:56:35.920" intervalms="78.486" />
<cycle-start id="3826" type="global" contextid="0" timestamp="2019-08-08T10:56:35.920" intervalms="78.481" />
<gc-start id="3827" type="global" contextid="3826" timestamp="2019-08-08T10:56:35.920">
  <mem-info id="3828" free="395264" total="39583744" percent="0">
    <mem type="tenure" free="395264" total="39583744" percent="0">
      <mem type="soa" free="0" total="39188480" percent="0" />
      <mem type="loa" free="395264" total="395264" percent="100" />
    </mem>
  </mem-info>
</gc-start>
<allocation-stats totalBytes="19830208" >
  <allocated-bytes non-tlh="0" tlh="19830208" />
  <largest-consumer threadName="main" threadId="0000000002035F00" bytes="19830208" />
</allocation-stats>
<gc-op id="3829" type="mark" timems="16.402" contextid="3826" timestamp="2019-08-08T10:56:35.937">
  <trace-info objectcount="600614" scancount="521504" scanbytes="13422700" />
  <finalization candidates="80" enqueued="0" />
  <ownableSynchronizers candidates="21" cleared="0" />
  <references type="soft" candidates="3261" cleared="0" enqueued="0" dynamicThreshold="17" maxThreshold="32" />
  <references type="weak" candidates="5586" cleared="0" enqueued="0" />
  <references type="phantom" candidates="97" cleared="0" enqueued="0" />
  <stringconstants candidates="13595" cleared="0"  />
</gc-op>
<gc-op id="3830" type="sweep" timems="2.090" contextid="3826" timestamp="2019-08-08T10:56:35.939" />
<mem-info id="3831" free="21567664" total="39583744" percent="54">
  <mem type="tenure" free="21567664" total="39583744" percent="54" micro-fragmented="0" macro-fragmented="0">
    <mem type="soa" free="21172400" total="39188480" percent="54" />
    <mem type="loa" free="395264" total="395264" percent="100" />
  </mem>
</mem-info>
<gc-op id="3832" type="compact" timems="23.888" contextid="3826" timestamp="2019-08-08T10:56:35.963">
  <compact-info movecount="12" movebytes="36968" reason="compact to aid heap contraction" />
</gc-op>
<heap-resize id="3833" type="expand" space="tenure" amount="131072" count="1" timems="0.017" reason="satisfy allocation request" timestamp="2019-08-08T10:56:35.964" />
<gc-end id="3834" type="global" contextid="3826" durationms="44.009" usertimems="156.137" systemtimems="0.000" timestamp="2019-08-08T10:56:35.964" activeThreads="16">
  <mem-info id="3835" free="21634192" total="39714816" percent="54">
    <mem type="tenure" free="21634192" total="39714816" percent="54">
      <mem type="soa" free="21237904" total="39318528" percent="54" />
      <mem type="loa" free="396288" total="396288" percent="100" />
    </mem>
  </mem-info>
</gc-end>
<cycle-end id="3836" type="global" contextid="3826" timestamp="2019-08-08T10:56:35.964" />
  <attribute name="elasticGC enabled" value="1" />
  <attribute name= "numThreadsSpecified" value="16" />
  <attribute name="heapSize specified" value="39583744" />
  <attribute name="Current GC Util" value="49" />
  <attribute name= "Current Time Running" value="144356" />
  <attribute name ="GC Interval" value="0" />
  <attribute name="Target GC Util Change" value ="80.000000" />
  <attribute name="Current GC Util Change" value="49.000000"/>
  <attribute name="Current Error" value="-335.000000" />
  <attribute name="Output H" value="39659040"/>
  <attribute name="Output I" value="1416"/>
  <attribute name="Output T" value="16"/>
  <attribute name= "Current Time Running" value="144356" />
  <attribute name="GC Util currently" value="49" />
  <attribute name="CPU Util currently" value="48215632635" />
<allocation-satisfied id="3837" threadId="0000000002035F00" bytesRequested="16672" />
<af-end id="3838" timestamp="2019-08-08T10:56:35.964" threadId="0000000002036888" success="true" />
<exclusive-end id="3839" timestamp="2019-08-08T10:56:35.964" durationms="44.228" />

<exclusive-start id="3840" timestamp="2019-08-08T10:56:36.687" intervalms="766.536">
  <response-info timems="0.040" idlems="0.040" threads="0" lastid="0000000002035F00" lastname="main" />
</exclusive-start>
<af-start id="3841" threadId="0000000002036888" totalBytesRequested="80" timestamp="2019-08-08T10:56:36.687" intervalms="766.540" />
<cycle-start id="3842" type="global" contextid="0" timestamp="2019-08-08T10:56:36.687" intervalms="766.590" />
<gc-start id="3843" type="global" contextid="3842" timestamp="2019-08-08T10:56:36.687">
  <mem-info id="3844" free="396288" total="39714816" percent="0">
    <mem type="tenure" free="396288" total="39714816" percent="0">
      <mem type="soa" free="0" total="39318528" percent="0" />
      <mem type="loa" free="396288" total="396288" percent="100" />
    </mem>
  </mem-info>
</gc-start>
<allocation-stats totalBytes="21301000" >
  <allocated-bytes non-tlh="0" tlh="21301000" />
  <largest-consumer threadName="main" threadId="0000000002035F00" bytes="21301000" />
</allocation-stats>
<gc-op id="3845" type="mark" timems="17.845" contextid="3842" timestamp="2019-08-08T10:56:36.705">
  <trace-info objectcount="600631" scancount="521515" scanbytes="13386036" />
  <finalization candidates="80" enqueued="0" />
  <ownableSynchronizers candidates="21" cleared="0" />
  <references type="soft" candidates="3261" cleared="0" enqueued="0" dynamicThreshold="17" maxThreshold="32" />
  <references type="weak" candidates="5586" cleared="0" enqueued="0" />
  <references type="phantom" candidates="97" cleared="0" enqueued="0" />
  <stringconstants candidates="13595" cleared="0"  />
</gc-op>
<gc-op id="3846" type="sweep" timems="2.211" contextid="3842" timestamp="2019-08-08T10:56:36.707" />
<mem-info id="3847" free="21735608" total="39714816" percent="54">
  <mem type="tenure" free="21735608" total="39714816" percent="54" micro-fragmented="0" macro-fragmented="0">
    <mem type="soa" free="21339320" total="39318528" percent="54" />
    <mem type="loa" free="396288" total="396288" percent="100" />
  </mem>
</mem-info>
<gc-op id="3848" type="compact" timems="124.202" contextid="3842" timestamp="2019-08-08T10:56:36.831">
  <compact-info movecount="505424" movebytes="12878392" reason="compact to aid heap contraction" />
</gc-op>
<heap-resize id="3849" type="expand" space="tenure" amount="131072" count="1" timems="0.022" reason="satisfy allocation request" timestamp="2019-08-08T10:56:36.832" />
<gc-end id="3850" type="global" contextid="3842" durationms="145.235" usertimems="240.295" systemtimems="0.000" timestamp="2019-08-08T10:56:36.832" activeThreads="16">
  <mem-info id="3851" free="21801904" total="39845888" percent="54">
    <mem type="tenure" free="21801904" total="39845888" percent="54">
      <mem type="soa" free="21403568" total="39447552" percent="54" />
      <mem type="loa" free="398336" total="398336" percent="100" />
    </mem>
  </mem-info>
</gc-end>
<cycle-end id="3852" type="global" contextid="3842" timestamp="2019-08-08T10:56:36.832" />
  <attribute name="elasticGC enabled" value="1" />
  <attribute name= "numThreadsSpecified" value="16" />
  <attribute name="heapSize specified" value="39714816" />
  <attribute name="Current GC Util" value="8" />
  <attribute name= "Current Time Running" value="145225" />
  <attribute name ="GC Interval" value="0" />
  <attribute name="Target GC Util Change" value ="80.000000" />
  <attribute name="Current GC Util Change" value="8.000000"/>
  <attribute name="Current Error" value="72.000000" />
  <attribute name="Output H" value="39790584"/>
  <attribute name="Output I" value="2136"/>
  <attribute name="Output T" value="16"/>
  <attribute name= "Current Time Running" value="145225" />
  <attribute name="GC Util currently" value="8" />
  <attribute name="CPU Util currently" value="9280344322" />
<allocation-satisfied id="3853" threadId="0000000002035F00" bytesRequested="80" />
<af-end id="3854" timestamp="2019-08-08T10:56:36.832" threadId="0000000002036888" success="true" />
<exclusive-end id="3855" timestamp="2019-08-08T10:56:36.832" durationms="145.544" />

<exclusive-start id="3856" timestamp="2019-08-08T10:56:36.970" intervalms="283.082">
  <response-info timems="0.182" idlems="0.182" threads="0" lastid="0000000002035F00" lastname="main" />
</exclusive-start>
<af-start id="3857" threadId="0000000002036888" totalBytesRequested="32" timestamp="2019-08-08T10:56:36.970" intervalms="283.108" />
<cycle-start id="3858" type="global" contextid="0" timestamp="2019-08-08T10:56:36.970" intervalms="283.055" />
<gc-start id="3859" type="global" contextid="3858" timestamp="2019-08-08T10:56:36.970">
  <mem-info id="3860" free="398336" total="39845888" percent="0">
    <mem type="tenure" free="398336" total="39845888" percent="0">
      <mem type="soa" free="0" total="39447552" percent="0" />
      <mem type="loa" free="398336" total="398336" percent="100" />
    </mem>
  </mem-info>
</gc-start>
<allocation-stats totalBytes="21466064" >
  <allocated-bytes non-tlh="0" tlh="21466064" />
  <largest-consumer threadName="main" threadId="0000000002035F00" bytes="21466064" />
</allocation-stats>
<gc-op id="3861" type="mark" timems="12.621" contextid="3858" timestamp="2019-08-08T10:56:36.983">
  <trace-info objectcount="600634" scancount="521516" scanbytes="13386168" />
  <finalization candidates="80" enqueued="0" />
  <ownableSynchronizers candidates="21" cleared="0" />
  <references type="soft" candidates="3261" cleared="0" enqueued="0" dynamicThreshold="17" maxThreshold="32" />
  <references type="weak" candidates="5586" cleared="0" enqueued="0" />
  <references type="phantom" candidates="97" cleared="0" enqueued="0" />
  <stringconstants candidates="13595" cleared="0"  />
</gc-op>
<gc-op id="3862" type="sweep" timems="1.498" contextid="3858" timestamp="2019-08-08T10:56:36.984" />
<mem-info id="3863" free="21867304" total="39845888" percent="54">
  <mem type="tenure" free="21867304" total="39845888" percent="54" micro-fragmented="0" macro-fragmented="0">
    <mem type="soa" free="21468968" total="39447552" percent="54" />
    <mem type="loa" free="398336" total="398336" percent="100" />
  </mem>
</mem-info>
<gc-op id="3864" type="compact" timems="24.163" contextid="3858" timestamp="2019-08-08T10:56:37.008">
  <compact-info movecount="3" movebytes="136" reason="compact to aid heap contraction" />
</gc-op>
<heap-resize id="3865" type="expand" space="tenure" amount="131072" count="1" timems="0.018" reason="satisfy allocation request" timestamp="2019-08-08T10:56:37.009" />
<gc-end id="3866" type="global" contextid="3858" durationms="39.186" usertimems="100.696" systemtimems="0.000" timestamp="2019-08-08T10:56:37.009" activeThreads="16">
  <mem-info id="3867" free="21932840" total="39976960" percent="54">
    <mem type="tenure" free="21932840" total="39976960" percent="54">
      <mem type="soa" free="21533480" total="39577600" percent="54" />
      <mem type="loa" free="399360" total="399360" percent="100" />
    </mem>
  </mem-info>
</gc-end>
<cycle-end id="3868" type="global" contextid="3858" timestamp="2019-08-08T10:56:37.009" />
  <attribute name="elasticGC enabled" value="1" />
  <attribute name= "numThreadsSpecified" value="16" />
  <attribute name="heapSize specified" value="39845888" />
  <attribute name="Current GC Util" value="32" />
  <attribute name= "Current Time Running" value="145402" />
  <attribute name ="GC Interval" value="0" />
  <attribute name="Target GC Util Change" value ="80.000000" />
  <attribute name="Current GC Util Change" value="32.000000"/>
  <attribute name="Current Error" value="-336.000000" />
  <attribute name="Output H" value="39921184"/>
  <attribute name="Output I" value="1408"/>
  <attribute name="Output T" value="16"/>
  <attribute name= "Current Time Running" value="145402" />
  <attribute name="GC Util currently" value="32" />
  <attribute name="CPU Util currently" value="47626006216" />
<allocation-satisfied id="3869" threadId="0000000002035F00" bytesRequested="32" />
<af-end id="3870" timestamp="2019-08-08T10:56:37.009" threadId="0000000002036888" success="true" />
<exclusive-end id="3871" timestamp="2019-08-08T10:56:37.009" durationms="39.440" />

<exclusive-start id="3872" timestamp="2019-08-08T10:56:37.123" intervalms="153.691">
  <response-info timems="0.114" idlems="0.114" threads="0" lastid="0000000002035F00" lastname="main" />
</exclusive-start>
<af-start id="3873" threadId="0000000002036888" totalBytesRequested="80" timestamp="2019-08-08T10:56:37.124" intervalms="153.670" />
<cycle-start id="3874" type="global" contextid="0" timestamp="2019-08-08T10:56:37.124" intervalms="153.676" />
<gc-start id="3875" type="global" contextid="3874" timestamp="2019-08-08T10:56:37.124">
  <mem-info id="3876" free="399360" total="39976960" percent="0">
    <mem type="tenure" free="399360" total="39976960" percent="0">
      <mem type="soa" free="0" total="39577600" percent="0" />
      <mem type="loa" free="399360" total="399360" percent="100" />
    </mem>
  </mem-info>
</gc-start>
<allocation-stats totalBytes="21596384" >
  <allocated-bytes non-tlh="0" tlh="21596384" />
  <largest-consumer threadName="main" threadId="0000000002035F00" bytes="21596384" />
</allocation-stats>
<gc-op id="3877" type="mark" timems="40.331" contextid="3874" timestamp="2019-08-08T10:56:37.164">
  <trace-info objectcount="600632" scancount="521518" scanbytes="13386060" />
  <finalization candidates="80" enqueued="0" />
  <ownableSynchronizers candidates="21" cleared="0" />
  <references type="soft" candidates="3261" cleared="0" enqueued="0" dynamicThreshold="17" maxThreshold="32" />
  <references type="weak" candidates="5586" cleared="0" enqueued="0" />
  <references type="phantom" candidates="97" cleared="0" enqueued="0" />
  <stringconstants candidates="13595" cleared="0"  />
</gc-op>
<gc-op id="3878" type="sweep" timems="5.226" contextid="3874" timestamp="2019-08-08T10:56:37.169" />
<mem-info id="3879" free="21998376" total="39976960" percent="55">
  <mem type="tenure" free="21998376" total="39976960" percent="55" micro-fragmented="0" macro-fragmented="0">
    <mem type="soa" free="21599016" total="39577600" percent="54" />
    <mem type="loa" free="399360" total="399360" percent="100" />
  </mem>
</mem-info>
<gc-op id="3880" type="compact" timems="27.802" contextid="3874" timestamp="2019-08-08T10:56:37.197">
  <compact-info movecount="1" movebytes="24" reason="compact to aid heap contraction" />
</gc-op>
<heap-resize id="3881" type="expand" space="tenure" amount="131072" count="1" timems="0.017" reason="satisfy allocation request" timestamp="2019-08-08T10:56:37.198" />
<gc-end id="3882" type="global" contextid="3874" durationms="74.871" usertimems="173.486" systemtimems="0.000" timestamp="2019-08-08T10:56:37.199" activeThreads="16">
  <mem-info id="3883" free="22064024" total="40108032" percent="55">
    <mem type="tenure" free="22064024" total="40108032" percent="55">
      <mem type="soa" free="21663640" total="39707648" percent="54" />
      <mem type="loa" free="400384" total="400384" percent="100" />
    </mem>
  </mem-info>
</gc-end>
<cycle-end id="3884" type="global" contextid="3874" timestamp="2019-08-08T10:56:37.199" />
  <attribute name="elasticGC enabled" value="1" />
  <attribute name= "numThreadsSpecified" value="16" />
  <attribute name="heapSize specified" value="39976960" />
  <attribute name="Current GC Util" value="66" />
  <attribute name= "Current Time Running" value="145591" />
  <attribute name ="GC Interval" value="0" />
  <attribute name="Target GC Util Change" value ="80.000000" />
  <attribute name="Current GC Util Change" value="66.000000"/>
  <attribute name="Current Error" value="-148.000000" />
  <attribute name="Output H" value="40052472"/>
  <attribute name="Output I" value="1744"/>
  <attribute name="Output T" value="16"/>
  <attribute name= "Current Time Running" value="145591" />
  <attribute name="GC Util currently" value="66" />
  <attribute name="CPU Util currently" value="41420440656" />
<allocation-satisfied id="3885" threadId="0000000002035F00" bytesRequested="80" />
<af-end id="3886" timestamp="2019-08-08T10:56:37.199" threadId="0000000002036888" success="true" />
<exclusive-end id="3887" timestamp="2019-08-08T10:56:37.199" durationms="75.115" />

<exclusive-start id="3888" timestamp="2019-08-08T10:56:37.357" intervalms="233.675">
  <response-info timems="0.061" idlems="0.061" threads="0" lastid="0000000002035F00" lastname="main" />
</exclusive-start>
<af-start id="3889" threadId="0000000002036888" totalBytesRequested="80" timestamp="2019-08-08T10:56:37.357" intervalms="233.661" />
<cycle-start id="3890" type="global" contextid="0" timestamp="2019-08-08T10:56:37.357" intervalms="233.650" />
<gc-start id="3891" type="global" contextid="3890" timestamp="2019-08-08T10:56:37.357">
  <mem-info id="3892" free="400384" total="40108032" percent="0">
    <mem type="tenure" free="400384" total="40108032" percent="0">
      <mem type="soa" free="0" total="39707648" percent="0" />
      <mem type="loa" free="400384" total="400384" percent="100" />
    </mem>
  </mem-info>
</gc-start>
<allocation-stats totalBytes="21725760" >
  <allocated-bytes non-tlh="32" tlh="21725728" />
  <largest-consumer threadName="main" threadId="0000000002035F00" bytes="21725760" />
</allocation-stats>
<gc-op id="3893" type="mark" timems="13.067" contextid="3890" timestamp="2019-08-08T10:56:37.370">
  <trace-info objectcount="600666" scancount="521555" scanbytes="13387064" />
  <finalization candidates="80" enqueued="0" />
  <ownableSynchronizers candidates="21" cleared="0" />
  <references type="soft" candidates="3261" cleared="0" enqueued="0" dynamicThreshold="17" maxThreshold="32" />
  <references type="weak" candidates="5586" cleared="0" enqueued="0" />
  <references type="phantom" candidates="97" cleared="0" enqueued="0" />
  <stringconstants candidates="13596" cleared="0"  />
</gc-op>
<gc-op id="3894" type="sweep" timems="1.954" contextid="3890" timestamp="2019-08-08T10:56:37.372" />
<mem-info id="3895" free="22126600" total="40108032" percent="55">
  <mem type="tenure" free="22126600" total="40108032" percent="55" micro-fragmented="0" macro-fragmented="0">
    <mem type="soa" free="21726216" total="39707648" percent="54" />
    <mem type="loa" free="400384" total="400384" percent="100" />
  </mem>
</mem-info>
<gc-op id="3896" type="compact" timems="26.343" contextid="3890" timestamp="2019-08-08T10:56:37.399">
  <compact-info movecount="56" movebytes="1904" reason="compact to aid heap contraction" />
</gc-op>
<heap-resize id="3897" type="expand" space="tenure" amount="131072" count="1" timems="0.112" reason="satisfy allocation request" timestamp="2019-08-08T10:56:37.400" />
<gc-end id="3898" type="global" contextid="3890" durationms="42.672" usertimems="152.055" systemtimems="0.000" timestamp="2019-08-08T10:56:37.400" activeThreads="16">
  <mem-info id="3899" free="22194064" total="40239104" percent="55">
    <mem type="tenure" free="22194064" total="40239104" percent="55">
      <mem type="soa" free="21792656" total="39837696" percent="54" />
      <mem type="loa" free="401408" total="401408" percent="100" />
    </mem>
  </mem-info>
</gc-end>
<cycle-end id="3900" type="global" contextid="3890" timestamp="2019-08-08T10:56:37.400" />
  <attribute name="elasticGC enabled" value="1" />
  <attribute name= "numThreadsSpecified" value="16" />
  <attribute name="heapSize specified" value="40108032" />
  <attribute name="Current GC Util" value="36" />
  <attribute name= "Current Time Running" value="145792" />
  <attribute name ="GC Interval" value="0" />
  <attribute name="Target GC Util Change" value ="80.000000" />
  <attribute name="Current GC Util Change" value="36.000000"/>
  <attribute name="Current Error" value="44.000000" />
  <attribute name="Output H" value="40183768"/>
  <attribute name="Output I" value="2088"/>
  <attribute name="Output T" value="16"/>
  <attribute name= "Current Time Running" value="145792" />
  <attribute name="GC Util currently" value="36" />
  <attribute name="CPU Util currently" value="43699317110" />
<allocation-satisfied id="3901" threadId="0000000002035F00" bytesRequested="80" />
<af-end id="3902" timestamp="2019-08-08T10:56:37.400" threadId="0000000002036888" success="true" />
<exclusive-end id="3903" timestamp="2019-08-08T10:56:37.400" durationms="42.924" />

<exclusive-start id="3904" timestamp="2019-08-08T10:56:37.592" intervalms="234.404">
  <response-info timems="0.131" idlems="0.131" threads="0" lastid="0000000002035F00" lastname="main" />
</exclusive-start>
<af-start id="3905" threadId="0000000002036888" totalBytesRequested="80" timestamp="2019-08-08T10:56:37.592" intervalms="234.415" />
<cycle-start id="3906" type="global" contextid="0" timestamp="2019-08-08T10:56:37.592" intervalms="234.429" />
<gc-start id="3907" type="global" contextid="3906" timestamp="2019-08-08T10:56:37.592">
  <mem-info id="3908" free="401408" total="40239104" percent="0">
    <mem type="tenure" free="401408" total="40239104" percent="0">
      <mem type="soa" free="0" total="39837696" percent="0" />
      <mem type="loa" free="401408" total="401408" percent="100" />
    </mem>
  </mem-info>
</gc-start>
<allocation-stats totalBytes="21853568" >
  <allocated-bytes non-tlh="0" tlh="21853568" />
  <largest-consumer threadName="main" threadId="0000000002035F00" bytes="21853568" />
</allocation-stats>
<gc-op id="3909" type="mark" timems="26.874" contextid="3906" timestamp="2019-08-08T10:56:37.619">
  <trace-info objectcount="600662" scancount="521546" scanbytes="13387024" />
  <finalization candidates="80" enqueued="0" />
  <ownableSynchronizers candidates="21" cleared="0" />
  <references type="soft" candidates="3261" cleared="0" enqueued="0" dynamicThreshold="17" maxThreshold="32" />
  <references type="weak" candidates="5586" cleared="0" enqueued="0" />
  <references type="phantom" candidates="97" cleared="0" enqueued="0" />
  <stringconstants candidates="13596" cleared="0"  />
</gc-op>
<gc-op id="3910" type="sweep" timems="4.867" contextid="3906" timestamp="2019-08-08T10:56:37.624" />
<mem-info id="3911" free="22259056" total="40239104" percent="55">
  <mem type="tenure" free="22259056" total="40239104" percent="55" micro-fragmented="0" macro-fragmented="0">
    <mem type="soa" free="21857648" total="39837696" percent="54" />
    <mem type="loa" free="401408" total="401408" percent="100" />
  </mem>
</mem-info>
<gc-op id="3912" type="compact" timems="24.885" contextid="3906" timestamp="2019-08-08T10:56:37.649">
  <compact-info movecount="52" movebytes="1896" reason="compact to aid heap contraction" />
</gc-op>
<heap-resize id="3913" type="expand" space="tenure" amount="131072" count="1" timems="0.018" reason="satisfy allocation request" timestamp="2019-08-08T10:56:37.649" />
<gc-end id="3914" type="global" contextid="3906" durationms="57.814" usertimems="204.698" systemtimems="0.000" timestamp="2019-08-08T10:56:37.650" activeThreads="16">
  <mem-info id="3915" free="22325144" total="40370176" percent="55">
    <mem type="tenure" free="22325144" total="40370176" percent="55">
      <mem type="soa" free="21921688" total="39966720" percent="54" />
      <mem type="loa" free="403456" total="403456" percent="100" />
    </mem>
  </mem-info>
</gc-end>
<cycle-end id="3916" type="global" contextid="3906" timestamp="2019-08-08T10:56:37.650" />
  <attribute name="elasticGC enabled" value="1" />
  <attribute name= "numThreadsSpecified" value="16" />
  <attribute name="heapSize specified" value="40239104" />
  <attribute name="Current GC Util" value="50" />
  <attribute name= "Current Time Running" value="146042" />
  <attribute name ="GC Interval" value="0" />
  <attribute name="Target GC Util Change" value ="80.000000" />
  <attribute name="Current GC Util Change" value="50.000000"/>
  <attribute name="Current Error" value="-69.000000" />
  <attribute name="Output H" value="40314712"/>
  <attribute name="Output I" value="1888"/>
  <attribute name="Output T" value="16"/>
  <attribute name= "Current Time Running" value="146042" />
  <attribute name="GC Util currently" value="50" />
  <attribute name="CPU Util currently" value="46287860063" />
<allocation-satisfied id="3917" threadId="0000000002035F00" bytesRequested="80" />
<af-end id="3918" timestamp="2019-08-08T10:56:37.650" threadId="0000000002036888" success="true" />
<exclusive-end id="3919" timestamp="2019-08-08T10:56:37.650" durationms="58.138" />

<exclusive-start id="3920" timestamp="2019-08-08T10:56:37.928" intervalms="336.556">
  <response-info timems="0.188" idlems="0.188" threads="0" lastid="0000000002035F00" lastname="main" />
</exclusive-start>
<af-start id="3921" threadId="0000000002036888" totalBytesRequested="80" timestamp="2019-08-08T10:56:37.928" intervalms="336.557" />
<cycle-start id="3922" type="global" contextid="0" timestamp="2019-08-08T10:56:37.928" intervalms="336.555" />
<gc-start id="3923" type="global" contextid="3922" timestamp="2019-08-08T10:56:37.928">
  <mem-info id="3924" free="403456" total="40370176" percent="0">
    <mem type="tenure" free="403456" total="40370176" percent="0">
      <mem type="soa" free="0" total="39966720" percent="0" />
      <mem type="loa" free="403456" total="403456" percent="100" />
    </mem>
  </mem-info>
</gc-start>
<allocation-stats totalBytes="21978648" >
  <allocated-bytes non-tlh="0" tlh="21978648" />
  <largest-consumer threadName="main" threadId="0000000002035F00" bytes="21978648" />
</allocation-stats>
<gc-op id="3925" type="mark" timems="26.981" contextid="3922" timestamp="2019-08-08T10:56:37.955">
  <trace-info objectcount="600652" scancount="521537" scanbytes="13386564" />
  <finalization candidates="80" enqueued="0" />
  <ownableSynchronizers candidates="21" cleared="0" />
  <references type="soft" candidates="3261" cleared="0" enqueued="0" dynamicThreshold="17" maxThreshold="32" />
  <references type="weak" candidates="5586" cleared="0" enqueued="0" />
  <references type="phantom" candidates="97" cleared="0" enqueued="0" />
  <stringconstants candidates="13596" cleared="0"  />
</gc-op>
<gc-op id="3926" type="sweep" timems="1.941" contextid="3922" timestamp="2019-08-08T10:56:37.957" />
<mem-info id="3927" free="22391136" total="40370176" percent="55">
  <mem type="tenure" free="22391136" total="40370176" percent="55" micro-fragmented="0" macro-fragmented="0">
    <mem type="soa" free="21987680" total="39966720" percent="55" />
    <mem type="loa" free="403456" total="403456" percent="100" />
  </mem>
</mem-info>
<gc-op id="3928" type="compact" timems="21.998" contextid="3922" timestamp="2019-08-08T10:56:37.979">
  <compact-info movecount="5" movebytes="216" reason="compact to aid heap contraction" />
</gc-op>
<heap-resize id="3929" type="expand" space="tenure" amount="131072" count="1" timems="0.021" reason="satisfy allocation request" timestamp="2019-08-08T10:56:37.980" />
<gc-end id="3930" type="global" contextid="3922" durationms="51.653" usertimems="179.060" systemtimems="0.000" timestamp="2019-08-08T10:56:37.980" activeThreads="16">
  <mem-info id="3931" free="22456696" total="40501248" percent="55">
    <mem type="tenure" free="22456696" total="40501248" percent="55">
      <mem type="soa" free="22052216" total="40096768" percent="54" />
      <mem type="loa" free="404480" total="404480" percent="100" />
    </mem>
  </mem-info>
</gc-end>
<cycle-end id="3932" type="global" contextid="3922" timestamp="2019-08-08T10:56:37.980" />
  <attribute name="elasticGC enabled" value="1" />
  <attribute name= "numThreadsSpecified" value="16" />
  <attribute name="heapSize specified" value="40370176" />
  <attribute name="Current GC Util" value="38" />
  <attribute name= "Current Time Running" value="146373" />
  <attribute name ="GC Interval" value="0" />
  <attribute name="Target GC Util Change" value ="80.000000" />
  <attribute name="Current GC Util Change" value="38.000000"/>
  <attribute name="Current Error" value="-253.000000" />
  <attribute name="Output H" value="40445568"/>
  <attribute name="Output I" value="1560"/>
  <attribute name="Output T" value="16"/>
  <attribute name= "Current Time Running" value="146373" />
  <attribute name="GC Util currently" value="38" />
  <attribute name="CPU Util currently" value="52328350796" />
<allocation-satisfied id="3933" threadId="0000000002035F00" bytesRequested="80" />
<af-end id="3934" timestamp="2019-08-08T10:56:37.980" threadId="0000000002036888" success="true" />
<exclusive-end id="3935" timestamp="2019-08-08T10:56:37.980" durationms="51.890" />

<exclusive-start id="3936" timestamp="2019-08-08T10:56:38.204" intervalms="275.667">
  <response-info timems="0.195" idlems="0.195" threads="0" lastid="0000000002035F00" lastname="main" />
</exclusive-start>
<af-start id="3937" threadId="0000000002036888" totalBytesRequested="24" timestamp="2019-08-08T10:56:38.204" intervalms="275.782" />
<cycle-start id="3938" type="global" contextid="0" timestamp="2019-08-08T10:56:38.204" intervalms="275.782" />
<gc-start id="3939" type="global" contextid="3938" timestamp="2019-08-08T10:56:38.204">
  <mem-info id="3940" free="404480" total="40501248" percent="0">
    <mem type="tenure" free="404480" total="40501248" percent="0">
      <mem type="soa" free="0" total="40096768" percent="0" />
      <mem type="loa" free="404480" total="404480" percent="100" />
    </mem>
  </mem-info>
</gc-start>
<allocation-stats totalBytes="22109456" >
  <allocated-bytes non-tlh="0" tlh="22109456" />
  <largest-consumer threadName="main" threadId="0000000002035F00" bytes="22109456" />
</allocation-stats>
<gc-op id="3941" type="mark" timems="8.664" contextid="3938" timestamp="2019-08-08T10:56:38.213">
  <trace-info objectcount="600663" scancount="521548" scanbytes="13386784" />
  <finalization candidates="80" enqueued="0" />
  <ownableSynchronizers candidates="21" cleared="0" />
  <references type="soft" candidates="3261" cleared="0" enqueued="0" dynamicThreshold="17" maxThreshold="32" />
  <references type="weak" candidates="5586" cleared="0" enqueued="0" />
  <references type="phantom" candidates="97" cleared="0" enqueued="0" />
  <stringconstants candidates="13596" cleared="0"  />
</gc-op>
<gc-op id="3942" type="sweep" timems="1.573" contextid="3938" timestamp="2019-08-08T10:56:38.214" />
<mem-info id="3943" free="22520904" total="40501248" percent="55">
  <mem type="tenure" free="22520904" total="40501248" percent="55" micro-fragmented="0" macro-fragmented="0">
    <mem type="soa" free="22116424" total="40096768" percent="55" />
    <mem type="loa" free="404480" total="404480" percent="100" />
  </mem>
</mem-info>
<gc-op id="3944" type="compact" timems="22.194" contextid="3938" timestamp="2019-08-08T10:56:38.237">
  <compact-info movecount="28" movebytes="888" reason="compact to aid heap contraction" />
</gc-op>
<heap-resize id="3945" type="expand" space="tenure" amount="131072" count="1" timems="0.017" reason="satisfy allocation request" timestamp="2019-08-08T10:56:38.237" />
<gc-end id="3946" type="global" contextid="3938" durationms="33.174" usertimems="73.396" systemtimems="0.000" timestamp="2019-08-08T10:56:38.237" activeThreads="16">
  <mem-info id="3947" free="22587544" total="40632320" percent="55">
    <mem type="tenure" free="22587544" total="40632320" percent="55">
      <mem type="soa" free="22182040" total="40226816" percent="55" />
      <mem type="loa" free="405504" total="405504" percent="100" />
    </mem>
  </mem-info>
</gc-end>
<cycle-end id="3948" type="global" contextid="3938" timestamp="2019-08-08T10:56:38.237" />
  <attribute name="elasticGC enabled" value="1" />
  <attribute name= "numThreadsSpecified" value="16" />
  <attribute name="heapSize specified" value="40501248" />
  <attribute name="Current GC Util" value="38" />
  <attribute name= "Current Time Running" value="146630" />
  <attribute name ="GC Interval" value="0" />
  <attribute name="Target GC Util Change" value ="80.000000" />
  <attribute name="Current GC Util Change" value="38.000000"/>
  <attribute name="Current Error" value="42.000000" />
  <attribute name="Output H" value="40576976"/>
  <attribute name="Output I" value="2088"/>
  <attribute name="Output T" value="16"/>
  <attribute name= "Current Time Running" value="146630" />
  <attribute name="GC Util currently" value="38" />
  <attribute name="CPU Util currently" value="51808677747" />
<allocation-satisfied id="3949" threadId="0000000002035F00" bytesRequested="24" />
<af-end id="3950" timestamp="2019-08-08T10:56:38.237" threadId="0000000002036888" success="true" />
<exclusive-end id="3951" timestamp="2019-08-08T10:56:38.237" durationms="33.531" />

<exclusive-start id="3952" timestamp="2019-08-08T10:56:38.504" intervalms="300.319">
  <response-info timems="0.119" idlems="0.119" threads="0" lastid="0000000002035F00" lastname="main" />
</exclusive-start>
<af-start id="3953" threadId="0000000002036888" totalBytesRequested="16" timestamp="2019-08-08T10:56:38.504" intervalms="300.209" />
<cycle-start id="3954" type="global" contextid="0" timestamp="2019-08-08T10:56:38.504" intervalms="300.208" />
<gc-start id="3955" type="global" contextid="3954" timestamp="2019-08-08T10:56:38.504">
  <mem-info id="3956" free="405504" total="40632320" percent="0">
    <mem type="tenure" free="405504" total="40632320" percent="0">
      <mem type="soa" free="0" total="40226816" percent="0" />
      <mem type="loa" free="405504" total="405504" percent="100" />
    </mem>
  </mem-info>
</gc-start>
<allocation-stats totalBytes="22246056" >
  <allocated-bytes non-tlh="0" tlh="22246056" />
  <largest-consumer threadName="main" threadId="0000000002035F00" bytes="22246056" />
</allocation-stats>
<gc-op id="3957" type="mark" timems="23.112" contextid="3954" timestamp="2019-08-08T10:56:38.527">
  <trace-info objectcount="600663" scancount="521550" scanbytes="13386792" />
  <finalization candidates="80" enqueued="0" />
  <ownableSynchronizers candidates="21" cleared="0" />
  <references type="soft" candidates="3261" cleared="0" enqueued="0" dynamicThreshold="17" maxThreshold="32" />
  <references type="weak" candidates="5586" cleared="0" enqueued="0" />
  <references type="phantom" candidates="97" cleared="0" enqueued="0" />
  <stringconstants candidates="13596" cleared="0"  />
</gc-op>
<gc-op id="3958" type="sweep" timems="2.671" contextid="3954" timestamp="2019-08-08T10:56:38.530" />
<mem-info id="3959" free="22653064" total="40632320" percent="55">
  <mem type="tenure" free="22653064" total="40632320" percent="55" micro-fragmented="0" macro-fragmented="0">
    <mem type="soa" free="22247560" total="40226816" percent="55" />
    <mem type="loa" free="405504" total="405504" percent="100" />
  </mem>
</mem-info>
<gc-op id="3960" type="compact" timems="28.705" contextid="3954" timestamp="2019-08-08T10:56:38.559">
  <compact-info movecount="3" movebytes="80" reason="compact to aid heap contraction" />
</gc-op>
<heap-resize id="3961" type="expand" space="tenure" amount="131072" count="1" timems="0.024" reason="satisfy allocation request" timestamp="2019-08-08T10:56:38.560" />
<gc-end id="3962" type="global" contextid="3954" durationms="55.719" usertimems="155.704" systemtimems="0.000" timestamp="2019-08-08T10:56:38.560" activeThreads="16">
  <mem-info id="3963" free="22718608" total="40763392" percent="55">
    <mem type="tenure" free="22718608" total="40763392" percent="55">
      <mem type="soa" free="22311056" total="40355840" percent="55" />
      <mem type="loa" free="407552" total="407552" percent="100" />
    </mem>
  </mem-info>
</gc-end>
<cycle-end id="3964" type="global" contextid="3954" timestamp="2019-08-08T10:56:38.560" />
  <attribute name="elasticGC enabled" value="1" />
  <attribute name= "numThreadsSpecified" value="16" />
  <attribute name="heapSize specified" value="40632320" />
  <attribute name="Current GC Util" value="33" />
  <attribute name= "Current Time Running" value="146952" />
  <attribute name ="GC Interval" value="0" />
  <attribute name="Target GC Util Change" value ="80.000000" />
  <attribute name="Current GC Util Change" value="33.000000"/>
  <attribute name="Current Error" value="-92.000000" />
  <attribute name="Output H" value="40707896"/>
  <attribute name="Output I" value="1848"/>
  <attribute name="Output T" value="16"/>
  <attribute name= "Current Time Running" value="146952" />
  <attribute name="GC Util currently" value="33" />
  <attribute name="CPU Util currently" value="40240302067" />
<allocation-satisfied id="3965" threadId="0000000002035F00" bytesRequested="16" />
<af-end id="3966" timestamp="2019-08-08T10:56:38.560" threadId="0000000002036888" success="true" />
<exclusive-end id="3967" timestamp="2019-08-08T10:56:38.560" durationms="55.971" />

<exclusive-start id="3968" timestamp="2019-08-08T10:56:38.633" intervalms="129.121">
  <response-info timems="0.053" idlems="0.053" threads="0" lastid="0000000002035F00" lastname="main" />
</exclusive-start>
<af-start id="3969" threadId="0000000002036888" totalBytesRequested="32" timestamp="2019-08-08T10:56:38.633" intervalms="129.102" />
<cycle-start id="3970" type="global" contextid="0" timestamp="2019-08-08T10:56:38.633" intervalms="129.098" />
<gc-start id="3971" type="global" contextid="3970" timestamp="2019-08-08T10:56:38.633">
  <mem-info id="3972" free="407552" total="40763392" percent="0">
    <mem type="tenure" free="407552" total="40763392" percent="0">
      <mem type="soa" free="0" total="40355840" percent="0" />
      <mem type="loa" free="407552" total="407552" percent="100" />
    </mem>
  </mem-info>
</gc-start>
<allocation-stats totalBytes="22374096" >
  <allocated-bytes non-tlh="0" tlh="22374096" />
  <largest-consumer threadName="main" threadId="0000000002035F00" bytes="22374096" />
</allocation-stats>
<gc-op id="3973" type="mark" timems="15.037" contextid="3970" timestamp="2019-08-08T10:56:38.648">
  <trace-info objectcount="600669" scancount="521566" scanbytes="13386912" />
  <finalization candidates="80" enqueued="0" />
  <ownableSynchronizers candidates="21" cleared="0" />
  <references type="soft" candidates="3261" cleared="0" enqueued="0" dynamicThreshold="17" maxThreshold="32" />
  <references type="weak" candidates="5586" cleared="0" enqueued="0" />
  <references type="phantom" candidates="97" cleared="0" enqueued="0" />
  <stringconstants candidates="13596" cleared="0"  />
</gc-op>
<gc-op id="3974" type="sweep" timems="2.361" contextid="3970" timestamp="2019-08-08T10:56:38.651" />
<mem-info id="3975" free="22782936" total="40763392" percent="55">
  <mem type="tenure" free="22782936" total="40763392" percent="55" micro-fragmented="0" macro-fragmented="0">
    <mem type="soa" free="22375384" total="40355840" percent="55" />
    <mem type="loa" free="407552" total="407552" percent="100" />
  </mem>
</mem-info>
<gc-op id="3976" type="compact" timems="27.412" contextid="3970" timestamp="2019-08-08T10:56:38.678">
  <compact-info movecount="26" movebytes="816" reason="compact to aid heap contraction" />
</gc-op>
<heap-resize id="3977" type="expand" space="tenure" amount="131072" count="1" timems="0.016" reason="satisfy allocation request" timestamp="2019-08-08T10:56:38.679" />
<gc-end id="3978" type="global" contextid="3970" durationms="45.658" usertimems="132.660" systemtimems="0.000" timestamp="2019-08-08T10:56:38.679" activeThreads="16">
  <mem-info id="3979" free="22849552" total="40894464" percent="55">
    <mem type="tenure" free="22849552" total="40894464" percent="55">
      <mem type="soa" free="22440976" total="40485888" percent="55" />
      <mem type="loa" free="408576" total="408576" percent="100" />
    </mem>
  </mem-info>
</gc-end>
<cycle-end id="3980" type="global" contextid="3970" timestamp="2019-08-08T10:56:38.679" />
  <attribute name="elasticGC enabled" value="1" />
  <attribute name= "numThreadsSpecified" value="16" />
  <attribute name="heapSize specified" value="40763392" />
  <attribute name="Current GC Util" value="44" />
  <attribute name= "Current Time Running" value="147072" />
  <attribute name ="GC Interval" value="0" />
  <attribute name="Target GC Util Change" value ="80.000000" />
  <attribute name="Current GC Util Change" value="44.000000"/>
  <attribute name="Current Error" value="-313.000000" />
  <attribute name="Output H" value="40838712"/>
  <attribute name="Output I" value="1456"/>
  <attribute name="Output T" value="16"/>
  <attribute name= "Current Time Running" value="147072" />
  <attribute name="GC Util currently" value="44" />
  <attribute name="CPU Util currently" value="42005538491" />
<allocation-satisfied id="3981" threadId="0000000002035F00" bytesRequested="32" />
<af-end id="3982" timestamp="2019-08-08T10:56:38.679" threadId="0000000002036888" success="true" />
<exclusive-end id="3983" timestamp="2019-08-08T10:56:38.679" durationms="45.856" />

<exclusive-start id="3984" timestamp="2019-08-08T10:56:38.753" intervalms="119.396">
  <response-info timems="0.059" idlems="0.059" threads="0" lastid="0000000002035F00" lastname="main" />
</exclusive-start>
<af-start id="3985" threadId="0000000002036888" totalBytesRequested="40" timestamp="2019-08-08T10:56:38.753" intervalms="119.398" />
<cycle-start id="3986" type="global" contextid="0" timestamp="2019-08-08T10:56:38.753" intervalms="119.391" />
<gc-start id="3987" type="global" contextid="3986" timestamp="2019-08-08T10:56:38.753">
  <mem-info id="3988" free="408576" total="40894464" percent="0">
    <mem type="tenure" free="408576" total="40894464" percent="0">
      <mem type="soa" free="0" total="40485888" percent="0" />
      <mem type="loa" free="408576" total="408576" percent="100" />
    </mem>
  </mem-info>
</gc-start>
<allocation-stats totalBytes="22503104" >
  <allocated-bytes non-tlh="0" tlh="22503104" />
  <largest-consumer threadName="main" threadId="0000000002035F00" bytes="22503104" />
</allocation-stats>
<gc-op id="3989" type="mark" timems="9.251" contextid="3986" timestamp="2019-08-08T10:56:38.762">
  <trace-info objectcount="600680" scancount="521561" scanbytes="13387128" />
  <finalization candidates="80" enqueued="0" />
  <ownableSynchronizers candidates="21" cleared="0" />
  <references type="soft" candidates="3261" cleared="0" enqueued="0" dynamicThreshold="17" maxThreshold="32" />
  <references type="weak" candidates="5586" cleared="0" enqueued="0" />
  <references type="phantom" candidates="97" cleared="0" enqueued="0" />
  <stringconstants candidates="13596" cleared="0"  />
</gc-op>
<gc-op id="3990" type="sweep" timems="3.285" contextid="3986" timestamp="2019-08-08T10:56:38.765" />
<mem-info id="3991" free="22913696" total="40894464" percent="56">
  <mem type="tenure" free="22913696" total="40894464" percent="56" micro-fragmented="0" macro-fragmented="0">
    <mem type="soa" free="22505120" total="40485888" percent="55" />
    <mem type="loa" free="408576" total="408576" percent="100" />
  </mem>
</mem-info>
<gc-op id="3992" type="compact" timems="24.575" contextid="3986" timestamp="2019-08-08T10:56:38.790">
  <compact-info movecount="30" movebytes="904" reason="compact to aid heap contraction" />
</gc-op>
<heap-resize id="3993" type="expand" space="tenure" amount="131072" count="1" timems="0.028" reason="satisfy allocation request" timestamp="2019-08-08T10:56:38.791" />
<gc-end id="3994" type="global" contextid="3986" durationms="38.258" usertimems="87.670" systemtimems="0.000" timestamp="2019-08-08T10:56:38.791" activeThreads="16">
  <mem-info id="3995" free="22980376" total="41025536" percent="56">
    <mem type="tenure" free="22980376" total="41025536" percent="56">
      <mem type="soa" free="22570776" total="40615936" percent="55" />
      <mem type="loa" free="409600" total="409600" percent="100" />
    </mem>
  </mem-info>
</gc-end>
<cycle-end id="3996" type="global" contextid="3986" timestamp="2019-08-08T10:56:38.791" />
  <attribute name="elasticGC enabled" value="1" />
  <attribute name= "numThreadsSpecified" value="16" />
  <attribute name="heapSize specified" value="40894464" />
  <attribute name="Current GC Util" value="43" />
  <attribute name= "Current Time Running" value="147183" />
  <attribute name ="GC Interval" value="0" />
  <attribute name="Target GC Util Change" value ="80.000000" />
  <attribute name="Current GC Util Change" value="43.000000"/>
  <attribute name="Current Error" value="37.000000" />
  <attribute name="Output H" value="40970192"/>
  <attribute name="Output I" value="2080"/>
  <attribute name="Output T" value="16"/>
  <attribute name= "Current Time Running" value="147183" />
  <attribute name="GC Util currently" value="43" />
  <attribute name="CPU Util currently" value="46814766740" />
<allocation-satisfied id="3997" threadId="0000000002035F00" bytesRequested="40" />
<af-end id="3998" timestamp="2019-08-08T10:56:38.791" threadId="0000000002036888" success="true" />
<exclusive-end id="3999" timestamp="2019-08-08T10:56:38.791" durationms="38.475" />

<exclusive-start id="4000" timestamp="2019-08-08T10:56:38.848" intervalms="95.382">
  <response-info timems="0.020" idlems="0.020" threads="0" lastid="0000000002035F00" lastname="main" />
</exclusive-start>
<af-start id="4001" threadId="0000000002036888" totalBytesRequested="24" timestamp="2019-08-08T10:56:38.848" intervalms="95.385" />
<cycle-start id="4002" type="global" contextid="0" timestamp="2019-08-08T10:56:38.848" intervalms="95.390" />
<gc-start id="4003" type="global" contextid="4002" timestamp="2019-08-08T10:56:38.848">
  <mem-info id="4004" free="409600" total="41025536" percent="0">
    <mem type="tenure" free="409600" total="41025536" percent="0">
      <mem type="soa" free="0" total="40615936" percent="0" />
      <mem type="loa" free="409600" total="409600" percent="100" />
    </mem>
  </mem-info>
</gc-start>
<allocation-stats totalBytes="22633280" >
  <allocated-bytes non-tlh="0" tlh="22633280" />
  <largest-consumer threadName="main" threadId="0000000002035F00" bytes="22633280" />
</allocation-stats>
<gc-op id="4005" type="mark" timems="12.822" contextid="4002" timestamp="2019-08-08T10:56:38.861">
  <trace-info objectcount="600680" scancount="521564" scanbytes="13387128" />
  <finalization candidates="80" enqueued="0" />
  <ownableSynchronizers candidates="21" cleared="0" />
  <references type="soft" candidates="3261" cleared="0" enqueued="0" dynamicThreshold="17" maxThreshold="32" />
  <references type="weak" candidates="5586" cleared="0" enqueued="0" />
  <references type="phantom" candidates="97" cleared="0" enqueued="0" />
  <stringconstants candidates="13596" cleared="0"  />
</gc-op>
<gc-op id="4006" type="sweep" timems="5.083" contextid="4002" timestamp="2019-08-08T10:56:38.866" />
<mem-info id="4007" free="23045800" total="41025536" percent="56">
  <mem type="tenure" free="23045800" total="41025536" percent="56" micro-fragmented="0" macro-fragmented="0">
    <mem type="soa" free="22636200" total="40615936" percent="55" />
    <mem type="loa" free="409600" total="409600" percent="100" />
  </mem>
</mem-info>
<gc-op id="4008" type="compact" timems="34.526" contextid="4002" timestamp="2019-08-08T10:56:38.901">
  <compact-info movecount="6" movebytes="136" reason="compact to aid heap contraction" />
</gc-op>
<heap-resize id="4009" type="expand" space="tenure" amount="131072" count="1" timems="0.023" reason="satisfy allocation request" timestamp="2019-08-08T10:56:38.901" />
<gc-end id="4010" type="global" contextid="4002" durationms="53.365" usertimems="99.099" systemtimems="0.000" timestamp="2019-08-08T10:56:38.901" activeThreads="16">
  <mem-info id="4011" free="23111448" total="41156608" percent="56">
    <mem type="tenure" free="23111448" total="41156608" percent="56">
      <mem type="soa" free="22700824" total="40745984" percent="55" />
      <mem type="loa" free="410624" total="410624" percent="100" />
    </mem>
  </mem-info>
</gc-end>
<cycle-end id="4012" type="global" contextid="4002" timestamp="2019-08-08T10:56:38.902" />
  <attribute name="elasticGC enabled" value="1" />
  <attribute name= "numThreadsSpecified" value="16" />
  <attribute name="heapSize specified" value="41025536" />
  <attribute name="Current GC Util" value="28" />
  <attribute name= "Current Time Running" value="147294" />
  <attribute name ="GC Interval" value="0" />
  <attribute name="Target GC Util Change" value ="80.000000" />
  <attribute name="Current GC Util Change" value="28.000000"/>
  <attribute name="Current Error" value="-162.000000" />
  <attribute name="Output H" value="41101032"/>
  <attribute name="Output I" value="1720"/>
  <attribute name="Output T" value="16"/>
  <attribute name= "Current Time Running" value="147294" />
  <attribute name="GC Util currently" value="28" />
  <attribute name="CPU Util currently" value="33367406815" />
<allocation-satisfied id="4013" threadId="0000000002035F00" bytesRequested="24" />
<af-end id="4014" timestamp="2019-08-08T10:56:38.902" threadId="0000000002036888" success="true" />
<exclusive-end id="4015" timestamp="2019-08-08T10:56:38.902" durationms="53.601" />

<exclusive-start id="4016" timestamp="2019-08-08T10:56:39.022" intervalms="174.494">
  <response-info timems="0.056" idlems="0.056" threads="0" lastid="0000000002035F00" lastname="main" />
</exclusive-start>
<af-start id="4017" threadId="0000000002036888" totalBytesRequested="32" timestamp="2019-08-08T10:56:39.023" intervalms="174.492" />
<cycle-start id="4018" type="global" contextid="0" timestamp="2019-08-08T10:56:39.023" intervalms="174.487" />
<gc-start id="4019" type="global" contextid="4018" timestamp="2019-08-08T10:56:39.023">
  <mem-info id="4020" free="410624" total="41156608" percent="0">
    <mem type="tenure" free="410624" total="41156608" percent="0">
      <mem type="soa" free="0" total="40745984" percent="0" />
      <mem type="loa" free="410624" total="410624" percent="100" />
    </mem>
  </mem-info>
</gc-start>
<allocation-stats totalBytes="22763800" >
  <allocated-bytes non-tlh="0" tlh="22763800" />
  <largest-consumer threadName="main" threadId="0000000002035F00" bytes="22763800" />
</allocation-stats>
<gc-op id="4021" type="mark" timems="11.668" contextid="4018" timestamp="2019-08-08T10:56:39.034">
  <trace-info objectcount="600679" scancount="521566" scanbytes="13387096" />
  <finalization candidates="80" enqueued="0" />
  <ownableSynchronizers candidates="21" cleared="0" />
  <references type="soft" candidates="3261" cleared="0" enqueued="0" dynamicThreshold="17" maxThreshold="32" />
  <references type="weak" candidates="5586" cleared="0" enqueued="0" />
  <references type="phantom" candidates="97" cleared="0" enqueued="0" />
  <stringconstants candidates="13596" cleared="0"  />
</gc-op>
<gc-op id="4022" type="sweep" timems="1.990" contextid="4018" timestamp="2019-08-08T10:56:39.036" />
<mem-info id="4023" free="23176120" total="41156608" percent="56">
  <mem type="tenure" free="23176120" total="41156608" percent="56" micro-fragmented="0" macro-fragmented="0">
    <mem type="soa" free="22765496" total="40745984" percent="55" />
    <mem type="loa" free="410624" total="410624" percent="100" />
  </mem>
</mem-info>
<gc-op id="4024" type="compact" timems="24.569" contextid="4018" timestamp="2019-08-08T10:56:39.061">
  <compact-info movecount="22" movebytes="696" reason="compact to aid heap contraction" />
</gc-op>
<heap-resize id="4025" type="expand" space="tenure" amount="131072" count="1" timems="0.018" reason="satisfy allocation request" timestamp="2019-08-08T10:56:39.062" />
<gc-end id="4026" type="global" contextid="4018" durationms="39.327" usertimems="112.279" systemtimems="0.000" timestamp="2019-08-08T10:56:39.062" activeThreads="16">
  <mem-info id="4027" free="23242568" total="41287680" percent="56">
    <mem type="tenure" free="23242568" total="41287680" percent="56">
      <mem type="soa" free="22829896" total="40875008" percent="55" />
      <mem type="loa" free="412672" total="412672" percent="100" />
    </mem>
  </mem-info>
</gc-end>
<cycle-end id="4028" type="global" contextid="4018" timestamp="2019-08-08T10:56:39.062" />
  <attribute name="elasticGC enabled" value="1" />
  <attribute name= "numThreadsSpecified" value="16" />
  <attribute name="heapSize specified" value="41156608" />
  <attribute name="Current GC Util" value="60" />
  <attribute name= "Current Time Running" value="147454" />
  <attribute name ="GC Interval" value="0" />
  <attribute name="Target GC Util Change" value ="80.000000" />
  <attribute name="Current GC Util Change" value="60.000000"/>
  <attribute name="Current Error" value="-646.000000" />
  <attribute name="Output H" value="41231544"/>
  <attribute name="Output I" value="856"/>
  <attribute name="Output T" value="16"/>
  <attribute name= "Current Time Running" value="147454" />
  <attribute name="GC Util currently" value="60" />
  <attribute name="CPU Util currently" value="46863378260" />
<allocation-satisfied id="4029" threadId="0000000002035F00" bytesRequested="32" />
<af-end id="4030" timestamp="2019-08-08T10:56:39.062" threadId="0000000002036888" success="true" />
<exclusive-end id="4031" timestamp="2019-08-08T10:56:39.062" durationms="39.523" />

<exclusive-start id="4032" timestamp="2019-08-08T10:56:39.216" intervalms="193.080">
  <response-info timems="0.047" idlems="0.047" threads="0" lastid="0000000002035F00" lastname="main" />
</exclusive-start>
<af-start id="4033" threadId="0000000002036888" totalBytesRequested="32" timestamp="2019-08-08T10:56:39.216" intervalms="193.083" />
<cycle-start id="4034" type="global" contextid="0" timestamp="2019-08-08T10:56:39.216" intervalms="193.085" />
<gc-start id="4035" type="global" contextid="4034" timestamp="2019-08-08T10:56:39.216">
  <mem-info id="4036" free="412672" total="41287680" percent="0">
    <mem type="tenure" free="412672" total="41287680" percent="0">
      <mem type="soa" free="0" total="40875008" percent="0" />
      <mem type="loa" free="412672" total="412672" percent="100" />
    </mem>
  </mem-info>
</gc-start>
<allocation-stats totalBytes="22894448" >
  <allocated-bytes non-tlh="0" tlh="22894448" />
  <largest-consumer threadName="main" threadId="0000000002035F00" bytes="22894448" />
</allocation-stats>
<gc-op id="4037" type="mark" timems="14.298" contextid="4034" timestamp="2019-08-08T10:56:39.230">
  <trace-info objectcount="600680" scancount="521560" scanbytes="13387128" />
  <finalization candidates="80" enqueued="0" />
  <ownableSynchronizers candidates="21" cleared="0" />
  <references type="soft" candidates="3261" cleared="0" enqueued="0" dynamicThreshold="18" maxThreshold="32" />
  <references type="weak" candidates="5586" cleared="0" enqueued="0" />
  <references type="phantom" candidates="97" cleared="0" enqueued="0" />
  <stringconstants candidates="13596" cleared="0"  />
</gc-op>
<gc-op id="4038" type="sweep" timems="3.784" contextid="4034" timestamp="2019-08-08T10:56:39.234" />
<mem-info id="4039" free="23307376" total="41287680" percent="56">
  <mem type="tenure" free="23307376" total="41287680" percent="56" micro-fragmented="0" macro-fragmented="0">
    <mem type="soa" free="22894704" total="40875008" percent="56" />
    <mem type="loa" free="412672" total="412672" percent="100" />
  </mem>
</mem-info>
<gc-op id="4040" type="compact" timems="35.810" contextid="4034" timestamp="2019-08-08T10:56:39.270">
  <compact-info movecount="5" movebytes="152" reason="compact to aid heap contraction" />
</gc-op>
<heap-resize id="4041" type="expand" space="tenure" amount="131072" count="1" timems="0.021" reason="satisfy allocation request" timestamp="2019-08-08T10:56:39.271" />
<gc-end id="4042" type="global" contextid="4034" durationms="55.341" usertimems="137.842" systemtimems="0.000" timestamp="2019-08-08T10:56:39.271" activeThreads="16">
  <mem-info id="4043" free="23373608" total="41418752" percent="56">
    <mem type="tenure" free="23373608" total="41418752" percent="56">
      <mem type="soa" free="22959912" total="41005056" percent="55" />
      <mem type="loa" free="413696" total="413696" percent="100" />
    </mem>
  </mem-info>
</gc-end>
<cycle-end id="4044" type="global" contextid="4034" timestamp="2019-08-08T10:56:39.271" />
  <attribute name="elasticGC enabled" value="1" />
  <attribute name= "numThreadsSpecified" value="16" />
  <attribute name="heapSize specified" value="41287680" />
  <attribute name="Current GC Util" value="48" />
  <attribute name= "Current Time Running" value="147663" />
  <attribute name ="GC Interval" value="0" />
  <attribute name="Target GC Util Change" value ="80.000000" />
  <attribute name="Current GC Util Change" value="48.000000"/>
  <attribute name="Current Error" value="32.000000" />
  <attribute name="Output H" value="41363400"/>
  <attribute name="Output I" value="2072"/>
  <attribute name="Output T" value="16"/>
  <attribute name= "Current Time Running" value="147663" />
  <attribute name="GC Util currently" value="48" />
  <attribute name="CPU Util currently" value="32147807410" />
<allocation-satisfied id="4045" threadId="0000000002035F00" bytesRequested="32" />
<af-end id="4046" timestamp="2019-08-08T10:56:39.271" threadId="0000000002036888" success="true" />
<exclusive-end id="4047" timestamp="2019-08-08T10:56:39.271" durationms="55.565" />

<exclusive-start id="4048" timestamp="2019-08-08T10:56:40.078" intervalms="862.339">
  <response-info timems="0.145" idlems="0.145" threads="0" lastid="0000000002035F00" lastname="main" />
</exclusive-start>
<af-start id="4049" threadId="0000000002036888" totalBytesRequested="24" timestamp="2019-08-08T10:56:40.078" intervalms="862.346" />
<cycle-start id="4050" type="global" contextid="0" timestamp="2019-08-08T10:56:40.078" intervalms="862.355" />
<gc-start id="4051" type="global" contextid="4050" timestamp="2019-08-08T10:56:40.078">
  <mem-info id="4052" free="413696" total="41418752" percent="0">
    <mem type="tenure" free="413696" total="41418752" percent="0">
      <mem type="soa" free="0" total="41005056" percent="0" />
      <mem type="loa" free="413696" total="413696" percent="100" />
    </mem>
  </mem-info>
</gc-start>
<allocation-stats totalBytes="23024056" >
  <allocated-bytes non-tlh="0" tlh="23024056" />
  <largest-consumer threadName="main" threadId="0000000002035F00" bytes="23024056" />
</allocation-stats>
<gc-op id="4053" type="mark" timems="11.135" contextid="4050" timestamp="2019-08-08T10:56:40.089">
  <trace-info objectcount="600691" scancount="521576" scanbytes="13387328" />
  <finalization candidates="80" enqueued="0" />
  <ownableSynchronizers candidates="21" cleared="0" />
  <references type="soft" candidates="3261" cleared="0" enqueued="0" dynamicThreshold="18" maxThreshold="32" />
  <references type="weak" candidates="5586" cleared="0" enqueued="0" />
  <references type="phantom" candidates="97" cleared="0" enqueued="0" />
  <stringconstants candidates="13596" cleared="0"  />
</gc-op>
<gc-op id="4054" type="sweep" timems="2.241" contextid="4050" timestamp="2019-08-08T10:56:40.092" />
<mem-info id="4055" free="23437360" total="41418752" percent="56">
  <mem type="tenure" free="23437360" total="41418752" percent="56" micro-fragmented="0" macro-fragmented="0">
    <mem type="soa" free="23023664" total="41005056" percent="56" />
    <mem type="loa" free="413696" total="413696" percent="100" />
  </mem>
</mem-info>
<gc-op id="4056" type="compact" timems="27.546" contextid="4050" timestamp="2019-08-08T10:56:40.119">
  <compact-info movecount="203" movebytes="5784" reason="compact to aid heap contraction" />
</gc-op>
<heap-resize id="4057" type="expand" space="tenure" amount="131072" count="1" timems="0.050" reason="satisfy allocation request" timestamp="2019-08-08T10:56:40.120" />
<gc-end id="4058" type="global" contextid="4050" durationms="41.905" usertimems="179.062" systemtimems="0.000" timestamp="2019-08-08T10:56:40.120" activeThreads="16">
  <mem-info id="4059" free="23504464" total="41549824" percent="56">
    <mem type="tenure" free="23504464" total="41549824" percent="56">
      <mem type="soa" free="23089744" total="41135104" percent="56" />
      <mem type="loa" free="414720" total="414720" percent="100" />
    </mem>
  </mem-info>
</gc-end>
<cycle-end id="4060" type="global" contextid="4050" timestamp="2019-08-08T10:56:40.120" />
  <attribute name="elasticGC enabled" value="1" />
  <attribute name= "numThreadsSpecified" value="16" />
  <attribute name="heapSize specified" value="41418752" />
  <attribute name="Current GC Util" value="44" />
  <attribute name= "Current Time Running" value="148512" />
  <attribute name ="GC Interval" value="0" />
  <attribute name="Target GC Util Change" value ="80.000000" />
  <attribute name="Current GC Util Change" value="44.000000"/>
  <attribute name="Current Error" value="-342.000000" />
  <attribute name="Output H" value="41494040"/>
  <attribute name="Output I" value="1400"/>
  <attribute name="Output T" value="16"/>
  <attribute name= "Current Time Running" value="148512" />
  <attribute name="GC Util currently" value="44" />
  <attribute name="CPU Util currently" value="41800406864" />
<allocation-satisfied id="4061" threadId="0000000002035F00" bytesRequested="24" />
<af-end id="4062" timestamp="2019-08-08T10:56:40.120" threadId="0000000002036888" success="true" />
<exclusive-end id="4063" timestamp="2019-08-08T10:56:40.120" durationms="42.141" />

<exclusive-start id="4064" timestamp="2019-08-08T10:56:41.784" intervalms="1705.896">
  <response-info timems="0.152" idlems="0.152" threads="0" lastid="0000000002035F00" lastname="main" />
</exclusive-start>
<af-start id="4065" threadId="0000000002036888" totalBytesRequested="24" timestamp="2019-08-08T10:56:41.784" intervalms="1705.898" />
<cycle-start id="4066" type="global" contextid="0" timestamp="2019-08-08T10:56:41.784" intervalms="1705.900" />
<gc-start id="4067" type="global" contextid="4066" timestamp="2019-08-08T10:56:41.784">
  <mem-info id="4068" free="414720" total="41549824" percent="0">
    <mem type="tenure" free="414720" total="41549824" percent="0">
      <mem type="soa" free="0" total="41135104" percent="0" />
      <mem type="loa" free="414720" total="414720" percent="100" />
    </mem>
  </mem-info>
</gc-start>
<allocation-stats totalBytes="23153888" >
  <allocated-bytes non-tlh="0" tlh="23153888" />
  <largest-consumer threadName="main" threadId="0000000002035F00" bytes="23153888" />
</allocation-stats>
<gc-op id="4069" type="mark" timems="24.941" contextid="4066" timestamp="2019-08-08T10:56:41.809">
  <trace-info objectcount="600720" scancount="521597" scanbytes="13387976" />
  <finalization candidates="80" enqueued="0" />
  <ownableSynchronizers candidates="21" cleared="0" />
  <references type="soft" candidates="3261" cleared="0" enqueued="0" dynamicThreshold="18" maxThreshold="32" />
  <references type="weak" candidates="5588" cleared="0" enqueued="0" />
  <references type="phantom" candidates="97" cleared="0" enqueued="0" />
  <stringconstants candidates="13596" cleared="0"  />
</gc-op>
<gc-op id="4070" type="sweep" timems="1.986" contextid="4066" timestamp="2019-08-08T10:56:41.811" />
<mem-info id="4071" free="23568576" total="41549824" percent="56">
  <mem type="tenure" free="23568576" total="41549824" percent="56" micro-fragmented="0" macro-fragmented="0">
    <mem type="soa" free="23153856" total="41135104" percent="56" />
    <mem type="loa" free="414720" total="414720" percent="100" />
  </mem>
</mem-info>
<gc-op id="4072" type="compact" timems="27.373" contextid="4066" timestamp="2019-08-08T10:56:41.838">
  <compact-info movecount="42" movebytes="1144" reason="compact to aid heap contraction" />
</gc-op>
<heap-resize id="4073" type="expand" space="tenure" amount="131072" count="1" timems="0.017" reason="satisfy allocation request" timestamp="2019-08-08T10:56:41.839" />
<gc-end id="4074" type="global" contextid="4066" durationms="55.129" usertimems="209.270" systemtimems="0.000" timestamp="2019-08-08T10:56:41.839" activeThreads="16">
  <mem-info id="4075" free="23634856" total="41680896" percent="56">
    <mem type="tenure" free="23634856" total="41680896" percent="56">
      <mem type="soa" free="23218088" total="41264128" percent="56" />
      <mem type="loa" free="416768" total="416768" percent="100" />
    </mem>
  </mem-info>
</gc-end>
<cycle-end id="4076" type="global" contextid="4066" timestamp="2019-08-08T10:56:41.839" />
  <attribute name="elasticGC enabled" value="1" />
  <attribute name= "numThreadsSpecified" value="16" />
  <attribute name="heapSize specified" value="41549824" />
  <attribute name="Current GC Util" value="39" />
  <attribute name= "Current Time Running" value="150232" />
  <attribute name ="GC Interval" value="0" />
  <attribute name="Target GC Util Change" value ="80.000000" />
  <attribute name="Current GC Util Change" value="39.000000"/>
  <attribute name="Current Error" value="-424.000000" />
  <attribute name="Output H" value="41625016"/>
  <attribute name="Output I" value="1256"/>
  <attribute name="Output T" value="16"/>
  <attribute name= "Current Time Running" value="150232" />
  <attribute name="GC Util currently" value="39" />
  <attribute name="CPU Util currently" value="42076602969" />
<allocation-satisfied id="4077" threadId="0000000002035F00" bytesRequested="24" />
<af-end id="4078" timestamp="2019-08-08T10:56:41.839" threadId="0000000002036888" success="true" />
<exclusive-end id="4079" timestamp="2019-08-08T10:56:41.839" durationms="55.363" />

<exclusive-start id="4080" timestamp="2019-08-08T10:56:41.938" intervalms="154.542">
  <response-info timems="0.057" idlems="0.057" threads="0" lastid="0000000002035F00" lastname="main" />
</exclusive-start>
<af-start id="4081" threadId="0000000002036888" totalBytesRequested="24" timestamp="2019-08-08T10:56:41.938" intervalms="154.529" />
<cycle-start id="4082" type="global" contextid="0" timestamp="2019-08-08T10:56:41.938" intervalms="154.518" />
<gc-start id="4083" type="global" contextid="4082" timestamp="2019-08-08T10:56:41.938">
  <mem-info id="4084" free="416768" total="41680896" percent="0">
    <mem type="tenure" free="416768" total="41680896" percent="0">
      <mem type="soa" free="0" total="41264128" percent="0" />
      <mem type="loa" free="416768" total="416768" percent="100" />
    </mem>
  </mem-info>
</gc-start>
<allocation-stats totalBytes="23281840" >
  <allocated-bytes non-tlh="0" tlh="23281840" />
  <largest-consumer threadName="main" threadId="0000000002035F00" bytes="23281840" />
</allocation-stats>
<gc-op id="4085" type="mark" timems="22.143" contextid="4082" timestamp="2019-08-08T10:56:41.961">
  <trace-info objectcount="600725" scancount="521613" scanbytes="13388064" />
  <finalization candidates="80" enqueued="0" />
  <ownableSynchronizers candidates="21" cleared="0" />
  <references type="soft" candidates="3261" cleared="0" enqueued="0" dynamicThreshold="18" maxThreshold="32" />
  <references type="weak" candidates="5588" cleared="0" enqueued="0" />
  <references type="phantom" candidates="97" cleared="0" enqueued="0" />
  <stringconstants candidates="13596" cleared="0"  />
</gc-op>
<gc-op id="4086" type="sweep" timems="1.777" contextid="4082" timestamp="2019-08-08T10:56:41.962" />
<mem-info id="4087" free="23700264" total="41680896" percent="56">
  <mem type="tenure" free="23700264" total="41680896" percent="56" micro-fragmented="0" macro-fragmented="0">
    <mem type="soa" free="23283496" total="41264128" percent="56" />
    <mem type="loa" free="416768" total="416768" percent="100" />
  </mem>
</mem-info>
<gc-op id="4088" type="compact" timems="23.067" contextid="4082" timestamp="2019-08-08T10:56:41.986">
  <compact-info movecount="6" movebytes="144" reason="compact to aid heap contraction" />
</gc-op>
<heap-resize id="4089" type="expand" space="tenure" amount="131072" count="1" timems="0.020" reason="satisfy allocation request" timestamp="2019-08-08T10:56:41.986" />
<gc-end id="4090" type="global" contextid="4082" durationms="47.858" usertimems="184.984" systemtimems="0.000" timestamp="2019-08-08T10:56:41.986" activeThreads="16">
  <mem-info id="4091" free="23765808" total="41811968" percent="56">
    <mem type="tenure" free="23765808" total="41811968" percent="56">
      <mem type="soa" free="23348016" total="41394176" percent="56" />
      <mem type="loa" free="417792" total="417792" percent="100" />
    </mem>
  </mem-info>
</gc-end>
<cycle-end id="4092" type="global" contextid="4082" timestamp="2019-08-08T10:56:41.986" />
  <attribute name="elasticGC enabled" value="1" />
  <attribute name= "numThreadsSpecified" value="16" />
  <attribute name="heapSize specified" value="41680896" />
  <attribute name="Current GC Util" value="29" />
  <attribute name= "Current Time Running" value="150379" />
  <attribute name ="GC Interval" value="0" />
  <attribute name="Target GC Util Change" value ="80.000000" />
  <attribute name="Current GC Util Change" value="29.000000"/>
  <attribute name="Current Error" value="51.000000" />
  <attribute name="Output H" value="41756640"/>
  <attribute name="Output I" value="2104"/>
  <attribute name="Output T" value="16"/>
  <attribute name= "Current Time Running" value="150379" />
  <attribute name="GC Util currently" value="29" />
  <attribute name="CPU Util currently" value="49865487954" />
<allocation-satisfied id="4093" threadId="0000000002035F00" bytesRequested="24" />
<af-end id="4094" timestamp="2019-08-08T10:56:41.986" threadId="0000000002036888" success="true" />
<exclusive-end id="4095" timestamp="2019-08-08T10:56:41.986" durationms="48.066" />

<exclusive-start id="4096" timestamp="2019-08-08T10:56:42.090" intervalms="151.231">
  <response-info timems="0.116" idlems="0.116" threads="0" lastid="0000000002035F00" lastname="main" />
</exclusive-start>
<af-start id="4097" threadId="0000000002036888" totalBytesRequested="32" timestamp="2019-08-08T10:56:42.090" intervalms="151.237" />
<cycle-start id="4098" type="global" contextid="0" timestamp="2019-08-08T10:56:42.090" intervalms="151.243" />
<gc-start id="4099" type="global" contextid="4098" timestamp="2019-08-08T10:56:42.090">
  <mem-info id="4100" free="417792" total="41811968" percent="0">
    <mem type="tenure" free="417792" total="41811968" percent="0">
      <mem type="soa" free="0" total="41394176" percent="0" />
      <mem type="loa" free="417792" total="417792" percent="100" />
    </mem>
  </mem-info>
</gc-start>
<allocation-stats totalBytes="23411832" >
  <allocated-bytes non-tlh="0" tlh="23411832" />
  <largest-consumer threadName="main" threadId="0000000002035F00" bytes="23411832" />
</allocation-stats>
<gc-op id="4101" type="mark" timems="14.903" contextid="4098" timestamp="2019-08-08T10:56:42.105">
  <trace-info objectcount="600738" scancount="521640" scanbytes="13388424" />
  <finalization candidates="80" enqueued="0" />
  <ownableSynchronizers candidates="21" cleared="0" />
  <references type="soft" candidates="3261" cleared="0" enqueued="0" dynamicThreshold="18" maxThreshold="32" />
  <references type="weak" candidates="5588" cleared="0" enqueued="0" />
  <references type="phantom" candidates="97" cleared="0" enqueued="0" />
  <stringconstants candidates="13596" cleared="0"  />
</gc-op>
<gc-op id="4102" type="sweep" timems="3.001" contextid="4098" timestamp="2019-08-08T10:56:42.108" />
<mem-info id="4103" free="23829768" total="41811968" percent="56">
  <mem type="tenure" free="23829768" total="41811968" percent="56" micro-fragmented="0" macro-fragmented="0">
    <mem type="soa" free="23411976" total="41394176" percent="56" />
    <mem type="loa" free="417792" total="417792" percent="100" />
  </mem>
</mem-info>
<gc-op id="4104" type="compact" timems="42.955" contextid="4098" timestamp="2019-08-08T10:56:42.151">
  <compact-info movecount="30" movebytes="904" reason="compact to aid heap contraction" />
</gc-op>
<heap-resize id="4105" type="expand" space="tenure" amount="131072" count="1" timems="0.023" reason="satisfy allocation request" timestamp="2019-08-08T10:56:42.152" />
<gc-end id="4106" type="global" contextid="4098" durationms="61.961" usertimems="148.546" systemtimems="0.000" timestamp="2019-08-08T10:56:42.152" activeThreads="16">
  <mem-info id="4107" free="23896536" total="41943040" percent="56">
    <mem type="tenure" free="23896536" total="41943040" percent="56">
      <mem type="soa" free="23477720" total="41524224" percent="56" />
      <mem type="loa" free="418816" total="418816" percent="100" />
    </mem>
  </mem-info>
</gc-end>
<cycle-end id="4108" type="global" contextid="4098" timestamp="2019-08-08T10:56:42.152" />
  <attribute name="elasticGC enabled" value="1" />
  <attribute name= "numThreadsSpecified" value="16" />
  <attribute name="heapSize specified" value="41811968" />
  <attribute name="Current GC Util" value="33" />
  <attribute name= "Current Time Running" value="150544" />
  <attribute name ="GC Interval" value="0" />
  <attribute name="Target GC Util Change" value ="80.000000" />
  <attribute name="Current GC Util Change" value="33.000000"/>
  <attribute name="Current Error" value="-80.000000" />
  <attribute name="Output H" value="41887560"/>
  <attribute name="Output I" value="1872"/>
  <attribute name="Output T" value="16"/>
  <attribute name= "Current Time Running" value="150544" />
  <attribute name="GC Util currently" value="33" />
  <attribute name="CPU Util currently" value="26777245435" />
<allocation-satisfied id="4109" threadId="0000000002035F00" bytesRequested="32" />
<af-end id="4110" timestamp="2019-08-08T10:56:42.152" threadId="0000000002036888" success="true" />
<exclusive-end id="4111" timestamp="2019-08-08T10:56:42.152" durationms="62.336" />

<exclusive-start id="4112" timestamp="2019-08-08T10:56:42.251" intervalms="161.834">
  <response-info timems="0.044" idlems="0.044" threads="0" lastid="0000000002035F00" lastname="main" />
</exclusive-start>
<af-start id="4113" threadId="0000000002036888" totalBytesRequested="24" timestamp="2019-08-08T10:56:42.251" intervalms="161.834" />
<cycle-start id="4114" type="global" contextid="0" timestamp="2019-08-08T10:56:42.252" intervalms="162.002" />
<gc-start id="4115" type="global" contextid="4114" timestamp="2019-08-08T10:56:42.252">
  <mem-info id="4116" free="418816" total="41943040" percent="0">
    <mem type="tenure" free="418816" total="41943040" percent="0">
      <mem type="soa" free="0" total="41524224" percent="0" />
      <mem type="loa" free="418816" total="418816" percent="100" />
    </mem>
  </mem-info>
</gc-start>
<allocation-stats totalBytes="23541680" >
  <allocated-bytes non-tlh="0" tlh="23541680" />
  <largest-consumer threadName="main" threadId="0000000002035F00" bytes="23541680" />
</allocation-stats>
<gc-op id="4117" type="mark" timems="27.628" contextid="4114" timestamp="2019-08-08T10:56:42.279">
  <trace-info objectcount="600740" scancount="521626" scanbytes="13388456" />
  <finalization candidates="80" enqueued="0" />
  <ownableSynchronizers candidates="21" cleared="0" />
  <references type="soft" candidates="3261" cleared="0" enqueued="0" dynamicThreshold="18" maxThreshold="32" />
  <references type="weak" candidates="5588" cleared="0" enqueued="0" />
  <references type="phantom" candidates="97" cleared="0" enqueued="0" />
  <stringconstants candidates="13596" cleared="0"  />
</gc-op>
<gc-op id="4118" type="sweep" timems="1.797" contextid="4114" timestamp="2019-08-08T10:56:42.281" />
<mem-info id="4119" free="23961272" total="41943040" percent="57">
  <mem type="tenure" free="23961272" total="41943040" percent="57" micro-fragmented="0" macro-fragmented="0">
    <mem type="soa" free="23542456" total="41524224" percent="56" />
    <mem type="loa" free="418816" total="418816" percent="100" />
  </mem>
</mem-info>
<gc-op id="4120" type="compact" timems="34.104" contextid="4114" timestamp="2019-08-08T10:56:42.315">
  <compact-info movecount="14" movebytes="360" reason="compact to aid heap contraction" />
</gc-op>
<heap-resize id="4121" type="expand" space="tenure" amount="131072" count="1" timems="0.022" reason="satisfy allocation request" timestamp="2019-08-08T10:56:42.317" />
<gc-end id="4122" type="global" contextid="4114" durationms="65.200" usertimems="248.632" systemtimems="0.000" timestamp="2019-08-08T10:56:42.317" activeThreads="16">
  <mem-info id="4123" free="24027576" total="42074112" percent="57">
    <mem type="tenure" free="24027576" total="42074112" percent="57">
      <mem type="soa" free="23607736" total="41654272" percent="56" />
      <mem type="loa" free="419840" total="419840" percent="100" />
    </mem>
  </mem-info>
</gc-end>
<cycle-end id="4124" type="global" contextid="4114" timestamp="2019-08-08T10:56:42.317" />
  <attribute name="elasticGC enabled" value="1" />
  <attribute name= "numThreadsSpecified" value="16" />
  <attribute name="heapSize specified" value="41943040" />
  <attribute name="Current GC Util" value="50" />
  <attribute name= "Current Time Running" value="150709" />
  <attribute name ="GC Interval" value="0" />
  <attribute name="Target GC Util Change" value ="80.000000" />
  <attribute name="Current GC Util Change" value="50.000000"/>
  <attribute name="Current Error" value="-471.000000" />
  <attribute name="Output H" value="42018184"/>
  <attribute name="Output I" value="1168"/>
  <attribute name="Output T" value="16"/>
  <attribute name= "Current Time Running" value="150709" />
  <attribute name="GC Util currently" value="50" />
  <attribute name="CPU Util currently" value="33765470410" />
<allocation-satisfied id="4125" threadId="0000000002035F00" bytesRequested="24" />
<af-end id="4126" timestamp="2019-08-08T10:56:42.317" threadId="0000000002036888" success="true" />
<exclusive-end id="4127" timestamp="2019-08-08T10:56:42.317" durationms="65.654" />

<exclusive-start id="4128" timestamp="2019-08-08T10:56:42.416" intervalms="164.877">
  <response-info timems="0.106" idlems="0.106" threads="0" lastid="0000000002035F00" lastname="main" />
</exclusive-start>
<af-start id="4129" threadId="0000000002036888" totalBytesRequested="24" timestamp="2019-08-08T10:56:42.416" intervalms="164.882" />
<cycle-start id="4130" type="global" contextid="0" timestamp="2019-08-08T10:56:42.416" intervalms="164.714" />
<gc-start id="4131" type="global" contextid="4130" timestamp="2019-08-08T10:56:42.416">
  <mem-info id="4132" free="419840" total="42074112" percent="0">
    <mem type="tenure" free="419840" total="42074112" percent="0">
      <mem type="soa" free="0" total="41654272" percent="0" />
      <mem type="loa" free="419840" total="419840" percent="100" />
    </mem>
  </mem-info>
</gc-start>
<allocation-stats totalBytes="23671648" >
  <allocated-bytes non-tlh="0" tlh="23671648" />
  <largest-consumer threadName="main" threadId="0000000002035F00" bytes="23671648" />
</allocation-stats>
<gc-op id="4133" type="mark" timems="16.807" contextid="4130" timestamp="2019-08-08T10:56:42.433">
  <trace-info objectcount="600741" scancount="521626" scanbytes="13388508" />
  <finalization candidates="80" enqueued="0" />
  <ownableSynchronizers candidates="21" cleared="0" />
  <references type="soft" candidates="3261" cleared="0" enqueued="0" dynamicThreshold="18" maxThreshold="32" />
  <references type="weak" candidates="5588" cleared="0" enqueued="0" />
  <references type="phantom" candidates="97" cleared="0" enqueued="0" />
  <stringconstants candidates="13596" cleared="0"  />
</gc-op>
<gc-op id="4134" type="sweep" timems="10.540" contextid="4130" timestamp="2019-08-08T10:56:42.444" />
<mem-info id="4135" free="24091536" total="42074112" percent="57">
  <mem type="tenure" free="24091536" total="42074112" percent="57" micro-fragmented="0" macro-fragmented="0">
    <mem type="soa" free="23671696" total="41654272" percent="56" />
    <mem type="loa" free="419840" total="419840" percent="100" />
  </mem>
</mem-info>
<gc-op id="4136" type="compact" timems="25.418" contextid="4130" timestamp="2019-08-08T10:56:42.469">
  <compact-info movecount="26" movebytes="824" reason="compact to aid heap contraction" />
</gc-op>
<heap-resize id="4137" type="expand" space="tenure" amount="131072" count="1" timems="0.016" reason="satisfy allocation request" timestamp="2019-08-08T10:56:42.470" />
<gc-end id="4138" type="global" contextid="4130" durationms="53.519" usertimems="134.845" systemtimems="0.000" timestamp="2019-08-08T10:56:42.470" activeThreads="16">
  <mem-info id="4139" free="24158600" total="42205184" percent="57">
    <mem type="tenure" free="24158600" total="42205184" percent="57">
      <mem type="soa" free="23736712" total="41783296" percent="56" />
      <mem type="loa" free="421888" total="421888" percent="100" />
    </mem>
  </mem-info>
</gc-end>
<cycle-end id="4140" type="global" contextid="4130" timestamp="2019-08-08T10:56:42.470" />
  <attribute name="elasticGC enabled" value="1" />
  <attribute name= "numThreadsSpecified" value="16" />
  <attribute name="heapSize specified" value="42074112" />
  <attribute name="Current GC Util" value="26" />
  <attribute name= "Current Time Running" value="150863" />
  <attribute name ="GC Interval" value="0" />
  <attribute name="Target GC Util Change" value ="80.000000" />
  <attribute name="Current GC Util Change" value="26.000000"/>
  <attribute name="Current Error" value="54.000000" />
  <attribute name="Output H" value="42149856"/>
  <attribute name="Output I" value="2104"/>
  <attribute name="Output T" value="16"/>
  <attribute name= "Current Time Running" value="150863" />
  <attribute name="GC Util currently" value="26" />
  <attribute name="CPU Util currently" value="45301194894" />
<allocation-satisfied id="4141" threadId="0000000002035F00" bytesRequested="24" />
<af-end id="4142" timestamp="2019-08-08T10:56:42.470" threadId="0000000002036888" success="true" />
<exclusive-end id="4143" timestamp="2019-08-08T10:56:42.470" durationms="53.761" />

<exclusive-start id="4144" timestamp="2019-08-08T10:56:42.672" intervalms="255.715">
  <response-info timems="0.088" idlems="0.088" threads="0" lastid="0000000002035F00" lastname="main" />
</exclusive-start>
<af-start id="4145" threadId="0000000002036888" totalBytesRequested="24" timestamp="2019-08-08T10:56:42.672" intervalms="255.705" />
<cycle-start id="4146" type="global" contextid="0" timestamp="2019-08-08T10:56:42.672" intervalms="255.697" />
<gc-start id="4147" type="global" contextid="4146" timestamp="2019-08-08T10:56:42.672">
  <mem-info id="4148" free="421888" total="42205184" percent="0">
    <mem type="tenure" free="421888" total="42205184" percent="0">
      <mem type="soa" free="0" total="41783296" percent="0" />
      <mem type="loa" free="421888" total="421888" percent="100" />
    </mem>
  </mem-info>
</gc-start>
<allocation-stats totalBytes="23800368" >
  <allocated-bytes non-tlh="0" tlh="23800368" />
  <largest-consumer threadName="main" threadId="0000000002035F00" bytes="23800368" />
</allocation-stats>
<gc-op id="4149" type="mark" timems="12.985" contextid="4146" timestamp="2019-08-08T10:56:42.685">
  <trace-info objectcount="600742" scancount="521622" scanbytes="13388532" />
  <finalization candidates="80" enqueued="0" />
  <ownableSynchronizers candidates="21" cleared="0" />
  <references type="soft" candidates="3261" cleared="0" enqueued="0" dynamicThreshold="18" maxThreshold="32" />
  <references type="weak" candidates="5588" cleared="0" enqueued="0" />
  <references type="phantom" candidates="97" cleared="0" enqueued="0" />
  <stringconstants candidates="13596" cleared="0"  />
</gc-op>
<gc-op id="4150" type="sweep" timems="1.902" contextid="4146" timestamp="2019-08-08T10:56:42.687" />
<mem-info id="4151" free="24223088" total="42205184" percent="57">
  <mem type="tenure" free="24223088" total="42205184" percent="57" micro-fragmented="0" macro-fragmented="0">
    <mem type="soa" free="23801200" total="41783296" percent="56" />
    <mem type="loa" free="421888" total="421888" percent="100" />
  </mem>
</mem-info>
<gc-op id="4152" type="compact" timems="32.419" contextid="4146" timestamp="2019-08-08T10:56:42.720">
  <compact-info movecount="9" movebytes="256" reason="compact to aid heap contraction" />
</gc-op>
<heap-resize id="4153" type="expand" space="tenure" amount="131072" count="1" timems="0.022" reason="satisfy allocation request" timestamp="2019-08-08T10:56:42.720" />
<gc-end id="4154" type="global" contextid="4146" durationms="48.130" usertimems="159.659" systemtimems="0.000" timestamp="2019-08-08T10:56:42.720" activeThreads="16">
  <mem-info id="4155" free="24289648" total="42336256" percent="57">
    <mem type="tenure" free="24289648" total="42336256" percent="57">
      <mem type="soa" free="23866736" total="41913344" percent="56" />
      <mem type="loa" free="422912" total="422912" percent="100" />
    </mem>
  </mem-info>
</gc-end>
<cycle-end id="4156" type="global" contextid="4146" timestamp="2019-08-08T10:56:42.720" />
  <attribute name="elasticGC enabled" value="1" />
  <attribute name= "numThreadsSpecified" value="16" />
  <attribute name="heapSize specified" value="42205184" />
  <attribute name="Current GC Util" value="88" />
  <attribute name= "Current Time Running" value="151113" />
  <attribute name ="GC Interval" value="0" />
  <attribute name="Target GC Util Change" value ="80.000000" />
  <attribute name="Current GC Util Change" value="88.000000"/>
  <attribute name="Current Error" value="-213.000000" />
  <attribute name="Output H" value="42280624"/>
  <attribute name="Output I" value="1632"/>
  <attribute name="Output T" value="16"/>
  <attribute name= "Current Time Running" value="151113" />
  <attribute name="GC Util currently" value="88" />
  <attribute name="CPU Util currently" value="35533351604" />
<allocation-satisfied id="4157" threadId="0000000002035F00" bytesRequested="24" />
<af-end id="4158" timestamp="2019-08-08T10:56:42.720" threadId="0000000002036888" success="true" />
<exclusive-end id="4159" timestamp="2019-08-08T10:56:42.720" durationms="48.487" />

<exclusive-start id="4160" timestamp="2019-08-08T10:56:42.875" intervalms="203.086">
  <response-info timems="0.123" idlems="0.123" threads="0" lastid="0000000002035F00" lastname="main" />
</exclusive-start>
<af-start id="4161" threadId="0000000002036888" totalBytesRequested="32" timestamp="2019-08-08T10:56:42.875" intervalms="203.085" />
<cycle-start id="4162" type="global" contextid="0" timestamp="2019-08-08T10:56:42.875" intervalms="203.094" />
<gc-start id="4163" type="global" contextid="4162" timestamp="2019-08-08T10:56:42.875">
  <mem-info id="4164" free="422912" total="42336256" percent="0">
    <mem type="tenure" free="422912" total="42336256" percent="0">
      <mem type="soa" free="0" total="41913344" percent="0" />
      <mem type="loa" free="422912" total="422912" percent="100" />
    </mem>
  </mem-info>
</gc-start>
<allocation-stats totalBytes="23930384" >
  <allocated-bytes non-tlh="0" tlh="23930384" />
  <largest-consumer threadName="main" threadId="0000000002035F00" bytes="23930384" />
</allocation-stats>
<gc-op id="4165" type="mark" timems="11.808" contextid="4162" timestamp="2019-08-08T10:56:42.887">
  <trace-info objectcount="600743" scancount="521635" scanbytes="13388528" />
  <finalization candidates="80" enqueued="0" />
  <ownableSynchronizers candidates="21" cleared="0" />
  <references type="soft" candidates="3261" cleared="0" enqueued="0" dynamicThreshold="18" maxThreshold="32" />
  <references type="weak" candidates="5588" cleared="0" enqueued="0" />
  <references type="phantom" candidates="97" cleared="0" enqueued="0" />
  <stringconstants candidates="13596" cleared="0"  />
</gc-op>
<gc-op id="4166" type="sweep" timems="1.894" contextid="4162" timestamp="2019-08-08T10:56:42.889" />
<mem-info id="4167" free="24354912" total="42336256" percent="57">
  <mem type="tenure" free="24354912" total="42336256" percent="57" micro-fragmented="0" macro-fragmented="0">
    <mem type="soa" free="23932000" total="41913344" percent="57" />
    <mem type="loa" free="422912" total="422912" percent="100" />
  </mem>
</mem-info>
<gc-op id="4168" type="compact" timems="25.545" contextid="4162" timestamp="2019-08-08T10:56:42.915">
  <compact-info movecount="10" movebytes="256" reason="compact to aid heap contraction" />
</gc-op>
<heap-resize id="4169" type="expand" space="tenure" amount="131072" count="1" timems="0.019" reason="satisfy allocation request" timestamp="2019-08-08T10:56:42.915" />
<gc-end id="4170" type="global" contextid="4162" durationms="40.051" usertimems="94.632" systemtimems="0.000" timestamp="2019-08-08T10:56:42.915" activeThreads="16">
  <mem-info id="4171" free="24420720" total="42467328" percent="57">
    <mem type="tenure" free="24420720" total="42467328" percent="57">
      <mem type="soa" free="23996784" total="42043392" percent="57" />
      <mem type="loa" free="423936" total="423936" percent="100" />
    </mem>
  </mem-info>
</gc-end>
<cycle-end id="4172" type="global" contextid="4162" timestamp="2019-08-08T10:56:42.915" />
  <attribute name="elasticGC enabled" value="1" />
  <attribute name= "numThreadsSpecified" value="16" />
  <attribute name="heapSize specified" value="42336256" />
  <attribute name="Current GC Util" value="40" />
  <attribute name= "Current Time Running" value="151308" />
  <attribute name ="GC Interval" value="0" />
  <attribute name="Target GC Util Change" value ="80.000000" />
  <attribute name="Current GC Util Change" value="40.000000"/>
  <attribute name="Current Error" value="-395.000000" />
  <attribute name="Output H" value="42411480"/>
  <attribute name="Output I" value="1304"/>
  <attribute name="Output T" value="16"/>
  <attribute name= "Current Time Running" value="151308" />
  <attribute name="GC Util currently" value="40" />
  <attribute name="CPU Util currently" value="45068379351" />
<allocation-satisfied id="4173" threadId="0000000002035F00" bytesRequested="32" />
<af-end id="4174" timestamp="2019-08-08T10:56:42.915" threadId="0000000002036888" success="true" />
<exclusive-end id="4175" timestamp="2019-08-08T10:56:42.915" durationms="40.284" />

<exclusive-start id="4176" timestamp="2019-08-08T10:56:43.883" intervalms="1007.959">
  <response-info timems="8.248" idlems="8.248" threads="0" lastid="0000000002035F00" lastname="main" />
</exclusive-start>
<af-start id="4177" threadId="0000000002036888" totalBytesRequested="112" timestamp="2019-08-08T10:56:43.883" intervalms="1007.974" />
<cycle-start id="4178" type="global" contextid="0" timestamp="2019-08-08T10:56:43.883" intervalms="1007.974" />
<gc-start id="4179" type="global" contextid="4178" timestamp="2019-08-08T10:56:43.883">
  <mem-info id="4180" free="423936" total="42467328" percent="0">
    <mem type="tenure" free="423936" total="42467328" percent="0">
      <mem type="soa" free="0" total="42043392" percent="0" />
      <mem type="loa" free="423936" total="423936" percent="100" />
    </mem>
  </mem-info>
</gc-start>
<allocation-stats totalBytes="24054136" >
  <allocated-bytes non-tlh="360" tlh="24053776" />
  <largest-consumer threadName="main" threadId="0000000002035F00" bytes="24054136" />
</allocation-stats>
<gc-op id="4181" type="mark" timems="25.894" contextid="4178" timestamp="2019-08-08T10:56:43.909">
  <trace-info objectcount="600787" scancount="521661" scanbytes="13389228" />
  <finalization candidates="80" enqueued="0" />
  <ownableSynchronizers candidates="21" cleared="0" />
  <references type="soft" candidates="3261" cleared="0" enqueued="0" dynamicThreshold="18" maxThreshold="32" />
  <references type="weak" candidates="5592" cleared="0" enqueued="0" />
  <references type="phantom" candidates="97" cleared="0" enqueued="0" />
  <stringconstants candidates="13602" cleared="0"  />
</gc-op>
<gc-op id="4182" type="sweep" timems="2.361" contextid="4178" timestamp="2019-08-08T10:56:43.912" />
<mem-info id="4183" free="24482608" total="42467328" percent="57">
  <mem type="tenure" free="24482608" total="42467328" percent="57" micro-fragmented="0" macro-fragmented="0">
    <mem type="soa" free="24058672" total="42043392" percent="57" />
    <mem type="loa" free="423936" total="423936" percent="100" />
  </mem>
</mem-info>
<gc-op id="4184" type="compact" timems="41.957" contextid="4178" timestamp="2019-08-08T10:56:43.954">
  <compact-info movecount="65" movebytes="2560" reason="compact to aid heap contraction" />
</gc-op>
<heap-resize id="4185" type="expand" space="tenure" amount="131072" count="1" timems="0.020" reason="satisfy allocation request" timestamp="2019-08-08T10:56:43.955" />
<gc-end id="4186" type="global" contextid="4178" durationms="71.500" usertimems="239.291" systemtimems="0.000" timestamp="2019-08-08T10:56:43.955" activeThreads="16">
  <mem-info id="4187" free="24549920" total="42598400" percent="57">
    <mem type="tenure" free="24549920" total="42598400" percent="57">
      <mem type="soa" free="24123936" total="42172416" percent="57" />
      <mem type="loa" free="425984" total="425984" percent="100" />
    </mem>
  </mem-info>
</gc-end>
<cycle-end id="4188" type="global" contextid="4178" timestamp="2019-08-08T10:56:43.955" />
  <attribute name="elasticGC enabled" value="1" />
  <attribute name= "numThreadsSpecified" value="16" />
  <attribute name="heapSize specified" value="42467328" />
  <attribute name="Current GC Util" value="35" />
  <attribute name= "Current Time Running" value="152347" />
  <attribute name ="GC Interval" value="0" />
  <attribute name="Target GC Util Change" value ="80.000000" />
  <attribute name="Current GC Util Change" value="35.000000"/>
  <attribute name="Current Error" value="45.000000" />
  <attribute name="Output H" value="42543064"/>
  <attribute name="Output I" value="2088"/>
  <attribute name="Output T" value="16"/>
  <attribute name= "Current Time Running" value="152347" />
  <attribute name="GC Util currently" value="35" />
  <attribute name="CPU Util currently" value="27459202939" />
<allocation-satisfied id="4189" threadId="0000000002035F00" bytesRequested="112" />
<af-end id="4190" timestamp="2019-08-08T10:56:43.955" threadId="0000000002036888" success="true" />
<exclusive-end id="4191" timestamp="2019-08-08T10:56:43.955" durationms="72.103" />

<exclusive-start id="4192" timestamp="2019-08-08T10:56:44.082" intervalms="199.104">
  <response-info timems="0.195" idlems="0.195" threads="0" lastid="0000000002035F00" lastname="main" />
</exclusive-start>
<af-start id="4193" threadId="0000000002036888" totalBytesRequested="208" timestamp="2019-08-08T10:56:44.082" intervalms="199.097" />
<cycle-start id="4194" type="global" contextid="0" timestamp="2019-08-08T10:56:44.082" intervalms="199.104" />
<gc-start id="4195" type="global" contextid="4194" timestamp="2019-08-08T10:56:44.082">
  <mem-info id="4196" free="425984" total="42598400" percent="1">
    <mem type="tenure" free="425984" total="42598400" percent="1">
      <mem type="soa" free="0" total="42172416" percent="0" />
      <mem type="loa" free="425984" total="425984" percent="100" />
    </mem>
  </mem-info>
</gc-start>
<allocation-stats totalBytes="24160752" >
  <allocated-bytes non-tlh="0" tlh="24160752" />
  <largest-consumer threadName="main" threadId="0000000002035F00" bytes="24160752" />
</allocation-stats>
<gc-op id="4197" type="mark" timems="33.762" contextid="4194" timestamp="2019-08-08T10:56:44.116">
  <trace-info objectcount="600788" scancount="521668" scanbytes="13389252" />
  <finalization candidates="80" enqueued="0" />
  <ownableSynchronizers candidates="21" cleared="0" />
  <references type="soft" candidates="3261" cleared="0" enqueued="0" dynamicThreshold="18" maxThreshold="32" />
  <references type="weak" candidates="5592" cleared="0" enqueued="0" />
  <references type="phantom" candidates="97" cleared="0" enqueued="0" />
  <stringconstants candidates="13602" cleared="0"  />
</gc-op>
<gc-op id="4198" type="sweep" timems="2.287" contextid="4194" timestamp="2019-08-08T10:56:44.118" />
<mem-info id="4199" free="24615064" total="42598400" percent="57">
  <mem type="tenure" free="24615064" total="42598400" percent="57" micro-fragmented="0" macro-fragmented="0">
    <mem type="soa" free="24189080" total="42172416" percent="57" />
    <mem type="loa" free="425984" total="425984" percent="100" />
  </mem>
</mem-info>
<gc-op id="4200" type="compact" timems="32.992" contextid="4194" timestamp="2019-08-08T10:56:44.152">
  <compact-info movecount="2" movebytes="56" reason="compact to aid heap contraction" />
</gc-op>
<heap-resize id="4201" type="expand" space="tenure" amount="131072" count="1" timems="0.021" reason="satisfy allocation request" timestamp="2019-08-08T10:56:44.152" />
<gc-end id="4202" type="global" contextid="4194" durationms="69.908" usertimems="347.627" systemtimems="0.000" timestamp="2019-08-08T10:56:44.152" activeThreads="16">
  <mem-info id="4203" free="24680968" total="42729472" percent="57">
    <mem type="tenure" free="24680968" total="42729472" percent="57">
      <mem type="soa" free="24253960" total="42302464" percent="57" />
      <mem type="loa" free="427008" total="427008" percent="100" />
    </mem>
  </mem-info>
</gc-end>
<cycle-end id="4204" type="global" contextid="4194" timestamp="2019-08-08T10:56:44.152" />
  <attribute name="elasticGC enabled" value="1" />
  <attribute name= "numThreadsSpecified" value="16" />
  <attribute name="heapSize specified" value="42598400" />
  <attribute name="Current GC Util" value="33" />
  <attribute name= "Current Time Running" value="152545" />
  <attribute name ="GC Interval" value="0" />
  <attribute name="Target GC Util Change" value ="80.000000" />
  <attribute name="Current GC Util Change" value="33.000000"/>
  <attribute name="Current Error" value="-285.000000" />
  <attribute name="Output H" value="42673752"/>
  <attribute name="Output I" value="1504"/>
  <attribute name="Output T" value="16"/>
  <attribute name= "Current Time Running" value="152545" />
  <attribute name="GC Util currently" value="33" />
  <attribute name="CPU Util currently" value="34910263816" />
<allocation-satisfied id="4205" threadId="0000000002035F00" bytesRequested="208" />
<af-end id="4206" timestamp="2019-08-08T10:56:44.152" threadId="0000000002036888" success="true" />
<exclusive-end id="4207" timestamp="2019-08-08T10:56:44.152" durationms="70.175" />

<exclusive-start id="4208" timestamp="2019-08-08T10:56:44.261" intervalms="179.145">
  <response-info timems="0.093" idlems="0.093" threads="0" lastid="0000000002035F00" lastname="main" />
</exclusive-start>
<af-start id="4209" threadId="0000000002036888" totalBytesRequested="208" timestamp="2019-08-08T10:56:44.261" intervalms="179.178" />
<cycle-start id="4210" type="global" contextid="0" timestamp="2019-08-08T10:56:44.261" intervalms="179.170" />
<gc-start id="4211" type="global" contextid="4210" timestamp="2019-08-08T10:56:44.261">
  <mem-info id="4212" free="427008" total="42729472" percent="0">
    <mem type="tenure" free="427008" total="42729472" percent="0">
      <mem type="soa" free="0" total="42302464" percent="0" />
      <mem type="loa" free="427008" total="427008" percent="100" />
    </mem>
  </mem-info>
</gc-start>
<allocation-stats totalBytes="24290864" >
  <allocated-bytes non-tlh="0" tlh="24290864" />
  <largest-consumer threadName="main" threadId="0000000002035F00" bytes="24290864" />
</allocation-stats>
<gc-op id="4213" type="mark" timems="12.712" contextid="4210" timestamp="2019-08-08T10:56:44.274">
  <trace-info objectcount="600788" scancount="521633" scanbytes="13389252" />
  <finalization candidates="80" enqueued="0" />
  <ownableSynchronizers candidates="21" cleared="0" />
  <references type="soft" candidates="3261" cleared="0" enqueued="0" dynamicThreshold="18" maxThreshold="32" />
  <references type="weak" candidates="5592" cleared="0" enqueued="0" />
  <references type="phantom" candidates="97" cleared="0" enqueued="0" />
  <stringconstants candidates="13602" cleared="0"  />
</gc-op>
<gc-op id="4214" type="sweep" timems="2.256" contextid="4210" timestamp="2019-08-08T10:56:44.277" />
<mem-info id="4215" free="24746464" total="42729472" percent="57">
  <mem type="tenure" free="24746464" total="42729472" percent="57" micro-fragmented="0" macro-fragmented="0">
    <mem type="soa" free="24319456" total="42302464" percent="57" />
    <mem type="loa" free="427008" total="427008" percent="100" />
  </mem>
</mem-info>
<gc-op id="4216" type="compact" timems="23.080" contextid="4210" timestamp="2019-08-08T10:56:44.300">
  <compact-info movecount="2" movebytes="56" reason="compact to aid heap contraction" />
</gc-op>
<heap-resize id="4217" type="expand" space="tenure" amount="131072" count="1" timems="0.021" reason="satisfy allocation request" timestamp="2019-08-08T10:56:44.300" />
<gc-end id="4218" type="global" contextid="4210" durationms="38.846" usertimems="154.259" systemtimems="0.000" timestamp="2019-08-08T10:56:44.300" activeThreads="16">
  <mem-info id="4219" free="24812040" total="42860544" percent="57">
    <mem type="tenure" free="24812040" total="42860544" percent="57">
      <mem type="soa" free="24384008" total="42432512" percent="57" />
      <mem type="loa" free="428032" total="428032" percent="100" />
    </mem>
  </mem-info>
</gc-end>
<cycle-end id="4220" type="global" contextid="4210" timestamp="2019-08-08T10:56:44.300" />
  <attribute name="elasticGC enabled" value="1" />
  <attribute name= "numThreadsSpecified" value="16" />
  <attribute name="heapSize specified" value="42729472" />
  <attribute name="Current GC Util" value="34" />
  <attribute name= "Current Time Running" value="152693" />
  <attribute name ="GC Interval" value="0" />
  <attribute name="Target GC Util Change" value ="80.000000" />
  <attribute name="Current GC Util Change" value="34.000000"/>
  <attribute name="Current Error" value="-371.000000" />
  <attribute name="Output H" value="42804728"/>
  <attribute name="Output I" value="1352"/>
  <attribute name="Output T" value="16"/>
  <attribute name= "Current Time Running" value="152693" />
  <attribute name="GC Util currently" value="34" />
  <attribute name="CPU Util currently" value="49786995601" />
<allocation-satisfied id="4221" threadId="0000000002035F00" bytesRequested="208" />
<af-end id="4222" timestamp="2019-08-08T10:56:44.300" threadId="0000000002036888" success="true" />
<exclusive-end id="4223" timestamp="2019-08-08T10:56:44.300" durationms="39.197" />

<exclusive-start id="4224" timestamp="2019-08-08T10:56:44.407" intervalms="145.886">
  <response-info timems="0.089" idlems="0.089" threads="0" lastid="0000000002035F00" lastname="main" />
</exclusive-start>
<af-start id="4225" threadId="0000000002036888" totalBytesRequested="48" timestamp="2019-08-08T10:56:44.407" intervalms="145.929" />
<cycle-start id="4226" type="global" contextid="0" timestamp="2019-08-08T10:56:44.407" intervalms="145.988" />
<gc-start id="4227" type="global" contextid="4226" timestamp="2019-08-08T10:56:44.408">
  <mem-info id="4228" free="428032" total="42860544" percent="0">
    <mem type="tenure" free="428032" total="42860544" percent="0">
      <mem type="soa" free="0" total="42432512" percent="0" />
      <mem type="loa" free="428032" total="428032" percent="100" />
    </mem>
  </mem-info>
</gc-start>
<allocation-stats totalBytes="24420688" >
  <allocated-bytes non-tlh="0" tlh="24420688" />
  <largest-consumer threadName="main" threadId="0000000002035F00" bytes="24420688" />
</allocation-stats>
<gc-op id="4229" type="mark" timems="26.579" contextid="4226" timestamp="2019-08-08T10:56:44.434">
  <trace-info objectcount="600788" scancount="521668" scanbytes="13389252" />
  <finalization candidates="80" enqueued="0" />
  <ownableSynchronizers candidates="21" cleared="0" />
  <references type="soft" candidates="3261" cleared="0" enqueued="0" dynamicThreshold="18" maxThreshold="32" />
  <references type="weak" candidates="5592" cleared="0" enqueued="0" />
  <references type="phantom" candidates="97" cleared="0" enqueued="0" />
  <stringconstants candidates="13602" cleared="0"  />
</gc-op>
<gc-op id="4230" type="sweep" timems="3.661" contextid="4226" timestamp="2019-08-08T10:56:44.438" />
<mem-info id="4231" free="24877568" total="42860544" percent="58">
  <mem type="tenure" free="24877568" total="42860544" percent="58" micro-fragmented="0" macro-fragmented="0">
    <mem type="soa" free="24449536" total="42432512" percent="57" />
    <mem type="loa" free="428032" total="428032" percent="100" />
  </mem>
</mem-info>
<gc-op id="4232" type="compact" timems="38.788" contextid="4226" timestamp="2019-08-08T10:56:44.477">
  <compact-info movecount="2" movebytes="56" reason="compact to aid heap contraction" />
</gc-op>
<heap-resize id="4233" type="expand" space="tenure" amount="131072" count="1" timems="0.018" reason="satisfy allocation request" timestamp="2019-08-08T10:56:44.478" />
<gc-end id="4234" type="global" contextid="4226" durationms="70.601" usertimems="223.217" systemtimems="0.000" timestamp="2019-08-08T10:56:44.478" activeThreads="16">
  <mem-info id="4235" free="24943112" total="42991616" percent="58">
    <mem type="tenure" free="24943112" total="42991616" percent="58">
      <mem type="soa" free="24514056" total="42562560" percent="57" />
      <mem type="loa" free="429056" total="429056" percent="100" />
    </mem>
  </mem-info>
</gc-end>
<cycle-end id="4236" type="global" contextid="4226" timestamp="2019-08-08T10:56:44.478" />
  <attribute name="elasticGC enabled" value="1" />
  <attribute name= "numThreadsSpecified" value="16" />
  <attribute name="heapSize specified" value="42860544" />
  <attribute name="Current GC Util" value="22" />
  <attribute name= "Current Time Running" value="152870" />
  <attribute name ="GC Interval" value="0" />
  <attribute name="Target GC Util Change" value ="80.000000" />
  <attribute name="Current GC Util Change" value="22.000000"/>
  <attribute name="Current Error" value="58.000000" />
  <attribute name="Output H" value="42936296"/>
  <attribute name="Output I" value="2112"/>
  <attribute name="Output T" value="16"/>
  <attribute name= "Current Time Running" value="152870" />
  <attribute name="GC Util currently" value="22" />
  <attribute name="CPU Util currently" value="29665148473" />
<allocation-satisfied id="4237" threadId="0000000002035F00" bytesRequested="48" />
<af-end id="4238" timestamp="2019-08-08T10:56:44.478" threadId="0000000002036888" success="true" />
<exclusive-end id="4239" timestamp="2019-08-08T10:56:44.478" durationms="71.163" />

<exclusive-start id="4240" timestamp="2019-08-08T10:56:44.876" intervalms="468.959">
  <response-info timems="0.066" idlems="0.066" threads="0" lastid="0000000002035F00" lastname="main" />
</exclusive-start>
<af-start id="4241" threadId="0000000002036888" totalBytesRequested="32" timestamp="2019-08-08T10:56:44.876" intervalms="468.947" />
<cycle-start id="4242" type="global" contextid="0" timestamp="2019-08-08T10:56:44.876" intervalms="468.892" />
<gc-start id="4243" type="global" contextid="4242" timestamp="2019-08-08T10:56:44.876">
  <mem-info id="4244" free="429056" total="42991616" percent="0">
    <mem type="tenure" free="429056" total="42991616" percent="0">
      <mem type="soa" free="0" total="42562560" percent="0" />
      <mem type="loa" free="429056" total="429056" percent="100" />
    </mem>
  </mem-info>
</gc-start>
<allocation-stats totalBytes="24568184" >
  <allocated-bytes non-tlh="0" tlh="24568184" />
  <largest-consumer threadName="main" threadId="0000000002035F00" bytes="24568184" />
</allocation-stats>
<gc-op id="4245" type="mark" timems="15.402" contextid="4242" timestamp="2019-08-08T10:56:44.892">
  <trace-info objectcount="600791" scancount="521673" scanbytes="13389444" />
  <finalization candidates="80" enqueued="0" />
  <ownableSynchronizers candidates="21" cleared="0" />
  <references type="soft" candidates="3261" cleared="0" enqueued="0" dynamicThreshold="18" maxThreshold="32" />
  <references type="weak" candidates="5598" cleared="0" enqueued="0" />
  <references type="phantom" candidates="97" cleared="0" enqueued="0" />
  <stringconstants candidates="13602" cleared="0"  />
</gc-op>
<gc-op id="4246" type="sweep" timems="3.999" contextid="4242" timestamp="2019-08-08T10:56:44.896" />
<mem-info id="4247" free="25007976" total="42991616" percent="58">
  <mem type="tenure" free="25007976" total="42991616" percent="58" micro-fragmented="0" macro-fragmented="0">
    <mem type="soa" free="24578920" total="42562560" percent="57" />
    <mem type="loa" free="429056" total="429056" percent="100" />
  </mem>
</mem-info>
<gc-op id="4248" type="compact" timems="146.804" contextid="4242" timestamp="2019-08-08T10:56:45.043">
  <compact-info movecount="556865" movebytes="15442192" reason="compact to aid heap contraction" />
</gc-op>
<heap-resize id="4249" type="expand" space="tenure" amount="131072" count="1" timems="0.021" reason="satisfy allocation request" timestamp="2019-08-08T10:56:45.044" />
<gc-end id="4250" type="global" contextid="4242" durationms="167.161" usertimems="278.162" systemtimems="0.000" timestamp="2019-08-08T10:56:45.044" activeThreads="16">
  <mem-info id="4251" free="25074832" total="43122688" percent="58">
    <mem type="tenure" free="25074832" total="43122688" percent="58">
      <mem type="soa" free="24643728" total="42691584" percent="57" />
      <mem type="loa" free="431104" total="431104" percent="100" />
    </mem>
  </mem-info>
</gc-end>
<cycle-end id="4252" type="global" contextid="4242" timestamp="2019-08-08T10:56:45.044" />
  <attribute name="elasticGC enabled" value="1" />
  <attribute name= "numThreadsSpecified" value="16" />
  <attribute name="heapSize specified" value="42991616" />
  <attribute name="Current GC Util" value="8" />
  <attribute name= "Current Time Running" value="153436" />
  <attribute name ="GC Interval" value="0" />
  <attribute name="Target GC Util Change" value ="80.000000" />
  <attribute name="Current GC Util Change" value="8.000000"/>
  <attribute name="Current Error" value="-41.000000" />
  <attribute name="Output H" value="43067256"/>
  <attribute name="Output I" value="1936"/>
  <attribute name="Output T" value="16"/>
  <attribute name= "Current Time Running" value="153436" />
  <attribute name="GC Util currently" value="8" />
  <attribute name="CPU Util currently" value="7849163718" />
<allocation-satisfied id="4253" threadId="0000000002035F00" bytesRequested="32" />
<af-end id="4254" timestamp="2019-08-08T10:56:45.044" threadId="0000000002036888" success="true" />
<exclusive-end id="4255" timestamp="2019-08-08T10:56:45.044" durationms="167.596" />

<exclusive-start id="4256" timestamp="2019-08-08T10:56:45.119" intervalms="243.350">
  <response-info timems="0.056" idlems="0.056" threads="0" lastid="0000000002035F00" lastname="main" />
</exclusive-start>
<af-start id="4257" threadId="0000000002036888" totalBytesRequested="16" timestamp="2019-08-08T10:56:45.120" intervalms="243.322" />
<cycle-start id="4258" type="global" contextid="0" timestamp="2019-08-08T10:56:45.120" intervalms="243.318" />
<gc-start id="4259" type="global" contextid="4258" timestamp="2019-08-08T10:56:45.120">
  <mem-info id="4260" free="431104" total="43122688" percent="0">
    <mem type="tenure" free="431104" total="43122688" percent="0">
      <mem type="soa" free="0" total="42691584" percent="0" />
      <mem type="loa" free="431104" total="431104" percent="100" />
    </mem>
  </mem-info>
</gc-start>
<allocation-stats totalBytes="24691048" >
  <allocated-bytes non-tlh="0" tlh="24691048" />
  <largest-consumer threadName="main" threadId="0000000002035F00" bytes="24691048" />
</allocation-stats>
<gc-op id="4261" type="mark" timems="9.951" contextid="4258" timestamp="2019-08-08T10:56:45.130">
  <trace-info objectcount="600798" scancount="521675" scanbytes="13389592" />
  <finalization candidates="80" enqueued="0" />
  <ownableSynchronizers candidates="21" cleared="0" />
  <references type="soft" candidates="3261" cleared="0" enqueued="0" dynamicThreshold="18" maxThreshold="32" />
  <references type="weak" candidates="5598" cleared="0" enqueued="0" />
  <references type="phantom" candidates="97" cleared="0" enqueued="0" />
  <stringconstants candidates="13602" cleared="0"  />
</gc-op>
<gc-op id="4262" type="sweep" timems="1.909" contextid="4258" timestamp="2019-08-08T10:56:45.132" />
<mem-info id="4263" free="25138552" total="43122688" percent="58">
  <mem type="tenure" free="25138552" total="43122688" percent="58" micro-fragmented="0" macro-fragmented="0">
    <mem type="soa" free="24707448" total="42691584" percent="57" />
    <mem type="loa" free="431104" total="431104" percent="100" />
  </mem>
</mem-info>
<gc-op id="4264" type="compact" timems="23.419" contextid="4258" timestamp="2019-08-08T10:56:45.155">
  <compact-info movecount="40" movebytes="1776" reason="compact to aid heap contraction" />
</gc-op>
<heap-resize id="4265" type="expand" space="tenure" amount="131072" count="1" timems="0.017" reason="satisfy allocation request" timestamp="2019-08-08T10:56:45.156" />
<gc-end id="4266" type="global" contextid="4258" durationms="36.209" usertimems="91.815" systemtimems="0.000" timestamp="2019-08-08T10:56:45.156" activeThreads="16">
  <mem-info id="4267" free="25205192" total="43253760" percent="58">
    <mem type="tenure" free="25205192" total="43253760" percent="58">
      <mem type="soa" free="24773064" total="42821632" percent="57" />
      <mem type="loa" free="432128" total="432128" percent="100" />
    </mem>
  </mem-info>
</gc-end>
<cycle-end id="4268" type="global" contextid="4258" timestamp="2019-08-08T10:56:45.156" />
  <attribute name="elasticGC enabled" value="1" />
  <attribute name= "numThreadsSpecified" value="16" />
  <attribute name="heapSize specified" value="43122688" />
  <attribute name="Current GC Util" value="47" />
  <attribute name= "Current Time Running" value="153549" />
  <attribute name ="GC Interval" value="0" />
  <attribute name="Target GC Util Change" value ="80.000000" />
  <attribute name="Current GC Util Change" value="47.000000"/>
  <attribute name="Current Error" value="-408.000000" />
  <attribute name="Output H" value="43197904"/>
  <attribute name="Output I" value="1280"/>
  <attribute name="Output T" value="16"/>
  <attribute name= "Current Time Running" value="153549" />
  <attribute name="GC Util currently" value="47" />
  <attribute name="CPU Util currently" value="49151928048" />
<allocation-satisfied id="4269" threadId="0000000002035F00" bytesRequested="16" />
<af-end id="4270" timestamp="2019-08-08T10:56:45.156" threadId="0000000002036888" success="true" />
<exclusive-end id="4271" timestamp="2019-08-08T10:56:45.156" durationms="36.611" />

<exclusive-start id="4272" timestamp="2019-08-08T10:56:45.167" intervalms="47.911">
  <response-info timems="0.060" idlems="0.060" threads="0" lastid="0000000002035F00" lastname="main" />
</exclusive-start>
<af-start id="4273" threadId="0000000002036888" totalBytesRequested="544" timestamp="2019-08-08T10:56:45.167" intervalms="47.912" />
<cycle-start id="4274" type="global" contextid="0" timestamp="2019-08-08T10:56:45.168" intervalms="47.914" />
<gc-start id="4275" type="global" contextid="4274" timestamp="2019-08-08T10:56:45.168">
  <mem-info id="4276" free="432128" total="43253760" percent="0">
    <mem type="tenure" free="432128" total="43253760" percent="0">
      <mem type="soa" free="0" total="42821632" percent="0" />
      <mem type="loa" free="432128" total="432128" percent="100" />
    </mem>
  </mem-info>
</gc-start>
<allocation-stats totalBytes="24795504" >
  <allocated-bytes non-tlh="0" tlh="24795504" />
  <largest-consumer threadName="main" threadId="0000000002035F00" bytes="24795504" />
</allocation-stats>
<gc-op id="4277" type="mark" timems="9.899" contextid="4274" timestamp="2019-08-08T10:56:45.178">
  <trace-info objectcount="600797" scancount="521675" scanbytes="13389560" />
  <finalization candidates="80" enqueued="0" />
  <ownableSynchronizers candidates="21" cleared="0" />
  <references type="soft" candidates="3261" cleared="0" enqueued="0" dynamicThreshold="18" maxThreshold="32" />
  <references type="weak" candidates="5598" cleared="0" enqueued="0" />
  <references type="phantom" candidates="97" cleared="0" enqueued="0" />
  <stringconstants candidates="13602" cleared="0"  />
</gc-op>
<gc-op id="4278" type="sweep" timems="2.340" contextid="4274" timestamp="2019-08-08T10:56:45.180" />
<mem-info id="4279" free="25270696" total="43253760" percent="58">
  <mem type="tenure" free="25270696" total="43253760" percent="58" micro-fragmented="0" macro-fragmented="0">
    <mem type="soa" free="24838568" total="42821632" percent="58" />
    <mem type="loa" free="432128" total="432128" percent="100" />
  </mem>
</mem-info>
<gc-op id="4280" type="compact" timems="24.448" contextid="4274" timestamp="2019-08-08T10:56:45.205">
  <compact-info movecount="3" movebytes="72" reason="compact to aid heap contraction" />
</gc-op>
<heap-resize id="4281" type="expand" space="tenure" amount="131072" count="1" timems="0.035" reason="satisfy allocation request" timestamp="2019-08-08T10:56:45.205" />
<gc-end id="4282" type="global" contextid="4274" durationms="37.631" usertimems="110.609" systemtimems="0.000" timestamp="2019-08-08T10:56:45.205" activeThreads="16">
  <mem-info id="4283" free="25336296" total="43384832" percent="58">
    <mem type="tenure" free="25336296" total="43384832" percent="58">
      <mem type="soa" free="24903144" total="42951680" percent="57" />
      <mem type="loa" free="433152" total="433152" percent="100" />
    </mem>
  </mem-info>
</gc-end>
<cycle-end id="4284" type="global" contextid="4274" timestamp="2019-08-08T10:56:45.205" />
  <attribute name="elasticGC enabled" value="1" />
  <attribute name= "numThreadsSpecified" value="16" />
  <attribute name="heapSize specified" value="43253760" />
  <attribute name="Current GC Util" value="47" />
  <attribute name= "Current Time Running" value="153598" />
  <attribute name ="GC Interval" value="0" />
  <attribute name="Target GC Util Change" value ="80.000000" />
  <attribute name="Current GC Util Change" value="47.000000"/>
  <attribute name="Current Error" value="33.000000" />
  <attribute name="Output H" value="43329480"/>
  <attribute name="Output I" value="2072"/>
  <attribute name="Output T" value="16"/>
  <attribute name= "Current Time Running" value="153598" />
  <attribute name="GC Util currently" value="47" />
  <attribute name="CPU Util currently" value="46972594580" />
<allocation-satisfied id="4285" threadId="0000000002035F00" bytesRequested="544" />
<af-end id="4286" timestamp="2019-08-08T10:56:45.205" threadId="0000000002036888" success="true" />
<exclusive-end id="4287" timestamp="2019-08-08T10:56:45.205" durationms="38.000" />

<exclusive-start id="4288" timestamp="2019-08-08T10:56:45.218" intervalms="50.242">
  <response-info timems="0.038" idlems="0.038" threads="0" lastid="0000000002035F00" lastname="main" />
</exclusive-start>
<af-start id="4289" threadId="0000000002036888" totalBytesRequested="544" timestamp="2019-08-08T10:56:45.218" intervalms="50.416" />
<cycle-start id="4290" type="global" contextid="0" timestamp="2019-08-08T10:56:45.218" intervalms="50.423" />
<gc-start id="4291" type="global" contextid="4290" timestamp="2019-08-08T10:56:45.218">
  <mem-info id="4292" free="433152" total="43384832" percent="0">
    <mem type="tenure" free="433152" total="43384832" percent="0">
      <mem type="soa" free="0" total="42951680" percent="0" />
      <mem type="loa" free="433152" total="433152" percent="100" />
    </mem>
  </mem-info>
</gc-start>
<allocation-stats totalBytes="24924720" >
  <allocated-bytes non-tlh="0" tlh="24924720" />
  <largest-consumer threadName="main" threadId="0000000002035F00" bytes="24924720" />
</allocation-stats>
<gc-op id="4293" type="mark" timems="20.165" contextid="4290" timestamp="2019-08-08T10:56:45.238">
  <trace-info objectcount="600797" scancount="521696" scanbytes="13389560" />
  <finalization candidates="80" enqueued="0" />
  <ownableSynchronizers candidates="21" cleared="0" />
  <references type="soft" candidates="3261" cleared="0" enqueued="0" dynamicThreshold="18" maxThreshold="32" />
  <references type="weak" candidates="5598" cleared="0" enqueued="0" />
  <references type="phantom" candidates="97" cleared="0" enqueued="0" />
  <stringconstants candidates="13602" cleared="0"  />
</gc-op>
<gc-op id="4294" type="sweep" timems="2.534" contextid="4290" timestamp="2019-08-08T10:56:45.241" />
<mem-info id="4295" free="25401696" total="43384832" percent="58">
  <mem type="tenure" free="25401696" total="43384832" percent="58" micro-fragmented="0" macro-fragmented="0">
    <mem type="soa" free="24968544" total="42951680" percent="58" />
    <mem type="loa" free="433152" total="433152" percent="100" />
  </mem>
</mem-info>
<gc-op id="4296" type="compact" timems="29.894" contextid="4290" timestamp="2019-08-08T10:56:45.271">
  <compact-info movecount="3" movebytes="72" reason="compact to aid heap contraction" />
</gc-op>
<heap-resize id="4297" type="expand" space="tenure" amount="131072" count="1" timems="0.017" reason="satisfy allocation request" timestamp="2019-08-08T10:56:45.271" />
<gc-end id="4298" type="global" contextid="4290" durationms="53.397" usertimems="112.616" systemtimems="0.000" timestamp="2019-08-08T10:56:45.271" activeThreads="16">
  <mem-info id="4299" free="25467368" total="43515904" percent="58">
    <mem type="tenure" free="25467368" total="43515904" percent="58">
      <mem type="soa" free="25033192" total="43081728" percent="58" />
      <mem type="loa" free="434176" total="434176" percent="100" />
    </mem>
  </mem-info>
</gc-end>
<cycle-end id="4300" type="global" contextid="4290" timestamp="2019-08-08T10:56:45.272" />
  <attribute name="elasticGC enabled" value="1" />
  <attribute name= "numThreadsSpecified" value="16" />
  <attribute name="heapSize specified" value="43384832" />
  <attribute name="Current GC Util" value="30" />
  <attribute name= "Current Time Running" value="153664" />
  <attribute name ="GC Interval" value="0" />
  <attribute name="Target GC Util Change" value ="80.000000" />
  <attribute name="Current GC Util Change" value="30.000000"/>
  <attribute name="Current Error" value="-234.000000" />
  <attribute name="Output H" value="43460248"/>
  <attribute name="Output I" value="1592"/>
  <attribute name="Output T" value="16"/>
  <attribute name= "Current Time Running" value="153664" />
  <attribute name="GC Util currently" value="30" />
  <attribute name="CPU Util currently" value="38493351466" />
<allocation-satisfied id="4301" threadId="0000000002035F00" bytesRequested="544" />
<af-end id="4302" timestamp="2019-08-08T10:56:45.272" threadId="0000000002036888" success="true" />
<exclusive-end id="4303" timestamp="2019-08-08T10:56:45.272" durationms="53.961" />

<exclusive-start id="4304" timestamp="2019-08-08T10:56:45.285" intervalms="67.509">
  <response-info timems="0.049" idlems="0.049" threads="0" lastid="0000000002035F00" lastname="main" />
</exclusive-start>
<af-start id="4305" threadId="0000000002036888" totalBytesRequested="32" timestamp="2019-08-08T10:56:45.285" intervalms="67.379" />
<cycle-start id="4306" type="global" contextid="0" timestamp="2019-08-08T10:56:45.285" intervalms="67.394" />
<gc-start id="4307" type="global" contextid="4306" timestamp="2019-08-08T10:56:45.285">
  <mem-info id="4308" free="434176" total="43515904" percent="0">
    <mem type="tenure" free="434176" total="43515904" percent="0">
      <mem type="soa" free="0" total="43081728" percent="0" />
      <mem type="loa" free="434176" total="434176" percent="100" />
    </mem>
  </mem-info>
</gc-start>
<allocation-stats totalBytes="25054584" >
  <allocated-bytes non-tlh="0" tlh="25054584" />
  <largest-consumer threadName="main" threadId="0000000002035F00" bytes="25054584" />
</allocation-stats>
<gc-op id="4309" type="mark" timems="28.485" contextid="4306" timestamp="2019-08-08T10:56:45.314">
  <trace-info objectcount="600798" scancount="521675" scanbytes="13389560" />
  <finalization candidates="80" enqueued="0" />
  <ownableSynchronizers candidates="21" cleared="0" />
  <references type="soft" candidates="3261" cleared="0" enqueued="0" dynamicThreshold="18" maxThreshold="32" />
  <references type="weak" candidates="5598" cleared="0" enqueued="0" />
  <references type="phantom" candidates="97" cleared="0" enqueued="0" />
  <stringconstants candidates="13602" cleared="0"  />
</gc-op>
<gc-op id="4310" type="sweep" timems="5.339" contextid="4306" timestamp="2019-08-08T10:56:45.319" />
<mem-info id="4311" free="25532296" total="43515904" percent="58">
  <mem type="tenure" free="25532296" total="43515904" percent="58" micro-fragmented="0" macro-fragmented="0">
    <mem type="soa" free="25098120" total="43081728" percent="58" />
    <mem type="loa" free="434176" total="434176" percent="100" />
  </mem>
</mem-info>
<gc-op id="4312" type="compact" timems="34.478" contextid="4306" timestamp="2019-08-08T10:56:45.354">
  <compact-info movecount="4" movebytes="656" reason="compact to aid heap contraction" />
</gc-op>
<heap-resize id="4313" type="expand" space="tenure" amount="131072" count="1" timems="0.019" reason="satisfy allocation request" timestamp="2019-08-08T10:56:45.355" />
<gc-end id="4314" type="global" contextid="4306" durationms="69.580" usertimems="166.233" systemtimems="0.000" timestamp="2019-08-08T10:56:45.355" activeThreads="16">
  <mem-info id="4315" free="25597856" total="43646976" percent="58">
    <mem type="tenure" free="25597856" total="43646976" percent="58">
      <mem type="soa" free="25161632" total="43210752" percent="58" />
      <mem type="loa" free="436224" total="436224" percent="100" />
    </mem>
  </mem-info>
</gc-end>
<cycle-end id="4316" type="global" contextid="4306" timestamp="2019-08-08T10:56:45.355" />
  <attribute name="elasticGC enabled" value="1" />
  <attribute name= "numThreadsSpecified" value="16" />
  <attribute name="heapSize specified" value="43515904" />
  <attribute name="Current GC Util" value="33" />
  <attribute name= "Current Time Running" value="153747" />
  <attribute name ="GC Interval" value="0" />
  <attribute name="Target GC Util Change" value ="80.000000" />
  <attribute name="Current GC Util Change" value="33.000000"/>
  <attribute name="Current Error" value="-179.000000" />
  <attribute name="Output H" value="43591384"/>
  <attribute name="Output I" value="1696"/>
  <attribute name="Output T" value="16"/>
  <attribute name= "Current Time Running" value="153747" />
  <attribute name="GC Util currently" value="33" />
  <attribute name="CPU Util currently" value="33397065427" />
<allocation-satisfied id="4317" threadId="0000000002035F00" bytesRequested="32" />
<af-end id="4318" timestamp="2019-08-08T10:56:45.355" threadId="0000000002036888" success="true" />
<exclusive-end id="4319" timestamp="2019-08-08T10:56:45.355" durationms="70.054" />

<exclusive-start id="4320" timestamp="2019-08-08T10:56:45.368" intervalms="82.693">
  <response-info timems="0.133" idlems="0.133" threads="0" lastid="0000000002035F00" lastname="main" />
</exclusive-start>
<af-start id="4321" threadId="0000000002036888" totalBytesRequested="544" timestamp="2019-08-08T10:56:45.368" intervalms="82.640" />
<cycle-start id="4322" type="global" contextid="0" timestamp="2019-08-08T10:56:45.368" intervalms="82.631" />
<gc-start id="4323" type="global" contextid="4322" timestamp="2019-08-08T10:56:45.368">
  <mem-info id="4324" free="436224" total="43646976" percent="0">
    <mem type="tenure" free="436224" total="43646976" percent="0">
      <mem type="soa" free="0" total="43210752" percent="0" />
      <mem type="loa" free="436224" total="436224" percent="100" />
    </mem>
  </mem-info>
</gc-start>
<allocation-stats totalBytes="25182264" >
  <allocated-bytes non-tlh="0" tlh="25182264" />
  <largest-consumer threadName="main" threadId="0000000002035F00" bytes="25182264" />
</allocation-stats>
<gc-op id="4325" type="mark" timems="11.890" contextid="4322" timestamp="2019-08-08T10:56:45.380">
  <trace-info objectcount="600797" scancount="521675" scanbytes="13389560" />
  <finalization candidates="80" enqueued="0" />
  <ownableSynchronizers candidates="21" cleared="0" />
  <references type="soft" candidates="3261" cleared="0" enqueued="0" dynamicThreshold="18" maxThreshold="32" />
  <references type="weak" candidates="5598" cleared="0" enqueued="0" />
  <references type="phantom" candidates="97" cleared="0" enqueued="0" />
  <stringconstants candidates="13602" cleared="0"  />
</gc-op>
<gc-op id="4326" type="sweep" timems="1.532" contextid="4322" timestamp="2019-08-08T10:56:45.382" />
<mem-info id="4327" free="25663472" total="43646976" percent="58">
  <mem type="tenure" free="25663472" total="43646976" percent="58" micro-fragmented="0" macro-fragmented="0">
    <mem type="soa" free="25227248" total="43210752" percent="58" />
    <mem type="loa" free="436224" total="436224" percent="100" />
  </mem>
</mem-info>
<gc-op id="4328" type="compact" timems="32.603" contextid="4322" timestamp="2019-08-08T10:56:45.414">
  <compact-info movecount="3" movebytes="72" reason="compact to aid heap contraction" />
</gc-op>
<heap-resize id="4329" type="expand" space="tenure" amount="131072" count="1" timems="0.020" reason="satisfy allocation request" timestamp="2019-08-08T10:56:45.415" />
<gc-end id="4330" type="global" contextid="4322" durationms="46.888" usertimems="137.476" systemtimems="0.000" timestamp="2019-08-08T10:56:45.415" activeThreads="16">
  <mem-info id="4331" free="25729512" total="43778048" percent="58">
    <mem type="tenure" free="25729512" total="43778048" percent="58">
      <mem type="soa" free="25292264" total="43340800" percent="58" />
      <mem type="loa" free="437248" total="437248" percent="100" />
    </mem>
  </mem-info>
</gc-end>
<cycle-end id="4332" type="global" contextid="4322" timestamp="2019-08-08T10:56:45.415" />
  <attribute name="elasticGC enabled" value="1" />
  <attribute name= "numThreadsSpecified" value="16" />
  <attribute name="heapSize specified" value="43646976" />
  <attribute name="Current GC Util" value="26" />
  <attribute name= "Current Time Running" value="153808" />
  <attribute name ="GC Interval" value="0" />
  <attribute name="Target GC Util Change" value ="80.000000" />
  <attribute name="Current GC Util Change" value="26.000000"/>
  <attribute name="Current Error" value="54.000000" />
  <attribute name="Output H" value="43722720"/>
  <attribute name="Output I" value="2104"/>
  <attribute name="Output T" value="16"/>
  <attribute name= "Current Time Running" value="153808" />
  <attribute name="GC Util currently" value="26" />
  <attribute name="CPU Util currently" value="35281372408" />
<allocation-satisfied id="4333" threadId="0000000002035F00" bytesRequested="544" />
<af-end id="4334" timestamp="2019-08-08T10:56:45.415" threadId="0000000002036888" success="true" />
<exclusive-end id="4335" timestamp="2019-08-08T10:56:45.415" durationms="47.282" />

<exclusive-start id="4336" timestamp="2019-08-08T10:56:45.433" intervalms="64.761">
  <response-info timems="0.067" idlems="0.067" threads="0" lastid="0000000002035F00" lastname="main" />
</exclusive-start>
<af-start id="4337" threadId="0000000002036888" totalBytesRequested="488" timestamp="2019-08-08T10:56:45.433" intervalms="64.774" />
<cycle-start id="4338" type="global" contextid="0" timestamp="2019-08-08T10:56:45.433" intervalms="64.870" />
<gc-start id="4339" type="global" contextid="4338" timestamp="2019-08-08T10:56:45.433">
  <mem-info id="4340" free="437248" total="43778048" percent="0">
    <mem type="tenure" free="437248" total="43778048" percent="0">
      <mem type="soa" free="0" total="43340800" percent="0" />
      <mem type="loa" free="437248" total="437248" percent="100" />
    </mem>
  </mem-info>
</gc-start>
<allocation-stats totalBytes="25312792" >
  <allocated-bytes non-tlh="0" tlh="25312792" />
  <largest-consumer threadName="main" threadId="0000000002035F00" bytes="25312792" />
</allocation-stats>
<gc-op id="4341" type="mark" timems="44.285" contextid="4338" timestamp="2019-08-08T10:56:45.477">
  <trace-info objectcount="600797" scancount="521679" scanbytes="13389560" />
  <finalization candidates="80" enqueued="0" />
  <ownableSynchronizers candidates="21" cleared="0" />
  <references type="soft" candidates="3261" cleared="0" enqueued="0" dynamicThreshold="18" maxThreshold="32" />
  <references type="weak" candidates="5598" cleared="0" enqueued="0" />
  <references type="phantom" candidates="97" cleared="0" enqueued="0" />
  <stringconstants candidates="13602" cleared="0"  />
</gc-op>
<gc-op id="4342" type="sweep" timems="2.138" contextid="4338" timestamp="2019-08-08T10:56:45.480" />
<mem-info id="4343" free="25794560" total="43778048" percent="58">
  <mem type="tenure" free="25794560" total="43778048" percent="58" micro-fragmented="0" macro-fragmented="0">
    <mem type="soa" free="25357312" total="43340800" percent="58" />
    <mem type="loa" free="437248" total="437248" percent="100" />
  </mem>
</mem-info>
<gc-op id="4344" type="compact" timems="38.083" contextid="4338" timestamp="2019-08-08T10:56:45.518">
  <compact-info movecount="3" movebytes="72" reason="compact to aid heap contraction" />
</gc-op>
<heap-resize id="4345" type="expand" space="tenure" amount="131072" count="1" timems="0.020" reason="satisfy allocation request" timestamp="2019-08-08T10:56:45.518" />
<gc-end id="4346" type="global" contextid="4338" durationms="85.585" usertimems="239.111" systemtimems="0.000" timestamp="2019-08-08T10:56:45.519" activeThreads="16">
  <mem-info id="4347" free="25860584" total="43909120" percent="58">
    <mem type="tenure" free="25860584" total="43909120" percent="58">
      <mem type="soa" free="25422312" total="43470848" percent="58" />
      <mem type="loa" free="438272" total="438272" percent="100" />
    </mem>
  </mem-info>
</gc-end>
<cycle-end id="4348" type="global" contextid="4338" timestamp="2019-08-08T10:56:45.519" />
  <attribute name="elasticGC enabled" value="1" />
  <attribute name= "numThreadsSpecified" value="16" />
  <attribute name="heapSize specified" value="43778048" />
  <attribute name="Current GC Util" value="27" />
  <attribute name= "Current Time Running" value="153911" />
  <attribute name ="GC Interval" value="0" />
  <attribute name="Target GC Util Change" value ="80.000000" />
  <attribute name="Current GC Util Change" value="27.000000"/>
  <attribute name="Current Error" value="-232.000000" />
  <attribute name="Output H" value="43853464"/>
  <attribute name="Output I" value="1600"/>
  <attribute name="Output T" value="16"/>
  <attribute name= "Current Time Running" value="153911" />
  <attribute name="GC Util currently" value="27" />
  <attribute name="CPU Util currently" value="30201188343" />
<allocation-satisfied id="4349" threadId="0000000002035F00" bytesRequested="488" />
<af-end id="4350" timestamp="2019-08-08T10:56:45.519" threadId="0000000002036888" success="true" />
<exclusive-end id="4351" timestamp="2019-08-08T10:56:45.519" durationms="86.326" />

<exclusive-start id="4352" timestamp="2019-08-08T10:56:45.532" intervalms="99.763">
  <response-info timems="0.095" idlems="0.095" threads="0" lastid="0000000002035F00" lastname="main" />
</exclusive-start>
<af-start id="4353" threadId="0000000002036888" totalBytesRequested="24" timestamp="2019-08-08T10:56:45.532" intervalms="99.780" />
<cycle-start id="4354" type="global" contextid="0" timestamp="2019-08-08T10:56:45.533" intervalms="99.708" />
<gc-start id="4355" type="global" contextid="4354" timestamp="2019-08-08T10:56:45.533">
  <mem-info id="4356" free="438272" total="43909120" percent="0">
    <mem type="tenure" free="438272" total="43909120" percent="0">
      <mem type="soa" free="0" total="43470848" percent="0" />
      <mem type="loa" free="438272" total="438272" percent="100" />
    </mem>
  </mem-info>
</gc-start>
<allocation-stats totalBytes="25443032" >
  <allocated-bytes non-tlh="0" tlh="25443032" />
  <largest-consumer threadName="main" threadId="0000000002035F00" bytes="25443032" />
</allocation-stats>
<gc-op id="4357" type="mark" timems="12.885" contextid="4354" timestamp="2019-08-08T10:56:45.546">
  <trace-info objectcount="600796" scancount="521680" scanbytes="13389544" />
  <finalization candidates="80" enqueued="0" />
  <ownableSynchronizers candidates="21" cleared="0" />
  <references type="soft" candidates="3261" cleared="0" enqueued="0" dynamicThreshold="18" maxThreshold="32" />
  <references type="weak" candidates="5598" cleared="0" enqueued="0" />
  <references type="phantom" candidates="97" cleared="0" enqueued="0" />
  <stringconstants candidates="13602" cleared="0"  />
</gc-op>
<gc-op id="4358" type="sweep" timems="1.763" contextid="4354" timestamp="2019-08-08T10:56:45.548" />
<mem-info id="4359" free="25926136" total="43909120" percent="59">
  <mem type="tenure" free="25926136" total="43909120" percent="59" micro-fragmented="0" macro-fragmented="0">
    <mem type="soa" free="25487864" total="43470848" percent="58" />
    <mem type="loa" free="438272" total="438272" percent="100" />
  </mem>
</mem-info>
<gc-op id="4360" type="compact" timems="37.941" contextid="4354" timestamp="2019-08-08T10:56:45.586">
  <compact-info movecount="2" movebytes="56" reason="compact to aid heap contraction" />
</gc-op>
<heap-resize id="4361" type="expand" space="tenure" amount="131072" count="1" timems="0.024" reason="satisfy allocation request" timestamp="2019-08-08T10:56:45.590" />
<gc-end id="4362" type="global" contextid="4354" durationms="57.219" usertimems="117.800" systemtimems="0.000" timestamp="2019-08-08T10:56:45.590" activeThreads="16">
  <mem-info id="4363" free="25991672" total="44040192" percent="59">
    <mem type="tenure" free="25991672" total="44040192" percent="59">
      <mem type="soa" free="25551352" total="43599872" percent="58" />
      <mem type="loa" free="440320" total="440320" percent="100" />
    </mem>
  </mem-info>
</gc-end>
<cycle-end id="4364" type="global" contextid="4354" timestamp="2019-08-08T10:56:45.590" />
  <attribute name="elasticGC enabled" value="1" />
  <attribute name= "numThreadsSpecified" value="16" />
  <attribute name="heapSize specified" value="43909120" />
  <attribute name="Current GC Util" value="39" />
  <attribute name= "Current Time Running" value="153980" />
  <attribute name ="GC Interval" value="0" />
  <attribute name="Target GC Util Change" value ="80.000000" />
  <attribute name="Current GC Util Change" value="39.000000"/>
  <attribute name="Current Error" value="-298.000000" />
  <attribute name="Output H" value="43984456"/>
  <attribute name="Output I" value="1480"/>
  <attribute name="Output T" value="16"/>
  <attribute name= "Current Time Running" value="153980" />
  <attribute name="GC Util currently" value="39" />
  <attribute name="CPU Util currently" value="29882070358" />
<allocation-satisfied id="4365" threadId="0000000002035F00" bytesRequested="24" />
<af-end id="4366" timestamp="2019-08-08T10:56:45.590" threadId="0000000002036888" success="true" />
<exclusive-end id="4367" timestamp="2019-08-08T10:56:45.590" durationms="57.766" />

<exclusive-start id="4368" timestamp="2019-08-08T10:56:45.608" intervalms="75.390">
  <response-info timems="0.023" idlems="0.023" threads="0" lastid="0000000002035F00" lastname="main" />
</exclusive-start>
<af-start id="4369" threadId="0000000002036888" totalBytesRequested="584" timestamp="2019-08-08T10:56:45.608" intervalms="75.516" />
<cycle-start id="4370" type="global" contextid="0" timestamp="2019-08-08T10:56:45.608" intervalms="75.493" />
<gc-start id="4371" type="global" contextid="4370" timestamp="2019-08-08T10:56:45.608">
  <mem-info id="4372" free="440320" total="44040192" percent="0">
    <mem type="tenure" free="440320" total="44040192" percent="0">
      <mem type="soa" free="0" total="43599872" percent="0" />
      <mem type="loa" free="440320" total="440320" percent="100" />
    </mem>
  </mem-info>
</gc-start>
<allocation-stats totalBytes="25572376" >
  <allocated-bytes non-tlh="0" tlh="25572376" />
  <largest-consumer threadName="main" threadId="0000000002035F00" bytes="25572376" />
</allocation-stats>
<gc-op id="4373" type="mark" timems="9.749" contextid="4370" timestamp="2019-08-08T10:56:45.618">
  <trace-info objectcount="600797" scancount="521675" scanbytes="13389560" />
  <finalization candidates="80" enqueued="0" />
  <ownableSynchronizers candidates="21" cleared="0" />
  <references type="soft" candidates="3261" cleared="0" enqueued="0" dynamicThreshold="18" maxThreshold="32" />
  <references type="weak" candidates="5598" cleared="0" enqueued="0" />
  <references type="phantom" candidates="97" cleared="0" enqueued="0" />
  <stringconstants candidates="13602" cleared="0"  />
</gc-op>
<gc-op id="4374" type="sweep" timems="1.876" contextid="4370" timestamp="2019-08-08T10:56:45.620" />
<mem-info id="4375" free="26056936" total="44040192" percent="59">
  <mem type="tenure" free="26056936" total="44040192" percent="59" micro-fragmented="0" macro-fragmented="0">
    <mem type="soa" free="25616616" total="43599872" percent="58" />
    <mem type="loa" free="440320" total="440320" percent="100" />
  </mem>
</mem-info>
<gc-op id="4376" type="compact" timems="40.795" contextid="4370" timestamp="2019-08-08T10:56:45.661">
  <compact-info movecount="3" movebytes="72" reason="compact to aid heap contraction" />
</gc-op>
<heap-resize id="4377" type="expand" space="tenure" amount="131072" count="1" timems="0.022" reason="satisfy allocation request" timestamp="2019-08-08T10:56:45.663" />
<gc-end id="4378" type="global" contextid="4370" durationms="54.482" usertimems="97.880" systemtimems="0.000" timestamp="2019-08-08T10:56:45.663" activeThreads="16">
  <mem-info id="4379" free="26122728" total="44171264" percent="59">
    <mem type="tenure" free="26122728" total="44171264" percent="59">
      <mem type="soa" free="25681384" total="43729920" percent="58" />
      <mem type="loa" free="441344" total="441344" percent="100" />
    </mem>
  </mem-info>
</gc-end>
<cycle-end id="4380" type="global" contextid="4370" timestamp="2019-08-08T10:56:45.663" />
  <attribute name="elasticGC enabled" value="1" />
  <attribute name= "numThreadsSpecified" value="16" />
  <attribute name="heapSize specified" value="44040192" />
  <attribute name="Current GC Util" value="28" />
  <attribute name= "Current Time Running" value="154054" />
  <attribute name ="GC Interval" value="0" />
  <attribute name="Target GC Util Change" value ="80.000000" />
  <attribute name="Current GC Util Change" value="28.000000"/>
  <attribute name="Current Error" value="52.000000" />
  <attribute name="Output H" value="44115936"/>
  <attribute name="Output I" value="2104"/>
  <attribute name="Output T" value="16"/>
  <attribute name= "Current Time Running" value="154054" />
  <attribute name="GC Util currently" value="28" />
  <attribute name="CPU Util currently" value="28218126990" />
<allocation-satisfied id="4381" threadId="0000000002035F00" bytesRequested="584" />
<af-end id="4382" timestamp="2019-08-08T10:56:45.663" threadId="0000000002036888" success="true" />
<exclusive-end id="4383" timestamp="2019-08-08T10:56:45.663" durationms="55.144" />

<exclusive-start id="4384" timestamp="2019-08-08T10:56:45.899" intervalms="291.680">
  <response-info timems="0.025" idlems="0.025" threads="0" lastid="0000000002035F00" lastname="main" />
</exclusive-start>
<af-start id="4385" threadId="0000000002036888" totalBytesRequested="32" timestamp="2019-08-08T10:56:45.900" intervalms="291.533" />
<cycle-start id="4386" type="global" contextid="0" timestamp="2019-08-08T10:56:45.900" intervalms="291.561" />
<gc-start id="4387" type="global" contextid="4386" timestamp="2019-08-08T10:56:45.900">
  <mem-info id="4388" free="441344" total="44171264" percent="0">
    <mem type="tenure" free="441344" total="44171264" percent="0">
      <mem type="soa" free="0" total="43729920" percent="0" />
      <mem type="loa" free="441344" total="441344" percent="100" />
    </mem>
  </mem-info>
</gc-start>
<allocation-stats totalBytes="25715944" >
  <allocated-bytes non-tlh="0" tlh="25715944" />
  <largest-consumer threadName="main" threadId="0000000002035F00" bytes="25715944" />
</allocation-stats>
<gc-op id="4389" type="mark" timems="21.199" contextid="4386" timestamp="2019-08-08T10:56:45.921">
  <trace-info objectcount="600818" scancount="521696" scanbytes="13390064" />
  <finalization candidates="80" enqueued="0" />
  <ownableSynchronizers candidates="21" cleared="0" />
  <references type="soft" candidates="3261" cleared="0" enqueued="0" dynamicThreshold="18" maxThreshold="32" />
  <references type="weak" candidates="5598" cleared="0" enqueued="0" />
  <references type="phantom" candidates="97" cleared="0" enqueued="0" />
  <stringconstants candidates="13602" cleared="0"  />
</gc-op>
<gc-op id="4390" type="sweep" timems="2.782" contextid="4386" timestamp="2019-08-08T10:56:45.924" />
<mem-info id="4391" free="26186664" total="44171264" percent="59">
  <mem type="tenure" free="26186664" total="44171264" percent="59" micro-fragmented="0" macro-fragmented="0">
    <mem type="soa" free="25745320" total="43729920" percent="58" />
    <mem type="loa" free="441344" total="441344" percent="100" />
  </mem>
</mem-info>
<gc-op id="4392" type="compact" timems="29.245" contextid="4386" timestamp="2019-08-08T10:56:45.953">
  <compact-info movecount="39" movebytes="1984" reason="compact to aid heap contraction" />
</gc-op>
<heap-resize id="4393" type="expand" space="tenure" amount="131072" count="1" timems="0.019" reason="satisfy allocation request" timestamp="2019-08-08T10:56:45.954" />
<gc-end id="4394" type="global" contextid="4386" durationms="54.310" usertimems="82.839" systemtimems="0.000" timestamp="2019-08-08T10:56:45.954" activeThreads="16">
  <mem-info id="4395" free="26252952" total="44302336" percent="59">
    <mem type="tenure" free="26252952" total="44302336" percent="59">
      <mem type="soa" free="25810584" total="43859968" percent="58" />
      <mem type="loa" free="442368" total="442368" percent="100" />
    </mem>
  </mem-info>
</gc-end>
<cycle-end id="4396" type="global" contextid="4386" timestamp="2019-08-08T10:56:45.954" />
  <attribute name="elasticGC enabled" value="1" />
  <attribute name= "numThreadsSpecified" value="16" />
  <attribute name="heapSize specified" value="44171264" />
  <attribute name="Current GC Util" value="23" />
  <attribute name= "Current Time Running" value="154347" />
  <attribute name ="GC Interval" value="0" />
  <attribute name="Target GC Util Change" value ="80.000000" />
  <attribute name="Current GC Util Change" value="23.000000"/>
  <attribute name="Current Error" value="44.000000" />
  <attribute name="Output H" value="44247000"/>
  <attribute name="Output I" value="2088"/>
  <attribute name="Output T" value="16"/>
  <attribute name= "Current Time Running" value="154347" />
  <attribute name="GC Util currently" value="23" />
  <attribute name="CPU Util currently" value="39327132430" />
<allocation-satisfied id="4397" threadId="0000000002035F00" bytesRequested="32" />
<af-end id="4398" timestamp="2019-08-08T10:56:45.954" threadId="0000000002036888" success="true" />
<exclusive-end id="4399" timestamp="2019-08-08T10:56:45.954" durationms="54.770" />

<exclusive-start id="4400" timestamp="2019-08-08T10:56:46.042" intervalms="143.014">
  <response-info timems="0.050" idlems="0.050" threads="0" lastid="0000000002035F00" lastname="main" />
</exclusive-start>
<af-start id="4401" threadId="0000000002036888" totalBytesRequested="456" timestamp="2019-08-08T10:56:46.043" intervalms="143.023" />
<cycle-start id="4402" type="global" contextid="0" timestamp="2019-08-08T10:56:46.043" intervalms="142.994" />
<gc-start id="4403" type="global" contextid="4402" timestamp="2019-08-08T10:56:46.043">
  <mem-info id="4404" free="442368" total="44302336" percent="0">
    <mem type="tenure" free="442368" total="44302336" percent="0">
      <mem type="soa" free="0" total="43859968" percent="0" />
      <mem type="loa" free="442368" total="442368" percent="100" />
    </mem>
  </mem-info>
</gc-start>
<allocation-stats totalBytes="25846520" >
  <allocated-bytes non-tlh="0" tlh="25846520" />
  <largest-consumer threadName="main" threadId="0000000002035F00" bytes="25846520" />
</allocation-stats>
<gc-op id="4405" type="mark" timems="25.891" contextid="4402" timestamp="2019-08-08T10:56:46.069">
  <trace-info objectcount="600814" scancount="521693" scanbytes="13390004" />
  <finalization candidates="80" enqueued="0" />
  <ownableSynchronizers candidates="21" cleared="0" />
  <references type="soft" candidates="3261" cleared="0" enqueued="0" dynamicThreshold="18" maxThreshold="32" />
  <references type="weak" candidates="5598" cleared="0" enqueued="0" />
  <references type="phantom" candidates="97" cleared="0" enqueued="0" />
  <stringconstants candidates="13602" cleared="0"  />
</gc-op>
<gc-op id="4406" type="sweep" timems="6.817" contextid="4402" timestamp="2019-08-08T10:56:46.076" />
<mem-info id="4407" free="26318424" total="44302336" percent="59">
  <mem type="tenure" free="26318424" total="44302336" percent="59" micro-fragmented="0" macro-fragmented="0">
    <mem type="soa" free="25876056" total="43859968" percent="58" />
    <mem type="loa" free="442368" total="442368" percent="100" />
  </mem>
</mem-info>
<gc-op id="4408" type="compact" timems="26.698" contextid="4402" timestamp="2019-08-08T10:56:46.103">
  <compact-info movecount="10" movebytes="736" reason="compact to aid heap contraction" />
</gc-op>
<heap-resize id="4409" type="expand" space="tenure" amount="131072" count="1" timems="0.019" reason="satisfy allocation request" timestamp="2019-08-08T10:56:46.103" />
<gc-end id="4410" type="global" contextid="4402" durationms="60.641" usertimems="158.658" systemtimems="0.000" timestamp="2019-08-08T10:56:46.103" activeThreads="16">
  <mem-info id="4411" free="26384544" total="44433408" percent="59">
    <mem type="tenure" free="26384544" total="44433408" percent="59">
      <mem type="soa" free="25941152" total="43990016" percent="58" />
      <mem type="loa" free="443392" total="443392" percent="100" />
    </mem>
  </mem-info>
</gc-end>
<cycle-end id="4412" type="global" contextid="4402" timestamp="2019-08-08T10:56:46.103" />
  <attribute name="elasticGC enabled" value="1" />
  <attribute name= "numThreadsSpecified" value="16" />
  <attribute name="heapSize specified" value="44302336" />
  <attribute name="Current GC Util" value="32" />
  <attribute name= "Current Time Running" value="154496" />
  <attribute name ="GC Interval" value="0" />
  <attribute name="Target GC Util Change" value ="80.000000" />
  <attribute name="Current GC Util Change" value="32.000000"/>
  <attribute name="Current Error" value="-255.000000" />
  <attribute name="Output H" value="44377728"/>
  <attribute name="Output I" value="1560"/>
  <attribute name="Output T" value="16"/>
  <attribute name= "Current Time Running" value="154496" />
  <attribute name="GC Util currently" value="32" />
  <attribute name="CPU Util currently" value="43041774966" />
<allocation-satisfied id="4413" threadId="0000000002035F00" bytesRequested="456" />
<af-end id="4414" timestamp="2019-08-08T10:56:46.104" threadId="0000000002036888" success="true" />
<exclusive-end id="4415" timestamp="2019-08-08T10:56:46.104" durationms="61.114" />

<exclusive-start id="4416" timestamp="2019-08-08T10:56:46.170" intervalms="127.328">
  <response-info timems="0.080" idlems="0.080" threads="0" lastid="0000000002035F00" lastname="main" />
</exclusive-start>
<af-start id="4417" threadId="0000000002036888" totalBytesRequested="32" timestamp="2019-08-08T10:56:46.170" intervalms="127.383" />
<cycle-start id="4418" type="global" contextid="0" timestamp="2019-08-08T10:56:46.170" intervalms="127.389" />
<gc-start id="4419" type="global" contextid="4418" timestamp="2019-08-08T10:56:46.170">
  <mem-info id="4420" free="443392" total="44433408" percent="0">
    <mem type="tenure" free="443392" total="44433408" percent="0">
      <mem type="soa" free="0" total="43990016" percent="0" />
      <mem type="loa" free="443392" total="443392" percent="100" />
    </mem>
  </mem-info>
</gc-start>
<allocation-stats totalBytes="25982632" >
  <allocated-bytes non-tlh="0" tlh="25982632" />
  <largest-consumer threadName="main" threadId="0000000002035F00" bytes="25982632" />
</allocation-stats>
<gc-op id="4421" type="mark" timems="14.691" contextid="4418" timestamp="2019-08-08T10:56:46.185">
  <trace-info objectcount="600824" scancount="521715" scanbytes="13390896" />
  <finalization candidates="80" enqueued="0" />
  <ownableSynchronizers candidates="21" cleared="0" />
  <references type="soft" candidates="3261" cleared="0" enqueued="0" dynamicThreshold="19" maxThreshold="32" />
  <references type="weak" candidates="5598" cleared="0" enqueued="0" />
  <references type="phantom" candidates="97" cleared="0" enqueued="0" />
  <stringconstants candidates="13602" cleared="0"  />
</gc-op>
<gc-op id="4422" type="sweep" timems="1.944" contextid="4418" timestamp="2019-08-08T10:56:46.187" />
<mem-info id="4423" free="26448992" total="44433408" percent="59">
  <mem type="tenure" free="26448992" total="44433408" percent="59" micro-fragmented="0" macro-fragmented="0">
    <mem type="soa" free="26005600" total="43990016" percent="59" />
    <mem type="loa" free="443392" total="443392" percent="100" />
  </mem>
</mem-info>
<gc-op id="4424" type="compact" timems="24.191" contextid="4418" timestamp="2019-08-08T10:56:46.211">
  <compact-info movecount="31" movebytes="1584" reason="compact to aid heap contraction" />
</gc-op>
<heap-resize id="4425" type="expand" space="tenure" amount="131072" count="1" timems="0.016" reason="satisfy allocation request" timestamp="2019-08-08T10:56:46.212" />
<gc-end id="4426" type="global" contextid="4418" durationms="41.858" usertimems="129.688" systemtimems="0.000" timestamp="2019-08-08T10:56:46.212" activeThreads="16">
  <mem-info id="4427" free="26515176" total="44564480" percent="59">
    <mem type="tenure" free="26515176" total="44564480" percent="59">
      <mem type="soa" free="26069736" total="44119040" percent="59" />
      <mem type="loa" free="445440" total="445440" percent="100" />
    </mem>
  </mem-info>
</gc-end>
<cycle-end id="4428" type="global" contextid="4418" timestamp="2019-08-08T10:56:46.212" />
  <attribute name="elasticGC enabled" value="1" />
  <attribute name= "numThreadsSpecified" value="16" />
  <attribute name="heapSize specified" value="44433408" />
  <attribute name="Current GC Util" value="33" />
  <attribute name= "Current Time Running" value="154605" />
  <attribute name ="GC Interval" value="0" />
  <attribute name="Target GC Util Change" value ="80.000000" />
  <attribute name="Current GC Util Change" value="33.000000"/>
  <attribute name="Current Error" value="47.000000" />
  <attribute name="Output H" value="44509144"/>
  <attribute name="Output I" value="2096"/>
  <attribute name="Output T" value="16"/>
  <attribute name= "Current Time Running" value="154605" />
  <attribute name="GC Util currently" value="33" />
  <attribute name="CPU Util currently" value="47538446750" />
<allocation-satisfied id="4429" threadId="0000000002035F00" bytesRequested="32" />
<af-end id="4430" timestamp="2019-08-08T10:56:46.212" threadId="0000000002036888" success="true" />
<exclusive-end id="4431" timestamp="2019-08-08T10:56:46.212" durationms="42.302" />

<exclusive-start id="4432" timestamp="2019-08-08T10:56:46.234" intervalms="63.734">
  <response-info timems="0.129" idlems="0.129" threads="0" lastid="0000000002035F00" lastname="main" />
</exclusive-start>
<af-start id="4433" threadId="0000000002036888" totalBytesRequested="408" timestamp="2019-08-08T10:56:46.234" intervalms="63.679" />
<cycle-start id="4434" type="global" contextid="0" timestamp="2019-08-08T10:56:46.234" intervalms="63.663" />
<gc-start id="4435" type="global" contextid="4434" timestamp="2019-08-08T10:56:46.234">
  <mem-info id="4436" free="445440" total="44564480" percent="0">
    <mem type="tenure" free="445440" total="44564480" percent="0">
      <mem type="soa" free="0" total="44119040" percent="0" />
      <mem type="loa" free="445440" total="445440" percent="100" />
    </mem>
  </mem-info>
</gc-start>
<allocation-stats totalBytes="26116152" >
  <allocated-bytes non-tlh="0" tlh="26116152" />
  <largest-consumer threadName="main" threadId="0000000002035F00" bytes="26116152" />
</allocation-stats>
<gc-op id="4437" type="mark" timems="34.423" contextid="4434" timestamp="2019-08-08T10:56:46.268">
  <trace-info objectcount="600823" scancount="521714" scanbytes="13390668" />
  <finalization candidates="80" enqueued="0" />
  <ownableSynchronizers candidates="21" cleared="0" />
  <references type="soft" candidates="3261" cleared="0" enqueued="0" dynamicThreshold="19" maxThreshold="32" />
  <references type="weak" candidates="5598" cleared="0" enqueued="0" />
  <references type="phantom" candidates="97" cleared="0" enqueued="0" />
  <stringconstants candidates="13602" cleared="0"  />
</gc-op>
<gc-op id="4438" type="sweep" timems="2.169" contextid="4434" timestamp="2019-08-08T10:56:46.271" />
<mem-info id="4439" free="26580680" total="44564480" percent="59">
  <mem type="tenure" free="26580680" total="44564480" percent="59" micro-fragmented="0" macro-fragmented="0">
    <mem type="soa" free="26135240" total="44119040" percent="59" />
    <mem type="loa" free="445440" total="445440" percent="100" />
  </mem>
</mem-info>
<gc-op id="4440" type="compact" timems="35.747" contextid="4434" timestamp="2019-08-08T10:56:46.306">
  <compact-info movecount="5" movebytes="144" reason="compact to aid heap contraction" />
</gc-op>
<heap-resize id="4441" type="expand" space="tenure" amount="131072" count="1" timems="0.025" reason="satisfy allocation request" timestamp="2019-08-08T10:56:46.307" />
<gc-end id="4442" type="global" contextid="4434" durationms="73.592" usertimems="95.064" systemtimems="0.000" timestamp="2019-08-08T10:56:46.307" activeThreads="16">
  <mem-info id="4443" free="26646472" total="44695552" percent="59">
    <mem type="tenure" free="26646472" total="44695552" percent="59">
      <mem type="soa" free="26200008" total="44249088" percent="59" />
      <mem type="loa" free="446464" total="446464" percent="100" />
    </mem>
  </mem-info>
</gc-end>
<cycle-end id="4444" type="global" contextid="4434" timestamp="2019-08-08T10:56:46.307" />
  <attribute name="elasticGC enabled" value="1" />
  <attribute name= "numThreadsSpecified" value="16" />
  <attribute name="heapSize specified" value="44564480" />
  <attribute name="Current GC Util" value="27" />
  <attribute name= "Current Time Running" value="154700" />
  <attribute name ="GC Interval" value="0" />
  <attribute name="Target GC Util Change" value ="80.000000" />
  <attribute name="Current GC Util Change" value="27.000000"/>
  <attribute name="Current Error" value="90.000000" />
  <attribute name="Output H" value="44640264"/>
  <attribute name="Output I" value="2168"/>
  <attribute name="Output T" value="16"/>
  <attribute name= "Current Time Running" value="154700" />
  <attribute name="GC Util currently" value="27" />
  <attribute name="CPU Util currently" value="32206711434" />
<allocation-satisfied id="4445" threadId="0000000002035F00" bytesRequested="408" />
<af-end id="4446" timestamp="2019-08-08T10:56:46.307" threadId="0000000002036888" success="true" />
<exclusive-end id="4447" timestamp="2019-08-08T10:56:46.307" durationms="73.945" />

<exclusive-start id="4448" timestamp="2019-08-08T10:56:46.340" intervalms="106.886">
  <response-info timems="0.062" idlems="0.062" threads="0" lastid="0000000002035F00" lastname="main" />
</exclusive-start>
<af-start id="4449" threadId="0000000002036888" totalBytesRequested="408" timestamp="2019-08-08T10:56:46.340" intervalms="106.846" />
<cycle-start id="4450" type="global" contextid="0" timestamp="2019-08-08T10:56:46.340" intervalms="106.846" />
<gc-start id="4451" type="global" contextid="4450" timestamp="2019-08-08T10:56:46.341">
  <mem-info id="4452" free="446464" total="44695552" percent="0">
    <mem type="tenure" free="446464" total="44695552" percent="0">
      <mem type="soa" free="0" total="44249088" percent="0" />
      <mem type="loa" free="446464" total="446464" percent="100" />
    </mem>
  </mem-info>
</gc-start>
<allocation-stats totalBytes="26245688" >
  <allocated-bytes non-tlh="0" tlh="26245688" />
  <largest-consumer threadName="main" threadId="0000000002035F00" bytes="26245688" />
</allocation-stats>
<gc-op id="4453" type="mark" timems="31.875" contextid="4450" timestamp="2019-08-08T10:56:46.373">
  <trace-info objectcount="600823" scancount="521714" scanbytes="13391044" />
  <finalization candidates="80" enqueued="0" />
  <ownableSynchronizers candidates="21" cleared="0" />
  <references type="soft" candidates="3261" cleared="0" enqueued="0" dynamicThreshold="19" maxThreshold="32" />
  <references type="weak" candidates="5598" cleared="0" enqueued="0" />
  <references type="phantom" candidates="97" cleared="0" enqueued="0" />
  <stringconstants candidates="13602" cleared="0"  />
</gc-op>
<gc-op id="4454" type="sweep" timems="2.104" contextid="4450" timestamp="2019-08-08T10:56:46.375" />
<mem-info id="4455" free="26711392" total="44695552" percent="59">
  <mem type="tenure" free="26711392" total="44695552" percent="59" micro-fragmented="0" macro-fragmented="0">
    <mem type="soa" free="26264928" total="44249088" percent="59" />
    <mem type="loa" free="446464" total="446464" percent="100" />
  </mem>
</mem-info>
<gc-op id="4456" type="compact" timems="39.310" contextid="4450" timestamp="2019-08-08T10:56:46.414">
  <compact-info movecount="5" movebytes="520" reason="compact to aid heap contraction" />
</gc-op>
<heap-resize id="4457" type="expand" space="tenure" amount="131072" count="1" timems="0.018" reason="satisfy allocation request" timestamp="2019-08-08T10:56:46.415" />
<gc-end id="4458" type="global" contextid="4450" durationms="74.462" usertimems="108.109" systemtimems="0.000" timestamp="2019-08-08T10:56:46.415" activeThreads="16">
  <mem-info id="4459" free="26777168" total="44826624" percent="59">
    <mem type="tenure" free="26777168" total="44826624" percent="59">
      <mem type="soa" free="26329680" total="44379136" percent="59" />
      <mem type="loa" free="447488" total="447488" percent="100" />
    </mem>
  </mem-info>
</gc-end>
<cycle-end id="4460" type="global" contextid="4450" timestamp="2019-08-08T10:56:46.415" />
  <attribute name="elasticGC enabled" value="1" />
  <attribute name= "numThreadsSpecified" value="16" />
  <attribute name="heapSize specified" value="44695552" />
  <attribute name="Current GC Util" value="39" />
  <attribute name= "Current Time Running" value="154807" />
  <attribute name ="GC Interval" value="0" />
  <attribute name="Target GC Util Change" value ="80.000000" />
  <attribute name="Current GC Util Change" value="39.000000"/>
  <attribute name="Current Error" value="112.000000" />
  <attribute name="Output H" value="44771368"/>
  <attribute name="Output I" value="2208"/>
  <attribute name="Output T" value="16"/>
  <attribute name= "Current Time Running" value="154807" />
  <attribute name="GC Util currently" value="39" />
  <attribute name="CPU Util currently" value="29385991719" />
<allocation-satisfied id="4461" threadId="0000000002035F00" bytesRequested="408" />
<af-end id="4462" timestamp="2019-08-08T10:56:46.415" threadId="0000000002036888" success="true" />
<exclusive-end id="4463" timestamp="2019-08-08T10:56:46.415" durationms="74.733" />

<exclusive-start id="4464" timestamp="2019-08-08T10:56:46.722" intervalms="381.971">
  <response-info timems="0.023" idlems="0.023" threads="0" lastid="0000000002035F00" lastname="main" />
</exclusive-start>
<af-start id="4465" threadId="0000000002036888" totalBytesRequested="2008" timestamp="2019-08-08T10:56:46.722" intervalms="381.968" />
<cycle-start id="4466" type="global" contextid="0" timestamp="2019-08-08T10:56:46.722" intervalms="381.967" />
<gc-start id="4467" type="global" contextid="4466" timestamp="2019-08-08T10:56:46.723">
  <mem-info id="4468" free="447488" total="44826624" percent="0">
    <mem type="tenure" free="447488" total="44826624" percent="0">
      <mem type="soa" free="0" total="44379136" percent="0" />
      <mem type="loa" free="447488" total="447488" percent="100" />
    </mem>
  </mem-info>
</gc-start>
<allocation-stats totalBytes="26361784" >
  <allocated-bytes non-tlh="3776" tlh="26358008" />
  <largest-consumer threadName="main" threadId="0000000002035F00" bytes="26361784" />
</allocation-stats>
<gc-op id="4469" type="mark" timems="10.270" contextid="4466" timestamp="2019-08-08T10:56:46.733">
  <trace-info objectcount="598920" scancount="519931" scanbytes="13344220" />
  <finalization candidates="80" enqueued="0" />
  <ownableSynchronizers candidates="21" cleared="0" />
  <references type="soft" candidates="3277" cleared="1422" enqueued="711" dynamicThreshold="19" maxThreshold="32" />
  <references type="weak" candidates="5656" cleared="10" enqueued="7" />
  <references type="phantom" candidates="97" cleared="0" enqueued="0" />
  <stringconstants candidates="13639" cleared="389"  />
</gc-op>
<gc-op id="4470" type="sweep" timems="1.835" contextid="4466" timestamp="2019-08-08T10:56:46.735" />
<mem-info id="4471" free="26788808" total="44826624" percent="59">
  <mem type="tenure" free="26788808" total="44826624" percent="59" micro-fragmented="87876" macro-fragmented="0">
    <mem type="soa" free="26341320" total="44379136" percent="59" />
    <mem type="loa" free="447488" total="447488" percent="100" />
  </mem>
  <pending-finalizers system="0" default="0" reference="718" classloader="0" />
</mem-info>
<gc-op id="4472" type="compact" timems="132.926" contextid="4466" timestamp="2019-08-08T10:56:46.868">
  <compact-info movecount="535067" movebytes="14335016" reason="compact to aid heap contraction" />
</gc-op>
<heap-resize id="4473" type="expand" space="tenure" amount="131072" count="1" timems="0.020" reason="satisfy allocation request" timestamp="2019-08-08T10:56:46.869" />
<gc-end id="4474" type="global" contextid="4466" durationms="146.035" usertimems="192.146" systemtimems="0.000" timestamp="2019-08-08T10:56:46.869" activeThreads="16">
  <mem-info id="4475" free="26932216" total="44957696" percent="59">
    <mem type="tenure" free="26932216" total="44957696" percent="59">
      <mem type="soa" free="26482680" total="44508160" percent="59" />
      <mem type="loa" free="449536" total="449536" percent="100" />
    </mem>
    <pending-finalizers system="0" default="0" reference="718" classloader="0" />
  </mem-info>
</gc-end>
<cycle-end id="4476" type="global" contextid="4466" timestamp="2019-08-08T10:56:46.869" />
  <attribute name="elasticGC enabled" value="1" />
  <attribute name= "numThreadsSpecified" value="16" />
  <attribute name="heapSize specified" value="44826624" />
  <attribute name="Current GC Util" value="9" />
  <attribute name= "Current Time Running" value="155261" />
  <attribute name ="GC Interval" value="0" />
  <attribute name="Target GC Util Change" value ="80.000000" />
  <attribute name="Current GC Util Change" value="9.000000"/>
  <attribute name="Current Error" value="71.000000" />
  <attribute name="Output H" value="44902392"/>
  <attribute name="Output I" value="2136"/>
  <attribute name="Output T" value="16"/>
  <attribute name= "Current Time Running" value="155261" />
  <attribute name="GC Util currently" value="9" />
  <attribute name="CPU Util currently" value="8672997687" />
<allocation-satisfied id="4477" threadId="0000000002035F00" bytesRequested="2008" />
<af-end id="4478" timestamp="2019-08-08T10:56:46.869" threadId="0000000002036888" success="true" />
<exclusive-end id="4479" timestamp="2019-08-08T10:56:46.869" durationms="146.245" />

<exclusive-start id="4480" timestamp="2019-08-08T10:56:46.923" intervalms="200.467">
  <response-info timems="0.081" idlems="0.081" threads="0" lastid="0000000002035F00" lastname="main" />
</exclusive-start>
<af-start id="4481" threadId="0000000002036888" totalBytesRequested="2024" timestamp="2019-08-08T10:56:46.923" intervalms="200.465" />
<cycle-start id="4482" type="global" contextid="0" timestamp="2019-08-08T10:56:46.923" intervalms="200.462" />
<gc-start id="4483" type="global" contextid="4482" timestamp="2019-08-08T10:56:46.923">
  <mem-info id="4484" free="449536" total="44957696" percent="0">
    <mem type="tenure" free="449536" total="44957696" percent="0">
      <mem type="soa" free="0" total="44508160" percent="0" />
      <mem type="loa" free="449536" total="449536" percent="100" />
    </mem>
  </mem-info>
</gc-start>
<allocation-stats totalBytes="26501872" >
  <allocated-bytes non-tlh="0" tlh="26501872" />
  <largest-consumer threadName="main" threadId="0000000002035F00" bytes="26462480" />
</allocation-stats>
<gc-op id="4485" type="mark" timems="9.268" contextid="4482" timestamp="2019-08-08T10:56:46.932">
  <trace-info objectcount="598913" scancount="519927" scanbytes="13347028" />
  <finalization candidates="80" enqueued="0" />
  <ownableSynchronizers candidates="21" cleared="0" />
  <references type="soft" candidates="1855" cleared="0" enqueued="0" dynamicThreshold="19" maxThreshold="32" />
  <references type="weak" candidates="5646" cleared="0" enqueued="0" />
  <references type="phantom" candidates="97" cleared="0" enqueued="0" />
  <stringconstants candidates="13250" cleared="0"  />
</gc-op>
<gc-op id="4486" type="sweep" timems="1.541" contextid="4482" timestamp="2019-08-08T10:56:46.934" />
<mem-info id="4487" free="26990672" total="44957696" percent="60">
  <mem type="tenure" free="26990672" total="44957696" percent="60" micro-fragmented="0" macro-fragmented="0">
    <mem type="soa" free="26541136" total="44508160" percent="59" />
    <mem type="loa" free="449536" total="449536" percent="100" />
  </mem>
</mem-info>
<gc-op id="4488" type="compact" timems="22.630" contextid="4482" timestamp="2019-08-08T10:56:46.957">
  <compact-info movecount="833" movebytes="50224" reason="compact to aid heap contraction" />
</gc-op>
<heap-resize id="4489" type="expand" space="tenure" amount="131072" count="1" timems="0.016" reason="satisfy allocation request" timestamp="2019-08-08T10:56:46.958" />
<gc-end id="4490" type="global" contextid="4482" durationms="34.657" usertimems="74.690" systemtimems="0.000" timestamp="2019-08-08T10:56:46.958" activeThreads="16">
  <mem-info id="4491" free="27056560" total="45088768" percent="60">
    <mem type="tenure" free="27056560" total="45088768" percent="60">
      <mem type="soa" free="26606000" total="44638208" percent="59" />
      <mem type="loa" free="450560" total="450560" percent="100" />
    </mem>
  </mem-info>
</gc-end>
<cycle-end id="4492" type="global" contextid="4482" timestamp="2019-08-08T10:56:46.958" />
  <attribute name="elasticGC enabled" value="1" />
  <attribute name= "numThreadsSpecified" value="16" />
  <attribute name="heapSize specified" value="44957696" />
  <attribute name="Current GC Util" value="39" />
  <attribute name= "Current Time Running" value="155350" />
  <attribute name ="GC Interval" value="0" />
  <attribute name="Target GC Util Change" value ="80.000000" />
  <attribute name="Current GC Util Change" value="39.000000"/>
  <attribute name="Current Error" value="-404.000000" />
  <attribute name="Output H" value="45032912"/>
  <attribute name="Output I" value="1288"/>
  <attribute name="Output T" value="16"/>
  <attribute name= "Current Time Running" value="155350" />
  <attribute name="GC Util currently" value="39" />
  <attribute name="CPU Util currently" value="50893705800" />
<allocation-satisfied id="4493" threadId="0000000002035F00" bytesRequested="2024" />
<af-end id="4494" timestamp="2019-08-08T10:56:46.958" threadId="0000000002036888" success="true" />
<exclusive-end id="4495" timestamp="2019-08-08T10:56:46.958" durationms="35.142" />

<exclusive-start id="4496" timestamp="2019-08-08T10:56:47.011" intervalms="88.546">
  <response-info timems="0.019" idlems="0.019" threads="0" lastid="0000000002035F00" lastname="main" />
</exclusive-start>
<af-start id="4497" threadId="0000000002036888" totalBytesRequested="32" timestamp="2019-08-08T10:56:47.011" intervalms="88.538" />
<cycle-start id="4498" type="global" contextid="0" timestamp="2019-08-08T10:56:47.011" intervalms="88.530" />
<gc-start id="4499" type="global" contextid="4498" timestamp="2019-08-08T10:56:47.012">
  <mem-info id="4500" free="450560" total="45088768" percent="0">
    <mem type="tenure" free="450560" total="45088768" percent="0">
      <mem type="soa" free="0" total="44638208" percent="0" />
      <mem type="loa" free="450560" total="450560" percent="100" />
    </mem>
  </mem-info>
</gc-start>
<allocation-stats totalBytes="26635360" >
  <allocated-bytes non-tlh="0" tlh="26635360" />
  <largest-consumer threadName="main" threadId="0000000002035F00" bytes="26635360" />
</allocation-stats>
<gc-op id="4501" type="mark" timems="8.962" contextid="4498" timestamp="2019-08-08T10:56:47.021">
  <trace-info objectcount="598909" scancount="519916" scanbytes="13346956" />
  <finalization candidates="80" enqueued="0" />
  <ownableSynchronizers candidates="21" cleared="0" />
  <references type="soft" candidates="1855" cleared="0" enqueued="0" dynamicThreshold="19" maxThreshold="32" />
  <references type="weak" candidates="5646" cleared="0" enqueued="0" />
  <references type="phantom" candidates="97" cleared="0" enqueued="0" />
  <stringconstants candidates="13250" cleared="0"  />
</gc-op>
<gc-op id="4502" type="sweep" timems="1.807" contextid="4498" timestamp="2019-08-08T10:56:47.022" />
<mem-info id="4503" free="27126200" total="45088768" percent="60">
  <mem type="tenure" free="27126200" total="45088768" percent="60" micro-fragmented="0" macro-fragmented="0">
    <mem type="soa" free="26675640" total="44638208" percent="59" />
    <mem type="loa" free="450560" total="450560" percent="100" />
  </mem>
</mem-info>
<gc-op id="4504" type="compact" timems="29.565" contextid="4498" timestamp="2019-08-08T10:56:47.052">
  <compact-info movecount="0" movebytes="0" reason="compact to aid heap contraction" />
</gc-op>
<heap-resize id="4505" type="expand" space="tenure" amount="131072" count="1" timems="0.017" reason="satisfy allocation request" timestamp="2019-08-08T10:56:47.053" />
<gc-end id="4506" type="global" contextid="4498" durationms="41.275" usertimems="80.207" systemtimems="0.000" timestamp="2019-08-08T10:56:47.053" activeThreads="16">
  <mem-info id="4507" free="27191736" total="45219840" percent="60">
    <mem type="tenure" free="27191736" total="45219840" percent="60">
      <mem type="soa" free="26740152" total="44768256" percent="59" />
      <mem type="loa" free="451584" total="451584" percent="100" />
    </mem>
  </mem-info>
</gc-end>
<cycle-end id="4508" type="global" contextid="4498" timestamp="2019-08-08T10:56:47.053" />
  <attribute name="elasticGC enabled" value="1" />
  <attribute name= "numThreadsSpecified" value="16" />
  <attribute name="heapSize specified" value="45088768" />
  <attribute name="Current GC Util" value="33" />
  <attribute name= "Current Time Running" value="155445" />
  <attribute name ="GC Interval" value="0" />
  <attribute name="Target GC Util Change" value ="80.000000" />
  <attribute name="Current GC Util Change" value="33.000000"/>
  <attribute name="Current Error" value="-326.000000" />
  <attribute name="Output H" value="45164072"/>
  <attribute name="Output I" value="1432"/>
  <attribute name="Output T" value="16"/>
  <attribute name= "Current Time Running" value="155445" />
  <attribute name="GC Util currently" value="33" />
  <attribute name="CPU Util currently" value="38866515989" />
<allocation-satisfied id="4509" threadId="0000000002035F00" bytesRequested="32" />
<af-end id="4510" timestamp="2019-08-08T10:56:47.053" threadId="0000000002036888" success="true" />
<exclusive-end id="4511" timestamp="2019-08-08T10:56:47.053" durationms="41.590" />

<exclusive-start id="4512" timestamp="2019-08-08T10:56:47.389" intervalms="377.623">
  <response-info timems="0.105" idlems="0.105" threads="0" lastid="0000000002035F00" lastname="main" />
</exclusive-start>
<af-start id="4513" threadId="0000000002036888" totalBytesRequested="40" timestamp="2019-08-08T10:56:47.389" intervalms="377.637" />
<cycle-start id="4514" type="global" contextid="0" timestamp="2019-08-08T10:56:47.389" intervalms="377.647" />
<gc-start id="4515" type="global" contextid="4514" timestamp="2019-08-08T10:56:47.389">
  <mem-info id="4516" free="451584" total="45219840" percent="0">
    <mem type="tenure" free="451584" total="45219840" percent="0">
      <mem type="soa" free="0" total="44768256" percent="0" />
      <mem type="loa" free="451584" total="451584" percent="100" />
    </mem>
  </mem-info>
</gc-start>
<allocation-stats totalBytes="26787184" >
  <allocated-bytes non-tlh="0" tlh="26787184" />
  <largest-consumer threadName="main" threadId="0000000002035F00" bytes="26787184" />
</allocation-stats>
<gc-op id="4517" type="mark" timems="21.925" contextid="4514" timestamp="2019-08-08T10:56:47.411">
  <trace-info objectcount="598944" scancount="519954" scanbytes="13348184" />
  <finalization candidates="80" enqueued="0" />
  <ownableSynchronizers candidates="21" cleared="0" />
  <references type="soft" candidates="1855" cleared="0" enqueued="0" dynamicThreshold="19" maxThreshold="32" />
  <references type="weak" candidates="5672" cleared="0" enqueued="0" />
  <references type="phantom" candidates="97" cleared="0" enqueued="0" />
  <stringconstants candidates="13250" cleared="0"  />
</gc-op>
<gc-op id="4518" type="sweep" timems="3.400" contextid="4514" timestamp="2019-08-08T10:56:47.415" />
<mem-info id="4519" free="27257776" total="45219840" percent="60">
  <mem type="tenure" free="27257776" total="45219840" percent="60" micro-fragmented="0" macro-fragmented="0">
    <mem type="soa" free="26806192" total="44768256" percent="59" />
    <mem type="loa" free="451584" total="451584" percent="100" />
  </mem>
</mem-info>
<gc-op id="4520" type="compact" timems="139.548" contextid="4514" timestamp="2019-08-08T10:56:47.554">
  <compact-info movecount="558694" movebytes="15561384" reason="compact to aid heap contraction" />
</gc-op>
<heap-resize id="4521" type="expand" space="tenure" amount="131072" count="1" timems="0.023" reason="satisfy allocation request" timestamp="2019-08-08T10:56:47.555" />
<gc-end id="4522" type="global" contextid="4514" durationms="165.499" usertimems="277.494" systemtimems="0.000" timestamp="2019-08-08T10:56:47.555" activeThreads="16">
  <mem-info id="4523" free="27324816" total="45350912" percent="60">
    <mem type="tenure" free="27324816" total="45350912" percent="60">
      <mem type="soa" free="26872208" total="44898304" percent="59" />
      <mem type="loa" free="452608" total="452608" percent="100" />
    </mem>
  </mem-info>
</gc-end>
<cycle-end id="4524" type="global" contextid="4514" timestamp="2019-08-08T10:56:47.555" />
  <attribute name="elasticGC enabled" value="1" />
  <attribute name= "numThreadsSpecified" value="16" />
  <attribute name="heapSize specified" value="45219840" />
  <attribute name="Current GC Util" value="9" />
  <attribute name= "Current Time Running" value="155948" />
  <attribute name ="GC Interval" value="0" />
  <attribute name="Target GC Util Change" value ="80.000000" />
  <attribute name="Current GC Util Change" value="9.000000"/>
  <attribute name="Current Error" value="71.000000" />
  <attribute name="Output H" value="45295608"/>
  <attribute name="Output I" value="2136"/>
  <attribute name="Output T" value="16"/>
  <attribute name= "Current Time Running" value="155948" />
  <attribute name="GC Util currently" value="9" />
  <attribute name="CPU Util currently" value="8264272998" />
<allocation-satisfied id="4525" threadId="0000000002035F00" bytesRequested="40" />
<af-end id="4526" timestamp="2019-08-08T10:56:47.555" threadId="0000000002036888" success="true" />
<exclusive-end id="4527" timestamp="2019-08-08T10:56:47.555" durationms="166.092" />

<exclusive-start id="4528" timestamp="2019-08-08T10:56:47.961" intervalms="572.438">
  <response-info timems="0.085" idlems="0.085" threads="0" lastid="0000000002035F00" lastname="main" />
</exclusive-start>
<af-start id="4529" threadId="0000000002036888" totalBytesRequested="16" timestamp="2019-08-08T10:56:47.964" intervalms="575.335" />
<cycle-start id="4530" type="global" contextid="0" timestamp="2019-08-08T10:56:47.964" intervalms="575.346" />
<gc-start id="4531" type="global" contextid="4530" timestamp="2019-08-08T10:56:47.965">
  <mem-info id="4532" free="452608" total="45350912" percent="0">
    <mem type="tenure" free="452608" total="45350912" percent="0">
      <mem type="soa" free="0" total="44898304" percent="0" />
      <mem type="loa" free="452608" total="452608" percent="100" />
    </mem>
  </mem-info>
</gc-start>
<allocation-stats totalBytes="26932792" >
  <allocated-bytes non-tlh="0" tlh="26932792" />
  <largest-consumer threadName="main" threadId="0000000002035F00" bytes="26932792" />
</allocation-stats>
<gc-op id="4533" type="mark" timems="23.026" contextid="4530" timestamp="2019-08-08T10:56:47.988">
  <trace-info objectcount="598944" scancount="519958" scanbytes="13348192" />
  <finalization candidates="80" enqueued="0" />
  <ownableSynchronizers candidates="21" cleared="0" />
  <references type="soft" candidates="1855" cleared="0" enqueued="0" dynamicThreshold="19" maxThreshold="32" />
  <references type="weak" candidates="5672" cleared="0" enqueued="0" />
  <references type="phantom" candidates="97" cleared="0" enqueued="0" />
  <stringconstants candidates="13250" cleared="0"  />
</gc-op>
<gc-op id="4534" type="sweep" timems="1.076" contextid="4530" timestamp="2019-08-08T10:56:47.989" />
<mem-info id="4535" free="27390208" total="45350912" percent="60">
  <mem type="tenure" free="27390208" total="45350912" percent="60" micro-fragmented="0" macro-fragmented="0">
    <mem type="soa" free="26937600" total="44898304" percent="59" />
    <mem type="loa" free="452608" total="452608" percent="100" />
  </mem>
</mem-info>
<gc-op id="4536" type="compact" timems="26.105" contextid="4530" timestamp="2019-08-08T10:56:48.015">
  <compact-info movecount="8" movebytes="296" reason="compact to aid heap contraction" />
</gc-op>
<heap-resize id="4537" type="expand" space="tenure" amount="131072" count="1" timems="0.022" reason="satisfy allocation request" timestamp="2019-08-08T10:56:48.016" />
<gc-end id="4538" type="global" contextid="4530" durationms="51.323" usertimems="143.956" systemtimems="0.000" timestamp="2019-08-08T10:56:48.016" activeThreads="16">
  <mem-info id="4539" free="27455880" total="45481984" percent="60">
    <mem type="tenure" free="27455880" total="45481984" percent="60">
      <mem type="soa" free="27001224" total="45027328" percent="59" />
      <mem type="loa" free="454656" total="454656" percent="100" />
    </mem>
  </mem-info>
</gc-end>
<cycle-end id="4540" type="global" contextid="4530" timestamp="2019-08-08T10:56:48.016" />
  <attribute name="elasticGC enabled" value="1" />
  <attribute name= "numThreadsSpecified" value="16" />
  <attribute name="heapSize specified" value="45350912" />
  <attribute name="Current GC Util" value="45" />
  <attribute name= "Current Time Running" value="156408" />
  <attribute name ="GC Interval" value="0" />
  <attribute name="Target GC Util Change" value ="80.000000" />
  <attribute name="Current GC Util Change" value="45.000000"/>
  <attribute name="Current Error" value="95.000000" />
  <attribute name="Output H" value="45426704"/>
  <attribute name="Output I" value="2184"/>
  <attribute name="Output T" value="16"/>
  <attribute name= "Current Time Running" value="156408" />
  <attribute name="GC Util currently" value="45" />
  <attribute name="CPU Util currently" value="44159382415" />
<allocation-satisfied id="4541" threadId="0000000002035F00" bytesRequested="16" />
<af-end id="4542" timestamp="2019-08-08T10:56:48.016" threadId="0000000002036888" success="true" />
<exclusive-end id="4543" timestamp="2019-08-08T10:56:48.016" durationms="54.491" />

<exclusive-start id="4544" timestamp="2019-08-08T10:56:48.135" intervalms="173.553">
  <response-info timems="0.107" idlems="0.107" threads="0" lastid="0000000002035F00" lastname="main" />
</exclusive-start>
<af-start id="4545" threadId="0000000002036888" totalBytesRequested="80" timestamp="2019-08-08T10:56:48.135" intervalms="170.673" />
<cycle-start id="4546" type="global" contextid="0" timestamp="2019-08-08T10:56:48.135" intervalms="170.660" />
<gc-start id="4547" type="global" contextid="4546" timestamp="2019-08-08T10:56:48.135">
  <mem-info id="4548" free="454656" total="45481984" percent="0">
    <mem type="tenure" free="454656" total="45481984" percent="0">
      <mem type="soa" free="0" total="45027328" percent="0" />
      <mem type="loa" free="454656" total="454656" percent="100" />
    </mem>
  </mem-info>
</gc-start>
<allocation-stats totalBytes="27062208" >
  <allocated-bytes non-tlh="0" tlh="27062208" />
  <largest-consumer threadName="main" threadId="0000000002035F00" bytes="27062208" />
</allocation-stats>
<gc-op id="4549" type="mark" timems="13.406" contextid="4546" timestamp="2019-08-08T10:56:48.149">
  <trace-info objectcount="598939" scancount="519956" scanbytes="13348028" />
  <finalization candidates="80" enqueued="0" />
  <ownableSynchronizers candidates="21" cleared="0" />
  <references type="soft" candidates="1855" cleared="0" enqueued="0" dynamicThreshold="19" maxThreshold="32" />
  <references type="weak" candidates="5672" cleared="0" enqueued="0" />
  <references type="phantom" candidates="97" cleared="0" enqueued="0" />
  <stringconstants candidates="13250" cleared="0"  />
</gc-op>
<gc-op id="4550" type="sweep" timems="2.854" contextid="4546" timestamp="2019-08-08T10:56:48.152" />
<mem-info id="4551" free="27521560" total="45481984" percent="60">
  <mem type="tenure" free="27521560" total="45481984" percent="60" micro-fragmented="0" macro-fragmented="0">
    <mem type="soa" free="27066904" total="45027328" percent="60" />
    <mem type="loa" free="454656" total="454656" percent="100" />
  </mem>
</mem-info>
<gc-op id="4552" type="compact" timems="35.822" contextid="4546" timestamp="2019-08-08T10:56:48.187">
  <compact-info movecount="3" movebytes="120" reason="compact to aid heap contraction" />
</gc-op>
<heap-resize id="4553" type="expand" space="tenure" amount="131072" count="1" timems="0.019" reason="satisfy allocation request" timestamp="2019-08-08T10:56:48.188" />
<gc-end id="4554" type="global" contextid="4546" durationms="53.102" usertimems="117.968" systemtimems="0.000" timestamp="2019-08-08T10:56:48.188" activeThreads="16">
  <mem-info id="4555" free="27587128" total="45613056" percent="60">
    <mem type="tenure" free="27587128" total="45613056" percent="60">
      <mem type="soa" free="27131448" total="45157376" percent="60" />
      <mem type="loa" free="455680" total="455680" percent="100" />
    </mem>
  </mem-info>
</gc-end>
<cycle-end id="4556" type="global" contextid="4546" timestamp="2019-08-08T10:56:48.188" />
  <attribute name="elasticGC enabled" value="1" />
  <attribute name= "numThreadsSpecified" value="16" />
  <attribute name="heapSize specified" value="45481984" />
  <attribute name="Current GC Util" value="25" />
  <attribute name= "Current Time Running" value="156581" />
  <attribute name ="GC Interval" value="0" />
  <attribute name="Target GC Util Change" value ="80.000000" />
  <attribute name="Current GC Util Change" value="25.000000"/>
  <attribute name="Current Error" value="-309.000000" />
  <attribute name="Output H" value="45557312"/>
  <attribute name="Output I" value="1464"/>
  <attribute name="Output T" value="16"/>
  <attribute name= "Current Time Running" value="156581" />
  <attribute name="GC Util currently" value="25" />
  <attribute name="CPU Util currently" value="32163514869" />
<allocation-satisfied id="4557" threadId="0000000002035F00" bytesRequested="80" />
<af-end id="4558" timestamp="2019-08-08T10:56:48.188" threadId="0000000002036888" success="true" />
<exclusive-end id="4559" timestamp="2019-08-08T10:56:48.188" durationms="53.365" />

<exclusive-start id="4560" timestamp="2019-08-08T10:56:48.298" intervalms="162.788">
  <response-info timems="0.049" idlems="0.049" threads="0" lastid="0000000002035F00" lastname="main" />
</exclusive-start>
<af-start id="4561" threadId="0000000002036888" totalBytesRequested="40" timestamp="2019-08-08T10:56:48.298" intervalms="162.798" />
<cycle-start id="4562" type="global" contextid="0" timestamp="2019-08-08T10:56:48.298" intervalms="162.794" />
<gc-start id="4563" type="global" contextid="4562" timestamp="2019-08-08T10:56:48.298">
  <mem-info id="4564" free="455680" total="45613056" percent="0">
    <mem type="tenure" free="455680" total="45613056" percent="0">
      <mem type="soa" free="0" total="45157376" percent="0" />
      <mem type="loa" free="455680" total="455680" percent="100" />
    </mem>
  </mem-info>
</gc-start>
<allocation-stats totalBytes="27191560" >
  <allocated-bytes non-tlh="0" tlh="27191560" />
  <largest-consumer threadName="main" threadId="0000000002035F00" bytes="27191560" />
</allocation-stats>
<gc-op id="4565" type="mark" timems="26.671" contextid="4562" timestamp="2019-08-08T10:56:48.325">
  <trace-info objectcount="598945" scancount="519957" scanbytes="13348208" />
  <finalization candidates="80" enqueued="0" />
  <ownableSynchronizers candidates="21" cleared="0" />
  <references type="soft" candidates="1855" cleared="0" enqueued="0" dynamicThreshold="19" maxThreshold="32" />
  <references type="weak" candidates="5672" cleared="0" enqueued="0" />
  <references type="phantom" candidates="97" cleared="0" enqueued="0" />
  <stringconstants candidates="13250" cleared="0"  />
</gc-op>
<gc-op id="4566" type="sweep" timems="3.230" contextid="4562" timestamp="2019-08-08T10:56:48.328" />
<mem-info id="4567" free="27651880" total="45613056" percent="60">
  <mem type="tenure" free="27651880" total="45613056" percent="60" micro-fragmented="0" macro-fragmented="0">
    <mem type="soa" free="27196200" total="45157376" percent="60" />
    <mem type="loa" free="455680" total="455680" percent="100" />
  </mem>
</mem-info>
<gc-op id="4568" type="compact" timems="26.877" contextid="4562" timestamp="2019-08-08T10:56:48.355">
  <compact-info movecount="9" movebytes="312" reason="compact to aid heap contraction" />
</gc-op>
<heap-resize id="4569" type="expand" space="tenure" amount="131072" count="1" timems="0.024" reason="satisfy allocation request" timestamp="2019-08-08T10:56:48.359" />
<gc-end id="4570" type="global" contextid="4562" durationms="61.152" usertimems="233.598" systemtimems="0.000" timestamp="2019-08-08T10:56:48.359" activeThreads="16">
  <mem-info id="4571" free="27718008" total="45744128" percent="60">
    <mem type="tenure" free="27718008" total="45744128" percent="60">
      <mem type="soa" free="27261304" total="45287424" percent="60" />
      <mem type="loa" free="456704" total="456704" percent="100" />
    </mem>
  </mem-info>
</gc-end>
<cycle-end id="4572" type="global" contextid="4562" timestamp="2019-08-08T10:56:48.359" />
  <attribute name="elasticGC enabled" value="1" />
  <attribute name= "numThreadsSpecified" value="16" />
  <attribute name="heapSize specified" value="45613056" />
  <attribute name="Current GC Util" value="30" />
  <attribute name= "Current Time Running" value="156750" />
  <attribute name ="GC Interval" value="0" />
  <attribute name="Target GC Util Change" value ="80.000000" />
  <attribute name="Current GC Util Change" value="30.000000"/>
  <attribute name="Current Error" value="50.000000" />
  <attribute name="Output H" value="45688800"/>
  <attribute name="Output I" value="2104"/>
  <attribute name="Output T" value="16"/>
  <attribute name= "Current Time Running" value="156750" />
  <attribute name="GC Util currently" value="30" />
  <attribute name="CPU Util currently" value="39880098458" />
<allocation-satisfied id="4573" threadId="0000000002035F00" bytesRequested="40" />
<af-end id="4574" timestamp="2019-08-08T10:56:48.359" threadId="0000000002036888" success="true" />
<exclusive-end id="4575" timestamp="2019-08-08T10:56:48.359" durationms="61.497" />

<exclusive-start id="4576" timestamp="2019-08-08T10:56:48.430" intervalms="131.754">
  <response-info timems="0.047" idlems="0.047" threads="0" lastid="0000000002035F00" lastname="main" />
</exclusive-start>
<af-start id="4577" threadId="0000000002036888" totalBytesRequested="80" timestamp="2019-08-08T10:56:48.430" intervalms="131.713" />
<cycle-start id="4578" type="global" contextid="0" timestamp="2019-08-08T10:56:48.430" intervalms="131.708" />
<gc-start id="4579" type="global" contextid="4578" timestamp="2019-08-08T10:56:48.430">
  <mem-info id="4580" free="456704" total="45744128" percent="0">
    <mem type="tenure" free="456704" total="45744128" percent="0">
      <mem type="soa" free="0" total="45287424" percent="0" />
      <mem type="loa" free="456704" total="456704" percent="100" />
    </mem>
  </mem-info>
</gc-start>
<allocation-stats totalBytes="27321808" >
  <allocated-bytes non-tlh="0" tlh="27321808" />
  <largest-consumer threadName="main" threadId="0000000002035F00" bytes="27321808" />
</allocation-stats>
<gc-op id="4581" type="mark" timems="11.832" contextid="4578" timestamp="2019-08-08T10:56:48.442">
  <trace-info objectcount="598949" scancount="519960" scanbytes="13348356" />
  <finalization candidates="80" enqueued="0" />
  <ownableSynchronizers candidates="21" cleared="0" />
  <references type="soft" candidates="1855" cleared="0" enqueued="0" dynamicThreshold="19" maxThreshold="32" />
  <references type="weak" candidates="5672" cleared="0" enqueued="0" />
  <references type="phantom" candidates="97" cleared="0" enqueued="0" />
  <stringconstants candidates="13250" cleared="0"  />
</gc-op>
<gc-op id="4582" type="sweep" timems="1.510" contextid="4578" timestamp="2019-08-08T10:56:48.444" />
<mem-info id="4583" free="27783200" total="45744128" percent="60">
  <mem type="tenure" free="27783200" total="45744128" percent="60" micro-fragmented="0" macro-fragmented="0">
    <mem type="soa" free="27326496" total="45287424" percent="60" />
    <mem type="loa" free="456704" total="456704" percent="100" />
  </mem>
</mem-info>
<gc-op id="4584" type="compact" timems="31.861" contextid="4578" timestamp="2019-08-08T10:56:48.475">
  <compact-info movecount="13" movebytes="464" reason="compact to aid heap contraction" />
</gc-op>
<heap-resize id="4585" type="expand" space="tenure" amount="131072" count="1" timems="0.020" reason="satisfy allocation request" timestamp="2019-08-08T10:56:48.476" />
<gc-end id="4586" type="global" contextid="4578" durationms="46.444" usertimems="123.102" systemtimems="0.000" timestamp="2019-08-08T10:56:48.476" activeThreads="16">
  <mem-info id="4587" free="27848928" total="45875200" percent="60">
    <mem type="tenure" free="27848928" total="45875200" percent="60">
      <mem type="soa" free="27390176" total="45416448" percent="60" />
      <mem type="loa" free="458752" total="458752" percent="100" />
    </mem>
  </mem-info>
</gc-end>
<cycle-end id="4588" type="global" contextid="4578" timestamp="2019-08-08T10:56:48.476" />
  <attribute name="elasticGC enabled" value="1" />
  <attribute name= "numThreadsSpecified" value="16" />
  <attribute name="heapSize specified" value="45744128" />
  <attribute name="Current GC Util" value="22" />
  <attribute name= "Current Time Running" value="156869" />
  <attribute name ="GC Interval" value="0" />
  <attribute name="Target GC Util Change" value ="80.000000" />
  <attribute name="Current GC Util Change" value="22.000000"/>
  <attribute name="Current Error" value="-246.000000" />
  <attribute name="Output H" value="45819528"/>
  <attribute name="Output I" value="1576"/>
  <attribute name="Output T" value="16"/>
  <attribute name= "Current Time Running" value="156869" />
  <attribute name="GC Util currently" value="22" />
  <attribute name="CPU Util currently" value="36140315830" />
<allocation-satisfied id="4589" threadId="0000000002035F00" bytesRequested="80" />
<af-end id="4590" timestamp="2019-08-08T10:56:48.476" threadId="0000000002036888" success="true" />
<exclusive-end id="4591" timestamp="2019-08-08T10:56:48.476" durationms="46.659" />

<exclusive-start id="4592" timestamp="2019-08-08T10:56:48.546" intervalms="116.047">
  <response-info timems="0.045" idlems="0.045" threads="0" lastid="0000000002035F00" lastname="main" />
</exclusive-start>
<af-start id="4593" threadId="0000000002036888" totalBytesRequested="32" timestamp="2019-08-08T10:56:48.546" intervalms="116.042" />
<cycle-start id="4594" type="global" contextid="0" timestamp="2019-08-08T10:56:48.546" intervalms="116.041" />
<gc-start id="4595" type="global" contextid="4594" timestamp="2019-08-08T10:56:48.546">
  <mem-info id="4596" free="458752" total="45875200" percent="1">
    <mem type="tenure" free="458752" total="45875200" percent="1">
      <mem type="soa" free="0" total="45416448" percent="0" />
      <mem type="loa" free="458752" total="458752" percent="100" />
    </mem>
  </mem-info>
</gc-start>
<allocation-stats totalBytes="27450576" >
  <allocated-bytes non-tlh="0" tlh="27450576" />
  <largest-consumer threadName="main" threadId="0000000002035F00" bytes="27450576" />
</allocation-stats>
<gc-op id="4597" type="mark" timems="9.668" contextid="4594" timestamp="2019-08-08T10:56:48.556">
  <trace-info objectcount="598941" scancount="519952" scanbytes="13348144" />
  <finalization candidates="80" enqueued="0" />
  <ownableSynchronizers candidates="21" cleared="0" />
  <references type="soft" candidates="1855" cleared="0" enqueued="0" dynamicThreshold="19" maxThreshold="32" />
  <references type="weak" candidates="5672" cleared="0" enqueued="0" />
  <references type="phantom" candidates="97" cleared="0" enqueued="0" />
  <stringconstants candidates="13250" cleared="0"  />
</gc-op>
<gc-op id="4598" type="sweep" timems="1.520" contextid="4594" timestamp="2019-08-08T10:56:48.557" />
<mem-info id="4599" free="27914568" total="45875200" percent="60">
  <mem type="tenure" free="27914568" total="45875200" percent="60" micro-fragmented="0" macro-fragmented="0">
    <mem type="soa" free="27455816" total="45416448" percent="60" />
    <mem type="loa" free="458752" total="458752" percent="100" />
  </mem>
</mem-info>
<gc-op id="4600" type="compact" timems="34.001" contextid="4594" timestamp="2019-08-08T10:56:48.591">
  <compact-info movecount="5" movebytes="240" reason="compact to aid heap contraction" />
</gc-op>
<heap-resize id="4601" type="expand" space="tenure" amount="131072" count="1" timems="0.024" reason="satisfy allocation request" timestamp="2019-08-08T10:56:48.592" />
<gc-end id="4602" type="global" contextid="4594" durationms="45.910" usertimems="98.951" systemtimems="0.000" timestamp="2019-08-08T10:56:48.592" activeThreads="16">
  <mem-info id="4603" free="27980224" total="46006272" percent="60">
    <mem type="tenure" free="27980224" total="46006272" percent="60">
      <mem type="soa" free="27520448" total="45546496" percent="60" />
      <mem type="loa" free="459776" total="459776" percent="100" />
    </mem>
  </mem-info>
</gc-end>
<cycle-end id="4604" type="global" contextid="4594" timestamp="2019-08-08T10:56:48.592" />
  <attribute name="elasticGC enabled" value="1" />
  <attribute name= "numThreadsSpecified" value="16" />
  <attribute name="heapSize specified" value="45875200" />
  <attribute name="Current GC Util" value="31" />
  <attribute name= "Current Time Running" value="156985" />
  <attribute name ="GC Interval" value="0" />
  <attribute name="Target GC Util Change" value ="80.000000" />
  <attribute name="Current GC Util Change" value="31.000000"/>
  <attribute name="Current Error" value="-321.000000" />
  <attribute name="Output H" value="45950512"/>
  <attribute name="Output I" value="1440"/>
  <attribute name="Output T" value="16"/>
  <attribute name= "Current Time Running" value="156985" />
  <attribute name="GC Util currently" value="31" />
  <attribute name="CPU Util currently" value="33867854972" />
<allocation-satisfied id="4605" threadId="0000000002035F00" bytesRequested="32" />
<af-end id="4606" timestamp="2019-08-08T10:56:48.592" threadId="0000000002036888" success="true" />
<exclusive-end id="4607" timestamp="2019-08-08T10:56:48.592" durationms="46.339" />

<exclusive-start id="4608" timestamp="2019-08-08T10:56:48.660" intervalms="114.389">
  <response-info timems="0.015" idlems="0.015" threads="0" lastid="0000000002035F00" lastname="main" />
</exclusive-start>
<af-start id="4609" threadId="0000000002036888" totalBytesRequested="16" timestamp="2019-08-08T10:56:48.660" intervalms="114.392" />
<cycle-start id="4610" type="global" contextid="0" timestamp="2019-08-08T10:56:48.660" intervalms="114.392" />
<gc-start id="4611" type="global" contextid="4610" timestamp="2019-08-08T10:56:48.660">
  <mem-info id="4612" free="459776" total="46006272" percent="0">
    <mem type="tenure" free="459776" total="46006272" percent="0">
      <mem type="soa" free="0" total="45546496" percent="0" />
      <mem type="loa" free="459776" total="459776" percent="100" />
    </mem>
  </mem-info>
</gc-start>
<allocation-stats totalBytes="27580896" >
  <allocated-bytes non-tlh="0" tlh="27580896" />
  <largest-consumer threadName="main" threadId="0000000002035F00" bytes="27580896" />
</allocation-stats>
<gc-op id="4613" type="mark" timems="8.011" contextid="4610" timestamp="2019-08-08T10:56:48.668">
  <trace-info objectcount="598938" scancount="519951" scanbytes="13348012" />
  <finalization candidates="80" enqueued="0" />
  <ownableSynchronizers candidates="21" cleared="0" />
  <references type="soft" candidates="1855" cleared="0" enqueued="0" dynamicThreshold="19" maxThreshold="32" />
  <references type="weak" candidates="5672" cleared="0" enqueued="0" />
  <references type="phantom" candidates="97" cleared="0" enqueued="0" />
  <stringconstants candidates="13250" cleared="0"  />
</gc-op>
<gc-op id="4614" type="sweep" timems="1.347" contextid="4610" timestamp="2019-08-08T10:56:48.670" />
<mem-info id="4615" free="28045888" total="46006272" percent="60">
  <mem type="tenure" free="28045888" total="46006272" percent="60" micro-fragmented="0" macro-fragmented="0">
    <mem type="soa" free="27586112" total="45546496" percent="60" />
    <mem type="loa" free="459776" total="459776" percent="100" />
  </mem>
</mem-info>
<gc-op id="4616" type="compact" timems="23.097" contextid="4610" timestamp="2019-08-08T10:56:48.693">
  <compact-info movecount="2" movebytes="104" reason="compact to aid heap contraction" />
</gc-op>
<heap-resize id="4617" type="expand" space="tenure" amount="131072" count="1" timems="0.017" reason="satisfy allocation request" timestamp="2019-08-08T10:56:48.693" />
<gc-end id="4618" type="global" contextid="4610" durationms="33.266" usertimems="72.833" systemtimems="0.000" timestamp="2019-08-08T10:56:48.693" activeThreads="16">
  <mem-info id="4619" free="28111432" total="46137344" percent="60">
    <mem type="tenure" free="28111432" total="46137344" percent="60">
      <mem type="soa" free="27650632" total="45676544" percent="60" />
      <mem type="loa" free="460800" total="460800" percent="100" />
    </mem>
  </mem-info>
</gc-end>
<cycle-end id="4620" type="global" contextid="4610" timestamp="2019-08-08T10:56:48.693" />
  <attribute name="elasticGC enabled" value="1" />
  <attribute name= "numThreadsSpecified" value="16" />
  <attribute name="heapSize specified" value="46006272" />
  <attribute name="Current GC Util" value="36" />
  <attribute name= "Current Time Running" value="157086" />
  <attribute name ="GC Interval" value="0" />
  <attribute name="Target GC Util Change" value ="80.000000" />
  <attribute name="Current GC Util Change" value="36.000000"/>
  <attribute name="Current Error" value="44.000000" />
  <attribute name="Output H" value="46082008"/>
  <attribute name="Output I" value="2088"/>
  <attribute name="Output T" value="16"/>
  <attribute name= "Current Time Running" value="157086" />
  <attribute name="GC Util currently" value="36" />
  <attribute name="CPU Util currently" value="49840955060" />
<allocation-satisfied id="4621" threadId="0000000002035F00" bytesRequested="16" />
<af-end id="4622" timestamp="2019-08-08T10:56:48.693" threadId="0000000002036888" success="true" />
<exclusive-end id="4623" timestamp="2019-08-08T10:56:48.693" durationms="33.451" />

<exclusive-start id="4624" timestamp="2019-08-08T10:56:48.753" intervalms="93.385">
  <response-info timems="0.017" idlems="0.017" threads="0" lastid="0000000002035F00" lastname="main" />
</exclusive-start>
<af-start id="4625" threadId="0000000002036888" totalBytesRequested="80" timestamp="2019-08-08T10:56:48.753" intervalms="93.387" />
<cycle-start id="4626" type="global" contextid="0" timestamp="2019-08-08T10:56:48.753" intervalms="93.387" />
<gc-start id="4627" type="global" contextid="4626" timestamp="2019-08-08T10:56:48.753">
  <mem-info id="4628" free="460800" total="46137344" percent="0">
    <mem type="tenure" free="460800" total="46137344" percent="0">
      <mem type="soa" free="0" total="45676544" percent="0" />
      <mem type="loa" free="460800" total="460800" percent="100" />
    </mem>
  </mem-info>
</gc-start>
<allocation-stats totalBytes="27711168" >
  <allocated-bytes non-tlh="0" tlh="27711168" />
  <largest-consumer threadName="main" threadId="0000000002035F00" bytes="27711168" />
</allocation-stats>
<gc-op id="4629" type="mark" timems="8.234" contextid="4626" timestamp="2019-08-08T10:56:48.762">
  <trace-info objectcount="598941" scancount="519953" scanbytes="13348144" />
  <finalization candidates="80" enqueued="0" />
  <ownableSynchronizers candidates="21" cleared="0" />
  <references type="soft" candidates="1855" cleared="0" enqueued="0" dynamicThreshold="19" maxThreshold="32" />
  <references type="weak" candidates="5672" cleared="0" enqueued="0" />
  <references type="phantom" candidates="97" cleared="0" enqueued="0" />
  <stringconstants candidates="13250" cleared="0"  />
</gc-op>
<gc-op id="4630" type="sweep" timems="1.399" contextid="4626" timestamp="2019-08-08T10:56:48.763" />
<mem-info id="4631" free="28176792" total="46137344" percent="61">
  <mem type="tenure" free="28176792" total="46137344" percent="61" micro-fragmented="0" macro-fragmented="0">
    <mem type="soa" free="27715992" total="45676544" percent="60" />
    <mem type="loa" free="460800" total="460800" percent="100" />
  </mem>
</mem-info>
<gc-op id="4632" type="compact" timems="27.063" contextid="4626" timestamp="2019-08-08T10:56:48.790">
  <compact-info movecount="5" movebytes="240" reason="compact to aid heap contraction" />
</gc-op>
<heap-resize id="4633" type="expand" space="tenure" amount="131072" count="1" timems="0.020" reason="satisfy allocation request" timestamp="2019-08-08T10:56:48.791" />
<gc-end id="4634" type="global" contextid="4626" durationms="37.684" usertimems="87.177" systemtimems="0.000" timestamp="2019-08-08T10:56:48.791" activeThreads="16">
  <mem-info id="4635" free="28242368" total="46268416" percent="61">
    <mem type="tenure" free="28242368" total="46268416" percent="61">
      <mem type="soa" free="27780544" total="45806592" percent="60" />
      <mem type="loa" free="461824" total="461824" percent="100" />
    </mem>
  </mem-info>
</gc-end>
<cycle-end id="4636" type="global" contextid="4626" timestamp="2019-08-08T10:56:48.791" />
  <attribute name="elasticGC enabled" value="1" />
  <attribute name= "numThreadsSpecified" value="16" />
  <attribute name="heapSize specified" value="46137344" />
  <attribute name="Current GC Util" value="38" />
  <attribute name= "Current Time Running" value="157184" />
  <attribute name ="GC Interval" value="0" />
  <attribute name="Target GC Util Change" value ="80.000000" />
  <attribute name="Current GC Util Change" value="38.000000"/>
  <attribute name="Current Error" value="-406.000000" />
  <attribute name="Output H" value="46212560"/>
  <attribute name="Output I" value="1288"/>
  <attribute name="Output T" value="16"/>
  <attribute name= "Current Time Running" value="157184" />
  <attribute name="GC Util currently" value="38" />
  <attribute name="CPU Util currently" value="42516154600" />
<allocation-satisfied id="4637" threadId="0000000002035F00" bytesRequested="80" />
<af-end id="4638" timestamp="2019-08-08T10:56:48.791" threadId="0000000002036888" success="true" />
<exclusive-end id="4639" timestamp="2019-08-08T10:56:48.791" durationms="37.894" />

<exclusive-start id="4640" timestamp="2019-08-08T10:56:48.847" intervalms="93.521">
  <response-info timems="0.016" idlems="0.016" threads="0" lastid="0000000002035F00" lastname="main" />
</exclusive-start>
<af-start id="4641" threadId="0000000002036888" totalBytesRequested="584" timestamp="2019-08-08T10:56:48.847" intervalms="93.520" />
<cycle-start id="4642" type="global" contextid="0" timestamp="2019-08-08T10:56:48.847" intervalms="93.523" />
<gc-start id="4643" type="global" contextid="4642" timestamp="2019-08-08T10:56:48.847">
  <mem-info id="4644" free="461824" total="46268416" percent="0">
    <mem type="tenure" free="461824" total="46268416" percent="0">
      <mem type="soa" free="0" total="45806592" percent="0" />
      <mem type="loa" free="461824" total="461824" percent="100" />
    </mem>
  </mem-info>
</gc-start>
<allocation-stats totalBytes="27818656" >
  <allocated-bytes non-tlh="0" tlh="27818656" />
  <largest-consumer threadName="main" threadId="0000000002035F00" bytes="27818656" />
</allocation-stats>
<gc-op id="4645" type="mark" timems="10.774" contextid="4642" timestamp="2019-08-08T10:56:48.858">
  <trace-info objectcount="598948" scancount="519963" scanbytes="13348128" />
  <finalization candidates="80" enqueued="0" />
  <ownableSynchronizers candidates="21" cleared="0" />
  <references type="soft" candidates="1855" cleared="0" enqueued="0" dynamicThreshold="19" maxThreshold="32" />
  <references type="weak" candidates="5672" cleared="0" enqueued="0" />
  <references type="phantom" candidates="97" cleared="0" enqueued="0" />
  <stringconstants candidates="13250" cleared="0"  />
</gc-op>
<gc-op id="4646" type="sweep" timems="7.511" contextid="4642" timestamp="2019-08-08T10:56:48.865" />
<mem-info id="4647" free="28306280" total="46268416" percent="61">
  <mem type="tenure" free="28306280" total="46268416" percent="61" micro-fragmented="0" macro-fragmented="0">
    <mem type="soa" free="27844456" total="45806592" percent="60" />
    <mem type="loa" free="461824" total="461824" percent="100" />
  </mem>
</mem-info>
<gc-op id="4648" type="compact" timems="34.428" contextid="4642" timestamp="2019-08-08T10:56:48.900">
  <compact-info movecount="42" movebytes="1856" reason="compact to aid heap contraction" />
</gc-op>
<heap-resize id="4649" type="expand" space="tenure" amount="131072" count="1" timems="0.022" reason="satisfy allocation request" timestamp="2019-08-08T10:56:48.901" />
<gc-end id="4650" type="global" contextid="4642" durationms="54.064" usertimems="87.185" systemtimems="0.000" timestamp="2019-08-08T10:56:48.901" activeThreads="16">
  <mem-info id="4651" free="28372864" total="46399488" percent="61">
    <mem type="tenure" free="28372864" total="46399488" percent="61">
      <mem type="soa" free="27908992" total="45935616" percent="60" />
      <mem type="loa" free="463872" total="463872" percent="100" />
    </mem>
  </mem-info>
</gc-end>
<cycle-end id="4652" type="global" contextid="4642" timestamp="2019-08-08T10:56:48.901" />
  <attribute name="elasticGC enabled" value="1" />
  <attribute name= "numThreadsSpecified" value="16" />
  <attribute name="heapSize specified" value="46268416" />
  <attribute name="Current GC Util" value="27" />
  <attribute name= "Current Time Running" value="157293" />
  <attribute name ="GC Interval" value="0" />
  <attribute name="Target GC Util Change" value ="80.000000" />
  <attribute name="Current GC Util Change" value="27.000000"/>
  <attribute name="Current Error" value="-199.000000" />
  <attribute name="Output H" value="46343872"/>
  <attribute name="Output I" value="1656"/>
  <attribute name="Output T" value="16"/>
  <attribute name= "Current Time Running" value="157293" />
  <attribute name="GC Util currently" value="27" />
  <attribute name="CPU Util currently" value="33449829291" />
<allocation-satisfied id="4653" threadId="0000000002035F00" bytesRequested="584" />
<af-end id="4654" timestamp="2019-08-08T10:56:48.901" threadId="0000000002036888" success="true" />
<exclusive-end id="4655" timestamp="2019-08-08T10:56:48.901" durationms="54.270" />

<exclusive-start id="4656" timestamp="2019-08-08T10:56:48.921" intervalms="74.217">
  <response-info timems="0.019" idlems="0.019" threads="0" lastid="0000000002035F00" lastname="main" />
</exclusive-start>
<af-start id="4657" threadId="0000000002036888" totalBytesRequested="584" timestamp="2019-08-08T10:56:48.921" intervalms="74.229" />
<cycle-start id="4658" type="global" contextid="0" timestamp="2019-08-08T10:56:48.921" intervalms="74.228" />
<gc-start id="4659" type="global" contextid="4658" timestamp="2019-08-08T10:56:48.921">
  <mem-info id="4660" free="463872" total="46399488" percent="0">
    <mem type="tenure" free="463872" total="46399488" percent="0">
      <mem type="soa" free="0" total="45935616" percent="0" />
      <mem type="loa" free="463872" total="463872" percent="100" />
    </mem>
  </mem-info>
</gc-start>
<allocation-stats totalBytes="27936480" >
  <allocated-bytes non-tlh="0" tlh="27936480" />
  <largest-consumer threadName="main" threadId="0000000002035F00" bytes="27936480" />
</allocation-stats>
<gc-op id="4661" type="mark" timems="14.456" contextid="4658" timestamp="2019-08-08T10:56:48.936">
  <trace-info objectcount="598948" scancount="519961" scanbytes="13348128" />
  <finalization candidates="80" enqueued="0" />
  <ownableSynchronizers candidates="21" cleared="0" />
  <references type="soft" candidates="1855" cleared="0" enqueued="0" dynamicThreshold="19" maxThreshold="32" />
  <references type="weak" candidates="5672" cleared="0" enqueued="0" />
  <references type="phantom" candidates="97" cleared="0" enqueued="0" />
  <stringconstants candidates="13250" cleared="0"  />
</gc-op>
<gc-op id="4662" type="sweep" timems="2.683" contextid="4658" timestamp="2019-08-08T10:56:48.939" />
<mem-info id="4663" free="28437984" total="46399488" percent="61">
  <mem type="tenure" free="28437984" total="46399488" percent="61" micro-fragmented="0" macro-fragmented="0">
    <mem type="soa" free="27974112" total="45935616" percent="60" />
    <mem type="loa" free="463872" total="463872" percent="100" />
  </mem>
</mem-info>
<gc-op id="4664" type="compact" timems="30.639" contextid="4658" timestamp="2019-08-08T10:56:48.969">
  <compact-info movecount="4" movebytes="112" reason="compact to aid heap contraction" />
</gc-op>
<heap-resize id="4665" type="expand" space="tenure" amount="131072" count="1" timems="0.018" reason="satisfy allocation request" timestamp="2019-08-08T10:56:48.970" />
<gc-end id="4666" type="global" contextid="4658" durationms="48.908" usertimems="136.056" systemtimems="0.000" timestamp="2019-08-08T10:56:48.970" activeThreads="16">
  <mem-info id="4667" free="28503936" total="46530560" percent="61">
    <mem type="tenure" free="28503936" total="46530560" percent="61">
      <mem type="soa" free="28039040" total="46065664" percent="60" />
      <mem type="loa" free="464896" total="464896" percent="100" />
    </mem>
  </mem-info>
</gc-end>
<cycle-end id="4668" type="global" contextid="4658" timestamp="2019-08-08T10:56:48.970" />
  <attribute name="elasticGC enabled" value="1" />
  <attribute name= "numThreadsSpecified" value="16" />
  <attribute name="heapSize specified" value="46399488" />
  <attribute name="Current GC Util" value="51" />
  <attribute name= "Current Time Running" value="157363" />
  <attribute name ="GC Interval" value="0" />
  <attribute name="Target GC Util Change" value ="80.000000" />
  <attribute name="Current GC Util Change" value="51.000000"/>
  <attribute name="Current Error" value="29.000000" />
  <attribute name="Output H" value="46475208"/>
  <attribute name="Output I" value="2064"/>
  <attribute name="Output T" value="16"/>
  <attribute name= "Current Time Running" value="157363" />
  <attribute name="GC Util currently" value="51" />
  <attribute name="CPU Util currently" value="37604536483" />
<allocation-satisfied id="4669" threadId="0000000002035F00" bytesRequested="584" />
<af-end id="4670" timestamp="2019-08-08T10:56:48.970" threadId="0000000002036888" success="true" />
<exclusive-end id="4671" timestamp="2019-08-08T10:56:48.970" durationms="49.113" />

<exclusive-start id="4672" timestamp="2019-08-08T10:56:48.985" intervalms="64.147">
  <response-info timems="0.040" idlems="0.040" threads="0" lastid="0000000002035F00" lastname="main" />
</exclusive-start>
<af-start id="4673" threadId="0000000002036888" totalBytesRequested="584" timestamp="2019-08-08T10:56:48.985" intervalms="64.139" />
<cycle-start id="4674" type="global" contextid="0" timestamp="2019-08-08T10:56:48.985" intervalms="64.139" />
<gc-start id="4675" type="global" contextid="4674" timestamp="2019-08-08T10:56:48.985">
  <mem-info id="4676" free="464896" total="46530560" percent="0">
    <mem type="tenure" free="464896" total="46530560" percent="0">
      <mem type="soa" free="0" total="46065664" percent="0" />
      <mem type="loa" free="464896" total="464896" percent="100" />
    </mem>
  </mem-info>
</gc-start>
<allocation-stats totalBytes="28066720" >
  <allocated-bytes non-tlh="0" tlh="28066720" />
  <largest-consumer threadName="main" threadId="0000000002035F00" bytes="28066720" />
</allocation-stats>
<gc-op id="4677" type="mark" timems="15.902" contextid="4674" timestamp="2019-08-08T10:56:49.001">
  <trace-info objectcount="598948" scancount="519965" scanbytes="13348128" />
  <finalization candidates="80" enqueued="0" />
  <ownableSynchronizers candidates="21" cleared="0" />
  <references type="soft" candidates="1855" cleared="0" enqueued="0" dynamicThreshold="19" maxThreshold="32" />
  <references type="weak" candidates="5672" cleared="0" enqueued="0" />
  <references type="phantom" candidates="97" cleared="0" enqueued="0" />
  <stringconstants candidates="13250" cleared="0"  />
</gc-op>
<gc-op id="4678" type="sweep" timems="2.029" contextid="4674" timestamp="2019-08-08T10:56:49.003" />
<mem-info id="4679" free="28569368" total="46530560" percent="61">
  <mem type="tenure" free="28569368" total="46530560" percent="61" micro-fragmented="0" macro-fragmented="0">
    <mem type="soa" free="28104472" total="46065664" percent="61" />
    <mem type="loa" free="464896" total="464896" percent="100" />
  </mem>
</mem-info>
<gc-op id="4680" type="compact" timems="22.784" contextid="4674" timestamp="2019-08-08T10:56:49.026">
  <compact-info movecount="4" movebytes="112" reason="compact to aid heap contraction" />
</gc-op>
<heap-resize id="4681" type="expand" space="tenure" amount="131072" count="1" timems="0.018" reason="satisfy allocation request" timestamp="2019-08-08T10:56:49.028" />
<gc-end id="4682" type="global" contextid="4674" durationms="43.155" usertimems="126.313" systemtimems="0.000" timestamp="2019-08-08T10:56:49.029" activeThreads="16">
  <mem-info id="4683" free="28635008" total="46661632" percent="61">
    <mem type="tenure" free="28635008" total="46661632" percent="61">
      <mem type="soa" free="28169088" total="46195712" percent="60" />
      <mem type="loa" free="465920" total="465920" percent="100" />
    </mem>
  </mem-info>
</gc-end>
<cycle-end id="4684" type="global" contextid="4674" timestamp="2019-08-08T10:56:49.029" />
  <attribute name="elasticGC enabled" value="1" />
  <attribute name= "numThreadsSpecified" value="16" />
  <attribute name="heapSize specified" value="46530560" />
  <attribute name="Current GC Util" value="40" />
  <attribute name= "Current Time Running" value="157420" />
  <attribute name ="GC Interval" value="0" />
  <attribute name="Target GC Util Change" value ="80.000000" />
  <attribute name="Current GC Util Change" value="40.000000"/>
  <attribute name="Current Error" value="-634.000000" />
  <attribute name="Output H" value="46605512"/>
  <attribute name="Output I" value="880"/>
  <attribute name="Output T" value="16"/>
  <attribute name= "Current Time Running" value="157420" />
  <attribute name="GC Util currently" value="40" />
  <attribute name="CPU Util currently" value="50538283415" />
<allocation-satisfied id="4685" threadId="0000000002035F00" bytesRequested="584" />
<af-end id="4686" timestamp="2019-08-08T10:56:49.029" threadId="0000000002036888" success="true" />
<exclusive-end id="4687" timestamp="2019-08-08T10:56:49.029" durationms="43.476" />

<exclusive-start id="4688" timestamp="2019-08-08T10:56:49.054" intervalms="69.024">
  <response-info timems="0.036" idlems="0.036" threads="0" lastid="0000000002035F00" lastname="main" />
</exclusive-start>
<af-start id="4689" threadId="0000000002036888" totalBytesRequested="16" timestamp="2019-08-08T10:56:49.054" intervalms="69.017" />
<cycle-start id="4690" type="global" contextid="0" timestamp="2019-08-08T10:56:49.054" intervalms="69.015" />
<gc-start id="4691" type="global" contextid="4690" timestamp="2019-08-08T10:56:49.054">
  <mem-info id="4692" free="465920" total="46661632" percent="0">
    <mem type="tenure" free="465920" total="46661632" percent="0">
      <mem type="soa" free="0" total="46195712" percent="0" />
      <mem type="loa" free="465920" total="465920" percent="100" />
    </mem>
  </mem-info>
</gc-start>
<allocation-stats totalBytes="28196688" >
  <allocated-bytes non-tlh="0" tlh="28196688" />
  <largest-consumer threadName="main" threadId="0000000002035F00" bytes="28196688" />
</allocation-stats>
<gc-op id="4693" type="mark" timems="7.590" contextid="4690" timestamp="2019-08-08T10:56:49.062">
  <trace-info objectcount="598947" scancount="519954" scanbytes="13348112" />
  <finalization candidates="80" enqueued="0" />
  <ownableSynchronizers candidates="21" cleared="0" />
  <references type="soft" candidates="1855" cleared="0" enqueued="0" dynamicThreshold="19" maxThreshold="32" />
  <references type="weak" candidates="5672" cleared="0" enqueued="0" />
  <references type="phantom" candidates="97" cleared="0" enqueued="0" />
  <stringconstants candidates="13250" cleared="0"  />
</gc-op>
<gc-op id="4694" type="sweep" timems="1.451" contextid="4690" timestamp="2019-08-08T10:56:49.064" />
<mem-info id="4695" free="28700536" total="46661632" percent="61">
  <mem type="tenure" free="28700536" total="46661632" percent="61" micro-fragmented="0" macro-fragmented="0">
    <mem type="soa" free="28234616" total="46195712" percent="61" />
    <mem type="loa" free="465920" total="465920" percent="100" />
  </mem>
</mem-info>
<gc-op id="4696" type="compact" timems="31.534" contextid="4690" timestamp="2019-08-08T10:56:49.095">
  <compact-info movecount="3" movebytes="96" reason="compact to aid heap contraction" />
</gc-op>
<heap-resize id="4697" type="expand" space="tenure" amount="131072" count="1" timems="0.019" reason="satisfy allocation request" timestamp="2019-08-08T10:56:49.096" />
<gc-end id="4698" type="global" contextid="4690" durationms="41.512" usertimems="119.771" systemtimems="0.000" timestamp="2019-08-08T10:56:49.096" activeThreads="16">
  <mem-info id="4699" free="28766096" total="46792704" percent="61">
    <mem type="tenure" free="28766096" total="46792704" percent="61">
      <mem type="soa" free="28299152" total="46325760" percent="61" />
      <mem type="loa" free="466944" total="466944" percent="100" />
    </mem>
  </mem-info>
</gc-end>
<cycle-end id="4700" type="global" contextid="4690" timestamp="2019-08-08T10:56:49.096" />
  <attribute name="elasticGC enabled" value="1" />
  <attribute name= "numThreadsSpecified" value="16" />
  <attribute name="heapSize specified" value="46661632" />
  <attribute name="Current GC Util" value="25" />
  <attribute name= "Current Time Running" value="157489" />
  <attribute name ="GC Interval" value="0" />
  <attribute name="Target GC Util Change" value ="80.000000" />
  <attribute name="Current GC Util Change" value="25.000000"/>
  <attribute name="Current Error" value="-435.000000" />
  <attribute name="Output H" value="46736816"/>
  <attribute name="Output I" value="1232"/>
  <attribute name="Output T" value="16"/>
  <attribute name= "Current Time Running" value="157489" />
  <attribute name="GC Util currently" value="25" />
  <attribute name="CPU Util currently" value="36583416375" />
<allocation-satisfied id="4701" threadId="0000000002035F00" bytesRequested="16" />
<af-end id="4702" timestamp="2019-08-08T10:56:49.096" threadId="0000000002036888" success="true" />
<exclusive-end id="4703" timestamp="2019-08-08T10:56:49.096" durationms="41.804" />

<exclusive-start id="4704" timestamp="2019-08-08T10:56:49.115" intervalms="60.987">
  <response-info timems="0.075" idlems="0.075" threads="0" lastid="0000000002035F00" lastname="main" />
</exclusive-start>
<af-start id="4705" threadId="0000000002036888" totalBytesRequested="40" timestamp="2019-08-08T10:56:49.115" intervalms="60.988" />
<cycle-start id="4706" type="global" contextid="0" timestamp="2019-08-08T10:56:49.115" intervalms="60.987" />
<gc-start id="4707" type="global" contextid="4706" timestamp="2019-08-08T10:56:49.115">
  <mem-info id="4708" free="466944" total="46792704" percent="0">
    <mem type="tenure" free="466944" total="46792704" percent="0">
      <mem type="soa" free="0" total="46325760" percent="0" />
      <mem type="loa" free="466944" total="466944" percent="100" />
    </mem>
  </mem-info>
</gc-start>
<allocation-stats totalBytes="28327008" >
  <allocated-bytes non-tlh="0" tlh="28327008" />
  <largest-consumer threadName="main" threadId="0000000002035F00" bytes="28327008" />
</allocation-stats>
<gc-op id="4709" type="mark" timems="7.718" contextid="4706" timestamp="2019-08-08T10:56:49.123">
  <trace-info objectcount="598946" scancount="519960" scanbytes="13348072" />
  <finalization candidates="80" enqueued="0" />
  <ownableSynchronizers candidates="21" cleared="0" />
  <references type="soft" candidates="1855" cleared="0" enqueued="0" dynamicThreshold="19" maxThreshold="32" />
  <references type="weak" candidates="5672" cleared="0" enqueued="0" />
  <references type="phantom" candidates="97" cleared="0" enqueued="0" />
  <stringconstants candidates="13250" cleared="0"  />
</gc-op>
<gc-op id="4710" type="sweep" timems="1.739" contextid="4706" timestamp="2019-08-08T10:56:49.125" />
<mem-info id="4711" free="28831632" total="46792704" percent="61">
  <mem type="tenure" free="28831632" total="46792704" percent="61" micro-fragmented="0" macro-fragmented="0">
    <mem type="soa" free="28364688" total="46325760" percent="61" />
    <mem type="loa" free="466944" total="466944" percent="100" />
  </mem>
</mem-info>
<gc-op id="4712" type="compact" timems="23.808" contextid="4706" timestamp="2019-08-08T10:56:49.149">
  <compact-info movecount="2" movebytes="56" reason="compact to aid heap contraction" />
</gc-op>
<heap-resize id="4713" type="expand" space="tenure" amount="131072" count="1" timems="0.017" reason="satisfy allocation request" timestamp="2019-08-08T10:56:49.150" />
<gc-end id="4714" type="global" contextid="4706" durationms="34.182" usertimems="82.276" systemtimems="0.000" timestamp="2019-08-08T10:56:49.150" activeThreads="16">
  <mem-info id="4715" free="28897208" total="46923776" percent="61">
    <mem type="tenure" free="28897208" total="46923776" percent="61">
      <mem type="soa" free="28428216" total="46454784" percent="61" />
      <mem type="loa" free="468992" total="468992" percent="100" />
    </mem>
  </mem-info>
</gc-end>
<cycle-end id="4716" type="global" contextid="4706" timestamp="2019-08-08T10:56:49.150" />
  <attribute name="elasticGC enabled" value="1" />
  <attribute name= "numThreadsSpecified" value="16" />
  <attribute name="heapSize specified" value="46792704" />
  <attribute name="Current GC Util" value="43" />
  <attribute name= "Current Time Running" value="157542" />
  <attribute name ="GC Interval" value="0" />
  <attribute name="Target GC Util Change" value ="80.000000" />
  <attribute name="Current GC Util Change" value="43.000000"/>
  <attribute name="Current Error" value="37.000000" />
  <attribute name="Output H" value="46868432"/>
  <attribute name="Output I" value="2080"/>
  <attribute name="Output T" value="16"/>
  <attribute name= "Current Time Running" value="157542" />
  <attribute name="GC Util currently" value="43" />
  <attribute name="CPU Util currently" value="48272918184" />
<allocation-satisfied id="4717" threadId="0000000002035F00" bytesRequested="40" />
<af-end id="4718" timestamp="2019-08-08T10:56:49.150" threadId="0000000002036888" success="true" />
<exclusive-end id="4719" timestamp="2019-08-08T10:56:49.150" durationms="34.796" />

<exclusive-start id="4720" timestamp="2019-08-08T10:56:49.167" intervalms="52.090">
  <response-info timems="0.078" idlems="0.078" threads="0" lastid="0000000002035F00" lastname="main" />
</exclusive-start>
<af-start id="4721" threadId="0000000002036888" totalBytesRequested="544" timestamp="2019-08-08T10:56:49.167" intervalms="52.104" />
<cycle-start id="4722" type="global" contextid="0" timestamp="2019-08-08T10:56:49.167" intervalms="52.108" />
<gc-start id="4723" type="global" contextid="4722" timestamp="2019-08-08T10:56:49.168">
  <mem-info id="4724" free="468992" total="46923776" percent="0">
    <mem type="tenure" free="468992" total="46923776" percent="0">
      <mem type="soa" free="0" total="46454784" percent="0" />
      <mem type="loa" free="468992" total="468992" percent="100" />
    </mem>
  </mem-info>
</gc-start>
<allocation-stats totalBytes="28453416" >
  <allocated-bytes non-tlh="0" tlh="28453416" />
  <largest-consumer threadName="main" threadId="0000000002035F00" bytes="28453416" />
</allocation-stats>
<gc-op id="4725" type="mark" timems="9.498" contextid="4722" timestamp="2019-08-08T10:56:49.177">
  <trace-info objectcount="598948" scancount="519965" scanbytes="13348128" />
  <finalization candidates="80" enqueued="0" />
  <ownableSynchronizers candidates="21" cleared="0" />
  <references type="soft" candidates="1855" cleared="0" enqueued="0" dynamicThreshold="19" maxThreshold="32" />
  <references type="weak" candidates="5672" cleared="0" enqueued="0" />
  <references type="phantom" candidates="97" cleared="0" enqueued="0" />
  <stringconstants candidates="13250" cleared="0"  />
</gc-op>
<gc-op id="4726" type="sweep" timems="2.049" contextid="4722" timestamp="2019-08-08T10:56:49.179" />
<mem-info id="4727" free="28962136" total="46923776" percent="61">
  <mem type="tenure" free="28962136" total="46923776" percent="61" micro-fragmented="0" macro-fragmented="0">
    <mem type="soa" free="28493144" total="46454784" percent="61" />
    <mem type="loa" free="468992" total="468992" percent="100" />
  </mem>
</mem-info>
<gc-op id="4728" type="compact" timems="30.680" contextid="4722" timestamp="2019-08-08T10:56:49.211">
  <compact-info movecount="4" movebytes="112" reason="compact to aid heap contraction" />
</gc-op>
<heap-resize id="4729" type="expand" space="tenure" amount="131072" count="1" timems="0.025" reason="satisfy allocation request" timestamp="2019-08-08T10:56:49.212" />
<gc-end id="4730" type="global" contextid="4722" durationms="44.792" usertimems="106.766" systemtimems="0.000" timestamp="2019-08-08T10:56:49.212" activeThreads="16">
  <mem-info id="4731" free="29028224" total="47054848" percent="61">
    <mem type="tenure" free="29028224" total="47054848" percent="61">
      <mem type="soa" free="28558208" total="46584832" percent="61" />
      <mem type="loa" free="470016" total="470016" percent="100" />
    </mem>
  </mem-info>
</gc-end>
<cycle-end id="4732" type="global" contextid="4722" timestamp="2019-08-08T10:56:49.212" />
  <attribute name="elasticGC enabled" value="1" />
  <attribute name= "numThreadsSpecified" value="16" />
  <attribute name="heapSize specified" value="46923776" />
  <attribute name="Current GC Util" value="39" />
  <attribute name= "Current Time Running" value="157604" />
  <attribute name ="GC Interval" value="0" />
  <attribute name="Target GC Util Change" value ="80.000000" />
  <attribute name="Current GC Util Change" value="39.000000"/>
  <attribute name="Current Error" value="-531.000000" />
  <attribute name="Output H" value="46998848"/>
  <attribute name="Output I" value="1064"/>
  <attribute name="Output T" value="16"/>
  <attribute name= "Current Time Running" value="157604" />
  <attribute name="GC Util currently" value="39" />
  <attribute name="CPU Util currently" value="36608408671" />
<allocation-satisfied id="4733" threadId="0000000002035F00" bytesRequested="544" />
<af-end id="4734" timestamp="2019-08-08T10:56:49.213" threadId="0000000002036888" success="true" />
<exclusive-end id="4735" timestamp="2019-08-08T10:56:49.213" durationms="45.169" />

* Round 1 done in 25.890 seconds.
<exclusive-start id="4736" timestamp="2019-08-08T10:56:49.234" intervalms="66.334">
  <response-info timems="0.042" idlems="0.042" threads="0" lastid="0000000002035F00" lastname="main" />
</exclusive-start>
<af-start id="4737" threadId="0000000002036888" totalBytesRequested="24" timestamp="2019-08-08T10:56:49.234" intervalms="66.427" />
<cycle-start id="4738" type="global" contextid="0" timestamp="2019-08-08T10:56:49.234" intervalms="66.510" />
<gc-start id="4739" type="global" contextid="4738" timestamp="2019-08-08T10:56:49.234">
  <mem-info id="4740" free="470016" total="47054848" percent="0">
    <mem type="tenure" free="470016" total="47054848" percent="0">
      <mem type="soa" free="0" total="46584832" percent="0" />
      <mem type="loa" free="470016" total="470016" percent="100" />
    </mem>
  </mem-info>
</gc-start>
<allocation-stats totalBytes="28589480" >
  <allocated-bytes non-tlh="2800" tlh="28586680" />
  <largest-consumer threadName="main" threadId="0000000002035F00" bytes="28589480" />
</allocation-stats>
<gc-op id="4741" type="mark" timems="9.131" contextid="4738" timestamp="2019-08-08T10:56:49.243">
  <trace-info objectcount="596673" scancount="517648" scanbytes="13285888" />
  <finalization candidates="80" enqueued="0" />
  <ownableSynchronizers candidates="21" cleared="0" />
  <references type="soft" candidates="1863" cleared="0" enqueued="0" dynamicThreshold="19" maxThreshold="32" />
  <references type="weak" candidates="5688" cleared="4" enqueued="3" />
  <references type="phantom" candidates="97" cleared="0" enqueued="0" />
  <stringconstants candidates="13275" cleared="0"  />
</gc-op>
<gc-op id="4742" type="sweep" timems="1.708" contextid="4738" timestamp="2019-08-08T10:56:49.245" />
<mem-info id="4743" free="29137272" total="47054848" percent="61">
  <mem type="tenure" free="29137272" total="47054848" percent="61" micro-fragmented="20832" macro-fragmented="0">
    <mem type="soa" free="28667256" total="46584832" percent="61" />
    <mem type="loa" free="470016" total="470016" percent="100" />
  </mem>
  <pending-finalizers system="0" default="0" reference="3" classloader="0" />
</mem-info>
<gc-op id="4744" type="compact" timems="118.859" contextid="4738" timestamp="2019-08-08T10:56:49.364">
  <compact-info movecount="523314" movebytes="13566432" reason="compact to aid heap contraction" />
</gc-op>
<heap-resize id="4745" type="expand" space="tenure" amount="131072" count="1" timems="0.019" reason="satisfy allocation request" timestamp="2019-08-08T10:56:49.365" />
<gc-end id="4746" type="global" contextid="4738" durationms="131.027" usertimems="172.022" systemtimems="0.000" timestamp="2019-08-08T10:56:49.365" activeThreads="16">
  <mem-info id="4747" free="29219960" total="47185920" percent="61">
    <mem type="tenure" free="29219960" total="47185920" percent="61">
      <mem type="soa" free="28748920" total="46714880" percent="61" />
      <mem type="loa" free="471040" total="471040" percent="100" />
    </mem>
    <pending-finalizers system="0" default="0" reference="3" classloader="0" />
  </mem-info>
</gc-end>
<cycle-end id="4748" type="global" contextid="4738" timestamp="2019-08-08T10:56:49.365" />
  <attribute name="elasticGC enabled" value="1" />
  <attribute name= "numThreadsSpecified" value="16" />
  <attribute name="heapSize specified" value="47054848" />
  <attribute name="Current GC Util" value="9" />
  <attribute name= "Current Time Running" value="157758" />
  <attribute name ="GC Interval" value="0" />
  <attribute name="Target GC Util Change" value ="80.000000" />
  <attribute name="Current GC Util Change" value="9.000000"/>
  <attribute name="Current Error" value="-290.000000" />
  <attribute name="Output H" value="47130200"/>
  <attribute name="Output I" value="1496"/>
  <attribute name="Output T" value="16"/>
  <attribute name= "Current Time Running" value="157758" />
  <attribute name="GC Util currently" value="9" />
  <attribute name="CPU Util currently" value="9693376632" />
<allocation-satisfied id="4749" threadId="0000000002035F00" bytesRequested="24" />
<af-end id="4750" timestamp="2019-08-08T10:56:49.365" threadId="0000000002036888" success="true" />
<exclusive-end id="4751" timestamp="2019-08-08T10:56:49.365" durationms="131.432" />

<exclusive-start id="4752" timestamp="2019-08-08T10:56:49.390" intervalms="156.747">
  <response-info timems="0.065" idlems="0.065" threads="0" lastid="0000000002035F00" lastname="main" />
</exclusive-start>
<af-start id="4753" threadId="0000000002036888" totalBytesRequested="32" timestamp="2019-08-08T10:56:49.390" intervalms="156.650" />
<cycle-start id="4754" type="global" contextid="0" timestamp="2019-08-08T10:56:49.391" intervalms="156.566" />
<gc-start id="4755" type="global" contextid="4754" timestamp="2019-08-08T10:56:49.391">
  <mem-info id="4756" free="471040" total="47185920" percent="0">
    <mem type="tenure" free="471040" total="47185920" percent="0">
      <mem type="soa" free="0" total="46714880" percent="0" />
      <mem type="loa" free="471040" total="471040" percent="100" />
    </mem>
  </mem-info>
</gc-start>
<allocation-stats totalBytes="28812816" >
  <allocated-bytes non-tlh="0" tlh="28812816" />
  <largest-consumer threadName="main" threadId="0000000002035F00" bytes="28812816" />
</allocation-stats>
<gc-op id="4757" type="mark" timems="10.706" contextid="4754" timestamp="2019-08-08T10:56:49.401">
  <trace-info objectcount="596671" scancount="517648" scanbytes="13285904" />
  <finalization candidates="80" enqueued="0" />
  <ownableSynchronizers candidates="21" cleared="0" />
  <references type="soft" candidates="1863" cleared="0" enqueued="0" dynamicThreshold="19" maxThreshold="32" />
  <references type="weak" candidates="5684" cleared="0" enqueued="0" />
  <references type="phantom" candidates="97" cleared="0" enqueued="0" />
  <stringconstants candidates="13275" cleared="0"  />
</gc-op>
<gc-op id="4758" type="sweep" timems="1.904" contextid="4754" timestamp="2019-08-08T10:56:49.403" />
<mem-info id="4759" free="29284336" total="47185920" percent="62">
  <mem type="tenure" free="29284336" total="47185920" percent="62" micro-fragmented="16180" macro-fragmented="0">
    <mem type="soa" free="28813296" total="46714880" percent="61" />
    <mem type="loa" free="471040" total="471040" percent="100" />
  </mem>
</mem-info>
<gc-op id="4760" type="compact" timems="28.725" contextid="4754" timestamp="2019-08-08T10:56:49.432">
  <compact-info movecount="2084" movebytes="87968" reason="compact to aid heap contraction" />
</gc-op>
<heap-resize id="4761" type="expand" space="tenure" amount="131072" count="1" timems="0.024" reason="satisfy allocation request" timestamp="2019-08-08T10:56:49.434" />
<gc-end id="4762" type="global" contextid="4754" durationms="43.799" usertimems="127.770" systemtimems="0.000" timestamp="2019-08-08T10:56:49.434" activeThreads="16">
  <mem-info id="4763" free="29351064" total="47316992" percent="62">
    <mem type="tenure" free="29351064" total="47316992" percent="62">
      <mem type="soa" free="28877976" total="46843904" percent="61" />
      <mem type="loa" free="473088" total="473088" percent="100" />
    </mem>
  </mem-info>
</gc-end>
<cycle-end id="4764" type="global" contextid="4754" timestamp="2019-08-08T10:56:49.435" />
  <attribute name="elasticGC enabled" value="1" />
  <attribute name= "numThreadsSpecified" value="16" />
  <attribute name="heapSize specified" value="47185920" />
  <attribute name="Current GC Util" value="49" />
  <attribute name= "Current Time Running" value="157825" />
  <attribute name ="GC Interval" value="0" />
  <attribute name="Target GC Util Change" value ="80.000000" />
  <attribute name="Current GC Util Change" value="49.000000"/>
  <attribute name="Current Error" value="31.000000" />
  <attribute name="Output H" value="47261640"/>
  <attribute name="Output I" value="2064"/>
  <attribute name="Output T" value="16"/>
  <attribute name= "Current Time Running" value="157825" />
  <attribute name="GC Util currently" value="49" />
  <attribute name="CPU Util currently" value="40011496730" />
<allocation-satisfied id="4765" threadId="0000000002035F00" bytesRequested="32" />
<af-end id="4766" timestamp="2019-08-08T10:56:49.435" threadId="0000000002036888" success="true" />
<exclusive-end id="4767" timestamp="2019-08-08T10:56:49.435" durationms="44.155" />

<exclusive-start id="4768" timestamp="2019-08-08T10:56:49.655" intervalms="264.191">
  <response-info timems="0.015" idlems="0.015" threads="0" lastid="0000000002035F00" lastname="main" />
</exclusive-start>
<af-start id="4769" threadId="0000000002036888" totalBytesRequested="1168" timestamp="2019-08-08T10:56:49.655" intervalms="264.188" />
<cycle-start id="4770" type="global" contextid="0" timestamp="2019-08-08T10:56:49.655" intervalms="264.193" />
<gc-start id="4771" type="global" contextid="4770" timestamp="2019-08-08T10:56:49.655">
  <mem-info id="4772" free="473088" total="47316992" percent="0">
    <mem type="tenure" free="473088" total="47316992" percent="0">
      <mem type="soa" free="0" total="46843904" percent="0" />
      <mem type="loa" free="473088" total="473088" percent="100" />
    </mem>
  </mem-info>
</gc-start>
<allocation-stats totalBytes="28924792" >
  <allocated-bytes non-tlh="0" tlh="28924792" />
  <largest-consumer threadName="main" threadId="0000000002035F00" bytes="28924792" />
</allocation-stats>
<gc-op id="4773" type="mark" timems="8.473" contextid="4770" timestamp="2019-08-08T10:56:49.663">
  <trace-info objectcount="596645" scancount="517625" scanbytes="13284992" />
  <finalization candidates="80" enqueued="0" />
  <ownableSynchronizers candidates="21" cleared="0" />
  <references type="soft" candidates="1863" cleared="12" enqueued="12" dynamicThreshold="19" maxThreshold="32" />
  <references type="weak" candidates="5684" cleared="0" enqueued="0" />
  <references type="phantom" candidates="97" cleared="0" enqueued="0" />
  <stringconstants candidates="13275" cleared="0"  />
</gc-op>
<gc-op id="4774" type="sweep" timems="1.457" contextid="4770" timestamp="2019-08-08T10:56:49.665" />
<mem-info id="4775" free="29412728" total="47316992" percent="62">
  <mem type="tenure" free="29412728" total="47316992" percent="62" micro-fragmented="0" macro-fragmented="0">
    <mem type="soa" free="28939640" total="46843904" percent="61" />
    <mem type="loa" free="473088" total="473088" percent="100" />
  </mem>
  <pending-finalizers system="0" default="0" reference="12" classloader="0" />
</mem-info>
<gc-op id="4776" type="compact" timems="30.118" contextid="4770" timestamp="2019-08-08T10:56:49.695">
  <compact-info movecount="2054" movebytes="88096" reason="compact to aid heap contraction" />
</gc-op>
<heap-resize id="4777" type="expand" space="tenure" amount="131072" count="1" timems="0.020" reason="satisfy allocation request" timestamp="2019-08-08T10:56:49.696" />
<gc-end id="4778" type="global" contextid="4770" durationms="41.404" usertimems="88.104" systemtimems="0.000" timestamp="2019-08-08T10:56:49.696" activeThreads="16">
  <mem-info id="4779" free="29481896" total="47448064" percent="62">
    <mem type="tenure" free="29481896" total="47448064" percent="62">
      <mem type="soa" free="29007784" total="46973952" percent="61" />
      <mem type="loa" free="474112" total="474112" percent="100" />
    </mem>
    <pending-finalizers system="0" default="0" reference="12" classloader="0" />
  </mem-info>
</gc-end>
<cycle-end id="4780" type="global" contextid="4770" timestamp="2019-08-08T10:56:49.696" />
  <attribute name="elasticGC enabled" value="1" />
  <attribute name= "numThreadsSpecified" value="16" />
  <attribute name="heapSize specified" value="47316992" />
  <attribute name="Current GC Util" value="24" />
  <attribute name= "Current Time Running" value="158089" />
  <attribute name ="GC Interval" value="0" />
  <attribute name="Target GC Util Change" value ="80.000000" />
  <attribute name="Current GC Util Change" value="24.000000"/>
  <attribute name="Current Error" value="-336.000000" />
  <attribute name="Output H" value="47392288"/>
  <attribute name="Output I" value="1408"/>
  <attribute name="Output T" value="16"/>
  <attribute name= "Current Time Running" value="158089" />
  <attribute name="GC Util currently" value="24" />
  <attribute name="CPU Util currently" value="38229128301" />
<allocation-satisfied id="4781" threadId="0000000002035F00" bytesRequested="1168" />
<af-end id="4782" timestamp="2019-08-08T10:56:49.696" threadId="0000000002036888" success="true" />
<exclusive-end id="4783" timestamp="2019-08-08T10:56:49.696" durationms="41.712" />

<exclusive-start id="4784" timestamp="2019-08-08T10:56:49.701" intervalms="46.022">
  <response-info timems="0.018" idlems="0.018" threads="0" lastid="0000000002035F00" lastname="main" />
</exclusive-start>
<af-start id="4785" threadId="0000000002036888" totalBytesRequested="1168" timestamp="2019-08-08T10:56:49.701" intervalms="46.235" />
<cycle-start id="4786" type="global" contextid="0" timestamp="2019-08-08T10:56:49.701" intervalms="46.247" />
<gc-start id="4787" type="global" contextid="4786" timestamp="2019-08-08T10:56:49.701">
  <mem-info id="4788" free="474112" total="47448064" percent="0">
    <mem type="tenure" free="474112" total="47448064" percent="0">
      <mem type="soa" free="0" total="46973952" percent="0" />
      <mem type="loa" free="474112" total="474112" percent="100" />
    </mem>
  </mem-info>
</gc-start>
<allocation-stats totalBytes="28963488" >
  <allocated-bytes non-tlh="0" tlh="28963488" />
  <largest-consumer threadName="main" threadId="0000000002035F00" bytes="28959392" />
</allocation-stats>
<gc-op id="4789" type="mark" timems="8.651" contextid="4786" timestamp="2019-08-08T10:56:49.710">
  <trace-info objectcount="596593" scancount="517574" scanbytes="13283832" />
  <finalization candidates="80" enqueued="0" />
  <ownableSynchronizers candidates="21" cleared="0" />
  <references type="soft" candidates="1851" cleared="0" enqueued="0" dynamicThreshold="19" maxThreshold="32" />
  <references type="weak" candidates="5684" cleared="0" enqueued="0" />
  <references type="phantom" candidates="97" cleared="0" enqueued="0" />
  <stringconstants candidates="13275" cleared="0"  />
</gc-op>
<gc-op id="4790" type="sweep" timems="1.441" contextid="4786" timestamp="2019-08-08T10:56:49.711" />
<mem-info id="4791" free="29547432" total="47448064" percent="62">
  <mem type="tenure" free="29547432" total="47448064" percent="62" micro-fragmented="8470" macro-fragmented="0">
    <mem type="soa" free="29073320" total="46973952" percent="61" />
    <mem type="loa" free="474112" total="474112" percent="100" />
  </mem>
</mem-info>
<gc-op id="4792" type="compact" timems="28.760" contextid="4786" timestamp="2019-08-08T10:56:49.740">
  <compact-info movecount="1445" movebytes="68200" reason="compact to aid heap contraction" />
</gc-op>
<heap-resize id="4793" type="expand" space="tenure" amount="131072" count="1" timems="0.017" reason="satisfy allocation request" timestamp="2019-08-08T10:56:49.741" />
<gc-end id="4794" type="global" contextid="4786" durationms="40.217" usertimems="91.217" systemtimems="0.000" timestamp="2019-08-08T10:56:49.741" activeThreads="16">
  <mem-info id="4795" free="29614224" total="47579136" percent="62">
    <mem type="tenure" free="29614224" total="47579136" percent="62">
      <mem type="soa" free="29139088" total="47104000" percent="61" />
      <mem type="loa" free="475136" total="475136" percent="100" />
    </mem>
  </mem-info>
</gc-end>
<cycle-end id="4796" type="global" contextid="4786" timestamp="2019-08-08T10:56:49.741" />
  <attribute name="elasticGC enabled" value="1" />
  <attribute name= "numThreadsSpecified" value="16" />
  <attribute name="heapSize specified" value="47448064" />
  <attribute name="Current GC Util" value="40" />
  <attribute name= "Current Time Running" value="158133" />
  <attribute name ="GC Interval" value="0" />
  <attribute name="Target GC Util Change" value ="80.000000" />
  <attribute name="Current GC Util Change" value="40.000000"/>
  <attribute name="Current Error" value="-463.000000" />
  <attribute name="Output H" value="47523216"/>
  <attribute name="Output I" value="1184"/>
  <attribute name="Output T" value="16"/>
  <attribute name= "Current Time Running" value="158133" />
  <attribute name="GC Util currently" value="40" />
  <attribute name="CPU Util currently" value="40044093686" />
<allocation-satisfied id="4797" threadId="0000000002035F00" bytesRequested="1168" />
<af-end id="4798" timestamp="2019-08-08T10:56:49.741" threadId="0000000002036888" success="true" />
<exclusive-end id="4799" timestamp="2019-08-08T10:56:49.741" durationms="40.658" />

<exclusive-start id="4800" timestamp="2019-08-08T10:56:49.744" intervalms="43.647">
  <response-info timems="0.018" idlems="0.018" threads="0" lastid="0000000002035F00" lastname="main" />
</exclusive-start>
<af-start id="4801" threadId="0000000002036888" totalBytesRequested="1168" timestamp="2019-08-08T10:56:49.744" intervalms="43.433" />
<cycle-start id="4802" type="global" contextid="0" timestamp="2019-08-08T10:56:49.744" intervalms="43.424" />
<gc-start id="4803" type="global" contextid="4802" timestamp="2019-08-08T10:56:49.744">
  <mem-info id="4804" free="475136" total="47579136" percent="0">
    <mem type="tenure" free="475136" total="47579136" percent="0">
      <mem type="soa" free="0" total="47104000" percent="0" />
      <mem type="loa" free="475136" total="475136" percent="100" />
    </mem>
  </mem-info>
</gc-start>
<allocation-stats totalBytes="29096200" >
  <allocated-bytes non-tlh="0" tlh="29096200" />
  <largest-consumer threadName="main" threadId="0000000002035F00" bytes="29096200" />
</allocation-stats>
<gc-op id="4805" type="mark" timems="12.819" contextid="4802" timestamp="2019-08-08T10:56:49.757">
  <trace-info objectcount="596594" scancount="517573" scanbytes="13283856" />
  <finalization candidates="80" enqueued="0" />
  <ownableSynchronizers candidates="21" cleared="0" />
  <references type="soft" candidates="1851" cleared="0" enqueued="0" dynamicThreshold="19" maxThreshold="32" />
  <references type="weak" candidates="5684" cleared="0" enqueued="0" />
  <references type="phantom" candidates="97" cleared="0" enqueued="0" />
  <stringconstants candidates="13275" cleared="0"  />
</gc-op>
<gc-op id="4806" type="sweep" timems="1.236" contextid="4802" timestamp="2019-08-08T10:56:49.759" />
<mem-info id="4807" free="29679736" total="47579136" percent="62">
  <mem type="tenure" free="29679736" total="47579136" percent="62" micro-fragmented="0" macro-fragmented="0">
    <mem type="soa" free="29204600" total="47104000" percent="62" />
    <mem type="loa" free="475136" total="475136" percent="100" />
  </mem>
</mem-info>
<gc-op id="4808" type="compact" timems="25.081" contextid="4802" timestamp="2019-08-08T10:56:49.784">
  <compact-info movecount="2" movebytes="56" reason="compact to aid heap contraction" />
</gc-op>
<heap-resize id="4809" type="expand" space="tenure" amount="131072" count="1" timems="0.019" reason="satisfy allocation request" timestamp="2019-08-08T10:56:49.785" />
<gc-end id="4810" type="global" contextid="4802" durationms="40.531" usertimems="91.508" systemtimems="0.000" timestamp="2019-08-08T10:56:49.785" activeThreads="16">
  <mem-info id="4811" free="29745272" total="47710208" percent="62">
    <mem type="tenure" free="29745272" total="47710208" percent="62">
      <mem type="soa" free="29269112" total="47234048" percent="61" />
      <mem type="loa" free="476160" total="476160" percent="100" />
    </mem>
  </mem-info>
</gc-end>
<cycle-end id="4812" type="global" contextid="4802" timestamp="2019-08-08T10:56:49.785" />
  <attribute name="elasticGC enabled" value="1" />
  <attribute name= "numThreadsSpecified" value="16" />
  <attribute name="heapSize specified" value="47579136" />
  <attribute name="Current GC Util" value="24" />
  <attribute name= "Current Time Running" value="158177" />
  <attribute name ="GC Interval" value="0" />
  <attribute name="Target GC Util Change" value ="80.000000" />
  <attribute name="Current GC Util Change" value="24.000000"/>
  <attribute name="Current Error" value="56.000000" />
  <attribute name="Output H" value="47654880"/>
  <attribute name="Output I" value="2112"/>
  <attribute name="Output T" value="16"/>
  <attribute name= "Current Time Running" value="158177" />
  <attribute name="GC Util currently" value="24" />
  <attribute name="CPU Util currently" value="45926814738" />
<allocation-satisfied id="4813" threadId="0000000002035F00" bytesRequested="1168" />
<af-end id="4814" timestamp="2019-08-08T10:56:49.785" threadId="0000000002036888" success="true" />
<exclusive-end id="4815" timestamp="2019-08-08T10:56:49.785" durationms="40.764" />

<exclusive-start id="4816" timestamp="2019-08-08T10:56:49.789" intervalms="44.583">
  <response-info timems="0.024" idlems="0.024" threads="0" lastid="0000000002035F00" lastname="main" />
</exclusive-start>
<af-start id="4817" threadId="0000000002036888" totalBytesRequested="1168" timestamp="2019-08-08T10:56:49.789" intervalms="44.683" />
<cycle-start id="4818" type="global" contextid="0" timestamp="2019-08-08T10:56:49.789" intervalms="44.692" />
<gc-start id="4819" type="global" contextid="4818" timestamp="2019-08-08T10:56:49.789">
  <mem-info id="4820" free="476160" total="47710208" percent="0">
    <mem type="tenure" free="476160" total="47710208" percent="0">
      <mem type="soa" free="0" total="47234048" percent="0" />
      <mem type="loa" free="476160" total="476160" percent="100" />
    </mem>
  </mem-info>
</gc-start>
<allocation-stats totalBytes="29234416" >
  <allocated-bytes non-tlh="0" tlh="29234416" />
  <largest-consumer threadName="main" threadId="0000000002035F00" bytes="29234416" />
</allocation-stats>
<gc-op id="4821" type="mark" timems="9.708" contextid="4818" timestamp="2019-08-08T10:56:49.799">
  <trace-info objectcount="596583" scancount="517573" scanbytes="13283744" />
  <finalization candidates="80" enqueued="0" />
  <ownableSynchronizers candidates="21" cleared="0" />
  <references type="soft" candidates="1851" cleared="1" enqueued="0" dynamicThreshold="19" maxThreshold="32" />
  <references type="weak" candidates="5684" cleared="0" enqueued="0" />
  <references type="phantom" candidates="97" cleared="0" enqueued="0" />
  <stringconstants candidates="13275" cleared="0"  />
</gc-op>
<gc-op id="4822" type="sweep" timems="1.889" contextid="4818" timestamp="2019-08-08T10:56:49.801" />
<mem-info id="4823" free="29829008" total="47710208" percent="62">
  <mem type="tenure" free="29829008" total="47710208" percent="62" micro-fragmented="0" macro-fragmented="0">
    <mem type="soa" free="29352848" total="47234048" percent="62" />
    <mem type="loa" free="476160" total="476160" percent="100" />
  </mem>
</mem-info>
<gc-op id="4824" type="compact" timems="24.862" contextid="4818" timestamp="2019-08-08T10:56:49.826">
  <compact-info movecount="766" movebytes="30112" reason="compact to aid heap contraction" />
</gc-op>
<heap-resize id="4825" type="expand" space="tenure" amount="131072" count="1" timems="0.020" reason="satisfy allocation request" timestamp="2019-08-08T10:56:49.827" />
<gc-end id="4826" type="global" contextid="4818" durationms="37.652" usertimems="88.327" systemtimems="0.000" timestamp="2019-08-08T10:56:49.827" activeThreads="16">
  <mem-info id="4827" free="29894544" total="47841280" percent="62">
    <mem type="tenure" free="29894544" total="47841280" percent="62">
      <mem type="soa" free="29416336" total="47363072" percent="62" />
      <mem type="loa" free="478208" total="478208" percent="100" />
    </mem>
  </mem-info>
</gc-end>
<cycle-end id="4828" type="global" contextid="4818" timestamp="2019-08-08T10:56:49.827" />
  <attribute name="elasticGC enabled" value="1" />
  <attribute name= "numThreadsSpecified" value="16" />
  <attribute name="heapSize specified" value="47710208" />
  <attribute name="Current GC Util" value="37" />
  <attribute name= "Current Time Running" value="158219" />
  <attribute name ="GC Interval" value="0" />
  <attribute name="Target GC Util Change" value ="80.000000" />
  <attribute name="Current GC Util Change" value="37.000000"/>
  <attribute name="Current Error" value="-821.000000" />
  <attribute name="Output H" value="47784944"/>
  <attribute name="Output I" value="544"/>
  <attribute name="Output T" value="16"/>
  <attribute name= "Current Time Running" value="158219" />
  <attribute name="GC Util currently" value="37" />
  <attribute name="CPU Util currently" value="46217540209" />
<allocation-satisfied id="4829" threadId="0000000002035F00" bytesRequested="1168" />
<af-end id="4830" timestamp="2019-08-08T10:56:49.827" threadId="0000000002036888" success="true" />
<exclusive-end id="4831" timestamp="2019-08-08T10:56:49.827" durationms="37.998" />

<exclusive-start id="4832" timestamp="2019-08-08T10:56:49.830" intervalms="41.166">
  <response-info timems="0.020" idlems="0.020" threads="0" lastid="0000000002035F00" lastname="main" />
</exclusive-start>
<af-start id="4833" threadId="0000000002036888" totalBytesRequested="1168" timestamp="2019-08-08T10:56:49.830" intervalms="41.063" />
<cycle-start id="4834" type="global" contextid="0" timestamp="2019-08-08T10:56:49.830" intervalms="41.045" />
<gc-start id="4835" type="global" contextid="4834" timestamp="2019-08-08T10:56:49.830">
  <mem-info id="4836" free="478208" total="47841280" percent="0">
    <mem type="tenure" free="478208" total="47841280" percent="0">
      <mem type="soa" free="0" total="47363072" percent="0" />
      <mem type="loa" free="478208" total="478208" percent="100" />
    </mem>
  </mem-info>
</gc-start>
<allocation-stats totalBytes="29382328" >
  <allocated-bytes non-tlh="0" tlh="29382328" />
  <largest-consumer threadName="main" threadId="0000000002035F00" bytes="29382328" />
</allocation-stats>
<gc-op id="4837" type="mark" timems="16.129" contextid="4834" timestamp="2019-08-08T10:56:49.846">
  <trace-info objectcount="596583" scancount="517581" scanbytes="13283744" />
  <finalization candidates="80" enqueued="0" />
  <ownableSynchronizers candidates="21" cleared="0" />
  <references type="soft" candidates="1850" cleared="0" enqueued="0" dynamicThreshold="19" maxThreshold="32" />
  <references type="weak" candidates="5684" cleared="0" enqueued="0" />
  <references type="phantom" candidates="97" cleared="0" enqueued="0" />
  <stringconstants candidates="13275" cleared="0"  />
</gc-op>
<gc-op id="4838" type="sweep" timems="1.791" contextid="4834" timestamp="2019-08-08T10:56:49.848" />
<mem-info id="4839" free="29960048" total="47841280" percent="62">
  <mem type="tenure" free="29960048" total="47841280" percent="62" micro-fragmented="0" macro-fragmented="0">
    <mem type="soa" free="29481840" total="47363072" percent="62" />
    <mem type="loa" free="478208" total="478208" percent="100" />
  </mem>
</mem-info>
<gc-op id="4840" type="compact" timems="25.266" contextid="4834" timestamp="2019-08-08T10:56:49.873">
  <compact-info movecount="2" movebytes="56" reason="compact to aid heap contraction" />
</gc-op>
<heap-resize id="4841" type="expand" space="tenure" amount="131072" count="1" timems="0.017" reason="satisfy allocation request" timestamp="2019-08-08T10:56:49.874" />
<gc-end id="4842" type="global" contextid="4834" durationms="43.914" usertimems="104.050" systemtimems="0.000" timestamp="2019-08-08T10:56:49.874" activeThreads="16">
  <mem-info id="4843" free="30025616" total="47972352" percent="62">
    <mem type="tenure" free="30025616" total="47972352" percent="62">
      <mem type="soa" free="29546384" total="47493120" percent="62" />
      <mem type="loa" free="479232" total="479232" percent="100" />
    </mem>
  </mem-info>
</gc-end>
<cycle-end id="4844" type="global" contextid="4834" timestamp="2019-08-08T10:56:49.874" />
  <attribute name="elasticGC enabled" value="1" />
  <attribute name= "numThreadsSpecified" value="16" />
  <attribute name="heapSize specified" value="47841280" />
  <attribute name="Current GC Util" value="33" />
  <attribute name= "Current Time Running" value="158267" />
  <attribute name ="GC Interval" value="0" />
  <attribute name="Target GC Util Change" value ="80.000000" />
  <attribute name="Current GC Util Change" value="33.000000"/>
  <attribute name="Current Error" value="-343.000000" />
  <attribute name="Output H" value="47916568"/>
  <attribute name="Output I" value="1400"/>
  <attribute name="Output T" value="16"/>
  <attribute name= "Current Time Running" value="158267" />
  <attribute name="GC Util currently" value="33" />
  <attribute name="CPU Util currently" value="45575535452" />
<allocation-satisfied id="4845" threadId="0000000002035F00" bytesRequested="1168" />
<af-end id="4846" timestamp="2019-08-08T10:56:49.874" threadId="0000000002036888" success="true" />
<exclusive-end id="4847" timestamp="2019-08-08T10:56:49.874" durationms="44.123" />

<exclusive-start id="4848" timestamp="2019-08-08T10:56:49.878" intervalms="47.609">
  <response-info timems="0.018" idlems="0.018" threads="0" lastid="0000000002035F00" lastname="main" />
</exclusive-start>
<af-start id="4849" threadId="0000000002036888" totalBytesRequested="1168" timestamp="2019-08-08T10:56:49.878" intervalms="47.607" />
<cycle-start id="4850" type="global" contextid="0" timestamp="2019-08-08T10:56:49.878" intervalms="47.612" />
<gc-start id="4851" type="global" contextid="4850" timestamp="2019-08-08T10:56:49.878">
  <mem-info id="4852" free="479232" total="47972352" percent="0">
    <mem type="tenure" free="479232" total="47972352" percent="0">
      <mem type="soa" free="0" total="47493120" percent="0" />
      <mem type="loa" free="479232" total="479232" percent="100" />
    </mem>
  </mem-info>
</gc-start>
<allocation-stats totalBytes="29511736" >
  <allocated-bytes non-tlh="0" tlh="29511736" />
  <largest-consumer threadName="main" threadId="0000000002035F00" bytes="29511736" />
</allocation-stats>
<gc-op id="4853" type="mark" timems="12.807" contextid="4850" timestamp="2019-08-08T10:56:49.891">
  <trace-info objectcount="596583" scancount="517572" scanbytes="13283744" />
  <finalization candidates="80" enqueued="0" />
  <ownableSynchronizers candidates="21" cleared="0" />
  <references type="soft" candidates="1850" cleared="0" enqueued="0" dynamicThreshold="20" maxThreshold="32" />
  <references type="weak" candidates="5684" cleared="0" enqueued="0" />
  <references type="phantom" candidates="97" cleared="0" enqueued="0" />
  <stringconstants candidates="13275" cleared="0"  />
</gc-op>
<gc-op id="4854" type="sweep" timems="3.411" contextid="4850" timestamp="2019-08-08T10:56:49.894" />
<mem-info id="4855" free="30090936" total="47972352" percent="62">
  <mem type="tenure" free="30090936" total="47972352" percent="62" micro-fragmented="0" macro-fragmented="0">
    <mem type="soa" free="29611704" total="47493120" percent="62" />
    <mem type="loa" free="479232" total="479232" percent="100" />
  </mem>
</mem-info>
<gc-op id="4856" type="compact" timems="28.913" contextid="4850" timestamp="2019-08-08T10:56:49.923">
  <compact-info movecount="2" movebytes="56" reason="compact to aid heap contraction" />
</gc-op>
<heap-resize id="4857" type="expand" space="tenure" amount="131072" count="1" timems="0.022" reason="satisfy allocation request" timestamp="2019-08-08T10:56:49.924" />
<gc-end id="4858" type="global" contextid="4850" durationms="46.466" usertimems="100.985" systemtimems="0.000" timestamp="2019-08-08T10:56:49.924" activeThreads="16">
  <mem-info id="4859" free="30156688" total="48103424" percent="62">
    <mem type="tenure" free="30156688" total="48103424" percent="62">
      <mem type="soa" free="29676432" total="47623168" percent="62" />
      <mem type="loa" free="480256" total="480256" percent="100" />
    </mem>
  </mem-info>
</gc-end>
<cycle-end id="4860" type="global" contextid="4850" timestamp="2019-08-08T10:56:49.924" />
  <attribute name="elasticGC enabled" value="1" />
  <attribute name= "numThreadsSpecified" value="16" />
  <attribute name="heapSize specified" value="47972352" />
  <attribute name="Current GC Util" value="57" />
  <attribute name= "Current Time Running" value="158316" />
  <attribute name ="GC Interval" value="0" />
  <attribute name="Target GC Util Change" value ="80.000000" />
  <attribute name="Current GC Util Change" value="57.000000"/>
  <attribute name="Current Error" value="23.000000" />
  <attribute name="Output H" value="48048064"/>
  <attribute name="Output I" value="2056"/>
  <attribute name="Output T" value="16"/>
  <attribute name= "Current Time Running" value="158316" />
  <attribute name="GC Util currently" value="57" />
  <attribute name="CPU Util currently" value="39795856858" />
<allocation-satisfied id="4861" threadId="0000000002035F00" bytesRequested="1168" />
<af-end id="4862" timestamp="2019-08-08T10:56:49.924" threadId="0000000002036888" success="true" />
<exclusive-end id="4863" timestamp="2019-08-08T10:56:49.924" durationms="46.674" />

<exclusive-start id="4864" timestamp="2019-08-08T10:56:49.928" intervalms="50.358">
  <response-info timems="0.021" idlems="0.021" threads="0" lastid="0000000002035F00" lastname="main" />
</exclusive-start>
<af-start id="4865" threadId="0000000002036888" totalBytesRequested="1168" timestamp="2019-08-08T10:56:49.928" intervalms="50.362" />
<cycle-start id="4866" type="global" contextid="0" timestamp="2019-08-08T10:56:49.928" intervalms="50.365" />
<gc-start id="4867" type="global" contextid="4866" timestamp="2019-08-08T10:56:49.928">
  <mem-info id="4868" free="480256" total="48103424" percent="0">
    <mem type="tenure" free="480256" total="48103424" percent="0">
      <mem type="soa" free="0" total="47623168" percent="0" />
      <mem type="loa" free="480256" total="480256" percent="100" />
    </mem>
  </mem-info>
</gc-start>
<allocation-stats totalBytes="29641144" >
  <allocated-bytes non-tlh="0" tlh="29641144" />
  <largest-consumer threadName="main" threadId="0000000002035F00" bytes="29641144" />
</allocation-stats>
<gc-op id="4869" type="mark" timems="12.879" contextid="4866" timestamp="2019-08-08T10:56:49.941">
  <trace-info objectcount="596583" scancount="517574" scanbytes="13283744" />
  <finalization candidates="80" enqueued="0" />
  <ownableSynchronizers candidates="21" cleared="0" />
  <references type="soft" candidates="1850" cleared="0" enqueued="0" dynamicThreshold="20" maxThreshold="32" />
  <references type="weak" candidates="5684" cleared="0" enqueued="0" />
  <references type="phantom" candidates="97" cleared="0" enqueued="0" />
  <stringconstants candidates="13275" cleared="0"  />
</gc-op>
<gc-op id="4870" type="sweep" timems="3.229" contextid="4866" timestamp="2019-08-08T10:56:49.944" />
<mem-info id="4871" free="30221776" total="48103424" percent="62">
  <mem type="tenure" free="30221776" total="48103424" percent="62" micro-fragmented="0" macro-fragmented="0">
    <mem type="soa" free="29741520" total="47623168" percent="62" />
    <mem type="loa" free="480256" total="480256" percent="100" />
  </mem>
</mem-info>
<gc-op id="4872" type="compact" timems="31.697" contextid="4866" timestamp="2019-08-08T10:56:49.976">
  <compact-info movecount="2" movebytes="56" reason="compact to aid heap contraction" />
</gc-op>
<heap-resize id="4873" type="expand" space="tenure" amount="131072" count="1" timems="0.017" reason="satisfy allocation request" timestamp="2019-08-08T10:56:49.977" />
<gc-end id="4874" type="global" contextid="4866" durationms="49.030" usertimems="127.030" systemtimems="0.000" timestamp="2019-08-08T10:56:49.977" activeThreads="16">
  <mem-info id="4875" free="30287760" total="48234496" percent="62">
    <mem type="tenure" free="30287760" total="48234496" percent="62">
      <mem type="soa" free="29805456" total="47752192" percent="62" />
      <mem type="loa" free="482304" total="482304" percent="100" />
    </mem>
  </mem-info>
</gc-end>
<cycle-end id="4876" type="global" contextid="4866" timestamp="2019-08-08T10:56:49.977" />
  <attribute name="elasticGC enabled" value="1" />
  <attribute name= "numThreadsSpecified" value="16" />
  <attribute name="heapSize specified" value="48103424" />
  <attribute name="Current GC Util" value="65" />
  <attribute name= "Current Time Running" value="158370" />
  <attribute name ="GC Interval" value="0" />
  <attribute name="Target GC Util Change" value ="80.000000" />
  <attribute name="Current GC Util Change" value="65.000000"/>
  <attribute name="Current Error" value="-1009.000000" />
  <attribute name="Output H" value="48177944"/>
  <attribute name="Output I" value="208"/>
  <attribute name="Output T" value="16"/>
  <attribute name= "Current Time Running" value="158370" />
  <attribute name="GC Util currently" value="65" />
  <attribute name="CPU Util currently" value="36330077442" />
<allocation-satisfied id="4877" threadId="0000000002035F00" bytesRequested="1168" />
<af-end id="4878" timestamp="2019-08-08T10:56:49.977" threadId="0000000002036888" success="true" />
<exclusive-end id="4879" timestamp="2019-08-08T10:56:49.977" durationms="49.257" />

<exclusive-start id="4880" timestamp="2019-08-08T10:56:49.980" intervalms="52.301">
  <response-info timems="0.019" idlems="0.019" threads="0" lastid="0000000002035F00" lastname="main" />
</exclusive-start>
<af-start id="4881" threadId="0000000002036888" totalBytesRequested="1168" timestamp="2019-08-08T10:56:49.980" intervalms="52.305" />
<cycle-start id="4882" type="global" contextid="0" timestamp="2019-08-08T10:56:49.980" intervalms="52.304" />
<gc-start id="4883" type="global" contextid="4882" timestamp="2019-08-08T10:56:49.980">
  <mem-info id="4884" free="482304" total="48234496" percent="0">
    <mem type="tenure" free="482304" total="48234496" percent="0">
      <mem type="soa" free="0" total="47752192" percent="0" />
      <mem type="loa" free="482304" total="482304" percent="100" />
    </mem>
  </mem-info>
</gc-start>
<allocation-stats totalBytes="29769320" >
  <allocated-bytes non-tlh="0" tlh="29769320" />
  <largest-consumer threadName="main" threadId="0000000002035F00" bytes="29769320" />
</allocation-stats>
<gc-op id="4885" type="mark" timems="9.767" contextid="4882" timestamp="2019-08-08T10:56:49.990">
  <trace-info objectcount="596583" scancount="517572" scanbytes="13283744" />
  <finalization candidates="80" enqueued="0" />
  <ownableSynchronizers candidates="21" cleared="0" />
  <references type="soft" candidates="1850" cleared="0" enqueued="0" dynamicThreshold="20" maxThreshold="32" />
  <references type="weak" candidates="5684" cleared="0" enqueued="0" />
  <references type="phantom" candidates="97" cleared="0" enqueued="0" />
  <stringconstants candidates="13275" cleared="0"  />
</gc-op>
<gc-op id="4886" type="sweep" timems="2.556" contextid="4882" timestamp="2019-08-08T10:56:49.993" />
<mem-info id="4887" free="30353296" total="48234496" percent="62">
  <mem type="tenure" free="30353296" total="48234496" percent="62" micro-fragmented="0" macro-fragmented="0">
    <mem type="soa" free="29870992" total="47752192" percent="62" />
    <mem type="loa" free="482304" total="482304" percent="100" />
  </mem>
</mem-info>
<gc-op id="4888" type="compact" timems="26.400" contextid="4882" timestamp="2019-08-08T10:56:50.019">
  <compact-info movecount="2" movebytes="56" reason="compact to aid heap contraction" />
</gc-op>
<heap-resize id="4889" type="expand" space="tenure" amount="131072" count="1" timems="0.018" reason="satisfy allocation request" timestamp="2019-08-08T10:56:50.020" />
<gc-end id="4890" type="global" contextid="4882" durationms="39.680" usertimems="79.440" systemtimems="0.000" timestamp="2019-08-08T10:56:50.020" activeThreads="16">
  <mem-info id="4891" free="30418832" total="48365568" percent="62">
    <mem type="tenure" free="30418832" total="48365568" percent="62">
      <mem type="soa" free="29935504" total="47882240" percent="62" />
      <mem type="loa" free="483328" total="483328" percent="100" />
    </mem>
  </mem-info>
</gc-end>
<cycle-end id="4892" type="global" contextid="4882" timestamp="2019-08-08T10:56:50.020" />
  <attribute name="elasticGC enabled" value="1" />
  <attribute name= "numThreadsSpecified" value="16" />
  <attribute name="heapSize specified" value="48234496" />
  <attribute name="Current GC Util" value="36" />
  <attribute name= "Current Time Running" value="158413" />
  <attribute name ="GC Interval" value="0" />
  <attribute name="Target GC Util Change" value ="80.000000" />
  <attribute name="Current GC Util Change" value="36.000000"/>
  <attribute name="Current Error" value="-255.000000" />
  <attribute name="Output H" value="48309888"/>
  <attribute name="Output I" value="1560"/>
  <attribute name="Output T" value="16"/>
  <attribute name= "Current Time Running" value="158413" />
  <attribute name="GC Util currently" value="36" />
  <attribute name="CPU Util currently" value="43608455678" />
<allocation-satisfied id="4893" threadId="0000000002035F00" bytesRequested="1168" />
<af-end id="4894" timestamp="2019-08-08T10:56:50.020" threadId="0000000002036888" success="true" />
<exclusive-end id="4895" timestamp="2019-08-08T10:56:50.020" durationms="39.896" />

<exclusive-start id="4896" timestamp="2019-08-08T10:56:50.023" intervalms="43.123">
  <response-info timems="0.020" idlems="0.020" threads="0" lastid="0000000002035F00" lastname="main" />
</exclusive-start>
<af-start id="4897" threadId="0000000002036888" totalBytesRequested="1168" timestamp="2019-08-08T10:56:50.023" intervalms="43.118" />
<cycle-start id="4898" type="global" contextid="0" timestamp="2019-08-08T10:56:50.023" intervalms="43.111" />
<gc-start id="4899" type="global" contextid="4898" timestamp="2019-08-08T10:56:50.024">
  <mem-info id="4900" free="483328" total="48365568" percent="0">
    <mem type="tenure" free="483328" total="48365568" percent="0">
      <mem type="soa" free="0" total="47882240" percent="0" />
      <mem type="loa" free="483328" total="483328" percent="100" />
    </mem>
  </mem-info>
</gc-start>
<allocation-stats totalBytes="29898728" >
  <allocated-bytes non-tlh="0" tlh="29898728" />
  <largest-consumer threadName="main" threadId="0000000002035F00" bytes="29898728" />
</allocation-stats>
<gc-op id="4901" type="mark" timems="9.930" contextid="4898" timestamp="2019-08-08T10:56:50.034">
  <trace-info objectcount="596583" scancount="517569" scanbytes="13283744" />
  <finalization candidates="80" enqueued="0" />
  <ownableSynchronizers candidates="21" cleared="0" />
  <references type="soft" candidates="1850" cleared="0" enqueued="0" dynamicThreshold="20" maxThreshold="32" />
  <references type="weak" candidates="5684" cleared="0" enqueued="0" />
  <references type="phantom" candidates="97" cleared="0" enqueued="0" />
  <stringconstants candidates="13275" cleared="0"  />
</gc-op>
<gc-op id="4902" type="sweep" timems="2.031" contextid="4898" timestamp="2019-08-08T10:56:50.036" />
<mem-info id="4903" free="30484368" total="48365568" percent="63">
  <mem type="tenure" free="30484368" total="48365568" percent="63" micro-fragmented="0" macro-fragmented="0">
    <mem type="soa" free="30001040" total="47882240" percent="62" />
    <mem type="loa" free="483328" total="483328" percent="100" />
  </mem>
</mem-info>
<gc-op id="4904" type="compact" timems="29.401" contextid="4898" timestamp="2019-08-08T10:56:50.065">
  <compact-info movecount="2" movebytes="56" reason="compact to aid heap contraction" />
</gc-op>
<heap-resize id="4905" type="expand" space="tenure" amount="131072" count="1" timems="0.018" reason="satisfy allocation request" timestamp="2019-08-08T10:56:50.066" />
<gc-end id="4906" type="global" contextid="4898" durationms="42.329" usertimems="92.521" systemtimems="0.000" timestamp="2019-08-08T10:56:50.066" activeThreads="16">
  <mem-info id="4907" free="30549904" total="48496640" percent="62">
    <mem type="tenure" free="30549904" total="48496640" percent="62">
      <mem type="soa" free="30065552" total="48012288" percent="62" />
      <mem type="loa" free="484352" total="484352" percent="100" />
    </mem>
  </mem-info>
</gc-end>
<cycle-end id="4908" type="global" contextid="4898" timestamp="2019-08-08T10:56:50.066" />
  <attribute name="elasticGC enabled" value="1" />
  <attribute name= "numThreadsSpecified" value="16" />
  <attribute name="heapSize specified" value="48365568" />
  <attribute name="Current GC Util" value="49" />
  <attribute name= "Current Time Running" value="158458" />
  <attribute name ="GC Interval" value="0" />
  <attribute name="Target GC Util Change" value ="80.000000" />
  <attribute name="Current GC Util Change" value="49.000000"/>
  <attribute name="Current Error" value="31.000000" />
  <attribute name="Output H" value="48441288"/>
  <attribute name="Output I" value="2064"/>
  <attribute name="Output T" value="16"/>
  <attribute name= "Current Time Running" value="158458" />
  <attribute name="GC Util currently" value="49" />
  <attribute name="CPU Util currently" value="39177264454" />
<allocation-satisfied id="4909" threadId="0000000002035F00" bytesRequested="1168" />
<af-end id="4910" timestamp="2019-08-08T10:56:50.066" threadId="0000000002036888" success="true" />
<exclusive-end id="4911" timestamp="2019-08-08T10:56:50.066" durationms="42.526" />

<exclusive-start id="4912" timestamp="2019-08-08T10:56:50.069" intervalms="45.705">
  <response-info timems="0.018" idlems="0.018" threads="0" lastid="0000000002035F00" lastname="main" />
</exclusive-start>
<af-start id="4913" threadId="0000000002036888" totalBytesRequested="1168" timestamp="2019-08-08T10:56:50.069" intervalms="45.704" />
<cycle-start id="4914" type="global" contextid="0" timestamp="2019-08-08T10:56:50.069" intervalms="45.705" />
<gc-start id="4915" type="global" contextid="4914" timestamp="2019-08-08T10:56:50.069">
  <mem-info id="4916" free="484352" total="48496640" percent="0">
    <mem type="tenure" free="484352" total="48496640" percent="0">
      <mem type="soa" free="0" total="48012288" percent="0" />
      <mem type="loa" free="484352" total="484352" percent="100" />
    </mem>
  </mem-info>
</gc-start>
<allocation-stats totalBytes="30029368" >
  <allocated-bytes non-tlh="0" tlh="30029368" />
  <largest-consumer threadName="main" threadId="0000000002035F00" bytes="30029368" />
</allocation-stats>
<gc-op id="4917" type="mark" timems="11.923" contextid="4914" timestamp="2019-08-08T10:56:50.081">
  <trace-info objectcount="596583" scancount="517574" scanbytes="13283744" />
  <finalization candidates="80" enqueued="0" />
  <ownableSynchronizers candidates="21" cleared="0" />
  <references type="soft" candidates="1850" cleared="0" enqueued="0" dynamicThreshold="20" maxThreshold="32" />
  <references type="weak" candidates="5684" cleared="0" enqueued="0" />
  <references type="phantom" candidates="97" cleared="0" enqueued="0" />
  <stringconstants candidates="13275" cleared="0"  />
</gc-op>
<gc-op id="4918" type="sweep" timems="1.916" contextid="4914" timestamp="2019-08-08T10:56:50.083" />
<mem-info id="4919" free="30615392" total="48496640" percent="63">
  <mem type="tenure" free="30615392" total="48496640" percent="63" micro-fragmented="0" macro-fragmented="0">
    <mem type="soa" free="30131040" total="48012288" percent="62" />
    <mem type="loa" free="484352" total="484352" percent="100" />
  </mem>
</mem-info>
<gc-op id="4920" type="compact" timems="32.104" contextid="4914" timestamp="2019-08-08T10:56:50.115">
  <compact-info movecount="2" movebytes="56" reason="compact to aid heap contraction" />
</gc-op>
<heap-resize id="4921" type="expand" space="tenure" amount="131072" count="1" timems="0.021" reason="satisfy allocation request" timestamp="2019-08-08T10:56:50.116" />
<gc-end id="4922" type="global" contextid="4914" durationms="46.830" usertimems="100.181" systemtimems="0.000" timestamp="2019-08-08T10:56:50.116" activeThreads="16">
  <mem-info id="4923" free="30680976" total="48627712" percent="63">
    <mem type="tenure" free="30680976" total="48627712" percent="63">
      <mem type="soa" free="30195600" total="48142336" percent="62" />
      <mem type="loa" free="485376" total="485376" percent="100" />
    </mem>
  </mem-info>
</gc-end>
<cycle-end id="4924" type="global" contextid="4914" timestamp="2019-08-08T10:56:50.116" />
  <attribute name="elasticGC enabled" value="1" />
  <attribute name= "numThreadsSpecified" value="16" />
  <attribute name="heapSize specified" value="48496640" />
  <attribute name="Current GC Util" value="38" />
  <attribute name= "Current Time Running" value="158509" />
  <attribute name ="GC Interval" value="0" />
  <attribute name="Target GC Util Change" value ="80.000000" />
  <attribute name="Current GC Util Change" value="38.000000"/>
  <attribute name="Current Error" value="-968.000000" />
  <attribute name="Output H" value="48571208"/>
  <attribute name="Output I" value="280"/>
  <attribute name="Output T" value="16"/>
  <attribute name= "Current Time Running" value="158509" />
  <attribute name="GC Util currently" value="38" />
  <attribute name="CPU Util currently" value="35870084853" />
<allocation-satisfied id="4925" threadId="0000000002035F00" bytesRequested="1168" />
<af-end id="4926" timestamp="2019-08-08T10:56:50.116" threadId="0000000002036888" success="true" />
<exclusive-end id="4927" timestamp="2019-08-08T10:56:50.116" durationms="47.045" />

<exclusive-start id="4928" timestamp="2019-08-08T10:56:50.119" intervalms="50.200">
  <response-info timems="0.019" idlems="0.019" threads="0" lastid="0000000002035F00" lastname="main" />
</exclusive-start>
<af-start id="4929" threadId="0000000002036888" totalBytesRequested="1168" timestamp="2019-08-08T10:56:50.119" intervalms="50.209" />
<cycle-start id="4930" type="global" contextid="0" timestamp="2019-08-08T10:56:50.119" intervalms="50.221" />
<gc-start id="4931" type="global" contextid="4930" timestamp="2019-08-08T10:56:50.119">
  <mem-info id="4932" free="485376" total="48627712" percent="0">
    <mem type="tenure" free="485376" total="48627712" percent="0">
      <mem type="soa" free="0" total="48142336" percent="0" />
      <mem type="loa" free="485376" total="485376" percent="100" />
    </mem>
  </mem-info>
</gc-start>
<allocation-stats totalBytes="30158800" >
  <allocated-bytes non-tlh="0" tlh="30158800" />
  <largest-consumer threadName="main" threadId="0000000002035F00" bytes="30158800" />
</allocation-stats>
<gc-op id="4933" type="mark" timems="15.380" contextid="4930" timestamp="2019-08-08T10:56:50.135">
  <trace-info objectcount="596583" scancount="517569" scanbytes="13283744" />
  <finalization candidates="80" enqueued="0" />
  <ownableSynchronizers candidates="21" cleared="0" />
  <references type="soft" candidates="1850" cleared="0" enqueued="0" dynamicThreshold="20" maxThreshold="32" />
  <references type="weak" candidates="5684" cleared="0" enqueued="0" />
  <references type="phantom" candidates="97" cleared="0" enqueued="0" />
  <stringconstants candidates="13275" cleared="0"  />
</gc-op>
<gc-op id="4934" type="sweep" timems="9.579" contextid="4930" timestamp="2019-08-08T10:56:50.145" />
<mem-info id="4935" free="30746256" total="48627712" percent="63">
  <mem type="tenure" free="30746256" total="48627712" percent="63" micro-fragmented="0" macro-fragmented="0">
    <mem type="soa" free="30260880" total="48142336" percent="62" />
    <mem type="loa" free="485376" total="485376" percent="100" />
  </mem>
</mem-info>
<gc-op id="4936" type="compact" timems="32.007" contextid="4930" timestamp="2019-08-08T10:56:50.177">
  <compact-info movecount="2" movebytes="56" reason="compact to aid heap contraction" />
</gc-op>
<heap-resize id="4937" type="expand" space="tenure" amount="131072" count="1" timems="0.019" reason="satisfy allocation request" timestamp="2019-08-08T10:56:50.178" />
<gc-end id="4938" type="global" contextid="4930" durationms="58.770" usertimems="133.927" systemtimems="0.000" timestamp="2019-08-08T10:56:50.178" activeThreads="16">
  <mem-info id="4939" free="30812048" total="48758784" percent="63">
    <mem type="tenure" free="30812048" total="48758784" percent="63">
      <mem type="soa" free="30324624" total="48271360" percent="62" />
      <mem type="loa" free="487424" total="487424" percent="100" />
    </mem>
  </mem-info>
</gc-end>
<cycle-end id="4940" type="global" contextid="4930" timestamp="2019-08-08T10:56:50.178" />
  <attribute name="elasticGC enabled" value="1" />
  <attribute name= "numThreadsSpecified" value="16" />
  <attribute name="heapSize specified" value="48627712" />
  <attribute name="Current GC Util" value="72" />
  <attribute name= "Current Time Running" value="158570" />
  <attribute name ="GC Interval" value="0" />
  <attribute name="Target GC Util Change" value ="80.000000" />
  <attribute name="Current GC Util Change" value="72.000000"/>
  <attribute name="Current Error" value="-358.000000" />
  <attribute name="Output H" value="48702984"/>
  <attribute name="Output I" value="1376"/>
  <attribute name="Output T" value="16"/>
  <attribute name= "Current Time Running" value="158570" />
  <attribute name="GC Util currently" value="72" />
  <attribute name="CPU Util currently" value="36028969910" />
<allocation-satisfied id="4941" threadId="0000000002035F00" bytesRequested="1168" />
<af-end id="4942" timestamp="2019-08-08T10:56:50.178" threadId="0000000002036888" success="true" />
<exclusive-end id="4943" timestamp="2019-08-08T10:56:50.178" durationms="59.022" />

<exclusive-start id="4944" timestamp="2019-08-08T10:56:50.182" intervalms="62.393">
  <response-info timems="0.022" idlems="0.022" threads="0" lastid="0000000002035F00" lastname="main" />
</exclusive-start>
<af-start id="4945" threadId="0000000002036888" totalBytesRequested="1168" timestamp="2019-08-08T10:56:50.182" intervalms="62.404" />
<cycle-start id="4946" type="global" contextid="0" timestamp="2019-08-08T10:56:50.182" intervalms="62.420" />
<gc-start id="4947" type="global" contextid="4946" timestamp="2019-08-08T10:56:50.182">
  <mem-info id="4948" free="487424" total="48758784" percent="0">
    <mem type="tenure" free="487424" total="48758784" percent="0">
      <mem type="soa" free="0" total="48271360" percent="0" />
      <mem type="loa" free="487424" total="487424" percent="100" />
    </mem>
  </mem-info>
</gc-start>
<allocation-stats totalBytes="30286952" >
  <allocated-bytes non-tlh="0" tlh="30286952" />
  <largest-consumer threadName="main" threadId="0000000002035F00" bytes="30286952" />
</allocation-stats>
<gc-op id="4949" type="mark" timems="17.740" contextid="4946" timestamp="2019-08-08T10:56:50.201">
  <trace-info objectcount="596583" scancount="517572" scanbytes="13283744" />
  <finalization candidates="80" enqueued="0" />
  <ownableSynchronizers candidates="21" cleared="0" />
  <references type="soft" candidates="1850" cleared="0" enqueued="0" dynamicThreshold="20" maxThreshold="32" />
  <references type="weak" candidates="5684" cleared="0" enqueued="0" />
  <references type="phantom" candidates="97" cleared="0" enqueued="0" />
  <stringconstants candidates="13275" cleared="0"  />
</gc-op>
<gc-op id="4950" type="sweep" timems="3.019" contextid="4946" timestamp="2019-08-08T10:56:50.204" />
<mem-info id="4951" free="30876912" total="48758784" percent="63">
  <mem type="tenure" free="30876912" total="48758784" percent="63" micro-fragmented="0" macro-fragmented="0">
    <mem type="soa" free="30389488" total="48271360" percent="62" />
    <mem type="loa" free="487424" total="487424" percent="100" />
  </mem>
</mem-info>
<gc-op id="4952" type="compact" timems="27.768" contextid="4946" timestamp="2019-08-08T10:56:50.232">
  <compact-info movecount="2" movebytes="56" reason="compact to aid heap contraction" />
</gc-op>
<heap-resize id="4953" type="expand" space="tenure" amount="131072" count="1" timems="0.017" reason="satisfy allocation request" timestamp="2019-08-08T10:56:50.233" />
<gc-end id="4954" type="global" contextid="4946" durationms="50.864" usertimems="118.013" systemtimems="0.000" timestamp="2019-08-08T10:56:50.233" activeThreads="16">
  <mem-info id="4955" free="30943120" total="48889856" percent="63">
    <mem type="tenure" free="30943120" total="48889856" percent="63">
      <mem type="soa" free="30454672" total="48401408" percent="62" />
      <mem type="loa" free="488448" total="488448" percent="100" />
    </mem>
  </mem-info>
</gc-end>
<cycle-end id="4956" type="global" contextid="4946" timestamp="2019-08-08T10:56:50.233" />
  <attribute name="elasticGC enabled" value="1" />
  <attribute name= "numThreadsSpecified" value="16" />
  <attribute name="heapSize specified" value="48758784" />
  <attribute name="Current GC Util" value="56" />
  <attribute name= "Current Time Running" value="158625" />
  <attribute name ="GC Interval" value="0" />
  <attribute name="Target GC Util Change" value ="80.000000" />
  <attribute name="Current GC Util Change" value="56.000000"/>
  <attribute name="Current Error" value="24.000000" />
  <attribute name="Output H" value="48834496"/>
  <attribute name="Output I" value="2056"/>
  <attribute name="Output T" value="16"/>
  <attribute name= "Current Time Running" value="158625" />
  <attribute name="GC Util currently" value="56" />
  <attribute name="CPU Util currently" value="41475993855" />
<allocation-satisfied id="4957" threadId="0000000002035F00" bytesRequested="1168" />
<af-end id="4958" timestamp="2019-08-08T10:56:50.233" threadId="0000000002036888" success="true" />
<exclusive-end id="4959" timestamp="2019-08-08T10:56:50.233" durationms="51.368" />

<exclusive-start id="4960" timestamp="2019-08-08T10:56:50.236" intervalms="54.325">
  <response-info timems="0.015" idlems="0.015" threads="0" lastid="0000000002035F00" lastname="main" />
</exclusive-start>
<af-start id="4961" threadId="0000000002036888" totalBytesRequested="1168" timestamp="2019-08-08T10:56:50.236" intervalms="54.339" />
<cycle-start id="4962" type="global" contextid="0" timestamp="2019-08-08T10:56:50.236" intervalms="54.318" />
<gc-start id="4963" type="global" contextid="4962" timestamp="2019-08-08T10:56:50.236">
  <mem-info id="4964" free="488448" total="48889856" percent="0">
    <mem type="tenure" free="488448" total="48889856" percent="0">
      <mem type="soa" free="0" total="48401408" percent="0" />
      <mem type="loa" free="488448" total="488448" percent="100" />
    </mem>
  </mem-info>
</gc-start>
<allocation-stats totalBytes="30416384" >
  <allocated-bytes non-tlh="0" tlh="30416384" />
  <largest-consumer threadName="main" threadId="0000000002035F00" bytes="30416384" />
</allocation-stats>
<gc-op id="4965" type="mark" timems="11.677" contextid="4962" timestamp="2019-08-08T10:56:50.248">
  <trace-info objectcount="596583" scancount="517575" scanbytes="13283744" />
  <finalization candidates="80" enqueued="0" />
  <ownableSynchronizers candidates="21" cleared="0" />
  <references type="soft" candidates="1850" cleared="0" enqueued="0" dynamicThreshold="20" maxThreshold="32" />
  <references type="weak" candidates="5684" cleared="0" enqueued="0" />
  <references type="phantom" candidates="97" cleared="0" enqueued="0" />
  <stringconstants candidates="13275" cleared="0"  />
</gc-op>
<gc-op id="4966" type="sweep" timems="3.054" contextid="4962" timestamp="2019-08-08T10:56:50.251" />
<mem-info id="4967" free="31008656" total="48889856" percent="63">
  <mem type="tenure" free="31008656" total="48889856" percent="63" micro-fragmented="0" macro-fragmented="0">
    <mem type="soa" free="30520208" total="48401408" percent="63" />
    <mem type="loa" free="488448" total="488448" percent="100" />
  </mem>
</mem-info>
<gc-op id="4968" type="compact" timems="31.411" contextid="4962" timestamp="2019-08-08T10:56:50.282">
  <compact-info movecount="2" movebytes="56" reason="compact to aid heap contraction" />
</gc-op>
<heap-resize id="4969" type="expand" space="tenure" amount="131072" count="1" timems="0.015" reason="satisfy allocation request" timestamp="2019-08-08T10:56:50.283" />
<gc-end id="4970" type="global" contextid="4962" durationms="46.942" usertimems="104.385" systemtimems="0.000" timestamp="2019-08-08T10:56:50.283" activeThreads="16">
  <mem-info id="4971" free="31074192" total="49020928" percent="63">
    <mem type="tenure" free="31074192" total="49020928" percent="63">
      <mem type="soa" free="30584720" total="48531456" percent="63" />
      <mem type="loa" free="489472" total="489472" percent="100" />
    </mem>
  </mem-info>
</gc-end>
<cycle-end id="4972" type="global" contextid="4962" timestamp="2019-08-08T10:56:50.283" />
  <attribute name="elasticGC enabled" value="1" />
  <attribute name= "numThreadsSpecified" value="16" />
  <attribute name="heapSize specified" value="48889856" />
  <attribute name="Current GC Util" value="100" />
  <attribute name= "Current Time Running" value="158676" />
  <attribute name ="GC Interval" value="0" />
  <attribute name="Target GC Util Change" value ="80.000000" />
  <attribute name="Current GC Util Change" value="100.000000"/>
  <attribute name="Current Error" value="-1018.000000" />
  <attribute name="Output H" value="48964368"/>
  <attribute name="Output I" value="200"/>
  <attribute name="Output T" value="16"/>
  <attribute name= "Current Time Running" value="158676" />
  <attribute name="GC Util currently" value="100" />
  <attribute name="CPU Util currently" value="36697681787" />
<allocation-satisfied id="4973" threadId="0000000002035F00" bytesRequested="1168" />
<af-end id="4974" timestamp="2019-08-08T10:56:50.283" threadId="0000000002036888" success="true" />
<exclusive-end id="4975" timestamp="2019-08-08T10:56:50.283" durationms="47.217" />

<exclusive-start id="4976" timestamp="2019-08-08T10:56:50.286" intervalms="50.389">
  <response-info timems="0.023" idlems="0.023" threads="0" lastid="0000000002035F00" lastname="main" />
</exclusive-start>
<af-start id="4977" threadId="0000000002036888" totalBytesRequested="1168" timestamp="2019-08-08T10:56:50.287" intervalms="50.408" />
<cycle-start id="4978" type="global" contextid="0" timestamp="2019-08-08T10:56:50.287" intervalms="50.399" />
<gc-start id="4979" type="global" contextid="4978" timestamp="2019-08-08T10:56:50.287">
  <mem-info id="4980" free="489472" total="49020928" percent="0">
    <mem type="tenure" free="489472" total="49020928" percent="0">
      <mem type="soa" free="0" total="48531456" percent="0" />
      <mem type="loa" free="489472" total="489472" percent="100" />
    </mem>
  </mem-info>
</gc-start>
<allocation-stats totalBytes="30545792" >
  <allocated-bytes non-tlh="0" tlh="30545792" />
  <largest-consumer threadName="main" threadId="0000000002035F00" bytes="30545792" />
</allocation-stats>
<gc-op id="4981" type="mark" timems="11.427" contextid="4978" timestamp="2019-08-08T10:56:50.298">
  <trace-info objectcount="596583" scancount="517571" scanbytes="13283744" />
  <finalization candidates="80" enqueued="0" />
  <ownableSynchronizers candidates="21" cleared="0" />
  <references type="soft" candidates="1850" cleared="0" enqueued="0" dynamicThreshold="20" maxThreshold="32" />
  <references type="weak" candidates="5684" cleared="0" enqueued="0" />
  <references type="phantom" candidates="97" cleared="0" enqueued="0" />
  <stringconstants candidates="13275" cleared="0"  />
</gc-op>
<gc-op id="4982" type="sweep" timems="1.722" contextid="4978" timestamp="2019-08-08T10:56:50.300" />
<mem-info id="4983" free="31139728" total="49020928" percent="63">
  <mem type="tenure" free="31139728" total="49020928" percent="63" micro-fragmented="0" macro-fragmented="0">
    <mem type="soa" free="30650256" total="48531456" percent="63" />
    <mem type="loa" free="489472" total="489472" percent="100" />
  </mem>
</mem-info>
<gc-op id="4984" type="compact" timems="30.242" contextid="4978" timestamp="2019-08-08T10:56:50.330">
  <compact-info movecount="2" movebytes="56" reason="compact to aid heap contraction" />
</gc-op>
<heap-resize id="4985" type="expand" space="tenure" amount="131072" count="1" timems="0.019" reason="satisfy allocation request" timestamp="2019-08-08T10:56:50.331" />
<gc-end id="4986" type="global" contextid="4978" durationms="44.037" usertimems="95.830" systemtimems="0.000" timestamp="2019-08-08T10:56:50.331" activeThreads="16">
  <mem-info id="4987" free="31205264" total="49152000" percent="63">
    <mem type="tenure" free="31205264" total="49152000" percent="63">
      <mem type="soa" free="30713744" total="48660480" percent="63" />
      <mem type="loa" free="491520" total="491520" percent="100" />
    </mem>
  </mem-info>
</gc-end>
<cycle-end id="4988" type="global" contextid="4978" timestamp="2019-08-08T10:56:50.331" />
  <attribute name="elasticGC enabled" value="1" />
  <attribute name= "numThreadsSpecified" value="16" />
  <attribute name="heapSize specified" value="49020928" />
  <attribute name="Current GC Util" value="40" />
  <attribute name= "Current Time Running" value="158723" />
  <attribute name ="GC Interval" value="0" />
  <attribute name="Target GC Util Change" value ="80.000000" />
  <attribute name="Current GC Util Change" value="40.000000"/>
  <attribute name="Current Error" value="-376.000000" />
  <attribute name="Output H" value="49096176"/>
  <attribute name="Output I" value="1344"/>
  <attribute name="Output T" value="16"/>
  <attribute name= "Current Time Running" value="158723" />
  <attribute name="GC Util currently" value="40" />
  <attribute name="CPU Util currently" value="38085354762" />
<allocation-satisfied id="4989" threadId="0000000002035F00" bytesRequested="1168" />
<af-end id="4990" timestamp="2019-08-08T10:56:50.331" threadId="0000000002036888" success="true" />
<exclusive-end id="4991" timestamp="2019-08-08T10:56:50.331" durationms="44.297" />

<exclusive-start id="4992" timestamp="2019-08-08T10:56:50.334" intervalms="47.979">
  <response-info timems="0.018" idlems="0.018" threads="0" lastid="0000000002035F00" lastname="main" />
</exclusive-start>
<af-start id="4993" threadId="0000000002036888" totalBytesRequested="1168" timestamp="2019-08-08T10:56:50.334" intervalms="47.928" />
<cycle-start id="4994" type="global" contextid="0" timestamp="2019-08-08T10:56:50.334" intervalms="47.929" />
<gc-start id="4995" type="global" contextid="4994" timestamp="2019-08-08T10:56:50.335">
  <mem-info id="4996" free="491520" total="49152000" percent="1">
    <mem type="tenure" free="491520" total="49152000" percent="1">
      <mem type="soa" free="0" total="48660480" percent="0" />
      <mem type="loa" free="491520" total="491520" percent="100" />
    </mem>
  </mem-info>
</gc-start>
<allocation-stats totalBytes="30675176" >
  <allocated-bytes non-tlh="0" tlh="30675176" />
  <largest-consumer threadName="main" threadId="0000000002035F00" bytes="30675176" />
</allocation-stats>
<gc-op id="4997" type="mark" timems="8.491" contextid="4994" timestamp="2019-08-08T10:56:50.343">
  <trace-info objectcount="596583" scancount="517574" scanbytes="13283744" />
  <finalization candidates="80" enqueued="0" />
  <ownableSynchronizers candidates="21" cleared="0" />
  <references type="soft" candidates="1850" cleared="0" enqueued="0" dynamicThreshold="20" maxThreshold="32" />
  <references type="weak" candidates="5684" cleared="0" enqueued="0" />
  <references type="phantom" candidates="97" cleared="0" enqueued="0" />
  <stringconstants candidates="13275" cleared="0"  />
</gc-op>
<gc-op id="4998" type="sweep" timems="1.924" contextid="4994" timestamp="2019-08-08T10:56:50.345" />
<mem-info id="4999" free="31270528" total="49152000" percent="63">
  <mem type="tenure" free="31270528" total="49152000" percent="63" micro-fragmented="0" macro-fragmented="0">
    <mem type="soa" free="30779008" total="48660480" percent="63" />
    <mem type="loa" free="491520" total="491520" percent="100" />
  </mem>
</mem-info>
<gc-op id="5000" type="compact" timems="28.363" contextid="4994" timestamp="2019-08-08T10:56:50.373">
  <compact-info movecount="2" movebytes="56" reason="compact to aid heap contraction" />
</gc-op>
<heap-resize id="5001" type="expand" space="tenure" amount="131072" count="1" timems="0.019" reason="satisfy allocation request" timestamp="2019-08-08T10:56:50.374" />
<gc-end id="5002" type="global" contextid="4994" durationms="39.597" usertimems="87.788" systemtimems="0.000" timestamp="2019-08-08T10:56:50.374" activeThreads="16">
  <mem-info id="5003" free="31336336" total="49283072" percent="63">
    <mem type="tenure" free="31336336" total="49283072" percent="63">
      <mem type="soa" free="30843792" total="48790528" percent="63" />
      <mem type="loa" free="492544" total="492544" percent="100" />
    </mem>
  </mem-info>
</gc-end>
<cycle-end id="5004" type="global" contextid="4994" timestamp="2019-08-08T10:56:50.374" />
  <attribute name="elasticGC enabled" value="1" />
  <attribute name= "numThreadsSpecified" value="16" />
  <attribute name="heapSize specified" value="49152000" />
  <attribute name="Current GC Util" value="41" />
  <attribute name= "Current Time Running" value="158767" />
  <attribute name ="GC Interval" value="0" />
  <attribute name="Target GC Util Change" value ="80.000000" />
  <attribute name="Current GC Util Change" value="41.000000"/>
  <attribute name="Current Error" value="39.000000" />
  <attribute name="Output H" value="49227728"/>
  <attribute name="Output I" value="2080"/>
  <attribute name="Output T" value="16"/>
  <attribute name= "Current Time Running" value="158767" />
  <attribute name="GC Util currently" value="41" />
  <attribute name="CPU Util currently" value="40599993573" />
<allocation-satisfied id="5005" threadId="0000000002035F00" bytesRequested="1168" />
<af-end id="5006" timestamp="2019-08-08T10:56:50.374" threadId="0000000002036888" success="true" />
<exclusive-end id="5007" timestamp="2019-08-08T10:56:50.374" durationms="39.798" />

<exclusive-start id="5008" timestamp="2019-08-08T10:56:50.378" intervalms="43.856">
  <response-info timems="0.021" idlems="0.021" threads="0" lastid="0000000002035F00" lastname="main" />
</exclusive-start>
<af-start id="5009" threadId="0000000002036888" totalBytesRequested="1168" timestamp="2019-08-08T10:56:50.378" intervalms="43.860" />
<cycle-start id="5010" type="global" contextid="0" timestamp="2019-08-08T10:56:50.378" intervalms="43.869" />
<gc-start id="5011" type="global" contextid="5010" timestamp="2019-08-08T10:56:50.378">
  <mem-info id="5012" free="492544" total="49283072" percent="0">
    <mem type="tenure" free="492544" total="49283072" percent="0">
      <mem type="soa" free="0" total="48790528" percent="0" />
      <mem type="loa" free="492544" total="492544" percent="100" />
    </mem>
  </mem-info>
</gc-start>
<allocation-stats totalBytes="30804608" >
  <allocated-bytes non-tlh="0" tlh="30804608" />
  <largest-consumer threadName="main" threadId="0000000002035F00" bytes="30804608" />
</allocation-stats>
<gc-op id="5013" type="mark" timems="9.061" contextid="5010" timestamp="2019-08-08T10:56:50.388">
  <trace-info objectcount="596583" scancount="517572" scanbytes="13283744" />
  <finalization candidates="80" enqueued="0" />
  <ownableSynchronizers candidates="21" cleared="0" />
  <references type="soft" candidates="1850" cleared="0" enqueued="0" dynamicThreshold="20" maxThreshold="32" />
  <references type="weak" candidates="5684" cleared="0" enqueued="0" />
  <references type="phantom" candidates="97" cleared="0" enqueued="0" />
  <stringconstants candidates="13275" cleared="0"  />
</gc-op>
<gc-op id="5014" type="sweep" timems="1.524" contextid="5010" timestamp="2019-08-08T10:56:50.389" />
<mem-info id="5015" free="31401392" total="49283072" percent="63">
  <mem type="tenure" free="31401392" total="49283072" percent="63" micro-fragmented="0" macro-fragmented="0">
    <mem type="soa" free="30908848" total="48790528" percent="63" />
    <mem type="loa" free="492544" total="492544" percent="100" />
  </mem>
</mem-info>
<gc-op id="5016" type="compact" timems="28.124" contextid="5010" timestamp="2019-08-08T10:56:50.417">
  <compact-info movecount="2" movebytes="56" reason="compact to aid heap contraction" />
</gc-op>
<heap-resize id="5017" type="expand" space="tenure" amount="131072" count="1" timems="0.017" reason="satisfy allocation request" timestamp="2019-08-08T10:56:50.419" />
<gc-end id="5018" type="global" contextid="5010" durationms="40.383" usertimems="96.482" systemtimems="0.000" timestamp="2019-08-08T10:56:50.419" activeThreads="16">
  <mem-info id="5019" free="31467408" total="49414144" percent="63">
    <mem type="tenure" free="31467408" total="49414144" percent="63">
      <mem type="soa" free="30973840" total="48920576" percent="63" />
      <mem type="loa" free="493568" total="493568" percent="100" />
    </mem>
  </mem-info>
</gc-end>
<cycle-end id="5020" type="global" contextid="5010" timestamp="2019-08-08T10:56:50.419" />
  <attribute name="elasticGC enabled" value="1" />
  <attribute name= "numThreadsSpecified" value="16" />
  <attribute name="heapSize specified" value="49283072" />
  <attribute name="Current GC Util" value="42" />
  <attribute name= "Current Time Running" value="158811" />
  <attribute name ="GC Interval" value="0" />
  <attribute name="Target GC Util Change" value ="80.000000" />
  <attribute name="Current GC Util Change" value="42.000000"/>
  <attribute name="Current Error" value="-981.000000" />
  <attribute name="Output H" value="49357624"/>
  <attribute name="Output I" value="256"/>
  <attribute name="Output T" value="16"/>
  <attribute name= "Current Time Running" value="158811" />
  <attribute name="GC Util currently" value="42" />
  <attribute name="CPU Util currently" value="40947279479" />
<allocation-satisfied id="5021" threadId="0000000002035F00" bytesRequested="1168" />
<af-end id="5022" timestamp="2019-08-08T10:56:50.419" threadId="0000000002036888" success="true" />
<exclusive-end id="5023" timestamp="2019-08-08T10:56:50.419" durationms="40.638" />

<exclusive-start id="5024" timestamp="2019-08-08T10:56:50.422" intervalms="43.859">
  <response-info timems="0.017" idlems="0.017" threads="0" lastid="0000000002035F00" lastname="main" />
</exclusive-start>
<af-start id="5025" threadId="0000000002036888" totalBytesRequested="1168" timestamp="2019-08-08T10:56:50.422" intervalms="43.855" />
<cycle-start id="5026" type="global" contextid="0" timestamp="2019-08-08T10:56:50.422" intervalms="43.845" />
<gc-start id="5027" type="global" contextid="5026" timestamp="2019-08-08T10:56:50.422">
  <mem-info id="5028" free="493568" total="49414144" percent="0">
    <mem type="tenure" free="493568" total="49414144" percent="0">
      <mem type="soa" free="0" total="48920576" percent="0" />
      <mem type="loa" free="493568" total="493568" percent="100" />
    </mem>
  </mem-info>
</gc-start>
<allocation-stats totalBytes="30934016" >
  <allocated-bytes non-tlh="0" tlh="30934016" />
  <largest-consumer threadName="main" threadId="0000000002035F00" bytes="30934016" />
</allocation-stats>
<gc-op id="5029" type="mark" timems="8.741" contextid="5026" timestamp="2019-08-08T10:56:50.431">
  <trace-info objectcount="596583" scancount="517591" scanbytes="13283744" />
  <finalization candidates="80" enqueued="0" />
  <ownableSynchronizers candidates="21" cleared="0" />
  <references type="soft" candidates="1850" cleared="0" enqueued="0" dynamicThreshold="20" maxThreshold="32" />
  <references type="weak" candidates="5684" cleared="0" enqueued="0" />
  <references type="phantom" candidates="97" cleared="0" enqueued="0" />
  <stringconstants candidates="13275" cleared="0"  />
</gc-op>
<gc-op id="5030" type="sweep" timems="1.494" contextid="5026" timestamp="2019-08-08T10:56:50.433" />
<mem-info id="5031" free="31532256" total="49414144" percent="63">
  <mem type="tenure" free="31532256" total="49414144" percent="63" micro-fragmented="0" macro-fragmented="0">
    <mem type="soa" free="31038688" total="48920576" percent="63" />
    <mem type="loa" free="493568" total="493568" percent="100" />
  </mem>
</mem-info>
<gc-op id="5032" type="compact" timems="35.824" contextid="5026" timestamp="2019-08-08T10:56:50.468">
  <compact-info movecount="2" movebytes="56" reason="compact to aid heap contraction" />
</gc-op>
<heap-resize id="5033" type="expand" space="tenure" amount="131072" count="1" timems="0.018" reason="satisfy allocation request" timestamp="2019-08-08T10:56:50.470" />
<gc-end id="5034" type="global" contextid="5026" durationms="47.511" usertimems="92.768" systemtimems="0.000" timestamp="2019-08-08T10:56:50.470" activeThreads="16">
  <mem-info id="5035" free="31598480" total="49545216" percent="63">
    <mem type="tenure" free="31598480" total="49545216" percent="63">
      <mem type="soa" free="31103888" total="49050624" percent="63" />
      <mem type="loa" free="494592" total="494592" percent="100" />
    </mem>
  </mem-info>
</gc-end>
<cycle-end id="5036" type="global" contextid="5026" timestamp="2019-08-08T10:56:50.470" />
  <attribute name="elasticGC enabled" value="1" />
  <attribute name= "numThreadsSpecified" value="16" />
  <attribute name="heapSize specified" value="49414144" />
  <attribute name="Current GC Util" value="23" />
  <attribute name= "Current Time Running" value="158862" />
  <attribute name ="GC Interval" value="0" />
  <attribute name="Target GC Util Change" value ="80.000000" />
  <attribute name="Current GC Util Change" value="23.000000"/>
  <attribute name="Current Error" value="-398.000000" />
  <attribute name="Output H" value="49489368"/>
  <attribute name="Output I" value="1304"/>
  <attribute name="Output T" value="16"/>
  <attribute name= "Current Time Running" value="158862" />
  <attribute name="GC Util currently" value="23" />
  <attribute name="CPU Util currently" value="32020336027" />
<allocation-satisfied id="5037" threadId="0000000002035F00" bytesRequested="1168" />
<af-end id="5038" timestamp="2019-08-08T10:56:50.470" threadId="0000000002036888" success="true" />
<exclusive-end id="5039" timestamp="2019-08-08T10:56:50.470" durationms="47.747" />

<exclusive-start id="5040" timestamp="2019-08-08T10:56:50.473" intervalms="51.221">
  <response-info timems="0.017" idlems="0.017" threads="0" lastid="0000000002035F00" lastname="main" />
</exclusive-start>
<af-start id="5041" threadId="0000000002036888" totalBytesRequested="1168" timestamp="2019-08-08T10:56:50.473" intervalms="51.227" />
<cycle-start id="5042" type="global" contextid="0" timestamp="2019-08-08T10:56:50.473" intervalms="51.226" />
<gc-start id="5043" type="global" contextid="5042" timestamp="2019-08-08T10:56:50.473">
  <mem-info id="5044" free="494592" total="49545216" percent="0">
    <mem type="tenure" free="494592" total="49545216" percent="0">
      <mem type="soa" free="0" total="49050624" percent="0" />
      <mem type="loa" free="494592" total="494592" percent="100" />
    </mem>
  </mem-info>
</gc-start>
<allocation-stats totalBytes="31063424" >
  <allocated-bytes non-tlh="0" tlh="31063424" />
  <largest-consumer threadName="main" threadId="0000000002035F00" bytes="31063424" />
</allocation-stats>
<gc-op id="5045" type="mark" timems="8.785" contextid="5042" timestamp="2019-08-08T10:56:50.482">
  <trace-info objectcount="596583" scancount="517574" scanbytes="13283744" />
  <finalization candidates="80" enqueued="0" />
  <ownableSynchronizers candidates="21" cleared="0" />
  <references type="soft" candidates="1850" cleared="0" enqueued="0" dynamicThreshold="20" maxThreshold="32" />
  <references type="weak" candidates="5684" cleared="0" enqueued="0" />
  <references type="phantom" candidates="97" cleared="0" enqueued="0" />
  <stringconstants candidates="13275" cleared="0"  />
</gc-op>
<gc-op id="5046" type="sweep" timems="2.345" contextid="5042" timestamp="2019-08-08T10:56:50.485" />
<mem-info id="5047" free="31664016" total="49545216" percent="63">
  <mem type="tenure" free="31664016" total="49545216" percent="63" micro-fragmented="0" macro-fragmented="0">
    <mem type="soa" free="31169424" total="49050624" percent="63" />
    <mem type="loa" free="494592" total="494592" percent="100" />
  </mem>
</mem-info>
<gc-op id="5048" type="compact" timems="21.888" contextid="5042" timestamp="2019-08-08T10:56:50.507">
  <compact-info movecount="2" movebytes="56" reason="compact to aid heap contraction" />
</gc-op>
<heap-resize id="5049" type="expand" space="tenure" amount="131072" count="1" timems="0.016" reason="satisfy allocation request" timestamp="2019-08-08T10:56:50.507" />
<gc-end id="5050" type="global" contextid="5042" durationms="33.666" usertimems="77.548" systemtimems="0.000" timestamp="2019-08-08T10:56:50.507" activeThreads="16">
  <mem-info id="5051" free="31729552" total="49676288" percent="63">
    <mem type="tenure" free="31729552" total="49676288" percent="63">
      <mem type="soa" free="31232912" total="49179648" percent="63" />
      <mem type="loa" free="496640" total="496640" percent="100" />
    </mem>
  </mem-info>
</gc-end>
<cycle-end id="5052" type="global" contextid="5042" timestamp="2019-08-08T10:56:50.507" />
  <attribute name="elasticGC enabled" value="1" />
  <attribute name= "numThreadsSpecified" value="16" />
  <attribute name="heapSize specified" value="49545216" />
  <attribute name="Current GC Util" value="32" />
  <attribute name= "Current Time Running" value="158900" />
  <attribute name ="GC Interval" value="0" />
  <attribute name="Target GC Util Change" value ="80.000000" />
  <attribute name="Current GC Util Change" value="32.000000"/>
  <attribute name="Current Error" value="48.000000" />
  <attribute name="Output H" value="49620952"/>
  <attribute name="Output I" value="2096"/>
  <attribute name="Output T" value="16"/>
  <attribute name= "Current Time Running" value="158900" />
  <attribute name="GC Util currently" value="32" />
  <attribute name="CPU Util currently" value="52549046766" />
<allocation-satisfied id="5053" threadId="0000000002035F00" bytesRequested="1168" />
<af-end id="5054" timestamp="2019-08-08T10:56:50.507" threadId="0000000002036888" success="true" />
<exclusive-end id="5055" timestamp="2019-08-08T10:56:50.507" durationms="33.860" />

<exclusive-start id="5056" timestamp="2019-08-08T10:56:50.511" intervalms="37.544">
  <response-info timems="0.019" idlems="0.019" threads="0" lastid="0000000002035F00" lastname="main" />
</exclusive-start>
<af-start id="5057" threadId="0000000002036888" totalBytesRequested="1168" timestamp="2019-08-08T10:56:50.511" intervalms="37.543" />
<cycle-start id="5058" type="global" contextid="0" timestamp="2019-08-08T10:56:50.511" intervalms="37.650" />
<gc-start id="5059" type="global" contextid="5058" timestamp="2019-08-08T10:56:50.511">
  <mem-info id="5060" free="496640" total="49676288" percent="0">
    <mem type="tenure" free="496640" total="49676288" percent="0">
      <mem type="soa" free="0" total="49179648" percent="0" />
      <mem type="loa" free="496640" total="496640" percent="100" />
    </mem>
  </mem-info>
</gc-start>
<allocation-stats totalBytes="31192832" >
  <allocated-bytes non-tlh="0" tlh="31192832" />
  <largest-consumer threadName="main" threadId="0000000002035F00" bytes="31192832" />
</allocation-stats>
<gc-op id="5061" type="mark" timems="16.076" contextid="5058" timestamp="2019-08-08T10:56:50.527">
  <trace-info objectcount="596227" scancount="517219" scanbytes="13272284" />
  <finalization candidates="80" enqueued="0" />
  <ownableSynchronizers candidates="21" cleared="0" />
  <references type="soft" candidates="1850" cleared="7" enqueued="7" dynamicThreshold="20" maxThreshold="32" />
  <references type="weak" candidates="5684" cleared="0" enqueued="0" />
  <references type="phantom" candidates="97" cleared="0" enqueued="0" />
  <stringconstants candidates="13275" cleared="0"  />
</gc-op>
<gc-op id="5062" type="sweep" timems="6.782" contextid="5058" timestamp="2019-08-08T10:56:50.534" />
<mem-info id="5063" free="31806248" total="49676288" percent="64">
  <mem type="tenure" free="31806248" total="49676288" percent="64" micro-fragmented="0" macro-fragmented="0">
    <mem type="soa" free="31309608" total="49179648" percent="63" />
    <mem type="loa" free="496640" total="496640" percent="100" />
  </mem>
  <pending-finalizers system="0" default="0" reference="7" classloader="0" />
</mem-info>
<gc-op id="5064" type="compact" timems="32.621" contextid="5058" timestamp="2019-08-08T10:56:50.567">
  <compact-info movecount="229" movebytes="8784" reason="compact to aid heap contraction" />
</gc-op>
<heap-resize id="5065" type="expand" space="tenure" amount="131072" count="1" timems="0.016" reason="satisfy allocation request" timestamp="2019-08-08T10:56:50.568" />
<gc-end id="5066" type="global" contextid="5058" durationms="56.739" usertimems="102.113" systemtimems="0.000" timestamp="2019-08-08T10:56:50.568" activeThreads="16">
  <mem-info id="5067" free="31872296" total="49807360" percent="63">
    <mem type="tenure" free="31872296" total="49807360" percent="63">
      <mem type="soa" free="31374632" total="49309696" percent="63" />
      <mem type="loa" free="497664" total="497664" percent="100" />
    </mem>
    <pending-finalizers system="0" default="0" reference="7" classloader="0" />
  </mem-info>
</gc-end>
<cycle-end id="5068" type="global" contextid="5058" timestamp="2019-08-08T10:56:50.568" />
  <attribute name="elasticGC enabled" value="1" />
  <attribute name= "numThreadsSpecified" value="16" />
  <attribute name="heapSize specified" value="49676288" />
  <attribute name="Current GC Util" value="49" />
  <attribute name= "Current Time Running" value="158960" />
  <attribute name ="GC Interval" value="0" />
  <attribute name="Target GC Util Change" value ="80.000000" />
  <attribute name="Current GC Util Change" value="49.000000"/>
  <attribute name="Current Error" value="-618.000000" />
  <attribute name="Output H" value="49751256"/>
  <attribute name="Output I" value="912"/>
  <attribute name="Output T" value="16"/>
  <attribute name= "Current Time Running" value="158960" />
  <attribute name="GC Util currently" value="49" />
  <attribute name="CPU Util currently" value="35334651451" />
<allocation-satisfied id="5069" threadId="0000000002035F00" bytesRequested="1168" />
<af-end id="5070" timestamp="2019-08-08T10:56:50.568" threadId="0000000002036888" success="true" />
<exclusive-end id="5071" timestamp="2019-08-08T10:56:50.568" durationms="57.117" />

<exclusive-start id="5072" timestamp="2019-08-08T10:56:50.573" intervalms="62.568">
  <response-info timems="0.017" idlems="0.017" threads="0" lastid="0000000002035F00" lastname="main" />
</exclusive-start>
<af-start id="5073" threadId="0000000002036888" totalBytesRequested="1168" timestamp="2019-08-08T10:56:50.574" intervalms="62.578" />
<cycle-start id="5074" type="global" contextid="0" timestamp="2019-08-08T10:56:50.574" intervalms="62.470" />
<gc-start id="5075" type="global" contextid="5074" timestamp="2019-08-08T10:56:50.574">
  <mem-info id="5076" free="497664" total="49807360" percent="0">
    <mem type="tenure" free="497664" total="49807360" percent="0">
      <mem type="soa" free="0" total="49309696" percent="0" />
      <mem type="loa" free="497664" total="497664" percent="100" />
    </mem>
  </mem-info>
</gc-start>
<allocation-stats totalBytes="31333752" >
  <allocated-bytes non-tlh="0" tlh="31333752" />
  <largest-consumer threadName="main" threadId="0000000002035F00" bytes="31329656" />
</allocation-stats>
<gc-op id="5077" type="mark" timems="22.910" contextid="5074" timestamp="2019-08-08T10:56:50.597">
  <trace-info objectcount="596214" scancount="517203" scanbytes="13272276" />
  <finalization candidates="80" enqueued="0" />
  <ownableSynchronizers candidates="21" cleared="0" />
  <references type="soft" candidates="1843" cleared="0" enqueued="0" dynamicThreshold="20" maxThreshold="32" />
  <references type="weak" candidates="5684" cleared="0" enqueued="0" />
  <references type="phantom" candidates="97" cleared="0" enqueued="0" />
  <stringconstants candidates="13275" cleared="0"  />
</gc-op>
<gc-op id="5078" type="sweep" timems="3.924" contextid="5074" timestamp="2019-08-08T10:56:50.600" />
<mem-info id="5079" free="31936840" total="49807360" percent="64">
  <mem type="tenure" free="31936840" total="49807360" percent="64" micro-fragmented="0" macro-fragmented="0">
    <mem type="soa" free="31439176" total="49309696" percent="63" />
    <mem type="loa" free="497664" total="497664" percent="100" />
  </mem>
</mem-info>
<gc-op id="5080" type="compact" timems="30.552" contextid="5074" timestamp="2019-08-08T10:56:50.631">
  <compact-info movecount="212" movebytes="8672" reason="compact to aid heap contraction" />
</gc-op>
<heap-resize id="5081" type="expand" space="tenure" amount="131072" count="1" timems="0.022" reason="satisfy allocation request" timestamp="2019-08-08T10:56:50.632" />
<gc-end id="5082" type="global" contextid="5074" durationms="58.516" usertimems="114.216" systemtimems="0.000" timestamp="2019-08-08T10:56:50.632" activeThreads="16">
  <mem-info id="5083" free="32003376" total="49938432" percent="64">
    <mem type="tenure" free="32003376" total="49938432" percent="64">
      <mem type="soa" free="31504688" total="49439744" percent="63" />
      <mem type="loa" free="498688" total="498688" percent="100" />
    </mem>
  </mem-info>
</gc-end>
<cycle-end id="5084" type="global" contextid="5074" timestamp="2019-08-08T10:56:50.632" />
  <attribute name="elasticGC enabled" value="1" />
  <attribute name= "numThreadsSpecified" value="16" />
  <attribute name="heapSize specified" value="49807360" />
  <attribute name="Current GC Util" value="63" />
  <attribute name= "Current Time Running" value="159025" />
  <attribute name ="GC Interval" value="0" />
  <attribute name="Target GC Util Change" value ="80.000000" />
  <attribute name="Current GC Util Change" value="63.000000"/>
  <attribute name="Current Error" value="-175.000000" />
  <attribute name="Output H" value="49882840"/>
  <attribute name="Output I" value="1696"/>
  <attribute name="Output T" value="16"/>
  <attribute name= "Current Time Running" value="159025" />
  <attribute name="GC Util currently" value="63" />
  <attribute name="CPU Util currently" value="37638185410" />
<allocation-satisfied id="5085" threadId="0000000002035F00" bytesRequested="1168" />
<af-end id="5086" timestamp="2019-08-08T10:56:50.632" threadId="0000000002036888" success="true" />
<exclusive-end id="5087" timestamp="2019-08-08T10:56:50.632" durationms="58.755" />

<exclusive-start id="5088" timestamp="2019-08-08T10:56:50.638" intervalms="64.321">
  <response-info timems="0.023" idlems="0.023" threads="0" lastid="0000000002035F00" lastname="main" />
</exclusive-start>
<af-start id="5089" threadId="0000000002036888" totalBytesRequested="1168" timestamp="2019-08-08T10:56:50.640" intervalms="66.438" />
<cycle-start id="5090" type="global" contextid="0" timestamp="2019-08-08T10:56:50.640" intervalms="66.450" />
<gc-start id="5091" type="global" contextid="5090" timestamp="2019-08-08T10:56:50.640">
  <mem-info id="5092" free="498688" total="49938432" percent="0">
    <mem type="tenure" free="498688" total="49938432" percent="0">
      <mem type="soa" free="0" total="49439744" percent="0" />
      <mem type="loa" free="498688" total="498688" percent="100" />
    </mem>
  </mem-info>
</gc-start>
<allocation-stats totalBytes="31462736" >
  <allocated-bytes non-tlh="0" tlh="31462736" />
  <largest-consumer threadName="main" threadId="0000000002035F00" bytes="31462736" />
</allocation-stats>
<gc-op id="5093" type="mark" timems="19.290" contextid="5090" timestamp="2019-08-08T10:56:50.659">
  <trace-info objectcount="596214" scancount="517202" scanbytes="13272276" />
  <finalization candidates="80" enqueued="0" />
  <ownableSynchronizers candidates="21" cleared="0" />
  <references type="soft" candidates="1843" cleared="0" enqueued="0" dynamicThreshold="20" maxThreshold="32" />
  <references type="weak" candidates="5684" cleared="0" enqueued="0" />
  <references type="phantom" candidates="97" cleared="0" enqueued="0" />
  <stringconstants candidates="13275" cleared="0"  />
</gc-op>
<gc-op id="5094" type="sweep" timems="4.495" contextid="5090" timestamp="2019-08-08T10:56:50.664" />
<mem-info id="5095" free="32068912" total="49938432" percent="64">
  <mem type="tenure" free="32068912" total="49938432" percent="64" micro-fragmented="0" macro-fragmented="0">
    <mem type="soa" free="31570224" total="49439744" percent="63" />
    <mem type="loa" free="498688" total="498688" percent="100" />
  </mem>
</mem-info>
<gc-op id="5096" type="compact" timems="25.195" contextid="5090" timestamp="2019-08-08T10:56:50.689">
  <compact-info movecount="2" movebytes="56" reason="compact to aid heap contraction" />
</gc-op>
<heap-resize id="5097" type="expand" space="tenure" amount="131072" count="1" timems="0.022" reason="satisfy allocation request" timestamp="2019-08-08T10:56:50.690" />
<gc-end id="5098" type="global" contextid="5090" durationms="49.845" usertimems="102.112" systemtimems="0.000" timestamp="2019-08-08T10:56:50.690" activeThreads="16">
  <mem-info id="5099" free="32134448" total="50069504" percent="64">
    <mem type="tenure" free="32134448" total="50069504" percent="64">
      <mem type="soa" free="31634736" total="49569792" percent="63" />
      <mem type="loa" free="499712" total="499712" percent="100" />
    </mem>
  </mem-info>
</gc-end>
<cycle-end id="5100" type="global" contextid="5090" timestamp="2019-08-08T10:56:50.690" />
  <attribute name="elasticGC enabled" value="1" />
  <attribute name= "numThreadsSpecified" value="16" />
  <attribute name="heapSize specified" value="49938432" />
  <attribute name="Current GC Util" value="56" />
  <attribute name= "Current Time Running" value="159082" />
  <attribute name ="GC Interval" value="0" />
  <attribute name="Target GC Util Change" value ="80.000000" />
  <attribute name="Current GC Util Change" value="56.000000"/>
  <attribute name="Current Error" value="24.000000" />
  <attribute name="Output H" value="50014144"/>
  <attribute name="Output I" value="2056"/>
  <attribute name="Output T" value="16"/>
  <attribute name= "Current Time Running" value="159082" />
  <attribute name="GC Util currently" value="56" />
  <attribute name="CPU Util currently" value="45668144305" />
<allocation-satisfied id="5101" threadId="0000000002035F00" bytesRequested="1168" />
<af-end id="5102" timestamp="2019-08-08T10:56:50.690" threadId="0000000002036888" success="true" />
<exclusive-end id="5103" timestamp="2019-08-08T10:56:50.690" durationms="52.203" />

<exclusive-start id="5104" timestamp="2019-08-08T10:56:50.696" intervalms="58.311">
  <response-info timems="0.024" idlems="0.024" threads="0" lastid="0000000002035F00" lastname="main" />
</exclusive-start>
<af-start id="5105" threadId="0000000002036888" totalBytesRequested="1168" timestamp="2019-08-08T10:56:50.696" intervalms="56.216" />
<cycle-start id="5106" type="global" contextid="0" timestamp="2019-08-08T10:56:50.696" intervalms="56.208" />
<gc-start id="5107" type="global" contextid="5106" timestamp="2019-08-08T10:56:50.696">
  <mem-info id="5108" free="499712" total="50069504" percent="0">
    <mem type="tenure" free="499712" total="50069504" percent="0">
      <mem type="soa" free="0" total="49569792" percent="0" />
      <mem type="loa" free="499712" total="499712" percent="100" />
    </mem>
  </mem-info>
</gc-start>
<allocation-stats totalBytes="31519312" >
  <allocated-bytes non-tlh="0" tlh="31519312" />
  <largest-consumer threadName="main" threadId="0000000002035F00" bytes="31519312" />
</allocation-stats>
<gc-op id="5109" type="mark" timems="14.401" contextid="5106" timestamp="2019-08-08T10:56:50.711">
  <trace-info objectcount="596214" scancount="517200" scanbytes="13272304" />
  <finalization candidates="80" enqueued="0" />
  <ownableSynchronizers candidates="21" cleared="0" />
  <references type="soft" candidates="1843" cleared="0" enqueued="0" dynamicThreshold="20" maxThreshold="32" />
  <references type="weak" candidates="5684" cleared="0" enqueued="0" />
  <references type="phantom" candidates="97" cleared="0" enqueued="0" />
  <stringconstants candidates="13275" cleared="0"  />
</gc-op>
<gc-op id="5110" type="sweep" timems="4.139" contextid="5106" timestamp="2019-08-08T10:56:50.715" />
<mem-info id="5111" free="32199248" total="50069504" percent="64">
  <mem type="tenure" free="32199248" total="50069504" percent="64" micro-fragmented="0" macro-fragmented="0">
    <mem type="soa" free="31699536" total="49569792" percent="63" />
    <mem type="loa" free="499712" total="499712" percent="100" />
  </mem>
</mem-info>
<gc-op id="5112" type="compact" timems="22.441" contextid="5106" timestamp="2019-08-08T10:56:50.737">
  <compact-info movecount="1600" movebytes="53400" reason="compact to aid heap contraction" />
</gc-op>
<heap-resize id="5113" type="expand" space="tenure" amount="131072" count="1" timems="0.016" reason="satisfy allocation request" timestamp="2019-08-08T10:56:50.738" />
<gc-end id="5114" type="global" contextid="5106" durationms="42.213" usertimems="87.686" systemtimems="0.000" timestamp="2019-08-08T10:56:50.738" activeThreads="16">
  <mem-info id="5115" free="32265496" total="50200576" percent="64">
    <mem type="tenure" free="32265496" total="50200576" percent="64">
      <mem type="soa" free="31763736" total="49698816" percent="63" />
      <mem type="loa" free="501760" total="501760" percent="100" />
    </mem>
  </mem-info>
</gc-end>
<cycle-end id="5116" type="global" contextid="5106" timestamp="2019-08-08T10:56:50.739" />
  <attribute name="elasticGC enabled" value="1" />
  <attribute name= "numThreadsSpecified" value="16" />
  <attribute name="heapSize specified" value="50069504" />
  <attribute name="Current GC Util" value="37" />
  <attribute name= "Current Time Running" value="159131" />
  <attribute name ="GC Interval" value="0" />
  <attribute name="Target GC Util Change" value ="80.000000" />
  <attribute name="Current GC Util Change" value="37.000000"/>
  <attribute name="Current Error" value="-545.000000" />
  <attribute name="Output H" value="50144560"/>
  <attribute name="Output I" value="1040"/>
  <attribute name="Output T" value="16"/>
  <attribute name= "Current Time Running" value="159131" />
  <attribute name="GC Util currently" value="37" />
  <attribute name="CPU Util currently" value="51306941147" />
<allocation-satisfied id="5117" threadId="0000000002035F00" bytesRequested="1168" />
<af-end id="5118" timestamp="2019-08-08T10:56:50.739" threadId="0000000002036888" success="true" />
<exclusive-end id="5119" timestamp="2019-08-08T10:56:50.739" durationms="42.437" />

<exclusive-start id="5120" timestamp="2019-08-08T10:56:50.742" intervalms="46.237">
  <response-info timems="0.023" idlems="0.023" threads="0" lastid="0000000002035F00" lastname="main" />
</exclusive-start>
<af-start id="5121" threadId="0000000002036888" totalBytesRequested="1168" timestamp="2019-08-08T10:56:50.742" intervalms="46.210" />
<cycle-start id="5122" type="global" contextid="0" timestamp="2019-08-08T10:56:50.742" intervalms="46.212" />
<gc-start id="5123" type="global" contextid="5122" timestamp="2019-08-08T10:56:50.742">
  <mem-info id="5124" free="501760" total="50200576" percent="0">
    <mem type="tenure" free="501760" total="50200576" percent="0">
      <mem type="soa" free="0" total="49698816" percent="0" />
      <mem type="loa" free="501760" total="501760" percent="100" />
    </mem>
  </mem-info>
</gc-start>
<allocation-stats totalBytes="31618760" >
  <allocated-bytes non-tlh="0" tlh="31618760" />
  <largest-consumer threadName="main" threadId="0000000002035F00" bytes="31618760" />
</allocation-stats>
<gc-op id="5125" type="mark" timems="19.828" contextid="5122" timestamp="2019-08-08T10:56:50.762">
  <trace-info objectcount="596214" scancount="517203" scanbytes="13272304" />
  <finalization candidates="80" enqueued="0" />
  <ownableSynchronizers candidates="21" cleared="0" />
  <references type="soft" candidates="1843" cleared="0" enqueued="0" dynamicThreshold="20" maxThreshold="32" />
  <references type="weak" candidates="5684" cleared="0" enqueued="0" />
  <references type="phantom" candidates="97" cleared="0" enqueued="0" />
  <stringconstants candidates="13275" cleared="0"  />
</gc-op>
<gc-op id="5126" type="sweep" timems="4.385" contextid="5122" timestamp="2019-08-08T10:56:50.767" />
<mem-info id="5127" free="32330304" total="50200576" percent="64">
  <mem type="tenure" free="32330304" total="50200576" percent="64" micro-fragmented="0" macro-fragmented="0">
    <mem type="soa" free="31828544" total="49698816" percent="64" />
    <mem type="loa" free="501760" total="501760" percent="100" />
  </mem>
</mem-info>
<gc-op id="5128" type="compact" timems="25.379" contextid="5122" timestamp="2019-08-08T10:56:50.792">
  <compact-info movecount="1" movebytes="40" reason="compact to aid heap contraction" />
</gc-op>
<heap-resize id="5129" type="expand" space="tenure" amount="131072" count="1" timems="0.020" reason="satisfy allocation request" timestamp="2019-08-08T10:56:50.794" />
<gc-end id="5130" type="global" contextid="5122" durationms="51.366" usertimems="106.278" systemtimems="0.000" timestamp="2019-08-08T10:56:50.794" activeThreads="16">
  <mem-info id="5131" free="32396568" total="50331648" percent="64">
    <mem type="tenure" free="32396568" total="50331648" percent="64">
      <mem type="soa" free="31893784" total="49828864" percent="64" />
      <mem type="loa" free="502784" total="502784" percent="100" />
    </mem>
  </mem-info>
</gc-end>
<cycle-end id="5132" type="global" contextid="5122" timestamp="2019-08-08T10:56:50.794" />
  <attribute name="elasticGC enabled" value="1" />
  <attribute name= "numThreadsSpecified" value="16" />
  <attribute name="heapSize specified" value="50200576" />
  <attribute name="Current GC Util" value="56" />
  <attribute name= "Current Time Running" value="159186" />
  <attribute name ="GC Interval" value="0" />
  <attribute name="Target GC Util Change" value ="80.000000" />
  <attribute name="Current GC Util Change" value="56.000000"/>
  <attribute name="Current Error" value="-194.000000" />
  <attribute name="Output H" value="50276032"/>
  <attribute name="Output I" value="1664"/>
  <attribute name="Output T" value="16"/>
  <attribute name= "Current Time Running" value="159186" />
  <attribute name="GC Util currently" value="56" />
  <attribute name="CPU Util currently" value="45295392914" />
<allocation-satisfied id="5133" threadId="0000000002035F00" bytesRequested="1168" />
<af-end id="5134" timestamp="2019-08-08T10:56:50.794" threadId="0000000002036888" success="true" />
<exclusive-end id="5135" timestamp="2019-08-08T10:56:50.794" durationms="51.618" />

<exclusive-start id="5136" timestamp="2019-08-08T10:56:50.799" intervalms="56.377">
  <response-info timems="0.026" idlems="0.026" threads="0" lastid="0000000002035F00" lastname="main" />
</exclusive-start>
<af-start id="5137" threadId="0000000002036888" totalBytesRequested="1168" timestamp="2019-08-08T10:56:50.799" intervalms="56.415" />
<cycle-start id="5138" type="global" contextid="0" timestamp="2019-08-08T10:56:50.799" intervalms="56.433" />
<gc-start id="5139" type="global" contextid="5138" timestamp="2019-08-08T10:56:50.799">
  <mem-info id="5140" free="502784" total="50331648" percent="0">
    <mem type="tenure" free="502784" total="50331648" percent="0">
      <mem type="soa" free="0" total="49828864" percent="0" />
      <mem type="loa" free="502784" total="502784" percent="100" />
    </mem>
  </mem-info>
</gc-start>
<allocation-stats totalBytes="31759744" >
  <allocated-bytes non-tlh="0" tlh="31759744" />
  <largest-consumer threadName="main" threadId="0000000002035F00" bytes="31759744" />
</allocation-stats>
<gc-op id="5141" type="mark" timems="15.163" contextid="5138" timestamp="2019-08-08T10:56:50.814">
  <trace-info objectcount="596215" scancount="517203" scanbytes="13272328" />
  <finalization candidates="80" enqueued="0" />
  <ownableSynchronizers candidates="21" cleared="0" />
  <references type="soft" candidates="1843" cleared="0" enqueued="0" dynamicThreshold="20" maxThreshold="32" />
  <references type="weak" candidates="5684" cleared="0" enqueued="0" />
  <references type="phantom" candidates="97" cleared="0" enqueued="0" />
  <stringconstants candidates="13275" cleared="0"  />
</gc-op>
<gc-op id="5142" type="sweep" timems="4.341" contextid="5138" timestamp="2019-08-08T10:56:50.819" />
<mem-info id="5143" free="32462080" total="50331648" percent="64">
  <mem type="tenure" free="32462080" total="50331648" percent="64" micro-fragmented="0" macro-fragmented="0">
    <mem type="soa" free="31959296" total="49828864" percent="64" />
    <mem type="loa" free="502784" total="502784" percent="100" />
  </mem>
</mem-info>
<gc-op id="5144" type="compact" timems="33.499" contextid="5138" timestamp="2019-08-08T10:56:50.852">
  <compact-info movecount="2" movebytes="64" reason="compact to aid heap contraction" />
</gc-op>
<heap-resize id="5145" type="expand" space="tenure" amount="131072" count="1" timems="0.019" reason="satisfy allocation request" timestamp="2019-08-08T10:56:50.853" />
<gc-end id="5146" type="global" contextid="5138" durationms="54.284" usertimems="118.295" systemtimems="0.000" timestamp="2019-08-08T10:56:50.853" activeThreads="16">
  <mem-info id="5147" free="32527616" total="50462720" percent="64">
    <mem type="tenure" free="32527616" total="50462720" percent="64">
      <mem type="soa" free="32023808" total="49958912" percent="64" />
      <mem type="loa" free="503808" total="503808" percent="100" />
    </mem>
  </mem-info>
</gc-end>
<cycle-end id="5148" type="global" contextid="5138" timestamp="2019-08-08T10:56:50.853" />
  <attribute name="elasticGC enabled" value="1" />
  <attribute name= "numThreadsSpecified" value="16" />
  <attribute name="heapSize specified" value="50331648" />
  <attribute name="Current GC Util" value="64" />
  <attribute name= "Current Time Running" value="159245" />
  <attribute name ="GC Interval" value="0" />
  <attribute name="Target GC Util Change" value ="80.000000" />
  <attribute name="Current GC Util Change" value="64.000000"/>
  <attribute name="Current Error" value="16.000000" />
  <attribute name="Output H" value="50407352"/>
  <attribute name="Output I" value="2040"/>
  <attribute name="Output T" value="16"/>
  <attribute name= "Current Time Running" value="159245" />
  <attribute name="GC Util currently" value="64" />
  <attribute name="CPU Util currently" value="34362925412" />
<allocation-satisfied id="5149" threadId="0000000002035F00" bytesRequested="1168" />
<af-end id="5150" timestamp="2019-08-08T10:56:50.853" threadId="0000000002036888" success="true" />
<exclusive-end id="5151" timestamp="2019-08-08T10:56:50.853" durationms="54.585" />

<exclusive-start id="5152" timestamp="2019-08-08T10:56:50.858" intervalms="59.399">
  <response-info timems="0.026" idlems="0.026" threads="0" lastid="0000000002035F00" lastname="main" />
</exclusive-start>
<af-start id="5153" threadId="0000000002036888" totalBytesRequested="1168" timestamp="2019-08-08T10:56:50.858" intervalms="59.374" />
<cycle-start id="5154" type="global" contextid="0" timestamp="2019-08-08T10:56:50.858" intervalms="59.406" />
<gc-start id="5155" type="global" contextid="5154" timestamp="2019-08-08T10:56:50.858">
  <mem-info id="5156" free="503808" total="50462720" percent="0">
    <mem type="tenure" free="503808" total="50462720" percent="0">
      <mem type="soa" free="0" total="49958912" percent="0" />
      <mem type="loa" free="503808" total="503808" percent="100" />
    </mem>
  </mem-info>
</gc-start>
<allocation-stats totalBytes="31887776" >
  <allocated-bytes non-tlh="0" tlh="31887776" />
  <largest-consumer threadName="main" threadId="0000000002035F00" bytes="31887776" />
</allocation-stats>
<gc-op id="5157" type="mark" timems="23.411" contextid="5154" timestamp="2019-08-08T10:56:50.882">
  <trace-info objectcount="596215" scancount="517204" scanbytes="13272328" />
  <finalization candidates="80" enqueued="0" />
  <ownableSynchronizers candidates="21" cleared="0" />
  <references type="soft" candidates="1843" cleared="0" enqueued="0" dynamicThreshold="20" maxThreshold="32" />
  <references type="weak" candidates="5684" cleared="0" enqueued="0" />
  <references type="phantom" candidates="97" cleared="0" enqueued="0" />
  <stringconstants candidates="13275" cleared="0"  />
</gc-op>
<gc-op id="5158" type="sweep" timems="2.813" contextid="5154" timestamp="2019-08-08T10:56:50.885" />
<mem-info id="5159" free="32593152" total="50462720" percent="64">
  <mem type="tenure" free="32593152" total="50462720" percent="64" micro-fragmented="0" macro-fragmented="0">
    <mem type="soa" free="32089344" total="49958912" percent="64" />
    <mem type="loa" free="503808" total="503808" percent="100" />
  </mem>
</mem-info>
<gc-op id="5160" type="compact" timems="28.407" contextid="5154" timestamp="2019-08-08T10:56:50.913">
  <compact-info movecount="2" movebytes="64" reason="compact to aid heap contraction" />
</gc-op>
<heap-resize id="5161" type="expand" space="tenure" amount="131072" count="1" timems="0.018" reason="satisfy allocation request" timestamp="2019-08-08T10:56:50.915" />
<gc-end id="5162" type="global" contextid="5154" durationms="56.294" usertimems="125.369" systemtimems="0.000" timestamp="2019-08-08T10:56:50.915" activeThreads="16">
  <mem-info id="5163" free="32658688" total="50593792" percent="64">
    <mem type="tenure" free="32658688" total="50593792" percent="64">
      <mem type="soa" free="32152832" total="50087936" percent="64" />
      <mem type="loa" free="505856" total="505856" percent="100" />
    </mem>
  </mem-info>
</gc-end>
<cycle-end id="5164" type="global" contextid="5154" timestamp="2019-08-08T10:56:50.915" />
  <attribute name="elasticGC enabled" value="1" />
  <attribute name= "numThreadsSpecified" value="16" />
  <attribute name="heapSize specified" value="50462720" />
  <attribute name="Current GC Util" value="58" />
  <attribute name= "Current Time Running" value="159306" />
  <attribute name ="GC Interval" value="0" />
  <attribute name="Target GC Util Change" value ="80.000000" />
  <attribute name="Current GC Util Change" value="58.000000"/>
  <attribute name="Current Error" value="-731.000000" />
  <attribute name="Output H" value="50537560"/>
  <attribute name="Output I" value="704"/>
  <attribute name="Output T" value="16"/>
  <attribute name= "Current Time Running" value="159306" />
  <attribute name="GC Util currently" value="58" />
  <attribute name="CPU Util currently" value="40515058486" />
<allocation-satisfied id="5165" threadId="0000000002035F00" bytesRequested="1168" />
<af-end id="5166" timestamp="2019-08-08T10:56:50.915" threadId="0000000002036888" success="true" />
<exclusive-end id="5167" timestamp="2019-08-08T10:56:50.915" durationms="56.600" />

<exclusive-start id="5168" timestamp="2019-08-08T10:56:50.920" intervalms="61.548">
  <response-info timems="0.025" idlems="0.025" threads="0" lastid="0000000002035F00" lastname="main" />
</exclusive-start>
<af-start id="5169" threadId="0000000002036888" totalBytesRequested="1168" timestamp="2019-08-08T10:56:50.920" intervalms="61.541" />
<cycle-start id="5170" type="global" contextid="0" timestamp="2019-08-08T10:56:50.920" intervalms="61.501" />
<gc-start id="5171" type="global" contextid="5170" timestamp="2019-08-08T10:56:50.920">
  <mem-info id="5172" free="505856" total="50593792" percent="0">
    <mem type="tenure" free="505856" total="50593792" percent="0">
      <mem type="soa" free="0" total="50087936" percent="0" />
      <mem type="loa" free="505856" total="505856" percent="100" />
    </mem>
  </mem-info>
</gc-start>
<allocation-stats totalBytes="32018024" >
  <allocated-bytes non-tlh="0" tlh="32018024" />
  <largest-consumer threadName="main" threadId="0000000002035F00" bytes="32018024" />
</allocation-stats>
<gc-op id="5173" type="mark" timems="21.672" contextid="5170" timestamp="2019-08-08T10:56:50.942">
  <trace-info objectcount="596215" scancount="517205" scanbytes="13272328" />
  <finalization candidates="80" enqueued="0" />
  <ownableSynchronizers candidates="21" cleared="0" />
  <references type="soft" candidates="1843" cleared="0" enqueued="0" dynamicThreshold="20" maxThreshold="32" />
  <references type="weak" candidates="5684" cleared="0" enqueued="0" />
  <references type="phantom" candidates="97" cleared="0" enqueued="0" />
  <stringconstants candidates="13275" cleared="0"  />
</gc-op>
<gc-op id="5174" type="sweep" timems="3.441" contextid="5170" timestamp="2019-08-08T10:56:50.945" />
<mem-info id="5175" free="32723944" total="50593792" percent="64">
  <mem type="tenure" free="32723944" total="50593792" percent="64" micro-fragmented="0" macro-fragmented="0">
    <mem type="soa" free="32218088" total="50087936" percent="64" />
    <mem type="loa" free="505856" total="505856" percent="100" />
  </mem>
</mem-info>
<gc-op id="5176" type="compact" timems="26.054" contextid="5170" timestamp="2019-08-08T10:56:50.971">
  <compact-info movecount="2" movebytes="64" reason="compact to aid heap contraction" />
</gc-op>
<heap-resize id="5177" type="expand" space="tenure" amount="131072" count="1" timems="0.021" reason="satisfy allocation request" timestamp="2019-08-08T10:56:50.972" />
<gc-end id="5178" type="global" contextid="5170" durationms="52.529" usertimems="113.009" systemtimems="0.000" timestamp="2019-08-08T10:56:50.972" activeThreads="16">
  <mem-info id="5179" free="32789760" total="50724864" percent="64">
    <mem type="tenure" free="32789760" total="50724864" percent="64">
      <mem type="soa" free="32282880" total="50217984" percent="64" />
      <mem type="loa" free="506880" total="506880" percent="100" />
    </mem>
  </mem-info>
</gc-end>
<cycle-end id="5180" type="global" contextid="5170" timestamp="2019-08-08T10:56:50.972" />
  <attribute name="elasticGC enabled" value="1" />
  <attribute name= "numThreadsSpecified" value="16" />
  <attribute name="heapSize specified" value="50593792" />
  <attribute name="Current GC Util" value="52" />
  <attribute name= "Current Time Running" value="159365" />
  <attribute name ="GC Interval" value="0" />
  <attribute name="Target GC Util Change" value ="80.000000" />
  <attribute name="Current GC Util Change" value="52.000000"/>
  <attribute name="Current Error" value="-219.000000" />
  <attribute name="Output H" value="50669224"/>
  <attribute name="Output I" value="1624"/>
  <attribute name="Output T" value="16"/>
  <attribute name= "Current Time Running" value="159365" />
  <attribute name="GC Util currently" value="52" />
  <attribute name="CPU Util currently" value="44198527991" />
<allocation-satisfied id="5181" threadId="0000000002035F00" bytesRequested="1168" />
<af-end id="5182" timestamp="2019-08-08T10:56:50.972" threadId="0000000002036888" success="true" />
<exclusive-end id="5183" timestamp="2019-08-08T10:56:50.972" durationms="52.770" />

<exclusive-start id="5184" timestamp="2019-08-08T10:56:50.977" intervalms="57.304">
  <response-info timems="0.022" idlems="0.022" threads="0" lastid="0000000002035F00" lastname="main" />
</exclusive-start>
<af-start id="5185" threadId="0000000002036888" totalBytesRequested="1168" timestamp="2019-08-08T10:56:50.977" intervalms="57.294" />
<cycle-start id="5186" type="global" contextid="0" timestamp="2019-08-08T10:56:50.977" intervalms="57.287" />
<gc-start id="5187" type="global" contextid="5186" timestamp="2019-08-08T10:56:50.977">
  <mem-info id="5188" free="506880" total="50724864" percent="0">
    <mem type="tenure" free="506880" total="50724864" percent="0">
      <mem type="soa" free="0" total="50217984" percent="0" />
      <mem type="loa" free="506880" total="506880" percent="100" />
    </mem>
  </mem-info>
</gc-start>
<allocation-stats totalBytes="32147032" >
  <allocated-bytes non-tlh="0" tlh="32147032" />
  <largest-consumer threadName="main" threadId="0000000002035F00" bytes="32147032" />
</allocation-stats>
<gc-op id="5189" type="mark" timems="16.349" contextid="5186" timestamp="2019-08-08T10:56:50.994">
  <trace-info objectcount="596215" scancount="517208" scanbytes="13272328" />
  <finalization candidates="80" enqueued="0" />
  <ownableSynchronizers candidates="21" cleared="0" />
  <references type="soft" candidates="1843" cleared="0" enqueued="0" dynamicThreshold="20" maxThreshold="32" />
  <references type="weak" candidates="5684" cleared="0" enqueued="0" />
  <references type="phantom" candidates="97" cleared="0" enqueued="0" />
  <stringconstants candidates="13275" cleared="0"  />
</gc-op>
<gc-op id="5190" type="sweep" timems="3.428" contextid="5186" timestamp="2019-08-08T10:56:50.997" />
<mem-info id="5191" free="32854776" total="50724864" percent="64">
  <mem type="tenure" free="32854776" total="50724864" percent="64" micro-fragmented="0" macro-fragmented="0">
    <mem type="soa" free="32347896" total="50217984" percent="64" />
    <mem type="loa" free="506880" total="506880" percent="100" />
  </mem>
</mem-info>
<gc-op id="5192" type="compact" timems="26.585" contextid="5186" timestamp="2019-08-08T10:56:51.024">
  <compact-info movecount="2" movebytes="64" reason="compact to aid heap contraction" />
</gc-op>
<heap-resize id="5193" type="expand" space="tenure" amount="131072" count="1" timems="0.018" reason="satisfy allocation request" timestamp="2019-08-08T10:56:51.025" />
<gc-end id="5194" type="global" contextid="5186" durationms="47.828" usertimems="94.155" systemtimems="0.000" timestamp="2019-08-08T10:56:51.025" activeThreads="16">
  <mem-info id="5195" free="32920832" total="50855936" percent="64">
    <mem type="tenure" free="32920832" total="50855936" percent="64">
      <mem type="soa" free="32412928" total="50348032" percent="64" />
      <mem type="loa" free="507904" total="507904" percent="100" />
    </mem>
  </mem-info>
</gc-end>
<cycle-end id="5196" type="global" contextid="5186" timestamp="2019-08-08T10:56:51.025" />
  <attribute name="elasticGC enabled" value="1" />
  <attribute name= "numThreadsSpecified" value="16" />
  <attribute name="heapSize specified" value="50724864" />
  <attribute name="Current GC Util" value="45" />
  <attribute name= "Current Time Running" value="159417" />
  <attribute name ="GC Interval" value="0" />
  <attribute name="Target GC Util Change" value ="80.000000" />
  <attribute name="Current GC Util Change" value="45.000000"/>
  <attribute name="Current Error" value="35.000000" />
  <attribute name="Output H" value="50800584"/>
  <attribute name="Output I" value="2072"/>
  <attribute name="Output T" value="16"/>
  <attribute name= "Current Time Running" value="159417" />
  <attribute name="GC Util currently" value="45" />
  <attribute name="CPU Util currently" value="43138707412" />
<allocation-satisfied id="5197" threadId="0000000002035F00" bytesRequested="1168" />
<af-end id="5198" timestamp="2019-08-08T10:56:51.025" threadId="0000000002036888" success="true" />
<exclusive-end id="5199" timestamp="2019-08-08T10:56:51.025" durationms="48.086" />

<exclusive-start id="5200" timestamp="2019-08-08T10:56:51.030" intervalms="52.741">
  <response-info timems="0.021" idlems="0.021" threads="0" lastid="0000000002035F00" lastname="main" />
</exclusive-start>
<af-start id="5201" threadId="0000000002036888" totalBytesRequested="1168" timestamp="2019-08-08T10:56:51.030" intervalms="52.739" />
<cycle-start id="5202" type="global" contextid="0" timestamp="2019-08-08T10:56:51.030" intervalms="52.750" />
<gc-start id="5203" type="global" contextid="5202" timestamp="2019-08-08T10:56:51.030">
  <mem-info id="5204" free="507904" total="50855936" percent="0">
    <mem type="tenure" free="507904" total="50855936" percent="0">
      <mem type="soa" free="0" total="50348032" percent="0" />
      <mem type="loa" free="507904" total="507904" percent="100" />
    </mem>
  </mem-info>
</gc-start>
<allocation-stats totalBytes="32274824" >
  <allocated-bytes non-tlh="0" tlh="32274824" />
  <largest-consumer threadName="main" threadId="0000000002035F00" bytes="32274824" />
</allocation-stats>
<gc-op id="5205" type="mark" timems="22.704" contextid="5202" timestamp="2019-08-08T10:56:51.053">
  <trace-info objectcount="596215" scancount="517201" scanbytes="13272328" />
  <finalization candidates="80" enqueued="0" />
  <ownableSynchronizers candidates="21" cleared="0" />
  <references type="soft" candidates="1843" cleared="0" enqueued="0" dynamicThreshold="20" maxThreshold="32" />
  <references type="weak" candidates="5684" cleared="0" enqueued="0" />
  <references type="phantom" candidates="97" cleared="0" enqueued="0" />
  <stringconstants candidates="13275" cleared="0"  />
</gc-op>
<gc-op id="5206" type="sweep" timems="3.064" contextid="5202" timestamp="2019-08-08T10:56:51.056" />
<mem-info id="5207" free="32985952" total="50855936" percent="64">
  <mem type="tenure" free="32985952" total="50855936" percent="64" micro-fragmented="0" macro-fragmented="0">
    <mem type="soa" free="32478048" total="50348032" percent="64" />
    <mem type="loa" free="507904" total="507904" percent="100" />
  </mem>
</mem-info>
<gc-op id="5208" type="compact" timems="22.639" contextid="5202" timestamp="2019-08-08T10:56:51.078">
  <compact-info movecount="2" movebytes="64" reason="compact to aid heap contraction" />
</gc-op>
<heap-resize id="5209" type="expand" space="tenure" amount="131072" count="1" timems="0.023" reason="satisfy allocation request" timestamp="2019-08-08T10:56:51.080" />
<gc-end id="5210" type="global" contextid="5202" durationms="49.705" usertimems="104.387" systemtimems="0.000" timestamp="2019-08-08T10:56:51.080" activeThreads="16">
  <mem-info id="5211" free="33051904" total="50987008" percent="64">
    <mem type="tenure" free="33051904" total="50987008" percent="64">
      <mem type="soa" free="32542976" total="50478080" percent="64" />
      <mem type="loa" free="508928" total="508928" percent="100" />
    </mem>
  </mem-info>
</gc-end>
<cycle-end id="5212" type="global" contextid="5202" timestamp="2019-08-08T10:56:51.080" />
  <attribute name="elasticGC enabled" value="1" />
  <attribute name= "numThreadsSpecified" value="16" />
  <attribute name="heapSize specified" value="50855936" />
  <attribute name="Current GC Util" value="43" />
  <attribute name= "Current Time Running" value="159472" />
  <attribute name ="GC Interval" value="0" />
  <attribute name="Target GC Util Change" value ="80.000000" />
  <attribute name="Current GC Util Change" value="43.000000"/>
  <attribute name="Current Error" value="-571.000000" />
  <attribute name="Output H" value="50930960"/>
  <attribute name="Output I" value="992"/>
  <attribute name="Output T" value="16"/>
  <attribute name= "Current Time Running" value="159472" />
  <attribute name="GC Util currently" value="43" />
  <attribute name="CPU Util currently" value="50814074452" />
<allocation-satisfied id="5213" threadId="0000000002035F00" bytesRequested="1168" />
<af-end id="5214" timestamp="2019-08-08T10:56:51.080" threadId="0000000002036888" success="true" />
<exclusive-end id="5215" timestamp="2019-08-08T10:56:51.080" durationms="49.959" />

<exclusive-start id="5216" timestamp="2019-08-08T10:56:51.085" intervalms="55.323">
  <response-info timems="0.024" idlems="0.024" threads="0" lastid="0000000002035F00" lastname="main" />
</exclusive-start>
<af-start id="5217" threadId="0000000002036888" totalBytesRequested="1168" timestamp="2019-08-08T10:56:51.085" intervalms="55.330" />
<cycle-start id="5218" type="global" contextid="0" timestamp="2019-08-08T10:56:51.085" intervalms="55.323" />
<gc-start id="5219" type="global" contextid="5218" timestamp="2019-08-08T10:56:51.085">
  <mem-info id="5220" free="508928" total="50987008" percent="0">
    <mem type="tenure" free="508928" total="50987008" percent="0">
      <mem type="soa" free="0" total="50478080" percent="0" />
      <mem type="loa" free="508928" total="508928" percent="100" />
    </mem>
  </mem-info>
</gc-start>
<allocation-stats totalBytes="32403808" >
  <allocated-bytes non-tlh="0" tlh="32403808" />
  <largest-consumer threadName="main" threadId="0000000002035F00" bytes="32403808" />
</allocation-stats>
<gc-op id="5221" type="mark" timems="18.174" contextid="5218" timestamp="2019-08-08T10:56:51.103">
  <trace-info objectcount="596215" scancount="517204" scanbytes="13272328" />
  <finalization candidates="80" enqueued="0" />
  <ownableSynchronizers candidates="21" cleared="0" />
  <references type="soft" candidates="1843" cleared="0" enqueued="0" dynamicThreshold="20" maxThreshold="32" />
  <references type="weak" candidates="5684" cleared="0" enqueued="0" />
  <references type="phantom" candidates="97" cleared="0" enqueued="0" />
  <stringconstants candidates="13275" cleared="0"  />
</gc-op>
<gc-op id="5222" type="sweep" timems="5.930" contextid="5218" timestamp="2019-08-08T10:56:51.109" />
<mem-info id="5223" free="33116808" total="50987008" percent="64">
  <mem type="tenure" free="33116808" total="50987008" percent="64" micro-fragmented="0" macro-fragmented="0">
    <mem type="soa" free="32607880" total="50478080" percent="64" />
    <mem type="loa" free="508928" total="508928" percent="100" />
  </mem>
</mem-info>
<gc-op id="5224" type="compact" timems="28.944" contextid="5218" timestamp="2019-08-08T10:56:51.138">
  <compact-info movecount="2" movebytes="64" reason="compact to aid heap contraction" />
</gc-op>
<heap-resize id="5225" type="expand" space="tenure" amount="131072" count="1" timems="0.023" reason="satisfy allocation request" timestamp="2019-08-08T10:56:51.140" />
<gc-end id="5226" type="global" contextid="5218" durationms="55.241" usertimems="100.089" systemtimems="0.000" timestamp="2019-08-08T10:56:51.140" activeThreads="16">
  <mem-info id="5227" free="33182976" total="51118080" percent="64">
    <mem type="tenure" free="33182976" total="51118080" percent="64">
      <mem type="soa" free="32672000" total="50607104" percent="64" />
      <mem type="loa" free="510976" total="510976" percent="100" />
    </mem>
  </mem-info>
</gc-end>
<cycle-end id="5228" type="global" contextid="5218" timestamp="2019-08-08T10:56:51.140" />
  <attribute name="elasticGC enabled" value="1" />
  <attribute name= "numThreadsSpecified" value="16" />
  <attribute name="heapSize specified" value="50987008" />
  <attribute name="Current GC Util" value="39" />
  <attribute name= "Current Time Running" value="159532" />
  <attribute name ="GC Interval" value="0" />
  <attribute name="Target GC Util Change" value ="80.000000" />
  <attribute name="Current GC Util Change" value="39.000000"/>
  <attribute name="Current Error" value="-167.000000" />
  <attribute name="Output H" value="51062496"/>
  <attribute name="Output I" value="1712"/>
  <attribute name="Output T" value="16"/>
  <attribute name= "Current Time Running" value="159532" />
  <attribute name="GC Util currently" value="39" />
  <attribute name="CPU Util currently" value="39665282565" />
<allocation-satisfied id="5229" threadId="0000000002035F00" bytesRequested="1168" />
<af-end id="5230" timestamp="2019-08-08T10:56:51.141" threadId="0000000002036888" success="true" />
<exclusive-end id="5231" timestamp="2019-08-08T10:56:51.141" durationms="55.624" />

<exclusive-start id="5232" timestamp="2019-08-08T10:56:51.146" intervalms="60.628">
  <response-info timems="0.022" idlems="0.022" threads="0" lastid="0000000002035F00" lastname="main" />
</exclusive-start>
<af-start id="5233" threadId="0000000002036888" totalBytesRequested="1168" timestamp="2019-08-08T10:56:51.146" intervalms="60.662" />
<cycle-start id="5234" type="global" contextid="0" timestamp="2019-08-08T10:56:51.146" intervalms="60.659" />
<gc-start id="5235" type="global" contextid="5234" timestamp="2019-08-08T10:56:51.146">
  <mem-info id="5236" free="510976" total="51118080" percent="0">
    <mem type="tenure" free="510976" total="51118080" percent="0">
      <mem type="soa" free="0" total="50607104" percent="0" />
      <mem type="loa" free="510976" total="510976" percent="100" />
    </mem>
  </mem-info>
</gc-start>
<allocation-stats totalBytes="32534080" >
  <allocated-bytes non-tlh="0" tlh="32534080" />
  <largest-consumer threadName="main" threadId="0000000002035F00" bytes="32534080" />
</allocation-stats>
<gc-op id="5237" type="mark" timems="10.628" contextid="5234" timestamp="2019-08-08T10:56:51.156">
  <trace-info objectcount="596215" scancount="517198" scanbytes="13272328" />
  <finalization candidates="80" enqueued="0" />
  <ownableSynchronizers candidates="21" cleared="0" />
  <references type="soft" candidates="1843" cleared="0" enqueued="0" dynamicThreshold="20" maxThreshold="32" />
  <references type="weak" candidates="5684" cleared="0" enqueued="0" />
  <references type="phantom" candidates="97" cleared="0" enqueued="0" />
  <stringconstants candidates="13275" cleared="0"  />
</gc-op>
<gc-op id="5238" type="sweep" timems="1.705" contextid="5234" timestamp="2019-08-08T10:56:51.158" />
<mem-info id="5239" free="33248392" total="51118080" percent="65">
  <mem type="tenure" free="33248392" total="51118080" percent="65" micro-fragmented="0" macro-fragmented="0">
    <mem type="soa" free="32737416" total="50607104" percent="64" />
    <mem type="loa" free="510976" total="510976" percent="100" />
  </mem>
</mem-info>
<gc-op id="5240" type="compact" timems="26.400" contextid="5234" timestamp="2019-08-08T10:56:51.185">
  <compact-info movecount="2" movebytes="64" reason="compact to aid heap contraction" />
</gc-op>
<heap-resize id="5241" type="expand" space="tenure" amount="131072" count="1" timems="0.020" reason="satisfy allocation request" timestamp="2019-08-08T10:56:51.186" />
<gc-end id="5242" type="global" contextid="5234" durationms="40.285" usertimems="84.886" systemtimems="0.000" timestamp="2019-08-08T10:56:51.186" activeThreads="16">
  <mem-info id="5243" free="33314048" total="51249152" percent="65">
    <mem type="tenure" free="33314048" total="51249152" percent="65">
      <mem type="soa" free="32802048" total="50737152" percent="64" />
      <mem type="loa" free="512000" total="512000" percent="100" />
    </mem>
  </mem-info>
</gc-end>
<cycle-end id="5244" type="global" contextid="5234" timestamp="2019-08-08T10:56:51.186" />
  <attribute name="elasticGC enabled" value="1" />
  <attribute name= "numThreadsSpecified" value="16" />
  <attribute name="heapSize specified" value="51118080" />
  <attribute name="Current GC Util" value="38" />
  <attribute name= "Current Time Running" value="159578" />
  <attribute name ="GC Interval" value="0" />
  <attribute name="Target GC Util Change" value ="80.000000" />
  <attribute name="Current GC Util Change" value="38.000000"/>
  <attribute name="Current Error" value="42.000000" />
  <attribute name="Output H" value="51193808"/>
  <attribute name="Output I" value="2088"/>
  <attribute name="Output T" value="16"/>
  <attribute name= "Current Time Running" value="159578" />
  <attribute name="GC Util currently" value="38" />
  <attribute name="CPU Util currently" value="43513505000" />
<allocation-satisfied id="5245" threadId="0000000002035F00" bytesRequested="1168" />
<af-end id="5246" timestamp="2019-08-08T10:56:51.186" threadId="0000000002036888" success="true" />
<exclusive-end id="5247" timestamp="2019-08-08T10:56:51.186" durationms="40.546" />

<exclusive-start id="5248" timestamp="2019-08-08T10:56:51.192" intervalms="46.017">
  <response-info timems="0.022" idlems="0.022" threads="0" lastid="0000000002035F00" lastname="main" />
</exclusive-start>
<af-start id="5249" threadId="0000000002036888" totalBytesRequested="1168" timestamp="2019-08-08T10:56:51.192" intervalms="45.956" />
<cycle-start id="5250" type="global" contextid="0" timestamp="2019-08-08T10:56:51.192" intervalms="45.949" />
<gc-start id="5251" type="global" contextid="5250" timestamp="2019-08-08T10:56:51.192">
  <mem-info id="5252" free="512000" total="51249152" percent="0">
    <mem type="tenure" free="512000" total="51249152" percent="0">
      <mem type="soa" free="0" total="50737152" percent="0" />
      <mem type="loa" free="512000" total="512000" percent="100" />
    </mem>
  </mem-info>
</gc-start>
<allocation-stats totalBytes="32661824" >
  <allocated-bytes non-tlh="0" tlh="32661824" />
  <largest-consumer threadName="main" threadId="0000000002035F00" bytes="32661824" />
</allocation-stats>
<gc-op id="5253" type="mark" timems="10.880" contextid="5250" timestamp="2019-08-08T10:56:51.203">
  <trace-info objectcount="596215" scancount="517206" scanbytes="13272328" />
  <finalization candidates="80" enqueued="0" />
  <ownableSynchronizers candidates="21" cleared="0" />
  <references type="soft" candidates="1843" cleared="0" enqueued="0" dynamicThreshold="20" maxThreshold="32" />
  <references type="weak" candidates="5684" cleared="0" enqueued="0" />
  <references type="phantom" candidates="97" cleared="0" enqueued="0" />
  <stringconstants candidates="13275" cleared="0"  />
</gc-op>
<gc-op id="5254" type="sweep" timems="1.626" contextid="5250" timestamp="2019-08-08T10:56:51.205" />
<mem-info id="5255" free="33379544" total="51249152" percent="65">
  <mem type="tenure" free="33379544" total="51249152" percent="65" micro-fragmented="0" macro-fragmented="0">
    <mem type="soa" free="32867544" total="50737152" percent="64" />
    <mem type="loa" free="512000" total="512000" percent="100" />
  </mem>
</mem-info>
<gc-op id="5256" type="compact" timems="22.114" contextid="5250" timestamp="2019-08-08T10:56:51.227">
  <compact-info movecount="2" movebytes="64" reason="compact to aid heap contraction" />
</gc-op>
<heap-resize id="5257" type="expand" space="tenure" amount="131072" count="1" timems="0.016" reason="satisfy allocation request" timestamp="2019-08-08T10:56:51.227" />
<gc-end id="5258" type="global" contextid="5250" durationms="35.517" usertimems="80.353" systemtimems="0.000" timestamp="2019-08-08T10:56:51.227" activeThreads="16">
  <mem-info id="5259" free="33445120" total="51380224" percent="65">
    <mem type="tenure" free="33445120" total="51380224" percent="65">
      <mem type="soa" free="32932096" total="50867200" percent="64" />
      <mem type="loa" free="513024" total="513024" percent="100" />
    </mem>
  </mem-info>
</gc-end>
<cycle-end id="5260" type="global" contextid="5250" timestamp="2019-08-08T10:56:51.227" />
  <attribute name="elasticGC enabled" value="1" />
  <attribute name= "numThreadsSpecified" value="16" />
  <attribute name="heapSize specified" value="51249152" />
  <attribute name="Current GC Util" value="37" />
  <attribute name= "Current Time Running" value="159620" />
  <attribute name ="GC Interval" value="0" />
  <attribute name="Target GC Util Change" value ="80.000000" />
  <attribute name="Current GC Util Change" value="37.000000"/>
  <attribute name="Current Error" value="-625.000000" />
  <attribute name="Output H" value="51324112"/>
  <attribute name="Output I" value="896"/>
  <attribute name="Output T" value="16"/>
  <attribute name= "Current Time Running" value="159620" />
  <attribute name="GC Util currently" value="37" />
  <attribute name="CPU Util currently" value="52020483832" />
<allocation-satisfied id="5261" threadId="0000000002035F00" bytesRequested="1168" />
<af-end id="5262" timestamp="2019-08-08T10:56:51.227" threadId="0000000002036888" success="true" />
<exclusive-end id="5263" timestamp="2019-08-08T10:56:51.227" durationms="35.762" />

<exclusive-start id="5264" timestamp="2019-08-08T10:56:51.231" intervalms="38.969">
  <response-info timems="0.016" idlems="0.016" threads="0" lastid="0000000002035F00" lastname="main" />
</exclusive-start>
<af-start id="5265" threadId="0000000002036888" totalBytesRequested="1168" timestamp="2019-08-08T10:56:51.231" intervalms="38.990" />
<cycle-start id="5266" type="global" contextid="0" timestamp="2019-08-08T10:56:51.231" intervalms="38.990" />
<gc-start id="5267" type="global" contextid="5266" timestamp="2019-08-08T10:56:51.231">
  <mem-info id="5268" free="513024" total="51380224" percent="0">
    <mem type="tenure" free="513024" total="51380224" percent="0">
      <mem type="soa" free="0" total="50867200" percent="0" />
      <mem type="loa" free="513024" total="513024" percent="100" />
    </mem>
  </mem-info>
</gc-start>
<allocation-stats totalBytes="32792096" >
  <allocated-bytes non-tlh="0" tlh="32792096" />
  <largest-consumer threadName="main" threadId="0000000002035F00" bytes="32792096" />
</allocation-stats>
<gc-op id="5269" type="mark" timems="17.988" contextid="5266" timestamp="2019-08-08T10:56:51.249">
  <trace-info objectcount="596215" scancount="517204" scanbytes="13272328" />
  <finalization candidates="80" enqueued="0" />
  <ownableSynchronizers candidates="21" cleared="0" />
  <references type="soft" candidates="1843" cleared="0" enqueued="0" dynamicThreshold="20" maxThreshold="32" />
  <references type="weak" candidates="5684" cleared="0" enqueued="0" />
  <references type="phantom" candidates="97" cleared="0" enqueued="0" />
  <stringconstants candidates="13275" cleared="0"  />
</gc-op>
<gc-op id="5270" type="sweep" timems="4.803" contextid="5266" timestamp="2019-08-08T10:56:51.254" />
<mem-info id="5271" free="33510104" total="51380224" percent="65">
  <mem type="tenure" free="33510104" total="51380224" percent="65" micro-fragmented="0" macro-fragmented="0">
    <mem type="soa" free="32997080" total="50867200" percent="64" />
    <mem type="loa" free="513024" total="513024" percent="100" />
  </mem>
</mem-info>
<gc-op id="5272" type="compact" timems="28.453" contextid="5266" timestamp="2019-08-08T10:56:51.282">
  <compact-info movecount="2" movebytes="64" reason="compact to aid heap contraction" />
</gc-op>
<heap-resize id="5273" type="expand" space="tenure" amount="131072" count="1" timems="0.018" reason="satisfy allocation request" timestamp="2019-08-08T10:56:51.283" />
<gc-end id="5274" type="global" contextid="5266" durationms="52.478" usertimems="112.886" systemtimems="0.000" timestamp="2019-08-08T10:56:51.283" activeThreads="16">
  <mem-info id="5275" free="33576192" total="51511296" percent="65">
    <mem type="tenure" free="33576192" total="51511296" percent="65">
      <mem type="soa" free="33061120" total="50996224" percent="64" />
      <mem type="loa" free="515072" total="515072" percent="100" />
    </mem>
  </mem-info>
</gc-end>
<cycle-end id="5276" type="global" contextid="5266" timestamp="2019-08-08T10:56:51.283" />
  <attribute name="elasticGC enabled" value="1" />
  <attribute name= "numThreadsSpecified" value="16" />
  <attribute name="heapSize specified" value="51380224" />
  <attribute name="Current GC Util" value="79" />
  <attribute name= "Current Time Running" value="159676" />
  <attribute name ="GC Interval" value="0" />
  <attribute name="Target GC Util Change" value ="80.000000" />
  <attribute name="Current GC Util Change" value="79.000000"/>
  <attribute name="Current Error" value="-228.000000" />
  <attribute name="Output H" value="51455648"/>
  <attribute name="Output I" value="1608"/>
  <attribute name="Output T" value="16"/>
  <attribute name= "Current Time Running" value="159676" />
  <attribute name="GC Util currently" value="79" />
  <attribute name="CPU Util currently" value="40493764562" />
<allocation-satisfied id="5277" threadId="0000000002035F00" bytesRequested="1168" />
<af-end id="5278" timestamp="2019-08-08T10:56:51.283" threadId="0000000002036888" success="true" />
<exclusive-end id="5279" timestamp="2019-08-08T10:56:51.283" durationms="52.670" />

<exclusive-start id="5280" timestamp="2019-08-08T10:56:51.294" intervalms="63.456">
  <response-info timems="0.017" idlems="0.017" threads="0" lastid="0000000002035F00" lastname="main" />
</exclusive-start>
<af-start id="5281" threadId="0000000002036888" totalBytesRequested="24" timestamp="2019-08-08T10:56:51.294" intervalms="63.455" />
<cycle-start id="5282" type="global" contextid="0" timestamp="2019-08-08T10:56:51.294" intervalms="63.459" />
<gc-start id="5283" type="global" contextid="5282" timestamp="2019-08-08T10:56:51.294">
  <mem-info id="5284" free="515072" total="51511296" percent="0">
    <mem type="tenure" free="515072" total="51511296" percent="0">
      <mem type="soa" free="0" total="50996224" percent="0" />
      <mem type="loa" free="515072" total="515072" percent="100" />
    </mem>
  </mem-info>
</gc-start>
<allocation-stats totalBytes="33116672" >
  <allocated-bytes non-tlh="0" tlh="33116672" />
  <largest-consumer threadName="main" threadId="0000000002035F00" bytes="33116672" />
</allocation-stats>
<gc-op id="5285" type="mark" timems="34.318" contextid="5282" timestamp="2019-08-08T10:56:51.329">
  <trace-info objectcount="596342" scancount="517331" scanbytes="13276648" />
  <finalization candidates="80" enqueued="0" />
  <ownableSynchronizers candidates="21" cleared="0" />
  <references type="soft" candidates="1843" cleared="0" enqueued="0" dynamicThreshold="20" maxThreshold="32" />
  <references type="weak" candidates="5684" cleared="0" enqueued="0" />
  <references type="phantom" candidates="97" cleared="0" enqueued="0" />
  <stringconstants candidates="13275" cleared="0"  />
</gc-op>
<gc-op id="5286" type="sweep" timems="3.628" contextid="5282" timestamp="2019-08-08T10:56:51.332" />
<mem-info id="5287" free="33635096" total="51511296" percent="65">
  <mem type="tenure" free="33635096" total="51511296" percent="65" micro-fragmented="0" macro-fragmented="0">
    <mem type="soa" free="33120024" total="50996224" percent="64" />
    <mem type="loa" free="515072" total="515072" percent="100" />
  </mem>
</mem-info>
<gc-op id="5288" type="compact" timems="28.625" contextid="5282" timestamp="2019-08-08T10:56:51.361">
  <compact-info movecount="1726" movebytes="56520" reason="compact to aid heap contraction" />
</gc-op>
<heap-resize id="5289" type="expand" space="tenure" amount="131072" count="1" timems="0.019" reason="satisfy allocation request" timestamp="2019-08-08T10:56:51.362" />
<gc-end id="5290" type="global" contextid="5282" durationms="67.416" usertimems="203.105" systemtimems="0.000" timestamp="2019-08-08T10:56:51.362" activeThreads="16">
  <mem-info id="5291" free="33704120" total="51642368" percent="65">
    <mem type="tenure" free="33704120" total="51642368" percent="65">
      <mem type="soa" free="33188024" total="51126272" percent="64" />
      <mem type="loa" free="516096" total="516096" percent="100" />
    </mem>
  </mem-info>
</gc-end>
<cycle-end id="5292" type="global" contextid="5282" timestamp="2019-08-08T10:56:51.362" />
  <attribute name="elasticGC enabled" value="1" />
  <attribute name= "numThreadsSpecified" value="16" />
  <attribute name="heapSize specified" value="51511296" />
  <attribute name="Current GC Util" value="50" />
  <attribute name= "Current Time Running" value="159754" />
  <attribute name ="GC Interval" value="0" />
  <attribute name="Target GC Util Change" value ="80.000000" />
  <attribute name="Current GC Util Change" value="50.000000"/>
  <attribute name="Current Error" value="30.000000" />
  <attribute name="Output H" value="51587016"/>
  <attribute name="Output I" value="2064"/>
  <attribute name="Output T" value="16"/>
  <attribute name= "Current Time Running" value="159754" />
  <attribute name="GC Util currently" value="50" />
  <attribute name="CPU Util currently" value="40225625479" />
<allocation-satisfied id="5293" threadId="0000000002035F00" bytesRequested="24" />
<af-end id="5294" timestamp="2019-08-08T10:56:51.362" threadId="0000000002036888" success="true" />
<exclusive-end id="5295" timestamp="2019-08-08T10:56:51.362" durationms="67.641" />

<exclusive-start id="5296" timestamp="2019-08-08T10:56:51.397" intervalms="102.647">
  <response-info timems="0.020" idlems="0.020" threads="0" lastid="0000000002035F00" lastname="main" />
</exclusive-start>
<af-start id="5297" threadId="0000000002036888" totalBytesRequested="24" timestamp="2019-08-08T10:56:51.397" intervalms="102.645" />
<cycle-start id="5298" type="global" contextid="0" timestamp="2019-08-08T10:56:51.397" intervalms="102.687" />
<gc-start id="5299" type="global" contextid="5298" timestamp="2019-08-08T10:56:51.397">
  <mem-info id="5300" free="516096" total="51642368" percent="0">
    <mem type="tenure" free="516096" total="51642368" percent="0">
      <mem type="soa" free="0" total="51126272" percent="0" />
      <mem type="loa" free="516096" total="516096" percent="100" />
    </mem>
  </mem-info>
</gc-start>
<allocation-stats totalBytes="33248816" >
  <allocated-bytes non-tlh="0" tlh="33248816" />
  <largest-consumer threadName="main" threadId="0000000002035F00" bytes="33248816" />
</allocation-stats>
<gc-op id="5301" type="mark" timems="9.608" contextid="5298" timestamp="2019-08-08T10:56:51.407">
  <trace-info objectcount="596342" scancount="517331" scanbytes="13276648" />
  <finalization candidates="80" enqueued="0" />
  <ownableSynchronizers candidates="21" cleared="0" />
  <references type="soft" candidates="1843" cleared="0" enqueued="0" dynamicThreshold="20" maxThreshold="32" />
  <references type="weak" candidates="5684" cleared="0" enqueued="0" />
  <references type="phantom" candidates="97" cleared="0" enqueued="0" />
  <stringconstants candidates="13275" cleared="0"  />
</gc-op>
<gc-op id="5302" type="sweep" timems="2.321" contextid="5298" timestamp="2019-08-08T10:56:51.409" />
<mem-info id="5303" free="33767712" total="51642368" percent="65">
  <mem type="tenure" free="33767712" total="51642368" percent="65" micro-fragmented="0" macro-fragmented="0">
    <mem type="soa" free="33251616" total="51126272" percent="65" />
    <mem type="loa" free="516096" total="516096" percent="100" />
  </mem>
</mem-info>
<gc-op id="5304" type="compact" timems="27.024" contextid="5298" timestamp="2019-08-08T10:56:51.436">
  <compact-info movecount="104" movebytes="3400" reason="compact to aid heap contraction" />
</gc-op>
<heap-resize id="5305" type="expand" space="tenure" amount="131072" count="1" timems="0.018" reason="satisfy allocation request" timestamp="2019-08-08T10:56:51.437" />
<gc-end id="5306" type="global" contextid="5298" durationms="39.694" usertimems="83.872" systemtimems="0.000" timestamp="2019-08-08T10:56:51.437" activeThreads="16">
  <mem-info id="5307" free="33835192" total="51773440" percent="65">
    <mem type="tenure" free="33835192" total="51773440" percent="65">
      <mem type="soa" free="33318072" total="51256320" percent="65" />
      <mem type="loa" free="517120" total="517120" percent="100" />
    </mem>
  </mem-info>
</gc-end>
<cycle-end id="5308" type="global" contextid="5298" timestamp="2019-08-08T10:56:51.437" />
  <attribute name="elasticGC enabled" value="1" />
  <attribute name= "numThreadsSpecified" value="16" />
  <attribute name="heapSize specified" value="51642368" />
  <attribute name="Current GC Util" value="30" />
  <attribute name= "Current Time Running" value="159829" />
  <attribute name ="GC Interval" value="0" />
  <attribute name="Target GC Util Change" value ="80.000000" />
  <attribute name="Current GC Util Change" value="30.000000"/>
  <attribute name="Current Error" value="-328.000000" />
  <attribute name="Output H" value="51717672"/>
  <attribute name="Output I" value="1424"/>
  <attribute name="Output T" value="16"/>
  <attribute name= "Current Time Running" value="159829" />
  <attribute name="GC Util currently" value="30" />
  <attribute name="CPU Util currently" value="42612642023" />
<allocation-satisfied id="5309" threadId="0000000002035F00" bytesRequested="24" />
<af-end id="5310" timestamp="2019-08-08T10:56:51.437" threadId="0000000002036888" success="true" />
<exclusive-end id="5311" timestamp="2019-08-08T10:56:51.437" durationms="39.947" />

<exclusive-start id="5312" timestamp="2019-08-08T10:56:51.496" intervalms="99.351">
  <response-info timems="0.014" idlems="0.014" threads="0" lastid="0000000002035F00" lastname="main" />
</exclusive-start>
<af-start id="5313" threadId="0000000002036888" totalBytesRequested="64" timestamp="2019-08-08T10:56:51.496" intervalms="99.343" />
<cycle-start id="5314" type="global" contextid="0" timestamp="2019-08-08T10:56:51.496" intervalms="99.295" />
<gc-start id="5315" type="global" contextid="5314" timestamp="2019-08-08T10:56:51.496">
  <mem-info id="5316" free="517120" total="51773440" percent="0">
    <mem type="tenure" free="517120" total="51773440" percent="0">
      <mem type="soa" free="0" total="51256320" percent="0" />
      <mem type="loa" free="517120" total="517120" percent="100" />
    </mem>
  </mem-info>
</gc-start>
<allocation-stats totalBytes="33379248" >
  <allocated-bytes non-tlh="0" tlh="33379248" />
  <largest-consumer threadName="main" threadId="0000000002035F00" bytes="33379248" />
</allocation-stats>
<gc-op id="5317" type="mark" timems="8.311" contextid="5314" timestamp="2019-08-08T10:56:51.505">
  <trace-info objectcount="596401" scancount="517388" scanbytes="13278512" />
  <finalization candidates="80" enqueued="0" />
  <ownableSynchronizers candidates="21" cleared="0" />
  <references type="soft" candidates="1843" cleared="0" enqueued="0" dynamicThreshold="20" maxThreshold="32" />
  <references type="weak" candidates="5707" cleared="0" enqueued="0" />
  <references type="phantom" candidates="97" cleared="0" enqueued="0" />
  <stringconstants candidates="13275" cleared="0"  />
</gc-op>
<gc-op id="5318" type="sweep" timems="1.670" contextid="5314" timestamp="2019-08-08T10:56:51.506" />
<mem-info id="5319" free="33886616" total="51773440" percent="65">
  <mem type="tenure" free="33886616" total="51773440" percent="65" micro-fragmented="0" macro-fragmented="0">
    <mem type="soa" free="33369496" total="51256320" percent="65" />
    <mem type="loa" free="517120" total="517120" percent="100" />
  </mem>
</mem-info>
<gc-op id="5320" type="compact" timems="124.958" contextid="5314" timestamp="2019-08-08T10:56:51.631">
  <compact-info movecount="552403" movebytes="15332336" reason="compact to aid heap contraction" />
</gc-op>
<heap-resize id="5321" type="expand" space="tenure" amount="131072" count="1" timems="0.020" reason="satisfy allocation request" timestamp="2019-08-08T10:56:51.632" />
<gc-end id="5322" type="global" contextid="5314" durationms="135.907" usertimems="191.570" systemtimems="0.000" timestamp="2019-08-08T10:56:51.632" activeThreads="16">
  <mem-info id="5323" free="33964368" total="51904512" percent="65">
    <mem type="tenure" free="33964368" total="51904512" percent="65">
      <mem type="soa" free="33446224" total="51386368" percent="65" />
      <mem type="loa" free="518144" total="518144" percent="100" />
    </mem>
  </mem-info>
</gc-end>
<cycle-end id="5324" type="global" contextid="5314" timestamp="2019-08-08T10:56:51.632" />
  <attribute name="elasticGC enabled" value="1" />
  <attribute name= "numThreadsSpecified" value="16" />
  <attribute name="heapSize specified" value="51773440" />
  <attribute name="Current GC Util" value="14" />
  <attribute name= "Current Time Running" value="160025" />
  <attribute name ="GC Interval" value="0" />
  <attribute name="Target GC Util Change" value ="80.000000" />
  <attribute name="Current GC Util Change" value="14.000000"/>
  <attribute name="Current Error" value="-380.000000" />
  <attribute name="Output H" value="51848688"/>
  <attribute name="Output I" value="1336"/>
  <attribute name="Output T" value="16"/>
  <attribute name= "Current Time Running" value="160025" />
  <attribute name="GC Util currently" value="14" />
  <attribute name="CPU Util currently" value="9224141196" />
<allocation-satisfied id="5325" threadId="0000000002035F00" bytesRequested="64" />
<af-end id="5326" timestamp="2019-08-08T10:56:51.632" threadId="0000000002036888" success="true" />
<exclusive-end id="5327" timestamp="2019-08-08T10:56:51.632" durationms="136.098" />

<exclusive-start id="5328" timestamp="2019-08-08T10:56:51.660" intervalms="164.341">
  <response-info timems="0.020" idlems="0.020" threads="0" lastid="0000000002035F00" lastname="main" />
</exclusive-start>
<af-start id="5329" threadId="0000000002036888" totalBytesRequested="16" timestamp="2019-08-08T10:56:51.660" intervalms="164.342" />
<cycle-start id="5330" type="global" contextid="0" timestamp="2019-08-08T10:56:51.661" intervalms="164.356" />
<gc-start id="5331" type="global" contextid="5330" timestamp="2019-08-08T10:56:51.661">
  <mem-info id="5332" free="518144" total="51904512" percent="0">
    <mem type="tenure" free="518144" total="51904512" percent="0">
      <mem type="soa" free="0" total="51386368" percent="0" />
      <mem type="loa" free="518144" total="518144" percent="100" />
    </mem>
  </mem-info>
</gc-start>
<allocation-stats totalBytes="33501376" >
  <allocated-bytes non-tlh="0" tlh="33501376" />
  <largest-consumer threadName="main" threadId="0000000002035F00" bytes="33501376" />
</allocation-stats>
<gc-op id="5333" type="mark" timems="8.891" contextid="5330" timestamp="2019-08-08T10:56:51.669">
  <trace-info objectcount="596237" scancount="517226" scanbytes="13272960" />
  <finalization candidates="80" enqueued="0" />
  <ownableSynchronizers candidates="21" cleared="0" />
  <references type="soft" candidates="1843" cleared="0" enqueued="0" dynamicThreshold="20" maxThreshold="32" />
  <references type="weak" candidates="5707" cleared="7" enqueued="3" />
  <references type="phantom" candidates="97" cleared="0" enqueued="0" />
  <stringconstants candidates="13275" cleared="0"  />
</gc-op>
<gc-op id="5334" type="sweep" timems="1.268" contextid="5330" timestamp="2019-08-08T10:56:51.671" />
<mem-info id="5335" free="34032976" total="51904512" percent="65">
  <mem type="tenure" free="34032976" total="51904512" percent="65" micro-fragmented="0" macro-fragmented="0">
    <mem type="soa" free="33514832" total="51386368" percent="65" />
    <mem type="loa" free="518144" total="518144" percent="100" />
  </mem>
  <pending-finalizers system="0" default="0" reference="3" classloader="0" />
</mem-info>
<gc-op id="5336" type="compact" timems="22.493" contextid="5330" timestamp="2019-08-08T10:56:51.694">
  <compact-info movecount="1596" movebytes="52496" reason="compact to aid heap contraction" />
</gc-op>
<heap-resize id="5337" type="expand" space="tenure" amount="131072" count="1" timems="0.021" reason="satisfy allocation request" timestamp="2019-08-08T10:56:51.695" />
<gc-end id="5338" type="global" contextid="5330" durationms="34.537" usertimems="79.613" systemtimems="0.000" timestamp="2019-08-08T10:56:51.695" activeThreads="16">
  <mem-info id="5339" free="34100640" total="52035584" percent="65">
    <mem type="tenure" free="34100640" total="52035584" percent="65">
      <mem type="soa" free="33580448" total="51515392" percent="65" />
      <mem type="loa" free="520192" total="520192" percent="100" />
    </mem>
    <pending-finalizers system="0" default="0" reference="3" classloader="0" />
  </mem-info>
</gc-end>
<cycle-end id="5340" type="global" contextid="5330" timestamp="2019-08-08T10:56:51.695" />
  <attribute name="elasticGC enabled" value="1" />
  <attribute name= "numThreadsSpecified" value="16" />
  <attribute name="heapSize specified" value="51904512" />
  <attribute name="Current GC Util" value="38" />
  <attribute name= "Current Time Running" value="160087" />
  <attribute name ="GC Interval" value="0" />
  <attribute name="Target GC Util Change" value ="80.000000" />
  <attribute name="Current GC Util Change" value="38.000000"/>
  <attribute name="Current Error" value="42.000000" />
  <attribute name="Output H" value="51980240"/>
  <attribute name="Output I" value="2088"/>
  <attribute name="Output T" value="16"/>
  <attribute name= "Current Time Running" value="160087" />
  <attribute name="GC Util currently" value="38" />
  <attribute name="CPU Util currently" value="51189820174" />
<allocation-satisfied id="5341" threadId="0000000002035F00" bytesRequested="16" />
<af-end id="5342" timestamp="2019-08-08T10:56:51.695" threadId="0000000002036888" success="true" />
<exclusive-end id="5343" timestamp="2019-08-08T10:56:51.695" durationms="34.799" />

<exclusive-start id="5344" timestamp="2019-08-08T10:56:51.704" intervalms="43.609">
  <response-info timems="0.023" idlems="0.023" threads="0" lastid="0000000002035F00" lastname="main" />
</exclusive-start>
<af-start id="5345" threadId="0000000002036888" totalBytesRequested="200" timestamp="2019-08-08T10:56:51.704" intervalms="43.624" />
<cycle-start id="5346" type="global" contextid="0" timestamp="2019-08-08T10:56:51.704" intervalms="43.619" />
<gc-start id="5347" type="global" contextid="5346" timestamp="2019-08-08T10:56:51.704">
  <mem-info id="5348" free="520192" total="52035584" percent="0">
    <mem type="tenure" free="520192" total="52035584" percent="0">
      <mem type="soa" free="0" total="51515392" percent="0" />
      <mem type="loa" free="520192" total="520192" percent="100" />
    </mem>
  </mem-info>
</gc-start>
<allocation-stats totalBytes="33628168" >
  <allocated-bytes non-tlh="0" tlh="33628168" />
  <largest-consumer threadName="main" threadId="0000000002035F00" bytes="33628168" />
</allocation-stats>
<gc-op id="5349" type="mark" timems="11.251" contextid="5346" timestamp="2019-08-08T10:56:51.716">
  <trace-info objectcount="596237" scancount="517225" scanbytes="13272984" />
  <finalization candidates="80" enqueued="0" />
  <ownableSynchronizers candidates="21" cleared="0" />
  <references type="soft" candidates="1843" cleared="0" enqueued="0" dynamicThreshold="20" maxThreshold="32" />
  <references type="weak" candidates="5700" cleared="0" enqueued="0" />
  <references type="phantom" candidates="97" cleared="0" enqueued="0" />
  <stringconstants candidates="13275" cleared="0"  />
</gc-op>
<gc-op id="5350" type="sweep" timems="4.056" contextid="5346" timestamp="2019-08-08T10:56:51.720" />
<mem-info id="5351" free="34166256" total="52035584" percent="65">
  <mem type="tenure" free="34166256" total="52035584" percent="65" micro-fragmented="0" macro-fragmented="0">
    <mem type="soa" free="33646064" total="51515392" percent="65" />
    <mem type="loa" free="520192" total="520192" percent="100" />
  </mem>
</mem-info>
<gc-op id="5352" type="compact" timems="32.505" contextid="5346" timestamp="2019-08-08T10:56:51.752">
  <compact-info movecount="6" movebytes="312" reason="compact to aid heap contraction" />
</gc-op>
<heap-resize id="5353" type="expand" space="tenure" amount="131072" count="1" timems="0.020" reason="satisfy allocation request" timestamp="2019-08-08T10:56:51.753" />
<gc-end id="5354" type="global" contextid="5346" durationms="49.302" usertimems="99.585" systemtimems="0.000" timestamp="2019-08-08T10:56:51.753" activeThreads="16">
  <mem-info id="5355" free="34231872" total="52166656" percent="65">
    <mem type="tenure" free="34231872" total="52166656" percent="65">
      <mem type="soa" free="33710656" total="51645440" percent="65" />
      <mem type="loa" free="521216" total="521216" percent="100" />
    </mem>
  </mem-info>
</gc-end>
<cycle-end id="5356" type="global" contextid="5346" timestamp="2019-08-08T10:56:51.754" />
  <attribute name="elasticGC enabled" value="1" />
  <attribute name= "numThreadsSpecified" value="16" />
  <attribute name="heapSize specified" value="52035584" />
  <attribute name="Current GC Util" value="80" />
  <attribute name= "Current Time Running" value="160146" />
  <attribute name ="GC Interval" value="0" />
  <attribute name="Target GC Util Change" value ="80.000000" />
  <attribute name="Current GC Util Change" value="80.000000"/>
  <attribute name="Current Error" value="-469.000000" />
  <attribute name="Output H" value="52110728"/>
  <attribute name="Output I" value="1176"/>
  <attribute name="Output T" value="16"/>
  <attribute name= "Current Time Running" value="160146" />
  <attribute name="GC Util currently" value="80" />
  <attribute name="CPU Util currently" value="35371529848" />
<allocation-satisfied id="5357" threadId="0000000002035F00" bytesRequested="200" />
<af-end id="5358" timestamp="2019-08-08T10:56:51.754" threadId="0000000002036888" success="true" />
<exclusive-end id="5359" timestamp="2019-08-08T10:56:51.754" durationms="49.521" />

<exclusive-start id="5360" timestamp="2019-08-08T10:56:51.762" intervalms="57.647">
  <response-info timems="0.018" idlems="0.018" threads="0" lastid="0000000002035F00" lastname="main" />
</exclusive-start>
<af-start id="5361" threadId="0000000002036888" totalBytesRequested="264" timestamp="2019-08-08T10:56:51.762" intervalms="57.629" />
<cycle-start id="5362" type="global" contextid="0" timestamp="2019-08-08T10:56:51.762" intervalms="57.622" />
<gc-start id="5363" type="global" contextid="5362" timestamp="2019-08-08T10:56:51.762">
  <mem-info id="5364" free="521216" total="52166656" percent="0">
    <mem type="tenure" free="521216" total="52166656" percent="0">
      <mem type="soa" free="0" total="51645440" percent="0" />
      <mem type="loa" free="521216" total="521216" percent="100" />
    </mem>
  </mem-info>
</gc-start>
<allocation-stats totalBytes="33758496" >
  <allocated-bytes non-tlh="0" tlh="33758496" />
  <largest-consumer threadName="main" threadId="0000000002035F00" bytes="33758496" />
</allocation-stats>
<gc-op id="5365" type="mark" timems="10.565" contextid="5362" timestamp="2019-08-08T10:56:51.772">
  <trace-info objectcount="596237" scancount="517222" scanbytes="13272984" />
  <finalization candidates="80" enqueued="0" />
  <ownableSynchronizers candidates="21" cleared="0" />
  <references type="soft" candidates="1843" cleared="0" enqueued="0" dynamicThreshold="20" maxThreshold="32" />
  <references type="weak" candidates="5700" cleared="0" enqueued="0" />
  <references type="phantom" candidates="97" cleared="0" enqueued="0" />
  <stringconstants candidates="13275" cleared="0"  />
</gc-op>
<gc-op id="5366" type="sweep" timems="5.243" contextid="5362" timestamp="2019-08-08T10:56:51.778" />
<mem-info id="5367" free="34297280" total="52166656" percent="65">
  <mem type="tenure" free="34297280" total="52166656" percent="65" micro-fragmented="0" macro-fragmented="0">
    <mem type="soa" free="33776064" total="51645440" percent="65" />
    <mem type="loa" free="521216" total="521216" percent="100" />
  </mem>
</mem-info>
<gc-op id="5368" type="compact" timems="25.479" contextid="5362" timestamp="2019-08-08T10:56:51.803">
  <compact-info movecount="6" movebytes="384" reason="compact to aid heap contraction" />
</gc-op>
<heap-resize id="5369" type="expand" space="tenure" amount="131072" count="1" timems="0.020" reason="satisfy allocation request" timestamp="2019-08-08T10:56:51.804" />
<gc-end id="5370" type="global" contextid="5362" durationms="42.236" usertimems="84.103" systemtimems="0.000" timestamp="2019-08-08T10:56:51.804" activeThreads="16">
  <mem-info id="5371" free="34362872" total="52297728" percent="65">
    <mem type="tenure" free="34362872" total="52297728" percent="65">
      <mem type="soa" free="33840632" total="51775488" percent="65" />
      <mem type="loa" free="522240" total="522240" percent="100" />
    </mem>
  </mem-info>
</gc-end>
<cycle-end id="5372" type="global" contextid="5362" timestamp="2019-08-08T10:56:51.804" />
  <attribute name="elasticGC enabled" value="1" />
  <attribute name= "numThreadsSpecified" value="16" />
  <attribute name="heapSize specified" value="52166656" />
  <attribute name="Current GC Util" value="40" />
  <attribute name= "Current Time Running" value="160197" />
  <attribute name ="GC Interval" value="0" />
  <attribute name="Target GC Util Change" value ="80.000000" />
  <attribute name="Current GC Util Change" value="40.000000"/>
  <attribute name="Current Error" value="-249.000000" />
  <attribute name="Output H" value="52242056"/>
  <attribute name="Output I" value="1568"/>
  <attribute name="Output T" value="16"/>
  <attribute name= "Current Time Running" value="160197" />
  <attribute name="GC Util currently" value="40" />
  <attribute name="CPU Util currently" value="45222550364" />
<allocation-satisfied id="5373" threadId="0000000002035F00" bytesRequested="264" />
<af-end id="5374" timestamp="2019-08-08T10:56:51.804" threadId="0000000002036888" success="true" />
<exclusive-end id="5375" timestamp="2019-08-08T10:56:51.804" durationms="42.437" />

<exclusive-start id="5376" timestamp="2019-08-08T10:56:51.810" intervalms="48.803">
  <response-info timems="0.021" idlems="0.021" threads="0" lastid="0000000002035F00" lastname="main" />
</exclusive-start>
<af-start id="5377" threadId="0000000002036888" totalBytesRequested="232" timestamp="2019-08-08T10:56:51.811" intervalms="48.809" />
<cycle-start id="5378" type="global" contextid="0" timestamp="2019-08-08T10:56:51.811" intervalms="48.814" />
<gc-start id="5379" type="global" contextid="5378" timestamp="2019-08-08T10:56:51.811">
  <mem-info id="5380" free="522240" total="52297728" percent="0">
    <mem type="tenure" free="522240" total="52297728" percent="0">
      <mem type="soa" free="0" total="51775488" percent="0" />
      <mem type="loa" free="522240" total="522240" percent="100" />
    </mem>
  </mem-info>
</gc-start>
<allocation-stats totalBytes="33888360" >
  <allocated-bytes non-tlh="0" tlh="33888360" />
  <largest-consumer threadName="main" threadId="0000000002035F00" bytes="33888360" />
</allocation-stats>
<gc-op id="5381" type="mark" timems="11.254" contextid="5378" timestamp="2019-08-08T10:56:51.822">
  <trace-info objectcount="596237" scancount="517224" scanbytes="13272984" />
  <finalization candidates="80" enqueued="0" />
  <ownableSynchronizers candidates="21" cleared="0" />
  <references type="soft" candidates="1843" cleared="0" enqueued="0" dynamicThreshold="21" maxThreshold="32" />
  <references type="weak" candidates="5700" cleared="0" enqueued="0" />
  <references type="phantom" candidates="97" cleared="0" enqueued="0" />
  <stringconstants candidates="13275" cleared="0"  />
</gc-op>
<gc-op id="5382" type="sweep" timems="5.108" contextid="5378" timestamp="2019-08-08T10:56:51.827" />
<mem-info id="5383" free="34428312" total="52297728" percent="65">
  <mem type="tenure" free="34428312" total="52297728" percent="65" micro-fragmented="0" macro-fragmented="0">
    <mem type="soa" free="33906072" total="51775488" percent="65" />
    <mem type="loa" free="522240" total="522240" percent="100" />
  </mem>
</mem-info>
<gc-op id="5384" type="compact" timems="34.511" contextid="5378" timestamp="2019-08-08T10:56:51.862">
  <compact-info movecount="6" movebytes="344" reason="compact to aid heap contraction" />
</gc-op>
<heap-resize id="5385" type="expand" space="tenure" amount="131072" count="1" timems="0.018" reason="satisfy allocation request" timestamp="2019-08-08T10:56:51.862" />
<gc-end id="5386" type="global" contextid="5378" durationms="51.701" usertimems="97.025" systemtimems="0.000" timestamp="2019-08-08T10:56:51.862" activeThreads="16">
  <mem-info id="5387" free="34493984" total="52428800" percent="65">
    <mem type="tenure" free="34493984" total="52428800" percent="65">
      <mem type="soa" free="33969696" total="51904512" percent="65" />
      <mem type="loa" free="524288" total="524288" percent="100" />
    </mem>
  </mem-info>
</gc-end>
<cycle-end id="5388" type="global" contextid="5378" timestamp="2019-08-08T10:56:51.862" />
  <attribute name="elasticGC enabled" value="1" />
  <attribute name= "numThreadsSpecified" value="16" />
  <attribute name="heapSize specified" value="52297728" />
  <attribute name="Current GC Util" value="32" />
  <attribute name= "Current Time Running" value="160255" />
  <attribute name ="GC Interval" value="0" />
  <attribute name="Target GC Util Change" value ="80.000000" />
  <attribute name="Current GC Util Change" value="32.000000"/>
  <attribute name="Current Error" value="48.000000" />
  <attribute name="Output H" value="52373464"/>
  <attribute name="Output I" value="2096"/>
  <attribute name="Output T" value="16"/>
  <attribute name= "Current Time Running" value="160255" />
  <attribute name="GC Util currently" value="32" />
  <attribute name="CPU Util currently" value="33341332043" />
<allocation-satisfied id="5389" threadId="0000000002035F00" bytesRequested="232" />
<af-end id="5390" timestamp="2019-08-08T10:56:51.862" threadId="0000000002036888" success="true" />
<exclusive-end id="5391" timestamp="2019-08-08T10:56:51.862" durationms="51.910" />

<exclusive-start id="5392" timestamp="2019-08-08T10:56:51.871" intervalms="60.382">
  <response-info timems="0.020" idlems="0.020" threads="0" lastid="0000000002035F00" lastname="main" />
</exclusive-start>
<af-start id="5393" threadId="0000000002036888" totalBytesRequested="304" timestamp="2019-08-08T10:56:51.871" intervalms="60.379" />
<cycle-start id="5394" type="global" contextid="0" timestamp="2019-08-08T10:56:51.871" intervalms="60.380" />
<gc-start id="5395" type="global" contextid="5394" timestamp="2019-08-08T10:56:51.871">
  <mem-info id="5396" free="524288" total="52428800" percent="1">
    <mem type="tenure" free="524288" total="52428800" percent="1">
      <mem type="soa" free="0" total="51904512" percent="0" />
      <mem type="loa" free="524288" total="524288" percent="100" />
    </mem>
  </mem-info>
</gc-start>
<allocation-stats totalBytes="34017888" >
  <allocated-bytes non-tlh="0" tlh="34017888" />
  <largest-consumer threadName="main" threadId="0000000002035F00" bytes="34017888" />
</allocation-stats>
<gc-op id="5397" type="mark" timems="14.330" contextid="5394" timestamp="2019-08-08T10:56:51.885">
  <trace-info objectcount="596237" scancount="517229" scanbytes="13272984" />
  <finalization candidates="80" enqueued="0" />
  <ownableSynchronizers candidates="21" cleared="0" />
  <references type="soft" candidates="1843" cleared="0" enqueued="0" dynamicThreshold="21" maxThreshold="32" />
  <references type="weak" candidates="5700" cleared="0" enqueued="0" />
  <references type="phantom" candidates="97" cleared="0" enqueued="0" />
  <stringconstants candidates="13275" cleared="0"  />
</gc-op>
<gc-op id="5398" type="sweep" timems="3.423" contextid="5394" timestamp="2019-08-08T10:56:51.889" />
<mem-info id="5399" free="34559216" total="52428800" percent="65">
  <mem type="tenure" free="34559216" total="52428800" percent="65" micro-fragmented="0" macro-fragmented="0">
    <mem type="soa" free="34034928" total="51904512" percent="65" />
    <mem type="loa" free="524288" total="524288" percent="100" />
  </mem>
</mem-info>
<gc-op id="5400" type="compact" timems="25.260" contextid="5394" timestamp="2019-08-08T10:56:51.914">
  <compact-info movecount="6" movebytes="416" reason="compact to aid heap contraction" />
</gc-op>
<heap-resize id="5401" type="expand" space="tenure" amount="131072" count="1" timems="0.019" reason="satisfy allocation request" timestamp="2019-08-08T10:56:51.915" />
<gc-end id="5402" type="global" contextid="5394" durationms="44.477" usertimems="90.416" systemtimems="0.000" timestamp="2019-08-08T10:56:51.915" activeThreads="16">
  <mem-info id="5403" free="34624984" total="52559872" percent="65">
    <mem type="tenure" free="34624984" total="52559872" percent="65">
      <mem type="soa" free="34099672" total="52034560" percent="65" />
      <mem type="loa" free="525312" total="525312" percent="100" />
    </mem>
  </mem-info>
</gc-end>
<cycle-end id="5404" type="global" contextid="5394" timestamp="2019-08-08T10:56:51.916" />
  <attribute name="elasticGC enabled" value="1" />
  <attribute name= "numThreadsSpecified" value="16" />
  <attribute name="heapSize specified" value="52428800" />
  <attribute name="Current GC Util" value="34" />
  <attribute name= "Current Time Running" value="160308" />
  <attribute name ="GC Interval" value="0" />
  <attribute name="Target GC Util Change" value ="80.000000" />
  <attribute name="Current GC Util Change" value="34.000000"/>
  <attribute name="Current Error" value="-483.000000" />
  <attribute name="Output H" value="52503928"/>
  <attribute name="Output I" value="1152"/>
  <attribute name="Output T" value="16"/>
  <attribute name= "Current Time Running" value="160308" />
  <attribute name="GC Util currently" value="34" />
  <attribute name="CPU Util currently" value="45552793203" />
<allocation-satisfied id="5405" threadId="0000000002035F00" bytesRequested="304" />
<af-end id="5406" timestamp="2019-08-08T10:56:51.916" threadId="0000000002036888" success="true" />
<exclusive-end id="5407" timestamp="2019-08-08T10:56:51.916" durationms="44.676" />

<exclusive-start id="5408" timestamp="2019-08-08T10:56:51.922" intervalms="51.117">
  <response-info timems="0.017" idlems="0.017" threads="0" lastid="0000000002035F00" lastname="main" />
</exclusive-start>
<af-start id="5409" threadId="0000000002036888" totalBytesRequested="32" timestamp="2019-08-08T10:56:51.922" intervalms="51.113" />
<cycle-start id="5410" type="global" contextid="0" timestamp="2019-08-08T10:56:51.922" intervalms="51.106" />
<gc-start id="5411" type="global" contextid="5410" timestamp="2019-08-08T10:56:51.922">
  <mem-info id="5412" free="525312" total="52559872" percent="0">
    <mem type="tenure" free="525312" total="52559872" percent="0">
      <mem type="soa" free="0" total="52034560" percent="0" />
      <mem type="loa" free="525312" total="525312" percent="100" />
    </mem>
  </mem-info>
</gc-start>
<allocation-stats totalBytes="34147488" >
  <allocated-bytes non-tlh="0" tlh="34147488" />
  <largest-consumer threadName="main" threadId="0000000002035F00" bytes="34147488" />
</allocation-stats>
<gc-op id="5413" type="mark" timems="8.313" contextid="5410" timestamp="2019-08-08T10:56:51.930">
  <trace-info objectcount="596236" scancount="517228" scanbytes="13272952" />
  <finalization candidates="80" enqueued="0" />
  <ownableSynchronizers candidates="21" cleared="0" />
  <references type="soft" candidates="1843" cleared="0" enqueued="0" dynamicThreshold="21" maxThreshold="32" />
  <references type="weak" candidates="5700" cleared="0" enqueued="0" />
  <references type="phantom" candidates="97" cleared="0" enqueued="0" />
  <stringconstants candidates="13275" cleared="0"  />
</gc-op>
<gc-op id="5414" type="sweep" timems="6.661" contextid="5410" timestamp="2019-08-08T10:56:51.937" />
<mem-info id="5415" free="34690576" total="52559872" percent="66">
  <mem type="tenure" free="34690576" total="52559872" percent="66" micro-fragmented="0" macro-fragmented="0">
    <mem type="soa" free="34165264" total="52034560" percent="65" />
    <mem type="loa" free="525312" total="525312" percent="100" />
  </mem>
</mem-info>
<gc-op id="5416" type="compact" timems="33.061" contextid="5410" timestamp="2019-08-08T10:56:51.970">
  <compact-info movecount="5" movebytes="360" reason="compact to aid heap contraction" />
</gc-op>
<heap-resize id="5417" type="expand" space="tenure" amount="131072" count="1" timems="0.019" reason="satisfy allocation request" timestamp="2019-08-08T10:56:51.971" />
<gc-end id="5418" type="global" contextid="5410" durationms="49.123" usertimems="91.705" systemtimems="0.000" timestamp="2019-08-08T10:56:51.971" activeThreads="16">
  <mem-info id="5419" free="34756112" total="52690944" percent="65">
    <mem type="tenure" free="34756112" total="52690944" percent="65">
      <mem type="soa" free="34229776" total="52164608" percent="65" />
      <mem type="loa" free="526336" total="526336" percent="100" />
    </mem>
  </mem-info>
</gc-end>
<cycle-end id="5420" type="global" contextid="5410" timestamp="2019-08-08T10:56:51.971" />
  <attribute name="elasticGC enabled" value="1" />
  <attribute name= "numThreadsSpecified" value="16" />
  <attribute name="heapSize specified" value="52559872" />
  <attribute name="Current GC Util" value="29" />
  <attribute name= "Current Time Running" value="160364" />
  <attribute name ="GC Interval" value="0" />
  <attribute name="Target GC Util Change" value ="80.000000" />
  <attribute name="Current GC Util Change" value="29.000000"/>
  <attribute name="Current Error" value="-324.000000" />
  <attribute name="Output H" value="52635184"/>
  <attribute name="Output I" value="1432"/>
  <attribute name="Output T" value="16"/>
  <attribute name= "Current Time Running" value="160364" />
  <attribute name="GC Util currently" value="29" />
  <attribute name="CPU Util currently" value="34838498149" />
<allocation-satisfied id="5421" threadId="0000000002035F00" bytesRequested="32" />
<af-end id="5422" timestamp="2019-08-08T10:56:51.971" threadId="0000000002036888" success="true" />
<exclusive-end id="5423" timestamp="2019-08-08T10:56:51.971" durationms="49.322" />

<exclusive-start id="5424" timestamp="2019-08-08T10:56:51.980" intervalms="58.320">
  <response-info timems="0.020" idlems="0.020" threads="0" lastid="0000000002035F00" lastname="main" />
</exclusive-start>
<af-start id="5425" threadId="0000000002036888" totalBytesRequested="32" timestamp="2019-08-08T10:56:51.980" intervalms="58.459" />
<cycle-start id="5426" type="global" contextid="0" timestamp="2019-08-08T10:56:51.981" intervalms="58.469" />
<gc-start id="5427" type="global" contextid="5426" timestamp="2019-08-08T10:56:51.981">
  <mem-info id="5428" free="526336" total="52690944" percent="0">
    <mem type="tenure" free="526336" total="52690944" percent="0">
      <mem type="soa" free="0" total="52164608" percent="0" />
      <mem type="loa" free="526336" total="526336" percent="100" />
    </mem>
  </mem-info>
</gc-start>
<allocation-stats totalBytes="34277472" >
  <allocated-bytes non-tlh="0" tlh="34277472" />
  <largest-consumer threadName="main" threadId="0000000002035F00" bytes="34277472" />
</allocation-stats>
<gc-op id="5429" type="mark" timems="10.528" contextid="5426" timestamp="2019-08-08T10:56:51.991">
  <trace-info objectcount="596236" scancount="517223" scanbytes="13272952" />
  <finalization candidates="80" enqueued="0" />
  <ownableSynchronizers candidates="21" cleared="0" />
  <references type="soft" candidates="1843" cleared="0" enqueued="0" dynamicThreshold="21" maxThreshold="32" />
  <references type="weak" candidates="5700" cleared="0" enqueued="0" />
  <references type="phantom" candidates="97" cleared="0" enqueued="0" />
  <stringconstants candidates="13275" cleared="0"  />
</gc-op>
<gc-op id="5430" type="sweep" timems="6.002" contextid="5426" timestamp="2019-08-08T10:56:51.997" />
<mem-info id="5431" free="34821792" total="52690944" percent="66">
  <mem type="tenure" free="34821792" total="52690944" percent="66" micro-fragmented="0" macro-fragmented="0">
    <mem type="soa" free="34295456" total="52164608" percent="65" />
    <mem type="loa" free="526336" total="526336" percent="100" />
  </mem>
</mem-info>
<gc-op id="5432" type="compact" timems="22.800" contextid="5426" timestamp="2019-08-08T10:56:52.020">
  <compact-info movecount="5" movebytes="216" reason="compact to aid heap contraction" />
</gc-op>
<heap-resize id="5433" type="expand" space="tenure" amount="131072" count="1" timems="0.018" reason="satisfy allocation request" timestamp="2019-08-08T10:56:52.021" />
<gc-end id="5434" type="global" contextid="5426" durationms="40.161" usertimems="76.802" systemtimems="0.000" timestamp="2019-08-08T10:56:52.021" activeThreads="16">
  <mem-info id="5435" free="34887328" total="52822016" percent="66">
    <mem type="tenure" free="34887328" total="52822016" percent="66">
      <mem type="soa" free="34359968" total="52294656" percent="65" />
      <mem type="loa" free="527360" total="527360" percent="100" />
    </mem>
  </mem-info>
</gc-end>
<cycle-end id="5436" type="global" contextid="5426" timestamp="2019-08-08T10:56:52.021" />
  <attribute name="elasticGC enabled" value="1" />
  <attribute name= "numThreadsSpecified" value="16" />
  <attribute name="heapSize specified" value="52690944" />
  <attribute name="Current GC Util" value="27" />
  <attribute name= "Current Time Running" value="160413" />
  <attribute name ="GC Interval" value="0" />
  <attribute name="Target GC Util Change" value ="80.000000" />
  <attribute name="Current GC Util Change" value="27.000000"/>
  <attribute name="Current Error" value="53.000000" />
  <attribute name="Output H" value="52766688"/>
  <attribute name="Output I" value="2104"/>
  <attribute name="Output T" value="16"/>
  <attribute name= "Current Time Running" value="160413" />
  <attribute name="GC Util currently" value="27" />
  <attribute name="CPU Util currently" value="50495276779" />
<allocation-satisfied id="5437" threadId="0000000002035F00" bytesRequested="32" />
<af-end id="5438" timestamp="2019-08-08T10:56:52.021" threadId="0000000002036888" success="true" />
<exclusive-end id="5439" timestamp="2019-08-08T10:56:52.021" durationms="40.570" />

<exclusive-start id="5440" timestamp="2019-08-08T10:56:52.028" intervalms="47.662">
  <response-info timems="0.020" idlems="0.020" threads="0" lastid="0000000002035F00" lastname="main" />
</exclusive-start>
<af-start id="5441" threadId="0000000002036888" totalBytesRequested="16" timestamp="2019-08-08T10:56:52.028" intervalms="47.531" />
<cycle-start id="5442" type="global" contextid="0" timestamp="2019-08-08T10:56:52.028" intervalms="47.527" />
<gc-start id="5443" type="global" contextid="5442" timestamp="2019-08-08T10:56:52.028">
  <mem-info id="5444" free="527360" total="52822016" percent="0">
    <mem type="tenure" free="527360" total="52822016" percent="0">
      <mem type="soa" free="0" total="52294656" percent="0" />
      <mem type="loa" free="527360" total="527360" percent="100" />
    </mem>
  </mem-info>
</gc-start>
<allocation-stats totalBytes="34401408" >
  <allocated-bytes non-tlh="0" tlh="34401408" />
  <largest-consumer threadName="main" threadId="0000000002035F00" bytes="34401408" />
</allocation-stats>
<gc-op id="5445" type="mark" timems="14.069" contextid="5442" timestamp="2019-08-08T10:56:52.042">
  <trace-info objectcount="596239" scancount="517228" scanbytes="13273028" />
  <finalization candidates="80" enqueued="0" />
  <ownableSynchronizers candidates="21" cleared="0" />
  <references type="soft" candidates="1843" cleared="0" enqueued="0" dynamicThreshold="21" maxThreshold="32" />
  <references type="weak" candidates="5700" cleared="0" enqueued="0" />
  <references type="phantom" candidates="97" cleared="0" enqueued="0" />
  <stringconstants candidates="13275" cleared="0"  />
</gc-op>
<gc-op id="5446" type="sweep" timems="5.282" contextid="5442" timestamp="2019-08-08T10:56:52.048" />
<mem-info id="5447" free="34951736" total="52822016" percent="66">
  <mem type="tenure" free="34951736" total="52822016" percent="66" micro-fragmented="0" macro-fragmented="0">
    <mem type="soa" free="34424376" total="52294656" percent="65" />
    <mem type="loa" free="527360" total="527360" percent="100" />
  </mem>
</mem-info>
<gc-op id="5448" type="compact" timems="25.486" contextid="5442" timestamp="2019-08-08T10:56:52.073">
  <compact-info movecount="1595" movebytes="52192" reason="compact to aid heap contraction" />
</gc-op>
<heap-resize id="5449" type="expand" space="tenure" amount="131072" count="1" timems="0.021" reason="satisfy allocation request" timestamp="2019-08-08T10:56:52.074" />
<gc-end id="5450" type="global" contextid="5442" durationms="45.848" usertimems="81.902" systemtimems="0.000" timestamp="2019-08-08T10:56:52.074" activeThreads="16">
  <mem-info id="5451" free="35017880" total="52953088" percent="66">
    <mem type="tenure" free="35017880" total="52953088" percent="66">
      <mem type="soa" free="34488472" total="52423680" percent="65" />
      <mem type="loa" free="529408" total="529408" percent="100" />
    </mem>
  </mem-info>
</gc-end>
<cycle-end id="5452" type="global" contextid="5442" timestamp="2019-08-08T10:56:52.074" />
  <attribute name="elasticGC enabled" value="1" />
  <attribute name= "numThreadsSpecified" value="16" />
  <attribute name="heapSize specified" value="52822016" />
  <attribute name="Current GC Util" value="44" />
  <attribute name= "Current Time Running" value="160466" />
  <attribute name ="GC Interval" value="0" />
  <attribute name="Target GC Util Change" value ="80.000000" />
  <attribute name="Current GC Util Change" value="44.000000"/>
  <attribute name="Current Error" value="-405.000000" />
  <attribute name="Output H" value="52897232"/>
  <attribute name="Output I" value="1288"/>
  <attribute name="Output T" value="16"/>
  <attribute name= "Current Time Running" value="160466" />
  <attribute name="GC Util currently" value="44" />
  <attribute name="CPU Util currently" value="45182484952" />
<allocation-satisfied id="5453" threadId="0000000002035F00" bytesRequested="16" />
<af-end id="5454" timestamp="2019-08-08T10:56:52.074" threadId="0000000002036888" success="true" />
<exclusive-end id="5455" timestamp="2019-08-08T10:56:52.074" durationms="46.064" />

<exclusive-start id="5456" timestamp="2019-08-08T10:56:52.082" intervalms="53.653">
  <response-info timems="0.019" idlems="0.019" threads="0" lastid="0000000002035F00" lastname="main" />
</exclusive-start>
<af-start id="5457" threadId="0000000002036888" totalBytesRequested="272" timestamp="2019-08-08T10:56:52.082" intervalms="53.648" />
<cycle-start id="5458" type="global" contextid="0" timestamp="2019-08-08T10:56:52.082" intervalms="53.643" />
<gc-start id="5459" type="global" contextid="5458" timestamp="2019-08-08T10:56:52.082">
  <mem-info id="5460" free="529408" total="52953088" percent="0">
    <mem type="tenure" free="529408" total="52953088" percent="0">
      <mem type="soa" free="0" total="52423680" percent="0" />
      <mem type="loa" free="529408" total="529408" percent="100" />
    </mem>
  </mem-info>
</gc-start>
<allocation-stats totalBytes="34522896" >
  <allocated-bytes non-tlh="0" tlh="34522896" />
  <largest-consumer threadName="main" threadId="0000000002035F00" bytes="34522896" />
</allocation-stats>
<gc-op id="5461" type="mark" timems="17.608" contextid="5458" timestamp="2019-08-08T10:56:52.099">
  <trace-info objectcount="596238" scancount="517225" scanbytes="13273028" />
  <finalization candidates="80" enqueued="0" />
  <ownableSynchronizers candidates="21" cleared="0" />
  <references type="soft" candidates="1843" cleared="0" enqueued="0" dynamicThreshold="21" maxThreshold="32" />
  <references type="weak" candidates="5700" cleared="0" enqueued="0" />
  <references type="phantom" candidates="97" cleared="0" enqueued="0" />
  <stringconstants candidates="13275" cleared="0"  />
</gc-op>
<gc-op id="5462" type="sweep" timems="3.307" contextid="5458" timestamp="2019-08-08T10:56:52.103" />
<mem-info id="5463" free="35083504" total="52953088" percent="66">
  <mem type="tenure" free="35083504" total="52953088" percent="66" micro-fragmented="0" macro-fragmented="0">
    <mem type="soa" free="34554096" total="52423680" percent="65" />
    <mem type="loa" free="529408" total="529408" percent="100" />
  </mem>
</mem-info>
<gc-op id="5464" type="compact" timems="30.299" contextid="5458" timestamp="2019-08-08T10:56:52.133">
  <compact-info movecount="6" movebytes="400" reason="compact to aid heap contraction" />
</gc-op>
<heap-resize id="5465" type="expand" space="tenure" amount="131072" count="1" timems="0.019" reason="satisfy allocation request" timestamp="2019-08-08T10:56:52.134" />
<gc-end id="5466" type="global" contextid="5458" durationms="52.119" usertimems="108.686" systemtimems="0.000" timestamp="2019-08-08T10:56:52.134" activeThreads="16">
  <mem-info id="5467" free="35149264" total="53084160" percent="66">
    <mem type="tenure" free="35149264" total="53084160" percent="66">
      <mem type="soa" free="34618832" total="52553728" percent="65" />
      <mem type="loa" free="530432" total="530432" percent="100" />
    </mem>
  </mem-info>
</gc-end>
<cycle-end id="5468" type="global" contextid="5458" timestamp="2019-08-08T10:56:52.134" />
  <attribute name="elasticGC enabled" value="1" />
  <attribute name= "numThreadsSpecified" value="16" />
  <attribute name="heapSize specified" value="52953088" />
  <attribute name="Current GC Util" value="66" />
  <attribute name= "Current Time Running" value="160527" />
  <attribute name ="GC Interval" value="0" />
  <attribute name="Target GC Util Change" value ="80.000000" />
  <attribute name="Current GC Util Change" value="66.000000"/>
  <attribute name="Current Error" value="-235.000000" />
  <attribute name="Output H" value="53028504"/>
  <attribute name="Output I" value="1592"/>
  <attribute name="Output T" value="16"/>
  <attribute name= "Current Time Running" value="160527" />
  <attribute name="GC Util currently" value="66" />
  <attribute name="CPU Util currently" value="38004395268" />
<allocation-satisfied id="5469" threadId="0000000002035F00" bytesRequested="272" />
<af-end id="5470" timestamp="2019-08-08T10:56:52.134" threadId="0000000002036888" success="true" />
<exclusive-end id="5471" timestamp="2019-08-08T10:56:52.134" durationms="52.318" />

<exclusive-start id="5472" timestamp="2019-08-08T10:56:52.142" intervalms="60.533">
  <response-info timems="0.024" idlems="0.024" threads="0" lastid="0000000002035F00" lastname="main" />
</exclusive-start>
<af-start id="5473" threadId="0000000002036888" totalBytesRequested="264" timestamp="2019-08-08T10:56:52.142" intervalms="60.552" />
<cycle-start id="5474" type="global" contextid="0" timestamp="2019-08-08T10:56:52.142" intervalms="60.564" />
<gc-start id="5475" type="global" contextid="5474" timestamp="2019-08-08T10:56:52.142">
  <mem-info id="5476" free="530432" total="53084160" percent="0">
    <mem type="tenure" free="530432" total="53084160" percent="0">
      <mem type="soa" free="0" total="52553728" percent="0" />
      <mem type="loa" free="530432" total="530432" percent="100" />
    </mem>
  </mem-info>
</gc-start>
<allocation-stats totalBytes="34651608" >
  <allocated-bytes non-tlh="0" tlh="34651608" />
  <largest-consumer threadName="main" threadId="0000000002035F00" bytes="34651608" />
</allocation-stats>
<gc-op id="5477" type="mark" timems="16.169" contextid="5474" timestamp="2019-08-08T10:56:52.159">
  <trace-info objectcount="596238" scancount="517230" scanbytes="13273028" />
  <finalization candidates="80" enqueued="0" />
  <ownableSynchronizers candidates="21" cleared="0" />
  <references type="soft" candidates="1843" cleared="0" enqueued="0" dynamicThreshold="21" maxThreshold="32" />
  <references type="weak" candidates="5700" cleared="0" enqueued="0" />
  <references type="phantom" candidates="97" cleared="0" enqueued="0" />
  <stringconstants candidates="13275" cleared="0"  />
</gc-op>
<gc-op id="5478" type="sweep" timems="5.095" contextid="5474" timestamp="2019-08-08T10:56:52.164" />
<mem-info id="5479" free="35214624" total="53084160" percent="66">
  <mem type="tenure" free="35214624" total="53084160" percent="66" micro-fragmented="0" macro-fragmented="0">
    <mem type="soa" free="34684192" total="52553728" percent="65" />
    <mem type="loa" free="530432" total="530432" percent="100" />
  </mem>
</mem-info>
<gc-op id="5480" type="compact" timems="31.526" contextid="5474" timestamp="2019-08-08T10:56:52.195">
  <compact-info movecount="6" movebytes="392" reason="compact to aid heap contraction" />
</gc-op>
<heap-resize id="5481" type="expand" space="tenure" amount="131072" count="1" timems="0.021" reason="satisfy allocation request" timestamp="2019-08-08T10:56:52.197" />
<gc-end id="5482" type="global" contextid="5474" durationms="54.286" usertimems="112.762" systemtimems="0.000" timestamp="2019-08-08T10:56:52.197" activeThreads="16">
  <mem-info id="5483" free="35280344" total="53215232" percent="66">
    <mem type="tenure" free="35280344" total="53215232" percent="66">
      <mem type="soa" free="34748888" total="52683776" percent="65" />
      <mem type="loa" free="531456" total="531456" percent="100" />
    </mem>
  </mem-info>
</gc-end>
<cycle-end id="5484" type="global" contextid="5474" timestamp="2019-08-08T10:56:52.197" />
  <attribute name="elasticGC enabled" value="1" />
  <attribute name= "numThreadsSpecified" value="16" />
  <attribute name="heapSize specified" value="53084160" />
  <attribute name="Current GC Util" value="71" />
  <attribute name= "Current Time Running" value="160589" />
  <attribute name ="GC Interval" value="0" />
  <attribute name="Target GC Util Change" value ="80.000000" />
  <attribute name="Current GC Util Change" value="71.000000"/>
  <attribute name="Current Error" value="9.000000" />
  <attribute name="Output H" value="53159856"/>
  <attribute name="Output I" value="2024"/>
  <attribute name="Output T" value="16"/>
  <attribute name= "Current Time Running" value="160589" />
  <attribute name="GC Util currently" value="71" />
  <attribute name="CPU Util currently" value="36536900894" />
<allocation-satisfied id="5485" threadId="0000000002035F00" bytesRequested="264" />
<af-end id="5486" timestamp="2019-08-08T10:56:52.197" threadId="0000000002036888" success="true" />
<exclusive-end id="5487" timestamp="2019-08-08T10:56:52.197" durationms="54.535" />

<exclusive-start id="5488" timestamp="2019-08-08T10:56:52.213" intervalms="70.660">
  <response-info timems="0.024" idlems="0.024" threads="0" lastid="0000000002035F00" lastname="main" />
</exclusive-start>
<af-start id="5489" threadId="0000000002036888" totalBytesRequested="24" timestamp="2019-08-08T10:56:52.213" intervalms="70.643" />
<cycle-start id="5490" type="global" contextid="0" timestamp="2019-08-08T10:56:52.213" intervalms="70.641" />
<gc-start id="5491" type="global" contextid="5490" timestamp="2019-08-08T10:56:52.213">
  <mem-info id="5492" free="531456" total="53215232" percent="0">
    <mem type="tenure" free="531456" total="53215232" percent="0">
      <mem type="soa" free="0" total="52683776" percent="0" />
      <mem type="loa" free="531456" total="531456" percent="100" />
    </mem>
  </mem-info>
</gc-start>
<allocation-stats totalBytes="34805528" >
  <allocated-bytes non-tlh="0" tlh="34805528" />
  <largest-consumer threadName="main" threadId="0000000002035F00" bytes="34805528" />
</allocation-stats>
<gc-op id="5493" type="mark" timems="16.557" contextid="5490" timestamp="2019-08-08T10:56:52.230">
  <trace-info objectcount="596261" scancount="517250" scanbytes="13274304" />
  <finalization candidates="80" enqueued="0" />
  <ownableSynchronizers candidates="21" cleared="0" />
  <references type="soft" candidates="1843" cleared="0" enqueued="0" dynamicThreshold="21" maxThreshold="32" />
  <references type="weak" candidates="5700" cleared="0" enqueued="0" />
  <references type="phantom" candidates="97" cleared="0" enqueued="0" />
  <stringconstants candidates="13275" cleared="0"  />
</gc-op>
<gc-op id="5494" type="sweep" timems="5.481" contextid="5490" timestamp="2019-08-08T10:56:52.235" />
<mem-info id="5495" free="35344168" total="53215232" percent="66">
  <mem type="tenure" free="35344168" total="53215232" percent="66" micro-fragmented="0" macro-fragmented="0">
    <mem type="soa" free="34812712" total="52683776" percent="66" />
    <mem type="loa" free="531456" total="531456" percent="100" />
  </mem>
</mem-info>
<gc-op id="5496" type="compact" timems="25.119" contextid="5490" timestamp="2019-08-08T10:56:52.260">
  <compact-info movecount="1615" movebytes="52840" reason="compact to aid heap contraction" />
</gc-op>
<heap-resize id="5497" type="expand" space="tenure" amount="131072" count="1" timems="0.013" reason="satisfy allocation request" timestamp="2019-08-08T10:56:52.261" />
<gc-end id="5498" type="global" contextid="5490" durationms="48.243" usertimems="97.817" systemtimems="0.000" timestamp="2019-08-08T10:56:52.261" activeThreads="16">
  <mem-info id="5499" free="35410400" total="53346304" percent="66">
    <mem type="tenure" free="35410400" total="53346304" percent="66">
      <mem type="soa" free="34877920" total="52813824" percent="66" />
      <mem type="loa" free="532480" total="532480" percent="100" />
    </mem>
  </mem-info>
</gc-end>
<cycle-end id="5500" type="global" contextid="5490" timestamp="2019-08-08T10:56:52.261" />
  <attribute name="elasticGC enabled" value="1" />
  <attribute name= "numThreadsSpecified" value="16" />
  <attribute name="heapSize specified" value="53215232" />
  <attribute name="Current GC Util" value="40" />
  <attribute name= "Current Time Running" value="160654" />
  <attribute name ="GC Interval" value="0" />
  <attribute name="Target GC Util Change" value ="80.000000" />
  <attribute name="Current GC Util Change" value="40.000000"/>
  <attribute name="Current Error" value="-338.000000" />
  <attribute name="Output H" value="53290528"/>
  <attribute name="Output I" value="1408"/>
  <attribute name="Output T" value="16"/>
  <attribute name= "Current Time Running" value="160654" />
  <attribute name="GC Util currently" value="40" />
  <attribute name="CPU Util currently" value="45828751735" />
<allocation-satisfied id="5501" threadId="0000000002035F00" bytesRequested="24" />
<af-end id="5502" timestamp="2019-08-08T10:56:52.261" threadId="0000000002036888" success="true" />
<exclusive-end id="5503" timestamp="2019-08-08T10:56:52.261" durationms="48.439" />

<exclusive-start id="5504" timestamp="2019-08-08T10:56:52.274" intervalms="61.401">
  <response-info timems="0.019" idlems="0.019" threads="0" lastid="0000000002035F00" lastname="main" />
</exclusive-start>
<af-start id="5505" threadId="0000000002036888" totalBytesRequested="136" timestamp="2019-08-08T10:56:52.274" intervalms="61.403" />
<cycle-start id="5506" type="global" contextid="0" timestamp="2019-08-08T10:56:52.274" intervalms="61.398" />
<gc-start id="5507" type="global" contextid="5506" timestamp="2019-08-08T10:56:52.274">
  <mem-info id="5508" free="532480" total="53346304" percent="0">
    <mem type="tenure" free="532480" total="53346304" percent="0">
      <mem type="soa" free="0" total="52813824" percent="0" />
      <mem type="loa" free="532480" total="532480" percent="100" />
    </mem>
  </mem-info>
</gc-start>
<allocation-stats totalBytes="34935944" >
  <allocated-bytes non-tlh="0" tlh="34935944" />
  <largest-consumer threadName="main" threadId="0000000002035F00" bytes="34935944" />
</allocation-stats>
<gc-op id="5509" type="mark" timems="20.772" contextid="5506" timestamp="2019-08-08T10:56:52.295">
  <trace-info objectcount="596247" scancount="517238" scanbytes="13273520" />
  <finalization candidates="80" enqueued="0" />
  <ownableSynchronizers candidates="21" cleared="0" />
  <references type="soft" candidates="1843" cleared="0" enqueued="0" dynamicThreshold="21" maxThreshold="32" />
  <references type="weak" candidates="5700" cleared="0" enqueued="0" />
  <references type="phantom" candidates="97" cleared="0" enqueued="0" />
  <stringconstants candidates="13275" cleared="0"  />
</gc-op>
<gc-op id="5510" type="sweep" timems="5.636" contextid="5506" timestamp="2019-08-08T10:56:52.301" />
<mem-info id="5511" free="35476712" total="53346304" percent="66">
  <mem type="tenure" free="35476712" total="53346304" percent="66" micro-fragmented="0" macro-fragmented="0">
    <mem type="soa" free="34944232" total="52813824" percent="66" />
    <mem type="loa" free="532480" total="532480" percent="100" />
  </mem>
</mem-info>
<gc-op id="5512" type="compact" timems="27.284" contextid="5506" timestamp="2019-08-08T10:56:52.328">
  <compact-info movecount="14" movebytes="584" reason="compact to aid heap contraction" />
</gc-op>
<heap-resize id="5513" type="expand" space="tenure" amount="131072" count="1" timems="0.019" reason="satisfy allocation request" timestamp="2019-08-08T10:56:52.329" />
<gc-end id="5514" type="global" contextid="5506" durationms="54.748" usertimems="112.037" systemtimems="0.000" timestamp="2019-08-08T10:56:52.329" activeThreads="16">
  <mem-info id="5515" free="35542256" total="53477376" percent="66">
    <mem type="tenure" free="35542256" total="53477376" percent="66">
      <mem type="soa" free="35007728" total="52942848" percent="66" />
      <mem type="loa" free="534528" total="534528" percent="100" />
    </mem>
  </mem-info>
</gc-end>
<cycle-end id="5516" type="global" contextid="5506" timestamp="2019-08-08T10:56:52.329" />
  <attribute name="elasticGC enabled" value="1" />
  <attribute name= "numThreadsSpecified" value="16" />
  <attribute name="heapSize specified" value="53346304" />
  <attribute name="Current GC Util" value="119" />
  <attribute name= "Current Time Running" value="160722" />
  <attribute name ="GC Interval" value="0" />
  <attribute name="Target GC Util Change" value ="80.000000" />
  <attribute name="Current GC Util Change" value="119.000000"/>
  <attribute name="Current Error" value="-311.000000" />
  <attribute name="Output H" value="53421632"/>
  <attribute name="Output I" value="1456"/>
  <attribute name="Output T" value="16"/>
  <attribute name= "Current Time Running" value="160722" />
  <attribute name="GC Util currently" value="119" />
  <attribute name="CPU Util currently" value="42219922184" />
<allocation-satisfied id="5517" threadId="0000000002035F00" bytesRequested="136" />
<af-end id="5518" timestamp="2019-08-08T10:56:52.329" threadId="0000000002036888" success="true" />
<exclusive-end id="5519" timestamp="2019-08-08T10:56:52.329" durationms="54.960" />

<exclusive-start id="5520" timestamp="2019-08-08T10:56:52.520" intervalms="245.829">
  <response-info timems="0.018" idlems="0.018" threads="0" lastid="0000000002035F00" lastname="main" />
</exclusive-start>
<af-start id="5521" threadId="0000000002036888" totalBytesRequested="8632" timestamp="2019-08-08T10:56:52.520" intervalms="245.834" />
<cycle-start id="5522" type="global" contextid="0" timestamp="2019-08-08T10:56:52.520" intervalms="245.831" />
<gc-start id="5523" type="global" contextid="5522" timestamp="2019-08-08T10:56:52.520">
  <mem-info id="5524" free="534528" total="53477376" percent="0">
    <mem type="tenure" free="534528" total="53477376" percent="0">
      <mem type="soa" free="0" total="52942848" percent="0" />
      <mem type="loa" free="534528" total="534528" percent="100" />
    </mem>
  </mem-info>
</gc-start>
<allocation-stats totalBytes="34034600" >
  <allocated-bytes non-tlh="0" tlh="34034600" />
  <largest-consumer threadName="main" threadId="0000000002035F00" bytes="34034600" />
</allocation-stats>
<gc-op id="5525" type="mark" timems="9.102" contextid="5522" timestamp="2019-08-08T10:56:52.529">
  <trace-info objectcount="596259" scancount="517249" scanbytes="13283052" />
  <finalization candidates="80" enqueued="0" />
  <ownableSynchronizers candidates="21" cleared="0" />
  <references type="soft" candidates="1843" cleared="0" enqueued="0" dynamicThreshold="21" maxThreshold="32" />
  <references type="weak" candidates="5700" cleared="0" enqueued="0" />
  <references type="phantom" candidates="97" cleared="0" enqueued="0" />
  <stringconstants candidates="13275" cleared="0"  />
</gc-op>
<gc-op id="5526" type="sweep" timems="1.696" contextid="5522" timestamp="2019-08-08T10:56:52.531" />
<mem-info id="5527" free="35595288" total="53477376" percent="66">
  <mem type="tenure" free="35595288" total="53477376" percent="66" micro-fragmented="0" macro-fragmented="0">
    <mem type="soa" free="35060760" total="52942848" percent="66" />
    <mem type="loa" free="534528" total="534528" percent="100" />
  </mem>
</mem-info>
<gc-op id="5528" type="compact" timems="29.103" contextid="5522" timestamp="2019-08-08T10:56:52.560">
  <compact-info movecount="1611" movebytes="61528" reason="compact to aid heap contraction" />
</gc-op>
<heap-resize id="5529" type="expand" space="tenure" amount="131072" count="1" timems="0.021" reason="satisfy allocation request" timestamp="2019-08-08T10:56:52.561" />
<gc-end id="5530" type="global" contextid="5522" durationms="40.793" usertimems="93.747" systemtimems="0.000" timestamp="2019-08-08T10:56:52.561" activeThreads="16">
  <mem-info id="5531" free="35663808" total="53608448" percent="66">
    <mem type="tenure" free="35663808" total="53608448" percent="66">
      <mem type="soa" free="35128256" total="53072896" percent="66" />
      <mem type="loa" free="535552" total="535552" percent="100" />
    </mem>
  </mem-info>
</gc-end>
<cycle-end id="5532" type="global" contextid="5522" timestamp="2019-08-08T10:56:52.561" />
  <attribute name="elasticGC enabled" value="1" />
  <attribute name= "numThreadsSpecified" value="16" />
  <attribute name="heapSize specified" value="53477376" />
  <attribute name="Current GC Util" value="39" />
  <attribute name= "Current Time Running" value="160954" />
  <attribute name ="GC Interval" value="0" />
  <attribute name="Target GC Util Change" value ="80.000000" />
  <attribute name="Current GC Util Change" value="39.000000"/>
  <attribute name="Current Error" value="41.000000" />
  <attribute name="Output H" value="53553104"/>
  <attribute name="Output I" value="2088"/>
  <attribute name="Output T" value="16"/>
  <attribute name= "Current Time Running" value="160954" />
  <attribute name="GC Util currently" value="39" />
  <attribute name="CPU Util currently" value="39557370651" />
<allocation-satisfied id="5533" threadId="0000000002035F00" bytesRequested="8632" />
<af-end id="5534" timestamp="2019-08-08T10:56:52.561" threadId="0000000002036888" success="true" />
<exclusive-end id="5535" timestamp="2019-08-08T10:56:52.561" durationms="41.018" />

<exclusive-start id="5536" timestamp="2019-08-08T10:56:52.566" intervalms="46.094">
  <response-info timems="0.024" idlems="0.024" threads="0" lastid="0000000002035F00" lastname="main" />
</exclusive-start>
<af-start id="5537" threadId="0000000002036888" totalBytesRequested="14904" timestamp="2019-08-08T10:56:52.566" intervalms="46.098" />
<cycle-start id="5538" type="global" contextid="0" timestamp="2019-08-08T10:56:52.566" intervalms="46.102" />
<gc-start id="5539" type="global" contextid="5538" timestamp="2019-08-08T10:56:52.566">
  <mem-info id="5540" free="535552" total="53608448" percent="0">
    <mem type="tenure" free="535552" total="53608448" percent="0">
      <mem type="soa" free="0" total="53072896" percent="0" />
      <mem type="loa" free="535552" total="535552" percent="100" />
    </mem>
  </mem-info>
</gc-start>
<allocation-stats totalBytes="32964784" >
  <allocated-bytes non-tlh="0" tlh="32964784" />
  <largest-consumer threadName="main" threadId="0000000002035F00" bytes="32964784" />
</allocation-stats>
<gc-op id="5541" type="mark" timems="10.728" contextid="5538" timestamp="2019-08-08T10:56:52.577">
  <trace-info objectcount="596259" scancount="517251" scanbytes="13309160" />
  <finalization candidates="80" enqueued="0" />
  <ownableSynchronizers candidates="21" cleared="0" />
  <references type="soft" candidates="1843" cleared="0" enqueued="0" dynamicThreshold="21" maxThreshold="32" />
  <references type="weak" candidates="5700" cleared="0" enqueued="0" />
  <references type="phantom" candidates="97" cleared="0" enqueued="0" />
  <stringconstants candidates="13275" cleared="0"  />
</gc-op>
<gc-op id="5542" type="sweep" timems="1.644" contextid="5538" timestamp="2019-08-08T10:56:52.579" />
<mem-info id="5543" free="35702744" total="53608448" percent="66">
  <mem type="tenure" free="35702744" total="53608448" percent="66" micro-fragmented="0" macro-fragmented="0">
    <mem type="soa" free="35167192" total="53072896" percent="66" />
    <mem type="loa" free="535552" total="535552" percent="100" />
  </mem>
</mem-info>
<gc-op id="5544" type="compact" timems="31.873" contextid="5538" timestamp="2019-08-08T10:56:52.611">
  <compact-info movecount="12" movebytes="35400" reason="compact to aid heap contraction" />
</gc-op>
<heap-resize id="5545" type="expand" space="tenure" amount="131072" count="1" timems="0.018" reason="satisfy allocation request" timestamp="2019-08-08T10:56:52.611" />
<gc-end id="5546" type="global" contextid="5538" durationms="45.194" usertimems="98.462" systemtimems="0.000" timestamp="2019-08-08T10:56:52.611" activeThreads="16">
  <mem-info id="5547" free="35768776" total="53739520" percent="66">
    <mem type="tenure" free="35768776" total="53739520" percent="66">
      <mem type="soa" free="35232200" total="53202944" percent="66" />
      <mem type="loa" free="536576" total="536576" percent="100" />
    </mem>
  </mem-info>
</gc-end>
<cycle-end id="5548" type="global" contextid="5538" timestamp="2019-08-08T10:56:52.612" />
  <attribute name="elasticGC enabled" value="1" />
  <attribute name= "numThreadsSpecified" value="16" />
  <attribute name="heapSize specified" value="53608448" />
  <attribute name="Current GC Util" value="33" />
  <attribute name= "Current Time Running" value="161004" />
  <attribute name ="GC Interval" value="0" />
  <attribute name="Target GC Util Change" value ="80.000000" />
  <attribute name="Current GC Util Change" value="33.000000"/>
  <attribute name="Current Error" value="-843.000000" />
  <attribute name="Output H" value="53683160"/>
  <attribute name="Output I" value="504"/>
  <attribute name="Output T" value="16"/>
  <attribute name= "Current Time Running" value="161004" />
  <attribute name="GC Util currently" value="33" />
  <attribute name="CPU Util currently" value="36128368948" />
<allocation-satisfied id="5549" threadId="0000000002035F00" bytesRequested="14904" />
<af-end id="5550" timestamp="2019-08-08T10:56:52.612" threadId="0000000002036888" success="true" />
<exclusive-end id="5551" timestamp="2019-08-08T10:56:52.612" durationms="45.424" />

<exclusive-start id="5552" timestamp="2019-08-08T10:56:52.761" intervalms="195.087">
  <response-info timems="0.018" idlems="0.018" threads="0" lastid="0000000002035F00" lastname="main" />
</exclusive-start>
<af-start id="5553" threadId="0000000002036888" totalBytesRequested="80" timestamp="2019-08-08T10:56:52.761" intervalms="195.075" />
<cycle-start id="5554" type="global" contextid="0" timestamp="2019-08-08T10:56:52.761" intervalms="195.068" />
<gc-start id="5555" type="global" contextid="5554" timestamp="2019-08-08T10:56:52.761">
  <mem-info id="5556" free="536576" total="53739520" percent="0">
    <mem type="tenure" free="536576" total="53739520" percent="0">
      <mem type="soa" free="0" total="53202944" percent="0" />
      <mem type="loa" free="536576" total="536576" percent="100" />
    </mem>
  </mem-info>
</gc-start>
<allocation-stats totalBytes="35294064" >
  <allocated-bytes non-tlh="0" tlh="35294064" />
  <largest-consumer threadName="main" threadId="0000000002035F00" bytes="35294064" />
</allocation-stats>
<gc-op id="5557" type="mark" timems="8.192" contextid="5554" timestamp="2019-08-08T10:56:52.770">
  <trace-info objectcount="596243" scancount="517233" scanbytes="13273196" />
  <finalization candidates="80" enqueued="0" />
  <ownableSynchronizers candidates="21" cleared="0" />
  <references type="soft" candidates="1843" cleared="0" enqueued="0" dynamicThreshold="21" maxThreshold="32" />
  <references type="weak" candidates="5700" cleared="0" enqueued="0" />
  <references type="phantom" candidates="97" cleared="0" enqueued="0" />
  <stringconstants candidates="13275" cleared="0"  />
</gc-op>
<gc-op id="5558" type="sweep" timems="2.060" contextid="5554" timestamp="2019-08-08T10:56:52.772" />
<mem-info id="5559" free="35868984" total="53739520" percent="66">
  <mem type="tenure" free="35868984" total="53739520" percent="66" micro-fragmented="0" macro-fragmented="0">
    <mem type="soa" free="35332408" total="53202944" percent="66" />
    <mem type="loa" free="536576" total="536576" percent="100" />
  </mem>
</mem-info>
<gc-op id="5560" type="compact" timems="22.461" contextid="5554" timestamp="2019-08-08T10:56:52.794">
  <compact-info movecount="1583" movebytes="51352" reason="compact to aid heap contraction" />
</gc-op>
<heap-resize id="5561" type="expand" space="tenure" amount="131072" count="1" timems="0.018" reason="satisfy allocation request" timestamp="2019-08-08T10:56:52.795" />
<gc-end id="5562" type="global" contextid="5554" durationms="33.490" usertimems="82.082" systemtimems="0.000" timestamp="2019-08-08T10:56:52.795" activeThreads="16">
  <mem-info id="5563" free="35935840" total="53870592" percent="66">
    <mem type="tenure" free="35935840" total="53870592" percent="66">
      <mem type="soa" free="35397216" total="53331968" percent="66" />
      <mem type="loa" free="538624" total="538624" percent="100" />
    </mem>
  </mem-info>
</gc-end>
<cycle-end id="5564" type="global" contextid="5554" timestamp="2019-08-08T10:56:52.795" />
  <attribute name="elasticGC enabled" value="1" />
  <attribute name= "numThreadsSpecified" value="16" />
  <attribute name="heapSize specified" value="53739520" />
  <attribute name="Current GC Util" value="51" />
  <attribute name= "Current Time Running" value="161188" />
  <attribute name ="GC Interval" value="0" />
  <attribute name="Target GC Util Change" value ="80.000000" />
  <attribute name="Current GC Util Change" value="51.000000"/>
  <attribute name="Current Error" value="-434.000000" />
  <attribute name="Output H" value="53814704"/>
  <attribute name="Output I" value="1240"/>
  <attribute name="Output T" value="16"/>
  <attribute name= "Current Time Running" value="161188" />
  <attribute name="GC Util currently" value="51" />
  <attribute name="CPU Util currently" value="51223181723" />
<allocation-satisfied id="5565" threadId="0000000002035F00" bytesRequested="80" />
<af-end id="5566" timestamp="2019-08-08T10:56:52.795" threadId="0000000002036888" success="true" />
<exclusive-end id="5567" timestamp="2019-08-08T10:56:52.795" durationms="33.699" />

<exclusive-start id="5568" timestamp="2019-08-08T10:56:52.812" intervalms="50.877">
  <response-info timems="0.014" idlems="0.014" threads="0" lastid="0000000002035F00" lastname="main" />
</exclusive-start>
<af-start id="5569" threadId="0000000002036888" totalBytesRequested="16" timestamp="2019-08-08T10:56:52.812" intervalms="50.880" />
<cycle-start id="5570" type="global" contextid="0" timestamp="2019-08-08T10:56:52.812" intervalms="50.886" />
<gc-start id="5571" type="global" contextid="5570" timestamp="2019-08-08T10:56:52.812">
  <mem-info id="5572" free="538624" total="53870592" percent="0">
    <mem type="tenure" free="538624" total="53870592" percent="0">
      <mem type="soa" free="0" total="53331968" percent="0" />
      <mem type="loa" free="538624" total="538624" percent="100" />
    </mem>
  </mem-info>
</gc-start>
<allocation-stats totalBytes="35458200" >
  <allocated-bytes non-tlh="0" tlh="35458200" />
  <largest-consumer threadName="main" threadId="0000000002035F00" bytes="35458200" />
</allocation-stats>
<gc-op id="5573" type="mark" timems="12.204" contextid="5570" timestamp="2019-08-08T10:56:52.824">
  <trace-info objectcount="596248" scancount="517239" scanbytes="13273372" />
  <finalization candidates="80" enqueued="0" />
  <ownableSynchronizers candidates="21" cleared="0" />
  <references type="soft" candidates="1843" cleared="0" enqueued="0" dynamicThreshold="21" maxThreshold="32" />
  <references type="weak" candidates="5700" cleared="0" enqueued="0" />
  <references type="phantom" candidates="97" cleared="0" enqueued="0" />
  <stringconstants candidates="13275" cleared="0"  />
</gc-op>
<gc-op id="5574" type="sweep" timems="1.683" contextid="5570" timestamp="2019-08-08T10:56:52.826" />
<mem-info id="5575" free="36001192" total="53870592" percent="66">
  <mem type="tenure" free="36001192" total="53870592" percent="66" micro-fragmented="0" macro-fragmented="0">
    <mem type="soa" free="35462568" total="53331968" percent="66" />
    <mem type="loa" free="538624" total="538624" percent="100" />
  </mem>
</mem-info>
<gc-op id="5576" type="compact" timems="34.617" contextid="5570" timestamp="2019-08-08T10:56:52.861">
  <compact-info movecount="5" movebytes="184" reason="compact to aid heap contraction" />
</gc-op>
<heap-resize id="5577" type="expand" space="tenure" amount="131072" count="1" timems="0.021" reason="satisfy allocation request" timestamp="2019-08-08T10:56:52.862" />
<gc-end id="5578" type="global" contextid="5570" durationms="49.485" usertimems="102.485" systemtimems="0.000" timestamp="2019-08-08T10:56:52.862" activeThreads="16">
  <mem-info id="5579" free="36066728" total="54001664" percent="66">
    <mem type="tenure" free="36066728" total="54001664" percent="66">
      <mem type="soa" free="35527080" total="53462016" percent="66" />
      <mem type="loa" free="539648" total="539648" percent="100" />
    </mem>
  </mem-info>
</gc-end>
<cycle-end id="5580" type="global" contextid="5570" timestamp="2019-08-08T10:56:52.862" />
  <attribute name="elasticGC enabled" value="1" />
  <attribute name= "numThreadsSpecified" value="16" />
  <attribute name="heapSize specified" value="53870592" />
  <attribute name="Current GC Util" value="37" />
  <attribute name= "Current Time Running" value="161254" />
  <attribute name ="GC Interval" value="0" />
  <attribute name="Target GC Util Change" value ="80.000000" />
  <attribute name="Current GC Util Change" value="37.000000"/>
  <attribute name="Current Error" value="43.000000" />
  <attribute name="Output H" value="53946328"/>
  <attribute name="Output I" value="2088"/>
  <attribute name="Output T" value="16"/>
  <attribute name= "Current Time Running" value="161254" />
  <attribute name="GC Util currently" value="37" />
  <attribute name="CPU Util currently" value="33263850029" />
<allocation-satisfied id="5581" threadId="0000000002035F00" bytesRequested="16" />
<af-end id="5582" timestamp="2019-08-08T10:56:52.862" threadId="0000000002036888" success="true" />
<exclusive-end id="5583" timestamp="2019-08-08T10:56:52.862" durationms="49.749" />

<exclusive-start id="5584" timestamp="2019-08-08T10:56:52.896" intervalms="83.795">
  <response-info timems="0.015" idlems="0.015" threads="0" lastid="0000000002035F00" lastname="main" />
</exclusive-start>
<af-start id="5585" threadId="0000000002036888" totalBytesRequested="80" timestamp="2019-08-08T10:56:52.896" intervalms="83.799" />
<cycle-start id="5586" type="global" contextid="0" timestamp="2019-08-08T10:56:52.896" intervalms="83.800" />
<gc-start id="5587" type="global" contextid="5586" timestamp="2019-08-08T10:56:52.896">
  <mem-info id="5588" free="539648" total="54001664" percent="0">
    <mem type="tenure" free="539648" total="54001664" percent="0">
      <mem type="soa" free="0" total="53462016" percent="0" />
      <mem type="loa" free="539648" total="539648" percent="100" />
    </mem>
  </mem-info>
</gc-start>
<allocation-stats totalBytes="35586800" >
  <allocated-bytes non-tlh="0" tlh="35586800" />
  <largest-consumer threadName="main" threadId="0000000002035F00" bytes="35586800" />
</allocation-stats>
<gc-op id="5589" type="mark" timems="30.194" contextid="5586" timestamp="2019-08-08T10:56:52.926">
  <trace-info objectcount="596274" scancount="517266" scanbytes="13274172" />
  <finalization candidates="80" enqueued="0" />
  <ownableSynchronizers candidates="21" cleared="0" />
  <references type="soft" candidates="1843" cleared="0" enqueued="0" dynamicThreshold="21" maxThreshold="32" />
  <references type="weak" candidates="5700" cleared="0" enqueued="0" />
  <references type="phantom" candidates="97" cleared="0" enqueued="0" />
  <stringconstants candidates="13275" cleared="0"  />
</gc-op>
<gc-op id="5590" type="sweep" timems="3.269" contextid="5586" timestamp="2019-08-08T10:56:52.930" />
<mem-info id="5591" free="36129392" total="54001664" percent="66">
  <mem type="tenure" free="36129392" total="54001664" percent="66" micro-fragmented="0" macro-fragmented="0">
    <mem type="soa" free="35589744" total="53462016" percent="66" />
    <mem type="loa" free="539648" total="539648" percent="100" />
  </mem>
</mem-info>
<gc-op id="5592" type="compact" timems="32.397" contextid="5586" timestamp="2019-08-08T10:56:52.962">
  <compact-info movecount="1601" movebytes="51912" reason="compact to aid heap contraction" />
</gc-op>
<heap-resize id="5593" type="expand" space="tenure" amount="131072" count="1" timems="0.020" reason="satisfy allocation request" timestamp="2019-08-08T10:56:52.963" />
<gc-end id="5594" type="global" contextid="5586" durationms="66.830" usertimems="130.020" systemtimems="0.000" timestamp="2019-08-08T10:56:52.963" activeThreads="16">
  <mem-info id="5595" free="36197000" total="54132736" percent="66">
    <mem type="tenure" free="36197000" total="54132736" percent="66">
      <mem type="soa" free="35656328" total="53592064" percent="66" />
      <mem type="loa" free="540672" total="540672" percent="100" />
    </mem>
  </mem-info>
</gc-end>
<cycle-end id="5596" type="global" contextid="5586" timestamp="2019-08-08T10:56:52.963" />
  <attribute name="elasticGC enabled" value="1" />
  <attribute name= "numThreadsSpecified" value="16" />
  <attribute name="heapSize specified" value="54001664" />
  <attribute name="Current GC Util" value="31" />
  <attribute name= "Current Time Running" value="161356" />
  <attribute name ="GC Interval" value="0" />
  <attribute name="Target GC Util Change" value ="80.000000" />
  <attribute name="Current GC Util Change" value="31.000000"/>
  <attribute name="Current Error" value="-181.000000" />
  <attribute name="Output H" value="54077136"/>
  <attribute name="Output I" value="1688"/>
  <attribute name="Output T" value="16"/>
  <attribute name= "Current Time Running" value="161356" />
  <attribute name="GC Util currently" value="31" />
  <attribute name="CPU Util currently" value="35557252007" />
<allocation-satisfied id="5597" threadId="0000000002035F00" bytesRequested="80" />
<af-end id="5598" timestamp="2019-08-08T10:56:52.963" threadId="0000000002036888" success="true" />
<exclusive-end id="5599" timestamp="2019-08-08T10:56:52.963" durationms="67.061" />

<exclusive-start id="5600" timestamp="2019-08-08T10:56:52.996" intervalms="99.801">
  <response-info timems="0.021" idlems="0.021" threads="0" lastid="0000000002035F00" lastname="main" />
</exclusive-start>
<af-start id="5601" threadId="0000000002036888" totalBytesRequested="80" timestamp="2019-08-08T10:56:52.996" intervalms="99.793" />
<cycle-start id="5602" type="global" contextid="0" timestamp="2019-08-08T10:56:52.996" intervalms="99.817" />
<gc-start id="5603" type="global" contextid="5602" timestamp="2019-08-08T10:56:52.996">
  <mem-info id="5604" free="540672" total="54132736" percent="0">
    <mem type="tenure" free="540672" total="54132736" percent="0">
      <mem type="soa" free="0" total="53592064" percent="0" />
      <mem type="loa" free="540672" total="540672" percent="100" />
    </mem>
  </mem-info>
</gc-start>
<allocation-stats totalBytes="35709960" >
  <allocated-bytes non-tlh="0" tlh="35709960" />
  <largest-consumer threadName="main" threadId="0000000002035F00" bytes="35709960" />
</allocation-stats>
<gc-op id="5605" type="mark" timems="10.964" contextid="5602" timestamp="2019-08-08T10:56:53.007">
  <trace-info objectcount="596250" scancount="517239" scanbytes="13273460" />
  <finalization candidates="80" enqueued="0" />
  <ownableSynchronizers candidates="21" cleared="0" />
  <references type="soft" candidates="1843" cleared="0" enqueued="0" dynamicThreshold="21" maxThreshold="32" />
  <references type="weak" candidates="5700" cleared="0" enqueued="0" />
  <references type="phantom" candidates="97" cleared="0" enqueued="0" />
  <stringconstants candidates="13275" cleared="0"  />
</gc-op>
<gc-op id="5606" type="sweep" timems="3.431" contextid="5602" timestamp="2019-08-08T10:56:53.010" />
<mem-info id="5607" free="36262592" total="54132736" percent="66">
  <mem type="tenure" free="36262592" total="54132736" percent="66" micro-fragmented="0" macro-fragmented="0">
    <mem type="soa" free="35721920" total="53592064" percent="66" />
    <mem type="loa" free="540672" total="540672" percent="100" />
  </mem>
</mem-info>
<gc-op id="5608" type="compact" timems="25.767" contextid="5602" timestamp="2019-08-08T10:56:53.036">
  <compact-info movecount="1573" movebytes="51112" reason="compact to aid heap contraction" />
</gc-op>
<heap-resize id="5609" type="expand" space="tenure" amount="131072" count="1" timems="0.021" reason="satisfy allocation request" timestamp="2019-08-08T10:56:53.037" />
<gc-end id="5610" type="global" contextid="5602" durationms="41.290" usertimems="99.518" systemtimems="0.000" timestamp="2019-08-08T10:56:53.037" activeThreads="16">
  <mem-info id="5611" free="36328792" total="54263808" percent="66">
    <mem type="tenure" free="36328792" total="54263808" percent="66">
      <mem type="soa" free="35787096" total="53722112" percent="66" />
      <mem type="loa" free="541696" total="541696" percent="100" />
    </mem>
  </mem-info>
</gc-end>
<cycle-end id="5612" type="global" contextid="5602" timestamp="2019-08-08T10:56:53.037" />
  <attribute name="elasticGC enabled" value="1" />
  <attribute name= "numThreadsSpecified" value="16" />
  <attribute name="heapSize specified" value="54132736" />
  <attribute name="Current GC Util" value="68" />
  <attribute name= "Current Time Running" value="161429" />
  <attribute name ="GC Interval" value="0" />
  <attribute name="Target GC Util Change" value ="80.000000" />
  <attribute name="Current GC Util Change" value="68.000000"/>
  <attribute name="Current Error" value="-448.000000" />
  <attribute name="Output H" value="54207904"/>
  <attribute name="Output I" value="1208"/>
  <attribute name="Output T" value="16"/>
  <attribute name= "Current Time Running" value="161429" />
  <attribute name="GC Util currently" value="68" />
  <attribute name="CPU Util currently" value="44688435464" />
<allocation-satisfied id="5613" threadId="0000000002035F00" bytesRequested="80" />
<af-end id="5614" timestamp="2019-08-08T10:56:53.037" threadId="0000000002036888" success="true" />
<exclusive-end id="5615" timestamp="2019-08-08T10:56:53.037" durationms="41.529" />

<exclusive-start id="5616" timestamp="2019-08-08T10:56:53.078" intervalms="82.101">
  <response-info timems="0.038" idlems="0.038" threads="0" lastid="0000000002035F00" lastname="main" />
</exclusive-start>
<af-start id="5617" threadId="0000000002036888" totalBytesRequested="32" timestamp="2019-08-08T10:56:53.079" intervalms="83.387" />
<cycle-start id="5618" type="global" contextid="0" timestamp="2019-08-08T10:56:53.079" intervalms="83.357" />
<gc-start id="5619" type="global" contextid="5618" timestamp="2019-08-08T10:56:53.079">
  <mem-info id="5620" free="541696" total="54263808" percent="0">
    <mem type="tenure" free="541696" total="54263808" percent="0">
      <mem type="soa" free="0" total="53722112" percent="0" />
      <mem type="loa" free="541696" total="541696" percent="100" />
    </mem>
  </mem-info>
</gc-start>
<allocation-stats totalBytes="35842672" >
  <allocated-bytes non-tlh="0" tlh="35842672" />
  <largest-consumer threadName="main" threadId="0000000002035F00" bytes="35842672" />
</allocation-stats>
<gc-op id="5621" type="mark" timems="9.915" contextid="5618" timestamp="2019-08-08T10:56:53.089">
  <trace-info objectcount="596254" scancount="517240" scanbytes="13273532" />
  <finalization candidates="80" enqueued="0" />
  <ownableSynchronizers candidates="21" cleared="0" />
  <references type="soft" candidates="1843" cleared="0" enqueued="0" dynamicThreshold="21" maxThreshold="32" />
  <references type="weak" candidates="5700" cleared="0" enqueued="0" />
  <references type="phantom" candidates="97" cleared="0" enqueued="0" />
  <stringconstants candidates="13275" cleared="0"  />
</gc-op>
<gc-op id="5622" type="sweep" timems="2.066" contextid="5618" timestamp="2019-08-08T10:56:53.091" />
<mem-info id="5623" free="36393056" total="54263808" percent="67">
  <mem type="tenure" free="36393056" total="54263808" percent="67" micro-fragmented="0" macro-fragmented="0">
    <mem type="soa" free="35851360" total="53722112" percent="66" />
    <mem type="loa" free="541696" total="541696" percent="100" />
  </mem>
</mem-info>
<gc-op id="5624" type="compact" timems="25.817" contextid="5618" timestamp="2019-08-08T10:56:53.117">
  <compact-info movecount="1575" movebytes="51128" reason="compact to aid heap contraction" />
</gc-op>
<heap-resize id="5625" type="expand" space="tenure" amount="131072" count="1" timems="0.018" reason="satisfy allocation request" timestamp="2019-08-08T10:56:53.118" />
<gc-end id="5626" type="global" contextid="5618" durationms="38.733" usertimems="95.863" systemtimems="0.000" timestamp="2019-08-08T10:56:53.118" activeThreads="16">
  <mem-info id="5627" free="36459800" total="54394880" percent="67">
    <mem type="tenure" free="36459800" total="54394880" percent="67">
      <mem type="soa" free="35916056" total="53851136" percent="66" />
      <mem type="loa" free="543744" total="543744" percent="100" />
    </mem>
  </mem-info>
</gc-end>
<cycle-end id="5628" type="global" contextid="5618" timestamp="2019-08-08T10:56:53.118" />
  <attribute name="elasticGC enabled" value="1" />
  <attribute name= "numThreadsSpecified" value="16" />
  <attribute name="heapSize specified" value="54263808" />
  <attribute name="Current GC Util" value="61" />
  <attribute name= "Current Time Running" value="161510" />
  <attribute name ="GC Interval" value="0" />
  <attribute name="Target GC Util Change" value ="80.000000" />
  <attribute name="Current GC Util Change" value="61.000000"/>
  <attribute name="Current Error" value="19.000000" />
  <attribute name="Output H" value="54339512"/>
  <attribute name="Output I" value="2048"/>
  <attribute name="Output T" value="16"/>
  <attribute name= "Current Time Running" value="161510" />
  <attribute name="GC Util currently" value="61" />
  <attribute name="CPU Util currently" value="44618962320" />
<allocation-satisfied id="5629" threadId="0000000002035F00" bytesRequested="32" />
<af-end id="5630" timestamp="2019-08-08T10:56:53.118" threadId="0000000002036888" success="true" />
<exclusive-end id="5631" timestamp="2019-08-08T10:56:53.118" durationms="40.219" />

<exclusive-start id="5632" timestamp="2019-08-08T10:56:53.184" intervalms="105.721">
  <response-info timems="0.013" idlems="0.013" threads="0" lastid="0000000002035F00" lastname="main" />
</exclusive-start>
<af-start id="5633" threadId="0000000002036888" totalBytesRequested="32" timestamp="2019-08-08T10:56:53.184" intervalms="104.428" />
<cycle-start id="5634" type="global" contextid="0" timestamp="2019-08-08T10:56:53.184" intervalms="104.425" />
<gc-start id="5635" type="global" contextid="5634" timestamp="2019-08-08T10:56:53.184">
  <mem-info id="5636" free="543744" total="54394880" percent="0">
    <mem type="tenure" free="543744" total="54394880" percent="0">
      <mem type="soa" free="0" total="53851136" percent="0" />
      <mem type="loa" free="543744" total="543744" percent="100" />
    </mem>
  </mem-info>
</gc-start>
<allocation-stats totalBytes="35978464" >
  <allocated-bytes non-tlh="0" tlh="35978464" />
  <largest-consumer threadName="main" threadId="0000000002035F00" bytes="35978464" />
</allocation-stats>
<gc-op id="5637" type="mark" timems="8.966" contextid="5634" timestamp="2019-08-08T10:56:53.193">
  <trace-info objectcount="596255" scancount="517242" scanbytes="13273560" />
  <finalization candidates="80" enqueued="0" />
  <ownableSynchronizers candidates="21" cleared="0" />
  <references type="soft" candidates="1843" cleared="0" enqueued="0" dynamicThreshold="21" maxThreshold="32" />
  <references type="weak" candidates="5700" cleared="0" enqueued="0" />
  <references type="phantom" candidates="97" cleared="0" enqueued="0" />
  <stringconstants candidates="13275" cleared="0"  />
</gc-op>
<gc-op id="5638" type="sweep" timems="4.354" contextid="5634" timestamp="2019-08-08T10:56:53.197" />
<mem-info id="5639" free="36524416" total="54394880" percent="67">
  <mem type="tenure" free="36524416" total="54394880" percent="67" micro-fragmented="0" macro-fragmented="0">
    <mem type="soa" free="35980672" total="53851136" percent="66" />
    <mem type="loa" free="543744" total="543744" percent="100" />
  </mem>
</mem-info>
<gc-op id="5640" type="compact" timems="24.800" contextid="5634" timestamp="2019-08-08T10:56:53.222">
  <compact-info movecount="1574" movebytes="51104" reason="compact to aid heap contraction" />
</gc-op>
<heap-resize id="5641" type="expand" space="tenure" amount="131072" count="1" timems="0.015" reason="satisfy allocation request" timestamp="2019-08-08T10:56:53.222" />
<gc-end id="5642" type="global" contextid="5634" durationms="38.835" usertimems="105.908" systemtimems="0.000" timestamp="2019-08-08T10:56:53.222" activeThreads="16">
  <mem-info id="5643" free="36590848" total="54525952" percent="67">
    <mem type="tenure" free="36590848" total="54525952" percent="67">
      <mem type="soa" free="36046080" total="53981184" percent="66" />
      <mem type="loa" free="544768" total="544768" percent="100" />
    </mem>
  </mem-info>
</gc-end>
<cycle-end id="5644" type="global" contextid="5634" timestamp="2019-08-08T10:56:53.223" />
  <attribute name="elasticGC enabled" value="1" />
  <attribute name= "numThreadsSpecified" value="16" />
  <attribute name="heapSize specified" value="54394880" />
  <attribute name="Current GC Util" value="76" />
  <attribute name= "Current Time Running" value="161615" />
  <attribute name ="GC Interval" value="0" />
  <attribute name="Target GC Util Change" value ="80.000000" />
  <attribute name="Current GC Util Change" value="76.000000"/>
  <attribute name="Current Error" value="-479.000000" />
  <attribute name="Output H" value="54470008"/>
  <attribute name="Output I" value="1160"/>
  <attribute name="Output T" value="16"/>
  <attribute name= "Current Time Running" value="161615" />
  <attribute name="GC Util currently" value="76" />
  <attribute name="CPU Util currently" value="46437305764" />
<allocation-satisfied id="5645" threadId="0000000002035F00" bytesRequested="32" />
<af-end id="5646" timestamp="2019-08-08T10:56:53.224" threadId="0000000002036888" success="true" />
<exclusive-end id="5647" timestamp="2019-08-08T10:56:53.224" durationms="40.629" />

<exclusive-start id="5648" timestamp="2019-08-08T10:56:53.277" intervalms="93.945">
  <response-info timems="0.035" idlems="0.035" threads="0" lastid="0000000002035F00" lastname="main" />
</exclusive-start>
<af-start id="5649" threadId="0000000002036888" totalBytesRequested="24" timestamp="2019-08-08T10:56:53.278" intervalms="93.955" />
<cycle-start id="5650" type="global" contextid="0" timestamp="2019-08-08T10:56:53.278" intervalms="93.958" />
<gc-start id="5651" type="global" contextid="5650" timestamp="2019-08-08T10:56:53.278">
  <mem-info id="5652" free="544768" total="54525952" percent="0">
    <mem type="tenure" free="544768" total="54525952" percent="0">
      <mem type="soa" free="0" total="53981184" percent="0" />
      <mem type="loa" free="544768" total="544768" percent="100" />
    </mem>
  </mem-info>
</gc-start>
<allocation-stats totalBytes="36106200" >
  <allocated-bytes non-tlh="0" tlh="36106200" />
  <largest-consumer threadName="main" threadId="0000000002035F00" bytes="36106200" />
</allocation-stats>
<gc-op id="5653" type="mark" timems="9.534" contextid="5650" timestamp="2019-08-08T10:56:53.287">
  <trace-info objectcount="596259" scancount="517250" scanbytes="13273664" />
  <finalization candidates="80" enqueued="0" />
  <ownableSynchronizers candidates="21" cleared="0" />
  <references type="soft" candidates="1843" cleared="0" enqueued="0" dynamicThreshold="21" maxThreshold="32" />
  <references type="weak" candidates="5700" cleared="0" enqueued="0" />
  <references type="phantom" candidates="97" cleared="0" enqueued="0" />
  <stringconstants candidates="13275" cleared="0"  />
</gc-op>
<gc-op id="5654" type="sweep" timems="2.886" contextid="5650" timestamp="2019-08-08T10:56:53.290" />
<mem-info id="5655" free="36655144" total="54525952" percent="67">
  <mem type="tenure" free="36655144" total="54525952" percent="67" micro-fragmented="0" macro-fragmented="0">
    <mem type="soa" free="36110376" total="53981184" percent="66" />
    <mem type="loa" free="544768" total="544768" percent="100" />
  </mem>
</mem-info>
<gc-op id="5656" type="compact" timems="36.141" contextid="5650" timestamp="2019-08-08T10:56:53.326">
  <compact-info movecount="1576" movebytes="51160" reason="compact to aid heap contraction" />
</gc-op>
<heap-resize id="5657" type="expand" space="tenure" amount="131072" count="1" timems="0.017" reason="satisfy allocation request" timestamp="2019-08-08T10:56:53.327" />
<gc-end id="5658" type="global" contextid="5650" durationms="49.345" usertimems="110.030" systemtimems="0.000" timestamp="2019-08-08T10:56:53.327" activeThreads="16">
  <mem-info id="5659" free="36721816" total="54657024" percent="67">
    <mem type="tenure" free="36721816" total="54657024" percent="67">
      <mem type="soa" free="36176024" total="54111232" percent="66" />
      <mem type="loa" free="545792" total="545792" percent="100" />
    </mem>
  </mem-info>
</gc-end>
<cycle-end id="5660" type="global" contextid="5650" timestamp="2019-08-08T10:56:53.327" />
  <attribute name="elasticGC enabled" value="1" />
  <attribute name= "numThreadsSpecified" value="16" />
  <attribute name="heapSize specified" value="54525952" />
  <attribute name="Current GC Util" value="29" />
  <attribute name= "Current Time Running" value="161720" />
  <attribute name ="GC Interval" value="0" />
  <attribute name="Target GC Util Change" value ="80.000000" />
  <attribute name="Current GC Util Change" value="29.000000"/>
  <attribute name="Current Error" value="-420.000000" />
  <attribute name="Output H" value="54601152"/>
  <attribute name="Output I" value="1264"/>
  <attribute name="Output T" value="16"/>
  <attribute name= "Current Time Running" value="161720" />
  <attribute name="GC Util currently" value="29" />
  <attribute name="CPU Util currently" value="31889372993" />
<allocation-satisfied id="5661" threadId="0000000002035F00" bytesRequested="24" />
<af-end id="5662" timestamp="2019-08-08T10:56:53.327" threadId="0000000002036888" success="true" />
<exclusive-end id="5663" timestamp="2019-08-08T10:56:53.327" durationms="49.549" />

<exclusive-start id="5664" timestamp="2019-08-08T10:56:53.363" intervalms="85.698">
  <response-info timems="0.015" idlems="0.015" threads="0" lastid="0000000002035F00" lastname="main" />
</exclusive-start>
<af-start id="5665" threadId="0000000002036888" totalBytesRequested="32" timestamp="2019-08-08T10:56:53.363" intervalms="85.695" />
<cycle-start id="5666" type="global" contextid="0" timestamp="2019-08-08T10:56:53.363" intervalms="85.693" />
<gc-start id="5667" type="global" contextid="5666" timestamp="2019-08-08T10:56:53.363">
  <mem-info id="5668" free="545792" total="54657024" percent="0">
    <mem type="tenure" free="545792" total="54657024" percent="0">
      <mem type="soa" free="0" total="54111232" percent="0" />
      <mem type="loa" free="545792" total="545792" percent="100" />
    </mem>
  </mem-info>
</gc-start>
<allocation-stats totalBytes="36238848" >
  <allocated-bytes non-tlh="0" tlh="36238848" />
  <largest-consumer threadName="main" threadId="0000000002035F00" bytes="36238848" />
</allocation-stats>
<gc-op id="5669" type="mark" timems="8.021" contextid="5666" timestamp="2019-08-08T10:56:53.371">
  <trace-info objectcount="596253" scancount="517243" scanbytes="13273496" />
  <finalization candidates="80" enqueued="0" />
  <ownableSynchronizers candidates="21" cleared="0" />
  <references type="soft" candidates="1843" cleared="0" enqueued="0" dynamicThreshold="21" maxThreshold="32" />
  <references type="weak" candidates="5700" cleared="0" enqueued="0" />
  <references type="phantom" candidates="97" cleared="0" enqueued="0" />
  <stringconstants candidates="13275" cleared="0"  />
</gc-op>
<gc-op id="5670" type="sweep" timems="1.699" contextid="5666" timestamp="2019-08-08T10:56:53.373" />
<mem-info id="5671" free="36786416" total="54657024" percent="67">
  <mem type="tenure" free="36786416" total="54657024" percent="67" micro-fragmented="0" macro-fragmented="0">
    <mem type="soa" free="36240624" total="54111232" percent="66" />
    <mem type="loa" free="545792" total="545792" percent="100" />
  </mem>
</mem-info>
<gc-op id="5672" type="compact" timems="27.918" contextid="5666" timestamp="2019-08-08T10:56:53.401">
  <compact-info movecount="1568" movebytes="50936" reason="compact to aid heap contraction" />
</gc-op>
<heap-resize id="5673" type="expand" space="tenure" amount="131072" count="1" timems="0.019" reason="satisfy allocation request" timestamp="2019-08-08T10:56:53.402" />
<gc-end id="5674" type="global" contextid="5666" durationms="38.522" usertimems="85.074" systemtimems="0.000" timestamp="2019-08-08T10:56:53.402" activeThreads="16">
  <mem-info id="5675" free="36853064" total="54788096" percent="67">
    <mem type="tenure" free="36853064" total="54788096" percent="67">
      <mem type="soa" free="36305224" total="54240256" percent="66" />
      <mem type="loa" free="547840" total="547840" percent="100" />
    </mem>
  </mem-info>
</gc-end>
<cycle-end id="5676" type="global" contextid="5666" timestamp="2019-08-08T10:56:53.402" />
  <attribute name="elasticGC enabled" value="1" />
  <attribute name= "numThreadsSpecified" value="16" />
  <attribute name="heapSize specified" value="54657024" />
  <attribute name="Current GC Util" value="33" />
  <attribute name= "Current Time Running" value="161794" />
  <attribute name ="GC Interval" value="0" />
  <attribute name="Target GC Util Change" value ="80.000000" />
  <attribute name="Current GC Util Change" value="33.000000"/>
  <attribute name="Current Error" value="47.000000" />
  <attribute name="Output H" value="54732760"/>
  <attribute name="Output I" value="2096"/>
  <attribute name="Output T" value="16"/>
  <attribute name= "Current Time Running" value="161794" />
  <attribute name="GC Util currently" value="33" />
  <attribute name="CPU Util currently" value="41230772119" />
<allocation-satisfied id="5677" threadId="0000000002035F00" bytesRequested="32" />
<af-end id="5678" timestamp="2019-08-08T10:56:53.402" threadId="0000000002036888" success="true" />
<exclusive-end id="5679" timestamp="2019-08-08T10:56:53.402" durationms="38.755" />

<exclusive-start id="5680" timestamp="2019-08-08T10:56:53.451" intervalms="87.549">
  <response-info timems="0.088" idlems="0.088" threads="0" lastid="0000000002035F00" lastname="main" />
</exclusive-start>
<af-start id="5681" threadId="0000000002036888" totalBytesRequested="24" timestamp="2019-08-08T10:56:53.451" intervalms="87.743" />
<cycle-start id="5682" type="global" contextid="0" timestamp="2019-08-08T10:56:53.451" intervalms="87.747" />
<gc-start id="5683" type="global" contextid="5682" timestamp="2019-08-08T10:56:53.451">
  <mem-info id="5684" free="547840" total="54788096" percent="0">
    <mem type="tenure" free="547840" total="54788096" percent="0">
      <mem type="soa" free="0" total="54240256" percent="0" />
      <mem type="loa" free="547840" total="547840" percent="100" />
    </mem>
  </mem-info>
</gc-start>
<allocation-stats totalBytes="36368832" >
  <allocated-bytes non-tlh="0" tlh="36368832" />
  <largest-consumer threadName="main" threadId="0000000002035F00" bytes="36368832" />
</allocation-stats>
<gc-op id="5685" type="mark" timems="16.178" contextid="5682" timestamp="2019-08-08T10:56:53.467">
  <trace-info objectcount="596253" scancount="517241" scanbytes="13273480" />
  <finalization candidates="80" enqueued="0" />
  <ownableSynchronizers candidates="21" cleared="0" />
  <references type="soft" candidates="1843" cleared="0" enqueued="0" dynamicThreshold="21" maxThreshold="32" />
  <references type="weak" candidates="5700" cleared="0" enqueued="0" />
  <references type="phantom" candidates="97" cleared="0" enqueued="0" />
  <stringconstants candidates="13275" cleared="0"  />
</gc-op>
<gc-op id="5686" type="sweep" timems="2.483" contextid="5682" timestamp="2019-08-08T10:56:53.470" />
<mem-info id="5687" free="36917848" total="54788096" percent="67">
  <mem type="tenure" free="36917848" total="54788096" percent="67" micro-fragmented="0" macro-fragmented="0">
    <mem type="soa" free="36370008" total="54240256" percent="67" />
    <mem type="loa" free="547840" total="547840" percent="100" />
  </mem>
</mem-info>
<gc-op id="5688" type="compact" timems="24.360" contextid="5682" timestamp="2019-08-08T10:56:53.494">
  <compact-info movecount="1566" movebytes="50864" reason="compact to aid heap contraction" />
</gc-op>
<heap-resize id="5689" type="expand" space="tenure" amount="131072" count="1" timems="0.018" reason="satisfy allocation request" timestamp="2019-08-08T10:56:53.496" />
<gc-end id="5690" type="global" contextid="5682" durationms="45.327" usertimems="113.160" systemtimems="0.000" timestamp="2019-08-08T10:56:53.496" activeThreads="16">
  <mem-info id="5691" free="36984160" total="54919168" percent="67">
    <mem type="tenure" free="36984160" total="54919168" percent="67">
      <mem type="soa" free="36435296" total="54370304" percent="67" />
      <mem type="loa" free="548864" total="548864" percent="100" />
    </mem>
  </mem-info>
</gc-end>
<cycle-end id="5692" type="global" contextid="5682" timestamp="2019-08-08T10:56:53.496" />
  <attribute name="elasticGC enabled" value="1" />
  <attribute name= "numThreadsSpecified" value="16" />
  <attribute name="heapSize specified" value="54788096" />
  <attribute name="Current GC Util" value="110" />
  <attribute name= "Current Time Running" value="161887" />
  <attribute name ="GC Interval" value="0" />
  <attribute name="Target GC Util Change" value ="80.000000" />
  <attribute name="Current GC Util Change" value="110.000000"/>
  <attribute name="Current Error" value="-399.000000" />
  <attribute name="Output H" value="54863320"/>
  <attribute name="Output I" value="1296"/>
  <attribute name="Output T" value="16"/>
  <attribute name= "Current Time Running" value="161887" />
  <attribute name="GC Util currently" value="110" />
  <attribute name="CPU Util currently" value="47352516946" />
<allocation-satisfied id="5693" threadId="0000000002035F00" bytesRequested="24" />
<af-end id="5694" timestamp="2019-08-08T10:56:53.496" threadId="0000000002036888" success="true" />
<exclusive-end id="5695" timestamp="2019-08-08T10:56:53.496" durationms="45.711" />

<exclusive-start id="5696" timestamp="2019-08-08T10:56:53.602" intervalms="151.408">
  <response-info timems="0.016" idlems="0.016" threads="0" lastid="0000000002035F00" lastname="main" />
</exclusive-start>
<af-start id="5697" threadId="0000000002036888" totalBytesRequested="16" timestamp="2019-08-08T10:56:53.602" intervalms="151.222" />
<cycle-start id="5698" type="global" contextid="0" timestamp="2019-08-08T10:56:53.602" intervalms="151.220" />
<gc-start id="5699" type="global" contextid="5698" timestamp="2019-08-08T10:56:53.602">
  <mem-info id="5700" free="548864" total="54919168" percent="0">
    <mem type="tenure" free="548864" total="54919168" percent="0">
      <mem type="soa" free="0" total="54370304" percent="0" />
      <mem type="loa" free="548864" total="548864" percent="100" />
    </mem>
  </mem-info>
</gc-start>
<allocation-stats totalBytes="36498656" >
  <allocated-bytes non-tlh="0" tlh="36498656" />
  <largest-consumer threadName="main" threadId="0000000002035F00" bytes="36498656" />
</allocation-stats>
<gc-op id="5701" type="mark" timems="8.394" contextid="5698" timestamp="2019-08-08T10:56:53.611">
  <trace-info objectcount="596260" scancount="517250" scanbytes="13273656" />
  <finalization candidates="80" enqueued="0" />
  <ownableSynchronizers candidates="21" cleared="0" />
  <references type="soft" candidates="1843" cleared="0" enqueued="0" dynamicThreshold="21" maxThreshold="32" />
  <references type="weak" candidates="5700" cleared="0" enqueued="0" />
  <references type="phantom" candidates="97" cleared="0" enqueued="0" />
  <stringconstants candidates="13275" cleared="0"  />
</gc-op>
<gc-op id="5702" type="sweep" timems="1.609" contextid="5698" timestamp="2019-08-08T10:56:53.612" />
<mem-info id="5703" free="37048416" total="54919168" percent="67">
  <mem type="tenure" free="37048416" total="54919168" percent="67" micro-fragmented="0" macro-fragmented="0">
    <mem type="soa" free="36499552" total="54370304" percent="67" />
    <mem type="loa" free="548864" total="548864" percent="100" />
  </mem>
</mem-info>
<gc-op id="5704" type="compact" timems="25.387" contextid="5698" timestamp="2019-08-08T10:56:53.638">
  <compact-info movecount="1567" movebytes="50880" reason="compact to aid heap contraction" />
</gc-op>
<heap-resize id="5705" type="expand" space="tenure" amount="131072" count="1" timems="0.019" reason="satisfy allocation request" timestamp="2019-08-08T10:56:53.638" />
<gc-end id="5706" type="global" contextid="5698" durationms="36.152" usertimems="84.860" systemtimems="0.000" timestamp="2019-08-08T10:56:53.638" activeThreads="16">
  <mem-info id="5707" free="37115056" total="55050240" percent="67">
    <mem type="tenure" free="37115056" total="55050240" percent="67">
      <mem type="soa" free="36565168" total="54500352" percent="67" />
      <mem type="loa" free="549888" total="549888" percent="100" />
    </mem>
  </mem-info>
</gc-end>
<cycle-end id="5708" type="global" contextid="5698" timestamp="2019-08-08T10:56:53.638" />
  <attribute name="elasticGC enabled" value="1" />
  <attribute name= "numThreadsSpecified" value="16" />
  <attribute name="heapSize specified" value="54919168" />
  <attribute name="Current GC Util" value="41" />
  <attribute name= "Current Time Running" value="162031" />
  <attribute name ="GC Interval" value="0" />
  <attribute name="Target GC Util Change" value ="80.000000" />
  <attribute name="Current GC Util Change" value="41.000000"/>
  <attribute name="Current Error" value="-430.000000" />
  <attribute name="Output H" value="54994352"/>
  <attribute name="Output I" value="1240"/>
  <attribute name="Output T" value="16"/>
  <attribute name= "Current Time Running" value="162031" />
  <attribute name="GC Util currently" value="41" />
  <attribute name="CPU Util currently" value="45286819782" />
<allocation-satisfied id="5709" threadId="0000000002035F00" bytesRequested="16" />
<af-end id="5710" timestamp="2019-08-08T10:56:53.638" threadId="0000000002036888" success="true" />
<exclusive-end id="5711" timestamp="2019-08-08T10:56:53.638" durationms="36.346" />

<exclusive-start id="5712" timestamp="2019-08-08T10:56:53.659" intervalms="57.090">
  <response-info timems="0.018" idlems="0.018" threads="0" lastid="0000000002035F00" lastname="main" />
</exclusive-start>
<af-start id="5713" threadId="0000000002036888" totalBytesRequested="24" timestamp="2019-08-08T10:56:53.659" intervalms="57.079" />
<cycle-start id="5714" type="global" contextid="0" timestamp="2019-08-08T10:56:53.659" intervalms="57.076" />
<gc-start id="5715" type="global" contextid="5714" timestamp="2019-08-08T10:56:53.659">
  <mem-info id="5716" free="549888" total="55050240" percent="0">
    <mem type="tenure" free="549888" total="55050240" percent="0">
      <mem type="soa" free="0" total="54500352" percent="0" />
      <mem type="loa" free="549888" total="549888" percent="100" />
    </mem>
  </mem-info>
</gc-start>
<allocation-stats totalBytes="36627928" >
  <allocated-bytes non-tlh="0" tlh="36627928" />
  <largest-consumer threadName="main" threadId="0000000002035F00" bytes="36627928" />
</allocation-stats>
<gc-op id="5717" type="mark" timems="11.783" contextid="5714" timestamp="2019-08-08T10:56:53.671">
  <trace-info objectcount="596265" scancount="517255" scanbytes="13273792" />
  <finalization candidates="80" enqueued="0" />
  <ownableSynchronizers candidates="21" cleared="0" />
  <references type="soft" candidates="1843" cleared="0" enqueued="0" dynamicThreshold="21" maxThreshold="32" />
  <references type="weak" candidates="5700" cleared="0" enqueued="0" />
  <references type="phantom" candidates="97" cleared="0" enqueued="0" />
  <stringconstants candidates="13275" cleared="0"  />
</gc-op>
<gc-op id="5718" type="sweep" timems="2.461" contextid="5714" timestamp="2019-08-08T10:56:53.674" />
<mem-info id="5719" free="37179488" total="55050240" percent="67">
  <mem type="tenure" free="37179488" total="55050240" percent="67" micro-fragmented="0" macro-fragmented="0">
    <mem type="soa" free="36629600" total="54500352" percent="67" />
    <mem type="loa" free="549888" total="549888" percent="100" />
  </mem>
</mem-info>
<gc-op id="5720" type="compact" timems="39.128" contextid="5714" timestamp="2019-08-08T10:56:53.713">
  <compact-info movecount="1562" movebytes="50744" reason="compact to aid heap contraction" />
</gc-op>
<heap-resize id="5721" type="expand" space="tenure" amount="131072" count="1" timems="0.021" reason="satisfy allocation request" timestamp="2019-08-08T10:56:53.715" />
<gc-end id="5722" type="global" contextid="5714" durationms="56.082" usertimems="111.396" systemtimems="0.000" timestamp="2019-08-08T10:56:53.715" activeThreads="16">
  <mem-info id="5723" free="37246008" total="55181312" percent="67">
    <mem type="tenure" free="37246008" total="55181312" percent="67">
      <mem type="soa" free="36695096" total="54630400" percent="67" />
      <mem type="loa" free="550912" total="550912" percent="100" />
    </mem>
  </mem-info>
</gc-end>
<cycle-end id="5724" type="global" contextid="5714" timestamp="2019-08-08T10:56:53.715" />
  <attribute name="elasticGC enabled" value="1" />
  <attribute name= "numThreadsSpecified" value="16" />
  <attribute name="heapSize specified" value="55050240" />
  <attribute name="Current GC Util" value="41" />
  <attribute name= "Current Time Running" value="162106" />
  <attribute name ="GC Interval" value="0" />
  <attribute name="Target GC Util Change" value ="80.000000" />
  <attribute name="Current GC Util Change" value="41.000000"/>
  <attribute name="Current Error" value="39.000000" />
  <attribute name="Output H" value="55125968"/>
  <attribute name="Output I" value="2080"/>
  <attribute name="Output T" value="16"/>
  <attribute name= "Current Time Running" value="162106" />
  <attribute name="GC Util currently" value="41" />
  <attribute name="CPU Util currently" value="29414030398" />
<allocation-satisfied id="5725" threadId="0000000002035F00" bytesRequested="24" />
<af-end id="5726" timestamp="2019-08-08T10:56:53.716" threadId="0000000002036888" success="true" />
<exclusive-end id="5727" timestamp="2019-08-08T10:56:53.716" durationms="56.375" />

<exclusive-start id="5728" timestamp="2019-08-08T10:56:53.752" intervalms="92.671">
  <response-info timems="0.018" idlems="0.018" threads="0" lastid="0000000002035F00" lastname="main" />
</exclusive-start>
<af-start id="5729" threadId="0000000002036888" totalBytesRequested="24" timestamp="2019-08-08T10:56:53.752" intervalms="92.674" />
<cycle-start id="5730" type="global" contextid="0" timestamp="2019-08-08T10:56:53.752" intervalms="92.675" />
<gc-start id="5731" type="global" contextid="5730" timestamp="2019-08-08T10:56:53.752">
  <mem-info id="5732" free="550912" total="55181312" percent="0">
    <mem type="tenure" free="550912" total="55181312" percent="0">
      <mem type="soa" free="0" total="54630400" percent="0" />
      <mem type="loa" free="550912" total="550912" percent="100" />
    </mem>
  </mem-info>
</gc-start>
<allocation-stats totalBytes="36758256" >
  <allocated-bytes non-tlh="0" tlh="36758256" />
  <largest-consumer threadName="main" threadId="0000000002035F00" bytes="36758256" />
</allocation-stats>
<gc-op id="5733" type="mark" timems="10.106" contextid="5730" timestamp="2019-08-08T10:56:53.762">
  <trace-info objectcount="596266" scancount="517253" scanbytes="13273820" />
  <finalization candidates="80" enqueued="0" />
  <ownableSynchronizers candidates="21" cleared="0" />
  <references type="soft" candidates="1843" cleared="0" enqueued="0" dynamicThreshold="21" maxThreshold="32" />
  <references type="weak" candidates="5700" cleared="0" enqueued="0" />
  <references type="phantom" candidates="97" cleared="0" enqueued="0" />
  <stringconstants candidates="13275" cleared="0"  />
</gc-op>
<gc-op id="5734" type="sweep" timems="4.357" contextid="5730" timestamp="2019-08-08T10:56:53.767" />
<mem-info id="5735" free="37311112" total="55181312" percent="67">
  <mem type="tenure" free="37311112" total="55181312" percent="67" micro-fragmented="0" macro-fragmented="0">
    <mem type="soa" free="36760200" total="54630400" percent="67" />
    <mem type="loa" free="550912" total="550912" percent="100" />
  </mem>
</mem-info>
<gc-op id="5736" type="compact" timems="30.107" contextid="5730" timestamp="2019-08-08T10:56:53.797">
  <compact-info movecount="10" movebytes="256" reason="compact to aid heap contraction" />
</gc-op>
<heap-resize id="5737" type="expand" space="tenure" amount="131072" count="1" timems="0.017" reason="satisfy allocation request" timestamp="2019-08-08T10:56:53.797" />
<gc-end id="5738" type="global" contextid="5730" durationms="45.410" usertimems="104.060" systemtimems="0.000" timestamp="2019-08-08T10:56:53.797" activeThreads="16">
  <mem-info id="5739" free="37377048" total="55312384" percent="67">
    <mem type="tenure" free="37377048" total="55312384" percent="67">
      <mem type="soa" free="36824088" total="54759424" percent="67" />
      <mem type="loa" free="552960" total="552960" percent="100" />
    </mem>
  </mem-info>
</gc-end>
<cycle-end id="5740" type="global" contextid="5730" timestamp="2019-08-08T10:56:53.797" />
  <attribute name="elasticGC enabled" value="1" />
  <attribute name= "numThreadsSpecified" value="16" />
  <attribute name="heapSize specified" value="55181312" />
  <attribute name="Current GC Util" value="53" />
  <attribute name= "Current Time Running" value="162190" />
  <attribute name ="GC Interval" value="0" />
  <attribute name="Target GC Util Change" value ="80.000000" />
  <attribute name="Current GC Util Change" value="53.000000"/>
  <attribute name="Current Error" value="-403.000000" />
  <attribute name="Output H" value="55256528"/>
  <attribute name="Output I" value="1296"/>
  <attribute name="Output T" value="16"/>
  <attribute name= "Current Time Running" value="162190" />
  <attribute name="GC Util currently" value="53" />
  <attribute name="CPU Util currently" value="38287339721" />
<allocation-satisfied id="5741" threadId="0000000002035F00" bytesRequested="24" />
<af-end id="5742" timestamp="2019-08-08T10:56:53.797" threadId="0000000002036888" success="true" />
<exclusive-end id="5743" timestamp="2019-08-08T10:56:53.797" durationms="45.604" />

<exclusive-start id="5744" timestamp="2019-08-08T10:56:53.827" intervalms="75.546">
  <response-info timems="0.018" idlems="0.018" threads="0" lastid="0000000002035F00" lastname="main" />
</exclusive-start>
<af-start id="5745" threadId="0000000002036888" totalBytesRequested="16" timestamp="2019-08-08T10:56:53.827" intervalms="75.559" />
<cycle-start id="5746" type="global" contextid="0" timestamp="2019-08-08T10:56:53.828" intervalms="75.563" />
<gc-start id="5747" type="global" contextid="5746" timestamp="2019-08-08T10:56:53.828">
  <mem-info id="5748" free="552960" total="55312384" percent="0">
    <mem type="tenure" free="552960" total="55312384" percent="0">
      <mem type="soa" free="0" total="54759424" percent="0" />
      <mem type="loa" free="552960" total="552960" percent="100" />
    </mem>
  </mem-info>
</gc-start>
<allocation-stats totalBytes="36887080" >
  <allocated-bytes non-tlh="0" tlh="36887080" />
  <largest-consumer threadName="main" threadId="0000000002035F00" bytes="36887080" />
</allocation-stats>
<gc-op id="5749" type="mark" timems="10.520" contextid="5746" timestamp="2019-08-08T10:56:53.838">
  <trace-info objectcount="596268" scancount="517258" scanbytes="13273928" />
  <finalization candidates="80" enqueued="0" />
  <ownableSynchronizers candidates="21" cleared="0" />
  <references type="soft" candidates="1843" cleared="0" enqueued="0" dynamicThreshold="21" maxThreshold="32" />
  <references type="weak" candidates="5700" cleared="0" enqueued="0" />
  <references type="phantom" candidates="97" cleared="0" enqueued="0" />
  <stringconstants candidates="13275" cleared="0"  />
</gc-op>
<gc-op id="5750" type="sweep" timems="1.819" contextid="5746" timestamp="2019-08-08T10:56:53.840" />
<mem-info id="5751" free="37441112" total="55312384" percent="67">
  <mem type="tenure" free="37441112" total="55312384" percent="67" micro-fragmented="0" macro-fragmented="0">
    <mem type="soa" free="36888152" total="54759424" percent="67" />
    <mem type="loa" free="552960" total="552960" percent="100" />
  </mem>
</mem-info>
<gc-op id="5752" type="compact" timems="29.627" contextid="5746" timestamp="2019-08-08T10:56:53.870">
  <compact-info movecount="1563" movebytes="50824" reason="compact to aid heap contraction" />
</gc-op>
<heap-resize id="5753" type="expand" space="tenure" amount="131072" count="1" timems="0.028" reason="satisfy allocation request" timestamp="2019-08-08T10:56:53.873" />
<gc-end id="5754" type="global" contextid="5746" durationms="45.460" usertimems="111.531" systemtimems="0.000" timestamp="2019-08-08T10:56:53.873" activeThreads="16">
  <mem-info id="5755" free="37508024" total="55443456" percent="67">
    <mem type="tenure" free="37508024" total="55443456" percent="67">
      <mem type="soa" free="36954040" total="54889472" percent="67" />
      <mem type="loa" free="553984" total="553984" percent="100" />
    </mem>
  </mem-info>
</gc-end>
<cycle-end id="5756" type="global" contextid="5746" timestamp="2019-08-08T10:56:53.873" />
  <attribute name="elasticGC enabled" value="1" />
  <attribute name= "numThreadsSpecified" value="16" />
  <attribute name="heapSize specified" value="55312384" />
  <attribute name="Current GC Util" value="60" />
  <attribute name= "Current Time Running" value="162263" />
  <attribute name ="GC Interval" value="0" />
  <attribute name="Target GC Util Change" value ="80.000000" />
  <attribute name="Current GC Util Change" value="60.000000"/>
  <attribute name="Current Error" value="-519.000000" />
  <attribute name="Output H" value="55387472"/>
  <attribute name="Output I" value="1088"/>
  <attribute name="Output T" value="16"/>
  <attribute name= "Current Time Running" value="162263" />
  <attribute name="GC Util currently" value="60" />
  <attribute name="CPU Util currently" value="38371012858" />
<allocation-satisfied id="5757" threadId="0000000002035F00" bytesRequested="16" />
<af-end id="5758" timestamp="2019-08-08T10:56:53.873" threadId="0000000002036888" success="true" />
<exclusive-end id="5759" timestamp="2019-08-08T10:56:53.873" durationms="45.789" />

<exclusive-start id="5760" timestamp="2019-08-08T10:56:53.949" intervalms="122.056">
  <response-info timems="0.037" idlems="0.037" threads="0" lastid="0000000002035F00" lastname="main" />
</exclusive-start>
<af-start id="5761" threadId="0000000002036888" totalBytesRequested="112" timestamp="2019-08-08T10:56:53.950" intervalms="122.051" />
<cycle-start id="5762" type="global" contextid="0" timestamp="2019-08-08T10:56:53.950" intervalms="122.047" />
<gc-start id="5763" type="global" contextid="5762" timestamp="2019-08-08T10:56:53.950">
  <mem-info id="5764" free="553984" total="55443456" percent="0">
    <mem type="tenure" free="553984" total="55443456" percent="0">
      <mem type="soa" free="0" total="54889472" percent="0" />
      <mem type="loa" free="553984" total="553984" percent="100" />
    </mem>
  </mem-info>
</gc-start>
<allocation-stats totalBytes="37013592" >
  <allocated-bytes non-tlh="0" tlh="37013592" />
  <largest-consumer threadName="main" threadId="0000000002035F00" bytes="37013592" />
</allocation-stats>
<gc-op id="5765" type="mark" timems="13.058" contextid="5762" timestamp="2019-08-08T10:56:53.963">
  <trace-info objectcount="596277" scancount="517266" scanbytes="13273976" />
  <finalization candidates="80" enqueued="0" />
  <ownableSynchronizers candidates="21" cleared="0" />
  <references type="soft" candidates="1843" cleared="0" enqueued="0" dynamicThreshold="21" maxThreshold="32" />
  <references type="weak" candidates="5700" cleared="0" enqueued="0" />
  <references type="phantom" candidates="97" cleared="0" enqueued="0" />
  <stringconstants candidates="13275" cleared="0"  />
</gc-op>
<gc-op id="5766" type="sweep" timems="2.543" contextid="5762" timestamp="2019-08-08T10:56:53.965" />
<mem-info id="5767" free="37571640" total="55443456" percent="67">
  <mem type="tenure" free="37571640" total="55443456" percent="67" micro-fragmented="0" macro-fragmented="0">
    <mem type="soa" free="37017656" total="54889472" percent="67" />
    <mem type="loa" free="553984" total="553984" percent="100" />
  </mem>
</mem-info>
<gc-op id="5768" type="compact" timems="28.990" contextid="5762" timestamp="2019-08-08T10:56:53.994">
  <compact-info movecount="1570" movebytes="51696" reason="compact to aid heap contraction" />
</gc-op>
<heap-resize id="5769" type="expand" space="tenure" amount="131072" count="1" timems="0.022" reason="satisfy allocation request" timestamp="2019-08-08T10:56:53.996" />
<gc-end id="5770" type="global" contextid="5762" durationms="46.140" usertimems="110.450" systemtimems="0.000" timestamp="2019-08-08T10:56:53.996" activeThreads="16">
  <mem-info id="5771" free="37638176" total="55574528" percent="67">
    <mem type="tenure" free="37638176" total="55574528" percent="67">
      <mem type="soa" free="37083168" total="55019520" percent="67" />
      <mem type="loa" free="555008" total="555008" percent="100" />
    </mem>
  </mem-info>
</gc-end>
<cycle-end id="5772" type="global" contextid="5762" timestamp="2019-08-08T10:56:53.996" />
  <attribute name="elasticGC enabled" value="1" />
  <attribute name= "numThreadsSpecified" value="16" />
  <attribute name="heapSize specified" value="55443456" />
  <attribute name="Current GC Util" value="122" />
  <attribute name= "Current Time Running" value="162388" />
  <attribute name ="GC Interval" value="0" />
  <attribute name="Target GC Util Change" value ="80.000000" />
  <attribute name="Current GC Util Change" value="122.000000"/>
  <attribute name="Current Error" value="-42.000000" />
  <attribute name="Output H" value="55519088"/>
  <attribute name="Output I" value="1936"/>
  <attribute name="Output T" value="16"/>
  <attribute name= "Current Time Running" value="162388" />
  <attribute name="GC Util currently" value="122" />
  <attribute name="CPU Util currently" value="39593267812" />
<allocation-satisfied id="5773" threadId="0000000002035F00" bytesRequested="112" />
<af-end id="5774" timestamp="2019-08-08T10:56:53.996" threadId="0000000002036888" success="true" />
<exclusive-end id="5775" timestamp="2019-08-08T10:56:53.996" durationms="46.508" />

<exclusive-start id="5776" timestamp="2019-08-08T10:56:54.025" intervalms="75.399">
  <response-info timems="0.017" idlems="0.017" threads="0" lastid="0000000002035F00" lastname="main" />
</exclusive-start>
<af-start id="5777" threadId="0000000002036888" totalBytesRequested="520" timestamp="2019-08-08T10:56:54.025" intervalms="75.395" />
<cycle-start id="5778" type="global" contextid="0" timestamp="2019-08-08T10:56:54.025" intervalms="75.420" />
<gc-start id="5779" type="global" contextid="5778" timestamp="2019-08-08T10:56:54.025">
  <mem-info id="5780" free="555008" total="55574528" percent="0">
    <mem type="tenure" free="555008" total="55574528" percent="0">
      <mem type="soa" free="0" total="55019520" percent="0" />
      <mem type="loa" free="555008" total="555008" percent="100" />
    </mem>
  </mem-info>
</gc-start>
<allocation-stats totalBytes="37129376" >
  <allocated-bytes non-tlh="0" tlh="37129376" />
  <largest-consumer threadName="main" threadId="0000000002035F00" bytes="37129376" />
</allocation-stats>
<gc-op id="5781" type="mark" timems="10.045" contextid="5778" timestamp="2019-08-08T10:56:54.035">
  <trace-info objectcount="596280" scancount="517268" scanbytes="13274016" />
  <finalization candidates="80" enqueued="0" />
  <ownableSynchronizers candidates="21" cleared="0" />
  <references type="soft" candidates="1843" cleared="0" enqueued="0" dynamicThreshold="21" maxThreshold="32" />
  <references type="weak" candidates="5700" cleared="0" enqueued="0" />
  <references type="phantom" candidates="97" cleared="0" enqueued="0" />
  <stringconstants candidates="13275" cleared="0"  />
</gc-op>
<gc-op id="5782" type="sweep" timems="1.741" contextid="5778" timestamp="2019-08-08T10:56:54.037" />
<mem-info id="5783" free="37702720" total="55574528" percent="67">
  <mem type="tenure" free="37702720" total="55574528" percent="67" micro-fragmented="0" macro-fragmented="0">
    <mem type="soa" free="37147712" total="55019520" percent="67" />
    <mem type="loa" free="555008" total="555008" percent="100" />
  </mem>
</mem-info>
<gc-op id="5784" type="compact" timems="28.503" contextid="5778" timestamp="2019-08-08T10:56:54.065">
  <compact-info movecount="4" movebytes="592" reason="compact to aid heap contraction" />
</gc-op>
<heap-resize id="5785" type="expand" space="tenure" amount="131072" count="1" timems="0.028" reason="satisfy allocation request" timestamp="2019-08-08T10:56:54.070" />
<gc-end id="5786" type="global" contextid="5778" durationms="45.476" usertimems="92.382" systemtimems="0.000" timestamp="2019-08-08T10:56:54.071" activeThreads="16">
  <mem-info id="5787" free="37768688" total="55705600" percent="67">
    <mem type="tenure" free="37768688" total="55705600" percent="67">
      <mem type="soa" free="37211632" total="55148544" percent="67" />
      <mem type="loa" free="557056" total="557056" percent="100" />
    </mem>
  </mem-info>
</gc-end>
<cycle-end id="5788" type="global" contextid="5778" timestamp="2019-08-08T10:56:54.071" />
  <attribute name="elasticGC enabled" value="1" />
  <attribute name= "numThreadsSpecified" value="16" />
  <attribute name="heapSize specified" value="55574528" />
  <attribute name="Current GC Util" value="36" />
  <attribute name= "Current Time Running" value="162459" />
  <attribute name ="GC Interval" value="0" />
  <attribute name="Target GC Util Change" value ="80.000000" />
  <attribute name="Current GC Util Change" value="36.000000"/>
  <attribute name="Current Error" value="-440.000000" />
  <attribute name="Output H" value="55649704"/>
  <attribute name="Output I" value="1224"/>
  <attribute name="Output T" value="16"/>
  <attribute name= "Current Time Running" value="162459" />
  <attribute name="GC Util currently" value="36" />
  <attribute name="CPU Util currently" value="40378128800" />
<allocation-satisfied id="5789" threadId="0000000002035F00" bytesRequested="520" />
<af-end id="5790" timestamp="2019-08-08T10:56:54.071" threadId="0000000002036888" success="true" />
<exclusive-end id="5791" timestamp="2019-08-08T10:56:54.071" durationms="45.870" />

<exclusive-start id="5792" timestamp="2019-08-08T10:56:54.116" intervalms="90.833">
  <response-info timems="0.017" idlems="0.017" threads="0" lastid="0000000002035F00" lastname="main" />
</exclusive-start>
<af-start id="5793" threadId="0000000002036888" totalBytesRequested="16" timestamp="2019-08-08T10:56:54.116" intervalms="90.832" />
<cycle-start id="5794" type="global" contextid="0" timestamp="2019-08-08T10:56:54.116" intervalms="90.880" />
<gc-start id="5795" type="global" contextid="5794" timestamp="2019-08-08T10:56:54.116">
  <mem-info id="5796" free="557056" total="55705600" percent="1">
    <mem type="tenure" free="557056" total="55705600" percent="1">
      <mem type="soa" free="0" total="55148544" percent="0" />
      <mem type="loa" free="557056" total="557056" percent="100" />
    </mem>
  </mem-info>
</gc-start>
<allocation-stats totalBytes="37258848" >
  <allocated-bytes non-tlh="0" tlh="37258848" />
  <largest-consumer threadName="main" threadId="0000000002035F00" bytes="37258848" />
</allocation-stats>
<gc-op id="5797" type="mark" timems="7.395" contextid="5794" timestamp="2019-08-08T10:56:54.123">
  <trace-info objectcount="596281" scancount="517267" scanbytes="13274048" />
  <finalization candidates="80" enqueued="0" />
  <ownableSynchronizers candidates="21" cleared="0" />
  <references type="soft" candidates="1843" cleared="0" enqueued="0" dynamicThreshold="21" maxThreshold="32" />
  <references type="weak" candidates="5700" cleared="0" enqueued="0" />
  <references type="phantom" candidates="97" cleared="0" enqueued="0" />
  <stringconstants candidates="13275" cleared="0"  />
</gc-op>
<gc-op id="5798" type="sweep" timems="1.830" contextid="5794" timestamp="2019-08-08T10:56:54.125" />
<mem-info id="5799" free="37834616" total="55705600" percent="67">
  <mem type="tenure" free="37834616" total="55705600" percent="67" micro-fragmented="0" macro-fragmented="0">
    <mem type="soa" free="37277560" total="55148544" percent="67" />
    <mem type="loa" free="557056" total="557056" percent="100" />
  </mem>
</mem-info>
<gc-op id="5800" type="compact" timems="27.193" contextid="5794" timestamp="2019-08-08T10:56:54.153">
  <compact-info movecount="5" movebytes="152" reason="compact to aid heap contraction" />
</gc-op>
<heap-resize id="5801" type="expand" space="tenure" amount="131072" count="1" timems="0.020" reason="satisfy allocation request" timestamp="2019-08-08T10:56:54.153" />
<gc-end id="5802" type="global" contextid="5794" durationms="37.606" usertimems="74.867" systemtimems="0.000" timestamp="2019-08-08T10:56:54.154" activeThreads="16">
  <mem-info id="5803" free="37900200" total="55836672" percent="67">
    <mem type="tenure" free="37900200" total="55836672" percent="67">
      <mem type="soa" free="37342120" total="55278592" percent="67" />
      <mem type="loa" free="558080" total="558080" percent="100" />
    </mem>
  </mem-info>
</gc-end>
<cycle-end id="5804" type="global" contextid="5794" timestamp="2019-08-08T10:56:54.154" />
  <attribute name="elasticGC enabled" value="1" />
  <attribute name= "numThreadsSpecified" value="16" />
  <attribute name="heapSize specified" value="55705600" />
  <attribute name="Current GC Util" value="34" />
  <attribute name= "Current Time Running" value="162546" />
  <attribute name ="GC Interval" value="0" />
  <attribute name="Target GC Util Change" value ="80.000000" />
  <attribute name="Current GC Util Change" value="34.000000"/>
  <attribute name="Current Error" value="-393.000000" />
  <attribute name="Output H" value="55780832"/>
  <attribute name="Output I" value="1312"/>
  <attribute name="Output T" value="16"/>
  <attribute name= "Current Time Running" value="162546" />
  <attribute name="GC Util currently" value="34" />
  <attribute name="CPU Util currently" value="42318577505" />
<allocation-satisfied id="5805" threadId="0000000002035F00" bytesRequested="16" />
<af-end id="5806" timestamp="2019-08-08T10:56:54.155" threadId="0000000002036888" success="true" />
<exclusive-end id="5807" timestamp="2019-08-08T10:56:54.155" durationms="39.698" />

<exclusive-start id="5808" timestamp="2019-08-08T10:56:54.214" intervalms="98.739">
  <response-info timems="0.015" idlems="0.015" threads="0" lastid="0000000002035F00" lastname="main" />
</exclusive-start>
<af-start id="5809" threadId="0000000002036888" totalBytesRequested="544" timestamp="2019-08-08T10:56:54.215" intervalms="98.744" />
<cycle-start id="5810" type="global" contextid="0" timestamp="2019-08-08T10:56:54.215" intervalms="98.702" />
<gc-start id="5811" type="global" contextid="5810" timestamp="2019-08-08T10:56:54.215">
  <mem-info id="5812" free="558080" total="55836672" percent="0">
    <mem type="tenure" free="558080" total="55836672" percent="0">
      <mem type="soa" free="0" total="55278592" percent="0" />
      <mem type="loa" free="558080" total="558080" percent="100" />
    </mem>
  </mem-info>
</gc-start>
<allocation-stats totalBytes="37397200" >
  <allocated-bytes non-tlh="0" tlh="37397200" />
  <largest-consumer threadName="main" threadId="0000000002035F00" bytes="37397200" />
</allocation-stats>
<gc-op id="5813" type="mark" timems="8.614" contextid="5810" timestamp="2019-08-08T10:56:54.223">
  <trace-info objectcount="596268" scancount="517260" scanbytes="13273844" />
  <finalization candidates="80" enqueued="0" />
  <ownableSynchronizers candidates="21" cleared="0" />
  <references type="soft" candidates="1843" cleared="0" enqueued="0" dynamicThreshold="21" maxThreshold="32" />
  <references type="weak" candidates="5700" cleared="0" enqueued="0" />
  <references type="phantom" candidates="97" cleared="0" enqueued="0" />
  <stringconstants candidates="13275" cleared="0"  />
</gc-op>
<gc-op id="5814" type="sweep" timems="1.762" contextid="5810" timestamp="2019-08-08T10:56:54.225" />
<mem-info id="5815" free="37965248" total="55836672" percent="67">
  <mem type="tenure" free="37965248" total="55836672" percent="67" micro-fragmented="0" macro-fragmented="0">
    <mem type="soa" free="37407168" total="55278592" percent="67" />
    <mem type="loa" free="558080" total="558080" percent="100" />
  </mem>
</mem-info>
<gc-op id="5816" type="compact" timems="54.070" contextid="5810" timestamp="2019-08-08T10:56:54.279">
  <compact-info movecount="1539" movebytes="50632" reason="compact to aid heap contraction" />
</gc-op>
<heap-resize id="5817" type="expand" space="tenure" amount="131072" count="1" timems="0.022" reason="satisfy allocation request" timestamp="2019-08-08T10:56:54.280" />
<gc-end id="5818" type="global" contextid="5810" durationms="65.394" usertimems="97.079" systemtimems="0.000" timestamp="2019-08-08T10:56:54.280" activeThreads="16">
  <mem-info id="5819" free="38031824" total="55967744" percent="67">
    <mem type="tenure" free="38031824" total="55967744" percent="67">
      <mem type="soa" free="37472720" total="55408640" percent="67" />
      <mem type="loa" free="559104" total="559104" percent="100" />
    </mem>
  </mem-info>
</gc-end>
<cycle-end id="5820" type="global" contextid="5810" timestamp="2019-08-08T10:56:54.280" />
  <attribute name="elasticGC enabled" value="1" />
  <attribute name= "numThreadsSpecified" value="16" />
  <attribute name="heapSize specified" value="55836672" />
  <attribute name="Current GC Util" value="33" />
  <attribute name= "Current Time Running" value="162673" />
  <attribute name ="GC Interval" value="0" />
  <attribute name="Target GC Util Change" value ="80.000000" />
  <attribute name="Current GC Util Change" value="33.000000"/>
  <attribute name="Current Error" value="47.000000" />
  <attribute name="Output H" value="55912408"/>
  <attribute name="Output I" value="2096"/>
  <attribute name="Output T" value="16"/>
  <attribute name= "Current Time Running" value="162673" />
  <attribute name="GC Util currently" value="33" />
  <attribute name="CPU Util currently" value="21249349375" />
<allocation-satisfied id="5821" threadId="0000000002035F00" bytesRequested="544" />
<af-end id="5822" timestamp="2019-08-08T10:56:54.280" threadId="0000000002036888" success="true" />
<exclusive-end id="5823" timestamp="2019-08-08T10:56:54.280" durationms="65.858" />

<exclusive-start id="5824" timestamp="2019-08-08T10:56:54.286" intervalms="71.923">
  <response-info timems="0.019" idlems="0.019" threads="0" lastid="0000000002035F00" lastname="main" />
</exclusive-start>
<af-start id="5825" threadId="0000000002036888" totalBytesRequested="544" timestamp="2019-08-08T10:56:54.286" intervalms="71.914" />
<cycle-start id="5826" type="global" contextid="0" timestamp="2019-08-08T10:56:54.286" intervalms="71.912" />
<gc-start id="5827" type="global" contextid="5826" timestamp="2019-08-08T10:56:54.287">
  <mem-info id="5828" free="559104" total="55967744" percent="0">
    <mem type="tenure" free="559104" total="55967744" percent="0">
      <mem type="soa" free="0" total="55408640" percent="0" />
      <mem type="loa" free="559104" total="559104" percent="100" />
    </mem>
  </mem-info>
</gc-start>
<allocation-stats totalBytes="37476216" >
  <allocated-bytes non-tlh="0" tlh="37476216" />
  <largest-consumer threadName="main" threadId="0000000002035F00" bytes="37476216" />
</allocation-stats>
<gc-op id="5829" type="mark" timems="8.209" contextid="5826" timestamp="2019-08-08T10:56:54.295">
  <trace-info objectcount="596269" scancount="517260" scanbytes="13273868" />
  <finalization candidates="80" enqueued="0" />
  <ownableSynchronizers candidates="21" cleared="0" />
  <references type="soft" candidates="1843" cleared="0" enqueued="0" dynamicThreshold="21" maxThreshold="32" />
  <references type="weak" candidates="5700" cleared="0" enqueued="0" />
  <references type="phantom" candidates="97" cleared="0" enqueued="0" />
  <stringconstants candidates="13275" cleared="0"  />
</gc-op>
<gc-op id="5830" type="sweep" timems="2.133" contextid="5826" timestamp="2019-08-08T10:56:54.297" />
<mem-info id="5831" free="38096976" total="55967744" percent="68">
  <mem type="tenure" free="38096976" total="55967744" percent="68" micro-fragmented="0" macro-fragmented="0">
    <mem type="soa" free="37537872" total="55408640" percent="67" />
    <mem type="loa" free="559104" total="559104" percent="100" />
  </mem>
</mem-info>
<gc-op id="5832" type="compact" timems="23.178" contextid="5826" timestamp="2019-08-08T10:56:54.320">
  <compact-info movecount="3" movebytes="72" reason="compact to aid heap contraction" />
</gc-op>
<heap-resize id="5833" type="expand" space="tenure" amount="131072" count="1" timems="0.021" reason="satisfy allocation request" timestamp="2019-08-08T10:56:54.321" />
<gc-end id="5834" type="global" contextid="5826" durationms="34.283" usertimems="68.435" systemtimems="0.000" timestamp="2019-08-08T10:56:54.321" activeThreads="16">
  <mem-info id="5835" free="38162872" total="56098816" percent="68">
    <mem type="tenure" free="38162872" total="56098816" percent="68">
      <mem type="soa" free="37602744" total="55538688" percent="67" />
      <mem type="loa" free="560128" total="560128" percent="100" />
    </mem>
  </mem-info>
</gc-end>
<cycle-end id="5836" type="global" contextid="5826" timestamp="2019-08-08T10:56:54.321" />
  <attribute name="elasticGC enabled" value="1" />
  <attribute name= "numThreadsSpecified" value="16" />
  <attribute name="heapSize specified" value="55967744" />
  <attribute name="Current GC Util" value="40" />
  <attribute name= "Current Time Running" value="162714" />
  <attribute name ="GC Interval" value="0" />
  <attribute name="Target GC Util Change" value ="80.000000" />
  <attribute name="Current GC Util Change" value="40.000000"/>
  <attribute name="Current Error" value="-627.000000" />
  <attribute name="Output H" value="56042704"/>
  <attribute name="Output I" value="888"/>
  <attribute name="Output T" value="16"/>
  <attribute name= "Current Time Running" value="162714" />
  <attribute name="GC Util currently" value="40" />
  <attribute name="CPU Util currently" value="49613845075" />
<allocation-satisfied id="5837" threadId="0000000002035F00" bytesRequested="544" />
<af-end id="5838" timestamp="2019-08-08T10:56:54.321" threadId="0000000002036888" success="true" />
<exclusive-end id="5839" timestamp="2019-08-08T10:56:54.321" durationms="34.635" />

<exclusive-start id="5840" timestamp="2019-08-08T10:56:54.330" intervalms="43.149">
  <response-info timems="0.018" idlems="0.018" threads="0" lastid="0000000002035F00" lastname="main" />
</exclusive-start>
<af-start id="5841" threadId="0000000002036888" totalBytesRequested="24" timestamp="2019-08-08T10:56:54.330" intervalms="43.149" />
<cycle-start id="5842" type="global" contextid="0" timestamp="2019-08-08T10:56:54.330" intervalms="43.127" />
<gc-start id="5843" type="global" contextid="5842" timestamp="2019-08-08T10:56:54.330">
  <mem-info id="5844" free="560128" total="56098816" percent="0">
    <mem type="tenure" free="560128" total="56098816" percent="0">
      <mem type="soa" free="0" total="55538688" percent="0" />
      <mem type="loa" free="560128" total="560128" percent="100" />
    </mem>
  </mem-info>
</gc-start>
<allocation-stats totalBytes="37601712" >
  <allocated-bytes non-tlh="0" tlh="37601712" />
  <largest-consumer threadName="main" threadId="0000000002035F00" bytes="37601712" />
</allocation-stats>
<gc-op id="5845" type="mark" timems="13.459" contextid="5842" timestamp="2019-08-08T10:56:54.343">
  <trace-info objectcount="596268" scancount="517259" scanbytes="13273852" />
  <finalization candidates="80" enqueued="0" />
  <ownableSynchronizers candidates="21" cleared="0" />
  <references type="soft" candidates="1843" cleared="0" enqueued="0" dynamicThreshold="21" maxThreshold="32" />
  <references type="weak" candidates="5700" cleared="0" enqueued="0" />
  <references type="phantom" candidates="97" cleared="0" enqueued="0" />
  <stringconstants candidates="13275" cleared="0"  />
</gc-op>
<gc-op id="5846" type="sweep" timems="1.382" contextid="5842" timestamp="2019-08-08T10:56:54.345" />
<mem-info id="5847" free="38228416" total="56098816" percent="68">
  <mem type="tenure" free="38228416" total="56098816" percent="68" micro-fragmented="0" macro-fragmented="0">
    <mem type="soa" free="37668288" total="55538688" percent="67" />
    <mem type="loa" free="560128" total="560128" percent="100" />
  </mem>
</mem-info>
<gc-op id="5848" type="compact" timems="23.721" contextid="5842" timestamp="2019-08-08T10:56:54.368">
  <compact-info movecount="2" movebytes="56" reason="compact to aid heap contraction" />
</gc-op>
<heap-resize id="5849" type="expand" space="tenure" amount="131072" count="1" timems="0.018" reason="satisfy allocation request" timestamp="2019-08-08T10:56:54.370" />
<gc-end id="5850" type="global" contextid="5842" durationms="39.990" usertimems="88.811" systemtimems="0.000" timestamp="2019-08-08T10:56:54.370" activeThreads="16">
  <mem-info id="5851" free="38293960" total="56229888" percent="68">
    <mem type="tenure" free="38293960" total="56229888" percent="68">
      <mem type="soa" free="37731784" total="55667712" percent="67" />
      <mem type="loa" free="562176" total="562176" percent="100" />
    </mem>
  </mem-info>
</gc-end>
<cycle-end id="5852" type="global" contextid="5842" timestamp="2019-08-08T10:56:54.370" />
  <attribute name="elasticGC enabled" value="1" />
  <attribute name= "numThreadsSpecified" value="16" />
  <attribute name="heapSize specified" value="56098816" />
  <attribute name="Current GC Util" value="35" />
  <attribute name= "Current Time Running" value="162762" />
  <attribute name ="GC Interval" value="0" />
  <attribute name="Target GC Util Change" value ="80.000000" />
  <attribute name="Current GC Util Change" value="35.000000"/>
  <attribute name="Current Error" value="-312.000000" />
  <attribute name="Output H" value="56174136"/>
  <attribute name="Output I" value="1456"/>
  <attribute name="Output T" value="16"/>
  <attribute name= "Current Time Running" value="162762" />
  <attribute name="GC Util currently" value="35" />
  <attribute name="CPU Util currently" value="48507651383" />
<allocation-satisfied id="5853" threadId="0000000002035F00" bytesRequested="24" />
<af-end id="5854" timestamp="2019-08-08T10:56:54.370" threadId="0000000002036888" success="true" />
<exclusive-end id="5855" timestamp="2019-08-08T10:56:54.370" durationms="40.206" />

<exclusive-start id="5856" timestamp="2019-08-08T10:56:54.378" intervalms="48.436">
  <response-info timems="0.019" idlems="0.019" threads="0" lastid="0000000002035F00" lastname="main" />
</exclusive-start>
<af-start id="5857" threadId="0000000002036888" totalBytesRequested="544" timestamp="2019-08-08T10:56:54.378" intervalms="48.444" />
<cycle-start id="5858" type="global" contextid="0" timestamp="2019-08-08T10:56:54.378" intervalms="48.447" />
<gc-start id="5859" type="global" contextid="5858" timestamp="2019-08-08T10:56:54.378">
  <mem-info id="5860" free="562176" total="56229888" percent="0">
    <mem type="tenure" free="562176" total="56229888" percent="0">
      <mem type="soa" free="0" total="55667712" percent="0" />
      <mem type="loa" free="562176" total="562176" percent="100" />
    </mem>
  </mem-info>
</gc-start>
<allocation-stats totalBytes="37730616" >
  <allocated-bytes non-tlh="0" tlh="37730616" />
  <largest-consumer threadName="main" threadId="0000000002035F00" bytes="37730616" />
</allocation-stats>
<gc-op id="5861" type="mark" timems="16.715" contextid="5858" timestamp="2019-08-08T10:56:54.395">
  <trace-info objectcount="596269" scancount="517255" scanbytes="13273868" />
  <finalization candidates="80" enqueued="0" />
  <ownableSynchronizers candidates="21" cleared="0" />
  <references type="soft" candidates="1843" cleared="0" enqueued="0" dynamicThreshold="21" maxThreshold="32" />
  <references type="weak" candidates="5700" cleared="0" enqueued="0" />
  <references type="phantom" candidates="97" cleared="0" enqueued="0" />
  <stringconstants candidates="13275" cleared="0"  />
</gc-op>
<gc-op id="5862" type="sweep" timems="3.244" contextid="5858" timestamp="2019-08-08T10:56:54.398" />
<mem-info id="5863" free="38358992" total="56229888" percent="68">
  <mem type="tenure" free="38358992" total="56229888" percent="68" micro-fragmented="0" macro-fragmented="0">
    <mem type="soa" free="37796816" total="55667712" percent="67" />
    <mem type="loa" free="562176" total="562176" percent="100" />
  </mem>
</mem-info>
<gc-op id="5864" type="compact" timems="31.578" contextid="5858" timestamp="2019-08-08T10:56:54.430">
  <compact-info movecount="3" movebytes="72" reason="compact to aid heap contraction" />
</gc-op>
<heap-resize id="5865" type="expand" space="tenure" amount="131072" count="1" timems="0.019" reason="satisfy allocation request" timestamp="2019-08-08T10:56:54.431" />
<gc-end id="5866" type="global" contextid="5858" durationms="53.164" usertimems="91.951" systemtimems="15.840" timestamp="2019-08-08T10:56:54.431" activeThreads="16">
  <mem-info id="5867" free="38425016" total="56360960" percent="68">
    <mem type="tenure" free="38425016" total="56360960" percent="68">
      <mem type="soa" free="37861816" total="55797760" percent="67" />
      <mem type="loa" free="563200" total="563200" percent="100" />
    </mem>
  </mem-info>
</gc-end>
<cycle-end id="5868" type="global" contextid="5858" timestamp="2019-08-08T10:56:54.431" />
  <attribute name="elasticGC enabled" value="1" />
  <attribute name= "numThreadsSpecified" value="16" />
  <attribute name="heapSize specified" value="56229888" />
  <attribute name="Current GC Util" value="36" />
  <attribute name= "Current Time Running" value="162823" />
  <attribute name ="GC Interval" value="0" />
  <attribute name="Target GC Util Change" value ="80.000000" />
  <attribute name="Current GC Util Change" value="36.000000"/>
  <attribute name="Current Error" value="44.000000" />
  <attribute name="Output H" value="56305624"/>
  <attribute name="Output I" value="2088"/>
  <attribute name="Output T" value="16"/>
  <attribute name= "Current Time Running" value="162823" />
  <attribute name="GC Util currently" value="36" />
  <attribute name="CPU Util currently" value="36399742937" />
<allocation-satisfied id="5869" threadId="0000000002035F00" bytesRequested="544" />
<af-end id="5870" timestamp="2019-08-08T10:56:54.431" threadId="0000000002036888" success="true" />
<exclusive-end id="5871" timestamp="2019-08-08T10:56:54.431" durationms="53.454" />

<exclusive-start id="5872" timestamp="2019-08-08T10:56:54.438" intervalms="59.590">
  <response-info timems="0.021" idlems="0.021" threads="0" lastid="0000000002035F00" lastname="main" />
</exclusive-start>
<af-start id="5873" threadId="0000000002036888" totalBytesRequested="544" timestamp="2019-08-08T10:56:54.438" intervalms="59.733" />
<cycle-start id="5874" type="global" contextid="0" timestamp="2019-08-08T10:56:54.438" intervalms="59.847" />
<gc-start id="5875" type="global" contextid="5874" timestamp="2019-08-08T10:56:54.438">
  <mem-info id="5876" free="563200" total="56360960" percent="0">
    <mem type="tenure" free="563200" total="56360960" percent="0">
      <mem type="soa" free="0" total="55797760" percent="0" />
      <mem type="loa" free="563200" total="563200" percent="100" />
    </mem>
  </mem-info>
</gc-start>
<allocation-stats totalBytes="37859880" >
  <allocated-bytes non-tlh="0" tlh="37859880" />
  <largest-consumer threadName="main" threadId="0000000002035F00" bytes="37859880" />
</allocation-stats>
<gc-op id="5877" type="mark" timems="10.064" contextid="5874" timestamp="2019-08-08T10:56:54.448">
  <trace-info objectcount="596269" scancount="517264" scanbytes="13273868" />
  <finalization candidates="80" enqueued="0" />
  <ownableSynchronizers candidates="21" cleared="0" />
  <references type="soft" candidates="1843" cleared="0" enqueued="0" dynamicThreshold="21" maxThreshold="32" />
  <references type="weak" candidates="5700" cleared="0" enqueued="0" />
  <references type="phantom" candidates="97" cleared="0" enqueued="0" />
  <stringconstants candidates="13275" cleared="0"  />
</gc-op>
<gc-op id="5878" type="sweep" timems="3.468" contextid="5874" timestamp="2019-08-08T10:56:54.452" />
<mem-info id="5879" free="38490016" total="56360960" percent="68">
  <mem type="tenure" free="38490016" total="56360960" percent="68" micro-fragmented="0" macro-fragmented="0">
    <mem type="soa" free="37926816" total="55797760" percent="67" />
    <mem type="loa" free="563200" total="563200" percent="100" />
  </mem>
</mem-info>
<gc-op id="5880" type="compact" timems="27.301" contextid="5874" timestamp="2019-08-08T10:56:54.479">
  <compact-info movecount="3" movebytes="72" reason="compact to aid heap contraction" />
</gc-op>
<heap-resize id="5881" type="expand" space="tenure" amount="131072" count="1" timems="0.021" reason="satisfy allocation request" timestamp="2019-08-08T10:56:54.480" />
<gc-end id="5882" type="global" contextid="5874" durationms="42.422" usertimems="72.216" systemtimems="8.185" timestamp="2019-08-08T10:56:54.480" activeThreads="16">
  <mem-info id="5883" free="38556088" total="56492032" percent="68">
    <mem type="tenure" free="38556088" total="56492032" percent="68">
      <mem type="soa" free="37991864" total="55927808" percent="67" />
      <mem type="loa" free="564224" total="564224" percent="100" />
    </mem>
  </mem-info>
</gc-end>
<cycle-end id="5884" type="global" contextid="5874" timestamp="2019-08-08T10:56:54.481" />
  <attribute name="elasticGC enabled" value="1" />
  <attribute name= "numThreadsSpecified" value="16" />
  <attribute name="heapSize specified" value="56360960" />
  <attribute name="Current GC Util" value="44" />
  <attribute name= "Current Time Running" value="162872" />
  <attribute name ="GC Interval" value="0" />
  <attribute name="Target GC Util Change" value ="80.000000" />
  <attribute name="Current GC Util Change" value="44.000000"/>
  <attribute name="Current Error" value="-500.000000" />
  <attribute name="Output H" value="56436064"/>
  <attribute name="Output I" value="1120"/>
  <attribute name="Output T" value="16"/>
  <attribute name= "Current Time Running" value="162872" />
  <attribute name="GC Util currently" value="44" />
  <attribute name="CPU Util currently" value="42078533588" />
<allocation-satisfied id="5885" threadId="0000000002035F00" bytesRequested="544" />
<af-end id="5886" timestamp="2019-08-08T10:56:54.481" threadId="0000000002036888" success="true" />
<exclusive-end id="5887" timestamp="2019-08-08T10:56:54.481" durationms="43.590" />

<exclusive-start id="5888" timestamp="2019-08-08T10:56:54.488" intervalms="50.138">
  <response-info timems="0.021" idlems="0.021" threads="0" lastid="0000000002035F00" lastname="main" />
</exclusive-start>
<af-start id="5889" threadId="0000000002036888" totalBytesRequested="544" timestamp="2019-08-08T10:56:54.488" intervalms="50.168" />
<cycle-start id="5890" type="global" contextid="0" timestamp="2019-08-08T10:56:54.488" intervalms="50.288" />
<gc-start id="5891" type="global" contextid="5890" timestamp="2019-08-08T10:56:54.488">
  <mem-info id="5892" free="564224" total="56492032" percent="0">
    <mem type="tenure" free="564224" total="56492032" percent="0">
      <mem type="soa" free="0" total="55927808" percent="0" />
      <mem type="loa" free="564224" total="564224" percent="100" />
    </mem>
  </mem-info>
</gc-start>
<allocation-stats totalBytes="37989864" >
  <allocated-bytes non-tlh="0" tlh="37989864" />
  <largest-consumer threadName="main" threadId="0000000002035F00" bytes="37989864" />
</allocation-stats>
<gc-op id="5893" type="mark" timems="16.910" contextid="5890" timestamp="2019-08-08T10:56:54.505">
  <trace-info objectcount="596269" scancount="517261" scanbytes="13273868" />
  <finalization candidates="80" enqueued="0" />
  <ownableSynchronizers candidates="21" cleared="0" />
  <references type="soft" candidates="1843" cleared="0" enqueued="0" dynamicThreshold="21" maxThreshold="32" />
  <references type="weak" candidates="5700" cleared="0" enqueued="0" />
  <references type="phantom" candidates="97" cleared="0" enqueued="0" />
  <stringconstants candidates="13275" cleared="0"  />
</gc-op>
<gc-op id="5894" type="sweep" timems="4.175" contextid="5890" timestamp="2019-08-08T10:56:54.509" />
<mem-info id="5895" free="38621320" total="56492032" percent="68">
  <mem type="tenure" free="38621320" total="56492032" percent="68" micro-fragmented="0" macro-fragmented="0">
    <mem type="soa" free="38057096" total="55927808" percent="68" />
    <mem type="loa" free="564224" total="564224" percent="100" />
  </mem>
</mem-info>
<gc-op id="5896" type="compact" timems="24.114" contextid="5890" timestamp="2019-08-08T10:56:54.534">
  <compact-info movecount="3" movebytes="72" reason="compact to aid heap contraction" />
</gc-op>
<heap-resize id="5897" type="expand" space="tenure" amount="131072" count="1" timems="0.016" reason="satisfy allocation request" timestamp="2019-08-08T10:56:54.534" />
<gc-end id="5898" type="global" contextid="5890" durationms="46.047" usertimems="71.474" systemtimems="17.793" timestamp="2019-08-08T10:56:54.534" activeThreads="16">
  <mem-info id="5899" free="38687160" total="56623104" percent="68">
    <mem type="tenure" free="38687160" total="56623104" percent="68">
      <mem type="soa" free="38121912" total="56057856" percent="68" />
      <mem type="loa" free="565248" total="565248" percent="100" />
    </mem>
  </mem-info>
</gc-end>
<cycle-end id="5900" type="global" contextid="5890" timestamp="2019-08-08T10:56:54.534" />
  <attribute name="elasticGC enabled" value="1" />
  <attribute name= "numThreadsSpecified" value="16" />
  <attribute name="heapSize specified" value="56492032" />
  <attribute name="Current GC Util" value="37" />
  <attribute name= "Current Time Running" value="162927" />
  <attribute name ="GC Interval" value="0" />
  <attribute name="Target GC Util Change" value ="80.000000" />
  <attribute name="Current GC Util Change" value="37.000000"/>
  <attribute name="Current Error" value="-185.000000" />
  <attribute name="Output H" value="56567504"/>
  <attribute name="Output I" value="1680"/>
  <attribute name="Output T" value="16"/>
  <attribute name= "Current Time Running" value="162927" />
  <attribute name="GC Util currently" value="37" />
  <attribute name="CPU Util currently" value="47794346346" />
<allocation-satisfied id="5901" threadId="0000000002035F00" bytesRequested="544" />
<af-end id="5902" timestamp="2019-08-08T10:56:54.534" threadId="0000000002036888" success="true" />
<exclusive-end id="5903" timestamp="2019-08-08T10:56:54.534" durationms="46.755" />

<exclusive-start id="5904" timestamp="2019-08-08T10:56:54.592" intervalms="104.471">
  <response-info timems="0.015" idlems="0.015" threads="0" lastid="0000000002035F00" lastname="main" />
</exclusive-start>
<af-start id="5905" threadId="0000000002036888" totalBytesRequested="440" timestamp="2019-08-08T10:56:54.592" intervalms="104.371" />
<cycle-start id="5906" type="global" contextid="0" timestamp="2019-08-08T10:56:54.592" intervalms="104.134" />
<gc-start id="5907" type="global" contextid="5906" timestamp="2019-08-08T10:56:54.592">
  <mem-info id="5908" free="565248" total="56623104" percent="0">
    <mem type="tenure" free="565248" total="56623104" percent="0">
      <mem type="soa" free="0" total="56057856" percent="0" />
      <mem type="loa" free="565248" total="565248" percent="100" />
    </mem>
  </mem-info>
</gc-start>
<allocation-stats totalBytes="38146704" >
  <allocated-bytes non-tlh="0" tlh="38146704" />
  <largest-consumer threadName="main" threadId="0000000002035F00" bytes="38146704" />
</allocation-stats>
<gc-op id="5909" type="mark" timems="9.618" contextid="5906" timestamp="2019-08-08T10:56:54.602">
  <trace-info objectcount="596275" scancount="517268" scanbytes="13274116" />
  <finalization candidates="80" enqueued="0" />
  <ownableSynchronizers candidates="21" cleared="0" />
  <references type="soft" candidates="1843" cleared="0" enqueued="0" dynamicThreshold="21" maxThreshold="32" />
  <references type="weak" candidates="5700" cleared="0" enqueued="0" />
  <references type="phantom" candidates="97" cleared="0" enqueued="0" />
  <stringconstants candidates="13275" cleared="0"  />
</gc-op>
<gc-op id="5910" type="sweep" timems="1.413" contextid="5906" timestamp="2019-08-08T10:56:54.604" />
<mem-info id="5911" free="38751112" total="56623104" percent="68">
  <mem type="tenure" free="38751112" total="56623104" percent="68" micro-fragmented="0" macro-fragmented="0">
    <mem type="soa" free="38185864" total="56057856" percent="68" />
    <mem type="loa" free="565248" total="565248" percent="100" />
  </mem>
</mem-info>
<gc-op id="5912" type="compact" timems="22.508" contextid="5906" timestamp="2019-08-08T10:56:54.626">
  <compact-info movecount="1528" movebytes="49760" reason="compact to aid heap contraction" />
</gc-op>
<heap-resize id="5913" type="expand" space="tenure" amount="131072" count="1" timems="0.020" reason="satisfy allocation request" timestamp="2019-08-08T10:56:54.627" />
<gc-end id="5914" type="global" contextid="5906" durationms="34.415" usertimems="64.170" systemtimems="12.859" timestamp="2019-08-08T10:56:54.627" activeThreads="16">
  <mem-info id="5915" free="38818584" total="56754176" percent="68">
    <mem type="tenure" free="38818584" total="56754176" percent="68">
      <mem type="soa" free="38251288" total="56186880" percent="68" />
      <mem type="loa" free="567296" total="567296" percent="100" />
    </mem>
  </mem-info>
</gc-end>
<cycle-end id="5916" type="global" contextid="5906" timestamp="2019-08-08T10:56:54.627" />
  <attribute name="elasticGC enabled" value="1" />
  <attribute name= "numThreadsSpecified" value="16" />
  <attribute name="heapSize specified" value="56623104" />
  <attribute name="Current GC Util" value="36" />
  <attribute name= "Current Time Running" value="163019" />
  <attribute name ="GC Interval" value="0" />
  <attribute name="Target GC Util Change" value ="80.000000" />
  <attribute name="Current GC Util Change" value="36.000000"/>
  <attribute name="Current Error" value="44.000000" />
  <attribute name="Output H" value="56698840"/>
  <attribute name="Output I" value="2088"/>
  <attribute name="Output T" value="16"/>
  <attribute name= "Current Time Running" value="163019" />
  <attribute name="GC Util currently" value="36" />
  <attribute name="CPU Util currently" value="51153817871" />
<allocation-satisfied id="5917" threadId="0000000002035F00" bytesRequested="440" />
<af-end id="5918" timestamp="2019-08-08T10:56:54.627" threadId="0000000002036888" success="true" />
<exclusive-end id="5919" timestamp="2019-08-08T10:56:54.627" durationms="34.741" />

<exclusive-start id="5920" timestamp="2019-08-08T10:56:54.670" intervalms="77.976">
  <response-info timems="0.023" idlems="0.023" threads="0" lastid="0000000002035F00" lastname="main" />
</exclusive-start>
<af-start id="5921" threadId="0000000002036888" totalBytesRequested="32" timestamp="2019-08-08T10:56:54.670" intervalms="77.901" />
<cycle-start id="5922" type="global" contextid="0" timestamp="2019-08-08T10:56:54.670" intervalms="77.895" />
<gc-start id="5923" type="global" contextid="5922" timestamp="2019-08-08T10:56:54.670">
  <mem-info id="5924" free="567296" total="56754176" percent="0">
    <mem type="tenure" free="567296" total="56754176" percent="0">
      <mem type="soa" free="0" total="56186880" percent="0" />
      <mem type="loa" free="567296" total="567296" percent="100" />
    </mem>
  </mem-info>
</gc-start>
<allocation-stats totalBytes="38285112" >
  <allocated-bytes non-tlh="0" tlh="38285112" />
  <largest-consumer threadName="main" threadId="0000000002035F00" bytes="38285112" />
</allocation-stats>
<gc-op id="5925" type="mark" timems="11.395" contextid="5922" timestamp="2019-08-08T10:56:54.682">
  <trace-info objectcount="596272" scancount="517262" scanbytes="13274892" />
  <finalization candidates="80" enqueued="0" />
  <ownableSynchronizers candidates="21" cleared="0" />
  <references type="soft" candidates="1843" cleared="0" enqueued="0" dynamicThreshold="21" maxThreshold="32" />
  <references type="weak" candidates="5700" cleared="0" enqueued="0" />
  <references type="phantom" candidates="97" cleared="0" enqueued="0" />
  <stringconstants candidates="13275" cleared="0"  />
</gc-op>
<gc-op id="5926" type="sweep" timems="1.469" contextid="5922" timestamp="2019-08-08T10:56:54.683" />
<mem-info id="5927" free="38883056" total="56754176" percent="68">
  <mem type="tenure" free="38883056" total="56754176" percent="68" micro-fragmented="0" macro-fragmented="0">
    <mem type="soa" free="38315760" total="56186880" percent="68" />
    <mem type="loa" free="567296" total="567296" percent="100" />
  </mem>
</mem-info>
<gc-op id="5928" type="compact" timems="24.219" contextid="5922" timestamp="2019-08-08T10:56:54.707">
  <compact-info movecount="1521" movebytes="49992" reason="compact to aid heap contraction" />
</gc-op>
<heap-resize id="5929" type="expand" space="tenure" amount="131072" count="1" timems="0.017" reason="satisfy allocation request" timestamp="2019-08-08T10:56:54.708" />
<gc-end id="5930" type="global" contextid="5922" durationms="37.879" usertimems="64.274" systemtimems="11.907" timestamp="2019-08-08T10:56:54.708" activeThreads="16">
  <mem-info id="5931" free="38949328" total="56885248" percent="68">
    <mem type="tenure" free="38949328" total="56885248" percent="68">
      <mem type="soa" free="38381008" total="56316928" percent="68" />
      <mem type="loa" free="568320" total="568320" percent="100" />
    </mem>
  </mem-info>
</gc-end>
<cycle-end id="5932" type="global" contextid="5922" timestamp="2019-08-08T10:56:54.708" />
  <attribute name="elasticGC enabled" value="1" />
  <attribute name= "numThreadsSpecified" value="16" />
  <attribute name="heapSize specified" value="56754176" />
  <attribute name="Current GC Util" value="45" />
  <attribute name= "Current Time Running" value="163101" />
  <attribute name ="GC Interval" value="0" />
  <attribute name="Target GC Util Change" value ="80.000000" />
  <attribute name="Current GC Util Change" value="45.000000"/>
  <attribute name="Current Error" value="-195.000000" />
  <attribute name="Output H" value="56829632"/>
  <attribute name="Output I" value="1664"/>
  <attribute name="Output T" value="16"/>
  <attribute name= "Current Time Running" value="163101" />
  <attribute name="GC Util currently" value="45" />
  <attribute name="CPU Util currently" value="47522372466" />
<allocation-satisfied id="5933" threadId="0000000002035F00" bytesRequested="32" />
<af-end id="5934" timestamp="2019-08-08T10:56:54.708" threadId="0000000002036888" success="true" />
<exclusive-end id="5935" timestamp="2019-08-08T10:56:54.708" durationms="38.136" />

<exclusive-start id="5936" timestamp="2019-08-08T10:56:54.720" intervalms="49.636">
  <response-info timems="0.022" idlems="0.022" threads="0" lastid="0000000002035F00" lastname="main" />
</exclusive-start>
<af-start id="5937" threadId="0000000002036888" totalBytesRequested="208" timestamp="2019-08-08T10:56:54.722" intervalms="52.151" />
<cycle-start id="5938" type="global" contextid="0" timestamp="2019-08-08T10:56:54.722" intervalms="52.162" />
<gc-start id="5939" type="global" contextid="5938" timestamp="2019-08-08T10:56:54.722">
  <mem-info id="5940" free="568320" total="56885248" percent="0">
    <mem type="tenure" free="568320" total="56885248" percent="0">
      <mem type="soa" free="0" total="56316928" percent="0" />
      <mem type="loa" free="568320" total="568320" percent="100" />
    </mem>
  </mem-info>
</gc-start>
<allocation-stats totalBytes="38417424" >
  <allocated-bytes non-tlh="0" tlh="38417424" />
  <largest-consumer threadName="main" threadId="0000000002035F00" bytes="38417424" />
</allocation-stats>
<gc-op id="5941" type="mark" timems="17.701" contextid="5938" timestamp="2019-08-08T10:56:54.740">
  <trace-info objectcount="596273" scancount="517285" scanbytes="13274568" />
  <finalization candidates="80" enqueued="0" />
  <ownableSynchronizers candidates="21" cleared="0" />
  <references type="soft" candidates="1843" cleared="0" enqueued="0" dynamicThreshold="21" maxThreshold="32" />
  <references type="weak" candidates="5700" cleared="0" enqueued="0" />
  <references type="phantom" candidates="97" cleared="0" enqueued="0" />
  <stringconstants candidates="13275" cleared="0"  />
</gc-op>
<gc-op id="5942" type="sweep" timems="2.576" contextid="5938" timestamp="2019-08-08T10:56:54.743" />
<mem-info id="5943" free="39014984" total="56885248" percent="68">
  <mem type="tenure" free="39014984" total="56885248" percent="68" micro-fragmented="0" macro-fragmented="0">
    <mem type="soa" free="38446664" total="56316928" percent="68" />
    <mem type="loa" free="568320" total="568320" percent="100" />
  </mem>
</mem-info>
<gc-op id="5944" type="compact" timems="22.451" contextid="5938" timestamp="2019-08-08T10:56:54.765">
  <compact-info movecount="5" movebytes="160" reason="compact to aid heap contraction" />
</gc-op>
<heap-resize id="5945" type="expand" space="tenure" amount="131072" count="1" timems="0.018" reason="satisfy allocation request" timestamp="2019-08-08T10:56:54.766" />
<gc-end id="5946" type="global" contextid="5938" durationms="43.633" usertimems="61.006" systemtimems="25.224" timestamp="2019-08-08T10:56:54.766" activeThreads="16">
  <mem-info id="5947" free="39080728" total="57016320" percent="68">
    <mem type="tenure" free="39080728" total="57016320" percent="68">
      <mem type="soa" free="38511384" total="56446976" percent="68" />
      <mem type="loa" free="569344" total="569344" percent="100" />
    </mem>
  </mem-info>
</gc-end>
<cycle-end id="5948" type="global" contextid="5938" timestamp="2019-08-08T10:56:54.766" />
  <attribute name="elasticGC enabled" value="1" />
  <attribute name= "numThreadsSpecified" value="16" />
  <attribute name="heapSize specified" value="56885248" />
  <attribute name="Current GC Util" value="119" />
  <attribute name= "Current Time Running" value="163159" />
  <attribute name ="GC Interval" value="0" />
  <attribute name="Target GC Util Change" value ="80.000000" />
  <attribute name="Current GC Util Change" value="119.000000"/>
  <attribute name="Current Error" value="-237.000000" />
  <attribute name="Output H" value="56960656"/>
  <attribute name="Output I" value="1592"/>
  <attribute name="Output T" value="16"/>
  <attribute name= "Current Time Running" value="163159" />
  <attribute name="GC Util currently" value="119" />
  <attribute name="CPU Util currently" value="51278597443" />
<allocation-satisfied id="5949" threadId="0000000002035F00" bytesRequested="208" />
<af-end id="5950" timestamp="2019-08-08T10:56:54.766" threadId="0000000002036888" success="true" />
<exclusive-end id="5951" timestamp="2019-08-08T10:56:54.766" durationms="46.381" />

<exclusive-start id="5952" timestamp="2019-08-08T10:56:54.807" intervalms="87.491">
  <response-info timems="0.017" idlems="0.017" threads="0" lastid="0000000002035F00" lastname="main" />
</exclusive-start>
<af-start id="5953" threadId="0000000002036888" totalBytesRequested="1016" timestamp="2019-08-08T10:56:54.807" intervalms="84.968" />
<cycle-start id="5954" type="global" contextid="0" timestamp="2019-08-08T10:56:54.807" intervalms="84.956" />
<gc-start id="5955" type="global" contextid="5954" timestamp="2019-08-08T10:56:54.807">
  <mem-info id="5956" free="569344" total="57016320" percent="0">
    <mem type="tenure" free="569344" total="57016320" percent="0">
      <mem type="soa" free="0" total="56446976" percent="0" />
      <mem type="loa" free="569344" total="569344" percent="100" />
    </mem>
  </mem-info>
</gc-start>
<allocation-stats totalBytes="38538328" >
  <allocated-bytes non-tlh="0" tlh="38538328" />
  <largest-consumer threadName="main" threadId="0000000002035F00" bytes="38538328" />
</allocation-stats>
<gc-op id="5957" type="mark" timems="8.759" contextid="5954" timestamp="2019-08-08T10:56:54.816">
  <trace-info objectcount="596320" scancount="517300" scanbytes="13275200" />
  <finalization candidates="80" enqueued="0" />
  <ownableSynchronizers candidates="21" cleared="0" />
  <references type="soft" candidates="1849" cleared="0" enqueued="0" dynamicThreshold="21" maxThreshold="32" />
  <references type="weak" candidates="5700" cleared="0" enqueued="0" />
  <references type="phantom" candidates="97" cleared="0" enqueued="0" />
  <stringconstants candidates="13275" cleared="0"  />
</gc-op>
<gc-op id="5958" type="sweep" timems="2.094" contextid="5954" timestamp="2019-08-08T10:56:54.818" />
<mem-info id="5959" free="39118480" total="57016320" percent="68">
  <mem type="tenure" free="39118480" total="57016320" percent="68" micro-fragmented="0" macro-fragmented="0">
    <mem type="soa" free="38549136" total="56446976" percent="68" />
    <mem type="loa" free="569344" total="569344" percent="100" />
  </mem>
</mem-info>
<gc-op id="5960" type="compact" timems="25.321" contextid="5954" timestamp="2019-08-08T10:56:54.844">
  <compact-info movecount="1567" movebytes="73624" reason="compact to aid heap contraction" />
</gc-op>
<heap-resize id="5961" type="expand" space="tenure" amount="131072" count="1" timems="0.017" reason="satisfy allocation request" timestamp="2019-08-08T10:56:54.844" />
<gc-end id="5962" type="global" contextid="5954" durationms="36.978" usertimems="66.548" systemtimems="17.654" timestamp="2019-08-08T10:56:54.844" activeThreads="16">
  <mem-info id="5963" free="39187792" total="57147392" percent="68">
    <mem type="tenure" free="39187792" total="57147392" percent="68">
      <mem type="soa" free="38616400" total="56576000" percent="68" />
      <mem type="loa" free="571392" total="571392" percent="100" />
    </mem>
  </mem-info>
</gc-end>
<cycle-end id="5964" type="global" contextid="5954" timestamp="2019-08-08T10:56:54.844" />
  <attribute name="elasticGC enabled" value="1" />
  <attribute name= "numThreadsSpecified" value="16" />
  <attribute name="heapSize specified" value="57016320" />
  <attribute name="Current GC Util" value="45" />
  <attribute name= "Current Time Running" value="163237" />
  <attribute name ="GC Interval" value="0" />
  <attribute name="Target GC Util Change" value ="80.000000" />
  <attribute name="Current GC Util Change" value="45.000000"/>
  <attribute name="Current Error" value="35.000000" />
  <attribute name="Output H" value="57092040"/>
  <attribute name="Output I" value="2072"/>
  <attribute name="Output T" value="16"/>
  <attribute name= "Current Time Running" value="163237" />
  <attribute name="GC Util currently" value="45" />
  <attribute name="CPU Util currently" value="45407909763" />
<allocation-satisfied id="5965" threadId="0000000002035F00" bytesRequested="1016" />
<af-end id="5966" timestamp="2019-08-08T10:56:54.844" threadId="0000000002036888" success="true" />
<exclusive-end id="5967" timestamp="2019-08-08T10:56:54.844" durationms="37.215" />

<exclusive-start id="5968" timestamp="2019-08-08T10:56:54.910" intervalms="102.972">
  <response-info timems="0.043" idlems="0.043" threads="0" lastid="0000000002035F00" lastname="main" />
</exclusive-start>
<af-start id="5969" threadId="0000000002036888" totalBytesRequested="1016" timestamp="2019-08-08T10:56:54.910" intervalms="102.980" />
<cycle-start id="5970" type="global" contextid="0" timestamp="2019-08-08T10:56:54.910" intervalms="102.987" />
<gc-start id="5971" type="global" contextid="5970" timestamp="2019-08-08T10:56:54.910">
  <mem-info id="5972" free="571392" total="57147392" percent="0">
    <mem type="tenure" free="571392" total="57147392" percent="0">
      <mem type="soa" free="0" total="56576000" percent="0" />
      <mem type="loa" free="571392" total="571392" percent="100" />
    </mem>
  </mem-info>
</gc-start>
<allocation-stats totalBytes="38624008" >
  <allocated-bytes non-tlh="0" tlh="38624008" />
  <largest-consumer threadName="main" threadId="0000000002035F00" bytes="38624008" />
</allocation-stats>
<gc-op id="5973" type="mark" timems="11.541" contextid="5970" timestamp="2019-08-08T10:56:54.922">
  <trace-info objectcount="596319" scancount="517301" scanbytes="13275200" />
  <finalization candidates="80" enqueued="0" />
  <ownableSynchronizers candidates="21" cleared="0" />
  <references type="soft" candidates="1849" cleared="0" enqueued="0" dynamicThreshold="21" maxThreshold="32" />
  <references type="weak" candidates="5700" cleared="0" enqueued="0" />
  <references type="phantom" candidates="97" cleared="0" enqueued="0" />
  <stringconstants candidates="13275" cleared="0"  />
</gc-op>
<gc-op id="5974" type="sweep" timems="3.406" contextid="5970" timestamp="2019-08-08T10:56:54.925" />
<mem-info id="5975" free="39254176" total="57147392" percent="68">
  <mem type="tenure" free="39254176" total="57147392" percent="68" micro-fragmented="0" macro-fragmented="0">
    <mem type="soa" free="38682784" total="56576000" percent="68" />
    <mem type="loa" free="571392" total="571392" percent="100" />
  </mem>
</mem-info>
<gc-op id="5976" type="compact" timems="25.600" contextid="5970" timestamp="2019-08-08T10:56:54.951">
  <compact-info movecount="3" movebytes="1080" reason="compact to aid heap contraction" />
</gc-op>
<heap-resize id="5977" type="expand" space="tenure" amount="131072" count="1" timems="0.020" reason="satisfy allocation request" timestamp="2019-08-08T10:56:54.952" />
<gc-end id="5978" type="global" contextid="5970" durationms="41.393" usertimems="73.590" systemtimems="28.650" timestamp="2019-08-08T10:56:54.952" activeThreads="16">
  <mem-info id="5979" free="39319880" total="57278464" percent="68">
    <mem type="tenure" free="39319880" total="57278464" percent="68">
      <mem type="soa" free="38747464" total="56706048" percent="68" />
      <mem type="loa" free="572416" total="572416" percent="100" />
    </mem>
  </mem-info>
</gc-end>
<cycle-end id="5980" type="global" contextid="5970" timestamp="2019-08-08T10:56:54.952" />
  <attribute name="elasticGC enabled" value="1" />
  <attribute name= "numThreadsSpecified" value="16" />
  <attribute name="heapSize specified" value="57147392" />
  <attribute name="Current GC Util" value="59" />
  <attribute name= "Current Time Running" value="163344" />
  <attribute name ="GC Interval" value="0" />
  <attribute name="Target GC Util Change" value ="80.000000" />
  <attribute name="Current GC Util Change" value="59.000000"/>
  <attribute name="Current Error" value="-373.000000" />
  <attribute name="Output H" value="57222648"/>
  <attribute name="Output I" value="1344"/>
  <attribute name="Output T" value="16"/>
  <attribute name= "Current Time Running" value="163344" />
  <attribute name="GC Util currently" value="59" />
  <attribute name="CPU Util currently" value="44956114412" />
<allocation-satisfied id="5981" threadId="0000000002035F00" bytesRequested="1016" />
<af-end id="5982" timestamp="2019-08-08T10:56:54.952" threadId="0000000002036888" success="true" />
<exclusive-end id="5983" timestamp="2019-08-08T10:56:54.952" durationms="41.648" />

<exclusive-start id="5984" timestamp="2019-08-08T10:56:55.062" intervalms="151.457">
  <response-info timems="0.052" idlems="0.052" threads="0" lastid="0000000002035F00" lastname="main" />
</exclusive-start>
<af-start id="5985" threadId="0000000002036888" totalBytesRequested="32" timestamp="2019-08-08T10:56:55.062" intervalms="151.457" />
<cycle-start id="5986" type="global" contextid="0" timestamp="2019-08-08T10:56:55.062" intervalms="151.452" />
<gc-start id="5987" type="global" contextid="5986" timestamp="2019-08-08T10:56:55.062">
  <mem-info id="5988" free="572416" total="57278464" percent="0">
    <mem type="tenure" free="572416" total="57278464" percent="0">
      <mem type="soa" free="0" total="56706048" percent="0" />
      <mem type="loa" free="572416" total="572416" percent="100" />
    </mem>
  </mem-info>
</gc-start>
<allocation-stats totalBytes="38782056" >
  <allocated-bytes non-tlh="0" tlh="38782056" />
  <largest-consumer threadName="main" threadId="0000000002035F00" bytes="38782056" />
</allocation-stats>
<gc-op id="5989" type="mark" timems="11.141" contextid="5986" timestamp="2019-08-08T10:56:55.073">
  <trace-info objectcount="596309" scancount="517289" scanbytes="13275036" />
  <finalization candidates="80" enqueued="0" />
  <ownableSynchronizers candidates="21" cleared="0" />
  <references type="soft" candidates="1849" cleared="0" enqueued="0" dynamicThreshold="21" maxThreshold="32" />
  <references type="weak" candidates="5700" cleared="0" enqueued="0" />
  <references type="phantom" candidates="97" cleared="0" enqueued="0" />
  <stringconstants candidates="13275" cleared="0"  />
</gc-op>
<gc-op id="5990" type="sweep" timems="1.635" contextid="5986" timestamp="2019-08-08T10:56:55.075" />
<mem-info id="5991" free="39388920" total="57278464" percent="68">
  <mem type="tenure" free="39388920" total="57278464" percent="68" micro-fragmented="0" macro-fragmented="0">
    <mem type="soa" free="38816504" total="56706048" percent="68" />
    <mem type="loa" free="572416" total="572416" percent="100" />
  </mem>
</mem-info>
<gc-op id="5992" type="compact" timems="27.241" contextid="5986" timestamp="2019-08-08T10:56:55.102">
  <compact-info movecount="670" movebytes="38192" reason="compact to aid heap contraction" />
</gc-op>
<heap-resize id="5993" type="expand" space="tenure" amount="131072" count="1" timems="0.036" reason="satisfy allocation request" timestamp="2019-08-08T10:56:55.103" />
<gc-end id="5994" type="global" contextid="5986" durationms="41.482" usertimems="105.165" systemtimems="0.000" timestamp="2019-08-08T10:56:55.103" activeThreads="16">
  <mem-info id="5995" free="39455360" total="57409536" percent="68">
    <mem type="tenure" free="39455360" total="57409536" percent="68">
      <mem type="soa" free="38881920" total="56836096" percent="68" />
      <mem type="loa" free="573440" total="573440" percent="100" />
    </mem>
  </mem-info>
</gc-end>
<cycle-end id="5996" type="global" contextid="5986" timestamp="2019-08-08T10:56:55.103" />
  <attribute name="elasticGC enabled" value="1" />
  <attribute name= "numThreadsSpecified" value="16" />
  <attribute name="heapSize specified" value="57278464" />
  <attribute name="Current GC Util" value="34" />
  <attribute name= "Current Time Running" value="163495" />
  <attribute name ="GC Interval" value="0" />
  <attribute name="Target GC Util Change" value ="80.000000" />
  <attribute name="Current GC Util Change" value="34.000000"/>
  <attribute name="Current Error" value="-512.000000" />
  <attribute name="Output H" value="57353560"/>
  <attribute name="Output I" value="1096"/>
  <attribute name="Output T" value="16"/>
  <attribute name= "Current Time Running" value="163495" />
  <attribute name="GC Util currently" value="34" />
  <attribute name="CPU Util currently" value="42301595363" />
<allocation-satisfied id="5997" threadId="0000000002035F00" bytesRequested="32" />
<af-end id="5998" timestamp="2019-08-08T10:56:55.103" threadId="0000000002036888" success="true" />
<exclusive-end id="5999" timestamp="2019-08-08T10:56:55.103" durationms="41.733" />

<exclusive-start id="6000" timestamp="2019-08-08T10:56:55.209" intervalms="147.039">
  <response-info timems="0.050" idlems="0.050" threads="0" lastid="0000000002035F00" lastname="main" />
</exclusive-start>
<af-start id="6001" threadId="0000000002036888" totalBytesRequested="40" timestamp="2019-08-08T10:56:55.209" intervalms="147.058" />
<cycle-start id="6002" type="global" contextid="0" timestamp="2019-08-08T10:56:55.209" intervalms="147.091" />
<gc-start id="6003" type="global" contextid="6002" timestamp="2019-08-08T10:56:55.209">
  <mem-info id="6004" free="573440" total="57409536" percent="0">
    <mem type="tenure" free="573440" total="57409536" percent="0">
      <mem type="soa" free="0" total="56836096" percent="0" />
      <mem type="loa" free="573440" total="573440" percent="100" />
    </mem>
  </mem-info>
</gc-start>
<allocation-stats totalBytes="38940192" >
  <allocated-bytes non-tlh="0" tlh="38940192" />
  <largest-consumer threadName="main" threadId="0000000002035F00" bytes="38940192" />
</allocation-stats>
<gc-op id="6005" type="mark" timems="9.281" contextid="6002" timestamp="2019-08-08T10:56:55.218">
  <trace-info objectcount="596315" scancount="517296" scanbytes="13275324" />
  <finalization candidates="80" enqueued="0" />
  <ownableSynchronizers candidates="21" cleared="0" />
  <references type="soft" candidates="1849" cleared="0" enqueued="0" dynamicThreshold="21" maxThreshold="32" />
  <references type="weak" candidates="5700" cleared="0" enqueued="0" />
  <references type="phantom" candidates="97" cleared="0" enqueued="0" />
  <stringconstants candidates="13275" cleared="0"  />
</gc-op>
<gc-op id="6006" type="sweep" timems="1.883" contextid="6002" timestamp="2019-08-08T10:56:55.220" />
<mem-info id="6007" free="39519840" total="57409536" percent="68">
  <mem type="tenure" free="39519840" total="57409536" percent="68" micro-fragmented="0" macro-fragmented="0">
    <mem type="soa" free="38946400" total="56836096" percent="68" />
    <mem type="loa" free="573440" total="573440" percent="100" />
  </mem>
</mem-info>
<gc-op id="6008" type="compact" timems="27.956" contextid="6002" timestamp="2019-08-08T10:56:55.248">
  <compact-info movecount="656" movebytes="37832" reason="compact to aid heap contraction" />
</gc-op>
<heap-resize id="6009" type="expand" space="tenure" amount="131072" count="1" timems="0.017" reason="satisfy allocation request" timestamp="2019-08-08T10:56:55.250" />
<gc-end id="6010" type="global" contextid="6002" durationms="40.751" usertimems="129.588" systemtimems="0.000" timestamp="2019-08-08T10:56:55.250" activeThreads="16">
  <mem-info id="6011" free="39586168" total="57540608" percent="68">
    <mem type="tenure" free="39586168" total="57540608" percent="68">
      <mem type="soa" free="39011704" total="56966144" percent="68" />
      <mem type="loa" free="574464" total="574464" percent="100" />
    </mem>
  </mem-info>
</gc-end>
<cycle-end id="6012" type="global" contextid="6002" timestamp="2019-08-08T10:56:55.250" />
  <attribute name="elasticGC enabled" value="1" />
  <attribute name= "numThreadsSpecified" value="16" />
  <attribute name="heapSize specified" value="57409536" />
  <attribute name="Current GC Util" value="42" />
  <attribute name= "Current Time Running" value="163642" />
  <attribute name ="GC Interval" value="0" />
  <attribute name="Target GC Util Change" value ="80.000000" />
  <attribute name="Current GC Util Change" value="42.000000"/>
  <attribute name="Current Error" value="38.000000" />
  <attribute name="Output H" value="57485264"/>
  <attribute name="Output I" value="2080"/>
  <attribute name="Output T" value="16"/>
  <attribute name= "Current Time Running" value="163642" />
  <attribute name="GC Util currently" value="42" />
  <attribute name="CPU Util currently" value="41200148547" />
<allocation-satisfied id="6013" threadId="0000000002035F00" bytesRequested="40" />
<af-end id="6014" timestamp="2019-08-08T10:56:55.250" threadId="0000000002036888" success="true" />
<exclusive-end id="6015" timestamp="2019-08-08T10:56:55.250" durationms="41.017" />

<exclusive-start id="6016" timestamp="2019-08-08T10:56:55.318" intervalms="108.774">
  <response-info timems="0.016" idlems="0.016" threads="0" lastid="0000000002035F00" lastname="main" />
</exclusive-start>
<af-start id="6017" threadId="0000000002036888" totalBytesRequested="80" timestamp="2019-08-08T10:56:55.318" intervalms="108.754" />
<cycle-start id="6018" type="global" contextid="0" timestamp="2019-08-08T10:56:55.318" intervalms="108.719" />
<gc-start id="6019" type="global" contextid="6018" timestamp="2019-08-08T10:56:55.318">
  <mem-info id="6020" free="574464" total="57540608" percent="0">
    <mem type="tenure" free="574464" total="57540608" percent="0">
      <mem type="soa" free="0" total="56966144" percent="0" />
      <mem type="loa" free="574464" total="574464" percent="100" />
    </mem>
  </mem-info>
</gc-start>
<allocation-stats totalBytes="39070304" >
  <allocated-bytes non-tlh="0" tlh="39070304" />
  <largest-consumer threadName="main" threadId="0000000002035F00" bytes="39070304" />
</allocation-stats>
<gc-op id="6021" type="mark" timems="8.060" contextid="6018" timestamp="2019-08-08T10:56:55.326">
  <trace-info objectcount="596308" scancount="517290" scanbytes="13275116" />
  <finalization candidates="80" enqueued="0" />
  <ownableSynchronizers candidates="21" cleared="0" />
  <references type="soft" candidates="1849" cleared="0" enqueued="0" dynamicThreshold="22" maxThreshold="32" />
  <references type="weak" candidates="5700" cleared="0" enqueued="0" />
  <references type="phantom" candidates="97" cleared="0" enqueued="0" />
  <stringconstants candidates="13275" cleared="0"  />
</gc-op>
<gc-op id="6022" type="sweep" timems="1.689" contextid="6018" timestamp="2019-08-08T10:56:55.327" />
<mem-info id="6023" free="39651904" total="57540608" percent="68">
  <mem type="tenure" free="39651904" total="57540608" percent="68" micro-fragmented="0" macro-fragmented="0">
    <mem type="soa" free="39077440" total="56966144" percent="68" />
    <mem type="loa" free="574464" total="574464" percent="100" />
  </mem>
</mem-info>
<gc-op id="6024" type="compact" timems="29.418" contextid="6018" timestamp="2019-08-08T10:56:55.357">
  <compact-info movecount="3" movebytes="120" reason="compact to aid heap contraction" />
</gc-op>
<heap-resize id="6025" type="expand" space="tenure" amount="131072" count="1" timems="0.031" reason="satisfy allocation request" timestamp="2019-08-08T10:56:55.359" />
<gc-end id="6026" type="global" contextid="6018" durationms="41.217" usertimems="88.575" systemtimems="0.000" timestamp="2019-08-08T10:56:55.359" activeThreads="16">
  <mem-info id="6027" free="39717456" total="57671680" percent="68">
    <mem type="tenure" free="39717456" total="57671680" percent="68">
      <mem type="soa" free="39140944" total="57095168" percent="68" />
      <mem type="loa" free="576512" total="576512" percent="100" />
    </mem>
  </mem-info>
</gc-end>
<cycle-end id="6028" type="global" contextid="6018" timestamp="2019-08-08T10:56:55.359" />
  <attribute name="elasticGC enabled" value="1" />
  <attribute name= "numThreadsSpecified" value="16" />
  <attribute name="heapSize specified" value="57540608" />
  <attribute name="Current GC Util" value="41" />
  <attribute name= "Current Time Running" value="163751" />
  <attribute name ="GC Interval" value="0" />
  <attribute name="Target GC Util Change" value ="80.000000" />
  <attribute name="Current GC Util Change" value="41.000000"/>
  <attribute name="Current Error" value="-371.000000" />
  <attribute name="Output H" value="57615864"/>
  <attribute name="Output I" value="1352"/>
  <attribute name="Output T" value="16"/>
  <attribute name= "Current Time Running" value="163751" />
  <attribute name="GC Util currently" value="41" />
  <attribute name="CPU Util currently" value="38769985018" />
<allocation-satisfied id="6029" threadId="0000000002035F00" bytesRequested="80" />
<af-end id="6030" timestamp="2019-08-08T10:56:55.359" threadId="0000000002036888" success="true" />
<exclusive-end id="6031" timestamp="2019-08-08T10:56:55.359" durationms="41.406" />

<exclusive-start id="6032" timestamp="2019-08-08T10:56:55.425" intervalms="107.570">
  <response-info timems="0.019" idlems="0.019" threads="0" lastid="0000000002035F00" lastname="main" />
</exclusive-start>
<af-start id="6033" threadId="0000000002036888" totalBytesRequested="16" timestamp="2019-08-08T10:56:55.425" intervalms="107.572" />
<cycle-start id="6034" type="global" contextid="0" timestamp="2019-08-08T10:56:55.425" intervalms="107.575" />
<gc-start id="6035" type="global" contextid="6034" timestamp="2019-08-08T10:56:55.425">
  <mem-info id="6036" free="576512" total="57671680" percent="0">
    <mem type="tenure" free="576512" total="57671680" percent="0">
      <mem type="soa" free="0" total="57095168" percent="0" />
      <mem type="loa" free="576512" total="576512" percent="100" />
    </mem>
  </mem-info>
</gc-start>
<allocation-stats totalBytes="39199216" >
  <allocated-bytes non-tlh="0" tlh="39199216" />
  <largest-consumer threadName="main" threadId="0000000002035F00" bytes="39199216" />
</allocation-stats>
<gc-op id="6037" type="mark" timems="9.519" contextid="6034" timestamp="2019-08-08T10:56:55.435">
  <trace-info objectcount="596313" scancount="517298" scanbytes="13275292" />
  <finalization candidates="80" enqueued="0" />
  <ownableSynchronizers candidates="21" cleared="0" />
  <references type="soft" candidates="1849" cleared="0" enqueued="0" dynamicThreshold="22" maxThreshold="32" />
  <references type="weak" candidates="5700" cleared="0" enqueued="0" />
  <references type="phantom" candidates="97" cleared="0" enqueued="0" />
  <stringconstants candidates="13275" cleared="0"  />
</gc-op>
<gc-op id="6038" type="sweep" timems="1.934" contextid="6034" timestamp="2019-08-08T10:56:55.437" />
<mem-info id="6039" free="39782680" total="57671680" percent="68">
  <mem type="tenure" free="39782680" total="57671680" percent="68" micro-fragmented="0" macro-fragmented="0">
    <mem type="soa" free="39206168" total="57095168" percent="68" />
    <mem type="loa" free="576512" total="576512" percent="100" />
  </mem>
</mem-info>
<gc-op id="6040" type="compact" timems="32.316" contextid="6034" timestamp="2019-08-08T10:56:55.469">
  <compact-info movecount="8" movebytes="304" reason="compact to aid heap contraction" />
</gc-op>
<heap-resize id="6041" type="expand" space="tenure" amount="131072" count="1" timems="0.018" reason="satisfy allocation request" timestamp="2019-08-08T10:56:55.470" />
<gc-end id="6042" type="global" contextid="6034" durationms="45.329" usertimems="94.577" systemtimems="0.000" timestamp="2019-08-08T10:56:55.471" activeThreads="16">
  <mem-info id="6043" free="39848344" total="57802752" percent="68">
    <mem type="tenure" free="39848344" total="57802752" percent="68">
      <mem type="soa" free="39270808" total="57225216" percent="68" />
      <mem type="loa" free="577536" total="577536" percent="100" />
    </mem>
  </mem-info>
</gc-end>
<cycle-end id="6044" type="global" contextid="6034" timestamp="2019-08-08T10:56:55.471" />
  <attribute name="elasticGC enabled" value="1" />
  <attribute name= "numThreadsSpecified" value="16" />
  <attribute name="heapSize specified" value="57671680" />
  <attribute name="Current GC Util" value="39" />
  <attribute name= "Current Time Running" value="163862" />
  <attribute name ="GC Interval" value="0" />
  <attribute name="Target GC Util Change" value ="80.000000" />
  <attribute name="Current GC Util Change" value="39.000000"/>
  <attribute name="Current Error" value="-476.000000" />
  <attribute name="Output H" value="57746816"/>
  <attribute name="Output I" value="1160"/>
  <attribute name="Output T" value="16"/>
  <attribute name= "Current Time Running" value="163862" />
  <attribute name="GC Util currently" value="39" />
  <attribute name="CPU Util currently" value="35635162437" />
<allocation-satisfied id="6045" threadId="0000000002035F00" bytesRequested="16" />
<af-end id="6046" timestamp="2019-08-08T10:56:55.471" threadId="0000000002036888" success="true" />
<exclusive-end id="6047" timestamp="2019-08-08T10:56:55.471" durationms="45.623" />

<exclusive-start id="6048" timestamp="2019-08-08T10:56:55.539" intervalms="113.617">
  <response-info timems="0.019" idlems="0.019" threads="0" lastid="0000000002035F00" lastname="main" />
</exclusive-start>
<af-start id="6049" threadId="0000000002036888" totalBytesRequested="24" timestamp="2019-08-08T10:56:55.539" intervalms="113.626" />
<cycle-start id="6050" type="global" contextid="0" timestamp="2019-08-08T10:56:55.539" intervalms="113.627" />
<gc-start id="6051" type="global" contextid="6050" timestamp="2019-08-08T10:56:55.539">
  <mem-info id="6052" free="577536" total="57802752" percent="0">
    <mem type="tenure" free="577536" total="57802752" percent="0">
      <mem type="soa" free="0" total="57225216" percent="0" />
      <mem type="loa" free="577536" total="577536" percent="100" />
    </mem>
  </mem-info>
</gc-start>
<allocation-stats totalBytes="39328792" >
  <allocated-bytes non-tlh="0" tlh="39328792" />
  <largest-consumer threadName="main" threadId="0000000002035F00" bytes="39328792" />
</allocation-stats>
<gc-op id="6053" type="mark" timems="10.725" contextid="6050" timestamp="2019-08-08T10:56:55.550">
  <trace-info objectcount="596312" scancount="517300" scanbytes="13275328" />
  <finalization candidates="80" enqueued="0" />
  <ownableSynchronizers candidates="21" cleared="0" />
  <references type="soft" candidates="1849" cleared="0" enqueued="0" dynamicThreshold="22" maxThreshold="32" />
  <references type="weak" candidates="5700" cleared="0" enqueued="0" />
  <references type="phantom" candidates="97" cleared="0" enqueued="0" />
  <stringconstants candidates="13275" cleared="0"  />
</gc-op>
<gc-op id="6054" type="sweep" timems="1.409" contextid="6050" timestamp="2019-08-08T10:56:55.551" />
<mem-info id="6055" free="39913848" total="57802752" percent="69">
  <mem type="tenure" free="39913848" total="57802752" percent="69" micro-fragmented="0" macro-fragmented="0">
    <mem type="soa" free="39336312" total="57225216" percent="68" />
    <mem type="loa" free="577536" total="577536" percent="100" />
  </mem>
</mem-info>
<gc-op id="6056" type="compact" timems="31.697" contextid="6050" timestamp="2019-08-08T10:56:55.583">
  <compact-info movecount="7" movebytes="336" reason="compact to aid heap contraction" />
</gc-op>
<heap-resize id="6057" type="expand" space="tenure" amount="131072" count="1" timems="0.019" reason="satisfy allocation request" timestamp="2019-08-08T10:56:55.590" />
<gc-end id="6058" type="global" contextid="6050" durationms="51.228" usertimems="112.792" systemtimems="35.421" timestamp="2019-08-08T10:56:55.590" activeThreads="16">
  <mem-info id="6059" free="39979384" total="57933824" percent="69">
    <mem type="tenure" free="39979384" total="57933824" percent="69">
      <mem type="soa" free="39400824" total="57355264" percent="68" />
      <mem type="loa" free="578560" total="578560" percent="100" />
    </mem>
  </mem-info>
</gc-end>
<cycle-end id="6060" type="global" contextid="6050" timestamp="2019-08-08T10:56:55.591" />
  <attribute name="elasticGC enabled" value="1" />
  <attribute name= "numThreadsSpecified" value="16" />
  <attribute name="heapSize specified" value="57802752" />
  <attribute name="Current GC Util" value="131" />
  <attribute name= "Current Time Running" value="163976" />
  <attribute name ="GC Interval" value="0" />
  <attribute name="Target GC Util Change" value ="80.000000" />
  <attribute name="Current GC Util Change" value="131.000000"/>
  <attribute name="Current Error" value="-51.000000" />
  <attribute name="Output H" value="57878376"/>
  <attribute name="Output I" value="1920"/>
  <attribute name="Output T" value="16"/>
  <attribute name= "Current Time Running" value="163976" />
  <attribute name="GC Util currently" value="131" />
  <attribute name="CPU Util currently" value="36346266213" />
<allocation-satisfied id="6061" threadId="0000000002035F00" bytesRequested="24" />
<af-end id="6062" timestamp="2019-08-08T10:56:55.591" threadId="0000000002036888" success="true" />
<exclusive-end id="6063" timestamp="2019-08-08T10:56:55.591" durationms="51.900" />

<exclusive-start id="6064" timestamp="2019-08-08T10:56:55.659" intervalms="120.251">
  <response-info timems="0.016" idlems="0.016" threads="0" lastid="0000000002035F00" lastname="main" />
</exclusive-start>
<af-start id="6065" threadId="0000000002036888" totalBytesRequested="80" timestamp="2019-08-08T10:56:55.659" intervalms="120.263" />
<cycle-start id="6066" type="global" contextid="0" timestamp="2019-08-08T10:56:55.659" intervalms="120.271" />
<gc-start id="6067" type="global" contextid="6066" timestamp="2019-08-08T10:56:55.659">
  <mem-info id="6068" free="578560" total="57933824" percent="0">
    <mem type="tenure" free="578560" total="57933824" percent="0">
      <mem type="soa" free="0" total="57355264" percent="0" />
      <mem type="loa" free="578560" total="578560" percent="100" />
    </mem>
  </mem-info>
</gc-start>
<allocation-stats totalBytes="39458984" >
  <allocated-bytes non-tlh="0" tlh="39458984" />
  <largest-consumer threadName="main" threadId="0000000002035F00" bytes="39458984" />
</allocation-stats>
<gc-op id="6069" type="mark" timems="17.599" contextid="6066" timestamp="2019-08-08T10:56:55.677">
  <trace-info objectcount="596309" scancount="517292" scanbytes="13275132" />
  <finalization candidates="80" enqueued="0" />
  <ownableSynchronizers candidates="21" cleared="0" />
  <references type="soft" candidates="1849" cleared="0" enqueued="0" dynamicThreshold="22" maxThreshold="32" />
  <references type="weak" candidates="5700" cleared="0" enqueued="0" />
  <references type="phantom" candidates="97" cleared="0" enqueued="0" />
  <stringconstants candidates="13275" cleared="0"  />
</gc-op>
<gc-op id="6070" type="sweep" timems="3.771" contextid="6066" timestamp="2019-08-08T10:56:55.681" />
<mem-info id="6071" free="40045064" total="57933824" percent="69">
  <mem type="tenure" free="40045064" total="57933824" percent="69" micro-fragmented="0" macro-fragmented="0">
    <mem type="soa" free="39466504" total="57355264" percent="68" />
    <mem type="loa" free="578560" total="578560" percent="100" />
  </mem>
</mem-info>
<gc-op id="6072" type="compact" timems="24.214" contextid="6066" timestamp="2019-08-08T10:56:55.705">
  <compact-info movecount="4" movebytes="136" reason="compact to aid heap contraction" />
</gc-op>
<heap-resize id="6073" type="expand" space="tenure" amount="131072" count="1" timems="0.016" reason="satisfy allocation request" timestamp="2019-08-08T10:56:55.707" />
<gc-end id="6074" type="global" contextid="6066" durationms="48.790" usertimems="121.815" systemtimems="39.534" timestamp="2019-08-08T10:56:55.708" activeThreads="16">
  <mem-info id="6075" free="40110656" total="58064896" percent="69">
    <mem type="tenure" free="40110656" total="58064896" percent="69">
      <mem type="soa" free="39530048" total="57484288" percent="68" />
      <mem type="loa" free="580608" total="580608" percent="100" />
    </mem>
  </mem-info>
</gc-end>
<cycle-end id="6076" type="global" contextid="6066" timestamp="2019-08-08T10:56:55.708" />
  <attribute name="elasticGC enabled" value="1" />
  <attribute name= "numThreadsSpecified" value="16" />
  <attribute name="heapSize specified" value="57933824" />
  <attribute name="Current GC Util" value="65" />
  <attribute name= "Current Time Running" value="164098" />
  <attribute name ="GC Interval" value="0" />
  <attribute name="Target GC Util Change" value ="80.000000" />
  <attribute name="Current GC Util Change" value="65.000000"/>
  <attribute name="Current Error" value="-631.000000" />
  <attribute name="Output H" value="58008776"/>
  <attribute name="Output I" value="888"/>
  <attribute name="Output T" value="16"/>
  <attribute name= "Current Time Running" value="164098" />
  <attribute name="GC Util currently" value="65" />
  <attribute name="CPU Util currently" value="47577875754" />
<allocation-satisfied id="6077" threadId="0000000002035F00" bytesRequested="80" />
<af-end id="6078" timestamp="2019-08-08T10:56:55.708" threadId="0000000002036888" success="true" />
<exclusive-end id="6079" timestamp="2019-08-08T10:56:55.708" durationms="49.098" />

<exclusive-start id="6080" timestamp="2019-08-08T10:56:55.734" intervalms="74.831">
  <response-info timems="0.018" idlems="0.018" threads="0" lastid="0000000002035F00" lastname="main" />
</exclusive-start>
<af-start id="6081" threadId="0000000002036888" totalBytesRequested="584" timestamp="2019-08-08T10:56:55.734" intervalms="74.943" />
<cycle-start id="6082" type="global" contextid="0" timestamp="2019-08-08T10:56:55.734" intervalms="74.938" />
<gc-start id="6083" type="global" contextid="6082" timestamp="2019-08-08T10:56:55.734">
  <mem-info id="6084" free="580608" total="58064896" percent="0">
    <mem type="tenure" free="580608" total="58064896" percent="0">
      <mem type="soa" free="0" total="57484288" percent="0" />
      <mem type="loa" free="580608" total="580608" percent="100" />
    </mem>
  </mem-info>
</gc-start>
<allocation-stats totalBytes="39549480" >
  <allocated-bytes non-tlh="0" tlh="39549480" />
  <largest-consumer threadName="main" threadId="0000000002035F00" bytes="39549480" />
</allocation-stats>
<gc-op id="6085" type="mark" timems="10.199" contextid="6082" timestamp="2019-08-08T10:56:55.744">
  <trace-info objectcount="596311" scancount="517294" scanbytes="13275096" />
  <finalization candidates="80" enqueued="0" />
  <ownableSynchronizers candidates="21" cleared="0" />
  <references type="soft" candidates="1849" cleared="0" enqueued="0" dynamicThreshold="22" maxThreshold="32" />
  <references type="weak" candidates="5700" cleared="0" enqueued="0" />
  <references type="phantom" candidates="97" cleared="0" enqueued="0" />
  <stringconstants candidates="13275" cleared="0"  />
</gc-op>
<gc-op id="6086" type="sweep" timems="3.052" contextid="6082" timestamp="2019-08-08T10:56:55.747" />
<mem-info id="6087" free="40174632" total="58064896" percent="69">
  <mem type="tenure" free="40174632" total="58064896" percent="69" micro-fragmented="0" macro-fragmented="0">
    <mem type="soa" free="39594024" total="57484288" percent="68" />
    <mem type="loa" free="580608" total="580608" percent="100" />
  </mem>
</mem-info>
<gc-op id="6088" type="compact" timems="36.236" contextid="6082" timestamp="2019-08-08T10:56:55.784">
  <compact-info movecount="634" movebytes="37616" reason="compact to aid heap contraction" />
</gc-op>
<heap-resize id="6089" type="expand" space="tenure" amount="131072" count="1" timems="0.019" reason="satisfy allocation request" timestamp="2019-08-08T10:56:55.785" />
<gc-end id="6090" type="global" contextid="6082" durationms="50.474" usertimems="79.574" systemtimems="28.657" timestamp="2019-08-08T10:56:55.785" activeThreads="16">
  <mem-info id="6091" free="40241184" total="58195968" percent="69">
    <mem type="tenure" free="40241184" total="58195968" percent="69">
      <mem type="soa" free="39659552" total="57614336" percent="68" />
      <mem type="loa" free="581632" total="581632" percent="100" />
    </mem>
  </mem-info>
</gc-end>
<cycle-end id="6092" type="global" contextid="6082" timestamp="2019-08-08T10:56:55.785" />
  <attribute name="elasticGC enabled" value="1" />
  <attribute name= "numThreadsSpecified" value="16" />
  <attribute name="heapSize specified" value="58064896" />
  <attribute name="Current GC Util" value="40" />
  <attribute name= "Current Time Running" value="164177" />
  <attribute name ="GC Interval" value="0" />
  <attribute name="Target GC Util Change" value ="80.000000" />
  <attribute name="Current GC Util Change" value="40.000000"/>
  <attribute name="Current Error" value="-477.000000" />
  <attribute name="Output H" value="58140032"/>
  <attribute name="Output I" value="1160"/>
  <attribute name="Output T" value="16"/>
  <attribute name= "Current Time Running" value="164177" />
  <attribute name="GC Util currently" value="40" />
  <attribute name="CPU Util currently" value="31781195898" />
<allocation-satisfied id="6093" threadId="0000000002035F00" bytesRequested="584" />
<af-end id="6094" timestamp="2019-08-08T10:56:55.785" threadId="0000000002036888" success="true" />
<exclusive-end id="6095" timestamp="2019-08-08T10:56:55.785" durationms="50.844" />

<exclusive-start id="6096" timestamp="2019-08-08T10:56:55.792" intervalms="57.758">
  <response-info timems="0.025" idlems="0.025" threads="0" lastid="0000000002035F00" lastname="main" />
</exclusive-start>
<af-start id="6097" threadId="0000000002036888" totalBytesRequested="584" timestamp="2019-08-08T10:56:55.792" intervalms="57.640" />
<cycle-start id="6098" type="global" contextid="0" timestamp="2019-08-08T10:56:55.792" intervalms="57.643" />
<gc-start id="6099" type="global" contextid="6098" timestamp="2019-08-08T10:56:55.792">
  <mem-info id="6100" free="581632" total="58195968" percent="0">
    <mem type="tenure" free="581632" total="58195968" percent="0">
      <mem type="soa" free="0" total="57614336" percent="0" />
      <mem type="loa" free="581632" total="581632" percent="100" />
    </mem>
  </mem-info>
</gc-start>
<allocation-stats totalBytes="39671104" >
  <allocated-bytes non-tlh="0" tlh="39671104" />
  <largest-consumer threadName="main" threadId="0000000002035F00" bytes="39671104" />
</allocation-stats>
<gc-op id="6101" type="mark" timems="9.321" contextid="6098" timestamp="2019-08-08T10:56:55.801">
  <trace-info objectcount="596311" scancount="517296" scanbytes="13275096" />
  <finalization candidates="80" enqueued="0" />
  <ownableSynchronizers candidates="21" cleared="0" />
  <references type="soft" candidates="1849" cleared="0" enqueued="0" dynamicThreshold="22" maxThreshold="32" />
  <references type="weak" candidates="5700" cleared="0" enqueued="0" />
  <references type="phantom" candidates="97" cleared="0" enqueued="0" />
  <stringconstants candidates="13275" cleared="0"  />
</gc-op>
<gc-op id="6102" type="sweep" timems="2.163" contextid="6098" timestamp="2019-08-08T10:56:55.803" />
<mem-info id="6103" free="40306544" total="58195968" percent="69">
  <mem type="tenure" free="40306544" total="58195968" percent="69" micro-fragmented="0" macro-fragmented="0">
    <mem type="soa" free="39724912" total="57614336" percent="68" />
    <mem type="loa" free="581632" total="581632" percent="100" />
  </mem>
</mem-info>
<gc-op id="6104" type="compact" timems="27.800" contextid="6098" timestamp="2019-08-08T10:56:55.831">
  <compact-info movecount="4" movebytes="112" reason="compact to aid heap contraction" />
</gc-op>
<heap-resize id="6105" type="expand" space="tenure" amount="131072" count="1" timems="0.020" reason="satisfy allocation request" timestamp="2019-08-08T10:56:55.832" />
<gc-end id="6106" type="global" contextid="6098" durationms="40.039" usertimems="71.072" systemtimems="22.438" timestamp="2019-08-08T10:56:55.832" activeThreads="16">
  <mem-info id="6107" free="40372256" total="58327040" percent="69">
    <mem type="tenure" free="40372256" total="58327040" percent="69">
      <mem type="soa" free="39789600" total="57744384" percent="68" />
      <mem type="loa" free="582656" total="582656" percent="100" />
    </mem>
  </mem-info>
</gc-end>
<cycle-end id="6108" type="global" contextid="6098" timestamp="2019-08-08T10:56:55.832" />
  <attribute name="elasticGC enabled" value="1" />
  <attribute name= "numThreadsSpecified" value="16" />
  <attribute name="heapSize specified" value="58195968" />
  <attribute name="Current GC Util" value="48" />
  <attribute name= "Current Time Running" value="164224" />
  <attribute name ="GC Interval" value="0" />
  <attribute name="Target GC Util Change" value ="80.000000" />
  <attribute name="Current GC Util Change" value="48.000000"/>
  <attribute name="Current Error" value="32.000000" />
  <attribute name="Output H" value="58271688"/>
  <attribute name="Output I" value="2072"/>
  <attribute name="Output T" value="16"/>
  <attribute name= "Current Time Running" value="164224" />
  <attribute name="GC Util currently" value="48" />
  <attribute name="CPU Util currently" value="41434985521" />
<allocation-satisfied id="6109" threadId="0000000002035F00" bytesRequested="584" />
<af-end id="6110" timestamp="2019-08-08T10:56:55.832" threadId="0000000002036888" success="true" />
<exclusive-end id="6111" timestamp="2019-08-08T10:56:55.832" durationms="40.471" />

<exclusive-start id="6112" timestamp="2019-08-08T10:56:55.840" intervalms="48.235">
  <response-info timems="0.019" idlems="0.019" threads="0" lastid="0000000002035F00" lastname="main" />
</exclusive-start>
<af-start id="6113" threadId="0000000002036888" totalBytesRequested="40" timestamp="2019-08-08T10:56:55.840" intervalms="48.370" />
<cycle-start id="6114" type="global" contextid="0" timestamp="2019-08-08T10:56:55.840" intervalms="48.363" />
<gc-start id="6115" type="global" contextid="6114" timestamp="2019-08-08T10:56:55.840">
  <mem-info id="6116" free="582656" total="58327040" percent="0">
    <mem type="tenure" free="582656" total="58327040" percent="0">
      <mem type="soa" free="0" total="57744384" percent="0" />
      <mem type="loa" free="582656" total="582656" percent="100" />
    </mem>
  </mem-info>
</gc-start>
<allocation-stats totalBytes="39801288" >
  <allocated-bytes non-tlh="0" tlh="39801288" />
  <largest-consumer threadName="main" threadId="0000000002035F00" bytes="39801288" />
</allocation-stats>
<gc-op id="6117" type="mark" timems="20.375" contextid="6114" timestamp="2019-08-08T10:56:55.860">
  <trace-info objectcount="596309" scancount="517294" scanbytes="13275040" />
  <finalization candidates="80" enqueued="0" />
  <ownableSynchronizers candidates="21" cleared="0" />
  <references type="soft" candidates="1849" cleared="0" enqueued="0" dynamicThreshold="22" maxThreshold="32" />
  <references type="weak" candidates="5700" cleared="0" enqueued="0" />
  <references type="phantom" candidates="97" cleared="0" enqueued="0" />
  <stringconstants candidates="13275" cleared="0"  />
</gc-op>
<gc-op id="6118" type="sweep" timems="1.974" contextid="6114" timestamp="2019-08-08T10:56:55.862" />
<mem-info id="6119" free="40437808" total="58327040" percent="69">
  <mem type="tenure" free="40437808" total="58327040" percent="69" micro-fragmented="0" macro-fragmented="0">
    <mem type="soa" free="39855152" total="57744384" percent="69" />
    <mem type="loa" free="582656" total="582656" percent="100" />
  </mem>
</mem-info>
<gc-op id="6120" type="compact" timems="35.847" contextid="6114" timestamp="2019-08-08T10:56:55.898">
  <compact-info movecount="2" movebytes="56" reason="compact to aid heap contraction" />
</gc-op>
<heap-resize id="6121" type="expand" space="tenure" amount="131072" count="1" timems="0.020" reason="satisfy allocation request" timestamp="2019-08-08T10:56:55.899" />
<gc-end id="6122" type="global" contextid="6114" durationms="59.418" usertimems="115.431" systemtimems="53.579" timestamp="2019-08-08T10:56:55.899" activeThreads="16">
  <mem-info id="6123" free="40503384" total="58458112" percent="69">
    <mem type="tenure" free="40503384" total="58458112" percent="69">
      <mem type="soa" free="39919704" total="57874432" percent="68" />
      <mem type="loa" free="583680" total="583680" percent="100" />
    </mem>
  </mem-info>
</gc-end>
<cycle-end id="6124" type="global" contextid="6114" timestamp="2019-08-08T10:56:55.900" />
  <attribute name="elasticGC enabled" value="1" />
  <attribute name= "numThreadsSpecified" value="16" />
  <attribute name="heapSize specified" value="58327040" />
  <attribute name="Current GC Util" value="51" />
  <attribute name= "Current Time Running" value="164292" />
  <attribute name ="GC Interval" value="0" />
  <attribute name="Target GC Util Change" value ="80.000000" />
  <attribute name="Current GC Util Change" value="51.000000"/>
  <attribute name="Current Error" value="-733.000000" />
  <attribute name="Output H" value="58401880"/>
  <attribute name="Output I" value="704"/>
  <attribute name="Output T" value="16"/>
  <attribute name= "Current Time Running" value="164292" />
  <attribute name="GC Util currently" value="51" />
  <attribute name="CPU Util currently" value="32135387405" />
<allocation-satisfied id="6125" threadId="0000000002035F00" bytesRequested="40" />
<af-end id="6126" timestamp="2019-08-08T10:56:55.900" threadId="0000000002036888" success="true" />
<exclusive-end id="6127" timestamp="2019-08-08T10:56:55.900" durationms="59.794" />

<exclusive-start id="6128" timestamp="2019-08-08T10:56:55.906" intervalms="66.200">
  <response-info timems="0.018" idlems="0.018" threads="0" lastid="0000000002035F00" lastname="main" />
</exclusive-start>
<af-start id="6129" threadId="0000000002036888" totalBytesRequested="40" timestamp="2019-08-08T10:56:55.906" intervalms="66.046" />
<cycle-start id="6130" type="global" contextid="0" timestamp="2019-08-08T10:56:55.906" intervalms="66.047" />
<gc-start id="6131" type="global" contextid="6130" timestamp="2019-08-08T10:56:55.906">
  <mem-info id="6132" free="583680" total="58458112" percent="0">
    <mem type="tenure" free="583680" total="58458112" percent="0">
      <mem type="soa" free="0" total="57874432" percent="0" />
      <mem type="loa" free="583680" total="583680" percent="100" />
    </mem>
  </mem-info>
</gc-start>
<allocation-stats totalBytes="39930984" >
  <allocated-bytes non-tlh="0" tlh="39930984" />
  <largest-consumer threadName="main" threadId="0000000002035F00" bytes="39930984" />
</allocation-stats>
<gc-op id="6133" type="mark" timems="9.481" contextid="6130" timestamp="2019-08-08T10:56:55.916">
  <trace-info objectcount="596309" scancount="517291" scanbytes="13275040" />
  <finalization candidates="80" enqueued="0" />
  <ownableSynchronizers candidates="21" cleared="0" />
  <references type="soft" candidates="1849" cleared="0" enqueued="0" dynamicThreshold="22" maxThreshold="32" />
  <references type="weak" candidates="5700" cleared="0" enqueued="0" />
  <references type="phantom" candidates="97" cleared="0" enqueued="0" />
  <stringconstants candidates="13275" cleared="0"  />
</gc-op>
<gc-op id="6134" type="sweep" timems="1.753" contextid="6130" timestamp="2019-08-08T10:56:55.917" />
<mem-info id="6135" free="40568864" total="58458112" percent="69">
  <mem type="tenure" free="40568864" total="58458112" percent="69" micro-fragmented="0" macro-fragmented="0">
    <mem type="soa" free="39985184" total="57874432" percent="69" />
    <mem type="loa" free="583680" total="583680" percent="100" />
  </mem>
</mem-info>
<gc-op id="6136" type="compact" timems="33.780" contextid="6130" timestamp="2019-08-08T10:56:55.951">
  <compact-info movecount="2" movebytes="56" reason="compact to aid heap contraction" />
</gc-op>
<heap-resize id="6137" type="expand" space="tenure" amount="131072" count="1" timems="0.022" reason="satisfy allocation request" timestamp="2019-08-08T10:56:55.953" />
<gc-end id="6138" type="global" contextid="6130" durationms="47.233" usertimems="81.041" systemtimems="36.930" timestamp="2019-08-08T10:56:55.953" activeThreads="16">
  <mem-info id="6139" free="40634456" total="58589184" percent="69">
    <mem type="tenure" free="40634456" total="58589184" percent="69">
      <mem type="soa" free="40048728" total="58003456" percent="69" />
      <mem type="loa" free="585728" total="585728" percent="100" />
    </mem>
  </mem-info>
</gc-end>
<cycle-end id="6140" type="global" contextid="6130" timestamp="2019-08-08T10:56:55.953" />
  <attribute name="elasticGC enabled" value="1" />
  <attribute name= "numThreadsSpecified" value="16" />
  <attribute name="heapSize specified" value="58458112" />
  <attribute name="Current GC Util" value="73" />
  <attribute name= "Current Time Running" value="164345" />
  <attribute name ="GC Interval" value="0" />
  <attribute name="Target GC Util Change" value ="80.000000" />
  <attribute name="Current GC Util Change" value="73.000000"/>
  <attribute name="Current Error" value="-576.000000" />
  <attribute name="Output H" value="58533128"/>
  <attribute name="Output I" value="984"/>
  <attribute name="Output T" value="16"/>
  <attribute name= "Current Time Running" value="164345" />
  <attribute name="GC Util currently" value="73" />
  <attribute name="CPU Util currently" value="33881605147" />
<allocation-satisfied id="6141" threadId="0000000002035F00" bytesRequested="40" />
<af-end id="6142" timestamp="2019-08-08T10:56:55.953" threadId="0000000002036888" success="true" />
<exclusive-end id="6143" timestamp="2019-08-08T10:56:55.953" durationms="47.457" />

* Round 2 done in 6.720 seconds.
<exclusive-start id="6144" timestamp="2019-08-08T10:56:55.969" intervalms="62.645">
  <response-info timems="0.020" idlems="0.020" threads="0" lastid="0000000002035F00" lastname="main" />
</exclusive-start>
<af-start id="6145" threadId="0000000002036888" totalBytesRequested="32" timestamp="2019-08-08T10:56:55.969" intervalms="62.650" />
<cycle-start id="6146" type="global" contextid="0" timestamp="2019-08-08T10:56:55.969" intervalms="62.652" />
<gc-start id="6147" type="global" contextid="6146" timestamp="2019-08-08T10:56:55.969">
  <mem-info id="6148" free="585728" total="58589184" percent="0">
    <mem type="tenure" free="585728" total="58589184" percent="0">
      <mem type="soa" free="0" total="58003456" percent="0" />
      <mem type="loa" free="585728" total="585728" percent="100" />
    </mem>
  </mem-info>
</gc-start>
<allocation-stats totalBytes="40068376" >
  <allocated-bytes non-tlh="0" tlh="40068376" />
  <largest-consumer threadName="main" threadId="0000000002035F00" bytes="40068376" />
</allocation-stats>
<gc-op id="6149" type="mark" timems="7.670" contextid="6146" timestamp="2019-08-08T10:56:55.977">
  <trace-info objectcount="596679" scancount="517659" scanbytes="13287076" />
  <finalization candidates="80" enqueued="0" />
  <ownableSynchronizers candidates="21" cleared="0" />
  <references type="soft" candidates="1855" cleared="0" enqueued="0" dynamicThreshold="22" maxThreshold="32" />
  <references type="weak" candidates="5700" cleared="0" enqueued="0" />
  <references type="phantom" candidates="97" cleared="0" enqueued="0" />
  <stringconstants candidates="13275" cleared="0"  />
</gc-op>
<gc-op id="6150" type="sweep" timems="1.529" contextid="6146" timestamp="2019-08-08T10:56:55.978" />
<mem-info id="6151" free="40679456" total="58589184" percent="69">
  <mem type="tenure" free="40679456" total="58589184" percent="69" micro-fragmented="0" macro-fragmented="0">
    <mem type="soa" free="40093728" total="58003456" percent="69" />
    <mem type="loa" free="585728" total="585728" percent="100" />
  </mem>
</mem-info>
<gc-op id="6152" type="compact" timems="25.828" contextid="6146" timestamp="2019-08-08T10:56:56.004">
  <compact-info movecount="1000" movebytes="49160" reason="compact to aid heap contraction" />
</gc-op>
<heap-resize id="6153" type="expand" space="tenure" amount="131072" count="1" timems="0.021" reason="satisfy allocation request" timestamp="2019-08-08T10:56:56.004" />
<gc-end id="6154" type="global" contextid="6146" durationms="35.762" usertimems="67.018" systemtimems="8.878" timestamp="2019-08-08T10:56:56.005" activeThreads="16">
  <mem-info id="6155" free="40753880" total="58720256" percent="69">
    <mem type="tenure" free="40753880" total="58720256" percent="69">
      <mem type="soa" free="40167128" total="58133504" percent="69" />
      <mem type="loa" free="586752" total="586752" percent="100" />
    </mem>
  </mem-info>
</gc-end>
<cycle-end id="6156" type="global" contextid="6146" timestamp="2019-08-08T10:56:56.005" />
  <attribute name="elasticGC enabled" value="1" />
  <attribute name= "numThreadsSpecified" value="16" />
  <attribute name="heapSize specified" value="58589184" />
  <attribute name="Current GC Util" value="36" />
  <attribute name= "Current Time Running" value="164397" />
  <attribute name ="GC Interval" value="0" />
  <attribute name="Target GC Util Change" value ="80.000000" />
  <attribute name="Current GC Util Change" value="36.000000"/>
  <attribute name="Current Error" value="44.000000" />
  <attribute name="Output H" value="58664920"/>
  <attribute name="Output I" value="2088"/>
  <attribute name="Output T" value="16"/>
  <attribute name= "Current Time Running" value="164397" />
  <attribute name="GC Util currently" value="36" />
  <attribute name="CPU Util currently" value="44510496845" />
<allocation-satisfied id="6157" threadId="0000000002035F00" bytesRequested="32" />
<af-end id="6158" timestamp="2019-08-08T10:56:56.005" threadId="0000000002036888" success="true" />
<exclusive-end id="6159" timestamp="2019-08-08T10:56:56.005" durationms="36.049" />

<exclusive-start id="6160" timestamp="2019-08-08T10:56:56.046" intervalms="77.229">
  <response-info timems="0.016" idlems="0.016" threads="0" lastid="0000000002035F00" lastname="main" />
</exclusive-start>
<af-start id="6161" threadId="0000000002036888" totalBytesRequested="32" timestamp="2019-08-08T10:56:56.046" intervalms="77.329" />
<cycle-start id="6162" type="global" contextid="0" timestamp="2019-08-08T10:56:56.046" intervalms="77.326" />
<gc-start id="6163" type="global" contextid="6162" timestamp="2019-08-08T10:56:56.046">
  <mem-info id="6164" free="586752" total="58720256" percent="0">
    <mem type="tenure" free="586752" total="58720256" percent="0">
      <mem type="soa" free="0" total="58133504" percent="0" />
      <mem type="loa" free="586752" total="586752" percent="100" />
    </mem>
  </mem-info>
</gc-start>
<allocation-stats totalBytes="40228672" >
  <allocated-bytes non-tlh="0" tlh="40228672" />
  <largest-consumer threadName="main" threadId="0000000002035F00" bytes="40228672" />
</allocation-stats>
<gc-op id="6165" type="mark" timems="19.572" contextid="6162" timestamp="2019-08-08T10:56:56.066">
  <trace-info objectcount="596685" scancount="517669" scanbytes="13287268" />
  <finalization candidates="80" enqueued="0" />
  <ownableSynchronizers candidates="21" cleared="0" />
  <references type="soft" candidates="1855" cleared="0" enqueued="0" dynamicThreshold="22" maxThreshold="32" />
  <references type="weak" candidates="5700" cleared="0" enqueued="0" />
  <references type="phantom" candidates="97" cleared="0" enqueued="0" />
  <stringconstants candidates="13275" cleared="0"  />
</gc-op>
<gc-op id="6166" type="sweep" timems="1.640" contextid="6162" timestamp="2019-08-08T10:56:56.067" />
<mem-info id="6167" free="40818592" total="58720256" percent="69">
  <mem type="tenure" free="40818592" total="58720256" percent="69" micro-fragmented="0" macro-fragmented="0">
    <mem type="soa" free="40231840" total="58133504" percent="69" />
    <mem type="loa" free="586752" total="586752" percent="100" />
  </mem>
</mem-info>
<gc-op id="6168" type="compact" timems="24.822" contextid="6162" timestamp="2019-08-08T10:56:56.092">
  <compact-info movecount="821" movebytes="42760" reason="compact to aid heap contraction" />
</gc-op>
<heap-resize id="6169" type="expand" space="tenure" amount="131072" count="1" timems="0.021" reason="satisfy allocation request" timestamp="2019-08-08T10:56:56.093" />
<gc-end id="6170" type="global" contextid="6162" durationms="46.901" usertimems="110.192" systemtimems="22.766" timestamp="2019-08-08T10:56:56.093" activeThreads="16">
  <mem-info id="6171" free="40884760" total="58851328" percent="69">
    <mem type="tenure" free="40884760" total="58851328" percent="69">
      <mem type="soa" free="40296984" total="58263552" percent="69" />
      <mem type="loa" free="587776" total="587776" percent="100" />
    </mem>
  </mem-info>
</gc-end>
<cycle-end id="6172" type="global" contextid="6162" timestamp="2019-08-08T10:56:56.093" />
  <attribute name="elasticGC enabled" value="1" />
  <attribute name= "numThreadsSpecified" value="16" />
  <attribute name="heapSize specified" value="58720256" />
  <attribute name="Current GC Util" value="78" />
  <attribute name= "Current Time Running" value="164486" />
  <attribute name ="GC Interval" value="0" />
  <attribute name="Target GC Util Change" value ="80.000000" />
  <attribute name="Current GC Util Change" value="78.000000"/>
  <attribute name="Current Error" value="-361.000000" />
  <attribute name="Output H" value="58795520"/>
  <attribute name="Output I" value="1368"/>
  <attribute name="Output T" value="16"/>
  <attribute name= "Current Time Running" value="164486" />
  <attribute name="GC Util currently" value="78" />
  <attribute name="CPU Util currently" value="46383729359" />
<allocation-satisfied id="6173" threadId="0000000002035F00" bytesRequested="32" />
<af-end id="6174" timestamp="2019-08-08T10:56:56.093" threadId="0000000002036888" success="true" />
<exclusive-end id="6175" timestamp="2019-08-08T10:56:56.093" durationms="47.200" />

<exclusive-start id="6176" timestamp="2019-08-08T10:56:56.294" intervalms="248.208">
  <response-info timems="0.016" idlems="0.016" threads="0" lastid="0000000002035F00" lastname="main" />
</exclusive-start>
<af-start id="6177" threadId="0000000002036888" totalBytesRequested="1168" timestamp="2019-08-08T10:56:56.294" intervalms="248.271" />
<cycle-start id="6178" type="global" contextid="0" timestamp="2019-08-08T10:56:56.294" intervalms="248.271" />
<gc-start id="6179" type="global" contextid="6178" timestamp="2019-08-08T10:56:56.294">
  <mem-info id="6180" free="587776" total="58851328" percent="0">
    <mem type="tenure" free="587776" total="58851328" percent="0">
      <mem type="soa" free="0" total="58263552" percent="0" />
      <mem type="loa" free="587776" total="587776" percent="100" />
    </mem>
  </mem-info>
</gc-start>
<allocation-stats totalBytes="40249336" >
  <allocated-bytes non-tlh="0" tlh="40249336" />
  <largest-consumer threadName="main" threadId="0000000002035F00" bytes="40249336" />
</allocation-stats>
<gc-op id="6181" type="mark" timems="13.625" contextid="6178" timestamp="2019-08-08T10:56:56.308">
  <trace-info objectcount="596696" scancount="517676" scanbytes="13287468" />
  <finalization candidates="80" enqueued="0" />
  <ownableSynchronizers candidates="21" cleared="0" />
  <references type="soft" candidates="1855" cleared="0" enqueued="0" dynamicThreshold="22" maxThreshold="32" />
  <references type="weak" candidates="5700" cleared="0" enqueued="0" />
  <references type="phantom" candidates="97" cleared="0" enqueued="0" />
  <stringconstants candidates="13275" cleared="0"  />
</gc-op>
<gc-op id="6182" type="sweep" timems="3.270" contextid="6178" timestamp="2019-08-08T10:56:56.311" />
<mem-info id="6183" free="40946632" total="58851328" percent="69">
  <mem type="tenure" free="40946632" total="58851328" percent="69" micro-fragmented="0" macro-fragmented="0">
    <mem type="soa" free="40358856" total="58263552" percent="69" />
    <mem type="loa" free="587776" total="587776" percent="100" />
  </mem>
</mem-info>
<gc-op id="6184" type="compact" timems="38.869" contextid="6178" timestamp="2019-08-08T10:56:56.350">
  <compact-info movecount="831" movebytes="44152" reason="compact to aid heap contraction" />
</gc-op>
<heap-resize id="6185" type="expand" space="tenure" amount="131072" count="1" timems="0.018" reason="satisfy allocation request" timestamp="2019-08-08T10:56:56.352" />
<gc-end id="6186" type="global" contextid="6178" durationms="57.983" usertimems="110.018" systemtimems="19.214" timestamp="2019-08-08T10:56:56.352" activeThreads="16">
  <mem-info id="6187" free="41014416" total="58982400" percent="69">
    <mem type="tenure" free="41014416" total="58982400" percent="69">
      <mem type="soa" free="40424592" total="58392576" percent="69" />
      <mem type="loa" free="589824" total="589824" percent="100" />
    </mem>
  </mem-info>
</gc-end>
<cycle-end id="6188" type="global" contextid="6178" timestamp="2019-08-08T10:56:56.352" />
  <attribute name="elasticGC enabled" value="1" />
  <attribute name= "numThreadsSpecified" value="16" />
  <attribute name="heapSize specified" value="58851328" />
  <attribute name="Current GC Util" value="124" />
  <attribute name= "Current Time Running" value="164744" />
  <attribute name ="GC Interval" value="0" />
  <attribute name="Target GC Util Change" value ="80.000000" />
  <attribute name="Current GC Util Change" value="124.000000"/>
  <attribute name="Current Error" value="-539.000000" />
  <attribute name="Output H" value="58926392"/>
  <attribute name="Output I" value="1048"/>
  <attribute name="Output T" value="16"/>
  <attribute name= "Current Time Running" value="164744" />
  <attribute name="GC Util currently" value="124" />
  <attribute name="CPU Util currently" value="29633186489" />
<allocation-satisfied id="6189" threadId="0000000002035F00" bytesRequested="1168" />
<af-end id="6190" timestamp="2019-08-08T10:56:56.352" threadId="0000000002036888" success="true" />
<exclusive-end id="6191" timestamp="2019-08-08T10:56:56.352" durationms="58.365" />

<exclusive-start id="6192" timestamp="2019-08-08T10:56:56.358" intervalms="64.233">
  <response-info timems="0.020" idlems="0.020" threads="0" lastid="0000000002035F00" lastname="main" />
</exclusive-start>
<af-start id="6193" threadId="0000000002036888" totalBytesRequested="1168" timestamp="2019-08-08T10:56:56.358" intervalms="64.077" />
<cycle-start id="6194" type="global" contextid="0" timestamp="2019-08-08T10:56:56.358" intervalms="64.086" />
<gc-start id="6195" type="global" contextid="6194" timestamp="2019-08-08T10:56:56.358">
  <mem-info id="6196" free="589824" total="58982400" percent="1">
    <mem type="tenure" free="589824" total="58982400" percent="1">
      <mem type="soa" free="0" total="58392576" percent="0" />
      <mem type="loa" free="589824" total="589824" percent="100" />
    </mem>
  </mem-info>
</gc-start>
<allocation-stats totalBytes="40344000" >
  <allocated-bytes non-tlh="0" tlh="40344000" />
  <largest-consumer threadName="main" threadId="0000000002035F00" bytes="40344000" />
</allocation-stats>
<gc-op id="6197" type="mark" timems="11.441" contextid="6194" timestamp="2019-08-08T10:56:56.370">
  <trace-info objectcount="596697" scancount="517679" scanbytes="13287492" />
  <finalization candidates="80" enqueued="0" />
  <ownableSynchronizers candidates="21" cleared="0" />
  <references type="soft" candidates="1855" cleared="0" enqueued="0" dynamicThreshold="22" maxThreshold="32" />
  <references type="weak" candidates="5700" cleared="0" enqueued="0" />
  <references type="phantom" candidates="97" cleared="0" enqueued="0" />
  <stringconstants candidates="13275" cleared="0"  />
</gc-op>
<gc-op id="6198" type="sweep" timems="4.653" contextid="6194" timestamp="2019-08-08T10:56:56.375" />
<mem-info id="6199" free="41079224" total="58982400" percent="69">
  <mem type="tenure" free="41079224" total="58982400" percent="69" micro-fragmented="0" macro-fragmented="0">
    <mem type="soa" free="40489400" total="58392576" percent="69" />
    <mem type="loa" free="589824" total="589824" percent="100" />
  </mem>
</mem-info>
<gc-op id="6200" type="compact" timems="41.723" contextid="6194" timestamp="2019-08-08T10:56:56.416">
  <compact-info movecount="2" movebytes="56" reason="compact to aid heap contraction" />
</gc-op>
<heap-resize id="6201" type="expand" space="tenure" amount="131072" count="1" timems="0.021" reason="satisfy allocation request" timestamp="2019-08-08T10:56:56.418" />
<gc-end id="6202" type="global" contextid="6194" durationms="59.569" usertimems="75.328" systemtimems="19.539" timestamp="2019-08-08T10:56:56.418" activeThreads="16">
  <mem-info id="6203" free="41145464" total="59113472" percent="69">
    <mem type="tenure" free="41145464" total="59113472" percent="69">
      <mem type="soa" free="40554616" total="58522624" percent="69" />
      <mem type="loa" free="590848" total="590848" percent="100" />
    </mem>
  </mem-info>
</gc-end>
<cycle-end id="6204" type="global" contextid="6194" timestamp="2019-08-08T10:56:56.418" />
  <attribute name="elasticGC enabled" value="1" />
  <attribute name= "numThreadsSpecified" value="16" />
  <attribute name="heapSize specified" value="58982400" />
  <attribute name="Current GC Util" value="44" />
  <attribute name= "Current Time Running" value="164810" />
  <attribute name ="GC Interval" value="0" />
  <attribute name="Target GC Util Change" value ="80.000000" />
  <attribute name="Current GC Util Change" value="44.000000"/>
  <attribute name="Current Error" value="36.000000" />
  <attribute name="Output H" value="59058128"/>
  <attribute name="Output I" value="2072"/>
  <attribute name="Output T" value="16"/>
  <attribute name= "Current Time Running" value="164810" />
  <attribute name="GC Util currently" value="44" />
  <attribute name="CPU Util currently" value="27655559618" />
<allocation-satisfied id="6205" threadId="0000000002035F00" bytesRequested="1168" />
<af-end id="6206" timestamp="2019-08-08T10:56:56.418" threadId="0000000002036888" success="true" />
<exclusive-end id="6207" timestamp="2019-08-08T10:56:56.418" durationms="59.821" />

<exclusive-start id="6208" timestamp="2019-08-08T10:56:56.424" intervalms="66.046">
  <response-info timems="0.016" idlems="0.016" threads="0" lastid="0000000002035F00" lastname="main" />
</exclusive-start>
<af-start id="6209" threadId="0000000002036888" totalBytesRequested="1168" timestamp="2019-08-08T10:56:56.424" intervalms="66.095" />
<cycle-start id="6210" type="global" contextid="0" timestamp="2019-08-08T10:56:56.424" intervalms="66.083" />
<gc-start id="6211" type="global" contextid="6210" timestamp="2019-08-08T10:56:56.425">
  <mem-info id="6212" free="590848" total="59113472" percent="0">
    <mem type="tenure" free="590848" total="59113472" percent="0">
      <mem type="soa" free="0" total="58522624" percent="0" />
      <mem type="loa" free="590848" total="590848" percent="100" />
    </mem>
  </mem-info>
</gc-start>
<allocation-stats totalBytes="40483272" >
  <allocated-bytes non-tlh="0" tlh="40483272" />
  <largest-consumer threadName="main" threadId="0000000002035F00" bytes="40483272" />
</allocation-stats>
<gc-op id="6213" type="mark" timems="20.390" contextid="6210" timestamp="2019-08-08T10:56:56.445">
  <trace-info objectcount="596697" scancount="517679" scanbytes="13287492" />
  <finalization candidates="80" enqueued="0" />
  <ownableSynchronizers candidates="21" cleared="0" />
  <references type="soft" candidates="1855" cleared="0" enqueued="0" dynamicThreshold="22" maxThreshold="32" />
  <references type="weak" candidates="5700" cleared="0" enqueued="0" />
  <references type="phantom" candidates="97" cleared="0" enqueued="0" />
  <stringconstants candidates="13275" cleared="0"  />
</gc-op>
<gc-op id="6214" type="sweep" timems="4.107" contextid="6210" timestamp="2019-08-08T10:56:56.449" />
<mem-info id="6215" free="41211000" total="59113472" percent="69">
  <mem type="tenure" free="41211000" total="59113472" percent="69" micro-fragmented="0" macro-fragmented="0">
    <mem type="soa" free="40620152" total="58522624" percent="69" />
    <mem type="loa" free="590848" total="590848" percent="100" />
  </mem>
</mem-info>
<gc-op id="6216" type="compact" timems="55.724" contextid="6210" timestamp="2019-08-08T10:56:56.505">
  <compact-info movecount="2" movebytes="56" reason="compact to aid heap contraction" />
</gc-op>
<heap-resize id="6217" type="expand" space="tenure" amount="131072" count="1" timems="0.019" reason="satisfy allocation request" timestamp="2019-08-08T10:56:56.506" />
<gc-end id="6218" type="global" contextid="6210" durationms="81.075" usertimems="83.464" systemtimems="47.027" timestamp="2019-08-08T10:56:56.506" activeThreads="16">
  <mem-info id="6219" free="41276536" total="59244544" percent="69">
    <mem type="tenure" free="41276536" total="59244544" percent="69">
      <mem type="soa" free="40684664" total="58652672" percent="69" />
      <mem type="loa" free="591872" total="591872" percent="100" />
    </mem>
  </mem-info>
</gc-end>
<cycle-end id="6220" type="global" contextid="6210" timestamp="2019-08-08T10:56:56.506" />
  <attribute name="elasticGC enabled" value="1" />
  <attribute name= "numThreadsSpecified" value="16" />
  <attribute name="heapSize specified" value="59113472" />
  <attribute name="Current GC Util" value="35" />
  <attribute name= "Current Time Running" value="164898" />
  <attribute name ="GC Interval" value="0" />
  <attribute name="Target GC Util Change" value ="80.000000" />
  <attribute name="Current GC Util Change" value="35.000000"/>
  <attribute name="Current Error" value="-520.000000" />
  <attribute name="Output H" value="59188552"/>
  <attribute name="Output I" value="1080"/>
  <attribute name="Output T" value="16"/>
  <attribute name= "Current Time Running" value="164898" />
  <attribute name="GC Util currently" value="35" />
  <attribute name="CPU Util currently" value="20685275852" />
<allocation-satisfied id="6221" threadId="0000000002035F00" bytesRequested="1168" />
<af-end id="6222" timestamp="2019-08-08T10:56:56.506" threadId="0000000002036888" success="true" />
<exclusive-end id="6223" timestamp="2019-08-08T10:56:56.506" durationms="81.324" />

<exclusive-start id="6224" timestamp="2019-08-08T10:56:56.510" intervalms="85.755">
  <response-info timems="0.018" idlems="0.018" threads="0" lastid="0000000002035F00" lastname="main" />
</exclusive-start>
<af-start id="6225" threadId="0000000002036888" totalBytesRequested="1168" timestamp="2019-08-08T10:56:56.510" intervalms="85.750" />
<cycle-start id="6226" type="global" contextid="0" timestamp="2019-08-08T10:56:56.510" intervalms="85.757" />
<gc-start id="6227" type="global" contextid="6226" timestamp="2019-08-08T10:56:56.510">
  <mem-info id="6228" free="591872" total="59244544" percent="0">
    <mem type="tenure" free="591872" total="59244544" percent="0">
      <mem type="soa" free="0" total="58652672" percent="0" />
      <mem type="loa" free="591872" total="591872" percent="100" />
    </mem>
  </mem-info>
</gc-start>
<allocation-stats totalBytes="40612680" >
  <allocated-bytes non-tlh="0" tlh="40612680" />
  <largest-consumer threadName="main" threadId="0000000002035F00" bytes="40612680" />
</allocation-stats>
<gc-op id="6229" type="mark" timems="17.420" contextid="6226" timestamp="2019-08-08T10:56:56.528">
  <trace-info objectcount="596697" scancount="517684" scanbytes="13287492" />
  <finalization candidates="80" enqueued="0" />
  <ownableSynchronizers candidates="21" cleared="0" />
  <references type="soft" candidates="1855" cleared="0" enqueued="0" dynamicThreshold="22" maxThreshold="32" />
  <references type="weak" candidates="5700" cleared="0" enqueued="0" />
  <references type="phantom" candidates="97" cleared="0" enqueued="0" />
  <stringconstants candidates="13275" cleared="0"  />
</gc-op>
<gc-op id="6230" type="sweep" timems="5.427" contextid="6226" timestamp="2019-08-08T10:56:56.533" />
<mem-info id="6231" free="41342072" total="59244544" percent="69">
  <mem type="tenure" free="41342072" total="59244544" percent="69" micro-fragmented="0" macro-fragmented="0">
    <mem type="soa" free="40750200" total="58652672" percent="69" />
    <mem type="loa" free="591872" total="591872" percent="100" />
  </mem>
</mem-info>
<gc-op id="6232" type="compact" timems="27.941" contextid="6226" timestamp="2019-08-08T10:56:56.561">
  <compact-info movecount="2" movebytes="56" reason="compact to aid heap contraction" />
</gc-op>
<heap-resize id="6233" type="expand" space="tenure" amount="131072" count="1" timems="0.020" reason="satisfy allocation request" timestamp="2019-08-08T10:56:56.562" />
<gc-end id="6234" type="global" contextid="6226" durationms="51.608" usertimems="66.787" systemtimems="17.717" timestamp="2019-08-08T10:56:56.562" activeThreads="16">
  <mem-info id="6235" free="41407608" total="59375616" percent="69">
    <mem type="tenure" free="41407608" total="59375616" percent="69">
      <mem type="soa" free="40814712" total="58782720" percent="69" />
      <mem type="loa" free="592896" total="592896" percent="100" />
    </mem>
  </mem-info>
</gc-end>
<cycle-end id="6236" type="global" contextid="6226" timestamp="2019-08-08T10:56:56.562" />
  <attribute name="elasticGC enabled" value="1" />
  <attribute name= "numThreadsSpecified" value="16" />
  <attribute name="heapSize specified" value="59244544" />
  <attribute name="Current GC Util" value="42" />
  <attribute name= "Current Time Running" value="164955" />
  <attribute name ="GC Interval" value="0" />
  <attribute name="Target GC Util Change" value ="80.000000" />
  <attribute name="Current GC Util Change" value="42.000000"/>
  <attribute name="Current Error" value="-67.000000" />
  <attribute name="Output H" value="59320152"/>
  <attribute name="Output I" value="1896"/>
  <attribute name="Output T" value="16"/>
  <attribute name= "Current Time Running" value="164955" />
  <attribute name="GC Util currently" value="42" />
  <attribute name="CPU Util currently" value="41312493182" />
<allocation-satisfied id="6237" threadId="0000000002035F00" bytesRequested="1168" />
<af-end id="6238" timestamp="2019-08-08T10:56:56.562" threadId="0000000002036888" success="true" />
<exclusive-end id="6239" timestamp="2019-08-08T10:56:56.562" durationms="51.865" />

<exclusive-start id="6240" timestamp="2019-08-08T10:56:56.566" intervalms="55.936">
  <response-info timems="0.017" idlems="0.017" threads="0" lastid="0000000002035F00" lastname="main" />
</exclusive-start>
<af-start id="6241" threadId="0000000002036888" totalBytesRequested="1168" timestamp="2019-08-08T10:56:56.566" intervalms="55.880" />
<cycle-start id="6242" type="global" contextid="0" timestamp="2019-08-08T10:56:56.566" intervalms="55.872" />
<gc-start id="6243" type="global" contextid="6242" timestamp="2019-08-08T10:56:56.566">
  <mem-info id="6244" free="592896" total="59375616" percent="0">
    <mem type="tenure" free="592896" total="59375616" percent="0">
      <mem type="soa" free="0" total="58782720" percent="0" />
      <mem type="loa" free="592896" total="592896" percent="100" />
    </mem>
  </mem-info>
</gc-start>
<allocation-stats totalBytes="40743320" >
  <allocated-bytes non-tlh="0" tlh="40743320" />
  <largest-consumer threadName="main" threadId="0000000002035F00" bytes="40743320" />
</allocation-stats>
<gc-op id="6245" type="mark" timems="8.593" contextid="6242" timestamp="2019-08-08T10:56:56.575">
  <trace-info objectcount="596697" scancount="517682" scanbytes="13287492" />
  <finalization candidates="80" enqueued="0" />
  <ownableSynchronizers candidates="21" cleared="0" />
  <references type="soft" candidates="1855" cleared="0" enqueued="0" dynamicThreshold="22" maxThreshold="32" />
  <references type="weak" candidates="5700" cleared="0" enqueued="0" />
  <references type="phantom" candidates="97" cleared="0" enqueued="0" />
  <stringconstants candidates="13275" cleared="0"  />
</gc-op>
<gc-op id="6246" type="sweep" timems="6.615" contextid="6242" timestamp="2019-08-08T10:56:56.581" />
<mem-info id="6247" free="41473072" total="59375616" percent="69">
  <mem type="tenure" free="41473072" total="59375616" percent="69" micro-fragmented="0" macro-fragmented="0">
    <mem type="soa" free="40880176" total="58782720" percent="69" />
    <mem type="loa" free="592896" total="592896" percent="100" />
  </mem>
</mem-info>
<gc-op id="6248" type="compact" timems="28.422" contextid="6242" timestamp="2019-08-08T10:56:56.610">
  <compact-info movecount="2" movebytes="56" reason="compact to aid heap contraction" />
</gc-op>
<heap-resize id="6249" type="expand" space="tenure" amount="131072" count="1" timems="0.017" reason="satisfy allocation request" timestamp="2019-08-08T10:56:56.611" />
<gc-end id="6250" type="global" contextid="6242" durationms="44.387" usertimems="75.765" systemtimems="16.026" timestamp="2019-08-08T10:56:56.611" activeThreads="16">
  <mem-info id="6251" free="41538680" total="59506688" percent="69">
    <mem type="tenure" free="41538680" total="59506688" percent="69">
      <mem type="soa" free="40943736" total="58911744" percent="69" />
      <mem type="loa" free="594944" total="594944" percent="100" />
    </mem>
  </mem-info>
</gc-end>
<cycle-end id="6252" type="global" contextid="6242" timestamp="2019-08-08T10:56:56.611" />
  <attribute name="elasticGC enabled" value="1" />
  <attribute name= "numThreadsSpecified" value="16" />
  <attribute name="heapSize specified" value="59375616" />
  <attribute name="Current GC Util" value="38" />
  <attribute name= "Current Time Running" value="165003" />
  <attribute name ="GC Interval" value="0" />
  <attribute name="Target GC Util Change" value ="80.000000" />
  <attribute name="Current GC Util Change" value="38.000000"/>
  <attribute name="Current Error" value="42.000000" />
  <attribute name="Output H" value="59451344"/>
  <attribute name="Output I" value="2088"/>
  <attribute name="Output T" value="16"/>
  <attribute name= "Current Time Running" value="165003" />
  <attribute name="GC Util currently" value="38" />
  <attribute name="CPU Util currently" value="40562159427" />
<allocation-satisfied id="6253" threadId="0000000002035F00" bytesRequested="1168" />
<af-end id="6254" timestamp="2019-08-08T10:56:56.611" threadId="0000000002036888" success="true" />
<exclusive-end id="6255" timestamp="2019-08-08T10:56:56.611" durationms="44.580" />

<exclusive-start id="6256" timestamp="2019-08-08T10:56:56.615" intervalms="48.518">
  <response-info timems="0.019" idlems="0.019" threads="0" lastid="0000000002035F00" lastname="main" />
</exclusive-start>
<af-start id="6257" threadId="0000000002036888" totalBytesRequested="1168" timestamp="2019-08-08T10:56:56.615" intervalms="48.519" />
<cycle-start id="6258" type="global" contextid="0" timestamp="2019-08-08T10:56:56.615" intervalms="48.524" />
<gc-start id="6259" type="global" contextid="6258" timestamp="2019-08-08T10:56:56.615">
  <mem-info id="6260" free="594944" total="59506688" percent="0">
    <mem type="tenure" free="594944" total="59506688" percent="0">
      <mem type="soa" free="0" total="58911744" percent="0" />
      <mem type="loa" free="594944" total="594944" percent="100" />
    </mem>
  </mem-info>
</gc-start>
<allocation-stats totalBytes="40871520" >
  <allocated-bytes non-tlh="0" tlh="40871520" />
  <largest-consumer threadName="main" threadId="0000000002035F00" bytes="40871520" />
</allocation-stats>
<gc-op id="6261" type="mark" timems="9.659" contextid="6258" timestamp="2019-08-08T10:56:56.624">
  <trace-info objectcount="596697" scancount="517681" scanbytes="13287492" />
  <finalization candidates="80" enqueued="0" />
  <ownableSynchronizers candidates="21" cleared="0" />
  <references type="soft" candidates="1855" cleared="0" enqueued="0" dynamicThreshold="22" maxThreshold="32" />
  <references type="weak" candidates="5700" cleared="0" enqueued="0" />
  <references type="phantom" candidates="97" cleared="0" enqueued="0" />
  <stringconstants candidates="13275" cleared="0"  />
</gc-op>
<gc-op id="6262" type="sweep" timems="2.211" contextid="6258" timestamp="2019-08-08T10:56:56.627" />
<mem-info id="6263" free="41603752" total="59506688" percent="69">
  <mem type="tenure" free="41603752" total="59506688" percent="69" micro-fragmented="0" macro-fragmented="0">
    <mem type="soa" free="41008808" total="58911744" percent="69" />
    <mem type="loa" free="594944" total="594944" percent="100" />
  </mem>
</mem-info>
<gc-op id="6264" type="compact" timems="29.702" contextid="6258" timestamp="2019-08-08T10:56:56.656">
  <compact-info movecount="2" movebytes="56" reason="compact to aid heap contraction" />
</gc-op>
<heap-resize id="6265" type="expand" space="tenure" amount="131072" count="1" timems="0.017" reason="satisfy allocation request" timestamp="2019-08-08T10:56:56.657" />
<gc-end id="6266" type="global" contextid="6258" durationms="42.697" usertimems="80.387" systemtimems="14.598" timestamp="2019-08-08T10:56:56.657" activeThreads="16">
  <mem-info id="6267" free="41669752" total="59637760" percent="69">
    <mem type="tenure" free="41669752" total="59637760" percent="69">
      <mem type="soa" free="41073784" total="59041792" percent="69" />
      <mem type="loa" free="595968" total="595968" percent="100" />
    </mem>
  </mem-info>
</gc-end>
<cycle-end id="6268" type="global" contextid="6258" timestamp="2019-08-08T10:56:56.657" />
  <attribute name="elasticGC enabled" value="1" />
  <attribute name= "numThreadsSpecified" value="16" />
  <attribute name="heapSize specified" value="59506688" />
  <attribute name="Current GC Util" value="44" />
  <attribute name= "Current Time Running" value="165050" />
  <attribute name ="GC Interval" value="0" />
  <attribute name="Target GC Util Change" value ="80.000000" />
  <attribute name="Current GC Util Change" value="44.000000"/>
  <attribute name="Current Error" value="-970.000000" />
  <attribute name="Output H" value="59581248"/>
  <attribute name="Output I" value="280"/>
  <attribute name="Output T" value="16"/>
  <attribute name= "Current Time Running" value="165050" />
  <attribute name="GC Util currently" value="44" />
  <attribute name="CPU Util currently" value="38761151207" />
<allocation-satisfied id="6269" threadId="0000000002035F00" bytesRequested="1168" />
<af-end id="6270" timestamp="2019-08-08T10:56:56.657" threadId="0000000002036888" success="true" />
<exclusive-end id="6271" timestamp="2019-08-08T10:56:56.657" durationms="42.913" />

<exclusive-start id="6272" timestamp="2019-08-08T10:56:56.662" intervalms="47.355">
  <response-info timems="0.020" idlems="0.020" threads="0" lastid="0000000002035F00" lastname="main" />
</exclusive-start>
<af-start id="6273" threadId="0000000002036888" totalBytesRequested="1168" timestamp="2019-08-08T10:56:56.662" intervalms="47.363" />
<cycle-start id="6274" type="global" contextid="0" timestamp="2019-08-08T10:56:56.662" intervalms="47.368" />
<gc-start id="6275" type="global" contextid="6274" timestamp="2019-08-08T10:56:56.662">
  <mem-info id="6276" free="595968" total="59637760" percent="0">
    <mem type="tenure" free="595968" total="59637760" percent="0">
      <mem type="soa" free="0" total="59041792" percent="0" />
      <mem type="loa" free="595968" total="595968" percent="100" />
    </mem>
  </mem-info>
</gc-start>
<allocation-stats totalBytes="41000904" >
  <allocated-bytes non-tlh="0" tlh="41000904" />
  <largest-consumer threadName="main" threadId="0000000002035F00" bytes="41000904" />
</allocation-stats>
<gc-op id="6277" type="mark" timems="8.788" contextid="6274" timestamp="2019-08-08T10:56:56.671">
  <trace-info objectcount="596697" scancount="517675" scanbytes="13287492" />
  <finalization candidates="80" enqueued="0" />
  <ownableSynchronizers candidates="21" cleared="0" />
  <references type="soft" candidates="1855" cleared="0" enqueued="0" dynamicThreshold="22" maxThreshold="32" />
  <references type="weak" candidates="5700" cleared="0" enqueued="0" />
  <references type="phantom" candidates="97" cleared="0" enqueued="0" />
  <stringconstants candidates="13275" cleared="0"  />
</gc-op>
<gc-op id="6278" type="sweep" timems="6.060" contextid="6274" timestamp="2019-08-08T10:56:56.677" />
<mem-info id="6279" free="41734592" total="59637760" percent="69">
  <mem type="tenure" free="41734592" total="59637760" percent="69" micro-fragmented="0" macro-fragmented="0">
    <mem type="soa" free="41138624" total="59041792" percent="69" />
    <mem type="loa" free="595968" total="595968" percent="100" />
  </mem>
</mem-info>
<gc-op id="6280" type="compact" timems="35.876" contextid="6274" timestamp="2019-08-08T10:56:56.713">
  <compact-info movecount="2" movebytes="56" reason="compact to aid heap contraction" />
</gc-op>
<heap-resize id="6281" type="expand" space="tenure" amount="131072" count="1" timems="0.018" reason="satisfy allocation request" timestamp="2019-08-08T10:56:56.714" />
<gc-end id="6282" type="global" contextid="6274" durationms="51.542" usertimems="83.484" systemtimems="22.408" timestamp="2019-08-08T10:56:56.714" activeThreads="16">
  <mem-info id="6283" free="41800824" total="59768832" percent="69">
    <mem type="tenure" free="41800824" total="59768832" percent="69">
      <mem type="soa" free="41203832" total="59171840" percent="69" />
      <mem type="loa" free="596992" total="596992" percent="100" />
    </mem>
  </mem-info>
</gc-end>
<cycle-end id="6284" type="global" contextid="6274" timestamp="2019-08-08T10:56:56.714" />
  <attribute name="elasticGC enabled" value="1" />
  <attribute name= "numThreadsSpecified" value="16" />
  <attribute name="heapSize specified" value="59637760" />
  <attribute name="Current GC Util" value="68" />
  <attribute name= "Current Time Running" value="165106" />
  <attribute name ="GC Interval" value="0" />
  <attribute name="Target GC Util Change" value ="80.000000" />
  <attribute name="Current GC Util Change" value="68.000000"/>
  <attribute name="Current Error" value="-354.000000" />
  <attribute name="Output H" value="59713032"/>
  <attribute name="Output I" value="1376"/>
  <attribute name="Output T" value="16"/>
  <attribute name= "Current Time Running" value="165106" />
  <attribute name="GC Util currently" value="68" />
  <attribute name="CPU Util currently" value="32121072984" />
<allocation-satisfied id="6285" threadId="0000000002035F00" bytesRequested="1168" />
<af-end id="6286" timestamp="2019-08-08T10:56:56.714" threadId="0000000002036888" success="true" />
<exclusive-end id="6287" timestamp="2019-08-08T10:56:56.714" durationms="51.774" />

<exclusive-start id="6288" timestamp="2019-08-08T10:56:56.718" intervalms="56.039">
  <response-info timems="0.019" idlems="0.019" threads="0" lastid="0000000002035F00" lastname="main" />
</exclusive-start>
<af-start id="6289" threadId="0000000002036888" totalBytesRequested="1168" timestamp="2019-08-08T10:56:56.718" intervalms="56.034" />
<cycle-start id="6290" type="global" contextid="0" timestamp="2019-08-08T10:56:56.718" intervalms="56.026" />
<gc-start id="6291" type="global" contextid="6290" timestamp="2019-08-08T10:56:56.718">
  <mem-info id="6292" free="596992" total="59768832" percent="0">
    <mem type="tenure" free="596992" total="59768832" percent="0">
      <mem type="soa" free="0" total="59171840" percent="0" />
      <mem type="loa" free="596992" total="596992" percent="100" />
    </mem>
  </mem-info>
</gc-start>
<allocation-stats totalBytes="41130312" >
  <allocated-bytes non-tlh="0" tlh="41130312" />
  <largest-consumer threadName="main" threadId="0000000002035F00" bytes="41130312" />
</allocation-stats>
<gc-op id="6293" type="mark" timems="8.942" contextid="6290" timestamp="2019-08-08T10:56:56.727">
  <trace-info objectcount="596697" scancount="517683" scanbytes="13287492" />
  <finalization candidates="80" enqueued="0" />
  <ownableSynchronizers candidates="21" cleared="0" />
  <references type="soft" candidates="1855" cleared="0" enqueued="0" dynamicThreshold="22" maxThreshold="32" />
  <references type="weak" candidates="5700" cleared="0" enqueued="0" />
  <references type="phantom" candidates="97" cleared="0" enqueued="0" />
  <stringconstants candidates="13275" cleared="0"  />
</gc-op>
<gc-op id="6294" type="sweep" timems="1.893" contextid="6290" timestamp="2019-08-08T10:56:56.729" />
<mem-info id="6295" free="41866360" total="59768832" percent="70">
  <mem type="tenure" free="41866360" total="59768832" percent="70" micro-fragmented="0" macro-fragmented="0">
    <mem type="soa" free="41269368" total="59171840" percent="69" />
    <mem type="loa" free="596992" total="596992" percent="100" />
  </mem>
</mem-info>
<gc-op id="6296" type="compact" timems="33.824" contextid="6290" timestamp="2019-08-08T10:56:56.763">
  <compact-info movecount="2" movebytes="56" reason="compact to aid heap contraction" />
</gc-op>
<heap-resize id="6297" type="expand" space="tenure" amount="131072" count="1" timems="0.025" reason="satisfy allocation request" timestamp="2019-08-08T10:56:56.764" />
<gc-end id="6298" type="global" contextid="6290" durationms="45.569" usertimems="71.390" systemtimems="24.080" timestamp="2019-08-08T10:56:56.764" activeThreads="16">
  <mem-info id="6299" free="41931896" total="59899904" percent="70">
    <mem type="tenure" free="41931896" total="59899904" percent="70">
      <mem type="soa" free="41333880" total="59301888" percent="69" />
      <mem type="loa" free="598016" total="598016" percent="100" />
    </mem>
  </mem-info>
</gc-end>
<cycle-end id="6300" type="global" contextid="6290" timestamp="2019-08-08T10:56:56.764" />
  <attribute name="elasticGC enabled" value="1" />
  <attribute name= "numThreadsSpecified" value="16" />
  <attribute name="heapSize specified" value="59768832" />
  <attribute name="Current GC Util" value="40" />
  <attribute name= "Current Time Running" value="165156" />
  <attribute name ="GC Interval" value="0" />
  <attribute name="Target GC Util Change" value ="80.000000" />
  <attribute name="Current GC Util Change" value="40.000000"/>
  <attribute name="Current Error" value="40.000000" />
  <attribute name="Output H" value="59844560"/>
  <attribute name="Output I" value="2080"/>
  <attribute name="Output T" value="16"/>
  <attribute name= "Current Time Running" value="165156" />
  <attribute name="GC Util currently" value="40" />
  <attribute name="CPU Util currently" value="34032573503" />
<allocation-satisfied id="6301" threadId="0000000002035F00" bytesRequested="1168" />
<af-end id="6302" timestamp="2019-08-08T10:56:56.764" threadId="0000000002036888" success="true" />
<exclusive-end id="6303" timestamp="2019-08-08T10:56:56.764" durationms="45.810" />

<exclusive-start id="6304" timestamp="2019-08-08T10:56:56.769" intervalms="50.895">
  <response-info timems="0.022" idlems="0.022" threads="0" lastid="0000000002035F00" lastname="main" />
</exclusive-start>
<af-start id="6305" threadId="0000000002036888" totalBytesRequested="1168" timestamp="2019-08-08T10:56:56.769" intervalms="50.902" />
<cycle-start id="6306" type="global" contextid="0" timestamp="2019-08-08T10:56:56.769" intervalms="50.911" />
<gc-start id="6307" type="global" contextid="6306" timestamp="2019-08-08T10:56:56.769">
  <mem-info id="6308" free="598016" total="59899904" percent="0">
    <mem type="tenure" free="598016" total="59899904" percent="0">
      <mem type="soa" free="0" total="59301888" percent="0" />
      <mem type="loa" free="598016" total="598016" percent="100" />
    </mem>
  </mem-info>
</gc-start>
<allocation-stats totalBytes="41259744" >
  <allocated-bytes non-tlh="0" tlh="41259744" />
  <largest-consumer threadName="main" threadId="0000000002035F00" bytes="41259744" />
</allocation-stats>
<gc-op id="6309" type="mark" timems="11.157" contextid="6306" timestamp="2019-08-08T10:56:56.780">
  <trace-info objectcount="596679" scancount="517664" scanbytes="13286932" />
  <finalization candidates="80" enqueued="0" />
  <ownableSynchronizers candidates="21" cleared="0" />
  <references type="soft" candidates="1855" cleared="5" enqueued="5" dynamicThreshold="22" maxThreshold="32" />
  <references type="weak" candidates="5700" cleared="0" enqueued="0" />
  <references type="phantom" candidates="97" cleared="0" enqueued="0" />
  <stringconstants candidates="13275" cleared="0"  />
</gc-op>
<gc-op id="6310" type="sweep" timems="3.796" contextid="6306" timestamp="2019-08-08T10:56:56.784" />
<mem-info id="6311" free="41997432" total="59899904" percent="70">
  <mem type="tenure" free="41997432" total="59899904" percent="70" micro-fragmented="0" macro-fragmented="0">
    <mem type="soa" free="41399416" total="59301888" percent="69" />
    <mem type="loa" free="598016" total="598016" percent="100" />
  </mem>
  <pending-finalizers system="0" default="0" reference="5" classloader="0" />
</mem-info>
<gc-op id="6312" type="compact" timems="39.731" contextid="6306" timestamp="2019-08-08T10:56:56.824">
  <compact-info movecount="518" movebytes="35392" reason="compact to aid heap contraction" />
</gc-op>
<heap-resize id="6313" type="expand" space="tenure" amount="131072" count="1" timems="0.024" reason="satisfy allocation request" timestamp="2019-08-08T10:56:56.826" />
<gc-end id="6314" type="global" contextid="6306" durationms="57.539" usertimems="69.180" systemtimems="49.819" timestamp="2019-08-08T10:56:56.827" activeThreads="16">
  <mem-info id="6315" free="42063528" total="60030976" percent="70">
    <mem type="tenure" free="42063528" total="60030976" percent="70">
      <mem type="soa" free="41463464" total="59430912" percent="69" />
      <mem type="loa" free="600064" total="600064" percent="100" />
    </mem>
    <pending-finalizers system="0" default="0" reference="5" classloader="0" />
  </mem-info>
</gc-end>
<cycle-end id="6316" type="global" contextid="6306" timestamp="2019-08-08T10:56:56.827" />
  <attribute name="elasticGC enabled" value="1" />
  <attribute name= "numThreadsSpecified" value="16" />
  <attribute name="heapSize specified" value="59899904" />
  <attribute name="Current GC Util" value="121" />
  <attribute name= "Current Time Running" value="165217" />
  <attribute name ="GC Interval" value="0" />
  <attribute name="Target GC Util Change" value ="80.000000" />
  <attribute name="Current GC Util Change" value="121.000000"/>
  <attribute name="Current Error" value="-898.000000" />
  <attribute name="Output H" value="59974552"/>
  <attribute name="Output I" value="408"/>
  <attribute name="Output T" value="16"/>
  <attribute name= "Current Time Running" value="165217" />
  <attribute name="GC Util currently" value="121" />
  <attribute name="CPU Util currently" value="28986431478" />
<allocation-satisfied id="6317" threadId="0000000002035F00" bytesRequested="1168" />
<af-end id="6318" timestamp="2019-08-08T10:56:56.827" threadId="0000000002036888" success="true" />
<exclusive-end id="6319" timestamp="2019-08-08T10:56:56.827" durationms="57.833" />

<exclusive-start id="6320" timestamp="2019-08-08T10:56:56.833" intervalms="64.437">
  <response-info timems="0.023" idlems="0.023" threads="0" lastid="0000000002035F00" lastname="main" />
</exclusive-start>
<af-start id="6321" threadId="0000000002036888" totalBytesRequested="1168" timestamp="2019-08-08T10:56:56.833" intervalms="64.448" />
<cycle-start id="6322" type="global" contextid="0" timestamp="2019-08-08T10:56:56.833" intervalms="64.520" />
<gc-start id="6323" type="global" contextid="6322" timestamp="2019-08-08T10:56:56.834">
  <mem-info id="6324" free="600064" total="60030976" percent="0">
    <mem type="tenure" free="600064" total="60030976" percent="0">
      <mem type="soa" free="0" total="59430912" percent="0" />
      <mem type="loa" free="600064" total="600064" percent="100" />
    </mem>
  </mem-info>
</gc-start>
<allocation-stats totalBytes="41389152" >
  <allocated-bytes non-tlh="0" tlh="41389152" />
  <largest-consumer threadName="main" threadId="0000000002035F00" bytes="41389152" />
</allocation-stats>
<gc-op id="6325" type="mark" timems="20.530" contextid="6322" timestamp="2019-08-08T10:56:56.856">
  <trace-info objectcount="596665" scancount="517647" scanbytes="13286404" />
  <finalization candidates="80" enqueued="0" />
  <ownableSynchronizers candidates="21" cleared="0" />
  <references type="soft" candidates="1850" cleared="0" enqueued="0" dynamicThreshold="22" maxThreshold="32" />
  <references type="weak" candidates="5700" cleared="0" enqueued="0" />
  <references type="phantom" candidates="97" cleared="0" enqueued="0" />
  <stringconstants candidates="13275" cleared="0"  />
</gc-op>
<gc-op id="6326" type="sweep" timems="4.843" contextid="6322" timestamp="2019-08-08T10:56:56.861" />
<mem-info id="6327" free="42129064" total="60030976" percent="70">
  <mem type="tenure" free="42129064" total="60030976" percent="70" micro-fragmented="0" macro-fragmented="0">
    <mem type="soa" free="41529000" total="59430912" percent="69" />
    <mem type="loa" free="600064" total="600064" percent="100" />
  </mem>
</mem-info>
<gc-op id="6328" type="compact" timems="29.780" contextid="6322" timestamp="2019-08-08T10:56:56.890">
  <compact-info movecount="504" movebytes="34864" reason="compact to aid heap contraction" />
</gc-op>
<heap-resize id="6329" type="expand" space="tenure" amount="131072" count="1" timems="0.017" reason="satisfy allocation request" timestamp="2019-08-08T10:56:56.891" />
<gc-end id="6330" type="global" contextid="6322" durationms="57.398" usertimems="75.538" systemtimems="43.559" timestamp="2019-08-08T10:56:56.891" activeThreads="16">
  <mem-info id="6331" free="42195128" total="60162048" percent="70">
    <mem type="tenure" free="42195128" total="60162048" percent="70">
      <mem type="soa" free="41594040" total="59560960" percent="69" />
      <mem type="loa" free="601088" total="601088" percent="100" />
    </mem>
  </mem-info>
</gc-end>
<cycle-end id="6332" type="global" contextid="6322" timestamp="2019-08-08T10:56:56.891" />
  <attribute name="elasticGC enabled" value="1" />
  <attribute name= "numThreadsSpecified" value="16" />
  <attribute name="heapSize specified" value="60030976" />
  <attribute name="Current GC Util" value="60" />
  <attribute name= "Current Time Running" value="165284" />
  <attribute name ="GC Interval" value="0" />
  <attribute name="Target GC Util Change" value ="80.000000" />
  <attribute name="Current GC Util Change" value="60.000000"/>
  <attribute name="Current Error" value="-227.000000" />
  <attribute name="Output H" value="60106400"/>
  <attribute name="Output I" value="1608"/>
  <attribute name="Output T" value="16"/>
  <attribute name= "Current Time Running" value="165284" />
  <attribute name="GC Util currently" value="60" />
  <attribute name="CPU Util currently" value="38416100058" />
<allocation-satisfied id="6333" threadId="0000000002035F00" bytesRequested="1168" />
<af-end id="6334" timestamp="2019-08-08T10:56:56.891" threadId="0000000002036888" success="true" />
<exclusive-end id="6335" timestamp="2019-08-08T10:56:56.891" durationms="57.971" />

<exclusive-start id="6336" timestamp="2019-08-08T10:56:56.898" intervalms="65.105">
  <response-info timems="0.026" idlems="0.026" threads="0" lastid="0000000002035F00" lastname="main" />
</exclusive-start>
<af-start id="6337" threadId="0000000002036888" totalBytesRequested="1168" timestamp="2019-08-08T10:56:56.898" intervalms="65.108" />
<cycle-start id="6338" type="global" contextid="0" timestamp="2019-08-08T10:56:56.899" intervalms="65.156" />
<gc-start id="6339" type="global" contextid="6338" timestamp="2019-08-08T10:56:56.899">
  <mem-info id="6340" free="601088" total="60162048" percent="0">
    <mem type="tenure" free="601088" total="60162048" percent="0">
      <mem type="soa" free="0" total="59560960" percent="0" />
      <mem type="loa" free="601088" total="601088" percent="100" />
    </mem>
  </mem-info>
</gc-start>
<allocation-stats totalBytes="41519768" >
  <allocated-bytes non-tlh="0" tlh="41519768" />
  <largest-consumer threadName="main" threadId="0000000002035F00" bytes="41519768" />
</allocation-stats>
<gc-op id="6341" type="mark" timems="21.065" contextid="6338" timestamp="2019-08-08T10:56:56.921">
  <trace-info objectcount="596654" scancount="517644" scanbytes="13286292" />
  <finalization candidates="80" enqueued="0" />
  <ownableSynchronizers candidates="21" cleared="0" />
  <references type="soft" candidates="1850" cleared="1" enqueued="0" dynamicThreshold="22" maxThreshold="32" />
  <references type="weak" candidates="5700" cleared="0" enqueued="0" />
  <references type="phantom" candidates="97" cleared="0" enqueued="0" />
  <stringconstants candidates="13275" cleared="0"  />
</gc-op>
<gc-op id="6342" type="sweep" timems="2.430" contextid="6338" timestamp="2019-08-08T10:56:56.923" />
<mem-info id="6343" free="42278504" total="60162048" percent="70">
  <mem type="tenure" free="42278504" total="60162048" percent="70" micro-fragmented="0" macro-fragmented="0">
    <mem type="soa" free="41677416" total="59560960" percent="69" />
    <mem type="loa" free="601088" total="601088" percent="100" />
  </mem>
</mem-info>
<gc-op id="6344" type="compact" timems="28.537" contextid="6338" timestamp="2019-08-08T10:56:56.952">
  <compact-info movecount="484" movebytes="16416" reason="compact to aid heap contraction" />
</gc-op>
<heap-resize id="6345" type="expand" space="tenure" amount="131072" count="1" timems="0.027" reason="satisfy allocation request" timestamp="2019-08-08T10:56:56.953" />
<gc-end id="6346" type="global" contextid="6338" durationms="54.741" usertimems="82.403" systemtimems="27.656" timestamp="2019-08-08T10:56:56.953" activeThreads="16">
  <mem-info id="6347" free="42344400" total="60293120" percent="70">
    <mem type="tenure" free="42344400" total="60293120" percent="70">
      <mem type="soa" free="41742288" total="59691008" percent="69" />
      <mem type="loa" free="602112" total="602112" percent="100" />
    </mem>
  </mem-info>
</gc-end>
<cycle-end id="6348" type="global" contextid="6338" timestamp="2019-08-08T10:56:56.954" />
  <attribute name="elasticGC enabled" value="1" />
  <attribute name= "numThreadsSpecified" value="16" />
  <attribute name="heapSize specified" value="60162048" />
  <attribute name="Current GC Util" value="55" />
  <attribute name= "Current Time Running" value="165346" />
  <attribute name ="GC Interval" value="0" />
  <attribute name="Target GC Util Change" value ="80.000000" />
  <attribute name="Current GC Util Change" value="55.000000"/>
  <attribute name="Current Error" value="25.000000" />
  <attribute name="Output H" value="60237760"/>
  <attribute name="Output I" value="2056"/>
  <attribute name="Output T" value="16"/>
  <attribute name= "Current Time Running" value="165346" />
  <attribute name="GC Util currently" value="55" />
  <attribute name="CPU Util currently" value="40220405146" />
<allocation-satisfied id="6349" threadId="0000000002035F00" bytesRequested="1168" />
<af-end id="6350" timestamp="2019-08-08T10:56:56.954" threadId="0000000002036888" success="true" />
<exclusive-end id="6351" timestamp="2019-08-08T10:56:56.954" durationms="55.391" />

<exclusive-start id="6352" timestamp="2019-08-08T10:56:56.961" intervalms="62.585">
  <response-info timems="0.028" idlems="0.028" threads="0" lastid="0000000002035F00" lastname="main" />
</exclusive-start>
<af-start id="6353" threadId="0000000002036888" totalBytesRequested="1168" timestamp="2019-08-08T10:56:56.961" intervalms="62.750" />
<cycle-start id="6354" type="global" contextid="0" timestamp="2019-08-08T10:56:56.961" intervalms="62.655" />
<gc-start id="6355" type="global" contextid="6354" timestamp="2019-08-08T10:56:56.961">
  <mem-info id="6356" free="602112" total="60293120" percent="0">
    <mem type="tenure" free="602112" total="60293120" percent="0">
      <mem type="soa" free="0" total="59691008" percent="0" />
      <mem type="loa" free="602112" total="602112" percent="100" />
    </mem>
  </mem-info>
</gc-start>
<allocation-stats totalBytes="41667680" >
  <allocated-bytes non-tlh="0" tlh="41667680" />
  <largest-consumer threadName="main" threadId="0000000002035F00" bytes="41667680" />
</allocation-stats>
<gc-op id="6357" type="mark" timems="16.579" contextid="6354" timestamp="2019-08-08T10:56:56.978">
  <trace-info objectcount="596654" scancount="517648" scanbytes="13286292" />
  <finalization candidates="80" enqueued="0" />
  <ownableSynchronizers candidates="21" cleared="0" />
  <references type="soft" candidates="1849" cleared="0" enqueued="0" dynamicThreshold="22" maxThreshold="32" />
  <references type="weak" candidates="5700" cleared="0" enqueued="0" />
  <references type="phantom" candidates="97" cleared="0" enqueued="0" />
  <stringconstants candidates="13275" cleared="0"  />
</gc-op>
<gc-op id="6358" type="sweep" timems="4.091" contextid="6354" timestamp="2019-08-08T10:56:56.982" />
<mem-info id="6359" free="42409648" total="60293120" percent="70">
  <mem type="tenure" free="42409648" total="60293120" percent="70" micro-fragmented="0" macro-fragmented="0">
    <mem type="soa" free="41807536" total="59691008" percent="70" />
    <mem type="loa" free="602112" total="602112" percent="100" />
  </mem>
</mem-info>
<gc-op id="6360" type="compact" timems="36.928" contextid="6354" timestamp="2019-08-08T10:56:57.019">
  <compact-info movecount="2" movebytes="56" reason="compact to aid heap contraction" />
</gc-op>
<heap-resize id="6361" type="expand" space="tenure" amount="131072" count="1" timems="0.020" reason="satisfy allocation request" timestamp="2019-08-08T10:56:57.020" />
<gc-end id="6362" type="global" contextid="6354" durationms="59.189" usertimems="99.819" systemtimems="20.317" timestamp="2019-08-08T10:56:57.021" activeThreads="16">
  <mem-info id="6363" free="42475472" total="60424192" percent="70">
    <mem type="tenure" free="42475472" total="60424192" percent="70">
      <mem type="soa" free="41871312" total="59820032" percent="69" />
      <mem type="loa" free="604160" total="604160" percent="100" />
    </mem>
  </mem-info>
</gc-end>
<cycle-end id="6364" type="global" contextid="6354" timestamp="2019-08-08T10:56:57.021" />
  <attribute name="elasticGC enabled" value="1" />
  <attribute name= "numThreadsSpecified" value="16" />
  <attribute name="heapSize specified" value="60293120" />
  <attribute name="Current GC Util" value="38" />
  <attribute name= "Current Time Running" value="165413" />
  <attribute name ="GC Interval" value="0" />
  <attribute name="Target GC Util Change" value ="80.000000" />
  <attribute name="Current GC Util Change" value="38.000000"/>
  <attribute name="Current Error" value="-584.000000" />
  <attribute name="Output H" value="60368128"/>
  <attribute name="Output I" value="968"/>
  <attribute name="Output T" value="16"/>
  <attribute name= "Current Time Running" value="165413" />
  <attribute name="GC Util currently" value="38" />
  <attribute name="CPU Util currently" value="31170895610" />
<allocation-satisfied id="6365" threadId="0000000002035F00" bytesRequested="1168" />
<af-end id="6366" timestamp="2019-08-08T10:56:57.021" threadId="0000000002036888" success="true" />
<exclusive-end id="6367" timestamp="2019-08-08T10:56:57.021" durationms="59.883" />

<exclusive-start id="6368" timestamp="2019-08-08T10:56:57.027" intervalms="65.974">
  <response-info timems="0.043" idlems="0.043" threads="0" lastid="0000000002035F00" lastname="main" />
</exclusive-start>
<af-start id="6369" threadId="0000000002036888" totalBytesRequested="1168" timestamp="2019-08-08T10:56:57.027" intervalms="65.873" />
<cycle-start id="6370" type="global" contextid="0" timestamp="2019-08-08T10:56:57.027" intervalms="65.859" />
<gc-start id="6371" type="global" contextid="6370" timestamp="2019-08-08T10:56:57.027">
  <mem-info id="6372" free="604160" total="60424192" percent="0">
    <mem type="tenure" free="604160" total="60424192" percent="0">
      <mem type="soa" free="0" total="59820032" percent="0" />
      <mem type="loa" free="604160" total="604160" percent="100" />
    </mem>
  </mem-info>
</gc-start>
<allocation-stats totalBytes="41795880" >
  <allocated-bytes non-tlh="0" tlh="41795880" />
  <largest-consumer threadName="main" threadId="0000000002035F00" bytes="41795880" />
</allocation-stats>
<gc-op id="6373" type="mark" timems="23.743" contextid="6370" timestamp="2019-08-08T10:56:57.051">
  <trace-info objectcount="596654" scancount="517643" scanbytes="13286292" />
  <finalization candidates="80" enqueued="0" />
  <ownableSynchronizers candidates="21" cleared="0" />
  <references type="soft" candidates="1849" cleared="0" enqueued="0" dynamicThreshold="22" maxThreshold="32" />
  <references type="weak" candidates="5700" cleared="0" enqueued="0" />
  <references type="phantom" candidates="97" cleared="0" enqueued="0" />
  <stringconstants candidates="13275" cleared="0"  />
</gc-op>
<gc-op id="6374" type="sweep" timems="4.372" contextid="6370" timestamp="2019-08-08T10:56:57.055" />
<mem-info id="6375" free="42540328" total="60424192" percent="70">
  <mem type="tenure" free="42540328" total="60424192" percent="70" micro-fragmented="0" macro-fragmented="0">
    <mem type="soa" free="41936168" total="59820032" percent="70" />
    <mem type="loa" free="604160" total="604160" percent="100" />
  </mem>
</mem-info>
<gc-op id="6376" type="compact" timems="26.870" contextid="6370" timestamp="2019-08-08T10:56:57.082">
  <compact-info movecount="2" movebytes="56" reason="compact to aid heap contraction" />
</gc-op>
<heap-resize id="6377" type="expand" space="tenure" amount="131072" count="1" timems="0.016" reason="satisfy allocation request" timestamp="2019-08-08T10:56:57.083" />
<gc-end id="6378" type="global" contextid="6370" durationms="56.008" usertimems="81.395" systemtimems="44.924" timestamp="2019-08-08T10:56:57.083" activeThreads="16">
  <mem-info id="6379" free="42606544" total="60555264" percent="70">
    <mem type="tenure" free="42606544" total="60555264" percent="70">
      <mem type="soa" free="42001360" total="59950080" percent="70" />
      <mem type="loa" free="605184" total="605184" percent="100" />
    </mem>
  </mem-info>
</gc-end>
<cycle-end id="6380" type="global" contextid="6370" timestamp="2019-08-08T10:56:57.083" />
  <attribute name="elasticGC enabled" value="1" />
  <attribute name= "numThreadsSpecified" value="16" />
  <attribute name="heapSize specified" value="60424192" />
  <attribute name="Current GC Util" value="31" />
  <attribute name= "Current Time Running" value="165476" />
  <attribute name ="GC Interval" value="0" />
  <attribute name="Target GC Util Change" value ="80.000000" />
  <attribute name="Current GC Util Change" value="31.000000"/>
  <attribute name="Current Error" value="-290.000000" />
  <attribute name="Output H" value="60499544"/>
  <attribute name="Output I" value="1496"/>
  <attribute name="Output T" value="16"/>
  <attribute name= "Current Time Running" value="165476" />
  <attribute name="GC Util currently" value="31" />
  <attribute name="CPU Util currently" value="42856761850" />
<allocation-satisfied id="6381" threadId="0000000002035F00" bytesRequested="1168" />
<af-end id="6382" timestamp="2019-08-08T10:56:57.083" threadId="0000000002036888" success="true" />
<exclusive-end id="6383" timestamp="2019-08-08T10:56:57.083" durationms="56.388" />

<exclusive-start id="6384" timestamp="2019-08-08T10:56:57.090" intervalms="62.737">
  <response-info timems="0.021" idlems="0.021" threads="0" lastid="0000000002035F00" lastname="main" />
</exclusive-start>
<af-start id="6385" threadId="0000000002036888" totalBytesRequested="1168" timestamp="2019-08-08T10:56:57.090" intervalms="62.657" />
<cycle-start id="6386" type="global" contextid="0" timestamp="2019-08-08T10:56:57.090" intervalms="62.641" />
<gc-start id="6387" type="global" contextid="6386" timestamp="2019-08-08T10:56:57.090">
  <mem-info id="6388" free="605184" total="60555264" percent="0">
    <mem type="tenure" free="605184" total="60555264" percent="0">
      <mem type="soa" free="0" total="59950080" percent="0" />
      <mem type="loa" free="605184" total="605184" percent="100" />
    </mem>
  </mem-info>
</gc-start>
<allocation-stats totalBytes="41925264" >
  <allocated-bytes non-tlh="0" tlh="41925264" />
  <largest-consumer threadName="main" threadId="0000000002035F00" bytes="41925264" />
</allocation-stats>
<gc-op id="6389" type="mark" timems="19.051" contextid="6386" timestamp="2019-08-08T10:56:57.109">
  <trace-info objectcount="596654" scancount="517645" scanbytes="13286292" />
  <finalization candidates="80" enqueued="0" />
  <ownableSynchronizers candidates="21" cleared="0" />
  <references type="soft" candidates="1849" cleared="0" enqueued="0" dynamicThreshold="22" maxThreshold="32" />
  <references type="weak" candidates="5700" cleared="0" enqueued="0" />
  <references type="phantom" candidates="97" cleared="0" enqueued="0" />
  <stringconstants candidates="13275" cleared="0"  />
</gc-op>
<gc-op id="6390" type="sweep" timems="2.649" contextid="6386" timestamp="2019-08-08T10:56:57.112" />
<mem-info id="6391" free="42672080" total="60555264" percent="70">
  <mem type="tenure" free="42672080" total="60555264" percent="70" micro-fragmented="0" macro-fragmented="0">
    <mem type="soa" free="42066896" total="59950080" percent="70" />
    <mem type="loa" free="605184" total="605184" percent="100" />
  </mem>
</mem-info>
<gc-op id="6392" type="compact" timems="24.687" contextid="6386" timestamp="2019-08-08T10:56:57.136">
  <compact-info movecount="2" movebytes="56" reason="compact to aid heap contraction" />
</gc-op>
<heap-resize id="6393" type="expand" space="tenure" amount="131072" count="1" timems="0.028" reason="satisfy allocation request" timestamp="2019-08-08T10:56:57.138" />
<gc-end id="6394" type="global" contextid="6386" durationms="47.954" usertimems="65.850" systemtimems="31.240" timestamp="2019-08-08T10:56:57.138" activeThreads="16">
  <mem-info id="6395" free="42737616" total="60686336" percent="70">
    <mem type="tenure" free="42737616" total="60686336" percent="70">
      <mem type="soa" free="42131408" total="60080128" percent="70" />
      <mem type="loa" free="606208" total="606208" percent="100" />
    </mem>
  </mem-info>
</gc-end>
<cycle-end id="6396" type="global" contextid="6386" timestamp="2019-08-08T10:56:57.138" />
  <attribute name="elasticGC enabled" value="1" />
  <attribute name= "numThreadsSpecified" value="16" />
  <attribute name="heapSize specified" value="60555264" />
  <attribute name="Current GC Util" value="46" />
  <attribute name= "Current Time Running" value="165530" />
  <attribute name ="GC Interval" value="0" />
  <attribute name="Target GC Util Change" value ="80.000000" />
  <attribute name="Current GC Util Change" value="46.000000"/>
  <attribute name="Current Error" value="34.000000" />
  <attribute name="Output H" value="60630984"/>
  <attribute name="Output I" value="2072"/>
  <attribute name="Output T" value="16"/>
  <attribute name= "Current Time Running" value="165530" />
  <attribute name="GC Util currently" value="46" />
  <attribute name="CPU Util currently" value="46626247331" />
<allocation-satisfied id="6397" threadId="0000000002035F00" bytesRequested="1168" />
<af-end id="6398" timestamp="2019-08-08T10:56:57.138" threadId="0000000002036888" success="true" />
<exclusive-end id="6399" timestamp="2019-08-08T10:56:57.138" durationms="48.243" />

<exclusive-start id="6400" timestamp="2019-08-08T10:56:57.144" intervalms="54.547">
  <response-info timems="0.021" idlems="0.021" threads="0" lastid="0000000002035F00" lastname="main" />
</exclusive-start>
<af-start id="6401" threadId="0000000002036888" totalBytesRequested="1168" timestamp="2019-08-08T10:56:57.144" intervalms="54.552" />
<cycle-start id="6402" type="global" contextid="0" timestamp="2019-08-08T10:56:57.144" intervalms="54.554" />
<gc-start id="6403" type="global" contextid="6402" timestamp="2019-08-08T10:56:57.144">
  <mem-info id="6404" free="606208" total="60686336" percent="0">
    <mem type="tenure" free="606208" total="60686336" percent="0">
      <mem type="soa" free="0" total="60080128" percent="0" />
      <mem type="loa" free="606208" total="606208" percent="100" />
    </mem>
  </mem-info>
</gc-start>
<allocation-stats totalBytes="42054696" >
  <allocated-bytes non-tlh="0" tlh="42054696" />
  <largest-consumer threadName="main" threadId="0000000002035F00" bytes="42054696" />
</allocation-stats>
<gc-op id="6405" type="mark" timems="16.522" contextid="6402" timestamp="2019-08-08T10:56:57.161">
  <trace-info objectcount="596654" scancount="517646" scanbytes="13286292" />
  <finalization candidates="80" enqueued="0" />
  <ownableSynchronizers candidates="21" cleared="0" />
  <references type="soft" candidates="1849" cleared="0" enqueued="0" dynamicThreshold="22" maxThreshold="32" />
  <references type="weak" candidates="5700" cleared="0" enqueued="0" />
  <references type="phantom" candidates="97" cleared="0" enqueued="0" />
  <stringconstants candidates="13275" cleared="0"  />
</gc-op>
<gc-op id="6406" type="sweep" timems="3.516" contextid="6402" timestamp="2019-08-08T10:56:57.164" />
<mem-info id="6407" free="42803152" total="60686336" percent="70">
  <mem type="tenure" free="42803152" total="60686336" percent="70" micro-fragmented="0" macro-fragmented="0">
    <mem type="soa" free="42196944" total="60080128" percent="70" />
    <mem type="loa" free="606208" total="606208" percent="100" />
  </mem>
</mem-info>
<gc-op id="6408" type="compact" timems="25.892" contextid="6402" timestamp="2019-08-08T10:56:57.190">
  <compact-info movecount="2" movebytes="56" reason="compact to aid heap contraction" />
</gc-op>
<heap-resize id="6409" type="expand" space="tenure" amount="131072" count="1" timems="0.022" reason="satisfy allocation request" timestamp="2019-08-08T10:56:57.191" />
<gc-end id="6410" type="global" contextid="6402" durationms="46.852" usertimems="84.194" systemtimems="28.643" timestamp="2019-08-08T10:56:57.191" activeThreads="16">
  <mem-info id="6411" free="42868688" total="60817408" percent="70">
    <mem type="tenure" free="42868688" total="60817408" percent="70">
      <mem type="soa" free="42261456" total="60210176" percent="70" />
      <mem type="loa" free="607232" total="607232" percent="100" />
    </mem>
  </mem-info>
</gc-end>
<cycle-end id="6412" type="global" contextid="6402" timestamp="2019-08-08T10:56:57.191" />
  <attribute name="elasticGC enabled" value="1" />
  <attribute name= "numThreadsSpecified" value="16" />
  <attribute name="heapSize specified" value="60686336" />
  <attribute name="Current GC Util" value="54" />
  <attribute name= "Current Time Running" value="165584" />
  <attribute name ="GC Interval" value="0" />
  <attribute name="Target GC Util Change" value ="80.000000" />
  <attribute name="Current GC Util Change" value="54.000000"/>
  <attribute name="Current Error" value="-644.000000" />
  <attribute name="Output H" value="60761280"/>
  <attribute name="Output I" value="864"/>
  <attribute name="Output T" value="16"/>
  <attribute name= "Current Time Running" value="165584" />
  <attribute name="GC Util currently" value="54" />
  <attribute name="CPU Util currently" value="44468238059" />
<allocation-satisfied id="6413" threadId="0000000002035F00" bytesRequested="1168" />
<af-end id="6414" timestamp="2019-08-08T10:56:57.191" threadId="0000000002036888" success="true" />
<exclusive-end id="6415" timestamp="2019-08-08T10:56:57.191" durationms="47.074" />

<exclusive-start id="6416" timestamp="2019-08-08T10:56:57.200" intervalms="55.422">
  <response-info timems="0.019" idlems="0.019" threads="0" lastid="0000000002035F00" lastname="main" />
</exclusive-start>
<af-start id="6417" threadId="0000000002036888" totalBytesRequested="1168" timestamp="2019-08-08T10:56:57.200" intervalms="55.412" />
<cycle-start id="6418" type="global" contextid="0" timestamp="2019-08-08T10:56:57.200" intervalms="55.411" />
<gc-start id="6419" type="global" contextid="6418" timestamp="2019-08-08T10:56:57.200">
  <mem-info id="6420" free="607232" total="60817408" percent="0">
    <mem type="tenure" free="607232" total="60817408" percent="0">
      <mem type="soa" free="0" total="60210176" percent="0" />
      <mem type="loa" free="607232" total="607232" percent="100" />
    </mem>
  </mem-info>
</gc-start>
<allocation-stats totalBytes="42073760" >
  <allocated-bytes non-tlh="0" tlh="42073760" />
  <largest-consumer threadName="main" threadId="0000000002035F00" bytes="42073760" />
</allocation-stats>
<gc-op id="6421" type="mark" timems="16.027" contextid="6418" timestamp="2019-08-08T10:56:57.216">
  <trace-info objectcount="596654" scancount="517662" scanbytes="13286320" />
  <finalization candidates="80" enqueued="0" />
  <ownableSynchronizers candidates="21" cleared="0" />
  <references type="soft" candidates="1849" cleared="0" enqueued="0" dynamicThreshold="22" maxThreshold="32" />
  <references type="weak" candidates="5700" cleared="0" enqueued="0" />
  <references type="phantom" candidates="97" cleared="0" enqueued="0" />
  <stringconstants candidates="13275" cleared="0"  />
</gc-op>
<gc-op id="6422" type="sweep" timems="4.764" contextid="6418" timestamp="2019-08-08T10:56:57.221" />
<mem-info id="6423" free="42933480" total="60817408" percent="70">
  <mem type="tenure" free="42933480" total="60817408" percent="70" micro-fragmented="0" macro-fragmented="0">
    <mem type="soa" free="42326248" total="60210176" percent="70" />
    <mem type="loa" free="607232" total="607232" percent="100" />
  </mem>
</mem-info>
<gc-op id="6424" type="compact" timems="27.424" contextid="6418" timestamp="2019-08-08T10:56:57.248">
  <compact-info movecount="779" movebytes="23688" reason="compact to aid heap contraction" />
</gc-op>
<heap-resize id="6425" type="expand" space="tenure" amount="131072" count="1" timems="0.016" reason="satisfy allocation request" timestamp="2019-08-08T10:56:57.249" />
<gc-end id="6426" type="global" contextid="6418" durationms="49.652" usertimems="55.530" systemtimems="49.138" timestamp="2019-08-08T10:56:57.249" activeThreads="16">
  <mem-info id="6427" free="42999728" total="60948480" percent="70">
    <mem type="tenure" free="42999728" total="60948480" percent="70">
      <mem type="soa" free="42390448" total="60339200" percent="70" />
      <mem type="loa" free="609280" total="609280" percent="100" />
    </mem>
  </mem-info>
</gc-end>
<cycle-end id="6428" type="global" contextid="6418" timestamp="2019-08-08T10:56:57.250" />
  <attribute name="elasticGC enabled" value="1" />
  <attribute name= "numThreadsSpecified" value="16" />
  <attribute name="heapSize specified" value="60817408" />
  <attribute name="Current GC Util" value="52" />
  <attribute name= "Current Time Running" value="165641" />
  <attribute name ="GC Interval" value="0" />
  <attribute name="Target GC Util Change" value ="80.000000" />
  <attribute name="Current GC Util Change" value="52.000000"/>
  <attribute name="Current Error" value="-305.000000" />
  <attribute name="Output H" value="60892736"/>
  <attribute name="Output I" value="1464"/>
  <attribute name="Output T" value="16"/>
  <attribute name= "Current Time Running" value="165641" />
  <attribute name="GC Util currently" value="52" />
  <attribute name="CPU Util currently" value="42000276809" />
<allocation-satisfied id="6429" threadId="0000000002035F00" bytesRequested="1168" />
<af-end id="6430" timestamp="2019-08-08T10:56:57.250" threadId="0000000002036888" success="true" />
<exclusive-end id="6431" timestamp="2019-08-08T10:56:57.250" durationms="50.058" />

<exclusive-start id="6432" timestamp="2019-08-08T10:56:57.255" intervalms="55.019">
  <response-info timems="0.022" idlems="0.022" threads="0" lastid="0000000002035F00" lastname="main" />
</exclusive-start>
<af-start id="6433" threadId="0000000002036888" totalBytesRequested="1168" timestamp="2019-08-08T10:56:57.255" intervalms="55.039" />
<cycle-start id="6434" type="global" contextid="0" timestamp="2019-08-08T10:56:57.255" intervalms="55.041" />
<gc-start id="6435" type="global" contextid="6434" timestamp="2019-08-08T10:56:57.255">
  <mem-info id="6436" free="609280" total="60948480" percent="0">
    <mem type="tenure" free="609280" total="60948480" percent="0">
      <mem type="soa" free="0" total="60339200" percent="0" />
      <mem type="loa" free="609280" total="609280" percent="100" />
    </mem>
  </mem-info>
</gc-start>
<allocation-stats totalBytes="42182272" >
  <allocated-bytes non-tlh="0" tlh="42182272" />
  <largest-consumer threadName="main" threadId="0000000002035F00" bytes="42182272" />
</allocation-stats>
<gc-op id="6437" type="mark" timems="11.777" contextid="6434" timestamp="2019-08-08T10:56:57.267">
  <trace-info objectcount="596655" scancount="517656" scanbytes="13286344" />
  <finalization candidates="80" enqueued="0" />
  <ownableSynchronizers candidates="21" cleared="0" />
  <references type="soft" candidates="1849" cleared="0" enqueued="0" dynamicThreshold="22" maxThreshold="32" />
  <references type="weak" candidates="5700" cleared="0" enqueued="0" />
  <references type="phantom" candidates="97" cleared="0" enqueued="0" />
  <stringconstants candidates="13275" cleared="0"  />
</gc-op>
<gc-op id="6438" type="sweep" timems="9.582" contextid="6434" timestamp="2019-08-08T10:56:57.276" />
<mem-info id="6439" free="43064600" total="60948480" percent="70">
  <mem type="tenure" free="43064600" total="60948480" percent="70" micro-fragmented="0" macro-fragmented="0">
    <mem type="soa" free="42455320" total="60339200" percent="70" />
    <mem type="loa" free="609280" total="609280" percent="100" />
  </mem>
</mem-info>
<gc-op id="6440" type="compact" timems="36.732" contextid="6434" timestamp="2019-08-08T10:56:57.313">
  <compact-info movecount="2" movebytes="64" reason="compact to aid heap contraction" />
</gc-op>
<heap-resize id="6441" type="expand" space="tenure" amount="131072" count="1" timems="0.032" reason="satisfy allocation request" timestamp="2019-08-08T10:56:57.314" />
<gc-end id="6442" type="global" contextid="6434" durationms="58.931" usertimems="94.855" systemtimems="27.708" timestamp="2019-08-08T10:56:57.314" activeThreads="16">
  <mem-info id="6443" free="43130776" total="61079552" percent="70">
    <mem type="tenure" free="43130776" total="61079552" percent="70">
      <mem type="soa" free="42520472" total="60469248" percent="70" />
      <mem type="loa" free="610304" total="610304" percent="100" />
    </mem>
  </mem-info>
</gc-end>
<cycle-end id="6444" type="global" contextid="6434" timestamp="2019-08-08T10:56:57.314" />
  <attribute name="elasticGC enabled" value="1" />
  <attribute name= "numThreadsSpecified" value="16" />
  <attribute name="heapSize specified" value="60948480" />
  <attribute name="Current GC Util" value="41" />
  <attribute name= "Current Time Running" value="165706" />
  <attribute name ="GC Interval" value="0" />
  <attribute name="Target GC Util Change" value ="80.000000" />
  <attribute name="Current GC Util Change" value="41.000000"/>
  <attribute name="Current Error" value="39.000000" />
  <attribute name="Output H" value="61024208"/>
  <attribute name="Output I" value="2080"/>
  <attribute name="Output T" value="16"/>
  <attribute name= "Current Time Running" value="165706" />
  <attribute name="GC Util currently" value="41" />
  <attribute name="CPU Util currently" value="31352824784" />
<allocation-satisfied id="6445" threadId="0000000002035F00" bytesRequested="1168" />
<af-end id="6446" timestamp="2019-08-08T10:56:57.314" threadId="0000000002036888" success="true" />
<exclusive-end id="6447" timestamp="2019-08-08T10:56:57.314" durationms="59.187" />

<exclusive-start id="6448" timestamp="2019-08-08T10:56:57.319" intervalms="64.459">
  <response-info timems="0.021" idlems="0.021" threads="0" lastid="0000000002035F00" lastname="main" />
</exclusive-start>
<af-start id="6449" threadId="0000000002036888" totalBytesRequested="1168" timestamp="2019-08-08T10:56:57.319" intervalms="64.445" />
<cycle-start id="6450" type="global" contextid="0" timestamp="2019-08-08T10:56:57.319" intervalms="64.443" />
<gc-start id="6451" type="global" contextid="6450" timestamp="2019-08-08T10:56:57.319">
  <mem-info id="6452" free="610304" total="61079552" percent="0">
    <mem type="tenure" free="610304" total="61079552" percent="0">
      <mem type="soa" free="0" total="60469248" percent="0" />
      <mem type="loa" free="610304" total="610304" percent="100" />
    </mem>
  </mem-info>
</gc-start>
<allocation-stats totalBytes="42318992" >
  <allocated-bytes non-tlh="0" tlh="42318992" />
  <largest-consumer threadName="main" threadId="0000000002035F00" bytes="42318992" />
</allocation-stats>
<gc-op id="6453" type="mark" timems="10.739" contextid="6450" timestamp="2019-08-08T10:56:57.330">
  <trace-info objectcount="596655" scancount="517647" scanbytes="13286344" />
  <finalization candidates="80" enqueued="0" />
  <ownableSynchronizers candidates="21" cleared="0" />
  <references type="soft" candidates="1849" cleared="0" enqueued="0" dynamicThreshold="22" maxThreshold="32" />
  <references type="weak" candidates="5700" cleared="0" enqueued="0" />
  <references type="phantom" candidates="97" cleared="0" enqueued="0" />
  <stringconstants candidates="13275" cleared="0"  />
</gc-op>
<gc-op id="6454" type="sweep" timems="13.204" contextid="6450" timestamp="2019-08-08T10:56:57.343" />
<mem-info id="6455" free="43195800" total="61079552" percent="70">
  <mem type="tenure" free="43195800" total="61079552" percent="70" micro-fragmented="0" macro-fragmented="0">
    <mem type="soa" free="42585496" total="60469248" percent="70" />
    <mem type="loa" free="610304" total="610304" percent="100" />
  </mem>
</mem-info>
<gc-op id="6456" type="compact" timems="32.911" contextid="6450" timestamp="2019-08-08T10:56:57.376">
  <compact-info movecount="2" movebytes="64" reason="compact to aid heap contraction" />
</gc-op>
<heap-resize id="6457" type="expand" space="tenure" amount="131072" count="1" timems="0.017" reason="satisfy allocation request" timestamp="2019-08-08T10:56:57.377" />
<gc-end id="6458" type="global" contextid="6450" durationms="57.780" usertimems="83.514" systemtimems="43.368" timestamp="2019-08-08T10:56:57.377" activeThreads="16">
  <mem-info id="6459" free="43261848" total="61210624" percent="70">
    <mem type="tenure" free="43261848" total="61210624" percent="70">
      <mem type="soa" free="42650520" total="60599296" percent="70" />
      <mem type="loa" free="611328" total="611328" percent="100" />
    </mem>
  </mem-info>
</gc-end>
<cycle-end id="6460" type="global" contextid="6450" timestamp="2019-08-08T10:56:57.377" />
  <attribute name="elasticGC enabled" value="1" />
  <attribute name= "numThreadsSpecified" value="16" />
  <attribute name="heapSize specified" value="61079552" />
  <attribute name="Current GC Util" value="79" />
  <attribute name= "Current Time Running" value="165770" />
  <attribute name ="GC Interval" value="0" />
  <attribute name="Target GC Util Change" value ="80.000000" />
  <attribute name="Current GC Util Change" value="79.000000"/>
  <attribute name="Current Error" value="-969.000000" />
  <attribute name="Output H" value="61154120"/>
  <attribute name="Output I" value="280"/>
  <attribute name="Output T" value="16"/>
  <attribute name= "Current Time Running" value="165770" />
  <attribute name="GC Util currently" value="79" />
  <attribute name="CPU Util currently" value="35009814099" />
<allocation-satisfied id="6461" threadId="0000000002035F00" bytesRequested="1168" />
<af-end id="6462" timestamp="2019-08-08T10:56:57.377" threadId="0000000002036888" success="true" />
<exclusive-end id="6463" timestamp="2019-08-08T10:56:57.377" durationms="57.981" />

<exclusive-start id="6464" timestamp="2019-08-08T10:56:57.382" intervalms="62.628">
  <response-info timems="0.025" idlems="0.025" threads="0" lastid="0000000002035F00" lastname="main" />
</exclusive-start>
<af-start id="6465" threadId="0000000002036888" totalBytesRequested="1168" timestamp="2019-08-08T10:56:57.382" intervalms="62.729" />
<cycle-start id="6466" type="global" contextid="0" timestamp="2019-08-08T10:56:57.382" intervalms="62.728" />
<gc-start id="6467" type="global" contextid="6466" timestamp="2019-08-08T10:56:57.382">
  <mem-info id="6468" free="611328" total="61210624" percent="0">
    <mem type="tenure" free="611328" total="61210624" percent="0">
      <mem type="soa" free="0" total="60599296" percent="0" />
      <mem type="loa" free="611328" total="611328" percent="100" />
    </mem>
  </mem-info>
</gc-start>
<allocation-stats totalBytes="42447976" >
  <allocated-bytes non-tlh="0" tlh="42447976" />
  <largest-consumer threadName="main" threadId="0000000002035F00" bytes="42447976" />
</allocation-stats>
<gc-op id="6469" type="mark" timems="14.577" contextid="6466" timestamp="2019-08-08T10:56:57.397">
  <trace-info objectcount="596655" scancount="517646" scanbytes="13286344" />
  <finalization candidates="80" enqueued="0" />
  <ownableSynchronizers candidates="21" cleared="0" />
  <references type="soft" candidates="1849" cleared="0" enqueued="0" dynamicThreshold="22" maxThreshold="32" />
  <references type="weak" candidates="5700" cleared="0" enqueued="0" />
  <references type="phantom" candidates="97" cleared="0" enqueued="0" />
  <stringconstants candidates="13275" cleared="0"  />
</gc-op>
<gc-op id="6470" type="sweep" timems="10.828" contextid="6466" timestamp="2019-08-08T10:56:57.407" />
<mem-info id="6471" free="43326632" total="61210624" percent="70">
  <mem type="tenure" free="43326632" total="61210624" percent="70" micro-fragmented="0" macro-fragmented="0">
    <mem type="soa" free="42715304" total="60599296" percent="70" />
    <mem type="loa" free="611328" total="611328" percent="100" />
  </mem>
</mem-info>
<gc-op id="6472" type="compact" timems="30.791" contextid="6466" timestamp="2019-08-08T10:56:57.438">
  <compact-info movecount="2" movebytes="64" reason="compact to aid heap contraction" />
</gc-op>
<heap-resize id="6473" type="expand" space="tenure" amount="131072" count="1" timems="0.020" reason="satisfy allocation request" timestamp="2019-08-08T10:56:57.439" />
<gc-end id="6474" type="global" contextid="6466" durationms="57.376" usertimems="75.318" systemtimems="36.438" timestamp="2019-08-08T10:56:57.439" activeThreads="16">
  <mem-info id="6475" free="43392920" total="61341696" percent="70">
    <mem type="tenure" free="43392920" total="61341696" percent="70">
      <mem type="soa" free="42779544" total="60728320" percent="70" />
      <mem type="loa" free="613376" total="613376" percent="100" />
    </mem>
  </mem-info>
</gc-end>
<cycle-end id="6476" type="global" contextid="6466" timestamp="2019-08-08T10:56:57.439" />
  <attribute name="elasticGC enabled" value="1" />
  <attribute name= "numThreadsSpecified" value="16" />
  <attribute name="heapSize specified" value="61210624" />
  <attribute name="Current GC Util" value="55" />
  <attribute name= "Current Time Running" value="165832" />
  <attribute name ="GC Interval" value="0" />
  <attribute name="Target GC Util Change" value ="80.000000" />
  <attribute name="Current GC Util Change" value="55.000000"/>
  <attribute name="Current Error" value="-268.000000" />
  <attribute name="Output H" value="61286000"/>
  <attribute name="Output I" value="1536"/>
  <attribute name="Output T" value="16"/>
  <attribute name= "Current Time Running" value="165832" />
  <attribute name="GC Util currently" value="55" />
  <attribute name="CPU Util currently" value="37401097142" />
<allocation-satisfied id="6477" threadId="0000000002035F00" bytesRequested="1168" />
<af-end id="6478" timestamp="2019-08-08T10:56:57.439" threadId="0000000002036888" success="true" />
<exclusive-end id="6479" timestamp="2019-08-08T10:56:57.439" durationms="57.710" />

<exclusive-start id="6480" timestamp="2019-08-08T10:56:57.445" intervalms="63.249">
  <response-info timems="0.029" idlems="0.029" threads="0" lastid="0000000002035F00" lastname="main" />
</exclusive-start>
<af-start id="6481" threadId="0000000002036888" totalBytesRequested="1168" timestamp="2019-08-08T10:56:57.445" intervalms="63.160" />
<cycle-start id="6482" type="global" contextid="0" timestamp="2019-08-08T10:56:57.445" intervalms="63.164" />
<gc-start id="6483" type="global" contextid="6482" timestamp="2019-08-08T10:56:57.445">
  <mem-info id="6484" free="613376" total="61341696" percent="0">
    <mem type="tenure" free="613376" total="61341696" percent="0">
      <mem type="soa" free="0" total="60728320" percent="0" />
      <mem type="loa" free="613376" total="613376" percent="100" />
    </mem>
  </mem-info>
</gc-start>
<allocation-stats totalBytes="42578248" >
  <allocated-bytes non-tlh="0" tlh="42578248" />
  <largest-consumer threadName="main" threadId="0000000002035F00" bytes="42578248" />
</allocation-stats>
<gc-op id="6485" type="mark" timems="13.790" contextid="6482" timestamp="2019-08-08T10:56:57.459">
  <trace-info objectcount="596655" scancount="517645" scanbytes="13286344" />
  <finalization candidates="80" enqueued="0" />
  <ownableSynchronizers candidates="21" cleared="0" />
  <references type="soft" candidates="1849" cleared="0" enqueued="0" dynamicThreshold="22" maxThreshold="32" />
  <references type="weak" candidates="5700" cleared="0" enqueued="0" />
  <references type="phantom" candidates="97" cleared="0" enqueued="0" />
  <stringconstants candidates="13275" cleared="0"  />
</gc-op>
<gc-op id="6486" type="sweep" timems="9.204" contextid="6482" timestamp="2019-08-08T10:56:57.468" />
<mem-info id="6487" free="43458216" total="61341696" percent="70">
  <mem type="tenure" free="43458216" total="61341696" percent="70" micro-fragmented="0" macro-fragmented="0">
    <mem type="soa" free="42844840" total="60728320" percent="70" />
    <mem type="loa" free="613376" total="613376" percent="100" />
  </mem>
</mem-info>
<gc-op id="6488" type="compact" timems="30.115" contextid="6482" timestamp="2019-08-08T10:56:57.498">
  <compact-info movecount="2" movebytes="64" reason="compact to aid heap contraction" />
</gc-op>
<heap-resize id="6489" type="expand" space="tenure" amount="131072" count="1" timems="0.018" reason="satisfy allocation request" timestamp="2019-08-08T10:56:57.499" />
<gc-end id="6490" type="global" contextid="6482" durationms="54.015" usertimems="72.731" systemtimems="28.683" timestamp="2019-08-08T10:56:57.499" activeThreads="16">
  <mem-info id="6491" free="43523992" total="61472768" percent="70">
    <mem type="tenure" free="43523992" total="61472768" percent="70">
      <mem type="soa" free="42909592" total="60858368" percent="70" />
      <mem type="loa" free="614400" total="614400" percent="100" />
    </mem>
  </mem-info>
</gc-end>
<cycle-end id="6492" type="global" contextid="6482" timestamp="2019-08-08T10:56:57.499" />
  <attribute name="elasticGC enabled" value="1" />
  <attribute name= "numThreadsSpecified" value="16" />
  <attribute name="heapSize specified" value="61341696" />
  <attribute name="Current GC Util" value="52" />
  <attribute name= "Current Time Running" value="165892" />
  <attribute name ="GC Interval" value="0" />
  <attribute name="Target GC Util Change" value ="80.000000" />
  <attribute name="Current GC Util Change" value="52.000000"/>
  <attribute name="Current Error" value="28.000000" />
  <attribute name="Output H" value="61417408"/>
  <attribute name="Output I" value="2064"/>
  <attribute name="Output T" value="16"/>
  <attribute name= "Current Time Running" value="165892" />
  <attribute name="GC Util currently" value="52" />
  <attribute name="CPU Util currently" value="38262546840" />
<allocation-satisfied id="6493" threadId="0000000002035F00" bytesRequested="1168" />
<af-end id="6494" timestamp="2019-08-08T10:56:57.499" threadId="0000000002036888" success="true" />
<exclusive-end id="6495" timestamp="2019-08-08T10:56:57.499" durationms="54.327" />

<exclusive-start id="6496" timestamp="2019-08-08T10:56:57.504" intervalms="58.953">
  <response-info timems="0.041" idlems="0.041" threads="0" lastid="0000000002035F00" lastname="main" />
</exclusive-start>
<af-start id="6497" threadId="0000000002036888" totalBytesRequested="1168" timestamp="2019-08-08T10:56:57.504" intervalms="58.937" />
<cycle-start id="6498" type="global" contextid="0" timestamp="2019-08-08T10:56:57.504" intervalms="58.931" />
<gc-start id="6499" type="global" contextid="6498" timestamp="2019-08-08T10:56:57.504">
  <mem-info id="6500" free="614400" total="61472768" percent="0">
    <mem type="tenure" free="614400" total="61472768" percent="0">
      <mem type="soa" free="0" total="60858368" percent="0" />
      <mem type="loa" free="614400" total="614400" percent="100" />
    </mem>
  </mem-info>
</gc-start>
<allocation-stats totalBytes="42705992" >
  <allocated-bytes non-tlh="0" tlh="42705992" />
  <largest-consumer threadName="main" threadId="0000000002035F00" bytes="42705992" />
</allocation-stats>
<gc-op id="6501" type="mark" timems="16.736" contextid="6498" timestamp="2019-08-08T10:56:57.521">
  <trace-info objectcount="596303" scancount="517292" scanbytes="13274980" />
  <finalization candidates="80" enqueued="0" />
  <ownableSynchronizers candidates="21" cleared="0" />
  <references type="soft" candidates="1849" cleared="6" enqueued="6" dynamicThreshold="22" maxThreshold="32" />
  <references type="weak" candidates="5700" cleared="0" enqueued="0" />
  <references type="phantom" candidates="97" cleared="0" enqueued="0" />
  <stringconstants candidates="13275" cleared="0"  />
</gc-op>
<gc-op id="6502" type="sweep" timems="3.335" contextid="6498" timestamp="2019-08-08T10:56:57.525" />
<mem-info id="6503" free="43600608" total="61472768" percent="70">
  <mem type="tenure" free="43600608" total="61472768" percent="70" micro-fragmented="0" macro-fragmented="0">
    <mem type="soa" free="42986208" total="60858368" percent="70" />
    <mem type="loa" free="614400" total="614400" percent="100" />
  </mem>
  <pending-finalizers system="0" default="0" reference="6" classloader="0" />
</mem-info>
<gc-op id="6504" type="compact" timems="26.426" contextid="6498" timestamp="2019-08-08T10:56:57.551">
  <compact-info movecount="110" movebytes="4376" reason="compact to aid heap contraction" />
</gc-op>
<heap-resize id="6505" type="expand" space="tenure" amount="131072" count="1" timems="0.019" reason="satisfy allocation request" timestamp="2019-08-08T10:56:57.553" />
<gc-end id="6506" type="global" contextid="6498" durationms="48.376" usertimems="71.998" systemtimems="20.972" timestamp="2019-08-08T10:56:57.553" activeThreads="16">
  <mem-info id="6507" free="43666640" total="61603840" percent="70">
    <mem type="tenure" free="43666640" total="61603840" percent="70">
      <mem type="soa" free="43051216" total="60988416" percent="70" />
      <mem type="loa" free="615424" total="615424" percent="100" />
    </mem>
    <pending-finalizers system="0" default="0" reference="6" classloader="0" />
  </mem-info>
</gc-end>
<cycle-end id="6508" type="global" contextid="6498" timestamp="2019-08-08T10:56:57.553" />
  <attribute name="elasticGC enabled" value="1" />
  <attribute name= "numThreadsSpecified" value="16" />
  <attribute name="heapSize specified" value="61472768" />
  <attribute name="Current GC Util" value="37" />
  <attribute name= "Current Time Running" value="165944" />
  <attribute name ="GC Interval" value="0" />
  <attribute name="Target GC Util Change" value ="80.000000" />
  <attribute name="Current GC Util Change" value="37.000000"/>
  <attribute name="Current Error" value="-598.000000" />
  <attribute name="Output H" value="61547760"/>
  <attribute name="Output I" value="944"/>
  <attribute name="Output T" value="16"/>
  <attribute name= "Current Time Running" value="165944" />
  <attribute name="GC Util currently" value="37" />
  <attribute name="CPU Util currently" value="43598031093" />
<allocation-satisfied id="6509" threadId="0000000002035F00" bytesRequested="1168" />
<af-end id="6510" timestamp="2019-08-08T10:56:57.553" threadId="0000000002036888" success="true" />
<exclusive-end id="6511" timestamp="2019-08-08T10:56:57.553" durationms="48.725" />

<exclusive-start id="6512" timestamp="2019-08-08T10:56:57.557" intervalms="53.410">
  <response-info timems="0.020" idlems="0.020" threads="0" lastid="0000000002035F00" lastname="main" />
</exclusive-start>
<af-start id="6513" threadId="0000000002036888" totalBytesRequested="1168" timestamp="2019-08-08T10:56:57.557" intervalms="53.412" />
<cycle-start id="6514" type="global" contextid="0" timestamp="2019-08-08T10:56:57.557" intervalms="53.418" />
<gc-start id="6515" type="global" contextid="6514" timestamp="2019-08-08T10:56:57.557">
  <mem-info id="6516" free="615424" total="61603840" percent="0">
    <mem type="tenure" free="615424" total="61603840" percent="0">
      <mem type="soa" free="0" total="60988416" percent="0" />
      <mem type="loa" free="615424" total="615424" percent="100" />
    </mem>
  </mem-info>
</gc-start>
<allocation-stats totalBytes="42847424" >
  <allocated-bytes non-tlh="0" tlh="42847424" />
  <largest-consumer threadName="main" threadId="0000000002035F00" bytes="42847424" />
</allocation-stats>
<gc-op id="6517" type="mark" timems="11.047" contextid="6514" timestamp="2019-08-08T10:56:57.569">
  <trace-info objectcount="596289" scancount="517274" scanbytes="13274452" />
  <finalization candidates="80" enqueued="0" />
  <ownableSynchronizers candidates="21" cleared="0" />
  <references type="soft" candidates="1843" cleared="0" enqueued="0" dynamicThreshold="22" maxThreshold="32" />
  <references type="weak" candidates="5700" cleared="0" enqueued="0" />
  <references type="phantom" candidates="97" cleared="0" enqueued="0" />
  <stringconstants candidates="13275" cleared="0"  />
</gc-op>
<gc-op id="6518" type="sweep" timems="3.053" contextid="6514" timestamp="2019-08-08T10:56:57.572" />
<mem-info id="6519" free="43732176" total="61603840" percent="70">
  <mem type="tenure" free="43732176" total="61603840" percent="70" micro-fragmented="0" macro-fragmented="0">
    <mem type="soa" free="43116752" total="60988416" percent="70" />
    <mem type="loa" free="615424" total="615424" percent="100" />
  </mem>
</mem-info>
<gc-op id="6520" type="compact" timems="32.123" contextid="6514" timestamp="2019-08-08T10:56:57.604">
  <compact-info movecount="96" movebytes="3848" reason="compact to aid heap contraction" />
</gc-op>
<heap-resize id="6521" type="expand" space="tenure" amount="131072" count="1" timems="0.034" reason="satisfy allocation request" timestamp="2019-08-08T10:56:57.605" />
<gc-end id="6522" type="global" contextid="6514" durationms="47.267" usertimems="74.315" systemtimems="27.361" timestamp="2019-08-08T10:56:57.605" activeThreads="16">
  <mem-info id="6523" free="43798240" total="61734912" percent="70">
    <mem type="tenure" free="43798240" total="61734912" percent="70">
      <mem type="soa" free="43181792" total="61118464" percent="70" />
      <mem type="loa" free="616448" total="616448" percent="100" />
    </mem>
  </mem-info>
</gc-end>
<cycle-end id="6524" type="global" contextid="6514" timestamp="2019-08-08T10:56:57.605" />
  <attribute name="elasticGC enabled" value="1" />
  <attribute name= "numThreadsSpecified" value="16" />
  <attribute name="heapSize specified" value="61603840" />
  <attribute name="Current GC Util" value="41" />
  <attribute name= "Current Time Running" value="165997" />
  <attribute name ="GC Interval" value="0" />
  <attribute name="Target GC Util Change" value ="80.000000" />
  <attribute name="Current GC Util Change" value="41.000000"/>
  <attribute name="Current Error" value="-400.000000" />
  <attribute name="Output H" value="61679064"/>
  <attribute name="Output I" value="1296"/>
  <attribute name="Output T" value="16"/>
  <attribute name= "Current Time Running" value="165997" />
  <attribute name="GC Util currently" value="41" />
  <attribute name="CPU Util currently" value="35847717585" />
<allocation-satisfied id="6525" threadId="0000000002035F00" bytesRequested="1168" />
<af-end id="6526" timestamp="2019-08-08T10:56:57.605" threadId="0000000002036888" success="true" />
<exclusive-end id="6527" timestamp="2019-08-08T10:56:57.605" durationms="47.498" />

<exclusive-start id="6528" timestamp="2019-08-08T10:56:57.610" intervalms="52.515">
  <response-info timems="0.018" idlems="0.018" threads="0" lastid="0000000002035F00" lastname="main" />
</exclusive-start>
<af-start id="6529" threadId="0000000002036888" totalBytesRequested="1168" timestamp="2019-08-08T10:56:57.610" intervalms="52.512" />
<cycle-start id="6530" type="global" contextid="0" timestamp="2019-08-08T10:56:57.610" intervalms="52.510" />
<gc-start id="6531" type="global" contextid="6530" timestamp="2019-08-08T10:56:57.610">
  <mem-info id="6532" free="616448" total="61734912" percent="0">
    <mem type="tenure" free="616448" total="61734912" percent="0">
      <mem type="soa" free="0" total="61118464" percent="0" />
      <mem type="loa" free="616448" total="616448" percent="100" />
    </mem>
  </mem-info>
</gc-start>
<allocation-stats totalBytes="42977672" >
  <allocated-bytes non-tlh="0" tlh="42977672" />
  <largest-consumer threadName="main" threadId="0000000002035F00" bytes="42977672" />
</allocation-stats>
<gc-op id="6533" type="mark" timems="14.771" contextid="6530" timestamp="2019-08-08T10:56:57.625">
  <trace-info objectcount="596289" scancount="517279" scanbytes="13274452" />
  <finalization candidates="80" enqueued="0" />
  <ownableSynchronizers candidates="21" cleared="0" />
  <references type="soft" candidates="1843" cleared="0" enqueued="0" dynamicThreshold="22" maxThreshold="32" />
  <references type="weak" candidates="5700" cleared="0" enqueued="0" />
  <references type="phantom" candidates="97" cleared="0" enqueued="0" />
  <stringconstants candidates="13275" cleared="0"  />
</gc-op>
<gc-op id="6534" type="sweep" timems="4.769" contextid="6530" timestamp="2019-08-08T10:56:57.630" />
<mem-info id="6535" free="43863184" total="61734912" percent="71">
  <mem type="tenure" free="43863184" total="61734912" percent="71" micro-fragmented="0" macro-fragmented="0">
    <mem type="soa" free="43246736" total="61118464" percent="70" />
    <mem type="loa" free="616448" total="616448" percent="100" />
  </mem>
</mem-info>
<gc-op id="6536" type="compact" timems="36.527" contextid="6530" timestamp="2019-08-08T10:56:57.666">
  <compact-info movecount="2" movebytes="64" reason="compact to aid heap contraction" />
</gc-op>
<heap-resize id="6537" type="expand" space="tenure" amount="131072" count="1" timems="0.016" reason="satisfy allocation request" timestamp="2019-08-08T10:56:57.667" />
<gc-end id="6538" type="global" contextid="6530" durationms="56.945" usertimems="85.144" systemtimems="37.020" timestamp="2019-08-08T10:56:57.667" activeThreads="16">
  <mem-info id="6539" free="43929312" total="61865984" percent="71">
    <mem type="tenure" free="43929312" total="61865984" percent="71">
      <mem type="soa" free="43310816" total="61247488" percent="70" />
      <mem type="loa" free="618496" total="618496" percent="100" />
    </mem>
  </mem-info>
</gc-end>
<cycle-end id="6540" type="global" contextid="6530" timestamp="2019-08-08T10:56:57.667" />
  <attribute name="elasticGC enabled" value="1" />
  <attribute name= "numThreadsSpecified" value="16" />
  <attribute name="heapSize specified" value="61734912" />
  <attribute name="Current GC Util" value="62" />
  <attribute name= "Current Time Running" value="166060" />
  <attribute name ="GC Interval" value="0" />
  <attribute name="Target GC Util Change" value ="80.000000" />
  <attribute name="Current GC Util Change" value="62.000000"/>
  <attribute name="Current Error" value="18.000000" />
  <attribute name="Output H" value="61810616"/>
  <attribute name="Output I" value="2040"/>
  <attribute name="Output T" value="16"/>
  <attribute name= "Current Time Running" value="166060" />
  <attribute name="GC Util currently" value="62" />
  <attribute name="CPU Util currently" value="31543189589" />
<allocation-satisfied id="6541" threadId="0000000002035F00" bytesRequested="1168" />
<af-end id="6542" timestamp="2019-08-08T10:56:57.667" threadId="0000000002036888" success="true" />
<exclusive-end id="6543" timestamp="2019-08-08T10:56:57.667" durationms="57.167" />

<exclusive-start id="6544" timestamp="2019-08-08T10:56:57.677" intervalms="67.227">
  <response-info timems="0.017" idlems="0.017" threads="0" lastid="0000000002035F00" lastname="main" />
</exclusive-start>
<af-start id="6545" threadId="0000000002036888" totalBytesRequested="80" timestamp="2019-08-08T10:56:57.677" intervalms="67.237" />
<cycle-start id="6546" type="global" contextid="0" timestamp="2019-08-08T10:56:57.677" intervalms="67.230" />
<gc-start id="6547" type="global" contextid="6546" timestamp="2019-08-08T10:56:57.677">
  <mem-info id="6548" free="618496" total="61865984" percent="0">
    <mem type="tenure" free="618496" total="61865984" percent="0">
      <mem type="soa" free="0" total="61247488" percent="0" />
      <mem type="loa" free="618496" total="618496" percent="100" />
    </mem>
  </mem-info>
</gc-start>
<allocation-stats totalBytes="43364032" >
  <allocated-bytes non-tlh="0" tlh="43364032" />
  <largest-consumer threadName="main" threadId="0000000002035F00" bytes="43364032" />
</allocation-stats>
<gc-op id="6549" type="mark" timems="19.080" contextid="6546" timestamp="2019-08-08T10:56:57.696">
  <trace-info objectcount="596415" scancount="517406" scanbytes="13278748" />
  <finalization candidates="80" enqueued="0" />
  <ownableSynchronizers candidates="21" cleared="0" />
  <references type="soft" candidates="1843" cleared="0" enqueued="0" dynamicThreshold="22" maxThreshold="32" />
  <references type="weak" candidates="5700" cleared="0" enqueued="0" />
  <references type="phantom" candidates="97" cleared="0" enqueued="0" />
  <stringconstants candidates="13275" cleared="0"  />
</gc-op>
<gc-op id="6550" type="sweep" timems="10.056" contextid="6546" timestamp="2019-08-08T10:56:57.706" />
<mem-info id="6551" free="43988208" total="61865984" percent="71">
  <mem type="tenure" free="43988208" total="61865984" percent="71" micro-fragmented="0" macro-fragmented="0">
    <mem type="soa" free="43369712" total="61247488" percent="70" />
    <mem type="loa" free="618496" total="618496" percent="100" />
  </mem>
</mem-info>
<gc-op id="6552" type="compact" timems="35.226" contextid="6546" timestamp="2019-08-08T10:56:57.742">
  <compact-info movecount="539" movebytes="14712" reason="compact to aid heap contraction" />
</gc-op>
<heap-resize id="6553" type="expand" space="tenure" amount="131072" count="1" timems="0.023" reason="satisfy allocation request" timestamp="2019-08-08T10:56:57.742" />
<gc-end id="6554" type="global" contextid="6546" durationms="65.176" usertimems="71.749" systemtimems="43.506" timestamp="2019-08-08T10:56:57.742" activeThreads="16">
  <mem-info id="6555" free="44057256" total="61997056" percent="71">
    <mem type="tenure" free="44057256" total="61997056" percent="71">
      <mem type="soa" free="43437736" total="61377536" percent="70" />
      <mem type="loa" free="619520" total="619520" percent="100" />
    </mem>
  </mem-info>
</gc-end>
<cycle-end id="6556" type="global" contextid="6546" timestamp="2019-08-08T10:56:57.742" />
  <attribute name="elasticGC enabled" value="1" />
  <attribute name= "numThreadsSpecified" value="16" />
  <attribute name="heapSize specified" value="61865984" />
  <attribute name="Current GC Util" value="33" />
  <attribute name= "Current Time Running" value="166135" />
  <attribute name ="GC Interval" value="0" />
  <attribute name="Target GC Util Change" value ="80.000000" />
  <attribute name="Current GC Util Change" value="33.000000"/>
  <attribute name="Current Error" value="-411.000000" />
  <attribute name="Output H" value="61941192"/>
  <attribute name="Output I" value="1280"/>
  <attribute name="Output T" value="16"/>
  <attribute name= "Current Time Running" value="166135" />
  <attribute name="GC Util currently" value="33" />
  <attribute name="CPU Util currently" value="32676644077" />
<allocation-satisfied id="6557" threadId="0000000002035F00" bytesRequested="80" />
<af-end id="6558" timestamp="2019-08-08T10:56:57.742" threadId="0000000002036888" success="true" />
<exclusive-end id="6559" timestamp="2019-08-08T10:56:57.743" durationms="65.410" />

<exclusive-start id="6560" timestamp="2019-08-08T10:56:57.787" intervalms="110.326">
  <response-info timems="0.014" idlems="0.014" threads="0" lastid="0000000002035F00" lastname="main" />
</exclusive-start>
<af-start id="6561" threadId="0000000002036888" totalBytesRequested="32" timestamp="2019-08-08T10:56:57.787" intervalms="110.322" />
<cycle-start id="6562" type="global" contextid="0" timestamp="2019-08-08T10:56:57.788" intervalms="110.323" />
<gc-start id="6563" type="global" contextid="6562" timestamp="2019-08-08T10:56:57.788">
  <mem-info id="6564" free="619520" total="61997056" percent="0">
    <mem type="tenure" free="619520" total="61997056" percent="0">
      <mem type="soa" free="0" total="61377536" percent="0" />
      <mem type="loa" free="619520" total="619520" percent="100" />
    </mem>
  </mem-info>
</gc-start>
<allocation-stats totalBytes="43496728" >
  <allocated-bytes non-tlh="0" tlh="43496728" />
  <largest-consumer threadName="main" threadId="0000000002035F00" bytes="43496728" />
</allocation-stats>
<gc-op id="6565" type="mark" timems="15.439" contextid="6562" timestamp="2019-08-08T10:56:57.803">
  <trace-info objectcount="596483" scancount="517471" scanbytes="13280980" />
  <finalization candidates="80" enqueued="0" />
  <ownableSynchronizers candidates="21" cleared="0" />
  <references type="soft" candidates="1843" cleared="0" enqueued="0" dynamicThreshold="22" maxThreshold="32" />
  <references type="weak" candidates="5725" cleared="0" enqueued="0" />
  <references type="phantom" candidates="97" cleared="0" enqueued="0" />
  <stringconstants candidates="13275" cleared="0"  />
</gc-op>
<gc-op id="6566" type="sweep" timems="2.428" contextid="6562" timestamp="2019-08-08T10:56:57.805" />
<mem-info id="6567" free="44108200" total="61997056" percent="71">
  <mem type="tenure" free="44108200" total="61997056" percent="71" micro-fragmented="0" macro-fragmented="0">
    <mem type="soa" free="43488680" total="61377536" percent="70" />
    <mem type="loa" free="619520" total="619520" percent="100" />
  </mem>
</mem-info>
<gc-op id="6568" type="compact" timems="129.666" contextid="6562" timestamp="2019-08-08T10:56:57.935">
  <compact-info movecount="555525" movebytes="15446176" reason="compact to aid heap contraction" />
</gc-op>
<heap-resize id="6569" type="expand" space="tenure" amount="131072" count="1" timems="0.020" reason="satisfy allocation request" timestamp="2019-08-08T10:56:57.936" />
<gc-end id="6570" type="global" contextid="6562" durationms="148.425" usertimems="205.772" systemtimems="0.000" timestamp="2019-08-08T10:56:57.936" activeThreads="16">
  <mem-info id="6571" free="44186064" total="62128128" percent="71">
    <mem type="tenure" free="44186064" total="62128128" percent="71">
      <mem type="soa" free="43565520" total="61507584" percent="70" />
      <mem type="loa" free="620544" total="620544" percent="100" />
    </mem>
  </mem-info>
</gc-end>
<cycle-end id="6572" type="global" contextid="6562" timestamp="2019-08-08T10:56:57.936" />
  <attribute name="elasticGC enabled" value="1" />
  <attribute name= "numThreadsSpecified" value="16" />
  <attribute name="heapSize specified" value="61997056" />
  <attribute name="Current GC Util" value="10" />
  <attribute name= "Current Time Running" value="166329" />
  <attribute name ="GC Interval" value="0" />
  <attribute name="Target GC Util Change" value ="80.000000" />
  <attribute name="Current GC Util Change" value="10.000000"/>
  <attribute name="Current Error" value="-313.000000" />
  <attribute name="Output H" value="62072376"/>
  <attribute name="Output I" value="1456"/>
  <attribute name="Output T" value="16"/>
  <attribute name= "Current Time Running" value="166329" />
  <attribute name="GC Util currently" value="10" />
  <attribute name="CPU Util currently" value="8888367726" />
<allocation-satisfied id="6573" threadId="0000000002035F00" bytesRequested="32" />
<af-end id="6574" timestamp="2019-08-08T10:56:57.936" threadId="0000000002036888" success="true" />
<exclusive-end id="6575" timestamp="2019-08-08T10:56:57.936" durationms="148.637" />

<exclusive-start id="6576" timestamp="2019-08-08T10:56:57.973" intervalms="185.189">
  <response-info timems="0.017" idlems="0.017" threads="0" lastid="0000000002035F00" lastname="main" />
</exclusive-start>
<af-start id="6577" threadId="0000000002036888" totalBytesRequested="32" timestamp="2019-08-08T10:56:57.973" intervalms="185.181" />
<cycle-start id="6578" type="global" contextid="0" timestamp="2019-08-08T10:56:57.973" intervalms="185.196" />
<gc-start id="6579" type="global" contextid="6578" timestamp="2019-08-08T10:56:57.973">
  <mem-info id="6580" free="620544" total="62128128" percent="0">
    <mem type="tenure" free="620544" total="62128128" percent="0">
      <mem type="soa" free="0" total="61507584" percent="0" />
      <mem type="loa" free="620544" total="620544" percent="100" />
    </mem>
  </mem-info>
</gc-start>
<allocation-stats totalBytes="43625520" >
  <allocated-bytes non-tlh="0" tlh="43625520" />
  <largest-consumer threadName="main" threadId="0000000002035F00" bytes="43625520" />
</allocation-stats>
<gc-op id="6581" type="mark" timems="17.378" contextid="6578" timestamp="2019-08-08T10:56:57.990">
  <trace-info objectcount="596477" scancount="517465" scanbytes="13280756" />
  <finalization candidates="80" enqueued="0" />
  <ownableSynchronizers candidates="21" cleared="0" />
  <references type="soft" candidates="1843" cleared="0" enqueued="0" dynamicThreshold="22" maxThreshold="32" />
  <references type="weak" candidates="5725" cleared="0" enqueued="0" />
  <references type="phantom" candidates="97" cleared="0" enqueued="0" />
  <stringconstants candidates="13275" cleared="0"  />
</gc-op>
<gc-op id="6582" type="sweep" timems="2.460" contextid="6578" timestamp="2019-08-08T10:56:57.993" />
<mem-info id="6583" free="44245840" total="62128128" percent="71">
  <mem type="tenure" free="44245840" total="62128128" percent="71" micro-fragmented="0" macro-fragmented="0">
    <mem type="soa" free="43625296" total="61507584" percent="70" />
    <mem type="loa" free="620544" total="620544" percent="100" />
  </mem>
</mem-info>
<gc-op id="6584" type="compact" timems="22.154" contextid="6578" timestamp="2019-08-08T10:56:58.015">
  <compact-info movecount="119" movebytes="3640" reason="compact to aid heap contraction" />
</gc-op>
<heap-resize id="6585" type="expand" space="tenure" amount="131072" count="1" timems="0.018" reason="satisfy allocation request" timestamp="2019-08-08T10:56:58.015" />
<gc-end id="6586" type="global" contextid="6578" durationms="42.777" usertimems="89.216" systemtimems="2.908" timestamp="2019-08-08T10:56:58.016" activeThreads="16">
  <mem-info id="6587" free="44317360" total="62259200" percent="71">
    <mem type="tenure" free="44317360" total="62259200" percent="71">
      <mem type="soa" free="43694768" total="61636608" percent="70" />
      <mem type="loa" free="622592" total="622592" percent="100" />
    </mem>
  </mem-info>
</gc-end>
<cycle-end id="6588" type="global" contextid="6578" timestamp="2019-08-08T10:56:58.016" />
  <attribute name="elasticGC enabled" value="1" />
  <attribute name= "numThreadsSpecified" value="16" />
  <attribute name="heapSize specified" value="62128128" />
  <attribute name="Current GC Util" value="49" />
  <attribute name= "Current Time Running" value="166408" />
  <attribute name ="GC Interval" value="0" />
  <attribute name="Target GC Util Change" value ="80.000000" />
  <attribute name="Current GC Util Change" value="49.000000"/>
  <attribute name="Current Error" value="31.000000" />
  <attribute name="Output H" value="62203848"/>
  <attribute name="Output I" value="2064"/>
  <attribute name="Output T" value="16"/>
  <attribute name= "Current Time Running" value="166408" />
  <attribute name="GC Util currently" value="49" />
  <attribute name="CPU Util currently" value="51974821585" />
<allocation-satisfied id="6589" threadId="0000000002035F00" bytesRequested="32" />
<af-end id="6590" timestamp="2019-08-08T10:56:58.016" threadId="0000000002036888" success="true" />
<exclusive-end id="6591" timestamp="2019-08-08T10:56:58.016" durationms="42.978" />

<exclusive-start id="6592" timestamp="2019-08-08T10:56:58.030" intervalms="57.421">
  <response-info timems="0.021" idlems="0.021" threads="0" lastid="0000000002035F00" lastname="main" />
</exclusive-start>
<af-start id="6593" threadId="0000000002036888" totalBytesRequested="200" timestamp="2019-08-08T10:56:58.030" intervalms="57.435" />
<cycle-start id="6594" type="global" contextid="0" timestamp="2019-08-08T10:56:58.030" intervalms="57.425" />
<gc-start id="6595" type="global" contextid="6594" timestamp="2019-08-08T10:56:58.030">
  <mem-info id="6596" free="622592" total="62259200" percent="1">
    <mem type="tenure" free="622592" total="62259200" percent="1">
      <mem type="soa" free="0" total="61636608" percent="0" />
      <mem type="loa" free="622592" total="622592" percent="100" />
    </mem>
  </mem-info>
</gc-start>
<allocation-stats totalBytes="43737216" >
  <allocated-bytes non-tlh="0" tlh="43737216" />
  <largest-consumer threadName="main" threadId="0000000002035F00" bytes="43737216" />
</allocation-stats>
<gc-op id="6597" type="mark" timems="22.224" contextid="6594" timestamp="2019-08-08T10:56:58.052">
  <trace-info objectcount="596312" scancount="517302" scanbytes="13275164" />
  <finalization candidates="80" enqueued="0" />
  <ownableSynchronizers candidates="21" cleared="0" />
  <references type="soft" candidates="1843" cleared="0" enqueued="0" dynamicThreshold="22" maxThreshold="32" />
  <references type="weak" candidates="5725" cleared="7" enqueued="3" />
  <references type="phantom" candidates="97" cleared="0" enqueued="0" />
  <stringconstants candidates="13275" cleared="0"  />
</gc-op>
<gc-op id="6598" type="sweep" timems="2.441" contextid="6594" timestamp="2019-08-08T10:56:58.055" />
<mem-info id="6599" free="44386064" total="62259200" percent="71">
  <mem type="tenure" free="44386064" total="62259200" percent="71" micro-fragmented="0" macro-fragmented="0">
    <mem type="soa" free="43763472" total="61636608" percent="71" />
    <mem type="loa" free="622592" total="622592" percent="100" />
  </mem>
  <pending-finalizers system="0" default="0" reference="3" classloader="0" />
</mem-info>
<gc-op id="6600" type="compact" timems="25.269" contextid="6594" timestamp="2019-08-08T10:56:58.081">
  <compact-info movecount="410" movebytes="10552" reason="compact to aid heap contraction" />
</gc-op>
<heap-resize id="6601" type="expand" space="tenure" amount="131072" count="1" timems="0.018" reason="satisfy allocation request" timestamp="2019-08-08T10:56:58.082" />
<gc-end id="6602" type="global" contextid="6594" durationms="51.703" usertimems="68.895" systemtimems="40.066" timestamp="2019-08-08T10:56:58.082" activeThreads="16">
  <mem-info id="6603" free="44453848" total="62390272" percent="71">
    <mem type="tenure" free="44453848" total="62390272" percent="71">
      <mem type="soa" free="43830232" total="61766656" percent="70" />
      <mem type="loa" free="623616" total="623616" percent="100" />
    </mem>
    <pending-finalizers system="0" default="0" reference="3" classloader="0" />
  </mem-info>
</gc-end>
<cycle-end id="6604" type="global" contextid="6594" timestamp="2019-08-08T10:56:58.082" />
  <attribute name="elasticGC enabled" value="1" />
  <attribute name= "numThreadsSpecified" value="16" />
  <attribute name="heapSize specified" value="62259200" />
  <attribute name="Current GC Util" value="58" />
  <attribute name= "Current Time Running" value="166474" />
  <attribute name ="GC Interval" value="0" />
  <attribute name="Target GC Util Change" value ="80.000000" />
  <attribute name="Current GC Util Change" value="58.000000"/>
  <attribute name="Current Error" value="-280.000000" />
  <attribute name="Output H" value="62334560"/>
  <attribute name="Output I" value="1512"/>
  <attribute name="Output T" value="16"/>
  <attribute name= "Current Time Running" value="166474" />
  <attribute name="GC Util currently" value="58" />
  <attribute name="CPU Util currently" value="45273025605" />
<allocation-satisfied id="6605" threadId="0000000002035F00" bytesRequested="200" />
<af-end id="6606" timestamp="2019-08-08T10:56:58.082" threadId="0000000002036888" success="true" />
<exclusive-end id="6607" timestamp="2019-08-08T10:56:58.082" durationms="51.961" />

<exclusive-start id="6608" timestamp="2019-08-08T10:56:58.091" intervalms="61.011">
  <response-info timems="0.019" idlems="0.019" threads="0" lastid="0000000002035F00" lastname="main" />
</exclusive-start>
<af-start id="6609" threadId="0000000002036888" totalBytesRequested="312" timestamp="2019-08-08T10:56:58.091" intervalms="60.994" />
<cycle-start id="6610" type="global" contextid="0" timestamp="2019-08-08T10:56:58.091" intervalms="60.993" />
<gc-start id="6611" type="global" contextid="6610" timestamp="2019-08-08T10:56:58.091">
  <mem-info id="6612" free="623616" total="62390272" percent="0">
    <mem type="tenure" free="623616" total="62390272" percent="0">
      <mem type="soa" free="0" total="61766656" percent="0" />
      <mem type="loa" free="623616" total="623616" percent="100" />
    </mem>
  </mem-info>
</gc-start>
<allocation-stats totalBytes="43872888" >
  <allocated-bytes non-tlh="0" tlh="43872888" />
  <largest-consumer threadName="main" threadId="0000000002035F00" bytes="43872888" />
</allocation-stats>
<gc-op id="6613" type="mark" timems="9.066" contextid="6610" timestamp="2019-08-08T10:56:58.100">
  <trace-info objectcount="596312" scancount="517304" scanbytes="13275164" />
  <finalization candidates="80" enqueued="0" />
  <ownableSynchronizers candidates="21" cleared="0" />
  <references type="soft" candidates="1843" cleared="0" enqueued="0" dynamicThreshold="22" maxThreshold="32" />
  <references type="weak" candidates="5718" cleared="0" enqueued="0" />
  <references type="phantom" candidates="97" cleared="0" enqueued="0" />
  <stringconstants candidates="13275" cleared="0"  />
</gc-op>
<gc-op id="6614" type="sweep" timems="1.614" contextid="6610" timestamp="2019-08-08T10:56:58.102" />
<mem-info id="6615" free="44519112" total="62390272" percent="71">
  <mem type="tenure" free="44519112" total="62390272" percent="71" micro-fragmented="0" macro-fragmented="0">
    <mem type="soa" free="43895496" total="61766656" percent="71" />
    <mem type="loa" free="623616" total="623616" percent="100" />
  </mem>
</mem-info>
<gc-op id="6616" type="compact" timems="26.422" contextid="6610" timestamp="2019-08-08T10:56:58.128">
  <compact-info movecount="6" movebytes="424" reason="compact to aid heap contraction" />
</gc-op>
<heap-resize id="6617" type="expand" space="tenure" amount="131072" count="1" timems="0.019" reason="satisfy allocation request" timestamp="2019-08-08T10:56:58.129" />
<gc-end id="6618" type="global" contextid="6610" durationms="37.790" usertimems="75.931" systemtimems="5.870" timestamp="2019-08-08T10:56:58.129" activeThreads="16">
  <mem-info id="6619" free="44584808" total="62521344" percent="71">
    <mem type="tenure" free="44584808" total="62521344" percent="71">
      <mem type="soa" free="43960168" total="61896704" percent="71" />
      <mem type="loa" free="624640" total="624640" percent="100" />
    </mem>
  </mem-info>
</gc-end>
<cycle-end id="6620" type="global" contextid="6610" timestamp="2019-08-08T10:56:58.129" />
  <attribute name="elasticGC enabled" value="1" />
  <attribute name= "numThreadsSpecified" value="16" />
  <attribute name="heapSize specified" value="62390272" />
  <attribute name="Current GC Util" value="31" />
  <attribute name= "Current Time Running" value="166522" />
  <attribute name ="GC Interval" value="0" />
  <attribute name="Target GC Util Change" value ="80.000000" />
  <attribute name="Current GC Util Change" value="31.000000"/>
  <attribute name="Current Error" value="-424.000000" />
  <attribute name="Output H" value="62465464"/>
  <attribute name="Output I" value="1256"/>
  <attribute name="Output T" value="16"/>
  <attribute name= "Current Time Running" value="166522" />
  <attribute name="GC Util currently" value="31" />
  <attribute name="CPU Util currently" value="43579161789" />
<allocation-satisfied id="6621" threadId="0000000002035F00" bytesRequested="312" />
<af-end id="6622" timestamp="2019-08-08T10:56:58.129" threadId="0000000002036888" success="true" />
<exclusive-end id="6623" timestamp="2019-08-08T10:56:58.129" durationms="38.001" />

<exclusive-start id="6624" timestamp="2019-08-08T10:56:58.138" intervalms="46.709">
  <response-info timems="0.019" idlems="0.019" threads="0" lastid="0000000002035F00" lastname="main" />
</exclusive-start>
<af-start id="6625" threadId="0000000002036888" totalBytesRequested="16" timestamp="2019-08-08T10:56:58.138" intervalms="46.714" />
<cycle-start id="6626" type="global" contextid="0" timestamp="2019-08-08T10:56:58.138" intervalms="46.743" />
<gc-start id="6627" type="global" contextid="6626" timestamp="2019-08-08T10:56:58.138">
  <mem-info id="6628" free="624640" total="62521344" percent="0">
    <mem type="tenure" free="624640" total="62521344" percent="0">
      <mem type="soa" free="0" total="61896704" percent="0" />
      <mem type="loa" free="624640" total="624640" percent="100" />
    </mem>
  </mem-info>
</gc-start>
<allocation-stats totalBytes="44002488" >
  <allocated-bytes non-tlh="0" tlh="44002488" />
  <largest-consumer threadName="main" threadId="0000000002035F00" bytes="44002488" />
</allocation-stats>
<gc-op id="6629" type="mark" timems="13.249" contextid="6626" timestamp="2019-08-08T10:56:58.151">
  <trace-info objectcount="596313" scancount="517298" scanbytes="13275164" />
  <finalization candidates="80" enqueued="0" />
  <ownableSynchronizers candidates="21" cleared="0" />
  <references type="soft" candidates="1843" cleared="0" enqueued="0" dynamicThreshold="22" maxThreshold="32" />
  <references type="weak" candidates="5718" cleared="0" enqueued="0" />
  <references type="phantom" candidates="97" cleared="0" enqueued="0" />
  <stringconstants candidates="13275" cleared="0"  />
</gc-op>
<gc-op id="6630" type="sweep" timems="1.703" contextid="6626" timestamp="2019-08-08T10:56:58.153" />
<mem-info id="6631" free="44650032" total="62521344" percent="71">
  <mem type="tenure" free="44650032" total="62521344" percent="71" micro-fragmented="0" macro-fragmented="0">
    <mem type="soa" free="44025392" total="61896704" percent="71" />
    <mem type="loa" free="624640" total="624640" percent="100" />
  </mem>
</mem-info>
<gc-op id="6632" type="compact" timems="25.894" contextid="6626" timestamp="2019-08-08T10:56:58.179">
  <compact-info movecount="7" movebytes="736" reason="compact to aid heap contraction" />
</gc-op>
<heap-resize id="6633" type="expand" space="tenure" amount="131072" count="1" timems="0.016" reason="satisfy allocation request" timestamp="2019-08-08T10:56:58.179" />
<gc-end id="6634" type="global" contextid="6626" durationms="41.602" usertimems="79.607" systemtimems="10.577" timestamp="2019-08-08T10:56:58.180" activeThreads="16">
  <mem-info id="6635" free="44715568" total="62652416" percent="71">
    <mem type="tenure" free="44715568" total="62652416" percent="71">
      <mem type="soa" free="44089904" total="62026752" percent="71" />
      <mem type="loa" free="625664" total="625664" percent="100" />
    </mem>
  </mem-info>
</gc-end>
<cycle-end id="6636" type="global" contextid="6626" timestamp="2019-08-08T10:56:58.180" />
  <attribute name="elasticGC enabled" value="1" />
  <attribute name= "numThreadsSpecified" value="16" />
  <attribute name="heapSize specified" value="62521344" />
  <attribute name="Current GC Util" value="38" />
  <attribute name= "Current Time Running" value="166572" />
  <attribute name ="GC Interval" value="0" />
  <attribute name="Target GC Util Change" value ="80.000000" />
  <attribute name="Current GC Util Change" value="38.000000"/>
  <attribute name="Current Error" value="42.000000" />
  <attribute name="Output H" value="62597072"/>
  <attribute name="Output I" value="2088"/>
  <attribute name="Output T" value="16"/>
  <attribute name= "Current Time Running" value="166572" />
  <attribute name="GC Util currently" value="38" />
  <attribute name="CPU Util currently" value="44461746823" />
<allocation-satisfied id="6637" threadId="0000000002035F00" bytesRequested="16" />
<af-end id="6638" timestamp="2019-08-08T10:56:58.180" threadId="0000000002036888" success="true" />
<exclusive-end id="6639" timestamp="2019-08-08T10:56:58.180" durationms="41.863" />

<exclusive-start id="6640" timestamp="2019-08-08T10:56:58.188" intervalms="49.771">
  <response-info timems="0.016" idlems="0.016" threads="0" lastid="0000000002035F00" lastname="main" />
</exclusive-start>
<af-start id="6641" threadId="0000000002036888" totalBytesRequested="224" timestamp="2019-08-08T10:56:58.188" intervalms="49.768" />
<cycle-start id="6642" type="global" contextid="0" timestamp="2019-08-08T10:56:58.188" intervalms="49.735" />
<gc-start id="6643" type="global" contextid="6642" timestamp="2019-08-08T10:56:58.188">
  <mem-info id="6644" free="625664" total="62652416" percent="0">
    <mem type="tenure" free="625664" total="62652416" percent="0">
      <mem type="soa" free="0" total="62026752" percent="0" />
      <mem type="loa" free="625664" total="625664" percent="100" />
    </mem>
  </mem-info>
</gc-start>
<allocation-stats totalBytes="44132248" >
  <allocated-bytes non-tlh="0" tlh="44132248" />
  <largest-consumer threadName="main" threadId="0000000002035F00" bytes="44132248" />
</allocation-stats>
<gc-op id="6645" type="mark" timems="11.573" contextid="6642" timestamp="2019-08-08T10:56:58.199">
  <trace-info objectcount="596312" scancount="517301" scanbytes="13275164" />
  <finalization candidates="80" enqueued="0" />
  <ownableSynchronizers candidates="21" cleared="0" />
  <references type="soft" candidates="1843" cleared="0" enqueued="0" dynamicThreshold="22" maxThreshold="32" />
  <references type="weak" candidates="5718" cleared="0" enqueued="0" />
  <references type="phantom" candidates="97" cleared="0" enqueued="0" />
  <stringconstants candidates="13275" cleared="0"  />
</gc-op>
<gc-op id="6646" type="sweep" timems="2.633" contextid="6642" timestamp="2019-08-08T10:56:58.202" />
<mem-info id="6647" free="44781344" total="62652416" percent="71">
  <mem type="tenure" free="44781344" total="62652416" percent="71" micro-fragmented="0" macro-fragmented="0">
    <mem type="soa" free="44155680" total="62026752" percent="71" />
    <mem type="loa" free="625664" total="625664" percent="100" />
  </mem>
</mem-info>
<gc-op id="6648" type="compact" timems="25.827" contextid="6642" timestamp="2019-08-08T10:56:58.228">
  <compact-info movecount="6" movebytes="336" reason="compact to aid heap contraction" />
</gc-op>
<heap-resize id="6649" type="expand" space="tenure" amount="131072" count="1" timems="0.022" reason="satisfy allocation request" timestamp="2019-08-08T10:56:58.229" />
<gc-end id="6650" type="global" contextid="6642" durationms="40.912" usertimems="83.818" systemtimems="14.994" timestamp="2019-08-08T10:56:58.229" activeThreads="16">
  <mem-info id="6651" free="44847040" total="62783488" percent="71">
    <mem type="tenure" free="44847040" total="62783488" percent="71">
      <mem type="soa" free="44219328" total="62155776" percent="71" />
      <mem type="loa" free="627712" total="627712" percent="100" />
    </mem>
  </mem-info>
</gc-end>
<cycle-end id="6652" type="global" contextid="6642" timestamp="2019-08-08T10:56:58.229" />
  <attribute name="elasticGC enabled" value="1" />
  <attribute name= "numThreadsSpecified" value="16" />
  <attribute name="heapSize specified" value="62652416" />
  <attribute name="Current GC Util" value="46" />
  <attribute name= "Current Time Running" value="166621" />
  <attribute name ="GC Interval" value="0" />
  <attribute name="Target GC Util Change" value ="80.000000" />
  <attribute name="Current GC Util Change" value="46.000000"/>
  <attribute name="Current Error" value="-626.000000" />
  <attribute name="Output H" value="62727376"/>
  <attribute name="Output I" value="896"/>
  <attribute name="Output T" value="16"/>
  <attribute name= "Current Time Running" value="166621" />
  <attribute name="GC Util currently" value="46" />
  <attribute name="CPU Util currently" value="44453476901" />
<allocation-satisfied id="6653" threadId="0000000002035F00" bytesRequested="224" />
<af-end id="6654" timestamp="2019-08-08T10:56:58.229" threadId="0000000002036888" success="true" />
<exclusive-end id="6655" timestamp="2019-08-08T10:56:58.229" durationms="41.136" />

<exclusive-start id="6656" timestamp="2019-08-08T10:56:58.238" intervalms="50.129">
  <response-info timems="0.020" idlems="0.020" threads="0" lastid="0000000002035F00" lastname="main" />
</exclusive-start>
<af-start id="6657" threadId="0000000002036888" totalBytesRequested="248" timestamp="2019-08-08T10:56:58.238" intervalms="50.127" />
<cycle-start id="6658" type="global" contextid="0" timestamp="2019-08-08T10:56:58.238" intervalms="50.128" />
<gc-start id="6659" type="global" contextid="6658" timestamp="2019-08-08T10:56:58.238">
  <mem-info id="6660" free="627712" total="62783488" percent="0">
    <mem type="tenure" free="627712" total="62783488" percent="0">
      <mem type="soa" free="0" total="62155776" percent="0" />
      <mem type="loa" free="627712" total="627712" percent="100" />
    </mem>
  </mem-info>
</gc-start>
<allocation-stats totalBytes="44262072" >
  <allocated-bytes non-tlh="0" tlh="44262072" />
  <largest-consumer threadName="main" threadId="0000000002035F00" bytes="44262072" />
</allocation-stats>
<gc-op id="6661" type="mark" timems="8.818" contextid="6658" timestamp="2019-08-08T10:56:58.247">
  <trace-info objectcount="596312" scancount="517306" scanbytes="13275164" />
  <finalization candidates="80" enqueued="0" />
  <ownableSynchronizers candidates="21" cleared="0" />
  <references type="soft" candidates="1843" cleared="0" enqueued="0" dynamicThreshold="22" maxThreshold="32" />
  <references type="weak" candidates="5718" cleared="0" enqueued="0" />
  <references type="phantom" candidates="97" cleared="0" enqueued="0" />
  <stringconstants candidates="13275" cleared="0"  />
</gc-op>
<gc-op id="6662" type="sweep" timems="1.536" contextid="6658" timestamp="2019-08-08T10:56:58.248" />
<mem-info id="6663" free="44912480" total="62783488" percent="71">
  <mem type="tenure" free="44912480" total="62783488" percent="71" micro-fragmented="0" macro-fragmented="0">
    <mem type="soa" free="44284768" total="62155776" percent="71" />
    <mem type="loa" free="627712" total="627712" percent="100" />
  </mem>
</mem-info>
<gc-op id="6664" type="compact" timems="30.472" contextid="6658" timestamp="2019-08-08T10:56:58.279">
  <compact-info movecount="6" movebytes="360" reason="compact to aid heap contraction" />
</gc-op>
<heap-resize id="6665" type="expand" space="tenure" amount="131072" count="1" timems="0.018" reason="satisfy allocation request" timestamp="2019-08-08T10:56:58.279" />
<gc-end id="6666" type="global" contextid="6658" durationms="41.663" usertimems="78.903" systemtimems="15.584" timestamp="2019-08-08T10:56:58.280" activeThreads="16">
  <mem-info id="6667" free="44978088" total="62914560" percent="71">
    <mem type="tenure" free="44978088" total="62914560" percent="71">
      <mem type="soa" free="44349352" total="62285824" percent="71" />
      <mem type="loa" free="628736" total="628736" percent="100" />
    </mem>
  </mem-info>
</gc-end>
<cycle-end id="6668" type="global" contextid="6658" timestamp="2019-08-08T10:56:58.280" />
  <attribute name="elasticGC enabled" value="1" />
  <attribute name= "numThreadsSpecified" value="16" />
  <attribute name="heapSize specified" value="62783488" />
  <attribute name="Current GC Util" value="57" />
  <attribute name= "Current Time Running" value="166672" />
  <attribute name ="GC Interval" value="0" />
  <attribute name="Target GC Util Change" value ="80.000000" />
  <attribute name="Current GC Util Change" value="57.000000"/>
  <attribute name="Current Error" value="-419.000000" />
  <attribute name="Output H" value="62858688"/>
  <attribute name="Output I" value="1264"/>
  <attribute name="Output T" value="16"/>
  <attribute name= "Current Time Running" value="166672" />
  <attribute name="GC Util currently" value="57" />
  <attribute name="CPU Util currently" value="37762845586" />
<allocation-satisfied id="6669" threadId="0000000002035F00" bytesRequested="248" />
<af-end id="6670" timestamp="2019-08-08T10:56:58.280" threadId="0000000002036888" success="true" />
<exclusive-end id="6671" timestamp="2019-08-08T10:56:58.280" durationms="41.936" />

<exclusive-start id="6672" timestamp="2019-08-08T10:56:58.289" intervalms="51.236">
  <response-info timems="0.017" idlems="0.017" threads="0" lastid="0000000002035F00" lastname="main" />
</exclusive-start>
<af-start id="6673" threadId="0000000002036888" totalBytesRequested="216" timestamp="2019-08-08T10:56:58.289" intervalms="51.258" />
<cycle-start id="6674" type="global" contextid="0" timestamp="2019-08-08T10:56:58.289" intervalms="51.257" />
<gc-start id="6675" type="global" contextid="6674" timestamp="2019-08-08T10:56:58.289">
  <mem-info id="6676" free="628736" total="62914560" percent="0">
    <mem type="tenure" free="628736" total="62914560" percent="0">
      <mem type="soa" free="0" total="62285824" percent="0" />
      <mem type="loa" free="628736" total="628736" percent="100" />
    </mem>
  </mem-info>
</gc-start>
<allocation-stats totalBytes="44382568" >
  <allocated-bytes non-tlh="0" tlh="44382568" />
  <largest-consumer threadName="main" threadId="0000000002035F00" bytes="44382568" />
</allocation-stats>
<gc-op id="6677" type="mark" timems="8.598" contextid="6674" timestamp="2019-08-08T10:56:58.298">
  <trace-info objectcount="596313" scancount="517306" scanbytes="13275208" />
  <finalization candidates="80" enqueued="0" />
  <ownableSynchronizers candidates="21" cleared="0" />
  <references type="soft" candidates="1843" cleared="0" enqueued="0" dynamicThreshold="22" maxThreshold="32" />
  <references type="weak" candidates="5718" cleared="0" enqueued="0" />
  <references type="phantom" candidates="97" cleared="0" enqueued="0" />
  <stringconstants candidates="13275" cleared="0"  />
</gc-op>
<gc-op id="6678" type="sweep" timems="1.412" contextid="6674" timestamp="2019-08-08T10:56:58.299" />
<mem-info id="6679" free="45042976" total="62914560" percent="71">
  <mem type="tenure" free="45042976" total="62914560" percent="71" micro-fragmented="0" macro-fragmented="0">
    <mem type="soa" free="44414240" total="62285824" percent="71" />
    <mem type="loa" free="628736" total="628736" percent="100" />
  </mem>
</mem-info>
<gc-op id="6680" type="compact" timems="29.290" contextid="6674" timestamp="2019-08-08T10:56:58.328">
  <compact-info movecount="410" movebytes="10600" reason="compact to aid heap contraction" />
</gc-op>
<heap-resize id="6681" type="expand" space="tenure" amount="131072" count="1" timems="0.027" reason="satisfy allocation request" timestamp="2019-08-08T10:56:58.329" />
<gc-end id="6682" type="global" contextid="6674" durationms="40.244" usertimems="77.967" systemtimems="7.073" timestamp="2019-08-08T10:56:58.329" activeThreads="16">
  <mem-info id="6683" free="45109136" total="63045632" percent="71">
    <mem type="tenure" free="45109136" total="63045632" percent="71">
      <mem type="soa" free="44479376" total="62415872" percent="71" />
      <mem type="loa" free="629760" total="629760" percent="100" />
    </mem>
  </mem-info>
</gc-end>
<cycle-end id="6684" type="global" contextid="6674" timestamp="2019-08-08T10:56:58.329" />
  <attribute name="elasticGC enabled" value="1" />
  <attribute name= "numThreadsSpecified" value="16" />
  <attribute name="heapSize specified" value="62914560" />
  <attribute name="Current GC Util" value="36" />
  <attribute name= "Current Time Running" value="166722" />
  <attribute name ="GC Interval" value="0" />
  <attribute name="Target GC Util Change" value ="80.000000" />
  <attribute name="Current GC Util Change" value="36.000000"/>
  <attribute name="Current Error" value="44.000000" />
  <attribute name="Output H" value="62990296"/>
  <attribute name="Output I" value="2088"/>
  <attribute name="Output T" value="16"/>
  <attribute name= "Current Time Running" value="166722" />
  <attribute name="GC Util currently" value="36" />
  <attribute name="CPU Util currently" value="39302825837" />
<allocation-satisfied id="6685" threadId="0000000002035F00" bytesRequested="216" />
<af-end id="6686" timestamp="2019-08-08T10:56:58.329" threadId="0000000002036888" success="true" />
<exclusive-end id="6687" timestamp="2019-08-08T10:56:58.329" durationms="40.481" />

<exclusive-start id="6688" timestamp="2019-08-08T10:56:58.339" intervalms="50.508">
  <response-info timems="0.017" idlems="0.017" threads="0" lastid="0000000002035F00" lastname="main" />
</exclusive-start>
<af-start id="6689" threadId="0000000002036888" totalBytesRequested="304" timestamp="2019-08-08T10:56:58.339" intervalms="50.524" />
<cycle-start id="6690" type="global" contextid="0" timestamp="2019-08-08T10:56:58.340" intervalms="50.532" />
<gc-start id="6691" type="global" contextid="6690" timestamp="2019-08-08T10:56:58.340">
  <mem-info id="6692" free="629760" total="63045632" percent="0">
    <mem type="tenure" free="629760" total="63045632" percent="0">
      <mem type="soa" free="0" total="62415872" percent="0" />
      <mem type="loa" free="629760" total="629760" percent="100" />
    </mem>
  </mem-info>
</gc-start>
<allocation-stats totalBytes="44504336" >
  <allocated-bytes non-tlh="0" tlh="44504336" />
  <largest-consumer threadName="main" threadId="0000000002035F00" bytes="44504336" />
</allocation-stats>
<gc-op id="6693" type="mark" timems="7.778" contextid="6690" timestamp="2019-08-08T10:56:58.347">
  <trace-info objectcount="596313" scancount="517306" scanbytes="13275208" />
  <finalization candidates="80" enqueued="0" />
  <ownableSynchronizers candidates="21" cleared="0" />
  <references type="soft" candidates="1843" cleared="0" enqueued="0" dynamicThreshold="22" maxThreshold="32" />
  <references type="weak" candidates="5718" cleared="0" enqueued="0" />
  <references type="phantom" candidates="97" cleared="0" enqueued="0" />
  <stringconstants candidates="13275" cleared="0"  />
</gc-op>
<gc-op id="6694" type="sweep" timems="1.764" contextid="6690" timestamp="2019-08-08T10:56:58.349" />
<mem-info id="6695" free="45174472" total="63045632" percent="71">
  <mem type="tenure" free="45174472" total="63045632" percent="71" micro-fragmented="0" macro-fragmented="0">
    <mem type="soa" free="44544712" total="62415872" percent="71" />
    <mem type="loa" free="629760" total="629760" percent="100" />
  </mem>
</mem-info>
<gc-op id="6696" type="compact" timems="38.900" contextid="6690" timestamp="2019-08-08T10:56:58.388">
  <compact-info movecount="6" movebytes="432" reason="compact to aid heap contraction" />
</gc-op>
<heap-resize id="6697" type="expand" space="tenure" amount="131072" count="1" timems="0.019" reason="satisfy allocation request" timestamp="2019-08-08T10:56:58.391" />
<gc-end id="6698" type="global" contextid="6690" durationms="51.311" usertimems="85.683" systemtimems="16.886" timestamp="2019-08-08T10:56:58.391" activeThreads="16">
  <mem-info id="6699" free="45240128" total="63176704" percent="71">
    <mem type="tenure" free="45240128" total="63176704" percent="71">
      <mem type="soa" free="44609344" total="62545920" percent="71" />
      <mem type="loa" free="630784" total="630784" percent="100" />
    </mem>
  </mem-info>
</gc-end>
<cycle-end id="6700" type="global" contextid="6690" timestamp="2019-08-08T10:56:58.391" />
  <attribute name="elasticGC enabled" value="1" />
  <attribute name= "numThreadsSpecified" value="16" />
  <attribute name="heapSize specified" value="63045632" />
  <attribute name="Current GC Util" value="58" />
  <attribute name= "Current Time Running" value="166781" />
  <attribute name ="GC Interval" value="0" />
  <attribute name="Target GC Util Change" value ="80.000000" />
  <attribute name="Current GC Util Change" value="58.000000"/>
  <attribute name="Current Error" value="-629.000000" />
  <attribute name="Output H" value="63120592"/>
  <attribute name="Output I" value="888"/>
  <attribute name="Output T" value="16"/>
  <attribute name= "Current Time Running" value="166781" />
  <attribute name="GC Util currently" value="58" />
  <attribute name="CPU Util currently" value="29619768647" />
<allocation-satisfied id="6701" threadId="0000000002035F00" bytesRequested="304" />
<af-end id="6702" timestamp="2019-08-08T10:56:58.391" threadId="0000000002036888" success="true" />
<exclusive-end id="6703" timestamp="2019-08-08T10:56:58.391" durationms="51.596" />

<exclusive-start id="6704" timestamp="2019-08-08T10:56:58.405" intervalms="65.873">
  <response-info timems="0.016" idlems="0.016" threads="0" lastid="0000000002035F00" lastname="main" />
</exclusive-start>
<af-start id="6705" threadId="0000000002036888" totalBytesRequested="136" timestamp="2019-08-08T10:56:58.405" intervalms="65.839" />
<cycle-start id="6706" type="global" contextid="0" timestamp="2019-08-08T10:56:58.405" intervalms="65.831" />
<gc-start id="6707" type="global" contextid="6706" timestamp="2019-08-08T10:56:58.405">
  <mem-info id="6708" free="630784" total="63176704" percent="0">
    <mem type="tenure" free="630784" total="63176704" percent="0">
      <mem type="soa" free="0" total="62545920" percent="0" />
      <mem type="loa" free="630784" total="630784" percent="100" />
    </mem>
  </mem-info>
</gc-start>
<allocation-stats totalBytes="44652568" >
  <allocated-bytes non-tlh="0" tlh="44652568" />
  <largest-consumer threadName="main" threadId="0000000002035F00" bytes="44652568" />
</allocation-stats>
<gc-op id="6709" type="mark" timems="7.323" contextid="6706" timestamp="2019-08-08T10:56:58.413">
  <trace-info objectcount="596334" scancount="517325" scanbytes="13276324" />
  <finalization candidates="80" enqueued="0" />
  <ownableSynchronizers candidates="21" cleared="0" />
  <references type="soft" candidates="1843" cleared="0" enqueued="0" dynamicThreshold="22" maxThreshold="32" />
  <references type="weak" candidates="5718" cleared="0" enqueued="0" />
  <references type="phantom" candidates="97" cleared="0" enqueued="0" />
  <stringconstants candidates="13275" cleared="0"  />
</gc-op>
<gc-op id="6710" type="sweep" timems="1.675" contextid="6706" timestamp="2019-08-08T10:56:58.414" />
<mem-info id="6711" free="45303776" total="63176704" percent="71">
  <mem type="tenure" free="45303776" total="63176704" percent="71" micro-fragmented="0" macro-fragmented="0">
    <mem type="soa" free="44672992" total="62545920" percent="71" />
    <mem type="loa" free="630784" total="630784" percent="100" />
  </mem>
</mem-info>
<gc-op id="6712" type="compact" timems="30.020" contextid="6706" timestamp="2019-08-08T10:56:58.445">
  <compact-info movecount="430" movebytes="11480" reason="compact to aid heap contraction" />
</gc-op>
<heap-resize id="6713" type="expand" space="tenure" amount="131072" count="1" timems="0.017" reason="satisfy allocation request" timestamp="2019-08-08T10:56:58.445" />
<gc-end id="6714" type="global" contextid="6706" durationms="40.127" usertimems="73.417" systemtimems="5.336" timestamp="2019-08-08T10:56:58.446" activeThreads="16">
  <mem-info id="6715" free="45370376" total="63307776" percent="71">
    <mem type="tenure" free="45370376" total="63307776" percent="71">
      <mem type="soa" free="44737544" total="62674944" percent="71" />
      <mem type="loa" free="632832" total="632832" percent="100" />
    </mem>
  </mem-info>
</gc-end>
<cycle-end id="6716" type="global" contextid="6706" timestamp="2019-08-08T10:56:58.446" />
  <attribute name="elasticGC enabled" value="1" />
  <attribute name= "numThreadsSpecified" value="16" />
  <attribute name="heapSize specified" value="63176704" />
  <attribute name="Current GC Util" value="25" />
  <attribute name= "Current Time Running" value="166838" />
  <attribute name ="GC Interval" value="0" />
  <attribute name="Target GC Util Change" value ="80.000000" />
  <attribute name="Current GC Util Change" value="25.000000"/>
  <attribute name="Current Error" value="-423.000000" />
  <attribute name="Output H" value="63251896"/>
  <attribute name="Output I" value="1256"/>
  <attribute name="Output T" value="16"/>
  <attribute name= "Current Time Running" value="166838" />
  <attribute name="GC Util currently" value="25" />
  <attribute name="CPU Util currently" value="38355463411" />
<allocation-satisfied id="6717" threadId="0000000002035F00" bytesRequested="136" />
<af-end id="6718" timestamp="2019-08-08T10:56:58.446" threadId="0000000002036888" success="true" />
<exclusive-end id="6719" timestamp="2019-08-08T10:56:58.446" durationms="40.344" />

<exclusive-start id="6720" timestamp="2019-08-08T10:56:58.465" intervalms="60.084">
  <response-info timems="0.017" idlems="0.017" threads="0" lastid="0000000002035F00" lastname="main" />
</exclusive-start>
<af-start id="6721" threadId="0000000002036888" totalBytesRequested="24" timestamp="2019-08-08T10:56:58.465" intervalms="60.079" />
<cycle-start id="6722" type="global" contextid="0" timestamp="2019-08-08T10:56:58.465" intervalms="60.078" />
<gc-start id="6723" type="global" contextid="6722" timestamp="2019-08-08T10:56:58.465">
  <mem-info id="6724" free="632832" total="63307776" percent="0">
    <mem type="tenure" free="632832" total="63307776" percent="0">
      <mem type="soa" free="0" total="62674944" percent="0" />
      <mem type="loa" free="632832" total="632832" percent="100" />
    </mem>
  </mem-info>
</gc-start>
<allocation-stats totalBytes="44793592" >
  <allocated-bytes non-tlh="0" tlh="44793592" />
  <largest-consumer threadName="main" threadId="0000000002035F00" bytes="44793592" />
</allocation-stats>
<gc-op id="6725" type="mark" timems="7.914" contextid="6722" timestamp="2019-08-08T10:56:58.473">
  <trace-info objectcount="596328" scancount="517313" scanbytes="13276028" />
  <finalization candidates="80" enqueued="0" />
  <ownableSynchronizers candidates="21" cleared="0" />
  <references type="soft" candidates="1843" cleared="0" enqueued="0" dynamicThreshold="22" maxThreshold="32" />
  <references type="weak" candidates="5718" cleared="0" enqueued="0" />
  <references type="phantom" candidates="97" cleared="0" enqueued="0" />
  <stringconstants candidates="13275" cleared="0"  />
</gc-op>
<gc-op id="6726" type="sweep" timems="1.745" contextid="6722" timestamp="2019-08-08T10:56:58.475" />
<mem-info id="6727" free="45436128" total="63307776" percent="71">
  <mem type="tenure" free="45436128" total="63307776" percent="71" micro-fragmented="0" macro-fragmented="0">
    <mem type="soa" free="44803296" total="62674944" percent="71" />
    <mem type="loa" free="632832" total="632832" percent="100" />
  </mem>
</mem-info>
<gc-op id="6728" type="compact" timems="26.205" contextid="6722" timestamp="2019-08-08T10:56:58.501">
  <compact-info movecount="20" movebytes="912" reason="compact to aid heap contraction" />
</gc-op>
<heap-resize id="6729" type="expand" space="tenure" amount="131072" count="1" timems="0.024" reason="satisfy allocation request" timestamp="2019-08-08T10:56:58.502" />
<gc-end id="6730" type="global" contextid="6722" durationms="36.735" usertimems="65.343" systemtimems="16.331" timestamp="2019-08-08T10:56:58.502" activeThreads="16">
  <mem-info id="6731" free="45501744" total="63438848" percent="71">
    <mem type="tenure" free="45501744" total="63438848" percent="71">
      <mem type="soa" free="44867888" total="62804992" percent="71" />
      <mem type="loa" free="633856" total="633856" percent="100" />
    </mem>
  </mem-info>
</gc-end>
<cycle-end id="6732" type="global" contextid="6722" timestamp="2019-08-08T10:56:58.502" />
  <attribute name="elasticGC enabled" value="1" />
  <attribute name= "numThreadsSpecified" value="16" />
  <attribute name="heapSize specified" value="63307776" />
  <attribute name="Current GC Util" value="45" />
  <attribute name= "Current Time Running" value="166895" />
  <attribute name ="GC Interval" value="0" />
  <attribute name="Target GC Util Change" value ="80.000000" />
  <attribute name="Current GC Util Change" value="45.000000"/>
  <attribute name="Current Error" value="35.000000" />
  <attribute name="Output H" value="63383496"/>
  <attribute name="Output I" value="2072"/>
  <attribute name="Output T" value="16"/>
  <attribute name= "Current Time Running" value="166895" />
  <attribute name="GC Util currently" value="45" />
  <attribute name="CPU Util currently" value="43918771150" />
<allocation-satisfied id="6733" threadId="0000000002035F00" bytesRequested="24" />
<af-end id="6734" timestamp="2019-08-08T10:56:58.502" threadId="0000000002036888" success="true" />
<exclusive-end id="6735" timestamp="2019-08-08T10:56:58.502" durationms="36.929" />

<exclusive-start id="6736" timestamp="2019-08-08T10:56:58.698" intervalms="233.008">
  <response-info timems="0.020" idlems="0.020" threads="0" lastid="0000000002035F00" lastname="main" />
</exclusive-start>
<af-start id="6737" threadId="0000000002036888" totalBytesRequested="4912" timestamp="2019-08-08T10:56:58.698" intervalms="233.017" />
<cycle-start id="6738" type="global" contextid="0" timestamp="2019-08-08T10:56:58.698" intervalms="233.021" />
<gc-start id="6739" type="global" contextid="6738" timestamp="2019-08-08T10:56:58.699">
  <mem-info id="6740" free="633856" total="63438848" percent="0">
    <mem type="tenure" free="633856" total="63438848" percent="0">
      <mem type="soa" free="0" total="62804992" percent="0" />
      <mem type="loa" free="633856" total="633856" percent="100" />
    </mem>
  </mem-info>
</gc-start>
<allocation-stats totalBytes="43037672" >
  <allocated-bytes non-tlh="0" tlh="43037672" />
  <largest-consumer threadName="main" threadId="0000000002035F00" bytes="43037672" />
</allocation-stats>
<gc-op id="6741" type="mark" timems="9.976" contextid="6738" timestamp="2019-08-08T10:56:58.709">
  <trace-info objectcount="596334" scancount="517324" scanbytes="13286920" />
  <finalization candidates="80" enqueued="0" />
  <ownableSynchronizers candidates="21" cleared="0" />
  <references type="soft" candidates="1843" cleared="0" enqueued="0" dynamicThreshold="22" maxThreshold="32" />
  <references type="weak" candidates="5718" cleared="0" enqueued="0" />
  <references type="phantom" candidates="97" cleared="0" enqueued="0" />
  <stringconstants candidates="13275" cleared="0"  />
</gc-op>
<gc-op id="6742" type="sweep" timems="1.585" contextid="6738" timestamp="2019-08-08T10:56:58.710" />
<mem-info id="6743" free="45553408" total="63438848" percent="71">
  <mem type="tenure" free="45553408" total="63438848" percent="71" micro-fragmented="0" macro-fragmented="0">
    <mem type="soa" free="44919552" total="62804992" percent="71" />
    <mem type="loa" free="633856" total="633856" percent="100" />
  </mem>
</mem-info>
<gc-op id="6744" type="compact" timems="21.846" contextid="6738" timestamp="2019-08-08T10:56:58.732">
  <compact-info movecount="429" movebytes="22080" reason="compact to aid heap contraction" />
</gc-op>
<heap-resize id="6745" type="expand" space="tenure" amount="131072" count="1" timems="0.017" reason="satisfy allocation request" timestamp="2019-08-08T10:56:58.732" />
<gc-end id="6746" type="global" contextid="6738" durationms="33.974" usertimems="66.497" systemtimems="0.000" timestamp="2019-08-08T10:56:58.732" activeThreads="16">
  <mem-info id="6747" free="45621896" total="63569920" percent="71">
    <mem type="tenure" free="45621896" total="63569920" percent="71">
      <mem type="soa" free="44987016" total="62935040" percent="71" />
      <mem type="loa" free="634880" total="634880" percent="100" />
    </mem>
  </mem-info>
</gc-end>
<cycle-end id="6748" type="global" contextid="6738" timestamp="2019-08-08T10:56:58.733" />
  <attribute name="elasticGC enabled" value="1" />
  <attribute name= "numThreadsSpecified" value="16" />
  <attribute name="heapSize specified" value="63438848" />
  <attribute name="Current GC Util" value="34" />
  <attribute name= "Current Time Running" value="167125" />
  <attribute name ="GC Interval" value="0" />
  <attribute name="Target GC Util Change" value ="80.000000" />
  <attribute name="Current GC Util Change" value="34.000000"/>
  <attribute name="Current Error" value="-73.000000" />
  <attribute name="Output H" value="63514448"/>
  <attribute name="Output I" value="1880"/>
  <attribute name="Output T" value="16"/>
  <attribute name= "Current Time Running" value="167125" />
  <attribute name="GC Util currently" value="34" />
  <attribute name="CPU Util currently" value="52701123272" />
<allocation-satisfied id="6749" threadId="0000000002035F00" bytesRequested="4912" />
<af-end id="6750" timestamp="2019-08-08T10:56:58.733" threadId="0000000002036888" success="true" />
<exclusive-end id="6751" timestamp="2019-08-08T10:56:58.733" durationms="34.176" />

<exclusive-start id="6752" timestamp="2019-08-08T10:56:58.776" intervalms="78.125">
  <response-info timems="0.020" idlems="0.020" threads="0" lastid="0000000002035F00" lastname="main" />
</exclusive-start>
<af-start id="6753" threadId="0000000002036888" totalBytesRequested="32" timestamp="2019-08-08T10:56:58.777" intervalms="78.127" />
<cycle-start id="6754" type="global" contextid="0" timestamp="2019-08-08T10:56:58.777" intervalms="78.130" />
<gc-start id="6755" type="global" contextid="6754" timestamp="2019-08-08T10:56:58.777">
  <mem-info id="6756" free="634880" total="63569920" percent="0">
    <mem type="tenure" free="634880" total="63569920" percent="0">
      <mem type="soa" free="0" total="62935040" percent="0" />
      <mem type="loa" free="634880" total="634880" percent="100" />
    </mem>
  </mem-info>
</gc-start>
<allocation-stats totalBytes="45047712" >
  <allocated-bytes non-tlh="0" tlh="45047712" />
  <largest-consumer threadName="main" threadId="0000000002035F00" bytes="45047712" />
</allocation-stats>
<gc-op id="6757" type="mark" timems="21.053" contextid="6754" timestamp="2019-08-08T10:56:58.798">
  <trace-info objectcount="596429" scancount="517421" scanbytes="13282076" />
  <finalization candidates="80" enqueued="0" />
  <ownableSynchronizers candidates="21" cleared="0" />
  <references type="soft" candidates="1843" cleared="0" enqueued="0" dynamicThreshold="22" maxThreshold="32" />
  <references type="weak" candidates="5718" cleared="0" enqueued="0" />
  <references type="phantom" candidates="97" cleared="0" enqueued="0" />
  <stringconstants candidates="13275" cleared="0"  />
</gc-op>
<gc-op id="6758" type="sweep" timems="4.563" contextid="6754" timestamp="2019-08-08T10:56:58.802" />
<mem-info id="6759" free="45691408" total="63569920" percent="71">
  <mem type="tenure" free="45691408" total="63569920" percent="71" micro-fragmented="0" macro-fragmented="0">
    <mem type="soa" free="45056528" total="62935040" percent="71" />
    <mem type="loa" free="634880" total="634880" percent="100" />
  </mem>
</mem-info>
<gc-op id="6760" type="compact" timems="23.858" contextid="6754" timestamp="2019-08-08T10:56:58.826">
  <compact-info movecount="518" movebytes="17096" reason="compact to aid heap contraction" />
</gc-op>
<heap-resize id="6761" type="expand" space="tenure" amount="131072" count="1" timems="0.017" reason="satisfy allocation request" timestamp="2019-08-08T10:56:58.827" />
<gc-end id="6762" type="global" contextid="6754" durationms="50.331" usertimems="94.031" systemtimems="0.000" timestamp="2019-08-08T10:56:58.827" activeThreads="16">
  <mem-info id="6763" free="45757808" total="63700992" percent="71">
    <mem type="tenure" free="45757808" total="63700992" percent="71">
      <mem type="soa" free="45120880" total="63064064" percent="71" />
      <mem type="loa" free="636928" total="636928" percent="100" />
    </mem>
  </mem-info>
</gc-end>
<cycle-end id="6764" type="global" contextid="6754" timestamp="2019-08-08T10:56:58.827" />
  <attribute name="elasticGC enabled" value="1" />
  <attribute name= "numThreadsSpecified" value="16" />
  <attribute name="heapSize specified" value="63569920" />
  <attribute name="Current GC Util" value="39" />
  <attribute name= "Current Time Running" value="167220" />
  <attribute name ="GC Interval" value="0" />
  <attribute name="Target GC Util Change" value ="80.000000" />
  <attribute name="Current GC Util Change" value="39.000000"/>
  <attribute name="Current Error" value="-97.000000" />
  <attribute name="Output H" value="63645488"/>
  <attribute name="Output I" value="1840"/>
  <attribute name="Output T" value="16"/>
  <attribute name= "Current Time Running" value="167220" />
  <attribute name="GC Util currently" value="39" />
  <attribute name="CPU Util currently" value="48279314651" />
<allocation-satisfied id="6765" threadId="0000000002035F00" bytesRequested="32" />
<af-end id="6766" timestamp="2019-08-08T10:56:58.827" threadId="0000000002036888" success="true" />
<exclusive-end id="6767" timestamp="2019-08-08T10:56:58.827" durationms="50.544" />

<exclusive-start id="6768" timestamp="2019-08-08T10:56:58.950" intervalms="173.624">
  <response-info timems="0.015" idlems="0.015" threads="0" lastid="0000000002035F00" lastname="main" />
</exclusive-start>
<af-start id="6769" threadId="0000000002036888" totalBytesRequested="80" timestamp="2019-08-08T10:56:58.950" intervalms="173.616" />
<cycle-start id="6770" type="global" contextid="0" timestamp="2019-08-08T10:56:58.950" intervalms="173.611" />
<gc-start id="6771" type="global" contextid="6770" timestamp="2019-08-08T10:56:58.950">
  <mem-info id="6772" free="636928" total="63700992" percent="0">
    <mem type="tenure" free="636928" total="63700992" percent="0">
      <mem type="soa" free="0" total="63064064" percent="0" />
      <mem type="loa" free="636928" total="636928" percent="100" />
    </mem>
  </mem-info>
</gc-start>
<allocation-stats totalBytes="45181384" >
  <allocated-bytes non-tlh="0" tlh="45181384" />
  <largest-consumer threadName="main" threadId="0000000002035F00" bytes="45181384" />
</allocation-stats>
<gc-op id="6773" type="mark" timems="7.879" contextid="6770" timestamp="2019-08-08T10:56:58.958">
  <trace-info objectcount="596320" scancount="517306" scanbytes="13275432" />
  <finalization candidates="80" enqueued="0" />
  <ownableSynchronizers candidates="21" cleared="0" />
  <references type="soft" candidates="1843" cleared="0" enqueued="0" dynamicThreshold="22" maxThreshold="32" />
  <references type="weak" candidates="5718" cleared="0" enqueued="0" />
  <references type="phantom" candidates="97" cleared="0" enqueued="0" />
  <stringconstants candidates="13275" cleared="0"  />
</gc-op>
<gc-op id="6774" type="sweep" timems="1.908" contextid="6770" timestamp="2019-08-08T10:56:58.960" />
<mem-info id="6775" free="45828800" total="63700992" percent="71">
  <mem type="tenure" free="45828800" total="63700992" percent="71" micro-fragmented="0" macro-fragmented="0">
    <mem type="soa" free="45191872" total="63064064" percent="71" />
    <mem type="loa" free="636928" total="636928" percent="100" />
  </mem>
</mem-info>
<gc-op id="6776" type="compact" timems="21.558" contextid="6770" timestamp="2019-08-08T10:56:58.982">
  <compact-info movecount="408" movebytes="10432" reason="compact to aid heap contraction" />
</gc-op>
<heap-resize id="6777" type="expand" space="tenure" amount="131072" count="1" timems="0.018" reason="satisfy allocation request" timestamp="2019-08-08T10:56:58.982" />
<gc-end id="6778" type="global" contextid="6770" durationms="32.030" usertimems="71.275" systemtimems="0.000" timestamp="2019-08-08T10:56:58.982" activeThreads="16">
  <mem-info id="6779" free="45895520" total="63832064" percent="71">
    <mem type="tenure" free="45895520" total="63832064" percent="71">
      <mem type="soa" free="45257568" total="63194112" percent="71" />
      <mem type="loa" free="637952" total="637952" percent="100" />
    </mem>
  </mem-info>
</gc-end>
<cycle-end id="6780" type="global" contextid="6770" timestamp="2019-08-08T10:56:58.982" />
  <attribute name="elasticGC enabled" value="1" />
  <attribute name= "numThreadsSpecified" value="16" />
  <attribute name="heapSize specified" value="63700992" />
  <attribute name="Current GC Util" value="35" />
  <attribute name= "Current Time Running" value="167375" />
  <attribute name ="GC Interval" value="0" />
  <attribute name="Target GC Util Change" value ="80.000000" />
  <attribute name="Current GC Util Change" value="35.000000"/>
  <attribute name="Current Error" value="45.000000" />
  <attribute name="Output H" value="63776728"/>
  <attribute name="Output I" value="2088"/>
  <attribute name="Output T" value="16"/>
  <attribute name= "Current Time Running" value="167375" />
  <attribute name="GC Util currently" value="35" />
  <attribute name="CPU Util currently" value="53392935318" />
<allocation-satisfied id="6781" threadId="0000000002035F00" bytesRequested="80" />
<af-end id="6782" timestamp="2019-08-08T10:56:58.982" threadId="0000000002036888" success="true" />
<exclusive-end id="6783" timestamp="2019-08-08T10:56:58.982" durationms="32.229" />

<exclusive-start id="6784" timestamp="2019-08-08T10:56:59.018" intervalms="68.359">
  <response-info timems="0.018" idlems="0.018" threads="0" lastid="0000000002035F00" lastname="main" />
</exclusive-start>
<af-start id="6785" threadId="0000000002036888" totalBytesRequested="80" timestamp="2019-08-08T10:56:59.019" intervalms="68.357" />
<cycle-start id="6786" type="global" contextid="0" timestamp="2019-08-08T10:56:59.019" intervalms="68.356" />
<gc-start id="6787" type="global" contextid="6786" timestamp="2019-08-08T10:56:59.019">
  <mem-info id="6788" free="637952" total="63832064" percent="0">
    <mem type="tenure" free="637952" total="63832064" percent="0">
      <mem type="soa" free="0" total="63194112" percent="0" />
      <mem type="loa" free="637952" total="637952" percent="100" />
    </mem>
  </mem-info>
</gc-start>
<allocation-stats totalBytes="45315352" >
  <allocated-bytes non-tlh="0" tlh="45315352" />
  <largest-consumer threadName="main" threadId="0000000002035F00" bytes="45315352" />
</allocation-stats>
<gc-op id="6789" type="mark" timems="7.952" contextid="6786" timestamp="2019-08-08T10:56:59.027">
  <trace-info objectcount="596330" scancount="517321" scanbytes="13275892" />
  <finalization candidates="80" enqueued="0" />
  <ownableSynchronizers candidates="21" cleared="0" />
  <references type="soft" candidates="1843" cleared="0" enqueued="0" dynamicThreshold="23" maxThreshold="32" />
  <references type="weak" candidates="5718" cleared="0" enqueued="0" />
  <references type="phantom" candidates="97" cleared="0" enqueued="0" />
  <stringconstants candidates="13275" cleared="0"  />
</gc-op>
<gc-op id="6790" type="sweep" timems="1.311" contextid="6786" timestamp="2019-08-08T10:56:59.028" />
<mem-info id="6791" free="45959368" total="63832064" percent="72">
  <mem type="tenure" free="45959368" total="63832064" percent="72" micro-fragmented="0" macro-fragmented="0">
    <mem type="soa" free="45321416" total="63194112" percent="71" />
    <mem type="loa" free="637952" total="637952" percent="100" />
  </mem>
</mem-info>
<gc-op id="6792" type="compact" timems="26.592" contextid="6786" timestamp="2019-08-08T10:56:59.055">
  <compact-info movecount="415" movebytes="10848" reason="compact to aid heap contraction" />
</gc-op>
<heap-resize id="6793" type="expand" space="tenure" amount="131072" count="1" timems="0.017" reason="satisfy allocation request" timestamp="2019-08-08T10:56:59.057" />
<gc-end id="6794" type="global" contextid="6786" durationms="38.060" usertimems="75.747" systemtimems="0.000" timestamp="2019-08-08T10:56:59.057" activeThreads="16">
  <mem-info id="6795" free="46026104" total="63963136" percent="71">
    <mem type="tenure" free="46026104" total="63963136" percent="71">
      <mem type="soa" free="45387128" total="63324160" percent="71" />
      <mem type="loa" free="638976" total="638976" percent="100" />
    </mem>
  </mem-info>
</gc-end>
<cycle-end id="6796" type="global" contextid="6786" timestamp="2019-08-08T10:56:59.057" />
  <attribute name="elasticGC enabled" value="1" />
  <attribute name= "numThreadsSpecified" value="16" />
  <attribute name="heapSize specified" value="63832064" />
  <attribute name="Current GC Util" value="31" />
  <attribute name= "Current Time Running" value="167448" />
  <attribute name ="GC Interval" value="0" />
  <attribute name="Target GC Util Change" value ="80.000000" />
  <attribute name="Current GC Util Change" value="31.000000"/>
  <attribute name="Current Error" value="-289.000000" />
  <attribute name="Output H" value="63907416"/>
  <attribute name="Output I" value="1496"/>
  <attribute name="Output T" value="16"/>
  <attribute name= "Current Time Running" value="167448" />
  <attribute name="GC Util currently" value="31" />
  <attribute name="CPU Util currently" value="43307004306" />
<allocation-satisfied id="6797" threadId="0000000002035F00" bytesRequested="80" />
<af-end id="6798" timestamp="2019-08-08T10:56:59.057" threadId="0000000002036888" success="true" />
<exclusive-end id="6799" timestamp="2019-08-08T10:56:59.057" durationms="38.247" />

<exclusive-start id="6800" timestamp="2019-08-08T10:56:59.094" intervalms="75.727">
  <response-info timems="0.021" idlems="0.021" threads="0" lastid="0000000002035F00" lastname="main" />
</exclusive-start>
<af-start id="6801" threadId="0000000002036888" totalBytesRequested="80" timestamp="2019-08-08T10:56:59.094" intervalms="75.733" />
<cycle-start id="6802" type="global" contextid="0" timestamp="2019-08-08T10:56:59.094" intervalms="75.743" />
<gc-start id="6803" type="global" contextid="6802" timestamp="2019-08-08T10:56:59.094">
  <mem-info id="6804" free="638976" total="63963136" percent="0">
    <mem type="tenure" free="638976" total="63963136" percent="0">
      <mem type="soa" free="0" total="63324160" percent="0" />
      <mem type="loa" free="638976" total="638976" percent="100" />
    </mem>
  </mem-info>
</gc-start>
<allocation-stats totalBytes="45434976" >
  <allocated-bytes non-tlh="0" tlh="45434976" />
  <largest-consumer threadName="main" threadId="0000000002035F00" bytes="45434976" />
</allocation-stats>
<gc-op id="6805" type="mark" timems="12.872" contextid="6802" timestamp="2019-08-08T10:56:59.107">
  <trace-info objectcount="596331" scancount="517325" scanbytes="13275916" />
  <finalization candidates="80" enqueued="0" />
  <ownableSynchronizers candidates="21" cleared="0" />
  <references type="soft" candidates="1843" cleared="0" enqueued="0" dynamicThreshold="23" maxThreshold="32" />
  <references type="weak" candidates="5718" cleared="0" enqueued="0" />
  <references type="phantom" candidates="97" cleared="0" enqueued="0" />
  <stringconstants candidates="13275" cleared="0"  />
</gc-op>
<gc-op id="6806" type="sweep" timems="2.624" contextid="6802" timestamp="2019-08-08T10:56:59.110" />
<mem-info id="6807" free="46091552" total="63963136" percent="72">
  <mem type="tenure" free="46091552" total="63963136" percent="72" micro-fragmented="0" macro-fragmented="0">
    <mem type="soa" free="45452576" total="63324160" percent="71" />
    <mem type="loa" free="638976" total="638976" percent="100" />
  </mem>
</mem-info>
<gc-op id="6808" type="compact" timems="27.300" contextid="6802" timestamp="2019-08-08T10:56:59.137">
  <compact-info movecount="11" movebytes="504" reason="compact to aid heap contraction" />
</gc-op>
<heap-resize id="6809" type="expand" space="tenure" amount="131072" count="1" timems="0.018" reason="satisfy allocation request" timestamp="2019-08-08T10:56:59.138" />
<gc-end id="6810" type="global" contextid="6802" durationms="43.778" usertimems="72.307" systemtimems="18.851" timestamp="2019-08-08T10:56:59.138" activeThreads="16">
  <mem-info id="6811" free="46157152" total="64094208" percent="72">
    <mem type="tenure" free="46157152" total="64094208" percent="72">
      <mem type="soa" free="45517152" total="63454208" percent="71" />
      <mem type="loa" free="640000" total="640000" percent="100" />
    </mem>
  </mem-info>
</gc-end>
<cycle-end id="6812" type="global" contextid="6802" timestamp="2019-08-08T10:56:59.138" />
  <attribute name="elasticGC enabled" value="1" />
  <attribute name= "numThreadsSpecified" value="16" />
  <attribute name="heapSize specified" value="63963136" />
  <attribute name="Current GC Util" value="36" />
  <attribute name= "Current Time Running" value="167531" />
  <attribute name ="GC Interval" value="0" />
  <attribute name="Target GC Util Change" value ="80.000000" />
  <attribute name="Current GC Util Change" value="36.000000"/>
  <attribute name="Current Error" value="-340.000000" />
  <attribute name="Output H" value="64038424"/>
  <attribute name="Output I" value="1408"/>
  <attribute name="Output T" value="16"/>
  <attribute name= "Current Time Running" value="167531" />
  <attribute name="GC Util currently" value="36" />
  <attribute name="CPU Util currently" value="42179243207" />
<allocation-satisfied id="6813" threadId="0000000002035F00" bytesRequested="80" />
<af-end id="6814" timestamp="2019-08-08T10:56:59.138" threadId="0000000002036888" success="true" />
<exclusive-end id="6815" timestamp="2019-08-08T10:56:59.138" durationms="43.991" />

<exclusive-start id="6816" timestamp="2019-08-08T10:56:59.195" intervalms="100.645">
  <response-info timems="0.018" idlems="0.018" threads="0" lastid="0000000002035F00" lastname="main" />
</exclusive-start>
<af-start id="6817" threadId="0000000002036888" totalBytesRequested="32" timestamp="2019-08-08T10:56:59.195" intervalms="100.641" />
<cycle-start id="6818" type="global" contextid="0" timestamp="2019-08-08T10:56:59.195" intervalms="100.631" />
<gc-start id="6819" type="global" contextid="6818" timestamp="2019-08-08T10:56:59.195">
  <mem-info id="6820" free="640000" total="64094208" percent="0">
    <mem type="tenure" free="640000" total="64094208" percent="0">
      <mem type="soa" free="0" total="63454208" percent="0" />
      <mem type="loa" free="640000" total="640000" percent="100" />
    </mem>
  </mem-info>
</gc-start>
<allocation-stats totalBytes="45577464" >
  <allocated-bytes non-tlh="0" tlh="45577464" />
  <largest-consumer threadName="main" threadId="0000000002035F00" bytes="45577464" />
</allocation-stats>
<gc-op id="6821" type="mark" timems="8.321" contextid="6818" timestamp="2019-08-08T10:56:59.203">
  <trace-info objectcount="596330" scancount="517321" scanbytes="13275740" />
  <finalization candidates="80" enqueued="0" />
  <ownableSynchronizers candidates="21" cleared="0" />
  <references type="soft" candidates="1843" cleared="0" enqueued="0" dynamicThreshold="23" maxThreshold="32" />
  <references type="weak" candidates="5718" cleared="0" enqueued="0" />
  <references type="phantom" candidates="97" cleared="0" enqueued="0" />
  <stringconstants candidates="13275" cleared="0"  />
</gc-op>
<gc-op id="6822" type="sweep" timems="1.564" contextid="6818" timestamp="2019-08-08T10:56:59.205" />
<mem-info id="6823" free="46221488" total="64094208" percent="72">
  <mem type="tenure" free="46221488" total="64094208" percent="72" micro-fragmented="0" macro-fragmented="0">
    <mem type="soa" free="45581488" total="63454208" percent="71" />
    <mem type="loa" free="640000" total="640000" percent="100" />
  </mem>
</mem-info>
<gc-op id="6824" type="compact" timems="34.069" contextid="6818" timestamp="2019-08-08T10:56:59.239">
  <compact-info movecount="413" movebytes="10640" reason="compact to aid heap contraction" />
</gc-op>
<heap-resize id="6825" type="expand" space="tenure" amount="131072" count="1" timems="0.021" reason="satisfy allocation request" timestamp="2019-08-08T10:56:59.242" />
<gc-end id="6826" type="global" contextid="6818" durationms="47.045" usertimems="76.226" systemtimems="10.578" timestamp="2019-08-08T10:56:59.242" activeThreads="16">
  <mem-info id="6827" free="46288408" total="64225280" percent="72">
    <mem type="tenure" free="46288408" total="64225280" percent="72">
      <mem type="soa" free="45646360" total="63583232" percent="71" />
      <mem type="loa" free="642048" total="642048" percent="100" />
    </mem>
  </mem-info>
</gc-end>
<cycle-end id="6828" type="global" contextid="6818" timestamp="2019-08-08T10:56:59.242" />
  <attribute name="elasticGC enabled" value="1" />
  <attribute name= "numThreadsSpecified" value="16" />
  <attribute name="heapSize specified" value="64094208" />
  <attribute name="Current GC Util" value="79" />
  <attribute name= "Current Time Running" value="167632" />
  <attribute name ="GC Interval" value="0" />
  <attribute name="Target GC Util Change" value ="80.000000" />
  <attribute name="Current GC Util Change" value="79.000000"/>
  <attribute name="Current Error" value="1.000000" />
  <attribute name="Output H" value="64169896"/>
  <attribute name="Output I" value="2016"/>
  <attribute name="Output T" value="16"/>
  <attribute name= "Current Time Running" value="167632" />
  <attribute name="GC Util currently" value="79" />
  <attribute name="CPU Util currently" value="33805207681" />
<allocation-satisfied id="6829" threadId="0000000002035F00" bytesRequested="32" />
<af-end id="6830" timestamp="2019-08-08T10:56:59.242" threadId="0000000002036888" success="true" />
<exclusive-end id="6831" timestamp="2019-08-08T10:56:59.242" durationms="47.252" />

<exclusive-start id="6832" timestamp="2019-08-08T10:56:59.294" intervalms="99.556">
  <response-info timems="0.013" idlems="0.013" threads="0" lastid="0000000002035F00" lastname="main" />
</exclusive-start>
<af-start id="6833" threadId="0000000002036888" totalBytesRequested="16" timestamp="2019-08-08T10:56:59.294" intervalms="99.554" />
<cycle-start id="6834" type="global" contextid="0" timestamp="2019-08-08T10:56:59.294" intervalms="99.553" />
<gc-start id="6835" type="global" contextid="6834" timestamp="2019-08-08T10:56:59.295">
  <mem-info id="6836" free="642048" total="64225280" percent="0">
    <mem type="tenure" free="642048" total="64225280" percent="0">
      <mem type="soa" free="0" total="63583232" percent="0" />
      <mem type="loa" free="642048" total="642048" percent="100" />
    </mem>
  </mem-info>
</gc-start>
<allocation-stats totalBytes="45705696" >
  <allocated-bytes non-tlh="0" tlh="45705696" />
  <largest-consumer threadName="main" threadId="0000000002035F00" bytes="45705696" />
</allocation-stats>
<gc-op id="6837" type="mark" timems="29.863" contextid="6834" timestamp="2019-08-08T10:56:59.324">
  <trace-info objectcount="596335" scancount="517329" scanbytes="13275868" />
  <finalization candidates="80" enqueued="0" />
  <ownableSynchronizers candidates="21" cleared="0" />
  <references type="soft" candidates="1843" cleared="0" enqueued="0" dynamicThreshold="23" maxThreshold="32" />
  <references type="weak" candidates="5718" cleared="0" enqueued="0" />
  <references type="phantom" candidates="97" cleared="0" enqueued="0" />
  <stringconstants candidates="13275" cleared="0"  />
</gc-op>
<gc-op id="6838" type="sweep" timems="3.155" contextid="6834" timestamp="2019-08-08T10:56:59.328" />
<mem-info id="6839" free="46352680" total="64225280" percent="72">
  <mem type="tenure" free="46352680" total="64225280" percent="72" micro-fragmented="0" macro-fragmented="0">
    <mem type="soa" free="45710632" total="63583232" percent="71" />
    <mem type="loa" free="642048" total="642048" percent="100" />
  </mem>
</mem-info>
<gc-op id="6840" type="compact" timems="30.875" contextid="6834" timestamp="2019-08-08T10:56:59.359">
  <compact-info movecount="416" movebytes="10728" reason="compact to aid heap contraction" />
</gc-op>
<heap-resize id="6841" type="expand" space="tenure" amount="131072" count="1" timems="0.021" reason="satisfy allocation request" timestamp="2019-08-08T10:56:59.359" />
<gc-end id="6842" type="global" contextid="6834" durationms="64.741" usertimems="77.499" systemtimems="35.680" timestamp="2019-08-08T10:56:59.359" activeThreads="16">
  <mem-info id="6843" free="46419344" total="64356352" percent="72">
    <mem type="tenure" free="46419344" total="64356352" percent="72">
      <mem type="soa" free="45776272" total="63713280" percent="71" />
      <mem type="loa" free="643072" total="643072" percent="100" />
    </mem>
  </mem-info>
</gc-end>
<cycle-end id="6844" type="global" contextid="6834" timestamp="2019-08-08T10:56:59.359" />
  <attribute name="elasticGC enabled" value="1" />
  <attribute name= "numThreadsSpecified" value="16" />
  <attribute name="heapSize specified" value="64225280" />
  <attribute name="Current GC Util" value="62" />
  <attribute name= "Current Time Running" value="167752" />
  <attribute name ="GC Interval" value="0" />
  <attribute name="Target GC Util Change" value ="80.000000" />
  <attribute name="Current GC Util Change" value="62.000000"/>
  <attribute name="Current Error" value="-77.000000" />
  <attribute name="Output H" value="64300872"/>
  <attribute name="Output I" value="1872"/>
  <attribute name="Output T" value="16"/>
  <attribute name= "Current Time Running" value="167752" />
  <attribute name="GC Util currently" value="62" />
  <attribute name="CPU Util currently" value="37365906449" />
<allocation-satisfied id="6845" threadId="0000000002035F00" bytesRequested="16" />
<af-end id="6846" timestamp="2019-08-08T10:56:59.359" threadId="0000000002036888" success="true" />
<exclusive-end id="6847" timestamp="2019-08-08T10:56:59.359" durationms="64.933" />

<exclusive-start id="6848" timestamp="2019-08-08T10:56:59.399" intervalms="104.963">
  <response-info timems="0.018" idlems="0.018" threads="0" lastid="0000000002035F00" lastname="main" />
</exclusive-start>
<af-start id="6849" threadId="0000000002036888" totalBytesRequested="32" timestamp="2019-08-08T10:56:59.399" intervalms="104.963" />
<cycle-start id="6850" type="global" contextid="0" timestamp="2019-08-08T10:56:59.399" intervalms="104.965" />
<gc-start id="6851" type="global" contextid="6850" timestamp="2019-08-08T10:56:59.399">
  <mem-info id="6852" free="643072" total="64356352" percent="0">
    <mem type="tenure" free="643072" total="64356352" percent="0">
      <mem type="soa" free="0" total="63713280" percent="0" />
      <mem type="loa" free="643072" total="643072" percent="100" />
    </mem>
  </mem-info>
</gc-start>
<allocation-stats totalBytes="45838632" >
  <allocated-bytes non-tlh="0" tlh="45838632" />
  <largest-consumer threadName="main" threadId="0000000002035F00" bytes="45838632" />
</allocation-stats>
<gc-op id="6853" type="mark" timems="9.352" contextid="6850" timestamp="2019-08-08T10:56:59.409">
  <trace-info objectcount="596328" scancount="517318" scanbytes="13275676" />
  <finalization candidates="80" enqueued="0" />
  <ownableSynchronizers candidates="21" cleared="0" />
  <references type="soft" candidates="1843" cleared="0" enqueued="0" dynamicThreshold="23" maxThreshold="32" />
  <references type="weak" candidates="5718" cleared="0" enqueued="0" />
  <references type="phantom" candidates="97" cleared="0" enqueued="0" />
  <stringconstants candidates="13275" cleared="0"  />
</gc-op>
<gc-op id="6854" type="sweep" timems="2.445" contextid="6850" timestamp="2019-08-08T10:56:59.411" />
<mem-info id="6855" free="46483976" total="64356352" percent="72">
  <mem type="tenure" free="46483976" total="64356352" percent="72" micro-fragmented="0" macro-fragmented="0">
    <mem type="soa" free="45840904" total="63713280" percent="71" />
    <mem type="loa" free="643072" total="643072" percent="100" />
  </mem>
</mem-info>
<gc-op id="6856" type="compact" timems="57.075" contextid="6850" timestamp="2019-08-08T10:56:59.468">
  <compact-info movecount="408" movebytes="10512" reason="compact to aid heap contraction" />
</gc-op>
<heap-resize id="6857" type="expand" space="tenure" amount="131072" count="1" timems="0.019" reason="satisfy allocation request" timestamp="2019-08-08T10:56:59.470" />
<gc-end id="6858" type="global" contextid="6850" durationms="70.687" usertimems="95.198" systemtimems="45.964" timestamp="2019-08-08T10:56:59.470" activeThreads="16">
  <mem-info id="6859" free="46550608" total="64487424" percent="72">
    <mem type="tenure" free="46550608" total="64487424" percent="72">
      <mem type="soa" free="45906512" total="63843328" percent="71" />
      <mem type="loa" free="644096" total="644096" percent="100" />
    </mem>
  </mem-info>
</gc-end>
<cycle-end id="6860" type="global" contextid="6850" timestamp="2019-08-08T10:56:59.470" />
  <attribute name="elasticGC enabled" value="1" />
  <attribute name= "numThreadsSpecified" value="16" />
  <attribute name="heapSize specified" value="64356352" />
  <attribute name="Current GC Util" value="58" />
  <attribute name= "Current Time Running" value="167862" />
  <attribute name ="GC Interval" value="0" />
  <attribute name="Target GC Util Change" value ="80.000000" />
  <attribute name="Current GC Util Change" value="58.000000"/>
  <attribute name="Current Error" value="-507.000000" />
  <attribute name="Output H" value="64431448"/>
  <attribute name="Output I" value="1104"/>
  <attribute name="Output T" value="16"/>
  <attribute name= "Current Time Running" value="167862" />
  <attribute name="GC Util currently" value="58" />
  <attribute name="CPU Util currently" value="20183625988" />
<allocation-satisfied id="6861" threadId="0000000002035F00" bytesRequested="32" />
<af-end id="6862" timestamp="2019-08-08T10:56:59.470" threadId="0000000002036888" success="true" />
<exclusive-end id="6863" timestamp="2019-08-08T10:56:59.470" durationms="70.900" />

<exclusive-start id="6864" timestamp="2019-08-08T10:56:59.607" intervalms="207.262">
  <response-info timems="0.017" idlems="0.017" threads="0" lastid="0000000002035F00" lastname="main" />
</exclusive-start>
<af-start id="6865" threadId="0000000002036888" totalBytesRequested="24" timestamp="2019-08-08T10:56:59.607" intervalms="207.262" />
<cycle-start id="6866" type="global" contextid="0" timestamp="2019-08-08T10:56:59.607" intervalms="207.260" />
<gc-start id="6867" type="global" contextid="6866" timestamp="2019-08-08T10:56:59.607">
  <mem-info id="6868" free="644096" total="64487424" percent="0">
    <mem type="tenure" free="644096" total="64487424" percent="0">
      <mem type="soa" free="0" total="63843328" percent="0" />
      <mem type="loa" free="644096" total="644096" percent="100" />
    </mem>
  </mem-info>
</gc-start>
<allocation-stats totalBytes="45969232" >
  <allocated-bytes non-tlh="0" tlh="45969232" />
  <largest-consumer threadName="main" threadId="0000000002035F00" bytes="45969232" />
</allocation-stats>
<gc-op id="6869" type="mark" timems="8.369" contextid="6866" timestamp="2019-08-08T10:56:59.615">
  <trace-info objectcount="596335" scancount="517326" scanbytes="13275812" />
  <finalization candidates="80" enqueued="0" />
  <ownableSynchronizers candidates="21" cleared="0" />
  <references type="soft" candidates="1843" cleared="0" enqueued="0" dynamicThreshold="23" maxThreshold="32" />
  <references type="weak" candidates="5718" cleared="0" enqueued="0" />
  <references type="phantom" candidates="97" cleared="0" enqueued="0" />
  <stringconstants candidates="13275" cleared="0"  />
</gc-op>
<gc-op id="6870" type="sweep" timems="2.397" contextid="6866" timestamp="2019-08-08T10:56:59.618" />
<mem-info id="6871" free="46614504" total="64487424" percent="72">
  <mem type="tenure" free="46614504" total="64487424" percent="72" micro-fragmented="0" macro-fragmented="0">
    <mem type="soa" free="45970408" total="63843328" percent="72" />
    <mem type="loa" free="644096" total="644096" percent="100" />
  </mem>
</mem-info>
<gc-op id="6872" type="compact" timems="22.502" contextid="6866" timestamp="2019-08-08T10:56:59.640">
  <compact-info movecount="414" movebytes="10680" reason="compact to aid heap contraction" />
</gc-op>
<heap-resize id="6873" type="expand" space="tenure" amount="131072" count="1" timems="0.019" reason="satisfy allocation request" timestamp="2019-08-08T10:56:59.641" />
<gc-end id="6874" type="global" contextid="6866" durationms="33.998" usertimems="73.991" systemtimems="0.000" timestamp="2019-08-08T10:56:59.641" activeThreads="16">
  <mem-info id="6875" free="46681488" total="64618496" percent="72">
    <mem type="tenure" free="46681488" total="64618496" percent="72">
      <mem type="soa" free="46035344" total="63972352" percent="71" />
      <mem type="loa" free="646144" total="646144" percent="100" />
    </mem>
  </mem-info>
</gc-end>
<cycle-end id="6876" type="global" contextid="6866" timestamp="2019-08-08T10:56:59.641" />
  <attribute name="elasticGC enabled" value="1" />
  <attribute name= "numThreadsSpecified" value="16" />
  <attribute name="heapSize specified" value="64487424" />
  <attribute name="Current GC Util" value="38" />
  <attribute name= "Current Time Running" value="168034" />
  <attribute name ="GC Interval" value="0" />
  <attribute name="Target GC Util Change" value ="80.000000" />
  <attribute name="Current GC Util Change" value="38.000000"/>
  <attribute name="Current Error" value="42.000000" />
  <attribute name="Output H" value="64563152"/>
  <attribute name="Output I" value="2088"/>
  <attribute name="Output T" value="16"/>
  <attribute name= "Current Time Running" value="168034" />
  <attribute name="GC Util currently" value="38" />
  <attribute name="CPU Util currently" value="51108796673" />
<allocation-satisfied id="6877" threadId="0000000002035F00" bytesRequested="24" />
<af-end id="6878" timestamp="2019-08-08T10:56:59.641" threadId="0000000002036888" success="true" />
<exclusive-end id="6879" timestamp="2019-08-08T10:56:59.641" durationms="34.191" />

<exclusive-start id="6880" timestamp="2019-08-08T10:56:59.659" intervalms="52.514">
  <response-info timems="0.019" idlems="0.019" threads="0" lastid="0000000002035F00" lastname="main" />
</exclusive-start>
<af-start id="6881" threadId="0000000002036888" totalBytesRequested="32" timestamp="2019-08-08T10:56:59.659" intervalms="52.515" />
<cycle-start id="6882" type="global" contextid="0" timestamp="2019-08-08T10:56:59.659" intervalms="52.518" />
<gc-start id="6883" type="global" contextid="6882" timestamp="2019-08-08T10:56:59.659">
  <mem-info id="6884" free="646144" total="64618496" percent="0">
    <mem type="tenure" free="646144" total="64618496" percent="0">
      <mem type="soa" free="0" total="63972352" percent="0" />
      <mem type="loa" free="646144" total="646144" percent="100" />
    </mem>
  </mem-info>
</gc-start>
<allocation-stats totalBytes="46097448" >
  <allocated-bytes non-tlh="0" tlh="46097448" />
  <largest-consumer threadName="main" threadId="0000000002035F00" bytes="46097448" />
</allocation-stats>
<gc-op id="6885" type="mark" timems="12.002" contextid="6882" timestamp="2019-08-08T10:56:59.671">
  <trace-info objectcount="596334" scancount="517324" scanbytes="13275804" />
  <finalization candidates="80" enqueued="0" />
  <ownableSynchronizers candidates="21" cleared="0" />
  <references type="soft" candidates="1843" cleared="0" enqueued="0" dynamicThreshold="23" maxThreshold="32" />
  <references type="weak" candidates="5718" cleared="0" enqueued="0" />
  <references type="phantom" candidates="97" cleared="0" enqueued="0" />
  <stringconstants candidates="13275" cleared="0"  />
</gc-op>
<gc-op id="6886" type="sweep" timems="2.582" contextid="6882" timestamp="2019-08-08T10:56:59.674" />
<mem-info id="6887" free="46747048" total="64618496" percent="72">
  <mem type="tenure" free="46747048" total="64618496" percent="72" micro-fragmented="0" macro-fragmented="0">
    <mem type="soa" free="46100904" total="63972352" percent="72" />
    <mem type="loa" free="646144" total="646144" percent="100" />
  </mem>
</mem-info>
<gc-op id="6888" type="compact" timems="22.339" contextid="6882" timestamp="2019-08-08T10:56:59.696">
  <compact-info movecount="4" movebytes="96" reason="compact to aid heap contraction" />
</gc-op>
<heap-resize id="6889" type="expand" space="tenure" amount="131072" count="1" timems="0.018" reason="satisfy allocation request" timestamp="2019-08-08T10:56:59.697" />
<gc-end id="6890" type="global" contextid="6882" durationms="37.822" usertimems="75.374" systemtimems="13.824" timestamp="2019-08-08T10:56:59.697" activeThreads="16">
  <mem-info id="6891" free="46812584" total="64749568" percent="72">
    <mem type="tenure" free="46812584" total="64749568" percent="72">
      <mem type="soa" free="46165416" total="64102400" percent="72" />
      <mem type="loa" free="647168" total="647168" percent="100" />
    </mem>
  </mem-info>
</gc-end>
<cycle-end id="6892" type="global" contextid="6882" timestamp="2019-08-08T10:56:59.697" />
  <attribute name="elasticGC enabled" value="1" />
  <attribute name= "numThreadsSpecified" value="16" />
  <attribute name="heapSize specified" value="64618496" />
  <attribute name="Current GC Util" value="47" />
  <attribute name= "Current Time Running" value="168090" />
  <attribute name ="GC Interval" value="0" />
  <attribute name="Target GC Util Change" value ="80.000000" />
  <attribute name="Current GC Util Change" value="47.000000"/>
  <attribute name="Current Error" value="-386.000000" />
  <attribute name="Output H" value="64693736"/>
  <attribute name="Output I" value="1320"/>
  <attribute name="Output T" value="16"/>
  <attribute name= "Current Time Running" value="168090" />
  <attribute name="GC Util currently" value="47" />
  <attribute name="CPU Util currently" value="51532182839" />
<allocation-satisfied id="6893" threadId="0000000002035F00" bytesRequested="32" />
<af-end id="6894" timestamp="2019-08-08T10:56:59.697" threadId="0000000002036888" success="true" />
<exclusive-end id="6895" timestamp="2019-08-08T10:56:59.697" durationms="38.032" />

<exclusive-start id="6896" timestamp="2019-08-08T10:56:59.743" intervalms="84.084">
  <response-info timems="0.019" idlems="0.019" threads="0" lastid="0000000002035F00" lastname="main" />
</exclusive-start>
<af-start id="6897" threadId="0000000002036888" totalBytesRequested="32" timestamp="2019-08-08T10:56:59.743" intervalms="84.089" />
<cycle-start id="6898" type="global" contextid="0" timestamp="2019-08-08T10:56:59.743" intervalms="84.096" />
<gc-start id="6899" type="global" contextid="6898" timestamp="2019-08-08T10:56:59.743">
  <mem-info id="6900" free="647168" total="64749568" percent="0">
    <mem type="tenure" free="647168" total="64749568" percent="0">
      <mem type="soa" free="0" total="64102400" percent="0" />
      <mem type="loa" free="647168" total="647168" percent="100" />
    </mem>
  </mem-info>
</gc-start>
<allocation-stats totalBytes="46227816" >
  <allocated-bytes non-tlh="0" tlh="46227816" />
  <largest-consumer threadName="main" threadId="0000000002035F00" bytes="46227816" />
</allocation-stats>
<gc-op id="6901" type="mark" timems="18.800" contextid="6898" timestamp="2019-08-08T10:56:59.762">
  <trace-info objectcount="596346" scancount="517345" scanbytes="13276124" />
  <finalization candidates="80" enqueued="0" />
  <ownableSynchronizers candidates="21" cleared="0" />
  <references type="soft" candidates="1843" cleared="0" enqueued="0" dynamicThreshold="23" maxThreshold="32" />
  <references type="weak" candidates="5718" cleared="0" enqueued="0" />
  <references type="phantom" candidates="97" cleared="0" enqueued="0" />
  <stringconstants candidates="13275" cleared="0"  />
</gc-op>
<gc-op id="6902" type="sweep" timems="4.282" contextid="6898" timestamp="2019-08-08T10:56:59.767" />
<mem-info id="6903" free="46876472" total="64749568" percent="72">
  <mem type="tenure" free="46876472" total="64749568" percent="72" micro-fragmented="0" macro-fragmented="0">
    <mem type="soa" free="46229304" total="64102400" percent="72" />
    <mem type="loa" free="647168" total="647168" percent="100" />
  </mem>
</mem-info>
<gc-op id="6904" type="compact" timems="41.926" contextid="6898" timestamp="2019-08-08T10:56:59.808">
  <compact-info movecount="419" movebytes="10832" reason="compact to aid heap contraction" />
</gc-op>
<heap-resize id="6905" type="expand" space="tenure" amount="131072" count="1" timems="0.020" reason="satisfy allocation request" timestamp="2019-08-08T10:56:59.809" />
<gc-end id="6906" type="global" contextid="6898" durationms="65.994" usertimems="137.752" systemtimems="45.264" timestamp="2019-08-08T10:56:59.809" activeThreads="16">
  <mem-info id="6907" free="46943336" total="64880640" percent="72">
    <mem type="tenure" free="46943336" total="64880640" percent="72">
      <mem type="soa" free="46295144" total="64232448" percent="72" />
      <mem type="loa" free="648192" total="648192" percent="100" />
    </mem>
  </mem-info>
</gc-end>
<cycle-end id="6908" type="global" contextid="6898" timestamp="2019-08-08T10:56:59.809" />
  <attribute name="elasticGC enabled" value="1" />
  <attribute name= "numThreadsSpecified" value="16" />
  <attribute name="heapSize specified" value="64749568" />
  <attribute name="Current GC Util" value="39" />
  <attribute name= "Current Time Running" value="168202" />
  <attribute name ="GC Interval" value="0" />
  <attribute name="Target GC Util Change" value ="80.000000" />
  <attribute name="Current GC Util Change" value="39.000000"/>
  <attribute name="Current Error" value="-553.000000" />
  <attribute name="Output H" value="64824616"/>
  <attribute name="Output I" value="1024"/>
  <attribute name="Output T" value="16"/>
  <attribute name= "Current Time Running" value="168202" />
  <attribute name="GC Util currently" value="39" />
  <attribute name="CPU Util currently" value="27481593037" />
<allocation-satisfied id="6909" threadId="0000000002035F00" bytesRequested="32" />
<af-end id="6910" timestamp="2019-08-08T10:56:59.809" threadId="0000000002036888" success="true" />
<exclusive-end id="6911" timestamp="2019-08-08T10:56:59.809" durationms="66.217" />

<exclusive-start id="6912" timestamp="2019-08-08T10:56:59.843" intervalms="99.754">
  <response-info timems="0.013" idlems="0.013" threads="0" lastid="0000000002035F00" lastname="main" />
</exclusive-start>
<af-start id="6913" threadId="0000000002036888" totalBytesRequested="32" timestamp="2019-08-08T10:56:59.843" intervalms="99.747" />
<cycle-start id="6914" type="global" contextid="0" timestamp="2019-08-08T10:56:59.843" intervalms="99.739" />
<gc-start id="6915" type="global" contextid="6914" timestamp="2019-08-08T10:56:59.843">
  <mem-info id="6916" free="648192" total="64880640" percent="0">
    <mem type="tenure" free="648192" total="64880640" percent="0">
      <mem type="soa" free="0" total="64232448" percent="0" />
      <mem type="loa" free="648192" total="648192" percent="100" />
    </mem>
  </mem-info>
</gc-start>
<allocation-stats totalBytes="46357264" >
  <allocated-bytes non-tlh="0" tlh="46357264" />
  <largest-consumer threadName="main" threadId="0000000002035F00" bytes="46357264" />
</allocation-stats>
<gc-op id="6917" type="mark" timems="8.563" contextid="6914" timestamp="2019-08-08T10:56:59.852">
  <trace-info objectcount="596343" scancount="517337" scanbytes="13276092" />
  <finalization candidates="80" enqueued="0" />
  <ownableSynchronizers candidates="21" cleared="0" />
  <references type="soft" candidates="1843" cleared="0" enqueued="0" dynamicThreshold="23" maxThreshold="32" />
  <references type="weak" candidates="5718" cleared="0" enqueued="0" />
  <references type="phantom" candidates="97" cleared="0" enqueued="0" />
  <stringconstants candidates="13275" cleared="0"  />
</gc-op>
<gc-op id="6918" type="sweep" timems="1.500" contextid="6914" timestamp="2019-08-08T10:56:59.853" />
<mem-info id="6919" free="47007488" total="64880640" percent="72">
  <mem type="tenure" free="47007488" total="64880640" percent="72" micro-fragmented="0" macro-fragmented="0">
    <mem type="soa" free="46359296" total="64232448" percent="72" />
    <mem type="loa" free="648192" total="648192" percent="100" />
  </mem>
</mem-info>
<gc-op id="6920" type="compact" timems="27.315" contextid="6914" timestamp="2019-08-08T10:56:59.881">
  <compact-info movecount="415" movebytes="10768" reason="compact to aid heap contraction" />
</gc-op>
<heap-resize id="6921" type="expand" space="tenure" amount="131072" count="1" timems="0.024" reason="satisfy allocation request" timestamp="2019-08-08T10:56:59.881" />
<gc-end id="6922" type="global" contextid="6914" durationms="38.207" usertimems="74.445" systemtimems="6.131" timestamp="2019-08-08T10:56:59.881" activeThreads="16">
  <mem-info id="6923" free="47074448" total="65011712" percent="72">
    <mem type="tenure" free="47074448" total="65011712" percent="72">
      <mem type="soa" free="46425232" total="64362496" percent="72" />
      <mem type="loa" free="649216" total="649216" percent="100" />
    </mem>
  </mem-info>
</gc-end>
<cycle-end id="6924" type="global" contextid="6914" timestamp="2019-08-08T10:56:59.881" />
  <attribute name="elasticGC enabled" value="1" />
  <attribute name= "numThreadsSpecified" value="16" />
  <attribute name="heapSize specified" value="64880640" />
  <attribute name="Current GC Util" value="31" />
  <attribute name= "Current Time Running" value="168274" />
  <attribute name ="GC Interval" value="0" />
  <attribute name="Target GC Util Change" value ="80.000000" />
  <attribute name="Current GC Util Change" value="31.000000"/>
  <attribute name="Current Error" value="49.000000" />
  <attribute name="Output H" value="64956376"/>
  <attribute name="Output I" value="2096"/>
  <attribute name="Output T" value="16"/>
  <attribute name= "Current Time Running" value="168274" />
  <attribute name="GC Util currently" value="31" />
  <attribute name="CPU Util currently" value="42151304961" />
<allocation-satisfied id="6925" threadId="0000000002035F00" bytesRequested="32" />
<af-end id="6926" timestamp="2019-08-08T10:56:59.881" threadId="0000000002036888" success="true" />
<exclusive-end id="6927" timestamp="2019-08-08T10:56:59.881" durationms="38.392" />

<exclusive-start id="6928" timestamp="2019-08-08T10:56:59.969" intervalms="125.858">
  <response-info timems="0.016" idlems="0.016" threads="0" lastid="0000000002035F00" lastname="main" />
</exclusive-start>
<af-start id="6929" threadId="0000000002036888" totalBytesRequested="520" timestamp="2019-08-08T10:56:59.969" intervalms="125.856" />
<cycle-start id="6930" type="global" contextid="0" timestamp="2019-08-08T10:56:59.969" intervalms="125.860" />
<gc-start id="6931" type="global" contextid="6930" timestamp="2019-08-08T10:56:59.969">
  <mem-info id="6932" free="649216" total="65011712" percent="0">
    <mem type="tenure" free="649216" total="65011712" percent="0">
      <mem type="soa" free="0" total="64362496" percent="0" />
      <mem type="loa" free="649216" total="649216" percent="100" />
    </mem>
  </mem-info>
</gc-start>
<allocation-stats totalBytes="46473992" >
  <allocated-bytes non-tlh="0" tlh="46473992" />
  <largest-consumer threadName="main" threadId="0000000002035F00" bytes="46473992" />
</allocation-stats>
<gc-op id="6933" type="mark" timems="8.616" contextid="6930" timestamp="2019-08-08T10:56:59.978">
  <trace-info objectcount="596353" scancount="517344" scanbytes="13276180" />
  <finalization candidates="80" enqueued="0" />
  <ownableSynchronizers candidates="21" cleared="0" />
  <references type="soft" candidates="1843" cleared="0" enqueued="0" dynamicThreshold="23" maxThreshold="32" />
  <references type="weak" candidates="5718" cleared="0" enqueued="0" />
  <references type="phantom" candidates="97" cleared="0" enqueued="0" />
  <stringconstants candidates="13275" cleared="0"  />
</gc-op>
<gc-op id="6934" type="sweep" timems="1.665" contextid="6930" timestamp="2019-08-08T10:56:59.979" />
<mem-info id="6935" free="47137928" total="65011712" percent="72">
  <mem type="tenure" free="47137928" total="65011712" percent="72" micro-fragmented="0" macro-fragmented="0">
    <mem type="soa" free="46488712" total="64362496" percent="72" />
    <mem type="loa" free="649216" total="649216" percent="100" />
  </mem>
</mem-info>
<gc-op id="6936" type="compact" timems="23.224" contextid="6930" timestamp="2019-08-08T10:57:00.003">
  <compact-info movecount="424" movebytes="11728" reason="compact to aid heap contraction" />
</gc-op>
<heap-resize id="6937" type="expand" space="tenure" amount="131072" count="1" timems="0.019" reason="satisfy allocation request" timestamp="2019-08-08T10:57:00.004" />
<gc-end id="6938" type="global" contextid="6930" durationms="34.580" usertimems="79.014" systemtimems="0.000" timestamp="2019-08-08T10:57:00.004" activeThreads="16">
  <mem-info id="6939" free="47204536" total="65142784" percent="72">
    <mem type="tenure" free="47204536" total="65142784" percent="72">
      <mem type="soa" free="46553272" total="64491520" percent="72" />
      <mem type="loa" free="651264" total="651264" percent="100" />
    </mem>
  </mem-info>
</gc-end>
<cycle-end id="6940" type="global" contextid="6930" timestamp="2019-08-08T10:57:00.004" />
  <attribute name="elasticGC enabled" value="1" />
  <attribute name= "numThreadsSpecified" value="16" />
  <attribute name="heapSize specified" value="65011712" />
  <attribute name="Current GC Util" value="31" />
  <attribute name= "Current Time Running" value="168396" />
  <attribute name ="GC Interval" value="0" />
  <attribute name="Target GC Util Change" value ="80.000000" />
  <attribute name="Current GC Util Change" value="31.000000"/>
  <attribute name="Current Error" value="-309.000000" />
  <attribute name="Output H" value="65087040"/>
  <attribute name="Output I" value="1464"/>
  <attribute name="Output T" value="16"/>
  <attribute name= "Current Time Running" value="168396" />
  <attribute name="GC Util currently" value="31" />
  <attribute name="CPU Util currently" value="49562518678" />
<allocation-satisfied id="6941" threadId="0000000002035F00" bytesRequested="520" />
<af-end id="6942" timestamp="2019-08-08T10:57:00.004" threadId="0000000002036888" success="true" />
<exclusive-end id="6943" timestamp="2019-08-08T10:57:00.004" durationms="34.776" />

<exclusive-start id="6944" timestamp="2019-08-08T10:57:00.036" intervalms="67.560">
  <response-info timems="0.019" idlems="0.019" threads="0" lastid="0000000002035F00" lastname="main" />
</exclusive-start>
<af-start id="6945" threadId="0000000002036888" totalBytesRequested="520" timestamp="2019-08-08T10:57:00.036" intervalms="67.570" />
<cycle-start id="6946" type="global" contextid="0" timestamp="2019-08-08T10:57:00.036" intervalms="67.565" />
<gc-start id="6947" type="global" contextid="6946" timestamp="2019-08-08T10:57:00.037">
  <mem-info id="6948" free="651264" total="65142784" percent="0">
    <mem type="tenure" free="651264" total="65142784" percent="0">
      <mem type="soa" free="0" total="64491520" percent="0" />
      <mem type="loa" free="651264" total="651264" percent="100" />
    </mem>
  </mem-info>
</gc-start>
<allocation-stats totalBytes="46595824" >
  <allocated-bytes non-tlh="0" tlh="46595824" />
  <largest-consumer threadName="main" threadId="0000000002035F00" bytes="46595824" />
</allocation-stats>
<gc-op id="6949" type="mark" timems="13.464" contextid="6946" timestamp="2019-08-08T10:57:00.050">
  <trace-info objectcount="596353" scancount="517337" scanbytes="13276180" />
  <finalization candidates="80" enqueued="0" />
  <ownableSynchronizers candidates="21" cleared="0" />
  <references type="soft" candidates="1843" cleared="0" enqueued="0" dynamicThreshold="23" maxThreshold="32" />
  <references type="weak" candidates="5718" cleared="0" enqueued="0" />
  <references type="phantom" candidates="97" cleared="0" enqueued="0" />
  <stringconstants candidates="13275" cleared="0"  />
</gc-op>
<gc-op id="6950" type="sweep" timems="1.371" contextid="6946" timestamp="2019-08-08T10:57:00.051" />
<mem-info id="6951" free="47270072" total="65142784" percent="72">
  <mem type="tenure" free="47270072" total="65142784" percent="72" micro-fragmented="0" macro-fragmented="0">
    <mem type="soa" free="46618808" total="64491520" percent="72" />
    <mem type="loa" free="651264" total="651264" percent="100" />
  </mem>
</mem-info>
<gc-op id="6952" type="compact" timems="24.354" contextid="6946" timestamp="2019-08-08T10:57:00.076">
  <compact-info movecount="2" movebytes="56" reason="compact to aid heap contraction" />
</gc-op>
<heap-resize id="6953" type="expand" space="tenure" amount="131072" count="1" timems="0.019" reason="satisfy allocation request" timestamp="2019-08-08T10:57:00.076" />
<gc-end id="6954" type="global" contextid="6946" durationms="39.784" usertimems="65.501" systemtimems="7.172" timestamp="2019-08-08T10:57:00.076" activeThreads="16">
  <mem-info id="6955" free="47335608" total="65273856" percent="72">
    <mem type="tenure" free="47335608" total="65273856" percent="72">
      <mem type="soa" free="46683320" total="64621568" percent="72" />
      <mem type="loa" free="652288" total="652288" percent="100" />
    </mem>
  </mem-info>
</gc-end>
<cycle-end id="6956" type="global" contextid="6946" timestamp="2019-08-08T10:57:00.076" />
  <attribute name="elasticGC enabled" value="1" />
  <attribute name= "numThreadsSpecified" value="16" />
  <attribute name="heapSize specified" value="65142784" />
  <attribute name="Current GC Util" value="31" />
  <attribute name= "Current Time Running" value="168469" />
  <attribute name ="GC Interval" value="0" />
  <attribute name="Target GC Util Change" value ="80.000000" />
  <attribute name="Current GC Util Change" value="31.000000"/>
  <attribute name="Current Error" value="-156.000000" />
  <attribute name="Output H" value="65218288"/>
  <attribute name="Output I" value="1736"/>
  <attribute name="Output T" value="16"/>
  <attribute name= "Current Time Running" value="168469" />
  <attribute name="GC Util currently" value="31" />
  <attribute name="CPU Util currently" value="47264561212" />
<allocation-satisfied id="6957" threadId="0000000002035F00" bytesRequested="520" />
<af-end id="6958" timestamp="2019-08-08T10:57:00.076" threadId="0000000002036888" success="true" />
<exclusive-end id="6959" timestamp="2019-08-08T10:57:00.076" durationms="39.983" />

<exclusive-start id="6960" timestamp="2019-08-08T10:57:00.126" intervalms="89.849">
  <response-info timems="0.017" idlems="0.017" threads="0" lastid="0000000002035F00" lastname="main" />
</exclusive-start>
<af-start id="6961" threadId="0000000002036888" totalBytesRequested="24" timestamp="2019-08-08T10:57:00.126" intervalms="89.836" />
<cycle-start id="6962" type="global" contextid="0" timestamp="2019-08-08T10:57:00.126" intervalms="89.836" />
<gc-start id="6963" type="global" contextid="6962" timestamp="2019-08-08T10:57:00.126">
  <mem-info id="6964" free="652288" total="65273856" percent="0">
    <mem type="tenure" free="652288" total="65273856" percent="0">
      <mem type="soa" free="0" total="64621568" percent="0" />
      <mem type="loa" free="652288" total="652288" percent="100" />
    </mem>
  </mem-info>
</gc-start>
<allocation-stats totalBytes="46734152" >
  <allocated-bytes non-tlh="0" tlh="46734152" />
  <largest-consumer threadName="main" threadId="0000000002035F00" bytes="46734152" />
</allocation-stats>
<gc-op id="6965" type="mark" timems="21.041" contextid="6962" timestamp="2019-08-08T10:57:00.147">
  <trace-info objectcount="596342" scancount="517337" scanbytes="13276008" />
  <finalization candidates="80" enqueued="0" />
  <ownableSynchronizers candidates="21" cleared="0" />
  <references type="soft" candidates="1843" cleared="0" enqueued="0" dynamicThreshold="23" maxThreshold="32" />
  <references type="weak" candidates="5718" cleared="0" enqueued="0" />
  <references type="phantom" candidates="97" cleared="0" enqueued="0" />
  <stringconstants candidates="13275" cleared="0"  />
</gc-op>
<gc-op id="6966" type="sweep" timems="8.048" contextid="6962" timestamp="2019-08-08T10:57:00.156" />
<mem-info id="6967" free="47400816" total="65273856" percent="72">
  <mem type="tenure" free="47400816" total="65273856" percent="72" micro-fragmented="0" macro-fragmented="0">
    <mem type="soa" free="46748528" total="64621568" percent="72" />
    <mem type="loa" free="652288" total="652288" percent="100" />
  </mem>
</mem-info>
<gc-op id="6968" type="compact" timems="40.281" contextid="6962" timestamp="2019-08-08T10:57:00.196">
  <compact-info movecount="410" movebytes="11200" reason="compact to aid heap contraction" />
</gc-op>
<heap-resize id="6969" type="expand" space="tenure" amount="131072" count="1" timems="0.021" reason="satisfy allocation request" timestamp="2019-08-08T10:57:00.197" />
<gc-end id="6970" type="global" contextid="6962" durationms="70.214" usertimems="74.924" systemtimems="34.363" timestamp="2019-08-08T10:57:00.197" activeThreads="16">
  <mem-info id="6971" free="47467136" total="65404928" percent="72">
    <mem type="tenure" free="47467136" total="65404928" percent="72">
      <mem type="soa" free="46813824" total="64751616" percent="72" />
      <mem type="loa" free="653312" total="653312" percent="100" />
    </mem>
  </mem-info>
</gc-end>
<cycle-end id="6972" type="global" contextid="6962" timestamp="2019-08-08T10:57:00.197" />
  <attribute name="elasticGC enabled" value="1" />
  <attribute name= "numThreadsSpecified" value="16" />
  <attribute name="heapSize specified" value="65273856" />
  <attribute name="Current GC Util" value="25" />
  <attribute name= "Current Time Running" value="168589" />
  <attribute name ="GC Interval" value="0" />
  <attribute name="Target GC Util Change" value ="80.000000" />
  <attribute name="Current GC Util Change" value="25.000000"/>
  <attribute name="Current Error" value="55.000000" />
  <attribute name="Output H" value="65349600"/>
  <attribute name="Output I" value="2112"/>
  <attribute name="Output T" value="16"/>
  <attribute name= "Current Time Running" value="168589" />
  <attribute name="GC Util currently" value="25" />
  <attribute name="CPU Util currently" value="28609552634" />
<allocation-satisfied id="6973" threadId="0000000002035F00" bytesRequested="24" />
<af-end id="6974" timestamp="2019-08-08T10:57:00.197" threadId="0000000002036888" success="true" />
<exclusive-end id="6975" timestamp="2019-08-08T10:57:00.197" durationms="70.415" />

<exclusive-start id="6976" timestamp="2019-08-08T10:57:00.206" intervalms="79.421">
  <response-info timems="0.023" idlems="0.023" threads="0" lastid="0000000002035F00" lastname="main" />
</exclusive-start>
<af-start id="6977" threadId="0000000002036888" totalBytesRequested="544" timestamp="2019-08-08T10:57:00.206" intervalms="79.452" />
<cycle-start id="6978" type="global" contextid="0" timestamp="2019-08-08T10:57:00.206" intervalms="79.463" />
<gc-start id="6979" type="global" contextid="6978" timestamp="2019-08-08T10:57:00.206">
  <mem-info id="6980" free="653312" total="65404928" percent="0">
    <mem type="tenure" free="653312" total="65404928" percent="0">
      <mem type="soa" free="0" total="64751616" percent="0" />
      <mem type="loa" free="653312" total="653312" percent="100" />
    </mem>
  </mem-info>
</gc-start>
<allocation-stats totalBytes="46795800" >
  <allocated-bytes non-tlh="0" tlh="46795800" />
  <largest-consumer threadName="main" threadId="0000000002035F00" bytes="46795800" />
</allocation-stats>
<gc-op id="6981" type="mark" timems="9.492" contextid="6978" timestamp="2019-08-08T10:57:00.215">
  <trace-info objectcount="596344" scancount="517339" scanbytes="13276048" />
  <finalization candidates="80" enqueued="0" />
  <ownableSynchronizers candidates="21" cleared="0" />
  <references type="soft" candidates="1843" cleared="0" enqueued="0" dynamicThreshold="23" maxThreshold="32" />
  <references type="weak" candidates="5718" cleared="0" enqueued="0" />
  <references type="phantom" candidates="97" cleared="0" enqueued="0" />
  <stringconstants candidates="13275" cleared="0"  />
</gc-op>
<gc-op id="6982" type="sweep" timems="1.703" contextid="6978" timestamp="2019-08-08T10:57:00.217" />
<mem-info id="6983" free="47532304" total="65404928" percent="72">
  <mem type="tenure" free="47532304" total="65404928" percent="72" micro-fragmented="0" macro-fragmented="0">
    <mem type="soa" free="46878992" total="64751616" percent="72" />
    <mem type="loa" free="653312" total="653312" percent="100" />
  </mem>
</mem-info>
<gc-op id="6984" type="compact" timems="26.729" contextid="6978" timestamp="2019-08-08T10:57:00.244">
  <compact-info movecount="3" movebytes="72" reason="compact to aid heap contraction" />
</gc-op>
<heap-resize id="6985" type="expand" space="tenure" amount="131072" count="1" timems="0.019" reason="satisfy allocation request" timestamp="2019-08-08T10:57:00.245" />
<gc-end id="6986" type="global" contextid="6978" durationms="39.100" usertimems="70.234" systemtimems="11.852" timestamp="2019-08-08T10:57:00.245" activeThreads="16">
  <mem-info id="6987" free="47598168" total="65536000" percent="72">
    <mem type="tenure" free="47598168" total="65536000" percent="72">
      <mem type="soa" free="46942808" total="64880640" percent="72" />
      <mem type="loa" free="655360" total="655360" percent="100" />
    </mem>
  </mem-info>
</gc-end>
<cycle-end id="6988" type="global" contextid="6978" timestamp="2019-08-08T10:57:00.245" />
  <attribute name="elasticGC enabled" value="1" />
  <attribute name= "numThreadsSpecified" value="16" />
  <attribute name="heapSize specified" value="65404928" />
  <attribute name="Current GC Util" value="37" />
  <attribute name= "Current Time Running" value="168637" />
  <attribute name ="GC Interval" value="0" />
  <attribute name="Target GC Util Change" value ="80.000000" />
  <attribute name="Current GC Util Change" value="37.000000"/>
  <attribute name="Current Error" value="-730.000000" />
  <attribute name="Output H" value="65479768"/>
  <attribute name="Output I" value="704"/>
  <attribute name="Output T" value="16"/>
  <attribute name= "Current Time Running" value="168637" />
  <attribute name="GC Util currently" value="37" />
  <attribute name="CPU Util currently" value="43058934429" />
<allocation-satisfied id="6989" threadId="0000000002035F00" bytesRequested="544" />
<af-end id="6990" timestamp="2019-08-08T10:57:00.245" threadId="0000000002036888" success="true" />
<exclusive-end id="6991" timestamp="2019-08-08T10:57:00.245" durationms="39.346" />

<exclusive-start id="6992" timestamp="2019-08-08T10:57:00.254" intervalms="48.154">
  <response-info timems="0.036" idlems="0.036" threads="0" lastid="0000000002035F00" lastname="main" />
</exclusive-start>
<af-start id="6993" threadId="0000000002036888" totalBytesRequested="584" timestamp="2019-08-08T10:57:00.254" intervalms="48.132" />
<cycle-start id="6994" type="global" contextid="0" timestamp="2019-08-08T10:57:00.254" intervalms="48.121" />
<gc-start id="6995" type="global" contextid="6994" timestamp="2019-08-08T10:57:00.254">
  <mem-info id="6996" free="655360" total="65536000" percent="1">
    <mem type="tenure" free="655360" total="65536000" percent="1">
      <mem type="soa" free="0" total="64880640" percent="0" />
      <mem type="loa" free="655360" total="655360" percent="100" />
    </mem>
  </mem-info>
</gc-start>
<allocation-stats totalBytes="46925248" >
  <allocated-bytes non-tlh="0" tlh="46925248" />
  <largest-consumer threadName="main" threadId="0000000002035F00" bytes="46925248" />
</allocation-stats>
<gc-op id="6997" type="mark" timems="13.417" contextid="6994" timestamp="2019-08-08T10:57:00.267">
  <trace-info objectcount="596344" scancount="517335" scanbytes="13276048" />
  <finalization candidates="80" enqueued="0" />
  <ownableSynchronizers candidates="21" cleared="0" />
  <references type="soft" candidates="1843" cleared="0" enqueued="0" dynamicThreshold="23" maxThreshold="32" />
  <references type="weak" candidates="5718" cleared="0" enqueued="0" />
  <references type="phantom" candidates="97" cleared="0" enqueued="0" />
  <stringconstants candidates="13275" cleared="0"  />
</gc-op>
<gc-op id="6998" type="sweep" timems="4.229" contextid="6994" timestamp="2019-08-08T10:57:00.272" />
<mem-info id="6999" free="47663672" total="65536000" percent="72">
  <mem type="tenure" free="47663672" total="65536000" percent="72" micro-fragmented="0" macro-fragmented="0">
    <mem type="soa" free="47008312" total="64880640" percent="72" />
    <mem type="loa" free="655360" total="655360" percent="100" />
  </mem>
</mem-info>
<gc-op id="7000" type="compact" timems="24.221" contextid="6994" timestamp="2019-08-08T10:57:00.296">
  <compact-info movecount="3" movebytes="72" reason="compact to aid heap contraction" />
</gc-op>
<heap-resize id="7001" type="expand" space="tenure" amount="131072" count="1" timems="0.019" reason="satisfy allocation request" timestamp="2019-08-08T10:57:00.297" />
<gc-end id="7002" type="global" contextid="6994" durationms="42.615" usertimems="67.143" systemtimems="25.182" timestamp="2019-08-08T10:57:00.297" activeThreads="16">
  <mem-info id="7003" free="47729240" total="65667072" percent="72">
    <mem type="tenure" free="47729240" total="65667072" percent="72">
      <mem type="soa" free="47072856" total="65010688" percent="72" />
      <mem type="loa" free="656384" total="656384" percent="100" />
    </mem>
  </mem-info>
</gc-end>
<cycle-end id="7004" type="global" contextid="6994" timestamp="2019-08-08T10:57:00.297" />
  <attribute name="elasticGC enabled" value="1" />
  <attribute name= "numThreadsSpecified" value="16" />
  <attribute name="heapSize specified" value="65536000" />
  <attribute name="Current GC Util" value="37" />
  <attribute name= "Current Time Running" value="168689" />
  <attribute name ="GC Interval" value="0" />
  <attribute name="Target GC Util Change" value ="80.000000" />
  <attribute name="Current GC Util Change" value="37.000000"/>
  <attribute name="Current Error" value="-280.000000" />
  <attribute name="Output H" value="65611360"/>
  <attribute name="Output I" value="1512"/>
  <attribute name="Output T" value="16"/>
  <attribute name= "Current Time Running" value="168689" />
  <attribute name="GC Util currently" value="37" />
  <attribute name="CPU Util currently" value="47526866604" />
<allocation-satisfied id="7005" threadId="0000000002035F00" bytesRequested="584" />
<af-end id="7006" timestamp="2019-08-08T10:57:00.297" threadId="0000000002036888" success="true" />
<exclusive-end id="7007" timestamp="2019-08-08T10:57:00.297" durationms="42.811" />

<exclusive-start id="7008" timestamp="2019-08-08T10:57:00.306" intervalms="52.371">
  <response-info timems="0.054" idlems="0.054" threads="0" lastid="0000000002035F00" lastname="main" />
</exclusive-start>
<af-start id="7009" threadId="0000000002036888" totalBytesRequested="16" timestamp="2019-08-08T10:57:00.306" intervalms="52.376" />
<cycle-start id="7010" type="global" contextid="0" timestamp="2019-08-08T10:57:00.306" intervalms="52.386" />
<gc-start id="7011" type="global" contextid="7010" timestamp="2019-08-08T10:57:00.306">
  <mem-info id="7012" free="656384" total="65667072" percent="0">
    <mem type="tenure" free="656384" total="65667072" percent="0">
      <mem type="soa" free="0" total="65010688" percent="0" />
      <mem type="loa" free="656384" total="656384" percent="100" />
    </mem>
  </mem-info>
</gc-start>
<allocation-stats totalBytes="47055704" >
  <allocated-bytes non-tlh="0" tlh="47055704" />
  <largest-consumer threadName="main" threadId="0000000002035F00" bytes="47055704" />
</allocation-stats>
<gc-op id="7013" type="mark" timems="14.071" contextid="7010" timestamp="2019-08-08T10:57:00.320">
  <trace-info objectcount="596343" scancount="517336" scanbytes="13276032" />
  <finalization candidates="80" enqueued="0" />
  <ownableSynchronizers candidates="21" cleared="0" />
  <references type="soft" candidates="1843" cleared="0" enqueued="0" dynamicThreshold="23" maxThreshold="32" />
  <references type="weak" candidates="5718" cleared="0" enqueued="0" />
  <references type="phantom" candidates="97" cleared="0" enqueued="0" />
  <stringconstants candidates="13275" cleared="0"  />
</gc-op>
<gc-op id="7014" type="sweep" timems="3.654" contextid="7010" timestamp="2019-08-08T10:57:00.324" />
<mem-info id="7015" free="47793824" total="65667072" percent="72">
  <mem type="tenure" free="47793824" total="65667072" percent="72" micro-fragmented="0" macro-fragmented="0">
    <mem type="soa" free="47137440" total="65010688" percent="72" />
    <mem type="loa" free="656384" total="656384" percent="100" />
  </mem>
</mem-info>
<gc-op id="7016" type="compact" timems="25.648" contextid="7010" timestamp="2019-08-08T10:57:00.350">
  <compact-info movecount="2" movebytes="56" reason="compact to aid heap contraction" />
</gc-op>
<heap-resize id="7017" type="expand" space="tenure" amount="131072" count="1" timems="0.016" reason="satisfy allocation request" timestamp="2019-08-08T10:57:00.350" />
<gc-end id="7018" type="global" contextid="7010" durationms="44.163" usertimems="72.180" systemtimems="24.700" timestamp="2019-08-08T10:57:00.350" activeThreads="16">
  <mem-info id="7019" free="47860328" total="65798144" percent="72">
    <mem type="tenure" free="47860328" total="65798144" percent="72">
      <mem type="soa" free="47202920" total="65140736" percent="72" />
      <mem type="loa" free="657408" total="657408" percent="100" />
    </mem>
  </mem-info>
</gc-end>
<cycle-end id="7020" type="global" contextid="7010" timestamp="2019-08-08T10:57:00.351" />
  <attribute name="elasticGC enabled" value="1" />
  <attribute name= "numThreadsSpecified" value="16" />
  <attribute name="heapSize specified" value="65667072" />
  <attribute name="Current GC Util" value="50" />
  <attribute name= "Current Time Running" value="168743" />
  <attribute name ="GC Interval" value="0" />
  <attribute name="Target GC Util Change" value ="80.000000" />
  <attribute name="Current GC Util Change" value="50.000000"/>
  <attribute name="Current Error" value="30.000000" />
  <attribute name="Output H" value="65742792"/>
  <attribute name="Output I" value="2064"/>
  <attribute name="Output T" value="16"/>
  <attribute name= "Current Time Running" value="168743" />
  <attribute name="GC Util currently" value="50" />
  <attribute name="CPU Util currently" value="44897878778" />
<allocation-satisfied id="7021" threadId="0000000002035F00" bytesRequested="16" />
<af-end id="7022" timestamp="2019-08-08T10:57:00.351" threadId="0000000002036888" success="true" />
<exclusive-end id="7023" timestamp="2019-08-08T10:57:00.351" durationms="44.470" />

<exclusive-start id="7024" timestamp="2019-08-08T10:57:00.358" intervalms="51.889">
  <response-info timems="0.022" idlems="0.022" threads="0" lastid="0000000002035F00" lastname="main" />
</exclusive-start>
<af-start id="7025" threadId="0000000002036888" totalBytesRequested="64" timestamp="2019-08-08T10:57:00.358" intervalms="51.893" />
<cycle-start id="7026" type="global" contextid="0" timestamp="2019-08-08T10:57:00.358" intervalms="51.889" />
<gc-start id="7027" type="global" contextid="7026" timestamp="2019-08-08T10:57:00.358">
  <mem-info id="7028" free="657408" total="65798144" percent="0">
    <mem type="tenure" free="657408" total="65798144" percent="0">
      <mem type="soa" free="0" total="65140736" percent="0" />
      <mem type="loa" free="657408" total="657408" percent="100" />
    </mem>
  </mem-info>
</gc-start>
<allocation-stats totalBytes="47185608" >
  <allocated-bytes non-tlh="0" tlh="47185608" />
  <largest-consumer threadName="main" threadId="0000000002035F00" bytes="47185608" />
</allocation-stats>
<gc-op id="7029" type="mark" timems="22.421" contextid="7026" timestamp="2019-08-08T10:57:00.381">
  <trace-info objectcount="596344" scancount="517339" scanbytes="13276048" />
  <finalization candidates="80" enqueued="0" />
  <ownableSynchronizers candidates="21" cleared="0" />
  <references type="soft" candidates="1843" cleared="0" enqueued="0" dynamicThreshold="23" maxThreshold="32" />
  <references type="weak" candidates="5718" cleared="0" enqueued="0" />
  <references type="phantom" candidates="97" cleared="0" enqueued="0" />
  <stringconstants candidates="13275" cleared="0"  />
</gc-op>
<gc-op id="7030" type="sweep" timems="8.805" contextid="7026" timestamp="2019-08-08T10:57:00.390" />
<mem-info id="7031" free="47925824" total="65798144" percent="72">
  <mem type="tenure" free="47925824" total="65798144" percent="72" micro-fragmented="0" macro-fragmented="0">
    <mem type="soa" free="47268416" total="65140736" percent="72" />
    <mem type="loa" free="657408" total="657408" percent="100" />
  </mem>
</mem-info>
<gc-op id="7032" type="compact" timems="26.304" contextid="7026" timestamp="2019-08-08T10:57:00.416">
  <compact-info movecount="3" movebytes="72" reason="compact to aid heap contraction" />
</gc-op>
<heap-resize id="7033" type="expand" space="tenure" amount="131072" count="1" timems="0.023" reason="satisfy allocation request" timestamp="2019-08-08T10:57:00.421" />
<gc-end id="7034" type="global" contextid="7026" durationms="62.692" usertimems="87.759" systemtimems="32.911" timestamp="2019-08-08T10:57:00.421" activeThreads="16">
  <mem-info id="7035" free="47991384" total="65929216" percent="72">
    <mem type="tenure" free="47991384" total="65929216" percent="72">
      <mem type="soa" free="47332952" total="65270784" percent="72" />
      <mem type="loa" free="658432" total="658432" percent="100" />
    </mem>
  </mem-info>
</gc-end>
<cycle-end id="7036" type="global" contextid="7026" timestamp="2019-08-08T10:57:00.421" />
  <attribute name="elasticGC enabled" value="1" />
  <attribute name= "numThreadsSpecified" value="16" />
  <attribute name="heapSize specified" value="65798144" />
  <attribute name="Current GC Util" value="66" />
  <attribute name= "Current Time Running" value="168809" />
  <attribute name ="GC Interval" value="0" />
  <attribute name="Target GC Util Change" value ="80.000000" />
  <attribute name="Current GC Util Change" value="66.000000"/>
  <attribute name="Current Error" value="-406.000000" />
  <attribute name="Output H" value="65873360"/>
  <attribute name="Output I" value="1288"/>
  <attribute name="Output T" value="16"/>
  <attribute name= "Current Time Running" value="168809" />
  <attribute name="GC Util currently" value="66" />
  <attribute name="CPU Util currently" value="43773619129" />
<allocation-satisfied id="7037" threadId="0000000002035F00" bytesRequested="64" />
<af-end id="7038" timestamp="2019-08-08T10:57:00.421" threadId="0000000002036888" success="true" />
<exclusive-end id="7039" timestamp="2019-08-08T10:57:00.421" durationms="63.018" />

<exclusive-start id="7040" timestamp="2019-08-08T10:57:00.501" intervalms="142.438">
  <response-info timems="0.016" idlems="0.016" threads="0" lastid="0000000002035F00" lastname="main" />
</exclusive-start>
<af-start id="7041" threadId="0000000002036888" totalBytesRequested="40" timestamp="2019-08-08T10:57:00.501" intervalms="142.423" />
<cycle-start id="7042" type="global" contextid="0" timestamp="2019-08-08T10:57:00.501" intervalms="142.416" />
<gc-start id="7043" type="global" contextid="7042" timestamp="2019-08-08T10:57:00.501">
  <mem-info id="7044" free="658432" total="65929216" percent="0">
    <mem type="tenure" free="658432" total="65929216" percent="0">
      <mem type="soa" free="0" total="65270784" percent="0" />
      <mem type="loa" free="658432" total="658432" percent="100" />
    </mem>
  </mem-info>
</gc-start>
<allocation-stats totalBytes="47353048" >
  <allocated-bytes non-tlh="0" tlh="47353048" />
  <largest-consumer threadName="main" threadId="0000000002035F00" bytes="47353048" />
</allocation-stats>
<gc-op id="7045" type="mark" timems="8.033" contextid="7042" timestamp="2019-08-08T10:57:00.509">
  <trace-info objectcount="596355" scancount="517347" scanbytes="13276332" />
  <finalization candidates="80" enqueued="0" />
  <ownableSynchronizers candidates="21" cleared="0" />
  <references type="soft" candidates="1843" cleared="0" enqueued="0" dynamicThreshold="23" maxThreshold="32" />
  <references type="weak" candidates="5718" cleared="0" enqueued="0" />
  <references type="phantom" candidates="97" cleared="0" enqueued="0" />
  <stringconstants candidates="13275" cleared="0"  />
</gc-op>
<gc-op id="7046" type="sweep" timems="1.689" contextid="7042" timestamp="2019-08-08T10:57:00.510" />
<mem-info id="7047" free="48054744" total="65929216" percent="72">
  <mem type="tenure" free="48054744" total="65929216" percent="72" micro-fragmented="0" macro-fragmented="0">
    <mem type="soa" free="47396312" total="65270784" percent="72" />
    <mem type="loa" free="658432" total="658432" percent="100" />
  </mem>
</mem-info>
<gc-op id="7048" type="compact" timems="35.615" contextid="7042" timestamp="2019-08-08T10:57:00.546">
  <compact-info movecount="421" movebytes="11800" reason="compact to aid heap contraction" />
</gc-op>
<heap-resize id="7049" type="expand" space="tenure" amount="131072" count="1" timems="0.021" reason="satisfy allocation request" timestamp="2019-08-08T10:57:00.548" />
<gc-end id="7050" type="global" contextid="7042" durationms="46.928" usertimems="82.625" systemtimems="15.025" timestamp="2019-08-08T10:57:00.548" activeThreads="16">
  <mem-info id="7051" free="48121848" total="66060288" percent="72">
    <mem type="tenure" free="48121848" total="66060288" percent="72">
      <mem type="soa" free="47461368" total="65399808" percent="72" />
      <mem type="loa" free="660480" total="660480" percent="100" />
    </mem>
  </mem-info>
</gc-end>
<cycle-end id="7052" type="global" contextid="7042" timestamp="2019-08-08T10:57:00.548" />
  <attribute name="elasticGC enabled" value="1" />
  <attribute name= "numThreadsSpecified" value="16" />
  <attribute name="heapSize specified" value="65929216" />
  <attribute name="Current GC Util" value="41" />
  <attribute name= "Current Time Running" value="168939" />
  <attribute name ="GC Interval" value="0" />
  <attribute name="Target GC Util Change" value ="80.000000" />
  <attribute name="Current GC Util Change" value="41.000000"/>
  <attribute name="Current Error" value="-501.000000" />
  <attribute name="Output H" value="66004320"/>
  <attribute name="Output I" value="1120"/>
  <attribute name="Output T" value="16"/>
  <attribute name= "Current Time Running" value="168939" />
  <attribute name="GC Util currently" value="41" />
  <attribute name="CPU Util currently" value="32333856951" />
<allocation-satisfied id="7053" threadId="0000000002035F00" bytesRequested="40" />
<af-end id="7054" timestamp="2019-08-08T10:57:00.548" threadId="0000000002036888" success="true" />
<exclusive-end id="7055" timestamp="2019-08-08T10:57:00.548" durationms="47.326" />

<exclusive-start id="7056" timestamp="2019-08-08T10:57:00.574" intervalms="73.447">
  <response-info timems="0.017" idlems="0.017" threads="0" lastid="0000000002035F00" lastname="main" />
</exclusive-start>
<af-start id="7057" threadId="0000000002036888" totalBytesRequested="112" timestamp="2019-08-08T10:57:00.574" intervalms="73.454" />
<cycle-start id="7058" type="global" contextid="0" timestamp="2019-08-08T10:57:00.574" intervalms="73.455" />
<gc-start id="7059" type="global" contextid="7058" timestamp="2019-08-08T10:57:00.574">
  <mem-info id="7060" free="660480" total="66060288" percent="0">
    <mem type="tenure" free="660480" total="66060288" percent="0">
      <mem type="soa" free="0" total="65399808" percent="0" />
      <mem type="loa" free="660480" total="660480" percent="100" />
    </mem>
  </mem-info>
</gc-start>
<allocation-stats totalBytes="47490408" >
  <allocated-bytes non-tlh="0" tlh="47490408" />
  <largest-consumer threadName="main" threadId="0000000002035F00" bytes="47490408" />
</allocation-stats>
<gc-op id="7061" type="mark" timems="8.156" contextid="7058" timestamp="2019-08-08T10:57:00.582">
  <trace-info objectcount="596352" scancount="517342" scanbytes="13276964" />
  <finalization candidates="80" enqueued="0" />
  <ownableSynchronizers candidates="21" cleared="0" />
  <references type="soft" candidates="1843" cleared="0" enqueued="0" dynamicThreshold="23" maxThreshold="32" />
  <references type="weak" candidates="5718" cleared="0" enqueued="0" />
  <references type="phantom" candidates="97" cleared="0" enqueued="0" />
  <stringconstants candidates="13275" cleared="0"  />
</gc-op>
<gc-op id="7062" type="sweep" timems="1.658" contextid="7058" timestamp="2019-08-08T10:57:00.584" />
<mem-info id="7063" free="48186496" total="66060288" percent="72">
  <mem type="tenure" free="48186496" total="66060288" percent="72" micro-fragmented="0" macro-fragmented="0">
    <mem type="soa" free="47526016" total="65399808" percent="72" />
    <mem type="loa" free="660480" total="660480" percent="100" />
  </mem>
</mem-info>
<gc-op id="7064" type="compact" timems="24.044" contextid="7058" timestamp="2019-08-08T10:57:00.608">
  <compact-info movecount="416" movebytes="11480" reason="compact to aid heap contraction" />
</gc-op>
<heap-resize id="7065" type="expand" space="tenure" amount="131072" count="1" timems="0.021" reason="satisfy allocation request" timestamp="2019-08-08T10:57:00.609" />
<gc-end id="7066" type="global" contextid="7058" durationms="35.003" usertimems="72.617" systemtimems="10.890" timestamp="2019-08-08T10:57:00.609" activeThreads="16">
  <mem-info id="7067" free="48253192" total="66191360" percent="72">
    <mem type="tenure" free="48253192" total="66191360" percent="72">
      <mem type="soa" free="47591688" total="65529856" percent="72" />
      <mem type="loa" free="661504" total="661504" percent="100" />
    </mem>
  </mem-info>
</gc-end>
<cycle-end id="7068" type="global" contextid="7058" timestamp="2019-08-08T10:57:00.609" />
  <attribute name="elasticGC enabled" value="1" />
  <attribute name= "numThreadsSpecified" value="16" />
  <attribute name="heapSize specified" value="66060288" />
  <attribute name="Current GC Util" value="49" />
  <attribute name= "Current Time Running" value="169001" />
  <attribute name ="GC Interval" value="0" />
  <attribute name="Target GC Util Change" value ="80.000000" />
  <attribute name="Current GC Util Change" value="49.000000"/>
  <attribute name="Current Error" value="31.000000" />
  <attribute name="Output H" value="66136008"/>
  <attribute name="Output I" value="2064"/>
  <attribute name="Output T" value="16"/>
  <attribute name= "Current Time Running" value="169001" />
  <attribute name="GC Util currently" value="49" />
  <attribute name="CPU Util currently" value="47895269247" />
<allocation-satisfied id="7069" threadId="0000000002035F00" bytesRequested="112" />
<af-end id="7070" timestamp="2019-08-08T10:57:00.609" threadId="0000000002036888" success="true" />
<exclusive-end id="7071" timestamp="2019-08-08T10:57:00.609" durationms="35.358" />

<exclusive-start id="7072" timestamp="2019-08-08T10:57:00.635" intervalms="61.051">
  <response-info timems="0.015" idlems="0.015" threads="0" lastid="0000000002035F00" lastname="main" />
</exclusive-start>
<af-start id="7073" threadId="0000000002036888" totalBytesRequested="2016" timestamp="2019-08-08T10:57:00.635" intervalms="61.043" />
<cycle-start id="7074" type="global" contextid="0" timestamp="2019-08-08T10:57:00.635" intervalms="61.048" />
<gc-start id="7075" type="global" contextid="7074" timestamp="2019-08-08T10:57:00.635">
  <mem-info id="7076" free="661504" total="66191360" percent="0">
    <mem type="tenure" free="661504" total="66191360" percent="0">
      <mem type="soa" free="0" total="65529856" percent="0" />
      <mem type="loa" free="661504" total="661504" percent="100" />
    </mem>
  </mem-info>
</gc-start>
<allocation-stats totalBytes="47604432" >
  <allocated-bytes non-tlh="0" tlh="47604432" />
  <largest-consumer threadName="main" threadId="0000000002035F00" bytes="47604432" />
</allocation-stats>
<gc-op id="7077" type="mark" timems="9.121" contextid="7074" timestamp="2019-08-08T10:57:00.644">
  <trace-info objectcount="596396" scancount="517380" scanbytes="13277404" />
  <finalization candidates="80" enqueued="0" />
  <ownableSynchronizers candidates="21" cleared="0" />
  <references type="soft" candidates="1849" cleared="0" enqueued="0" dynamicThreshold="23" maxThreshold="32" />
  <references type="weak" candidates="5718" cleared="0" enqueued="0" />
  <references type="phantom" candidates="97" cleared="0" enqueued="0" />
  <stringconstants candidates="13275" cleared="0"  />
</gc-op>
<gc-op id="7078" type="sweep" timems="2.264" contextid="7074" timestamp="2019-08-08T10:57:00.647" />
<mem-info id="7079" free="48291320" total="66191360" percent="72">
  <mem type="tenure" free="48291320" total="66191360" percent="72" micro-fragmented="6201" macro-fragmented="0">
    <mem type="soa" free="47629816" total="65529856" percent="72" />
    <mem type="loa" free="661504" total="661504" percent="100" />
  </mem>
</mem-info>
<gc-op id="7080" type="compact" timems="25.334" contextid="7074" timestamp="2019-08-08T10:57:00.672">
  <compact-info movecount="459" movebytes="35264" reason="compact to aid heap contraction" />
</gc-op>
<heap-resize id="7081" type="expand" space="tenure" amount="131072" count="1" timems="0.018" reason="satisfy allocation request" timestamp="2019-08-08T10:57:00.673" />
<gc-end id="7082" type="global" contextid="7074" durationms="38.167" usertimems="82.200" systemtimems="15.454" timestamp="2019-08-08T10:57:00.673" activeThreads="16">
  <mem-info id="7083" free="48360456" total="66322432" percent="72">
    <mem type="tenure" free="48360456" total="66322432" percent="72">
      <mem type="soa" free="47697928" total="65659904" percent="72" />
      <mem type="loa" free="662528" total="662528" percent="100" />
    </mem>
  </mem-info>
</gc-end>
<cycle-end id="7084" type="global" contextid="7074" timestamp="2019-08-08T10:57:00.673" />
  <attribute name="elasticGC enabled" value="1" />
  <attribute name= "numThreadsSpecified" value="16" />
  <attribute name="heapSize specified" value="66191360" />
  <attribute name="Current GC Util" value="57" />
  <attribute name= "Current Time Running" value="169065" />
  <attribute name ="GC Interval" value="0" />
  <attribute name="Target GC Util Change" value ="80.000000" />
  <attribute name="Current GC Util Change" value="57.000000"/>
  <attribute name="Current Error" value="-526.000000" />
  <attribute name="Output H" value="66266440"/>
  <attribute name="Output I" value="1072"/>
  <attribute name="Output T" value="16"/>
  <attribute name= "Current Time Running" value="169065" />
  <attribute name="GC Util currently" value="57" />
  <attribute name="CPU Util currently" value="45440456799" />
<allocation-satisfied id="7085" threadId="0000000002035F00" bytesRequested="2016" />
<af-end id="7086" timestamp="2019-08-08T10:57:00.674" threadId="0000000002036888" success="true" />
<exclusive-end id="7087" timestamp="2019-08-08T10:57:00.674" durationms="38.523" />

<exclusive-start id="7088" timestamp="2019-08-08T10:57:00.740" intervalms="105.123">
  <response-info timems="0.016" idlems="0.016" threads="0" lastid="0000000002035F00" lastname="main" />
</exclusive-start>
<af-start id="7089" threadId="0000000002036888" totalBytesRequested="1008" timestamp="2019-08-08T10:57:00.740" intervalms="105.131" />
<cycle-start id="7090" type="global" contextid="0" timestamp="2019-08-08T10:57:00.740" intervalms="105.134" />
<gc-start id="7091" type="global" contextid="7090" timestamp="2019-08-08T10:57:00.740">
  <mem-info id="7092" free="662528" total="66322432" percent="0">
    <mem type="tenure" free="662528" total="66322432" percent="0">
      <mem type="soa" free="0" total="65659904" percent="0" />
      <mem type="loa" free="662528" total="662528" percent="100" />
    </mem>
  </mem-info>
</gc-start>
<allocation-stats totalBytes="47694872" >
  <allocated-bytes non-tlh="0" tlh="47694872" />
  <largest-consumer threadName="main" threadId="0000000002035F00" bytes="47694872" />
</allocation-stats>
<gc-op id="7093" type="mark" timems="11.830" contextid="7090" timestamp="2019-08-08T10:57:00.752">
  <trace-info objectcount="596395" scancount="517375" scanbytes="13277404" />
  <finalization candidates="80" enqueued="0" />
  <ownableSynchronizers candidates="21" cleared="0" />
  <references type="soft" candidates="1849" cleared="0" enqueued="0" dynamicThreshold="23" maxThreshold="32" />
  <references type="weak" candidates="5718" cleared="0" enqueued="0" />
  <references type="phantom" candidates="97" cleared="0" enqueued="0" />
  <stringconstants candidates="13275" cleared="0"  />
</gc-op>
<gc-op id="7094" type="sweep" timems="2.021" contextid="7090" timestamp="2019-08-08T10:57:00.754" />
<mem-info id="7095" free="48428000" total="66322432" percent="73">
  <mem type="tenure" free="48428000" total="66322432" percent="73" micro-fragmented="0" macro-fragmented="0">
    <mem type="soa" free="47765472" total="65659904" percent="72" />
    <mem type="loa" free="662528" total="662528" percent="100" />
  </mem>
</mem-info>
<gc-op id="7096" type="compact" timems="29.894" contextid="7090" timestamp="2019-08-08T10:57:00.784">
  <compact-info movecount="2" movebytes="72" reason="compact to aid heap contraction" />
</gc-op>
<heap-resize id="7097" type="expand" space="tenure" amount="131072" count="1" timems="0.018" reason="satisfy allocation request" timestamp="2019-08-08T10:57:00.785" />
<gc-end id="7098" type="global" contextid="7090" durationms="44.452" usertimems="66.111" systemtimems="35.180" timestamp="2019-08-08T10:57:00.785" activeThreads="16">
  <mem-info id="7099" free="48493536" total="66453504" percent="72">
    <mem type="tenure" free="48493536" total="66453504" percent="72">
      <mem type="soa" free="47829984" total="65789952" percent="72" />
      <mem type="loa" free="663552" total="663552" percent="100" />
    </mem>
  </mem-info>
</gc-end>
<cycle-end id="7100" type="global" contextid="7090" timestamp="2019-08-08T10:57:00.785" />
  <attribute name="elasticGC enabled" value="1" />
  <attribute name= "numThreadsSpecified" value="16" />
  <attribute name="heapSize specified" value="66322432" />
  <attribute name="Current GC Util" value="47" />
  <attribute name= "Current Time Running" value="169177" />
  <attribute name ="GC Interval" value="0" />
  <attribute name="Target GC Util Change" value ="80.000000" />
  <attribute name="Current GC Util Change" value="47.000000"/>
  <attribute name="Current Error" value="-411.000000" />
  <attribute name="Output H" value="66397640"/>
  <attribute name="Output I" value="1280"/>
  <attribute name="Output T" value="16"/>
  <attribute name= "Current Time Running" value="169177" />
  <attribute name="GC Util currently" value="47" />
  <attribute name="CPU Util currently" value="38504228672" />
<allocation-satisfied id="7101" threadId="0000000002035F00" bytesRequested="1008" />
<af-end id="7102" timestamp="2019-08-08T10:57:00.785" threadId="0000000002036888" success="true" />
<exclusive-end id="7103" timestamp="2019-08-08T10:57:00.785" durationms="44.872" />

<exclusive-start id="7104" timestamp="2019-08-08T10:57:00.868" intervalms="128.085">
  <response-info timems="0.018" idlems="0.018" threads="0" lastid="0000000002035F00" lastname="main" />
</exclusive-start>
<af-start id="7105" threadId="0000000002036888" totalBytesRequested="80" timestamp="2019-08-08T10:57:00.868" intervalms="128.097" />
<cycle-start id="7106" type="global" contextid="0" timestamp="2019-08-08T10:57:00.868" intervalms="128.095" />
<gc-start id="7107" type="global" contextid="7106" timestamp="2019-08-08T10:57:00.868">
  <mem-info id="7108" free="663552" total="66453504" percent="0">
    <mem type="tenure" free="663552" total="66453504" percent="0">
      <mem type="soa" free="0" total="65789952" percent="0" />
      <mem type="loa" free="663552" total="663552" percent="100" />
    </mem>
  </mem-info>
</gc-start>
<allocation-stats totalBytes="47865008" >
  <allocated-bytes non-tlh="0" tlh="47865008" />
  <largest-consumer threadName="main" threadId="0000000002035F00" bytes="47865008" />
</allocation-stats>
<gc-op id="7109" type="mark" timems="14.055" contextid="7106" timestamp="2019-08-08T10:57:00.882">
  <trace-info objectcount="596387" scancount="517367" scanbytes="13277428" />
  <finalization candidates="80" enqueued="0" />
  <ownableSynchronizers candidates="21" cleared="0" />
  <references type="soft" candidates="1849" cleared="0" enqueued="0" dynamicThreshold="23" maxThreshold="32" />
  <references type="weak" candidates="5718" cleared="0" enqueued="0" />
  <references type="phantom" candidates="97" cleared="0" enqueued="0" />
  <stringconstants candidates="13275" cleared="0"  />
</gc-op>
<gc-op id="7110" type="sweep" timems="3.410" contextid="7106" timestamp="2019-08-08T10:57:00.886" />
<mem-info id="7111" free="48561464" total="66453504" percent="73">
  <mem type="tenure" free="48561464" total="66453504" percent="73" micro-fragmented="0" macro-fragmented="0">
    <mem type="soa" free="47897912" total="65789952" percent="72" />
    <mem type="loa" free="663552" total="663552" percent="100" />
  </mem>
</mem-info>
<gc-op id="7112" type="compact" timems="29.277" contextid="7106" timestamp="2019-08-08T10:57:00.915">
  <compact-info movecount="449" movebytes="30008" reason="compact to aid heap contraction" />
</gc-op>
<heap-resize id="7113" type="expand" space="tenure" amount="131072" count="1" timems="0.021" reason="satisfy allocation request" timestamp="2019-08-08T10:57:00.916" />
<gc-end id="7114" type="global" contextid="7106" durationms="48.042" usertimems="79.373" systemtimems="18.534" timestamp="2019-08-08T10:57:00.916" activeThreads="16">
  <mem-info id="7115" free="48627832" total="66584576" percent="73">
    <mem type="tenure" free="48627832" total="66584576" percent="73">
      <mem type="soa" free="47962232" total="65918976" percent="72" />
      <mem type="loa" free="665600" total="665600" percent="100" />
    </mem>
  </mem-info>
</gc-end>
<cycle-end id="7116" type="global" contextid="7106" timestamp="2019-08-08T10:57:00.917" />
  <attribute name="elasticGC enabled" value="1" />
  <attribute name= "numThreadsSpecified" value="16" />
  <attribute name="heapSize specified" value="66453504" />
  <attribute name="Current GC Util" value="39" />
  <attribute name= "Current Time Running" value="169309" />
  <attribute name ="GC Interval" value="0" />
  <attribute name="Target GC Util Change" value ="80.000000" />
  <attribute name="Current GC Util Change" value="39.000000"/>
  <attribute name="Current Error" value="41.000000" />
  <attribute name="Output H" value="66529232"/>
  <attribute name="Output I" value="2088"/>
  <attribute name="Output T" value="16"/>
  <attribute name= "Current Time Running" value="169309" />
  <attribute name="GC Util currently" value="39" />
  <attribute name="CPU Util currently" value="39324944830" />
<allocation-satisfied id="7117" threadId="0000000002035F00" bytesRequested="80" />
<af-end id="7118" timestamp="2019-08-08T10:57:00.917" threadId="0000000002036888" success="true" />
<exclusive-end id="7119" timestamp="2019-08-08T10:57:00.917" durationms="48.380" />

<exclusive-start id="7120" timestamp="2019-08-08T10:57:00.988" intervalms="120.148">
  <response-info timems="0.021" idlems="0.021" threads="0" lastid="0000000002035F00" lastname="main" />
</exclusive-start>
<af-start id="7121" threadId="0000000002036888" totalBytesRequested="80" timestamp="2019-08-08T10:57:00.988" intervalms="120.139" />
<cycle-start id="7122" type="global" contextid="0" timestamp="2019-08-08T10:57:00.988" intervalms="120.135" />
<gc-start id="7123" type="global" contextid="7122" timestamp="2019-08-08T10:57:00.989">
  <mem-info id="7124" free="665600" total="66584576" percent="0">
    <mem type="tenure" free="665600" total="66584576" percent="0">
      <mem type="soa" free="0" total="65918976" percent="0" />
      <mem type="loa" free="665600" total="665600" percent="100" />
    </mem>
  </mem-info>
</gc-start>
<allocation-stats totalBytes="48018912" >
  <allocated-bytes non-tlh="0" tlh="48018912" />
  <largest-consumer threadName="main" threadId="0000000002035F00" bytes="48018912" />
</allocation-stats>
<gc-op id="7125" type="mark" timems="9.459" contextid="7122" timestamp="2019-08-08T10:57:00.998">
  <trace-info objectcount="596387" scancount="517389" scanbytes="13277440" />
  <finalization candidates="80" enqueued="0" />
  <ownableSynchronizers candidates="21" cleared="0" />
  <references type="soft" candidates="1849" cleared="0" enqueued="0" dynamicThreshold="23" maxThreshold="32" />
  <references type="weak" candidates="5718" cleared="0" enqueued="0" />
  <references type="phantom" candidates="97" cleared="0" enqueued="0" />
  <stringconstants candidates="13275" cleared="0"  />
</gc-op>
<gc-op id="7126" type="sweep" timems="2.484" contextid="7122" timestamp="2019-08-08T10:57:01.001" />
<mem-info id="7127" free="48693360" total="66584576" percent="73">
  <mem type="tenure" free="48693360" total="66584576" percent="73" micro-fragmented="0" macro-fragmented="0">
    <mem type="soa" free="48027760" total="65918976" percent="72" />
    <mem type="loa" free="665600" total="665600" percent="100" />
  </mem>
</mem-info>
<gc-op id="7128" type="compact" timems="26.740" contextid="7122" timestamp="2019-08-08T10:57:01.027">
  <compact-info movecount="5" movebytes="240" reason="compact to aid heap contraction" />
</gc-op>
<heap-resize id="7129" type="expand" space="tenure" amount="131072" count="1" timems="0.019" reason="satisfy allocation request" timestamp="2019-08-08T10:57:01.028" />
<gc-end id="7130" type="global" contextid="7122" durationms="39.521" usertimems="85.377" systemtimems="0.000" timestamp="2019-08-08T10:57:01.028" activeThreads="16">
  <mem-info id="7131" free="48758896" total="66715648" percent="73">
    <mem type="tenure" free="48758896" total="66715648" percent="73">
      <mem type="soa" free="48092272" total="66049024" percent="72" />
      <mem type="loa" free="666624" total="666624" percent="100" />
    </mem>
  </mem-info>
</gc-end>
<cycle-end id="7132" type="global" contextid="7122" timestamp="2019-08-08T10:57:01.028" />
  <attribute name="elasticGC enabled" value="1" />
  <attribute name= "numThreadsSpecified" value="16" />
  <attribute name="heapSize specified" value="66584576" />
  <attribute name="Current GC Util" value="37" />
  <attribute name= "Current Time Running" value="169421" />
  <attribute name ="GC Interval" value="0" />
  <attribute name="Target GC Util Change" value ="80.000000" />
  <attribute name="Current GC Util Change" value="37.000000"/>
  <attribute name="Current Error" value="-279.000000" />
  <attribute name="Output H" value="66659936"/>
  <attribute name="Output I" value="1512"/>
  <attribute name="Output T" value="16"/>
  <attribute name= "Current Time Running" value="169421" />
  <attribute name="GC Util currently" value="37" />
  <attribute name="CPU Util currently" value="43060074445" />
<allocation-satisfied id="7133" threadId="0000000002035F00" bytesRequested="80" />
<af-end id="7134" timestamp="2019-08-08T10:57:01.028" threadId="0000000002036888" success="true" />
<exclusive-end id="7135" timestamp="2019-08-08T10:57:01.028" durationms="39.742" />

<exclusive-start id="7136" timestamp="2019-08-08T10:57:01.117" intervalms="128.369">
  <response-info timems="0.017" idlems="0.017" threads="0" lastid="0000000002035F00" lastname="main" />
</exclusive-start>
<af-start id="7137" threadId="0000000002036888" totalBytesRequested="80" timestamp="2019-08-08T10:57:01.117" intervalms="128.373" />
<cycle-start id="7138" type="global" contextid="0" timestamp="2019-08-08T10:57:01.117" intervalms="128.370" />
<gc-start id="7139" type="global" contextid="7138" timestamp="2019-08-08T10:57:01.117">
  <mem-info id="7140" free="666624" total="66715648" percent="0">
    <mem type="tenure" free="666624" total="66715648" percent="0">
      <mem type="soa" free="0" total="66049024" percent="0" />
      <mem type="loa" free="666624" total="666624" percent="100" />
    </mem>
  </mem-info>
</gc-start>
<allocation-stats totalBytes="48148936" >
  <allocated-bytes non-tlh="0" tlh="48148936" />
  <largest-consumer threadName="main" threadId="0000000002035F00" bytes="48148936" />
</allocation-stats>
<gc-op id="7141" type="mark" timems="8.378" contextid="7138" timestamp="2019-08-08T10:57:01.125">
  <trace-info objectcount="596387" scancount="517373" scanbytes="13277436" />
  <finalization candidates="80" enqueued="0" />
  <ownableSynchronizers candidates="21" cleared="0" />
  <references type="soft" candidates="1849" cleared="0" enqueued="0" dynamicThreshold="23" maxThreshold="32" />
  <references type="weak" candidates="5718" cleared="0" enqueued="0" />
  <references type="phantom" candidates="97" cleared="0" enqueued="0" />
  <stringconstants candidates="13275" cleared="0"  />
</gc-op>
<gc-op id="7142" type="sweep" timems="1.853" contextid="7138" timestamp="2019-08-08T10:57:01.127" />
<mem-info id="7143" free="48824384" total="66715648" percent="73">
  <mem type="tenure" free="48824384" total="66715648" percent="73" micro-fragmented="0" macro-fragmented="0">
    <mem type="soa" free="48157760" total="66049024" percent="72" />
    <mem type="loa" free="666624" total="666624" percent="100" />
  </mem>
</mem-info>
<gc-op id="7144" type="compact" timems="28.268" contextid="7138" timestamp="2019-08-08T10:57:01.155">
  <compact-info movecount="5" movebytes="240" reason="compact to aid heap contraction" />
</gc-op>
<heap-resize id="7145" type="expand" space="tenure" amount="131072" count="1" timems="0.019" reason="satisfy allocation request" timestamp="2019-08-08T10:57:01.158" />
<gc-end id="7146" type="global" contextid="7138" durationms="41.319" usertimems="71.190" systemtimems="10.854" timestamp="2019-08-08T10:57:01.158" activeThreads="16">
  <mem-info id="7147" free="48889968" total="66846720" percent="73">
    <mem type="tenure" free="48889968" total="66846720" percent="73">
      <mem type="soa" free="48222320" total="66179072" percent="72" />
      <mem type="loa" free="667648" total="667648" percent="100" />
    </mem>
  </mem-info>
</gc-end>
<cycle-end id="7148" type="global" contextid="7138" timestamp="2019-08-08T10:57:01.158" />
  <attribute name="elasticGC enabled" value="1" />
  <attribute name= "numThreadsSpecified" value="16" />
  <attribute name="heapSize specified" value="66715648" />
  <attribute name="Current GC Util" value="39" />
  <attribute name= "Current Time Running" value="169549" />
  <attribute name ="GC Interval" value="0" />
  <attribute name="Target GC Util Change" value ="80.000000" />
  <attribute name="Current GC Util Change" value="39.000000"/>
  <attribute name="Current Error" value="-356.000000" />
  <attribute name="Output H" value="66790920"/>
  <attribute name="Output I" value="1376"/>
  <attribute name="Output T" value="16"/>
  <attribute name= "Current Time Running" value="169549" />
  <attribute name="GC Util currently" value="39" />
  <attribute name="CPU Util currently" value="40716339426" />
<allocation-satisfied id="7149" threadId="0000000002035F00" bytesRequested="80" />
<af-end id="7150" timestamp="2019-08-08T10:57:01.158" threadId="0000000002036888" success="true" />
<exclusive-end id="7151" timestamp="2019-08-08T10:57:01.158" durationms="41.514" />

<exclusive-start id="7152" timestamp="2019-08-08T10:57:01.254" intervalms="137.574">
  <response-info timems="0.017" idlems="0.017" threads="0" lastid="0000000002035F00" lastname="main" />
</exclusive-start>
<af-start id="7153" threadId="0000000002036888" totalBytesRequested="80" timestamp="2019-08-08T10:57:01.254" intervalms="137.563" />
<cycle-start id="7154" type="global" contextid="0" timestamp="2019-08-08T10:57:01.254" intervalms="137.563" />
<gc-start id="7155" type="global" contextid="7154" timestamp="2019-08-08T10:57:01.254">
  <mem-info id="7156" free="667648" total="66846720" percent="0">
    <mem type="tenure" free="667648" total="66846720" percent="0">
      <mem type="soa" free="0" total="66179072" percent="0" />
      <mem type="loa" free="667648" total="667648" percent="100" />
    </mem>
  </mem-info>
</gc-start>
<allocation-stats totalBytes="48278544" >
  <allocated-bytes non-tlh="0" tlh="48278544" />
  <largest-consumer threadName="main" threadId="0000000002035F00" bytes="48278544" />
</allocation-stats>
<gc-op id="7157" type="mark" timems="17.046" contextid="7154" timestamp="2019-08-08T10:57:01.272">
  <trace-info objectcount="596387" scancount="517375" scanbytes="13277436" />
  <finalization candidates="80" enqueued="0" />
  <ownableSynchronizers candidates="21" cleared="0" />
  <references type="soft" candidates="1849" cleared="0" enqueued="0" dynamicThreshold="23" maxThreshold="32" />
  <references type="weak" candidates="5718" cleared="0" enqueued="0" />
  <references type="phantom" candidates="97" cleared="0" enqueued="0" />
  <stringconstants candidates="13275" cleared="0"  />
</gc-op>
<gc-op id="7158" type="sweep" timems="5.807" contextid="7154" timestamp="2019-08-08T10:57:01.277" />
<mem-info id="7159" free="48955472" total="66846720" percent="73">
  <mem type="tenure" free="48955472" total="66846720" percent="73" micro-fragmented="0" macro-fragmented="0">
    <mem type="soa" free="48287824" total="66179072" percent="72" />
    <mem type="loa" free="667648" total="667648" percent="100" />
  </mem>
</mem-info>
<gc-op id="7160" type="compact" timems="29.218" contextid="7154" timestamp="2019-08-08T10:57:01.307">
  <compact-info movecount="5" movebytes="240" reason="compact to aid heap contraction" />
</gc-op>
<heap-resize id="7161" type="expand" space="tenure" amount="131072" count="1" timems="0.019" reason="satisfy allocation request" timestamp="2019-08-08T10:57:01.307" />
<gc-end id="7162" type="global" contextid="7154" durationms="52.850" usertimems="83.863" systemtimems="20.994" timestamp="2019-08-08T10:57:01.307" activeThreads="16">
  <mem-info id="7163" free="49021040" total="66977792" percent="73">
    <mem type="tenure" free="49021040" total="66977792" percent="73">
      <mem type="soa" free="48351344" total="66308096" percent="72" />
      <mem type="loa" free="669696" total="669696" percent="100" />
    </mem>
  </mem-info>
</gc-end>
<cycle-end id="7164" type="global" contextid="7154" timestamp="2019-08-08T10:57:01.307" />
  <attribute name="elasticGC enabled" value="1" />
  <attribute name= "numThreadsSpecified" value="16" />
  <attribute name="heapSize specified" value="66846720" />
  <attribute name="Current GC Util" value="56" />
  <attribute name= "Current Time Running" value="169700" />
  <attribute name ="GC Interval" value="0" />
  <attribute name="Target GC Util Change" value ="80.000000" />
  <attribute name="Current GC Util Change" value="56.000000"/>
  <attribute name="Current Error" value="24.000000" />
  <attribute name="Output H" value="66922432"/>
  <attribute name="Output I" value="2056"/>
  <attribute name="Output T" value="16"/>
  <attribute name= "Current Time Running" value="169700" />
  <attribute name="GC Util currently" value="56" />
  <attribute name="CPU Util currently" value="39301259035" />
<allocation-satisfied id="7165" threadId="0000000002035F00" bytesRequested="80" />
<af-end id="7166" timestamp="2019-08-08T10:57:01.307" threadId="0000000002036888" success="true" />
<exclusive-end id="7167" timestamp="2019-08-08T10:57:01.307" durationms="53.129" />

<exclusive-start id="7168" timestamp="2019-08-08T10:57:01.381" intervalms="126.288">
  <response-info timems="0.014" idlems="0.014" threads="0" lastid="0000000002035F00" lastname="main" />
</exclusive-start>
<af-start id="7169" threadId="0000000002036888" totalBytesRequested="80" timestamp="2019-08-08T10:57:01.381" intervalms="126.287" />
<cycle-start id="7170" type="global" contextid="0" timestamp="2019-08-08T10:57:01.381" intervalms="126.289" />
<gc-start id="7171" type="global" contextid="7170" timestamp="2019-08-08T10:57:01.381">
  <mem-info id="7172" free="669696" total="66977792" percent="0">
    <mem type="tenure" free="669696" total="66977792" percent="0">
      <mem type="soa" free="0" total="66308096" percent="0" />
      <mem type="loa" free="669696" total="669696" percent="100" />
    </mem>
  </mem-info>
</gc-start>
<allocation-stats totalBytes="48408032" >
  <allocated-bytes non-tlh="0" tlh="48408032" />
  <largest-consumer threadName="main" threadId="0000000002035F00" bytes="48408032" />
</allocation-stats>
<gc-op id="7173" type="mark" timems="12.931" contextid="7170" timestamp="2019-08-08T10:57:01.394">
  <trace-info objectcount="596385" scancount="517386" scanbytes="13277320" />
  <finalization candidates="80" enqueued="0" />
  <ownableSynchronizers candidates="21" cleared="0" />
  <references type="soft" candidates="1849" cleared="0" enqueued="0" dynamicThreshold="23" maxThreshold="32" />
  <references type="weak" candidates="5718" cleared="0" enqueued="0" />
  <references type="phantom" candidates="97" cleared="0" enqueued="0" />
  <stringconstants candidates="13275" cleared="0"  />
</gc-op>
<gc-op id="7174" type="sweep" timems="2.721" contextid="7170" timestamp="2019-08-08T10:57:01.396" />
<mem-info id="7175" free="49086696" total="66977792" percent="73">
  <mem type="tenure" free="49086696" total="66977792" percent="73" micro-fragmented="0" macro-fragmented="0">
    <mem type="soa" free="48417000" total="66308096" percent="73" />
    <mem type="loa" free="669696" total="669696" percent="100" />
  </mem>
</mem-info>
<gc-op id="7176" type="compact" timems="28.832" contextid="7170" timestamp="2019-08-08T10:57:01.425">
  <compact-info movecount="3" movebytes="120" reason="compact to aid heap contraction" />
</gc-op>
<heap-resize id="7177" type="expand" space="tenure" amount="131072" count="1" timems="0.021" reason="satisfy allocation request" timestamp="2019-08-08T10:57:01.426" />
<gc-end id="7178" type="global" contextid="7170" durationms="45.347" usertimems="100.702" systemtimems="13.870" timestamp="2019-08-08T10:57:01.426" activeThreads="16">
  <mem-info id="7179" free="49152232" total="67108864" percent="73">
    <mem type="tenure" free="49152232" total="67108864" percent="73">
      <mem type="soa" free="48481512" total="66438144" percent="72" />
      <mem type="loa" free="670720" total="670720" percent="100" />
    </mem>
  </mem-info>
</gc-end>
<cycle-end id="7180" type="global" contextid="7170" timestamp="2019-08-08T10:57:01.426" />
  <attribute name="elasticGC enabled" value="1" />
  <attribute name= "numThreadsSpecified" value="16" />
  <attribute name="heapSize specified" value="66977792" />
  <attribute name="Current GC Util" value="50" />
  <attribute name= "Current Time Running" value="169819" />
  <attribute name ="GC Interval" value="0" />
  <attribute name="Target GC Util Change" value ="80.000000" />
  <attribute name="Current GC Util Change" value="50.000000"/>
  <attribute name="Current Error" value="-395.000000" />
  <attribute name="Output H" value="67053016"/>
  <attribute name="Output I" value="1304"/>
  <attribute name="Output T" value="16"/>
  <attribute name= "Current Time Running" value="169819" />
  <attribute name="GC Util currently" value="50" />
  <attribute name="CPU Util currently" value="39944789248" />
<allocation-satisfied id="7181" threadId="0000000002035F00" bytesRequested="80" />
<af-end id="7182" timestamp="2019-08-08T10:57:01.426" threadId="0000000002036888" success="true" />
<exclusive-end id="7183" timestamp="2019-08-08T10:57:01.426" durationms="45.533" />

<exclusive-start id="7184" timestamp="2019-08-08T10:57:01.437" intervalms="56.624">
  <response-info timems="0.024" idlems="0.024" threads="0" lastid="0000000002035F00" lastname="main" />
</exclusive-start>
<af-start id="7185" threadId="0000000002036888" totalBytesRequested="584" timestamp="2019-08-08T10:57:01.437" intervalms="56.636" />
<cycle-start id="7186" type="global" contextid="0" timestamp="2019-08-08T10:57:01.437" intervalms="56.636" />
<gc-start id="7187" type="global" contextid="7186" timestamp="2019-08-08T10:57:01.437">
  <mem-info id="7188" free="670720" total="67108864" percent="0">
    <mem type="tenure" free="670720" total="67108864" percent="0">
      <mem type="soa" free="0" total="66438144" percent="0" />
      <mem type="loa" free="670720" total="670720" percent="100" />
    </mem>
  </mem-info>
</gc-start>
<allocation-stats totalBytes="48479504" >
  <allocated-bytes non-tlh="0" tlh="48479504" />
  <largest-consumer threadName="main" threadId="0000000002035F00" bytes="48479504" />
</allocation-stats>
<gc-op id="7189" type="mark" timems="12.911" contextid="7186" timestamp="2019-08-08T10:57:01.450">
  <trace-info objectcount="596388" scancount="517377" scanbytes="13277300" />
  <finalization candidates="80" enqueued="0" />
  <ownableSynchronizers candidates="21" cleared="0" />
  <references type="soft" candidates="1849" cleared="0" enqueued="0" dynamicThreshold="23" maxThreshold="32" />
  <references type="weak" candidates="5718" cleared="0" enqueued="0" />
  <references type="phantom" candidates="97" cleared="0" enqueued="0" />
  <stringconstants candidates="13275" cleared="0"  />
</gc-op>
<gc-op id="7190" type="sweep" timems="4.614" contextid="7186" timestamp="2019-08-08T10:57:01.455" />
<mem-info id="7191" free="49215976" total="67108864" percent="73">
  <mem type="tenure" free="49215976" total="67108864" percent="73" micro-fragmented="0" macro-fragmented="0">
    <mem type="soa" free="48545256" total="66438144" percent="73" />
    <mem type="loa" free="670720" total="670720" percent="100" />
  </mem>
</mem-info>
<gc-op id="7192" type="compact" timems="35.592" contextid="7186" timestamp="2019-08-08T10:57:01.491">
  <compact-info movecount="448" movebytes="30416" reason="compact to aid heap contraction" />
</gc-op>
<heap-resize id="7193" type="expand" space="tenure" amount="131072" count="1" timems="0.023" reason="satisfy allocation request" timestamp="2019-08-08T10:57:01.491" />
<gc-end id="7194" type="global" contextid="7186" durationms="53.974" usertimems="103.734" systemtimems="23.777" timestamp="2019-08-08T10:57:01.491" activeThreads="16">
  <mem-info id="7195" free="49282736" total="67239936" percent="73">
    <mem type="tenure" free="49282736" total="67239936" percent="73">
      <mem type="soa" free="48610992" total="66568192" percent="73" />
      <mem type="loa" free="671744" total="671744" percent="100" />
    </mem>
  </mem-info>
</gc-end>
<cycle-end id="7196" type="global" contextid="7186" timestamp="2019-08-08T10:57:01.491" />
  <attribute name="elasticGC enabled" value="1" />
  <attribute name= "numThreadsSpecified" value="16" />
  <attribute name="heapSize specified" value="67108864" />
  <attribute name="Current GC Util" value="35" />
  <attribute name= "Current Time Running" value="169884" />
  <attribute name ="GC Interval" value="0" />
  <attribute name="Target GC Util Change" value ="80.000000" />
  <attribute name="Current GC Util Change" value="35.000000"/>
  <attribute name="Current Error" value="-467.000000" />
  <attribute name="Output H" value="67184008"/>
  <attribute name="Output I" value="1176"/>
  <attribute name="Output T" value="16"/>
  <attribute name= "Current Time Running" value="169884" />
  <attribute name="GC Util currently" value="35" />
  <attribute name="CPU Util currently" value="32350419057" />
<allocation-satisfied id="7197" threadId="0000000002035F00" bytesRequested="584" />
<af-end id="7198" timestamp="2019-08-08T10:57:01.491" threadId="0000000002036888" success="true" />
<exclusive-end id="7199" timestamp="2019-08-08T10:57:01.491" durationms="54.197" />

<exclusive-start id="7200" timestamp="2019-08-08T10:57:01.503" intervalms="66.194">
  <response-info timems="0.022" idlems="0.022" threads="0" lastid="0000000002035F00" lastname="main" />
</exclusive-start>
<af-start id="7201" threadId="0000000002036888" totalBytesRequested="24" timestamp="2019-08-08T10:57:01.503" intervalms="66.209" />
<cycle-start id="7202" type="global" contextid="0" timestamp="2019-08-08T10:57:01.504" intervalms="66.233" />
<gc-start id="7203" type="global" contextid="7202" timestamp="2019-08-08T10:57:01.504">
  <mem-info id="7204" free="671744" total="67239936" percent="0">
    <mem type="tenure" free="671744" total="67239936" percent="0">
      <mem type="soa" free="0" total="66568192" percent="0" />
      <mem type="loa" free="671744" total="671744" percent="100" />
    </mem>
  </mem-info>
</gc-start>
<allocation-stats totalBytes="48610384" >
  <allocated-bytes non-tlh="0" tlh="48610384" />
  <largest-consumer threadName="main" threadId="0000000002035F00" bytes="48610384" />
</allocation-stats>
<gc-op id="7205" type="mark" timems="11.944" contextid="7202" timestamp="2019-08-08T10:57:01.516">
  <trace-info objectcount="596388" scancount="517371" scanbytes="13277300" />
  <finalization candidates="80" enqueued="0" />
  <ownableSynchronizers candidates="21" cleared="0" />
  <references type="soft" candidates="1849" cleared="0" enqueued="0" dynamicThreshold="23" maxThreshold="32" />
  <references type="weak" candidates="5718" cleared="0" enqueued="0" />
  <references type="phantom" candidates="97" cleared="0" enqueued="0" />
  <stringconstants candidates="13275" cleared="0"  />
</gc-op>
<gc-op id="7206" type="sweep" timems="1.670" contextid="7202" timestamp="2019-08-08T10:57:01.517" />
<mem-info id="7207" free="49347432" total="67239936" percent="73">
  <mem type="tenure" free="49347432" total="67239936" percent="73" micro-fragmented="0" macro-fragmented="0">
    <mem type="soa" free="48675688" total="66568192" percent="73" />
    <mem type="loa" free="671744" total="671744" percent="100" />
  </mem>
</mem-info>
<gc-op id="7208" type="compact" timems="32.234" contextid="7202" timestamp="2019-08-08T10:57:01.550">
  <compact-info movecount="4" movebytes="112" reason="compact to aid heap contraction" />
</gc-op>
<heap-resize id="7209" type="expand" space="tenure" amount="131072" count="1" timems="0.024" reason="satisfy allocation request" timestamp="2019-08-08T10:57:01.550" />
<gc-end id="7210" type="global" contextid="7202" durationms="46.712" usertimems="90.382" systemtimems="13.066" timestamp="2019-08-08T10:57:01.550" activeThreads="16">
  <mem-info id="7211" free="49413808" total="67371008" percent="73">
    <mem type="tenure" free="49413808" total="67371008" percent="73">
      <mem type="soa" free="48741040" total="66698240" percent="73" />
      <mem type="loa" free="672768" total="672768" percent="100" />
    </mem>
  </mem-info>
</gc-end>
<cycle-end id="7212" type="global" contextid="7202" timestamp="2019-08-08T10:57:01.550" />
  <attribute name="elasticGC enabled" value="1" />
  <attribute name= "numThreadsSpecified" value="16" />
  <attribute name="heapSize specified" value="67239936" />
  <attribute name="Current GC Util" value="21" />
  <attribute name= "Current Time Running" value="169943" />
  <attribute name ="GC Interval" value="0" />
  <attribute name="Target GC Util Change" value ="80.000000" />
  <attribute name="Current GC Util Change" value="21.000000"/>
  <attribute name="Current Error" value="59.000000" />
  <attribute name="Output H" value="67315688"/>
  <attribute name="Output I" value="2120"/>
  <attribute name="Output T" value="16"/>
  <attribute name= "Current Time Running" value="169943" />
  <attribute name="GC Util currently" value="21" />
  <attribute name="CPU Util currently" value="35735806918" />
<allocation-satisfied id="7213" threadId="0000000002035F00" bytesRequested="24" />
<af-end id="7214" timestamp="2019-08-08T10:57:01.550" threadId="0000000002036888" success="true" />
<exclusive-end id="7215" timestamp="2019-08-08T10:57:01.550" durationms="46.984" />

<exclusive-start id="7216" timestamp="2019-08-08T10:57:01.565" intervalms="61.829">
  <response-info timems="0.020" idlems="0.020" threads="0" lastid="0000000002035F00" lastname="main" />
</exclusive-start>
<af-start id="7217" threadId="0000000002036888" totalBytesRequested="64" timestamp="2019-08-08T10:57:01.565" intervalms="61.954" />
<cycle-start id="7218" type="global" contextid="0" timestamp="2019-08-08T10:57:01.566" intervalms="62.072" />
<gc-start id="7219" type="global" contextid="7218" timestamp="2019-08-08T10:57:01.566">
  <mem-info id="7220" free="672768" total="67371008" percent="0">
    <mem type="tenure" free="672768" total="67371008" percent="0">
      <mem type="soa" free="0" total="66698240" percent="0" />
      <mem type="loa" free="672768" total="672768" percent="100" />
    </mem>
  </mem-info>
</gc-start>
<allocation-stats totalBytes="48740816" >
  <allocated-bytes non-tlh="0" tlh="48740816" />
  <largest-consumer threadName="main" threadId="0000000002035F00" bytes="48740816" />
</allocation-stats>
<gc-op id="7221" type="mark" timems="14.430" contextid="7218" timestamp="2019-08-08T10:57:01.580">
  <trace-info objectcount="596388" scancount="517373" scanbytes="13277300" />
  <finalization candidates="80" enqueued="0" />
  <ownableSynchronizers candidates="21" cleared="0" />
  <references type="soft" candidates="1849" cleared="0" enqueued="0" dynamicThreshold="23" maxThreshold="32" />
  <references type="weak" candidates="5718" cleared="0" enqueued="0" />
  <references type="phantom" candidates="97" cleared="0" enqueued="0" />
  <stringconstants candidates="13275" cleared="0"  />
</gc-op>
<gc-op id="7222" type="sweep" timems="3.908" contextid="7218" timestamp="2019-08-08T10:57:01.584" />
<mem-info id="7223" free="49479288" total="67371008" percent="73">
  <mem type="tenure" free="49479288" total="67371008" percent="73" micro-fragmented="0" macro-fragmented="0">
    <mem type="soa" free="48806520" total="66698240" percent="73" />
    <mem type="loa" free="672768" total="672768" percent="100" />
  </mem>
</mem-info>
<gc-op id="7224" type="compact" timems="35.223" contextid="7218" timestamp="2019-08-08T10:57:01.619">
  <compact-info movecount="4" movebytes="112" reason="compact to aid heap contraction" />
</gc-op>
<heap-resize id="7225" type="expand" space="tenure" amount="131072" count="1" timems="0.022" reason="satisfy allocation request" timestamp="2019-08-08T10:57:01.620" />
<gc-end id="7226" type="global" contextid="7218" durationms="54.548" usertimems="87.907" systemtimems="15.233" timestamp="2019-08-08T10:57:01.620" activeThreads="16">
  <mem-info id="7227" free="49544880" total="67502080" percent="73">
    <mem type="tenure" free="49544880" total="67502080" percent="73">
      <mem type="soa" free="48870064" total="66827264" percent="73" />
      <mem type="loa" free="674816" total="674816" percent="100" />
    </mem>
  </mem-info>
</gc-end>
<cycle-end id="7228" type="global" contextid="7218" timestamp="2019-08-08T10:57:01.620" />
  <attribute name="elasticGC enabled" value="1" />
  <attribute name= "numThreadsSpecified" value="16" />
  <attribute name="heapSize specified" value="67371008" />
  <attribute name="Current GC Util" value="42" />
  <attribute name= "Current Time Running" value="170013" />
  <attribute name ="GC Interval" value="0" />
  <attribute name="Target GC Util Change" value ="80.000000" />
  <attribute name="Current GC Util Change" value="42.000000"/>
  <attribute name="Current Error" value="-326.000000" />
  <attribute name="Output H" value="67446312"/>
  <attribute name="Output I" value="1432"/>
  <attribute name="Output T" value="16"/>
  <attribute name= "Current Time Running" value="170013" />
  <attribute name="GC Util currently" value="42" />
  <attribute name="CPU Util currently" value="32692170923" />
<allocation-satisfied id="7229" threadId="0000000002035F00" bytesRequested="64" />
<af-end id="7230" timestamp="2019-08-08T10:57:01.620" threadId="0000000002036888" success="true" />
<exclusive-end id="7231" timestamp="2019-08-08T10:57:01.620" durationms="55.049" />

* Round 3 done in 5.664 seconds.
<exclusive-start id="7232" timestamp="2019-08-08T10:57:01.639" intervalms="74.122">
  <response-info timems="0.021" idlems="0.021" threads="0" lastid="0000000002035F00" lastname="main" />
</exclusive-start>
<af-start id="7233" threadId="0000000002036888" totalBytesRequested="16" timestamp="2019-08-08T10:57:01.639" intervalms="73.962" />
<cycle-start id="7234" type="global" contextid="0" timestamp="2019-08-08T10:57:01.639" intervalms="73.819" />
<gc-start id="7235" type="global" contextid="7234" timestamp="2019-08-08T10:57:01.640">
  <mem-info id="7236" free="674816" total="67502080" percent="0">
    <mem type="tenure" free="674816" total="67502080" percent="0">
      <mem type="soa" free="0" total="66827264" percent="0" />
      <mem type="loa" free="674816" total="674816" percent="100" />
    </mem>
  </mem-info>
</gc-start>
<allocation-stats totalBytes="48881880" >
  <allocated-bytes non-tlh="0" tlh="48881880" />
  <largest-consumer threadName="main" threadId="0000000002035F00" bytes="48881880" />
</allocation-stats>
<gc-op id="7237" type="mark" timems="11.138" contextid="7234" timestamp="2019-08-08T10:57:01.651">
  <trace-info objectcount="596759" scancount="517744" scanbytes="13289352" />
  <finalization candidates="80" enqueued="0" />
  <ownableSynchronizers candidates="21" cleared="0" />
  <references type="soft" candidates="1855" cleared="0" enqueued="0" dynamicThreshold="23" maxThreshold="32" />
  <references type="weak" candidates="5718" cleared="0" enqueued="0" />
  <references type="phantom" candidates="97" cleared="0" enqueued="0" />
  <stringconstants candidates="13275" cleared="0"  />
</gc-op>
<gc-op id="7238" type="sweep" timems="1.889" contextid="7234" timestamp="2019-08-08T10:57:01.653" />
<mem-info id="7239" free="49590040" total="67502080" percent="73">
  <mem type="tenure" free="49590040" total="67502080" percent="73" micro-fragmented="0" macro-fragmented="0">
    <mem type="soa" free="48915224" total="66827264" percent="73" />
    <mem type="loa" free="674816" total="674816" percent="100" />
  </mem>
</mem-info>
<gc-op id="7240" type="compact" timems="33.351" contextid="7234" timestamp="2019-08-08T10:57:01.686">
  <compact-info movecount="818" movebytes="42072" reason="compact to aid heap contraction" />
</gc-op>
<heap-resize id="7241" type="expand" space="tenure" amount="131072" count="1" timems="0.022" reason="satisfy allocation request" timestamp="2019-08-08T10:57:01.688" />
<gc-end id="7242" type="global" contextid="7234" durationms="48.828" usertimems="86.017" systemtimems="18.810" timestamp="2019-08-08T10:57:01.688" activeThreads="16">
  <mem-info id="7243" free="49664272" total="67633152" percent="73">
    <mem type="tenure" free="49664272" total="67633152" percent="73">
      <mem type="soa" free="48988432" total="66957312" percent="73" />
      <mem type="loa" free="675840" total="675840" percent="100" />
    </mem>
  </mem-info>
</gc-end>
<cycle-end id="7244" type="global" contextid="7234" timestamp="2019-08-08T10:57:01.688" />
  <attribute name="elasticGC enabled" value="1" />
  <attribute name= "numThreadsSpecified" value="16" />
  <attribute name="heapSize specified" value="67502080" />
  <attribute name="Current GC Util" value="32" />
  <attribute name= "Current Time Running" value="170079" />
  <attribute name ="GC Interval" value="0" />
  <attribute name="Target GC Util Change" value ="80.000000" />
  <attribute name="Current GC Util Change" value="32.000000"/>
  <attribute name="Current Error" value="-445.000000" />
  <attribute name="Output H" value="67577248"/>
  <attribute name="Output I" value="1216"/>
  <attribute name="Output T" value="16"/>
  <attribute name= "Current Time Running" value="170079" />
  <attribute name="GC Util currently" value="32" />
  <attribute name="CPU Util currently" value="34517015025" />
<allocation-satisfied id="7245" threadId="0000000002035F00" bytesRequested="16" />
<af-end id="7246" timestamp="2019-08-08T10:57:01.688" threadId="0000000002036888" success="true" />
<exclusive-end id="7247" timestamp="2019-08-08T10:57:01.688" durationms="49.093" />

<exclusive-start id="7248" timestamp="2019-08-08T10:57:01.944" intervalms="304.750">
  <response-info timems="0.014" idlems="0.014" threads="0" lastid="0000000002035F00" lastname="main" />
</exclusive-start>
<af-start id="7249" threadId="0000000002036888" totalBytesRequested="1168" timestamp="2019-08-08T10:57:01.944" intervalms="304.759" />
<cycle-start id="7250" type="global" contextid="0" timestamp="2019-08-08T10:57:01.944" intervalms="304.760" />
<gc-start id="7251" type="global" contextid="7250" timestamp="2019-08-08T10:57:01.944">
  <mem-info id="7252" free="675840" total="67633152" percent="0">
    <mem type="tenure" free="675840" total="67633152" percent="0">
      <mem type="soa" free="0" total="66957312" percent="0" />
      <mem type="loa" free="675840" total="675840" percent="100" />
    </mem>
  </mem-info>
</gc-start>
<allocation-stats totalBytes="49041072" >
  <allocated-bytes non-tlh="0" tlh="49041072" />
  <largest-consumer threadName="main" threadId="0000000002035F00" bytes="49041072" />
</allocation-stats>
<gc-op id="7253" type="mark" timems="11.088" contextid="7250" timestamp="2019-08-08T10:57:01.955">
  <trace-info objectcount="596773" scancount="517760" scanbytes="13289672" />
  <finalization candidates="80" enqueued="0" />
  <ownableSynchronizers candidates="21" cleared="0" />
  <references type="soft" candidates="1855" cleared="0" enqueued="0" dynamicThreshold="23" maxThreshold="32" />
  <references type="weak" candidates="5718" cleared="0" enqueued="0" />
  <references type="phantom" candidates="97" cleared="0" enqueued="0" />
  <stringconstants candidates="13275" cleared="0"  />
</gc-op>
<gc-op id="7254" type="sweep" timems="2.369" contextid="7250" timestamp="2019-08-08T10:57:01.958" />
<mem-info id="7255" free="49725816" total="67633152" percent="73">
  <mem type="tenure" free="49725816" total="67633152" percent="73" micro-fragmented="10809" macro-fragmented="0">
    <mem type="soa" free="49049976" total="66957312" percent="73" />
    <mem type="loa" free="675840" total="675840" percent="100" />
  </mem>
</mem-info>
<gc-op id="7256" type="compact" timems="33.733" contextid="7250" timestamp="2019-08-08T10:57:01.992">
  <compact-info movecount="830" movebytes="43488" reason="compact to aid heap contraction" />
</gc-op>
<heap-resize id="7257" type="expand" space="tenure" amount="131072" count="1" timems="0.020" reason="satisfy allocation request" timestamp="2019-08-08T10:57:01.992" />
<gc-end id="7258" type="global" contextid="7250" durationms="47.994" usertimems="108.336" systemtimems="0.000" timestamp="2019-08-08T10:57:01.992" activeThreads="16">
  <mem-info id="7259" free="49793880" total="67764224" percent="73">
    <mem type="tenure" free="49793880" total="67764224" percent="73">
      <mem type="soa" free="49117016" total="67087360" percent="73" />
      <mem type="loa" free="676864" total="676864" percent="100" />
    </mem>
  </mem-info>
</gc-end>
<cycle-end id="7260" type="global" contextid="7250" timestamp="2019-08-08T10:57:01.992" />
  <attribute name="elasticGC enabled" value="1" />
  <attribute name= "numThreadsSpecified" value="16" />
  <attribute name="heapSize specified" value="67633152" />
  <attribute name="Current GC Util" value="35" />
  <attribute name= "Current Time Running" value="170385" />
  <attribute name ="GC Interval" value="0" />
  <attribute name="Target GC Util Change" value ="80.000000" />
  <attribute name="Current GC Util Change" value="35.000000"/>
  <attribute name="Current Error" value="45.000000" />
  <attribute name="Output H" value="67708888"/>
  <attribute name="Output I" value="2088"/>
  <attribute name="Output T" value="16"/>
  <attribute name= "Current Time Running" value="170385" />
  <attribute name="GC Util currently" value="35" />
  <attribute name="CPU Util currently" value="34146009059" />
<allocation-satisfied id="7261" threadId="0000000002035F00" bytesRequested="1168" />
<af-end id="7262" timestamp="2019-08-08T10:57:01.993" threadId="0000000002036888" success="true" />
<exclusive-end id="7263" timestamp="2019-08-08T10:57:01.993" durationms="48.390" />

<exclusive-start id="7264" timestamp="2019-08-08T10:57:01.997" intervalms="53.330">
  <response-info timems="0.020" idlems="0.020" threads="0" lastid="0000000002035F00" lastname="main" />
</exclusive-start>
<af-start id="7265" threadId="0000000002036888" totalBytesRequested="1168" timestamp="2019-08-08T10:57:01.997" intervalms="53.331" />
<cycle-start id="7266" type="global" contextid="0" timestamp="2019-08-08T10:57:01.998" intervalms="53.329" />
<gc-start id="7267" type="global" contextid="7266" timestamp="2019-08-08T10:57:01.998">
  <mem-info id="7268" free="676864" total="67764224" percent="0">
    <mem type="tenure" free="676864" total="67764224" percent="0">
      <mem type="soa" free="0" total="67087360" percent="0" />
      <mem type="loa" free="676864" total="676864" percent="100" />
    </mem>
  </mem-info>
</gc-start>
<allocation-stats totalBytes="48999104" >
  <allocated-bytes non-tlh="0" tlh="48999104" />
  <largest-consumer threadName="main" threadId="0000000002035F00" bytes="48999104" />
</allocation-stats>
<gc-op id="7269" type="mark" timems="17.787" contextid="7266" timestamp="2019-08-08T10:57:02.015">
  <trace-info objectcount="596773" scancount="517759" scanbytes="13289672" />
  <finalization candidates="80" enqueued="0" />
  <ownableSynchronizers candidates="21" cleared="0" />
  <references type="soft" candidates="1855" cleared="0" enqueued="0" dynamicThreshold="23" maxThreshold="32" />
  <references type="weak" candidates="5718" cleared="0" enqueued="0" />
  <references type="phantom" candidates="97" cleared="0" enqueued="0" />
  <stringconstants candidates="13275" cleared="0"  />
</gc-op>
<gc-op id="7270" type="sweep" timems="1.796" contextid="7266" timestamp="2019-08-08T10:57:02.017" />
<mem-info id="7271" free="49858928" total="67764224" percent="73">
  <mem type="tenure" free="49858928" total="67764224" percent="73" micro-fragmented="0" macro-fragmented="0">
    <mem type="soa" free="49182064" total="67087360" percent="73" />
    <mem type="loa" free="676864" total="676864" percent="100" />
  </mem>
</mem-info>
<gc-op id="7272" type="compact" timems="22.594" contextid="7266" timestamp="2019-08-08T10:57:02.040">
  <compact-info movecount="1" movebytes="32" reason="compact to aid heap contraction" />
</gc-op>
<heap-resize id="7273" type="expand" space="tenure" amount="131072" count="1" timems="0.015" reason="satisfy allocation request" timestamp="2019-08-08T10:57:02.040" />
<gc-end id="7274" type="global" contextid="7266" durationms="42.939" usertimems="106.300" systemtimems="22.224" timestamp="2019-08-08T10:57:02.041" activeThreads="16">
  <mem-info id="7275" free="49924952" total="67895296" percent="73">
    <mem type="tenure" free="49924952" total="67895296" percent="73">
      <mem type="soa" free="49246040" total="67216384" percent="73" />
      <mem type="loa" free="678912" total="678912" percent="100" />
    </mem>
  </mem-info>
</gc-end>
<cycle-end id="7276" type="global" contextid="7266" timestamp="2019-08-08T10:57:02.041" />
  <attribute name="elasticGC enabled" value="1" />
  <attribute name= "numThreadsSpecified" value="16" />
  <attribute name="heapSize specified" value="67764224" />
  <attribute name="Current GC Util" value="42" />
  <attribute name= "Current Time Running" value="170433" />
  <attribute name ="GC Interval" value="0" />
  <attribute name="Target GC Util Change" value ="80.000000" />
  <attribute name="Current GC Util Change" value="42.000000"/>
  <attribute name="Current Error" value="-911.000000" />
  <attribute name="Output H" value="67838856"/>
  <attribute name="Output I" value="384"/>
  <attribute name="Output T" value="16"/>
  <attribute name= "Current Time Running" value="170433" />
  <attribute name="GC Util currently" value="42" />
  <attribute name="CPU Util currently" value="50857425895" />
<allocation-satisfied id="7277" threadId="0000000002035F00" bytesRequested="1168" />
<af-end id="7278" timestamp="2019-08-08T10:57:02.041" threadId="0000000002036888" success="true" />
<exclusive-end id="7279" timestamp="2019-08-08T10:57:02.041" durationms="43.224" />

<exclusive-start id="7280" timestamp="2019-08-08T10:57:02.047" intervalms="49.199">
  <response-info timems="0.018" idlems="0.018" threads="0" lastid="0000000002035F00" lastname="main" />
</exclusive-start>
<af-start id="7281" threadId="0000000002036888" totalBytesRequested="1168" timestamp="2019-08-08T10:57:02.047" intervalms="49.205" />
<cycle-start id="7282" type="global" contextid="0" timestamp="2019-08-08T10:57:02.047" intervalms="49.239" />
<gc-start id="7283" type="global" contextid="7282" timestamp="2019-08-08T10:57:02.047">
  <mem-info id="7284" free="678912" total="67895296" percent="0">
    <mem type="tenure" free="678912" total="67895296" percent="0">
      <mem type="soa" free="0" total="67216384" percent="0" />
      <mem type="loa" free="678912" total="678912" percent="100" />
    </mem>
  </mem-info>
</gc-start>
<allocation-stats totalBytes="49144632" >
  <allocated-bytes non-tlh="0" tlh="49144632" />
  <largest-consumer threadName="main" threadId="0000000002035F00" bytes="49144632" />
</allocation-stats>
<gc-op id="7285" type="mark" timems="12.518" contextid="7282" timestamp="2019-08-08T10:57:02.059">
  <trace-info objectcount="596774" scancount="517756" scanbytes="13289696" />
  <finalization candidates="80" enqueued="0" />
  <ownableSynchronizers candidates="21" cleared="0" />
  <references type="soft" candidates="1855" cleared="0" enqueued="0" dynamicThreshold="23" maxThreshold="32" />
  <references type="weak" candidates="5718" cleared="0" enqueued="0" />
  <references type="phantom" candidates="97" cleared="0" enqueued="0" />
  <stringconstants candidates="13275" cleared="0"  />
</gc-op>
<gc-op id="7286" type="sweep" timems="2.429" contextid="7282" timestamp="2019-08-08T10:57:02.062" />
<mem-info id="7287" free="49990464" total="67895296" percent="73">
  <mem type="tenure" free="49990464" total="67895296" percent="73" micro-fragmented="0" macro-fragmented="0">
    <mem type="soa" free="49311552" total="67216384" percent="73" />
    <mem type="loa" free="678912" total="678912" percent="100" />
  </mem>
</mem-info>
<gc-op id="7288" type="compact" timems="26.592" contextid="7282" timestamp="2019-08-08T10:57:02.088">
  <compact-info movecount="2" movebytes="56" reason="compact to aid heap contraction" />
</gc-op>
<heap-resize id="7289" type="expand" space="tenure" amount="131072" count="1" timems="0.021" reason="satisfy allocation request" timestamp="2019-08-08T10:57:02.089" />
<gc-end id="7290" type="global" contextid="7282" durationms="42.372" usertimems="98.781" systemtimems="20.121" timestamp="2019-08-08T10:57:02.089" activeThreads="16">
  <mem-info id="7291" free="50056000" total="68026368" percent="73">
    <mem type="tenure" free="50056000" total="68026368" percent="73">
      <mem type="soa" free="49376064" total="67346432" percent="73" />
      <mem type="loa" free="679936" total="679936" percent="100" />
    </mem>
  </mem-info>
</gc-end>
<cycle-end id="7292" type="global" contextid="7282" timestamp="2019-08-08T10:57:02.089" />
  <attribute name="elasticGC enabled" value="1" />
  <attribute name= "numThreadsSpecified" value="16" />
  <attribute name="heapSize specified" value="67895296" />
  <attribute name="Current GC Util" value="32" />
  <attribute name= "Current Time Running" value="170482" />
  <attribute name ="GC Interval" value="0" />
  <attribute name="Target GC Util Change" value ="80.000000" />
  <attribute name="Current GC Util Change" value="32.000000"/>
  <attribute name="Current Error" value="-513.000000" />
  <attribute name="Output H" value="67970384"/>
  <attribute name="Output I" value="1096"/>
  <attribute name="Output T" value="16"/>
  <attribute name= "Current Time Running" value="170482" />
  <attribute name="GC Util currently" value="32" />
  <attribute name="CPU Util currently" value="43294232586" />
<allocation-satisfied id="7293" threadId="0000000002035F00" bytesRequested="1168" />
<af-end id="7294" timestamp="2019-08-08T10:57:02.089" threadId="0000000002036888" success="true" />
<exclusive-end id="7295" timestamp="2019-08-08T10:57:02.089" durationms="42.620" />

<exclusive-start id="7296" timestamp="2019-08-08T10:57:02.094" intervalms="47.841">
  <response-info timems="0.020" idlems="0.020" threads="0" lastid="0000000002035F00" lastname="main" />
</exclusive-start>
<af-start id="7297" threadId="0000000002036888" totalBytesRequested="1168" timestamp="2019-08-08T10:57:02.095" intervalms="47.840" />
<cycle-start id="7298" type="global" contextid="0" timestamp="2019-08-08T10:57:02.095" intervalms="47.915" />
<gc-start id="7299" type="global" contextid="7298" timestamp="2019-08-08T10:57:02.095">
  <mem-info id="7300" free="679936" total="68026368" percent="0">
    <mem type="tenure" free="679936" total="68026368" percent="0">
      <mem type="soa" free="0" total="67346432" percent="0" />
      <mem type="loa" free="679936" total="679936" percent="100" />
    </mem>
  </mem-info>
</gc-start>
<allocation-stats totalBytes="49275792" >
  <allocated-bytes non-tlh="0" tlh="49275792" />
  <largest-consumer threadName="main" threadId="0000000002035F00" bytes="49275792" />
</allocation-stats>
<gc-op id="7301" type="mark" timems="10.815" contextid="7298" timestamp="2019-08-08T10:57:02.106">
  <trace-info objectcount="596774" scancount="517757" scanbytes="13289696" />
  <finalization candidates="80" enqueued="0" />
  <ownableSynchronizers candidates="21" cleared="0" />
  <references type="soft" candidates="1855" cleared="0" enqueued="0" dynamicThreshold="23" maxThreshold="32" />
  <references type="weak" candidates="5718" cleared="0" enqueued="0" />
  <references type="phantom" candidates="97" cleared="0" enqueued="0" />
  <stringconstants candidates="13275" cleared="0"  />
</gc-op>
<gc-op id="7302" type="sweep" timems="9.344" contextid="7298" timestamp="2019-08-08T10:57:02.115" />
<mem-info id="7303" free="50121536" total="68026368" percent="73">
  <mem type="tenure" free="50121536" total="68026368" percent="73" micro-fragmented="0" macro-fragmented="0">
    <mem type="soa" free="49441600" total="67346432" percent="73" />
    <mem type="loa" free="679936" total="679936" percent="100" />
  </mem>
</mem-info>
<gc-op id="7304" type="compact" timems="27.574" contextid="7298" timestamp="2019-08-08T10:57:02.143">
  <compact-info movecount="2" movebytes="56" reason="compact to aid heap contraction" />
</gc-op>
<heap-resize id="7305" type="expand" space="tenure" amount="131072" count="1" timems="0.021" reason="satisfy allocation request" timestamp="2019-08-08T10:57:02.143" />
<gc-end id="7306" type="global" contextid="7298" durationms="48.707" usertimems="95.616" systemtimems="17.300" timestamp="2019-08-08T10:57:02.143" activeThreads="16">
  <mem-info id="7307" free="50187072" total="68157440" percent="73">
    <mem type="tenure" free="50187072" total="68157440" percent="73">
      <mem type="soa" free="49506112" total="67476480" percent="73" />
      <mem type="loa" free="680960" total="680960" percent="100" />
    </mem>
  </mem-info>
</gc-end>
<cycle-end id="7308" type="global" contextid="7298" timestamp="2019-08-08T10:57:02.144" />
  <attribute name="elasticGC enabled" value="1" />
  <attribute name= "numThreadsSpecified" value="16" />
  <attribute name="heapSize specified" value="68026368" />
  <attribute name="Current GC Util" value="44" />
  <attribute name= "Current Time Running" value="170536" />
  <attribute name ="GC Interval" value="0" />
  <attribute name="Target GC Util Change" value ="80.000000" />
  <attribute name="Current GC Util Change" value="44.000000"/>
  <attribute name="Current Error" value="36.000000" />
  <attribute name="Output H" value="68102096"/>
  <attribute name="Output I" value="2072"/>
  <attribute name="Output T" value="16"/>
  <attribute name= "Current Time Running" value="170536" />
  <attribute name="GC Util currently" value="44" />
  <attribute name="CPU Util currently" value="41782677884" />
<allocation-satisfied id="7309" threadId="0000000002035F00" bytesRequested="1168" />
<af-end id="7310" timestamp="2019-08-08T10:57:02.144" threadId="0000000002036888" success="true" />
<exclusive-end id="7311" timestamp="2019-08-08T10:57:02.144" durationms="49.072" />

<exclusive-start id="7312" timestamp="2019-08-08T10:57:02.149" intervalms="54.973">
  <response-info timems="0.024" idlems="0.024" threads="0" lastid="0000000002035F00" lastname="main" />
</exclusive-start>
<af-start id="7313" threadId="0000000002036888" totalBytesRequested="1168" timestamp="2019-08-08T10:57:02.150" intervalms="54.995" />
<cycle-start id="7314" type="global" contextid="0" timestamp="2019-08-08T10:57:02.150" intervalms="54.897" />
<gc-start id="7315" type="global" contextid="7314" timestamp="2019-08-08T10:57:02.150">
  <mem-info id="7316" free="680960" total="68157440" percent="0">
    <mem type="tenure" free="680960" total="68157440" percent="0">
      <mem type="soa" free="0" total="67476480" percent="0" />
      <mem type="loa" free="680960" total="680960" percent="100" />
    </mem>
  </mem-info>
</gc-start>
<allocation-stats totalBytes="49406432" >
  <allocated-bytes non-tlh="0" tlh="49406432" />
  <largest-consumer threadName="main" threadId="0000000002035F00" bytes="49406432" />
</allocation-stats>
<gc-op id="7317" type="mark" timems="20.673" contextid="7314" timestamp="2019-08-08T10:57:02.170">
  <trace-info objectcount="596774" scancount="517758" scanbytes="13289696" />
  <finalization candidates="80" enqueued="0" />
  <ownableSynchronizers candidates="21" cleared="0" />
  <references type="soft" candidates="1855" cleared="0" enqueued="0" dynamicThreshold="23" maxThreshold="32" />
  <references type="weak" candidates="5718" cleared="0" enqueued="0" />
  <references type="phantom" candidates="97" cleared="0" enqueued="0" />
  <stringconstants candidates="13275" cleared="0"  />
</gc-op>
<gc-op id="7318" type="sweep" timems="2.253" contextid="7314" timestamp="2019-08-08T10:57:02.173" />
<mem-info id="7319" free="50252568" total="68157440" percent="73">
  <mem type="tenure" free="50252568" total="68157440" percent="73" micro-fragmented="0" macro-fragmented="0">
    <mem type="soa" free="49571608" total="67476480" percent="73" />
    <mem type="loa" free="680960" total="680960" percent="100" />
  </mem>
</mem-info>
<gc-op id="7320" type="compact" timems="47.322" contextid="7314" timestamp="2019-08-08T10:57:02.220">
  <compact-info movecount="2" movebytes="56" reason="compact to aid heap contraction" />
</gc-op>
<heap-resize id="7321" type="expand" space="tenure" amount="131072" count="1" timems="0.019" reason="satisfy allocation request" timestamp="2019-08-08T10:57:02.221" />
<gc-end id="7322" type="global" contextid="7314" durationms="71.060" usertimems="87.453" systemtimems="29.204" timestamp="2019-08-08T10:57:02.221" activeThreads="16">
  <mem-info id="7323" free="50318144" total="68288512" percent="73">
    <mem type="tenure" free="50318144" total="68288512" percent="73">
      <mem type="soa" free="49636160" total="67606528" percent="73" />
      <mem type="loa" free="681984" total="681984" percent="100" />
    </mem>
  </mem-info>
</gc-end>
<cycle-end id="7324" type="global" contextid="7314" timestamp="2019-08-08T10:57:02.221" />
  <attribute name="elasticGC enabled" value="1" />
  <attribute name= "numThreadsSpecified" value="16" />
  <attribute name="heapSize specified" value="68157440" />
  <attribute name="Current GC Util" value="33" />
  <attribute name= "Current Time Running" value="170613" />
  <attribute name ="GC Interval" value="0" />
  <attribute name="Target GC Util Change" value ="80.000000" />
  <attribute name="Current GC Util Change" value="33.000000"/>
  <attribute name="Current Error" value="-552.000000" />
  <attribute name="Output H" value="68232488"/>
  <attribute name="Output I" value="1024"/>
  <attribute name="Output T" value="16"/>
  <attribute name= "Current Time Running" value="170613" />
  <attribute name="GC Util currently" value="33" />
  <attribute name="CPU Util currently" value="24346174760" />
<allocation-satisfied id="7325" threadId="0000000002035F00" bytesRequested="1168" />
<af-end id="7326" timestamp="2019-08-08T10:57:02.221" threadId="0000000002036888" success="true" />
<exclusive-end id="7327" timestamp="2019-08-08T10:57:02.221" durationms="71.365" />

<exclusive-start id="7328" timestamp="2019-08-08T10:57:02.227" intervalms="77.199">
  <response-info timems="0.022" idlems="0.022" threads="0" lastid="0000000002035F00" lastname="main" />
</exclusive-start>
<af-start id="7329" threadId="0000000002036888" totalBytesRequested="1168" timestamp="2019-08-08T10:57:02.227" intervalms="77.175" />
<cycle-start id="7330" type="global" contextid="0" timestamp="2019-08-08T10:57:02.227" intervalms="77.175" />
<gc-start id="7331" type="global" contextid="7330" timestamp="2019-08-08T10:57:02.227">
  <mem-info id="7332" free="681984" total="68288512" percent="0">
    <mem type="tenure" free="681984" total="68288512" percent="0">
      <mem type="soa" free="0" total="67606528" percent="0" />
      <mem type="loa" free="681984" total="681984" percent="100" />
    </mem>
  </mem-info>
</gc-start>
<allocation-stats totalBytes="49535816" >
  <allocated-bytes non-tlh="0" tlh="49535816" />
  <largest-consumer threadName="main" threadId="0000000002035F00" bytes="49535816" />
</allocation-stats>
<gc-op id="7333" type="mark" timems="12.680" contextid="7330" timestamp="2019-08-08T10:57:02.240">
  <trace-info objectcount="596774" scancount="517756" scanbytes="13289696" />
  <finalization candidates="80" enqueued="0" />
  <ownableSynchronizers candidates="21" cleared="0" />
  <references type="soft" candidates="1855" cleared="0" enqueued="0" dynamicThreshold="23" maxThreshold="32" />
  <references type="weak" candidates="5718" cleared="0" enqueued="0" />
  <references type="phantom" candidates="97" cleared="0" enqueued="0" />
  <stringconstants candidates="13275" cleared="0"  />
</gc-op>
<gc-op id="7334" type="sweep" timems="1.779" contextid="7330" timestamp="2019-08-08T10:57:02.241" />
<mem-info id="7335" free="50383432" total="68288512" percent="73">
  <mem type="tenure" free="50383432" total="68288512" percent="73" micro-fragmented="0" macro-fragmented="0">
    <mem type="soa" free="49701448" total="67606528" percent="73" />
    <mem type="loa" free="681984" total="681984" percent="100" />
  </mem>
</mem-info>
<gc-op id="7336" type="compact" timems="26.429" contextid="7330" timestamp="2019-08-08T10:57:02.268">
  <compact-info movecount="2" movebytes="56" reason="compact to aid heap contraction" />
</gc-op>
<heap-resize id="7337" type="expand" space="tenure" amount="131072" count="1" timems="0.019" reason="satisfy allocation request" timestamp="2019-08-08T10:57:02.268" />
<gc-end id="7338" type="global" contextid="7330" durationms="41.591" usertimems="87.688" systemtimems="9.930" timestamp="2019-08-08T10:57:02.268" activeThreads="16">
  <mem-info id="7339" free="50449216" total="68419584" percent="73">
    <mem type="tenure" free="50449216" total="68419584" percent="73">
      <mem type="soa" free="49765184" total="67735552" percent="73" />
      <mem type="loa" free="684032" total="684032" percent="100" />
    </mem>
  </mem-info>
</gc-end>
<cycle-end id="7340" type="global" contextid="7330" timestamp="2019-08-08T10:57:02.268" />
  <attribute name="elasticGC enabled" value="1" />
  <attribute name= "numThreadsSpecified" value="16" />
  <attribute name="heapSize specified" value="68288512" />
  <attribute name="Current GC Util" value="52" />
  <attribute name= "Current Time Running" value="170661" />
  <attribute name ="GC Interval" value="0" />
  <attribute name="Target GC Util Change" value ="80.000000" />
  <attribute name="Current GC Util Change" value="52.000000"/>
  <attribute name="Current Error" value="-368.000000" />
  <attribute name="Output H" value="68363768"/>
  <attribute name="Output I" value="1352"/>
  <attribute name="Output T" value="16"/>
  <attribute name= "Current Time Running" value="170661" />
  <attribute name="GC Util currently" value="52" />
  <attribute name="CPU Util currently" value="43587080488" />
<allocation-satisfied id="7341" threadId="0000000002035F00" bytesRequested="1168" />
<af-end id="7342" timestamp="2019-08-08T10:57:02.268" threadId="0000000002036888" success="true" />
<exclusive-end id="7343" timestamp="2019-08-08T10:57:02.268" durationms="41.838" />

<exclusive-start id="7344" timestamp="2019-08-08T10:57:02.274" intervalms="47.524">
  <response-info timems="0.019" idlems="0.019" threads="0" lastid="0000000002035F00" lastname="main" />
</exclusive-start>
<af-start id="7345" threadId="0000000002036888" totalBytesRequested="1168" timestamp="2019-08-08T10:57:02.274" intervalms="47.531" />
<cycle-start id="7346" type="global" contextid="0" timestamp="2019-08-08T10:57:02.274" intervalms="47.543" />
<gc-start id="7347" type="global" contextid="7346" timestamp="2019-08-08T10:57:02.274">
  <mem-info id="7348" free="684032" total="68419584" percent="0">
    <mem type="tenure" free="684032" total="68419584" percent="0">
      <mem type="soa" free="0" total="67735552" percent="0" />
      <mem type="loa" free="684032" total="684032" percent="100" />
    </mem>
  </mem-info>
</gc-start>
<allocation-stats totalBytes="49664016" >
  <allocated-bytes non-tlh="0" tlh="49664016" />
  <largest-consumer threadName="main" threadId="0000000002035F00" bytes="49664016" />
</allocation-stats>
<gc-op id="7349" type="mark" timems="8.735" contextid="7346" timestamp="2019-08-08T10:57:02.283">
  <trace-info objectcount="596774" scancount="517757" scanbytes="13289696" />
  <finalization candidates="80" enqueued="0" />
  <ownableSynchronizers candidates="21" cleared="0" />
  <references type="soft" candidates="1855" cleared="0" enqueued="0" dynamicThreshold="23" maxThreshold="32" />
  <references type="weak" candidates="5718" cleared="0" enqueued="0" />
  <references type="phantom" candidates="97" cleared="0" enqueued="0" />
  <stringconstants candidates="13275" cleared="0"  />
</gc-op>
<gc-op id="7350" type="sweep" timems="6.772" contextid="7346" timestamp="2019-08-08T10:57:02.290" />
<mem-info id="7351" free="50514088" total="68419584" percent="73">
  <mem type="tenure" free="50514088" total="68419584" percent="73" micro-fragmented="0" macro-fragmented="0">
    <mem type="soa" free="49830056" total="67735552" percent="73" />
    <mem type="loa" free="684032" total="684032" percent="100" />
  </mem>
</mem-info>
<gc-op id="7352" type="compact" timems="27.984" contextid="7346" timestamp="2019-08-08T10:57:02.318">
  <compact-info movecount="2" movebytes="56" reason="compact to aid heap contraction" />
</gc-op>
<heap-resize id="7353" type="expand" space="tenure" amount="131072" count="1" timems="0.019" reason="satisfy allocation request" timestamp="2019-08-08T10:57:02.319" />
<gc-end id="7354" type="global" contextid="7346" durationms="44.418" usertimems="81.082" systemtimems="17.242" timestamp="2019-08-08T10:57:02.319" activeThreads="16">
  <mem-info id="7355" free="50580288" total="68550656" percent="73">
    <mem type="tenure" free="50580288" total="68550656" percent="73">
      <mem type="soa" free="49895232" total="67865600" percent="73" />
      <mem type="loa" free="685056" total="685056" percent="100" />
    </mem>
  </mem-info>
</gc-end>
<cycle-end id="7356" type="global" contextid="7346" timestamp="2019-08-08T10:57:02.319" />
  <attribute name="elasticGC enabled" value="1" />
  <attribute name= "numThreadsSpecified" value="16" />
  <attribute name="heapSize specified" value="68419584" />
  <attribute name="Current GC Util" value="27" />
  <attribute name= "Current Time Running" value="170711" />
  <attribute name ="GC Interval" value="0" />
  <attribute name="Target GC Util Change" value ="80.000000" />
  <attribute name="Current GC Util Change" value="27.000000"/>
  <attribute name="Current Error" value="53.000000" />
  <attribute name="Output H" value="68495328"/>
  <attribute name="Output I" value="2104"/>
  <attribute name="Output T" value="16"/>
  <attribute name= "Current Time Running" value="170711" />
  <attribute name="GC Util currently" value="27" />
  <attribute name="CPU Util currently" value="41157292631" />
<allocation-satisfied id="7357" threadId="0000000002035F00" bytesRequested="1168" />
<af-end id="7358" timestamp="2019-08-08T10:57:02.319" threadId="0000000002036888" success="true" />
<exclusive-end id="7359" timestamp="2019-08-08T10:57:02.319" durationms="44.723" />

<exclusive-start id="7360" timestamp="2019-08-08T10:57:02.324" intervalms="49.761">
  <response-info timems="0.019" idlems="0.019" threads="0" lastid="0000000002035F00" lastname="main" />
</exclusive-start>
<af-start id="7361" threadId="0000000002036888" totalBytesRequested="1168" timestamp="2019-08-08T10:57:02.324" intervalms="49.752" />
<cycle-start id="7362" type="global" contextid="0" timestamp="2019-08-08T10:57:02.324" intervalms="49.730" />
<gc-start id="7363" type="global" contextid="7362" timestamp="2019-08-08T10:57:02.324">
  <mem-info id="7364" free="685056" total="68550656" percent="0">
    <mem type="tenure" free="685056" total="68550656" percent="0">
      <mem type="soa" free="0" total="67865600" percent="0" />
      <mem type="loa" free="685056" total="685056" percent="100" />
    </mem>
  </mem-info>
</gc-start>
<allocation-stats totalBytes="49793424" >
  <allocated-bytes non-tlh="0" tlh="49793424" />
  <largest-consumer threadName="main" threadId="0000000002035F00" bytes="49793424" />
</allocation-stats>
<gc-op id="7365" type="mark" timems="11.352" contextid="7362" timestamp="2019-08-08T10:57:02.335">
  <trace-info objectcount="596774" scancount="517759" scanbytes="13289696" />
  <finalization candidates="80" enqueued="0" />
  <ownableSynchronizers candidates="21" cleared="0" />
  <references type="soft" candidates="1855" cleared="0" enqueued="0" dynamicThreshold="23" maxThreshold="32" />
  <references type="weak" candidates="5718" cleared="0" enqueued="0" />
  <references type="phantom" candidates="97" cleared="0" enqueued="0" />
  <stringconstants candidates="13275" cleared="0"  />
</gc-op>
<gc-op id="7366" type="sweep" timems="7.352" contextid="7362" timestamp="2019-08-08T10:57:02.343" />
<mem-info id="7367" free="50645824" total="68550656" percent="73">
  <mem type="tenure" free="50645824" total="68550656" percent="73" micro-fragmented="0" macro-fragmented="0">
    <mem type="soa" free="49960768" total="67865600" percent="73" />
    <mem type="loa" free="685056" total="685056" percent="100" />
  </mem>
</mem-info>
<gc-op id="7368" type="compact" timems="32.695" contextid="7362" timestamp="2019-08-08T10:57:02.376">
  <compact-info movecount="2" movebytes="56" reason="compact to aid heap contraction" />
</gc-op>
<heap-resize id="7369" type="expand" space="tenure" amount="131072" count="1" timems="0.018" reason="satisfy allocation request" timestamp="2019-08-08T10:57:02.376" />
<gc-end id="7370" type="global" contextid="7362" durationms="52.351" usertimems="75.054" systemtimems="29.942" timestamp="2019-08-08T10:57:02.376" activeThreads="16">
  <mem-info id="7371" free="50711360" total="68681728" percent="73">
    <mem type="tenure" free="50711360" total="68681728" percent="73">
      <mem type="soa" free="50025280" total="67995648" percent="73" />
      <mem type="loa" free="686080" total="686080" percent="100" />
    </mem>
  </mem-info>
</gc-end>
<cycle-end id="7372" type="global" contextid="7362" timestamp="2019-08-08T10:57:02.377" />
  <attribute name="elasticGC enabled" value="1" />
  <attribute name= "numThreadsSpecified" value="16" />
  <attribute name="heapSize specified" value="68550656" />
  <attribute name="Current GC Util" value="35" />
  <attribute name= "Current Time Running" value="170769" />
  <attribute name ="GC Interval" value="0" />
  <attribute name="Target GC Util Change" value ="80.000000" />
  <attribute name="Current GC Util Change" value="35.000000"/>
  <attribute name="Current Error" value="-748.000000" />
  <attribute name="Output H" value="68625480"/>
  <attribute name="Output I" value="672"/>
  <attribute name="Output T" value="16"/>
  <attribute name= "Current Time Running" value="170769" />
  <attribute name="GC Util currently" value="35" />
  <attribute name="CPU Util currently" value="35239019741" />
<allocation-satisfied id="7373" threadId="0000000002035F00" bytesRequested="1168" />
<af-end id="7374" timestamp="2019-08-08T10:57:02.377" threadId="0000000002036888" success="true" />
<exclusive-end id="7375" timestamp="2019-08-08T10:57:02.377" durationms="52.596" />

<exclusive-start id="7376" timestamp="2019-08-08T10:57:02.382" intervalms="58.274">
  <response-info timems="0.019" idlems="0.019" threads="0" lastid="0000000002035F00" lastname="main" />
</exclusive-start>
<af-start id="7377" threadId="0000000002036888" totalBytesRequested="1168" timestamp="2019-08-08T10:57:02.382" intervalms="58.276" />
<cycle-start id="7378" type="global" contextid="0" timestamp="2019-08-08T10:57:02.382" intervalms="58.337" />
<gc-start id="7379" type="global" contextid="7378" timestamp="2019-08-08T10:57:02.382">
  <mem-info id="7380" free="686080" total="68681728" percent="0">
    <mem type="tenure" free="686080" total="68681728" percent="0">
      <mem type="soa" free="0" total="67995648" percent="0" />
      <mem type="loa" free="686080" total="686080" percent="100" />
    </mem>
  </mem-info>
</gc-start>
<allocation-stats totalBytes="49922832" >
  <allocated-bytes non-tlh="0" tlh="49922832" />
  <largest-consumer threadName="main" threadId="0000000002035F00" bytes="49922832" />
</allocation-stats>
<gc-op id="7381" type="mark" timems="13.241" contextid="7378" timestamp="2019-08-08T10:57:02.396">
  <trace-info objectcount="596774" scancount="517756" scanbytes="13289696" />
  <finalization candidates="80" enqueued="0" />
  <ownableSynchronizers candidates="21" cleared="0" />
  <references type="soft" candidates="1855" cleared="0" enqueued="0" dynamicThreshold="23" maxThreshold="32" />
  <references type="weak" candidates="5718" cleared="0" enqueued="0" />
  <references type="phantom" candidates="97" cleared="0" enqueued="0" />
  <stringconstants candidates="13275" cleared="0"  />
</gc-op>
<gc-op id="7382" type="sweep" timems="2.043" contextid="7378" timestamp="2019-08-08T10:57:02.398" />
<mem-info id="7383" free="50776896" total="68681728" percent="73">
  <mem type="tenure" free="50776896" total="68681728" percent="73" micro-fragmented="0" macro-fragmented="0">
    <mem type="soa" free="50090816" total="67995648" percent="73" />
    <mem type="loa" free="686080" total="686080" percent="100" />
  </mem>
</mem-info>
<gc-op id="7384" type="compact" timems="29.883" contextid="7378" timestamp="2019-08-08T10:57:02.428">
  <compact-info movecount="2" movebytes="56" reason="compact to aid heap contraction" />
</gc-op>
<heap-resize id="7385" type="expand" space="tenure" amount="131072" count="1" timems="0.019" reason="satisfy allocation request" timestamp="2019-08-08T10:57:02.428" />
<gc-end id="7386" type="global" contextid="7378" durationms="46.044" usertimems="90.541" systemtimems="23.963" timestamp="2019-08-08T10:57:02.428" activeThreads="16">
  <mem-info id="7387" free="50842432" total="68812800" percent="73">
    <mem type="tenure" free="50842432" total="68812800" percent="73">
      <mem type="soa" free="50154304" total="68124672" percent="73" />
      <mem type="loa" free="688128" total="688128" percent="100" />
    </mem>
  </mem-info>
</gc-end>
<cycle-end id="7388" type="global" contextid="7378" timestamp="2019-08-08T10:57:02.429" />
  <attribute name="elasticGC enabled" value="1" />
  <attribute name= "numThreadsSpecified" value="16" />
  <attribute name="heapSize specified" value="68681728" />
  <attribute name="Current GC Util" value="50" />
  <attribute name= "Current Time Running" value="170821" />
  <attribute name ="GC Interval" value="0" />
  <attribute name="Target GC Util Change" value ="80.000000" />
  <attribute name="Current GC Util Change" value="50.000000"/>
  <attribute name="Current Error" value="-502.000000" />
  <attribute name="Output H" value="68756832"/>
  <attribute name="Output I" value="1112"/>
  <attribute name="Output T" value="16"/>
  <attribute name= "Current Time Running" value="170821" />
  <attribute name="GC Util currently" value="50" />
  <attribute name="CPU Util currently" value="38558630400" />
<allocation-satisfied id="7389" threadId="0000000002035F00" bytesRequested="1168" />
<af-end id="7390" timestamp="2019-08-08T10:57:02.429" threadId="0000000002036888" success="true" />
<exclusive-end id="7391" timestamp="2019-08-08T10:57:02.429" durationms="46.375" />

<exclusive-start id="7392" timestamp="2019-08-08T10:57:02.434" intervalms="51.440">
  <response-info timems="0.018" idlems="0.018" threads="0" lastid="0000000002035F00" lastname="main" />
</exclusive-start>
<af-start id="7393" threadId="0000000002036888" totalBytesRequested="1168" timestamp="2019-08-08T10:57:02.434" intervalms="51.437" />
<cycle-start id="7394" type="global" contextid="0" timestamp="2019-08-08T10:57:02.434" intervalms="51.377" />
<gc-start id="7395" type="global" contextid="7394" timestamp="2019-08-08T10:57:02.434">
  <mem-info id="7396" free="688128" total="68812800" percent="1">
    <mem type="tenure" free="688128" total="68812800" percent="1">
      <mem type="soa" free="0" total="68124672" percent="0" />
      <mem type="loa" free="688128" total="688128" percent="100" />
    </mem>
  </mem-info>
</gc-start>
<allocation-stats totalBytes="50052264" >
  <allocated-bytes non-tlh="0" tlh="50052264" />
  <largest-consumer threadName="main" threadId="0000000002035F00" bytes="50052264" />
</allocation-stats>
<gc-op id="7397" type="mark" timems="29.292" contextid="7394" timestamp="2019-08-08T10:57:02.463">
  <trace-info objectcount="596774" scancount="517754" scanbytes="13289696" />
  <finalization candidates="80" enqueued="0" />
  <ownableSynchronizers candidates="21" cleared="0" />
  <references type="soft" candidates="1855" cleared="0" enqueued="0" dynamicThreshold="23" maxThreshold="32" />
  <references type="weak" candidates="5718" cleared="0" enqueued="0" />
  <references type="phantom" candidates="97" cleared="0" enqueued="0" />
  <stringconstants candidates="13275" cleared="0"  />
</gc-op>
<gc-op id="7398" type="sweep" timems="1.777" contextid="7394" timestamp="2019-08-08T10:57:02.465" />
<mem-info id="7399" free="50907704" total="68812800" percent="73">
  <mem type="tenure" free="50907704" total="68812800" percent="73" micro-fragmented="0" macro-fragmented="0">
    <mem type="soa" free="50219576" total="68124672" percent="73" />
    <mem type="loa" free="688128" total="688128" percent="100" />
  </mem>
</mem-info>
<gc-op id="7400" type="compact" timems="27.133" contextid="7394" timestamp="2019-08-08T10:57:02.492">
  <compact-info movecount="2" movebytes="56" reason="compact to aid heap contraction" />
</gc-op>
<heap-resize id="7401" type="expand" space="tenure" amount="131072" count="1" timems="0.029" reason="satisfy allocation request" timestamp="2019-08-08T10:57:02.493" />
<gc-end id="7402" type="global" contextid="7394" durationms="58.980" usertimems="112.658" systemtimems="56.487" timestamp="2019-08-08T10:57:02.493" activeThreads="16">
  <mem-info id="7403" free="50973504" total="68943872" percent="73">
    <mem type="tenure" free="50973504" total="68943872" percent="73">
      <mem type="soa" free="50284352" total="68254720" percent="73" />
      <mem type="loa" free="689152" total="689152" percent="100" />
    </mem>
  </mem-info>
</gc-end>
<cycle-end id="7404" type="global" contextid="7394" timestamp="2019-08-08T10:57:02.493" />
  <attribute name="elasticGC enabled" value="1" />
  <attribute name= "numThreadsSpecified" value="16" />
  <attribute name="heapSize specified" value="68812800" />
  <attribute name="Current GC Util" value="43" />
  <attribute name= "Current Time Running" value="170885" />
  <attribute name ="GC Interval" value="0" />
  <attribute name="Target GC Util Change" value ="80.000000" />
  <attribute name="Current GC Util Change" value="43.000000"/>
  <attribute name="Current Error" value="37.000000" />
  <attribute name="Output H" value="68888528"/>
  <attribute name="Output I" value="2080"/>
  <attribute name="Output T" value="16"/>
  <attribute name= "Current Time Running" value="170885" />
  <attribute name="GC Util currently" value="43" />
  <attribute name="CPU Util currently" value="42457221025" />
<allocation-satisfied id="7405" threadId="0000000002035F00" bytesRequested="1168" />
<af-end id="7406" timestamp="2019-08-08T10:57:02.493" threadId="0000000002036888" success="true" />
<exclusive-end id="7407" timestamp="2019-08-08T10:57:02.493" durationms="59.228" />

<exclusive-start id="7408" timestamp="2019-08-08T10:57:02.498" intervalms="64.667">
  <response-info timems="0.018" idlems="0.018" threads="0" lastid="0000000002035F00" lastname="main" />
</exclusive-start>
<af-start id="7409" threadId="0000000002036888" totalBytesRequested="1168" timestamp="2019-08-08T10:57:02.498" intervalms="64.668" />
<cycle-start id="7410" type="global" contextid="0" timestamp="2019-08-08T10:57:02.498" intervalms="64.719" />
<gc-start id="7411" type="global" contextid="7410" timestamp="2019-08-08T10:57:02.500">
  <mem-info id="7412" free="689152" total="68943872" percent="0">
    <mem type="tenure" free="689152" total="68943872" percent="0">
      <mem type="soa" free="0" total="68254720" percent="0" />
      <mem type="loa" free="689152" total="689152" percent="100" />
    </mem>
  </mem-info>
</gc-start>
<allocation-stats totalBytes="50181648" >
  <allocated-bytes non-tlh="0" tlh="50181648" />
  <largest-consumer threadName="main" threadId="0000000002035F00" bytes="50181648" />
</allocation-stats>
<gc-op id="7413" type="mark" timems="16.676" contextid="7410" timestamp="2019-08-08T10:57:02.516">
  <trace-info objectcount="596774" scancount="517757" scanbytes="13289696" />
  <finalization candidates="80" enqueued="0" />
  <ownableSynchronizers candidates="21" cleared="0" />
  <references type="soft" candidates="1855" cleared="0" enqueued="0" dynamicThreshold="23" maxThreshold="32" />
  <references type="weak" candidates="5718" cleared="0" enqueued="0" />
  <references type="phantom" candidates="97" cleared="0" enqueued="0" />
  <stringconstants candidates="13275" cleared="0"  />
</gc-op>
<gc-op id="7414" type="sweep" timems="2.438" contextid="7410" timestamp="2019-08-08T10:57:02.519" />
<mem-info id="7415" free="51038568" total="68943872" percent="74">
  <mem type="tenure" free="51038568" total="68943872" percent="74" micro-fragmented="0" macro-fragmented="0">
    <mem type="soa" free="50349416" total="68254720" percent="73" />
    <mem type="loa" free="689152" total="689152" percent="100" />
  </mem>
</mem-info>
<gc-op id="7416" type="compact" timems="29.415" contextid="7410" timestamp="2019-08-08T10:57:02.548">
  <compact-info movecount="2" movebytes="56" reason="compact to aid heap contraction" />
</gc-op>
<heap-resize id="7417" type="expand" space="tenure" amount="131072" count="1" timems="0.018" reason="satisfy allocation request" timestamp="2019-08-08T10:57:02.549" />
<gc-end id="7418" type="global" contextid="7410" durationms="49.386" usertimems="75.575" systemtimems="29.889" timestamp="2019-08-08T10:57:02.549" activeThreads="16">
  <mem-info id="7419" free="51104576" total="69074944" percent="73">
    <mem type="tenure" free="51104576" total="69074944" percent="73">
      <mem type="soa" free="50414400" total="68384768" percent="73" />
      <mem type="loa" free="690176" total="690176" percent="100" />
    </mem>
  </mem-info>
</gc-end>
<cycle-end id="7420" type="global" contextid="7410" timestamp="2019-08-08T10:57:02.549" />
  <attribute name="elasticGC enabled" value="1" />
  <attribute name= "numThreadsSpecified" value="16" />
  <attribute name="heapSize specified" value="68943872" />
  <attribute name="Current GC Util" value="55" />
  <attribute name= "Current Time Running" value="170942" />
  <attribute name ="GC Interval" value="0" />
  <attribute name="Target GC Util Change" value ="80.000000" />
  <attribute name="Current GC Util Change" value="55.000000"/>
  <attribute name="Current Error" value="-757.000000" />
  <attribute name="Output H" value="69018680"/>
  <attribute name="Output I" value="656"/>
  <attribute name="Output T" value="16"/>
  <attribute name= "Current Time Running" value="170942" />
  <attribute name="GC Util currently" value="55" />
  <attribute name="CPU Util currently" value="39180460321" />
<allocation-satisfied id="7421" threadId="0000000002035F00" bytesRequested="1168" />
<af-end id="7422" timestamp="2019-08-08T10:57:02.549" threadId="0000000002036888" success="true" />
<exclusive-end id="7423" timestamp="2019-08-08T10:57:02.549" durationms="50.738" />

<exclusive-start id="7424" timestamp="2019-08-08T10:57:02.555" intervalms="56.233">
  <response-info timems="0.019" idlems="0.019" threads="0" lastid="0000000002035F00" lastname="main" />
</exclusive-start>
<af-start id="7425" threadId="0000000002036888" totalBytesRequested="1168" timestamp="2019-08-08T10:57:02.555" intervalms="56.234" />
<cycle-start id="7426" type="global" contextid="0" timestamp="2019-08-08T10:57:02.555" intervalms="56.182" />
<gc-start id="7427" type="global" contextid="7426" timestamp="2019-08-08T10:57:02.555">
  <mem-info id="7428" free="690176" total="69074944" percent="0">
    <mem type="tenure" free="690176" total="69074944" percent="0">
      <mem type="soa" free="0" total="68384768" percent="0" />
      <mem type="loa" free="690176" total="690176" percent="100" />
    </mem>
  </mem-info>
</gc-start>
<allocation-stats totalBytes="50311056" >
  <allocated-bytes non-tlh="0" tlh="50311056" />
  <largest-consumer threadName="main" threadId="0000000002035F00" bytes="50311056" />
</allocation-stats>
<gc-op id="7429" type="mark" timems="15.120" contextid="7426" timestamp="2019-08-08T10:57:02.570">
  <trace-info objectcount="596774" scancount="517758" scanbytes="13289696" />
  <finalization candidates="80" enqueued="0" />
  <ownableSynchronizers candidates="21" cleared="0" />
  <references type="soft" candidates="1855" cleared="0" enqueued="0" dynamicThreshold="23" maxThreshold="32" />
  <references type="weak" candidates="5718" cleared="0" enqueued="0" />
  <references type="phantom" candidates="97" cleared="0" enqueued="0" />
  <stringconstants candidates="13275" cleared="0"  />
</gc-op>
<gc-op id="7430" type="sweep" timems="2.207" contextid="7426" timestamp="2019-08-08T10:57:02.572" />
<mem-info id="7431" free="51169408" total="69074944" percent="74">
  <mem type="tenure" free="51169408" total="69074944" percent="74" micro-fragmented="0" macro-fragmented="0">
    <mem type="soa" free="50479232" total="68384768" percent="73" />
    <mem type="loa" free="690176" total="690176" percent="100" />
  </mem>
</mem-info>
<gc-op id="7432" type="compact" timems="31.827" contextid="7426" timestamp="2019-08-08T10:57:02.604">
  <compact-info movecount="2" movebytes="56" reason="compact to aid heap contraction" />
</gc-op>
<heap-resize id="7433" type="expand" space="tenure" amount="131072" count="1" timems="0.022" reason="satisfy allocation request" timestamp="2019-08-08T10:57:02.605" />
<gc-end id="7434" type="global" contextid="7426" durationms="50.265" usertimems="74.225" systemtimems="34.795" timestamp="2019-08-08T10:57:02.605" activeThreads="16">
  <mem-info id="7435" free="51235648" total="69206016" percent="74">
    <mem type="tenure" free="51235648" total="69206016" percent="74">
      <mem type="soa" free="50544448" total="68514816" percent="73" />
      <mem type="loa" free="691200" total="691200" percent="100" />
    </mem>
  </mem-info>
</gc-end>
<cycle-end id="7436" type="global" contextid="7426" timestamp="2019-08-08T10:57:02.605" />
  <attribute name="elasticGC enabled" value="1" />
  <attribute name= "numThreadsSpecified" value="16" />
  <attribute name="heapSize specified" value="69074944" />
  <attribute name="Current GC Util" value="48" />
  <attribute name= "Current Time Running" value="170997" />
  <attribute name ="GC Interval" value="0" />
  <attribute name="Target GC Util Change" value ="80.000000" />
  <attribute name="Current GC Util Change" value="48.000000"/>
  <attribute name="Current Error" value="-388.000000" />
  <attribute name="Output H" value="69150176"/>
  <attribute name="Output I" value="1320"/>
  <attribute name="Output T" value="16"/>
  <attribute name= "Current Time Running" value="170997" />
  <attribute name="GC Util currently" value="48" />
  <attribute name="CPU Util currently" value="36194842899" />
<allocation-satisfied id="7437" threadId="0000000002035F00" bytesRequested="1168" />
<af-end id="7438" timestamp="2019-08-08T10:57:02.605" threadId="0000000002036888" success="true" />
<exclusive-end id="7439" timestamp="2019-08-08T10:57:02.605" durationms="50.564" />

<exclusive-start id="7440" timestamp="2019-08-08T10:57:02.611" intervalms="56.640">
  <response-info timems="0.018" idlems="0.018" threads="0" lastid="0000000002035F00" lastname="main" />
</exclusive-start>
<af-start id="7441" threadId="0000000002036888" totalBytesRequested="1168" timestamp="2019-08-08T10:57:02.611" intervalms="56.649" />
<cycle-start id="7442" type="global" contextid="0" timestamp="2019-08-08T10:57:02.611" intervalms="56.649" />
<gc-start id="7443" type="global" contextid="7442" timestamp="2019-08-08T10:57:02.611">
  <mem-info id="7444" free="691200" total="69206016" percent="0">
    <mem type="tenure" free="691200" total="69206016" percent="0">
      <mem type="soa" free="0" total="68514816" percent="0" />
      <mem type="loa" free="691200" total="691200" percent="100" />
    </mem>
  </mem-info>
</gc-start>
<allocation-stats totalBytes="50440488" >
  <allocated-bytes non-tlh="0" tlh="50440488" />
  <largest-consumer threadName="main" threadId="0000000002035F00" bytes="50440488" />
</allocation-stats>
<gc-op id="7445" type="mark" timems="15.875" contextid="7442" timestamp="2019-08-08T10:57:02.627">
  <trace-info objectcount="596756" scancount="517741" scanbytes="13289136" />
  <finalization candidates="80" enqueued="0" />
  <ownableSynchronizers candidates="21" cleared="0" />
  <references type="soft" candidates="1855" cleared="5" enqueued="5" dynamicThreshold="23" maxThreshold="32" />
  <references type="weak" candidates="5718" cleared="0" enqueued="0" />
  <references type="phantom" candidates="97" cleared="0" enqueued="0" />
  <stringconstants candidates="13275" cleared="0"  />
</gc-op>
<gc-op id="7446" type="sweep" timems="1.692" contextid="7442" timestamp="2019-08-08T10:57:02.629" />
<mem-info id="7447" free="51301184" total="69206016" percent="74">
  <mem type="tenure" free="51301184" total="69206016" percent="74" micro-fragmented="0" macro-fragmented="0">
    <mem type="soa" free="50609984" total="68514816" percent="73" />
    <mem type="loa" free="691200" total="691200" percent="100" />
  </mem>
  <pending-finalizers system="0" default="0" reference="5" classloader="0" />
</mem-info>
<gc-op id="7448" type="compact" timems="28.011" contextid="7442" timestamp="2019-08-08T10:57:02.657">
  <compact-info movecount="518" movebytes="35432" reason="compact to aid heap contraction" />
</gc-op>
<heap-resize id="7449" type="expand" space="tenure" amount="131072" count="1" timems="0.021" reason="satisfy allocation request" timestamp="2019-08-08T10:57:02.659" />
<gc-end id="7450" type="global" contextid="7442" durationms="47.496" usertimems="74.492" systemtimems="35.101" timestamp="2019-08-08T10:57:02.659" activeThreads="16">
  <mem-info id="7451" free="51367280" total="69337088" percent="74">
    <mem type="tenure" free="51367280" total="69337088" percent="74">
      <mem type="soa" free="50674032" total="68643840" percent="73" />
      <mem type="loa" free="693248" total="693248" percent="100" />
    </mem>
    <pending-finalizers system="0" default="0" reference="5" classloader="0" />
  </mem-info>
</gc-end>
<cycle-end id="7452" type="global" contextid="7442" timestamp="2019-08-08T10:57:02.659" />
  <attribute name="elasticGC enabled" value="1" />
  <attribute name= "numThreadsSpecified" value="16" />
  <attribute name="heapSize specified" value="69206016" />
  <attribute name="Current GC Util" value="39" />
  <attribute name= "Current Time Running" value="171051" />
  <attribute name ="GC Interval" value="0" />
  <attribute name="Target GC Util Change" value ="80.000000" />
  <attribute name="Current GC Util Change" value="39.000000"/>
  <attribute name="Current Error" value="41.000000" />
  <attribute name="Output H" value="69281744"/>
  <attribute name="Output I" value="2088"/>
  <attribute name="Output T" value="16"/>
  <attribute name= "Current Time Running" value="171051" />
  <attribute name="GC Util currently" value="39" />
  <attribute name="CPU Util currently" value="41126933851" />
<allocation-satisfied id="7453" threadId="0000000002035F00" bytesRequested="1168" />
<af-end id="7454" timestamp="2019-08-08T10:57:02.659" threadId="0000000002036888" success="true" />
<exclusive-end id="7455" timestamp="2019-08-08T10:57:02.659" durationms="47.749" />

<exclusive-start id="7456" timestamp="2019-08-08T10:57:02.671" intervalms="59.500">
  <response-info timems="0.024" idlems="0.024" threads="0" lastid="0000000002035F00" lastname="main" />
</exclusive-start>
<af-start id="7457" threadId="0000000002036888" totalBytesRequested="1168" timestamp="2019-08-08T10:57:02.671" intervalms="59.559" />
<cycle-start id="7458" type="global" contextid="0" timestamp="2019-08-08T10:57:02.671" intervalms="59.602" />
<gc-start id="7459" type="global" contextid="7458" timestamp="2019-08-08T10:57:02.671">
  <mem-info id="7460" free="693248" total="69337088" percent="0">
    <mem type="tenure" free="693248" total="69337088" percent="0">
      <mem type="soa" free="0" total="68643840" percent="0" />
      <mem type="loa" free="693248" total="693248" percent="100" />
    </mem>
  </mem-info>
</gc-start>
<allocation-stats totalBytes="50458040" >
  <allocated-bytes non-tlh="0" tlh="50458040" />
  <largest-consumer threadName="main" threadId="0000000002035F00" bytes="50458040" />
</allocation-stats>
<gc-op id="7461" type="mark" timems="27.074" contextid="7458" timestamp="2019-08-08T10:57:02.698">
  <trace-info objectcount="596742" scancount="517721" scanbytes="13288636" />
  <finalization candidates="80" enqueued="0" />
  <ownableSynchronizers candidates="21" cleared="0" />
  <references type="soft" candidates="1850" cleared="0" enqueued="0" dynamicThreshold="23" maxThreshold="32" />
  <references type="weak" candidates="5718" cleared="0" enqueued="0" />
  <references type="phantom" candidates="97" cleared="0" enqueued="0" />
  <stringconstants candidates="13275" cleared="0"  />
</gc-op>
<gc-op id="7462" type="sweep" timems="4.320" contextid="7458" timestamp="2019-08-08T10:57:02.703" />
<mem-info id="7463" free="51431720" total="69337088" percent="74">
  <mem type="tenure" free="51431720" total="69337088" percent="74" micro-fragmented="0" macro-fragmented="0">
    <mem type="soa" free="50738472" total="68643840" percent="73" />
    <mem type="loa" free="693248" total="693248" percent="100" />
  </mem>
</mem-info>
<gc-op id="7464" type="compact" timems="26.502" contextid="7458" timestamp="2019-08-08T10:57:02.729">
  <compact-info movecount="790" movebytes="42232" reason="compact to aid heap contraction" />
</gc-op>
<heap-resize id="7465" type="expand" space="tenure" amount="131072" count="1" timems="0.023" reason="satisfy allocation request" timestamp="2019-08-08T10:57:02.730" />
<gc-end id="7466" type="global" contextid="7458" durationms="59.207" usertimems="92.958" systemtimems="43.208" timestamp="2019-08-08T10:57:02.730" activeThreads="16">
  <mem-info id="7467" free="51498856" total="69468160" percent="74">
    <mem type="tenure" free="51498856" total="69468160" percent="74">
      <mem type="soa" free="50804584" total="68773888" percent="73" />
      <mem type="loa" free="694272" total="694272" percent="100" />
    </mem>
  </mem-info>
</gc-end>
<cycle-end id="7468" type="global" contextid="7458" timestamp="2019-08-08T10:57:02.730" />
  <attribute name="elasticGC enabled" value="1" />
  <attribute name= "numThreadsSpecified" value="16" />
  <attribute name="heapSize specified" value="69337088" />
  <attribute name="Current GC Util" value="50" />
  <attribute name= "Current Time Running" value="171123" />
  <attribute name ="GC Interval" value="0" />
  <attribute name="Target GC Util Change" value ="80.000000" />
  <attribute name="Current GC Util Change" value="50.000000"/>
  <attribute name="Current Error" value="-360.000000" />
  <attribute name="Output H" value="69412360"/>
  <attribute name="Output I" value="1368"/>
  <attribute name="Output T" value="16"/>
  <attribute name= "Current Time Running" value="171123" />
  <attribute name="GC Util currently" value="50" />
  <attribute name="CPU Util currently" value="43461303490" />
<allocation-satisfied id="7469" threadId="0000000002035F00" bytesRequested="1168" />
<af-end id="7470" timestamp="2019-08-08T10:57:02.730" threadId="0000000002036888" success="true" />
<exclusive-end id="7471" timestamp="2019-08-08T10:57:02.730" durationms="59.776" />

<exclusive-start id="7472" timestamp="2019-08-08T10:57:02.739" intervalms="68.515">
  <response-info timems="0.022" idlems="0.022" threads="0" lastid="0000000002035F00" lastname="main" />
</exclusive-start>
<af-start id="7473" threadId="0000000002036888" totalBytesRequested="1168" timestamp="2019-08-08T10:57:02.739" intervalms="68.459" />
<cycle-start id="7474" type="global" contextid="0" timestamp="2019-08-08T10:57:02.739" intervalms="68.416" />
<gc-start id="7475" type="global" contextid="7474" timestamp="2019-08-08T10:57:02.739">
  <mem-info id="7476" free="694272" total="69468160" percent="0">
    <mem type="tenure" free="694272" total="69468160" percent="0">
      <mem type="soa" free="0" total="68773888" percent="0" />
      <mem type="loa" free="694272" total="694272" percent="100" />
    </mem>
  </mem-info>
</gc-start>
<allocation-stats totalBytes="50543184" >
  <allocated-bytes non-tlh="0" tlh="50543184" />
  <largest-consumer threadName="main" threadId="0000000002035F00" bytes="50543184" />
</allocation-stats>
<gc-op id="7477" type="mark" timems="24.473" contextid="7474" timestamp="2019-08-08T10:57:02.764">
  <trace-info objectcount="596732" scancount="517727" scanbytes="13288548" />
  <finalization candidates="80" enqueued="0" />
  <ownableSynchronizers candidates="21" cleared="0" />
  <references type="soft" candidates="1850" cleared="1" enqueued="0" dynamicThreshold="23" maxThreshold="32" />
  <references type="weak" candidates="5718" cleared="0" enqueued="0" />
  <references type="phantom" candidates="97" cleared="0" enqueued="0" />
  <stringconstants candidates="13275" cleared="0"  />
</gc-op>
<gc-op id="7478" type="sweep" timems="5.932" contextid="7474" timestamp="2019-08-08T10:57:02.770" />
<mem-info id="7479" free="51582048" total="69468160" percent="74">
  <mem type="tenure" free="51582048" total="69468160" percent="74" micro-fragmented="0" macro-fragmented="0">
    <mem type="soa" free="50887776" total="68773888" percent="73" />
    <mem type="loa" free="694272" total="694272" percent="100" />
  </mem>
</mem-info>
<gc-op id="7480" type="compact" timems="32.830" contextid="7474" timestamp="2019-08-08T10:57:02.803">
  <compact-info movecount="490" movebytes="16624" reason="compact to aid heap contraction" />
</gc-op>
<heap-resize id="7481" type="expand" space="tenure" amount="131072" count="1" timems="0.022" reason="satisfy allocation request" timestamp="2019-08-08T10:57:02.803" />
<gc-end id="7482" type="global" contextid="7474" durationms="63.894" usertimems="108.345" systemtimems="49.363" timestamp="2019-08-08T10:57:02.803" activeThreads="16">
  <mem-info id="7483" free="51648104" total="69599232" percent="74">
    <mem type="tenure" free="51648104" total="69599232" percent="74">
      <mem type="soa" free="50952808" total="68903936" percent="73" />
      <mem type="loa" free="695296" total="695296" percent="100" />
    </mem>
  </mem-info>
</gc-end>
<cycle-end id="7484" type="global" contextid="7474" timestamp="2019-08-08T10:57:02.803" />
  <attribute name="elasticGC enabled" value="1" />
  <attribute name= "numThreadsSpecified" value="16" />
  <attribute name="heapSize specified" value="69468160" />
  <attribute name="Current GC Util" value="59" />
  <attribute name= "Current Time Running" value="171196" />
  <attribute name ="GC Interval" value="0" />
  <attribute name="Target GC Util Change" value ="80.000000" />
  <attribute name="Current GC Util Change" value="59.000000"/>
  <attribute name="Current Error" value="-369.000000" />
  <attribute name="Output H" value="69543416"/>
  <attribute name="Output I" value="1352"/>
  <attribute name="Output T" value="16"/>
  <attribute name= "Current Time Running" value="171196" />
  <attribute name="GC Util currently" value="59" />
  <attribute name="CPU Util currently" value="35072955368" />
<allocation-satisfied id="7485" threadId="0000000002035F00" bytesRequested="1168" />
<af-end id="7486" timestamp="2019-08-08T10:57:02.803" threadId="0000000002036888" success="true" />
<exclusive-end id="7487" timestamp="2019-08-08T10:57:02.803" durationms="64.119" />

<exclusive-start id="7488" timestamp="2019-08-08T10:57:02.812" intervalms="72.315">
  <response-info timems="0.023" idlems="0.023" threads="0" lastid="0000000002035F00" lastname="main" />
</exclusive-start>
<af-start id="7489" threadId="0000000002036888" totalBytesRequested="1168" timestamp="2019-08-08T10:57:02.812" intervalms="72.319" />
<cycle-start id="7490" type="global" contextid="0" timestamp="2019-08-08T10:57:02.812" intervalms="72.332" />
<gc-start id="7491" type="global" contextid="7490" timestamp="2019-08-08T10:57:02.812">
  <mem-info id="7492" free="695296" total="69599232" percent="0">
    <mem type="tenure" free="695296" total="69599232" percent="0">
      <mem type="soa" free="0" total="68903936" percent="0" />
      <mem type="loa" free="695296" total="695296" percent="100" />
    </mem>
  </mem-info>
</gc-start>
<allocation-stats totalBytes="50698408" >
  <allocated-bytes non-tlh="0" tlh="50698408" />
  <largest-consumer threadName="main" threadId="0000000002035F00" bytes="50698408" />
</allocation-stats>
<gc-op id="7493" type="mark" timems="17.446" contextid="7490" timestamp="2019-08-08T10:57:02.829">
  <trace-info objectcount="596732" scancount="517720" scanbytes="13288548" />
  <finalization candidates="80" enqueued="0" />
  <ownableSynchronizers candidates="21" cleared="0" />
  <references type="soft" candidates="1849" cleared="0" enqueued="0" dynamicThreshold="23" maxThreshold="32" />
  <references type="weak" candidates="5718" cleared="0" enqueued="0" />
  <references type="phantom" candidates="97" cleared="0" enqueued="0" />
  <stringconstants candidates="13275" cleared="0"  />
</gc-op>
<gc-op id="7494" type="sweep" timems="12.805" contextid="7490" timestamp="2019-08-08T10:57:02.842" />
<mem-info id="7495" free="51713640" total="69599232" percent="74">
  <mem type="tenure" free="51713640" total="69599232" percent="74" micro-fragmented="0" macro-fragmented="0">
    <mem type="soa" free="51018344" total="68903936" percent="74" />
    <mem type="loa" free="695296" total="695296" percent="100" />
  </mem>
</mem-info>
<gc-op id="7496" type="compact" timems="25.865" contextid="7490" timestamp="2019-08-08T10:57:02.868">
  <compact-info movecount="2" movebytes="64" reason="compact to aid heap contraction" />
</gc-op>
<heap-resize id="7497" type="expand" space="tenure" amount="131072" count="1" timems="0.019" reason="satisfy allocation request" timestamp="2019-08-08T10:57:02.869" />
<gc-end id="7498" type="global" contextid="7490" durationms="56.885" usertimems="82.530" systemtimems="22.262" timestamp="2019-08-08T10:57:02.869" activeThreads="16">
  <mem-info id="7499" free="51779176" total="69730304" percent="74">
    <mem type="tenure" free="51779176" total="69730304" percent="74">
      <mem type="soa" free="51082856" total="69033984" percent="73" />
      <mem type="loa" free="696320" total="696320" percent="100" />
    </mem>
  </mem-info>
</gc-end>
<cycle-end id="7500" type="global" contextid="7490" timestamp="2019-08-08T10:57:02.869" />
  <attribute name="elasticGC enabled" value="1" />
  <attribute name= "numThreadsSpecified" value="16" />
  <attribute name="heapSize specified" value="69599232" />
  <attribute name="Current GC Util" value="36" />
  <attribute name= "Current Time Running" value="171261" />
  <attribute name ="GC Interval" value="0" />
  <attribute name="Target GC Util Change" value ="80.000000" />
  <attribute name="Current GC Util Change" value="36.000000"/>
  <attribute name="Current Error" value="44.000000" />
  <attribute name="Output H" value="69674968"/>
  <attribute name="Output I" value="2088"/>
  <attribute name="Output T" value="16"/>
  <attribute name= "Current Time Running" value="171261" />
  <attribute name="GC Util currently" value="36" />
  <attribute name="CPU Util currently" value="44521275126" />
<allocation-satisfied id="7501" threadId="0000000002035F00" bytesRequested="1168" />
<af-end id="7502" timestamp="2019-08-08T10:57:02.869" threadId="0000000002036888" success="true" />
<exclusive-end id="7503" timestamp="2019-08-08T10:57:02.869" durationms="57.144" />

<exclusive-start id="7504" timestamp="2019-08-08T10:57:02.878" intervalms="66.256">
  <response-info timems="0.049" idlems="0.049" threads="0" lastid="0000000002035F00" lastname="main" />
</exclusive-start>
<af-start id="7505" threadId="0000000002036888" totalBytesRequested="1168" timestamp="2019-08-08T10:57:02.878" intervalms="66.253" />
<cycle-start id="7506" type="global" contextid="0" timestamp="2019-08-08T10:57:02.878" intervalms="66.250" />
<gc-start id="7507" type="global" contextid="7506" timestamp="2019-08-08T10:57:02.878">
  <mem-info id="7508" free="696320" total="69730304" percent="0">
    <mem type="tenure" free="696320" total="69730304" percent="0">
      <mem type="soa" free="0" total="69033984" percent="0" />
      <mem type="loa" free="696320" total="696320" percent="100" />
    </mem>
  </mem-info>
</gc-start>
<allocation-stats totalBytes="50828680" >
  <allocated-bytes non-tlh="0" tlh="50828680" />
  <largest-consumer threadName="main" threadId="0000000002035F00" bytes="50828680" />
</allocation-stats>
<gc-op id="7509" type="mark" timems="17.614" contextid="7506" timestamp="2019-08-08T10:57:02.896">
  <trace-info objectcount="596732" scancount="517722" scanbytes="13288548" />
  <finalization candidates="80" enqueued="0" />
  <ownableSynchronizers candidates="21" cleared="0" />
  <references type="soft" candidates="1849" cleared="0" enqueued="0" dynamicThreshold="23" maxThreshold="32" />
  <references type="weak" candidates="5718" cleared="0" enqueued="0" />
  <references type="phantom" candidates="97" cleared="0" enqueued="0" />
  <stringconstants candidates="13275" cleared="0"  />
</gc-op>
<gc-op id="7510" type="sweep" timems="2.573" contextid="7506" timestamp="2019-08-08T10:57:02.898" />
<mem-info id="7511" free="51844184" total="69730304" percent="74">
  <mem type="tenure" free="51844184" total="69730304" percent="74" micro-fragmented="0" macro-fragmented="0">
    <mem type="soa" free="51147864" total="69033984" percent="74" />
    <mem type="loa" free="696320" total="696320" percent="100" />
  </mem>
</mem-info>
<gc-op id="7512" type="compact" timems="24.325" contextid="7506" timestamp="2019-08-08T10:57:02.923">
  <compact-info movecount="2" movebytes="64" reason="compact to aid heap contraction" />
</gc-op>
<heap-resize id="7513" type="expand" space="tenure" amount="131072" count="1" timems="0.025" reason="satisfy allocation request" timestamp="2019-08-08T10:57:02.923" />
<gc-end id="7514" type="global" contextid="7506" durationms="45.307" usertimems="83.268" systemtimems="10.811" timestamp="2019-08-08T10:57:02.923" activeThreads="16">
  <mem-info id="7515" free="51910248" total="69861376" percent="74">
    <mem type="tenure" free="51910248" total="69861376" percent="74">
      <mem type="soa" free="51211880" total="69163008" percent="74" />
      <mem type="loa" free="698368" total="698368" percent="100" />
    </mem>
  </mem-info>
</gc-end>
<cycle-end id="7516" type="global" contextid="7506" timestamp="2019-08-08T10:57:02.923" />
  <attribute name="elasticGC enabled" value="1" />
  <attribute name= "numThreadsSpecified" value="16" />
  <attribute name="heapSize specified" value="69730304" />
  <attribute name="Current GC Util" value="55" />
  <attribute name= "Current Time Running" value="171316" />
  <attribute name ="GC Interval" value="0" />
  <attribute name="Target GC Util Change" value ="80.000000" />
  <attribute name="Current GC Util Change" value="55.000000"/>
  <attribute name="Current Error" value="-301.000000" />
  <attribute name="Output H" value="69805640"/>
  <attribute name="Output I" value="1472"/>
  <attribute name="Output T" value="16"/>
  <attribute name= "Current Time Running" value="171316" />
  <attribute name="GC Util currently" value="55" />
  <attribute name="CPU Util currently" value="47298972452" />
<allocation-satisfied id="7517" threadId="0000000002035F00" bytesRequested="1168" />
<af-end id="7518" timestamp="2019-08-08T10:57:02.923" threadId="0000000002036888" success="true" />
<exclusive-end id="7519" timestamp="2019-08-08T10:57:02.923" durationms="45.569" />

<exclusive-start id="7520" timestamp="2019-08-08T10:57:02.935" intervalms="57.677">
  <response-info timems="0.023" idlems="0.023" threads="0" lastid="0000000002035F00" lastname="main" />
</exclusive-start>
<af-start id="7521" threadId="0000000002036888" totalBytesRequested="1168" timestamp="2019-08-08T10:57:02.941" intervalms="62.950" />
<cycle-start id="7522" type="global" contextid="0" timestamp="2019-08-08T10:57:02.941" intervalms="62.957" />
<gc-start id="7523" type="global" contextid="7522" timestamp="2019-08-08T10:57:02.941">
  <mem-info id="7524" free="698368" total="69861376" percent="0">
    <mem type="tenure" free="698368" total="69861376" percent="0">
      <mem type="soa" free="0" total="69163008" percent="0" />
      <mem type="loa" free="698368" total="698368" percent="100" />
    </mem>
  </mem-info>
</gc-start>
<allocation-stats totalBytes="50956424" >
  <allocated-bytes non-tlh="0" tlh="50956424" />
  <largest-consumer threadName="main" threadId="0000000002035F00" bytes="50956424" />
</allocation-stats>
<gc-op id="7525" type="mark" timems="19.047" contextid="7522" timestamp="2019-08-08T10:57:02.960">
  <trace-info objectcount="596732" scancount="517758" scanbytes="13288548" />
  <finalization candidates="80" enqueued="0" />
  <ownableSynchronizers candidates="21" cleared="0" />
  <references type="soft" candidates="1849" cleared="0" enqueued="0" dynamicThreshold="23" maxThreshold="32" />
  <references type="weak" candidates="5718" cleared="0" enqueued="0" />
  <references type="phantom" candidates="97" cleared="0" enqueued="0" />
  <stringconstants candidates="13275" cleared="0"  />
</gc-op>
<gc-op id="7526" type="sweep" timems="6.439" contextid="7522" timestamp="2019-08-08T10:57:02.966" />
<mem-info id="7527" free="51975536" total="69861376" percent="74">
  <mem type="tenure" free="51975536" total="69861376" percent="74" micro-fragmented="0" macro-fragmented="0">
    <mem type="soa" free="51277168" total="69163008" percent="74" />
    <mem type="loa" free="698368" total="698368" percent="100" />
  </mem>
</mem-info>
<gc-op id="7528" type="compact" timems="26.342" contextid="7522" timestamp="2019-08-08T10:57:02.993">
  <compact-info movecount="2" movebytes="64" reason="compact to aid heap contraction" />
</gc-op>
<heap-resize id="7529" type="expand" space="tenure" amount="131072" count="1" timems="0.029" reason="satisfy allocation request" timestamp="2019-08-08T10:57:02.994" />
<gc-end id="7530" type="global" contextid="7522" durationms="53.295" usertimems="115.066" systemtimems="40.526" timestamp="2019-08-08T10:57:02.994" activeThreads="16">
  <mem-info id="7531" free="52041320" total="69992448" percent="74">
    <mem type="tenure" free="52041320" total="69992448" percent="74">
      <mem type="soa" free="51341928" total="69293056" percent="74" />
      <mem type="loa" free="699392" total="699392" percent="100" />
    </mem>
  </mem-info>
</gc-end>
<cycle-end id="7532" type="global" contextid="7522" timestamp="2019-08-08T10:57:02.994" />
  <attribute name="elasticGC enabled" value="1" />
  <attribute name= "numThreadsSpecified" value="16" />
  <attribute name="heapSize specified" value="69861376" />
  <attribute name="Current GC Util" value="65" />
  <attribute name= "Current Time Running" value="171386" />
  <attribute name ="GC Interval" value="0" />
  <attribute name="Target GC Util Change" value ="80.000000" />
  <attribute name="Current GC Util Change" value="65.000000"/>
  <attribute name="Current Error" value="-452.000000" />
  <attribute name="Output H" value="69936536"/>
  <attribute name="Output I" value="1208"/>
  <attribute name="Output T" value="16"/>
  <attribute name= "Current Time Running" value="171386" />
  <attribute name="GC Util currently" value="65" />
  <attribute name="CPU Util currently" value="43674073340" />
<allocation-satisfied id="7533" threadId="0000000002035F00" bytesRequested="1168" />
<af-end id="7534" timestamp="2019-08-08T10:57:02.994" threadId="0000000002036888" success="true" />
<exclusive-end id="7535" timestamp="2019-08-08T10:57:02.994" durationms="58.838" />

<exclusive-start id="7536" timestamp="2019-08-08T10:57:03.002" intervalms="66.671">
  <response-info timems="0.024" idlems="0.024" threads="0" lastid="0000000002035F00" lastname="main" />
</exclusive-start>
<af-start id="7537" threadId="0000000002036888" totalBytesRequested="1168" timestamp="2019-08-08T10:57:03.002" intervalms="61.395" />
<cycle-start id="7538" type="global" contextid="0" timestamp="2019-08-08T10:57:03.002" intervalms="61.386" />
<gc-start id="7539" type="global" contextid="7538" timestamp="2019-08-08T10:57:03.002">
  <mem-info id="7540" free="699392" total="69992448" percent="0">
    <mem type="tenure" free="699392" total="69992448" percent="0">
      <mem type="soa" free="0" total="69293056" percent="0" />
      <mem type="loa" free="699392" total="699392" percent="100" />
    </mem>
  </mem-info>
</gc-start>
<allocation-stats totalBytes="51086696" >
  <allocated-bytes non-tlh="0" tlh="51086696" />
  <largest-consumer threadName="main" threadId="0000000002035F00" bytes="51086696" />
</allocation-stats>
<gc-op id="7541" type="mark" timems="18.602" contextid="7538" timestamp="2019-08-08T10:57:03.021">
  <trace-info objectcount="596732" scancount="517723" scanbytes="13288548" />
  <finalization candidates="80" enqueued="0" />
  <ownableSynchronizers candidates="21" cleared="0" />
  <references type="soft" candidates="1849" cleared="0" enqueued="0" dynamicThreshold="23" maxThreshold="32" />
  <references type="weak" candidates="5718" cleared="0" enqueued="0" />
  <references type="phantom" candidates="97" cleared="0" enqueued="0" />
  <stringconstants candidates="13275" cleared="0"  />
</gc-op>
<gc-op id="7542" type="sweep" timems="4.472" contextid="7538" timestamp="2019-08-08T10:57:03.025" />
<mem-info id="7543" free="52106856" total="69992448" percent="74">
  <mem type="tenure" free="52106856" total="69992448" percent="74" micro-fragmented="0" macro-fragmented="0">
    <mem type="soa" free="51407464" total="69293056" percent="74" />
    <mem type="loa" free="699392" total="699392" percent="100" />
  </mem>
</mem-info>
<gc-op id="7544" type="compact" timems="27.686" contextid="7538" timestamp="2019-08-08T10:57:03.053">
  <compact-info movecount="2" movebytes="64" reason="compact to aid heap contraction" />
</gc-op>
<heap-resize id="7545" type="expand" space="tenure" amount="131072" count="1" timems="0.025" reason="satisfy allocation request" timestamp="2019-08-08T10:57:03.054" />
<gc-end id="7546" type="global" contextid="7538" durationms="51.733" usertimems="101.497" systemtimems="33.343" timestamp="2019-08-08T10:57:03.054" activeThreads="16">
  <mem-info id="7547" free="52172392" total="70123520" percent="74">
    <mem type="tenure" free="52172392" total="70123520" percent="74">
      <mem type="soa" free="51471976" total="69423104" percent="74" />
      <mem type="loa" free="700416" total="700416" percent="100" />
    </mem>
  </mem-info>
</gc-end>
<cycle-end id="7548" type="global" contextid="7538" timestamp="2019-08-08T10:57:03.054" />
  <attribute name="elasticGC enabled" value="1" />
  <attribute name= "numThreadsSpecified" value="16" />
  <attribute name="heapSize specified" value="69992448" />
  <attribute name="Current GC Util" value="53" />
  <attribute name= "Current Time Running" value="171447" />
  <attribute name ="GC Interval" value="0" />
  <attribute name="Target GC Util Change" value ="80.000000" />
  <attribute name="Current GC Util Change" value="53.000000"/>
  <attribute name="Current Error" value="27.000000" />
  <attribute name="Output H" value="70068160"/>
  <attribute name="Output I" value="2056"/>
  <attribute name="Output T" value="16"/>
  <attribute name= "Current Time Running" value="171447" />
  <attribute name="GC Util currently" value="53" />
  <attribute name="CPU Util currently" value="41578954280" />
<allocation-satisfied id="7549" threadId="0000000002035F00" bytesRequested="1168" />
<af-end id="7550" timestamp="2019-08-08T10:57:03.054" threadId="0000000002036888" success="true" />
<exclusive-end id="7551" timestamp="2019-08-08T10:57:03.054" durationms="51.983" />

<exclusive-start id="7552" timestamp="2019-08-08T10:57:03.063" intervalms="60.826">
  <response-info timems="0.024" idlems="0.024" threads="0" lastid="0000000002035F00" lastname="main" />
</exclusive-start>
<af-start id="7553" threadId="0000000002036888" totalBytesRequested="1168" timestamp="2019-08-08T10:57:03.063" intervalms="60.811" />
<cycle-start id="7554" type="global" contextid="0" timestamp="2019-08-08T10:57:03.063" intervalms="60.836" />
<gc-start id="7555" type="global" contextid="7554" timestamp="2019-08-08T10:57:03.063">
  <mem-info id="7556" free="700416" total="70123520" percent="0">
    <mem type="tenure" free="700416" total="70123520" percent="0">
      <mem type="soa" free="0" total="69423104" percent="0" />
      <mem type="loa" free="700416" total="700416" percent="100" />
    </mem>
  </mem-info>
</gc-start>
<allocation-stats totalBytes="51214440" >
  <allocated-bytes non-tlh="0" tlh="51214440" />
  <largest-consumer threadName="main" threadId="0000000002035F00" bytes="51214440" />
</allocation-stats>
<gc-op id="7557" type="mark" timems="26.256" contextid="7554" timestamp="2019-08-08T10:57:03.089">
  <trace-info objectcount="596732" scancount="517723" scanbytes="13288548" />
  <finalization candidates="80" enqueued="0" />
  <ownableSynchronizers candidates="21" cleared="0" />
  <references type="soft" candidates="1849" cleared="0" enqueued="0" dynamicThreshold="23" maxThreshold="32" />
  <references type="weak" candidates="5718" cleared="0" enqueued="0" />
  <references type="phantom" candidates="97" cleared="0" enqueued="0" />
  <stringconstants candidates="13275" cleared="0"  />
</gc-op>
<gc-op id="7558" type="sweep" timems="5.796" contextid="7554" timestamp="2019-08-08T10:57:03.095" />
<mem-info id="7559" free="52237224" total="70123520" percent="74">
  <mem type="tenure" free="52237224" total="70123520" percent="74" micro-fragmented="0" macro-fragmented="0">
    <mem type="soa" free="51536808" total="69423104" percent="74" />
    <mem type="loa" free="700416" total="700416" percent="100" />
  </mem>
</mem-info>
<gc-op id="7560" type="compact" timems="29.522" contextid="7554" timestamp="2019-08-08T10:57:03.125">
  <compact-info movecount="2" movebytes="64" reason="compact to aid heap contraction" />
</gc-op>
<heap-resize id="7561" type="expand" space="tenure" amount="131072" count="1" timems="0.021" reason="satisfy allocation request" timestamp="2019-08-08T10:57:03.126" />
<gc-end id="7562" type="global" contextid="7554" durationms="62.571" usertimems="88.748" systemtimems="33.075" timestamp="2019-08-08T10:57:03.126" activeThreads="16">
  <mem-info id="7563" free="52303464" total="70254592" percent="74">
    <mem type="tenure" free="52303464" total="70254592" percent="74">
      <mem type="soa" free="51601000" total="69552128" percent="74" />
      <mem type="loa" free="702464" total="702464" percent="100" />
    </mem>
  </mem-info>
</gc-end>
<cycle-end id="7564" type="global" contextid="7554" timestamp="2019-08-08T10:57:03.126" />
  <attribute name="elasticGC enabled" value="1" />
  <attribute name= "numThreadsSpecified" value="16" />
  <attribute name="heapSize specified" value="70123520" />
  <attribute name="Current GC Util" value="52" />
  <attribute name= "Current Time Running" value="171518" />
  <attribute name ="GC Interval" value="0" />
  <attribute name="Target GC Util Change" value ="80.000000" />
  <attribute name="Current GC Util Change" value="52.000000"/>
  <attribute name="Current Error" value="-415.000000" />
  <attribute name="Output H" value="70198728"/>
  <attribute name="Output I" value="1272"/>
  <attribute name="Output T" value="16"/>
  <attribute name= "Current Time Running" value="171518" />
  <attribute name="GC Util currently" value="52" />
  <attribute name="CPU Util currently" value="38987343307" />
<allocation-satisfied id="7565" threadId="0000000002035F00" bytesRequested="1168" />
<af-end id="7566" timestamp="2019-08-08T10:57:03.126" threadId="0000000002036888" success="true" />
<exclusive-end id="7567" timestamp="2019-08-08T10:57:03.126" durationms="62.896" />

<exclusive-start id="7568" timestamp="2019-08-08T10:57:03.151" intervalms="88.138">
  <response-info timems="0.020" idlems="0.020" threads="0" lastid="0000000002035F00" lastname="main" />
</exclusive-start>
<af-start id="7569" threadId="0000000002036888" totalBytesRequested="24" timestamp="2019-08-08T10:57:03.151" intervalms="88.140" />
<cycle-start id="7570" type="global" contextid="0" timestamp="2019-08-08T10:57:03.151" intervalms="88.114" />
<gc-start id="7571" type="global" contextid="7570" timestamp="2019-08-08T10:57:03.151">
  <mem-info id="7572" free="702464" total="70254592" percent="0">
    <mem type="tenure" free="702464" total="70254592" percent="0">
      <mem type="soa" free="0" total="69552128" percent="0" />
      <mem type="loa" free="702464" total="702464" percent="100" />
    </mem>
  </mem-info>
</gc-start>
<allocation-stats totalBytes="51653896" >
  <allocated-bytes non-tlh="0" tlh="51653896" />
  <largest-consumer threadName="main" threadId="0000000002035F00" bytes="51653896" />
</allocation-stats>
<gc-op id="7573" type="mark" timems="13.850" contextid="7570" timestamp="2019-08-08T10:57:03.165">
  <trace-info objectcount="596865" scancount="517856" scanbytes="13293084" />
  <finalization candidates="80" enqueued="0" />
  <ownableSynchronizers candidates="21" cleared="0" />
  <references type="soft" candidates="1849" cleared="0" enqueued="0" dynamicThreshold="23" maxThreshold="32" />
  <references type="weak" candidates="5718" cleared="0" enqueued="0" />
  <references type="phantom" candidates="97" cleared="0" enqueued="0" />
  <stringconstants candidates="13275" cleared="0"  />
</gc-op>
<gc-op id="7574" type="sweep" timems="1.540" contextid="7570" timestamp="2019-08-08T10:57:03.167" />
<mem-info id="7575" free="52362136" total="70254592" percent="74">
  <mem type="tenure" free="52362136" total="70254592" percent="74" micro-fragmented="0" macro-fragmented="0">
    <mem type="soa" free="51659672" total="69552128" percent="74" />
    <mem type="loa" free="702464" total="702464" percent="100" />
  </mem>
</mem-info>
<gc-op id="7576" type="compact" timems="33.473" contextid="7570" timestamp="2019-08-08T10:57:03.200">
  <compact-info movecount="912" movebytes="27392" reason="compact to aid heap contraction" />
</gc-op>
<heap-resize id="7577" type="expand" space="tenure" amount="131072" count="1" timems="0.024" reason="satisfy allocation request" timestamp="2019-08-08T10:57:03.201" />
<gc-end id="7578" type="global" contextid="7570" durationms="49.823" usertimems="113.970" systemtimems="11.378" timestamp="2019-08-08T10:57:03.201" activeThreads="16">
  <mem-info id="7579" free="52431176" total="70385664" percent="74">
    <mem type="tenure" free="52431176" total="70385664" percent="74">
      <mem type="soa" free="51727688" total="69682176" percent="74" />
      <mem type="loa" free="703488" total="703488" percent="100" />
    </mem>
  </mem-info>
</gc-end>
<cycle-end id="7580" type="global" contextid="7570" timestamp="2019-08-08T10:57:03.201" />
  <attribute name="elasticGC enabled" value="1" />
  <attribute name= "numThreadsSpecified" value="16" />
  <attribute name="heapSize specified" value="70254592" />
  <attribute name="Current GC Util" value="63" />
  <attribute name= "Current Time Running" value="171594" />
  <attribute name ="GC Interval" value="0" />
  <attribute name="Target GC Util Change" value ="80.000000" />
  <attribute name="Current GC Util Change" value="63.000000"/>
  <attribute name="Current Error" value="-452.000000" />
  <attribute name="Output H" value="70329752"/>
  <attribute name="Output I" value="1208"/>
  <attribute name="Output T" value="16"/>
  <attribute name= "Current Time Running" value="171594" />
  <attribute name="GC Util currently" value="63" />
  <attribute name="CPU Util currently" value="34411150524" />
<allocation-satisfied id="7581" threadId="0000000002035F00" bytesRequested="24" />
<af-end id="7582" timestamp="2019-08-08T10:57:03.201" threadId="0000000002036888" success="true" />
<exclusive-end id="7583" timestamp="2019-08-08T10:57:03.201" durationms="50.148" />

<exclusive-start id="7584" timestamp="2019-08-08T10:57:03.260" intervalms="109.149">
  <response-info timems="0.017" idlems="0.017" threads="0" lastid="0000000002035F00" lastname="main" />
</exclusive-start>
<af-start id="7585" threadId="0000000002036888" totalBytesRequested="40" timestamp="2019-08-08T10:57:03.260" intervalms="109.281" />
<cycle-start id="7586" type="global" contextid="0" timestamp="2019-08-08T10:57:03.260" intervalms="109.284" />
<gc-start id="7587" type="global" contextid="7586" timestamp="2019-08-08T10:57:03.261">
  <mem-info id="7588" free="703488" total="70385664" percent="0">
    <mem type="tenure" free="703488" total="70385664" percent="0">
      <mem type="soa" free="0" total="69682176" percent="0" />
      <mem type="loa" free="703488" total="703488" percent="100" />
    </mem>
  </mem-info>
</gc-start>
<allocation-stats totalBytes="51786464" >
  <allocated-bytes non-tlh="0" tlh="51786464" />
  <largest-consumer threadName="main" threadId="0000000002035F00" bytes="51786464" />
</allocation-stats>
<gc-op id="7589" type="mark" timems="13.613" contextid="7586" timestamp="2019-08-08T10:57:03.274">
  <trace-info objectcount="596928" scancount="517915" scanbytes="13295100" />
  <finalization candidates="80" enqueued="0" />
  <ownableSynchronizers candidates="21" cleared="0" />
  <references type="soft" candidates="1849" cleared="0" enqueued="0" dynamicThreshold="23" maxThreshold="32" />
  <references type="weak" candidates="5743" cleared="0" enqueued="0" />
  <references type="phantom" candidates="97" cleared="0" enqueued="0" />
  <stringconstants candidates="13275" cleared="0"  />
</gc-op>
<gc-op id="7590" type="sweep" timems="1.707" contextid="7586" timestamp="2019-08-08T10:57:03.276" />
<mem-info id="7591" free="52482552" total="70385664" percent="74">
  <mem type="tenure" free="52482552" total="70385664" percent="74" micro-fragmented="0" macro-fragmented="0">
    <mem type="soa" free="51779064" total="69682176" percent="74" />
    <mem type="loa" free="703488" total="703488" percent="100" />
  </mem>
</mem-info>
<gc-op id="7592" type="compact" timems="133.275" contextid="7586" timestamp="2019-08-08T10:57:03.409">
  <compact-info movecount="547927" movebytes="15133856" reason="compact to aid heap contraction" />
</gc-op>
<heap-resize id="7593" type="expand" space="tenure" amount="131072" count="1" timems="0.017" reason="satisfy allocation request" timestamp="2019-08-08T10:57:03.410" />
<gc-end id="7594" type="global" contextid="7586" durationms="149.361" usertimems="196.589" systemtimems="0.000" timestamp="2019-08-08T10:57:03.410" activeThreads="16">
  <mem-info id="7595" free="52560200" total="70516736" percent="74">
    <mem type="tenure" free="52560200" total="70516736" percent="74">
      <mem type="soa" free="51855688" total="69812224" percent="74" />
      <mem type="loa" free="704512" total="704512" percent="100" />
    </mem>
  </mem-info>
</gc-end>
<cycle-end id="7596" type="global" contextid="7586" timestamp="2019-08-08T10:57:03.410" />
  <attribute name="elasticGC enabled" value="1" />
  <attribute name= "numThreadsSpecified" value="16" />
  <attribute name="heapSize specified" value="70385664" />
  <attribute name="Current GC Util" value="9" />
  <attribute name= "Current Time Running" value="171803" />
  <attribute name ="GC Interval" value="0" />
  <attribute name="Target GC Util Change" value ="80.000000" />
  <attribute name="Current GC Util Change" value="9.000000"/>
  <attribute name="Current Error" value="71.000000" />
  <attribute name="Output H" value="70461432"/>
  <attribute name="Output I" value="2136"/>
  <attribute name="Output T" value="16"/>
  <attribute name= "Current Time Running" value="171803" />
  <attribute name="GC Util currently" value="9" />
  <attribute name="CPU Util currently" value="8646752807" />
<allocation-satisfied id="7597" threadId="0000000002035F00" bytesRequested="40" />
<af-end id="7598" timestamp="2019-08-08T10:57:03.410" threadId="0000000002036888" success="true" />
<exclusive-end id="7599" timestamp="2019-08-08T10:57:03.410" durationms="149.707" />

<exclusive-start id="7600" timestamp="2019-08-08T10:57:03.438" intervalms="177.589">
  <response-info timems="0.019" idlems="0.019" threads="0" lastid="0000000002035F00" lastname="main" />
</exclusive-start>
<af-start id="7601" threadId="0000000002036888" totalBytesRequested="216" timestamp="2019-08-08T10:57:03.438" intervalms="177.458" />
<cycle-start id="7602" type="global" contextid="0" timestamp="2019-08-08T10:57:03.438" intervalms="177.449" />
<gc-start id="7603" type="global" contextid="7602" timestamp="2019-08-08T10:57:03.438">
  <mem-info id="7604" free="704512" total="70516736" percent="0">
    <mem type="tenure" free="704512" total="70516736" percent="0">
      <mem type="soa" free="0" total="69812224" percent="0" />
      <mem type="loa" free="704512" total="704512" percent="100" />
    </mem>
  </mem-info>
</gc-start>
<allocation-stats totalBytes="51901744" >
  <allocated-bytes non-tlh="0" tlh="51901744" />
  <largest-consumer threadName="main" threadId="0000000002035F00" bytes="51901744" />
</allocation-stats>
<gc-op id="7605" type="mark" timems="26.298" contextid="7602" timestamp="2019-08-08T10:57:03.464">
  <trace-info objectcount="596404" scancount="517394" scanbytes="13277904" />
  <finalization candidates="80" enqueued="0" />
  <ownableSynchronizers candidates="21" cleared="0" />
  <references type="soft" candidates="1849" cleared="6" enqueued="6" dynamicThreshold="23" maxThreshold="32" />
  <references type="weak" candidates="5743" cleared="7" enqueued="3" />
  <references type="phantom" candidates="97" cleared="0" enqueued="0" />
  <stringconstants candidates="13275" cleared="0"  />
</gc-op>
<gc-op id="7606" type="sweep" timems="6.789" contextid="7602" timestamp="2019-08-08T10:57:03.472" />
<mem-info id="7607" free="52640464" total="70516736" percent="74">
  <mem type="tenure" free="52640464" total="70516736" percent="74" micro-fragmented="3890" macro-fragmented="0">
    <mem type="soa" free="51935952" total="69812224" percent="74" />
    <mem type="loa" free="704512" total="704512" percent="100" />
  </mem>
  <pending-finalizers system="0" default="0" reference="9" classloader="0" />
</mem-info>
<gc-op id="7608" type="compact" timems="25.195" contextid="7602" timestamp="2019-08-08T10:57:03.497">
  <compact-info movecount="424" movebytes="11424" reason="compact to aid heap contraction" />
</gc-op>
<heap-resize id="7609" type="expand" space="tenure" amount="131072" count="1" timems="0.020" reason="satisfy allocation request" timestamp="2019-08-08T10:57:03.497" />
<gc-end id="7610" type="global" contextid="7602" durationms="59.573" usertimems="173.172" systemtimems="54.126" timestamp="2019-08-08T10:57:03.498" activeThreads="16">
  <mem-info id="7611" free="52708488" total="70647808" percent="74">
    <mem type="tenure" free="52708488" total="70647808" percent="74">
      <mem type="soa" free="52002952" total="69942272" percent="74" />
      <mem type="loa" free="705536" total="705536" percent="100" />
    </mem>
    <pending-finalizers system="0" default="0" reference="9" classloader="0" />
  </mem-info>
</gc-end>
<cycle-end id="7612" type="global" contextid="7602" timestamp="2019-08-08T10:57:03.498" />
  <attribute name="elasticGC enabled" value="1" />
  <attribute name= "numThreadsSpecified" value="16" />
  <attribute name="heapSize specified" value="70516736" />
  <attribute name="Current GC Util" value="42" />
  <attribute name= "Current Time Running" value="171890" />
  <attribute name ="GC Interval" value="0" />
  <attribute name="Target GC Util Change" value ="80.000000" />
  <attribute name="Current GC Util Change" value="42.000000"/>
  <attribute name="Current Error" value="-897.000000" />
  <attribute name="Output H" value="70591384"/>
  <attribute name="Output I" value="408"/>
  <attribute name="Output T" value="16"/>
  <attribute name= "Current Time Running" value="171890" />
  <attribute name="GC Util currently" value="42" />
  <attribute name="CPU Util currently" value="45678786519" />
<allocation-satisfied id="7613" threadId="0000000002035F00" bytesRequested="216" />
<af-end id="7614" timestamp="2019-08-08T10:57:03.498" threadId="0000000002036888" success="true" />
<exclusive-end id="7615" timestamp="2019-08-08T10:57:03.498" durationms="60.047" />

<exclusive-start id="7616" timestamp="2019-08-08T10:57:03.508" intervalms="70.447">
  <response-info timems="0.018" idlems="0.018" threads="0" lastid="0000000002035F00" lastname="main" />
</exclusive-start>
<af-start id="7617" threadId="0000000002036888" totalBytesRequested="160" timestamp="2019-08-08T10:57:03.508" intervalms="70.565" />
<cycle-start id="7618" type="global" contextid="0" timestamp="2019-08-08T10:57:03.509" intervalms="70.609" />
<gc-start id="7619" type="global" contextid="7618" timestamp="2019-08-08T10:57:03.509">
  <mem-info id="7620" free="705536" total="70647808" percent="0">
    <mem type="tenure" free="705536" total="70647808" percent="0">
      <mem type="soa" free="0" total="69942272" percent="0" />
      <mem type="loa" free="705536" total="705536" percent="100" />
    </mem>
  </mem-info>
</gc-start>
<allocation-stats totalBytes="52041992" >
  <allocated-bytes non-tlh="0" tlh="52041992" />
  <largest-consumer threadName="main" threadId="0000000002035F00" bytes="52041992" />
</allocation-stats>
<gc-op id="7621" type="mark" timems="24.460" contextid="7618" timestamp="2019-08-08T10:57:03.533">
  <trace-info objectcount="596390" scancount="517386" scanbytes="13277376" />
  <finalization candidates="80" enqueued="0" />
  <ownableSynchronizers candidates="21" cleared="0" />
  <references type="soft" candidates="1843" cleared="0" enqueued="0" dynamicThreshold="23" maxThreshold="32" />
  <references type="weak" candidates="5736" cleared="0" enqueued="0" />
  <references type="phantom" candidates="97" cleared="0" enqueued="0" />
  <stringconstants candidates="13275" cleared="0"  />
</gc-op>
<gc-op id="7622" type="sweep" timems="1.587" contextid="7618" timestamp="2019-08-08T10:57:03.535" />
<mem-info id="7623" free="52773952" total="70647808" percent="74">
  <mem type="tenure" free="52773952" total="70647808" percent="74" micro-fragmented="0" macro-fragmented="0">
    <mem type="soa" free="52068416" total="69942272" percent="74" />
    <mem type="loa" free="705536" total="705536" percent="100" />
  </mem>
</mem-info>
<gc-op id="7624" type="compact" timems="32.494" contextid="7618" timestamp="2019-08-08T10:57:03.568">
  <compact-info movecount="151" movebytes="4400" reason="compact to aid heap contraction" />
</gc-op>
<heap-resize id="7625" type="expand" space="tenure" amount="131072" count="1" timems="0.019" reason="satisfy allocation request" timestamp="2019-08-08T10:57:03.569" />
<gc-end id="7626" type="global" contextid="7618" durationms="59.995" usertimems="160.238" systemtimems="39.571" timestamp="2019-08-08T10:57:03.569" activeThreads="16">
  <mem-info id="7627" free="52840152" total="70778880" percent="74">
    <mem type="tenure" free="52840152" total="70778880" percent="74">
      <mem type="soa" free="52132568" total="70071296" percent="74" />
      <mem type="loa" free="707584" total="707584" percent="100" />
    </mem>
  </mem-info>
</gc-end>
<cycle-end id="7628" type="global" contextid="7618" timestamp="2019-08-08T10:57:03.569" />
  <attribute name="elasticGC enabled" value="1" />
  <attribute name= "numThreadsSpecified" value="16" />
  <attribute name="heapSize specified" value="70647808" />
  <attribute name="Current GC Util" value="45" />
  <attribute name= "Current Time Running" value="171961" />
  <attribute name ="GC Interval" value="0" />
  <attribute name="Target GC Util Change" value ="80.000000" />
  <attribute name="Current GC Util Change" value="45.000000"/>
  <attribute name="Current Error" value="-587.000000" />
  <attribute name="Output H" value="70722816"/>
  <attribute name="Output I" value="960"/>
  <attribute name="Output T" value="16"/>
  <attribute name= "Current Time Running" value="171961" />
  <attribute name="GC Util currently" value="45" />
  <attribute name="CPU Util currently" value="35416071650" />
<allocation-satisfied id="7629" threadId="0000000002035F00" bytesRequested="160" />
<af-end id="7630" timestamp="2019-08-08T10:57:03.569" threadId="0000000002036888" success="true" />
<exclusive-end id="7631" timestamp="2019-08-08T10:57:03.569" durationms="60.489" />

<exclusive-start id="7632" timestamp="2019-08-08T10:57:03.579" intervalms="70.914">
  <response-info timems="0.015" idlems="0.015" threads="0" lastid="0000000002035F00" lastname="main" />
</exclusive-start>
<af-start id="7633" threadId="0000000002036888" totalBytesRequested="240" timestamp="2019-08-08T10:57:03.579" intervalms="70.862" />
<cycle-start id="7634" type="global" contextid="0" timestamp="2019-08-08T10:57:03.579" intervalms="70.867" />
<gc-start id="7635" type="global" contextid="7634" timestamp="2019-08-08T10:57:03.579">
  <mem-info id="7636" free="707584" total="70778880" percent="0">
    <mem type="tenure" free="707584" total="70778880" percent="0">
      <mem type="soa" free="0" total="70071296" percent="0" />
      <mem type="loa" free="707584" total="707584" percent="100" />
    </mem>
  </mem-info>
</gc-start>
<allocation-stats totalBytes="52171592" >
  <allocated-bytes non-tlh="0" tlh="52171592" />
  <largest-consumer threadName="main" threadId="0000000002035F00" bytes="52171592" />
</allocation-stats>
<gc-op id="7637" type="mark" timems="25.341" contextid="7634" timestamp="2019-08-08T10:57:03.605">
  <trace-info objectcount="596390" scancount="517384" scanbytes="13277376" />
  <finalization candidates="80" enqueued="0" />
  <ownableSynchronizers candidates="21" cleared="0" />
  <references type="soft" candidates="1843" cleared="0" enqueued="0" dynamicThreshold="23" maxThreshold="32" />
  <references type="weak" candidates="5736" cleared="0" enqueued="0" />
  <references type="phantom" candidates="97" cleared="0" enqueued="0" />
  <stringconstants candidates="13275" cleared="0"  />
</gc-op>
<gc-op id="7638" type="sweep" timems="4.186" contextid="7634" timestamp="2019-08-08T10:57:03.609" />
<mem-info id="7639" free="52905600" total="70778880" percent="74">
  <mem type="tenure" free="52905600" total="70778880" percent="74" micro-fragmented="0" macro-fragmented="0">
    <mem type="soa" free="52198016" total="70071296" percent="74" />
    <mem type="loa" free="707584" total="707584" percent="100" />
  </mem>
</mem-info>
<gc-op id="7640" type="compact" timems="30.040" contextid="7634" timestamp="2019-08-08T10:57:03.639">
  <compact-info movecount="6" movebytes="352" reason="compact to aid heap contraction" />
</gc-op>
<heap-resize id="7641" type="expand" space="tenure" amount="131072" count="1" timems="0.018" reason="satisfy allocation request" timestamp="2019-08-08T10:57:03.640" />
<gc-end id="7642" type="global" contextid="7634" durationms="60.344" usertimems="109.613" systemtimems="56.142" timestamp="2019-08-08T10:57:03.640" activeThreads="8">
  <mem-info id="7643" free="52971144" total="70909952" percent="74">
    <mem type="tenure" free="52971144" total="70909952" percent="74">
      <mem type="soa" free="52262536" total="70201344" percent="74" />
      <mem type="loa" free="708608" total="708608" percent="100" />
    </mem>
  </mem-info>
</gc-end>
<cycle-end id="7644" type="global" contextid="7634" timestamp="2019-08-08T10:57:03.640" />
  <attribute name="elasticGC enabled" value="1" />
  <attribute name= "numThreadsSpecified" value="8" />
  <attribute name="heapSize specified" value="70778880" />
  <attribute name="Current GC Util" value="96" />
  <attribute name= "Current Time Running" value="172033" />
  <attribute name ="GC Interval" value="0" />
  <attribute name="Target GC Util Change" value ="80.000000" />
  <attribute name="Current GC Util Change" value="96.000000"/>
  <attribute name="Current Error" value="-16.000000" />
  <attribute name="Output H" value="70854544"/>
  <attribute name="Output I" value="1984"/>
  <attribute name="Output T" value="8"/>
  <attribute name= "Current Time Running" value="172033" />
  <attribute name="GC Util currently" value="96" />
  <attribute name="CPU Util currently" value="38328880737" />
<allocation-satisfied id="7645" threadId="0000000002035F00" bytesRequested="240" />
<af-end id="7646" timestamp="2019-08-08T10:57:03.640" threadId="0000000002036888" success="true" />
<exclusive-end id="7647" timestamp="2019-08-08T10:57:03.640" durationms="60.705" />

<exclusive-start id="7648" timestamp="2019-08-08T10:57:03.650" intervalms="71.065">
  <response-info timems="0.028" idlems="0.028" threads="0" lastid="0000000002035F00" lastname="main" />
</exclusive-start>
<af-start id="7649" threadId="0000000002036888" totalBytesRequested="192" timestamp="2019-08-08T10:57:03.650" intervalms="71.013" />
<cycle-start id="7650" type="global" contextid="0" timestamp="2019-08-08T10:57:03.650" intervalms="70.971" />
<gc-start id="7651" type="global" contextid="7650" timestamp="2019-08-08T10:57:03.650">
  <mem-info id="7652" free="708608" total="70909952" percent="0">
    <mem type="tenure" free="708608" total="70909952" percent="0">
      <mem type="soa" free="0" total="70201344" percent="0" />
      <mem type="loa" free="708608" total="708608" percent="100" />
    </mem>
  </mem-info>
</gc-start>
<allocation-stats totalBytes="52301264" >
  <allocated-bytes non-tlh="0" tlh="52301264" />
  <largest-consumer threadName="main" threadId="0000000002035F00" bytes="52301264" />
</allocation-stats>
<gc-op id="7653" type="mark" timems="16.874" contextid="7650" timestamp="2019-08-08T10:57:03.667">
  <trace-info objectcount="596390" scancount="517381" scanbytes="13277376" />
  <finalization candidates="80" enqueued="0" />
  <ownableSynchronizers candidates="21" cleared="0" />
  <references type="soft" candidates="1843" cleared="0" enqueued="0" dynamicThreshold="23" maxThreshold="32" />
  <references type="weak" candidates="5736" cleared="0" enqueued="0" />
  <references type="phantom" candidates="97" cleared="0" enqueued="0" />
  <stringconstants candidates="13275" cleared="0"  />
</gc-op>
<gc-op id="7654" type="sweep" timems="6.841" contextid="7650" timestamp="2019-08-08T10:57:03.674" />
<mem-info id="7655" free="53036584" total="70909952" percent="74">
  <mem type="tenure" free="53036584" total="70909952" percent="74" micro-fragmented="0" macro-fragmented="0">
    <mem type="soa" free="52327976" total="70201344" percent="74" />
    <mem type="loa" free="708608" total="708608" percent="100" />
  </mem>
</mem-info>
<gc-op id="7656" type="compact" timems="26.644" contextid="7650" timestamp="2019-08-08T10:57:03.701">
  <compact-info movecount="6" movebytes="312" reason="compact to aid heap contraction" />
</gc-op>
<heap-resize id="7657" type="expand" space="tenure" amount="131072" count="1" timems="0.015" reason="satisfy allocation request" timestamp="2019-08-08T10:57:03.702" />
<gc-end id="7658" type="global" contextid="7650" durationms="51.316" usertimems="69.961" systemtimems="30.007" timestamp="2019-08-08T10:57:03.702" activeThreads="16">
  <mem-info id="7659" free="53102256" total="71041024" percent="74">
    <mem type="tenure" free="53102256" total="71041024" percent="74">
      <mem type="soa" free="52392624" total="70331392" percent="74" />
      <mem type="loa" free="709632" total="709632" percent="100" />
    </mem>
  </mem-info>
</gc-end>
<cycle-end id="7660" type="global" contextid="7650" timestamp="2019-08-08T10:57:03.702" />
  <attribute name="elasticGC enabled" value="1" />
  <attribute name= "numThreadsSpecified" value="16" />
  <attribute name="heapSize specified" value="70909952" />
  <attribute name="Current GC Util" value="46" />
  <attribute name= "Current Time Running" value="172095" />
  <attribute name ="GC Interval" value="0" />
  <attribute name="Target GC Util Change" value ="80.000000" />
  <attribute name="Current GC Util Change" value="46.000000"/>
  <attribute name="Current Error" value="-428.000000" />
  <attribute name="Output H" value="70985144"/>
  <attribute name="Output I" value="1248"/>
  <attribute name="Output T" value="16"/>
  <attribute name= "Current Time Running" value="172095" />
  <attribute name="GC Util currently" value="46" />
  <attribute name="CPU Util currently" value="43101071025" />
<allocation-satisfied id="7661" threadId="0000000002035F00" bytesRequested="192" />
<af-end id="7662" timestamp="2019-08-08T10:57:03.702" threadId="0000000002036888" success="true" />
<exclusive-end id="7663" timestamp="2019-08-08T10:57:03.702" durationms="51.626" />

<exclusive-start id="7664" timestamp="2019-08-08T10:57:03.715" intervalms="64.308">
  <response-info timems="0.022" idlems="0.022" threads="0" lastid="0000000002035F00" lastname="main" />
</exclusive-start>
<af-start id="7665" threadId="0000000002036888" totalBytesRequested="16" timestamp="2019-08-08T10:57:03.715" intervalms="64.301" />
<cycle-start id="7666" type="global" contextid="0" timestamp="2019-08-08T10:57:03.715" intervalms="64.301" />
<gc-start id="7667" type="global" contextid="7666" timestamp="2019-08-08T10:57:03.715">
  <mem-info id="7668" free="709632" total="71041024" percent="0">
    <mem type="tenure" free="709632" total="71041024" percent="0">
      <mem type="soa" free="0" total="70331392" percent="0" />
      <mem type="loa" free="709632" total="709632" percent="100" />
    </mem>
  </mem-info>
</gc-start>
<allocation-stats totalBytes="52429784" >
  <allocated-bytes non-tlh="0" tlh="52429784" />
  <largest-consumer threadName="main" threadId="0000000002035F00" bytes="52429784" />
</allocation-stats>
<gc-op id="7669" type="mark" timems="17.467" contextid="7666" timestamp="2019-08-08T10:57:03.732">
  <trace-info objectcount="596391" scancount="517378" scanbytes="13277396" />
  <finalization candidates="80" enqueued="0" />
  <ownableSynchronizers candidates="21" cleared="0" />
  <references type="soft" candidates="1843" cleared="0" enqueued="0" dynamicThreshold="23" maxThreshold="32" />
  <references type="weak" candidates="5736" cleared="0" enqueued="0" />
  <references type="phantom" candidates="97" cleared="0" enqueued="0" />
  <stringconstants candidates="13275" cleared="0"  />
</gc-op>
<gc-op id="7670" type="sweep" timems="4.269" contextid="7666" timestamp="2019-08-08T10:57:03.737" />
<mem-info id="7671" free="53167120" total="71041024" percent="74">
  <mem type="tenure" free="53167120" total="71041024" percent="74" micro-fragmented="3882" macro-fragmented="0">
    <mem type="soa" free="52457488" total="70331392" percent="74" />
    <mem type="loa" free="709632" total="709632" percent="100" />
  </mem>
</mem-info>
<gc-op id="7672" type="compact" timems="26.565" contextid="7666" timestamp="2019-08-08T10:57:03.763">
  <compact-info movecount="410" movebytes="10912" reason="compact to aid heap contraction" />
</gc-op>
<heap-resize id="7673" type="expand" space="tenure" amount="131072" count="1" timems="0.015" reason="satisfy allocation request" timestamp="2019-08-08T10:57:03.764" />
<gc-end id="7674" type="global" contextid="7666" durationms="49.236" usertimems="76.281" systemtimems="32.808" timestamp="2019-08-08T10:57:03.764" activeThreads="16">
  <mem-info id="7675" free="53233264" total="71172096" percent="74">
    <mem type="tenure" free="53233264" total="71172096" percent="74">
      <mem type="soa" free="52521584" total="70460416" percent="74" />
      <mem type="loa" free="711680" total="711680" percent="100" />
    </mem>
  </mem-info>
</gc-end>
<cycle-end id="7676" type="global" contextid="7666" timestamp="2019-08-08T10:57:03.764" />
  <attribute name="elasticGC enabled" value="1" />
  <attribute name= "numThreadsSpecified" value="16" />
  <attribute name="heapSize specified" value="71041024" />
  <attribute name="Current GC Util" value="51" />
  <attribute name= "Current Time Running" value="172157" />
  <attribute name ="GC Interval" value="0" />
  <attribute name="Target GC Util Change" value ="80.000000" />
  <attribute name="Current GC Util Change" value="51.000000"/>
  <attribute name="Current Error" value="-280.000000" />
  <attribute name="Output H" value="71116384"/>
  <attribute name="Output I" value="1512"/>
  <attribute name="Output T" value="16"/>
  <attribute name= "Current Time Running" value="172157" />
  <attribute name="GC Util currently" value="51" />
  <attribute name="CPU Util currently" value="43324199343" />
<allocation-satisfied id="7677" threadId="0000000002035F00" bytesRequested="16" />
<af-end id="7678" timestamp="2019-08-08T10:57:03.764" threadId="0000000002036888" success="true" />
<exclusive-end id="7679" timestamp="2019-08-08T10:57:03.764" durationms="49.467" />

<exclusive-start id="7680" timestamp="2019-08-08T10:57:03.777" intervalms="62.883">
  <response-info timems="0.021" idlems="0.021" threads="0" lastid="0000000002035F00" lastname="main" />
</exclusive-start>
<af-start id="7681" threadId="0000000002036888" totalBytesRequested="232" timestamp="2019-08-08T10:57:03.778" intervalms="62.938" />
<cycle-start id="7682" type="global" contextid="0" timestamp="2019-08-08T10:57:03.778" intervalms="62.930" />
<gc-start id="7683" type="global" contextid="7682" timestamp="2019-08-08T10:57:03.778">
  <mem-info id="7684" free="711680" total="71172096" percent="0">
    <mem type="tenure" free="711680" total="71172096" percent="0">
      <mem type="soa" free="0" total="70460416" percent="0" />
      <mem type="loa" free="711680" total="711680" percent="100" />
    </mem>
  </mem-info>
</gc-start>
<allocation-stats totalBytes="52538432" >
  <allocated-bytes non-tlh="0" tlh="52538432" />
  <largest-consumer threadName="main" threadId="0000000002035F00" bytes="52538432" />
</allocation-stats>
<gc-op id="7685" type="mark" timems="14.540" contextid="7682" timestamp="2019-08-08T10:57:03.792">
  <trace-info objectcount="596391" scancount="517381" scanbytes="13277420" />
  <finalization candidates="80" enqueued="0" />
  <ownableSynchronizers candidates="21" cleared="0" />
  <references type="soft" candidates="1843" cleared="0" enqueued="0" dynamicThreshold="23" maxThreshold="32" />
  <references type="weak" candidates="5736" cleared="0" enqueued="0" />
  <references type="phantom" candidates="97" cleared="0" enqueued="0" />
  <stringconstants candidates="13275" cleared="0"  />
</gc-op>
<gc-op id="7686" type="sweep" timems="3.350" contextid="7682" timestamp="2019-08-08T10:57:03.796" />
<mem-info id="7687" free="53298664" total="71172096" percent="74">
  <mem type="tenure" free="53298664" total="71172096" percent="74" micro-fragmented="0" macro-fragmented="0">
    <mem type="soa" free="52586984" total="70460416" percent="74" />
    <mem type="loa" free="711680" total="711680" percent="100" />
  </mem>
</mem-info>
<gc-op id="7688" type="compact" timems="26.866" contextid="7682" timestamp="2019-08-08T10:57:03.823">
  <compact-info movecount="6" movebytes="360" reason="compact to aid heap contraction" />
</gc-op>
<heap-resize id="7689" type="expand" space="tenure" amount="131072" count="1" timems="0.022" reason="satisfy allocation request" timestamp="2019-08-08T10:57:03.824" />
<gc-end id="7690" type="global" contextid="7682" durationms="45.964" usertimems="79.620" systemtimems="23.785" timestamp="2019-08-08T10:57:03.824" activeThreads="16">
  <mem-info id="7691" free="53364328" total="71303168" percent="74">
    <mem type="tenure" free="53364328" total="71303168" percent="74">
      <mem type="soa" free="52651624" total="70590464" percent="74" />
      <mem type="loa" free="712704" total="712704" percent="100" />
    </mem>
  </mem-info>
</gc-end>
<cycle-end id="7692" type="global" contextid="7682" timestamp="2019-08-08T10:57:03.824" />
  <attribute name="elasticGC enabled" value="1" />
  <attribute name= "numThreadsSpecified" value="16" />
  <attribute name="heapSize specified" value="71172096" />
  <attribute name="Current GC Util" value="50" />
  <attribute name= "Current Time Running" value="172216" />
  <attribute name ="GC Interval" value="0" />
  <attribute name="Target GC Util Change" value ="80.000000" />
  <attribute name="Current GC Util Change" value="50.000000"/>
  <attribute name="Current Error" value="30.000000" />
  <attribute name="Output H" value="71247816"/>
  <attribute name="Output I" value="2064"/>
  <attribute name="Output T" value="16"/>
  <attribute name= "Current Time Running" value="172216" />
  <attribute name="GC Util currently" value="50" />
  <attribute name="CPU Util currently" value="42865204760" />
<allocation-satisfied id="7693" threadId="0000000002035F00" bytesRequested="232" />
<af-end id="7694" timestamp="2019-08-08T10:57:03.824" threadId="0000000002036888" success="true" />
<exclusive-end id="7695" timestamp="2019-08-08T10:57:03.824" durationms="46.329" />

<exclusive-start id="7696" timestamp="2019-08-08T10:57:03.844" intervalms="66.304">
  <response-info timems="0.020" idlems="0.020" threads="0" lastid="0000000002035F00" lastname="main" />
</exclusive-start>
<af-start id="7697" threadId="0000000002036888" totalBytesRequested="32" timestamp="2019-08-08T10:57:03.844" intervalms="66.240" />
<cycle-start id="7698" type="global" contextid="0" timestamp="2019-08-08T10:57:03.844" intervalms="66.302" />
<gc-start id="7699" type="global" contextid="7698" timestamp="2019-08-08T10:57:03.844">
  <mem-info id="7700" free="712704" total="71303168" percent="0">
    <mem type="tenure" free="712704" total="71303168" percent="0">
      <mem type="soa" free="0" total="70590464" percent="0" />
      <mem type="loa" free="712704" total="712704" percent="100" />
    </mem>
  </mem-info>
</gc-start>
<allocation-stats totalBytes="52681352" >
  <allocated-bytes non-tlh="0" tlh="52681352" />
  <largest-consumer threadName="main" threadId="0000000002035F00" bytes="52681352" />
</allocation-stats>
<gc-op id="7701" type="mark" timems="10.201" contextid="7698" timestamp="2019-08-08T10:57:03.854">
  <trace-info objectcount="596413" scancount="517402" scanbytes="13278624" />
  <finalization candidates="80" enqueued="0" />
  <ownableSynchronizers candidates="21" cleared="0" />
  <references type="soft" candidates="1843" cleared="0" enqueued="0" dynamicThreshold="23" maxThreshold="32" />
  <references type="weak" candidates="5736" cleared="0" enqueued="0" />
  <references type="phantom" candidates="97" cleared="0" enqueued="0" />
  <stringconstants candidates="13275" cleared="0"  />
</gc-op>
<gc-op id="7702" type="sweep" timems="3.020" contextid="7698" timestamp="2019-08-08T10:57:03.857" />
<mem-info id="7703" free="53428128" total="71303168" percent="74">
  <mem type="tenure" free="53428128" total="71303168" percent="74" micro-fragmented="3882" macro-fragmented="0">
    <mem type="soa" free="52715424" total="70590464" percent="74" />
    <mem type="loa" free="712704" total="712704" percent="100" />
  </mem>
</mem-info>
<gc-op id="7704" type="compact" timems="23.926" contextid="7698" timestamp="2019-08-08T10:57:03.881">
  <compact-info movecount="431" movebytes="11872" reason="compact to aid heap contraction" />
</gc-op>
<heap-resize id="7705" type="expand" space="tenure" amount="131072" count="1" timems="0.024" reason="satisfy allocation request" timestamp="2019-08-08T10:57:03.882" />
<gc-end id="7706" type="global" contextid="7698" durationms="37.945" usertimems="70.498" systemtimems="20.799" timestamp="2019-08-08T10:57:03.882" activeThreads="16">
  <mem-info id="7707" free="53494424" total="71434240" percent="74">
    <mem type="tenure" free="53494424" total="71434240" percent="74">
      <mem type="soa" free="52780696" total="70720512" percent="74" />
      <mem type="loa" free="713728" total="713728" percent="100" />
    </mem>
  </mem-info>
</gc-end>
<cycle-end id="7708" type="global" contextid="7698" timestamp="2019-08-08T10:57:03.882" />
  <attribute name="elasticGC enabled" value="1" />
  <attribute name= "numThreadsSpecified" value="16" />
  <attribute name="heapSize specified" value="71303168" />
  <attribute name="Current GC Util" value="44" />
  <attribute name= "Current Time Running" value="172275" />
  <attribute name ="GC Interval" value="0" />
  <attribute name="Target GC Util Change" value ="80.000000" />
  <attribute name="Current GC Util Change" value="44.000000"/>
  <attribute name="Current Error" value="-513.000000" />
  <attribute name="Output H" value="71378256"/>
  <attribute name="Output I" value="1096"/>
  <attribute name="Output T" value="16"/>
  <attribute name= "Current Time Running" value="172275" />
  <attribute name="GC Util currently" value="44" />
  <attribute name="CPU Util currently" value="48136215885" />
<allocation-satisfied id="7709" threadId="0000000002035F00" bytesRequested="32" />
<af-end id="7710" timestamp="2019-08-08T10:57:03.882" threadId="0000000002036888" success="true" />
<exclusive-end id="7711" timestamp="2019-08-08T10:57:03.882" durationms="38.250" />

<exclusive-start id="7712" timestamp="2019-08-08T10:57:03.904" intervalms="60.661">
  <response-info timems="0.019" idlems="0.019" threads="0" lastid="0000000002035F00" lastname="main" />
</exclusive-start>
<af-start id="7713" threadId="0000000002036888" totalBytesRequested="136" timestamp="2019-08-08T10:57:03.904" intervalms="60.664" />
<cycle-start id="7714" type="global" contextid="0" timestamp="2019-08-08T10:57:03.905" intervalms="60.697" />
<gc-start id="7715" type="global" contextid="7714" timestamp="2019-08-08T10:57:03.905">
  <mem-info id="7716" free="713728" total="71434240" percent="0">
    <mem type="tenure" free="713728" total="71434240" percent="0">
      <mem type="soa" free="0" total="70720512" percent="0" />
      <mem type="loa" free="713728" total="713728" percent="100" />
    </mem>
  </mem-info>
</gc-start>
<allocation-stats totalBytes="52834888" >
  <allocated-bytes non-tlh="0" tlh="52834888" />
  <largest-consumer threadName="main" threadId="0000000002035F00" bytes="52834888" />
</allocation-stats>
<gc-op id="7717" type="mark" timems="11.097" contextid="7714" timestamp="2019-08-08T10:57:03.916">
  <trace-info objectcount="596412" scancount="517399" scanbytes="13278536" />
  <finalization candidates="80" enqueued="0" />
  <ownableSynchronizers candidates="21" cleared="0" />
  <references type="soft" candidates="1843" cleared="0" enqueued="0" dynamicThreshold="23" maxThreshold="32" />
  <references type="weak" candidates="5736" cleared="0" enqueued="0" />
  <references type="phantom" candidates="97" cleared="0" enqueued="0" />
  <stringconstants candidates="13275" cleared="0"  />
</gc-op>
<gc-op id="7718" type="sweep" timems="3.975" contextid="7714" timestamp="2019-08-08T10:57:03.920" />
<mem-info id="7719" free="53559928" total="71434240" percent="74">
  <mem type="tenure" free="53559928" total="71434240" percent="74" micro-fragmented="0" macro-fragmented="0">
    <mem type="soa" free="52846200" total="70720512" percent="74" />
    <mem type="loa" free="713728" total="713728" percent="100" />
  </mem>
</mem-info>
<gc-op id="7720" type="compact" timems="23.503" contextid="7714" timestamp="2019-08-08T10:57:03.943">
  <compact-info movecount="26" movebytes="1208" reason="compact to aid heap contraction" />
</gc-op>
<heap-resize id="7721" type="expand" space="tenure" amount="131072" count="1" timems="0.021" reason="satisfy allocation request" timestamp="2019-08-08T10:57:03.945" />
<gc-end id="7722" type="global" contextid="7714" durationms="39.999" usertimems="72.185" systemtimems="23.147" timestamp="2019-08-08T10:57:03.945" activeThreads="16">
  <mem-info id="7723" free="53625584" total="71565312" percent="74">
    <mem type="tenure" free="53625584" total="71565312" percent="74">
      <mem type="soa" free="52910832" total="70850560" percent="74" />
      <mem type="loa" free="714752" total="714752" percent="100" />
    </mem>
  </mem-info>
</gc-end>
<cycle-end id="7724" type="global" contextid="7714" timestamp="2019-08-08T10:57:03.945" />
  <attribute name="elasticGC enabled" value="1" />
  <attribute name= "numThreadsSpecified" value="16" />
  <attribute name="heapSize specified" value="71434240" />
  <attribute name="Current GC Util" value="52" />
  <attribute name= "Current Time Running" value="172337" />
  <attribute name ="GC Interval" value="0" />
  <attribute name="Target GC Util Change" value ="80.000000" />
  <attribute name="Current GC Util Change" value="52.000000"/>
  <attribute name="Current Error" value="-400.000000" />
  <attribute name="Output H" value="71509464"/>
  <attribute name="Output I" value="1296"/>
  <attribute name="Output T" value="16"/>
  <attribute name= "Current Time Running" value="172337" />
  <attribute name="GC Util currently" value="52" />
  <attribute name="CPU Util currently" value="48964549506" />
<allocation-satisfied id="7725" threadId="0000000002035F00" bytesRequested="136" />
<af-end id="7726" timestamp="2019-08-08T10:57:03.945" threadId="0000000002036888" success="true" />
<exclusive-end id="7727" timestamp="2019-08-08T10:57:03.945" durationms="40.311" />

<exclusive-start id="7728" timestamp="2019-08-08T10:57:04.105" intervalms="200.266">
  <response-info timems="0.020" idlems="0.020" threads="0" lastid="0000000002035F00" lastname="main" />
</exclusive-start>
<af-start id="7729" threadId="0000000002036888" totalBytesRequested="18240" timestamp="2019-08-08T10:57:04.105" intervalms="200.275" />
<cycle-start id="7730" type="global" contextid="0" timestamp="2019-08-08T10:57:04.105" intervalms="200.191" />
<gc-start id="7731" type="global" contextid="7730" timestamp="2019-08-08T10:57:04.105">
  <mem-info id="7732" free="714752" total="71565312" percent="0">
    <mem type="tenure" free="714752" total="71565312" percent="0">
      <mem type="soa" free="0" total="70850560" percent="0" />
      <mem type="loa" free="714752" total="714752" percent="100" />
    </mem>
  </mem-info>
</gc-start>
<allocation-stats totalBytes="50592584" >
  <allocated-bytes non-tlh="0" tlh="50592584" />
  <largest-consumer threadName="main" threadId="0000000002035F00" bytes="50592584" />
</allocation-stats>
<gc-op id="7733" type="mark" timems="8.623" contextid="7730" timestamp="2019-08-08T10:57:04.114">
  <trace-info objectcount="596412" scancount="517404" scanbytes="13316688" />
  <finalization candidates="80" enqueued="0" />
  <ownableSynchronizers candidates="21" cleared="0" />
  <references type="soft" candidates="1843" cleared="0" enqueued="0" dynamicThreshold="23" maxThreshold="32" />
  <references type="weak" candidates="5736" cleared="0" enqueued="0" />
  <references type="phantom" candidates="97" cleared="0" enqueued="0" />
  <stringconstants candidates="13275" cleared="0"  />
</gc-op>
<gc-op id="7734" type="sweep" timems="1.442" contextid="7730" timestamp="2019-08-08T10:57:04.115" />
<mem-info id="7735" free="53649376" total="71565312" percent="74">
  <mem type="tenure" free="53649376" total="71565312" percent="74" micro-fragmented="8540" macro-fragmented="0">
    <mem type="soa" free="52934624" total="70850560" percent="74" />
    <mem type="loa" free="714752" total="714752" percent="100" />
  </mem>
</mem-info>
<gc-op id="7736" type="compact" timems="28.444" contextid="7730" timestamp="2019-08-08T10:57:04.144">
  <compact-info movecount="429" movebytes="49896" reason="compact to aid heap contraction" />
</gc-op>
<heap-resize id="7737" type="expand" space="tenure" amount="131072" count="1" timems="0.020" reason="satisfy allocation request" timestamp="2019-08-08T10:57:04.145" />
<gc-end id="7738" type="global" contextid="7730" durationms="40.301" usertimems="81.134" systemtimems="8.019" timestamp="2019-08-08T10:57:04.145" activeThreads="16">
  <mem-info id="7739" free="53718520" total="71696384" percent="74">
    <mem type="tenure" free="53718520" total="71696384" percent="74">
      <mem type="soa" free="53001720" total="70979584" percent="74" />
      <mem type="loa" free="716800" total="716800" percent="100" />
    </mem>
  </mem-info>
</gc-end>
<cycle-end id="7740" type="global" contextid="7730" timestamp="2019-08-08T10:57:04.145" />
  <attribute name="elasticGC enabled" value="1" />
  <attribute name= "numThreadsSpecified" value="16" />
  <attribute name="heapSize specified" value="71565312" />
  <attribute name="Current GC Util" value="38" />
  <attribute name= "Current Time Running" value="172537" />
  <attribute name ="GC Interval" value="0" />
  <attribute name="Target GC Util Change" value ="80.000000" />
  <attribute name="Current GC Util Change" value="38.000000"/>
  <attribute name="Current Error" value="42.000000" />
  <attribute name="Output H" value="71641040"/>
  <attribute name="Output I" value="2088"/>
  <attribute name="Output T" value="16"/>
  <attribute name= "Current Time Running" value="172537" />
  <attribute name="GC Util currently" value="38" />
  <attribute name="CPU Util currently" value="40439306540" />
<allocation-satisfied id="7741" threadId="0000000002035F00" bytesRequested="18240" />
<af-end id="7742" timestamp="2019-08-08T10:57:04.145" threadId="0000000002036888" success="true" />
<exclusive-end id="7743" timestamp="2019-08-08T10:57:04.145" durationms="40.619" />

<exclusive-start id="7744" timestamp="2019-08-08T10:57:04.262" intervalms="157.264">
  <response-info timems="0.019" idlems="0.019" threads="0" lastid="0000000002035F00" lastname="main" />
</exclusive-start>
<af-start id="7745" threadId="0000000002036888" totalBytesRequested="80" timestamp="2019-08-08T10:57:04.262" intervalms="157.267" />
<cycle-start id="7746" type="global" contextid="0" timestamp="2019-08-08T10:57:04.262" intervalms="157.260" />
<gc-start id="7747" type="global" contextid="7746" timestamp="2019-08-08T10:57:04.262">
  <mem-info id="7748" free="716800" total="71696384" percent="0">
    <mem type="tenure" free="716800" total="71696384" percent="0">
      <mem type="soa" free="0" total="70979584" percent="0" />
      <mem type="loa" free="716800" total="716800" percent="100" />
    </mem>
  </mem-info>
</gc-start>
<allocation-stats totalBytes="53061680" >
  <allocated-bytes non-tlh="0" tlh="53061680" />
  <largest-consumer threadName="main" threadId="0000000002035F00" bytes="53061680" />
</allocation-stats>
<gc-op id="7749" type="mark" timems="9.985" contextid="7746" timestamp="2019-08-08T10:57:04.272">
  <trace-info objectcount="596397" scancount="517384" scanbytes="13277612" />
  <finalization candidates="80" enqueued="0" />
  <ownableSynchronizers candidates="21" cleared="0" />
  <references type="soft" candidates="1843" cleared="0" enqueued="0" dynamicThreshold="23" maxThreshold="32" />
  <references type="weak" candidates="5736" cleared="0" enqueued="0" />
  <references type="phantom" candidates="97" cleared="0" enqueued="0" />
  <stringconstants candidates="13275" cleared="0"  />
</gc-op>
<gc-op id="7750" type="sweep" timems="2.335" contextid="7746" timestamp="2019-08-08T10:57:04.275" />
<mem-info id="7751" free="53821808" total="71696384" percent="75">
  <mem type="tenure" free="53821808" total="71696384" percent="75" micro-fragmented="4658" macro-fragmented="0">
    <mem type="soa" free="53105008" total="70979584" percent="74" />
    <mem type="loa" free="716800" total="716800" percent="100" />
  </mem>
</mem-info>
<gc-op id="7752" type="compact" timems="22.659" contextid="7746" timestamp="2019-08-08T10:57:04.297">
  <compact-info movecount="408" movebytes="10648" reason="compact to aid heap contraction" />
</gc-op>
<heap-resize id="7753" type="expand" space="tenure" amount="131072" count="1" timems="0.024" reason="satisfy allocation request" timestamp="2019-08-08T10:57:04.298" />
<gc-end id="7754" type="global" contextid="7746" durationms="36.157" usertimems="83.215" systemtimems="0.000" timestamp="2019-08-08T10:57:04.298" activeThreads="16">
  <mem-info id="7755" free="53888696" total="71827456" percent="75">
    <mem type="tenure" free="53888696" total="71827456" percent="75">
      <mem type="soa" free="53170872" total="71109632" percent="74" />
      <mem type="loa" free="717824" total="717824" percent="100" />
    </mem>
  </mem-info>
</gc-end>
<cycle-end id="7756" type="global" contextid="7746" timestamp="2019-08-08T10:57:04.298" />
  <attribute name="elasticGC enabled" value="1" />
  <attribute name= "numThreadsSpecified" value="16" />
  <attribute name="heapSize specified" value="71696384" />
  <attribute name="Current GC Util" value="51" />
  <attribute name= "Current Time Running" value="172691" />
  <attribute name ="GC Interval" value="0" />
  <attribute name="Target GC Util Change" value ="80.000000" />
  <attribute name="Current GC Util Change" value="51.000000"/>
  <attribute name="Current Error" value="-365.000000" />
  <attribute name="Output H" value="71771648"/>
  <attribute name="Output I" value="1360"/>
  <attribute name="Output T" value="16"/>
  <attribute name= "Current Time Running" value="172691" />
  <attribute name="GC Util currently" value="51" />
  <attribute name="CPU Util currently" value="50829200457" />
<allocation-satisfied id="7757" threadId="0000000002035F00" bytesRequested="80" />
<af-end id="7758" timestamp="2019-08-08T10:57:04.298" threadId="0000000002036888" success="true" />
<exclusive-end id="7759" timestamp="2019-08-08T10:57:04.298" durationms="36.415" />

<exclusive-start id="7760" timestamp="2019-08-08T10:57:04.334" intervalms="72.475">
  <response-info timems="0.020" idlems="0.020" threads="0" lastid="0000000002035F00" lastname="main" />
</exclusive-start>
<af-start id="7761" threadId="0000000002036888" totalBytesRequested="32" timestamp="2019-08-08T10:57:04.334" intervalms="72.478" />
<cycle-start id="7762" type="global" contextid="0" timestamp="2019-08-08T10:57:04.335" intervalms="72.475" />
<gc-start id="7763" type="global" contextid="7762" timestamp="2019-08-08T10:57:04.335">
  <mem-info id="7764" free="717824" total="71827456" percent="0">
    <mem type="tenure" free="717824" total="71827456" percent="0">
      <mem type="soa" free="0" total="71109632" percent="0" />
      <mem type="loa" free="717824" total="717824" percent="100" />
    </mem>
  </mem-info>
</gc-start>
<allocation-stats totalBytes="53229416" >
  <allocated-bytes non-tlh="0" tlh="53229416" />
  <largest-consumer threadName="main" threadId="0000000002035F00" bytes="53229416" />
</allocation-stats>
<gc-op id="7765" type="mark" timems="8.921" contextid="7762" timestamp="2019-08-08T10:57:04.344">
  <trace-info objectcount="596423" scancount="517415" scanbytes="13278476" />
  <finalization candidates="80" enqueued="0" />
  <ownableSynchronizers candidates="21" cleared="0" />
  <references type="soft" candidates="1843" cleared="0" enqueued="0" dynamicThreshold="24" maxThreshold="32" />
  <references type="weak" candidates="5736" cleared="0" enqueued="0" />
  <references type="phantom" candidates="97" cleared="0" enqueued="0" />
  <stringconstants candidates="13275" cleared="0"  />
</gc-op>
<gc-op id="7766" type="sweep" timems="1.874" contextid="7762" timestamp="2019-08-08T10:57:04.345" />
<mem-info id="7767" free="53950416" total="71827456" percent="75">
  <mem type="tenure" free="53950416" total="71827456" percent="75" micro-fragmented="776" macro-fragmented="0">
    <mem type="soa" free="53232592" total="71109632" percent="74" />
    <mem type="loa" free="717824" total="717824" percent="100" />
  </mem>
</mem-info>
<gc-op id="7768" type="compact" timems="24.102" contextid="7762" timestamp="2019-08-08T10:57:04.370">
  <compact-info movecount="430" movebytes="11416" reason="compact to aid heap contraction" />
</gc-op>
<heap-resize id="7769" type="expand" space="tenure" amount="131072" count="1" timems="0.018" reason="satisfy allocation request" timestamp="2019-08-08T10:57:04.370" />
<gc-end id="7770" type="global" contextid="7762" durationms="35.693" usertimems="77.907" systemtimems="0.000" timestamp="2019-08-08T10:57:04.370" activeThreads="16">
  <mem-info id="7771" free="54018904" total="71958528" percent="75">
    <mem type="tenure" free="54018904" total="71958528" percent="75">
      <mem type="soa" free="53300056" total="71239680" percent="74" />
      <mem type="loa" free="718848" total="718848" percent="100" />
    </mem>
  </mem-info>
</gc-end>
<cycle-end id="7772" type="global" contextid="7762" timestamp="2019-08-08T10:57:04.370" />
  <attribute name="elasticGC enabled" value="1" />
  <attribute name= "numThreadsSpecified" value="16" />
  <attribute name="heapSize specified" value="71827456" />
  <attribute name="Current GC Util" value="50" />
  <attribute name= "Current Time Running" value="172763" />
  <attribute name ="GC Interval" value="0" />
  <attribute name="Target GC Util Change" value ="80.000000" />
  <attribute name="Current GC Util Change" value="50.000000"/>
  <attribute name="Current Error" value="-396.000000" />
  <attribute name="Output H" value="71902680"/>
  <attribute name="Output I" value="1304"/>
  <attribute name="Output T" value="16"/>
  <attribute name= "Current Time Running" value="172763" />
  <attribute name="GC Util currently" value="50" />
  <attribute name="CPU Util currently" value="47833571553" />
<allocation-satisfied id="7773" threadId="0000000002035F00" bytesRequested="32" />
<af-end id="7774" timestamp="2019-08-08T10:57:04.370" threadId="0000000002036888" success="true" />
<exclusive-end id="7775" timestamp="2019-08-08T10:57:04.370" durationms="35.990" />

<exclusive-start id="7776" timestamp="2019-08-08T10:57:04.437" intervalms="102.442">
  <response-info timems="0.022" idlems="0.022" threads="0" lastid="0000000002035F00" lastname="main" />
</exclusive-start>
<af-start id="7777" threadId="0000000002036888" totalBytesRequested="80" timestamp="2019-08-08T10:57:04.438" intervalms="103.652" />
<cycle-start id="7778" type="global" contextid="0" timestamp="2019-08-08T10:57:04.438" intervalms="103.768" />
<gc-start id="7779" type="global" contextid="7778" timestamp="2019-08-08T10:57:04.438">
  <mem-info id="7780" free="718848" total="71958528" percent="0">
    <mem type="tenure" free="718848" total="71958528" percent="0">
      <mem type="soa" free="0" total="71239680" percent="0" />
      <mem type="loa" free="718848" total="718848" percent="100" />
    </mem>
  </mem-info>
</gc-start>
<allocation-stats totalBytes="53349288" >
  <allocated-bytes non-tlh="0" tlh="53349288" />
  <largest-consumer threadName="main" threadId="0000000002035F00" bytes="53349288" />
</allocation-stats>
<gc-op id="7781" type="mark" timems="22.670" contextid="7778" timestamp="2019-08-08T10:57:04.461">
  <trace-info objectcount="596405" scancount="517394" scanbytes="13277944" />
  <finalization candidates="80" enqueued="0" />
  <ownableSynchronizers candidates="21" cleared="0" />
