<?xml version="1.0" ?>

<verbosegc xmlns="http://www.ibm.com/j9/verbosegc" version="10b4217_CMPRSS">

<initialized id="1" timestamp="2019-06-14T11:15:31.430">
  <attribute name="gcPolicy" value="-Xgcpolicy:optavgpause" />
  <attribute name="elasticGC enabled" value="1" />
  <attribute name= "numThreadsSpecified" value="0" />
  <attribute name="heapSize specified" value="0" />
  <attribute name="Current GC Util" value="0" />
  <attribute name= "Current Time Running" value="0" />
  <attribute name ="GC Interval" value="0" />
  <attribute name="ProportionalT" value="0.000000" />
  <attribute name="ProportionalI" value="0.000000" />
  <attribute name="ProportionalH" value="0.000000" />
  <attribute name="IntegralT" value="0.000000" />
  <attribute name="IntegralI" value="0.000000" />
  <attribute name="IntegralH" value="0.000000" />
  <attribute name="DerivativeT" value="0.000000" />
  <attribute name="DerivativeI" value="0.000000" />
  <attribute name="DerivativeH" value="0.000000" />
  <attribute name="Target GC Util Change" value ="0.000000" />
  <attribute name="Current GC Util Change" value="0.000000"/>
  <attribute name="Current Error" value="0.000000" />
  <attribute name="Loop Time for DT" value="0.000000" />
  <attribute name="Output H" value="0"/>
  <attribute name="Output I" value="0"/>
  <attribute name="Output T" value="0"/>
  <attribute name="GC Util currently" value="0" />
  <attribute name="CPU Util currently" value="0" />
  <attribute name="maxHeapSize" value="0x7cbc0000" />
  <attribute name="initialHeapSize" value="0x800000" />
  <attribute name="compressedRefs" value="true" />
  <attribute name="compressedRefsDisplacement" value="0x0" />
  <attribute name="compressedRefsShift" value="0x0" />
  <attribute name="pageSize" value="0x1000" />
  <attribute name="pageType" value="not used" />
  <attribute name="requestedPageSize" value="0x1000" />
  <attribute name="requestedPageType" value="not used" />
  <attribute name="gcthreads" value="4" />
  <attribute name="packetListSplit" value="4" />
  <attribute name="cacheListSplit" value="4" />
  <attribute name="splitFreeListSplitAmount" value="1" />
  <attribute name="numaNodes" value="0" />
  <system>
    <attribute name="physicalMemory" value="8370958336" />
    <attribute name="numCPUs" value="4" />
    <attribute name="architecture" value="amd64" />
    <attribute name="os" value="Linux" />
    <attribute name="osVersion" value="4.4.0-150-generic" />
  </system>
  <vmargs>
    <vmarg name="-Xoptionsfile=/vagrant/jdk/lib/options.default" />
    <vmarg name="-Xlockword:mode=default,noLockword=java/lang/String,noLockword=java/util/MapEntry,noLockword=java/util/HashMap$Entry,noLockword..." />
    <vmarg name="-Xjcl:jclse29" />
    <vmarg name="-Dcom.ibm.oti.vm.bootstrap.library.path=/vagrant/jdk/lib/compressedrefs:/vagrant/jdk/lib" />
    <vmarg name="-Dsun.boot.library.path=/vagrant/jdk/lib/compressedrefs:/vagrant/jdk/lib" />
    <vmarg name="-Djava.library.path=/vagrant/jdk/lib/compressedrefs:/vagrant/jdk/lib:/usr/lib64:/usr/lib" />
    <vmarg name="-Djava.home=/vagrant/jdk" />
    <vmarg name="-Duser.dir=/vagrant" />
    <vmarg name="-Xgcpolicy:optavgpause" />
    <vmarg name="-Xgcelastic" />
    <vmarg name="-Xcheck:gc:::elasticGC" />
    <vmarg name="-verbose:gc" />
    <vmarg name="-Xloggc:jdk0.5-0.5-1-large-OAP-4CORE-elasticverbose6pmd.txt" />
    <vmarg name="-Djava.class.path=dacapo-9.12-MR1-bach.jar" />
    <vmarg name="-Dsun.java.command=dacapo-9.12-MR1-bach.jar pmd --size=large" />
    <vmarg name="-Dsun.java.launcher=SUN_STANDARD" />
    <vmarg name="-Dsun.java.launcher.pid=3351" />
  </vmargs>
</initialized>

<exclusive-start id="2" timestamp="2019-06-14T11:15:51.657" intervalms="20226.582">
  <response-info timems="0.056" idlems="0.056" threads="0" lastid="0000000001E29700" lastname="main" />
</exclusive-start>
<af-start id="3" threadId="0000000001E2A088" totalBytesRequested="10112" timestamp="2019-06-14T11:15:51.658" intervalms="20227.289" />
<cycle-start id="4" type="global" contextid="0" timestamp="2019-06-14T11:15:51.658" intervalms="20227.890" />
<gc-start id="5" type="global" contextid="4" timestamp="2019-06-14T11:15:51.658">
  <mem-info id="6" free="418816" total="8388608" percent="4">
    <mem type="tenure" free="418816" total="8388608" percent="4">
      <mem type="soa" free="0" total="7969792" percent="0" />
      <mem type="loa" free="418816" total="418816" percent="100" />
    </mem>
  </mem-info>
</gc-start>
<allocation-stats totalBytes="7930400" >
  <allocated-bytes non-tlh="460328" tlh="7470072" />
  <largest-consumer threadName="main" threadId="0000000001E29700" bytes="7856832" />
</allocation-stats>
<gc-op id="7" type="mark" timems="1.802" contextid="4" timestamp="2019-06-14T11:15:51.660">
  <trace-info objectcount="21653" scancount="17680" scanbytes="558816" />
  <finalization candidates="46" enqueued="1" />
  <ownableSynchronizers candidates="4" cleared="3" />
  <references type="soft" candidates="66" cleared="0" enqueued="0" dynamicThreshold="32" maxThreshold="32" />
  <references type="weak" candidates="911" cleared="529" enqueued="452" />
  <references type="phantom" candidates="125" cleared="44" enqueued="44" />
  <stringconstants candidates="2485" cleared="0"  />
</gc-op>
<gc-op id="8" type="classunload" timems="0.044" contextid="4" timestamp="2019-06-14T11:15:51.660">
  <classunload-info classloadercandidates="6" classloadersunloaded="0" classesunloaded="0" anonymousclassesunloaded="0" quiescems="0.000" setupms="0.044" scanms="0.000" postms="0.000" />
</gc-op>
<gc-op id="9" type="sweep" timems="0.671" contextid="4" timestamp="2019-06-14T11:15:51.661" />
<mem-info id="10" free="6475272" total="8388608" percent="77">
  <mem type="tenure" free="6475272" total="8388608" percent="77" micro-fragmented="473216">
    <mem type="soa" free="6056456" total="7969792" percent="75" />
    <mem type="loa" free="418816" total="418816" percent="100" />
  </mem>
  <pending-finalizers system="1" default="0" reference="496" classloader="0" />
</mem-info>
<gc-op id="11" type="compact" timems="4.390" contextid="4" timestamp="2019-06-14T11:15:51.666">
  <compact-info movecount="21652" movebytes="1397240" reason="compact to aid heap contraction" />
</gc-op>
<heap-resize id="12" type="expand" space="tenure" amount="2084241408" count="1" timems="0.278" reason="satisfy allocation request" timestamp="2019-06-14T11:15:51.666" />
<gc-end id="13" type="global" contextid="4" durationms="8.452" usertimems="8.000" systemtimems="4.000" timestamp="2019-06-14T11:15:51.667" activeThreads="4">
  <mem-info id="14" free="2091167152" total="2092630016" percent="99">
    <mem type="tenure" free="2091167152" total="2092630016" percent="99">
      <mem type="soa" free="1986535856" total="1987998720" percent="99" />
      <mem type="loa" free="104631296" total="104631296" percent="100" />
    </mem>
    <pending-finalizers system="1" default="0" reference="496" classloader="0" />
  </mem-info>
</gc-end>
<cycle-end id="15" type="global" contextid="4" timestamp="2019-06-14T11:15:51.667" />
  <attribute name="elasticGC enabled" value="1" />
  <attribute name= "numThreadsSpecified" value="4" />
  <attribute name="heapSize specified" value="8388608" />
  <attribute name="Current GC Util" value="31" />
  <attribute name= "Current Time Running" value="20116" />
  <attribute name ="GC Interval" value="0" />
  <attribute name="ProportionalT" value="5.500000" />
  <attribute name="ProportionalI" value="5.500000" />
  <attribute name="ProportionalH" value="5.500000" />
  <attribute name="Current Error" value="11.000000" />
  <attribute name="IntegralT" value="-200978.500000" />
  <attribute name="IntegralI" value="-200978.500000" />
  <attribute name="IntegralH" value="-200978.500000" />
  <attribute name="DerivativeT" value="2.750000" />
  <attribute name="DerivativeI" value="2.750000" />
  <attribute name="DerivativeH" value="2.750000" />
  <attribute name="Loop Time for DT" value="4.000000" />
  <attribute name="Output H" value="2092630016"/>
  <attribute name="Output I" value="200"/>
  <attribute name="Output T" value="4"/>
  <attribute name="Target GC Util Change" value ="20.000000" />
  <attribute name="Current GC Util Change" value="31.000000"/>
  <attribute name="GC Util currently" value="31" />
  <attribute name="CPU Util currently" value="1030363386083" />
<allocation-satisfied id="16" threadId="0000000001E29700" bytesRequested="10112" />
<af-end id="17" timestamp="2019-06-14T11:15:51.667" threadId="0000000001E2A088" success="true" />
<exclusive-end id="18" timestamp="2019-06-14T11:15:51.667" durationms="10.418" />

<exclusive-start id="19" timestamp="2019-06-14T11:15:51.714" intervalms="57.048">
  <response-info timems="0.055" idlems="0.055" threads="0" lastid="0000000001E29700" lastname="main" />
</exclusive-start>
<sys-start reason="explicit" id="20" timestamp="2019-06-14T11:15:51.714" intervalms="20283.733" />
<cycle-start id="21" type="global" contextid="0" timestamp="2019-06-14T11:15:51.714" intervalms="55.936" />
<gc-start id="22" type="global" contextid="21" timestamp="2019-06-14T11:15:51.714">
  <mem-info id="23" free="1914359896" total="2092630016" percent="91">
    <mem type="tenure" free="1914359896" total="2092630016" percent="91">
      <mem type="soa" free="1809728600" total="1987998720" percent="91" />
      <mem type="loa" free="104631296" total="104631296" percent="100" />
    </mem>
  </mem-info>
</gc-start>
<allocation-stats totalBytes="162167896" >
  <allocated-bytes non-tlh="73604440" tlh="88563456" />
  <largest-consumer threadName="main" threadId="0000000001E29700" bytes="162151824" />
</allocation-stats>
<gc-op id="24" type="mark" timems="4.261" contextid="21" timestamp="2019-06-14T11:15:51.718">
  <trace-info objectcount="19075" scancount="15788" scanbytes="518084" />
  <finalization candidates="45" enqueued="0" />
  <ownableSynchronizers candidates="1" cleared="0" />
  <references type="soft" candidates="66" cleared="0" enqueued="0" dynamicThreshold="31" maxThreshold="32" />
  <references type="weak" candidates="382" cleared="0" enqueued="0" />
  <references type="phantom" candidates="80" cleared="0" enqueued="0" />
  <stringconstants candidates="2485" cleared="0"  />
</gc-op>
<gc-op id="25" type="classunload" timems="0.001" contextid="21" timestamp="2019-06-14T11:15:51.719">
  <classunload-info classloadercandidates="6" classloadersunloaded="0" classesunloaded="0" anonymousclassesunloaded="0" quiescems="0.000" setupms="0.001" scanms="0.000" postms="0.000" />
</gc-op>
<gc-op id="26" type="sweep" timems="1.935" contextid="21" timestamp="2019-06-14T11:15:51.721" />
<mem-info id="27" free="2091345840" total="2092630016" percent="99">
  <mem type="tenure" free="2091345840" total="2092630016" percent="99" micro-fragmented="22520">
    <mem type="soa" free="1986714544" total="1987998720" percent="99" />
    <mem type="loa" free="104631296" total="104631296" percent="100" />
  </mem>
</mem-info>
<gc-op id="28" type="compact" timems="4.453" contextid="21" timestamp="2019-06-14T11:15:51.725">
  <compact-info movecount="7974" movebytes="706608" reason="compact to aid heap contraction" />
</gc-op>
<gc-end id="29" type="global" contextid="21" durationms="11.651" usertimems="4.000" systemtimems="20.000" timestamp="2019-06-14T11:15:51.726" activeThreads="4">
  <mem-info id="30" free="2091374072" total="2092630016" percent="99">
    <mem type="tenure" free="2091374072" total="2092630016" percent="99">
      <mem type="soa" free="1986742776" total="1987998720" percent="99" />
      <mem type="loa" free="104631296" total="104631296" percent="100" />
    </mem>
  </mem-info>
</gc-end>
<cycle-end id="31" type="global" contextid="21" timestamp="2019-06-14T11:15:51.726" />
  <attribute name="elasticGC enabled" value="1" />
  <attribute name= "numThreadsSpecified" value="4" />
  <attribute name="heapSize specified" value="2092630016" />
  <attribute name="Current GC Util" value="116" />
  <attribute name= "Current Time Running" value="20176" />
  <attribute name ="GC Interval" value="0" />
  <attribute name="ProportionalT" value="48.000000" />
  <attribute name="ProportionalI" value="48.000000" />
  <attribute name="ProportionalH" value="48.000000" />
  <attribute name="Current Error" value="96.000000" />
  <attribute name="IntegralT" value="192.000000" />
  <attribute name="IntegralI" value="192.000000" />
  <attribute name="IntegralH" value="192.000000" />
  <attribute name="DerivativeT" value="21.250000" />
  <attribute name="DerivativeI" value="21.250000" />
  <attribute name="DerivativeH" value="21.250000" />
  <attribute name="Loop Time for DT" value="4.000000" />
  <attribute name="Output H" value="8388608"/>
  <attribute name="Output I" value="264"/>
  <attribute name="Output T" value="4"/>
  <attribute name="Target GC Util Change" value ="20.000000" />
  <attribute name="Current GC Util Change" value="116.000000"/>
  <attribute name="GC Util currently" value="116" />
  <attribute name="CPU Util currently" value="1002438887237" />
<sys-end id="32" timestamp="2019-06-14T11:15:51.726" />
<exclusive-end id="33" timestamp="2019-06-14T11:15:51.726" durationms="12.368" />

</verbosegc>

