<?xml version="1.0" ?>

<verbosegc xmlns="http://www.ibm.com/j9/verbosegc" version="10b4217_CMPRSS">

<initialized id="1" timestamp="2019-06-14T18:56:22.992">
  <attribute name="gcPolicy" value="-Xgcpolicy:optavgpause" />
  <attribute name="elasticGC enabled" value="1" />
  <attribute name= "numThreadsSpecified" value="0" />
  <attribute name="heapSize specified" value="0" />
  <attribute name="Current GC Util" value="0" />
  <attribute name= "Current Time Running" value="0" />
  <attribute name ="GC Interval" value="0" />
  <attribute name="ProportionalT" value="0.000000" />
  <attribute name="ProportionalI" value="0.000000" />
  <attribute name="ProportionalH" value="0.000000" />
  <attribute name="IntegralT" value="0.000000" />
  <attribute name="IntegralI" value="0.000000" />
  <attribute name="IntegralH" value="0.000000" />
  <attribute name="DerivativeT" value="0.000000" />
  <attribute name="DerivativeI" value="0.000000" />
  <attribute name="DerivativeH" value="0.000000" />
  <attribute name="Target GC Util Change" value ="0.000000" />
  <attribute name="Current GC Util Change" value="0.000000"/>
  <attribute name="Current Error" value="0.000000" />
  <attribute name="Loop Time for DT" value="0.000000" />
  <attribute name="Output H" value="0"/>
  <attribute name="Output I" value="0"/>
  <attribute name="Output T" value="0"/>
  <attribute name="GC Util currently" value="0" />
  <attribute name="CPU Util currently" value="0" />
  <attribute name="maxHeapSize" value="0x7cbc0000" />
  <attribute name="initialHeapSize" value="0x800000" />
  <attribute name="compressedRefs" value="true" />
  <attribute name="compressedRefsDisplacement" value="0x0" />
  <attribute name="compressedRefsShift" value="0x0" />
  <attribute name="pageSize" value="0x1000" />
  <attribute name="pageType" value="not used" />
  <attribute name="requestedPageSize" value="0x1000" />
  <attribute name="requestedPageType" value="not used" />
  <attribute name="gcthreads" value="4" />
  <attribute name="packetListSplit" value="4" />
  <attribute name="cacheListSplit" value="4" />
  <attribute name="splitFreeListSplitAmount" value="1" />
  <attribute name="numaNodes" value="0" />
  <system>
    <attribute name="physicalMemory" value="8370962432" />
    <attribute name="numCPUs" value="4" />
    <attribute name="architecture" value="amd64" />
    <attribute name="os" value="Linux" />
    <attribute name="osVersion" value="4.4.0-148-generic" />
  </system>
  <vmargs>
    <vmarg name="-Xoptionsfile=/vagrant/jdk/lib/options.default" />
    <vmarg name="-Xlockword:mode=default,noLockword=java/lang/String,noLockword=java/util/MapEntry,noLockword=java/util/HashMap$Entry,noLockword..." />
    <vmarg name="-Xjcl:jclse29" />
    <vmarg name="-Dcom.ibm.oti.vm.bootstrap.library.path=/vagrant/jdk/lib/compressedrefs:/vagrant/jdk/lib" />
    <vmarg name="-Dsun.boot.library.path=/vagrant/jdk/lib/compressedrefs:/vagrant/jdk/lib" />
    <vmarg name="-Djava.library.path=/vagrant/jdk/lib/compressedrefs:/vagrant/jdk/lib:/usr/lib64:/usr/lib" />
    <vmarg name="-Djava.home=/vagrant/jdk" />
    <vmarg name="-Duser.dir=/vagrant" />
    <vmarg name="-Xgcpolicy:optavgpause" />
    <vmarg name="-Xgcelastic" />
    <vmarg name="-Xcheck:gc:::elasticGC" />
    <vmarg name="-verbose:gc" />
    <vmarg name="-Xloggc:small-OPTAVGPAUSE-jdk0.5-1-0.5-verbose6jython.txt" />
    <vmarg name="-Djava.class.path=dacapo-9.12-MR1-bach.jar" />
    <vmarg name="-Dsun.java.command=dacapo-9.12-MR1-bach.jar jython --size=small" />
    <vmarg name="-Dsun.java.launcher=SUN_STANDARD" />
    <vmarg name="-Dsun.java.launcher.pid=5591" />
  </vmargs>
</initialized>

<exclusive-start id="2" timestamp="2019-06-14T18:56:24.673" intervalms="1681.363">
  <response-info timems="0.020" idlems="0.020" threads="0" lastid="000000000208C700" lastname="main" />
</exclusive-start>
<af-start id="3" threadId="000000000208D088" totalBytesRequested="2056" timestamp="2019-06-14T18:56:24.673" intervalms="1681.587" />
<cycle-start id="4" type="global" contextid="0" timestamp="2019-06-14T18:56:24.673" intervalms="1681.889" />
<gc-start id="5" type="global" contextid="4" timestamp="2019-06-14T18:56:24.674">
  <mem-info id="6" free="418816" total="8388608" percent="4">
    <mem type="tenure" free="418816" total="8388608" percent="4">
      <mem type="soa" free="0" total="7969792" percent="0" />
      <mem type="loa" free="418816" total="418816" percent="100" />
    </mem>
  </mem-info>
</gc-start>
<allocation-stats totalBytes="7879960" >
  <allocated-bytes non-tlh="357688" tlh="7522272" />
  <largest-consumer threadName="main" threadId="000000000208C700" bytes="7803440" />
</allocation-stats>
<gc-op id="7" type="mark" timems="1.611" contextid="4" timestamp="2019-06-14T18:56:24.675">
  <trace-info objectcount="17675" scancount="14635" scanbytes="461016" />
  <finalization candidates="14" enqueued="1" />
  <references type="soft" candidates="63" cleared="0" enqueued="0" dynamicThreshold="32" maxThreshold="32" />
  <references type="weak" candidates="544" cleared="401" enqueued="362" />
  <references type="phantom" candidates="105" cleared="44" enqueued="44" />
  <stringconstants candidates="2406" cleared="0"  />
</gc-op>
<gc-op id="8" type="classunload" timems="0.080" contextid="4" timestamp="2019-06-14T18:56:24.676">
  <classunload-info classloadercandidates="5" classloadersunloaded="0" classesunloaded="0" anonymousclassesunloaded="0" quiescems="0.000" setupms="0.079" scanms="0.000" postms="0.001" />
</gc-op>
<gc-op id="9" type="sweep" timems="0.751" contextid="4" timestamp="2019-06-14T18:56:24.676" />
<mem-info id="10" free="7187096" total="8388608" percent="85">
  <mem type="tenure" free="7187096" total="8388608" percent="85" micro-fragmented="192496">
    <mem type="soa" free="6768280" total="7969792" percent="84" />
    <mem type="loa" free="418816" total="418816" percent="100" />
  </mem>
  <pending-finalizers system="1" default="0" reference="406" classloader="0" />
</mem-info>
<gc-op id="11" type="compact" timems="4.093" contextid="4" timestamp="2019-06-14T18:56:24.681">
  <compact-info movecount="17674" movebytes="963784" reason="compact to aid heap contraction" />
</gc-op>
<heap-resize id="12" type="expand" space="tenure" amount="2084241408" count="1" timems="0.273" reason="satisfy allocation request" timestamp="2019-06-14T18:56:24.682" />
<gc-end id="13" type="global" contextid="4" durationms="8.127" usertimems="8.000" systemtimems="0.000" timestamp="2019-06-14T18:56:24.682" activeThreads="4">
  <mem-info id="14" free="2091600608" total="2092630016" percent="99">
    <mem type="tenure" free="2091600608" total="2092630016" percent="99">
      <mem type="soa" free="1986969312" total="1987998720" percent="99" />
      <mem type="loa" free="104631296" total="104631296" percent="100" />
    </mem>
    <pending-finalizers system="1" default="0" reference="406" classloader="0" />
  </mem-info>
</gc-end>
<cycle-end id="15" type="global" contextid="4" timestamp="2019-06-14T18:56:24.682" />
  <attribute name="elasticGC enabled" value="1" />
  <attribute name= "numThreadsSpecified" value="4" />
  <attribute name="heapSize specified" value="8388608" />
  <attribute name="Current GC Util" value="29" />
  <attribute name= "Current Time Running" value="1572" />
  <attribute name ="GC Interval" value="0" />
  <attribute name="ProportionalT" value="4.500000" />
  <attribute name="ProportionalI" value="4.500000" />
  <attribute name="ProportionalH" value="4.500000" />
  <attribute name="Current Error" value="9.000000" />
  <attribute name="IntegralT" value="-31169.000000" />
  <attribute name="IntegralI" value="-31169.000000" />
  <attribute name="IntegralH" value="-31169.000000" />
  <attribute name="DerivativeT" value="0.900000" />
  <attribute name="DerivativeI" value="0.900000" />
  <attribute name="DerivativeH" value="0.900000" />
  <attribute name="Loop Time for DT" value="5.000000" />
  <attribute name="Output H" value="2092630016"/>
  <attribute name="Output I" value="200"/>
  <attribute name="Output T" value="4"/>
  <attribute name="Target GC Util Change" value ="20.000000" />
  <attribute name="Current GC Util Change" value="29.000000"/>
  <attribute name="GC Util currently" value="29" />
  <attribute name="CPU Util currently" value="1086108968346" />
<allocation-satisfied id="16" threadId="000000000208C700" bytesRequested="2056" />
<af-end id="17" timestamp="2019-06-14T18:56:24.682" threadId="000000000208D088" success="true" />
<exclusive-end id="18" timestamp="2019-06-14T18:56:24.682" durationms="9.184" />

<exclusive-start id="19" timestamp="2019-06-14T18:56:29.114" intervalms="4440.953">
  <response-info timems="0.027" idlems="0.027" threads="0" lastid="000000000208C700" lastname="main" />
</exclusive-start>
<sys-start reason="explicit" id="20" timestamp="2019-06-14T18:56:29.114" intervalms="6122.439" />
<cycle-start id="21" type="global" contextid="0" timestamp="2019-06-14T18:56:29.114" intervalms="4440.639" />
<gc-start id="22" type="global" contextid="21" timestamp="2019-06-14T18:56:29.114">
  <mem-info id="23" free="2021269504" total="2092630016" percent="96">
    <mem type="tenure" free="2021269504" total="2092630016" percent="96">
      <mem type="soa" free="1916638208" total="1987998720" percent="96" />
      <mem type="loa" free="104631296" total="104631296" percent="100" />
    </mem>
  </mem-info>
</gc-start>
<allocation-stats totalBytes="70355424" >
  <allocated-bytes non-tlh="3398368" tlh="66957056" />
  <largest-consumer threadName="main" threadId="000000000208C700" bytes="70281456" />
</allocation-stats>
<gc-op id="24" type="mark" timems="10.788" contextid="21" timestamp="2019-06-14T18:56:29.125">
  <trace-info objectcount="75494" scancount="63022" scanbytes="2111324" />
  <finalization candidates="81" enqueued="1" />
  <ownableSynchronizers candidates="22" cleared="0" />
  <references type="soft" candidates="1640" cleared="0" enqueued="0" dynamicThreshold="31" maxThreshold="32" />
  <references type="weak" candidates="5223" cleared="734" enqueued="570" />
  <references type="phantom" candidates="115" cleared="15" enqueued="15" />
  <stringconstants candidates="8680" cleared="15"  />
</gc-op>
<gc-op id="25" type="classunload" timems="0.458" contextid="21" timestamp="2019-06-14T18:56:29.126">
  <classunload-info classloadercandidates="17" classloadersunloaded="1" classesunloaded="1" anonymousclassesunloaded="0" quiescems="0.000" setupms="0.448" scanms="0.008" postms="0.002" />
</gc-op>
<gc-op id="26" type="sweep" timems="2.142" contextid="21" timestamp="2019-06-14T18:56:29.128" />
<mem-info id="27" free="2087412920" total="2092630016" percent="99">
  <mem type="tenure" free="2087412920" total="2092630016" percent="99" micro-fragmented="746683">
    <mem type="soa" free="1982781624" total="1987998720" percent="99" />
    <mem type="loa" free="104631296" total="104631296" percent="100" />
  </mem>
  <pending-finalizers system="1" default="0" reference="585" classloader="0" />
</mem-info>
<gc-op id="28" type="compact" timems="19.412" contextid="21" timestamp="2019-06-14T18:56:29.148">
  <compact-info movecount="74828" movebytes="4258696" reason="compact to aid heap contraction" />
</gc-op>
<gc-end id="29" type="global" contextid="21" durationms="33.956" usertimems="56.000" systemtimems="0.000" timestamp="2019-06-14T18:56:29.148" activeThreads="4">
  <mem-info id="30" free="2088352872" total="2092630016" percent="99">
    <mem type="tenure" free="2088352872" total="2092630016" percent="99">
      <mem type="soa" free="1983721576" total="1987998720" percent="99" />
      <mem type="loa" free="104631296" total="104631296" percent="100" />
    </mem>
    <pending-finalizers system="1" default="0" reference="585" classloader="0" />
  </mem-info>
</gc-end>
<cycle-end id="31" type="global" contextid="21" timestamp="2019-06-14T18:56:29.148" />
  <attribute name="elasticGC enabled" value="1" />
  <attribute name= "numThreadsSpecified" value="4" />
  <attribute name="heapSize specified" value="2092630016" />
  <attribute name="Current GC Util" value="69" />
  <attribute name= "Current Time Running" value="6038" />
  <attribute name ="GC Interval" value="0" />
  <attribute name="ProportionalT" value="24.500000" />
  <attribute name="ProportionalI" value="24.500000" />
  <attribute name="ProportionalH" value="24.500000" />
  <attribute name="Current Error" value="49.000000" />
  <attribute name="IntegralT" value="931.000000" />
  <attribute name="IntegralI" value="931.000000" />
  <attribute name="IntegralH" value="931.000000" />
  <attribute name="DerivativeT" value="0.815789" />
  <attribute name="DerivativeI" value="0.815789" />
  <attribute name="DerivativeH" value="0.815789" />
  <attribute name="Loop Time for DT" value="19.000000" />
  <attribute name="Output H" value="8388608"/>
  <attribute name="Output I" value="960"/>
  <attribute name="Output T" value="4"/>
  <attribute name="Target GC Util Change" value ="20.000000" />
  <attribute name="Current GC Util Change" value="69.000000"/>
  <attribute name="GC Util currently" value="69" />
  <attribute name="CPU Util currently" value="235476922677" />
<sys-end id="32" timestamp="2019-06-14T18:56:29.148" />
<exclusive-end id="33" timestamp="2019-06-14T18:56:29.149" durationms="34.697" />

</verbosegc>

