<?xml version="1.0" ?>

<verbosegc xmlns="http://www.ibm.com/j9/verbosegc" version="08cc62e_CMPRSS">

<initialized id="1" timestamp="2019-08-02T22:43:05.770">
  <attribute name="gcPolicy" value="-Xgcpolicy:optthruput" />
  <attribute name="elasticGC enabled" value="1" />
  <attribute name= "numThreadsSpecified" value="0" />
  <attribute name="heapSize specified" value="0" />
  <attribute name= "numCores" value="0" />
  <attribute name ="GC Interval" value="0" />
  <attribute name="GC Util Range Max" value="0" />
  <attribute name="Current GC Util" value="0" />
  <attribute name= "Current Time Running" value="0" />
  <attribute name="maxHeapSize" value="0x7cba0000" />
  <attribute name="initialHeapSize" value="0x800000" />
  <attribute name="compressedRefs" value="true" />
  <attribute name="compressedRefsDisplacement" value="0x0" />
  <attribute name="compressedRefsShift" value="0x0" />
  <attribute name="pageSize" value="0x1000" />
  <attribute name="pageType" value="not used" />
  <attribute name="requestedPageSize" value="0x1000" />
  <attribute name="requestedPageType" value="not used" />
  <attribute name="gcthreads" value="8" />
  <attribute name="packetListSplit" value="8" />
  <attribute name="cacheListSplit" value="8" />
  <attribute name="splitFreeListSplitAmount" value="1" />
  <attribute name="numaNodes" value="0" />
  <system>
    <attribute name="physicalMemory" value="8370401280" />
    <attribute name="numCPUs" value="8" />
    <attribute name="architecture" value="amd64" />
    <attribute name="os" value="Linux" />
    <attribute name="osVersion" value="4.4.0-154-generic" />
  </system>
  <vmargs>
    <vmarg name="-Xoptionsfile=/vagrant/jdk/lib/options.default" />
    <vmarg name="-Xlockword:mode=default,noLockword=java/lang/String,noLockword=java/util/MapEntry,noLockword=java/util/HashMap$Entry,noLockword..." />
    <vmarg name="-Xjcl:jclse29" />
    <vmarg name="-Dcom.ibm.oti.vm.bootstrap.library.path=/vagrant/jdk/lib/compressedrefs:/vagrant/jdk/lib" />
    <vmarg name="-Dsun.boot.library.path=/vagrant/jdk/lib/compressedrefs:/vagrant/jdk/lib" />
    <vmarg name="-Djava.library.path=/vagrant/jdk/lib/compressedrefs:/vagrant/jdk/lib:/usr/lib64:/usr/lib" />
    <vmarg name="-Djava.home=/vagrant/jdk" />
    <vmarg name="-Duser.dir=/vagrant" />
    <vmarg name="-Xgcpolicy:optthruput" />
    <vmarg name="-Xgcelastic" />
    <vmarg name="-Xcheck:gc:::elasticGC" />
    <vmarg name="-verbose:gc" />
    <vmarg name="-Xloggc:jdkG-small-OTT-8core-verbose5jython.txt" />
    <vmarg name="-Djava.class.path=dacapo-9.12-MR1-bach.jar" />
    <vmarg name="-Dsun.java.command=dacapo-9.12-MR1-bach.jar jython --size=small" />
    <vmarg name="-Dsun.java.launcher=SUN_STANDARD" />
    <vmarg name="-Dsun.java.launcher.pid=10005" />
  </vmargs>
</initialized>

<exclusive-start id="2" timestamp="2019-08-02T22:43:07.474" intervalms="1703.799">
  <response-info timems="0.022" idlems="0.022" threads="0" lastid="0000000000B66A00" lastname="main" />
</exclusive-start>
<af-start id="3" threadId="0000000000B67388" totalBytesRequested="2056" timestamp="2019-08-02T22:43:07.474" intervalms="1704.067" />
<cycle-start id="4" type="global" contextid="0" timestamp="2019-08-02T22:43:07.475" intervalms="1704.259" />
<gc-start id="5" type="global" contextid="4" timestamp="2019-08-02T22:43:07.475">
  <mem-info id="6" free="418816" total="8388608" percent="4">
    <mem type="tenure" free="418816" total="8388608" percent="4">
      <mem type="soa" free="0" total="7969792" percent="0" />
      <mem type="loa" free="418816" total="418816" percent="100" />
    </mem>
  </mem-info>
</gc-start>
<allocation-stats totalBytes="7881768" >
  <allocated-bytes non-tlh="357688" tlh="7524080" />
  <largest-consumer threadName="main" threadId="0000000000B66A00" bytes="7792912" />
</allocation-stats>
<gc-op id="7" type="mark" timems="2.610" contextid="4" timestamp="2019-08-02T22:43:07.478">
  <trace-info objectcount="17696" scancount="14640" scanbytes="461688" />
  <finalization candidates="14" enqueued="1" />
  <references type="soft" candidates="63" cleared="0" enqueued="0" dynamicThreshold="32" maxThreshold="32" />
  <references type="weak" candidates="544" cleared="401" enqueued="362" />
  <references type="phantom" candidates="105" cleared="44" enqueued="44" />
  <stringconstants candidates="2406" cleared="0"  />
</gc-op>
<gc-op id="8" type="classunload" timems="0.096" contextid="4" timestamp="2019-08-02T22:43:07.478">
  <classunload-info classloadercandidates="5" classloadersunloaded="0" classesunloaded="0" anonymousclassesunloaded="0" quiescems="0.000" setupms="0.096" scanms="0.000" postms="0.000" />
</gc-op>
<gc-op id="9" type="sweep" timems="0.544" contextid="4" timestamp="2019-08-02T22:43:07.479" />
<gc-end id="10" type="global" contextid="4" durationms="4.437" usertimems="8.000" systemtimems="0.000" timestamp="2019-08-02T22:43:07.479" activeThreads="8">
  <mem-info id="11" free="7184392" total="8388608" percent="85">
    <mem type="tenure" free="7184392" total="8388608" percent="85" micro-fragmented="185178" macro-fragmented="0">
      <mem type="soa" free="6765576" total="7969792" percent="84" />
      <mem type="loa" free="418816" total="418816" percent="100" />
    </mem>
    <pending-finalizers system="1" default="0" reference="406" classloader="0" />
  </mem-info>
</gc-end>
<cycle-end id="12" type="global" contextid="4" timestamp="2019-08-02T22:43:07.479" />
  <attribute name="elasticGC enabled" value="1" />
  <attribute name= "numThreadsSpecified" value="0" />
  <attribute name="heapSize specified" value="0" />
  <attribute name= "numCores" value="8" />
  <attribute name ="GC Interval" value="0" />
  <attribute name ="Control flow" value="2" />
  <attribute name="GC Util Range Max" value="95" />
  <attribute name="Current GC Util" value="52" />
  <attribute name= "Current Time Running" value="3" />
<allocation-satisfied id="13" threadId="0000000000B66A00" bytesRequested="2056" />
<af-end id="14" timestamp="2019-08-02T22:43:07.479" threadId="0000000000B67388" success="true" />
<exclusive-end id="15" timestamp="2019-08-02T22:43:07.480" durationms="5.454" />

<exclusive-start id="16" timestamp="2019-08-02T22:43:08.179" intervalms="705.200">
  <response-info timems="0.051" idlems="0.051" threads="0" lastid="0000000000B66A00" lastname="main" />
</exclusive-start>
<af-start id="17" threadId="0000000000B67388" totalBytesRequested="88" timestamp="2019-08-02T22:43:08.179" intervalms="705.037" />
<cycle-start id="18" type="global" contextid="0" timestamp="2019-08-02T22:43:08.179" intervalms="704.919" />
<gc-start id="19" type="global" contextid="18" timestamp="2019-08-02T22:43:08.179">
  <mem-info id="20" free="418816" total="8388608" percent="4">
    <mem type="tenure" free="418816" total="8388608" percent="4">
      <mem type="soa" free="0" total="7969792" percent="0" />
      <mem type="loa" free="418816" total="418816" percent="100" />
    </mem>
  </mem-info>
</gc-start>
<allocation-stats totalBytes="6513792" >
  <allocated-bytes non-tlh="544392" tlh="5969400" />
  <largest-consumer threadName="main" threadId="0000000000B66A00" bytes="6504552" />
</allocation-stats>
<gc-op id="21" type="mark" timems="0.788" contextid="18" timestamp="2019-08-02T22:43:08.180">
  <trace-info objectcount="17660" scancount="14536" scanbytes="467856" />
  <finalization candidates="13" enqueued="0" />
  <references type="soft" candidates="66" cleared="0" enqueued="0" dynamicThreshold="27" maxThreshold="32" />
  <references type="weak" candidates="170" cleared="28" enqueued="28" />
  <references type="phantom" candidates="86" cleared="1" enqueued="1" />
  <stringconstants candidates="2486" cleared="0"  />
</gc-op>
<gc-op id="22" type="sweep" timems="0.201" contextid="18" timestamp="2019-08-02T22:43:08.181" />
<mem-info id="23" free="6697936" total="8388608" percent="79">
  <mem type="tenure" free="6697936" total="8388608" percent="79" micro-fragmented="141612" macro-fragmented="0">
    <mem type="soa" free="6279120" total="7969792" percent="78" />
    <mem type="loa" free="418816" total="418816" percent="100" />
  </mem>
  <pending-finalizers system="0" default="0" reference="29" classloader="0" />
</mem-info>
<gc-op id="24" type="compact" timems="4.082" contextid="18" timestamp="2019-08-02T22:43:08.185">
  <compact-info movecount="17659" movebytes="1442512" reason="no compaction" />
</gc-op>
<gc-end id="25" type="global" contextid="18" durationms="5.754" usertimems="0.000" systemtimems="8.000" timestamp="2019-08-02T22:43:08.185" activeThreads="8">
  <mem-info id="26" free="6945920" total="8388608" percent="82">
    <mem type="tenure" free="6945920" total="8388608" percent="82">
      <mem type="soa" free="6527104" total="7969792" percent="81" />
      <mem type="loa" free="418816" total="418816" percent="100" />
    </mem>
    <pending-finalizers system="0" default="0" reference="29" classloader="0" />
  </mem-info>
</gc-end>
<cycle-end id="27" type="global" contextid="18" timestamp="2019-08-02T22:43:08.185" />
  <attribute name="elasticGC enabled" value="1" />
  <attribute name= "numThreadsSpecified" value="0" />
  <attribute name="heapSize specified" value="8388608" />
  <attribute name= "numCores" value="8" />
  <attribute name ="GC Interval" value="0" />
  <attribute name ="Control flow" value="2" />
  <attribute name="GC Util Range Max" value="95" />
  <attribute name="Current GC Util" value="49" />
  <attribute name= "Current Time Running" value="710" />
<allocation-satisfied id="28" threadId="0000000000B66A00" bytesRequested="88" />
<af-end id="29" timestamp="2019-08-02T22:43:08.186" threadId="0000000000B67388" success="true" />
<exclusive-end id="30" timestamp="2019-08-02T22:43:08.186" durationms="6.518" />

<exclusive-start id="31" timestamp="2019-08-02T22:43:08.406" intervalms="226.780">
  <response-info timems="0.076" idlems="0.076" threads="0" lastid="0000000000B66A00" lastname="main" />
</exclusive-start>
<af-start id="32" threadId="0000000000B67388" totalBytesRequested="88" timestamp="2019-08-02T22:43:08.406" intervalms="226.806" />
<cycle-start id="33" type="global" contextid="0" timestamp="2019-08-02T22:43:08.406" intervalms="226.839" />
<gc-start id="34" type="global" contextid="33" timestamp="2019-08-02T22:43:08.406">
  <mem-info id="35" free="418816" total="8388608" percent="4">
    <mem type="tenure" free="418816" total="8388608" percent="4">
      <mem type="soa" free="0" total="7969792" percent="0" />
      <mem type="loa" free="418816" total="418816" percent="100" />
    </mem>
  </mem-info>
</gc-start>
<allocation-stats totalBytes="6518448" >
  <allocated-bytes non-tlh="220376" tlh="6298072" />
  <largest-consumer threadName="main" threadId="0000000000B66A00" bytes="6510256" />
</allocation-stats>
<gc-op id="36" type="mark" timems="1.510" contextid="33" timestamp="2019-08-02T22:43:08.408">
  <trace-info objectcount="35072" scancount="28272" scanbytes="927516" />
  <finalization candidates="63" enqueued="1" />
  <ownableSynchronizers candidates="17" cleared="0" />
  <references type="soft" candidates="364" cleared="0" enqueued="0" dynamicThreshold="26" maxThreshold="32" />
  <references type="weak" candidates="1605" cleared="478" enqueued="356" />
  <references type="phantom" candidates="99" cleared="5" enqueued="5" />
  <stringconstants candidates="4440" cleared="0"  />
</gc-op>
<gc-op id="37" type="classunload" timems="0.003" contextid="33" timestamp="2019-08-02T22:43:08.408">
  <classunload-info classloadercandidates="8" classloadersunloaded="0" classesunloaded="0" anonymousclassesunloaded="0" quiescems="0.000" setupms="0.002" scanms="0.000" postms="0.001" />
</gc-op>
<gc-op id="38" type="sweep" timems="0.238" contextid="33" timestamp="2019-08-02T22:43:08.408" />
<mem-info id="39" free="6074696" total="8388608" percent="72">
  <mem type="tenure" free="6074696" total="8388608" percent="72" micro-fragmented="133903" macro-fragmented="0">
    <mem type="soa" free="5655880" total="7969792" percent="70" />
    <mem type="loa" free="418816" total="418816" percent="100" />
  </mem>
  <pending-finalizers system="1" default="0" reference="361" classloader="0" />
</mem-info>
<gc-op id="40" type="compact" timems="7.518" contextid="33" timestamp="2019-08-02T22:43:08.416">
  <compact-info movecount="34407" movebytes="2075640" reason="no compaction" />
</gc-op>
<gc-end id="41" type="global" contextid="33" durationms="9.911" usertimems="8.000" systemtimems="8.000" timestamp="2019-08-02T22:43:08.416" activeThreads="8">
  <mem-info id="42" free="6294488" total="8388608" percent="75">
    <mem type="tenure" free="6294488" total="8388608" percent="75">
      <mem type="soa" free="5875672" total="7969792" percent="73" />
      <mem type="loa" free="418816" total="418816" percent="100" />
    </mem>
    <pending-finalizers system="1" default="0" reference="361" classloader="0" />
  </mem-info>
</gc-end>
<cycle-end id="43" type="global" contextid="33" timestamp="2019-08-02T22:43:08.416" />
  <attribute name="elasticGC enabled" value="1" />
  <attribute name= "numThreadsSpecified" value="0" />
  <attribute name="heapSize specified" value="8388608" />
  <attribute name= "numCores" value="8" />
  <attribute name ="GC Interval" value="0" />
  <attribute name ="Control flow" value="3" />
  <attribute name="GC Util Range Max" value="95" />
  <attribute name="Current GC Util" value="31" />
  <attribute name= "Current Time Running" value="941" />
<allocation-satisfied id="44" threadId="0000000000B66A00" bytesRequested="88" />
<af-end id="45" timestamp="2019-08-02T22:43:08.417" threadId="0000000000B67388" success="true" />
<exclusive-end id="46" timestamp="2019-08-02T22:43:08.417" durationms="10.726" />

<exclusive-start id="47" timestamp="2019-08-02T22:43:10.951" intervalms="2545.184">
  <response-info timems="0.039" idlems="0.039" threads="0" lastid="0000000000B66A00" lastname="main" />
</exclusive-start>
<af-start id="48" threadId="0000000000B67388" totalBytesRequested="88" timestamp="2019-08-02T22:43:10.951" intervalms="2545.162" />
<cycle-start id="49" type="global" contextid="0" timestamp="2019-08-02T22:43:10.951" intervalms="2545.134" />
<gc-start id="50" type="global" contextid="49" timestamp="2019-08-02T22:43:10.951">
  <mem-info id="51" free="418816" total="8388608" percent="4">
    <mem type="tenure" free="418816" total="8388608" percent="4">
      <mem type="soa" free="0" total="7969792" percent="0" />
      <mem type="loa" free="418816" total="418816" percent="100" />
    </mem>
  </mem-info>
</gc-start>
<allocation-stats totalBytes="5867024" >
  <allocated-bytes non-tlh="120584" tlh="5746440" />
  <largest-consumer threadName="main" threadId="0000000000B66A00" bytes="5858832" />
</allocation-stats>
<gc-op id="52" type="mark" timems="2.365" contextid="49" timestamp="2019-08-02T22:43:10.954">
  <trace-info objectcount="41805" scancount="33959" scanbytes="1129196" />
  <finalization candidates="65" enqueued="0" />
  <ownableSynchronizers candidates="17" cleared="0" />
  <references type="soft" candidates="629" cleared="0" enqueued="0" dynamicThreshold="24" maxThreshold="32" />
  <references type="weak" candidates="1779" cleared="41" enqueued="41" />
  <references type="phantom" candidates="98" cleared="3" enqueued="3" />
  <stringconstants candidates="5213" cleared="0"  />
</gc-op>
<gc-op id="53" type="sweep" timems="1.222" contextid="49" timestamp="2019-08-02T22:43:10.955" />
<mem-info id="54" free="5832144" total="8388608" percent="69">
  <mem type="tenure" free="5832144" total="8388608" percent="69" micro-fragmented="59136" macro-fragmented="0">
    <mem type="soa" free="5413328" total="7969792" percent="67" />
    <mem type="loa" free="418816" total="418816" percent="100" />
  </mem>
  <pending-finalizers system="0" default="0" reference="44" classloader="0" />
</mem-info>
<gc-op id="55" type="compact" timems="12.286" contextid="49" timestamp="2019-08-02T22:43:10.968">
  <compact-info movecount="40344" movebytes="2346976" reason="no compaction" />
</gc-op>
<gc-end id="56" type="global" contextid="49" durationms="16.887" usertimems="24.000" systemtimems="4.000" timestamp="2019-08-02T22:43:10.968" activeThreads="8">
  <mem-info id="57" free="5988984" total="8388608" percent="71">
    <mem type="tenure" free="5988984" total="8388608" percent="71">
      <mem type="soa" free="5570168" total="7969792" percent="69" />
      <mem type="loa" free="418816" total="418816" percent="100" />
    </mem>
    <pending-finalizers system="0" default="0" reference="44" classloader="0" />
  </mem-info>
</gc-end>
<cycle-end id="58" type="global" contextid="49" timestamp="2019-08-02T22:43:10.968" />
  <attribute name="elasticGC enabled" value="1" />
  <attribute name= "numThreadsSpecified" value="0" />
  <attribute name="heapSize specified" value="8388608" />
  <attribute name= "numCores" value="8" />
  <attribute name ="GC Interval" value="0" />
  <attribute name ="Control flow" value="2" />
  <attribute name="GC Util Range Max" value="95" />
  <attribute name="Current GC Util" value="67" />
  <attribute name= "Current Time Running" value="3492" />
<allocation-satisfied id="59" threadId="0000000000B66A00" bytesRequested="88" />
<af-end id="60" timestamp="2019-08-02T22:43:10.969" threadId="0000000000B67388" success="true" />
<exclusive-end id="61" timestamp="2019-08-02T22:43:10.969" durationms="17.515" />

<exclusive-start id="62" timestamp="2019-08-02T22:43:11.122" intervalms="170.440">
  <response-info timems="0.092" idlems="0.092" threads="0" lastid="0000000000B66A00" lastname="main" />
</exclusive-start>
<af-start id="63" threadId="0000000000B67388" totalBytesRequested="88" timestamp="2019-08-02T22:43:11.122" intervalms="170.446" />
<cycle-start id="64" type="global" contextid="0" timestamp="2019-08-02T22:43:11.122" intervalms="170.464" />
<gc-start id="65" type="global" contextid="64" timestamp="2019-08-02T22:43:11.122">
  <mem-info id="66" free="418816" total="8388608" percent="4">
    <mem type="tenure" free="418816" total="8388608" percent="4">
      <mem type="soa" free="0" total="7969792" percent="0" />
      <mem type="loa" free="418816" total="418816" percent="100" />
    </mem>
  </mem-info>
</gc-start>
<allocation-stats totalBytes="5541080" >
  <allocated-bytes non-tlh="581656" tlh="4959424" />
  <largest-consumer threadName="main" threadId="0000000000B66A00" bytes="5472080" />
</allocation-stats>
<gc-op id="67" type="mark" timems="5.507" contextid="64" timestamp="2019-08-02T22:43:11.128">
  <trace-info objectcount="52914" scancount="43673" scanbytes="1481352" />
  <finalization candidates="80" enqueued="0" />
  <ownableSynchronizers candidates="21" cleared="0" />
  <references type="soft" candidates="968" cleared="0" enqueued="0" dynamicThreshold="22" maxThreshold="32" />
  <references type="weak" candidates="3407" cleared="456" enqueued="308" />
  <references type="phantom" candidates="105" cleared="4" enqueued="4" />
  <stringconstants candidates="6228" cleared="0"  />
</gc-op>
<gc-op id="68" type="classunload" timems="0.002" contextid="64" timestamp="2019-08-02T22:43:11.128">
  <classunload-info classloadercandidates="11" classloadersunloaded="0" classesunloaded="0" anonymousclassesunloaded="0" quiescems="0.000" setupms="0.002" scanms="0.000" postms="0.000" />
</gc-op>
<gc-op id="69" type="sweep" timems="1.134" contextid="64" timestamp="2019-08-02T22:43:11.129" />
<gc-end id="70" type="global" contextid="64" durationms="8.224" usertimems="16.000" systemtimems="0.000" timestamp="2019-08-02T22:43:11.130" activeThreads="8">
  <mem-info id="71" free="4678672" total="8388608" percent="55">
    <mem type="tenure" free="4678672" total="8388608" percent="55" micro-fragmented="177443" macro-fragmented="0">
      <mem type="soa" free="4259856" total="7969792" percent="53" />
      <mem type="loa" free="418816" total="418816" percent="100" />
    </mem>
    <pending-finalizers system="0" default="0" reference="312" classloader="0" />
  </mem-info>
</gc-end>
<cycle-end id="72" type="global" contextid="64" timestamp="2019-08-02T22:43:11.130" />
  <attribute name="elasticGC enabled" value="1" />
  <attribute name= "numThreadsSpecified" value="0" />
  <attribute name="heapSize specified" value="8388608" />
  <attribute name= "numCores" value="8" />
  <attribute name ="GC Interval" value="0" />
  <attribute name ="Control flow" value="2" />
  <attribute name="GC Util Range Max" value="95" />
  <attribute name="Current GC Util" value="124" />
  <attribute name= "Current Time Running" value="3654" />
<allocation-satisfied id="73" threadId="0000000000B66A00" bytesRequested="88" />
<af-end id="74" timestamp="2019-08-02T22:43:11.130" threadId="0000000000B67388" success="true" />
<exclusive-end id="75" timestamp="2019-08-02T22:43:11.131" durationms="8.877" />

<exclusive-start id="76" timestamp="2019-08-02T22:43:11.147" intervalms="25.498">
  <response-info timems="0.055" idlems="0.055" threads="0" lastid="0000000000B66A00" lastname="main" />
</exclusive-start>
<af-start id="77" threadId="0000000000B67388" totalBytesRequested="261128" timestamp="2019-08-02T22:43:11.147" intervalms="25.454" />
<cycle-start id="78" type="global" contextid="0" timestamp="2019-08-02T22:43:11.147" intervalms="25.449" />
<gc-start id="79" type="global" contextid="78" timestamp="2019-08-02T22:43:11.147">
  <mem-info id="80" free="3655920" total="8388608" percent="43">
    <mem type="tenure" free="3655920" total="8388608" percent="43">
      <mem type="soa" free="3655920" total="7969792" percent="45" />
      <mem type="loa" free="0" total="418816" percent="0" />
    </mem>
  </mem-info>
</gc-start>
<allocation-stats totalBytes="962224" >
  <allocated-bytes non-tlh="685968" tlh="276256" />
  <largest-consumer threadName="main" threadId="0000000000B66A00" bytes="952448" />
</allocation-stats>
<heap-resize id="81" type="loa expand" space="tenure" amount="83968" count="1" timems="0.000" reason="expand on failed allocate" timestamp="2019-08-02T22:43:11.147" />
<gc-op id="82" type="mark" timems="2.659" contextid="78" timestamp="2019-08-02T22:43:11.150">
  <trace-info objectcount="53554" scancount="44143" scanbytes="1495904" />
  <finalization candidates="80" enqueued="0" />
  <ownableSynchronizers candidates="21" cleared="0" />
  <references type="soft" candidates="968" cleared="0" enqueued="0" dynamicThreshold="17" maxThreshold="32" />
  <references type="weak" candidates="2953" cleared="1" enqueued="1" />
  <references type="phantom" candidates="102" cleared="0" enqueued="0" />
  <stringconstants candidates="6418" cleared="0"  />
</gc-op>
<gc-op id="83" type="sweep" timems="0.657" contextid="78" timestamp="2019-08-02T22:43:11.151" />
<mem-info id="84" free="4242456" total="8388608" percent="50">
  <mem type="tenure" free="4242456" total="8388608" percent="50" micro-fragmented="255749" macro-fragmented="0">
    <mem type="soa" free="4158488" total="7885824" percent="52" />
    <mem type="loa" free="83968" total="502784" percent="16" />
  </mem>
  <pending-finalizers system="0" default="0" reference="1" classloader="0" />
</mem-info>
<gc-op id="85" type="compact" timems="13.479" contextid="78" timestamp="2019-08-02T22:43:11.165">
  <compact-info movecount="52800" movebytes="3826376" reason="no compaction" />
</gc-op>
<gc-end id="86" type="global" contextid="78" durationms="17.619" usertimems="24.000" systemtimems="0.000" timestamp="2019-08-02T22:43:11.165" activeThreads="8">
  <mem-info id="87" free="4280024" total="8388608" percent="51">
    <mem type="tenure" free="4280024" total="8388608" percent="51">
      <mem type="soa" free="3777240" total="7885824" percent="47" />
      <mem type="loa" free="502784" total="502784" percent="100" />
    </mem>
    <pending-finalizers system="0" default="0" reference="1" classloader="0" />
  </mem-info>
</gc-end>
<cycle-end id="88" type="global" contextid="78" timestamp="2019-08-02T22:43:11.165" />
  <attribute name="elasticGC enabled" value="1" />
  <attribute name= "numThreadsSpecified" value="0" />
  <attribute name="heapSize specified" value="8388608" />
  <attribute name= "numCores" value="8" />
  <attribute name ="GC Interval" value="0" />
  <attribute name ="Control flow" value="3" />
  <attribute name="GC Util Range Max" value="95" />
  <attribute name="Current GC Util" value="47" />
  <attribute name= "Current Time Running" value="3689" />
<allocation-satisfied id="89" threadId="0000000000B66A00" bytesRequested="261128" />
<af-end id="90" timestamp="2019-08-02T22:43:11.165" threadId="0000000000B67388" success="true" />
<exclusive-end id="91" timestamp="2019-08-02T22:43:11.165" durationms="18.173" />

<exclusive-start id="92" timestamp="2019-08-02T22:43:11.285" intervalms="138.264">
  <response-info timems="0.032" idlems="0.032" threads="0" lastid="0000000000B66A00" lastname="main" />
</exclusive-start>
<af-start id="93" threadId="0000000000B67388" totalBytesRequested="88" timestamp="2019-08-02T22:43:11.286" intervalms="138.294" />
<cycle-start id="94" type="global" contextid="0" timestamp="2019-08-02T22:43:11.286" intervalms="138.274" />
<gc-start id="95" type="global" contextid="94" timestamp="2019-08-02T22:43:11.286">
  <mem-info id="96" free="502784" total="8388608" percent="5">
    <mem type="tenure" free="502784" total="8388608" percent="5">
      <mem type="soa" free="0" total="7885824" percent="0" />
      <mem type="loa" free="502784" total="502784" percent="100" />
    </mem>
  </mem-info>
</gc-start>
<allocation-stats totalBytes="3983240" >
  <allocated-bytes non-tlh="575736" tlh="3407504" />
  <largest-consumer threadName="main" threadId="0000000000B66A00" bytes="3983240" />
</allocation-stats>
<gc-op id="97" type="mark" timems="3.226" contextid="94" timestamp="2019-08-02T22:43:11.289">
  <trace-info objectcount="61017" scancount="50327" scanbytes="1748000" />
  <finalization candidates="80" enqueued="0" />
  <ownableSynchronizers candidates="21" cleared="0" />
  <references type="soft" candidates="1022" cleared="0" enqueued="0" dynamicThreshold="16" maxThreshold="32" />
  <references type="weak" candidates="3085" cleared="2" enqueued="2" />
  <references type="phantom" candidates="101" cleared="0" enqueued="0" />
  <stringconstants candidates="6955" cleared="0"  />
</gc-op>
<gc-op id="98" type="sweep" timems="0.718" contextid="94" timestamp="2019-08-02T22:43:11.290" />
<gc-end id="99" type="global" contextid="94" durationms="4.926" usertimems="12.000" systemtimems="0.000" timestamp="2019-08-02T22:43:11.291" activeThreads="8">
  <mem-info id="100" free="4248384" total="8388608" percent="50">
    <mem type="tenure" free="4248384" total="8388608" percent="50" micro-fragmented="60772" macro-fragmented="0">
      <mem type="soa" free="3745600" total="7885824" percent="47" />
      <mem type="loa" free="502784" total="502784" percent="100" />
    </mem>
    <pending-finalizers system="0" default="0" reference="2" classloader="0" />
  </mem-info>
</gc-end>
<cycle-end id="101" type="global" contextid="94" timestamp="2019-08-02T22:43:11.291" />
  <attribute name="elasticGC enabled" value="1" />
  <attribute name= "numThreadsSpecified" value="0" />
  <attribute name="heapSize specified" value="8388608" />
  <attribute name= "numCores" value="8" />
  <attribute name ="GC Interval" value="0" />
  <attribute name ="Control flow" value="2" />
  <attribute name="GC Util Range Max" value="95" />
  <attribute name="Current GC Util" value="200" />
  <attribute name= "Current Time Running" value="3814" />
<allocation-satisfied id="102" threadId="0000000000B66A00" bytesRequested="88" />
<af-end id="103" timestamp="2019-08-02T22:43:11.291" threadId="0000000000B67388" success="true" />
<exclusive-end id="104" timestamp="2019-08-02T22:43:11.291" durationms="5.384" />

<exclusive-start id="105" timestamp="2019-08-02T22:43:11.372" intervalms="86.969">
  <response-info timems="0.044" idlems="0.044" threads="0" lastid="0000000000B66A00" lastname="main" />
</exclusive-start>
<af-start id="106" threadId="0000000000B67388" totalBytesRequested="88" timestamp="2019-08-02T22:43:11.372" intervalms="86.966" />
<cycle-start id="107" type="global" contextid="0" timestamp="2019-08-02T22:43:11.373" intervalms="86.976" />
<gc-start id="108" type="global" contextid="107" timestamp="2019-08-02T22:43:11.373">
  <mem-info id="109" free="502784" total="8388608" percent="5">
    <mem type="tenure" free="502784" total="8388608" percent="5">
      <mem type="soa" free="0" total="7885824" percent="0" />
      <mem type="loa" free="502784" total="502784" percent="100" />
    </mem>
  </mem-info>
</gc-start>
<allocation-stats totalBytes="3716928" >
  <allocated-bytes non-tlh="664320" tlh="3052608" />
  <largest-consumer threadName="main" threadId="0000000000B66A00" bytes="3716928" />
</allocation-stats>
<gc-op id="110" type="mark" timems="1.902" contextid="107" timestamp="2019-08-02T22:43:11.375">
  <trace-info objectcount="64187" scancount="53050" scanbytes="1849380" />
  <finalization candidates="80" enqueued="0" />
  <ownableSynchronizers candidates="21" cleared="0" />
  <references type="soft" candidates="1022" cleared="0" enqueued="0" dynamicThreshold="16" maxThreshold="32" />
  <references type="weak" candidates="3421" cleared="0" enqueued="0" />
  <references type="phantom" candidates="101" cleared="0" enqueued="0" />
  <stringconstants candidates="7286" cleared="0"  />
</gc-op>
<gc-op id="111" type="sweep" timems="0.291" contextid="107" timestamp="2019-08-02T22:43:11.375" />
<mem-info id="112" free="4051288" total="8388608" percent="48">
  <mem type="tenure" free="4051288" total="8388608" percent="48" micro-fragmented="119489" macro-fragmented="0">
    <mem type="soa" free="3548504" total="7885824" percent="44" />
    <mem type="loa" free="502784" total="502784" percent="100" />
  </mem>
</mem-info>
<gc-op id="113" type="compact" timems="10.051" contextid="107" timestamp="2019-08-02T22:43:11.385">
  <compact-info movecount="44637" movebytes="2645680" reason="no compaction" />
</gc-op>
<gc-end id="114" type="global" contextid="107" durationms="12.888" usertimems="24.000" systemtimems="0.000" timestamp="2019-08-02T22:43:11.386" activeThreads="8">
  <mem-info id="115" free="4219656" total="8388608" percent="50">
    <mem type="tenure" free="4219656" total="8388608" percent="50">
      <mem type="soa" free="3716872" total="7885824" percent="47" />
      <mem type="loa" free="502784" total="502784" percent="100" />
    </mem>
  </mem-info>
</gc-end>
<cycle-end id="116" type="global" contextid="107" timestamp="2019-08-02T22:43:11.386" />
  <attribute name="elasticGC enabled" value="1" />
  <attribute name= "numThreadsSpecified" value="0" />
  <attribute name="heapSize specified" value="8388608" />
  <attribute name= "numCores" value="8" />
  <attribute name ="GC Interval" value="0" />
  <attribute name ="Control flow" value="2" />
  <attribute name="GC Util Range Max" value="95" />
  <attribute name="Current GC Util" value="32" />
  <attribute name= "Current Time Running" value="3910" />
<allocation-satisfied id="117" threadId="0000000000B66A00" bytesRequested="88" />
<af-end id="118" timestamp="2019-08-02T22:43:11.386" threadId="0000000000B67388" success="true" />
<exclusive-end id="119" timestamp="2019-08-02T22:43:11.386" durationms="13.524" />

<exclusive-start id="120" timestamp="2019-08-02T22:43:11.445" intervalms="72.727">
  <response-info timems="0.041" idlems="0.041" threads="0" lastid="0000000000B66A00" lastname="main" />
</exclusive-start>
<af-start id="121" threadId="0000000000B67388" totalBytesRequested="3080" timestamp="2019-08-02T22:43:11.445" intervalms="72.721" />
<cycle-start id="122" type="global" contextid="0" timestamp="2019-08-02T22:43:11.445" intervalms="72.713" />
<gc-start id="123" type="global" contextid="122" timestamp="2019-08-02T22:43:11.445">
  <mem-info id="124" free="502784" total="8388608" percent="5">
    <mem type="tenure" free="502784" total="8388608" percent="5">
      <mem type="soa" free="0" total="7885824" percent="0" />
      <mem type="loa" free="502784" total="502784" percent="100" />
    </mem>
  </mem-info>
</gc-start>
<allocation-stats totalBytes="3714768" >
  <allocated-bytes non-tlh="21600" tlh="3693168" />
  <largest-consumer threadName="main" threadId="0000000000B66A00" bytes="3714768" />
</allocation-stats>
<gc-op id="125" type="mark" timems="1.508" contextid="122" timestamp="2019-08-02T22:43:11.447">
  <trace-info objectcount="68844" scancount="57142" scanbytes="2002280" />
  <finalization candidates="80" enqueued="0" />
  <ownableSynchronizers candidates="21" cleared="0" />
  <references type="soft" candidates="1022" cleared="0" enqueued="0" dynamicThreshold="16" maxThreshold="32" />
  <references type="weak" candidates="3582" cleared="0" enqueued="0" />
  <references type="phantom" candidates="102" cleared="0" enqueued="0" />
  <stringconstants candidates="7405" cleared="0"  />
</gc-op>
<gc-op id="126" type="sweep" timems="0.240" contextid="122" timestamp="2019-08-02T22:43:11.447" />
<gc-end id="127" type="global" contextid="122" durationms="2.532" usertimems="8.000" systemtimems="0.000" timestamp="2019-08-02T22:43:11.448" activeThreads="8">
  <mem-info id="128" free="3901840" total="8388608" percent="46">
    <mem type="tenure" free="3901840" total="8388608" percent="46" micro-fragmented="35840" macro-fragmented="0">
      <mem type="soa" free="3399056" total="7885824" percent="43" />
      <mem type="loa" free="502784" total="502784" percent="100" />
    </mem>
  </mem-info>
</gc-end>
<cycle-end id="129" type="global" contextid="122" timestamp="2019-08-02T22:43:11.448" />
  <attribute name="elasticGC enabled" value="1" />
  <attribute name= "numThreadsSpecified" value="0" />
  <attribute name="heapSize specified" value="8388608" />
  <attribute name= "numCores" value="8" />
  <attribute name ="GC Interval" value="0" />
  <attribute name ="Control flow" value="2" />
  <attribute name="GC Util Range Max" value="95" />
  <attribute name="Current GC Util" value="37" />
  <attribute name= "Current Time Running" value="3972" />
<allocation-satisfied id="130" threadId="0000000000B66A00" bytesRequested="3080" />
<af-end id="131" timestamp="2019-08-02T22:43:11.448" threadId="0000000000B67388" success="true" />
<exclusive-end id="132" timestamp="2019-08-02T22:43:11.448" durationms="3.013" />

<exclusive-start id="133" timestamp="2019-08-02T22:43:11.491" intervalms="46.165">
  <response-info timems="0.059" idlems="0.059" threads="0" lastid="0000000000B66A00" lastname="main" />
</exclusive-start>
<af-start id="134" threadId="0000000000B67388" totalBytesRequested="7176" timestamp="2019-08-02T22:43:11.491" intervalms="46.171" />
<cycle-start id="135" type="global" contextid="0" timestamp="2019-08-02T22:43:11.491" intervalms="46.171" />
<gc-start id="136" type="global" contextid="135" timestamp="2019-08-02T22:43:11.492">
  <mem-info id="137" free="512816" total="8388608" percent="6">
    <mem type="tenure" free="512816" total="8388608" percent="6">
      <mem type="soa" free="10032" total="7885824" percent="0" />
      <mem type="loa" free="502784" total="502784" percent="100" />
    </mem>
  </mem-info>
</gc-start>
<allocation-stats totalBytes="3360200" >
  <allocated-bytes non-tlh="342288" tlh="3017912" />
  <largest-consumer threadName="main" threadId="0000000000B66A00" bytes="3360200" />
</allocation-stats>
<gc-op id="138" type="mark" timems="1.633" contextid="135" timestamp="2019-08-02T22:43:11.493">
  <trace-info objectcount="73231" scancount="61010" scanbytes="2146080" />
  <finalization candidates="80" enqueued="0" />
  <ownableSynchronizers candidates="21" cleared="0" />
  <references type="soft" candidates="1022" cleared="0" enqueued="0" dynamicThreshold="14" maxThreshold="32" />
  <references type="weak" candidates="3724" cleared="0" enqueued="0" />
  <references type="phantom" candidates="102" cleared="0" enqueued="0" />
  <stringconstants candidates="7512" cleared="0"  />
</gc-op>
<gc-op id="139" type="sweep" timems="0.288" contextid="135" timestamp="2019-08-02T22:43:11.494" />
<gc-end id="140" type="global" contextid="135" durationms="2.746" usertimems="12.000" systemtimems="0.000" timestamp="2019-08-02T22:43:11.494" activeThreads="8">
  <mem-info id="141" free="3544784" total="8388608" percent="42">
    <mem type="tenure" free="3544784" total="8388608" percent="42" micro-fragmented="224155" macro-fragmented="0">
      <mem type="soa" free="3042000" total="7885824" percent="38" />
      <mem type="loa" free="502784" total="502784" percent="100" />
    </mem>
  </mem-info>
</gc-end>
<cycle-end id="142" type="global" contextid="135" timestamp="2019-08-02T22:43:11.494" />
  <attribute name="elasticGC enabled" value="1" />
  <attribute name= "numThreadsSpecified" value="0" />
  <attribute name="heapSize specified" value="8388608" />
  <attribute name= "numCores" value="8" />
  <attribute name ="GC Interval" value="0" />
  <attribute name ="Control flow" value="2" />
  <attribute name="GC Util Range Max" value="95" />
  <attribute name="Current GC Util" value="38" />
  <attribute name= "Current Time Running" value="4018" />
<allocation-satisfied id="143" threadId="0000000000B66A00" bytesRequested="7176" />
<af-end id="144" timestamp="2019-08-02T22:43:11.494" threadId="0000000000B67388" success="true" />
<exclusive-end id="145" timestamp="2019-08-02T22:43:11.495" durationms="3.241" />

<exclusive-start id="146" timestamp="2019-08-02T22:43:11.512" intervalms="20.791">
  <response-info timems="0.058" idlems="0.058" threads="0" lastid="0000000000B66A00" lastname="main" />
</exclusive-start>
<af-start id="147" threadId="0000000000B67388" totalBytesRequested="56936" timestamp="2019-08-02T22:43:11.512" intervalms="20.789" />
<cycle-start id="148" type="global" contextid="0" timestamp="2019-08-02T22:43:11.512" intervalms="20.796" />
<gc-start id="149" type="global" contextid="148" timestamp="2019-08-02T22:43:11.512">
  <mem-info id="150" free="2532360" total="8388608" percent="30">
    <mem type="tenure" free="2532360" total="8388608" percent="30">
      <mem type="soa" free="2029576" total="7885824" percent="25" />
      <mem type="loa" free="502784" total="502784" percent="100" />
    </mem>
  </mem-info>
</gc-start>
<allocation-stats totalBytes="977984" >
  <allocated-bytes non-tlh="497680" tlh="480304" />
  <largest-consumer threadName="main" threadId="0000000000B66A00" bytes="977984" />
</allocation-stats>
<gc-op id="151" type="mark" timems="1.653" contextid="148" timestamp="2019-08-02T22:43:11.514">
  <trace-info objectcount="71546" scancount="59683" scanbytes="2045092" />
  <finalization candidates="80" enqueued="0" />
  <ownableSynchronizers candidates="21" cleared="0" />
  <references type="soft" candidates="1024" cleared="0" enqueued="0" dynamicThreshold="13" maxThreshold="32" />
  <references type="weak" candidates="3750" cleared="2" enqueued="2" />
  <references type="phantom" candidates="101" cleared="0" enqueued="0" />
  <stringconstants candidates="7594" cleared="0"  />
</gc-op>
<gc-op id="152" type="sweep" timems="0.292" contextid="148" timestamp="2019-08-02T22:43:11.514" />
<mem-info id="153" free="3693912" total="8388608" percent="44">
  <mem type="tenure" free="3693912" total="8388608" percent="44" micro-fragmented="249180" macro-fragmented="0">
    <mem type="soa" free="3191128" total="7885824" percent="40" />
    <mem type="loa" free="502784" total="502784" percent="100" />
  </mem>
  <pending-finalizers system="0" default="0" reference="2" classloader="0" />
</mem-info>
<gc-op id="154" type="compact" timems="10.232" contextid="148" timestamp="2019-08-02T22:43:11.525">
  <compact-info movecount="47655" movebytes="2574168" reason="no compaction" />
</gc-op>
<gc-end id="155" type="global" contextid="148" durationms="12.765" usertimems="20.000" systemtimems="0.000" timestamp="2019-08-02T22:43:11.525" activeThreads="8">
  <mem-info id="156" free="4072312" total="8388608" percent="48">
    <mem type="tenure" free="4072312" total="8388608" percent="48">
      <mem type="soa" free="3569528" total="7885824" percent="45" />
      <mem type="loa" free="502784" total="502784" percent="100" />
    </mem>
    <pending-finalizers system="0" default="0" reference="2" classloader="0" />
  </mem-info>
</gc-end>
<cycle-end id="157" type="global" contextid="148" timestamp="2019-08-02T22:43:11.525" />
  <attribute name="elasticGC enabled" value="1" />
  <attribute name= "numThreadsSpecified" value="0" />
  <attribute name="heapSize specified" value="8388608" />
  <attribute name= "numCores" value="8" />
  <attribute name ="GC Interval" value="0" />
  <attribute name ="Control flow" value="2" />
  <attribute name="GC Util Range Max" value="95" />
  <attribute name="Current GC Util" value="30" />
  <attribute name= "Current Time Running" value="4050" />
<allocation-satisfied id="158" threadId="0000000000B66A00" bytesRequested="56936" />
<af-end id="159" timestamp="2019-08-02T22:43:11.525" threadId="0000000000B67388" success="true" />
<exclusive-end id="160" timestamp="2019-08-02T22:43:11.526" durationms="13.443" />

<exclusive-start id="161" timestamp="2019-08-02T22:43:11.573" intervalms="60.751">
  <response-info timems="0.030" idlems="0.030" threads="0" lastid="0000000000B66A00" lastname="main" />
</exclusive-start>
<af-start id="162" threadId="0000000000B67388" totalBytesRequested="776" timestamp="2019-08-02T22:43:11.573" intervalms="60.746" />
<cycle-start id="163" type="global" contextid="0" timestamp="2019-08-02T22:43:11.573" intervalms="60.739" />
<gc-start id="164" type="global" contextid="163" timestamp="2019-08-02T22:43:11.573">
  <mem-info id="165" free="502784" total="8388608" percent="5">
    <mem type="tenure" free="502784" total="8388608" percent="5">
      <mem type="soa" free="0" total="7885824" percent="0" />
      <mem type="loa" free="502784" total="502784" percent="100" />
    </mem>
  </mem-info>
</gc-start>
<allocation-stats totalBytes="3625280" >
  <allocated-bytes non-tlh="143992" tlh="3481288" />
  <largest-consumer threadName="main" threadId="0000000000B66A00" bytes="3625280" />
</allocation-stats>
<gc-op id="166" type="mark" timems="1.580" contextid="163" timestamp="2019-08-02T22:43:11.575">
  <trace-info objectcount="63495" scancount="51852" scanbytes="1741104" />
  <finalization candidates="80" enqueued="0" />
  <ownableSynchronizers candidates="21" cleared="0" />
  <references type="soft" candidates="1095" cleared="0" enqueued="0" dynamicThreshold="15" maxThreshold="32" />
  <references type="weak" candidates="3772" cleared="4" enqueued="4" />
  <references type="phantom" candidates="100" cleared="0" enqueued="0" />
  <stringconstants candidates="7790" cleared="12"  />
</gc-op>
<gc-op id="167" type="sweep" timems="0.202" contextid="163" timestamp="2019-08-02T22:43:11.575" />
<mem-info id="168" free="4412984" total="8388608" percent="52">
  <mem type="tenure" free="4412984" total="8388608" percent="52" micro-fragmented="66670" macro-fragmented="0">
    <mem type="soa" free="3910200" total="7885824" percent="49" />
    <mem type="loa" free="502784" total="502784" percent="100" />
  </mem>
  <pending-finalizers system="0" default="0" reference="4" classloader="0" />
</mem-info>
<gc-op id="169" type="compact" timems="10.133" contextid="163" timestamp="2019-08-02T22:43:11.585">
  <compact-info movecount="43777" movebytes="2356072" reason="no compaction" />
</gc-op>
<gc-end id="170" type="global" contextid="163" durationms="12.486" usertimems="16.000" systemtimems="0.000" timestamp="2019-08-02T22:43:11.586" activeThreads="8">
  <mem-info id="171" free="4436256" total="8388608" percent="52">
    <mem type="tenure" free="4436256" total="8388608" percent="52">
      <mem type="soa" free="3933472" total="7885824" percent="49" />
      <mem type="loa" free="502784" total="502784" percent="100" />
    </mem>
    <pending-finalizers system="0" default="0" reference="4" classloader="0" />
  </mem-info>
</gc-end>
<cycle-end id="172" type="global" contextid="163" timestamp="2019-08-02T22:43:11.586" />
  <attribute name="elasticGC enabled" value="1" />
  <attribute name= "numThreadsSpecified" value="0" />
  <attribute name="heapSize specified" value="8388608" />
  <attribute name= "numCores" value="8" />
  <attribute name ="GC Interval" value="0" />
  <attribute name ="Control flow" value="2" />
  <attribute name="GC Util Range Max" value="95" />
  <attribute name="Current GC Util" value="33" />
  <attribute name= "Current Time Running" value="4110" />
<allocation-satisfied id="173" threadId="0000000000B66A00" bytesRequested="776" />
<af-end id="174" timestamp="2019-08-02T22:43:11.586" threadId="0000000000B67388" success="true" />
<exclusive-end id="175" timestamp="2019-08-02T22:43:11.586" durationms="13.088" />

<exclusive-start id="176" timestamp="2019-08-02T22:43:11.631" intervalms="58.645">
  <response-info timems="0.080" idlems="0.080" threads="0" lastid="0000000000B66A00" lastname="main" />
</exclusive-start>
<af-start id="177" threadId="0000000000B67388" totalBytesRequested="32" timestamp="2019-08-02T22:43:11.632" intervalms="58.736" />
<cycle-start id="178" type="global" contextid="0" timestamp="2019-08-02T22:43:11.632" intervalms="58.798" />
<gc-start id="179" type="global" contextid="178" timestamp="2019-08-02T22:43:11.632">
  <mem-info id="180" free="502784" total="8388608" percent="5">
    <mem type="tenure" free="502784" total="8388608" percent="5">
      <mem type="soa" free="0" total="7885824" percent="0" />
      <mem type="loa" free="502784" total="502784" percent="100" />
    </mem>
  </mem-info>
</gc-start>
<allocation-stats totalBytes="3998152" >
  <allocated-bytes non-tlh="271520" tlh="3726632" />
  <largest-consumer threadName="main" threadId="0000000000B66A00" bytes="3989904" />
</allocation-stats>
<gc-op id="181" type="mark" timems="1.681" contextid="178" timestamp="2019-08-02T22:43:11.634">
  <trace-info objectcount="71907" scancount="59834" scanbytes="2123864" />
  <finalization candidates="80" enqueued="0" />
  <ownableSynchronizers candidates="21" cleared="0" />
  <references type="soft" candidates="1097" cleared="0" enqueued="0" dynamicThreshold="16" maxThreshold="32" />
  <references type="weak" candidates="3811" cleared="4" enqueued="4" />
  <references type="phantom" candidates="101" cleared="0" enqueued="0" />
  <stringconstants candidates="7821" cleared="0"  />
</gc-op>
<gc-op id="182" type="sweep" timems="0.236" contextid="178" timestamp="2019-08-02T22:43:11.634" />
<gc-end id="183" type="global" contextid="178" durationms="2.872" usertimems="8.000" systemtimems="0.000" timestamp="2019-08-02T22:43:11.635" activeThreads="8">
  <mem-info id="184" free="3571232" total="8388608" percent="42">
    <mem type="tenure" free="3571232" total="8388608" percent="42" micro-fragmented="144085" macro-fragmented="0">
      <mem type="soa" free="3068448" total="7885824" percent="38" />
      <mem type="loa" free="502784" total="502784" percent="100" />
    </mem>
    <pending-finalizers system="0" default="0" reference="4" classloader="0" />
  </mem-info>
</gc-end>
<cycle-end id="185" type="global" contextid="178" timestamp="2019-08-02T22:43:11.635" />
  <attribute name="elasticGC enabled" value="1" />
  <attribute name= "numThreadsSpecified" value="0" />
  <attribute name="heapSize specified" value="8388608" />
  <attribute name= "numCores" value="8" />
  <attribute name ="GC Interval" value="0" />
  <attribute name ="Control flow" value="3" />
  <attribute name="GC Util Range Max" value="95" />
  <attribute name="Current GC Util" value="41" />
  <attribute name= "Current Time Running" value="4159" />
<allocation-satisfied id="186" threadId="0000000000B66A00" bytesRequested="32" />
<af-end id="187" timestamp="2019-08-02T22:43:11.635" threadId="0000000000B67388" success="true" />
<exclusive-end id="188" timestamp="2019-08-02T22:43:11.635" durationms="3.567" />

<exclusive-start id="189" timestamp="2019-08-02T22:43:11.662" intervalms="30.195">
  <response-info timems="0.119" idlems="0.119" threads="0" lastid="0000000000B66A00" lastname="main" />
</exclusive-start>
<af-start id="190" threadId="0000000000B67388" totalBytesRequested="32" timestamp="2019-08-02T22:43:11.662" intervalms="30.166" />
<cycle-start id="191" type="global" contextid="0" timestamp="2019-08-02T22:43:11.662" intervalms="30.158" />
<gc-start id="192" type="global" contextid="191" timestamp="2019-08-02T22:43:11.662">
  <mem-info id="193" free="502784" total="8388608" percent="5">
    <mem type="tenure" free="502784" total="8388608" percent="5">
      <mem type="soa" free="0" total="7885824" percent="0" />
      <mem type="loa" free="502784" total="502784" percent="100" />
    </mem>
  </mem-info>
</gc-start>
<allocation-stats totalBytes="3124880" >
  <allocated-bytes non-tlh="105312" tlh="3019568" />
  <largest-consumer threadName="main" threadId="0000000000B66A00" bytes="3124880" />
</allocation-stats>
<gc-op id="194" type="mark" timems="1.750" contextid="191" timestamp="2019-08-02T22:43:11.664">
  <trace-info objectcount="76480" scancount="63929" scanbytes="2278308" />
  <finalization candidates="80" enqueued="0" />
  <ownableSynchronizers candidates="21" cleared="0" />
  <references type="soft" candidates="1097" cleared="10" enqueued="10" dynamicThreshold="13" maxThreshold="32" />
  <references type="weak" candidates="3845" cleared="0" enqueued="0" />
  <references type="phantom" candidates="101" cleared="0" enqueued="0" />
  <stringconstants candidates="7847" cleared="0"  />
</gc-op>
<gc-op id="195" type="sweep" timems="0.271" contextid="191" timestamp="2019-08-02T22:43:11.664" />
<mem-info id="196" free="3284976" total="8388608" percent="39">
  <mem type="tenure" free="3284976" total="8388608" percent="39" micro-fragmented="165915" macro-fragmented="0">
    <mem type="soa" free="2782192" total="7885824" percent="35" />
    <mem type="loa" free="502784" total="502784" percent="100" />
  </mem>
  <pending-finalizers system="0" default="0" reference="10" classloader="0" />
</mem-info>
<gc-op id="197" type="compact" timems="14.533" contextid="191" timestamp="2019-08-02T22:43:11.679">
  <compact-info movecount="65619" movebytes="4250464" reason="no compaction" />
</gc-op>
<gc-end id="198" type="global" contextid="191" durationms="17.247" usertimems="24.000" systemtimems="0.000" timestamp="2019-08-02T22:43:11.679" activeThreads="8">
  <mem-info id="199" free="3597064" total="8388608" percent="42">
    <mem type="tenure" free="3597064" total="8388608" percent="42">
      <mem type="soa" free="3094280" total="7885824" percent="39" />
      <mem type="loa" free="502784" total="502784" percent="100" />
    </mem>
    <pending-finalizers system="0" default="0" reference="10" classloader="0" />
  </mem-info>
</gc-end>
<cycle-end id="200" type="global" contextid="191" timestamp="2019-08-02T22:43:11.679" />
  <attribute name="elasticGC enabled" value="1" />
  <attribute name= "numThreadsSpecified" value="0" />
  <attribute name="heapSize specified" value="8388608" />
  <attribute name= "numCores" value="8" />
  <attribute name ="GC Interval" value="0" />
  <attribute name ="Control flow" value="2" />
  <attribute name="GC Util Range Max" value="95" />
  <attribute name="Current GC Util" value="28" />
  <attribute name= "Current Time Running" value="4204" />
<allocation-satisfied id="201" threadId="0000000000B66A00" bytesRequested="32" />
<af-end id="202" timestamp="2019-08-02T22:43:11.680" threadId="0000000000B67388" success="true" />
<exclusive-end id="203" timestamp="2019-08-02T22:43:11.680" durationms="18.091" />

<exclusive-start id="204" timestamp="2019-08-02T22:43:11.703" intervalms="40.874">
  <response-info timems="0.080" idlems="0.080" threads="0" lastid="0000000000B66A00" lastname="main" />
</exclusive-start>
<af-start id="205" threadId="0000000000B67388" totalBytesRequested="1032" timestamp="2019-08-02T22:43:11.703" intervalms="40.862" />
<cycle-start id="206" type="global" contextid="0" timestamp="2019-08-02T22:43:11.703" intervalms="40.857" />
<gc-start id="207" type="global" contextid="206" timestamp="2019-08-02T22:43:11.703">
  <mem-info id="208" free="502784" total="8388608" percent="5">
    <mem type="tenure" free="502784" total="8388608" percent="5">
      <mem type="soa" free="0" total="7885824" percent="0" />
      <mem type="loa" free="502784" total="502784" percent="100" />
    </mem>
  </mem-info>
</gc-start>
<allocation-stats totalBytes="3158760" >
  <allocated-bytes non-tlh="1912" tlh="3156848" />
  <largest-consumer threadName="main" threadId="0000000000B66A00" bytes="3158760" />
</allocation-stats>
<gc-op id="209" type="mark" timems="1.660" contextid="206" timestamp="2019-08-02T22:43:11.705">
  <trace-info objectcount="78231" scancount="65841" scanbytes="2276604" />
  <finalization candidates="80" enqueued="0" />
  <ownableSynchronizers candidates="21" cleared="0" />
  <references type="soft" candidates="1087" cleared="0" enqueued="0" dynamicThreshold="13" maxThreshold="32" />
  <references type="weak" candidates="3861" cleared="0" enqueued="0" />
  <references type="phantom" candidates="100" cleared="0" enqueued="0" />
  <stringconstants candidates="7858" cleared="0"  />
</gc-op>
<gc-op id="210" type="sweep" timems="0.251" contextid="206" timestamp="2019-08-02T22:43:11.705" />
<mem-info id="211" free="3633168" total="8388608" percent="43">
  <mem type="tenure" free="3633168" total="8388608" percent="43" micro-fragmented="170317" macro-fragmented="0">
    <mem type="soa" free="3130384" total="7885824" percent="39" />
    <mem type="loa" free="502784" total="502784" percent="100" />
  </mem>
</mem-info>
<gc-op id="212" type="compact" timems="15.048" contextid="206" timestamp="2019-08-02T22:43:11.720">
  <compact-info movecount="67363" movebytes="4012688" reason="no compaction" />
</gc-op>
<gc-end id="213" type="global" contextid="206" durationms="17.560" usertimems="24.000" systemtimems="0.000" timestamp="2019-08-02T22:43:11.720" activeThreads="8">
  <mem-info id="214" free="3834680" total="8388608" percent="45">
    <mem type="tenure" free="3834680" total="8388608" percent="45">
      <mem type="soa" free="3331896" total="7885824" percent="42" />
      <mem type="loa" free="502784" total="502784" percent="100" />
    </mem>
  </mem-info>
</gc-end>
<cycle-end id="215" type="global" contextid="206" timestamp="2019-08-02T22:43:11.721" />
  <attribute name="elasticGC enabled" value="1" />
  <attribute name= "numThreadsSpecified" value="0" />
  <attribute name="heapSize specified" value="8388608" />
  <attribute name= "numCores" value="8" />
  <attribute name ="GC Interval" value="0" />
  <attribute name ="Control flow" value="3" />
  <attribute name="GC Util Range Max" value="95" />
  <attribute name="Current GC Util" value="26" />
  <attribute name= "Current Time Running" value="4245" />
<allocation-satisfied id="216" threadId="0000000000B66A00" bytesRequested="1032" />
<af-end id="217" timestamp="2019-08-02T22:43:11.721" threadId="0000000000B67388" success="true" />
<exclusive-end id="218" timestamp="2019-08-02T22:43:11.721" durationms="18.321" />

<exclusive-start id="219" timestamp="2019-08-02T22:43:11.767" intervalms="63.998">
  <response-info timems="0.062" idlems="0.062" threads="0" lastid="0000000000B66A00" lastname="main" />
</exclusive-start>
<af-start id="220" threadId="0000000000B67388" totalBytesRequested="88" timestamp="2019-08-02T22:43:11.767" intervalms="63.995" />
<cycle-start id="221" type="global" contextid="0" timestamp="2019-08-02T22:43:11.767" intervalms="63.981" />
<gc-start id="222" type="global" contextid="221" timestamp="2019-08-02T22:43:11.767">
  <mem-info id="223" free="502784" total="8388608" percent="5">
    <mem type="tenure" free="502784" total="8388608" percent="5">
      <mem type="soa" free="0" total="7885824" percent="0" />
      <mem type="loa" free="502784" total="502784" percent="100" />
    </mem>
  </mem-info>
</gc-start>
<allocation-stats totalBytes="3390512" >
  <allocated-bytes non-tlh="38656" tlh="3351856" />
  <largest-consumer threadName="main" threadId="0000000000B66A00" bytes="3390512" />
</allocation-stats>
<gc-op id="224" type="mark" timems="1.701" contextid="221" timestamp="2019-08-02T22:43:11.769">
  <trace-info objectcount="67053" scancount="55431" scanbytes="1866192" />
  <finalization candidates="80" enqueued="0" />
  <ownableSynchronizers candidates="21" cleared="0" />
  <references type="soft" candidates="1265" cleared="0" enqueued="0" dynamicThreshold="14" maxThreshold="32" />
  <references type="weak" candidates="3905" cleared="1" enqueued="1" />
  <references type="phantom" candidates="100" cleared="0" enqueued="0" />
  <stringconstants candidates="8157" cleared="12"  />
</gc-op>
<gc-op id="225" type="sweep" timems="0.201" contextid="221" timestamp="2019-08-02T22:43:11.769" />
<mem-info id="226" free="4343536" total="8388608" percent="51">
  <mem type="tenure" free="4343536" total="8388608" percent="51" micro-fragmented="19238" macro-fragmented="0">
    <mem type="soa" free="3840752" total="7885824" percent="48" />
    <mem type="loa" free="502784" total="502784" percent="100" />
  </mem>
  <pending-finalizers system="0" default="0" reference="1" classloader="0" />
</mem-info>
<gc-op id="227" type="compact" timems="13.812" contextid="221" timestamp="2019-08-02T22:43:11.783">
  <compact-info movecount="56300" movebytes="3525560" reason="no compaction" />
</gc-op>
<gc-end id="228" type="global" contextid="221" durationms="16.321" usertimems="28.000" systemtimems="0.000" timestamp="2019-08-02T22:43:11.783" activeThreads="8">
  <mem-info id="229" free="4394224" total="8388608" percent="52">
    <mem type="tenure" free="4394224" total="8388608" percent="52">
      <mem type="soa" free="3891440" total="7885824" percent="49" />
      <mem type="loa" free="502784" total="502784" percent="100" />
    </mem>
    <pending-finalizers system="0" default="0" reference="1" classloader="0" />
  </mem-info>
</gc-end>
<cycle-end id="230" type="global" contextid="221" timestamp="2019-08-02T22:43:11.783" />
  <attribute name="elasticGC enabled" value="1" />
  <attribute name= "numThreadsSpecified" value="0" />
  <attribute name="heapSize specified" value="8388608" />
  <attribute name= "numCores" value="8" />
  <attribute name ="GC Interval" value="0" />
  <attribute name ="Control flow" value="2" />
  <attribute name="GC Util Range Max" value="95" />
  <attribute name="Current GC Util" value="33" />
  <attribute name= "Current Time Running" value="4308" />
<allocation-satisfied id="231" threadId="0000000000B66A00" bytesRequested="88" />
<af-end id="232" timestamp="2019-08-02T22:43:11.783" threadId="0000000000B67388" success="true" />
<exclusive-end id="233" timestamp="2019-08-02T22:43:11.784" durationms="17.003" />

<exclusive-start id="234" timestamp="2019-08-02T22:43:11.825" intervalms="58.052">
  <response-info timems="0.084" idlems="0.084" threads="0" lastid="0000000000B66A00" lastname="main" />
</exclusive-start>
<af-start id="235" threadId="0000000000B67388" totalBytesRequested="32" timestamp="2019-08-02T22:43:11.825" intervalms="58.076" />
<cycle-start id="236" type="global" contextid="0" timestamp="2019-08-02T22:43:11.825" intervalms="58.104" />
<gc-start id="237" type="global" contextid="236" timestamp="2019-08-02T22:43:11.825">
  <mem-info id="238" free="502784" total="8388608" percent="5">
    <mem type="tenure" free="502784" total="8388608" percent="5">
      <mem type="soa" free="0" total="7885824" percent="0" />
      <mem type="loa" free="502784" total="502784" percent="100" />
    </mem>
  </mem-info>
</gc-start>
<allocation-stats totalBytes="3889872" >
  <allocated-bytes non-tlh="218920" tlh="3670952" />
  <largest-consumer threadName="main" threadId="0000000000B66A00" bytes="3885776" />
</allocation-stats>
<gc-op id="239" type="mark" timems="3.127" contextid="236" timestamp="2019-08-02T22:43:11.828">
  <trace-info objectcount="77115" scancount="64384" scanbytes="2256564" />
  <finalization candidates="80" enqueued="0" />
  <ownableSynchronizers candidates="21" cleared="0" />
  <references type="soft" candidates="1311" cleared="0" enqueued="0" dynamicThreshold="16" maxThreshold="32" />
  <references type="weak" candidates="4235" cleared="8" enqueued="7" />
  <references type="phantom" candidates="101" cleared="0" enqueued="0" />
  <stringconstants candidates="8297" cleared="0"  />
</gc-op>
<gc-op id="240" type="classunload" timems="0.003" contextid="236" timestamp="2019-08-02T22:43:11.828">
  <classunload-info classloadercandidates="14" classloadersunloaded="0" classesunloaded="0" anonymousclassesunloaded="0" quiescems="0.000" setupms="0.003" scanms="0.000" postms="0.000" />
</gc-op>
<gc-op id="241" type="sweep" timems="0.271" contextid="236" timestamp="2019-08-02T22:43:11.829" />
<mem-info id="242" free="3400408" total="8388608" percent="40">
  <mem type="tenure" free="3400408" total="8388608" percent="40" micro-fragmented="173575" macro-fragmented="0">
    <mem type="soa" free="2897624" total="7885824" percent="36" />
    <mem type="loa" free="502784" total="502784" percent="100" />
  </mem>
  <pending-finalizers system="0" default="0" reference="7" classloader="0" />
</mem-info>
<gc-op id="243" type="compact" timems="14.455" contextid="236" timestamp="2019-08-02T22:43:11.843">
  <compact-info movecount="63030" movebytes="4071928" reason="no compaction" />
</gc-op>
<gc-end id="244" type="global" contextid="236" durationms="18.667" usertimems="28.000" systemtimems="0.000" timestamp="2019-08-02T22:43:11.844" activeThreads="8">
  <mem-info id="245" free="3616984" total="8388608" percent="43">
    <mem type="tenure" free="3616984" total="8388608" percent="43">
      <mem type="soa" free="3114200" total="7885824" percent="39" />
      <mem type="loa" free="502784" total="502784" percent="100" />
    </mem>
    <pending-finalizers system="0" default="0" reference="7" classloader="0" />
  </mem-info>
</gc-end>
<cycle-end id="246" type="global" contextid="236" timestamp="2019-08-02T22:43:11.844" />
  <attribute name="elasticGC enabled" value="1" />
  <attribute name= "numThreadsSpecified" value="0" />
  <attribute name="heapSize specified" value="8388608" />
  <attribute name= "numCores" value="8" />
  <attribute name ="GC Interval" value="0" />
  <attribute name ="Control flow" value="2" />
  <attribute name="GC Util Range Max" value="95" />
  <attribute name="Current GC Util" value="26" />
  <attribute name= "Current Time Running" value="4368" />
<allocation-satisfied id="247" threadId="0000000000B66A00" bytesRequested="32" />
<af-end id="248" timestamp="2019-08-02T22:43:11.844" threadId="0000000000B67388" success="true" />
<exclusive-end id="249" timestamp="2019-08-02T22:43:11.844" durationms="19.527" />

<exclusive-start id="250" timestamp="2019-08-02T22:43:11.855" intervalms="30.874">
  <response-info timems="0.098" idlems="0.098" threads="0" lastid="0000000000B66A00" lastname="main" />
</exclusive-start>
<af-start id="251" threadId="0000000000B67388" totalBytesRequested="40" timestamp="2019-08-02T22:43:11.856" intervalms="30.842" />
<cycle-start id="252" type="global" contextid="0" timestamp="2019-08-02T22:43:11.856" intervalms="30.825" />
<gc-start id="253" type="global" contextid="252" timestamp="2019-08-02T22:43:11.856">
  <mem-info id="254" free="502784" total="8388608" percent="5">
    <mem type="tenure" free="502784" total="8388608" percent="5">
      <mem type="soa" free="0" total="7885824" percent="0" />
      <mem type="loa" free="502784" total="502784" percent="100" />
    </mem>
  </mem-info>
</gc-start>
<allocation-stats totalBytes="3179360" >
  <allocated-bytes non-tlh="2344" tlh="3177016" />
  <largest-consumer threadName="main" threadId="0000000000B66A00" bytes="3179360" />
</allocation-stats>
<gc-op id="255" type="mark" timems="1.780" contextid="252" timestamp="2019-08-02T22:43:11.858">
  <trace-info objectcount="80412" scancount="67599" scanbytes="2369864" />
  <finalization candidates="80" enqueued="0" />
  <ownableSynchronizers candidates="21" cleared="0" />
  <references type="soft" candidates="1311" cleared="220" enqueued="212" dynamicThreshold="13" maxThreshold="32" />
  <references type="weak" candidates="4245" cleared="0" enqueued="0" />
  <references type="phantom" candidates="101" cleared="0" enqueued="0" />
  <stringconstants candidates="8310" cleared="0"  />
</gc-op>
<gc-op id="256" type="sweep" timems="0.253" contextid="252" timestamp="2019-08-02T22:43:11.858" />
<gc-end id="257" type="global" contextid="252" durationms="2.952" usertimems="8.000" systemtimems="0.000" timestamp="2019-08-02T22:43:11.859" activeThreads="8">
  <mem-info id="258" free="3404512" total="8388608" percent="40">
    <mem type="tenure" free="3404512" total="8388608" percent="40" micro-fragmented="82435" macro-fragmented="0">
      <mem type="soa" free="2901728" total="7885824" percent="36" />
      <mem type="loa" free="502784" total="502784" percent="100" />
    </mem>
    <pending-finalizers system="0" default="0" reference="212" classloader="0" />
  </mem-info>
</gc-end>
<cycle-end id="259" type="global" contextid="252" timestamp="2019-08-02T22:43:11.859" />
  <attribute name="elasticGC enabled" value="1" />
  <attribute name= "numThreadsSpecified" value="0" />
  <attribute name="heapSize specified" value="8388608" />
  <attribute name= "numCores" value="8" />
  <attribute name ="GC Interval" value="0" />
  <attribute name ="Control flow" value="3" />
  <attribute name="GC Util Range Max" value="95" />
  <attribute name="Current GC Util" value="41" />
  <attribute name= "Current Time Running" value="4383" />
<allocation-satisfied id="260" threadId="0000000000B66A00" bytesRequested="40" />
<af-end id="261" timestamp="2019-08-02T22:43:11.859" threadId="0000000000B67388" success="true" />
<exclusive-end id="262" timestamp="2019-08-02T22:43:11.859" durationms="3.579" />

<exclusive-start id="263" timestamp="2019-08-02T22:43:11.875" intervalms="19.365">
  <response-info timems="0.170" idlems="0.170" threads="0" lastid="0000000000B66A00" lastname="main" />
</exclusive-start>
<af-start id="264" threadId="0000000000B67388" totalBytesRequested="31064" timestamp="2019-08-02T22:43:11.875" intervalms="19.387" />
<cycle-start id="265" type="global" contextid="0" timestamp="2019-08-02T22:43:11.875" intervalms="19.435" />
<gc-start id="266" type="global" contextid="265" timestamp="2019-08-02T22:43:11.875">
  <mem-info id="267" free="1515616" total="8388608" percent="18">
    <mem type="tenure" free="1515616" total="8388608" percent="18">
      <mem type="soa" free="1012832" total="7885824" percent="12" />
      <mem type="loa" free="502784" total="502784" percent="100" />
    </mem>
  </mem-info>
</gc-start>
<allocation-stats totalBytes="1886344" >
  <allocated-bytes non-tlh="41248" tlh="1845096" />
  <largest-consumer threadName="main" threadId="0000000000B66A00" bytes="1884400" />
</allocation-stats>
<gc-op id="268" type="mark" timems="1.920" contextid="265" timestamp="2019-08-02T22:43:11.877">
  <trace-info objectcount="71221" scancount="58129" scanbytes="1981036" />
  <finalization candidates="80" enqueued="0" />
  <ownableSynchronizers candidates="21" cleared="0" />
  <references type="soft" candidates="1091" cleared="1" enqueued="0" dynamicThreshold="12" maxThreshold="32" />
  <references type="weak" candidates="4245" cleared="1" enqueued="1" />
  <references type="phantom" candidates="100" cleared="0" enqueued="0" />
  <stringconstants candidates="8311" cleared="42"  />
</gc-op>
<gc-op id="269" type="sweep" timems="0.314" contextid="265" timestamp="2019-08-02T22:43:11.878" />
<gc-end id="270" type="global" contextid="265" durationms="3.350" usertimems="12.000" systemtimems="0.000" timestamp="2019-08-02T22:43:11.879" activeThreads="8">
  <mem-info id="271" free="3814376" total="8388608" percent="45">
    <mem type="tenure" free="3814376" total="8388608" percent="45" micro-fragmented="231614" macro-fragmented="0">
      <mem type="soa" free="3311592" total="7885824" percent="41" />
      <mem type="loa" free="502784" total="502784" percent="100" />
    </mem>
    <pending-finalizers system="0" default="0" reference="1" classloader="0" />
  </mem-info>
</gc-end>
<cycle-end id="272" type="global" contextid="265" timestamp="2019-08-02T22:43:11.879" />
  <attribute name="elasticGC enabled" value="1" />
  <attribute name= "numThreadsSpecified" value="0" />
  <attribute name="heapSize specified" value="8388608" />
  <attribute name= "numCores" value="8" />
  <attribute name ="GC Interval" value="0" />
  <attribute name ="Control flow" value="2" />
  <attribute name="GC Util Range Max" value="95" />
  <attribute name="Current GC Util" value="38" />
  <attribute name= "Current Time Running" value="4402" />
<allocation-satisfied id="273" threadId="0000000000B66A00" bytesRequested="31064" />
<af-end id="274" timestamp="2019-08-02T22:43:11.879" threadId="0000000000B67388" success="true" />
<exclusive-end id="275" timestamp="2019-08-02T22:43:11.879" durationms="4.052" />

<exclusive-start id="276" timestamp="2019-08-02T22:43:11.936" intervalms="60.983">
  <response-info timems="0.028" idlems="0.028" threads="0" lastid="0000000000B66A00" lastname="main" />
</exclusive-start>
<af-start id="277" threadId="0000000000B67388" totalBytesRequested="16" timestamp="2019-08-02T22:43:11.936" intervalms="60.921" />
<cycle-start id="278" type="global" contextid="0" timestamp="2019-08-02T22:43:11.936" intervalms="60.852" />
<gc-start id="279" type="global" contextid="278" timestamp="2019-08-02T22:43:11.936">
  <mem-info id="280" free="502784" total="8388608" percent="5">
    <mem type="tenure" free="502784" total="8388608" percent="5">
      <mem type="soa" free="0" total="7885824" percent="0" />
      <mem type="loa" free="502784" total="502784" percent="100" />
    </mem>
  </mem-info>
</gc-start>
<allocation-stats totalBytes="3306376" >
  <allocated-bytes non-tlh="454200" tlh="2852176" />
  <largest-consumer threadName="main" threadId="0000000000B66A00" bytes="3302216" />
</allocation-stats>
<gc-op id="281" type="mark" timems="1.930" contextid="278" timestamp="2019-08-02T22:43:11.938">
  <trace-info objectcount="72090" scancount="60122" scanbytes="2025868" />
  <finalization candidates="80" enqueued="0" />
  <ownableSynchronizers candidates="21" cleared="0" />
  <references type="soft" candidates="1423" cleared="0" enqueued="0" dynamicThreshold="14" maxThreshold="32" />
  <references type="weak" candidates="4452" cleared="19" enqueued="19" />
  <references type="phantom" candidates="101" cleared="1" enqueued="1" />
  <stringconstants candidates="8635" cleared="12"  />
</gc-op>
<gc-op id="282" type="sweep" timems="0.256" contextid="278" timestamp="2019-08-02T22:43:11.938" />
<mem-info id="283" free="4085312" total="8388608" percent="48">
  <mem type="tenure" free="4085312" total="8388608" percent="48" micro-fragmented="65885" macro-fragmented="0">
    <mem type="soa" free="3582528" total="7885824" percent="45" />
    <mem type="loa" free="502784" total="502784" percent="100" />
  </mem>
  <pending-finalizers system="0" default="0" reference="20" classloader="0" />
</mem-info>
<gc-op id="284" type="compact" timems="15.945" contextid="278" timestamp="2019-08-02T22:43:11.955">
  <compact-info movecount="66147" movebytes="3876272" reason="no compaction" />
</gc-op>
<gc-end id="285" type="global" contextid="278" durationms="18.807" usertimems="24.000" systemtimems="0.000" timestamp="2019-08-02T22:43:11.955" activeThreads="8">
  <mem-info id="286" free="4226088" total="8388608" percent="50">
    <mem type="tenure" free="4226088" total="8388608" percent="50">
      <mem type="soa" free="3723304" total="7885824" percent="47" />
      <mem type="loa" free="502784" total="502784" percent="100" />
    </mem>
    <pending-finalizers system="0" default="0" reference="20" classloader="0" />
  </mem-info>
</gc-end>
<cycle-end id="287" type="global" contextid="278" timestamp="2019-08-02T22:43:11.955" />
  <attribute name="elasticGC enabled" value="1" />
  <attribute name= "numThreadsSpecified" value="0" />
  <attribute name="heapSize specified" value="8388608" />
  <attribute name= "numCores" value="8" />
  <attribute name ="GC Interval" value="0" />
  <attribute name ="Control flow" value="3" />
  <attribute name="GC Util Range Max" value="95" />
  <attribute name="Current GC Util" value="29" />
  <attribute name= "Current Time Running" value="4479" />
<allocation-satisfied id="288" threadId="0000000000B66A00" bytesRequested="16" />
<af-end id="289" timestamp="2019-08-02T22:43:11.955" threadId="0000000000B67388" success="true" />
<exclusive-end id="290" timestamp="2019-08-02T22:43:11.955" durationms="19.650" />

<exclusive-start id="291" timestamp="2019-08-02T22:43:11.972" intervalms="36.194">
  <response-info timems="0.053" idlems="0.053" threads="0" lastid="0000000000B66A00" lastname="main" />
</exclusive-start>
<sys-start reason="explicit" id="292" timestamp="2019-08-02T22:43:11.972" intervalms="6201.889" />
<cycle-start id="293" type="global" contextid="0" timestamp="2019-08-02T22:43:11.972" intervalms="36.281" />
<gc-start id="294" type="global" contextid="293" timestamp="2019-08-02T22:43:11.972">
  <mem-info id="295" free="3473024" total="8388608" percent="41">
    <mem type="tenure" free="3473024" total="8388608" percent="41">
      <mem type="soa" free="2970240" total="7885824" percent="37" />
      <mem type="loa" free="502784" total="502784" percent="100" />
    </mem>
  </mem-info>
</gc-start>
<allocation-stats totalBytes="735968" >
  <allocated-bytes non-tlh="204216" tlh="531752" />
  <largest-consumer threadName="main" threadId="0000000000B66A00" bytes="731872" />
</allocation-stats>
<gc-op id="296" type="mark" timems="3.040" contextid="293" timestamp="2019-08-02T22:43:11.976">
  <trace-info objectcount="72260" scancount="60342" scanbytes="2034216" />
  <finalization candidates="80" enqueued="0" />
  <ownableSynchronizers candidates="21" cleared="0" />
  <references type="soft" candidates="1426" cleared="1" enqueued="1" dynamicThreshold="16" maxThreshold="32" />
  <references type="weak" candidates="4488" cleared="17" enqueued="15" />
  <references type="phantom" candidates="102" cleared="2" enqueued="2" />
  <stringconstants candidates="8659" cleared="15"  />
</gc-op>
<gc-op id="297" type="classunload" timems="0.345" contextid="293" timestamp="2019-08-02T22:43:11.976">
  <classunload-info classloadercandidates="17" classloadersunloaded="1" classesunloaded="1" anonymousclassesunloaded="0" quiescems="0.000" setupms="0.337" scanms="0.006" postms="0.002" />
</gc-op>
<gc-op id="298" type="sweep" timems="0.274" contextid="293" timestamp="2019-08-02T22:43:11.976" />
<mem-info id="299" free="4186912" total="8388608" percent="49">
  <mem type="tenure" free="4186912" total="8388608" percent="49" micro-fragmented="32181" macro-fragmented="0">
    <mem type="soa" free="3684128" total="7885824" percent="46" />
    <mem type="loa" free="502784" total="502784" percent="100" />
  </mem>
  <pending-finalizers system="0" default="0" reference="18" classloader="0" />
</mem-info>
<gc-op id="300" type="compact" timems="17.345" contextid="293" timestamp="2019-08-02T22:43:11.994">
  <compact-info movecount="70491" movebytes="4055968" reason="no compaction" />
</gc-op>
<gc-end id="301" type="global" contextid="293" durationms="22.035" usertimems="32.000" systemtimems="0.000" timestamp="2019-08-02T22:43:11.994" activeThreads="8">
  <mem-info id="302" free="4219640" total="8388608" percent="50">
    <mem type="tenure" free="4219640" total="8388608" percent="50">
      <mem type="soa" free="3716856" total="7885824" percent="47" />
      <mem type="loa" free="502784" total="502784" percent="100" />
    </mem>
    <pending-finalizers system="0" default="0" reference="18" classloader="0" />
  </mem-info>
</gc-end>
<cycle-end id="303" type="global" contextid="293" timestamp="2019-08-02T22:43:11.995" />
  <attribute name="elasticGC enabled" value="1" />
  <attribute name= "numThreadsSpecified" value="0" />
  <attribute name="heapSize specified" value="8388608" />
  <attribute name= "numCores" value="8" />
  <attribute name ="GC Interval" value="0" />
  <attribute name ="Control flow" value="3" />
  <attribute name="GC Util Range Max" value="95" />
  <attribute name="Current GC Util" value="27" />
  <attribute name= "Current Time Running" value="4519" />
<sys-end id="304" timestamp="2019-08-02T22:43:11.995" />
<exclusive-end id="305" timestamp="2019-08-02T22:43:11.995" durationms="22.869" />

<exclusive-start id="306" timestamp="2019-08-02T22:43:12.092" intervalms="120.336">
  <response-info timems="0.079" idlems="0.079" threads="0" lastid="0000000000B66A00" lastname="main" />
</exclusive-start>
<af-start id="307" threadId="0000000000B67388" totalBytesRequested="24" timestamp="2019-08-02T22:43:12.093" intervalms="156.658" />
<cycle-start id="308" type="global" contextid="0" timestamp="2019-08-02T22:43:12.093" intervalms="120.442" />
<gc-start id="309" type="global" contextid="308" timestamp="2019-08-02T22:43:12.093">
  <mem-info id="310" free="502784" total="8388608" percent="5">
    <mem type="tenure" free="502784" total="8388608" percent="5">
      <mem type="soa" free="0" total="7885824" percent="0" />
      <mem type="loa" free="502784" total="502784" percent="100" />
    </mem>
  </mem-info>
</gc-start>
<allocation-stats totalBytes="3716496" >
  <allocated-bytes non-tlh="463896" tlh="3252600" />
  <largest-consumer threadName="main" threadId="0000000000B66A00" bytes="3712400" />
</allocation-stats>
<heap-resize id="311" type="loa contract" space="tenure" amount="83968" count="1" timems="0.000" reason="contract underutilized loa" timestamp="2019-08-02T22:43:12.093" />
<gc-op id="312" type="mark" timems="2.063" contextid="308" timestamp="2019-08-02T22:43:12.095">
  <trace-info objectcount="72721" scancount="60776" scanbytes="2083200" />
  <finalization candidates="80" enqueued="0" />
  <ownableSynchronizers candidates="21" cleared="0" />
  <references type="soft" candidates="1460" cleared="0" enqueued="0" dynamicThreshold="16" maxThreshold="32" />
  <references type="weak" candidates="4486" cleared="7" enqueued="7" />
  <references type="phantom" candidates="105" cleared="5" enqueued="5" />
  <stringconstants candidates="8676" cleared="12"  />
</gc-op>
<gc-op id="313" type="sweep" timems="0.265" contextid="308" timestamp="2019-08-02T22:43:12.096" />
<gc-end id="314" type="global" contextid="308" durationms="3.581" usertimems="8.000" systemtimems="0.000" timestamp="2019-08-02T22:43:12.096" activeThreads="8">
  <mem-info id="315" free="4141560" total="8388608" percent="49">
    <mem type="tenure" free="4141560" total="8388608" percent="49" micro-fragmented="4628" macro-fragmented="0">
      <mem type="soa" free="3722744" total="7969792" percent="46" />
      <mem type="loa" free="418816" total="418816" percent="100" />
    </mem>
    <pending-finalizers system="0" default="0" reference="12" classloader="0" />
  </mem-info>
</gc-end>
<cycle-end id="316" type="global" contextid="308" timestamp="2019-08-02T22:43:12.097" />
  <attribute name="elasticGC enabled" value="1" />
  <attribute name= "numThreadsSpecified" value="0" />
  <attribute name="heapSize specified" value="8388608" />
  <attribute name= "numCores" value="8" />
  <attribute name ="GC Interval" value="0" />
  <attribute name ="Control flow" value="2" />
  <attribute name="GC Util Range Max" value="95" />
  <attribute name="Current GC Util" value="35" />
  <attribute name= "Current Time Running" value="4620" />
<allocation-satisfied id="317" threadId="0000000000B66A00" bytesRequested="24" />
<af-end id="318" timestamp="2019-08-02T22:43:12.097" threadId="0000000000B67388" success="true" />
<exclusive-end id="319" timestamp="2019-08-02T22:43:12.097" durationms="4.533" />

<exclusive-start id="320" timestamp="2019-08-02T22:43:12.140" intervalms="48.135">
  <response-info timems="0.087" idlems="0.087" threads="0" lastid="0000000000B66A00" lastname="main" />
</exclusive-start>
<af-start id="321" threadId="0000000000B67388" totalBytesRequested="24" timestamp="2019-08-02T22:43:12.141" intervalms="48.136" />
<cycle-start id="322" type="global" contextid="0" timestamp="2019-08-02T22:43:12.141" intervalms="48.140" />
<gc-start id="323" type="global" contextid="322" timestamp="2019-08-02T22:43:12.141">
  <mem-info id="324" free="418816" total="8388608" percent="4">
    <mem type="tenure" free="418816" total="8388608" percent="4">
      <mem type="soa" free="0" total="7969792" percent="0" />
      <mem type="loa" free="418816" total="418816" percent="100" />
    </mem>
  </mem-info>
</gc-start>
<allocation-stats totalBytes="3730368" >
  <allocated-bytes non-tlh="0" tlh="3730368" />
  <largest-consumer threadName="main" threadId="0000000000B66A00" bytes="3726272" />
</allocation-stats>
<heap-resize id="325" type="loa contract" space="tenure" amount="83968" count="1" timems="0.000" reason="contract underutilized loa" timestamp="2019-08-02T22:43:12.141" />
<gc-op id="326" type="mark" timems="1.995" contextid="322" timestamp="2019-08-02T22:43:12.143">
  <trace-info objectcount="72700" scancount="60760" scanbytes="2082592" />
  <finalization candidates="80" enqueued="0" />
  <ownableSynchronizers candidates="21" cleared="0" />
  <references type="soft" candidates="1460" cleared="0" enqueued="0" dynamicThreshold="15" maxThreshold="32" />
  <references type="weak" candidates="4478" cleared="0" enqueued="0" />
  <references type="phantom" candidates="100" cleared="0" enqueued="0" />
  <stringconstants candidates="8664" cleared="0"  />
</gc-op>
<gc-op id="327" type="sweep" timems="0.309" contextid="322" timestamp="2019-08-02T22:43:12.144" />
<gc-end id="328" type="global" contextid="322" durationms="3.684" usertimems="8.000" systemtimems="0.000" timestamp="2019-08-02T22:43:12.145" activeThreads="8">
  <mem-info id="329" free="4142600" total="8388608" percent="49">
    <mem type="tenure" free="4142600" total="8388608" percent="49" micro-fragmented="8226" macro-fragmented="0">
      <mem type="soa" free="3807752" total="8053760" percent="47" />
      <mem type="loa" free="334848" total="334848" percent="100" />
    </mem>
  </mem-info>
</gc-end>
<cycle-end id="330" type="global" contextid="322" timestamp="2019-08-02T22:43:12.145" />
  <attribute name="elasticGC enabled" value="1" />
  <attribute name= "numThreadsSpecified" value="0" />
  <attribute name="heapSize specified" value="8388608" />
  <attribute name= "numCores" value="8" />
  <attribute name ="GC Interval" value="0" />
  <attribute name ="Control flow" value="3" />
  <attribute name="GC Util Range Max" value="95" />
  <attribute name="Current GC Util" value="29" />
  <attribute name= "Current Time Running" value="4669" />
<allocation-satisfied id="331" threadId="0000000000B66A00" bytesRequested="24" />
<af-end id="332" timestamp="2019-08-02T22:43:12.145" threadId="0000000000B67388" success="true" />
<exclusive-end id="333" timestamp="2019-08-02T22:43:12.145" durationms="4.548" />

<exclusive-start id="334" timestamp="2019-08-02T22:43:12.160" intervalms="19.615">
  <response-info timems="0.082" idlems="0.082" threads="0" lastid="0000000000B66A00" lastname="main" />
</exclusive-start>
<af-start id="335" threadId="0000000000B67388" totalBytesRequested="24" timestamp="2019-08-02T22:43:12.160" intervalms="19.561" />
<cycle-start id="336" type="global" contextid="0" timestamp="2019-08-02T22:43:12.160" intervalms="19.551" />
<gc-start id="337" type="global" contextid="336" timestamp="2019-08-02T22:43:12.161">
  <mem-info id="338" free="334848" total="8388608" percent="3">
    <mem type="tenure" free="334848" total="8388608" percent="3">
      <mem type="soa" free="0" total="8053760" percent="0" />
      <mem type="loa" free="334848" total="334848" percent="100" />
    </mem>
  </mem-info>
</gc-start>
<allocation-stats totalBytes="3815376" >
  <allocated-bytes non-tlh="0" tlh="3815376" />
  <largest-consumer threadName="main" threadId="0000000000B66A00" bytes="3815376" />
</allocation-stats>
<heap-resize id="339" type="loa contract" space="tenure" amount="83968" count="1" timems="0.000" reason="contract underutilized loa" timestamp="2019-08-02T22:43:12.161" />
<gc-op id="340" type="mark" timems="2.122" contextid="336" timestamp="2019-08-02T22:43:12.163">
  <trace-info objectcount="72699" scancount="60769" scanbytes="2082568" />
  <finalization candidates="80" enqueued="0" />
  <ownableSynchronizers candidates="21" cleared="0" />
  <references type="soft" candidates="1460" cleared="0" enqueued="0" dynamicThreshold="15" maxThreshold="32" />
  <references type="weak" candidates="4478" cleared="0" enqueued="0" />
  <references type="phantom" candidates="100" cleared="0" enqueued="0" />
  <stringconstants candidates="8664" cleared="0"  />
</gc-op>
<gc-op id="341" type="sweep" timems="0.285" contextid="336" timestamp="2019-08-02T22:43:12.163" />
<gc-end id="342" type="global" contextid="336" durationms="3.830" usertimems="8.000" systemtimems="0.000" timestamp="2019-08-02T22:43:12.164" activeThreads="8">
  <mem-info id="343" free="4142648" total="8388608" percent="49">
    <mem type="tenure" free="4142648" total="8388608" percent="49" micro-fragmented="8226" macro-fragmented="0">
      <mem type="soa" free="3891768" total="8137728" percent="47" />
      <mem type="loa" free="250880" total="250880" percent="100" />
    </mem>
  </mem-info>
</gc-end>
<cycle-end id="344" type="global" contextid="336" timestamp="2019-08-02T22:43:12.165" />
  <attribute name="elasticGC enabled" value="1" />
  <attribute name= "numThreadsSpecified" value="0" />
  <attribute name="heapSize specified" value="8388608" />
  <attribute name= "numCores" value="8" />
  <attribute name ="GC Interval" value="0" />
  <attribute name ="Control flow" value="2" />
  <attribute name="GC Util Range Max" value="95" />
  <attribute name="Current GC Util" value="27" />
  <attribute name= "Current Time Running" value="4688" />
<allocation-satisfied id="345" threadId="0000000000B66A00" bytesRequested="24" />
<af-end id="346" timestamp="2019-08-02T22:43:12.165" threadId="0000000000B67388" success="true" />
<exclusive-end id="347" timestamp="2019-08-02T22:43:12.165" durationms="4.820" />

<exclusive-start id="348" timestamp="2019-08-02T22:43:12.181" intervalms="20.434">
  <response-info timems="0.077" idlems="0.077" threads="0" lastid="0000000000B66A00" lastname="main" />
</exclusive-start>
<af-start id="349" threadId="0000000000B67388" totalBytesRequested="24" timestamp="2019-08-02T22:43:12.181" intervalms="20.430" />
<cycle-start id="350" type="global" contextid="0" timestamp="2019-08-02T22:43:12.181" intervalms="20.443" />
<gc-start id="351" type="global" contextid="350" timestamp="2019-08-02T22:43:12.181">
  <mem-info id="352" free="250880" total="8388608" percent="2">
    <mem type="tenure" free="250880" total="8388608" percent="2">
      <mem type="soa" free="0" total="8137728" percent="0" />
      <mem type="loa" free="250880" total="250880" percent="100" />
    </mem>
  </mem-info>
</gc-start>
<allocation-stats totalBytes="3899376" >
  <allocated-bytes non-tlh="0" tlh="3899376" />
  <largest-consumer threadName="main" threadId="0000000000B66A00" bytes="3899376" />
</allocation-stats>
<heap-resize id="353" type="loa contract" space="tenure" amount="83968" count="1" timems="0.000" reason="contract underutilized loa" timestamp="2019-08-02T22:43:12.181" />
<gc-op id="354" type="mark" timems="2.086" contextid="350" timestamp="2019-08-02T22:43:12.183">
  <trace-info objectcount="72699" scancount="60760" scanbytes="2082568" />
  <finalization candidates="80" enqueued="0" />
  <ownableSynchronizers candidates="21" cleared="0" />
  <references type="soft" candidates="1460" cleared="0" enqueued="0" dynamicThreshold="15" maxThreshold="32" />
  <references type="weak" candidates="4478" cleared="0" enqueued="0" />
  <references type="phantom" candidates="100" cleared="0" enqueued="0" />
  <stringconstants candidates="8664" cleared="0"  />
</gc-op>
<gc-op id="355" type="sweep" timems="0.291" contextid="350" timestamp="2019-08-02T22:43:12.184" />
<gc-end id="356" type="global" contextid="350" durationms="3.915" usertimems="8.000" systemtimems="0.000" timestamp="2019-08-02T22:43:12.185" activeThreads="8">
  <mem-info id="357" free="4142648" total="8388608" percent="49">
    <mem type="tenure" free="4142648" total="8388608" percent="49" micro-fragmented="8226" macro-fragmented="0">
      <mem type="soa" free="3975736" total="8221696" percent="48" />
      <mem type="loa" free="166912" total="166912" percent="100" />
    </mem>
  </mem-info>
</gc-end>
<cycle-end id="358" type="global" contextid="350" timestamp="2019-08-02T22:43:12.185" />
  <attribute name="elasticGC enabled" value="1" />
  <attribute name= "numThreadsSpecified" value="0" />
  <attribute name="heapSize specified" value="8388608" />
  <attribute name= "numCores" value="8" />
  <attribute name ="GC Interval" value="0" />
  <attribute name ="Control flow" value="3" />
  <attribute name="GC Util Range Max" value="95" />
  <attribute name="Current GC Util" value="25" />
  <attribute name= "Current Time Running" value="4709" />
<allocation-satisfied id="359" threadId="0000000000B66A00" bytesRequested="24" />
<af-end id="360" timestamp="2019-08-02T22:43:12.185" threadId="0000000000B67388" success="true" />
<exclusive-end id="361" timestamp="2019-08-02T22:43:12.185" durationms="4.943" />

<exclusive-start id="362" timestamp="2019-08-02T22:43:12.201" intervalms="20.047">
  <response-info timems="0.080" idlems="0.080" threads="0" lastid="0000000000B66A00" lastname="main" />
</exclusive-start>
<af-start id="363" threadId="0000000000B67388" totalBytesRequested="24" timestamp="2019-08-02T22:43:12.201" intervalms="20.063" />
<cycle-start id="364" type="global" contextid="0" timestamp="2019-08-02T22:43:12.201" intervalms="20.060" />
<gc-start id="365" type="global" contextid="364" timestamp="2019-08-02T22:43:12.201">
  <mem-info id="366" free="166912" total="8388608" percent="1">
    <mem type="tenure" free="166912" total="8388608" percent="1">
      <mem type="soa" free="0" total="8221696" percent="0" />
      <mem type="loa" free="166912" total="166912" percent="100" />
    </mem>
  </mem-info>
</gc-start>
<allocation-stats totalBytes="3983352" >
  <allocated-bytes non-tlh="0" tlh="3983352" />
  <largest-consumer threadName="main" threadId="0000000000B66A00" bytes="3983352" />
</allocation-stats>
<heap-resize id="367" type="loa contract" space="tenure" amount="83968" count="1" timems="0.000" reason="contract underutilized loa" timestamp="2019-08-02T22:43:12.201" />
<gc-op id="368" type="mark" timems="2.200" contextid="364" timestamp="2019-08-02T22:43:12.204">
  <trace-info objectcount="72695" scancount="60759" scanbytes="2082424" />
  <finalization candidates="80" enqueued="0" />
  <ownableSynchronizers candidates="21" cleared="0" />
  <references type="soft" candidates="1460" cleared="2" enqueued="2" dynamicThreshold="15" maxThreshold="32" />
  <references type="weak" candidates="4478" cleared="0" enqueued="0" />
  <references type="phantom" candidates="100" cleared="0" enqueued="0" />
  <stringconstants candidates="8664" cleared="0"  />
</gc-op>
<gc-op id="369" type="sweep" timems="0.222" contextid="364" timestamp="2019-08-02T22:43:12.204" />
<gc-end id="370" type="global" contextid="364" durationms="3.888" usertimems="8.000" systemtimems="0.000" timestamp="2019-08-02T22:43:12.205" activeThreads="8">
  <mem-info id="371" free="4142648" total="8388608" percent="49">
    <mem type="tenure" free="4142648" total="8388608" percent="49" micro-fragmented="8226" macro-fragmented="0">
      <mem type="soa" free="4059704" total="8305664" percent="48" />
      <mem type="loa" free="82944" total="82944" percent="100" />
    </mem>
    <pending-finalizers system="0" default="0" reference="2" classloader="0" />
  </mem-info>
</gc-end>
<cycle-end id="372" type="global" contextid="364" timestamp="2019-08-02T22:43:12.205" />
  <attribute name="elasticGC enabled" value="1" />
  <attribute name= "numThreadsSpecified" value="0" />
  <attribute name="heapSize specified" value="8388608" />
  <attribute name= "numCores" value="8" />
  <attribute name ="GC Interval" value="0" />
  <attribute name ="Control flow" value="3" />
  <attribute name="GC Util Range Max" value="95" />
  <attribute name="Current GC Util" value="32" />
  <attribute name= "Current Time Running" value="4729" />
<allocation-satisfied id="373" threadId="0000000000B66A00" bytesRequested="24" />
<af-end id="374" timestamp="2019-08-02T22:43:12.205" threadId="0000000000B67388" success="true" />
<exclusive-end id="375" timestamp="2019-08-02T22:43:12.206" durationms="4.979" />

<exclusive-start id="376" timestamp="2019-08-02T22:43:12.220" intervalms="19.105">
  <response-info timems="0.056" idlems="0.056" threads="0" lastid="0000000000B66A00" lastname="main" />
</exclusive-start>
<af-start id="377" threadId="0000000000B67388" totalBytesRequested="24" timestamp="2019-08-02T22:43:12.220" intervalms="19.044" />
<cycle-start id="378" type="global" contextid="0" timestamp="2019-08-02T22:43:12.220" intervalms="18.989" />
<gc-start id="379" type="global" contextid="378" timestamp="2019-08-02T22:43:12.220">
  <mem-info id="380" free="82944" total="8388608" percent="0">
    <mem type="tenure" free="82944" total="8388608" percent="0">
      <mem type="soa" free="0" total="8305664" percent="0" />
      <mem type="loa" free="82944" total="82944" percent="100" />
    </mem>
  </mem-info>
</gc-start>
<allocation-stats totalBytes="4067376" >
  <allocated-bytes non-tlh="65568" tlh="4001808" />
  <largest-consumer threadName="main" threadId="0000000000B66A00" bytes="4067376" />
</allocation-stats>
<gc-op id="381" type="mark" timems="2.321" contextid="378" timestamp="2019-08-02T22:43:12.223">
  <trace-info objectcount="72655" scancount="60720" scanbytes="2078540" />
  <finalization candidates="80" enqueued="0" />
  <ownableSynchronizers candidates="21" cleared="0" />
  <references type="soft" candidates="1458" cleared="11" enqueued="10" dynamicThreshold="15" maxThreshold="32" />
  <references type="weak" candidates="4478" cleared="0" enqueued="0" />
  <references type="phantom" candidates="100" cleared="0" enqueued="0" />
  <stringconstants candidates="8664" cleared="0"  />
</gc-op>
<gc-op id="382" type="sweep" timems="0.239" contextid="378" timestamp="2019-08-02T22:43:12.223" />
<mem-info id="383" free="4153704" total="8388608" percent="49">
  <mem type="tenure" free="4153704" total="8388608" percent="49" micro-fragmented="8226" macro-fragmented="0">
    <mem type="soa" free="4070760" total="8305664" percent="49" />
    <mem type="loa" free="82944" total="82944" percent="100" />
  </mem>
  <pending-finalizers system="0" default="0" reference="10" classloader="0" />
</mem-info>
<gc-op id="384" type="compact" timems="16.105" contextid="378" timestamp="2019-08-02T22:43:12.239">
  <compact-info movecount="56877" movebytes="3512064" reason="no compaction" />
</gc-op>
<gc-end id="385" type="global" contextid="378" durationms="19.668" usertimems="28.000" systemtimems="0.000" timestamp="2019-08-02T22:43:12.240" activeThreads="8">
  <mem-info id="386" free="4108848" total="8388608" percent="48">
    <mem type="tenure" free="4108848" total="8388608" percent="48">
      <mem type="soa" free="4025904" total="8305664" percent="48" />
      <mem type="loa" free="82944" total="82944" percent="100" />
    </mem>
    <pending-finalizers system="0" default="0" reference="10" classloader="0" />
  </mem-info>
</gc-end>
<cycle-end id="387" type="global" contextid="378" timestamp="2019-08-02T22:43:12.240" />
  <attribute name="elasticGC enabled" value="1" />
  <attribute name= "numThreadsSpecified" value="0" />
  <attribute name="heapSize specified" value="8388608" />
  <attribute name= "numCores" value="8" />
  <attribute name ="GC Interval" value="0" />
  <attribute name ="Control flow" value="2" />
  <attribute name="GC Util Range Max" value="95" />
  <attribute name="Current GC Util" value="26" />
  <attribute name= "Current Time Running" value="4764" />
<allocation-satisfied id="388" threadId="0000000000B66A00" bytesRequested="24" />
<af-end id="389" timestamp="2019-08-02T22:43:12.240" threadId="0000000000B67388" success="true" />
<exclusive-end id="390" timestamp="2019-08-02T22:43:12.240" durationms="20.701" />

<exclusive-start id="391" timestamp="2019-08-02T22:43:12.254" intervalms="34.572">
  <response-info timems="0.083" idlems="0.083" threads="0" lastid="0000000000B66A00" lastname="main" />
</exclusive-start>
<af-start id="392" threadId="0000000000B67388" totalBytesRequested="24" timestamp="2019-08-02T22:43:12.254" intervalms="34.636" />
<cycle-start id="393" type="global" contextid="0" timestamp="2019-08-02T22:43:12.255" intervalms="34.692" />
<gc-start id="394" type="global" contextid="393" timestamp="2019-08-02T22:43:12.255">
  <mem-info id="395" free="82944" total="8388608" percent="0">
    <mem type="tenure" free="82944" total="8388608" percent="0">
      <mem type="soa" free="0" total="8305664" percent="0" />
      <mem type="loa" free="82944" total="82944" percent="100" />
    </mem>
  </mem-info>
</gc-start>
<allocation-stats totalBytes="4091112" >
  <allocated-bytes non-tlh="0" tlh="4091112" />
  <largest-consumer threadName="main" threadId="0000000000B66A00" bytes="4091112" />
</allocation-stats>
<gc-op id="396" type="mark" timems="2.114" contextid="393" timestamp="2019-08-02T22:43:12.257">
  <trace-info objectcount="72630" scancount="60695" scanbytes="2077704" />
  <finalization candidates="80" enqueued="0" />
  <ownableSynchronizers candidates="21" cleared="0" />
  <references type="soft" candidates="1447" cleared="0" enqueued="0" dynamicThreshold="15" maxThreshold="32" />
  <references type="weak" candidates="4478" cleared="0" enqueued="0" />
  <references type="phantom" candidates="100" cleared="0" enqueued="0" />
  <stringconstants candidates="8664" cleared="0"  />
</gc-op>
<gc-op id="397" type="sweep" timems="0.244" contextid="393" timestamp="2019-08-02T22:43:12.257" />
<gc-end id="398" type="global" contextid="393" durationms="3.596" usertimems="8.000" systemtimems="0.000" timestamp="2019-08-02T22:43:12.258" activeThreads="8">
  <mem-info id="399" free="4108688" total="8388608" percent="48">
    <mem type="tenure" free="4108688" total="8388608" percent="48" micro-fragmented="0" macro-fragmented="0">
      <mem type="soa" free="4025744" total="8305664" percent="48" />
      <mem type="loa" free="82944" total="82944" percent="100" />
    </mem>
  </mem-info>
</gc-end>
<cycle-end id="400" type="global" contextid="393" timestamp="2019-08-02T22:43:12.258" />
  <attribute name="elasticGC enabled" value="1" />
  <attribute name= "numThreadsSpecified" value="0" />
  <attribute name="heapSize specified" value="8388608" />
  <attribute name= "numCores" value="8" />
  <attribute name ="GC Interval" value="0" />
  <attribute name ="Control flow" value="2" />
  <attribute name="GC Util Range Max" value="95" />
  <attribute name="Current GC Util" value="31" />
  <attribute name= "Current Time Running" value="4782" />
<allocation-satisfied id="401" threadId="0000000000B66A00" bytesRequested="24" />
<af-end id="402" timestamp="2019-08-02T22:43:12.259" threadId="0000000000B67388" success="true" />
<exclusive-end id="403" timestamp="2019-08-02T22:43:12.259" durationms="4.670" />

<exclusive-start id="404" timestamp="2019-08-02T22:43:12.273" intervalms="18.538">
  <response-info timems="0.071" idlems="0.071" threads="0" lastid="0000000000B66A00" lastname="main" />
</exclusive-start>
<af-start id="405" threadId="0000000000B67388" totalBytesRequested="24" timestamp="2019-08-02T22:43:12.273" intervalms="18.519" />
<cycle-start id="406" type="global" contextid="0" timestamp="2019-08-02T22:43:12.273" intervalms="18.502" />
<gc-start id="407" type="global" contextid="406" timestamp="2019-08-02T22:43:12.273">
  <mem-info id="408" free="82944" total="8388608" percent="0">
    <mem type="tenure" free="82944" total="8388608" percent="0">
      <mem type="soa" free="0" total="8305664" percent="0" />
      <mem type="loa" free="82944" total="82944" percent="100" />
    </mem>
  </mem-info>
</gc-start>
<allocation-stats totalBytes="4090992" >
  <allocated-bytes non-tlh="0" tlh="4090992" />
  <largest-consumer threadName="main" threadId="0000000000B66A00" bytes="4090992" />
</allocation-stats>
<gc-op id="409" type="mark" timems="2.112" contextid="406" timestamp="2019-08-02T22:43:12.276">
  <trace-info objectcount="72630" scancount="60693" scanbytes="2077704" />
  <finalization candidates="80" enqueued="0" />
  <ownableSynchronizers candidates="21" cleared="0" />
  <references type="soft" candidates="1447" cleared="0" enqueued="0" dynamicThreshold="15" maxThreshold="32" />
  <references type="weak" candidates="4478" cleared="0" enqueued="0" />
  <references type="phantom" candidates="100" cleared="0" enqueued="0" />
  <stringconstants candidates="8664" cleared="0"  />
</gc-op>
<gc-op id="410" type="sweep" timems="0.201" contextid="406" timestamp="2019-08-02T22:43:12.276" />
<gc-end id="411" type="global" contextid="406" durationms="3.575" usertimems="8.000" systemtimems="0.000" timestamp="2019-08-02T22:43:12.277" activeThreads="8">
  <mem-info id="412" free="4108648" total="8388608" percent="48">
    <mem type="tenure" free="4108648" total="8388608" percent="48" micro-fragmented="0" macro-fragmented="0">
      <mem type="soa" free="4025704" total="8305664" percent="48" />
      <mem type="loa" free="82944" total="82944" percent="100" />
    </mem>
  </mem-info>
</gc-end>
<cycle-end id="413" type="global" contextid="406" timestamp="2019-08-02T22:43:12.277" />
  <attribute name="elasticGC enabled" value="1" />
  <attribute name= "numThreadsSpecified" value="0" />
  <attribute name="heapSize specified" value="8388608" />
  <attribute name= "numCores" value="8" />
  <attribute name ="GC Interval" value="0" />
  <attribute name ="Control flow" value="3" />
  <attribute name="GC Util Range Max" value="95" />
  <attribute name="Current GC Util" value="25" />
  <attribute name= "Current Time Running" value="4801" />
<allocation-satisfied id="414" threadId="0000000000B66A00" bytesRequested="24" />
<af-end id="415" timestamp="2019-08-02T22:43:12.277" threadId="0000000000B67388" success="true" />
<exclusive-end id="416" timestamp="2019-08-02T22:43:12.277" durationms="4.570" />

<exclusive-start id="417" timestamp="2019-08-02T22:43:12.303" intervalms="30.453">
  <response-info timems="0.046" idlems="0.046" threads="0" lastid="0000000000B66A00" lastname="main" />
</exclusive-start>
<af-start id="418" threadId="0000000000B67388" totalBytesRequested="88" timestamp="2019-08-02T22:43:12.303" intervalms="30.399" />
<cycle-start id="419" type="global" contextid="0" timestamp="2019-08-02T22:43:12.303" intervalms="30.349" />
<gc-start id="420" type="global" contextid="419" timestamp="2019-08-02T22:43:12.304">
  <mem-info id="421" free="82944" total="8388608" percent="0">
    <mem type="tenure" free="82944" total="8388608" percent="0">
      <mem type="soa" free="0" total="8305664" percent="0" />
      <mem type="loa" free="82944" total="82944" percent="100" />
    </mem>
  </mem-info>
</gc-start>
<allocation-stats totalBytes="4090352" >
  <allocated-bytes non-tlh="11416" tlh="4078936" />
  <largest-consumer threadName="main" threadId="0000000000B66A00" bytes="4090352" />
</allocation-stats>
<gc-op id="422" type="mark" timems="2.365" contextid="419" timestamp="2019-08-02T22:43:12.306">
  <trace-info objectcount="73319" scancount="61120" scanbytes="2057280" />
  <finalization candidates="80" enqueued="0" />
  <ownableSynchronizers candidates="21" cleared="0" />
  <references type="soft" candidates="1447" cleared="0" enqueued="0" dynamicThreshold="15" maxThreshold="32" />
  <references type="weak" candidates="4500" cleared="17" enqueued="17" />
  <references type="phantom" candidates="100" cleared="2" enqueued="2" />
  <stringconstants candidates="8797" cleared="0"  />
</gc-op>
<gc-op id="423" type="sweep" timems="0.223" contextid="419" timestamp="2019-08-02T22:43:12.306" />
<mem-info id="424" free="4164216" total="8388608" percent="49">
  <mem type="tenure" free="4164216" total="8388608" percent="49" micro-fragmented="17980" macro-fragmented="0">
    <mem type="soa" free="4081272" total="8305664" percent="49" />
    <mem type="loa" free="82944" total="82944" percent="100" />
  </mem>
  <pending-finalizers system="0" default="0" reference="19" classloader="0" />
</mem-info>
<gc-op id="425" type="compact" timems="15.406" contextid="419" timestamp="2019-08-02T22:43:12.322">
  <compact-info movecount="59974" movebytes="3643736" reason="no compaction" />
</gc-op>
<gc-end id="426" type="global" contextid="419" durationms="18.794" usertimems="28.000" systemtimems="0.000" timestamp="2019-08-02T22:43:12.322" activeThreads="8">
  <mem-info id="427" free="4180928" total="8388608" percent="49">
    <mem type="tenure" free="4180928" total="8388608" percent="49">
      <mem type="soa" free="4097984" total="8305664" percent="49" />
      <mem type="loa" free="82944" total="82944" percent="100" />
    </mem>
    <pending-finalizers system="0" default="0" reference="19" classloader="0" />
  </mem-info>
</gc-end>
<cycle-end id="428" type="global" contextid="419" timestamp="2019-08-02T22:43:12.323" />
  <attribute name="elasticGC enabled" value="1" />
  <attribute name= "numThreadsSpecified" value="0" />
  <attribute name="heapSize specified" value="8388608" />
  <attribute name= "numCores" value="8" />
  <attribute name ="GC Interval" value="0" />
  <attribute name ="Control flow" value="3" />
  <attribute name="GC Util Range Max" value="95" />
  <attribute name="Current GC Util" value="27" />
  <attribute name= "Current Time Running" value="4847" />
<allocation-satisfied id="429" threadId="0000000000B66A00" bytesRequested="88" />
<af-end id="430" timestamp="2019-08-02T22:43:12.323" threadId="0000000000B67388" success="true" />
<exclusive-end id="431" timestamp="2019-08-02T22:43:12.323" durationms="19.743" />

</verbosegc>

